Java HotSpot(TM) 64-Bit Server VM (25.0-b70) for linux-amd64 JRE (1.8.0-b132), built on Mar  4 2014 03:07:25 by "java_re" with gcc 4.3.0 20080428 (Red Hat 4.3.0-8)
Memory: 4k page, physical 32865776k(30179912k free), swap 2047992k(2047992k free)
CommandLine flags: -XX:G1HeapRegionSize=16777216 -XX:InitialHeapSize=25769803776 -XX:InitiatingHeapOccupancyPercent=30 -XX:MaxHeapSize=25769803776 -XX:+PrintGC -XX:+PrintGCDateStamps -XX:+PrintGCTimeStamps -XX:ThreadStackSize=2048 -XX:+UseCompressedClassPointers -XX:+UseCompressedOops -XX:+UseG1GC 
2014-04-08T17:53:10.576+0900: 1.592: [Full GC (Metadata GC Threshold)  21M->7331K(24G), 0.2907692 secs]
2014-04-08T17:53:16.225+0900: 7.240: [Full GC (Metadata GC Threshold)  111M->17M(24G), 0.3393124 secs]
2014-04-08T17:53:22.066+0900: 13.082: [GC pause (G1 Evacuation Pause) (young) 1233M->276M(24G), 0.2745536 secs]
2014-04-08T17:53:24.126+0900: 15.142: [GC pause (G1 Evacuation Pause) (young) 1332M->497M(24G), 0.2204999 secs]
2014-04-08T17:53:25.379+0900: 16.394: [GC pause (G1 Evacuation Pause) (young) 1553M->697M(24G), 0.1169260 secs]
2014-04-08T17:53:26.445+0900: 17.461: [GC pause (G1 Evacuation Pause) (young) 1753M->905M(24G), 0.0956847 secs]
2014-04-08T17:53:27.472+0900: 18.488: [GC pause (G1 Evacuation Pause) (young) 1961M->1153M(24G), 0.1505453 secs]
2014-04-08T17:53:28.534+0900: 19.550: [GC pause (G1 Evacuation Pause) (young) 2209M->1385M(24G), 0.1192323 secs]
2014-04-08T17:53:29.575+0900: 20.591: [GC pause (G1 Evacuation Pause) (young) 2441M->1665M(24G), 0.1194929 secs]
2014-04-08T17:53:30.603+0900: 21.619: [GC pause (G1 Evacuation Pause) (young) 2721M->1905M(24G), 0.1148588 secs]
2014-04-08T17:53:31.636+0900: 22.652: [GC pause (G1 Evacuation Pause) (young) 2961M->2129M(24G), 0.1753138 secs]
2014-04-08T17:53:32.701+0900: 23.717: [GC pause (G1 Evacuation Pause) (young) 3185M->2369M(24G), 0.1593389 secs]
2014-04-08T17:53:33.779+0900: 24.794: [GC pause (G1 Evacuation Pause) (young) 3425M->2617M(24G), 0.1179488 secs]
2014-04-08T17:53:34.796+0900: 25.812: [GC pause (G1 Evacuation Pause) (young) 3673M->2873M(24G), 0.1190199 secs]
2014-04-08T17:53:35.803+0900: 26.819: [GC pause (G1 Evacuation Pause) (young) 3929M->3121M(24G), 0.1209963 secs]
2014-04-08T17:53:36.815+0900: 27.831: [GC pause (G1 Evacuation Pause) (young) 4177M->3369M(24G), 0.1150037 secs]
2014-04-08T17:53:37.791+0900: 28.807: [GC pause (G1 Evacuation Pause) (young) 4425M->3625M(24G), 0.1195208 secs]
2014-04-08T17:53:38.804+0900: 29.820: [GC pause (G1 Evacuation Pause) (young) 4681M->3865M(24G), 0.1196212 secs]
2014-04-08T17:53:39.833+0900: 30.849: [GC pause (G1 Evacuation Pause) (young) 4953M->4137M(24G), 0.1242350 secs]
2014-04-08T17:53:41.331+0900: 32.347: [GC pause (G1 Evacuation Pause) (young) 5721M->4449M(24G), 0.2422163 secs]
2014-04-08T17:53:42.407+0900: 33.423: [GC pause (G1 Evacuation Pause) (young) 5441M->4705M(24G), 0.1363894 secs]
2014-04-08T17:53:43.829+0900: 34.845: [GC pause (G1 Evacuation Pause) (young) 6177M->4969M(24G), 0.1475880 secs]
2014-04-08T17:53:44.974+0900: 35.990: [GC pause (G1 Evacuation Pause) (young) 6153M->5225M(24G), 0.1328035 secs]
2014-04-08T17:53:46.761+0900: 37.777: [GC pause (G1 Evacuation Pause) (young) 7161M->5569M(24G), 0.1949292 secs]
2014-04-08T17:53:47.951+0900: 38.967: [GC pause (G1 Evacuation Pause) (young) 6753M->5833M(24G), 0.1607596 secs]
2014-04-08T17:53:49.806+0900: 40.822: [GC pause (G1 Evacuation Pause) (young) 7817M->6201M(24G), 0.1978265 secs]
2014-04-08T17:53:51.200+0900: 42.216: [GC pause (G1 Evacuation Pause) (young) 7641M->6497M(24G), 0.1780551 secs]
2014-04-08T17:53:53.105+0900: 44.121: [GC pause (G1 Evacuation Pause) (young) 8513M->6897M(24G), 0.2253893 secs]
2014-04-08T17:53:54.524+0900: 45.539: [GC pause (G1 Evacuation Pause) (young) 8273M->7161M(24G), 0.1740570 secs]
2014-04-08T17:53:56.512+0900: 47.528: [GC pause (G1 Evacuation Pause) (young) 9241M->7561M(24G), 0.2214239 secs]
2014-04-08T17:53:58.018+0900: 49.034: [GC pause (G1 Evacuation Pause) (young) 9049M->7897M(24G), 0.3697461 secs]
2014-04-08T17:53:59.317+0900: 50.332: [GC pause (G1 Evacuation Pause) (young) (initial-mark) 8921M->8137M(24G), 0.1615672 secs]
2014-04-08T17:53:59.478+0900: 50.494: [GC concurrent-root-region-scan-start]
2014-04-08T17:53:59.515+0900: 50.531: [GC concurrent-root-region-scan-end, 0.0366729 secs]
2014-04-08T17:53:59.515+0900: 50.531: [GC concurrent-mark-start]
2014-04-08T17:54:00.640+0900: 51.656: [GC concurrent-mark-end, 1.1251542 secs]
2014-04-08T17:54:00.642+0900: 51.657: [GC remark, 0.0826698 secs]
2014-04-08T17:54:00.726+0900: 51.742: [GC cleanup 9093M->9061M(24G), 0.0168007 secs]
2014-04-08T17:54:00.743+0900: 51.759: [GC concurrent-cleanup-start]
2014-04-08T17:54:00.743+0900: 51.759: [GC concurrent-cleanup-end, 0.0000922 secs]
2014-04-08T17:54:00.918+0900: 51.934: [GC pause (G1 Evacuation Pause) (young) 9257M->8345M(24G), 0.1267106 secs]
2014-04-08T17:54:01.884+0900: 52.900: [GC pause (G1 Evacuation Pause) (mixed) 9385M->7840M(24G), 0.1389805 secs]
2014-04-08T17:54:02.890+0900: 53.906: [GC pause (G1 Evacuation Pause) (mixed) 8896M->7368M(24G), 0.1480507 secs]
2014-04-08T17:54:05.452+0900: 56.468: [GC pause (G1 Evacuation Pause) (young) 10168M->7848M(24G), 0.2529217 secs]
2014-04-08T17:54:07.038+0900: 58.053: [GC pause (G1 Evacuation Pause) (young) (initial-mark) 9352M->8192M(24G), 0.1719805 secs]
2014-04-08T17:54:07.210+0900: 58.226: [GC concurrent-root-region-scan-start]
2014-04-08T17:54:07.268+0900: 58.283: [GC concurrent-root-region-scan-end, 0.0579015 secs]
2014-04-08T17:54:07.268+0900: 58.284: [GC concurrent-mark-start]
2014-04-08T17:54:08.335+0900: 59.351: [GC concurrent-mark-end, 1.0677018 secs]
2014-04-08T17:54:08.337+0900: 59.353: [GC remark, 0.0753579 secs]
2014-04-08T17:54:08.414+0900: 59.430: [GC cleanup 9228M->9228M(24G), 0.0188183 secs]
2014-04-08T17:54:09.126+0900: 60.142: [GC pause (G1 Evacuation Pause) (young) 10032M->8536M(24G), 0.1930098 secs]
2014-04-08T17:54:10.113+0900: 61.129: [GC pause (G1 Evacuation Pause) (mixed) 9480M->8200M(24G), 0.1638518 secs]
2014-04-08T17:54:11.180+0900: 62.196: [GC pause (G1 Evacuation Pause) (mixed) 9256M->8248M(24G), 0.1610820 secs]
2014-04-08T17:54:13.290+0900: 64.306: [GC pause (G1 Evacuation Pause) (young) 10G->8680M(24G), 0.2198746 secs]
2014-04-08T17:54:14.772+0900: 65.788: [GC pause (G1 Evacuation Pause) (young) (initial-mark) 10168M->8984M(24G), 0.1910714 secs]
2014-04-08T17:54:14.963+0900: 65.979: [GC concurrent-root-region-scan-start]
2014-04-08T17:54:15.032+0900: 66.048: [GC concurrent-root-region-scan-end, 0.0688136 secs]
2014-04-08T17:54:15.032+0900: 66.048: [GC concurrent-mark-start]
2014-04-08T17:54:16.399+0900: 67.415: [GC concurrent-mark-end, 1.3668238 secs]
2014-04-08T17:54:16.401+0900: 67.416: [GC remark, 0.0356150 secs]
2014-04-08T17:54:16.438+0900: 67.454: [GC cleanup 10227M->10227M(24G), 0.0202525 secs]
2014-04-08T17:54:17.321+0900: 68.337: [GC pause (G1 Evacuation Pause) (young) 10G->9400M(24G), 0.2676605 secs]
2014-04-08T17:54:18.370+0900: 69.385: [GC pause (G1 Evacuation Pause) (mixed) 10G->9032M(24G), 0.1817538 secs]
2014-04-08T17:54:19.489+0900: 70.505: [GC pause (G1 Evacuation Pause) (mixed) 10088M->9072M(24G), 0.1524332 secs]
2014-04-08T17:54:21.837+0900: 72.852: [GC pause (G1 Evacuation Pause) (young) 11G->9592M(24G), 0.2428713 secs]
2014-04-08T17:54:23.102+0900: 74.118: [GC pause (G1 Evacuation Pause) (young) (initial-mark) 10G->9864M(24G), 0.1692412 secs]
2014-04-08T17:54:23.271+0900: 74.287: [GC concurrent-root-region-scan-start]
2014-04-08T17:54:23.329+0900: 74.345: [GC concurrent-root-region-scan-end, 0.0578308 secs]
2014-04-08T17:54:23.329+0900: 74.345: [GC concurrent-mark-start]
2014-04-08T17:54:25.007+0900: 76.023: [GC concurrent-mark-end, 1.6781277 secs]
2014-04-08T17:54:25.009+0900: 76.025: [GC remark, 0.0749263 secs]
2014-04-08T17:54:25.086+0900: 76.102: [GC cleanup 11G->11G(24G), 0.0207997 secs]
2014-04-08T17:54:25.107+0900: 76.123: [GC concurrent-cleanup-start]
2014-04-08T17:54:25.107+0900: 76.123: [GC concurrent-cleanup-end, 0.0000978 secs]
2014-04-08T17:54:25.690+0900: 76.705: [GC pause (G1 Evacuation Pause) (young) 11G->10176M(24G), 0.2079696 secs]
2014-04-08T17:54:26.697+0900: 77.713: [GC pause (G1 Evacuation Pause) (mixed) 10G->9720M(24G), 0.1735109 secs]
2014-04-08T17:54:27.773+0900: 78.789: [GC pause (G1 Evacuation Pause) (mixed) 10G->9904M(24G), 0.1209811 secs]
2014-04-08T17:54:30.307+0900: 81.323: [GC pause (G1 Evacuation Pause) (young) 12G->10G(24G), 0.2752638 secs]
2014-04-08T17:54:31.552+0900: 82.568: [GC pause (G1 Evacuation Pause) (young) (initial-mark) 11G->10G(24G), 0.1881876 secs]
2014-04-08T17:54:31.740+0900: 82.756: [GC concurrent-root-region-scan-start]
2014-04-08T17:54:31.790+0900: 82.806: [GC concurrent-root-region-scan-end, 0.0497740 secs]
2014-04-08T17:54:31.790+0900: 82.806: [GC concurrent-mark-start]
2014-04-08T17:54:33.440+0900: 84.456: [GC concurrent-mark-end, 1.6503122 secs]
2014-04-08T17:54:33.442+0900: 84.457: [GC remark, 0.0781318 secs]
2014-04-08T17:54:33.521+0900: 84.537: [GC cleanup 11G->11G(24G), 0.0226393 secs]
2014-04-08T17:54:33.544+0900: 84.560: [GC concurrent-cleanup-start]
2014-04-08T17:54:33.544+0900: 84.560: [GC concurrent-cleanup-end, 0.0000550 secs]
2014-04-08T17:54:34.494+0900: 85.510: [GC pause (G1 Evacuation Pause) (young) 12G->10G(24G), 0.3387803 secs]
2014-04-08T17:54:35.668+0900: 86.684: [GC pause (G1 Evacuation Pause) (mixed) 11G->10G(24G), 0.3253612 secs]
2014-04-08T17:54:36.936+0900: 87.952: [GC pause (G1 Evacuation Pause) (mixed) 11G->10G(24G), 0.2057137 secs]
2014-04-08T17:54:38.319+0900: 89.334: [GC pause (G1 Evacuation Pause) (young) 12G->11G(24G), 0.1641640 secs]
2014-04-08T17:54:39.594+0900: 90.610: [GC pause (G1 Evacuation Pause) (young) (initial-mark) 12G->11G(24G), 0.1515984 secs]
2014-04-08T17:54:39.746+0900: 90.762: [GC concurrent-root-region-scan-start]
2014-04-08T17:54:39.814+0900: 90.830: [GC concurrent-root-region-scan-end, 0.0679094 secs]
2014-04-08T17:54:39.814+0900: 90.830: [GC concurrent-mark-start]
2014-04-08T17:54:41.665+0900: 92.681: [GC concurrent-mark-end, 1.8517260 secs]
2014-04-08T17:54:41.667+0900: 92.683: [GC remark, 0.0780730 secs]
2014-04-08T17:54:41.747+0900: 92.763: [GC cleanup 12G->12G(24G), 0.0283040 secs]
2014-04-08T17:54:41.775+0900: 92.791: [GC concurrent-cleanup-start]
2014-04-08T17:54:41.775+0900: 92.791: [GC concurrent-cleanup-end, 0.0000888 secs]
2014-04-08T17:54:41.890+0900: 92.906: [GC pause (G1 Evacuation Pause) (young) 13G->11G(24G), 0.1852069 secs]
2014-04-08T17:54:42.898+0900: 93.913: [GC pause (G1 Evacuation Pause) (mixed) 12G->11G(24G), 0.1633856 secs]
2014-04-08T17:54:43.973+0900: 94.989: [GC pause (G1 Evacuation Pause) (mixed) 12G->11G(24G), 0.1447733 secs]
2014-04-08T17:54:46.674+0900: 97.690: [GC pause (G1 Evacuation Pause) (young) 14G->11G(24G), 0.3149608 secs]
2014-04-08T17:54:47.927+0900: 98.943: [GC pause (G1 Evacuation Pause) (young) (initial-mark) 12G->12G(24G), 0.1636169 secs]
2014-04-08T17:54:48.091+0900: 99.107: [GC concurrent-root-region-scan-start]
2014-04-08T17:54:48.141+0900: 99.156: [GC concurrent-root-region-scan-end, 0.0497232 secs]
2014-04-08T17:54:48.141+0900: 99.156: [GC concurrent-mark-start]
2014-04-08T17:54:50.520+0900: 101.536: [GC concurrent-mark-end, 2.3791424 secs]
2014-04-08T17:54:50.521+0900: 101.537: [GC remark, 0.0773548 secs]
2014-04-08T17:54:50.600+0900: 101.616: [GC cleanup 14G->14G(24G), 0.0317145 secs]
2014-04-08T17:54:50.638+0900: 101.654: [GC concurrent-cleanup-start]
2014-04-08T17:54:50.638+0900: 101.654: [GC concurrent-cleanup-end, 0.0000883 secs]
2014-04-08T17:54:50.807+0900: 101.822: [GC pause (G1 Evacuation Pause) (young) 14G->12G(24G), 0.2192615 secs]
2014-04-08T17:54:51.890+0900: 102.906: [GC pause (G1 Evacuation Pause) (mixed) 13G->12G(24G), 0.1475531 secs]
2014-04-08T17:54:53.075+0900: 104.091: [GC pause (G1 Evacuation Pause) (mixed) 13G->12G(24G), 0.0837161 secs]
2014-04-08T17:55:22.249+0900: 133.265: [GC pause (G1 Humongous Allocation) (young) (initial-mark) 16G->12G(24G), 0.1238161 secs]
2014-04-08T17:55:22.373+0900: 133.389: [GC concurrent-root-region-scan-start]
2014-04-08T17:55:22.423+0900: 133.439: [GC concurrent-root-region-scan-end, 0.0505380 secs]
2014-04-08T17:55:22.423+0900: 133.439: [GC concurrent-mark-start]
2014-04-08T17:55:24.296+0900: 135.311: [GC pause (G1 Evacuation Pause) (young) 15G->13G(24G), 0.2810926 secs]
2014-04-08T17:55:24.973+0900: 135.989: [GC concurrent-mark-end, 2.5495819 secs]
2014-04-08T17:55:24.975+0900: 135.991: [GC remark, 0.0482591 secs]
2014-04-08T17:55:25.025+0900: 136.041: [GC cleanup 14G->14G(24G), 0.0327531 secs]
2014-04-08T17:55:25.058+0900: 136.074: [GC concurrent-cleanup-start]
2014-04-08T17:55:25.058+0900: 136.074: [GC concurrent-cleanup-end, 0.0000659 secs]
2014-04-08T17:55:25.786+0900: 136.802: [GC pause (G1 Evacuation Pause) (young) 15G->14G(24G), 0.1994043 secs]
2014-04-08T17:55:27.005+0900: 138.021: [GC pause (G1 Evacuation Pause) (mixed) 15G->14G(24G), 0.1711026 secs]
2014-04-08T17:55:28.765+0900: 139.781: [GC pause (G1 Evacuation Pause) (mixed) 15G->14G(24G), 0.1874822 secs]
2014-04-08T17:55:31.128+0900: 142.144: [GC pause (G1 Evacuation Pause) (mixed) 15G->14G(24G), 0.1174195 secs]
2014-04-08T17:55:52.143+0900: 163.159: [GC pause (G1 Humongous Allocation) (young) (initial-mark) 16G->14G(24G), 0.0791452 secs]
2014-04-08T17:55:52.222+0900: 163.238: [GC concurrent-root-region-scan-start]
2014-04-08T17:55:52.235+0900: 163.251: [GC concurrent-root-region-scan-end, 0.0127805 secs]
2014-04-08T17:55:52.235+0900: 163.251: [GC concurrent-mark-start]
2014-04-08T17:55:53.936+0900: 164.952: [GC concurrent-mark-end, 1.7009219 secs]
2014-04-08T17:55:53.937+0900: 164.953: [GC remark, 0.0284717 secs]
2014-04-08T17:55:53.968+0900: 164.983: [GC cleanup 17G->15G(24G), 0.0261082 secs]
2014-04-08T17:55:53.994+0900: 165.010: [GC concurrent-cleanup-start]
2014-04-08T17:55:53.996+0900: 165.012: [GC concurrent-cleanup-end, 0.0019849 secs]
2014-04-08T17:55:56.181+0900: 167.197: [GC pause (G1 Evacuation Pause) (young) 17G->14G(24G), 0.2239946 secs]
2014-04-08T17:55:57.065+0900: 168.081: [GC pause (G1 Evacuation Pause) (mixed) 15G->13G(24G), 0.2668706 secs]
2014-04-08T17:55:58.534+0900: 169.550: [GC pause (G1 Evacuation Pause) (mixed) 15G->13G(24G), 0.1829967 secs]
2014-04-08T17:55:59.950+0900: 170.965: [GC pause (G1 Evacuation Pause) (mixed) 15G->14G(24G), 0.1864358 secs]
2014-04-08T17:56:00.310+0900: 171.326: [GC pause (G1 Humongous Allocation) (young) (initial-mark) 14G->14G(24G), 0.0857571 secs]
2014-04-08T17:56:00.396+0900: 171.412: [GC concurrent-root-region-scan-start]
2014-04-08T17:56:00.403+0900: 171.418: [GC concurrent-root-region-scan-end, 0.0062480 secs]
2014-04-08T17:56:00.403+0900: 171.418: [GC concurrent-mark-start]
2014-04-08T17:56:01.887+0900: 172.903: [GC pause (G1 Evacuation Pause) (young) 16G->14G(24G), 0.0865483 secs]
2014-04-08T17:56:02.125+0900: 173.140: [GC concurrent-mark-end, 1.7219156 secs]
2014-04-08T17:56:02.126+0900: 173.142: [GC remark, 0.0296607 secs]
2014-04-08T17:56:02.157+0900: 173.173: [GC cleanup 14G->12G(24G), 0.0247243 secs]
2014-04-08T17:56:02.182+0900: 173.198: [GC concurrent-cleanup-start]
2014-04-08T17:56:02.185+0900: 173.200: [GC concurrent-cleanup-end, 0.0021267 secs]
2014-04-08T17:56:23.405+0900: 194.421: [GC pause (G1 Evacuation Pause) (young) 15G->12G(24G), 0.1047440 secs]
2014-04-08T17:56:24.880+0900: 195.896: [GC pause (G1 Evacuation Pause) (mixed) 14G->13G(24G), 0.1400557 secs]
2014-04-08T17:56:25.044+0900: 196.060: [GC pause (G1 Humongous Allocation) (young) (initial-mark) 13G->13G(24G), 0.0854154 secs]
2014-04-08T17:56:25.130+0900: 196.146: [GC concurrent-root-region-scan-start]
2014-04-08T17:56:25.141+0900: 196.157: [GC concurrent-root-region-scan-end, 0.0108056 secs]
2014-04-08T17:56:25.141+0900: 196.157: [GC concurrent-mark-start]
2014-04-08T17:56:26.645+0900: 197.661: [GC concurrent-mark-end, 1.5040648 secs]
2014-04-08T17:56:26.646+0900: 197.662: [GC remark, 0.0282294 secs]
2014-04-08T17:56:26.676+0900: 197.692: [GC cleanup 14G->13G(24G), 0.0258226 secs]
2014-04-08T17:56:26.702+0900: 197.718: [GC concurrent-cleanup-start]
2014-04-08T17:56:26.704+0900: 197.719: [GC concurrent-cleanup-end, 0.0012536 secs]
2014-04-08T17:56:27.732+0900: 198.748: [GC pause (G1 Evacuation Pause) (young) 15G->13G(24G), 0.1524057 secs]
2014-04-08T17:56:28.477+0900: 199.493: [GC pause (G1 Evacuation Pause) (mixed) 14G->13G(24G), 0.2257622 secs]
2014-04-08T17:56:29.386+0900: 200.402: [GC pause (G1 Evacuation Pause) (mixed) 14G->13G(24G), 0.1900088 secs]
2014-04-08T17:56:30.714+0900: 201.730: [GC pause (G1 Evacuation Pause) (mixed) 14G->13G(24G), 0.2345193 secs]
2014-04-08T17:56:31.040+0900: 202.056: [GC pause (G1 Humongous Allocation) (young) (initial-mark) 13G->13G(24G), 0.1752812 secs]
2014-04-08T17:56:31.215+0900: 202.231: [GC concurrent-root-region-scan-start]
2014-04-08T17:56:31.218+0900: 202.234: [GC concurrent-root-region-scan-end, 0.0029182 secs]
2014-04-08T17:56:31.218+0900: 202.234: [GC concurrent-mark-start]
2014-04-08T17:56:32.683+0900: 203.699: [GC concurrent-mark-end, 1.4648857 secs]
2014-04-08T17:56:32.684+0900: 203.700: [GC remark, 0.0287836 secs]
2014-04-08T17:56:32.715+0900: 203.731: [GC cleanup 14G->12G(24G), 0.0260537 secs]
2014-04-08T17:56:32.741+0900: 203.757: [GC concurrent-cleanup-start]
2014-04-08T17:56:32.743+0900: 203.759: [GC concurrent-cleanup-end, 0.0019234 secs]
2014-04-08T17:56:33.006+0900: 204.022: [GC pause (G1 Evacuation Pause) (young) 13G->12G(24G), 0.0803665 secs]
2014-04-08T17:56:35.535+0900: 206.551: [GC pause (G1 Evacuation Pause) (mixed) 13G->12G(24G), 0.2130663 secs]
2014-04-08T17:56:53.003+0900: 224.019: [GC pause (G1 Evacuation Pause) (young) 13G->12G(24G), 0.1059363 secs]
2014-04-08T17:56:53.667+0900: 224.683: [GC pause (G1 Humongous Allocation) (young) (initial-mark) 13G->12G(24G), 0.0869706 secs]
2014-04-08T17:56:53.754+0900: 224.770: [GC concurrent-root-region-scan-start]
2014-04-08T17:56:53.758+0900: 224.774: [GC concurrent-root-region-scan-end, 0.0040100 secs]
2014-04-08T17:56:53.758+0900: 224.774: [GC concurrent-mark-start]
2014-04-08T17:56:55.106+0900: 226.122: [GC concurrent-mark-end, 1.3475763 secs]
2014-04-08T17:56:55.111+0900: 226.127: [GC remark, 0.0260232 secs]
2014-04-08T17:56:55.139+0900: 226.155: [GC cleanup 14G->13G(24G), 0.0313263 secs]
2014-04-08T17:56:55.171+0900: 226.187: [GC concurrent-cleanup-start]
2014-04-08T17:56:55.172+0900: 226.187: [GC concurrent-cleanup-end, 0.0008816 secs]
2014-04-08T17:56:57.076+0900: 228.092: [GC pause (G1 Evacuation Pause) (young) 16G->13G(24G), 0.1412284 secs]
2014-04-08T17:56:58.033+0900: 229.049: [GC pause (G1 Evacuation Pause) (mixed) 14G->13G(24G), 0.2279799 secs]
2014-04-08T17:56:59.380+0900: 230.395: [GC pause (G1 Evacuation Pause) (mixed) 14G->13G(24G), 0.1982680 secs]
2014-04-08T17:57:00.382+0900: 231.398: [GC pause (G1 Evacuation Pause) (mixed) 14G->13G(24G), 0.2214400 secs]
2014-04-08T17:57:01.430+0900: 232.446: [GC pause (G1 Evacuation Pause) (mixed) 14G->14G(24G), 0.0894275 secs]
2014-04-08T17:57:01.596+0900: 232.612: [GC pause (G1 Humongous Allocation) (young) (initial-mark) 14G->14G(24G), 0.0889778 secs]
2014-04-08T17:57:01.685+0900: 232.701: [GC concurrent-root-region-scan-start]
2014-04-08T17:57:01.690+0900: 232.705: [GC concurrent-root-region-scan-end, 0.0048703 secs]
2014-04-08T17:57:01.690+0900: 232.705: [GC concurrent-mark-start]
2014-04-08T17:57:02.879+0900: 233.894: [GC pause (G1 Evacuation Pause) (young) 15G->14G(24G), 0.0662039 secs]
2014-04-08T17:57:03.223+0900: 234.238: [GC concurrent-mark-end, 1.5329104 secs]
2014-04-08T17:57:03.224+0900: 234.239: [GC remark, 0.0278225 secs]
2014-04-08T17:57:03.253+0900: 234.269: [GC cleanup 15G->12G(24G), 0.0256259 secs]
2014-04-08T17:57:03.279+0900: 234.295: [GC concurrent-cleanup-start]
2014-04-08T17:57:03.281+0900: 234.297: [GC concurrent-cleanup-end, 0.0021643 secs]
2014-04-08T17:57:05.466+0900: 236.481: [GC pause (G1 Evacuation Pause) (young) 14G->13G(24G), 0.1275713 secs]
2014-04-08T17:57:23.273+0900: 254.289: [GC pause (G1 Evacuation Pause) (mixed) 13G->12G(24G), 0.1636582 secs]
2014-04-08T17:57:24.370+0900: 255.385: [GC pause (G1 Humongous Allocation) (young) (initial-mark) 14G->12G(24G), 0.0470155 secs]
2014-04-08T17:57:24.417+0900: 255.433: [GC concurrent-root-region-scan-start]
2014-04-08T17:57:24.421+0900: 255.437: [GC concurrent-root-region-scan-end, 0.0047513 secs]
2014-04-08T17:57:24.421+0900: 255.437: [GC concurrent-mark-start]
2014-04-08T17:57:25.876+0900: 256.892: [GC concurrent-mark-end, 1.4544520 secs]
2014-04-08T17:57:25.877+0900: 256.893: [GC remark, 0.0263306 secs]
2014-04-08T17:57:25.904+0900: 256.920: [GC cleanup 15G->14G(24G), 0.0290185 secs]
2014-04-08T17:57:25.934+0900: 256.950: [GC concurrent-cleanup-start]
2014-04-08T17:57:25.935+0900: 256.950: [GC concurrent-cleanup-end, 0.0009066 secs]
2014-04-08T17:57:26.602+0900: 257.618: [GC pause (G1 Evacuation Pause) (young) 14G->13G(24G), 0.1238542 secs]
2014-04-08T17:57:27.685+0900: 258.701: [GC pause (G1 Evacuation Pause) (mixed) 14G->13G(24G), 0.2044122 secs]
2014-04-08T17:57:29.089+0900: 260.104: [GC pause (G1 Evacuation Pause) (mixed) 14G->13G(24G), 0.2049228 secs]
2014-04-08T17:57:30.293+0900: 261.309: [GC pause (G1 Evacuation Pause) (mixed) 14G->13G(24G), 0.2137104 secs]
2014-04-08T17:57:32.220+0900: 263.236: [GC pause (G1 Evacuation Pause) (mixed) 14G->13G(24G), 0.1312400 secs]
2014-04-08T17:57:32.372+0900: 263.388: [GC pause (G1 Humongous Allocation) (young) (initial-mark) 13G->13G(24G), 0.0928563 secs]
2014-04-08T17:57:32.465+0900: 263.481: [GC concurrent-root-region-scan-start]
2014-04-08T17:57:32.466+0900: 263.482: [GC concurrent-root-region-scan-end, 0.0016148 secs]
2014-04-08T17:57:32.466+0900: 263.482: [GC concurrent-mark-start]
2014-04-08T17:57:33.875+0900: 264.891: [GC concurrent-mark-end, 1.4082124 secs]
2014-04-08T17:57:33.876+0900: 264.892: [GC remark, 0.0253117 secs]
2014-04-08T17:57:33.903+0900: 264.919: [GC cleanup 15G->12G(24G), 0.0238232 secs]
2014-04-08T17:57:33.927+0900: 264.943: [GC concurrent-cleanup-start]
2014-04-08T17:57:33.929+0900: 264.945: [GC concurrent-cleanup-end, 0.0020868 secs]
2014-04-08T17:57:34.176+0900: 265.192: [GC pause (G1 Evacuation Pause) (young) 12G->11G(24G), 0.0688488 secs]
2014-04-08T17:57:35.500+0900: 266.516: [GC pause (G1 Evacuation Pause) (mixed) 13G->12G(24G), 0.1482685 secs]
2014-04-08T17:57:35.667+0900: 266.683: [GC pause (G1 Humongous Allocation) (young) (initial-mark) 12G->12G(24G), 0.1043581 secs]
2014-04-08T17:57:35.772+0900: 266.788: [GC concurrent-root-region-scan-start]
2014-04-08T17:57:35.772+0900: 266.788: [GC concurrent-root-region-scan-end, 0.0001938 secs]
2014-04-08T17:57:35.772+0900: 266.788: [GC concurrent-mark-start]
2014-04-08T17:57:37.286+0900: 268.302: [GC concurrent-mark-end, 1.5145409 secs]
2014-04-08T17:57:37.288+0900: 268.303: [GC remark, 0.0258795 secs]
2014-04-08T17:57:37.315+0900: 268.331: [GC cleanup 13G->12G(24G), 0.0218641 secs]
2014-04-08T17:57:37.337+0900: 268.353: [GC concurrent-cleanup-start]
2014-04-08T17:57:37.338+0900: 268.354: [GC concurrent-cleanup-end, 0.0009195 secs]
2014-04-08T17:57:37.933+0900: 268.949: [GC pause (G1 Evacuation Pause) (young) 12G->12G(24G), 0.0623159 secs]
2014-04-08T17:57:39.459+0900: 270.475: [GC pause (G1 Evacuation Pause) (mixed) 13G->12G(24G), 0.1104535 secs]
2014-04-08T17:57:39.673+0900: 270.689: [GC pause (G1 Humongous Allocation) (young) (initial-mark) 12G->12G(24G), 0.0855633 secs]
2014-04-08T17:57:39.759+0900: 270.775: [GC concurrent-root-region-scan-start]
2014-04-08T17:57:39.761+0900: 270.777: [GC concurrent-root-region-scan-end, 0.0019098 secs]
2014-04-08T17:57:39.761+0900: 270.777: [GC concurrent-mark-start]
2014-04-08T17:57:41.373+0900: 272.389: [GC concurrent-mark-end, 1.6119123 secs]
2014-04-08T17:57:41.374+0900: 272.390: [GC remark, 0.0274187 secs]
2014-04-08T17:57:41.402+0900: 272.418: [GC cleanup 14G->13G(24G), 0.0230281 secs]
2014-04-08T17:57:41.426+0900: 272.442: [GC concurrent-cleanup-start]
2014-04-08T17:57:41.427+0900: 272.443: [GC concurrent-cleanup-end, 0.0009271 secs]
2014-04-08T17:57:56.963+0900: 287.979: [GC pause (G1 Evacuation Pause) (young) 14G->12G(24G), 0.0462787 secs]
2014-04-08T17:57:58.551+0900: 289.567: [GC pause (G1 Evacuation Pause) (mixed) 13G->12G(24G), 0.1122541 secs]
2014-04-08T17:57:58.671+0900: 289.687: [GC pause (G1 Humongous Allocation) (young) (initial-mark) 12G->12G(24G), 0.0755794 secs]
2014-04-08T17:57:58.747+0900: 289.763: [GC concurrent-root-region-scan-start]
2014-04-08T17:57:58.762+0900: 289.777: [GC concurrent-root-region-scan-end, 0.0144715 secs]
2014-04-08T17:57:58.762+0900: 289.777: [GC concurrent-mark-start]
2014-04-08T17:57:59.980+0900: 290.996: [GC concurrent-mark-end, 1.2181855 secs]
2014-04-08T17:57:59.981+0900: 290.997: [GC remark, 0.0222920 secs]
2014-04-08T17:58:00.004+0900: 291.020: [GC cleanup 13G->12G(24G), 0.0239350 secs]
2014-04-08T17:58:00.029+0900: 291.045: [GC concurrent-cleanup-start]
2014-04-08T17:58:00.030+0900: 291.045: [GC concurrent-cleanup-end, 0.0006123 secs]
2014-04-08T17:58:03.659+0900: 294.675: [GC pause (G1 Evacuation Pause) (young) 15G->13G(24G), 0.1522628 secs]
2014-04-08T17:58:04.901+0900: 295.917: [GC pause (G1 Evacuation Pause) (mixed) 14G->13G(24G), 0.1980728 secs]
2014-04-08T17:58:06.766+0900: 297.782: [GC pause (G1 Evacuation Pause) (mixed) 14G->13G(24G), 0.2841778 secs]
2014-04-08T17:58:08.812+0900: 299.828: [GC pause (G1 Evacuation Pause) (mixed) 14G->13G(24G), 0.2753419 secs]
2014-04-08T17:58:11.162+0900: 302.178: [GC pause (G1 Evacuation Pause) (mixed) 14G->13G(24G), 0.2316795 secs]
2014-04-08T17:58:11.408+0900: 302.424: [GC pause (G1 Humongous Allocation) (young) (initial-mark) 13G->13G(24G), 0.1595980 secs]
2014-04-08T17:58:11.567+0900: 302.583: [GC concurrent-root-region-scan-start]
2014-04-08T17:58:11.568+0900: 302.584: [GC concurrent-root-region-scan-end, 0.0004062 secs]
2014-04-08T17:58:11.568+0900: 302.584: [GC concurrent-mark-start]
2014-04-08T17:58:12.998+0900: 304.014: [GC pause (G1 Evacuation Pause) (young) 15G->14G(24G), 0.0664702 secs]
2014-04-08T17:58:13.131+0900: 304.147: [GC concurrent-mark-end, 1.5631370 secs]
2014-04-08T17:58:13.132+0900: 304.148: [GC remark, 0.0332827 secs]
2014-04-08T17:58:13.166+0900: 304.182: [GC cleanup 14G->11G(24G), 0.0308506 secs]
2014-04-08T17:58:13.198+0900: 304.214: [GC concurrent-cleanup-start]
2014-04-08T17:58:13.201+0900: 304.217: [GC concurrent-cleanup-end, 0.0027087 secs]
2014-04-08T17:58:15.662+0900: 306.678: [GC pause (G1 Evacuation Pause) (young) 12G->12G(24G), 0.0935219 secs]
2014-04-08T17:58:17.373+0900: 308.389: [GC pause (G1 Evacuation Pause) (mixed) 13G->12G(24G), 0.1482406 secs]
2014-04-08T17:58:17.530+0900: 308.546: [GC pause (G1 Humongous Allocation) (young) (initial-mark) 12G->12G(24G), 0.0930922 secs]
2014-04-08T17:58:17.623+0900: 308.639: [GC concurrent-root-region-scan-start]
2014-04-08T17:58:17.624+0900: 308.639: [GC concurrent-root-region-scan-end, 0.0003936 secs]
2014-04-08T17:58:17.624+0900: 308.639: [GC concurrent-mark-start]
2014-04-08T17:58:19.060+0900: 310.075: [GC concurrent-mark-end, 1.4358723 secs]
2014-04-08T17:58:19.060+0900: 310.076: [GC remark, 0.0251223 secs]
2014-04-08T17:58:19.086+0900: 310.102: [GC cleanup 14G->13G(24G), 0.0237284 secs]
2014-04-08T17:58:19.111+0900: 310.126: [GC concurrent-cleanup-start]
2014-04-08T17:58:19.112+0900: 310.128: [GC concurrent-cleanup-end, 0.0013403 secs]
2014-04-08T17:58:19.322+0900: 310.338: [GC pause (G1 Evacuation Pause) (young) 13G->12G(24G), 0.0927446 secs]
2014-04-08T17:58:20.858+0900: 311.874: [GC pause (G1 Evacuation Pause) (mixed) 13G->12G(24G), 0.1366023 secs]
2014-04-08T17:58:21.081+0900: 312.097: [GC pause (G1 Humongous Allocation) (young) (initial-mark) 12G->12G(24G), 0.0749938 secs]
2014-04-08T17:58:21.156+0900: 312.172: [GC concurrent-root-region-scan-start]
2014-04-08T17:58:21.159+0900: 312.175: [GC concurrent-root-region-scan-end, 0.0029342 secs]
2014-04-08T17:58:21.159+0900: 312.175: [GC concurrent-mark-start]
2014-04-08T17:58:22.624+0900: 313.640: [GC concurrent-mark-end, 1.4654377 secs]
2014-04-08T17:58:22.625+0900: 313.641: [GC remark, 0.0271047 secs]
2014-04-08T17:58:22.654+0900: 313.670: [GC cleanup 14G->13G(24G), 0.0249288 secs]
2014-04-08T17:58:22.679+0900: 313.695: [GC concurrent-cleanup-start]
2014-04-08T17:58:22.680+0900: 313.696: [GC concurrent-cleanup-end, 0.0009721 secs]
