Java HotSpot(TM) 64-Bit Server VM (25.0-b70) for linux-amd64 JRE (1.8.0-b132), built on Mar  4 2014 03:07:25 by "java_re" with gcc 4.3.0 20080428 (Red Hat 4.3.0-8)
Memory: 4k page, physical 32865776k(30186076k free), swap 2047992k(2047992k free)
CommandLine flags: -XX:G1HeapRegionSize=16777216 -XX:InitialHeapSize=25769803776 -XX:InitiatingHeapOccupancyPercent=30 -XX:MaxHeapSize=25769803776 -XX:+PrintGC -XX:+PrintGCDateStamps -XX:+PrintGCDetails -XX:+PrintGCTimeStamps -XX:ThreadStackSize=2048 -XX:+UseCompressedClassPointers -XX:+UseCompressedOops -XX:+UseG1GC 
2014-04-07T18:34:59.704+0900: 1.585: [Full GC (Metadata GC Threshold)  21M->7331K(24G), 0.3606520 secs]
   [Eden: 32.0M(1216.0M)->0.0B(1216.0M) Survivors: 0.0B->0.0B Heap: 21.1M(24.0G)->7331.1K(24.0G)], [Metaspace: 21233K->21233K(1067008K)]
 [Times: user=0.64 sys=0.11, real=0.36 secs] 
2014-04-07T18:35:05.293+0900: 7.174: [Full GC (Metadata GC Threshold)  111M->17M(24G), 0.3453247 secs]
   [Eden: 112.0M(1216.0M)->0.0B(1216.0M) Survivors: 0.0B->0.0B Heap: 111.9M(24.0G)->17.4M(24.0G)], [Metaspace: 34857K->34853K(1079296K)]
 [Times: user=0.35 sys=0.00, real=0.35 secs] 
2014-04-07T18:35:11.189+0900: 13.070: [GC pause (G1 Evacuation Pause) (young), 0.3030529 secs]
   [Parallel Time: 261.7 ms, GC Workers: 13]
      [GC Worker Start (ms): Min: 13070.3, Avg: 13073.4, Max: 13077.9, Diff: 7.6]
      [Ext Root Scanning (ms): Min: 0.0, Avg: 1.0, Max: 2.9, Diff: 2.8, Sum: 13.5]
      [Update RS (ms): Min: 0.0, Avg: 1.1, Max: 10.3, Diff: 10.3, Sum: 14.1]
         [Processed Buffers: Min: 0, Avg: 5.2, Max: 21, Diff: 21, Sum: 67]
      [Scan RS (ms): Min: 0.0, Avg: 0.0, Max: 0.2, Diff: 0.2, Sum: 0.6]
      [Code Root Scanning (ms): Min: 0.0, Avg: 0.1, Max: 0.5, Diff: 0.5, Sum: 1.1]
      [Object Copy (ms): Min: 213.7, Avg: 238.8, Max: 255.3, Diff: 41.6, Sum: 3104.1]
      [Termination (ms): Min: 2.6, Avg: 17.3, Max: 40.7, Diff: 38.1, Sum: 225.3]
      [GC Worker Other (ms): Min: 0.0, Avg: 0.0, Max: 0.0, Diff: 0.0, Sum: 0.4]
      [GC Worker Total (ms): Min: 253.8, Avg: 258.4, Max: 261.5, Diff: 7.7, Sum: 3359.1]
      [GC Worker End (ms): Min: 13331.8, Avg: 13331.8, Max: 13331.9, Diff: 0.1]
   [Code Root Fixup: 1.5 ms]
   [Code Root Migration: 4.5 ms]
   [Clear CT: 0.7 ms]
   [Other: 34.7 ms]
      [Choose CSet: 0.0 ms]
      [Ref Proc: 30.9 ms]
      [Ref Enq: 2.6 ms]
      [Free CSet: 0.2 ms]
   [Eden: 1216.0M(1216.0M)->0.0B(1056.0M) Survivors: 0.0B->160.0M Heap: 1233.4M(24.0G)->292.8M(24.0G)]
 [Times: user=2.94 sys=0.93, real=0.30 secs] 
2014-04-07T18:35:13.428+0900: 15.309: [GC pause (G1 Evacuation Pause) (young), 0.1846463 secs]
   [Parallel Time: 163.8 ms, GC Workers: 13]
      [GC Worker Start (ms): Min: 15309.1, Avg: 15309.2, Max: 15309.3, Diff: 0.2]
      [Ext Root Scanning (ms): Min: 1.1, Avg: 3.3, Max: 5.5, Diff: 4.3, Sum: 42.9]
      [Update RS (ms): Min: 0.0, Avg: 0.4, Max: 1.1, Diff: 1.1, Sum: 4.7]
         [Processed Buffers: Min: 0, Avg: 2.5, Max: 9, Diff: 9, Sum: 33]
      [Scan RS (ms): Min: 10.2, Avg: 11.9, Max: 14.6, Diff: 4.4, Sum: 154.1]
      [Code Root Scanning (ms): Min: 0.0, Avg: 0.1, Max: 1.3, Diff: 1.3, Sum: 1.3]
      [Object Copy (ms): Min: 145.7, Avg: 147.9, Max: 149.0, Diff: 3.3, Sum: 1922.4]
      [Termination (ms): Min: 0.0, Avg: 0.0, Max: 0.0, Diff: 0.0, Sum: 0.1]
      [GC Worker Other (ms): Min: 0.0, Avg: 0.0, Max: 0.1, Diff: 0.1, Sum: 0.5]
      [GC Worker Total (ms): Min: 163.4, Avg: 163.5, Max: 163.7, Diff: 0.2, Sum: 2126.0]
      [GC Worker End (ms): Min: 15472.8, Avg: 15472.8, Max: 15472.8, Diff: 0.1]
   [Code Root Fixup: 1.3 ms]
   [Code Root Migration: 2.6 ms]
   [Clear CT: 0.5 ms]
   [Other: 16.4 ms]
      [Choose CSet: 0.0 ms]
      [Ref Proc: 13.9 ms]
      [Ref Enq: 1.1 ms]
      [Free CSet: 0.2 ms]
   [Eden: 1056.0M(1056.0M)->0.0B(1056.0M) Survivors: 160.0M->160.0M Heap: 1348.8M(24.0G)->513.4M(24.0G)]
 [Times: user=1.88 sys=0.50, real=0.18 secs] 
2014-04-07T18:35:14.581+0900: 16.462: [GC pause (G1 Evacuation Pause) (young), 0.1291336 secs]
   [Parallel Time: 118.1 ms, GC Workers: 13]
      [GC Worker Start (ms): Min: 16462.5, Avg: 16462.6, Max: 16462.7, Diff: 0.2]
      [Ext Root Scanning (ms): Min: 1.2, Avg: 1.3, Max: 1.9, Diff: 0.7, Sum: 17.3]
      [Update RS (ms): Min: 2.7, Avg: 3.3, Max: 3.5, Diff: 0.7, Sum: 42.7]
         [Processed Buffers: Min: 11, Avg: 16.0, Max: 24, Diff: 13, Sum: 208]
      [Scan RS (ms): Min: 6.3, Avg: 6.5, Max: 6.9, Diff: 0.6, Sum: 84.1]
      [Code Root Scanning (ms): Min: 0.0, Avg: 0.0, Max: 0.0, Diff: 0.0, Sum: 0.0]
      [Object Copy (ms): Min: 106.2, Avg: 106.5, Max: 106.7, Diff: 0.6, Sum: 1384.8]
      [Termination (ms): Min: 0.0, Avg: 0.2, Max: 0.2, Diff: 0.2, Sum: 2.4]
      [GC Worker Other (ms): Min: 0.0, Avg: 0.0, Max: 0.1, Diff: 0.1, Sum: 0.6]
      [GC Worker Total (ms): Min: 117.7, Avg: 117.8, Max: 117.9, Diff: 0.2, Sum: 1531.9]
      [GC Worker End (ms): Min: 16580.4, Avg: 16580.4, Max: 16580.5, Diff: 0.1]
   [Code Root Fixup: 0.3 ms]
   [Code Root Migration: 0.0 ms]
   [Clear CT: 0.4 ms]
   [Other: 10.3 ms]
      [Choose CSet: 0.0 ms]
      [Ref Proc: 7.8 ms]
      [Ref Enq: 0.6 ms]
      [Free CSet: 0.3 ms]
   [Eden: 1056.0M(1056.0M)->0.0B(1056.0M) Survivors: 160.0M->160.0M Heap: 1569.4M(24.0G)->737.4M(24.0G)]
 [Times: user=1.50 sys=0.12, real=0.13 secs] 
2014-04-07T18:35:15.565+0900: 17.447: [GC pause (G1 Evacuation Pause) (young), 0.1061201 secs]
   [Parallel Time: 95.4 ms, GC Workers: 13]
      [GC Worker Start (ms): Min: 17447.1, Avg: 17447.1, Max: 17447.2, Diff: 0.1]
      [Ext Root Scanning (ms): Min: 0.8, Avg: 1.2, Max: 2.0, Diff: 1.2, Sum: 15.5]
      [Update RS (ms): Min: 3.4, Avg: 3.9, Max: 4.3, Diff: 0.9, Sum: 50.4]
         [Processed Buffers: Min: 9, Avg: 17.2, Max: 25, Diff: 16, Sum: 223]
      [Scan RS (ms): Min: 3.3, Avg: 4.4, Max: 4.7, Diff: 1.4, Sum: 57.3]
      [Code Root Scanning (ms): Min: 0.0, Avg: 0.0, Max: 0.0, Diff: 0.0, Sum: 0.0]
      [Object Copy (ms): Min: 85.3, Avg: 85.5, Max: 86.4, Diff: 1.2, Sum: 1111.6]
      [Termination (ms): Min: 0.0, Avg: 0.2, Max: 0.2, Diff: 0.2, Sum: 2.1]
      [GC Worker Other (ms): Min: 0.0, Avg: 0.0, Max: 0.1, Diff: 0.1, Sum: 0.5]
      [GC Worker Total (ms): Min: 95.1, Avg: 95.2, Max: 95.3, Diff: 0.2, Sum: 1237.4]
      [GC Worker End (ms): Min: 17542.3, Avg: 17542.3, Max: 17542.4, Diff: 0.1]
   [Code Root Fixup: 0.4 ms]
   [Code Root Migration: 0.0 ms]
   [Clear CT: 0.4 ms]
   [Other: 9.8 ms]
      [Choose CSet: 0.0 ms]
      [Ref Proc: 7.4 ms]
      [Ref Enq: 0.6 ms]
      [Free CSet: 0.3 ms]
   [Eden: 1056.0M(1056.0M)->0.0B(1056.0M) Survivors: 160.0M->160.0M Heap: 1793.4M(24.0G)->937.4M(24.0G)]
 [Times: user=1.21 sys=0.07, real=0.10 secs] 
2014-04-07T18:35:16.552+0900: 18.434: [GC pause (G1 Evacuation Pause) (young), 0.1447576 secs]
   [Parallel Time: 134.1 ms, GC Workers: 13]
      [GC Worker Start (ms): Min: 18434.0, Avg: 18434.0, Max: 18434.1, Diff: 0.1]
      [Ext Root Scanning (ms): Min: 1.9, Avg: 2.3, Max: 3.1, Diff: 1.3, Sum: 29.7]
      [Update RS (ms): Min: 6.4, Avg: 8.1, Max: 10.2, Diff: 3.8, Sum: 104.8]
         [Processed Buffers: Min: 3, Avg: 16.7, Max: 31, Diff: 28, Sum: 217]
      [Scan RS (ms): Min: 4.2, Avg: 5.9, Max: 6.7, Diff: 2.5, Sum: 76.4]
      [Code Root Scanning (ms): Min: 0.0, Avg: 0.0, Max: 0.0, Diff: 0.0, Sum: 0.0]
      [Object Copy (ms): Min: 116.8, Avg: 117.3, Max: 118.6, Diff: 1.8, Sum: 1525.3]
      [Termination (ms): Min: 0.3, Avg: 0.4, Max: 0.5, Diff: 0.2, Sum: 4.9]
      [GC Worker Other (ms): Min: 0.0, Avg: 0.0, Max: 0.0, Diff: 0.0, Sum: 0.3]
      [GC Worker Total (ms): Min: 133.8, Avg: 133.9, Max: 134.0, Diff: 0.2, Sum: 1741.3]
      [GC Worker End (ms): Min: 18567.9, Avg: 18568.0, Max: 18568.0, Diff: 0.0]
   [Code Root Fixup: 0.4 ms]
   [Code Root Migration: 0.0 ms]
   [Clear CT: 0.6 ms]
   [Other: 9.6 ms]
      [Choose CSet: 0.0 ms]
      [Ref Proc: 6.9 ms]
      [Ref Enq: 0.5 ms]
      [Free CSet: 0.4 ms]
   [Eden: 1056.0M(1056.0M)->0.0B(1056.0M) Survivors: 160.0M->160.0M Heap: 1993.4M(24.0G)->1161.4M(24.0G)]
 [Times: user=1.82 sys=0.06, real=0.15 secs] 
2014-04-07T18:35:17.563+0900: 19.445: [GC pause (G1 Evacuation Pause) (young), 0.1207269 secs]
   [Parallel Time: 109.1 ms, GC Workers: 13]
      [GC Worker Start (ms): Min: 19445.2, Avg: 19445.3, Max: 19445.3, Diff: 0.1]
      [Ext Root Scanning (ms): Min: 0.9, Avg: 1.3, Max: 2.5, Diff: 1.7, Sum: 17.0]
      [Update RS (ms): Min: 3.8, Avg: 5.1, Max: 6.3, Diff: 2.5, Sum: 66.8]
         [Processed Buffers: Min: 3, Avg: 16.4, Max: 28, Diff: 25, Sum: 213]
      [Scan RS (ms): Min: 4.6, Avg: 5.5, Max: 6.0, Diff: 1.4, Sum: 71.5]
      [Code Root Scanning (ms): Min: 0.0, Avg: 0.0, Max: 0.0, Diff: 0.0, Sum: 0.0]
      [Object Copy (ms): Min: 96.7, Avg: 97.0, Max: 97.9, Diff: 1.2, Sum: 1260.6]
      [Termination (ms): Min: 0.0, Avg: 0.0, Max: 0.0, Diff: 0.0, Sum: 0.0]
      [GC Worker Other (ms): Min: 0.0, Avg: 0.0, Max: 0.1, Diff: 0.1, Sum: 0.5]
      [GC Worker Total (ms): Min: 108.9, Avg: 109.0, Max: 109.1, Diff: 0.2, Sum: 1416.6]
      [GC Worker End (ms): Min: 19554.2, Avg: 19554.2, Max: 19554.3, Diff: 0.1]
   [Code Root Fixup: 0.4 ms]
   [Code Root Migration: 0.0 ms]
   [Clear CT: 0.5 ms]
   [Other: 10.7 ms]
      [Choose CSet: 0.0 ms]
      [Ref Proc: 7.8 ms]
      [Ref Enq: 0.6 ms]
      [Free CSet: 0.4 ms]
   [Eden: 1056.0M(1056.0M)->0.0B(1056.0M) Survivors: 160.0M->160.0M Heap: 2217.4M(24.0G)->1409.4M(24.0G)]
 [Times: user=1.37 sys=0.05, real=0.12 secs] 
2014-04-07T18:35:18.564+0900: 20.445: [GC pause (G1 Evacuation Pause) (young), 0.1221361 secs]
   [Parallel Time: 111.2 ms, GC Workers: 13]
      [GC Worker Start (ms): Min: 20445.5, Avg: 20445.6, Max: 20445.7, Diff: 0.1]
      [Ext Root Scanning (ms): Min: 1.0, Avg: 1.4, Max: 2.0, Diff: 1.0, Sum: 17.8]
      [Update RS (ms): Min: 6.6, Avg: 7.9, Max: 9.8, Diff: 3.2, Sum: 102.7]
         [Processed Buffers: Min: 6, Avg: 17.0, Max: 39, Diff: 33, Sum: 221]
      [Scan RS (ms): Min: 4.9, Avg: 6.4, Max: 7.3, Diff: 2.5, Sum: 83.8]
      [Code Root Scanning (ms): Min: 0.0, Avg: 0.0, Max: 0.0, Diff: 0.0, Sum: 0.0]
      [Object Copy (ms): Min: 94.8, Avg: 95.1, Max: 95.9, Diff: 1.0, Sum: 1236.6]
      [Termination (ms): Min: 0.0, Avg: 0.1, Max: 0.1, Diff: 0.1, Sum: 0.7]
      [GC Worker Other (ms): Min: 0.0, Avg: 0.0, Max: 0.1, Diff: 0.1, Sum: 0.5]
      [GC Worker Total (ms): Min: 110.8, Avg: 110.9, Max: 111.0, Diff: 0.2, Sum: 1442.1]
      [GC Worker End (ms): Min: 20556.5, Avg: 20556.5, Max: 20556.6, Diff: 0.1]
   [Code Root Fixup: 0.4 ms]
   [Code Root Migration: 0.0 ms]
   [Clear CT: 0.5 ms]
   [Other: 10.0 ms]
      [Choose CSet: 0.0 ms]
      [Ref Proc: 7.0 ms]
      [Ref Enq: 0.6 ms]
      [Free CSet: 0.5 ms]
   [Eden: 1056.0M(1056.0M)->0.0B(1056.0M) Survivors: 160.0M->160.0M Heap: 2465.4M(24.0G)->1649.4M(24.0G)]
 [Times: user=1.51 sys=0.07, real=0.13 secs] 
2014-04-07T18:35:19.555+0900: 21.436: [GC pause (G1 Evacuation Pause) (young), 0.1194712 secs]
   [Parallel Time: 108.3 ms, GC Workers: 13]
      [GC Worker Start (ms): Min: 21436.3, Avg: 21436.3, Max: 21436.4, Diff: 0.1]
      [Ext Root Scanning (ms): Min: 0.9, Avg: 1.3, Max: 2.0, Diff: 1.1, Sum: 16.9]
      [Update RS (ms): Min: 5.9, Avg: 6.4, Max: 8.3, Diff: 2.4, Sum: 83.0]
         [Processed Buffers: Min: 8, Avg: 16.6, Max: 25, Diff: 17, Sum: 216]
      [Scan RS (ms): Min: 5.2, Avg: 7.9, Max: 8.5, Diff: 3.3, Sum: 102.4]
      [Code Root Scanning (ms): Min: 0.0, Avg: 0.0, Max: 0.0, Diff: 0.0, Sum: 0.0]
      [Object Copy (ms): Min: 91.4, Avg: 92.2, Max: 92.8, Diff: 1.4, Sum: 1199.0]
      [Termination (ms): Min: 0.0, Avg: 0.1, Max: 0.2, Diff: 0.2, Sum: 1.7]
      [GC Worker Other (ms): Min: 0.0, Avg: 0.0, Max: 0.1, Diff: 0.0, Sum: 0.5]
      [GC Worker Total (ms): Min: 107.9, Avg: 108.0, Max: 108.0, Diff: 0.1, Sum: 1403.6]
      [GC Worker End (ms): Min: 21544.3, Avg: 21544.3, Max: 21544.3, Diff: 0.0]
   [Code Root Fixup: 0.4 ms]
   [Code Root Migration: 0.0 ms]
   [Clear CT: 0.7 ms]
   [Other: 10.1 ms]
      [Choose CSet: 0.0 ms]
      [Ref Proc: 6.9 ms]
      [Ref Enq: 0.6 ms]
      [Free CSet: 0.5 ms]
   [Eden: 1056.0M(1056.0M)->0.0B(1056.0M) Survivors: 160.0M->160.0M Heap: 2705.4M(24.0G)->1889.4M(24.0G)]
 [Times: user=1.34 sys=0.07, real=0.12 secs] 
2014-04-07T18:35:20.519+0900: 22.401: [GC pause (G1 Evacuation Pause) (young), 0.1865601 secs]
   [Parallel Time: 175.3 ms, GC Workers: 13]
      [GC Worker Start (ms): Min: 22400.9, Avg: 22401.0, Max: 22401.1, Diff: 0.1]
      [Ext Root Scanning (ms): Min: 0.8, Avg: 1.2, Max: 1.9, Diff: 1.1, Sum: 16.2]
      [Update RS (ms): Min: 8.8, Avg: 11.5, Max: 16.5, Diff: 7.7, Sum: 149.2]
         [Processed Buffers: Min: 5, Avg: 16.8, Max: 44, Diff: 39, Sum: 219]
      [Scan RS (ms): Min: 6.5, Avg: 11.4, Max: 13.5, Diff: 7.1, Sum: 148.0]
      [Code Root Scanning (ms): Min: 0.0, Avg: 0.0, Max: 0.0, Diff: 0.0, Sum: 0.1]
      [Object Copy (ms): Min: 150.4, Avg: 150.7, Max: 151.0, Diff: 0.6, Sum: 1958.7]
      [Termination (ms): Min: 0.0, Avg: 0.2, Max: 0.3, Diff: 0.3, Sum: 2.5]
      [GC Worker Other (ms): Min: 0.0, Avg: 0.0, Max: 0.1, Diff: 0.1, Sum: 0.5]
      [GC Worker Total (ms): Min: 174.9, Avg: 175.0, Max: 175.1, Diff: 0.1, Sum: 2275.2]
      [GC Worker End (ms): Min: 22576.0, Avg: 22576.0, Max: 22576.0, Diff: 0.1]
   [Code Root Fixup: 0.4 ms]
   [Code Root Migration: 0.0 ms]
   [Clear CT: 0.7 ms]
   [Other: 10.2 ms]
      [Choose CSet: 0.0 ms]
      [Ref Proc: 6.8 ms]
      [Ref Enq: 0.6 ms]
      [Free CSet: 0.5 ms]
   [Eden: 1056.0M(1056.0M)->0.0B(1056.0M) Survivors: 160.0M->160.0M Heap: 2945.4M(24.0G)->2121.4M(24.0G)]
 [Times: user=2.23 sys=0.06, real=0.18 secs] 
2014-04-07T18:35:21.551+0900: 23.433: [GC pause (G1 Evacuation Pause) (young), 0.1174027 secs]
   [Parallel Time: 105.1 ms, GC Workers: 13]
      [GC Worker Start (ms): Min: 23433.2, Avg: 23433.3, Max: 23433.4, Diff: 0.1]
      [Ext Root Scanning (ms): Min: 0.8, Avg: 1.3, Max: 1.6, Diff: 0.8, Sum: 16.5]
      [Update RS (ms): Min: 4.4, Avg: 5.0, Max: 5.5, Diff: 1.1, Sum: 64.9]
         [Processed Buffers: Min: 11, Avg: 18.2, Max: 26, Diff: 15, Sum: 237]
      [Scan RS (ms): Min: 8.5, Avg: 9.0, Max: 9.3, Diff: 0.8, Sum: 116.7]
      [Code Root Scanning (ms): Min: 0.0, Avg: 0.0, Max: 0.0, Diff: 0.0, Sum: 0.0]
      [Object Copy (ms): Min: 89.4, Avg: 89.6, Max: 89.9, Diff: 0.5, Sum: 1165.0]
      [Termination (ms): Min: 0.0, Avg: 0.0, Max: 0.0, Diff: 0.0, Sum: 0.1]
      [GC Worker Other (ms): Min: 0.0, Avg: 0.0, Max: 0.1, Diff: 0.1, Sum: 0.5]
      [GC Worker Total (ms): Min: 104.8, Avg: 104.9, Max: 105.0, Diff: 0.1, Sum: 1363.6]
      [GC Worker End (ms): Min: 23538.2, Avg: 23538.2, Max: 23538.2, Diff: 0.1]
   [Code Root Fixup: 0.4 ms]
   [Code Root Migration: 0.0 ms]
   [Clear CT: 0.8 ms]
   [Other: 11.1 ms]
      [Choose CSet: 0.0 ms]
      [Ref Proc: 7.4 ms]
      [Ref Enq: 0.6 ms]
      [Free CSet: 0.5 ms]
   [Eden: 1056.0M(1056.0M)->0.0B(1056.0M) Survivors: 160.0M->160.0M Heap: 3177.4M(24.0G)->2385.4M(24.0G)]
 [Times: user=1.33 sys=0.05, real=0.12 secs] 
2014-04-07T18:35:22.543+0900: 24.424: [GC pause (G1 Evacuation Pause) (young), 0.1187610 secs]
   [Parallel Time: 107.4 ms, GC Workers: 13]
      [GC Worker Start (ms): Min: 24424.4, Avg: 24424.4, Max: 24424.5, Diff: 0.1]
      [Ext Root Scanning (ms): Min: 0.9, Avg: 1.2, Max: 1.6, Diff: 0.7, Sum: 16.2]
      [Update RS (ms): Min: 6.7, Avg: 7.3, Max: 8.7, Diff: 2.0, Sum: 95.5]
         [Processed Buffers: Min: 8, Avg: 18.4, Max: 44, Diff: 36, Sum: 239]
      [Scan RS (ms): Min: 6.4, Avg: 7.7, Max: 8.4, Diff: 1.9, Sum: 100.7]
      [Code Root Scanning (ms): Min: 0.0, Avg: 0.0, Max: 0.0, Diff: 0.0, Sum: 0.0]
      [Object Copy (ms): Min: 90.4, Avg: 90.6, Max: 91.4, Diff: 1.0, Sum: 1178.0]
      [Termination (ms): Min: 0.0, Avg: 0.2, Max: 0.3, Diff: 0.3, Sum: 3.2]
      [GC Worker Other (ms): Min: 0.0, Avg: 0.0, Max: 0.0, Diff: 0.0, Sum: 0.3]
      [GC Worker Total (ms): Min: 107.2, Avg: 107.2, Max: 107.3, Diff: 0.1, Sum: 1394.0]
      [GC Worker End (ms): Min: 24531.6, Avg: 24531.6, Max: 24531.7, Diff: 0.1]
   [Code Root Fixup: 0.3 ms]
   [Code Root Migration: 0.0 ms]
   [Clear CT: 0.8 ms]
   [Other: 10.2 ms]
      [Choose CSet: 0.0 ms]
      [Ref Proc: 6.7 ms]
      [Ref Enq: 0.6 ms]
      [Free CSet: 0.5 ms]
   [Eden: 1056.0M(1056.0M)->0.0B(1056.0M) Survivors: 160.0M->160.0M Heap: 3441.4M(24.0G)->2633.4M(24.0G)]
 [Times: user=1.34 sys=0.07, real=0.12 secs] 
2014-04-07T18:35:23.528+0900: 25.410: [GC pause (G1 Evacuation Pause) (young), 0.1151664 secs]
   [Parallel Time: 104.1 ms, GC Workers: 13]
      [GC Worker Start (ms): Min: 25409.9, Avg: 25410.0, Max: 25410.1, Diff: 0.1]
      [Ext Root Scanning (ms): Min: 1.0, Avg: 1.3, Max: 2.0, Diff: 1.1, Sum: 17.2]
      [Update RS (ms): Min: 7.0, Avg: 7.8, Max: 8.6, Diff: 1.7, Sum: 101.7]
         [Processed Buffers: Min: 8, Avg: 17.2, Max: 28, Diff: 20, Sum: 223]
      [Scan RS (ms): Min: 8.8, Avg: 9.3, Max: 9.7, Diff: 0.9, Sum: 121.5]
      [Code Root Scanning (ms): Min: 0.0, Avg: 0.0, Max: 0.0, Diff: 0.0, Sum: 0.0]
      [Object Copy (ms): Min: 85.0, Avg: 85.4, Max: 86.2, Diff: 1.3, Sum: 1109.7]
      [Termination (ms): Min: 0.0, Avg: 0.0, Max: 0.0, Diff: 0.0, Sum: 0.0]
      [GC Worker Other (ms): Min: 0.0, Avg: 0.0, Max: 0.1, Diff: 0.1, Sum: 0.6]
      [GC Worker Total (ms): Min: 103.8, Avg: 103.9, Max: 104.0, Diff: 0.2, Sum: 1350.8]
      [GC Worker End (ms): Min: 25513.9, Avg: 25513.9, Max: 25514.0, Diff: 0.1]
   [Code Root Fixup: 0.2 ms]
   [Code Root Migration: 0.0 ms]
   [Clear CT: 0.8 ms]
   [Other: 10.0 ms]
      [Choose CSet: 0.0 ms]
      [Ref Proc: 6.4 ms]
      [Ref Enq: 0.5 ms]
      [Free CSet: 0.5 ms]
   [Eden: 1056.0M(1056.0M)->0.0B(1056.0M) Survivors: 160.0M->160.0M Heap: 3689.4M(24.0G)->2881.4M(24.0G)]
 [Times: user=1.31 sys=0.06, real=0.11 secs] 
2014-04-07T18:35:24.513+0900: 26.395: [GC pause (G1 Evacuation Pause) (young), 0.1189602 secs]
   [Parallel Time: 107.6 ms, GC Workers: 13]
      [GC Worker Start (ms): Min: 26394.9, Avg: 26395.0, Max: 26395.0, Diff: 0.1]
      [Ext Root Scanning (ms): Min: 1.2, Avg: 1.3, Max: 1.8, Diff: 0.6, Sum: 16.8]
      [Update RS (ms): Min: 7.7, Avg: 9.2, Max: 14.5, Diff: 6.8, Sum: 119.9]
         [Processed Buffers: Min: 3, Avg: 17.8, Max: 31, Diff: 28, Sum: 232]
      [Scan RS (ms): Min: 3.7, Avg: 8.9, Max: 10.5, Diff: 6.8, Sum: 116.3]
      [Code Root Scanning (ms): Min: 0.0, Avg: 0.0, Max: 0.0, Diff: 0.0, Sum: 0.0]
      [Object Copy (ms): Min: 87.5, Avg: 87.8, Max: 88.0, Diff: 0.5, Sum: 1141.3]
      [Termination (ms): Min: 0.0, Avg: 0.0, Max: 0.1, Diff: 0.0, Sum: 0.5]
      [GC Worker Other (ms): Min: 0.0, Avg: 0.0, Max: 0.1, Diff: 0.0, Sum: 0.5]
      [GC Worker Total (ms): Min: 107.3, Avg: 107.3, Max: 107.4, Diff: 0.1, Sum: 1395.3]
      [GC Worker End (ms): Min: 26502.3, Avg: 26502.3, Max: 26502.3, Diff: 0.0]
   [Code Root Fixup: 0.4 ms]
   [Code Root Migration: 0.0 ms]
   [Clear CT: 0.9 ms]
   [Other: 10.1 ms]
      [Choose CSet: 0.0 ms]
      [Ref Proc: 6.6 ms]
      [Ref Enq: 0.5 ms]
      [Free CSet: 0.5 ms]
   [Eden: 1056.0M(1056.0M)->0.0B(1056.0M) Survivors: 160.0M->160.0M Heap: 3937.4M(24.0G)->3137.4M(24.0G)]
 [Times: user=1.34 sys=0.07, real=0.12 secs] 
2014-04-07T18:35:25.499+0900: 27.381: [GC pause (G1 Evacuation Pause) (young), 0.1175035 secs]
   [Parallel Time: 105.7 ms, GC Workers: 13]
      [GC Worker Start (ms): Min: 27380.9, Avg: 27380.9, Max: 27381.0, Diff: 0.1]
      [Ext Root Scanning (ms): Min: 0.9, Avg: 1.3, Max: 2.0, Diff: 1.1, Sum: 17.5]
      [Update RS (ms): Min: 9.3, Avg: 10.2, Max: 12.1, Diff: 2.7, Sum: 132.9]
         [Processed Buffers: Min: 3, Avg: 18.2, Max: 33, Diff: 30, Sum: 236]
      [Scan RS (ms): Min: 6.4, Avg: 8.4, Max: 9.4, Diff: 3.0, Sum: 109.0]
      [Code Root Scanning (ms): Min: 0.0, Avg: 0.0, Max: 0.0, Diff: 0.0, Sum: 0.0]
      [Object Copy (ms): Min: 85.2, Avg: 85.4, Max: 85.8, Diff: 0.5, Sum: 1110.3]
      [Termination (ms): Min: 0.0, Avg: 0.0, Max: 0.1, Diff: 0.1, Sum: 0.5]
      [GC Worker Other (ms): Min: 0.0, Avg: 0.0, Max: 0.1, Diff: 0.0, Sum: 0.4]
      [GC Worker Total (ms): Min: 105.4, Avg: 105.4, Max: 105.5, Diff: 0.1, Sum: 1370.5]
      [GC Worker End (ms): Min: 27486.4, Avg: 27486.4, Max: 27486.4, Diff: 0.0]
   [Code Root Fixup: 0.4 ms]
   [Code Root Migration: 0.0 ms]
   [Clear CT: 0.9 ms]
   [Other: 10.5 ms]
      [Choose CSet: 0.0 ms]
      [Ref Proc: 6.8 ms]
      [Ref Enq: 0.6 ms]
      [Free CSet: 0.5 ms]
   [Eden: 1056.0M(1056.0M)->0.0B(1056.0M) Survivors: 160.0M->160.0M Heap: 4193.4M(24.0G)->3369.4M(24.0G)]
 [Times: user=1.32 sys=0.07, real=0.12 secs] 
2014-04-07T18:35:26.471+0900: 28.352: [GC pause (G1 Evacuation Pause) (young), 0.1189044 secs]
   [Parallel Time: 107.1 ms, GC Workers: 13]
      [GC Worker Start (ms): Min: 28352.5, Avg: 28352.5, Max: 28352.6, Diff: 0.1]
      [Ext Root Scanning (ms): Min: 0.8, Avg: 1.4, Max: 1.6, Diff: 0.8, Sum: 17.8]
      [Update RS (ms): Min: 10.0, Avg: 10.8, Max: 14.2, Diff: 4.2, Sum: 140.5]
         [Processed Buffers: Min: 5, Avg: 19.0, Max: 48, Diff: 43, Sum: 247]
      [Scan RS (ms): Min: 5.8, Avg: 9.3, Max: 10.2, Diff: 4.5, Sum: 120.9]
      [Code Root Scanning (ms): Min: 0.0, Avg: 0.0, Max: 0.0, Diff: 0.0, Sum: 0.0]
      [Object Copy (ms): Min: 84.9, Avg: 85.1, Max: 85.5, Diff: 0.6, Sum: 1106.8]
      [Termination (ms): Min: 0.0, Avg: 0.2, Max: 0.2, Diff: 0.2, Sum: 2.0]
      [GC Worker Other (ms): Min: 0.0, Avg: 0.1, Max: 0.1, Diff: 0.1, Sum: 0.7]
      [GC Worker Total (ms): Min: 106.8, Avg: 106.8, Max: 106.9, Diff: 0.1, Sum: 1388.6]
      [GC Worker End (ms): Min: 28459.3, Avg: 28459.4, Max: 28459.4, Diff: 0.1]
   [Code Root Fixup: 0.4 ms]
   [Code Root Migration: 0.0 ms]
   [Clear CT: 0.9 ms]
   [Other: 10.5 ms]
      [Choose CSet: 0.0 ms]
      [Ref Proc: 6.7 ms]
      [Ref Enq: 0.6 ms]
      [Free CSet: 0.5 ms]
   [Eden: 1056.0M(1056.0M)->0.0B(1056.0M) Survivors: 160.0M->160.0M Heap: 4425.4M(24.0G)->3609.4M(24.0G)]
 [Times: user=1.34 sys=0.07, real=0.12 secs] 
2014-04-07T18:35:27.448+0900: 29.330: [GC pause (G1 Evacuation Pause) (young), 0.1323982 secs]
   [Parallel Time: 120.3 ms, GC Workers: 13]
      [GC Worker Start (ms): Min: 29330.1, Avg: 29330.2, Max: 29330.3, Diff: 0.1]
      [Ext Root Scanning (ms): Min: 0.8, Avg: 1.3, Max: 1.7, Diff: 0.9, Sum: 17.1]
      [Update RS (ms): Min: 11.4, Avg: 12.8, Max: 15.9, Diff: 4.6, Sum: 165.8]
         [Processed Buffers: Min: 1, Avg: 17.8, Max: 33, Diff: 32, Sum: 231]
      [Scan RS (ms): Min: 6.0, Avg: 9.3, Max: 10.6, Diff: 4.5, Sum: 120.7]
      [Code Root Scanning (ms): Min: 0.0, Avg: 0.0, Max: 0.0, Diff: 0.0, Sum: 0.0]
      [Object Copy (ms): Min: 95.5, Avg: 96.0, Max: 96.8, Diff: 1.3, Sum: 1247.6]
      [Termination (ms): Min: 0.3, Avg: 0.7, Max: 0.8, Diff: 0.5, Sum: 8.7]
      [GC Worker Other (ms): Min: 0.0, Avg: 0.0, Max: 0.1, Diff: 0.1, Sum: 0.5]
      [GC Worker Total (ms): Min: 120.0, Avg: 120.0, Max: 120.1, Diff: 0.2, Sum: 1560.5]
      [GC Worker End (ms): Min: 29450.2, Avg: 29450.3, Max: 29450.3, Diff: 0.1]
   [Code Root Fixup: 0.4 ms]
   [Code Root Migration: 0.0 ms]
   [Clear CT: 1.0 ms]
   [Other: 10.7 ms]
      [Choose CSet: 0.0 ms]
      [Ref Proc: 6.9 ms]
      [Ref Enq: 0.6 ms]
      [Free CSet: 0.6 ms]
   [Eden: 1056.0M(1056.0M)->0.0B(1296.0M) Survivors: 160.0M->160.0M Heap: 4665.4M(24.0G)->3857.4M(24.0G)]
 [Times: user=1.52 sys=0.06, real=0.13 secs] 
2014-04-07T18:35:28.494+0900: 30.375: [GC pause (G1 Evacuation Pause) (young), 0.1306099 secs]
   [Parallel Time: 117.7 ms, GC Workers: 13]
      [GC Worker Start (ms): Min: 30375.5, Avg: 30375.6, Max: 30375.7, Diff: 0.1]
      [Ext Root Scanning (ms): Min: 0.9, Avg: 1.3, Max: 2.1, Diff: 1.1, Sum: 17.3]
      [Update RS (ms): Min: 11.3, Avg: 12.8, Max: 17.4, Diff: 6.2, Sum: 166.4]
         [Processed Buffers: Min: 2, Avg: 18.2, Max: 35, Diff: 33, Sum: 237]
      [Scan RS (ms): Min: 4.6, Avg: 9.0, Max: 10.0, Diff: 5.4, Sum: 117.0]
      [Code Root Scanning (ms): Min: 0.0, Avg: 0.0, Max: 0.0, Diff: 0.0, Sum: 0.0]
      [Object Copy (ms): Min: 93.6, Avg: 94.0, Max: 95.1, Diff: 1.5, Sum: 1221.6]
      [Termination (ms): Min: 0.0, Avg: 0.3, Max: 0.3, Diff: 0.3, Sum: 3.8]
      [GC Worker Other (ms): Min: 0.0, Avg: 0.0, Max: 0.0, Diff: 0.0, Sum: 0.3]
      [GC Worker Total (ms): Min: 117.3, Avg: 117.4, Max: 117.5, Diff: 0.2, Sum: 1526.5]
      [GC Worker End (ms): Min: 30493.0, Avg: 30493.0, Max: 30493.1, Diff: 0.1]
   [Code Root Fixup: 0.3 ms]
   [Code Root Migration: 0.0 ms]
   [Clear CT: 1.2 ms]
   [Other: 11.5 ms]
      [Choose CSet: 0.0 ms]
      [Ref Proc: 7.4 ms]
      [Ref Enq: 0.7 ms]
      [Free CSet: 0.6 ms]
   [Eden: 1120.0M(1056.0M)->0.0B(1872.0M) Survivors: 160.0M->160.0M Heap: 4977.4M(24.0G)->4121.4M(24.0G)]
 [Times: user=1.46 sys=0.08, real=0.13 secs] 
2014-04-07T18:35:29.760+0900: 31.641: [GC pause (G1 Evacuation Pause) (young), 0.2146727 secs]
   [Parallel Time: 200.3 ms, GC Workers: 13]
      [GC Worker Start (ms): Min: 31641.7, Avg: 31641.8, Max: 31641.9, Diff: 0.2]
      [Ext Root Scanning (ms): Min: 0.8, Avg: 1.2, Max: 2.2, Diff: 1.4, Sum: 15.4]
      [Update RS (ms): Min: 8.5, Avg: 9.7, Max: 11.1, Diff: 2.6, Sum: 126.1]
         [Processed Buffers: Min: 3, Avg: 19.5, Max: 42, Diff: 39, Sum: 253]
      [Scan RS (ms): Min: 11.7, Avg: 13.4, Max: 14.1, Diff: 2.4, Sum: 174.4]
      [Code Root Scanning (ms): Min: 0.0, Avg: 0.0, Max: 0.0, Diff: 0.0, Sum: 0.0]
      [Object Copy (ms): Min: 174.1, Avg: 175.2, Max: 176.5, Diff: 2.4, Sum: 2277.8]
      [Termination (ms): Min: 0.0, Avg: 0.4, Max: 0.5, Diff: 0.5, Sum: 5.5]
      [GC Worker Other (ms): Min: 0.0, Avg: 0.0, Max: 0.1, Diff: 0.1, Sum: 0.6]
      [GC Worker Total (ms): Min: 199.9, Avg: 200.0, Max: 200.1, Diff: 0.2, Sum: 2599.9]
      [GC Worker End (ms): Min: 31841.7, Avg: 31841.8, Max: 31841.8, Diff: 0.1]
   [Code Root Fixup: 0.3 ms]
   [Code Root Migration: 0.0 ms]
   [Clear CT: 1.2 ms]
   [Other: 12.9 ms]
      [Choose CSet: 0.0 ms]
      [Ref Proc: 8.7 ms]
      [Ref Enq: 0.8 ms]
      [Free CSet: 0.7 ms]
   [Eden: 1392.0M(1392.0M)->0.0B(1104.0M) Survivors: 160.0M->208.0M Heap: 5513.4M(24.0G)->4417.4M(24.0G)]
 [Times: user=2.48 sys=0.14, real=0.21 secs] 
2014-04-07T18:35:30.872+0900: 32.753: [GC pause (G1 Evacuation Pause) (young), 0.1387678 secs]
   [Parallel Time: 124.5 ms, GC Workers: 13]
      [GC Worker Start (ms): Min: 32753.5, Avg: 32753.6, Max: 32753.7, Diff: 0.2]
      [Ext Root Scanning (ms): Min: 1.3, Avg: 1.4, Max: 2.0, Diff: 0.8, Sum: 18.3]
      [Update RS (ms): Min: 5.7, Avg: 6.5, Max: 7.3, Diff: 1.6, Sum: 84.2]
         [Processed Buffers: Min: 12, Avg: 18.7, Max: 28, Diff: 16, Sum: 243]
      [Scan RS (ms): Min: 10.8, Avg: 11.5, Max: 12.0, Diff: 1.2, Sum: 149.9]
      [Code Root Scanning (ms): Min: 0.0, Avg: 0.0, Max: 0.0, Diff: 0.0, Sum: 0.0]
      [Object Copy (ms): Min: 104.6, Avg: 104.8, Max: 104.9, Diff: 0.3, Sum: 1362.4]
      [Termination (ms): Min: 0.0, Avg: 0.0, Max: 0.0, Diff: 0.0, Sum: 0.1]
      [GC Worker Other (ms): Min: 0.0, Avg: 0.0, Max: 0.1, Diff: 0.1, Sum: 0.6]
      [GC Worker Total (ms): Min: 124.2, Avg: 124.3, Max: 124.3, Diff: 0.2, Sum: 1615.4]
      [GC Worker End (ms): Min: 32877.8, Avg: 32877.9, Max: 32877.9, Diff: 0.1]
   [Code Root Fixup: 0.4 ms]
   [Code Root Migration: 0.0 ms]
   [Clear CT: 1.3 ms]
   [Other: 12.5 ms]
      [Choose CSet: 0.0 ms]
      [Ref Proc: 7.9 ms]
      [Ref Enq: 0.7 ms]
      [Free CSet: 0.6 ms]
   [Eden: 1104.0M(1104.0M)->0.0B(1472.0M) Survivors: 208.0M->176.0M Heap: 5521.4M(24.0G)->4649.4M(24.0G)]
 [Times: user=1.63 sys=0.00, real=0.14 secs] 
2014-04-07T18:35:32.288+0900: 34.169: [GC pause (G1 Evacuation Pause) (young), 0.1609080 secs]
   [Parallel Time: 145.1 ms, GC Workers: 13]
      [GC Worker Start (ms): Min: 34169.8, Avg: 34169.9, Max: 34169.9, Diff: 0.1]
      [Ext Root Scanning (ms): Min: 0.8, Avg: 1.0, Max: 1.9, Diff: 1.1, Sum: 13.5]
      [Update RS (ms): Min: 9.8, Avg: 10.9, Max: 12.8, Diff: 3.0, Sum: 141.5]
         [Processed Buffers: Min: 10, Avg: 19.8, Max: 32, Diff: 22, Sum: 258]
      [Scan RS (ms): Min: 8.8, Avg: 10.6, Max: 12.2, Diff: 3.4, Sum: 138.1]
      [Code Root Scanning (ms): Min: 0.0, Avg: 0.0, Max: 0.0, Diff: 0.0, Sum: 0.0]
      [Object Copy (ms): Min: 121.2, Avg: 121.8, Max: 122.4, Diff: 1.2, Sum: 1583.1]
      [Termination (ms): Min: 0.2, Avg: 0.5, Max: 0.5, Diff: 0.3, Sum: 6.3]
      [GC Worker Other (ms): Min: 0.0, Avg: 0.0, Max: 0.1, Diff: 0.0, Sum: 0.5]
      [GC Worker Total (ms): Min: 144.8, Avg: 144.9, Max: 144.9, Diff: 0.1, Sum: 1883.1]
      [GC Worker End (ms): Min: 34314.7, Avg: 34314.7, Max: 34314.8, Diff: 0.1]
   [Code Root Fixup: 0.4 ms]
   [Code Root Migration: 0.0 ms]
   [Clear CT: 1.3 ms]
   [Other: 14.1 ms]
      [Choose CSet: 0.0 ms]
      [Ref Proc: 9.2 ms]
      [Ref Enq: 0.9 ms]
      [Free CSet: 0.8 ms]
   [Eden: 1472.0M(1472.0M)->0.0B(1344.0M) Survivors: 176.0M->208.0M Heap: 6121.4M(24.0G)->4929.4M(24.0G)]
 [Times: user=1.76 sys=0.15, real=0.16 secs] 
2014-04-07T18:35:33.421+0900: 35.303: [GC pause (G1 Evacuation Pause) (young), 0.1390878 secs]
   [Parallel Time: 125.2 ms, GC Workers: 13]
      [GC Worker Start (ms): Min: 35303.2, Avg: 35303.2, Max: 35303.3, Diff: 0.1]
      [Ext Root Scanning (ms): Min: 1.2, Avg: 1.3, Max: 1.7, Diff: 0.5, Sum: 17.5]
      [Update RS (ms): Min: 13.6, Avg: 14.0, Max: 14.5, Diff: 0.9, Sum: 182.2]
         [Processed Buffers: Min: 7, Avg: 21.2, Max: 38, Diff: 31, Sum: 276]
      [Scan RS (ms): Min: 10.3, Avg: 10.9, Max: 11.2, Diff: 0.9, Sum: 141.6]
      [Code Root Scanning (ms): Min: 0.0, Avg: 0.0, Max: 0.0, Diff: 0.0, Sum: 0.0]
      [Object Copy (ms): Min: 98.4, Avg: 98.6, Max: 98.8, Diff: 0.4, Sum: 1281.7]
      [Termination (ms): Min: 0.0, Avg: 0.0, Max: 0.0, Diff: 0.0, Sum: 0.1]
      [GC Worker Other (ms): Min: 0.0, Avg: 0.1, Max: 0.1, Diff: 0.1, Sum: 0.7]
      [GC Worker Total (ms): Min: 124.8, Avg: 124.9, Max: 125.0, Diff: 0.2, Sum: 1623.7]
      [GC Worker End (ms): Min: 35428.1, Avg: 35428.1, Max: 35428.2, Diff: 0.1]
   [Code Root Fixup: 0.4 ms]
   [Code Root Migration: 0.0 ms]
   [Clear CT: 1.3 ms]
   [Other: 12.2 ms]
      [Choose CSet: 0.0 ms]
      [Ref Proc: 7.6 ms]
      [Ref Enq: 0.7 ms]
      [Free CSet: 0.7 ms]
   [Eden: 1200.0M(1120.0M)->0.0B(2768.0M) Survivors: 208.0M->176.0M Heap: 6129.4M(24.0G)->5201.4M(24.0G)]
 [Times: user=1.64 sys=0.00, real=0.14 secs] 
2014-04-07T18:35:35.087+0900: 36.968: [GC pause (G1 Evacuation Pause) (young), 0.1896028 secs]
   [Parallel Time: 169.4 ms, GC Workers: 13]
      [GC Worker Start (ms): Min: 36968.6, Avg: 36968.7, Max: 36968.7, Diff: 0.1]
      [Ext Root Scanning (ms): Min: 0.7, Avg: 1.0, Max: 1.9, Diff: 1.1, Sum: 13.5]
      [Update RS (ms): Min: 14.2, Avg: 16.2, Max: 22.8, Diff: 8.6, Sum: 211.1]
         [Processed Buffers: Min: 5, Avg: 21.7, Max: 31, Diff: 26, Sum: 282]
      [Scan RS (ms): Min: 6.3, Avg: 13.1, Max: 14.4, Diff: 8.1, Sum: 169.9]
      [Code Root Scanning (ms): Min: 0.0, Avg: 0.0, Max: 0.0, Diff: 0.0, Sum: 0.0]
      [Object Copy (ms): Min: 138.0, Avg: 138.4, Max: 138.9, Diff: 0.9, Sum: 1799.7]
      [Termination (ms): Min: 0.0, Avg: 0.4, Max: 0.4, Diff: 0.4, Sum: 4.6]
      [GC Worker Other (ms): Min: 0.0, Avg: 0.0, Max: 0.1, Diff: 0.1, Sum: 0.5]
      [GC Worker Total (ms): Min: 169.1, Avg: 169.2, Max: 169.2, Diff: 0.1, Sum: 2199.2]
      [GC Worker End (ms): Min: 37137.8, Avg: 37137.8, Max: 37137.9, Diff: 0.1]
   [Code Root Fixup: 0.4 ms]
   [Code Root Migration: 0.0 ms]
   [Clear CT: 1.6 ms]
   [Other: 18.1 ms]
      [Choose CSet: 0.0 ms]
      [Ref Proc: 12.2 ms]
      [Ref Enq: 1.2 ms]
      [Free CSet: 1.0 ms]
   [Eden: 1840.0M(1840.0M)->0.0B(1344.0M) Survivors: 176.0M->256.0M Heap: 7041.4M(24.0G)->5545.4M(24.0G)]
 [Times: user=2.04 sys=0.19, real=0.19 secs] 
2014-04-07T18:35:36.193+0900: 38.074: [GC pause (G1 Evacuation Pause) (young), 0.1486336 secs]
   [Parallel Time: 134.4 ms, GC Workers: 13]
      [GC Worker Start (ms): Min: 38074.6, Avg: 38074.7, Max: 38074.8, Diff: 0.1]
      [Ext Root Scanning (ms): Min: 0.9, Avg: 1.3, Max: 1.9, Diff: 1.0, Sum: 17.2]
      [Update RS (ms): Min: 12.1, Avg: 13.0, Max: 14.2, Diff: 2.1, Sum: 169.1]
         [Processed Buffers: Min: 12, Avg: 20.5, Max: 37, Diff: 25, Sum: 267]
      [Scan RS (ms): Min: 12.5, Avg: 13.7, Max: 14.1, Diff: 1.6, Sum: 177.5]
      [Code Root Scanning (ms): Min: 0.0, Avg: 0.0, Max: 0.0, Diff: 0.0, Sum: 0.0]
      [Object Copy (ms): Min: 105.8, Avg: 106.1, Max: 106.6, Diff: 0.8, Sum: 1379.9]
      [Termination (ms): Min: 0.0, Avg: 0.0, Max: 0.0, Diff: 0.0, Sum: 0.2]
      [GC Worker Other (ms): Min: 0.0, Avg: 0.0, Max: 0.1, Diff: 0.0, Sum: 0.4]
      [GC Worker Total (ms): Min: 134.1, Avg: 134.2, Max: 134.3, Diff: 0.1, Sum: 1744.4]
      [GC Worker End (ms): Min: 38208.9, Avg: 38208.9, Max: 38208.9, Diff: 0.0]
   [Code Root Fixup: 0.4 ms]
   [Code Root Migration: 0.0 ms]
   [Clear CT: 1.5 ms]
   [Other: 12.3 ms]
      [Choose CSet: 0.0 ms]
      [Ref Proc: 7.0 ms]
      [Ref Enq: 0.6 ms]
      [Free CSet: 0.7 ms]
   [Eden: 1120.0M(1024.0M)->0.0B(2336.0M) Survivors: 256.0M->160.0M Heap: 6665.4M(24.0G)->5801.4M(24.0G)]
 [Times: user=1.76 sys=0.00, real=0.15 secs] 
2014-04-07T18:35:38.017+0900: 39.898: [GC pause (G1 Evacuation Pause) (young), 0.2009152 secs]
   [Parallel Time: 179.2 ms, GC Workers: 13]
      [GC Worker Start (ms): Min: 39898.3, Avg: 39898.4, Max: 39898.5, Diff: 0.1]
      [Ext Root Scanning (ms): Min: 0.8, Avg: 1.1, Max: 2.0, Diff: 1.2, Sum: 14.6]
      [Update RS (ms): Min: 19.0, Avg: 20.5, Max: 23.5, Diff: 4.5, Sum: 266.3]
         [Processed Buffers: Min: 3, Avg: 23.8, Max: 45, Diff: 42, Sum: 309]
      [Scan RS (ms): Min: 10.5, Avg: 13.5, Max: 14.9, Diff: 4.3, Sum: 175.6]
      [Code Root Scanning (ms): Min: 0.0, Avg: 0.0, Max: 0.0, Diff: 0.0, Sum: 0.0]
      [Object Copy (ms): Min: 141.9, Avg: 142.9, Max: 143.6, Diff: 1.6, Sum: 1857.5]
      [Termination (ms): Min: 0.5, Avg: 0.8, Max: 1.0, Diff: 0.5, Sum: 10.7]
      [GC Worker Other (ms): Min: 0.0, Avg: 0.0, Max: 0.1, Diff: 0.1, Sum: 0.5]
      [GC Worker Total (ms): Min: 178.8, Avg: 178.9, Max: 179.0, Diff: 0.2, Sum: 2325.3]
      [GC Worker End (ms): Min: 40077.3, Avg: 40077.3, Max: 40077.3, Diff: 0.1]
   [Code Root Fixup: 0.3 ms]
   [Code Root Migration: 0.0 ms]
   [Clear CT: 1.8 ms]
   [Other: 19.6 ms]
      [Choose CSet: 0.0 ms]
      [Ref Proc: 13.2 ms]
      [Ref Enq: 1.3 ms]
      [Free CSet: 1.0 ms]
   [Eden: 2016.0M(2016.0M)->0.0B(1504.0M) Survivors: 160.0M->272.0M Heap: 7817.4M(24.0G)->6185.4M(24.0G)]
 [Times: user=2.17 sys=0.18, real=0.20 secs] 
2014-04-07T18:35:39.187+0900: 41.069: [GC pause (G1 Evacuation Pause) (young), 0.1594786 secs]
   [Parallel Time: 143.7 ms, GC Workers: 13]
      [GC Worker Start (ms): Min: 41069.1, Avg: 41069.2, Max: 41069.3, Diff: 0.1]
      [Ext Root Scanning (ms): Min: 1.3, Avg: 1.4, Max: 1.6, Diff: 0.3, Sum: 18.1]
      [Update RS (ms): Min: 13.4, Avg: 15.1, Max: 21.3, Diff: 7.9, Sum: 196.7]
         [Processed Buffers: Min: 5, Avg: 22.5, Max: 49, Diff: 44, Sum: 293]
      [Scan RS (ms): Min: 8.6, Avg: 14.5, Max: 15.8, Diff: 7.2, Sum: 188.6]
      [Code Root Scanning (ms): Min: 0.0, Avg: 0.0, Max: 0.0, Diff: 0.0, Sum: 0.0]
      [Object Copy (ms): Min: 112.1, Avg: 112.4, Max: 112.8, Diff: 0.7, Sum: 1460.6]
      [Termination (ms): Min: 0.0, Avg: 0.0, Max: 0.0, Diff: 0.0, Sum: 0.0]
      [GC Worker Other (ms): Min: 0.0, Avg: 0.0, Max: 0.1, Diff: 0.0, Sum: 0.5]
      [GC Worker Total (ms): Min: 143.3, Avg: 143.4, Max: 143.5, Diff: 0.2, Sum: 1864.6]
      [GC Worker End (ms): Min: 41212.6, Avg: 41212.6, Max: 41212.7, Diff: 0.1]
   [Code Root Fixup: 0.3 ms]
   [Code Root Migration: 0.0 ms]
   [Clear CT: 1.6 ms]
   [Other: 13.8 ms]
      [Choose CSet: 0.0 ms]
      [Ref Proc: 8.0 ms]
      [Ref Enq: 0.7 ms]
      [Free CSet: 0.8 ms]
   [Eden: 1184.0M(1184.0M)->0.0B(2464.0M) Survivors: 272.0M->192.0M Heap: 7369.4M(24.0G)->6449.4M(24.0G)]
 [Times: user=1.89 sys=0.00, real=0.16 secs] 
2014-04-07T18:35:41.073+0900: 42.955: [GC pause (G1 Evacuation Pause) (young), 0.2141372 secs]
   [Parallel Time: 191.9 ms, GC Workers: 13]
      [GC Worker Start (ms): Min: 42955.1, Avg: 42955.1, Max: 42955.2, Diff: 0.1]
      [Ext Root Scanning (ms): Min: 0.8, Avg: 1.3, Max: 1.8, Diff: 1.0, Sum: 16.9]
      [Update RS (ms): Min: 15.2, Avg: 16.0, Max: 17.4, Diff: 2.2, Sum: 207.4]
         [Processed Buffers: Min: 13, Avg: 24.8, Max: 39, Diff: 26, Sum: 322]
      [Scan RS (ms): Min: 12.5, Avg: 14.0, Max: 14.6, Diff: 2.1, Sum: 181.4]
      [Code Root Scanning (ms): Min: 0.0, Avg: 0.0, Max: 0.0, Diff: 0.0, Sum: 0.1]
      [Object Copy (ms): Min: 159.3, Avg: 160.1, Max: 160.7, Diff: 1.4, Sum: 2081.6]
      [Termination (ms): Min: 0.0, Avg: 0.2, Max: 0.3, Diff: 0.3, Sum: 2.9]
      [GC Worker Other (ms): Min: 0.0, Avg: 0.1, Max: 0.1, Diff: 0.1, Sum: 0.8]
      [GC Worker Total (ms): Min: 191.5, Avg: 191.6, Max: 191.7, Diff: 0.2, Sum: 2491.0]
      [GC Worker End (ms): Min: 43146.7, Avg: 43146.8, Max: 43146.8, Diff: 0.1]
   [Code Root Fixup: 0.3 ms]
   [Code Root Migration: 0.0 ms]
   [Clear CT: 2.1 ms]
   [Other: 19.8 ms]
      [Choose CSet: 0.0 ms]
      [Ref Proc: 13.0 ms]
      [Ref Enq: 1.3 ms]
      [Free CSet: 1.0 ms]
   [Eden: 2064.0M(2064.0M)->0.0B(1568.0M) Survivors: 192.0M->288.0M Heap: 8513.4M(24.0G)->6833.4M(24.0G)]
 [Times: user=2.33 sys=0.19, real=0.21 secs] 
2014-04-07T18:35:42.282+0900: 44.163: [GC pause (G1 Evacuation Pause) (young), 0.1590551 secs]
   [Parallel Time: 144.0 ms, GC Workers: 13]
      [GC Worker Start (ms): Min: 44163.5, Avg: 44163.5, Max: 44163.6, Diff: 0.1]
      [Ext Root Scanning (ms): Min: 1.3, Avg: 1.4, Max: 1.9, Diff: 0.6, Sum: 18.2]
      [Update RS (ms): Min: 16.5, Avg: 16.9, Max: 18.8, Diff: 2.3, Sum: 219.1]
         [Processed Buffers: Min: 0, Avg: 23.1, Max: 43, Diff: 43, Sum: 300]
      [Scan RS (ms): Min: 13.5, Avg: 15.4, Max: 15.8, Diff: 2.3, Sum: 200.0]
      [Code Root Scanning (ms): Min: 0.0, Avg: 0.0, Max: 0.0, Diff: 0.0, Sum: 0.0]
      [Object Copy (ms): Min: 110.0, Avg: 110.1, Max: 110.2, Diff: 0.1, Sum: 1431.1]
      [Termination (ms): Min: 0.0, Avg: 0.0, Max: 0.0, Diff: 0.0, Sum: 0.1]
      [GC Worker Other (ms): Min: 0.0, Avg: 0.1, Max: 0.1, Diff: 0.1, Sum: 0.9]
      [GC Worker Total (ms): Min: 143.7, Avg: 143.8, Max: 143.9, Diff: 0.2, Sum: 1869.3]
      [GC Worker End (ms): Min: 44307.3, Avg: 44307.3, Max: 44307.4, Diff: 0.1]
   [Code Root Fixup: 0.4 ms]
   [Code Root Migration: 0.0 ms]
   [Clear CT: 1.6 ms]
   [Other: 13.0 ms]
      [Choose CSet: 0.0 ms]
      [Ref Proc: 6.7 ms]
      [Ref Enq: 0.7 ms]
      [Free CSet: 0.7 ms]
   [Eden: 1184.0M(1184.0M)->0.0B(2800.0M) Survivors: 288.0M->192.0M Heap: 8017.4M(24.0G)->7097.4M(24.0G)]
 [Times: user=1.89 sys=0.00, real=0.16 secs] 
2014-04-07T18:35:44.491+0900: 46.372: [GC pause (G1 Evacuation Pause) (young), 0.2432947 secs]
   [Parallel Time: 216.6 ms, GC Workers: 13]
      [GC Worker Start (ms): Min: 46372.4, Avg: 46372.5, Max: 46372.6, Diff: 0.1]
      [Ext Root Scanning (ms): Min: 0.8, Avg: 1.2, Max: 2.2, Diff: 1.5, Sum: 16.1]
      [Update RS (ms): Min: 16.5, Avg: 17.8, Max: 20.4, Diff: 3.9, Sum: 231.7]
         [Processed Buffers: Min: 15, Avg: 25.9, Max: 40, Diff: 25, Sum: 337]
      [Scan RS (ms): Min: 13.1, Avg: 15.5, Max: 16.1, Diff: 3.0, Sum: 201.7]
      [Code Root Scanning (ms): Min: 0.0, Avg: 0.0, Max: 0.0, Diff: 0.0, Sum: 0.1]
      [Object Copy (ms): Min: 180.5, Avg: 181.0, Max: 181.6, Diff: 1.1, Sum: 2353.4]
      [Termination (ms): Min: 0.4, Avg: 0.8, Max: 0.9, Diff: 0.5, Sum: 10.0]
      [GC Worker Other (ms): Min: 0.0, Avg: 0.0, Max: 0.1, Diff: 0.1, Sum: 0.5]
      [GC Worker Total (ms): Min: 216.3, Avg: 216.4, Max: 216.5, Diff: 0.2, Sum: 2813.4]
      [GC Worker End (ms): Min: 46588.9, Avg: 46588.9, Max: 46588.9, Diff: 0.1]
   [Code Root Fixup: 0.2 ms]
   [Code Root Migration: 0.0 ms]
   [Clear CT: 2.2 ms]
   [Other: 24.2 ms]
      [Choose CSet: 0.0 ms]
      [Ref Proc: 16.0 ms]
      [Ref Enq: 1.7 ms]
      [Free CSet: 1.2 ms]
   [Eden: 2432.0M(2432.0M)->0.0B(1328.0M) Survivors: 192.0M->336.0M Heap: 9529.4M(24.0G)->7553.4M(24.0G)]
 [Times: user=2.65 sys=0.20, real=0.24 secs] 
2014-04-07T18:35:45.835+0900: 47.716: [GC pause (G1 Evacuation Pause) (young), 0.4348311 secs]
   [Parallel Time: 416.5 ms, GC Workers: 13]
      [GC Worker Start (ms): Min: 47716.4, Avg: 47716.5, Max: 47716.6, Diff: 0.1]
      [Ext Root Scanning (ms): Min: 1.2, Avg: 1.3, Max: 1.7, Diff: 0.5, Sum: 17.4]
      [Update RS (ms): Min: 121.5, Avg: 133.6, Max: 189.2, Diff: 67.7, Sum: 1736.6]
         [Processed Buffers: Min: 8, Avg: 26.7, Max: 52, Diff: 44, Sum: 347]
      [Scan RS (ms): Min: 0.0, Avg: 54.6, Max: 67.1, Diff: 67.1, Sum: 710.1]
      [Code Root Scanning (ms): Min: 0.0, Avg: 0.0, Max: 0.0, Diff: 0.0, Sum: 0.1]
      [Object Copy (ms): Min: 225.6, Avg: 226.6, Max: 227.4, Diff: 1.8, Sum: 2945.2]
      [Termination (ms): Min: 0.0, Avg: 0.0, Max: 0.1, Diff: 0.1, Sum: 0.5]
      [GC Worker Other (ms): Min: 0.0, Avg: 0.0, Max: 0.1, Diff: 0.1, Sum: 0.6]
      [GC Worker Total (ms): Min: 416.1, Avg: 416.2, Max: 416.3, Diff: 0.2, Sum: 5410.6]
      [GC Worker End (ms): Min: 48132.7, Avg: 48132.7, Max: 48132.8, Diff: 0.1]
   [Code Root Fixup: 0.4 ms]
   [Code Root Migration: 0.0 ms]
   [Clear CT: 1.9 ms]
   [Other: 16.0 ms]
      [Choose CSet: 0.0 ms]
      [Ref Proc: 8.9 ms]
      [Ref Enq: 0.8 ms]
      [Free CSet: 0.9 ms]
   [Eden: 1328.0M(1328.0M)->0.0B(1008.0M) Survivors: 336.0M->208.0M Heap: 8881.4M(24.0G)->7865.4M(24.0G)]
 [Times: user=3.81 sys=0.19, real=0.43 secs] 
2014-04-07T18:35:47.139+0900: 49.020: [GC pause (G1 Evacuation Pause) (young) (initial-mark), 0.1770015 secs]
   [Parallel Time: 163.4 ms, GC Workers: 13]
      [GC Worker Start (ms): Min: 49021.0, Avg: 49021.1, Max: 49021.2, Diff: 0.2]
      [Ext Root Scanning (ms): Min: 3.9, Avg: 4.4, Max: 4.5, Diff: 0.6, Sum: 56.7]
      [Code Root Marking (ms): Min: 0.0, Avg: 0.5, Max: 4.3, Diff: 4.3, Sum: 7.0]
      [Update RS (ms): Min: 7.6, Avg: 11.6, Max: 12.6, Diff: 4.9, Sum: 150.2]
         [Processed Buffers: Min: 20, Avg: 25.6, Max: 34, Diff: 14, Sum: 333]
      [Scan RS (ms): Min: 15.5, Avg: 16.1, Max: 16.5, Diff: 1.0, Sum: 209.3]
      [Code Root Scanning (ms): Min: 0.0, Avg: 0.0, Max: 0.0, Diff: 0.0, Sum: 0.0]
      [Object Copy (ms): Min: 130.2, Avg: 130.4, Max: 131.2, Diff: 0.9, Sum: 1695.6]
      [Termination (ms): Min: 0.0, Avg: 0.1, Max: 0.1, Diff: 0.1, Sum: 0.7]
      [GC Worker Other (ms): Min: 0.0, Avg: 0.0, Max: 0.1, Diff: 0.1, Sum: 0.5]
      [GC Worker Total (ms): Min: 163.0, Avg: 163.1, Max: 163.2, Diff: 0.2, Sum: 2120.2]
      [GC Worker End (ms): Min: 49184.2, Avg: 49184.2, Max: 49184.2, Diff: 0.1]
   [Code Root Fixup: 0.4 ms]
   [Code Root Migration: 0.0 ms]
   [Clear CT: 1.9 ms]
   [Other: 11.3 ms]
      [Choose CSet: 0.0 ms]
      [Ref Proc: 6.5 ms]
      [Ref Enq: 0.6 ms]
      [Free CSet: 0.4 ms]
   [Eden: 1008.0M(1008.0M)->0.0B(1056.0M) Survivors: 208.0M->160.0M Heap: 8873.4M(24.0G)->8105.4M(24.0G)]
 [Times: user=2.10 sys=0.00, real=0.18 secs] 
2014-04-07T18:35:47.316+0900: 49.198: [GC concurrent-root-region-scan-start]
2014-04-07T18:35:47.355+0900: 49.236: [GC concurrent-root-region-scan-end, 0.0385496 secs]
2014-04-07T18:35:47.355+0900: 49.236: [GC concurrent-mark-start]
2014-04-07T18:35:48.399+0900: 50.280: [GC concurrent-mark-end, 1.0440304 secs]
2014-04-07T18:35:48.400+0900: 50.282: [GC remark 50.334: [GC ref-proc, 0.0127148 secs], 0.0819784 secs]
 [Times: user=0.83 sys=0.00, real=0.08 secs] 
2014-04-07T18:35:48.484+0900: 50.365: [GC cleanup 9062M->9062M(24G), 0.0168312 secs]
 [Times: user=0.20 sys=0.00, real=0.02 secs] 
2014-04-07T18:35:48.593+0900: 50.475: [GC pause (G1 Evacuation Pause) (young), 0.1219844 secs]
   [Parallel Time: 108.8 ms, GC Workers: 13]
      [GC Worker Start (ms): Min: 50475.1, Avg: 50475.2, Max: 50475.3, Diff: 0.1]
      [Ext Root Scanning (ms): Min: 1.3, Avg: 1.4, Max: 1.6, Diff: 0.3, Sum: 18.7]
      [Update RS (ms): Min: 15.0, Avg: 19.3, Max: 37.0, Diff: 22.0, Sum: 250.5]
         [Processed Buffers: Min: 4, Avg: 23.8, Max: 44, Diff: 40, Sum: 309]
      [Scan RS (ms): Min: 0.0, Avg: 6.8, Max: 9.3, Diff: 9.3, Sum: 88.6]
      [Code Root Scanning (ms): Min: 0.0, Avg: 0.0, Max: 0.0, Diff: 0.0, Sum: 0.0]
      [Object Copy (ms): Min: 70.0, Avg: 80.9, Max: 82.8, Diff: 12.8, Sum: 1052.2]
      [Termination (ms): Min: 0.0, Avg: 0.1, Max: 0.1, Diff: 0.1, Sum: 1.0]
      [GC Worker Other (ms): Min: 0.0, Avg: 0.0, Max: 0.1, Diff: 0.1, Sum: 0.6]
      [GC Worker Total (ms): Min: 108.5, Avg: 108.6, Max: 108.7, Diff: 0.2, Sum: 1411.6]
      [GC Worker End (ms): Min: 50583.7, Avg: 50583.8, Max: 50583.8, Diff: 0.1]
   [Code Root Fixup: 0.4 ms]
   [Code Root Migration: 0.0 ms]
   [Clear CT: 1.9 ms]
   [Other: 10.8 ms]
      [Choose CSet: 0.0 ms]
      [Ref Proc: 7.0 ms]
      [Ref Enq: 0.7 ms]
      [Free CSet: 0.6 ms]
   [Eden: 1056.0M(1056.0M)->0.0B(1056.0M) Survivors: 160.0M->160.0M Heap: 9161.4M(24.0G)->8337.4M(24.0G)]
 [Times: user=1.44 sys=0.00, real=0.12 secs] 
2014-04-07T18:35:49.576+0900: 51.457: [GC pause (G1 Evacuation Pause) (mixed), 0.1378602 secs]
   [Parallel Time: 121.3 ms, GC Workers: 13]
      [GC Worker Start (ms): Min: 51457.9, Avg: 51458.0, Max: 51458.1, Diff: 0.2]
      [Ext Root Scanning (ms): Min: 1.4, Avg: 1.5, Max: 2.4, Diff: 1.0, Sum: 19.8]
      [Update RS (ms): Min: 16.8, Avg: 17.8, Max: 18.3, Diff: 1.6, Sum: 231.1]
         [Processed Buffers: Min: 17, Avg: 25.3, Max: 43, Diff: 26, Sum: 329]
      [Scan RS (ms): Min: 11.7, Avg: 12.2, Max: 12.8, Diff: 1.2, Sum: 159.2]
      [Code Root Scanning (ms): Min: 0.0, Avg: 0.0, Max: 0.0, Diff: 0.0, Sum: 0.0]
      [Object Copy (ms): Min: 89.0, Avg: 89.4, Max: 89.6, Diff: 0.5, Sum: 1162.4]
      [Termination (ms): Min: 0.0, Avg: 0.0, Max: 0.0, Diff: 0.0, Sum: 0.0]
      [GC Worker Other (ms): Min: 0.0, Avg: 0.0, Max: 0.1, Diff: 0.0, Sum: 0.4]
      [GC Worker Total (ms): Min: 120.9, Avg: 121.0, Max: 121.1, Diff: 0.2, Sum: 1573.1]
      [GC Worker End (ms): Min: 51579.0, Avg: 51579.0, Max: 51579.0, Diff: 0.0]
   [Code Root Fixup: 0.5 ms]
   [Code Root Migration: 0.0 ms]
   [Clear CT: 2.2 ms]
   [Other: 13.9 ms]
      [Choose CSet: 0.1 ms]
      [Ref Proc: 8.6 ms]
      [Ref Enq: 1.0 ms]
      [Free CSet: 1.1 ms]
   [Eden: 1056.0M(1056.0M)->0.0B(1056.0M) Survivors: 160.0M->160.0M Heap: 9393.4M(24.0G)->7889.4M(24.0G)]
 [Times: user=1.64 sys=0.00, real=0.14 secs] 
2014-04-07T18:35:50.590+0900: 52.471: [GC pause (G1 Evacuation Pause) (mixed), 0.1465183 secs]
   [Parallel Time: 129.9 ms, GC Workers: 13]
      [GC Worker Start (ms): Min: 52471.6, Avg: 52471.7, Max: 52471.8, Diff: 0.1]
      [Ext Root Scanning (ms): Min: 1.2, Avg: 1.3, Max: 1.7, Diff: 0.5, Sum: 17.3]
      [Update RS (ms): Min: 14.1, Avg: 14.8, Max: 15.8, Diff: 1.7, Sum: 192.7]
         [Processed Buffers: Min: 15, Avg: 22.8, Max: 37, Diff: 22, Sum: 296]
      [Scan RS (ms): Min: 17.0, Avg: 18.0, Max: 18.9, Diff: 1.9, Sum: 234.0]
      [Code Root Scanning (ms): Min: 0.0, Avg: 0.0, Max: 0.1, Diff: 0.1, Sum: 0.2]
      [Object Copy (ms): Min: 94.1, Avg: 94.6, Max: 95.1, Diff: 1.0, Sum: 1229.3]
      [Termination (ms): Min: 0.3, Avg: 0.9, Max: 1.0, Diff: 0.7, Sum: 11.1]
      [GC Worker Other (ms): Min: 0.0, Avg: 0.0, Max: 0.1, Diff: 0.1, Sum: 0.5]
      [GC Worker Total (ms): Min: 129.5, Avg: 129.6, Max: 129.7, Diff: 0.2, Sum: 1685.0]
      [GC Worker End (ms): Min: 52601.3, Avg: 52601.3, Max: 52601.3, Diff: 0.1]
   [Code Root Fixup: 0.5 ms]
   [Code Root Migration: 0.4 ms]
   [Clear CT: 2.4 ms]
   [Other: 13.4 ms]
      [Choose CSet: 0.2 ms]
      [Ref Proc: 7.5 ms]
      [Ref Enq: 0.9 ms]
      [Free CSet: 1.4 ms]
   [Eden: 1056.0M(1056.0M)->0.0B(1056.0M) Survivors: 160.0M->160.0M Heap: 8945.4M(24.0G)->7408.0M(24.0G)]
 [Times: user=1.68 sys=0.04, real=0.15 secs] 
2014-04-07T18:35:51.621+0900: 53.502: [GC pause (G1 Evacuation Pause) (mixed), 0.1306265 secs]
   [Parallel Time: 116.8 ms, GC Workers: 13]
      [GC Worker Start (ms): Min: 53502.8, Avg: 53502.9, Max: 53503.0, Diff: 0.1]
      [Ext Root Scanning (ms): Min: 1.3, Avg: 1.4, Max: 2.3, Diff: 1.0, Sum: 18.8]
      [Update RS (ms): Min: 17.7, Avg: 18.3, Max: 20.3, Diff: 2.6, Sum: 238.0]
         [Processed Buffers: Min: 17, Avg: 27.9, Max: 41, Diff: 24, Sum: 363]
      [Scan RS (ms): Min: 7.8, Avg: 9.5, Max: 10.2, Diff: 2.4, Sum: 123.9]
      [Code Root Scanning (ms): Min: 0.0, Avg: 0.0, Max: 0.0, Diff: 0.0, Sum: 0.0]
      [Object Copy (ms): Min: 86.8, Avg: 87.0, Max: 87.1, Diff: 0.3, Sum: 1130.7]
      [Termination (ms): Min: 0.0, Avg: 0.2, Max: 0.3, Diff: 0.3, Sum: 3.2]
      [GC Worker Other (ms): Min: 0.0, Avg: 0.0, Max: 0.0, Diff: 0.0, Sum: 0.3]
      [GC Worker Total (ms): Min: 116.5, Avg: 116.5, Max: 116.6, Diff: 0.1, Sum: 1515.0]
      [GC Worker End (ms): Min: 53619.4, Avg: 53619.4, Max: 53619.5, Diff: 0.0]
   [Code Root Fixup: 0.3 ms]
   [Code Root Migration: 0.0 ms]
   [Clear CT: 2.0 ms]
   [Other: 11.6 ms]
      [Choose CSet: 0.0 ms]
      [Ref Proc: 7.2 ms]
      [Ref Enq: 0.7 ms]
      [Free CSet: 0.6 ms]
   [Eden: 1056.0M(1056.0M)->0.0B(2896.0M) Survivors: 160.0M->160.0M Heap: 8464.0M(24.0G)->7496.0M(24.0G)]
 [Times: user=1.53 sys=0.01, real=0.13 secs] 
2014-04-07T18:35:53.869+0900: 55.751: [GC pause (G1 Evacuation Pause) (young), 0.2353818 secs]
   [Parallel Time: 208.7 ms, GC Workers: 13]
      [GC Worker Start (ms): Min: 55751.0, Avg: 55751.0, Max: 55751.1, Diff: 0.1]
      [Ext Root Scanning (ms): Min: 1.2, Avg: 1.5, Max: 1.8, Diff: 0.6, Sum: 18.9]
      [Update RS (ms): Min: 20.7, Avg: 21.3, Max: 22.8, Diff: 2.1, Sum: 276.4]
         [Processed Buffers: Min: 20, Avg: 29.5, Max: 52, Diff: 32, Sum: 383]
      [Scan RS (ms): Min: 12.0, Avg: 13.5, Max: 14.2, Diff: 2.3, Sum: 176.0]
      [Code Root Scanning (ms): Min: 0.0, Avg: 0.0, Max: 0.0, Diff: 0.0, Sum: 0.1]
      [Object Copy (ms): Min: 172.0, Avg: 172.1, Max: 172.5, Diff: 0.5, Sum: 2237.9]
      [Termination (ms): Min: 0.0, Avg: 0.0, Max: 0.0, Diff: 0.0, Sum: 0.1]
      [GC Worker Other (ms): Min: 0.0, Avg: 0.1, Max: 0.1, Diff: 0.1, Sum: 0.8]
      [GC Worker Total (ms): Min: 208.4, Avg: 208.5, Max: 208.6, Diff: 0.2, Sum: 2710.1]
      [GC Worker End (ms): Min: 55959.5, Avg: 55959.5, Max: 55959.6, Diff: 0.1]
   [Code Root Fixup: 0.4 ms]
   [Code Root Migration: 0.1 ms]
   [Clear CT: 2.1 ms]
   [Other: 24.0 ms]
      [Choose CSet: 0.0 ms]
      [Ref Proc: 17.1 ms]
      [Ref Enq: 1.5 ms]
      [Free CSet: 1.2 ms]
   [Eden: 2560.0M(1984.0M)->0.0B(1536.0M) Survivors: 160.0M->272.0M Heap: 10056.0M(24.0G)->7960.0M(24.0G)]
 [Times: user=2.60 sys=0.15, real=0.24 secs] 
2014-04-07T18:35:55.370+0900: 57.251: [GC pause (G1 Evacuation Pause) (young) (initial-mark), 0.1919778 secs]
   [Parallel Time: 173.5 ms, GC Workers: 13]
      [GC Worker Start (ms): Min: 57251.5, Avg: 57251.6, Max: 57251.6, Diff: 0.1]
      [Ext Root Scanning (ms): Min: 0.9, Avg: 1.4, Max: 3.9, Diff: 2.9, Sum: 18.4]
      [Code Root Marking (ms): Min: 0.0, Avg: 0.5, Max: 4.4, Diff: 4.4, Sum: 6.7]
      [Update RS (ms): Min: 13.6, Avg: 17.4, Max: 20.2, Diff: 6.7, Sum: 226.8]
         [Processed Buffers: Min: 14, Avg: 25.5, Max: 52, Diff: 38, Sum: 331]
      [Scan RS (ms): Min: 17.1, Avg: 19.2, Max: 19.7, Diff: 2.5, Sum: 250.1]
      [Code Root Scanning (ms): Min: 0.0, Avg: 0.0, Max: 0.0, Diff: 0.0, Sum: 0.1]
      [Object Copy (ms): Min: 134.0, Avg: 134.2, Max: 134.8, Diff: 0.8, Sum: 1745.1]
      [Termination (ms): Min: 0.0, Avg: 0.3, Max: 0.4, Diff: 0.4, Sum: 4.4]
      [GC Worker Other (ms): Min: 0.0, Avg: 0.0, Max: 0.1, Diff: 0.1, Sum: 0.6]
      [GC Worker Total (ms): Min: 173.1, Avg: 173.2, Max: 173.4, Diff: 0.2, Sum: 2252.2]
      [GC Worker End (ms): Min: 57424.8, Avg: 57424.8, Max: 57424.8, Diff: 0.1]
   [Code Root Fixup: 0.4 ms]
   [Code Root Migration: 0.0 ms]
   [Clear CT: 2.2 ms]
   [Other: 15.8 ms]
      [Choose CSet: 0.0 ms]
      [Ref Proc: 9.5 ms]
      [Ref Enq: 1.0 ms]
      [Free CSet: 0.8 ms]
   [Eden: 1472.0M(944.0M)->0.0B(2448.0M) Survivors: 272.0M->160.0M Heap: 9432.0M(24.0G)->8288.0M(24.0G)]
 [Times: user=2.29 sys=0.00, real=0.20 secs] 
2014-04-07T18:35:55.562+0900: 57.443: [GC concurrent-root-region-scan-start]
2014-04-07T18:35:55.606+0900: 57.487: [GC concurrent-root-region-scan-end, 0.0439714 secs]
2014-04-07T18:35:55.606+0900: 57.487: [GC concurrent-mark-start]
2014-04-07T18:35:56.720+0900: 58.602: [GC concurrent-mark-end, 1.1145810 secs]
2014-04-07T18:35:56.722+0900: 58.603: [GC remark 58.643: [GC ref-proc, 0.0135308 secs], 0.0741374 secs]
 [Times: user=0.70 sys=0.00, real=0.07 secs] 
2014-04-07T18:35:56.798+0900: 58.679: [GC cleanup 9323M->9323M(24G), 0.0177666 secs]
 [Times: user=0.21 sys=0.00, real=0.02 secs] 
2014-04-07T18:35:58.012+0900: 59.894: [GC pause (G1 Evacuation Pause) (young), 0.2403878 secs]
   [Parallel Time: 214.1 ms, GC Workers: 13]
      [GC Worker Start (ms): Min: 59894.0, Avg: 59894.1, Max: 59894.1, Diff: 0.1]
      [Ext Root Scanning (ms): Min: 1.0, Avg: 1.2, Max: 2.2, Diff: 1.2, Sum: 16.0]
      [Update RS (ms): Min: 19.4, Avg: 20.3, Max: 20.8, Diff: 1.4, Sum: 263.4]
         [Processed Buffers: Min: 18, Avg: 27.9, Max: 45, Diff: 27, Sum: 363]
      [Scan RS (ms): Min: 17.3, Avg: 17.7, Max: 18.1, Diff: 0.9, Sum: 230.1]
      [Code Root Scanning (ms): Min: 0.0, Avg: 0.0, Max: 0.0, Diff: 0.0, Sum: 0.1]
      [Object Copy (ms): Min: 173.9, Avg: 174.5, Max: 175.3, Diff: 1.5, Sum: 2269.1]
      [Termination (ms): Min: 0.0, Avg: 0.1, Max: 0.2, Diff: 0.2, Sum: 1.6]
      [GC Worker Other (ms): Min: 0.0, Avg: 0.0, Max: 0.1, Diff: 0.1, Sum: 0.6]
      [GC Worker Total (ms): Min: 213.8, Avg: 213.9, Max: 214.0, Diff: 0.2, Sum: 2780.8]
      [GC Worker End (ms): Min: 60107.9, Avg: 60108.0, Max: 60108.0, Diff: 0.1]
   [Code Root Fixup: 0.4 ms]
   [Code Root Migration: 0.0 ms]
   [Clear CT: 2.3 ms]
   [Other: 23.5 ms]
      [Choose CSet: 0.0 ms]
      [Ref Proc: 16.4 ms]
      [Ref Enq: 1.6 ms]
      [Free CSet: 1.2 ms]
   [Eden: 2448.0M(2448.0M)->0.0B(880.0M) Survivors: 160.0M->336.0M Heap: 10.5G(24.0G)->8736.0M(24.0G)]
 [Times: user=2.63 sys=0.20, real=0.24 secs] 
2014-04-07T18:35:58.982+0900: 60.863: [GC pause (G1 Evacuation Pause) (mixed), 0.1786769 secs]
   [Parallel Time: 162.0 ms, GC Workers: 13]
      [GC Worker Start (ms): Min: 60863.7, Avg: 60863.7, Max: 60863.8, Diff: 0.1]
      [Ext Root Scanning (ms): Min: 1.3, Avg: 1.5, Max: 2.3, Diff: 1.0, Sum: 19.0]
      [Update RS (ms): Min: 20.7, Avg: 21.5, Max: 22.3, Diff: 1.6, Sum: 279.2]
         [Processed Buffers: Min: 19, Avg: 28.8, Max: 39, Diff: 20, Sum: 375]
      [Scan RS (ms): Min: 20.3, Avg: 20.9, Max: 21.4, Diff: 1.1, Sum: 271.4]
      [Code Root Scanning (ms): Min: 0.0, Avg: 0.0, Max: 0.0, Diff: 0.0, Sum: 0.0]
      [Object Copy (ms): Min: 117.1, Avg: 117.8, Max: 118.0, Diff: 0.9, Sum: 1531.9]
      [Termination (ms): Min: 0.0, Avg: 0.0, Max: 0.0, Diff: 0.0, Sum: 0.0]
      [GC Worker Other (ms): Min: 0.0, Avg: 0.0, Max: 0.1, Diff: 0.1, Sum: 0.5]
      [GC Worker Total (ms): Min: 161.6, Avg: 161.7, Max: 161.8, Diff: 0.2, Sum: 2102.1]
      [GC Worker End (ms): Min: 61025.4, Avg: 61025.4, Max: 61025.5, Diff: 0.1]
   [Code Root Fixup: 0.4 ms]
   [Code Root Migration: 0.0 ms]
   [Clear CT: 2.6 ms]
   [Other: 13.6 ms]
      [Choose CSet: 0.2 ms]
      [Ref Proc: 5.9 ms]
      [Ref Enq: 0.6 ms]
      [Free CSet: 1.2 ms]
   [Eden: 880.0M(880.0M)->0.0B(1056.0M) Survivors: 336.0M->160.0M Heap: 9616.0M(24.0G)->8360.0M(24.0G)]
 [Times: user=2.14 sys=0.00, real=0.18 secs] 
2014-04-07T18:36:00.081+0900: 61.963: [GC pause (G1 Evacuation Pause) (mixed), 0.1541992 secs]
   [Parallel Time: 138.3 ms, GC Workers: 13]
      [GC Worker Start (ms): Min: 61963.2, Avg: 61963.3, Max: 61963.3, Diff: 0.1]
      [Ext Root Scanning (ms): Min: 1.2, Avg: 1.4, Max: 2.2, Diff: 1.0, Sum: 17.9]
      [Update RS (ms): Min: 26.8, Avg: 29.7, Max: 43.6, Diff: 16.8, Sum: 386.3]
         [Processed Buffers: Min: 0, Avg: 24.1, Max: 54, Diff: 54, Sum: 313]
      [Scan RS (ms): Min: 0.0, Avg: 11.9, Max: 14.5, Diff: 14.5, Sum: 154.4]
      [Code Root Scanning (ms): Min: 0.0, Avg: 0.0, Max: 0.0, Diff: 0.0, Sum: 0.0]
      [Object Copy (ms): Min: 93.1, Avg: 95.1, Max: 95.4, Diff: 2.2, Sum: 1235.7]
      [Termination (ms): Min: 0.0, Avg: 0.0, Max: 0.0, Diff: 0.0, Sum: 0.1]
      [GC Worker Other (ms): Min: 0.0, Avg: 0.0, Max: 0.1, Diff: 0.1, Sum: 0.5]
      [GC Worker Total (ms): Min: 138.0, Avg: 138.1, Max: 138.2, Diff: 0.2, Sum: 1795.0]
      [GC Worker End (ms): Min: 62101.3, Avg: 62101.3, Max: 62101.4, Diff: 0.1]
   [Code Root Fixup: 0.4 ms]
   [Code Root Migration: 0.0 ms]
   [Clear CT: 2.3 ms]
   [Other: 13.2 ms]
      [Choose CSet: 0.1 ms]
      [Ref Proc: 7.6 ms]
      [Ref Enq: 1.0 ms]
      [Free CSet: 0.9 ms]
   [Eden: 1056.0M(1056.0M)->0.0B(2336.0M) Survivors: 160.0M->160.0M Heap: 9416.0M(24.0G)->8312.0M(24.0G)]
 [Times: user=1.82 sys=0.01, real=0.16 secs] 
2014-04-07T18:36:02.189+0900: 64.070: [GC pause (G1 Evacuation Pause) (young), 0.2170089 secs]
   [Parallel Time: 190.1 ms, GC Workers: 13]
      [GC Worker Start (ms): Min: 64070.8, Avg: 64070.9, Max: 64071.0, Diff: 0.1]
      [Ext Root Scanning (ms): Min: 1.4, Avg: 1.5, Max: 2.0, Diff: 0.7, Sum: 19.2]
      [Update RS (ms): Min: 18.9, Avg: 19.6, Max: 21.9, Diff: 3.0, Sum: 255.3]
         [Processed Buffers: Min: 18, Avg: 27.5, Max: 46, Diff: 28, Sum: 358]
      [Scan RS (ms): Min: 12.4, Avg: 14.5, Max: 15.1, Diff: 2.8, Sum: 188.5]
      [Code Root Scanning (ms): Min: 0.0, Avg: 0.0, Max: 0.0, Diff: 0.0, Sum: 0.0]
      [Object Copy (ms): Min: 154.0, Avg: 154.2, Max: 154.3, Diff: 0.4, Sum: 2004.0]
      [Termination (ms): Min: 0.0, Avg: 0.0, Max: 0.0, Diff: 0.0, Sum: 0.2]
      [GC Worker Other (ms): Min: 0.0, Avg: 0.0, Max: 0.1, Diff: 0.1, Sum: 0.6]
      [GC Worker Total (ms): Min: 189.7, Avg: 189.8, Max: 189.9, Diff: 0.2, Sum: 2467.8]
      [GC Worker End (ms): Min: 64260.7, Avg: 64260.7, Max: 64260.8, Diff: 0.1]
   [Code Root Fixup: 0.4 ms]
   [Code Root Migration: 0.0 ms]
   [Clear CT: 2.5 ms]
   [Other: 23.9 ms]
      [Choose CSet: 0.0 ms]
      [Ref Proc: 15.7 ms]
      [Ref Enq: 1.6 ms]
      [Free CSet: 1.2 ms]
   [Eden: 2336.0M(2336.0M)->0.0B(1280.0M) Survivors: 160.0M->320.0M Heap: 10.4G(24.0G)->8784.0M(24.0G)]
 [Times: user=2.51 sys=0.00, real=0.22 secs] 
2014-04-07T18:36:03.543+0900: 65.425: [GC pause (G1 Evacuation Pause) (young) (initial-mark), 0.1816677 secs]
   [Parallel Time: 163.0 ms, GC Workers: 13]
      [GC Worker Start (ms): Min: 65425.3, Avg: 65425.4, Max: 65425.5, Diff: 0.1]
      [Ext Root Scanning (ms): Min: 1.0, Avg: 1.3, Max: 3.0, Diff: 2.0, Sum: 17.2]
      [Code Root Marking (ms): Min: 0.0, Avg: 0.7, Max: 6.3, Diff: 6.3, Sum: 8.8]
      [Update RS (ms): Min: 13.0, Avg: 18.2, Max: 19.6, Diff: 6.6, Sum: 236.5]
         [Processed Buffers: Min: 15, Avg: 26.0, Max: 36, Diff: 21, Sum: 338]
      [Scan RS (ms): Min: 16.4, Avg: 17.1, Max: 17.5, Diff: 1.1, Sum: 221.7]
      [Code Root Scanning (ms): Min: 0.0, Avg: 0.0, Max: 0.0, Diff: 0.0, Sum: 0.0]
      [Object Copy (ms): Min: 125.3, Avg: 125.4, Max: 125.7, Diff: 0.4, Sum: 1629.9]
      [Termination (ms): Min: 0.0, Avg: 0.0, Max: 0.0, Diff: 0.0, Sum: 0.1]
      [GC Worker Other (ms): Min: 0.0, Avg: 0.0, Max: 0.1, Diff: 0.1, Sum: 0.6]
      [GC Worker Total (ms): Min: 162.6, Avg: 162.7, Max: 162.8, Diff: 0.2, Sum: 2114.9]
      [GC Worker End (ms): Min: 65588.1, Avg: 65588.1, Max: 65588.2, Diff: 0.1]
   [Code Root Fixup: 0.4 ms]
   [Code Root Migration: 0.0 ms]
   [Clear CT: 2.3 ms]
   [Other: 15.9 ms]
      [Choose CSet: 0.0 ms]
      [Ref Proc: 8.4 ms]
      [Ref Enq: 0.8 ms]
      [Free CSet: 0.8 ms]
   [Eden: 1280.0M(1280.0M)->0.0B(2320.0M) Survivors: 320.0M->208.0M Heap: 10064.0M(24.0G)->9056.0M(24.0G)]
 [Times: user=2.16 sys=0.00, real=0.18 secs] 
2014-04-07T18:36:03.725+0900: 65.607: [GC concurrent-root-region-scan-start]
2014-04-07T18:36:03.785+0900: 65.666: [GC concurrent-root-region-scan-end, 0.0594434 secs]
2014-04-07T18:36:03.785+0900: 65.666: [GC concurrent-mark-start]
2014-04-07T18:36:05.179+0900: 67.060: [GC concurrent-mark-end, 1.3941350 secs]
2014-04-07T18:36:05.180+0900: 67.062: [GC remark 67.100: [GC ref-proc, 0.0122583 secs], 0.0741403 secs]
 [Times: user=0.72 sys=0.00, real=0.08 secs] 
2014-04-07T18:36:05.256+0900: 67.138: [GC cleanup 10G->10G(24G), 0.0197600 secs]
 [Times: user=0.24 sys=0.01, real=0.02 secs] 
2014-04-07T18:36:05.277+0900: 67.158: [GC concurrent-cleanup-start]
2014-04-07T18:36:05.277+0900: 67.158: [GC concurrent-cleanup-end, 0.0000799 secs]
2014-04-07T18:36:06.169+0900: 68.050: [GC pause (G1 Evacuation Pause) (young), 0.2441027 secs]
   [Parallel Time: 215.9 ms, GC Workers: 13]
      [GC Worker Start (ms): Min: 68050.6, Avg: 68050.7, Max: 68050.7, Diff: 0.2]
      [Ext Root Scanning (ms): Min: 0.9, Avg: 1.2, Max: 1.7, Diff: 0.8, Sum: 16.1]
      [Update RS (ms): Min: 20.1, Avg: 21.8, Max: 34.1, Diff: 14.1, Sum: 283.2]
         [Processed Buffers: Min: 2, Avg: 25.0, Max: 46, Diff: 44, Sum: 325]
      [Scan RS (ms): Min: 4.3, Avg: 16.3, Max: 17.5, Diff: 13.2, Sum: 211.9]
      [Code Root Scanning (ms): Min: 0.0, Avg: 0.0, Max: 0.0, Diff: 0.0, Sum: 0.1]
      [Object Copy (ms): Min: 175.2, Avg: 176.0, Max: 176.9, Diff: 1.6, Sum: 2288.4]
      [Termination (ms): Min: 0.0, Avg: 0.2, Max: 0.3, Diff: 0.3, Sum: 3.2]
      [GC Worker Other (ms): Min: 0.0, Avg: 0.0, Max: 0.1, Diff: 0.1, Sum: 0.5]
      [GC Worker Total (ms): Min: 215.5, Avg: 215.6, Max: 215.7, Diff: 0.2, Sum: 2803.4]
      [GC Worker End (ms): Min: 68266.2, Avg: 68266.3, Max: 68266.3, Diff: 0.1]
   [Code Root Fixup: 0.4 ms]
   [Code Root Migration: 0.0 ms]
   [Clear CT: 3.0 ms]
   [Other: 24.8 ms]
      [Choose CSet: 0.0 ms]
      [Ref Proc: 16.3 ms]
      [Ref Enq: 1.7 ms]
      [Free CSet: 1.3 ms]
   [Eden: 2320.0M(2320.0M)->0.0B(896.0M) Survivors: 208.0M->320.0M Heap: 11.1G(24.0G)->9440.0M(24.0G)]
 [Times: user=2.68 sys=0.18, real=0.24 secs] 
2014-04-07T18:36:07.211+0900: 69.092: [GC pause (G1 Evacuation Pause) (mixed), 0.1946564 secs]
   [Parallel Time: 177.8 ms, GC Workers: 13]
      [GC Worker Start (ms): Min: 69092.7, Avg: 69092.8, Max: 69092.9, Diff: 0.2]
      [Ext Root Scanning (ms): Min: 1.3, Avg: 1.4, Max: 2.3, Diff: 1.1, Sum: 18.8]
      [Update RS (ms): Min: 19.1, Avg: 33.0, Max: 46.5, Diff: 27.4, Sum: 429.5]
         [Processed Buffers: Min: 6, Avg: 23.0, Max: 64, Diff: 58, Sum: 299]
      [Scan RS (ms): Min: 13.3, Avg: 26.7, Max: 40.7, Diff: 27.3, Sum: 347.5]
      [Code Root Scanning (ms): Min: 0.0, Avg: 0.0, Max: 0.0, Diff: 0.0, Sum: 0.1]
      [Object Copy (ms): Min: 116.1, Avg: 116.3, Max: 116.4, Diff: 0.3, Sum: 1512.1]
      [Termination (ms): Min: 0.0, Avg: 0.0, Max: 0.0, Diff: 0.0, Sum: 0.0]
      [GC Worker Other (ms): Min: 0.0, Avg: 0.0, Max: 0.1, Diff: 0.1, Sum: 0.6]
      [GC Worker Total (ms): Min: 177.5, Avg: 177.6, Max: 177.7, Diff: 0.2, Sum: 2308.6]
      [GC Worker End (ms): Min: 69270.4, Avg: 69270.4, Max: 69270.4, Diff: 0.1]
   [Code Root Fixup: 0.4 ms]
   [Code Root Migration: 0.1 ms]
   [Clear CT: 2.4 ms]
   [Other: 13.9 ms]
      [Choose CSet: 0.2 ms]
      [Ref Proc: 6.1 ms]
      [Ref Enq: 1.0 ms]
      [Free CSet: 1.3 ms]
   [Eden: 896.0M(896.0M)->0.0B(1056.0M) Survivors: 320.0M->160.0M Heap: 10.1G(24.0G)->9080.0M(24.0G)]
 [Times: user=2.34 sys=0.00, real=0.20 secs] 
2014-04-07T18:36:08.351+0900: 70.233: [GC pause (G1 Evacuation Pause) (mixed), 0.1325939 secs]
   [Parallel Time: 118.4 ms, GC Workers: 13]
      [GC Worker Start (ms): Min: 70233.0, Avg: 70233.1, Max: 70233.2, Diff: 0.2]
      [Ext Root Scanning (ms): Min: 1.3, Avg: 1.4, Max: 1.9, Diff: 0.7, Sum: 18.2]
      [Update RS (ms): Min: 17.1, Avg: 17.6, Max: 18.1, Diff: 1.1, Sum: 229.3]
         [Processed Buffers: Min: 17, Avg: 25.0, Max: 45, Diff: 28, Sum: 325]
      [Scan RS (ms): Min: 9.3, Avg: 9.7, Max: 10.0, Diff: 0.7, Sum: 125.9]
      [Code Root Scanning (ms): Min: 0.0, Avg: 0.0, Max: 0.0, Diff: 0.0, Sum: 0.0]
      [Object Copy (ms): Min: 89.2, Avg: 89.3, Max: 89.4, Diff: 0.2, Sum: 1160.5]
      [Termination (ms): Min: 0.0, Avg: 0.0, Max: 0.1, Diff: 0.1, Sum: 0.6]
      [GC Worker Other (ms): Min: 0.0, Avg: 0.0, Max: 0.1, Diff: 0.0, Sum: 0.5]
      [GC Worker Total (ms): Min: 118.0, Avg: 118.1, Max: 118.1, Diff: 0.1, Sum: 1534.9]
      [GC Worker End (ms): Min: 70351.2, Avg: 70351.2, Max: 70351.2, Diff: 0.0]
   [Code Root Fixup: 0.4 ms]
   [Code Root Migration: 0.0 ms]
   [Clear CT: 2.4 ms]
   [Other: 11.4 ms]
      [Choose CSet: 0.1 ms]
      [Ref Proc: 6.7 ms]
      [Ref Enq: 0.6 ms]
      [Free CSet: 0.7 ms]
   [Eden: 1056.0M(1056.0M)->0.0B(2720.0M) Survivors: 160.0M->160.0M Heap: 10136.0M(24.0G)->9216.0M(24.0G)]
 [Times: user=1.56 sys=0.01, real=0.14 secs] 
2014-04-07T18:36:10.723+0900: 72.604: [GC pause (G1 Evacuation Pause) (young), 0.2446866 secs]
   [Parallel Time: 213.1 ms, GC Workers: 13]
      [GC Worker Start (ms): Min: 72604.7, Avg: 72604.8, Max: 72604.9, Diff: 0.1]
      [Ext Root Scanning (ms): Min: 0.9, Avg: 1.4, Max: 1.7, Diff: 0.8, Sum: 17.9]
      [Update RS (ms): Min: 15.8, Avg: 16.8, Max: 20.9, Diff: 5.1, Sum: 217.8]
         [Processed Buffers: Min: 15, Avg: 23.8, Max: 35, Diff: 20, Sum: 310]
      [Scan RS (ms): Min: 14.4, Avg: 18.5, Max: 19.2, Diff: 4.7, Sum: 241.1]
      [Code Root Scanning (ms): Min: 0.0, Avg: 0.0, Max: 0.0, Diff: 0.0, Sum: 0.1]
      [Object Copy (ms): Min: 175.1, Avg: 175.5, Max: 176.2, Diff: 1.1, Sum: 2281.9]
      [Termination (ms): Min: 0.2, Avg: 0.6, Max: 0.6, Diff: 0.5, Sum: 7.3]
      [GC Worker Other (ms): Min: 0.0, Avg: 0.0, Max: 0.1, Diff: 0.1, Sum: 0.5]
      [GC Worker Total (ms): Min: 212.7, Avg: 212.8, Max: 212.9, Diff: 0.1, Sum: 2766.5]
      [GC Worker End (ms): Min: 72817.6, Avg: 72817.6, Max: 72817.7, Diff: 0.1]
   [Code Root Fixup: 0.3 ms]
   [Code Root Migration: 0.0 ms]
   [Clear CT: 3.2 ms]
   [Other: 28.2 ms]
      [Choose CSet: 0.0 ms]
      [Ref Proc: 18.4 ms]
      [Ref Enq: 1.7 ms]
      [Free CSet: 1.5 ms]
   [Eden: 2656.0M(2112.0M)->0.0B(1504.0M) Survivors: 160.0M->288.0M Heap: 11.6G(24.0G)->9696.0M(24.0G)]
 [Times: user=2.67 sys=0.16, real=0.25 secs] 
2014-04-07T18:36:12.274+0900: 74.155: [GC pause (G1 Evacuation Pause) (young) (initial-mark), 0.1912622 secs]
   [Parallel Time: 168.8 ms, GC Workers: 13]
      [GC Worker Start (ms): Min: 74155.6, Avg: 74155.7, Max: 74155.7, Diff: 0.2]
      [Ext Root Scanning (ms): Min: 1.1, Avg: 1.3, Max: 2.9, Diff: 1.8, Sum: 16.8]
      [Code Root Marking (ms): Min: 0.0, Avg: 0.7, Max: 6.1, Diff: 6.0, Sum: 9.5]
      [Update RS (ms): Min: 11.8, Avg: 17.1, Max: 17.9, Diff: 6.1, Sum: 222.5]
         [Processed Buffers: Min: 14, Avg: 24.7, Max: 45, Diff: 31, Sum: 321]
      [Scan RS (ms): Min: 21.0, Avg: 22.2, Max: 22.8, Diff: 1.8, Sum: 288.4]
      [Code Root Scanning (ms): Min: 0.0, Avg: 0.0, Max: 0.0, Diff: 0.0, Sum: 0.0]
      [Object Copy (ms): Min: 126.9, Avg: 127.1, Max: 127.3, Diff: 0.4, Sum: 1652.8]
      [Termination (ms): Min: 0.0, Avg: 0.0, Max: 0.0, Diff: 0.0, Sum: 0.1]
      [GC Worker Other (ms): Min: 0.0, Avg: 0.1, Max: 0.1, Diff: 0.1, Sum: 0.7]
      [GC Worker Total (ms): Min: 168.4, Avg: 168.5, Max: 168.6, Diff: 0.2, Sum: 2190.9]
      [GC Worker End (ms): Min: 74324.2, Avg: 74324.2, Max: 74324.2, Diff: 0.1]
   [Code Root Fixup: 0.4 ms]
   [Code Root Migration: 0.0 ms]
   [Clear CT: 2.9 ms]
   [Other: 19.2 ms]
      [Choose CSet: 0.0 ms]
      [Ref Proc: 10.1 ms]
      [Ref Enq: 0.9 ms]
      [Free CSet: 1.1 ms]
   [Eden: 1504.0M(1504.0M)->0.0B(2032.0M) Survivors: 288.0M->224.0M Heap: 10.9G(24.0G)->10016.0M(24.0G)]
 [Times: user=2.24 sys=0.00, real=0.20 secs] 
2014-04-07T18:36:12.465+0900: 74.347: [GC concurrent-root-region-scan-start]
2014-04-07T18:36:12.546+0900: 74.427: [GC concurrent-root-region-scan-end, 0.0805518 secs]
2014-04-07T18:36:12.546+0900: 74.427: [GC concurrent-mark-start]
2014-04-07T18:36:14.068+0900: 75.949: [GC concurrent-mark-end, 1.5220867 secs]
2014-04-07T18:36:14.069+0900: 75.951: [GC remark 75.984: [GC ref-proc, 0.0119082 secs], 0.0702471 secs]
 [Times: user=0.67 sys=0.01, real=0.07 secs] 
2014-04-07T18:36:14.141+0900: 76.023: [GC cleanup 11G->11G(24G), 0.0215146 secs]
 [Times: user=0.26 sys=0.00, real=0.02 secs] 
2014-04-07T18:36:14.712+0900: 76.593: [GC pause (G1 Evacuation Pause) (young), 0.2135268 secs]
   [Parallel Time: 187.5 ms, GC Workers: 13]
      [GC Worker Start (ms): Min: 76593.8, Avg: 76593.9, Max: 76593.9, Diff: 0.2]
      [Ext Root Scanning (ms): Min: 1.3, Avg: 1.4, Max: 2.0, Diff: 0.8, Sum: 17.9]
      [Update RS (ms): Min: 19.3, Avg: 20.2, Max: 21.8, Diff: 2.5, Sum: 262.7]
         [Processed Buffers: Min: 18, Avg: 28.2, Max: 37, Diff: 19, Sum: 366]
      [Scan RS (ms): Min: 15.0, Avg: 16.7, Max: 17.2, Diff: 2.2, Sum: 216.8]
      [Code Root Scanning (ms): Min: 0.0, Avg: 0.0, Max: 0.0, Diff: 0.0, Sum: 0.1]
      [Object Copy (ms): Min: 148.3, Avg: 148.5, Max: 148.9, Diff: 0.6, Sum: 1929.9]
      [Termination (ms): Min: 0.1, Avg: 0.5, Max: 0.6, Diff: 0.5, Sum: 7.1]
      [GC Worker Other (ms): Min: 0.0, Avg: 0.1, Max: 0.1, Diff: 0.1, Sum: 1.0]
      [GC Worker Total (ms): Min: 187.3, Avg: 187.3, Max: 187.4, Diff: 0.2, Sum: 2435.4]
      [GC Worker End (ms): Min: 76781.1, Avg: 76781.2, Max: 76781.3, Diff: 0.1]
   [Code Root Fixup: 0.4 ms]
   [Code Root Migration: 0.1 ms]
   [Clear CT: 3.2 ms]
   [Other: 22.3 ms]
      [Choose CSet: 0.0 ms]
      [Ref Proc: 13.5 ms]
      [Ref Enq: 1.4 ms]
      [Free CSet: 1.2 ms]
   [Eden: 2032.0M(2032.0M)->0.0B(928.0M) Survivors: 224.0M->288.0M Heap: 11.8G(24.0G)->10.1G(24.0G)]
 [Times: user=2.48 sys=0.02, real=0.22 secs] 
2014-04-07T18:36:15.725+0900: 77.606: [GC pause (G1 Evacuation Pause) (mixed), 0.1843562 secs]
   [Parallel Time: 164.5 ms, GC Workers: 13]
      [GC Worker Start (ms): Min: 77606.6, Avg: 77606.7, Max: 77606.7, Diff: 0.1]
      [Ext Root Scanning (ms): Min: 0.8, Avg: 1.4, Max: 1.9, Diff: 1.0, Sum: 18.0]
      [Update RS (ms): Min: 16.7, Avg: 17.1, Max: 18.1, Diff: 1.3, Sum: 222.5]
         [Processed Buffers: Min: 12, Avg: 23.8, Max: 36, Diff: 24, Sum: 309]
      [Scan RS (ms): Min: 29.1, Avg: 30.3, Max: 30.9, Diff: 1.8, Sum: 394.3]
      [Code Root Scanning (ms): Min: 0.0, Avg: 0.0, Max: 0.0, Diff: 0.0, Sum: 0.1]
      [Object Copy (ms): Min: 115.2, Avg: 115.5, Max: 116.1, Diff: 0.9, Sum: 1501.2]
      [Termination (ms): Min: 0.0, Avg: 0.0, Max: 0.0, Diff: 0.0, Sum: 0.0]
      [GC Worker Other (ms): Min: 0.0, Avg: 0.0, Max: 0.1, Diff: 0.1, Sum: 0.6]
      [GC Worker Total (ms): Min: 164.3, Avg: 164.4, Max: 164.4, Diff: 0.1, Sum: 2136.6]
      [GC Worker End (ms): Min: 77771.0, Avg: 77771.0, Max: 77771.1, Diff: 0.1]
   [Code Root Fixup: 0.4 ms]
   [Code Root Migration: 0.0 ms]
   [Clear CT: 2.9 ms]
   [Other: 16.5 ms]
      [Choose CSet: 0.3 ms]
      [Ref Proc: 6.8 ms]
      [Ref Enq: 1.0 ms]
      [Free CSet: 1.6 ms]
   [Eden: 928.0M(928.0M)->0.0B(1056.0M) Survivors: 288.0M->160.0M Heap: 11.0G(24.0G)->9832.0M(24.0G)]
 [Times: user=2.18 sys=0.00, real=0.18 secs] 
2014-04-07T18:36:16.841+0900: 78.722: [GC pause (G1 Evacuation Pause) (mixed), 0.1331172 secs]
   [Parallel Time: 117.4 ms, GC Workers: 13]
      [GC Worker Start (ms): Min: 78722.8, Avg: 78722.8, Max: 78722.9, Diff: 0.1]
      [Ext Root Scanning (ms): Min: 1.4, Avg: 1.5, Max: 2.2, Diff: 0.8, Sum: 19.6]
      [Update RS (ms): Min: 20.3, Avg: 20.8, Max: 21.8, Diff: 1.4, Sum: 270.1]
         [Processed Buffers: Min: 21, Avg: 30.2, Max: 40, Diff: 19, Sum: 392]
      [Scan RS (ms): Min: 8.9, Avg: 9.7, Max: 10.3, Diff: 1.3, Sum: 126.5]
      [Code Root Scanning (ms): Min: 0.0, Avg: 0.0, Max: 0.0, Diff: 0.0, Sum: 0.0]
      [Object Copy (ms): Min: 84.8, Avg: 85.0, Max: 85.2, Diff: 0.4, Sum: 1105.2]
      [Termination (ms): Min: 0.0, Avg: 0.0, Max: 0.0, Diff: 0.0, Sum: 0.0]
      [GC Worker Other (ms): Min: 0.0, Avg: 0.0, Max: 0.1, Diff: 0.1, Sum: 0.5]
      [GC Worker Total (ms): Min: 117.0, Avg: 117.1, Max: 117.1, Diff: 0.2, Sum: 1522.0]
      [GC Worker End (ms): Min: 78839.9, Avg: 78839.9, Max: 78840.0, Diff: 0.1]
   [Code Root Fixup: 0.4 ms]
   [Code Root Migration: 0.0 ms]
   [Clear CT: 2.5 ms]
   [Other: 12.8 ms]
      [Choose CSet: 0.0 ms]
      [Ref Proc: 7.3 ms]
      [Ref Enq: 0.7 ms]
      [Free CSet: 0.6 ms]
   [Eden: 1056.0M(1056.0M)->0.0B(3088.0M) Survivors: 160.0M->160.0M Heap: 10.6G(24.0G)->9992.0M(24.0G)]
 [Times: user=1.55 sys=0.01, real=0.13 secs] 
2014-04-07T18:36:19.520+0900: 81.401: [GC pause (G1 Evacuation Pause) (young), 0.2800421 secs]
   [Parallel Time: 241.6 ms, GC Workers: 13]
      [GC Worker Start (ms): Min: 81401.5, Avg: 81401.5, Max: 81401.6, Diff: 0.1]
      [Ext Root Scanning (ms): Min: 0.9, Avg: 1.3, Max: 1.8, Diff: 0.8, Sum: 16.5]
      [Update RS (ms): Min: 21.1, Avg: 21.8, Max: 22.3, Diff: 1.2, Sum: 284.0]
         [Processed Buffers: Min: 18, Avg: 28.6, Max: 41, Diff: 23, Sum: 372]
      [Scan RS (ms): Min: 19.4, Avg: 19.8, Max: 20.1, Diff: 0.7, Sum: 256.8]
      [Code Root Scanning (ms): Min: 0.0, Avg: 0.0, Max: 0.0, Diff: 0.0, Sum: 0.1]
      [Object Copy (ms): Min: 197.0, Avg: 198.0, Max: 198.5, Diff: 1.5, Sum: 2574.2]
      [Termination (ms): Min: 0.0, Avg: 0.1, Max: 0.1, Diff: 0.1, Sum: 1.4]
      [GC Worker Other (ms): Min: 0.0, Avg: 0.0, Max: 0.0, Diff: 0.0, Sum: 0.4]
      [GC Worker Total (ms): Min: 239.8, Avg: 241.0, Max: 241.3, Diff: 1.5, Sum: 3133.2]
      [GC Worker End (ms): Min: 81641.4, Avg: 81642.6, Max: 81642.8, Diff: 1.4]
   [Code Root Fixup: 0.3 ms]
   [Code Root Migration: 0.1 ms]
   [Clear CT: 4.0 ms]
   [Other: 34.1 ms]
      [Choose CSet: 0.0 ms]
      [Ref Proc: 21.5 ms]
      [Ref Enq: 2.6 ms]
      [Free CSet: 1.6 ms]
   [Eden: 3024.0M(2336.0M)->0.0B(1328.0M) Survivors: 160.0M->320.0M Heap: 12.7G(24.0G)->10.3G(24.0G)]
 [Times: user=2.97 sys=0.24, real=0.28 secs] 
2014-04-07T18:36:20.975+0900: 82.857: [GC pause (G1 Evacuation Pause) (young) (initial-mark), 0.1955804 secs]
   [Parallel Time: 174.3 ms, GC Workers: 13]
      [GC Worker Start (ms): Min: 82857.5, Avg: 82857.5, Max: 82857.6, Diff: 0.1]
      [Ext Root Scanning (ms): Min: 1.1, Avg: 1.4, Max: 3.1, Diff: 2.0, Sum: 17.7]
      [Code Root Marking (ms): Min: 0.0, Avg: 0.7, Max: 6.1, Diff: 6.0, Sum: 8.6]
      [Update RS (ms): Min: 21.2, Avg: 30.6, Max: 48.8, Diff: 27.6, Sum: 397.9]
         [Processed Buffers: Min: 6, Avg: 26.6, Max: 49, Diff: 43, Sum: 346]
      [Scan RS (ms): Min: 0.7, Avg: 18.1, Max: 22.6, Diff: 21.9, Sum: 235.8]
      [Code Root Scanning (ms): Min: 0.0, Avg: 0.0, Max: 0.0, Diff: 0.0, Sum: 0.0]
      [Object Copy (ms): Min: 122.9, Avg: 123.1, Max: 123.4, Diff: 0.5, Sum: 1600.3]
      [Termination (ms): Min: 0.0, Avg: 0.1, Max: 0.1, Diff: 0.1, Sum: 1.4]
      [GC Worker Other (ms): Min: 0.0, Avg: 0.0, Max: 0.1, Diff: 0.1, Sum: 0.6]
      [GC Worker Total (ms): Min: 173.9, Avg: 174.0, Max: 174.1, Diff: 0.2, Sum: 2262.3]
      [GC Worker End (ms): Min: 83031.5, Avg: 83031.5, Max: 83031.6, Diff: 0.1]
   [Code Root Fixup: 0.4 ms]
   [Code Root Migration: 0.0 ms]
   [Clear CT: 2.8 ms]
   [Other: 18.1 ms]
      [Choose CSet: 0.0 ms]
      [Ref Proc: 8.6 ms]
      [Ref Enq: 0.9 ms]
      [Free CSet: 0.8 ms]
   [Eden: 1328.0M(1328.0M)->0.0B(2128.0M) Survivors: 320.0M->208.0M Heap: 11.6G(24.0G)->10.6G(24.0G)]
 [Times: user=2.30 sys=0.00, real=0.19 secs] 
2014-04-07T18:36:21.171+0900: 83.053: [GC concurrent-root-region-scan-start]
2014-04-07T18:36:21.230+0900: 83.112: [GC concurrent-root-region-scan-end, 0.0591009 secs]
2014-04-07T18:36:21.231+0900: 83.112: [GC concurrent-mark-start]
2014-04-07T18:36:23.039+0900: 84.921: [GC concurrent-mark-end, 1.8086566 secs]
2014-04-07T18:36:23.041+0900: 84.922: [GC remark 84.955: [GC ref-proc, 0.0113465 secs], 0.0718921 secs]
 [Times: user=0.71 sys=0.00, real=0.07 secs] 
2014-04-07T18:36:23.114+0900: 84.996: [GC cleanup 12G->12G(24G), 0.0230393 secs]
 [Times: user=0.29 sys=0.00, real=0.03 secs] 
2014-04-07T18:36:23.138+0900: 85.019: [GC concurrent-cleanup-start]
2014-04-07T18:36:23.138+0900: 85.019: [GC concurrent-cleanup-end, 0.0000600 secs]
2014-04-07T18:36:23.576+0900: 85.457: [GC pause (G1 Evacuation Pause) (young), 0.3362211 secs]
   [Parallel Time: 311.2 ms, GC Workers: 13]
      [GC Worker Start (ms): Min: 85457.6, Avg: 85457.7, Max: 85457.7, Diff: 0.2]
      [Ext Root Scanning (ms): Min: 1.3, Avg: 1.4, Max: 1.7, Diff: 0.4, Sum: 18.1]
      [Update RS (ms): Min: 20.2, Avg: 20.9, Max: 23.4, Diff: 3.2, Sum: 272.2]
         [Processed Buffers: Min: 14, Avg: 26.2, Max: 46, Diff: 32, Sum: 341]
      [Scan RS (ms): Min: 32.4, Avg: 34.7, Max: 35.6, Diff: 3.1, Sum: 450.5]
      [Code Root Scanning (ms): Min: 0.0, Avg: 0.0, Max: 0.0, Diff: 0.0, Sum: 0.1]
      [Object Copy (ms): Min: 252.2, Avg: 252.7, Max: 253.7, Diff: 1.5, Sum: 3284.7]
      [Termination (ms): Min: 0.0, Avg: 1.2, Max: 1.5, Diff: 1.5, Sum: 15.5]
      [GC Worker Other (ms): Min: 0.0, Avg: 0.1, Max: 0.1, Diff: 0.1, Sum: 0.7]
      [GC Worker Total (ms): Min: 310.8, Avg: 310.9, Max: 311.0, Diff: 0.2, Sum: 4041.8]
      [GC Worker End (ms): Min: 85768.5, Avg: 85768.6, Max: 85768.6, Diff: 0.1]
   [Code Root Fixup: 0.4 ms]
   [Code Root Migration: 0.0 ms]
   [Clear CT: 3.1 ms]
   [Other: 21.5 ms]
      [Choose CSet: 0.0 ms]
      [Ref Proc: 13.2 ms]
      [Ref Enq: 1.8 ms]
      [Free CSet: 1.0 ms]
   [Eden: 2128.0M(1648.0M)->0.0B(976.0M) Survivors: 208.0M->240.0M Heap: 12.6G(24.0G)->11.0G(24.0G)]
 [Times: user=4.06 sys=0.02, real=0.33 secs] 
2014-04-07T18:36:24.789+0900: 86.670: [GC pause (G1 Evacuation Pause) (mixed), 0.2583219 secs]
   [Parallel Time: 240.1 ms, GC Workers: 13]
      [GC Worker Start (ms): Min: 86670.7, Avg: 86670.8, Max: 86670.8, Diff: 0.1]
      [Ext Root Scanning (ms): Min: 1.4, Avg: 1.5, Max: 2.0, Diff: 0.7, Sum: 19.1]
      [Update RS (ms): Min: 10.7, Avg: 11.2, Max: 12.4, Diff: 1.7, Sum: 145.0]
         [Processed Buffers: Min: 13, Avg: 23.2, Max: 34, Diff: 21, Sum: 301]
      [Scan RS (ms): Min: 42.0, Avg: 43.2, Max: 43.4, Diff: 1.5, Sum: 561.4]
      [Code Root Scanning (ms): Min: 0.0, Avg: 0.0, Max: 0.0, Diff: 0.0, Sum: 0.1]
      [Object Copy (ms): Min: 182.7, Avg: 182.9, Max: 183.9, Diff: 1.2, Sum: 2377.9]
      [Termination (ms): Min: 0.0, Avg: 1.0, Max: 1.2, Diff: 1.2, Sum: 13.2]
      [GC Worker Other (ms): Min: 0.0, Avg: 0.0, Max: 0.1, Diff: 0.1, Sum: 0.5]
      [GC Worker Total (ms): Min: 239.7, Avg: 239.8, Max: 239.8, Diff: 0.2, Sum: 3117.1]
      [GC Worker End (ms): Min: 86910.5, Avg: 86910.5, Max: 86910.6, Diff: 0.1]
   [Code Root Fixup: 0.4 ms]
   [Code Root Migration: 0.1 ms]
   [Clear CT: 3.0 ms]
   [Other: 14.8 ms]
      [Choose CSet: 0.2 ms]
      [Ref Proc: 6.8 ms]
      [Ref Enq: 0.7 ms]
      [Free CSet: 1.1 ms]
   [Eden: 976.0M(976.0M)->0.0B(1056.0M) Survivors: 240.0M->160.0M Heap: 11.9G(24.0G)->10.7G(24.0G)]
 [Times: user=3.16 sys=0.00, real=0.26 secs] 
2014-04-07T18:36:26.109+0900: 87.990: [GC pause (G1 Evacuation Pause) (mixed), 0.1594623 secs]
   [Parallel Time: 143.3 ms, GC Workers: 13]
      [GC Worker Start (ms): Min: 87990.9, Avg: 87990.9, Max: 87991.0, Diff: 0.1]
      [Ext Root Scanning (ms): Min: 1.2, Avg: 1.4, Max: 1.9, Diff: 0.7, Sum: 18.0]
      [Update RS (ms): Min: 15.4, Avg: 34.3, Max: 61.0, Diff: 45.7, Sum: 445.3]
         [Processed Buffers: Min: 7, Avg: 22.5, Max: 38, Diff: 31, Sum: 293]
      [Scan RS (ms): Min: 0.0, Avg: 15.1, Max: 30.9, Diff: 30.9, Sum: 195.9]
      [Code Root Scanning (ms): Min: 0.0, Avg: 0.0, Max: 0.0, Diff: 0.0, Sum: 0.0]
      [Object Copy (ms): Min: 80.6, Avg: 92.3, Max: 95.5, Diff: 14.9, Sum: 1199.4]
      [Termination (ms): Min: 0.0, Avg: 0.0, Max: 0.0, Diff: 0.0, Sum: 0.0]
      [GC Worker Other (ms): Min: 0.0, Avg: 0.0, Max: 0.1, Diff: 0.0, Sum: 0.4]
      [GC Worker Total (ms): Min: 142.9, Avg: 143.0, Max: 143.1, Diff: 0.1, Sum: 1859.1]
      [GC Worker End (ms): Min: 88133.9, Avg: 88133.9, Max: 88134.0, Diff: 0.0]
   [Code Root Fixup: 0.4 ms]
   [Code Root Migration: 0.0 ms]
   [Clear CT: 3.1 ms]
   [Other: 12.6 ms]
      [Choose CSet: 0.1 ms]
      [Ref Proc: 7.6 ms]
      [Ref Enq: 0.9 ms]
      [Free CSet: 0.7 ms]
   [Eden: 1056.0M(1056.0M)->0.0B(1376.0M) Survivors: 160.0M->160.0M Heap: 11.7G(24.0G)->10.7G(24.0G)]
 [Times: user=1.89 sys=0.01, real=0.16 secs] 
2014-04-07T18:36:27.437+0900: 89.318: [GC pause (G1 Evacuation Pause) (young), 0.1561045 secs]
   [Parallel Time: 139.1 ms, GC Workers: 13]
      [GC Worker Start (ms): Min: 89318.4, Avg: 89318.5, Max: 89318.5, Diff: 0.1]
      [Ext Root Scanning (ms): Min: 1.3, Avg: 1.5, Max: 2.0, Diff: 0.6, Sum: 19.1]
      [Update RS (ms): Min: 15.1, Avg: 15.6, Max: 16.4, Diff: 1.3, Sum: 203.0]
         [Processed Buffers: Min: 13, Avg: 22.4, Max: 35, Diff: 22, Sum: 291]
      [Scan RS (ms): Min: 8.4, Avg: 9.0, Max: 9.5, Diff: 1.1, Sum: 117.3]
      [Code Root Scanning (ms): Min: 0.0, Avg: 0.0, Max: 0.0, Diff: 0.0, Sum: 0.0]
      [Object Copy (ms): Min: 112.2, Avg: 112.3, Max: 112.7, Diff: 0.5, Sum: 1460.4]
      [Termination (ms): Min: 0.0, Avg: 0.4, Max: 0.5, Diff: 0.5, Sum: 5.3]
      [GC Worker Other (ms): Min: 0.0, Avg: 0.0, Max: 0.1, Diff: 0.1, Sum: 0.6]
      [GC Worker Total (ms): Min: 138.8, Avg: 138.9, Max: 139.0, Diff: 0.2, Sum: 1805.7]
      [GC Worker End (ms): Min: 89457.3, Avg: 89457.4, Max: 89457.4, Diff: 0.1]
   [Code Root Fixup: 0.3 ms]
   [Code Root Migration: 0.0 ms]
   [Clear CT: 3.0 ms]
   [Other: 13.7 ms]
      [Choose CSet: 0.0 ms]
      [Ref Proc: 9.0 ms]
      [Ref Enq: 1.0 ms]
      [Free CSet: 0.7 ms]
   [Eden: 1376.0M(1376.0M)->0.0B(1632.0M) Survivors: 160.0M->192.0M Heap: 12.1G(24.0G)->11.0G(24.0G)]
 [Times: user=1.84 sys=0.02, real=0.15 secs] 
2014-04-07T18:36:28.950+0900: 90.831: [GC pause (G1 Evacuation Pause) (young) (initial-mark), 0.1726183 secs]
   [Parallel Time: 152.1 ms, GC Workers: 13]
      [GC Worker Start (ms): Min: 90831.8, Avg: 90831.8, Max: 90831.9, Diff: 0.1]
      [Ext Root Scanning (ms): Min: 1.2, Avg: 1.4, Max: 3.2, Diff: 2.0, Sum: 18.2]
      [Code Root Marking (ms): Min: 0.0, Avg: 0.7, Max: 6.3, Diff: 6.3, Sum: 8.5]
      [Update RS (ms): Min: 10.5, Avg: 15.9, Max: 17.9, Diff: 7.4, Sum: 206.1]
         [Processed Buffers: Min: 13, Avg: 22.8, Max: 33, Diff: 20, Sum: 296]
      [Scan RS (ms): Min: 11.8, Avg: 13.2, Max: 13.7, Diff: 1.9, Sum: 171.7]
      [Code Root Scanning (ms): Min: 0.0, Avg: 0.0, Max: 0.0, Diff: 0.0, Sum: 0.0]
      [Object Copy (ms): Min: 120.5, Avg: 120.7, Max: 121.1, Diff: 0.6, Sum: 1568.8]
      [Termination (ms): Min: 0.0, Avg: 0.0, Max: 0.0, Diff: 0.0, Sum: 0.1]
      [GC Worker Other (ms): Min: 0.0, Avg: 0.1, Max: 0.1, Diff: 0.1, Sum: 0.7]
      [GC Worker Total (ms): Min: 151.8, Avg: 151.9, Max: 151.9, Diff: 0.2, Sum: 1974.1]
      [GC Worker End (ms): Min: 90983.7, Avg: 90983.7, Max: 90983.7, Diff: 0.1]
   [Code Root Fixup: 0.4 ms]
   [Code Root Migration: 0.0 ms]
   [Clear CT: 3.0 ms]
   [Other: 17.0 ms]
      [Choose CSet: 0.0 ms]
      [Ref Proc: 10.6 ms]
      [Ref Enq: 1.0 ms]
      [Free CSet: 0.9 ms]
   [Eden: 1632.0M(1632.0M)->0.0B(1600.0M) Survivors: 192.0M->240.0M Heap: 12.6G(24.0G)->11.4G(24.0G)]
 [Times: user=2.02 sys=0.00, real=0.17 secs] 
2014-04-07T18:36:29.123+0900: 91.004: [GC concurrent-root-region-scan-start]
2014-04-07T18:36:29.174+0900: 91.055: [GC concurrent-root-region-scan-end, 0.0511702 secs]
2014-04-07T18:36:29.174+0900: 91.055: [GC concurrent-mark-start]
2014-04-07T18:36:30.896+0900: 92.778: [GC pause (G1 Evacuation Pause) (young), 0.1700307 secs]
   [Parallel Time: 150.2 ms, GC Workers: 13]
      [GC Worker Start (ms): Min: 92777.9, Avg: 92778.0, Max: 92778.1, Diff: 0.1]
      [Ext Root Scanning (ms): Min: 1.4, Avg: 1.4, Max: 1.7, Diff: 0.3, Sum: 18.8]
      [SATB Filtering (ms): Min: 0.0, Avg: 0.2, Max: 2.8, Diff: 2.8, Sum: 2.8]
      [Update RS (ms): Min: 14.8, Avg: 17.0, Max: 17.8, Diff: 3.1, Sum: 220.9]
         [Processed Buffers: Min: 13, Avg: 24.9, Max: 40, Diff: 27, Sum: 324]
      [Scan RS (ms): Min: 11.9, Avg: 12.5, Max: 12.9, Diff: 1.1, Sum: 163.0]
      [Code Root Scanning (ms): Min: 0.0, Avg: 0.0, Max: 0.0, Diff: 0.0, Sum: 0.0]
      [Object Copy (ms): Min: 118.6, Avg: 118.7, Max: 118.8, Diff: 0.3, Sum: 1543.1]
      [Termination (ms): Min: 0.0, Avg: 0.0, Max: 0.0, Diff: 0.0, Sum: 0.1]
      [GC Worker Other (ms): Min: 0.0, Avg: 0.0, Max: 0.1, Diff: 0.1, Sum: 0.6]
      [GC Worker Total (ms): Min: 149.9, Avg: 149.9, Max: 150.1, Diff: 0.2, Sum: 1949.3]
      [GC Worker End (ms): Min: 92927.9, Avg: 92928.0, Max: 92928.0, Diff: 0.1]
   [Code Root Fixup: 0.4 ms]
   [Code Root Migration: 0.0 ms]
   [Clear CT: 3.1 ms]
   [Other: 16.4 ms]
      [Choose CSet: 0.0 ms]
      [Ref Proc: 9.9 ms]
      [Ref Enq: 1.1 ms]
      [Free CSet: 0.9 ms]
   [Eden: 1600.0M(1600.0M)->0.0B(2016.0M) Survivors: 240.0M->240.0M Heap: 12.9G(24.0G)->11.7G(24.0G)]
 [Times: user=1.99 sys=0.00, real=0.18 secs] 
2014-04-07T18:36:31.392+0900: 93.274: [GC concurrent-mark-end, 2.2183198 secs]
2014-04-07T18:36:31.394+0900: 93.275: [GC remark 93.297: [GC ref-proc, 0.0130310 secs], 0.0660136 secs]
 [Times: user=0.61 sys=0.00, real=0.07 secs] 
2014-04-07T18:36:31.461+0900: 93.343: [GC cleanup 11G->11G(24G), 0.0299812 secs]
 [Times: user=0.38 sys=0.00, real=0.03 secs] 
2014-04-07T18:36:32.977+0900: 94.859: [GC pause (G1 Evacuation Pause) (young), 0.2215071 secs]
   [Parallel Time: 195.9 ms, GC Workers: 13]
      [GC Worker Start (ms): Min: 94859.1, Avg: 94859.2, Max: 94859.4, Diff: 0.3]
      [Ext Root Scanning (ms): Min: 0.8, Avg: 1.3, Max: 2.5, Diff: 1.8, Sum: 16.4]
      [Update RS (ms): Min: 15.5, Avg: 17.0, Max: 18.1, Diff: 2.6, Sum: 220.5]
         [Processed Buffers: Min: 13, Avg: 25.8, Max: 39, Diff: 26, Sum: 336]
      [Scan RS (ms): Min: 14.9, Avg: 15.6, Max: 16.2, Diff: 1.2, Sum: 202.4]
      [Code Root Scanning (ms): Min: 0.0, Avg: 0.0, Max: 0.0, Diff: 0.0, Sum: 0.0]
      [Object Copy (ms): Min: 160.3, Avg: 161.3, Max: 162.1, Diff: 1.8, Sum: 2097.1]
      [Termination (ms): Min: 0.0, Avg: 0.3, Max: 0.3, Diff: 0.3, Sum: 3.4]
      [GC Worker Other (ms): Min: 0.0, Avg: 0.0, Max: 0.1, Diff: 0.0, Sum: 0.5]
      [GC Worker Total (ms): Min: 195.3, Avg: 195.4, Max: 195.6, Diff: 0.3, Sum: 2540.3]
      [GC Worker End (ms): Min: 95054.6, Avg: 95054.7, Max: 95054.7, Diff: 0.1]
   [Code Root Fixup: 0.4 ms]
   [Code Root Migration: 0.0 ms]
   [Clear CT: 3.6 ms]
   [Other: 21.6 ms]
      [Choose CSet: 0.0 ms]
      [Ref Proc: 13.2 ms]
      [Ref Enq: 1.5 ms]
      [Free CSet: 1.6 ms]
   [Eden: 2016.0M(2016.0M)->0.0B(928.0M) Survivors: 240.0M->288.0M Heap: 13.6G(24.0G)->12.0G(24.0G)]
 [Times: user=2.39 sys=0.22, real=0.23 secs] 
2014-04-07T18:36:34.019+0900: 95.900: [GC pause (G1 Evacuation Pause) (mixed), 0.1776028 secs]
   [Parallel Time: 158.7 ms, GC Workers: 13]
      [GC Worker Start (ms): Min: 95900.8, Avg: 95900.9, Max: 95900.9, Diff: 0.1]
      [Ext Root Scanning (ms): Min: 1.2, Avg: 1.4, Max: 1.9, Diff: 0.6, Sum: 18.1]
      [Update RS (ms): Min: 21.3, Avg: 30.5, Max: 107.0, Diff: 85.7, Sum: 396.4]
         [Processed Buffers: Min: 0, Avg: 26.5, Max: 51, Diff: 51, Sum: 344]
      [Scan RS (ms): Min: 0.0, Avg: 25.0, Max: 30.0, Diff: 29.9, Sum: 324.6]
      [Code Root Scanning (ms): Min: 0.0, Avg: 0.0, Max: 0.0, Diff: 0.0, Sum: 0.0]
      [Object Copy (ms): Min: 50.0, Avg: 101.6, Max: 105.9, Diff: 55.9, Sum: 1320.4]
      [Termination (ms): Min: 0.0, Avg: 0.0, Max: 0.0, Diff: 0.0, Sum: 0.0]
      [GC Worker Other (ms): Min: 0.0, Avg: 0.0, Max: 0.1, Diff: 0.1, Sum: 0.6]
      [GC Worker Total (ms): Min: 158.4, Avg: 158.5, Max: 158.6, Diff: 0.2, Sum: 2060.2]
      [GC Worker End (ms): Min: 96059.3, Avg: 96059.3, Max: 96059.4, Diff: 0.1]
   [Code Root Fixup: 0.4 ms]
   [Code Root Migration: 0.0 ms]
   [Clear CT: 3.7 ms]
   [Other: 14.7 ms]
      [Choose CSet: 0.2 ms]
      [Ref Proc: 6.6 ms]
      [Ref Enq: 0.8 ms]
      [Free CSet: 1.3 ms]
   [Eden: 928.0M(928.0M)->0.0B(1056.0M) Survivors: 288.0M->160.0M Heap: 12.9G(24.0G)->11.6G(24.0G)]
 [Times: user=2.12 sys=0.00, real=0.17 secs] 
2014-04-07T18:36:35.125+0900: 97.007: [GC pause (G1 Evacuation Pause) (mixed), 0.1399098 secs]
   [Parallel Time: 123.2 ms, GC Workers: 13]
      [GC Worker Start (ms): Min: 97007.2, Avg: 97007.3, Max: 97007.3, Diff: 0.1]
      [Ext Root Scanning (ms): Min: 1.3, Avg: 1.4, Max: 1.9, Diff: 0.6, Sum: 18.5]
      [Update RS (ms): Min: 14.7, Avg: 18.6, Max: 59.5, Diff: 44.7, Sum: 241.8]
         [Processed Buffers: Min: 5, Avg: 23.2, Max: 39, Diff: 34, Sum: 302]
      [Scan RS (ms): Min: 0.0, Avg: 15.7, Max: 17.8, Diff: 17.8, Sum: 204.7]
      [Code Root Scanning (ms): Min: 0.0, Avg: 0.0, Max: 0.0, Diff: 0.0, Sum: 0.0]
      [Object Copy (ms): Min: 62.1, Avg: 87.1, Max: 89.4, Diff: 27.3, Sum: 1132.9]
      [Termination (ms): Min: 0.0, Avg: 0.0, Max: 0.0, Diff: 0.0, Sum: 0.0]
      [GC Worker Other (ms): Min: 0.0, Avg: 0.0, Max: 0.1, Diff: 0.1, Sum: 0.5]
      [GC Worker Total (ms): Min: 122.9, Avg: 123.0, Max: 123.0, Diff: 0.1, Sum: 1598.5]
      [GC Worker End (ms): Min: 97130.2, Avg: 97130.2, Max: 97130.3, Diff: 0.1]
   [Code Root Fixup: 0.4 ms]
   [Code Root Migration: 0.0 ms]
   [Clear CT: 3.2 ms]
   [Other: 13.1 ms]
      [Choose CSet: 0.1 ms]
      [Ref Proc: 7.0 ms]
      [Ref Enq: 0.8 ms]
      [Free CSet: 1.0 ms]
   [Eden: 1056.0M(1056.0M)->0.0B(3872.0M) Survivors: 160.0M->160.0M Heap: 12.7G(24.0G)->11.7G(24.0G)]
 [Times: user=1.64 sys=0.00, real=0.14 secs] 
2014-04-07T18:36:38.110+0900: 99.991: [GC pause (G1 Evacuation Pause) (young), 0.2778182 secs]
   [Parallel Time: 242.5 ms, GC Workers: 13]
      [GC Worker Start (ms): Min: 99991.5, Avg: 99991.6, Max: 99991.6, Diff: 0.1]
      [Ext Root Scanning (ms): Min: 0.9, Avg: 1.4, Max: 2.7, Diff: 1.8, Sum: 17.8]
      [Update RS (ms): Min: 19.0, Avg: 19.7, Max: 23.2, Diff: 4.2, Sum: 256.5]
         [Processed Buffers: Min: 20, Avg: 28.5, Max: 47, Diff: 27, Sum: 371]
      [Scan RS (ms): Min: 14.4, Avg: 17.9, Max: 18.7, Diff: 4.4, Sum: 232.1]
      [Code Root Scanning (ms): Min: 0.0, Avg: 0.0, Max: 0.0, Diff: 0.0, Sum: 0.1]
      [Object Copy (ms): Min: 200.8, Avg: 201.9, Max: 202.9, Diff: 2.1, Sum: 2625.2]
      [Termination (ms): Min: 0.8, Avg: 1.2, Max: 1.3, Diff: 0.5, Sum: 15.0]
      [GC Worker Other (ms): Min: 0.0, Avg: 0.0, Max: 0.1, Diff: 0.0, Sum: 0.4]
      [GC Worker Total (ms): Min: 241.5, Avg: 242.1, Max: 242.3, Diff: 0.8, Sum: 3147.1]
      [GC Worker End (ms): Min: 100233.0, Avg: 100233.6, Max: 100233.9, Diff: 0.8]
   [Code Root Fixup: 0.3 ms]
   [Code Root Migration: 0.1 ms]
   [Clear CT: 3.6 ms]
   [Other: 31.4 ms]
      [Choose CSet: 0.0 ms]
      [Ref Proc: 21.7 ms]
      [Ref Enq: 2.4 ms]
      [Free CSet: 1.5 ms]
   [Eden: 3280.0M(2848.0M)->0.0B(1216.0M) Survivors: 160.0M->384.0M Heap: 14.9G(24.0G)->12.3G(24.0G)]
 [Times: user=2.91 sys=0.30, real=0.27 secs] 
2014-04-07T18:36:39.578+0900: 101.459: [GC pause (G1 Evacuation Pause) (young) (initial-mark), 0.1535386 secs]
   [Parallel Time: 140.8 ms, GC Workers: 13]
      [GC Worker Start (ms): Min: 101459.9, Avg: 101459.9, Max: 101460.0, Diff: 0.1]
      [Ext Root Scanning (ms): Min: 1.2, Avg: 1.4, Max: 3.8, Diff: 2.6, Sum: 18.7]
      [Code Root Marking (ms): Min: 0.0, Avg: 0.6, Max: 6.0, Diff: 6.0, Sum: 8.4]
      [Update RS (ms): Min: 20.1, Avg: 40.2, Max: 70.5, Diff: 50.4, Sum: 523.1]
         [Processed Buffers: Min: 4, Avg: 25.2, Max: 50, Diff: 46, Sum: 328]
      [Scan RS (ms): Min: 0.0, Avg: 17.0, Max: 28.9, Diff: 28.9, Sum: 220.7]
      [Code Root Scanning (ms): Min: 0.0, Avg: 0.0, Max: 0.0, Diff: 0.0, Sum: 0.0]
      [Object Copy (ms): Min: 68.7, Avg: 81.2, Max: 84.7, Diff: 16.0, Sum: 1055.3]
      [Termination (ms): Min: 0.0, Avg: 0.0, Max: 0.0, Diff: 0.0, Sum: 0.0]
      [GC Worker Other (ms): Min: 0.0, Avg: 0.1, Max: 0.1, Diff: 0.1, Sum: 0.7]
      [GC Worker Total (ms): Min: 140.5, Avg: 140.5, Max: 140.7, Diff: 0.2, Sum: 1827.0]
      [GC Worker End (ms): Min: 101600.4, Avg: 101600.5, Max: 101600.5, Diff: 0.1]
   [Code Root Fixup: 0.3 ms]
   [Code Root Migration: 0.0 ms]
   [Clear CT: 3.6 ms]
   [Other: 8.8 ms]
      [Choose CSet: 0.0 ms]
      [Ref Proc: 2.5 ms]
      [Ref Enq: 0.6 ms]
      [Free CSet: 0.6 ms]
   [Eden: 1216.0M(1216.0M)->0.0B(2992.0M) Survivors: 384.0M->176.0M Heap: 13.5G(24.0G)->12.6G(24.0G)]
 [Times: user=1.87 sys=0.00, real=0.16 secs] 
2014-04-07T18:36:39.732+0900: 101.613: [GC concurrent-root-region-scan-start]
2014-04-07T18:36:39.748+0900: 101.629: [GC concurrent-root-region-scan-end, 0.0161007 secs]
2014-04-07T18:36:39.748+0900: 101.629: [GC concurrent-mark-start]
2014-04-07T18:36:42.093+0900: 103.974: [GC concurrent-mark-end, 2.3445607 secs]
2014-04-07T18:36:42.094+0900: 103.975: [GC remark 103.988: [GC ref-proc, 0.4055355 secs], 0.4541720 secs]
 [Times: user=0.93 sys=0.01, real=0.45 secs] 
2014-04-07T18:36:42.551+0900: 104.432: [GC cleanup 14G->14G(24G), 0.0350980 secs]
 [Times: user=0.41 sys=0.00, real=0.03 secs] 
2014-04-07T18:36:42.586+0900: 104.468: [GC concurrent-cleanup-start]
2014-04-07T18:36:42.587+0900: 104.468: [GC concurrent-cleanup-end, 0.0000832 secs]
2014-04-07T18:37:08.154+0900: 130.035: [GC pause (G1 Evacuation Pause) (young), 0.1163286 secs]
   [Parallel Time: 104.9 ms, GC Workers: 13]
      [GC Worker Start (ms): Min: 130035.7, Avg: 130036.1, Max: 130036.4, Diff: 0.6]
      [Ext Root Scanning (ms): Min: 1.3, Avg: 1.7, Max: 1.9, Diff: 0.6, Sum: 21.7]
      [Update RS (ms): Min: 16.4, Avg: 17.1, Max: 17.6, Diff: 1.2, Sum: 222.1]
         [Processed Buffers: Min: 21, Avg: 29.8, Max: 40, Diff: 19, Sum: 387]
      [Scan RS (ms): Min: 13.4, Avg: 13.9, Max: 14.4, Diff: 1.0, Sum: 181.2]
      [Code Root Scanning (ms): Min: 0.0, Avg: 0.0, Max: 0.0, Diff: 0.0, Sum: 0.1]
      [Object Copy (ms): Min: 70.5, Avg: 70.8, Max: 71.0, Diff: 0.4, Sum: 920.4]
      [Termination (ms): Min: 0.0, Avg: 0.1, Max: 0.1, Diff: 0.1, Sum: 1.4]
      [GC Worker Other (ms): Min: 0.0, Avg: 0.0, Max: 0.1, Diff: 0.1, Sum: 0.6]
      [GC Worker Total (ms): Min: 103.3, Avg: 103.6, Max: 104.0, Diff: 0.7, Sum: 1347.4]
      [GC Worker End (ms): Min: 130139.7, Avg: 130139.7, Max: 130139.8, Diff: 0.1]
   [Code Root Fixup: 0.1 ms]
   [Code Root Migration: 0.1 ms]
   [Clear CT: 4.4 ms]
   [Other: 6.9 ms]
      [Choose CSet: 0.0 ms]
      [Ref Proc: 1.3 ms]
      [Ref Enq: 0.0 ms]
      [Free CSet: 1.5 ms]
   [Eden: 2992.0M(2992.0M)->0.0B(816.0M) Survivors: 176.0M->400.0M Heap: 15.4G(24.0G)->12.7G(24.0G)]
 [Times: user=1.27 sys=0.12, real=0.11 secs] 
2014-04-07T18:37:08.664+0900: 130.546: [GC pause (G1 Evacuation Pause) (mixed), 0.1424452 secs]
   [Parallel Time: 128.5 ms, GC Workers: 13]
      [GC Worker Start (ms): Min: 130546.2, Avg: 130546.4, Max: 130546.7, Diff: 0.5]
      [Ext Root Scanning (ms): Min: 1.4, Avg: 1.7, Max: 2.0, Diff: 0.6, Sum: 21.6]
      [Update RS (ms): Min: 16.1, Avg: 17.0, Max: 18.6, Diff: 2.4, Sum: 221.3]
         [Processed Buffers: Min: 10, Avg: 14.8, Max: 31, Diff: 21, Sum: 192]
      [Scan RS (ms): Min: 28.7, Avg: 30.2, Max: 30.6, Diff: 1.9, Sum: 392.5]
      [Code Root Scanning (ms): Min: 0.0, Avg: 0.0, Max: 0.0, Diff: 0.0, Sum: 0.1]
      [Object Copy (ms): Min: 78.1, Avg: 78.2, Max: 78.3, Diff: 0.2, Sum: 1016.3]
      [Termination (ms): Min: 0.0, Avg: 0.1, Max: 0.2, Diff: 0.1, Sum: 1.6]
      [GC Worker Other (ms): Min: 0.0, Avg: 0.0, Max: 0.1, Diff: 0.1, Sum: 0.5]
      [GC Worker Total (ms): Min: 127.0, Avg: 127.2, Max: 127.4, Diff: 0.4, Sum: 1653.9]
      [GC Worker End (ms): Min: 130673.7, Avg: 130673.7, Max: 130673.7, Diff: 0.1]
   [Code Root Fixup: 0.1 ms]
   [Code Root Migration: 0.1 ms]
   [Clear CT: 4.2 ms]
   [Other: 9.6 ms]
      [Choose CSet: 0.4 ms]
      [Ref Proc: 1.3 ms]
      [Ref Enq: 0.0 ms]
      [Free CSet: 1.9 ms]
   [Eden: 816.0M(816.0M)->0.0B(1104.0M) Survivors: 400.0M->112.0M Heap: 13.5G(24.0G)->12.0G(24.0G)]
 [Times: user=1.79 sys=0.00, real=0.14 secs] 
2014-04-07T18:37:09.592+0900: 131.473: [GC pause (G1 Evacuation Pause) (mixed), 0.0584086 secs]
   [Parallel Time: 52.4 ms, GC Workers: 13]
      [GC Worker Start (ms): Min: 131473.9, Avg: 131474.0, Max: 131474.1, Diff: 0.3]
      [Ext Root Scanning (ms): Min: 4.1, Avg: 8.3, Max: 16.9, Diff: 12.9, Sum: 108.5]
      [Update RS (ms): Min: 8.6, Avg: 17.6, Max: 22.3, Diff: 13.7, Sum: 229.3]
         [Processed Buffers: Min: 5, Avg: 22.3, Max: 42, Diff: 37, Sum: 290]
      [Scan RS (ms): Min: 0.0, Avg: 4.5, Max: 13.9, Diff: 13.9, Sum: 58.4]
      [Code Root Scanning (ms): Min: 0.0, Avg: 0.0, Max: 0.0, Diff: 0.0, Sum: 0.1]
      [Object Copy (ms): Min: 12.6, Avg: 21.1, Max: 24.0, Diff: 11.4, Sum: 274.8]
      [Termination (ms): Min: 0.0, Avg: 0.2, Max: 0.2, Diff: 0.2, Sum: 2.0]
      [GC Worker Other (ms): Min: 0.0, Avg: 0.1, Max: 0.1, Diff: 0.1, Sum: 0.7]
      [GC Worker Total (ms): Min: 51.7, Avg: 51.8, Max: 52.0, Diff: 0.3, Sum: 673.9]
      [GC Worker End (ms): Min: 131525.8, Avg: 131525.8, Max: 131525.9, Diff: 0.1]
   [Code Root Fixup: 0.2 ms]
   [Code Root Migration: 0.1 ms]
   [Clear CT: 2.9 ms]
   [Other: 2.8 ms]
      [Choose CSet: 0.0 ms]
      [Ref Proc: 1.0 ms]
      [Ref Enq: 0.0 ms]
      [Free CSet: 0.3 ms]
   [Eden: 1104.0M(1104.0M)->0.0B(8400.0M) Survivors: 112.0M->160.0M Heap: 13.4G(24.0G)->12.5G(24.0G)]
 [Times: user=0.76 sys=0.01, real=0.06 secs] 
2014-04-07T18:37:09.789+0900: 131.670: [GC pause (G1 Humongous Allocation) (young) (initial-mark), 0.0614411 secs]
   [Parallel Time: 57.6 ms, GC Workers: 13]
      [GC Worker Start (ms): Min: 131670.6, Avg: 131670.7, Max: 131670.9, Diff: 0.3]
      [Ext Root Scanning (ms): Min: 4.0, Avg: 5.5, Max: 15.1, Diff: 11.1, Sum: 71.0]
      [Code Root Marking (ms): Min: 0.0, Avg: 0.8, Max: 6.6, Diff: 6.6, Sum: 9.9]
      [Update RS (ms): Min: 19.6, Avg: 26.1, Max: 33.0, Diff: 13.4, Sum: 339.9]
         [Processed Buffers: Min: 3, Avg: 13.4, Max: 27, Diff: 24, Sum: 174]
      [Scan RS (ms): Min: 0.0, Avg: 0.0, Max: 0.1, Diff: 0.1, Sum: 0.2]
      [Code Root Scanning (ms): Min: 0.0, Avg: 0.0, Max: 0.0, Diff: 0.0, Sum: 0.1]
      [Object Copy (ms): Min: 13.9, Avg: 21.0, Max: 22.4, Diff: 8.4, Sum: 272.4]
      [Termination (ms): Min: 0.0, Avg: 3.7, Max: 4.3, Diff: 4.3, Sum: 47.8]
      [GC Worker Other (ms): Min: 0.0, Avg: 0.0, Max: 0.0, Diff: 0.0, Sum: 0.3]
      [GC Worker Total (ms): Min: 56.8, Avg: 57.0, Max: 57.2, Diff: 0.4, Sum: 741.6]
      [GC Worker End (ms): Min: 131727.7, Avg: 131727.7, Max: 131727.8, Diff: 0.0]
   [Code Root Fixup: 0.2 ms]
   [Code Root Migration: 0.1 ms]
   [Clear CT: 0.4 ms]
   [Other: 3.1 ms]
      [Choose CSet: 0.0 ms]
      [Ref Proc: 1.0 ms]
      [Ref Enq: 0.0 ms]
      [Free CSet: 0.1 ms]
   [Eden: 160.0M(8400.0M)->0.0B(8608.0M) Survivors: 160.0M->192.0M Heap: 12.6G(24.0G)->12.5G(24.0G)]
 [Times: user=0.87 sys=0.00, real=0.06 secs] 
2014-04-07T18:37:09.851+0900: 131.732: [GC concurrent-root-region-scan-start]
2014-04-07T18:37:09.871+0900: 131.753: [GC concurrent-root-region-scan-end, 0.0206959 secs]
2014-04-07T18:37:09.871+0900: 131.753: [GC concurrent-mark-start]
2014-04-07T18:37:11.615+0900: 133.496: [GC concurrent-mark-end, 1.7432559 secs]
2014-04-07T18:37:11.616+0900: 133.498: [GC remark 133.499: [GC ref-proc, 0.2161318 secs], 0.2489489 secs]
 [Times: user=0.55 sys=0.00, real=0.25 secs] 
2014-04-07T18:37:11.869+0900: 133.750: [GC cleanup 14G->14G(24G), 0.0347360 secs]
 [Times: user=0.41 sys=0.00, real=0.04 secs] 
2014-04-07T18:37:11.904+0900: 133.786: [GC concurrent-cleanup-start]
2014-04-07T18:37:11.905+0900: 133.786: [GC concurrent-cleanup-end, 0.0003682 secs]
2014-04-07T18:37:38.485+0900: 160.367: [GC pause (G1 Evacuation Pause) (young), 0.2859823 secs]
   [Parallel Time: 264.2 ms, GC Workers: 13]
      [GC Worker Start (ms): Min: 160367.2, Avg: 160367.5, Max: 160367.8, Diff: 0.6]
      [Ext Root Scanning (ms): Min: 1.1, Avg: 1.4, Max: 1.6, Diff: 0.5, Sum: 17.9]
      [Update RS (ms): Min: 10.6, Avg: 23.1, Max: 69.1, Diff: 58.5, Sum: 300.5]
         [Processed Buffers: Min: 12, Avg: 25.5, Max: 40, Diff: 28, Sum: 331]
      [Scan RS (ms): Min: 0.1, Avg: 42.7, Max: 54.8, Diff: 54.7, Sum: 555.1]
      [Code Root Scanning (ms): Min: 0.0, Avg: 0.0, Max: 0.1, Diff: 0.1, Sum: 0.2]
      [Object Copy (ms): Min: 192.5, Avg: 195.9, Max: 197.1, Diff: 4.6, Sum: 2546.4]
      [Termination (ms): Min: 0.0, Avg: 0.0, Max: 0.0, Diff: 0.0, Sum: 0.0]
      [GC Worker Other (ms): Min: 0.0, Avg: 0.1, Max: 0.3, Diff: 0.3, Sum: 1.3]
      [GC Worker Total (ms): Min: 262.8, Avg: 263.2, Max: 263.9, Diff: 1.1, Sum: 3421.5]
      [GC Worker End (ms): Min: 160630.6, Avg: 160630.7, Max: 160631.1, Diff: 0.5]
   [Code Root Fixup: 0.2 ms]
   [Code Root Migration: 0.2 ms]
   [Clear CT: 7.2 ms]
   [Other: 14.1 ms]
      [Choose CSet: 0.0 ms]
      [Ref Proc: 1.7 ms]
      [Ref Enq: 0.0 ms]
      [Free CSet: 3.3 ms]
   [Eden: 7216.0M(7216.0M)->0.0B(288.0M) Survivors: 192.0M->928.0M Heap: 21.1G(24.0G)->14.8G(24.0G)]
 [Times: user=3.18 sys=0.33, real=0.29 secs] 
2014-04-07T18:37:38.899+0900: 160.780: [GC pause (G1 Evacuation Pause) (mixed), 0.2954200 secs]
   [Parallel Time: 277.3 ms, GC Workers: 13]
      [GC Worker Start (ms): Min: 160780.5, Avg: 160780.7, Max: 160780.9, Diff: 0.4]
      [Ext Root Scanning (ms): Min: 0.6, Avg: 1.1, Max: 3.2, Diff: 2.6, Sum: 14.0]
      [Update RS (ms): Min: 40.2, Avg: 44.5, Max: 85.8, Diff: 45.6, Sum: 579.0]
         [Processed Buffers: Min: 23, Avg: 33.5, Max: 54, Diff: 31, Sum: 435]
      [Scan RS (ms): Min: 2.1, Avg: 43.5, Max: 47.6, Diff: 45.5, Sum: 565.8]
      [Code Root Scanning (ms): Min: 0.0, Avg: 0.0, Max: 0.1, Diff: 0.1, Sum: 0.2]
      [Object Copy (ms): Min: 186.2, Avg: 187.3, Max: 187.8, Diff: 1.7, Sum: 2434.7]
      [Termination (ms): Min: 0.0, Avg: 0.0, Max: 0.0, Diff: 0.0, Sum: 0.2]
      [GC Worker Other (ms): Min: 0.0, Avg: 0.0, Max: 0.1, Diff: 0.1, Sum: 0.5]
      [GC Worker Total (ms): Min: 276.3, Avg: 276.5, Max: 276.7, Diff: 0.4, Sum: 3594.2]
      [GC Worker End (ms): Min: 161057.2, Avg: 161057.2, Max: 161057.3, Diff: 0.1]
   [Code Root Fixup: 0.2 ms]
   [Code Root Migration: 0.2 ms]
   [Clear CT: 3.9 ms]
   [Other: 13.9 ms]
      [Choose CSet: 0.3 ms]
      [Ref Proc: 0.9 ms]
      [Ref Enq: 0.0 ms]
      [Free CSet: 2.1 ms]
   [Eden: 288.0M(288.0M)->0.0B(1104.0M) Survivors: 928.0M->112.0M Heap: 15.1G(24.0G)->14.3G(24.0G)]
 [Times: user=3.62 sys=0.01, real=0.29 secs] 
2014-04-07T18:37:39.617+0900: 161.498: [GC pause (G1 Evacuation Pause) (mixed), 0.1145539 secs]
   [Parallel Time: 104.2 ms, GC Workers: 13]
      [GC Worker Start (ms): Min: 161499.3, Avg: 161499.5, Max: 161499.7, Diff: 0.3]
      [Ext Root Scanning (ms): Min: 1.1, Avg: 1.2, Max: 1.5, Diff: 0.4, Sum: 15.7]
      [Update RS (ms): Min: 11.8, Avg: 12.1, Max: 12.7, Diff: 1.0, Sum: 157.2]
         [Processed Buffers: Min: 7, Avg: 11.5, Max: 25, Diff: 18, Sum: 150]
      [Scan RS (ms): Min: 30.8, Avg: 31.3, Max: 31.8, Diff: 1.1, Sum: 407.3]
      [Code Root Scanning (ms): Min: 0.0, Avg: 0.0, Max: 0.0, Diff: 0.0, Sum: 0.0]
      [Object Copy (ms): Min: 58.3, Avg: 58.5, Max: 58.9, Diff: 0.6, Sum: 760.1]
      [Termination (ms): Min: 0.5, Avg: 0.6, Max: 0.8, Diff: 0.3, Sum: 8.0]
      [GC Worker Other (ms): Min: 0.0, Avg: 0.0, Max: 0.1, Diff: 0.1, Sum: 0.6]
      [GC Worker Total (ms): Min: 103.6, Avg: 103.8, Max: 104.0, Diff: 0.3, Sum: 1349.0]
      [GC Worker End (ms): Min: 161603.3, Avg: 161603.3, Max: 161603.3, Diff: 0.1]
   [Code Root Fixup: 0.1 ms]
   [Code Root Migration: 0.0 ms]
   [Clear CT: 4.2 ms]
   [Other: 6.0 ms]
      [Choose CSet: 0.5 ms]
      [Ref Proc: 0.3 ms]
      [Ref Enq: 0.0 ms]
      [Free CSet: 1.4 ms]
   [Eden: 1104.0M(1104.0M)->0.0B(1104.0M) Survivors: 112.0M->112.0M Heap: 15.3G(24.0G)->13.8G(24.0G)]
 [Times: user=1.34 sys=0.03, real=0.12 secs] 
2014-04-07T18:37:40.359+0900: 162.241: [GC pause (G1 Evacuation Pause) (mixed), 0.0520571 secs]
   [Parallel Time: 45.0 ms, GC Workers: 13]
      [GC Worker Start (ms): Min: 162241.4, Avg: 162241.5, Max: 162241.6, Diff: 0.2]
      [Ext Root Scanning (ms): Min: 1.0, Avg: 1.2, Max: 1.6, Diff: 0.6, Sum: 16.2]
      [Update RS (ms): Min: 5.2, Avg: 6.0, Max: 8.0, Diff: 2.8, Sum: 78.0]
         [Processed Buffers: Min: 14, Avg: 19.6, Max: 30, Diff: 16, Sum: 255]
      [Scan RS (ms): Min: 6.7, Avg: 8.6, Max: 9.1, Diff: 2.4, Sum: 111.8]
      [Code Root Scanning (ms): Min: 0.0, Avg: 0.0, Max: 0.0, Diff: 0.0, Sum: 0.0]
      [Object Copy (ms): Min: 28.7, Avg: 29.0, Max: 29.1, Diff: 0.4, Sum: 376.4]
      [Termination (ms): Min: 0.0, Avg: 0.0, Max: 0.0, Diff: 0.0, Sum: 0.0]
      [GC Worker Other (ms): Min: 0.0, Avg: 0.0, Max: 0.1, Diff: 0.1, Sum: 0.5]
      [GC Worker Total (ms): Min: 44.7, Avg: 44.8, Max: 44.9, Diff: 0.2, Sum: 582.9]
      [GC Worker End (ms): Min: 162286.3, Avg: 162286.3, Max: 162286.4, Diff: 0.1]
   [Code Root Fixup: 0.3 ms]
   [Code Root Migration: 0.0 ms]
   [Clear CT: 3.7 ms]
   [Other: 3.0 ms]
      [Choose CSet: 0.1 ms]
      [Ref Proc: 0.4 ms]
      [Ref Enq: 0.0 ms]
      [Free CSet: 0.5 ms]
   [Eden: 1104.0M(1104.0M)->0.0B(4256.0M) Survivors: 112.0M->160.0M Heap: 15.2G(24.0G)->14.3G(24.0G)]
 [Times: user=0.62 sys=0.00, real=0.05 secs] 
2014-04-07T18:37:40.417+0900: 162.298: [GC pause (G1 Humongous Allocation) (young) (initial-mark), 0.0767160 secs]
   [Parallel Time: 73.7 ms, GC Workers: 13]
      [GC Worker Start (ms): Min: 162298.2, Avg: 162298.2, Max: 162298.3, Diff: 0.2]
      [Ext Root Scanning (ms): Min: 0.8, Avg: 1.2, Max: 3.5, Diff: 2.7, Sum: 15.3]
      [Code Root Marking (ms): Min: 0.0, Avg: 0.8, Max: 7.0, Diff: 7.0, Sum: 10.6]
      [Update RS (ms): Min: 13.4, Avg: 29.5, Max: 68.4, Diff: 55.0, Sum: 383.0]
         [Processed Buffers: Min: 9, Avg: 13.4, Max: 18, Diff: 9, Sum: 174]
      [Scan RS (ms): Min: 0.0, Avg: 0.0, Max: 0.2, Diff: 0.2, Sum: 0.5]
      [Code Root Scanning (ms): Min: 0.0, Avg: 0.0, Max: 0.0, Diff: 0.0, Sum: 0.0]
      [Object Copy (ms): Min: 1.1, Avg: 22.4, Max: 29.0, Diff: 27.9, Sum: 290.7]
      [Termination (ms): Min: 0.0, Avg: 19.2, Max: 22.8, Diff: 22.8, Sum: 250.1]
      [GC Worker Other (ms): Min: 0.0, Avg: 0.0, Max: 0.0, Diff: 0.0, Sum: 0.3]
      [GC Worker Total (ms): Min: 73.0, Avg: 73.1, Max: 73.2, Diff: 0.2, Sum: 950.5]
      [GC Worker End (ms): Min: 162371.4, Avg: 162371.4, Max: 162371.4, Diff: 0.0]
   [Code Root Fixup: 0.3 ms]
   [Code Root Migration: 0.0 ms]
   [Clear CT: 0.3 ms]
   [Other: 2.4 ms]
      [Choose CSet: 0.0 ms]
      [Ref Proc: 0.4 ms]
      [Ref Enq: 0.0 ms]
      [Free CSet: 0.1 ms]
   [Eden: 16.0M(4256.0M)->0.0B(3872.0M) Survivors: 160.0M->192.0M Heap: 14.3G(24.0G)->14.3G(24.0G)]
 [Times: user=0.95 sys=0.01, real=0.08 secs] 
2014-04-07T18:37:40.493+0900: 162.375: [GC concurrent-root-region-scan-start]
2014-04-07T18:37:40.518+0900: 162.399: [GC concurrent-root-region-scan-end, 0.0240270 secs]
2014-04-07T18:37:40.518+0900: 162.399: [GC concurrent-mark-start]
2014-04-07T18:37:42.140+0900: 164.021: [GC concurrent-mark-end, 1.6223773 secs]
2014-04-07T18:37:42.141+0900: 164.022: [GC remark 164.024: [GC ref-proc, 0.0065425 secs], 0.0325899 secs]
 [Times: user=0.27 sys=0.00, real=0.03 secs] 
2014-04-07T18:37:42.175+0900: 164.056: [GC cleanup 17G->15G(24G), 0.0295507 secs]
 [Times: user=0.35 sys=0.01, real=0.03 secs] 
2014-04-07T18:37:42.205+0900: 164.087: [GC concurrent-cleanup-start]
2014-04-07T18:37:42.207+0900: 164.088: [GC concurrent-cleanup-end, 0.0017193 secs]
2014-04-07T18:37:43.234+0900: 165.115: [GC pause (G1 Evacuation Pause) (young), 0.1806760 secs]
   [Parallel Time: 167.3 ms, GC Workers: 13]
      [GC Worker Start (ms): Min: 165115.6, Avg: 165115.9, Max: 165116.1, Diff: 0.5]
      [Ext Root Scanning (ms): Min: 0.9, Avg: 1.1, Max: 1.6, Diff: 0.7, Sum: 14.7]
      [Update RS (ms): Min: 12.8, Avg: 13.9, Max: 14.7, Diff: 1.9, Sum: 181.1]
         [Processed Buffers: Min: 21, Avg: 28.3, Max: 41, Diff: 20, Sum: 368]
      [Scan RS (ms): Min: 28.3, Avg: 29.0, Max: 29.3, Diff: 0.9, Sum: 377.1]
      [Code Root Scanning (ms): Min: 0.0, Avg: 0.0, Max: 0.0, Diff: 0.0, Sum: 0.1]
      [Object Copy (ms): Min: 121.7, Avg: 122.0, Max: 123.5, Diff: 1.8, Sum: 1586.2]
      [Termination (ms): Min: 0.0, Avg: 0.0, Max: 0.0, Diff: 0.0, Sum: 0.0]
      [GC Worker Other (ms): Min: 0.0, Avg: 0.1, Max: 0.3, Diff: 0.2, Sum: 1.1]
      [GC Worker Total (ms): Min: 165.9, Avg: 166.2, Max: 166.5, Diff: 0.6, Sum: 2160.2]
      [GC Worker End (ms): Min: 165282.0, Avg: 165282.1, Max: 165282.2, Diff: 0.2]
   [Code Root Fixup: 0.2 ms]
   [Code Root Migration: 0.1 ms]
   [Clear CT: 3.8 ms]
   [Other: 9.3 ms]
      [Choose CSet: 0.0 ms]
      [Ref Proc: 0.8 ms]
      [Ref Enq: 0.0 ms]
      [Free CSet: 2.2 ms]
   [Eden: 3408.0M(3408.0M)->0.0B(752.0M) Survivors: 192.0M->464.0M Heap: 16.6G(24.0G)->13.8G(24.0G)]
 [Times: user=2.16 sys=0.06, real=0.18 secs] 
2014-04-07T18:37:43.993+0900: 165.874: [GC pause (G1 Evacuation Pause) (mixed), 0.2093345 secs]
   [Parallel Time: 193.6 ms, GC Workers: 13]
      [GC Worker Start (ms): Min: 165874.9, Avg: 165875.0, Max: 165875.2, Diff: 0.3]
      [Ext Root Scanning (ms): Min: 0.6, Avg: 1.0, Max: 2.1, Diff: 1.5, Sum: 13.3]
      [Update RS (ms): Min: 5.9, Avg: 6.8, Max: 7.9, Diff: 1.9, Sum: 88.4]
         [Processed Buffers: Min: 8, Avg: 15.6, Max: 28, Diff: 20, Sum: 203]
      [Scan RS (ms): Min: 45.4, Avg: 46.3, Max: 46.8, Diff: 1.4, Sum: 602.1]
      [Code Root Scanning (ms): Min: 0.0, Avg: 0.0, Max: 0.0, Diff: 0.0, Sum: 0.1]
      [Object Copy (ms): Min: 137.8, Avg: 138.4, Max: 139.0, Diff: 1.2, Sum: 1799.6]
      [Termination (ms): Min: 0.0, Avg: 0.1, Max: 0.2, Diff: 0.2, Sum: 1.6]
      [GC Worker Other (ms): Min: 0.0, Avg: 0.0, Max: 0.1, Diff: 0.1, Sum: 0.5]
      [GC Worker Total (ms): Min: 192.6, Avg: 192.7, Max: 193.0, Diff: 0.4, Sum: 2505.6]
      [GC Worker End (ms): Min: 166067.8, Avg: 166067.8, Max: 166067.8, Diff: 0.1]
   [Code Root Fixup: 0.3 ms]
   [Code Root Migration: 0.1 ms]
   [Clear CT: 3.6 ms]
   [Other: 11.8 ms]
      [Choose CSet: 0.5 ms]
      [Ref Proc: 0.8 ms]
      [Ref Enq: 0.0 ms]
      [Free CSet: 2.2 ms]
   [Eden: 752.0M(752.0M)->0.0B(1056.0M) Survivors: 464.0M->160.0M Heap: 14.8G(24.0G)->13.5G(24.0G)]
 [Times: user=2.55 sys=0.01, real=0.21 secs] 
2014-04-07T18:37:45.169+0900: 167.051: [GC pause (G1 Evacuation Pause) (mixed), 0.1908538 secs]
   [Parallel Time: 174.7 ms, GC Workers: 13]
      [GC Worker Start (ms): Min: 167051.8, Avg: 167052.1, Max: 167052.3, Diff: 0.5]
      [Ext Root Scanning (ms): Min: 0.8, Avg: 1.0, Max: 1.9, Diff: 1.1, Sum: 13.6]
      [Update RS (ms): Min: 11.4, Avg: 15.8, Max: 54.6, Diff: 43.2, Sum: 205.0]
         [Processed Buffers: Min: 13, Avg: 20.6, Max: 31, Diff: 18, Sum: 268]
      [Scan RS (ms): Min: 6.9, Avg: 45.8, Max: 49.2, Diff: 42.3, Sum: 594.9]
      [Code Root Scanning (ms): Min: 0.0, Avg: 0.0, Max: 0.1, Diff: 0.1, Sum: 0.1]
      [Object Copy (ms): Min: 111.4, Avg: 111.6, Max: 111.7, Diff: 0.3, Sum: 1450.7]
      [Termination (ms): Min: 0.0, Avg: 0.0, Max: 0.0, Diff: 0.0, Sum: 0.0]
      [GC Worker Other (ms): Min: 0.0, Avg: 0.0, Max: 0.1, Diff: 0.1, Sum: 0.5]
      [GC Worker Total (ms): Min: 174.0, Avg: 174.2, Max: 174.5, Diff: 0.5, Sum: 2264.9]
      [GC Worker End (ms): Min: 167226.3, Avg: 167226.3, Max: 167226.4, Diff: 0.1]
   [Code Root Fixup: 0.2 ms]
   [Code Root Migration: 0.1 ms]
   [Clear CT: 4.9 ms]
   [Other: 10.9 ms]
      [Choose CSet: 0.6 ms]
      [Ref Proc: 1.1 ms]
      [Ref Enq: 0.0 ms]
      [Free CSet: 2.3 ms]
   [Eden: 1056.0M(1056.0M)->0.0B(1056.0M) Survivors: 160.0M->160.0M Heap: 14.8G(24.0G)->13.4G(24.0G)]
 [Times: user=2.28 sys=0.03, real=0.19 secs] 
2014-04-07T18:37:46.514+0900: 168.395: [GC pause (G1 Evacuation Pause) (mixed), 0.1282545 secs]
   [Parallel Time: 116.0 ms, GC Workers: 13]
      [GC Worker Start (ms): Min: 168396.2, Avg: 168396.4, Max: 168396.6, Diff: 0.4]
      [Ext Root Scanning (ms): Min: 0.8, Avg: 1.0, Max: 1.4, Diff: 0.6, Sum: 13.1]
      [Update RS (ms): Min: 6.2, Avg: 9.9, Max: 49.5, Diff: 43.3, Sum: 128.6]
         [Processed Buffers: Min: 15, Avg: 21.4, Max: 29, Diff: 14, Sum: 278]
      [Scan RS (ms): Min: 0.0, Avg: 31.4, Max: 34.5, Diff: 34.5, Sum: 408.6]
      [Code Root Scanning (ms): Min: 0.0, Avg: 0.0, Max: 0.0, Diff: 0.0, Sum: 0.0]
      [Object Copy (ms): Min: 64.0, Avg: 72.2, Max: 73.2, Diff: 9.2, Sum: 939.2]
      [Termination (ms): Min: 0.0, Avg: 0.2, Max: 0.2, Diff: 0.2, Sum: 2.2]
      [GC Worker Other (ms): Min: 0.0, Avg: 0.0, Max: 0.1, Diff: 0.1, Sum: 0.5]
      [GC Worker Total (ms): Min: 114.6, Avg: 114.8, Max: 115.0, Diff: 0.4, Sum: 1492.2]
      [GC Worker End (ms): Min: 168511.2, Avg: 168511.2, Max: 168511.3, Diff: 0.1]
   [Code Root Fixup: 0.3 ms]
   [Code Root Migration: 0.0 ms]
   [Clear CT: 4.0 ms]
   [Other: 8.0 ms]
      [Choose CSet: 0.2 ms]
      [Ref Proc: 0.9 ms]
      [Ref Enq: 0.0 ms]
      [Free CSet: 1.4 ms]
   [Eden: 1056.0M(1056.0M)->0.0B(2768.0M) Survivors: 160.0M->160.0M Heap: 14.9G(24.0G)->13.9G(24.0G)]
 [Times: user=1.54 sys=0.00, real=0.13 secs] 
2014-04-07T18:37:46.646+0900: 168.527: [GC pause (G1 Humongous Allocation) (young) (initial-mark), 0.1406076 secs]
   [Parallel Time: 135.5 ms, GC Workers: 13]
      [GC Worker Start (ms): Min: 168527.3, Avg: 168527.5, Max: 168527.7, Diff: 0.4]
      [Ext Root Scanning (ms): Min: 0.7, Avg: 1.1, Max: 3.4, Diff: 2.7, Sum: 14.5]
      [Code Root Marking (ms): Min: 0.0, Avg: 0.7, Max: 6.7, Diff: 6.7, Sum: 9.2]
      [Update RS (ms): Min: 77.3, Avg: 90.4, Max: 133.0, Diff: 55.7, Sum: 1174.8]
         [Processed Buffers: Min: 3, Avg: 43.5, Max: 67, Diff: 64, Sum: 565]
      [Scan RS (ms): Min: 0.0, Avg: 0.0, Max: 0.1, Diff: 0.1, Sum: 0.2]
      [Code Root Scanning (ms): Min: 0.0, Avg: 0.0, Max: 0.0, Diff: 0.0, Sum: 0.0]
      [Object Copy (ms): Min: 0.5, Avg: 25.3, Max: 30.3, Diff: 29.8, Sum: 328.7]
      [Termination (ms): Min: 0.0, Avg: 17.0, Max: 19.8, Diff: 19.8, Sum: 221.6]
      [GC Worker Other (ms): Min: 0.0, Avg: 0.0, Max: 0.0, Diff: 0.0, Sum: 0.2]
      [GC Worker Total (ms): Min: 134.3, Avg: 134.5, Max: 134.7, Diff: 0.4, Sum: 1749.1]
      [GC Worker End (ms): Min: 168662.0, Avg: 168662.0, Max: 168662.1, Diff: 0.0]
   [Code Root Fixup: 0.3 ms]
   [Code Root Migration: 0.0 ms]
   [Clear CT: 1.4 ms]
   [Other: 3.4 ms]
      [Choose CSet: 0.0 ms]
      [Ref Proc: 0.9 ms]
      [Ref Enq: 0.0 ms]
      [Free CSet: 0.1 ms]
   [Eden: 16.0M(2768.0M)->0.0B(1008.0M) Survivors: 160.0M->208.0M Heap: 13.9G(24.0G)->13.9G(24.0G)]
 [Times: user=1.75 sys=0.00, real=0.14 secs] 
2014-04-07T18:37:46.786+0900: 168.668: [GC concurrent-root-region-scan-start]
2014-04-07T18:37:46.802+0900: 168.683: [GC concurrent-root-region-scan-end, 0.0154073 secs]
2014-04-07T18:37:46.802+0900: 168.683: [GC concurrent-mark-start]
2014-04-07T18:37:48.303+0900: 170.185: [GC concurrent-mark-end, 1.5013601 secs]
2014-04-07T18:37:48.305+0900: 170.186: [GC remark 170.187: [GC ref-proc, 0.0063119 secs], 0.0298740 secs]
 [Times: user=0.24 sys=0.00, real=0.03 secs] 
2014-04-07T18:37:48.336+0900: 170.218: [GC cleanup 14G->12G(24G), 0.0248097 secs]
 [Times: user=0.29 sys=0.00, real=0.03 secs] 
2014-04-07T18:37:48.362+0900: 170.243: [GC concurrent-cleanup-start]
2014-04-07T18:37:48.363+0900: 170.244: [GC concurrent-cleanup-end, 0.0015369 secs]
2014-04-07T18:37:50.318+0900: 172.199: [GC pause (G1 Evacuation Pause) (young), 0.0862946 secs]
   [Parallel Time: 77.5 ms, GC Workers: 13]
      [GC Worker Start (ms): Min: 172199.4, Avg: 172199.7, Max: 172199.9, Diff: 0.5]
      [Ext Root Scanning (ms): Min: 0.6, Avg: 0.8, Max: 1.2, Diff: 0.7, Sum: 10.2]
      [Update RS (ms): Min: 8.2, Avg: 13.6, Max: 73.3, Diff: 65.0, Sum: 176.7]
         [Processed Buffers: Min: 0, Avg: 17.2, Max: 33, Diff: 33, Sum: 223]
      [Scan RS (ms): Min: 0.0, Avg: 12.9, Max: 14.3, Diff: 14.3, Sum: 168.3]
      [Code Root Scanning (ms): Min: 0.0, Avg: 0.0, Max: 0.0, Diff: 0.0, Sum: 0.0]
      [Object Copy (ms): Min: 2.0, Avg: 48.4, Max: 52.4, Diff: 50.4, Sum: 629.1]
      [Termination (ms): Min: 0.0, Avg: 0.3, Max: 0.4, Diff: 0.4, Sum: 4.2]
      [GC Worker Other (ms): Min: 0.0, Avg: 0.0, Max: 0.1, Diff: 0.0, Sum: 0.4]
      [GC Worker Total (ms): Min: 75.9, Avg: 76.1, Max: 76.4, Diff: 0.5, Sum: 988.9]
      [GC Worker End (ms): Min: 172275.8, Avg: 172275.8, Max: 172275.8, Diff: 0.0]
   [Code Root Fixup: 0.1 ms]
   [Code Root Migration: 0.0 ms]
   [Clear CT: 3.7 ms]
   [Other: 4.9 ms]
      [Choose CSet: 0.0 ms]
      [Ref Proc: 0.6 ms]
      [Ref Enq: 0.0 ms]
      [Free CSet: 1.0 ms]
   [Eden: 1008.0M(1008.0M)->0.0B(1056.0M) Survivors: 208.0M->160.0M Heap: 13.1G(24.0G)->12.4G(24.0G)]
 [Times: user=1.03 sys=0.00, real=0.09 secs] 
2014-04-07T18:38:09.317+0900: 191.198: [GC pause (G1 Evacuation Pause) (mixed), 0.0758748 secs]
   [Parallel Time: 64.3 ms, GC Workers: 13]
      [GC Worker Start (ms): Min: 191198.8, Avg: 191199.1, Max: 191199.4, Diff: 0.6]
      [Ext Root Scanning (ms): Min: 0.6, Avg: 0.9, Max: 1.7, Diff: 1.1, Sum: 11.7]
      [Update RS (ms): Min: 12.9, Avg: 13.6, Max: 14.5, Diff: 1.6, Sum: 177.1]
         [Processed Buffers: Min: 6, Avg: 17.3, Max: 28, Diff: 22, Sum: 225]
      [Scan RS (ms): Min: 12.0, Avg: 12.7, Max: 13.1, Diff: 1.1, Sum: 165.6]
      [Code Root Scanning (ms): Min: 0.0, Avg: 0.0, Max: 0.0, Diff: 0.0, Sum: 0.0]
      [Object Copy (ms): Min: 35.9, Avg: 36.0, Max: 36.1, Diff: 0.2, Sum: 468.0]
      [Termination (ms): Min: 0.0, Avg: 0.0, Max: 0.0, Diff: 0.0, Sum: 0.1]
      [GC Worker Other (ms): Min: 0.0, Avg: 0.0, Max: 0.1, Diff: 0.1, Sum: 0.5]
      [GC Worker Total (ms): Min: 63.0, Avg: 63.3, Max: 63.6, Diff: 0.6, Sum: 823.1]
      [GC Worker End (ms): Min: 191262.4, Avg: 191262.5, Max: 191262.5, Diff: 0.1]
   [Code Root Fixup: 0.1 ms]
   [Code Root Migration: 0.0 ms]
   [Clear CT: 4.9 ms]
   [Other: 6.4 ms]
      [Choose CSet: 0.1 ms]
      [Ref Proc: 2.3 ms]
      [Ref Enq: 0.0 ms]
      [Free CSet: 0.7 ms]
   [Eden: 1056.0M(1056.0M)->0.0B(2944.0M) Survivors: 160.0M->96.0M Heap: 13.4G(24.0G)->12.2G(24.0G)]
 [Times: user=0.88 sys=0.00, real=0.08 secs] 
2014-04-07T18:38:09.988+0900: 191.869: [GC pause (G1 Humongous Allocation) (young) (initial-mark), 0.0267517 secs]
   [Parallel Time: 23.5 ms, GC Workers: 13]
      [GC Worker Start (ms): Min: 191869.8, Avg: 191870.1, Max: 191870.4, Diff: 0.6]
      [Ext Root Scanning (ms): Min: 0.3, Avg: 0.9, Max: 2.8, Diff: 2.5, Sum: 11.1]
      [Code Root Marking (ms): Min: 0.0, Avg: 0.6, Max: 4.8, Diff: 4.7, Sum: 8.3]
      [Update RS (ms): Min: 15.0, Avg: 18.6, Max: 19.7, Diff: 4.7, Sum: 241.5]
         [Processed Buffers: Min: 10, Avg: 18.5, Max: 30, Diff: 20, Sum: 241]
      [Scan RS (ms): Min: 0.0, Avg: 0.1, Max: 0.1, Diff: 0.1, Sum: 1.0]
      [Code Root Scanning (ms): Min: 0.0, Avg: 0.0, Max: 0.0, Diff: 0.0, Sum: 0.0]
      [Object Copy (ms): Min: 1.1, Avg: 1.7, Max: 3.6, Diff: 2.5, Sum: 21.5]
      [Termination (ms): Min: 0.0, Avg: 0.1, Max: 0.2, Diff: 0.2, Sum: 1.7]
      [GC Worker Other (ms): Min: 0.0, Avg: 0.0, Max: 0.0, Diff: 0.0, Sum: 0.3]
      [GC Worker Total (ms): Min: 21.6, Avg: 22.0, Max: 22.3, Diff: 0.6, Sum: 285.4]
      [GC Worker End (ms): Min: 191892.0, Avg: 191892.0, Max: 191892.1, Diff: 0.0]
   [Code Root Fixup: 0.2 ms]
   [Code Root Migration: 0.0 ms]
   [Clear CT: 1.3 ms]
   [Other: 1.8 ms]
      [Choose CSet: 0.0 ms]
      [Ref Proc: 0.7 ms]
      [Ref Enq: 0.0 ms]
      [Free CSet: 0.4 ms]
   [Eden: 1456.0M(2944.0M)->0.0B(1152.0M) Survivors: 96.0M->64.0M Heap: 13.7G(24.0G)->12.2G(24.0G)]
 [Times: user=0.29 sys=0.00, real=0.03 secs] 
2014-04-07T18:38:10.015+0900: 191.896: [GC concurrent-root-region-scan-start]
2014-04-07T18:38:10.023+0900: 191.904: [GC concurrent-root-region-scan-end, 0.0077282 secs]
2014-04-07T18:38:10.023+0900: 191.904: [GC concurrent-mark-start]
2014-04-07T18:38:11.249+0900: 193.130: [GC pause (G1 Evacuation Pause) (young), 0.0607613 secs]
   [Parallel Time: 53.2 ms, GC Workers: 13]
      [GC Worker Start (ms): Min: 193130.4, Avg: 193130.6, Max: 193130.8, Diff: 0.4]
      [Ext Root Scanning (ms): Min: 0.5, Avg: 0.7, Max: 1.3, Diff: 0.8, Sum: 9.3]
      [SATB Filtering (ms): Min: 0.0, Avg: 0.0, Max: 0.3, Diff: 0.3, Sum: 0.3]
      [Update RS (ms): Min: 8.8, Avg: 9.5, Max: 10.2, Diff: 1.3, Sum: 123.9]
         [Processed Buffers: Min: 22, Avg: 32.4, Max: 50, Diff: 28, Sum: 421]
      [Scan RS (ms): Min: 5.5, Avg: 6.0, Max: 6.4, Diff: 0.9, Sum: 78.5]
      [Code Root Scanning (ms): Min: 0.0, Avg: 0.0, Max: 0.0, Diff: 0.0, Sum: 0.0]
      [Object Copy (ms): Min: 35.8, Avg: 35.9, Max: 36.1, Diff: 0.3, Sum: 467.0]
      [Termination (ms): Min: 0.0, Avg: 0.1, Max: 0.1, Diff: 0.1, Sum: 1.1]
      [GC Worker Other (ms): Min: 0.0, Avg: 0.1, Max: 0.2, Diff: 0.2, Sum: 0.8]
      [GC Worker Total (ms): Min: 52.3, Avg: 52.4, Max: 52.6, Diff: 0.3, Sum: 681.1]
      [GC Worker End (ms): Min: 193183.0, Avg: 193183.0, Max: 193183.1, Diff: 0.2]
   [Code Root Fixup: 0.2 ms]
   [Code Root Migration: 0.0 ms]
   [Clear CT: 3.9 ms]
   [Other: 3.4 ms]
      [Choose CSet: 0.0 ms]
      [Ref Proc: 0.6 ms]
      [Ref Enq: 0.0 ms]
      [Free CSet: 0.8 ms]
   [Eden: 1152.0M(1152.0M)->0.0B(1328.0M) Survivors: 64.0M->160.0M Heap: 13.8G(24.0G)->12.9G(24.0G)]
 [Times: user=0.73 sys=0.00, real=0.06 secs] 
2014-04-07T18:38:11.525+0900: 193.406: [GC concurrent-mark-end, 1.5021474 secs]
2014-04-07T18:38:11.526+0900: 193.407: [GC remark 193.408: [GC ref-proc, 0.0053648 secs], 0.0265932 secs]
 [Times: user=0.21 sys=0.00, real=0.03 secs] 
2014-04-07T18:38:11.554+0900: 193.435: [GC cleanup 13G->12G(24G), 0.0239058 secs]
 [Times: user=0.28 sys=0.00, real=0.02 secs] 
2014-04-07T18:38:11.578+0900: 193.460: [GC concurrent-cleanup-start]
2014-04-07T18:38:11.578+0900: 193.460: [GC concurrent-cleanup-end, 0.0003378 secs]
2014-04-07T18:38:12.311+0900: 194.192: [GC pause (G1 Evacuation Pause) (young), 0.1009360 secs]
   [Parallel Time: 90.4 ms, GC Workers: 13]
      [GC Worker Start (ms): Min: 194192.6, Avg: 194192.8, Max: 194192.9, Diff: 0.3]
      [Ext Root Scanning (ms): Min: 0.6, Avg: 1.0, Max: 1.7, Diff: 1.2, Sum: 13.0]
      [Update RS (ms): Min: 11.0, Avg: 11.4, Max: 12.0, Diff: 1.0, Sum: 148.6]
         [Processed Buffers: Min: 30, Avg: 37.4, Max: 52, Diff: 22, Sum: 486]
      [Scan RS (ms): Min: 18.8, Avg: 19.4, Max: 19.7, Diff: 0.9, Sum: 252.7]
      [Code Root Scanning (ms): Min: 0.0, Avg: 0.0, Max: 0.0, Diff: 0.0, Sum: 0.0]
      [Object Copy (ms): Min: 56.0, Avg: 56.4, Max: 57.8, Diff: 1.8, Sum: 733.2]
      [Termination (ms): Min: 0.0, Avg: 1.3, Max: 1.4, Diff: 1.4, Sum: 17.0]
      [GC Worker Other (ms): Min: 0.0, Avg: 0.1, Max: 0.1, Diff: 0.1, Sum: 0.7]
      [GC Worker Total (ms): Min: 89.5, Avg: 89.6, Max: 89.8, Diff: 0.3, Sum: 1165.2]
      [GC Worker End (ms): Min: 194282.4, Avg: 194282.4, Max: 194282.5, Diff: 0.1]
   [Code Root Fixup: 0.2 ms]
   [Code Root Migration: 0.0 ms]
   [Clear CT: 3.9 ms]
   [Other: 6.3 ms]
      [Choose CSet: 0.0 ms]
      [Ref Proc: 1.1 ms]
      [Ref Enq: 0.0 ms]
      [Free CSet: 1.1 ms]
   [Eden: 1328.0M(1328.0M)->0.0B(1024.0M) Survivors: 160.0M->192.0M Heap: 14.3G(24.0G)->13.3G(24.0G)]
 [Times: user=1.20 sys=0.00, real=0.10 secs] 
2014-04-07T18:38:13.339+0900: 195.220: [GC pause (G1 Evacuation Pause) (mixed), 0.1793556 secs]
   [Parallel Time: 164.5 ms, GC Workers: 13]
      [GC Worker Start (ms): Min: 195221.3, Avg: 195221.5, Max: 195221.8, Diff: 0.4]
      [Ext Root Scanning (ms): Min: 0.7, Avg: 0.9, Max: 1.6, Diff: 0.8, Sum: 12.2]
      [Update RS (ms): Min: 9.1, Avg: 9.3, Max: 9.9, Diff: 0.8, Sum: 120.9]
         [Processed Buffers: Min: 18, Avg: 24.5, Max: 31, Diff: 13, Sum: 318]
      [Scan RS (ms): Min: 41.8, Avg: 42.7, Max: 43.1, Diff: 1.3, Sum: 555.2]
      [Code Root Scanning (ms): Min: 0.0, Avg: 0.0, Max: 0.0, Diff: 0.0, Sum: 0.1]
      [Object Copy (ms): Min: 110.3, Avg: 110.5, Max: 110.6, Diff: 0.3, Sum: 1436.9]
      [Termination (ms): Min: 0.0, Avg: 0.0, Max: 0.0, Diff: 0.0, Sum: 0.0]
      [GC Worker Other (ms): Min: 0.0, Avg: 0.0, Max: 0.1, Diff: 0.1, Sum: 0.5]
      [GC Worker Total (ms): Min: 163.3, Avg: 163.5, Max: 163.8, Diff: 0.5, Sum: 2125.9]
      [GC Worker End (ms): Min: 195385.1, Avg: 195385.1, Max: 195385.1, Diff: 0.1]
   [Code Root Fixup: 0.3 ms]
   [Code Root Migration: 0.1 ms]
   [Clear CT: 3.8 ms]
   [Other: 10.6 ms]
      [Choose CSet: 0.6 ms]
      [Ref Proc: 0.8 ms]
      [Ref Enq: 0.0 ms]
      [Free CSet: 2.5 ms]
   [Eden: 1024.0M(1024.0M)->0.0B(1056.0M) Survivors: 192.0M->160.0M Heap: 14.6G(24.0G)->13.1G(24.0G)]
 [Times: user=2.18 sys=0.00, real=0.18 secs] 
2014-04-07T18:38:14.475+0900: 196.357: [GC pause (G1 Evacuation Pause) (mixed), 0.1983135 secs]
   [Parallel Time: 180.4 ms, GC Workers: 13]
      [GC Worker Start (ms): Min: 196357.8, Avg: 196358.0, Max: 196358.3, Diff: 0.6]
      [Ext Root Scanning (ms): Min: 0.6, Avg: 0.9, Max: 1.9, Diff: 1.4, Sum: 11.1]
      [Update RS (ms): Min: 13.4, Avg: 20.9, Max: 61.5, Diff: 48.1, Sum: 272.3]
         [Processed Buffers: Min: 6, Avg: 31.1, Max: 54, Diff: 48, Sum: 404]
      [Scan RS (ms): Min: 8.1, Avg: 48.8, Max: 55.7, Diff: 47.6, Sum: 634.6]
      [Code Root Scanning (ms): Min: 0.0, Avg: 0.0, Max: 0.0, Diff: 0.0, Sum: 0.1]
      [Object Copy (ms): Min: 108.3, Avg: 108.6, Max: 108.9, Diff: 0.6, Sum: 1412.0]
      [Termination (ms): Min: 0.0, Avg: 0.0, Max: 0.0, Diff: 0.0, Sum: 0.0]
      [GC Worker Other (ms): Min: 0.0, Avg: 0.0, Max: 0.1, Diff: 0.0, Sum: 0.4]
      [GC Worker Total (ms): Min: 179.0, Avg: 179.3, Max: 179.5, Diff: 0.5, Sum: 2330.6]
      [GC Worker End (ms): Min: 196537.3, Avg: 196537.3, Max: 196537.3, Diff: 0.0]
   [Code Root Fixup: 0.3 ms]
   [Code Root Migration: 0.1 ms]
   [Clear CT: 5.1 ms]
   [Other: 12.4 ms]
      [Choose CSet: 0.6 ms]
      [Ref Proc: 1.5 ms]
      [Ref Enq: 0.0 ms]
      [Free CSet: 2.7 ms]
   [Eden: 1056.0M(1056.0M)->0.0B(1056.0M) Survivors: 160.0M->160.0M Heap: 14.4G(24.0G)->13.0G(24.0G)]
 [Times: user=2.39 sys=0.00, real=0.20 secs] 
2014-04-07T18:38:17.122+0900: 199.004: [GC pause (G1 Evacuation Pause) (mixed), 0.1981863 secs]
   [Parallel Time: 183.4 ms, GC Workers: 13]
      [GC Worker Start (ms): Min: 199004.5, Avg: 199004.7, Max: 199005.0, Diff: 0.5]
      [Ext Root Scanning (ms): Min: 0.6, Avg: 0.8, Max: 1.6, Diff: 1.0, Sum: 10.6]
      [Update RS (ms): Min: 5.9, Avg: 7.1, Max: 10.6, Diff: 4.7, Sum: 91.9]
         [Processed Buffers: Min: 19, Avg: 22.9, Max: 38, Diff: 19, Sum: 298]
      [Scan RS (ms): Min: 47.8, Avg: 50.9, Max: 51.7, Diff: 3.9, Sum: 662.1]
      [Code Root Scanning (ms): Min: 0.0, Avg: 0.0, Max: 0.0, Diff: 0.0, Sum: 0.1]
      [Object Copy (ms): Min: 122.3, Avg: 122.7, Max: 123.5, Diff: 1.2, Sum: 1595.2]
      [Termination (ms): Min: 0.2, Avg: 0.7, Max: 0.9, Diff: 0.6, Sum: 9.5]
      [GC Worker Other (ms): Min: 0.0, Avg: 0.0, Max: 0.1, Diff: 0.1, Sum: 0.5]
      [GC Worker Total (ms): Min: 182.0, Avg: 182.3, Max: 182.6, Diff: 0.6, Sum: 2369.9]
      [GC Worker End (ms): Min: 199187.0, Avg: 199187.0, Max: 199187.1, Diff: 0.1]
   [Code Root Fixup: 0.3 ms]
   [Code Root Migration: 0.1 ms]
   [Clear CT: 4.5 ms]
   [Other: 9.9 ms]
      [Choose CSet: 0.4 ms]
      [Ref Proc: 1.2 ms]
      [Ref Enq: 0.0 ms]
      [Free CSet: 1.9 ms]
   [Eden: 1056.0M(1056.0M)->0.0B(1056.0M) Survivors: 160.0M->160.0M Heap: 14.4G(24.0G)->13.3G(24.0G)]
 [Times: user=2.43 sys=0.00, real=0.20 secs] 
2014-04-07T18:38:17.536+0900: 199.417: [GC pause (G1 Humongous Allocation) (young) (initial-mark), 0.1275884 secs]
   [Parallel Time: 119.4 ms, GC Workers: 13]
      [GC Worker Start (ms): Min: 199417.4, Avg: 199417.8, Max: 199418.0, Diff: 0.6]
      [Ext Root Scanning (ms): Min: 0.5, Avg: 0.9, Max: 3.4, Diff: 2.9, Sum: 12.0]
      [Code Root Marking (ms): Min: 0.0, Avg: 0.8, Max: 6.7, Diff: 6.7, Sum: 9.9]
      [Update RS (ms): Min: 35.5, Avg: 40.9, Max: 43.6, Diff: 8.1, Sum: 531.6]
         [Processed Buffers: Min: 16, Avg: 22.6, Max: 45, Diff: 29, Sum: 294]
      [Scan RS (ms): Min: 19.5, Avg: 22.6, Max: 23.9, Diff: 4.4, Sum: 293.2]
      [Code Root Scanning (ms): Min: 0.0, Avg: 0.0, Max: 0.0, Diff: 0.0, Sum: 0.0]
      [Object Copy (ms): Min: 52.5, Avg: 52.8, Max: 54.2, Diff: 1.8, Sum: 685.8]
      [Termination (ms): Min: 0.0, Avg: 0.1, Max: 0.2, Diff: 0.2, Sum: 1.6]
      [GC Worker Other (ms): Min: 0.0, Avg: 0.0, Max: 0.0, Diff: 0.0, Sum: 0.3]
      [GC Worker Total (ms): Min: 117.8, Avg: 118.0, Max: 118.4, Diff: 0.6, Sum: 1534.5]
      [GC Worker End (ms): Min: 199535.8, Avg: 199535.8, Max: 199535.8, Diff: 0.0]
   [Code Root Fixup: 0.2 ms]
   [Code Root Migration: 0.0 ms]
   [Clear CT: 3.8 ms]
   [Other: 4.2 ms]
      [Choose CSet: 0.0 ms]
      [Ref Proc: 1.1 ms]
      [Ref Enq: 0.0 ms]
      [Free CSet: 0.2 ms]
   [Eden: 160.0M(1056.0M)->0.0B(1104.0M) Survivors: 160.0M->112.0M Heap: 13.5G(24.0G)->13.5G(24.0G)]
 [Times: user=1.57 sys=0.00, real=0.13 secs] 
2014-04-07T18:38:17.664+0900: 199.545: [GC concurrent-root-region-scan-start]
2014-04-07T18:38:17.673+0900: 199.555: [GC concurrent-root-region-scan-end, 0.0098822 secs]
2014-04-07T18:38:17.673+0900: 199.555: [GC concurrent-mark-start]
2014-04-07T18:38:19.214+0900: 201.096: [GC concurrent-mark-end, 1.5406683 secs]
2014-04-07T18:38:19.216+0900: 201.097: [GC remark 201.099: [GC ref-proc, 0.0054600 secs], 0.0290044 secs]
 [Times: user=0.24 sys=0.00, real=0.03 secs] 
2014-04-07T18:38:19.247+0900: 201.128: [GC cleanup 14G->12G(24G), 0.0275219 secs]
 [Times: user=0.31 sys=0.00, real=0.03 secs] 
2014-04-07T18:38:19.275+0900: 201.156: [GC concurrent-cleanup-start]
2014-04-07T18:38:19.276+0900: 201.158: [GC concurrent-cleanup-end, 0.0014388 secs]
2014-04-07T18:38:19.800+0900: 201.682: [GC pause (G1 Evacuation Pause) (young), 0.0901713 secs]
   [Parallel Time: 80.7 ms, GC Workers: 13]
      [GC Worker Start (ms): Min: 201681.9, Avg: 201682.2, Max: 201682.5, Diff: 0.6]
      [Ext Root Scanning (ms): Min: 0.6, Avg: 0.8, Max: 1.3, Diff: 0.8, Sum: 10.8]
      [Update RS (ms): Min: 10.4, Avg: 11.1, Max: 12.3, Diff: 1.9, Sum: 144.1]
         [Processed Buffers: Min: 18, Avg: 24.1, Max: 37, Diff: 19, Sum: 313]
      [Scan RS (ms): Min: 18.2, Avg: 19.3, Max: 20.0, Diff: 1.8, Sum: 251.2]
      [Code Root Scanning (ms): Min: 0.0, Avg: 0.0, Max: 0.0, Diff: 0.0, Sum: 0.0]
      [Object Copy (ms): Min: 47.6, Avg: 47.8, Max: 48.2, Diff: 0.6, Sum: 621.5]
      [Termination (ms): Min: 0.0, Avg: 0.4, Max: 0.5, Diff: 0.5, Sum: 5.0]
      [GC Worker Other (ms): Min: 0.0, Avg: 0.0, Max: 0.1, Diff: 0.1, Sum: 0.6]
      [GC Worker Total (ms): Min: 79.2, Avg: 79.5, Max: 79.8, Diff: 0.6, Sum: 1033.2]
      [GC Worker End (ms): Min: 201761.7, Avg: 201761.7, Max: 201761.7, Diff: 0.1]
   [Code Root Fixup: 0.2 ms]
   [Code Root Migration: 0.0 ms]
   [Clear CT: 3.9 ms]
   [Other: 5.4 ms]
      [Choose CSet: 0.0 ms]
      [Ref Proc: 1.4 ms]
      [Ref Enq: 0.0 ms]
      [Free CSet: 1.3 ms]
   [Eden: 1104.0M(1104.0M)->0.0B(1056.0M) Survivors: 112.0M->160.0M Heap: 13.1G(24.0G)->12.1G(24.0G)]
 [Times: user=1.07 sys=0.00, real=0.09 secs] 
2014-04-07T18:38:22.804+0900: 204.685: [GC pause (G1 Evacuation Pause) (mixed), 0.1509940 secs]
   [Parallel Time: 137.0 ms, GC Workers: 13]
      [GC Worker Start (ms): Min: 204685.9, Avg: 204686.1, Max: 204686.4, Diff: 0.5]
      [Ext Root Scanning (ms): Min: 0.6, Avg: 0.8, Max: 1.6, Diff: 1.0, Sum: 10.5]
      [Update RS (ms): Min: 11.9, Avg: 14.9, Max: 45.5, Diff: 33.5, Sum: 194.1]
         [Processed Buffers: Min: 0, Avg: 25.5, Max: 42, Diff: 42, Sum: 332]
      [Scan RS (ms): Min: 6.5, Avg: 37.1, Max: 40.2, Diff: 33.7, Sum: 482.0]
      [Code Root Scanning (ms): Min: 0.0, Avg: 0.0, Max: 0.0, Diff: 0.0, Sum: 0.0]
      [Object Copy (ms): Min: 82.6, Avg: 82.7, Max: 83.0, Diff: 0.4, Sum: 1075.6]
      [Termination (ms): Min: 0.2, Avg: 0.3, Max: 0.4, Diff: 0.2, Sum: 3.9]
      [GC Worker Other (ms): Min: 0.0, Avg: 0.0, Max: 0.2, Diff: 0.1, Sum: 0.6]
      [GC Worker Total (ms): Min: 135.6, Avg: 135.9, Max: 136.2, Diff: 0.5, Sum: 1766.8]
      [GC Worker End (ms): Min: 204822.0, Avg: 204822.0, Max: 204822.1, Diff: 0.1]
   [Code Root Fixup: 0.2 ms]
   [Code Root Migration: 0.0 ms]
   [Clear CT: 5.0 ms]
   [Other: 8.8 ms]
      [Choose CSet: 0.2 ms]
      [Ref Proc: 0.7 ms]
      [Ref Enq: 0.0 ms]
      [Free CSet: 1.9 ms]
   [Eden: 1056.0M(1056.0M)->0.0B(1056.0M) Survivors: 160.0M->160.0M Heap: 13.4G(24.0G)->12.3G(24.0G)]
 [Times: user=1.82 sys=0.00, real=0.15 secs] 
2014-04-07T18:38:22.992+0900: 204.873: [GC pause (G1 Humongous Allocation) (young) (initial-mark), 0.1411437 secs]
   [Parallel Time: 136.4 ms, GC Workers: 13]
      [GC Worker Start (ms): Min: 204873.7, Avg: 204874.0, Max: 204874.2, Diff: 0.5]
      [Ext Root Scanning (ms): Min: 0.4, Avg: 0.7, Max: 2.5, Diff: 2.1, Sum: 9.5]
      [Code Root Marking (ms): Min: 0.0, Avg: 0.6, Max: 4.6, Diff: 4.5, Sum: 7.9]
      [Update RS (ms): Min: 99.4, Avg: 104.1, Max: 108.6, Diff: 9.1, Sum: 1353.7]
         [Processed Buffers: Min: 23, Avg: 58.4, Max: 86, Diff: 63, Sum: 759]
      [Scan RS (ms): Min: 0.0, Avg: 0.0, Max: 0.1, Diff: 0.1, Sum: 0.3]
      [Code Root Scanning (ms): Min: 0.0, Avg: 0.0, Max: 0.0, Diff: 0.0, Sum: 0.0]
      [Object Copy (ms): Min: 25.1, Avg: 29.1, Max: 30.6, Diff: 5.4, Sum: 377.7]
      [Termination (ms): Min: 0.0, Avg: 0.4, Max: 0.6, Diff: 0.6, Sum: 5.7]
      [GC Worker Other (ms): Min: 0.0, Avg: 0.0, Max: 0.0, Diff: 0.0, Sum: 0.3]
      [GC Worker Total (ms): Min: 134.8, Avg: 135.0, Max: 135.3, Diff: 0.5, Sum: 1755.1]
      [GC Worker End (ms): Min: 205009.0, Avg: 205009.0, Max: 205009.0, Diff: 0.0]
   [Code Root Fixup: 0.2 ms]
   [Code Root Migration: 0.0 ms]
   [Clear CT: 1.2 ms]
   [Other: 3.4 ms]
      [Choose CSet: 0.0 ms]
      [Ref Proc: 1.0 ms]
      [Ref Enq: 0.0 ms]
      [Free CSet: 0.1 ms]
   [Eden: 16.0M(1056.0M)->0.0B(1104.0M) Survivors: 160.0M->112.0M Heap: 12.4G(24.0G)->12.5G(24.0G)]
 [Times: user=1.75 sys=0.00, real=0.15 secs] 
2014-04-07T18:38:23.134+0900: 205.015: [GC concurrent-root-region-scan-start]
2014-04-07T18:38:23.136+0900: 205.017: [GC concurrent-root-region-scan-end, 0.0019228 secs]
2014-04-07T18:38:23.136+0900: 205.017: [GC concurrent-mark-start]
2014-04-07T18:38:24.632+0900: 206.514: [GC concurrent-mark-end, 1.4964061 secs]
2014-04-07T18:38:24.633+0900: 206.515: [GC remark 206.516: [GC ref-proc, 0.0055054 secs], 0.0292251 secs]
 [Times: user=0.24 sys=0.00, real=0.03 secs] 
2014-04-07T18:38:24.664+0900: 206.546: [GC cleanup 13G->13G(24G), 0.0270359 secs]
 [Times: user=0.32 sys=0.00, real=0.03 secs] 
2014-04-07T18:38:24.692+0900: 206.573: [GC concurrent-cleanup-start]
2014-04-07T18:38:24.692+0900: 206.574: [GC concurrent-cleanup-end, 0.0005608 secs]
2014-04-07T18:38:25.307+0900: 207.188: [GC pause (G1 Evacuation Pause) (young), 0.2510457 secs]
   [Parallel Time: 244.3 ms, GC Workers: 13]
      [GC Worker Start (ms): Min: 207188.4, Avg: 207188.7, Max: 207189.0, Diff: 0.6]
      [Ext Root Scanning (ms): Min: 0.6, Avg: 0.9, Max: 1.2, Diff: 0.6, Sum: 11.1]
      [Update RS (ms): Min: 66.3, Avg: 75.2, Max: 161.5, Diff: 95.2, Sum: 977.3]
         [Processed Buffers: Min: 13, Avg: 36.2, Max: 67, Diff: 54, Sum: 470]
      [Scan RS (ms): Min: 0.0, Avg: 51.4, Max: 56.3, Diff: 56.3, Sum: 667.9]
      [Code Root Scanning (ms): Min: 0.0, Avg: 0.0, Max: 0.0, Diff: 0.0, Sum: 0.0]
      [Object Copy (ms): Min: 81.4, Avg: 115.5, Max: 121.2, Diff: 39.8, Sum: 1501.2]
      [Termination (ms): Min: 0.0, Avg: 0.8, Max: 1.0, Diff: 1.0, Sum: 11.0]
      [GC Worker Other (ms): Min: 0.0, Avg: 0.0, Max: 0.1, Diff: 0.1, Sum: 0.5]
      [GC Worker Total (ms): Min: 243.4, Avg: 243.8, Max: 244.1, Diff: 0.6, Sum: 3169.1]
      [GC Worker End (ms): Min: 207432.5, Avg: 207432.5, Max: 207432.5, Diff: 0.0]
   [Code Root Fixup: 0.2 ms]
   [Code Root Migration: 0.0 ms]
   [Clear CT: 2.9 ms]
   [Other: 3.6 ms]
      [Choose CSet: 0.0 ms]
      [Ref Proc: 0.3 ms]
      [Ref Enq: 0.0 ms]
      [Free CSet: 0.5 ms]
   [Eden: 1104.0M(1104.0M)->0.0B(1056.0M) Survivors: 112.0M->160.0M Heap: 13.3G(24.0G)->12.4G(24.0G)]
 [Times: user=2.60 sys=0.12, real=0.25 secs] 
2014-04-07T18:38:39.743+0900: 221.624: [GC pause (G1 Evacuation Pause) (mixed), 0.1423106 secs]
   [Parallel Time: 129.9 ms, GC Workers: 13]
      [GC Worker Start (ms): Min: 221624.6, Avg: 221624.9, Max: 221625.2, Diff: 0.6]
      [Ext Root Scanning (ms): Min: 0.6, Avg: 0.9, Max: 1.7, Diff: 1.1, Sum: 11.3]
      [Update RS (ms): Min: 35.3, Avg: 36.0, Max: 36.6, Diff: 1.3, Sum: 468.5]
         [Processed Buffers: Min: 15, Avg: 21.0, Max: 41, Diff: 26, Sum: 273]
      [Scan RS (ms): Min: 28.0, Avg: 28.5, Max: 28.9, Diff: 0.8, Sum: 370.5]
      [Code Root Scanning (ms): Min: 0.0, Avg: 0.0, Max: 0.0, Diff: 0.0, Sum: 0.0]
      [Object Copy (ms): Min: 62.7, Avg: 62.9, Max: 63.2, Diff: 0.5, Sum: 817.7]
      [Termination (ms): Min: 0.0, Avg: 0.3, Max: 0.4, Diff: 0.4, Sum: 3.7]
      [GC Worker Other (ms): Min: 0.0, Avg: 0.1, Max: 0.2, Diff: 0.1, Sum: 0.7]
      [GC Worker Total (ms): Min: 128.3, Avg: 128.7, Max: 128.9, Diff: 0.6, Sum: 1672.5]
      [GC Worker End (ms): Min: 221753.5, Avg: 221753.6, Max: 221753.7, Diff: 0.2]
   [Code Root Fixup: 0.1 ms]
   [Code Root Migration: 0.0 ms]
   [Clear CT: 5.3 ms]
   [Other: 6.9 ms]
      [Choose CSet: 0.1 ms]
      [Ref Proc: 1.3 ms]
      [Ref Enq: 0.0 ms]
      [Free CSet: 1.3 ms]
   [Eden: 1056.0M(1056.0M)->0.0B(1104.0M) Survivors: 160.0M->112.0M Heap: 13.4G(24.0G)->12.3G(24.0G)]
 [Times: user=1.72 sys=0.00, real=0.14 secs] 
2014-04-07T18:38:40.387+0900: 222.268: [GC pause (G1 Humongous Allocation) (young) (initial-mark), 0.0247053 secs]
   [Parallel Time: 22.7 ms, GC Workers: 13]
      [GC Worker Start (ms): Min: 222268.4, Avg: 222268.5, Max: 222268.7, Diff: 0.3]
      [Ext Root Scanning (ms): Min: 0.4, Avg: 0.8, Max: 3.2, Diff: 2.9, Sum: 10.7]
      [Code Root Marking (ms): Min: 0.0, Avg: 0.6, Max: 4.7, Diff: 4.6, Sum: 8.0]
      [Update RS (ms): Min: 15.6, Avg: 19.2, Max: 20.1, Diff: 4.5, Sum: 249.7]
         [Processed Buffers: Min: 13, Avg: 20.8, Max: 41, Diff: 28, Sum: 270]
      [Scan RS (ms): Min: 0.0, Avg: 0.2, Max: 0.3, Diff: 0.3, Sum: 2.0]
      [Code Root Scanning (ms): Min: 0.0, Avg: 0.0, Max: 0.0, Diff: 0.0, Sum: 0.0]
      [Object Copy (ms): Min: 1.2, Avg: 1.5, Max: 2.5, Diff: 1.3, Sum: 19.0]
      [Termination (ms): Min: 0.0, Avg: 0.0, Max: 0.0, Diff: 0.0, Sum: 0.0]
      [GC Worker Other (ms): Min: 0.0, Avg: 0.0, Max: 0.1, Diff: 0.0, Sum: 0.4]
      [GC Worker Total (ms): Min: 22.1, Avg: 22.3, Max: 22.5, Diff: 0.3, Sum: 289.7]
      [GC Worker End (ms): Min: 222290.8, Avg: 222290.8, Max: 222290.9, Diff: 0.0]
   [Code Root Fixup: 0.2 ms]
   [Code Root Migration: 0.0 ms]
   [Clear CT: 0.4 ms]
   [Other: 1.3 ms]
      [Choose CSet: 0.0 ms]
      [Ref Proc: 0.3 ms]
      [Ref Enq: 0.0 ms]
      [Free CSet: 0.3 ms]
   [Eden: 976.0M(1104.0M)->0.0B(1440.0M) Survivors: 112.0M->48.0M Heap: 13.2G(24.0G)->12.3G(24.0G)]
 [Times: user=0.28 sys=0.00, real=0.02 secs] 
2014-04-07T18:38:40.412+0900: 222.293: [GC concurrent-root-region-scan-start]
2014-04-07T18:38:40.414+0900: 222.296: [GC concurrent-root-region-scan-end, 0.0026455 secs]
2014-04-07T18:38:40.414+0900: 222.296: [GC concurrent-mark-start]
2014-04-07T18:38:41.680+0900: 223.561: [GC pause (G1 Evacuation Pause) (young), 0.0536616 secs]
   [Parallel Time: 46.2 ms, GC Workers: 13]
      [GC Worker Start (ms): Min: 223561.1, Avg: 223561.4, Max: 223561.5, Diff: 0.4]
      [Ext Root Scanning (ms): Min: 0.5, Avg: 0.7, Max: 1.5, Diff: 1.0, Sum: 9.2]
      [SATB Filtering (ms): Min: 0.0, Avg: 0.0, Max: 0.3, Diff: 0.3, Sum: 0.3]
      [Update RS (ms): Min: 9.7, Avg: 10.0, Max: 10.3, Diff: 0.7, Sum: 129.7]
         [Processed Buffers: Min: 19, Avg: 24.4, Max: 31, Diff: 12, Sum: 317]
      [Scan RS (ms): Min: 3.6, Avg: 4.3, Max: 4.7, Diff: 1.1, Sum: 56.2]
      [Code Root Scanning (ms): Min: 0.0, Avg: 0.0, Max: 0.0, Diff: 0.0, Sum: 0.0]
      [Object Copy (ms): Min: 29.8, Avg: 29.9, Max: 29.9, Diff: 0.2, Sum: 388.4]
      [Termination (ms): Min: 0.0, Avg: 0.0, Max: 0.0, Diff: 0.0, Sum: 0.0]
      [GC Worker Other (ms): Min: 0.0, Avg: 0.0, Max: 0.1, Diff: 0.1, Sum: 0.6]
      [GC Worker Total (ms): Min: 44.8, Avg: 44.9, Max: 45.2, Diff: 0.4, Sum: 584.3]
      [GC Worker End (ms): Min: 223606.3, Avg: 223606.3, Max: 223606.4, Diff: 0.1]
   [Code Root Fixup: 0.2 ms]
   [Code Root Migration: 0.0 ms]
   [Clear CT: 3.2 ms]
   [Other: 4.0 ms]
      [Choose CSet: 0.0 ms]
      [Ref Proc: 1.8 ms]
      [Ref Enq: 0.0 ms]
      [Free CSet: 0.9 ms]
   [Eden: 1440.0M(1440.0M)->0.0B(2464.0M) Survivors: 48.0M->176.0M Heap: 14.0G(24.0G)->12.8G(24.0G)]
 [Times: user=0.63 sys=0.00, real=0.05 secs] 
2014-04-07T18:38:41.890+0900: 223.772: [GC concurrent-mark-end, 1.4759401 secs]
2014-04-07T18:38:41.892+0900: 223.773: [GC remark 223.775: [GC ref-proc, 0.0041733 secs], 0.0261216 secs]
 [Times: user=0.21 sys=0.00, real=0.03 secs] 
2014-04-07T18:38:41.919+0900: 223.801: [GC cleanup 12G->12G(24G), 0.0281285 secs]
 [Times: user=0.34 sys=0.00, real=0.03 secs] 
2014-04-07T18:38:41.948+0900: 223.829: [GC concurrent-cleanup-start]
2014-04-07T18:38:41.949+0900: 223.830: [GC concurrent-cleanup-end, 0.0005678 secs]
2014-04-07T18:38:43.281+0900: 225.162: [GC pause (G1 Evacuation Pause) (young), 0.1118070 secs]
   [Parallel Time: 101.6 ms, GC Workers: 13]
      [GC Worker Start (ms): Min: 225162.6, Avg: 225162.8, Max: 225163.1, Diff: 0.5]
      [Ext Root Scanning (ms): Min: 0.6, Avg: 0.8, Max: 1.3, Diff: 0.7, Sum: 10.7]
      [Update RS (ms): Min: 10.0, Avg: 10.8, Max: 13.2, Diff: 3.2, Sum: 140.6]
         [Processed Buffers: Min: 19, Avg: 24.6, Max: 47, Diff: 28, Sum: 320]
      [Scan RS (ms): Min: 18.4, Avg: 20.8, Max: 21.3, Diff: 2.9, Sum: 270.0]
      [Code Root Scanning (ms): Min: 0.0, Avg: 0.0, Max: 0.0, Diff: 0.0, Sum: 0.0]
      [Object Copy (ms): Min: 68.5, Avg: 68.6, Max: 68.7, Diff: 0.2, Sum: 891.8]
      [Termination (ms): Min: 0.0, Avg: 0.1, Max: 0.2, Diff: 0.2, Sum: 1.8]
      [GC Worker Other (ms): Min: 0.0, Avg: 0.0, Max: 0.1, Diff: 0.1, Sum: 0.5]
      [GC Worker Total (ms): Min: 100.9, Avg: 101.2, Max: 101.4, Diff: 0.5, Sum: 1315.5]
      [GC Worker End (ms): Min: 225264.0, Avg: 225264.0, Max: 225264.1, Diff: 0.1]
   [Code Root Fixup: 0.3 ms]
   [Code Root Migration: 0.0 ms]
   [Clear CT: 4.2 ms]
   [Other: 5.7 ms]
      [Choose CSet: 0.0 ms]
      [Ref Proc: 0.8 ms]
      [Ref Enq: 0.0 ms]
      [Free CSet: 1.3 ms]
   [Eden: 1728.0M(1120.0M)->0.0B(1040.0M) Survivors: 176.0M->176.0M Heap: 14.6G(24.0G)->13.2G(24.0G)]
 [Times: user=1.37 sys=0.00, real=0.11 secs] 
2014-04-07T18:38:44.222+0900: 226.103: [GC pause (G1 Evacuation Pause) (mixed), 0.1694523 secs]
   [Parallel Time: 155.5 ms, GC Workers: 13]
      [GC Worker Start (ms): Min: 226103.8, Avg: 226103.9, Max: 226104.0, Diff: 0.3]
      [Ext Root Scanning (ms): Min: 0.7, Avg: 0.9, Max: 1.2, Diff: 0.5, Sum: 11.6]
      [Update RS (ms): Min: 9.5, Avg: 9.9, Max: 12.9, Diff: 3.4, Sum: 128.6]
         [Processed Buffers: Min: 26, Avg: 31.7, Max: 44, Diff: 18, Sum: 412]
      [Scan RS (ms): Min: 43.8, Avg: 47.4, Max: 48.7, Diff: 4.9, Sum: 615.9]
      [Code Root Scanning (ms): Min: 0.0, Avg: 0.0, Max: 0.0, Diff: 0.0, Sum: 0.1]
      [Object Copy (ms): Min: 95.8, Avg: 96.7, Max: 96.9, Diff: 1.1, Sum: 1257.7]
      [Termination (ms): Min: 0.0, Avg: 0.0, Max: 0.0, Diff: 0.0, Sum: 0.0]
      [GC Worker Other (ms): Min: 0.0, Avg: 0.0, Max: 0.1, Diff: 0.1, Sum: 0.5]
      [GC Worker Total (ms): Min: 154.8, Avg: 155.0, Max: 155.1, Diff: 0.3, Sum: 2014.5]
      [GC Worker End (ms): Min: 226258.8, Avg: 226258.9, Max: 226258.9, Diff: 0.1]
   [Code Root Fixup: 0.3 ms]
   [Code Root Migration: 0.1 ms]
   [Clear CT: 4.8 ms]
   [Other: 8.8 ms]
      [Choose CSet: 0.6 ms]
      [Ref Proc: 0.6 ms]
      [Ref Enq: 0.0 ms]
      [Free CSet: 2.1 ms]
   [Eden: 1040.0M(1040.0M)->0.0B(1056.0M) Survivors: 176.0M->160.0M Heap: 14.7G(24.0G)->13.2G(24.0G)]
 [Times: user=2.07 sys=0.00, real=0.17 secs] 
2014-04-07T18:38:45.519+0900: 227.401: [GC pause (G1 Evacuation Pause) (mixed), 0.1987036 secs]
   [Parallel Time: 181.8 ms, GC Workers: 13]
      [GC Worker Start (ms): Min: 227402.3, Avg: 227402.6, Max: 227402.7, Diff: 0.5]
      [Ext Root Scanning (ms): Min: 0.6, Avg: 0.9, Max: 1.6, Diff: 1.0, Sum: 11.1]
      [Update RS (ms): Min: 14.1, Avg: 15.3, Max: 17.1, Diff: 3.0, Sum: 198.4]
         [Processed Buffers: Min: 27, Avg: 38.8, Max: 54, Diff: 27, Sum: 505]
      [Scan RS (ms): Min: 52.9, Avg: 54.4, Max: 55.0, Diff: 2.1, Sum: 707.5]
      [Code Root Scanning (ms): Min: 0.0, Avg: 0.0, Max: 0.0, Diff: 0.0, Sum: 0.1]
      [Object Copy (ms): Min: 109.8, Avg: 110.0, Max: 110.4, Diff: 0.6, Sum: 1430.4]
      [Termination (ms): Min: 0.0, Avg: 0.0, Max: 0.0, Diff: 0.0, Sum: 0.0]
      [GC Worker Other (ms): Min: 0.0, Avg: 0.0, Max: 0.1, Diff: 0.1, Sum: 0.6]
      [GC Worker Total (ms): Min: 180.4, Avg: 180.6, Max: 180.9, Diff: 0.4, Sum: 2348.0]
      [GC Worker End (ms): Min: 227583.1, Avg: 227583.2, Max: 227583.2, Diff: 0.1]
   [Code Root Fixup: 0.3 ms]
   [Code Root Migration: 0.1 ms]
   [Clear CT: 4.9 ms]
   [Other: 11.6 ms]
      [Choose CSet: 0.8 ms]
      [Ref Proc: 1.1 ms]
      [Ref Enq: 0.0 ms]
      [Free CSet: 2.7 ms]
   [Eden: 1056.0M(1056.0M)->0.0B(1056.0M) Survivors: 160.0M->160.0M Heap: 14.7G(24.0G)->13.3G(24.0G)]
 [Times: user=2.41 sys=0.00, real=0.20 secs] 
2014-04-07T18:38:46.812+0900: 228.694: [GC pause (G1 Evacuation Pause) (mixed), 0.1988023 secs]
   [Parallel Time: 182.3 ms, GC Workers: 13]
      [GC Worker Start (ms): Min: 228694.6, Avg: 228694.8, Max: 228695.1, Diff: 0.5]
      [Ext Root Scanning (ms): Min: 0.6, Avg: 0.9, Max: 1.5, Diff: 0.9, Sum: 11.1]
      [Update RS (ms): Min: 9.5, Avg: 10.2, Max: 11.0, Diff: 1.5, Sum: 132.7]
         [Processed Buffers: Min: 21, Avg: 29.2, Max: 44, Diff: 23, Sum: 380]
      [Scan RS (ms): Min: 54.1, Avg: 54.9, Max: 55.5, Diff: 1.3, Sum: 713.5]
      [Code Root Scanning (ms): Min: 0.0, Avg: 0.0, Max: 0.2, Diff: 0.1, Sum: 0.3]
      [Object Copy (ms): Min: 114.8, Avg: 115.0, Max: 115.3, Diff: 0.5, Sum: 1495.6]
      [Termination (ms): Min: 0.0, Avg: 0.1, Max: 0.1, Diff: 0.1, Sum: 0.8]
      [GC Worker Other (ms): Min: 0.0, Avg: 0.0, Max: 0.1, Diff: 0.1, Sum: 0.5]
      [GC Worker Total (ms): Min: 180.9, Avg: 181.1, Max: 181.4, Diff: 0.5, Sum: 2354.6]
      [GC Worker End (ms): Min: 228876.0, Avg: 228876.0, Max: 228876.0, Diff: 0.1]
   [Code Root Fixup: 0.5 ms]
   [Code Root Migration: 0.5 ms]
   [Clear CT: 4.9 ms]
   [Other: 10.7 ms]
      [Choose CSet: 0.7 ms]
      [Ref Proc: 0.9 ms]
      [Ref Enq: 0.0 ms]
      [Free CSet: 2.4 ms]
   [Eden: 1056.0M(1056.0M)->0.0B(1056.0M) Survivors: 160.0M->160.0M Heap: 14.8G(24.0G)->13.5G(24.0G)]
 [Times: user=2.41 sys=0.00, real=0.20 secs] 
2014-04-07T18:38:47.059+0900: 228.941: [GC pause (G1 Humongous Allocation) (young) (initial-mark), 0.1270015 secs]
   [Parallel Time: 123.5 ms, GC Workers: 13]
      [GC Worker Start (ms): Min: 228941.1, Avg: 228941.4, Max: 228941.6, Diff: 0.5]
      [Ext Root Scanning (ms): Min: 0.4, Avg: 0.8, Max: 2.6, Diff: 2.1, Sum: 10.2]
      [Code Root Marking (ms): Min: 0.0, Avg: 0.6, Max: 4.7, Diff: 4.7, Sum: 7.4]
      [Update RS (ms): Min: 86.3, Avg: 90.4, Max: 91.8, Diff: 5.5, Sum: 1174.9]
         [Processed Buffers: Min: 46, Avg: 52.5, Max: 66, Diff: 20, Sum: 682]
      [Scan RS (ms): Min: 0.0, Avg: 0.2, Max: 0.7, Diff: 0.7, Sum: 2.5]
      [Code Root Scanning (ms): Min: 0.0, Avg: 0.0, Max: 0.0, Diff: 0.0, Sum: 0.0]
      [Object Copy (ms): Min: 29.7, Avg: 30.5, Max: 32.1, Diff: 2.3, Sum: 397.0]
      [Termination (ms): Min: 0.0, Avg: 0.0, Max: 0.0, Diff: 0.0, Sum: 0.1]
      [GC Worker Other (ms): Min: 0.0, Avg: 0.0, Max: 0.0, Diff: 0.0, Sum: 0.4]
      [GC Worker Total (ms): Min: 122.3, Avg: 122.5, Max: 122.8, Diff: 0.5, Sum: 1592.3]
      [GC Worker End (ms): Min: 229063.9, Avg: 229063.9, Max: 229063.9, Diff: 0.0]
   [Code Root Fixup: 0.3 ms]
   [Code Root Migration: 0.0 ms]
   [Clear CT: 0.7 ms]
   [Other: 2.6 ms]
      [Choose CSet: 0.0 ms]
      [Ref Proc: 0.4 ms]
      [Ref Enq: 0.0 ms]
      [Free CSet: 0.2 ms]
   [Eden: 64.0M(1056.0M)->0.0B(1104.0M) Survivors: 160.0M->112.0M Heap: 13.6G(24.0G)->13.7G(24.0G)]
 [Times: user=1.59 sys=0.00, real=0.12 secs] 
2014-04-07T18:38:47.187+0900: 229.068: [GC concurrent-root-region-scan-start]
2014-04-07T18:38:47.190+0900: 229.071: [GC concurrent-root-region-scan-end, 0.0033849 secs]
2014-04-07T18:38:47.190+0900: 229.071: [GC concurrent-mark-start]
2014-04-07T18:38:48.298+0900: 230.179: [GC pause (G1 Evacuation Pause) (young), 0.0642859 secs]
   [Parallel Time: 56.7 ms, GC Workers: 13]
      [GC Worker Start (ms): Min: 230179.4, Avg: 230179.7, Max: 230179.9, Diff: 0.5]
      [Ext Root Scanning (ms): Min: 0.5, Avg: 0.7, Max: 1.2, Diff: 0.7, Sum: 9.0]
      [SATB Filtering (ms): Min: 0.0, Avg: 0.0, Max: 0.3, Diff: 0.3, Sum: 0.3]
      [Update RS (ms): Min: 9.0, Avg: 9.6, Max: 12.0, Diff: 3.1, Sum: 125.2]
         [Processed Buffers: Min: 25, Avg: 32.9, Max: 44, Diff: 19, Sum: 428]
      [Scan RS (ms): Min: 4.8, Avg: 7.1, Max: 7.5, Diff: 2.6, Sum: 92.3]
      [Code Root Scanning (ms): Min: 0.0, Avg: 0.0, Max: 0.0, Diff: 0.0, Sum: 0.0]
      [Object Copy (ms): Min: 38.1, Avg: 38.2, Max: 38.3, Diff: 0.2, Sum: 496.1]
      [Termination (ms): Min: 0.0, Avg: 0.0, Max: 0.0, Diff: 0.0, Sum: 0.0]
      [GC Worker Other (ms): Min: 0.0, Avg: 0.0, Max: 0.1, Diff: 0.1, Sum: 0.4]
      [GC Worker Total (ms): Min: 55.5, Avg: 55.6, Max: 55.9, Diff: 0.5, Sum: 723.4]
      [GC Worker End (ms): Min: 230235.3, Avg: 230235.4, Max: 230235.4, Diff: 0.1]
   [Code Root Fixup: 0.3 ms]
   [Code Root Migration: 0.0 ms]
   [Clear CT: 3.6 ms]
   [Other: 3.7 ms]
      [Choose CSet: 0.0 ms]
      [Ref Proc: 1.2 ms]
      [Ref Enq: 0.0 ms]
      [Free CSet: 0.5 ms]
   [Eden: 1104.0M(1104.0M)->0.0B(1248.0M) Survivors: 112.0M->160.0M Heap: 15.2G(24.0G)->14.3G(24.0G)]
 [Times: user=0.75 sys=0.00, real=0.06 secs] 
2014-04-07T18:38:48.887+0900: 230.768: [GC concurrent-mark-end, 1.6964040 secs]
2014-04-07T18:38:48.898+0900: 230.779: [GC remark 230.780: [GC ref-proc, 0.0045494 secs], 0.0277407 secs]
 [Times: user=0.24 sys=0.00, real=0.02 secs] 
2014-04-07T18:38:48.927+0900: 230.808: [GC cleanup 15G->13G(24G), 0.0257436 secs]
 [Times: user=0.31 sys=0.00, real=0.03 secs] 
2014-04-07T18:38:48.953+0900: 230.835: [GC concurrent-cleanup-start]
2014-04-07T18:38:48.955+0900: 230.836: [GC concurrent-cleanup-end, 0.0018800 secs]
2014-04-07T18:38:49.281+0900: 231.163: [GC pause (G1 Evacuation Pause) (young), 0.1001409 secs]
   [Parallel Time: 91.0 ms, GC Workers: 13]
      [GC Worker Start (ms): Min: 231162.8, Avg: 231163.0, Max: 231163.3, Diff: 0.4]
      [Ext Root Scanning (ms): Min: 0.6, Avg: 0.8, Max: 1.4, Diff: 0.9, Sum: 10.9]
      [Update RS (ms): Min: 14.0, Avg: 14.4, Max: 15.3, Diff: 1.2, Sum: 186.7]
         [Processed Buffers: Min: 23, Avg: 31.7, Max: 52, Diff: 29, Sum: 412]
      [Scan RS (ms): Min: 16.0, Avg: 17.0, Max: 17.5, Diff: 1.5, Sum: 221.0]
      [Code Root Scanning (ms): Min: 0.0, Avg: 0.0, Max: 0.0, Diff: 0.0, Sum: 0.0]
      [Object Copy (ms): Min: 57.6, Avg: 57.7, Max: 57.9, Diff: 0.3, Sum: 750.6]
      [Termination (ms): Min: 0.0, Avg: 0.0, Max: 0.0, Diff: 0.0, Sum: 0.4]
      [GC Worker Other (ms): Min: 0.0, Avg: 0.1, Max: 0.1, Diff: 0.1, Sum: 0.7]
      [GC Worker Total (ms): Min: 89.7, Avg: 90.0, Max: 90.2, Diff: 0.5, Sum: 1170.1]
      [GC Worker End (ms): Min: 231253.0, Avg: 231253.0, Max: 231253.0, Diff: 0.1]
   [Code Root Fixup: 0.3 ms]
   [Code Root Migration: 0.0 ms]
   [Clear CT: 4.2 ms]
   [Other: 4.6 ms]
      [Choose CSet: 0.0 ms]
      [Ref Proc: 0.6 ms]
      [Ref Enq: 0.0 ms]
      [Free CSet: 0.7 ms]
   [Eden: 1248.0M(1248.0M)->0.0B(1040.0M) Survivors: 160.0M->176.0M Heap: 13.8G(24.0G)->12.9G(24.0G)]
 [Times: user=1.22 sys=0.00, real=0.10 secs] 
2014-04-07T18:38:50.234+0900: 232.115: [GC pause (G1 Evacuation Pause) (mixed), 0.1371515 secs]
   [Parallel Time: 123.8 ms, GC Workers: 13]
      [GC Worker Start (ms): Min: 232115.9, Avg: 232116.2, Max: 232116.4, Diff: 0.5]
      [Ext Root Scanning (ms): Min: 0.6, Avg: 0.8, Max: 1.3, Diff: 0.8, Sum: 10.3]
      [Update RS (ms): Min: 10.4, Avg: 10.6, Max: 11.1, Diff: 0.7, Sum: 138.1]
         [Processed Buffers: Min: 28, Avg: 33.7, Max: 47, Diff: 19, Sum: 438]
      [Scan RS (ms): Min: 28.6, Avg: 29.3, Max: 29.6, Diff: 1.0, Sum: 380.4]
      [Code Root Scanning (ms): Min: 0.0, Avg: 0.0, Max: 0.0, Diff: 0.0, Sum: 0.0]
      [Object Copy (ms): Min: 81.6, Avg: 81.8, Max: 81.9, Diff: 0.3, Sum: 1063.2]
      [Termination (ms): Min: 0.0, Avg: 0.0, Max: 0.1, Diff: 0.1, Sum: 0.6]
      [GC Worker Other (ms): Min: 0.0, Avg: 0.0, Max: 0.1, Diff: 0.1, Sum: 0.6]
      [GC Worker Total (ms): Min: 122.3, Avg: 122.6, Max: 122.8, Diff: 0.5, Sum: 1593.2]
      [GC Worker End (ms): Min: 232238.7, Avg: 232238.7, Max: 232238.8, Diff: 0.1]
   [Code Root Fixup: 0.3 ms]
   [Code Root Migration: 0.0 ms]
   [Clear CT: 5.2 ms]
   [Other: 7.9 ms]
      [Choose CSet: 0.2 ms]
      [Ref Proc: 1.0 ms]
      [Ref Enq: 0.0 ms]
      [Free CSet: 1.7 ms]
   [Eden: 1040.0M(1040.0M)->0.0B(2144.0M) Survivors: 176.0M->160.0M Heap: 14.2G(24.0G)->13.1G(24.0G)]
 [Times: user=1.66 sys=0.00, real=0.14 secs] 
2014-04-07T18:38:50.396+0900: 232.278: [GC pause (G1 Humongous Allocation) (young) (initial-mark), 0.1142052 secs]
   [Parallel Time: 109.4 ms, GC Workers: 13]
      [GC Worker Start (ms): Min: 232278.1, Avg: 232278.3, Max: 232278.5, Diff: 0.4]
      [Ext Root Scanning (ms): Min: 0.5, Avg: 0.9, Max: 3.1, Diff: 2.6, Sum: 11.1]
      [Code Root Marking (ms): Min: 0.0, Avg: 0.7, Max: 6.7, Diff: 6.6, Sum: 9.3]
      [Update RS (ms): Min: 75.9, Avg: 81.5, Max: 83.5, Diff: 7.7, Sum: 1059.7]
         [Processed Buffers: Min: 38, Avg: 46.9, Max: 63, Diff: 25, Sum: 610]
      [Scan RS (ms): Min: 0.0, Avg: 0.0, Max: 0.1, Diff: 0.1, Sum: 0.1]
      [Code Root Scanning (ms): Min: 0.0, Avg: 0.0, Max: 0.0, Diff: 0.0, Sum: 0.0]
      [Object Copy (ms): Min: 24.1, Avg: 25.3, Max: 26.6, Diff: 2.5, Sum: 329.0]
      [Termination (ms): Min: 0.0, Avg: 0.0, Max: 0.0, Diff: 0.0, Sum: 0.1]
      [GC Worker Other (ms): Min: 0.0, Avg: 0.0, Max: 0.0, Diff: 0.0, Sum: 0.4]
      [GC Worker Total (ms): Min: 108.3, Avg: 108.4, Max: 108.7, Diff: 0.4, Sum: 1409.7]
      [GC Worker End (ms): Min: 232386.8, Avg: 232386.8, Max: 232386.8, Diff: 0.0]
   [Code Root Fixup: 0.3 ms]
   [Code Root Migration: 0.0 ms]
   [Clear CT: 1.6 ms]
   [Other: 2.9 ms]
      [Choose CSet: 0.0 ms]
      [Ref Proc: 0.7 ms]
      [Ref Enq: 0.0 ms]
      [Free CSet: 0.1 ms]
   [Eden: 48.0M(2144.0M)->0.0B(2384.0M) Survivors: 160.0M->96.0M Heap: 13.1G(24.0G)->13.2G(24.0G)]
 [Times: user=1.41 sys=0.00, real=0.12 secs] 
2014-04-07T18:38:50.511+0900: 232.392: [GC concurrent-root-region-scan-start]
2014-04-07T18:38:50.513+0900: 232.395: [GC concurrent-root-region-scan-end, 0.0026259 secs]
2014-04-07T18:38:50.514+0900: 232.395: [GC concurrent-mark-start]
2014-04-07T18:38:52.217+0900: 234.098: [GC concurrent-mark-end, 1.7036057 secs]
2014-04-07T18:38:52.218+0900: 234.100: [GC remark 234.101: [GC ref-proc, 0.0043529 secs], 0.0269759 secs]
 [Times: user=0.23 sys=0.00, real=0.02 secs] 
2014-04-07T18:38:52.247+0900: 234.128: [GC cleanup 15G->13G(24G), 0.0258231 secs]
 [Times: user=0.30 sys=0.00, real=0.03 secs] 
2014-04-07T18:38:52.273+0900: 234.155: [GC concurrent-cleanup-start]
2014-04-07T18:38:52.274+0900: 234.156: [GC concurrent-cleanup-end, 0.0011441 secs]
2014-04-07T18:39:10.635+0900: 252.517: [GC pause (G1 Evacuation Pause) (young), 0.0581728 secs]
   [Parallel Time: 49.0 ms, GC Workers: 13]
      [GC Worker Start (ms): Min: 252517.0, Avg: 252517.3, Max: 252517.5, Diff: 0.5]
      [Ext Root Scanning (ms): Min: 0.6, Avg: 0.8, Max: 1.1, Diff: 0.5, Sum: 10.4]
      [Update RS (ms): Min: 11.3, Avg: 11.6, Max: 12.3, Diff: 1.0, Sum: 150.7]
         [Processed Buffers: Min: 27, Avg: 34.1, Max: 47, Diff: 20, Sum: 443]
      [Scan RS (ms): Min: 9.2, Avg: 9.8, Max: 10.0, Diff: 0.8, Sum: 127.8]
      [Code Root Scanning (ms): Min: 0.0, Avg: 0.0, Max: 0.0, Diff: 0.0, Sum: 0.1]
      [Object Copy (ms): Min: 25.1, Avg: 25.2, Max: 25.3, Diff: 0.2, Sum: 327.5]
      [Termination (ms): Min: 0.0, Avg: 0.0, Max: 0.0, Diff: 0.0, Sum: 0.1]
      [GC Worker Other (ms): Min: 0.0, Avg: 0.1, Max: 0.2, Diff: 0.2, Sum: 0.9]
      [GC Worker Total (ms): Min: 47.2, Avg: 47.5, Max: 47.8, Diff: 0.5, Sum: 617.3]
      [GC Worker End (ms): Min: 252564.8, Avg: 252564.8, Max: 252564.9, Diff: 0.2]
   [Code Root Fixup: 0.2 ms]
   [Code Root Migration: 0.1 ms]
   [Clear CT: 4.6 ms]
   [Other: 4.3 ms]
      [Choose CSet: 0.0 ms]
      [Ref Proc: 1.5 ms]
      [Ref Enq: 0.0 ms]
      [Free CSet: 0.7 ms]
   [Eden: 2384.0M(2384.0M)->0.0B(1024.0M) Survivors: 96.0M->192.0M Heap: 14.6G(24.0G)->12.4G(24.0G)]
 [Times: user=0.67 sys=0.00, real=0.06 secs] 
2014-04-07T18:39:11.348+0900: 253.229: [GC pause (G1 Evacuation Pause) (mixed), 0.0882808 secs]
   [Parallel Time: 76.3 ms, GC Workers: 13]
      [GC Worker Start (ms): Min: 253229.6, Avg: 253229.9, Max: 253230.2, Diff: 0.6]
      [Ext Root Scanning (ms): Min: 0.4, Avg: 0.7, Max: 1.4, Diff: 0.9, Sum: 9.7]
      [Update RS (ms): Min: 19.8, Avg: 20.5, Max: 21.2, Diff: 1.4, Sum: 266.2]
         [Processed Buffers: Min: 10, Avg: 16.0, Max: 28, Diff: 18, Sum: 208]
      [Scan RS (ms): Min: 9.9, Avg: 10.6, Max: 11.0, Diff: 1.0, Sum: 138.3]
      [Code Root Scanning (ms): Min: 0.0, Avg: 0.0, Max: 0.0, Diff: 0.0, Sum: 0.0]
      [Object Copy (ms): Min: 42.3, Avg: 42.7, Max: 42.9, Diff: 0.5, Sum: 554.5]
      [Termination (ms): Min: 0.0, Avg: 0.0, Max: 0.0, Diff: 0.0, Sum: 0.0]
      [GC Worker Other (ms): Min: 0.0, Avg: 0.0, Max: 0.1, Diff: 0.1, Sum: 0.6]
      [GC Worker Total (ms): Min: 74.3, Avg: 74.6, Max: 74.9, Diff: 0.5, Sum: 969.3]
      [GC Worker End (ms): Min: 253304.5, Avg: 253304.5, Max: 253304.6, Diff: 0.1]
   [Code Root Fixup: 0.2 ms]
   [Code Root Migration: 0.0 ms]
   [Clear CT: 5.4 ms]
   [Other: 6.3 ms]
      [Choose CSet: 0.1 ms]
      [Ref Proc: 1.4 ms]
      [Ref Enq: 0.0 ms]
      [Free CSet: 1.3 ms]
   [Eden: 1024.0M(1024.0M)->0.0B(3296.0M) Survivors: 192.0M->112.0M Heap: 13.4G(24.0G)->12.1G(24.0G)]
 [Times: user=1.03 sys=0.00, real=0.09 secs] 
2014-04-07T18:39:11.510+0900: 253.392: [GC pause (G1 Humongous Allocation) (young) (initial-mark), 0.0566365 secs]
   [Parallel Time: 54.2 ms, GC Workers: 13]
      [GC Worker Start (ms): Min: 253391.9, Avg: 253392.2, Max: 253392.4, Diff: 0.6]
      [Ext Root Scanning (ms): Min: 0.4, Avg: 0.7, Max: 2.6, Diff: 2.2, Sum: 9.3]
      [Code Root Marking (ms): Min: 0.0, Avg: 0.6, Max: 4.7, Diff: 4.6, Sum: 7.9]
      [Update RS (ms): Min: 46.2, Avg: 49.8, Max: 50.9, Diff: 4.7, Sum: 647.8]
         [Processed Buffers: Min: 23, Avg: 29.8, Max: 38, Diff: 15, Sum: 387]
      [Scan RS (ms): Min: 0.0, Avg: 0.0, Max: 0.0, Diff: 0.0, Sum: 0.1]
      [Code Root Scanning (ms): Min: 0.0, Avg: 0.0, Max: 0.0, Diff: 0.0, Sum: 0.0]
      [Object Copy (ms): Min: 0.4, Avg: 1.0, Max: 2.2, Diff: 1.8, Sum: 12.9]
      [Termination (ms): Min: 0.0, Avg: 1.3, Max: 1.5, Diff: 1.5, Sum: 17.0]
      [GC Worker Other (ms): Min: 0.0, Avg: 0.0, Max: 0.0, Diff: 0.0, Sum: 0.2]
      [GC Worker Total (ms): Min: 53.2, Avg: 53.5, Max: 53.8, Diff: 0.6, Sum: 695.2]
      [GC Worker End (ms): Min: 253445.6, Avg: 253445.6, Max: 253445.7, Diff: 0.0]
   [Code Root Fixup: 0.2 ms]
   [Code Root Migration: 0.0 ms]
   [Clear CT: 1.0 ms]
   [Other: 1.2 ms]
      [Choose CSet: 0.0 ms]
      [Ref Proc: 0.5 ms]
      [Ref Enq: 0.0 ms]
      [Free CSet: 0.1 ms]
   [Eden: 112.0M(3296.0M)->0.0B(4672.0M) Survivors: 112.0M->48.0M Heap: 12.2G(24.0G)->12.1G(24.0G)]
 [Times: user=0.68 sys=0.01, real=0.06 secs] 
2014-04-07T18:39:11.567+0900: 253.448: [GC concurrent-root-region-scan-start]
2014-04-07T18:39:11.575+0900: 253.457: [GC concurrent-root-region-scan-end, 0.0080809 secs]
2014-04-07T18:39:11.575+0900: 253.457: [GC concurrent-mark-start]
2014-04-07T18:39:13.052+0900: 254.933: [GC concurrent-mark-end, 1.4766333 secs]
2014-04-07T18:39:13.053+0900: 254.934: [GC remark 254.935: [GC ref-proc, 0.0029731 secs], 0.0235673 secs]
 [Times: user=0.20 sys=0.00, real=0.02 secs] 
2014-04-07T18:39:13.079+0900: 254.961: [GC cleanup 14G->14G(24G), 0.0241679 secs]
 [Times: user=0.29 sys=0.00, real=0.03 secs] 
2014-04-07T18:39:13.104+0900: 254.985: [GC concurrent-cleanup-start]
2014-04-07T18:39:13.104+0900: 254.986: [GC concurrent-cleanup-end, 0.0003179 secs]
2014-04-07T18:39:15.866+0900: 257.748: [GC pause (G1 Evacuation Pause) (young), 0.2044483 secs]
   [Parallel Time: 190.5 ms, GC Workers: 13]
      [GC Worker Start (ms): Min: 257748.0, Avg: 257748.3, Max: 257748.5, Diff: 0.5]
      [Ext Root Scanning (ms): Min: 0.5, Avg: 0.7, Max: 1.1, Diff: 0.6, Sum: 9.7]
      [Update RS (ms): Min: 13.6, Avg: 13.8, Max: 14.3, Diff: 0.7, Sum: 180.0]
         [Processed Buffers: Min: 32, Avg: 40.8, Max: 65, Diff: 33, Sum: 530]
      [Scan RS (ms): Min: 28.0, Avg: 28.4, Max: 28.8, Diff: 0.7, Sum: 369.3]
      [Code Root Scanning (ms): Min: 0.0, Avg: 0.0, Max: 0.0, Diff: 0.0, Sum: 0.1]
      [Object Copy (ms): Min: 146.0, Avg: 146.2, Max: 146.4, Diff: 0.4, Sum: 1900.0]
      [Termination (ms): Min: 0.0, Avg: 0.3, Max: 0.3, Diff: 0.3, Sum: 3.3]
      [GC Worker Other (ms): Min: 0.0, Avg: 0.1, Max: 0.2, Diff: 0.2, Sum: 0.9]
      [GC Worker Total (ms): Min: 189.2, Avg: 189.5, Max: 189.8, Diff: 0.6, Sum: 2463.2]
      [GC Worker End (ms): Min: 257937.7, Avg: 257937.8, Max: 257937.9, Diff: 0.2]
   [Code Root Fixup: 0.4 ms]
   [Code Root Migration: 0.1 ms]
   [Clear CT: 4.9 ms]
   [Other: 8.6 ms]
      [Choose CSet: 0.0 ms]
      [Ref Proc: 1.0 ms]
      [Ref Enq: 0.0 ms]
      [Free CSet: 1.9 ms]
   [Eden: 3824.0M(3824.0M)->0.0B(720.0M) Survivors: 48.0M->496.0M Heap: 17.2G(24.0G)->14.1G(24.0G)]
 [Times: user=2.41 sys=0.09, real=0.20 secs] 
2014-04-07T18:39:16.902+0900: 258.783: [GC pause (G1 Evacuation Pause) (mixed), 0.2374635 secs]
   [Parallel Time: 220.0 ms, GC Workers: 13]
      [GC Worker Start (ms): Min: 258784.2, Avg: 258784.4, Max: 258784.6, Diff: 0.4]
      [Ext Root Scanning (ms): Min: 0.5, Avg: 0.8, Max: 1.7, Diff: 1.1, Sum: 10.1]
      [Update RS (ms): Min: 14.7, Avg: 15.6, Max: 16.3, Diff: 1.6, Sum: 203.2]
         [Processed Buffers: Min: 37, Avg: 44.8, Max: 64, Diff: 27, Sum: 582]
      [Scan RS (ms): Min: 53.5, Avg: 54.1, Max: 54.5, Diff: 1.0, Sum: 703.4]
      [Code Root Scanning (ms): Min: 0.0, Avg: 0.0, Max: 0.0, Diff: 0.0, Sum: 0.1]
      [Object Copy (ms): Min: 149.1, Avg: 149.1, Max: 149.2, Diff: 0.2, Sum: 1938.7]
      [Termination (ms): Min: 0.0, Avg: 0.0, Max: 0.0, Diff: 0.0, Sum: 0.0]
      [GC Worker Other (ms): Min: 0.0, Avg: 0.0, Max: 0.1, Diff: 0.1, Sum: 0.5]
      [GC Worker Total (ms): Min: 219.5, Avg: 219.7, Max: 219.9, Diff: 0.4, Sum: 2856.1]
      [GC Worker End (ms): Min: 259004.1, Avg: 259004.1, Max: 259004.2, Diff: 0.1]
   [Code Root Fixup: 0.3 ms]
   [Code Root Migration: 0.1 ms]
   [Clear CT: 5.1 ms]
   [Other: 12.0 ms]
      [Choose CSet: 0.6 ms]
      [Ref Proc: 0.8 ms]
      [Ref Enq: 0.0 ms]
      [Free CSet: 2.5 ms]
   [Eden: 720.0M(720.0M)->0.0B(1056.0M) Survivors: 496.0M->160.0M Heap: 15.1G(24.0G)->13.9G(24.0G)]
 [Times: user=2.92 sys=0.00, real=0.24 secs] 
2014-04-07T18:39:18.042+0900: 259.924: [GC pause (G1 Evacuation Pause) (mixed), 0.1922133 secs]
   [Parallel Time: 175.9 ms, GC Workers: 13]
      [GC Worker Start (ms): Min: 259924.7, Avg: 259924.9, Max: 259925.2, Diff: 0.5]
      [Ext Root Scanning (ms): Min: 0.5, Avg: 0.8, Max: 1.9, Diff: 1.3, Sum: 10.5]
      [Update RS (ms): Min: 18.3, Avg: 18.7, Max: 19.8, Diff: 1.5, Sum: 243.2]
         [Processed Buffers: Min: 44, Avg: 49.8, Max: 71, Diff: 27, Sum: 647]
      [Scan RS (ms): Min: 50.4, Avg: 51.6, Max: 52.3, Diff: 1.8, Sum: 671.1]
      [Code Root Scanning (ms): Min: 0.0, Avg: 0.0, Max: 0.0, Diff: 0.0, Sum: 0.1]
      [Object Copy (ms): Min: 103.5, Avg: 103.7, Max: 104.0, Diff: 0.5, Sum: 1348.4]
      [Termination (ms): Min: 0.0, Avg: 0.0, Max: 0.0, Diff: 0.0, Sum: 0.1]
      [GC Worker Other (ms): Min: 0.0, Avg: 0.1, Max: 0.2, Diff: 0.2, Sum: 0.8]
      [GC Worker Total (ms): Min: 174.7, Avg: 174.9, Max: 175.2, Diff: 0.4, Sum: 2274.2]
      [GC Worker End (ms): Min: 260099.8, Avg: 260099.9, Max: 260100.0, Diff: 0.2]
   [Code Root Fixup: 0.3 ms]
   [Code Root Migration: 0.1 ms]
   [Clear CT: 5.2 ms]
   [Other: 10.6 ms]
      [Choose CSet: 0.8 ms]
      [Ref Proc: 0.7 ms]
      [Ref Enq: 0.0 ms]
      [Free CSet: 2.6 ms]
   [Eden: 1056.0M(1056.0M)->0.0B(1056.0M) Survivors: 160.0M->160.0M Heap: 15.3G(24.0G)->13.8G(24.0G)]
 [Times: user=2.35 sys=0.00, real=0.20 secs] 
2014-04-07T18:39:19.960+0900: 261.841: [GC pause (G1 Evacuation Pause) (mixed), 0.2130113 secs]
   [Parallel Time: 194.9 ms, GC Workers: 13]
      [GC Worker Start (ms): Min: 261842.2, Avg: 261842.4, Max: 261842.7, Diff: 0.6]
      [Ext Root Scanning (ms): Min: 0.4, Avg: 0.8, Max: 1.8, Diff: 1.4, Sum: 9.8]
      [Update RS (ms): Min: 17.7, Avg: 18.3, Max: 19.1, Diff: 1.4, Sum: 238.4]
         [Processed Buffers: Min: 38, Avg: 51.5, Max: 79, Diff: 41, Sum: 670]
      [Scan RS (ms): Min: 56.7, Avg: 57.4, Max: 57.8, Diff: 1.1, Sum: 745.9]
      [Code Root Scanning (ms): Min: 0.0, Avg: 0.0, Max: 0.0, Diff: 0.0, Sum: 0.1]
      [Object Copy (ms): Min: 116.8, Avg: 117.1, Max: 118.0, Diff: 1.2, Sum: 1521.7]
      [Termination (ms): Min: 0.0, Avg: 0.0, Max: 0.0, Diff: 0.0, Sum: 0.0]
      [GC Worker Other (ms): Min: 0.0, Avg: 0.0, Max: 0.1, Diff: 0.0, Sum: 0.5]
      [GC Worker Total (ms): Min: 193.3, Avg: 193.6, Max: 193.8, Diff: 0.6, Sum: 2516.3]
      [GC Worker End (ms): Min: 262036.0, Avg: 262036.0, Max: 262036.0, Diff: 0.1]
   [Code Root Fixup: 0.2 ms]
   [Code Root Migration: 0.0 ms]
   [Clear CT: 5.5 ms]
   [Other: 12.4 ms]
      [Choose CSet: 0.9 ms]
      [Ref Proc: 1.4 ms]
      [Ref Enq: 0.0 ms]
      [Free CSet: 2.7 ms]
   [Eden: 1056.0M(1056.0M)->0.0B(1056.0M) Survivors: 160.0M->160.0M Heap: 15.3G(24.0G)->13.9G(24.0G)]
 [Times: user=2.58 sys=0.00, real=0.22 secs] 
2014-04-07T18:39:21.389+0900: 263.271: [GC pause (G1 Evacuation Pause) (mixed), 0.1352823 secs]
   [Parallel Time: 122.5 ms, GC Workers: 13]
      [GC Worker Start (ms): Min: 263271.2, Avg: 263271.4, Max: 263271.5, Diff: 0.3]
      [Ext Root Scanning (ms): Min: 0.4, Avg: 0.8, Max: 1.5, Diff: 1.1, Sum: 10.0]
      [Update RS (ms): Min: 16.4, Avg: 16.8, Max: 17.6, Diff: 1.3, Sum: 218.8]
         [Processed Buffers: Min: 39, Avg: 50.5, Max: 69, Diff: 30, Sum: 656]
      [Scan RS (ms): Min: 31.0, Avg: 32.2, Max: 32.8, Diff: 1.8, Sum: 418.3]
      [Code Root Scanning (ms): Min: 0.0, Avg: 0.0, Max: 0.0, Diff: 0.0, Sum: 0.0]
      [Object Copy (ms): Min: 71.3, Avg: 71.7, Max: 72.2, Diff: 0.9, Sum: 931.5]
      [Termination (ms): Min: 0.0, Avg: 0.0, Max: 0.0, Diff: 0.0, Sum: 0.0]
      [GC Worker Other (ms): Min: 0.0, Avg: 0.0, Max: 0.1, Diff: 0.1, Sum: 0.5]
      [GC Worker Total (ms): Min: 121.3, Avg: 121.5, Max: 121.7, Diff: 0.4, Sum: 1579.2]
      [GC Worker End (ms): Min: 263392.8, Avg: 263392.8, Max: 263392.9, Diff: 0.1]
   [Code Root Fixup: 0.4 ms]
   [Code Root Migration: 0.0 ms]
   [Clear CT: 5.0 ms]
   [Other: 7.3 ms]
      [Choose CSet: 0.2 ms]
      [Ref Proc: 0.9 ms]
      [Ref Enq: 0.0 ms]
      [Free CSet: 1.5 ms]
   [Eden: 1056.0M(1056.0M)->0.0B(1056.0M) Survivors: 160.0M->160.0M Heap: 15.4G(24.0G)->14.4G(24.0G)]
 [Times: user=1.65 sys=0.00, real=0.14 secs] 
2014-04-07T18:39:21.526+0900: 263.408: [GC pause (G1 Humongous Allocation) (young) (initial-mark), 0.0995238 secs]
   [Parallel Time: 95.9 ms, GC Workers: 13]
      [GC Worker Start (ms): Min: 263408.0, Avg: 263408.2, Max: 263408.3, Diff: 0.3]
      [Ext Root Scanning (ms): Min: 0.5, Avg: 0.8, Max: 3.3, Diff: 2.8, Sum: 10.8]
      [Code Root Marking (ms): Min: 0.0, Avg: 0.6, Max: 4.7, Diff: 4.7, Sum: 8.2]
      [Update RS (ms): Min: 65.9, Avg: 69.9, Max: 71.8, Diff: 5.9, Sum: 909.0]
         [Processed Buffers: Min: 35, Avg: 43.7, Max: 61, Diff: 26, Sum: 568]
      [Scan RS (ms): Min: 0.0, Avg: 0.0, Max: 0.0, Diff: 0.0, Sum: 0.1]
      [Code Root Scanning (ms): Min: 0.0, Avg: 0.0, Max: 0.0, Diff: 0.0, Sum: 0.0]
      [Object Copy (ms): Min: 22.5, Avg: 23.7, Max: 26.1, Diff: 3.6, Sum: 308.0]
      [Termination (ms): Min: 0.0, Avg: 0.0, Max: 0.0, Diff: 0.0, Sum: 0.0]
      [GC Worker Other (ms): Min: 0.0, Avg: 0.0, Max: 0.1, Diff: 0.0, Sum: 0.4]
      [GC Worker Total (ms): Min: 95.0, Avg: 95.1, Max: 95.3, Diff: 0.3, Sum: 1236.5]
      [GC Worker End (ms): Min: 263503.3, Avg: 263503.3, Max: 263503.3, Diff: 0.0]
   [Code Root Fixup: 0.4 ms]
   [Code Root Migration: 0.0 ms]
   [Clear CT: 0.4 ms]
   [Other: 2.9 ms]
      [Choose CSet: 0.0 ms]
      [Ref Proc: 0.6 ms]
      [Ref Enq: 0.0 ms]
      [Free CSet: 0.1 ms]
   [Eden: 16.0M(1056.0M)->0.0B(1440.0M) Survivors: 160.0M->80.0M Heap: 14.4G(24.0G)->14.6G(24.0G)]
 [Times: user=1.24 sys=0.00, real=0.10 secs] 
2014-04-07T18:39:21.626+0900: 263.507: [GC concurrent-root-region-scan-start]
2014-04-07T18:39:21.626+0900: 263.508: [GC concurrent-root-region-scan-end, 0.0001229 secs]
2014-04-07T18:39:21.626+0900: 263.508: [GC concurrent-mark-start]
2014-04-07T18:39:23.087+0900: 264.969: [GC concurrent-mark-end, 1.4610487 secs]
2014-04-07T18:39:23.088+0900: 264.970: [GC remark 264.970: [GC ref-proc, 0.0029517 secs], 0.0252209 secs]
 [Times: user=0.22 sys=0.00, real=0.03 secs] 
2014-04-07T18:39:23.115+0900: 264.996: [GC cleanup 16G->13G(24G), 0.0251448 secs]
 [Times: user=0.28 sys=0.01, real=0.02 secs] 
2014-04-07T18:39:23.141+0900: 265.022: [GC concurrent-cleanup-start]
2014-04-07T18:39:23.143+0900: 265.024: [GC concurrent-cleanup-end, 0.0023436 secs]
2014-04-07T18:39:23.850+0900: 265.732: [GC pause (G1 Evacuation Pause) (young), 0.0982913 secs]
   [Parallel Time: 89.3 ms, GC Workers: 13]
      [GC Worker Start (ms): Min: 265731.9, Avg: 265732.2, Max: 265732.5, Diff: 0.7]
      [Ext Root Scanning (ms): Min: 0.4, Avg: 2.2, Max: 10.8, Diff: 10.4, Sum: 29.1]
      [Update RS (ms): Min: 6.8, Avg: 15.8, Max: 22.9, Diff: 16.1, Sum: 206.0]
         [Processed Buffers: Min: 16, Avg: 42.8, Max: 61, Diff: 45, Sum: 557]
      [Scan RS (ms): Min: 6.2, Avg: 11.1, Max: 13.3, Diff: 7.1, Sum: 144.8]
      [Code Root Scanning (ms): Min: 0.0, Avg: 0.0, Max: 0.0, Diff: 0.0, Sum: 0.0]
      [Object Copy (ms): Min: 55.5, Avg: 58.7, Max: 59.2, Diff: 3.7, Sum: 762.9]
      [Termination (ms): Min: 0.0, Avg: 0.0, Max: 0.0, Diff: 0.0, Sum: 0.0]
      [GC Worker Other (ms): Min: 0.0, Avg: 0.1, Max: 0.2, Diff: 0.2, Sum: 0.7]
      [GC Worker Total (ms): Min: 87.7, Avg: 88.0, Max: 88.3, Diff: 0.7, Sum: 1143.6]
      [GC Worker End (ms): Min: 265820.2, Avg: 265820.2, Max: 265820.3, Diff: 0.2]
   [Code Root Fixup: 0.3 ms]
   [Code Root Migration: 0.0 ms]
   [Clear CT: 3.4 ms]
   [Other: 5.2 ms]
      [Choose CSet: 0.0 ms]
      [Ref Proc: 1.4 ms]
      [Ref Enq: 0.0 ms]
      [Free CSet: 1.3 ms]
   [Eden: 1440.0M(1440.0M)->0.0B(1024.0M) Survivors: 80.0M->192.0M Heap: 13.5G(24.0G)->12.3G(24.0G)]
 [Times: user=1.13 sys=0.00, real=0.10 secs] 
2014-04-07T18:39:25.328+0900: 267.209: [GC pause (G1 Evacuation Pause) (mixed), 0.1523784 secs]
   [Parallel Time: 138.5 ms, GC Workers: 13]
      [GC Worker Start (ms): Min: 267209.5, Avg: 267209.8, Max: 267210.1, Diff: 0.6]
      [Ext Root Scanning (ms): Min: 0.5, Avg: 0.7, Max: 1.1, Diff: 0.7, Sum: 9.5]
      [Update RS (ms): Min: 15.4, Avg: 16.1, Max: 17.0, Diff: 1.6, Sum: 209.8]
         [Processed Buffers: Min: 37, Avg: 45.4, Max: 62, Diff: 25, Sum: 590]
      [Scan RS (ms): Min: 25.6, Avg: 26.6, Max: 27.0, Diff: 1.3, Sum: 345.4]
      [Code Root Scanning (ms): Min: 0.0, Avg: 0.0, Max: 0.0, Diff: 0.0, Sum: 0.0]
      [Object Copy (ms): Min: 93.1, Avg: 93.3, Max: 93.5, Diff: 0.4, Sum: 1213.1]
      [Termination (ms): Min: 0.0, Avg: 0.1, Max: 0.1, Diff: 0.1, Sum: 1.0]
      [GC Worker Other (ms): Min: 0.0, Avg: 0.0, Max: 0.2, Diff: 0.1, Sum: 0.6]
      [GC Worker Total (ms): Min: 136.7, Avg: 136.9, Max: 137.2, Diff: 0.5, Sum: 1779.5]
      [GC Worker End (ms): Min: 267346.7, Avg: 267346.7, Max: 267346.8, Diff: 0.1]
   [Code Root Fixup: 0.2 ms]
   [Code Root Migration: 0.0 ms]
   [Clear CT: 5.3 ms]
   [Other: 8.3 ms]
      [Choose CSet: 0.2 ms]
      [Ref Proc: 1.3 ms]
      [Ref Enq: 0.0 ms]
      [Free CSet: 1.7 ms]
   [Eden: 1024.0M(1024.0M)->0.0B(1744.0M) Survivors: 192.0M->160.0M Heap: 13.7G(24.0G)->12.7G(24.0G)]
 [Times: user=1.85 sys=0.00, real=0.15 secs] 
2014-04-07T18:39:25.546+0900: 267.427: [GC pause (G1 Humongous Allocation) (young) (initial-mark), 0.1059880 secs]
   [Parallel Time: 101.3 ms, GC Workers: 13]
      [GC Worker Start (ms): Min: 267427.5, Avg: 267427.8, Max: 267428.1, Diff: 0.6]
      [Ext Root Scanning (ms): Min: 0.4, Avg: 0.8, Max: 3.2, Diff: 2.8, Sum: 10.3]
      [Code Root Marking (ms): Min: 0.0, Avg: 0.7, Max: 6.5, Diff: 6.5, Sum: 9.6]
      [Update RS (ms): Min: 65.0, Avg: 71.1, Max: 75.7, Diff: 10.8, Sum: 924.2]
         [Processed Buffers: Min: 40, Avg: 48.2, Max: 66, Diff: 26, Sum: 626]
      [Scan RS (ms): Min: 0.0, Avg: 0.0, Max: 0.0, Diff: 0.0, Sum: 0.1]
      [Code Root Scanning (ms): Min: 0.0, Avg: 0.0, Max: 0.0, Diff: 0.0, Sum: 0.0]
      [Object Copy (ms): Min: 24.1, Avg: 28.1, Max: 29.5, Diff: 5.3, Sum: 364.7]
      [Termination (ms): Min: 0.0, Avg: 0.0, Max: 0.0, Diff: 0.0, Sum: 0.1]
      [GC Worker Other (ms): Min: 0.0, Avg: 0.0, Max: 0.1, Diff: 0.0, Sum: 0.4]
      [GC Worker Total (ms): Min: 100.5, Avg: 100.7, Max: 101.0, Diff: 0.6, Sum: 1309.3]
      [GC Worker End (ms): Min: 267528.5, Avg: 267528.6, Max: 267528.6, Diff: 0.0]
   [Code Root Fixup: 0.3 ms]
   [Code Root Migration: 0.0 ms]
   [Clear CT: 1.0 ms]
   [Other: 3.4 ms]
      [Choose CSet: 0.0 ms]
      [Ref Proc: 1.1 ms]
      [Ref Enq: 0.0 ms]
      [Free CSet: 0.1 ms]
   [Eden: 32.0M(1744.0M)->0.0B(2448.0M) Survivors: 160.0M->112.0M Heap: 12.7G(24.0G)->12.8G(24.0G)]
 [Times: user=1.31 sys=0.01, real=0.10 secs] 
2014-04-07T18:39:25.652+0900: 267.533: [GC concurrent-root-region-scan-start]
2014-04-07T18:39:25.656+0900: 267.537: [GC concurrent-root-region-scan-end, 0.0036156 secs]
2014-04-07T18:39:25.656+0900: 267.537: [GC concurrent-mark-start]
2014-04-07T18:39:27.204+0900: 269.085: [GC concurrent-mark-end, 1.5478367 secs]
2014-04-07T18:39:27.205+0900: 269.086: [GC remark 269.087: [GC ref-proc, 0.0031447 secs], 0.0261284 secs]
 [Times: user=0.23 sys=0.01, real=0.02 secs] 
2014-04-07T18:39:27.232+0900: 269.113: [GC cleanup 13G->12G(24G), 0.0231017 secs]
 [Times: user=0.26 sys=0.00, real=0.03 secs] 
2014-04-07T18:39:27.256+0900: 269.137: [GC concurrent-cleanup-start]
2014-04-07T18:39:27.257+0900: 269.138: [GC concurrent-cleanup-end, 0.0012215 secs]
2014-04-07T18:39:42.172+0900: 284.054: [GC pause (G1 Evacuation Pause) (young), 0.0710617 secs]
   [Parallel Time: 61.9 ms, GC Workers: 13]
      [GC Worker Start (ms): Min: 284054.2, Avg: 284054.5, Max: 284054.8, Diff: 0.6]
      [Ext Root Scanning (ms): Min: 0.4, Avg: 0.8, Max: 1.5, Diff: 1.0, Sum: 9.9]
      [Update RS (ms): Min: 18.2, Avg: 18.8, Max: 19.2, Diff: 1.0, Sum: 244.5]
         [Processed Buffers: Min: 37, Avg: 46.3, Max: 67, Diff: 30, Sum: 602]
      [Scan RS (ms): Min: 6.6, Avg: 7.0, Max: 7.3, Diff: 0.8, Sum: 90.8]
      [Code Root Scanning (ms): Min: 0.0, Avg: 0.0, Max: 0.0, Diff: 0.0, Sum: 0.0]
      [Object Copy (ms): Min: 33.9, Avg: 34.2, Max: 34.4, Diff: 0.5, Sum: 445.2]
      [Termination (ms): Min: 0.0, Avg: 0.0, Max: 0.0, Diff: 0.0, Sum: 0.0]
      [GC Worker Other (ms): Min: 0.0, Avg: 0.1, Max: 0.3, Diff: 0.3, Sum: 1.1]
      [GC Worker Total (ms): Min: 60.6, Avg: 60.9, Max: 61.2, Diff: 0.6, Sum: 791.5]
      [GC Worker End (ms): Min: 284115.4, Avg: 284115.4, Max: 284115.6, Diff: 0.3]
   [Code Root Fixup: 0.2 ms]
   [Code Root Migration: 0.0 ms]
   [Clear CT: 3.8 ms]
   [Other: 5.1 ms]
      [Choose CSet: 0.0 ms]
      [Ref Proc: 1.7 ms]
      [Ref Enq: 0.0 ms]
      [Free CSet: 1.4 ms]
   [Eden: 2448.0M(2448.0M)->0.0B(912.0M) Survivors: 112.0M->304.0M Heap: 14.6G(24.0G)->12.4G(24.0G)]
 [Times: user=0.83 sys=0.00, real=0.07 secs] 
2014-04-07T18:39:43.158+0900: 285.040: [GC pause (G1 Evacuation Pause) (mixed), 0.0985914 secs]
   [Parallel Time: 88.8 ms, GC Workers: 13]
      [GC Worker Start (ms): Min: 285040.0, Avg: 285040.3, Max: 285040.5, Diff: 0.4]
      [Ext Root Scanning (ms): Min: 0.6, Avg: 0.8, Max: 1.3, Diff: 0.8, Sum: 9.9]
      [Update RS (ms): Min: 32.7, Avg: 32.8, Max: 33.6, Diff: 0.8, Sum: 426.5]
         [Processed Buffers: Min: 54, Avg: 63.3, Max: 82, Diff: 28, Sum: 823]
      [Scan RS (ms): Min: 6.9, Avg: 8.2, Max: 8.7, Diff: 1.8, Sum: 107.1]
      [Code Root Scanning (ms): Min: 0.0, Avg: 0.0, Max: 0.0, Diff: 0.0, Sum: 0.0]
      [Object Copy (ms): Min: 45.7, Avg: 46.0, Max: 46.2, Diff: 0.5, Sum: 597.8]
      [Termination (ms): Min: 0.0, Avg: 0.0, Max: 0.0, Diff: 0.0, Sum: 0.3]
      [GC Worker Other (ms): Min: 0.0, Avg: 0.0, Max: 0.1, Diff: 0.1, Sum: 0.6]
      [GC Worker Total (ms): Min: 87.7, Avg: 87.9, Max: 88.1, Diff: 0.4, Sum: 1142.2]
      [GC Worker End (ms): Min: 285128.1, Avg: 285128.2, Max: 285128.2, Diff: 0.1]
   [Code Root Fixup: 0.4 ms]
   [Code Root Migration: 0.0 ms]
   [Clear CT: 4.6 ms]
   [Other: 4.8 ms]
      [Choose CSet: 0.1 ms]
      [Ref Proc: 1.0 ms]
      [Ref Enq: 0.0 ms]
      [Free CSet: 0.6 ms]
   [Eden: 912.0M(912.0M)->0.0B(3904.0M) Survivors: 304.0M->112.0M Heap: 13.3G(24.0G)->12.3G(24.0G)]
 [Times: user=1.20 sys=0.00, real=0.10 secs] 
2014-04-07T18:39:43.271+0900: 285.153: [GC pause (G1 Humongous Allocation) (young) (initial-mark), 0.0470743 secs]
   [Parallel Time: 45.4 ms, GC Workers: 13]
      [GC Worker Start (ms): Min: 285152.9, Avg: 285153.0, Max: 285153.2, Diff: 0.3]
      [Ext Root Scanning (ms): Min: 0.5, Avg: 0.8, Max: 3.1, Diff: 2.6, Sum: 10.8]
      [Code Root Marking (ms): Min: 0.0, Avg: 0.8, Max: 6.8, Diff: 6.8, Sum: 10.1]
      [Update RS (ms): Min: 34.3, Avg: 40.0, Max: 41.2, Diff: 6.9, Sum: 520.4]
         [Processed Buffers: Min: 19, Avg: 27.5, Max: 41, Diff: 22, Sum: 358]
      [Scan RS (ms): Min: 0.0, Avg: 0.0, Max: 0.0, Diff: 0.0, Sum: 0.1]
      [Code Root Scanning (ms): Min: 0.0, Avg: 0.0, Max: 0.0, Diff: 0.0, Sum: 0.0]
      [Object Copy (ms): Min: 2.9, Avg: 3.4, Max: 4.0, Diff: 1.0, Sum: 43.6]
      [Termination (ms): Min: 0.0, Avg: 0.0, Max: 0.0, Diff: 0.0, Sum: 0.3]
      [GC Worker Other (ms): Min: 0.0, Avg: 0.0, Max: 0.1, Diff: 0.0, Sum: 0.4]
      [GC Worker Total (ms): Min: 44.9, Avg: 45.0, Max: 45.2, Diff: 0.3, Sum: 585.6]
      [GC Worker End (ms): Min: 285198.1, Avg: 285198.1, Max: 285198.1, Diff: 0.0]
   [Code Root Fixup: 0.4 ms]
   [Code Root Migration: 0.0 ms]
   [Clear CT: 0.3 ms]
   [Other: 1.0 ms]
      [Choose CSet: 0.0 ms]
      [Ref Proc: 0.4 ms]
      [Ref Enq: 0.0 ms]
      [Free CSet: 0.1 ms]
   [Eden: 48.0M(3904.0M)->0.0B(3776.0M) Survivors: 112.0M->64.0M Heap: 12.4G(24.0G)->12.3G(24.0G)]
 [Times: user=0.58 sys=0.00, real=0.05 secs] 
2014-04-07T18:39:43.319+0900: 285.200: [GC concurrent-root-region-scan-start]
2014-04-07T18:39:43.323+0900: 285.204: [GC concurrent-root-region-scan-end, 0.0041814 secs]
2014-04-07T18:39:43.323+0900: 285.204: [GC concurrent-mark-start]
2014-04-07T18:39:44.681+0900: 286.562: [GC concurrent-mark-end, 1.3579899 secs]
2014-04-07T18:39:44.681+0900: 286.563: [GC remark 286.564: [GC ref-proc, 0.0019236 secs], 0.0245082 secs]
 [Times: user=0.22 sys=0.01, real=0.02 secs] 
2014-04-07T18:39:44.707+0900: 286.588: [GC cleanup 13G->13G(24G), 0.0275754 secs]
 [Times: user=0.30 sys=0.00, real=0.02 secs] 
2014-04-07T18:39:44.735+0900: 286.617: [GC concurrent-cleanup-start]
2014-04-07T18:39:44.736+0900: 286.617: [GC concurrent-cleanup-end, 0.0004812 secs]
2014-04-07T18:39:47.576+0900: 289.457: [GC pause (G1 Evacuation Pause) (young), 0.1776980 secs]
   [Parallel Time: 166.7 ms, GC Workers: 13]
      [GC Worker Start (ms): Min: 289457.7, Avg: 289457.9, Max: 289458.1, Diff: 0.5]
      [Ext Root Scanning (ms): Min: 0.5, Avg: 0.7, Max: 0.9, Diff: 0.4, Sum: 9.6]
      [Update RS (ms): Min: 17.7, Avg: 18.0, Max: 18.3, Diff: 0.6, Sum: 234.6]
         [Processed Buffers: Min: 44, Avg: 53.0, Max: 68, Diff: 24, Sum: 689]
      [Scan RS (ms): Min: 20.5, Avg: 20.7, Max: 20.8, Diff: 0.3, Sum: 268.5]
      [Code Root Scanning (ms): Min: 0.0, Avg: 0.0, Max: 0.0, Diff: 0.0, Sum: 0.1]
      [Object Copy (ms): Min: 126.4, Avg: 126.4, Max: 126.5, Diff: 0.1, Sum: 1643.5]
      [Termination (ms): Min: 0.0, Avg: 0.0, Max: 0.0, Diff: 0.0, Sum: 0.3]
      [GC Worker Other (ms): Min: 0.0, Avg: 0.1, Max: 0.3, Diff: 0.2, Sum: 1.4]
      [GC Worker Total (ms): Min: 165.8, Avg: 166.0, Max: 166.3, Diff: 0.4, Sum: 2157.8]
      [GC Worker End (ms): Min: 289623.8, Avg: 289623.9, Max: 289624.1, Diff: 0.2]
   [Code Root Fixup: 0.3 ms]
   [Code Root Migration: 0.1 ms]
   [Clear CT: 3.6 ms]
   [Other: 7.1 ms]
      [Choose CSet: 0.0 ms]
      [Ref Proc: 0.7 ms]
      [Ref Enq: 0.0 ms]
      [Free CSet: 2.0 ms]
   [Eden: 3440.0M(3296.0M)->0.0B(784.0M) Survivors: 64.0M->432.0M Heap: 16.8G(24.0G)->14.2G(24.0G)]
 [Times: user=2.21 sys=0.00, real=0.18 secs] 
2014-04-07T18:39:49.205+0900: 291.086: [GC pause (G1 Evacuation Pause) (mixed), 0.2183849 secs]
   [Parallel Time: 200.5 ms, GC Workers: 13]
      [GC Worker Start (ms): Min: 291087.2, Avg: 291087.5, Max: 291087.7, Diff: 0.5]
      [Ext Root Scanning (ms): Min: 0.5, Avg: 0.7, Max: 1.5, Diff: 1.0, Sum: 9.5]
      [Update RS (ms): Min: 22.0, Avg: 22.7, Max: 23.6, Diff: 1.7, Sum: 295.3]
         [Processed Buffers: Min: 48, Avg: 66.9, Max: 95, Diff: 47, Sum: 870]
      [Scan RS (ms): Min: 47.2, Avg: 48.1, Max: 48.4, Diff: 1.2, Sum: 624.7]
      [Code Root Scanning (ms): Min: 0.0, Avg: 0.0, Max: 0.0, Diff: 0.0, Sum: 0.1]
      [Object Copy (ms): Min: 127.5, Avg: 127.7, Max: 127.9, Diff: 0.4, Sum: 1659.8]
      [Termination (ms): Min: 0.0, Avg: 0.0, Max: 0.0, Diff: 0.0, Sum: 0.0]
      [GC Worker Other (ms): Min: 0.0, Avg: 0.0, Max: 0.1, Diff: 0.1, Sum: 0.5]
      [GC Worker Total (ms): Min: 199.0, Avg: 199.2, Max: 199.6, Diff: 0.6, Sum: 2589.9]
      [GC Worker End (ms): Min: 291286.7, Avg: 291286.7, Max: 291286.7, Diff: 0.1]
   [Code Root Fixup: 0.3 ms]
   [Code Root Migration: 0.0 ms]
   [Clear CT: 5.8 ms]
   [Other: 11.7 ms]
      [Choose CSet: 0.5 ms]
      [Ref Proc: 1.3 ms]
      [Ref Enq: 0.0 ms]
      [Free CSet: 2.7 ms]
   [Eden: 784.0M(784.0M)->0.0B(1056.0M) Survivors: 432.0M->160.0M Heap: 15.3G(24.0G)->13.8G(24.0G)]
 [Times: user=2.66 sys=0.00, real=0.22 secs] 
2014-04-07T18:39:51.155+0900: 293.037: [GC pause (G1 Evacuation Pause) (mixed), 0.2301540 secs]
   [Parallel Time: 212.7 ms, GC Workers: 13]
      [GC Worker Start (ms): Min: 293037.6, Avg: 293037.9, Max: 293038.1, Diff: 0.6]
      [Ext Root Scanning (ms): Min: 0.4, Avg: 0.7, Max: 1.6, Diff: 1.2, Sum: 9.1]
      [Update RS (ms): Min: 16.0, Avg: 17.1, Max: 18.4, Diff: 2.4, Sum: 221.7]
         [Processed Buffers: Min: 39, Avg: 51.2, Max: 66, Diff: 27, Sum: 665]
      [Scan RS (ms): Min: 62.8, Avg: 63.8, Max: 64.6, Diff: 1.8, Sum: 830.0]
      [Code Root Scanning (ms): Min: 0.0, Avg: 0.0, Max: 0.0, Diff: 0.0, Sum: 0.1]
      [Object Copy (ms): Min: 129.3, Avg: 129.9, Max: 130.2, Diff: 0.9, Sum: 1688.4]
      [Termination (ms): Min: 0.0, Avg: 0.1, Max: 0.1, Diff: 0.1, Sum: 1.2]
      [GC Worker Other (ms): Min: 0.0, Avg: 0.0, Max: 0.1, Diff: 0.1, Sum: 0.5]
      [GC Worker Total (ms): Min: 211.4, Avg: 211.6, Max: 211.9, Diff: 0.6, Sum: 2750.9]
      [GC Worker End (ms): Min: 293249.5, Avg: 293249.5, Max: 293249.6, Diff: 0.1]
   [Code Root Fixup: 0.2 ms]
   [Code Root Migration: 0.1 ms]
   [Clear CT: 6.1 ms]
   [Other: 11.0 ms]
      [Choose CSet: 0.6 ms]
      [Ref Proc: 1.4 ms]
      [Ref Enq: 0.0 ms]
      [Free CSet: 2.7 ms]
   [Eden: 1056.0M(1056.0M)->0.0B(1056.0M) Survivors: 160.0M->160.0M Heap: 15.3G(24.0G)->13.8G(24.0G)]
 [Times: user=2.82 sys=0.00, real=0.23 secs] 
2014-04-07T18:39:53.487+0900: 295.368: [GC pause (G1 Evacuation Pause) (mixed), 0.2920207 secs]
   [Parallel Time: 275.1 ms, GC Workers: 13]
      [GC Worker Start (ms): Min: 295369.3, Avg: 295369.6, Max: 295369.8, Diff: 0.4]
      [Ext Root Scanning (ms): Min: 0.5, Avg: 0.8, Max: 1.9, Diff: 1.4, Sum: 10.2]
      [Update RS (ms): Min: 16.0, Avg: 16.8, Max: 17.0, Diff: 1.0, Sum: 218.4]
         [Processed Buffers: Min: 36, Avg: 47.8, Max: 66, Diff: 30, Sum: 621]
      [Scan RS (ms): Min: 88.2, Avg: 88.3, Max: 88.5, Diff: 0.4, Sum: 1147.9]
      [Code Root Scanning (ms): Min: 0.0, Avg: 0.0, Max: 0.0, Diff: 0.0, Sum: 0.1]
      [Object Copy (ms): Min: 167.8, Avg: 168.1, Max: 168.8, Diff: 1.0, Sum: 2185.4]
      [Termination (ms): Min: 0.0, Avg: 0.5, Max: 0.7, Diff: 0.7, Sum: 6.8]
      [GC Worker Other (ms): Min: 0.0, Avg: 0.0, Max: 0.1, Diff: 0.0, Sum: 0.4]
      [GC Worker Total (ms): Min: 274.4, Avg: 274.6, Max: 274.9, Diff: 0.5, Sum: 3569.4]
      [GC Worker End (ms): Min: 295644.2, Avg: 295644.2, Max: 295644.2, Diff: 0.0]
   [Code Root Fixup: 0.4 ms]
   [Code Root Migration: 0.1 ms]
   [Clear CT: 5.1 ms]
   [Other: 11.4 ms]
      [Choose CSet: 0.8 ms]
      [Ref Proc: 0.3 ms]
      [Ref Enq: 0.0 ms]
      [Free CSet: 2.5 ms]
   [Eden: 1056.0M(1056.0M)->0.0B(1056.0M) Survivors: 160.0M->160.0M Heap: 15.3G(24.0G)->13.8G(24.0G)]
 [Times: user=3.60 sys=0.02, real=0.30 secs] 
2014-04-07T18:39:55.160+0900: 297.042: [GC pause (G1 Evacuation Pause) (mixed), 0.2392815 secs]
   [Parallel Time: 221.1 ms, GC Workers: 13]
      [GC Worker Start (ms): Min: 297043.2, Avg: 297043.5, Max: 297043.7, Diff: 0.5]
      [Ext Root Scanning (ms): Min: 0.4, Avg: 0.7, Max: 1.3, Diff: 0.9, Sum: 8.9]
      [Update RS (ms): Min: 20.0, Avg: 20.6, Max: 21.1, Diff: 1.2, Sum: 268.0]
         [Processed Buffers: Min: 49, Avg: 63.2, Max: 82, Diff: 33, Sum: 822]
      [Scan RS (ms): Min: 69.8, Avg: 70.4, Max: 71.0, Diff: 1.2, Sum: 914.6]
      [Code Root Scanning (ms): Min: 0.0, Avg: 0.0, Max: 0.1, Diff: 0.1, Sum: 0.2]
      [Object Copy (ms): Min: 127.4, Avg: 128.0, Max: 128.1, Diff: 0.8, Sum: 1663.7]
      [Termination (ms): Min: 0.0, Avg: 0.0, Max: 0.0, Diff: 0.0, Sum: 0.1]
      [GC Worker Other (ms): Min: 0.0, Avg: 0.0, Max: 0.1, Diff: 0.1, Sum: 0.5]
      [GC Worker Total (ms): Min: 219.4, Avg: 219.7, Max: 220.0, Diff: 0.5, Sum: 2855.9]
      [GC Worker End (ms): Min: 297263.1, Avg: 297263.1, Max: 297263.2, Diff: 0.1]
   [Code Root Fixup: 0.4 ms]
   [Code Root Migration: 0.4 ms]
   [Clear CT: 5.5 ms]
   [Other: 12.0 ms]
      [Choose CSet: 0.8 ms]
      [Ref Proc: 0.9 ms]
      [Ref Enq: 0.0 ms]
      [Free CSet: 2.6 ms]
   [Eden: 1056.0M(1056.0M)->0.0B(1056.0M) Survivors: 160.0M->160.0M Heap: 15.3G(24.0G)->14.0G(24.0G)]
 [Times: user=2.92 sys=0.00, real=0.24 secs] 
2014-04-07T18:39:55.428+0900: 297.309: [GC pause (G1 Humongous Allocation) (young) (initial-mark), 0.1773436 secs]
   [Parallel Time: 173.9 ms, GC Workers: 13]
      [GC Worker Start (ms): Min: 297309.5, Avg: 297309.7, Max: 297309.8, Diff: 0.3]
      [Ext Root Scanning (ms): Min: 0.4, Avg: 0.6, Max: 1.8, Diff: 1.4, Sum: 8.3]
      [Code Root Marking (ms): Min: 0.0, Avg: 0.8, Max: 6.8, Diff: 6.7, Sum: 10.8]
      [Update RS (ms): Min: 141.2, Avg: 146.9, Max: 150.5, Diff: 9.3, Sum: 1909.3]
         [Processed Buffers: Min: 69, Avg: 79.3, Max: 104, Diff: 35, Sum: 1031]
      [Scan RS (ms): Min: 0.0, Avg: 0.1, Max: 0.5, Diff: 0.5, Sum: 1.5]
      [Code Root Scanning (ms): Min: 0.0, Avg: 0.0, Max: 0.0, Diff: 0.0, Sum: 0.0]
      [Object Copy (ms): Min: 22.0, Avg: 24.8, Max: 25.3, Diff: 3.3, Sum: 322.4]
      [Termination (ms): Min: 0.0, Avg: 0.0, Max: 0.0, Diff: 0.0, Sum: 0.1]
      [GC Worker Other (ms): Min: 0.0, Avg: 0.0, Max: 0.0, Diff: 0.0, Sum: 0.3]
      [GC Worker Total (ms): Min: 173.1, Avg: 173.3, Max: 173.5, Diff: 0.3, Sum: 2252.8]
      [GC Worker End (ms): Min: 297483.0, Avg: 297483.0, Max: 297483.0, Diff: 0.0]
   [Code Root Fixup: 0.2 ms]
   [Code Root Migration: 0.0 ms]
   [Clear CT: 0.8 ms]
   [Other: 2.4 ms]
      [Choose CSet: 0.0 ms]
      [Ref Proc: 0.7 ms]
      [Ref Enq: 0.0 ms]
      [Free CSet: 0.1 ms]
   [Eden: 48.0M(1056.0M)->0.0B(1104.0M) Survivors: 160.0M->112.0M Heap: 14.0G(24.0G)->14.1G(24.0G)]
 [Times: user=2.25 sys=0.00, real=0.17 secs] 
2014-04-07T18:39:55.605+0900: 297.487: [GC concurrent-root-region-scan-start]
2014-04-07T18:39:55.606+0900: 297.488: [GC concurrent-root-region-scan-end, 0.0009571 secs]
2014-04-07T18:39:55.606+0900: 297.488: [GC concurrent-mark-start]
2014-04-07T18:39:56.882+0900: 298.763: [GC pause (G1 Evacuation Pause) (young), 0.0707603 secs]
   [Parallel Time: 65.9 ms, GC Workers: 13]
      [GC Worker Start (ms): Min: 298763.3, Avg: 298763.5, Max: 298763.6, Diff: 0.3]
      [Ext Root Scanning (ms): Min: 0.4, Avg: 0.6, Max: 1.4, Diff: 1.0, Sum: 8.4]
      [SATB Filtering (ms): Min: 0.0, Avg: 0.0, Max: 0.2, Diff: 0.2, Sum: 0.2]
      [Update RS (ms): Min: 9.3, Avg: 9.8, Max: 10.9, Diff: 1.6, Sum: 127.4]
         [Processed Buffers: Min: 31, Avg: 37.2, Max: 52, Diff: 21, Sum: 483]
      [Scan RS (ms): Min: 2.9, Avg: 4.0, Max: 4.3, Diff: 1.4, Sum: 51.7]
      [Code Root Scanning (ms): Min: 0.0, Avg: 0.0, Max: 0.0, Diff: 0.0, Sum: 0.0]
      [Object Copy (ms): Min: 50.4, Avg: 50.6, Max: 50.7, Diff: 0.3, Sum: 657.8]
      [Termination (ms): Min: 0.0, Avg: 0.2, Max: 0.2, Diff: 0.2, Sum: 2.2]
      [GC Worker Other (ms): Min: 0.0, Avg: 0.1, Max: 0.2, Diff: 0.2, Sum: 0.8]
      [GC Worker Total (ms): Min: 65.1, Avg: 65.3, Max: 65.5, Diff: 0.4, Sum: 848.6]
      [GC Worker End (ms): Min: 298828.7, Avg: 298828.8, Max: 298828.9, Diff: 0.2]
   [Code Root Fixup: 0.2 ms]
   [Code Root Migration: 0.0 ms]
   [Clear CT: 2.4 ms]
   [Other: 2.2 ms]
      [Choose CSet: 0.0 ms]
      [Ref Proc: 0.6 ms]
      [Ref Enq: 0.0 ms]
      [Free CSet: 0.5 ms]
   [Eden: 1104.0M(1104.0M)->0.0B(1056.0M) Survivors: 112.0M->160.0M Heap: 15.8G(24.0G)->14.9G(24.0G)]
 [Times: user=0.87 sys=0.00, real=0.07 secs] 
2014-04-07T18:39:57.073+0900: 298.954: [GC concurrent-mark-end, 1.4661731 secs]
2014-04-07T18:39:57.073+0900: 298.955: [GC remark 298.956: [GC ref-proc, 0.0019773 secs], 0.0232948 secs]
 [Times: user=0.21 sys=0.01, real=0.02 secs] 
2014-04-07T18:39:57.098+0900: 298.979: [GC cleanup 15G->11G(24G), 0.0249953 secs]
 [Times: user=0.29 sys=0.00, real=0.03 secs] 
2014-04-07T18:39:57.123+0900: 299.004: [GC concurrent-cleanup-start]
2014-04-07T18:39:57.126+0900: 299.008: [GC concurrent-cleanup-end, 0.0032380 secs]
2014-04-07T18:39:58.539+0900: 300.420: [GC pause (G1 Evacuation Pause) (young), 0.1023591 secs]
   [Parallel Time: 96.5 ms, GC Workers: 13]
      [GC Worker Start (ms): Min: 300420.3, Avg: 300420.5, Max: 300420.7, Diff: 0.4]
      [Ext Root Scanning (ms): Min: 0.4, Avg: 0.7, Max: 1.0, Diff: 0.6, Sum: 8.6]
      [Update RS (ms): Min: 13.3, Avg: 13.8, Max: 14.5, Diff: 1.2, Sum: 179.0]
         [Processed Buffers: Min: 35, Avg: 41.6, Max: 55, Diff: 20, Sum: 541]
      [Scan RS (ms): Min: 9.1, Avg: 9.9, Max: 10.3, Diff: 1.2, Sum: 128.7]
      [Code Root Scanning (ms): Min: 0.0, Avg: 0.0, Max: 0.0, Diff: 0.0, Sum: 0.0]
      [Object Copy (ms): Min: 71.4, Avg: 71.6, Max: 71.8, Diff: 0.4, Sum: 930.6]
      [Termination (ms): Min: 0.0, Avg: 0.0, Max: 0.0, Diff: 0.0, Sum: 0.4]
      [GC Worker Other (ms): Min: 0.0, Avg: 0.0, Max: 0.1, Diff: 0.1, Sum: 0.6]
      [GC Worker Total (ms): Min: 95.8, Avg: 96.0, Max: 96.2, Diff: 0.5, Sum: 1247.8]
      [GC Worker End (ms): Min: 300516.4, Avg: 300516.5, Max: 300516.6, Diff: 0.1]
   [Code Root Fixup: 0.3 ms]
   [Code Root Migration: 0.0 ms]
   [Clear CT: 2.5 ms]
   [Other: 3.0 ms]
      [Choose CSet: 0.0 ms]
      [Ref Proc: 0.6 ms]
      [Ref Enq: 0.0 ms]
      [Free CSet: 0.6 ms]
   [Eden: 1056.0M(1056.0M)->0.0B(1056.0M) Survivors: 160.0M->160.0M Heap: 13.0G(24.0G)->12.3G(24.0G)]
 [Times: user=1.27 sys=0.00, real=0.10 secs] 
2014-04-07T18:39:59.911+0900: 301.792: [GC pause (G1 Evacuation Pause) (mixed), 0.1458679 secs]
   [Parallel Time: 133.1 ms, GC Workers: 13]
      [GC Worker Start (ms): Min: 301792.8, Avg: 301793.1, Max: 301793.3, Diff: 0.5]
      [Ext Root Scanning (ms): Min: 0.4, Avg: 0.7, Max: 1.3, Diff: 0.9, Sum: 8.7]
      [Update RS (ms): Min: 15.9, Avg: 16.4, Max: 17.9, Diff: 1.9, Sum: 212.6]
         [Processed Buffers: Min: 40, Avg: 46.4, Max: 66, Diff: 26, Sum: 603]
      [Scan RS (ms): Min: 29.6, Avg: 31.0, Max: 31.9, Diff: 2.3, Sum: 403.1]
      [Code Root Scanning (ms): Min: 0.0, Avg: 0.0, Max: 0.0, Diff: 0.0, Sum: 0.1]
      [Object Copy (ms): Min: 83.1, Avg: 83.7, Max: 84.7, Diff: 1.6, Sum: 1088.5]
      [Termination (ms): Min: 0.0, Avg: 0.0, Max: 0.0, Diff: 0.0, Sum: 0.0]
      [GC Worker Other (ms): Min: 0.0, Avg: 0.0, Max: 0.1, Diff: 0.1, Sum: 0.5]
      [GC Worker Total (ms): Min: 131.6, Avg: 131.8, Max: 132.1, Diff: 0.5, Sum: 1713.5]
      [GC Worker End (ms): Min: 301924.9, Avg: 301924.9, Max: 301924.9, Diff: 0.1]
   [Code Root Fixup: 0.2 ms]
   [Code Root Migration: 0.1 ms]
   [Clear CT: 5.8 ms]
   [Other: 6.7 ms]
      [Choose CSet: 0.3 ms]
      [Ref Proc: 1.2 ms]
      [Ref Enq: 0.0 ms]
      [Free CSet: 1.3 ms]
   [Eden: 1056.0M(1056.0M)->0.0B(1568.0M) Survivors: 160.0M->160.0M Heap: 13.8G(24.0G)->12.7G(24.0G)]
 [Times: user=1.79 sys=0.00, real=0.14 secs] 
2014-04-07T18:40:00.074+0900: 301.955: [GC pause (G1 Humongous Allocation) (young) (initial-mark), 0.0980095 secs]
   [Parallel Time: 93.3 ms, GC Workers: 13]
      [GC Worker Start (ms): Min: 301955.7, Avg: 301956.0, Max: 301956.3, Diff: 0.6]
      [Ext Root Scanning (ms): Min: 0.3, Avg: 0.6, Max: 2.5, Diff: 2.3, Sum: 7.9]
      [Code Root Marking (ms): Min: 0.0, Avg: 0.8, Max: 6.7, Diff: 6.6, Sum: 9.8]
      [Update RS (ms): Min: 62.9, Avg: 67.6, Max: 70.9, Diff: 8.0, Sum: 879.0]
         [Processed Buffers: Min: 34, Avg: 43.8, Max: 56, Diff: 22, Sum: 570]
      [Scan RS (ms): Min: 0.0, Avg: 0.0, Max: 0.1, Diff: 0.1, Sum: 0.1]
      [Code Root Scanning (ms): Min: 0.0, Avg: 0.0, Max: 0.0, Diff: 0.0, Sum: 0.0]
      [Object Copy (ms): Min: 20.7, Avg: 23.1, Max: 25.0, Diff: 4.3, Sum: 300.2]
      [Termination (ms): Min: 0.0, Avg: 0.0, Max: 0.0, Diff: 0.0, Sum: 0.1]
      [GC Worker Other (ms): Min: 0.0, Avg: 0.0, Max: 0.0, Diff: 0.0, Sum: 0.3]
      [GC Worker Total (ms): Min: 91.8, Avg: 92.1, Max: 92.4, Diff: 0.6, Sum: 1197.4]
      [GC Worker End (ms): Min: 302048.1, Avg: 302048.1, Max: 302048.1, Diff: 0.0]
   [Code Root Fixup: 0.2 ms]
   [Code Root Migration: 0.0 ms]
   [Clear CT: 1.5 ms]
   [Other: 3.1 ms]
      [Choose CSet: 0.0 ms]
      [Ref Proc: 1.4 ms]
      [Ref Enq: 0.0 ms]
      [Free CSet: 0.1 ms]
   [Eden: 16.0M(1568.0M)->0.0B(1824.0M) Survivors: 160.0M->64.0M Heap: 12.7G(24.0G)->12.8G(24.0G)]
 [Times: user=1.20 sys=0.00, real=0.10 secs] 
2014-04-07T18:40:00.172+0900: 302.054: [GC concurrent-root-region-scan-start]
2014-04-07T18:40:00.174+0900: 302.056: [GC concurrent-root-region-scan-end, 0.0020316 secs]
2014-04-07T18:40:00.174+0900: 302.056: [GC concurrent-mark-start]
2014-04-07T18:40:01.678+0900: 303.559: [GC concurrent-mark-end, 1.5036711 secs]
2014-04-07T18:40:01.679+0900: 303.560: [GC remark 303.561: [GC ref-proc, 0.0019244 secs], 0.0246781 secs]
 [Times: user=0.22 sys=0.00, real=0.02 secs] 
2014-04-07T18:40:01.705+0900: 303.586: [GC cleanup 14G->12G(24G), 0.0246025 secs]
 [Times: user=0.29 sys=0.01, real=0.03 secs] 
2014-04-07T18:40:01.730+0900: 303.611: [GC concurrent-cleanup-start]
2014-04-07T18:40:01.731+0900: 303.612: [GC concurrent-cleanup-end, 0.0012199 secs]
2014-04-07T18:40:03.220+0900: 305.101: [GC pause (G1 Evacuation Pause) (young), 0.1013087 secs]
   [Parallel Time: 93.5 ms, GC Workers: 13]
      [GC Worker Start (ms): Min: 305101.9, Avg: 305102.2, Max: 305102.4, Diff: 0.5]
      [Ext Root Scanning (ms): Min: 0.5, Avg: 0.7, Max: 0.9, Diff: 0.5, Sum: 8.8]
      [Update RS (ms): Min: 17.9, Avg: 18.2, Max: 18.7, Diff: 0.8, Sum: 236.2]
         [Processed Buffers: Min: 46, Avg: 56.5, Max: 76, Diff: 30, Sum: 734]
      [Scan RS (ms): Min: 8.0, Avg: 8.5, Max: 8.6, Diff: 0.6, Sum: 109.9]
      [Code Root Scanning (ms): Min: 0.0, Avg: 0.0, Max: 0.0, Diff: 0.0, Sum: 0.0]
      [Object Copy (ms): Min: 64.7, Avg: 64.8, Max: 65.0, Diff: 0.2, Sum: 842.8]
      [Termination (ms): Min: 0.0, Avg: 0.1, Max: 0.1, Diff: 0.1, Sum: 0.8]
      [GC Worker Other (ms): Min: 0.0, Avg: 0.0, Max: 0.1, Diff: 0.1, Sum: 0.6]
      [GC Worker Total (ms): Min: 92.0, Avg: 92.2, Max: 92.5, Diff: 0.5, Sum: 1199.2]
      [GC Worker End (ms): Min: 305194.5, Avg: 305194.5, Max: 305194.5, Diff: 0.1]
   [Code Root Fixup: 0.3 ms]
   [Code Root Migration: 0.0 ms]
   [Clear CT: 3.3 ms]
   [Other: 4.2 ms]
      [Choose CSet: 0.0 ms]
      [Ref Proc: 1.6 ms]
      [Ref Enq: 0.0 ms]
      [Free CSet: 0.7 ms]
   [Eden: 1824.0M(1824.0M)->0.0B(976.0M) Survivors: 64.0M->240.0M Heap: 14.0G(24.0G)->12.7G(24.0G)]
 [Times: user=1.23 sys=0.00, real=0.10 secs] 
2014-04-07T18:40:05.170+0900: 307.052: [GC pause (G1 Evacuation Pause) (mixed), 0.1368514 secs]
   [Parallel Time: 125.7 ms, GC Workers: 13]
      [GC Worker Start (ms): Min: 307052.0, Avg: 307052.2, Max: 307052.4, Diff: 0.5]
      [Ext Root Scanning (ms): Min: 0.4, Avg: 0.7, Max: 1.7, Diff: 1.2, Sum: 9.5]
      [Update RS (ms): Min: 16.6, Avg: 17.7, Max: 18.2, Diff: 1.6, Sum: 229.6]
         [Processed Buffers: Min: 46, Avg: 54.2, Max: 73, Diff: 27, Sum: 704]
      [Scan RS (ms): Min: 21.7, Avg: 22.1, Max: 22.5, Diff: 0.7, Sum: 287.4]
      [Code Root Scanning (ms): Min: 0.0, Avg: 0.0, Max: 0.0, Diff: 0.0, Sum: 0.0]
      [Object Copy (ms): Min: 83.5, Avg: 83.8, Max: 84.0, Diff: 0.5, Sum: 1089.1]
      [Termination (ms): Min: 0.0, Avg: 0.0, Max: 0.0, Diff: 0.0, Sum: 0.0]
      [GC Worker Other (ms): Min: 0.0, Avg: 0.0, Max: 0.1, Diff: 0.1, Sum: 0.6]
      [GC Worker Total (ms): Min: 124.1, Avg: 124.3, Max: 124.6, Diff: 0.5, Sum: 1616.3]
      [GC Worker End (ms): Min: 307176.5, Avg: 307176.5, Max: 307176.6, Diff: 0.1]
   [Code Root Fixup: 0.3 ms]
   [Code Root Migration: 0.0 ms]
   [Clear CT: 5.2 ms]
   [Other: 5.7 ms]
      [Choose CSet: 0.2 ms]
      [Ref Proc: 1.1 ms]
      [Ref Enq: 0.0 ms]
      [Free CSet: 1.1 ms]
   [Eden: 976.0M(976.0M)->0.0B(2336.0M) Survivors: 240.0M->160.0M Heap: 14.0G(24.0G)->13.0G(24.0G)]
 [Times: user=1.68 sys=0.00, real=0.13 secs] 
Heap
 garbage-first heap   total 25165824K, used 15185414K [0x00000001c0000000, 0x00000007c0000000, 0x00000007c0000000)
  region size 16384K, 103 young (1687552K), 10 survivors (163840K)
 Metaspace       used 37963K, capacity 38760K, committed 38960K, reserved 1083392K
  class space    used 5738K, capacity 5933K, committed 5936K, reserved 1048576K
