Java HotSpot(TM) 64-Bit Server VM (25.0-b70) for linux-amd64 JRE (1.8.0-b132), built on Mar  4 2014 03:07:25 by "java_re" with gcc 4.3.0 20080428 (Red Hat 4.3.0-8)
Memory: 4k page, physical 32865776k(30167432k free), swap 2047992k(2047992k free)
CommandLine flags: -XX:G1HeapRegionSize=16777216 -XX:InitialHeapSize=25769803776 -XX:InitiatingHeapOccupancyPercent=30 -XX:MaxGCPauseMillis=100 -XX:MaxHeapSize=25769803776 -XX:+PrintGC -XX:+PrintGCDateStamps -XX:+PrintGCDetails -XX:+PrintGCTimeStamps -XX:ThreadStackSize=2048 -XX:+UseCompressedClassPointers -XX:+UseCompressedOops -XX:+UseG1GC 
2014-04-09T11:08:07.866+0900: 1.828: [Full GC (Metadata GC Threshold)  21M->7320K(24G), 0.2843196 secs]
   [Eden: 32.0M(1216.0M)->0.0B(1216.0M) Survivors: 0.0B->0.0B Heap: 21.1M(24.0G)->7320.6K(24.0G)], [Metaspace: 21110K->21110K(1067008K)]
 [Times: user=0.50 sys=0.09, real=0.28 secs] 
2014-04-09T11:08:13.430+0900: 7.391: [Full GC (Metadata GC Threshold)  110M->17M(24G), 0.3387360 secs]
   [Eden: 112.0M(1216.0M)->0.0B(1216.0M) Survivors: 0.0B->0.0B Heap: 110.5M(24.0G)->17.2M(24.0G)], [Metaspace: 34715K->34710K(1079296K)]
 [Times: user=0.35 sys=0.00, real=0.34 secs] 
2014-04-09T11:08:19.265+0900: 13.227: [GC pause (G1 Evacuation Pause) (young), 0.3616731 secs]
   [Parallel Time: 318.5 ms, GC Workers: 13]
      [GC Worker Start (ms): Min: 13227.4, Avg: 13227.5, Max: 13227.6, Diff: 0.2]
      [Ext Root Scanning (ms): Min: 2.7, Avg: 5.0, Max: 12.8, Diff: 10.1, Sum: 65.0]
      [Update RS (ms): Min: 0.0, Avg: 1.6, Max: 11.7, Diff: 11.7, Sum: 20.9]
         [Processed Buffers: Min: 0, Avg: 4.9, Max: 14, Diff: 14, Sum: 64]
      [Scan RS (ms): Min: 0.0, Avg: 0.1, Max: 0.2, Diff: 0.2, Sum: 0.7]
      [Code Root Scanning (ms): Min: 0.0, Avg: 0.1, Max: 0.8, Diff: 0.8, Sum: 1.9]
      [Object Copy (ms): Min: 282.2, Avg: 296.8, Max: 312.3, Diff: 30.0, Sum: 3858.4]
      [Termination (ms): Min: 1.3, Avg: 14.4, Max: 32.0, Diff: 30.6, Sum: 187.3]
      [GC Worker Other (ms): Min: 0.0, Avg: 0.0, Max: 0.0, Diff: 0.0, Sum: 0.4]
      [GC Worker Total (ms): Min: 317.9, Avg: 318.0, Max: 318.1, Diff: 0.2, Sum: 4134.6]
      [GC Worker End (ms): Min: 13545.5, Avg: 13545.5, Max: 13545.5, Diff: 0.0]
   [Code Root Fixup: 1.5 ms]
   [Code Root Migration: 4.4 ms]
   [Clear CT: 0.5 ms]
   [Other: 36.9 ms]
      [Choose CSet: 0.0 ms]
      [Ref Proc: 32.5 ms]
      [Ref Enq: 3.1 ms]
      [Free CSet: 0.2 ms]
   [Eden: 1216.0M(1216.0M)->0.0B(1056.0M) Survivors: 0.0B->160.0M Heap: 1233.2M(24.0G)->329.5M(24.0G)]
 [Times: user=3.12 sys=1.25, real=0.36 secs] 
2014-04-09T11:08:21.377+0900: 15.339: [GC pause (G1 Evacuation Pause) (young), 0.1456100 secs]
   [Parallel Time: 130.1 ms, GC Workers: 13]
      [GC Worker Start (ms): Min: 15339.0, Avg: 15339.0, Max: 15339.1, Diff: 0.1]
      [Ext Root Scanning (ms): Min: 1.1, Avg: 1.2, Max: 2.0, Diff: 1.0, Sum: 15.8]
      [Update RS (ms): Min: 0.0, Avg: 0.4, Max: 0.7, Diff: 0.7, Sum: 5.8]
         [Processed Buffers: Min: 0, Avg: 2.8, Max: 14, Diff: 14, Sum: 36]
      [Scan RS (ms): Min: 13.3, Avg: 13.8, Max: 14.2, Diff: 0.9, Sum: 180.0]
      [Code Root Scanning (ms): Min: 0.0, Avg: 0.1, Max: 1.9, Diff: 1.9, Sum: 1.9]
      [Object Copy (ms): Min: 111.7, Avg: 113.8, Max: 114.3, Diff: 2.7, Sum: 1479.2]
      [Termination (ms): Min: 0.0, Avg: 0.4, Max: 0.7, Diff: 0.7, Sum: 5.3]
      [GC Worker Other (ms): Min: 0.0, Avg: 0.0, Max: 0.1, Diff: 0.0, Sum: 0.4]
      [GC Worker Total (ms): Min: 129.8, Avg: 129.9, Max: 130.0, Diff: 0.2, Sum: 1688.4]
      [GC Worker End (ms): Min: 15468.9, Avg: 15468.9, Max: 15469.0, Diff: 0.1]
   [Code Root Fixup: 1.3 ms]
   [Code Root Migration: 2.9 ms]
   [Clear CT: 0.4 ms]
   [Other: 10.9 ms]
      [Choose CSet: 0.0 ms]
      [Ref Proc: 8.8 ms]
      [Ref Enq: 0.6 ms]
      [Free CSet: 0.2 ms]
   [Eden: 1056.0M(1056.0M)->0.0B(1056.0M) Survivors: 160.0M->160.0M Heap: 1385.5M(24.0G)->529.2M(24.0G)]
 [Times: user=1.48 sys=0.42, real=0.14 secs] 
2014-04-09T11:08:22.419+0900: 16.380: [GC pause (G1 Evacuation Pause) (young), 0.1155982 secs]
   [Parallel Time: 104.5 ms, GC Workers: 13]
      [GC Worker Start (ms): Min: 16380.7, Avg: 16380.7, Max: 16380.8, Diff: 0.2]
      [Ext Root Scanning (ms): Min: 1.2, Avg: 1.3, Max: 2.0, Diff: 0.8, Sum: 17.4]
      [Update RS (ms): Min: 2.0, Avg: 2.7, Max: 3.7, Diff: 1.7, Sum: 34.8]
         [Processed Buffers: Min: 2, Avg: 18.1, Max: 31, Diff: 29, Sum: 235]
      [Scan RS (ms): Min: 3.7, Avg: 4.8, Max: 5.2, Diff: 1.5, Sum: 62.1]
      [Code Root Scanning (ms): Min: 0.0, Avg: 0.0, Max: 0.0, Diff: 0.0, Sum: 0.1]
      [Object Copy (ms): Min: 94.9, Avg: 95.2, Max: 95.5, Diff: 0.6, Sum: 1237.2]
      [Termination (ms): Min: 0.0, Avg: 0.2, Max: 0.2, Diff: 0.2, Sum: 2.6]
      [GC Worker Other (ms): Min: 0.0, Avg: 0.0, Max: 0.1, Diff: 0.1, Sum: 0.5]
      [GC Worker Total (ms): Min: 104.1, Avg: 104.2, Max: 104.3, Diff: 0.2, Sum: 1354.7]
      [GC Worker End (ms): Min: 16484.9, Avg: 16484.9, Max: 16485.0, Diff: 0.1]
   [Code Root Fixup: 0.4 ms]
   [Code Root Migration: 0.1 ms]
   [Clear CT: 0.5 ms]
   [Other: 10.1 ms]
      [Choose CSet: 0.0 ms]
      [Ref Proc: 7.8 ms]
      [Ref Enq: 0.6 ms]
      [Free CSet: 0.3 ms]
   [Eden: 1056.0M(1056.0M)->0.0B(1056.0M) Survivors: 160.0M->160.0M Heap: 1585.2M(24.0G)->721.2M(24.0G)]
 [Times: user=1.35 sys=0.12, real=0.11 secs] 
2014-04-09T11:08:23.401+0900: 17.363: [GC pause (G1 Evacuation Pause) (young), 0.1077727 secs]
   [Parallel Time: 97.0 ms, GC Workers: 13]
      [GC Worker Start (ms): Min: 17363.3, Avg: 17363.4, Max: 17363.4, Diff: 0.1]
      [Ext Root Scanning (ms): Min: 0.9, Avg: 1.3, Max: 1.8, Diff: 0.9, Sum: 16.5]
      [Update RS (ms): Min: 2.8, Avg: 3.7, Max: 4.3, Diff: 1.5, Sum: 48.0]
         [Processed Buffers: Min: 5, Avg: 16.4, Max: 32, Diff: 27, Sum: 213]
      [Scan RS (ms): Min: 3.7, Avg: 4.2, Max: 4.6, Diff: 0.9, Sum: 55.1]
      [Code Root Scanning (ms): Min: 0.0, Avg: 0.0, Max: 0.0, Diff: 0.0, Sum: 0.0]
      [Object Copy (ms): Min: 87.0, Avg: 87.2, Max: 88.1, Diff: 1.2, Sum: 1134.1]
      [Termination (ms): Min: 0.0, Avg: 0.3, Max: 0.4, Diff: 0.3, Sum: 4.4]
      [GC Worker Other (ms): Min: 0.0, Avg: 0.0, Max: 0.0, Diff: 0.0, Sum: 0.3]
      [GC Worker Total (ms): Min: 96.7, Avg: 96.8, Max: 96.9, Diff: 0.2, Sum: 1258.5]
      [GC Worker End (ms): Min: 17460.2, Avg: 17460.2, Max: 17460.2, Diff: 0.0]
   [Code Root Fixup: 0.4 ms]
   [Code Root Migration: 0.0 ms]
   [Clear CT: 0.5 ms]
   [Other: 9.8 ms]
      [Choose CSet: 0.0 ms]
      [Ref Proc: 7.4 ms]
      [Ref Enq: 0.6 ms]
      [Free CSet: 0.4 ms]
   [Eden: 1056.0M(1056.0M)->0.0B(1056.0M) Survivors: 160.0M->160.0M Heap: 1777.2M(24.0G)->953.2M(24.0G)]
 [Times: user=1.20 sys=0.08, real=0.11 secs] 
2014-04-09T11:08:24.391+0900: 18.352: [GC pause (G1 Evacuation Pause) (young), 0.1541554 secs]
   [Parallel Time: 143.2 ms, GC Workers: 13]
      [GC Worker Start (ms): Min: 18352.8, Avg: 18352.9, Max: 18352.9, Diff: 0.1]
      [Ext Root Scanning (ms): Min: 0.9, Avg: 1.3, Max: 2.0, Diff: 1.1, Sum: 16.8]
      [Update RS (ms): Min: 6.3, Avg: 7.1, Max: 8.5, Diff: 2.2, Sum: 92.6]
         [Processed Buffers: Min: 4, Avg: 15.5, Max: 37, Diff: 33, Sum: 201]
      [Scan RS (ms): Min: 3.7, Avg: 5.5, Max: 6.1, Diff: 2.5, Sum: 71.9]
      [Code Root Scanning (ms): Min: 0.0, Avg: 0.0, Max: 0.0, Diff: 0.0, Sum: 0.0]
      [Object Copy (ms): Min: 128.1, Avg: 128.5, Max: 129.3, Diff: 1.2, Sum: 1670.4]
      [Termination (ms): Min: 0.0, Avg: 0.4, Max: 0.5, Diff: 0.5, Sum: 5.6]
      [GC Worker Other (ms): Min: 0.0, Avg: 0.0, Max: 0.1, Diff: 0.1, Sum: 0.5]
      [GC Worker Total (ms): Min: 142.8, Avg: 142.9, Max: 143.0, Diff: 0.1, Sum: 1857.9]
      [GC Worker End (ms): Min: 18495.8, Avg: 18495.8, Max: 18495.8, Diff: 0.1]
   [Code Root Fixup: 0.5 ms]
   [Code Root Migration: 0.0 ms]
   [Clear CT: 0.6 ms]
   [Other: 9.9 ms]
      [Choose CSet: 0.0 ms]
      [Ref Proc: 7.3 ms]
      [Ref Enq: 0.5 ms]
      [Free CSet: 0.4 ms]
   [Eden: 1056.0M(1056.0M)->0.0B(1056.0M) Survivors: 160.0M->160.0M Heap: 2009.2M(24.0G)->1169.2M(24.0G)]
 [Times: user=1.81 sys=0.06, real=0.15 secs] 
2014-04-09T11:08:25.424+0900: 19.386: [GC pause (G1 Evacuation Pause) (young), 0.1147016 secs]
   [Parallel Time: 103.4 ms, GC Workers: 13]
      [GC Worker Start (ms): Min: 19386.3, Avg: 19386.3, Max: 19386.4, Diff: 0.1]
      [Ext Root Scanning (ms): Min: 1.2, Avg: 1.3, Max: 1.9, Diff: 0.8, Sum: 16.9]
      [Update RS (ms): Min: 4.6, Avg: 4.9, Max: 6.1, Diff: 1.5, Sum: 63.2]
         [Processed Buffers: Min: 3, Avg: 16.8, Max: 28, Diff: 25, Sum: 219]
      [Scan RS (ms): Min: 4.7, Avg: 6.0, Max: 6.5, Diff: 1.8, Sum: 77.7]
      [Code Root Scanning (ms): Min: 0.0, Avg: 0.0, Max: 0.0, Diff: 0.0, Sum: 0.0]
      [Object Copy (ms): Min: 90.8, Avg: 91.0, Max: 91.1, Diff: 0.3, Sum: 1183.1]
      [Termination (ms): Min: 0.0, Avg: 0.0, Max: 0.0, Diff: 0.0, Sum: 0.0]
      [GC Worker Other (ms): Min: 0.0, Avg: 0.0, Max: 0.1, Diff: 0.1, Sum: 0.5]
      [GC Worker Total (ms): Min: 103.1, Avg: 103.2, Max: 103.3, Diff: 0.1, Sum: 1341.5]
      [GC Worker End (ms): Min: 19489.5, Avg: 19489.5, Max: 19489.6, Diff: 0.1]
   [Code Root Fixup: 0.4 ms]
   [Code Root Migration: 0.0 ms]
   [Clear CT: 0.6 ms]
   [Other: 10.2 ms]
      [Choose CSet: 0.0 ms]
      [Ref Proc: 7.3 ms]
      [Ref Enq: 0.7 ms]
      [Free CSet: 0.4 ms]
   [Eden: 1056.0M(1056.0M)->0.0B(1056.0M) Survivors: 160.0M->160.0M Heap: 2225.2M(24.0G)->1409.2M(24.0G)]
 [Times: user=1.28 sys=0.06, real=0.12 secs] 
2014-04-09T11:08:26.414+0900: 20.375: [GC pause (G1 Evacuation Pause) (young), 0.1172745 secs]
   [Parallel Time: 106.5 ms, GC Workers: 13]
      [GC Worker Start (ms): Min: 20375.8, Avg: 20375.9, Max: 20376.0, Diff: 0.1]
      [Ext Root Scanning (ms): Min: 0.8, Avg: 1.3, Max: 1.7, Diff: 0.9, Sum: 16.6]
      [Update RS (ms): Min: 6.2, Avg: 6.7, Max: 9.1, Diff: 2.9, Sum: 87.2]
         [Processed Buffers: Min: 3, Avg: 16.2, Max: 31, Diff: 28, Sum: 210]
      [Scan RS (ms): Min: 4.2, Avg: 6.5, Max: 7.2, Diff: 3.0, Sum: 84.5]
      [Code Root Scanning (ms): Min: 0.0, Avg: 0.0, Max: 0.0, Diff: 0.0, Sum: 0.0]
      [Object Copy (ms): Min: 91.1, Avg: 91.6, Max: 92.7, Diff: 1.5, Sum: 1191.0]
      [Termination (ms): Min: 0.0, Avg: 0.2, Max: 0.3, Diff: 0.3, Sum: 3.2]
      [GC Worker Other (ms): Min: 0.0, Avg: 0.0, Max: 0.0, Diff: 0.0, Sum: 0.3]
      [GC Worker Total (ms): Min: 106.3, Avg: 106.4, Max: 106.4, Diff: 0.2, Sum: 1382.7]
      [GC Worker End (ms): Min: 20482.3, Avg: 20482.3, Max: 20482.3, Diff: 0.1]
   [Code Root Fixup: 0.4 ms]
   [Code Root Migration: 0.0 ms]
   [Clear CT: 0.6 ms]
   [Other: 9.7 ms]
      [Choose CSet: 0.0 ms]
      [Ref Proc: 6.7 ms]
      [Ref Enq: 0.6 ms]
      [Free CSet: 0.5 ms]
   [Eden: 1056.0M(1056.0M)->0.0B(1056.0M) Survivors: 160.0M->160.0M Heap: 2465.2M(24.0G)->1649.2M(24.0G)]
 [Times: user=1.34 sys=0.06, real=0.12 secs] 
2014-04-09T11:08:27.411+0900: 21.373: [GC pause (G1 Evacuation Pause) (young), 0.1116325 secs]
   [Parallel Time: 100.6 ms, GC Workers: 13]
      [GC Worker Start (ms): Min: 21373.4, Avg: 21373.4, Max: 21373.5, Diff: 0.1]
      [Ext Root Scanning (ms): Min: 0.9, Avg: 1.3, Max: 1.9, Diff: 1.0, Sum: 16.6]
      [Update RS (ms): Min: 5.7, Avg: 6.0, Max: 6.4, Diff: 0.7, Sum: 77.5]
         [Processed Buffers: Min: 4, Avg: 16.3, Max: 30, Diff: 26, Sum: 212]
      [Scan RS (ms): Min: 7.0, Avg: 7.3, Max: 7.7, Diff: 0.7, Sum: 95.1]
      [Code Root Scanning (ms): Min: 0.0, Avg: 0.0, Max: 0.0, Diff: 0.0, Sum: 0.0]
      [Object Copy (ms): Min: 85.6, Avg: 85.7, Max: 86.2, Diff: 0.6, Sum: 1114.5]
      [Termination (ms): Min: 0.0, Avg: 0.0, Max: 0.0, Diff: 0.0, Sum: 0.1]
      [GC Worker Other (ms): Min: 0.0, Avg: 0.0, Max: 0.1, Diff: 0.1, Sum: 0.5]
      [GC Worker Total (ms): Min: 100.3, Avg: 100.3, Max: 100.4, Diff: 0.1, Sum: 1304.3]
      [GC Worker End (ms): Min: 21473.7, Avg: 21473.8, Max: 21473.8, Diff: 0.1]
   [Code Root Fixup: 0.4 ms]
   [Code Root Migration: 0.0 ms]
   [Clear CT: 0.6 ms]
   [Other: 10.0 ms]
      [Choose CSet: 0.0 ms]
      [Ref Proc: 6.8 ms]
      [Ref Enq: 0.6 ms]
      [Free CSet: 0.5 ms]
   [Eden: 1056.0M(1056.0M)->0.0B(1056.0M) Survivors: 160.0M->160.0M Heap: 2705.2M(24.0G)->1897.2M(24.0G)]
 [Times: user=1.26 sys=0.06, real=0.11 secs] 
2014-04-09T11:08:28.385+0900: 22.346: [GC pause (G1 Evacuation Pause) (young), 0.2025343 secs]
   [Parallel Time: 191.3 ms, GC Workers: 13]
      [GC Worker Start (ms): Min: 22346.7, Avg: 22346.8, Max: 22346.8, Diff: 0.1]
      [Ext Root Scanning (ms): Min: 0.9, Avg: 1.4, Max: 2.0, Diff: 1.0, Sum: 18.2]
      [Update RS (ms): Min: 10.1, Avg: 12.2, Max: 17.6, Diff: 7.6, Sum: 158.4]
         [Processed Buffers: Min: 4, Avg: 18.1, Max: 36, Diff: 32, Sum: 235]
      [Scan RS (ms): Min: 5.8, Avg: 11.3, Max: 13.3, Diff: 7.5, Sum: 147.1]
      [Code Root Scanning (ms): Min: 0.0, Avg: 0.0, Max: 0.0, Diff: 0.0, Sum: 0.1]
      [Object Copy (ms): Min: 163.1, Avg: 164.8, Max: 166.3, Diff: 3.1, Sum: 2142.9]
      [Termination (ms): Min: 0.0, Avg: 1.2, Max: 1.5, Diff: 1.5, Sum: 16.1]
      [GC Worker Other (ms): Min: 0.0, Avg: 0.0, Max: 0.1, Diff: 0.1, Sum: 0.5]
      [GC Worker Total (ms): Min: 190.9, Avg: 191.0, Max: 191.1, Diff: 0.2, Sum: 2483.3]
      [GC Worker End (ms): Min: 22537.8, Avg: 22537.8, Max: 22537.8, Diff: 0.1]
   [Code Root Fixup: 0.3 ms]
   [Code Root Migration: 0.0 ms]
   [Clear CT: 0.8 ms]
   [Other: 10.1 ms]
      [Choose CSet: 0.0 ms]
      [Ref Proc: 6.6 ms]
      [Ref Enq: 0.5 ms]
      [Free CSet: 0.5 ms]
   [Eden: 1056.0M(1056.0M)->0.0B(1056.0M) Survivors: 160.0M->160.0M Heap: 2953.2M(24.0G)->2137.2M(24.0G)]
 [Times: user=2.43 sys=0.06, real=0.21 secs] 
2014-04-09T11:08:29.442+0900: 23.403: [GC pause (G1 Evacuation Pause) (young), 0.1564450 secs]
   [Parallel Time: 144.5 ms, GC Workers: 13]
      [GC Worker Start (ms): Min: 23403.7, Avg: 23403.8, Max: 23403.9, Diff: 0.1]
      [Ext Root Scanning (ms): Min: 0.8, Avg: 1.4, Max: 2.0, Diff: 1.2, Sum: 17.7]
      [Update RS (ms): Min: 4.5, Avg: 5.0, Max: 6.7, Diff: 2.2, Sum: 65.5]
         [Processed Buffers: Min: 1, Avg: 17.3, Max: 36, Diff: 35, Sum: 225]
      [Scan RS (ms): Min: 7.0, Avg: 8.6, Max: 9.2, Diff: 2.2, Sum: 111.3]
      [Code Root Scanning (ms): Min: 0.0, Avg: 0.0, Max: 0.0, Diff: 0.0, Sum: 0.0]
      [Object Copy (ms): Min: 127.2, Avg: 127.7, Max: 129.2, Diff: 2.0, Sum: 1659.5]
      [Termination (ms): Min: 0.0, Avg: 1.5, Max: 1.8, Diff: 1.8, Sum: 19.8]
      [GC Worker Other (ms): Min: 0.0, Avg: 0.0, Max: 0.1, Diff: 0.1, Sum: 0.4]
      [GC Worker Total (ms): Min: 144.1, Avg: 144.2, Max: 144.2, Diff: 0.2, Sum: 1874.3]
      [GC Worker End (ms): Min: 23548.0, Avg: 23548.0, Max: 23548.0, Diff: 0.1]
   [Code Root Fixup: 0.3 ms]
   [Code Root Migration: 0.0 ms]
   [Clear CT: 0.8 ms]
   [Other: 10.8 ms]
      [Choose CSet: 0.0 ms]
      [Ref Proc: 7.2 ms]
      [Ref Enq: 0.6 ms]
      [Free CSet: 0.5 ms]
   [Eden: 1056.0M(1056.0M)->0.0B(1056.0M) Survivors: 160.0M->160.0M Heap: 3193.2M(24.0G)->2369.2M(24.0G)]
 [Times: user=1.84 sys=0.05, real=0.16 secs] 
2014-04-09T11:08:30.474+0900: 24.436: [GC pause (G1 Evacuation Pause) (young), 0.1143045 secs]
   [Parallel Time: 102.8 ms, GC Workers: 13]
      [GC Worker Start (ms): Min: 24436.2, Avg: 24436.3, Max: 24436.3, Diff: 0.1]
      [Ext Root Scanning (ms): Min: 0.9, Avg: 1.3, Max: 1.7, Diff: 0.8, Sum: 16.7]
      [Update RS (ms): Min: 5.6, Avg: 6.1, Max: 6.8, Diff: 1.1, Sum: 79.9]
         [Processed Buffers: Min: 6, Avg: 16.4, Max: 29, Diff: 23, Sum: 213]
      [Scan RS (ms): Min: 7.8, Avg: 8.3, Max: 8.8, Diff: 1.0, Sum: 107.8]
      [Code Root Scanning (ms): Min: 0.0, Avg: 0.0, Max: 0.0, Diff: 0.0, Sum: 0.0]
      [Object Copy (ms): Min: 85.9, Avg: 86.3, Max: 87.0, Diff: 1.0, Sum: 1122.1]
      [Termination (ms): Min: 0.0, Avg: 0.4, Max: 0.5, Diff: 0.5, Sum: 5.5]
      [GC Worker Other (ms): Min: 0.0, Avg: 0.0, Max: 0.1, Diff: 0.1, Sum: 0.5]
      [GC Worker Total (ms): Min: 102.4, Avg: 102.5, Max: 102.6, Diff: 0.2, Sum: 1332.6]
      [GC Worker End (ms): Min: 24538.8, Avg: 24538.8, Max: 24538.8, Diff: 0.1]
   [Code Root Fixup: 0.4 ms]
   [Code Root Migration: 0.0 ms]
   [Clear CT: 0.8 ms]
   [Other: 10.2 ms]
      [Choose CSet: 0.0 ms]
      [Ref Proc: 6.7 ms]
      [Ref Enq: 0.6 ms]
      [Free CSet: 0.5 ms]
   [Eden: 1056.0M(1056.0M)->0.0B(1056.0M) Survivors: 160.0M->160.0M Heap: 3425.2M(24.0G)->2625.2M(24.0G)]
 [Times: user=1.29 sys=0.05, real=0.12 secs] 
2014-04-09T11:08:31.468+0900: 25.429: [GC pause (G1 Evacuation Pause) (young), 0.1193513 secs]
   [Parallel Time: 108.4 ms, GC Workers: 13]
      [GC Worker Start (ms): Min: 25429.7, Avg: 25429.8, Max: 25429.9, Diff: 0.1]
      [Ext Root Scanning (ms): Min: 1.3, Avg: 1.4, Max: 2.3, Diff: 1.0, Sum: 18.8]
      [Update RS (ms): Min: 7.2, Avg: 8.4, Max: 11.8, Diff: 4.6, Sum: 109.5]
         [Processed Buffers: Min: 2, Avg: 16.8, Max: 28, Diff: 26, Sum: 219]
      [Scan RS (ms): Min: 5.9, Avg: 9.2, Max: 10.4, Diff: 4.5, Sum: 119.8]
      [Code Root Scanning (ms): Min: 0.0, Avg: 0.0, Max: 0.0, Diff: 0.0, Sum: 0.0]
      [Object Copy (ms): Min: 88.1, Avg: 88.6, Max: 89.2, Diff: 1.1, Sum: 1151.2]
      [Termination (ms): Min: 0.2, Avg: 0.5, Max: 0.6, Diff: 0.4, Sum: 6.3]
      [GC Worker Other (ms): Min: 0.0, Avg: 0.0, Max: 0.1, Diff: 0.0, Sum: 0.4]
      [GC Worker Total (ms): Min: 108.1, Avg: 108.2, Max: 108.2, Diff: 0.2, Sum: 1406.1]
      [GC Worker End (ms): Min: 25538.0, Avg: 25538.0, Max: 25538.0, Diff: 0.1]
   [Code Root Fixup: 0.3 ms]
   [Code Root Migration: 0.0 ms]
   [Clear CT: 0.9 ms]
   [Other: 9.8 ms]
      [Choose CSet: 0.0 ms]
      [Ref Proc: 6.2 ms]
      [Ref Enq: 0.6 ms]
      [Free CSet: 0.5 ms]
   [Eden: 1056.0M(1056.0M)->0.0B(1056.0M) Survivors: 160.0M->160.0M Heap: 3681.2M(24.0G)->2881.2M(24.0G)]
 [Times: user=1.36 sys=0.06, real=0.12 secs] 
2014-04-09T11:08:32.457+0900: 26.419: [GC pause (G1 Evacuation Pause) (young), 0.1162196 secs]
   [Parallel Time: 104.8 ms, GC Workers: 13]
      [GC Worker Start (ms): Min: 26419.0, Avg: 26419.1, Max: 26419.1, Diff: 0.1]
      [Ext Root Scanning (ms): Min: 0.9, Avg: 1.3, Max: 1.9, Diff: 1.1, Sum: 17.0]
      [Update RS (ms): Min: 6.1, Avg: 6.9, Max: 11.4, Diff: 5.4, Sum: 89.6]
         [Processed Buffers: Min: 5, Avg: 16.3, Max: 28, Diff: 23, Sum: 212]
      [Scan RS (ms): Min: 4.2, Avg: 8.7, Max: 9.5, Diff: 5.3, Sum: 112.6]
      [Code Root Scanning (ms): Min: 0.0, Avg: 0.0, Max: 0.0, Diff: 0.0, Sum: 0.0]
      [Object Copy (ms): Min: 87.4, Avg: 87.6, Max: 88.1, Diff: 0.7, Sum: 1138.6]
      [Termination (ms): Min: 0.0, Avg: 0.0, Max: 0.0, Diff: 0.0, Sum: 0.1]
      [GC Worker Other (ms): Min: 0.0, Avg: 0.0, Max: 0.1, Diff: 0.0, Sum: 0.5]
      [GC Worker Total (ms): Min: 104.4, Avg: 104.5, Max: 104.6, Diff: 0.2, Sum: 1358.4]
      [GC Worker End (ms): Min: 26523.6, Avg: 26523.6, Max: 26523.6, Diff: 0.0]
   [Code Root Fixup: 0.3 ms]
   [Code Root Migration: 0.0 ms]
   [Clear CT: 0.9 ms]
   [Other: 10.1 ms]
      [Choose CSet: 0.0 ms]
      [Ref Proc: 6.5 ms]
      [Ref Enq: 0.5 ms]
      [Free CSet: 0.5 ms]
   [Eden: 1056.0M(1056.0M)->0.0B(1056.0M) Survivors: 160.0M->160.0M Heap: 3937.2M(24.0G)->3145.2M(24.0G)]
 [Times: user=1.32 sys=0.06, real=0.11 secs] 
2014-04-09T11:08:33.428+0900: 27.390: [GC pause (G1 Evacuation Pause) (young), 0.1209983 secs]
   [Parallel Time: 110.0 ms, GC Workers: 13]
      [GC Worker Start (ms): Min: 27390.4, Avg: 27390.4, Max: 27390.5, Diff: 0.1]
      [Ext Root Scanning (ms): Min: 0.9, Avg: 1.3, Max: 1.6, Diff: 0.7, Sum: 17.5]
      [Update RS (ms): Min: 7.9, Avg: 9.2, Max: 13.2, Diff: 5.3, Sum: 120.2]
         [Processed Buffers: Min: 3, Avg: 17.2, Max: 34, Diff: 31, Sum: 224]
      [Scan RS (ms): Min: 5.3, Avg: 9.1, Max: 10.6, Diff: 5.3, Sum: 118.6]
      [Code Root Scanning (ms): Min: 0.0, Avg: 0.0, Max: 0.0, Diff: 0.0, Sum: 0.0]
      [Object Copy (ms): Min: 89.5, Avg: 89.7, Max: 90.3, Diff: 0.9, Sum: 1166.2]
      [Termination (ms): Min: 0.1, Avg: 0.3, Max: 0.3, Diff: 0.2, Sum: 3.5]
      [GC Worker Other (ms): Min: 0.0, Avg: 0.0, Max: 0.1, Diff: 0.1, Sum: 0.4]
      [GC Worker Total (ms): Min: 109.6, Avg: 109.7, Max: 109.8, Diff: 0.2, Sum: 1426.4]
      [GC Worker End (ms): Min: 27500.2, Avg: 27500.2, Max: 27500.2, Diff: 0.1]
   [Code Root Fixup: 0.3 ms]
   [Code Root Migration: 0.0 ms]
   [Clear CT: 1.0 ms]
   [Other: 9.7 ms]
      [Choose CSet: 0.0 ms]
      [Ref Proc: 6.0 ms]
      [Ref Enq: 0.6 ms]
      [Free CSet: 0.5 ms]
   [Eden: 1056.0M(1056.0M)->0.0B(1056.0M) Survivors: 160.0M->160.0M Heap: 4201.2M(24.0G)->3393.2M(24.0G)]
 [Times: user=1.37 sys=0.06, real=0.12 secs] 
2014-04-09T11:08:34.418+0900: 28.380: [GC pause (G1 Evacuation Pause) (young), 0.1230899 secs]
   [Parallel Time: 110.8 ms, GC Workers: 13]
      [GC Worker Start (ms): Min: 28380.0, Avg: 28380.0, Max: 28380.1, Diff: 0.1]
      [Ext Root Scanning (ms): Min: 1.0, Avg: 1.4, Max: 1.9, Diff: 0.9, Sum: 17.7]
      [Update RS (ms): Min: 8.7, Avg: 10.0, Max: 13.0, Diff: 4.3, Sum: 130.2]
         [Processed Buffers: Min: 1, Avg: 16.5, Max: 32, Diff: 31, Sum: 214]
      [Scan RS (ms): Min: 6.8, Avg: 9.9, Max: 11.4, Diff: 4.6, Sum: 128.5]
      [Code Root Scanning (ms): Min: 0.0, Avg: 0.0, Max: 0.0, Diff: 0.0, Sum: 0.0]
      [Object Copy (ms): Min: 88.9, Avg: 89.3, Max: 90.3, Diff: 1.4, Sum: 1160.5]
      [Termination (ms): Min: 0.0, Avg: 0.0, Max: 0.0, Diff: 0.0, Sum: 0.1]
      [GC Worker Other (ms): Min: 0.0, Avg: 0.0, Max: 0.1, Diff: 0.1, Sum: 0.6]
      [GC Worker Total (ms): Min: 110.5, Avg: 110.6, Max: 110.7, Diff: 0.2, Sum: 1437.7]
      [GC Worker End (ms): Min: 28490.6, Avg: 28490.6, Max: 28490.7, Diff: 0.1]
   [Code Root Fixup: 0.4 ms]
   [Code Root Migration: 0.0 ms]
   [Clear CT: 0.9 ms]
   [Other: 10.9 ms]
      [Choose CSet: 0.0 ms]
      [Ref Proc: 7.0 ms]
      [Ref Enq: 0.6 ms]
      [Free CSet: 0.5 ms]
   [Eden: 1056.0M(1056.0M)->0.0B(1056.0M) Survivors: 160.0M->160.0M Heap: 4449.2M(24.0G)->3633.2M(24.0G)]
 [Times: user=1.39 sys=0.06, real=0.12 secs] 
2014-04-09T11:08:35.434+0900: 29.396: [GC pause (G1 Evacuation Pause) (young), 0.1171149 secs]
   [Parallel Time: 105.4 ms, GC Workers: 13]
      [GC Worker Start (ms): Min: 29396.4, Avg: 29396.5, Max: 29396.5, Diff: 0.1]
      [Ext Root Scanning (ms): Min: 1.2, Avg: 1.3, Max: 1.5, Diff: 0.3, Sum: 16.8]
      [Update RS (ms): Min: 7.5, Avg: 8.8, Max: 12.5, Diff: 5.0, Sum: 114.8]
         [Processed Buffers: Min: 4, Avg: 16.7, Max: 27, Diff: 23, Sum: 217]
      [Scan RS (ms): Min: 6.7, Avg: 10.3, Max: 11.4, Diff: 4.7, Sum: 134.0]
      [Code Root Scanning (ms): Min: 0.0, Avg: 0.0, Max: 0.0, Diff: 0.0, Sum: 0.0]
      [Object Copy (ms): Min: 84.3, Avg: 84.6, Max: 84.8, Diff: 0.5, Sum: 1099.2]
      [Termination (ms): Min: 0.0, Avg: 0.1, Max: 0.1, Diff: 0.1, Sum: 1.1]
      [GC Worker Other (ms): Min: 0.0, Avg: 0.0, Max: 0.1, Diff: 0.1, Sum: 0.6]
      [GC Worker Total (ms): Min: 105.0, Avg: 105.1, Max: 105.2, Diff: 0.1, Sum: 1366.4]
      [GC Worker End (ms): Min: 29501.5, Avg: 29501.6, Max: 29501.6, Diff: 0.1]
   [Code Root Fixup: 0.4 ms]
   [Code Root Migration: 0.0 ms]
   [Clear CT: 0.9 ms]
   [Other: 10.4 ms]
      [Choose CSet: 0.0 ms]
      [Ref Proc: 6.4 ms]
      [Ref Enq: 0.6 ms]
      [Free CSet: 0.5 ms]
   [Eden: 1056.0M(1056.0M)->0.0B(1056.0M) Survivors: 160.0M->160.0M Heap: 4689.2M(24.0G)->3881.2M(24.0G)]
 [Times: user=1.33 sys=0.05, real=0.12 secs] 
2014-04-09T11:08:36.430+0900: 30.392: [GC pause (G1 Evacuation Pause) (young), 0.1153884 secs]
   [Parallel Time: 103.3 ms, GC Workers: 13]
      [GC Worker Start (ms): Min: 30392.1, Avg: 30392.2, Max: 30392.3, Diff: 0.1]
      [Ext Root Scanning (ms): Min: 0.7, Avg: 1.4, Max: 2.1, Diff: 1.4, Sum: 18.2]
      [Update RS (ms): Min: 6.5, Avg: 8.0, Max: 12.6, Diff: 6.1, Sum: 104.0]
         [Processed Buffers: Min: 5, Avg: 17.3, Max: 28, Diff: 23, Sum: 225]
      [Scan RS (ms): Min: 4.8, Avg: 9.7, Max: 10.7, Diff: 5.9, Sum: 126.4]
      [Code Root Scanning (ms): Min: 0.0, Avg: 0.0, Max: 0.0, Diff: 0.0, Sum: 0.0]
      [Object Copy (ms): Min: 83.5, Avg: 83.9, Max: 84.5, Diff: 1.0, Sum: 1090.1]
      [Termination (ms): Min: 0.0, Avg: 0.0, Max: 0.0, Diff: 0.0, Sum: 0.1]
      [GC Worker Other (ms): Min: 0.0, Avg: 0.0, Max: 0.1, Diff: 0.1, Sum: 0.5]
      [GC Worker Total (ms): Min: 102.9, Avg: 103.0, Max: 103.1, Diff: 0.1, Sum: 1339.3]
      [GC Worker End (ms): Min: 30495.2, Avg: 30495.2, Max: 30495.3, Diff: 0.1]
   [Code Root Fixup: 0.3 ms]
   [Code Root Migration: 0.0 ms]
   [Clear CT: 1.1 ms]
   [Other: 10.6 ms]
      [Choose CSet: 0.0 ms]
      [Ref Proc: 6.7 ms]
      [Ref Enq: 0.6 ms]
      [Free CSet: 0.6 ms]
   [Eden: 1056.0M(1056.0M)->0.0B(1056.0M) Survivors: 160.0M->160.0M Heap: 4937.2M(24.0G)->4129.2M(24.0G)]
 [Times: user=1.30 sys=0.05, real=0.11 secs] 
2014-04-09T11:08:37.425+0900: 31.387: [GC pause (G1 Evacuation Pause) (young), 0.1945284 secs]
   [Parallel Time: 182.7 ms, GC Workers: 13]
      [GC Worker Start (ms): Min: 31387.3, Avg: 31387.4, Max: 31387.4, Diff: 0.1]
      [Ext Root Scanning (ms): Min: 1.2, Avg: 1.4, Max: 2.0, Diff: 0.7, Sum: 17.9]
      [Update RS (ms): Min: 10.0, Avg: 12.6, Max: 23.6, Diff: 13.6, Sum: 164.0]
         [Processed Buffers: Min: 4, Avg: 18.5, Max: 38, Diff: 34, Sum: 240]
      [Scan RS (ms): Min: 8.4, Avg: 17.1, Max: 19.3, Diff: 10.9, Sum: 222.3]
      [Code Root Scanning (ms): Min: 0.0, Avg: 0.0, Max: 0.0, Diff: 0.0, Sum: 0.1]
      [Object Copy (ms): Min: 148.2, Avg: 150.7, Max: 151.8, Diff: 3.6, Sum: 1958.5]
      [Termination (ms): Min: 0.0, Avg: 0.6, Max: 0.8, Diff: 0.8, Sum: 7.7]
      [GC Worker Other (ms): Min: 0.0, Avg: 0.0, Max: 0.1, Diff: 0.1, Sum: 0.5]
      [GC Worker Total (ms): Min: 182.3, Avg: 182.4, Max: 182.4, Diff: 0.1, Sum: 2370.9]
      [GC Worker End (ms): Min: 31569.7, Avg: 31569.7, Max: 31569.8, Diff: 0.1]
   [Code Root Fixup: 0.4 ms]
   [Code Root Migration: 0.0 ms]
   [Clear CT: 1.1 ms]
   [Other: 10.3 ms]
      [Choose CSet: 0.0 ms]
      [Ref Proc: 6.6 ms]
      [Ref Enq: 0.5 ms]
      [Free CSet: 0.5 ms]
   [Eden: 1056.0M(1056.0M)->0.0B(1056.0M) Survivors: 160.0M->160.0M Heap: 5185.2M(24.0G)->4377.2M(24.0G)]
 [Times: user=2.28 sys=0.07, real=0.20 secs] 
2014-04-09T11:08:38.477+0900: 32.439: [GC pause (G1 Evacuation Pause) (young), 0.1436908 secs]
   [Parallel Time: 130.4 ms, GC Workers: 13]
      [GC Worker Start (ms): Min: 32439.4, Avg: 32439.4, Max: 32439.5, Diff: 0.1]
      [Ext Root Scanning (ms): Min: 0.8, Avg: 1.4, Max: 2.0, Diff: 1.2, Sum: 18.1]
      [Update RS (ms): Min: 4.8, Avg: 5.2, Max: 5.5, Diff: 0.7, Sum: 67.8]
         [Processed Buffers: Min: 11, Avg: 17.4, Max: 25, Diff: 14, Sum: 226]
      [Scan RS (ms): Min: 9.5, Avg: 9.9, Max: 10.1, Diff: 0.6, Sum: 128.6]
      [Code Root Scanning (ms): Min: 0.0, Avg: 0.0, Max: 0.0, Diff: 0.0, Sum: 0.0]
      [Object Copy (ms): Min: 112.3, Avg: 112.7, Max: 113.7, Diff: 1.3, Sum: 1465.1]
      [Termination (ms): Min: 0.0, Avg: 1.0, Max: 1.1, Diff: 1.1, Sum: 12.6]
      [GC Worker Other (ms): Min: 0.0, Avg: 0.1, Max: 0.1, Diff: 0.1, Sum: 0.7]
      [GC Worker Total (ms): Min: 130.1, Avg: 130.2, Max: 130.3, Diff: 0.2, Sum: 1692.9]
      [GC Worker End (ms): Min: 32569.6, Avg: 32569.7, Max: 32569.7, Diff: 0.1]
   [Code Root Fixup: 0.3 ms]
   [Code Root Migration: 0.0 ms]
   [Clear CT: 1.2 ms]
   [Other: 11.8 ms]
      [Choose CSet: 0.0 ms]
      [Ref Proc: 7.7 ms]
      [Ref Enq: 0.6 ms]
      [Free CSet: 0.5 ms]
   [Eden: 1056.0M(1056.0M)->0.0B(1056.0M) Survivors: 160.0M->160.0M Heap: 5433.2M(24.0G)->4625.2M(24.0G)]
 [Times: user=1.65 sys=0.05, real=0.14 secs] 
2014-04-09T11:08:39.528+0900: 33.489: [GC pause (G1 Evacuation Pause) (young), 0.1175616 secs]
   [Parallel Time: 105.6 ms, GC Workers: 13]
      [GC Worker Start (ms): Min: 33489.7, Avg: 33489.7, Max: 33489.8, Diff: 0.2]
      [Ext Root Scanning (ms): Min: 1.3, Avg: 1.5, Max: 2.1, Diff: 0.8, Sum: 19.2]
      [Update RS (ms): Min: 6.9, Avg: 7.8, Max: 8.7, Diff: 1.8, Sum: 101.3]
         [Processed Buffers: Min: 7, Avg: 17.7, Max: 39, Diff: 32, Sum: 230]
      [Scan RS (ms): Min: 8.8, Avg: 9.8, Max: 10.6, Diff: 1.7, Sum: 127.3]
      [Code Root Scanning (ms): Min: 0.0, Avg: 0.0, Max: 0.0, Diff: 0.0, Sum: 0.0]
      [Object Copy (ms): Min: 85.5, Avg: 86.1, Max: 86.3, Diff: 0.8, Sum: 1119.5]
      [Termination (ms): Min: 0.0, Avg: 0.1, Max: 0.2, Diff: 0.2, Sum: 1.8]
      [GC Worker Other (ms): Min: 0.0, Avg: 0.0, Max: 0.0, Diff: 0.0, Sum: 0.3]
      [GC Worker Total (ms): Min: 105.2, Avg: 105.3, Max: 105.4, Diff: 0.2, Sum: 1369.4]
      [GC Worker End (ms): Min: 33595.0, Avg: 33595.1, Max: 33595.1, Diff: 0.0]
   [Code Root Fixup: 0.4 ms]
   [Code Root Migration: 0.0 ms]
   [Clear CT: 1.1 ms]
   [Other: 10.5 ms]
      [Choose CSet: 0.0 ms]
      [Ref Proc: 6.6 ms]
      [Ref Enq: 0.6 ms]
      [Free CSet: 0.5 ms]
   [Eden: 1056.0M(1056.0M)->0.0B(1056.0M) Survivors: 160.0M->160.0M Heap: 5681.2M(24.0G)->4865.2M(24.0G)]
 [Times: user=1.33 sys=0.06, real=0.12 secs] 
2014-04-09T11:08:40.523+0900: 34.484: [GC pause (G1 Evacuation Pause) (young), 0.1167036 secs]
   [Parallel Time: 104.9 ms, GC Workers: 13]
      [GC Worker Start (ms): Min: 34484.4, Avg: 34484.5, Max: 34484.6, Diff: 0.1]
      [Ext Root Scanning (ms): Min: 1.0, Avg: 1.4, Max: 1.8, Diff: 0.8, Sum: 18.5]
      [Update RS (ms): Min: 7.2, Avg: 7.7, Max: 8.3, Diff: 1.1, Sum: 100.4]
         [Processed Buffers: Min: 10, Avg: 17.2, Max: 29, Diff: 19, Sum: 224]
      [Scan RS (ms): Min: 9.7, Avg: 10.4, Max: 10.9, Diff: 1.2, Sum: 134.6]
      [Code Root Scanning (ms): Min: 0.0, Avg: 0.0, Max: 0.0, Diff: 0.0, Sum: 0.0]
      [Object Copy (ms): Min: 84.9, Avg: 85.1, Max: 85.6, Diff: 0.7, Sum: 1106.4]
      [Termination (ms): Min: 0.0, Avg: 0.0, Max: 0.0, Diff: 0.0, Sum: 0.1]
      [GC Worker Other (ms): Min: 0.0, Avg: 0.0, Max: 0.1, Diff: 0.0, Sum: 0.5]
      [GC Worker Total (ms): Min: 104.6, Avg: 104.6, Max: 104.7, Diff: 0.1, Sum: 1360.4]
      [GC Worker End (ms): Min: 34589.1, Avg: 34589.1, Max: 34589.2, Diff: 0.0]
   [Code Root Fixup: 0.4 ms]
   [Code Root Migration: 0.0 ms]
   [Clear CT: 1.2 ms]
   [Other: 10.2 ms]
      [Choose CSet: 0.0 ms]
      [Ref Proc: 6.3 ms]
      [Ref Enq: 0.5 ms]
      [Free CSet: 0.5 ms]
   [Eden: 1056.0M(1056.0M)->0.0B(1056.0M) Survivors: 160.0M->160.0M Heap: 5921.2M(24.0G)->5105.2M(24.0G)]
 [Times: user=1.32 sys=0.06, real=0.12 secs] 
2014-04-09T11:08:41.508+0900: 35.469: [GC pause (G1 Evacuation Pause) (young), 0.1157944 secs]
   [Parallel Time: 103.5 ms, GC Workers: 13]
      [GC Worker Start (ms): Min: 35469.9, Avg: 35469.9, Max: 35470.0, Diff: 0.1]
      [Ext Root Scanning (ms): Min: 0.9, Avg: 1.4, Max: 1.9, Diff: 0.9, Sum: 17.6]
      [Update RS (ms): Min: 7.8, Avg: 8.6, Max: 9.5, Diff: 1.7, Sum: 112.1]
         [Processed Buffers: Min: 9, Avg: 17.5, Max: 31, Diff: 22, Sum: 228]
      [Scan RS (ms): Min: 8.9, Avg: 9.8, Max: 10.2, Diff: 1.3, Sum: 127.8]
      [Code Root Scanning (ms): Min: 0.0, Avg: 0.0, Max: 0.0, Diff: 0.0, Sum: 0.0]
      [Object Copy (ms): Min: 83.1, Avg: 83.4, Max: 83.7, Diff: 0.7, Sum: 1084.1]
      [Termination (ms): Min: 0.0, Avg: 0.0, Max: 0.0, Diff: 0.0, Sum: 0.0]
      [GC Worker Other (ms): Min: 0.0, Avg: 0.0, Max: 0.1, Diff: 0.1, Sum: 0.6]
      [GC Worker Total (ms): Min: 103.2, Avg: 103.2, Max: 103.4, Diff: 0.2, Sum: 1342.2]
      [GC Worker End (ms): Min: 35573.2, Avg: 35573.2, Max: 35573.2, Diff: 0.1]
   [Code Root Fixup: 0.4 ms]
   [Code Root Migration: 0.0 ms]
   [Clear CT: 1.3 ms]
   [Other: 10.6 ms]
      [Choose CSet: 0.0 ms]
      [Ref Proc: 6.7 ms]
      [Ref Enq: 0.6 ms]
      [Free CSet: 0.5 ms]
   [Eden: 1056.0M(1056.0M)->0.0B(1056.0M) Survivors: 160.0M->160.0M Heap: 6161.2M(24.0G)->5345.2M(24.0G)]
 [Times: user=1.31 sys=0.05, real=0.12 secs] 
2014-04-09T11:08:42.484+0900: 36.445: [GC pause (G1 Evacuation Pause) (young), 0.1145630 secs]
   [Parallel Time: 102.2 ms, GC Workers: 13]
      [GC Worker Start (ms): Min: 36445.8, Avg: 36445.9, Max: 36446.0, Diff: 0.1]
      [Ext Root Scanning (ms): Min: 1.2, Avg: 1.3, Max: 1.6, Diff: 0.4, Sum: 17.2]
      [Update RS (ms): Min: 7.2, Avg: 7.8, Max: 8.7, Diff: 1.5, Sum: 100.9]
         [Processed Buffers: Min: 8, Avg: 17.8, Max: 24, Diff: 16, Sum: 231]
      [Scan RS (ms): Min: 10.0, Avg: 10.9, Max: 11.3, Diff: 1.3, Sum: 141.5]
      [Code Root Scanning (ms): Min: 0.0, Avg: 0.0, Max: 0.0, Diff: 0.0, Sum: 0.0]
      [Object Copy (ms): Min: 81.8, Avg: 81.9, Max: 82.1, Diff: 0.3, Sum: 1065.2]
      [Termination (ms): Min: 0.0, Avg: 0.0, Max: 0.0, Diff: 0.0, Sum: 0.2]
      [GC Worker Other (ms): Min: 0.0, Avg: 0.0, Max: 0.1, Diff: 0.1, Sum: 0.5]
      [GC Worker Total (ms): Min: 101.9, Avg: 102.0, Max: 102.0, Diff: 0.2, Sum: 1325.5]
      [GC Worker End (ms): Min: 36547.8, Avg: 36547.9, Max: 36547.9, Diff: 0.1]
   [Code Root Fixup: 0.4 ms]
   [Code Root Migration: 0.0 ms]
   [Clear CT: 1.2 ms]
   [Other: 10.6 ms]
      [Choose CSet: 0.0 ms]
      [Ref Proc: 6.5 ms]
      [Ref Enq: 0.6 ms]
      [Free CSet: 0.6 ms]
   [Eden: 1056.0M(1056.0M)->0.0B(1056.0M) Survivors: 160.0M->160.0M Heap: 6401.2M(24.0G)->5593.2M(24.0G)]
 [Times: user=1.28 sys=0.06, real=0.12 secs] 
2014-04-09T11:08:43.463+0900: 37.424: [GC pause (G1 Evacuation Pause) (young), 0.1211832 secs]
   [Parallel Time: 108.5 ms, GC Workers: 13]
      [GC Worker Start (ms): Min: 37424.5, Avg: 37424.6, Max: 37424.6, Diff: 0.1]
      [Ext Root Scanning (ms): Min: 0.9, Avg: 1.4, Max: 1.9, Diff: 1.0, Sum: 17.7]
      [Update RS (ms): Min: 9.8, Avg: 11.5, Max: 20.0, Diff: 10.2, Sum: 149.6]
         [Processed Buffers: Min: 3, Avg: 18.8, Max: 35, Diff: 32, Sum: 245]
      [Scan RS (ms): Min: 1.6, Avg: 9.8, Max: 11.7, Diff: 10.2, Sum: 127.9]
      [Code Root Scanning (ms): Min: 0.0, Avg: 0.0, Max: 0.0, Diff: 0.0, Sum: 0.0]
      [Object Copy (ms): Min: 84.9, Avg: 85.1, Max: 85.4, Diff: 0.5, Sum: 1106.8]
      [Termination (ms): Min: 0.0, Avg: 0.4, Max: 0.4, Diff: 0.4, Sum: 5.1]
      [GC Worker Other (ms): Min: 0.0, Avg: 0.0, Max: 0.0, Diff: 0.0, Sum: 0.3]
      [GC Worker Total (ms): Min: 108.2, Avg: 108.3, Max: 108.3, Diff: 0.1, Sum: 1407.6]
      [GC Worker End (ms): Min: 37532.8, Avg: 37532.8, Max: 37532.8, Diff: 0.0]
   [Code Root Fixup: 0.4 ms]
   [Code Root Migration: 0.0 ms]
   [Clear CT: 1.3 ms]
   [Other: 10.9 ms]
      [Choose CSet: 0.0 ms]
      [Ref Proc: 6.7 ms]
      [Ref Enq: 0.6 ms]
      [Free CSet: 0.6 ms]
   [Eden: 1056.0M(1056.0M)->0.0B(1056.0M) Survivors: 160.0M->160.0M Heap: 6649.2M(24.0G)->5825.2M(24.0G)]
 [Times: user=1.37 sys=0.05, real=0.12 secs] 
2014-04-09T11:08:44.456+0900: 38.418: [GC pause (G1 Evacuation Pause) (young), 0.1182417 secs]
   [Parallel Time: 105.5 ms, GC Workers: 13]
      [GC Worker Start (ms): Min: 38418.2, Avg: 38418.2, Max: 38418.3, Diff: 0.1]
      [Ext Root Scanning (ms): Min: 0.9, Avg: 1.3, Max: 1.6, Diff: 0.7, Sum: 17.3]
      [Update RS (ms): Min: 7.8, Avg: 8.7, Max: 9.4, Diff: 1.5, Sum: 112.9]
         [Processed Buffers: Min: 9, Avg: 16.8, Max: 32, Diff: 23, Sum: 219]
      [Scan RS (ms): Min: 9.8, Avg: 10.4, Max: 10.8, Diff: 1.0, Sum: 135.6]
      [Code Root Scanning (ms): Min: 0.0, Avg: 0.0, Max: 0.0, Diff: 0.0, Sum: 0.0]
      [Object Copy (ms): Min: 84.5, Avg: 84.7, Max: 85.7, Diff: 1.2, Sum: 1101.7]
      [Termination (ms): Min: 0.0, Avg: 0.0, Max: 0.0, Diff: 0.0, Sum: 0.1]
      [GC Worker Other (ms): Min: 0.0, Avg: 0.0, Max: 0.1, Diff: 0.1, Sum: 0.6]
      [GC Worker Total (ms): Min: 105.1, Avg: 105.2, Max: 105.3, Diff: 0.2, Sum: 1368.0]
      [GC Worker End (ms): Min: 38523.4, Avg: 38523.5, Max: 38523.5, Diff: 0.1]
   [Code Root Fixup: 0.4 ms]
   [Code Root Migration: 0.0 ms]
   [Clear CT: 1.4 ms]
   [Other: 10.8 ms]
      [Choose CSet: 0.0 ms]
      [Ref Proc: 6.7 ms]
      [Ref Enq: 0.5 ms]
      [Free CSet: 0.6 ms]
   [Eden: 1056.0M(1056.0M)->0.0B(1056.0M) Survivors: 160.0M->160.0M Heap: 6881.2M(24.0G)->6057.2M(24.0G)]
 [Times: user=1.34 sys=0.05, real=0.12 secs] 
2014-04-09T11:08:45.461+0900: 39.423: [GC pause (G1 Evacuation Pause) (young), 0.1202370 secs]
   [Parallel Time: 108.0 ms, GC Workers: 13]
      [GC Worker Start (ms): Min: 39423.0, Avg: 39423.1, Max: 39423.2, Diff: 0.1]
      [Ext Root Scanning (ms): Min: 1.0, Avg: 1.5, Max: 1.8, Diff: 0.8, Sum: 18.9]
      [Update RS (ms): Min: 9.5, Avg: 9.9, Max: 13.3, Diff: 3.7, Sum: 129.3]
         [Processed Buffers: Min: 11, Avg: 17.8, Max: 26, Diff: 15, Sum: 232]
      [Scan RS (ms): Min: 7.8, Avg: 11.0, Max: 11.6, Diff: 3.8, Sum: 143.2]
      [Code Root Scanning (ms): Min: 0.0, Avg: 0.0, Max: 0.0, Diff: 0.0, Sum: 0.0]
      [Object Copy (ms): Min: 84.1, Avg: 84.4, Max: 84.8, Diff: 0.8, Sum: 1096.6]
      [Termination (ms): Min: 0.5, Avg: 0.9, Max: 1.1, Diff: 0.6, Sum: 12.2]
      [GC Worker Other (ms): Min: 0.0, Avg: 0.0, Max: 0.0, Diff: 0.0, Sum: 0.3]
      [GC Worker Total (ms): Min: 107.6, Avg: 107.7, Max: 107.8, Diff: 0.2, Sum: 1400.5]
      [GC Worker End (ms): Min: 39530.8, Avg: 39530.8, Max: 39530.9, Diff: 0.1]
   [Code Root Fixup: 0.4 ms]
   [Code Root Migration: 0.0 ms]
   [Clear CT: 1.5 ms]
   [Other: 10.4 ms]
      [Choose CSet: 0.0 ms]
      [Ref Proc: 6.3 ms]
      [Ref Enq: 0.6 ms]
      [Free CSet: 0.6 ms]
   [Eden: 1056.0M(1056.0M)->0.0B(1056.0M) Survivors: 160.0M->160.0M Heap: 7113.2M(24.0G)->6313.2M(24.0G)]
 [Times: user=1.36 sys=0.06, real=0.12 secs] 
2014-04-09T11:08:46.466+0900: 40.428: [GC pause (G1 Evacuation Pause) (young), 0.1264933 secs]
   [Parallel Time: 112.7 ms, GC Workers: 13]
      [GC Worker Start (ms): Min: 40428.3, Avg: 40428.4, Max: 40428.5, Diff: 0.1]
      [Ext Root Scanning (ms): Min: 0.9, Avg: 1.3, Max: 1.8, Diff: 0.9, Sum: 17.5]
      [Update RS (ms): Min: 10.1, Avg: 12.2, Max: 24.5, Diff: 14.4, Sum: 158.2]
         [Processed Buffers: Min: 0, Avg: 18.9, Max: 43, Diff: 43, Sum: 246]
      [Scan RS (ms): Min: 0.0, Avg: 9.9, Max: 11.4, Diff: 11.4, Sum: 128.2]
      [Code Root Scanning (ms): Min: 0.0, Avg: 0.0, Max: 0.0, Diff: 0.0, Sum: 0.1]
      [Object Copy (ms): Min: 86.6, Avg: 89.0, Max: 89.8, Diff: 3.3, Sum: 1157.1]
      [Termination (ms): Min: 0.0, Avg: 0.0, Max: 0.0, Diff: 0.0, Sum: 0.1]
      [GC Worker Other (ms): Min: 0.0, Avg: 0.0, Max: 0.1, Diff: 0.0, Sum: 0.5]
      [GC Worker Total (ms): Min: 112.4, Avg: 112.4, Max: 112.5, Diff: 0.1, Sum: 1461.8]
      [GC Worker End (ms): Min: 40540.8, Avg: 40540.9, Max: 40540.9, Diff: 0.0]
   [Code Root Fixup: 0.4 ms]
   [Code Root Migration: 0.0 ms]
   [Clear CT: 1.7 ms]
   [Other: 11.6 ms]
      [Choose CSet: 0.0 ms]
      [Ref Proc: 7.4 ms]
      [Ref Enq: 0.8 ms]
      [Free CSet: 0.6 ms]
   [Eden: 1056.0M(1056.0M)->0.0B(1056.0M) Survivors: 160.0M->160.0M Heap: 7369.2M(24.0G)->6545.2M(24.0G)]
 [Times: user=1.43 sys=0.06, real=0.13 secs] 
2014-04-09T11:08:47.451+0900: 41.413: [GC pause (G1 Evacuation Pause) (young), 0.1149043 secs]
   [Parallel Time: 102.0 ms, GC Workers: 13]
      [GC Worker Start (ms): Min: 41413.4, Avg: 41413.4, Max: 41413.5, Diff: 0.1]
      [Ext Root Scanning (ms): Min: 1.3, Avg: 1.4, Max: 2.0, Diff: 0.7, Sum: 18.2]
      [Update RS (ms): Min: 7.9, Avg: 8.4, Max: 9.4, Diff: 1.5, Sum: 109.5]
         [Processed Buffers: Min: 8, Avg: 18.2, Max: 26, Diff: 18, Sum: 237]
      [Scan RS (ms): Min: 10.4, Avg: 11.4, Max: 12.9, Diff: 2.6, Sum: 147.8]
      [Code Root Scanning (ms): Min: 0.0, Avg: 0.0, Max: 0.0, Diff: 0.0, Sum: 0.0]
      [Object Copy (ms): Min: 79.3, Avg: 80.5, Max: 80.8, Diff: 1.6, Sum: 1046.8]
      [Termination (ms): Min: 0.0, Avg: 0.0, Max: 0.0, Diff: 0.0, Sum: 0.1]
      [GC Worker Other (ms): Min: 0.0, Avg: 0.0, Max: 0.1, Diff: 0.1, Sum: 0.6]
      [GC Worker Total (ms): Min: 101.7, Avg: 101.8, Max: 101.8, Diff: 0.2, Sum: 1323.0]
      [GC Worker End (ms): Min: 41515.2, Avg: 41515.2, Max: 41515.2, Diff: 0.1]
   [Code Root Fixup: 0.4 ms]
   [Code Root Migration: 0.0 ms]
   [Clear CT: 1.6 ms]
   [Other: 10.9 ms]
      [Choose CSet: 0.0 ms]
      [Ref Proc: 6.6 ms]
      [Ref Enq: 0.6 ms]
      [Free CSet: 0.6 ms]
   [Eden: 1056.0M(1056.0M)->0.0B(1056.0M) Survivors: 160.0M->160.0M Heap: 7601.2M(24.0G)->6809.2M(24.0G)]
 [Times: user=1.28 sys=0.06, real=0.11 secs] 
2014-04-09T11:08:48.436+0900: 42.398: [GC pause (G1 Evacuation Pause) (young), 0.1137632 secs]
   [Parallel Time: 100.7 ms, GC Workers: 13]
      [GC Worker Start (ms): Min: 42398.3, Avg: 42398.3, Max: 42398.4, Diff: 0.1]
      [Ext Root Scanning (ms): Min: 0.9, Avg: 1.4, Max: 2.0, Diff: 1.1, Sum: 18.0]
      [Update RS (ms): Min: 9.4, Avg: 10.5, Max: 16.5, Diff: 7.1, Sum: 135.9]
         [Processed Buffers: Min: 9, Avg: 18.9, Max: 24, Diff: 15, Sum: 246]
      [Scan RS (ms): Min: 5.1, Avg: 11.4, Max: 12.4, Diff: 7.2, Sum: 147.7]
      [Code Root Scanning (ms): Min: 0.0, Avg: 0.0, Max: 0.0, Diff: 0.0, Sum: 0.0]
      [Object Copy (ms): Min: 76.5, Avg: 76.8, Max: 77.3, Diff: 0.8, Sum: 998.5]
      [Termination (ms): Min: 0.0, Avg: 0.4, Max: 0.5, Diff: 0.5, Sum: 4.9]
      [GC Worker Other (ms): Min: 0.0, Avg: 0.0, Max: 0.1, Diff: 0.1, Sum: 0.5]
      [GC Worker Total (ms): Min: 100.3, Avg: 100.4, Max: 100.5, Diff: 0.2, Sum: 1305.6]
      [GC Worker End (ms): Min: 42498.7, Avg: 42498.8, Max: 42498.8, Diff: 0.1]
   [Code Root Fixup: 0.4 ms]
   [Code Root Migration: 0.0 ms]
   [Clear CT: 1.6 ms]
   [Other: 11.0 ms]
      [Choose CSet: 0.0 ms]
      [Ref Proc: 6.4 ms]
      [Ref Enq: 0.7 ms]
      [Free CSet: 0.6 ms]
   [Eden: 1056.0M(1056.0M)->0.0B(1056.0M) Survivors: 160.0M->160.0M Heap: 7865.2M(24.0G)->7049.2M(24.0G)]
 [Times: user=1.28 sys=0.05, real=0.12 secs] 
2014-04-09T11:08:49.440+0900: 43.402: [GC pause (G1 Evacuation Pause) (young), 0.1168153 secs]
   [Parallel Time: 103.6 ms, GC Workers: 13]
      [GC Worker Start (ms): Min: 43402.2, Avg: 43402.2, Max: 43402.3, Diff: 0.1]
      [Ext Root Scanning (ms): Min: 1.0, Avg: 1.4, Max: 2.0, Diff: 1.0, Sum: 18.0]
      [Update RS (ms): Min: 7.3, Avg: 8.2, Max: 9.1, Diff: 1.8, Sum: 106.0]
         [Processed Buffers: Min: 6, Avg: 17.2, Max: 30, Diff: 24, Sum: 223]
      [Scan RS (ms): Min: 10.2, Avg: 11.2, Max: 11.6, Diff: 1.5, Sum: 145.0]
      [Code Root Scanning (ms): Min: 0.0, Avg: 0.0, Max: 0.0, Diff: 0.0, Sum: 0.0]
      [Object Copy (ms): Min: 82.1, Avg: 82.4, Max: 83.1, Diff: 1.1, Sum: 1071.4]
      [Termination (ms): Min: 0.0, Avg: 0.2, Max: 0.2, Diff: 0.2, Sum: 2.6]
      [GC Worker Other (ms): Min: 0.0, Avg: 0.0, Max: 0.1, Diff: 0.1, Sum: 0.5]
      [GC Worker Total (ms): Min: 103.3, Avg: 103.3, Max: 103.4, Diff: 0.1, Sum: 1343.5]
      [GC Worker End (ms): Min: 43505.6, Avg: 43505.6, Max: 43505.6, Diff: 0.1]
   [Code Root Fixup: 0.4 ms]
   [Code Root Migration: 0.0 ms]
   [Clear CT: 1.7 ms]
   [Other: 11.1 ms]
      [Choose CSet: 0.0 ms]
      [Ref Proc: 6.8 ms]
      [Ref Enq: 0.6 ms]
      [Free CSet: 0.7 ms]
   [Eden: 1056.0M(1056.0M)->0.0B(1056.0M) Survivors: 160.0M->160.0M Heap: 8105.2M(24.0G)->7297.2M(24.0G)]
 [Times: user=1.30 sys=0.07, real=0.11 secs] 
2014-04-09T11:08:50.418+0900: 44.379: [GC pause (G1 Evacuation Pause) (young), 0.1195026 secs]
   [Parallel Time: 106.2 ms, GC Workers: 13]
      [GC Worker Start (ms): Min: 44379.4, Avg: 44379.5, Max: 44379.6, Diff: 0.1]
      [Ext Root Scanning (ms): Min: 0.9, Avg: 1.3, Max: 1.9, Diff: 1.0, Sum: 17.4]
      [Update RS (ms): Min: 7.8, Avg: 8.3, Max: 9.3, Diff: 1.5, Sum: 108.1]
         [Processed Buffers: Min: 7, Avg: 17.1, Max: 25, Diff: 18, Sum: 222]
      [Scan RS (ms): Min: 10.9, Avg: 11.9, Max: 12.3, Diff: 1.5, Sum: 154.4]
      [Code Root Scanning (ms): Min: 0.0, Avg: 0.0, Max: 0.0, Diff: 0.0, Sum: 0.0]
      [Object Copy (ms): Min: 84.0, Avg: 84.3, Max: 85.0, Diff: 1.1, Sum: 1096.1]
      [Termination (ms): Min: 0.0, Avg: 0.0, Max: 0.0, Diff: 0.0, Sum: 0.0]
      [GC Worker Other (ms): Min: 0.0, Avg: 0.0, Max: 0.1, Diff: 0.1, Sum: 0.5]
      [GC Worker Total (ms): Min: 105.8, Avg: 105.9, Max: 106.0, Diff: 0.2, Sum: 1376.6]
      [GC Worker End (ms): Min: 44485.4, Avg: 44485.4, Max: 44485.4, Diff: 0.1]
   [Code Root Fixup: 0.3 ms]
   [Code Root Migration: 0.0 ms]
   [Clear CT: 1.6 ms]
   [Other: 11.3 ms]
      [Choose CSet: 0.0 ms]
      [Ref Proc: 6.8 ms]
      [Ref Enq: 0.7 ms]
      [Free CSet: 0.7 ms]
   [Eden: 1056.0M(1056.0M)->0.0B(1056.0M) Survivors: 160.0M->160.0M Heap: 8353.2M(24.0G)->7529.2M(24.0G)]
 [Times: user=1.34 sys=0.06, real=0.12 secs] 
2014-04-09T11:08:51.403+0900: 45.365: [GC pause (G1 Evacuation Pause) (young) (initial-mark), 0.1217355 secs]
   [Parallel Time: 107.2 ms, GC Workers: 13]
      [GC Worker Start (ms): Min: 45365.5, Avg: 45365.6, Max: 45365.7, Diff: 0.1]
      [Ext Root Scanning (ms): Min: 1.1, Avg: 1.4, Max: 3.8, Diff: 2.8, Sum: 18.4]
      [Code Root Marking (ms): Min: 0.0, Avg: 0.7, Max: 6.3, Diff: 6.3, Sum: 8.9]
      [Update RS (ms): Min: 4.6, Avg: 10.6, Max: 20.3, Diff: 15.7, Sum: 137.4]
         [Processed Buffers: Min: 10, Avg: 18.8, Max: 37, Diff: 27, Sum: 245]
      [Scan RS (ms): Min: 2.1, Avg: 11.2, Max: 12.4, Diff: 10.3, Sum: 145.2]
      [Code Root Scanning (ms): Min: 0.0, Avg: 0.0, Max: 0.0, Diff: 0.0, Sum: 0.0]
      [Object Copy (ms): Min: 82.8, Avg: 83.1, Max: 84.1, Diff: 1.3, Sum: 1080.3]
      [Termination (ms): Min: 0.0, Avg: 0.0, Max: 0.0, Diff: 0.0, Sum: 0.1]
      [GC Worker Other (ms): Min: 0.0, Avg: 0.0, Max: 0.1, Diff: 0.1, Sum: 0.6]
      [GC Worker Total (ms): Min: 106.9, Avg: 107.0, Max: 107.0, Diff: 0.1, Sum: 1390.8]
      [GC Worker End (ms): Min: 45472.6, Avg: 45472.6, Max: 45472.6, Diff: 0.1]
   [Code Root Fixup: 0.4 ms]
   [Code Root Migration: 0.0 ms]
   [Clear CT: 1.9 ms]
   [Other: 12.2 ms]
      [Choose CSet: 0.0 ms]
      [Ref Proc: 6.9 ms]
      [Ref Enq: 0.8 ms]
      [Free CSet: 0.6 ms]
   [Eden: 1056.0M(1056.0M)->0.0B(1056.0M) Survivors: 160.0M->160.0M Heap: 8585.2M(24.0G)->7793.2M(24.0G)]
 [Times: user=1.35 sys=0.07, real=0.12 secs] 
2014-04-09T11:08:51.525+0900: 45.487: [GC concurrent-root-region-scan-start]
2014-04-09T11:08:51.576+0900: 45.538: [GC concurrent-root-region-scan-end, 0.0508753 secs]
2014-04-09T11:08:51.576+0900: 45.538: [GC concurrent-mark-start]
2014-04-09T11:08:52.557+0900: 46.519: [GC concurrent-mark-end, 0.9807448 secs]
2014-04-09T11:08:52.558+0900: 46.520: [GC remark 46.521: [GC ref-proc, 0.0128916 secs], 0.0311554 secs]
 [Times: user=0.16 sys=0.00, real=0.03 secs] 
2014-04-09T11:08:52.591+0900: 46.553: [GC cleanup 8689M->8689M(24G), 0.0141042 secs]
 [Times: user=0.17 sys=0.00, real=0.01 secs] 
2014-04-09T11:08:52.745+0900: 46.707: [GC pause (G1 Evacuation Pause) (young), 0.1192696 secs]
   [Parallel Time: 105.4 ms, GC Workers: 13]
      [GC Worker Start (ms): Min: 46707.3, Avg: 46707.4, Max: 46707.5, Diff: 0.1]
      [Ext Root Scanning (ms): Min: 0.9, Avg: 1.3, Max: 1.9, Diff: 0.9, Sum: 17.3]
      [Update RS (ms): Min: 7.0, Avg: 7.7, Max: 8.4, Diff: 1.3, Sum: 100.0]
         [Processed Buffers: Min: 5, Avg: 16.9, Max: 25, Diff: 20, Sum: 220]
      [Scan RS (ms): Min: 11.6, Avg: 12.3, Max: 13.4, Diff: 1.7, Sum: 159.3]
      [Code Root Scanning (ms): Min: 0.0, Avg: 0.0, Max: 0.0, Diff: 0.0, Sum: 0.0]
      [Object Copy (ms): Min: 82.7, Avg: 83.8, Max: 84.4, Diff: 1.6, Sum: 1089.4]
      [Termination (ms): Min: 0.0, Avg: 0.0, Max: 0.0, Diff: 0.0, Sum: 0.3]
      [GC Worker Other (ms): Min: 0.0, Avg: 0.0, Max: 0.1, Diff: 0.1, Sum: 0.5]
      [GC Worker Total (ms): Min: 105.1, Avg: 105.1, Max: 105.2, Diff: 0.2, Sum: 1366.8]
      [GC Worker End (ms): Min: 46812.5, Avg: 46812.5, Max: 46812.6, Diff: 0.1]
   [Code Root Fixup: 0.4 ms]
   [Code Root Migration: 0.0 ms]
   [Clear CT: 1.8 ms]
   [Other: 11.6 ms]
      [Choose CSet: 0.0 ms]
      [Ref Proc: 6.7 ms]
      [Ref Enq: 0.6 ms]
      [Free CSet: 0.7 ms]
   [Eden: 1056.0M(1056.0M)->0.0B(1056.0M) Survivors: 160.0M->160.0M Heap: 8849.2M(24.0G)->8033.2M(24.0G)]
 [Times: user=1.34 sys=0.05, real=0.12 secs] 
2014-04-09T11:08:53.744+0900: 47.705: [GC pause (G1 Evacuation Pause) (mixed), 0.1320830 secs]
   [Parallel Time: 115.3 ms, GC Workers: 13]
      [GC Worker Start (ms): Min: 47705.6, Avg: 47705.7, Max: 47705.7, Diff: 0.1]
      [Ext Root Scanning (ms): Min: 1.3, Avg: 1.9, Max: 3.0, Diff: 1.7, Sum: 24.5]
      [Update RS (ms): Min: 7.0, Avg: 8.9, Max: 9.8, Diff: 2.9, Sum: 115.7]
         [Processed Buffers: Min: 11, Avg: 18.5, Max: 33, Diff: 22, Sum: 241]
      [Scan RS (ms): Min: 15.8, Avg: 16.3, Max: 16.9, Diff: 1.2, Sum: 212.0]
      [Code Root Scanning (ms): Min: 0.0, Avg: 0.0, Max: 0.2, Diff: 0.2, Sum: 0.2]
      [Object Copy (ms): Min: 87.5, Avg: 87.9, Max: 88.8, Diff: 1.3, Sum: 1142.1]
      [Termination (ms): Min: 0.0, Avg: 0.0, Max: 0.0, Diff: 0.0, Sum: 0.3]
      [GC Worker Other (ms): Min: 0.0, Avg: 0.0, Max: 0.1, Diff: 0.1, Sum: 0.5]
      [GC Worker Total (ms): Min: 114.9, Avg: 115.0, Max: 115.1, Diff: 0.2, Sum: 1495.3]
      [GC Worker End (ms): Min: 47820.7, Avg: 47820.7, Max: 47820.7, Diff: 0.1]
   [Code Root Fixup: 0.5 ms]
   [Code Root Migration: 0.4 ms]
   [Clear CT: 2.3 ms]
   [Other: 13.6 ms]
      [Choose CSet: 0.2 ms]
      [Ref Proc: 7.4 ms]
      [Ref Enq: 1.0 ms]
      [Free CSet: 1.3 ms]
   [Eden: 1056.0M(1056.0M)->0.0B(1056.0M) Survivors: 160.0M->160.0M Heap: 9089.2M(24.0G)->7584.0M(24.0G)]
 [Times: user=1.48 sys=0.05, real=0.13 secs] 
2014-04-09T11:08:54.742+0900: 48.703: [GC pause (G1 Evacuation Pause) (mixed), 0.2505950 secs]
   [Parallel Time: 235.6 ms, GC Workers: 13]
      [GC Worker Start (ms): Min: 48704.0, Avg: 48704.1, Max: 48704.2, Diff: 0.1]
      [Ext Root Scanning (ms): Min: 1.2, Avg: 1.3, Max: 1.7, Diff: 0.5, Sum: 17.3]
      [Update RS (ms): Min: 12.7, Avg: 13.5, Max: 14.7, Diff: 2.0, Sum: 176.0]
         [Processed Buffers: Min: 6, Avg: 20.2, Max: 41, Diff: 35, Sum: 262]
      [Scan RS (ms): Min: 45.9, Avg: 46.9, Max: 47.7, Diff: 1.7, Sum: 610.3]
      [Code Root Scanning (ms): Min: 0.0, Avg: 0.0, Max: 0.0, Diff: 0.0, Sum: 0.1]
      [Object Copy (ms): Min: 173.1, Avg: 173.5, Max: 174.2, Diff: 1.1, Sum: 2255.2]
      [Termination (ms): Min: 0.0, Avg: 0.1, Max: 0.1, Diff: 0.1, Sum: 0.9]
      [GC Worker Other (ms): Min: 0.0, Avg: 0.0, Max: 0.1, Diff: 0.1, Sum: 0.5]
      [GC Worker Total (ms): Min: 235.3, Avg: 235.4, Max: 235.5, Diff: 0.2, Sum: 3060.4]
      [GC Worker End (ms): Min: 48939.5, Avg: 48939.5, Max: 48939.5, Diff: 0.1]
   [Code Root Fixup: 0.3 ms]
   [Code Root Migration: 0.0 ms]
   [Clear CT: 2.1 ms]
   [Other: 12.5 ms]
      [Choose CSet: 0.2 ms]
      [Ref Proc: 6.7 ms]
      [Ref Enq: 0.7 ms]
      [Free CSet: 1.4 ms]
   [Eden: 1056.0M(1056.0M)->0.0B(1056.0M) Survivors: 160.0M->160.0M Heap: 8640.0M(24.0G)->7160.0M(24.0G)]
 [Times: user=2.79 sys=0.08, real=0.25 secs] 
2014-04-09T11:08:55.878+0900: 49.839: [GC pause (G1 Evacuation Pause) (mixed), 0.1781744 secs]
   [Parallel Time: 162.2 ms, GC Workers: 13]
      [GC Worker Start (ms): Min: 49839.5, Avg: 49839.6, Max: 49839.7, Diff: 0.1]
      [Ext Root Scanning (ms): Min: 1.2, Avg: 1.3, Max: 2.0, Diff: 0.8, Sum: 17.2]
      [Update RS (ms): Min: 5.3, Avg: 6.0, Max: 6.3, Diff: 1.0, Sum: 78.3]
         [Processed Buffers: Min: 8, Avg: 18.7, Max: 31, Diff: 23, Sum: 243]
      [Scan RS (ms): Min: 21.1, Avg: 21.5, Max: 21.7, Diff: 0.6, Sum: 279.0]
      [Code Root Scanning (ms): Min: 0.0, Avg: 0.0, Max: 0.0, Diff: 0.0, Sum: 0.0]
      [Object Copy (ms): Min: 132.0, Avg: 132.2, Max: 132.9, Diff: 0.9, Sum: 1719.0]
      [Termination (ms): Min: 0.2, Avg: 0.9, Max: 1.0, Diff: 0.9, Sum: 11.3]
      [GC Worker Other (ms): Min: 0.0, Avg: 0.0, Max: 0.0, Diff: 0.0, Sum: 0.3]
      [GC Worker Total (ms): Min: 161.9, Avg: 161.9, Max: 162.0, Diff: 0.1, Sum: 2105.2]
      [GC Worker End (ms): Min: 50001.5, Avg: 50001.5, Max: 50001.6, Diff: 0.0]
   [Code Root Fixup: 0.5 ms]
   [Code Root Migration: 0.0 ms]
   [Clear CT: 1.9 ms]
   [Other: 13.6 ms]
      [Choose CSet: 0.1 ms]
      [Ref Proc: 7.8 ms]
      [Ref Enq: 0.9 ms]
      [Free CSet: 0.9 ms]
   [Eden: 1056.0M(1056.0M)->0.0B(1056.0M) Survivors: 160.0M->160.0M Heap: 8216.0M(24.0G)->7128.0M(24.0G)]
 [Times: user=2.10 sys=0.03, real=0.18 secs] 
2014-04-09T11:08:56.988+0900: 50.949: [GC pause (G1 Evacuation Pause) (young), 0.1187102 secs]
   [Parallel Time: 105.2 ms, GC Workers: 13]
      [GC Worker Start (ms): Min: 50949.8, Avg: 50949.8, Max: 50949.9, Diff: 0.1]
      [Ext Root Scanning (ms): Min: 1.2, Avg: 1.3, Max: 2.0, Diff: 0.8, Sum: 17.3]
      [Update RS (ms): Min: 8.0, Avg: 9.0, Max: 9.9, Diff: 1.9, Sum: 116.6]
         [Processed Buffers: Min: 10, Avg: 18.0, Max: 28, Diff: 18, Sum: 234]
      [Scan RS (ms): Min: 8.3, Avg: 9.1, Max: 10.2, Diff: 1.9, Sum: 118.9]
      [Code Root Scanning (ms): Min: 0.0, Avg: 0.0, Max: 0.0, Diff: 0.0, Sum: 0.0]
      [Object Copy (ms): Min: 84.4, Avg: 85.4, Max: 85.7, Diff: 1.3, Sum: 1110.4]
      [Termination (ms): Min: 0.0, Avg: 0.0, Max: 0.0, Diff: 0.0, Sum: 0.1]
      [GC Worker Other (ms): Min: 0.0, Avg: 0.0, Max: 0.1, Diff: 0.1, Sum: 0.5]
      [GC Worker Total (ms): Min: 104.8, Avg: 104.9, Max: 105.0, Diff: 0.2, Sum: 1363.8]
      [GC Worker End (ms): Min: 51054.7, Avg: 51054.8, Max: 51054.8, Diff: 0.1]
   [Code Root Fixup: 0.4 ms]
   [Code Root Migration: 0.0 ms]
   [Clear CT: 2.0 ms]
   [Other: 11.0 ms]
      [Choose CSet: 0.0 ms]
      [Ref Proc: 7.1 ms]
      [Ref Enq: 0.8 ms]
      [Free CSet: 0.6 ms]
   [Eden: 1056.0M(1056.0M)->0.0B(1056.0M) Survivors: 160.0M->160.0M Heap: 8184.0M(24.0G)->7352.0M(24.0G)]
 [Times: user=1.37 sys=0.02, real=0.12 secs] 
2014-04-09T11:08:57.977+0900: 51.938: [GC pause (G1 Evacuation Pause) (young), 0.1244117 secs]
   [Parallel Time: 111.2 ms, GC Workers: 13]
      [GC Worker Start (ms): Min: 51938.8, Avg: 51938.9, Max: 51939.0, Diff: 0.2]
      [Ext Root Scanning (ms): Min: 1.4, Avg: 1.5, Max: 2.1, Diff: 0.7, Sum: 19.0]
      [Update RS (ms): Min: 9.6, Avg: 10.0, Max: 11.0, Diff: 1.5, Sum: 129.8]
         [Processed Buffers: Min: 9, Avg: 19.5, Max: 40, Diff: 31, Sum: 254]
      [Scan RS (ms): Min: 9.2, Avg: 10.4, Max: 10.9, Diff: 1.7, Sum: 135.1]
      [Code Root Scanning (ms): Min: 0.0, Avg: 0.0, Max: 0.0, Diff: 0.0, Sum: 0.0]
      [Object Copy (ms): Min: 88.7, Avg: 88.9, Max: 89.2, Diff: 0.4, Sum: 1156.0]
      [Termination (ms): Min: 0.0, Avg: 0.0, Max: 0.0, Diff: 0.0, Sum: 0.3]
      [GC Worker Other (ms): Min: 0.0, Avg: 0.0, Max: 0.1, Diff: 0.1, Sum: 0.6]
      [GC Worker Total (ms): Min: 110.7, Avg: 110.8, Max: 110.9, Diff: 0.2, Sum: 1440.7]
      [GC Worker End (ms): Min: 52049.7, Avg: 52049.7, Max: 52049.8, Diff: 0.1]
   [Code Root Fixup: 0.3 ms]
   [Code Root Migration: 0.0 ms]
   [Clear CT: 2.0 ms]
   [Other: 10.9 ms]
      [Choose CSet: 0.0 ms]
      [Ref Proc: 6.9 ms]
      [Ref Enq: 0.7 ms]
      [Free CSet: 0.7 ms]
   [Eden: 1056.0M(1056.0M)->0.0B(1056.0M) Survivors: 160.0M->160.0M Heap: 8408.0M(24.0G)->7592.0M(24.0G)]
 [Times: user=1.45 sys=0.01, real=0.13 secs] 
2014-04-09T11:08:58.967+0900: 52.928: [GC pause (G1 Evacuation Pause) (young) (initial-mark), 0.1203214 secs]
   [Parallel Time: 106.2 ms, GC Workers: 13]
      [GC Worker Start (ms): Min: 52928.9, Avg: 52929.0, Max: 52929.1, Diff: 0.1]
      [Ext Root Scanning (ms): Min: 1.1, Avg: 1.4, Max: 3.8, Diff: 2.7, Sum: 17.8]
      [Code Root Marking (ms): Min: 0.0, Avg: 0.7, Max: 6.2, Diff: 6.2, Sum: 8.9]
      [Update RS (ms): Min: 4.2, Avg: 10.0, Max: 11.7, Diff: 7.6, Sum: 130.0]
         [Processed Buffers: Min: 5, Avg: 18.8, Max: 32, Diff: 27, Sum: 245]
      [Scan RS (ms): Min: 9.2, Avg: 10.2, Max: 10.8, Diff: 1.7, Sum: 132.9]
      [Code Root Scanning (ms): Min: 0.0, Avg: 0.0, Max: 0.0, Diff: 0.0, Sum: 0.0]
      [Object Copy (ms): Min: 83.2, Avg: 83.4, Max: 84.0, Diff: 0.8, Sum: 1084.7]
      [Termination (ms): Min: 0.0, Avg: 0.2, Max: 0.2, Diff: 0.2, Sum: 2.7]
      [GC Worker Other (ms): Min: 0.0, Avg: 0.0, Max: 0.1, Diff: 0.1, Sum: 0.6]
      [GC Worker Total (ms): Min: 105.9, Avg: 106.0, Max: 106.1, Diff: 0.1, Sum: 1377.7]
      [GC Worker End (ms): Min: 53034.9, Avg: 53035.0, Max: 53035.0, Diff: 0.1]
   [Code Root Fixup: 0.4 ms]
   [Code Root Migration: 0.0 ms]
   [Clear CT: 2.0 ms]
   [Other: 11.6 ms]
      [Choose CSet: 0.0 ms]
      [Ref Proc: 6.8 ms]
      [Ref Enq: 0.8 ms]
      [Free CSet: 0.7 ms]
   [Eden: 1056.0M(1056.0M)->0.0B(1056.0M) Survivors: 160.0M->160.0M Heap: 8648.0M(24.0G)->7832.0M(24.0G)]
 [Times: user=1.39 sys=0.02, real=0.12 secs] 
2014-04-09T11:08:59.087+0900: 53.049: [GC concurrent-root-region-scan-start]
2014-04-09T11:08:59.142+0900: 53.104: [GC concurrent-root-region-scan-end, 0.0549814 secs]
2014-04-09T11:08:59.142+0900: 53.104: [GC concurrent-mark-start]
2014-04-09T11:09:00.322+0900: 54.283: [GC pause (G1 Evacuation Pause) (young), 0.1207563 secs]
   [Parallel Time: 106.7 ms, GC Workers: 13]
      [GC Worker Start (ms): Min: 54283.4, Avg: 54283.5, Max: 54283.5, Diff: 0.1]
      [Ext Root Scanning (ms): Min: 1.3, Avg: 1.4, Max: 1.9, Diff: 0.6, Sum: 17.8]
      [SATB Filtering (ms): Min: 0.0, Avg: 0.2, Max: 2.6, Diff: 2.6, Sum: 2.6]
      [Update RS (ms): Min: 6.8, Avg: 8.6, Max: 9.4, Diff: 2.6, Sum: 111.9]
         [Processed Buffers: Min: 9, Avg: 18.0, Max: 27, Diff: 18, Sum: 234]
      [Scan RS (ms): Min: 9.6, Avg: 10.2, Max: 10.8, Diff: 1.1, Sum: 133.0]
      [Code Root Scanning (ms): Min: 0.0, Avg: 0.0, Max: 0.0, Diff: 0.0, Sum: 0.0]
      [Object Copy (ms): Min: 85.7, Avg: 85.9, Max: 86.0, Diff: 0.3, Sum: 1116.3]
      [Termination (ms): Min: 0.0, Avg: 0.0, Max: 0.0, Diff: 0.0, Sum: 0.1]
      [GC Worker Other (ms): Min: 0.0, Avg: 0.0, Max: 0.1, Diff: 0.1, Sum: 0.6]
      [GC Worker Total (ms): Min: 106.3, Avg: 106.3, Max: 106.4, Diff: 0.1, Sum: 1382.5]
      [GC Worker End (ms): Min: 54389.8, Avg: 54389.8, Max: 54389.9, Diff: 0.1]
   [Code Root Fixup: 0.5 ms]
   [Code Root Migration: 0.0 ms]
   [Clear CT: 2.1 ms]
   [Other: 11.5 ms]
      [Choose CSet: 0.0 ms]
      [Ref Proc: 7.1 ms]
      [Ref Enq: 0.8 ms]
      [Free CSet: 0.7 ms]
   [Eden: 1056.0M(1056.0M)->0.0B(1056.0M) Survivors: 160.0M->160.0M Heap: 8888.0M(24.0G)->8064.0M(24.0G)]
 [Times: user=1.39 sys=0.03, real=0.12 secs] 
2014-04-09T11:09:00.559+0900: 54.521: [GC concurrent-mark-end, 1.4166511 secs]
2014-04-09T11:09:00.561+0900: 54.522: [GC remark 54.524: [GC ref-proc, 0.0121693 secs], 0.0330135 secs]
 [Times: user=0.19 sys=0.00, real=0.04 secs] 
2014-04-09T11:09:00.595+0900: 54.557: [GC cleanup 8184M->8184M(24G), 0.0173465 secs]
 [Times: user=0.21 sys=0.00, real=0.02 secs] 
2014-04-09T11:09:01.382+0900: 55.344: [GC pause (G1 Evacuation Pause) (young), 0.1219759 secs]
   [Parallel Time: 108.1 ms, GC Workers: 13]
      [GC Worker Start (ms): Min: 55344.3, Avg: 55344.4, Max: 55344.5, Diff: 0.1]
      [Ext Root Scanning (ms): Min: 1.3, Avg: 1.4, Max: 2.1, Diff: 0.8, Sum: 18.8]
      [Update RS (ms): Min: 10.4, Avg: 11.0, Max: 11.8, Diff: 1.3, Sum: 143.3]
         [Processed Buffers: Min: 10, Avg: 20.1, Max: 30, Diff: 20, Sum: 261]
      [Scan RS (ms): Min: 9.4, Avg: 10.0, Max: 10.6, Diff: 1.2, Sum: 130.0]
      [Code Root Scanning (ms): Min: 0.0, Avg: 0.0, Max: 0.0, Diff: 0.0, Sum: 0.0]
      [Object Copy (ms): Min: 85.2, Avg: 85.4, Max: 85.6, Diff: 0.3, Sum: 1110.1]
      [Termination (ms): Min: 0.0, Avg: 0.0, Max: 0.0, Diff: 0.0, Sum: 0.1]
      [GC Worker Other (ms): Min: 0.0, Avg: 0.0, Max: 0.1, Diff: 0.0, Sum: 0.4]
      [GC Worker Total (ms): Min: 107.8, Avg: 107.9, Max: 108.0, Diff: 0.1, Sum: 1402.7]
      [GC Worker End (ms): Min: 55452.3, Avg: 55452.3, Max: 55452.3, Diff: 0.0]
   [Code Root Fixup: 0.4 ms]
   [Code Root Migration: 0.0 ms]
   [Clear CT: 2.3 ms]
   [Other: 11.2 ms]
      [Choose CSet: 0.0 ms]
      [Ref Proc: 7.0 ms]
      [Ref Enq: 0.7 ms]
      [Free CSet: 0.7 ms]
   [Eden: 1056.0M(1056.0M)->0.0B(1056.0M) Survivors: 160.0M->160.0M Heap: 9120.0M(24.0G)->8280.0M(24.0G)]
 [Times: user=1.41 sys=0.03, real=0.12 secs] 
2014-04-09T11:09:02.389+0900: 56.351: [GC pause (G1 Evacuation Pause) (mixed), 0.1408293 secs]
   [Parallel Time: 123.6 ms, GC Workers: 13]
      [GC Worker Start (ms): Min: 56351.4, Avg: 56351.4, Max: 56351.5, Diff: 0.1]
      [Ext Root Scanning (ms): Min: 1.3, Avg: 1.5, Max: 2.3, Diff: 1.0, Sum: 19.1]
      [Update RS (ms): Min: 9.5, Avg: 10.4, Max: 11.0, Diff: 1.5, Sum: 134.9]
         [Processed Buffers: Min: 8, Avg: 19.8, Max: 32, Diff: 24, Sum: 257]
      [Scan RS (ms): Min: 15.5, Avg: 16.0, Max: 16.4, Diff: 0.8, Sum: 207.6]
      [Code Root Scanning (ms): Min: 0.0, Avg: 0.0, Max: 0.0, Diff: 0.0, Sum: 0.0]
      [Object Copy (ms): Min: 95.3, Avg: 95.4, Max: 95.6, Diff: 0.2, Sum: 1240.7]
      [Termination (ms): Min: 0.0, Avg: 0.0, Max: 0.0, Diff: 0.0, Sum: 0.1]
      [GC Worker Other (ms): Min: 0.0, Avg: 0.0, Max: 0.1, Diff: 0.1, Sum: 0.5]
      [GC Worker Total (ms): Min: 123.2, Avg: 123.3, Max: 123.4, Diff: 0.2, Sum: 1602.8]
      [GC Worker End (ms): Min: 56474.7, Avg: 56474.7, Max: 56474.8, Diff: 0.1]
   [Code Root Fixup: 0.4 ms]
   [Code Root Migration: 0.0 ms]
   [Clear CT: 2.4 ms]
   [Other: 14.4 ms]
      [Choose CSet: 0.2 ms]
      [Ref Proc: 8.5 ms]
      [Ref Enq: 1.2 ms]
      [Free CSet: 1.3 ms]
   [Eden: 1056.0M(1056.0M)->0.0B(1056.0M) Survivors: 160.0M->160.0M Heap: 9336.0M(24.0G)->7904.0M(24.0G)]
 [Times: user=1.58 sys=0.07, real=0.14 secs] 
2014-04-09T11:09:03.416+0900: 57.378: [GC pause (G1 Evacuation Pause) (mixed), 0.1366846 secs]
   [Parallel Time: 120.6 ms, GC Workers: 13]
      [GC Worker Start (ms): Min: 57378.4, Avg: 57378.5, Max: 57378.5, Diff: 0.1]
      [Ext Root Scanning (ms): Min: 1.2, Avg: 1.4, Max: 1.9, Diff: 0.7, Sum: 17.7]
      [Update RS (ms): Min: 7.7, Avg: 8.2, Max: 8.7, Diff: 1.0, Sum: 106.6]
         [Processed Buffers: Min: 6, Avg: 16.2, Max: 33, Diff: 27, Sum: 211]
      [Scan RS (ms): Min: 15.6, Avg: 16.3, Max: 17.4, Diff: 1.8, Sum: 212.0]
      [Code Root Scanning (ms): Min: 0.0, Avg: 0.0, Max: 0.0, Diff: 0.0, Sum: 0.0]
      [Object Copy (ms): Min: 93.9, Avg: 94.4, Max: 94.7, Diff: 0.8, Sum: 1227.2]
      [Termination (ms): Min: 0.0, Avg: 0.0, Max: 0.0, Diff: 0.0, Sum: 0.1]
      [GC Worker Other (ms): Min: 0.0, Avg: 0.0, Max: 0.1, Diff: 0.1, Sum: 0.5]
      [GC Worker Total (ms): Min: 120.2, Avg: 120.3, Max: 120.4, Diff: 0.2, Sum: 1564.3]
      [GC Worker End (ms): Min: 57498.8, Avg: 57498.8, Max: 57498.8, Diff: 0.1]
   [Code Root Fixup: 0.4 ms]
   [Code Root Migration: 0.0 ms]
   [Clear CT: 2.2 ms]
   [Other: 13.4 ms]
      [Choose CSet: 0.1 ms]
      [Ref Proc: 7.6 ms]
      [Ref Enq: 1.0 ms]
      [Free CSet: 1.1 ms]
   [Eden: 1056.0M(1056.0M)->0.0B(1056.0M) Survivors: 160.0M->160.0M Heap: 8960.0M(24.0G)->7864.0M(24.0G)]
 [Times: user=1.56 sys=0.04, real=0.14 secs] 
2014-04-09T11:09:04.416+0900: 58.377: [GC pause (G1 Evacuation Pause) (young), 0.1149454 secs]
   [Parallel Time: 101.4 ms, GC Workers: 13]
      [GC Worker Start (ms): Min: 58377.6, Avg: 58377.7, Max: 58377.8, Diff: 0.1]
      [Ext Root Scanning (ms): Min: 1.3, Avg: 1.4, Max: 1.8, Diff: 0.5, Sum: 18.3]
      [Update RS (ms): Min: 9.3, Avg: 11.3, Max: 30.2, Diff: 20.9, Sum: 146.5]
         [Processed Buffers: Min: 1, Avg: 18.4, Max: 30, Diff: 29, Sum: 239]
      [Scan RS (ms): Min: 0.0, Avg: 10.1, Max: 11.5, Diff: 11.5, Sum: 131.1]
      [Code Root Scanning (ms): Min: 0.0, Avg: 0.0, Max: 0.0, Diff: 0.0, Sum: 0.0]
      [Object Copy (ms): Min: 69.6, Avg: 78.4, Max: 79.3, Diff: 9.7, Sum: 1018.9]
      [Termination (ms): Min: 0.0, Avg: 0.0, Max: 0.0, Diff: 0.0, Sum: 0.1]
      [GC Worker Other (ms): Min: 0.0, Avg: 0.0, Max: 0.1, Diff: 0.1, Sum: 0.5]
      [GC Worker Total (ms): Min: 101.1, Avg: 101.2, Max: 101.3, Diff: 0.2, Sum: 1315.4]
      [GC Worker End (ms): Min: 58478.8, Avg: 58478.9, Max: 58478.9, Diff: 0.1]
   [Code Root Fixup: 0.5 ms]
   [Code Root Migration: 0.0 ms]
   [Clear CT: 2.2 ms]
   [Other: 10.8 ms]
      [Choose CSet: 0.0 ms]
      [Ref Proc: 6.4 ms]
      [Ref Enq: 0.7 ms]
      [Free CSet: 0.7 ms]
   [Eden: 1056.0M(1056.0M)->0.0B(1056.0M) Survivors: 160.0M->160.0M Heap: 8920.0M(24.0G)->8128.0M(24.0G)]
 [Times: user=1.32 sys=0.02, real=0.11 secs] 
2014-04-09T11:09:05.402+0900: 59.363: [GC pause (G1 Evacuation Pause) (young) (initial-mark), 0.1151238 secs]
   [Parallel Time: 100.3 ms, GC Workers: 13]
      [GC Worker Start (ms): Min: 59364.1, Avg: 59364.1, Max: 59364.2, Diff: 0.1]
      [Ext Root Scanning (ms): Min: 1.1, Avg: 1.3, Max: 3.0, Diff: 1.9, Sum: 17.3]
      [Code Root Marking (ms): Min: 0.0, Avg: 0.6, Max: 4.3, Diff: 4.3, Sum: 7.3]
      [Update RS (ms): Min: 5.6, Avg: 9.3, Max: 10.6, Diff: 5.1, Sum: 120.7]
         [Processed Buffers: Min: 9, Avg: 18.5, Max: 28, Diff: 19, Sum: 241]
      [Scan RS (ms): Min: 9.5, Avg: 10.3, Max: 10.8, Diff: 1.3, Sum: 134.3]
      [Code Root Scanning (ms): Min: 0.0, Avg: 0.0, Max: 0.0, Diff: 0.0, Sum: 0.0]
      [Object Copy (ms): Min: 78.2, Avg: 78.5, Max: 78.7, Diff: 0.5, Sum: 1020.5]
      [Termination (ms): Min: 0.0, Avg: 0.0, Max: 0.0, Diff: 0.0, Sum: 0.1]
      [GC Worker Other (ms): Min: 0.0, Avg: 0.0, Max: 0.1, Diff: 0.1, Sum: 0.5]
      [GC Worker Total (ms): Min: 100.0, Avg: 100.1, Max: 100.1, Diff: 0.1, Sum: 1300.8]
      [GC Worker End (ms): Min: 59464.2, Avg: 59464.2, Max: 59464.2, Diff: 0.1]
   [Code Root Fixup: 0.5 ms]
   [Code Root Migration: 0.0 ms]
   [Clear CT: 2.1 ms]
   [Other: 12.3 ms]
      [Choose CSet: 0.0 ms]
      [Ref Proc: 7.2 ms]
      [Ref Enq: 0.8 ms]
      [Free CSet: 0.7 ms]
   [Eden: 1056.0M(1056.0M)->0.0B(1056.0M) Survivors: 160.0M->160.0M Heap: 9184.0M(24.0G)->8368.0M(24.0G)]
 [Times: user=1.32 sys=0.01, real=0.11 secs] 
2014-04-09T11:09:05.517+0900: 59.479: [GC concurrent-root-region-scan-start]
2014-04-09T11:09:05.559+0900: 59.520: [GC concurrent-root-region-scan-end, 0.0412656 secs]
2014-04-09T11:09:05.559+0900: 59.520: [GC concurrent-mark-start]
2014-04-09T11:09:06.742+0900: 60.703: [GC pause (G1 Evacuation Pause) (young), 0.1142837 secs]
   [Parallel Time: 99.7 ms, GC Workers: 13]
      [GC Worker Start (ms): Min: 60703.6, Avg: 60703.6, Max: 60703.7, Diff: 0.1]
      [Ext Root Scanning (ms): Min: 1.4, Avg: 1.5, Max: 2.1, Diff: 0.7, Sum: 19.2]
      [SATB Filtering (ms): Min: 0.0, Avg: 0.1, Max: 1.7, Diff: 1.7, Sum: 1.7]
      [Update RS (ms): Min: 6.8, Avg: 8.2, Max: 8.8, Diff: 2.0, Sum: 106.0]
         [Processed Buffers: Min: 8, Avg: 16.6, Max: 36, Diff: 28, Sum: 216]
      [Scan RS (ms): Min: 10.8, Avg: 11.0, Max: 11.3, Diff: 0.5, Sum: 143.4]
      [Code Root Scanning (ms): Min: 0.0, Avg: 0.0, Max: 0.0, Diff: 0.0, Sum: 0.0]
      [Object Copy (ms): Min: 77.9, Avg: 78.1, Max: 78.7, Diff: 0.8, Sum: 1015.7]
      [Termination (ms): Min: 0.1, Avg: 0.5, Max: 0.5, Diff: 0.4, Sum: 6.2]
      [GC Worker Other (ms): Min: 0.0, Avg: 0.0, Max: 0.1, Diff: 0.0, Sum: 0.4]
      [GC Worker Total (ms): Min: 99.3, Avg: 99.4, Max: 99.6, Diff: 0.2, Sum: 1292.7]
      [GC Worker End (ms): Min: 60803.1, Avg: 60803.1, Max: 60803.1, Diff: 0.1]
   [Code Root Fixup: 0.4 ms]
   [Code Root Migration: 0.0 ms]
   [Clear CT: 2.4 ms]
   [Other: 11.7 ms]
      [Choose CSet: 0.0 ms]
      [Ref Proc: 7.1 ms]
      [Ref Enq: 0.8 ms]
      [Free CSet: 0.7 ms]
   [Eden: 1056.0M(1056.0M)->0.0B(1056.0M) Survivors: 160.0M->160.0M Heap: 9424.0M(24.0G)->8576.0M(24.0G)]
 [Times: user=1.32 sys=0.00, real=0.12 secs] 
2014-04-09T11:09:06.936+0900: 60.898: [GC concurrent-mark-end, 1.3773530 secs]
2014-04-09T11:09:06.938+0900: 60.899: [GC remark 60.946: [GC ref-proc, 0.0114191 secs], 0.0795235 secs]
 [Times: user=0.82 sys=0.00, real=0.08 secs] 
2014-04-09T11:09:07.019+0900: 60.981: [GC cleanup 8657M->8657M(24G), 0.0183386 secs]
 [Times: user=0.23 sys=0.00, real=0.02 secs] 
2014-04-09T11:09:07.855+0900: 61.816: [GC pause (G1 Evacuation Pause) (young), 0.1320346 secs]
   [Parallel Time: 116.9 ms, GC Workers: 13]
      [GC Worker Start (ms): Min: 61816.8, Avg: 61816.9, Max: 61817.0, Diff: 0.1]
      [Ext Root Scanning (ms): Min: 1.3, Avg: 1.4, Max: 1.7, Diff: 0.4, Sum: 17.9]
      [Update RS (ms): Min: 11.1, Avg: 17.4, Max: 34.3, Diff: 23.2, Sum: 225.7]
         [Processed Buffers: Min: 1, Avg: 17.8, Max: 34, Diff: 33, Sum: 231]
      [Scan RS (ms): Min: 0.0, Avg: 11.6, Max: 17.6, Diff: 17.6, Sum: 151.4]
      [Code Root Scanning (ms): Min: 0.0, Avg: 0.0, Max: 0.0, Diff: 0.0, Sum: 0.0]
      [Object Copy (ms): Min: 81.0, Avg: 86.2, Max: 86.9, Diff: 5.9, Sum: 1120.8]
      [Termination (ms): Min: 0.0, Avg: 0.0, Max: 0.0, Diff: 0.0, Sum: 0.1]
      [GC Worker Other (ms): Min: 0.0, Avg: 0.0, Max: 0.1, Diff: 0.1, Sum: 0.5]
      [GC Worker Total (ms): Min: 116.5, Avg: 116.6, Max: 116.8, Diff: 0.2, Sum: 1516.3]
      [GC Worker End (ms): Min: 61933.5, Avg: 61933.5, Max: 61933.6, Diff: 0.1]
   [Code Root Fixup: 0.4 ms]
   [Code Root Migration: 0.0 ms]
   [Clear CT: 2.3 ms]
   [Other: 12.4 ms]
      [Choose CSet: 0.0 ms]
      [Ref Proc: 7.6 ms]
      [Ref Enq: 0.9 ms]
      [Free CSet: 0.7 ms]
   [Eden: 1056.0M(1056.0M)->0.0B(1056.0M) Survivors: 160.0M->160.0M Heap: 9632.0M(24.0G)->8808.0M(24.0G)]
 [Times: user=1.50 sys=0.06, real=0.13 secs] 
2014-04-09T11:09:08.868+0900: 62.830: [GC pause (G1 Evacuation Pause) (mixed), 0.1464883 secs]
   [Parallel Time: 128.0 ms, GC Workers: 13]
      [GC Worker Start (ms): Min: 62830.1, Avg: 62830.2, Max: 62830.3, Diff: 0.1]
      [Ext Root Scanning (ms): Min: 0.9, Avg: 1.3, Max: 2.1, Diff: 1.3, Sum: 17.1]
      [Update RS (ms): Min: 8.8, Avg: 9.6, Max: 10.0, Diff: 1.2, Sum: 124.9]
         [Processed Buffers: Min: 10, Avg: 18.4, Max: 31, Diff: 21, Sum: 239]
      [Scan RS (ms): Min: 21.7, Avg: 22.0, Max: 22.2, Diff: 0.5, Sum: 286.5]
      [Code Root Scanning (ms): Min: 0.0, Avg: 0.0, Max: 0.0, Diff: 0.0, Sum: 0.1]
      [Object Copy (ms): Min: 94.4, Avg: 94.7, Max: 95.1, Diff: 0.8, Sum: 1230.9]
      [Termination (ms): Min: 0.0, Avg: 0.0, Max: 0.0, Diff: 0.0, Sum: 0.1]
      [GC Worker Other (ms): Min: 0.0, Avg: 0.0, Max: 0.1, Diff: 0.1, Sum: 0.6]
      [GC Worker Total (ms): Min: 127.6, Avg: 127.7, Max: 127.8, Diff: 0.2, Sum: 1660.2]
      [GC Worker End (ms): Min: 62957.9, Avg: 62957.9, Max: 62957.9, Diff: 0.1]
   [Code Root Fixup: 0.4 ms]
   [Code Root Migration: 0.1 ms]
   [Clear CT: 2.6 ms]
   [Other: 15.4 ms]
      [Choose CSet: 0.2 ms]
      [Ref Proc: 8.1 ms]
      [Ref Enq: 1.3 ms]
      [Free CSet: 1.4 ms]
   [Eden: 1056.0M(1056.0M)->0.0B(1056.0M) Survivors: 160.0M->160.0M Heap: 9864.0M(24.0G)->8440.0M(24.0G)]
 [Times: user=1.63 sys=0.06, real=0.15 secs] 
2014-04-09T11:09:09.899+0900: 63.860: [GC pause (G1 Evacuation Pause) (mixed), 0.1314188 secs]
   [Parallel Time: 115.7 ms, GC Workers: 13]
      [GC Worker Start (ms): Min: 63860.6, Avg: 63860.7, Max: 63860.7, Diff: 0.1]
      [Ext Root Scanning (ms): Min: 1.0, Avg: 1.5, Max: 2.3, Diff: 1.3, Sum: 19.5]
      [Update RS (ms): Min: 9.3, Avg: 9.6, Max: 11.1, Diff: 1.8, Sum: 124.4]
         [Processed Buffers: Min: 12, Avg: 17.6, Max: 25, Diff: 13, Sum: 229]
      [Scan RS (ms): Min: 13.8, Avg: 15.3, Max: 15.9, Diff: 2.1, Sum: 199.1]
      [Code Root Scanning (ms): Min: 0.0, Avg: 0.0, Max: 0.0, Diff: 0.0, Sum: 0.0]
      [Object Copy (ms): Min: 88.7, Avg: 89.0, Max: 89.4, Diff: 0.7, Sum: 1157.4]
      [Termination (ms): Min: 0.0, Avg: 0.0, Max: 0.0, Diff: 0.0, Sum: 0.1]
      [GC Worker Other (ms): Min: 0.0, Avg: 0.0, Max: 0.1, Diff: 0.1, Sum: 0.5]
      [GC Worker Total (ms): Min: 115.4, Avg: 115.5, Max: 115.5, Diff: 0.1, Sum: 1501.1]
      [GC Worker End (ms): Min: 63976.1, Avg: 63976.1, Max: 63976.2, Diff: 0.1]
   [Code Root Fixup: 0.4 ms]
   [Code Root Migration: 0.0 ms]
   [Clear CT: 2.5 ms]
   [Other: 12.8 ms]
      [Choose CSet: 0.1 ms]
      [Ref Proc: 7.0 ms]
      [Ref Enq: 0.8 ms]
      [Free CSet: 1.0 ms]
   [Eden: 1056.0M(1056.0M)->0.0B(1056.0M) Survivors: 160.0M->160.0M Heap: 9496.0M(24.0G)->8520.0M(24.0G)]
 [Times: user=1.50 sys=0.03, real=0.13 secs] 
2014-04-09T11:09:10.907+0900: 64.868: [GC pause (G1 Evacuation Pause) (young), 0.1168960 secs]
   [Parallel Time: 102.7 ms, GC Workers: 13]
      [GC Worker Start (ms): Min: 64868.8, Avg: 64868.9, Max: 64869.0, Diff: 0.1]
      [Ext Root Scanning (ms): Min: 1.3, Avg: 1.4, Max: 1.9, Diff: 0.6, Sum: 18.6]
      [Update RS (ms): Min: 9.0, Avg: 9.6, Max: 10.8, Diff: 1.7, Sum: 125.2]
         [Processed Buffers: Min: 9, Avg: 18.8, Max: 34, Diff: 25, Sum: 244]
      [Scan RS (ms): Min: 9.4, Avg: 10.6, Max: 11.1, Diff: 1.6, Sum: 138.1]
      [Code Root Scanning (ms): Min: 0.0, Avg: 0.0, Max: 0.0, Diff: 0.0, Sum: 0.0]
      [Object Copy (ms): Min: 80.5, Avg: 80.7, Max: 80.9, Diff: 0.4, Sum: 1049.0]
      [Termination (ms): Min: 0.0, Avg: 0.0, Max: 0.0, Diff: 0.0, Sum: 0.0]
      [GC Worker Other (ms): Min: 0.0, Avg: 0.0, Max: 0.1, Diff: 0.1, Sum: 0.5]
      [GC Worker Total (ms): Min: 102.3, Avg: 102.4, Max: 102.5, Diff: 0.2, Sum: 1331.5]
      [GC Worker End (ms): Min: 64971.3, Avg: 64971.3, Max: 64971.4, Diff: 0.1]
   [Code Root Fixup: 0.4 ms]
   [Code Root Migration: 0.0 ms]
   [Clear CT: 2.3 ms]
   [Other: 11.5 ms]
      [Choose CSet: 0.0 ms]
      [Ref Proc: 6.8 ms]
      [Ref Enq: 0.7 ms]
      [Free CSet: 0.7 ms]
   [Eden: 1056.0M(1056.0M)->0.0B(1056.0M) Survivors: 160.0M->160.0M Heap: 9576.0M(24.0G)->8768.0M(24.0G)]
 [Times: user=1.34 sys=0.02, real=0.12 secs] 
2014-04-09T11:09:11.894+0900: 65.856: [GC pause (G1 Evacuation Pause) (young) (initial-mark), 0.1206764 secs]
   [Parallel Time: 106.1 ms, GC Workers: 13]
      [GC Worker Start (ms): Min: 65856.6, Avg: 65856.6, Max: 65856.7, Diff: 0.2]
      [Ext Root Scanning (ms): Min: 1.2, Avg: 1.5, Max: 3.9, Diff: 2.7, Sum: 19.8]
      [Code Root Marking (ms): Min: 0.0, Avg: 0.5, Max: 4.2, Diff: 4.2, Sum: 7.0]
      [Update RS (ms): Min: 6.8, Avg: 10.4, Max: 12.0, Diff: 5.2, Sum: 135.3]
         [Processed Buffers: Min: 11, Avg: 19.5, Max: 40, Diff: 29, Sum: 254]
      [Scan RS (ms): Min: 10.0, Avg: 11.2, Max: 11.7, Diff: 1.7, Sum: 145.8]
      [Code Root Scanning (ms): Min: 0.0, Avg: 0.0, Max: 0.0, Diff: 0.0, Sum: 0.0]
      [Object Copy (ms): Min: 81.7, Avg: 82.0, Max: 82.6, Diff: 0.9, Sum: 1066.6]
      [Termination (ms): Min: 0.0, Avg: 0.0, Max: 0.0, Diff: 0.0, Sum: 0.1]
      [GC Worker Other (ms): Min: 0.0, Avg: 0.0, Max: 0.1, Diff: 0.1, Sum: 0.5]
      [GC Worker Total (ms): Min: 105.7, Avg: 105.8, Max: 105.9, Diff: 0.2, Sum: 1375.0]
      [GC Worker End (ms): Min: 65962.4, Avg: 65962.4, Max: 65962.5, Diff: 0.1]
   [Code Root Fixup: 0.3 ms]
   [Code Root Migration: 0.0 ms]
   [Clear CT: 2.6 ms]
   [Other: 11.7 ms]
      [Choose CSet: 0.0 ms]
      [Ref Proc: 6.6 ms]
      [Ref Enq: 0.7 ms]
      [Free CSet: 0.7 ms]
   [Eden: 1056.0M(1056.0M)->0.0B(1056.0M) Survivors: 160.0M->160.0M Heap: 9824.0M(24.0G)->9000.0M(24.0G)]
 [Times: user=1.40 sys=0.00, real=0.12 secs] 
2014-04-09T11:09:12.015+0900: 65.977: [GC concurrent-root-region-scan-start]
2014-04-09T11:09:12.066+0900: 66.028: [GC concurrent-root-region-scan-end, 0.0506506 secs]
2014-04-09T11:09:12.066+0900: 66.028: [GC concurrent-mark-start]
2014-04-09T11:09:13.227+0900: 67.188: [GC pause (G1 Evacuation Pause) (young), 0.1215687 secs]
   [Parallel Time: 105.6 ms, GC Workers: 13]
      [GC Worker Start (ms): Min: 67188.8, Avg: 67189.0, Max: 67189.2, Diff: 0.4]
      [Ext Root Scanning (ms): Min: 1.2, Avg: 1.5, Max: 1.8, Diff: 0.6, Sum: 19.0]
      [SATB Filtering (ms): Min: 0.0, Avg: 0.2, Max: 2.3, Diff: 2.3, Sum: 2.3]
      [Update RS (ms): Min: 6.4, Avg: 8.5, Max: 9.0, Diff: 2.6, Sum: 110.5]
         [Processed Buffers: Min: 11, Avg: 18.3, Max: 27, Diff: 16, Sum: 238]
      [Scan RS (ms): Min: 10.6, Avg: 11.0, Max: 11.3, Diff: 0.7, Sum: 143.3]
      [Code Root Scanning (ms): Min: 0.0, Avg: 0.0, Max: 0.0, Diff: 0.0, Sum: 0.0]
      [Object Copy (ms): Min: 83.4, Avg: 83.5, Max: 83.6, Diff: 0.2, Sum: 1085.3]
      [Termination (ms): Min: 0.0, Avg: 0.0, Max: 0.0, Diff: 0.0, Sum: 0.0]
      [GC Worker Other (ms): Min: 0.0, Avg: 0.0, Max: 0.1, Diff: 0.1, Sum: 0.6]
      [GC Worker Total (ms): Min: 104.5, Avg: 104.7, Max: 105.0, Diff: 0.5, Sum: 1361.2]
      [GC Worker End (ms): Min: 67293.7, Avg: 67293.7, Max: 67293.8, Diff: 0.1]
   [Code Root Fixup: 0.4 ms]
   [Code Root Migration: 0.0 ms]
   [Clear CT: 3.0 ms]
   [Other: 12.6 ms]
      [Choose CSet: 0.0 ms]
      [Ref Proc: 7.5 ms]
      [Ref Enq: 0.8 ms]
      [Free CSet: 0.9 ms]
   [Eden: 1056.0M(1056.0M)->0.0B(1056.0M) Survivors: 160.0M->160.0M Heap: 10056.0M(24.0G)->9248.0M(24.0G)]
 [Times: user=1.36 sys=0.04, real=0.12 secs] 
2014-04-09T11:09:13.582+0900: 67.543: [GC concurrent-mark-end, 1.5155315 secs]
2014-04-09T11:09:13.583+0900: 67.545: [GC remark 67.592: [GC ref-proc, 0.0125334 secs], 0.0833828 secs]
 [Times: user=0.83 sys=0.00, real=0.09 secs] 
2014-04-09T11:09:13.669+0900: 67.630: [GC cleanup 9479M->9479M(24G), 0.0196142 secs]
 [Times: user=0.23 sys=0.00, real=0.02 secs] 
2014-04-09T11:09:14.401+0900: 68.363: [GC pause (G1 Evacuation Pause) (young), 0.1318623 secs]
   [Parallel Time: 116.4 ms, GC Workers: 13]
      [GC Worker Start (ms): Min: 68363.0, Avg: 68363.1, Max: 68363.2, Diff: 0.2]
      [Ext Root Scanning (ms): Min: 1.1, Avg: 1.4, Max: 2.3, Diff: 1.2, Sum: 18.8]
      [Update RS (ms): Min: 11.9, Avg: 18.5, Max: 39.8, Diff: 27.8, Sum: 240.8]
         [Processed Buffers: Min: 0, Avg: 17.8, Max: 40, Diff: 40, Sum: 232]
      [Scan RS (ms): Min: 0.0, Avg: 10.9, Max: 15.3, Diff: 15.3, Sum: 141.3]
      [Code Root Scanning (ms): Min: 0.0, Avg: 0.0, Max: 0.0, Diff: 0.0, Sum: 0.0]
      [Object Copy (ms): Min: 75.0, Avg: 85.4, Max: 87.0, Diff: 12.0, Sum: 1109.9]
      [Termination (ms): Min: 0.0, Avg: 0.0, Max: 0.0, Diff: 0.0, Sum: 0.1]
      [GC Worker Other (ms): Min: 0.0, Avg: 0.0, Max: 0.1, Diff: 0.1, Sum: 0.6]
      [GC Worker Total (ms): Min: 116.2, Avg: 116.3, Max: 116.3, Diff: 0.2, Sum: 1511.5]
      [GC Worker End (ms): Min: 68479.3, Avg: 68479.3, Max: 68479.4, Diff: 0.1]
   [Code Root Fixup: 0.4 ms]
   [Code Root Migration: 0.0 ms]
   [Clear CT: 2.5 ms]
   [Other: 12.5 ms]
      [Choose CSet: 0.0 ms]
      [Ref Proc: 7.3 ms]
      [Ref Enq: 1.0 ms]
      [Free CSet: 0.7 ms]
   [Eden: 1056.0M(1056.0M)->0.0B(1056.0M) Survivors: 160.0M->160.0M Heap: 10.1G(24.0G)->9480.0M(24.0G)]
 [Times: user=1.49 sys=0.06, real=0.13 secs] 
2014-04-09T11:09:15.435+0900: 69.396: [GC pause (G1 Evacuation Pause) (mixed), 0.1576680 secs]
   [Parallel Time: 138.4 ms, GC Workers: 13]
      [GC Worker Start (ms): Min: 69396.8, Avg: 69396.9, Max: 69397.0, Diff: 0.1]
      [Ext Root Scanning (ms): Min: 1.3, Avg: 1.4, Max: 2.0, Diff: 0.7, Sum: 18.4]
      [Update RS (ms): Min: 8.2, Avg: 9.5, Max: 10.2, Diff: 2.1, Sum: 123.7]
         [Processed Buffers: Min: 9, Avg: 18.3, Max: 32, Diff: 23, Sum: 238]
      [Scan RS (ms): Min: 24.9, Avg: 25.6, Max: 26.0, Diff: 1.1, Sum: 332.2]
      [Code Root Scanning (ms): Min: 0.0, Avg: 0.0, Max: 0.0, Diff: 0.0, Sum: 0.1]
      [Object Copy (ms): Min: 101.4, Avg: 101.6, Max: 102.0, Diff: 0.5, Sum: 1320.7]
      [Termination (ms): Min: 0.0, Avg: 0.0, Max: 0.0, Diff: 0.0, Sum: 0.1]
      [GC Worker Other (ms): Min: 0.0, Avg: 0.0, Max: 0.1, Diff: 0.1, Sum: 0.5]
      [GC Worker Total (ms): Min: 138.1, Avg: 138.1, Max: 138.2, Diff: 0.2, Sum: 1795.7]
      [GC Worker End (ms): Min: 69535.0, Avg: 69535.0, Max: 69535.1, Diff: 0.1]
   [Code Root Fixup: 0.4 ms]
   [Code Root Migration: 0.0 ms]
   [Clear CT: 2.5 ms]
   [Other: 16.3 ms]
      [Choose CSet: 0.2 ms]
      [Ref Proc: 8.4 ms]
      [Ref Enq: 1.3 ms]
      [Free CSet: 1.4 ms]
   [Eden: 1056.0M(1056.0M)->0.0B(1056.0M) Survivors: 160.0M->160.0M Heap: 10.3G(24.0G)->9120.0M(24.0G)]
 [Times: user=1.76 sys=0.07, real=0.15 secs] 
2014-04-09T11:09:16.539+0900: 70.501: [GC pause (G1 Evacuation Pause) (mixed), 0.1416454 secs]
   [Parallel Time: 124.9 ms, GC Workers: 13]
      [GC Worker Start (ms): Min: 70501.0, Avg: 70501.1, Max: 70501.2, Diff: 0.2]
      [Ext Root Scanning (ms): Min: 1.3, Avg: 1.5, Max: 2.0, Diff: 0.6, Sum: 19.1]
      [Update RS (ms): Min: 10.5, Avg: 13.1, Max: 40.8, Diff: 30.3, Sum: 170.0]
         [Processed Buffers: Min: 7, Avg: 18.3, Max: 25, Diff: 18, Sum: 238]
      [Scan RS (ms): Min: 0.0, Avg: 17.3, Max: 19.2, Diff: 19.2, Sum: 224.8]
      [Code Root Scanning (ms): Min: 0.0, Avg: 0.0, Max: 0.0, Diff: 0.0, Sum: 0.0]
      [Object Copy (ms): Min: 81.9, Avg: 92.3, Max: 93.6, Diff: 11.7, Sum: 1200.2]
      [Termination (ms): Min: 0.0, Avg: 0.4, Max: 0.5, Diff: 0.5, Sum: 5.7]
      [GC Worker Other (ms): Min: 0.0, Avg: 0.0, Max: 0.1, Diff: 0.0, Sum: 0.5]
      [GC Worker Total (ms): Min: 124.6, Avg: 124.6, Max: 124.7, Diff: 0.2, Sum: 1620.3]
      [GC Worker End (ms): Min: 70625.7, Avg: 70625.7, Max: 70625.7, Diff: 0.0]
   [Code Root Fixup: 0.4 ms]
   [Code Root Migration: 0.0 ms]
   [Clear CT: 2.7 ms]
   [Other: 13.6 ms]
      [Choose CSet: 0.1 ms]
      [Ref Proc: 7.5 ms]
      [Ref Enq: 1.0 ms]
      [Free CSet: 0.9 ms]
   [Eden: 1056.0M(1056.0M)->0.0B(1056.0M) Survivors: 160.0M->160.0M Heap: 10176.0M(24.0G)->9168.0M(24.0G)]
 [Times: user=1.63 sys=0.02, real=0.14 secs] 
2014-04-09T11:09:17.590+0900: 71.552: [GC pause (G1 Evacuation Pause) (young), 0.1214681 secs]
   [Parallel Time: 106.9 ms, GC Workers: 13]
      [GC Worker Start (ms): Min: 71551.9, Avg: 71552.0, Max: 71552.1, Diff: 0.1]
      [Ext Root Scanning (ms): Min: 1.3, Avg: 1.5, Max: 2.0, Diff: 0.7, Sum: 18.9]
      [Update RS (ms): Min: 8.6, Avg: 9.0, Max: 9.6, Diff: 1.0, Sum: 117.2]
         [Processed Buffers: Min: 9, Avg: 18.5, Max: 32, Diff: 23, Sum: 241]
      [Scan RS (ms): Min: 12.4, Avg: 13.0, Max: 13.4, Diff: 1.0, Sum: 169.1]
      [Code Root Scanning (ms): Min: 0.0, Avg: 0.0, Max: 0.0, Diff: 0.0, Sum: 0.0]
      [Object Copy (ms): Min: 82.6, Avg: 82.7, Max: 83.3, Diff: 0.7, Sum: 1075.4]
      [Termination (ms): Min: 0.0, Avg: 0.4, Max: 0.5, Diff: 0.4, Sum: 5.5]
      [GC Worker Other (ms): Min: 0.0, Avg: 0.0, Max: 0.1, Diff: 0.1, Sum: 0.5]
      [GC Worker Total (ms): Min: 106.6, Avg: 106.7, Max: 106.8, Diff: 0.2, Sum: 1386.6]
      [GC Worker End (ms): Min: 71658.6, Avg: 71658.7, Max: 71658.7, Diff: 0.1]
   [Code Root Fixup: 0.3 ms]
   [Code Root Migration: 0.0 ms]
   [Clear CT: 2.5 ms]
   [Other: 11.7 ms]
      [Choose CSet: 0.0 ms]
      [Ref Proc: 6.7 ms]
      [Ref Enq: 0.7 ms]
      [Free CSet: 0.7 ms]
   [Eden: 1056.0M(1056.0M)->0.0B(1056.0M) Survivors: 160.0M->160.0M Heap: 10224.0M(24.0G)->9400.0M(24.0G)]
 [Times: user=1.40 sys=0.01, real=0.12 secs] 
2014-04-09T11:09:18.605+0900: 72.567: [GC pause (G1 Evacuation Pause) (young) (initial-mark), 0.1207621 secs]
   [Parallel Time: 105.2 ms, GC Workers: 13]
      [GC Worker Start (ms): Min: 72567.4, Avg: 72567.5, Max: 72567.5, Diff: 0.1]
      [Ext Root Scanning (ms): Min: 1.1, Avg: 1.4, Max: 3.1, Diff: 2.0, Sum: 18.4]
      [Code Root Marking (ms): Min: 0.0, Avg: 0.6, Max: 4.3, Diff: 4.3, Sum: 7.3]
      [Update RS (ms): Min: 6.0, Avg: 9.8, Max: 10.8, Diff: 4.8, Sum: 127.3]
         [Processed Buffers: Min: 9, Avg: 18.5, Max: 31, Diff: 22, Sum: 240]
      [Scan RS (ms): Min: 11.9, Avg: 12.5, Max: 12.9, Diff: 1.0, Sum: 162.2]
      [Code Root Scanning (ms): Min: 0.0, Avg: 0.0, Max: 0.0, Diff: 0.0, Sum: 0.0]
      [Object Copy (ms): Min: 80.4, Avg: 80.6, Max: 81.2, Diff: 0.8, Sum: 1048.3]
      [Termination (ms): Min: 0.0, Avg: 0.0, Max: 0.0, Diff: 0.0, Sum: 0.0]
      [GC Worker Other (ms): Min: 0.0, Avg: 0.0, Max: 0.1, Diff: 0.1, Sum: 0.5]
      [GC Worker Total (ms): Min: 104.8, Avg: 104.9, Max: 105.0, Diff: 0.2, Sum: 1364.1]
      [GC Worker End (ms): Min: 72672.4, Avg: 72672.4, Max: 72672.4, Diff: 0.1]
   [Code Root Fixup: 0.5 ms]
   [Code Root Migration: 0.0 ms]
   [Clear CT: 2.6 ms]
   [Other: 12.5 ms]
      [Choose CSet: 0.0 ms]
      [Ref Proc: 6.9 ms]
      [Ref Enq: 0.7 ms]
      [Free CSet: 0.7 ms]
   [Eden: 1056.0M(1056.0M)->0.0B(1056.0M) Survivors: 160.0M->160.0M Heap: 10.2G(24.0G)->9624.0M(24.0G)]
 [Times: user=1.39 sys=0.01, real=0.12 secs] 
2014-04-09T11:09:18.726+0900: 72.688: [GC concurrent-root-region-scan-start]
2014-04-09T11:09:18.769+0900: 72.730: [GC concurrent-root-region-scan-end, 0.0423112 secs]
2014-04-09T11:09:18.769+0900: 72.730: [GC concurrent-mark-start]
2014-04-09T11:09:19.911+0900: 73.872: [GC pause (G1 Evacuation Pause) (young), 0.1160218 secs]
   [Parallel Time: 101.0 ms, GC Workers: 13]
      [GC Worker Start (ms): Min: 73872.5, Avg: 73872.6, Max: 73872.6, Diff: 0.1]
      [Ext Root Scanning (ms): Min: 1.3, Avg: 1.4, Max: 1.9, Diff: 0.6, Sum: 18.7]
      [SATB Filtering (ms): Min: 0.0, Avg: 0.2, Max: 2.4, Diff: 2.4, Sum: 2.4]
      [Update RS (ms): Min: 8.3, Avg: 10.2, Max: 11.2, Diff: 2.9, Sum: 132.5]
         [Processed Buffers: Min: 10, Avg: 19.4, Max: 31, Diff: 21, Sum: 252]
      [Scan RS (ms): Min: 11.3, Avg: 12.2, Max: 12.6, Diff: 1.2, Sum: 158.4]
      [Code Root Scanning (ms): Min: 0.0, Avg: 0.0, Max: 0.0, Diff: 0.0, Sum: 0.0]
      [Object Copy (ms): Min: 76.5, Avg: 76.7, Max: 76.8, Diff: 0.3, Sum: 996.6]
      [Termination (ms): Min: 0.0, Avg: 0.0, Max: 0.0, Diff: 0.0, Sum: 0.0]
      [GC Worker Other (ms): Min: 0.0, Avg: 0.1, Max: 0.1, Diff: 0.1, Sum: 0.7]
      [GC Worker Total (ms): Min: 100.6, Avg: 100.7, Max: 100.8, Diff: 0.2, Sum: 1309.4]
      [GC Worker End (ms): Min: 73973.3, Avg: 73973.3, Max: 73973.4, Diff: 0.1]
   [Code Root Fixup: 0.4 ms]
   [Code Root Migration: 0.0 ms]
   [Clear CT: 2.7 ms]
   [Other: 11.8 ms]
      [Choose CSet: 0.0 ms]
      [Ref Proc: 6.7 ms]
      [Ref Enq: 0.7 ms]
      [Free CSet: 0.7 ms]
   [Eden: 1056.0M(1056.0M)->0.0B(1056.0M) Survivors: 160.0M->160.0M Heap: 10.4G(24.0G)->9872.0M(24.0G)]
 [Times: user=1.33 sys=0.02, real=0.12 secs] 
2014-04-09T11:09:20.625+0900: 74.586: [GC concurrent-mark-end, 1.8562058 secs]
2014-04-09T11:09:20.626+0900: 74.588: [GC remark 74.627: [GC ref-proc, 0.0116868 secs], 0.0762022 secs]
 [Times: user=0.76 sys=0.01, real=0.07 secs] 
2014-04-09T11:09:20.704+0900: 74.666: [GC cleanup 10G->10G(24G), 0.0207165 secs]
 [Times: user=0.25 sys=0.00, real=0.02 secs] 
2014-04-09T11:09:21.171+0900: 75.133: [GC pause (G1 Evacuation Pause) (young), 0.1232809 secs]
   [Parallel Time: 107.9 ms, GC Workers: 13]
      [GC Worker Start (ms): Min: 75133.3, Avg: 75133.4, Max: 75133.5, Diff: 0.1]
      [Ext Root Scanning (ms): Min: 1.3, Avg: 1.4, Max: 1.7, Diff: 0.4, Sum: 18.3]
      [Update RS (ms): Min: 8.9, Avg: 9.7, Max: 10.2, Diff: 1.4, Sum: 125.6]
         [Processed Buffers: Min: 9, Avg: 19.0, Max: 31, Diff: 22, Sum: 247]
      [Scan RS (ms): Min: 11.4, Avg: 11.9, Max: 12.5, Diff: 1.1, Sum: 155.2]
      [Code Root Scanning (ms): Min: 0.0, Avg: 0.0, Max: 0.0, Diff: 0.0, Sum: 0.0]
      [Object Copy (ms): Min: 84.4, Avg: 84.6, Max: 84.7, Diff: 0.3, Sum: 1099.6]
      [Termination (ms): Min: 0.0, Avg: 0.0, Max: 0.0, Diff: 0.0, Sum: 0.1]
      [GC Worker Other (ms): Min: 0.0, Avg: 0.0, Max: 0.1, Diff: 0.0, Sum: 0.5]
      [GC Worker Total (ms): Min: 107.5, Avg: 107.6, Max: 107.7, Diff: 0.1, Sum: 1399.2]
      [GC Worker End (ms): Min: 75241.0, Avg: 75241.0, Max: 75241.1, Diff: 0.1]
   [Code Root Fixup: 0.5 ms]
   [Code Root Migration: 0.0 ms]
   [Clear CT: 2.9 ms]
   [Other: 11.9 ms]
      [Choose CSet: 0.0 ms]
      [Ref Proc: 6.6 ms]
      [Ref Enq: 1.0 ms]
      [Free CSet: 0.7 ms]
   [Eden: 1056.0M(1056.0M)->0.0B(1056.0M) Survivors: 160.0M->160.0M Heap: 10.7G(24.0G)->10112.0M(24.0G)]
 [Times: user=1.38 sys=0.06, real=0.13 secs] 
2014-04-09T11:09:22.218+0900: 76.179: [GC pause (G1 Evacuation Pause) (mixed), 0.1636252 secs]
   [Parallel Time: 143.1 ms, GC Workers: 13]
      [GC Worker Start (ms): Min: 76179.8, Avg: 76179.9, Max: 76179.9, Diff: 0.2]
      [Ext Root Scanning (ms): Min: 0.9, Avg: 1.4, Max: 2.1, Diff: 1.2, Sum: 17.9]
      [Update RS (ms): Min: 9.2, Avg: 9.9, Max: 10.8, Diff: 1.6, Sum: 128.4]
         [Processed Buffers: Min: 12, Avg: 18.9, Max: 35, Diff: 23, Sum: 246]
      [Scan RS (ms): Min: 24.9, Avg: 25.8, Max: 27.1, Diff: 2.2, Sum: 335.7]
      [Code Root Scanning (ms): Min: 0.0, Avg: 0.0, Max: 0.0, Diff: 0.0, Sum: 0.0]
      [Object Copy (ms): Min: 104.7, Avg: 105.7, Max: 106.3, Diff: 1.6, Sum: 1374.3]
      [Termination (ms): Min: 0.0, Avg: 0.0, Max: 0.0, Diff: 0.0, Sum: 0.0]
      [GC Worker Other (ms): Min: 0.0, Avg: 0.0, Max: 0.1, Diff: 0.1, Sum: 0.5]
      [GC Worker Total (ms): Min: 142.7, Avg: 142.8, Max: 142.9, Diff: 0.2, Sum: 1856.9]
      [GC Worker End (ms): Min: 76322.7, Avg: 76322.7, Max: 76322.7, Diff: 0.1]
   [Code Root Fixup: 0.4 ms]
   [Code Root Migration: 0.0 ms]
   [Clear CT: 2.9 ms]
   [Other: 17.2 ms]
      [Choose CSet: 0.2 ms]
      [Ref Proc: 8.3 ms]
      [Ref Enq: 1.4 ms]
      [Free CSet: 1.5 ms]
   [Eden: 1056.0M(1056.0M)->0.0B(1056.0M) Survivors: 160.0M->160.0M Heap: 10.9G(24.0G)->9792.0M(24.0G)]
 [Times: user=1.81 sys=0.10, real=0.16 secs] 
2014-04-09T11:09:23.333+0900: 77.295: [GC pause (G1 Evacuation Pause) (mixed), 0.1225878 secs]
   [Parallel Time: 106.8 ms, GC Workers: 13]
      [GC Worker Start (ms): Min: 77295.3, Avg: 77295.3, Max: 77295.4, Diff: 0.1]
      [Ext Root Scanning (ms): Min: 1.2, Avg: 1.3, Max: 2.1, Diff: 0.9, Sum: 16.9]
      [Update RS (ms): Min: 10.4, Avg: 11.2, Max: 12.3, Diff: 1.9, Sum: 145.6]
         [Processed Buffers: Min: 15, Avg: 19.8, Max: 27, Diff: 12, Sum: 257]
      [Scan RS (ms): Min: 12.6, Avg: 13.5, Max: 14.2, Diff: 1.6, Sum: 175.7]
      [Code Root Scanning (ms): Min: 0.0, Avg: 0.0, Max: 0.0, Diff: 0.0, Sum: 0.0]
      [Object Copy (ms): Min: 80.1, Avg: 80.4, Max: 80.7, Diff: 0.5, Sum: 1045.5]
      [Termination (ms): Min: 0.0, Avg: 0.0, Max: 0.1, Diff: 0.1, Sum: 0.6]
      [GC Worker Other (ms): Min: 0.0, Avg: 0.0, Max: 0.1, Diff: 0.1, Sum: 0.5]
      [GC Worker Total (ms): Min: 106.4, Avg: 106.5, Max: 106.6, Diff: 0.2, Sum: 1384.8]
      [GC Worker End (ms): Min: 77401.8, Avg: 77401.8, Max: 77401.9, Diff: 0.1]
   [Code Root Fixup: 0.4 ms]
   [Code Root Migration: 0.0 ms]
   [Clear CT: 2.7 ms]
   [Other: 12.6 ms]
      [Choose CSet: 0.1 ms]
      [Ref Proc: 6.6 ms]
      [Ref Enq: 1.0 ms]
      [Free CSet: 0.8 ms]
   [Eden: 1056.0M(1056.0M)->0.0B(1056.0M) Survivors: 160.0M->160.0M Heap: 10.6G(24.0G)->9976.0M(24.0G)]
 [Times: user=1.40 sys=0.02, real=0.13 secs] 
2014-04-09T11:09:24.352+0900: 78.313: [GC pause (G1 Evacuation Pause) (young), 0.1229977 secs]
   [Parallel Time: 107.8 ms, GC Workers: 13]
      [GC Worker Start (ms): Min: 78313.6, Avg: 78313.7, Max: 78313.8, Diff: 0.1]
      [Ext Root Scanning (ms): Min: 1.1, Avg: 1.2, Max: 1.5, Diff: 0.4, Sum: 16.1]
      [Update RS (ms): Min: 10.0, Avg: 10.7, Max: 11.6, Diff: 1.6, Sum: 139.4]
         [Processed Buffers: Min: 13, Avg: 19.6, Max: 35, Diff: 22, Sum: 255]
      [Scan RS (ms): Min: 11.9, Avg: 12.7, Max: 13.1, Diff: 1.3, Sum: 164.7]
      [Code Root Scanning (ms): Min: 0.0, Avg: 0.0, Max: 0.0, Diff: 0.0, Sum: 0.0]
      [Object Copy (ms): Min: 82.6, Avg: 82.7, Max: 82.9, Diff: 0.3, Sum: 1075.7]
      [Termination (ms): Min: 0.0, Avg: 0.1, Max: 0.2, Diff: 0.1, Sum: 1.5]
      [GC Worker Other (ms): Min: 0.0, Avg: 0.0, Max: 0.1, Diff: 0.1, Sum: 0.6]
      [GC Worker Total (ms): Min: 107.4, Avg: 107.5, Max: 107.6, Diff: 0.2, Sum: 1397.9]
      [GC Worker End (ms): Min: 78421.2, Avg: 78421.2, Max: 78421.3, Diff: 0.1]
   [Code Root Fixup: 0.4 ms]
   [Code Root Migration: 0.0 ms]
   [Clear CT: 2.8 ms]
   [Other: 11.9 ms]
      [Choose CSet: 0.0 ms]
      [Ref Proc: 6.6 ms]
      [Ref Enq: 0.6 ms]
      [Free CSet: 0.7 ms]
   [Eden: 1056.0M(1056.0M)->0.0B(1056.0M) Survivors: 160.0M->160.0M Heap: 10.8G(24.0G)->10224.0M(24.0G)]
 [Times: user=1.44 sys=0.00, real=0.13 secs] 
2014-04-09T11:09:25.389+0900: 79.350: [GC pause (G1 Evacuation Pause) (young) (initial-mark), 0.1215485 secs]
   [Parallel Time: 106.2 ms, GC Workers: 13]
      [GC Worker Start (ms): Min: 79350.8, Avg: 79350.8, Max: 79350.9, Diff: 0.1]
      [Ext Root Scanning (ms): Min: 1.0, Avg: 1.3, Max: 3.5, Diff: 2.6, Sum: 16.6]
      [Code Root Marking (ms): Min: 0.0, Avg: 0.7, Max: 6.2, Diff: 6.2, Sum: 8.8]
      [Update RS (ms): Min: 4.4, Avg: 10.0, Max: 11.6, Diff: 7.1, Sum: 130.2]
         [Processed Buffers: Min: 10, Avg: 18.8, Max: 32, Diff: 22, Sum: 244]
      [Scan RS (ms): Min: 11.8, Avg: 12.6, Max: 13.0, Diff: 1.2, Sum: 163.6]
      [Code Root Scanning (ms): Min: 0.0, Avg: 0.0, Max: 0.0, Diff: 0.0, Sum: 0.0]
      [Object Copy (ms): Min: 81.2, Avg: 81.3, Max: 81.8, Diff: 0.6, Sum: 1056.8]
      [Termination (ms): Min: 0.0, Avg: 0.0, Max: 0.0, Diff: 0.0, Sum: 0.0]
      [GC Worker Other (ms): Min: 0.0, Avg: 0.0, Max: 0.1, Diff: 0.1, Sum: 0.5]
      [GC Worker Total (ms): Min: 105.8, Avg: 105.9, Max: 106.0, Diff: 0.2, Sum: 1376.7]
      [GC Worker End (ms): Min: 79456.7, Avg: 79456.7, Max: 79456.8, Diff: 0.1]
   [Code Root Fixup: 0.5 ms]
   [Code Root Migration: 0.0 ms]
   [Clear CT: 2.6 ms]
   [Other: 12.3 ms]
      [Choose CSet: 0.0 ms]
      [Ref Proc: 6.6 ms]
      [Ref Enq: 0.6 ms]
      [Free CSet: 0.7 ms]
   [Eden: 1056.0M(1056.0M)->0.0B(1056.0M) Survivors: 160.0M->160.0M Heap: 11.0G(24.0G)->10.2G(24.0G)]
 [Times: user=1.40 sys=0.01, real=0.12 secs] 
2014-04-09T11:09:25.510+0900: 79.472: [GC concurrent-root-region-scan-start]
2014-04-09T11:09:25.556+0900: 79.518: [GC concurrent-root-region-scan-end, 0.0455724 secs]
2014-04-09T11:09:25.556+0900: 79.518: [GC concurrent-mark-start]
2014-04-09T11:09:26.745+0900: 80.706: [GC pause (G1 Evacuation Pause) (young), 0.1228321 secs]
   [Parallel Time: 107.2 ms, GC Workers: 13]
      [GC Worker Start (ms): Min: 80706.8, Avg: 80706.9, Max: 80706.9, Diff: 0.1]
      [Ext Root Scanning (ms): Min: 0.8, Avg: 1.2, Max: 1.5, Diff: 0.8, Sum: 15.3]
      [SATB Filtering (ms): Min: 0.0, Avg: 0.1, Max: 1.6, Diff: 1.6, Sum: 1.6]
      [Update RS (ms): Min: 6.8, Avg: 8.0, Max: 8.9, Diff: 2.0, Sum: 103.4]
         [Processed Buffers: Min: 9, Avg: 16.5, Max: 30, Diff: 21, Sum: 215]
      [Scan RS (ms): Min: 12.6, Avg: 13.4, Max: 14.0, Diff: 1.4, Sum: 173.6]
      [Code Root Scanning (ms): Min: 0.0, Avg: 0.0, Max: 0.0, Diff: 0.0, Sum: 0.0]
      [Object Copy (ms): Min: 83.8, Avg: 84.3, Max: 84.9, Diff: 1.1, Sum: 1095.3]
      [Termination (ms): Min: 0.0, Avg: 0.0, Max: 0.0, Diff: 0.0, Sum: 0.3]
      [GC Worker Other (ms): Min: 0.0, Avg: 0.0, Max: 0.1, Diff: 0.0, Sum: 0.4]
      [GC Worker Total (ms): Min: 106.9, Avg: 106.9, Max: 107.0, Diff: 0.1, Sum: 1390.0]
      [GC Worker End (ms): Min: 80813.8, Avg: 80813.8, Max: 80813.8, Diff: 0.0]
   [Code Root Fixup: 0.4 ms]
   [Code Root Migration: 0.0 ms]
   [Clear CT: 3.0 ms]
   [Other: 12.2 ms]
      [Choose CSet: 0.0 ms]
      [Ref Proc: 6.8 ms]
      [Ref Enq: 0.7 ms]
      [Free CSet: 0.8 ms]
   [Eden: 1056.0M(1056.0M)->0.0B(1056.0M) Survivors: 160.0M->160.0M Heap: 11.3G(24.0G)->10.5G(24.0G)]
 [Times: user=1.37 sys=0.06, real=0.13 secs] 
2014-04-09T11:09:27.497+0900: 81.458: [GC concurrent-mark-end, 1.9406744 secs]
2014-04-09T11:09:27.498+0900: 81.460: [GC remark 81.500: [GC ref-proc, 0.0120421 secs], 0.0795683 secs]
 [Times: user=0.79 sys=0.00, real=0.08 secs] 
2014-04-09T11:09:27.579+0900: 81.541: [GC cleanup 10G->10G(24G), 0.0222431 secs]
 [Times: user=0.27 sys=0.00, real=0.02 secs] 
2014-04-09T11:09:28.062+0900: 82.023: [GC pause (G1 Evacuation Pause) (young), 0.1294351 secs]
   [Parallel Time: 113.2 ms, GC Workers: 13]
      [GC Worker Start (ms): Min: 82023.6, Avg: 82023.6, Max: 82023.7, Diff: 0.1]
      [Ext Root Scanning (ms): Min: 0.8, Avg: 1.2, Max: 1.8, Diff: 1.0, Sum: 16.1]
      [Update RS (ms): Min: 8.7, Avg: 9.0, Max: 9.8, Diff: 1.1, Sum: 117.5]
         [Processed Buffers: Min: 7, Avg: 17.8, Max: 27, Diff: 20, Sum: 231]
      [Scan RS (ms): Min: 12.4, Avg: 13.1, Max: 13.6, Diff: 1.3, Sum: 170.7]
      [Code Root Scanning (ms): Min: 0.0, Avg: 0.0, Max: 0.0, Diff: 0.0, Sum: 0.0]
      [Object Copy (ms): Min: 89.2, Avg: 89.5, Max: 90.0, Diff: 0.8, Sum: 1163.7]
      [Termination (ms): Min: 0.0, Avg: 0.0, Max: 0.0, Diff: 0.0, Sum: 0.1]
      [GC Worker Other (ms): Min: 0.0, Avg: 0.0, Max: 0.1, Diff: 0.0, Sum: 0.5]
      [GC Worker Total (ms): Min: 112.9, Avg: 113.0, Max: 113.0, Diff: 0.1, Sum: 1468.6]
      [GC Worker End (ms): Min: 82136.6, Avg: 82136.6, Max: 82136.6, Diff: 0.1]
   [Code Root Fixup: 0.4 ms]
   [Code Root Migration: 0.0 ms]
   [Clear CT: 3.1 ms]
   [Other: 12.7 ms]
      [Choose CSet: 0.0 ms]
      [Ref Proc: 7.1 ms]
      [Ref Enq: 0.9 ms]
      [Free CSet: 0.8 ms]
   [Eden: 1056.0M(1056.0M)->0.0B(1056.0M) Survivors: 160.0M->160.0M Heap: 11.5G(24.0G)->10.7G(24.0G)]
 [Times: user=1.45 sys=0.07, real=0.13 secs] 
2014-04-09T11:09:29.075+0900: 83.037: [GC pause (G1 Evacuation Pause) (mixed), 0.1645615 secs]
   [Parallel Time: 142.9 ms, GC Workers: 13]
      [GC Worker Start (ms): Min: 83037.2, Avg: 83037.3, Max: 83037.4, Diff: 0.1]
      [Ext Root Scanning (ms): Min: 0.8, Avg: 1.2, Max: 2.1, Diff: 1.3, Sum: 15.8]
      [Update RS (ms): Min: 7.5, Avg: 8.6, Max: 9.8, Diff: 2.3, Sum: 112.0]
         [Processed Buffers: Min: 10, Avg: 17.8, Max: 31, Diff: 21, Sum: 231]
      [Scan RS (ms): Min: 29.4, Avg: 30.5, Max: 30.9, Diff: 1.5, Sum: 396.9]
      [Code Root Scanning (ms): Min: 0.0, Avg: 0.0, Max: 0.0, Diff: 0.0, Sum: 0.1]
      [Object Copy (ms): Min: 102.0, Avg: 102.2, Max: 102.7, Diff: 0.7, Sum: 1329.1]
      [Termination (ms): Min: 0.0, Avg: 0.0, Max: 0.0, Diff: 0.0, Sum: 0.0]
      [GC Worker Other (ms): Min: 0.0, Avg: 0.0, Max: 0.1, Diff: 0.1, Sum: 0.5]
      [GC Worker Total (ms): Min: 142.6, Avg: 142.6, Max: 142.7, Diff: 0.1, Sum: 1854.3]
      [GC Worker End (ms): Min: 83179.9, Avg: 83180.0, Max: 83180.0, Diff: 0.1]
   [Code Root Fixup: 0.5 ms]
   [Code Root Migration: 0.0 ms]
   [Clear CT: 3.2 ms]
   [Other: 17.9 ms]
      [Choose CSet: 0.2 ms]
      [Ref Proc: 8.3 ms]
      [Ref Enq: 1.4 ms]
      [Free CSet: 1.5 ms]
   [Eden: 1056.0M(1056.0M)->0.0B(1056.0M) Survivors: 160.0M->160.0M Heap: 11.7G(24.0G)->10.3G(24.0G)]
 [Times: user=1.83 sys=0.08, real=0.17 secs] 
2014-04-09T11:09:30.257+0900: 84.218: [GC pause (G1 Evacuation Pause) (mixed), 0.1451422 secs]
   [Parallel Time: 126.4 ms, GC Workers: 13]
      [GC Worker Start (ms): Min: 84218.7, Avg: 84218.8, Max: 84218.8, Diff: 0.1]
      [Ext Root Scanning (ms): Min: 0.9, Avg: 1.3, Max: 2.1, Diff: 1.3, Sum: 17.2]
      [Update RS (ms): Min: 10.2, Avg: 15.2, Max: 38.3, Diff: 28.0, Sum: 197.3]
         [Processed Buffers: Min: 0, Avg: 19.6, Max: 40, Diff: 40, Sum: 255]
      [Scan RS (ms): Min: 0.0, Avg: 20.3, Max: 24.5, Diff: 24.4, Sum: 264.3]
      [Code Root Scanning (ms): Min: 0.0, Avg: 0.0, Max: 0.0, Diff: 0.0, Sum: 0.0]
      [Object Copy (ms): Min: 86.1, Avg: 88.9, Max: 89.6, Diff: 3.5, Sum: 1155.8]
      [Termination (ms): Min: 0.0, Avg: 0.4, Max: 0.4, Diff: 0.4, Sum: 4.8]
      [GC Worker Other (ms): Min: 0.0, Avg: 0.0, Max: 0.0, Diff: 0.0, Sum: 0.3]
      [GC Worker Total (ms): Min: 126.1, Avg: 126.1, Max: 126.2, Diff: 0.1, Sum: 1639.8]
      [GC Worker End (ms): Min: 84344.9, Avg: 84344.9, Max: 84344.9, Diff: 0.0]
   [Code Root Fixup: 0.3 ms]
   [Code Root Migration: 0.0 ms]
   [Clear CT: 3.2 ms]
   [Other: 15.3 ms]
      [Choose CSet: 0.1 ms]
      [Ref Proc: 7.3 ms]
      [Ref Enq: 1.1 ms]
      [Free CSet: 1.1 ms]
   [Eden: 1056.0M(1056.0M)->0.0B(1056.0M) Survivors: 160.0M->160.0M Heap: 11.4G(24.0G)->10.4G(24.0G)]
 [Times: user=1.64 sys=0.05, real=0.14 secs] 
2014-04-09T11:09:31.316+0900: 85.277: [GC pause (G1 Evacuation Pause) (young), 0.1187887 secs]
   [Parallel Time: 102.6 ms, GC Workers: 13]
      [GC Worker Start (ms): Min: 85277.8, Avg: 85277.9, Max: 85278.0, Diff: 0.2]
      [Ext Root Scanning (ms): Min: 1.2, Avg: 1.3, Max: 1.9, Diff: 0.7, Sum: 17.5]
      [Update RS (ms): Min: 8.6, Avg: 9.5, Max: 10.8, Diff: 2.1, Sum: 123.7]
         [Processed Buffers: Min: 9, Avg: 19.3, Max: 50, Diff: 41, Sum: 251]
      [Scan RS (ms): Min: 11.3, Avg: 12.4, Max: 12.8, Diff: 1.5, Sum: 161.6]
      [Code Root Scanning (ms): Min: 0.0, Avg: 0.0, Max: 0.0, Diff: 0.0, Sum: 0.0]
      [Object Copy (ms): Min: 78.7, Avg: 79.0, Max: 79.2, Diff: 0.5, Sum: 1026.8]
      [Termination (ms): Min: 0.0, Avg: 0.0, Max: 0.0, Diff: 0.0, Sum: 0.0]
      [GC Worker Other (ms): Min: 0.0, Avg: 0.0, Max: 0.1, Diff: 0.1, Sum: 0.6]
      [GC Worker Total (ms): Min: 102.2, Avg: 102.3, Max: 102.4, Diff: 0.2, Sum: 1330.2]
      [GC Worker End (ms): Min: 85380.2, Avg: 85380.2, Max: 85380.3, Diff: 0.1]
   [Code Root Fixup: 0.4 ms]
   [Code Root Migration: 0.0 ms]
   [Clear CT: 3.0 ms]
   [Other: 12.8 ms]
      [Choose CSet: 0.0 ms]
      [Ref Proc: 7.0 ms]
      [Ref Enq: 0.9 ms]
      [Free CSet: 0.8 ms]
   [Eden: 1056.0M(1056.0M)->0.0B(1056.0M) Survivors: 160.0M->160.0M Heap: 11.4G(24.0G)->10.6G(24.0G)]
 [Times: user=1.36 sys=0.01, real=0.11 secs] 
2014-04-09T11:09:32.410+0900: 86.371: [GC pause (G1 Evacuation Pause) (young) (initial-mark), 0.2890082 secs]
   [Parallel Time: 273.8 ms, GC Workers: 13]
      [GC Worker Start (ms): Min: 86372.0, Avg: 86372.0, Max: 86372.1, Diff: 0.1]
      [Ext Root Scanning (ms): Min: 1.1, Avg: 1.3, Max: 3.5, Diff: 2.5, Sum: 17.1]
      [Code Root Marking (ms): Min: 0.0, Avg: 0.6, Max: 4.4, Diff: 4.4, Sum: 7.2]
      [Update RS (ms): Min: 9.8, Avg: 13.8, Max: 15.6, Diff: 5.7, Sum: 179.4]
         [Processed Buffers: Min: 8, Avg: 19.8, Max: 61, Diff: 53, Sum: 257]
      [Scan RS (ms): Min: 71.7, Avg: 73.2, Max: 74.2, Diff: 2.5, Sum: 951.9]
      [Code Root Scanning (ms): Min: 0.0, Avg: 0.0, Max: 0.0, Diff: 0.0, Sum: 0.1]
      [Object Copy (ms): Min: 183.8, Avg: 184.4, Max: 185.4, Diff: 1.5, Sum: 2397.4]
      [Termination (ms): Min: 0.0, Avg: 0.2, Max: 0.2, Diff: 0.2, Sum: 2.5]
      [GC Worker Other (ms): Min: 0.0, Avg: 0.0, Max: 0.1, Diff: 0.1, Sum: 0.6]
      [GC Worker Total (ms): Min: 273.5, Avg: 273.6, Max: 273.7, Diff: 0.2, Sum: 3556.2]
      [GC Worker End (ms): Min: 86645.6, Avg: 86645.6, Max: 86645.6, Diff: 0.1]
   [Code Root Fixup: 0.4 ms]
   [Code Root Migration: 0.0 ms]
   [Clear CT: 2.8 ms]
   [Other: 12.0 ms]
      [Choose CSet: 0.0 ms]
      [Ref Proc: 6.3 ms]
      [Ref Enq: 0.6 ms]
      [Free CSet: 0.7 ms]
   [Eden: 1056.0M(1056.0M)->0.0B(1056.0M) Survivors: 160.0M->160.0M Heap: 11.7G(24.0G)->10.9G(24.0G)]
 [Times: user=2.99 sys=0.10, real=0.29 secs] 
2014-04-09T11:09:32.699+0900: 86.661: [GC concurrent-root-region-scan-start]
2014-04-09T11:09:33.017+0900: 86.979: [GC concurrent-root-region-scan-end, 0.3181196 secs]
2014-04-09T11:09:33.017+0900: 86.979: [GC concurrent-mark-start]
2014-04-09T11:09:33.975+0900: 87.936: [GC pause (G1 Evacuation Pause) (young), 0.2115419 secs]
   [Parallel Time: 194.3 ms, GC Workers: 13]
      [GC Worker Start (ms): Min: 87936.6, Avg: 87936.6, Max: 87936.7, Diff: 0.1]
      [Ext Root Scanning (ms): Min: 1.3, Avg: 1.4, Max: 1.9, Diff: 0.6, Sum: 18.4]
      [SATB Filtering (ms): Min: 0.0, Avg: 0.2, Max: 2.5, Diff: 2.5, Sum: 2.5]
      [Update RS (ms): Min: 3.4, Avg: 5.8, Max: 6.4, Diff: 3.0, Sum: 74.9]
         [Processed Buffers: Min: 5, Avg: 18.4, Max: 32, Diff: 27, Sum: 239]
      [Scan RS (ms): Min: 29.0, Avg: 29.4, Max: 29.8, Diff: 0.8, Sum: 381.8]
      [Code Root Scanning (ms): Min: 0.0, Avg: 0.0, Max: 0.0, Diff: 0.0, Sum: 0.0]
      [Object Copy (ms): Min: 157.1, Avg: 157.2, Max: 157.3, Diff: 0.3, Sum: 2043.9]
      [Termination (ms): Min: 0.0, Avg: 0.1, Max: 0.1, Diff: 0.1, Sum: 0.7]
      [GC Worker Other (ms): Min: 0.0, Avg: 0.0, Max: 0.1, Diff: 0.1, Sum: 0.5]
      [GC Worker Total (ms): Min: 194.0, Avg: 194.0, Max: 194.1, Diff: 0.2, Sum: 2522.6]
      [GC Worker End (ms): Min: 88130.6, Avg: 88130.7, Max: 88130.7, Diff: 0.1]
   [Code Root Fixup: 0.4 ms]
   [Code Root Migration: 0.0 ms]
   [Clear CT: 3.0 ms]
   [Other: 13.8 ms]
      [Choose CSet: 0.0 ms]
      [Ref Proc: 8.0 ms]
      [Ref Enq: 1.1 ms]
      [Free CSet: 0.6 ms]
   [Eden: 1056.0M(1056.0M)->0.0B(1056.0M) Survivors: 160.0M->160.0M Heap: 11.9G(24.0G)->11.1G(24.0G)]
 [Times: user=2.54 sys=0.02, real=0.22 secs] 
2014-04-09T11:09:34.937+0900: 88.899: [GC concurrent-mark-end, 1.9200760 secs]
2014-04-09T11:09:34.939+0900: 88.900: [GC remark 88.945: [GC ref-proc, 0.0122493 secs], 0.0882682 secs]
 [Times: user=0.90 sys=0.00, real=0.09 secs] 
2014-04-09T11:09:35.029+0900: 88.990: [GC cleanup 11G->11G(24G), 0.0287524 secs]
 [Times: user=0.35 sys=0.00, real=0.03 secs] 
2014-04-09T11:09:35.593+0900: 89.554: [GC pause (G1 Evacuation Pause) (young), 0.1183517 secs]
   [Parallel Time: 104.3 ms, GC Workers: 13]
      [GC Worker Start (ms): Min: 89554.7, Avg: 89554.8, Max: 89554.9, Diff: 0.1]
      [Ext Root Scanning (ms): Min: 1.0, Avg: 1.4, Max: 1.6, Diff: 0.6, Sum: 17.7]
      [Update RS (ms): Min: 9.0, Avg: 9.4, Max: 10.1, Diff: 1.0, Sum: 122.4]
         [Processed Buffers: Min: 9, Avg: 19.6, Max: 36, Diff: 27, Sum: 255]
      [Scan RS (ms): Min: 8.9, Avg: 9.8, Max: 10.3, Diff: 1.4, Sum: 127.6]
      [Code Root Scanning (ms): Min: 0.0, Avg: 0.0, Max: 0.0, Diff: 0.0, Sum: 0.0]
      [Object Copy (ms): Min: 82.7, Avg: 83.3, Max: 83.8, Diff: 1.1, Sum: 1083.1]
      [Termination (ms): Min: 0.0, Avg: 0.0, Max: 0.0, Diff: 0.0, Sum: 0.3]
      [GC Worker Other (ms): Min: 0.0, Avg: 0.0, Max: 0.1, Diff: 0.1, Sum: 0.6]
      [GC Worker Total (ms): Min: 103.9, Avg: 104.0, Max: 104.1, Diff: 0.2, Sum: 1351.7]
      [GC Worker End (ms): Min: 89658.7, Avg: 89658.8, Max: 89658.8, Diff: 0.1]
   [Code Root Fixup: 0.4 ms]
   [Code Root Migration: 0.0 ms]
   [Clear CT: 3.0 ms]
   [Other: 10.7 ms]
      [Choose CSet: 0.0 ms]
      [Ref Proc: 6.3 ms]
      [Ref Enq: 0.7 ms]
      [Free CSet: 0.7 ms]
   [Eden: 1056.0M(1056.0M)->0.0B(1056.0M) Survivors: 160.0M->160.0M Heap: 12.1G(24.0G)->11.3G(24.0G)]
 [Times: user=1.34 sys=0.05, real=0.12 secs] 
2014-04-09T11:09:36.699+0900: 90.661: [GC pause (G1 Evacuation Pause) (mixed), 0.1749874 secs]
   [Parallel Time: 155.3 ms, GC Workers: 13]
      [GC Worker Start (ms): Min: 90661.1, Avg: 90661.2, Max: 90661.3, Diff: 0.1]
      [Ext Root Scanning (ms): Min: 0.9, Avg: 1.3, Max: 2.0, Diff: 1.1, Sum: 17.4]
      [Update RS (ms): Min: 10.1, Avg: 16.0, Max: 47.2, Diff: 37.1, Sum: 208.1]
         [Processed Buffers: Min: 3, Avg: 19.9, Max: 40, Diff: 37, Sum: 259]
      [Scan RS (ms): Min: 0.0, Avg: 29.5, Max: 34.8, Diff: 34.8, Sum: 383.6]
      [Code Root Scanning (ms): Min: 0.0, Avg: 0.0, Max: 0.0, Diff: 0.0, Sum: 0.0]
      [Object Copy (ms): Min: 106.8, Avg: 108.2, Max: 109.0, Diff: 2.1, Sum: 1406.4]
      [Termination (ms): Min: 0.0, Avg: 0.0, Max: 0.0, Diff: 0.0, Sum: 0.1]
      [GC Worker Other (ms): Min: 0.0, Avg: 0.0, Max: 0.1, Diff: 0.1, Sum: 0.5]
      [GC Worker Total (ms): Min: 155.0, Avg: 155.1, Max: 155.2, Diff: 0.1, Sum: 2016.2]
      [GC Worker End (ms): Min: 90816.3, Avg: 90816.3, Max: 90816.3, Diff: 0.1]
   [Code Root Fixup: 0.4 ms]
   [Code Root Migration: 0.0 ms]
   [Clear CT: 3.2 ms]
   [Other: 16.0 ms]
      [Choose CSet: 0.3 ms]
      [Ref Proc: 8.1 ms]
      [Ref Enq: 1.2 ms]
      [Free CSet: 1.6 ms]
   [Eden: 1056.0M(1056.0M)->0.0B(1056.0M) Survivors: 160.0M->160.0M Heap: 12.4G(24.0G)->10.9G(24.0G)]
 [Times: user=1.98 sys=0.08, real=0.17 secs] 
2014-04-09T11:09:37.846+0900: 91.808: [GC pause (G1 Evacuation Pause) (mixed), 0.1493854 secs]
   [Parallel Time: 132.2 ms, GC Workers: 13]
      [GC Worker Start (ms): Min: 91808.3, Avg: 91808.4, Max: 91808.4, Diff: 0.1]
      [Ext Root Scanning (ms): Min: 1.3, Avg: 1.4, Max: 2.0, Diff: 0.8, Sum: 18.3]
      [Update RS (ms): Min: 10.2, Avg: 10.9, Max: 12.1, Diff: 1.9, Sum: 141.2]
         [Processed Buffers: Min: 9, Avg: 20.5, Max: 38, Diff: 29, Sum: 266]
      [Scan RS (ms): Min: 19.4, Avg: 20.6, Max: 21.0, Diff: 1.6, Sum: 267.7]
      [Code Root Scanning (ms): Min: 0.0, Avg: 0.0, Max: 0.0, Diff: 0.0, Sum: 0.0]
      [Object Copy (ms): Min: 98.8, Avg: 99.0, Max: 99.1, Diff: 0.3, Sum: 1287.1]
      [Termination (ms): Min: 0.0, Avg: 0.1, Max: 0.1, Diff: 0.1, Sum: 1.0]
      [GC Worker Other (ms): Min: 0.0, Avg: 0.0, Max: 0.1, Diff: 0.1, Sum: 0.6]
      [GC Worker Total (ms): Min: 131.9, Avg: 132.0, Max: 132.1, Diff: 0.2, Sum: 1715.9]
      [GC Worker End (ms): Min: 91940.3, Avg: 91940.4, Max: 91940.4, Diff: 0.1]
   [Code Root Fixup: 0.5 ms]
   [Code Root Migration: 0.0 ms]
   [Clear CT: 3.0 ms]
   [Other: 13.6 ms]
      [Choose CSet: 0.2 ms]
      [Ref Proc: 7.2 ms]
      [Ref Enq: 1.0 ms]
      [Free CSet: 1.1 ms]
   [Eden: 1056.0M(1056.0M)->0.0B(1056.0M) Survivors: 160.0M->160.0M Heap: 12.0G(24.0G)->11.0G(24.0G)]
 [Times: user=1.73 sys=0.03, real=0.15 secs] 
2014-04-09T11:09:38.960+0900: 92.921: [GC pause (G1 Evacuation Pause) (young), 0.1176248 secs]
   [Parallel Time: 102.8 ms, GC Workers: 13]
      [GC Worker Start (ms): Min: 92921.5, Avg: 92921.6, Max: 92921.6, Diff: 0.1]
      [Ext Root Scanning (ms): Min: 1.3, Avg: 1.4, Max: 1.9, Diff: 0.6, Sum: 17.9]
      [Update RS (ms): Min: 8.6, Avg: 9.3, Max: 10.0, Diff: 1.4, Sum: 120.5]
         [Processed Buffers: Min: 12, Avg: 18.8, Max: 31, Diff: 19, Sum: 244]
      [Scan RS (ms): Min: 9.2, Avg: 10.0, Max: 10.4, Diff: 1.2, Sum: 130.4]
      [Code Root Scanning (ms): Min: 0.0, Avg: 0.0, Max: 0.0, Diff: 0.0, Sum: 0.0]
      [Object Copy (ms): Min: 81.6, Avg: 81.8, Max: 82.0, Diff: 0.4, Sum: 1063.5]
      [Termination (ms): Min: 0.0, Avg: 0.0, Max: 0.0, Diff: 0.0, Sum: 0.1]
      [GC Worker Other (ms): Min: 0.0, Avg: 0.0, Max: 0.1, Diff: 0.1, Sum: 0.5]
      [GC Worker Total (ms): Min: 102.5, Avg: 102.5, Max: 102.6, Diff: 0.1, Sum: 1332.9]
      [GC Worker End (ms): Min: 93024.1, Avg: 93024.1, Max: 93024.1, Diff: 0.1]
   [Code Root Fixup: 0.4 ms]
   [Code Root Migration: 0.0 ms]
   [Clear CT: 3.0 ms]
   [Other: 11.4 ms]
      [Choose CSet: 0.0 ms]
      [Ref Proc: 6.8 ms]
      [Ref Enq: 0.7 ms]
      [Free CSet: 0.8 ms]
   [Eden: 1056.0M(1056.0M)->0.0B(1056.0M) Survivors: 160.0M->160.0M Heap: 12.0G(24.0G)->11.2G(24.0G)]
 [Times: user=1.38 sys=0.00, real=0.12 secs] 
2014-04-09T11:09:40.036+0900: 93.998: [GC pause (G1 Evacuation Pause) (young) (initial-mark), 0.1151753 secs]
   [Parallel Time: 100.1 ms, GC Workers: 13]
      [GC Worker Start (ms): Min: 93998.6, Avg: 93998.6, Max: 93998.7, Diff: 0.1]
      [Ext Root Scanning (ms): Min: 1.1, Avg: 1.4, Max: 3.2, Diff: 2.1, Sum: 18.3]
      [Code Root Marking (ms): Min: 0.0, Avg: 0.7, Max: 6.2, Diff: 6.2, Sum: 9.0]
      [Update RS (ms): Min: 2.7, Avg: 8.4, Max: 9.7, Diff: 7.0, Sum: 108.7]
         [Processed Buffers: Min: 7, Avg: 18.5, Max: 29, Diff: 22, Sum: 241]
      [Scan RS (ms): Min: 10.0, Avg: 10.7, Max: 11.2, Diff: 1.2, Sum: 138.6]
      [Code Root Scanning (ms): Min: 0.0, Avg: 0.0, Max: 0.0, Diff: 0.0, Sum: 0.0]
      [Object Copy (ms): Min: 78.4, Avg: 78.7, Max: 79.2, Diff: 0.8, Sum: 1023.1]
      [Termination (ms): Min: 0.0, Avg: 0.0, Max: 0.0, Diff: 0.0, Sum: 0.0]
      [GC Worker Other (ms): Min: 0.0, Avg: 0.0, Max: 0.1, Diff: 0.1, Sum: 0.6]
      [GC Worker Total (ms): Min: 99.8, Avg: 99.9, Max: 100.0, Diff: 0.2, Sum: 1298.3]
      [GC Worker End (ms): Min: 94098.5, Avg: 94098.5, Max: 94098.6, Diff: 0.1]
   [Code Root Fixup: 0.3 ms]
   [Code Root Migration: 0.0 ms]
   [Clear CT: 3.0 ms]
   [Other: 11.7 ms]
      [Choose CSet: 0.0 ms]
      [Ref Proc: 6.8 ms]
      [Ref Enq: 0.7 ms]
      [Free CSet: 0.7 ms]
   [Eden: 1056.0M(1056.0M)->0.0B(1056.0M) Survivors: 160.0M->160.0M Heap: 12.3G(24.0G)->11.5G(24.0G)]
 [Times: user=1.33 sys=0.01, real=0.12 secs] 
2014-04-09T11:09:40.152+0900: 94.113: [GC concurrent-root-region-scan-start]
2014-04-09T11:09:40.209+0900: 94.170: [GC concurrent-root-region-scan-end, 0.0570491 secs]
2014-04-09T11:09:40.209+0900: 94.171: [GC concurrent-mark-start]
2014-04-09T11:09:41.449+0900: 95.411: [GC pause (G1 Evacuation Pause) (young), 0.1156081 secs]
   [Parallel Time: 100.7 ms, GC Workers: 13]
      [GC Worker Start (ms): Min: 95411.2, Avg: 95411.3, Max: 95411.3, Diff: 0.1]
      [Ext Root Scanning (ms): Min: 1.3, Avg: 1.4, Max: 1.7, Diff: 0.3, Sum: 18.1]
      [SATB Filtering (ms): Min: 0.0, Avg: 0.2, Max: 2.6, Diff: 2.6, Sum: 2.6]
      [Update RS (ms): Min: 6.3, Avg: 8.8, Max: 9.6, Diff: 3.3, Sum: 114.5]
         [Processed Buffers: Min: 8, Avg: 19.1, Max: 28, Diff: 20, Sum: 248]
      [Scan RS (ms): Min: 9.1, Avg: 9.6, Max: 10.2, Diff: 1.1, Sum: 124.4]
      [Code Root Scanning (ms): Min: 0.0, Avg: 0.0, Max: 0.0, Diff: 0.0, Sum: 0.0]
      [Object Copy (ms): Min: 80.0, Avg: 80.1, Max: 80.4, Diff: 0.4, Sum: 1041.4]
      [Termination (ms): Min: 0.0, Avg: 0.3, Max: 0.3, Diff: 0.3, Sum: 4.1]
      [GC Worker Other (ms): Min: 0.0, Avg: 0.0, Max: 0.1, Diff: 0.1, Sum: 0.5]
      [GC Worker Total (ms): Min: 100.3, Avg: 100.4, Max: 100.5, Diff: 0.1, Sum: 1305.7]
      [GC Worker End (ms): Min: 95511.7, Avg: 95511.7, Max: 95511.8, Diff: 0.1]
   [Code Root Fixup: 0.4 ms]
   [Code Root Migration: 0.0 ms]
   [Clear CT: 3.2 ms]
   [Other: 11.3 ms]
      [Choose CSet: 0.0 ms]
      [Ref Proc: 6.8 ms]
      [Ref Enq: 0.7 ms]
      [Free CSet: 0.7 ms]
   [Eden: 1056.0M(1056.0M)->0.0B(1056.0M) Survivors: 160.0M->160.0M Heap: 12.5G(24.0G)->11.7G(24.0G)]
 [Times: user=1.35 sys=0.00, real=0.11 secs] 
2014-04-09T11:09:42.288+0900: 96.250: [GC concurrent-mark-end, 2.0792552 secs]
2014-04-09T11:09:42.290+0900: 96.251: [GC remark 96.290: [GC ref-proc, 0.0123178 secs], 0.0842338 secs]
 [Times: user=0.85 sys=0.00, real=0.08 secs] 
2014-04-09T11:09:42.376+0900: 96.337: [GC cleanup 12G->12G(24G), 0.0296495 secs]
 [Times: user=0.36 sys=0.00, real=0.03 secs] 
2014-04-09T11:09:42.826+0900: 96.787: [GC pause (G1 Evacuation Pause) (young), 0.1224315 secs]
   [Parallel Time: 107.7 ms, GC Workers: 13]
      [GC Worker Start (ms): Min: 96787.8, Avg: 96787.9, Max: 96788.0, Diff: 0.1]
      [Ext Root Scanning (ms): Min: 1.0, Avg: 1.4, Max: 1.8, Diff: 0.8, Sum: 18.1]
      [Update RS (ms): Min: 10.2, Avg: 18.0, Max: 59.5, Diff: 49.3, Sum: 233.9]
         [Processed Buffers: Min: 6, Avg: 19.9, Max: 40, Diff: 34, Sum: 259]
      [Scan RS (ms): Min: 0.0, Avg: 9.1, Max: 11.3, Diff: 11.3, Sum: 118.6]
      [Code Root Scanning (ms): Min: 0.0, Avg: 0.0, Max: 0.0, Diff: 0.0, Sum: 0.0]
      [Object Copy (ms): Min: 46.5, Avg: 78.9, Max: 85.2, Diff: 38.7, Sum: 1025.8]
      [Termination (ms): Min: 0.0, Avg: 0.0, Max: 0.0, Diff: 0.0, Sum: 0.1]
      [GC Worker Other (ms): Min: 0.0, Avg: 0.0, Max: 0.1, Diff: 0.1, Sum: 0.5]
      [GC Worker Total (ms): Min: 107.4, Avg: 107.5, Max: 107.5, Diff: 0.2, Sum: 1397.0]
      [GC Worker End (ms): Min: 96895.4, Avg: 96895.4, Max: 96895.4, Diff: 0.1]
   [Code Root Fixup: 0.4 ms]
   [Code Root Migration: 0.0 ms]
   [Clear CT: 3.2 ms]
   [Other: 11.1 ms]
      [Choose CSet: 0.0 ms]
      [Ref Proc: 6.5 ms]
      [Ref Enq: 0.8 ms]
      [Free CSet: 0.7 ms]
   [Eden: 1056.0M(1056.0M)->0.0B(1056.0M) Survivors: 160.0M->160.0M Heap: 12.7G(24.0G)->11.9G(24.0G)]
 [Times: user=1.39 sys=0.04, real=0.13 secs] 
2014-04-09T11:09:43.896+0900: 97.857: [GC pause (G1 Evacuation Pause) (mixed), 0.1736523 secs]
   [Parallel Time: 153.1 ms, GC Workers: 13]
      [GC Worker Start (ms): Min: 97857.9, Avg: 97857.9, Max: 97858.0, Diff: 0.1]
      [Ext Root Scanning (ms): Min: 1.0, Avg: 1.4, Max: 2.0, Diff: 1.1, Sum: 18.3]
      [Update RS (ms): Min: 9.5, Avg: 10.3, Max: 11.3, Diff: 1.8, Sum: 133.3]
         [Processed Buffers: Min: 13, Avg: 19.5, Max: 29, Diff: 16, Sum: 254]
      [Scan RS (ms): Min: 30.7, Avg: 31.8, Max: 33.1, Diff: 2.3, Sum: 413.5]
      [Code Root Scanning (ms): Min: 0.0, Avg: 0.0, Max: 0.0, Diff: 0.0, Sum: 0.1]
      [Object Copy (ms): Min: 108.0, Avg: 109.1, Max: 109.6, Diff: 1.7, Sum: 1417.9]
      [Termination (ms): Min: 0.0, Avg: 0.3, Max: 0.3, Diff: 0.3, Sum: 3.9]
      [GC Worker Other (ms): Min: 0.0, Avg: 0.0, Max: 0.1, Diff: 0.1, Sum: 0.6]
      [GC Worker Total (ms): Min: 152.8, Avg: 152.9, Max: 152.9, Diff: 0.2, Sum: 1987.4]
      [GC Worker End (ms): Min: 98010.8, Avg: 98010.8, Max: 98010.9, Diff: 0.1]
   [Code Root Fixup: 0.5 ms]
   [Code Root Migration: 0.1 ms]
   [Clear CT: 3.6 ms]
   [Other: 16.4 ms]
      [Choose CSet: 0.3 ms]
      [Ref Proc: 7.3 ms]
      [Ref Enq: 1.1 ms]
      [Free CSet: 1.6 ms]
   [Eden: 1056.0M(1056.0M)->0.0B(1056.0M) Survivors: 160.0M->160.0M Heap: 13.0G(24.0G)->11.6G(24.0G)]
 [Times: user=1.94 sys=0.10, real=0.18 secs] 
2014-04-09T11:09:45.072+0900: 99.033: [GC pause (G1 Evacuation Pause) (mixed), 0.1365500 secs]
   [Parallel Time: 119.4 ms, GC Workers: 13]
      [GC Worker Start (ms): Min: 99033.9, Avg: 99034.0, Max: 99034.1, Diff: 0.1]
      [Ext Root Scanning (ms): Min: 1.3, Avg: 1.4, Max: 2.2, Diff: 1.0, Sum: 18.7]
      [Update RS (ms): Min: 7.4, Avg: 8.5, Max: 9.5, Diff: 2.1, Sum: 110.3]
         [Processed Buffers: Min: 11, Avg: 18.5, Max: 30, Diff: 19, Sum: 240]
      [Scan RS (ms): Min: 19.2, Avg: 20.2, Max: 20.4, Diff: 1.2, Sum: 262.2]
      [Code Root Scanning (ms): Min: 0.0, Avg: 0.0, Max: 0.0, Diff: 0.0, Sum: 0.0]
      [Object Copy (ms): Min: 88.8, Avg: 88.9, Max: 89.0, Diff: 0.2, Sum: 1155.5]
      [Termination (ms): Min: 0.0, Avg: 0.1, Max: 0.1, Diff: 0.1, Sum: 0.8]
      [GC Worker Other (ms): Min: 0.0, Avg: 0.0, Max: 0.1, Diff: 0.0, Sum: 0.4]
      [GC Worker Total (ms): Min: 119.0, Avg: 119.1, Max: 119.2, Diff: 0.1, Sum: 1548.0]
      [GC Worker End (ms): Min: 99153.1, Avg: 99153.1, Max: 99153.1, Diff: 0.0]
   [Code Root Fixup: 0.3 ms]
   [Code Root Migration: 0.0 ms]
   [Clear CT: 3.5 ms]
   [Other: 13.3 ms]
      [Choose CSet: 0.1 ms]
      [Ref Proc: 7.1 ms]
      [Ref Enq: 0.9 ms]
      [Free CSet: 1.0 ms]
   [Eden: 1056.0M(1056.0M)->0.0B(1056.0M) Survivors: 160.0M->160.0M Heap: 12.6G(24.0G)->11.7G(24.0G)]
 [Times: user=1.58 sys=0.01, real=0.14 secs] 
2014-04-09T11:09:46.201+0900: 100.162: [GC pause (G1 Evacuation Pause) (young), 0.1145233 secs]
   [Parallel Time: 99.6 ms, GC Workers: 13]
      [GC Worker Start (ms): Min: 100162.9, Avg: 100162.9, Max: 100163.0, Diff: 0.1]
      [Ext Root Scanning (ms): Min: 1.2, Avg: 1.3, Max: 1.6, Diff: 0.4, Sum: 17.4]
      [Update RS (ms): Min: 9.1, Avg: 9.8, Max: 10.7, Diff: 1.7, Sum: 127.9]
         [Processed Buffers: Min: 6, Avg: 18.7, Max: 38, Diff: 32, Sum: 243]
      [Scan RS (ms): Min: 9.7, Avg: 10.6, Max: 11.3, Diff: 1.6, Sum: 138.4]
      [Code Root Scanning (ms): Min: 0.0, Avg: 0.0, Max: 0.0, Diff: 0.0, Sum: 0.0]
      [Object Copy (ms): Min: 77.2, Avg: 77.5, Max: 77.7, Diff: 0.4, Sum: 1006.9]
      [Termination (ms): Min: 0.0, Avg: 0.0, Max: 0.0, Diff: 0.0, Sum: 0.1]
      [GC Worker Other (ms): Min: 0.0, Avg: 0.0, Max: 0.1, Diff: 0.1, Sum: 0.6]
      [GC Worker Total (ms): Min: 99.2, Avg: 99.3, Max: 99.4, Diff: 0.2, Sum: 1291.4]
      [GC Worker End (ms): Min: 100262.3, Avg: 100262.3, Max: 100262.3, Diff: 0.1]
   [Code Root Fixup: 0.4 ms]
   [Code Root Migration: 0.0 ms]
   [Clear CT: 3.2 ms]
   [Other: 11.3 ms]
      [Choose CSet: 0.0 ms]
      [Ref Proc: 6.6 ms]
      [Ref Enq: 0.8 ms]
      [Free CSet: 0.7 ms]
   [Eden: 1056.0M(1056.0M)->0.0B(1056.0M) Survivors: 160.0M->160.0M Heap: 12.7G(24.0G)->11.9G(24.0G)]
 [Times: user=1.33 sys=0.01, real=0.11 secs] 
2014-04-09T11:09:47.264+0900: 101.225: [GC pause (G1 Evacuation Pause) (young) (initial-mark), 0.1216188 secs]
   [Parallel Time: 106.0 ms, GC Workers: 13]
      [GC Worker Start (ms): Min: 101225.8, Avg: 101225.9, Max: 101226.0, Diff: 0.1]
      [Ext Root Scanning (ms): Min: 1.1, Avg: 1.4, Max: 3.2, Diff: 2.1, Sum: 17.6]
      [Code Root Marking (ms): Min: 0.0, Avg: 0.7, Max: 6.2, Diff: 6.1, Sum: 8.8]
      [Update RS (ms): Min: 4.8, Avg: 10.2, Max: 11.5, Diff: 6.8, Sum: 132.5]
         [Processed Buffers: Min: 9, Avg: 19.8, Max: 39, Diff: 30, Sum: 258]
      [Scan RS (ms): Min: 9.2, Avg: 9.8, Max: 10.3, Diff: 1.1, Sum: 127.0]
      [Code Root Scanning (ms): Min: 0.0, Avg: 0.0, Max: 0.0, Diff: 0.0, Sum: 0.0]
      [Object Copy (ms): Min: 83.5, Avg: 83.7, Max: 83.9, Diff: 0.5, Sum: 1087.8]
      [Termination (ms): Min: 0.0, Avg: 0.0, Max: 0.0, Diff: 0.0, Sum: 0.0]
      [GC Worker Other (ms): Min: 0.0, Avg: 0.0, Max: 0.1, Diff: 0.1, Sum: 0.6]
      [GC Worker Total (ms): Min: 105.6, Avg: 105.7, Max: 105.8, Diff: 0.2, Sum: 1374.4]
      [GC Worker End (ms): Min: 101331.6, Avg: 101331.6, Max: 101331.7, Diff: 0.1]
   [Code Root Fixup: 0.3 ms]
   [Code Root Migration: 0.0 ms]
   [Clear CT: 3.2 ms]
   [Other: 12.1 ms]
      [Choose CSet: 0.0 ms]
      [Ref Proc: 7.0 ms]
      [Ref Enq: 0.8 ms]
      [Free CSet: 0.7 ms]
   [Eden: 1056.0M(1056.0M)->0.0B(1056.0M) Survivors: 160.0M->160.0M Heap: 12.9G(24.0G)->12.2G(24.0G)]
 [Times: user=1.41 sys=0.00, real=0.12 secs] 
2014-04-09T11:09:47.386+0900: 101.347: [GC concurrent-root-region-scan-start]
2014-04-09T11:09:47.428+0900: 101.390: [GC concurrent-root-region-scan-end, 0.0425313 secs]
2014-04-09T11:09:47.428+0900: 101.390: [GC concurrent-mark-start]
2014-04-09T11:09:48.729+0900: 102.691: [GC pause (G1 Evacuation Pause) (young), 0.1182844 secs]
   [Parallel Time: 102.2 ms, GC Workers: 13]
      [GC Worker Start (ms): Min: 102691.1, Avg: 102691.3, Max: 102691.5, Diff: 0.4]
      [Ext Root Scanning (ms): Min: 1.3, Avg: 1.5, Max: 2.0, Diff: 0.7, Sum: 19.8]
      [SATB Filtering (ms): Min: 0.0, Avg: 0.2, Max: 2.5, Diff: 2.5, Sum: 2.5]
      [Update RS (ms): Min: 7.0, Avg: 8.2, Max: 8.8, Diff: 1.8, Sum: 106.6]
         [Processed Buffers: Min: 11, Avg: 18.9, Max: 31, Diff: 20, Sum: 246]
      [Scan RS (ms): Min: 9.4, Avg: 10.3, Max: 10.7, Diff: 1.3, Sum: 134.3]
      [Code Root Scanning (ms): Min: 0.0, Avg: 0.0, Max: 0.0, Diff: 0.0, Sum: 0.0]
      [Object Copy (ms): Min: 80.8, Avg: 81.0, Max: 81.3, Diff: 0.5, Sum: 1052.6]
      [Termination (ms): Min: 0.0, Avg: 0.4, Max: 0.5, Diff: 0.5, Sum: 5.8]
      [GC Worker Other (ms): Min: 0.0, Avg: 0.0, Max: 0.1, Diff: 0.1, Sum: 0.6]
      [GC Worker Total (ms): Min: 101.5, Avg: 101.7, Max: 101.9, Diff: 0.4, Sum: 1322.2]
      [GC Worker End (ms): Min: 102793.0, Avg: 102793.0, Max: 102793.0, Diff: 0.1]
   [Code Root Fixup: 0.4 ms]
   [Code Root Migration: 0.0 ms]
   [Clear CT: 3.9 ms]
   [Other: 11.7 ms]
      [Choose CSet: 0.0 ms]
      [Ref Proc: 7.2 ms]
      [Ref Enq: 0.7 ms]
      [Free CSet: 0.7 ms]
   [Eden: 1056.0M(1056.0M)->0.0B(1056.0M) Survivors: 160.0M->160.0M Heap: 13.2G(24.0G)->12.4G(24.0G)]
 [Times: user=1.35 sys=0.03, real=0.11 secs] 
2014-04-09T11:09:49.815+0900: 103.776: [GC concurrent-mark-end, 2.3867166 secs]
2014-04-09T11:09:49.816+0900: 103.778: [GC remark 103.812: [GC ref-proc, 0.0125475 secs], 0.0812275 secs]
 [Times: user=0.81 sys=0.00, real=0.08 secs] 
2014-04-09T11:09:49.900+0900: 103.861: [GC cleanup 13G->13G(24G), 0.0310688 secs]
 [Times: user=0.39 sys=0.00, real=0.03 secs] 
2014-04-09T11:09:50.210+0900: 104.171: [GC pause (G1 Evacuation Pause) (young), 0.0961433 secs]
   [Parallel Time: 84.5 ms, GC Workers: 13]
      [GC Worker Start (ms): Min: 104171.7, Avg: 104171.8, Max: 104171.8, Diff: 0.2]
      [Ext Root Scanning (ms): Min: 1.3, Avg: 1.4, Max: 2.0, Diff: 0.7, Sum: 18.6]
      [Update RS (ms): Min: 11.0, Avg: 11.6, Max: 12.6, Diff: 1.6, Sum: 150.9]
         [Processed Buffers: Min: 12, Avg: 21.4, Max: 33, Diff: 21, Sum: 278]
      [Scan RS (ms): Min: 8.6, Avg: 9.5, Max: 10.0, Diff: 1.4, Sum: 123.3]
      [Code Root Scanning (ms): Min: 0.0, Avg: 0.0, Max: 0.0, Diff: 0.0, Sum: 0.0]
      [Object Copy (ms): Min: 61.3, Avg: 61.7, Max: 62.1, Diff: 0.8, Sum: 801.9]
      [Termination (ms): Min: 0.0, Avg: 0.0, Max: 0.0, Diff: 0.0, Sum: 0.0]
      [GC Worker Other (ms): Min: 0.0, Avg: 0.0, Max: 0.1, Diff: 0.1, Sum: 0.6]
      [GC Worker Total (ms): Min: 84.2, Avg: 84.3, Max: 84.3, Diff: 0.2, Sum: 1095.4]
      [GC Worker End (ms): Min: 104256.0, Avg: 104256.0, Max: 104256.1, Diff: 0.1]
   [Code Root Fixup: 0.4 ms]
   [Code Root Migration: 0.0 ms]
   [Clear CT: 3.4 ms]
   [Other: 7.8 ms]
      [Choose CSet: 0.0 ms]
      [Ref Proc: 3.5 ms]
      [Ref Enq: 0.4 ms]
      [Free CSet: 0.7 ms]
   [Eden: 1056.0M(1056.0M)->0.0B(1056.0M) Survivors: 160.0M->160.0M Heap: 13.4G(24.0G)->12.6G(24.0G)]
 [Times: user=1.08 sys=0.05, real=0.09 secs] 
2014-04-09T11:09:51.366+0900: 105.327: [GC pause (G1 Evacuation Pause) (mixed), 0.1448804 secs]
   [Parallel Time: 131.3 ms, GC Workers: 13]
      [GC Worker Start (ms): Min: 105327.9, Avg: 105328.0, Max: 105328.1, Diff: 0.1]
      [Ext Root Scanning (ms): Min: 1.0, Avg: 1.5, Max: 3.0, Diff: 2.0, Sum: 19.9]
      [Update RS (ms): Min: 10.5, Avg: 20.7, Max: 51.1, Diff: 40.6, Sum: 269.0]
         [Processed Buffers: Min: 0, Avg: 18.0, Max: 31, Diff: 31, Sum: 234]
      [Scan RS (ms): Min: 0.0, Avg: 30.8, Max: 41.6, Diff: 41.6, Sum: 399.8]
      [Code Root Scanning (ms): Min: 0.0, Avg: 0.0, Max: 0.0, Diff: 0.0, Sum: 0.0]
      [Object Copy (ms): Min: 76.6, Avg: 77.8, Max: 79.0, Diff: 2.4, Sum: 1011.0]
      [Termination (ms): Min: 0.0, Avg: 0.3, Max: 0.3, Diff: 0.3, Sum: 3.8]
      [GC Worker Other (ms): Min: 0.0, Avg: 0.0, Max: 0.0, Diff: 0.0, Sum: 0.3]
      [GC Worker Total (ms): Min: 131.0, Avg: 131.1, Max: 131.1, Diff: 0.2, Sum: 1703.9]
      [GC Worker End (ms): Min: 105459.0, Avg: 105459.1, Max: 105459.1, Diff: 0.0]
   [Code Root Fixup: 0.4 ms]
   [Code Root Migration: 0.0 ms]
   [Clear CT: 3.7 ms]
   [Other: 9.4 ms]
      [Choose CSet: 0.3 ms]
      [Ref Proc: 1.9 ms]
      [Ref Enq: 0.0 ms]
      [Free CSet: 1.6 ms]
   [Eden: 1056.0M(1056.0M)->0.0B(1056.0M) Survivors: 160.0M->160.0M Heap: 13.6G(24.0G)->12.2G(24.0G)]
 [Times: user=1.65 sys=0.10, real=0.15 secs] 
2014-04-09T11:09:52.578+0900: 106.540: [GC pause (G1 Evacuation Pause) (mixed), 0.0861884 secs]
   [Parallel Time: 76.7 ms, GC Workers: 13]
      [GC Worker Start (ms): Min: 106540.2, Avg: 106540.3, Max: 106540.4, Diff: 0.1]
      [Ext Root Scanning (ms): Min: 1.3, Avg: 1.5, Max: 2.2, Diff: 0.9, Sum: 18.9]
      [Update RS (ms): Min: 9.8, Avg: 10.4, Max: 10.9, Diff: 1.1, Sum: 135.3]
         [Processed Buffers: Min: 13, Avg: 18.4, Max: 26, Diff: 13, Sum: 239]
      [Scan RS (ms): Min: 17.4, Avg: 17.9, Max: 18.3, Diff: 0.9, Sum: 233.0]
      [Code Root Scanning (ms): Min: 0.0, Avg: 0.0, Max: 0.1, Diff: 0.1, Sum: 0.1]
      [Object Copy (ms): Min: 46.1, Avg: 46.3, Max: 46.6, Diff: 0.5, Sum: 602.5]
      [Termination (ms): Min: 0.0, Avg: 0.2, Max: 0.3, Diff: 0.3, Sum: 3.2]
      [GC Worker Other (ms): Min: 0.0, Avg: 0.0, Max: 0.1, Diff: 0.0, Sum: 0.4]
      [GC Worker Total (ms): Min: 76.3, Avg: 76.4, Max: 76.5, Diff: 0.1, Sum: 993.5]
      [GC Worker End (ms): Min: 106616.7, Avg: 106616.7, Max: 106616.8, Diff: 0.0]
   [Code Root Fixup: 0.5 ms]
   [Code Root Migration: 0.3 ms]
   [Clear CT: 3.4 ms]
   [Other: 5.3 ms]
      [Choose CSet: 0.2 ms]
      [Ref Proc: 0.3 ms]
      [Ref Enq: 0.0 ms]
      [Free CSet: 1.0 ms]
   [Eden: 1056.0M(1056.0M)->0.0B(1056.0M) Survivors: 160.0M->160.0M Heap: 13.2G(24.0G)->12.2G(24.0G)]
 [Times: user=1.00 sys=0.04, real=0.09 secs] 
2014-04-09T11:09:53.763+0900: 107.724: [GC pause (G1 Evacuation Pause) (young), 0.0633047 secs]
   [Parallel Time: 55.3 ms, GC Workers: 13]
      [GC Worker Start (ms): Min: 107724.8, Avg: 107724.9, Max: 107724.9, Diff: 0.1]
      [Ext Root Scanning (ms): Min: 1.2, Avg: 1.4, Max: 1.9, Diff: 0.7, Sum: 17.9]
      [Update RS (ms): Min: 8.3, Avg: 8.9, Max: 9.4, Diff: 1.0, Sum: 115.4]
         [Processed Buffers: Min: 12, Avg: 18.4, Max: 32, Diff: 20, Sum: 239]
      [Scan RS (ms): Min: 8.2, Avg: 8.9, Max: 9.2, Diff: 0.9, Sum: 115.1]
      [Code Root Scanning (ms): Min: 0.0, Avg: 0.0, Max: 0.0, Diff: 0.0, Sum: 0.0]
      [Object Copy (ms): Min: 35.8, Avg: 35.9, Max: 36.1, Diff: 0.4, Sum: 467.1]
      [Termination (ms): Min: 0.0, Avg: 0.0, Max: 0.0, Diff: 0.0, Sum: 0.1]
      [GC Worker Other (ms): Min: 0.0, Avg: 0.0, Max: 0.1, Diff: 0.1, Sum: 0.5]
      [GC Worker Total (ms): Min: 55.0, Avg: 55.1, Max: 55.2, Diff: 0.2, Sum: 716.1]
      [GC Worker End (ms): Min: 107779.9, Avg: 107780.0, Max: 107780.0, Diff: 0.1]
   [Code Root Fixup: 0.4 ms]
   [Code Root Migration: 0.0 ms]
   [Clear CT: 3.6 ms]
   [Other: 3.9 ms]
      [Choose CSet: 0.0 ms]
      [Ref Proc: 0.2 ms]
      [Ref Enq: 0.0 ms]
      [Free CSet: 0.8 ms]
   [Eden: 1056.0M(1056.0M)->0.0B(1472.0M) Survivors: 160.0M->160.0M Heap: 13.2G(24.0G)->12.3G(24.0G)]
 [Times: user=0.76 sys=0.00, real=0.06 secs] 
2014-04-09T11:10:20.090+0900: 134.051: [GC pause (G1 Evacuation Pause) (young) (initial-mark), 0.0465541 secs]
   [Parallel Time: 37.3 ms, GC Workers: 13]
      [GC Worker Start (ms): Min: 134051.8, Avg: 134052.0, Max: 134052.2, Diff: 0.5]
      [Ext Root Scanning (ms): Min: 0.8, Avg: 1.3, Max: 3.4, Diff: 2.6, Sum: 16.9]
      [Code Root Marking (ms): Min: 0.0, Avg: 0.6, Max: 4.5, Diff: 4.5, Sum: 7.7]
      [Update RS (ms): Min: 1.3, Avg: 5.2, Max: 6.2, Diff: 4.9, Sum: 67.7]
         [Processed Buffers: Min: 4, Avg: 17.6, Max: 27, Diff: 23, Sum: 229]
      [Scan RS (ms): Min: 6.2, Avg: 6.6, Max: 7.0, Diff: 0.8, Sum: 86.4]
      [Code Root Scanning (ms): Min: 0.0, Avg: 0.0, Max: 0.0, Diff: 0.0, Sum: 0.0]
      [Object Copy (ms): Min: 22.4, Avg: 22.7, Max: 23.3, Diff: 0.9, Sum: 294.8]
      [Termination (ms): Min: 0.0, Avg: 0.0, Max: 0.0, Diff: 0.0, Sum: 0.1]
      [GC Worker Other (ms): Min: 0.0, Avg: 0.1, Max: 0.2, Diff: 0.2, Sum: 1.0]
      [GC Worker Total (ms): Min: 36.2, Avg: 36.5, Max: 36.7, Diff: 0.5, Sum: 474.5]
      [GC Worker End (ms): Min: 134088.5, Avg: 134088.5, Max: 134088.6, Diff: 0.2]
   [Code Root Fixup: 0.1 ms]
   [Code Root Migration: 0.0 ms]
   [Clear CT: 4.1 ms]
   [Other: 5.0 ms]
      [Choose CSet: 0.0 ms]
      [Ref Proc: 1.2 ms]
      [Ref Enq: 0.0 ms]
      [Free CSet: 1.0 ms]
   [Eden: 1472.0M(1472.0M)->0.0B(2208.0M) Survivors: 160.0M->112.0M Heap: 13.8G(24.0G)->12.4G(24.0G)]
 [Times: user=0.55 sys=0.02, real=0.05 secs] 
2014-04-09T11:10:20.136+0900: 134.098: [GC concurrent-root-region-scan-start]
2014-04-09T11:10:20.140+0900: 134.102: [GC concurrent-root-region-scan-end, 0.0040190 secs]
2014-04-09T11:10:20.140+0900: 134.102: [GC concurrent-mark-start]
2014-04-09T11:10:22.035+0900: 135.997: [GC concurrent-mark-end, 1.8946791 secs]
2014-04-09T11:10:22.037+0900: 135.998: [GC remark 135.999: [GC ref-proc, 0.0444073 secs], 0.0784206 secs]
 [Times: user=0.46 sys=0.00, real=0.08 secs] 
2014-04-09T11:10:22.118+0900: 136.079: [GC cleanup 14G->14G(24G), 0.0340227 secs]
 [Times: user=0.44 sys=0.00, real=0.03 secs] 
2014-04-09T11:10:22.348+0900: 136.309: [GC pause (G1 Evacuation Pause) (young), 0.0959960 secs]
   [Parallel Time: 84.9 ms, GC Workers: 13]
      [GC Worker Start (ms): Min: 136309.6, Avg: 136309.9, Max: 136310.2, Diff: 0.5]
      [Ext Root Scanning (ms): Min: 1.3, Avg: 1.7, Max: 3.2, Diff: 1.9, Sum: 22.0]
      [Update RS (ms): Min: 4.4, Avg: 11.9, Max: 47.0, Diff: 42.6, Sum: 155.0]
         [Processed Buffers: Min: 2, Avg: 10.8, Max: 27, Diff: 25, Sum: 141]
      [Scan RS (ms): Min: 0.0, Avg: 9.1, Max: 11.1, Diff: 11.0, Sum: 118.6]
      [Code Root Scanning (ms): Min: 0.0, Avg: 0.0, Max: 0.0, Diff: 0.0, Sum: 0.1]
      [Object Copy (ms): Min: 33.4, Avg: 60.7, Max: 66.6, Diff: 33.1, Sum: 789.4]
      [Termination (ms): Min: 0.0, Avg: 0.4, Max: 0.6, Diff: 0.6, Sum: 5.0]
      [GC Worker Other (ms): Min: 0.0, Avg: 0.0, Max: 0.1, Diff: 0.1, Sum: 0.5]
      [GC Worker Total (ms): Min: 83.6, Avg: 83.9, Max: 84.2, Diff: 0.6, Sum: 1090.6]
      [GC Worker End (ms): Min: 136393.8, Avg: 136393.8, Max: 136393.9, Diff: 0.1]
   [Code Root Fixup: 0.1 ms]
   [Code Root Migration: 0.1 ms]
   [Clear CT: 5.6 ms]
   [Other: 5.4 ms]
      [Choose CSet: 0.0 ms]
      [Ref Proc: 1.7 ms]
      [Ref Enq: 0.0 ms]
      [Free CSet: 1.0 ms]
   [Eden: 2208.0M(2208.0M)->0.0B(912.0M) Survivors: 112.0M->304.0M Heap: 15.1G(24.0G)->13.2G(24.0G)]
 [Times: user=0.90 sys=0.20, real=0.10 secs] 
2014-04-09T11:10:23.699+0900: 137.661: [GC pause (G1 Evacuation Pause) (mixed), 0.1539423 secs]
   [Parallel Time: 139.2 ms, GC Workers: 13]
      [GC Worker Start (ms): Min: 137661.4, Avg: 137661.6, Max: 137661.9, Diff: 0.5]
      [Ext Root Scanning (ms): Min: 1.3, Avg: 1.6, Max: 3.0, Diff: 1.7, Sum: 21.3]
      [Update RS (ms): Min: 2.0, Avg: 2.4, Max: 3.8, Diff: 1.9, Sum: 31.2]
         [Processed Buffers: Min: 3, Avg: 8.5, Max: 17, Diff: 14, Sum: 111]
      [Scan RS (ms): Min: 35.6, Avg: 37.0, Max: 37.5, Diff: 1.9, Sum: 480.9]
      [Code Root Scanning (ms): Min: 0.0, Avg: 0.0, Max: 0.0, Diff: 0.0, Sum: 0.1]
      [Object Copy (ms): Min: 96.4, Avg: 97.0, Max: 97.2, Diff: 0.8, Sum: 1260.5]
      [Termination (ms): Min: 0.0, Avg: 0.0, Max: 0.0, Diff: 0.0, Sum: 0.0]
      [GC Worker Other (ms): Min: 0.0, Avg: 0.0, Max: 0.1, Diff: 0.1, Sum: 0.5]
      [GC Worker Total (ms): Min: 137.8, Avg: 138.0, Max: 138.3, Diff: 0.6, Sum: 1794.4]
      [GC Worker End (ms): Min: 137799.7, Avg: 137799.7, Max: 137799.7, Diff: 0.1]
   [Code Root Fixup: 0.3 ms]
   [Code Root Migration: 0.1 ms]
   [Clear CT: 4.2 ms]
   [Other: 10.2 ms]
      [Choose CSet: 0.4 ms]
      [Ref Proc: 0.6 ms]
      [Ref Enq: 0.0 ms]
      [Free CSet: 2.3 ms]
   [Eden: 912.0M(912.0M)->0.0B(1056.0M) Survivors: 304.0M->160.0M Heap: 14.4G(24.0G)->13.1G(24.0G)]
 [Times: user=1.84 sys=0.00, real=0.15 secs] 
2014-04-09T11:10:24.595+0900: 138.556: [GC pause (G1 Evacuation Pause) (mixed), 0.1793753 secs]
   [Parallel Time: 163.3 ms, GC Workers: 13]
      [GC Worker Start (ms): Min: 138557.4, Avg: 138557.6, Max: 138557.8, Diff: 0.4]
      [Ext Root Scanning (ms): Min: 1.3, Avg: 1.5, Max: 1.9, Diff: 0.7, Sum: 19.3]
      [Update RS (ms): Min: 2.6, Avg: 3.3, Max: 3.6, Diff: 1.0, Sum: 42.9]
         [Processed Buffers: Min: 3, Avg: 9.6, Max: 39, Diff: 36, Sum: 125]
      [Scan RS (ms): Min: 42.5, Avg: 42.8, Max: 43.1, Diff: 0.6, Sum: 556.1]
      [Code Root Scanning (ms): Min: 0.0, Avg: 0.0, Max: 0.0, Diff: 0.0, Sum: 0.1]
      [Object Copy (ms): Min: 115.0, Avg: 115.1, Max: 115.2, Diff: 0.2, Sum: 1496.1]
      [Termination (ms): Min: 0.0, Avg: 0.2, Max: 0.2, Diff: 0.2, Sum: 2.1]
      [GC Worker Other (ms): Min: 0.0, Avg: 0.0, Max: 0.0, Diff: 0.0, Sum: 0.4]
      [GC Worker Total (ms): Min: 162.7, Avg: 162.8, Max: 163.0, Diff: 0.3, Sum: 2117.0]
      [GC Worker End (ms): Min: 138720.5, Avg: 138720.5, Max: 138720.5, Diff: 0.1]
   [Code Root Fixup: 0.3 ms]
   [Code Root Migration: 0.1 ms]
   [Clear CT: 4.5 ms]
   [Other: 11.2 ms]
      [Choose CSet: 0.6 ms]
      [Ref Proc: 0.5 ms]
      [Ref Enq: 0.0 ms]
      [Free CSet: 2.1 ms]
   [Eden: 1056.0M(1056.0M)->0.0B(1056.0M) Survivors: 160.0M->160.0M Heap: 14.4G(24.0G)->13.0G(24.0G)]
 [Times: user=2.08 sys=0.09, real=0.18 secs] 
2014-04-09T11:10:25.420+0900: 139.382: [GC pause (G1 Evacuation Pause) (mixed), 0.1397657 secs]
   [Parallel Time: 126.3 ms, GC Workers: 13]
      [GC Worker Start (ms): Min: 139382.8, Avg: 139383.0, Max: 139383.1, Diff: 0.3]
      [Ext Root Scanning (ms): Min: 1.2, Avg: 1.6, Max: 2.3, Diff: 1.1, Sum: 20.6]
      [Update RS (ms): Min: 1.2, Avg: 2.8, Max: 3.6, Diff: 2.4, Sum: 36.9]
         [Processed Buffers: Min: 3, Avg: 9.0, Max: 31, Diff: 28, Sum: 117]
      [Scan RS (ms): Min: 34.6, Avg: 35.1, Max: 36.0, Diff: 1.4, Sum: 456.5]
      [Code Root Scanning (ms): Min: 0.0, Avg: 0.0, Max: 0.0, Diff: 0.0, Sum: 0.1]
      [Object Copy (ms): Min: 85.6, Avg: 85.8, Max: 86.7, Diff: 1.0, Sum: 1115.6]
      [Termination (ms): Min: 0.0, Avg: 0.0, Max: 0.0, Diff: 0.0, Sum: 0.0]
      [GC Worker Other (ms): Min: 0.0, Avg: 0.0, Max: 0.1, Diff: 0.1, Sum: 0.5]
      [GC Worker Total (ms): Min: 125.3, Avg: 125.4, Max: 125.6, Diff: 0.3, Sum: 1630.2]
      [GC Worker End (ms): Min: 139508.3, Avg: 139508.4, Max: 139508.4, Diff: 0.1]
   [Code Root Fixup: 0.3 ms]
   [Code Root Migration: 0.0 ms]
   [Clear CT: 4.3 ms]
   [Other: 8.8 ms]
      [Choose CSet: 0.3 ms]
      [Ref Proc: 0.7 ms]
      [Ref Enq: 0.0 ms]
      [Free CSet: 1.3 ms]
   [Eden: 1056.0M(1056.0M)->0.0B(1056.0M) Survivors: 160.0M->160.0M Heap: 14.3G(24.0G)->13.3G(24.0G)]
 [Times: user=1.62 sys=0.05, real=0.14 secs] 
2014-04-09T11:10:25.616+0900: 139.577: [GC pause (G1 Humongous Allocation) (young) (initial-mark), 0.1437431 secs]
   [Parallel Time: 137.9 ms, GC Workers: 13]
      [GC Worker Start (ms): Min: 139577.6, Avg: 139577.8, Max: 139578.0, Diff: 0.4]
      [Ext Root Scanning (ms): Min: 1.0, Avg: 1.6, Max: 3.8, Diff: 2.7, Sum: 20.2]
      [Code Root Marking (ms): Min: 0.0, Avg: 0.8, Max: 7.0, Diff: 7.0, Sum: 10.0]
      [Update RS (ms): Min: 72.7, Avg: 85.2, Max: 134.7, Diff: 62.0, Sum: 1107.8]
         [Processed Buffers: Min: 28, Avg: 44.4, Max: 66, Diff: 38, Sum: 577]
      [Scan RS (ms): Min: 0.0, Avg: 1.3, Max: 2.0, Diff: 2.0, Sum: 17.0]
      [Code Root Scanning (ms): Min: 0.0, Avg: 0.0, Max: 0.0, Diff: 0.0, Sum: 0.0]
      [Object Copy (ms): Min: 0.6, Avg: 24.2, Max: 29.0, Diff: 28.5, Sum: 314.2]
      [Termination (ms): Min: 0.0, Avg: 23.9, Max: 26.7, Diff: 26.7, Sum: 310.4]
      [GC Worker Other (ms): Min: 0.0, Avg: 0.0, Max: 0.0, Diff: 0.0, Sum: 0.3]
      [GC Worker Total (ms): Min: 136.7, Avg: 136.9, Max: 137.2, Diff: 0.5, Sum: 1779.8]
      [GC Worker End (ms): Min: 139714.7, Avg: 139714.8, Max: 139714.8, Diff: 0.0]
   [Code Root Fixup: 0.3 ms]
   [Code Root Migration: 0.0 ms]
   [Clear CT: 0.8 ms]
   [Other: 4.7 ms]
      [Choose CSet: 0.0 ms]
      [Ref Proc: 0.8 ms]
      [Ref Enq: 0.0 ms]
      [Free CSet: 0.1 ms]
   [Eden: 48.0M(1056.0M)->0.0B(1104.0M) Survivors: 160.0M->112.0M Heap: 13.3G(24.0G)->13.5G(24.0G)]
 [Times: user=1.77 sys=0.00, real=0.14 secs] 
2014-04-09T11:10:25.760+0900: 139.721: [GC concurrent-root-region-scan-start]
2014-04-09T11:10:25.761+0900: 139.723: [GC concurrent-root-region-scan-end, 0.0018352 secs]
2014-04-09T11:10:25.761+0900: 139.723: [GC concurrent-mark-start]
2014-04-09T11:10:26.828+0900: 140.789: [GC pause (G1 Evacuation Pause) (young), 0.0830653 secs]
   [Parallel Time: 73.9 ms, GC Workers: 13]
      [GC Worker Start (ms): Min: 140789.4, Avg: 140789.8, Max: 140790.1, Diff: 0.8]
      [Ext Root Scanning (ms): Min: 0.5, Avg: 1.0, Max: 2.0, Diff: 1.5, Sum: 12.7]
      [SATB Filtering (ms): Min: 0.0, Avg: 0.0, Max: 0.5, Diff: 0.5, Sum: 0.5]
      [Update RS (ms): Min: 4.1, Avg: 11.5, Max: 62.9, Diff: 58.9, Sum: 149.9]
         [Processed Buffers: Min: 4, Avg: 10.6, Max: 48, Diff: 44, Sum: 138]
      [Scan RS (ms): Min: 0.0, Avg: 6.2, Max: 7.6, Diff: 7.6, Sum: 81.0]
      [Code Root Scanning (ms): Min: 0.0, Avg: 0.0, Max: 0.0, Diff: 0.0, Sum: 0.0]
      [Object Copy (ms): Min: 8.7, Avg: 53.8, Max: 60.1, Diff: 51.5, Sum: 699.1]
      [Termination (ms): Min: 0.0, Avg: 0.0, Max: 0.0, Diff: 0.0, Sum: 0.0]
      [GC Worker Other (ms): Min: 0.0, Avg: 0.0, Max: 0.1, Diff: 0.1, Sum: 0.6]
      [GC Worker Total (ms): Min: 72.2, Avg: 72.6, Max: 73.0, Diff: 0.8, Sum: 943.9]
      [GC Worker End (ms): Min: 140862.4, Avg: 140862.4, Max: 140862.4, Diff: 0.1]
   [Code Root Fixup: 0.2 ms]
   [Code Root Migration: 0.0 ms]
   [Clear CT: 4.7 ms]
   [Other: 4.3 ms]
      [Choose CSet: 0.0 ms]
      [Ref Proc: 1.5 ms]
      [Ref Enq: 0.0 ms]
      [Free CSet: 0.5 ms]
   [Eden: 1104.0M(1104.0M)->0.0B(1056.0M) Survivors: 112.0M->160.0M Heap: 14.9G(24.0G)->13.9G(24.0G)]
 [Times: user=0.80 sys=0.16, real=0.08 secs] 
2014-04-09T11:10:27.571+0900: 141.532: [GC concurrent-mark-end, 1.8091795 secs]
2014-04-09T11:10:27.572+0900: 141.534: [GC remark 141.535: [GC ref-proc, 0.0086868 secs], 0.0366947 secs]
 [Times: user=0.29 sys=0.00, real=0.04 secs] 
2014-04-09T11:10:27.612+0900: 141.573: [GC cleanup 14G->13G(24G), 0.0310090 secs]
 [Times: user=0.36 sys=0.00, real=0.03 secs] 
2014-04-09T11:10:27.643+0900: 141.605: [GC concurrent-cleanup-start]
2014-04-09T11:10:27.645+0900: 141.606: [GC concurrent-cleanup-end, 0.0016988 secs]
2014-04-09T11:10:29.146+0900: 143.108: [GC pause (G1 Evacuation Pause) (young), 0.1073811 secs]
   [Parallel Time: 96.9 ms, GC Workers: 13]
      [GC Worker Start (ms): Min: 143107.9, Avg: 143108.2, Max: 143108.6, Diff: 0.7]
      [Ext Root Scanning (ms): Min: 0.6, Avg: 1.1, Max: 1.8, Diff: 1.2, Sum: 14.7]
      [Update RS (ms): Min: 0.0, Avg: 17.2, Max: 70.0, Diff: 70.0, Sum: 224.2]
         [Processed Buffers: Min: 0, Avg: 9.5, Max: 54, Diff: 54, Sum: 124]
      [Scan RS (ms): Min: 0.0, Avg: 18.8, Max: 35.6, Diff: 35.6, Sum: 244.7]
      [Code Root Scanning (ms): Min: 0.0, Avg: 0.0, Max: 0.0, Diff: 0.0, Sum: 0.0]
      [Object Copy (ms): Min: 23.8, Avg: 58.1, Max: 72.4, Diff: 48.5, Sum: 755.7]
      [Termination (ms): Min: 0.0, Avg: 0.0, Max: 0.0, Diff: 0.0, Sum: 0.0]
      [GC Worker Other (ms): Min: 0.0, Avg: 0.0, Max: 0.1, Diff: 0.1, Sum: 0.4]
      [GC Worker Total (ms): Min: 95.0, Avg: 95.4, Max: 95.7, Diff: 0.7, Sum: 1239.7]
      [GC Worker End (ms): Min: 143203.6, Avg: 143203.6, Max: 143203.7, Diff: 0.1]
   [Code Root Fixup: 0.1 ms]
   [Code Root Migration: 0.0 ms]
   [Clear CT: 4.0 ms]
   [Other: 6.3 ms]
      [Choose CSet: 0.0 ms]
      [Ref Proc: 1.2 ms]
      [Ref Enq: 0.0 ms]
      [Free CSet: 1.1 ms]
   [Eden: 1056.0M(1056.0M)->0.0B(1056.0M) Survivors: 160.0M->160.0M Heap: 13.8G(24.0G)->13.0G(24.0G)]
 [Times: user=1.18 sys=0.01, real=0.10 secs] 
2014-04-09T11:10:29.903+0900: 143.864: [GC pause (G1 Evacuation Pause) (mixed), 0.1014009 secs]
   [Parallel Time: 89.6 ms, GC Workers: 13]
      [GC Worker Start (ms): Min: 143864.8, Avg: 143865.1, Max: 143865.3, Diff: 0.5]
      [Ext Root Scanning (ms): Min: 1.2, Avg: 1.5, Max: 2.0, Diff: 0.8, Sum: 19.4]
      [Update RS (ms): Min: 4.6, Avg: 5.3, Max: 6.6, Diff: 2.0, Sum: 69.1]
         [Processed Buffers: Min: 2, Avg: 6.8, Max: 17, Diff: 15, Sum: 88]
      [Scan RS (ms): Min: 21.8, Avg: 22.9, Max: 23.5, Diff: 1.7, Sum: 297.9]
      [Code Root Scanning (ms): Min: 0.0, Avg: 0.0, Max: 0.0, Diff: 0.0, Sum: 0.0]
      [Object Copy (ms): Min: 58.3, Avg: 58.6, Max: 59.0, Diff: 0.6, Sum: 761.4]
      [Termination (ms): Min: 0.0, Avg: 0.0, Max: 0.0, Diff: 0.0, Sum: 0.0]
      [GC Worker Other (ms): Min: 0.0, Avg: 0.0, Max: 0.1, Diff: 0.0, Sum: 0.5]
      [GC Worker Total (ms): Min: 88.1, Avg: 88.3, Max: 88.6, Diff: 0.5, Sum: 1148.4]
      [GC Worker End (ms): Min: 143953.4, Avg: 143953.4, Max: 143953.5, Diff: 0.0]
   [Code Root Fixup: 0.1 ms]
   [Code Root Migration: 0.0 ms]
   [Clear CT: 3.9 ms]
   [Other: 7.6 ms]
      [Choose CSet: 0.2 ms]
      [Ref Proc: 0.7 ms]
      [Ref Enq: 0.0 ms]
      [Free CSet: 1.5 ms]
   [Eden: 1056.0M(1056.0M)->0.0B(1104.0M) Survivors: 160.0M->112.0M Heap: 14.1G(24.0G)->12.9G(24.0G)]
 [Times: user=1.18 sys=0.02, real=0.10 secs] 
2014-04-09T11:10:50.364+0900: 164.326: [GC pause (G1 Evacuation Pause) (young), 0.0127316 secs]
   [Parallel Time: 7.7 ms, GC Workers: 13]
      [GC Worker Start (ms): Min: 164326.0, Avg: 164326.3, Max: 164326.6, Diff: 0.6]
      [Ext Root Scanning (ms): Min: 0.9, Avg: 1.2, Max: 1.5, Diff: 0.5, Sum: 16.2]
      [Update RS (ms): Min: 0.8, Avg: 1.1, Max: 1.4, Diff: 0.6, Sum: 14.1]
         [Processed Buffers: Min: 0, Avg: 9.0, Max: 25, Diff: 25, Sum: 117]
      [Scan RS (ms): Min: 1.4, Avg: 1.8, Max: 2.3, Diff: 0.9, Sum: 23.0]
      [Code Root Scanning (ms): Min: 0.0, Avg: 0.0, Max: 0.0, Diff: 0.0, Sum: 0.0]
      [Object Copy (ms): Min: 1.8, Avg: 2.2, Max: 2.4, Diff: 0.6, Sum: 29.0]
      [Termination (ms): Min: 0.0, Avg: 0.0, Max: 0.0, Diff: 0.0, Sum: 0.1]
      [GC Worker Other (ms): Min: 0.0, Avg: 0.0, Max: 0.1, Diff: 0.1, Sum: 0.6]
      [GC Worker Total (ms): Min: 6.1, Avg: 6.4, Max: 6.7, Diff: 0.6, Sum: 83.0]
      [GC Worker End (ms): Min: 164332.6, Avg: 164332.7, Max: 164332.7, Diff: 0.1]
   [Code Root Fixup: 0.1 ms]
   [Code Root Migration: 0.0 ms]
   [Clear CT: 3.0 ms]
   [Other: 1.8 ms]
      [Choose CSet: 0.0 ms]
      [Ref Proc: 0.7 ms]
      [Ref Enq: 0.0 ms]
      [Free CSet: 0.4 ms]
   [Eden: 1104.0M(1104.0M)->0.0B(2080.0M) Survivors: 112.0M->64.0M Heap: 13.9G(24.0G)->12.8G(24.0G)]
 [Times: user=0.12 sys=0.00, real=0.01 secs] 
2014-04-09T11:10:50.445+0900: 164.407: [GC pause (G1 Humongous Allocation) (young) (initial-mark), 0.0137044 secs]
   [Parallel Time: 9.8 ms, GC Workers: 13]
      [GC Worker Start (ms): Min: 164407.3, Avg: 164407.6, Max: 164407.8, Diff: 0.5]
      [Ext Root Scanning (ms): Min: 1.0, Avg: 1.3, Max: 3.2, Diff: 2.2, Sum: 17.5]
      [Code Root Marking (ms): Min: 0.0, Avg: 0.8, Max: 7.1, Diff: 7.1, Sum: 10.5]
      [Update RS (ms): Min: 0.0, Avg: 1.4, Max: 2.1, Diff: 2.1, Sum: 18.0]
         [Processed Buffers: Min: 0, Avg: 2.5, Max: 7, Diff: 7, Sum: 33]
      [Scan RS (ms): Min: 0.0, Avg: 0.0, Max: 0.0, Diff: 0.0, Sum: 0.1]
      [Code Root Scanning (ms): Min: 0.0, Avg: 0.0, Max: 0.0, Diff: 0.0, Sum: 0.0]
      [Object Copy (ms): Min: 0.5, Avg: 2.4, Max: 3.4, Diff: 2.9, Sum: 31.5]
      [Termination (ms): Min: 0.0, Avg: 2.8, Max: 3.1, Diff: 3.1, Sum: 36.9]
      [GC Worker Other (ms): Min: 0.0, Avg: 0.0, Max: 0.0, Diff: 0.0, Sum: 0.3]
      [GC Worker Total (ms): Min: 8.6, Avg: 8.8, Max: 9.1, Diff: 0.5, Sum: 114.9]
      [GC Worker End (ms): Min: 164416.4, Avg: 164416.4, Max: 164416.4, Diff: 0.0]
   [Code Root Fixup: 0.2 ms]
   [Code Root Migration: 0.0 ms]
   [Clear CT: 1.6 ms]
   [Other: 2.2 ms]
      [Choose CSet: 0.0 ms]
      [Ref Proc: 0.9 ms]
      [Ref Enq: 0.0 ms]
      [Free CSet: 0.1 ms]
   [Eden: 176.0M(2080.0M)->0.0B(5616.0M) Survivors: 64.0M->32.0M Heap: 13.0G(24.0G)->12.8G(24.0G)]
 [Times: user=0.11 sys=0.00, real=0.02 secs] 
2014-04-09T11:10:50.459+0900: 164.421: [GC concurrent-root-region-scan-start]
2014-04-09T11:10:50.465+0900: 164.427: [GC concurrent-root-region-scan-end, 0.0061632 secs]
2014-04-09T11:10:50.466+0900: 164.427: [GC concurrent-mark-start]
2014-04-09T11:10:51.904+0900: 165.865: [GC concurrent-mark-end, 1.4380093 secs]
2014-04-09T11:10:51.905+0900: 165.867: [GC remark 165.869: [GC ref-proc, 0.0073610 secs], 0.0310546 secs]
 [Times: user=0.22 sys=0.01, real=0.03 secs] 
2014-04-09T11:10:51.938+0900: 165.900: [GC cleanup 14G->14G(24G), 0.0282862 secs]
 [Times: user=0.33 sys=0.00, real=0.03 secs] 
2014-04-09T11:10:51.967+0900: 165.929: [GC concurrent-cleanup-start]
2014-04-09T11:10:51.968+0900: 165.930: [GC concurrent-cleanup-end, 0.0008134 secs]
2014-04-09T11:10:54.954+0900: 168.915: [GC pause (G1 Evacuation Pause) (young), 0.1575276 secs]
   [Parallel Time: 142.7 ms, GC Workers: 13]
      [GC Worker Start (ms): Min: 168916.1, Avg: 168916.3, Max: 168916.6, Diff: 0.6]
      [Ext Root Scanning (ms): Min: 0.4, Avg: 1.0, Max: 1.8, Diff: 1.4, Sum: 13.6]
      [Update RS (ms): Min: 2.9, Avg: 14.4, Max: 75.0, Diff: 72.1, Sum: 186.8]
         [Processed Buffers: Min: 9, Avg: 15.4, Max: 27, Diff: 18, Sum: 200]
      [Scan RS (ms): Min: 0.1, Avg: 25.4, Max: 30.3, Diff: 30.2, Sum: 330.3]
      [Code Root Scanning (ms): Min: 0.0, Avg: 0.0, Max: 0.0, Diff: 0.0, Sum: 0.1]
      [Object Copy (ms): Min: 65.5, Avg: 100.8, Max: 107.3, Diff: 41.8, Sum: 1310.6]
      [Termination (ms): Min: 0.0, Avg: 0.0, Max: 0.0, Diff: 0.0, Sum: 0.1]
      [GC Worker Other (ms): Min: 0.0, Avg: 0.1, Max: 0.2, Diff: 0.1, Sum: 0.9]
      [GC Worker Total (ms): Min: 141.4, Avg: 141.7, Max: 142.1, Diff: 0.7, Sum: 1842.3]
      [GC Worker End (ms): Min: 169058.0, Avg: 169058.1, Max: 169058.1, Diff: 0.1]
   [Code Root Fixup: 0.3 ms]
   [Code Root Migration: 0.1 ms]
   [Clear CT: 5.6 ms]
   [Other: 8.9 ms]
      [Choose CSet: 0.0 ms]
      [Ref Proc: 0.5 ms]
      [Ref Enq: 0.0 ms]
      [Free CSet: 1.9 ms]
   [Eden: 3984.0M(2944.0M)->0.0B(832.0M) Survivors: 32.0M->384.0M Heap: 17.2G(24.0G)->13.9G(24.0G)]
 [Times: user=1.87 sys=0.01, real=0.16 secs] 
2014-04-09T11:10:55.966+0900: 169.927: [GC pause (G1 Evacuation Pause) (mixed), 0.2139154 secs]
   [Parallel Time: 194.6 ms, GC Workers: 13]
      [GC Worker Start (ms): Min: 169928.3, Avg: 169928.5, Max: 169928.7, Diff: 0.4]
      [Ext Root Scanning (ms): Min: 0.4, Avg: 0.8, Max: 1.7, Diff: 1.3, Sum: 9.9]
      [Update RS (ms): Min: 5.0, Avg: 5.9, Max: 10.6, Diff: 5.7, Sum: 76.4]
         [Processed Buffers: Min: 9, Avg: 20.5, Max: 29, Diff: 20, Sum: 266]
      [Scan RS (ms): Min: 43.2, Avg: 47.6, Max: 48.3, Diff: 5.1, Sum: 618.7]
      [Code Root Scanning (ms): Min: 0.0, Avg: 0.0, Max: 0.0, Diff: 0.0, Sum: 0.1]
      [Object Copy (ms): Min: 138.5, Avg: 139.3, Max: 140.0, Diff: 1.5, Sum: 1811.3]
      [Termination (ms): Min: 0.0, Avg: 0.0, Max: 0.0, Diff: 0.0, Sum: 0.0]
      [GC Worker Other (ms): Min: 0.0, Avg: 0.0, Max: 0.1, Diff: 0.1, Sum: 0.5]
      [GC Worker Total (ms): Min: 193.4, Avg: 193.6, Max: 193.8, Diff: 0.4, Sum: 2516.9]
      [GC Worker End (ms): Min: 170122.1, Avg: 170122.1, Max: 170122.2, Diff: 0.1]
   [Code Root Fixup: 0.4 ms]
   [Code Root Migration: 0.1 ms]
   [Clear CT: 4.1 ms]
   [Other: 14.7 ms]
      [Choose CSet: 0.5 ms]
      [Ref Proc: 0.8 ms]
      [Ref Enq: 0.0 ms]
      [Free CSet: 2.5 ms]
   [Eden: 832.0M(832.0M)->0.0B(1056.0M) Survivors: 384.0M->160.0M Heap: 15.0G(24.0G)->13.7G(24.0G)]
 [Times: user=2.56 sys=0.02, real=0.22 secs] 
2014-04-09T11:10:57.295+0900: 171.257: [GC pause (G1 Evacuation Pause) (mixed), 0.2009919 secs]
   [Parallel Time: 181.9 ms, GC Workers: 13]
      [GC Worker Start (ms): Min: 171257.7, Avg: 171258.0, Max: 171258.2, Diff: 0.5]
      [Ext Root Scanning (ms): Min: 0.6, Avg: 1.0, Max: 2.1, Diff: 1.5, Sum: 12.9]
      [Update RS (ms): Min: 2.2, Avg: 3.3, Max: 4.1, Diff: 1.9, Sum: 43.4]
         [Processed Buffers: Min: 9, Avg: 13.4, Max: 19, Diff: 10, Sum: 174]
      [Scan RS (ms): Min: 48.4, Avg: 49.0, Max: 49.4, Diff: 1.0, Sum: 637.3]
      [Code Root Scanning (ms): Min: 0.0, Avg: 0.0, Max: 0.0, Diff: 0.0, Sum: 0.1]
      [Object Copy (ms): Min: 126.6, Avg: 126.9, Max: 127.0, Diff: 0.4, Sum: 1649.1]
      [Termination (ms): Min: 0.0, Avg: 0.0, Max: 0.0, Diff: 0.0, Sum: 0.1]
      [GC Worker Other (ms): Min: 0.0, Avg: 0.0, Max: 0.1, Diff: 0.1, Sum: 0.4]
      [GC Worker Total (ms): Min: 180.1, Avg: 180.3, Max: 180.5, Diff: 0.4, Sum: 2343.3]
      [GC Worker End (ms): Min: 171438.2, Avg: 171438.2, Max: 171438.3, Diff: 0.1]
   [Code Root Fixup: 0.4 ms]
   [Code Root Migration: 0.1 ms]
   [Clear CT: 4.7 ms]
   [Other: 14.0 ms]
      [Choose CSet: 0.5 ms]
      [Ref Proc: 1.3 ms]
      [Ref Enq: 0.0 ms]
      [Free CSet: 2.6 ms]
   [Eden: 1056.0M(1056.0M)->0.0B(1056.0M) Survivors: 160.0M->160.0M Heap: 15.1G(24.0G)->13.7G(24.0G)]
 [Times: user=2.38 sys=0.03, real=0.20 secs] 
2014-04-09T11:10:58.529+0900: 172.490: [GC pause (G1 Evacuation Pause) (mixed), 0.1853833 secs]
   [Parallel Time: 169.2 ms, GC Workers: 13]
      [GC Worker Start (ms): Min: 172491.5, Avg: 172491.8, Max: 172491.9, Diff: 0.4]
      [Ext Root Scanning (ms): Min: 0.8, Avg: 1.0, Max: 1.5, Diff: 0.7, Sum: 13.3]
      [Update RS (ms): Min: 3.3, Avg: 12.5, Max: 70.0, Diff: 66.6, Sum: 162.2]
         [Processed Buffers: Min: 0, Avg: 14.3, Max: 25, Diff: 25, Sum: 186]
      [Scan RS (ms): Min: 0.0, Avg: 42.4, Max: 49.8, Diff: 49.8, Sum: 550.6]
      [Code Root Scanning (ms): Min: 0.0, Avg: 0.0, Max: 0.0, Diff: 0.0, Sum: 0.1]
      [Object Copy (ms): Min: 97.1, Avg: 112.3, Max: 113.9, Diff: 16.8, Sum: 1460.3]
      [Termination (ms): Min: 0.0, Avg: 0.4, Max: 0.5, Diff: 0.4, Sum: 4.6]
      [GC Worker Other (ms): Min: 0.0, Avg: 0.1, Max: 0.1, Diff: 0.1, Sum: 0.7]
      [GC Worker Total (ms): Min: 168.4, Avg: 168.6, Max: 168.8, Diff: 0.4, Sum: 2191.8]
      [GC Worker End (ms): Min: 172660.3, Avg: 172660.4, Max: 172660.4, Diff: 0.1]
   [Code Root Fixup: 0.3 ms]
   [Code Root Migration: 0.0 ms]
   [Clear CT: 4.6 ms]
   [Other: 11.2 ms]
      [Choose CSet: 0.5 ms]
      [Ref Proc: 0.5 ms]
      [Ref Enq: 0.0 ms]
      [Free CSet: 2.0 ms]
   [Eden: 1056.0M(1056.0M)->0.0B(1056.0M) Survivors: 160.0M->160.0M Heap: 15.0G(24.0G)->13.9G(24.0G)]
 [Times: user=2.23 sys=0.02, real=0.19 secs] 
2014-04-09T11:10:58.769+0900: 172.730: [GC pause (G1 Humongous Allocation) (young) (initial-mark), 0.1356304 secs]
   [Parallel Time: 130.3 ms, GC Workers: 13]
      [GC Worker Start (ms): Min: 172730.7, Avg: 172731.0, Max: 172731.2, Diff: 0.5]
      [Ext Root Scanning (ms): Min: 0.5, Avg: 0.9, Max: 3.1, Diff: 2.6, Sum: 11.5]
      [Code Root Marking (ms): Min: 0.0, Avg: 0.6, Max: 4.7, Diff: 4.7, Sum: 7.8]
      [Update RS (ms): Min: 97.8, Avg: 101.3, Max: 103.6, Diff: 5.7, Sum: 1317.1]
         [Processed Buffers: Min: 28, Avg: 54.1, Max: 93, Diff: 65, Sum: 703]
      [Scan RS (ms): Min: 0.0, Avg: 0.9, Max: 1.3, Diff: 1.3, Sum: 12.1]
      [Code Root Scanning (ms): Min: 0.0, Avg: 0.0, Max: 0.0, Diff: 0.0, Sum: 0.0]
      [Object Copy (ms): Min: 24.4, Avg: 25.2, Max: 26.0, Diff: 1.5, Sum: 328.2]
      [Termination (ms): Min: 0.0, Avg: 0.7, Max: 0.8, Diff: 0.8, Sum: 8.7]
      [GC Worker Other (ms): Min: 0.0, Avg: 0.0, Max: 0.0, Diff: 0.0, Sum: 0.2]
      [GC Worker Total (ms): Min: 129.4, Avg: 129.7, Max: 129.9, Diff: 0.5, Sum: 1685.7]
      [GC Worker End (ms): Min: 172860.6, Avg: 172860.6, Max: 172860.7, Diff: 0.0]
   [Code Root Fixup: 0.2 ms]
   [Code Root Migration: 0.0 ms]
   [Clear CT: 1.0 ms]
   [Other: 4.1 ms]
      [Choose CSet: 0.0 ms]
      [Ref Proc: 0.8 ms]
      [Ref Enq: 0.0 ms]
      [Free CSet: 0.1 ms]
   [Eden: 32.0M(1056.0M)->0.0B(1104.0M) Survivors: 160.0M->112.0M Heap: 13.9G(24.0G)->14.0G(24.0G)]
 [Times: user=1.69 sys=0.00, real=0.14 secs] 
2014-04-09T11:10:58.905+0900: 172.866: [GC concurrent-root-region-scan-start]
2014-04-09T11:10:58.907+0900: 172.868: [GC concurrent-root-region-scan-end, 0.0023050 secs]
2014-04-09T11:10:58.907+0900: 172.869: [GC concurrent-mark-start]
2014-04-09T11:11:00.461+0900: 174.423: [GC concurrent-mark-end, 1.5540527 secs]
2014-04-09T11:11:00.463+0900: 174.424: [GC remark 174.426: [GC ref-proc, 0.0063440 secs], 0.0316135 secs]
 [Times: user=0.25 sys=0.00, real=0.03 secs] 
2014-04-09T11:11:00.499+0900: 174.461: [GC cleanup 14G->12G(24G), 0.0274779 secs]
 [Times: user=0.33 sys=0.01, real=0.02 secs] 
2014-04-09T11:11:00.528+0900: 174.489: [GC concurrent-cleanup-start]
2014-04-09T11:11:00.530+0900: 174.492: [GC concurrent-cleanup-end, 0.0023985 secs]
2014-04-09T11:11:01.582+0900: 175.543: [GC pause (G1 Evacuation Pause) (young), 0.0659845 secs]
   [Parallel Time: 57.9 ms, GC Workers: 13]
      [GC Worker Start (ms): Min: 175543.5, Avg: 175543.8, Max: 175544.0, Diff: 0.5]
      [Ext Root Scanning (ms): Min: 0.3, Avg: 0.8, Max: 1.6, Diff: 1.3, Sum: 9.9]
      [Update RS (ms): Min: 1.3, Avg: 2.0, Max: 3.0, Diff: 1.7, Sum: 26.1]
         [Processed Buffers: Min: 3, Avg: 7.0, Max: 13, Diff: 10, Sum: 91]
      [Scan RS (ms): Min: 8.6, Avg: 10.0, Max: 10.4, Diff: 1.8, Sum: 129.7]
      [Code Root Scanning (ms): Min: 0.0, Avg: 0.0, Max: 0.0, Diff: 0.0, Sum: 0.0]
      [Object Copy (ms): Min: 43.3, Avg: 43.8, Max: 44.6, Diff: 1.4, Sum: 569.2]
      [Termination (ms): Min: 0.0, Avg: 0.0, Max: 0.0, Diff: 0.0, Sum: 0.0]
      [GC Worker Other (ms): Min: 0.0, Avg: 0.0, Max: 0.1, Diff: 0.0, Sum: 0.4]
      [GC Worker Total (ms): Min: 56.4, Avg: 56.6, Max: 56.8, Diff: 0.5, Sum: 735.3]
      [GC Worker End (ms): Min: 175600.3, Avg: 175600.4, Max: 175600.4, Diff: 0.0]
   [Code Root Fixup: 0.2 ms]
   [Code Root Migration: 0.0 ms]
   [Clear CT: 4.2 ms]
   [Other: 3.6 ms]
      [Choose CSet: 0.0 ms]
      [Ref Proc: 0.7 ms]
      [Ref Enq: 0.0 ms]
      [Free CSet: 0.5 ms]
   [Eden: 1104.0M(1104.0M)->0.0B(1056.0M) Survivors: 112.0M->160.0M Heap: 13.3G(24.0G)->12.3G(24.0G)]
 [Times: user=0.73 sys=0.03, real=0.06 secs] 
2014-04-09T11:11:04.060+0900: 178.021: [GC pause (G1 Evacuation Pause) (mixed), 0.1040785 secs]
   [Parallel Time: 91.3 ms, GC Workers: 13]
      [GC Worker Start (ms): Min: 178021.8, Avg: 178022.1, Max: 178022.3, Diff: 0.5]
      [Ext Root Scanning (ms): Min: 0.4, Avg: 0.7, Max: 1.4, Diff: 1.0, Sum: 9.4]
      [Update RS (ms): Min: 5.0, Avg: 5.7, Max: 6.8, Diff: 1.8, Sum: 73.9]
         [Processed Buffers: Min: 3, Avg: 7.5, Max: 15, Diff: 12, Sum: 97]
      [Scan RS (ms): Min: 20.9, Avg: 22.0, Max: 22.7, Diff: 1.8, Sum: 286.1]
      [Code Root Scanning (ms): Min: 0.0, Avg: 0.0, Max: 0.0, Diff: 0.0, Sum: 0.0]
      [Object Copy (ms): Min: 61.2, Avg: 61.6, Max: 62.0, Diff: 0.8, Sum: 800.6]
      [Termination (ms): Min: 0.0, Avg: 0.0, Max: 0.0, Diff: 0.0, Sum: 0.0]
      [GC Worker Other (ms): Min: 0.0, Avg: 0.1, Max: 0.2, Diff: 0.2, Sum: 0.7]
      [GC Worker Total (ms): Min: 89.8, Avg: 90.1, Max: 90.3, Diff: 0.5, Sum: 1170.7]
      [GC Worker End (ms): Min: 178112.1, Avg: 178112.1, Max: 178112.2, Diff: 0.2]
   [Code Root Fixup: 0.1 ms]
   [Code Root Migration: 0.0 ms]
   [Clear CT: 5.1 ms]
   [Other: 7.6 ms]
      [Choose CSet: 0.2 ms]
      [Ref Proc: 1.0 ms]
      [Ref Enq: 0.0 ms]
      [Free CSet: 1.6 ms]
   [Eden: 1056.0M(1056.0M)->0.0B(1072.0M) Survivors: 160.0M->144.0M Heap: 13.5G(24.0G)->12.4G(24.0G)]
 [Times: user=1.21 sys=0.02, real=0.11 secs] 
2014-04-09T11:11:20.791+0900: 194.753: [GC pause (G1 Evacuation Pause) (young), 0.0331645 secs]
   [Parallel Time: 25.2 ms, GC Workers: 13]
      [GC Worker Start (ms): Min: 194753.3, Avg: 194753.6, Max: 194753.8, Diff: 0.5]
      [Ext Root Scanning (ms): Min: 0.3, Avg: 0.7, Max: 1.2, Diff: 0.9, Sum: 9.2]
      [Update RS (ms): Min: 3.9, Avg: 4.9, Max: 5.4, Diff: 1.5, Sum: 63.4]
         [Processed Buffers: Min: 2, Avg: 8.9, Max: 31, Diff: 29, Sum: 116]
      [Scan RS (ms): Min: 5.2, Avg: 5.5, Max: 5.8, Diff: 0.6, Sum: 71.9]
      [Code Root Scanning (ms): Min: 0.0, Avg: 0.0, Max: 0.0, Diff: 0.0, Sum: 0.0]
      [Object Copy (ms): Min: 12.3, Avg: 12.6, Max: 13.0, Diff: 0.7, Sum: 163.7]
      [Termination (ms): Min: 0.0, Avg: 0.0, Max: 0.0, Diff: 0.0, Sum: 0.0]
      [GC Worker Other (ms): Min: 0.0, Avg: 0.0, Max: 0.1, Diff: 0.1, Sum: 0.5]
      [GC Worker Total (ms): Min: 23.5, Avg: 23.8, Max: 24.1, Diff: 0.5, Sum: 308.9]
      [GC Worker End (ms): Min: 194777.3, Avg: 194777.4, Max: 194777.5, Diff: 0.1]
   [Code Root Fixup: 0.1 ms]
   [Code Root Migration: 0.0 ms]
   [Clear CT: 4.1 ms]
   [Other: 3.7 ms]
      [Choose CSet: 0.0 ms]
      [Ref Proc: 1.4 ms]
      [Ref Enq: 0.0 ms]
      [Free CSet: 0.9 ms]
   [Eden: 1072.0M(1072.0M)->0.0B(1104.0M) Survivors: 144.0M->112.0M Heap: 13.5G(24.0G)->12.5G(24.0G)]
 [Times: user=0.35 sys=0.00, real=0.04 secs] 
2014-04-09T11:11:21.256+0900: 195.218: [GC pause (G1 Humongous Allocation) (young) (initial-mark), 0.0128374 secs]
   [Parallel Time: 9.3 ms, GC Workers: 13]
      [GC Worker Start (ms): Min: 195218.1, Avg: 195218.3, Max: 195218.6, Diff: 0.5]
      [Ext Root Scanning (ms): Min: 0.4, Avg: 0.9, Max: 3.5, Diff: 3.1, Sum: 11.5]
      [Code Root Marking (ms): Min: 0.0, Avg: 0.8, Max: 7.3, Diff: 7.2, Sum: 10.2]
      [Update RS (ms): Min: 0.0, Avg: 2.1, Max: 3.4, Diff: 3.4, Sum: 26.8]
         [Processed Buffers: Min: 0, Avg: 6.6, Max: 29, Diff: 29, Sum: 86]
      [Scan RS (ms): Min: 0.0, Avg: 0.1, Max: 0.2, Diff: 0.2, Sum: 0.9]
      [Code Root Scanning (ms): Min: 0.0, Avg: 0.0, Max: 0.0, Diff: 0.0, Sum: 0.0]
      [Object Copy (ms): Min: 0.5, Avg: 1.9, Max: 3.7, Diff: 3.2, Sum: 25.2]
      [Termination (ms): Min: 0.0, Avg: 2.7, Max: 3.3, Diff: 3.3, Sum: 34.9]
      [GC Worker Other (ms): Min: 0.0, Avg: 0.0, Max: 0.0, Diff: 0.0, Sum: 0.3]
      [GC Worker Total (ms): Min: 8.2, Avg: 8.4, Max: 8.7, Diff: 0.5, Sum: 109.7]
      [GC Worker End (ms): Min: 195226.8, Avg: 195226.8, Max: 195226.8, Diff: 0.0]
   [Code Root Fixup: 0.2 ms]
   [Code Root Migration: 0.0 ms]
   [Clear CT: 1.0 ms]
   [Other: 2.3 ms]
      [Choose CSet: 0.0 ms]
      [Ref Proc: 1.1 ms]
      [Ref Enq: 0.0 ms]
      [Free CSet: 0.4 ms]
   [Eden: 1040.0M(1104.0M)->0.0B(1168.0M) Survivors: 112.0M->48.0M Heap: 13.5G(24.0G)->12.4G(24.0G)]
 [Times: user=0.13 sys=0.01, real=0.01 secs] 
2014-04-09T11:11:21.269+0900: 195.231: [GC concurrent-root-region-scan-start]
2014-04-09T11:11:21.281+0900: 195.242: [GC concurrent-root-region-scan-end, 0.0113480 secs]
2014-04-09T11:11:21.281+0900: 195.242: [GC concurrent-mark-start]
2014-04-09T11:11:22.700+0900: 196.662: [GC concurrent-mark-end, 1.4194440 secs]
2014-04-09T11:11:22.701+0900: 196.663: [GC remark 196.664: [GC ref-proc, 0.0054157 secs], 0.0275634 secs]
 [Times: user=0.21 sys=0.00, real=0.03 secs] 
2014-04-09T11:11:22.731+0900: 196.692: [GC cleanup 13G->13G(24G), 0.0277899 secs]
 [Times: user=0.31 sys=0.00, real=0.03 secs] 
2014-04-09T11:11:22.759+0900: 196.721: [GC concurrent-cleanup-start]
2014-04-09T11:11:22.760+0900: 196.721: [GC concurrent-cleanup-end, 0.0005646 secs]
2014-04-09T11:11:23.384+0900: 197.346: [GC pause (G1 Evacuation Pause) (young), 0.0633975 secs]
   [Parallel Time: 54.5 ms, GC Workers: 13]
      [GC Worker Start (ms): Min: 197346.0, Avg: 197346.3, Max: 197346.6, Diff: 0.6]
      [Ext Root Scanning (ms): Min: 0.5, Avg: 0.8, Max: 1.2, Diff: 0.7, Sum: 9.9]
      [Update RS (ms): Min: 5.7, Avg: 6.6, Max: 7.6, Diff: 1.9, Sum: 85.8]
         [Processed Buffers: Min: 4, Avg: 9.2, Max: 33, Diff: 29, Sum: 120]
      [Scan RS (ms): Min: 7.4, Avg: 8.3, Max: 9.1, Diff: 1.7, Sum: 108.1]
      [Code Root Scanning (ms): Min: 0.0, Avg: 0.0, Max: 0.0, Diff: 0.0, Sum: 0.0]
      [Object Copy (ms): Min: 36.8, Avg: 36.9, Max: 37.1, Diff: 0.3, Sum: 479.9]
      [Termination (ms): Min: 0.0, Avg: 0.0, Max: 0.0, Diff: 0.0, Sum: 0.2]
      [GC Worker Other (ms): Min: 0.0, Avg: 0.0, Max: 0.1, Diff: 0.1, Sum: 0.6]
      [GC Worker Total (ms): Min: 52.4, Avg: 52.7, Max: 53.1, Diff: 0.7, Sum: 684.6]
      [GC Worker End (ms): Min: 197399.0, Avg: 197399.0, Max: 197399.1, Diff: 0.1]
   [Code Root Fixup: 0.2 ms]
   [Code Root Migration: 0.0 ms]
   [Clear CT: 4.7 ms]
   [Other: 3.9 ms]
      [Choose CSet: 0.0 ms]
      [Ref Proc: 1.1 ms]
      [Ref Enq: 0.0 ms]
      [Free CSet: 0.5 ms]
   [Eden: 1168.0M(1168.0M)->0.0B(1056.0M) Survivors: 48.0M->160.0M Heap: 13.6G(24.0G)->12.6G(24.0G)]
 [Times: user=0.74 sys=0.00, real=0.06 secs] 
2014-04-09T11:11:24.422+0900: 198.384: [GC pause (G1 Evacuation Pause) (mixed), 0.2018163 secs]
   [Parallel Time: 183.2 ms, GC Workers: 13]
      [GC Worker Start (ms): Min: 198385.0, Avg: 198385.2, Max: 198385.4, Diff: 0.5]
      [Ext Root Scanning (ms): Min: 0.6, Avg: 0.8, Max: 1.4, Diff: 0.8, Sum: 11.0]
      [Update RS (ms): Min: 5.1, Avg: 11.5, Max: 81.7, Diff: 76.6, Sum: 149.4]
         [Processed Buffers: Min: 9, Avg: 15.5, Max: 24, Diff: 15, Sum: 202]
      [Scan RS (ms): Min: 0.1, Avg: 39.2, Max: 42.7, Diff: 42.6, Sum: 509.4]
      [Code Root Scanning (ms): Min: 0.0, Avg: 0.0, Max: 0.0, Diff: 0.0, Sum: 0.1]
      [Object Copy (ms): Min: 99.6, Avg: 130.6, Max: 133.4, Diff: 33.8, Sum: 1697.9]
      [Termination (ms): Min: 0.0, Avg: 0.0, Max: 0.0, Diff: 0.0, Sum: 0.0]
      [GC Worker Other (ms): Min: 0.0, Avg: 0.0, Max: 0.1, Diff: 0.1, Sum: 0.5]
      [GC Worker Total (ms): Min: 181.9, Avg: 182.2, Max: 182.4, Diff: 0.5, Sum: 2368.4]
      [GC Worker End (ms): Min: 198567.4, Avg: 198567.4, Max: 198567.5, Diff: 0.1]
   [Code Root Fixup: 0.2 ms]
   [Code Root Migration: 0.1 ms]
   [Clear CT: 5.5 ms]
   [Other: 12.8 ms]
      [Choose CSet: 0.5 ms]
      [Ref Proc: 1.2 ms]
      [Ref Enq: 0.0 ms]
      [Free CSet: 2.5 ms]
   [Eden: 1056.0M(1056.0M)->0.0B(1056.0M) Survivors: 160.0M->160.0M Heap: 14.0G(24.0G)->12.6G(24.0G)]
 [Times: user=2.33 sys=0.08, real=0.21 secs] 
2014-04-09T11:11:25.548+0900: 199.510: [GC pause (G1 Evacuation Pause) (mixed), 0.2053411 secs]
   [Parallel Time: 186.6 ms, GC Workers: 13]
      [GC Worker Start (ms): Min: 199511.0, Avg: 199511.2, Max: 199511.4, Diff: 0.4]
      [Ext Root Scanning (ms): Min: 0.7, Avg: 0.9, Max: 1.7, Diff: 1.0, Sum: 12.2]
      [Update RS (ms): Min: 4.7, Avg: 5.7, Max: 9.1, Diff: 4.4, Sum: 74.7]
         [Processed Buffers: Min: 3, Avg: 8.3, Max: 16, Diff: 13, Sum: 108]
      [Scan RS (ms): Min: 42.5, Avg: 45.8, Max: 46.6, Diff: 4.1, Sum: 595.9]
      [Code Root Scanning (ms): Min: 0.0, Avg: 0.0, Max: 0.0, Diff: 0.0, Sum: 0.1]
      [Object Copy (ms): Min: 132.8, Avg: 133.3, Max: 133.6, Diff: 0.8, Sum: 1733.5]
      [Termination (ms): Min: 0.0, Avg: 0.0, Max: 0.0, Diff: 0.0, Sum: 0.0]
      [GC Worker Other (ms): Min: 0.0, Avg: 0.0, Max: 0.1, Diff: 0.1, Sum: 0.5]
      [GC Worker Total (ms): Min: 185.7, Avg: 185.9, Max: 186.1, Diff: 0.4, Sum: 2416.8]
      [GC Worker End (ms): Min: 199697.1, Avg: 199697.2, Max: 199697.2, Diff: 0.0]
   [Code Root Fixup: 0.4 ms]
   [Code Root Migration: 0.1 ms]
   [Clear CT: 4.9 ms]
   [Other: 13.4 ms]
      [Choose CSet: 0.6 ms]
      [Ref Proc: 0.9 ms]
      [Ref Enq: 0.0 ms]
      [Free CSet: 2.5 ms]
   [Eden: 1056.0M(1056.0M)->0.0B(1056.0M) Survivors: 160.0M->160.0M Heap: 14.0G(24.0G)->12.6G(24.0G)]
 [Times: user=2.47 sys=0.02, real=0.21 secs] 
2014-04-09T11:11:26.893+0900: 200.855: [GC pause (G1 Evacuation Pause) (mixed), 0.2285439 secs]
   [Parallel Time: 208.0 ms, GC Workers: 13]
      [GC Worker Start (ms): Min: 200856.2, Avg: 200856.5, Max: 200856.7, Diff: 0.5]
      [Ext Root Scanning (ms): Min: 0.6, Avg: 0.8, Max: 1.3, Diff: 0.8, Sum: 10.8]
      [Update RS (ms): Min: 2.5, Avg: 4.6, Max: 5.9, Diff: 3.4, Sum: 59.9]
         [Processed Buffers: Min: 10, Avg: 14.6, Max: 25, Diff: 15, Sum: 190]
      [Scan RS (ms): Min: 45.8, Avg: 46.8, Max: 47.3, Diff: 1.5, Sum: 608.8]
      [Code Root Scanning (ms): Min: 0.0, Avg: 0.0, Max: 0.0, Diff: 0.0, Sum: 0.1]
      [Object Copy (ms): Min: 154.0, Avg: 154.3, Max: 156.8, Diff: 2.8, Sum: 2006.4]
      [Termination (ms): Min: 0.0, Avg: 0.0, Max: 0.1, Diff: 0.1, Sum: 0.6]
      [GC Worker Other (ms): Min: 0.0, Avg: 0.0, Max: 0.1, Diff: 0.1, Sum: 0.6]
      [GC Worker Total (ms): Min: 206.5, Avg: 206.7, Max: 207.0, Diff: 0.5, Sum: 2687.2]
      [GC Worker End (ms): Min: 201063.2, Avg: 201063.2, Max: 201063.2, Diff: 0.1]
   [Code Root Fixup: 0.3 ms]
   [Code Root Migration: 0.0 ms]
   [Clear CT: 5.2 ms]
   [Other: 15.0 ms]
      [Choose CSet: 0.6 ms]
      [Ref Proc: 0.7 ms]
      [Ref Enq: 0.0 ms]
      [Free CSet: 2.7 ms]
   [Eden: 1056.0M(1056.0M)->0.0B(1056.0M) Survivors: 160.0M->160.0M Heap: 14.0G(24.0G)->12.7G(24.0G)]
 [Times: user=2.74 sys=0.02, real=0.22 secs] 
2014-04-09T11:11:27.974+0900: 201.935: [GC pause (G1 Evacuation Pause) (mixed), 0.0930601 secs]
   [Parallel Time: 82.8 ms, GC Workers: 13]
      [GC Worker Start (ms): Min: 201935.8, Avg: 201936.0, Max: 201936.2, Diff: 0.4]
      [Ext Root Scanning (ms): Min: 0.8, Avg: 1.0, Max: 1.6, Diff: 0.8, Sum: 13.0]
      [Update RS (ms): Min: 1.5, Avg: 2.9, Max: 3.9, Diff: 2.3, Sum: 37.1]
         [Processed Buffers: Min: 4, Avg: 8.3, Max: 24, Diff: 20, Sum: 108]
      [Scan RS (ms): Min: 19.1, Avg: 20.0, Max: 20.5, Diff: 1.5, Sum: 259.4]
      [Code Root Scanning (ms): Min: 0.0, Avg: 0.0, Max: 0.0, Diff: 0.0, Sum: 0.0]
      [Object Copy (ms): Min: 57.7, Avg: 57.8, Max: 57.9, Diff: 0.2, Sum: 751.9]
      [Termination (ms): Min: 0.0, Avg: 0.0, Max: 0.0, Diff: 0.0, Sum: 0.0]
      [GC Worker Other (ms): Min: 0.0, Avg: 0.0, Max: 0.1, Diff: 0.0, Sum: 0.4]
      [GC Worker Total (ms): Min: 81.5, Avg: 81.7, Max: 81.9, Diff: 0.4, Sum: 1061.8]
      [GC Worker End (ms): Min: 202017.7, Avg: 202017.7, Max: 202017.7, Diff: 0.0]
   [Code Root Fixup: 0.3 ms]
   [Code Root Migration: 0.0 ms]
   [Clear CT: 3.4 ms]
   [Other: 6.6 ms]
      [Choose CSet: 0.0 ms]
      [Ref Proc: 0.9 ms]
      [Ref Enq: 0.0 ms]
      [Free CSet: 1.0 ms]
   [Eden: 1056.0M(1056.0M)->0.0B(1056.0M) Survivors: 160.0M->160.0M Heap: 14.1G(24.0G)->13.3G(24.0G)]
 [Times: user=1.11 sys=0.00, real=0.09 secs] 
2014-04-09T11:11:28.118+0900: 202.080: [GC pause (G1 Humongous Allocation) (young) (initial-mark), 0.0656094 secs]
   [Parallel Time: 57.3 ms, GC Workers: 13]
      [GC Worker Start (ms): Min: 202080.4, Avg: 202080.6, Max: 202080.8, Diff: 0.4]
      [Ext Root Scanning (ms): Min: 0.6, Avg: 0.9, Max: 2.7, Diff: 2.2, Sum: 12.0]
      [Code Root Marking (ms): Min: 0.0, Avg: 0.6, Max: 4.6, Diff: 4.6, Sum: 7.3]
      [Update RS (ms): Min: 7.9, Avg: 15.5, Max: 54.7, Diff: 46.9, Sum: 201.6]
         [Processed Buffers: Min: 4, Avg: 8.2, Max: 12, Diff: 8, Sum: 106]
      [Scan RS (ms): Min: 0.0, Avg: 6.5, Max: 7.9, Diff: 7.9, Sum: 84.7]
      [Code Root Scanning (ms): Min: 0.0, Avg: 0.0, Max: 0.0, Diff: 0.0, Sum: 0.0]
      [Object Copy (ms): Min: 0.5, Avg: 23.5, Max: 26.3, Diff: 25.8, Sum: 306.1]
      [Termination (ms): Min: 0.0, Avg: 9.1, Max: 10.0, Diff: 10.0, Sum: 118.7]
      [GC Worker Other (ms): Min: 0.0, Avg: 0.0, Max: 0.0, Diff: 0.0, Sum: 0.3]
      [GC Worker Total (ms): Min: 56.0, Avg: 56.2, Max: 56.4, Diff: 0.4, Sum: 730.7]
      [GC Worker End (ms): Min: 202136.8, Avg: 202136.8, Max: 202136.8, Diff: 0.0]
   [Code Root Fixup: 0.2 ms]
   [Code Root Migration: 0.0 ms]
   [Clear CT: 3.8 ms]
   [Other: 4.3 ms]
      [Choose CSet: 0.0 ms]
      [Ref Proc: 1.0 ms]
      [Ref Enq: 0.0 ms]
      [Free CSet: 0.6 ms]
   [Eden: 32.0M(1056.0M)->0.0B(1104.0M) Survivors: 160.0M->112.0M Heap: 13.3G(24.0G)->13.4G(24.0G)]
 [Times: user=0.77 sys=0.00, real=0.07 secs] 
2014-04-09T11:11:28.184+0900: 202.146: [GC concurrent-root-region-scan-start]
2014-04-09T11:11:28.187+0900: 202.149: [GC concurrent-root-region-scan-end, 0.0028201 secs]
2014-04-09T11:11:28.187+0900: 202.149: [GC concurrent-mark-start]
2014-04-09T11:11:29.742+0900: 203.704: [GC concurrent-mark-end, 1.5552797 secs]
2014-04-09T11:11:29.744+0900: 203.705: [GC remark 203.707: [GC ref-proc, 0.0059892 secs], 0.0302012 secs]
 [Times: user=0.23 sys=0.00, real=0.03 secs] 
2014-04-09T11:11:29.776+0900: 203.738: [GC cleanup 14G->12G(24G), 0.0269328 secs]
 [Times: user=0.31 sys=0.00, real=0.02 secs] 
2014-04-09T11:11:29.804+0900: 203.765: [GC concurrent-cleanup-start]
2014-04-09T11:11:29.806+0900: 203.767: [GC concurrent-cleanup-end, 0.0018802 secs]
2014-04-09T11:11:30.295+0900: 204.257: [GC pause (G1 Evacuation Pause) (young), 0.0783984 secs]
   [Parallel Time: 70.2 ms, GC Workers: 13]
      [GC Worker Start (ms): Min: 204256.8, Avg: 204257.2, Max: 204257.5, Diff: 0.6]
      [Ext Root Scanning (ms): Min: 0.5, Avg: 0.8, Max: 1.4, Diff: 0.9, Sum: 10.3]
      [Update RS (ms): Min: 4.4, Avg: 10.0, Max: 68.2, Diff: 63.8, Sum: 130.4]
         [Processed Buffers: Min: 1, Avg: 9.0, Max: 22, Diff: 21, Sum: 117]
      [Scan RS (ms): Min: 0.0, Avg: 16.4, Max: 18.2, Diff: 18.2, Sum: 213.7]
      [Code Root Scanning (ms): Min: 0.0, Avg: 0.0, Max: 0.0, Diff: 0.0, Sum: 0.0]
      [Object Copy (ms): Min: 0.0, Avg: 35.6, Max: 38.7, Diff: 38.6, Sum: 462.5]
      [Termination (ms): Min: 0.0, Avg: 6.2, Max: 6.8, Diff: 6.8, Sum: 81.1]
      [GC Worker Other (ms): Min: 0.0, Avg: 0.0, Max: 0.0, Diff: 0.0, Sum: 0.2]
      [GC Worker Total (ms): Min: 68.8, Avg: 69.1, Max: 69.5, Diff: 0.6, Sum: 898.4]
      [GC Worker End (ms): Min: 204326.3, Avg: 204326.3, Max: 204326.3, Diff: 0.0]
   [Code Root Fixup: 0.2 ms]
   [Code Root Migration: 0.0 ms]
   [Clear CT: 3.3 ms]
   [Other: 4.7 ms]
      [Choose CSet: 0.0 ms]
      [Ref Proc: 1.6 ms]
      [Ref Enq: 0.0 ms]
      [Free CSet: 0.6 ms]
   [Eden: 1104.0M(1104.0M)->0.0B(1056.0M) Survivors: 112.0M->160.0M Heap: 13.0G(24.0G)->12.0G(24.0G)]
 [Times: user=0.94 sys=0.00, real=0.07 secs] 
2014-04-09T11:11:32.117+0900: 206.078: [GC pause (G1 Evacuation Pause) (mixed), 0.2266626 secs]
   [Parallel Time: 211.6 ms, GC Workers: 13]
      [GC Worker Start (ms): Min: 206078.6, Avg: 206078.8, Max: 206079.1, Diff: 0.5]
      [Ext Root Scanning (ms): Min: 0.6, Avg: 0.8, Max: 1.6, Diff: 1.0, Sum: 10.8]
      [Update RS (ms): Min: 15.6, Avg: 16.2, Max: 17.3, Diff: 1.6, Sum: 210.8]
         [Processed Buffers: Min: 4, Avg: 8.6, Max: 19, Diff: 15, Sum: 112]
      [Scan RS (ms): Min: 55.6, Avg: 56.6, Max: 57.1, Diff: 1.5, Sum: 735.9]
      [Code Root Scanning (ms): Min: 0.0, Avg: 0.0, Max: 0.0, Diff: 0.0, Sum: 0.1]
      [Object Copy (ms): Min: 136.9, Avg: 137.0, Max: 137.4, Diff: 0.5, Sum: 1781.6]
      [Termination (ms): Min: 0.0, Avg: 0.4, Max: 0.4, Diff: 0.4, Sum: 4.8]
      [GC Worker Other (ms): Min: 0.0, Avg: 0.1, Max: 0.1, Diff: 0.1, Sum: 0.7]
      [GC Worker Total (ms): Min: 210.9, Avg: 211.1, Max: 211.4, Diff: 0.6, Sum: 2744.8]
      [GC Worker End (ms): Min: 206289.9, Avg: 206290.0, Max: 206290.0, Diff: 0.1]
   [Code Root Fixup: 0.2 ms]
   [Code Root Migration: 0.1 ms]
   [Clear CT: 4.4 ms]
   [Other: 10.4 ms]
      [Choose CSet: 0.2 ms]
      [Ref Proc: 0.3 ms]
      [Ref Enq: 0.0 ms]
      [Free CSet: 1.5 ms]
   [Eden: 1056.0M(1056.0M)->0.0B(1056.0M) Survivors: 160.0M->160.0M Heap: 13.4G(24.0G)->12.3G(24.0G)]
 [Times: user=2.76 sys=0.02, real=0.22 secs] 
2014-04-09T11:11:32.479+0900: 206.440: [GC pause (G1 Humongous Allocation) (young) (initial-mark), 0.1461483 secs]
   [Parallel Time: 139.3 ms, GC Workers: 13]
      [GC Worker Start (ms): Min: 206440.6, Avg: 206440.7, Max: 206440.9, Diff: 0.3]
      [Ext Root Scanning (ms): Min: 0.5, Avg: 0.9, Max: 2.5, Diff: 2.0, Sum: 11.2]
      [Code Root Marking (ms): Min: 0.0, Avg: 0.7, Max: 6.8, Diff: 6.7, Sum: 9.3]
      [Update RS (ms): Min: 24.1, Avg: 33.1, Max: 72.2, Diff: 48.1, Sum: 430.5]
         [Processed Buffers: Min: 6, Avg: 15.7, Max: 36, Diff: 30, Sum: 204]
      [Scan RS (ms): Min: 0.0, Avg: 24.6, Max: 27.7, Diff: 27.7, Sum: 319.5]
      [Code Root Scanning (ms): Min: 0.0, Avg: 0.0, Max: 0.0, Diff: 0.0, Sum: 0.0]
      [Object Copy (ms): Min: 65.6, Avg: 78.3, Max: 80.7, Diff: 15.1, Sum: 1018.4]
      [Termination (ms): Min: 0.0, Avg: 1.3, Max: 1.5, Diff: 1.5, Sum: 16.6]
      [GC Worker Other (ms): Min: 0.0, Avg: 0.0, Max: 0.1, Diff: 0.0, Sum: 0.5]
      [GC Worker Total (ms): Min: 138.8, Avg: 138.9, Max: 139.1, Diff: 0.3, Sum: 1806.1]
      [GC Worker End (ms): Min: 206579.7, Avg: 206579.7, Max: 206579.7, Diff: 0.0]
   [Code Root Fixup: 0.2 ms]
   [Code Root Migration: 0.0 ms]
   [Clear CT: 3.0 ms]
   [Other: 3.7 ms]
      [Choose CSet: 0.0 ms]
      [Ref Proc: 0.4 ms]
      [Ref Enq: 0.0 ms]
      [Free CSet: 0.3 ms]
   [Eden: 80.0M(1056.0M)->0.0B(1120.0M) Survivors: 160.0M->96.0M Heap: 12.4G(24.0G)->12.4G(24.0G)]
 [Times: user=1.84 sys=0.00, real=0.15 secs] 
2014-04-09T11:11:32.625+0900: 206.587: [GC concurrent-root-region-scan-start]
2014-04-09T11:11:32.628+0900: 206.590: [GC concurrent-root-region-scan-end, 0.0031412 secs]
2014-04-09T11:11:32.628+0900: 206.590: [GC concurrent-mark-start]
2014-04-09T11:11:34.211+0900: 208.173: [GC concurrent-mark-end, 1.5832549 secs]
2014-04-09T11:11:34.213+0900: 208.174: [GC remark 208.175: [GC ref-proc, 0.0055813 secs], 0.0314982 secs]
 [Times: user=0.26 sys=0.00, real=0.04 secs] 
2014-04-09T11:11:34.246+0900: 208.207: [GC cleanup 13G->12G(24G), 0.0297577 secs]
 [Times: user=0.35 sys=0.00, real=0.03 secs] 
2014-04-09T11:11:34.276+0900: 208.238: [GC concurrent-cleanup-start]
2014-04-09T11:11:34.277+0900: 208.238: [GC concurrent-cleanup-end, 0.0007332 secs]
2014-04-09T11:11:34.661+0900: 208.622: [GC pause (G1 Evacuation Pause) (young), 0.0651921 secs]
   [Parallel Time: 56.0 ms, GC Workers: 13]
      [GC Worker Start (ms): Min: 208622.7, Avg: 208623.0, Max: 208623.2, Diff: 0.5]
      [Ext Root Scanning (ms): Min: 0.4, Avg: 0.7, Max: 1.4, Diff: 1.0, Sum: 8.5]
      [Update RS (ms): Min: 2.6, Avg: 2.8, Max: 3.5, Diff: 0.9, Sum: 35.9]
         [Processed Buffers: Min: 9, Avg: 12.5, Max: 16, Diff: 7, Sum: 162]
      [Scan RS (ms): Min: 11.2, Avg: 11.9, Max: 12.2, Diff: 1.0, Sum: 155.0]
      [Code Root Scanning (ms): Min: 0.0, Avg: 0.0, Max: 0.0, Diff: 0.0, Sum: 0.0]
      [Object Copy (ms): Min: 38.7, Avg: 38.9, Max: 39.1, Diff: 0.4, Sum: 506.2]
      [Termination (ms): Min: 0.0, Avg: 0.0, Max: 0.0, Diff: 0.0, Sum: 0.2]
      [GC Worker Other (ms): Min: 0.0, Avg: 0.0, Max: 0.1, Diff: 0.1, Sum: 0.4]
      [GC Worker Total (ms): Min: 54.2, Avg: 54.3, Max: 54.6, Diff: 0.5, Sum: 706.2]
      [GC Worker End (ms): Min: 208677.4, Avg: 208677.4, Max: 208677.4, Diff: 0.1]
   [Code Root Fixup: 0.2 ms]
   [Code Root Migration: 0.0 ms]
   [Clear CT: 4.3 ms]
   [Other: 4.7 ms]
      [Choose CSet: 0.0 ms]
      [Ref Proc: 1.3 ms]
      [Ref Enq: 0.0 ms]
      [Free CSet: 1.0 ms]
   [Eden: 1120.0M(1120.0M)->0.0B(1056.0M) Survivors: 96.0M->160.0M Heap: 13.2G(24.0G)->12.2G(24.0G)]
 [Times: user=0.76 sys=0.00, real=0.07 secs] 
2014-04-09T11:11:37.505+0900: 211.466: [GC pause (G1 Evacuation Pause) (mixed), 0.1527906 secs]
   [Parallel Time: 141.6 ms, GC Workers: 13]
      [GC Worker Start (ms): Min: 211466.4, Avg: 211466.7, Max: 211466.9, Diff: 0.5]
      [Ext Root Scanning (ms): Min: 0.6, Avg: 0.9, Max: 1.2, Diff: 0.6, Sum: 11.2]
      [Update RS (ms): Min: 11.1, Avg: 11.6, Max: 13.1, Diff: 1.9, Sum: 150.7]
         [Processed Buffers: Min: 3, Avg: 7.2, Max: 18, Diff: 15, Sum: 94]
      [Scan RS (ms): Min: 32.0, Avg: 33.7, Max: 34.4, Diff: 2.4, Sum: 437.9]
      [Code Root Scanning (ms): Min: 0.0, Avg: 0.0, Max: 0.0, Diff: 0.0, Sum: 0.0]
      [Object Copy (ms): Min: 94.0, Avg: 94.3, Max: 94.8, Diff: 0.8, Sum: 1225.8]
      [Termination (ms): Min: 0.0, Avg: 0.5, Max: 0.6, Diff: 0.6, Sum: 6.5]
      [GC Worker Other (ms): Min: 0.0, Avg: 0.0, Max: 0.1, Diff: 0.1, Sum: 0.5]
      [GC Worker Total (ms): Min: 140.8, Avg: 141.0, Max: 141.2, Diff: 0.5, Sum: 1832.6]
      [GC Worker End (ms): Min: 211607.6, Avg: 211607.7, Max: 211607.7, Diff: 0.1]
   [Code Root Fixup: 0.1 ms]
   [Code Root Migration: 0.0 ms]
   [Clear CT: 4.2 ms]
   [Other: 6.8 ms]
      [Choose CSet: 0.1 ms]
      [Ref Proc: 0.9 ms]
      [Ref Enq: 0.0 ms]
      [Free CSet: 1.1 ms]
   [Eden: 1056.0M(1056.0M)->0.0B(1088.0M) Survivors: 160.0M->128.0M Heap: 13.3G(24.0G)->12.3G(24.0G)]
 [Times: user=1.88 sys=0.00, real=0.16 secs] 
2014-04-09T11:11:51.420+0900: 225.382: [GC pause (G1 Evacuation Pause) (young), 0.0428718 secs]
   [Parallel Time: 36.2 ms, GC Workers: 13]
      [GC Worker Start (ms): Min: 225381.8, Avg: 225382.1, Max: 225382.4, Diff: 0.6]
      [Ext Root Scanning (ms): Min: 0.5, Avg: 0.8, Max: 1.3, Diff: 0.7, Sum: 10.9]
      [Update RS (ms): Min: 5.0, Avg: 5.4, Max: 5.9, Diff: 1.0, Sum: 70.8]
         [Processed Buffers: Min: 2, Avg: 6.9, Max: 17, Diff: 15, Sum: 90]
      [Scan RS (ms): Min: 10.3, Avg: 10.7, Max: 10.9, Diff: 0.7, Sum: 139.3]
      [Code Root Scanning (ms): Min: 0.0, Avg: 0.0, Max: 0.0, Diff: 0.0, Sum: 0.0]
      [Object Copy (ms): Min: 17.7, Avg: 17.9, Max: 18.0, Diff: 0.3, Sum: 232.7]
      [Termination (ms): Min: 0.0, Avg: 0.0, Max: 0.0, Diff: 0.0, Sum: 0.4]
      [GC Worker Other (ms): Min: 0.0, Avg: 0.1, Max: 0.2, Diff: 0.2, Sum: 0.8]
      [GC Worker Total (ms): Min: 34.7, Avg: 35.0, Max: 35.3, Diff: 0.6, Sum: 455.0]
      [GC Worker End (ms): Min: 225417.1, Avg: 225417.1, Max: 225417.3, Diff: 0.2]
   [Code Root Fixup: 0.1 ms]
   [Code Root Migration: 0.0 ms]
   [Clear CT: 3.7 ms]
   [Other: 2.8 ms]
      [Choose CSet: 0.0 ms]
      [Ref Proc: 1.3 ms]
      [Ref Enq: 0.0 ms]
      [Free CSet: 0.5 ms]
   [Eden: 1088.0M(1088.0M)->0.0B(1120.0M) Survivors: 128.0M->96.0M Heap: 13.3G(24.0G)->12.2G(24.0G)]
 [Times: user=0.49 sys=0.00, real=0.04 secs] 
2014-04-09T11:11:51.886+0900: 225.848: [GC pause (G1 Humongous Allocation) (young) (initial-mark), 0.0432945 secs]
   [Parallel Time: 36.9 ms, GC Workers: 13]
      [GC Worker Start (ms): Min: 225848.2, Avg: 225848.5, Max: 225848.8, Diff: 0.6]
      [Ext Root Scanning (ms): Min: 0.4, Avg: 0.8, Max: 3.3, Diff: 2.9, Sum: 10.1]
      [Code Root Marking (ms): Min: 0.0, Avg: 0.8, Max: 6.7, Diff: 6.7, Sum: 10.0]
      [Update RS (ms): Min: 0.0, Avg: 2.6, Max: 4.1, Diff: 4.1, Sum: 33.3]
         [Processed Buffers: Min: 0, Avg: 5.3, Max: 30, Diff: 30, Sum: 69]
      [Scan RS (ms): Min: 7.3, Avg: 10.2, Max: 11.8, Diff: 4.5, Sum: 133.0]
      [Code Root Scanning (ms): Min: 0.0, Avg: 0.0, Max: 0.0, Diff: 0.0, Sum: 0.0]
      [Object Copy (ms): Min: 21.2, Avg: 21.6, Max: 23.9, Diff: 2.7, Sum: 281.2]
      [Termination (ms): Min: 0.0, Avg: 0.2, Max: 0.3, Diff: 0.3, Sum: 2.4]
      [GC Worker Other (ms): Min: 0.0, Avg: 0.1, Max: 0.2, Diff: 0.2, Sum: 0.7]
      [GC Worker Total (ms): Min: 35.9, Avg: 36.2, Max: 36.5, Diff: 0.6, Sum: 470.7]
      [GC Worker End (ms): Min: 225884.7, Avg: 225884.7, Max: 225884.9, Diff: 0.2]
   [Code Root Fixup: 0.2 ms]
   [Code Root Migration: 0.0 ms]
   [Clear CT: 2.8 ms]
   [Other: 3.4 ms]
      [Choose CSet: 0.0 ms]
      [Ref Proc: 1.0 ms]
      [Ref Enq: 0.0 ms]
      [Free CSet: 0.9 ms]
   [Eden: 800.0M(1120.0M)->0.0B(1120.0M) Survivors: 96.0M->96.0M Heap: 13.0G(24.0G)->12.2G(24.0G)]
 [Times: user=0.51 sys=0.00, real=0.05 secs] 
2014-04-09T11:11:51.930+0900: 225.891: [GC concurrent-root-region-scan-start]
2014-04-09T11:11:51.970+0900: 225.931: [GC concurrent-root-region-scan-end, 0.0400966 secs]
2014-04-09T11:11:51.970+0900: 225.931: [GC concurrent-mark-start]
2014-04-09T11:11:52.963+0900: 226.924: [GC pause (G1 Evacuation Pause) (young), 0.0727163 secs]
   [Parallel Time: 64.7 ms, GC Workers: 13]
      [GC Worker Start (ms): Min: 226924.4, Avg: 226924.6, Max: 226924.8, Diff: 0.4]
      [Ext Root Scanning (ms): Min: 0.4, Avg: 0.6, Max: 1.0, Diff: 0.6, Sum: 8.3]
      [SATB Filtering (ms): Min: 0.0, Avg: 0.0, Max: 0.2, Diff: 0.2, Sum: 0.2]
      [Update RS (ms): Min: 2.5, Avg: 2.8, Max: 3.6, Diff: 1.2, Sum: 36.4]
         [Processed Buffers: Min: 8, Avg: 11.4, Max: 16, Diff: 8, Sum: 148]
      [Scan RS (ms): Min: 11.2, Avg: 12.2, Max: 12.4, Diff: 1.2, Sum: 159.0]
      [Code Root Scanning (ms): Min: 0.0, Avg: 0.0, Max: 0.0, Diff: 0.0, Sum: 0.0]
      [Object Copy (ms): Min: 48.0, Avg: 48.1, Max: 48.2, Diff: 0.2, Sum: 625.3]
      [Termination (ms): Min: 0.0, Avg: 0.0, Max: 0.0, Diff: 0.0, Sum: 0.1]
      [GC Worker Other (ms): Min: 0.0, Avg: 0.0, Max: 0.1, Diff: 0.0, Sum: 0.5]
      [GC Worker Total (ms): Min: 63.6, Avg: 63.8, Max: 64.0, Diff: 0.4, Sum: 829.7]
      [GC Worker End (ms): Min: 226988.4, Avg: 226988.4, Max: 226988.4, Diff: 0.0]
   [Code Root Fixup: 0.2 ms]
   [Code Root Migration: 0.0 ms]
   [Clear CT: 3.7 ms]
   [Other: 4.1 ms]
      [Choose CSet: 0.0 ms]
      [Ref Proc: 0.8 ms]
      [Ref Enq: 0.0 ms]
      [Free CSet: 0.8 ms]
   [Eden: 1120.0M(1120.0M)->0.0B(1056.0M) Survivors: 96.0M->160.0M Heap: 13.8G(24.0G)->12.9G(24.0G)]
 [Times: user=0.88 sys=0.00, real=0.07 secs] 
2014-04-09T11:11:53.536+0900: 227.498: [GC concurrent-mark-end, 1.5661698 secs]
2014-04-09T11:11:53.537+0900: 227.499: [GC remark 227.500: [GC ref-proc, 0.0063367 secs], 0.0353885 secs]
 [Times: user=0.28 sys=0.00, real=0.04 secs] 
2014-04-09T11:11:53.574+0900: 227.536: [GC cleanup 13G->13G(24G), 0.0344910 secs]
 [Times: user=0.40 sys=0.00, real=0.04 secs] 
2014-04-09T11:11:53.609+0900: 227.571: [GC concurrent-cleanup-start]
2014-04-09T11:11:53.610+0900: 227.571: [GC concurrent-cleanup-end, 0.0005023 secs]
2014-04-09T11:11:54.326+0900: 228.287: [GC pause (G1 Evacuation Pause) (young), 0.0972295 secs]
   [Parallel Time: 87.8 ms, GC Workers: 13]
      [GC Worker Start (ms): Min: 228288.0, Avg: 228288.3, Max: 228288.6, Diff: 0.6]
      [Ext Root Scanning (ms): Min: 0.5, Avg: 0.8, Max: 1.0, Diff: 0.5, Sum: 10.1]
      [Update RS (ms): Min: 5.0, Avg: 5.7, Max: 6.8, Diff: 1.8, Sum: 73.7]
         [Processed Buffers: Min: 0, Avg: 14.2, Max: 27, Diff: 27, Sum: 185]
      [Scan RS (ms): Min: 16.4, Avg: 17.5, Max: 18.0, Diff: 1.6, Sum: 227.7]
      [Code Root Scanning (ms): Min: 0.0, Avg: 0.0, Max: 0.0, Diff: 0.0, Sum: 0.0]
      [Object Copy (ms): Min: 62.1, Avg: 62.2, Max: 62.5, Diff: 0.4, Sum: 809.2]
      [Termination (ms): Min: 0.0, Avg: 0.0, Max: 0.0, Diff: 0.0, Sum: 0.0]
      [GC Worker Other (ms): Min: 0.0, Avg: 0.0, Max: 0.1, Diff: 0.1, Sum: 0.5]
      [GC Worker Total (ms): Min: 86.0, Avg: 86.3, Max: 86.6, Diff: 0.6, Sum: 1121.3]
      [GC Worker End (ms): Min: 228374.6, Avg: 228374.6, Max: 228374.7, Diff: 0.1]
   [Code Root Fixup: 0.3 ms]
   [Code Root Migration: 0.0 ms]
   [Clear CT: 3.8 ms]
   [Other: 5.3 ms]
      [Choose CSet: 0.0 ms]
      [Ref Proc: 0.6 ms]
      [Ref Enq: 0.0 ms]
      [Free CSet: 1.2 ms]
   [Eden: 1056.0M(1056.0M)->0.0B(1056.0M) Survivors: 160.0M->160.0M Heap: 14.0G(24.0G)->13.2G(24.0G)]
 [Times: user=1.17 sys=0.00, real=0.10 secs] 
2014-04-09T11:11:55.208+0900: 229.170: [GC pause (G1 Evacuation Pause) (mixed), 0.2019909 secs]
   [Parallel Time: 184.7 ms, GC Workers: 13]
      [GC Worker Start (ms): Min: 229170.8, Avg: 229171.0, Max: 229171.2, Diff: 0.4]
      [Ext Root Scanning (ms): Min: 0.5, Avg: 0.9, Max: 1.6, Diff: 1.1, Sum: 11.8]
      [Update RS (ms): Min: 0.0, Avg: 2.4, Max: 3.9, Diff: 3.9, Sum: 30.6]
         [Processed Buffers: Min: 0, Avg: 7.3, Max: 17, Diff: 17, Sum: 95]
      [Scan RS (ms): Min: 53.6, Avg: 54.6, Max: 55.3, Diff: 1.7, Sum: 710.2]
      [Code Root Scanning (ms): Min: 0.0, Avg: 0.0, Max: 0.0, Diff: 0.0, Sum: 0.1]
      [Object Copy (ms): Min: 125.5, Avg: 126.1, Max: 128.9, Diff: 3.4, Sum: 1639.8]
      [Termination (ms): Min: 0.0, Avg: 0.0, Max: 0.0, Diff: 0.0, Sum: 0.0]
      [GC Worker Other (ms): Min: 0.0, Avg: 0.0, Max: 0.1, Diff: 0.1, Sum: 0.4]
      [GC Worker Total (ms): Min: 183.9, Avg: 184.1, Max: 184.3, Diff: 0.4, Sum: 2393.0]
      [GC Worker End (ms): Min: 229355.1, Avg: 229355.1, Max: 229355.2, Diff: 0.1]
   [Code Root Fixup: 0.4 ms]
   [Code Root Migration: 0.1 ms]
   [Clear CT: 5.1 ms]
   [Other: 11.8 ms]
      [Choose CSet: 0.8 ms]
      [Ref Proc: 0.8 ms]
      [Ref Enq: 0.0 ms]
      [Free CSet: 2.7 ms]
   [Eden: 1056.0M(1056.0M)->0.0B(1056.0M) Survivors: 160.0M->160.0M Heap: 14.6G(24.0G)->13.1G(24.0G)]
 [Times: user=2.45 sys=0.01, real=0.20 secs] 
2014-04-09T11:11:56.405+0900: 230.367: [GC pause (G1 Evacuation Pause) (mixed), 0.2198482 secs]
   [Parallel Time: 200.4 ms, GC Workers: 13]
      [GC Worker Start (ms): Min: 230368.2, Avg: 230368.4, Max: 230368.6, Diff: 0.5]
      [Ext Root Scanning (ms): Min: 0.6, Avg: 0.8, Max: 1.0, Diff: 0.4, Sum: 9.8]
      [Update RS (ms): Min: 3.5, Avg: 3.9, Max: 4.6, Diff: 1.1, Sum: 51.3]
         [Processed Buffers: Min: 4, Avg: 13.4, Max: 23, Diff: 19, Sum: 174]
      [Scan RS (ms): Min: 58.3, Avg: 58.9, Max: 59.3, Diff: 0.9, Sum: 765.9]
      [Code Root Scanning (ms): Min: 0.0, Avg: 0.0, Max: 0.1, Diff: 0.1, Sum: 0.2]
      [Object Copy (ms): Min: 135.2, Avg: 135.4, Max: 135.6, Diff: 0.5, Sum: 1760.8]
      [Termination (ms): Min: 0.0, Avg: 0.0, Max: 0.0, Diff: 0.0, Sum: 0.0]
      [GC Worker Other (ms): Min: 0.0, Avg: 0.0, Max: 0.1, Diff: 0.1, Sum: 0.6]
      [GC Worker Total (ms): Min: 198.9, Avg: 199.1, Max: 199.4, Diff: 0.4, Sum: 2588.6]
      [GC Worker End (ms): Min: 230567.5, Avg: 230567.6, Max: 230567.7, Diff: 0.1]
   [Code Root Fixup: 0.3 ms]
   [Code Root Migration: 0.3 ms]
   [Clear CT: 5.2 ms]
   [Other: 13.6 ms]
      [Choose CSet: 0.9 ms]
      [Ref Proc: 1.2 ms]
      [Ref Enq: 0.0 ms]
      [Free CSet: 3.0 ms]
   [Eden: 1056.0M(1056.0M)->0.0B(1056.0M) Survivors: 160.0M->160.0M Heap: 14.5G(24.0G)->13.1G(24.0G)]
 [Times: user=2.63 sys=0.02, real=0.22 secs] 
2014-04-09T11:11:58.314+0900: 232.276: [GC pause (G1 Evacuation Pause) (mixed), 0.2129003 secs]
   [Parallel Time: 192.5 ms, GC Workers: 13]
      [GC Worker Start (ms): Min: 232277.2, Avg: 232277.4, Max: 232277.7, Diff: 0.6]
      [Ext Root Scanning (ms): Min: 0.5, Avg: 0.8, Max: 1.6, Diff: 1.1, Sum: 10.6]
      [Update RS (ms): Min: 1.3, Avg: 2.0, Max: 2.6, Diff: 1.3, Sum: 26.2]
         [Processed Buffers: Min: 3, Avg: 8.2, Max: 14, Diff: 11, Sum: 106]
      [Scan RS (ms): Min: 58.7, Avg: 59.5, Max: 60.0, Diff: 1.3, Sum: 774.0]
      [Code Root Scanning (ms): Min: 0.0, Avg: 0.0, Max: 0.0, Diff: 0.0, Sum: 0.1]
      [Object Copy (ms): Min: 128.3, Avg: 128.7, Max: 129.0, Diff: 0.7, Sum: 1672.9]
      [Termination (ms): Min: 0.0, Avg: 0.0, Max: 0.0, Diff: 0.0, Sum: 0.0]
      [GC Worker Other (ms): Min: 0.0, Avg: 0.1, Max: 0.2, Diff: 0.2, Sum: 0.8]
      [GC Worker Total (ms): Min: 190.8, Avg: 191.1, Max: 191.5, Diff: 0.7, Sum: 2484.6]
      [GC Worker End (ms): Min: 232468.5, Avg: 232468.6, Max: 232468.7, Diff: 0.2]
   [Code Root Fixup: 0.3 ms]
   [Code Root Migration: 0.1 ms]
   [Clear CT: 5.8 ms]
   [Other: 14.3 ms]
      [Choose CSet: 1.0 ms]
      [Ref Proc: 1.7 ms]
      [Ref Enq: 0.0 ms]
      [Free CSet: 3.1 ms]
   [Eden: 1056.0M(1056.0M)->0.0B(1056.0M) Survivors: 160.0M->160.0M Heap: 14.5G(24.0G)->13.1G(24.0G)]
 [Times: user=2.53 sys=0.02, real=0.21 secs] 
2014-04-09T11:11:59.998+0900: 233.959: [GC pause (G1 Evacuation Pause) (mixed), 0.0972572 secs]
   [Parallel Time: 85.3 ms, GC Workers: 13]
      [GC Worker Start (ms): Min: 233960.3, Avg: 233960.6, Max: 233960.8, Diff: 0.5]
      [Ext Root Scanning (ms): Min: 0.7, Avg: 0.9, Max: 1.6, Diff: 0.9, Sum: 11.9]
      [Update RS (ms): Min: 2.9, Avg: 4.0, Max: 5.3, Diff: 2.5, Sum: 52.1]
         [Processed Buffers: Min: 11, Avg: 14.5, Max: 19, Diff: 8, Sum: 189]
      [Scan RS (ms): Min: 22.6, Avg: 23.8, Max: 24.3, Diff: 1.7, Sum: 309.8]
      [Code Root Scanning (ms): Min: 0.0, Avg: 0.0, Max: 0.0, Diff: 0.0, Sum: 0.0]
      [Object Copy (ms): Min: 55.2, Avg: 55.4, Max: 55.8, Diff: 0.6, Sum: 719.9]
      [Termination (ms): Min: 0.0, Avg: 0.0, Max: 0.0, Diff: 0.0, Sum: 0.1]
      [GC Worker Other (ms): Min: 0.0, Avg: 0.1, Max: 0.2, Diff: 0.2, Sum: 0.8]
      [GC Worker Total (ms): Min: 84.0, Avg: 84.2, Max: 84.5, Diff: 0.5, Sum: 1094.5]
      [GC Worker End (ms): Min: 234044.7, Avg: 234044.7, Max: 234044.9, Diff: 0.2]
   [Code Root Fixup: 0.3 ms]
   [Code Root Migration: 0.0 ms]
   [Clear CT: 4.9 ms]
   [Other: 6.7 ms]
      [Choose CSet: 0.1 ms]
      [Ref Proc: 1.2 ms]
      [Ref Enq: 0.0 ms]
      [Free CSet: 1.2 ms]
   [Eden: 1056.0M(1056.0M)->0.0B(1056.0M) Survivors: 160.0M->160.0M Heap: 14.6G(24.0G)->13.7G(24.0G)]
 [Times: user=1.15 sys=0.01, real=0.10 secs] 
2014-04-09T11:12:00.109+0900: 234.070: [GC pause (G1 Humongous Allocation) (young) (initial-mark), 0.0804185 secs]
   [Parallel Time: 75.2 ms, GC Workers: 13]
      [GC Worker Start (ms): Min: 234070.8, Avg: 234071.1, Max: 234071.3, Diff: 0.4]
      [Ext Root Scanning (ms): Min: 0.5, Avg: 0.8, Max: 2.5, Diff: 2.0, Sum: 10.7]
      [Code Root Marking (ms): Min: 0.0, Avg: 0.8, Max: 6.8, Diff: 6.8, Sum: 10.2]
      [Update RS (ms): Min: 42.5, Avg: 47.9, Max: 50.9, Diff: 8.4, Sum: 622.1]
         [Processed Buffers: Min: 18, Avg: 25.8, Max: 36, Diff: 18, Sum: 335]
      [Scan RS (ms): Min: 0.0, Avg: 0.0, Max: 0.2, Diff: 0.2, Sum: 0.4]
      [Code Root Scanning (ms): Min: 0.0, Avg: 0.0, Max: 0.0, Diff: 0.0, Sum: 0.0]
      [Object Copy (ms): Min: 22.5, Avg: 24.7, Max: 25.7, Diff: 3.3, Sum: 321.6]
      [Termination (ms): Min: 0.0, Avg: 0.0, Max: 0.0, Diff: 0.0, Sum: 0.0]
      [GC Worker Other (ms): Min: 0.0, Avg: 0.0, Max: 0.0, Diff: 0.0, Sum: 0.3]
      [GC Worker Total (ms): Min: 74.1, Avg: 74.3, Max: 74.5, Diff: 0.4, Sum: 965.4]
      [GC Worker End (ms): Min: 234145.3, Avg: 234145.3, Max: 234145.3, Diff: 0.0]
   [Code Root Fixup: 0.3 ms]
   [Code Root Migration: 0.0 ms]
   [Clear CT: 0.9 ms]
   [Other: 4.0 ms]
      [Choose CSet: 0.0 ms]
      [Ref Proc: 0.8 ms]
      [Ref Enq: 0.0 ms]
      [Free CSet: 0.1 ms]
   [Eden: 16.0M(1056.0M)->0.0B(1184.0M) Survivors: 160.0M->32.0M Heap: 13.7G(24.0G)->13.8G(24.0G)]
 [Times: user=0.97 sys=0.00, real=0.08 secs] 
2014-04-09T11:12:00.190+0900: 234.151: [GC concurrent-root-region-scan-start]
2014-04-09T11:12:00.190+0900: 234.152: [GC concurrent-root-region-scan-end, 0.0003985 secs]
2014-04-09T11:12:00.190+0900: 234.152: [GC concurrent-mark-start]
2014-04-09T11:12:01.660+0900: 235.622: [GC concurrent-mark-end, 1.4703127 secs]
2014-04-09T11:12:01.661+0900: 235.623: [GC remark 235.624: [GC ref-proc, 0.0047286 secs], 0.0301408 secs]
 [Times: user=0.25 sys=0.00, real=0.03 secs] 
2014-04-09T11:12:01.693+0900: 235.655: [GC cleanup 15G->13G(24G), 0.0299273 secs]
 [Times: user=0.35 sys=0.00, real=0.03 secs] 
2014-04-09T11:12:01.724+0900: 235.685: [GC concurrent-cleanup-start]
2014-04-09T11:12:01.726+0900: 235.688: [GC concurrent-cleanup-end, 0.0021572 secs]
2014-04-09T11:12:01.769+0900: 235.730: [GC pause (G1 Evacuation Pause) (young), 0.0534371 secs]
   [Parallel Time: 44.8 ms, GC Workers: 13]
      [GC Worker Start (ms): Min: 235730.4, Avg: 235730.6, Max: 235730.8, Diff: 0.5]
      [Ext Root Scanning (ms): Min: 0.4, Avg: 0.7, Max: 1.2, Diff: 0.7, Sum: 8.8]
      [Update RS (ms): Min: 1.3, Avg: 2.0, Max: 2.7, Diff: 1.5, Sum: 26.0]
         [Processed Buffers: Min: 6, Avg: 9.1, Max: 12, Diff: 6, Sum: 118]
      [Scan RS (ms): Min: 6.9, Avg: 7.6, Max: 8.0, Diff: 1.1, Sum: 99.1]
      [Code Root Scanning (ms): Min: 0.0, Avg: 0.0, Max: 0.0, Diff: 0.0, Sum: 0.0]
      [Object Copy (ms): Min: 33.4, Avg: 33.5, Max: 33.6, Diff: 0.2, Sum: 435.4]
      [Termination (ms): Min: 0.0, Avg: 0.0, Max: 0.0, Diff: 0.0, Sum: 0.0]
      [GC Worker Other (ms): Min: 0.0, Avg: 0.0, Max: 0.1, Diff: 0.1, Sum: 0.5]
      [GC Worker Total (ms): Min: 43.6, Avg: 43.8, Max: 44.1, Diff: 0.5, Sum: 569.9]
      [GC Worker End (ms): Min: 235774.4, Avg: 235774.5, Max: 235774.5, Diff: 0.1]
   [Code Root Fixup: 0.2 ms]
   [Code Root Migration: 0.0 ms]
   [Clear CT: 4.2 ms]
   [Other: 4.2 ms]
      [Choose CSet: 0.0 ms]
      [Ref Proc: 1.3 ms]
      [Ref Enq: 0.0 ms]
      [Free CSet: 1.0 ms]
   [Eden: 1184.0M(1184.0M)->0.0B(1056.0M) Survivors: 32.0M->160.0M Heap: 13.1G(24.0G)->12.2G(24.0G)]
 [Times: user=0.62 sys=0.00, real=0.05 secs] 
2014-04-09T11:12:02.935+0900: 236.897: [GC pause (G1 Evacuation Pause) (mixed), 0.1490614 secs]
   [Parallel Time: 133.1 ms, GC Workers: 13]
      [GC Worker Start (ms): Min: 236897.4, Avg: 236897.7, Max: 236897.9, Diff: 0.5]
      [Ext Root Scanning (ms): Min: 0.5, Avg: 0.8, Max: 1.5, Diff: 1.0, Sum: 10.2]
      [Update RS (ms): Min: 6.8, Avg: 7.5, Max: 12.5, Diff: 5.7, Sum: 97.2]
         [Processed Buffers: Min: 6, Avg: 15.8, Max: 28, Diff: 22, Sum: 206]
      [Scan RS (ms): Min: 25.8, Avg: 30.7, Max: 31.5, Diff: 5.7, Sum: 398.7]
      [Code Root Scanning (ms): Min: 0.0, Avg: 0.0, Max: 0.0, Diff: 0.0, Sum: 0.0]
      [Object Copy (ms): Min: 92.8, Avg: 92.9, Max: 93.1, Diff: 0.3, Sum: 1208.1]
      [Termination (ms): Min: 0.0, Avg: 0.0, Max: 0.0, Diff: 0.0, Sum: 0.0]
      [GC Worker Other (ms): Min: 0.0, Avg: 0.0, Max: 0.1, Diff: 0.1, Sum: 0.6]
      [GC Worker Total (ms): Min: 131.6, Avg: 131.9, Max: 132.3, Diff: 0.6, Sum: 1714.9]
      [GC Worker End (ms): Min: 237029.6, Avg: 237029.6, Max: 237029.6, Diff: 0.1]
   [Code Root Fixup: 0.3 ms]
   [Code Root Migration: 0.0 ms]
   [Clear CT: 5.1 ms]
   [Other: 10.6 ms]
      [Choose CSet: 0.2 ms]
      [Ref Proc: 1.2 ms]
      [Ref Enq: 0.0 ms]
      [Free CSet: 2.1 ms]
   [Eden: 1056.0M(1056.0M)->0.0B(1056.0M) Survivors: 160.0M->160.0M Heap: 13.5G(24.0G)->12.3G(24.0G)]
 [Times: user=1.78 sys=0.00, real=0.15 secs] 
2014-04-09T11:12:04.872+0900: 238.833: [GC pause (G1 Evacuation Pause) (mixed), 0.1043371 secs]
   [Parallel Time: 92.6 ms, GC Workers: 13]
      [GC Worker Start (ms): Min: 238833.7, Avg: 238834.0, Max: 238834.2, Diff: 0.5]
      [Ext Root Scanning (ms): Min: 0.6, Avg: 0.9, Max: 1.1, Diff: 0.5, Sum: 11.4]
      [Update RS (ms): Min: 3.9, Avg: 4.6, Max: 5.5, Diff: 1.5, Sum: 60.2]
         [Processed Buffers: Min: 5, Avg: 9.5, Max: 27, Diff: 22, Sum: 123]
      [Scan RS (ms): Min: 20.2, Avg: 21.1, Max: 21.5, Diff: 1.3, Sum: 274.2]
      [Code Root Scanning (ms): Min: 0.0, Avg: 0.0, Max: 0.0, Diff: 0.0, Sum: 0.0]
      [Object Copy (ms): Min: 64.3, Avg: 64.6, Max: 64.8, Diff: 0.5, Sum: 839.2]
      [Termination (ms): Min: 0.0, Avg: 0.0, Max: 0.0, Diff: 0.0, Sum: 0.0]
      [GC Worker Other (ms): Min: 0.0, Avg: 0.0, Max: 0.1, Diff: 0.1, Sum: 0.6]
      [GC Worker Total (ms): Min: 90.9, Avg: 91.2, Max: 91.6, Diff: 0.6, Sum: 1185.7]
      [GC Worker End (ms): Min: 238925.2, Avg: 238925.2, Max: 238925.3, Diff: 0.1]
   [Code Root Fixup: 0.3 ms]
   [Code Root Migration: 0.0 ms]
   [Clear CT: 5.5 ms]
   [Other: 5.9 ms]
      [Choose CSet: 0.1 ms]
      [Ref Proc: 0.8 ms]
      [Ref Enq: 0.0 ms]
      [Free CSet: 1.4 ms]
   [Eden: 1056.0M(1056.0M)->0.0B(1056.0M) Survivors: 160.0M->160.0M Heap: 13.7G(24.0G)->12.8G(24.0G)]
 [Times: user=1.24 sys=0.00, real=0.10 secs] 
2014-04-09T11:12:05.076+0900: 239.037: [GC pause (G1 Humongous Allocation) (young) (initial-mark), 0.0517144 secs]
   [Parallel Time: 44.8 ms, GC Workers: 13]
      [GC Worker Start (ms): Min: 239037.7, Avg: 239038.0, Max: 239038.2, Diff: 0.5]
      [Ext Root Scanning (ms): Min: 0.4, Avg: 0.8, Max: 2.6, Diff: 2.1, Sum: 10.1]
      [Code Root Marking (ms): Min: 0.0, Avg: 0.6, Max: 4.6, Diff: 4.6, Sum: 7.9]
      [Update RS (ms): Min: 7.8, Avg: 11.7, Max: 13.2, Diff: 5.4, Sum: 152.2]
         [Processed Buffers: Min: 5, Avg: 7.4, Max: 14, Diff: 9, Sum: 96]
      [Scan RS (ms): Min: 6.0, Avg: 6.8, Max: 7.3, Diff: 1.3, Sum: 88.2]
      [Code Root Scanning (ms): Min: 0.0, Avg: 0.0, Max: 0.0, Diff: 0.0, Sum: 0.0]
      [Object Copy (ms): Min: 23.3, Avg: 23.6, Max: 25.1, Diff: 1.8, Sum: 306.3]
      [Termination (ms): Min: 0.0, Avg: 0.0, Max: 0.0, Diff: 0.0, Sum: 0.0]
      [GC Worker Other (ms): Min: 0.0, Avg: 0.0, Max: 0.1, Diff: 0.0, Sum: 0.4]
      [GC Worker Total (ms): Min: 43.2, Avg: 43.5, Max: 43.8, Diff: 0.5, Sum: 565.3]
      [GC Worker End (ms): Min: 239081.4, Avg: 239081.4, Max: 239081.5, Diff: 0.0]
   [Code Root Fixup: 0.2 ms]
   [Code Root Migration: 0.0 ms]
   [Clear CT: 3.3 ms]
   [Other: 3.3 ms]
      [Choose CSet: 0.0 ms]
      [Ref Proc: 0.9 ms]
      [Ref Enq: 0.0 ms]
      [Free CSet: 0.2 ms]
   [Eden: 80.0M(1056.0M)->0.0B(1104.0M) Survivors: 160.0M->112.0M Heap: 12.9G(24.0G)->13.0G(24.0G)]
 [Times: user=0.60 sys=0.00, real=0.05 secs] 
2014-04-09T11:12:05.128+0900: 239.089: [GC concurrent-root-region-scan-start]
2014-04-09T11:12:05.133+0900: 239.094: [GC concurrent-root-region-scan-end, 0.0050825 secs]
2014-04-09T11:12:05.133+0900: 239.094: [GC concurrent-mark-start]
2014-04-09T11:12:06.344+0900: 240.306: [GC pause (G1 Evacuation Pause) (young), 0.0355302 secs]
   [Parallel Time: 28.5 ms, GC Workers: 13]
      [GC Worker Start (ms): Min: 240306.0, Avg: 240306.3, Max: 240306.5, Diff: 0.5]
      [Ext Root Scanning (ms): Min: 0.4, Avg: 0.6, Max: 1.1, Diff: 0.7, Sum: 8.4]
      [SATB Filtering (ms): Min: 0.0, Avg: 0.0, Max: 0.3, Diff: 0.3, Sum: 0.3]
      [Update RS (ms): Min: 3.2, Avg: 3.6, Max: 3.9, Diff: 0.7, Sum: 46.7]
         [Processed Buffers: Min: 4, Avg: 9.8, Max: 21, Diff: 17, Sum: 128]
      [Scan RS (ms): Min: 3.9, Avg: 4.1, Max: 4.4, Diff: 0.5, Sum: 53.5]
      [Code Root Scanning (ms): Min: 0.0, Avg: 0.0, Max: 0.0, Diff: 0.0, Sum: 0.0]
      [Object Copy (ms): Min: 18.6, Avg: 18.7, Max: 18.7, Diff: 0.1, Sum: 242.8]
      [Termination (ms): Min: 0.0, Avg: 0.0, Max: 0.0, Diff: 0.0, Sum: 0.0]
      [GC Worker Other (ms): Min: 0.0, Avg: 0.0, Max: 0.1, Diff: 0.1, Sum: 0.4]
      [GC Worker Total (ms): Min: 26.9, Avg: 27.1, Max: 27.4, Diff: 0.5, Sum: 352.1]
      [GC Worker End (ms): Min: 240333.4, Avg: 240333.4, Max: 240333.4, Diff: 0.1]
   [Code Root Fixup: 0.1 ms]
   [Code Root Migration: 0.0 ms]
   [Clear CT: 3.9 ms]
   [Other: 3.0 ms]
      [Choose CSet: 0.0 ms]
      [Ref Proc: 1.3 ms]
      [Ref Enq: 0.0 ms]
      [Free CSet: 0.4 ms]
   [Eden: 1104.0M(1104.0M)->0.0B(1056.0M) Survivors: 112.0M->160.0M Heap: 14.3G(24.0G)->13.2G(24.0G)]
 [Times: user=0.40 sys=0.00, real=0.04 secs] 
2014-04-09T11:12:06.850+0900: 240.812: [GC concurrent-mark-end, 1.7176252 secs]
2014-04-09T11:12:06.852+0900: 240.813: [GC remark 240.815: [GC ref-proc, 0.0059831 secs], 0.0372532 secs]
 [Times: user=0.31 sys=0.00, real=0.03 secs] 
2014-04-09T11:12:06.891+0900: 240.852: [GC cleanup 13G->12G(24G), 0.0321222 secs]
 [Times: user=0.36 sys=0.00, real=0.03 secs] 
2014-04-09T11:12:06.924+0900: 240.885: [GC concurrent-cleanup-start]
2014-04-09T11:12:06.925+0900: 240.886: [GC concurrent-cleanup-end, 0.0012532 secs]
2014-04-09T11:12:21.883+0900: 255.844: [GC pause (G1 Evacuation Pause) (young), 0.0387315 secs]
   [Parallel Time: 31.7 ms, GC Workers: 13]
      [GC Worker Start (ms): Min: 255844.6, Avg: 255844.9, Max: 255845.2, Diff: 0.6]
      [Ext Root Scanning (ms): Min: 0.3, Avg: 0.8, Max: 1.2, Diff: 0.9, Sum: 10.1]
      [Update RS (ms): Min: 8.5, Avg: 9.0, Max: 9.9, Diff: 1.4, Sum: 116.9]
         [Processed Buffers: Min: 5, Avg: 9.2, Max: 20, Diff: 15, Sum: 120]
      [Scan RS (ms): Min: 2.5, Avg: 3.4, Max: 3.7, Diff: 1.2, Sum: 43.9]
      [Code Root Scanning (ms): Min: 0.0, Avg: 0.0, Max: 0.0, Diff: 0.0, Sum: 0.0]
      [Object Copy (ms): Min: 17.2, Avg: 17.4, Max: 17.7, Diff: 0.6, Sum: 225.7]
      [Termination (ms): Min: 0.0, Avg: 0.0, Max: 0.0, Diff: 0.0, Sum: 0.1]
      [GC Worker Other (ms): Min: 0.0, Avg: 0.1, Max: 0.1, Diff: 0.1, Sum: 0.7]
      [GC Worker Total (ms): Min: 30.3, Avg: 30.6, Max: 30.8, Diff: 0.6, Sum: 397.2]
      [GC Worker End (ms): Min: 255875.4, Avg: 255875.4, Max: 255875.5, Diff: 0.1]
   [Code Root Fixup: 0.2 ms]
   [Code Root Migration: 0.0 ms]
   [Clear CT: 3.4 ms]
   [Other: 3.3 ms]
      [Choose CSet: 0.0 ms]
      [Ref Proc: 1.1 ms]
      [Ref Enq: 0.0 ms]
      [Free CSet: 0.5 ms]
   [Eden: 1056.0M(1056.0M)->0.0B(1120.0M) Survivors: 160.0M->96.0M Heap: 13.2G(24.0G)->12.2G(24.0G)]
 [Times: user=0.42 sys=0.01, real=0.04 secs] 
2014-04-09T11:12:22.724+0900: 256.685: [GC pause (G1 Evacuation Pause) (mixed), 0.0465386 secs]
   [Parallel Time: 37.9 ms, GC Workers: 13]
      [GC Worker Start (ms): Min: 256685.5, Avg: 256685.7, Max: 256685.9, Diff: 0.4]
      [Ext Root Scanning (ms): Min: 0.6, Avg: 0.8, Max: 1.2, Diff: 0.6, Sum: 10.9]
      [Update RS (ms): Min: 3.6, Avg: 4.3, Max: 4.8, Diff: 1.2, Sum: 55.3]
         [Processed Buffers: Min: 5, Avg: 10.9, Max: 30, Diff: 25, Sum: 142]
      [Scan RS (ms): Min: 8.9, Avg: 9.3, Max: 9.9, Diff: 1.1, Sum: 121.1]
      [Code Root Scanning (ms): Min: 0.0, Avg: 0.0, Max: 0.0, Diff: 0.0, Sum: 0.0]
      [Object Copy (ms): Min: 22.4, Avg: 22.6, Max: 22.7, Diff: 0.3, Sum: 293.5]
      [Termination (ms): Min: 0.0, Avg: 0.0, Max: 0.1, Diff: 0.1, Sum: 0.6]
      [GC Worker Other (ms): Min: 0.0, Avg: 0.1, Max: 0.2, Diff: 0.2, Sum: 0.8]
      [GC Worker Total (ms): Min: 36.9, Avg: 37.1, Max: 37.3, Diff: 0.4, Sum: 482.3]
      [GC Worker End (ms): Min: 256722.8, Avg: 256722.8, Max: 256722.9, Diff: 0.2]
   [Code Root Fixup: 0.4 ms]
   [Code Root Migration: 0.0 ms]
   [Clear CT: 4.8 ms]
   [Other: 3.5 ms]
      [Choose CSet: 0.1 ms]
      [Ref Proc: 0.7 ms]
      [Ref Enq: 0.0 ms]
      [Free CSet: 0.8 ms]
   [Eden: 1120.0M(1120.0M)->0.0B(3152.0M) Survivors: 96.0M->64.0M Heap: 13.5G(24.0G)->12.1G(24.0G)]
 [Times: user=0.54 sys=0.00, real=0.04 secs] 
2014-04-09T11:12:22.871+0900: 256.832: [GC pause (G1 Humongous Allocation) (young) (initial-mark), 0.0314852 secs]
   [Parallel Time: 26.6 ms, GC Workers: 13]
      [GC Worker Start (ms): Min: 256832.5, Avg: 256832.7, Max: 256833.0, Diff: 0.5]
      [Ext Root Scanning (ms): Min: 0.4, Avg: 0.8, Max: 3.1, Diff: 2.6, Sum: 10.9]
      [Code Root Marking (ms): Min: 0.0, Avg: 0.6, Max: 4.6, Diff: 4.6, Sum: 7.5]
      [Update RS (ms): Min: 7.7, Avg: 11.4, Max: 12.8, Diff: 5.2, Sum: 148.6]
         [Processed Buffers: Min: 4, Avg: 8.5, Max: 15, Diff: 11, Sum: 110]
      [Scan RS (ms): Min: 0.0, Avg: 0.2, Max: 0.7, Diff: 0.7, Sum: 2.8]
      [Code Root Scanning (ms): Min: 0.0, Avg: 0.0, Max: 0.0, Diff: 0.0, Sum: 0.0]
      [Object Copy (ms): Min: 11.6, Avg: 12.3, Max: 14.1, Diff: 2.5, Sum: 159.5]
      [Termination (ms): Min: 0.0, Avg: 0.1, Max: 0.2, Diff: 0.1, Sum: 0.7]
      [GC Worker Other (ms): Min: 0.0, Avg: 0.0, Max: 0.0, Diff: 0.0, Sum: 0.3]
      [GC Worker Total (ms): Min: 25.2, Avg: 25.4, Max: 25.7, Diff: 0.5, Sum: 330.3]
      [GC Worker End (ms): Min: 256858.1, Avg: 256858.1, Max: 256858.1, Diff: 0.0]
   [Code Root Fixup: 0.3 ms]
   [Code Root Migration: 0.0 ms]
   [Clear CT: 1.4 ms]
   [Other: 3.2 ms]
      [Choose CSet: 0.0 ms]
      [Ref Proc: 1.3 ms]
      [Ref Enq: 0.0 ms]
      [Free CSet: 0.1 ms]
   [Eden: 128.0M(3152.0M)->0.0B(1728.0M) Survivors: 64.0M->112.0M Heap: 12.2G(24.0G)->12.1G(24.0G)]
 [Times: user=0.33 sys=0.00, real=0.04 secs] 
2014-04-09T11:12:22.902+0900: 256.864: [GC concurrent-root-region-scan-start]
2014-04-09T11:12:22.913+0900: 256.875: [GC concurrent-root-region-scan-end, 0.0109270 secs]
2014-04-09T11:12:22.913+0900: 256.875: [GC concurrent-mark-start]
2014-04-09T11:12:24.287+0900: 258.248: [GC concurrent-mark-end, 1.3734101 secs]
2014-04-09T11:12:24.291+0900: 258.252: [GC remark 258.254: [GC ref-proc, 0.0031705 secs], 0.0258334 secs]
 [Times: user=0.21 sys=0.00, real=0.03 secs] 
2014-04-09T11:12:24.318+0900: 258.280: [GC cleanup 13G->13G(24G), 0.0280386 secs]
 [Times: user=0.33 sys=0.00, real=0.03 secs] 
2014-04-09T11:12:24.347+0900: 258.308: [GC concurrent-cleanup-start]
2014-04-09T11:12:24.348+0900: 258.309: [GC concurrent-cleanup-end, 0.0006896 secs]
2014-04-09T11:12:24.796+0900: 258.757: [GC pause (G1 Evacuation Pause) (young), 0.0887227 secs]
   [Parallel Time: 78.6 ms, GC Workers: 13]
      [GC Worker Start (ms): Min: 258757.7, Avg: 258758.0, Max: 258758.2, Diff: 0.5]
      [Ext Root Scanning (ms): Min: 0.5, Avg: 0.7, Max: 1.0, Diff: 0.5, Sum: 9.7]
      [Update RS (ms): Min: 2.6, Avg: 3.6, Max: 4.9, Diff: 2.3, Sum: 47.3]
         [Processed Buffers: Min: 2, Avg: 9.8, Max: 21, Diff: 19, Sum: 128]
      [Scan RS (ms): Min: 13.7, Avg: 15.2, Max: 16.1, Diff: 2.4, Sum: 197.9]
      [Code Root Scanning (ms): Min: 0.0, Avg: 0.0, Max: 0.0, Diff: 0.0, Sum: 0.0]
      [Object Copy (ms): Min: 57.5, Avg: 57.7, Max: 58.0, Diff: 0.5, Sum: 750.5]
      [Termination (ms): Min: 0.0, Avg: 0.0, Max: 0.0, Diff: 0.0, Sum: 0.0]
      [GC Worker Other (ms): Min: 0.0, Avg: 0.1, Max: 0.2, Diff: 0.1, Sum: 0.7]
      [GC Worker Total (ms): Min: 77.2, Avg: 77.4, Max: 77.7, Diff: 0.5, Sum: 1006.1]
      [GC Worker End (ms): Min: 258835.3, Avg: 258835.4, Max: 258835.5, Diff: 0.1]
   [Code Root Fixup: 0.3 ms]
   [Code Root Migration: 0.0 ms]
   [Clear CT: 4.0 ms]
   [Other: 5.8 ms]
      [Choose CSet: 0.0 ms]
      [Ref Proc: 1.1 ms]
      [Ref Enq: 0.0 ms]
      [Free CSet: 1.3 ms]
   [Eden: 1600.0M(1392.0M)->0.0B(1024.0M) Survivors: 112.0M->192.0M Heap: 14.0G(24.0G)->12.8G(24.0G)]
 [Times: user=1.05 sys=0.00, real=0.09 secs] 
2014-04-09T11:12:27.899+0900: 261.860: [GC pause (G1 Evacuation Pause) (mixed), 0.1759795 secs]
   [Parallel Time: 159.5 ms, GC Workers: 13]
      [GC Worker Start (ms): Min: 261860.8, Avg: 261861.1, Max: 261861.3, Diff: 0.5]
      [Ext Root Scanning (ms): Min: 0.5, Avg: 0.7, Max: 1.4, Diff: 0.9, Sum: 9.7]
      [Update RS (ms): Min: 2.5, Avg: 3.1, Max: 4.5, Diff: 2.0, Sum: 40.0]
         [Processed Buffers: Min: 6, Avg: 10.2, Max: 18, Diff: 12, Sum: 133]
      [Scan RS (ms): Min: 42.7, Avg: 44.0, Max: 44.3, Diff: 1.6, Sum: 571.8]
      [Code Root Scanning (ms): Min: 0.0, Avg: 0.0, Max: 0.0, Diff: 0.0, Sum: 0.1]
      [Object Copy (ms): Min: 110.3, Avg: 110.5, Max: 110.6, Diff: 0.2, Sum: 1435.9]
      [Termination (ms): Min: 0.0, Avg: 0.0, Max: 0.0, Diff: 0.0, Sum: 0.0]
      [GC Worker Other (ms): Min: 0.0, Avg: 0.0, Max: 0.1, Diff: 0.0, Sum: 0.5]
      [GC Worker Total (ms): Min: 158.1, Avg: 158.3, Max: 158.6, Diff: 0.5, Sum: 2058.0]
      [GC Worker End (ms): Min: 262019.4, Avg: 262019.4, Max: 262019.5, Diff: 0.1]
   [Code Root Fixup: 0.3 ms]
   [Code Root Migration: 0.1 ms]
   [Clear CT: 5.1 ms]
   [Other: 10.9 ms]
      [Choose CSet: 0.4 ms]
      [Ref Proc: 0.8 ms]
      [Ref Enq: 0.0 ms]
      [Free CSet: 2.6 ms]
   [Eden: 1024.0M(1024.0M)->0.0B(1056.0M) Survivors: 192.0M->160.0M Heap: 14.2G(24.0G)->12.6G(24.0G)]
 [Times: user=2.10 sys=0.02, real=0.18 secs] 
2014-04-09T11:12:29.606+0900: 263.568: [GC pause (G1 Evacuation Pause) (mixed), 0.1876307 secs]
   [Parallel Time: 169.5 ms, GC Workers: 13]
      [GC Worker Start (ms): Min: 263568.6, Avg: 263568.8, Max: 263569.0, Diff: 0.5]
      [Ext Root Scanning (ms): Min: 0.6, Avg: 0.8, Max: 1.2, Diff: 0.6, Sum: 10.9]
      [Update RS (ms): Min: 2.1, Avg: 2.8, Max: 4.4, Diff: 2.4, Sum: 36.5]
         [Processed Buffers: Min: 6, Avg: 10.6, Max: 13, Diff: 7, Sum: 138]
      [Scan RS (ms): Min: 51.3, Avg: 52.6, Max: 53.2, Diff: 1.9, Sum: 684.3]
      [Code Root Scanning (ms): Min: 0.0, Avg: 0.0, Max: 0.1, Diff: 0.1, Sum: 0.1]
      [Object Copy (ms): Min: 111.8, Avg: 112.1, Max: 112.5, Diff: 0.8, Sum: 1456.8]
      [Termination (ms): Min: 0.0, Avg: 0.0, Max: 0.0, Diff: 0.0, Sum: 0.0]
      [GC Worker Other (ms): Min: 0.0, Avg: 0.0, Max: 0.1, Diff: 0.1, Sum: 0.5]
      [GC Worker Total (ms): Min: 168.2, Avg: 168.4, Max: 168.7, Diff: 0.5, Sum: 2189.1]
      [GC Worker End (ms): Min: 263737.2, Avg: 263737.2, Max: 263737.3, Diff: 0.1]
   [Code Root Fixup: 0.4 ms]
   [Code Root Migration: 0.2 ms]
   [Clear CT: 5.0 ms]
   [Other: 12.6 ms]
      [Choose CSet: 0.7 ms]
      [Ref Proc: 1.0 ms]
      [Ref Enq: 0.0 ms]
      [Free CSet: 2.7 ms]
   [Eden: 1056.0M(1056.0M)->0.0B(1056.0M) Survivors: 160.0M->160.0M Heap: 14.1G(24.0G)->12.6G(24.0G)]
 [Times: user=2.26 sys=0.00, real=0.19 secs] 
2014-04-09T11:12:30.973+0900: 264.934: [GC pause (G1 Evacuation Pause) (mixed), 0.2015179 secs]
   [Parallel Time: 182.3 ms, GC Workers: 13]
      [GC Worker Start (ms): Min: 264935.5, Avg: 264935.7, Max: 264935.9, Diff: 0.4]
      [Ext Root Scanning (ms): Min: 0.6, Avg: 0.8, Max: 1.4, Diff: 0.8, Sum: 10.7]
      [Update RS (ms): Min: 2.2, Avg: 2.8, Max: 3.2, Diff: 1.0, Sum: 36.5]
         [Processed Buffers: Min: 7, Avg: 11.5, Max: 17, Diff: 10, Sum: 149]
      [Scan RS (ms): Min: 58.1, Avg: 58.4, Max: 58.7, Diff: 0.6, Sum: 758.7]
      [Code Root Scanning (ms): Min: 0.0, Avg: 0.0, Max: 0.2, Diff: 0.2, Sum: 0.3]
      [Object Copy (ms): Min: 119.1, Avg: 119.4, Max: 119.7, Diff: 0.6, Sum: 1551.8]
      [Termination (ms): Min: 0.0, Avg: 0.0, Max: 0.0, Diff: 0.0, Sum: 0.0]
      [GC Worker Other (ms): Min: 0.0, Avg: 0.0, Max: 0.1, Diff: 0.1, Sum: 0.6]
      [GC Worker Total (ms): Min: 181.2, Avg: 181.4, Max: 181.6, Diff: 0.4, Sum: 2358.6]
      [GC Worker End (ms): Min: 265117.1, Avg: 265117.2, Max: 265117.3, Diff: 0.1]
   [Code Root Fixup: 0.4 ms]
   [Code Root Migration: 0.5 ms]
   [Clear CT: 5.2 ms]
   [Other: 13.2 ms]
      [Choose CSet: 0.9 ms]
      [Ref Proc: 0.6 ms]
      [Ref Enq: 0.0 ms]
      [Free CSet: 2.8 ms]
   [Eden: 1056.0M(1056.0M)->0.0B(1056.0M) Survivors: 160.0M->160.0M Heap: 14.1G(24.0G)->12.7G(24.0G)]
 [Times: user=2.42 sys=0.00, real=0.21 secs] 
2014-04-09T11:12:32.202+0900: 266.164: [GC pause (G1 Evacuation Pause) (mixed), 0.1203623 secs]
   [Parallel Time: 107.9 ms, GC Workers: 13]
      [GC Worker Start (ms): Min: 266164.1, Avg: 266164.3, Max: 266164.5, Diff: 0.4]
      [Ext Root Scanning (ms): Min: 0.6, Avg: 0.8, Max: 1.3, Diff: 0.8, Sum: 10.0]
      [Update RS (ms): Min: 3.5, Avg: 4.3, Max: 5.5, Diff: 2.0, Sum: 55.3]
         [Processed Buffers: Min: 6, Avg: 12.4, Max: 20, Diff: 14, Sum: 161]
      [Scan RS (ms): Min: 27.5, Avg: 28.5, Max: 29.0, Diff: 1.5, Sum: 371.0]
      [Code Root Scanning (ms): Min: 0.0, Avg: 0.0, Max: 0.0, Diff: 0.0, Sum: 0.1]
      [Object Copy (ms): Min: 73.1, Avg: 73.3, Max: 73.5, Diff: 0.4, Sum: 952.7]
      [Termination (ms): Min: 0.0, Avg: 0.1, Max: 0.2, Diff: 0.2, Sum: 1.5]
      [GC Worker Other (ms): Min: 0.0, Avg: 0.0, Max: 0.1, Diff: 0.1, Sum: 0.5]
      [GC Worker Total (ms): Min: 106.8, Avg: 107.0, Max: 107.3, Diff: 0.4, Sum: 1391.1]
      [GC Worker End (ms): Min: 266271.3, Avg: 266271.3, Max: 266271.4, Diff: 0.1]
   [Code Root Fixup: 0.4 ms]
   [Code Root Migration: 0.1 ms]
   [Clear CT: 4.9 ms]
   [Other: 7.2 ms]
      [Choose CSet: 0.2 ms]
      [Ref Proc: 0.4 ms]
      [Ref Enq: 0.0 ms]
      [Free CSet: 1.2 ms]
   [Eden: 1056.0M(1056.0M)->0.0B(1056.0M) Survivors: 160.0M->160.0M Heap: 14.2G(24.0G)->13.3G(24.0G)]
 [Times: user=1.45 sys=0.00, real=0.12 secs] 
2014-04-09T11:12:32.405+0900: 266.367: [GC pause (G1 Humongous Allocation) (young) (initial-mark), 0.0600678 secs]
   [Parallel Time: 53.7 ms, GC Workers: 13]
      [GC Worker Start (ms): Min: 266367.4, Avg: 266367.6, Max: 266367.8, Diff: 0.4]
      [Ext Root Scanning (ms): Min: 0.4, Avg: 0.8, Max: 2.6, Diff: 2.2, Sum: 10.1]
      [Code Root Marking (ms): Min: 0.0, Avg: 0.6, Max: 4.8, Diff: 4.7, Sum: 8.0]
      [Update RS (ms): Min: 16.5, Avg: 20.3, Max: 21.9, Diff: 5.5, Sum: 264.1]
         [Processed Buffers: Min: 10, Avg: 12.7, Max: 16, Diff: 6, Sum: 165]
      [Scan RS (ms): Min: 3.0, Avg: 3.9, Max: 4.5, Diff: 1.6, Sum: 50.2]
      [Code Root Scanning (ms): Min: 0.0, Avg: 0.0, Max: 0.0, Diff: 0.0, Sum: 0.0]
      [Object Copy (ms): Min: 26.8, Avg: 27.2, Max: 29.3, Diff: 2.5, Sum: 353.3]
      [Termination (ms): Min: 0.0, Avg: 0.0, Max: 0.0, Diff: 0.0, Sum: 0.0]
      [GC Worker Other (ms): Min: 0.0, Avg: 0.0, Max: 0.1, Diff: 0.0, Sum: 0.4]
      [GC Worker Total (ms): Min: 52.6, Avg: 52.8, Max: 53.0, Diff: 0.4, Sum: 686.1]
      [GC Worker End (ms): Min: 266420.4, Avg: 266420.4, Max: 266420.4, Diff: 0.0]
   [Code Root Fixup: 0.3 ms]
   [Code Root Migration: 0.0 ms]
   [Clear CT: 3.0 ms]
   [Other: 3.0 ms]
      [Choose CSet: 0.0 ms]
      [Ref Proc: 0.7 ms]
      [Ref Enq: 0.0 ms]
      [Free CSet: 0.2 ms]
   [Eden: 112.0M(1056.0M)->0.0B(1104.0M) Survivors: 160.0M->112.0M Heap: 13.4G(24.0G)->13.5G(24.0G)]
 [Times: user=0.72 sys=0.00, real=0.06 secs] 
2014-04-09T11:12:32.466+0900: 266.427: [GC concurrent-root-region-scan-start]
2014-04-09T11:12:32.470+0900: 266.432: [GC concurrent-root-region-scan-end, 0.0044992 secs]
2014-04-09T11:12:32.470+0900: 266.432: [GC concurrent-mark-start]
2014-04-09T11:12:33.960+0900: 267.921: [GC concurrent-mark-end, 1.4894206 secs]
2014-04-09T11:12:33.961+0900: 267.922: [GC remark 267.923: [GC ref-proc, 0.0036180 secs], 0.0273322 secs]
 [Times: user=0.23 sys=0.00, real=0.03 secs] 
2014-04-09T11:12:33.989+0900: 267.951: [GC cleanup 14G->12G(24G), 0.0248319 secs]
 [Times: user=0.29 sys=0.00, real=0.03 secs] 
2014-04-09T11:12:34.014+0900: 267.976: [GC concurrent-cleanup-start]
2014-04-09T11:12:34.017+0900: 267.978: [GC concurrent-cleanup-end, 0.0023094 secs]
2014-04-09T11:12:34.121+0900: 268.083: [GC pause (G1 Evacuation Pause) (young), 0.0646211 secs]
   [Parallel Time: 57.9 ms, GC Workers: 13]
      [GC Worker Start (ms): Min: 268083.5, Avg: 268083.7, Max: 268083.8, Diff: 0.4]
      [Ext Root Scanning (ms): Min: 0.5, Avg: 0.6, Max: 1.2, Diff: 0.7, Sum: 8.3]
      [Update RS (ms): Min: 3.9, Avg: 4.4, Max: 4.9, Diff: 1.0, Sum: 57.1]
         [Processed Buffers: Min: 16, Avg: 20.5, Max: 29, Diff: 13, Sum: 267]
      [Scan RS (ms): Min: 6.6, Avg: 7.1, Max: 7.3, Diff: 0.7, Sum: 91.8]
      [Code Root Scanning (ms): Min: 0.0, Avg: 0.0, Max: 0.0, Diff: 0.0, Sum: 0.0]
      [Object Copy (ms): Min: 44.8, Avg: 45.2, Max: 45.3, Diff: 0.5, Sum: 587.1]
      [Termination (ms): Min: 0.0, Avg: 0.0, Max: 0.0, Diff: 0.0, Sum: 0.0]
      [GC Worker Other (ms): Min: 0.0, Avg: 0.0, Max: 0.1, Diff: 0.0, Sum: 0.4]
      [GC Worker Total (ms): Min: 57.1, Avg: 57.3, Max: 57.5, Diff: 0.4, Sum: 744.9]
      [GC Worker End (ms): Min: 268141.0, Avg: 268141.0, Max: 268141.0, Diff: 0.0]
   [Code Root Fixup: 0.2 ms]
   [Code Root Migration: 0.0 ms]
   [Clear CT: 3.2 ms]
   [Other: 3.3 ms]
      [Choose CSet: 0.0 ms]
      [Ref Proc: 0.7 ms]
      [Ref Enq: 0.0 ms]
      [Free CSet: 0.5 ms]
   [Eden: 1104.0M(1104.0M)->0.0B(1056.0M) Survivors: 112.0M->160.0M Heap: 12.7G(24.0G)->11.9G(24.0G)]
 [Times: user=0.78 sys=0.01, real=0.07 secs] 
2014-04-09T11:12:35.778+0900: 269.740: [GC pause (G1 Evacuation Pause) (mixed), 0.1420117 secs]
   [Parallel Time: 126.7 ms, GC Workers: 13]
      [GC Worker Start (ms): Min: 269740.3, Avg: 269740.6, Max: 269740.7, Diff: 0.5]
      [Ext Root Scanning (ms): Min: 0.6, Avg: 0.8, Max: 1.8, Diff: 1.2, Sum: 10.5]
      [Update RS (ms): Min: 4.7, Avg: 5.9, Max: 6.7, Diff: 2.0, Sum: 76.3]
         [Processed Buffers: Min: 11, Avg: 15.0, Max: 26, Diff: 15, Sum: 195]
      [Scan RS (ms): Min: 28.8, Avg: 29.8, Max: 30.4, Diff: 1.6, Sum: 387.2]
      [Code Root Scanning (ms): Min: 0.0, Avg: 0.0, Max: 0.0, Diff: 0.0, Sum: 0.0]
      [Object Copy (ms): Min: 88.3, Avg: 88.8, Max: 89.2, Diff: 0.9, Sum: 1154.7]
      [Termination (ms): Min: 0.0, Avg: 0.0, Max: 0.0, Diff: 0.0, Sum: 0.1]
      [GC Worker Other (ms): Min: 0.0, Avg: 0.0, Max: 0.0, Diff: 0.0, Sum: 0.3]
      [GC Worker Total (ms): Min: 125.1, Avg: 125.3, Max: 125.6, Diff: 0.5, Sum: 1629.2]
      [GC Worker End (ms): Min: 269865.9, Avg: 269865.9, Max: 269865.9, Diff: 0.0]
   [Code Root Fixup: 0.2 ms]
   [Code Root Migration: 0.1 ms]
   [Clear CT: 5.4 ms]
   [Other: 9.6 ms]
      [Choose CSet: 0.3 ms]
      [Ref Proc: 1.1 ms]
      [Ref Enq: 0.0 ms]
      [Free CSet: 2.1 ms]
   [Eden: 1056.0M(1056.0M)->0.0B(1056.0M) Survivors: 160.0M->160.0M Heap: 13.3G(24.0G)->12.2G(24.0G)]
 [Times: user=1.69 sys=0.00, real=0.14 secs] 
2014-04-09T11:12:35.994+0900: 269.956: [GC pause (G1 Humongous Allocation) (young) (initial-mark), 0.0605509 secs]
   [Parallel Time: 54.8 ms, GC Workers: 13]
      [GC Worker Start (ms): Min: 269955.9, Avg: 269956.1, Max: 269956.3, Diff: 0.4]
      [Ext Root Scanning (ms): Min: 0.4, Avg: 0.7, Max: 2.5, Diff: 2.2, Sum: 9.7]
      [Code Root Marking (ms): Min: 0.0, Avg: 0.8, Max: 6.8, Diff: 6.8, Sum: 10.4]
      [Update RS (ms): Min: 17.4, Avg: 21.5, Max: 23.1, Diff: 5.7, Sum: 279.4]
         [Processed Buffers: Min: 9, Avg: 14.9, Max: 21, Diff: 12, Sum: 194]
      [Scan RS (ms): Min: 1.7, Avg: 3.5, Max: 4.4, Diff: 2.7, Sum: 45.0]
      [Code Root Scanning (ms): Min: 0.0, Avg: 0.0, Max: 0.0, Diff: 0.0, Sum: 0.0]
      [Object Copy (ms): Min: 27.3, Avg: 27.7, Max: 29.0, Diff: 1.7, Sum: 360.2]
      [Termination (ms): Min: 0.0, Avg: 0.0, Max: 0.0, Diff: 0.0, Sum: 0.1]
      [GC Worker Other (ms): Min: 0.0, Avg: 0.0, Max: 0.0, Diff: 0.0, Sum: 0.4]
      [GC Worker Total (ms): Min: 54.1, Avg: 54.3, Max: 54.4, Diff: 0.4, Sum: 705.3]
      [GC Worker End (ms): Min: 270010.4, Avg: 270010.4, Max: 270010.4, Diff: 0.0]
   [Code Root Fixup: 0.2 ms]
   [Code Root Migration: 0.0 ms]
   [Clear CT: 2.5 ms]
   [Other: 3.0 ms]
      [Choose CSet: 0.0 ms]
      [Ref Proc: 0.5 ms]
      [Ref Enq: 0.0 ms]
      [Free CSet: 0.2 ms]
   [Eden: 64.0M(1056.0M)->0.0B(1104.0M) Survivors: 160.0M->112.0M Heap: 12.2G(24.0G)->12.3G(24.0G)]
 [Times: user=0.73 sys=0.00, real=0.06 secs] 
2014-04-09T11:12:36.055+0900: 270.016: [GC concurrent-root-region-scan-start]
2014-04-09T11:12:36.061+0900: 270.022: [GC concurrent-root-region-scan-end, 0.0057405 secs]
2014-04-09T11:12:36.061+0900: 270.022: [GC concurrent-mark-start]
2014-04-09T11:12:37.364+0900: 271.326: [GC pause (G1 Evacuation Pause) (young), 0.0508137 secs]
   [Parallel Time: 44.3 ms, GC Workers: 13]
      [GC Worker Start (ms): Min: 271325.8, Avg: 271326.1, Max: 271326.3, Diff: 0.4]
      [Ext Root Scanning (ms): Min: 0.5, Avg: 0.6, Max: 0.9, Diff: 0.4, Sum: 8.3]
      [SATB Filtering (ms): Min: 0.0, Avg: 0.0, Max: 0.3, Diff: 0.3, Sum: 0.3]
      [Update RS (ms): Min: 2.4, Avg: 2.8, Max: 3.4, Diff: 1.0, Sum: 36.0]
         [Processed Buffers: Min: 8, Avg: 12.6, Max: 19, Diff: 11, Sum: 164]
      [Scan RS (ms): Min: 5.1, Avg: 6.1, Max: 6.4, Diff: 1.2, Sum: 79.0]
      [Code Root Scanning (ms): Min: 0.0, Avg: 0.0, Max: 0.0, Diff: 0.0, Sum: 0.0]
      [Object Copy (ms): Min: 33.7, Avg: 33.9, Max: 34.0, Diff: 0.3, Sum: 440.6]
      [Termination (ms): Min: 0.0, Avg: 0.0, Max: 0.0, Diff: 0.0, Sum: 0.0]
      [GC Worker Other (ms): Min: 0.0, Avg: 0.0, Max: 0.1, Diff: 0.1, Sum: 0.5]
      [GC Worker Total (ms): Min: 43.3, Avg: 43.4, Max: 43.8, Diff: 0.5, Sum: 564.7]
      [GC Worker End (ms): Min: 271369.6, Avg: 271369.6, Max: 271369.6, Diff: 0.1]
   [Code Root Fixup: 0.2 ms]
   [Code Root Migration: 0.0 ms]
   [Clear CT: 3.2 ms]
   [Other: 3.0 ms]
      [Choose CSet: 0.0 ms]
      [Ref Proc: 0.8 ms]
      [Ref Enq: 0.0 ms]
      [Free CSet: 0.5 ms]
   [Eden: 1104.0M(1104.0M)->0.0B(1056.0M) Survivors: 112.0M->160.0M Heap: 13.9G(24.0G)->13.1G(24.0G)]
 [Times: user=0.60 sys=0.00, real=0.06 secs] 
2014-04-09T11:12:37.664+0900: 271.626: [GC concurrent-mark-end, 1.6038424 secs]
2014-04-09T11:12:37.665+0900: 271.627: [GC remark 271.627: [GC ref-proc, 0.0031106 secs], 0.0276379 secs]
 [Times: user=0.24 sys=0.00, real=0.02 secs] 
2014-04-09T11:12:37.694+0900: 271.655: [GC cleanup 13G->12G(24G), 0.0226003 secs]
 [Times: user=0.27 sys=0.00, real=0.03 secs] 
2014-04-09T11:12:37.717+0900: 271.678: [GC concurrent-cleanup-start]
2014-04-09T11:12:37.718+0900: 271.679: [GC concurrent-cleanup-end, 0.0010219 secs]
2014-04-09T11:12:39.016+0900: 272.977: [GC pause (G1 Evacuation Pause) (young), 0.0909082 secs]
   [Parallel Time: 81.6 ms, GC Workers: 13]
      [GC Worker Start (ms): Min: 272977.6, Avg: 272977.9, Max: 272978.2, Diff: 0.6]
      [Ext Root Scanning (ms): Min: 0.5, Avg: 0.7, Max: 1.1, Diff: 0.7, Sum: 9.2]
      [Update RS (ms): Min: 3.0, Avg: 3.4, Max: 3.5, Diff: 0.5, Sum: 43.9]
         [Processed Buffers: Min: 9, Avg: 13.9, Max: 17, Diff: 8, Sum: 181]
      [Scan RS (ms): Min: 15.2, Avg: 15.4, Max: 15.5, Diff: 0.3, Sum: 200.0]
      [Code Root Scanning (ms): Min: 0.0, Avg: 0.0, Max: 0.0, Diff: 0.0, Sum: 0.0]
      [Object Copy (ms): Min: 61.0, Avg: 61.1, Max: 61.4, Diff: 0.3, Sum: 794.9]
      [Termination (ms): Min: 0.0, Avg: 0.0, Max: 0.0, Diff: 0.0, Sum: 0.0]
      [GC Worker Other (ms): Min: 0.0, Avg: 0.0, Max: 0.1, Diff: 0.0, Sum: 0.4]
      [GC Worker Total (ms): Min: 80.4, Avg: 80.6, Max: 81.0, Diff: 0.6, Sum: 1048.4]
      [GC Worker End (ms): Min: 273058.6, Avg: 273058.6, Max: 273058.6, Diff: 0.0]
   [Code Root Fixup: 0.2 ms]
   [Code Root Migration: 0.0 ms]
   [Clear CT: 3.9 ms]
   [Other: 5.2 ms]
      [Choose CSet: 0.0 ms]
      [Ref Proc: 1.0 ms]
      [Ref Enq: 0.0 ms]
      [Free CSet: 0.7 ms]
   [Eden: 1056.0M(1056.0M)->0.0B(1056.0M) Survivors: 160.0M->160.0M Heap: 13.5G(24.0G)->12.7G(24.0G)]
 [Times: user=1.09 sys=0.00, real=0.09 secs] 
2014-04-09T11:12:41.112+0900: 275.073: [GC pause (G1 Evacuation Pause) (mixed), 0.1043385 secs]
   [Parallel Time: 92.3 ms, GC Workers: 13]
      [GC Worker Start (ms): Min: 275073.7, Avg: 275074.1, Max: 275074.3, Diff: 0.6]
      [Ext Root Scanning (ms): Min: 0.5, Avg: 0.7, Max: 1.6, Diff: 1.1, Sum: 9.3]
      [Update RS (ms): Min: 5.7, Avg: 6.6, Max: 7.4, Diff: 1.7, Sum: 86.1]
         [Processed Buffers: Min: 11, Avg: 16.3, Max: 24, Diff: 13, Sum: 212]
      [Scan RS (ms): Min: 18.3, Avg: 19.0, Max: 19.4, Diff: 1.1, Sum: 247.2]
      [Code Root Scanning (ms): Min: 0.0, Avg: 0.0, Max: 0.0, Diff: 0.0, Sum: 0.0]
      [Object Copy (ms): Min: 64.1, Avg: 64.7, Max: 64.9, Diff: 0.8, Sum: 840.5]
      [Termination (ms): Min: 0.0, Avg: 0.0, Max: 0.0, Diff: 0.0, Sum: 0.0]
      [GC Worker Other (ms): Min: 0.0, Avg: 0.1, Max: 0.2, Diff: 0.1, Sum: 0.7]
      [GC Worker Total (ms): Min: 90.8, Avg: 91.1, Max: 91.5, Diff: 0.7, Sum: 1183.9]
      [GC Worker End (ms): Min: 275165.1, Avg: 275165.1, Max: 275165.2, Diff: 0.1]
   [Code Root Fixup: 0.2 ms]
   [Code Root Migration: 0.0 ms]
   [Clear CT: 5.0 ms]
   [Other: 6.8 ms]
      [Choose CSet: 0.1 ms]
      [Ref Proc: 1.2 ms]
      [Ref Enq: 0.0 ms]
      [Free CSet: 0.9 ms]
   [Eden: 1056.0M(1056.0M)->0.0B(1056.0M) Survivors: 160.0M->160.0M Heap: 14.0G(24.0G)->13.1G(24.0G)]
 [Times: user=1.25 sys=0.00, real=0.11 secs] 
2014-04-09T11:12:53.362+0900: 287.324: [GC pause (G1 Evacuation Pause) (young), 0.0472935 secs]
   [Parallel Time: 41.6 ms, GC Workers: 13]
      [GC Worker Start (ms): Min: 287324.1, Avg: 287324.4, Max: 287324.7, Diff: 0.6]
      [Ext Root Scanning (ms): Min: 0.4, Avg: 0.7, Max: 1.4, Diff: 1.0, Sum: 9.1]
      [Update RS (ms): Min: 18.7, Avg: 19.4, Max: 21.6, Diff: 2.9, Sum: 252.5]
         [Processed Buffers: Min: 9, Avg: 15.3, Max: 25, Diff: 16, Sum: 199]
      [Scan RS (ms): Min: 0.0, Avg: 1.0, Max: 1.3, Diff: 1.3, Sum: 13.4]
      [Code Root Scanning (ms): Min: 0.0, Avg: 0.0, Max: 0.0, Diff: 0.0, Sum: 0.0]
      [Object Copy (ms): Min: 18.1, Avg: 19.3, Max: 19.4, Diff: 1.3, Sum: 250.5]
      [Termination (ms): Min: 0.0, Avg: 0.0, Max: 0.0, Diff: 0.0, Sum: 0.1]
      [GC Worker Other (ms): Min: 0.0, Avg: 0.0, Max: 0.1, Diff: 0.1, Sum: 0.4]
      [GC Worker Total (ms): Min: 40.2, Avg: 40.5, Max: 40.8, Diff: 0.6, Sum: 526.1]
      [GC Worker End (ms): Min: 287364.9, Avg: 287364.9, Max: 287364.9, Diff: 0.1]
   [Code Root Fixup: 0.2 ms]
   [Code Root Migration: 0.0 ms]
   [Clear CT: 2.0 ms]
   [Other: 3.5 ms]
      [Choose CSet: 0.0 ms]
      [Ref Proc: 1.4 ms]
      [Ref Enq: 0.0 ms]
      [Free CSet: 0.4 ms]
   [Eden: 1056.0M(1056.0M)->0.0B(1696.0M) Survivors: 160.0M->96.0M Heap: 14.1G(24.0G)->13.2G(24.0G)]
 [Times: user=0.54 sys=0.01, real=0.05 secs] 
2014-04-09T11:12:54.311+0900: 288.272: [GC pause (G1 Humongous Allocation) (young) (initial-mark), 0.0198129 secs]
   [Parallel Time: 15.8 ms, GC Workers: 13]
      [GC Worker Start (ms): Min: 288272.6, Avg: 288273.0, Max: 288273.3, Diff: 0.6]
      [Ext Root Scanning (ms): Min: 0.3, Avg: 0.6, Max: 2.2, Diff: 1.9, Sum: 8.0]
      [Code Root Marking (ms): Min: 0.0, Avg: 0.5, Max: 4.7, Diff: 4.7, Sum: 6.8]
      [Update RS (ms): Min: 8.2, Avg: 12.1, Max: 13.6, Diff: 5.4, Sum: 157.1]
         [Processed Buffers: Min: 8, Avg: 12.8, Max: 26, Diff: 18, Sum: 167]
      [Scan RS (ms): Min: 0.0, Avg: 0.0, Max: 0.1, Diff: 0.1, Sum: 0.4]
      [Code Root Scanning (ms): Min: 0.0, Avg: 0.0, Max: 0.0, Diff: 0.0, Sum: 0.0]
      [Object Copy (ms): Min: 0.4, Avg: 0.9, Max: 2.7, Diff: 2.3, Sum: 11.1]
      [Termination (ms): Min: 0.0, Avg: 0.8, Max: 1.0, Diff: 1.0, Sum: 11.0]
      [GC Worker Other (ms): Min: 0.0, Avg: 0.0, Max: 0.0, Diff: 0.0, Sum: 0.2]
      [GC Worker Total (ms): Min: 14.6, Avg: 15.0, Max: 15.3, Diff: 0.6, Sum: 194.6]
      [GC Worker End (ms): Min: 288287.9, Avg: 288287.9, Max: 288287.9, Diff: 0.0]
   [Code Root Fixup: 0.2 ms]
   [Code Root Migration: 0.0 ms]
   [Clear CT: 1.5 ms]
   [Other: 2.3 ms]
      [Choose CSet: 0.0 ms]
      [Ref Proc: 1.4 ms]
      [Ref Enq: 0.0 ms]
      [Free CSet: 0.2 ms]
   [Eden: 928.0M(1696.0M)->0.0B(3312.0M) Survivors: 96.0M->64.0M Heap: 14.1G(24.0G)->13.2G(24.0G)]
 [Times: user=0.20 sys=0.00, real=0.02 secs] 
2014-04-09T11:12:54.331+0900: 288.292: [GC concurrent-root-region-scan-start]
2014-04-09T11:12:54.333+0900: 288.295: [GC concurrent-root-region-scan-end, 0.0024761 secs]
2014-04-09T11:12:54.333+0900: 288.295: [GC concurrent-mark-start]
2014-04-09T11:12:55.440+0900: 289.401: [GC concurrent-mark-end, 1.1065543 secs]
2014-04-09T11:12:55.441+0900: 289.402: [GC remark 289.404: [GC ref-proc, 0.0021121 secs], 0.0232082 secs]
 [Times: user=0.19 sys=0.00, real=0.02 secs] 
2014-04-09T11:12:55.465+0900: 289.427: [GC cleanup 13G->12G(24G), 0.0252314 secs]
 [Times: user=0.28 sys=0.00, real=0.03 secs] 
2014-04-09T11:12:55.491+0900: 289.452: [GC concurrent-cleanup-start]
2014-04-09T11:12:55.492+0900: 289.454: [GC concurrent-cleanup-end, 0.0011974 secs]
2014-04-09T11:13:03.049+0900: 297.011: [GC pause (G1 Evacuation Pause) (young), 0.1507669 secs]
   [Parallel Time: 140.1 ms, GC Workers: 13]
      [GC Worker Start (ms): Min: 297011.1, Avg: 297011.4, Max: 297011.5, Diff: 0.3]
      [Ext Root Scanning (ms): Min: 0.6, Avg: 0.7, Max: 1.0, Diff: 0.5, Sum: 9.4]
      [Update RS (ms): Min: 3.5, Avg: 4.1, Max: 4.5, Diff: 1.0, Sum: 52.8]
         [Processed Buffers: Min: 6, Avg: 13.1, Max: 19, Diff: 13, Sum: 170]
      [Scan RS (ms): Min: 17.1, Avg: 17.5, Max: 18.2, Diff: 1.1, Sum: 227.8]
      [Code Root Scanning (ms): Min: 0.0, Avg: 0.0, Max: 0.0, Diff: 0.0, Sum: 0.1]
      [Object Copy (ms): Min: 116.4, Avg: 116.8, Max: 117.0, Diff: 0.6, Sum: 1519.0]
      [Termination (ms): Min: 0.0, Avg: 0.0, Max: 0.0, Diff: 0.0, Sum: 0.0]
      [GC Worker Other (ms): Min: 0.0, Avg: 0.1, Max: 0.2, Diff: 0.2, Sum: 0.8]
      [GC Worker Total (ms): Min: 139.1, Avg: 139.2, Max: 139.4, Diff: 0.3, Sum: 1809.9]
      [GC Worker End (ms): Min: 297150.5, Avg: 297150.6, Max: 297150.7, Diff: 0.2]
   [Code Root Fixup: 0.3 ms]
   [Code Root Migration: 0.1 ms]
   [Clear CT: 4.1 ms]
   [Other: 6.3 ms]
      [Choose CSet: 0.0 ms]
      [Ref Proc: 0.9 ms]
      [Ref Enq: 0.0 ms]
      [Free CSet: 1.7 ms]
   [Eden: 2832.0M(2720.0M)->0.0B(864.0M) Survivors: 64.0M->352.0M Heap: 16.1G(24.0G)->13.9G(24.0G)]
 [Times: user=1.86 sys=0.00, real=0.15 secs] 
2014-04-09T11:13:05.665+0900: 299.626: [GC pause (G1 Evacuation Pause) (mixed), 0.2109857 secs]
   [Parallel Time: 194.2 ms, GC Workers: 13]
      [GC Worker Start (ms): Min: 299627.2, Avg: 299627.4, Max: 299627.6, Diff: 0.4]
      [Ext Root Scanning (ms): Min: 0.5, Avg: 0.7, Max: 1.6, Diff: 1.1, Sum: 9.7]
      [Update RS (ms): Min: 4.4, Avg: 5.7, Max: 7.6, Diff: 3.1, Sum: 73.7]
         [Processed Buffers: Min: 13, Avg: 18.6, Max: 31, Diff: 18, Sum: 242]
      [Scan RS (ms): Min: 40.7, Avg: 42.5, Max: 42.9, Diff: 2.2, Sum: 552.2]
      [Code Root Scanning (ms): Min: 0.0, Avg: 0.0, Max: 0.0, Diff: 0.0, Sum: 0.1]
      [Object Copy (ms): Min: 144.2, Avg: 144.3, Max: 144.5, Diff: 0.4, Sum: 1875.7]
      [Termination (ms): Min: 0.0, Avg: 0.0, Max: 0.0, Diff: 0.0, Sum: 0.0]
      [GC Worker Other (ms): Min: 0.0, Avg: 0.0, Max: 0.2, Diff: 0.2, Sum: 0.6]
      [GC Worker Total (ms): Min: 193.0, Avg: 193.2, Max: 193.5, Diff: 0.4, Sum: 2512.0]
      [GC Worker End (ms): Min: 299820.6, Avg: 299820.7, Max: 299820.8, Diff: 0.2]
   [Code Root Fixup: 0.3 ms]
   [Code Root Migration: 0.1 ms]
   [Clear CT: 5.3 ms]
   [Other: 11.1 ms]
      [Choose CSet: 0.4 ms]
      [Ref Proc: 1.0 ms]
      [Ref Enq: 0.0 ms]
      [Free CSet: 2.7 ms]
   [Eden: 864.0M(864.0M)->0.0B(1056.0M) Survivors: 352.0M->160.0M Heap: 15.1G(24.0G)->13.5G(24.0G)]
 [Times: user=2.59 sys=0.00, real=0.21 secs] 
2014-04-09T11:13:07.756+0900: 301.718: [GC pause (G1 Evacuation Pause) (mixed), 0.2225479 secs]
   [Parallel Time: 204.7 ms, GC Workers: 13]
      [GC Worker Start (ms): Min: 301718.7, Avg: 301719.0, Max: 301719.2, Diff: 0.5]
      [Ext Root Scanning (ms): Min: 0.5, Avg: 0.7, Max: 1.2, Diff: 0.7, Sum: 9.5]
      [Update RS (ms): Min: 3.5, Avg: 4.0, Max: 4.1, Diff: 0.6, Sum: 51.5]
         [Processed Buffers: Min: 11, Avg: 14.9, Max: 24, Diff: 13, Sum: 194]
      [Scan RS (ms): Min: 61.3, Avg: 61.6, Max: 62.2, Diff: 0.9, Sum: 800.2]
      [Code Root Scanning (ms): Min: 0.0, Avg: 0.0, Max: 0.0, Diff: 0.0, Sum: 0.1]
      [Object Copy (ms): Min: 136.2, Avg: 137.0, Max: 137.8, Diff: 1.6, Sum: 1781.2]
      [Termination (ms): Min: 0.0, Avg: 0.6, Max: 0.8, Diff: 0.8, Sum: 7.6]
      [GC Worker Other (ms): Min: 0.0, Avg: 0.0, Max: 0.1, Diff: 0.1, Sum: 0.5]
      [GC Worker Total (ms): Min: 203.7, Avg: 203.9, Max: 204.2, Diff: 0.5, Sum: 2650.7]
      [GC Worker End (ms): Min: 301922.9, Avg: 301922.9, Max: 301922.9, Diff: 0.1]
   [Code Root Fixup: 0.2 ms]
   [Code Root Migration: 0.1 ms]
   [Clear CT: 5.8 ms]
   [Other: 11.8 ms]
      [Choose CSet: 0.5 ms]
      [Ref Proc: 1.1 ms]
      [Ref Enq: 0.0 ms]
      [Free CSet: 2.8 ms]
   [Eden: 1056.0M(1056.0M)->0.0B(1056.0M) Survivors: 160.0M->160.0M Heap: 15.0G(24.0G)->13.4G(24.0G)]
 [Times: user=2.72 sys=0.00, real=0.23 secs] 
2014-04-09T11:13:11.008+0900: 304.969: [GC pause (G1 Evacuation Pause) (mixed), 0.2286217 secs]
   [Parallel Time: 210.0 ms, GC Workers: 13]
      [GC Worker Start (ms): Min: 304970.1, Avg: 304970.3, Max: 304970.5, Diff: 0.4]
      [Ext Root Scanning (ms): Min: 0.6, Avg: 0.8, Max: 1.6, Diff: 1.0, Sum: 10.1]
      [Update RS (ms): Min: 3.9, Avg: 4.6, Max: 5.9, Diff: 2.0, Sum: 60.4]
         [Processed Buffers: Min: 14, Avg: 18.2, Max: 23, Diff: 9, Sum: 237]
      [Scan RS (ms): Min: 62.9, Avg: 64.8, Max: 65.8, Diff: 2.9, Sum: 842.7]
      [Code Root Scanning (ms): Min: 0.0, Avg: 0.0, Max: 0.0, Diff: 0.0, Sum: 0.1]
      [Object Copy (ms): Min: 137.9, Avg: 138.8, Max: 139.5, Diff: 1.6, Sum: 1803.9]
      [Termination (ms): Min: 0.0, Avg: 0.0, Max: 0.0, Diff: 0.0, Sum: 0.0]
      [GC Worker Other (ms): Min: 0.0, Avg: 0.0, Max: 0.1, Diff: 0.1, Sum: 0.5]
      [GC Worker Total (ms): Min: 208.9, Avg: 209.1, Max: 209.3, Diff: 0.4, Sum: 2717.7]
      [GC Worker End (ms): Min: 305179.3, Avg: 305179.4, Max: 305179.4, Diff: 0.1]
   [Code Root Fixup: 0.4 ms]
   [Code Root Migration: 0.1 ms]
   [Clear CT: 5.6 ms]
   [Other: 12.6 ms]
      [Choose CSet: 0.7 ms]
      [Ref Proc: 1.0 ms]
      [Ref Enq: 0.0 ms]
      [Free CSet: 2.8 ms]
   [Eden: 1056.0M(1056.0M)->0.0B(1056.0M) Survivors: 160.0M->160.0M Heap: 14.9G(24.0G)->13.4G(24.0G)]
 [Times: user=2.79 sys=0.00, real=0.23 secs] 
2014-04-09T11:13:14.093+0900: 308.054: [GC pause (G1 Evacuation Pause) (mixed), 0.2503554 secs]
   [Parallel Time: 230.1 ms, GC Workers: 13]
      [GC Worker Start (ms): Min: 308055.2, Avg: 308055.5, Max: 308055.8, Diff: 0.5]
      [Ext Root Scanning (ms): Min: 0.4, Avg: 0.7, Max: 1.6, Diff: 1.1, Sum: 9.7]
      [Update RS (ms): Min: 3.9, Avg: 5.2, Max: 6.7, Diff: 2.8, Sum: 67.9]
         [Processed Buffers: Min: 13, Avg: 18.2, Max: 24, Diff: 11, Sum: 236]
      [Scan RS (ms): Min: 73.5, Avg: 74.6, Max: 75.4, Diff: 1.9, Sum: 969.6]
      [Code Root Scanning (ms): Min: 0.0, Avg: 0.0, Max: 0.0, Diff: 0.0, Sum: 0.1]
      [Object Copy (ms): Min: 147.8, Avg: 148.1, Max: 148.4, Diff: 0.7, Sum: 1925.7]
      [Termination (ms): Min: 0.0, Avg: 0.0, Max: 0.0, Diff: 0.0, Sum: 0.1]
      [GC Worker Other (ms): Min: 0.0, Avg: 0.1, Max: 0.2, Diff: 0.2, Sum: 0.8]
      [GC Worker Total (ms): Min: 228.5, Avg: 228.8, Max: 229.0, Diff: 0.5, Sum: 2973.8]
      [GC Worker End (ms): Min: 308284.3, Avg: 308284.3, Max: 308284.4, Diff: 0.2]
   [Code Root Fixup: 0.3 ms]
   [Code Root Migration: 0.1 ms]
   [Clear CT: 5.5 ms]
   [Other: 14.3 ms]
      [Choose CSet: 0.8 ms]
      [Ref Proc: 1.1 ms]
      [Ref Enq: 0.0 ms]
      [Free CSet: 3.2 ms]
   [Eden: 1056.0M(1056.0M)->0.0B(1056.0M) Survivors: 160.0M->160.0M Heap: 14.9G(24.0G)->13.5G(24.0G)]
 [Times: user=3.04 sys=0.00, real=0.25 secs] 
2014-04-09T11:13:14.447+0900: 308.409: [GC pause (G1 Humongous Allocation) (young) (initial-mark), 0.1628979 secs]
   [Parallel Time: 156.4 ms, GC Workers: 13]
      [GC Worker Start (ms): Min: 308409.2, Avg: 308409.4, Max: 308409.6, Diff: 0.5]
      [Ext Root Scanning (ms): Min: 0.4, Avg: 0.7, Max: 2.6, Diff: 2.2, Sum: 8.7]
      [Code Root Marking (ms): Min: 0.0, Avg: 0.8, Max: 6.8, Diff: 6.8, Sum: 9.9]
      [Update RS (ms): Min: 59.4, Avg: 64.0, Max: 65.7, Diff: 6.3, Sum: 831.5]
         [Processed Buffers: Min: 28, Avg: 36.6, Max: 51, Diff: 23, Sum: 476]
      [Scan RS (ms): Min: 12.8, Avg: 14.2, Max: 15.2, Diff: 2.3, Sum: 184.4]
      [Code Root Scanning (ms): Min: 0.0, Avg: 0.0, Max: 0.0, Diff: 0.0, Sum: 0.0]
      [Object Copy (ms): Min: 74.2, Avg: 74.6, Max: 75.5, Diff: 1.3, Sum: 969.2]
      [Termination (ms): Min: 0.0, Avg: 0.9, Max: 1.1, Diff: 1.1, Sum: 11.6]
      [GC Worker Other (ms): Min: 0.0, Avg: 0.0, Max: 0.0, Diff: 0.0, Sum: 0.3]
      [GC Worker Total (ms): Min: 154.8, Avg: 155.0, Max: 155.3, Diff: 0.5, Sum: 2015.5]
      [GC Worker End (ms): Min: 308564.5, Avg: 308564.5, Max: 308564.5, Diff: 0.0]
   [Code Root Fixup: 0.3 ms]
   [Code Root Migration: 0.0 ms]
   [Clear CT: 2.0 ms]
   [Other: 4.3 ms]
      [Choose CSet: 0.0 ms]
      [Ref Proc: 1.6 ms]
      [Ref Enq: 0.0 ms]
      [Free CSet: 0.2 ms]
   [Eden: 32.0M(1056.0M)->0.0B(1104.0M) Survivors: 160.0M->112.0M Heap: 13.5G(24.0G)->13.6G(24.0G)]
 [Times: user=2.03 sys=0.00, real=0.17 secs] 
2014-04-09T11:13:14.610+0900: 308.572: [GC concurrent-root-region-scan-start]
2014-04-09T11:13:14.614+0900: 308.575: [GC concurrent-root-region-scan-end, 0.0032049 secs]
2014-04-09T11:13:14.614+0900: 308.575: [GC concurrent-mark-start]
2014-04-09T11:13:16.032+0900: 309.994: [GC concurrent-mark-end, 1.4184634 secs]
2014-04-09T11:13:16.033+0900: 309.995: [GC remark 309.996: [GC ref-proc, 0.0021695 secs], 0.0245898 secs]
 [Times: user=0.21 sys=0.00, real=0.02 secs] 
2014-04-09T11:13:16.059+0900: 310.020: [GC cleanup 14G->11G(24G), 0.0265832 secs]
 [Times: user=0.30 sys=0.00, real=0.03 secs] 
2014-04-09T11:13:16.086+0900: 310.047: [GC concurrent-cleanup-start]
2014-04-09T11:13:16.089+0900: 310.050: [GC concurrent-cleanup-end, 0.0029816 secs]
2014-04-09T11:13:16.844+0900: 310.806: [GC pause (G1 Evacuation Pause) (young), 0.0683753 secs]
   [Parallel Time: 62.0 ms, GC Workers: 13]
      [GC Worker Start (ms): Min: 310805.8, Avg: 310806.1, Max: 310806.4, Diff: 0.5]
      [Ext Root Scanning (ms): Min: 0.4, Avg: 0.7, Max: 0.9, Diff: 0.5, Sum: 8.6]
      [Update RS (ms): Min: 5.4, Avg: 5.8, Max: 7.3, Diff: 1.9, Sum: 75.4]
         [Processed Buffers: Min: 13, Avg: 18.5, Max: 25, Diff: 12, Sum: 240]
      [Scan RS (ms): Min: 4.2, Avg: 5.7, Max: 6.3, Diff: 2.1, Sum: 74.7]
      [Code Root Scanning (ms): Min: 0.0, Avg: 0.0, Max: 0.0, Diff: 0.0, Sum: 0.0]
      [Object Copy (ms): Min: 47.8, Avg: 47.9, Max: 48.1, Diff: 0.3, Sum: 622.8]
      [Termination (ms): Min: 0.0, Avg: 0.0, Max: 0.0, Diff: 0.0, Sum: 0.0]
      [GC Worker Other (ms): Min: 0.0, Avg: 0.0, Max: 0.1, Diff: 0.1, Sum: 0.4]
      [GC Worker Total (ms): Min: 59.9, Avg: 60.2, Max: 60.5, Diff: 0.6, Sum: 782.1]
      [GC Worker End (ms): Min: 310866.2, Avg: 310866.3, Max: 310866.3, Diff: 0.1]
   [Code Root Fixup: 0.2 ms]
   [Code Root Migration: 0.0 ms]
   [Clear CT: 3.0 ms]
   [Other: 3.3 ms]
      [Choose CSet: 0.0 ms]
      [Ref Proc: 1.2 ms]
      [Ref Enq: 0.0 ms]
      [Free CSet: 0.6 ms]
   [Eden: 1104.0M(1104.0M)->0.0B(1056.0M) Survivors: 112.0M->160.0M Heap: 12.1G(24.0G)->11.2G(24.0G)]
 [Times: user=0.81 sys=0.01, real=0.07 secs] 
2014-04-09T11:13:19.099+0900: 313.060: [GC pause (G1 Evacuation Pause) (mixed), 0.1306017 secs]
   [Parallel Time: 118.7 ms, GC Workers: 13]
      [GC Worker Start (ms): Min: 313060.6, Avg: 313060.8, Max: 313061.0, Diff: 0.4]
      [Ext Root Scanning (ms): Min: 0.6, Avg: 0.8, Max: 1.7, Diff: 1.1, Sum: 10.4]
      [Update RS (ms): Min: 4.0, Avg: 4.8, Max: 4.9, Diff: 1.0, Sum: 62.5]
         [Processed Buffers: Min: 14, Avg: 18.8, Max: 26, Diff: 12, Sum: 245]
      [Scan RS (ms): Min: 27.6, Avg: 28.0, Max: 28.6, Diff: 1.0, Sum: 363.8]
      [Code Root Scanning (ms): Min: 0.0, Avg: 0.0, Max: 0.0, Diff: 0.0, Sum: 0.1]
      [Object Copy (ms): Min: 83.6, Avg: 84.2, Max: 84.7, Diff: 1.1, Sum: 1095.2]
      [Termination (ms): Min: 0.0, Avg: 0.0, Max: 0.0, Diff: 0.0, Sum: 0.0]
      [GC Worker Other (ms): Min: 0.0, Avg: 0.0, Max: 0.1, Diff: 0.1, Sum: 0.5]
      [GC Worker Total (ms): Min: 117.7, Avg: 117.9, Max: 118.1, Diff: 0.4, Sum: 1532.6]
      [GC Worker End (ms): Min: 313178.6, Avg: 313178.7, Max: 313178.7, Diff: 0.1]
   [Code Root Fixup: 0.2 ms]
   [Code Root Migration: 0.1 ms]
   [Clear CT: 5.1 ms]
   [Other: 6.5 ms]
      [Choose CSet: 0.3 ms]
      [Ref Proc: 1.0 ms]
      [Ref Enq: 0.0 ms]
      [Free CSet: 1.4 ms]
   [Eden: 1056.0M(1056.0M)->0.0B(1056.0M) Survivors: 160.0M->160.0M Heap: 12.8G(24.0G)->11.7G(24.0G)]
 [Times: user=1.60 sys=0.00, real=0.13 secs] 
2014-04-09T11:13:19.233+0900: 313.195: [GC pause (G1 Humongous Allocation) (young) (initial-mark), 0.0977659 secs]
   [Parallel Time: 93.3 ms, GC Workers: 13]
      [GC Worker Start (ms): Min: 313195.2, Avg: 313195.4, Max: 313195.6, Diff: 0.5]
      [Ext Root Scanning (ms): Min: 0.3, Avg: 0.7, Max: 2.5, Diff: 2.1, Sum: 8.7]
      [Code Root Marking (ms): Min: 0.0, Avg: 0.8, Max: 6.7, Diff: 6.7, Sum: 10.0]
      [Update RS (ms): Min: 54.7, Avg: 61.0, Max: 63.2, Diff: 8.4, Sum: 793.3]
         [Processed Buffers: Min: 32, Avg: 40.1, Max: 52, Diff: 20, Sum: 521]
      [Scan RS (ms): Min: 0.0, Avg: 0.0, Max: 0.0, Diff: 0.0, Sum: 0.1]
      [Code Root Scanning (ms): Min: 0.0, Avg: 0.0, Max: 0.0, Diff: 0.0, Sum: 0.0]
      [Object Copy (ms): Min: 28.1, Avg: 29.7, Max: 30.2, Diff: 2.1, Sum: 385.5]
      [Termination (ms): Min: 0.0, Avg: 0.0, Max: 0.0, Diff: 0.0, Sum: 0.1]
      [GC Worker Other (ms): Min: 0.0, Avg: 0.0, Max: 0.0, Diff: 0.0, Sum: 0.3]
      [GC Worker Total (ms): Min: 92.0, Avg: 92.1, Max: 92.4, Diff: 0.4, Sum: 1197.9]
      [GC Worker End (ms): Min: 313287.6, Avg: 313287.6, Max: 313287.6, Diff: 0.0]
   [Code Root Fixup: 0.2 ms]
   [Code Root Migration: 0.0 ms]
   [Clear CT: 1.0 ms]
   [Other: 3.3 ms]
      [Choose CSet: 0.0 ms]
      [Ref Proc: 1.0 ms]
      [Ref Enq: 0.0 ms]
      [Free CSet: 0.1 ms]
   [Eden: 16.0M(1056.0M)->0.0B(1136.0M) Survivors: 160.0M->80.0M Heap: 11.7G(24.0G)->11.8G(24.0G)]
 [Times: user=1.20 sys=0.01, real=0.10 secs] 
2014-04-09T11:13:19.331+0900: 313.293: [GC concurrent-root-region-scan-start]
2014-04-09T11:13:19.332+0900: 313.293: [GC concurrent-root-region-scan-end, 0.0001836 secs]
2014-04-09T11:13:19.332+0900: 313.293: [GC concurrent-mark-start]
2014-04-09T11:13:20.730+0900: 314.692: [GC concurrent-mark-end, 1.3986199 secs]
2014-04-09T11:13:20.731+0900: 314.693: [GC remark 314.694: [GC ref-proc, 0.0021036 secs], 0.0260715 secs]
 [Times: user=0.23 sys=0.00, real=0.02 secs] 
2014-04-09T11:13:20.759+0900: 314.720: [GC cleanup 13G->12G(24G), 0.0254657 secs]
 [Times: user=0.30 sys=0.00, real=0.03 secs] 
2014-04-09T11:13:20.785+0900: 314.746: [GC concurrent-cleanup-start]
2014-04-09T11:13:20.786+0900: 314.748: [GC concurrent-cleanup-end, 0.0012211 secs]
2014-04-09T11:13:20.935+0900: 314.896: [GC pause (G1 Evacuation Pause) (young), 0.0580537 secs]
   [Parallel Time: 52.0 ms, GC Workers: 13]
      [GC Worker Start (ms): Min: 314896.7, Avg: 314897.0, Max: 314897.1, Diff: 0.4]
      [Ext Root Scanning (ms): Min: 0.4, Avg: 0.6, Max: 0.9, Diff: 0.5, Sum: 8.0]
      [Update RS (ms): Min: 3.6, Avg: 4.1, Max: 4.9, Diff: 1.3, Sum: 52.8]
         [Processed Buffers: Min: 15, Avg: 18.6, Max: 23, Diff: 8, Sum: 242]
      [Scan RS (ms): Min: 3.4, Avg: 4.2, Max: 4.4, Diff: 1.1, Sum: 55.1]
      [Code Root Scanning (ms): Min: 0.0, Avg: 0.0, Max: 0.0, Diff: 0.0, Sum: 0.0]
      [Object Copy (ms): Min: 42.5, Avg: 42.6, Max: 42.6, Diff: 0.1, Sum: 553.3]
      [Termination (ms): Min: 0.0, Avg: 0.0, Max: 0.0, Diff: 0.0, Sum: 0.0]
      [GC Worker Other (ms): Min: 0.0, Avg: 0.0, Max: 0.1, Diff: 0.1, Sum: 0.5]
      [GC Worker Total (ms): Min: 51.3, Avg: 51.5, Max: 51.7, Diff: 0.4, Sum: 669.6]
      [GC Worker End (ms): Min: 314948.4, Avg: 314948.5, Max: 314948.5, Diff: 0.1]
   [Code Root Fixup: 0.2 ms]
   [Code Root Migration: 0.0 ms]
   [Clear CT: 3.2 ms]
   [Other: 2.6 ms]
      [Choose CSet: 0.0 ms]
      [Ref Proc: 0.9 ms]
      [Ref Enq: 0.0 ms]
      [Free CSet: 0.5 ms]
   [Eden: 1136.0M(1136.0M)->0.0B(1056.0M) Survivors: 80.0M->160.0M Heap: 12.4G(24.0G)->11.6G(24.0G)]
 [Times: user=0.71 sys=0.00, real=0.06 secs] 
2014-04-09T11:13:25.508+0900: 319.470: [GC pause (G1 Evacuation Pause) (mixed), 0.0741988 secs]
   [Parallel Time: 63.2 ms, GC Workers: 13]
      [GC Worker Start (ms): Min: 319470.0, Avg: 319470.4, Max: 319470.6, Diff: 0.6]
      [Ext Root Scanning (ms): Min: 0.4, Avg: 0.7, Max: 1.4, Diff: 1.0, Sum: 9.1]
      [Update RS (ms): Min: 5.1, Avg: 5.8, Max: 6.2, Diff: 1.0, Sum: 75.2]
         [Processed Buffers: Min: 14, Avg: 20.7, Max: 28, Diff: 14, Sum: 269]
      [Scan RS (ms): Min: 16.1, Avg: 16.5, Max: 16.7, Diff: 0.6, Sum: 214.9]
      [Code Root Scanning (ms): Min: 0.0, Avg: 0.0, Max: 0.0, Diff: 0.0, Sum: 0.0]
      [Object Copy (ms): Min: 38.3, Avg: 38.4, Max: 38.6, Diff: 0.3, Sum: 499.3]
      [Termination (ms): Min: 0.0, Avg: 0.0, Max: 0.0, Diff: 0.0, Sum: 0.3]
      [GC Worker Other (ms): Min: 0.0, Avg: 0.1, Max: 0.2, Diff: 0.1, Sum: 0.7]
      [GC Worker Total (ms): Min: 61.2, Avg: 61.5, Max: 61.9, Diff: 0.7, Sum: 799.5]
      [GC Worker End (ms): Min: 319531.8, Avg: 319531.9, Max: 319532.0, Diff: 0.1]
   [Code Root Fixup: 0.3 ms]
   [Code Root Migration: 0.1 ms]
   [Clear CT: 5.5 ms]
   [Other: 5.3 ms]
      [Choose CSet: 0.1 ms]
      [Ref Proc: 1.7 ms]
      [Ref Enq: 0.0 ms]
      [Free CSet: 0.9 ms]
   [Eden: 1056.0M(1056.0M)->0.0B(1072.0M) Survivors: 160.0M->144.0M Heap: 12.9G(24.0G)->11.8G(24.0G)]
 [Times: user=0.87 sys=0.00, real=0.08 secs] 
2014-04-09T11:13:26.125+0900: 320.086: [GC pause (G1 Humongous Allocation) (young) (initial-mark), 0.0440239 secs]
   [Parallel Time: 40.2 ms, GC Workers: 13]
      [GC Worker Start (ms): Min: 320086.8, Avg: 320087.0, Max: 320087.3, Diff: 0.5]
      [Ext Root Scanning (ms): Min: 0.3, Avg: 0.8, Max: 2.4, Diff: 2.0, Sum: 10.3]
      [Code Root Marking (ms): Min: 0.0, Avg: 0.6, Max: 4.7, Diff: 4.7, Sum: 7.4]
      [Update RS (ms): Min: 19.4, Avg: 23.3, Max: 25.7, Diff: 6.2, Sum: 303.0]
         [Processed Buffers: Min: 16, Avg: 22.6, Max: 29, Diff: 13, Sum: 294]
      [Scan RS (ms): Min: 0.0, Avg: 0.0, Max: 0.1, Diff: 0.1, Sum: 0.2]
      [Code Root Scanning (ms): Min: 0.0, Avg: 0.0, Max: 0.0, Diff: 0.0, Sum: 0.0]
      [Object Copy (ms): Min: 13.1, Avg: 14.8, Max: 15.3, Diff: 2.2, Sum: 192.3]
      [Termination (ms): Min: 0.0, Avg: 0.0, Max: 0.0, Diff: 0.0, Sum: 0.1]
      [GC Worker Other (ms): Min: 0.0, Avg: 0.0, Max: 0.0, Diff: 0.0, Sum: 0.4]
      [GC Worker Total (ms): Min: 39.3, Avg: 39.5, Max: 39.7, Diff: 0.5, Sum: 513.7]
      [GC Worker End (ms): Min: 320126.5, Avg: 320126.5, Max: 320126.5, Diff: 0.0]
   [Code Root Fixup: 0.3 ms]
   [Code Root Migration: 0.0 ms]
   [Clear CT: 0.7 ms]
   [Other: 2.7 ms]
      [Choose CSet: 0.0 ms]
      [Ref Proc: 0.7 ms]
      [Ref Enq: 0.0 ms]
      [Free CSet: 0.2 ms]
   [Eden: 304.0M(1072.0M)->0.0B(1104.0M) Survivors: 144.0M->112.0M Heap: 12.1G(24.0G)->11.9G(24.0G)]
 [Times: user=0.52 sys=0.01, real=0.04 secs] 
2014-04-09T11:13:26.169+0900: 320.131: [GC concurrent-root-region-scan-start]
2014-04-09T11:13:26.169+0900: 320.131: [GC concurrent-root-region-scan-end, 0.0001937 secs]
2014-04-09T11:13:26.169+0900: 320.131: [GC concurrent-mark-start]
2014-04-09T11:13:27.253+0900: 321.214: [GC concurrent-mark-end, 1.0833914 secs]
2014-04-09T11:13:27.254+0900: 321.215: [GC remark 321.216: [GC ref-proc, 0.0015752 secs], 0.0225167 secs]
 [Times: user=0.18 sys=0.00, real=0.02 secs] 
2014-04-09T11:13:27.278+0900: 321.239: [GC cleanup 12G->11G(24G), 0.0293169 secs]
 [Times: user=0.32 sys=0.00, real=0.03 secs] 
2014-04-09T11:13:27.307+0900: 321.269: [GC concurrent-cleanup-start]
2014-04-09T11:13:27.309+0900: 321.270: [GC concurrent-cleanup-end, 0.0011068 secs]
Heap
 garbage-first heap   total 25165824K, used 11802387K [0x00000001c0000000, 0x00000007c0000000, 0x00000007c0000000)
  region size 16384K, 27 young (442368K), 7 survivors (114688K)
 Metaspace       used 37978K, capacity 38866K, committed 39040K, reserved 1083392K
  class space    used 5743K, capacity 5940K, committed 6016K, reserved 1048576K
