Java HotSpot(TM) 64-Bit Server VM (25.0-b70) for linux-amd64 JRE (1.8.0-b132), built on Mar  4 2014 03:07:25 by "java_re" with gcc 4.3.0 20080428 (Red Hat 4.3.0-8)
Memory: 4k page, physical 32865776k(30166744k free), swap 2047992k(2047992k free)
CommandLine flags: -XX:G1HeapRegionSize=16777216 -XX:InitialHeapSize=25769803776 -XX:InitiatingHeapOccupancyPercent=30 -XX:MaxGCPauseMillis=100 -XX:MaxHeapSize=25769803776 -XX:+PrintGC -XX:+PrintGCDateStamps -XX:+PrintGCDetails -XX:+PrintGCTimeStamps -XX:ThreadStackSize=2048 -XX:+UseCompressedClassPointers -XX:+UseCompressedOops -XX:+UseG1GC 
2014-04-09T11:16:28.787+0900: 1.926: [Full GC (Metadata GC Threshold)  21M->7320K(24G), 0.2841674 secs]
   [Eden: 32.0M(1216.0M)->0.0B(1216.0M) Survivors: 0.0B->0.0B Heap: 21.1M(24.0G)->7320.2K(24.0G)], [Metaspace: 21110K->21110K(1067008K)]
 [Times: user=0.39 sys=0.08, real=0.29 secs] 
2014-04-09T11:16:34.163+0900: 7.302: [Full GC (Metadata GC Threshold)  110M->17M(24G), 0.3377982 secs]
   [Eden: 112.0M(1216.0M)->0.0B(1216.0M) Survivors: 0.0B->0.0B Heap: 110.7M(24.0G)->17.2M(24.0G)], [Metaspace: 34710K->34706K(1079296K)]
 [Times: user=0.33 sys=0.01, real=0.34 secs] 
2014-04-09T11:16:38.984+0900: 12.123: [GC pause (G1 Evacuation Pause) (young), 0.2986398 secs]
   [Parallel Time: 263.5 ms, GC Workers: 13]
      [GC Worker Start (ms): Min: 12123.8, Avg: 12123.9, Max: 12124.0, Diff: 0.2]
      [Ext Root Scanning (ms): Min: 2.3, Avg: 3.5, Max: 11.5, Diff: 9.2, Sum: 45.0]
      [Update RS (ms): Min: 0.0, Avg: 3.4, Max: 11.7, Diff: 11.7, Sum: 43.9]
         [Processed Buffers: Min: 0, Avg: 5.5, Max: 16, Diff: 16, Sum: 72]
      [Scan RS (ms): Min: 0.0, Avg: 0.0, Max: 0.2, Diff: 0.2, Sum: 0.6]
      [Code Root Scanning (ms): Min: 0.0, Avg: 0.1, Max: 0.6, Diff: 0.6, Sum: 1.2]
      [Object Copy (ms): Min: 216.6, Avg: 239.3, Max: 250.7, Diff: 34.1, Sum: 3111.0]
      [Termination (ms): Min: 8.8, Avg: 17.1, Max: 32.7, Diff: 23.9, Sum: 221.7]
      [GC Worker Other (ms): Min: 0.0, Avg: 0.0, Max: 0.1, Diff: 0.0, Sum: 0.5]
      [GC Worker Total (ms): Min: 263.3, Avg: 263.4, Max: 263.5, Diff: 0.2, Sum: 3423.9]
      [GC Worker End (ms): Min: 12387.3, Avg: 12387.3, Max: 12387.3, Diff: 0.0]
   [Code Root Fixup: 1.3 ms]
   [Code Root Migration: 3.5 ms]
   [Clear CT: 0.5 ms]
   [Other: 29.8 ms]
      [Choose CSet: 0.0 ms]
      [Ref Proc: 26.6 ms]
      [Ref Enq: 2.3 ms]
      [Free CSet: 0.2 ms]
   [Eden: 1216.0M(1216.0M)->0.0B(1056.0M) Survivors: 0.0B->160.0M Heap: 1233.2M(24.0G)->281.9M(24.0G)]
 [Times: user=2.84 sys=1.28, real=0.30 secs] 
2014-04-09T11:16:40.934+0900: 14.073: [GC pause (G1 Evacuation Pause) (young), 0.1989702 secs]
   [Parallel Time: 175.2 ms, GC Workers: 13]
      [GC Worker Start (ms): Min: 14073.2, Avg: 14073.2, Max: 14073.3, Diff: 0.2]
      [Ext Root Scanning (ms): Min: 1.9, Avg: 4.4, Max: 10.4, Diff: 8.5, Sum: 56.9]
      [Update RS (ms): Min: 0.0, Avg: 0.3, Max: 0.6, Diff: 0.6, Sum: 3.9]
         [Processed Buffers: Min: 0, Avg: 2.9, Max: 16, Diff: 16, Sum: 38]
      [Scan RS (ms): Min: 5.3, Avg: 11.8, Max: 17.8, Diff: 12.5, Sum: 153.5]
      [Code Root Scanning (ms): Min: 0.0, Avg: 0.2, Max: 1.9, Diff: 1.9, Sum: 2.0]
      [Object Copy (ms): Min: 151.8, Avg: 158.0, Max: 159.9, Diff: 8.1, Sum: 2054.0]
      [Termination (ms): Min: 0.0, Avg: 0.2, Max: 0.2, Diff: 0.2, Sum: 2.3]
      [GC Worker Other (ms): Min: 0.0, Avg: 0.0, Max: 0.1, Diff: 0.1, Sum: 0.4]
      [GC Worker Total (ms): Min: 174.8, Avg: 174.8, Max: 174.9, Diff: 0.2, Sum: 2273.0]
      [GC Worker End (ms): Min: 14248.1, Avg: 14248.1, Max: 14248.1, Diff: 0.1]
   [Code Root Fixup: 1.4 ms]
   [Code Root Migration: 3.2 ms]
   [Clear CT: 0.7 ms]
   [Other: 18.5 ms]
      [Choose CSet: 0.0 ms]
      [Ref Proc: 15.8 ms]
      [Ref Enq: 1.2 ms]
      [Free CSet: 0.2 ms]
   [Eden: 1056.0M(1056.0M)->0.0B(1056.0M) Survivors: 160.0M->160.0M Heap: 1337.9M(24.0G)->489.2M(24.0G)]
 [Times: user=2.14 sys=0.33, real=0.20 secs] 
2014-04-09T11:16:42.195+0900: 15.334: [GC pause (G1 Evacuation Pause) (young), 0.1189342 secs]
   [Parallel Time: 109.1 ms, GC Workers: 13]
      [GC Worker Start (ms): Min: 15334.5, Avg: 15334.6, Max: 15334.6, Diff: 0.2]
      [Ext Root Scanning (ms): Min: 0.8, Avg: 1.4, Max: 3.0, Diff: 2.2, Sum: 18.1]
      [Update RS (ms): Min: 2.5, Avg: 3.6, Max: 5.0, Diff: 2.5, Sum: 47.0]
         [Processed Buffers: Min: 2, Avg: 15.8, Max: 28, Diff: 26, Sum: 206]
      [Scan RS (ms): Min: 6.5, Avg: 7.7, Max: 8.0, Diff: 1.5, Sum: 100.3]
      [Code Root Scanning (ms): Min: 0.0, Avg: 0.0, Max: 0.0, Diff: 0.0, Sum: 0.0]
      [Object Copy (ms): Min: 95.1, Avg: 95.9, Max: 96.4, Diff: 1.3, Sum: 1246.3]
      [Termination (ms): Min: 0.0, Avg: 0.2, Max: 0.3, Diff: 0.3, Sum: 3.0]
      [GC Worker Other (ms): Min: 0.0, Avg: 0.0, Max: 0.1, Diff: 0.0, Sum: 0.3]
      [GC Worker Total (ms): Min: 108.7, Avg: 108.8, Max: 109.0, Diff: 0.2, Sum: 1415.0]
      [GC Worker End (ms): Min: 15443.4, Avg: 15443.4, Max: 15443.4, Diff: 0.1]
   [Code Root Fixup: 0.4 ms]
   [Code Root Migration: 0.0 ms]
   [Clear CT: 0.5 ms]
   [Other: 8.9 ms]
      [Choose CSet: 0.0 ms]
      [Ref Proc: 6.6 ms]
      [Ref Enq: 0.5 ms]
      [Free CSet: 0.3 ms]
   [Eden: 1056.0M(1056.0M)->0.0B(1056.0M) Survivors: 160.0M->160.0M Heap: 1545.2M(24.0G)->705.2M(24.0G)]
 [Times: user=1.36 sys=0.14, real=0.12 secs] 
2014-04-09T11:16:43.225+0900: 16.364: [GC pause (G1 Evacuation Pause) (young), 0.1026094 secs]
   [Parallel Time: 92.9 ms, GC Workers: 13]
      [GC Worker Start (ms): Min: 16364.3, Avg: 16364.4, Max: 16364.5, Diff: 0.1]
      [Ext Root Scanning (ms): Min: 0.8, Avg: 1.2, Max: 1.5, Diff: 0.7, Sum: 15.3]
      [Update RS (ms): Min: 3.4, Avg: 4.0, Max: 6.8, Diff: 3.4, Sum: 51.9]
         [Processed Buffers: Min: 8, Avg: 16.5, Max: 22, Diff: 14, Sum: 214]
      [Scan RS (ms): Min: 1.5, Avg: 4.2, Max: 4.7, Diff: 3.2, Sum: 54.2]
      [Code Root Scanning (ms): Min: 0.0, Avg: 0.0, Max: 0.0, Diff: 0.0, Sum: 0.0]
      [Object Copy (ms): Min: 82.8, Avg: 83.0, Max: 83.3, Diff: 0.5, Sum: 1078.6]
      [Termination (ms): Min: 0.0, Avg: 0.3, Max: 0.3, Diff: 0.3, Sum: 3.8]
      [GC Worker Other (ms): Min: 0.0, Avg: 0.0, Max: 0.0, Diff: 0.0, Sum: 0.3]
      [GC Worker Total (ms): Min: 92.5, Avg: 92.6, Max: 92.7, Diff: 0.2, Sum: 1204.2]
      [GC Worker End (ms): Min: 16457.0, Avg: 16457.0, Max: 16457.1, Diff: 0.1]
   [Code Root Fixup: 0.4 ms]
   [Code Root Migration: 0.0 ms]
   [Clear CT: 0.5 ms]
   [Other: 8.8 ms]
      [Choose CSet: 0.0 ms]
      [Ref Proc: 6.6 ms]
      [Ref Enq: 0.5 ms]
      [Free CSet: 0.3 ms]
   [Eden: 1056.0M(1056.0M)->0.0B(1056.0M) Survivors: 160.0M->160.0M Heap: 1761.2M(24.0G)->945.2M(24.0G)]
 [Times: user=1.15 sys=0.07, real=0.10 secs] 
2014-04-09T11:16:44.282+0900: 17.421: [GC pause (G1 Evacuation Pause) (young), 0.1642133 secs]
   [Parallel Time: 153.5 ms, GC Workers: 13]
      [GC Worker Start (ms): Min: 17421.1, Avg: 17421.2, Max: 17421.4, Diff: 0.2]
      [Ext Root Scanning (ms): Min: 4.7, Avg: 11.7, Max: 21.4, Diff: 16.7, Sum: 151.9]
      [Update RS (ms): Min: 0.0, Avg: 6.9, Max: 12.2, Diff: 12.2, Sum: 89.8]
         [Processed Buffers: Min: 0, Avg: 17.4, Max: 39, Diff: 39, Sum: 226]
      [Scan RS (ms): Min: 2.7, Avg: 6.0, Max: 14.8, Diff: 12.1, Sum: 78.2]
      [Code Root Scanning (ms): Min: 0.0, Avg: 0.0, Max: 0.0, Diff: 0.0, Sum: 0.0]
      [Object Copy (ms): Min: 120.4, Avg: 128.5, Max: 129.8, Diff: 9.4, Sum: 1669.9]
      [Termination (ms): Min: 0.0, Avg: 0.2, Max: 0.2, Diff: 0.2, Sum: 2.3]
      [GC Worker Other (ms): Min: 0.0, Avg: 0.0, Max: 0.0, Diff: 0.0, Sum: 0.3]
      [GC Worker Total (ms): Min: 153.2, Avg: 153.3, Max: 153.4, Diff: 0.2, Sum: 1992.4]
      [GC Worker End (ms): Min: 17574.5, Avg: 17574.5, Max: 17574.5, Diff: 0.0]
   [Code Root Fixup: 0.3 ms]
   [Code Root Migration: 0.0 ms]
   [Clear CT: 0.6 ms]
   [Other: 9.8 ms]
      [Choose CSet: 0.0 ms]
      [Ref Proc: 7.3 ms]
      [Ref Enq: 0.6 ms]
      [Free CSet: 0.3 ms]
   [Eden: 1056.0M(1056.0M)->0.0B(1056.0M) Survivors: 160.0M->160.0M Heap: 2001.2M(24.0G)->1193.2M(24.0G)]
 [Times: user=1.79 sys=0.05, real=0.16 secs] 
2014-04-09T11:16:45.350+0900: 18.489: [GC pause (G1 Evacuation Pause) (young), 0.1327038 secs]
   [Parallel Time: 122.2 ms, GC Workers: 13]
      [GC Worker Start (ms): Min: 18489.3, Avg: 18489.3, Max: 18489.4, Diff: 0.2]
      [Ext Root Scanning (ms): Min: 0.7, Avg: 1.2, Max: 1.6, Diff: 0.9, Sum: 15.8]
      [Update RS (ms): Min: 4.7, Avg: 5.7, Max: 6.9, Diff: 2.2, Sum: 73.9]
         [Processed Buffers: Min: 6, Avg: 17.5, Max: 39, Diff: 33, Sum: 228]
      [Scan RS (ms): Min: 4.1, Avg: 5.1, Max: 5.9, Diff: 1.8, Sum: 66.8]
      [Code Root Scanning (ms): Min: 0.0, Avg: 0.0, Max: 0.0, Diff: 0.0, Sum: 0.0]
      [Object Copy (ms): Min: 108.6, Avg: 109.0, Max: 109.4, Diff: 0.7, Sum: 1416.4]
      [Termination (ms): Min: 0.4, Avg: 0.9, Max: 1.0, Diff: 0.7, Sum: 12.2]
      [GC Worker Other (ms): Min: 0.0, Avg: 0.0, Max: 0.1, Diff: 0.0, Sum: 0.3]
      [GC Worker Total (ms): Min: 121.9, Avg: 121.9, Max: 122.0, Diff: 0.1, Sum: 1585.3]
      [GC Worker End (ms): Min: 18611.3, Avg: 18611.3, Max: 18611.3, Diff: 0.0]
   [Code Root Fixup: 0.5 ms]
   [Code Root Migration: 0.0 ms]
   [Clear CT: 0.6 ms]
   [Other: 9.4 ms]
      [Choose CSet: 0.0 ms]
      [Ref Proc: 6.6 ms]
      [Ref Enq: 0.6 ms]
      [Free CSet: 0.4 ms]
   [Eden: 1056.0M(1056.0M)->0.0B(1056.0M) Survivors: 160.0M->160.0M Heap: 2249.2M(24.0G)->1425.2M(24.0G)]
 [Times: user=1.54 sys=0.06, real=0.14 secs] 
2014-04-09T11:16:46.392+0900: 19.531: [GC pause (G1 Evacuation Pause) (young), 0.1138298 secs]
   [Parallel Time: 103.6 ms, GC Workers: 13]
      [GC Worker Start (ms): Min: 19530.9, Avg: 19531.0, Max: 19531.1, Diff: 0.1]
      [Ext Root Scanning (ms): Min: 1.2, Avg: 1.4, Max: 1.7, Diff: 0.5, Sum: 17.6]
      [Update RS (ms): Min: 6.1, Avg: 7.3, Max: 9.1, Diff: 2.9, Sum: 94.5]
         [Processed Buffers: Min: 5, Avg: 16.6, Max: 31, Diff: 26, Sum: 216]
      [Scan RS (ms): Min: 4.5, Avg: 6.2, Max: 7.4, Diff: 2.8, Sum: 81.2]
      [Code Root Scanning (ms): Min: 0.0, Avg: 0.0, Max: 0.0, Diff: 0.0, Sum: 0.0]
      [Object Copy (ms): Min: 88.1, Avg: 88.3, Max: 89.3, Diff: 1.2, Sum: 1148.5]
      [Termination (ms): Min: 0.0, Avg: 0.0, Max: 0.0, Diff: 0.0, Sum: 0.4]
      [GC Worker Other (ms): Min: 0.0, Avg: 0.0, Max: 0.1, Diff: 0.1, Sum: 0.5]
      [GC Worker Total (ms): Min: 103.2, Avg: 103.3, Max: 103.3, Diff: 0.1, Sum: 1342.7]
      [GC Worker End (ms): Min: 19634.3, Avg: 19634.3, Max: 19634.3, Diff: 0.1]
   [Code Root Fixup: 0.4 ms]
   [Code Root Migration: 0.0 ms]
   [Clear CT: 0.6 ms]
   [Other: 9.2 ms]
      [Choose CSet: 0.0 ms]
      [Ref Proc: 6.3 ms]
      [Ref Enq: 0.5 ms]
      [Free CSet: 0.4 ms]
   [Eden: 1056.0M(1056.0M)->0.0B(1056.0M) Survivors: 160.0M->160.0M Heap: 2481.2M(24.0G)->1673.2M(24.0G)]
 [Times: user=1.29 sys=0.07, real=0.12 secs] 
2014-04-09T11:16:47.405+0900: 20.544: [GC pause (G1 Evacuation Pause) (young), 0.1137528 secs]
   [Parallel Time: 103.0 ms, GC Workers: 13]
      [GC Worker Start (ms): Min: 20543.9, Avg: 20544.0, Max: 20544.1, Diff: 0.1]
      [Ext Root Scanning (ms): Min: 0.8, Avg: 1.4, Max: 1.9, Diff: 1.1, Sum: 17.8]
      [Update RS (ms): Min: 6.2, Avg: 7.0, Max: 8.9, Diff: 2.7, Sum: 91.4]
         [Processed Buffers: Min: 4, Avg: 17.4, Max: 31, Diff: 27, Sum: 226]
      [Scan RS (ms): Min: 6.1, Avg: 8.0, Max: 8.6, Diff: 2.4, Sum: 103.4]
      [Code Root Scanning (ms): Min: 0.0, Avg: 0.0, Max: 0.0, Diff: 0.0, Sum: 0.0]
      [Object Copy (ms): Min: 85.3, Avg: 85.6, Max: 86.4, Diff: 1.1, Sum: 1113.1]
      [Termination (ms): Min: 0.0, Avg: 0.7, Max: 0.8, Diff: 0.8, Sum: 8.8]
      [GC Worker Other (ms): Min: 0.0, Avg: 0.0, Max: 0.1, Diff: 0.0, Sum: 0.3]
      [GC Worker Total (ms): Min: 102.6, Avg: 102.7, Max: 102.7, Diff: 0.1, Sum: 1334.9]
      [GC Worker End (ms): Min: 20646.7, Avg: 20646.7, Max: 20646.7, Diff: 0.1]
   [Code Root Fixup: 0.4 ms]
   [Code Root Migration: 0.0 ms]
   [Clear CT: 0.7 ms]
   [Other: 9.6 ms]
      [Choose CSet: 0.0 ms]
      [Ref Proc: 6.4 ms]
      [Ref Enq: 0.5 ms]
      [Free CSet: 0.5 ms]
   [Eden: 1056.0M(1056.0M)->0.0B(1056.0M) Survivors: 160.0M->160.0M Heap: 2729.2M(24.0G)->1913.2M(24.0G)]
 [Times: user=1.29 sys=0.05, real=0.11 secs] 
2014-04-09T11:16:48.424+0900: 21.563: [GC pause (G1 Evacuation Pause) (young), 0.1854905 secs]
   [Parallel Time: 174.4 ms, GC Workers: 13]
      [GC Worker Start (ms): Min: 21563.8, Avg: 21563.9, Max: 21564.0, Diff: 0.2]
      [Ext Root Scanning (ms): Min: 0.8, Avg: 1.3, Max: 1.9, Diff: 1.1, Sum: 17.5]
      [Update RS (ms): Min: 10.1, Avg: 12.3, Max: 18.1, Diff: 7.9, Sum: 159.4]
         [Processed Buffers: Min: 2, Avg: 17.4, Max: 39, Diff: 37, Sum: 226]
      [Scan RS (ms): Min: 6.1, Avg: 11.9, Max: 13.6, Diff: 7.6, Sum: 154.6]
      [Code Root Scanning (ms): Min: 0.0, Avg: 0.0, Max: 0.0, Diff: 0.0, Sum: 0.1]
      [Object Copy (ms): Min: 148.2, Avg: 148.5, Max: 149.1, Diff: 1.0, Sum: 1930.2]
      [Termination (ms): Min: 0.0, Avg: 0.0, Max: 0.1, Diff: 0.1, Sum: 0.6]
      [GC Worker Other (ms): Min: 0.0, Avg: 0.0, Max: 0.1, Diff: 0.1, Sum: 0.5]
      [GC Worker Total (ms): Min: 174.0, Avg: 174.1, Max: 174.2, Diff: 0.2, Sum: 2262.8]
      [GC Worker End (ms): Min: 21738.0, Avg: 21738.0, Max: 21738.0, Diff: 0.1]
   [Code Root Fixup: 0.4 ms]
   [Code Root Migration: 0.0 ms]
   [Clear CT: 0.7 ms]
   [Other: 10.0 ms]
      [Choose CSet: 0.0 ms]
      [Ref Proc: 6.4 ms]
      [Ref Enq: 0.5 ms]
      [Free CSet: 0.5 ms]
   [Eden: 1056.0M(1056.0M)->0.0B(1056.0M) Survivors: 160.0M->160.0M Heap: 2969.2M(24.0G)->2153.2M(24.0G)]
 [Times: user=2.19 sys=0.07, real=0.18 secs] 
2014-04-09T11:16:49.516+0900: 22.655: [GC pause (G1 Evacuation Pause) (young), 0.1195521 secs]
   [Parallel Time: 108.1 ms, GC Workers: 13]
      [GC Worker Start (ms): Min: 22655.0, Avg: 22655.1, Max: 22655.1, Diff: 0.1]
      [Ext Root Scanning (ms): Min: 0.7, Avg: 1.3, Max: 1.9, Diff: 1.2, Sum: 16.3]
      [Update RS (ms): Min: 4.1, Avg: 5.3, Max: 8.6, Diff: 4.5, Sum: 68.6]
         [Processed Buffers: Min: 7, Avg: 16.9, Max: 34, Diff: 27, Sum: 220]
      [Scan RS (ms): Min: 5.6, Avg: 9.0, Max: 9.6, Diff: 3.9, Sum: 116.9]
      [Code Root Scanning (ms): Min: 0.0, Avg: 0.0, Max: 0.0, Diff: 0.0, Sum: 0.0]
      [Object Copy (ms): Min: 91.9, Avg: 92.3, Max: 93.2, Diff: 1.3, Sum: 1199.3]
      [Termination (ms): Min: 0.0, Avg: 0.0, Max: 0.0, Diff: 0.0, Sum: 0.0]
      [GC Worker Other (ms): Min: 0.0, Avg: 0.0, Max: 0.1, Diff: 0.1, Sum: 0.5]
      [GC Worker Total (ms): Min: 107.7, Avg: 107.8, Max: 107.9, Diff: 0.1, Sum: 1401.8]
      [GC Worker End (ms): Min: 22762.9, Avg: 22762.9, Max: 22762.9, Diff: 0.1]
   [Code Root Fixup: 0.4 ms]
   [Code Root Migration: 0.0 ms]
   [Clear CT: 0.9 ms]
   [Other: 10.1 ms]
      [Choose CSet: 0.0 ms]
      [Ref Proc: 6.7 ms]
      [Ref Enq: 0.5 ms]
      [Free CSet: 0.5 ms]
   [Eden: 1056.0M(1056.0M)->0.0B(1056.0M) Survivors: 160.0M->160.0M Heap: 3209.2M(24.0G)->2393.2M(24.0G)]
 [Times: user=1.36 sys=0.05, real=0.12 secs] 
2014-04-09T11:16:50.530+0900: 23.669: [GC pause (G1 Evacuation Pause) (young), 0.1205669 secs]
   [Parallel Time: 109.1 ms, GC Workers: 13]
      [GC Worker Start (ms): Min: 23669.6, Avg: 23669.6, Max: 23669.7, Diff: 0.2]
      [Ext Root Scanning (ms): Min: 0.8, Avg: 1.3, Max: 2.1, Diff: 1.3, Sum: 17.5]
      [Update RS (ms): Min: 5.1, Avg: 7.1, Max: 10.7, Diff: 5.6, Sum: 92.5]
         [Processed Buffers: Min: 9, Avg: 17.5, Max: 30, Diff: 21, Sum: 227]
      [Scan RS (ms): Min: 5.0, Avg: 8.6, Max: 9.4, Diff: 4.4, Sum: 112.0]
      [Code Root Scanning (ms): Min: 0.0, Avg: 0.0, Max: 0.0, Diff: 0.0, Sum: 0.1]
      [Object Copy (ms): Min: 91.3, Avg: 91.7, Max: 92.3, Diff: 0.9, Sum: 1191.6]
      [Termination (ms): Min: 0.0, Avg: 0.0, Max: 0.0, Diff: 0.0, Sum: 0.1]
      [GC Worker Other (ms): Min: 0.0, Avg: 0.0, Max: 0.1, Diff: 0.1, Sum: 0.5]
      [GC Worker Total (ms): Min: 108.7, Avg: 108.8, Max: 108.9, Diff: 0.2, Sum: 1414.2]
      [GC Worker End (ms): Min: 23778.4, Avg: 23778.4, Max: 23778.5, Diff: 0.1]
   [Code Root Fixup: 0.4 ms]
   [Code Root Migration: 0.0 ms]
   [Clear CT: 0.8 ms]
   [Other: 10.2 ms]
      [Choose CSet: 0.0 ms]
      [Ref Proc: 6.7 ms]
      [Ref Enq: 0.5 ms]
      [Free CSet: 0.5 ms]
   [Eden: 1056.0M(1056.0M)->0.0B(1056.0M) Survivors: 160.0M->160.0M Heap: 3449.2M(24.0G)->2625.2M(24.0G)]
 [Times: user=1.37 sys=0.05, real=0.12 secs] 
2014-04-09T11:16:51.560+0900: 24.699: [GC pause (G1 Evacuation Pause) (young), 0.1205296 secs]
   [Parallel Time: 109.2 ms, GC Workers: 13]
      [GC Worker Start (ms): Min: 24699.0, Avg: 24699.1, Max: 24699.2, Diff: 0.1]
      [Ext Root Scanning (ms): Min: 1.0, Avg: 1.2, Max: 1.5, Diff: 0.5, Sum: 15.8]
      [Update RS (ms): Min: 6.2, Avg: 7.1, Max: 10.6, Diff: 4.5, Sum: 91.7]
         [Processed Buffers: Min: 10, Avg: 16.7, Max: 26, Diff: 16, Sum: 217]
      [Scan RS (ms): Min: 6.0, Avg: 9.9, Max: 11.0, Diff: 5.1, Sum: 128.8]
      [Code Root Scanning (ms): Min: 0.0, Avg: 0.0, Max: 0.0, Diff: 0.0, Sum: 0.0]
      [Object Copy (ms): Min: 89.7, Avg: 90.2, Max: 90.7, Diff: 1.0, Sum: 1172.8]
      [Termination (ms): Min: 0.1, Avg: 0.5, Max: 0.5, Diff: 0.5, Sum: 6.1]
      [GC Worker Other (ms): Min: 0.0, Avg: 0.0, Max: 0.1, Diff: 0.1, Sum: 0.5]
      [GC Worker Total (ms): Min: 108.8, Avg: 108.9, Max: 109.0, Diff: 0.1, Sum: 1415.8]
      [GC Worker End (ms): Min: 24808.0, Avg: 24808.0, Max: 24808.1, Diff: 0.1]
   [Code Root Fixup: 0.4 ms]
   [Code Root Migration: 0.0 ms]
   [Clear CT: 0.9 ms]
   [Other: 10.0 ms]
      [Choose CSet: 0.0 ms]
      [Ref Proc: 6.4 ms]
      [Ref Enq: 0.6 ms]
      [Free CSet: 0.5 ms]
   [Eden: 1056.0M(1056.0M)->0.0B(1056.0M) Survivors: 160.0M->160.0M Heap: 3681.2M(24.0G)->2865.2M(24.0G)]
 [Times: user=1.38 sys=0.05, real=0.12 secs] 
2014-04-09T11:16:52.579+0900: 25.718: [GC pause (G1 Evacuation Pause) (young), 0.1263635 secs]
   [Parallel Time: 114.9 ms, GC Workers: 13]
      [GC Worker Start (ms): Min: 25718.6, Avg: 25718.7, Max: 25718.8, Diff: 0.1]
      [Ext Root Scanning (ms): Min: 1.2, Avg: 1.3, Max: 1.6, Diff: 0.3, Sum: 16.8]
      [Update RS (ms): Min: 7.9, Avg: 9.4, Max: 15.1, Diff: 7.2, Sum: 122.5]
         [Processed Buffers: Min: 2, Avg: 17.0, Max: 35, Diff: 33, Sum: 221]
      [Scan RS (ms): Min: 4.5, Avg: 9.4, Max: 10.9, Diff: 6.4, Sum: 122.1]
      [Code Root Scanning (ms): Min: 0.0, Avg: 0.0, Max: 0.0, Diff: 0.0, Sum: 0.0]
      [Object Copy (ms): Min: 93.5, Avg: 94.4, Max: 94.7, Diff: 1.2, Sum: 1226.8]
      [Termination (ms): Min: 0.0, Avg: 0.1, Max: 0.2, Diff: 0.2, Sum: 1.8]
      [GC Worker Other (ms): Min: 0.0, Avg: 0.1, Max: 0.1, Diff: 0.1, Sum: 0.8]
      [GC Worker Total (ms): Min: 114.6, Avg: 114.7, Max: 114.7, Diff: 0.1, Sum: 1490.8]
      [GC Worker End (ms): Min: 25833.3, Avg: 25833.4, Max: 25833.4, Diff: 0.1]
   [Code Root Fixup: 0.3 ms]
   [Code Root Migration: 0.0 ms]
   [Clear CT: 0.9 ms]
   [Other: 10.2 ms]
      [Choose CSet: 0.0 ms]
      [Ref Proc: 6.6 ms]
      [Ref Enq: 0.6 ms]
      [Free CSet: 0.5 ms]
   [Eden: 1056.0M(1056.0M)->0.0B(1056.0M) Survivors: 160.0M->160.0M Heap: 3921.2M(24.0G)->3105.2M(24.0G)]
 [Times: user=1.43 sys=0.07, real=0.13 secs] 
2014-04-09T11:16:53.616+0900: 26.755: [GC pause (G1 Evacuation Pause) (young), 0.1152201 secs]
   [Parallel Time: 103.7 ms, GC Workers: 13]
      [GC Worker Start (ms): Min: 26755.7, Avg: 26755.8, Max: 26755.8, Diff: 0.1]
      [Ext Root Scanning (ms): Min: 1.2, Avg: 1.3, Max: 1.9, Diff: 0.7, Sum: 17.2]
      [Update RS (ms): Min: 6.8, Avg: 7.7, Max: 9.4, Diff: 2.6, Sum: 100.5]
         [Processed Buffers: Min: 5, Avg: 17.8, Max: 41, Diff: 36, Sum: 231]
      [Scan RS (ms): Min: 7.7, Avg: 9.5, Max: 10.1, Diff: 2.4, Sum: 123.1]
      [Code Root Scanning (ms): Min: 0.0, Avg: 0.0, Max: 0.0, Diff: 0.0, Sum: 0.0]
      [Object Copy (ms): Min: 84.7, Avg: 84.9, Max: 85.0, Diff: 0.4, Sum: 1103.1]
      [Termination (ms): Min: 0.0, Avg: 0.0, Max: 0.0, Diff: 0.0, Sum: 0.1]
      [GC Worker Other (ms): Min: 0.0, Avg: 0.0, Max: 0.1, Diff: 0.1, Sum: 0.5]
      [GC Worker Total (ms): Min: 103.3, Avg: 103.4, Max: 103.5, Diff: 0.2, Sum: 1344.5]
      [GC Worker End (ms): Min: 26859.2, Avg: 26859.2, Max: 26859.2, Diff: 0.1]
   [Code Root Fixup: 0.4 ms]
   [Code Root Migration: 0.0 ms]
   [Clear CT: 0.9 ms]
   [Other: 10.2 ms]
      [Choose CSet: 0.0 ms]
      [Ref Proc: 6.4 ms]
      [Ref Enq: 0.5 ms]
      [Free CSet: 0.6 ms]
   [Eden: 1056.0M(1056.0M)->0.0B(1056.0M) Survivors: 160.0M->160.0M Heap: 4161.2M(24.0G)->3329.2M(24.0G)]
 [Times: user=1.30 sys=0.06, real=0.11 secs] 
2014-04-09T11:16:54.618+0900: 27.757: [GC pause (G1 Evacuation Pause) (young), 0.1205794 secs]
   [Parallel Time: 108.6 ms, GC Workers: 13]
      [GC Worker Start (ms): Min: 27757.1, Avg: 27757.2, Max: 27757.3, Diff: 0.1]
      [Ext Root Scanning (ms): Min: 0.9, Avg: 1.2, Max: 1.6, Diff: 0.8, Sum: 16.0]
      [Update RS (ms): Min: 8.8, Avg: 10.8, Max: 15.4, Diff: 6.6, Sum: 140.7]
         [Processed Buffers: Min: 3, Avg: 18.5, Max: 35, Diff: 32, Sum: 240]
      [Scan RS (ms): Min: 4.6, Avg: 9.1, Max: 10.9, Diff: 6.4, Sum: 117.9]
      [Code Root Scanning (ms): Min: 0.0, Avg: 0.0, Max: 0.0, Diff: 0.0, Sum: 0.0]
      [Object Copy (ms): Min: 86.2, Avg: 86.8, Max: 87.1, Diff: 0.8, Sum: 1128.0]
      [Termination (ms): Min: 0.0, Avg: 0.4, Max: 0.5, Diff: 0.5, Sum: 5.3]
      [GC Worker Other (ms): Min: 0.0, Avg: 0.0, Max: 0.1, Diff: 0.0, Sum: 0.4]
      [GC Worker Total (ms): Min: 108.2, Avg: 108.3, Max: 108.4, Diff: 0.2, Sum: 1408.2]
      [GC Worker End (ms): Min: 27865.5, Avg: 27865.5, Max: 27865.5, Diff: 0.0]
   [Code Root Fixup: 0.4 ms]
   [Code Root Migration: 0.0 ms]
   [Clear CT: 1.0 ms]
   [Other: 10.5 ms]
      [Choose CSet: 0.0 ms]
      [Ref Proc: 6.6 ms]
      [Ref Enq: 0.6 ms]
      [Free CSet: 0.6 ms]
   [Eden: 1056.0M(1056.0M)->0.0B(1056.0M) Survivors: 160.0M->160.0M Heap: 4385.2M(24.0G)->3577.2M(24.0G)]
 [Times: user=1.36 sys=0.06, real=0.12 secs] 
2014-04-09T11:16:55.609+0900: 28.748: [GC pause (G1 Evacuation Pause) (young), 0.1227494 secs]
   [Parallel Time: 110.8 ms, GC Workers: 13]
      [GC Worker Start (ms): Min: 28748.8, Avg: 28748.9, Max: 28749.0, Diff: 0.1]
      [Ext Root Scanning (ms): Min: 1.0, Avg: 1.2, Max: 1.5, Diff: 0.5, Sum: 16.1]
      [Update RS (ms): Min: 8.0, Avg: 9.2, Max: 13.3, Diff: 5.2, Sum: 119.5]
         [Processed Buffers: Min: 4, Avg: 17.4, Max: 35, Diff: 31, Sum: 226]
      [Scan RS (ms): Min: 5.7, Avg: 9.6, Max: 11.0, Diff: 5.2, Sum: 125.1]
      [Code Root Scanning (ms): Min: 0.0, Avg: 0.0, Max: 0.0, Diff: 0.0, Sum: 0.0]
      [Object Copy (ms): Min: 89.9, Avg: 90.1, Max: 90.5, Diff: 0.6, Sum: 1171.5]
      [Termination (ms): Min: 0.0, Avg: 0.3, Max: 0.3, Diff: 0.3, Sum: 3.4]
      [GC Worker Other (ms): Min: 0.0, Avg: 0.0, Max: 0.1, Diff: 0.0, Sum: 0.5]
      [GC Worker Total (ms): Min: 110.4, Avg: 110.5, Max: 110.5, Diff: 0.2, Sum: 1436.1]
      [GC Worker End (ms): Min: 28859.4, Avg: 28859.4, Max: 28859.4, Diff: 0.0]
   [Code Root Fixup: 0.3 ms]
   [Code Root Migration: 0.0 ms]
   [Clear CT: 1.0 ms]
   [Other: 10.7 ms]
      [Choose CSet: 0.0 ms]
      [Ref Proc: 6.6 ms]
      [Ref Enq: 0.5 ms]
      [Free CSet: 0.6 ms]
   [Eden: 1056.0M(1056.0M)->0.0B(1056.0M) Survivors: 160.0M->160.0M Heap: 4633.2M(24.0G)->3833.2M(24.0G)]
 [Times: user=1.40 sys=0.06, real=0.12 secs] 
2014-04-09T11:16:56.601+0900: 29.740: [GC pause (G1 Evacuation Pause) (young), 0.1216796 secs]
   [Parallel Time: 109.7 ms, GC Workers: 13]
      [GC Worker Start (ms): Min: 29740.3, Avg: 29740.4, Max: 29740.5, Diff: 0.1]
      [Ext Root Scanning (ms): Min: 0.8, Avg: 1.3, Max: 2.0, Diff: 1.2, Sum: 16.8]
      [Update RS (ms): Min: 10.0, Avg: 11.1, Max: 13.7, Diff: 3.7, Sum: 144.0]
         [Processed Buffers: Min: 1, Avg: 18.6, Max: 42, Diff: 41, Sum: 242]
      [Scan RS (ms): Min: 7.8, Avg: 10.0, Max: 10.6, Diff: 2.8, Sum: 129.5]
      [Code Root Scanning (ms): Min: 0.0, Avg: 0.0, Max: 0.0, Diff: 0.0, Sum: 0.0]
      [Object Copy (ms): Min: 86.2, Avg: 86.7, Max: 87.2, Diff: 1.0, Sum: 1126.8]
      [Termination (ms): Min: 0.0, Avg: 0.4, Max: 0.4, Diff: 0.4, Sum: 5.1]
      [GC Worker Other (ms): Min: 0.0, Avg: 0.0, Max: 0.1, Diff: 0.1, Sum: 0.6]
      [GC Worker Total (ms): Min: 109.4, Avg: 109.4, Max: 109.5, Diff: 0.2, Sum: 1422.8]
      [GC Worker End (ms): Min: 29849.8, Avg: 29849.8, Max: 29849.9, Diff: 0.1]
   [Code Root Fixup: 0.4 ms]
   [Code Root Migration: 0.0 ms]
   [Clear CT: 1.1 ms]
   [Other: 10.5 ms]
      [Choose CSet: 0.0 ms]
      [Ref Proc: 6.5 ms]
      [Ref Enq: 0.5 ms]
      [Free CSet: 0.6 ms]
   [Eden: 1056.0M(1056.0M)->0.0B(1056.0M) Survivors: 160.0M->160.0M Heap: 4889.2M(24.0G)->4065.2M(24.0G)]
 [Times: user=1.37 sys=0.07, real=0.12 secs] 
2014-04-09T11:16:57.619+0900: 30.758: [GC pause (G1 Evacuation Pause) (young), 0.1788319 secs]
   [Parallel Time: 166.7 ms, GC Workers: 13]
      [GC Worker Start (ms): Min: 30758.1, Avg: 30758.2, Max: 30758.3, Diff: 0.2]
      [Ext Root Scanning (ms): Min: 1.0, Avg: 1.3, Max: 1.9, Diff: 0.9, Sum: 17.4]
      [Update RS (ms): Min: 8.3, Avg: 10.2, Max: 17.0, Diff: 8.7, Sum: 132.5]
         [Processed Buffers: Min: 3, Avg: 17.2, Max: 49, Diff: 46, Sum: 223]
      [Scan RS (ms): Min: 9.0, Avg: 16.0, Max: 17.8, Diff: 8.8, Sum: 207.7]
      [Code Root Scanning (ms): Min: 0.0, Avg: 0.0, Max: 0.0, Diff: 0.0, Sum: 0.0]
      [Object Copy (ms): Min: 138.2, Avg: 138.9, Max: 139.7, Diff: 1.5, Sum: 1805.2]
      [Termination (ms): Min: 0.0, Avg: 0.0, Max: 0.0, Diff: 0.0, Sum: 0.2]
      [GC Worker Other (ms): Min: 0.0, Avg: 0.0, Max: 0.1, Diff: 0.1, Sum: 0.5]
      [GC Worker Total (ms): Min: 166.3, Avg: 166.4, Max: 166.5, Diff: 0.2, Sum: 2163.4]
      [GC Worker End (ms): Min: 30924.6, Avg: 30924.6, Max: 30924.6, Diff: 0.1]
   [Code Root Fixup: 0.4 ms]
   [Code Root Migration: 0.0 ms]
   [Clear CT: 1.2 ms]
   [Other: 10.5 ms]
      [Choose CSet: 0.0 ms]
      [Ref Proc: 6.7 ms]
      [Ref Enq: 0.5 ms]
      [Free CSet: 0.5 ms]
   [Eden: 1056.0M(1056.0M)->0.0B(1056.0M) Survivors: 160.0M->160.0M Heap: 5121.2M(24.0G)->4297.2M(24.0G)]
 [Times: user=2.12 sys=0.05, real=0.18 secs] 
2014-04-09T11:16:58.660+0900: 31.799: [GC pause (G1 Evacuation Pause) (young), 0.1238455 secs]
   [Parallel Time: 111.3 ms, GC Workers: 13]
      [GC Worker Start (ms): Min: 31799.4, Avg: 31799.5, Max: 31799.5, Diff: 0.1]
      [Ext Root Scanning (ms): Min: 0.9, Avg: 1.4, Max: 1.7, Diff: 0.7, Sum: 18.0]
      [Update RS (ms): Min: 4.4, Avg: 4.8, Max: 5.1, Diff: 0.7, Sum: 62.9]
         [Processed Buffers: Min: 7, Avg: 16.4, Max: 28, Diff: 21, Sum: 213]
      [Scan RS (ms): Min: 10.7, Avg: 11.0, Max: 11.2, Diff: 0.4, Sum: 143.1]
      [Code Root Scanning (ms): Min: 0.0, Avg: 0.0, Max: 0.0, Diff: 0.0, Sum: 0.0]
      [Object Copy (ms): Min: 93.4, Avg: 93.7, Max: 94.3, Diff: 0.9, Sum: 1218.3]
      [Termination (ms): Min: 0.0, Avg: 0.0, Max: 0.0, Diff: 0.0, Sum: 0.1]
      [GC Worker Other (ms): Min: 0.0, Avg: 0.0, Max: 0.1, Diff: 0.1, Sum: 0.6]
      [GC Worker Total (ms): Min: 110.9, Avg: 111.0, Max: 111.1, Diff: 0.2, Sum: 1443.1]
      [GC Worker End (ms): Min: 31910.5, Avg: 31910.5, Max: 31910.5, Diff: 0.1]
   [Code Root Fixup: 0.4 ms]
   [Code Root Migration: 0.0 ms]
   [Clear CT: 1.1 ms]
   [Other: 11.1 ms]
      [Choose CSet: 0.0 ms]
      [Ref Proc: 7.0 ms]
      [Ref Enq: 0.6 ms]
      [Free CSet: 0.5 ms]
   [Eden: 1056.0M(1056.0M)->0.0B(1056.0M) Survivors: 160.0M->160.0M Heap: 5353.2M(24.0G)->4545.2M(24.0G)]
 [Times: user=1.42 sys=0.04, real=0.13 secs] 
2014-04-09T11:16:59.698+0900: 32.837: [GC pause (G1 Evacuation Pause) (young), 0.1152027 secs]
   [Parallel Time: 102.8 ms, GC Workers: 13]
      [GC Worker Start (ms): Min: 32837.5, Avg: 32837.5, Max: 32837.6, Diff: 0.1]
      [Ext Root Scanning (ms): Min: 0.9, Avg: 1.3, Max: 1.7, Diff: 0.8, Sum: 17.1]
      [Update RS (ms): Min: 6.5, Avg: 7.3, Max: 8.1, Diff: 1.7, Sum: 94.4]
         [Processed Buffers: Min: 7, Avg: 16.5, Max: 24, Diff: 17, Sum: 214]
      [Scan RS (ms): Min: 9.4, Avg: 10.0, Max: 10.4, Diff: 1.1, Sum: 129.8]
      [Code Root Scanning (ms): Min: 0.0, Avg: 0.0, Max: 0.0, Diff: 0.0, Sum: 0.0]
      [Object Copy (ms): Min: 83.6, Avg: 83.9, Max: 84.5, Diff: 0.9, Sum: 1090.7]
      [Termination (ms): Min: 0.0, Avg: 0.0, Max: 0.0, Diff: 0.0, Sum: 0.1]
      [GC Worker Other (ms): Min: 0.0, Avg: 0.0, Max: 0.1, Diff: 0.1, Sum: 0.5]
      [GC Worker Total (ms): Min: 102.4, Avg: 102.5, Max: 102.6, Diff: 0.2, Sum: 1332.6]
      [GC Worker End (ms): Min: 32940.0, Avg: 32940.1, Max: 32940.1, Diff: 0.1]
   [Code Root Fixup: 0.4 ms]
   [Code Root Migration: 0.0 ms]
   [Clear CT: 1.3 ms]
   [Other: 10.7 ms]
      [Choose CSet: 0.0 ms]
      [Ref Proc: 6.8 ms]
      [Ref Enq: 0.6 ms]
      [Free CSet: 0.5 ms]
   [Eden: 1056.0M(1056.0M)->0.0B(1056.0M) Survivors: 160.0M->160.0M Heap: 5601.2M(24.0G)->4809.2M(24.0G)]
 [Times: user=1.29 sys=0.06, real=0.11 secs] 
2014-04-09T11:17:00.693+0900: 33.832: [GC pause (G1 Evacuation Pause) (young), 0.1162973 secs]
   [Parallel Time: 104.2 ms, GC Workers: 13]
      [GC Worker Start (ms): Min: 33832.2, Avg: 33832.2, Max: 33832.3, Diff: 0.1]
      [Ext Root Scanning (ms): Min: 0.8, Avg: 1.3, Max: 1.6, Diff: 0.8, Sum: 16.5]
      [Update RS (ms): Min: 8.7, Avg: 9.0, Max: 10.0, Diff: 1.3, Sum: 117.4]
         [Processed Buffers: Min: 6, Avg: 18.5, Max: 26, Diff: 20, Sum: 240]
      [Scan RS (ms): Min: 9.4, Avg: 10.1, Max: 10.5, Diff: 1.1, Sum: 131.0]
      [Code Root Scanning (ms): Min: 0.0, Avg: 0.0, Max: 0.0, Diff: 0.0, Sum: 0.0]
      [Object Copy (ms): Min: 83.2, Avg: 83.5, Max: 84.1, Diff: 0.8, Sum: 1086.1]
      [Termination (ms): Min: 0.0, Avg: 0.1, Max: 0.1, Diff: 0.1, Sum: 1.3]
      [GC Worker Other (ms): Min: 0.0, Avg: 0.0, Max: 0.1, Diff: 0.0, Sum: 0.4]
      [GC Worker Total (ms): Min: 104.0, Avg: 104.1, Max: 104.2, Diff: 0.1, Sum: 1352.8]
      [GC Worker End (ms): Min: 33936.3, Avg: 33936.3, Max: 33936.3, Diff: 0.1]
   [Code Root Fixup: 0.5 ms]
   [Code Root Migration: 0.0 ms]
   [Clear CT: 1.3 ms]
   [Other: 10.3 ms]
      [Choose CSet: 0.0 ms]
      [Ref Proc: 6.4 ms]
      [Ref Enq: 0.5 ms]
      [Free CSet: 0.5 ms]
   [Eden: 1056.0M(1056.0M)->0.0B(1056.0M) Survivors: 160.0M->160.0M Heap: 5865.2M(24.0G)->5065.2M(24.0G)]
 [Times: user=1.31 sys=0.06, real=0.12 secs] 
2014-04-09T11:17:01.695+0900: 34.835: [GC pause (G1 Evacuation Pause) (young), 0.1149874 secs]
   [Parallel Time: 102.8 ms, GC Workers: 13]
      [GC Worker Start (ms): Min: 34834.9, Avg: 34835.0, Max: 34835.1, Diff: 0.1]
      [Ext Root Scanning (ms): Min: 0.9, Avg: 1.3, Max: 1.6, Diff: 0.6, Sum: 17.4]
      [Update RS (ms): Min: 7.1, Avg: 7.9, Max: 9.9, Diff: 2.8, Sum: 103.2]
         [Processed Buffers: Min: 7, Avg: 18.0, Max: 29, Diff: 22, Sum: 234]
      [Scan RS (ms): Min: 8.6, Avg: 10.3, Max: 10.7, Diff: 2.1, Sum: 134.4]
      [Code Root Scanning (ms): Min: 0.0, Avg: 0.0, Max: 0.0, Diff: 0.0, Sum: 0.0]
      [Object Copy (ms): Min: 82.6, Avg: 82.8, Max: 83.6, Diff: 1.0, Sum: 1076.9]
      [Termination (ms): Min: 0.0, Avg: 0.0, Max: 0.0, Diff: 0.0, Sum: 0.1]
      [GC Worker Other (ms): Min: 0.0, Avg: 0.0, Max: 0.1, Diff: 0.1, Sum: 0.6]
      [GC Worker Total (ms): Min: 102.4, Avg: 102.5, Max: 102.6, Diff: 0.2, Sum: 1332.7]
      [GC Worker End (ms): Min: 34937.5, Avg: 34937.5, Max: 34937.6, Diff: 0.1]
   [Code Root Fixup: 0.4 ms]
   [Code Root Migration: 0.0 ms]
   [Clear CT: 1.3 ms]
   [Other: 10.5 ms]
      [Choose CSet: 0.0 ms]
      [Ref Proc: 6.5 ms]
      [Ref Enq: 0.5 ms]
      [Free CSet: 0.5 ms]
   [Eden: 1056.0M(1056.0M)->0.0B(1056.0M) Survivors: 160.0M->160.0M Heap: 6121.2M(24.0G)->5321.2M(24.0G)]
 [Times: user=1.30 sys=0.06, real=0.11 secs] 
2014-04-09T11:17:02.689+0900: 35.828: [GC pause (G1 Evacuation Pause) (young), 0.1182355 secs]
   [Parallel Time: 105.9 ms, GC Workers: 13]
      [GC Worker Start (ms): Min: 35828.8, Avg: 35828.9, Max: 35829.0, Diff: 0.1]
      [Ext Root Scanning (ms): Min: 0.8, Avg: 1.3, Max: 1.6, Diff: 0.9, Sum: 16.9]
      [Update RS (ms): Min: 8.9, Avg: 9.4, Max: 10.8, Diff: 1.9, Sum: 122.7]
         [Processed Buffers: Min: 11, Avg: 18.8, Max: 45, Diff: 34, Sum: 245]
      [Scan RS (ms): Min: 8.7, Avg: 10.2, Max: 10.9, Diff: 2.2, Sum: 132.5]
      [Code Root Scanning (ms): Min: 0.0, Avg: 0.0, Max: 0.0, Diff: 0.0, Sum: 0.0]
      [Object Copy (ms): Min: 83.0, Avg: 83.9, Max: 84.7, Diff: 1.7, Sum: 1090.1]
      [Termination (ms): Min: 0.0, Avg: 0.8, Max: 0.9, Diff: 0.9, Sum: 10.8]
      [GC Worker Other (ms): Min: 0.0, Avg: 0.0, Max: 0.1, Diff: 0.1, Sum: 0.5]
      [GC Worker Total (ms): Min: 105.6, Avg: 105.7, Max: 105.7, Diff: 0.1, Sum: 1373.6]
      [GC Worker End (ms): Min: 35934.6, Avg: 35934.6, Max: 35934.6, Diff: 0.1]
   [Code Root Fixup: 0.3 ms]
   [Code Root Migration: 0.0 ms]
   [Clear CT: 1.3 ms]
   [Other: 10.6 ms]
      [Choose CSet: 0.0 ms]
      [Ref Proc: 6.6 ms]
      [Ref Enq: 0.5 ms]
      [Free CSet: 0.5 ms]
   [Eden: 1056.0M(1056.0M)->0.0B(1056.0M) Survivors: 160.0M->160.0M Heap: 6377.2M(24.0G)->5561.2M(24.0G)]
 [Times: user=1.33 sys=0.06, real=0.12 secs] 
2014-04-09T11:17:03.678+0900: 36.817: [GC pause (G1 Evacuation Pause) (young), 0.1188713 secs]
   [Parallel Time: 106.3 ms, GC Workers: 13]
      [GC Worker Start (ms): Min: 36817.2, Avg: 36817.3, Max: 36817.3, Diff: 0.1]
      [Ext Root Scanning (ms): Min: 0.9, Avg: 1.3, Max: 2.0, Diff: 1.1, Sum: 17.3]
      [Update RS (ms): Min: 8.5, Avg: 9.8, Max: 14.0, Diff: 5.4, Sum: 128.0]
         [Processed Buffers: Min: 11, Avg: 18.4, Max: 27, Diff: 16, Sum: 239]
      [Scan RS (ms): Min: 6.2, Avg: 10.4, Max: 11.3, Diff: 5.0, Sum: 134.8]
      [Code Root Scanning (ms): Min: 0.0, Avg: 0.0, Max: 0.0, Diff: 0.0, Sum: 0.0]
      [Object Copy (ms): Min: 83.8, Avg: 84.2, Max: 84.5, Diff: 0.7, Sum: 1094.0]
      [Termination (ms): Min: 0.0, Avg: 0.3, Max: 0.3, Diff: 0.3, Sum: 3.7]
      [GC Worker Other (ms): Min: 0.0, Avg: 0.0, Max: 0.1, Diff: 0.1, Sum: 0.5]
      [GC Worker Total (ms): Min: 106.0, Avg: 106.0, Max: 106.1, Diff: 0.1, Sum: 1378.3]
      [GC Worker End (ms): Min: 36923.3, Avg: 36923.3, Max: 36923.3, Diff: 0.1]
   [Code Root Fixup: 0.4 ms]
   [Code Root Migration: 0.0 ms]
   [Clear CT: 1.3 ms]
   [Other: 10.9 ms]
      [Choose CSet: 0.0 ms]
      [Ref Proc: 6.7 ms]
      [Ref Enq: 0.5 ms]
      [Free CSet: 0.6 ms]
   [Eden: 1056.0M(1056.0M)->0.0B(1056.0M) Survivors: 160.0M->160.0M Heap: 6617.2M(24.0G)->5801.2M(24.0G)]
 [Times: user=1.34 sys=0.07, real=0.12 secs] 
2014-04-09T11:17:04.688+0900: 37.827: [GC pause (G1 Evacuation Pause) (young), 0.1170716 secs]
   [Parallel Time: 104.6 ms, GC Workers: 13]
      [GC Worker Start (ms): Min: 37827.1, Avg: 37827.2, Max: 37827.2, Diff: 0.1]
      [Ext Root Scanning (ms): Min: 0.9, Avg: 1.3, Max: 1.7, Diff: 0.9, Sum: 17.4]
      [Update RS (ms): Min: 8.8, Avg: 9.6, Max: 10.5, Diff: 1.6, Sum: 124.4]
         [Processed Buffers: Min: 9, Avg: 19.0, Max: 30, Diff: 21, Sum: 247]
      [Scan RS (ms): Min: 10.1, Avg: 10.9, Max: 11.3, Diff: 1.2, Sum: 141.5]
      [Code Root Scanning (ms): Min: 0.0, Avg: 0.0, Max: 0.0, Diff: 0.0, Sum: 0.0]
      [Object Copy (ms): Min: 82.0, Avg: 82.3, Max: 82.8, Diff: 0.7, Sum: 1070.3]
      [Termination (ms): Min: 0.0, Avg: 0.2, Max: 0.3, Diff: 0.3, Sum: 3.2]
      [GC Worker Other (ms): Min: 0.0, Avg: 0.0, Max: 0.1, Diff: 0.0, Sum: 0.4]
      [GC Worker Total (ms): Min: 104.3, Avg: 104.4, Max: 104.5, Diff: 0.1, Sum: 1357.3]
      [GC Worker End (ms): Min: 37931.6, Avg: 37931.6, Max: 37931.6, Diff: 0.1]
   [Code Root Fixup: 0.4 ms]
   [Code Root Migration: 0.0 ms]
   [Clear CT: 1.3 ms]
   [Other: 10.6 ms]
      [Choose CSet: 0.0 ms]
      [Ref Proc: 6.4 ms]
      [Ref Enq: 0.5 ms]
      [Free CSet: 0.6 ms]
   [Eden: 1056.0M(1056.0M)->0.0B(1056.0M) Survivors: 160.0M->160.0M Heap: 6857.2M(24.0G)->6049.2M(24.0G)]
 [Times: user=1.33 sys=0.04, real=0.12 secs] 
2014-04-09T11:17:05.673+0900: 38.812: [GC pause (G1 Evacuation Pause) (young), 0.1167474 secs]
   [Parallel Time: 103.9 ms, GC Workers: 13]
      [GC Worker Start (ms): Min: 38812.8, Avg: 38812.8, Max: 38812.9, Diff: 0.1]
      [Ext Root Scanning (ms): Min: 0.9, Avg: 1.4, Max: 2.3, Diff: 1.4, Sum: 18.0]
      [Update RS (ms): Min: 9.0, Avg: 10.9, Max: 18.3, Diff: 9.2, Sum: 142.1]
         [Processed Buffers: Min: 0, Avg: 18.6, Max: 30, Diff: 30, Sum: 242]
      [Scan RS (ms): Min: 3.2, Avg: 10.3, Max: 11.6, Diff: 8.4, Sum: 134.5]
      [Code Root Scanning (ms): Min: 0.0, Avg: 0.0, Max: 0.0, Diff: 0.0, Sum: 0.0]
      [Object Copy (ms): Min: 80.6, Avg: 80.9, Max: 81.5, Diff: 0.8, Sum: 1052.3]
      [Termination (ms): Min: 0.0, Avg: 0.0, Max: 0.0, Diff: 0.0, Sum: 0.1]
      [GC Worker Other (ms): Min: 0.0, Avg: 0.0, Max: 0.1, Diff: 0.1, Sum: 0.6]
      [GC Worker Total (ms): Min: 103.6, Avg: 103.7, Max: 103.8, Diff: 0.2, Sum: 1347.5]
      [GC Worker End (ms): Min: 38916.5, Avg: 38916.5, Max: 38916.5, Diff: 0.1]
   [Code Root Fixup: 0.3 ms]
   [Code Root Migration: 0.0 ms]
   [Clear CT: 1.4 ms]
   [Other: 11.2 ms]
      [Choose CSet: 0.0 ms]
      [Ref Proc: 6.9 ms]
      [Ref Enq: 0.6 ms]
      [Free CSet: 0.5 ms]
   [Eden: 1056.0M(1056.0M)->0.0B(1056.0M) Survivors: 160.0M->160.0M Heap: 7105.2M(24.0G)->6305.2M(24.0G)]
 [Times: user=1.31 sys=0.07, real=0.12 secs] 
2014-04-09T11:17:06.669+0900: 39.808: [GC pause (G1 Evacuation Pause) (young), 0.1193213 secs]
   [Parallel Time: 106.3 ms, GC Workers: 13]
      [GC Worker Start (ms): Min: 39808.3, Avg: 39808.4, Max: 39808.4, Diff: 0.1]
      [Ext Root Scanning (ms): Min: 1.1, Avg: 1.4, Max: 1.8, Diff: 0.7, Sum: 17.9]
      [Update RS (ms): Min: 8.7, Avg: 9.8, Max: 17.4, Diff: 8.7, Sum: 126.9]
         [Processed Buffers: Min: 8, Avg: 18.7, Max: 33, Diff: 25, Sum: 243]
      [Scan RS (ms): Min: 3.4, Avg: 11.0, Max: 11.9, Diff: 8.5, Sum: 143.2]
      [Code Root Scanning (ms): Min: 0.0, Avg: 0.0, Max: 0.0, Diff: 0.0, Sum: 0.0]
      [Object Copy (ms): Min: 83.4, Avg: 83.6, Max: 84.1, Diff: 0.7, Sum: 1086.8]
      [Termination (ms): Min: 0.0, Avg: 0.4, Max: 0.5, Diff: 0.4, Sum: 5.1]
      [GC Worker Other (ms): Min: 0.0, Avg: 0.0, Max: 0.1, Diff: 0.1, Sum: 0.5]
      [GC Worker Total (ms): Min: 106.1, Avg: 106.2, Max: 106.3, Diff: 0.2, Sum: 1380.4]
      [GC Worker End (ms): Min: 39914.5, Avg: 39914.6, Max: 39914.6, Diff: 0.1]
   [Code Root Fixup: 0.4 ms]
   [Code Root Migration: 0.0 ms]
   [Clear CT: 1.4 ms]
   [Other: 11.1 ms]
      [Choose CSet: 0.0 ms]
      [Ref Proc: 6.8 ms]
      [Ref Enq: 0.6 ms]
      [Free CSet: 0.6 ms]
   [Eden: 1056.0M(1056.0M)->0.0B(1056.0M) Survivors: 160.0M->160.0M Heap: 7361.2M(24.0G)->6537.2M(24.0G)]
 [Times: user=1.35 sys=0.05, real=0.12 secs] 
2014-04-09T11:17:07.666+0900: 40.805: [GC pause (G1 Evacuation Pause) (young), 0.1192733 secs]
   [Parallel Time: 105.6 ms, GC Workers: 13]
      [GC Worker Start (ms): Min: 40805.8, Avg: 40805.9, Max: 40805.9, Diff: 0.1]
      [Ext Root Scanning (ms): Min: 0.9, Avg: 1.3, Max: 1.9, Diff: 1.0, Sum: 17.2]
      [Update RS (ms): Min: 9.1, Avg: 10.6, Max: 14.4, Diff: 5.3, Sum: 137.2]
         [Processed Buffers: Min: 1, Avg: 18.3, Max: 40, Diff: 39, Sum: 238]
      [Scan RS (ms): Min: 7.5, Avg: 11.2, Max: 12.5, Diff: 5.0, Sum: 145.9]
      [Code Root Scanning (ms): Min: 0.0, Avg: 0.0, Max: 0.0, Diff: 0.0, Sum: 0.0]
      [Object Copy (ms): Min: 82.0, Avg: 82.2, Max: 82.8, Diff: 0.7, Sum: 1069.1]
      [Termination (ms): Min: 0.0, Avg: 0.0, Max: 0.0, Diff: 0.0, Sum: 0.0]
      [GC Worker Other (ms): Min: 0.0, Avg: 0.0, Max: 0.1, Diff: 0.1, Sum: 0.6]
      [GC Worker Total (ms): Min: 105.3, Avg: 105.4, Max: 105.4, Diff: 0.1, Sum: 1370.1]
      [GC Worker End (ms): Min: 40911.2, Avg: 40911.2, Max: 40911.3, Diff: 0.1]
   [Code Root Fixup: 0.4 ms]
   [Code Root Migration: 0.0 ms]
   [Clear CT: 1.6 ms]
   [Other: 11.6 ms]
      [Choose CSet: 0.0 ms]
      [Ref Proc: 7.1 ms]
      [Ref Enq: 0.6 ms]
      [Free CSet: 0.6 ms]
   [Eden: 1056.0M(1056.0M)->0.0B(1056.0M) Survivors: 160.0M->160.0M Heap: 7593.2M(24.0G)->6793.2M(24.0G)]
 [Times: user=1.35 sys=0.05, real=0.12 secs] 
2014-04-09T11:17:08.650+0900: 41.789: [GC pause (G1 Evacuation Pause) (young), 0.1238938 secs]
   [Parallel Time: 110.1 ms, GC Workers: 13]
      [GC Worker Start (ms): Min: 41789.5, Avg: 41789.6, Max: 41789.7, Diff: 0.1]
      [Ext Root Scanning (ms): Min: 0.7, Avg: 1.3, Max: 1.9, Diff: 1.2, Sum: 16.5]
      [Update RS (ms): Min: 9.4, Avg: 10.4, Max: 16.8, Diff: 7.4, Sum: 135.0]
         [Processed Buffers: Min: 0, Avg: 18.9, Max: 32, Diff: 32, Sum: 246]
      [Scan RS (ms): Min: 5.5, Avg: 11.7, Max: 12.7, Diff: 7.2, Sum: 152.3]
      [Code Root Scanning (ms): Min: 0.0, Avg: 0.0, Max: 0.0, Diff: 0.0, Sum: 0.0]
      [Object Copy (ms): Min: 85.4, Avg: 86.2, Max: 87.0, Diff: 1.6, Sum: 1120.9]
      [Termination (ms): Min: 0.0, Avg: 0.3, Max: 0.4, Diff: 0.4, Sum: 4.5]
      [GC Worker Other (ms): Min: 0.0, Avg: 0.0, Max: 0.1, Diff: 0.0, Sum: 0.4]
      [GC Worker Total (ms): Min: 109.9, Avg: 110.0, Max: 110.1, Diff: 0.2, Sum: 1429.7]
      [GC Worker End (ms): Min: 41899.5, Avg: 41899.6, Max: 41899.6, Diff: 0.1]
   [Code Root Fixup: 0.4 ms]
   [Code Root Migration: 0.0 ms]
   [Clear CT: 1.6 ms]
   [Other: 11.8 ms]
      [Choose CSet: 0.0 ms]
      [Ref Proc: 7.1 ms]
      [Ref Enq: 0.6 ms]
      [Free CSet: 0.6 ms]
   [Eden: 1056.0M(1056.0M)->0.0B(1056.0M) Survivors: 160.0M->160.0M Heap: 7849.2M(24.0G)->7033.2M(24.0G)]
 [Times: user=1.40 sys=0.06, real=0.12 secs] 
2014-04-09T11:17:09.648+0900: 42.787: [GC pause (G1 Evacuation Pause) (young), 0.1222805 secs]
   [Parallel Time: 108.5 ms, GC Workers: 13]
      [GC Worker Start (ms): Min: 42787.9, Avg: 42787.9, Max: 42788.0, Diff: 0.1]
      [Ext Root Scanning (ms): Min: 0.8, Avg: 1.4, Max: 2.0, Diff: 1.2, Sum: 18.2]
      [Update RS (ms): Min: 8.3, Avg: 8.7, Max: 9.1, Diff: 0.9, Sum: 112.8]
         [Processed Buffers: Min: 11, Avg: 18.7, Max: 31, Diff: 20, Sum: 243]
      [Scan RS (ms): Min: 11.2, Avg: 11.8, Max: 12.2, Diff: 1.0, Sum: 153.1]
      [Code Root Scanning (ms): Min: 0.0, Avg: 0.0, Max: 0.0, Diff: 0.0, Sum: 0.0]
      [Object Copy (ms): Min: 86.1, Avg: 86.3, Max: 86.6, Diff: 0.5, Sum: 1122.1]
      [Termination (ms): Min: 0.0, Avg: 0.0, Max: 0.0, Diff: 0.0, Sum: 0.1]
      [GC Worker Other (ms): Min: 0.0, Avg: 0.0, Max: 0.1, Diff: 0.0, Sum: 0.5]
      [GC Worker Total (ms): Min: 108.2, Avg: 108.2, Max: 108.3, Diff: 0.2, Sum: 1406.8]
      [GC Worker End (ms): Min: 42896.1, Avg: 42896.2, Max: 42896.2, Diff: 0.0]
   [Code Root Fixup: 0.4 ms]
   [Code Root Migration: 0.1 ms]
   [Clear CT: 1.6 ms]
   [Other: 11.7 ms]
      [Choose CSet: 0.0 ms]
      [Ref Proc: 7.0 ms]
      [Ref Enq: 0.6 ms]
      [Free CSet: 0.6 ms]
   [Eden: 1056.0M(1056.0M)->0.0B(1056.0M) Survivors: 160.0M->160.0M Heap: 8089.2M(24.0G)->7265.2M(24.0G)]
 [Times: user=1.38 sys=0.05, real=0.12 secs] 
2014-04-09T11:17:10.657+0900: 43.796: [GC pause (G1 Evacuation Pause) (young), 0.1166766 secs]
   [Parallel Time: 103.1 ms, GC Workers: 13]
      [GC Worker Start (ms): Min: 43796.3, Avg: 43796.3, Max: 43796.4, Diff: 0.2]
      [Ext Root Scanning (ms): Min: 1.0, Avg: 1.3, Max: 1.5, Diff: 0.5, Sum: 17.0]
      [Update RS (ms): Min: 7.5, Avg: 8.0, Max: 8.3, Diff: 0.8, Sum: 103.4]
         [Processed Buffers: Min: 6, Avg: 17.3, Max: 34, Diff: 28, Sum: 225]
      [Scan RS (ms): Min: 11.1, Avg: 11.5, Max: 12.1, Diff: 1.1, Sum: 149.8]
      [Code Root Scanning (ms): Min: 0.0, Avg: 0.0, Max: 0.0, Diff: 0.0, Sum: 0.0]
      [Object Copy (ms): Min: 81.4, Avg: 81.9, Max: 82.6, Diff: 1.2, Sum: 1065.1]
      [Termination (ms): Min: 0.0, Avg: 0.0, Max: 0.0, Diff: 0.0, Sum: 0.0]
      [GC Worker Other (ms): Min: 0.0, Avg: 0.0, Max: 0.1, Diff: 0.0, Sum: 0.5]
      [GC Worker Total (ms): Min: 102.7, Avg: 102.8, Max: 102.8, Diff: 0.2, Sum: 1335.9]
      [GC Worker End (ms): Min: 43899.1, Avg: 43899.1, Max: 43899.1, Diff: 0.0]
   [Code Root Fixup: 0.4 ms]
   [Code Root Migration: 0.0 ms]
   [Clear CT: 1.7 ms]
   [Other: 11.5 ms]
      [Choose CSet: 0.0 ms]
      [Ref Proc: 6.8 ms]
      [Ref Enq: 0.6 ms]
      [Free CSet: 0.6 ms]
   [Eden: 1056.0M(1056.0M)->0.0B(1056.0M) Survivors: 160.0M->160.0M Heap: 8321.2M(24.0G)->7505.2M(24.0G)]
 [Times: user=1.31 sys=0.06, real=0.11 secs] 
2014-04-09T11:17:11.651+0900: 44.790: [GC pause (G1 Evacuation Pause) (young), 0.1181711 secs]
   [Parallel Time: 104.7 ms, GC Workers: 13]
      [GC Worker Start (ms): Min: 44790.6, Avg: 44790.6, Max: 44790.7, Diff: 0.1]
      [Ext Root Scanning (ms): Min: 1.2, Avg: 1.3, Max: 1.6, Diff: 0.4, Sum: 16.9]
      [Update RS (ms): Min: 8.7, Avg: 9.4, Max: 11.1, Diff: 2.4, Sum: 122.5]
         [Processed Buffers: Min: 9, Avg: 19.0, Max: 34, Diff: 25, Sum: 247]
      [Scan RS (ms): Min: 10.0, Avg: 11.3, Max: 11.9, Diff: 1.9, Sum: 147.5]
      [Code Root Scanning (ms): Min: 0.0, Avg: 0.0, Max: 0.0, Diff: 0.0, Sum: 0.0]
      [Object Copy (ms): Min: 82.0, Avg: 82.3, Max: 82.6, Diff: 0.5, Sum: 1070.2]
      [Termination (ms): Min: 0.0, Avg: 0.0, Max: 0.0, Diff: 0.0, Sum: 0.1]
      [GC Worker Other (ms): Min: 0.0, Avg: 0.0, Max: 0.1, Diff: 0.0, Sum: 0.5]
      [GC Worker Total (ms): Min: 104.4, Avg: 104.4, Max: 104.5, Diff: 0.2, Sum: 1357.7]
      [GC Worker End (ms): Min: 44895.1, Avg: 44895.1, Max: 44895.1, Diff: 0.0]
   [Code Root Fixup: 0.4 ms]
   [Code Root Migration: 0.0 ms]
   [Clear CT: 1.8 ms]
   [Other: 11.3 ms]
      [Choose CSet: 0.0 ms]
      [Ref Proc: 6.5 ms]
      [Ref Enq: 0.6 ms]
      [Free CSet: 0.6 ms]
   [Eden: 1056.0M(1056.0M)->0.0B(1056.0M) Survivors: 160.0M->160.0M Heap: 8561.2M(24.0G)->7737.2M(24.0G)]
 [Times: user=1.33 sys=0.05, real=0.12 secs] 
2014-04-09T11:17:12.645+0900: 45.784: [GC pause (G1 Evacuation Pause) (young) (initial-mark), 0.1183158 secs]
   [Parallel Time: 104.5 ms, GC Workers: 13]
      [GC Worker Start (ms): Min: 45784.3, Avg: 45784.3, Max: 45784.4, Diff: 0.2]
      [Ext Root Scanning (ms): Min: 0.9, Avg: 1.3, Max: 2.6, Diff: 1.7, Sum: 16.6]
      [Code Root Marking (ms): Min: 0.0, Avg: 0.5, Max: 4.4, Diff: 4.3, Sum: 6.4]
      [Update RS (ms): Min: 4.2, Avg: 8.1, Max: 10.9, Diff: 6.7, Sum: 105.5]
         [Processed Buffers: Min: 8, Avg: 19.1, Max: 34, Diff: 26, Sum: 248]
      [Scan RS (ms): Min: 9.8, Avg: 12.0, Max: 12.6, Diff: 2.8, Sum: 155.6]
      [Code Root Scanning (ms): Min: 0.0, Avg: 0.0, Max: 0.0, Diff: 0.0, Sum: 0.0]
      [Object Copy (ms): Min: 82.1, Avg: 82.4, Max: 82.9, Diff: 0.8, Sum: 1071.2]
      [Termination (ms): Min: 0.0, Avg: 0.0, Max: 0.0, Diff: 0.0, Sum: 0.1]
      [GC Worker Other (ms): Min: 0.0, Avg: 0.0, Max: 0.1, Diff: 0.1, Sum: 0.5]
      [GC Worker Total (ms): Min: 104.2, Avg: 104.3, Max: 104.4, Diff: 0.2, Sum: 1355.9]
      [GC Worker End (ms): Min: 45888.6, Avg: 45888.6, Max: 45888.7, Diff: 0.1]
   [Code Root Fixup: 0.5 ms]
   [Code Root Migration: 0.0 ms]
   [Clear CT: 1.8 ms]
   [Other: 11.6 ms]
      [Choose CSet: 0.0 ms]
      [Ref Proc: 6.6 ms]
      [Ref Enq: 0.6 ms]
      [Free CSet: 0.6 ms]
   [Eden: 1056.0M(1056.0M)->0.0B(1056.0M) Survivors: 160.0M->160.0M Heap: 8793.2M(24.0G)->8001.2M(24.0G)]
 [Times: user=1.32 sys=0.06, real=0.12 secs] 
2014-04-09T11:17:12.763+0900: 45.902: [GC concurrent-root-region-scan-start]
2014-04-09T11:17:12.813+0900: 45.952: [GC concurrent-root-region-scan-end, 0.0495339 secs]
2014-04-09T11:17:12.813+0900: 45.952: [GC concurrent-mark-start]
2014-04-09T11:17:13.842+0900: 46.981: [GC concurrent-mark-end, 1.0291606 secs]
2014-04-09T11:17:13.843+0900: 46.983: [GC remark 47.033: [GC ref-proc, 0.0111379 secs], 0.0800966 secs]
 [Times: user=0.82 sys=0.00, real=0.08 secs] 
2014-04-09T11:17:13.925+0900: 47.064: [GC cleanup 8991M->8991M(24G), 0.0138239 secs]
 [Times: user=0.17 sys=0.00, real=0.02 secs] 
2014-04-09T11:17:13.995+0900: 47.135: [GC pause (G1 Evacuation Pause) (young), 0.1200011 secs]
   [Parallel Time: 106.4 ms, GC Workers: 13]
      [GC Worker Start (ms): Min: 47134.9, Avg: 47135.0, Max: 47135.1, Diff: 0.1]
      [Ext Root Scanning (ms): Min: 1.0, Avg: 1.4, Max: 1.6, Diff: 0.6, Sum: 17.6]
      [Update RS (ms): Min: 9.0, Avg: 9.9, Max: 11.8, Diff: 2.8, Sum: 128.3]
         [Processed Buffers: Min: 10, Avg: 19.0, Max: 27, Diff: 17, Sum: 247]
      [Scan RS (ms): Min: 9.5, Avg: 11.3, Max: 12.0, Diff: 2.4, Sum: 147.2]
      [Code Root Scanning (ms): Min: 0.0, Avg: 0.0, Max: 0.0, Diff: 0.0, Sum: 0.0]
      [Object Copy (ms): Min: 82.6, Avg: 82.9, Max: 83.2, Diff: 0.5, Sum: 1077.5]
      [Termination (ms): Min: 0.3, Avg: 0.7, Max: 0.8, Diff: 0.5, Sum: 9.0]
      [GC Worker Other (ms): Min: 0.0, Avg: 0.0, Max: 0.1, Diff: 0.0, Sum: 0.4]
      [GC Worker Total (ms): Min: 106.1, Avg: 106.1, Max: 106.2, Diff: 0.2, Sum: 1379.9]
      [GC Worker End (ms): Min: 47241.1, Avg: 47241.1, Max: 47241.2, Diff: 0.1]
   [Code Root Fixup: 0.4 ms]
   [Code Root Migration: 0.0 ms]
   [Clear CT: 1.7 ms]
   [Other: 11.5 ms]
      [Choose CSet: 0.0 ms]
      [Ref Proc: 6.7 ms]
      [Ref Enq: 0.6 ms]
      [Free CSet: 0.6 ms]
   [Eden: 1056.0M(1056.0M)->0.0B(1056.0M) Survivors: 160.0M->160.0M Heap: 9057.2M(24.0G)->8225.2M(24.0G)]
 [Times: user=1.35 sys=0.06, real=0.12 secs] 
2014-04-09T11:17:15.010+0900: 48.149: [GC pause (G1 Evacuation Pause) (mixed), 0.2677143 secs]
   [Parallel Time: 252.6 ms, GC Workers: 13]
      [GC Worker Start (ms): Min: 48149.5, Avg: 48149.6, Max: 48149.6, Diff: 0.2]
      [Ext Root Scanning (ms): Min: 0.9, Avg: 1.3, Max: 2.0, Diff: 1.2, Sum: 16.8]
      [Update RS (ms): Min: 17.9, Avg: 19.0, Max: 20.6, Diff: 2.7, Sum: 247.4]
         [Processed Buffers: Min: 11, Avg: 21.8, Max: 32, Diff: 21, Sum: 284]
      [Scan RS (ms): Min: 57.4, Avg: 59.0, Max: 60.0, Diff: 2.6, Sum: 767.1]
      [Code Root Scanning (ms): Min: 0.0, Avg: 0.0, Max: 0.1, Diff: 0.1, Sum: 0.2]
      [Object Copy (ms): Min: 171.5, Avg: 172.3, Max: 173.5, Diff: 2.1, Sum: 2240.0]
      [Termination (ms): Min: 0.0, Avg: 0.6, Max: 0.8, Diff: 0.8, Sum: 7.8]
      [GC Worker Other (ms): Min: 0.0, Avg: 0.0, Max: 0.1, Diff: 0.1, Sum: 0.5]
      [GC Worker Total (ms): Min: 252.2, Avg: 252.3, Max: 252.4, Diff: 0.2, Sum: 3279.8]
      [GC Worker End (ms): Min: 48401.8, Avg: 48401.8, Max: 48401.9, Diff: 0.1]
   [Code Root Fixup: 0.4 ms]
   [Code Root Migration: 0.4 ms]
   [Clear CT: 2.2 ms]
   [Other: 12.1 ms]
      [Choose CSet: 0.2 ms]
      [Ref Proc: 6.7 ms]
      [Ref Enq: 0.6 ms]
      [Free CSet: 1.1 ms]
   [Eden: 1056.0M(1056.0M)->0.0B(1056.0M) Survivors: 160.0M->160.0M Heap: 9281.2M(24.0G)->7792.0M(24.0G)]
 [Times: user=2.80 sys=0.12, real=0.27 secs] 
2014-04-09T11:17:16.161+0900: 49.300: [GC pause (G1 Evacuation Pause) (mixed), 0.2011266 secs]
   [Parallel Time: 184.9 ms, GC Workers: 13]
      [GC Worker Start (ms): Min: 49300.8, Avg: 49300.9, Max: 49300.9, Diff: 0.1]
      [Ext Root Scanning (ms): Min: 1.2, Avg: 1.4, Max: 2.3, Diff: 1.1, Sum: 18.0]
      [Update RS (ms): Min: 4.8, Avg: 5.6, Max: 6.1, Diff: 1.3, Sum: 72.2]
         [Processed Buffers: Min: 12, Avg: 17.6, Max: 25, Diff: 13, Sum: 229]
      [Scan RS (ms): Min: 23.6, Avg: 24.1, Max: 24.5, Diff: 0.9, Sum: 313.1]
      [Code Root Scanning (ms): Min: 0.0, Avg: 0.0, Max: 0.0, Diff: 0.0, Sum: 0.1]
      [Object Copy (ms): Min: 152.6, Avg: 152.9, Max: 153.6, Diff: 1.0, Sum: 1988.1]
      [Termination (ms): Min: 0.0, Avg: 0.6, Max: 0.8, Diff: 0.8, Sum: 8.4]
      [GC Worker Other (ms): Min: 0.0, Avg: 0.0, Max: 0.1, Diff: 0.1, Sum: 0.6]
      [GC Worker Total (ms): Min: 184.6, Avg: 184.6, Max: 184.7, Diff: 0.1, Sum: 2400.4]
      [GC Worker End (ms): Min: 49485.5, Avg: 49485.5, Max: 49485.6, Diff: 0.1]
   [Code Root Fixup: 0.4 ms]
   [Code Root Migration: 0.1 ms]
   [Clear CT: 2.0 ms]
   [Other: 13.7 ms]
      [Choose CSet: 0.2 ms]
      [Ref Proc: 7.8 ms]
      [Ref Enq: 0.9 ms]
      [Free CSet: 1.2 ms]
   [Eden: 1056.0M(1056.0M)->0.0B(1056.0M) Survivors: 160.0M->160.0M Heap: 8848.0M(24.0G)->7360.0M(24.0G)]
 [Times: user=2.39 sys=0.03, real=0.20 secs] 
2014-04-09T11:17:17.296+0900: 50.435: [GC pause (G1 Evacuation Pause) (mixed), 0.1259348 secs]
   [Parallel Time: 111.8 ms, GC Workers: 13]
      [GC Worker Start (ms): Min: 50435.9, Avg: 50436.0, Max: 50436.0, Diff: 0.1]
      [Ext Root Scanning (ms): Min: 1.4, Avg: 1.5, Max: 2.0, Diff: 0.7, Sum: 19.1]
      [Update RS (ms): Min: 9.7, Avg: 10.2, Max: 11.3, Diff: 1.6, Sum: 132.3]
         [Processed Buffers: Min: 10, Avg: 19.2, Max: 33, Diff: 23, Sum: 250]
      [Scan RS (ms): Min: 13.3, Avg: 14.4, Max: 15.8, Diff: 2.5, Sum: 187.5]
      [Code Root Scanning (ms): Min: 0.0, Avg: 0.0, Max: 0.0, Diff: 0.0, Sum: 0.0]
      [Object Copy (ms): Min: 84.4, Avg: 85.4, Max: 85.7, Diff: 1.2, Sum: 1110.2]
      [Termination (ms): Min: 0.0, Avg: 0.0, Max: 0.0, Diff: 0.0, Sum: 0.1]
      [GC Worker Other (ms): Min: 0.0, Avg: 0.0, Max: 0.1, Diff: 0.1, Sum: 0.6]
      [GC Worker Total (ms): Min: 111.5, Avg: 111.5, Max: 111.6, Diff: 0.2, Sum: 1449.9]
      [GC Worker End (ms): Min: 50547.5, Avg: 50547.5, Max: 50547.5, Diff: 0.1]
   [Code Root Fixup: 0.4 ms]
   [Code Root Migration: 0.0 ms]
   [Clear CT: 2.0 ms]
   [Other: 11.7 ms]
      [Choose CSet: 0.1 ms]
      [Ref Proc: 6.8 ms]
      [Ref Enq: 0.8 ms]
      [Free CSet: 1.0 ms]
   [Eden: 1056.0M(1056.0M)->0.0B(1056.0M) Survivors: 160.0M->160.0M Heap: 8416.0M(24.0G)->7304.0M(24.0G)]
 [Times: user=1.44 sys=0.04, real=0.12 secs] 
2014-04-09T11:17:18.294+0900: 51.433: [GC pause (G1 Evacuation Pause) (young), 0.1156676 secs]
   [Parallel Time: 102.0 ms, GC Workers: 13]
      [GC Worker Start (ms): Min: 51433.3, Avg: 51433.4, Max: 51433.4, Diff: 0.1]
      [Ext Root Scanning (ms): Min: 1.2, Avg: 1.3, Max: 1.6, Diff: 0.4, Sum: 16.9]
      [Update RS (ms): Min: 9.0, Avg: 9.5, Max: 11.1, Diff: 2.1, Sum: 124.1]
         [Processed Buffers: Min: 9, Avg: 19.1, Max: 27, Diff: 18, Sum: 248]
      [Scan RS (ms): Min: 8.2, Avg: 9.7, Max: 10.2, Diff: 2.0, Sum: 125.5]
      [Code Root Scanning (ms): Min: 0.0, Avg: 0.0, Max: 0.0, Diff: 0.0, Sum: 0.0]
      [Object Copy (ms): Min: 80.9, Avg: 81.2, Max: 81.3, Diff: 0.3, Sum: 1055.3]
      [Termination (ms): Min: 0.0, Avg: 0.0, Max: 0.0, Diff: 0.0, Sum: 0.1]
      [GC Worker Other (ms): Min: 0.0, Avg: 0.0, Max: 0.1, Diff: 0.1, Sum: 0.5]
      [GC Worker Total (ms): Min: 101.6, Avg: 101.7, Max: 101.8, Diff: 0.1, Sum: 1322.5]
      [GC Worker End (ms): Min: 51535.1, Avg: 51535.1, Max: 51535.1, Diff: 0.1]
   [Code Root Fixup: 0.5 ms]
   [Code Root Migration: 0.0 ms]
   [Clear CT: 2.1 ms]
   [Other: 11.0 ms]
      [Choose CSet: 0.0 ms]
      [Ref Proc: 7.0 ms]
      [Ref Enq: 0.7 ms]
      [Free CSet: 0.7 ms]
   [Eden: 1056.0M(1056.0M)->0.0B(1056.0M) Survivors: 160.0M->160.0M Heap: 8360.0M(24.0G)->7536.0M(24.0G)]
 [Times: user=1.34 sys=0.01, real=0.12 secs] 
2014-04-09T11:17:19.314+0900: 52.453: [GC pause (G1 Evacuation Pause) (young) (initial-mark), 0.1147075 secs]
   [Parallel Time: 101.6 ms, GC Workers: 13]
      [GC Worker Start (ms): Min: 52453.1, Avg: 52453.2, Max: 52453.3, Diff: 0.1]
      [Ext Root Scanning (ms): Min: 1.1, Avg: 1.4, Max: 3.2, Diff: 2.1, Sum: 17.9]
      [Code Root Marking (ms): Min: 0.0, Avg: 0.7, Max: 6.3, Diff: 6.3, Sum: 8.6]
      [Update RS (ms): Min: 4.2, Avg: 9.4, Max: 10.8, Diff: 6.6, Sum: 122.5]
         [Processed Buffers: Min: 11, Avg: 18.5, Max: 27, Diff: 16, Sum: 240]
      [Scan RS (ms): Min: 9.2, Avg: 9.8, Max: 10.4, Diff: 1.2, Sum: 127.9]
      [Code Root Scanning (ms): Min: 0.0, Avg: 0.0, Max: 0.0, Diff: 0.0, Sum: 0.0]
      [Object Copy (ms): Min: 79.8, Avg: 80.0, Max: 80.2, Diff: 0.4, Sum: 1039.6]
      [Termination (ms): Min: 0.0, Avg: 0.0, Max: 0.0, Diff: 0.0, Sum: 0.0]
      [GC Worker Other (ms): Min: 0.0, Avg: 0.0, Max: 0.1, Diff: 0.1, Sum: 0.6]
      [GC Worker Total (ms): Min: 101.2, Avg: 101.3, Max: 101.4, Diff: 0.2, Sum: 1317.1]
      [GC Worker End (ms): Min: 52554.5, Avg: 52554.5, Max: 52554.6, Diff: 0.1]
   [Code Root Fixup: 0.4 ms]
   [Code Root Migration: 0.0 ms]
   [Clear CT: 1.9 ms]
   [Other: 10.8 ms]
      [Choose CSet: 0.0 ms]
      [Ref Proc: 6.6 ms]
      [Ref Enq: 0.6 ms]
      [Free CSet: 0.6 ms]
   [Eden: 1056.0M(1056.0M)->0.0B(1056.0M) Survivors: 160.0M->160.0M Heap: 8592.0M(24.0G)->7760.0M(24.0G)]
 [Times: user=1.34 sys=0.01, real=0.12 secs] 
2014-04-09T11:17:19.429+0900: 52.568: [GC concurrent-root-region-scan-start]
2014-04-09T11:17:19.475+0900: 52.614: [GC concurrent-root-region-scan-end, 0.0467903 secs]
2014-04-09T11:17:19.475+0900: 52.614: [GC concurrent-mark-start]
2014-04-09T11:17:20.588+0900: 53.727: [GC concurrent-mark-end, 1.1125396 secs]
2014-04-09T11:17:20.589+0900: 53.728: [GC remark 53.779: [GC ref-proc, 0.0133702 secs], 0.0834953 secs]
 [Times: user=0.84 sys=0.00, real=0.08 secs] 
2014-04-09T11:17:20.675+0900: 53.814: [GC cleanup 8783M->8783M(24G), 0.0167765 secs]
 [Times: user=0.21 sys=0.00, real=0.02 secs] 
2014-04-09T11:17:20.719+0900: 53.858: [GC pause (G1 Evacuation Pause) (young), 0.1107880 secs]
   [Parallel Time: 97.8 ms, GC Workers: 13]
      [GC Worker Start (ms): Min: 53858.4, Avg: 53858.5, Max: 53858.5, Diff: 0.1]
      [Ext Root Scanning (ms): Min: 1.3, Avg: 1.4, Max: 2.0, Diff: 0.7, Sum: 18.7]
      [Update RS (ms): Min: 8.8, Avg: 9.9, Max: 12.2, Diff: 3.4, Sum: 128.5]
         [Processed Buffers: Min: 9, Avg: 19.0, Max: 38, Diff: 29, Sum: 247]
      [Scan RS (ms): Min: 7.8, Avg: 10.1, Max: 10.8, Diff: 3.0, Sum: 131.4]
      [Code Root Scanning (ms): Min: 0.0, Avg: 0.0, Max: 0.0, Diff: 0.0, Sum: 0.0]
      [Object Copy (ms): Min: 75.8, Avg: 76.1, Max: 76.2, Diff: 0.4, Sum: 988.9]
      [Termination (ms): Min: 0.0, Avg: 0.0, Max: 0.0, Diff: 0.0, Sum: 0.0]
      [GC Worker Other (ms): Min: 0.0, Avg: 0.0, Max: 0.1, Diff: 0.0, Sum: 0.5]
      [GC Worker Total (ms): Min: 97.5, Avg: 97.5, Max: 97.6, Diff: 0.2, Sum: 1268.0]
      [GC Worker End (ms): Min: 53956.0, Avg: 53956.0, Max: 53956.0, Diff: 0.0]
   [Code Root Fixup: 0.3 ms]
   [Code Root Migration: 0.0 ms]
   [Clear CT: 1.8 ms]
   [Other: 10.8 ms]
      [Choose CSet: 0.0 ms]
      [Ref Proc: 6.6 ms]
      [Ref Enq: 0.6 ms]
      [Free CSet: 0.7 ms]
   [Eden: 1056.0M(1056.0M)->0.0B(1056.0M) Survivors: 160.0M->160.0M Heap: 8816.0M(24.0G)->8000.0M(24.0G)]
 [Times: user=1.27 sys=0.01, real=0.11 secs] 
2014-04-09T11:17:21.713+0900: 54.852: [GC pause (G1 Evacuation Pause) (mixed), 0.1426474 secs]
   [Parallel Time: 126.4 ms, GC Workers: 13]
      [GC Worker Start (ms): Min: 54852.2, Avg: 54852.3, Max: 54852.4, Diff: 0.1]
      [Ext Root Scanning (ms): Min: 1.2, Avg: 1.3, Max: 1.8, Diff: 0.5, Sum: 17.5]
      [Update RS (ms): Min: 8.6, Avg: 9.6, Max: 10.9, Diff: 2.3, Sum: 124.9]
         [Processed Buffers: Min: 8, Avg: 17.9, Max: 35, Diff: 27, Sum: 233]
      [Scan RS (ms): Min: 16.3, Avg: 17.6, Max: 18.2, Diff: 1.9, Sum: 229.1]
      [Code Root Scanning (ms): Min: 0.0, Avg: 0.0, Max: 0.0, Diff: 0.0, Sum: 0.0]
      [Object Copy (ms): Min: 97.0, Avg: 97.1, Max: 97.5, Diff: 0.5, Sum: 1262.9]
      [Termination (ms): Min: 0.0, Avg: 0.4, Max: 0.5, Diff: 0.5, Sum: 5.1]
      [GC Worker Other (ms): Min: 0.0, Avg: 0.0, Max: 0.1, Diff: 0.1, Sum: 0.6]
      [GC Worker Total (ms): Min: 126.1, Avg: 126.2, Max: 126.2, Diff: 0.1, Sum: 1640.1]
      [GC Worker End (ms): Min: 54978.4, Avg: 54978.4, Max: 54978.5, Diff: 0.1]
   [Code Root Fixup: 0.4 ms]
   [Code Root Migration: 0.0 ms]
   [Clear CT: 2.1 ms]
   [Other: 13.6 ms]
      [Choose CSet: 0.2 ms]
      [Ref Proc: 7.5 ms]
      [Ref Enq: 1.1 ms]
      [Free CSet: 1.4 ms]
   [Eden: 1056.0M(1056.0M)->0.0B(1056.0M) Survivors: 160.0M->160.0M Heap: 9056.0M(24.0G)->7664.0M(24.0G)]
 [Times: user=1.64 sys=0.03, real=0.14 secs] 
2014-04-09T11:17:22.757+0900: 55.896: [GC pause (G1 Evacuation Pause) (mixed), 0.1333875 secs]
   [Parallel Time: 118.8 ms, GC Workers: 13]
      [GC Worker Start (ms): Min: 55896.8, Avg: 55896.9, Max: 55896.9, Diff: 0.1]
      [Ext Root Scanning (ms): Min: 1.3, Avg: 1.4, Max: 1.9, Diff: 0.6, Sum: 18.2]
      [Update RS (ms): Min: 9.1, Avg: 10.0, Max: 11.9, Diff: 2.8, Sum: 130.2]
         [Processed Buffers: Min: 9, Avg: 19.1, Max: 25, Diff: 16, Sum: 248]
      [Scan RS (ms): Min: 11.3, Avg: 13.1, Max: 13.6, Diff: 2.3, Sum: 170.8]
      [Code Root Scanning (ms): Min: 0.0, Avg: 0.0, Max: 0.0, Diff: 0.0, Sum: 0.0]
      [Object Copy (ms): Min: 93.8, Avg: 93.9, Max: 94.0, Diff: 0.3, Sum: 1220.7]
      [Termination (ms): Min: 0.0, Avg: 0.0, Max: 0.0, Diff: 0.0, Sum: 0.1]
      [GC Worker Other (ms): Min: 0.0, Avg: 0.0, Max: 0.1, Diff: 0.0, Sum: 0.4]
      [GC Worker Total (ms): Min: 118.4, Avg: 118.5, Max: 118.6, Diff: 0.1, Sum: 1540.5]
      [GC Worker End (ms): Min: 56015.4, Avg: 56015.4, Max: 56015.4, Diff: 0.0]
   [Code Root Fixup: 0.4 ms]
   [Code Root Migration: 0.0 ms]
   [Clear CT: 2.0 ms]
   [Other: 12.2 ms]
      [Choose CSet: 0.1 ms]
      [Ref Proc: 7.2 ms]
      [Ref Enq: 0.8 ms]
      [Free CSet: 1.0 ms]
   [Eden: 1056.0M(1056.0M)->0.0B(1056.0M) Survivors: 160.0M->160.0M Heap: 8720.0M(24.0G)->7736.0M(24.0G)]
 [Times: user=1.52 sys=0.05, real=0.14 secs] 
2014-04-09T11:17:23.762+0900: 56.901: [GC pause (G1 Evacuation Pause) (young), 0.1239106 secs]
   [Parallel Time: 110.4 ms, GC Workers: 13]
      [GC Worker Start (ms): Min: 56901.3, Avg: 56901.4, Max: 56901.5, Diff: 0.1]
      [Ext Root Scanning (ms): Min: 1.4, Avg: 1.5, Max: 1.8, Diff: 0.4, Sum: 19.6]
      [Update RS (ms): Min: 10.5, Avg: 10.9, Max: 11.5, Diff: 1.0, Sum: 142.3]
         [Processed Buffers: Min: 10, Avg: 20.4, Max: 28, Diff: 18, Sum: 265]
      [Scan RS (ms): Min: 8.5, Avg: 9.0, Max: 9.7, Diff: 1.2, Sum: 117.3]
      [Code Root Scanning (ms): Min: 0.0, Avg: 0.0, Max: 0.0, Diff: 0.0, Sum: 0.0]
      [Object Copy (ms): Min: 87.9, Avg: 88.6, Max: 88.8, Diff: 0.9, Sum: 1151.6]
      [Termination (ms): Min: 0.0, Avg: 0.0, Max: 0.0, Diff: 0.0, Sum: 0.3]
      [GC Worker Other (ms): Min: 0.0, Avg: 0.0, Max: 0.1, Diff: 0.0, Sum: 0.5]
      [GC Worker Total (ms): Min: 110.0, Avg: 110.1, Max: 110.2, Diff: 0.2, Sum: 1431.4]
      [GC Worker End (ms): Min: 57011.5, Avg: 57011.5, Max: 57011.6, Diff: 0.0]
   [Code Root Fixup: 0.4 ms]
   [Code Root Migration: 0.0 ms]
   [Clear CT: 2.0 ms]
   [Other: 11.1 ms]
      [Choose CSet: 0.0 ms]
      [Ref Proc: 6.9 ms]
      [Ref Enq: 0.7 ms]
      [Free CSet: 0.7 ms]
   [Eden: 1056.0M(1056.0M)->0.0B(1056.0M) Survivors: 160.0M->160.0M Heap: 8792.0M(24.0G)->7992.0M(24.0G)]
 [Times: user=1.45 sys=0.01, real=0.12 secs] 
2014-04-09T11:17:24.742+0900: 57.881: [GC pause (G1 Evacuation Pause) (young) (initial-mark), 0.1199705 secs]
   [Parallel Time: 105.6 ms, GC Workers: 13]
      [GC Worker Start (ms): Min: 57881.5, Avg: 57881.6, Max: 57881.6, Diff: 0.1]
      [Ext Root Scanning (ms): Min: 1.2, Avg: 1.4, Max: 3.9, Diff: 2.7, Sum: 18.7]
      [Code Root Marking (ms): Min: 0.0, Avg: 0.5, Max: 4.3, Diff: 4.2, Sum: 7.0]
      [Update RS (ms): Min: 6.2, Avg: 10.3, Max: 12.0, Diff: 5.8, Sum: 133.3]
         [Processed Buffers: Min: 11, Avg: 19.7, Max: 39, Diff: 28, Sum: 256]
      [Scan RS (ms): Min: 8.7, Avg: 9.8, Max: 10.5, Diff: 1.8, Sum: 126.8]
      [Code Root Scanning (ms): Min: 0.0, Avg: 0.0, Max: 0.0, Diff: 0.0, Sum: 0.0]
      [Object Copy (ms): Min: 83.2, Avg: 83.3, Max: 83.8, Diff: 0.7, Sum: 1083.3]
      [Termination (ms): Min: 0.0, Avg: 0.0, Max: 0.0, Diff: 0.0, Sum: 0.1]
      [GC Worker Other (ms): Min: 0.0, Avg: 0.0, Max: 0.1, Diff: 0.0, Sum: 0.5]
      [GC Worker Total (ms): Min: 105.3, Avg: 105.4, Max: 105.4, Diff: 0.1, Sum: 1369.7]
      [GC Worker End (ms): Min: 57986.9, Avg: 57986.9, Max: 57987.0, Diff: 0.0]
   [Code Root Fixup: 0.4 ms]
   [Code Root Migration: 0.0 ms]
   [Clear CT: 2.1 ms]
   [Other: 11.8 ms]
      [Choose CSet: 0.0 ms]
      [Ref Proc: 7.0 ms]
      [Ref Enq: 0.6 ms]
      [Free CSet: 0.7 ms]
   [Eden: 1056.0M(1056.0M)->0.0B(1056.0M) Survivors: 160.0M->160.0M Heap: 9048.0M(24.0G)->8248.0M(24.0G)]
 [Times: user=1.39 sys=0.01, real=0.12 secs] 
2014-04-09T11:17:24.862+0900: 58.001: [GC concurrent-root-region-scan-start]
2014-04-09T11:17:24.908+0900: 58.047: [GC concurrent-root-region-scan-end, 0.0461918 secs]
2014-04-09T11:17:24.908+0900: 58.047: [GC concurrent-mark-start]
2014-04-09T11:17:26.019+0900: 59.158: [GC pause (G1 Evacuation Pause) (young), 0.1196560 secs]
   [Parallel Time: 105.7 ms, GC Workers: 13]
      [GC Worker Start (ms): Min: 59158.3, Avg: 59158.4, Max: 59158.5, Diff: 0.1]
      [Ext Root Scanning (ms): Min: 1.2, Avg: 1.4, Max: 1.9, Diff: 0.7, Sum: 17.9]
      [SATB Filtering (ms): Min: 0.0, Avg: 0.2, Max: 2.4, Diff: 2.4, Sum: 2.4]
      [Update RS (ms): Min: 5.6, Avg: 8.0, Max: 8.5, Diff: 2.8, Sum: 103.5]
         [Processed Buffers: Min: 8, Avg: 17.7, Max: 31, Diff: 23, Sum: 230]
      [Scan RS (ms): Min: 10.5, Avg: 10.9, Max: 11.3, Diff: 0.8, Sum: 142.3]
      [Code Root Scanning (ms): Min: 0.0, Avg: 0.0, Max: 0.0, Diff: 0.0, Sum: 0.0]
      [Object Copy (ms): Min: 84.7, Avg: 84.9, Max: 85.2, Diff: 0.5, Sum: 1103.1]
      [Termination (ms): Min: 0.0, Avg: 0.1, Max: 0.1, Diff: 0.1, Sum: 1.0]
      [GC Worker Other (ms): Min: 0.0, Avg: 0.0, Max: 0.1, Diff: 0.1, Sum: 0.5]
      [GC Worker Total (ms): Min: 105.3, Avg: 105.4, Max: 105.5, Diff: 0.2, Sum: 1370.7]
      [GC Worker End (ms): Min: 59263.8, Avg: 59263.8, Max: 59263.9, Diff: 0.1]
   [Code Root Fixup: 0.5 ms]
   [Code Root Migration: 0.0 ms]
   [Clear CT: 2.3 ms]
   [Other: 11.2 ms]
      [Choose CSet: 0.0 ms]
      [Ref Proc: 6.7 ms]
      [Ref Enq: 0.7 ms]
      [Free CSet: 0.7 ms]
   [Eden: 1056.0M(1056.0M)->0.0B(1056.0M) Survivors: 160.0M->160.0M Heap: 9304.0M(24.0G)->8480.0M(24.0G)]
 [Times: user=1.38 sys=0.02, real=0.12 secs] 
2014-04-09T11:17:26.158+0900: 59.297: [GC concurrent-mark-end, 1.2500832 secs]
2014-04-09T11:17:26.163+0900: 59.302: [GC remark 59.352: [GC ref-proc, 0.0122798 secs], 0.0834814 secs]
 [Times: user=0.84 sys=0.00, real=0.08 secs] 
2014-04-09T11:17:26.249+0900: 59.388: [GC cleanup 8528M->8528M(24G), 0.0175866 secs]
 [Times: user=0.21 sys=0.00, real=0.01 secs] 
2014-04-09T11:17:27.131+0900: 60.270: [GC pause (G1 Evacuation Pause) (young), 0.1219428 secs]
   [Parallel Time: 108.1 ms, GC Workers: 13]
      [GC Worker Start (ms): Min: 60270.7, Avg: 60270.7, Max: 60270.8, Diff: 0.1]
      [Ext Root Scanning (ms): Min: 1.3, Avg: 1.4, Max: 2.0, Diff: 0.7, Sum: 18.0]
      [Update RS (ms): Min: 9.6, Avg: 10.2, Max: 11.1, Diff: 1.5, Sum: 132.1]
         [Processed Buffers: Min: 8, Avg: 19.5, Max: 36, Diff: 28, Sum: 254]
      [Scan RS (ms): Min: 9.3, Avg: 10.3, Max: 11.0, Diff: 1.6, Sum: 133.9]
      [Code Root Scanning (ms): Min: 0.0, Avg: 0.0, Max: 0.0, Diff: 0.0, Sum: 0.0]
      [Object Copy (ms): Min: 85.3, Avg: 85.9, Max: 86.2, Diff: 0.8, Sum: 1116.7]
      [Termination (ms): Min: 0.0, Avg: 0.1, Max: 0.2, Diff: 0.2, Sum: 1.7]
      [GC Worker Other (ms): Min: 0.0, Avg: 0.0, Max: 0.1, Diff: 0.1, Sum: 0.5]
      [GC Worker Total (ms): Min: 107.8, Avg: 107.9, Max: 108.0, Diff: 0.2, Sum: 1402.8]
      [GC Worker End (ms): Min: 60378.6, Avg: 60378.6, Max: 60378.7, Diff: 0.1]
   [Code Root Fixup: 0.4 ms]
   [Code Root Migration: 0.0 ms]
   [Clear CT: 2.3 ms]
   [Other: 11.2 ms]
      [Choose CSet: 0.0 ms]
      [Ref Proc: 6.6 ms]
      [Ref Enq: 0.6 ms]
      [Free CSet: 0.7 ms]
   [Eden: 1056.0M(1056.0M)->0.0B(1056.0M) Survivors: 160.0M->160.0M Heap: 9536.0M(24.0G)->8712.0M(24.0G)]
 [Times: user=1.39 sys=0.05, real=0.12 secs] 
2014-04-09T11:17:28.122+0900: 61.261: [GC pause (G1 Evacuation Pause) (mixed), 0.1571017 secs]
   [Parallel Time: 140.8 ms, GC Workers: 13]
      [GC Worker Start (ms): Min: 61261.2, Avg: 61261.3, Max: 61261.4, Diff: 0.1]
      [Ext Root Scanning (ms): Min: 0.9, Avg: 1.4, Max: 2.6, Diff: 1.7, Sum: 17.6]
      [Update RS (ms): Min: 8.0, Avg: 13.9, Max: 32.4, Diff: 24.4, Sum: 180.9]
         [Processed Buffers: Min: 5, Avg: 18.0, Max: 31, Diff: 26, Sum: 234]
      [Scan RS (ms): Min: 3.8, Avg: 22.2, Max: 28.0, Diff: 24.2, Sum: 288.5]
      [Code Root Scanning (ms): Min: 0.0, Avg: 0.0, Max: 0.0, Diff: 0.0, Sum: 0.1]
      [Object Copy (ms): Min: 101.8, Avg: 102.9, Max: 103.6, Diff: 1.7, Sum: 1337.8]
      [Termination (ms): Min: 0.0, Avg: 0.1, Max: 0.1, Diff: 0.1, Sum: 1.1]
      [GC Worker Other (ms): Min: 0.0, Avg: 0.0, Max: 0.1, Diff: 0.1, Sum: 0.5]
      [GC Worker Total (ms): Min: 140.4, Avg: 140.5, Max: 140.6, Diff: 0.2, Sum: 1826.5]
      [GC Worker End (ms): Min: 61401.8, Avg: 61401.8, Max: 61401.8, Diff: 0.1]
   [Code Root Fixup: 0.4 ms]
   [Code Root Migration: 0.0 ms]
   [Clear CT: 2.3 ms]
   [Other: 13.5 ms]
      [Choose CSet: 0.2 ms]
      [Ref Proc: 7.3 ms]
      [Ref Enq: 0.8 ms]
      [Free CSet: 1.2 ms]
   [Eden: 1056.0M(1056.0M)->0.0B(1056.0M) Survivors: 160.0M->160.0M Heap: 9768.0M(24.0G)->8352.0M(24.0G)]
 [Times: user=1.79 sys=0.07, real=0.16 secs] 
2014-04-09T11:17:29.159+0900: 62.298: [GC pause (G1 Evacuation Pause) (mixed), 0.1370316 secs]
   [Parallel Time: 121.3 ms, GC Workers: 13]
      [GC Worker Start (ms): Min: 62298.8, Avg: 62298.8, Max: 62298.9, Diff: 0.1]
      [Ext Root Scanning (ms): Min: 1.3, Avg: 1.4, Max: 2.2, Diff: 1.0, Sum: 18.5]
      [Update RS (ms): Min: 8.3, Avg: 13.2, Max: 35.3, Diff: 27.0, Sum: 172.2]
         [Processed Buffers: Min: 3, Avg: 17.4, Max: 32, Diff: 29, Sum: 226]
      [Scan RS (ms): Min: 0.0, Avg: 14.8, Max: 19.4, Diff: 19.4, Sum: 191.9]
      [Code Root Scanning (ms): Min: 0.0, Avg: 0.0, Max: 0.0, Diff: 0.0, Sum: 0.0]
      [Object Copy (ms): Min: 84.4, Avg: 91.6, Max: 92.5, Diff: 8.1, Sum: 1190.8]
      [Termination (ms): Min: 0.0, Avg: 0.0, Max: 0.0, Diff: 0.0, Sum: 0.0]
      [GC Worker Other (ms): Min: 0.0, Avg: 0.0, Max: 0.1, Diff: 0.1, Sum: 0.5]
      [GC Worker Total (ms): Min: 121.0, Avg: 121.1, Max: 121.2, Diff: 0.1, Sum: 1574.1]
      [GC Worker End (ms): Min: 62419.9, Avg: 62419.9, Max: 62420.0, Diff: 0.1]
   [Code Root Fixup: 0.4 ms]
   [Code Root Migration: 0.0 ms]
   [Clear CT: 2.2 ms]
   [Other: 13.1 ms]
      [Choose CSet: 0.1 ms]
      [Ref Proc: 7.9 ms]
      [Ref Enq: 0.9 ms]
      [Free CSet: 0.8 ms]
   [Eden: 1056.0M(1056.0M)->0.0B(1056.0M) Survivors: 160.0M->160.0M Heap: 9408.0M(24.0G)->8472.0M(24.0G)]
 [Times: user=1.59 sys=0.02, real=0.13 secs] 
2014-04-09T11:17:30.193+0900: 63.332: [GC pause (G1 Evacuation Pause) (young), 0.1148687 secs]
   [Parallel Time: 101.2 ms, GC Workers: 13]
      [GC Worker Start (ms): Min: 63332.1, Avg: 63332.1, Max: 63332.2, Diff: 0.1]
      [Ext Root Scanning (ms): Min: 1.3, Avg: 1.4, Max: 1.7, Diff: 0.4, Sum: 17.8]
      [Update RS (ms): Min: 8.2, Avg: 8.6, Max: 10.1, Diff: 1.9, Sum: 111.4]
         [Processed Buffers: Min: 11, Avg: 18.7, Max: 30, Diff: 19, Sum: 243]
      [Scan RS (ms): Min: 9.3, Avg: 11.0, Max: 11.6, Diff: 2.3, Sum: 143.4]
      [Code Root Scanning (ms): Min: 0.0, Avg: 0.0, Max: 0.0, Diff: 0.0, Sum: 0.0]
      [Object Copy (ms): Min: 79.6, Avg: 79.9, Max: 80.1, Diff: 0.5, Sum: 1038.4]
      [Termination (ms): Min: 0.0, Avg: 0.0, Max: 0.0, Diff: 0.0, Sum: 0.0]
      [GC Worker Other (ms): Min: 0.0, Avg: 0.1, Max: 0.1, Diff: 0.1, Sum: 0.7]
      [GC Worker Total (ms): Min: 100.8, Avg: 100.9, Max: 101.0, Diff: 0.2, Sum: 1311.8]
      [GC Worker End (ms): Min: 63433.0, Avg: 63433.0, Max: 63433.1, Diff: 0.1]
   [Code Root Fixup: 0.4 ms]
   [Code Root Migration: 0.0 ms]
   [Clear CT: 2.2 ms]
   [Other: 11.0 ms]
      [Choose CSet: 0.0 ms]
      [Ref Proc: 6.7 ms]
      [Ref Enq: 0.6 ms]
      [Free CSet: 0.6 ms]
   [Eden: 1056.0M(1056.0M)->0.0B(1056.0M) Survivors: 160.0M->160.0M Heap: 9528.0M(24.0G)->8712.0M(24.0G)]
 [Times: user=1.33 sys=0.01, real=0.11 secs] 
2014-04-09T11:17:31.176+0900: 64.315: [GC pause (G1 Evacuation Pause) (young) (initial-mark), 0.1239144 secs]
   [Parallel Time: 108.4 ms, GC Workers: 13]
      [GC Worker Start (ms): Min: 64315.8, Avg: 64315.9, Max: 64315.9, Diff: 0.1]
      [Ext Root Scanning (ms): Min: 1.1, Avg: 1.4, Max: 3.0, Diff: 1.9, Sum: 17.6]
      [Code Root Marking (ms): Min: 0.0, Avg: 0.5, Max: 4.3, Diff: 4.3, Sum: 6.9]
      [Update RS (ms): Min: 5.4, Avg: 9.9, Max: 23.0, Diff: 17.6, Sum: 129.3]
         [Processed Buffers: Min: 3, Avg: 17.4, Max: 32, Diff: 29, Sum: 226]
      [Scan RS (ms): Min: 0.0, Avg: 11.4, Max: 12.8, Diff: 12.8, Sum: 148.8]
      [Code Root Scanning (ms): Min: 0.0, Avg: 0.0, Max: 0.0, Diff: 0.0, Sum: 0.0]
      [Object Copy (ms): Min: 83.6, Avg: 84.7, Max: 85.0, Diff: 1.4, Sum: 1101.4]
      [Termination (ms): Min: 0.0, Avg: 0.1, Max: 0.1, Diff: 0.1, Sum: 0.8]
      [GC Worker Other (ms): Min: 0.0, Avg: 0.0, Max: 0.1, Diff: 0.1, Sum: 0.6]
      [GC Worker Total (ms): Min: 108.0, Avg: 108.1, Max: 108.2, Diff: 0.2, Sum: 1405.5]
      [GC Worker End (ms): Min: 64424.0, Avg: 64424.0, Max: 64424.0, Diff: 0.1]
   [Code Root Fixup: 0.3 ms]
   [Code Root Migration: 0.0 ms]
   [Clear CT: 2.2 ms]
   [Other: 13.0 ms]
      [Choose CSet: 0.0 ms]
      [Ref Proc: 8.0 ms]
      [Ref Enq: 1.1 ms]
      [Free CSet: 0.6 ms]
   [Eden: 1056.0M(1056.0M)->0.0B(1056.0M) Survivors: 160.0M->160.0M Heap: 9768.0M(24.0G)->8960.0M(24.0G)]
 [Times: user=1.43 sys=0.01, real=0.13 secs] 
2014-04-09T11:17:31.300+0900: 64.439: [GC concurrent-root-region-scan-start]
2014-04-09T11:17:31.339+0900: 64.478: [GC concurrent-root-region-scan-end, 0.0383506 secs]
2014-04-09T11:17:31.339+0900: 64.478: [GC concurrent-mark-start]
2014-04-09T11:17:32.535+0900: 65.674: [GC pause (G1 Evacuation Pause) (young), 0.1149650 secs]
   [Parallel Time: 101.1 ms, GC Workers: 13]
      [GC Worker Start (ms): Min: 65674.0, Avg: 65674.1, Max: 65674.1, Diff: 0.1]
      [Ext Root Scanning (ms): Min: 1.3, Avg: 1.4, Max: 1.6, Diff: 0.3, Sum: 17.9]
      [SATB Filtering (ms): Min: 0.0, Avg: 0.1, Max: 1.7, Diff: 1.7, Sum: 1.7]
      [Update RS (ms): Min: 6.4, Avg: 7.3, Max: 7.7, Diff: 1.3, Sum: 94.6]
         [Processed Buffers: Min: 9, Avg: 16.5, Max: 32, Diff: 23, Sum: 214]
      [Scan RS (ms): Min: 10.1, Avg: 10.9, Max: 11.3, Diff: 1.1, Sum: 141.1]
      [Code Root Scanning (ms): Min: 0.0, Avg: 0.0, Max: 0.0, Diff: 0.0, Sum: 0.0]
      [Object Copy (ms): Min: 80.3, Avg: 80.7, Max: 81.2, Diff: 0.8, Sum: 1049.4]
      [Termination (ms): Min: 0.0, Avg: 0.4, Max: 0.4, Diff: 0.4, Sum: 5.0]
      [GC Worker Other (ms): Min: 0.0, Avg: 0.0, Max: 0.0, Diff: 0.0, Sum: 0.3]
      [GC Worker Total (ms): Min: 100.7, Avg: 100.8, Max: 100.8, Diff: 0.1, Sum: 1310.1]
      [GC Worker End (ms): Min: 65774.8, Avg: 65774.8, Max: 65774.9, Diff: 0.0]
   [Code Root Fixup: 0.4 ms]
   [Code Root Migration: 0.0 ms]
   [Clear CT: 2.4 ms]
   [Other: 11.0 ms]
      [Choose CSet: 0.0 ms]
      [Ref Proc: 6.7 ms]
      [Ref Enq: 0.6 ms]
      [Free CSet: 0.7 ms]
   [Eden: 1056.0M(1056.0M)->0.0B(1056.0M) Survivors: 160.0M->160.0M Heap: 10016.0M(24.0G)->9200.0M(24.0G)]
 [Times: user=1.30 sys=0.05, real=0.12 secs] 
2014-04-09T11:17:32.906+0900: 66.045: [GC concurrent-mark-end, 1.5672325 secs]
2014-04-09T11:17:32.908+0900: 66.047: [GC remark 66.092: [GC ref-proc, 0.0121240 secs], 0.0801856 secs]
 [Times: user=0.81 sys=0.00, real=0.08 secs] 
2014-04-09T11:17:32.990+0900: 66.129: [GC cleanup 9447M->9447M(24G), 0.0187582 secs]
 [Times: user=0.23 sys=0.00, real=0.01 secs] 
2014-04-09T11:17:33.682+0900: 66.821: [GC pause (G1 Evacuation Pause) (young), 0.1177301 secs]
   [Parallel Time: 103.6 ms, GC Workers: 13]
      [GC Worker Start (ms): Min: 66821.1, Avg: 66821.2, Max: 66821.3, Diff: 0.1]
      [Ext Root Scanning (ms): Min: 1.3, Avg: 1.4, Max: 1.7, Diff: 0.4, Sum: 18.3]
      [Update RS (ms): Min: 7.8, Avg: 8.2, Max: 8.5, Diff: 0.7, Sum: 106.5]
         [Processed Buffers: Min: 11, Avg: 18.6, Max: 25, Diff: 14, Sum: 242]
      [Scan RS (ms): Min: 11.3, Avg: 11.6, Max: 11.9, Diff: 0.6, Sum: 150.3]
      [Code Root Scanning (ms): Min: 0.0, Avg: 0.0, Max: 0.0, Diff: 0.0, Sum: 0.0]
      [Object Copy (ms): Min: 81.9, Avg: 82.1, Max: 82.2, Diff: 0.3, Sum: 1067.0]
      [Termination (ms): Min: 0.0, Avg: 0.0, Max: 0.0, Diff: 0.0, Sum: 0.1]
      [GC Worker Other (ms): Min: 0.0, Avg: 0.0, Max: 0.1, Diff: 0.1, Sum: 0.6]
      [GC Worker Total (ms): Min: 103.2, Avg: 103.3, Max: 103.4, Diff: 0.2, Sum: 1342.8]
      [GC Worker End (ms): Min: 66924.4, Avg: 66924.5, Max: 66924.5, Diff: 0.1]
   [Code Root Fixup: 0.4 ms]
   [Code Root Migration: 0.0 ms]
   [Clear CT: 2.5 ms]
   [Other: 11.3 ms]
      [Choose CSet: 0.0 ms]
      [Ref Proc: 6.6 ms]
      [Ref Enq: 0.7 ms]
      [Free CSet: 0.7 ms]
   [Eden: 1056.0M(1056.0M)->0.0B(1056.0M) Survivors: 160.0M->160.0M Heap: 10.0G(24.0G)->9432.0M(24.0G)]
 [Times: user=1.32 sys=0.06, real=0.12 secs] 
2014-04-09T11:17:34.684+0900: 67.823: [GC pause (G1 Evacuation Pause) (mixed), 0.1586354 secs]
   [Parallel Time: 140.3 ms, GC Workers: 13]
      [GC Worker Start (ms): Min: 67823.2, Avg: 67823.3, Max: 67823.4, Diff: 0.1]
      [Ext Root Scanning (ms): Min: 1.0, Avg: 1.4, Max: 1.8, Diff: 0.8, Sum: 18.5]
      [Update RS (ms): Min: 9.7, Avg: 14.6, Max: 30.9, Diff: 21.2, Sum: 189.4]
         [Processed Buffers: Min: 1, Avg: 18.8, Max: 39, Diff: 38, Sum: 245]
      [Scan RS (ms): Min: 6.8, Avg: 23.0, Max: 27.4, Diff: 20.6, Sum: 298.8]
      [Code Root Scanning (ms): Min: 0.0, Avg: 0.0, Max: 0.0, Diff: 0.0, Sum: 0.1]
      [Object Copy (ms): Min: 99.9, Avg: 100.2, Max: 101.0, Diff: 1.1, Sum: 1303.0]
      [Termination (ms): Min: 0.4, Avg: 0.8, Max: 0.9, Diff: 0.5, Sum: 10.1]
      [GC Worker Other (ms): Min: 0.0, Avg: 0.0, Max: 0.0, Diff: 0.0, Sum: 0.3]
      [GC Worker Total (ms): Min: 139.9, Avg: 140.0, Max: 140.1, Diff: 0.1, Sum: 1820.2]
      [GC Worker End (ms): Min: 67963.3, Avg: 67963.3, Max: 67963.3, Diff: 0.0]
   [Code Root Fixup: 0.4 ms]
   [Code Root Migration: 0.0 ms]
   [Clear CT: 2.5 ms]
   [Other: 15.4 ms]
      [Choose CSet: 0.2 ms]
      [Ref Proc: 8.0 ms]
      [Ref Enq: 1.2 ms]
      [Free CSet: 1.4 ms]
   [Eden: 1056.0M(1056.0M)->0.0B(1056.0M) Survivors: 160.0M->160.0M Heap: 10.2G(24.0G)->9072.0M(24.0G)]
 [Times: user=1.79 sys=0.07, real=0.16 secs] 
2014-04-09T11:17:35.741+0900: 68.880: [GC pause (G1 Evacuation Pause) (mixed), 0.1283770 secs]
   [Parallel Time: 112.2 ms, GC Workers: 13]
      [GC Worker Start (ms): Min: 68880.7, Avg: 68880.8, Max: 68880.9, Diff: 0.1]
      [Ext Root Scanning (ms): Min: 1.3, Avg: 1.5, Max: 2.2, Diff: 0.9, Sum: 19.1]
      [Update RS (ms): Min: 8.4, Avg: 9.1, Max: 10.2, Diff: 1.8, Sum: 118.9]
         [Processed Buffers: Min: 7, Avg: 19.7, Max: 39, Diff: 32, Sum: 256]
      [Scan RS (ms): Min: 14.8, Avg: 15.7, Max: 16.1, Diff: 1.3, Sum: 204.0]
      [Code Root Scanning (ms): Min: 0.0, Avg: 0.0, Max: 0.0, Diff: 0.0, Sum: 0.0]
      [Object Copy (ms): Min: 85.3, Avg: 85.5, Max: 85.7, Diff: 0.4, Sum: 1112.1]
      [Termination (ms): Min: 0.0, Avg: 0.0, Max: 0.0, Diff: 0.0, Sum: 0.0]
      [GC Worker Other (ms): Min: 0.0, Avg: 0.0, Max: 0.1, Diff: 0.1, Sum: 0.5]
      [GC Worker Total (ms): Min: 111.8, Avg: 111.9, Max: 112.0, Diff: 0.1, Sum: 1454.7]
      [GC Worker End (ms): Min: 68992.7, Avg: 68992.7, Max: 68992.7, Diff: 0.1]
   [Code Root Fixup: 0.3 ms]
   [Code Root Migration: 0.0 ms]
   [Clear CT: 2.7 ms]
   [Other: 13.1 ms]
      [Choose CSet: 0.1 ms]
      [Ref Proc: 7.3 ms]
      [Ref Enq: 0.9 ms]
      [Free CSet: 0.9 ms]
   [Eden: 1056.0M(1056.0M)->0.0B(1056.0M) Survivors: 160.0M->160.0M Heap: 10128.0M(24.0G)->9176.0M(24.0G)]
 [Times: user=1.46 sys=0.03, real=0.13 secs] 
2014-04-09T11:17:36.769+0900: 69.908: [GC pause (G1 Evacuation Pause) (young), 0.1169571 secs]
   [Parallel Time: 102.4 ms, GC Workers: 13]
      [GC Worker Start (ms): Min: 69908.4, Avg: 69908.5, Max: 69908.6, Diff: 0.1]
      [Ext Root Scanning (ms): Min: 1.2, Avg: 1.3, Max: 1.6, Diff: 0.4, Sum: 17.3]
      [Update RS (ms): Min: 8.8, Avg: 11.4, Max: 35.2, Diff: 26.3, Sum: 147.7]
         [Processed Buffers: Min: 2, Avg: 18.3, Max: 28, Diff: 26, Sum: 238]
      [Scan RS (ms): Min: 0.0, Avg: 11.4, Max: 12.9, Diff: 12.9, Sum: 148.3]
      [Code Root Scanning (ms): Min: 0.0, Avg: 0.0, Max: 0.0, Diff: 0.0, Sum: 0.0]
      [Object Copy (ms): Min: 65.6, Avg: 78.0, Max: 79.2, Diff: 13.6, Sum: 1013.5]
      [Termination (ms): Min: 0.0, Avg: 0.0, Max: 0.0, Diff: 0.0, Sum: 0.0]
      [GC Worker Other (ms): Min: 0.0, Avg: 0.0, Max: 0.1, Diff: 0.1, Sum: 0.5]
      [GC Worker Total (ms): Min: 102.0, Avg: 102.1, Max: 102.2, Diff: 0.1, Sum: 1327.4]
      [GC Worker End (ms): Min: 70010.6, Avg: 70010.6, Max: 70010.6, Diff: 0.1]
   [Code Root Fixup: 0.4 ms]
   [Code Root Migration: 0.0 ms]
   [Clear CT: 2.6 ms]
   [Other: 11.5 ms]
      [Choose CSet: 0.0 ms]
      [Ref Proc: 6.7 ms]
      [Ref Enq: 0.7 ms]
      [Free CSet: 0.7 ms]
   [Eden: 1056.0M(1056.0M)->0.0B(1056.0M) Survivors: 160.0M->160.0M Heap: 10232.0M(24.0G)->9432.0M(24.0G)]
 [Times: user=1.36 sys=0.01, real=0.12 secs] 
2014-04-09T11:17:37.786+0900: 70.925: [GC pause (G1 Evacuation Pause) (young) (initial-mark), 0.1215929 secs]
   [Parallel Time: 106.6 ms, GC Workers: 13]
      [GC Worker Start (ms): Min: 70925.5, Avg: 70925.6, Max: 70925.6, Diff: 0.1]
      [Ext Root Scanning (ms): Min: 1.2, Avg: 1.4, Max: 3.2, Diff: 2.0, Sum: 18.8]
      [Code Root Marking (ms): Min: 0.0, Avg: 0.7, Max: 6.1, Diff: 6.1, Sum: 8.5]
      [Update RS (ms): Min: 3.1, Avg: 8.6, Max: 10.1, Diff: 7.0, Sum: 112.2]
         [Processed Buffers: Min: 8, Avg: 18.1, Max: 31, Diff: 23, Sum: 235]
      [Scan RS (ms): Min: 10.8, Avg: 11.7, Max: 12.1, Diff: 1.3, Sum: 151.9]
      [Code Root Scanning (ms): Min: 0.0, Avg: 0.0, Max: 0.0, Diff: 0.0, Sum: 0.0]
      [Object Copy (ms): Min: 83.7, Avg: 83.9, Max: 84.2, Diff: 0.4, Sum: 1090.2]
      [Termination (ms): Min: 0.0, Avg: 0.0, Max: 0.0, Diff: 0.0, Sum: 0.0]
      [GC Worker Other (ms): Min: 0.0, Avg: 0.0, Max: 0.1, Diff: 0.1, Sum: 0.6]
      [GC Worker Total (ms): Min: 106.2, Avg: 106.3, Max: 106.4, Diff: 0.2, Sum: 1382.2]
      [GC Worker End (ms): Min: 71031.9, Avg: 71031.9, Max: 71031.9, Diff: 0.1]
   [Code Root Fixup: 0.4 ms]
   [Code Root Migration: 0.0 ms]
   [Clear CT: 2.5 ms]
   [Other: 12.1 ms]
      [Choose CSet: 0.0 ms]
      [Ref Proc: 6.8 ms]
      [Ref Enq: 0.6 ms]
      [Free CSet: 0.7 ms]
   [Eden: 1056.0M(1056.0M)->0.0B(1056.0M) Survivors: 160.0M->160.0M Heap: 10.2G(24.0G)->9672.0M(24.0G)]
 [Times: user=1.40 sys=0.01, real=0.12 secs] 
2014-04-09T11:17:37.908+0900: 71.047: [GC concurrent-root-region-scan-start]
2014-04-09T11:17:37.955+0900: 71.094: [GC concurrent-root-region-scan-end, 0.0472303 secs]
2014-04-09T11:17:37.955+0900: 71.094: [GC concurrent-mark-start]
2014-04-09T11:17:39.074+0900: 72.213: [GC pause (G1 Evacuation Pause) (young), 0.1219188 secs]
   [Parallel Time: 107.2 ms, GC Workers: 13]
      [GC Worker Start (ms): Min: 72212.9, Avg: 72213.0, Max: 72213.1, Diff: 0.1]
      [Ext Root Scanning (ms): Min: 1.7, Avg: 4.0, Max: 5.1, Diff: 3.4, Sum: 52.3]
      [SATB Filtering (ms): Min: 0.0, Avg: 0.1, Max: 1.7, Diff: 1.7, Sum: 1.7]
      [Update RS (ms): Min: 7.1, Avg: 8.4, Max: 10.9, Diff: 3.8, Sum: 109.3]
         [Processed Buffers: Min: 8, Avg: 18.4, Max: 35, Diff: 27, Sum: 239]
      [Scan RS (ms): Min: 12.2, Avg: 12.7, Max: 13.2, Diff: 1.0, Sum: 165.0]
      [Code Root Scanning (ms): Min: 0.0, Avg: 0.0, Max: 0.0, Diff: 0.0, Sum: 0.0]
      [Object Copy (ms): Min: 81.5, Avg: 81.7, Max: 81.9, Diff: 0.3, Sum: 1061.7]
      [Termination (ms): Min: 0.0, Avg: 0.0, Max: 0.0, Diff: 0.0, Sum: 0.1]
      [GC Worker Other (ms): Min: 0.0, Avg: 0.0, Max: 0.1, Diff: 0.1, Sum: 0.5]
      [GC Worker Total (ms): Min: 106.9, Avg: 107.0, Max: 107.1, Diff: 0.2, Sum: 1390.7]
      [GC Worker End (ms): Min: 72320.0, Avg: 72320.0, Max: 72320.0, Diff: 0.1]
   [Code Root Fixup: 0.4 ms]
   [Code Root Migration: 0.0 ms]
   [Clear CT: 2.7 ms]
   [Other: 11.5 ms]
      [Choose CSet: 0.0 ms]
      [Ref Proc: 6.6 ms]
      [Ref Enq: 0.7 ms]
      [Free CSet: 0.8 ms]
   [Eden: 1056.0M(1056.0M)->0.0B(1056.0M) Survivors: 160.0M->160.0M Heap: 10.5G(24.0G)->9920.0M(24.0G)]
 [Times: user=1.35 sys=0.04, real=0.12 secs] 
2014-04-09T11:17:39.755+0900: 72.894: [GC concurrent-mark-end, 1.7997899 secs]
2014-04-09T11:17:39.756+0900: 72.895: [GC remark 72.936: [GC ref-proc, 0.0124337 secs], 0.0772877 secs]
 [Times: user=0.77 sys=0.00, real=0.08 secs] 
2014-04-09T11:17:39.835+0900: 72.974: [GC cleanup 10G->10G(24G), 0.0205033 secs]
 [Times: user=0.25 sys=0.00, real=0.02 secs] 
2014-04-09T11:17:40.350+0900: 73.489: [GC pause (G1 Evacuation Pause) (young), 0.1228307 secs]
   [Parallel Time: 108.2 ms, GC Workers: 13]
      [GC Worker Start (ms): Min: 73489.0, Avg: 73489.1, Max: 73489.2, Diff: 0.2]
      [Ext Root Scanning (ms): Min: 0.9, Avg: 1.4, Max: 1.9, Diff: 1.0, Sum: 17.9]
      [Update RS (ms): Min: 7.9, Avg: 8.9, Max: 9.5, Diff: 1.6, Sum: 115.5]
         [Processed Buffers: Min: 12, Avg: 18.1, Max: 38, Diff: 26, Sum: 235]
      [Scan RS (ms): Min: 12.5, Avg: 13.0, Max: 13.5, Diff: 1.0, Sum: 169.3]
      [Code Root Scanning (ms): Min: 0.0, Avg: 0.0, Max: 0.0, Diff: 0.0, Sum: 0.0]
      [Object Copy (ms): Min: 83.9, Avg: 84.2, Max: 84.6, Diff: 0.7, Sum: 1094.0]
      [Termination (ms): Min: 0.0, Avg: 0.4, Max: 0.5, Diff: 0.5, Sum: 5.4]
      [GC Worker Other (ms): Min: 0.0, Avg: 0.0, Max: 0.1, Diff: 0.0, Sum: 0.5]
      [GC Worker Total (ms): Min: 107.8, Avg: 107.9, Max: 108.0, Diff: 0.2, Sum: 1402.7]
      [GC Worker End (ms): Min: 73597.0, Avg: 73597.0, Max: 73597.0, Diff: 0.0]
   [Code Root Fixup: 0.4 ms]
   [Code Root Migration: 0.0 ms]
   [Clear CT: 2.8 ms]
   [Other: 11.4 ms]
      [Choose CSet: 0.0 ms]
      [Ref Proc: 6.7 ms]
      [Ref Enq: 0.6 ms]
      [Free CSet: 0.7 ms]
   [Eden: 1056.0M(1056.0M)->0.0B(1056.0M) Survivors: 160.0M->160.0M Heap: 10.7G(24.0G)->10152.0M(24.0G)]
 [Times: user=1.38 sys=0.06, real=0.13 secs] 
2014-04-09T11:17:41.355+0900: 74.494: [GC pause (G1 Evacuation Pause) (mixed), 0.1546403 secs]
   [Parallel Time: 137.5 ms, GC Workers: 13]
      [GC Worker Start (ms): Min: 74494.2, Avg: 74494.3, Max: 74494.3, Diff: 0.1]
      [Ext Root Scanning (ms): Min: 0.8, Avg: 1.5, Max: 2.1, Diff: 1.3, Sum: 19.0]
      [Update RS (ms): Min: 9.7, Avg: 10.4, Max: 11.4, Diff: 1.7, Sum: 134.9]
         [Processed Buffers: Min: 9, Avg: 18.6, Max: 40, Diff: 31, Sum: 242]
      [Scan RS (ms): Min: 24.4, Avg: 25.5, Max: 25.9, Diff: 1.5, Sum: 331.1]
      [Code Root Scanning (ms): Min: 0.0, Avg: 0.0, Max: 0.0, Diff: 0.0, Sum: 0.1]
      [Object Copy (ms): Min: 99.0, Avg: 99.5, Max: 100.9, Diff: 1.9, Sum: 1293.0]
      [Termination (ms): Min: 0.0, Avg: 0.4, Max: 0.5, Diff: 0.5, Sum: 5.2]
      [GC Worker Other (ms): Min: 0.0, Avg: 0.0, Max: 0.1, Diff: 0.1, Sum: 0.5]
      [GC Worker Total (ms): Min: 137.1, Avg: 137.2, Max: 137.3, Diff: 0.2, Sum: 1783.8]
      [GC Worker End (ms): Min: 74631.5, Avg: 74631.5, Max: 74631.5, Diff: 0.1]
   [Code Root Fixup: 0.4 ms]
   [Code Root Migration: 0.0 ms]
   [Clear CT: 2.8 ms]
   [Other: 14.0 ms]
      [Choose CSet: 0.2 ms]
      [Ref Proc: 6.9 ms]
      [Ref Enq: 0.7 ms]
      [Free CSet: 1.3 ms]
   [Eden: 1056.0M(1056.0M)->0.0B(1056.0M) Survivors: 160.0M->160.0M Heap: 10.9G(24.0G)->9784.0M(24.0G)]
 [Times: user=1.76 sys=0.06, real=0.15 secs] 
2014-04-09T11:17:42.415+0900: 75.554: [GC pause (G1 Evacuation Pause) (mixed), 0.1357271 secs]
   [Parallel Time: 119.2 ms, GC Workers: 13]
      [GC Worker Start (ms): Min: 75554.4, Avg: 75554.5, Max: 75554.6, Diff: 0.1]
      [Ext Root Scanning (ms): Min: 0.9, Avg: 1.5, Max: 2.4, Diff: 1.5, Sum: 18.9]
      [Update RS (ms): Min: 8.1, Avg: 9.2, Max: 10.1, Diff: 2.0, Sum: 120.1]
         [Processed Buffers: Min: 11, Avg: 19.3, Max: 29, Diff: 18, Sum: 251]
      [Scan RS (ms): Min: 15.0, Avg: 15.6, Max: 15.9, Diff: 1.0, Sum: 203.1]
      [Code Root Scanning (ms): Min: 0.0, Avg: 0.0, Max: 0.0, Diff: 0.0, Sum: 0.1]
      [Object Copy (ms): Min: 92.4, Avg: 92.6, Max: 93.1, Diff: 0.7, Sum: 1203.7]
      [Termination (ms): Min: 0.0, Avg: 0.0, Max: 0.0, Diff: 0.0, Sum: 0.1]
      [GC Worker Other (ms): Min: 0.0, Avg: 0.0, Max: 0.1, Diff: 0.1, Sum: 0.5]
      [GC Worker Total (ms): Min: 118.9, Avg: 119.0, Max: 119.0, Diff: 0.2, Sum: 1546.4]
      [GC Worker End (ms): Min: 75673.4, Avg: 75673.4, Max: 75673.5, Diff: 0.1]
   [Code Root Fixup: 0.4 ms]
   [Code Root Migration: 0.0 ms]
   [Clear CT: 2.9 ms]
   [Other: 13.1 ms]
      [Choose CSet: 0.1 ms]
      [Ref Proc: 7.2 ms]
      [Ref Enq: 1.0 ms]
      [Free CSet: 0.9 ms]
   [Eden: 1056.0M(1056.0M)->0.0B(1056.0M) Survivors: 160.0M->160.0M Heap: 10.6G(24.0G)->9896.0M(24.0G)]
 [Times: user=1.54 sys=0.04, real=0.14 secs] 
2014-04-09T11:17:43.447+0900: 76.586: [GC pause (G1 Evacuation Pause) (young), 0.1191042 secs]
   [Parallel Time: 104.9 ms, GC Workers: 13]
      [GC Worker Start (ms): Min: 76586.4, Avg: 76586.5, Max: 76586.5, Diff: 0.1]
      [Ext Root Scanning (ms): Min: 1.2, Avg: 1.3, Max: 1.5, Diff: 0.3, Sum: 17.2]
      [Update RS (ms): Min: 9.9, Avg: 10.4, Max: 12.2, Diff: 2.3, Sum: 135.3]
         [Processed Buffers: Min: 9, Avg: 19.4, Max: 37, Diff: 28, Sum: 252]
      [Scan RS (ms): Min: 9.3, Avg: 11.2, Max: 11.9, Diff: 2.6, Sum: 145.2]
      [Code Root Scanning (ms): Min: 0.0, Avg: 0.0, Max: 0.0, Diff: 0.0, Sum: 0.0]
      [Object Copy (ms): Min: 81.3, Avg: 81.6, Max: 81.8, Diff: 0.4, Sum: 1060.4]
      [Termination (ms): Min: 0.0, Avg: 0.1, Max: 0.1, Diff: 0.1, Sum: 1.4]
      [GC Worker Other (ms): Min: 0.0, Avg: 0.0, Max: 0.1, Diff: 0.1, Sum: 0.4]
      [GC Worker Total (ms): Min: 104.5, Avg: 104.6, Max: 104.7, Diff: 0.2, Sum: 1360.0]
      [GC Worker End (ms): Min: 76691.0, Avg: 76691.1, Max: 76691.1, Diff: 0.1]
   [Code Root Fixup: 0.4 ms]
   [Code Root Migration: 0.0 ms]
   [Clear CT: 2.5 ms]
   [Other: 11.3 ms]
      [Choose CSet: 0.0 ms]
      [Ref Proc: 6.6 ms]
      [Ref Enq: 0.6 ms]
      [Free CSet: 0.6 ms]
   [Eden: 1056.0M(1056.0M)->0.0B(1056.0M) Survivors: 160.0M->160.0M Heap: 10.7G(24.0G)->10136.0M(24.0G)]
 [Times: user=1.39 sys=0.01, real=0.12 secs] 
2014-04-09T11:17:44.444+0900: 77.583: [GC pause (G1 Evacuation Pause) (young) (initial-mark), 0.1217512 secs]
   [Parallel Time: 106.5 ms, GC Workers: 13]
      [GC Worker Start (ms): Min: 77583.8, Avg: 77583.9, Max: 77583.9, Diff: 0.1]
      [Ext Root Scanning (ms): Min: 1.1, Avg: 1.4, Max: 3.7, Diff: 2.6, Sum: 18.4]
      [Code Root Marking (ms): Min: 0.0, Avg: 0.5, Max: 4.4, Diff: 4.4, Sum: 6.7]
      [Update RS (ms): Min: 6.7, Avg: 9.9, Max: 11.5, Diff: 4.8, Sum: 128.9]
         [Processed Buffers: Min: 11, Avg: 18.1, Max: 26, Diff: 15, Sum: 235]
      [Scan RS (ms): Min: 10.3, Avg: 12.1, Max: 12.8, Diff: 2.5, Sum: 157.7]
      [Code Root Scanning (ms): Min: 0.0, Avg: 0.0, Max: 0.0, Diff: 0.0, Sum: 0.0]
      [Object Copy (ms): Min: 82.0, Avg: 82.2, Max: 82.7, Diff: 0.7, Sum: 1068.0]
      [Termination (ms): Min: 0.0, Avg: 0.1, Max: 0.2, Diff: 0.2, Sum: 1.8]
      [GC Worker Other (ms): Min: 0.0, Avg: 0.0, Max: 0.1, Diff: 0.0, Sum: 0.3]
      [GC Worker Total (ms): Min: 106.2, Avg: 106.3, Max: 106.4, Diff: 0.2, Sum: 1381.9]
      [GC Worker End (ms): Min: 77690.1, Avg: 77690.2, Max: 77690.2, Diff: 0.1]
   [Code Root Fixup: 0.4 ms]
   [Code Root Migration: 0.0 ms]
   [Clear CT: 2.8 ms]
   [Other: 12.0 ms]
      [Choose CSet: 0.0 ms]
      [Ref Proc: 6.8 ms]
      [Ref Enq: 0.7 ms]
      [Free CSet: 0.6 ms]
   [Eden: 1056.0M(1056.0M)->0.0B(1056.0M) Survivors: 160.0M->160.0M Heap: 10.9G(24.0G)->10.1G(24.0G)]
 [Times: user=1.40 sys=0.02, real=0.12 secs] 
2014-04-09T11:17:44.566+0900: 77.705: [GC concurrent-root-region-scan-start]
2014-04-09T11:17:44.612+0900: 77.751: [GC concurrent-root-region-scan-end, 0.0456205 secs]
2014-04-09T11:17:44.612+0900: 77.751: [GC concurrent-mark-start]
2014-04-09T11:17:45.763+0900: 78.902: [GC pause (G1 Evacuation Pause) (young), 0.1177211 secs]
   [Parallel Time: 102.6 ms, GC Workers: 13]
      [GC Worker Start (ms): Min: 78901.9, Avg: 78902.0, Max: 78902.1, Diff: 0.1]
      [Ext Root Scanning (ms): Min: 1.4, Avg: 1.5, Max: 1.6, Diff: 0.3, Sum: 19.4]
      [SATB Filtering (ms): Min: 0.0, Avg: 0.1, Max: 1.6, Diff: 1.6, Sum: 1.6]
      [Update RS (ms): Min: 7.8, Avg: 9.2, Max: 9.9, Diff: 2.2, Sum: 119.6]
         [Processed Buffers: Min: 11, Avg: 18.3, Max: 24, Diff: 13, Sum: 238]
      [Scan RS (ms): Min: 11.9, Avg: 12.6, Max: 13.0, Diff: 1.1, Sum: 163.2]
      [Code Root Scanning (ms): Min: 0.0, Avg: 0.0, Max: 0.0, Diff: 0.0, Sum: 0.0]
      [Object Copy (ms): Min: 78.3, Avg: 78.5, Max: 79.0, Diff: 0.7, Sum: 1020.4]
      [Termination (ms): Min: 0.0, Avg: 0.4, Max: 0.5, Diff: 0.5, Sum: 5.2]
      [GC Worker Other (ms): Min: 0.0, Avg: 0.0, Max: 0.1, Diff: 0.1, Sum: 0.5]
      [GC Worker Total (ms): Min: 102.3, Avg: 102.3, Max: 102.4, Diff: 0.1, Sum: 1330.1]
      [GC Worker End (ms): Min: 79004.3, Avg: 79004.3, Max: 79004.4, Diff: 0.1]
   [Code Root Fixup: 0.4 ms]
   [Code Root Migration: 0.0 ms]
   [Clear CT: 2.8 ms]
   [Other: 12.0 ms]
      [Choose CSet: 0.0 ms]
      [Ref Proc: 7.0 ms]
      [Ref Enq: 0.7 ms]
      [Free CSet: 0.6 ms]
   [Eden: 1056.0M(1056.0M)->0.0B(1056.0M) Survivors: 160.0M->160.0M Heap: 11.2G(24.0G)->10.4G(24.0G)]
 [Times: user=1.35 sys=0.02, real=0.11 secs] 
2014-04-09T11:17:46.351+0900: 79.490: [GC concurrent-mark-end, 1.7389919 secs]
2014-04-09T11:17:46.352+0900: 79.491: [GC remark 79.534: [GC ref-proc, 0.0116467 secs], 0.0804493 secs]
 [Times: user=0.82 sys=0.00, real=0.08 secs] 
2014-04-09T11:17:46.434+0900: 79.573: [GC cleanup 10G->10G(24G), 0.0219316 secs]
 [Times: user=0.27 sys=0.00, real=0.02 secs] 
2014-04-09T11:17:46.999+0900: 80.139: [GC pause (G1 Evacuation Pause) (young), 0.1257607 secs]
   [Parallel Time: 111.0 ms, GC Workers: 13]
      [GC Worker Start (ms): Min: 80138.9, Avg: 80139.0, Max: 80139.1, Diff: 0.1]
      [Ext Root Scanning (ms): Min: 1.3, Avg: 1.4, Max: 1.7, Diff: 0.4, Sum: 18.1]
      [Update RS (ms): Min: 9.4, Avg: 9.9, Max: 11.4, Diff: 2.0, Sum: 128.4]
         [Processed Buffers: Min: 10, Avg: 18.8, Max: 27, Diff: 17, Sum: 244]
      [Scan RS (ms): Min: 10.7, Avg: 12.3, Max: 12.9, Diff: 2.2, Sum: 160.2]
      [Code Root Scanning (ms): Min: 0.0, Avg: 0.0, Max: 0.0, Diff: 0.0, Sum: 0.0]
      [Object Copy (ms): Min: 86.9, Avg: 87.1, Max: 87.3, Diff: 0.4, Sum: 1132.2]
      [Termination (ms): Min: 0.0, Avg: 0.0, Max: 0.0, Diff: 0.0, Sum: 0.2]
      [GC Worker Other (ms): Min: 0.0, Avg: 0.0, Max: 0.1, Diff: 0.1, Sum: 0.6]
      [GC Worker Total (ms): Min: 110.6, Avg: 110.7, Max: 110.8, Diff: 0.2, Sum: 1439.6]
      [GC Worker End (ms): Min: 80249.7, Avg: 80249.8, Max: 80249.8, Diff: 0.1]
   [Code Root Fixup: 0.4 ms]
   [Code Root Migration: 0.0 ms]
   [Clear CT: 2.7 ms]
   [Other: 11.6 ms]
      [Choose CSet: 0.0 ms]
      [Ref Proc: 6.6 ms]
      [Ref Enq: 0.8 ms]
      [Free CSet: 0.6 ms]
   [Eden: 1056.0M(1056.0M)->0.0B(1056.0M) Survivors: 160.0M->160.0M Heap: 11.4G(24.0G)->10.6G(24.0G)]
 [Times: user=1.42 sys=0.06, real=0.13 secs] 
2014-04-09T11:17:47.996+0900: 81.135: [GC pause (G1 Evacuation Pause) (mixed), 0.1550025 secs]
   [Parallel Time: 136.9 ms, GC Workers: 13]
      [GC Worker Start (ms): Min: 81136.1, Avg: 81136.1, Max: 81136.2, Diff: 0.2]
      [Ext Root Scanning (ms): Min: 1.2, Avg: 1.3, Max: 1.9, Diff: 0.6, Sum: 17.5]
      [Update RS (ms): Min: 8.9, Avg: 10.6, Max: 11.6, Diff: 2.8, Sum: 137.8]
         [Processed Buffers: Min: 12, Avg: 20.9, Max: 39, Diff: 27, Sum: 272]
      [Scan RS (ms): Min: 24.4, Avg: 25.5, Max: 26.1, Diff: 1.8, Sum: 331.0]
      [Code Root Scanning (ms): Min: 0.0, Avg: 0.0, Max: 0.0, Diff: 0.0, Sum: 0.1]
      [Object Copy (ms): Min: 98.7, Avg: 99.2, Max: 100.3, Diff: 1.6, Sum: 1289.7]
      [Termination (ms): Min: 0.0, Avg: 0.0, Max: 0.0, Diff: 0.0, Sum: 0.1]
      [GC Worker Other (ms): Min: 0.0, Avg: 0.0, Max: 0.1, Diff: 0.1, Sum: 0.5]
      [GC Worker Total (ms): Min: 136.6, Avg: 136.7, Max: 136.8, Diff: 0.2, Sum: 1776.6]
      [GC Worker End (ms): Min: 81272.8, Avg: 81272.8, Max: 81272.8, Diff: 0.1]
   [Code Root Fixup: 0.3 ms]
   [Code Root Migration: 0.0 ms]
   [Clear CT: 2.7 ms]
   [Other: 15.0 ms]
      [Choose CSet: 0.2 ms]
      [Ref Proc: 7.2 ms]
      [Ref Enq: 1.0 ms]
      [Free CSet: 1.4 ms]
   [Eden: 1056.0M(1056.0M)->0.0B(1056.0M) Survivors: 160.0M->160.0M Heap: 11.6G(24.0G)->10.2G(24.0G)]
 [Times: user=1.73 sys=0.09, real=0.16 secs] 
2014-04-09T11:17:49.062+0900: 82.201: [GC pause (G1 Evacuation Pause) (mixed), 0.1328204 secs]
   [Parallel Time: 116.1 ms, GC Workers: 13]
      [GC Worker Start (ms): Min: 82201.2, Avg: 82201.3, Max: 82201.3, Diff: 0.1]
      [Ext Root Scanning (ms): Min: 0.8, Avg: 1.4, Max: 2.0, Diff: 1.2, Sum: 17.8]
      [Update RS (ms): Min: 7.4, Avg: 8.3, Max: 10.4, Diff: 3.0, Sum: 108.5]
         [Processed Buffers: Min: 7, Avg: 17.1, Max: 30, Diff: 23, Sum: 222]
      [Scan RS (ms): Min: 15.7, Avg: 17.7, Max: 19.1, Diff: 3.4, Sum: 229.8]
      [Code Root Scanning (ms): Min: 0.0, Avg: 0.0, Max: 0.0, Diff: 0.0, Sum: 0.0]
      [Object Copy (ms): Min: 87.3, Avg: 88.4, Max: 88.9, Diff: 1.6, Sum: 1149.1]
      [Termination (ms): Min: 0.0, Avg: 0.0, Max: 0.0, Diff: 0.0, Sum: 0.2]
      [GC Worker Other (ms): Min: 0.0, Avg: 0.0, Max: 0.1, Diff: 0.0, Sum: 0.4]
      [GC Worker Total (ms): Min: 115.8, Avg: 115.8, Max: 115.9, Diff: 0.2, Sum: 1505.9]
      [GC Worker End (ms): Min: 82317.1, Avg: 82317.1, Max: 82317.1, Diff: 0.0]
   [Code Root Fixup: 0.3 ms]
   [Code Root Migration: 0.0 ms]
   [Clear CT: 2.9 ms]
   [Other: 13.4 ms]
      [Choose CSet: 0.1 ms]
      [Ref Proc: 7.1 ms]
      [Ref Enq: 1.0 ms]
      [Free CSet: 0.9 ms]
   [Eden: 1056.0M(1056.0M)->0.0B(1056.0M) Survivors: 160.0M->160.0M Heap: 11.3G(24.0G)->10.3G(24.0G)]
 [Times: user=1.52 sys=0.03, real=0.13 secs] 
2014-04-09T11:17:50.113+0900: 83.253: [GC pause (G1 Evacuation Pause) (young), 0.1269968 secs]
   [Parallel Time: 111.5 ms, GC Workers: 13]
      [GC Worker Start (ms): Min: 83252.9, Avg: 83253.0, Max: 83253.1, Diff: 0.1]
      [Ext Root Scanning (ms): Min: 1.3, Avg: 1.4, Max: 1.6, Diff: 0.3, Sum: 18.0]
      [Update RS (ms): Min: 11.4, Avg: 14.5, Max: 32.7, Diff: 21.3, Sum: 188.8]
         [Processed Buffers: Min: 0, Avg: 18.9, Max: 40, Diff: 40, Sum: 246]
      [Scan RS (ms): Min: 0.0, Avg: 12.1, Max: 14.7, Diff: 14.6, Sum: 157.7]
      [Code Root Scanning (ms): Min: 0.0, Avg: 0.0, Max: 0.0, Diff: 0.0, Sum: 0.0]
      [Object Copy (ms): Min: 77.2, Avg: 83.3, Max: 84.1, Diff: 6.8, Sum: 1082.3]
      [Termination (ms): Min: 0.0, Avg: 0.0, Max: 0.0, Diff: 0.0, Sum: 0.1]
      [GC Worker Other (ms): Min: 0.0, Avg: 0.0, Max: 0.1, Diff: 0.1, Sum: 0.5]
      [GC Worker Total (ms): Min: 111.2, Avg: 111.3, Max: 111.4, Diff: 0.2, Sum: 1447.4]
      [GC Worker End (ms): Min: 83364.3, Avg: 83364.3, Max: 83364.4, Diff: 0.1]
   [Code Root Fixup: 0.4 ms]
   [Code Root Migration: 0.0 ms]
   [Clear CT: 2.7 ms]
   [Other: 12.3 ms]
      [Choose CSet: 0.0 ms]
      [Ref Proc: 7.0 ms]
      [Ref Enq: 0.8 ms]
      [Free CSet: 0.7 ms]
   [Eden: 1056.0M(1056.0M)->0.0B(1056.0M) Survivors: 160.0M->160.0M Heap: 11.4G(24.0G)->10.6G(24.0G)]
 [Times: user=1.48 sys=0.01, real=0.12 secs] 
2014-04-09T11:17:51.132+0900: 84.271: [GC pause (G1 Evacuation Pause) (young) (initial-mark), 0.1219547 secs]
   [Parallel Time: 106.5 ms, GC Workers: 13]
      [GC Worker Start (ms): Min: 84271.3, Avg: 84271.4, Max: 84271.5, Diff: 0.2]
      [Ext Root Scanning (ms): Min: 1.1, Avg: 1.3, Max: 2.6, Diff: 1.5, Sum: 17.0]
      [Code Root Marking (ms): Min: 0.0, Avg: 0.5, Max: 4.3, Diff: 4.2, Sum: 7.1]
      [Update RS (ms): Min: 6.2, Avg: 10.3, Max: 12.2, Diff: 6.0, Sum: 133.4]
         [Processed Buffers: Min: 10, Avg: 19.9, Max: 32, Diff: 22, Sum: 259]
      [Scan RS (ms): Min: 11.6, Avg: 12.9, Max: 13.6, Diff: 1.9, Sum: 167.6]
      [Code Root Scanning (ms): Min: 0.0, Avg: 0.0, Max: 0.0, Diff: 0.0, Sum: 0.0]
      [Object Copy (ms): Min: 80.7, Avg: 80.9, Max: 81.3, Diff: 0.7, Sum: 1051.4]
      [Termination (ms): Min: 0.0, Avg: 0.3, Max: 0.3, Diff: 0.3, Sum: 3.9]
      [GC Worker Other (ms): Min: 0.0, Avg: 0.0, Max: 0.1, Diff: 0.0, Sum: 0.4]
      [GC Worker Total (ms): Min: 106.1, Avg: 106.2, Max: 106.3, Diff: 0.2, Sum: 1380.8]
      [GC Worker End (ms): Min: 84377.6, Avg: 84377.6, Max: 84377.6, Diff: 0.0]
   [Code Root Fixup: 0.4 ms]
   [Code Root Migration: 0.0 ms]
   [Clear CT: 2.9 ms]
   [Other: 12.2 ms]
      [Choose CSet: 0.0 ms]
      [Ref Proc: 6.9 ms]
      [Ref Enq: 0.7 ms]
      [Free CSet: 0.6 ms]
   [Eden: 1056.0M(1056.0M)->0.0B(1056.0M) Survivors: 160.0M->160.0M Heap: 11.6G(24.0G)->10.8G(24.0G)]
 [Times: user=1.40 sys=0.02, real=0.12 secs] 
2014-04-09T11:17:51.254+0900: 84.393: [GC concurrent-root-region-scan-start]
2014-04-09T11:17:51.309+0900: 84.448: [GC concurrent-root-region-scan-end, 0.0549537 secs]
2014-04-09T11:17:51.309+0900: 84.448: [GC concurrent-mark-start]
2014-04-09T11:17:52.470+0900: 85.609: [GC pause (G1 Evacuation Pause) (young), 0.2867649 secs]
   [Parallel Time: 271.6 ms, GC Workers: 13]
      [GC Worker Start (ms): Min: 85609.4, Avg: 85609.4, Max: 85609.5, Diff: 0.1]
      [Ext Root Scanning (ms): Min: 1.3, Avg: 1.4, Max: 2.0, Diff: 0.7, Sum: 18.4]
      [SATB Filtering (ms): Min: 0.0, Avg: 0.3, Max: 3.8, Diff: 3.8, Sum: 3.8]
      [Update RS (ms): Min: 11.6, Avg: 16.0, Max: 19.8, Diff: 8.2, Sum: 207.6]
         [Processed Buffers: Min: 11, Avg: 21.0, Max: 45, Diff: 34, Sum: 273]
      [Scan RS (ms): Min: 61.0, Avg: 63.9, Max: 65.1, Diff: 4.1, Sum: 830.4]
      [Code Root Scanning (ms): Min: 0.0, Avg: 0.0, Max: 0.0, Diff: 0.0, Sum: 0.1]
      [Object Copy (ms): Min: 188.5, Avg: 189.2, Max: 190.5, Diff: 2.0, Sum: 2460.1]
      [Termination (ms): Min: 0.1, Avg: 0.5, Max: 0.6, Diff: 0.5, Sum: 6.9]
      [GC Worker Other (ms): Min: 0.0, Avg: 0.0, Max: 0.1, Diff: 0.0, Sum: 0.4]
      [GC Worker Total (ms): Min: 271.3, Avg: 271.4, Max: 271.4, Diff: 0.1, Sum: 3527.6]
      [GC Worker End (ms): Min: 85880.8, Avg: 85880.8, Max: 85880.8, Diff: 0.0]
   [Code Root Fixup: 0.3 ms]
   [Code Root Migration: 0.0 ms]
   [Clear CT: 3.0 ms]
   [Other: 11.8 ms]
      [Choose CSet: 0.0 ms]
      [Ref Proc: 6.9 ms]
      [Ref Enq: 0.8 ms]
      [Free CSet: 0.6 ms]
   [Eden: 1056.0M(1056.0M)->0.0B(1056.0M) Survivors: 160.0M->160.0M Heap: 11.8G(24.0G)->11.0G(24.0G)]
 [Times: user=3.09 sys=0.09, real=0.29 secs] 
2014-04-09T11:17:53.410+0900: 86.549: [GC concurrent-mark-end, 2.1009953 secs]
2014-04-09T11:17:53.411+0900: 86.550: [GC remark 86.596: [GC ref-proc, 0.0137820 secs], 0.0877682 secs]
 [Times: user=0.88 sys=0.00, real=0.09 secs] 
2014-04-09T11:17:53.501+0900: 86.640: [GC cleanup 11G->11G(24G), 0.0236911 secs]
 [Times: user=0.29 sys=0.00, real=0.03 secs] 
2014-04-09T11:17:53.946+0900: 87.085: [GC pause (G1 Evacuation Pause) (young), 0.1998218 secs]
   [Parallel Time: 183.5 ms, GC Workers: 13]
      [GC Worker Start (ms): Min: 87085.7, Avg: 87085.7, Max: 87085.8, Diff: 0.1]
      [Ext Root Scanning (ms): Min: 0.9, Avg: 1.4, Max: 2.4, Diff: 1.5, Sum: 18.6]
      [Update RS (ms): Min: 4.9, Avg: 5.7, Max: 7.2, Diff: 2.4, Sum: 73.6]
         [Processed Buffers: Min: 8, Avg: 17.9, Max: 29, Diff: 21, Sum: 233]
      [Scan RS (ms): Min: 27.1, Avg: 28.5, Max: 28.9, Diff: 1.8, Sum: 370.7]
      [Code Root Scanning (ms): Min: 0.0, Avg: 0.0, Max: 0.0, Diff: 0.0, Sum: 0.0]
      [Object Copy (ms): Min: 146.7, Avg: 147.0, Max: 147.8, Diff: 1.1, Sum: 1911.2]
      [Termination (ms): Min: 0.0, Avg: 0.5, Max: 0.6, Diff: 0.6, Sum: 6.7]
      [GC Worker Other (ms): Min: 0.0, Avg: 0.0, Max: 0.1, Diff: 0.1, Sum: 0.5]
      [GC Worker Total (ms): Min: 183.1, Avg: 183.2, Max: 183.3, Diff: 0.1, Sum: 2381.4]
      [GC Worker End (ms): Min: 87268.9, Avg: 87268.9, Max: 87269.0, Diff: 0.1]
   [Code Root Fixup: 0.4 ms]
   [Code Root Migration: 0.0 ms]
   [Clear CT: 2.9 ms]
   [Other: 13.1 ms]
      [Choose CSet: 0.0 ms]
      [Ref Proc: 7.9 ms]
      [Ref Enq: 1.0 ms]
      [Free CSet: 0.6 ms]
   [Eden: 1056.0M(1056.0M)->0.0B(1056.0M) Survivors: 160.0M->160.0M Heap: 12.1G(24.0G)->11.3G(24.0G)]
 [Times: user=2.38 sys=0.04, real=0.20 secs] 
2014-04-09T11:17:55.155+0900: 88.294: [GC pause (G1 Evacuation Pause) (mixed), 0.1694545 secs]
   [Parallel Time: 149.5 ms, GC Workers: 13]
      [GC Worker Start (ms): Min: 88295.1, Avg: 88295.2, Max: 88295.2, Diff: 0.1]
      [Ext Root Scanning (ms): Min: 0.9, Avg: 1.4, Max: 2.3, Diff: 1.4, Sum: 18.8]
      [Update RS (ms): Min: 6.9, Avg: 8.0, Max: 8.5, Diff: 1.5, Sum: 103.5]
         [Processed Buffers: Min: 8, Avg: 18.2, Max: 30, Diff: 22, Sum: 237]
      [Scan RS (ms): Min: 31.1, Avg: 31.6, Max: 32.4, Diff: 1.4, Sum: 411.4]
      [Code Root Scanning (ms): Min: 0.0, Avg: 0.0, Max: 0.0, Diff: 0.0, Sum: 0.1]
      [Object Copy (ms): Min: 106.9, Avg: 107.7, Max: 108.3, Diff: 1.4, Sum: 1400.6]
      [Termination (ms): Min: 0.0, Avg: 0.4, Max: 0.5, Diff: 0.5, Sum: 5.7]
      [GC Worker Other (ms): Min: 0.0, Avg: 0.0, Max: 0.1, Diff: 0.1, Sum: 0.6]
      [GC Worker Total (ms): Min: 149.2, Avg: 149.3, Max: 149.4, Diff: 0.2, Sum: 1940.6]
      [GC Worker End (ms): Min: 88444.4, Avg: 88444.4, Max: 88444.5, Diff: 0.1]
   [Code Root Fixup: 0.4 ms]
   [Code Root Migration: 0.0 ms]
   [Clear CT: 3.2 ms]
   [Other: 16.3 ms]
      [Choose CSet: 0.3 ms]
      [Ref Proc: 8.6 ms]
      [Ref Enq: 1.3 ms]
      [Free CSet: 1.3 ms]
   [Eden: 1056.0M(1056.0M)->0.0B(1056.0M) Survivors: 160.0M->160.0M Heap: 12.3G(24.0G)->10.9G(24.0G)]
 [Times: user=1.89 sys=0.09, real=0.17 secs] 
2014-04-09T11:17:56.236+0900: 89.375: [GC pause (G1 Evacuation Pause) (mixed), 0.1654497 secs]
   [Parallel Time: 148.4 ms, GC Workers: 13]
      [GC Worker Start (ms): Min: 89375.4, Avg: 89375.5, Max: 89375.6, Diff: 0.2]
      [Ext Root Scanning (ms): Min: 1.8, Avg: 2.3, Max: 3.2, Diff: 1.4, Sum: 29.5]
      [Update RS (ms): Min: 11.0, Avg: 23.7, Max: 53.7, Diff: 42.6, Sum: 307.8]
         [Processed Buffers: Min: 1, Avg: 17.6, Max: 37, Diff: 36, Sum: 229]
      [Scan RS (ms): Min: 0.0, Avg: 23.1, Max: 33.9, Diff: 33.9, Sum: 300.7]
      [Code Root Scanning (ms): Min: 0.0, Avg: 0.0, Max: 0.0, Diff: 0.0, Sum: 0.0]
      [Object Copy (ms): Min: 92.2, Avg: 99.0, Max: 101.0, Diff: 8.8, Sum: 1287.1]
      [Termination (ms): Min: 0.0, Avg: 0.0, Max: 0.0, Diff: 0.0, Sum: 0.0]
      [GC Worker Other (ms): Min: 0.0, Avg: 0.0, Max: 0.1, Diff: 0.1, Sum: 0.6]
      [GC Worker Total (ms): Min: 148.0, Avg: 148.1, Max: 148.2, Diff: 0.2, Sum: 1925.8]
      [GC Worker End (ms): Min: 89523.6, Avg: 89523.7, Max: 89523.7, Diff: 0.1]
   [Code Root Fixup: 0.4 ms]
   [Code Root Migration: 0.0 ms]
   [Clear CT: 3.0 ms]
   [Other: 13.7 ms]
      [Choose CSet: 0.1 ms]
      [Ref Proc: 7.7 ms]
      [Ref Enq: 0.9 ms]
      [Free CSet: 0.9 ms]
   [Eden: 1056.0M(1056.0M)->0.0B(1056.0M) Survivors: 160.0M->160.0M Heap: 12.0G(24.0G)->11.0G(24.0G)]
 [Times: user=1.93 sys=0.04, real=0.16 secs] 
2014-04-09T11:17:57.294+0900: 90.433: [GC pause (G1 Evacuation Pause) (young), 0.1148270 secs]
   [Parallel Time: 100.9 ms, GC Workers: 13]
      [GC Worker Start (ms): Min: 90433.2, Avg: 90433.3, Max: 90433.4, Diff: 0.1]
      [Ext Root Scanning (ms): Min: 1.3, Avg: 1.4, Max: 2.0, Diff: 0.8, Sum: 18.4]
      [Update RS (ms): Min: 8.9, Avg: 9.6, Max: 11.3, Diff: 2.4, Sum: 124.9]
         [Processed Buffers: Min: 9, Avg: 18.3, Max: 36, Diff: 27, Sum: 238]
      [Scan RS (ms): Min: 9.1, Avg: 10.8, Max: 11.5, Diff: 2.4, Sum: 140.4]
      [Code Root Scanning (ms): Min: 0.0, Avg: 0.0, Max: 0.0, Diff: 0.0, Sum: 0.0]
      [Object Copy (ms): Min: 78.4, Avg: 78.6, Max: 78.8, Diff: 0.4, Sum: 1022.4]
      [Termination (ms): Min: 0.0, Avg: 0.0, Max: 0.0, Diff: 0.0, Sum: 0.1]
      [GC Worker Other (ms): Min: 0.0, Avg: 0.0, Max: 0.1, Diff: 0.1, Sum: 0.5]
      [GC Worker Total (ms): Min: 100.4, Avg: 100.5, Max: 100.6, Diff: 0.1, Sum: 1306.7]
      [GC Worker End (ms): Min: 90533.8, Avg: 90533.8, Max: 90533.8, Diff: 0.1]
   [Code Root Fixup: 0.3 ms]
   [Code Root Migration: 0.0 ms]
   [Clear CT: 3.1 ms]
   [Other: 10.6 ms]
      [Choose CSet: 0.0 ms]
      [Ref Proc: 6.7 ms]
      [Ref Enq: 0.7 ms]
      [Free CSet: 0.6 ms]
   [Eden: 1056.0M(1056.0M)->0.0B(1056.0M) Survivors: 160.0M->160.0M Heap: 12.0G(24.0G)->11.2G(24.0G)]
 [Times: user=1.34 sys=0.00, real=0.11 secs] 
2014-04-09T11:17:58.301+0900: 91.440: [GC pause (G1 Evacuation Pause) (young) (initial-mark), 0.1244470 secs]
   [Parallel Time: 108.8 ms, GC Workers: 13]
      [GC Worker Start (ms): Min: 91440.2, Avg: 91440.3, Max: 91440.4, Diff: 0.1]
      [Ext Root Scanning (ms): Min: 1.1, Avg: 1.4, Max: 3.2, Diff: 2.1, Sum: 18.6]
      [Code Root Marking (ms): Min: 0.0, Avg: 0.7, Max: 6.2, Diff: 6.2, Sum: 9.1]
      [Update RS (ms): Min: 6.8, Avg: 9.9, Max: 11.1, Diff: 4.2, Sum: 129.3]
         [Processed Buffers: Min: 9, Avg: 18.5, Max: 27, Diff: 18, Sum: 240]
      [Scan RS (ms): Min: 8.8, Avg: 11.0, Max: 11.7, Diff: 2.8, Sum: 142.8]
      [Code Root Scanning (ms): Min: 0.0, Avg: 0.0, Max: 0.0, Diff: 0.0, Sum: 0.0]
      [Object Copy (ms): Min: 85.3, Avg: 85.4, Max: 85.6, Diff: 0.4, Sum: 1110.8]
      [Termination (ms): Min: 0.0, Avg: 0.0, Max: 0.0, Diff: 0.0, Sum: 0.1]
      [GC Worker Other (ms): Min: 0.0, Avg: 0.0, Max: 0.1, Diff: 0.1, Sum: 0.6]
      [GC Worker Total (ms): Min: 108.5, Avg: 108.6, Max: 108.7, Diff: 0.2, Sum: 1411.2]
      [GC Worker End (ms): Min: 91548.8, Avg: 91548.8, Max: 91548.9, Diff: 0.1]
   [Code Root Fixup: 0.4 ms]
   [Code Root Migration: 0.0 ms]
   [Clear CT: 3.3 ms]
   [Other: 12.0 ms]
      [Choose CSet: 0.0 ms]
      [Ref Proc: 7.1 ms]
      [Ref Enq: 0.7 ms]
      [Free CSet: 0.7 ms]
   [Eden: 1056.0M(1056.0M)->0.0B(1056.0M) Survivors: 160.0M->160.0M Heap: 12.2G(24.0G)->11.4G(24.0G)]
 [Times: user=1.45 sys=0.01, real=0.13 secs] 
2014-04-09T11:17:58.425+0900: 91.564: [GC concurrent-root-region-scan-start]
2014-04-09T11:17:58.472+0900: 91.611: [GC concurrent-root-region-scan-end, 0.0467397 secs]
2014-04-09T11:17:58.472+0900: 91.611: [GC concurrent-mark-start]
2014-04-09T11:17:59.579+0900: 92.718: [GC pause (G1 Evacuation Pause) (young), 0.1171668 secs]
   [Parallel Time: 102.7 ms, GC Workers: 13]
      [GC Worker Start (ms): Min: 92718.7, Avg: 92718.8, Max: 92718.9, Diff: 0.1]
      [Ext Root Scanning (ms): Min: 1.3, Avg: 1.4, Max: 2.0, Diff: 0.7, Sum: 18.8]
      [SATB Filtering (ms): Min: 0.0, Avg: 0.2, Max: 2.2, Diff: 2.2, Sum: 2.2]
      [Update RS (ms): Min: 8.3, Avg: 10.3, Max: 11.2, Diff: 2.9, Sum: 133.3]
         [Processed Buffers: Min: 9, Avg: 19.2, Max: 34, Diff: 25, Sum: 249]
      [Scan RS (ms): Min: 10.1, Avg: 11.1, Max: 11.7, Diff: 1.7, Sum: 143.8]
      [Code Root Scanning (ms): Min: 0.0, Avg: 0.0, Max: 0.0, Diff: 0.0, Sum: 0.0]
      [Object Copy (ms): Min: 79.4, Avg: 79.5, Max: 79.8, Diff: 0.4, Sum: 1033.2]
      [Termination (ms): Min: 0.0, Avg: 0.0, Max: 0.0, Diff: 0.0, Sum: 0.1]
      [GC Worker Other (ms): Min: 0.0, Avg: 0.0, Max: 0.1, Diff: 0.1, Sum: 0.5]
      [GC Worker Total (ms): Min: 102.4, Avg: 102.5, Max: 102.6, Diff: 0.2, Sum: 1331.9]
      [GC Worker End (ms): Min: 92821.3, Avg: 92821.3, Max: 92821.3, Diff: 0.1]
   [Code Root Fixup: 0.3 ms]
   [Code Root Migration: 0.0 ms]
   [Clear CT: 3.0 ms]
   [Other: 11.0 ms]
      [Choose CSet: 0.0 ms]
      [Ref Proc: 6.9 ms]
      [Ref Enq: 0.8 ms]
      [Free CSet: 0.6 ms]
   [Eden: 1056.0M(1056.0M)->0.0B(1056.0M) Survivors: 160.0M->160.0M Heap: 12.5G(24.0G)->11.7G(24.0G)]
 [Times: user=1.36 sys=0.01, real=0.12 secs] 
2014-04-09T11:18:00.786+0900: 93.925: [GC concurrent-mark-end, 2.3135021 secs]
2014-04-09T11:18:00.787+0900: 93.926: [GC remark 93.958: [GC ref-proc, 0.0128874 secs], 0.0775547 secs]
 [Times: user=0.77 sys=0.00, real=0.08 secs] 
2014-04-09T11:18:00.866+0900: 94.006: [GC cleanup 12G->12G(24G), 0.0322042 secs]
 [Times: user=0.38 sys=0.00, real=0.03 secs] 
2014-04-09T11:18:00.943+0900: 94.082: [GC pause (G1 Evacuation Pause) (young), 0.1208602 secs]
   [Parallel Time: 106.6 ms, GC Workers: 13]
      [GC Worker Start (ms): Min: 94082.6, Avg: 94082.6, Max: 94082.7, Diff: 0.2]
      [Ext Root Scanning (ms): Min: 1.0, Avg: 1.4, Max: 1.6, Diff: 0.6, Sum: 18.4]
      [Update RS (ms): Min: 8.9, Avg: 9.5, Max: 10.6, Diff: 1.8, Sum: 123.8]
         [Processed Buffers: Min: 10, Avg: 19.0, Max: 31, Diff: 21, Sum: 247]
      [Scan RS (ms): Min: 9.1, Avg: 10.4, Max: 10.8, Diff: 1.8, Sum: 134.9]
      [Code Root Scanning (ms): Min: 0.0, Avg: 0.0, Max: 0.0, Diff: 0.0, Sum: 0.0]
      [Object Copy (ms): Min: 84.5, Avg: 84.7, Max: 85.0, Diff: 0.5, Sum: 1101.2]
      [Termination (ms): Min: 0.1, Avg: 0.4, Max: 0.4, Diff: 0.3, Sum: 4.7]
      [GC Worker Other (ms): Min: 0.0, Avg: 0.0, Max: 0.1, Diff: 0.1, Sum: 0.4]
      [GC Worker Total (ms): Min: 106.3, Avg: 106.4, Max: 106.5, Diff: 0.2, Sum: 1383.5]
      [GC Worker End (ms): Min: 94189.0, Avg: 94189.0, Max: 94189.1, Diff: 0.1]
   [Code Root Fixup: 0.4 ms]
   [Code Root Migration: 0.0 ms]
   [Clear CT: 3.1 ms]
   [Other: 10.8 ms]
      [Choose CSet: 0.0 ms]
      [Ref Proc: 6.6 ms]
      [Ref Enq: 0.7 ms]
      [Free CSet: 0.7 ms]
   [Eden: 1056.0M(1056.0M)->0.0B(1056.0M) Survivors: 160.0M->160.0M Heap: 12.7G(24.0G)->11.9G(24.0G)]
 [Times: user=1.37 sys=0.05, real=0.13 secs] 
2014-04-09T11:18:01.961+0900: 95.100: [GC pause (G1 Evacuation Pause) (mixed), 0.1755515 secs]
   [Parallel Time: 156.2 ms, GC Workers: 13]
      [GC Worker Start (ms): Min: 95100.8, Avg: 95100.9, Max: 95100.9, Diff: 0.1]
      [Ext Root Scanning (ms): Min: 0.9, Avg: 1.5, Max: 2.5, Diff: 1.6, Sum: 19.2]
      [Update RS (ms): Min: 8.5, Avg: 13.0, Max: 57.8, Diff: 49.3, Sum: 168.6]
         [Processed Buffers: Min: 9, Avg: 17.7, Max: 27, Diff: 18, Sum: 230]
      [Scan RS (ms): Min: 0.0, Avg: 30.9, Max: 34.2, Diff: 34.2, Sum: 402.1]
      [Code Root Scanning (ms): Min: 0.0, Avg: 0.0, Max: 0.0, Diff: 0.0, Sum: 0.1]
      [Object Copy (ms): Min: 97.0, Avg: 110.5, Max: 112.5, Diff: 15.4, Sum: 1437.0]
      [Termination (ms): Min: 0.0, Avg: 0.0, Max: 0.0, Diff: 0.0, Sum: 0.1]
      [GC Worker Other (ms): Min: 0.0, Avg: 0.1, Max: 0.1, Diff: 0.1, Sum: 0.7]
      [GC Worker Total (ms): Min: 155.9, Avg: 156.0, Max: 156.1, Diff: 0.2, Sum: 2027.7]
      [GC Worker End (ms): Min: 95256.8, Avg: 95256.8, Max: 95256.9, Diff: 0.1]
   [Code Root Fixup: 0.3 ms]
   [Code Root Migration: 0.0 ms]
   [Clear CT: 3.3 ms]
   [Other: 15.7 ms]
      [Choose CSet: 0.3 ms]
      [Ref Proc: 8.0 ms]
      [Ref Enq: 1.1 ms]
      [Free CSet: 1.3 ms]
   [Eden: 1056.0M(1056.0M)->0.0B(1056.0M) Survivors: 160.0M->160.0M Heap: 13.0G(24.0G)->11.6G(24.0G)]
 [Times: user=1.98 sys=0.10, real=0.18 secs] 
2014-04-09T11:18:03.039+0900: 96.178: [GC pause (G1 Evacuation Pause) (mixed), 0.1407846 secs]
   [Parallel Time: 123.6 ms, GC Workers: 13]
      [GC Worker Start (ms): Min: 96178.5, Avg: 96178.6, Max: 96178.7, Diff: 0.1]
      [Ext Root Scanning (ms): Min: 1.1, Avg: 1.5, Max: 2.0, Diff: 0.9, Sum: 19.6]
      [Update RS (ms): Min: 8.4, Avg: 8.8, Max: 10.8, Diff: 2.4, Sum: 113.8]
         [Processed Buffers: Min: 10, Avg: 17.1, Max: 22, Diff: 12, Sum: 222]
      [Scan RS (ms): Min: 18.3, Avg: 20.2, Max: 20.8, Diff: 2.5, Sum: 262.5]
      [Code Root Scanning (ms): Min: 0.0, Avg: 0.0, Max: 0.0, Diff: 0.0, Sum: 0.0]
      [Object Copy (ms): Min: 92.6, Avg: 92.8, Max: 93.1, Diff: 0.5, Sum: 1206.6]
      [Termination (ms): Min: 0.0, Avg: 0.0, Max: 0.0, Diff: 0.0, Sum: 0.0]
      [GC Worker Other (ms): Min: 0.0, Avg: 0.0, Max: 0.1, Diff: 0.1, Sum: 0.6]
      [GC Worker Total (ms): Min: 123.2, Avg: 123.3, Max: 123.4, Diff: 0.2, Sum: 1603.1]
      [GC Worker End (ms): Min: 96301.9, Avg: 96301.9, Max: 96302.0, Diff: 0.1]
   [Code Root Fixup: 0.4 ms]
   [Code Root Migration: 0.0 ms]
   [Clear CT: 3.3 ms]
   [Other: 13.5 ms]
      [Choose CSet: 0.1 ms]
      [Ref Proc: 7.6 ms]
      [Ref Enq: 1.1 ms]
      [Free CSet: 0.9 ms]
   [Eden: 1056.0M(1056.0M)->0.0B(1056.0M) Survivors: 160.0M->160.0M Heap: 12.6G(24.0G)->11.6G(24.0G)]
 [Times: user=1.62 sys=0.03, real=0.14 secs] 
2014-04-09T11:18:04.062+0900: 97.202: [GC pause (G1 Evacuation Pause) (young), 0.1195300 secs]
   [Parallel Time: 105.1 ms, GC Workers: 13]
      [GC Worker Start (ms): Min: 97202.0, Avg: 97202.0, Max: 97202.1, Diff: 0.1]
      [Ext Root Scanning (ms): Min: 1.4, Avg: 1.5, Max: 2.1, Diff: 0.7, Sum: 19.7]
      [Update RS (ms): Min: 9.8, Avg: 10.7, Max: 12.1, Diff: 2.4, Sum: 138.9]
         [Processed Buffers: Min: 12, Avg: 19.8, Max: 32, Diff: 20, Sum: 257]
      [Scan RS (ms): Min: 9.4, Avg: 11.0, Max: 11.6, Diff: 2.2, Sum: 143.0]
      [Code Root Scanning (ms): Min: 0.0, Avg: 0.0, Max: 0.0, Diff: 0.0, Sum: 0.0]
      [Object Copy (ms): Min: 81.3, Avg: 81.6, Max: 81.8, Diff: 0.5, Sum: 1060.3]
      [Termination (ms): Min: 0.0, Avg: 0.0, Max: 0.0, Diff: 0.0, Sum: 0.1]
      [GC Worker Other (ms): Min: 0.0, Avg: 0.0, Max: 0.1, Diff: 0.1, Sum: 0.5]
      [GC Worker Total (ms): Min: 104.7, Avg: 104.8, Max: 104.9, Diff: 0.1, Sum: 1362.5]
      [GC Worker End (ms): Min: 97306.8, Avg: 97306.8, Max: 97306.9, Diff: 0.1]
   [Code Root Fixup: 0.4 ms]
   [Code Root Migration: 0.0 ms]
   [Clear CT: 3.2 ms]
   [Other: 10.8 ms]
      [Choose CSet: 0.0 ms]
      [Ref Proc: 6.7 ms]
      [Ref Enq: 0.7 ms]
      [Free CSet: 0.7 ms]
   [Eden: 1056.0M(1056.0M)->0.0B(1056.0M) Survivors: 160.0M->160.0M Heap: 12.7G(24.0G)->11.9G(24.0G)]
 [Times: user=1.40 sys=0.00, real=0.12 secs] 
2014-04-09T11:18:05.060+0900: 98.199: [GC pause (G1 Evacuation Pause) (young) (initial-mark), 0.1208106 secs]
   [Parallel Time: 105.9 ms, GC Workers: 13]
      [GC Worker Start (ms): Min: 98199.3, Avg: 98199.4, Max: 98199.5, Diff: 0.1]
      [Ext Root Scanning (ms): Min: 1.2, Avg: 1.4, Max: 3.1, Diff: 1.9, Sum: 18.8]
      [Code Root Marking (ms): Min: 0.0, Avg: 0.7, Max: 6.3, Diff: 6.2, Sum: 8.8]
      [Update RS (ms): Min: 4.5, Avg: 10.6, Max: 13.5, Diff: 9.0, Sum: 138.3]
         [Processed Buffers: Min: 10, Avg: 19.0, Max: 28, Diff: 18, Sum: 247]
      [Scan RS (ms): Min: 9.6, Avg: 11.8, Max: 12.7, Diff: 3.1, Sum: 153.6]
      [Code Root Scanning (ms): Min: 0.0, Avg: 0.0, Max: 0.0, Diff: 0.0, Sum: 0.0]
      [Object Copy (ms): Min: 80.9, Avg: 81.0, Max: 81.6, Diff: 0.7, Sum: 1053.4]
      [Termination (ms): Min: 0.0, Avg: 0.0, Max: 0.0, Diff: 0.0, Sum: 0.1]
      [GC Worker Other (ms): Min: 0.0, Avg: 0.1, Max: 0.1, Diff: 0.1, Sum: 0.8]
      [GC Worker Total (ms): Min: 105.6, Avg: 105.7, Max: 105.8, Diff: 0.2, Sum: 1373.9]
      [GC Worker End (ms): Min: 98305.1, Avg: 98305.1, Max: 98305.2, Diff: 0.1]
   [Code Root Fixup: 0.4 ms]
   [Code Root Migration: 0.0 ms]
   [Clear CT: 3.4 ms]
   [Other: 11.1 ms]
      [Choose CSet: 0.0 ms]
      [Ref Proc: 6.7 ms]
      [Ref Enq: 0.7 ms]
      [Free CSet: 0.6 ms]
   [Eden: 1056.0M(1056.0M)->0.0B(1056.0M) Survivors: 160.0M->160.0M Heap: 12.9G(24.0G)->12.1G(24.0G)]
 [Times: user=1.41 sys=0.01, real=0.12 secs] 
2014-04-09T11:18:05.181+0900: 98.320: [GC concurrent-root-region-scan-start]
2014-04-09T11:18:05.228+0900: 98.367: [GC concurrent-root-region-scan-end, 0.0467483 secs]
2014-04-09T11:18:05.228+0900: 98.367: [GC concurrent-mark-start]
2014-04-09T11:18:06.395+0900: 99.534: [GC pause (G1 Evacuation Pause) (young), 0.1286808 secs]
   [Parallel Time: 112.7 ms, GC Workers: 13]
      [GC Worker Start (ms): Min: 99534.1, Avg: 99534.3, Max: 99534.5, Diff: 0.4]
      [Ext Root Scanning (ms): Min: 1.5, Avg: 1.7, Max: 2.0, Diff: 0.5, Sum: 21.6]
      [SATB Filtering (ms): Min: 0.0, Avg: 0.1, Max: 1.6, Diff: 1.6, Sum: 1.6]
      [Update RS (ms): Min: 7.4, Avg: 8.6, Max: 9.2, Diff: 1.8, Sum: 111.6]
         [Processed Buffers: Min: 4, Avg: 17.2, Max: 34, Diff: 30, Sum: 223]
      [Scan RS (ms): Min: 11.2, Avg: 11.7, Max: 12.2, Diff: 1.0, Sum: 151.5]
      [Code Root Scanning (ms): Min: 0.0, Avg: 0.0, Max: 0.0, Diff: 0.0, Sum: 0.0]
      [Object Copy (ms): Min: 89.7, Avg: 89.8, Max: 90.1, Diff: 0.4, Sum: 1167.9]
      [Termination (ms): Min: 0.0, Avg: 0.1, Max: 0.2, Diff: 0.2, Sum: 1.8]
      [GC Worker Other (ms): Min: 0.0, Avg: 0.0, Max: 0.1, Diff: 0.1, Sum: 0.6]
      [GC Worker Total (ms): Min: 111.9, Avg: 112.1, Max: 112.3, Diff: 0.4, Sum: 1456.8]
      [GC Worker End (ms): Min: 99646.3, Avg: 99646.3, Max: 99646.4, Diff: 0.1]
   [Code Root Fixup: 0.4 ms]
   [Code Root Migration: 0.0 ms]
   [Clear CT: 3.9 ms]
   [Other: 11.7 ms]
      [Choose CSet: 0.0 ms]
      [Ref Proc: 7.6 ms]
      [Ref Enq: 0.8 ms]
      [Free CSet: 0.6 ms]
   [Eden: 1056.0M(1056.0M)->0.0B(1056.0M) Survivors: 160.0M->160.0M Heap: 13.1G(24.0G)->12.3G(24.0G)]
 [Times: user=1.50 sys=0.00, real=0.12 secs] 
2014-04-09T11:18:07.523+0900: 100.662: [GC concurrent-mark-end, 2.2951067 secs]
2014-04-09T11:18:07.524+0900: 100.663: [GC remark 100.697: [GC ref-proc, 0.0130271 secs], 0.0813438 secs]
 [Times: user=0.82 sys=0.00, real=0.09 secs] 
2014-04-09T11:18:07.607+0900: 100.746: [GC cleanup 13G->13G(24G), 0.0319519 secs]
 [Times: user=0.40 sys=0.00, real=0.03 secs] 
2014-04-09T11:18:07.777+0900: 100.916: [GC pause (G1 Evacuation Pause) (young), 0.1245150 secs]
   [Parallel Time: 109.2 ms, GC Workers: 13]
      [GC Worker Start (ms): Min: 100916.1, Avg: 100916.2, Max: 100916.2, Diff: 0.1]
      [Ext Root Scanning (ms): Min: 1.4, Avg: 1.5, Max: 2.2, Diff: 0.8, Sum: 19.7]
      [Update RS (ms): Min: 8.8, Avg: 9.6, Max: 10.9, Diff: 2.2, Sum: 125.3]
         [Processed Buffers: Min: 10, Avg: 19.5, Max: 31, Diff: 21, Sum: 253]
      [Scan RS (ms): Min: 10.0, Avg: 11.0, Max: 11.4, Diff: 1.4, Sum: 143.6]
      [Code Root Scanning (ms): Min: 0.0, Avg: 0.0, Max: 0.0, Diff: 0.0, Sum: 0.0]
      [Object Copy (ms): Min: 86.4, Avg: 86.6, Max: 86.9, Diff: 0.5, Sum: 1125.6]
      [Termination (ms): Min: 0.0, Avg: 0.3, Max: 0.3, Diff: 0.3, Sum: 3.3]
      [GC Worker Other (ms): Min: 0.0, Avg: 0.0, Max: 0.1, Diff: 0.1, Sum: 0.5]
      [GC Worker Total (ms): Min: 109.0, Avg: 109.1, Max: 109.2, Diff: 0.1, Sum: 1418.1]
      [GC Worker End (ms): Min: 101025.2, Avg: 101025.3, Max: 101025.3, Diff: 0.1]
   [Code Root Fixup: 0.4 ms]
   [Code Root Migration: 0.0 ms]
   [Clear CT: 3.4 ms]
   [Other: 11.4 ms]
      [Choose CSet: 0.0 ms]
      [Ref Proc: 7.1 ms]
      [Ref Enq: 0.8 ms]
      [Free CSet: 0.6 ms]
   [Eden: 1056.0M(1056.0M)->0.0B(1056.0M) Survivors: 160.0M->160.0M Heap: 13.3G(24.0G)->12.5G(24.0G)]
 [Times: user=1.40 sys=0.06, real=0.12 secs] 
2014-04-09T11:18:08.825+0900: 101.964: [GC pause (G1 Evacuation Pause) (mixed), 0.1412710 secs]
   [Parallel Time: 126.7 ms, GC Workers: 13]
      [GC Worker Start (ms): Min: 101964.4, Avg: 101964.4, Max: 101964.5, Diff: 0.1]
      [Ext Root Scanning (ms): Min: 1.1, Avg: 1.5, Max: 2.2, Diff: 1.1, Sum: 19.3]
      [Update RS (ms): Min: 9.9, Avg: 10.6, Max: 11.7, Diff: 1.7, Sum: 137.2]
         [Processed Buffers: Min: 12, Avg: 17.7, Max: 30, Diff: 18, Sum: 230]
      [Scan RS (ms): Min: 30.1, Avg: 31.2, Max: 31.8, Diff: 1.6, Sum: 405.3]
      [Code Root Scanning (ms): Min: 0.0, Avg: 0.0, Max: 0.0, Diff: 0.0, Sum: 0.1]
      [Object Copy (ms): Min: 83.0, Avg: 83.2, Max: 83.8, Diff: 0.8, Sum: 1081.7]
      [Termination (ms): Min: 0.0, Avg: 0.0, Max: 0.0, Diff: 0.0, Sum: 0.0]
      [GC Worker Other (ms): Min: 0.0, Avg: 0.0, Max: 0.1, Diff: 0.1, Sum: 0.6]
      [GC Worker Total (ms): Min: 126.4, Avg: 126.5, Max: 126.6, Diff: 0.2, Sum: 1644.2]
      [GC Worker End (ms): Min: 102090.9, Avg: 102090.9, Max: 102090.9, Diff: 0.1]
   [Code Root Fixup: 0.4 ms]
   [Code Root Migration: 0.0 ms]
   [Clear CT: 3.8 ms]
   [Other: 10.4 ms]
      [Choose CSet: 0.3 ms]
      [Ref Proc: 3.0 ms]
      [Ref Enq: 0.5 ms]
      [Free CSet: 1.4 ms]
   [Eden: 1056.0M(1056.0M)->0.0B(1056.0M) Survivors: 160.0M->160.0M Heap: 13.5G(24.0G)->12.1G(24.0G)]
 [Times: user=1.59 sys=0.10, real=0.14 secs] 
2014-04-09T11:18:09.990+0900: 103.129: [GC pause (G1 Evacuation Pause) (mixed), 0.1032039 secs]
   [Parallel Time: 93.2 ms, GC Workers: 13]
      [GC Worker Start (ms): Min: 103129.6, Avg: 103129.7, Max: 103129.8, Diff: 0.1]
      [Ext Root Scanning (ms): Min: 1.4, Avg: 1.6, Max: 2.8, Diff: 1.4, Sum: 20.2]
      [Update RS (ms): Min: 10.0, Avg: 17.3, Max: 57.1, Diff: 47.1, Sum: 225.1]
         [Processed Buffers: Min: 2, Avg: 18.7, Max: 35, Diff: 33, Sum: 243]
      [Scan RS (ms): Min: 0.0, Avg: 19.4, Max: 23.4, Diff: 23.3, Sum: 251.9]
      [Code Root Scanning (ms): Min: 0.0, Avg: 0.0, Max: 0.0, Diff: 0.0, Sum: 0.0]
      [Object Copy (ms): Min: 34.3, Avg: 54.6, Max: 57.1, Diff: 22.8, Sum: 710.4]
      [Termination (ms): Min: 0.0, Avg: 0.0, Max: 0.0, Diff: 0.0, Sum: 0.2]
      [GC Worker Other (ms): Min: 0.0, Avg: 0.0, Max: 0.1, Diff: 0.1, Sum: 0.5]
      [GC Worker Total (ms): Min: 92.9, Avg: 92.9, Max: 93.0, Diff: 0.2, Sum: 1208.2]
      [GC Worker End (ms): Min: 103222.6, Avg: 103222.6, Max: 103222.7, Diff: 0.1]
   [Code Root Fixup: 0.3 ms]
   [Code Root Migration: 0.0 ms]
   [Clear CT: 3.4 ms]
   [Other: 6.2 ms]
      [Choose CSet: 0.1 ms]
      [Ref Proc: 1.5 ms]
      [Ref Enq: 0.0 ms]
      [Free CSet: 1.0 ms]
   [Eden: 1056.0M(1056.0M)->0.0B(1056.0M) Survivors: 160.0M->160.0M Heap: 13.2G(24.0G)->12.2G(24.0G)]
 [Times: user=1.22 sys=0.03, real=0.10 secs] 
2014-04-09T11:18:11.075+0900: 104.214: [GC pause (G1 Evacuation Pause) (young), 0.0629706 secs]
   [Parallel Time: 55.8 ms, GC Workers: 13]
      [GC Worker Start (ms): Min: 104214.5, Avg: 104214.6, Max: 104214.7, Diff: 0.1]
      [Ext Root Scanning (ms): Min: 1.3, Avg: 1.5, Max: 1.9, Diff: 0.6, Sum: 18.9]
      [Update RS (ms): Min: 8.6, Avg: 9.2, Max: 9.6, Diff: 1.0, Sum: 119.1]
         [Processed Buffers: Min: 9, Avg: 17.3, Max: 32, Diff: 23, Sum: 225]
      [Scan RS (ms): Min: 9.5, Avg: 9.8, Max: 10.0, Diff: 0.5, Sum: 127.0]
      [Code Root Scanning (ms): Min: 0.0, Avg: 0.0, Max: 0.0, Diff: 0.0, Sum: 0.0]
      [Object Copy (ms): Min: 35.0, Avg: 35.1, Max: 35.2, Diff: 0.2, Sum: 456.1]
      [Termination (ms): Min: 0.0, Avg: 0.0, Max: 0.0, Diff: 0.0, Sum: 0.1]
      [GC Worker Other (ms): Min: 0.0, Avg: 0.0, Max: 0.1, Diff: 0.1, Sum: 0.5]
      [GC Worker Total (ms): Min: 55.4, Avg: 55.5, Max: 55.6, Diff: 0.2, Sum: 721.7]
      [GC Worker End (ms): Min: 104270.1, Avg: 104270.1, Max: 104270.2, Diff: 0.1]
   [Code Root Fixup: 0.3 ms]
   [Code Root Migration: 0.0 ms]
   [Clear CT: 3.1 ms]
   [Other: 3.6 ms]
      [Choose CSet: 0.0 ms]
      [Ref Proc: 0.3 ms]
      [Ref Enq: 0.0 ms]
      [Free CSet: 0.7 ms]
   [Eden: 1056.0M(1056.0M)->0.0B(1056.0M) Survivors: 160.0M->160.0M Heap: 13.2G(24.0G)->12.4G(24.0G)]
 [Times: user=0.75 sys=0.00, real=0.06 secs] 
2014-04-09T11:18:12.103+0900: 105.242: [GC pause (G1 Evacuation Pause) (young) (initial-mark), 0.0669788 secs]
   [Parallel Time: 58.7 ms, GC Workers: 13]
      [GC Worker Start (ms): Min: 105242.6, Avg: 105242.7, Max: 105242.8, Diff: 0.1]
      [Ext Root Scanning (ms): Min: 1.3, Avg: 1.5, Max: 3.8, Diff: 2.5, Sum: 20.0]
      [Code Root Marking (ms): Min: 0.0, Avg: 0.7, Max: 6.3, Diff: 6.3, Sum: 8.9]
      [Update RS (ms): Min: 3.7, Avg: 8.7, Max: 10.1, Diff: 6.3, Sum: 112.8]
         [Processed Buffers: Min: 3, Avg: 17.5, Max: 26, Diff: 23, Sum: 227]
      [Scan RS (ms): Min: 9.2, Avg: 9.7, Max: 10.2, Diff: 1.0, Sum: 126.6]
      [Code Root Scanning (ms): Min: 0.0, Avg: 0.0, Max: 0.0, Diff: 0.0, Sum: 0.0]
      [Object Copy (ms): Min: 37.6, Avg: 37.7, Max: 38.3, Diff: 0.7, Sum: 490.7]
      [Termination (ms): Min: 0.0, Avg: 0.0, Max: 0.0, Diff: 0.0, Sum: 0.1]
      [GC Worker Other (ms): Min: 0.0, Avg: 0.0, Max: 0.1, Diff: 0.1, Sum: 0.5]
      [GC Worker Total (ms): Min: 58.3, Avg: 58.4, Max: 58.5, Diff: 0.2, Sum: 759.7]
      [GC Worker End (ms): Min: 105301.1, Avg: 105301.1, Max: 105301.2, Diff: 0.1]
   [Code Root Fixup: 0.4 ms]
   [Code Root Migration: 0.0 ms]
   [Clear CT: 3.5 ms]
   [Other: 4.3 ms]
      [Choose CSet: 0.0 ms]
      [Ref Proc: 0.3 ms]
      [Ref Enq: 0.0 ms]
      [Free CSet: 0.7 ms]
   [Eden: 1056.0M(1056.0M)->0.0B(1856.0M) Survivors: 160.0M->160.0M Heap: 13.4G(24.0G)->12.5G(24.0G)]
 [Times: user=0.79 sys=0.01, real=0.07 secs] 
2014-04-09T11:18:12.171+0900: 105.310: [GC concurrent-root-region-scan-start]
2014-04-09T11:18:12.189+0900: 105.328: [GC concurrent-root-region-scan-end, 0.0184545 secs]
2014-04-09T11:18:12.189+0900: 105.328: [GC concurrent-mark-start]
2014-04-09T11:18:13.731+0900: 106.870: [GC concurrent-mark-end, 1.5420163 secs]
2014-04-09T11:18:13.733+0900: 106.872: [GC remark 106.874: [GC ref-proc, 0.0450530 secs], 0.0746173 secs]
 [Times: user=0.34 sys=0.00, real=0.08 secs] 
2014-04-09T11:18:13.809+0900: 106.948: [GC cleanup 12G->12G(24G), 0.0283390 secs]
 [Times: user=0.33 sys=0.00, real=0.03 secs] 
2014-04-09T11:18:39.040+0900: 132.179: [GC pause (G1 Evacuation Pause) (young), 0.0424049 secs]
   [Parallel Time: 35.0 ms, GC Workers: 13]
      [GC Worker Start (ms): Min: 132179.3, Avg: 132179.5, Max: 132179.8, Diff: 0.5]
      [Ext Root Scanning (ms): Min: 1.0, Avg: 1.6, Max: 2.5, Diff: 1.5, Sum: 20.8]
      [Update RS (ms): Min: 2.9, Avg: 3.3, Max: 3.9, Diff: 1.0, Sum: 42.5]
         [Processed Buffers: Min: 7, Avg: 16.1, Max: 34, Diff: 27, Sum: 209]
      [Scan RS (ms): Min: 6.5, Avg: 7.1, Max: 7.4, Diff: 1.0, Sum: 92.7]
      [Code Root Scanning (ms): Min: 0.0, Avg: 0.0, Max: 0.0, Diff: 0.0, Sum: 0.0]
      [Object Copy (ms): Min: 20.5, Avg: 21.5, Max: 22.2, Diff: 1.7, Sum: 280.0]
      [Termination (ms): Min: 0.0, Avg: 0.4, Max: 0.6, Diff: 0.6, Sum: 5.7]
      [GC Worker Other (ms): Min: 0.0, Avg: 0.0, Max: 0.0, Diff: 0.0, Sum: 0.4]
      [GC Worker Total (ms): Min: 33.7, Avg: 34.0, Max: 34.2, Diff: 0.5, Sum: 441.9]
      [GC Worker End (ms): Min: 132213.5, Avg: 132213.5, Max: 132213.6, Diff: 0.1]
   [Code Root Fixup: 0.1 ms]
   [Code Root Migration: 0.0 ms]
   [Clear CT: 3.4 ms]
   [Other: 3.9 ms]
      [Choose CSet: 0.0 ms]
      [Ref Proc: 1.2 ms]
      [Ref Enq: 0.0 ms]
      [Free CSet: 0.9 ms]
   [Eden: 1856.0M(1856.0M)->0.0B(1008.0M) Survivors: 160.0M->208.0M Heap: 14.3G(24.0G)->12.6G(24.0G)]
 [Times: user=0.41 sys=0.07, real=0.04 secs] 
2014-04-09T11:18:39.877+0900: 133.016: [GC pause (G1 Evacuation Pause) (mixed), 0.1394174 secs]
   [Parallel Time: 124.6 ms, GC Workers: 13]
      [GC Worker Start (ms): Min: 133016.3, Avg: 133016.4, Max: 133016.5, Diff: 0.3]
      [Ext Root Scanning (ms): Min: 1.4, Avg: 3.9, Max: 11.2, Diff: 9.8, Sum: 50.6]
      [Update RS (ms): Min: 0.0, Avg: 8.1, Max: 21.0, Diff: 21.0, Sum: 105.2]
         [Processed Buffers: Min: 0, Avg: 10.5, Max: 37, Diff: 37, Sum: 136]
      [Scan RS (ms): Min: 28.6, Avg: 30.0, Max: 33.6, Diff: 5.0, Sum: 389.8]
      [Code Root Scanning (ms): Min: 0.0, Avg: 0.0, Max: 0.0, Diff: 0.0, Sum: 0.1]
      [Object Copy (ms): Min: 50.7, Avg: 62.9, Max: 65.2, Diff: 14.5, Sum: 818.2]
      [Termination (ms): Min: 0.0, Avg: 2.2, Max: 19.2, Diff: 19.2, Sum: 28.4]
      [GC Worker Other (ms): Min: 0.0, Avg: 0.0, Max: 0.0, Diff: 0.0, Sum: 0.3]
      [GC Worker Total (ms): Min: 105.6, Avg: 107.1, Max: 124.0, Diff: 18.4, Sum: 1392.7]
      [GC Worker End (ms): Min: 133122.1, Avg: 133123.5, Max: 133140.4, Diff: 18.3]
   [Code Root Fixup: 0.3 ms]
   [Code Root Migration: 0.1 ms]
   [Clear CT: 4.2 ms]
   [Other: 10.3 ms]
      [Choose CSet: 0.2 ms]
      [Ref Proc: 1.2 ms]
      [Ref Enq: 0.0 ms]
      [Free CSet: 1.3 ms]
   [Eden: 1008.0M(1008.0M)->0.0B(1056.0M) Survivors: 208.0M->160.0M Heap: 13.8G(24.0G)->12.4G(24.0G)]
 [Times: user=1.88 sys=0.01, real=0.14 secs] 
2014-04-09T11:18:40.717+0900: 133.856: [GC pause (G1 Evacuation Pause) (mixed), 0.0844013 secs]
   [Parallel Time: 74.6 ms, GC Workers: 13]
      [GC Worker Start (ms): Min: 133856.6, Avg: 133856.8, Max: 133856.9, Diff: 0.3]
      [Ext Root Scanning (ms): Min: 1.2, Avg: 1.5, Max: 2.3, Diff: 1.2, Sum: 19.8]
      [Update RS (ms): Min: 5.3, Avg: 6.0, Max: 8.2, Diff: 2.9, Sum: 78.5]
         [Processed Buffers: Min: 2, Avg: 18.4, Max: 32, Diff: 30, Sum: 239]
      [Scan RS (ms): Min: 14.4, Avg: 16.5, Max: 17.3, Diff: 2.9, Sum: 214.2]
      [Code Root Scanning (ms): Min: 0.0, Avg: 0.0, Max: 0.0, Diff: 0.0, Sum: 0.1]
      [Object Copy (ms): Min: 49.3, Avg: 49.5, Max: 49.9, Diff: 0.6, Sum: 643.2]
      [Termination (ms): Min: 0.0, Avg: 0.2, Max: 0.2, Diff: 0.2, Sum: 2.2]
      [GC Worker Other (ms): Min: 0.0, Avg: 0.0, Max: 0.1, Diff: 0.0, Sum: 0.4]
      [GC Worker Total (ms): Min: 73.6, Avg: 73.7, Max: 73.9, Diff: 0.3, Sum: 958.4]
      [GC Worker End (ms): Min: 133930.5, Avg: 133930.5, Max: 133930.6, Diff: 0.0]
   [Code Root Fixup: 0.3 ms]
   [Code Root Migration: 0.1 ms]
   [Clear CT: 3.8 ms]
   [Other: 5.7 ms]
      [Choose CSet: 0.0 ms]
      [Ref Proc: 0.9 ms]
      [Ref Enq: 0.0 ms]
      [Free CSet: 1.0 ms]
   [Eden: 1056.0M(1056.0M)->0.0B(1056.0M) Survivors: 160.0M->160.0M Heap: 13.8G(24.0G)->13.0G(24.0G)]
 [Times: user=1.07 sys=0.09, real=0.09 secs] 
2014-04-09T11:18:40.842+0900: 133.981: [GC pause (G1 Humongous Allocation) (young) (initial-mark), 0.0721511 secs]
   [Parallel Time: 67.0 ms, GC Workers: 13]
      [GC Worker Start (ms): Min: 133981.4, Avg: 133981.6, Max: 133981.7, Diff: 0.3]
      [Ext Root Scanning (ms): Min: 1.1, Avg: 1.5, Max: 3.9, Diff: 2.7, Sum: 19.6]
      [Code Root Marking (ms): Min: 0.0, Avg: 0.8, Max: 6.5, Diff: 6.4, Sum: 10.4]
      [Update RS (ms): Min: 36.5, Avg: 41.1, Max: 42.8, Diff: 6.3, Sum: 534.7]
         [Processed Buffers: Min: 16, Avg: 22.5, Max: 29, Diff: 13, Sum: 293]
      [Scan RS (ms): Min: 0.0, Avg: 1.4, Max: 2.2, Diff: 2.2, Sum: 18.7]
      [Code Root Scanning (ms): Min: 0.0, Avg: 0.0, Max: 0.0, Diff: 0.0, Sum: 0.0]
      [Object Copy (ms): Min: 21.0, Avg: 21.4, Max: 22.4, Diff: 1.3, Sum: 277.8]
      [Termination (ms): Min: 0.0, Avg: 0.0, Max: 0.0, Diff: 0.0, Sum: 0.1]
      [GC Worker Other (ms): Min: 0.0, Avg: 0.0, Max: 0.0, Diff: 0.0, Sum: 0.4]
      [GC Worker Total (ms): Min: 66.1, Avg: 66.3, Max: 66.5, Diff: 0.3, Sum: 861.5]
      [GC Worker End (ms): Min: 134047.8, Avg: 134047.8, Max: 134047.9, Diff: 0.0]
   [Code Root Fixup: 0.3 ms]
   [Code Root Migration: 0.0 ms]
   [Clear CT: 1.7 ms]
   [Other: 3.2 ms]
      [Choose CSet: 0.0 ms]
      [Ref Proc: 0.6 ms]
      [Ref Enq: 0.0 ms]
      [Free CSet: 0.1 ms]
   [Eden: 16.0M(1056.0M)->0.0B(1152.0M) Survivors: 160.0M->64.0M Heap: 13.0G(24.0G)->13.1G(24.0G)]
 [Times: user=0.96 sys=0.00, real=0.07 secs] 
2014-04-09T11:18:40.914+0900: 134.053: [GC concurrent-root-region-scan-start]
2014-04-09T11:18:40.915+0900: 134.054: [GC concurrent-root-region-scan-end, 0.0006426 secs]
2014-04-09T11:18:40.915+0900: 134.054: [GC concurrent-mark-start]
2014-04-09T11:18:41.631+0900: 134.770: [GC pause (G1 Evacuation Pause) (young), 0.0731207 secs]
   [Parallel Time: 66.3 ms, GC Workers: 13]
      [GC Worker Start (ms): Min: 134770.2, Avg: 134770.3, Max: 134770.4, Diff: 0.3]
      [Ext Root Scanning (ms): Min: 0.9, Avg: 1.2, Max: 1.9, Diff: 1.0, Sum: 16.1]
      [SATB Filtering (ms): Min: 0.0, Avg: 0.1, Max: 0.8, Diff: 0.8, Sum: 0.8]
      [Update RS (ms): Min: 2.4, Avg: 21.5, Max: 63.2, Diff: 60.7, Sum: 279.3]
         [Processed Buffers: Min: 1, Avg: 9.9, Max: 44, Diff: 43, Sum: 129]
      [Scan RS (ms): Min: 0.0, Avg: 8.1, Max: 11.9, Diff: 11.9, Sum: 104.9]
      [Code Root Scanning (ms): Min: 0.0, Avg: 0.0, Max: 0.0, Diff: 0.0, Sum: 0.0]
      [Object Copy (ms): Min: 0.7, Avg: 29.5, Max: 42.9, Diff: 42.2, Sum: 383.0]
      [Termination (ms): Min: 0.0, Avg: 5.1, Max: 7.4, Diff: 7.4, Sum: 66.4]
      [GC Worker Other (ms): Min: 0.0, Avg: 0.0, Max: 0.0, Diff: 0.0, Sum: 0.3]
      [GC Worker Total (ms): Min: 65.3, Avg: 65.5, Max: 65.8, Diff: 0.5, Sum: 850.9]
      [GC Worker End (ms): Min: 134835.7, Avg: 134835.8, Max: 134836.1, Diff: 0.4]
   [Code Root Fixup: 0.3 ms]
   [Code Root Migration: 0.0 ms]
   [Clear CT: 3.3 ms]
   [Other: 3.2 ms]
      [Choose CSet: 0.0 ms]
      [Ref Proc: 0.5 ms]
      [Ref Enq: 0.0 ms]
      [Free CSet: 0.6 ms]
   [Eden: 1152.0M(1152.0M)->0.0B(1056.0M) Survivors: 64.0M->160.0M Heap: 14.6G(24.0G)->13.6G(24.0G)]
 [Times: user=0.80 sys=0.08, real=0.07 secs] 
2014-04-09T11:18:42.758+0900: 135.897: [GC concurrent-mark-end, 1.8428577 secs]
2014-04-09T11:18:42.759+0900: 135.898: [GC remark 135.899: [GC ref-proc, 0.0202015 secs], 0.0439936 secs]
 [Times: user=0.25 sys=0.00, real=0.05 secs] 
2014-04-09T11:18:42.805+0900: 135.944: [GC cleanup 14G->14G(24G), 0.0266098 secs]
 [Times: user=0.30 sys=0.00, real=0.03 secs] 
2014-04-09T11:18:42.832+0900: 135.971: [GC concurrent-cleanup-start]
2014-04-09T11:18:42.833+0900: 135.972: [GC concurrent-cleanup-end, 0.0011081 secs]
2014-04-09T11:18:42.890+0900: 136.029: [GC pause (G1 Evacuation Pause) (young), 0.0772823 secs]
   [Parallel Time: 67.5 ms, GC Workers: 13]
      [GC Worker Start (ms): Min: 136029.2, Avg: 136029.4, Max: 136029.5, Diff: 0.3]
      [Ext Root Scanning (ms): Min: 1.1, Avg: 1.3, Max: 2.2, Diff: 1.1, Sum: 17.1]
      [Update RS (ms): Min: 2.0, Avg: 4.8, Max: 30.1, Diff: 28.1, Sum: 62.2]
         [Processed Buffers: Min: 2, Avg: 9.5, Max: 23, Diff: 21, Sum: 123]
      [Scan RS (ms): Min: 0.0, Avg: 11.3, Max: 12.7, Diff: 12.7, Sum: 147.5]
      [Code Root Scanning (ms): Min: 0.0, Avg: 0.0, Max: 0.0, Diff: 0.0, Sum: 0.0]
      [Object Copy (ms): Min: 34.6, Avg: 48.5, Max: 49.9, Diff: 15.3, Sum: 630.5]
      [Termination (ms): Min: 0.0, Avg: 0.0, Max: 0.0, Diff: 0.0, Sum: 0.2]
      [GC Worker Other (ms): Min: 0.0, Avg: 0.0, Max: 0.1, Diff: 0.1, Sum: 0.4]
      [GC Worker Total (ms): Min: 65.8, Avg: 66.0, Max: 66.1, Diff: 0.3, Sum: 858.0]
      [GC Worker End (ms): Min: 136095.4, Avg: 136095.4, Max: 136095.4, Diff: 0.1]
   [Code Root Fixup: 0.2 ms]
   [Code Root Migration: 0.0 ms]
   [Clear CT: 4.2 ms]
   [Other: 5.3 ms]
      [Choose CSet: 0.0 ms]
      [Ref Proc: 1.2 ms]
      [Ref Enq: 0.0 ms]
      [Free CSet: 0.8 ms]
   [Eden: 1056.0M(1056.0M)->0.0B(1056.0M) Survivors: 160.0M->160.0M Heap: 14.3G(24.0G)->13.5G(24.0G)]
 [Times: user=0.89 sys=0.00, real=0.07 secs] 
2014-04-09T11:18:43.864+0900: 137.003: [GC pause (G1 Evacuation Pause) (mixed), 0.1866018 secs]
   [Parallel Time: 171.2 ms, GC Workers: 13]
      [GC Worker Start (ms): Min: 137003.9, Avg: 137004.1, Max: 137004.4, Diff: 0.5]
      [Ext Root Scanning (ms): Min: 1.3, Avg: 1.6, Max: 2.2, Diff: 0.9, Sum: 20.6]
      [Update RS (ms): Min: 8.9, Avg: 14.1, Max: 73.8, Diff: 64.9, Sum: 183.0]
         [Processed Buffers: Min: 11, Avg: 19.0, Max: 31, Diff: 20, Sum: 247]
      [Scan RS (ms): Min: 0.1, Avg: 37.8, Max: 41.3, Diff: 41.3, Sum: 491.5]
      [Code Root Scanning (ms): Min: 0.0, Avg: 0.0, Max: 0.0, Diff: 0.0, Sum: 0.1]
      [Object Copy (ms): Min: 93.7, Avg: 116.4, Max: 118.5, Diff: 24.8, Sum: 1513.8]
      [Termination (ms): Min: 0.0, Avg: 0.0, Max: 0.0, Diff: 0.0, Sum: 0.2]
      [GC Worker Other (ms): Min: 0.0, Avg: 0.0, Max: 0.1, Diff: 0.1, Sum: 0.6]
      [GC Worker Total (ms): Min: 169.7, Avg: 170.0, Max: 170.2, Diff: 0.5, Sum: 2209.7]
      [GC Worker End (ms): Min: 137174.1, Avg: 137174.1, Max: 137174.1, Diff: 0.1]
   [Code Root Fixup: 0.2 ms]
   [Code Root Migration: 0.1 ms]
   [Clear CT: 3.4 ms]
   [Other: 11.8 ms]
      [Choose CSet: 0.4 ms]
      [Ref Proc: 1.2 ms]
      [Ref Enq: 0.0 ms]
      [Free CSet: 2.3 ms]
   [Eden: 1056.0M(1056.0M)->0.0B(1056.0M) Survivors: 160.0M->160.0M Heap: 14.9G(24.0G)->13.5G(24.0G)]
 [Times: user=2.03 sys=0.22, real=0.19 secs] 
2014-04-09T11:18:44.812+0900: 137.951: [GC pause (G1 Evacuation Pause) (mixed), 0.2048067 secs]
   [Parallel Time: 189.0 ms, GC Workers: 13]
      [GC Worker Start (ms): Min: 137952.2, Avg: 137952.4, Max: 137952.7, Diff: 0.4]
      [Ext Root Scanning (ms): Min: 1.3, Avg: 1.6, Max: 2.2, Diff: 0.8, Sum: 20.2]
      [Update RS (ms): Min: 3.2, Avg: 4.4, Max: 8.5, Diff: 5.3, Sum: 57.4]
         [Processed Buffers: Min: 4, Avg: 9.9, Max: 19, Diff: 15, Sum: 129]
      [Scan RS (ms): Min: 42.0, Avg: 46.0, Max: 46.7, Diff: 4.7, Sum: 597.4]
      [Code Root Scanning (ms): Min: 0.0, Avg: 0.0, Max: 0.0, Diff: 0.0, Sum: 0.1]
      [Object Copy (ms): Min: 135.8, Avg: 136.1, Max: 136.4, Diff: 0.5, Sum: 1768.9]
      [Termination (ms): Min: 0.0, Avg: 0.1, Max: 0.1, Diff: 0.1, Sum: 1.7]
      [GC Worker Other (ms): Min: 0.0, Avg: 0.0, Max: 0.1, Diff: 0.1, Sum: 0.6]
      [GC Worker Total (ms): Min: 187.9, Avg: 188.2, Max: 188.4, Diff: 0.5, Sum: 2446.2]
      [GC Worker End (ms): Min: 138140.6, Avg: 138140.6, Max: 138140.6, Diff: 0.1]
   [Code Root Fixup: 0.3 ms]
   [Code Root Migration: 0.1 ms]
   [Clear CT: 3.4 ms]
   [Other: 12.1 ms]
      [Choose CSet: 0.6 ms]
      [Ref Proc: 0.9 ms]
      [Ref Enq: 0.0 ms]
      [Free CSet: 2.3 ms]
   [Eden: 1056.0M(1056.0M)->0.0B(1056.0M) Survivors: 160.0M->160.0M Heap: 14.9G(24.0G)->13.6G(24.0G)]
 [Times: user=2.30 sys=0.20, real=0.20 secs] 
2014-04-09T11:18:47.554+0900: 140.693: [GC pause (G1 Evacuation Pause) (mixed), 0.1170935 secs]
   [Parallel Time: 104.2 ms, GC Workers: 13]
      [GC Worker Start (ms): Min: 140694.0, Avg: 140694.3, Max: 140694.6, Diff: 0.6]
      [Ext Root Scanning (ms): Min: 1.1, Avg: 1.5, Max: 1.7, Diff: 0.6, Sum: 18.9]
      [Update RS (ms): Min: 4.4, Avg: 25.0, Max: 71.8, Diff: 67.4, Sum: 325.2]
         [Processed Buffers: Min: 3, Avg: 8.5, Max: 21, Diff: 18, Sum: 111]
      [Scan RS (ms): Min: 0.0, Avg: 23.4, Max: 34.2, Diff: 34.2, Sum: 304.6]
      [Code Root Scanning (ms): Min: 0.0, Avg: 0.0, Max: 0.0, Diff: 0.0, Sum: 0.0]
      [Object Copy (ms): Min: 29.4, Avg: 52.8, Max: 62.4, Diff: 32.9, Sum: 686.1]
      [Termination (ms): Min: 0.0, Avg: 0.0, Max: 0.0, Diff: 0.0, Sum: 0.0]
      [GC Worker Other (ms): Min: 0.0, Avg: 0.0, Max: 0.1, Diff: 0.1, Sum: 0.5]
      [GC Worker Total (ms): Min: 102.4, Avg: 102.7, Max: 103.0, Diff: 0.6, Sum: 1335.3]
      [GC Worker End (ms): Min: 140797.0, Avg: 140797.0, Max: 140797.0, Diff: 0.1]
   [Code Root Fixup: 0.1 ms]
   [Code Root Migration: 0.0 ms]
   [Clear CT: 4.3 ms]
   [Other: 8.4 ms]
      [Choose CSet: 0.2 ms]
      [Ref Proc: 1.5 ms]
      [Ref Enq: 0.0 ms]
      [Free CSet: 1.5 ms]
   [Eden: 1056.0M(1056.0M)->0.0B(1056.0M) Survivors: 160.0M->160.0M Heap: 14.7G(24.0G)->13.7G(24.0G)]
 [Times: user=1.35 sys=0.03, real=0.12 secs] 
2014-04-09T11:19:08.969+0900: 162.108: [GC pause (G1 Evacuation Pause) (young), 0.0357203 secs]
   [Parallel Time: 26.9 ms, GC Workers: 13]
      [GC Worker Start (ms): Min: 162108.4, Avg: 162108.7, Max: 162108.9, Diff: 0.6]
      [Ext Root Scanning (ms): Min: 1.0, Avg: 1.3, Max: 1.9, Diff: 0.9, Sum: 17.1]
      [Update RS (ms): Min: 0.3, Avg: 0.9, Max: 1.3, Diff: 0.9, Sum: 12.2]
         [Processed Buffers: Min: 0, Avg: 7.5, Max: 20, Diff: 20, Sum: 97]
      [Scan RS (ms): Min: 10.2, Avg: 10.5, Max: 11.1, Diff: 0.9, Sum: 137.0]
      [Code Root Scanning (ms): Min: 0.0, Avg: 0.0, Max: 0.0, Diff: 0.0, Sum: 0.0]
      [Object Copy (ms): Min: 12.9, Avg: 13.4, Max: 13.5, Diff: 0.7, Sum: 173.9]
      [Termination (ms): Min: 0.0, Avg: 0.0, Max: 0.0, Diff: 0.0, Sum: 0.1]
      [GC Worker Other (ms): Min: 0.0, Avg: 0.0, Max: 0.1, Diff: 0.1, Sum: 0.5]
      [GC Worker Total (ms): Min: 25.9, Avg: 26.2, Max: 26.5, Diff: 0.6, Sum: 340.7]
      [GC Worker End (ms): Min: 162134.9, Avg: 162134.9, Max: 162134.9, Diff: 0.1]
   [Code Root Fixup: 0.1 ms]
   [Code Root Migration: 0.0 ms]
   [Clear CT: 4.1 ms]
   [Other: 4.6 ms]
      [Choose CSet: 0.0 ms]
      [Ref Proc: 1.4 ms]
      [Ref Enq: 0.0 ms]
      [Free CSet: 1.0 ms]
   [Eden: 1056.0M(1056.0M)->0.0B(1104.0M) Survivors: 160.0M->112.0M Heap: 14.8G(24.0G)->13.8G(24.0G)]
 [Times: user=0.37 sys=0.00, real=0.04 secs] 
2014-04-09T11:19:09.428+0900: 162.567: [GC pause (G1 Evacuation Pause) (young) (initial-mark), 0.0107839 secs]
   [Parallel Time: 6.8 ms, GC Workers: 13]
      [GC Worker Start (ms): Min: 162567.3, Avg: 162567.6, Max: 162567.8, Diff: 0.6]
      [Ext Root Scanning (ms): Min: 0.5, Avg: 0.9, Max: 2.7, Diff: 2.2, Sum: 11.8]
      [Code Root Marking (ms): Min: 0.0, Avg: 0.6, Max: 4.7, Diff: 4.7, Sum: 7.5]
      [Update RS (ms): Min: 0.0, Avg: 1.9, Max: 4.0, Diff: 4.0, Sum: 24.4]
         [Processed Buffers: Min: 0, Avg: 6.7, Max: 26, Diff: 26, Sum: 87]
      [Scan RS (ms): Min: 0.0, Avg: 0.1, Max: 0.2, Diff: 0.2, Sum: 1.1]
      [Code Root Scanning (ms): Min: 0.0, Avg: 0.0, Max: 0.0, Diff: 0.0, Sum: 0.0]
      [Object Copy (ms): Min: 0.3, Avg: 0.7, Max: 1.1, Diff: 0.7, Sum: 9.3]
      [Termination (ms): Min: 0.0, Avg: 1.7, Max: 2.1, Diff: 2.1, Sum: 21.9]
      [GC Worker Other (ms): Min: 0.0, Avg: 0.0, Max: 0.1, Diff: 0.1, Sum: 0.4]
      [GC Worker Total (ms): Min: 5.6, Avg: 5.9, Max: 6.2, Diff: 0.6, Sum: 76.5]
      [GC Worker End (ms): Min: 162573.4, Avg: 162573.5, Max: 162573.5, Diff: 0.1]
   [Code Root Fixup: 0.1 ms]
   [Code Root Migration: 0.0 ms]
   [Clear CT: 1.8 ms]
   [Other: 2.0 ms]
      [Choose CSet: 0.0 ms]
      [Ref Proc: 0.9 ms]
      [Ref Enq: 0.0 ms]
      [Free CSet: 0.3 ms]
   [Eden: 1104.0M(1104.0M)->0.0B(1440.0M) Survivors: 112.0M->32.0M Heap: 14.9G(24.0G)->13.7G(24.0G)]
 [Times: user=0.08 sys=0.00, real=0.01 secs] 
2014-04-09T11:19:09.439+0900: 162.578: [GC concurrent-root-region-scan-start]
2014-04-09T11:19:09.439+0900: 162.578: [GC concurrent-root-region-scan-end, 0.0005849 secs]
2014-04-09T11:19:09.439+0900: 162.578: [GC concurrent-mark-start]
2014-04-09T11:19:10.321+0900: 163.460: [GC pause (G1 Evacuation Pause) (young), 0.1332061 secs]
   [Parallel Time: 124.6 ms, GC Workers: 13]
      [GC Worker Start (ms): Min: 163460.9, Avg: 163461.2, Max: 163461.3, Diff: 0.4]
      [Ext Root Scanning (ms): Min: 0.6, Avg: 1.0, Max: 1.8, Diff: 1.3, Sum: 13.3]
      [SATB Filtering (ms): Min: 0.0, Avg: 0.0, Max: 0.5, Diff: 0.5, Sum: 0.5]
      [Update RS (ms): Min: 3.5, Avg: 4.3, Max: 5.4, Diff: 1.9, Sum: 55.6]
         [Processed Buffers: Min: 10, Avg: 18.3, Max: 26, Diff: 16, Sum: 238]
      [Scan RS (ms): Min: 5.8, Avg: 6.7, Max: 7.0, Diff: 1.2, Sum: 87.5]
      [Code Root Scanning (ms): Min: 0.0, Avg: 0.0, Max: 0.0, Diff: 0.0, Sum: 0.0]
      [Object Copy (ms): Min: 110.4, Avg: 111.0, Max: 111.4, Diff: 1.0, Sum: 1443.2]
      [Termination (ms): Min: 0.0, Avg: 0.4, Max: 0.4, Diff: 0.4, Sum: 4.6]
      [GC Worker Other (ms): Min: 0.0, Avg: 0.0, Max: 0.0, Diff: 0.0, Sum: 0.3]
      [GC Worker Total (ms): Min: 123.3, Avg: 123.5, Max: 123.7, Diff: 0.4, Sum: 1605.0]
      [GC Worker End (ms): Min: 163584.6, Avg: 163584.6, Max: 163584.7, Diff: 0.0]
   [Code Root Fixup: 0.3 ms]
   [Code Root Migration: 0.0 ms]
   [Clear CT: 4.1 ms]
   [Other: 4.2 ms]
      [Choose CSet: 0.0 ms]
      [Ref Proc: 1.0 ms]
      [Ref Enq: 0.0 ms]
      [Free CSet: 1.0 ms]
   [Eden: 1440.0M(1440.0M)->0.0B(1024.0M) Survivors: 32.0M->192.0M Heap: 15.6G(24.0G)->14.4G(24.0G)]
 [Times: user=0.74 sys=0.87, real=0.14 secs] 
2014-04-09T11:19:11.303+0900: 164.442: [GC concurrent-mark-end, 1.8631533 secs]
2014-04-09T11:19:11.304+0900: 164.443: [GC remark 164.444: [GC ref-proc, 0.0070474 secs], 0.0288380 secs]
 [Times: user=0.21 sys=0.00, real=0.03 secs] 
2014-04-09T11:19:11.335+0900: 164.474: [GC cleanup 15G->14G(24G), 0.0266335 secs]
 [Times: user=0.32 sys=0.00, real=0.02 secs] 
2014-04-09T11:19:11.362+0900: 164.501: [GC concurrent-cleanup-start]
2014-04-09T11:19:11.363+0900: 164.502: [GC concurrent-cleanup-end, 0.0017686 secs]
2014-04-09T11:19:11.414+0900: 164.553: [GC pause (G1 Evacuation Pause) (young), 0.0925126 secs]
   [Parallel Time: 83.9 ms, GC Workers: 13]
      [GC Worker Start (ms): Min: 164553.7, Avg: 164553.9, Max: 164554.0, Diff: 0.3]
      [Ext Root Scanning (ms): Min: 0.5, Avg: 0.9, Max: 1.9, Diff: 1.4, Sum: 11.7]
      [Update RS (ms): Min: 1.4, Avg: 8.4, Max: 55.9, Diff: 54.5, Sum: 109.6]
         [Processed Buffers: Min: 3, Avg: 8.9, Max: 19, Diff: 16, Sum: 116]
      [Scan RS (ms): Min: 0.0, Avg: 11.6, Max: 14.2, Diff: 14.2, Sum: 151.4]
      [Code Root Scanning (ms): Min: 0.0, Avg: 0.0, Max: 0.0, Diff: 0.0, Sum: 0.0]
      [Object Copy (ms): Min: 25.4, Avg: 62.1, Max: 67.2, Diff: 41.9, Sum: 807.0]
      [Termination (ms): Min: 0.0, Avg: 0.0, Max: 0.0, Diff: 0.0, Sum: 0.0]
      [GC Worker Other (ms): Min: 0.0, Avg: 0.0, Max: 0.1, Diff: 0.1, Sum: 0.6]
      [GC Worker Total (ms): Min: 83.0, Avg: 83.1, Max: 83.3, Diff: 0.4, Sum: 1080.4]
      [GC Worker End (ms): Min: 164636.9, Avg: 164637.0, Max: 164637.0, Diff: 0.1]
   [Code Root Fixup: 0.2 ms]
   [Code Root Migration: 0.0 ms]
   [Clear CT: 3.6 ms]
   [Other: 4.8 ms]
      [Choose CSet: 0.0 ms]
      [Ref Proc: 0.6 ms]
      [Ref Enq: 0.0 ms]
      [Free CSet: 0.9 ms]
   [Eden: 1024.0M(1024.0M)->0.0B(1056.0M) Survivors: 192.0M->160.0M Heap: 14.3G(24.0G)->13.5G(24.0G)]
 [Times: user=1.10 sys=0.03, real=0.10 secs] 
2014-04-09T11:19:12.069+0900: 165.208: [GC pause (G1 Evacuation Pause) (mixed), 0.1588823 secs]
   [Parallel Time: 142.0 ms, GC Workers: 13]
      [GC Worker Start (ms): Min: 165209.3, Avg: 165209.5, Max: 165209.6, Diff: 0.3]
      [Ext Root Scanning (ms): Min: 0.9, Avg: 1.1, Max: 1.9, Diff: 1.0, Sum: 14.4]
      [Update RS (ms): Min: 3.6, Avg: 9.3, Max: 63.8, Diff: 60.2, Sum: 121.4]
         [Processed Buffers: Min: 3, Avg: 14.2, Max: 26, Diff: 23, Sum: 185]
      [Scan RS (ms): Min: 0.1, Avg: 40.3, Max: 44.4, Diff: 44.3, Sum: 524.0]
      [Code Root Scanning (ms): Min: 0.0, Avg: 0.0, Max: 0.2, Diff: 0.2, Sum: 0.3]
      [Object Copy (ms): Min: 76.5, Avg: 90.5, Max: 91.8, Diff: 15.4, Sum: 1176.9]
      [Termination (ms): Min: 0.0, Avg: 0.0, Max: 0.0, Diff: 0.0, Sum: 0.1]
      [GC Worker Other (ms): Min: 0.0, Avg: 0.0, Max: 0.1, Diff: 0.1, Sum: 0.5]
      [GC Worker Total (ms): Min: 141.2, Avg: 141.3, Max: 141.5, Diff: 0.4, Sum: 1837.5]
      [GC Worker End (ms): Min: 165350.8, Avg: 165350.8, Max: 165350.9, Diff: 0.1]
   [Code Root Fixup: 0.4 ms]
   [Code Root Migration: 0.4 ms]
   [Clear CT: 4.3 ms]
   [Other: 11.7 ms]
      [Choose CSet: 0.4 ms]
      [Ref Proc: 0.6 ms]
      [Ref Enq: 0.0 ms]
      [Free CSet: 2.3 ms]
   [Eden: 1056.0M(1056.0M)->0.0B(1056.0M) Survivors: 160.0M->160.0M Heap: 14.9G(24.0G)->13.4G(24.0G)]
 [Times: user=1.88 sys=0.01, real=0.16 secs] 
2014-04-09T11:19:13.061+0900: 166.200: [GC pause (G1 Evacuation Pause) (mixed), 0.1930100 secs]
   [Parallel Time: 174.2 ms, GC Workers: 13]
      [GC Worker Start (ms): Min: 166201.7, Avg: 166202.1, Max: 166202.3, Diff: 0.6]
      [Ext Root Scanning (ms): Min: 0.6, Avg: 0.9, Max: 2.0, Diff: 1.4, Sum: 11.8]
      [Update RS (ms): Min: 4.2, Avg: 4.8, Max: 5.2, Diff: 1.0, Sum: 62.4]
         [Processed Buffers: Min: 13, Avg: 20.2, Max: 31, Diff: 18, Sum: 262]
      [Scan RS (ms): Min: 50.7, Avg: 51.5, Max: 51.8, Diff: 1.1, Sum: 669.3]
      [Code Root Scanning (ms): Min: 0.0, Avg: 0.0, Max: 0.0, Diff: 0.0, Sum: 0.1]
      [Object Copy (ms): Min: 115.9, Avg: 116.2, Max: 117.9, Diff: 2.0, Sum: 1511.1]
      [Termination (ms): Min: 0.0, Avg: 0.0, Max: 0.0, Diff: 0.0, Sum: 0.0]
      [GC Worker Other (ms): Min: 0.0, Avg: 0.0, Max: 0.1, Diff: 0.1, Sum: 0.5]
      [GC Worker Total (ms): Min: 173.2, Avg: 173.5, Max: 173.8, Diff: 0.6, Sum: 2255.3]
      [GC Worker End (ms): Min: 166375.5, Avg: 166375.5, Max: 166375.6, Diff: 0.1]
   [Code Root Fixup: 0.2 ms]
   [Code Root Migration: 0.1 ms]
   [Clear CT: 3.7 ms]
   [Other: 14.8 ms]
      [Choose CSet: 0.5 ms]
      [Ref Proc: 1.6 ms]
      [Ref Enq: 0.0 ms]
      [Free CSet: 2.8 ms]
   [Eden: 1056.0M(1056.0M)->0.0B(1056.0M) Survivors: 160.0M->160.0M Heap: 14.8G(24.0G)->13.4G(24.0G)]
 [Times: user=2.26 sys=0.05, real=0.20 secs] 
2014-04-09T11:19:14.147+0900: 167.286: [GC pause (G1 Evacuation Pause) (mixed), 0.1714307 secs]
   [Parallel Time: 155.3 ms, GC Workers: 13]
      [GC Worker Start (ms): Min: 167286.8, Avg: 167287.1, Max: 167287.4, Diff: 0.6]
      [Ext Root Scanning (ms): Min: 0.6, Avg: 0.9, Max: 1.4, Diff: 0.9, Sum: 11.5]
      [Update RS (ms): Min: 1.7, Avg: 7.5, Max: 68.8, Diff: 67.1, Sum: 97.7]
         [Processed Buffers: Min: 5, Avg: 9.5, Max: 17, Diff: 12, Sum: 124]
      [Scan RS (ms): Min: 0.0, Avg: 44.5, Max: 48.5, Diff: 48.5, Sum: 578.0]
      [Code Root Scanning (ms): Min: 0.0, Avg: 0.0, Max: 0.0, Diff: 0.0, Sum: 0.1]
      [Object Copy (ms): Min: 84.3, Avg: 101.1, Max: 102.8, Diff: 18.6, Sum: 1314.7]
      [Termination (ms): Min: 0.0, Avg: 0.1, Max: 0.1, Diff: 0.1, Sum: 0.8]
      [GC Worker Other (ms): Min: 0.0, Avg: 0.0, Max: 0.1, Diff: 0.1, Sum: 0.5]
      [GC Worker Total (ms): Min: 153.8, Avg: 154.1, Max: 154.4, Diff: 0.5, Sum: 2003.3]
      [GC Worker End (ms): Min: 167441.2, Avg: 167441.2, Max: 167441.2, Diff: 0.1]
   [Code Root Fixup: 0.2 ms]
   [Code Root Migration: 0.0 ms]
   [Clear CT: 4.2 ms]
   [Other: 11.6 ms]
      [Choose CSet: 0.6 ms]
      [Ref Proc: 1.1 ms]
      [Ref Enq: 0.0 ms]
      [Free CSet: 2.3 ms]
   [Eden: 1056.0M(1056.0M)->0.0B(1056.0M) Survivors: 160.0M->160.0M Heap: 14.7G(24.0G)->13.5G(24.0G)]
 [Times: user=2.03 sys=0.04, real=0.17 secs] 
2014-04-09T11:19:14.426+0900: 167.565: [GC pause (G1 Humongous Allocation) (young) (initial-mark), 0.0994013 secs]
   [Parallel Time: 93.9 ms, GC Workers: 13]
      [GC Worker Start (ms): Min: 167565.4, Avg: 167565.7, Max: 167565.9, Diff: 0.6]
      [Ext Root Scanning (ms): Min: 0.6, Avg: 1.0, Max: 3.0, Diff: 2.3, Sum: 13.3]
      [Code Root Marking (ms): Min: 0.0, Avg: 0.8, Max: 6.8, Diff: 6.7, Sum: 10.2]
      [Update RS (ms): Min: 54.9, Avg: 63.5, Max: 91.3, Diff: 36.5, Sum: 825.8]
         [Processed Buffers: Min: 13, Avg: 37.5, Max: 56, Diff: 43, Sum: 487]
      [Scan RS (ms): Min: 0.0, Avg: 1.9, Max: 2.9, Diff: 2.9, Sum: 24.7]
      [Code Root Scanning (ms): Min: 0.0, Avg: 0.0, Max: 0.0, Diff: 0.0, Sum: 0.0]
      [Object Copy (ms): Min: 0.6, Avg: 25.0, Max: 29.2, Diff: 28.6, Sum: 325.6]
      [Termination (ms): Min: 0.0, Avg: 0.6, Max: 0.8, Diff: 0.8, Sum: 7.9]
      [GC Worker Other (ms): Min: 0.0, Avg: 0.0, Max: 0.0, Diff: 0.0, Sum: 0.4]
      [GC Worker Total (ms): Min: 92.6, Avg: 92.9, Max: 93.2, Diff: 0.6, Sum: 1207.7]
      [GC Worker End (ms): Min: 167658.6, Avg: 167658.6, Max: 167658.6, Diff: 0.0]
   [Code Root Fixup: 0.2 ms]
   [Code Root Migration: 0.0 ms]
   [Clear CT: 1.6 ms]
   [Other: 3.7 ms]
      [Choose CSet: 0.0 ms]
      [Ref Proc: 0.7 ms]
      [Ref Enq: 0.0 ms]
      [Free CSet: 0.1 ms]
   [Eden: 64.0M(1056.0M)->0.0B(1104.0M) Survivors: 160.0M->112.0M Heap: 13.6G(24.0G)->13.7G(24.0G)]
 [Times: user=1.22 sys=0.00, real=0.10 secs] 
2014-04-09T11:19:14.525+0900: 167.665: [GC concurrent-root-region-scan-start]
2014-04-09T11:19:14.530+0900: 167.669: [GC concurrent-root-region-scan-end, 0.0049132 secs]
2014-04-09T11:19:14.530+0900: 167.669: [GC concurrent-mark-start]
2014-04-09T11:19:16.074+0900: 169.213: [GC pause (G1 Evacuation Pause) (young), 0.0649141 secs]
   [Parallel Time: 56.2 ms, GC Workers: 13]
      [GC Worker Start (ms): Min: 169213.2, Avg: 169213.6, Max: 169213.8, Diff: 0.6]
      [Ext Root Scanning (ms): Min: 0.4, Avg: 0.7, Max: 1.4, Diff: 0.9, Sum: 9.3]
      [SATB Filtering (ms): Min: 0.0, Avg: 0.0, Max: 0.5, Diff: 0.5, Sum: 0.5]
      [Update RS (ms): Min: 6.4, Avg: 12.3, Max: 46.5, Diff: 40.1, Sum: 160.4]
         [Processed Buffers: Min: 1, Avg: 9.5, Max: 32, Diff: 31, Sum: 124]
      [Scan RS (ms): Min: 0.0, Avg: 7.9, Max: 9.9, Diff: 9.9, Sum: 103.3]
      [Code Root Scanning (ms): Min: 0.0, Avg: 0.0, Max: 0.0, Diff: 0.0, Sum: 0.0]
      [Object Copy (ms): Min: 7.0, Avg: 33.4, Max: 37.7, Diff: 30.7, Sum: 434.6]
      [Termination (ms): Min: 0.0, Avg: 0.0, Max: 0.0, Diff: 0.0, Sum: 0.0]
      [GC Worker Other (ms): Min: 0.0, Avg: 0.0, Max: 0.1, Diff: 0.1, Sum: 0.5]
      [GC Worker Total (ms): Min: 54.2, Avg: 54.5, Max: 54.8, Diff: 0.6, Sum: 708.6]
      [GC Worker End (ms): Min: 169268.0, Avg: 169268.1, Max: 169268.1, Diff: 0.1]
   [Code Root Fixup: 0.2 ms]
   [Code Root Migration: 0.0 ms]
   [Clear CT: 3.7 ms]
   [Other: 4.8 ms]
      [Choose CSet: 0.0 ms]
      [Ref Proc: 1.4 ms]
      [Ref Enq: 0.0 ms]
      [Free CSet: 0.5 ms]
   [Eden: 1104.0M(1104.0M)->0.0B(1056.0M) Survivors: 112.0M->160.0M Heap: 15.0G(24.0G)->14.1G(24.0G)]
 [Times: user=0.74 sys=0.01, real=0.07 secs] 
2014-04-09T11:19:16.190+0900: 169.329: [GC concurrent-mark-end, 1.6593592 secs]
2014-04-09T11:19:16.206+0900: 169.345: [GC remark 169.347: [GC ref-proc, 0.0086204 secs], 0.0383901 secs]
 [Times: user=0.29 sys=0.00, real=0.04 secs] 
2014-04-09T11:19:16.248+0900: 169.387: [GC cleanup 14G->12G(24G), 0.0317669 secs]
 [Times: user=0.37 sys=0.00, real=0.03 secs] 
2014-04-09T11:19:16.281+0900: 169.420: [GC concurrent-cleanup-start]
2014-04-09T11:19:16.284+0900: 169.423: [GC concurrent-cleanup-end, 0.0027173 secs]
2014-04-09T11:19:17.684+0900: 170.823: [GC pause (G1 Evacuation Pause) (young), 0.0894343 secs]
   [Parallel Time: 78.7 ms, GC Workers: 13]
      [GC Worker Start (ms): Min: 170823.4, Avg: 170823.6, Max: 170823.8, Diff: 0.4]
      [Ext Root Scanning (ms): Min: 0.6, Avg: 0.8, Max: 1.3, Diff: 0.8, Sum: 10.8]
      [Update RS (ms): Min: 1.7, Avg: 2.2, Max: 3.9, Diff: 2.2, Sum: 28.9]
         [Processed Buffers: Min: 1, Avg: 8.5, Max: 18, Diff: 17, Sum: 111]
      [Scan RS (ms): Min: 16.5, Avg: 18.2, Max: 18.7, Diff: 2.2, Sum: 236.3]
      [Code Root Scanning (ms): Min: 0.0, Avg: 0.0, Max: 0.0, Diff: 0.0, Sum: 0.0]
      [Object Copy (ms): Min: 56.4, Avg: 56.9, Max: 57.3, Diff: 0.8, Sum: 740.0]
      [Termination (ms): Min: 0.0, Avg: 0.0, Max: 0.0, Diff: 0.0, Sum: 0.2]
      [GC Worker Other (ms): Min: 0.0, Avg: 0.0, Max: 0.1, Diff: 0.1, Sum: 0.6]
      [GC Worker Total (ms): Min: 78.0, Avg: 78.2, Max: 78.4, Diff: 0.4, Sum: 1016.9]
      [GC Worker End (ms): Min: 170901.8, Avg: 170901.8, Max: 170901.9, Diff: 0.1]
   [Code Root Fixup: 0.4 ms]
   [Code Root Migration: 0.0 ms]
   [Clear CT: 4.0 ms]
   [Other: 6.4 ms]
      [Choose CSet: 0.0 ms]
      [Ref Proc: 1.4 ms]
      [Ref Enq: 0.0 ms]
      [Free CSet: 1.0 ms]
   [Eden: 1056.0M(1056.0M)->0.0B(1056.0M) Survivors: 160.0M->160.0M Heap: 13.8G(24.0G)->13.0G(24.0G)]
 [Times: user=1.06 sys=0.01, real=0.09 secs] 
2014-04-09T11:19:20.280+0900: 173.419: [GC pause (G1 Evacuation Pause) (mixed), 0.1247793 secs]
   [Parallel Time: 111.1 ms, GC Workers: 13]
      [GC Worker Start (ms): Min: 173419.9, Avg: 173420.3, Max: 173420.6, Diff: 0.7]
      [Ext Root Scanning (ms): Min: 0.6, Avg: 1.0, Max: 1.4, Diff: 0.8, Sum: 12.7]
      [Update RS (ms): Min: 5.8, Avg: 11.9, Max: 80.8, Diff: 75.0, Sum: 155.0]
         [Processed Buffers: Min: 3, Avg: 9.6, Max: 22, Diff: 19, Sum: 125]
      [Scan RS (ms): Min: 0.0, Avg: 21.1, Max: 23.5, Diff: 23.4, Sum: 274.4]
      [Code Root Scanning (ms): Min: 0.0, Avg: 0.0, Max: 0.0, Diff: 0.0, Sum: 0.0]
      [Object Copy (ms): Min: 27.1, Avg: 74.9, Max: 79.0, Diff: 51.9, Sum: 973.5]
      [Termination (ms): Min: 0.3, Avg: 0.4, Max: 0.5, Diff: 0.2, Sum: 4.7]
      [GC Worker Other (ms): Min: 0.0, Avg: 0.0, Max: 0.1, Diff: 0.1, Sum: 0.5]
      [GC Worker Total (ms): Min: 109.0, Avg: 109.3, Max: 109.6, Diff: 0.7, Sum: 1420.8]
      [GC Worker End (ms): Min: 173529.5, Avg: 173529.6, Max: 173529.6, Diff: 0.1]
   [Code Root Fixup: 0.1 ms]
   [Code Root Migration: 0.0 ms]
   [Clear CT: 4.5 ms]
   [Other: 9.1 ms]
      [Choose CSet: 0.2 ms]
      [Ref Proc: 1.4 ms]
      [Ref Enq: 0.0 ms]
      [Free CSet: 1.8 ms]
   [Eden: 1056.0M(1056.0M)->0.0B(1056.0M) Survivors: 160.0M->160.0M Heap: 14.1G(24.0G)->12.8G(24.0G)]
 [Times: user=1.46 sys=0.02, real=0.12 secs] 
2014-04-09T11:19:39.663+0900: 192.802: [GC pause (G1 Evacuation Pause) (young), 0.0331020 secs]
   [Parallel Time: 26.2 ms, GC Workers: 13]
      [GC Worker Start (ms): Min: 192802.1, Avg: 192802.4, Max: 192802.7, Diff: 0.6]
      [Ext Root Scanning (ms): Min: 0.6, Avg: 1.0, Max: 1.5, Diff: 0.9, Sum: 12.4]
      [Update RS (ms): Min: 5.0, Avg: 5.5, Max: 5.8, Diff: 0.8, Sum: 71.8]
         [Processed Buffers: Min: 3, Avg: 9.8, Max: 20, Diff: 17, Sum: 128]
      [Scan RS (ms): Min: 5.1, Avg: 5.4, Max: 5.6, Diff: 0.5, Sum: 70.7]
      [Code Root Scanning (ms): Min: 0.0, Avg: 0.0, Max: 0.0, Diff: 0.0, Sum: 0.0]
      [Object Copy (ms): Min: 12.7, Avg: 12.8, Max: 12.9, Diff: 0.2, Sum: 166.0]
      [Termination (ms): Min: 0.0, Avg: 0.0, Max: 0.0, Diff: 0.0, Sum: 0.0]
      [GC Worker Other (ms): Min: 0.0, Avg: 0.1, Max: 0.2, Diff: 0.1, Sum: 0.7]
      [GC Worker Total (ms): Min: 24.4, Avg: 24.7, Max: 25.0, Diff: 0.6, Sum: 321.6]
      [GC Worker End (ms): Min: 192827.1, Avg: 192827.1, Max: 192827.2, Diff: 0.1]
   [Code Root Fixup: 0.1 ms]
   [Code Root Migration: 0.0 ms]
   [Clear CT: 3.4 ms]
   [Other: 3.3 ms]
      [Choose CSet: 0.0 ms]
      [Ref Proc: 1.4 ms]
      [Ref Enq: 0.0 ms]
      [Free CSet: 0.4 ms]
   [Eden: 1056.0M(1056.0M)->0.0B(1104.0M) Survivors: 160.0M->112.0M Heap: 13.9G(24.0G)->12.9G(24.0G)]
 [Times: user=0.36 sys=0.00, real=0.03 secs] 
2014-04-09T11:19:40.152+0900: 193.291: [GC pause (G1 Humongous Allocation) (young) (initial-mark), 0.0125341 secs]
   [Parallel Time: 9.1 ms, GC Workers: 13]
      [GC Worker Start (ms): Min: 193291.6, Avg: 193291.8, Max: 193292.1, Diff: 0.5]
      [Ext Root Scanning (ms): Min: 0.6, Avg: 0.9, Max: 3.4, Diff: 2.9, Sum: 12.3]
      [Code Root Marking (ms): Min: 0.0, Avg: 0.7, Max: 6.6, Diff: 6.6, Sum: 9.5]
      [Update RS (ms): Min: 0.0, Avg: 3.1, Max: 4.3, Diff: 4.3, Sum: 40.2]
         [Processed Buffers: Min: 0, Avg: 6.5, Max: 28, Diff: 28, Sum: 84]
      [Scan RS (ms): Min: 0.0, Avg: 0.2, Max: 0.7, Diff: 0.7, Sum: 2.0]
      [Code Root Scanning (ms): Min: 0.0, Avg: 0.0, Max: 0.0, Diff: 0.0, Sum: 0.0]
      [Object Copy (ms): Min: 0.5, Avg: 1.4, Max: 2.8, Diff: 2.2, Sum: 17.7]
      [Termination (ms): Min: 0.0, Avg: 1.5, Max: 1.7, Diff: 1.7, Sum: 19.2]
      [GC Worker Other (ms): Min: 0.0, Avg: 0.0, Max: 0.0, Diff: 0.0, Sum: 0.3]
      [GC Worker Total (ms): Min: 7.6, Avg: 7.8, Max: 8.0, Diff: 0.4, Sum: 101.2]
      [GC Worker End (ms): Min: 193299.6, Avg: 193299.6, Max: 193299.7, Diff: 0.0]
   [Code Root Fixup: 0.2 ms]
   [Code Root Migration: 0.0 ms]
   [Clear CT: 1.5 ms]
   [Other: 1.8 ms]
      [Choose CSet: 0.0 ms]
      [Ref Proc: 0.6 ms]
      [Ref Enq: 0.0 ms]
      [Free CSet: 0.3 ms]
   [Eden: 1088.0M(1104.0M)->0.0B(1184.0M) Survivors: 112.0M->32.0M Heap: 14.0G(24.0G)->12.8G(24.0G)]
 [Times: user=0.10 sys=0.00, real=0.01 secs] 
2014-04-09T11:19:40.165+0900: 193.304: [GC concurrent-root-region-scan-start]
2014-04-09T11:19:40.176+0900: 193.315: [GC concurrent-root-region-scan-end, 0.0109162 secs]
2014-04-09T11:19:40.176+0900: 193.315: [GC concurrent-mark-start]
2014-04-09T11:19:41.380+0900: 194.520: [GC pause (G1 Evacuation Pause) (young), 0.0587594 secs]
   [Parallel Time: 51.4 ms, GC Workers: 13]
      [GC Worker Start (ms): Min: 194519.8, Avg: 194520.1, Max: 194520.3, Diff: 0.5]
      [Ext Root Scanning (ms): Min: 0.6, Avg: 0.7, Max: 1.3, Diff: 0.7, Sum: 9.7]
      [SATB Filtering (ms): Min: 0.0, Avg: 0.0, Max: 0.5, Diff: 0.5, Sum: 0.5]
      [Update RS (ms): Min: 2.7, Avg: 3.3, Max: 3.6, Diff: 1.0, Sum: 43.3]
         [Processed Buffers: Min: 2, Avg: 9.0, Max: 26, Diff: 24, Sum: 117]
      [Scan RS (ms): Min: 7.0, Avg: 7.5, Max: 7.7, Diff: 0.7, Sum: 97.5]
      [Code Root Scanning (ms): Min: 0.0, Avg: 0.0, Max: 0.0, Diff: 0.0, Sum: 0.0]
      [Object Copy (ms): Min: 38.5, Avg: 38.6, Max: 38.8, Diff: 0.3, Sum: 502.1]
      [Termination (ms): Min: 0.0, Avg: 0.0, Max: 0.0, Diff: 0.0, Sum: 0.0]
      [GC Worker Other (ms): Min: 0.0, Avg: 0.0, Max: 0.1, Diff: 0.1, Sum: 0.5]
      [GC Worker Total (ms): Min: 50.1, Avg: 50.3, Max: 50.6, Diff: 0.5, Sum: 653.6]
      [GC Worker End (ms): Min: 194570.4, Avg: 194570.4, Max: 194570.4, Diff: 0.1]
   [Code Root Fixup: 0.3 ms]
   [Code Root Migration: 0.0 ms]
   [Clear CT: 3.0 ms]
   [Other: 4.0 ms]
      [Choose CSet: 0.0 ms]
      [Ref Proc: 0.8 ms]
      [Ref Enq: 0.0 ms]
      [Free CSet: 0.9 ms]
   [Eden: 1184.0M(1184.0M)->0.0B(1056.0M) Survivors: 32.0M->160.0M Heap: 14.5G(24.0G)->13.5G(24.0G)]
 [Times: user=0.67 sys=0.02, real=0.06 secs] 
2014-04-09T11:19:41.799+0900: 194.939: [GC concurrent-mark-end, 1.6235920 secs]
2014-04-09T11:19:41.801+0900: 194.940: [GC remark 194.942: [GC ref-proc, 0.0073681 secs], 0.0352745 secs]
 [Times: user=0.26 sys=0.00, real=0.03 secs] 
2014-04-09T11:19:41.838+0900: 194.977: [GC cleanup 13G->13G(24G), 0.0306211 secs]
 [Times: user=0.34 sys=0.00, real=0.04 secs] 
2014-04-09T11:19:41.869+0900: 195.008: [GC concurrent-cleanup-start]
2014-04-09T11:19:41.870+0900: 195.009: [GC concurrent-cleanup-end, 0.0009152 secs]
2014-04-09T11:19:43.095+0900: 196.234: [GC pause (G1 Evacuation Pause) (young), 0.0888782 secs]
   [Parallel Time: 78.8 ms, GC Workers: 13]
      [GC Worker Start (ms): Min: 196234.7, Avg: 196234.9, Max: 196235.1, Diff: 0.4]
      [Ext Root Scanning (ms): Min: 0.6, Avg: 0.8, Max: 1.0, Diff: 0.3, Sum: 10.7]
      [Update RS (ms): Min: 4.6, Avg: 5.2, Max: 6.0, Diff: 1.4, Sum: 67.7]
         [Processed Buffers: Min: 11, Avg: 17.4, Max: 31, Diff: 20, Sum: 226]
      [Scan RS (ms): Min: 15.9, Avg: 16.8, Max: 17.2, Diff: 1.3, Sum: 218.2]
      [Code Root Scanning (ms): Min: 0.0, Avg: 0.0, Max: 0.0, Diff: 0.0, Sum: 0.0]
      [Object Copy (ms): Min: 54.6, Avg: 54.7, Max: 54.8, Diff: 0.2, Sum: 710.8]
      [Termination (ms): Min: 0.0, Avg: 0.0, Max: 0.0, Diff: 0.0, Sum: 0.0]
      [GC Worker Other (ms): Min: 0.0, Avg: 0.0, Max: 0.1, Diff: 0.1, Sum: 0.4]
      [GC Worker Total (ms): Min: 77.3, Avg: 77.5, Max: 77.7, Diff: 0.4, Sum: 1008.0]
      [GC Worker End (ms): Min: 196312.4, Avg: 196312.5, Max: 196312.5, Diff: 0.1]
   [Code Root Fixup: 0.3 ms]
   [Code Root Migration: 0.0 ms]
   [Clear CT: 3.9 ms]
   [Other: 5.8 ms]
      [Choose CSet: 0.0 ms]
      [Ref Proc: 0.6 ms]
      [Ref Enq: 0.0 ms]
      [Free CSet: 1.1 ms]
   [Eden: 1056.0M(1056.0M)->0.0B(1056.0M) Survivors: 160.0M->160.0M Heap: 14.1G(24.0G)->13.3G(24.0G)]
 [Times: user=1.06 sys=0.00, real=0.09 secs] 
2014-04-09T11:19:44.538+0900: 197.677: [GC pause (G1 Evacuation Pause) (mixed), 0.1806299 secs]
   [Parallel Time: 164.0 ms, GC Workers: 13]
      [GC Worker Start (ms): Min: 197677.4, Avg: 197677.7, Max: 197677.9, Diff: 0.4]
      [Ext Root Scanning (ms): Min: 0.6, Avg: 0.8, Max: 1.3, Diff: 0.7, Sum: 10.7]
      [Update RS (ms): Min: 2.0, Avg: 3.1, Max: 4.1, Diff: 2.0, Sum: 40.0]
         [Processed Buffers: Min: 5, Avg: 9.4, Max: 16, Diff: 11, Sum: 122]
      [Scan RS (ms): Min: 39.2, Avg: 40.2, Max: 40.7, Diff: 1.5, Sum: 522.3]
      [Code Root Scanning (ms): Min: 0.0, Avg: 0.0, Max: 0.0, Diff: 0.0, Sum: 0.1]
      [Object Copy (ms): Min: 118.8, Avg: 118.9, Max: 119.1, Diff: 0.2, Sum: 1546.1]
      [Termination (ms): Min: 0.0, Avg: 0.0, Max: 0.1, Diff: 0.1, Sum: 0.6]
      [GC Worker Other (ms): Min: 0.0, Avg: 0.1, Max: 0.3, Diff: 0.2, Sum: 1.2]
      [GC Worker Total (ms): Min: 162.9, Avg: 163.1, Max: 163.5, Diff: 0.6, Sum: 2120.9]
      [GC Worker End (ms): Min: 197840.8, Avg: 197840.8, Max: 197841.0, Diff: 0.2]
   [Code Root Fixup: 0.3 ms]
   [Code Root Migration: 0.1 ms]
   [Clear CT: 4.2 ms]
   [Other: 12.2 ms]
      [Choose CSet: 0.4 ms]
      [Ref Proc: 0.9 ms]
      [Ref Enq: 0.0 ms]
      [Free CSet: 2.5 ms]
   [Eden: 1056.0M(1056.0M)->0.0B(1056.0M) Survivors: 160.0M->160.0M Heap: 14.8G(24.0G)->13.3G(24.0G)]
 [Times: user=2.18 sys=0.01, real=0.18 secs] 
2014-04-09T11:19:45.338+0900: 198.477: [GC pause (G1 Evacuation Pause) (mixed), 0.2009173 secs]
   [Parallel Time: 182.6 ms, GC Workers: 13]
      [GC Worker Start (ms): Min: 198478.0, Avg: 198478.1, Max: 198478.3, Diff: 0.3]
      [Ext Root Scanning (ms): Min: 0.6, Avg: 0.9, Max: 1.9, Diff: 1.2, Sum: 11.4]
      [Update RS (ms): Min: 3.6, Avg: 10.2, Max: 74.0, Diff: 70.4, Sum: 132.4]
         [Processed Buffers: Min: 8, Avg: 16.5, Max: 27, Diff: 19, Sum: 214]
      [Scan RS (ms): Min: 0.0, Avg: 47.8, Max: 52.2, Diff: 52.1, Sum: 620.9]
      [Code Root Scanning (ms): Min: 0.0, Avg: 0.0, Max: 0.1, Diff: 0.1, Sum: 0.2]
      [Object Copy (ms): Min: 106.8, Avg: 122.9, Max: 124.4, Diff: 17.6, Sum: 1597.2]
      [Termination (ms): Min: 0.0, Avg: 0.0, Max: 0.0, Diff: 0.0, Sum: 0.0]
      [GC Worker Other (ms): Min: 0.0, Avg: 0.0, Max: 0.1, Diff: 0.0, Sum: 0.4]
      [GC Worker Total (ms): Min: 181.6, Avg: 181.7, Max: 181.9, Diff: 0.3, Sum: 2362.7]
      [GC Worker End (ms): Min: 198659.9, Avg: 198659.9, Max: 198659.9, Diff: 0.0]
   [Code Root Fixup: 0.3 ms]
   [Code Root Migration: 0.2 ms]
   [Clear CT: 4.5 ms]
   [Other: 13.3 ms]
      [Choose CSet: 0.7 ms]
      [Ref Proc: 0.6 ms]
      [Ref Enq: 0.0 ms]
      [Free CSet: 2.4 ms]
   [Eden: 1056.0M(1056.0M)->0.0B(1056.0M) Survivors: 160.0M->160.0M Heap: 14.7G(24.0G)->13.3G(24.0G)]
 [Times: user=2.42 sys=0.01, real=0.20 secs] 
2014-04-09T11:19:46.330+0900: 199.469: [GC pause (G1 Evacuation Pause) (mixed), 0.1993417 secs]
   [Parallel Time: 180.8 ms, GC Workers: 13]
      [GC Worker Start (ms): Min: 199470.9, Avg: 199471.0, Max: 199471.2, Diff: 0.3]
      [Ext Root Scanning (ms): Min: 0.6, Avg: 0.9, Max: 1.4, Diff: 0.8, Sum: 11.4]
      [Update RS (ms): Min: 3.4, Avg: 10.0, Max: 73.8, Diff: 70.4, Sum: 129.7]
         [Processed Buffers: Min: 13, Avg: 17.3, Max: 24, Diff: 11, Sum: 225]
      [Scan RS (ms): Min: 0.0, Avg: 51.7, Max: 56.7, Diff: 56.6, Sum: 672.0]
      [Code Root Scanning (ms): Min: 0.0, Avg: 0.0, Max: 0.0, Diff: 0.0, Sum: 0.1]
      [Object Copy (ms): Min: 105.6, Avg: 117.7, Max: 119.0, Diff: 13.5, Sum: 1530.0]
      [Termination (ms): Min: 0.0, Avg: 0.0, Max: 0.0, Diff: 0.0, Sum: 0.0]
      [GC Worker Other (ms): Min: 0.0, Avg: 0.0, Max: 0.1, Diff: 0.0, Sum: 0.5]
      [GC Worker Total (ms): Min: 180.1, Avg: 180.3, Max: 180.4, Diff: 0.3, Sum: 2343.6]
      [GC Worker End (ms): Min: 199651.3, Avg: 199651.3, Max: 199651.3, Diff: 0.0]
   [Code Root Fixup: 0.3 ms]
   [Code Root Migration: 0.1 ms]
   [Clear CT: 4.0 ms]
   [Other: 14.1 ms]
      [Choose CSet: 0.8 ms]
      [Ref Proc: 0.8 ms]
      [Ref Enq: 0.0 ms]
      [Free CSet: 2.5 ms]
   [Eden: 1056.0M(1056.0M)->0.0B(1056.0M) Survivors: 160.0M->160.0M Heap: 14.6G(24.0G)->13.2G(24.0G)]
 [Times: user=2.40 sys=0.00, real=0.20 secs] 
2014-04-09T11:19:47.477+0900: 200.616: [GC pause (G1 Evacuation Pause) (mixed), 0.1190351 secs]
   [Parallel Time: 106.9 ms, GC Workers: 13]
      [GC Worker Start (ms): Min: 200616.2, Avg: 200616.4, Max: 200616.7, Diff: 0.5]
      [Ext Root Scanning (ms): Min: 0.6, Avg: 0.9, Max: 1.3, Diff: 0.7, Sum: 11.3]
      [Update RS (ms): Min: 4.0, Avg: 5.1, Max: 5.7, Diff: 1.7, Sum: 66.5]
         [Processed Buffers: Min: 3, Avg: 10.7, Max: 26, Diff: 23, Sum: 139]
      [Scan RS (ms): Min: 27.6, Avg: 28.5, Max: 29.8, Diff: 2.2, Sum: 370.1]
      [Code Root Scanning (ms): Min: 0.0, Avg: 0.0, Max: 0.0, Diff: 0.0, Sum: 0.0]
      [Object Copy (ms): Min: 70.9, Avg: 71.7, Max: 71.9, Diff: 1.0, Sum: 931.5]
      [Termination (ms): Min: 0.0, Avg: 0.1, Max: 0.1, Diff: 0.1, Sum: 1.5]
      [GC Worker Other (ms): Min: 0.0, Avg: 0.0, Max: 0.1, Diff: 0.0, Sum: 0.4]
      [GC Worker Total (ms): Min: 106.0, Avg: 106.2, Max: 106.5, Diff: 0.5, Sum: 1381.2]
      [GC Worker End (ms): Min: 200722.7, Avg: 200722.7, Max: 200722.7, Diff: 0.0]
   [Code Root Fixup: 0.3 ms]
   [Code Root Migration: 0.0 ms]
   [Clear CT: 4.5 ms]
   [Other: 7.3 ms]
      [Choose CSet: 0.1 ms]
      [Ref Proc: 0.6 ms]
      [Ref Enq: 0.0 ms]
      [Free CSet: 1.3 ms]
   [Eden: 1056.0M(1056.0M)->0.0B(1056.0M) Survivors: 160.0M->160.0M Heap: 14.6G(24.0G)->13.7G(24.0G)]
 [Times: user=1.44 sys=0.01, real=0.12 secs] 
2014-04-09T11:19:47.655+0900: 200.794: [GC pause (G1 Humongous Allocation) (young) (initial-mark), 0.1359241 secs]
   [Parallel Time: 128.8 ms, GC Workers: 13]
      [GC Worker Start (ms): Min: 200794.1, Avg: 200794.4, Max: 200794.7, Diff: 0.6]
      [Ext Root Scanning (ms): Min: 0.4, Avg: 0.8, Max: 3.2, Diff: 2.8, Sum: 10.9]
      [Code Root Marking (ms): Min: 0.0, Avg: 0.6, Max: 4.5, Diff: 4.5, Sum: 7.2]
      [Update RS (ms): Min: 62.8, Avg: 66.7, Max: 70.4, Diff: 7.6, Sum: 867.4]
         [Processed Buffers: Min: 31, Avg: 38.2, Max: 45, Diff: 14, Sum: 496]
      [Scan RS (ms): Min: 4.2, Avg: 7.5, Max: 9.1, Diff: 4.8, Sum: 97.6]
      [Code Root Scanning (ms): Min: 0.0, Avg: 0.0, Max: 0.0, Diff: 0.0, Sum: 0.0]
      [Object Copy (ms): Min: 51.0, Avg: 51.6, Max: 52.2, Diff: 1.2, Sum: 670.8]
      [Termination (ms): Min: 0.0, Avg: 0.0, Max: 0.1, Diff: 0.1, Sum: 0.6]
      [GC Worker Other (ms): Min: 0.0, Avg: 0.0, Max: 0.0, Diff: 0.0, Sum: 0.3]
      [GC Worker Total (ms): Min: 127.0, Avg: 127.3, Max: 127.6, Diff: 0.6, Sum: 1655.0]
      [GC Worker End (ms): Min: 200921.7, Avg: 200921.7, Max: 200921.7, Diff: 0.0]
   [Code Root Fixup: 0.3 ms]
   [Code Root Migration: 0.0 ms]
   [Clear CT: 1.7 ms]
   [Other: 5.1 ms]
      [Choose CSet: 0.0 ms]
      [Ref Proc: 0.8 ms]
      [Ref Enq: 0.0 ms]
      [Free CSet: 0.1 ms]
   [Eden: 32.0M(1056.0M)->0.0B(1104.0M) Survivors: 160.0M->112.0M Heap: 13.8G(24.0G)->13.9G(24.0G)]
 [Times: user=1.66 sys=0.00, real=0.14 secs] 
2014-04-09T11:19:47.791+0900: 200.930: [GC concurrent-root-region-scan-start]
2014-04-09T11:19:47.793+0900: 200.932: [GC concurrent-root-region-scan-end, 0.0018553 secs]
2014-04-09T11:19:47.793+0900: 200.932: [GC concurrent-mark-start]
2014-04-09T11:19:49.187+0900: 202.326: [GC pause (G1 Evacuation Pause) (young), 0.0634182 secs]
   [Parallel Time: 53.8 ms, GC Workers: 13]
      [GC Worker Start (ms): Min: 202327.1, Avg: 202327.4, Max: 202327.6, Diff: 0.5]
      [Ext Root Scanning (ms): Min: 0.5, Avg: 0.8, Max: 1.2, Diff: 0.7, Sum: 9.9]
      [SATB Filtering (ms): Min: 0.0, Avg: 0.0, Max: 0.3, Diff: 0.3, Sum: 0.3]
      [Update RS (ms): Min: 2.6, Avg: 3.6, Max: 5.3, Diff: 2.7, Sum: 46.6]
         [Processed Buffers: Min: 10, Avg: 15.9, Max: 25, Diff: 15, Sum: 207]
      [Scan RS (ms): Min: 13.2, Avg: 14.8, Max: 15.4, Diff: 2.2, Sum: 192.6]
      [Code Root Scanning (ms): Min: 0.0, Avg: 0.0, Max: 0.0, Diff: 0.0, Sum: 0.0]
      [Object Copy (ms): Min: 33.2, Avg: 33.4, Max: 33.7, Diff: 0.5, Sum: 434.4]
      [Termination (ms): Min: 0.0, Avg: 0.0, Max: 0.0, Diff: 0.0, Sum: 0.1]
      [GC Worker Other (ms): Min: 0.0, Avg: 0.1, Max: 0.1, Diff: 0.1, Sum: 0.7]
      [GC Worker Total (ms): Min: 52.4, Avg: 52.7, Max: 52.9, Diff: 0.5, Sum: 684.6]
      [GC Worker End (ms): Min: 202380.0, Avg: 202380.1, Max: 202380.1, Diff: 0.1]
   [Code Root Fixup: 0.4 ms]
   [Code Root Migration: 0.0 ms]
   [Clear CT: 4.3 ms]
   [Other: 4.9 ms]
      [Choose CSet: 0.0 ms]
      [Ref Proc: 1.2 ms]
      [Ref Enq: 0.0 ms]
      [Free CSet: 0.6 ms]
   [Eden: 1104.0M(1104.0M)->0.0B(1056.0M) Survivors: 112.0M->160.0M Heap: 15.3G(24.0G)->14.4G(24.0G)]
 [Times: user=0.73 sys=0.00, real=0.07 secs] 
2014-04-09T11:19:49.588+0900: 202.727: [GC concurrent-mark-end, 1.7955821 secs]
2014-04-09T11:19:49.590+0900: 202.729: [GC remark 202.730: [GC ref-proc, 0.0067687 secs], 0.0338048 secs]
 [Times: user=0.27 sys=0.00, real=0.03 secs] 
2014-04-09T11:19:49.625+0900: 202.764: [GC cleanup 14G->12G(24G), 0.0292789 secs]
 [Times: user=0.34 sys=0.01, real=0.03 secs] 
2014-04-09T11:19:49.655+0900: 202.794: [GC concurrent-cleanup-start]
2014-04-09T11:19:49.657+0900: 202.796: [GC concurrent-cleanup-end, 0.0022285 secs]
2014-04-09T11:19:51.293+0900: 204.432: [GC pause (G1 Evacuation Pause) (young), 0.1876030 secs]
   [Parallel Time: 178.3 ms, GC Workers: 13]
      [GC Worker Start (ms): Min: 204432.7, Avg: 204433.0, Max: 204433.3, Diff: 0.6]
      [Ext Root Scanning (ms): Min: 0.5, Avg: 0.7, Max: 1.1, Diff: 0.6, Sum: 9.6]
      [Update RS (ms): Min: 16.1, Avg: 16.6, Max: 18.0, Diff: 2.0, Sum: 216.2]
         [Processed Buffers: Min: 4, Avg: 10.7, Max: 28, Diff: 24, Sum: 139]
      [Scan RS (ms): Min: 49.1, Avg: 50.1, Max: 51.3, Diff: 2.1, Sum: 651.6]
      [Code Root Scanning (ms): Min: 0.0, Avg: 0.0, Max: 0.0, Diff: 0.0, Sum: 0.0]
      [Object Copy (ms): Min: 108.4, Avg: 109.0, Max: 109.8, Diff: 1.4, Sum: 1416.8]
      [Termination (ms): Min: 0.0, Avg: 1.3, Max: 1.5, Diff: 1.5, Sum: 16.4]
      [GC Worker Other (ms): Min: 0.0, Avg: 0.0, Max: 0.1, Diff: 0.1, Sum: 0.5]
      [GC Worker Total (ms): Min: 177.5, Avg: 177.8, Max: 178.2, Diff: 0.7, Sum: 2311.1]
      [GC Worker End (ms): Min: 204610.8, Avg: 204610.8, Max: 204610.8, Diff: 0.1]
   [Code Root Fixup: 0.2 ms]
   [Code Root Migration: 0.0 ms]
   [Clear CT: 2.9 ms]
   [Other: 6.1 ms]
      [Choose CSet: 0.0 ms]
      [Ref Proc: 0.3 ms]
      [Ref Enq: 0.0 ms]
      [Free CSet: 0.7 ms]
   [Eden: 1056.0M(1056.0M)->0.0B(1056.0M) Survivors: 160.0M->160.0M Heap: 13.6G(24.0G)->12.8G(24.0G)]
 [Times: user=2.23 sys=0.03, real=0.19 secs] 
2014-04-09T11:19:52.741+0900: 205.880: [GC pause (G1 Evacuation Pause) (mixed), 0.1655961 secs]
   [Parallel Time: 149.1 ms, GC Workers: 13]
      [GC Worker Start (ms): Min: 205881.0, Avg: 205881.3, Max: 205881.7, Diff: 0.7]
      [Ext Root Scanning (ms): Min: 0.5, Avg: 0.9, Max: 1.9, Diff: 1.4, Sum: 11.1]
      [Update RS (ms): Min: 3.2, Avg: 3.7, Max: 5.1, Diff: 1.9, Sum: 48.7]
         [Processed Buffers: Min: 2, Avg: 9.8, Max: 20, Diff: 18, Sum: 127]
      [Scan RS (ms): Min: 54.3, Avg: 55.4, Max: 55.9, Diff: 1.6, Sum: 720.8]
      [Code Root Scanning (ms): Min: 0.0, Avg: 0.0, Max: 0.0, Diff: 0.0, Sum: 0.1]
      [Object Copy (ms): Min: 87.4, Avg: 87.7, Max: 87.9, Diff: 0.5, Sum: 1140.0]
      [Termination (ms): Min: 0.0, Avg: 0.1, Max: 0.1, Diff: 0.1, Sum: 1.3]
      [GC Worker Other (ms): Min: 0.0, Avg: 0.1, Max: 0.2, Diff: 0.1, Sum: 0.8]
      [GC Worker Total (ms): Min: 147.5, Avg: 147.9, Max: 148.2, Diff: 0.7, Sum: 1922.7]
      [GC Worker End (ms): Min: 206029.2, Avg: 206029.2, Max: 206029.3, Diff: 0.2]
   [Code Root Fixup: 0.1 ms]
   [Code Root Migration: 0.1 ms]
   [Clear CT: 5.4 ms]
   [Other: 10.9 ms]
      [Choose CSet: 0.3 ms]
      [Ref Proc: 1.1 ms]
      [Ref Enq: 0.0 ms]
      [Free CSet: 2.0 ms]
   [Eden: 1056.0M(1056.0M)->0.0B(1056.0M) Survivors: 160.0M->160.0M Heap: 13.9G(24.0G)->12.7G(24.0G)]
 [Times: user=1.96 sys=0.03, real=0.16 secs] 
2014-04-09T11:20:10.249+0900: 223.388: [GC pause (G1 Evacuation Pause) (young), 0.0563467 secs]
   [Parallel Time: 49.5 ms, GC Workers: 13]
      [GC Worker Start (ms): Min: 223388.3, Avg: 223388.6, Max: 223388.8, Diff: 0.6]
      [Ext Root Scanning (ms): Min: 0.5, Avg: 0.8, Max: 1.1, Diff: 0.6, Sum: 10.2]
      [Update RS (ms): Min: 10.4, Avg: 11.1, Max: 11.8, Diff: 1.3, Sum: 144.5]
         [Processed Buffers: Min: 5, Avg: 10.1, Max: 29, Diff: 24, Sum: 131]
      [Scan RS (ms): Min: 12.7, Avg: 13.2, Max: 13.5, Diff: 0.7, Sum: 171.7]
      [Code Root Scanning (ms): Min: 0.0, Avg: 0.0, Max: 0.0, Diff: 0.0, Sum: 0.0]
      [Object Copy (ms): Min: 22.8, Avg: 22.9, Max: 23.1, Diff: 0.2, Sum: 298.0]
      [Termination (ms): Min: 0.0, Avg: 0.0, Max: 0.0, Diff: 0.0, Sum: 0.4]
      [GC Worker Other (ms): Min: 0.0, Avg: 0.1, Max: 0.2, Diff: 0.2, Sum: 0.9]
      [GC Worker Total (ms): Min: 47.9, Avg: 48.1, Max: 48.4, Diff: 0.5, Sum: 625.7]
      [GC Worker End (ms): Min: 223436.7, Avg: 223436.7, Max: 223436.9, Diff: 0.2]
   [Code Root Fixup: 0.1 ms]
   [Code Root Migration: 0.0 ms]
   [Clear CT: 3.0 ms]
   [Other: 3.7 ms]
      [Choose CSet: 0.0 ms]
      [Ref Proc: 1.3 ms]
      [Ref Enq: 0.0 ms]
      [Free CSet: 0.9 ms]
   [Eden: 1056.0M(1056.0M)->0.0B(1056.0M) Survivors: 160.0M->160.0M Heap: 13.7G(24.0G)->12.7G(24.0G)]
 [Times: user=0.65 sys=0.00, real=0.06 secs] 
2014-04-09T11:20:10.806+0900: 223.945: [GC pause (G1 Humongous Allocation) (young) (initial-mark), 0.0467390 secs]
   [Parallel Time: 40.4 ms, GC Workers: 13]
      [GC Worker Start (ms): Min: 223945.1, Avg: 223945.5, Max: 223945.7, Diff: 0.6]
      [Ext Root Scanning (ms): Min: 0.4, Avg: 0.7, Max: 2.5, Diff: 2.2, Sum: 9.2]
      [Code Root Marking (ms): Min: 0.0, Avg: 0.6, Max: 4.5, Diff: 4.5, Sum: 7.6]
      [Update RS (ms): Min: 0.3, Avg: 4.5, Max: 6.9, Diff: 6.6, Sum: 58.3]
         [Processed Buffers: Min: 2, Avg: 6.3, Max: 30, Diff: 28, Sum: 82]
      [Scan RS (ms): Min: 11.0, Avg: 12.4, Max: 13.0, Diff: 2.0, Sum: 160.6]
      [Code Root Scanning (ms): Min: 0.0, Avg: 0.0, Max: 0.0, Diff: 0.0, Sum: 0.0]
      [Object Copy (ms): Min: 20.2, Avg: 20.8, Max: 22.3, Diff: 2.1, Sum: 270.9]
      [Termination (ms): Min: 0.0, Avg: 0.0, Max: 0.0, Diff: 0.0, Sum: 0.1]
      [GC Worker Other (ms): Min: 0.0, Avg: 0.0, Max: 0.1, Diff: 0.0, Sum: 0.4]
      [GC Worker Total (ms): Min: 38.7, Avg: 39.0, Max: 39.3, Diff: 0.6, Sum: 507.0]
      [GC Worker End (ms): Min: 223984.4, Avg: 223984.5, Max: 223984.5, Diff: 0.0]
   [Code Root Fixup: 0.2 ms]
   [Code Root Migration: 0.0 ms]
   [Clear CT: 2.9 ms]
   [Other: 3.2 ms]
      [Choose CSet: 0.0 ms]
      [Ref Proc: 1.1 ms]
      [Ref Enq: 0.0 ms]
      [Free CSet: 0.3 ms]
   [Eden: 832.0M(1056.0M)->0.0B(1056.0M) Survivors: 160.0M->160.0M Heap: 13.5G(24.0G)->12.7G(24.0G)]
 [Times: user=0.54 sys=0.01, real=0.04 secs] 
2014-04-09T11:20:10.853+0900: 223.992: [GC concurrent-root-region-scan-start]
2014-04-09T11:20:10.889+0900: 224.028: [GC concurrent-root-region-scan-end, 0.0361533 secs]
2014-04-09T11:20:10.889+0900: 224.028: [GC concurrent-mark-start]
2014-04-09T11:20:11.880+0900: 225.019: [GC pause (G1 Evacuation Pause) (young), 0.0685936 secs]
   [Parallel Time: 59.8 ms, GC Workers: 13]
      [GC Worker Start (ms): Min: 225019.2, Avg: 225019.5, Max: 225019.7, Diff: 0.5]
      [Ext Root Scanning (ms): Min: 0.4, Avg: 0.7, Max: 1.4, Diff: 1.0, Sum: 8.5]
      [SATB Filtering (ms): Min: 0.0, Avg: 0.0, Max: 0.2, Diff: 0.2, Sum: 0.2]
      [Update RS (ms): Min: 3.1, Avg: 3.8, Max: 5.1, Diff: 2.0, Sum: 49.7]
         [Processed Buffers: Min: 11, Avg: 15.6, Max: 21, Diff: 10, Sum: 203]
      [Scan RS (ms): Min: 11.7, Avg: 12.9, Max: 13.1, Diff: 1.5, Sum: 167.5]
      [Code Root Scanning (ms): Min: 0.0, Avg: 0.0, Max: 0.0, Diff: 0.0, Sum: 0.0]
      [Object Copy (ms): Min: 41.2, Avg: 41.2, Max: 41.3, Diff: 0.1, Sum: 535.6]
      [Termination (ms): Min: 0.0, Avg: 0.0, Max: 0.0, Diff: 0.0, Sum: 0.0]
      [GC Worker Other (ms): Min: 0.0, Avg: 0.1, Max: 0.2, Diff: 0.2, Sum: 0.7]
      [GC Worker Total (ms): Min: 58.4, Avg: 58.6, Max: 58.9, Diff: 0.5, Sum: 762.3]
      [GC Worker End (ms): Min: 225078.1, Avg: 225078.1, Max: 225078.3, Diff: 0.2]
   [Code Root Fixup: 0.2 ms]
   [Code Root Migration: 0.0 ms]
   [Clear CT: 3.9 ms]
   [Other: 4.7 ms]
      [Choose CSet: 0.0 ms]
      [Ref Proc: 1.2 ms]
      [Ref Enq: 0.0 ms]
      [Free CSet: 0.9 ms]
   [Eden: 1056.0M(1056.0M)->0.0B(1056.0M) Survivors: 160.0M->160.0M Heap: 14.1G(24.0G)->13.3G(24.0G)]
 [Times: user=0.80 sys=0.00, real=0.07 secs] 
2014-04-09T11:20:12.362+0900: 225.501: [GC concurrent-mark-end, 1.4731091 secs]
2014-04-09T11:20:12.364+0900: 225.503: [GC remark 225.504: [GC ref-proc, 0.0043921 secs], 0.0269533 secs]
 [Times: user=0.21 sys=0.00, real=0.02 secs] 
2014-04-09T11:20:12.392+0900: 225.531: [GC cleanup 13G->13G(24G), 0.0307149 secs]
 [Times: user=0.37 sys=0.00, real=0.03 secs] 
2014-04-09T11:20:12.423+0900: 225.562: [GC concurrent-cleanup-start]
2014-04-09T11:20:12.424+0900: 225.563: [GC concurrent-cleanup-end, 0.0007930 secs]
2014-04-09T11:20:13.198+0900: 226.337: [GC pause (G1 Evacuation Pause) (young), 0.0915348 secs]
   [Parallel Time: 81.1 ms, GC Workers: 13]
      [GC Worker Start (ms): Min: 226337.5, Avg: 226337.7, Max: 226338.0, Diff: 0.5]
      [Ext Root Scanning (ms): Min: 0.6, Avg: 0.8, Max: 1.4, Diff: 0.8, Sum: 10.8]
      [Update RS (ms): Min: 4.0, Avg: 5.1, Max: 7.2, Diff: 3.2, Sum: 66.3]
         [Processed Buffers: Min: 14, Avg: 18.3, Max: 24, Diff: 10, Sum: 238]
      [Scan RS (ms): Min: 15.4, Avg: 17.4, Max: 17.9, Diff: 2.5, Sum: 226.3]
      [Code Root Scanning (ms): Min: 0.0, Avg: 0.0, Max: 0.0, Diff: 0.0, Sum: 0.0]
      [Object Copy (ms): Min: 56.3, Avg: 56.4, Max: 56.6, Diff: 0.3, Sum: 733.3]
      [Termination (ms): Min: 0.0, Avg: 0.1, Max: 0.1, Diff: 0.1, Sum: 1.3]
      [GC Worker Other (ms): Min: 0.0, Avg: 0.0, Max: 0.1, Diff: 0.1, Sum: 0.5]
      [GC Worker Total (ms): Min: 79.6, Avg: 79.9, Max: 80.1, Diff: 0.5, Sum: 1038.7]
      [GC Worker End (ms): Min: 226417.6, Avg: 226417.6, Max: 226417.7, Diff: 0.1]
   [Code Root Fixup: 0.3 ms]
   [Code Root Migration: 0.0 ms]
   [Clear CT: 3.6 ms]
   [Other: 6.4 ms]
      [Choose CSet: 0.0 ms]
      [Ref Proc: 1.8 ms]
      [Ref Enq: 0.0 ms]
      [Free CSet: 1.0 ms]
   [Eden: 1056.0M(1056.0M)->0.0B(1056.0M) Survivors: 160.0M->160.0M Heap: 14.0G(24.0G)->13.2G(24.0G)]
 [Times: user=1.08 sys=0.00, real=0.09 secs] 
2014-04-09T11:20:14.574+0900: 227.713: [GC pause (G1 Evacuation Pause) (mixed), 0.1789275 secs]
   [Parallel Time: 162.8 ms, GC Workers: 13]
      [GC Worker Start (ms): Min: 227714.1, Avg: 227714.3, Max: 227714.5, Diff: 0.4]
      [Ext Root Scanning (ms): Min: 0.3, Avg: 0.7, Max: 2.0, Diff: 1.7, Sum: 9.6]
      [Update RS (ms): Min: 0.0, Avg: 2.7, Max: 4.7, Diff: 4.7, Sum: 35.5]
         [Processed Buffers: Min: 0, Avg: 9.8, Max: 17, Diff: 17, Sum: 127]
      [Scan RS (ms): Min: 46.9, Avg: 53.2, Max: 62.0, Diff: 15.1, Sum: 692.0]
      [Code Root Scanning (ms): Min: 0.0, Avg: 0.0, Max: 0.0, Diff: 0.0, Sum: 0.1]
      [Object Copy (ms): Min: 95.5, Avg: 105.0, Max: 114.3, Diff: 18.8, Sum: 1364.4]
      [Termination (ms): Min: 0.0, Avg: 0.2, Max: 0.2, Diff: 0.2, Sum: 2.1]
      [GC Worker Other (ms): Min: 0.0, Avg: 0.0, Max: 0.1, Diff: 0.0, Sum: 0.4]
      [GC Worker Total (ms): Min: 161.6, Avg: 161.9, Max: 162.0, Diff: 0.4, Sum: 2104.1]
      [GC Worker End (ms): Min: 227876.1, Avg: 227876.1, Max: 227876.2, Diff: 0.0]
   [Code Root Fixup: 0.3 ms]
   [Code Root Migration: 0.1 ms]
   [Clear CT: 5.3 ms]
   [Other: 10.4 ms]
      [Choose CSet: 0.6 ms]
      [Ref Proc: 0.6 ms]
      [Ref Enq: 0.0 ms]
      [Free CSet: 2.5 ms]
   [Eden: 1056.0M(1056.0M)->0.0B(1056.0M) Survivors: 160.0M->160.0M Heap: 14.7G(24.0G)->13.3G(24.0G)]
 [Times: user=1.99 sys=0.00, real=0.17 secs] 
2014-04-09T11:20:15.784+0900: 228.923: [GC pause (G1 Evacuation Pause) (mixed), 0.1918289 secs]
   [Parallel Time: 173.4 ms, GC Workers: 13]
      [GC Worker Start (ms): Min: 228925.0, Avg: 228925.3, Max: 228925.5, Diff: 0.5]
      [Ext Root Scanning (ms): Min: 0.6, Avg: 0.8, Max: 1.2, Diff: 0.6, Sum: 10.9]
      [Update RS (ms): Min: 6.0, Avg: 6.9, Max: 8.6, Diff: 2.6, Sum: 89.3]
         [Processed Buffers: Min: 13, Avg: 21.3, Max: 28, Diff: 15, Sum: 277]
      [Scan RS (ms): Min: 52.7, Avg: 54.2, Max: 54.8, Diff: 2.1, Sum: 704.2]
      [Code Root Scanning (ms): Min: 0.0, Avg: 0.0, Max: 0.0, Diff: 0.0, Sum: 0.1]
      [Object Copy (ms): Min: 109.7, Avg: 110.0, Max: 110.6, Diff: 0.9, Sum: 1429.4]
      [Termination (ms): Min: 0.0, Avg: 0.0, Max: 0.0, Diff: 0.0, Sum: 0.0]
      [GC Worker Other (ms): Min: 0.0, Avg: 0.0, Max: 0.1, Diff: 0.1, Sum: 0.6]
      [GC Worker Total (ms): Min: 171.7, Avg: 171.9, Max: 172.2, Diff: 0.5, Sum: 2234.6]
      [GC Worker End (ms): Min: 229097.2, Avg: 229097.2, Max: 229097.3, Diff: 0.1]
   [Code Root Fixup: 0.4 ms]
   [Code Root Migration: 0.1 ms]
   [Clear CT: 4.8 ms]
   [Other: 13.1 ms]
      [Choose CSet: 0.9 ms]
      [Ref Proc: 1.3 ms]
      [Ref Enq: 0.0 ms]
      [Free CSet: 2.8 ms]
   [Eden: 1056.0M(1056.0M)->0.0B(1056.0M) Survivors: 160.0M->160.0M Heap: 14.6G(24.0G)->13.3G(24.0G)]
 [Times: user=2.30 sys=0.00, real=0.19 secs] 
2014-04-09T11:20:16.780+0900: 229.919: [GC pause (G1 Evacuation Pause) (mixed), 0.1897823 secs]
   [Parallel Time: 172.2 ms, GC Workers: 13]
      [GC Worker Start (ms): Min: 229920.3, Avg: 229920.5, Max: 229920.7, Diff: 0.4]
      [Ext Root Scanning (ms): Min: 0.6, Avg: 0.8, Max: 1.4, Diff: 0.8, Sum: 10.5]
      [Update RS (ms): Min: 3.3, Avg: 3.7, Max: 4.5, Diff: 1.2, Sum: 48.2]
         [Processed Buffers: Min: 7, Avg: 13.5, Max: 22, Diff: 15, Sum: 175]
      [Scan RS (ms): Min: 56.5, Avg: 57.3, Max: 57.8, Diff: 1.3, Sum: 744.4]
      [Code Root Scanning (ms): Min: 0.0, Avg: 0.0, Max: 0.0, Diff: 0.0, Sum: 0.1]
      [Object Copy (ms): Min: 109.2, Avg: 109.6, Max: 109.8, Diff: 0.6, Sum: 1425.0]
      [Termination (ms): Min: 0.0, Avg: 0.0, Max: 0.0, Diff: 0.0, Sum: 0.3]
      [GC Worker Other (ms): Min: 0.0, Avg: 0.0, Max: 0.1, Diff: 0.1, Sum: 0.6]
      [GC Worker Total (ms): Min: 171.3, Avg: 171.5, Max: 171.7, Diff: 0.4, Sum: 2229.2]
      [GC Worker End (ms): Min: 230092.0, Avg: 230092.0, Max: 230092.0, Diff: 0.1]
   [Code Root Fixup: 0.3 ms]
   [Code Root Migration: 0.1 ms]
   [Clear CT: 4.9 ms]
   [Other: 12.3 ms]
      [Choose CSet: 0.9 ms]
      [Ref Proc: 0.8 ms]
      [Ref Enq: 0.0 ms]
      [Free CSet: 2.7 ms]
   [Eden: 1056.0M(1056.0M)->0.0B(1056.0M) Survivors: 160.0M->160.0M Heap: 14.6G(24.0G)->13.2G(24.0G)]
 [Times: user=2.30 sys=0.00, real=0.19 secs] 
2014-04-09T11:20:18.216+0900: 231.355: [GC pause (G1 Evacuation Pause) (mixed), 0.0919216 secs]
   [Parallel Time: 80.2 ms, GC Workers: 13]
      [GC Worker Start (ms): Min: 231355.2, Avg: 231355.4, Max: 231355.7, Diff: 0.5]
      [Ext Root Scanning (ms): Min: 0.6, Avg: 0.9, Max: 1.9, Diff: 1.3, Sum: 11.6]
      [Update RS (ms): Min: 4.8, Avg: 6.1, Max: 7.6, Diff: 2.7, Sum: 79.4]
         [Processed Buffers: Min: 9, Avg: 13.4, Max: 23, Diff: 14, Sum: 174]
      [Scan RS (ms): Min: 18.0, Avg: 19.4, Max: 19.8, Diff: 1.8, Sum: 251.7]
      [Code Root Scanning (ms): Min: 0.0, Avg: 0.0, Max: 0.0, Diff: 0.0, Sum: 0.0]
      [Object Copy (ms): Min: 52.4, Avg: 52.5, Max: 52.6, Diff: 0.2, Sum: 682.4]
      [Termination (ms): Min: 0.0, Avg: 0.0, Max: 0.0, Diff: 0.0, Sum: 0.0]
      [GC Worker Other (ms): Min: 0.0, Avg: 0.0, Max: 0.1, Diff: 0.1, Sum: 0.5]
      [GC Worker Total (ms): Min: 78.6, Avg: 78.9, Max: 79.1, Diff: 0.5, Sum: 1025.7]
      [GC Worker End (ms): Min: 231434.3, Avg: 231434.3, Max: 231434.4, Diff: 0.1]
   [Code Root Fixup: 0.2 ms]
   [Code Root Migration: 0.0 ms]
   [Clear CT: 5.2 ms]
   [Other: 6.4 ms]
      [Choose CSet: 0.0 ms]
      [Ref Proc: 1.2 ms]
      [Ref Enq: 0.0 ms]
      [Free CSet: 1.2 ms]
   [Eden: 1056.0M(1056.0M)->0.0B(1056.0M) Survivors: 160.0M->160.0M Heap: 14.6G(24.0G)->13.8G(24.0G)]
 [Times: user=1.08 sys=0.00, real=0.09 secs] 
2014-04-09T11:20:18.402+0900: 231.541: [GC pause (G1 Humongous Allocation) (young) (initial-mark), 0.0547849 secs]
   [Parallel Time: 47.9 ms, GC Workers: 13]
      [GC Worker Start (ms): Min: 231541.1, Avg: 231541.3, Max: 231541.6, Diff: 0.5]
      [Ext Root Scanning (ms): Min: 0.4, Avg: 0.9, Max: 3.1, Diff: 2.6, Sum: 11.7]
      [Code Root Marking (ms): Min: 0.0, Avg: 0.7, Max: 6.3, Diff: 6.3, Sum: 9.7]
      [Update RS (ms): Min: 11.6, Avg: 17.0, Max: 20.1, Diff: 8.5, Sum: 221.1]
         [Processed Buffers: Min: 7, Avg: 10.2, Max: 17, Diff: 10, Sum: 133]
      [Scan RS (ms): Min: 3.3, Avg: 5.4, Max: 6.0, Diff: 2.7, Sum: 70.0]
      [Code Root Scanning (ms): Min: 0.0, Avg: 0.0, Max: 0.0, Diff: 0.0, Sum: 0.0]
      [Object Copy (ms): Min: 22.4, Avg: 22.7, Max: 24.4, Diff: 2.0, Sum: 295.5]
      [Termination (ms): Min: 0.0, Avg: 0.0, Max: 0.0, Diff: 0.0, Sum: 0.0]
      [GC Worker Other (ms): Min: 0.0, Avg: 0.0, Max: 0.0, Diff: 0.0, Sum: 0.4]
      [GC Worker Total (ms): Min: 46.5, Avg: 46.8, Max: 47.0, Diff: 0.5, Sum: 608.4]
      [GC Worker End (ms): Min: 231588.1, Avg: 231588.1, Max: 231588.1, Diff: 0.0]
   [Code Root Fixup: 0.2 ms]
   [Code Root Migration: 0.0 ms]
   [Clear CT: 3.3 ms]
   [Other: 3.4 ms]
      [Choose CSet: 0.0 ms]
      [Ref Proc: 1.1 ms]
      [Ref Enq: 0.0 ms]
      [Free CSet: 0.2 ms]
   [Eden: 48.0M(1056.0M)->0.0B(1120.0M) Survivors: 160.0M->96.0M Heap: 13.9G(24.0G)->14.0G(24.0G)]
 [Times: user=0.65 sys=0.00, real=0.06 secs] 
2014-04-09T11:20:18.457+0900: 231.596: [GC concurrent-root-region-scan-start]
2014-04-09T11:20:18.458+0900: 231.597: [GC concurrent-root-region-scan-end, 0.0017577 secs]
2014-04-09T11:20:18.458+0900: 231.597: [GC concurrent-mark-start]
2014-04-09T11:20:20.032+0900: 233.171: [GC concurrent-mark-end, 1.5736306 secs]
2014-04-09T11:20:20.033+0900: 233.172: [GC remark 233.174: [GC ref-proc, 0.0046289 secs], 0.0288480 secs]
 [Times: user=0.23 sys=0.00, real=0.03 secs] 
2014-04-09T11:20:20.064+0900: 233.203: [GC cleanup 14G->12G(24G), 0.0295230 secs]
 [Times: user=0.34 sys=0.00, real=0.03 secs] 
2014-04-09T11:20:20.094+0900: 233.233: [GC concurrent-cleanup-start]
2014-04-09T11:20:20.095+0900: 233.234: [GC concurrent-cleanup-end, 0.0016788 secs]
2014-04-09T11:20:20.812+0900: 233.951: [GC pause (G1 Evacuation Pause) (young), 0.0542114 secs]
   [Parallel Time: 48.2 ms, GC Workers: 13]
      [GC Worker Start (ms): Min: 233951.6, Avg: 233951.8, Max: 233952.0, Diff: 0.5]
      [Ext Root Scanning (ms): Min: 0.6, Avg: 0.8, Max: 1.4, Diff: 0.9, Sum: 10.3]
      [Update RS (ms): Min: 2.5, Avg: 3.1, Max: 3.2, Diff: 0.8, Sum: 40.5]
         [Processed Buffers: Min: 8, Avg: 11.7, Max: 18, Diff: 10, Sum: 152]
      [Scan RS (ms): Min: 8.8, Avg: 8.9, Max: 8.9, Diff: 0.1, Sum: 115.7]
      [Code Root Scanning (ms): Min: 0.0, Avg: 0.0, Max: 0.0, Diff: 0.0, Sum: 0.0]
      [Object Copy (ms): Min: 34.0, Avg: 34.1, Max: 34.2, Diff: 0.2, Sum: 443.2]
      [Termination (ms): Min: 0.0, Avg: 0.0, Max: 0.0, Diff: 0.0, Sum: 0.1]
      [GC Worker Other (ms): Min: 0.0, Avg: 0.0, Max: 0.1, Diff: 0.1, Sum: 0.6]
      [GC Worker Total (ms): Min: 46.7, Avg: 47.0, Max: 47.2, Diff: 0.5, Sum: 610.4]
      [GC Worker End (ms): Min: 233998.8, Avg: 233998.8, Max: 233998.9, Diff: 0.1]
   [Code Root Fixup: 0.2 ms]
   [Code Root Migration: 0.0 ms]
   [Clear CT: 2.6 ms]
   [Other: 3.2 ms]
      [Choose CSet: 0.0 ms]
      [Ref Proc: 0.8 ms]
      [Ref Enq: 0.0 ms]
      [Free CSet: 0.5 ms]
   [Eden: 1120.0M(1120.0M)->0.0B(1056.0M) Survivors: 96.0M->160.0M Heap: 13.3G(24.0G)->12.3G(24.0G)]
 [Times: user=0.64 sys=0.00, real=0.06 secs] 
2014-04-09T11:20:22.406+0900: 235.545: [GC pause (G1 Evacuation Pause) (mixed), 0.1286026 secs]
   [Parallel Time: 115.9 ms, GC Workers: 13]
      [GC Worker Start (ms): Min: 235545.5, Avg: 235545.8, Max: 235546.0, Diff: 0.4]
      [Ext Root Scanning (ms): Min: 0.6, Avg: 0.9, Max: 1.9, Diff: 1.3, Sum: 11.2]
      [Update RS (ms): Min: 3.5, Avg: 3.6, Max: 4.6, Diff: 1.1, Sum: 46.7]
         [Processed Buffers: Min: 8, Avg: 12.2, Max: 22, Diff: 14, Sum: 159]
      [Scan RS (ms): Min: 24.9, Avg: 25.8, Max: 26.1, Diff: 1.2, Sum: 335.8]
      [Code Root Scanning (ms): Min: 0.0, Avg: 0.0, Max: 0.0, Diff: 0.0, Sum: 0.1]
      [Object Copy (ms): Min: 84.4, Avg: 84.5, Max: 84.6, Diff: 0.2, Sum: 1098.9]
      [Termination (ms): Min: 0.0, Avg: 0.0, Max: 0.0, Diff: 0.0, Sum: 0.0]
      [GC Worker Other (ms): Min: 0.0, Avg: 0.0, Max: 0.1, Diff: 0.1, Sum: 0.5]
      [GC Worker Total (ms): Min: 114.6, Avg: 114.9, Max: 115.1, Diff: 0.4, Sum: 1493.1]
      [GC Worker End (ms): Min: 235660.6, Avg: 235660.6, Max: 235660.7, Diff: 0.1]
   [Code Root Fixup: 0.2 ms]
   [Code Root Migration: 0.0 ms]
   [Clear CT: 4.3 ms]
   [Other: 8.1 ms]
      [Choose CSet: 0.2 ms]
      [Ref Proc: 1.0 ms]
      [Ref Enq: 0.0 ms]
      [Free CSet: 1.9 ms]
   [Eden: 1056.0M(1056.0M)->0.0B(1056.0M) Survivors: 160.0M->160.0M Heap: 13.7G(24.0G)->12.4G(24.0G)]
 [Times: user=1.54 sys=0.00, real=0.13 secs] 
2014-04-09T11:20:24.858+0900: 237.997: [GC pause (G1 Evacuation Pause) (mixed), 0.1090416 secs]
   [Parallel Time: 96.6 ms, GC Workers: 13]
      [GC Worker Start (ms): Min: 237997.4, Avg: 237997.8, Max: 237998.0, Diff: 0.6]
      [Ext Root Scanning (ms): Min: 0.5, Avg: 0.8, Max: 1.6, Diff: 1.1, Sum: 9.8]
      [Update RS (ms): Min: 3.4, Avg: 4.2, Max: 5.3, Diff: 1.9, Sum: 54.6]
         [Processed Buffers: Min: 6, Avg: 12.8, Max: 22, Diff: 16, Sum: 167]
      [Scan RS (ms): Min: 25.3, Avg: 26.6, Max: 27.2, Diff: 1.8, Sum: 345.7]
      [Code Root Scanning (ms): Min: 0.0, Avg: 0.0, Max: 0.0, Diff: 0.0, Sum: 0.1]
      [Object Copy (ms): Min: 63.4, Avg: 63.5, Max: 63.8, Diff: 0.4, Sum: 826.0]
      [Termination (ms): Min: 0.0, Avg: 0.0, Max: 0.0, Diff: 0.0, Sum: 0.0]
      [GC Worker Other (ms): Min: 0.0, Avg: 0.0, Max: 0.1, Diff: 0.1, Sum: 0.5]
      [GC Worker Total (ms): Min: 94.9, Avg: 95.1, Max: 95.5, Diff: 0.6, Sum: 1236.6]
      [GC Worker End (ms): Min: 238092.9, Avg: 238092.9, Max: 238092.9, Diff: 0.1]
   [Code Root Fixup: 0.3 ms]
   [Code Root Migration: 0.1 ms]
   [Clear CT: 4.3 ms]
   [Other: 7.7 ms]
      [Choose CSet: 0.1 ms]
      [Ref Proc: 1.5 ms]
      [Ref Enq: 0.0 ms]
      [Free CSet: 1.5 ms]
   [Eden: 1056.0M(1056.0M)->0.0B(1056.0M) Survivors: 160.0M->160.0M Heap: 13.8G(24.0G)->12.9G(24.0G)]
 [Times: user=1.29 sys=0.00, real=0.11 secs] 
2014-04-09T11:20:25.064+0900: 238.204: [GC pause (G1 Humongous Allocation) (young) (initial-mark), 0.0614643 secs]
   [Parallel Time: 54.6 ms, GC Workers: 13]
      [GC Worker Start (ms): Min: 238204.0, Avg: 238204.2, Max: 238204.5, Diff: 0.5]
      [Ext Root Scanning (ms): Min: 0.4, Avg: 0.9, Max: 3.7, Diff: 3.3, Sum: 11.6]
      [Code Root Marking (ms): Min: 0.0, Avg: 0.6, Max: 4.6, Diff: 4.5, Sum: 7.8]
      [Update RS (ms): Min: 18.3, Avg: 22.1, Max: 24.1, Diff: 5.8, Sum: 287.5]
         [Processed Buffers: Min: 9, Avg: 13.2, Max: 20, Diff: 11, Sum: 171]
      [Scan RS (ms): Min: 3.9, Avg: 5.1, Max: 5.6, Diff: 1.7, Sum: 66.4]
      [Code Root Scanning (ms): Min: 0.0, Avg: 0.0, Max: 0.0, Diff: 0.0, Sum: 0.0]
      [Object Copy (ms): Min: 24.1, Avg: 24.4, Max: 25.9, Diff: 1.8, Sum: 317.2]
      [Termination (ms): Min: 0.0, Avg: 0.0, Max: 0.0, Diff: 0.0, Sum: 0.1]
      [GC Worker Other (ms): Min: 0.0, Avg: 0.0, Max: 0.0, Diff: 0.0, Sum: 0.3]
      [GC Worker Total (ms): Min: 52.9, Avg: 53.1, Max: 53.4, Diff: 0.5, Sum: 690.9]
      [GC Worker End (ms): Min: 238257.4, Avg: 238257.4, Max: 238257.4, Diff: 0.0]
   [Code Root Fixup: 0.2 ms]
   [Code Root Migration: 0.0 ms]
   [Clear CT: 3.3 ms]
   [Other: 3.3 ms]
      [Choose CSet: 0.0 ms]
      [Ref Proc: 1.0 ms]
      [Ref Enq: 0.0 ms]
      [Free CSet: 0.2 ms]
   [Eden: 80.0M(1056.0M)->0.0B(1104.0M) Survivors: 160.0M->112.0M Heap: 13.0G(24.0G)->13.1G(24.0G)]
 [Times: user=0.72 sys=0.00, real=0.07 secs] 
2014-04-09T11:20:25.126+0900: 238.265: [GC concurrent-root-region-scan-start]
2014-04-09T11:20:25.130+0900: 238.269: [GC concurrent-root-region-scan-end, 0.0039915 secs]
2014-04-09T11:20:25.130+0900: 238.269: [GC concurrent-mark-start]
2014-04-09T11:20:26.812+0900: 239.951: [GC pause (G1 Evacuation Pause) (young), 0.0458427 secs]
   [Parallel Time: 39.0 ms, GC Workers: 13]
      [GC Worker Start (ms): Min: 239951.7, Avg: 239951.9, Max: 239952.1, Diff: 0.4]
      [Ext Root Scanning (ms): Min: 0.5, Avg: 0.7, Max: 1.4, Diff: 0.9, Sum: 9.3]
      [SATB Filtering (ms): Min: 0.0, Avg: 0.0, Max: 0.2, Diff: 0.2, Sum: 0.2]
      [Update RS (ms): Min: 5.0, Avg: 5.8, Max: 6.3, Diff: 1.3, Sum: 75.6]
         [Processed Buffers: Min: 7, Avg: 13.8, Max: 23, Diff: 16, Sum: 180]
      [Scan RS (ms): Min: 4.6, Avg: 5.1, Max: 5.4, Diff: 0.8, Sum: 66.7]
      [Code Root Scanning (ms): Min: 0.0, Avg: 0.0, Max: 0.0, Diff: 0.0, Sum: 0.0]
      [Object Copy (ms): Min: 26.2, Avg: 26.4, Max: 26.5, Diff: 0.3, Sum: 343.2]
      [Termination (ms): Min: 0.0, Avg: 0.0, Max: 0.0, Diff: 0.0, Sum: 0.0]
      [GC Worker Other (ms): Min: 0.0, Avg: 0.1, Max: 0.4, Diff: 0.4, Sum: 1.2]
      [GC Worker Total (ms): Min: 37.9, Avg: 38.2, Max: 38.6, Diff: 0.7, Sum: 496.3]
      [GC Worker End (ms): Min: 239990.0, Avg: 239990.1, Max: 239990.4, Diff: 0.4]
   [Code Root Fixup: 0.1 ms]
   [Code Root Migration: 0.0 ms]
   [Clear CT: 3.4 ms]
   [Other: 3.3 ms]
      [Choose CSet: 0.0 ms]
      [Ref Proc: 1.3 ms]
      [Ref Enq: 0.0 ms]
      [Free CSet: 0.4 ms]
   [Eden: 1104.0M(1104.0M)->0.0B(1056.0M) Survivors: 112.0M->160.0M Heap: 14.4G(24.0G)->13.4G(24.0G)]
 [Times: user=0.53 sys=0.00, real=0.05 secs] 
2014-04-09T11:20:26.861+0900: 240.000: [GC concurrent-mark-end, 1.7311788 secs]
2014-04-09T11:20:26.862+0900: 240.001: [GC remark 240.002: [GC ref-proc, 0.0046724 secs], 0.0279389 secs]
 [Times: user=0.23 sys=0.00, real=0.03 secs] 
2014-04-09T11:20:26.892+0900: 240.031: [GC cleanup 13G->12G(24G), 0.0271963 secs]
 [Times: user=0.32 sys=0.00, real=0.03 secs] 
2014-04-09T11:20:26.920+0900: 240.059: [GC concurrent-cleanup-start]
2014-04-09T11:20:26.921+0900: 240.060: [GC concurrent-cleanup-end, 0.0010744 secs]
2014-04-09T11:20:40.579+0900: 253.718: [GC pause (G1 Evacuation Pause) (young), 0.0553065 secs]
   [Parallel Time: 48.8 ms, GC Workers: 13]
      [GC Worker Start (ms): Min: 253717.8, Avg: 253718.1, Max: 253718.4, Diff: 0.6]
      [Ext Root Scanning (ms): Min: 0.6, Avg: 0.8, Max: 1.2, Diff: 0.7, Sum: 11.0]
      [Update RS (ms): Min: 22.5, Avg: 22.9, Max: 23.4, Diff: 0.9, Sum: 297.4]
         [Processed Buffers: Min: 12, Avg: 16.8, Max: 27, Diff: 15, Sum: 218]
      [Scan RS (ms): Min: 0.0, Avg: 0.0, Max: 0.1, Diff: 0.1, Sum: 0.5]
      [Code Root Scanning (ms): Min: 0.0, Avg: 0.0, Max: 0.0, Diff: 0.0, Sum: 0.0]
      [Object Copy (ms): Min: 22.8, Avg: 23.3, Max: 23.4, Diff: 0.6, Sum: 302.6]
      [Termination (ms): Min: 0.0, Avg: 0.0, Max: 0.0, Diff: 0.0, Sum: 0.0]
      [GC Worker Other (ms): Min: 0.0, Avg: 0.0, Max: 0.1, Diff: 0.1, Sum: 0.6]
      [GC Worker Total (ms): Min: 46.8, Avg: 47.1, Max: 47.4, Diff: 0.5, Sum: 612.2]
      [GC Worker End (ms): Min: 253765.2, Avg: 253765.2, Max: 253765.3, Diff: 0.1]
   [Code Root Fixup: 0.2 ms]
   [Code Root Migration: 0.0 ms]
   [Clear CT: 1.5 ms]
   [Other: 4.7 ms]
      [Choose CSet: 0.0 ms]
      [Ref Proc: 1.4 ms]
      [Ref Enq: 0.0 ms]
      [Free CSet: 0.3 ms]
   [Eden: 1056.0M(1056.0M)->0.0B(1120.0M) Survivors: 160.0M->96.0M Heap: 13.4G(24.0G)->12.5G(24.0G)]
 [Times: user=0.62 sys=0.00, real=0.05 secs] 
2014-04-09T11:20:41.383+0900: 254.522: [GC pause (G1 Evacuation Pause) (mixed), 0.0613900 secs]
   [Parallel Time: 51.4 ms, GC Workers: 13]
      [GC Worker Start (ms): Min: 254521.9, Avg: 254522.3, Max: 254522.6, Diff: 0.6]
      [Ext Root Scanning (ms): Min: 0.5, Avg: 0.8, Max: 1.2, Diff: 0.7, Sum: 9.9]
      [Update RS (ms): Min: 18.8, Avg: 19.4, Max: 20.4, Diff: 1.6, Sum: 252.8]
         [Processed Buffers: Min: 7, Avg: 12.8, Max: 25, Diff: 18, Sum: 167]
      [Scan RS (ms): Min: 11.2, Avg: 12.0, Max: 12.4, Diff: 1.2, Sum: 156.2]
      [Code Root Scanning (ms): Min: 0.0, Avg: 0.0, Max: 0.0, Diff: 0.0, Sum: 0.0]
      [Object Copy (ms): Min: 17.5, Avg: 17.8, Max: 17.9, Diff: 0.4, Sum: 230.9]
      [Termination (ms): Min: 0.0, Avg: 0.0, Max: 0.0, Diff: 0.0, Sum: 0.1]
      [GC Worker Other (ms): Min: 0.0, Avg: 0.0, Max: 0.1, Diff: 0.0, Sum: 0.4]
      [GC Worker Total (ms): Min: 49.7, Avg: 50.0, Max: 50.4, Diff: 0.7, Sum: 650.4]
      [GC Worker End (ms): Min: 254572.3, Avg: 254572.3, Max: 254572.4, Diff: 0.0]
   [Code Root Fixup: 0.2 ms]
   [Code Root Migration: 0.0 ms]
   [Clear CT: 5.0 ms]
   [Other: 4.7 ms]
      [Choose CSet: 0.1 ms]
      [Ref Proc: 1.4 ms]
      [Ref Enq: 0.0 ms]
      [Free CSet: 0.8 ms]
   [Eden: 1120.0M(1120.0M)->0.0B(3360.0M) Survivors: 96.0M->32.0M Heap: 13.6G(24.0G)->12.2G(24.0G)]
 [Times: user=0.71 sys=0.01, real=0.06 secs] 
2014-04-09T11:20:41.486+0900: 254.625: [GC pause (G1 Humongous Allocation) (young) (initial-mark), 0.0219682 secs]
   [Parallel Time: 18.4 ms, GC Workers: 13]
      [GC Worker Start (ms): Min: 254625.7, Avg: 254626.1, Max: 254626.3, Diff: 0.6]
      [Ext Root Scanning (ms): Min: 0.4, Avg: 0.7, Max: 2.1, Diff: 1.7, Sum: 8.8]
      [Code Root Marking (ms): Min: 0.0, Avg: 0.8, Max: 6.7, Diff: 6.7, Sum: 10.2]
      [Update RS (ms): Min: 8.9, Avg: 14.9, Max: 15.9, Diff: 7.0, Sum: 193.1]
         [Processed Buffers: Min: 6, Avg: 9.6, Max: 14, Diff: 8, Sum: 125]
      [Scan RS (ms): Min: 0.0, Avg: 0.0, Max: 0.0, Diff: 0.0, Sum: 0.1]
      [Code Root Scanning (ms): Min: 0.0, Avg: 0.0, Max: 0.0, Diff: 0.0, Sum: 0.0]
      [Object Copy (ms): Min: 0.5, Avg: 0.9, Max: 2.0, Diff: 1.5, Sum: 12.2]
      [Termination (ms): Min: 0.0, Avg: 0.7, Max: 0.8, Diff: 0.8, Sum: 8.8]
      [GC Worker Other (ms): Min: 0.0, Avg: 0.0, Max: 0.0, Diff: 0.0, Sum: 0.2]
      [GC Worker Total (ms): Min: 17.7, Avg: 18.0, Max: 18.3, Diff: 0.6, Sum: 233.4]
      [GC Worker End (ms): Min: 254644.0, Avg: 254644.0, Max: 254644.1, Diff: 0.0]
   [Code Root Fixup: 0.2 ms]
   [Code Root Migration: 0.0 ms]
   [Clear CT: 1.2 ms]
   [Other: 2.1 ms]
      [Choose CSet: 0.0 ms]
      [Ref Proc: 1.3 ms]
      [Ref Enq: 0.0 ms]
      [Free CSet: 0.0 ms]
   [Eden: 64.0M(3360.0M)->0.0B(5776.0M) Survivors: 32.0M->16.0M Heap: 12.2G(24.0G)->12.2G(24.0G)]
 [Times: user=0.23 sys=0.00, real=0.03 secs] 
2014-04-09T11:20:41.509+0900: 254.648: [GC concurrent-root-region-scan-start]
2014-04-09T11:20:41.513+0900: 254.652: [GC concurrent-root-region-scan-end, 0.0047779 secs]
2014-04-09T11:20:41.513+0900: 254.652: [GC concurrent-mark-start]
2014-04-09T11:20:42.949+0900: 256.088: [GC concurrent-mark-end, 1.4358680 secs]
2014-04-09T11:20:42.950+0900: 256.090: [GC remark 256.091: [GC ref-proc, 0.0032003 secs], 0.0241082 secs]
 [Times: user=0.20 sys=0.00, real=0.02 secs] 
2014-04-09T11:20:42.976+0900: 256.116: [GC cleanup 14G->14G(24G), 0.0262927 secs]
 [Times: user=0.31 sys=0.01, real=0.03 secs] 
2014-04-09T11:20:43.003+0900: 256.142: [GC concurrent-cleanup-start]
2014-04-09T11:20:43.004+0900: 256.143: [GC concurrent-cleanup-end, 0.0003872 secs]
2014-04-09T11:20:45.299+0900: 258.438: [GC pause (G1 Evacuation Pause) (young), 0.1907984 secs]
   [Parallel Time: 177.5 ms, GC Workers: 13]
      [GC Worker Start (ms): Min: 258438.7, Avg: 258439.0, Max: 258439.2, Diff: 0.5]
      [Ext Root Scanning (ms): Min: 0.5, Avg: 0.8, Max: 1.0, Diff: 0.4, Sum: 9.9]
      [Update RS (ms): Min: 4.7, Avg: 5.2, Max: 5.7, Diff: 1.0, Sum: 67.0]
         [Processed Buffers: Min: 11, Avg: 16.5, Max: 22, Diff: 11, Sum: 214]
      [Scan RS (ms): Min: 21.1, Avg: 21.6, Max: 21.8, Diff: 0.7, Sum: 281.2]
      [Code Root Scanning (ms): Min: 0.0, Avg: 0.0, Max: 0.0, Diff: 0.0, Sum: 0.1]
      [Object Copy (ms): Min: 148.1, Avg: 148.3, Max: 148.8, Diff: 0.7, Sum: 1927.6]
      [Termination (ms): Min: 0.0, Avg: 0.4, Max: 0.5, Diff: 0.5, Sum: 5.3]
      [GC Worker Other (ms): Min: 0.0, Avg: 0.0, Max: 0.2, Diff: 0.1, Sum: 0.6]
      [GC Worker Total (ms): Min: 176.1, Avg: 176.3, Max: 176.5, Diff: 0.4, Sum: 2291.7]
      [GC Worker End (ms): Min: 258615.2, Avg: 258615.3, Max: 258615.4, Diff: 0.1]
   [Code Root Fixup: 0.3 ms]
   [Code Root Migration: 0.1 ms]
   [Clear CT: 4.1 ms]
   [Other: 8.8 ms]
      [Choose CSet: 0.0 ms]
      [Ref Proc: 1.6 ms]
      [Ref Enq: 0.0 ms]
      [Free CSet: 1.9 ms]
   [Eden: 3120.0M(2880.0M)->0.0B(848.0M) Survivors: 16.0M->368.0M Heap: 16.3G(24.0G)->13.8G(24.0G)]
 [Times: user=1.80 sys=0.53, real=0.19 secs] 
2014-04-09T11:20:46.664+0900: 259.803: [GC pause (G1 Evacuation Pause) (mixed), 0.2058732 secs]
   [Parallel Time: 187.6 ms, GC Workers: 13]
      [GC Worker Start (ms): Min: 259803.8, Avg: 259804.0, Max: 259804.2, Diff: 0.4]
      [Ext Root Scanning (ms): Min: 0.4, Avg: 0.7, Max: 2.0, Diff: 1.6, Sum: 8.8]
      [Update RS (ms): Min: 2.4, Avg: 3.4, Max: 4.5, Diff: 2.1, Sum: 44.0]
         [Processed Buffers: Min: 8, Avg: 10.7, Max: 14, Diff: 6, Sum: 139]
      [Scan RS (ms): Min: 48.3, Avg: 49.1, Max: 49.5, Diff: 1.2, Sum: 638.4]
      [Code Root Scanning (ms): Min: 0.0, Avg: 0.0, Max: 0.0, Diff: 0.0, Sum: 0.1]
      [Object Copy (ms): Min: 132.4, Avg: 133.0, Max: 133.5, Diff: 1.2, Sum: 1728.4]
      [Termination (ms): Min: 0.0, Avg: 0.0, Max: 0.0, Diff: 0.0, Sum: 0.0]
      [GC Worker Other (ms): Min: 0.0, Avg: 0.0, Max: 0.1, Diff: 0.1, Sum: 0.6]
      [GC Worker Total (ms): Min: 186.0, Avg: 186.2, Max: 186.4, Diff: 0.4, Sum: 2420.4]
      [GC Worker End (ms): Min: 259990.2, Avg: 259990.2, Max: 259990.3, Diff: 0.1]
   [Code Root Fixup: 0.4 ms]
   [Code Root Migration: 0.1 ms]
   [Clear CT: 4.9 ms]
   [Other: 12.9 ms]
      [Choose CSet: 0.4 ms]
      [Ref Proc: 0.8 ms]
      [Ref Enq: 0.0 ms]
      [Free CSet: 2.7 ms]
   [Eden: 848.0M(848.0M)->0.0B(1056.0M) Survivors: 368.0M->160.0M Heap: 15.0G(24.0G)->13.6G(24.0G)]
 [Times: user=2.46 sys=0.02, real=0.21 secs] 
2014-04-09T11:20:48.219+0900: 261.358: [GC pause (G1 Evacuation Pause) (mixed), 0.1916601 secs]
   [Parallel Time: 173.3 ms, GC Workers: 13]
      [GC Worker Start (ms): Min: 261358.9, Avg: 261359.1, Max: 261359.4, Diff: 0.5]
      [Ext Root Scanning (ms): Min: 0.5, Avg: 0.7, Max: 1.7, Diff: 1.2, Sum: 9.5]
      [Update RS (ms): Min: 4.6, Avg: 5.4, Max: 5.8, Diff: 1.2, Sum: 70.2]
         [Processed Buffers: Min: 8, Avg: 13.2, Max: 20, Diff: 12, Sum: 171]
      [Scan RS (ms): Min: 51.6, Avg: 52.0, Max: 52.2, Diff: 0.6, Sum: 675.8]
      [Code Root Scanning (ms): Min: 0.0, Avg: 0.0, Max: 0.0, Diff: 0.0, Sum: 0.1]
      [Object Copy (ms): Min: 113.8, Avg: 114.0, Max: 114.1, Diff: 0.3, Sum: 1481.4]
      [Termination (ms): Min: 0.0, Avg: 0.0, Max: 0.0, Diff: 0.0, Sum: 0.0]
      [GC Worker Other (ms): Min: 0.0, Avg: 0.0, Max: 0.1, Diff: 0.1, Sum: 0.6]
      [GC Worker Total (ms): Min: 171.9, Avg: 172.1, Max: 172.4, Diff: 0.6, Sum: 2237.6]
      [GC Worker End (ms): Min: 261531.2, Avg: 261531.3, Max: 261531.3, Diff: 0.1]
   [Code Root Fixup: 0.2 ms]
   [Code Root Migration: 0.1 ms]
   [Clear CT: 5.2 ms]
   [Other: 12.9 ms]
      [Choose CSet: 0.7 ms]
      [Ref Proc: 1.2 ms]
      [Ref Enq: 0.0 ms]
      [Free CSet: 2.8 ms]
   [Eden: 1056.0M(1056.0M)->0.0B(1056.0M) Survivors: 160.0M->160.0M Heap: 15.0G(24.0G)->13.6G(24.0G)]
 [Times: user=2.30 sys=0.00, real=0.19 secs] 
2014-04-09T11:20:50.161+0900: 263.300: [GC pause (G1 Evacuation Pause) (mixed), 0.1997319 secs]
   [Parallel Time: 180.7 ms, GC Workers: 13]
      [GC Worker Start (ms): Min: 263300.9, Avg: 263301.3, Max: 263301.6, Diff: 0.6]
      [Ext Root Scanning (ms): Min: 0.4, Avg: 0.7, Max: 1.0, Diff: 0.6, Sum: 9.3]
      [Update RS (ms): Min: 3.5, Avg: 3.8, Max: 5.1, Diff: 1.5, Sum: 49.9]
         [Processed Buffers: Min: 10, Avg: 12.8, Max: 19, Diff: 9, Sum: 167]
      [Scan RS (ms): Min: 56.7, Avg: 57.9, Max: 58.4, Diff: 1.7, Sum: 752.8]
      [Code Root Scanning (ms): Min: 0.0, Avg: 0.0, Max: 0.0, Diff: 0.0, Sum: 0.1]
      [Object Copy (ms): Min: 117.3, Avg: 117.5, Max: 117.7, Diff: 0.4, Sum: 1527.4]
      [Termination (ms): Min: 0.0, Avg: 0.0, Max: 0.1, Diff: 0.1, Sum: 0.6]
      [GC Worker Other (ms): Min: 0.0, Avg: 0.0, Max: 0.1, Diff: 0.1, Sum: 0.5]
      [GC Worker Total (ms): Min: 179.7, Avg: 180.0, Max: 180.4, Diff: 0.7, Sum: 2340.6]
      [GC Worker End (ms): Min: 263481.3, Avg: 263481.3, Max: 263481.4, Diff: 0.1]
   [Code Root Fixup: 0.3 ms]
   [Code Root Migration: 0.1 ms]
   [Clear CT: 5.2 ms]
   [Other: 13.5 ms]
      [Choose CSet: 0.8 ms]
      [Ref Proc: 1.4 ms]
      [Ref Enq: 0.0 ms]
      [Free CSet: 2.4 ms]
   [Eden: 1056.0M(1056.0M)->0.0B(1056.0M) Survivors: 160.0M->160.0M Heap: 15.0G(24.0G)->13.6G(24.0G)]
 [Times: user=2.39 sys=0.02, real=0.20 secs] 
2014-04-09T11:20:51.353+0900: 264.492: [GC pause (G1 Evacuation Pause) (mixed), 0.1393918 secs]
   [Parallel Time: 124.6 ms, GC Workers: 13]
      [GC Worker Start (ms): Min: 264493.2, Avg: 264493.3, Max: 264493.4, Diff: 0.2]
      [Ext Root Scanning (ms): Min: 0.7, Avg: 0.8, Max: 1.7, Diff: 1.0, Sum: 10.9]
      [Update RS (ms): Min: 2.6, Avg: 3.3, Max: 4.1, Diff: 1.5, Sum: 43.2]
         [Processed Buffers: Min: 9, Avg: 13.8, Max: 20, Diff: 11, Sum: 179]
      [Scan RS (ms): Min: 38.4, Avg: 39.3, Max: 39.6, Diff: 1.2, Sum: 510.3]
      [Code Root Scanning (ms): Min: 0.0, Avg: 0.0, Max: 0.0, Diff: 0.0, Sum: 0.1]
      [Object Copy (ms): Min: 80.1, Avg: 80.4, Max: 80.5, Diff: 0.4, Sum: 1045.2]
      [Termination (ms): Min: 0.0, Avg: 0.0, Max: 0.0, Diff: 0.0, Sum: 0.0]
      [GC Worker Other (ms): Min: 0.0, Avg: 0.0, Max: 0.1, Diff: 0.0, Sum: 0.5]
      [GC Worker Total (ms): Min: 123.8, Avg: 123.9, Max: 124.0, Diff: 0.2, Sum: 1610.1]
      [GC Worker End (ms): Min: 264617.2, Avg: 264617.2, Max: 264617.2, Diff: 0.0]
   [Code Root Fixup: 0.3 ms]
   [Code Root Migration: 0.0 ms]
   [Clear CT: 4.7 ms]
   [Other: 9.7 ms]
      [Choose CSet: 0.4 ms]
      [Ref Proc: 1.1 ms]
      [Ref Enq: 0.0 ms]
      [Free CSet: 1.5 ms]
   [Eden: 1056.0M(1056.0M)->0.0B(1056.0M) Survivors: 160.0M->160.0M Heap: 15.0G(24.0G)->14.0G(24.0G)]
 [Times: user=1.67 sys=0.00, real=0.14 secs] 
2014-04-09T11:20:51.675+0900: 264.814: [GC pause (G1 Humongous Allocation) (young) (initial-mark), 0.0658834 secs]
   [Parallel Time: 58.3 ms, GC Workers: 13]
      [GC Worker Start (ms): Min: 264814.4, Avg: 264814.7, Max: 264815.0, Diff: 0.6]
      [Ext Root Scanning (ms): Min: 0.4, Avg: 0.7, Max: 1.9, Diff: 1.5, Sum: 9.1]
      [Code Root Marking (ms): Min: 0.0, Avg: 0.6, Max: 4.7, Diff: 4.7, Sum: 8.0]
      [Update RS (ms): Min: 17.1, Avg: 21.4, Max: 23.1, Diff: 6.0, Sum: 278.7]
         [Processed Buffers: Min: 10, Avg: 13.5, Max: 18, Diff: 8, Sum: 176]
      [Scan RS (ms): Min: 2.8, Avg: 4.5, Max: 5.0, Diff: 2.2, Sum: 58.1]
      [Code Root Scanning (ms): Min: 0.0, Avg: 0.0, Max: 0.0, Diff: 0.0, Sum: 0.0]
      [Object Copy (ms): Min: 29.2, Avg: 29.6, Max: 30.7, Diff: 1.5, Sum: 384.9]
      [Termination (ms): Min: 0.0, Avg: 0.0, Max: 0.0, Diff: 0.0, Sum: 0.1]
      [GC Worker Other (ms): Min: 0.0, Avg: 0.0, Max: 0.0, Diff: 0.0, Sum: 0.3]
      [GC Worker Total (ms): Min: 56.6, Avg: 56.9, Max: 57.2, Diff: 0.6, Sum: 739.3]
      [GC Worker End (ms): Min: 264871.6, Avg: 264871.6, Max: 264871.6, Diff: 0.0]
   [Code Root Fixup: 0.2 ms]
   [Code Root Migration: 0.0 ms]
   [Clear CT: 2.9 ms]
   [Other: 4.5 ms]
      [Choose CSet: 0.0 ms]
      [Ref Proc: 1.6 ms]
      [Ref Enq: 0.0 ms]
      [Free CSet: 0.2 ms]
   [Eden: 160.0M(1056.0M)->0.0B(1088.0M) Survivors: 160.0M->128.0M Heap: 14.1G(24.0G)->14.1G(24.0G)]
 [Times: user=0.77 sys=0.00, real=0.07 secs] 
2014-04-09T11:20:51.741+0900: 264.880: [GC concurrent-root-region-scan-start]
2014-04-09T11:20:51.749+0900: 264.888: [GC concurrent-root-region-scan-end, 0.0075296 secs]
2014-04-09T11:20:51.749+0900: 264.888: [GC concurrent-mark-start]
2014-04-09T11:20:53.224+0900: 266.363: [GC concurrent-mark-end, 1.4756857 secs]
2014-04-09T11:20:53.225+0900: 266.365: [GC remark 266.366: [GC ref-proc, 0.0033752 secs], 0.0295191 secs]
 [Times: user=0.26 sys=0.00, real=0.03 secs] 
2014-04-09T11:20:53.257+0900: 266.396: [GC cleanup 15G->12G(24G), 0.0287756 secs]
 [Times: user=0.33 sys=0.00, real=0.03 secs] 
2014-04-09T11:20:53.286+0900: 266.425: [GC concurrent-cleanup-start]
2014-04-09T11:20:53.289+0900: 266.428: [GC concurrent-cleanup-end, 0.0023911 secs]
2014-04-09T11:20:54.015+0900: 267.154: [GC pause (G1 Evacuation Pause) (young), 0.0679592 secs]
   [Parallel Time: 59.2 ms, GC Workers: 13]
      [GC Worker Start (ms): Min: 267154.6, Avg: 267154.8, Max: 267155.1, Diff: 0.5]
      [Ext Root Scanning (ms): Min: 0.4, Avg: 0.7, Max: 1.5, Diff: 1.1, Sum: 8.9]
      [Update RS (ms): Min: 4.2, Avg: 4.4, Max: 4.9, Diff: 0.7, Sum: 57.5]
         [Processed Buffers: Min: 13, Avg: 16.3, Max: 23, Diff: 10, Sum: 212]
      [Scan RS (ms): Min: 9.6, Avg: 10.1, Max: 10.4, Diff: 0.8, Sum: 131.4]
      [Code Root Scanning (ms): Min: 0.0, Avg: 0.0, Max: 0.0, Diff: 0.0, Sum: 0.0]
      [Object Copy (ms): Min: 42.3, Avg: 42.7, Max: 43.1, Diff: 0.9, Sum: 555.6]
      [Termination (ms): Min: 0.0, Avg: 0.0, Max: 0.0, Diff: 0.0, Sum: 0.0]
      [GC Worker Other (ms): Min: 0.0, Avg: 0.1, Max: 0.2, Diff: 0.1, Sum: 0.7]
      [GC Worker Total (ms): Min: 57.8, Avg: 58.0, Max: 58.3, Diff: 0.5, Sum: 754.1]
      [GC Worker End (ms): Min: 267212.8, Avg: 267212.8, Max: 267213.0, Diff: 0.1]
   [Code Root Fixup: 0.2 ms]
   [Code Root Migration: 0.0 ms]
   [Clear CT: 3.4 ms]
   [Other: 5.2 ms]
      [Choose CSet: 0.0 ms]
      [Ref Proc: 1.4 ms]
      [Ref Enq: 0.0 ms]
      [Free CSet: 1.3 ms]
   [Eden: 1088.0M(1088.0M)->0.0B(1056.0M) Survivors: 128.0M->160.0M Heap: 12.7G(24.0G)->11.9G(24.0G)]
 [Times: user=0.79 sys=0.00, real=0.07 secs] 
2014-04-09T11:20:55.850+0900: 268.989: [GC pause (G1 Evacuation Pause) (mixed), 0.1325023 secs]
   [Parallel Time: 119.1 ms, GC Workers: 13]
      [GC Worker Start (ms): Min: 268989.8, Avg: 268990.0, Max: 268990.3, Diff: 0.5]
      [Ext Root Scanning (ms): Min: 0.5, Avg: 0.8, Max: 1.9, Diff: 1.4, Sum: 10.4]
      [Update RS (ms): Min: 4.6, Avg: 6.0, Max: 9.1, Diff: 4.5, Sum: 78.2]
         [Processed Buffers: Min: 11, Avg: 19.3, Max: 29, Diff: 18, Sum: 251]
      [Scan RS (ms): Min: 24.6, Avg: 27.7, Max: 28.3, Diff: 3.7, Sum: 360.0]
      [Code Root Scanning (ms): Min: 0.0, Avg: 0.0, Max: 0.0, Diff: 0.0, Sum: 0.0]
      [Object Copy (ms): Min: 83.1, Avg: 83.2, Max: 83.4, Diff: 0.3, Sum: 1081.8]
      [Termination (ms): Min: 0.0, Avg: 0.2, Max: 0.3, Diff: 0.3, Sum: 2.6]
      [GC Worker Other (ms): Min: 0.0, Avg: 0.0, Max: 0.1, Diff: 0.1, Sum: 0.5]
      [GC Worker Total (ms): Min: 117.7, Avg: 118.0, Max: 118.2, Diff: 0.5, Sum: 1533.5]
      [GC Worker End (ms): Min: 269108.0, Avg: 269108.0, Max: 269108.1, Diff: 0.1]
   [Code Root Fixup: 0.4 ms]
   [Code Root Migration: 0.0 ms]
   [Clear CT: 5.2 ms]
   [Other: 7.9 ms]
      [Choose CSet: 0.2 ms]
      [Ref Proc: 1.2 ms]
      [Ref Enq: 0.0 ms]
      [Free CSet: 1.2 ms]
   [Eden: 1056.0M(1056.0M)->0.0B(1056.0M) Survivors: 160.0M->160.0M Heap: 13.3G(24.0G)->12.3G(24.0G)]
 [Times: user=1.60 sys=0.00, real=0.13 secs] 
2014-04-09T11:20:56.008+0900: 269.147: [GC pause (G1 Humongous Allocation) (young) (initial-mark), 0.0712227 secs]
   [Parallel Time: 66.7 ms, GC Workers: 13]
      [GC Worker Start (ms): Min: 269147.4, Avg: 269147.7, Max: 269147.9, Diff: 0.5]
      [Ext Root Scanning (ms): Min: 0.4, Avg: 0.8, Max: 3.2, Diff: 2.8, Sum: 9.9]
      [Code Root Marking (ms): Min: 0.0, Avg: 0.7, Max: 6.8, Diff: 6.8, Sum: 9.7]
      [Update RS (ms): Min: 34.5, Avg: 41.3, Max: 45.2, Diff: 10.7, Sum: 536.4]
         [Processed Buffers: Min: 21, Avg: 27.1, Max: 33, Diff: 12, Sum: 352]
      [Scan RS (ms): Min: 0.0, Avg: 0.5, Max: 1.3, Diff: 1.3, Sum: 6.8]
      [Code Root Scanning (ms): Min: 0.0, Avg: 0.0, Max: 0.0, Diff: 0.0, Sum: 0.0]
      [Object Copy (ms): Min: 19.8, Avg: 22.5, Max: 23.4, Diff: 3.6, Sum: 291.9]
      [Termination (ms): Min: 0.0, Avg: 0.0, Max: 0.0, Diff: 0.0, Sum: 0.0]
      [GC Worker Other (ms): Min: 0.0, Avg: 0.0, Max: 0.0, Diff: 0.0, Sum: 0.3]
      [GC Worker Total (ms): Min: 65.6, Avg: 65.8, Max: 66.1, Diff: 0.5, Sum: 855.0]
      [GC Worker End (ms): Min: 269213.5, Avg: 269213.5, Max: 269213.5, Diff: 0.0]
   [Code Root Fixup: 0.4 ms]
   [Code Root Migration: 0.0 ms]
   [Clear CT: 1.1 ms]
   [Other: 3.1 ms]
      [Choose CSet: 0.0 ms]
      [Ref Proc: 1.0 ms]
      [Ref Enq: 0.0 ms]
      [Free CSet: 0.1 ms]
   [Eden: 16.0M(1056.0M)->0.0B(1136.0M) Survivors: 160.0M->80.0M Heap: 12.4G(24.0G)->12.5G(24.0G)]
 [Times: user=0.86 sys=0.01, real=0.08 secs] 
2014-04-09T11:20:56.079+0900: 269.218: [GC concurrent-root-region-scan-start]
2014-04-09T11:20:56.080+0900: 269.219: [GC concurrent-root-region-scan-end, 0.0009113 secs]
2014-04-09T11:20:56.080+0900: 269.219: [GC concurrent-mark-start]
2014-04-09T11:20:57.594+0900: 270.733: [GC concurrent-mark-end, 1.5133089 secs]
2014-04-09T11:20:57.595+0900: 270.734: [GC remark 270.736: [GC ref-proc, 0.0030085 secs], 0.0261644 secs]
 [Times: user=0.23 sys=0.00, real=0.03 secs] 
2014-04-09T11:20:57.623+0900: 270.762: [GC cleanup 13G->12G(24G), 0.0253831 secs]
 [Times: user=0.27 sys=0.00, real=0.02 secs] 
2014-04-09T11:20:57.649+0900: 270.788: [GC concurrent-cleanup-start]
2014-04-09T11:20:57.650+0900: 270.789: [GC concurrent-cleanup-end, 0.0007204 secs]
2014-04-09T11:20:59.791+0900: 272.930: [GC pause (G1 Evacuation Pause) (young), 0.0610828 secs]
   [Parallel Time: 53.1 ms, GC Workers: 13]
      [GC Worker Start (ms): Min: 272930.1, Avg: 272930.4, Max: 272930.5, Diff: 0.4]
      [Ext Root Scanning (ms): Min: 0.6, Avg: 0.8, Max: 1.2, Diff: 0.6, Sum: 10.5]
      [Update RS (ms): Min: 3.0, Avg: 3.6, Max: 4.4, Diff: 1.4, Sum: 46.4]
         [Processed Buffers: Min: 10, Avg: 13.9, Max: 19, Diff: 9, Sum: 181]
      [Scan RS (ms): Min: 8.3, Avg: 9.0, Max: 9.3, Diff: 1.0, Sum: 117.5]
      [Code Root Scanning (ms): Min: 0.0, Avg: 0.0, Max: 0.0, Diff: 0.0, Sum: 0.0]
      [Object Copy (ms): Min: 38.5, Avg: 38.6, Max: 38.8, Diff: 0.3, Sum: 501.8]
      [Termination (ms): Min: 0.0, Avg: 0.0, Max: 0.0, Diff: 0.0, Sum: 0.1]
      [GC Worker Other (ms): Min: 0.0, Avg: 0.0, Max: 0.1, Diff: 0.1, Sum: 0.5]
      [GC Worker Total (ms): Min: 51.9, Avg: 52.1, Max: 52.3, Diff: 0.4, Sum: 676.9]
      [GC Worker End (ms): Min: 272982.4, Avg: 272982.4, Max: 272982.5, Diff: 0.1]
   [Code Root Fixup: 0.4 ms]
   [Code Root Migration: 0.0 ms]
   [Clear CT: 3.8 ms]
   [Other: 3.8 ms]
      [Choose CSet: 0.0 ms]
      [Ref Proc: 0.9 ms]
      [Ref Enq: 0.0 ms]
      [Free CSet: 1.0 ms]
   [Eden: 1136.0M(1136.0M)->0.0B(1056.0M) Survivors: 80.0M->160.0M Heap: 13.2G(24.0G)->12.4G(24.0G)]
 [Times: user=0.72 sys=0.00, real=0.06 secs] 
2014-04-09T11:21:02.295+0900: 275.434: [GC pause (G1 Evacuation Pause) (mixed), 0.1075013 secs]
   [Parallel Time: 96.4 ms, GC Workers: 13]
      [GC Worker Start (ms): Min: 275434.4, Avg: 275434.7, Max: 275435.0, Diff: 0.6]
      [Ext Root Scanning (ms): Min: 0.4, Avg: 0.7, Max: 1.0, Diff: 0.6, Sum: 9.2]
      [Update RS (ms): Min: 5.4, Avg: 5.9, Max: 6.7, Diff: 1.4, Sum: 77.2]
         [Processed Buffers: Min: 7, Avg: 16.1, Max: 24, Diff: 17, Sum: 209]
      [Scan RS (ms): Min: 19.5, Avg: 20.2, Max: 20.6, Diff: 1.1, Sum: 263.1]
      [Code Root Scanning (ms): Min: 0.0, Avg: 0.0, Max: 0.0, Diff: 0.0, Sum: 0.0]
      [Object Copy (ms): Min: 67.7, Avg: 67.8, Max: 67.9, Diff: 0.2, Sum: 881.3]
      [Termination (ms): Min: 0.0, Avg: 0.0, Max: 0.0, Diff: 0.0, Sum: 0.1]
      [GC Worker Other (ms): Min: 0.0, Avg: 0.1, Max: 0.3, Diff: 0.3, Sum: 1.8]
      [GC Worker Total (ms): Min: 94.4, Avg: 94.8, Max: 95.1, Diff: 0.6, Sum: 1232.6]
      [GC Worker End (ms): Min: 275529.4, Avg: 275529.6, Max: 275529.8, Diff: 0.3]
   [Code Root Fixup: 0.2 ms]
   [Code Root Migration: 0.0 ms]
   [Clear CT: 3.9 ms]
   [Other: 7.0 ms]
      [Choose CSet: 0.1 ms]
      [Ref Proc: 1.7 ms]
      [Ref Enq: 0.0 ms]
      [Free CSet: 0.9 ms]
   [Eden: 1056.0M(1056.0M)->0.0B(1056.0M) Survivors: 160.0M->160.0M Heap: 13.7G(24.0G)->12.7G(24.0G)]
 [Times: user=1.28 sys=0.01, real=0.11 secs] 
2014-04-09T11:21:12.075+0900: 285.214: [GC pause (G1 Evacuation Pause) (young), 0.0530889 secs]
   [Parallel Time: 47.1 ms, GC Workers: 13]
      [GC Worker Start (ms): Min: 285214.1, Avg: 285214.4, Max: 285214.7, Diff: 0.6]
      [Ext Root Scanning (ms): Min: 0.5, Avg: 0.8, Max: 1.1, Diff: 0.5, Sum: 10.5]
      [Update RS (ms): Min: 19.5, Avg: 20.2, Max: 23.0, Diff: 3.5, Sum: 262.9]
         [Processed Buffers: Min: 10, Avg: 16.0, Max: 30, Diff: 20, Sum: 208]
      [Scan RS (ms): Min: 0.2, Avg: 3.0, Max: 3.7, Diff: 3.5, Sum: 38.6]
      [Code Root Scanning (ms): Min: 0.0, Avg: 0.0, Max: 0.0, Diff: 0.0, Sum: 0.0]
      [Object Copy (ms): Min: 21.4, Avg: 21.5, Max: 21.7, Diff: 0.3, Sum: 280.1]
      [Termination (ms): Min: 0.0, Avg: 0.0, Max: 0.0, Diff: 0.0, Sum: 0.2]
      [GC Worker Other (ms): Min: 0.0, Avg: 0.1, Max: 0.2, Diff: 0.2, Sum: 0.9]
      [GC Worker Total (ms): Min: 45.3, Avg: 45.6, Max: 46.1, Diff: 0.8, Sum: 593.3]
      [GC Worker End (ms): Min: 285259.9, Avg: 285260.0, Max: 285260.2, Diff: 0.2]
   [Code Root Fixup: 0.2 ms]
   [Code Root Migration: 0.0 ms]
   [Clear CT: 2.9 ms]
   [Other: 2.9 ms]
      [Choose CSet: 0.0 ms]
      [Ref Proc: 1.0 ms]
      [Ref Enq: 0.0 ms]
      [Free CSet: 0.4 ms]
   [Eden: 1056.0M(1056.0M)->0.0B(1408.0M) Survivors: 160.0M->96.0M Heap: 13.7G(24.0G)->12.8G(24.0G)]
 [Times: user=0.61 sys=0.00, real=0.05 secs] 
2014-04-09T11:21:13.048+0900: 286.187: [GC pause (G1 Humongous Allocation) (young) (initial-mark), 0.0263122 secs]
   [Parallel Time: 22.7 ms, GC Workers: 13]
      [GC Worker Start (ms): Min: 286187.4, Avg: 286187.7, Max: 286188.0, Diff: 0.6]
      [Ext Root Scanning (ms): Min: 0.3, Avg: 0.6, Max: 1.9, Diff: 1.6, Sum: 7.6]
      [Code Root Marking (ms): Min: 0.0, Avg: 0.7, Max: 6.3, Diff: 6.3, Sum: 9.5]
      [Update RS (ms): Min: 13.6, Avg: 18.9, Max: 19.9, Diff: 6.4, Sum: 245.9]
         [Processed Buffers: Min: 12, Avg: 17.6, Max: 36, Diff: 24, Sum: 229]
      [Scan RS (ms): Min: 0.0, Avg: 0.0, Max: 0.1, Diff: 0.1, Sum: 0.5]
      [Code Root Scanning (ms): Min: 0.0, Avg: 0.0, Max: 0.0, Diff: 0.0, Sum: 0.0]
      [Object Copy (ms): Min: 0.7, Avg: 1.2, Max: 2.8, Diff: 2.1, Sum: 15.3]
      [Termination (ms): Min: 0.0, Avg: 0.1, Max: 0.1, Diff: 0.0, Sum: 0.7]
      [GC Worker Other (ms): Min: 0.0, Avg: 0.0, Max: 0.1, Diff: 0.1, Sum: 0.4]
      [GC Worker Total (ms): Min: 21.3, Avg: 21.5, Max: 21.9, Diff: 0.6, Sum: 280.1]
      [GC Worker End (ms): Min: 286209.3, Avg: 286209.3, Max: 286209.3, Diff: 0.1]
   [Code Root Fixup: 0.2 ms]
   [Code Root Migration: 0.0 ms]
   [Clear CT: 1.3 ms]
   [Other: 2.1 ms]
      [Choose CSet: 0.0 ms]
      [Ref Proc: 1.2 ms]
      [Ref Enq: 0.0 ms]
      [Free CSet: 0.3 ms]
   [Eden: 944.0M(1408.0M)->0.0B(3216.0M) Survivors: 96.0M->48.0M Heap: 13.7G(24.0G)->12.8G(24.0G)]
 [Times: user=0.29 sys=0.01, real=0.03 secs] 
2014-04-09T11:21:13.075+0900: 286.214: [GC concurrent-root-region-scan-start]
2014-04-09T11:21:13.077+0900: 286.216: [GC concurrent-root-region-scan-end, 0.0022492 secs]
2014-04-09T11:21:13.077+0900: 286.216: [GC concurrent-mark-start]
2014-04-09T11:21:14.244+0900: 287.383: [GC concurrent-mark-end, 1.1675309 secs]
2014-04-09T11:21:14.245+0900: 287.384: [GC remark 287.385: [GC ref-proc, 0.0019250 secs], 0.0209028 secs]
 [Times: user=0.18 sys=0.00, real=0.02 secs] 
2014-04-09T11:21:14.267+0900: 287.406: [GC cleanup 14G->13G(24G), 0.0231984 secs]
 [Times: user=0.28 sys=0.00, real=0.02 secs] 
2014-04-09T11:21:14.291+0900: 287.430: [GC concurrent-cleanup-start]
2014-04-09T11:21:14.291+0900: 287.430: [GC concurrent-cleanup-end, 0.0007625 secs]
2014-04-09T11:21:16.853+0900: 289.992: [GC pause (G1 Evacuation Pause) (young), 0.1419035 secs]
   [Parallel Time: 132.2 ms, GC Workers: 13]
      [GC Worker Start (ms): Min: 289992.4, Avg: 289992.6, Max: 289992.8, Diff: 0.4]
      [Ext Root Scanning (ms): Min: 0.6, Avg: 0.8, Max: 1.2, Diff: 0.7, Sum: 9.8]
      [Update RS (ms): Min: 4.0, Avg: 5.0, Max: 6.0, Diff: 1.9, Sum: 64.4]
         [Processed Buffers: Min: 10, Avg: 14.1, Max: 21, Diff: 11, Sum: 183]
      [Scan RS (ms): Min: 16.0, Avg: 17.0, Max: 17.5, Diff: 1.5, Sum: 221.6]
      [Code Root Scanning (ms): Min: 0.0, Avg: 0.0, Max: 0.0, Diff: 0.0, Sum: 0.1]
      [Object Copy (ms): Min: 108.5, Avg: 108.7, Max: 108.7, Diff: 0.2, Sum: 1412.6]
      [Termination (ms): Min: 0.0, Avg: 0.2, Max: 0.2, Diff: 0.2, Sum: 2.1]
      [GC Worker Other (ms): Min: 0.0, Avg: 0.1, Max: 0.3, Diff: 0.2, Sum: 1.2]
      [GC Worker Total (ms): Min: 131.5, Avg: 131.7, Max: 131.9, Diff: 0.4, Sum: 1711.7]
      [GC Worker End (ms): Min: 290124.3, Avg: 290124.3, Max: 290124.5, Diff: 0.2]
   [Code Root Fixup: 0.3 ms]
   [Code Root Migration: 0.0 ms]
   [Clear CT: 3.5 ms]
   [Other: 5.8 ms]
      [Choose CSet: 0.0 ms]
      [Ref Proc: 0.8 ms]
      [Ref Enq: 0.0 ms]
      [Free CSet: 1.7 ms]
   [Eden: 2880.0M(2608.0M)->0.0B(880.0M) Survivors: 48.0M->336.0M Heap: 16.1G(24.0G)->13.9G(24.0G)]
 [Times: user=1.75 sys=0.01, real=0.15 secs] 
2014-04-09T11:21:18.131+0900: 291.270: [GC pause (G1 Evacuation Pause) (mixed), 0.1820648 secs]
   [Parallel Time: 166.2 ms, GC Workers: 13]
      [GC Worker Start (ms): Min: 291270.5, Avg: 291270.7, Max: 291270.9, Diff: 0.5]
      [Ext Root Scanning (ms): Min: 0.4, Avg: 0.7, Max: 1.1, Diff: 0.6, Sum: 8.6]
      [Update RS (ms): Min: 7.9, Avg: 8.2, Max: 8.6, Diff: 0.7, Sum: 107.1]
         [Processed Buffers: Min: 21, Avg: 26.3, Max: 30, Diff: 9, Sum: 342]
      [Scan RS (ms): Min: 40.0, Avg: 40.2, Max: 40.3, Diff: 0.4, Sum: 522.4]
      [Code Root Scanning (ms): Min: 0.0, Avg: 0.0, Max: 0.0, Diff: 0.0, Sum: 0.1]
      [Object Copy (ms): Min: 115.8, Avg: 115.9, Max: 116.0, Diff: 0.2, Sum: 1506.6]
      [Termination (ms): Min: 0.0, Avg: 0.0, Max: 0.0, Diff: 0.0, Sum: 0.0]
      [GC Worker Other (ms): Min: 0.0, Avg: 0.0, Max: 0.1, Diff: 0.0, Sum: 0.4]
      [GC Worker Total (ms): Min: 164.8, Avg: 165.0, Max: 165.3, Diff: 0.5, Sum: 2145.3]
      [GC Worker End (ms): Min: 291435.7, Avg: 291435.7, Max: 291435.8, Diff: 0.0]
   [Code Root Fixup: 0.3 ms]
   [Code Root Migration: 0.1 ms]
   [Clear CT: 5.1 ms]
   [Other: 10.4 ms]
      [Choose CSet: 0.4 ms]
      [Ref Proc: 1.3 ms]
      [Ref Enq: 0.0 ms]
      [Free CSet: 2.6 ms]
   [Eden: 880.0M(880.0M)->0.0B(1056.0M) Survivors: 336.0M->160.0M Heap: 15.1G(24.0G)->13.6G(24.0G)]
 [Times: user=2.21 sys=0.00, real=0.18 secs] 
2014-04-09T11:21:19.818+0900: 292.957: [GC pause (G1 Evacuation Pause) (mixed), 0.2684310 secs]
   [Parallel Time: 254.0 ms, GC Workers: 13]
      [GC Worker Start (ms): Min: 292957.5, Avg: 292957.7, Max: 292958.0, Diff: 0.5]
      [Ext Root Scanning (ms): Min: 0.3, Avg: 0.7, Max: 1.7, Diff: 1.4, Sum: 9.1]
      [Update RS (ms): Min: 19.7, Avg: 20.8, Max: 22.0, Diff: 2.3, Sum: 270.3]
         [Processed Buffers: Min: 11, Avg: 17.7, Max: 33, Diff: 22, Sum: 230]
      [Scan RS (ms): Min: 57.6, Avg: 58.9, Max: 60.0, Diff: 2.4, Sum: 766.0]
      [Code Root Scanning (ms): Min: 0.0, Avg: 0.0, Max: 0.0, Diff: 0.0, Sum: 0.1]
      [Object Copy (ms): Min: 172.3, Avg: 172.9, Max: 173.6, Diff: 1.3, Sum: 2247.8]
      [Termination (ms): Min: 0.0, Avg: 0.1, Max: 0.1, Diff: 0.1, Sum: 0.7]
      [GC Worker Other (ms): Min: 0.0, Avg: 0.0, Max: 0.1, Diff: 0.1, Sum: 0.5]
      [GC Worker Total (ms): Min: 253.1, Avg: 253.4, Max: 253.7, Diff: 0.6, Sum: 3294.4]
      [GC Worker End (ms): Min: 293211.1, Avg: 293211.1, Max: 293211.2, Diff: 0.1]
   [Code Root Fixup: 0.2 ms]
   [Code Root Migration: 0.1 ms]
   [Clear CT: 4.4 ms]
   [Other: 9.7 ms]
      [Choose CSet: 0.6 ms]
      [Ref Proc: 0.5 ms]
      [Ref Enq: 0.0 ms]
      [Free CSet: 2.2 ms]
   [Eden: 1056.0M(1056.0M)->0.0B(1056.0M) Survivors: 160.0M->160.0M Heap: 15.1G(24.0G)->13.5G(24.0G)]
 [Times: user=3.34 sys=0.00, real=0.27 secs] 
2014-04-09T11:21:22.015+0900: 295.154: [GC pause (G1 Evacuation Pause) (mixed), 0.2618584 secs]
   [Parallel Time: 246.1 ms, GC Workers: 13]
      [GC Worker Start (ms): Min: 295154.9, Avg: 295155.1, Max: 295155.3, Diff: 0.4]
      [Ext Root Scanning (ms): Min: 0.5, Avg: 0.7, Max: 1.8, Diff: 1.3, Sum: 9.4]
      [Update RS (ms): Min: 2.6, Avg: 3.4, Max: 3.6, Diff: 1.0, Sum: 44.7]
         [Processed Buffers: Min: 10, Avg: 13.8, Max: 17, Diff: 7, Sum: 179]
      [Scan RS (ms): Min: 85.0, Avg: 85.2, Max: 85.6, Diff: 0.6, Sum: 1108.1]
      [Code Root Scanning (ms): Min: 0.0, Avg: 0.0, Max: 0.0, Diff: 0.0, Sum: 0.1]
      [Object Copy (ms): Min: 155.1, Avg: 155.6, Max: 156.3, Diff: 1.2, Sum: 2022.3]
      [Termination (ms): Min: 0.0, Avg: 0.6, Max: 0.7, Diff: 0.7, Sum: 7.3]
      [GC Worker Other (ms): Min: 0.0, Avg: 0.1, Max: 0.2, Diff: 0.2, Sum: 0.8]
      [GC Worker Total (ms): Min: 245.4, Avg: 245.6, Max: 246.0, Diff: 0.5, Sum: 3192.7]
      [GC Worker End (ms): Min: 295400.6, Avg: 295400.7, Max: 295400.8, Diff: 0.2]
   [Code Root Fixup: 0.2 ms]
   [Code Root Migration: 0.1 ms]
   [Clear CT: 5.0 ms]
   [Other: 10.5 ms]
      [Choose CSet: 0.8 ms]
      [Ref Proc: 0.4 ms]
      [Ref Enq: 0.0 ms]
      [Free CSet: 2.2 ms]
   [Eden: 1056.0M(1056.0M)->0.0B(1056.0M) Survivors: 160.0M->160.0M Heap: 15.0G(24.0G)->13.5G(24.0G)]
 [Times: user=3.24 sys=0.01, real=0.26 secs] 
2014-04-09T11:21:24.337+0900: 297.476: [GC pause (G1 Evacuation Pause) (mixed), 0.2370910 secs]
   [Parallel Time: 219.4 ms, GC Workers: 13]
      [GC Worker Start (ms): Min: 297477.3, Avg: 297477.6, Max: 297477.8, Diff: 0.5]
      [Ext Root Scanning (ms): Min: 0.5, Avg: 0.7, Max: 1.3, Diff: 0.8, Sum: 8.7]
      [Update RS (ms): Min: 3.6, Avg: 4.0, Max: 5.3, Diff: 1.7, Sum: 52.1]
         [Processed Buffers: Min: 12, Avg: 14.9, Max: 17, Diff: 5, Sum: 194]
      [Scan RS (ms): Min: 74.7, Avg: 76.0, Max: 76.4, Diff: 1.7, Sum: 988.5]
      [Code Root Scanning (ms): Min: 0.0, Avg: 0.0, Max: 0.0, Diff: 0.0, Sum: 0.1]
      [Object Copy (ms): Min: 137.2, Avg: 137.4, Max: 137.6, Diff: 0.4, Sum: 1786.6]
      [Termination (ms): Min: 0.0, Avg: 0.0, Max: 0.0, Diff: 0.0, Sum: 0.0]
      [GC Worker Other (ms): Min: 0.0, Avg: 0.0, Max: 0.1, Diff: 0.1, Sum: 0.5]
      [GC Worker Total (ms): Min: 218.0, Avg: 218.2, Max: 218.5, Diff: 0.5, Sum: 2836.7]
      [GC Worker End (ms): Min: 297695.8, Avg: 297695.8, Max: 297695.9, Diff: 0.1]
   [Code Root Fixup: 0.3 ms]
   [Code Root Migration: 0.1 ms]
   [Clear CT: 5.2 ms]
   [Other: 12.1 ms]
      [Choose CSet: 0.8 ms]
      [Ref Proc: 1.0 ms]
      [Ref Enq: 0.0 ms]
      [Free CSet: 2.8 ms]
   [Eden: 1056.0M(1056.0M)->0.0B(1056.0M) Survivors: 160.0M->160.0M Heap: 15.0G(24.0G)->13.5G(24.0G)]
 [Times: user=2.89 sys=0.00, real=0.24 secs] 
2014-04-09T11:21:26.104+0900: 299.243: [GC pause (G1 Evacuation Pause) (mixed), 0.0957027 secs]
   [Parallel Time: 85.7 ms, GC Workers: 13]
      [GC Worker Start (ms): Min: 299243.7, Avg: 299244.0, Max: 299244.3, Diff: 0.6]
      [Ext Root Scanning (ms): Min: 0.4, Avg: 0.7, Max: 1.6, Diff: 1.2, Sum: 9.4]
      [Update RS (ms): Min: 4.1, Avg: 5.3, Max: 6.8, Diff: 2.8, Sum: 69.1]
         [Processed Buffers: Min: 13, Avg: 16.9, Max: 22, Diff: 9, Sum: 220]
      [Scan RS (ms): Min: 13.7, Avg: 15.2, Max: 15.7, Diff: 2.0, Sum: 197.5]
      [Code Root Scanning (ms): Min: 0.0, Avg: 0.0, Max: 0.0, Diff: 0.0, Sum: 0.0]
      [Object Copy (ms): Min: 62.9, Avg: 63.1, Max: 63.2, Diff: 0.3, Sum: 820.1]
      [Termination (ms): Min: 0.0, Avg: 0.0, Max: 0.0, Diff: 0.0, Sum: 0.0]
      [GC Worker Other (ms): Min: 0.0, Avg: 0.0, Max: 0.1, Diff: 0.1, Sum: 0.6]
      [GC Worker Total (ms): Min: 84.1, Avg: 84.4, Max: 84.7, Diff: 0.5, Sum: 1096.8]
      [GC Worker End (ms): Min: 299328.4, Avg: 299328.4, Max: 299328.5, Diff: 0.1]
   [Code Root Fixup: 0.2 ms]
   [Code Root Migration: 0.0 ms]
   [Clear CT: 5.2 ms]
   [Other: 4.5 ms]
      [Choose CSet: 0.1 ms]
      [Ref Proc: 1.4 ms]
      [Ref Enq: 0.0 ms]
      [Free CSet: 0.7 ms]
   [Eden: 1056.0M(1056.0M)->0.0B(1056.0M) Survivors: 160.0M->160.0M Heap: 15.0G(24.0G)->14.3G(24.0G)]
 [Times: user=1.16 sys=0.00, real=0.10 secs] 
2014-04-09T11:21:26.239+0900: 299.378: [GC pause (G1 Humongous Allocation) (young) (initial-mark), 0.0668440 secs]
   [Parallel Time: 62.9 ms, GC Workers: 13]
      [GC Worker Start (ms): Min: 299378.0, Avg: 299378.3, Max: 299378.5, Diff: 0.6]
      [Ext Root Scanning (ms): Min: 0.4, Avg: 0.7, Max: 2.6, Diff: 2.2, Sum: 8.5]
      [Code Root Marking (ms): Min: 0.0, Avg: 0.8, Max: 6.7, Diff: 6.7, Sum: 10.0]
      [Update RS (ms): Min: 30.1, Avg: 35.3, Max: 40.3, Diff: 10.3, Sum: 459.3]
         [Processed Buffers: Min: 19, Avg: 23.2, Max: 32, Diff: 13, Sum: 302]
      [Scan RS (ms): Min: 0.0, Avg: 0.0, Max: 0.0, Diff: 0.0, Sum: 0.1]
      [Code Root Scanning (ms): Min: 0.0, Avg: 0.0, Max: 0.0, Diff: 0.0, Sum: 0.0]
      [Object Copy (ms): Min: 20.7, Avg: 24.9, Max: 27.1, Diff: 6.4, Sum: 323.3]
      [Termination (ms): Min: 0.0, Avg: 0.0, Max: 0.0, Diff: 0.0, Sum: 0.0]
      [GC Worker Other (ms): Min: 0.0, Avg: 0.0, Max: 0.0, Diff: 0.0, Sum: 0.3]
      [GC Worker Total (ms): Min: 61.4, Avg: 61.7, Max: 62.0, Diff: 0.6, Sum: 801.6]
      [GC Worker End (ms): Min: 299440.0, Avg: 299440.0, Max: 299440.0, Diff: 0.0]
   [Code Root Fixup: 0.2 ms]
   [Code Root Migration: 0.0 ms]
   [Clear CT: 1.0 ms]
   [Other: 2.7 ms]
      [Choose CSet: 0.0 ms]
      [Ref Proc: 1.0 ms]
      [Ref Enq: 0.0 ms]
      [Free CSet: 0.1 ms]
   [Eden: 16.0M(1056.0M)->0.0B(1168.0M) Survivors: 160.0M->48.0M Heap: 14.3G(24.0G)->14.4G(24.0G)]
 [Times: user=0.80 sys=0.01, real=0.07 secs] 
2014-04-09T11:21:26.306+0900: 299.445: [GC concurrent-root-region-scan-start]
2014-04-09T11:21:26.307+0900: 299.447: [GC concurrent-root-region-scan-end, 0.0017449 secs]
2014-04-09T11:21:26.308+0900: 299.447: [GC concurrent-mark-start]
2014-04-09T11:21:27.609+0900: 300.748: [GC concurrent-mark-end, 1.3018227 secs]
2014-04-09T11:21:27.610+0900: 300.749: [GC remark 300.751: [GC ref-proc, 0.0018729 secs], 0.0247161 secs]
 [Times: user=0.22 sys=0.00, real=0.03 secs] 
2014-04-09T11:21:27.637+0900: 300.776: [GC cleanup 14G->11G(24G), 0.0276744 secs]
 [Times: user=0.31 sys=0.00, real=0.03 secs] 
2014-04-09T11:21:27.665+0900: 300.804: [GC concurrent-cleanup-start]
2014-04-09T11:21:27.668+0900: 300.807: [GC concurrent-cleanup-end, 0.0025524 secs]
2014-04-09T11:21:31.018+0900: 304.157: [GC pause (G1 Evacuation Pause) (young), 0.0620657 secs]
   [Parallel Time: 56.1 ms, GC Workers: 13]
      [GC Worker Start (ms): Min: 304157.4, Avg: 304157.7, Max: 304157.9, Diff: 0.5]
      [Ext Root Scanning (ms): Min: 0.4, Avg: 0.7, Max: 1.0, Diff: 0.5, Sum: 8.6]
      [Update RS (ms): Min: 3.8, Avg: 4.3, Max: 5.7, Diff: 1.9, Sum: 55.9]
         [Processed Buffers: Min: 11, Avg: 16.4, Max: 24, Diff: 13, Sum: 213]
      [Scan RS (ms): Min: 4.6, Avg: 6.1, Max: 6.4, Diff: 1.8, Sum: 79.2]
      [Code Root Scanning (ms): Min: 0.0, Avg: 0.0, Max: 0.0, Diff: 0.0, Sum: 0.0]
      [Object Copy (ms): Min: 43.2, Avg: 43.4, Max: 43.8, Diff: 0.6, Sum: 564.3]
      [Termination (ms): Min: 0.0, Avg: 0.0, Max: 0.0, Diff: 0.0, Sum: 0.2]
      [GC Worker Other (ms): Min: 0.0, Avg: 0.0, Max: 0.1, Diff: 0.1, Sum: 0.4]
      [GC Worker Total (ms): Min: 54.2, Avg: 54.5, Max: 54.8, Diff: 0.5, Sum: 708.6]
      [GC Worker End (ms): Min: 304212.2, Avg: 304212.2, Max: 304212.2, Diff: 0.0]
   [Code Root Fixup: 0.3 ms]
   [Code Root Migration: 0.0 ms]
   [Clear CT: 2.9 ms]
   [Other: 2.7 ms]
      [Choose CSet: 0.0 ms]
      [Ref Proc: 1.1 ms]
      [Ref Enq: 0.0 ms]
      [Free CSet: 0.5 ms]
   [Eden: 1168.0M(1168.0M)->0.0B(1056.0M) Survivors: 48.0M->160.0M Heap: 12.5G(24.0G)->11.6G(24.0G)]
 [Times: user=0.74 sys=0.00, real=0.06 secs] 
2014-04-09T11:21:32.650+0900: 305.789: [GC pause (G1 Evacuation Pause) (mixed), 0.1390021 secs]
   [Parallel Time: 126.6 ms, GC Workers: 13]
      [GC Worker Start (ms): Min: 305789.9, Avg: 305790.2, Max: 305790.4, Diff: 0.5]
      [Ext Root Scanning (ms): Min: 0.5, Avg: 0.7, Max: 1.2, Diff: 0.7, Sum: 9.0]
      [Update RS (ms): Min: 4.6, Avg: 5.4, Max: 6.7, Diff: 2.1, Sum: 70.7]
         [Processed Buffers: Min: 14, Avg: 18.1, Max: 27, Diff: 13, Sum: 235]
      [Scan RS (ms): Min: 33.9, Avg: 35.0, Max: 35.6, Diff: 1.6, Sum: 455.6]
      [Code Root Scanning (ms): Min: 0.0, Avg: 0.0, Max: 0.0, Diff: 0.0, Sum: 0.1]
      [Object Copy (ms): Min: 84.8, Avg: 85.0, Max: 85.3, Diff: 0.5, Sum: 1105.0]
      [Termination (ms): Min: 0.0, Avg: 0.0, Max: 0.0, Diff: 0.0, Sum: 0.0]
      [GC Worker Other (ms): Min: 0.0, Avg: 0.0, Max: 0.1, Diff: 0.0, Sum: 0.4]
      [GC Worker Total (ms): Min: 126.0, Avg: 126.2, Max: 126.5, Diff: 0.5, Sum: 1640.8]
      [GC Worker End (ms): Min: 305916.4, Avg: 305916.4, Max: 305916.4, Diff: 0.0]
   [Code Root Fixup: 0.3 ms]
   [Code Root Migration: 0.1 ms]
   [Clear CT: 5.2 ms]
   [Other: 6.9 ms]
      [Choose CSet: 0.4 ms]
      [Ref Proc: 0.8 ms]
      [Ref Enq: 0.0 ms]
      [Free CSet: 1.4 ms]
   [Eden: 1056.0M(1056.0M)->0.0B(1056.0M) Survivors: 160.0M->160.0M Heap: 13.1G(24.0G)->12.0G(24.0G)]
 [Times: user=1.70 sys=0.00, real=0.14 secs] 
2014-04-09T11:21:32.845+0900: 305.984: [GC pause (G1 Humongous Allocation) (young) (initial-mark), 0.0676298 secs]
   [Parallel Time: 63.8 ms, GC Workers: 13]
      [GC Worker Start (ms): Min: 305984.2, Avg: 305984.5, Max: 305984.7, Diff: 0.5]
      [Ext Root Scanning (ms): Min: 0.3, Avg: 0.7, Max: 3.2, Diff: 2.8, Sum: 9.2]
      [Code Root Marking (ms): Min: 0.0, Avg: 0.6, Max: 4.6, Diff: 4.6, Sum: 7.8]
      [Update RS (ms): Min: 31.7, Avg: 35.1, Max: 38.2, Diff: 6.5, Sum: 456.6]
         [Processed Buffers: Min: 19, Avg: 24.2, Max: 30, Diff: 11, Sum: 315]
      [Scan RS (ms): Min: 0.0, Avg: 0.1, Max: 0.5, Diff: 0.5, Sum: 1.4]
      [Code Root Scanning (ms): Min: 0.0, Avg: 0.0, Max: 0.0, Diff: 0.0, Sum: 0.0]
      [Object Copy (ms): Min: 23.9, Avg: 26.4, Max: 28.7, Diff: 4.8, Sum: 342.8]
      [Termination (ms): Min: 0.0, Avg: 0.0, Max: 0.0, Diff: 0.0, Sum: 0.1]
      [GC Worker Other (ms): Min: 0.0, Avg: 0.0, Max: 0.0, Diff: 0.0, Sum: 0.3]
      [GC Worker Total (ms): Min: 62.7, Avg: 62.9, Max: 63.2, Diff: 0.5, Sum: 818.3]
      [GC Worker End (ms): Min: 306047.4, Avg: 306047.4, Max: 306047.4, Diff: 0.0]
   [Code Root Fixup: 0.2 ms]
   [Code Root Migration: 0.0 ms]
   [Clear CT: 1.1 ms]
   [Other: 2.6 ms]
      [Choose CSet: 0.0 ms]
      [Ref Proc: 0.8 ms]
      [Ref Enq: 0.0 ms]
      [Free CSet: 0.1 ms]
   [Eden: 32.0M(1056.0M)->0.0B(1120.0M) Survivors: 160.0M->96.0M Heap: 12.0G(24.0G)->12.2G(24.0G)]
 [Times: user=0.81 sys=0.01, real=0.07 secs] 
2014-04-09T11:21:32.913+0900: 306.052: [GC concurrent-root-region-scan-start]
2014-04-09T11:21:32.915+0900: 306.054: [GC concurrent-root-region-scan-end, 0.0019550 secs]
2014-04-09T11:21:32.915+0900: 306.054: [GC concurrent-mark-start]
2014-04-09T11:21:34.438+0900: 307.577: [GC concurrent-mark-end, 1.5231366 secs]
2014-04-09T11:21:34.439+0900: 307.578: [GC remark 307.579: [GC ref-proc, 0.0018273 secs], 0.0235516 secs]
 [Times: user=0.21 sys=0.00, real=0.02 secs] 
2014-04-09T11:21:34.464+0900: 307.603: [GC cleanup 12G->11G(24G), 0.0258269 secs]
 [Times: user=0.29 sys=0.01, real=0.03 secs] 
2014-04-09T11:21:34.490+0900: 307.629: [GC concurrent-cleanup-start]
2014-04-09T11:21:34.491+0900: 307.630: [GC concurrent-cleanup-end, 0.0008828 secs]
2014-04-09T11:21:35.389+0900: 308.528: [GC pause (G1 Evacuation Pause) (young), 0.0590776 secs]
   [Parallel Time: 53.2 ms, GC Workers: 13]
      [GC Worker Start (ms): Min: 308528.7, Avg: 308528.9, Max: 308529.2, Diff: 0.5]
      [Ext Root Scanning (ms): Min: 0.4, Avg: 0.7, Max: 1.2, Diff: 0.8, Sum: 8.6]
      [Update RS (ms): Min: 3.6, Avg: 4.7, Max: 5.1, Diff: 1.5, Sum: 61.3]
         [Processed Buffers: Min: 12, Avg: 17.2, Max: 24, Diff: 12, Sum: 224]
      [Scan RS (ms): Min: 5.1, Avg: 5.6, Max: 6.2, Diff: 1.0, Sum: 73.0]
      [Code Root Scanning (ms): Min: 0.0, Avg: 0.0, Max: 0.0, Diff: 0.0, Sum: 0.0]
      [Object Copy (ms): Min: 40.6, Avg: 41.2, Max: 41.9, Diff: 1.4, Sum: 535.2]
      [Termination (ms): Min: 0.0, Avg: 0.0, Max: 0.0, Diff: 0.0, Sum: 0.0]
      [GC Worker Other (ms): Min: 0.0, Avg: 0.0, Max: 0.1, Diff: 0.0, Sum: 0.4]
      [GC Worker Total (ms): Min: 51.9, Avg: 52.2, Max: 52.4, Diff: 0.5, Sum: 678.5]
      [GC Worker End (ms): Min: 308581.1, Avg: 308581.1, Max: 308581.2, Diff: 0.0]
   [Code Root Fixup: 0.2 ms]
   [Code Root Migration: 0.0 ms]
   [Clear CT: 2.8 ms]
   [Other: 2.8 ms]
      [Choose CSet: 0.0 ms]
      [Ref Proc: 1.0 ms]
      [Ref Enq: 0.0 ms]
      [Free CSet: 0.5 ms]
   [Eden: 1120.0M(1120.0M)->0.0B(1056.0M) Survivors: 96.0M->160.0M Heap: 12.7G(24.0G)->11.9G(24.0G)]
 [Times: user=0.70 sys=0.00, real=0.06 secs] 
2014-04-09T11:21:37.969+0900: 311.108: [GC pause (G1 Evacuation Pause) (mixed), 0.1231484 secs]
   [Parallel Time: 113.0 ms, GC Workers: 13]
      [GC Worker Start (ms): Min: 311108.0, Avg: 311108.3, Max: 311108.5, Diff: 0.5]
      [Ext Root Scanning (ms): Min: 0.5, Avg: 0.7, Max: 1.1, Diff: 0.7, Sum: 8.9]
      [Update RS (ms): Min: 6.7, Avg: 7.2, Max: 7.6, Diff: 0.9, Sum: 93.1]
         [Processed Buffers: Min: 25, Avg: 27.6, Max: 32, Diff: 7, Sum: 359]
      [Scan RS (ms): Min: 16.4, Avg: 16.8, Max: 17.2, Diff: 0.7, Sum: 218.8]
      [Code Root Scanning (ms): Min: 0.0, Avg: 0.0, Max: 0.0, Diff: 0.0, Sum: 0.0]
      [Object Copy (ms): Min: 86.1, Avg: 86.9, Max: 87.1, Diff: 1.0, Sum: 1129.3]
      [Termination (ms): Min: 0.0, Avg: 0.0, Max: 0.0, Diff: 0.0, Sum: 0.0]
      [GC Worker Other (ms): Min: 0.0, Avg: 0.0, Max: 0.1, Diff: 0.0, Sum: 0.4]
      [GC Worker Total (ms): Min: 111.4, Avg: 111.6, Max: 111.9, Diff: 0.5, Sum: 1450.6]
      [GC Worker End (ms): Min: 311219.9, Avg: 311219.9, Max: 311219.9, Diff: 0.0]
   [Code Root Fixup: 0.3 ms]
   [Code Root Migration: 0.0 ms]
   [Clear CT: 5.1 ms]
   [Other: 4.7 ms]
      [Choose CSet: 0.1 ms]
      [Ref Proc: 1.2 ms]
      [Ref Enq: 0.0 ms]
      [Free CSet: 0.9 ms]
   [Eden: 1056.0M(1056.0M)->0.0B(1056.0M) Survivors: 160.0M->160.0M Heap: 13.4G(24.0G)->12.5G(24.0G)]
 [Times: user=1.47 sys=0.03, real=0.12 secs] 
2014-04-09T11:21:38.234+0900: 311.373: [GC pause (G1 Humongous Allocation) (young) (initial-mark), 0.0685626 secs]
   [Parallel Time: 64.1 ms, GC Workers: 13]
      [GC Worker Start (ms): Min: 311373.0, Avg: 311373.3, Max: 311373.6, Diff: 0.6]
      [Ext Root Scanning (ms): Min: 0.3, Avg: 0.7, Max: 3.2, Diff: 2.9, Sum: 8.8]
      [Code Root Marking (ms): Min: 0.0, Avg: 0.8, Max: 6.9, Diff: 6.8, Sum: 10.2]
      [Update RS (ms): Min: 23.4, Avg: 29.4, Max: 32.5, Diff: 9.1, Sum: 382.7]
         [Processed Buffers: Min: 12, Avg: 20.8, Max: 31, Diff: 19, Sum: 271]
      [Scan RS (ms): Min: 0.0, Avg: 0.2, Max: 0.5, Diff: 0.5, Sum: 2.2]
      [Code Root Scanning (ms): Min: 0.0, Avg: 0.0, Max: 0.0, Diff: 0.0, Sum: 0.0]
      [Object Copy (ms): Min: 29.6, Avg: 31.7, Max: 33.1, Diff: 3.5, Sum: 412.0]
      [Termination (ms): Min: 0.0, Avg: 0.0, Max: 0.0, Diff: 0.0, Sum: 0.1]
      [GC Worker Other (ms): Min: 0.0, Avg: 0.0, Max: 0.0, Diff: 0.0, Sum: 0.3]
      [GC Worker Total (ms): Min: 62.5, Avg: 62.8, Max: 63.1, Diff: 0.6, Sum: 816.2]
      [GC Worker End (ms): Min: 311436.1, Avg: 311436.1, Max: 311436.1, Diff: 0.0]
   [Code Root Fixup: 0.2 ms]
   [Code Root Migration: 0.0 ms]
   [Clear CT: 1.3 ms]
   [Other: 2.9 ms]
      [Choose CSet: 0.0 ms]
      [Ref Proc: 1.4 ms]
      [Ref Enq: 0.0 ms]
      [Free CSet: 0.1 ms]
   [Eden: 144.0M(1056.0M)->0.0B(1104.0M) Survivors: 160.0M->112.0M Heap: 12.6G(24.0G)->12.7G(24.0G)]
 [Times: user=0.83 sys=0.00, real=0.07 secs] 
2014-04-09T11:21:38.302+0900: 311.442: [GC concurrent-root-region-scan-start]
2014-04-09T11:21:38.308+0900: 311.447: [GC concurrent-root-region-scan-end, 0.0059607 secs]
2014-04-09T11:21:38.308+0900: 311.447: [GC concurrent-mark-start]
2014-04-09T11:21:39.753+0900: 312.892: [GC concurrent-mark-end, 1.4443693 secs]
2014-04-09T11:21:39.754+0900: 312.893: [GC remark 312.894: [GC ref-proc, 0.0018530 secs], 0.0245691 secs]
 [Times: user=0.23 sys=0.00, real=0.03 secs] 
2014-04-09T11:21:39.780+0900: 312.919: [GC cleanup 13G->12G(24G), 0.0251654 secs]
 [Times: user=0.28 sys=0.00, real=0.02 secs] 
2014-04-09T11:21:39.805+0900: 312.944: [GC concurrent-cleanup-start]
2014-04-09T11:21:39.806+0900: 312.945: [GC concurrent-cleanup-end, 0.0008688 secs]
2014-04-09T11:21:40.316+0900: 313.455: [GC pause (G1 Evacuation Pause) (young), 0.0648908 secs]
   [Parallel Time: 59.7 ms, GC Workers: 13]
      [GC Worker Start (ms): Min: 313455.1, Avg: 313455.4, Max: 313455.7, Diff: 0.5]
      [Ext Root Scanning (ms): Min: 0.4, Avg: 0.7, Max: 1.5, Diff: 1.1, Sum: 9.0]
      [Update RS (ms): Min: 7.1, Avg: 7.8, Max: 9.0, Diff: 1.9, Sum: 101.8]
         [Processed Buffers: Min: 17, Avg: 25.2, Max: 43, Diff: 26, Sum: 327]
      [Scan RS (ms): Min: 4.1, Avg: 5.3, Max: 5.7, Diff: 1.6, Sum: 68.9]
      [Code Root Scanning (ms): Min: 0.0, Avg: 0.0, Max: 0.0, Diff: 0.0, Sum: 0.0]
      [Object Copy (ms): Min: 44.7, Avg: 44.8, Max: 45.0, Diff: 0.3, Sum: 583.0]
      [Termination (ms): Min: 0.0, Avg: 0.0, Max: 0.0, Diff: 0.0, Sum: 0.3]
      [GC Worker Other (ms): Min: 0.0, Avg: 0.0, Max: 0.1, Diff: 0.1, Sum: 0.6]
      [GC Worker Total (ms): Min: 58.5, Avg: 58.7, Max: 59.1, Diff: 0.6, Sum: 763.6]
      [GC Worker End (ms): Min: 313514.1, Avg: 313514.1, Max: 313514.2, Diff: 0.1]
   [Code Root Fixup: 0.2 ms]
   [Code Root Migration: 0.0 ms]
   [Clear CT: 2.7 ms]
   [Other: 2.4 ms]
      [Choose CSet: 0.0 ms]
      [Ref Proc: 0.6 ms]
      [Ref Enq: 0.0 ms]
      [Free CSet: 0.5 ms]
   [Eden: 1104.0M(1104.0M)->0.0B(1056.0M) Survivors: 112.0M->160.0M Heap: 13.1G(24.0G)->12.3G(24.0G)]
 [Times: user=0.79 sys=0.00, real=0.07 secs] 
2014-04-09T11:21:42.970+0900: 316.109: [GC pause (G1 Evacuation Pause) (mixed), 0.0509354 secs]
   [Parallel Time: 42.6 ms, GC Workers: 13]
      [GC Worker Start (ms): Min: 316108.8, Avg: 316109.1, Max: 316109.4, Diff: 0.6]
      [Ext Root Scanning (ms): Min: 0.4, Avg: 0.8, Max: 1.8, Diff: 1.4, Sum: 9.8]
      [Update RS (ms): Min: 15.5, Avg: 16.7, Max: 17.8, Diff: 2.3, Sum: 217.7]
         [Processed Buffers: Min: 10, Avg: 13.7, Max: 17, Diff: 7, Sum: 178]
      [Scan RS (ms): Min: 3.9, Avg: 4.9, Max: 5.3, Diff: 1.4, Sum: 64.0]
      [Code Root Scanning (ms): Min: 0.0, Avg: 0.0, Max: 0.0, Diff: 0.0, Sum: 0.0]
      [Object Copy (ms): Min: 19.1, Avg: 19.2, Max: 19.4, Diff: 0.3, Sum: 249.9]
      [Termination (ms): Min: 0.0, Avg: 0.0, Max: 0.0, Diff: 0.0, Sum: 0.1]
      [GC Worker Other (ms): Min: 0.0, Avg: 0.1, Max: 0.2, Diff: 0.1, Sum: 0.7]
      [GC Worker Total (ms): Min: 41.4, Avg: 41.7, Max: 42.1, Diff: 0.7, Sum: 542.2]
      [GC Worker End (ms): Min: 316150.8, Avg: 316150.8, Max: 316150.9, Diff: 0.1]
   [Code Root Fixup: 0.3 ms]
   [Code Root Migration: 0.0 ms]
   [Clear CT: 4.9 ms]
   [Other: 3.2 ms]
      [Choose CSet: 0.1 ms]
      [Ref Proc: 1.3 ms]
      [Ref Enq: 0.0 ms]
      [Free CSet: 0.5 ms]
   [Eden: 1056.0M(1056.0M)->0.0B(1552.0M) Survivors: 160.0M->96.0M Heap: 13.4G(24.0G)->12.2G(24.0G)]
 [Times: user=0.60 sys=0.00, real=0.05 secs] 
Heap
 garbage-first heap   total 25165824K, used 13188820K [0x00000001c0000000, 0x00000007c0000000, 0x00000007c0000000)
  region size 16384K, 31 young (507904K), 6 survivors (98304K)
 Metaspace       used 37985K, capacity 38830K, committed 39040K, reserved 1083392K
  class space    used 5745K, capacity 5944K, committed 6016K, reserved 1048576K
