Java HotSpot(TM) 64-Bit Server VM (25.0-b70) for linux-amd64 JRE (1.8.0-b132), built on Mar  4 2014 03:07:25 by "java_re" with gcc 4.3.0 20080428 (Red Hat 4.3.0-8)
Memory: 4k page, physical 32865776k(30168952k free), swap 2047992k(2047992k free)
CommandLine flags: -XX:G1HeapRegionSize=16777216 -XX:InitialHeapSize=25769803776 -XX:InitiatingHeapOccupancyPercent=30 -XX:MaxGCPauseMillis=100 -XX:MaxHeapSize=25769803776 -XX:+PrintGC -XX:+PrintGCDateStamps -XX:+PrintGCDetails -XX:+PrintGCTimeStamps -XX:ThreadStackSize=2048 -XX:+UseCompressedClassPointers -XX:+UseCompressedOops -XX:+UseG1GC 
2014-04-09T10:59:48.702+0900: 1.770: [Full GC (Metadata GC Threshold)  21M->7331K(24G), 0.2769467 secs]
   [Eden: 32.0M(1216.0M)->0.0B(1216.0M) Survivors: 0.0B->0.0B Heap: 21.1M(24.0G)->7331.3K(24.0G)], [Metaspace: 21240K->21240K(1067008K)]
 [Times: user=0.36 sys=0.08, real=0.28 secs] 
2014-04-09T10:59:54.449+0900: 7.516: [Full GC (Metadata GC Threshold)  111M->17M(24G), 0.3387837 secs]
   [Eden: 112.0M(1216.0M)->0.0B(1216.0M) Survivors: 0.0B->0.0B Heap: 111.9M(24.0G)->17.4M(24.0G)], [Metaspace: 34846K->34841K(1079296K)]
 [Times: user=0.34 sys=0.00, real=0.33 secs] 
2014-04-09T10:59:59.055+0900: 12.123: [GC pause (G1 Evacuation Pause) (young), 0.3626026 secs]
   [Parallel Time: 315.7 ms, GC Workers: 13]
      [GC Worker Start (ms): Min: 12122.9, Avg: 12123.0, Max: 12123.1, Diff: 0.2]
      [Ext Root Scanning (ms): Min: 1.9, Avg: 8.4, Max: 19.4, Diff: 17.5, Sum: 108.9]
      [Update RS (ms): Min: 0.0, Avg: 0.3, Max: 1.4, Diff: 1.4, Sum: 3.7]
         [Processed Buffers: Min: 0, Avg: 4.9, Max: 28, Diff: 28, Sum: 64]
      [Scan RS (ms): Min: 0.0, Avg: 0.0, Max: 0.2, Diff: 0.2, Sum: 0.6]
      [Code Root Scanning (ms): Min: 0.0, Avg: 0.1, Max: 0.8, Diff: 0.8, Sum: 1.8]
      [Object Copy (ms): Min: 294.4, Avg: 305.2, Max: 311.1, Diff: 16.7, Sum: 3967.7]
      [Termination (ms): Min: 0.3, Avg: 1.2, Max: 2.2, Diff: 1.9, Sum: 15.5]
      [GC Worker Other (ms): Min: 0.0, Avg: 0.1, Max: 0.1, Diff: 0.1, Sum: 0.8]
      [GC Worker Total (ms): Min: 315.2, Avg: 315.3, Max: 315.4, Diff: 0.2, Sum: 4098.8]
      [GC Worker End (ms): Min: 12438.2, Avg: 12438.3, Max: 12438.3, Diff: 0.1]
   [Code Root Fixup: 1.7 ms]
   [Code Root Migration: 5.1 ms]
   [Clear CT: 0.6 ms]
   [Other: 39.6 ms]
      [Choose CSet: 0.0 ms]
      [Ref Proc: 35.4 ms]
      [Ref Enq: 3.1 ms]
      [Free CSet: 0.2 ms]
   [Eden: 1216.0M(1216.0M)->0.0B(1056.0M) Survivors: 0.0B->160.0M Heap: 1233.4M(24.0G)->316.0M(24.0G)]
 [Times: user=3.06 sys=2.01, real=0.36 secs] 
2014-04-09T11:00:01.344+0900: 14.412: [GC pause (G1 Evacuation Pause) (young), 0.1638303 secs]
   [Parallel Time: 146.8 ms, GC Workers: 13]
      [GC Worker Start (ms): Min: 14411.8, Avg: 14411.9, Max: 14412.0, Diff: 0.2]
      [Ext Root Scanning (ms): Min: 1.4, Avg: 4.3, Max: 7.5, Diff: 6.1, Sum: 55.6]
      [Update RS (ms): Min: 0.0, Avg: 0.4, Max: 0.9, Diff: 0.9, Sum: 4.6]
         [Processed Buffers: Min: 0, Avg: 2.8, Max: 24, Diff: 24, Sum: 37]
      [Scan RS (ms): Min: 11.6, Avg: 14.3, Max: 16.7, Diff: 5.1, Sum: 186.1]
      [Code Root Scanning (ms): Min: 0.0, Avg: 0.1, Max: 1.7, Diff: 1.7, Sum: 1.7]
      [Object Copy (ms): Min: 125.8, Avg: 127.4, Max: 127.9, Diff: 2.1, Sum: 1656.5]
      [Termination (ms): Min: 0.0, Avg: 0.0, Max: 0.0, Diff: 0.0, Sum: 0.1]
      [GC Worker Other (ms): Min: 0.0, Avg: 0.1, Max: 0.1, Diff: 0.1, Sum: 0.7]
      [GC Worker Total (ms): Min: 146.5, Avg: 146.6, Max: 146.7, Diff: 0.2, Sum: 1905.3]
      [GC Worker End (ms): Min: 14558.4, Avg: 14558.5, Max: 14558.5, Diff: 0.1]
   [Code Root Fixup: 1.3 ms]
   [Code Root Migration: 2.8 ms]
   [Clear CT: 0.4 ms]
   [Other: 12.5 ms]
      [Choose CSet: 0.0 ms]
      [Ref Proc: 10.3 ms]
      [Ref Enq: 0.8 ms]
      [Free CSet: 0.2 ms]
   [Eden: 1056.0M(1056.0M)->0.0B(1056.0M) Survivors: 160.0M->160.0M Heap: 1372.0M(24.0G)->513.4M(24.0G)]
 [Times: user=1.79 sys=0.46, real=0.16 secs] 
2014-04-09T11:00:02.573+0900: 15.641: [GC pause (G1 Evacuation Pause) (young), 0.1090773 secs]
   [Parallel Time: 98.8 ms, GC Workers: 13]
      [GC Worker Start (ms): Min: 15641.3, Avg: 15641.3, Max: 15641.4, Diff: 0.1]
      [Ext Root Scanning (ms): Min: 1.2, Avg: 1.3, Max: 1.8, Diff: 0.7, Sum: 16.7]
      [Update RS (ms): Min: 2.1, Avg: 2.9, Max: 3.3, Diff: 1.2, Sum: 37.7]
         [Processed Buffers: Min: 6, Avg: 15.4, Max: 25, Diff: 19, Sum: 200]
      [Scan RS (ms): Min: 4.8, Avg: 5.2, Max: 5.6, Diff: 0.8, Sum: 68.2]
      [Code Root Scanning (ms): Min: 0.0, Avg: 0.0, Max: 0.0, Diff: 0.0, Sum: 0.0]
      [Object Copy (ms): Min: 88.7, Avg: 89.1, Max: 89.3, Diff: 0.6, Sum: 1158.3]
      [Termination (ms): Min: 0.0, Avg: 0.0, Max: 0.0, Diff: 0.0, Sum: 0.0]
      [GC Worker Other (ms): Min: 0.0, Avg: 0.1, Max: 0.1, Diff: 0.1, Sum: 0.7]
      [GC Worker Total (ms): Min: 98.5, Avg: 98.6, Max: 98.7, Diff: 0.2, Sum: 1281.7]
      [GC Worker End (ms): Min: 15739.9, Avg: 15739.9, Max: 15740.0, Diff: 0.1]
   [Code Root Fixup: 0.4 ms]
   [Code Root Migration: 0.0 ms]
   [Clear CT: 0.4 ms]
   [Other: 9.3 ms]
      [Choose CSet: 0.0 ms]
      [Ref Proc: 7.0 ms]
      [Ref Enq: 0.6 ms]
      [Free CSet: 0.3 ms]
   [Eden: 1056.0M(1056.0M)->0.0B(1056.0M) Survivors: 160.0M->160.0M Heap: 1569.4M(24.0G)->745.4M(24.0G)]
 [Times: user=1.28 sys=0.11, real=0.11 secs] 
2014-04-09T11:00:03.616+0900: 16.683: [GC pause (G1 Evacuation Pause) (young), 0.1057060 secs]
   [Parallel Time: 95.0 ms, GC Workers: 13]
      [GC Worker Start (ms): Min: 16683.8, Avg: 16683.9, Max: 16683.9, Diff: 0.1]
      [Ext Root Scanning (ms): Min: 1.2, Avg: 1.3, Max: 1.9, Diff: 0.7, Sum: 16.9]
      [Update RS (ms): Min: 2.5, Avg: 3.7, Max: 4.9, Diff: 2.4, Sum: 48.2]
         [Processed Buffers: Min: 3, Avg: 16.9, Max: 29, Diff: 26, Sum: 220]
      [Scan RS (ms): Min: 3.0, Avg: 4.2, Max: 4.5, Diff: 1.5, Sum: 54.2]
      [Code Root Scanning (ms): Min: 0.0, Avg: 0.0, Max: 0.0, Diff: 0.0, Sum: 0.0]
      [Object Copy (ms): Min: 85.3, Avg: 85.5, Max: 85.9, Diff: 0.5, Sum: 1112.1]
      [Termination (ms): Min: 0.0, Avg: 0.0, Max: 0.0, Diff: 0.0, Sum: 0.1]
      [GC Worker Other (ms): Min: 0.0, Avg: 0.0, Max: 0.0, Diff: 0.0, Sum: 0.4]
      [GC Worker Total (ms): Min: 94.7, Avg: 94.8, Max: 94.8, Diff: 0.1, Sum: 1231.9]
      [GC Worker End (ms): Min: 16778.6, Avg: 16778.6, Max: 16778.7, Diff: 0.0]
   [Code Root Fixup: 0.4 ms]
   [Code Root Migration: 0.0 ms]
   [Clear CT: 0.5 ms]
   [Other: 9.8 ms]
      [Choose CSet: 0.0 ms]
      [Ref Proc: 7.4 ms]
      [Ref Enq: 0.6 ms]
      [Free CSet: 0.3 ms]
   [Eden: 1056.0M(1056.0M)->0.0B(1056.0M) Survivors: 160.0M->160.0M Heap: 1801.4M(24.0G)->985.4M(24.0G)]
 [Times: user=1.17 sys=0.07, real=0.11 secs] 
2014-04-09T11:00:04.621+0900: 17.689: [GC pause (G1 Evacuation Pause) (young), 0.1564447 secs]
   [Parallel Time: 146.2 ms, GC Workers: 13]
      [GC Worker Start (ms): Min: 17689.7, Avg: 17689.8, Max: 17689.9, Diff: 0.2]
      [Ext Root Scanning (ms): Min: 1.2, Avg: 1.4, Max: 2.5, Diff: 1.3, Sum: 18.3]
      [Update RS (ms): Min: 5.8, Avg: 6.7, Max: 7.5, Diff: 1.8, Sum: 87.0]
         [Processed Buffers: Min: 3, Avg: 16.8, Max: 45, Diff: 42, Sum: 218]
      [Scan RS (ms): Min: 5.5, Avg: 6.2, Max: 6.8, Diff: 1.3, Sum: 80.8]
      [Code Root Scanning (ms): Min: 0.0, Avg: 0.0, Max: 0.0, Diff: 0.0, Sum: 0.0]
      [Object Copy (ms): Min: 130.8, Avg: 131.0, Max: 131.5, Diff: 0.7, Sum: 1703.4]
      [Termination (ms): Min: 0.0, Avg: 0.5, Max: 0.6, Diff: 0.6, Sum: 6.5]
      [GC Worker Other (ms): Min: 0.0, Avg: 0.0, Max: 0.1, Diff: 0.1, Sum: 0.5]
      [GC Worker Total (ms): Min: 145.8, Avg: 145.9, Max: 146.0, Diff: 0.2, Sum: 1896.6]
      [GC Worker End (ms): Min: 17835.7, Avg: 17835.7, Max: 17835.7, Diff: 0.1]
   [Code Root Fixup: 0.4 ms]
   [Code Root Migration: 0.0 ms]
   [Clear CT: 0.5 ms]
   [Other: 9.3 ms]
      [Choose CSet: 0.0 ms]
      [Ref Proc: 6.5 ms]
      [Ref Enq: 0.6 ms]
      [Free CSet: 0.5 ms]
   [Eden: 1056.0M(1056.0M)->0.0B(1056.0M) Survivors: 160.0M->160.0M Heap: 2041.4M(24.0G)->1209.4M(24.0G)]
 [Times: user=1.86 sys=0.06, real=0.15 secs] 
2014-04-09T11:00:05.636+0900: 18.704: [GC pause (G1 Evacuation Pause) (young), 0.1241253 secs]
   [Parallel Time: 112.8 ms, GC Workers: 13]
      [GC Worker Start (ms): Min: 18704.0, Avg: 18704.1, Max: 18704.1, Diff: 0.1]
      [Ext Root Scanning (ms): Min: 0.7, Avg: 1.2, Max: 1.8, Diff: 1.1, Sum: 16.1]
      [Update RS (ms): Min: 3.9, Avg: 4.8, Max: 6.6, Diff: 2.7, Sum: 62.5]
         [Processed Buffers: Min: 3, Avg: 16.2, Max: 28, Diff: 25, Sum: 210]
      [Scan RS (ms): Min: 3.1, Avg: 5.4, Max: 6.1, Diff: 3.0, Sum: 70.4]
      [Code Root Scanning (ms): Min: 0.0, Avg: 0.0, Max: 0.0, Diff: 0.0, Sum: 0.0]
      [Object Copy (ms): Min: 100.6, Avg: 101.0, Max: 101.9, Diff: 1.2, Sum: 1313.5]
      [Termination (ms): Min: 0.0, Avg: 0.1, Max: 0.1, Diff: 0.1, Sum: 0.8]
      [GC Worker Other (ms): Min: 0.0, Avg: 0.0, Max: 0.1, Diff: 0.0, Sum: 0.4]
      [GC Worker Total (ms): Min: 112.5, Avg: 112.6, Max: 112.7, Diff: 0.2, Sum: 1463.7]
      [GC Worker End (ms): Min: 18816.6, Avg: 18816.7, Max: 18816.7, Diff: 0.0]
   [Code Root Fixup: 0.5 ms]
   [Code Root Migration: 0.0 ms]
   [Clear CT: 0.5 ms]
   [Other: 10.3 ms]
      [Choose CSet: 0.0 ms]
      [Ref Proc: 7.5 ms]
      [Ref Enq: 0.6 ms]
      [Free CSet: 0.4 ms]
   [Eden: 1056.0M(1056.0M)->0.0B(1056.0M) Survivors: 160.0M->160.0M Heap: 2265.4M(24.0G)->1465.4M(24.0G)]
 [Times: user=1.41 sys=0.06, real=0.13 secs] 
2014-04-09T11:00:06.645+0900: 19.713: [GC pause (G1 Evacuation Pause) (young), 0.1083654 secs]
   [Parallel Time: 97.4 ms, GC Workers: 13]
      [GC Worker Start (ms): Min: 19713.5, Avg: 19713.6, Max: 19713.7, Diff: 0.1]
      [Ext Root Scanning (ms): Min: 0.9, Avg: 1.3, Max: 1.9, Diff: 1.0, Sum: 16.5]
      [Update RS (ms): Min: 4.9, Avg: 6.2, Max: 8.7, Diff: 3.8, Sum: 81.2]
         [Processed Buffers: Min: 10, Avg: 15.7, Max: 28, Diff: 18, Sum: 204]
      [Scan RS (ms): Min: 4.4, Avg: 6.7, Max: 7.8, Diff: 3.4, Sum: 87.7]
      [Code Root Scanning (ms): Min: 0.0, Avg: 0.0, Max: 0.0, Diff: 0.0, Sum: 0.0]
      [Object Copy (ms): Min: 82.2, Avg: 82.5, Max: 82.9, Diff: 0.6, Sum: 1073.0]
      [Termination (ms): Min: 0.0, Avg: 0.3, Max: 0.4, Diff: 0.4, Sum: 4.3]
      [GC Worker Other (ms): Min: 0.0, Avg: 0.0, Max: 0.0, Diff: 0.0, Sum: 0.3]
      [GC Worker Total (ms): Min: 97.1, Avg: 97.2, Max: 97.2, Diff: 0.1, Sum: 1263.1]
      [GC Worker End (ms): Min: 19810.8, Avg: 19810.8, Max: 19810.8, Diff: 0.0]
   [Code Root Fixup: 0.4 ms]
   [Code Root Migration: 0.0 ms]
   [Clear CT: 0.7 ms]
   [Other: 9.8 ms]
      [Choose CSet: 0.0 ms]
      [Ref Proc: 6.9 ms]
      [Ref Enq: 0.5 ms]
      [Free CSet: 0.5 ms]
   [Eden: 1056.0M(1056.0M)->0.0B(1056.0M) Survivors: 160.0M->160.0M Heap: 2521.4M(24.0G)->1721.4M(24.0G)]
 [Times: user=1.21 sys=0.07, real=0.11 secs] 
2014-04-09T11:00:07.628+0900: 20.696: [GC pause (G1 Evacuation Pause) (young), 0.1076755 secs]
   [Parallel Time: 96.5 ms, GC Workers: 13]
      [GC Worker Start (ms): Min: 20695.9, Avg: 20696.0, Max: 20696.0, Diff: 0.1]
      [Ext Root Scanning (ms): Min: 0.8, Avg: 1.3, Max: 1.9, Diff: 1.2, Sum: 16.6]
      [Update RS (ms): Min: 6.0, Avg: 6.9, Max: 7.7, Diff: 1.7, Sum: 89.1]
         [Processed Buffers: Min: 5, Avg: 16.8, Max: 35, Diff: 30, Sum: 219]
      [Scan RS (ms): Min: 6.4, Avg: 7.2, Max: 7.5, Diff: 1.1, Sum: 93.0]
      [Code Root Scanning (ms): Min: 0.0, Avg: 0.0, Max: 0.0, Diff: 0.0, Sum: 0.0]
      [Object Copy (ms): Min: 80.8, Avg: 81.0, Max: 81.6, Diff: 0.7, Sum: 1053.3]
      [Termination (ms): Min: 0.0, Avg: 0.0, Max: 0.0, Diff: 0.0, Sum: 0.0]
      [GC Worker Other (ms): Min: 0.0, Avg: 0.0, Max: 0.1, Diff: 0.0, Sum: 0.5]
      [GC Worker Total (ms): Min: 96.3, Avg: 96.3, Max: 96.4, Diff: 0.2, Sum: 1252.5]
      [GC Worker End (ms): Min: 20792.3, Avg: 20792.3, Max: 20792.4, Diff: 0.0]
   [Code Root Fixup: 0.4 ms]
   [Code Root Migration: 0.0 ms]
   [Clear CT: 0.7 ms]
   [Other: 10.1 ms]
      [Choose CSet: 0.0 ms]
      [Ref Proc: 6.8 ms]
      [Ref Enq: 0.5 ms]
      [Free CSet: 0.5 ms]
   [Eden: 1056.0M(1056.0M)->0.0B(1056.0M) Survivors: 160.0M->160.0M Heap: 2777.4M(24.0G)->1977.4M(24.0G)]
 [Times: user=1.21 sys=0.05, real=0.11 secs] 
2014-04-09T11:00:08.601+0900: 21.669: [GC pause (G1 Evacuation Pause) (young), 0.1904108 secs]
   [Parallel Time: 178.9 ms, GC Workers: 13]
      [GC Worker Start (ms): Min: 21669.1, Avg: 21669.2, Max: 21669.3, Diff: 0.1]
      [Ext Root Scanning (ms): Min: 1.0, Avg: 1.4, Max: 1.9, Diff: 0.9, Sum: 18.4]
      [Update RS (ms): Min: 9.3, Avg: 12.1, Max: 17.8, Diff: 8.6, Sum: 157.6]
         [Processed Buffers: Min: 2, Avg: 17.4, Max: 52, Diff: 50, Sum: 226]
      [Scan RS (ms): Min: 5.5, Avg: 11.7, Max: 14.5, Diff: 8.9, Sum: 151.7]
      [Code Root Scanning (ms): Min: 0.0, Avg: 0.0, Max: 0.0, Diff: 0.0, Sum: 0.1]
      [Object Copy (ms): Min: 152.5, Avg: 153.1, Max: 153.6, Diff: 1.1, Sum: 1989.9]
      [Termination (ms): Min: 0.0, Avg: 0.3, Max: 0.4, Diff: 0.4, Sum: 4.1]
      [GC Worker Other (ms): Min: 0.0, Avg: 0.0, Max: 0.1, Diff: 0.1, Sum: 0.6]
      [GC Worker Total (ms): Min: 178.6, Avg: 178.6, Max: 178.7, Diff: 0.2, Sum: 2322.4]
      [GC Worker End (ms): Min: 21847.8, Avg: 21847.9, Max: 21847.9, Diff: 0.1]
   [Code Root Fixup: 0.4 ms]
   [Code Root Migration: 0.0 ms]
   [Clear CT: 0.7 ms]
   [Other: 10.5 ms]
      [Choose CSet: 0.0 ms]
      [Ref Proc: 6.9 ms]
      [Ref Enq: 0.5 ms]
      [Free CSet: 0.5 ms]
   [Eden: 1056.0M(1056.0M)->0.0B(1056.0M) Survivors: 160.0M->160.0M Heap: 3033.4M(24.0G)->2209.4M(24.0G)]
 [Times: user=2.26 sys=0.06, real=0.19 secs] 
2014-04-09T11:00:09.645+0900: 22.713: [GC pause (G1 Evacuation Pause) (young), 0.1139401 secs]
   [Parallel Time: 101.3 ms, GC Workers: 13]
      [GC Worker Start (ms): Min: 22713.1, Avg: 22713.2, Max: 22713.3, Diff: 0.1]
      [Ext Root Scanning (ms): Min: 0.9, Avg: 1.3, Max: 2.0, Diff: 1.2, Sum: 17.5]
      [Update RS (ms): Min: 3.4, Avg: 4.5, Max: 8.2, Diff: 4.8, Sum: 58.8]
         [Processed Buffers: Min: 7, Avg: 16.5, Max: 31, Diff: 24, Sum: 215]
      [Scan RS (ms): Min: 5.6, Avg: 9.2, Max: 9.7, Diff: 4.2, Sum: 119.0]
      [Code Root Scanning (ms): Min: 0.0, Avg: 0.0, Max: 0.0, Diff: 0.0, Sum: 0.0]
      [Object Copy (ms): Min: 85.7, Avg: 86.0, Max: 87.0, Diff: 1.3, Sum: 1118.2]
      [Termination (ms): Min: 0.0, Avg: 0.0, Max: 0.0, Diff: 0.0, Sum: 0.1]
      [GC Worker Other (ms): Min: 0.0, Avg: 0.0, Max: 0.1, Diff: 0.1, Sum: 0.5]
      [GC Worker Total (ms): Min: 101.0, Avg: 101.1, Max: 101.2, Diff: 0.2, Sum: 1314.1]
      [GC Worker End (ms): Min: 22814.3, Avg: 22814.3, Max: 22814.3, Diff: 0.1]
   [Code Root Fixup: 0.4 ms]
   [Code Root Migration: 0.0 ms]
   [Clear CT: 0.7 ms]
   [Other: 11.5 ms]
      [Choose CSet: 0.0 ms]
      [Ref Proc: 7.8 ms]
      [Ref Enq: 0.6 ms]
      [Free CSet: 0.5 ms]
   [Eden: 1056.0M(1056.0M)->0.0B(1056.0M) Survivors: 160.0M->160.0M Heap: 3265.4M(24.0G)->2465.4M(24.0G)]
 [Times: user=1.28 sys=0.05, real=0.11 secs] 
2014-04-09T11:00:10.649+0900: 23.717: [GC pause (G1 Evacuation Pause) (young), 0.1094320 secs]
   [Parallel Time: 98.1 ms, GC Workers: 13]
      [GC Worker Start (ms): Min: 23717.2, Avg: 23717.2, Max: 23717.3, Diff: 0.2]
      [Ext Root Scanning (ms): Min: 1.2, Avg: 1.3, Max: 1.9, Diff: 0.7, Sum: 17.1]
      [Update RS (ms): Min: 6.4, Avg: 6.9, Max: 7.4, Diff: 1.0, Sum: 89.4]
         [Processed Buffers: Min: 7, Avg: 17.2, Max: 31, Diff: 24, Sum: 224]
      [Scan RS (ms): Min: 8.2, Avg: 8.9, Max: 9.2, Diff: 1.0, Sum: 115.1]
      [Code Root Scanning (ms): Min: 0.0, Avg: 0.0, Max: 0.0, Diff: 0.0, Sum: 0.0]
      [Object Copy (ms): Min: 80.0, Avg: 80.5, Max: 81.0, Diff: 1.0, Sum: 1047.0]
      [Termination (ms): Min: 0.0, Avg: 0.3, Max: 0.4, Diff: 0.3, Sum: 4.0]
      [GC Worker Other (ms): Min: 0.0, Avg: 0.0, Max: 0.0, Diff: 0.0, Sum: 0.3]
      [GC Worker Total (ms): Min: 97.8, Avg: 97.9, Max: 98.0, Diff: 0.2, Sum: 1272.9]
      [GC Worker End (ms): Min: 23815.2, Avg: 23815.2, Max: 23815.2, Diff: 0.0]
   [Code Root Fixup: 0.4 ms]
   [Code Root Migration: 0.0 ms]
   [Clear CT: 0.8 ms]
   [Other: 10.1 ms]
      [Choose CSet: 0.0 ms]
      [Ref Proc: 6.5 ms]
      [Ref Enq: 0.6 ms]
      [Free CSet: 0.5 ms]
   [Eden: 1056.0M(1056.0M)->0.0B(1056.0M) Survivors: 160.0M->160.0M Heap: 3521.4M(24.0G)->2713.4M(24.0G)]
 [Times: user=1.23 sys=0.06, real=0.11 secs] 
2014-04-09T11:00:11.610+0900: 24.678: [GC pause (G1 Evacuation Pause) (young), 0.1154185 secs]
   [Parallel Time: 103.6 ms, GC Workers: 13]
      [GC Worker Start (ms): Min: 24678.0, Avg: 24678.1, Max: 24678.1, Diff: 0.1]
      [Ext Root Scanning (ms): Min: 0.9, Avg: 1.3, Max: 1.9, Diff: 1.1, Sum: 17.3]
      [Update RS (ms): Min: 5.4, Avg: 6.5, Max: 9.6, Diff: 4.2, Sum: 85.0]
         [Processed Buffers: Min: 7, Avg: 16.9, Max: 32, Diff: 25, Sum: 220]
      [Scan RS (ms): Min: 6.5, Avg: 9.5, Max: 10.2, Diff: 3.8, Sum: 123.1]
      [Code Root Scanning (ms): Min: 0.0, Avg: 0.0, Max: 0.0, Diff: 0.0, Sum: 0.0]
      [Object Copy (ms): Min: 85.1, Avg: 85.5, Max: 86.1, Diff: 1.0, Sum: 1111.6]
      [Termination (ms): Min: 0.0, Avg: 0.4, Max: 0.4, Diff: 0.4, Sum: 4.8]
      [GC Worker Other (ms): Min: 0.0, Avg: 0.0, Max: 0.0, Diff: 0.0, Sum: 0.3]
      [GC Worker Total (ms): Min: 103.2, Avg: 103.2, Max: 103.3, Diff: 0.1, Sum: 1342.0]
      [GC Worker End (ms): Min: 24781.3, Avg: 24781.3, Max: 24781.3, Diff: 0.0]
   [Code Root Fixup: 0.4 ms]
   [Code Root Migration: 0.0 ms]
   [Clear CT: 0.9 ms]
   [Other: 10.5 ms]
      [Choose CSet: 0.0 ms]
      [Ref Proc: 6.9 ms]
      [Ref Enq: 0.6 ms]
      [Free CSet: 0.5 ms]
   [Eden: 1056.0M(1056.0M)->0.0B(1056.0M) Survivors: 160.0M->160.0M Heap: 3769.4M(24.0G)->2969.4M(24.0G)]
 [Times: user=1.30 sys=0.05, real=0.12 secs] 
2014-04-09T11:00:12.594+0900: 25.661: [GC pause (G1 Evacuation Pause) (young), 0.1154269 secs]
   [Parallel Time: 103.5 ms, GC Workers: 13]
      [GC Worker Start (ms): Min: 25661.8, Avg: 25661.9, Max: 25662.0, Diff: 0.1]
      [Ext Root Scanning (ms): Min: 0.6, Avg: 1.3, Max: 1.5, Diff: 0.8, Sum: 16.8]
      [Update RS (ms): Min: 7.2, Avg: 7.8, Max: 9.6, Diff: 2.4, Sum: 101.8]
         [Processed Buffers: Min: 7, Avg: 17.6, Max: 32, Diff: 25, Sum: 229]
      [Scan RS (ms): Min: 6.9, Avg: 8.9, Max: 9.6, Diff: 2.7, Sum: 116.1]
      [Code Root Scanning (ms): Min: 0.0, Avg: 0.0, Max: 0.0, Diff: 0.0, Sum: 0.0]
      [Object Copy (ms): Min: 84.9, Avg: 85.2, Max: 86.2, Diff: 1.3, Sum: 1107.3]
      [Termination (ms): Min: 0.0, Avg: 0.0, Max: 0.0, Diff: 0.0, Sum: 0.1]
      [GC Worker Other (ms): Min: 0.0, Avg: 0.0, Max: 0.1, Diff: 0.1, Sum: 0.5]
      [GC Worker Total (ms): Min: 103.2, Avg: 103.3, Max: 103.4, Diff: 0.2, Sum: 1342.6]
      [GC Worker End (ms): Min: 25765.1, Avg: 25765.2, Max: 25765.2, Diff: 0.1]
   [Code Root Fixup: 0.4 ms]
   [Code Root Migration: 0.0 ms]
   [Clear CT: 0.8 ms]
   [Other: 10.6 ms]
      [Choose CSet: 0.0 ms]
      [Ref Proc: 7.0 ms]
      [Ref Enq: 0.5 ms]
      [Free CSet: 0.5 ms]
   [Eden: 1056.0M(1056.0M)->0.0B(1056.0M) Survivors: 160.0M->160.0M Heap: 4025.4M(24.0G)->3201.4M(24.0G)]
 [Times: user=1.30 sys=0.05, real=0.11 secs] 
2014-04-09T11:00:13.569+0900: 26.637: [GC pause (G1 Evacuation Pause) (young), 0.1133213 secs]
   [Parallel Time: 101.6 ms, GC Workers: 13]
      [GC Worker Start (ms): Min: 26637.0, Avg: 26637.1, Max: 26637.1, Diff: 0.1]
      [Ext Root Scanning (ms): Min: 0.9, Avg: 1.3, Max: 2.0, Diff: 1.1, Sum: 17.4]
      [Update RS (ms): Min: 6.4, Avg: 8.0, Max: 13.4, Diff: 7.0, Sum: 103.5]
         [Processed Buffers: Min: 5, Avg: 16.5, Max: 26, Diff: 21, Sum: 214]
      [Scan RS (ms): Min: 4.3, Avg: 9.5, Max: 10.6, Diff: 6.3, Sum: 123.6]
      [Code Root Scanning (ms): Min: 0.0, Avg: 0.0, Max: 0.0, Diff: 0.0, Sum: 0.0]
      [Object Copy (ms): Min: 82.2, Avg: 82.5, Max: 83.6, Diff: 1.5, Sum: 1072.2]
      [Termination (ms): Min: 0.0, Avg: 0.0, Max: 0.0, Diff: 0.0, Sum: 0.1]
      [GC Worker Other (ms): Min: 0.0, Avg: 0.0, Max: 0.1, Diff: 0.0, Sum: 0.5]
      [GC Worker Total (ms): Min: 101.3, Avg: 101.3, Max: 101.4, Diff: 0.1, Sum: 1317.4]
      [GC Worker End (ms): Min: 26738.4, Avg: 26738.4, Max: 26738.4, Diff: 0.1]
   [Code Root Fixup: 0.4 ms]
   [Code Root Migration: 0.0 ms]
   [Clear CT: 0.8 ms]
   [Other: 10.5 ms]
      [Choose CSet: 0.0 ms]
      [Ref Proc: 6.8 ms]
      [Ref Enq: 0.6 ms]
      [Free CSet: 0.5 ms]
   [Eden: 1056.0M(1056.0M)->0.0B(1056.0M) Survivors: 160.0M->160.0M Heap: 4257.4M(24.0G)->3433.4M(24.0G)]
 [Times: user=1.28 sys=0.05, real=0.12 secs] 
2014-04-09T11:00:14.567+0900: 27.635: [GC pause (G1 Evacuation Pause) (young), 0.1178669 secs]
   [Parallel Time: 105.5 ms, GC Workers: 13]
      [GC Worker Start (ms): Min: 27635.3, Avg: 27635.4, Max: 27635.5, Diff: 0.1]
      [Ext Root Scanning (ms): Min: 0.8, Avg: 1.3, Max: 1.9, Diff: 1.1, Sum: 17.2]
      [Update RS (ms): Min: 8.0, Avg: 9.5, Max: 13.1, Diff: 5.1, Sum: 123.5]
         [Processed Buffers: Min: 1, Avg: 17.8, Max: 33, Diff: 32, Sum: 232]
      [Scan RS (ms): Min: 6.7, Avg: 10.0, Max: 11.2, Diff: 4.5, Sum: 130.1]
      [Code Root Scanning (ms): Min: 0.0, Avg: 0.0, Max: 0.0, Diff: 0.0, Sum: 0.0]
      [Object Copy (ms): Min: 84.1, Avg: 84.4, Max: 84.9, Diff: 0.8, Sum: 1096.8]
      [Termination (ms): Min: 0.0, Avg: 0.0, Max: 0.0, Diff: 0.0, Sum: 0.1]
      [GC Worker Other (ms): Min: 0.0, Avg: 0.0, Max: 0.1, Diff: 0.0, Sum: 0.4]
      [GC Worker Total (ms): Min: 105.2, Avg: 105.2, Max: 105.3, Diff: 0.1, Sum: 1368.1]
      [GC Worker End (ms): Min: 27740.6, Avg: 27740.6, Max: 27740.7, Diff: 0.0]
   [Code Root Fixup: 0.4 ms]
   [Code Root Migration: 0.0 ms]
   [Clear CT: 0.9 ms]
   [Other: 11.0 ms]
      [Choose CSet: 0.0 ms]
      [Ref Proc: 7.1 ms]
      [Ref Enq: 0.7 ms]
      [Free CSet: 0.6 ms]
   [Eden: 1056.0M(1056.0M)->0.0B(1056.0M) Survivors: 160.0M->160.0M Heap: 4489.4M(24.0G)->3665.4M(24.0G)]
 [Times: user=1.34 sys=0.06, real=0.12 secs] 
2014-04-09T11:00:15.543+0900: 28.611: [GC pause (G1 Evacuation Pause) (young), 0.1127910 secs]
   [Parallel Time: 100.7 ms, GC Workers: 13]
      [GC Worker Start (ms): Min: 28611.3, Avg: 28611.4, Max: 28611.4, Diff: 0.1]
      [Ext Root Scanning (ms): Min: 0.9, Avg: 1.3, Max: 1.7, Diff: 0.8, Sum: 16.9]
      [Update RS (ms): Min: 7.4, Avg: 8.6, Max: 13.8, Diff: 6.4, Sum: 112.1]
         [Processed Buffers: Min: 5, Avg: 17.4, Max: 25, Diff: 20, Sum: 226]
      [Scan RS (ms): Min: 4.8, Avg: 10.2, Max: 11.3, Diff: 6.5, Sum: 133.1]
      [Code Root Scanning (ms): Min: 0.0, Avg: 0.0, Max: 0.0, Diff: 0.0, Sum: 0.0]
      [Object Copy (ms): Min: 80.0, Avg: 80.3, Max: 80.5, Diff: 0.5, Sum: 1043.4]
      [Termination (ms): Min: 0.0, Avg: 0.0, Max: 0.0, Diff: 0.0, Sum: 0.0]
      [GC Worker Other (ms): Min: 0.0, Avg: 0.0, Max: 0.1, Diff: 0.1, Sum: 0.5]
      [GC Worker Total (ms): Min: 100.4, Avg: 100.5, Max: 100.6, Diff: 0.2, Sum: 1306.0]
      [GC Worker End (ms): Min: 28711.8, Avg: 28711.8, Max: 28711.9, Diff: 0.1]
   [Code Root Fixup: 0.4 ms]
   [Code Root Migration: 0.0 ms]
   [Clear CT: 1.1 ms]
   [Other: 10.6 ms]
      [Choose CSet: 0.0 ms]
      [Ref Proc: 6.7 ms]
      [Ref Enq: 0.6 ms]
      [Free CSet: 0.6 ms]
   [Eden: 1056.0M(1056.0M)->0.0B(1056.0M) Survivors: 160.0M->160.0M Heap: 4721.4M(24.0G)->3905.4M(24.0G)]
 [Times: user=1.27 sys=0.06, real=0.11 secs] 
2014-04-09T11:00:16.513+0900: 29.581: [GC pause (G1 Evacuation Pause) (young), 0.1162010 secs]
   [Parallel Time: 104.3 ms, GC Workers: 13]
      [GC Worker Start (ms): Min: 29581.7, Avg: 29581.7, Max: 29581.8, Diff: 0.1]
      [Ext Root Scanning (ms): Min: 1.0, Avg: 1.3, Max: 2.1, Diff: 1.1, Sum: 16.7]
      [Update RS (ms): Min: 10.0, Avg: 10.8, Max: 13.2, Diff: 3.3, Sum: 140.6]
         [Processed Buffers: Min: 1, Avg: 16.9, Max: 31, Diff: 30, Sum: 220]
      [Scan RS (ms): Min: 7.1, Avg: 10.2, Max: 11.2, Diff: 4.2, Sum: 132.1]
      [Code Root Scanning (ms): Min: 0.0, Avg: 0.0, Max: 0.0, Diff: 0.0, Sum: 0.0]
      [Object Copy (ms): Min: 81.5, Avg: 81.7, Max: 82.1, Diff: 0.6, Sum: 1061.8]
      [Termination (ms): Min: 0.0, Avg: 0.0, Max: 0.0, Diff: 0.0, Sum: 0.1]
      [GC Worker Other (ms): Min: 0.0, Avg: 0.0, Max: 0.1, Diff: 0.1, Sum: 0.6]
      [GC Worker Total (ms): Min: 103.9, Avg: 104.0, Max: 104.1, Diff: 0.2, Sum: 1352.0]
      [GC Worker End (ms): Min: 29685.7, Avg: 29685.7, Max: 29685.8, Diff: 0.1]
   [Code Root Fixup: 0.4 ms]
   [Code Root Migration: 0.0 ms]
   [Clear CT: 1.2 ms]
   [Other: 10.3 ms]
      [Choose CSet: 0.0 ms]
      [Ref Proc: 6.3 ms]
      [Ref Enq: 0.6 ms]
      [Free CSet: 0.6 ms]
   [Eden: 1056.0M(1056.0M)->0.0B(1056.0M) Survivors: 160.0M->160.0M Heap: 4961.4M(24.0G)->4161.4M(24.0G)]
 [Times: user=1.31 sys=0.06, real=0.11 secs] 
2014-04-09T11:00:17.521+0900: 30.589: [GC pause (G1 Evacuation Pause) (young), 0.2095627 secs]
   [Parallel Time: 197.7 ms, GC Workers: 13]
      [GC Worker Start (ms): Min: 30589.3, Avg: 30589.4, Max: 30589.5, Diff: 0.1]
      [Ext Root Scanning (ms): Min: 0.9, Avg: 1.4, Max: 1.9, Diff: 1.0, Sum: 17.7]
      [Update RS (ms): Min: 8.9, Avg: 9.4, Max: 10.2, Diff: 1.3, Sum: 122.0]
         [Processed Buffers: Min: 4, Avg: 17.2, Max: 36, Diff: 32, Sum: 224]
      [Scan RS (ms): Min: 14.3, Avg: 15.2, Max: 16.1, Diff: 1.9, Sum: 197.9]
      [Code Root Scanning (ms): Min: 0.0, Avg: 0.0, Max: 0.0, Diff: 0.0, Sum: 0.0]
      [Object Copy (ms): Min: 169.5, Avg: 170.0, Max: 171.5, Diff: 2.0, Sum: 2209.4]
      [Termination (ms): Min: 0.0, Avg: 1.4, Max: 1.7, Diff: 1.7, Sum: 18.8]
      [GC Worker Other (ms): Min: 0.0, Avg: 0.0, Max: 0.1, Diff: 0.1, Sum: 0.5]
      [GC Worker Total (ms): Min: 197.4, Avg: 197.4, Max: 197.5, Diff: 0.1, Sum: 2566.4]
      [GC Worker End (ms): Min: 30786.8, Avg: 30786.8, Max: 30786.8, Diff: 0.1]
   [Code Root Fixup: 0.4 ms]
   [Code Root Migration: 0.0 ms]
   [Clear CT: 1.2 ms]
   [Other: 10.3 ms]
      [Choose CSet: 0.0 ms]
      [Ref Proc: 6.6 ms]
      [Ref Enq: 0.6 ms]
      [Free CSet: 0.6 ms]
   [Eden: 1056.0M(1056.0M)->0.0B(1056.0M) Survivors: 160.0M->160.0M Heap: 5217.4M(24.0G)->4393.4M(24.0G)]
 [Times: user=2.52 sys=0.05, real=0.21 secs] 
2014-04-09T11:00:18.600+0900: 31.668: [GC pause (G1 Evacuation Pause) (young), 0.1312938 secs]
   [Parallel Time: 118.2 ms, GC Workers: 13]
      [GC Worker Start (ms): Min: 31668.1, Avg: 31668.2, Max: 31668.2, Diff: 0.1]
      [Ext Root Scanning (ms): Min: 0.8, Avg: 1.3, Max: 1.5, Diff: 0.6, Sum: 16.7]
      [Update RS (ms): Min: 5.1, Avg: 6.1, Max: 13.5, Diff: 8.3, Sum: 79.4]
         [Processed Buffers: Min: 4, Avg: 18.1, Max: 32, Diff: 28, Sum: 235]
      [Scan RS (ms): Min: 4.4, Avg: 11.7, Max: 12.6, Diff: 8.2, Sum: 152.0]
      [Code Root Scanning (ms): Min: 0.0, Avg: 0.0, Max: 0.0, Diff: 0.0, Sum: 0.0]
      [Object Copy (ms): Min: 98.7, Avg: 98.8, Max: 99.3, Diff: 0.6, Sum: 1284.2]
      [Termination (ms): Min: 0.0, Avg: 0.0, Max: 0.0, Diff: 0.0, Sum: 0.1]
      [GC Worker Other (ms): Min: 0.0, Avg: 0.0, Max: 0.1, Diff: 0.1, Sum: 0.6]
      [GC Worker Total (ms): Min: 117.8, Avg: 117.9, Max: 118.0, Diff: 0.2, Sum: 1533.0]
      [GC Worker End (ms): Min: 31786.0, Avg: 31786.1, Max: 31786.1, Diff: 0.1]
   [Code Root Fixup: 0.3 ms]
   [Code Root Migration: 0.0 ms]
   [Clear CT: 1.1 ms]
   [Other: 11.7 ms]
      [Choose CSet: 0.0 ms]
      [Ref Proc: 7.6 ms]
      [Ref Enq: 0.7 ms]
      [Free CSet: 0.5 ms]
   [Eden: 1056.0M(1056.0M)->0.0B(1056.0M) Survivors: 160.0M->160.0M Heap: 5449.4M(24.0G)->4633.4M(24.0G)]
 [Times: user=1.49 sys=0.06, real=0.14 secs] 
2014-04-09T11:00:19.627+0900: 32.695: [GC pause (G1 Evacuation Pause) (young), 0.1142188 secs]
   [Parallel Time: 102.0 ms, GC Workers: 13]
      [GC Worker Start (ms): Min: 32695.4, Avg: 32695.5, Max: 32695.6, Diff: 0.1]
      [Ext Root Scanning (ms): Min: 0.8, Avg: 1.3, Max: 2.0, Diff: 1.1, Sum: 17.5]
      [Update RS (ms): Min: 7.4, Avg: 8.3, Max: 9.3, Diff: 1.9, Sum: 108.4]
         [Processed Buffers: Min: 8, Avg: 17.7, Max: 29, Diff: 21, Sum: 230]
      [Scan RS (ms): Min: 9.1, Avg: 10.0, Max: 10.8, Diff: 1.7, Sum: 130.0]
      [Code Root Scanning (ms): Min: 0.0, Avg: 0.0, Max: 0.0, Diff: 0.0, Sum: 0.0]
      [Object Copy (ms): Min: 81.4, Avg: 82.0, Max: 83.0, Diff: 1.5, Sum: 1065.6]
      [Termination (ms): Min: 0.0, Avg: 0.0, Max: 0.0, Diff: 0.0, Sum: 0.1]
      [GC Worker Other (ms): Min: 0.0, Avg: 0.0, Max: 0.1, Diff: 0.1, Sum: 0.5]
      [GC Worker Total (ms): Min: 101.6, Avg: 101.7, Max: 101.8, Diff: 0.2, Sum: 1322.1]
      [GC Worker End (ms): Min: 32797.2, Avg: 32797.2, Max: 32797.2, Diff: 0.1]
   [Code Root Fixup: 0.4 ms]
   [Code Root Migration: 0.0 ms]
   [Clear CT: 1.2 ms]
   [Other: 10.6 ms]
      [Choose CSet: 0.0 ms]
      [Ref Proc: 6.8 ms]
      [Ref Enq: 0.7 ms]
      [Free CSet: 0.6 ms]
   [Eden: 1056.0M(1056.0M)->0.0B(1056.0M) Survivors: 160.0M->160.0M Heap: 5689.4M(24.0G)->4889.4M(24.0G)]
 [Times: user=1.29 sys=0.06, real=0.11 secs] 
2014-04-09T11:00:20.627+0900: 33.695: [GC pause (G1 Evacuation Pause) (young), 0.1219292 secs]
   [Parallel Time: 109.5 ms, GC Workers: 13]
      [GC Worker Start (ms): Min: 33695.5, Avg: 33695.6, Max: 33695.7, Diff: 0.1]
      [Ext Root Scanning (ms): Min: 1.0, Avg: 1.4, Max: 2.0, Diff: 0.9, Sum: 18.7]
      [Update RS (ms): Min: 8.4, Avg: 8.9, Max: 9.6, Diff: 1.2, Sum: 116.1]
         [Processed Buffers: Min: 7, Avg: 18.9, Max: 31, Diff: 24, Sum: 246]
      [Scan RS (ms): Min: 9.3, Avg: 9.9, Max: 10.6, Diff: 1.3, Sum: 128.9]
      [Code Root Scanning (ms): Min: 0.0, Avg: 0.0, Max: 0.0, Diff: 0.0, Sum: 0.0]
      [Object Copy (ms): Min: 88.6, Avg: 88.9, Max: 89.4, Diff: 0.8, Sum: 1155.4]
      [Termination (ms): Min: 0.0, Avg: 0.0, Max: 0.0, Diff: 0.0, Sum: 0.1]
      [GC Worker Other (ms): Min: 0.0, Avg: 0.0, Max: 0.1, Diff: 0.1, Sum: 0.5]
      [GC Worker Total (ms): Min: 109.1, Avg: 109.2, Max: 109.3, Diff: 0.2, Sum: 1419.9]
      [GC Worker End (ms): Min: 33804.8, Avg: 33804.8, Max: 33804.8, Diff: 0.1]
   [Code Root Fixup: 0.4 ms]
   [Code Root Migration: 0.0 ms]
   [Clear CT: 1.2 ms]
   [Other: 10.9 ms]
      [Choose CSet: 0.0 ms]
      [Ref Proc: 7.0 ms]
      [Ref Enq: 0.7 ms]
      [Free CSet: 0.6 ms]
   [Eden: 1056.0M(1056.0M)->0.0B(1056.0M) Survivors: 160.0M->160.0M Heap: 5945.4M(24.0G)->5137.4M(24.0G)]
 [Times: user=1.39 sys=0.06, real=0.12 secs] 
2014-04-09T11:00:21.621+0900: 34.689: [GC pause (G1 Evacuation Pause) (young), 0.1168654 secs]
   [Parallel Time: 104.6 ms, GC Workers: 13]
      [GC Worker Start (ms): Min: 34689.0, Avg: 34689.1, Max: 34689.1, Diff: 0.1]
      [Ext Root Scanning (ms): Min: 1.0, Avg: 1.3, Max: 1.5, Diff: 0.5, Sum: 16.6]
      [Update RS (ms): Min: 9.7, Avg: 10.1, Max: 11.9, Diff: 2.2, Sum: 130.8]
         [Processed Buffers: Min: 10, Avg: 18.8, Max: 33, Diff: 23, Sum: 244]
      [Scan RS (ms): Min: 8.5, Avg: 10.5, Max: 11.0, Diff: 2.5, Sum: 136.4]
      [Code Root Scanning (ms): Min: 0.0, Avg: 0.0, Max: 0.0, Diff: 0.0, Sum: 0.0]
      [Object Copy (ms): Min: 82.2, Avg: 82.4, Max: 83.0, Diff: 0.8, Sum: 1071.6]
      [Termination (ms): Min: 0.0, Avg: 0.0, Max: 0.0, Diff: 0.0, Sum: 0.2]
      [GC Worker Other (ms): Min: 0.0, Avg: 0.0, Max: 0.1, Diff: 0.1, Sum: 0.5]
      [GC Worker Total (ms): Min: 104.2, Avg: 104.3, Max: 104.4, Diff: 0.1, Sum: 1356.2]
      [GC Worker End (ms): Min: 34793.4, Avg: 34793.4, Max: 34793.4, Diff: 0.1]
   [Code Root Fixup: 0.4 ms]
   [Code Root Migration: 0.0 ms]
   [Clear CT: 1.3 ms]
   [Other: 10.5 ms]
      [Choose CSet: 0.0 ms]
      [Ref Proc: 6.7 ms]
      [Ref Enq: 0.6 ms]
      [Free CSet: 0.6 ms]
   [Eden: 1056.0M(1056.0M)->0.0B(1056.0M) Survivors: 160.0M->160.0M Heap: 6193.4M(24.0G)->5369.4M(24.0G)]
 [Times: user=1.32 sys=0.05, real=0.12 secs] 
2014-04-09T11:00:22.596+0900: 35.664: [GC pause (G1 Evacuation Pause) (young), 0.1197536 secs]
   [Parallel Time: 107.4 ms, GC Workers: 13]
      [GC Worker Start (ms): Min: 35664.3, Avg: 35664.4, Max: 35664.4, Diff: 0.1]
      [Ext Root Scanning (ms): Min: 0.9, Avg: 1.3, Max: 1.6, Diff: 0.7, Sum: 16.6]
      [Update RS (ms): Min: 8.9, Avg: 9.2, Max: 9.9, Diff: 1.0, Sum: 120.1]
         [Processed Buffers: Min: 7, Avg: 18.5, Max: 30, Diff: 23, Sum: 240]
      [Scan RS (ms): Min: 10.3, Avg: 10.8, Max: 11.1, Diff: 0.8, Sum: 140.8]
      [Code Root Scanning (ms): Min: 0.0, Avg: 0.0, Max: 0.0, Diff: 0.0, Sum: 0.0]
      [Object Copy (ms): Min: 85.0, Avg: 85.3, Max: 86.2, Diff: 1.2, Sum: 1108.4]
      [Termination (ms): Min: 0.0, Avg: 0.5, Max: 0.6, Diff: 0.6, Sum: 6.3]
      [GC Worker Other (ms): Min: 0.0, Avg: 0.0, Max: 0.1, Diff: 0.1, Sum: 0.4]
      [GC Worker Total (ms): Min: 107.1, Avg: 107.1, Max: 107.2, Diff: 0.2, Sum: 1392.6]
      [GC Worker End (ms): Min: 35771.5, Avg: 35771.5, Max: 35771.5, Diff: 0.1]
   [Code Root Fixup: 0.4 ms]
   [Code Root Migration: 0.0 ms]
   [Clear CT: 1.3 ms]
   [Other: 10.6 ms]
      [Choose CSet: 0.0 ms]
      [Ref Proc: 6.5 ms]
      [Ref Enq: 0.7 ms]
      [Free CSet: 0.6 ms]
   [Eden: 1056.0M(1056.0M)->0.0B(1056.0M) Survivors: 160.0M->160.0M Heap: 6425.4M(24.0G)->5617.4M(24.0G)]
 [Times: user=1.36 sys=0.05, real=0.12 secs] 
2014-04-09T11:00:23.595+0900: 36.663: [GC pause (G1 Evacuation Pause) (young), 0.1235344 secs]
   [Parallel Time: 110.7 ms, GC Workers: 13]
      [GC Worker Start (ms): Min: 36663.0, Avg: 36663.0, Max: 36663.1, Diff: 0.1]
      [Ext Root Scanning (ms): Min: 1.3, Avg: 1.4, Max: 1.9, Diff: 0.7, Sum: 18.3]
      [Update RS (ms): Min: 9.9, Avg: 11.1, Max: 15.1, Diff: 5.2, Sum: 144.2]
         [Processed Buffers: Min: 6, Avg: 19.2, Max: 39, Diff: 33, Sum: 249]
      [Scan RS (ms): Min: 6.5, Avg: 10.5, Max: 11.1, Diff: 4.7, Sum: 136.4]
      [Code Root Scanning (ms): Min: 0.0, Avg: 0.0, Max: 0.0, Diff: 0.0, Sum: 0.0]
      [Object Copy (ms): Min: 86.9, Avg: 87.1, Max: 87.7, Diff: 0.7, Sum: 1132.5]
      [Termination (ms): Min: 0.0, Avg: 0.4, Max: 0.4, Diff: 0.4, Sum: 5.1]
      [GC Worker Other (ms): Min: 0.0, Avg: 0.0, Max: 0.1, Diff: 0.1, Sum: 0.5]
      [GC Worker Total (ms): Min: 110.4, Avg: 110.5, Max: 110.6, Diff: 0.2, Sum: 1437.0]
      [GC Worker End (ms): Min: 36773.6, Avg: 36773.6, Max: 36773.6, Diff: 0.0]
   [Code Root Fixup: 0.4 ms]
   [Code Root Migration: 0.0 ms]
   [Clear CT: 1.4 ms]
   [Other: 10.9 ms]
      [Choose CSet: 0.0 ms]
      [Ref Proc: 6.9 ms]
      [Ref Enq: 0.7 ms]
      [Free CSet: 0.6 ms]
   [Eden: 1056.0M(1056.0M)->0.0B(1056.0M) Survivors: 160.0M->160.0M Heap: 6673.4M(24.0G)->5865.4M(24.0G)]
 [Times: user=1.42 sys=0.04, real=0.12 secs] 
2014-04-09T11:00:24.602+0900: 37.670: [GC pause (G1 Evacuation Pause) (young), 0.1155963 secs]
   [Parallel Time: 103.0 ms, GC Workers: 13]
      [GC Worker Start (ms): Min: 37670.5, Avg: 37670.5, Max: 37670.6, Diff: 0.1]
      [Ext Root Scanning (ms): Min: 0.8, Avg: 1.3, Max: 2.0, Diff: 1.2, Sum: 16.8]
      [Update RS (ms): Min: 7.4, Avg: 9.0, Max: 10.0, Diff: 2.6, Sum: 116.7]
         [Processed Buffers: Min: 10, Avg: 17.8, Max: 28, Diff: 18, Sum: 232]
      [Scan RS (ms): Min: 9.1, Avg: 10.0, Max: 10.4, Diff: 1.2, Sum: 130.2]
      [Code Root Scanning (ms): Min: 0.0, Avg: 0.0, Max: 0.0, Diff: 0.0, Sum: 0.0]
      [Object Copy (ms): Min: 82.0, Avg: 82.4, Max: 83.4, Diff: 1.5, Sum: 1070.9]
      [Termination (ms): Min: 0.0, Avg: 0.0, Max: 0.0, Diff: 0.0, Sum: 0.3]
      [GC Worker Other (ms): Min: 0.0, Avg: 0.0, Max: 0.1, Diff: 0.1, Sum: 0.5]
      [GC Worker Total (ms): Min: 102.6, Avg: 102.7, Max: 102.8, Diff: 0.2, Sum: 1335.4]
      [GC Worker End (ms): Min: 37773.2, Avg: 37773.3, Max: 37773.3, Diff: 0.1]
   [Code Root Fixup: 0.4 ms]
   [Code Root Migration: 0.0 ms]
   [Clear CT: 1.3 ms]
   [Other: 10.8 ms]
      [Choose CSet: 0.0 ms]
      [Ref Proc: 6.6 ms]
      [Ref Enq: 0.7 ms]
      [Free CSet: 0.7 ms]
   [Eden: 1056.0M(1056.0M)->0.0B(1056.0M) Survivors: 160.0M->160.0M Heap: 6921.4M(24.0G)->6113.4M(24.0G)]
 [Times: user=1.30 sys=0.06, real=0.12 secs] 
2014-04-09T11:00:25.592+0900: 38.660: [GC pause (G1 Evacuation Pause) (young), 0.1181316 secs]
   [Parallel Time: 105.3 ms, GC Workers: 13]
      [GC Worker Start (ms): Min: 38660.5, Avg: 38660.6, Max: 38660.6, Diff: 0.1]
      [Ext Root Scanning (ms): Min: 0.9, Avg: 1.3, Max: 1.6, Diff: 0.7, Sum: 16.7]
      [Update RS (ms): Min: 10.7, Avg: 11.3, Max: 16.1, Diff: 5.4, Sum: 146.5]
         [Processed Buffers: Min: 1, Avg: 17.9, Max: 37, Diff: 36, Sum: 233]
      [Scan RS (ms): Min: 6.3, Avg: 10.8, Max: 11.5, Diff: 5.2, Sum: 141.0]
      [Code Root Scanning (ms): Min: 0.0, Avg: 0.0, Max: 0.0, Diff: 0.0, Sum: 0.0]
      [Object Copy (ms): Min: 80.8, Avg: 81.3, Max: 81.9, Diff: 1.1, Sum: 1056.3]
      [Termination (ms): Min: 0.0, Avg: 0.4, Max: 0.5, Diff: 0.5, Sum: 5.5]
      [GC Worker Other (ms): Min: 0.0, Avg: 0.0, Max: 0.0, Diff: 0.0, Sum: 0.3]
      [GC Worker Total (ms): Min: 105.0, Avg: 105.1, Max: 105.2, Diff: 0.1, Sum: 1366.4]
      [GC Worker End (ms): Min: 38765.6, Avg: 38765.7, Max: 38765.7, Diff: 0.1]
   [Code Root Fixup: 0.4 ms]
   [Code Root Migration: 0.0 ms]
   [Clear CT: 1.4 ms]
   [Other: 10.9 ms]
      [Choose CSet: 0.0 ms]
      [Ref Proc: 6.6 ms]
      [Ref Enq: 0.8 ms]
      [Free CSet: 0.6 ms]
   [Eden: 1056.0M(1056.0M)->0.0B(1056.0M) Survivors: 160.0M->160.0M Heap: 7169.4M(24.0G)->6337.4M(24.0G)]
 [Times: user=1.33 sys=0.05, real=0.12 secs] 
2014-04-09T11:00:26.581+0900: 39.649: [GC pause (G1 Evacuation Pause) (young), 0.1189008 secs]
   [Parallel Time: 106.0 ms, GC Workers: 13]
      [GC Worker Start (ms): Min: 39649.4, Avg: 39649.5, Max: 39649.5, Diff: 0.1]
      [Ext Root Scanning (ms): Min: 1.2, Avg: 1.3, Max: 1.5, Diff: 0.3, Sum: 17.3]
      [Update RS (ms): Min: 9.3, Avg: 10.6, Max: 16.2, Diff: 6.9, Sum: 138.0]
         [Processed Buffers: Min: 9, Avg: 18.2, Max: 26, Diff: 17, Sum: 236]
      [Scan RS (ms): Min: 4.7, Avg: 10.2, Max: 11.5, Diff: 6.9, Sum: 133.0]
      [Code Root Scanning (ms): Min: 0.0, Avg: 0.0, Max: 0.0, Diff: 0.0, Sum: 0.0]
      [Object Copy (ms): Min: 82.9, Avg: 83.1, Max: 83.5, Diff: 0.7, Sum: 1080.0]
      [Termination (ms): Min: 0.0, Avg: 0.4, Max: 0.5, Diff: 0.5, Sum: 5.6]
      [GC Worker Other (ms): Min: 0.0, Avg: 0.0, Max: 0.1, Diff: 0.1, Sum: 0.5]
      [GC Worker Total (ms): Min: 105.7, Avg: 105.7, Max: 105.8, Diff: 0.1, Sum: 1374.4]
      [GC Worker End (ms): Min: 39755.2, Avg: 39755.2, Max: 39755.2, Diff: 0.1]
   [Code Root Fixup: 0.4 ms]
   [Code Root Migration: 0.0 ms]
   [Clear CT: 1.3 ms]
   [Other: 11.1 ms]
      [Choose CSet: 0.0 ms]
      [Ref Proc: 6.9 ms]
      [Ref Enq: 0.7 ms]
      [Free CSet: 0.6 ms]
   [Eden: 1056.0M(1056.0M)->0.0B(1056.0M) Survivors: 160.0M->160.0M Heap: 7393.4M(24.0G)->6585.4M(24.0G)]
 [Times: user=1.34 sys=0.05, real=0.12 secs] 
2014-04-09T11:00:27.560+0900: 40.628: [GC pause (G1 Evacuation Pause) (young), 0.1236522 secs]
   [Parallel Time: 110.2 ms, GC Workers: 13]
      [GC Worker Start (ms): Min: 40628.0, Avg: 40628.1, Max: 40628.1, Diff: 0.1]
      [Ext Root Scanning (ms): Min: 0.9, Avg: 1.5, Max: 2.1, Diff: 1.2, Sum: 19.0]
      [Update RS (ms): Min: 7.8, Avg: 9.0, Max: 12.9, Diff: 5.2, Sum: 116.9]
         [Processed Buffers: Min: 2, Avg: 17.5, Max: 30, Diff: 28, Sum: 227]
      [Scan RS (ms): Min: 7.6, Avg: 11.5, Max: 12.3, Diff: 4.6, Sum: 149.3]
      [Code Root Scanning (ms): Min: 0.0, Avg: 0.0, Max: 0.0, Diff: 0.0, Sum: 0.0]
      [Object Copy (ms): Min: 87.2, Avg: 87.5, Max: 88.5, Diff: 1.3, Sum: 1137.9]
      [Termination (ms): Min: 0.0, Avg: 0.4, Max: 0.5, Diff: 0.5, Sum: 5.5]
      [GC Worker Other (ms): Min: 0.0, Avg: 0.0, Max: 0.1, Diff: 0.1, Sum: 0.5]
      [GC Worker Total (ms): Min: 109.9, Avg: 109.9, Max: 110.0, Diff: 0.1, Sum: 1429.2]
      [GC Worker End (ms): Min: 40738.0, Avg: 40738.0, Max: 40738.0, Diff: 0.1]
   [Code Root Fixup: 0.4 ms]
   [Code Root Migration: 0.0 ms]
   [Clear CT: 1.6 ms]
   [Other: 11.4 ms]
      [Choose CSet: 0.0 ms]
      [Ref Proc: 6.9 ms]
      [Ref Enq: 0.7 ms]
      [Free CSet: 0.7 ms]
   [Eden: 1056.0M(1056.0M)->0.0B(1056.0M) Survivors: 160.0M->160.0M Heap: 7641.4M(24.0G)->6833.4M(24.0G)]
 [Times: user=1.40 sys=0.05, real=0.13 secs] 
2014-04-09T11:00:28.556+0900: 41.624: [GC pause (G1 Evacuation Pause) (young), 0.1218313 secs]
   [Parallel Time: 108.0 ms, GC Workers: 13]
      [GC Worker Start (ms): Min: 41624.0, Avg: 41624.1, Max: 41624.2, Diff: 0.1]
      [Ext Root Scanning (ms): Min: 0.9, Avg: 1.4, Max: 1.6, Diff: 0.7, Sum: 18.0]
      [Update RS (ms): Min: 8.4, Avg: 9.3, Max: 13.4, Diff: 5.0, Sum: 120.5]
         [Processed Buffers: Min: 2, Avg: 17.7, Max: 28, Diff: 26, Sum: 230]
      [Scan RS (ms): Min: 7.5, Avg: 11.6, Max: 12.6, Diff: 5.1, Sum: 150.3]
      [Code Root Scanning (ms): Min: 0.0, Avg: 0.0, Max: 0.0, Diff: 0.0, Sum: 0.0]
      [Object Copy (ms): Min: 84.4, Avg: 84.9, Max: 85.3, Diff: 0.9, Sum: 1103.2]
      [Termination (ms): Min: 0.2, Avg: 0.6, Max: 0.7, Diff: 0.5, Sum: 8.1]
      [GC Worker Other (ms): Min: 0.0, Avg: 0.0, Max: 0.1, Diff: 0.1, Sum: 0.5]
      [GC Worker Total (ms): Min: 107.6, Avg: 107.7, Max: 107.8, Diff: 0.2, Sum: 1400.6]
      [GC Worker End (ms): Min: 41731.8, Avg: 41731.8, Max: 41731.9, Diff: 0.1]
   [Code Root Fixup: 0.4 ms]
   [Code Root Migration: 0.0 ms]
   [Clear CT: 1.5 ms]
   [Other: 11.9 ms]
      [Choose CSet: 0.0 ms]
      [Ref Proc: 7.2 ms]
      [Ref Enq: 0.6 ms]
      [Free CSet: 0.6 ms]
   [Eden: 1056.0M(1056.0M)->0.0B(1056.0M) Survivors: 160.0M->160.0M Heap: 7889.4M(24.0G)->7073.4M(24.0G)]
 [Times: user=1.37 sys=0.05, real=0.12 secs] 
2014-04-09T11:00:29.557+0900: 42.625: [GC pause (G1 Evacuation Pause) (young), 0.1227359 secs]
   [Parallel Time: 109.5 ms, GC Workers: 13]
      [GC Worker Start (ms): Min: 42625.7, Avg: 42625.8, Max: 42625.9, Diff: 0.1]
      [Ext Root Scanning (ms): Min: 1.0, Avg: 1.3, Max: 1.6, Diff: 0.6, Sum: 17.4]
      [Update RS (ms): Min: 8.5, Avg: 9.0, Max: 9.2, Diff: 0.7, Sum: 116.5]
         [Processed Buffers: Min: 7, Avg: 17.6, Max: 25, Diff: 18, Sum: 229]
      [Scan RS (ms): Min: 11.4, Avg: 11.7, Max: 12.1, Diff: 0.8, Sum: 152.2]
      [Code Root Scanning (ms): Min: 0.0, Avg: 0.0, Max: 0.0, Diff: 0.0, Sum: 0.1]
      [Object Copy (ms): Min: 86.4, Avg: 86.6, Max: 86.9, Diff: 0.5, Sum: 1126.2]
      [Termination (ms): Min: 0.1, Avg: 0.5, Max: 0.6, Diff: 0.5, Sum: 6.6]
      [GC Worker Other (ms): Min: 0.0, Avg: 0.0, Max: 0.1, Diff: 0.1, Sum: 0.5]
      [GC Worker Total (ms): Min: 109.1, Avg: 109.2, Max: 109.3, Diff: 0.2, Sum: 1419.4]
      [GC Worker End (ms): Min: 42735.0, Avg: 42735.0, Max: 42735.0, Diff: 0.1]
   [Code Root Fixup: 0.3 ms]
   [Code Root Migration: 0.0 ms]
   [Clear CT: 1.6 ms]
   [Other: 11.3 ms]
      [Choose CSet: 0.0 ms]
      [Ref Proc: 6.6 ms]
      [Ref Enq: 0.6 ms]
      [Free CSet: 0.7 ms]
   [Eden: 1056.0M(1056.0M)->0.0B(1056.0M) Survivors: 160.0M->160.0M Heap: 8129.4M(24.0G)->7297.4M(24.0G)]
 [Times: user=1.40 sys=0.05, real=0.12 secs] 
2014-04-09T11:00:30.567+0900: 43.635: [GC pause (G1 Evacuation Pause) (young), 0.1183985 secs]
   [Parallel Time: 104.8 ms, GC Workers: 13]
      [GC Worker Start (ms): Min: 43635.2, Avg: 43635.3, Max: 43635.4, Diff: 0.1]
      [Ext Root Scanning (ms): Min: 0.9, Avg: 1.4, Max: 1.9, Diff: 1.0, Sum: 17.7]
      [Update RS (ms): Min: 8.0, Avg: 8.3, Max: 8.7, Diff: 0.6, Sum: 108.3]
         [Processed Buffers: Min: 8, Avg: 18.0, Max: 43, Diff: 35, Sum: 234]
      [Scan RS (ms): Min: 11.0, Avg: 11.3, Max: 11.5, Diff: 0.5, Sum: 146.3]
      [Code Root Scanning (ms): Min: 0.0, Avg: 0.0, Max: 0.0, Diff: 0.0, Sum: 0.0]
      [Object Copy (ms): Min: 83.1, Avg: 83.3, Max: 83.9, Diff: 0.8, Sum: 1083.3]
      [Termination (ms): Min: 0.0, Avg: 0.2, Max: 0.3, Diff: 0.3, Sum: 3.2]
      [GC Worker Other (ms): Min: 0.0, Avg: 0.0, Max: 0.0, Diff: 0.0, Sum: 0.3]
      [GC Worker Total (ms): Min: 104.5, Avg: 104.5, Max: 104.6, Diff: 0.1, Sum: 1359.1]
      [GC Worker End (ms): Min: 43739.8, Avg: 43739.8, Max: 43739.9, Diff: 0.1]
   [Code Root Fixup: 0.4 ms]
   [Code Root Migration: 0.0 ms]
   [Clear CT: 1.6 ms]
   [Other: 11.5 ms]
      [Choose CSet: 0.0 ms]
      [Ref Proc: 6.7 ms]
      [Ref Enq: 0.6 ms]
      [Free CSet: 0.6 ms]
   [Eden: 1056.0M(1056.0M)->0.0B(1056.0M) Survivors: 160.0M->160.0M Heap: 8353.4M(24.0G)->7545.4M(24.0G)]
 [Times: user=1.34 sys=0.05, real=0.12 secs] 
2014-04-09T11:00:31.545+0900: 44.613: [GC pause (G1 Evacuation Pause) (young) (initial-mark), 0.1197124 secs]
   [Parallel Time: 105.9 ms, GC Workers: 13]
      [GC Worker Start (ms): Min: 44613.8, Avg: 44613.9, Max: 44613.9, Diff: 0.1]
      [Ext Root Scanning (ms): Min: 0.9, Avg: 1.3, Max: 2.7, Diff: 1.8, Sum: 16.3]
      [Code Root Marking (ms): Min: 0.0, Avg: 0.6, Max: 6.3, Diff: 6.2, Sum: 8.3]
      [Update RS (ms): Min: 4.0, Avg: 9.3, Max: 10.4, Diff: 6.4, Sum: 120.4]
         [Processed Buffers: Min: 8, Avg: 18.2, Max: 45, Diff: 37, Sum: 237]
      [Scan RS (ms): Min: 10.8, Avg: 11.4, Max: 11.8, Diff: 1.1, Sum: 148.4]
      [Code Root Scanning (ms): Min: 0.0, Avg: 0.0, Max: 0.0, Diff: 0.0, Sum: 0.0]
      [Object Copy (ms): Min: 82.7, Avg: 83.0, Max: 83.5, Diff: 0.8, Sum: 1079.1]
      [Termination (ms): Min: 0.0, Avg: 0.0, Max: 0.0, Diff: 0.0, Sum: 0.1]
      [GC Worker Other (ms): Min: 0.0, Avg: 0.0, Max: 0.1, Diff: 0.1, Sum: 0.6]
      [GC Worker Total (ms): Min: 105.6, Avg: 105.6, Max: 105.7, Diff: 0.2, Sum: 1373.3]
      [GC Worker End (ms): Min: 44719.5, Avg: 44719.5, Max: 44719.6, Diff: 0.1]
   [Code Root Fixup: 0.5 ms]
   [Code Root Migration: 0.0 ms]
   [Clear CT: 1.7 ms]
   [Other: 11.6 ms]
      [Choose CSet: 0.0 ms]
      [Ref Proc: 6.6 ms]
      [Ref Enq: 0.6 ms]
      [Free CSet: 0.6 ms]
   [Eden: 1056.0M(1056.0M)->0.0B(1056.0M) Survivors: 160.0M->160.0M Heap: 8601.4M(24.0G)->7793.4M(24.0G)]
 [Times: user=1.33 sys=0.06, real=0.12 secs] 
2014-04-09T11:00:31.665+0900: 44.733: [GC concurrent-root-region-scan-start]
2014-04-09T11:00:31.709+0900: 44.777: [GC concurrent-root-region-scan-end, 0.0438194 secs]
2014-04-09T11:00:31.709+0900: 44.777: [GC concurrent-mark-start]
2014-04-09T11:00:32.708+0900: 45.775: [GC concurrent-mark-end, 0.9983149 secs]
2014-04-09T11:00:32.709+0900: 45.777: [GC remark 45.828: [GC ref-proc, 0.0120392 secs], 0.0817446 secs]
 [Times: user=0.83 sys=0.00, real=0.08 secs] 
2014-04-09T11:00:32.792+0900: 45.860: [GC cleanup 8713M->8713M(24G), 0.0144206 secs]
 [Times: user=0.17 sys=0.00, real=0.02 secs] 
2014-04-09T11:00:32.928+0900: 45.996: [GC pause (G1 Evacuation Pause) (young), 0.1179595 secs]
   [Parallel Time: 104.3 ms, GC Workers: 13]
      [GC Worker Start (ms): Min: 45996.6, Avg: 45996.7, Max: 45996.8, Diff: 0.1]
      [Ext Root Scanning (ms): Min: 1.0, Avg: 1.4, Max: 2.0, Diff: 1.0, Sum: 18.3]
      [Update RS (ms): Min: 8.8, Avg: 9.3, Max: 10.1, Diff: 1.3, Sum: 120.4]
         [Processed Buffers: Min: 11, Avg: 18.8, Max: 28, Diff: 17, Sum: 245]
      [Scan RS (ms): Min: 11.5, Avg: 12.2, Max: 12.5, Diff: 1.0, Sum: 158.3]
      [Code Root Scanning (ms): Min: 0.0, Avg: 0.0, Max: 0.0, Diff: 0.0, Sum: 0.0]
      [Object Copy (ms): Min: 80.9, Avg: 81.1, Max: 81.5, Diff: 0.6, Sum: 1053.8]
      [Termination (ms): Min: 0.0, Avg: 0.1, Max: 0.1, Diff: 0.1, Sum: 1.2]
      [GC Worker Other (ms): Min: 0.0, Avg: 0.0, Max: 0.1, Diff: 0.0, Sum: 0.4]
      [GC Worker Total (ms): Min: 104.0, Avg: 104.0, Max: 104.1, Diff: 0.1, Sum: 1352.4]
      [GC Worker End (ms): Min: 46100.7, Avg: 46100.7, Max: 46100.8, Diff: 0.1]
   [Code Root Fixup: 0.4 ms]
   [Code Root Migration: 0.0 ms]
   [Clear CT: 1.7 ms]
   [Other: 11.5 ms]
      [Choose CSet: 0.0 ms]
      [Ref Proc: 6.6 ms]
      [Ref Enq: 0.6 ms]
      [Free CSet: 0.7 ms]
   [Eden: 1056.0M(1056.0M)->0.0B(1056.0M) Survivors: 160.0M->160.0M Heap: 8849.4M(24.0G)->8025.4M(24.0G)]
 [Times: user=1.32 sys=0.06, real=0.12 secs] 
2014-04-09T11:00:33.940+0900: 47.007: [GC pause (G1 Evacuation Pause) (mixed), 0.1326557 secs]
   [Parallel Time: 115.5 ms, GC Workers: 13]
      [GC Worker Start (ms): Min: 47008.0, Avg: 47008.0, Max: 47008.1, Diff: 0.1]
      [Ext Root Scanning (ms): Min: 0.9, Avg: 1.4, Max: 2.1, Diff: 1.2, Sum: 18.3]
      [Update RS (ms): Min: 9.3, Avg: 9.8, Max: 10.4, Diff: 1.1, Sum: 127.7]
         [Processed Buffers: Min: 10, Avg: 19.0, Max: 28, Diff: 18, Sum: 247]
      [Scan RS (ms): Min: 16.5, Avg: 17.1, Max: 17.7, Diff: 1.2, Sum: 222.9]
      [Code Root Scanning (ms): Min: 0.0, Avg: 0.0, Max: 0.0, Diff: 0.0, Sum: 0.1]
      [Object Copy (ms): Min: 86.0, Avg: 86.4, Max: 87.4, Diff: 1.4, Sum: 1123.4]
      [Termination (ms): Min: 0.0, Avg: 0.4, Max: 0.5, Diff: 0.4, Sum: 5.7]
      [GC Worker Other (ms): Min: 0.0, Avg: 0.1, Max: 0.1, Diff: 0.1, Sum: 0.7]
      [GC Worker Total (ms): Min: 115.2, Avg: 115.3, Max: 115.4, Diff: 0.2, Sum: 1498.7]
      [GC Worker End (ms): Min: 47123.3, Avg: 47123.3, Max: 47123.4, Diff: 0.1]
   [Code Root Fixup: 0.3 ms]
   [Code Root Migration: 0.0 ms]
   [Clear CT: 2.0 ms]
   [Other: 14.8 ms]
      [Choose CSet: 0.2 ms]
      [Ref Proc: 8.7 ms]
      [Ref Enq: 1.0 ms]
      [Free CSet: 1.2 ms]
   [Eden: 1056.0M(1056.0M)->0.0B(1056.0M) Survivors: 160.0M->160.0M Heap: 9081.4M(24.0G)->7577.4M(24.0G)]
 [Times: user=1.47 sys=0.05, real=0.13 secs] 
2014-04-09T11:00:34.939+0900: 48.007: [GC pause (G1 Evacuation Pause) (mixed), 0.2560939 secs]
   [Parallel Time: 240.7 ms, GC Workers: 13]
      [GC Worker Start (ms): Min: 48007.7, Avg: 48007.8, Max: 48007.8, Diff: 0.1]
      [Ext Root Scanning (ms): Min: 1.3, Avg: 1.4, Max: 2.0, Diff: 0.7, Sum: 18.6]
      [Update RS (ms): Min: 16.8, Avg: 17.5, Max: 18.9, Diff: 2.1, Sum: 227.6]
         [Processed Buffers: Min: 8, Avg: 21.5, Max: 36, Diff: 28, Sum: 280]
      [Scan RS (ms): Min: 55.9, Avg: 57.5, Max: 58.4, Diff: 2.6, Sum: 747.6]
      [Code Root Scanning (ms): Min: 0.0, Avg: 0.0, Max: 0.2, Diff: 0.2, Sum: 0.3]
      [Object Copy (ms): Min: 163.5, Avg: 163.8, Max: 164.5, Diff: 1.0, Sum: 2129.8]
      [Termination (ms): Min: 0.0, Avg: 0.1, Max: 0.2, Diff: 0.2, Sum: 1.4]
      [GC Worker Other (ms): Min: 0.0, Avg: 0.0, Max: 0.1, Diff: 0.1, Sum: 0.6]
      [GC Worker Total (ms): Min: 240.4, Avg: 240.4, Max: 240.6, Diff: 0.2, Sum: 3125.8]
      [GC Worker End (ms): Min: 48248.2, Avg: 48248.2, Max: 48248.3, Diff: 0.1]
   [Code Root Fixup: 0.5 ms]
   [Code Root Migration: 0.4 ms]
   [Clear CT: 2.2 ms]
   [Other: 12.3 ms]
      [Choose CSet: 0.2 ms]
      [Ref Proc: 6.6 ms]
      [Ref Enq: 0.6 ms]
      [Free CSet: 1.2 ms]
   [Eden: 1056.0M(1056.0M)->0.0B(1056.0M) Survivors: 160.0M->160.0M Heap: 8633.4M(24.0G)->7192.0M(24.0G)]
 [Times: user=2.72 sys=0.09, real=0.26 secs] 
2014-04-09T11:00:36.074+0900: 49.142: [GC pause (G1 Evacuation Pause) (mixed), 0.1949436 secs]
   [Parallel Time: 179.1 ms, GC Workers: 13]
      [GC Worker Start (ms): Min: 49142.6, Avg: 49142.7, Max: 49142.8, Diff: 0.1]
      [Ext Root Scanning (ms): Min: 1.2, Avg: 1.3, Max: 1.6, Diff: 0.4, Sum: 17.4]
      [Update RS (ms): Min: 6.2, Avg: 6.6, Max: 6.9, Diff: 0.7, Sum: 85.9]
         [Processed Buffers: Min: 13, Avg: 19.8, Max: 32, Diff: 19, Sum: 258]
      [Scan RS (ms): Min: 19.4, Avg: 19.6, Max: 20.2, Diff: 0.9, Sum: 254.5]
      [Code Root Scanning (ms): Min: 0.0, Avg: 0.0, Max: 0.0, Diff: 0.0, Sum: 0.0]
      [Object Copy (ms): Min: 149.0, Avg: 150.1, Max: 151.1, Diff: 2.1, Sum: 1950.7]
      [Termination (ms): Min: 0.3, Avg: 1.2, Max: 1.5, Diff: 1.2, Sum: 16.0]
      [GC Worker Other (ms): Min: 0.0, Avg: 0.0, Max: 0.1, Diff: 0.0, Sum: 0.3]
      [GC Worker Total (ms): Min: 178.8, Avg: 178.8, Max: 178.9, Diff: 0.1, Sum: 2324.8]
      [GC Worker End (ms): Min: 49321.5, Avg: 49321.5, Max: 49321.6, Diff: 0.0]
   [Code Root Fixup: 0.4 ms]
   [Code Root Migration: 0.0 ms]
   [Clear CT: 2.0 ms]
   [Other: 13.4 ms]
      [Choose CSet: 0.1 ms]
      [Ref Proc: 7.7 ms]
      [Ref Enq: 1.0 ms]
      [Free CSet: 0.9 ms]
   [Eden: 1056.0M(1056.0M)->0.0B(1056.0M) Survivors: 160.0M->160.0M Heap: 8248.0M(24.0G)->7208.0M(24.0G)]
 [Times: user=2.34 sys=0.02, real=0.20 secs] 
2014-04-09T11:00:37.211+0900: 50.279: [GC pause (G1 Evacuation Pause) (young), 0.1135094 secs]
   [Parallel Time: 100.2 ms, GC Workers: 13]
      [GC Worker Start (ms): Min: 50279.1, Avg: 50279.2, Max: 50279.3, Diff: 0.1]
      [Ext Root Scanning (ms): Min: 1.3, Avg: 1.4, Max: 2.0, Diff: 0.7, Sum: 18.4]
      [Update RS (ms): Min: 9.0, Avg: 9.4, Max: 10.1, Diff: 1.1, Sum: 122.7]
         [Processed Buffers: Min: 7, Avg: 18.1, Max: 32, Diff: 25, Sum: 235]
      [Scan RS (ms): Min: 8.9, Avg: 9.5, Max: 10.2, Diff: 1.3, Sum: 123.9]
      [Code Root Scanning (ms): Min: 0.0, Avg: 0.0, Max: 0.0, Diff: 0.0, Sum: 0.0]
      [Object Copy (ms): Min: 79.0, Avg: 79.2, Max: 79.6, Diff: 0.6, Sum: 1029.2]
      [Termination (ms): Min: 0.0, Avg: 0.4, Max: 0.4, Diff: 0.4, Sum: 4.8]
      [GC Worker Other (ms): Min: 0.0, Avg: 0.0, Max: 0.1, Diff: 0.1, Sum: 0.5]
      [GC Worker Total (ms): Min: 99.9, Avg: 100.0, Max: 100.0, Diff: 0.1, Sum: 1299.5]
      [GC Worker End (ms): Min: 50379.2, Avg: 50379.2, Max: 50379.2, Diff: 0.1]
   [Code Root Fixup: 0.4 ms]
   [Code Root Migration: 0.0 ms]
   [Clear CT: 2.0 ms]
   [Other: 10.8 ms]
      [Choose CSet: 0.0 ms]
      [Ref Proc: 6.9 ms]
      [Ref Enq: 0.8 ms]
      [Free CSet: 0.6 ms]
   [Eden: 1056.0M(1056.0M)->0.0B(1056.0M) Survivors: 160.0M->160.0M Heap: 8264.0M(24.0G)->7440.0M(24.0G)]
 [Times: user=1.31 sys=0.02, real=0.12 secs] 
2014-04-09T11:00:38.195+0900: 51.263: [GC pause (G1 Evacuation Pause) (young), 0.1174398 secs]
   [Parallel Time: 103.8 ms, GC Workers: 13]
      [GC Worker Start (ms): Min: 51263.1, Avg: 51263.2, Max: 51263.2, Diff: 0.1]
      [Ext Root Scanning (ms): Min: 1.2, Avg: 1.3, Max: 1.6, Diff: 0.4, Sum: 17.2]
      [Update RS (ms): Min: 9.5, Avg: 10.0, Max: 10.7, Diff: 1.2, Sum: 129.8]
         [Processed Buffers: Min: 8, Avg: 18.5, Max: 38, Diff: 30, Sum: 240]
      [Scan RS (ms): Min: 9.3, Avg: 9.9, Max: 10.6, Diff: 1.3, Sum: 129.3]
      [Code Root Scanning (ms): Min: 0.0, Avg: 0.0, Max: 0.0, Diff: 0.0, Sum: 0.0]
      [Object Copy (ms): Min: 81.7, Avg: 82.3, Max: 82.5, Diff: 0.7, Sum: 1069.8]
      [Termination (ms): Min: 0.0, Avg: 0.0, Max: 0.0, Diff: 0.0, Sum: 0.1]
      [GC Worker Other (ms): Min: 0.0, Avg: 0.0, Max: 0.1, Diff: 0.1, Sum: 0.5]
      [GC Worker Total (ms): Min: 103.5, Avg: 103.6, Max: 103.7, Diff: 0.1, Sum: 1346.9]
      [GC Worker End (ms): Min: 51366.8, Avg: 51366.8, Max: 51366.8, Diff: 0.1]
   [Code Root Fixup: 0.5 ms]
   [Code Root Migration: 0.0 ms]
   [Clear CT: 1.8 ms]
   [Other: 11.4 ms]
      [Choose CSet: 0.0 ms]
      [Ref Proc: 7.2 ms]
      [Ref Enq: 0.7 ms]
      [Free CSet: 0.7 ms]
   [Eden: 1056.0M(1056.0M)->0.0B(1056.0M) Survivors: 160.0M->160.0M Heap: 8496.0M(24.0G)->7672.0M(24.0G)]
 [Times: user=1.35 sys=0.02, real=0.11 secs] 
2014-04-09T11:00:39.196+0900: 52.264: [GC pause (G1 Evacuation Pause) (young) (initial-mark), 0.1203361 secs]
   [Parallel Time: 106.5 ms, GC Workers: 13]
      [GC Worker Start (ms): Min: 52264.1, Avg: 52264.2, Max: 52264.2, Diff: 0.1]
      [Ext Root Scanning (ms): Min: 1.1, Avg: 1.4, Max: 3.7, Diff: 2.6, Sum: 18.1]
      [Code Root Marking (ms): Min: 0.0, Avg: 0.7, Max: 6.2, Diff: 6.2, Sum: 9.1]
      [Update RS (ms): Min: 5.9, Avg: 11.3, Max: 12.6, Diff: 6.7, Sum: 147.5]
         [Processed Buffers: Min: 5, Avg: 21.7, Max: 49, Diff: 44, Sum: 282]
      [Scan RS (ms): Min: 9.0, Avg: 9.6, Max: 10.1, Diff: 1.1, Sum: 125.0]
      [Code Root Scanning (ms): Min: 0.0, Avg: 0.0, Max: 0.0, Diff: 0.0, Sum: 0.0]
      [Object Copy (ms): Min: 82.9, Avg: 83.1, Max: 83.5, Diff: 0.6, Sum: 1080.5]
      [Termination (ms): Min: 0.0, Avg: 0.1, Max: 0.1, Diff: 0.1, Sum: 0.9]
      [GC Worker Other (ms): Min: 0.0, Avg: 0.0, Max: 0.1, Diff: 0.0, Sum: 0.4]
      [GC Worker Total (ms): Min: 106.2, Avg: 106.3, Max: 106.3, Diff: 0.1, Sum: 1381.6]
      [GC Worker End (ms): Min: 52370.4, Avg: 52370.4, Max: 52370.5, Diff: 0.0]
   [Code Root Fixup: 0.4 ms]
   [Code Root Migration: 0.0 ms]
   [Clear CT: 2.0 ms]
   [Other: 11.5 ms]
      [Choose CSet: 0.0 ms]
      [Ref Proc: 6.8 ms]
      [Ref Enq: 0.6 ms]
      [Free CSet: 0.7 ms]
   [Eden: 1056.0M(1056.0M)->0.0B(1056.0M) Survivors: 160.0M->160.0M Heap: 8728.0M(24.0G)->7904.0M(24.0G)]
 [Times: user=1.39 sys=0.02, real=0.12 secs] 
2014-04-09T11:00:39.316+0900: 52.384: [GC concurrent-root-region-scan-start]
2014-04-09T11:00:39.368+0900: 52.436: [GC concurrent-root-region-scan-end, 0.0520938 secs]
2014-04-09T11:00:39.368+0900: 52.436: [GC concurrent-mark-start]
2014-04-09T11:00:40.396+0900: 53.464: [GC concurrent-mark-end, 1.0278269 secs]
2014-04-09T11:00:40.398+0900: 53.466: [GC remark 53.515: [GC ref-proc, 0.0129913 secs], 0.0823173 secs]
 [Times: user=0.83 sys=0.00, real=0.08 secs] 
2014-04-09T11:00:40.482+0900: 53.550: [GC cleanup 8895M->8895M(24G), 0.0175050 secs]
 [Times: user=0.22 sys=0.00, real=0.02 secs] 
2014-04-09T11:00:40.554+0900: 53.622: [GC pause (G1 Evacuation Pause) (young), 0.1170534 secs]
   [Parallel Time: 103.3 ms, GC Workers: 13]
      [GC Worker Start (ms): Min: 53622.3, Avg: 53622.3, Max: 53622.4, Diff: 0.1]
      [Ext Root Scanning (ms): Min: 1.3, Avg: 1.5, Max: 2.0, Diff: 0.7, Sum: 18.9]
      [Update RS (ms): Min: 11.2, Avg: 12.0, Max: 12.8, Diff: 1.6, Sum: 155.9]
         [Processed Buffers: Min: 13, Avg: 21.5, Max: 38, Diff: 25, Sum: 280]
      [Scan RS (ms): Min: 9.2, Avg: 9.8, Max: 10.4, Diff: 1.1, Sum: 127.4]
      [Code Root Scanning (ms): Min: 0.0, Avg: 0.0, Max: 0.0, Diff: 0.0, Sum: 0.0]
      [Object Copy (ms): Min: 79.6, Avg: 79.7, Max: 79.9, Diff: 0.4, Sum: 1036.6]
      [Termination (ms): Min: 0.0, Avg: 0.0, Max: 0.0, Diff: 0.0, Sum: 0.1]
      [GC Worker Other (ms): Min: 0.0, Avg: 0.0, Max: 0.1, Diff: 0.1, Sum: 0.5]
      [GC Worker Total (ms): Min: 103.0, Avg: 103.0, Max: 103.1, Diff: 0.2, Sum: 1339.4]
      [GC Worker End (ms): Min: 53725.4, Avg: 53725.4, Max: 53725.4, Diff: 0.1]
   [Code Root Fixup: 0.4 ms]
   [Code Root Migration: 0.0 ms]
   [Clear CT: 2.1 ms]
   [Other: 11.3 ms]
      [Choose CSet: 0.0 ms]
      [Ref Proc: 7.0 ms]
      [Ref Enq: 0.7 ms]
      [Free CSet: 0.6 ms]
   [Eden: 1056.0M(1056.0M)->0.0B(1056.0M) Survivors: 160.0M->160.0M Heap: 8960.0M(24.0G)->8120.0M(24.0G)]
 [Times: user=1.34 sys=0.03, real=0.12 secs] 
2014-04-09T11:00:41.554+0900: 54.622: [GC pause (G1 Evacuation Pause) (mixed), 0.1400870 secs]
   [Parallel Time: 122.9 ms, GC Workers: 13]
      [GC Worker Start (ms): Min: 54622.7, Avg: 54622.8, Max: 54622.9, Diff: 0.1]
      [Ext Root Scanning (ms): Min: 1.3, Avg: 1.4, Max: 2.0, Diff: 0.6, Sum: 18.8]
      [Update RS (ms): Min: 10.2, Avg: 10.6, Max: 11.3, Diff: 1.1, Sum: 137.5]
         [Processed Buffers: Min: 9, Avg: 19.8, Max: 32, Diff: 23, Sum: 257]
      [Scan RS (ms): Min: 16.3, Avg: 17.0, Max: 17.4, Diff: 1.1, Sum: 220.4]
      [Code Root Scanning (ms): Min: 0.0, Avg: 0.0, Max: 0.0, Diff: 0.0, Sum: 0.0]
      [Object Copy (ms): Min: 93.4, Avg: 93.6, Max: 93.8, Diff: 0.4, Sum: 1216.7]
      [Termination (ms): Min: 0.0, Avg: 0.1, Max: 0.2, Diff: 0.2, Sum: 1.9]
      [GC Worker Other (ms): Min: 0.0, Avg: 0.0, Max: 0.1, Diff: 0.1, Sum: 0.4]
      [GC Worker Total (ms): Min: 122.7, Avg: 122.7, Max: 122.8, Diff: 0.1, Sum: 1595.7]
      [GC Worker End (ms): Min: 54745.5, Avg: 54745.5, Max: 54745.6, Diff: 0.1]
   [Code Root Fixup: 0.4 ms]
   [Code Root Migration: 0.0 ms]
   [Clear CT: 2.3 ms]
   [Other: 14.4 ms]
      [Choose CSet: 0.2 ms]
      [Ref Proc: 8.3 ms]
      [Ref Enq: 1.2 ms]
      [Free CSet: 1.4 ms]
   [Eden: 1056.0M(1056.0M)->0.0B(1056.0M) Survivors: 160.0M->160.0M Heap: 9176.0M(24.0G)->7736.0M(24.0G)]
 [Times: user=1.58 sys=0.05, real=0.14 secs] 
2014-04-09T11:00:42.574+0900: 55.642: [GC pause (G1 Evacuation Pause) (mixed), 0.1330854 secs]
   [Parallel Time: 117.2 ms, GC Workers: 13]
      [GC Worker Start (ms): Min: 55642.2, Avg: 55642.3, Max: 55642.4, Diff: 0.1]
      [Ext Root Scanning (ms): Min: 0.9, Avg: 1.5, Max: 2.5, Diff: 1.6, Sum: 19.6]
      [Update RS (ms): Min: 8.3, Avg: 9.7, Max: 10.8, Diff: 2.5, Sum: 126.4]
         [Processed Buffers: Min: 9, Avg: 18.5, Max: 38, Diff: 29, Sum: 241]
      [Scan RS (ms): Min: 16.0, Avg: 17.0, Max: 17.6, Diff: 1.6, Sum: 221.2]
      [Code Root Scanning (ms): Min: 0.0, Avg: 0.0, Max: 0.0, Diff: 0.0, Sum: 0.0]
      [Object Copy (ms): Min: 87.9, Avg: 88.3, Max: 88.9, Diff: 0.9, Sum: 1147.4]
      [Termination (ms): Min: 0.0, Avg: 0.4, Max: 0.4, Diff: 0.4, Sum: 4.8]
      [GC Worker Other (ms): Min: 0.0, Avg: 0.0, Max: 0.0, Diff: 0.0, Sum: 0.3]
      [GC Worker Total (ms): Min: 116.8, Avg: 116.9, Max: 117.0, Diff: 0.1, Sum: 1519.7]
      [GC Worker End (ms): Min: 55759.2, Avg: 55759.2, Max: 55759.2, Diff: 0.0]
   [Code Root Fixup: 0.4 ms]
   [Code Root Migration: 0.0 ms]
   [Clear CT: 2.2 ms]
   [Other: 13.3 ms]
      [Choose CSet: 0.1 ms]
      [Ref Proc: 7.6 ms]
      [Ref Enq: 1.0 ms]
      [Free CSet: 1.1 ms]
   [Eden: 1056.0M(1056.0M)->0.0B(1056.0M) Survivors: 160.0M->160.0M Heap: 8792.0M(24.0G)->7680.0M(24.0G)]
 [Times: user=1.51 sys=0.03, real=0.14 secs] 
2014-04-09T11:00:43.582+0900: 56.649: [GC pause (G1 Evacuation Pause) (young), 0.1205697 secs]
   [Parallel Time: 107.2 ms, GC Workers: 13]
      [GC Worker Start (ms): Min: 56649.9, Avg: 56649.9, Max: 56650.0, Diff: 0.1]
      [Ext Root Scanning (ms): Min: 1.3, Avg: 1.4, Max: 1.9, Diff: 0.6, Sum: 18.7]
      [Update RS (ms): Min: 10.4, Avg: 12.6, Max: 32.7, Diff: 22.3, Sum: 163.4]
         [Processed Buffers: Min: 4, Avg: 19.2, Max: 32, Diff: 28, Sum: 249]
      [Scan RS (ms): Min: 0.0, Avg: 9.6, Max: 10.9, Diff: 10.9, Sum: 125.2]
      [Code Root Scanning (ms): Min: 0.0, Avg: 0.0, Max: 0.0, Diff: 0.0, Sum: 0.0]
      [Object Copy (ms): Min: 72.8, Avg: 83.2, Max: 84.3, Diff: 11.5, Sum: 1082.1]
      [Termination (ms): Min: 0.0, Avg: 0.0, Max: 0.0, Diff: 0.0, Sum: 0.5]
      [GC Worker Other (ms): Min: 0.0, Avg: 0.1, Max: 0.1, Diff: 0.1, Sum: 0.7]
      [GC Worker Total (ms): Min: 106.9, Avg: 107.0, Max: 107.1, Diff: 0.2, Sum: 1390.6]
      [GC Worker End (ms): Min: 56756.9, Avg: 56756.9, Max: 56756.9, Diff: 0.1]
   [Code Root Fixup: 0.4 ms]
   [Code Root Migration: 0.0 ms]
   [Clear CT: 2.3 ms]
   [Other: 10.6 ms]
      [Choose CSet: 0.0 ms]
      [Ref Proc: 6.3 ms]
      [Ref Enq: 0.7 ms]
      [Free CSet: 0.7 ms]
   [Eden: 1056.0M(1056.0M)->0.0B(1056.0M) Survivors: 160.0M->160.0M Heap: 8736.0M(24.0G)->7920.0M(24.0G)]
 [Times: user=1.41 sys=0.02, real=0.12 secs] 
2014-04-09T11:00:44.584+0900: 57.652: [GC pause (G1 Evacuation Pause) (young) (initial-mark), 0.1182791 secs]
   [Parallel Time: 104.0 ms, GC Workers: 13]
      [GC Worker Start (ms): Min: 57652.2, Avg: 57652.3, Max: 57652.4, Diff: 0.1]
      [Ext Root Scanning (ms): Min: 1.0, Avg: 1.3, Max: 3.1, Diff: 2.1, Sum: 17.1]
      [Code Root Marking (ms): Min: 0.0, Avg: 0.5, Max: 4.3, Diff: 4.3, Sum: 6.6]
      [Update RS (ms): Min: 7.2, Avg: 10.3, Max: 11.7, Diff: 4.4, Sum: 134.0]
         [Processed Buffers: Min: 11, Avg: 19.5, Max: 33, Diff: 22, Sum: 253]
      [Scan RS (ms): Min: 9.0, Avg: 9.8, Max: 10.3, Diff: 1.3, Sum: 127.8]
      [Code Root Scanning (ms): Min: 0.0, Avg: 0.0, Max: 0.0, Diff: 0.0, Sum: 0.0]
      [Object Copy (ms): Min: 81.6, Avg: 81.8, Max: 82.1, Diff: 0.5, Sum: 1062.9]
      [Termination (ms): Min: 0.0, Avg: 0.0, Max: 0.0, Diff: 0.0, Sum: 0.1]
      [GC Worker Other (ms): Min: 0.0, Avg: 0.0, Max: 0.1, Diff: 0.1, Sum: 0.5]
      [GC Worker Total (ms): Min: 103.7, Avg: 103.8, Max: 103.8, Diff: 0.2, Sum: 1348.9]
      [GC Worker End (ms): Min: 57756.0, Avg: 57756.1, Max: 57756.1, Diff: 0.1]
   [Code Root Fixup: 0.4 ms]
   [Code Root Migration: 0.0 ms]
   [Clear CT: 2.0 ms]
   [Other: 11.8 ms]
      [Choose CSet: 0.0 ms]
      [Ref Proc: 7.0 ms]
      [Ref Enq: 0.7 ms]
      [Free CSet: 0.7 ms]
   [Eden: 1056.0M(1056.0M)->0.0B(1056.0M) Survivors: 160.0M->160.0M Heap: 8976.0M(24.0G)->8152.0M(24.0G)]
 [Times: user=1.35 sys=0.02, real=0.12 secs] 
2014-04-09T11:00:44.702+0900: 57.770: [GC concurrent-root-region-scan-start]
2014-04-09T11:00:44.738+0900: 57.806: [GC concurrent-root-region-scan-end, 0.0355459 secs]
2014-04-09T11:00:44.738+0900: 57.806: [GC concurrent-mark-start]
2014-04-09T11:00:45.887+0900: 58.955: [GC pause (G1 Evacuation Pause) (young), 0.1131587 secs]
   [Parallel Time: 99.5 ms, GC Workers: 13]
      [GC Worker Start (ms): Min: 58955.4, Avg: 58955.4, Max: 58955.5, Diff: 0.1]
      [Ext Root Scanning (ms): Min: 1.3, Avg: 1.4, Max: 1.6, Diff: 0.3, Sum: 17.8]
      [SATB Filtering (ms): Min: 0.0, Avg: 0.2, Max: 2.4, Diff: 2.4, Sum: 2.4]
      [Update RS (ms): Min: 7.0, Avg: 9.4, Max: 10.5, Diff: 3.5, Sum: 122.8]
         [Processed Buffers: Min: 6, Avg: 17.2, Max: 30, Diff: 24, Sum: 223]
      [Scan RS (ms): Min: 9.2, Avg: 10.1, Max: 10.5, Diff: 1.3, Sum: 131.9]
      [Code Root Scanning (ms): Min: 0.0, Avg: 0.0, Max: 0.0, Diff: 0.0, Sum: 0.0]
      [Object Copy (ms): Min: 77.8, Avg: 78.0, Max: 78.1, Diff: 0.3, Sum: 1014.1]
      [Termination (ms): Min: 0.0, Avg: 0.0, Max: 0.0, Diff: 0.0, Sum: 0.1]
      [GC Worker Other (ms): Min: 0.0, Avg: 0.0, Max: 0.1, Diff: 0.0, Sum: 0.5]
      [GC Worker Total (ms): Min: 99.1, Avg: 99.2, Max: 99.3, Diff: 0.1, Sum: 1289.5]
      [GC Worker End (ms): Min: 59054.6, Avg: 59054.6, Max: 59054.6, Diff: 0.0]
   [Code Root Fixup: 0.4 ms]
   [Code Root Migration: 0.0 ms]
   [Clear CT: 1.9 ms]
   [Other: 11.4 ms]
      [Choose CSet: 0.0 ms]
      [Ref Proc: 6.9 ms]
      [Ref Enq: 0.7 ms]
      [Free CSet: 0.7 ms]
   [Eden: 1056.0M(1056.0M)->0.0B(1056.0M) Survivors: 160.0M->160.0M Heap: 9208.0M(24.0G)->8408.0M(24.0G)]
 [Times: user=1.30 sys=0.01, real=0.11 secs] 
2014-04-09T11:00:46.027+0900: 59.095: [GC concurrent-mark-end, 1.2895764 secs]
2014-04-09T11:00:46.029+0900: 59.097: [GC remark 59.146: [GC ref-proc, 0.0129665 secs], 0.0833604 secs]
 [Times: user=0.83 sys=0.00, real=0.08 secs] 
2014-04-09T11:00:46.116+0900: 59.184: [GC cleanup 8474M->8474M(24G), 0.0181911 secs]
 [Times: user=0.22 sys=0.00, real=0.02 secs] 
2014-04-09T11:00:46.966+0900: 60.034: [GC pause (G1 Evacuation Pause) (young), 0.1264648 secs]
   [Parallel Time: 112.2 ms, GC Workers: 13]
      [GC Worker Start (ms): Min: 60034.1, Avg: 60034.2, Max: 60034.3, Diff: 0.2]
      [Ext Root Scanning (ms): Min: 1.0, Avg: 1.4, Max: 2.0, Diff: 1.0, Sum: 18.6]
      [Update RS (ms): Min: 8.7, Avg: 8.9, Max: 9.7, Diff: 1.0, Sum: 115.9]
         [Processed Buffers: Min: 8, Avg: 18.8, Max: 32, Diff: 24, Sum: 244]
      [Scan RS (ms): Min: 9.9, Avg: 11.3, Max: 11.6, Diff: 1.7, Sum: 146.6]
      [Code Root Scanning (ms): Min: 0.0, Avg: 0.0, Max: 0.0, Diff: 0.0, Sum: 0.0]
      [Object Copy (ms): Min: 89.8, Avg: 90.0, Max: 90.4, Diff: 0.6, Sum: 1169.7]
      [Termination (ms): Min: 0.0, Avg: 0.4, Max: 0.4, Diff: 0.4, Sum: 4.6]
      [GC Worker Other (ms): Min: 0.0, Avg: 0.0, Max: 0.0, Diff: 0.0, Sum: 0.3]
      [GC Worker Total (ms): Min: 111.9, Avg: 112.0, Max: 112.1, Diff: 0.2, Sum: 1455.7]
      [GC Worker End (ms): Min: 60146.1, Avg: 60146.2, Max: 60146.2, Diff: 0.0]
   [Code Root Fixup: 0.4 ms]
   [Code Root Migration: 0.0 ms]
   [Clear CT: 2.4 ms]
   [Other: 11.4 ms]
      [Choose CSet: 0.0 ms]
      [Ref Proc: 6.9 ms]
      [Ref Enq: 0.7 ms]
      [Free CSet: 0.7 ms]
   [Eden: 1056.0M(1056.0M)->0.0B(1056.0M) Survivors: 160.0M->160.0M Heap: 9464.0M(24.0G)->8648.0M(24.0G)]
 [Times: user=1.41 sys=0.07, real=0.13 secs] 
2014-04-09T11:00:47.964+0900: 61.032: [GC pause (G1 Evacuation Pause) (mixed), 0.1696587 secs]
   [Parallel Time: 151.9 ms, GC Workers: 13]
      [GC Worker Start (ms): Min: 61032.5, Avg: 61032.6, Max: 61032.7, Diff: 0.1]
      [Ext Root Scanning (ms): Min: 1.0, Avg: 1.4, Max: 2.4, Diff: 1.4, Sum: 18.8]
      [Update RS (ms): Min: 11.4, Avg: 22.4, Max: 35.9, Diff: 24.5, Sum: 291.4]
         [Processed Buffers: Min: 0, Avg: 18.2, Max: 34, Diff: 34, Sum: 236]
      [Scan RS (ms): Min: 9.7, Avg: 22.9, Max: 33.4, Diff: 23.7, Sum: 298.3]
      [Code Root Scanning (ms): Min: 0.0, Avg: 0.0, Max: 0.0, Diff: 0.0, Sum: 0.1]
      [Object Copy (ms): Min: 104.3, Avg: 104.6, Max: 105.2, Diff: 1.0, Sum: 1359.7]
      [Termination (ms): Min: 0.0, Avg: 0.3, Max: 0.3, Diff: 0.3, Sum: 3.7]
      [GC Worker Other (ms): Min: 0.0, Avg: 0.0, Max: 0.0, Diff: 0.0, Sum: 0.3]
      [GC Worker Total (ms): Min: 151.6, Avg: 151.7, Max: 151.8, Diff: 0.1, Sum: 1972.3]
      [GC Worker End (ms): Min: 61184.3, Avg: 61184.3, Max: 61184.3, Diff: 0.0]
   [Code Root Fixup: 0.4 ms]
   [Code Root Migration: 0.1 ms]
   [Clear CT: 2.6 ms]
   [Other: 14.7 ms]
      [Choose CSet: 0.2 ms]
      [Ref Proc: 7.8 ms]
      [Ref Enq: 1.0 ms]
      [Free CSet: 1.4 ms]
   [Eden: 1056.0M(1056.0M)->0.0B(1056.0M) Survivors: 160.0M->160.0M Heap: 9704.0M(24.0G)->8304.0M(24.0G)]
 [Times: user=1.93 sys=0.08, real=0.17 secs] 
2014-04-09T11:00:49.025+0900: 62.093: [GC pause (G1 Evacuation Pause) (mixed), 0.1251780 secs]
   [Parallel Time: 110.0 ms, GC Workers: 13]
      [GC Worker Start (ms): Min: 62093.5, Avg: 62093.5, Max: 62093.6, Diff: 0.1]
      [Ext Root Scanning (ms): Min: 1.4, Avg: 1.5, Max: 2.0, Diff: 0.6, Sum: 19.4]
      [Update RS (ms): Min: 9.2, Avg: 13.1, Max: 41.1, Diff: 31.9, Sum: 170.1]
         [Processed Buffers: Min: 8, Avg: 18.2, Max: 28, Diff: 20, Sum: 236]
      [Scan RS (ms): Min: 0.0, Avg: 11.7, Max: 14.9, Diff: 14.9, Sum: 152.1]
      [Code Root Scanning (ms): Min: 0.0, Avg: 0.0, Max: 0.0, Diff: 0.0, Sum: 0.1]
      [Object Copy (ms): Min: 67.2, Avg: 83.6, Max: 85.4, Diff: 18.1, Sum: 1086.3]
      [Termination (ms): Min: 0.0, Avg: 0.0, Max: 0.0, Diff: 0.0, Sum: 0.1]
      [GC Worker Other (ms): Min: 0.0, Avg: 0.0, Max: 0.1, Diff: 0.0, Sum: 0.4]
      [GC Worker Total (ms): Min: 109.8, Avg: 109.9, Max: 109.9, Diff: 0.1, Sum: 1428.5]
      [GC Worker End (ms): Min: 62203.4, Avg: 62203.4, Max: 62203.5, Diff: 0.0]
   [Code Root Fixup: 0.4 ms]
   [Code Root Migration: 0.0 ms]
   [Clear CT: 2.4 ms]
   [Other: 12.4 ms]
      [Choose CSet: 0.0 ms]
      [Ref Proc: 7.3 ms]
      [Ref Enq: 0.9 ms]
      [Free CSet: 0.8 ms]
   [Eden: 1056.0M(1056.0M)->0.0B(1056.0M) Survivors: 160.0M->160.0M Heap: 9360.0M(24.0G)->8504.0M(24.0G)]
 [Times: user=1.44 sys=0.02, real=0.13 secs] 
2014-04-09T11:00:50.030+0900: 63.098: [GC pause (G1 Evacuation Pause) (young), 0.1157226 secs]
   [Parallel Time: 101.7 ms, GC Workers: 13]
      [GC Worker Start (ms): Min: 63097.9, Avg: 63098.0, Max: 63098.1, Diff: 0.1]
      [Ext Root Scanning (ms): Min: 1.2, Avg: 1.3, Max: 1.5, Diff: 0.3, Sum: 17.1]
      [Update RS (ms): Min: 8.1, Avg: 8.5, Max: 9.4, Diff: 1.3, Sum: 110.3]
         [Processed Buffers: Min: 8, Avg: 17.1, Max: 36, Diff: 28, Sum: 222]
      [Scan RS (ms): Min: 10.1, Avg: 11.2, Max: 11.7, Diff: 1.6, Sum: 145.9]
      [Code Root Scanning (ms): Min: 0.0, Avg: 0.0, Max: 0.0, Diff: 0.0, Sum: 0.0]
      [Object Copy (ms): Min: 80.1, Avg: 80.4, Max: 80.5, Diff: 0.4, Sum: 1044.6]
      [Termination (ms): Min: 0.0, Avg: 0.0, Max: 0.0, Diff: 0.0, Sum: 0.0]
      [GC Worker Other (ms): Min: 0.0, Avg: 0.0, Max: 0.1, Diff: 0.1, Sum: 0.5]
      [GC Worker Total (ms): Min: 101.3, Avg: 101.4, Max: 101.5, Diff: 0.1, Sum: 1318.4]
      [GC Worker End (ms): Min: 63199.4, Avg: 63199.4, Max: 63199.4, Diff: 0.1]
   [Code Root Fixup: 0.4 ms]
   [Code Root Migration: 0.0 ms]
   [Clear CT: 2.3 ms]
   [Other: 11.3 ms]
      [Choose CSet: 0.0 ms]
      [Ref Proc: 6.7 ms]
      [Ref Enq: 0.7 ms]
      [Free CSet: 0.7 ms]
   [Eden: 1056.0M(1056.0M)->0.0B(1056.0M) Survivors: 160.0M->160.0M Heap: 9560.0M(24.0G)->8752.0M(24.0G)]
 [Times: user=1.34 sys=0.02, real=0.11 secs] 
2014-04-09T11:00:51.019+0900: 64.087: [GC pause (G1 Evacuation Pause) (young) (initial-mark), 0.1227370 secs]
   [Parallel Time: 107.3 ms, GC Workers: 13]
      [GC Worker Start (ms): Min: 64087.6, Avg: 64087.6, Max: 64087.7, Diff: 0.1]
      [Ext Root Scanning (ms): Min: 1.1, Avg: 1.3, Max: 2.6, Diff: 1.5, Sum: 17.3]
      [Code Root Marking (ms): Min: 0.0, Avg: 0.5, Max: 4.3, Diff: 4.3, Sum: 6.9]
      [Update RS (ms): Min: 4.7, Avg: 8.2, Max: 9.3, Diff: 4.6, Sum: 106.7]
         [Processed Buffers: Min: 11, Avg: 17.8, Max: 36, Diff: 25, Sum: 232]
      [Scan RS (ms): Min: 11.2, Avg: 11.8, Max: 12.1, Diff: 0.9, Sum: 153.1]
      [Code Root Scanning (ms): Min: 0.0, Avg: 0.0, Max: 0.0, Diff: 0.0, Sum: 0.0]
      [Object Copy (ms): Min: 85.0, Avg: 85.1, Max: 85.4, Diff: 0.4, Sum: 1106.9]
      [Termination (ms): Min: 0.0, Avg: 0.0, Max: 0.0, Diff: 0.0, Sum: 0.1]
      [GC Worker Other (ms): Min: 0.0, Avg: 0.0, Max: 0.1, Diff: 0.1, Sum: 0.6]
      [GC Worker Total (ms): Min: 107.0, Avg: 107.1, Max: 107.2, Diff: 0.2, Sum: 1391.7]
      [GC Worker End (ms): Min: 64194.7, Avg: 64194.7, Max: 64194.7, Diff: 0.1]
   [Code Root Fixup: 0.4 ms]
   [Code Root Migration: 0.0 ms]
   [Clear CT: 2.5 ms]
   [Other: 12.5 ms]
      [Choose CSet: 0.0 ms]
      [Ref Proc: 7.3 ms]
      [Ref Enq: 0.8 ms]
      [Free CSet: 0.7 ms]
   [Eden: 1056.0M(1056.0M)->0.0B(1056.0M) Survivors: 160.0M->160.0M Heap: 9808.0M(24.0G)->8984.0M(24.0G)]
 [Times: user=1.41 sys=0.02, real=0.12 secs] 
2014-04-09T11:00:51.143+0900: 64.210: [GC concurrent-root-region-scan-start]
2014-04-09T11:00:51.187+0900: 64.255: [GC concurrent-root-region-scan-end, 0.0449163 secs]
2014-04-09T11:00:51.187+0900: 64.255: [GC concurrent-mark-start]
2014-04-09T11:00:52.321+0900: 65.389: [GC pause (G1 Evacuation Pause) (young), 0.1199923 secs]
   [Parallel Time: 105.6 ms, GC Workers: 13]
      [GC Worker Start (ms): Min: 65389.2, Avg: 65389.2, Max: 65389.3, Diff: 0.1]
      [Ext Root Scanning (ms): Min: 0.9, Avg: 1.4, Max: 2.0, Diff: 1.1, Sum: 17.6]
      [SATB Filtering (ms): Min: 0.0, Avg: 0.2, Max: 2.4, Diff: 2.4, Sum: 2.4]
      [Update RS (ms): Min: 7.3, Avg: 9.3, Max: 10.0, Diff: 2.7, Sum: 121.5]
         [Processed Buffers: Min: 10, Avg: 17.6, Max: 35, Diff: 25, Sum: 229]
      [Scan RS (ms): Min: 10.6, Avg: 11.2, Max: 11.5, Diff: 0.9, Sum: 145.4]
      [Code Root Scanning (ms): Min: 0.0, Avg: 0.0, Max: 0.0, Diff: 0.0, Sum: 0.0]
      [Object Copy (ms): Min: 83.0, Avg: 83.2, Max: 83.7, Diff: 0.8, Sum: 1081.3]
      [Termination (ms): Min: 0.0, Avg: 0.0, Max: 0.0, Diff: 0.0, Sum: 0.1]
      [GC Worker Other (ms): Min: 0.0, Avg: 0.0, Max: 0.1, Diff: 0.1, Sum: 0.5]
      [GC Worker Total (ms): Min: 105.2, Avg: 105.3, Max: 105.4, Diff: 0.2, Sum: 1368.7]
      [GC Worker End (ms): Min: 65494.5, Avg: 65494.5, Max: 65494.6, Diff: 0.1]
   [Code Root Fixup: 0.4 ms]
   [Code Root Migration: 0.0 ms]
   [Clear CT: 2.4 ms]
   [Other: 11.5 ms]
      [Choose CSet: 0.0 ms]
      [Ref Proc: 6.9 ms]
      [Ref Enq: 0.8 ms]
      [Free CSet: 0.7 ms]
   [Eden: 1056.0M(1056.0M)->0.0B(1056.0M) Survivors: 160.0M->160.0M Heap: 10040.0M(24.0G)->9240.0M(24.0G)]
 [Times: user=1.34 sys=0.05, real=0.12 secs] 
2014-04-09T11:00:52.623+0900: 65.691: [GC concurrent-mark-end, 1.4351520 secs]
2014-04-09T11:00:52.624+0900: 65.692: [GC remark 65.739: [GC ref-proc, 0.0127598 secs], 0.0835959 secs]
 [Times: user=0.84 sys=0.00, real=0.09 secs] 
2014-04-09T11:00:52.709+0900: 65.777: [GC cleanup 9423M->9423M(24G), 0.0196653 secs]
 [Times: user=0.23 sys=0.01, real=0.02 secs] 
2014-04-09T11:00:53.476+0900: 66.544: [GC pause (G1 Evacuation Pause) (young), 0.1199334 secs]
   [Parallel Time: 105.2 ms, GC Workers: 13]
      [GC Worker Start (ms): Min: 66544.7, Avg: 66544.7, Max: 66544.8, Diff: 0.1]
      [Ext Root Scanning (ms): Min: 1.0, Avg: 1.4, Max: 1.7, Diff: 0.7, Sum: 17.7]
      [Update RS (ms): Min: 9.9, Avg: 10.2, Max: 10.9, Diff: 1.0, Sum: 132.9]
         [Processed Buffers: Min: 9, Avg: 19.6, Max: 35, Diff: 26, Sum: 255]
      [Scan RS (ms): Min: 9.9, Avg: 10.5, Max: 10.8, Diff: 1.0, Sum: 136.5]
      [Code Root Scanning (ms): Min: 0.0, Avg: 0.0, Max: 0.0, Diff: 0.0, Sum: 0.0]
      [Object Copy (ms): Min: 82.6, Avg: 82.8, Max: 83.2, Diff: 0.6, Sum: 1076.1]
      [Termination (ms): Min: 0.0, Avg: 0.0, Max: 0.1, Diff: 0.1, Sum: 0.5]
      [GC Worker Other (ms): Min: 0.0, Avg: 0.0, Max: 0.1, Diff: 0.1, Sum: 0.5]
      [GC Worker Total (ms): Min: 104.9, Avg: 105.0, Max: 105.0, Diff: 0.2, Sum: 1364.4]
      [GC Worker End (ms): Min: 66649.7, Avg: 66649.7, Max: 66649.7, Diff: 0.1]
   [Code Root Fixup: 0.3 ms]
   [Code Root Migration: 0.0 ms]
   [Clear CT: 2.6 ms]
   [Other: 11.8 ms]
      [Choose CSet: 0.0 ms]
      [Ref Proc: 6.9 ms]
      [Ref Enq: 0.7 ms]
      [Free CSet: 0.7 ms]
   [Eden: 1056.0M(1056.0M)->0.0B(1056.0M) Survivors: 160.0M->160.0M Heap: 10.1G(24.0G)->9472.0M(24.0G)]
 [Times: user=1.35 sys=0.06, real=0.12 secs] 
2014-04-09T11:00:54.486+0900: 67.554: [GC pause (G1 Evacuation Pause) (mixed), 0.1645095 secs]
   [Parallel Time: 145.9 ms, GC Workers: 13]
      [GC Worker Start (ms): Min: 67554.9, Avg: 67555.0, Max: 67555.1, Diff: 0.1]
      [Ext Root Scanning (ms): Min: 1.0, Avg: 1.5, Max: 2.2, Diff: 1.2, Sum: 19.0]
      [Update RS (ms): Min: 10.4, Avg: 16.4, Max: 36.1, Diff: 25.7, Sum: 213.3]
         [Processed Buffers: Min: 1, Avg: 17.8, Max: 42, Diff: 41, Sum: 232]
      [Scan RS (ms): Min: 4.2, Avg: 23.6, Max: 29.5, Diff: 25.3, Sum: 306.7]
      [Code Root Scanning (ms): Min: 0.0, Avg: 0.0, Max: 0.0, Diff: 0.0, Sum: 0.0]
      [Object Copy (ms): Min: 103.9, Avg: 104.1, Max: 104.4, Diff: 0.6, Sum: 1353.0]
      [Termination (ms): Min: 0.0, Avg: 0.0, Max: 0.0, Diff: 0.0, Sum: 0.1]
      [GC Worker Other (ms): Min: 0.0, Avg: 0.0, Max: 0.1, Diff: 0.1, Sum: 0.5]
      [GC Worker Total (ms): Min: 145.5, Avg: 145.6, Max: 145.7, Diff: 0.2, Sum: 1892.7]
      [GC Worker End (ms): Min: 67700.6, Avg: 67700.6, Max: 67700.6, Diff: 0.1]
   [Code Root Fixup: 0.5 ms]
   [Code Root Migration: 0.0 ms]
   [Clear CT: 2.7 ms]
   [Other: 15.5 ms]
      [Choose CSet: 0.2 ms]
      [Ref Proc: 8.5 ms]
      [Ref Enq: 1.1 ms]
      [Free CSet: 1.3 ms]
   [Eden: 1056.0M(1056.0M)->0.0B(1056.0M) Survivors: 160.0M->160.0M Heap: 10.3G(24.0G)->9096.0M(24.0G)]
 [Times: user=1.86 sys=0.08, real=0.17 secs] 
2014-04-09T11:00:55.569+0900: 68.637: [GC pause (G1 Evacuation Pause) (mixed), 0.1334532 secs]
   [Parallel Time: 117.0 ms, GC Workers: 13]
      [GC Worker Start (ms): Min: 68637.2, Avg: 68637.3, Max: 68637.4, Diff: 0.2]
      [Ext Root Scanning (ms): Min: 1.0, Avg: 1.4, Max: 2.3, Diff: 1.2, Sum: 18.6]
      [Update RS (ms): Min: 7.8, Avg: 8.5, Max: 8.9, Diff: 1.1, Sum: 110.1]
         [Processed Buffers: Min: 10, Avg: 18.3, Max: 35, Diff: 25, Sum: 238]
      [Scan RS (ms): Min: 15.8, Avg: 16.2, Max: 16.5, Diff: 0.8, Sum: 210.4]
      [Code Root Scanning (ms): Min: 0.0, Avg: 0.0, Max: 0.0, Diff: 0.0, Sum: 0.0]
      [Object Copy (ms): Min: 90.4, Avg: 90.6, Max: 91.1, Diff: 0.7, Sum: 1178.1]
      [Termination (ms): Min: 0.0, Avg: 0.0, Max: 0.0, Diff: 0.0, Sum: 0.0]
      [GC Worker Other (ms): Min: 0.0, Avg: 0.0, Max: 0.1, Diff: 0.1, Sum: 0.6]
      [GC Worker Total (ms): Min: 116.7, Avg: 116.8, Max: 116.9, Diff: 0.2, Sum: 1517.9]
      [GC Worker End (ms): Min: 68754.0, Avg: 68754.0, Max: 68754.1, Diff: 0.1]
   [Code Root Fixup: 0.4 ms]
   [Code Root Migration: 0.0 ms]
   [Clear CT: 2.4 ms]
   [Other: 13.6 ms]
      [Choose CSet: 0.1 ms]
      [Ref Proc: 7.8 ms]
      [Ref Enq: 1.0 ms]
      [Free CSet: 0.9 ms]
   [Eden: 1056.0M(1056.0M)->0.0B(1056.0M) Survivors: 160.0M->160.0M Heap: 10152.0M(24.0G)->9176.0M(24.0G)]
 [Times: user=1.52 sys=0.03, real=0.13 secs] 
2014-04-09T11:00:56.620+0900: 69.688: [GC pause (G1 Evacuation Pause) (young), 0.1209592 secs]
   [Parallel Time: 106.5 ms, GC Workers: 13]
      [GC Worker Start (ms): Min: 69688.4, Avg: 69688.5, Max: 69688.5, Diff: 0.1]
      [Ext Root Scanning (ms): Min: 1.3, Avg: 1.4, Max: 1.6, Diff: 0.3, Sum: 18.3]
      [Update RS (ms): Min: 10.2, Avg: 11.9, Max: 27.9, Diff: 17.8, Sum: 154.6]
         [Processed Buffers: Min: 11, Avg: 20.5, Max: 43, Diff: 32, Sum: 266]
      [Scan RS (ms): Min: 0.0, Avg: 11.3, Max: 12.6, Diff: 12.6, Sum: 146.5]
      [Code Root Scanning (ms): Min: 0.0, Avg: 0.0, Max: 0.0, Diff: 0.0, Sum: 0.0]
      [Object Copy (ms): Min: 76.6, Avg: 81.4, Max: 82.3, Diff: 5.7, Sum: 1057.8]
      [Termination (ms): Min: 0.0, Avg: 0.4, Max: 0.4, Diff: 0.4, Sum: 5.1]
      [GC Worker Other (ms): Min: 0.0, Avg: 0.0, Max: 0.1, Diff: 0.0, Sum: 0.4]
      [GC Worker Total (ms): Min: 106.3, Avg: 106.4, Max: 106.4, Diff: 0.1, Sum: 1382.7]
      [GC Worker End (ms): Min: 69794.8, Avg: 69794.8, Max: 69794.9, Diff: 0.0]
   [Code Root Fixup: 0.4 ms]
   [Code Root Migration: 0.0 ms]
   [Clear CT: 2.3 ms]
   [Other: 11.7 ms]
      [Choose CSet: 0.0 ms]
      [Ref Proc: 7.0 ms]
      [Ref Enq: 0.7 ms]
      [Free CSet: 0.7 ms]
   [Eden: 1056.0M(1056.0M)->0.0B(1056.0M) Survivors: 160.0M->160.0M Heap: 10232.0M(24.0G)->9440.0M(24.0G)]
 [Times: user=1.40 sys=0.02, real=0.12 secs] 
2014-04-09T11:00:57.630+0900: 70.698: [GC pause (G1 Evacuation Pause) (young) (initial-mark), 0.1160186 secs]
   [Parallel Time: 101.6 ms, GC Workers: 13]
      [GC Worker Start (ms): Min: 70698.4, Avg: 70698.4, Max: 70698.5, Diff: 0.1]
      [Ext Root Scanning (ms): Min: 1.2, Avg: 1.4, Max: 3.1, Diff: 1.9, Sum: 18.6]
      [Code Root Marking (ms): Min: 0.0, Avg: 0.5, Max: 4.4, Diff: 4.3, Sum: 6.6]
      [Update RS (ms): Min: 6.1, Avg: 9.6, Max: 10.8, Diff: 4.6, Sum: 125.2]
         [Processed Buffers: Min: 7, Avg: 19.3, Max: 32, Diff: 25, Sum: 251]
      [Scan RS (ms): Min: 11.4, Avg: 12.2, Max: 13.2, Diff: 1.8, Sum: 159.2]
      [Code Root Scanning (ms): Min: 0.0, Avg: 0.0, Max: 0.0, Diff: 0.0, Sum: 0.0]
      [Object Copy (ms): Min: 76.8, Avg: 77.5, Max: 77.8, Diff: 1.0, Sum: 1006.9]
      [Termination (ms): Min: 0.0, Avg: 0.0, Max: 0.0, Diff: 0.0, Sum: 0.1]
      [GC Worker Other (ms): Min: 0.0, Avg: 0.0, Max: 0.1, Diff: 0.1, Sum: 0.5]
      [GC Worker Total (ms): Min: 101.2, Avg: 101.3, Max: 101.4, Diff: 0.1, Sum: 1317.1]
      [GC Worker End (ms): Min: 70799.7, Avg: 70799.8, Max: 70799.8, Diff: 0.1]
   [Code Root Fixup: 0.4 ms]
   [Code Root Migration: 0.0 ms]
   [Clear CT: 2.5 ms]
   [Other: 11.5 ms]
      [Choose CSet: 0.0 ms]
      [Ref Proc: 6.5 ms]
      [Ref Enq: 0.7 ms]
      [Free CSet: 0.7 ms]
   [Eden: 1056.0M(1056.0M)->0.0B(1056.0M) Survivors: 160.0M->160.0M Heap: 10.2G(24.0G)->9688.0M(24.0G)]
 [Times: user=1.33 sys=0.01, real=0.11 secs] 
2014-04-09T11:00:57.746+0900: 70.814: [GC concurrent-root-region-scan-start]
2014-04-09T11:00:57.795+0900: 70.863: [GC concurrent-root-region-scan-end, 0.0491626 secs]
2014-04-09T11:00:57.795+0900: 70.863: [GC concurrent-mark-start]
2014-04-09T11:00:58.945+0900: 72.013: [GC pause (G1 Evacuation Pause) (young), 0.1220339 secs]
   [Parallel Time: 107.6 ms, GC Workers: 13]
      [GC Worker Start (ms): Min: 72013.3, Avg: 72013.4, Max: 72013.5, Diff: 0.1]
      [Ext Root Scanning (ms): Min: 1.3, Avg: 1.4, Max: 2.0, Diff: 0.6, Sum: 18.7]
      [SATB Filtering (ms): Min: 0.0, Avg: 0.2, Max: 2.3, Diff: 2.3, Sum: 2.3]
      [Update RS (ms): Min: 7.0, Avg: 8.8, Max: 9.8, Diff: 2.8, Sum: 115.0]
         [Processed Buffers: Min: 8, Avg: 16.5, Max: 33, Diff: 25, Sum: 215]
      [Scan RS (ms): Min: 10.9, Avg: 11.6, Max: 12.0, Diff: 1.1, Sum: 151.1]
      [Code Root Scanning (ms): Min: 0.0, Avg: 0.0, Max: 0.0, Diff: 0.0, Sum: 0.0]
      [Object Copy (ms): Min: 84.8, Avg: 85.2, Max: 85.4, Diff: 0.5, Sum: 1107.8]
      [Termination (ms): Min: 0.0, Avg: 0.0, Max: 0.0, Diff: 0.0, Sum: 0.0]
      [GC Worker Other (ms): Min: 0.0, Avg: 0.0, Max: 0.1, Diff: 0.0, Sum: 0.4]
      [GC Worker Total (ms): Min: 107.3, Avg: 107.3, Max: 107.4, Diff: 0.2, Sum: 1395.5]
      [GC Worker End (ms): Min: 72120.7, Avg: 72120.7, Max: 72120.8, Diff: 0.0]
   [Code Root Fixup: 0.4 ms]
   [Code Root Migration: 0.0 ms]
   [Clear CT: 2.5 ms]
   [Other: 11.6 ms]
      [Choose CSet: 0.0 ms]
      [Ref Proc: 6.9 ms]
      [Ref Enq: 0.7 ms]
      [Free CSet: 0.7 ms]
   [Eden: 1056.0M(1056.0M)->0.0B(1056.0M) Survivors: 160.0M->160.0M Heap: 10.5G(24.0G)->9936.0M(24.0G)]
 [Times: user=1.41 sys=0.03, real=0.12 secs] 
2014-04-09T11:00:59.449+0900: 72.517: [GC concurrent-mark-end, 1.6538363 secs]
2014-04-09T11:00:59.451+0900: 72.519: [GC remark 72.564: [GC ref-proc, 0.0131611 secs], 0.0824366 secs]
 [Times: user=0.83 sys=0.00, real=0.08 secs] 
2014-04-09T11:00:59.535+0900: 72.603: [GC cleanup 10237M->10237M(24G), 0.0205392 secs]
 [Times: user=0.26 sys=0.00, real=0.02 secs] 
2014-04-09T11:01:00.212+0900: 73.280: [GC pause (G1 Evacuation Pause) (young), 0.1224021 secs]
   [Parallel Time: 107.8 ms, GC Workers: 13]
      [GC Worker Start (ms): Min: 73280.0, Avg: 73280.0, Max: 73280.1, Diff: 0.1]
      [Ext Root Scanning (ms): Min: 1.4, Avg: 1.5, Max: 1.8, Diff: 0.4, Sum: 19.2]
      [Update RS (ms): Min: 8.7, Avg: 9.5, Max: 11.0, Diff: 2.4, Sum: 123.6]
         [Processed Buffers: Min: 11, Avg: 19.2, Max: 27, Diff: 16, Sum: 249]
      [Scan RS (ms): Min: 10.7, Avg: 12.2, Max: 12.8, Diff: 2.2, Sum: 159.2]
      [Code Root Scanning (ms): Min: 0.0, Avg: 0.0, Max: 0.0, Diff: 0.0, Sum: 0.0]
      [Object Copy (ms): Min: 84.2, Avg: 84.3, Max: 84.4, Diff: 0.2, Sum: 1095.3]
      [Termination (ms): Min: 0.0, Avg: 0.0, Max: 0.0, Diff: 0.0, Sum: 0.0]
      [GC Worker Other (ms): Min: 0.0, Avg: 0.0, Max: 0.1, Diff: 0.1, Sum: 0.5]
      [GC Worker Total (ms): Min: 107.4, Avg: 107.5, Max: 107.6, Diff: 0.2, Sum: 1397.7]
      [GC Worker End (ms): Min: 73387.5, Avg: 73387.6, Max: 73387.6, Diff: 0.1]
   [Code Root Fixup: 0.4 ms]
   [Code Root Migration: 0.0 ms]
   [Clear CT: 2.6 ms]
   [Other: 11.6 ms]
      [Choose CSet: 0.0 ms]
      [Ref Proc: 6.8 ms]
      [Ref Enq: 0.7 ms]
      [Free CSet: 0.7 ms]
   [Eden: 1056.0M(1056.0M)->0.0B(1056.0M) Survivors: 160.0M->160.0M Heap: 10.7G(24.0G)->10184.0M(24.0G)]
 [Times: user=1.38 sys=0.06, real=0.12 secs] 
2014-04-09T11:01:01.235+0900: 74.303: [GC pause (G1 Evacuation Pause) (mixed), 0.1571376 secs]
   [Parallel Time: 138.4 ms, GC Workers: 13]
      [GC Worker Start (ms): Min: 74303.8, Avg: 74303.9, Max: 74303.9, Diff: 0.1]
      [Ext Root Scanning (ms): Min: 0.9, Avg: 1.4, Max: 2.2, Diff: 1.3, Sum: 18.5]
      [Update RS (ms): Min: 8.4, Avg: 9.5, Max: 10.1, Diff: 1.7, Sum: 124.0]
         [Processed Buffers: Min: 5, Avg: 18.1, Max: 40, Diff: 35, Sum: 235]
      [Scan RS (ms): Min: 24.9, Avg: 25.3, Max: 25.8, Diff: 0.9, Sum: 329.5]
      [Code Root Scanning (ms): Min: 0.0, Avg: 0.0, Max: 0.0, Diff: 0.0, Sum: 0.1]
      [Object Copy (ms): Min: 101.6, Avg: 101.8, Max: 102.2, Diff: 0.6, Sum: 1323.3]
      [Termination (ms): Min: 0.0, Avg: 0.0, Max: 0.0, Diff: 0.0, Sum: 0.0]
      [GC Worker Other (ms): Min: 0.0, Avg: 0.0, Max: 0.1, Diff: 0.1, Sum: 0.6]
      [GC Worker Total (ms): Min: 138.1, Avg: 138.2, Max: 138.2, Diff: 0.1, Sum: 1796.0]
      [GC Worker End (ms): Min: 74442.0, Avg: 74442.0, Max: 74442.1, Diff: 0.1]
   [Code Root Fixup: 0.2 ms]
   [Code Root Migration: 0.0 ms]
   [Clear CT: 2.8 ms]
   [Other: 15.6 ms]
      [Choose CSet: 0.2 ms]
      [Ref Proc: 8.0 ms]
      [Ref Enq: 1.1 ms]
      [Free CSet: 1.4 ms]
   [Eden: 1056.0M(1056.0M)->0.0B(1056.0M) Survivors: 160.0M->160.0M Heap: 11.0G(24.0G)->9800.0M(24.0G)]
 [Times: user=1.76 sys=0.08, real=0.16 secs] 
2014-04-09T11:01:02.328+0900: 75.396: [GC pause (G1 Evacuation Pause) (mixed), 0.1372767 secs]
   [Parallel Time: 120.2 ms, GC Workers: 13]
      [GC Worker Start (ms): Min: 75396.5, Avg: 75396.6, Max: 75396.7, Diff: 0.1]
      [Ext Root Scanning (ms): Min: 0.9, Avg: 1.4, Max: 1.8, Diff: 0.9, Sum: 18.3]
      [Update RS (ms): Min: 11.2, Avg: 11.5, Max: 12.3, Diff: 1.2, Sum: 149.8]
         [Processed Buffers: Min: 11, Avg: 18.2, Max: 34, Diff: 23, Sum: 237]
      [Scan RS (ms): Min: 17.3, Avg: 18.1, Max: 18.6, Diff: 1.3, Sum: 235.0]
      [Code Root Scanning (ms): Min: 0.0, Avg: 0.0, Max: 0.0, Diff: 0.0, Sum: 0.1]
      [Object Copy (ms): Min: 88.6, Avg: 88.8, Max: 89.4, Diff: 0.8, Sum: 1155.0]
      [Termination (ms): Min: 0.0, Avg: 0.0, Max: 0.0, Diff: 0.0, Sum: 0.4]
      [GC Worker Other (ms): Min: 0.0, Avg: 0.0, Max: 0.1, Diff: 0.0, Sum: 0.4]
      [GC Worker Total (ms): Min: 119.8, Avg: 119.9, Max: 120.0, Diff: 0.1, Sum: 1558.9]
      [GC Worker End (ms): Min: 75516.5, Avg: 75516.5, Max: 75516.5, Diff: 0.0]
   [Code Root Fixup: 0.4 ms]
   [Code Root Migration: 0.0 ms]
   [Clear CT: 2.8 ms]
   [Other: 13.8 ms]
      [Choose CSet: 0.1 ms]
      [Ref Proc: 7.6 ms]
      [Ref Enq: 0.9 ms]
      [Free CSet: 0.9 ms]
   [Eden: 1056.0M(1056.0M)->0.0B(1056.0M) Survivors: 160.0M->160.0M Heap: 10.6G(24.0G)->9872.0M(24.0G)]
 [Times: user=1.57 sys=0.03, real=0.14 secs] 
2014-04-09T11:01:03.378+0900: 76.445: [GC pause (G1 Evacuation Pause) (young), 0.1218348 secs]
   [Parallel Time: 107.0 ms, GC Workers: 13]
      [GC Worker Start (ms): Min: 76445.9, Avg: 76445.9, Max: 76446.0, Diff: 0.1]
      [Ext Root Scanning (ms): Min: 1.3, Avg: 1.4, Max: 1.9, Diff: 0.6, Sum: 18.4]
      [Update RS (ms): Min: 7.6, Avg: 8.5, Max: 9.1, Diff: 1.5, Sum: 111.1]
         [Processed Buffers: Min: 10, Avg: 18.3, Max: 29, Diff: 19, Sum: 238]
      [Scan RS (ms): Min: 12.5, Avg: 13.1, Max: 13.7, Diff: 1.3, Sum: 169.7]
      [Code Root Scanning (ms): Min: 0.0, Avg: 0.0, Max: 0.0, Diff: 0.0, Sum: 0.0]
      [Object Copy (ms): Min: 83.4, Avg: 83.7, Max: 83.9, Diff: 0.5, Sum: 1088.2]
      [Termination (ms): Min: 0.0, Avg: 0.0, Max: 0.0, Diff: 0.0, Sum: 0.4]
      [GC Worker Other (ms): Min: 0.0, Avg: 0.0, Max: 0.1, Diff: 0.1, Sum: 0.6]
      [GC Worker Total (ms): Min: 106.7, Avg: 106.8, Max: 106.9, Diff: 0.2, Sum: 1388.5]
      [GC Worker End (ms): Min: 76552.7, Avg: 76552.7, Max: 76552.8, Diff: 0.1]
   [Code Root Fixup: 0.5 ms]
   [Code Root Migration: 0.0 ms]
   [Clear CT: 2.5 ms]
   [Other: 11.8 ms]
      [Choose CSet: 0.0 ms]
      [Ref Proc: 6.8 ms]
      [Ref Enq: 0.8 ms]
      [Free CSet: 0.7 ms]
   [Eden: 1056.0M(1056.0M)->0.0B(1056.0M) Survivors: 160.0M->160.0M Heap: 10.7G(24.0G)->10120.0M(24.0G)]
 [Times: user=1.41 sys=0.01, real=0.13 secs] 
2014-04-09T11:01:04.376+0900: 77.444: [GC pause (G1 Evacuation Pause) (young) (initial-mark), 0.1217769 secs]
   [Parallel Time: 106.6 ms, GC Workers: 13]
      [GC Worker Start (ms): Min: 77444.7, Avg: 77444.8, Max: 77444.8, Diff: 0.1]
      [Ext Root Scanning (ms): Min: 1.1, Avg: 1.4, Max: 3.1, Diff: 2.1, Sum: 17.6]
      [Code Root Marking (ms): Min: 0.0, Avg: 0.7, Max: 6.3, Diff: 6.3, Sum: 8.6]
      [Update RS (ms): Min: 5.2, Avg: 10.7, Max: 12.4, Diff: 7.2, Sum: 139.6]
         [Processed Buffers: Min: 8, Avg: 19.3, Max: 27, Diff: 19, Sum: 251]
      [Scan RS (ms): Min: 11.6, Avg: 12.5, Max: 13.1, Diff: 1.5, Sum: 162.4]
      [Code Root Scanning (ms): Min: 0.0, Avg: 0.0, Max: 0.0, Diff: 0.0, Sum: 0.0]
      [Object Copy (ms): Min: 80.7, Avg: 81.0, Max: 81.2, Diff: 0.5, Sum: 1052.7]
      [Termination (ms): Min: 0.0, Avg: 0.1, Max: 0.1, Diff: 0.1, Sum: 1.3]
      [GC Worker Other (ms): Min: 0.0, Avg: 0.0, Max: 0.1, Diff: 0.1, Sum: 0.5]
      [GC Worker Total (ms): Min: 106.3, Avg: 106.3, Max: 106.5, Diff: 0.2, Sum: 1382.5]
      [GC Worker End (ms): Min: 77551.1, Avg: 77551.1, Max: 77551.2, Diff: 0.0]
   [Code Root Fixup: 0.4 ms]
   [Code Root Migration: 0.0 ms]
   [Clear CT: 2.6 ms]
   [Other: 12.1 ms]
      [Choose CSet: 0.0 ms]
      [Ref Proc: 6.8 ms]
      [Ref Enq: 0.7 ms]
      [Free CSet: 0.7 ms]
   [Eden: 1056.0M(1056.0M)->0.0B(1056.0M) Survivors: 160.0M->160.0M Heap: 10.9G(24.0G)->10.1G(24.0G)]
 [Times: user=1.41 sys=0.01, real=0.12 secs] 
2014-04-09T11:01:04.498+0900: 77.566: [GC concurrent-root-region-scan-start]
2014-04-09T11:01:04.541+0900: 77.609: [GC concurrent-root-region-scan-end, 0.0428774 secs]
2014-04-09T11:01:04.541+0900: 77.609: [GC concurrent-mark-start]
2014-04-09T11:01:05.710+0900: 78.778: [GC pause (G1 Evacuation Pause) (young), 0.1204712 secs]
   [Parallel Time: 105.3 ms, GC Workers: 13]
      [GC Worker Start (ms): Min: 78778.5, Avg: 78778.6, Max: 78778.6, Diff: 0.1]
      [Ext Root Scanning (ms): Min: 1.3, Avg: 1.3, Max: 1.6, Diff: 0.3, Sum: 17.4]
      [SATB Filtering (ms): Min: 0.0, Avg: 0.2, Max: 2.3, Diff: 2.3, Sum: 2.3]
      [Update RS (ms): Min: 7.8, Avg: 9.5, Max: 10.3, Diff: 2.5, Sum: 123.7]
         [Processed Buffers: Min: 9, Avg: 17.8, Max: 37, Diff: 28, Sum: 232]
      [Scan RS (ms): Min: 11.5, Avg: 12.2, Max: 12.7, Diff: 1.2, Sum: 158.7]
      [Code Root Scanning (ms): Min: 0.0, Avg: 0.0, Max: 0.0, Diff: 0.0, Sum: 0.0]
      [Object Copy (ms): Min: 81.4, Avg: 81.6, Max: 81.8, Diff: 0.3, Sum: 1061.4]
      [Termination (ms): Min: 0.0, Avg: 0.1, Max: 0.1, Diff: 0.1, Sum: 1.4]
      [GC Worker Other (ms): Min: 0.0, Avg: 0.0, Max: 0.1, Diff: 0.1, Sum: 0.5]
      [GC Worker Total (ms): Min: 105.0, Avg: 105.0, Max: 105.1, Diff: 0.1, Sum: 1365.3]
      [GC Worker End (ms): Min: 78883.6, Avg: 78883.6, Max: 78883.6, Diff: 0.1]
   [Code Root Fixup: 0.3 ms]
   [Code Root Migration: 0.0 ms]
   [Clear CT: 2.7 ms]
   [Other: 12.2 ms]
      [Choose CSet: 0.0 ms]
      [Ref Proc: 7.2 ms]
      [Ref Enq: 0.7 ms]
      [Free CSet: 0.7 ms]
   [Eden: 1056.0M(1056.0M)->0.0B(1056.0M) Survivors: 160.0M->160.0M Heap: 11.1G(24.0G)->10.3G(24.0G)]
 [Times: user=1.39 sys=0.02, real=0.12 secs] 
2014-04-09T11:01:06.542+0900: 79.610: [GC concurrent-mark-end, 2.0010112 secs]
2014-04-09T11:01:06.544+0900: 79.612: [GC remark 79.649: [GC ref-proc, 0.0128029 secs], 0.0763798 secs]
 [Times: user=0.76 sys=0.00, real=0.08 secs] 
2014-04-09T11:01:06.622+0900: 79.690: [GC cleanup 10G->10G(24G), 0.0222415 secs]
 [Times: user=0.28 sys=0.00, real=0.02 secs] 
2014-04-09T11:01:07.021+0900: 80.089: [GC pause (G1 Evacuation Pause) (young), 0.1249003 secs]
   [Parallel Time: 109.7 ms, GC Workers: 13]
      [GC Worker Start (ms): Min: 80089.2, Avg: 80089.3, Max: 80089.4, Diff: 0.1]
      [Ext Root Scanning (ms): Min: 1.1, Avg: 1.4, Max: 1.7, Diff: 0.6, Sum: 18.7]
      [Update RS (ms): Min: 10.0, Avg: 10.5, Max: 11.3, Diff: 1.3, Sum: 136.7]
         [Processed Buffers: Min: 8, Avg: 18.8, Max: 34, Diff: 26, Sum: 244]
      [Scan RS (ms): Min: 11.7, Avg: 12.4, Max: 12.8, Diff: 1.1, Sum: 160.9]
      [Code Root Scanning (ms): Min: 0.0, Avg: 0.0, Max: 0.0, Diff: 0.0, Sum: 0.0]
      [Object Copy (ms): Min: 84.8, Avg: 85.1, Max: 85.4, Diff: 0.6, Sum: 1105.7]
      [Termination (ms): Min: 0.0, Avg: 0.0, Max: 0.0, Diff: 0.0, Sum: 0.1]
      [GC Worker Other (ms): Min: 0.0, Avg: 0.0, Max: 0.1, Diff: 0.1, Sum: 0.5]
      [GC Worker Total (ms): Min: 109.4, Avg: 109.4, Max: 109.5, Diff: 0.2, Sum: 1422.7]
      [GC Worker End (ms): Min: 80198.7, Avg: 80198.7, Max: 80198.8, Diff: 0.1]
   [Code Root Fixup: 0.4 ms]
   [Code Root Migration: 0.0 ms]
   [Clear CT: 2.8 ms]
   [Other: 12.0 ms]
      [Choose CSet: 0.0 ms]
      [Ref Proc: 6.9 ms]
      [Ref Enq: 0.7 ms]
      [Free CSet: 0.7 ms]
   [Eden: 1056.0M(1056.0M)->0.0B(1056.0M) Survivors: 160.0M->160.0M Heap: 11.4G(24.0G)->10.6G(24.0G)]
 [Times: user=1.41 sys=0.06, real=0.12 secs] 
2014-04-09T11:01:08.019+0900: 81.087: [GC pause (G1 Evacuation Pause) (mixed), 0.1662851 secs]
   [Parallel Time: 147.5 ms, GC Workers: 13]
      [GC Worker Start (ms): Min: 81087.8, Avg: 81087.9, Max: 81087.9, Diff: 0.1]
      [Ext Root Scanning (ms): Min: 0.9, Avg: 1.4, Max: 2.1, Diff: 1.2, Sum: 18.3]
      [Update RS (ms): Min: 9.3, Avg: 9.7, Max: 10.7, Diff: 1.4, Sum: 125.8]
         [Processed Buffers: Min: 8, Avg: 19.0, Max: 38, Diff: 30, Sum: 247]
      [Scan RS (ms): Min: 28.5, Avg: 29.6, Max: 30.1, Diff: 1.5, Sum: 384.2]
      [Code Root Scanning (ms): Min: 0.0, Avg: 0.0, Max: 0.0, Diff: 0.0, Sum: 0.1]
      [Object Copy (ms): Min: 106.3, Avg: 106.6, Max: 107.3, Diff: 1.0, Sum: 1385.2]
      [Termination (ms): Min: 0.0, Avg: 0.0, Max: 0.0, Diff: 0.0, Sum: 0.0]
      [GC Worker Other (ms): Min: 0.0, Avg: 0.0, Max: 0.1, Diff: 0.1, Sum: 0.5]
      [GC Worker Total (ms): Min: 147.2, Avg: 147.2, Max: 147.3, Diff: 0.2, Sum: 1914.2]
      [GC Worker End (ms): Min: 81235.1, Avg: 81235.1, Max: 81235.2, Diff: 0.1]
   [Code Root Fixup: 0.4 ms]
   [Code Root Migration: 0.0 ms]
   [Clear CT: 2.9 ms]
   [Other: 15.5 ms]
      [Choose CSet: 0.3 ms]
      [Ref Proc: 7.6 ms]
      [Ref Enq: 0.9 ms]
      [Free CSet: 1.4 ms]
   [Eden: 1056.0M(1056.0M)->0.0B(1056.0M) Survivors: 160.0M->160.0M Heap: 11.6G(24.0G)->10.2G(24.0G)]
 [Times: user=1.87 sys=0.09, real=0.17 secs] 
2014-04-09T11:01:09.083+0900: 82.151: [GC pause (G1 Evacuation Pause) (mixed), 0.1419568 secs]
   [Parallel Time: 125.1 ms, GC Workers: 13]
      [GC Worker Start (ms): Min: 82151.6, Avg: 82151.7, Max: 82151.8, Diff: 0.1]
      [Ext Root Scanning (ms): Min: 0.9, Avg: 1.4, Max: 2.1, Diff: 1.2, Sum: 18.4]
      [Update RS (ms): Min: 9.6, Avg: 9.9, Max: 10.3, Diff: 0.7, Sum: 128.5]
         [Processed Buffers: Min: 9, Avg: 18.6, Max: 28, Diff: 19, Sum: 242]
      [Scan RS (ms): Min: 18.1, Avg: 18.6, Max: 18.9, Diff: 0.8, Sum: 241.3]
      [Code Root Scanning (ms): Min: 0.0, Avg: 0.0, Max: 0.0, Diff: 0.0, Sum: 0.0]
      [Object Copy (ms): Min: 94.7, Avg: 94.9, Max: 95.4, Diff: 0.7, Sum: 1233.7]
      [Termination (ms): Min: 0.0, Avg: 0.0, Max: 0.0, Diff: 0.0, Sum: 0.1]
      [GC Worker Other (ms): Min: 0.0, Avg: 0.0, Max: 0.1, Diff: 0.1, Sum: 0.6]
      [GC Worker Total (ms): Min: 124.7, Avg: 124.8, Max: 124.9, Diff: 0.2, Sum: 1622.7]
      [GC Worker End (ms): Min: 82276.5, Avg: 82276.5, Max: 82276.6, Diff: 0.1]
   [Code Root Fixup: 0.4 ms]
   [Code Root Migration: 0.0 ms]
   [Clear CT: 2.8 ms]
   [Other: 13.6 ms]
      [Choose CSet: 0.1 ms]
      [Ref Proc: 7.1 ms]
      [Ref Enq: 0.8 ms]
      [Free CSet: 0.9 ms]
   [Eden: 1056.0M(1056.0M)->0.0B(1056.0M) Survivors: 160.0M->160.0M Heap: 11.2G(24.0G)->10.3G(24.0G)]
 [Times: user=1.63 sys=0.04, real=0.14 secs] 
2014-04-09T11:01:10.118+0900: 83.186: [GC pause (G1 Evacuation Pause) (young), 0.1530292 secs]
   [Parallel Time: 135.1 ms, GC Workers: 13]
      [GC Worker Start (ms): Min: 83186.2, Avg: 83186.2, Max: 83186.3, Diff: 0.1]
      [Ext Root Scanning (ms): Min: 1.3, Avg: 1.4, Max: 1.7, Diff: 0.4, Sum: 17.8]
      [Update RS (ms): Min: 17.2, Avg: 26.6, Max: 47.2, Diff: 30.0, Sum: 346.2]
         [Processed Buffers: Min: 0, Avg: 21.5, Max: 51, Diff: 51, Sum: 280]
      [Scan RS (ms): Min: 0.0, Avg: 10.5, Max: 18.3, Diff: 18.2, Sum: 136.6]
      [Code Root Scanning (ms): Min: 0.0, Avg: 0.0, Max: 0.0, Diff: 0.0, Sum: 0.0]
      [Object Copy (ms): Min: 86.1, Avg: 96.1, Max: 98.1, Diff: 12.1, Sum: 1249.7]
      [Termination (ms): Min: 0.0, Avg: 0.2, Max: 0.3, Diff: 0.3, Sum: 2.4]
      [GC Worker Other (ms): Min: 0.0, Avg: 0.0, Max: 0.1, Diff: 0.1, Sum: 0.5]
      [GC Worker Total (ms): Min: 134.8, Avg: 134.9, Max: 134.9, Diff: 0.1, Sum: 1753.2]
      [GC Worker End (ms): Min: 83321.1, Avg: 83321.1, Max: 83321.1, Diff: 0.1]
   [Code Root Fixup: 0.4 ms]
   [Code Root Migration: 0.0 ms]
   [Clear CT: 2.7 ms]
   [Other: 14.7 ms]
      [Choose CSet: 0.0 ms]
      [Ref Proc: 8.5 ms]
      [Ref Enq: 1.7 ms]
      [Free CSet: 0.7 ms]
   [Eden: 1056.0M(1056.0M)->0.0B(1056.0M) Survivors: 160.0M->160.0M Heap: 11.3G(24.0G)->10.5G(24.0G)]
 [Times: user=1.79 sys=0.01, real=0.16 secs] 
2014-04-09T11:01:11.202+0900: 84.270: [GC pause (G1 Evacuation Pause) (young) (initial-mark), 0.1237355 secs]
   [Parallel Time: 108.1 ms, GC Workers: 13]
      [GC Worker Start (ms): Min: 84270.1, Avg: 84270.2, Max: 84270.3, Diff: 0.2]
      [Ext Root Scanning (ms): Min: 1.1, Avg: 1.4, Max: 3.7, Diff: 2.6, Sum: 18.2]
      [Code Root Marking (ms): Min: 0.0, Avg: 0.7, Max: 6.1, Diff: 6.1, Sum: 9.3]
      [Update RS (ms): Min: 5.4, Avg: 10.2, Max: 12.0, Diff: 6.6, Sum: 132.3]
         [Processed Buffers: Min: 8, Avg: 18.6, Max: 31, Diff: 23, Sum: 242]
      [Scan RS (ms): Min: 11.5, Avg: 12.3, Max: 13.0, Diff: 1.5, Sum: 160.0]
      [Code Root Scanning (ms): Min: 0.0, Avg: 0.0, Max: 0.0, Diff: 0.0, Sum: 0.0]
      [Object Copy (ms): Min: 82.9, Avg: 83.3, Max: 83.7, Diff: 0.8, Sum: 1082.3]
      [Termination (ms): Min: 0.0, Avg: 0.0, Max: 0.0, Diff: 0.0, Sum: 0.1]
      [GC Worker Other (ms): Min: 0.0, Avg: 0.0, Max: 0.1, Diff: 0.0, Sum: 0.5]
      [GC Worker Total (ms): Min: 107.8, Avg: 107.9, Max: 108.0, Diff: 0.2, Sum: 1402.7]
      [GC Worker End (ms): Min: 84378.1, Avg: 84378.1, Max: 84378.2, Diff: 0.0]
   [Code Root Fixup: 0.4 ms]
   [Code Root Migration: 0.0 ms]
   [Clear CT: 2.8 ms]
   [Other: 12.4 ms]
      [Choose CSet: 0.0 ms]
      [Ref Proc: 6.9 ms]
      [Ref Enq: 0.7 ms]
      [Free CSet: 0.7 ms]
   [Eden: 1056.0M(1056.0M)->0.0B(1056.0M) Survivors: 160.0M->160.0M Heap: 11.5G(24.0G)->10.7G(24.0G)]
 [Times: user=1.42 sys=0.02, real=0.12 secs] 
2014-04-09T11:01:11.326+0900: 84.394: [GC concurrent-root-region-scan-start]
2014-04-09T11:01:11.379+0900: 84.447: [GC concurrent-root-region-scan-end, 0.0530131 secs]
2014-04-09T11:01:11.379+0900: 84.447: [GC concurrent-mark-start]
2014-04-09T11:01:12.538+0900: 85.606: [GC pause (G1 Evacuation Pause) (young), 0.3034583 secs]
   [Parallel Time: 288.7 ms, GC Workers: 13]
      [GC Worker Start (ms): Min: 85606.2, Avg: 85606.3, Max: 85606.3, Diff: 0.1]
      [Ext Root Scanning (ms): Min: 1.3, Avg: 1.5, Max: 2.1, Diff: 0.7, Sum: 19.0]
      [SATB Filtering (ms): Min: 0.0, Avg: 0.3, Max: 3.5, Diff: 3.5, Sum: 3.5]
      [Update RS (ms): Min: 11.4, Avg: 15.4, Max: 17.6, Diff: 6.3, Sum: 200.6]
         [Processed Buffers: Min: 8, Avg: 22.2, Max: 47, Diff: 39, Sum: 288]
      [Scan RS (ms): Min: 77.1, Avg: 79.0, Max: 80.6, Diff: 3.4, Sum: 1026.4]
      [Code Root Scanning (ms): Min: 0.0, Avg: 0.0, Max: 0.0, Diff: 0.0, Sum: 0.1]
      [Object Copy (ms): Min: 191.2, Avg: 191.9, Max: 192.7, Diff: 1.5, Sum: 2495.0]
      [Termination (ms): Min: 0.0, Avg: 0.3, Max: 0.4, Diff: 0.3, Sum: 4.2]
      [GC Worker Other (ms): Min: 0.0, Avg: 0.0, Max: 0.1, Diff: 0.0, Sum: 0.4]
      [GC Worker Total (ms): Min: 288.3, Avg: 288.4, Max: 288.5, Diff: 0.1, Sum: 3749.1]
      [GC Worker End (ms): Min: 85894.6, Avg: 85894.7, Max: 85894.7, Diff: 0.0]
   [Code Root Fixup: 0.4 ms]
   [Code Root Migration: 0.0 ms]
   [Clear CT: 2.8 ms]
   [Other: 11.5 ms]
      [Choose CSet: 0.0 ms]
      [Ref Proc: 6.7 ms]
      [Ref Enq: 0.7 ms]
      [Free CSet: 0.6 ms]
   [Eden: 1056.0M(1056.0M)->0.0B(1056.0M) Survivors: 160.0M->160.0M Heap: 11.8G(24.0G)->11.0G(24.0G)]
 [Times: user=3.11 sys=0.11, real=0.31 secs] 
2014-04-09T11:01:13.859+0900: 86.927: [GC concurrent-mark-end, 2.4804351 secs]
2014-04-09T11:01:13.861+0900: 86.928: [GC remark 86.965: [GC ref-proc, 0.0125707 secs], 0.0782709 secs]
 [Times: user=0.78 sys=0.00, real=0.07 secs] 
2014-04-09T11:01:13.940+0900: 87.008: [GC cleanup 11G->11G(24G), 0.0240876 secs]
 [Times: user=0.30 sys=0.00, real=0.03 secs] 
2014-04-09T11:01:14.100+0900: 87.168: [GC pause (G1 Evacuation Pause) (young), 0.2093636 secs]
   [Parallel Time: 192.8 ms, GC Workers: 13]
      [GC Worker Start (ms): Min: 87168.0, Avg: 87168.0, Max: 87168.1, Diff: 0.1]
      [Ext Root Scanning (ms): Min: 1.0, Avg: 1.5, Max: 2.1, Diff: 1.1, Sum: 18.9]
      [Update RS (ms): Min: 4.6, Avg: 5.8, Max: 6.3, Diff: 1.7, Sum: 75.9]
         [Processed Buffers: Min: 7, Avg: 18.7, Max: 28, Diff: 21, Sum: 243]
      [Scan RS (ms): Min: 26.8, Avg: 27.1, Max: 27.5, Diff: 0.7, Sum: 352.8]
      [Code Root Scanning (ms): Min: 0.0, Avg: 0.0, Max: 0.0, Diff: 0.0, Sum: 0.0]
      [Object Copy (ms): Min: 156.9, Avg: 157.7, Max: 158.7, Diff: 1.8, Sum: 2049.7]
      [Termination (ms): Min: 0.0, Avg: 0.4, Max: 0.4, Diff: 0.4, Sum: 5.1]
      [GC Worker Other (ms): Min: 0.0, Avg: 0.0, Max: 0.1, Diff: 0.1, Sum: 0.4]
      [GC Worker Total (ms): Min: 192.4, Avg: 192.5, Max: 192.6, Diff: 0.2, Sum: 2502.7]
      [GC Worker End (ms): Min: 87360.5, Avg: 87360.6, Max: 87360.6, Diff: 0.1]
   [Code Root Fixup: 0.4 ms]
   [Code Root Migration: 0.0 ms]
   [Clear CT: 2.7 ms]
   [Other: 13.4 ms]
      [Choose CSet: 0.0 ms]
      [Ref Proc: 8.2 ms]
      [Ref Enq: 1.0 ms]
      [Free CSet: 0.6 ms]
   [Eden: 1056.0M(1056.0M)->0.0B(1056.0M) Survivors: 160.0M->160.0M Heap: 12.0G(24.0G)->11.2G(24.0G)]
 [Times: user=2.48 sys=0.06, real=0.21 secs] 
2014-04-09T11:01:15.341+0900: 88.409: [GC pause (G1 Evacuation Pause) (mixed), 0.1693999 secs]
   [Parallel Time: 150.1 ms, GC Workers: 13]
      [GC Worker Start (ms): Min: 88409.9, Avg: 88410.0, Max: 88410.0, Diff: 0.1]
      [Ext Root Scanning (ms): Min: 0.9, Avg: 1.5, Max: 2.3, Diff: 1.4, Sum: 19.0]
      [Update RS (ms): Min: 7.9, Avg: 8.3, Max: 8.7, Diff: 0.8, Sum: 108.3]
         [Processed Buffers: Min: 8, Avg: 18.5, Max: 39, Diff: 31, Sum: 241]
      [Scan RS (ms): Min: 30.4, Avg: 31.1, Max: 31.5, Diff: 1.1, Sum: 404.3]
      [Code Root Scanning (ms): Min: 0.0, Avg: 0.0, Max: 0.0, Diff: 0.0, Sum: 0.1]
      [Object Copy (ms): Min: 108.6, Avg: 108.9, Max: 109.5, Diff: 0.8, Sum: 1415.7]
      [Termination (ms): Min: 0.0, Avg: 0.0, Max: 0.0, Diff: 0.0, Sum: 0.1]
      [GC Worker Other (ms): Min: 0.0, Avg: 0.0, Max: 0.1, Diff: 0.1, Sum: 0.6]
      [GC Worker Total (ms): Min: 149.8, Avg: 149.9, Max: 150.0, Diff: 0.2, Sum: 1948.1]
      [GC Worker End (ms): Min: 88559.8, Avg: 88559.8, Max: 88559.9, Diff: 0.1]
   [Code Root Fixup: 0.5 ms]
   [Code Root Migration: 0.0 ms]
   [Clear CT: 3.0 ms]
   [Other: 15.7 ms]
      [Choose CSet: 0.3 ms]
      [Ref Proc: 8.1 ms]
      [Ref Enq: 1.2 ms]
      [Free CSet: 1.4 ms]
   [Eden: 1056.0M(1056.0M)->0.0B(1056.0M) Survivors: 160.0M->160.0M Heap: 12.2G(24.0G)->10.8G(24.0G)]
 [Times: user=1.89 sys=0.10, real=0.17 secs] 
2014-04-09T11:01:16.431+0900: 89.499: [GC pause (G1 Evacuation Pause) (mixed), 0.1596121 secs]
   [Parallel Time: 142.0 ms, GC Workers: 13]
      [GC Worker Start (ms): Min: 89499.8, Avg: 89499.8, Max: 89499.9, Diff: 0.1]
      [Ext Root Scanning (ms): Min: 0.8, Avg: 1.4, Max: 1.8, Diff: 1.0, Sum: 18.6]
      [Update RS (ms): Min: 11.1, Avg: 25.9, Max: 58.6, Diff: 47.5, Sum: 336.6]
         [Processed Buffers: Min: 2, Avg: 19.7, Max: 35, Diff: 33, Sum: 256]
      [Scan RS (ms): Min: 0.0, Avg: 18.3, Max: 30.4, Diff: 30.3, Sum: 237.8]
      [Code Root Scanning (ms): Min: 0.0, Avg: 0.0, Max: 0.0, Diff: 0.0, Sum: 0.0]
      [Object Copy (ms): Min: 82.2, Avg: 96.0, Max: 99.3, Diff: 17.1, Sum: 1248.6]
      [Termination (ms): Min: 0.0, Avg: 0.1, Max: 0.1, Diff: 0.1, Sum: 0.9]
      [GC Worker Other (ms): Min: 0.0, Avg: 0.0, Max: 0.1, Diff: 0.1, Sum: 0.6]
      [GC Worker Total (ms): Min: 141.7, Avg: 141.8, Max: 141.9, Diff: 0.2, Sum: 1843.1]
      [GC Worker End (ms): Min: 89641.6, Avg: 89641.6, Max: 89641.7, Diff: 0.1]
   [Code Root Fixup: 0.4 ms]
   [Code Root Migration: 0.0 ms]
   [Clear CT: 3.2 ms]
   [Other: 14.0 ms]
      [Choose CSet: 0.1 ms]
      [Ref Proc: 8.1 ms]
      [Ref Enq: 1.3 ms]
      [Free CSet: 0.9 ms]
   [Eden: 1056.0M(1056.0M)->0.0B(1056.0M) Survivors: 160.0M->160.0M Heap: 11.9G(24.0G)->10.9G(24.0G)]
 [Times: user=1.86 sys=0.02, real=0.16 secs] 
2014-04-09T11:01:17.502+0900: 90.570: [GC pause (G1 Evacuation Pause) (young), 0.1228944 secs]
   [Parallel Time: 108.7 ms, GC Workers: 13]
      [GC Worker Start (ms): Min: 90570.0, Avg: 90570.1, Max: 90570.1, Diff: 0.1]
      [Ext Root Scanning (ms): Min: 1.3, Avg: 1.5, Max: 2.0, Diff: 0.7, Sum: 19.0]
      [Update RS (ms): Min: 9.5, Avg: 10.6, Max: 11.2, Diff: 1.6, Sum: 137.5]
         [Processed Buffers: Min: 8, Avg: 18.6, Max: 34, Diff: 26, Sum: 242]
      [Scan RS (ms): Min: 9.9, Avg: 10.4, Max: 10.9, Diff: 1.0, Sum: 135.4]
      [Code Root Scanning (ms): Min: 0.0, Avg: 0.0, Max: 0.0, Diff: 0.0, Sum: 0.0]
      [Object Copy (ms): Min: 85.9, Avg: 86.0, Max: 86.2, Diff: 0.3, Sum: 1117.6]
      [Termination (ms): Min: 0.0, Avg: 0.0, Max: 0.0, Diff: 0.0, Sum: 0.1]
      [GC Worker Other (ms): Min: 0.0, Avg: 0.0, Max: 0.1, Diff: 0.1, Sum: 0.6]
      [GC Worker Total (ms): Min: 108.4, Avg: 108.5, Max: 108.6, Diff: 0.2, Sum: 1410.2]
      [GC Worker End (ms): Min: 90678.5, Avg: 90678.5, Max: 90678.6, Diff: 0.1]
   [Code Root Fixup: 0.3 ms]
   [Code Root Migration: 0.0 ms]
   [Clear CT: 2.8 ms]
   [Other: 11.0 ms]
      [Choose CSet: 0.0 ms]
      [Ref Proc: 6.9 ms]
      [Ref Enq: 0.7 ms]
      [Free CSet: 0.7 ms]
   [Eden: 1056.0M(1056.0M)->0.0B(1056.0M) Survivors: 160.0M->160.0M Heap: 12.0G(24.0G)->11.2G(24.0G)]
 [Times: user=1.44 sys=0.01, real=0.12 secs] 
2014-04-09T11:01:18.523+0900: 91.590: [GC pause (G1 Evacuation Pause) (young) (initial-mark), 0.1170360 secs]
   [Parallel Time: 102.3 ms, GC Workers: 13]
      [GC Worker Start (ms): Min: 91590.9, Avg: 91591.0, Max: 91591.0, Diff: 0.1]
      [Ext Root Scanning (ms): Min: 1.1, Avg: 1.4, Max: 3.7, Diff: 2.6, Sum: 18.6]
      [Code Root Marking (ms): Min: 0.0, Avg: 0.7, Max: 6.2, Diff: 6.2, Sum: 9.3]
      [Update RS (ms): Min: 3.7, Avg: 8.5, Max: 10.1, Diff: 6.4, Sum: 110.8]
         [Processed Buffers: Min: 8, Avg: 17.5, Max: 36, Diff: 28, Sum: 227]
      [Scan RS (ms): Min: 11.1, Avg: 12.1, Max: 12.7, Diff: 1.6, Sum: 157.9]
      [Code Root Scanning (ms): Min: 0.0, Avg: 0.0, Max: 0.0, Diff: 0.0, Sum: 0.0]
      [Object Copy (ms): Min: 78.9, Avg: 79.1, Max: 79.6, Diff: 0.7, Sum: 1028.3]
      [Termination (ms): Min: 0.0, Avg: 0.0, Max: 0.0, Diff: 0.0, Sum: 0.2]
      [GC Worker Other (ms): Min: 0.0, Avg: 0.0, Max: 0.1, Diff: 0.0, Sum: 0.4]
      [GC Worker Total (ms): Min: 101.9, Avg: 102.0, Max: 102.0, Diff: 0.2, Sum: 1325.5]
      [GC Worker End (ms): Min: 91692.9, Avg: 91692.9, Max: 91693.0, Diff: 0.0]
   [Code Root Fixup: 0.4 ms]
   [Code Root Migration: 0.0 ms]
   [Clear CT: 3.0 ms]
   [Other: 11.3 ms]
      [Choose CSet: 0.0 ms]
      [Ref Proc: 6.8 ms]
      [Ref Enq: 0.7 ms]
      [Free CSet: 0.7 ms]
   [Eden: 1056.0M(1056.0M)->0.0B(1056.0M) Survivors: 160.0M->160.0M Heap: 12.2G(24.0G)->11.4G(24.0G)]
 [Times: user=1.37 sys=0.01, real=0.11 secs] 
2014-04-09T11:01:18.640+0900: 91.708: [GC concurrent-root-region-scan-start]
2014-04-09T11:01:18.689+0900: 91.757: [GC concurrent-root-region-scan-end, 0.0489800 secs]
2014-04-09T11:01:18.689+0900: 91.757: [GC concurrent-mark-start]
2014-04-09T11:01:19.807+0900: 92.874: [GC pause (G1 Evacuation Pause) (young), 0.1181004 secs]
   [Parallel Time: 103.0 ms, GC Workers: 13]
      [GC Worker Start (ms): Min: 92874.8, Avg: 92874.9, Max: 92874.9, Diff: 0.1]
      [Ext Root Scanning (ms): Min: 1.3, Avg: 1.4, Max: 1.9, Diff: 0.6, Sum: 18.5]
      [SATB Filtering (ms): Min: 0.0, Avg: 0.2, Max: 2.5, Diff: 2.5, Sum: 2.5]
      [Update RS (ms): Min: 7.7, Avg: 8.4, Max: 9.2, Diff: 1.5, Sum: 108.7]
         [Processed Buffers: Min: 7, Avg: 17.3, Max: 25, Diff: 18, Sum: 225]
      [Scan RS (ms): Min: 10.4, Avg: 11.9, Max: 12.6, Diff: 2.2, Sum: 155.2]
      [Code Root Scanning (ms): Min: 0.0, Avg: 0.0, Max: 0.0, Diff: 0.0, Sum: 0.0]
      [Object Copy (ms): Min: 80.7, Avg: 80.8, Max: 81.1, Diff: 0.4, Sum: 1050.9]
      [Termination (ms): Min: 0.0, Avg: 0.0, Max: 0.0, Diff: 0.0, Sum: 0.1]
      [GC Worker Other (ms): Min: 0.0, Avg: 0.0, Max: 0.1, Diff: 0.1, Sum: 0.5]
      [GC Worker Total (ms): Min: 102.7, Avg: 102.8, Max: 102.9, Diff: 0.2, Sum: 1336.3]
      [GC Worker End (ms): Min: 92977.6, Avg: 92977.7, Max: 92977.7, Diff: 0.1]
   [Code Root Fixup: 0.5 ms]
   [Code Root Migration: 0.0 ms]
   [Clear CT: 3.2 ms]
   [Other: 11.4 ms]
      [Choose CSet: 0.0 ms]
      [Ref Proc: 7.2 ms]
      [Ref Enq: 0.8 ms]
      [Free CSet: 0.6 ms]
   [Eden: 1056.0M(1056.0M)->0.0B(1056.0M) Survivors: 160.0M->160.0M Heap: 12.4G(24.0G)->11.6G(24.0G)]
 [Times: user=1.37 sys=0.01, real=0.12 secs] 
2014-04-09T11:01:20.806+0900: 93.874: [GC concurrent-mark-end, 2.1176059 secs]
2014-04-09T11:01:20.808+0900: 93.876: [GC remark 93.912: [GC ref-proc, 0.0129516 secs], 0.0822277 secs]
 [Times: user=0.83 sys=0.00, real=0.08 secs] 
2014-04-09T11:01:20.892+0900: 93.960: [GC cleanup 12G->12G(24G), 0.0302209 secs]
 [Times: user=0.38 sys=0.00, real=0.03 secs] 
2014-04-09T11:01:21.156+0900: 94.224: [GC pause (G1 Evacuation Pause) (young), 0.1169801 secs]
   [Parallel Time: 102.6 ms, GC Workers: 13]
      [GC Worker Start (ms): Min: 94224.5, Avg: 94224.5, Max: 94224.6, Diff: 0.1]
      [Ext Root Scanning (ms): Min: 1.3, Avg: 1.5, Max: 2.1, Diff: 0.8, Sum: 19.0]
      [Update RS (ms): Min: 7.2, Avg: 8.3, Max: 9.1, Diff: 1.9, Sum: 108.5]
         [Processed Buffers: Min: 12, Avg: 17.5, Max: 25, Diff: 13, Sum: 227]
      [Scan RS (ms): Min: 10.4, Avg: 11.1, Max: 11.7, Diff: 1.3, Sum: 144.3]
      [Code Root Scanning (ms): Min: 0.0, Avg: 0.0, Max: 0.0, Diff: 0.0, Sum: 0.0]
      [Object Copy (ms): Min: 81.3, Avg: 81.4, Max: 81.7, Diff: 0.4, Sum: 1058.4]
      [Termination (ms): Min: 0.0, Avg: 0.0, Max: 0.0, Diff: 0.0, Sum: 0.0]
      [GC Worker Other (ms): Min: 0.0, Avg: 0.0, Max: 0.1, Diff: 0.1, Sum: 0.4]
      [GC Worker Total (ms): Min: 102.3, Avg: 102.4, Max: 102.5, Diff: 0.2, Sum: 1330.8]
      [GC Worker End (ms): Min: 94326.9, Avg: 94326.9, Max: 94326.9, Diff: 0.1]
   [Code Root Fixup: 0.5 ms]
   [Code Root Migration: 0.0 ms]
   [Clear CT: 3.2 ms]
   [Other: 10.7 ms]
      [Choose CSet: 0.0 ms]
      [Ref Proc: 6.6 ms]
      [Ref Enq: 0.6 ms]
      [Free CSet: 0.7 ms]
   [Eden: 1056.0M(1056.0M)->0.0B(1056.0M) Survivors: 160.0M->160.0M Heap: 12.6G(24.0G)->11.8G(24.0G)]
 [Times: user=1.33 sys=0.05, real=0.12 secs] 
2014-04-09T11:01:22.142+0900: 95.210: [GC pause (G1 Evacuation Pause) (mixed), 0.1869455 secs]
   [Parallel Time: 167.3 ms, GC Workers: 13]
      [GC Worker Start (ms): Min: 95210.5, Avg: 95210.5, Max: 95210.6, Diff: 0.1]
      [Ext Root Scanning (ms): Min: 1.0, Avg: 1.5, Max: 2.4, Diff: 1.4, Sum: 19.3]
      [Update RS (ms): Min: 8.1, Avg: 15.2, Max: 54.9, Diff: 46.9, Sum: 197.6]
         [Processed Buffers: Min: 9, Avg: 18.2, Max: 32, Diff: 23, Sum: 236]
      [Scan RS (ms): Min: 0.0, Avg: 30.8, Max: 36.4, Diff: 36.4, Sum: 400.8]
      [Code Root Scanning (ms): Min: 0.0, Avg: 0.0, Max: 0.0, Diff: 0.0, Sum: 0.1]
      [Object Copy (ms): Min: 110.6, Avg: 119.4, Max: 120.5, Diff: 9.9, Sum: 1552.7]
      [Termination (ms): Min: 0.0, Avg: 0.0, Max: 0.0, Diff: 0.0, Sum: 0.0]
      [GC Worker Other (ms): Min: 0.0, Avg: 0.0, Max: 0.1, Diff: 0.1, Sum: 0.6]
      [GC Worker Total (ms): Min: 166.9, Avg: 167.0, Max: 167.1, Diff: 0.2, Sum: 2171.1]
      [GC Worker End (ms): Min: 95377.5, Avg: 95377.5, Max: 95377.6, Diff: 0.1]
   [Code Root Fixup: 0.4 ms]
   [Code Root Migration: 0.0 ms]
   [Clear CT: 3.4 ms]
   [Other: 15.8 ms]
      [Choose CSet: 0.3 ms]
      [Ref Proc: 8.2 ms]
      [Ref Enq: 1.1 ms]
      [Free CSet: 1.5 ms]
   [Eden: 1056.0M(1056.0M)->0.0B(1056.0M) Survivors: 160.0M->160.0M Heap: 12.9G(24.0G)->11.5G(24.0G)]
 [Times: user=2.09 sys=0.13, real=0.18 secs] 
2014-04-09T11:01:23.246+0900: 96.314: [GC pause (G1 Evacuation Pause) (mixed), 0.1298891 secs]
   [Parallel Time: 113.5 ms, GC Workers: 13]
      [GC Worker Start (ms): Min: 96314.5, Avg: 96314.6, Max: 96314.7, Diff: 0.1]
      [Ext Root Scanning (ms): Min: 1.3, Avg: 1.4, Max: 1.9, Diff: 0.6, Sum: 18.2]
      [Update RS (ms): Min: 8.8, Avg: 9.6, Max: 10.5, Diff: 1.6, Sum: 125.0]
         [Processed Buffers: Min: 11, Avg: 20.5, Max: 31, Diff: 20, Sum: 266]
      [Scan RS (ms): Min: 15.3, Avg: 16.0, Max: 16.4, Diff: 1.1, Sum: 208.3]
      [Code Root Scanning (ms): Min: 0.0, Avg: 0.0, Max: 0.0, Diff: 0.0, Sum: 0.0]
      [Object Copy (ms): Min: 85.9, Avg: 86.2, Max: 86.4, Diff: 0.4, Sum: 1120.2]
      [Termination (ms): Min: 0.0, Avg: 0.0, Max: 0.0, Diff: 0.0, Sum: 0.0]
      [GC Worker Other (ms): Min: 0.0, Avg: 0.0, Max: 0.1, Diff: 0.1, Sum: 0.6]
      [GC Worker Total (ms): Min: 113.2, Avg: 113.3, Max: 113.4, Diff: 0.2, Sum: 1472.4]
      [GC Worker End (ms): Min: 96427.8, Avg: 96427.9, Max: 96427.9, Diff: 0.1]
   [Code Root Fixup: 0.4 ms]
   [Code Root Migration: 0.0 ms]
   [Clear CT: 3.2 ms]
   [Other: 12.7 ms]
      [Choose CSet: 0.1 ms]
      [Ref Proc: 7.2 ms]
      [Ref Enq: 0.9 ms]
      [Free CSet: 0.8 ms]
   [Eden: 1056.0M(1056.0M)->0.0B(1056.0M) Survivors: 160.0M->160.0M Heap: 12.5G(24.0G)->11.7G(24.0G)]
 [Times: user=1.50 sys=0.02, real=0.13 secs] 
2014-04-09T11:01:24.274+0900: 97.342: [GC pause (G1 Evacuation Pause) (young), 0.1198109 secs]
   [Parallel Time: 104.8 ms, GC Workers: 13]
      [GC Worker Start (ms): Min: 97342.5, Avg: 97342.5, Max: 97342.6, Diff: 0.1]
      [Ext Root Scanning (ms): Min: 1.3, Avg: 1.4, Max: 1.6, Diff: 0.3, Sum: 18.2]
      [Update RS (ms): Min: 10.2, Avg: 10.5, Max: 11.4, Diff: 1.2, Sum: 136.9]
         [Processed Buffers: Min: 12, Avg: 19.3, Max: 35, Diff: 23, Sum: 251]
      [Scan RS (ms): Min: 9.2, Avg: 10.2, Max: 10.7, Diff: 1.5, Sum: 132.5]
      [Code Root Scanning (ms): Min: 0.0, Avg: 0.0, Max: 0.0, Diff: 0.0, Sum: 0.0]
      [Object Copy (ms): Min: 82.2, Avg: 82.4, Max: 82.6, Diff: 0.4, Sum: 1071.1]
      [Termination (ms): Min: 0.0, Avg: 0.0, Max: 0.0, Diff: 0.0, Sum: 0.0]
      [GC Worker Other (ms): Min: 0.0, Avg: 0.0, Max: 0.1, Diff: 0.1, Sum: 0.5]
      [GC Worker Total (ms): Min: 104.5, Avg: 104.6, Max: 104.6, Diff: 0.2, Sum: 1359.2]
      [GC Worker End (ms): Min: 97447.1, Avg: 97447.1, Max: 97447.1, Diff: 0.1]
   [Code Root Fixup: 0.4 ms]
   [Code Root Migration: 0.0 ms]
   [Clear CT: 3.2 ms]
   [Other: 11.3 ms]
      [Choose CSet: 0.0 ms]
      [Ref Proc: 7.0 ms]
      [Ref Enq: 0.8 ms]
      [Free CSet: 0.7 ms]
   [Eden: 1056.0M(1056.0M)->0.0B(1056.0M) Survivors: 160.0M->160.0M Heap: 12.7G(24.0G)->11.9G(24.0G)]
 [Times: user=1.40 sys=0.00, real=0.12 secs] 
2014-04-09T11:01:25.253+0900: 98.321: [GC pause (G1 Evacuation Pause) (young) (initial-mark), 0.1164744 secs]
   [Parallel Time: 101.7 ms, GC Workers: 13]
      [GC Worker Start (ms): Min: 98321.8, Avg: 98321.9, Max: 98322.0, Diff: 0.1]
      [Ext Root Scanning (ms): Min: 1.2, Avg: 1.5, Max: 3.9, Diff: 2.7, Sum: 19.3]
      [Code Root Marking (ms): Min: 0.0, Avg: 0.7, Max: 6.4, Diff: 6.3, Sum: 8.9]
      [Update RS (ms): Min: 4.2, Avg: 9.1, Max: 10.5, Diff: 6.4, Sum: 118.7]
         [Processed Buffers: Min: 8, Avg: 18.3, Max: 44, Diff: 36, Sum: 238]
      [Scan RS (ms): Min: 10.2, Avg: 10.9, Max: 11.6, Diff: 1.4, Sum: 142.2]
      [Code Root Scanning (ms): Min: 0.0, Avg: 0.0, Max: 0.0, Diff: 0.0, Sum: 0.0]
      [Object Copy (ms): Min: 79.0, Avg: 79.2, Max: 79.7, Diff: 0.8, Sum: 1030.0]
      [Termination (ms): Min: 0.0, Avg: 0.0, Max: 0.0, Diff: 0.0, Sum: 0.0]
      [GC Worker Other (ms): Min: 0.0, Avg: 0.0, Max: 0.1, Diff: 0.0, Sum: 0.5]
      [GC Worker Total (ms): Min: 101.4, Avg: 101.5, Max: 101.6, Diff: 0.2, Sum: 1319.6]
      [GC Worker End (ms): Min: 98423.4, Avg: 98423.4, Max: 98423.4, Diff: 0.0]
   [Code Root Fixup: 0.4 ms]
   [Code Root Migration: 0.0 ms]
   [Clear CT: 3.3 ms]
   [Other: 11.1 ms]
      [Choose CSet: 0.0 ms]
      [Ref Proc: 6.8 ms]
      [Ref Enq: 0.7 ms]
      [Free CSet: 0.6 ms]
   [Eden: 1056.0M(1056.0M)->0.0B(1056.0M) Survivors: 160.0M->160.0M Heap: 13.0G(24.0G)->12.2G(24.0G)]
 [Times: user=1.36 sys=0.01, real=0.11 secs] 
2014-04-09T11:01:25.370+0900: 98.438: [GC concurrent-root-region-scan-start]
2014-04-09T11:01:25.403+0900: 98.471: [GC concurrent-root-region-scan-end, 0.0325593 secs]
2014-04-09T11:01:25.403+0900: 98.471: [GC concurrent-mark-start]
2014-04-09T11:01:26.540+0900: 99.608: [GC pause (G1 Evacuation Pause) (young), 0.1140338 secs]
   [Parallel Time: 99.6 ms, GC Workers: 13]
      [GC Worker Start (ms): Min: 99608.7, Avg: 99608.8, Max: 99608.9, Diff: 0.1]
      [Ext Root Scanning (ms): Min: 1.3, Avg: 1.4, Max: 1.9, Diff: 0.6, Sum: 18.6]
      [SATB Filtering (ms): Min: 0.0, Avg: 0.2, Max: 2.4, Diff: 2.4, Sum: 2.4]
      [Update RS (ms): Min: 7.0, Avg: 9.2, Max: 10.0, Diff: 3.0, Sum: 119.3]
         [Processed Buffers: Min: 8, Avg: 18.6, Max: 36, Diff: 28, Sum: 242]
      [Scan RS (ms): Min: 9.2, Avg: 9.9, Max: 10.2, Diff: 1.0, Sum: 128.6]
      [Code Root Scanning (ms): Min: 0.0, Avg: 0.0, Max: 0.0, Diff: 0.0, Sum: 0.0]
      [Object Copy (ms): Min: 78.2, Avg: 78.4, Max: 78.6, Diff: 0.5, Sum: 1019.6]
      [Termination (ms): Min: 0.0, Avg: 0.2, Max: 0.2, Diff: 0.2, Sum: 2.6]
      [GC Worker Other (ms): Min: 0.0, Avg: 0.0, Max: 0.1, Diff: 0.1, Sum: 0.4]
      [GC Worker Total (ms): Min: 99.3, Avg: 99.3, Max: 99.4, Diff: 0.2, Sum: 1291.4]
      [GC Worker End (ms): Min: 99708.1, Avg: 99708.1, Max: 99708.2, Diff: 0.1]
   [Code Root Fixup: 0.4 ms]
   [Code Root Migration: 0.0 ms]
   [Clear CT: 3.1 ms]
   [Other: 10.9 ms]
      [Choose CSet: 0.0 ms]
      [Ref Proc: 6.9 ms]
      [Ref Enq: 0.7 ms]
      [Free CSet: 0.6 ms]
   [Eden: 1056.0M(1056.0M)->0.0B(1056.0M) Survivors: 160.0M->160.0M Heap: 13.2G(24.0G)->12.4G(24.0G)]
 [Times: user=1.31 sys=0.03, real=0.12 secs] 
2014-04-09T11:01:27.813+0900: 100.880: [GC pause (G1 Evacuation Pause) (young), 0.1163254 secs]
   [Parallel Time: 101.6 ms, GC Workers: 13]
      [GC Worker Start (ms): Min: 100880.9, Avg: 100880.9, Max: 100881.0, Diff: 0.1]
      [Ext Root Scanning (ms): Min: 1.1, Avg: 1.5, Max: 1.7, Diff: 0.6, Sum: 19.5]
      [SATB Filtering (ms): Min: 0.0, Avg: 0.2, Max: 2.3, Diff: 2.3, Sum: 2.3]
      [Update RS (ms): Min: 6.7, Avg: 9.1, Max: 10.3, Diff: 3.6, Sum: 118.3]
         [Processed Buffers: Min: 8, Avg: 19.2, Max: 27, Diff: 19, Sum: 249]
      [Scan RS (ms): Min: 9.9, Avg: 10.9, Max: 11.3, Diff: 1.4, Sum: 141.9]
      [Code Root Scanning (ms): Min: 0.0, Avg: 0.0, Max: 0.0, Diff: 0.0, Sum: 0.0]
      [Object Copy (ms): Min: 79.4, Avg: 79.6, Max: 80.2, Diff: 0.8, Sum: 1034.6]
      [Termination (ms): Min: 0.0, Avg: 0.0, Max: 0.0, Diff: 0.0, Sum: 0.1]
      [GC Worker Other (ms): Min: 0.0, Avg: 0.0, Max: 0.1, Diff: 0.1, Sum: 0.5]
      [GC Worker Total (ms): Min: 101.2, Avg: 101.3, Max: 101.4, Diff: 0.1, Sum: 1317.3]
      [GC Worker End (ms): Min: 100982.2, Avg: 100982.3, Max: 100982.3, Diff: 0.1]
   [Code Root Fixup: 0.3 ms]
   [Code Root Migration: 0.0 ms]
   [Clear CT: 3.3 ms]
   [Other: 11.1 ms]
      [Choose CSet: 0.0 ms]
      [Ref Proc: 6.8 ms]
      [Ref Enq: 0.8 ms]
      [Free CSet: 0.6 ms]
   [Eden: 1056.0M(1056.0M)->0.0B(1056.0M) Survivors: 160.0M->160.0M Heap: 13.4G(24.0G)->12.6G(24.0G)]
 [Times: user=1.31 sys=0.05, real=0.11 secs] 
2014-04-09T11:01:27.957+0900: 101.025: [GC concurrent-mark-end, 2.5538585 secs]
2014-04-09T11:01:27.958+0900: 101.026: [GC remark 101.056: [GC ref-proc, 0.0120775 secs], 0.0750640 secs]
 [Times: user=0.74 sys=0.00, real=0.08 secs] 
2014-04-09T11:01:28.037+0900: 101.104: [GC cleanup 12G->12G(24G), 0.0294823 secs]
 [Times: user=0.37 sys=0.00, real=0.03 secs] 
2014-04-09T11:01:28.971+0900: 102.039: [GC pause (G1 Evacuation Pause) (young), 0.0891204 secs]
   [Parallel Time: 78.4 ms, GC Workers: 13]
      [GC Worker Start (ms): Min: 102039.0, Avg: 102039.0, Max: 102039.1, Diff: 0.1]
      [Ext Root Scanning (ms): Min: 1.3, Avg: 1.4, Max: 1.9, Diff: 0.5, Sum: 18.5]
      [Update RS (ms): Min: 9.5, Avg: 10.0, Max: 10.7, Diff: 1.2, Sum: 130.0]
         [Processed Buffers: Min: 15, Avg: 20.0, Max: 28, Diff: 13, Sum: 260]
      [Scan RS (ms): Min: 9.9, Avg: 10.5, Max: 10.9, Diff: 1.0, Sum: 136.7]
      [Code Root Scanning (ms): Min: 0.0, Avg: 0.0, Max: 0.0, Diff: 0.0, Sum: 0.0]
      [Object Copy (ms): Min: 55.9, Avg: 56.2, Max: 56.3, Diff: 0.4, Sum: 730.0]
      [Termination (ms): Min: 0.0, Avg: 0.0, Max: 0.0, Diff: 0.0, Sum: 0.1]
      [GC Worker Other (ms): Min: 0.0, Avg: 0.0, Max: 0.1, Diff: 0.1, Sum: 0.5]
      [GC Worker Total (ms): Min: 78.1, Avg: 78.1, Max: 78.2, Diff: 0.2, Sum: 1015.8]
      [GC Worker End (ms): Min: 102117.2, Avg: 102117.2, Max: 102117.2, Diff: 0.1]
   [Code Root Fixup: 0.4 ms]
   [Code Root Migration: 0.0 ms]
   [Clear CT: 3.5 ms]
   [Other: 6.8 ms]
      [Choose CSet: 0.0 ms]
      [Ref Proc: 3.0 ms]
      [Ref Enq: 0.3 ms]
      [Free CSet: 0.6 ms]
   [Eden: 1056.0M(1056.0M)->0.0B(1056.0M) Survivors: 160.0M->160.0M Heap: 13.7G(24.0G)->12.8G(24.0G)]
 [Times: user=1.01 sys=0.05, real=0.09 secs] 
2014-04-09T11:01:30.040+0900: 103.108: [GC pause (G1 Evacuation Pause) (mixed), 0.1375241 secs]
   [Parallel Time: 125.7 ms, GC Workers: 13]
      [GC Worker Start (ms): Min: 103108.2, Avg: 103108.3, Max: 103108.3, Diff: 0.1]
      [Ext Root Scanning (ms): Min: 1.0, Avg: 1.4, Max: 2.4, Diff: 1.5, Sum: 18.1]
      [Update RS (ms): Min: 15.8, Avg: 29.5, Max: 59.2, Diff: 43.4, Sum: 383.8]
         [Processed Buffers: Min: 0, Avg: 20.3, Max: 46, Diff: 46, Sum: 264]
      [Scan RS (ms): Min: 0.0, Avg: 24.8, Max: 36.8, Diff: 36.8, Sum: 321.8]
      [Code Root Scanning (ms): Min: 0.0, Avg: 0.0, Max: 0.0, Diff: 0.0, Sum: 0.0]
      [Object Copy (ms): Min: 64.7, Avg: 69.7, Max: 71.5, Diff: 6.8, Sum: 906.0]
      [Termination (ms): Min: 0.0, Avg: 0.0, Max: 0.0, Diff: 0.0, Sum: 0.3]
      [GC Worker Other (ms): Min: 0.0, Avg: 0.0, Max: 0.1, Diff: 0.1, Sum: 0.6]
      [GC Worker Total (ms): Min: 125.3, Avg: 125.4, Max: 125.5, Diff: 0.2, Sum: 1630.6]
      [GC Worker End (ms): Min: 103233.7, Avg: 103233.7, Max: 103233.7, Diff: 0.1]
   [Code Root Fixup: 0.3 ms]
   [Code Root Migration: 0.0 ms]
   [Clear CT: 3.6 ms]
   [Other: 7.8 ms]
      [Choose CSet: 0.2 ms]
      [Ref Proc: 1.9 ms]
      [Ref Enq: 0.0 ms]
      [Free CSet: 1.3 ms]
   [Eden: 1056.0M(1056.0M)->0.0B(1056.0M) Survivors: 160.0M->160.0M Heap: 13.9G(24.0G)->12.3G(24.0G)]
 [Times: user=1.59 sys=0.08, real=0.14 secs] 
2014-04-09T11:01:31.177+0900: 104.245: [GC pause (G1 Evacuation Pause) (mixed), 0.0883283 secs]
   [Parallel Time: 79.6 ms, GC Workers: 13]
      [GC Worker Start (ms): Min: 104245.3, Avg: 104245.3, Max: 104245.4, Diff: 0.1]
      [Ext Root Scanning (ms): Min: 1.4, Avg: 1.5, Max: 2.1, Diff: 0.7, Sum: 19.3]
      [Update RS (ms): Min: 10.0, Avg: 10.2, Max: 10.5, Diff: 0.5, Sum: 132.1]
         [Processed Buffers: Min: 13, Avg: 18.4, Max: 23, Diff: 10, Sum: 239]
      [Scan RS (ms): Min: 18.8, Avg: 19.6, Max: 20.1, Diff: 1.2, Sum: 254.7]
      [Code Root Scanning (ms): Min: 0.0, Avg: 0.0, Max: 0.0, Diff: 0.0, Sum: 0.0]
      [Object Copy (ms): Min: 47.5, Avg: 47.9, Max: 48.1, Diff: 0.6, Sum: 623.3]
      [Termination (ms): Min: 0.0, Avg: 0.1, Max: 0.1, Diff: 0.1, Sum: 1.3]
      [GC Worker Other (ms): Min: 0.0, Avg: 0.0, Max: 0.1, Diff: 0.0, Sum: 0.4]
      [GC Worker Total (ms): Min: 79.3, Avg: 79.3, Max: 79.4, Diff: 0.1, Sum: 1031.1]
      [GC Worker End (ms): Min: 104324.6, Avg: 104324.7, Max: 104324.7, Diff: 0.1]
   [Code Root Fixup: 0.4 ms]
   [Code Root Migration: 0.0 ms]
   [Clear CT: 3.5 ms]
   [Other: 4.8 ms]
      [Choose CSet: 0.1 ms]
      [Ref Proc: 0.3 ms]
      [Ref Enq: 0.0 ms]
      [Free CSet: 0.9 ms]
   [Eden: 1056.0M(1056.0M)->0.0B(1056.0M) Survivors: 160.0M->160.0M Heap: 13.4G(24.0G)->12.4G(24.0G)]
 [Times: user=1.05 sys=0.03, real=0.09 secs] 
2014-04-09T11:01:32.224+0900: 105.292: [GC pause (G1 Evacuation Pause) (young), 0.0630877 secs]
   [Parallel Time: 55.7 ms, GC Workers: 13]
      [GC Worker Start (ms): Min: 105291.9, Avg: 105292.0, Max: 105292.1, Diff: 0.1]
      [Ext Root Scanning (ms): Min: 1.4, Avg: 1.5, Max: 1.9, Diff: 0.6, Sum: 19.0]
      [Update RS (ms): Min: 9.2, Avg: 9.9, Max: 10.3, Diff: 1.1, Sum: 128.2]
         [Processed Buffers: Min: 13, Avg: 19.5, Max: 36, Diff: 23, Sum: 253]
      [Scan RS (ms): Min: 8.1, Avg: 8.7, Max: 9.0, Diff: 0.9, Sum: 112.6]
      [Code Root Scanning (ms): Min: 0.0, Avg: 0.0, Max: 0.0, Diff: 0.0, Sum: 0.0]
      [Object Copy (ms): Min: 35.2, Avg: 35.4, Max: 35.6, Diff: 0.4, Sum: 460.3]
      [Termination (ms): Min: 0.0, Avg: 0.0, Max: 0.0, Diff: 0.0, Sum: 0.0]
      [GC Worker Other (ms): Min: 0.0, Avg: 0.0, Max: 0.1, Diff: 0.1, Sum: 0.5]
      [GC Worker Total (ms): Min: 55.4, Avg: 55.4, Max: 55.5, Diff: 0.1, Sum: 720.6]
      [GC Worker End (ms): Min: 105347.4, Avg: 105347.4, Max: 105347.5, Diff: 0.1]
   [Code Root Fixup: 0.4 ms]
   [Code Root Migration: 0.0 ms]
   [Clear CT: 3.3 ms]
   [Other: 3.6 ms]
      [Choose CSet: 0.0 ms]
      [Ref Proc: 0.3 ms]
      [Ref Enq: 0.0 ms]
      [Free CSet: 0.6 ms]
   [Eden: 1056.0M(1056.0M)->0.0B(1632.0M) Survivors: 160.0M->160.0M Heap: 13.4G(24.0G)->12.5G(24.0G)]
 [Times: user=0.75 sys=0.01, real=0.06 secs] 
2014-04-09T11:01:59.138+0900: 132.205: [GC pause (G1 Evacuation Pause) (young) (initial-mark), 0.0532004 secs]
   [Parallel Time: 44.9 ms, GC Workers: 13]
      [GC Worker Start (ms): Min: 132205.9, Avg: 132206.2, Max: 132206.5, Diff: 0.5]
      [Ext Root Scanning (ms): Min: 1.0, Avg: 3.0, Max: 11.2, Diff: 10.1, Sum: 39.4]
      [Code Root Marking (ms): Min: 0.0, Avg: 0.5, Max: 4.5, Diff: 4.5, Sum: 7.1]
      [Update RS (ms): Min: 0.0, Avg: 4.0, Max: 5.5, Diff: 5.5, Sum: 52.0]
         [Processed Buffers: Min: 0, Avg: 17.7, Max: 30, Diff: 30, Sum: 230]
      [Scan RS (ms): Min: 3.0, Avg: 6.7, Max: 14.9, Diff: 11.8, Sum: 87.5]
      [Code Root Scanning (ms): Min: 0.0, Avg: 0.0, Max: 0.0, Diff: 0.0, Sum: 0.0]
      [Object Copy (ms): Min: 22.3, Avg: 27.1, Max: 27.9, Diff: 5.6, Sum: 351.9]
      [Termination (ms): Min: 0.2, Avg: 2.7, Max: 3.4, Diff: 3.2, Sum: 34.9]
      [GC Worker Other (ms): Min: 0.0, Avg: 0.0, Max: 0.0, Diff: 0.0, Sum: 0.4]
      [GC Worker Total (ms): Min: 43.8, Avg: 44.1, Max: 44.4, Diff: 0.5, Sum: 573.2]
      [GC Worker End (ms): Min: 132250.3, Avg: 132250.3, Max: 132250.3, Diff: 0.1]
   [Code Root Fixup: 0.1 ms]
   [Code Root Migration: 0.0 ms]
   [Clear CT: 3.3 ms]
   [Other: 4.8 ms]
      [Choose CSet: 0.0 ms]
      [Ref Proc: 1.6 ms]
      [Ref Enq: 0.0 ms]
      [Free CSet: 1.0 ms]
   [Eden: 1632.0M(1632.0M)->0.0B(1968.0M) Survivors: 160.0M->176.0M Heap: 14.1G(24.0G)->12.5G(24.0G)]
 [Times: user=0.59 sys=0.02, real=0.05 secs] 
2014-04-09T11:01:59.191+0900: 132.259: [GC concurrent-root-region-scan-start]
2014-04-09T11:01:59.213+0900: 132.281: [GC concurrent-root-region-scan-end, 0.0218294 secs]
2014-04-09T11:01:59.213+0900: 132.281: [GC concurrent-mark-start]
2014-04-09T11:02:01.105+0900: 134.173: [GC pause (G1 Evacuation Pause) (young), 0.1007559 secs]
   [Parallel Time: 90.2 ms, GC Workers: 13]
      [GC Worker Start (ms): Min: 134173.2, Avg: 134173.3, Max: 134173.4, Diff: 0.2]
      [Ext Root Scanning (ms): Min: 0.8, Avg: 2.1, Max: 10.9, Diff: 10.1, Sum: 26.9]
      [SATB Filtering (ms): Min: 0.0, Avg: 0.1, Max: 0.7, Diff: 0.7, Sum: 0.7]
      [Update RS (ms): Min: 0.0, Avg: 3.4, Max: 4.7, Diff: 4.7, Sum: 44.3]
         [Processed Buffers: Min: 0, Avg: 16.8, Max: 28, Diff: 28, Sum: 218]
      [Scan RS (ms): Min: 9.5, Avg: 14.6, Max: 15.5, Diff: 6.0, Sum: 189.8]
      [Code Root Scanning (ms): Min: 0.0, Avg: 0.0, Max: 0.0, Diff: 0.0, Sum: 0.1]
      [Object Copy (ms): Min: 68.4, Avg: 69.3, Max: 70.0, Diff: 1.6, Sum: 901.5]
      [Termination (ms): Min: 0.0, Avg: 0.2, Max: 0.2, Diff: 0.2, Sum: 2.4]
      [GC Worker Other (ms): Min: 0.0, Avg: 0.0, Max: 0.1, Diff: 0.1, Sum: 0.4]
      [GC Worker Total (ms): Min: 89.6, Avg: 89.7, Max: 89.8, Diff: 0.2, Sum: 1166.1]
      [GC Worker End (ms): Min: 134263.0, Avg: 134263.0, Max: 134263.0, Diff: 0.1]
   [Code Root Fixup: 0.3 ms]
   [Code Root Migration: 0.1 ms]
   [Clear CT: 4.1 ms]
   [Other: 6.1 ms]
      [Choose CSet: 0.0 ms]
      [Ref Proc: 1.0 ms]
      [Ref Enq: 0.0 ms]
      [Free CSet: 1.0 ms]
   [Eden: 1968.0M(1968.0M)->0.0B(1424.0M) Survivors: 176.0M->272.0M Heap: 15.0G(24.0G)->13.4G(24.0G)]
 [Times: user=1.08 sys=0.19, real=0.10 secs] 
2014-04-09T11:02:01.487+0900: 134.555: [GC concurrent-mark-end, 2.2744317 secs]
2014-04-09T11:02:01.491+0900: 134.559: [GC remark 134.560: [GC ref-proc, 0.0389523 secs], 0.0693204 secs]
 [Times: user=0.41 sys=0.00, real=0.07 secs] 
2014-04-09T11:02:01.570+0900: 134.638: [GC cleanup 13G->13G(24G), 0.0312509 secs]
 [Times: user=0.35 sys=0.00, real=0.03 secs] 
2014-04-09T11:02:01.913+0900: 134.981: [GC pause (G1 Evacuation Pause) (young), 0.1167598 secs]
   [Parallel Time: 106.2 ms, GC Workers: 13]
      [GC Worker Start (ms): Min: 134982.3, Avg: 134982.5, Max: 134982.8, Diff: 0.5]
      [Ext Root Scanning (ms): Min: 0.9, Avg: 1.6, Max: 2.6, Diff: 1.7, Sum: 20.4]
      [Update RS (ms): Min: 4.0, Avg: 13.5, Max: 60.6, Diff: 56.7, Sum: 175.1]
         [Processed Buffers: Min: 0, Avg: 16.8, Max: 36, Diff: 36, Sum: 218]
      [Scan RS (ms): Min: 0.0, Avg: 19.5, Max: 23.2, Diff: 23.2, Sum: 252.9]
      [Code Root Scanning (ms): Min: 0.0, Avg: 0.0, Max: 0.0, Diff: 0.0, Sum: 0.1]
      [Object Copy (ms): Min: 43.3, Avg: 70.8, Max: 77.4, Diff: 34.2, Sum: 920.4]
      [Termination (ms): Min: 0.0, Avg: 0.0, Max: 0.0, Diff: 0.0, Sum: 0.2]
      [GC Worker Other (ms): Min: 0.0, Avg: 0.0, Max: 0.1, Diff: 0.1, Sum: 0.5]
      [GC Worker Total (ms): Min: 105.1, Avg: 105.3, Max: 105.6, Diff: 0.5, Sum: 1369.5]
      [GC Worker End (ms): Min: 135087.8, Avg: 135087.8, Max: 135087.9, Diff: 0.1]
   [Code Root Fixup: 0.3 ms]
   [Code Root Migration: 0.1 ms]
   [Clear CT: 3.6 ms]
   [Other: 6.6 ms]
      [Choose CSet: 0.0 ms]
      [Ref Proc: 0.9 ms]
      [Ref Enq: 0.0 ms]
      [Free CSet: 0.7 ms]
   [Eden: 960.0M(944.0M)->0.0B(1056.0M) Survivors: 272.0M->160.0M Heap: 14.6G(24.0G)->13.9G(24.0G)]
 [Times: user=1.53 sys=0.00, real=0.12 secs] 
2014-04-09T11:02:02.913+0900: 135.981: [GC pause (G1 Evacuation Pause) (mixed), 0.1679649 secs]
   [Parallel Time: 152.7 ms, GC Workers: 13]
      [GC Worker Start (ms): Min: 135981.3, Avg: 135981.5, Max: 135981.6, Diff: 0.2]
      [Ext Root Scanning (ms): Min: 4.7, Avg: 10.5, Max: 11.3, Diff: 6.6, Sum: 135.9]
      [Update RS (ms): Min: 0.7, Avg: 12.4, Max: 65.9, Diff: 65.2, Sum: 161.6]
         [Processed Buffers: Min: 0, Avg: 9.6, Max: 22, Diff: 22, Sum: 125]
      [Scan RS (ms): Min: 0.0, Avg: 35.6, Max: 44.2, Diff: 44.1, Sum: 463.1]
      [Code Root Scanning (ms): Min: 0.0, Avg: 0.0, Max: 0.0, Diff: 0.0, Sum: 0.1]
      [Object Copy (ms): Min: 74.8, Avg: 93.1, Max: 98.2, Diff: 23.4, Sum: 1210.7]
      [Termination (ms): Min: 0.0, Avg: 0.2, Max: 0.2, Diff: 0.2, Sum: 2.3]
      [GC Worker Other (ms): Min: 0.0, Avg: 0.0, Max: 0.1, Diff: 0.1, Sum: 0.6]
      [GC Worker Total (ms): Min: 151.8, Avg: 151.9, Max: 152.0, Diff: 0.2, Sum: 1974.3]
      [GC Worker End (ms): Min: 136133.3, Avg: 136133.4, Max: 136133.4, Diff: 0.1]
   [Code Root Fixup: 0.2 ms]
   [Code Root Migration: 0.0 ms]
   [Clear CT: 4.4 ms]
   [Other: 10.5 ms]
      [Choose CSet: 0.4 ms]
      [Ref Proc: 2.9 ms]
      [Ref Enq: 0.0 ms]
      [Free CSet: 1.9 ms]
   [Eden: 1056.0M(1056.0M)->0.0B(1056.0M) Survivors: 160.0M->160.0M Heap: 15.3G(24.0G)->13.7G(24.0G)]
 [Times: user=1.72 sys=0.24, real=0.17 secs] 
2014-04-09T11:02:04.290+0900: 137.358: [GC pause (G1 Evacuation Pause) (mixed), 0.1832837 secs]
   [Parallel Time: 168.5 ms, GC Workers: 13]
      [GC Worker Start (ms): Min: 137358.6, Avg: 137358.8, Max: 137359.0, Diff: 0.4]
      [Ext Root Scanning (ms): Min: 1.3, Avg: 1.5, Max: 1.7, Diff: 0.4, Sum: 19.5]
      [Update RS (ms): Min: 2.1, Avg: 2.2, Max: 3.3, Diff: 1.3, Sum: 29.1]
         [Processed Buffers: Min: 4, Avg: 9.2, Max: 14, Diff: 10, Sum: 120]
      [Scan RS (ms): Min: 43.3, Avg: 44.3, Max: 44.6, Diff: 1.3, Sum: 575.7]
      [Code Root Scanning (ms): Min: 0.0, Avg: 0.0, Max: 0.0, Diff: 0.0, Sum: 0.1]
      [Object Copy (ms): Min: 119.4, Avg: 119.5, Max: 119.6, Diff: 0.2, Sum: 1553.8]
      [Termination (ms): Min: 0.1, Avg: 0.1, Max: 0.2, Diff: 0.1, Sum: 1.9]
      [GC Worker Other (ms): Min: 0.0, Avg: 0.0, Max: 0.1, Diff: 0.1, Sum: 0.5]
      [GC Worker Total (ms): Min: 167.5, Avg: 167.7, Max: 167.9, Diff: 0.5, Sum: 2180.6]
      [GC Worker End (ms): Min: 137526.5, Avg: 137526.5, Max: 137526.6, Diff: 0.1]
   [Code Root Fixup: 0.3 ms]
   [Code Root Migration: 0.0 ms]
   [Clear CT: 3.9 ms]
   [Other: 10.5 ms]
      [Choose CSet: 0.6 ms]
      [Ref Proc: 0.6 ms]
      [Ref Enq: 0.0 ms]
      [Free CSet: 2.2 ms]
   [Eden: 1056.0M(1056.0M)->0.0B(1056.0M) Survivors: 160.0M->160.0M Heap: 15.0G(24.0G)->13.6G(24.0G)]
 [Times: user=2.14 sys=0.09, real=0.18 secs] 
2014-04-09T11:02:05.968+0900: 139.035: [GC pause (G1 Evacuation Pause) (mixed), 0.1765164 secs]
   [Parallel Time: 160.8 ms, GC Workers: 13]
      [GC Worker Start (ms): Min: 139036.3, Avg: 139036.6, Max: 139036.8, Diff: 0.5]
      [Ext Root Scanning (ms): Min: 1.2, Avg: 1.5, Max: 2.0, Diff: 0.8, Sum: 19.4]
      [Update RS (ms): Min: 5.3, Avg: 9.3, Max: 45.7, Diff: 40.4, Sum: 120.6]
         [Processed Buffers: Min: 2, Avg: 10.8, Max: 20, Diff: 18, Sum: 140]
      [Scan RS (ms): Min: 5.1, Avg: 41.6, Max: 45.2, Diff: 40.0, Sum: 541.2]
      [Code Root Scanning (ms): Min: 0.0, Avg: 0.0, Max: 0.0, Diff: 0.0, Sum: 0.1]
      [Object Copy (ms): Min: 106.9, Avg: 107.1, Max: 107.4, Diff: 0.5, Sum: 1391.8]
      [Termination (ms): Min: 0.0, Avg: 0.0, Max: 0.0, Diff: 0.0, Sum: 0.3]
      [GC Worker Other (ms): Min: 0.0, Avg: 0.0, Max: 0.1, Diff: 0.1, Sum: 0.5]
      [GC Worker Total (ms): Min: 159.3, Avg: 159.5, Max: 159.8, Diff: 0.5, Sum: 2073.7]
      [GC Worker End (ms): Min: 139196.1, Avg: 139196.1, Max: 139196.1, Diff: 0.1]
   [Code Root Fixup: 0.3 ms]
   [Code Root Migration: 0.0 ms]
   [Clear CT: 5.4 ms]
   [Other: 10.0 ms]
      [Choose CSet: 0.4 ms]
      [Ref Proc: 1.0 ms]
      [Ref Enq: 0.0 ms]
      [Free CSet: 1.9 ms]
   [Eden: 1056.0M(1056.0M)->0.0B(1056.0M) Survivors: 160.0M->160.0M Heap: 14.9G(24.0G)->13.8G(24.0G)]
 [Times: user=2.06 sys=0.07, real=0.18 secs] 
2014-04-09T11:02:06.152+0900: 139.220: [GC pause (G1 Humongous Allocation) (young) (initial-mark), 0.1432050 secs]
   [Parallel Time: 139.0 ms, GC Workers: 13]
      [GC Worker Start (ms): Min: 139219.9, Avg: 139220.1, Max: 139220.3, Diff: 0.4]
      [Ext Root Scanning (ms): Min: 1.0, Avg: 1.4, Max: 3.2, Diff: 2.2, Sum: 17.7]
      [Code Root Marking (ms): Min: 0.0, Avg: 0.7, Max: 5.0, Diff: 4.9, Sum: 8.7]
      [Update RS (ms): Min: 109.3, Avg: 112.6, Max: 114.7, Diff: 5.4, Sum: 1463.7]
         [Processed Buffers: Min: 26, Avg: 62.5, Max: 84, Diff: 58, Sum: 813]
      [Scan RS (ms): Min: 0.0, Avg: 0.1, Max: 0.3, Diff: 0.3, Sum: 1.1]
      [Code Root Scanning (ms): Min: 0.0, Avg: 0.0, Max: 0.0, Diff: 0.0, Sum: 0.0]
      [Object Copy (ms): Min: 21.7, Avg: 23.4, Max: 23.9, Diff: 2.2, Sum: 304.1]
      [Termination (ms): Min: 0.0, Avg: 0.0, Max: 0.0, Diff: 0.0, Sum: 0.1]
      [GC Worker Other (ms): Min: 0.0, Avg: 0.0, Max: 0.0, Diff: 0.0, Sum: 0.4]
      [GC Worker Total (ms): Min: 138.0, Avg: 138.1, Max: 138.4, Diff: 0.4, Sum: 1795.8]
      [GC Worker End (ms): Min: 139358.2, Avg: 139358.2, Max: 139358.2, Diff: 0.0]
   [Code Root Fixup: 0.3 ms]
   [Code Root Migration: 0.0 ms]
   [Clear CT: 0.7 ms]
   [Other: 3.2 ms]
      [Choose CSet: 0.0 ms]
      [Ref Proc: 0.8 ms]
      [Ref Enq: 0.0 ms]
      [Free CSet: 0.1 ms]
   [Eden: 16.0M(1056.0M)->0.0B(1120.0M) Survivors: 160.0M->96.0M Heap: 13.8G(24.0G)->13.9G(24.0G)]
 [Times: user=1.80 sys=0.00, real=0.14 secs] 
2014-04-09T11:02:06.295+0900: 139.363: [GC concurrent-root-region-scan-start]
2014-04-09T11:02:06.296+0900: 139.364: [GC concurrent-root-region-scan-end, 0.0005856 secs]
2014-04-09T11:02:06.296+0900: 139.364: [GC concurrent-mark-start]
2014-04-09T11:02:07.782+0900: 140.849: [GC concurrent-mark-end, 1.4857938 secs]
2014-04-09T11:02:07.783+0900: 140.851: [GC remark 140.853: [GC ref-proc, 0.0087931 secs], 0.0334003 secs]
 [Times: user=0.25 sys=0.00, real=0.03 secs] 
2014-04-09T11:02:07.818+0900: 140.886: [GC cleanup 14G->12G(24G), 0.0263639 secs]
 [Times: user=0.30 sys=0.00, real=0.03 secs] 
2014-04-09T11:02:07.845+0900: 140.913: [GC concurrent-cleanup-start]
2014-04-09T11:02:07.847+0900: 140.914: [GC concurrent-cleanup-end, 0.0013461 secs]
2014-04-09T11:02:12.339+0900: 145.407: [GC pause (G1 Evacuation Pause) (young), 0.0723469 secs]
   [Parallel Time: 64.4 ms, GC Workers: 13]
      [GC Worker Start (ms): Min: 145407.3, Avg: 145407.6, Max: 145407.9, Diff: 0.6]
      [Ext Root Scanning (ms): Min: 0.5, Avg: 1.2, Max: 1.8, Diff: 1.3, Sum: 16.2]
      [Update RS (ms): Min: 1.7, Avg: 11.3, Max: 61.3, Diff: 59.6, Sum: 147.2]
         [Processed Buffers: Min: 4, Avg: 9.5, Max: 17, Diff: 13, Sum: 123]
      [Scan RS (ms): Min: 0.0, Avg: 9.4, Max: 11.6, Diff: 11.6, Sum: 122.1]
      [Code Root Scanning (ms): Min: 0.0, Avg: 0.0, Max: 0.0, Diff: 0.0, Sum: 0.0]
      [Object Copy (ms): Min: 0.7, Avg: 27.2, Max: 32.3, Diff: 31.6, Sum: 353.5]
      [Termination (ms): Min: 0.0, Avg: 13.7, Max: 16.2, Diff: 16.2, Sum: 178.7]
      [GC Worker Other (ms): Min: 0.0, Avg: 0.0, Max: 0.0, Diff: 0.0, Sum: 0.3]
      [GC Worker Total (ms): Min: 62.6, Avg: 62.9, Max: 63.2, Diff: 0.6, Sum: 817.9]
      [GC Worker End (ms): Min: 145470.5, Avg: 145470.5, Max: 145470.5, Diff: 0.0]
   [Code Root Fixup: 0.3 ms]
   [Code Root Migration: 0.0 ms]
   [Clear CT: 3.5 ms]
   [Other: 4.2 ms]
      [Choose CSet: 0.0 ms]
      [Ref Proc: 1.1 ms]
      [Ref Enq: 0.0 ms]
      [Free CSet: 0.9 ms]
   [Eden: 1120.0M(1120.0M)->0.0B(1056.0M) Survivors: 96.0M->160.0M Heap: 13.6G(24.0G)->12.6G(24.0G)]
 [Times: user=0.84 sys=0.01, real=0.08 secs] 
2014-04-09T11:02:12.901+0900: 145.969: [GC pause (G1 Evacuation Pause) (mixed), 0.1109389 secs]
   [Parallel Time: 98.9 ms, GC Workers: 13]
      [GC Worker Start (ms): Min: 145969.6, Avg: 145969.9, Max: 145970.1, Diff: 0.5]
      [Ext Root Scanning (ms): Min: 1.1, Avg: 1.4, Max: 1.6, Diff: 0.5, Sum: 17.8]
      [Update RS (ms): Min: 6.8, Avg: 12.9, Max: 82.2, Diff: 75.5, Sum: 168.3]
         [Processed Buffers: Min: 0, Avg: 6.8, Max: 16, Diff: 16, Sum: 89]
      [Scan RS (ms): Min: 0.0, Avg: 24.3, Max: 26.8, Diff: 26.8, Sum: 315.7]
      [Code Root Scanning (ms): Min: 0.0, Avg: 0.0, Max: 0.0, Diff: 0.0, Sum: 0.1]
      [Object Copy (ms): Min: 13.9, Avg: 58.9, Max: 62.8, Diff: 48.8, Sum: 765.6]
      [Termination (ms): Min: 0.0, Avg: 0.0, Max: 0.0, Diff: 0.0, Sum: 0.0]
      [GC Worker Other (ms): Min: 0.0, Avg: 0.0, Max: 0.1, Diff: 0.1, Sum: 0.5]
      [GC Worker Total (ms): Min: 97.3, Avg: 97.5, Max: 97.8, Diff: 0.5, Sum: 1267.9]
      [GC Worker End (ms): Min: 146067.4, Avg: 146067.4, Max: 146067.4, Diff: 0.1]
   [Code Root Fixup: 0.1 ms]
   [Code Root Migration: 0.0 ms]
   [Clear CT: 4.7 ms]
   [Other: 7.1 ms]
      [Choose CSet: 0.2 ms]
      [Ref Proc: 1.0 ms]
      [Ref Enq: 0.0 ms]
      [Free CSet: 1.6 ms]
   [Eden: 1056.0M(1056.0M)->0.0B(1104.0M) Survivors: 160.0M->112.0M Heap: 13.7G(24.0G)->12.4G(24.0G)]
 [Times: user=1.30 sys=0.01, real=0.11 secs] 
2014-04-09T11:02:29.322+0900: 162.390: [GC pause (G1 Evacuation Pause) (young), 0.0157841 secs]
   [Parallel Time: 9.3 ms, GC Workers: 13]
      [GC Worker Start (ms): Min: 162390.6, Avg: 162391.0, Max: 162391.3, Diff: 0.7]
      [Ext Root Scanning (ms): Min: 0.8, Avg: 1.1, Max: 1.5, Diff: 0.6, Sum: 14.9]
      [Update RS (ms): Min: 1.1, Avg: 1.3, Max: 1.6, Diff: 0.5, Sum: 17.1]
         [Processed Buffers: Min: 0, Avg: 8.6, Max: 27, Diff: 27, Sum: 112]
      [Scan RS (ms): Min: 1.8, Avg: 2.1, Max: 2.2, Diff: 0.5, Sum: 27.3]
      [Code Root Scanning (ms): Min: 0.0, Avg: 0.0, Max: 0.0, Diff: 0.0, Sum: 0.0]
      [Object Copy (ms): Min: 3.2, Avg: 3.4, Max: 3.5, Diff: 0.3, Sum: 43.8]
      [Termination (ms): Min: 0.0, Avg: 0.0, Max: 0.0, Diff: 0.0, Sum: 0.0]
      [GC Worker Other (ms): Min: 0.0, Avg: 0.0, Max: 0.1, Diff: 0.1, Sum: 0.6]
      [GC Worker Total (ms): Min: 7.6, Avg: 8.0, Max: 8.4, Diff: 0.7, Sum: 103.8]
      [GC Worker End (ms): Min: 162398.9, Avg: 162399.0, Max: 162399.0, Diff: 0.1]
   [Code Root Fixup: 0.1 ms]
   [Code Root Migration: 0.0 ms]
   [Clear CT: 3.9 ms]
   [Other: 2.5 ms]
      [Choose CSet: 0.0 ms]
      [Ref Proc: 1.4 ms]
      [Ref Enq: 0.0 ms]
      [Free CSet: 0.3 ms]
   [Eden: 1104.0M(1104.0M)->0.0B(1152.0M) Survivors: 112.0M->64.0M Heap: 13.5G(24.0G)->12.4G(24.0G)]
 [Times: user=0.13 sys=0.01, real=0.01 secs] 
2014-04-09T11:02:29.585+0900: 162.653: [GC pause (G1 Humongous Allocation) (young) (initial-mark), 0.0169702 secs]
   [Parallel Time: 11.5 ms, GC Workers: 13]
      [GC Worker Start (ms): Min: 162653.1, Avg: 162653.4, Max: 162653.7, Diff: 0.6]
      [Ext Root Scanning (ms): Min: 0.6, Avg: 1.1, Max: 3.2, Diff: 2.7, Sum: 14.4]
      [Code Root Marking (ms): Min: 0.0, Avg: 0.9, Max: 7.7, Diff: 7.7, Sum: 11.1]
      [Update RS (ms): Min: 0.0, Avg: 2.1, Max: 3.7, Diff: 3.7, Sum: 26.7]
         [Processed Buffers: Min: 0, Avg: 5.5, Max: 19, Diff: 19, Sum: 72]
      [Scan RS (ms): Min: 0.0, Avg: 1.1, Max: 1.6, Diff: 1.6, Sum: 14.5]
      [Code Root Scanning (ms): Min: 0.0, Avg: 0.0, Max: 0.0, Diff: 0.0, Sum: 0.0]
      [Object Copy (ms): Min: 0.6, Avg: 4.2, Max: 5.7, Diff: 5.2, Sum: 54.3]
      [Termination (ms): Min: 0.0, Avg: 1.0, Max: 1.1, Diff: 1.1, Sum: 13.1]
      [GC Worker Other (ms): Min: 0.0, Avg: 0.0, Max: 0.0, Diff: 0.0, Sum: 0.3]
      [GC Worker Total (ms): Min: 10.0, Avg: 10.3, Max: 10.6, Diff: 0.6, Sum: 134.3]
      [GC Worker End (ms): Min: 162663.7, Avg: 162663.7, Max: 162663.7, Diff: 0.0]
   [Code Root Fixup: 0.2 ms]
   [Code Root Migration: 0.0 ms]
   [Clear CT: 3.0 ms]
   [Other: 2.3 ms]
      [Choose CSet: 0.0 ms]
      [Ref Proc: 1.1 ms]
      [Ref Enq: 0.0 ms]
      [Free CSet: 0.2 ms]
   [Eden: 720.0M(1152.0M)->0.0B(3488.0M) Survivors: 64.0M->48.0M Heap: 13.1G(24.0G)->12.4G(24.0G)]
 [Times: user=0.17 sys=0.00, real=0.02 secs] 
2014-04-09T11:02:29.602+0900: 162.670: [GC concurrent-root-region-scan-start]
2014-04-09T11:02:29.611+0900: 162.679: [GC concurrent-root-region-scan-end, 0.0090654 secs]
2014-04-09T11:02:29.611+0900: 162.679: [GC concurrent-mark-start]
2014-04-09T11:02:31.065+0900: 164.133: [GC pause (G1 Evacuation Pause) (young), 0.1120283 secs]
   [Parallel Time: 101.5 ms, GC Workers: 13]
      [GC Worker Start (ms): Min: 164133.3, Avg: 164133.5, Max: 164133.6, Diff: 0.2]
      [Ext Root Scanning (ms): Min: 0.7, Avg: 1.0, Max: 1.3, Diff: 0.6, Sum: 12.4]
      [SATB Filtering (ms): Min: 0.0, Avg: 0.0, Max: 0.6, Diff: 0.6, Sum: 0.6]
      [Update RS (ms): Min: 2.8, Avg: 3.2, Max: 3.7, Diff: 0.9, Sum: 42.0]
         [Processed Buffers: Min: 5, Avg: 13.8, Max: 26, Diff: 21, Sum: 180]
      [Scan RS (ms): Min: 17.2, Avg: 17.5, Max: 17.9, Diff: 0.6, Sum: 227.7]
      [Code Root Scanning (ms): Min: 0.0, Avg: 0.0, Max: 0.0, Diff: 0.0, Sum: 0.0]
      [Object Copy (ms): Min: 78.8, Avg: 79.1, Max: 79.4, Diff: 0.6, Sum: 1027.8]
      [Termination (ms): Min: 0.0, Avg: 0.2, Max: 0.2, Diff: 0.2, Sum: 2.6]
      [GC Worker Other (ms): Min: 0.0, Avg: 0.1, Max: 0.2, Diff: 0.2, Sum: 0.8]
      [GC Worker Total (ms): Min: 100.9, Avg: 101.1, Max: 101.3, Diff: 0.4, Sum: 1313.8]
      [GC Worker End (ms): Min: 164234.5, Avg: 164234.5, Max: 164234.7, Diff: 0.2]
   [Code Root Fixup: 0.2 ms]
   [Code Root Migration: 0.0 ms]
   [Clear CT: 4.2 ms]
   [Other: 6.1 ms]
      [Choose CSet: 0.0 ms]
      [Ref Proc: 0.8 ms]
      [Ref Enq: 0.0 ms]
      [Free CSet: 1.3 ms]
   [Eden: 2448.0M(2256.0M)->0.0B(1136.0M) Survivors: 48.0M->288.0M Heap: 15.7G(24.0G)->13.7G(24.0G)]
 [Times: user=1.18 sys=0.14, real=0.11 secs] 
2014-04-09T11:02:31.546+0900: 164.614: [GC concurrent-mark-end, 1.9345894 secs]
2014-04-09T11:02:31.549+0900: 164.617: [GC remark 164.618: [GC ref-proc, 0.0080543 secs], 0.0394145 secs]
 [Times: user=0.33 sys=0.00, real=0.04 secs] 
2014-04-09T11:02:31.590+0900: 164.658: [GC cleanup 14G->13G(24G), 0.0312684 secs]
 [Times: user=0.38 sys=0.00, real=0.03 secs] 
2014-04-09T11:02:31.622+0900: 164.690: [GC concurrent-cleanup-start]
2014-04-09T11:02:31.623+0900: 164.690: [GC concurrent-cleanup-end, 0.0004417 secs]
2014-04-09T11:02:32.041+0900: 165.109: [GC pause (G1 Evacuation Pause) (young), 0.1220124 secs]
   [Parallel Time: 111.4 ms, GC Workers: 13]
      [GC Worker Start (ms): Min: 165109.0, Avg: 165109.2, Max: 165109.5, Diff: 0.5]
      [Ext Root Scanning (ms): Min: 0.5, Avg: 1.0, Max: 1.7, Diff: 1.2, Sum: 12.9]
      [Update RS (ms): Min: 5.9, Avg: 10.5, Max: 51.1, Diff: 45.2, Sum: 136.5]
         [Processed Buffers: Min: 4, Avg: 9.5, Max: 32, Diff: 28, Sum: 124]
      [Scan RS (ms): Min: 0.0, Avg: 21.2, Max: 23.7, Diff: 23.6, Sum: 275.2]
      [Code Root Scanning (ms): Min: 0.0, Avg: 0.0, Max: 0.0, Diff: 0.0, Sum: 0.0]
      [Object Copy (ms): Min: 58.1, Avg: 77.7, Max: 79.7, Diff: 21.6, Sum: 1010.0]
      [Termination (ms): Min: 0.0, Avg: 0.0, Max: 0.0, Diff: 0.0, Sum: 0.0]
      [GC Worker Other (ms): Min: 0.0, Avg: 0.0, Max: 0.1, Diff: 0.1, Sum: 0.5]
      [GC Worker Total (ms): Min: 110.2, Avg: 110.4, Max: 110.6, Diff: 0.5, Sum: 1435.1]
      [GC Worker End (ms): Min: 165219.6, Avg: 165219.6, Max: 165219.7, Diff: 0.1]
   [Code Root Fixup: 0.4 ms]
   [Code Root Migration: 0.0 ms]
   [Clear CT: 3.6 ms]
   [Other: 6.6 ms]
      [Choose CSet: 0.0 ms]
      [Ref Proc: 0.9 ms]
      [Ref Enq: 0.0 ms]
      [Free CSet: 1.1 ms]
   [Eden: 1136.0M(1136.0M)->0.0B(1024.0M) Survivors: 288.0M->192.0M Heap: 14.8G(24.0G)->14.0G(24.0G)]
 [Times: user=1.43 sys=0.05, real=0.13 secs] 
2014-04-09T11:02:32.977+0900: 166.045: [GC pause (G1 Evacuation Pause) (mixed), 0.1681638 secs]
   [Parallel Time: 151.5 ms, GC Workers: 13]
      [GC Worker Start (ms): Min: 166045.7, Avg: 166046.0, Max: 166046.3, Diff: 0.6]
      [Ext Root Scanning (ms): Min: 0.7, Avg: 1.0, Max: 2.0, Diff: 1.3, Sum: 13.5]
      [Update RS (ms): Min: 3.0, Avg: 7.2, Max: 45.0, Diff: 42.1, Sum: 93.2]
         [Processed Buffers: Min: 10, Avg: 15.8, Max: 24, Diff: 14, Sum: 205]
      [Scan RS (ms): Min: 5.6, Avg: 43.6, Max: 47.0, Diff: 41.4, Sum: 566.3]
      [Code Root Scanning (ms): Min: 0.0, Avg: 0.0, Max: 0.0, Diff: 0.0, Sum: 0.1]
      [Object Copy (ms): Min: 98.3, Avg: 98.4, Max: 98.6, Diff: 0.4, Sum: 1279.3]
      [Termination (ms): Min: 0.0, Avg: 0.2, Max: 0.2, Diff: 0.2, Sum: 2.3]
      [GC Worker Other (ms): Min: 0.0, Avg: 0.0, Max: 0.1, Diff: 0.1, Sum: 0.4]
      [GC Worker Total (ms): Min: 150.1, Avg: 150.4, Max: 150.7, Diff: 0.6, Sum: 1955.2]
      [GC Worker End (ms): Min: 166196.4, Avg: 166196.4, Max: 166196.4, Diff: 0.1]
   [Code Root Fixup: 0.3 ms]
   [Code Root Migration: 0.1 ms]
   [Clear CT: 4.8 ms]
   [Other: 11.5 ms]
      [Choose CSet: 0.5 ms]
      [Ref Proc: 1.5 ms]
      [Ref Enq: 0.0 ms]
      [Free CSet: 2.4 ms]
   [Eden: 1024.0M(1024.0M)->0.0B(1056.0M) Survivors: 192.0M->160.0M Heap: 15.3G(24.0G)->13.9G(24.0G)]
 [Times: user=1.99 sys=0.02, real=0.17 secs] 
2014-04-09T11:02:34.618+0900: 167.686: [GC pause (G1 Evacuation Pause) (mixed), 0.1997334 secs]
   [Parallel Time: 182.5 ms, GC Workers: 13]
      [GC Worker Start (ms): Min: 167687.2, Avg: 167687.4, Max: 167687.6, Diff: 0.5]
      [Ext Root Scanning (ms): Min: 0.7, Avg: 0.9, Max: 1.6, Diff: 0.9, Sum: 12.3]
      [Update RS (ms): Min: 2.9, Avg: 9.1, Max: 72.0, Diff: 69.1, Sum: 118.8]
         [Processed Buffers: Min: 4, Avg: 9.5, Max: 22, Diff: 18, Sum: 124]
      [Scan RS (ms): Min: 0.0, Avg: 48.8, Max: 53.1, Diff: 53.1, Sum: 633.9]
      [Code Root Scanning (ms): Min: 0.0, Avg: 0.0, Max: 0.0, Diff: 0.0, Sum: 0.1]
      [Object Copy (ms): Min: 108.4, Avg: 122.5, Max: 123.9, Diff: 15.5, Sum: 1592.9]
      [Termination (ms): Min: 0.1, Avg: 0.3, Max: 0.4, Diff: 0.3, Sum: 4.3]
      [GC Worker Other (ms): Min: 0.0, Avg: 0.0, Max: 0.0, Diff: 0.0, Sum: 0.3]
      [GC Worker Total (ms): Min: 181.6, Avg: 181.7, Max: 182.0, Diff: 0.5, Sum: 2362.7]
      [GC Worker End (ms): Min: 167869.2, Avg: 167869.2, Max: 167869.2, Diff: 0.0]
   [Code Root Fixup: 0.3 ms]
   [Code Root Migration: 0.1 ms]
   [Clear CT: 5.1 ms]
   [Other: 11.8 ms]
      [Choose CSet: 0.6 ms]
      [Ref Proc: 1.2 ms]
      [Ref Enq: 0.0 ms]
      [Free CSet: 2.5 ms]
   [Eden: 1056.0M(1056.0M)->0.0B(1056.0M) Survivors: 160.0M->160.0M Heap: 15.2G(24.0G)->13.8G(24.0G)]
 [Times: user=2.38 sys=0.06, real=0.20 secs] 
2014-04-09T11:02:36.016+0900: 169.084: [GC pause (G1 Evacuation Pause) (mixed), 0.1654445 secs]
   [Parallel Time: 149.7 ms, GC Workers: 13]
      [GC Worker Start (ms): Min: 169084.7, Avg: 169084.9, Max: 169085.2, Diff: 0.5]
      [Ext Root Scanning (ms): Min: 0.7, Avg: 1.0, Max: 1.6, Diff: 0.8, Sum: 13.2]
      [Update RS (ms): Min: 3.0, Avg: 9.8, Max: 74.3, Diff: 71.3, Sum: 127.7]
         [Processed Buffers: Min: 3, Avg: 9.4, Max: 19, Diff: 16, Sum: 122]
      [Scan RS (ms): Min: 0.0, Avg: 41.2, Max: 45.3, Diff: 45.3, Sum: 535.5]
      [Code Root Scanning (ms): Min: 0.0, Avg: 0.0, Max: 0.0, Diff: 0.0, Sum: 0.1]
      [Object Copy (ms): Min: 72.6, Avg: 95.9, Max: 98.3, Diff: 25.7, Sum: 1247.1]
      [Termination (ms): Min: 0.0, Avg: 0.3, Max: 0.3, Diff: 0.3, Sum: 4.1]
      [GC Worker Other (ms): Min: 0.0, Avg: 0.0, Max: 0.1, Diff: 0.0, Sum: 0.3]
      [GC Worker Total (ms): Min: 148.0, Avg: 148.3, Max: 148.5, Diff: 0.5, Sum: 1927.9]
      [GC Worker End (ms): Min: 169233.2, Avg: 169233.2, Max: 169233.2, Diff: 0.0]
   [Code Root Fixup: 0.3 ms]
   [Code Root Migration: 0.1 ms]
   [Clear CT: 5.0 ms]
   [Other: 10.4 ms]
      [Choose CSet: 0.5 ms]
      [Ref Proc: 1.2 ms]
      [Ref Enq: 0.0 ms]
      [Free CSet: 1.9 ms]
   [Eden: 1056.0M(1056.0M)->0.0B(1056.0M) Survivors: 160.0M->160.0M Heap: 15.2G(24.0G)->14.1G(24.0G)]
 [Times: user=1.94 sys=0.06, real=0.16 secs] 
2014-04-09T11:02:36.281+0900: 169.349: [GC pause (G1 Humongous Allocation) (young) (initial-mark), 0.0874434 secs]
   [Parallel Time: 82.0 ms, GC Workers: 13]
      [GC Worker Start (ms): Min: 169349.1, Avg: 169349.4, Max: 169349.6, Diff: 0.5]
      [Ext Root Scanning (ms): Min: 0.5, Avg: 0.8, Max: 3.2, Diff: 2.7, Sum: 11.0]
      [Code Root Marking (ms): Min: 0.0, Avg: 0.9, Max: 7.3, Diff: 7.3, Sum: 11.7]
      [Update RS (ms): Min: 41.4, Avg: 49.9, Max: 79.3, Diff: 38.0, Sum: 648.1]
         [Processed Buffers: Min: 21, Avg: 29.1, Max: 39, Diff: 18, Sum: 378]
      [Scan RS (ms): Min: 0.0, Avg: 3.8, Max: 4.9, Diff: 4.9, Sum: 48.9]
      [Code Root Scanning (ms): Min: 0.0, Avg: 0.0, Max: 0.0, Diff: 0.0, Sum: 0.0]
      [Object Copy (ms): Min: 1.9, Avg: 25.6, Max: 28.0, Diff: 26.1, Sum: 333.1]
      [Termination (ms): Min: 0.0, Avg: 0.5, Max: 0.7, Diff: 0.7, Sum: 6.9]
      [GC Worker Other (ms): Min: 0.0, Avg: 0.0, Max: 0.0, Diff: 0.0, Sum: 0.3]
      [GC Worker Total (ms): Min: 81.3, Avg: 81.5, Max: 81.8, Diff: 0.5, Sum: 1060.1]
      [GC Worker End (ms): Min: 169430.9, Avg: 169431.0, Max: 169431.0, Diff: 0.0]
   [Code Root Fixup: 0.2 ms]
   [Code Root Migration: 0.0 ms]
   [Clear CT: 2.0 ms]
   [Other: 3.2 ms]
      [Choose CSet: 0.0 ms]
      [Ref Proc: 0.7 ms]
      [Ref Enq: 0.0 ms]
      [Free CSet: 0.1 ms]
   [Eden: 48.0M(1056.0M)->0.0B(1104.0M) Survivors: 160.0M->112.0M Heap: 14.1G(24.0G)->14.2G(24.0G)]
 [Times: user=1.08 sys=0.00, real=0.09 secs] 
2014-04-09T11:02:36.369+0900: 169.437: [GC concurrent-root-region-scan-start]
2014-04-09T11:02:36.372+0900: 169.440: [GC concurrent-root-region-scan-end, 0.0031340 secs]
2014-04-09T11:02:36.372+0900: 169.440: [GC concurrent-mark-start]
2014-04-09T11:02:37.910+0900: 170.978: [GC concurrent-mark-end, 1.5377999 secs]
2014-04-09T11:02:37.911+0900: 170.979: [GC remark 170.981: [GC ref-proc, 0.0062339 secs], 0.0298986 secs]
 [Times: user=0.22 sys=0.00, real=0.03 secs] 
2014-04-09T11:02:37.943+0900: 171.010: [GC cleanup 15G->13G(24G), 0.0252742 secs]
 [Times: user=0.28 sys=0.00, real=0.03 secs] 
2014-04-09T11:02:37.968+0900: 171.036: [GC concurrent-cleanup-start]
2014-04-09T11:02:37.970+0900: 171.038: [GC concurrent-cleanup-end, 0.0017419 secs]
2014-04-09T11:02:38.561+0900: 171.629: [GC pause (G1 Evacuation Pause) (young), 0.0519714 secs]
   [Parallel Time: 44.4 ms, GC Workers: 13]
      [GC Worker Start (ms): Min: 171629.4, Avg: 171629.7, Max: 171629.9, Diff: 0.5]
      [Ext Root Scanning (ms): Min: 0.3, Avg: 0.9, Max: 1.2, Diff: 0.9, Sum: 11.2]
      [Update RS (ms): Min: 2.0, Avg: 2.3, Max: 2.9, Diff: 1.0, Sum: 29.4]
         [Processed Buffers: Min: 4, Avg: 8.2, Max: 17, Diff: 13, Sum: 107]
      [Scan RS (ms): Min: 9.3, Avg: 10.1, Max: 10.3, Diff: 1.0, Sum: 130.9]
      [Code Root Scanning (ms): Min: 0.0, Avg: 0.0, Max: 0.0, Diff: 0.0, Sum: 0.0]
      [Object Copy (ms): Min: 29.7, Avg: 29.9, Max: 30.2, Diff: 0.5, Sum: 388.4]
      [Termination (ms): Min: 0.0, Avg: 0.0, Max: 0.0, Diff: 0.0, Sum: 0.0]
      [GC Worker Other (ms): Min: 0.0, Avg: 0.0, Max: 0.1, Diff: 0.1, Sum: 0.5]
      [GC Worker Total (ms): Min: 42.9, Avg: 43.1, Max: 43.4, Diff: 0.5, Sum: 560.5]
      [GC Worker End (ms): Min: 171672.8, Avg: 171672.8, Max: 171672.8, Diff: 0.1]
   [Code Root Fixup: 0.3 ms]
   [Code Root Migration: 0.0 ms]
   [Clear CT: 3.4 ms]
   [Other: 3.8 ms]
      [Choose CSet: 0.0 ms]
      [Ref Proc: 1.0 ms]
      [Ref Enq: 0.0 ms]
      [Free CSet: 0.5 ms]
   [Eden: 1104.0M(1104.0M)->0.0B(1056.0M) Survivors: 112.0M->160.0M Heap: 13.5G(24.0G)->12.6G(24.0G)]
 [Times: user=0.59 sys=0.01, real=0.05 secs] 
2014-04-09T11:02:39.134+0900: 172.202: [GC pause (G1 Evacuation Pause) (mixed), 0.0950960 secs]
   [Parallel Time: 82.3 ms, GC Workers: 13]
      [GC Worker Start (ms): Min: 172202.7, Avg: 172203.0, Max: 172203.3, Diff: 0.5]
      [Ext Root Scanning (ms): Min: 0.6, Avg: 1.0, Max: 2.0, Diff: 1.3, Sum: 12.5]
      [Update RS (ms): Min: 7.3, Avg: 8.0, Max: 9.9, Diff: 2.6, Sum: 104.2]
         [Processed Buffers: Min: 3, Avg: 7.3, Max: 17, Diff: 14, Sum: 95]
      [Scan RS (ms): Min: 18.6, Avg: 20.3, Max: 21.0, Diff: 2.5, Sum: 263.5]
      [Code Root Scanning (ms): Min: 0.0, Avg: 0.0, Max: 0.0, Diff: 0.0, Sum: 0.0]
      [Object Copy (ms): Min: 51.7, Avg: 51.9, Max: 52.1, Diff: 0.4, Sum: 674.9]
      [Termination (ms): Min: 0.0, Avg: 0.0, Max: 0.0, Diff: 0.0, Sum: 0.1]
      [GC Worker Other (ms): Min: 0.0, Avg: 0.0, Max: 0.1, Diff: 0.0, Sum: 0.4]
      [GC Worker Total (ms): Min: 80.9, Avg: 81.2, Max: 81.4, Diff: 0.5, Sum: 1055.6]
      [GC Worker End (ms): Min: 172284.2, Avg: 172284.2, Max: 172284.2, Diff: 0.0]
   [Code Root Fixup: 0.1 ms]
   [Code Root Migration: 0.0 ms]
   [Clear CT: 5.1 ms]
   [Other: 7.5 ms]
      [Choose CSet: 0.2 ms]
      [Ref Proc: 1.6 ms]
      [Ref Enq: 0.0 ms]
      [Free CSet: 1.6 ms]
   [Eden: 1056.0M(1056.0M)->0.0B(1104.0M) Survivors: 160.0M->112.0M Heap: 13.6G(24.0G)->12.4G(24.0G)]
 [Times: user=1.11 sys=0.00, real=0.09 secs] 
2014-04-09T11:02:59.853+0900: 192.921: [GC pause (G1 Evacuation Pause) (young), 0.0187328 secs]
   [Parallel Time: 13.8 ms, GC Workers: 13]
      [GC Worker Start (ms): Min: 192921.0, Avg: 192921.3, Max: 192921.6, Diff: 0.6]
      [Ext Root Scanning (ms): Min: 0.5, Avg: 0.8, Max: 1.1, Diff: 0.5, Sum: 10.1]
      [Update RS (ms): Min: 6.7, Avg: 7.4, Max: 10.0, Diff: 3.3, Sum: 96.6]
         [Processed Buffers: Min: 2, Avg: 9.9, Max: 27, Diff: 25, Sum: 129]
      [Scan RS (ms): Min: 0.0, Avg: 0.8, Max: 1.1, Diff: 1.0, Sum: 10.0]
      [Code Root Scanning (ms): Min: 0.0, Avg: 0.0, Max: 0.0, Diff: 0.0, Sum: 0.0]
      [Object Copy (ms): Min: 1.5, Avg: 3.3, Max: 3.5, Diff: 2.0, Sum: 42.5]
      [Termination (ms): Min: 0.0, Avg: 0.0, Max: 0.0, Diff: 0.0, Sum: 0.0]
      [GC Worker Other (ms): Min: 0.0, Avg: 0.0, Max: 0.2, Diff: 0.1, Sum: 0.6]
      [GC Worker Total (ms): Min: 12.0, Avg: 12.3, Max: 12.8, Diff: 0.8, Sum: 159.9]
      [GC Worker End (ms): Min: 192933.6, Avg: 192933.6, Max: 192933.7, Diff: 0.1]
   [Code Root Fixup: 0.1 ms]
   [Code Root Migration: 0.0 ms]
   [Clear CT: 2.4 ms]
   [Other: 2.4 ms]
      [Choose CSet: 0.0 ms]
      [Ref Proc: 1.4 ms]
      [Ref Enq: 0.0 ms]
      [Free CSet: 0.3 ms]
   [Eden: 1104.0M(1104.0M)->0.0B(1936.0M) Survivors: 112.0M->64.0M Heap: 13.4G(24.0G)->12.3G(24.0G)]
 [Times: user=0.18 sys=0.00, real=0.02 secs] 
2014-04-09T11:03:00.161+0900: 193.229: [GC pause (G1 Humongous Allocation) (young) (initial-mark), 0.0182703 secs]
   [Parallel Time: 13.6 ms, GC Workers: 13]
      [GC Worker Start (ms): Min: 193229.3, Avg: 193229.5, Max: 193229.8, Diff: 0.5]
      [Ext Root Scanning (ms): Min: 0.6, Avg: 1.0, Max: 3.2, Diff: 2.6, Sum: 13.4]
      [Code Root Marking (ms): Min: 0.0, Avg: 0.7, Max: 5.2, Diff: 5.1, Sum: 9.2]
      [Update RS (ms): Min: 1.2, Avg: 5.1, Max: 6.4, Diff: 5.2, Sum: 66.3]
         [Processed Buffers: Min: 1, Avg: 7.7, Max: 19, Diff: 18, Sum: 100]
      [Scan RS (ms): Min: 0.0, Avg: 0.0, Max: 0.1, Diff: 0.1, Sum: 0.4]
      [Code Root Scanning (ms): Min: 0.0, Avg: 0.0, Max: 0.0, Diff: 0.0, Sum: 0.0]
      [Object Copy (ms): Min: 4.1, Avg: 4.9, Max: 6.0, Diff: 1.9, Sum: 63.3]
      [Termination (ms): Min: 0.0, Avg: 0.7, Max: 0.8, Diff: 0.8, Sum: 9.5]
      [GC Worker Other (ms): Min: 0.0, Avg: 0.0, Max: 0.1, Diff: 0.1, Sum: 0.4]
      [GC Worker Total (ms): Min: 12.3, Avg: 12.5, Max: 12.8, Diff: 0.5, Sum: 162.6]
      [GC Worker End (ms): Min: 193242.0, Avg: 193242.1, Max: 193242.1, Diff: 0.1]
   [Code Root Fixup: 0.2 ms]
   [Code Root Migration: 0.0 ms]
   [Clear CT: 1.9 ms]
   [Other: 2.5 ms]
      [Choose CSet: 0.0 ms]
      [Ref Proc: 1.4 ms]
      [Ref Enq: 0.0 ms]
      [Free CSet: 0.2 ms]
   [Eden: 752.0M(1936.0M)->0.0B(4288.0M) Survivors: 64.0M->48.0M Heap: 13.0G(24.0G)->12.3G(24.0G)]
 [Times: user=0.17 sys=0.00, real=0.02 secs] 
2014-04-09T11:03:00.180+0900: 193.247: [GC concurrent-root-region-scan-start]
2014-04-09T11:03:00.189+0900: 193.257: [GC concurrent-root-region-scan-end, 0.0092588 secs]
2014-04-09T11:03:00.189+0900: 193.257: [GC concurrent-mark-start]
2014-04-09T11:03:01.532+0900: 194.599: [GC concurrent-mark-end, 1.3427819 secs]
2014-04-09T11:03:01.533+0900: 194.601: [GC remark 194.602: [GC ref-proc, 0.0050095 secs], 0.0258722 secs]
 [Times: user=0.20 sys=0.00, real=0.03 secs] 
2014-04-09T11:03:01.560+0900: 194.628: [GC cleanup 14G->14G(24G), 0.0237175 secs]
 [Times: user=0.28 sys=0.00, real=0.02 secs] 
2014-04-09T11:03:01.584+0900: 194.652: [GC concurrent-cleanup-start]
2014-04-09T11:03:01.585+0900: 194.652: [GC concurrent-cleanup-end, 0.0004002 secs]
2014-04-09T11:03:02.948+0900: 196.016: [GC pause (G1 Evacuation Pause) (young), 0.1288953 secs]
   [Parallel Time: 115.9 ms, GC Workers: 13]
      [GC Worker Start (ms): Min: 196016.7, Avg: 196016.9, Max: 196017.1, Diff: 0.4]
      [Ext Root Scanning (ms): Min: 0.7, Avg: 0.9, Max: 1.1, Diff: 0.4, Sum: 11.4]
      [Update RS (ms): Min: 2.9, Avg: 3.2, Max: 4.0, Diff: 1.2, Sum: 41.0]
         [Processed Buffers: Min: 6, Avg: 10.2, Max: 22, Diff: 16, Sum: 133]
      [Scan RS (ms): Min: 23.1, Avg: 23.9, Max: 24.3, Diff: 1.2, Sum: 311.2]
      [Code Root Scanning (ms): Min: 0.0, Avg: 0.0, Max: 0.0, Diff: 0.0, Sum: 0.1]
      [Object Copy (ms): Min: 86.7, Avg: 86.8, Max: 87.0, Diff: 0.2, Sum: 1128.6]
      [Termination (ms): Min: 0.0, Avg: 0.0, Max: 0.0, Diff: 0.0, Sum: 0.0]
      [GC Worker Other (ms): Min: 0.0, Avg: 0.1, Max: 0.3, Diff: 0.2, Sum: 1.3]
      [GC Worker Total (ms): Min: 114.6, Avg: 114.9, Max: 115.2, Diff: 0.6, Sum: 1493.6]
      [GC Worker End (ms): Min: 196131.7, Avg: 196131.8, Max: 196132.0, Diff: 0.2]
   [Code Root Fixup: 0.3 ms]
   [Code Root Migration: 0.1 ms]
   [Clear CT: 4.7 ms]
   [Other: 8.0 ms]
      [Choose CSet: 0.0 ms]
      [Ref Proc: 1.0 ms]
      [Ref Enq: 0.0 ms]
      [Free CSet: 1.7 ms]
   [Eden: 3088.0M(2416.0M)->0.0B(896.0M) Survivors: 48.0M->320.0M Heap: 16.0G(24.0G)->13.5G(24.0G)]
 [Times: user=1.52 sys=0.03, real=0.13 secs] 
2014-04-09T11:03:03.723+0900: 196.791: [GC pause (G1 Evacuation Pause) (mixed), 0.1980946 secs]
   [Parallel Time: 180.8 ms, GC Workers: 13]
      [GC Worker Start (ms): Min: 196791.5, Avg: 196791.8, Max: 196792.0, Diff: 0.4]
      [Ext Root Scanning (ms): Min: 0.7, Avg: 0.9, Max: 1.7, Diff: 1.0, Sum: 12.0]
      [Update RS (ms): Min: 2.1, Avg: 2.9, Max: 3.9, Diff: 1.8, Sum: 37.5]
         [Processed Buffers: Min: 6, Avg: 9.5, Max: 16, Diff: 10, Sum: 124]
      [Scan RS (ms): Min: 45.1, Avg: 46.1, Max: 46.5, Diff: 1.4, Sum: 599.9]
      [Code Root Scanning (ms): Min: 0.0, Avg: 0.0, Max: 0.0, Diff: 0.0, Sum: 0.1]
      [Object Copy (ms): Min: 129.5, Avg: 129.8, Max: 130.0, Diff: 0.4, Sum: 1687.1]
      [Termination (ms): Min: 0.0, Avg: 0.0, Max: 0.0, Diff: 0.0, Sum: 0.0]
      [GC Worker Other (ms): Min: 0.0, Avg: 0.0, Max: 0.1, Diff: 0.1, Sum: 0.6]
      [GC Worker Total (ms): Min: 179.6, Avg: 179.8, Max: 180.0, Diff: 0.4, Sum: 2337.2]
      [GC Worker End (ms): Min: 196971.5, Avg: 196971.6, Max: 196971.6, Diff: 0.1]
   [Code Root Fixup: 0.3 ms]
   [Code Root Migration: 0.1 ms]
   [Clear CT: 4.6 ms]
   [Other: 12.4 ms]
      [Choose CSet: 0.5 ms]
      [Ref Proc: 0.8 ms]
      [Ref Enq: 0.0 ms]
      [Free CSet: 2.5 ms]
   [Eden: 896.0M(896.0M)->0.0B(1056.0M) Survivors: 320.0M->160.0M Heap: 14.7G(24.0G)->13.3G(24.0G)]
 [Times: user=2.40 sys=0.00, real=0.20 secs] 
2014-04-09T11:03:04.675+0900: 197.743: [GC pause (G1 Evacuation Pause) (mixed), 0.1895466 secs]
   [Parallel Time: 171.3 ms, GC Workers: 13]
      [GC Worker Start (ms): Min: 197744.2, Avg: 197744.5, Max: 197744.7, Diff: 0.5]
      [Ext Root Scanning (ms): Min: 0.6, Avg: 0.9, Max: 1.8, Diff: 1.2, Sum: 11.4]
      [Update RS (ms): Min: 9.6, Avg: 10.7, Max: 13.0, Diff: 3.4, Sum: 138.6]
         [Processed Buffers: Min: 9, Avg: 16.2, Max: 29, Diff: 20, Sum: 211]
      [Scan RS (ms): Min: 44.2, Avg: 46.4, Max: 46.8, Diff: 2.6, Sum: 603.5]
      [Code Root Scanning (ms): Min: 0.0, Avg: 0.0, Max: 0.0, Diff: 0.0, Sum: 0.1]
      [Object Copy (ms): Min: 112.2, Avg: 112.4, Max: 112.6, Diff: 0.4, Sum: 1460.6]
      [Termination (ms): Min: 0.0, Avg: 0.0, Max: 0.0, Diff: 0.0, Sum: 0.1]
      [GC Worker Other (ms): Min: 0.0, Avg: 0.0, Max: 0.1, Diff: 0.1, Sum: 0.5]
      [GC Worker Total (ms): Min: 170.1, Avg: 170.4, Max: 170.7, Diff: 0.5, Sum: 2214.8]
      [GC Worker End (ms): Min: 197914.9, Avg: 197914.9, Max: 197914.9, Diff: 0.1]
   [Code Root Fixup: 0.3 ms]
   [Code Root Migration: 0.0 ms]
   [Clear CT: 5.2 ms]
   [Other: 12.7 ms]
      [Choose CSet: 0.7 ms]
      [Ref Proc: 1.2 ms]
      [Ref Enq: 0.0 ms]
      [Free CSet: 2.5 ms]
   [Eden: 1056.0M(1056.0M)->0.0B(1056.0M) Survivors: 160.0M->160.0M Heap: 14.7G(24.0G)->13.3G(24.0G)]
 [Times: user=2.27 sys=0.01, real=0.19 secs] 
2014-04-09T11:03:05.673+0900: 198.741: [GC pause (G1 Evacuation Pause) (mixed), 0.1839999 secs]
   [Parallel Time: 166.7 ms, GC Workers: 13]
      [GC Worker Start (ms): Min: 198742.0, Avg: 198742.2, Max: 198742.4, Diff: 0.4]
      [Ext Root Scanning (ms): Min: 0.7, Avg: 0.9, Max: 1.2, Diff: 0.5, Sum: 12.3]
      [Update RS (ms): Min: 10.6, Avg: 11.6, Max: 12.3, Diff: 1.7, Sum: 151.4]
         [Processed Buffers: Min: 13, Avg: 17.3, Max: 22, Diff: 9, Sum: 225]
      [Scan RS (ms): Min: 43.9, Avg: 44.3, Max: 44.7, Diff: 0.7, Sum: 576.0]
      [Code Root Scanning (ms): Min: 0.0, Avg: 0.0, Max: 0.2, Diff: 0.2, Sum: 0.3]
      [Object Copy (ms): Min: 108.6, Avg: 108.9, Max: 109.9, Diff: 1.3, Sum: 1415.4]
      [Termination (ms): Min: 0.0, Avg: 0.0, Max: 0.0, Diff: 0.0, Sum: 0.0]
      [GC Worker Other (ms): Min: 0.0, Avg: 0.1, Max: 0.2, Diff: 0.2, Sum: 0.7]
      [GC Worker Total (ms): Min: 165.7, Avg: 165.9, Max: 166.1, Diff: 0.5, Sum: 2156.2]
      [GC Worker End (ms): Min: 198908.0, Avg: 198908.1, Max: 198908.2, Diff: 0.2]
   [Code Root Fixup: 0.4 ms]
   [Code Root Migration: 0.6 ms]
   [Clear CT: 4.6 ms]
   [Other: 11.6 ms]
      [Choose CSet: 0.6 ms]
      [Ref Proc: 1.0 ms]
      [Ref Enq: 0.0 ms]
      [Free CSet: 2.3 ms]
   [Eden: 1056.0M(1056.0M)->0.0B(1056.0M) Survivors: 160.0M->160.0M Heap: 14.6G(24.0G)->13.3G(24.0G)]
 [Times: user=2.20 sys=0.00, real=0.18 secs] 
2014-04-09T11:03:05.866+0900: 198.934: [GC pause (G1 Humongous Allocation) (young) (initial-mark), 0.1764597 secs]
   [Parallel Time: 171.7 ms, GC Workers: 13]
      [GC Worker Start (ms): Min: 198933.8, Avg: 198934.0, Max: 198934.3, Diff: 0.5]
      [Ext Root Scanning (ms): Min: 0.5, Avg: 1.0, Max: 2.7, Diff: 2.2, Sum: 12.9]
      [Code Root Marking (ms): Min: 0.0, Avg: 0.8, Max: 6.8, Diff: 6.8, Sum: 10.7]
      [Update RS (ms): Min: 112.3, Avg: 122.1, Max: 167.2, Diff: 54.9, Sum: 1587.0]
         [Processed Buffers: Min: 25, Avg: 69.5, Max: 106, Diff: 81, Sum: 904]
      [Scan RS (ms): Min: 0.0, Avg: 0.1, Max: 0.3, Diff: 0.3, Sum: 1.6]
      [Code Root Scanning (ms): Min: 0.0, Avg: 0.0, Max: 0.0, Diff: 0.0, Sum: 0.0]
      [Object Copy (ms): Min: 0.5, Avg: 24.4, Max: 26.8, Diff: 26.3, Sum: 316.8]
      [Termination (ms): Min: 0.0, Avg: 22.2, Max: 24.2, Diff: 24.2, Sum: 289.1]
      [GC Worker Other (ms): Min: 0.0, Avg: 0.0, Max: 0.0, Diff: 0.0, Sum: 0.3]
      [GC Worker Total (ms): Min: 170.4, Avg: 170.7, Max: 170.9, Diff: 0.5, Sum: 2218.5]
      [GC Worker End (ms): Min: 199104.7, Avg: 199104.7, Max: 199104.7, Diff: 0.0]
   [Code Root Fixup: 0.2 ms]
   [Code Root Migration: 0.0 ms]
   [Clear CT: 0.9 ms]
   [Other: 3.7 ms]
      [Choose CSet: 0.0 ms]
      [Ref Proc: 0.9 ms]
      [Ref Enq: 0.0 ms]
      [Free CSet: 0.1 ms]
   [Eden: 16.0M(1056.0M)->0.0B(1184.0M) Survivors: 160.0M->32.0M Heap: 13.3G(24.0G)->13.4G(24.0G)]
 [Times: user=2.21 sys=0.00, real=0.18 secs] 
2014-04-09T11:03:06.042+0900: 199.110: [GC concurrent-root-region-scan-start]
2014-04-09T11:03:06.043+0900: 199.110: [GC concurrent-root-region-scan-end, 0.0002246 secs]
2014-04-09T11:03:06.043+0900: 199.110: [GC concurrent-mark-start]
2014-04-09T11:03:07.126+0900: 200.194: [GC pause (G1 Evacuation Pause) (young), 0.0744084 secs]
   [Parallel Time: 67.2 ms, GC Workers: 13]
      [GC Worker Start (ms): Min: 200194.6, Avg: 200194.8, Max: 200195.0, Diff: 0.4]
      [Ext Root Scanning (ms): Min: 0.5, Avg: 0.7, Max: 1.1, Diff: 0.6, Sum: 9.6]
      [SATB Filtering (ms): Min: 0.0, Avg: 0.0, Max: 0.4, Diff: 0.4, Sum: 0.4]
      [Update RS (ms): Min: 2.2, Avg: 6.0, Max: 43.2, Diff: 41.0, Sum: 78.6]
         [Processed Buffers: Min: 4, Avg: 10.1, Max: 33, Diff: 29, Sum: 131]
      [Scan RS (ms): Min: 0.0, Avg: 14.3, Max: 16.1, Diff: 16.1, Sum: 185.6]
      [Code Root Scanning (ms): Min: 0.0, Avg: 0.0, Max: 0.0, Diff: 0.0, Sum: 0.0]
      [Object Copy (ms): Min: 22.0, Avg: 44.9, Max: 47.0, Diff: 25.0, Sum: 583.7]
      [Termination (ms): Min: 0.0, Avg: 0.1, Max: 0.2, Diff: 0.2, Sum: 1.8]
      [GC Worker Other (ms): Min: 0.0, Avg: 0.1, Max: 0.2, Diff: 0.1, Sum: 0.8]
      [GC Worker Total (ms): Min: 66.0, Avg: 66.2, Max: 66.4, Diff: 0.4, Sum: 860.5]
      [GC Worker End (ms): Min: 200261.0, Avg: 200261.0, Max: 200261.1, Diff: 0.1]
   [Code Root Fixup: 0.2 ms]
   [Code Root Migration: 0.0 ms]
   [Clear CT: 3.4 ms]
   [Other: 3.6 ms]
      [Choose CSet: 0.0 ms]
      [Ref Proc: 1.0 ms]
      [Ref Enq: 0.0 ms]
      [Free CSet: 0.5 ms]
   [Eden: 1184.0M(1184.0M)->0.0B(1056.0M) Survivors: 32.0M->160.0M Heap: 14.9G(24.0G)->14.1G(24.0G)]
 [Times: user=0.90 sys=0.00, real=0.08 secs] 
2014-04-09T11:03:07.887+0900: 200.955: [GC concurrent-mark-end, 1.8440992 secs]
2014-04-09T11:03:07.888+0900: 200.955: [GC remark 200.957: [GC ref-proc, 0.0056996 secs], 0.0278245 secs]
 [Times: user=0.22 sys=0.00, real=0.02 secs] 
2014-04-09T11:03:07.917+0900: 200.985: [GC cleanup 14G->12G(24G), 0.0248737 secs]
 [Times: user=0.28 sys=0.00, real=0.03 secs] 
2014-04-09T11:03:07.942+0900: 201.010: [GC concurrent-cleanup-start]
2014-04-09T11:03:07.944+0900: 201.012: [GC concurrent-cleanup-end, 0.0015658 secs]
2014-04-09T11:03:09.399+0900: 202.467: [GC pause (G1 Evacuation Pause) (young), 0.1605878 secs]
   [Parallel Time: 152.1 ms, GC Workers: 13]
      [GC Worker Start (ms): Min: 202467.3, Avg: 202467.6, Max: 202467.8, Diff: 0.5]
      [Ext Root Scanning (ms): Min: 0.6, Avg: 0.8, Max: 1.0, Diff: 0.4, Sum: 10.2]
      [Update RS (ms): Min: 2.3, Avg: 2.9, Max: 4.1, Diff: 1.8, Sum: 37.8]
         [Processed Buffers: Min: 5, Avg: 9.7, Max: 14, Diff: 9, Sum: 126]
      [Scan RS (ms): Min: 63.6, Avg: 64.9, Max: 65.8, Diff: 2.2, Sum: 843.7]
      [Code Root Scanning (ms): Min: 0.0, Avg: 0.0, Max: 0.0, Diff: 0.0, Sum: 0.0]
      [Object Copy (ms): Min: 82.4, Avg: 82.9, Max: 83.4, Diff: 0.9, Sum: 1077.4]
      [Termination (ms): Min: 0.0, Avg: 0.0, Max: 0.0, Diff: 0.0, Sum: 0.2]
      [GC Worker Other (ms): Min: 0.0, Avg: 0.0, Max: 0.1, Diff: 0.1, Sum: 0.5]
      [GC Worker Total (ms): Min: 151.3, Avg: 151.5, Max: 151.8, Diff: 0.5, Sum: 1969.8]
      [GC Worker End (ms): Min: 202619.1, Avg: 202619.1, Max: 202619.1, Diff: 0.1]
   [Code Root Fixup: 0.3 ms]
   [Code Root Migration: 0.0 ms]
   [Clear CT: 3.1 ms]
   [Other: 5.1 ms]
      [Choose CSet: 0.0 ms]
      [Ref Proc: 0.3 ms]
      [Ref Enq: 0.0 ms]
      [Free CSet: 0.6 ms]
   [Eden: 1056.0M(1056.0M)->0.0B(1056.0M) Survivors: 160.0M->160.0M Heap: 13.5G(24.0G)->12.7G(24.0G)]
 [Times: user=1.77 sys=0.06, real=0.16 secs] 
2014-04-09T11:03:11.502+0900: 204.570: [GC pause (G1 Evacuation Pause) (mixed), 0.2208798 secs]
   [Parallel Time: 208.5 ms, GC Workers: 13]
      [GC Worker Start (ms): Min: 204570.1, Avg: 204570.4, Max: 204570.7, Diff: 0.5]
      [Ext Root Scanning (ms): Min: 0.5, Avg: 0.8, Max: 1.7, Diff: 1.2, Sum: 10.8]
      [Update RS (ms): Min: 3.2, Avg: 4.4, Max: 5.1, Diff: 2.0, Sum: 57.0]
         [Processed Buffers: Min: 4, Avg: 9.6, Max: 24, Diff: 20, Sum: 125]
      [Scan RS (ms): Min: 60.6, Avg: 61.2, Max: 61.7, Diff: 1.1, Sum: 796.0]
      [Code Root Scanning (ms): Min: 0.0, Avg: 0.0, Max: 0.0, Diff: 0.0, Sum: 0.1]
      [Object Copy (ms): Min: 139.2, Avg: 139.6, Max: 141.4, Diff: 2.2, Sum: 1815.2]
      [Termination (ms): Min: 0.0, Avg: 1.8, Max: 2.1, Diff: 2.1, Sum: 23.0]
      [GC Worker Other (ms): Min: 0.0, Avg: 0.0, Max: 0.1, Diff: 0.1, Sum: 0.5]
      [GC Worker Total (ms): Min: 207.6, Avg: 207.9, Max: 208.2, Diff: 0.5, Sum: 2702.6]
      [GC Worker End (ms): Min: 204778.3, Avg: 204778.3, Max: 204778.3, Diff: 0.1]
   [Code Root Fixup: 0.1 ms]
   [Code Root Migration: 0.0 ms]
   [Clear CT: 4.2 ms]
   [Other: 8.0 ms]
      [Choose CSet: 0.2 ms]
      [Ref Proc: 0.7 ms]
      [Ref Enq: 0.0 ms]
      [Free CSet: 1.1 ms]
   [Eden: 1056.0M(1056.0M)->0.0B(1056.0M) Survivors: 160.0M->160.0M Heap: 13.9G(24.0G)->12.8G(24.0G)]
 [Times: user=2.73 sys=0.00, real=0.22 secs] 
2014-04-09T11:03:30.162+0900: 223.230: [GC pause (G1 Evacuation Pause) (young), 0.0782551 secs]
   [Parallel Time: 70.9 ms, GC Workers: 13]
      [GC Worker Start (ms): Min: 223229.9, Avg: 223230.2, Max: 223230.5, Diff: 0.6]
      [Ext Root Scanning (ms): Min: 0.6, Avg: 0.9, Max: 1.4, Diff: 0.8, Sum: 11.5]
      [Update RS (ms): Min: 11.2, Avg: 11.7, Max: 13.3, Diff: 2.0, Sum: 152.2]
         [Processed Buffers: Min: 2, Avg: 9.6, Max: 28, Diff: 26, Sum: 125]
      [Scan RS (ms): Min: 12.1, Avg: 13.6, Max: 14.2, Diff: 2.1, Sum: 177.1]
      [Code Root Scanning (ms): Min: 0.0, Avg: 0.0, Max: 0.0, Diff: 0.0, Sum: 0.0]
      [Object Copy (ms): Min: 42.8, Avg: 43.0, Max: 43.2, Diff: 0.3, Sum: 559.2]
      [Termination (ms): Min: 0.0, Avg: 0.2, Max: 0.2, Diff: 0.2, Sum: 2.0]
      [GC Worker Other (ms): Min: 0.0, Avg: 0.1, Max: 0.1, Diff: 0.1, Sum: 0.7]
      [GC Worker Total (ms): Min: 69.2, Avg: 69.4, Max: 69.8, Diff: 0.6, Sum: 902.8]
      [GC Worker End (ms): Min: 223299.6, Avg: 223299.7, Max: 223299.7, Diff: 0.1]
   [Code Root Fixup: 0.1 ms]
   [Code Root Migration: 0.0 ms]
   [Clear CT: 3.4 ms]
   [Other: 3.8 ms]
      [Choose CSet: 0.0 ms]
      [Ref Proc: 1.4 ms]
      [Ref Enq: 0.0 ms]
      [Free CSet: 0.4 ms]
   [Eden: 1056.0M(1056.0M)->0.0B(1104.0M) Survivors: 160.0M->112.0M Heap: 13.8G(24.0G)->12.9G(24.0G)]
 [Times: user=0.93 sys=0.00, real=0.07 secs] 
2014-04-09T11:03:30.818+0900: 223.886: [GC pause (G1 Evacuation Pause) (young) (initial-mark), 0.0115542 secs]
   [Parallel Time: 8.5 ms, GC Workers: 13]
      [GC Worker Start (ms): Min: 223886.5, Avg: 223886.7, Max: 223886.9, Diff: 0.5]
      [Ext Root Scanning (ms): Min: 0.4, Avg: 0.7, Max: 2.4, Diff: 2.0, Sum: 9.3]
      [Code Root Marking (ms): Min: 0.0, Avg: 0.8, Max: 6.8, Diff: 6.7, Sum: 10.1]
      [Update RS (ms): Min: 0.0, Avg: 3.4, Max: 4.3, Diff: 4.3, Sum: 43.7]
         [Processed Buffers: Min: 0, Avg: 7.2, Max: 21, Diff: 21, Sum: 93]
      [Scan RS (ms): Min: 0.0, Avg: 0.1, Max: 0.2, Diff: 0.2, Sum: 0.7]
      [Code Root Scanning (ms): Min: 0.0, Avg: 0.0, Max: 0.0, Diff: 0.0, Sum: 0.0]
      [Object Copy (ms): Min: 0.4, Avg: 0.6, Max: 1.1, Diff: 0.7, Sum: 8.2]
      [Termination (ms): Min: 0.0, Avg: 2.2, Max: 2.5, Diff: 2.5, Sum: 29.1]
      [GC Worker Other (ms): Min: 0.0, Avg: 0.0, Max: 0.0, Diff: 0.0, Sum: 0.2]
      [GC Worker Total (ms): Min: 7.6, Avg: 7.8, Max: 8.0, Diff: 0.4, Sum: 101.3]
      [GC Worker End (ms): Min: 223894.5, Avg: 223894.5, Max: 223894.5, Diff: 0.0]
   [Code Root Fixup: 0.1 ms]
   [Code Root Migration: 0.0 ms]
   [Clear CT: 1.1 ms]
   [Other: 1.8 ms]
      [Choose CSet: 0.0 ms]
      [Ref Proc: 0.9 ms]
      [Ref Enq: 0.0 ms]
      [Free CSet: 0.3 ms]
   [Eden: 1104.0M(1104.0M)->0.0B(1168.0M) Survivors: 112.0M->48.0M Heap: 14.0G(24.0G)->12.8G(24.0G)]
 [Times: user=0.11 sys=0.00, real=0.01 secs] 
2014-04-09T11:03:30.830+0900: 223.898: [GC concurrent-root-region-scan-start]
2014-04-09T11:03:30.831+0900: 223.899: [GC concurrent-root-region-scan-end, 0.0013299 secs]
2014-04-09T11:03:30.831+0900: 223.899: [GC concurrent-mark-start]
2014-04-09T11:03:31.950+0900: 225.018: [GC pause (G1 Evacuation Pause) (young), 0.0491571 secs]
   [Parallel Time: 41.6 ms, GC Workers: 13]
      [GC Worker Start (ms): Min: 225018.5, Avg: 225018.7, Max: 225018.8, Diff: 0.3]
      [Ext Root Scanning (ms): Min: 0.6, Avg: 0.7, Max: 1.3, Diff: 0.7, Sum: 9.5]
      [SATB Filtering (ms): Min: 0.0, Avg: 0.0, Max: 0.3, Diff: 0.3, Sum: 0.3]
      [Update RS (ms): Min: 2.8, Avg: 3.6, Max: 4.5, Diff: 1.7, Sum: 46.7]
         [Processed Buffers: Min: 12, Avg: 15.5, Max: 22, Diff: 10, Sum: 201]
      [Scan RS (ms): Min: 5.3, Avg: 6.0, Max: 6.3, Diff: 1.1, Sum: 77.8]
      [Code Root Scanning (ms): Min: 0.0, Avg: 0.0, Max: 0.0, Diff: 0.0, Sum: 0.0]
      [Object Copy (ms): Min: 29.8, Avg: 30.0, Max: 30.1, Diff: 0.2, Sum: 389.6]
      [Termination (ms): Min: 0.0, Avg: 0.0, Max: 0.0, Diff: 0.0, Sum: 0.2]
      [GC Worker Other (ms): Min: 0.0, Avg: 0.0, Max: 0.1, Diff: 0.0, Sum: 0.3]
      [GC Worker Total (ms): Min: 40.2, Avg: 40.3, Max: 40.5, Diff: 0.3, Sum: 524.4]
      [GC Worker End (ms): Min: 225059.0, Avg: 225059.0, Max: 225059.0, Diff: 0.0]
   [Code Root Fixup: 0.3 ms]
   [Code Root Migration: 0.0 ms]
   [Clear CT: 4.0 ms]
   [Other: 3.3 ms]
      [Choose CSet: 0.0 ms]
      [Ref Proc: 1.0 ms]
      [Ref Enq: 0.0 ms]
      [Free CSet: 0.7 ms]
   [Eden: 1168.0M(1168.0M)->0.0B(1056.0M) Survivors: 48.0M->160.0M Heap: 14.4G(24.0G)->13.4G(24.0G)]
 [Times: user=0.56 sys=0.00, real=0.05 secs] 
2014-04-09T11:03:32.343+0900: 225.411: [GC concurrent-mark-end, 1.5112435 secs]
2014-04-09T11:03:32.344+0900: 225.412: [GC remark 225.413: [GC ref-proc, 0.0041409 secs], 0.0282999 secs]
 [Times: user=0.25 sys=0.00, real=0.03 secs] 
2014-04-09T11:03:32.374+0900: 225.442: [GC cleanup 14G->13G(24G), 0.0320692 secs]
 [Times: user=0.39 sys=0.00, real=0.03 secs] 
2014-04-09T11:03:32.406+0900: 225.474: [GC concurrent-cleanup-start]
2014-04-09T11:03:32.407+0900: 225.475: [GC concurrent-cleanup-end, 0.0009732 secs]
2014-04-09T11:03:32.788+0900: 225.856: [GC pause (G1 Evacuation Pause) (young), 0.0886171 secs]
   [Parallel Time: 80.1 ms, GC Workers: 13]
      [GC Worker Start (ms): Min: 225856.2, Avg: 225856.5, Max: 225856.7, Diff: 0.5]
      [Ext Root Scanning (ms): Min: 0.3, Avg: 0.8, Max: 1.7, Diff: 1.4, Sum: 10.5]
      [Update RS (ms): Min: 7.6, Avg: 8.5, Max: 9.6, Diff: 2.1, Sum: 110.3]
         [Processed Buffers: Min: 6, Avg: 11.7, Max: 24, Diff: 18, Sum: 152]
      [Scan RS (ms): Min: 15.1, Avg: 16.0, Max: 16.3, Diff: 1.3, Sum: 208.0]
      [Code Root Scanning (ms): Min: 0.0, Avg: 0.0, Max: 0.0, Diff: 0.0, Sum: 0.0]
      [Object Copy (ms): Min: 53.4, Avg: 54.0, Max: 54.6, Diff: 1.3, Sum: 701.8]
      [Termination (ms): Min: 0.0, Avg: 0.0, Max: 0.0, Diff: 0.0, Sum: 0.0]
      [GC Worker Other (ms): Min: 0.0, Avg: 0.0, Max: 0.1, Diff: 0.1, Sum: 0.4]
      [GC Worker Total (ms): Min: 79.1, Avg: 79.3, Max: 79.5, Diff: 0.5, Sum: 1031.0]
      [GC Worker End (ms): Min: 225935.8, Avg: 225935.8, Max: 225935.8, Diff: 0.0]
   [Code Root Fixup: 0.3 ms]
   [Code Root Migration: 0.0 ms]
   [Clear CT: 3.6 ms]
   [Other: 4.6 ms]
      [Choose CSet: 0.0 ms]
      [Ref Proc: 0.9 ms]
      [Ref Enq: 0.0 ms]
      [Free CSet: 0.9 ms]
   [Eden: 1056.0M(1056.0M)->0.0B(1056.0M) Survivors: 160.0M->160.0M Heap: 13.8G(24.0G)->13.0G(24.0G)]
 [Times: user=1.06 sys=0.01, real=0.09 secs] 
2014-04-09T11:03:34.176+0900: 227.244: [GC pause (G1 Evacuation Pause) (mixed), 0.1663489 secs]
   [Parallel Time: 151.1 ms, GC Workers: 13]
      [GC Worker Start (ms): Min: 227244.8, Avg: 227245.0, Max: 227245.3, Diff: 0.4]
      [Ext Root Scanning (ms): Min: 0.6, Avg: 0.9, Max: 1.7, Diff: 1.1, Sum: 11.6]
      [Update RS (ms): Min: 5.4, Avg: 5.8, Max: 6.8, Diff: 1.4, Sum: 75.8]
         [Processed Buffers: Min: 4, Avg: 11.7, Max: 18, Diff: 14, Sum: 152]
      [Scan RS (ms): Min: 42.1, Avg: 43.1, Max: 43.7, Diff: 1.5, Sum: 560.8]
      [Code Root Scanning (ms): Min: 0.0, Avg: 0.0, Max: 0.0, Diff: 0.0, Sum: 0.1]
      [Object Copy (ms): Min: 100.0, Avg: 100.2, Max: 100.4, Diff: 0.4, Sum: 1302.6]
      [Termination (ms): Min: 0.0, Avg: 0.0, Max: 0.0, Diff: 0.0, Sum: 0.2]
      [GC Worker Other (ms): Min: 0.0, Avg: 0.0, Max: 0.1, Diff: 0.1, Sum: 0.5]
      [GC Worker Total (ms): Min: 149.9, Avg: 150.1, Max: 150.3, Diff: 0.5, Sum: 1951.5]
      [GC Worker End (ms): Min: 227395.1, Avg: 227395.2, Max: 227395.2, Diff: 0.1]
   [Code Root Fixup: 0.3 ms]
   [Code Root Migration: 0.1 ms]
   [Clear CT: 5.2 ms]
   [Other: 9.7 ms]
      [Choose CSet: 0.6 ms]
      [Ref Proc: 1.2 ms]
      [Ref Enq: 0.0 ms]
      [Free CSet: 2.4 ms]
   [Eden: 1056.0M(1056.0M)->0.0B(1056.0M) Survivors: 160.0M->160.0M Heap: 14.4G(24.0G)->13.0G(24.0G)]
 [Times: user=2.01 sys=0.00, real=0.17 secs] 
2014-04-09T11:03:35.213+0900: 228.281: [GC pause (G1 Evacuation Pause) (mixed), 0.1833736 secs]
   [Parallel Time: 167.0 ms, GC Workers: 13]
      [GC Worker Start (ms): Min: 228282.1, Avg: 228282.3, Max: 228282.6, Diff: 0.5]
      [Ext Root Scanning (ms): Min: 0.5, Avg: 0.8, Max: 1.4, Diff: 0.9, Sum: 10.2]
      [Update RS (ms): Min: 7.2, Avg: 7.6, Max: 8.3, Diff: 1.2, Sum: 98.2]
         [Processed Buffers: Min: 1, Avg: 17.5, Max: 41, Diff: 40, Sum: 227]
      [Scan RS (ms): Min: 49.8, Avg: 51.1, Max: 51.5, Diff: 1.7, Sum: 663.9]
      [Code Root Scanning (ms): Min: 0.0, Avg: 0.0, Max: 0.0, Diff: 0.0, Sum: 0.1]
      [Object Copy (ms): Min: 106.6, Avg: 106.8, Max: 106.9, Diff: 0.3, Sum: 1388.1]
      [Termination (ms): Min: 0.0, Avg: 0.0, Max: 0.0, Diff: 0.0, Sum: 0.0]
      [GC Worker Other (ms): Min: 0.0, Avg: 0.0, Max: 0.1, Diff: 0.1, Sum: 0.5]
      [GC Worker Total (ms): Min: 166.0, Avg: 166.2, Max: 166.5, Diff: 0.5, Sum: 2161.0]
      [GC Worker End (ms): Min: 228448.5, Avg: 228448.5, Max: 228448.6, Diff: 0.1]
   [Code Root Fixup: 0.4 ms]
   [Code Root Migration: 0.1 ms]
   [Clear CT: 4.7 ms]
   [Other: 11.1 ms]
      [Choose CSet: 0.8 ms]
      [Ref Proc: 1.2 ms]
      [Ref Enq: 0.0 ms]
      [Free CSet: 2.3 ms]
   [Eden: 1056.0M(1056.0M)->0.0B(1056.0M) Survivors: 160.0M->160.0M Heap: 14.4G(24.0G)->13.0G(24.0G)]
 [Times: user=2.22 sys=0.00, real=0.18 secs] 
2014-04-09T11:03:36.131+0900: 229.199: [GC pause (G1 Evacuation Pause) (mixed), 0.2015337 secs]
   [Parallel Time: 185.8 ms, GC Workers: 13]
      [GC Worker Start (ms): Min: 229200.1, Avg: 229200.3, Max: 229200.5, Diff: 0.4]
      [Ext Root Scanning (ms): Min: 0.7, Avg: 0.9, Max: 1.2, Diff: 0.6, Sum: 11.3]
      [Update RS (ms): Min: 7.9, Avg: 8.6, Max: 9.9, Diff: 2.0, Sum: 111.8]
         [Processed Buffers: Min: 4, Avg: 14.3, Max: 25, Diff: 21, Sum: 186]
      [Scan RS (ms): Min: 53.5, Avg: 54.6, Max: 55.1, Diff: 1.6, Sum: 710.3]
      [Code Root Scanning (ms): Min: 0.0, Avg: 0.0, Max: 0.0, Diff: 0.0, Sum: 0.1]
      [Object Copy (ms): Min: 120.7, Avg: 120.9, Max: 121.2, Diff: 0.5, Sum: 1572.3]
      [Termination (ms): Min: 0.0, Avg: 0.0, Max: 0.0, Diff: 0.0, Sum: 0.3]
      [GC Worker Other (ms): Min: 0.0, Avg: 0.0, Max: 0.1, Diff: 0.1, Sum: 0.6]
      [GC Worker Total (ms): Min: 184.9, Avg: 185.1, Max: 185.4, Diff: 0.4, Sum: 2406.7]
      [GC Worker End (ms): Min: 229385.4, Avg: 229385.4, Max: 229385.5, Diff: 0.1]
   [Code Root Fixup: 0.4 ms]
   [Code Root Migration: 0.1 ms]
   [Clear CT: 4.8 ms]
   [Other: 10.5 ms]
      [Choose CSet: 0.9 ms]
      [Ref Proc: 0.6 ms]
      [Ref Enq: 0.0 ms]
      [Free CSet: 2.4 ms]
   [Eden: 1056.0M(1056.0M)->0.0B(1056.0M) Survivors: 160.0M->160.0M Heap: 14.4G(24.0G)->13.1G(24.0G)]
 [Times: user=2.47 sys=0.01, real=0.21 secs] 
2014-04-09T11:03:37.523+0900: 230.591: [GC pause (G1 Evacuation Pause) (mixed), 0.0974751 secs]
   [Parallel Time: 86.1 ms, GC Workers: 13]
      [GC Worker Start (ms): Min: 230591.7, Avg: 230592.0, Max: 230592.2, Diff: 0.5]
      [Ext Root Scanning (ms): Min: 0.6, Avg: 0.9, Max: 1.8, Diff: 1.2, Sum: 11.2]
      [Update RS (ms): Min: 2.0, Avg: 3.9, Max: 5.0, Diff: 3.0, Sum: 50.3]
         [Processed Buffers: Min: 4, Avg: 12.5, Max: 21, Diff: 17, Sum: 162]
      [Scan RS (ms): Min: 20.4, Avg: 21.6, Max: 22.6, Diff: 2.2, Sum: 280.3]
      [Code Root Scanning (ms): Min: 0.0, Avg: 0.0, Max: 0.0, Diff: 0.0, Sum: 0.0]
      [Object Copy (ms): Min: 58.1, Avg: 58.2, Max: 58.4, Diff: 0.3, Sum: 757.2]
      [Termination (ms): Min: 0.0, Avg: 0.0, Max: 0.0, Diff: 0.0, Sum: 0.0]
      [GC Worker Other (ms): Min: 0.0, Avg: 0.0, Max: 0.1, Diff: 0.1, Sum: 0.5]
      [GC Worker Total (ms): Min: 84.3, Avg: 84.6, Max: 84.9, Diff: 0.6, Sum: 1099.4]
      [GC Worker End (ms): Min: 230676.5, Avg: 230676.6, Max: 230676.6, Diff: 0.1]
   [Code Root Fixup: 0.3 ms]
   [Code Root Migration: 0.0 ms]
   [Clear CT: 5.0 ms]
   [Other: 6.1 ms]
      [Choose CSet: 0.1 ms]
      [Ref Proc: 1.2 ms]
      [Ref Enq: 0.0 ms]
      [Free CSet: 1.2 ms]
   [Eden: 1056.0M(1056.0M)->0.0B(1056.0M) Survivors: 160.0M->160.0M Heap: 14.6G(24.0G)->13.8G(24.0G)]
 [Times: user=1.15 sys=0.00, real=0.09 secs] 
2014-04-09T11:03:37.742+0900: 230.810: [GC pause (G1 Humongous Allocation) (young) (initial-mark), 0.0589251 secs]
   [Parallel Time: 52.2 ms, GC Workers: 13]
      [GC Worker Start (ms): Min: 230810.1, Avg: 230810.5, Max: 230810.7, Diff: 0.6]
      [Ext Root Scanning (ms): Min: 0.4, Avg: 0.6, Max: 2.6, Diff: 2.3, Sum: 8.3]
      [Code Root Marking (ms): Min: 0.0, Avg: 0.9, Max: 7.8, Diff: 7.8, Sum: 12.1]
      [Update RS (ms): Min: 10.4, Avg: 17.4, Max: 19.7, Diff: 9.3, Sum: 226.1]
         [Processed Buffers: Min: 5, Avg: 10.7, Max: 16, Diff: 11, Sum: 139]
      [Scan RS (ms): Min: 3.2, Avg: 5.6, Max: 6.1, Diff: 2.9, Sum: 72.3]
      [Code Root Scanning (ms): Min: 0.0, Avg: 0.0, Max: 0.0, Diff: 0.0, Sum: 0.0]
      [Object Copy (ms): Min: 25.8, Avg: 26.1, Max: 27.5, Diff: 1.8, Sum: 339.5]
      [Termination (ms): Min: 0.0, Avg: 0.0, Max: 0.0, Diff: 0.0, Sum: 0.1]
      [GC Worker Other (ms): Min: 0.0, Avg: 0.0, Max: 0.1, Diff: 0.0, Sum: 0.4]
      [GC Worker Total (ms): Min: 50.4, Avg: 50.7, Max: 51.0, Diff: 0.6, Sum: 658.8]
      [GC Worker End (ms): Min: 230861.1, Avg: 230861.1, Max: 230861.2, Diff: 0.0]
   [Code Root Fixup: 0.2 ms]
   [Code Root Migration: 0.0 ms]
   [Clear CT: 3.1 ms]
   [Other: 3.4 ms]
      [Choose CSet: 0.0 ms]
      [Ref Proc: 1.1 ms]
      [Ref Enq: 0.0 ms]
      [Free CSet: 0.2 ms]
   [Eden: 160.0M(1056.0M)->0.0B(1104.0M) Survivors: 160.0M->112.0M Heap: 13.9G(24.0G)->13.9G(24.0G)]
 [Times: user=0.70 sys=0.00, real=0.06 secs] 
2014-04-09T11:03:37.801+0900: 230.869: [GC concurrent-root-region-scan-start]
2014-04-09T11:03:37.808+0900: 230.876: [GC concurrent-root-region-scan-end, 0.0068773 secs]
2014-04-09T11:03:37.808+0900: 230.876: [GC concurrent-mark-start]
2014-04-09T11:03:38.770+0900: 231.838: [GC pause (G1 Evacuation Pause) (young), 0.0718528 secs]
   [Parallel Time: 64.5 ms, GC Workers: 13]
      [GC Worker Start (ms): Min: 231837.8, Avg: 231838.0, Max: 231838.3, Diff: 0.4]
      [Ext Root Scanning (ms): Min: 0.4, Avg: 0.7, Max: 0.8, Diff: 0.4, Sum: 8.5]
      [SATB Filtering (ms): Min: 0.0, Avg: 0.0, Max: 0.4, Diff: 0.4, Sum: 0.4]
      [Update RS (ms): Min: 3.3, Avg: 3.7, Max: 4.4, Diff: 1.1, Sum: 48.7]
         [Processed Buffers: Min: 6, Avg: 12.8, Max: 34, Diff: 28, Sum: 166]
      [Scan RS (ms): Min: 7.2, Avg: 7.8, Max: 8.1, Diff: 0.9, Sum: 101.7]
      [Code Root Scanning (ms): Min: 0.0, Avg: 0.0, Max: 0.0, Diff: 0.0, Sum: 0.0]
      [Object Copy (ms): Min: 50.3, Avg: 50.5, Max: 51.1, Diff: 0.8, Sum: 657.0]
      [Termination (ms): Min: 0.0, Avg: 0.5, Max: 0.6, Diff: 0.6, Sum: 6.7]
      [GC Worker Other (ms): Min: 0.0, Avg: 0.0, Max: 0.1, Diff: 0.0, Sum: 0.4]
      [GC Worker Total (ms): Min: 63.1, Avg: 63.3, Max: 63.6, Diff: 0.4, Sum: 823.5]
      [GC Worker End (ms): Min: 231901.4, Avg: 231901.4, Max: 231901.4, Diff: 0.0]
   [Code Root Fixup: 0.2 ms]
   [Code Root Migration: 0.0 ms]
   [Clear CT: 3.3 ms]
   [Other: 3.7 ms]
      [Choose CSet: 0.0 ms]
      [Ref Proc: 1.0 ms]
      [Ref Enq: 0.0 ms]
      [Free CSet: 0.9 ms]
   [Eden: 1104.0M(1104.0M)->0.0B(1056.0M) Survivors: 112.0M->160.0M Heap: 15.4G(24.0G)->14.5G(24.0G)]
 [Times: user=0.72 sys=0.14, real=0.07 secs] 
2014-04-09T11:03:39.494+0900: 232.562: [GC concurrent-mark-end, 1.6859238 secs]
2014-04-09T11:03:39.495+0900: 232.563: [GC remark 232.565: [GC ref-proc, 0.0044013 secs], 0.0274750 secs]
 [Times: user=0.23 sys=0.00, real=0.03 secs] 
2014-04-09T11:03:39.524+0900: 232.592: [GC cleanup 15G->13G(24G), 0.0275559 secs]
 [Times: user=0.31 sys=0.00, real=0.02 secs] 
2014-04-09T11:03:39.552+0900: 232.620: [GC concurrent-cleanup-start]
2014-04-09T11:03:39.554+0900: 232.622: [GC concurrent-cleanup-end, 0.0016374 secs]
2014-04-09T11:03:40.763+0900: 233.831: [GC pause (G1 Evacuation Pause) (young), 0.0874958 secs]
   [Parallel Time: 78.8 ms, GC Workers: 13]
      [GC Worker Start (ms): Min: 233831.3, Avg: 233831.5, Max: 233831.7, Diff: 0.4]
      [Ext Root Scanning (ms): Min: 0.4, Avg: 0.7, Max: 0.9, Diff: 0.5, Sum: 9.5]
      [Update RS (ms): Min: 3.0, Avg: 3.4, Max: 4.6, Diff: 1.7, Sum: 44.3]
         [Processed Buffers: Min: 9, Avg: 13.8, Max: 22, Diff: 13, Sum: 179]
      [Scan RS (ms): Min: 16.4, Avg: 17.9, Max: 18.3, Diff: 1.9, Sum: 232.8]
      [Code Root Scanning (ms): Min: 0.0, Avg: 0.0, Max: 0.0, Diff: 0.0, Sum: 0.0]
      [Object Copy (ms): Min: 55.6, Avg: 55.8, Max: 56.2, Diff: 0.7, Sum: 725.6]
      [Termination (ms): Min: 0.0, Avg: 0.0, Max: 0.0, Diff: 0.0, Sum: 0.0]
      [GC Worker Other (ms): Min: 0.0, Avg: 0.0, Max: 0.1, Diff: 0.1, Sum: 0.5]
      [GC Worker Total (ms): Min: 77.7, Avg: 77.9, Max: 78.1, Diff: 0.4, Sum: 1012.7]
      [GC Worker End (ms): Min: 233909.4, Avg: 233909.4, Max: 233909.4, Diff: 0.1]
   [Code Root Fixup: 0.3 ms]
   [Code Root Migration: 0.0 ms]
   [Clear CT: 3.5 ms]
   [Other: 4.9 ms]
      [Choose CSet: 0.0 ms]
      [Ref Proc: 0.8 ms]
      [Ref Enq: 0.0 ms]
      [Free CSet: 1.0 ms]
   [Eden: 1056.0M(1056.0M)->0.0B(1056.0M) Survivors: 160.0M->160.0M Heap: 13.7G(24.0G)->13.0G(24.0G)]
 [Times: user=1.05 sys=0.00, real=0.08 secs] 
2014-04-09T11:03:42.081+0900: 235.149: [GC pause (G1 Evacuation Pause) (mixed), 0.1288153 secs]
   [Parallel Time: 116.4 ms, GC Workers: 13]
      [GC Worker Start (ms): Min: 235149.1, Avg: 235149.4, Max: 235149.6, Diff: 0.5]
      [Ext Root Scanning (ms): Min: 0.6, Avg: 0.8, Max: 1.2, Diff: 0.6, Sum: 10.3]
      [Update RS (ms): Min: 3.1, Avg: 3.8, Max: 4.6, Diff: 1.5, Sum: 48.8]
         [Processed Buffers: Min: 10, Avg: 13.7, Max: 21, Diff: 11, Sum: 178]
      [Scan RS (ms): Min: 26.7, Avg: 27.5, Max: 27.7, Diff: 1.1, Sum: 357.0]
      [Code Root Scanning (ms): Min: 0.0, Avg: 0.0, Max: 0.0, Diff: 0.0, Sum: 0.0]
      [Object Copy (ms): Min: 83.2, Avg: 83.3, Max: 83.4, Diff: 0.2, Sum: 1083.1]
      [Termination (ms): Min: 0.0, Avg: 0.0, Max: 0.0, Diff: 0.0, Sum: 0.0]
      [GC Worker Other (ms): Min: 0.0, Avg: 0.0, Max: 0.1, Diff: 0.1, Sum: 0.5]
      [GC Worker Total (ms): Min: 115.2, Avg: 115.4, Max: 115.6, Diff: 0.5, Sum: 1499.7]
      [GC Worker End (ms): Min: 235264.8, Avg: 235264.8, Max: 235264.8, Diff: 0.1]
   [Code Root Fixup: 0.3 ms]
   [Code Root Migration: 0.0 ms]
   [Clear CT: 4.4 ms]
   [Other: 7.7 ms]
      [Choose CSet: 0.1 ms]
      [Ref Proc: 1.0 ms]
      [Ref Enq: 0.0 ms]
      [Free CSet: 1.8 ms]
   [Eden: 1056.0M(1056.0M)->0.0B(1056.0M) Survivors: 160.0M->160.0M Heap: 14.3G(24.0G)->13.0G(24.0G)]
 [Times: user=1.55 sys=0.00, real=0.13 secs] 
2014-04-09T11:03:43.924+0900: 236.992: [GC pause (G1 Evacuation Pause) (mixed), 0.0834204 secs]
   [Parallel Time: 73.7 ms, GC Workers: 13]
      [GC Worker Start (ms): Min: 236992.2, Avg: 236992.6, Max: 236992.9, Diff: 0.7]
      [Ext Root Scanning (ms): Min: 0.5, Avg: 0.9, Max: 1.9, Diff: 1.4, Sum: 11.2]
      [Update RS (ms): Min: 9.0, Avg: 9.8, Max: 10.7, Diff: 1.7, Sum: 127.3]
         [Processed Buffers: Min: 13, Avg: 17.2, Max: 35, Diff: 22, Sum: 223]
      [Scan RS (ms): Min: 15.5, Avg: 16.3, Max: 17.2, Diff: 1.7, Sum: 211.5]
      [Code Root Scanning (ms): Min: 0.0, Avg: 0.0, Max: 0.0, Diff: 0.0, Sum: 0.0]
      [Object Copy (ms): Min: 45.8, Avg: 45.9, Max: 46.1, Diff: 0.4, Sum: 596.9]
      [Termination (ms): Min: 0.0, Avg: 0.1, Max: 0.1, Diff: 0.1, Sum: 1.3]
      [GC Worker Other (ms): Min: 0.0, Avg: 0.1, Max: 0.2, Diff: 0.1, Sum: 0.7]
      [GC Worker Total (ms): Min: 72.7, Avg: 73.0, Max: 73.5, Diff: 0.8, Sum: 949.0]
      [GC Worker End (ms): Min: 237065.5, Avg: 237065.6, Max: 237065.7, Diff: 0.1]
   [Code Root Fixup: 0.1 ms]
   [Code Root Migration: 0.0 ms]
   [Clear CT: 4.8 ms]
   [Other: 4.8 ms]
      [Choose CSet: 0.1 ms]
      [Ref Proc: 1.5 ms]
      [Ref Enq: 0.0 ms]
      [Free CSet: 0.5 ms]
   [Eden: 1056.0M(1056.0M)->0.0B(1056.0M) Survivors: 160.0M->160.0M Heap: 14.2G(24.0G)->13.3G(24.0G)]
 [Times: user=1.00 sys=0.01, real=0.08 secs] 
2014-04-09T11:04:00.782+0900: 253.850: [GC pause (G1 Evacuation Pause) (young), 0.0329751 secs]
   [Parallel Time: 27.3 ms, GC Workers: 13]
      [GC Worker Start (ms): Min: 253850.5, Avg: 253850.8, Max: 253851.1, Diff: 0.6]
      [Ext Root Scanning (ms): Min: 0.7, Avg: 1.0, Max: 1.8, Diff: 1.0, Sum: 12.8]
      [Update RS (ms): Min: 14.6, Avg: 15.4, Max: 15.8, Diff: 1.1, Sum: 199.7]
         [Processed Buffers: Min: 10, Avg: 16.2, Max: 25, Diff: 15, Sum: 210]
      [Scan RS (ms): Min: 1.3, Avg: 1.6, Max: 1.9, Diff: 0.6, Sum: 21.3]
      [Code Root Scanning (ms): Min: 0.0, Avg: 0.0, Max: 0.0, Diff: 0.0, Sum: 0.0]
      [Object Copy (ms): Min: 8.0, Avg: 8.1, Max: 8.2, Diff: 0.2, Sum: 105.2]
      [Termination (ms): Min: 0.0, Avg: 0.0, Max: 0.0, Diff: 0.0, Sum: 0.0]
      [GC Worker Other (ms): Min: 0.0, Avg: 0.0, Max: 0.1, Diff: 0.1, Sum: 0.5]
      [GC Worker Total (ms): Min: 25.8, Avg: 26.1, Max: 26.4, Diff: 0.6, Sum: 339.5]
      [GC Worker End (ms): Min: 253876.9, Avg: 253877.0, Max: 253877.0, Diff: 0.1]
   [Code Root Fixup: 0.1 ms]
   [Code Root Migration: 0.0 ms]
   [Clear CT: 2.5 ms]
   [Other: 3.0 ms]
      [Choose CSet: 0.0 ms]
      [Ref Proc: 1.3 ms]
      [Ref Enq: 0.0 ms]
      [Free CSet: 0.3 ms]
   [Eden: 1056.0M(1056.0M)->0.0B(1104.0M) Survivors: 160.0M->112.0M Heap: 14.4G(24.0G)->13.4G(24.0G)]
 [Times: user=0.35 sys=0.00, real=0.04 secs] 
2014-04-09T11:04:00.974+0900: 254.042: [GC pause (G1 Humongous Allocation) (young) (initial-mark), 0.0204310 secs]
   [Parallel Time: 16.7 ms, GC Workers: 13]
      [GC Worker Start (ms): Min: 254042.5, Avg: 254042.8, Max: 254043.0, Diff: 0.5]
      [Ext Root Scanning (ms): Min: 0.3, Avg: 0.7, Max: 3.4, Diff: 3.1, Sum: 9.3]
      [Code Root Marking (ms): Min: 0.0, Avg: 0.9, Max: 7.6, Diff: 7.5, Sum: 11.1]
      [Update RS (ms): Min: 6.0, Avg: 12.3, Max: 13.4, Diff: 7.5, Sum: 159.5]
         [Processed Buffers: Min: 5, Avg: 12.8, Max: 27, Diff: 22, Sum: 166]
      [Scan RS (ms): Min: 0.0, Avg: 0.0, Max: 0.0, Diff: 0.0, Sum: 0.2]
      [Code Root Scanning (ms): Min: 0.0, Avg: 0.0, Max: 0.0, Diff: 0.0, Sum: 0.0]
      [Object Copy (ms): Min: 0.9, Avg: 1.3, Max: 2.2, Diff: 1.4, Sum: 16.7]
      [Termination (ms): Min: 0.0, Avg: 0.8, Max: 0.9, Diff: 0.9, Sum: 10.5]
      [GC Worker Other (ms): Min: 0.0, Avg: 0.0, Max: 0.0, Diff: 0.0, Sum: 0.3]
      [GC Worker Total (ms): Min: 15.7, Avg: 16.0, Max: 16.3, Diff: 0.5, Sum: 207.6]
      [GC Worker End (ms): Min: 254058.8, Avg: 254058.8, Max: 254058.8, Diff: 0.0]
   [Code Root Fixup: 0.2 ms]
   [Code Root Migration: 0.0 ms]
   [Clear CT: 1.5 ms]
   [Other: 2.0 ms]
      [Choose CSet: 0.0 ms]
      [Ref Proc: 1.2 ms]
      [Ref Enq: 0.0 ms]
      [Free CSet: 0.1 ms]
   [Eden: 256.0M(1104.0M)->0.0B(2768.0M) Survivors: 112.0M->48.0M Heap: 13.6G(24.0G)->13.3G(24.0G)]
 [Times: user=0.21 sys=0.00, real=0.02 secs] 
2014-04-09T11:04:00.995+0900: 254.063: [GC concurrent-root-region-scan-start]
2014-04-09T11:04:01.000+0900: 254.068: [GC concurrent-root-region-scan-end, 0.0051706 secs]
2014-04-09T11:04:01.000+0900: 254.068: [GC concurrent-mark-start]
2014-04-09T11:04:02.368+0900: 255.436: [GC concurrent-mark-end, 1.3679268 secs]
2014-04-09T11:04:02.369+0900: 255.437: [GC remark 255.438: [GC ref-proc, 0.0030345 secs], 0.0236225 secs]
 [Times: user=0.19 sys=0.00, real=0.02 secs] 
2014-04-09T11:04:02.394+0900: 255.462: [GC cleanup 15G->14G(24G), 0.0272557 secs]
 [Times: user=0.32 sys=0.00, real=0.03 secs] 
2014-04-09T11:04:02.422+0900: 255.490: [GC concurrent-cleanup-start]
2014-04-09T11:04:02.423+0900: 255.491: [GC concurrent-cleanup-end, 0.0010998 secs]
2014-04-09T11:04:03.564+0900: 256.632: [GC pause (G1 Evacuation Pause) (young), 0.1178336 secs]
   [Parallel Time: 106.7 ms, GC Workers: 13]
      [GC Worker Start (ms): Min: 256632.8, Avg: 256633.1, Max: 256633.3, Diff: 0.5]
      [Ext Root Scanning (ms): Min: 0.5, Avg: 0.8, Max: 1.2, Diff: 0.6, Sum: 9.8]
      [Update RS (ms): Min: 7.9, Avg: 8.4, Max: 10.2, Diff: 2.3, Sum: 109.6]
         [Processed Buffers: Min: 16, Avg: 26.3, Max: 35, Diff: 19, Sum: 342]
      [Scan RS (ms): Min: 14.3, Avg: 16.0, Max: 16.4, Diff: 2.1, Sum: 208.6]
      [Code Root Scanning (ms): Min: 0.0, Avg: 0.0, Max: 0.0, Diff: 0.0, Sum: 0.1]
      [Object Copy (ms): Min: 80.3, Avg: 80.4, Max: 80.6, Diff: 0.3, Sum: 1045.7]
      [Termination (ms): Min: 0.0, Avg: 0.0, Max: 0.0, Diff: 0.0, Sum: 0.0]
      [GC Worker Other (ms): Min: 0.0, Avg: 0.0, Max: 0.1, Diff: 0.1, Sum: 0.6]
      [GC Worker Total (ms): Min: 105.6, Avg: 105.7, Max: 106.0, Diff: 0.5, Sum: 1374.4]
      [GC Worker End (ms): Min: 256738.8, Avg: 256738.8, Max: 256738.9, Diff: 0.1]
   [Code Root Fixup: 0.3 ms]
   [Code Root Migration: 0.1 ms]
   [Clear CT: 4.5 ms]
   [Other: 6.4 ms]
      [Choose CSet: 0.0 ms]
      [Ref Proc: 1.2 ms]
      [Ref Enq: 0.0 ms]
      [Free CSet: 1.3 ms]
   [Eden: 2480.0M(2384.0M)->0.0B(912.0M) Survivors: 48.0M->304.0M Heap: 15.4G(24.0G)->13.4G(24.0G)]
 [Times: user=1.37 sys=0.05, real=0.12 secs] 
2014-04-09T11:04:04.817+0900: 257.885: [GC pause (G1 Evacuation Pause) (mixed), 0.1889253 secs]
   [Parallel Time: 172.5 ms, GC Workers: 13]
      [GC Worker Start (ms): Min: 257885.7, Avg: 257886.0, Max: 257886.3, Diff: 0.5]
      [Ext Root Scanning (ms): Min: 0.5, Avg: 0.8, Max: 1.5, Diff: 1.0, Sum: 9.9]
      [Update RS (ms): Min: 3.2, Avg: 4.2, Max: 5.5, Diff: 2.3, Sum: 54.1]
         [Processed Buffers: Min: 8, Avg: 13.5, Max: 18, Diff: 10, Sum: 176]
      [Scan RS (ms): Min: 42.5, Avg: 43.8, Max: 44.0, Diff: 1.5, Sum: 569.0]
      [Code Root Scanning (ms): Min: 0.0, Avg: 0.0, Max: 0.0, Diff: 0.0, Sum: 0.1]
      [Object Copy (ms): Min: 122.7, Avg: 122.7, Max: 122.8, Diff: 0.1, Sum: 1595.4]
      [Termination (ms): Min: 0.0, Avg: 0.0, Max: 0.0, Diff: 0.0, Sum: 0.0]
      [GC Worker Other (ms): Min: 0.0, Avg: 0.1, Max: 0.1, Diff: 0.1, Sum: 0.7]
      [GC Worker Total (ms): Min: 171.2, Avg: 171.5, Max: 171.8, Diff: 0.6, Sum: 2229.2]
      [GC Worker End (ms): Min: 258057.5, Avg: 258057.5, Max: 258057.6, Diff: 0.1]
   [Code Root Fixup: 0.3 ms]
   [Code Root Migration: 0.1 ms]
   [Clear CT: 5.6 ms]
   [Other: 10.4 ms]
      [Choose CSet: 0.5 ms]
      [Ref Proc: 0.9 ms]
      [Ref Enq: 0.0 ms]
      [Free CSet: 2.4 ms]
   [Eden: 912.0M(912.0M)->0.0B(1056.0M) Survivors: 304.0M->160.0M Heap: 14.7G(24.0G)->13.2G(24.0G)]
 [Times: user=2.30 sys=0.00, real=0.19 secs] 
2014-04-09T11:04:06.834+0900: 259.902: [GC pause (G1 Evacuation Pause) (mixed), 0.1904634 secs]
   [Parallel Time: 174.0 ms, GC Workers: 13]
      [GC Worker Start (ms): Min: 259902.6, Avg: 259902.8, Max: 259903.0, Diff: 0.4]
      [Ext Root Scanning (ms): Min: 0.5, Avg: 0.7, Max: 1.0, Diff: 0.5, Sum: 9.3]
      [Update RS (ms): Min: 4.1, Avg: 4.2, Max: 4.5, Diff: 0.4, Sum: 54.0]
         [Processed Buffers: Min: 11, Avg: 14.6, Max: 20, Diff: 9, Sum: 190]
      [Scan RS (ms): Min: 49.7, Avg: 50.5, Max: 50.8, Diff: 1.1, Sum: 657.1]
      [Code Root Scanning (ms): Min: 0.0, Avg: 0.0, Max: 0.0, Diff: 0.0, Sum: 0.1]
      [Object Copy (ms): Min: 117.3, Avg: 117.5, Max: 117.7, Diff: 0.3, Sum: 1527.1]
      [Termination (ms): Min: 0.0, Avg: 0.0, Max: 0.0, Diff: 0.0, Sum: 0.0]
      [GC Worker Other (ms): Min: 0.0, Avg: 0.0, Max: 0.1, Diff: 0.1, Sum: 0.6]
      [GC Worker Total (ms): Min: 172.8, Avg: 172.9, Max: 173.2, Diff: 0.4, Sum: 2248.2]
      [GC Worker End (ms): Min: 260075.7, Avg: 260075.7, Max: 260075.8, Diff: 0.1]
   [Code Root Fixup: 0.3 ms]
   [Code Root Migration: 0.0 ms]
   [Clear CT: 5.4 ms]
   [Other: 10.8 ms]
      [Choose CSet: 0.7 ms]
      [Ref Proc: 1.1 ms]
      [Ref Enq: 0.0 ms]
      [Free CSet: 2.6 ms]
   [Eden: 1056.0M(1056.0M)->0.0B(1056.0M) Survivors: 160.0M->160.0M Heap: 14.7G(24.0G)->13.2G(24.0G)]
 [Times: user=2.31 sys=0.00, real=0.19 secs] 
2014-04-09T11:04:08.002+0900: 261.070: [GC pause (G1 Evacuation Pause) (mixed), 0.2070300 secs]
   [Parallel Time: 189.8 ms, GC Workers: 13]
      [GC Worker Start (ms): Min: 261070.7, Avg: 261071.0, Max: 261071.2, Diff: 0.5]
      [Ext Root Scanning (ms): Min: 0.5, Avg: 0.7, Max: 1.1, Diff: 0.6, Sum: 9.6]
      [Update RS (ms): Min: 6.5, Avg: 7.1, Max: 7.8, Diff: 1.3, Sum: 91.9]
         [Processed Buffers: Min: 19, Avg: 25.5, Max: 36, Diff: 17, Sum: 332]
      [Scan RS (ms): Min: 57.8, Avg: 58.2, Max: 58.7, Diff: 0.9, Sum: 757.2]
      [Code Root Scanning (ms): Min: 0.0, Avg: 0.0, Max: 0.1, Diff: 0.1, Sum: 0.1]
      [Object Copy (ms): Min: 122.8, Avg: 123.2, Max: 123.4, Diff: 0.6, Sum: 1601.7]
      [Termination (ms): Min: 0.0, Avg: 0.0, Max: 0.0, Diff: 0.0, Sum: 0.1]
      [GC Worker Other (ms): Min: 0.0, Avg: 0.1, Max: 0.1, Diff: 0.1, Sum: 0.7]
      [GC Worker Total (ms): Min: 189.1, Avg: 189.3, Max: 189.6, Diff: 0.5, Sum: 2461.3]
      [GC Worker End (ms): Min: 261260.3, Avg: 261260.3, Max: 261260.4, Diff: 0.1]
   [Code Root Fixup: 0.4 ms]
   [Code Root Migration: 0.2 ms]
   [Clear CT: 4.9 ms]
   [Other: 11.8 ms]
      [Choose CSet: 0.9 ms]
      [Ref Proc: 1.0 ms]
      [Ref Enq: 0.0 ms]
      [Free CSet: 2.6 ms]
   [Eden: 1056.0M(1056.0M)->0.0B(1056.0M) Survivors: 160.0M->160.0M Heap: 14.7G(24.0G)->13.2G(24.0G)]
 [Times: user=2.52 sys=0.00, real=0.21 secs] 
2014-04-09T11:04:09.367+0900: 262.435: [GC pause (G1 Evacuation Pause) (mixed), 0.1525653 secs]
   [Parallel Time: 137.4 ms, GC Workers: 13]
      [GC Worker Start (ms): Min: 262435.4, Avg: 262435.7, Max: 262435.9, Diff: 0.5]
      [Ext Root Scanning (ms): Min: 0.5, Avg: 0.8, Max: 1.7, Diff: 1.1, Sum: 10.5]
      [Update RS (ms): Min: 6.5, Avg: 6.7, Max: 7.7, Diff: 1.3, Sum: 87.6]
         [Processed Buffers: Min: 9, Avg: 18.2, Max: 36, Diff: 27, Sum: 236]
      [Scan RS (ms): Min: 37.5, Avg: 38.4, Max: 39.2, Diff: 1.7, Sum: 499.8]
      [Code Root Scanning (ms): Min: 0.0, Avg: 0.0, Max: 0.0, Diff: 0.0, Sum: 0.1]
      [Object Copy (ms): Min: 89.5, Avg: 90.0, Max: 90.3, Diff: 0.7, Sum: 1169.4]
      [Termination (ms): Min: 0.0, Avg: 0.0, Max: 0.0, Diff: 0.0, Sum: 0.0]
      [GC Worker Other (ms): Min: 0.0, Avg: 0.0, Max: 0.1, Diff: 0.1, Sum: 0.6]
      [GC Worker Total (ms): Min: 135.8, Avg: 136.0, Max: 136.3, Diff: 0.5, Sum: 1768.1]
      [GC Worker End (ms): Min: 262571.7, Avg: 262571.7, Max: 262571.8, Diff: 0.1]
   [Code Root Fixup: 0.4 ms]
   [Code Root Migration: 0.1 ms]
   [Clear CT: 5.5 ms]
   [Other: 9.2 ms]
      [Choose CSet: 0.5 ms]
      [Ref Proc: 1.0 ms]
      [Ref Enq: 0.0 ms]
      [Free CSet: 2.0 ms]
   [Eden: 1056.0M(1056.0M)->0.0B(1056.0M) Survivors: 160.0M->160.0M Heap: 14.7G(24.0G)->13.6G(24.0G)]
 [Times: user=1.83 sys=0.00, real=0.15 secs] 
2014-04-09T11:04:09.595+0900: 262.663: [GC pause (G1 Humongous Allocation) (young) (initial-mark), 0.0726162 secs]
   [Parallel Time: 68.5 ms, GC Workers: 13]
      [GC Worker Start (ms): Min: 262663.7, Avg: 262663.9, Max: 262664.1, Diff: 0.4]
      [Ext Root Scanning (ms): Min: 0.4, Avg: 0.8, Max: 3.2, Diff: 2.8, Sum: 10.3]
      [Code Root Marking (ms): Min: 0.0, Avg: 0.9, Max: 7.6, Diff: 7.6, Sum: 11.9]
      [Update RS (ms): Min: 33.2, Avg: 39.9, Max: 42.1, Diff: 8.9, Sum: 518.8]
         [Processed Buffers: Min: 18, Avg: 26.4, Max: 38, Diff: 20, Sum: 343]
      [Scan RS (ms): Min: 0.0, Avg: 0.5, Max: 0.9, Diff: 0.9, Sum: 6.5]
      [Code Root Scanning (ms): Min: 0.0, Avg: 0.0, Max: 0.0, Diff: 0.0, Sum: 0.0]
      [Object Copy (ms): Min: 24.4, Avg: 25.4, Max: 26.9, Diff: 2.5, Sum: 329.8]
      [Termination (ms): Min: 0.0, Avg: 0.0, Max: 0.0, Diff: 0.0, Sum: 0.0]
      [GC Worker Other (ms): Min: 0.0, Avg: 0.0, Max: 0.0, Diff: 0.0, Sum: 0.3]
      [GC Worker Total (ms): Min: 67.3, Avg: 67.5, Max: 67.7, Diff: 0.4, Sum: 877.6]
      [GC Worker End (ms): Min: 262731.4, Avg: 262731.4, Max: 262731.4, Diff: 0.0]
   [Code Root Fixup: 0.3 ms]
   [Code Root Migration: 0.0 ms]
   [Clear CT: 1.0 ms]
   [Other: 2.9 ms]
      [Choose CSet: 0.0 ms]
      [Ref Proc: 0.5 ms]
      [Ref Enq: 0.0 ms]
      [Free CSet: 0.2 ms]
   [Eden: 80.0M(1056.0M)->0.0B(1104.0M) Survivors: 160.0M->112.0M Heap: 13.7G(24.0G)->13.8G(24.0G)]
 [Times: user=0.88 sys=0.00, real=0.08 secs] 
2014-04-09T11:04:09.668+0900: 262.736: [GC concurrent-root-region-scan-start]
2014-04-09T11:04:09.672+0900: 262.740: [GC concurrent-root-region-scan-end, 0.0041818 secs]
2014-04-09T11:04:09.672+0900: 262.740: [GC concurrent-mark-start]
2014-04-09T11:04:11.067+0900: 264.135: [GC concurrent-mark-end, 1.3943670 secs]
2014-04-09T11:04:11.068+0900: 264.136: [GC remark 264.137: [GC ref-proc, 0.0031920 secs], 0.0259684 secs]
 [Times: user=0.22 sys=0.00, real=0.02 secs] 
2014-04-09T11:04:11.095+0900: 264.163: [GC cleanup 14G->12G(24G), 0.0233808 secs]
 [Times: user=0.28 sys=0.00, real=0.03 secs] 
2014-04-09T11:04:11.119+0900: 264.187: [GC concurrent-cleanup-start]
2014-04-09T11:04:11.121+0900: 264.189: [GC concurrent-cleanup-end, 0.0019594 secs]
2014-04-09T11:04:11.663+0900: 264.730: [GC pause (G1 Evacuation Pause) (young), 0.0593211 secs]
   [Parallel Time: 51.1 ms, GC Workers: 13]
      [GC Worker Start (ms): Min: 264730.7, Avg: 264730.9, Max: 264731.2, Diff: 0.5]
      [Ext Root Scanning (ms): Min: 0.4, Avg: 0.6, Max: 1.2, Diff: 0.8, Sum: 8.4]
      [Update RS (ms): Min: 5.2, Avg: 5.5, Max: 6.0, Diff: 0.9, Sum: 71.4]
         [Processed Buffers: Min: 16, Avg: 20.1, Max: 30, Diff: 14, Sum: 261]
      [Scan RS (ms): Min: 8.8, Avg: 9.3, Max: 9.8, Diff: 0.9, Sum: 121.1]
      [Code Root Scanning (ms): Min: 0.0, Avg: 0.0, Max: 0.0, Diff: 0.0, Sum: 0.0]
      [Object Copy (ms): Min: 34.1, Avg: 34.7, Max: 35.0, Diff: 0.9, Sum: 450.5]
      [Termination (ms): Min: 0.0, Avg: 0.0, Max: 0.0, Diff: 0.0, Sum: 0.0]
      [GC Worker Other (ms): Min: 0.0, Avg: 0.0, Max: 0.1, Diff: 0.1, Sum: 0.6]
      [GC Worker Total (ms): Min: 49.9, Avg: 50.2, Max: 50.4, Diff: 0.5, Sum: 652.0]
      [GC Worker End (ms): Min: 264781.1, Avg: 264781.1, Max: 264781.1, Diff: 0.1]
   [Code Root Fixup: 0.3 ms]
   [Code Root Migration: 0.0 ms]
   [Clear CT: 4.0 ms]
   [Other: 3.8 ms]
      [Choose CSet: 0.0 ms]
      [Ref Proc: 1.3 ms]
      [Ref Enq: 0.0 ms]
      [Free CSet: 0.5 ms]
   [Eden: 1104.0M(1104.0M)->0.0B(1056.0M) Survivors: 112.0M->160.0M Heap: 12.7G(24.0G)->11.8G(24.0G)]
 [Times: user=0.69 sys=0.00, real=0.06 secs] 
2014-04-09T11:04:13.680+0900: 266.748: [GC pause (G1 Evacuation Pause) (mixed), 0.1235872 secs]
   [Parallel Time: 110.5 ms, GC Workers: 13]
      [GC Worker Start (ms): Min: 266748.6, Avg: 266748.8, Max: 266749.1, Diff: 0.5]
      [Ext Root Scanning (ms): Min: 0.5, Avg: 0.8, Max: 1.9, Diff: 1.3, Sum: 10.4]
      [Update RS (ms): Min: 6.2, Avg: 7.2, Max: 7.6, Diff: 1.4, Sum: 93.8]
         [Processed Buffers: Min: 15, Avg: 20.0, Max: 29, Diff: 14, Sum: 260]
      [Scan RS (ms): Min: 28.7, Avg: 29.2, Max: 29.5, Diff: 0.8, Sum: 379.0]
      [Code Root Scanning (ms): Min: 0.0, Avg: 0.0, Max: 0.0, Diff: 0.0, Sum: 0.0]
      [Object Copy (ms): Min: 72.2, Avg: 72.4, Max: 72.6, Diff: 0.4, Sum: 941.3]
      [Termination (ms): Min: 0.0, Avg: 0.0, Max: 0.0, Diff: 0.0, Sum: 0.0]
      [GC Worker Other (ms): Min: 0.0, Avg: 0.0, Max: 0.1, Diff: 0.1, Sum: 0.5]
      [GC Worker Total (ms): Min: 109.4, Avg: 109.6, Max: 109.9, Diff: 0.5, Sum: 1425.0]
      [GC Worker End (ms): Min: 266858.4, Avg: 266858.5, Max: 266858.5, Diff: 0.1]
   [Code Root Fixup: 0.3 ms]
   [Code Root Migration: 0.0 ms]
   [Clear CT: 5.1 ms]
   [Other: 7.6 ms]
      [Choose CSet: 0.2 ms]
      [Ref Proc: 0.8 ms]
      [Ref Enq: 0.0 ms]
      [Free CSet: 1.6 ms]
   [Eden: 1056.0M(1056.0M)->0.0B(1056.0M) Survivors: 160.0M->160.0M Heap: 13.2G(24.0G)->12.2G(24.0G)]
 [Times: user=1.49 sys=0.00, real=0.12 secs] 
2014-04-09T11:04:13.882+0900: 266.950: [GC pause (G1 Humongous Allocation) (young) (initial-mark), 0.0646592 secs]
   [Parallel Time: 59.3 ms, GC Workers: 13]
      [GC Worker Start (ms): Min: 266949.9, Avg: 266950.3, Max: 266950.5, Diff: 0.6]
      [Ext Root Scanning (ms): Min: 0.4, Avg: 0.7, Max: 3.2, Diff: 2.9, Sum: 9.3]
      [Code Root Marking (ms): Min: 0.0, Avg: 0.9, Max: 7.8, Diff: 7.7, Sum: 11.4]
      [Update RS (ms): Min: 27.6, Avg: 33.5, Max: 37.4, Diff: 9.8, Sum: 435.8]
         [Processed Buffers: Min: 14, Avg: 21.9, Max: 28, Diff: 14, Sum: 285]
      [Scan RS (ms): Min: 0.0, Avg: 1.2, Max: 2.5, Diff: 2.5, Sum: 15.4]
      [Code Root Scanning (ms): Min: 0.0, Avg: 0.0, Max: 0.0, Diff: 0.0, Sum: 0.0]
      [Object Copy (ms): Min: 19.2, Avg: 21.1, Max: 22.9, Diff: 3.6, Sum: 274.1]
      [Termination (ms): Min: 0.0, Avg: 0.0, Max: 0.0, Diff: 0.0, Sum: 0.0]
      [GC Worker Other (ms): Min: 0.0, Avg: 0.0, Max: 0.1, Diff: 0.0, Sum: 0.4]
      [GC Worker Total (ms): Min: 57.2, Avg: 57.4, Max: 57.8, Diff: 0.6, Sum: 746.5]
      [GC Worker End (ms): Min: 267007.7, Avg: 267007.7, Max: 267007.7, Diff: 0.0]
   [Code Root Fixup: 0.3 ms]
   [Code Root Migration: 0.0 ms]
   [Clear CT: 1.5 ms]
   [Other: 3.6 ms]
      [Choose CSet: 0.0 ms]
      [Ref Proc: 1.1 ms]
      [Ref Enq: 0.0 ms]
      [Free CSet: 0.1 ms]
   [Eden: 32.0M(1056.0M)->0.0B(1104.0M) Survivors: 160.0M->112.0M Heap: 12.2G(24.0G)->12.3G(24.0G)]
 [Times: user=0.76 sys=0.00, real=0.06 secs] 
2014-04-09T11:04:13.947+0900: 267.015: [GC concurrent-root-region-scan-start]
2014-04-09T11:04:13.949+0900: 267.017: [GC concurrent-root-region-scan-end, 0.0021764 secs]
2014-04-09T11:04:13.949+0900: 267.017: [GC concurrent-mark-start]
2014-04-09T11:04:15.449+0900: 268.516: [GC concurrent-mark-end, 1.4991766 secs]
2014-04-09T11:04:15.450+0900: 268.518: [GC remark 268.519: [GC ref-proc, 0.0031779 secs], 0.0269936 secs]
 [Times: user=0.23 sys=0.00, real=0.02 secs] 
2014-04-09T11:04:15.478+0900: 268.546: [GC cleanup 13G->12G(24G), 0.0236019 secs]
 [Times: user=0.27 sys=0.00, real=0.02 secs] 
2014-04-09T11:04:15.502+0900: 268.570: [GC concurrent-cleanup-start]
2014-04-09T11:04:15.503+0900: 268.571: [GC concurrent-cleanup-end, 0.0007037 secs]
2014-04-09T11:04:16.408+0900: 269.476: [GC pause (G1 Evacuation Pause) (young), 0.0612443 secs]
   [Parallel Time: 54.0 ms, GC Workers: 13]
      [GC Worker Start (ms): Min: 269476.4, Avg: 269476.7, Max: 269477.0, Diff: 0.6]
      [Ext Root Scanning (ms): Min: 0.4, Avg: 0.7, Max: 1.0, Diff: 0.6, Sum: 9.1]
      [Update RS (ms): Min: 6.3, Avg: 6.6, Max: 6.8, Diff: 0.5, Sum: 85.6]
         [Processed Buffers: Min: 12, Avg: 18.8, Max: 28, Diff: 16, Sum: 245]
      [Scan RS (ms): Min: 8.7, Avg: 9.0, Max: 9.3, Diff: 0.5, Sum: 116.7]
      [Code Root Scanning (ms): Min: 0.0, Avg: 0.0, Max: 0.0, Diff: 0.0, Sum: 0.0]
      [Object Copy (ms): Min: 36.0, Avg: 36.2, Max: 36.5, Diff: 0.4, Sum: 471.0]
      [Termination (ms): Min: 0.0, Avg: 0.1, Max: 0.1, Diff: 0.1, Sum: 0.7]
      [GC Worker Other (ms): Min: 0.0, Avg: 0.0, Max: 0.0, Diff: 0.0, Sum: 0.3]
      [GC Worker Total (ms): Min: 52.3, Avg: 52.6, Max: 52.9, Diff: 0.6, Sum: 683.5]
      [GC Worker End (ms): Min: 269529.3, Avg: 269529.3, Max: 269529.3, Diff: 0.0]
   [Code Root Fixup: 0.2 ms]
   [Code Root Migration: 0.0 ms]
   [Clear CT: 3.2 ms]
   [Other: 3.8 ms]
      [Choose CSet: 0.0 ms]
      [Ref Proc: 0.9 ms]
      [Ref Enq: 0.0 ms]
      [Free CSet: 1.0 ms]
   [Eden: 1104.0M(1104.0M)->0.0B(1056.0M) Survivors: 112.0M->160.0M Heap: 13.0G(24.0G)->12.1G(24.0G)]
 [Times: user=0.72 sys=0.00, real=0.07 secs] 
2014-04-09T11:04:18.755+0900: 271.823: [GC pause (G1 Evacuation Pause) (mixed), 0.1070861 secs]
   [Parallel Time: 96.1 ms, GC Workers: 13]
      [GC Worker Start (ms): Min: 271823.5, Avg: 271823.7, Max: 271823.9, Diff: 0.4]
      [Ext Root Scanning (ms): Min: 0.6, Avg: 0.8, Max: 1.5, Diff: 1.0, Sum: 10.2]
      [Update RS (ms): Min: 4.3, Avg: 5.7, Max: 6.9, Diff: 2.6, Sum: 74.6]
         [Processed Buffers: Min: 15, Avg: 19.8, Max: 28, Diff: 13, Sum: 257]
      [Scan RS (ms): Min: 17.9, Avg: 19.0, Max: 19.9, Diff: 2.0, Sum: 246.7]
      [Code Root Scanning (ms): Min: 0.0, Avg: 0.0, Max: 0.0, Diff: 0.0, Sum: 0.1]
      [Object Copy (ms): Min: 69.1, Avg: 69.2, Max: 69.3, Diff: 0.2, Sum: 899.1]
      [Termination (ms): Min: 0.0, Avg: 0.0, Max: 0.0, Diff: 0.0, Sum: 0.0]
      [GC Worker Other (ms): Min: 0.0, Avg: 0.0, Max: 0.2, Diff: 0.1, Sum: 0.6]
      [GC Worker Total (ms): Min: 94.5, Avg: 94.7, Max: 95.0, Diff: 0.5, Sum: 1231.2]
      [GC Worker End (ms): Min: 271918.4, Avg: 271918.4, Max: 271918.5, Diff: 0.1]
   [Code Root Fixup: 0.3 ms]
   [Code Root Migration: 0.0 ms]
   [Clear CT: 4.1 ms]
   [Other: 6.6 ms]
      [Choose CSet: 0.1 ms]
      [Ref Proc: 1.4 ms]
      [Ref Enq: 0.0 ms]
      [Free CSet: 1.5 ms]
   [Eden: 1056.0M(1056.0M)->0.0B(1056.0M) Survivors: 160.0M->160.0M Heap: 13.5G(24.0G)->12.6G(24.0G)]
 [Times: user=1.29 sys=0.00, real=0.11 secs] 
2014-04-09T11:04:18.947+0900: 272.014: [GC pause (G1 Humongous Allocation) (young) (initial-mark), 0.0650682 secs]
   [Parallel Time: 59.3 ms, GC Workers: 13]
      [GC Worker Start (ms): Min: 272014.8, Avg: 272015.1, Max: 272015.4, Diff: 0.6]
      [Ext Root Scanning (ms): Min: 0.4, Avg: 0.8, Max: 3.1, Diff: 2.7, Sum: 10.7]
      [Code Root Marking (ms): Min: 0.0, Avg: 0.9, Max: 7.8, Diff: 7.7, Sum: 11.2]
      [Update RS (ms): Min: 19.8, Avg: 26.9, Max: 30.5, Diff: 10.7, Sum: 349.7]
         [Processed Buffers: Min: 13, Avg: 19.9, Max: 30, Diff: 17, Sum: 259]
      [Scan RS (ms): Min: 0.0, Avg: 0.3, Max: 0.7, Diff: 0.7, Sum: 4.2]
      [Code Root Scanning (ms): Min: 0.0, Avg: 0.0, Max: 0.0, Diff: 0.0, Sum: 0.0]
      [Object Copy (ms): Min: 26.5, Avg: 29.0, Max: 30.4, Diff: 3.9, Sum: 376.9]
      [Termination (ms): Min: 0.0, Avg: 0.0, Max: 0.0, Diff: 0.0, Sum: 0.0]
      [GC Worker Other (ms): Min: 0.0, Avg: 0.0, Max: 0.0, Diff: 0.0, Sum: 0.4]
      [GC Worker Total (ms): Min: 57.6, Avg: 57.9, Max: 58.2, Diff: 0.6, Sum: 753.1]
      [GC Worker End (ms): Min: 272073.0, Avg: 272073.0, Max: 272073.1, Diff: 0.0]
   [Code Root Fixup: 0.3 ms]
   [Code Root Migration: 0.0 ms]
   [Clear CT: 1.7 ms]
   [Other: 3.8 ms]
      [Choose CSet: 0.0 ms]
      [Ref Proc: 1.6 ms]
      [Ref Enq: 0.0 ms]
      [Free CSet: 0.1 ms]
   [Eden: 48.0M(1056.0M)->0.0B(1104.0M) Survivors: 160.0M->112.0M Heap: 12.6G(24.0G)->12.7G(24.0G)]
 [Times: user=0.76 sys=0.00, real=0.07 secs] 
2014-04-09T11:04:19.012+0900: 272.080: [GC concurrent-root-region-scan-start]
2014-04-09T11:04:19.015+0900: 272.082: [GC concurrent-root-region-scan-end, 0.0025854 secs]
2014-04-09T11:04:19.015+0900: 272.082: [GC concurrent-mark-start]
2014-04-09T11:04:20.550+0900: 273.618: [GC concurrent-mark-end, 1.5354499 secs]
2014-04-09T11:04:20.551+0900: 273.619: [GC remark 273.620: [GC ref-proc, 0.0032421 secs], 0.0270911 secs]
 [Times: user=0.24 sys=0.00, real=0.03 secs] 
2014-04-09T11:04:20.580+0900: 273.647: [GC cleanup 14G->13G(24G), 0.0231520 secs]
 [Times: user=0.26 sys=0.00, real=0.02 secs] 
2014-04-09T11:04:20.603+0900: 273.671: [GC concurrent-cleanup-start]
2014-04-09T11:04:20.604+0900: 273.672: [GC concurrent-cleanup-end, 0.0008107 secs]
2014-04-09T11:04:20.630+0900: 273.698: [GC pause (G1 Evacuation Pause) (young), 0.0344864 secs]
   [Parallel Time: 28.5 ms, GC Workers: 13]
      [GC Worker Start (ms): Min: 273698.1, Avg: 273698.4, Max: 273698.5, Diff: 0.5]
      [Ext Root Scanning (ms): Min: 0.4, Avg: 0.6, Max: 1.0, Diff: 0.5, Sum: 8.1]
      [Update RS (ms): Min: 5.2, Avg: 5.7, Max: 6.4, Diff: 1.2, Sum: 73.5]
         [Processed Buffers: Min: 15, Avg: 20.7, Max: 25, Diff: 10, Sum: 269]
      [Scan RS (ms): Min: 2.2, Avg: 3.0, Max: 3.3, Diff: 1.1, Sum: 38.8]
      [Code Root Scanning (ms): Min: 0.0, Avg: 0.0, Max: 0.0, Diff: 0.0, Sum: 0.0]
      [Object Copy (ms): Min: 17.9, Avg: 18.0, Max: 18.1, Diff: 0.2, Sum: 234.6]
      [Termination (ms): Min: 0.0, Avg: 0.0, Max: 0.0, Diff: 0.0, Sum: 0.0]
      [GC Worker Other (ms): Min: 0.0, Avg: 0.0, Max: 0.1, Diff: 0.1, Sum: 0.6]
      [GC Worker Total (ms): Min: 27.2, Avg: 27.4, Max: 27.6, Diff: 0.5, Sum: 355.6]
      [GC Worker End (ms): Min: 273725.7, Avg: 273725.7, Max: 273725.8, Diff: 0.1]
   [Code Root Fixup: 0.1 ms]
   [Code Root Migration: 0.0 ms]
   [Clear CT: 3.1 ms]
   [Other: 2.7 ms]
      [Choose CSet: 0.0 ms]
      [Ref Proc: 0.9 ms]
      [Ref Enq: 0.0 ms]
      [Free CSet: 0.8 ms]
   [Eden: 1104.0M(1104.0M)->0.0B(1072.0M) Survivors: 112.0M->144.0M Heap: 13.2G(24.0G)->12.2G(24.0G)]
 [Times: user=0.38 sys=0.00, real=0.03 secs] 
2014-04-09T11:04:31.423+0900: 284.491: [GC pause (G1 Evacuation Pause) (mixed), 0.0524709 secs]
   [Parallel Time: 42.8 ms, GC Workers: 13]
      [GC Worker Start (ms): Min: 284491.6, Avg: 284492.0, Max: 284492.3, Diff: 0.6]
      [Ext Root Scanning (ms): Min: 0.4, Avg: 0.7, Max: 0.9, Diff: 0.5, Sum: 8.8]
      [Update RS (ms): Min: 9.5, Avg: 10.0, Max: 10.8, Diff: 1.4, Sum: 130.5]
         [Processed Buffers: Min: 5, Avg: 11.1, Max: 25, Diff: 20, Sum: 144]
      [Scan RS (ms): Min: 4.5, Avg: 5.4, Max: 5.9, Diff: 1.3, Sum: 70.2]
      [Code Root Scanning (ms): Min: 0.0, Avg: 0.0, Max: 0.0, Diff: 0.0, Sum: 0.0]
      [Object Copy (ms): Min: 25.0, Avg: 25.1, Max: 25.3, Diff: 0.3, Sum: 326.9]
      [Termination (ms): Min: 0.0, Avg: 0.0, Max: 0.0, Diff: 0.0, Sum: 0.1]
      [GC Worker Other (ms): Min: 0.0, Avg: 0.1, Max: 0.2, Diff: 0.2, Sum: 0.7]
      [GC Worker Total (ms): Min: 41.0, Avg: 41.3, Max: 41.7, Diff: 0.6, Sum: 537.4]
      [GC Worker End (ms): Min: 284533.3, Avg: 284533.3, Max: 284533.5, Diff: 0.2]
   [Code Root Fixup: 0.1 ms]
   [Code Root Migration: 0.0 ms]
   [Clear CT: 4.8 ms]
   [Other: 4.7 ms]
      [Choose CSet: 0.1 ms]
      [Ref Proc: 1.3 ms]
      [Ref Enq: 0.0 ms]
      [Free CSet: 1.2 ms]
   [Eden: 1072.0M(1072.0M)->0.0B(5184.0M) Survivors: 144.0M->96.0M Heap: 13.2G(24.0G)->12.1G(24.0G)]
 [Times: user=0.59 sys=0.00, real=0.05 secs] 
2014-04-09T11:04:32.115+0900: 285.183: [GC pause (G1 Humongous Allocation) (young) (initial-mark), 0.0312450 secs]
   [Parallel Time: 28.4 ms, GC Workers: 13]
      [GC Worker Start (ms): Min: 285183.0, Avg: 285183.3, Max: 285183.6, Diff: 0.6]
      [Ext Root Scanning (ms): Min: 0.3, Avg: 0.7, Max: 3.1, Diff: 2.8, Sum: 9.7]
      [Code Root Marking (ms): Min: 0.0, Avg: 0.7, Max: 5.2, Diff: 5.2, Sum: 9.3]
      [Update RS (ms): Min: 21.0, Avg: 23.3, Max: 25.1, Diff: 4.1, Sum: 302.3]
         [Processed Buffers: Min: 12, Avg: 17.9, Max: 26, Diff: 14, Sum: 233]
      [Scan RS (ms): Min: 0.0, Avg: 0.0, Max: 0.1, Diff: 0.1, Sum: 0.4]
      [Code Root Scanning (ms): Min: 0.0, Avg: 0.0, Max: 0.0, Diff: 0.0, Sum: 0.0]
      [Object Copy (ms): Min: 0.4, Avg: 0.8, Max: 1.9, Diff: 1.5, Sum: 10.4]
      [Termination (ms): Min: 0.0, Avg: 2.1, Max: 2.5, Diff: 2.5, Sum: 27.3]
      [GC Worker Other (ms): Min: 0.0, Avg: 0.0, Max: 0.0, Diff: 0.0, Sum: 0.3]
      [GC Worker Total (ms): Min: 27.4, Avg: 27.7, Max: 28.0, Diff: 0.6, Sum: 359.8]
      [GC Worker End (ms): Min: 285211.0, Avg: 285211.0, Max: 285211.0, Diff: 0.0]
   [Code Root Fixup: 0.3 ms]
   [Code Root Migration: 0.0 ms]
   [Clear CT: 1.3 ms]
   [Other: 1.3 ms]
      [Choose CSet: 0.0 ms]
      [Ref Proc: 0.5 ms]
      [Ref Enq: 0.0 ms]
      [Free CSet: 0.2 ms]
   [Eden: 672.0M(5184.0M)->0.0B(9072.0M) Survivors: 96.0M->32.0M Heap: 12.8G(24.0G)->12.1G(24.0G)]
 [Times: user=0.36 sys=0.00, real=0.03 secs] 
2014-04-09T11:04:32.146+0900: 285.214: [GC concurrent-root-region-scan-start]
2014-04-09T11:04:32.149+0900: 285.217: [GC concurrent-root-region-scan-end, 0.0029336 secs]
2014-04-09T11:04:32.149+0900: 285.217: [GC concurrent-mark-start]
2014-04-09T11:04:33.257+0900: 286.325: [GC concurrent-mark-end, 1.1082045 secs]
2014-04-09T11:04:33.259+0900: 286.327: [GC remark 286.328: [GC ref-proc, 0.0031878 secs], 0.0288339 secs]
 [Times: user=0.25 sys=0.00, real=0.03 secs] 
2014-04-09T11:04:33.290+0900: 286.357: [GC cleanup 13G->13G(24G), 0.0277839 secs]
 [Times: user=0.32 sys=0.00, real=0.03 secs] 
2014-04-09T11:04:33.318+0900: 286.386: [GC concurrent-cleanup-start]
2014-04-09T11:04:33.318+0900: 286.386: [GC concurrent-cleanup-end, 0.0004284 secs]
2014-04-09T11:04:39.376+0900: 292.444: [GC pause (G1 Evacuation Pause) (young), 0.4377303 secs]
   [Parallel Time: 423.4 ms, GC Workers: 13]
      [GC Worker Start (ms): Min: 292444.9, Avg: 292445.2, Max: 292445.4, Diff: 0.6]
      [Ext Root Scanning (ms): Min: 0.4, Avg: 0.7, Max: 1.3, Diff: 0.9, Sum: 9.2]
      [Update RS (ms): Min: 11.3, Avg: 12.3, Max: 14.8, Diff: 3.5, Sum: 159.4]
         [Processed Buffers: Min: 9, Avg: 23.0, Max: 47, Diff: 38, Sum: 299]
      [Scan RS (ms): Min: 36.7, Avg: 39.2, Max: 39.9, Diff: 3.2, Sum: 510.0]
      [Code Root Scanning (ms): Min: 0.0, Avg: 0.0, Max: 0.0, Diff: 0.0, Sum: 0.1]
      [Object Copy (ms): Min: 369.1, Avg: 369.4, Max: 370.0, Diff: 0.9, Sum: 4802.8]
      [Termination (ms): Min: 0.0, Avg: 0.4, Max: 0.5, Diff: 0.5, Sum: 5.3]
      [GC Worker Other (ms): Min: 0.0, Avg: 0.0, Max: 0.1, Diff: 0.1, Sum: 0.5]
      [GC Worker Total (ms): Min: 421.8, Avg: 422.1, Max: 422.4, Diff: 0.6, Sum: 5487.3]
      [GC Worker End (ms): Min: 292867.2, Avg: 292867.3, Max: 292867.4, Diff: 0.2]
   [Code Root Fixup: 0.3 ms]
   [Code Root Migration: 0.1 ms]
   [Clear CT: 4.5 ms]
   [Other: 9.5 ms]
      [Choose CSet: 0.0 ms]
      [Ref Proc: 1.2 ms]
      [Ref Enq: 0.0 ms]
      [Free CSet: 2.3 ms]
   [Eden: 3952.0M(1184.0M)->0.0B(1056.0M) Survivors: 32.0M->160.0M Heap: 17.4G(24.0G)->14.3G(24.0G)]
 [Times: user=3.47 sys=1.94, real=0.44 secs] 
2014-04-09T11:04:41.163+0900: 294.231: [GC pause (G1 Evacuation Pause) (mixed), 0.1871779 secs]
   [Parallel Time: 171.3 ms, GC Workers: 13]
      [GC Worker Start (ms): Min: 294232.2, Avg: 294232.4, Max: 294232.6, Diff: 0.4]
      [Ext Root Scanning (ms): Min: 0.3, Avg: 0.7, Max: 1.4, Diff: 1.1, Sum: 8.5]
      [Update RS (ms): Min: 4.8, Avg: 6.2, Max: 6.6, Diff: 1.9, Sum: 80.0]
         [Processed Buffers: Min: 16, Avg: 21.5, Max: 27, Diff: 11, Sum: 279]
      [Scan RS (ms): Min: 56.2, Avg: 56.6, Max: 56.8, Diff: 0.6, Sum: 735.7]
      [Code Root Scanning (ms): Min: 0.0, Avg: 0.0, Max: 0.0, Diff: 0.0, Sum: 0.1]
      [Object Copy (ms): Min: 106.2, Avg: 106.7, Max: 107.6, Diff: 1.4, Sum: 1387.3]
      [Termination (ms): Min: 0.0, Avg: 0.0, Max: 0.0, Diff: 0.0, Sum: 0.0]
      [GC Worker Other (ms): Min: 0.0, Avg: 0.0, Max: 0.1, Diff: 0.1, Sum: 0.5]
      [GC Worker Total (ms): Min: 170.0, Avg: 170.2, Max: 170.4, Diff: 0.4, Sum: 2212.1]
      [GC Worker End (ms): Min: 294402.6, Avg: 294402.6, Max: 294402.7, Diff: 0.1]
   [Code Root Fixup: 0.4 ms]
   [Code Root Migration: 0.1 ms]
   [Clear CT: 5.3 ms]
   [Other: 10.1 ms]
      [Choose CSet: 0.5 ms]
      [Ref Proc: 1.0 ms]
      [Ref Enq: 0.0 ms]
      [Free CSet: 2.3 ms]
   [Eden: 1056.0M(1056.0M)->0.0B(1056.0M) Survivors: 160.0M->160.0M Heap: 15.9G(24.0G)->14.2G(24.0G)]
 [Times: user=2.26 sys=0.02, real=0.18 secs] 
2014-04-09T11:04:43.684+0900: 296.752: [GC pause (G1 Evacuation Pause) (mixed), 0.2458743 secs]
   [Parallel Time: 228.4 ms, GC Workers: 13]
      [GC Worker Start (ms): Min: 296753.2, Avg: 296753.4, Max: 296753.6, Diff: 0.4]
      [Ext Root Scanning (ms): Min: 0.6, Avg: 0.8, Max: 1.2, Diff: 0.7, Sum: 9.9]
      [Update RS (ms): Min: 4.4, Avg: 5.0, Max: 6.3, Diff: 1.9, Sum: 65.6]
         [Processed Buffers: Min: 13, Avg: 17.1, Max: 23, Diff: 10, Sum: 222]
      [Scan RS (ms): Min: 68.6, Avg: 69.7, Max: 70.7, Diff: 2.1, Sum: 906.3]
      [Code Root Scanning (ms): Min: 0.0, Avg: 0.0, Max: 0.2, Diff: 0.2, Sum: 0.3]
      [Object Copy (ms): Min: 151.2, Avg: 151.5, Max: 151.8, Diff: 0.6, Sum: 1969.6]
      [Termination (ms): Min: 0.0, Avg: 0.4, Max: 0.4, Diff: 0.4, Sum: 4.6]
      [GC Worker Other (ms): Min: 0.0, Avg: 0.0, Max: 0.1, Diff: 0.1, Sum: 0.5]
      [GC Worker Total (ms): Min: 227.3, Avg: 227.5, Max: 227.7, Diff: 0.4, Sum: 2956.9]
      [GC Worker End (ms): Min: 296980.9, Avg: 296980.9, Max: 296980.9, Diff: 0.1]
   [Code Root Fixup: 0.5 ms]
   [Code Root Migration: 0.5 ms]
   [Clear CT: 5.2 ms]
   [Other: 11.2 ms]
      [Choose CSet: 0.7 ms]
      [Ref Proc: 1.4 ms]
      [Ref Enq: 0.0 ms]
      [Free CSet: 2.5 ms]
   [Eden: 1056.0M(1056.0M)->0.0B(1056.0M) Survivors: 160.0M->160.0M Heap: 15.7G(24.0G)->14.1G(24.0G)]
 [Times: user=3.02 sys=0.01, real=0.24 secs] 
2014-04-09T11:04:47.383+0900: 300.451: [GC pause (G1 Evacuation Pause) (mixed), 0.2299197 secs]
   [Parallel Time: 211.0 ms, GC Workers: 13]
      [GC Worker Start (ms): Min: 300452.1, Avg: 300452.3, Max: 300452.6, Diff: 0.5]
      [Ext Root Scanning (ms): Min: 0.5, Avg: 0.7, Max: 1.2, Diff: 0.7, Sum: 9.4]
      [Update RS (ms): Min: 6.5, Avg: 6.9, Max: 8.8, Diff: 2.3, Sum: 89.2]
         [Processed Buffers: Min: 18, Avg: 23.0, Max: 29, Diff: 11, Sum: 299]
      [Scan RS (ms): Min: 71.5, Avg: 73.5, Max: 74.1, Diff: 2.6, Sum: 956.0]
      [Code Root Scanning (ms): Min: 0.0, Avg: 0.0, Max: 0.2, Diff: 0.2, Sum: 0.3]
      [Object Copy (ms): Min: 128.3, Avg: 128.5, Max: 128.7, Diff: 0.3, Sum: 1670.4]
      [Termination (ms): Min: 0.0, Avg: 0.0, Max: 0.0, Diff: 0.0, Sum: 0.1]
      [GC Worker Other (ms): Min: 0.0, Avg: 0.0, Max: 0.1, Diff: 0.1, Sum: 0.4]
      [GC Worker Total (ms): Min: 209.4, Avg: 209.7, Max: 209.9, Diff: 0.5, Sum: 2725.9]
      [GC Worker End (ms): Min: 300662.0, Avg: 300662.0, Max: 300662.0, Diff: 0.1]
   [Code Root Fixup: 0.6 ms]
   [Code Root Migration: 0.6 ms]
   [Clear CT: 5.6 ms]
   [Other: 12.0 ms]
      [Choose CSet: 0.7 ms]
      [Ref Proc: 0.7 ms]
      [Ref Enq: 0.0 ms]
      [Free CSet: 2.7 ms]
   [Eden: 1056.0M(1056.0M)->0.0B(1056.0M) Survivors: 160.0M->160.0M Heap: 15.6G(24.0G)->14.1G(24.0G)]
 [Times: user=2.77 sys=0.02, real=0.23 secs] 
2014-04-09T11:04:48.991+0900: 302.059: [GC pause (G1 Evacuation Pause) (mixed), 0.1939745 secs]
   [Parallel Time: 177.9 ms, GC Workers: 13]
      [GC Worker Start (ms): Min: 302059.7, Avg: 302059.9, Max: 302060.0, Diff: 0.4]
      [Ext Root Scanning (ms): Min: 0.5, Avg: 0.7, Max: 1.5, Diff: 1.0, Sum: 9.5]
      [Update RS (ms): Min: 4.9, Avg: 5.3, Max: 6.5, Diff: 1.6, Sum: 68.3]
         [Processed Buffers: Min: 15, Avg: 19.6, Max: 25, Diff: 10, Sum: 255]
      [Scan RS (ms): Min: 59.1, Avg: 60.2, Max: 60.7, Diff: 1.6, Sum: 782.7]
      [Code Root Scanning (ms): Min: 0.0, Avg: 0.0, Max: 0.0, Diff: 0.0, Sum: 0.1]
      [Object Copy (ms): Min: 110.4, Avg: 110.9, Max: 111.0, Diff: 0.6, Sum: 1441.4]
      [Termination (ms): Min: 0.0, Avg: 0.0, Max: 0.0, Diff: 0.0, Sum: 0.0]
      [GC Worker Other (ms): Min: 0.0, Avg: 0.0, Max: 0.1, Diff: 0.1, Sum: 0.6]
      [GC Worker Total (ms): Min: 176.9, Avg: 177.1, Max: 177.3, Diff: 0.4, Sum: 2302.5]
      [GC Worker End (ms): Min: 302236.9, Avg: 302237.0, Max: 302237.0, Diff: 0.1]
   [Code Root Fixup: 0.3 ms]
   [Code Root Migration: 0.1 ms]
   [Clear CT: 5.2 ms]
   [Other: 10.5 ms]
      [Choose CSet: 0.8 ms]
      [Ref Proc: 0.8 ms]
      [Ref Enq: 0.0 ms]
      [Free CSet: 2.3 ms]
   [Eden: 1056.0M(1056.0M)->0.0B(1056.0M) Survivors: 160.0M->160.0M Heap: 15.7G(24.0G)->14.4G(24.0G)]
 [Times: user=2.37 sys=0.00, real=0.20 secs] 
2014-04-09T11:04:49.292+0900: 302.360: [GC pause (G1 Humongous Allocation) (young) (initial-mark), 0.0701763 secs]
   [Parallel Time: 66.9 ms, GC Workers: 13]
      [GC Worker Start (ms): Min: 302360.3, Avg: 302360.5, Max: 302360.6, Diff: 0.4]
      [Ext Root Scanning (ms): Min: 0.4, Avg: 0.7, Max: 2.3, Diff: 2.0, Sum: 8.7]
      [Code Root Marking (ms): Min: 0.0, Avg: 0.9, Max: 7.4, Diff: 7.4, Sum: 11.5]
      [Update RS (ms): Min: 34.1, Avg: 41.0, Max: 43.1, Diff: 9.0, Sum: 532.9]
         [Processed Buffers: Min: 20, Avg: 26.5, Max: 43, Diff: 23, Sum: 344]
      [Scan RS (ms): Min: 0.0, Avg: 0.2, Max: 0.6, Diff: 0.6, Sum: 2.5]
      [Code Root Scanning (ms): Min: 0.0, Avg: 0.0, Max: 0.0, Diff: 0.0, Sum: 0.0]
      [Object Copy (ms): Min: 20.3, Avg: 23.4, Max: 24.8, Diff: 4.6, Sum: 303.6]
      [Termination (ms): Min: 0.0, Avg: 0.0, Max: 0.0, Diff: 0.0, Sum: 0.1]
      [GC Worker Other (ms): Min: 0.0, Avg: 0.0, Max: 0.0, Diff: 0.0, Sum: 0.3]
      [GC Worker Total (ms): Min: 65.9, Avg: 66.1, Max: 66.3, Diff: 0.4, Sum: 859.5]
      [GC Worker End (ms): Min: 302426.6, Avg: 302426.6, Max: 302426.6, Diff: 0.0]
   [Code Root Fixup: 0.3 ms]
   [Code Root Migration: 0.0 ms]
   [Clear CT: 0.6 ms]
   [Other: 2.4 ms]
      [Choose CSet: 0.0 ms]
      [Ref Proc: 0.7 ms]
      [Ref Enq: 0.0 ms]
      [Free CSet: 0.1 ms]
   [Eden: 48.0M(1056.0M)->0.0B(1120.0M) Survivors: 160.0M->96.0M Heap: 14.4G(24.0G)->14.6G(24.0G)]
 [Times: user=0.86 sys=0.00, real=0.07 secs] 
2014-04-09T11:04:49.362+0900: 302.430: [GC concurrent-root-region-scan-start]
2014-04-09T11:04:49.365+0900: 302.432: [GC concurrent-root-region-scan-end, 0.0021902 secs]
2014-04-09T11:04:49.365+0900: 302.432: [GC concurrent-mark-start]
2014-04-09T11:04:50.705+0900: 303.773: [GC concurrent-mark-end, 1.3402565 secs]
2014-04-09T11:04:50.706+0900: 303.774: [GC remark 303.775: [GC ref-proc, 0.0018207 secs], 0.0247206 secs]
 [Times: user=0.22 sys=0.00, real=0.02 secs] 
2014-04-09T11:04:50.732+0900: 303.800: [GC cleanup 15G->11G(24G), 0.0256170 secs]
 [Times: user=0.29 sys=0.00, real=0.03 secs] 
2014-04-09T11:04:50.758+0900: 303.826: [GC concurrent-cleanup-start]
2014-04-09T11:04:50.761+0900: 303.829: [GC concurrent-cleanup-end, 0.0026951 secs]
2014-04-09T11:04:53.128+0900: 306.196: [GC pause (G1 Evacuation Pause) (young), 0.0568772 secs]
   [Parallel Time: 50.9 ms, GC Workers: 13]
      [GC Worker Start (ms): Min: 306196.2, Avg: 306196.5, Max: 306196.7, Diff: 0.5]
      [Ext Root Scanning (ms): Min: 0.4, Avg: 0.7, Max: 1.5, Diff: 1.1, Sum: 9.0]
      [Update RS (ms): Min: 5.3, Avg: 6.0, Max: 6.7, Diff: 1.5, Sum: 77.4]
         [Processed Buffers: Min: 17, Avg: 20.2, Max: 24, Diff: 7, Sum: 262]
      [Scan RS (ms): Min: 4.6, Avg: 5.3, Max: 5.5, Diff: 0.9, Sum: 69.2]
      [Code Root Scanning (ms): Min: 0.0, Avg: 0.0, Max: 0.0, Diff: 0.0, Sum: 0.0]
      [Object Copy (ms): Min: 37.6, Avg: 37.7, Max: 37.8, Diff: 0.2, Sum: 490.3]
      [Termination (ms): Min: 0.0, Avg: 0.0, Max: 0.0, Diff: 0.0, Sum: 0.1]
      [GC Worker Other (ms): Min: 0.0, Avg: 0.1, Max: 0.1, Diff: 0.1, Sum: 0.8]
      [GC Worker Total (ms): Min: 49.5, Avg: 49.8, Max: 50.1, Diff: 0.6, Sum: 646.8]
      [GC Worker End (ms): Min: 306246.2, Avg: 306246.2, Max: 306246.3, Diff: 0.1]
   [Code Root Fixup: 0.2 ms]
   [Code Root Migration: 0.0 ms]
   [Clear CT: 2.9 ms]
   [Other: 2.8 ms]
      [Choose CSet: 0.0 ms]
      [Ref Proc: 1.0 ms]
      [Ref Enq: 0.0 ms]
      [Free CSet: 0.6 ms]
   [Eden: 1120.0M(1120.0M)->0.0B(1056.0M) Survivors: 96.0M->160.0M Heap: 12.5G(24.0G)->11.7G(24.0G)]
 [Times: user=0.67 sys=0.00, real=0.06 secs] 
2014-04-09T11:04:56.472+0900: 309.540: [GC pause (G1 Evacuation Pause) (mixed), 0.1329669 secs]
   [Parallel Time: 120.6 ms, GC Workers: 13]
      [GC Worker Start (ms): Min: 309540.3, Avg: 309540.6, Max: 309540.7, Diff: 0.4]
      [Ext Root Scanning (ms): Min: 0.5, Avg: 0.7, Max: 1.4, Diff: 0.8, Sum: 9.0]
      [Update RS (ms): Min: 7.5, Avg: 8.1, Max: 8.4, Diff: 0.9, Sum: 104.9]
         [Processed Buffers: Min: 27, Avg: 32.1, Max: 43, Diff: 16, Sum: 417]
      [Scan RS (ms): Min: 31.3, Avg: 31.7, Max: 31.9, Diff: 0.6, Sum: 411.6]
      [Code Root Scanning (ms): Min: 0.0, Avg: 0.0, Max: 0.0, Diff: 0.0, Sum: 0.0]
      [Object Copy (ms): Min: 78.8, Avg: 79.0, Max: 79.2, Diff: 0.5, Sum: 1027.2]
      [Termination (ms): Min: 0.0, Avg: 0.0, Max: 0.0, Diff: 0.0, Sum: 0.0]
      [GC Worker Other (ms): Min: 0.0, Avg: 0.0, Max: 0.1, Diff: 0.0, Sum: 0.4]
      [GC Worker Total (ms): Min: 119.3, Avg: 119.5, Max: 119.7, Diff: 0.4, Sum: 1553.3]
      [GC Worker End (ms): Min: 309660.0, Avg: 309660.1, Max: 309660.1, Diff: 0.1]
   [Code Root Fixup: 0.3 ms]
   [Code Root Migration: 0.0 ms]
   [Clear CT: 5.5 ms]
   [Other: 6.6 ms]
      [Choose CSet: 0.4 ms]
      [Ref Proc: 0.5 ms]
      [Ref Enq: 0.0 ms]
      [Free CSet: 1.7 ms]
   [Eden: 1056.0M(1056.0M)->0.0B(1056.0M) Survivors: 160.0M->160.0M Heap: 13.2G(24.0G)->12.1G(24.0G)]
 [Times: user=1.63 sys=0.00, real=0.14 secs] 
2014-04-09T11:04:56.763+0900: 309.830: [GC pause (G1 Humongous Allocation) (young) (initial-mark), 0.0662017 secs]
   [Parallel Time: 61.6 ms, GC Workers: 13]
      [GC Worker Start (ms): Min: 309830.7, Avg: 309831.1, Max: 309831.3, Diff: 0.6]
      [Ext Root Scanning (ms): Min: 0.3, Avg: 0.7, Max: 3.4, Diff: 3.0, Sum: 9.3]
      [Code Root Marking (ms): Min: 0.0, Avg: 0.8, Max: 6.9, Diff: 6.9, Sum: 10.2]
      [Update RS (ms): Min: 25.1, Avg: 31.6, Max: 35.6, Diff: 10.5, Sum: 411.0]
         [Processed Buffers: Min: 17, Avg: 21.5, Max: 28, Diff: 11, Sum: 280]
      [Scan RS (ms): Min: 0.0, Avg: 1.0, Max: 1.6, Diff: 1.6, Sum: 12.8]
      [Code Root Scanning (ms): Min: 0.0, Avg: 0.0, Max: 0.0, Diff: 0.0, Sum: 0.0]
      [Object Copy (ms): Min: 24.3, Avg: 26.3, Max: 27.0, Diff: 2.7, Sum: 341.5]
      [Termination (ms): Min: 0.0, Avg: 0.0, Max: 0.0, Diff: 0.0, Sum: 0.1]
      [GC Worker Other (ms): Min: 0.0, Avg: 0.0, Max: 0.0, Diff: 0.0, Sum: 0.3]
      [GC Worker Total (ms): Min: 60.1, Avg: 60.4, Max: 60.7, Diff: 0.6, Sum: 785.2]
      [GC Worker End (ms): Min: 309891.5, Avg: 309891.5, Max: 309891.5, Diff: 0.0]
   [Code Root Fixup: 0.2 ms]
   [Code Root Migration: 0.0 ms]
   [Clear CT: 1.8 ms]
   [Other: 2.6 ms]
      [Choose CSet: 0.0 ms]
      [Ref Proc: 1.1 ms]
      [Ref Enq: 0.0 ms]
      [Free CSet: 0.2 ms]
   [Eden: 80.0M(1056.0M)->0.0B(1104.0M) Survivors: 160.0M->112.0M Heap: 12.2G(24.0G)->12.3G(24.0G)]
 [Times: user=0.81 sys=0.00, real=0.07 secs] 
2014-04-09T11:04:56.829+0900: 309.897: [GC concurrent-root-region-scan-start]
2014-04-09T11:04:56.833+0900: 309.901: [GC concurrent-root-region-scan-end, 0.0037490 secs]
2014-04-09T11:04:56.833+0900: 309.901: [GC concurrent-mark-start]
2014-04-09T11:04:58.267+0900: 311.335: [GC concurrent-mark-end, 1.4339355 secs]
2014-04-09T11:04:58.268+0900: 311.336: [GC remark 311.337: [GC ref-proc, 0.0017789 secs], 0.0246200 secs]
 [Times: user=0.23 sys=0.00, real=0.02 secs] 
2014-04-09T11:04:58.294+0900: 311.362: [GC cleanup 13G->12G(24G), 0.0243013 secs]
 [Times: user=0.27 sys=0.00, real=0.03 secs] 
2014-04-09T11:04:58.319+0900: 311.386: [GC concurrent-cleanup-start]
2014-04-09T11:04:58.319+0900: 311.387: [GC concurrent-cleanup-end, 0.0009775 secs]
2014-04-09T11:04:59.557+0900: 312.625: [GC pause (G1 Evacuation Pause) (young), 0.0635332 secs]
   [Parallel Time: 58.0 ms, GC Workers: 13]
      [GC Worker Start (ms): Min: 312625.6, Avg: 312625.9, Max: 312626.2, Diff: 0.6]
      [Ext Root Scanning (ms): Min: 0.4, Avg: 0.7, Max: 1.5, Diff: 1.1, Sum: 9.1]
      [Update RS (ms): Min: 6.5, Avg: 6.7, Max: 7.6, Diff: 1.0, Sum: 86.9]
         [Processed Buffers: Min: 11, Avg: 20.8, Max: 25, Diff: 14, Sum: 270]
      [Scan RS (ms): Min: 3.5, Avg: 5.0, Max: 5.3, Diff: 1.8, Sum: 65.6]
      [Code Root Scanning (ms): Min: 0.0, Avg: 0.0, Max: 0.0, Diff: 0.0, Sum: 0.0]
      [Object Copy (ms): Min: 43.8, Avg: 43.9, Max: 44.1, Diff: 0.2, Sum: 571.3]
      [Termination (ms): Min: 0.0, Avg: 0.0, Max: 0.0, Diff: 0.0, Sum: 0.1]
      [GC Worker Other (ms): Min: 0.0, Avg: 0.0, Max: 0.1, Diff: 0.1, Sum: 0.4]
      [GC Worker Total (ms): Min: 56.1, Avg: 56.4, Max: 56.8, Diff: 0.6, Sum: 733.5]
      [GC Worker End (ms): Min: 312682.3, Avg: 312682.3, Max: 312682.3, Diff: 0.0]
   [Code Root Fixup: 0.3 ms]
   [Code Root Migration: 0.0 ms]
   [Clear CT: 2.7 ms]
   [Other: 2.5 ms]
      [Choose CSet: 0.0 ms]
      [Ref Proc: 0.8 ms]
      [Ref Enq: 0.0 ms]
      [Free CSet: 0.5 ms]
   [Eden: 1104.0M(1104.0M)->0.0B(1056.0M) Survivors: 112.0M->160.0M Heap: 12.8G(24.0G)->11.9G(24.0G)]
 [Times: user=0.76 sys=0.00, real=0.06 secs] 
2014-04-09T11:05:02.144+0900: 315.212: [GC pause (G1 Evacuation Pause) (mixed), 0.1126545 secs]
   [Parallel Time: 103.4 ms, GC Workers: 13]
      [GC Worker Start (ms): Min: 315212.6, Avg: 315212.9, Max: 315213.1, Diff: 0.5]
      [Ext Root Scanning (ms): Min: 0.4, Avg: 0.7, Max: 1.3, Diff: 0.9, Sum: 9.3]
      [Update RS (ms): Min: 5.5, Avg: 6.2, Max: 6.8, Diff: 1.3, Sum: 80.1]
         [Processed Buffers: Min: 14, Avg: 22.1, Max: 29, Diff: 15, Sum: 287]
      [Scan RS (ms): Min: 14.2, Avg: 14.6, Max: 14.9, Diff: 0.7, Sum: 189.2]
      [Code Root Scanning (ms): Min: 0.0, Avg: 0.0, Max: 0.0, Diff: 0.0, Sum: 0.0]
      [Object Copy (ms): Min: 80.0, Avg: 80.3, Max: 80.7, Diff: 0.7, Sum: 1044.5]
      [Termination (ms): Min: 0.0, Avg: 0.3, Max: 0.3, Diff: 0.3, Sum: 3.4]
      [GC Worker Other (ms): Min: 0.0, Avg: 0.0, Max: 0.1, Diff: 0.0, Sum: 0.4]
      [GC Worker Total (ms): Min: 101.8, Avg: 102.1, Max: 102.3, Diff: 0.5, Sum: 1327.0]
      [GC Worker End (ms): Min: 315314.9, Avg: 315315.0, Max: 315315.0, Diff: 0.0]
   [Code Root Fixup: 0.3 ms]
   [Code Root Migration: 0.0 ms]
   [Clear CT: 4.9 ms]
   [Other: 4.0 ms]
      [Choose CSet: 0.1 ms]
      [Ref Proc: 0.7 ms]
      [Ref Enq: 0.0 ms]
      [Free CSet: 0.9 ms]
   [Eden: 1056.0M(1056.0M)->0.0B(1056.0M) Survivors: 160.0M->160.0M Heap: 13.4G(24.0G)->12.5G(24.0G)]
 [Times: user=1.38 sys=0.00, real=0.11 secs] 
2014-04-09T11:05:02.346+0900: 315.414: [GC pause (G1 Humongous Allocation) (young) (initial-mark), 0.0694572 secs]
   [Parallel Time: 65.7 ms, GC Workers: 13]
      [GC Worker Start (ms): Min: 315414.3, Avg: 315414.6, Max: 315414.9, Diff: 0.6]
      [Ext Root Scanning (ms): Min: 0.3, Avg: 0.7, Max: 3.2, Diff: 2.9, Sum: 8.7]
      [Code Root Marking (ms): Min: 0.0, Avg: 0.8, Max: 6.7, Diff: 6.7, Sum: 10.4]
      [Update RS (ms): Min: 31.8, Avg: 37.9, Max: 40.1, Diff: 8.3, Sum: 492.4]
         [Processed Buffers: Min: 21, Avg: 26.5, Max: 39, Diff: 18, Sum: 345]
      [Scan RS (ms): Min: 0.0, Avg: 0.0, Max: 0.0, Diff: 0.0, Sum: 0.1]
      [Code Root Scanning (ms): Min: 0.0, Avg: 0.0, Max: 0.0, Diff: 0.0, Sum: 0.0]
      [Object Copy (ms): Min: 23.8, Avg: 25.1, Max: 26.2, Diff: 2.4, Sum: 326.1]
      [Termination (ms): Min: 0.0, Avg: 0.0, Max: 0.0, Diff: 0.0, Sum: 0.2]
      [GC Worker Other (ms): Min: 0.0, Avg: 0.0, Max: 0.0, Diff: 0.0, Sum: 0.3]
      [GC Worker Total (ms): Min: 64.2, Avg: 64.5, Max: 64.8, Diff: 0.6, Sum: 838.2]
      [GC Worker End (ms): Min: 315479.1, Avg: 315479.1, Max: 315479.1, Diff: 0.0]
   [Code Root Fixup: 0.2 ms]
   [Code Root Migration: 0.0 ms]
   [Clear CT: 1.0 ms]
   [Other: 2.5 ms]
      [Choose CSet: 0.0 ms]
      [Ref Proc: 0.9 ms]
      [Ref Enq: 0.0 ms]
      [Free CSet: 0.1 ms]
   [Eden: 48.0M(1056.0M)->0.0B(1104.0M) Survivors: 160.0M->112.0M Heap: 12.5G(24.0G)->12.6G(24.0G)]
 [Times: user=0.84 sys=0.01, real=0.07 secs] 
2014-04-09T11:05:02.416+0900: 315.484: [GC concurrent-root-region-scan-start]
2014-04-09T11:05:02.419+0900: 315.486: [GC concurrent-root-region-scan-end, 0.0027904 secs]
2014-04-09T11:05:02.419+0900: 315.486: [GC concurrent-mark-start]
2014-04-09T11:05:03.965+0900: 317.033: [GC concurrent-mark-end, 1.5468666 secs]
2014-04-09T11:05:03.967+0900: 317.035: [GC remark 317.036: [GC ref-proc, 0.0018532 secs], 0.0267235 secs]
 [Times: user=0.24 sys=0.01, real=0.02 secs] 
2014-04-09T11:05:03.995+0900: 317.063: [GC cleanup 13G->12G(24G), 0.0251165 secs]
 [Times: user=0.27 sys=0.00, real=0.03 secs] 
2014-04-09T11:05:04.020+0900: 317.088: [GC concurrent-cleanup-start]
2014-04-09T11:05:04.021+0900: 317.089: [GC concurrent-cleanup-end, 0.0008498 secs]
2014-04-09T11:05:04.473+0900: 317.541: [GC pause (G1 Evacuation Pause) (young), 0.0410272 secs]
   [Parallel Time: 35.9 ms, GC Workers: 13]
      [GC Worker Start (ms): Min: 317541.6, Avg: 317542.0, Max: 317542.2, Diff: 0.6]
      [Ext Root Scanning (ms): Min: 0.4, Avg: 0.7, Max: 1.2, Diff: 0.8, Sum: 9.0]
      [Update RS (ms): Min: 6.1, Avg: 7.0, Max: 8.7, Diff: 2.6, Sum: 91.1]
         [Processed Buffers: Min: 18, Avg: 23.2, Max: 30, Diff: 12, Sum: 302]
      [Scan RS (ms): Min: 1.0, Avg: 2.6, Max: 3.1, Diff: 2.1, Sum: 33.5]
      [Code Root Scanning (ms): Min: 0.0, Avg: 0.0, Max: 0.0, Diff: 0.0, Sum: 0.0]
      [Object Copy (ms): Min: 24.7, Avg: 24.8, Max: 24.8, Diff: 0.2, Sum: 322.0]
      [Termination (ms): Min: 0.0, Avg: 0.1, Max: 0.1, Diff: 0.1, Sum: 0.7]
      [GC Worker Other (ms): Min: 0.0, Avg: 0.0, Max: 0.1, Diff: 0.0, Sum: 0.4]
      [GC Worker Total (ms): Min: 34.9, Avg: 35.1, Max: 35.5, Diff: 0.6, Sum: 456.8]
      [GC Worker End (ms): Min: 317577.1, Avg: 317577.1, Max: 317577.1, Diff: 0.1]
   [Code Root Fixup: 0.2 ms]
   [Code Root Migration: 0.0 ms]
   [Clear CT: 2.4 ms]
   [Other: 2.5 ms]
      [Choose CSet: 0.0 ms]
      [Ref Proc: 1.3 ms]
      [Ref Enq: 0.0 ms]
      [Free CSet: 0.4 ms]
   [Eden: 1104.0M(1104.0M)->0.0B(1056.0M) Survivors: 112.0M->160.0M Heap: 13.1G(24.0G)->12.1G(24.0G)]
 [Times: user=0.48 sys=0.00, real=0.04 secs] 
Heap
 garbage-first heap   total 25165824K, used 13081611K [0x00000001c0000000, 0x00000007c0000000, 0x00000007c0000000)
  region size 16384K, 36 young (589824K), 10 survivors (163840K)
 Metaspace       used 37933K, capacity 38816K, committed 38960K, reserved 1083392K
  class space    used 5736K, capacity 5931K, committed 5936K, reserved 1048576K
