Java HotSpot(TM) 64-Bit Server VM (25.0-b70) for linux-amd64 JRE (1.8.0-b132), built on Mar  4 2014 03:07:25 by "java_re" with gcc 4.3.0 20080428 (Red Hat 4.3.0-8)
Memory: 4k page, physical 32865776k(30187436k free), swap 2047992k(2047992k free)
CommandLine flags: -XX:G1HeapRegionSize=16777216 -XX:InitialHeapSize=25769803776 -XX:InitiatingHeapOccupancyPercent=30 -XX:MaxHeapSize=25769803776 -XX:+PrintGC -XX:+PrintGCDateStamps -XX:+PrintGCDetails -XX:+PrintGCTimeStamps -XX:ThreadStackSize=2048 -XX:+UseCompressedClassPointers -XX:+UseCompressedOops -XX:+UseG1GC 
2014-04-07T18:26:39.983+0900: 1.643: [Full GC (Metadata GC Threshold)  21M->7320K(24G), 0.2859732 secs]
   [Eden: 32.0M(1216.0M)->0.0B(1216.0M) Survivors: 0.0B->0.0B Heap: 21.1M(24.0G)->7320.1K(24.0G)], [Metaspace: 21110K->21110K(1067008K)]
 [Times: user=0.46 sys=0.09, real=0.29 secs] 
2014-04-07T18:26:45.443+0900: 7.103: [Full GC (Metadata GC Threshold)  110M->17M(24G), 0.3381132 secs]
   [Eden: 112.0M(1216.0M)->0.0B(1216.0M) Survivors: 0.0B->0.0B Heap: 110.7M(24.0G)->17.2M(24.0G)], [Metaspace: 34709K->34705K(1079296K)]
 [Times: user=0.34 sys=0.01, real=0.34 secs] 
2014-04-07T18:26:51.282+0900: 12.942: [GC pause (G1 Evacuation Pause) (young), 0.3058466 secs]
   [Parallel Time: 262.1 ms, GC Workers: 13]
      [GC Worker Start (ms): Min: 12942.2, Avg: 12949.9, Max: 12959.0, Diff: 16.9]
      [Ext Root Scanning (ms): Min: 0.0, Avg: 0.9, Max: 3.9, Diff: 3.8, Sum: 12.3]
      [Update RS (ms): Min: 0.0, Avg: 0.4, Max: 1.1, Diff: 1.1, Sum: 4.6]
         [Processed Buffers: Min: 0, Avg: 4.7, Max: 21, Diff: 21, Sum: 61]
      [Scan RS (ms): Min: 0.0, Avg: 0.0, Max: 0.2, Diff: 0.2, Sum: 0.6]
      [Code Root Scanning (ms): Min: 0.0, Avg: 0.1, Max: 0.5, Diff: 0.5, Sum: 1.1]
      [Object Copy (ms): Min: 227.0, Avg: 243.6, Max: 253.6, Diff: 26.6, Sum: 3166.7]
      [Termination (ms): Min: 2.3, Avg: 8.4, Max: 21.4, Diff: 19.2, Sum: 109.7]
      [GC Worker Other (ms): Min: 0.0, Avg: 0.7, Max: 8.4, Diff: 8.4, Sum: 8.9]
      [GC Worker Total (ms): Min: 245.0, Avg: 254.1, Max: 261.9, Diff: 16.9, Sum: 3303.9]
      [GC Worker End (ms): Min: 13204.1, Avg: 13204.1, Max: 13204.1, Diff: 0.0]
   [Code Root Fixup: 1.5 ms]
   [Code Root Migration: 4.0 ms]
   [Clear CT: 0.7 ms]
   [Other: 37.6 ms]
      [Choose CSet: 0.0 ms]
      [Ref Proc: 33.9 ms]
      [Ref Enq: 2.7 ms]
      [Free CSet: 0.2 ms]
   [Eden: 1216.0M(1216.0M)->0.0B(1056.0M) Survivors: 0.0B->160.0M Heap: 1233.2M(24.0G)->295.2M(24.0G)]
 [Times: user=2.56 sys=1.06, real=0.30 secs] 
2014-04-07T18:26:53.407+0900: 15.067: [GC pause (G1 Evacuation Pause) (young), 0.1967639 secs]
   [Parallel Time: 175.6 ms, GC Workers: 13]
      [GC Worker Start (ms): Min: 15067.0, Avg: 15067.2, Max: 15067.3, Diff: 0.3]
      [Ext Root Scanning (ms): Min: 2.4, Avg: 10.1, Max: 18.5, Diff: 16.1, Sum: 130.8]
      [Update RS (ms): Min: 0.0, Avg: 0.4, Max: 0.9, Diff: 0.9, Sum: 4.8]
         [Processed Buffers: Min: 0, Avg: 2.7, Max: 20, Diff: 20, Sum: 35]
      [Scan RS (ms): Min: 4.7, Avg: 15.1, Max: 31.9, Diff: 27.2, Sum: 196.9]
      [Code Root Scanning (ms): Min: 0.0, Avg: 0.1, Max: 1.8, Diff: 1.8, Sum: 1.8]
      [Object Copy (ms): Min: 133.8, Avg: 144.6, Max: 147.9, Diff: 14.1, Sum: 1879.2]
      [Termination (ms): Min: 4.3, Avg: 5.1, Max: 10.6, Diff: 6.2, Sum: 66.7]
      [GC Worker Other (ms): Min: 0.0, Avg: 0.0, Max: 0.1, Diff: 0.0, Sum: 0.4]
      [GC Worker Total (ms): Min: 175.3, Avg: 175.4, Max: 175.6, Diff: 0.3, Sum: 2280.5]
      [GC Worker End (ms): Min: 15242.6, Avg: 15242.6, Max: 15242.6, Diff: 0.0]
   [Code Root Fixup: 1.6 ms]
   [Code Root Migration: 3.5 ms]
   [Clear CT: 0.7 ms]
   [Other: 15.3 ms]
      [Choose CSet: 0.0 ms]
      [Ref Proc: 13.0 ms]
      [Ref Enq: 1.1 ms]
      [Free CSet: 0.2 ms]
   [Eden: 1056.0M(1056.0M)->0.0B(1056.0M) Survivors: 160.0M->160.0M Heap: 1351.2M(24.0G)->513.2M(24.0G)]
 [Times: user=2.33 sys=0.28, real=0.20 secs] 
2014-04-07T18:26:54.742+0900: 16.402: [GC pause (G1 Evacuation Pause) (young), 0.1103015 secs]
   [Parallel Time: 100.5 ms, GC Workers: 13]
      [GC Worker Start (ms): Min: 16402.3, Avg: 16402.4, Max: 16402.4, Diff: 0.2]
      [Ext Root Scanning (ms): Min: 1.6, Avg: 1.8, Max: 2.0, Diff: 0.3, Sum: 23.0]
      [Update RS (ms): Min: 2.9, Avg: 3.2, Max: 4.8, Diff: 1.9, Sum: 41.3]
         [Processed Buffers: Min: 2, Avg: 17.3, Max: 34, Diff: 32, Sum: 225]
      [Scan RS (ms): Min: 4.6, Avg: 6.4, Max: 6.8, Diff: 2.2, Sum: 82.7]
      [Code Root Scanning (ms): Min: 0.0, Avg: 0.0, Max: 0.0, Diff: 0.0, Sum: 0.1]
      [Object Copy (ms): Min: 88.7, Avg: 88.9, Max: 89.2, Diff: 0.5, Sum: 1155.9]
      [Termination (ms): Min: 0.0, Avg: 0.0, Max: 0.0, Diff: 0.0, Sum: 0.0]
      [GC Worker Other (ms): Min: 0.0, Avg: 0.1, Max: 0.1, Diff: 0.1, Sum: 0.7]
      [GC Worker Total (ms): Min: 100.2, Avg: 100.3, Max: 100.4, Diff: 0.2, Sum: 1303.6]
      [GC Worker End (ms): Min: 16502.6, Avg: 16502.7, Max: 16502.7, Diff: 0.1]
   [Code Root Fixup: 0.4 ms]
   [Code Root Migration: 0.0 ms]
   [Clear CT: 0.4 ms]
   [Other: 8.9 ms]
      [Choose CSet: 0.0 ms]
      [Ref Proc: 6.6 ms]
      [Ref Enq: 0.5 ms]
      [Free CSet: 0.3 ms]
   [Eden: 1056.0M(1056.0M)->0.0B(1056.0M) Survivors: 160.0M->160.0M Heap: 1569.2M(24.0G)->745.2M(24.0G)]
 [Times: user=1.22 sys=0.12, real=0.11 secs] 
2014-04-07T18:26:55.715+0900: 17.375: [GC pause (G1 Evacuation Pause) (young), 0.0962872 secs]
   [Parallel Time: 86.3 ms, GC Workers: 13]
      [GC Worker Start (ms): Min: 17375.6, Avg: 17375.6, Max: 17375.7, Diff: 0.1]
      [Ext Root Scanning (ms): Min: 0.7, Avg: 1.1, Max: 1.5, Diff: 0.8, Sum: 14.9]
      [Update RS (ms): Min: 3.0, Avg: 3.7, Max: 4.1, Diff: 1.0, Sum: 48.4]
         [Processed Buffers: Min: 3, Avg: 15.2, Max: 27, Diff: 24, Sum: 198]
      [Scan RS (ms): Min: 3.9, Avg: 4.3, Max: 4.5, Diff: 0.6, Sum: 55.3]
      [Code Root Scanning (ms): Min: 0.0, Avg: 0.0, Max: 0.0, Diff: 0.0, Sum: 0.0]
      [Object Copy (ms): Min: 76.6, Avg: 76.9, Max: 77.6, Diff: 1.0, Sum: 999.3]
      [Termination (ms): Min: 0.0, Avg: 0.0, Max: 0.0, Diff: 0.0, Sum: 0.0]
      [GC Worker Other (ms): Min: 0.0, Avg: 0.0, Max: 0.1, Diff: 0.1, Sum: 0.4]
      [GC Worker Total (ms): Min: 86.0, Avg: 86.0, Max: 86.1, Diff: 0.1, Sum: 1118.4]
      [GC Worker End (ms): Min: 17461.7, Avg: 17461.7, Max: 17461.7, Diff: 0.1]
   [Code Root Fixup: 0.4 ms]
   [Code Root Migration: 0.0 ms]
   [Clear CT: 0.5 ms]
   [Other: 9.0 ms]
      [Choose CSet: 0.0 ms]
      [Ref Proc: 6.8 ms]
      [Ref Enq: 0.5 ms]
      [Free CSet: 0.3 ms]
   [Eden: 1056.0M(1056.0M)->0.0B(1056.0M) Survivors: 160.0M->160.0M Heap: 1801.2M(24.0G)->993.2M(24.0G)]
 [Times: user=1.08 sys=0.05, real=0.10 secs] 
2014-04-07T18:26:56.696+0900: 18.356: [GC pause (G1 Evacuation Pause) (young), 0.1449973 secs]
   [Parallel Time: 134.7 ms, GC Workers: 13]
      [GC Worker Start (ms): Min: 18356.4, Avg: 18356.4, Max: 18356.5, Diff: 0.1]
      [Ext Root Scanning (ms): Min: 1.3, Avg: 1.3, Max: 1.6, Diff: 0.3, Sum: 17.3]
      [Update RS (ms): Min: 6.8, Avg: 7.7, Max: 9.9, Diff: 3.1, Sum: 100.1]
         [Processed Buffers: Min: 7, Avg: 15.8, Max: 47, Diff: 40, Sum: 206]
      [Scan RS (ms): Min: 4.1, Avg: 6.2, Max: 7.0, Diff: 2.9, Sum: 80.6]
      [Code Root Scanning (ms): Min: 0.0, Avg: 0.0, Max: 0.0, Diff: 0.0, Sum: 0.0]
      [Object Copy (ms): Min: 119.0, Avg: 119.1, Max: 119.3, Diff: 0.3, Sum: 1548.6]
      [Termination (ms): Min: 0.0, Avg: 0.0, Max: 0.1, Diff: 0.1, Sum: 0.6]
      [GC Worker Other (ms): Min: 0.0, Avg: 0.0, Max: 0.1, Diff: 0.1, Sum: 0.5]
      [GC Worker Total (ms): Min: 134.3, Avg: 134.4, Max: 134.5, Diff: 0.2, Sum: 1747.7]
      [GC Worker End (ms): Min: 18490.9, Avg: 18490.9, Max: 18490.9, Diff: 0.1]
   [Code Root Fixup: 0.4 ms]
   [Code Root Migration: 0.0 ms]
   [Clear CT: 0.5 ms]
   [Other: 9.4 ms]
      [Choose CSet: 0.0 ms]
      [Ref Proc: 6.6 ms]
      [Ref Enq: 0.5 ms]
      [Free CSet: 0.4 ms]
   [Eden: 1056.0M(1056.0M)->0.0B(1056.0M) Survivors: 160.0M->160.0M Heap: 2049.2M(24.0G)->1241.2M(24.0G)]
 [Times: user=1.87 sys=0.08, real=0.15 secs] 
2014-04-07T18:26:57.704+0900: 19.364: [GC pause (G1 Evacuation Pause) (young), 0.1085944 secs]
   [Parallel Time: 97.8 ms, GC Workers: 13]
      [GC Worker Start (ms): Min: 19364.3, Avg: 19364.4, Max: 19364.4, Diff: 0.1]
      [Ext Root Scanning (ms): Min: 0.8, Avg: 1.2, Max: 1.8, Diff: 1.0, Sum: 15.8]
      [Update RS (ms): Min: 4.5, Avg: 4.9, Max: 6.4, Diff: 1.9, Sum: 64.2]
         [Processed Buffers: Min: 3, Avg: 15.5, Max: 27, Diff: 24, Sum: 202]
      [Scan RS (ms): Min: 4.3, Avg: 5.7, Max: 6.2, Diff: 1.9, Sum: 73.8]
      [Code Root Scanning (ms): Min: 0.0, Avg: 0.0, Max: 0.0, Diff: 0.0, Sum: 0.0]
      [Object Copy (ms): Min: 85.2, Avg: 85.4, Max: 85.9, Diff: 0.7, Sum: 1109.8]
      [Termination (ms): Min: 0.0, Avg: 0.4, Max: 0.4, Diff: 0.4, Sum: 5.0]
      [GC Worker Other (ms): Min: 0.0, Avg: 0.0, Max: 0.1, Diff: 0.1, Sum: 0.4]
      [GC Worker Total (ms): Min: 97.5, Avg: 97.6, Max: 97.7, Diff: 0.2, Sum: 1269.1]
      [GC Worker End (ms): Min: 19461.9, Avg: 19462.0, Max: 19462.0, Diff: 0.1]
   [Code Root Fixup: 0.4 ms]
   [Code Root Migration: 0.0 ms]
   [Clear CT: 0.5 ms]
   [Other: 9.8 ms]
      [Choose CSet: 0.0 ms]
      [Ref Proc: 7.0 ms]
      [Ref Enq: 0.6 ms]
      [Free CSet: 0.4 ms]
   [Eden: 1056.0M(1056.0M)->0.0B(1056.0M) Survivors: 160.0M->160.0M Heap: 2297.2M(24.0G)->1473.2M(24.0G)]
 [Times: user=1.21 sys=0.06, real=0.11 secs] 
2014-04-07T18:26:58.681+0900: 20.341: [GC pause (G1 Evacuation Pause) (young), 0.1146901 secs]
   [Parallel Time: 104.1 ms, GC Workers: 13]
      [GC Worker Start (ms): Min: 20341.5, Avg: 20341.5, Max: 20341.6, Diff: 0.1]
      [Ext Root Scanning (ms): Min: 1.2, Avg: 1.3, Max: 1.9, Diff: 0.7, Sum: 16.7]
      [Update RS (ms): Min: 5.8, Avg: 6.7, Max: 8.1, Diff: 2.2, Sum: 86.7]
         [Processed Buffers: Min: 3, Avg: 16.2, Max: 30, Diff: 27, Sum: 210]
      [Scan RS (ms): Min: 5.7, Avg: 6.9, Max: 7.4, Diff: 1.7, Sum: 89.7]
      [Code Root Scanning (ms): Min: 0.0, Avg: 0.0, Max: 0.0, Diff: 0.0, Sum: 0.0]
      [Object Copy (ms): Min: 88.8, Avg: 88.9, Max: 89.5, Diff: 0.7, Sum: 1156.1]
      [Termination (ms): Min: 0.0, Avg: 0.0, Max: 0.0, Diff: 0.0, Sum: 0.1]
      [GC Worker Other (ms): Min: 0.0, Avg: 0.0, Max: 0.1, Diff: 0.1, Sum: 0.5]
      [GC Worker Total (ms): Min: 103.8, Avg: 103.8, Max: 103.9, Diff: 0.1, Sum: 1349.9]
      [GC Worker End (ms): Min: 20445.3, Avg: 20445.4, Max: 20445.4, Diff: 0.1]
   [Code Root Fixup: 0.4 ms]
   [Code Root Migration: 0.0 ms]
   [Clear CT: 0.7 ms]
   [Other: 9.5 ms]
      [Choose CSet: 0.0 ms]
      [Ref Proc: 6.5 ms]
      [Ref Enq: 0.5 ms]
      [Free CSet: 0.5 ms]
   [Eden: 1056.0M(1056.0M)->0.0B(1056.0M) Survivors: 160.0M->160.0M Heap: 2529.2M(24.0G)->1729.2M(24.0G)]
 [Times: user=1.30 sys=0.06, real=0.11 secs] 
2014-04-07T18:26:59.711+0900: 21.371: [GC pause (G1 Evacuation Pause) (young), 0.1101944 secs]
   [Parallel Time: 99.5 ms, GC Workers: 13]
      [GC Worker Start (ms): Min: 21371.0, Avg: 21371.1, Max: 21371.2, Diff: 0.1]
      [Ext Root Scanning (ms): Min: 0.9, Avg: 1.3, Max: 1.9, Diff: 1.0, Sum: 16.3]
      [Update RS (ms): Min: 5.6, Avg: 6.4, Max: 8.5, Diff: 2.9, Sum: 83.8]
         [Processed Buffers: Min: 1, Avg: 15.8, Max: 33, Diff: 32, Sum: 205]
      [Scan RS (ms): Min: 6.2, Avg: 8.1, Max: 8.7, Diff: 2.6, Sum: 105.1]
      [Code Root Scanning (ms): Min: 0.0, Avg: 0.0, Max: 0.0, Diff: 0.0, Sum: 0.0]
      [Object Copy (ms): Min: 83.0, Avg: 83.4, Max: 84.4, Diff: 1.4, Sum: 1084.3]
      [Termination (ms): Min: 0.0, Avg: 0.0, Max: 0.0, Diff: 0.0, Sum: 0.1]
      [GC Worker Other (ms): Min: 0.0, Avg: 0.0, Max: 0.1, Diff: 0.0, Sum: 0.5]
      [GC Worker Total (ms): Min: 99.2, Avg: 99.2, Max: 99.3, Diff: 0.1, Sum: 1290.0]
      [GC Worker End (ms): Min: 21470.3, Avg: 21470.3, Max: 21470.4, Diff: 0.0]
   [Code Root Fixup: 0.3 ms]
   [Code Root Migration: 0.0 ms]
   [Clear CT: 0.6 ms]
   [Other: 9.7 ms]
      [Choose CSet: 0.0 ms]
      [Ref Proc: 6.5 ms]
      [Ref Enq: 0.6 ms]
      [Free CSet: 0.5 ms]
   [Eden: 1056.0M(1056.0M)->0.0B(1056.0M) Survivors: 160.0M->160.0M Heap: 2785.2M(24.0G)->1969.2M(24.0G)]
 [Times: user=1.24 sys=0.06, real=0.11 secs] 
2014-04-07T18:27:00.675+0900: 22.335: [GC pause (G1 Evacuation Pause) (young), 0.1848237 secs]
   [Parallel Time: 174.1 ms, GC Workers: 13]
      [GC Worker Start (ms): Min: 22335.1, Avg: 22335.2, Max: 22335.3, Diff: 0.1]
      [Ext Root Scanning (ms): Min: 1.2, Avg: 1.3, Max: 1.6, Diff: 0.4, Sum: 16.7]
      [Update RS (ms): Min: 9.5, Avg: 10.6, Max: 13.0, Diff: 3.5, Sum: 137.9]
         [Processed Buffers: Min: 1, Avg: 16.9, Max: 46, Diff: 45, Sum: 220]
      [Scan RS (ms): Min: 8.8, Avg: 11.1, Max: 12.2, Diff: 3.4, Sum: 144.0]
      [Code Root Scanning (ms): Min: 0.0, Avg: 0.0, Max: 0.0, Diff: 0.0, Sum: 0.1]
      [Object Copy (ms): Min: 148.2, Avg: 148.6, Max: 150.4, Diff: 2.2, Sum: 1932.4]
      [Termination (ms): Min: 0.3, Avg: 2.2, Max: 2.6, Diff: 2.2, Sum: 29.2]
      [GC Worker Other (ms): Min: 0.0, Avg: 0.0, Max: 0.0, Diff: 0.0, Sum: 0.3]
      [GC Worker Total (ms): Min: 173.8, Avg: 173.9, Max: 174.0, Diff: 0.1, Sum: 2260.5]
      [GC Worker End (ms): Min: 22509.1, Avg: 22509.1, Max: 22509.1, Diff: 0.0]
   [Code Root Fixup: 0.4 ms]
   [Code Root Migration: 0.0 ms]
   [Clear CT: 0.7 ms]
   [Other: 9.6 ms]
      [Choose CSet: 0.0 ms]
      [Ref Proc: 6.0 ms]
      [Ref Enq: 0.6 ms]
      [Free CSet: 0.5 ms]
   [Eden: 1056.0M(1056.0M)->0.0B(1056.0M) Survivors: 160.0M->160.0M Heap: 3025.2M(24.0G)->2193.2M(24.0G)]
 [Times: user=2.21 sys=0.07, real=0.18 secs] 
2014-04-07T18:27:01.715+0900: 23.375: [GC pause (G1 Evacuation Pause) (young), 0.1185437 secs]
   [Parallel Time: 106.2 ms, GC Workers: 13]
      [GC Worker Start (ms): Min: 23375.2, Avg: 23375.2, Max: 23375.3, Diff: 0.1]
      [Ext Root Scanning (ms): Min: 0.9, Avg: 1.3, Max: 1.7, Diff: 0.8, Sum: 16.7]
      [Update RS (ms): Min: 4.1, Avg: 5.2, Max: 7.7, Diff: 3.6, Sum: 67.0]
         [Processed Buffers: Min: 4, Avg: 16.5, Max: 28, Diff: 24, Sum: 215]
      [Scan RS (ms): Min: 5.2, Avg: 7.6, Max: 8.2, Diff: 3.1, Sum: 98.7]
      [Code Root Scanning (ms): Min: 0.0, Avg: 0.0, Max: 0.0, Diff: 0.0, Sum: 0.0]
      [Object Copy (ms): Min: 91.6, Avg: 91.9, Max: 92.7, Diff: 1.1, Sum: 1194.2]
      [Termination (ms): Min: 0.0, Avg: 0.0, Max: 0.0, Diff: 0.0, Sum: 0.0]
      [GC Worker Other (ms): Min: 0.0, Avg: 0.0, Max: 0.1, Diff: 0.1, Sum: 0.5]
      [GC Worker Total (ms): Min: 105.8, Avg: 105.9, Max: 106.0, Diff: 0.1, Sum: 1377.2]
      [GC Worker End (ms): Min: 23481.2, Avg: 23481.2, Max: 23481.2, Diff: 0.1]
   [Code Root Fixup: 0.4 ms]
   [Code Root Migration: 0.0 ms]
   [Clear CT: 0.7 ms]
   [Other: 11.2 ms]
      [Choose CSet: 0.0 ms]
      [Ref Proc: 7.6 ms]
      [Ref Enq: 0.6 ms]
      [Free CSet: 0.5 ms]
   [Eden: 1056.0M(1056.0M)->0.0B(1056.0M) Survivors: 160.0M->160.0M Heap: 3249.2M(24.0G)->2433.2M(24.0G)]
 [Times: user=1.34 sys=0.05, real=0.12 secs] 
2014-04-07T18:27:02.718+0900: 24.378: [GC pause (G1 Evacuation Pause) (young), 0.1120946 secs]
   [Parallel Time: 100.6 ms, GC Workers: 13]
      [GC Worker Start (ms): Min: 24378.3, Avg: 24378.4, Max: 24378.5, Diff: 0.1]
      [Ext Root Scanning (ms): Min: 1.2, Avg: 1.3, Max: 1.5, Diff: 0.3, Sum: 16.8]
      [Update RS (ms): Min: 6.5, Avg: 6.8, Max: 7.5, Diff: 1.0, Sum: 88.4]
         [Processed Buffers: Min: 4, Avg: 17.9, Max: 30, Diff: 26, Sum: 233]
      [Scan RS (ms): Min: 8.0, Avg: 8.5, Max: 8.9, Diff: 0.9, Sum: 110.3]
      [Code Root Scanning (ms): Min: 0.0, Avg: 0.0, Max: 0.0, Diff: 0.0, Sum: 0.0]
      [Object Copy (ms): Min: 83.1, Avg: 83.4, Max: 83.8, Diff: 0.7, Sum: 1083.8]
      [Termination (ms): Min: 0.0, Avg: 0.4, Max: 0.4, Diff: 0.4, Sum: 4.8]
      [GC Worker Other (ms): Min: 0.0, Avg: 0.0, Max: 0.0, Diff: 0.0, Sum: 0.3]
      [GC Worker Total (ms): Min: 100.2, Avg: 100.3, Max: 100.4, Diff: 0.2, Sum: 1304.3]
      [GC Worker End (ms): Min: 24478.7, Avg: 24478.7, Max: 24478.8, Diff: 0.1]
   [Code Root Fixup: 0.3 ms]
   [Code Root Migration: 0.0 ms]
   [Clear CT: 0.7 ms]
   [Other: 10.4 ms]
      [Choose CSet: 0.0 ms]
      [Ref Proc: 6.9 ms]
      [Ref Enq: 0.5 ms]
      [Free CSet: 0.5 ms]
   [Eden: 1056.0M(1056.0M)->0.0B(1056.0M) Survivors: 160.0M->160.0M Heap: 3489.2M(24.0G)->2689.2M(24.0G)]
 [Times: user=1.26 sys=0.06, real=0.11 secs] 
2014-04-07T18:27:03.681+0900: 25.341: [GC pause (G1 Evacuation Pause) (young), 0.1186976 secs]
   [Parallel Time: 107.1 ms, GC Workers: 13]
      [GC Worker Start (ms): Min: 25341.8, Avg: 25341.8, Max: 25341.9, Diff: 0.1]
      [Ext Root Scanning (ms): Min: 0.9, Avg: 1.3, Max: 1.9, Diff: 1.0, Sum: 17.0]
      [Update RS (ms): Min: 7.6, Avg: 9.2, Max: 14.3, Diff: 6.7, Sum: 119.0]
         [Processed Buffers: Min: 2, Avg: 16.2, Max: 33, Diff: 31, Sum: 210]
      [Scan RS (ms): Min: 4.4, Avg: 8.6, Max: 9.6, Diff: 5.2, Sum: 111.7]
      [Code Root Scanning (ms): Min: 0.0, Avg: 0.0, Max: 0.0, Diff: 0.0, Sum: 0.0]
      [Object Copy (ms): Min: 86.4, Avg: 87.5, Max: 88.4, Diff: 2.0, Sum: 1137.1]
      [Termination (ms): Min: 0.0, Avg: 0.3, Max: 0.3, Diff: 0.3, Sum: 3.7]
      [GC Worker Other (ms): Min: 0.0, Avg: 0.0, Max: 0.0, Diff: 0.0, Sum: 0.3]
      [GC Worker Total (ms): Min: 106.8, Avg: 106.8, Max: 106.9, Diff: 0.2, Sum: 1388.9]
      [GC Worker End (ms): Min: 25448.6, Avg: 25448.7, Max: 25448.7, Diff: 0.1]
   [Code Root Fixup: 0.4 ms]
   [Code Root Migration: 0.0 ms]
   [Clear CT: 0.8 ms]
   [Other: 10.4 ms]
      [Choose CSet: 0.0 ms]
      [Ref Proc: 6.9 ms]
      [Ref Enq: 0.6 ms]
      [Free CSet: 0.5 ms]
   [Eden: 1056.0M(1056.0M)->0.0B(1056.0M) Survivors: 160.0M->160.0M Heap: 3745.2M(24.0G)->2945.2M(24.0G)]
 [Times: user=1.35 sys=0.05, real=0.11 secs] 
2014-04-07T18:27:04.673+0900: 26.333: [GC pause (G1 Evacuation Pause) (young), 0.1158441 secs]
   [Parallel Time: 104.8 ms, GC Workers: 13]
      [GC Worker Start (ms): Min: 26333.4, Avg: 26333.4, Max: 26333.5, Diff: 0.1]
      [Ext Root Scanning (ms): Min: 1.2, Avg: 1.3, Max: 1.9, Diff: 0.7, Sum: 17.4]
      [Update RS (ms): Min: 6.0, Avg: 7.7, Max: 12.5, Diff: 6.5, Sum: 100.6]
         [Processed Buffers: Min: 3, Avg: 16.5, Max: 30, Diff: 27, Sum: 214]
      [Scan RS (ms): Min: 3.4, Avg: 8.0, Max: 9.5, Diff: 6.0, Sum: 103.8]
      [Code Root Scanning (ms): Min: 0.0, Avg: 0.0, Max: 0.0, Diff: 0.0, Sum: 0.0]
      [Object Copy (ms): Min: 86.8, Avg: 87.0, Max: 87.4, Diff: 0.6, Sum: 1131.1]
      [Termination (ms): Min: 0.0, Avg: 0.4, Max: 0.5, Diff: 0.5, Sum: 4.9]
      [GC Worker Other (ms): Min: 0.0, Avg: 0.0, Max: 0.1, Diff: 0.1, Sum: 0.5]
      [GC Worker Total (ms): Min: 104.4, Avg: 104.5, Max: 104.6, Diff: 0.2, Sum: 1358.4]
      [GC Worker End (ms): Min: 26437.9, Avg: 26437.9, Max: 26438.0, Diff: 0.1]
   [Code Root Fixup: 0.3 ms]
   [Code Root Migration: 0.0 ms]
   [Clear CT: 0.7 ms]
   [Other: 10.1 ms]
      [Choose CSet: 0.0 ms]
      [Ref Proc: 6.5 ms]
      [Ref Enq: 0.5 ms]
      [Free CSet: 0.5 ms]
   [Eden: 1056.0M(1056.0M)->0.0B(1056.0M) Survivors: 160.0M->160.0M Heap: 4001.2M(24.0G)->3185.2M(24.0G)]
 [Times: user=1.30 sys=0.07, real=0.11 secs] 
2014-04-07T18:27:05.660+0900: 27.320: [GC pause (G1 Evacuation Pause) (young), 0.1231395 secs]
   [Parallel Time: 111.6 ms, GC Workers: 13]
      [GC Worker Start (ms): Min: 27320.4, Avg: 27320.5, Max: 27320.6, Diff: 0.1]
      [Ext Root Scanning (ms): Min: 1.2, Avg: 1.3, Max: 1.7, Diff: 0.5, Sum: 17.4]
      [Update RS (ms): Min: 9.6, Avg: 11.3, Max: 15.3, Diff: 5.7, Sum: 146.9]
         [Processed Buffers: Min: 4, Avg: 17.9, Max: 31, Diff: 27, Sum: 233]
      [Scan RS (ms): Min: 4.9, Avg: 8.7, Max: 10.4, Diff: 5.5, Sum: 113.4]
      [Code Root Scanning (ms): Min: 0.0, Avg: 0.0, Max: 0.0, Diff: 0.0, Sum: 0.0]
      [Object Copy (ms): Min: 89.6, Avg: 89.8, Max: 90.0, Diff: 0.4, Sum: 1167.7]
      [Termination (ms): Min: 0.1, Avg: 0.1, Max: 0.2, Diff: 0.1, Sum: 1.6]
      [GC Worker Other (ms): Min: 0.0, Avg: 0.0, Max: 0.1, Diff: 0.1, Sum: 0.5]
      [GC Worker Total (ms): Min: 111.3, Avg: 111.3, Max: 111.4, Diff: 0.2, Sum: 1447.4]
      [GC Worker End (ms): Min: 27431.8, Avg: 27431.9, Max: 27431.9, Diff: 0.1]
   [Code Root Fixup: 0.4 ms]
   [Code Root Migration: 0.0 ms]
   [Clear CT: 0.9 ms]
   [Other: 10.3 ms]
      [Choose CSet: 0.0 ms]
      [Ref Proc: 6.7 ms]
      [Ref Enq: 0.5 ms]
      [Free CSet: 0.5 ms]
   [Eden: 1056.0M(1056.0M)->0.0B(1056.0M) Survivors: 160.0M->160.0M Heap: 4241.2M(24.0G)->3417.2M(24.0G)]
 [Times: user=1.40 sys=0.06, real=0.13 secs] 
2014-04-07T18:27:06.658+0900: 28.318: [GC pause (G1 Evacuation Pause) (young), 0.1280407 secs]
   [Parallel Time: 116.2 ms, GC Workers: 13]
      [GC Worker Start (ms): Min: 28318.2, Avg: 28318.2, Max: 28318.3, Diff: 0.1]
      [Ext Root Scanning (ms): Min: 0.9, Avg: 1.4, Max: 1.9, Diff: 1.0, Sum: 17.8]
      [Update RS (ms): Min: 12.2, Avg: 14.0, Max: 17.7, Diff: 5.5, Sum: 181.6]
         [Processed Buffers: Min: 3, Avg: 18.1, Max: 31, Diff: 28, Sum: 235]
      [Scan RS (ms): Min: 5.8, Avg: 9.3, Max: 11.2, Diff: 5.4, Sum: 121.0]
      [Code Root Scanning (ms): Min: 0.0, Avg: 0.0, Max: 0.0, Diff: 0.0, Sum: 0.0]
      [Object Copy (ms): Min: 90.6, Avg: 90.9, Max: 91.2, Diff: 0.5, Sum: 1181.3]
      [Termination (ms): Min: 0.0, Avg: 0.3, Max: 0.4, Diff: 0.4, Sum: 4.2]
      [GC Worker Other (ms): Min: 0.0, Avg: 0.0, Max: 0.1, Diff: 0.0, Sum: 0.4]
      [GC Worker Total (ms): Min: 115.8, Avg: 115.9, Max: 116.0, Diff: 0.2, Sum: 1506.3]
      [GC Worker End (ms): Min: 28434.1, Avg: 28434.1, Max: 28434.1, Diff: 0.0]
   [Code Root Fixup: 0.4 ms]
   [Code Root Migration: 0.0 ms]
   [Clear CT: 0.8 ms]
   [Other: 10.6 ms]
      [Choose CSet: 0.0 ms]
      [Ref Proc: 6.7 ms]
      [Ref Enq: 0.5 ms]
      [Free CSet: 0.5 ms]
   [Eden: 1056.0M(1056.0M)->0.0B(1056.0M) Survivors: 160.0M->160.0M Heap: 4473.2M(24.0G)->3649.2M(24.0G)]
 [Times: user=1.46 sys=0.05, real=0.13 secs] 
2014-04-07T18:27:07.632+0900: 29.292: [GC pause (G1 Evacuation Pause) (young), 0.1199131 secs]
   [Parallel Time: 108.1 ms, GC Workers: 13]
      [GC Worker Start (ms): Min: 29292.8, Avg: 29292.9, Max: 29292.9, Diff: 0.1]
      [Ext Root Scanning (ms): Min: 1.2, Avg: 1.4, Max: 1.9, Diff: 0.7, Sum: 17.6]
      [Update RS (ms): Min: 10.6, Avg: 12.3, Max: 17.1, Diff: 6.5, Sum: 159.7]
         [Processed Buffers: Min: 2, Avg: 18.5, Max: 36, Diff: 34, Sum: 240]
      [Scan RS (ms): Min: 5.1, Avg: 9.7, Max: 11.4, Diff: 6.3, Sum: 126.6]
      [Code Root Scanning (ms): Min: 0.0, Avg: 0.0, Max: 0.0, Diff: 0.0, Sum: 0.0]
      [Object Copy (ms): Min: 84.1, Avg: 84.4, Max: 84.5, Diff: 0.4, Sum: 1097.2]
      [Termination (ms): Min: 0.0, Avg: 0.0, Max: 0.0, Diff: 0.0, Sum: 0.0]
      [GC Worker Other (ms): Min: 0.0, Avg: 0.0, Max: 0.1, Diff: 0.1, Sum: 0.5]
      [GC Worker Total (ms): Min: 107.7, Avg: 107.8, Max: 107.9, Diff: 0.2, Sum: 1401.6]
      [GC Worker End (ms): Min: 29400.7, Avg: 29400.7, Max: 29400.7, Diff: 0.1]
   [Code Root Fixup: 0.3 ms]
   [Code Root Migration: 0.0 ms]
   [Clear CT: 1.0 ms]
   [Other: 10.5 ms]
      [Choose CSet: 0.0 ms]
      [Ref Proc: 6.6 ms]
      [Ref Enq: 0.5 ms]
      [Free CSet: 0.5 ms]
   [Eden: 1056.0M(1056.0M)->0.0B(1344.0M) Survivors: 160.0M->160.0M Heap: 4705.2M(24.0G)->3889.2M(24.0G)]
 [Times: user=1.36 sys=0.07, real=0.12 secs] 
2014-04-07T18:27:08.662+0900: 30.322: [GC pause (G1 Evacuation Pause) (young), 0.1275367 secs]
   [Parallel Time: 114.8 ms, GC Workers: 13]
      [GC Worker Start (ms): Min: 30322.4, Avg: 30322.5, Max: 30322.5, Diff: 0.1]
      [Ext Root Scanning (ms): Min: 0.8, Avg: 1.3, Max: 1.7, Diff: 0.8, Sum: 16.4]
      [Update RS (ms): Min: 10.5, Avg: 11.4, Max: 12.1, Diff: 1.6, Sum: 148.3]
         [Processed Buffers: Min: 1, Avg: 17.6, Max: 32, Diff: 31, Sum: 229]
      [Scan RS (ms): Min: 9.7, Avg: 10.2, Max: 10.6, Diff: 0.9, Sum: 133.1]
      [Code Root Scanning (ms): Min: 0.0, Avg: 0.0, Max: 0.0, Diff: 0.0, Sum: 0.0]
      [Object Copy (ms): Min: 90.5, Avg: 91.3, Max: 92.3, Diff: 1.9, Sum: 1186.9]
      [Termination (ms): Min: 0.0, Avg: 0.4, Max: 0.4, Diff: 0.4, Sum: 4.7]
      [GC Worker Other (ms): Min: 0.0, Avg: 0.0, Max: 0.0, Diff: 0.0, Sum: 0.3]
      [GC Worker Total (ms): Min: 114.5, Avg: 114.6, Max: 114.7, Diff: 0.2, Sum: 1489.8]
      [GC Worker End (ms): Min: 30437.0, Avg: 30437.1, Max: 30437.1, Diff: 0.0]
   [Code Root Fixup: 0.4 ms]
   [Code Root Migration: 0.0 ms]
   [Clear CT: 1.0 ms]
   [Other: 11.3 ms]
      [Choose CSet: 0.0 ms]
      [Ref Proc: 7.2 ms]
      [Ref Enq: 0.6 ms]
      [Free CSet: 0.6 ms]
   [Eden: 1120.0M(1056.0M)->0.0B(1904.0M) Survivors: 160.0M->160.0M Heap: 5009.2M(24.0G)->4121.2M(24.0G)]
 [Times: user=1.42 sys=0.09, real=0.12 secs] 
2014-04-07T18:27:09.915+0900: 31.575: [GC pause (G1 Evacuation Pause) (young), 0.2300516 secs]
   [Parallel Time: 215.3 ms, GC Workers: 13]
      [GC Worker Start (ms): Min: 31575.9, Avg: 31575.9, Max: 31576.0, Diff: 0.1]
      [Ext Root Scanning (ms): Min: 0.8, Avg: 1.1, Max: 2.0, Diff: 1.2, Sum: 14.5]
      [Update RS (ms): Min: 10.0, Avg: 12.5, Max: 19.1, Diff: 9.1, Sum: 161.9]
         [Processed Buffers: Min: 3, Avg: 19.5, Max: 49, Diff: 46, Sum: 253]
      [Scan RS (ms): Min: 8.9, Avg: 15.3, Max: 16.8, Diff: 7.9, Sum: 198.6]
      [Code Root Scanning (ms): Min: 0.0, Avg: 0.0, Max: 0.0, Diff: 0.0, Sum: 0.0]
      [Object Copy (ms): Min: 184.7, Avg: 185.2, Max: 186.0, Diff: 1.3, Sum: 2407.8]
      [Termination (ms): Min: 0.3, Avg: 1.0, Max: 1.1, Diff: 0.8, Sum: 12.9]
      [GC Worker Other (ms): Min: 0.0, Avg: 0.0, Max: 0.1, Diff: 0.1, Sum: 0.5]
      [GC Worker Total (ms): Min: 215.0, Avg: 215.1, Max: 215.1, Diff: 0.1, Sum: 2796.1]
      [GC Worker End (ms): Min: 31791.0, Avg: 31791.0, Max: 31791.0, Diff: 0.1]
   [Code Root Fixup: 0.4 ms]
   [Code Root Migration: 0.0 ms]
   [Clear CT: 1.1 ms]
   [Other: 13.2 ms]
      [Choose CSet: 0.0 ms]
      [Ref Proc: 8.8 ms]
      [Ref Enq: 0.7 ms]
      [Free CSet: 0.6 ms]
   [Eden: 1376.0M(1376.0M)->0.0B(1104.0M) Survivors: 160.0M->192.0M Heap: 5497.2M(24.0G)->4425.2M(24.0G)]
 [Times: user=2.69 sys=0.11, real=0.23 secs] 
2014-04-07T18:27:11.040+0900: 32.700: [GC pause (G1 Evacuation Pause) (young), 0.1871601 secs]
   [Parallel Time: 172.9 ms, GC Workers: 13]
      [GC Worker Start (ms): Min: 32700.3, Avg: 32700.4, Max: 32700.5, Diff: 0.2]
      [Ext Root Scanning (ms): Min: 0.8, Avg: 1.4, Max: 2.0, Diff: 1.2, Sum: 18.3]
      [Update RS (ms): Min: 6.0, Avg: 6.6, Max: 8.6, Diff: 2.6, Sum: 86.4]
         [Processed Buffers: Min: 4, Avg: 19.6, Max: 31, Diff: 27, Sum: 255]
      [Scan RS (ms): Min: 10.2, Avg: 12.3, Max: 13.1, Diff: 2.9, Sum: 160.2]
      [Code Root Scanning (ms): Min: 0.0, Avg: 0.0, Max: 0.0, Diff: 0.0, Sum: 0.0]
      [Object Copy (ms): Min: 150.4, Avg: 150.9, Max: 152.0, Diff: 1.6, Sum: 1962.1]
      [Termination (ms): Min: 0.0, Avg: 1.3, Max: 1.6, Diff: 1.6, Sum: 17.3]
      [GC Worker Other (ms): Min: 0.0, Avg: 0.0, Max: 0.1, Diff: 0.1, Sum: 0.6]
      [GC Worker Total (ms): Min: 172.6, Avg: 172.7, Max: 172.8, Diff: 0.2, Sum: 2244.9]
      [GC Worker End (ms): Min: 32873.1, Avg: 32873.1, Max: 32873.1, Diff: 0.1]
   [Code Root Fixup: 0.4 ms]
   [Code Root Migration: 0.0 ms]
   [Clear CT: 1.1 ms]
   [Other: 12.7 ms]
      [Choose CSet: 0.0 ms]
      [Ref Proc: 8.5 ms]
      [Ref Enq: 0.9 ms]
      [Free CSet: 0.5 ms]
   [Eden: 1104.0M(1104.0M)->0.0B(1216.0M) Survivors: 192.0M->176.0M Heap: 5529.2M(24.0G)->4681.2M(24.0G)]
 [Times: user=2.26 sys=0.00, real=0.19 secs] 
2014-04-07T18:27:12.238+0900: 33.898: [GC pause (G1 Evacuation Pause) (young), 0.1339799 secs]
   [Parallel Time: 120.5 ms, GC Workers: 13]
      [GC Worker Start (ms): Min: 33898.3, Avg: 33898.4, Max: 33898.5, Diff: 0.1]
      [Ext Root Scanning (ms): Min: 0.8, Avg: 1.2, Max: 2.3, Diff: 1.5, Sum: 15.3]
      [Update RS (ms): Min: 11.7, Avg: 12.8, Max: 14.5, Diff: 2.8, Sum: 166.4]
         [Processed Buffers: Min: 11, Avg: 19.5, Max: 29, Diff: 18, Sum: 254]
      [Scan RS (ms): Min: 7.0, Avg: 9.4, Max: 9.9, Diff: 2.9, Sum: 122.8]
      [Code Root Scanning (ms): Min: 0.0, Avg: 0.0, Max: 0.0, Diff: 0.0, Sum: 0.0]
      [Object Copy (ms): Min: 95.4, Avg: 96.6, Max: 97.7, Diff: 2.3, Sum: 1256.1]
      [Termination (ms): Min: 0.0, Avg: 0.2, Max: 0.2, Diff: 0.2, Sum: 2.0]
      [GC Worker Other (ms): Min: 0.0, Avg: 0.0, Max: 0.1, Diff: 0.1, Sum: 0.5]
      [GC Worker Total (ms): Min: 120.2, Avg: 120.2, Max: 120.3, Diff: 0.2, Sum: 1563.2]
      [GC Worker End (ms): Min: 34018.6, Avg: 34018.6, Max: 34018.7, Diff: 0.1]
   [Code Root Fixup: 0.4 ms]
   [Code Root Migration: 0.0 ms]
   [Clear CT: 1.2 ms]
   [Other: 11.8 ms]
      [Choose CSet: 0.0 ms]
      [Ref Proc: 7.8 ms]
      [Ref Enq: 0.6 ms]
      [Free CSet: 0.6 ms]
   [Eden: 1216.0M(1216.0M)->0.0B(1840.0M) Survivors: 176.0M->176.0M Heap: 5897.2M(24.0G)->4921.2M(24.0G)]
 [Times: user=1.48 sys=0.11, real=0.14 secs] 
2014-04-07T18:27:13.451+0900: 35.111: [GC pause (G1 Evacuation Pause) (young), 0.1491926 secs]
   [Parallel Time: 134.4 ms, GC Workers: 13]
      [GC Worker Start (ms): Min: 35111.0, Avg: 35111.1, Max: 35111.1, Diff: 0.1]
      [Ext Root Scanning (ms): Min: 0.8, Avg: 1.3, Max: 2.4, Diff: 1.6, Sum: 17.1]
      [Update RS (ms): Min: 10.9, Avg: 11.8, Max: 12.4, Diff: 1.5, Sum: 154.0]
         [Processed Buffers: Min: 10, Avg: 19.7, Max: 33, Diff: 23, Sum: 256]
      [Scan RS (ms): Min: 10.7, Avg: 11.0, Max: 11.3, Diff: 0.6, Sum: 143.3]
      [Code Root Scanning (ms): Min: 0.0, Avg: 0.0, Max: 0.0, Diff: 0.0, Sum: 0.0]
      [Object Copy (ms): Min: 109.1, Avg: 109.6, Max: 110.4, Diff: 1.3, Sum: 1424.5]
      [Termination (ms): Min: 0.2, Avg: 0.4, Max: 0.4, Diff: 0.2, Sum: 4.9]
      [GC Worker Other (ms): Min: 0.0, Avg: 0.0, Max: 0.1, Diff: 0.1, Sum: 0.5]
      [GC Worker Total (ms): Min: 134.1, Avg: 134.2, Max: 134.3, Diff: 0.2, Sum: 1744.3]
      [GC Worker End (ms): Min: 35245.2, Avg: 35245.3, Max: 35245.3, Diff: 0.1]
   [Code Root Fixup: 0.4 ms]
   [Code Root Migration: 0.0 ms]
   [Clear CT: 1.2 ms]
   [Other: 13.1 ms]
      [Choose CSet: 0.0 ms]
      [Ref Proc: 8.5 ms]
      [Ref Enq: 0.7 ms]
      [Free CSet: 0.7 ms]
   [Eden: 1296.0M(1296.0M)->0.0B(2112.0M) Survivors: 176.0M->192.0M Heap: 6217.2M(24.0G)->5201.2M(24.0G)]
 [Times: user=1.66 sys=0.10, real=0.15 secs] 
2014-04-07T18:27:14.844+0900: 36.504: [GC pause (G1 Evacuation Pause) (young), 0.1753462 secs]
   [Parallel Time: 158.2 ms, GC Workers: 13]
      [GC Worker Start (ms): Min: 36504.6, Avg: 36504.6, Max: 36504.7, Diff: 0.1]
      [Ext Root Scanning (ms): Min: 0.9, Avg: 1.2, Max: 1.9, Diff: 1.0, Sum: 15.0]
      [Update RS (ms): Min: 13.9, Avg: 17.6, Max: 26.1, Diff: 12.2, Sum: 229.3]
         [Processed Buffers: Min: 3, Avg: 19.8, Max: 36, Diff: 33, Sum: 258]
      [Scan RS (ms): Min: 4.6, Avg: 12.2, Max: 15.7, Diff: 11.1, Sum: 159.0]
      [Code Root Scanning (ms): Min: 0.0, Avg: 0.0, Max: 0.0, Diff: 0.0, Sum: 0.0]
      [Object Copy (ms): Min: 125.1, Avg: 126.5, Max: 127.2, Diff: 2.0, Sum: 1644.0]
      [Termination (ms): Min: 0.0, Avg: 0.4, Max: 0.5, Diff: 0.5, Sum: 5.3]
      [GC Worker Other (ms): Min: 0.0, Avg: 0.1, Max: 0.1, Diff: 0.1, Sum: 0.7]
      [GC Worker Total (ms): Min: 157.9, Avg: 157.9, Max: 158.0, Diff: 0.2, Sum: 2053.3]
      [GC Worker End (ms): Min: 36662.6, Avg: 36662.6, Max: 36662.6, Diff: 0.1]
   [Code Root Fixup: 0.3 ms]
   [Code Root Migration: 0.0 ms]
   [Clear CT: 1.3 ms]
   [Other: 15.5 ms]
      [Choose CSet: 0.0 ms]
      [Ref Proc: 10.1 ms]
      [Ref Enq: 0.9 ms]
      [Free CSet: 0.8 ms]
   [Eden: 1536.0M(1408.0M)->0.0B(1520.0M) Survivors: 192.0M->208.0M Heap: 6737.2M(24.0G)->5505.2M(24.0G)]
 [Times: user=1.90 sys=0.17, real=0.17 secs] 
2014-04-07T18:27:16.152+0900: 37.812: [GC pause (G1 Evacuation Pause) (young), 0.1536223 secs]
   [Parallel Time: 137.7 ms, GC Workers: 13]
      [GC Worker Start (ms): Min: 37812.8, Avg: 37812.8, Max: 37812.9, Diff: 0.1]
      [Ext Root Scanning (ms): Min: 1.1, Avg: 1.3, Max: 1.6, Diff: 0.4, Sum: 16.4]
      [Update RS (ms): Min: 13.8, Avg: 15.2, Max: 24.1, Diff: 10.3, Sum: 197.2]
         [Processed Buffers: Min: 10, Avg: 20.6, Max: 37, Diff: 27, Sum: 268]
      [Scan RS (ms): Min: 3.9, Avg: 13.1, Max: 14.6, Diff: 10.7, Sum: 170.7]
      [Code Root Scanning (ms): Min: 0.0, Avg: 0.0, Max: 0.0, Diff: 0.0, Sum: 0.0]
      [Object Copy (ms): Min: 107.6, Avg: 107.8, Max: 107.9, Diff: 0.3, Sum: 1401.0]
      [Termination (ms): Min: 0.0, Avg: 0.0, Max: 0.0, Diff: 0.0, Sum: 0.1]
      [GC Worker Other (ms): Min: 0.0, Avg: 0.0, Max: 0.1, Diff: 0.1, Sum: 0.5]
      [GC Worker Total (ms): Min: 137.3, Avg: 137.4, Max: 137.5, Diff: 0.2, Sum: 1786.1]
      [GC Worker End (ms): Min: 37950.2, Avg: 37950.2, Max: 37950.3, Diff: 0.1]
   [Code Root Fixup: 0.4 ms]
   [Code Root Migration: 0.0 ms]
   [Clear CT: 1.4 ms]
   [Other: 14.1 ms]
      [Choose CSet: 0.0 ms]
      [Ref Proc: 8.9 ms]
      [Ref Enq: 0.7 ms]
      [Free CSet: 0.7 ms]
   [Eden: 1376.0M(1376.0M)->0.0B(2080.0M) Survivors: 208.0M->208.0M Heap: 6881.2M(24.0G)->5793.2M(24.0G)]
 [Times: user=1.78 sys=0.03, real=0.16 secs] 
2014-04-07T18:27:17.840+0900: 39.500: [GC pause (G1 Evacuation Pause) (young), 0.1948941 secs]
   [Parallel Time: 175.0 ms, GC Workers: 13]
      [GC Worker Start (ms): Min: 39500.4, Avg: 39500.5, Max: 39500.6, Diff: 0.1]
      [Ext Root Scanning (ms): Min: 0.8, Avg: 1.1, Max: 1.8, Diff: 0.9, Sum: 14.6]
      [Update RS (ms): Min: 17.2, Avg: 18.3, Max: 23.4, Diff: 6.2, Sum: 238.4]
         [Processed Buffers: Min: 7, Avg: 24.2, Max: 40, Diff: 33, Sum: 315]
      [Scan RS (ms): Min: 7.5, Avg: 12.9, Max: 13.9, Diff: 6.4, Sum: 167.1]
      [Code Root Scanning (ms): Min: 0.0, Avg: 0.0, Max: 0.0, Diff: 0.0, Sum: 0.0]
      [Object Copy (ms): Min: 141.7, Avg: 142.4, Max: 143.0, Diff: 1.2, Sum: 1850.9]
      [Termination (ms): Min: 0.0, Avg: 0.0, Max: 0.0, Diff: 0.0, Sum: 0.1]
      [GC Worker Other (ms): Min: 0.0, Avg: 0.1, Max: 0.1, Diff: 0.1, Sum: 0.7]
      [GC Worker Total (ms): Min: 174.7, Avg: 174.8, Max: 174.9, Diff: 0.2, Sum: 2272.0]
      [GC Worker End (ms): Min: 39675.2, Avg: 39675.3, Max: 39675.3, Diff: 0.1]
   [Code Root Fixup: 0.4 ms]
   [Code Root Migration: 0.0 ms]
   [Clear CT: 1.5 ms]
   [Other: 18.0 ms]
      [Choose CSet: 0.0 ms]
      [Ref Proc: 11.9 ms]
      [Ref Enq: 1.1 ms]
      [Free CSet: 0.9 ms]
   [Eden: 1824.0M(1568.0M)->0.0B(1632.0M) Survivors: 208.0M->224.0M Heap: 7617.2M(24.0G)->6145.2M(24.0G)]
 [Times: user=2.10 sys=0.20, real=0.20 secs] 
2014-04-07T18:27:19.249+0900: 40.909: [GC pause (G1 Evacuation Pause) (young), 0.1642485 secs]
   [Parallel Time: 147.7 ms, GC Workers: 13]
      [GC Worker Start (ms): Min: 40909.8, Avg: 40909.8, Max: 40909.9, Diff: 0.1]
      [Ext Root Scanning (ms): Min: 1.2, Avg: 1.4, Max: 2.0, Diff: 0.7, Sum: 17.9]
      [Update RS (ms): Min: 15.7, Avg: 17.2, Max: 23.6, Diff: 7.9, Sum: 223.4]
         [Processed Buffers: Min: 8, Avg: 23.8, Max: 40, Diff: 32, Sum: 310]
      [Scan RS (ms): Min: 9.3, Avg: 15.6, Max: 16.5, Diff: 7.3, Sum: 202.3]
      [Code Root Scanning (ms): Min: 0.0, Avg: 0.0, Max: 0.0, Diff: 0.0, Sum: 0.0]
      [Object Copy (ms): Min: 113.0, Avg: 113.3, Max: 113.4, Diff: 0.4, Sum: 1473.0]
      [Termination (ms): Min: 0.0, Avg: 0.0, Max: 0.0, Diff: 0.0, Sum: 0.3]
      [GC Worker Other (ms): Min: 0.0, Avg: 0.0, Max: 0.1, Diff: 0.1, Sum: 0.6]
      [GC Worker Total (ms): Min: 147.4, Avg: 147.5, Max: 147.6, Diff: 0.2, Sum: 1917.4]
      [GC Worker End (ms): Min: 41057.3, Avg: 41057.3, Max: 41057.4, Diff: 0.1]
   [Code Root Fixup: 0.4 ms]
   [Code Root Migration: 0.0 ms]
   [Clear CT: 1.4 ms]
   [Other: 14.6 ms]
      [Choose CSet: 0.0 ms]
      [Ref Proc: 9.1 ms]
      [Ref Enq: 0.8 ms]
      [Free CSet: 0.7 ms]
   [Eden: 1440.0M(1440.0M)->0.0B(2144.0M) Survivors: 224.0M->208.0M Heap: 7585.2M(24.0G)->6465.2M(24.0G)]
 [Times: user=1.94 sys=0.00, real=0.17 secs] 
2014-04-07T18:27:20.927+0900: 42.587: [GC pause (G1 Evacuation Pause) (young), 0.1937399 secs]
   [Parallel Time: 173.4 ms, GC Workers: 13]
      [GC Worker Start (ms): Min: 42587.8, Avg: 42587.8, Max: 42587.9, Diff: 0.1]
      [Ext Root Scanning (ms): Min: 0.8, Avg: 1.2, Max: 2.1, Diff: 1.3, Sum: 15.7]
      [Update RS (ms): Min: 14.5, Avg: 15.7, Max: 17.9, Diff: 3.5, Sum: 203.5]
         [Processed Buffers: Min: 15, Avg: 24.2, Max: 46, Diff: 31, Sum: 314]
      [Scan RS (ms): Min: 12.1, Avg: 14.1, Max: 15.2, Diff: 3.1, Sum: 183.9]
      [Code Root Scanning (ms): Min: 0.0, Avg: 0.0, Max: 0.0, Diff: 0.0, Sum: 0.1]
      [Object Copy (ms): Min: 141.6, Avg: 142.1, Max: 142.8, Diff: 1.2, Sum: 1847.5]
      [Termination (ms): Min: 0.0, Avg: 0.0, Max: 0.0, Diff: 0.0, Sum: 0.2]
      [GC Worker Other (ms): Min: 0.0, Avg: 0.0, Max: 0.1, Diff: 0.1, Sum: 0.6]
      [GC Worker Total (ms): Min: 173.1, Avg: 173.2, Max: 173.2, Diff: 0.1, Sum: 2251.3]
      [GC Worker End (ms): Min: 42761.0, Avg: 42761.0, Max: 42761.0, Diff: 0.1]
   [Code Root Fixup: 0.4 ms]
   [Code Root Migration: 0.0 ms]
   [Clear CT: 1.9 ms]
   [Other: 18.0 ms]
      [Choose CSet: 0.0 ms]
      [Ref Proc: 11.1 ms]
      [Ref Enq: 1.1 ms]
      [Free CSet: 1.0 ms]
   [Eden: 1840.0M(1680.0M)->0.0B(1760.0M) Survivors: 208.0M->240.0M Heap: 8305.2M(24.0G)->6809.2M(24.0G)]
 [Times: user=2.10 sys=0.18, real=0.19 secs] 
2014-04-07T18:27:22.421+0900: 44.081: [GC pause (G1 Evacuation Pause) (young), 0.1739334 secs]
   [Parallel Time: 155.6 ms, GC Workers: 13]
      [GC Worker Start (ms): Min: 44081.1, Avg: 44081.1, Max: 44081.2, Diff: 0.1]
      [Ext Root Scanning (ms): Min: 0.9, Avg: 1.4, Max: 1.7, Diff: 0.8, Sum: 17.8]
      [Update RS (ms): Min: 15.1, Avg: 15.7, Max: 16.4, Diff: 1.2, Sum: 204.0]
         [Processed Buffers: Min: 14, Avg: 23.2, Max: 33, Diff: 19, Sum: 302]
      [Scan RS (ms): Min: 16.0, Avg: 16.5, Max: 17.1, Diff: 1.0, Sum: 214.4]
      [Code Root Scanning (ms): Min: 0.0, Avg: 0.0, Max: 0.0, Diff: 0.0, Sum: 0.1]
      [Object Copy (ms): Min: 120.8, Avg: 121.4, Max: 122.1, Diff: 1.3, Sum: 1578.6]
      [Termination (ms): Min: 0.0, Avg: 0.4, Max: 0.4, Diff: 0.4, Sum: 5.0]
      [GC Worker Other (ms): Min: 0.0, Avg: 0.0, Max: 0.1, Diff: 0.0, Sum: 0.5]
      [GC Worker Total (ms): Min: 155.3, Avg: 155.4, Max: 155.5, Diff: 0.1, Sum: 2020.3]
      [GC Worker End (ms): Min: 44236.5, Avg: 44236.5, Max: 44236.6, Diff: 0.1]
   [Code Root Fixup: 0.4 ms]
   [Code Root Migration: 0.1 ms]
   [Clear CT: 1.6 ms]
   [Other: 16.2 ms]
      [Choose CSet: 0.0 ms]
      [Ref Proc: 9.7 ms]
      [Ref Enq: 0.9 ms]
      [Free CSet: 0.9 ms]
   [Eden: 1536.0M(1440.0M)->0.0B(2672.0M) Survivors: 240.0M->224.0M Heap: 8345.2M(24.0G)->7145.2M(24.0G)]
 [Times: user=2.05 sys=0.00, real=0.18 secs] 
2014-04-07T18:27:24.521+0900: 46.181: [GC pause (G1 Evacuation Pause) (young), 0.2429142 secs]
   [Parallel Time: 217.1 ms, GC Workers: 13]
      [GC Worker Start (ms): Min: 46181.3, Avg: 46181.4, Max: 46181.4, Diff: 0.1]
      [Ext Root Scanning (ms): Min: 0.9, Avg: 1.3, Max: 2.1, Diff: 1.1, Sum: 16.5]
      [Update RS (ms): Min: 17.0, Avg: 18.0, Max: 21.1, Diff: 4.1, Sum: 234.6]
         [Processed Buffers: Min: 17, Avg: 26.2, Max: 45, Diff: 28, Sum: 340]
      [Scan RS (ms): Min: 13.1, Avg: 16.3, Max: 17.7, Diff: 4.5, Sum: 212.4]
      [Code Root Scanning (ms): Min: 0.0, Avg: 0.0, Max: 0.0, Diff: 0.0, Sum: 0.1]
      [Object Copy (ms): Min: 180.2, Avg: 180.9, Max: 182.0, Diff: 1.8, Sum: 2351.1]
      [Termination (ms): Min: 0.0, Avg: 0.4, Max: 0.4, Diff: 0.4, Sum: 4.6]
      [GC Worker Other (ms): Min: 0.0, Avg: 0.0, Max: 0.1, Diff: 0.0, Sum: 0.5]
      [GC Worker Total (ms): Min: 216.8, Avg: 216.9, Max: 217.0, Diff: 0.2, Sum: 2819.7]
      [GC Worker End (ms): Min: 46398.2, Avg: 46398.3, Max: 46398.3, Diff: 0.1]
   [Code Root Fixup: 0.4 ms]
   [Code Root Migration: 0.0 ms]
   [Clear CT: 2.1 ms]
   [Other: 23.2 ms]
      [Choose CSet: 0.0 ms]
      [Ref Proc: 15.0 ms]
      [Ref Enq: 1.3 ms]
      [Free CSet: 1.2 ms]
   [Eden: 2272.0M(1984.0M)->0.0B(1456.0M) Survivors: 224.0M->288.0M Heap: 9417.2M(24.0G)->7577.2M(24.0G)]
 [Times: user=2.62 sys=0.24, real=0.25 secs] 
2014-04-07T18:27:26.006+0900: 47.666: [GC pause (G1 Evacuation Pause) (young), 0.4255442 secs]
   [Parallel Time: 407.1 ms, GC Workers: 13]
      [GC Worker Start (ms): Min: 47666.7, Avg: 47666.8, Max: 47666.8, Diff: 0.1]
      [Ext Root Scanning (ms): Min: 1.0, Avg: 1.4, Max: 1.9, Diff: 0.9, Sum: 18.8]
      [Update RS (ms): Min: 122.0, Avg: 128.4, Max: 151.5, Diff: 29.6, Sum: 1668.7]
         [Processed Buffers: Min: 9, Avg: 26.8, Max: 46, Diff: 37, Sum: 349]
      [Scan RS (ms): Min: 31.4, Avg: 54.3, Max: 60.4, Diff: 28.9, Sum: 705.5]
      [Code Root Scanning (ms): Min: 0.0, Avg: 0.0, Max: 0.0, Diff: 0.0, Sum: 0.2]
      [Object Copy (ms): Min: 222.2, Avg: 222.7, Max: 223.0, Diff: 0.8, Sum: 2894.8]
      [Termination (ms): Min: 0.0, Avg: 0.1, Max: 0.1, Diff: 0.1, Sum: 1.0]
      [GC Worker Other (ms): Min: 0.0, Avg: 0.1, Max: 0.1, Diff: 0.1, Sum: 0.7]
      [GC Worker Total (ms): Min: 406.8, Avg: 406.9, Max: 407.0, Diff: 0.2, Sum: 5289.7]
      [GC Worker End (ms): Min: 48073.6, Avg: 48073.7, Max: 48073.7, Diff: 0.1]
   [Code Root Fixup: 0.4 ms]
   [Code Root Migration: 0.0 ms]
   [Clear CT: 1.8 ms]
   [Other: 16.2 ms]
      [Choose CSet: 0.0 ms]
      [Ref Proc: 9.2 ms]
      [Ref Enq: 0.8 ms]
      [Free CSet: 0.8 ms]
   [Eden: 1456.0M(1456.0M)->0.0B(992.0M) Survivors: 288.0M->224.0M Heap: 9033.2M(24.0G)->7889.2M(24.0G)]
 [Times: user=3.80 sys=0.18, real=0.42 secs] 
2014-04-07T18:27:27.282+0900: 48.943: [GC pause (G1 Evacuation Pause) (young) (initial-mark), 0.1779152 secs]
   [Parallel Time: 164.0 ms, GC Workers: 13]
      [GC Worker Start (ms): Min: 48943.1, Avg: 48943.2, Max: 48943.2, Diff: 0.1]
      [Ext Root Scanning (ms): Min: 1.2, Avg: 1.4, Max: 3.1, Diff: 1.9, Sum: 18.1]
      [Code Root Marking (ms): Min: 0.0, Avg: 0.6, Max: 4.4, Diff: 4.3, Sum: 7.2]
      [Update RS (ms): Min: 11.5, Avg: 15.6, Max: 22.2, Diff: 10.7, Sum: 202.5]
         [Processed Buffers: Min: 0, Avg: 26.1, Max: 43, Diff: 43, Sum: 339]
      [Scan RS (ms): Min: 11.1, Avg: 16.8, Max: 17.6, Diff: 6.5, Sum: 218.7]
      [Code Root Scanning (ms): Min: 0.0, Avg: 0.0, Max: 0.0, Diff: 0.0, Sum: 0.0]
      [Object Copy (ms): Min: 129.0, Avg: 129.3, Max: 129.7, Diff: 0.7, Sum: 1681.0]
      [Termination (ms): Min: 0.0, Avg: 0.0, Max: 0.0, Diff: 0.0, Sum: 0.0]
      [GC Worker Other (ms): Min: 0.0, Avg: 0.0, Max: 0.1, Diff: 0.0, Sum: 0.4]
      [GC Worker Total (ms): Min: 163.6, Avg: 163.7, Max: 163.8, Diff: 0.2, Sum: 2127.9]
      [GC Worker End (ms): Min: 49106.8, Avg: 49106.8, Max: 49106.9, Diff: 0.0]
   [Code Root Fixup: 0.4 ms]
   [Code Root Migration: 0.0 ms]
   [Clear CT: 1.8 ms]
   [Other: 11.8 ms]
      [Choose CSet: 0.0 ms]
      [Ref Proc: 6.7 ms]
      [Ref Enq: 0.6 ms]
      [Free CSet: 0.4 ms]
   [Eden: 992.0M(992.0M)->0.0B(1056.0M) Survivors: 224.0M->160.0M Heap: 8881.2M(24.0G)->8121.2M(24.0G)]
 [Times: user=2.15 sys=0.00, real=0.18 secs] 
2014-04-07T18:27:27.461+0900: 49.121: [GC concurrent-root-region-scan-start]
2014-04-07T18:27:27.495+0900: 49.155: [GC concurrent-root-region-scan-end, 0.0345933 secs]
2014-04-07T18:27:27.495+0900: 49.155: [GC concurrent-mark-start]
2014-04-07T18:27:28.639+0900: 50.299: [GC concurrent-mark-end, 1.1440307 secs]
2014-04-07T18:27:28.641+0900: 50.301: [GC remark 50.353: [GC ref-proc, 0.0132251 secs], 0.0829893 secs]
 [Times: user=0.83 sys=0.00, real=0.08 secs] 
2014-04-07T18:27:28.725+0900: 50.385: [GC cleanup 9122M->9122M(24G), 0.0165293 secs]
 [Times: user=0.20 sys=0.00, real=0.01 secs] 
2014-04-07T18:27:28.781+0900: 50.441: [GC pause (G1 Evacuation Pause) (young), 0.1203997 secs]
   [Parallel Time: 108.2 ms, GC Workers: 13]
      [GC Worker Start (ms): Min: 50441.6, Avg: 50441.7, Max: 50441.7, Diff: 0.1]
      [Ext Root Scanning (ms): Min: 1.2, Avg: 1.4, Max: 1.7, Diff: 0.5, Sum: 17.6]
      [Update RS (ms): Min: 22.8, Avg: 23.9, Max: 31.6, Diff: 8.8, Sum: 310.7]
         [Processed Buffers: Min: 8, Avg: 27.6, Max: 46, Diff: 38, Sum: 359]
      [Scan RS (ms): Min: 0.0, Avg: 6.8, Max: 7.9, Diff: 7.9, Sum: 88.5]
      [Code Root Scanning (ms): Min: 0.0, Avg: 0.0, Max: 0.0, Diff: 0.0, Sum: 0.0]
      [Object Copy (ms): Min: 74.5, Avg: 75.8, Max: 76.0, Diff: 1.5, Sum: 985.2]
      [Termination (ms): Min: 0.0, Avg: 0.0, Max: 0.0, Diff: 0.0, Sum: 0.0]
      [GC Worker Other (ms): Min: 0.0, Avg: 0.0, Max: 0.1, Diff: 0.1, Sum: 0.5]
      [GC Worker Total (ms): Min: 107.8, Avg: 107.9, Max: 108.0, Diff: 0.2, Sum: 1402.6]
      [GC Worker End (ms): Min: 50549.5, Avg: 50549.5, Max: 50549.6, Diff: 0.1]
   [Code Root Fixup: 0.4 ms]
   [Code Root Migration: 0.0 ms]
   [Clear CT: 1.8 ms]
   [Other: 10.0 ms]
      [Choose CSet: 0.0 ms]
      [Ref Proc: 6.7 ms]
      [Ref Enq: 0.6 ms]
      [Free CSet: 0.4 ms]
   [Eden: 1056.0M(1056.0M)->0.0B(1056.0M) Survivors: 160.0M->160.0M Heap: 9177.2M(24.0G)->8369.2M(24.0G)]
 [Times: user=1.43 sys=0.00, real=0.12 secs] 
2014-04-07T18:27:29.767+0900: 51.427: [GC pause (G1 Evacuation Pause) (mixed), 0.1290571 secs]
   [Parallel Time: 114.3 ms, GC Workers: 13]
      [GC Worker Start (ms): Min: 51427.4, Avg: 51427.5, Max: 51427.6, Diff: 0.1]
      [Ext Root Scanning (ms): Min: 1.3, Avg: 1.5, Max: 2.4, Diff: 1.1, Sum: 19.1]
      [Update RS (ms): Min: 15.5, Avg: 17.1, Max: 19.4, Diff: 3.9, Sum: 221.7]
         [Processed Buffers: Min: 13, Avg: 25.3, Max: 35, Diff: 22, Sum: 329]
      [Scan RS (ms): Min: 8.7, Avg: 10.7, Max: 11.4, Diff: 2.7, Sum: 138.7]
      [Code Root Scanning (ms): Min: 0.0, Avg: 0.0, Max: 0.1, Diff: 0.1, Sum: 0.2]
      [Object Copy (ms): Min: 84.5, Avg: 84.9, Max: 85.0, Diff: 0.4, Sum: 1103.1]
      [Termination (ms): Min: 0.0, Avg: 0.0, Max: 0.0, Diff: 0.0, Sum: 0.0]
      [GC Worker Other (ms): Min: 0.0, Avg: 0.0, Max: 0.1, Diff: 0.1, Sum: 0.5]
      [GC Worker Total (ms): Min: 114.0, Avg: 114.1, Max: 114.2, Diff: 0.2, Sum: 1483.4]
      [GC Worker End (ms): Min: 51541.6, Avg: 51541.6, Max: 51541.6, Diff: 0.1]
   [Code Root Fixup: 0.4 ms]
   [Code Root Migration: 0.4 ms]
   [Clear CT: 2.2 ms]
   [Other: 11.7 ms]
      [Choose CSet: 0.1 ms]
      [Ref Proc: 7.0 ms]
      [Ref Enq: 0.9 ms]
      [Free CSet: 1.1 ms]
   [Eden: 1056.0M(1056.0M)->0.0B(1056.0M) Survivors: 160.0M->160.0M Heap: 9425.2M(24.0G)->7936.0M(24.0G)]
 [Times: user=1.51 sys=0.00, real=0.13 secs] 
2014-04-07T18:27:30.757+0900: 52.418: [GC pause (G1 Evacuation Pause) (mixed), 0.1434377 secs]
   [Parallel Time: 127.7 ms, GC Workers: 13]
      [GC Worker Start (ms): Min: 52418.1, Avg: 52418.2, Max: 52418.3, Diff: 0.1]
      [Ext Root Scanning (ms): Min: 1.3, Avg: 1.4, Max: 2.0, Diff: 0.7, Sum: 18.1]
      [Update RS (ms): Min: 15.9, Avg: 17.0, Max: 19.1, Diff: 3.3, Sum: 220.7]
         [Processed Buffers: Min: 11, Avg: 26.8, Max: 40, Diff: 29, Sum: 348]
      [Scan RS (ms): Min: 15.5, Avg: 17.7, Max: 18.3, Diff: 2.8, Sum: 229.8]
      [Code Root Scanning (ms): Min: 0.0, Avg: 0.0, Max: 0.0, Diff: 0.0, Sum: 0.0]
      [Object Copy (ms): Min: 91.1, Avg: 91.3, Max: 91.5, Diff: 0.4, Sum: 1187.2]
      [Termination (ms): Min: 0.0, Avg: 0.0, Max: 0.0, Diff: 0.0, Sum: 0.0]
      [GC Worker Other (ms): Min: 0.0, Avg: 0.0, Max: 0.1, Diff: 0.1, Sum: 0.5]
      [GC Worker Total (ms): Min: 127.3, Avg: 127.4, Max: 127.5, Diff: 0.2, Sum: 1656.4]
      [GC Worker End (ms): Min: 52545.6, Avg: 52545.6, Max: 52545.7, Diff: 0.1]
   [Code Root Fixup: 0.4 ms]
   [Code Root Migration: 0.0 ms]
   [Clear CT: 2.1 ms]
   [Other: 13.1 ms]
      [Choose CSet: 0.2 ms]
      [Ref Proc: 7.6 ms]
      [Ref Enq: 0.9 ms]
      [Free CSet: 1.2 ms]
   [Eden: 1056.0M(1056.0M)->0.0B(1056.0M) Survivors: 160.0M->160.0M Heap: 8992.0M(24.0G)->7392.0M(24.0G)]
 [Times: user=1.67 sys=0.03, real=0.14 secs] 
2014-04-07T18:27:31.780+0900: 53.440: [GC pause (G1 Evacuation Pause) (mixed), 0.1270326 secs]
   [Parallel Time: 113.1 ms, GC Workers: 13]
      [GC Worker Start (ms): Min: 53440.0, Avg: 53440.1, Max: 53440.1, Diff: 0.1]
      [Ext Root Scanning (ms): Min: 1.2, Avg: 1.3, Max: 1.9, Diff: 0.6, Sum: 17.5]
      [Update RS (ms): Min: 18.9, Avg: 19.3, Max: 20.3, Diff: 1.4, Sum: 251.3]
         [Processed Buffers: Min: 15, Avg: 27.2, Max: 36, Diff: 21, Sum: 353]
      [Scan RS (ms): Min: 7.9, Avg: 9.0, Max: 9.5, Diff: 1.7, Sum: 116.5]
      [Code Root Scanning (ms): Min: 0.0, Avg: 0.0, Max: 0.0, Diff: 0.0, Sum: 0.0]
      [Object Copy (ms): Min: 82.9, Avg: 83.1, Max: 83.2, Diff: 0.3, Sum: 1080.4]
      [Termination (ms): Min: 0.0, Avg: 0.0, Max: 0.0, Diff: 0.0, Sum: 0.0]
      [GC Worker Other (ms): Min: 0.0, Avg: 0.0, Max: 0.1, Diff: 0.0, Sum: 0.5]
      [GC Worker Total (ms): Min: 112.7, Avg: 112.8, Max: 112.8, Diff: 0.1, Sum: 1466.2]
      [GC Worker End (ms): Min: 53552.8, Avg: 53552.9, Max: 53552.9, Diff: 0.1]
   [Code Root Fixup: 0.4 ms]
   [Code Root Migration: 0.0 ms]
   [Clear CT: 2.0 ms]
   [Other: 11.5 ms]
      [Choose CSet: 0.0 ms]
      [Ref Proc: 7.1 ms]
      [Ref Enq: 0.7 ms]
      [Free CSet: 0.7 ms]
   [Eden: 1056.0M(1056.0M)->0.0B(3120.0M) Survivors: 160.0M->160.0M Heap: 8448.0M(24.0G)->7504.0M(24.0G)]
 [Times: user=1.48 sys=0.02, real=0.13 secs] 
2014-04-07T18:27:33.716+0900: 55.376: [GC pause (G1 Evacuation Pause) (young), 0.1986263 secs]
   [Parallel Time: 175.0 ms, GC Workers: 13]
      [GC Worker Start (ms): Min: 55376.5, Avg: 55376.5, Max: 55376.6, Diff: 0.1]
      [Ext Root Scanning (ms): Min: 1.3, Avg: 1.4, Max: 1.7, Diff: 0.5, Sum: 17.9]
      [Update RS (ms): Min: 18.2, Avg: 19.0, Max: 21.8, Diff: 3.6, Sum: 246.8]
         [Processed Buffers: Min: 12, Avg: 25.6, Max: 42, Diff: 30, Sum: 333]
      [Scan RS (ms): Min: 9.9, Avg: 12.7, Max: 13.3, Diff: 3.4, Sum: 165.3]
      [Code Root Scanning (ms): Min: 0.0, Avg: 0.0, Max: 0.0, Diff: 0.0, Sum: 0.1]
      [Object Copy (ms): Min: 141.3, Avg: 141.6, Max: 141.8, Diff: 0.5, Sum: 1840.8]
      [Termination (ms): Min: 0.0, Avg: 0.0, Max: 0.0, Diff: 0.0, Sum: 0.1]
      [GC Worker Other (ms): Min: 0.0, Avg: 0.1, Max: 0.1, Diff: 0.1, Sum: 0.7]
      [GC Worker Total (ms): Min: 174.6, Avg: 174.7, Max: 174.8, Diff: 0.2, Sum: 2271.7]
      [GC Worker End (ms): Min: 55551.3, Avg: 55551.3, Max: 55551.3, Diff: 0.1]
   [Code Root Fixup: 0.4 ms]
   [Code Root Migration: 0.0 ms]
   [Clear CT: 2.5 ms]
   [Other: 20.7 ms]
      [Choose CSet: 0.0 ms]
      [Ref Proc: 14.5 ms]
      [Ref Enq: 1.3 ms]
      [Free CSet: 1.1 ms]
   [Eden: 2160.0M(2032.0M)->0.0B(1536.0M) Survivors: 160.0M->288.0M Heap: 9664.0M(24.0G)->7880.0M(24.0G)]
 [Times: user=2.25 sys=0.08, real=0.19 secs] 
2014-04-07T18:27:35.181+0900: 56.841: [GC pause (G1 Evacuation Pause) (young) (initial-mark), 0.2044039 secs]
   [Parallel Time: 184.1 ms, GC Workers: 13]
      [GC Worker Start (ms): Min: 56841.7, Avg: 56841.7, Max: 56841.8, Diff: 0.1]
      [Ext Root Scanning (ms): Min: 1.0, Avg: 1.4, Max: 3.9, Diff: 2.9, Sum: 18.4]
      [Code Root Marking (ms): Min: 0.0, Avg: 0.7, Max: 6.3, Diff: 6.2, Sum: 8.8]
      [Update RS (ms): Min: 21.0, Avg: 27.3, Max: 36.0, Diff: 15.0, Sum: 354.6]
         [Processed Buffers: Min: 9, Avg: 31.9, Max: 69, Diff: 60, Sum: 415]
      [Scan RS (ms): Min: 6.1, Avg: 13.9, Max: 15.1, Diff: 9.0, Sum: 180.7]
      [Code Root Scanning (ms): Min: 0.0, Avg: 0.0, Max: 0.0, Diff: 0.0, Sum: 0.0]
      [Object Copy (ms): Min: 140.3, Avg: 140.5, Max: 140.9, Diff: 0.6, Sum: 1826.8]
      [Termination (ms): Min: 0.0, Avg: 0.0, Max: 0.0, Diff: 0.0, Sum: 0.2]
      [GC Worker Other (ms): Min: 0.0, Avg: 0.1, Max: 0.1, Diff: 0.1, Sum: 0.7]
      [GC Worker Total (ms): Min: 183.8, Avg: 183.9, Max: 184.0, Diff: 0.2, Sum: 2390.3]
      [GC Worker End (ms): Min: 57025.6, Avg: 57025.6, Max: 57025.7, Diff: 0.1]
   [Code Root Fixup: 0.3 ms]
   [Code Root Migration: 0.0 ms]
   [Clear CT: 2.1 ms]
   [Other: 17.9 ms]
      [Choose CSet: 0.0 ms]
      [Ref Proc: 11.1 ms]
      [Ref Enq: 1.1 ms]
      [Free CSet: 0.7 ms]
   [Eden: 1536.0M(1536.0M)->0.0B(1792.0M) Survivors: 288.0M->240.0M Heap: 9416.0M(24.0G)->8184.0M(24.0G)]
 [Times: user=2.42 sys=0.00, real=0.21 secs] 
2014-04-07T18:27:35.386+0900: 57.046: [GC concurrent-root-region-scan-start]
2014-04-07T18:27:35.454+0900: 57.114: [GC concurrent-root-region-scan-end, 0.0681358 secs]
2014-04-07T18:27:35.454+0900: 57.114: [GC concurrent-mark-start]
2014-04-07T18:27:36.574+0900: 58.234: [GC concurrent-mark-end, 1.1201296 secs]
2014-04-07T18:27:36.576+0900: 58.236: [GC remark 58.275: [GC ref-proc, 0.0121693 secs], 0.0724450 secs]
 [Times: user=0.70 sys=0.00, real=0.07 secs] 
2014-04-07T18:27:36.650+0900: 58.310: [GC cleanup 9290M->9290M(24G), 0.0180541 secs]
 [Times: user=0.22 sys=0.00, real=0.02 secs] 
2014-04-07T18:27:37.229+0900: 58.889: [GC pause (G1 Evacuation Pause) (young), 0.1999517 secs]
   [Parallel Time: 179.6 ms, GC Workers: 13]
      [GC Worker Start (ms): Min: 58889.9, Avg: 58890.0, Max: 58890.0, Diff: 0.1]
      [Ext Root Scanning (ms): Min: 1.3, Avg: 1.4, Max: 1.9, Diff: 0.7, Sum: 17.9]
      [Update RS (ms): Min: 22.9, Avg: 23.2, Max: 25.4, Diff: 2.6, Sum: 301.9]
         [Processed Buffers: Min: 17, Avg: 30.2, Max: 42, Diff: 25, Sum: 393]
      [Scan RS (ms): Min: 8.3, Avg: 11.3, Max: 11.7, Diff: 3.4, Sum: 146.5]
      [Code Root Scanning (ms): Min: 0.0, Avg: 0.0, Max: 0.0, Diff: 0.0, Sum: 0.0]
      [Object Copy (ms): Min: 142.8, Avg: 143.0, Max: 143.3, Diff: 0.4, Sum: 1859.5]
      [Termination (ms): Min: 0.1, Avg: 0.4, Max: 0.4, Diff: 0.3, Sum: 4.8]
      [GC Worker Other (ms): Min: 0.0, Avg: 0.0, Max: 0.1, Diff: 0.0, Sum: 0.4]
      [GC Worker Total (ms): Min: 179.2, Avg: 179.3, Max: 179.4, Diff: 0.2, Sum: 2331.2]
      [GC Worker End (ms): Min: 59069.3, Avg: 59069.3, Max: 59069.3, Diff: 0.1]
   [Code Root Fixup: 0.4 ms]
   [Code Root Migration: 0.0 ms]
   [Clear CT: 2.4 ms]
   [Other: 17.6 ms]
      [Choose CSet: 0.0 ms]
      [Ref Proc: 11.1 ms]
      [Ref Enq: 1.2 ms]
      [Free CSet: 1.0 ms]
   [Eden: 1792.0M(1792.0M)->0.0B(960.0M) Survivors: 240.0M->256.0M Heap: 9976.0M(24.0G)->8512.0M(24.0G)]
 [Times: user=2.27 sys=0.10, real=0.20 secs] 
2014-04-07T18:27:38.226+0900: 59.886: [GC pause (G1 Evacuation Pause) (mixed), 0.1602346 secs]
   [Parallel Time: 143.9 ms, GC Workers: 13]
      [GC Worker Start (ms): Min: 59886.8, Avg: 59886.9, Max: 59887.0, Diff: 0.1]
      [Ext Root Scanning (ms): Min: 1.3, Avg: 1.4, Max: 2.4, Diff: 1.2, Sum: 18.8]
      [Update RS (ms): Min: 15.0, Avg: 16.4, Max: 17.6, Diff: 2.6, Sum: 213.0]
         [Processed Buffers: Min: 14, Avg: 24.0, Max: 35, Diff: 21, Sum: 312]
      [Scan RS (ms): Min: 17.9, Avg: 19.0, Max: 19.6, Diff: 1.7, Sum: 247.3]
      [Code Root Scanning (ms): Min: 0.0, Avg: 0.0, Max: 0.0, Diff: 0.0, Sum: 0.0]
      [Object Copy (ms): Min: 106.5, Avg: 106.7, Max: 106.9, Diff: 0.4, Sum: 1387.4]
      [Termination (ms): Min: 0.0, Avg: 0.0, Max: 0.0, Diff: 0.0, Sum: 0.1]
      [GC Worker Other (ms): Min: 0.0, Avg: 0.0, Max: 0.1, Diff: 0.1, Sum: 0.6]
      [GC Worker Total (ms): Min: 143.6, Avg: 143.6, Max: 143.7, Diff: 0.1, Sum: 1867.2]
      [GC Worker End (ms): Min: 60030.5, Avg: 60030.5, Max: 60030.5, Diff: 0.1]
   [Code Root Fixup: 0.4 ms]
   [Code Root Migration: 0.0 ms]
   [Clear CT: 2.0 ms]
   [Other: 13.9 ms]
      [Choose CSet: 0.2 ms]
      [Ref Proc: 6.9 ms]
      [Ref Enq: 0.7 ms]
      [Free CSet: 1.2 ms]
   [Eden: 960.0M(960.0M)->0.0B(1056.0M) Survivors: 256.0M->160.0M Heap: 9472.0M(24.0G)->8120.0M(24.0G)]
 [Times: user=1.90 sys=0.00, real=0.16 secs] 
2014-04-07T18:27:39.272+0900: 60.932: [GC pause (G1 Evacuation Pause) (mixed), 0.1425532 secs]
   [Parallel Time: 127.6 ms, GC Workers: 13]
      [GC Worker Start (ms): Min: 60932.1, Avg: 60932.1, Max: 60932.2, Diff: 0.1]
      [Ext Root Scanning (ms): Min: 1.3, Avg: 1.4, Max: 2.0, Diff: 0.7, Sum: 18.6]
      [Update RS (ms): Min: 20.6, Avg: 32.3, Max: 45.7, Diff: 25.1, Sum: 420.2]
         [Processed Buffers: Min: 12, Avg: 28.5, Max: 61, Diff: 49, Sum: 371]
      [Scan RS (ms): Min: 0.0, Avg: 10.9, Max: 22.3, Diff: 22.3, Sum: 142.0]
      [Code Root Scanning (ms): Min: 0.0, Avg: 0.0, Max: 0.0, Diff: 0.0, Sum: 0.0]
      [Object Copy (ms): Min: 80.1, Avg: 82.6, Max: 83.3, Diff: 3.2, Sum: 1073.3]
      [Termination (ms): Min: 0.0, Avg: 0.0, Max: 0.0, Diff: 0.0, Sum: 0.0]
      [GC Worker Other (ms): Min: 0.0, Avg: 0.0, Max: 0.1, Diff: 0.1, Sum: 0.4]
      [GC Worker Total (ms): Min: 127.2, Avg: 127.3, Max: 127.3, Diff: 0.1, Sum: 1654.6]
      [GC Worker End (ms): Min: 61059.4, Avg: 61059.4, Max: 61059.4, Diff: 0.1]
   [Code Root Fixup: 0.4 ms]
   [Code Root Migration: 0.0 ms]
   [Clear CT: 2.3 ms]
   [Other: 12.3 ms]
      [Choose CSet: 0.1 ms]
      [Ref Proc: 7.2 ms]
      [Ref Enq: 0.7 ms]
      [Free CSet: 0.7 ms]
   [Eden: 1056.0M(1056.0M)->0.0B(3728.0M) Survivors: 160.0M->160.0M Heap: 9176.0M(24.0G)->8144.0M(24.0G)]
 [Times: user=1.68 sys=0.01, real=0.14 secs] 
2014-04-07T18:27:41.685+0900: 63.345: [GC pause (G1 Evacuation Pause) (young), 0.2511952 secs]
   [Parallel Time: 220.0 ms, GC Workers: 13]
      [GC Worker Start (ms): Min: 63345.3, Avg: 63345.4, Max: 63345.4, Diff: 0.1]
      [Ext Root Scanning (ms): Min: 0.8, Avg: 1.2, Max: 1.6, Diff: 0.8, Sum: 15.7]
      [Update RS (ms): Min: 17.4, Avg: 18.7, Max: 20.5, Diff: 3.1, Sum: 242.5]
         [Processed Buffers: Min: 11, Avg: 24.8, Max: 39, Diff: 28, Sum: 323]
      [Scan RS (ms): Min: 13.9, Avg: 15.6, Max: 16.1, Diff: 2.2, Sum: 202.9]
      [Code Root Scanning (ms): Min: 0.0, Avg: 0.0, Max: 0.0, Diff: 0.0, Sum: 0.1]
      [Object Copy (ms): Min: 182.8, Avg: 183.7, Max: 184.7, Diff: 1.9, Sum: 2388.6]
      [Termination (ms): Min: 0.0, Avg: 0.4, Max: 0.5, Diff: 0.5, Sum: 5.2]
      [GC Worker Other (ms): Min: 0.0, Avg: 0.0, Max: 0.0, Diff: 0.0, Sum: 0.4]
      [GC Worker Total (ms): Min: 218.5, Avg: 219.6, Max: 220.0, Diff: 1.5, Sum: 2855.4]
      [GC Worker End (ms): Min: 63563.9, Avg: 63565.0, Max: 63565.3, Diff: 1.4]
   [Code Root Fixup: 0.4 ms]
   [Code Root Migration: 0.1 ms]
   [Clear CT: 3.0 ms]
   [Other: 27.7 ms]
      [Choose CSet: 0.0 ms]
      [Ref Proc: 18.9 ms]
      [Ref Enq: 1.9 ms]
      [Free CSet: 1.4 ms]
   [Eden: 2704.0M(2704.0M)->0.0B(1136.0M) Survivors: 160.0M->368.0M Heap: 10.6G(24.0G)->8680.0M(24.0G)]
 [Times: user=2.68 sys=0.23, real=0.25 secs] 
2014-04-07T18:27:42.932+0900: 64.592: [GC pause (G1 Evacuation Pause) (young) (initial-mark), 0.1817411 secs]
   [Parallel Time: 163.1 ms, GC Workers: 13]
      [GC Worker Start (ms): Min: 64592.6, Avg: 64592.7, Max: 64592.8, Diff: 0.1]
      [Ext Root Scanning (ms): Min: 1.1, Avg: 1.4, Max: 3.3, Diff: 2.1, Sum: 18.1]
      [Code Root Marking (ms): Min: 0.0, Avg: 0.7, Max: 6.5, Diff: 6.5, Sum: 9.2]
      [Update RS (ms): Min: 17.6, Avg: 25.5, Max: 54.0, Diff: 36.4, Sum: 331.5]
         [Processed Buffers: Min: 20, Avg: 28.9, Max: 48, Diff: 28, Sum: 376]
      [Scan RS (ms): Min: 0.0, Avg: 20.3, Max: 23.2, Diff: 23.1, Sum: 263.7]
      [Code Root Scanning (ms): Min: 0.0, Avg: 0.0, Max: 0.0, Diff: 0.0, Sum: 0.0]
      [Object Copy (ms): Min: 107.4, Avg: 115.0, Max: 115.9, Diff: 8.5, Sum: 1494.4]
      [Termination (ms): Min: 0.0, Avg: 0.0, Max: 0.0, Diff: 0.0, Sum: 0.1]
      [GC Worker Other (ms): Min: 0.0, Avg: 0.0, Max: 0.1, Diff: 0.1, Sum: 0.6]
      [GC Worker Total (ms): Min: 162.8, Avg: 162.9, Max: 163.0, Diff: 0.2, Sum: 2117.6]
      [GC Worker End (ms): Min: 64755.6, Avg: 64755.6, Max: 64755.6, Diff: 0.1]
   [Code Root Fixup: 0.4 ms]
   [Code Root Migration: 0.0 ms]
   [Clear CT: 2.4 ms]
   [Other: 15.7 ms]
      [Choose CSet: 0.0 ms]
      [Ref Proc: 7.8 ms]
      [Ref Enq: 0.7 ms]
      [Free CSet: 0.7 ms]
   [Eden: 1136.0M(1136.0M)->0.0B(2400.0M) Survivors: 368.0M->192.0M Heap: 9816.0M(24.0G)->8960.0M(24.0G)]
 [Times: user=2.14 sys=0.00, real=0.18 secs] 
2014-04-07T18:27:43.114+0900: 64.774: [GC concurrent-root-region-scan-start]
2014-04-07T18:27:43.162+0900: 64.822: [GC concurrent-root-region-scan-end, 0.0481517 secs]
2014-04-07T18:27:43.162+0900: 64.822: [GC concurrent-mark-start]
2014-04-07T18:27:44.450+0900: 66.110: [GC concurrent-mark-end, 1.2875637 secs]
2014-04-07T18:27:44.451+0900: 66.111: [GC remark 66.155: [GC ref-proc, 0.0119544 secs], 0.0795285 secs]
 [Times: user=0.79 sys=0.00, real=0.08 secs] 
2014-04-07T18:27:44.532+0900: 66.192: [GC cleanup 10139M->10091M(24G), 0.0188511 secs]
 [Times: user=0.24 sys=0.00, real=0.02 secs] 
2014-04-07T18:27:44.552+0900: 66.212: [GC concurrent-cleanup-start]
2014-04-07T18:27:44.552+0900: 66.212: [GC concurrent-cleanup-end, 0.0000779 secs]
2014-04-07T18:27:45.544+0900: 67.204: [GC pause (G1 Evacuation Pause) (young), 0.2402025 secs]
   [Parallel Time: 212.6 ms, GC Workers: 13]
      [GC Worker Start (ms): Min: 67204.5, Avg: 67204.5, Max: 67204.6, Diff: 0.1]
      [Ext Root Scanning (ms): Min: 1.3, Avg: 1.4, Max: 1.6, Diff: 0.3, Sum: 17.6]
      [Update RS (ms): Min: 29.1, Avg: 34.9, Max: 49.0, Diff: 20.0, Sum: 454.1]
         [Processed Buffers: Min: 7, Avg: 26.3, Max: 58, Diff: 51, Sum: 342]
      [Scan RS (ms): Min: 0.0, Avg: 13.7, Max: 19.6, Diff: 19.5, Sum: 178.0]
      [Code Root Scanning (ms): Min: 0.0, Avg: 0.0, Max: 0.0, Diff: 0.0, Sum: 0.1]
      [Object Copy (ms): Min: 161.1, Avg: 161.6, Max: 162.0, Diff: 0.9, Sum: 2100.7]
      [Termination (ms): Min: 0.3, Avg: 0.7, Max: 0.8, Diff: 0.5, Sum: 9.2]
      [GC Worker Other (ms): Min: 0.0, Avg: 0.0, Max: 0.1, Diff: 0.0, Sum: 0.5]
      [GC Worker Total (ms): Min: 212.2, Avg: 212.3, Max: 212.4, Diff: 0.2, Sum: 2760.3]
      [GC Worker End (ms): Min: 67416.9, Avg: 67416.9, Max: 67416.9, Diff: 0.1]
   [Code Root Fixup: 0.5 ms]
   [Code Root Migration: 0.0 ms]
   [Clear CT: 3.1 ms]
   [Other: 24.1 ms]
      [Choose CSet: 0.0 ms]
      [Ref Proc: 15.6 ms]
      [Ref Enq: 1.7 ms]
      [Free CSet: 1.3 ms]
   [Eden: 2352.0M(2096.0M)->0.0B(928.0M) Survivors: 192.0M->288.0M Heap: 11.0G(24.0G)->9336.0M(24.0G)]
 [Times: user=2.72 sys=0.08, real=0.24 secs] 
2014-04-07T18:27:46.606+0900: 68.266: [GC pause (G1 Evacuation Pause) (mixed), 0.1783793 secs]
   [Parallel Time: 160.1 ms, GC Workers: 13]
      [GC Worker Start (ms): Min: 68266.7, Avg: 68266.7, Max: 68266.8, Diff: 0.1]
      [Ext Root Scanning (ms): Min: 1.3, Avg: 1.4, Max: 2.0, Diff: 0.7, Sum: 18.7]
      [Update RS (ms): Min: 18.5, Avg: 19.2, Max: 20.6, Diff: 2.1, Sum: 249.6]
         [Processed Buffers: Min: 17, Avg: 27.2, Max: 50, Diff: 33, Sum: 353]
      [Scan RS (ms): Min: 27.9, Avg: 29.0, Max: 30.0, Diff: 2.1, Sum: 377.4]
      [Code Root Scanning (ms): Min: 0.0, Avg: 0.0, Max: 0.0, Diff: 0.0, Sum: 0.1]
      [Object Copy (ms): Min: 109.5, Avg: 110.1, Max: 110.4, Diff: 0.9, Sum: 1431.2]
      [Termination (ms): Min: 0.0, Avg: 0.0, Max: 0.0, Diff: 0.0, Sum: 0.1]
      [GC Worker Other (ms): Min: 0.0, Avg: 0.0, Max: 0.1, Diff: 0.0, Sum: 0.4]
      [GC Worker Total (ms): Min: 159.7, Avg: 159.8, Max: 159.9, Diff: 0.1, Sum: 2077.5]
      [GC Worker End (ms): Min: 68426.5, Avg: 68426.5, Max: 68426.6, Diff: 0.0]
   [Code Root Fixup: 0.5 ms]
   [Code Root Migration: 0.1 ms]
   [Clear CT: 2.7 ms]
   [Other: 15.0 ms]
      [Choose CSet: 0.2 ms]
      [Ref Proc: 6.8 ms]
      [Ref Enq: 0.8 ms]
      [Free CSet: 1.2 ms]
   [Eden: 928.0M(928.0M)->0.0B(1056.0M) Survivors: 288.0M->160.0M Heap: 10.0G(24.0G)->8976.0M(24.0G)]
 [Times: user=2.12 sys=0.00, real=0.18 secs] 
2014-04-07T18:27:47.719+0900: 69.379: [GC pause (G1 Evacuation Pause) (mixed), 0.1522625 secs]
   [Parallel Time: 133.3 ms, GC Workers: 13]
      [GC Worker Start (ms): Min: 69379.9, Avg: 69380.0, Max: 69380.0, Diff: 0.1]
      [Ext Root Scanning (ms): Min: 1.4, Avg: 1.5, Max: 2.4, Diff: 1.1, Sum: 19.7]
      [Update RS (ms): Min: 24.9, Avg: 31.0, Max: 42.3, Diff: 17.4, Sum: 403.4]
         [Processed Buffers: Min: 7, Avg: 26.1, Max: 55, Diff: 48, Sum: 339]
      [Scan RS (ms): Min: 0.0, Avg: 8.1, Max: 13.8, Diff: 13.8, Sum: 105.4]
      [Code Root Scanning (ms): Min: 0.0, Avg: 0.0, Max: 0.0, Diff: 0.0, Sum: 0.0]
      [Object Copy (ms): Min: 89.3, Avg: 92.3, Max: 93.1, Diff: 3.9, Sum: 1200.3]
      [Termination (ms): Min: 0.0, Avg: 0.0, Max: 0.0, Diff: 0.0, Sum: 0.1]
      [GC Worker Other (ms): Min: 0.0, Avg: 0.0, Max: 0.1, Diff: 0.1, Sum: 0.5]
      [GC Worker Total (ms): Min: 133.0, Avg: 133.0, Max: 133.1, Diff: 0.1, Sum: 1729.5]
      [GC Worker End (ms): Min: 69513.0, Avg: 69513.0, Max: 69513.0, Diff: 0.1]
   [Code Root Fixup: 0.4 ms]
   [Code Root Migration: 0.0 ms]
   [Clear CT: 2.1 ms]
   [Other: 16.4 ms]
      [Choose CSet: 0.0 ms]
      [Ref Proc: 11.8 ms]
      [Ref Enq: 0.8 ms]
      [Free CSet: 0.6 ms]
   [Eden: 1056.0M(1056.0M)->0.0B(2416.0M) Survivors: 160.0M->160.0M Heap: 10032.0M(24.0G)->9120.0M(24.0G)]
 [Times: user=1.77 sys=0.02, real=0.15 secs] 
2014-04-07T18:27:49.923+0900: 71.583: [GC pause (G1 Evacuation Pause) (young), 0.2252455 secs]
   [Parallel Time: 198.8 ms, GC Workers: 13]
      [GC Worker Start (ms): Min: 71583.3, Avg: 71583.3, Max: 71583.4, Diff: 0.1]
      [Ext Root Scanning (ms): Min: 1.4, Avg: 1.5, Max: 2.1, Diff: 0.7, Sum: 19.7]
      [Update RS (ms): Min: 15.9, Avg: 16.5, Max: 17.1, Diff: 1.3, Sum: 214.0]
         [Processed Buffers: Min: 13, Avg: 23.6, Max: 36, Diff: 23, Sum: 307]
      [Scan RS (ms): Min: 15.5, Avg: 16.1, Max: 16.5, Diff: 1.0, Sum: 209.3]
      [Code Root Scanning (ms): Min: 0.0, Avg: 0.0, Max: 0.0, Diff: 0.0, Sum: 0.1]
      [Object Copy (ms): Min: 162.1, Avg: 163.2, Max: 164.1, Diff: 2.0, Sum: 2121.3]
      [Termination (ms): Min: 0.1, Avg: 0.8, Max: 0.9, Diff: 0.9, Sum: 10.1]
      [GC Worker Other (ms): Min: 0.0, Avg: 0.0, Max: 0.1, Diff: 0.0, Sum: 0.4]
      [GC Worker Total (ms): Min: 197.3, Avg: 198.1, Max: 198.6, Diff: 1.4, Sum: 2575.0]
      [GC Worker End (ms): Min: 71780.6, Avg: 71781.4, Max: 71782.0, Diff: 1.4]
   [Code Root Fixup: 0.4 ms]
   [Code Root Migration: 0.0 ms]
   [Clear CT: 2.5 ms]
   [Other: 23.5 ms]
      [Choose CSet: 0.0 ms]
      [Ref Proc: 15.6 ms]
      [Ref Enq: 1.7 ms]
      [Free CSet: 1.2 ms]
   [Eden: 2416.0M(2416.0M)->0.0B(1216.0M) Survivors: 160.0M->336.0M Heap: 11.3G(24.0G)->9592.0M(24.0G)]
 [Times: user=2.57 sys=0.05, real=0.23 secs] 
2014-04-07T18:27:51.250+0900: 72.910: [GC pause (G1 Evacuation Pause) (young) (initial-mark), 0.1740715 secs]
   [Parallel Time: 156.2 ms, GC Workers: 13]
      [GC Worker Start (ms): Min: 72910.9, Avg: 72910.9, Max: 72911.0, Diff: 0.1]
      [Ext Root Scanning (ms): Min: 1.1, Avg: 1.3, Max: 3.0, Diff: 1.9, Sum: 16.9]
      [Code Root Marking (ms): Min: 0.0, Avg: 0.6, Max: 4.4, Diff: 4.4, Sum: 7.2]
      [Update RS (ms): Min: 17.5, Avg: 21.4, Max: 24.2, Diff: 6.7, Sum: 277.6]
         [Processed Buffers: Min: 20, Avg: 27.3, Max: 45, Diff: 25, Sum: 355]
      [Scan RS (ms): Min: 15.5, Avg: 17.8, Max: 18.2, Diff: 2.7, Sum: 231.0]
      [Code Root Scanning (ms): Min: 0.0, Avg: 0.0, Max: 0.0, Diff: 0.0, Sum: 0.0]
      [Object Copy (ms): Min: 114.7, Avg: 114.9, Max: 115.2, Diff: 0.5, Sum: 1493.5]
      [Termination (ms): Min: 0.0, Avg: 0.0, Max: 0.0, Diff: 0.0, Sum: 0.1]
      [GC Worker Other (ms): Min: 0.0, Avg: 0.0, Max: 0.1, Diff: 0.1, Sum: 0.6]
      [GC Worker Total (ms): Min: 155.8, Avg: 155.9, Max: 156.0, Diff: 0.2, Sum: 2026.8]
      [GC Worker End (ms): Min: 73066.8, Avg: 73066.8, Max: 73066.9, Diff: 0.1]
   [Code Root Fixup: 0.4 ms]
   [Code Root Migration: 0.0 ms]
   [Clear CT: 2.5 ms]
   [Other: 14.9 ms]
      [Choose CSet: 0.0 ms]
      [Ref Proc: 7.6 ms]
      [Ref Enq: 0.7 ms]
      [Free CSet: 0.7 ms]
   [Eden: 1216.0M(1216.0M)->0.0B(2416.0M) Survivors: 336.0M->208.0M Heap: 10.6G(24.0G)->9896.0M(24.0G)]
 [Times: user=2.06 sys=0.00, real=0.17 secs] 
2014-04-07T18:27:51.425+0900: 73.085: [GC concurrent-root-region-scan-start]
2014-04-07T18:27:51.464+0900: 73.124: [GC concurrent-root-region-scan-end, 0.0387095 secs]
2014-04-07T18:27:51.464+0900: 73.124: [GC concurrent-mark-start]
2014-04-07T18:27:52.998+0900: 74.658: [GC concurrent-mark-end, 1.5342789 secs]
2014-04-07T18:27:52.999+0900: 74.660: [GC remark 74.699: [GC ref-proc, 0.0122974 secs], 0.0784954 secs]
 [Times: user=0.77 sys=0.00, real=0.07 secs] 
2014-04-07T18:27:53.080+0900: 74.740: [GC cleanup 11G->10G(24G), 0.0209520 secs]
 [Times: user=0.26 sys=0.00, real=0.02 secs] 
2014-04-07T18:27:53.101+0900: 74.761: [GC concurrent-cleanup-start]
2014-04-07T18:27:53.101+0900: 74.761: [GC concurrent-cleanup-end, 0.0000706 secs]
2014-04-07T18:27:53.955+0900: 75.615: [GC pause (G1 Evacuation Pause) (young), 0.2321698 secs]
   [Parallel Time: 204.7 ms, GC Workers: 13]
      [GC Worker Start (ms): Min: 75615.3, Avg: 75615.4, Max: 75615.4, Diff: 0.1]
      [Ext Root Scanning (ms): Min: 0.9, Avg: 1.3, Max: 1.8, Diff: 0.9, Sum: 16.7]
      [Update RS (ms): Min: 16.3, Avg: 17.1, Max: 19.2, Diff: 2.9, Sum: 221.7]
         [Processed Buffers: Min: 16, Avg: 24.2, Max: 34, Diff: 18, Sum: 314]
      [Scan RS (ms): Min: 14.4, Avg: 16.7, Max: 17.3, Diff: 3.0, Sum: 216.9]
      [Code Root Scanning (ms): Min: 0.0, Avg: 0.0, Max: 0.0, Diff: 0.0, Sum: 0.1]
      [Object Copy (ms): Min: 168.3, Avg: 169.1, Max: 170.0, Diff: 1.6, Sum: 2198.0]
      [Termination (ms): Min: 0.0, Avg: 0.3, Max: 0.3, Diff: 0.3, Sum: 3.6]
      [GC Worker Other (ms): Min: 0.0, Avg: 0.0, Max: 0.1, Diff: 0.0, Sum: 0.4]
      [GC Worker Total (ms): Min: 204.3, Avg: 204.4, Max: 204.5, Diff: 0.2, Sum: 2657.3]
      [GC Worker End (ms): Min: 75819.7, Avg: 75819.8, Max: 75819.8, Diff: 0.1]
   [Code Root Fixup: 0.3 ms]
   [Code Root Migration: 0.1 ms]
   [Clear CT: 2.6 ms]
   [Other: 24.5 ms]
      [Choose CSet: 0.0 ms]
      [Ref Proc: 16.3 ms]
      [Ref Enq: 1.6 ms]
      [Free CSet: 1.3 ms]
   [Eden: 2416.0M(2416.0M)->0.0B(880.0M) Survivors: 208.0M->336.0M Heap: 12.0G(24.0G)->10.0G(24.0G)]
 [Times: user=2.48 sys=0.22, real=0.23 secs] 
2014-04-07T18:27:54.939+0900: 76.599: [GC pause (G1 Evacuation Pause) (mixed), 0.1814924 secs]
   [Parallel Time: 163.9 ms, GC Workers: 13]
      [GC Worker Start (ms): Min: 76599.4, Avg: 76599.5, Max: 76599.6, Diff: 0.1]
      [Ext Root Scanning (ms): Min: 0.9, Avg: 1.4, Max: 2.2, Diff: 1.3, Sum: 17.6]
      [Update RS (ms): Min: 14.6, Avg: 15.5, Max: 16.1, Diff: 1.5, Sum: 201.2]
         [Processed Buffers: Min: 16, Avg: 22.4, Max: 31, Diff: 15, Sum: 291]
      [Scan RS (ms): Min: 26.7, Avg: 27.2, Max: 27.5, Diff: 0.8, Sum: 353.4]
      [Code Root Scanning (ms): Min: 0.0, Avg: 0.0, Max: 0.0, Diff: 0.0, Sum: 0.1]
      [Object Copy (ms): Min: 119.3, Avg: 119.6, Max: 120.1, Diff: 0.8, Sum: 1554.6]
      [Termination (ms): Min: 0.0, Avg: 0.0, Max: 0.0, Diff: 0.0, Sum: 0.0]
      [GC Worker Other (ms): Min: 0.0, Avg: 0.0, Max: 0.1, Diff: 0.1, Sum: 0.4]
      [GC Worker Total (ms): Min: 163.6, Avg: 163.6, Max: 163.7, Diff: 0.2, Sum: 2127.3]
      [GC Worker End (ms): Min: 76763.1, Avg: 76763.1, Max: 76763.2, Diff: 0.1]
   [Code Root Fixup: 0.4 ms]
   [Code Root Migration: 0.1 ms]
   [Clear CT: 2.6 ms]
   [Other: 14.5 ms]
      [Choose CSet: 0.3 ms]
      [Ref Proc: 6.1 ms]
      [Ref Enq: 0.8 ms]
      [Free CSet: 1.3 ms]
   [Eden: 880.0M(880.0M)->0.0B(1056.0M) Survivors: 336.0M->160.0M Heap: 10.9G(24.0G)->9912.0M(24.0G)]
 [Times: user=2.17 sys=0.00, real=0.18 secs] 
2014-04-07T18:27:56.055+0900: 77.716: [GC pause (G1 Evacuation Pause) (mixed), 0.1286748 secs]
   [Parallel Time: 113.8 ms, GC Workers: 13]
      [GC Worker Start (ms): Min: 77716.0, Avg: 77716.1, Max: 77716.2, Diff: 0.1]
      [Ext Root Scanning (ms): Min: 1.3, Avg: 1.4, Max: 2.0, Diff: 0.7, Sum: 18.4]
      [Update RS (ms): Min: 18.2, Avg: 19.1, Max: 20.1, Diff: 1.9, Sum: 248.2]
         [Processed Buffers: Min: 21, Avg: 26.9, Max: 41, Diff: 20, Sum: 350]
      [Scan RS (ms): Min: 11.6, Avg: 12.5, Max: 12.9, Diff: 1.4, Sum: 162.4]
      [Code Root Scanning (ms): Min: 0.0, Avg: 0.0, Max: 0.0, Diff: 0.0, Sum: 0.0]
      [Object Copy (ms): Min: 80.0, Avg: 80.5, Max: 80.7, Diff: 0.7, Sum: 1046.7]
      [Termination (ms): Min: 0.0, Avg: 0.0, Max: 0.0, Diff: 0.0, Sum: 0.1]
      [GC Worker Other (ms): Min: 0.0, Avg: 0.0, Max: 0.1, Diff: 0.1, Sum: 0.5]
      [GC Worker Total (ms): Min: 113.5, Avg: 113.6, Max: 113.6, Diff: 0.2, Sum: 1476.4]
      [GC Worker End (ms): Min: 77829.6, Avg: 77829.7, Max: 77829.7, Diff: 0.1]
   [Code Root Fixup: 0.4 ms]
   [Code Root Migration: 0.0 ms]
   [Clear CT: 2.7 ms]
   [Other: 11.7 ms]
      [Choose CSet: 0.1 ms]
      [Ref Proc: 6.5 ms]
      [Ref Enq: 0.6 ms]
      [Free CSet: 0.7 ms]
   [Eden: 1056.0M(1056.0M)->0.0B(3520.0M) Survivors: 160.0M->160.0M Heap: 10.7G(24.0G)->10008.0M(24.0G)]
 [Times: user=1.50 sys=0.01, real=0.13 secs] 
2014-04-07T18:27:58.433+0900: 80.093: [GC pause (G1 Evacuation Pause) (young), 0.2590490 secs]
   [Parallel Time: 227.9 ms, GC Workers: 13]
      [GC Worker Start (ms): Min: 80093.1, Avg: 80093.2, Max: 80093.2, Diff: 0.1]
      [Ext Root Scanning (ms): Min: 1.3, Avg: 1.4, Max: 1.9, Diff: 0.7, Sum: 18.2]
      [Update RS (ms): Min: 19.1, Avg: 20.0, Max: 21.5, Diff: 2.4, Sum: 260.1]
         [Processed Buffers: Min: 20, Avg: 26.8, Max: 36, Diff: 16, Sum: 348]
      [Scan RS (ms): Min: 16.5, Avg: 17.8, Max: 18.2, Diff: 1.8, Sum: 231.9]
      [Code Root Scanning (ms): Min: 0.0, Avg: 0.0, Max: 0.0, Diff: 0.0, Sum: 0.1]
      [Object Copy (ms): Min: 186.2, Avg: 187.3, Max: 187.8, Diff: 1.6, Sum: 2435.4]
      [Termination (ms): Min: 0.4, Avg: 0.7, Max: 0.8, Diff: 0.4, Sum: 8.9]
      [GC Worker Other (ms): Min: 0.0, Avg: 0.0, Max: 0.1, Diff: 0.0, Sum: 0.4]
      [GC Worker Total (ms): Min: 226.3, Avg: 227.3, Max: 227.9, Diff: 1.6, Sum: 2955.1]
      [GC Worker End (ms): Min: 80319.4, Avg: 80320.5, Max: 80321.0, Diff: 1.6]
   [Code Root Fixup: 0.4 ms]
   [Code Root Migration: 0.1 ms]
   [Clear CT: 2.9 ms]
   [Other: 27.7 ms]
      [Choose CSet: 0.0 ms]
      [Ref Proc: 18.2 ms]
      [Ref Enq: 1.7 ms]
      [Free CSet: 1.4 ms]
   [Eden: 2720.0M(2640.0M)->0.0B(1216.0M) Survivors: 160.0M->352.0M Heap: 12.4G(24.0G)->10.3G(24.0G)]
 [Times: user=2.87 sys=0.14, real=0.26 secs] 
2014-04-07T18:27:59.791+0900: 81.451: [GC pause (G1 Evacuation Pause) (young) (initial-mark), 0.1838035 secs]
   [Parallel Time: 163.7 ms, GC Workers: 13]
      [GC Worker Start (ms): Min: 81451.5, Avg: 81451.6, Max: 81451.7, Diff: 0.1]
      [Ext Root Scanning (ms): Min: 1.0, Avg: 1.3, Max: 2.5, Diff: 1.4, Sum: 16.3]
      [Code Root Marking (ms): Min: 0.0, Avg: 0.7, Max: 6.3, Diff: 6.3, Sum: 8.7]
      [Update RS (ms): Min: 15.5, Avg: 21.2, Max: 23.7, Diff: 8.2, Sum: 276.1]
         [Processed Buffers: Min: 20, Avg: 27.8, Max: 47, Diff: 27, Sum: 362]
      [Scan RS (ms): Min: 17.0, Avg: 18.8, Max: 19.2, Diff: 2.2, Sum: 244.3]
      [Code Root Scanning (ms): Min: 0.0, Avg: 0.0, Max: 0.0, Diff: 0.0, Sum: 0.0]
      [Object Copy (ms): Min: 121.3, Avg: 121.5, Max: 121.7, Diff: 0.3, Sum: 1579.2]
      [Termination (ms): Min: 0.0, Avg: 0.0, Max: 0.0, Diff: 0.0, Sum: 0.1]
      [GC Worker Other (ms): Min: 0.0, Avg: 0.1, Max: 0.1, Diff: 0.1, Sum: 0.7]
      [GC Worker Total (ms): Min: 163.4, Avg: 163.5, Max: 163.6, Diff: 0.2, Sum: 2125.3]
      [GC Worker End (ms): Min: 81615.0, Avg: 81615.1, Max: 81615.1, Diff: 0.1]
   [Code Root Fixup: 0.4 ms]
   [Code Root Migration: 0.0 ms]
   [Clear CT: 3.0 ms]
   [Other: 16.6 ms]
      [Choose CSet: 0.0 ms]
      [Ref Proc: 8.3 ms]
      [Ref Enq: 1.0 ms]
      [Free CSet: 0.7 ms]
   [Eden: 1216.0M(1216.0M)->0.0B(2336.0M) Survivors: 352.0M->208.0M Heap: 11.5G(24.0G)->10.5G(24.0G)]
 [Times: user=2.17 sys=0.00, real=0.18 secs] 
2014-04-07T18:27:59.975+0900: 81.635: [GC concurrent-root-region-scan-start]
2014-04-07T18:28:00.028+0900: 81.688: [GC concurrent-root-region-scan-end, 0.0528232 secs]
2014-04-07T18:28:00.028+0900: 81.688: [GC concurrent-mark-start]
2014-04-07T18:28:01.955+0900: 83.615: [GC concurrent-mark-end, 1.9268783 secs]
2014-04-07T18:28:01.956+0900: 83.616: [GC remark 83.648: [GC ref-proc, 0.0129285 secs], 0.0728807 secs]
 [Times: user=0.69 sys=0.00, real=0.07 secs] 
2014-04-07T18:28:02.031+0900: 83.691: [GC cleanup 12G->12G(24G), 0.0233742 secs]
 [Times: user=0.29 sys=0.00, real=0.02 secs] 
2014-04-07T18:28:02.054+0900: 83.714: [GC concurrent-cleanup-start]
2014-04-07T18:28:02.054+0900: 83.714: [GC concurrent-cleanup-end, 0.0000861 secs]
2014-04-07T18:28:02.573+0900: 84.233: [GC pause (G1 Evacuation Pause) (young), 0.4211903 secs]
   [Parallel Time: 394.1 ms, GC Workers: 13]
      [GC Worker Start (ms): Min: 84233.2, Avg: 84233.2, Max: 84233.3, Diff: 0.1]
      [Ext Root Scanning (ms): Min: 0.9, Avg: 1.5, Max: 2.1, Diff: 1.3, Sum: 18.9]
      [Update RS (ms): Min: 70.4, Avg: 81.4, Max: 116.8, Diff: 46.3, Sum: 1058.0]
         [Processed Buffers: Min: 8, Avg: 28.6, Max: 47, Diff: 39, Sum: 372]
      [Scan RS (ms): Min: 10.2, Avg: 45.3, Max: 56.2, Diff: 46.0, Sum: 589.4]
      [Code Root Scanning (ms): Min: 0.0, Avg: 0.0, Max: 0.0, Diff: 0.0, Sum: 0.2]
      [Object Copy (ms): Min: 263.6, Avg: 265.5, Max: 268.5, Diff: 4.9, Sum: 3451.0]
      [Termination (ms): Min: 0.0, Avg: 0.1, Max: 0.2, Diff: 0.2, Sum: 1.3]
      [GC Worker Other (ms): Min: 0.0, Avg: 0.0, Max: 0.1, Diff: 0.1, Sum: 0.6]
      [GC Worker Total (ms): Min: 393.7, Avg: 393.8, Max: 393.9, Diff: 0.1, Sum: 5119.5]
      [GC Worker End (ms): Min: 84627.0, Avg: 84627.1, Max: 84627.1, Diff: 0.1]
   [Code Root Fixup: 0.3 ms]
   [Code Root Migration: 0.0 ms]
   [Clear CT: 2.9 ms]
   [Other: 23.8 ms]
      [Choose CSet: 0.0 ms]
      [Ref Proc: 15.2 ms]
      [Ref Enq: 1.4 ms]
      [Free CSet: 1.3 ms]
   [Eden: 2336.0M(2336.0M)->0.0B(896.0M) Survivors: 208.0M->320.0M Heap: 12.8G(24.0G)->10.9G(24.0G)]
 [Times: user=4.55 sys=0.22, real=0.42 secs] 
2014-04-07T18:28:03.797+0900: 85.457: [GC pause (G1 Evacuation Pause) (mixed), 0.2960210 secs]
   [Parallel Time: 276.1 ms, GC Workers: 13]
      [GC Worker Start (ms): Min: 85457.7, Avg: 85457.8, Max: 85457.8, Diff: 0.2]
      [Ext Root Scanning (ms): Min: 1.4, Avg: 1.5, Max: 2.3, Diff: 0.9, Sum: 19.5]
      [Update RS (ms): Min: 14.5, Avg: 15.7, Max: 18.0, Diff: 3.4, Sum: 204.7]
         [Processed Buffers: Min: 10, Avg: 23.7, Max: 36, Diff: 26, Sum: 308]
      [Scan RS (ms): Min: 43.8, Avg: 46.0, Max: 46.6, Diff: 2.8, Sum: 598.5]
      [Code Root Scanning (ms): Min: 0.0, Avg: 0.0, Max: 0.0, Diff: 0.0, Sum: 0.1]
      [Object Copy (ms): Min: 212.2, Avg: 212.4, Max: 212.6, Diff: 0.4, Sum: 2761.1]
      [Termination (ms): Min: 0.0, Avg: 0.1, Max: 0.1, Diff: 0.1, Sum: 0.7]
      [GC Worker Other (ms): Min: 0.0, Avg: 0.0, Max: 0.1, Diff: 0.1, Sum: 0.6]
      [GC Worker Total (ms): Min: 275.7, Avg: 275.8, Max: 275.9, Diff: 0.2, Sum: 3585.1]
      [GC Worker End (ms): Min: 85733.5, Avg: 85733.5, Max: 85733.6, Diff: 0.1]
   [Code Root Fixup: 0.4 ms]
   [Code Root Migration: 0.0 ms]
   [Clear CT: 3.2 ms]
   [Other: 16.3 ms]
      [Choose CSet: 0.2 ms]
      [Ref Proc: 5.8 ms]
      [Ref Enq: 0.5 ms]
      [Free CSet: 1.5 ms]
   [Eden: 896.0M(896.0M)->0.0B(1056.0M) Survivors: 320.0M->160.0M Heap: 11.8G(24.0G)->10.6G(24.0G)]
 [Times: user=3.63 sys=0.00, real=0.30 secs] 
2014-04-07T18:28:05.080+0900: 86.740: [GC pause (G1 Evacuation Pause) (mixed), 0.1749602 secs]
   [Parallel Time: 158.8 ms, GC Workers: 13]
      [GC Worker Start (ms): Min: 86740.7, Avg: 86740.8, Max: 86740.8, Diff: 0.1]
      [Ext Root Scanning (ms): Min: 1.3, Avg: 1.4, Max: 1.9, Diff: 0.7, Sum: 17.6]
      [Update RS (ms): Min: 13.6, Avg: 14.3, Max: 15.1, Diff: 1.5, Sum: 186.1]
         [Processed Buffers: Min: 15, Avg: 24.7, Max: 35, Diff: 20, Sum: 321]
      [Scan RS (ms): Min: 16.0, Avg: 16.7, Max: 17.2, Diff: 1.3, Sum: 217.5]
      [Code Root Scanning (ms): Min: 0.0, Avg: 0.0, Max: 0.0, Diff: 0.0, Sum: 0.0]
      [Object Copy (ms): Min: 125.0, Avg: 125.3, Max: 126.3, Diff: 1.3, Sum: 1629.0]
      [Termination (ms): Min: 0.0, Avg: 0.8, Max: 1.0, Diff: 1.0, Sum: 10.8]
      [GC Worker Other (ms): Min: 0.0, Avg: 0.0, Max: 0.1, Diff: 0.1, Sum: 0.5]
      [GC Worker Total (ms): Min: 158.5, Avg: 158.6, Max: 158.6, Diff: 0.1, Sum: 2061.5]
      [GC Worker End (ms): Min: 86899.3, Avg: 86899.3, Max: 86899.4, Diff: 0.1]
   [Code Root Fixup: 0.4 ms]
   [Code Root Migration: 0.0 ms]
   [Clear CT: 3.1 ms]
   [Other: 12.6 ms]
      [Choose CSet: 0.1 ms]
      [Ref Proc: 6.9 ms]
      [Ref Enq: 0.7 ms]
      [Free CSet: 0.8 ms]
   [Eden: 1056.0M(1056.0M)->0.0B(1056.0M) Survivors: 160.0M->160.0M Heap: 11.6G(24.0G)->10.7G(24.0G)]
 [Times: user=2.09 sys=0.01, real=0.17 secs] 
2014-04-07T18:28:06.144+0900: 87.804: [GC pause (G1 Evacuation Pause) (young), 0.1214107 secs]
   [Parallel Time: 107.4 ms, GC Workers: 13]
      [GC Worker Start (ms): Min: 87804.3, Avg: 87804.4, Max: 87804.5, Diff: 0.1]
      [Ext Root Scanning (ms): Min: 1.3, Avg: 1.5, Max: 2.0, Diff: 0.6, Sum: 19.2]
      [Update RS (ms): Min: 18.5, Avg: 19.2, Max: 21.0, Diff: 2.5, Sum: 249.0]
         [Processed Buffers: Min: 20, Avg: 28.4, Max: 52, Diff: 32, Sum: 369]
      [Scan RS (ms): Min: 6.4, Avg: 8.2, Max: 8.8, Diff: 2.4, Sum: 106.5]
      [Code Root Scanning (ms): Min: 0.0, Avg: 0.0, Max: 0.0, Diff: 0.0, Sum: 0.0]
      [Object Copy (ms): Min: 78.0, Avg: 78.3, Max: 78.5, Diff: 0.5, Sum: 1017.9]
      [Termination (ms): Min: 0.0, Avg: 0.0, Max: 0.0, Diff: 0.0, Sum: 0.0]
      [GC Worker Other (ms): Min: 0.0, Avg: 0.0, Max: 0.1, Diff: 0.1, Sum: 0.5]
      [GC Worker Total (ms): Min: 107.1, Avg: 107.2, Max: 107.2, Diff: 0.1, Sum: 1393.1]
      [GC Worker End (ms): Min: 87911.5, Avg: 87911.6, Max: 87911.6, Diff: 0.1]
   [Code Root Fixup: 0.4 ms]
   [Code Root Migration: 0.0 ms]
   [Clear CT: 2.6 ms]
   [Other: 11.0 ms]
      [Choose CSet: 0.0 ms]
      [Ref Proc: 6.8 ms]
      [Ref Enq: 0.7 ms]
      [Free CSet: 0.5 ms]
   [Eden: 1056.0M(1056.0M)->0.0B(1392.0M) Survivors: 160.0M->160.0M Heap: 11.7G(24.0G)->10.9G(24.0G)]
 [Times: user=1.43 sys=0.00, real=0.12 secs] 
2014-04-07T18:28:07.416+0900: 89.076: [GC pause (G1 Evacuation Pause) (young) (initial-mark), 0.1834706 secs]
   [Parallel Time: 164.7 ms, GC Workers: 13]
      [GC Worker Start (ms): Min: 89077.0, Avg: 89077.1, Max: 89077.2, Diff: 0.2]
      [Ext Root Scanning (ms): Min: 1.1, Avg: 1.4, Max: 3.8, Diff: 2.7, Sum: 18.4]
      [Code Root Marking (ms): Min: 0.0, Avg: 0.7, Max: 6.3, Diff: 6.3, Sum: 9.2]
      [Update RS (ms): Min: 28.8, Avg: 45.2, Max: 79.0, Diff: 50.2, Sum: 587.4]
         [Processed Buffers: Min: 2, Avg: 27.2, Max: 63, Diff: 61, Sum: 353]
      [Scan RS (ms): Min: 0.0, Avg: 6.8, Max: 12.0, Diff: 12.0, Sum: 88.1]
      [Code Root Scanning (ms): Min: 0.0, Avg: 0.0, Max: 0.0, Diff: 0.0, Sum: 0.0]
      [Object Copy (ms): Min: 84.0, Avg: 110.3, Max: 116.2, Diff: 32.2, Sum: 1434.1]
      [Termination (ms): Min: 0.0, Avg: 0.0, Max: 0.0, Diff: 0.0, Sum: 0.3]
      [GC Worker Other (ms): Min: 0.0, Avg: 0.0, Max: 0.1, Diff: 0.1, Sum: 0.6]
      [GC Worker Total (ms): Min: 164.4, Avg: 164.5, Max: 164.6, Diff: 0.2, Sum: 2138.1]
      [GC Worker End (ms): Min: 89241.5, Avg: 89241.6, Max: 89241.6, Diff: 0.1]
   [Code Root Fixup: 0.4 ms]
   [Code Root Migration: 0.0 ms]
   [Clear CT: 3.1 ms]
   [Other: 15.2 ms]
      [Choose CSet: 0.0 ms]
      [Ref Proc: 9.6 ms]
      [Ref Enq: 1.2 ms]
      [Free CSet: 0.6 ms]
   [Eden: 1392.0M(1392.0M)->0.0B(1296.0M) Survivors: 160.0M->208.0M Heap: 12.3G(24.0G)->11.2G(24.0G)]
 [Times: user=2.18 sys=0.00, real=0.18 secs] 
2014-04-07T18:28:07.600+0900: 89.260: [GC concurrent-root-region-scan-start]
2014-04-07T18:28:07.641+0900: 89.301: [GC concurrent-root-region-scan-end, 0.0411452 secs]
2014-04-07T18:28:07.641+0900: 89.301: [GC concurrent-mark-start]
2014-04-07T18:28:09.066+0900: 90.726: [GC pause (G1 Evacuation Pause) (young), 0.1524163 secs]
   [Parallel Time: 135.1 ms, GC Workers: 13]
      [GC Worker Start (ms): Min: 90726.0, Avg: 90726.1, Max: 90726.2, Diff: 0.1]
      [Ext Root Scanning (ms): Min: 1.3, Avg: 1.4, Max: 1.7, Diff: 0.4, Sum: 18.6]
      [SATB Filtering (ms): Min: 0.0, Avg: 0.2, Max: 2.3, Diff: 2.3, Sum: 2.3]
      [Update RS (ms): Min: 15.3, Avg: 17.8, Max: 19.4, Diff: 4.1, Sum: 230.9]
         [Processed Buffers: Min: 17, Avg: 24.5, Max: 35, Diff: 18, Sum: 319]
      [Scan RS (ms): Min: 9.4, Avg: 10.9, Max: 11.4, Diff: 2.0, Sum: 141.5]
      [Code Root Scanning (ms): Min: 0.0, Avg: 0.0, Max: 0.0, Diff: 0.0, Sum: 0.0]
      [Object Copy (ms): Min: 104.3, Avg: 104.5, Max: 104.6, Diff: 0.3, Sum: 1358.6]
      [Termination (ms): Min: 0.0, Avg: 0.0, Max: 0.0, Diff: 0.0, Sum: 0.2]
      [GC Worker Other (ms): Min: 0.0, Avg: 0.0, Max: 0.1, Diff: 0.1, Sum: 0.6]
      [GC Worker Total (ms): Min: 134.7, Avg: 134.8, Max: 134.9, Diff: 0.2, Sum: 1752.7]
      [GC Worker End (ms): Min: 90860.9, Avg: 90860.9, Max: 90861.0, Diff: 0.1]
   [Code Root Fixup: 0.3 ms]
   [Code Root Migration: 0.0 ms]
   [Clear CT: 3.2 ms]
   [Other: 13.8 ms]
      [Choose CSet: 0.0 ms]
      [Ref Proc: 8.2 ms]
      [Ref Enq: 1.0 ms]
      [Free CSet: 0.7 ms]
   [Eden: 1296.0M(1296.0M)->0.0B(1984.0M) Survivors: 208.0M->192.0M Heap: 12.5G(24.0G)->11.5G(24.0G)]
 [Times: user=1.80 sys=0.00, real=0.15 secs] 
2014-04-07T18:28:09.884+0900: 91.544: [GC concurrent-mark-end, 2.2424848 secs]
2014-04-07T18:28:09.885+0900: 91.546: [GC remark 91.573: [GC ref-proc, 0.0131884 secs], 0.0733572 secs]
 [Times: user=0.70 sys=0.00, real=0.07 secs] 
2014-04-07T18:28:09.961+0900: 91.621: [GC cleanup 12G->12G(24G), 0.0295020 secs]
 [Times: user=0.37 sys=0.00, real=0.02 secs] 
2014-04-07T18:28:11.169+0900: 92.829: [GC pause (G1 Evacuation Pause) (young), 0.2123043 secs]
   [Parallel Time: 188.0 ms, GC Workers: 13]
      [GC Worker Start (ms): Min: 92829.8, Avg: 92829.8, Max: 92829.9, Diff: 0.1]
      [Ext Root Scanning (ms): Min: 0.8, Avg: 1.2, Max: 2.0, Diff: 1.2, Sum: 15.8]
      [Update RS (ms): Min: 21.4, Avg: 22.0, Max: 22.7, Diff: 1.3, Sum: 285.6]
         [Processed Buffers: Min: 20, Avg: 29.7, Max: 41, Diff: 21, Sum: 386]
      [Scan RS (ms): Min: 12.1, Avg: 12.9, Max: 13.8, Diff: 1.7, Sum: 168.1]
      [Code Root Scanning (ms): Min: 0.0, Avg: 0.0, Max: 0.0, Diff: 0.0, Sum: 0.0]
      [Object Copy (ms): Min: 150.7, Avg: 151.6, Max: 152.3, Diff: 1.6, Sum: 1970.4]
      [Termination (ms): Min: 0.0, Avg: 0.0, Max: 0.0, Diff: 0.0, Sum: 0.1]
      [GC Worker Other (ms): Min: 0.0, Avg: 0.1, Max: 0.1, Diff: 0.1, Sum: 0.7]
      [GC Worker Total (ms): Min: 187.6, Avg: 187.7, Max: 187.8, Diff: 0.2, Sum: 2440.7]
      [GC Worker End (ms): Min: 93017.6, Avg: 93017.6, Max: 93017.6, Diff: 0.1]
   [Code Root Fixup: 0.4 ms]
   [Code Root Migration: 0.0 ms]
   [Clear CT: 3.6 ms]
   [Other: 20.2 ms]
      [Choose CSet: 0.0 ms]
      [Ref Proc: 13.1 ms]
      [Ref Enq: 1.4 ms]
      [Free CSet: 1.1 ms]
   [Eden: 1984.0M(1984.0M)->0.0B(944.0M) Survivors: 192.0M->272.0M Heap: 13.4G(24.0G)->11.8G(24.0G)]
 [Times: user=2.31 sys=0.19, real=0.22 secs] 
2014-04-07T18:28:12.181+0900: 93.841: [GC pause (G1 Evacuation Pause) (mixed), 0.1869983 secs]
   [Parallel Time: 167.4 ms, GC Workers: 13]
      [GC Worker Start (ms): Min: 93841.8, Avg: 93841.9, Max: 93842.0, Diff: 0.1]
      [Ext Root Scanning (ms): Min: 0.9, Avg: 1.4, Max: 2.1, Diff: 1.2, Sum: 18.7]
      [Update RS (ms): Min: 14.4, Avg: 15.4, Max: 16.0, Diff: 1.6, Sum: 199.6]
         [Processed Buffers: Min: 17, Avg: 24.2, Max: 31, Diff: 14, Sum: 315]
      [Scan RS (ms): Min: 30.3, Avg: 30.9, Max: 31.4, Diff: 1.0, Sum: 401.6]
      [Code Root Scanning (ms): Min: 0.0, Avg: 0.0, Max: 0.0, Diff: 0.0, Sum: 0.0]
      [Object Copy (ms): Min: 119.3, Avg: 119.4, Max: 120.0, Diff: 0.7, Sum: 1552.5]
      [Termination (ms): Min: 0.0, Avg: 0.0, Max: 0.0, Diff: 0.0, Sum: 0.1]
      [GC Worker Other (ms): Min: 0.0, Avg: 0.0, Max: 0.1, Diff: 0.1, Sum: 0.5]
      [GC Worker Total (ms): Min: 167.1, Avg: 167.2, Max: 167.2, Diff: 0.1, Sum: 2173.1]
      [GC Worker End (ms): Min: 94009.1, Avg: 94009.1, Max: 94009.1, Diff: 0.1]
   [Code Root Fixup: 0.3 ms]
   [Code Root Migration: 0.0 ms]
   [Clear CT: 3.3 ms]
   [Other: 15.8 ms]
      [Choose CSet: 0.3 ms]
      [Ref Proc: 6.8 ms]
      [Ref Enq: 1.1 ms]
      [Free CSet: 1.4 ms]
   [Eden: 944.0M(944.0M)->0.0B(1056.0M) Survivors: 272.0M->160.0M Heap: 12.8G(24.0G)->11.5G(24.0G)]
 [Times: user=2.22 sys=0.00, real=0.19 secs] 
2014-04-07T18:28:13.287+0900: 94.947: [GC pause (G1 Evacuation Pause) (mixed), 0.1488207 secs]
   [Parallel Time: 131.4 ms, GC Workers: 13]
      [GC Worker Start (ms): Min: 94947.3, Avg: 94947.3, Max: 94947.4, Diff: 0.1]
      [Ext Root Scanning (ms): Min: 1.2, Avg: 1.4, Max: 2.1, Diff: 0.9, Sum: 17.6]
      [Update RS (ms): Min: 18.1, Avg: 27.1, Max: 69.3, Diff: 51.2, Sum: 352.5]
         [Processed Buffers: Min: 3, Avg: 25.1, Max: 50, Diff: 47, Sum: 326]
      [Scan RS (ms): Min: 0.0, Avg: 13.4, Max: 18.2, Diff: 18.2, Sum: 174.3]
      [Code Root Scanning (ms): Min: 0.0, Avg: 0.0, Max: 0.0, Diff: 0.0, Sum: 0.0]
      [Object Copy (ms): Min: 60.6, Avg: 89.3, Max: 93.3, Diff: 32.7, Sum: 1160.3]
      [Termination (ms): Min: 0.0, Avg: 0.0, Max: 0.0, Diff: 0.0, Sum: 0.2]
      [GC Worker Other (ms): Min: 0.0, Avg: 0.0, Max: 0.1, Diff: 0.1, Sum: 0.5]
      [GC Worker Total (ms): Min: 131.1, Avg: 131.2, Max: 131.3, Diff: 0.2, Sum: 1705.5]
      [GC Worker End (ms): Min: 95078.5, Avg: 95078.5, Max: 95078.6, Diff: 0.1]
   [Code Root Fixup: 0.4 ms]
   [Code Root Migration: 0.0 ms]
   [Clear CT: 3.4 ms]
   [Other: 13.5 ms]
      [Choose CSet: 0.1 ms]
      [Ref Proc: 7.6 ms]
      [Ref Enq: 1.1 ms]
      [Free CSet: 0.9 ms]
   [Eden: 1056.0M(1056.0M)->0.0B(2880.0M) Survivors: 160.0M->160.0M Heap: 12.5G(24.0G)->11.5G(24.0G)]
 [Times: user=1.74 sys=0.02, real=0.15 secs] 
2014-04-07T18:28:15.881+0900: 97.541: [GC pause (G1 Evacuation Pause) (young), 0.2745770 secs]
   [Parallel Time: 240.2 ms, GC Workers: 13]
      [GC Worker Start (ms): Min: 97541.9, Avg: 97542.0, Max: 97542.1, Diff: 0.1]
      [Ext Root Scanning (ms): Min: 0.9, Avg: 1.2, Max: 1.7, Diff: 0.8, Sum: 15.7]
      [Update RS (ms): Min: 19.2, Avg: 19.9, Max: 21.5, Diff: 2.3, Sum: 258.3]
         [Processed Buffers: Min: 15, Avg: 26.1, Max: 47, Diff: 32, Sum: 339]
      [Scan RS (ms): Min: 15.5, Avg: 17.2, Max: 17.8, Diff: 2.3, Sum: 223.0]
      [Code Root Scanning (ms): Min: 0.0, Avg: 0.0, Max: 0.0, Diff: 0.0, Sum: 0.1]
      [Object Copy (ms): Min: 199.8, Avg: 200.7, Max: 201.5, Diff: 1.6, Sum: 2609.7]
      [Termination (ms): Min: 0.0, Avg: 0.8, Max: 0.9, Diff: 0.9, Sum: 10.2]
      [GC Worker Other (ms): Min: 0.0, Avg: 0.0, Max: 0.1, Diff: 0.1, Sum: 0.4]
      [GC Worker Total (ms): Min: 239.3, Avg: 239.8, Max: 240.1, Diff: 0.8, Sum: 3117.5]
      [GC Worker End (ms): Min: 97781.4, Avg: 97781.8, Max: 97782.1, Diff: 0.7]
   [Code Root Fixup: 0.3 ms]
   [Code Root Migration: 0.1 ms]
   [Clear CT: 4.4 ms]
   [Other: 29.6 ms]
      [Choose CSet: 0.0 ms]
      [Ref Proc: 19.8 ms]
      [Ref Enq: 1.9 ms]
      [Free CSet: 1.7 ms]
   [Eden: 2880.0M(2880.0M)->0.0B(928.0M) Survivors: 160.0M->384.0M Heap: 14.4G(24.0G)->12.1G(24.0G)]
 [Times: user=2.97 sys=0.22, real=0.27 secs] 
2014-04-07T18:28:17.031+0900: 98.691: [GC pause (G1 Evacuation Pause) (young) (initial-mark), 0.1589610 secs]
   [Parallel Time: 141.1 ms, GC Workers: 13]
      [GC Worker Start (ms): Min: 98691.8, Avg: 98691.8, Max: 98691.9, Diff: 0.1]
      [Ext Root Scanning (ms): Min: 1.1, Avg: 1.5, Max: 4.0, Diff: 2.9, Sum: 19.0]
      [Code Root Marking (ms): Min: 0.1, Avg: 0.6, Max: 4.5, Diff: 4.4, Sum: 7.5]
      [Update RS (ms): Min: 13.0, Avg: 17.2, Max: 21.1, Diff: 8.1, Sum: 223.4]
         [Processed Buffers: Min: 14, Avg: 24.5, Max: 43, Diff: 29, Sum: 319]
      [Scan RS (ms): Min: 15.4, Avg: 18.5, Max: 19.2, Diff: 3.7, Sum: 241.0]
      [Code Root Scanning (ms): Min: 0.0, Avg: 0.0, Max: 0.0, Diff: 0.0, Sum: 0.0]
      [Object Copy (ms): Min: 102.8, Avg: 103.0, Max: 103.6, Diff: 0.8, Sum: 1339.4]
      [Termination (ms): Min: 0.0, Avg: 0.0, Max: 0.0, Diff: 0.0, Sum: 0.0]
      [GC Worker Other (ms): Min: 0.0, Avg: 0.0, Max: 0.1, Diff: 0.1, Sum: 0.5]
      [GC Worker Total (ms): Min: 140.8, Avg: 140.8, Max: 140.9, Diff: 0.1, Sum: 1830.9]
      [GC Worker End (ms): Min: 98832.6, Avg: 98832.7, Max: 98832.7, Diff: 0.1]
   [Code Root Fixup: 0.4 ms]
   [Code Root Migration: 0.0 ms]
   [Clear CT: 3.3 ms]
   [Other: 14.1 ms]
      [Choose CSet: 0.0 ms]
      [Ref Proc: 6.4 ms]
      [Ref Enq: 0.7 ms]
      [Free CSet: 0.7 ms]
   [Eden: 928.0M(928.0M)->0.0B(2656.0M) Survivors: 384.0M->176.0M Heap: 13.0G(24.0G)->12.3G(24.0G)]
 [Times: user=1.88 sys=0.00, real=0.16 secs] 
2014-04-07T18:28:17.190+0900: 98.850: [GC concurrent-root-region-scan-start]
2014-04-07T18:28:17.241+0900: 98.902: [GC concurrent-root-region-scan-end, 0.0512170 secs]
2014-04-07T18:28:17.242+0900: 98.902: [GC concurrent-mark-start]
2014-04-07T18:28:19.587+0900: 101.247: [GC concurrent-mark-end, 2.3455282 secs]
2014-04-07T18:28:19.589+0900: 101.249: [GC remark 101.276: [GC ref-proc, 0.0125122 secs], 0.0748835 secs]
 [Times: user=0.73 sys=0.00, real=0.08 secs] 
2014-04-07T18:28:19.665+0900: 101.325: [GC cleanup 14G->14G(24G), 0.0320059 secs]
 [Times: user=0.40 sys=0.00, real=0.03 secs] 
2014-04-07T18:28:19.698+0900: 101.358: [GC concurrent-cleanup-start]
2014-04-07T18:28:19.698+0900: 101.358: [GC concurrent-cleanup-end, 0.0000774 secs]
2014-04-07T18:28:20.230+0900: 101.890: [GC pause (G1 Evacuation Pause) (young), 0.2029008 secs]
   [Parallel Time: 182.2 ms, GC Workers: 13]
      [GC Worker Start (ms): Min: 101891.0, Avg: 101891.1, Max: 101891.1, Diff: 0.1]
      [Ext Root Scanning (ms): Min: 1.4, Avg: 1.5, Max: 2.0, Diff: 0.6, Sum: 19.6]
      [Update RS (ms): Min: 29.3, Avg: 50.8, Max: 80.7, Diff: 51.4, Sum: 660.9]
         [Processed Buffers: Min: 9, Avg: 29.6, Max: 58, Diff: 49, Sum: 385]
      [Scan RS (ms): Min: 0.0, Avg: 10.9, Max: 23.5, Diff: 23.5, Sum: 142.3]
      [Code Root Scanning (ms): Min: 0.0, Avg: 0.0, Max: 0.0, Diff: 0.0, Sum: 0.1]
      [Object Copy (ms): Min: 99.0, Avg: 118.2, Max: 127.7, Diff: 28.7, Sum: 1536.3]
      [Termination (ms): Min: 0.0, Avg: 0.0, Max: 0.0, Diff: 0.0, Sum: 0.5]
      [GC Worker Other (ms): Min: 0.0, Avg: 0.0, Max: 0.0, Diff: 0.0, Sum: 0.4]
      [GC Worker Total (ms): Min: 180.5, Avg: 181.5, Max: 182.0, Diff: 1.5, Sum: 2359.9]
      [GC Worker End (ms): Min: 102071.6, Avg: 102072.6, Max: 102073.0, Diff: 1.5]
   [Code Root Fixup: 0.4 ms]
   [Code Root Migration: 0.0 ms]
   [Clear CT: 3.7 ms]
   [Other: 16.6 ms]
      [Choose CSet: 0.0 ms]
      [Ref Proc: 8.6 ms]
      [Ref Enq: 1.9 ms]
      [Free CSet: 1.2 ms]
   [Eden: 2656.0M(2656.0M)->0.0B(848.0M) Survivors: 176.0M->368.0M Heap: 14.8G(24.0G)->12.7G(24.0G)]
 [Times: user=2.31 sys=0.10, real=0.21 secs] 
2014-04-07T18:28:21.253+0900: 102.914: [GC pause (G1 Evacuation Pause) (mixed), 0.1578334 secs]
   [Parallel Time: 143.6 ms, GC Workers: 13]
      [GC Worker Start (ms): Min: 102914.1, Avg: 102914.2, Max: 102914.2, Diff: 0.1]
      [Ext Root Scanning (ms): Min: 1.1, Avg: 1.4, Max: 2.4, Diff: 1.3, Sum: 17.7]
      [Update RS (ms): Min: 17.9, Avg: 18.2, Max: 19.0, Diff: 1.1, Sum: 237.2]
         [Processed Buffers: Min: 17, Avg: 24.3, Max: 39, Diff: 22, Sum: 316]
      [Scan RS (ms): Min: 33.5, Avg: 34.1, Max: 34.5, Diff: 1.1, Sum: 442.8]
      [Code Root Scanning (ms): Min: 0.0, Avg: 0.0, Max: 0.0, Diff: 0.0, Sum: 0.0]
      [Object Copy (ms): Min: 89.1, Avg: 89.6, Max: 89.9, Diff: 0.8, Sum: 1164.9]
      [Termination (ms): Min: 0.0, Avg: 0.0, Max: 0.0, Diff: 0.0, Sum: 0.0]
      [GC Worker Other (ms): Min: 0.0, Avg: 0.0, Max: 0.1, Diff: 0.1, Sum: 0.6]
      [GC Worker Total (ms): Min: 143.2, Avg: 143.3, Max: 143.4, Diff: 0.2, Sum: 1863.3]
      [GC Worker End (ms): Min: 103057.5, Avg: 103057.5, Max: 103057.5, Diff: 0.1]
   [Code Root Fixup: 0.2 ms]
   [Code Root Migration: 0.0 ms]
   [Clear CT: 3.5 ms]
   [Other: 10.5 ms]
      [Choose CSet: 0.2 ms]
      [Ref Proc: 1.0 ms]
      [Ref Enq: 0.0 ms]
      [Free CSet: 1.4 ms]
   [Eden: 848.0M(848.0M)->0.0B(1056.0M) Survivors: 368.0M->160.0M Heap: 13.5G(24.0G)->12.4G(24.0G)]
 [Times: user=1.91 sys=0.00, real=0.15 secs] 
2014-04-07T18:28:22.427+0900: 104.088: [GC pause (G1 Evacuation Pause) (mixed), 0.0940037 secs]
   [Parallel Time: 84.3 ms, GC Workers: 13]
      [GC Worker Start (ms): Min: 104088.1, Avg: 104088.2, Max: 104088.3, Diff: 0.1]
      [Ext Root Scanning (ms): Min: 1.3, Avg: 1.4, Max: 2.0, Diff: 0.7, Sum: 18.4]
      [Update RS (ms): Min: 17.7, Avg: 18.2, Max: 19.4, Diff: 1.7, Sum: 236.2]
         [Processed Buffers: Min: 20, Avg: 25.2, Max: 35, Diff: 15, Sum: 327]
      [Scan RS (ms): Min: 16.0, Avg: 17.0, Max: 17.4, Diff: 1.3, Sum: 220.7]
      [Code Root Scanning (ms): Min: 0.0, Avg: 0.0, Max: 0.0, Diff: 0.0, Sum: 0.1]
      [Object Copy (ms): Min: 47.1, Avg: 47.3, Max: 47.6, Diff: 0.5, Sum: 615.5]
      [Termination (ms): Min: 0.0, Avg: 0.0, Max: 0.0, Diff: 0.0, Sum: 0.2]
      [GC Worker Other (ms): Min: 0.0, Avg: 0.0, Max: 0.1, Diff: 0.1, Sum: 0.5]
      [GC Worker Total (ms): Min: 83.9, Avg: 84.0, Max: 84.1, Diff: 0.2, Sum: 1091.6]
      [GC Worker End (ms): Min: 104172.1, Avg: 104172.2, Max: 104172.2, Diff: 0.1]
   [Code Root Fixup: 0.4 ms]
   [Code Root Migration: 0.1 ms]
   [Clear CT: 3.8 ms]
   [Other: 5.5 ms]
      [Choose CSet: 0.2 ms]
      [Ref Proc: 0.3 ms]
      [Ref Enq: 0.0 ms]
      [Free CSet: 0.8 ms]
   [Eden: 1056.0M(1056.0M)->0.0B(5232.0M) Survivors: 160.0M->160.0M Heap: 13.5G(24.0G)->12.4G(24.0G)]
 [Times: user=1.13 sys=0.00, real=0.09 secs] 
2014-04-07T18:28:49.198+0900: 130.858: [GC pause (G1 Humongous Allocation) (young) (initial-mark), 0.0600712 secs]
   [Parallel Time: 50.8 ms, GC Workers: 13]
      [GC Worker Start (ms): Min: 130859.0, Avg: 130859.3, Max: 130859.5, Diff: 0.6]
      [Ext Root Scanning (ms): Min: 0.9, Avg: 1.3, Max: 3.1, Diff: 2.2, Sum: 17.1]
      [Code Root Marking (ms): Min: 0.0, Avg: 0.7, Max: 6.4, Diff: 6.4, Sum: 9.4]
      [Update RS (ms): Min: 11.6, Avg: 17.0, Max: 18.2, Diff: 6.6, Sum: 221.4]
         [Processed Buffers: Min: 20, Avg: 28.0, Max: 55, Diff: 35, Sum: 364]
      [Scan RS (ms): Min: 4.2, Avg: 4.6, Max: 4.9, Diff: 0.7, Sum: 59.3]
      [Code Root Scanning (ms): Min: 0.0, Avg: 0.0, Max: 0.0, Diff: 0.0, Sum: 0.1]
      [Object Copy (ms): Min: 25.4, Avg: 25.8, Max: 28.1, Diff: 2.7, Sum: 335.6]
      [Termination (ms): Min: 0.0, Avg: 0.0, Max: 0.0, Diff: 0.0, Sum: 0.1]
      [GC Worker Other (ms): Min: 0.0, Avg: 0.1, Max: 0.2, Diff: 0.1, Sum: 0.7]
      [GC Worker Total (ms): Min: 49.2, Avg: 49.5, Max: 49.8, Diff: 0.6, Sum: 643.6]
      [GC Worker End (ms): Min: 130908.8, Avg: 130908.8, Max: 130908.9, Diff: 0.1]
   [Code Root Fixup: 0.2 ms]
   [Code Root Migration: 0.1 ms]
   [Clear CT: 3.9 ms]
   [Other: 5.1 ms]
      [Choose CSet: 0.0 ms]
      [Ref Proc: 1.1 ms]
      [Ref Enq: 0.0 ms]
      [Free CSet: 1.0 ms]
   [Eden: 1840.0M(5232.0M)->0.0B(7280.0M) Survivors: 160.0M->240.0M Heap: 14.2G(24.0G)->12.5G(24.0G)]
 [Times: user=0.71 sys=0.00, real=0.06 secs] 
2014-04-07T18:28:49.259+0900: 130.919: [GC concurrent-root-region-scan-start]
2014-04-07T18:28:49.276+0900: 130.936: [GC concurrent-root-region-scan-end, 0.0174929 secs]
2014-04-07T18:28:49.276+0900: 130.936: [GC concurrent-mark-start]
2014-04-07T18:28:51.673+0900: 133.333: [GC concurrent-mark-end, 2.3967749 secs]
2014-04-07T18:28:51.675+0900: 133.335: [GC remark 133.336: [GC ref-proc, 0.0683409 secs], 0.0950701 secs]
 [Times: user=0.43 sys=0.00, real=0.10 secs] 
2014-04-07T18:28:51.772+0900: 133.432: [GC cleanup 15G->15G(24G), 0.0304774 secs]
 [Times: user=0.39 sys=0.01, real=0.03 secs] 
2014-04-07T18:28:51.803+0900: 133.463: [GC concurrent-cleanup-start]
2014-04-07T18:28:51.803+0900: 133.463: [GC concurrent-cleanup-end, 0.0000658 secs]
2014-04-07T18:28:53.751+0900: 135.411: [GC pause (G1 Evacuation Pause) (young), 0.3158626 secs]
   [Parallel Time: 297.8 ms, GC Workers: 13]
      [GC Worker Start (ms): Min: 135411.5, Avg: 135411.8, Max: 135412.0, Diff: 0.5]
      [Ext Root Scanning (ms): Min: 0.9, Avg: 1.5, Max: 2.7, Diff: 1.8, Sum: 19.1]
      [Update RS (ms): Min: 6.3, Avg: 19.1, Max: 89.4, Diff: 83.1, Sum: 248.6]
         [Processed Buffers: Min: 20, Avg: 27.0, Max: 46, Diff: 26, Sum: 351]
      [Scan RS (ms): Min: 0.1, Avg: 32.8, Max: 39.1, Diff: 39.0, Sum: 426.9]
      [Code Root Scanning (ms): Min: 0.0, Avg: 0.0, Max: 0.0, Diff: 0.0, Sum: 0.1]
      [Object Copy (ms): Min: 205.4, Avg: 242.6, Max: 248.8, Diff: 43.4, Sum: 3154.3]
      [Termination (ms): Min: 0.0, Avg: 0.4, Max: 0.5, Diff: 0.5, Sum: 5.8]
      [GC Worker Other (ms): Min: 0.0, Avg: 0.1, Max: 0.2, Diff: 0.2, Sum: 1.0]
      [GC Worker Total (ms): Min: 296.3, Avg: 296.6, Max: 297.0, Diff: 0.7, Sum: 3855.9]
      [GC Worker End (ms): Min: 135708.3, Avg: 135708.4, Max: 135708.7, Diff: 0.4]
   [Code Root Fixup: 0.3 ms]
   [Code Root Migration: 0.2 ms]
   [Clear CT: 5.2 ms]
   [Other: 12.5 ms]
      [Choose CSet: 0.0 ms]
      [Ref Proc: 1.7 ms]
      [Ref Enq: 0.0 ms]
      [Free CSet: 2.8 ms]
   [Eden: 4656.0M(4656.0M)->0.0B(592.0M) Survivors: 240.0M->624.0M Heap: 18.4G(24.0G)->14.5G(24.0G)]
 [Times: user=3.15 sys=0.76, real=0.31 secs] 
2014-04-07T18:28:54.637+0900: 136.298: [GC pause (G1 Evacuation Pause) (mixed), 0.2420890 secs]
   [Parallel Time: 223.0 ms, GC Workers: 13]
      [GC Worker Start (ms): Min: 136298.2, Avg: 136298.5, Max: 136298.9, Diff: 0.7]
      [Ext Root Scanning (ms): Min: 0.8, Avg: 1.2, Max: 1.5, Diff: 0.7, Sum: 15.6]
      [Update RS (ms): Min: 11.4, Avg: 16.0, Max: 65.4, Diff: 54.0, Sum: 208.3]
         [Processed Buffers: Min: 13, Avg: 22.3, Max: 29, Diff: 16, Sum: 290]
      [Scan RS (ms): Min: 0.1, Avg: 46.7, Max: 51.2, Diff: 51.1, Sum: 607.1]
      [Code Root Scanning (ms): Min: 0.0, Avg: 0.0, Max: 0.1, Diff: 0.1, Sum: 0.2]
      [Object Copy (ms): Min: 155.8, Avg: 158.5, Max: 158.9, Diff: 3.1, Sum: 2060.7]
      [Termination (ms): Min: 0.0, Avg: 0.0, Max: 0.0, Diff: 0.0, Sum: 0.0]
      [GC Worker Other (ms): Min: 0.0, Avg: 0.0, Max: 0.1, Diff: 0.1, Sum: 0.6]
      [GC Worker Total (ms): Min: 222.1, Avg: 222.5, Max: 222.8, Diff: 0.7, Sum: 2892.4]
      [GC Worker End (ms): Min: 136521.0, Avg: 136521.0, Max: 136521.1, Diff: 0.1]
   [Code Root Fixup: 0.2 ms]
   [Code Root Migration: 0.1 ms]
   [Clear CT: 4.7 ms]
   [Other: 14.1 ms]
      [Choose CSet: 0.4 ms]
      [Ref Proc: 0.8 ms]
      [Ref Enq: 0.0 ms]
      [Free CSet: 2.5 ms]
   [Eden: 592.0M(592.0M)->0.0B(1056.0M) Survivors: 624.0M->160.0M Heap: 15.2G(24.0G)->14.0G(24.0G)]
 [Times: user=2.95 sys=0.00, real=0.24 secs] 
2014-04-07T18:28:55.928+0900: 137.588: [GC pause (G1 Evacuation Pause) (mixed), 0.1768427 secs]
   [Parallel Time: 160.6 ms, GC Workers: 13]
      [GC Worker Start (ms): Min: 137588.6, Avg: 137588.8, Max: 137589.0, Diff: 0.4]
      [Ext Root Scanning (ms): Min: 1.2, Avg: 1.3, Max: 2.0, Diff: 0.8, Sum: 17.5]
      [Update RS (ms): Min: 7.2, Avg: 13.0, Max: 72.2, Diff: 65.0, Sum: 168.5]
         [Processed Buffers: Min: 21, Avg: 26.8, Max: 35, Diff: 14, Sum: 349]
      [Scan RS (ms): Min: 0.0, Avg: 45.5, Max: 49.7, Diff: 49.7, Sum: 591.0]
      [Code Root Scanning (ms): Min: 0.0, Avg: 0.0, Max: 0.0, Diff: 0.0, Sum: 0.1]
      [Object Copy (ms): Min: 86.0, Avg: 99.8, Max: 101.2, Diff: 15.2, Sum: 1297.7]
      [Termination (ms): Min: 0.0, Avg: 0.2, Max: 0.2, Diff: 0.2, Sum: 2.0]
      [GC Worker Other (ms): Min: 0.0, Avg: 0.0, Max: 0.0, Diff: 0.0, Sum: 0.3]
      [GC Worker Total (ms): Min: 159.6, Avg: 159.8, Max: 160.0, Diff: 0.4, Sum: 2077.1]
      [GC Worker End (ms): Min: 137748.5, Avg: 137748.5, Max: 137748.6, Diff: 0.0]
   [Code Root Fixup: 0.3 ms]
   [Code Root Migration: 0.1 ms]
   [Clear CT: 4.1 ms]
   [Other: 11.8 ms]
      [Choose CSet: 0.5 ms]
      [Ref Proc: 0.7 ms]
      [Ref Enq: 0.0 ms]
      [Free CSet: 2.4 ms]
   [Eden: 1056.0M(1056.0M)->0.0B(1056.0M) Survivors: 160.0M->160.0M Heap: 15.4G(24.0G)->14.0G(24.0G)]
 [Times: user=2.09 sys=0.03, real=0.17 secs] 
2014-04-07T18:28:58.373+0900: 140.033: [GC pause (G1 Evacuation Pause) (mixed), 0.1530618 secs]
   [Parallel Time: 139.3 ms, GC Workers: 13]
      [GC Worker Start (ms): Min: 140034.3, Avg: 140034.5, Max: 140034.8, Diff: 0.5]
      [Ext Root Scanning (ms): Min: 1.1, Avg: 1.4, Max: 1.9, Diff: 0.8, Sum: 18.5]
      [Update RS (ms): Min: 13.9, Avg: 24.2, Max: 81.9, Diff: 68.0, Sum: 314.7]
         [Processed Buffers: Min: 14, Avg: 24.8, Max: 46, Diff: 32, Sum: 322]
      [Scan RS (ms): Min: 0.0, Avg: 33.4, Max: 39.9, Diff: 39.9, Sum: 433.8]
      [Code Root Scanning (ms): Min: 0.0, Avg: 0.0, Max: 0.0, Diff: 0.0, Sum: 0.1]
      [Object Copy (ms): Min: 55.5, Avg: 79.8, Max: 83.8, Diff: 28.3, Sum: 1037.9]
      [Termination (ms): Min: 0.0, Avg: 0.0, Max: 0.0, Diff: 0.0, Sum: 0.0]
      [GC Worker Other (ms): Min: 0.0, Avg: 0.0, Max: 0.1, Diff: 0.1, Sum: 0.5]
      [GC Worker Total (ms): Min: 138.6, Avg: 138.9, Max: 139.1, Diff: 0.6, Sum: 1805.5]
      [GC Worker End (ms): Min: 140173.4, Avg: 140173.4, Max: 140173.5, Diff: 0.1]
   [Code Root Fixup: 0.1 ms]
   [Code Root Migration: 0.1 ms]
   [Clear CT: 3.5 ms]
   [Other: 10.1 ms]
      [Choose CSet: 0.3 ms]
      [Ref Proc: 1.0 ms]
      [Ref Enq: 0.0 ms]
      [Free CSet: 1.8 ms]
   [Eden: 1056.0M(1056.0M)->0.0B(2624.0M) Survivors: 160.0M->160.0M Heap: 15.3G(24.0G)->14.2G(24.0G)]
 [Times: user=1.83 sys=0.02, real=0.15 secs] 
2014-04-07T18:29:19.740+0900: 161.400: [GC pause (G1 Evacuation Pause) (young), 0.0592366 secs]
   [Parallel Time: 50.7 ms, GC Workers: 13]
      [GC Worker Start (ms): Min: 161400.6, Avg: 161400.9, Max: 161401.2, Diff: 0.6]
      [Ext Root Scanning (ms): Min: 0.8, Avg: 1.1, Max: 1.4, Diff: 0.5, Sum: 14.4]
      [Update RS (ms): Min: 19.3, Avg: 19.5, Max: 20.4, Diff: 1.1, Sum: 254.0]
         [Processed Buffers: Min: 13, Avg: 24.8, Max: 52, Diff: 39, Sum: 322]
      [Scan RS (ms): Min: 5.4, Avg: 6.2, Max: 6.5, Diff: 1.1, Sum: 80.2]
      [Code Root Scanning (ms): Min: 0.0, Avg: 0.0, Max: 0.0, Diff: 0.0, Sum: 0.0]
      [Object Copy (ms): Min: 22.5, Avg: 22.6, Max: 22.7, Diff: 0.2, Sum: 294.0]
      [Termination (ms): Min: 0.0, Avg: 0.0, Max: 0.0, Diff: 0.0, Sum: 0.0]
      [GC Worker Other (ms): Min: 0.0, Avg: 0.1, Max: 0.3, Diff: 0.3, Sum: 1.2]
      [GC Worker Total (ms): Min: 49.2, Avg: 49.5, Max: 49.9, Diff: 0.7, Sum: 643.9]
      [GC Worker End (ms): Min: 161450.3, Avg: 161450.4, Max: 161450.6, Diff: 0.3]
   [Code Root Fixup: 0.2 ms]
   [Code Root Migration: 0.1 ms]
   [Clear CT: 3.6 ms]
   [Other: 4.7 ms]
      [Choose CSet: 0.0 ms]
      [Ref Proc: 1.3 ms]
      [Ref Enq: 0.0 ms]
      [Free CSet: 1.1 ms]
   [Eden: 2624.0M(2624.0M)->0.0B(5424.0M) Survivors: 160.0M->112.0M Heap: 16.7G(24.0G)->14.3G(24.0G)]
 [Times: user=0.69 sys=0.00, real=0.06 secs] 
2014-04-07T18:29:19.817+0900: 161.477: [GC pause (G1 Humongous Allocation) (young) (initial-mark), 0.0517021 secs]
   [Parallel Time: 48.2 ms, GC Workers: 13]
      [GC Worker Start (ms): Min: 161477.2, Avg: 161477.5, Max: 161477.7, Diff: 0.4]
      [Ext Root Scanning (ms): Min: 0.5, Avg: 1.0, Max: 2.7, Diff: 2.2, Sum: 13.6]
      [Code Root Marking (ms): Min: 0.0, Avg: 0.9, Max: 7.3, Diff: 7.2, Sum: 11.3]
      [Update RS (ms): Min: 19.4, Avg: 27.2, Max: 45.6, Diff: 26.2, Sum: 353.3]
         [Processed Buffers: Min: 3, Avg: 13.5, Max: 18, Diff: 15, Sum: 175]
      [Scan RS (ms): Min: 0.0, Avg: 0.0, Max: 0.1, Diff: 0.1, Sum: 0.1]
      [Code Root Scanning (ms): Min: 0.0, Avg: 0.0, Max: 0.0, Diff: 0.0, Sum: 0.0]
      [Object Copy (ms): Min: 0.5, Avg: 1.0, Max: 2.6, Diff: 2.1, Sum: 13.0]
      [Termination (ms): Min: 0.0, Avg: 17.2, Max: 18.6, Diff: 18.6, Sum: 223.0]
      [GC Worker Other (ms): Min: 0.0, Avg: 0.0, Max: 0.0, Diff: 0.0, Sum: 0.2]
      [GC Worker Total (ms): Min: 47.1, Avg: 47.3, Max: 47.5, Diff: 0.4, Sum: 614.6]
      [GC Worker End (ms): Min: 161524.7, Avg: 161524.7, Max: 161524.8, Diff: 0.0]
   [Code Root Fixup: 0.2 ms]
   [Code Root Migration: 0.0 ms]
   [Clear CT: 1.4 ms]
   [Other: 1.9 ms]
      [Choose CSet: 0.0 ms]
      [Ref Proc: 1.0 ms]
      [Ref Enq: 0.0 ms]
      [Free CSet: 0.1 ms]
   [Eden: 48.0M(5424.0M)->0.0B(5616.0M) Survivors: 112.0M->64.0M Heap: 14.3G(24.0G)->14.2G(24.0G)]
 [Times: user=0.62 sys=0.00, real=0.05 secs] 
2014-04-07T18:29:19.869+0900: 161.529: [GC concurrent-root-region-scan-start]
2014-04-07T18:29:19.872+0900: 161.532: [GC concurrent-root-region-scan-end, 0.0035423 secs]
2014-04-07T18:29:19.872+0900: 161.532: [GC concurrent-mark-start]
2014-04-07T18:29:21.561+0900: 163.221: [GC concurrent-mark-end, 1.6886347 secs]
2014-04-07T18:29:21.563+0900: 163.223: [GC remark 163.224: [GC ref-proc, 0.0064914 secs], 0.0340521 secs]
 [Times: user=0.28 sys=0.00, real=0.03 secs] 
2014-04-07T18:29:21.598+0900: 163.259: [GC cleanup 17G->15G(24G), 0.0295344 secs]
 [Times: user=0.36 sys=0.01, real=0.03 secs] 
2014-04-07T18:29:21.629+0900: 163.289: [GC concurrent-cleanup-start]
2014-04-07T18:29:21.631+0900: 163.291: [GC concurrent-cleanup-end, 0.0022527 secs]
2014-04-07T18:29:24.624+0900: 166.284: [GC pause (G1 Evacuation Pause) (young), 0.2383652 secs]
   [Parallel Time: 219.3 ms, GC Workers: 13]
      [GC Worker Start (ms): Min: 166284.5, Avg: 166284.7, Max: 166284.9, Diff: 0.4]
      [Ext Root Scanning (ms): Min: 0.8, Avg: 1.0, Max: 1.3, Diff: 0.5, Sum: 12.8]
      [Update RS (ms): Min: 6.2, Avg: 9.9, Max: 47.1, Diff: 40.9, Sum: 128.4]
         [Processed Buffers: Min: 13, Avg: 22.6, Max: 34, Diff: 21, Sum: 294]
      [Scan RS (ms): Min: 1.5, Avg: 38.7, Max: 42.5, Diff: 41.0, Sum: 503.3]
      [Code Root Scanning (ms): Min: 0.0, Avg: 0.0, Max: 0.0, Diff: 0.0, Sum: 0.1]
      [Object Copy (ms): Min: 168.7, Avg: 168.8, Max: 169.0, Diff: 0.3, Sum: 2194.3]
      [Termination (ms): Min: 0.0, Avg: 0.2, Max: 0.2, Diff: 0.2, Sum: 2.0]
      [GC Worker Other (ms): Min: 0.0, Avg: 0.1, Max: 0.2, Diff: 0.2, Sum: 1.2]
      [GC Worker Total (ms): Min: 218.4, Avg: 218.6, Max: 218.9, Diff: 0.5, Sum: 2842.1]
      [GC Worker End (ms): Min: 166503.3, Avg: 166503.3, Max: 166503.5, Diff: 0.2]
   [Code Root Fixup: 0.3 ms]
   [Code Root Migration: 0.1 ms]
   [Clear CT: 5.2 ms]
   [Other: 13.6 ms]
      [Choose CSet: 0.0 ms]
      [Ref Proc: 1.1 ms]
      [Ref Enq: 0.0 ms]
      [Free CSet: 3.0 ms]
   [Eden: 5616.0M(5616.0M)->0.0B(496.0M) Survivors: 64.0M->720.0M Heap: 19.5G(24.0G)->14.9G(24.0G)]
 [Times: user=2.75 sys=0.10, real=0.24 secs] 
2014-04-07T18:29:25.401+0900: 167.061: [GC pause (G1 Evacuation Pause) (mixed), 0.2730799 secs]
   [Parallel Time: 252.4 ms, GC Workers: 13]
      [GC Worker Start (ms): Min: 167061.6, Avg: 167061.9, Max: 167062.1, Diff: 0.5]
      [Ext Root Scanning (ms): Min: 0.7, Avg: 1.0, Max: 1.9, Diff: 1.2, Sum: 13.0]
      [Update RS (ms): Min: 12.7, Avg: 18.3, Max: 71.0, Diff: 58.3, Sum: 238.3]
         [Processed Buffers: Min: 7, Avg: 25.2, Max: 44, Diff: 37, Sum: 328]
      [Scan RS (ms): Min: 0.0, Avg: 52.1, Max: 57.1, Diff: 57.1, Sum: 677.8]
      [Code Root Scanning (ms): Min: 0.0, Avg: 0.0, Max: 0.0, Diff: 0.0, Sum: 0.1]
      [Object Copy (ms): Min: 179.4, Avg: 179.9, Max: 180.1, Diff: 0.7, Sum: 2338.2]
      [Termination (ms): Min: 0.0, Avg: 0.0, Max: 0.0, Diff: 0.0, Sum: 0.1]
      [GC Worker Other (ms): Min: 0.0, Avg: 0.0, Max: 0.1, Diff: 0.1, Sum: 0.5]
      [GC Worker Total (ms): Min: 251.1, Avg: 251.4, Max: 251.6, Diff: 0.5, Sum: 3268.0]
      [GC Worker End (ms): Min: 167313.2, Avg: 167313.2, Max: 167313.3, Diff: 0.1]
   [Code Root Fixup: 0.3 ms]
   [Code Root Migration: 0.1 ms]
   [Clear CT: 3.9 ms]
   [Other: 16.4 ms]
      [Choose CSet: 0.4 ms]
      [Ref Proc: 0.6 ms]
      [Ref Enq: 0.0 ms]
      [Free CSet: 2.6 ms]
   [Eden: 496.0M(496.0M)->0.0B(1056.0M) Survivors: 720.0M->160.0M Heap: 15.5G(24.0G)->14.5G(24.0G)]
 [Times: user=3.32 sys=0.00, real=0.28 secs] 
2014-04-07T18:29:27.166+0900: 168.826: [GC pause (G1 Evacuation Pause) (mixed), 0.1777827 secs]
   [Parallel Time: 160.6 ms, GC Workers: 13]
      [GC Worker Start (ms): Min: 168827.3, Avg: 168827.7, Max: 168827.9, Diff: 0.6]
      [Ext Root Scanning (ms): Min: 0.6, Avg: 0.9, Max: 1.5, Diff: 0.9, Sum: 11.2]
      [Update RS (ms): Min: 8.2, Avg: 14.0, Max: 77.3, Diff: 69.1, Sum: 182.4]
         [Processed Buffers: Min: 17, Avg: 23.9, Max: 36, Diff: 19, Sum: 311]
      [Scan RS (ms): Min: 0.0, Avg: 46.2, Max: 50.5, Diff: 50.4, Sum: 601.2]
      [Code Root Scanning (ms): Min: 0.0, Avg: 0.0, Max: 0.4, Diff: 0.4, Sum: 0.5]
      [Object Copy (ms): Min: 81.3, Avg: 98.3, Max: 99.9, Diff: 18.6, Sum: 1277.5]
      [Termination (ms): Min: 0.0, Avg: 0.0, Max: 0.0, Diff: 0.0, Sum: 0.0]
      [GC Worker Other (ms): Min: 0.0, Avg: 0.0, Max: 0.1, Diff: 0.1, Sum: 0.4]
      [GC Worker Total (ms): Min: 159.2, Avg: 159.5, Max: 159.8, Diff: 0.6, Sum: 2073.4]
      [GC Worker End (ms): Min: 168987.1, Avg: 168987.2, Max: 168987.2, Diff: 0.1]
   [Code Root Fixup: 0.5 ms]
   [Code Root Migration: 0.7 ms]
   [Clear CT: 4.0 ms]
   [Other: 12.0 ms]
      [Choose CSet: 0.5 ms]
      [Ref Proc: 0.7 ms]
      [Ref Enq: 0.0 ms]
      [Free CSet: 2.6 ms]
   [Eden: 1056.0M(1056.0M)->0.0B(1056.0M) Survivors: 160.0M->160.0M Heap: 15.8G(24.0G)->14.4G(24.0G)]
 [Times: user=2.11 sys=0.01, real=0.18 secs] 
2014-04-07T18:29:31.364+0900: 173.024: [GC pause (G1 Evacuation Pause) (mixed), 0.1510185 secs]
   [Parallel Time: 134.7 ms, GC Workers: 13]
      [GC Worker Start (ms): Min: 173024.5, Avg: 173024.8, Max: 173025.0, Diff: 0.5]
      [Ext Root Scanning (ms): Min: 0.6, Avg: 0.8, Max: 1.7, Diff: 1.1, Sum: 11.0]
      [Update RS (ms): Min: 11.1, Avg: 15.5, Max: 55.4, Diff: 44.2, Sum: 201.9]
         [Processed Buffers: Min: 23, Avg: 31.6, Max: 49, Diff: 26, Sum: 411]
      [Scan RS (ms): Min: 0.0, Avg: 38.4, Max: 41.8, Diff: 41.8, Sum: 499.4]
      [Code Root Scanning (ms): Min: 0.0, Avg: 0.0, Max: 0.0, Diff: 0.0, Sum: 0.0]
      [Object Copy (ms): Min: 76.9, Avg: 78.3, Max: 78.5, Diff: 1.6, Sum: 1017.8]
      [Termination (ms): Min: 0.0, Avg: 0.0, Max: 0.0, Diff: 0.0, Sum: 0.0]
      [GC Worker Other (ms): Min: 0.0, Avg: 0.1, Max: 0.2, Diff: 0.1, Sum: 0.7]
      [GC Worker Total (ms): Min: 133.0, Avg: 133.1, Max: 133.4, Diff: 0.5, Sum: 1730.9]
      [GC Worker End (ms): Min: 173158.0, Avg: 173158.0, Max: 173158.1, Diff: 0.1]
   [Code Root Fixup: 0.1 ms]
   [Code Root Migration: 0.0 ms]
   [Clear CT: 4.9 ms]
   [Other: 11.3 ms]
      [Choose CSet: 0.4 ms]
      [Ref Proc: 1.4 ms]
      [Ref Enq: 0.0 ms]
      [Free CSet: 2.0 ms]
   [Eden: 1056.0M(1056.0M)->0.0B(3248.0M) Survivors: 160.0M->160.0M Heap: 15.7G(24.0G)->14.6G(24.0G)]
 [Times: user=1.79 sys=0.00, real=0.15 secs] 
2014-04-07T18:29:50.320+0900: 191.980: [GC pause (G1 Humongous Allocation) (young) (initial-mark), 0.0819955 secs]
   [Parallel Time: 75.5 ms, GC Workers: 13]
      [GC Worker Start (ms): Min: 191980.3, Avg: 191980.6, Max: 191980.9, Diff: 0.6]
      [Ext Root Scanning (ms): Min: 0.4, Avg: 0.8, Max: 2.4, Diff: 2.0, Sum: 9.9]
      [Code Root Marking (ms): Min: 0.0, Avg: 0.7, Max: 6.3, Diff: 6.3, Sum: 9.1]
      [Update RS (ms): Min: 26.9, Avg: 35.5, Max: 72.9, Diff: 46.0, Sum: 460.9]
         [Processed Buffers: Min: 10, Avg: 28.8, Max: 55, Diff: 45, Sum: 375]
      [Scan RS (ms): Min: 0.0, Avg: 2.5, Max: 3.1, Diff: 3.0, Sum: 32.6]
      [Code Root Scanning (ms): Min: 0.0, Avg: 0.0, Max: 0.0, Diff: 0.0, Sum: 0.1]
      [Object Copy (ms): Min: 0.6, Avg: 24.7, Max: 28.5, Diff: 27.9, Sum: 320.9]
      [Termination (ms): Min: 0.0, Avg: 10.2, Max: 11.1, Diff: 11.1, Sum: 132.6]
      [GC Worker Other (ms): Min: 0.0, Avg: 0.0, Max: 0.0, Diff: 0.0, Sum: 0.3]
      [GC Worker Total (ms): Min: 74.0, Avg: 74.3, Max: 74.6, Diff: 0.6, Sum: 966.2]
      [GC Worker End (ms): Min: 192054.9, Avg: 192054.9, Max: 192054.9, Diff: 0.0]
   [Code Root Fixup: 0.2 ms]
   [Code Root Migration: 0.1 ms]
   [Clear CT: 1.5 ms]
   [Other: 4.8 ms]
      [Choose CSet: 0.0 ms]
      [Ref Proc: 1.2 ms]
      [Ref Enq: 0.0 ms]
      [Free CSet: 0.7 ms]
   [Eden: 2544.0M(3248.0M)->0.0B(4080.0M) Survivors: 160.0M->224.0M Heap: 17.0G(24.0G)->14.6G(24.0G)]
 [Times: user=0.98 sys=0.00, real=0.08 secs] 
2014-04-07T18:29:50.402+0900: 192.062: [GC concurrent-root-region-scan-start]
2014-04-07T18:29:50.420+0900: 192.080: [GC concurrent-root-region-scan-end, 0.0183367 secs]
2014-04-07T18:29:50.420+0900: 192.080: [GC concurrent-mark-start]
2014-04-07T18:29:51.857+0900: 193.517: [GC concurrent-mark-end, 1.4366200 secs]
2014-04-07T18:29:51.858+0900: 193.518: [GC remark 193.520: [GC ref-proc, 0.0055427 secs], 0.0328824 secs]
 [Times: user=0.27 sys=0.00, real=0.03 secs] 
2014-04-07T18:29:51.893+0900: 193.553: [GC cleanup 16G->14G(24G), 0.0290750 secs]
 [Times: user=0.34 sys=0.00, real=0.03 secs] 
2014-04-07T18:29:51.923+0900: 193.583: [GC concurrent-cleanup-start]
2014-04-07T18:29:51.925+0900: 193.585: [GC concurrent-cleanup-end, 0.0024729 secs]
2014-04-07T18:29:53.599+0900: 195.259: [GC pause (G1 Evacuation Pause) (young), 0.2036840 secs]
   [Parallel Time: 185.7 ms, GC Workers: 13]
      [GC Worker Start (ms): Min: 195259.9, Avg: 195260.1, Max: 195260.3, Diff: 0.4]
      [Ext Root Scanning (ms): Min: 0.8, Avg: 1.0, Max: 1.2, Diff: 0.5, Sum: 12.5]
      [Update RS (ms): Min: 8.7, Avg: 9.4, Max: 10.8, Diff: 2.1, Sum: 122.4]
         [Processed Buffers: Min: 23, Avg: 29.5, Max: 46, Diff: 23, Sum: 383]
      [Scan RS (ms): Min: 34.2, Avg: 35.7, Max: 36.1, Diff: 1.9, Sum: 463.9]
      [Code Root Scanning (ms): Min: 0.0, Avg: 0.0, Max: 0.0, Diff: 0.0, Sum: 0.1]
      [Object Copy (ms): Min: 138.9, Avg: 139.0, Max: 139.1, Diff: 0.2, Sum: 1807.3]
      [Termination (ms): Min: 0.0, Avg: 0.0, Max: 0.0, Diff: 0.0, Sum: 0.1]
      [GC Worker Other (ms): Min: 0.0, Avg: 0.1, Max: 0.3, Diff: 0.2, Sum: 1.3]
      [GC Worker Total (ms): Min: 184.9, Avg: 185.2, Max: 185.4, Diff: 0.4, Sum: 2407.6]
      [GC Worker End (ms): Min: 195445.2, Avg: 195445.3, Max: 195445.4, Diff: 0.2]
   [Code Root Fixup: 0.3 ms]
   [Code Root Migration: 0.1 ms]
   [Clear CT: 4.7 ms]
   [Other: 12.9 ms]
      [Choose CSet: 0.0 ms]
      [Ref Proc: 0.6 ms]
      [Ref Enq: 0.0 ms]
      [Free CSet: 2.7 ms]
   [Eden: 4080.0M(4080.0M)->0.0B(672.0M) Survivors: 224.0M->544.0M Heap: 17.5G(24.0G)->14.2G(24.0G)]
 [Times: user=2.46 sys=0.04, real=0.20 secs] 
2014-04-07T18:29:54.315+0900: 195.975: [GC pause (G1 Evacuation Pause) (mixed), 0.2728472 secs]
   [Parallel Time: 250.7 ms, GC Workers: 13]
      [GC Worker Start (ms): Min: 195976.1, Avg: 195976.3, Max: 195976.4, Diff: 0.3]
      [Ext Root Scanning (ms): Min: 0.7, Avg: 1.0, Max: 1.7, Diff: 1.0, Sum: 12.8]
      [Update RS (ms): Min: 12.1, Avg: 13.0, Max: 14.2, Diff: 2.1, Sum: 168.6]
         [Processed Buffers: Min: 29, Avg: 39.2, Max: 53, Diff: 24, Sum: 509]
      [Scan RS (ms): Min: 51.9, Avg: 53.0, Max: 53.5, Diff: 1.6, Sum: 689.6]
      [Code Root Scanning (ms): Min: 0.0, Avg: 0.0, Max: 0.0, Diff: 0.0, Sum: 0.1]
      [Object Copy (ms): Min: 182.9, Avg: 183.0, Max: 183.2, Diff: 0.3, Sum: 2379.3]
      [Termination (ms): Min: 0.0, Avg: 0.0, Max: 0.0, Diff: 0.0, Sum: 0.0]
      [GC Worker Other (ms): Min: 0.0, Avg: 0.0, Max: 0.1, Diff: 0.1, Sum: 0.4]
      [GC Worker Total (ms): Min: 249.9, Avg: 250.1, Max: 250.2, Diff: 0.3, Sum: 3250.9]
      [GC Worker End (ms): Min: 196226.3, Avg: 196226.4, Max: 196226.4, Diff: 0.1]
   [Code Root Fixup: 0.3 ms]
   [Code Root Migration: 0.0 ms]
   [Clear CT: 4.8 ms]
   [Other: 17.0 ms]
      [Choose CSet: 0.5 ms]
      [Ref Proc: 0.8 ms]
      [Ref Enq: 0.0 ms]
      [Free CSet: 2.7 ms]
   [Eden: 672.0M(672.0M)->0.0B(1056.0M) Survivors: 544.0M->160.0M Heap: 15.1G(24.0G)->13.9G(24.0G)]
 [Times: user=3.30 sys=0.00, real=0.28 secs] 
2014-04-07T18:29:55.789+0900: 197.449: [GC pause (G1 Evacuation Pause) (mixed), 0.1989745 secs]
   [Parallel Time: 179.7 ms, GC Workers: 13]
      [GC Worker Start (ms): Min: 197450.5, Avg: 197450.8, Max: 197451.0, Diff: 0.5]
      [Ext Root Scanning (ms): Min: 0.6, Avg: 0.8, Max: 1.5, Diff: 0.9, Sum: 10.3]
      [Update RS (ms): Min: 10.6, Avg: 17.3, Max: 88.7, Diff: 78.0, Sum: 225.5]
         [Processed Buffers: Min: 19, Avg: 27.2, Max: 39, Diff: 20, Sum: 353]
      [Scan RS (ms): Min: 0.1, Avg: 45.2, Max: 49.5, Diff: 49.4, Sum: 587.2]
      [Code Root Scanning (ms): Min: 0.0, Avg: 0.0, Max: 0.0, Diff: 0.0, Sum: 0.1]
      [Object Copy (ms): Min: 88.9, Avg: 115.1, Max: 117.3, Diff: 28.4, Sum: 1495.8]
      [Termination (ms): Min: 0.0, Avg: 0.0, Max: 0.0, Diff: 0.0, Sum: 0.0]
      [GC Worker Other (ms): Min: 0.0, Avg: 0.0, Max: 0.1, Diff: 0.1, Sum: 0.6]
      [GC Worker Total (ms): Min: 178.2, Avg: 178.4, Max: 178.7, Diff: 0.5, Sum: 2319.6]
      [GC Worker End (ms): Min: 197629.2, Avg: 197629.2, Max: 197629.3, Diff: 0.1]
   [Code Root Fixup: 0.3 ms]
   [Code Root Migration: 0.1 ms]
   [Clear CT: 4.6 ms]
   [Other: 14.3 ms]
      [Choose CSet: 0.6 ms]
      [Ref Proc: 1.6 ms]
      [Ref Enq: 0.0 ms]
      [Free CSet: 2.7 ms]
   [Eden: 1056.0M(1056.0M)->0.0B(1056.0M) Survivors: 160.0M->160.0M Heap: 15.3G(24.0G)->13.8G(24.0G)]
 [Times: user=2.36 sys=0.02, real=0.20 secs] 
2014-04-07T18:29:56.644+0900: 198.304: [GC pause (G1 Evacuation Pause) (mixed), 0.2015296 secs]
   [Parallel Time: 182.7 ms, GC Workers: 13]
      [GC Worker Start (ms): Min: 198305.4, Avg: 198305.7, Max: 198305.9, Diff: 0.4]
      [Ext Root Scanning (ms): Min: 0.6, Avg: 0.8, Max: 1.3, Diff: 0.7, Sum: 10.9]
      [Update RS (ms): Min: 11.9, Avg: 16.2, Max: 58.0, Diff: 46.1, Sum: 210.1]
         [Processed Buffers: Min: 27, Avg: 34.3, Max: 49, Diff: 22, Sum: 446]
      [Scan RS (ms): Min: 8.9, Avg: 50.8, Max: 54.8, Diff: 46.0, Sum: 661.0]
      [Code Root Scanning (ms): Min: 0.0, Avg: 0.0, Max: 0.0, Diff: 0.0, Sum: 0.1]
      [Object Copy (ms): Min: 113.8, Avg: 114.0, Max: 114.2, Diff: 0.4, Sum: 1481.7]
      [Termination (ms): Min: 0.0, Avg: 0.0, Max: 0.0, Diff: 0.0, Sum: 0.1]
      [GC Worker Other (ms): Min: 0.0, Avg: 0.0, Max: 0.1, Diff: 0.1, Sum: 0.5]
      [GC Worker Total (ms): Min: 181.7, Avg: 181.9, Max: 182.1, Diff: 0.4, Sum: 2364.3]
      [GC Worker End (ms): Min: 198487.5, Avg: 198487.5, Max: 198487.6, Diff: 0.1]
   [Code Root Fixup: 0.2 ms]
   [Code Root Migration: 0.1 ms]
   [Clear CT: 4.5 ms]
   [Other: 14.1 ms]
      [Choose CSet: 0.6 ms]
      [Ref Proc: 1.0 ms]
      [Ref Enq: 0.0 ms]
      [Free CSet: 2.4 ms]
   [Eden: 1056.0M(1056.0M)->0.0B(1920.0M) Survivors: 160.0M->160.0M Heap: 15.2G(24.0G)->13.9G(24.0G)]
 [Times: user=2.42 sys=0.00, real=0.20 secs] 
2014-04-07T18:29:56.851+0900: 198.512: [GC pause (G1 Humongous Allocation) (young) (initial-mark), 0.1960707 secs]
   [Parallel Time: 189.8 ms, GC Workers: 13]
      [GC Worker Start (ms): Min: 198511.9, Avg: 198512.1, Max: 198512.3, Diff: 0.3]
      [Ext Root Scanning (ms): Min: 0.5, Avg: 0.8, Max: 2.6, Diff: 2.2, Sum: 10.4]
      [Code Root Marking (ms): Min: 0.0, Avg: 0.8, Max: 6.5, Diff: 6.4, Sum: 10.0]
      [Update RS (ms): Min: 130.0, Avg: 139.7, Max: 187.8, Diff: 57.8, Sum: 1816.7]
         [Processed Buffers: Min: 38, Avg: 78.2, Max: 112, Diff: 74, Sum: 1016]
      [Scan RS (ms): Min: 0.0, Avg: 0.0, Max: 0.1, Diff: 0.1, Sum: 0.3]
      [Code Root Scanning (ms): Min: 0.0, Avg: 0.0, Max: 0.0, Diff: 0.0, Sum: 0.0]
      [Object Copy (ms): Min: 0.5, Avg: 21.5, Max: 24.8, Diff: 24.2, Sum: 279.2]
      [Termination (ms): Min: 0.0, Avg: 26.4, Max: 28.6, Diff: 28.6, Sum: 343.1]
      [GC Worker Other (ms): Min: 0.0, Avg: 0.0, Max: 0.0, Diff: 0.0, Sum: 0.3]
      [GC Worker Total (ms): Min: 189.1, Avg: 189.2, Max: 189.4, Diff: 0.3, Sum: 2460.0]
      [GC Worker End (ms): Min: 198701.3, Avg: 198701.3, Max: 198701.4, Diff: 0.0]
   [Code Root Fixup: 0.3 ms]
   [Code Root Migration: 0.0 ms]
   [Clear CT: 1.4 ms]
   [Other: 4.5 ms]
      [Choose CSet: 0.0 ms]
      [Ref Proc: 1.3 ms]
      [Ref Enq: 0.0 ms]
      [Free CSet: 0.1 ms]
   [Eden: 16.0M(1920.0M)->0.0B(1120.0M) Survivors: 160.0M->96.0M Heap: 13.9G(24.0G)->14.0G(24.0G)]
 [Times: user=2.46 sys=0.00, real=0.20 secs] 
2014-04-07T18:29:57.048+0900: 198.708: [GC concurrent-root-region-scan-start]
2014-04-07T18:29:57.048+0900: 198.708: [GC concurrent-root-region-scan-end, 0.0004271 secs]
2014-04-07T18:29:57.048+0900: 198.708: [GC concurrent-mark-start]
2014-04-07T18:29:58.026+0900: 199.686: [GC pause (G1 Evacuation Pause) (young), 0.0992688 secs]
   [Parallel Time: 89.9 ms, GC Workers: 13]
      [GC Worker Start (ms): Min: 199686.4, Avg: 199686.7, Max: 199686.9, Diff: 0.5]
      [Ext Root Scanning (ms): Min: 0.5, Avg: 0.8, Max: 1.1, Diff: 0.5, Sum: 9.8]
      [SATB Filtering (ms): Min: 0.0, Avg: 0.0, Max: 0.4, Diff: 0.4, Sum: 0.4]
      [Update RS (ms): Min: 14.3, Avg: 15.1, Max: 16.0, Diff: 1.6, Sum: 196.0]
         [Processed Buffers: Min: 16, Avg: 31.1, Max: 46, Diff: 30, Sum: 404]
      [Scan RS (ms): Min: 24.7, Avg: 25.6, Max: 26.3, Diff: 1.6, Sum: 332.9]
      [Code Root Scanning (ms): Min: 0.0, Avg: 0.0, Max: 0.0, Diff: 0.0, Sum: 0.0]
      [Object Copy (ms): Min: 46.7, Avg: 46.9, Max: 47.0, Diff: 0.3, Sum: 609.8]
      [Termination (ms): Min: 0.0, Avg: 0.0, Max: 0.0, Diff: 0.0, Sum: 0.1]
      [GC Worker Other (ms): Min: 0.0, Avg: 0.0, Max: 0.1, Diff: 0.1, Sum: 0.5]
      [GC Worker Total (ms): Min: 88.2, Avg: 88.4, Max: 88.7, Diff: 0.5, Sum: 1149.6]
      [GC Worker End (ms): Min: 199775.1, Avg: 199775.1, Max: 199775.1, Diff: 0.1]
   [Code Root Fixup: 0.2 ms]
   [Code Root Migration: 0.0 ms]
   [Clear CT: 4.1 ms]
   [Other: 5.0 ms]
      [Choose CSet: 0.0 ms]
      [Ref Proc: 1.2 ms]
      [Ref Enq: 0.0 ms]
      [Free CSet: 0.6 ms]
   [Eden: 1120.0M(1120.0M)->0.0B(1072.0M) Survivors: 96.0M->160.0M Heap: 15.4G(24.0G)->14.5G(24.0G)]
 [Times: user=1.19 sys=0.01, real=0.10 secs] 
2014-04-07T18:29:58.976+0900: 200.636: [GC concurrent-mark-end, 1.9276095 secs]
2014-04-07T18:29:58.977+0900: 200.637: [GC remark 200.639: [GC ref-proc, 0.0055392 secs], 0.0340480 secs]
 [Times: user=0.29 sys=0.00, real=0.04 secs] 
2014-04-07T18:29:59.013+0900: 200.673: [GC cleanup 14G->12G(24G), 0.0273662 secs]
 [Times: user=0.32 sys=0.00, real=0.03 secs] 
2014-04-07T18:29:59.041+0900: 200.701: [GC concurrent-cleanup-start]
2014-04-07T18:29:59.043+0900: 200.703: [GC concurrent-cleanup-end, 0.0022499 secs]
2014-04-07T18:30:01.339+0900: 202.999: [GC pause (G1 Evacuation Pause) (young), 0.2298103 secs]
   [Parallel Time: 221.1 ms, GC Workers: 13]
      [GC Worker Start (ms): Min: 202999.0, Avg: 202999.2, Max: 202999.5, Diff: 0.5]
      [Ext Root Scanning (ms): Min: 0.3, Avg: 0.6, Max: 1.2, Diff: 0.9, Sum: 8.2]
      [Update RS (ms): Min: 39.5, Avg: 46.8, Max: 129.7, Diff: 90.2, Sum: 608.1]
         [Processed Buffers: Min: 21, Avg: 39.5, Max: 75, Diff: 54, Sum: 513]
      [Scan RS (ms): Min: 0.0, Avg: 60.5, Max: 65.7, Diff: 65.7, Sum: 786.8]
      [Code Root Scanning (ms): Min: 0.0, Avg: 0.0, Max: 0.0, Diff: 0.0, Sum: 0.0]
      [Object Copy (ms): Min: 90.4, Avg: 112.7, Max: 115.0, Diff: 24.6, Sum: 1464.6]
      [Termination (ms): Min: 0.0, Avg: 0.0, Max: 0.0, Diff: 0.0, Sum: 0.3]
      [GC Worker Other (ms): Min: 0.0, Avg: 0.0, Max: 0.1, Diff: 0.1, Sum: 0.5]
      [GC Worker Total (ms): Min: 220.4, Avg: 220.7, Max: 220.9, Diff: 0.5, Sum: 2868.6]
      [GC Worker End (ms): Min: 203219.9, Avg: 203219.9, Max: 203219.9, Diff: 0.1]
   [Code Root Fixup: 0.1 ms]
   [Code Root Migration: 0.0 ms]
   [Clear CT: 3.1 ms]
   [Other: 5.5 ms]
      [Choose CSet: 0.0 ms]
      [Ref Proc: 0.3 ms]
      [Ref Enq: 0.0 ms]
      [Free CSet: 0.6 ms]
   [Eden: 1072.0M(1072.0M)->0.0B(1056.0M) Survivors: 160.0M->160.0M Heap: 13.6G(24.0G)->12.8G(24.0G)]
 [Times: user=2.72 sys=0.09, real=0.23 secs] 
2014-04-07T18:30:20.152+0900: 221.812: [GC pause (G1 Evacuation Pause) (mixed), 0.1658569 secs]
   [Parallel Time: 153.7 ms, GC Workers: 13]
      [GC Worker Start (ms): Min: 221812.4, Avg: 221812.7, Max: 221813.0, Diff: 0.6]
      [Ext Root Scanning (ms): Min: 0.6, Avg: 0.8, Max: 1.2, Diff: 0.7, Sum: 11.0]
      [Update RS (ms): Min: 34.1, Avg: 35.0, Max: 36.3, Diff: 2.2, Sum: 455.6]
         [Processed Buffers: Min: 17, Avg: 27.2, Max: 38, Diff: 21, Sum: 353]
      [Scan RS (ms): Min: 36.0, Avg: 37.2, Max: 37.6, Diff: 1.6, Sum: 483.0]
      [Code Root Scanning (ms): Min: 0.0, Avg: 0.0, Max: 0.0, Diff: 0.0, Sum: 0.0]
      [Object Copy (ms): Min: 78.2, Avg: 78.5, Max: 78.8, Diff: 0.6, Sum: 1019.9]
      [Termination (ms): Min: 0.0, Avg: 0.3, Max: 0.3, Diff: 0.3, Sum: 3.4]
      [GC Worker Other (ms): Min: 0.0, Avg: 0.0, Max: 0.1, Diff: 0.0, Sum: 0.4]
      [GC Worker Total (ms): Min: 151.6, Avg: 151.8, Max: 152.2, Diff: 0.6, Sum: 1973.3]
      [GC Worker End (ms): Min: 221964.5, Avg: 221964.5, Max: 221964.6, Diff: 0.0]
   [Code Root Fixup: 0.1 ms]
   [Code Root Migration: 0.0 ms]
   [Clear CT: 4.8 ms]
   [Other: 7.2 ms]
      [Choose CSet: 0.2 ms]
      [Ref Proc: 1.3 ms]
      [Ref Enq: 0.0 ms]
      [Free CSet: 0.9 ms]
   [Eden: 1056.0M(1056.0M)->0.0B(1504.0M) Survivors: 160.0M->96.0M Heap: 13.8G(24.0G)->12.6G(24.0G)]
 [Times: user=2.02 sys=0.00, real=0.16 secs] 
2014-04-07T18:30:21.140+0900: 222.800: [GC pause (G1 Evacuation Pause) (young), 0.0397164 secs]
   [Parallel Time: 35.9 ms, GC Workers: 13]
      [GC Worker Start (ms): Min: 222800.4, Avg: 222800.7, Max: 222800.9, Diff: 0.6]
      [Ext Root Scanning (ms): Min: 0.5, Avg: 0.7, Max: 1.4, Diff: 0.9, Sum: 9.5]
      [Update RS (ms): Min: 32.8, Avg: 33.4, Max: 33.9, Diff: 1.1, Sum: 434.7]
         [Processed Buffers: Min: 15, Avg: 25.1, Max: 43, Diff: 28, Sum: 326]
      [Scan RS (ms): Min: 0.0, Avg: 0.1, Max: 0.1, Diff: 0.1, Sum: 0.8]
      [Code Root Scanning (ms): Min: 0.0, Avg: 0.0, Max: 0.0, Diff: 0.0, Sum: 0.0]
      [Object Copy (ms): Min: 0.1, Avg: 0.3, Max: 0.5, Diff: 0.4, Sum: 4.1]
      [Termination (ms): Min: 0.0, Avg: 0.1, Max: 0.1, Diff: 0.1, Sum: 1.3]
      [GC Worker Other (ms): Min: 0.0, Avg: 0.0, Max: 0.0, Diff: 0.0, Sum: 0.2]
      [GC Worker Total (ms): Min: 34.5, Avg: 34.7, Max: 35.0, Diff: 0.6, Sum: 450.8]
      [GC Worker End (ms): Min: 222835.4, Avg: 222835.4, Max: 222835.4, Diff: 0.0]
   [Code Root Fixup: 0.1 ms]
   [Code Root Migration: 0.0 ms]
   [Clear CT: 1.6 ms]
   [Other: 2.1 ms]
      [Choose CSet: 0.0 ms]
      [Ref Proc: 1.4 ms]
      [Ref Enq: 0.0 ms]
      [Free CSet: 0.4 ms]
   [Eden: 1504.0M(1504.0M)->0.0B(1168.0M) Survivors: 96.0M->48.0M Heap: 14.1G(24.0G)->12.6G(24.0G)]
 [Times: user=0.46 sys=0.01, real=0.04 secs] 
2014-04-07T18:30:21.255+0900: 222.915: [GC pause (G1 Humongous Allocation) (young) (initial-mark), 0.0130819 secs]
   [Parallel Time: 9.3 ms, GC Workers: 13]
      [GC Worker Start (ms): Min: 222915.0, Avg: 222915.3, Max: 222915.6, Diff: 0.6]
      [Ext Root Scanning (ms): Min: 0.3, Avg: 0.7, Max: 2.4, Diff: 2.1, Sum: 9.1]
      [Code Root Marking (ms): Min: 0.0, Avg: 0.7, Max: 6.4, Diff: 6.4, Sum: 9.6]
      [Update RS (ms): Min: 0.0, Avg: 0.1, Max: 0.3, Diff: 0.3, Sum: 1.5]
         [Processed Buffers: Min: 0, Avg: 1.6, Max: 7, Diff: 7, Sum: 21]
      [Scan RS (ms): Min: 0.0, Avg: 0.0, Max: 0.0, Diff: 0.0, Sum: 0.1]
      [Code Root Scanning (ms): Min: 0.0, Avg: 0.0, Max: 0.0, Diff: 0.0, Sum: 0.0]
      [Object Copy (ms): Min: 0.4, Avg: 1.6, Max: 3.5, Diff: 3.1, Sum: 20.5]
      [Termination (ms): Min: 0.0, Avg: 4.4, Max: 5.3, Diff: 5.3, Sum: 57.8]
      [GC Worker Other (ms): Min: 0.0, Avg: 0.0, Max: 0.0, Diff: 0.0, Sum: 0.2]
      [GC Worker Total (ms): Min: 7.3, Avg: 7.6, Max: 7.9, Diff: 0.6, Sum: 98.9]
      [GC Worker End (ms): Min: 222922.9, Avg: 222922.9, Max: 222922.9, Diff: 0.0]
   [Code Root Fixup: 0.2 ms]
   [Code Root Migration: 0.0 ms]
   [Clear CT: 1.5 ms]
   [Other: 2.1 ms]
      [Choose CSet: 0.0 ms]
      [Ref Proc: 1.4 ms]
      [Ref Enq: 0.0 ms]
      [Free CSet: 0.1 ms]
   [Eden: 144.0M(1168.0M)->0.0B(3680.0M) Survivors: 48.0M->32.0M Heap: 12.7G(24.0G)->12.5G(24.0G)]
 [Times: user=0.11 sys=0.00, real=0.01 secs] 
2014-04-07T18:30:21.268+0900: 222.928: [GC concurrent-root-region-scan-start]
2014-04-07T18:30:21.278+0900: 222.938: [GC concurrent-root-region-scan-end, 0.0100074 secs]
2014-04-07T18:30:21.278+0900: 222.938: [GC concurrent-mark-start]
2014-04-07T18:30:22.720+0900: 224.380: [GC concurrent-mark-end, 1.4416607 secs]
2014-04-07T18:30:22.721+0900: 224.381: [GC remark 224.382: [GC ref-proc, 0.0062000 secs], 0.0339516 secs]
 [Times: user=0.28 sys=0.00, real=0.03 secs] 
2014-04-07T18:30:22.756+0900: 224.416: [GC cleanup 14G->13G(24G), 0.0331844 secs]
 [Times: user=0.40 sys=0.00, real=0.03 secs] 
2014-04-07T18:30:22.790+0900: 224.450: [GC concurrent-cleanup-start]
2014-04-07T18:30:22.790+0900: 224.451: [GC concurrent-cleanup-end, 0.0008524 secs]
2014-04-07T18:30:24.609+0900: 226.269: [GC pause (G1 Evacuation Pause) (young), 0.1495517 secs]
   [Parallel Time: 137.9 ms, GC Workers: 13]
      [GC Worker Start (ms): Min: 226270.0, Avg: 226270.2, Max: 226270.5, Diff: 0.5]
      [Ext Root Scanning (ms): Min: 0.4, Avg: 0.7, Max: 1.2, Diff: 0.8, Sum: 9.3]
      [Update RS (ms): Min: 13.5, Avg: 14.1, Max: 14.8, Diff: 1.2, Sum: 183.0]
         [Processed Buffers: Min: 24, Avg: 31.7, Max: 45, Diff: 21, Sum: 412]
      [Scan RS (ms): Min: 24.1, Avg: 24.7, Max: 25.1, Diff: 0.9, Sum: 320.6]
      [Code Root Scanning (ms): Min: 0.0, Avg: 0.0, Max: 0.0, Diff: 0.0, Sum: 0.1]
      [Object Copy (ms): Min: 96.9, Avg: 97.2, Max: 98.0, Diff: 1.1, Sum: 1263.1]
      [Termination (ms): Min: 0.0, Avg: 0.0, Max: 0.0, Diff: 0.0, Sum: 0.0]
      [GC Worker Other (ms): Min: 0.0, Avg: 0.1, Max: 0.2, Diff: 0.2, Sum: 0.8]
      [GC Worker Total (ms): Min: 136.4, Avg: 136.7, Max: 137.0, Diff: 0.6, Sum: 1776.9]
      [GC Worker End (ms): Min: 226406.9, Avg: 226406.9, Max: 226407.1, Diff: 0.2]
   [Code Root Fixup: 0.2 ms]
   [Code Root Migration: 0.1 ms]
   [Clear CT: 3.6 ms]
   [Other: 7.8 ms]
      [Choose CSet: 0.0 ms]
      [Ref Proc: 1.1 ms]
      [Ref Enq: 0.0 ms]
      [Free CSet: 2.0 ms]
   [Eden: 3312.0M(1184.0M)->0.0B(1056.0M) Survivors: 32.0M->160.0M Heap: 16.3G(24.0G)->13.5G(24.0G)]
 [Times: user=1.82 sys=0.01, real=0.15 secs] 
2014-04-07T18:30:25.568+0900: 227.228: [GC pause (G1 Evacuation Pause) (mixed), 0.1887140 secs]
   [Parallel Time: 173.4 ms, GC Workers: 13]
      [GC Worker Start (ms): Min: 227228.9, Avg: 227229.1, Max: 227229.3, Diff: 0.4]
      [Ext Root Scanning (ms): Min: 0.6, Avg: 0.8, Max: 1.5, Diff: 0.9, Sum: 11.0]
      [Update RS (ms): Min: 18.8, Avg: 19.0, Max: 20.1, Diff: 1.3, Sum: 246.4]
         [Processed Buffers: Min: 29, Avg: 43.8, Max: 64, Diff: 35, Sum: 570]
      [Scan RS (ms): Min: 42.8, Avg: 43.9, Max: 44.2, Diff: 1.4, Sum: 570.3]
      [Code Root Scanning (ms): Min: 0.0, Avg: 0.0, Max: 0.0, Diff: 0.0, Sum: 0.1]
      [Object Copy (ms): Min: 108.9, Avg: 109.0, Max: 109.2, Diff: 0.3, Sum: 1417.4]
      [Termination (ms): Min: 0.0, Avg: 0.0, Max: 0.0, Diff: 0.0, Sum: 0.0]
      [GC Worker Other (ms): Min: 0.0, Avg: 0.0, Max: 0.1, Diff: 0.1, Sum: 0.5]
      [GC Worker Total (ms): Min: 172.5, Avg: 172.7, Max: 173.0, Diff: 0.4, Sum: 2245.7]
      [GC Worker End (ms): Min: 227401.8, Avg: 227401.9, Max: 227401.9, Diff: 0.1]
   [Code Root Fixup: 0.3 ms]
   [Code Root Migration: 0.1 ms]
   [Clear CT: 5.0 ms]
   [Other: 10.1 ms]
      [Choose CSet: 0.6 ms]
      [Ref Proc: 1.2 ms]
      [Ref Enq: 0.0 ms]
      [Free CSet: 2.3 ms]
   [Eden: 1056.0M(1056.0M)->0.0B(1056.0M) Survivors: 160.0M->160.0M Heap: 14.9G(24.0G)->13.5G(24.0G)]
 [Times: user=2.30 sys=0.00, real=0.19 secs] 
2014-04-07T18:30:26.928+0900: 228.588: [GC pause (G1 Evacuation Pause) (mixed), 0.2053429 secs]
   [Parallel Time: 189.9 ms, GC Workers: 13]
      [GC Worker Start (ms): Min: 228588.9, Avg: 228589.1, Max: 228589.2, Diff: 0.3]
      [Ext Root Scanning (ms): Min: 0.7, Avg: 0.8, Max: 1.4, Diff: 0.7, Sum: 11.0]
      [Update RS (ms): Min: 11.1, Avg: 12.0, Max: 12.8, Diff: 1.7, Sum: 155.4]
         [Processed Buffers: Min: 18, Avg: 29.2, Max: 39, Diff: 21, Sum: 380]
      [Scan RS (ms): Min: 51.6, Avg: 52.5, Max: 52.9, Diff: 1.4, Sum: 683.1]
      [Code Root Scanning (ms): Min: 0.0, Avg: 0.0, Max: 0.0, Diff: 0.0, Sum: 0.1]
      [Object Copy (ms): Min: 123.8, Avg: 123.9, Max: 124.1, Diff: 0.3, Sum: 1611.3]
      [Termination (ms): Min: 0.0, Avg: 0.0, Max: 0.0, Diff: 0.0, Sum: 0.1]
      [GC Worker Other (ms): Min: 0.0, Avg: 0.0, Max: 0.2, Diff: 0.1, Sum: 0.6]
      [GC Worker Total (ms): Min: 189.2, Avg: 189.4, Max: 189.6, Diff: 0.4, Sum: 2461.6]
      [GC Worker End (ms): Min: 228778.4, Avg: 228778.4, Max: 228778.6, Diff: 0.2]
   [Code Root Fixup: 0.4 ms]
   [Code Root Migration: 0.1 ms]
   [Clear CT: 4.6 ms]
   [Other: 10.4 ms]
      [Choose CSet: 0.8 ms]
      [Ref Proc: 0.9 ms]
      [Ref Enq: 0.0 ms]
      [Free CSet: 2.4 ms]
   [Eden: 1056.0M(1056.0M)->0.0B(1056.0M) Survivors: 160.0M->160.0M Heap: 14.9G(24.0G)->13.5G(24.0G)]
 [Times: user=2.53 sys=0.00, real=0.21 secs] 
2014-04-07T18:30:28.468+0900: 230.128: [GC pause (G1 Evacuation Pause) (mixed), 0.2140445 secs]
   [Parallel Time: 194.7 ms, GC Workers: 13]
      [GC Worker Start (ms): Min: 230128.9, Avg: 230129.1, Max: 230129.3, Diff: 0.4]
      [Ext Root Scanning (ms): Min: 0.5, Avg: 0.8, Max: 1.5, Diff: 1.0, Sum: 10.0]
      [Update RS (ms): Min: 12.7, Avg: 13.4, Max: 13.9, Diff: 1.2, Sum: 174.2]
         [Processed Buffers: Min: 26, Avg: 31.6, Max: 46, Diff: 20, Sum: 411]
      [Scan RS (ms): Min: 58.9, Avg: 59.6, Max: 60.1, Diff: 1.2, Sum: 774.2]
      [Code Root Scanning (ms): Min: 0.0, Avg: 0.0, Max: 0.2, Diff: 0.2, Sum: 0.3]
      [Object Copy (ms): Min: 119.5, Avg: 119.9, Max: 120.3, Diff: 0.8, Sum: 1558.6]
      [Termination (ms): Min: 0.0, Avg: 0.0, Max: 0.0, Diff: 0.0, Sum: 0.0]
      [GC Worker Other (ms): Min: 0.0, Avg: 0.0, Max: 0.1, Diff: 0.1, Sum: 0.6]
      [GC Worker Total (ms): Min: 193.5, Avg: 193.7, Max: 193.9, Diff: 0.3, Sum: 2518.0]
      [GC Worker End (ms): Min: 230322.8, Avg: 230322.8, Max: 230322.9, Diff: 0.1]
   [Code Root Fixup: 0.5 ms]
   [Code Root Migration: 0.7 ms]
   [Clear CT: 5.4 ms]
   [Other: 12.7 ms]
      [Choose CSet: 0.9 ms]
      [Ref Proc: 1.7 ms]
      [Ref Enq: 0.0 ms]
      [Free CSet: 2.7 ms]
   [Eden: 1056.0M(1056.0M)->0.0B(1056.0M) Survivors: 160.0M->160.0M Heap: 14.9G(24.0G)->13.5G(24.0G)]
 [Times: user=2.59 sys=0.00, real=0.22 secs] 
2014-04-07T18:30:29.934+0900: 231.594: [GC pause (G1 Evacuation Pause) (mixed), 0.1129476 secs]
   [Parallel Time: 101.9 ms, GC Workers: 13]
      [GC Worker Start (ms): Min: 231594.6, Avg: 231594.9, Max: 231595.1, Diff: 0.5]
      [Ext Root Scanning (ms): Min: 0.5, Avg: 0.8, Max: 1.3, Diff: 0.8, Sum: 9.8]
      [Update RS (ms): Min: 13.7, Avg: 14.0, Max: 14.8, Diff: 1.1, Sum: 182.3]
         [Processed Buffers: Min: 19, Avg: 32.4, Max: 47, Diff: 28, Sum: 421]
      [Scan RS (ms): Min: 21.9, Avg: 22.9, Max: 23.4, Diff: 1.5, Sum: 298.1]
      [Code Root Scanning (ms): Min: 0.0, Avg: 0.0, Max: 0.0, Diff: 0.0, Sum: 0.0]
      [Object Copy (ms): Min: 63.1, Avg: 63.5, Max: 63.8, Diff: 0.7, Sum: 824.9]
      [Termination (ms): Min: 0.0, Avg: 0.2, Max: 0.2, Diff: 0.2, Sum: 2.3]
      [GC Worker Other (ms): Min: 0.0, Avg: 0.0, Max: 0.1, Diff: 0.1, Sum: 0.6]
      [GC Worker Total (ms): Min: 101.1, Avg: 101.4, Max: 101.7, Diff: 0.5, Sum: 1318.2]
      [GC Worker End (ms): Min: 231696.3, Avg: 231696.3, Max: 231696.4, Diff: 0.1]
   [Code Root Fixup: 0.3 ms]
   [Code Root Migration: 0.0 ms]
   [Clear CT: 4.9 ms]
   [Other: 5.9 ms]
      [Choose CSet: 0.1 ms]
      [Ref Proc: 0.8 ms]
      [Ref Enq: 0.0 ms]
      [Free CSet: 1.2 ms]
   [Eden: 1056.0M(1056.0M)->0.0B(1056.0M) Survivors: 160.0M->160.0M Heap: 15.0G(24.0G)->14.1G(24.0G)]
 [Times: user=1.38 sys=0.00, real=0.11 secs] 
2014-04-07T18:30:30.117+0900: 231.777: [GC pause (G1 Humongous Allocation) (young) (initial-mark), 0.0958560 secs]
   [Parallel Time: 91.0 ms, GC Workers: 13]
      [GC Worker Start (ms): Min: 231777.1, Avg: 231777.4, Max: 231777.6, Diff: 0.5]
      [Ext Root Scanning (ms): Min: 0.4, Avg: 0.8, Max: 3.3, Diff: 2.9, Sum: 10.8]
      [Code Root Marking (ms): Min: 0.0, Avg: 0.8, Max: 6.7, Diff: 6.7, Sum: 10.5]
      [Update RS (ms): Min: 55.7, Avg: 61.3, Max: 62.9, Diff: 7.2, Sum: 797.1]
         [Processed Buffers: Min: 24, Avg: 34.1, Max: 46, Diff: 22, Sum: 443]
      [Scan RS (ms): Min: 0.0, Avg: 0.0, Max: 0.1, Diff: 0.1, Sum: 0.1]
      [Code Root Scanning (ms): Min: 0.0, Avg: 0.0, Max: 0.0, Diff: 0.0, Sum: 0.0]
      [Object Copy (ms): Min: 26.2, Avg: 27.1, Max: 29.6, Diff: 3.5, Sum: 352.2]
      [Termination (ms): Min: 0.0, Avg: 0.0, Max: 0.0, Diff: 0.0, Sum: 0.1]
      [GC Worker Other (ms): Min: 0.0, Avg: 0.0, Max: 0.0, Diff: 0.0, Sum: 0.3]
      [GC Worker Total (ms): Min: 89.9, Avg: 90.1, Max: 90.4, Diff: 0.5, Sum: 1170.9]
      [GC Worker End (ms): Min: 231867.5, Avg: 231867.5, Max: 231867.5, Diff: 0.0]
   [Code Root Fixup: 0.3 ms]
   [Code Root Migration: 0.0 ms]
   [Clear CT: 1.2 ms]
   [Other: 3.4 ms]
      [Choose CSet: 0.0 ms]
      [Ref Proc: 1.0 ms]
      [Ref Enq: 0.0 ms]
      [Free CSet: 0.1 ms]
   [Eden: 96.0M(1056.0M)->0.0B(1104.0M) Survivors: 160.0M->112.0M Heap: 14.2G(24.0G)->14.3G(24.0G)]
 [Times: user=1.18 sys=0.00, real=0.10 secs] 
2014-04-07T18:30:30.213+0900: 231.873: [GC concurrent-root-region-scan-start]
2014-04-07T18:30:30.216+0900: 231.876: [GC concurrent-root-region-scan-end, 0.0035197 secs]
2014-04-07T18:30:30.216+0900: 231.876: [GC concurrent-mark-start]
2014-04-07T18:30:31.700+0900: 233.360: [GC concurrent-mark-end, 1.4839796 secs]
2014-04-07T18:30:31.702+0900: 233.362: [GC remark 233.363: [GC ref-proc, 0.0044957 secs], 0.0285954 secs]
 [Times: user=0.25 sys=0.00, real=0.03 secs] 
2014-04-07T18:30:31.732+0900: 233.392: [GC cleanup 15G->13G(24G), 0.0264476 secs]
 [Times: user=0.31 sys=0.00, real=0.03 secs] 
2014-04-07T18:30:31.759+0900: 233.419: [GC concurrent-cleanup-start]
2014-04-07T18:30:31.761+0900: 233.421: [GC concurrent-cleanup-end, 0.0021368 secs]
2014-04-07T18:30:31.796+0900: 233.457: [GC pause (G1 Evacuation Pause) (young), 0.0663020 secs]
   [Parallel Time: 59.1 ms, GC Workers: 13]
      [GC Worker Start (ms): Min: 233457.0, Avg: 233457.2, Max: 233457.4, Diff: 0.4]
      [Ext Root Scanning (ms): Min: 0.5, Avg: 0.7, Max: 1.0, Diff: 0.5, Sum: 9.3]
      [Update RS (ms): Min: 16.2, Avg: 16.7, Max: 17.9, Diff: 1.7, Sum: 217.7]
         [Processed Buffers: Min: 36, Avg: 52.1, Max: 71, Diff: 35, Sum: 677]
      [Scan RS (ms): Min: 4.9, Avg: 6.1, Max: 6.4, Diff: 1.5, Sum: 79.5]
      [Code Root Scanning (ms): Min: 0.0, Avg: 0.0, Max: 0.0, Diff: 0.0, Sum: 0.0]
      [Object Copy (ms): Min: 34.9, Avg: 35.0, Max: 35.1, Diff: 0.2, Sum: 454.6]
      [Termination (ms): Min: 0.0, Avg: 0.0, Max: 0.0, Diff: 0.0, Sum: 0.2]
      [GC Worker Other (ms): Min: 0.0, Avg: 0.0, Max: 0.1, Diff: 0.1, Sum: 0.4]
      [GC Worker Total (ms): Min: 58.4, Avg: 58.6, Max: 58.8, Diff: 0.4, Sum: 761.6]
      [GC Worker End (ms): Min: 233515.8, Avg: 233515.8, Max: 233515.9, Diff: 0.1]
   [Code Root Fixup: 0.3 ms]
   [Code Root Migration: 0.0 ms]
   [Clear CT: 3.4 ms]
   [Other: 3.5 ms]
      [Choose CSet: 0.0 ms]
      [Ref Proc: 0.8 ms]
      [Ref Enq: 0.0 ms]
      [Free CSet: 0.7 ms]
   [Eden: 1104.0M(1104.0M)->0.0B(1056.0M) Survivors: 112.0M->160.0M Heap: 13.2G(24.0G)->12.3G(24.0G)]
 [Times: user=0.80 sys=0.00, real=0.07 secs] 
2014-04-07T18:30:33.151+0900: 234.811: [GC pause (G1 Evacuation Pause) (mixed), 0.1299799 secs]
   [Parallel Time: 118.8 ms, GC Workers: 13]
      [GC Worker Start (ms): Min: 234811.2, Avg: 234811.5, Max: 234811.7, Diff: 0.5]
      [Ext Root Scanning (ms): Min: 0.6, Avg: 0.9, Max: 1.5, Diff: 0.9, Sum: 11.2]
      [Update RS (ms): Min: 12.1, Avg: 12.2, Max: 12.9, Diff: 0.8, Sum: 159.1]
         [Processed Buffers: Min: 27, Avg: 34.4, Max: 42, Diff: 15, Sum: 447]
      [Scan RS (ms): Min: 24.9, Avg: 25.5, Max: 25.8, Diff: 0.9, Sum: 331.1]
      [Code Root Scanning (ms): Min: 0.0, Avg: 0.0, Max: 0.0, Diff: 0.0, Sum: 0.0]
      [Object Copy (ms): Min: 78.7, Avg: 78.9, Max: 79.0, Diff: 0.3, Sum: 1025.5]
      [Termination (ms): Min: 0.0, Avg: 0.0, Max: 0.0, Diff: 0.0, Sum: 0.0]
      [GC Worker Other (ms): Min: 0.0, Avg: 0.0, Max: 0.1, Diff: 0.1, Sum: 0.5]
      [GC Worker Total (ms): Min: 117.2, Avg: 117.5, Max: 117.8, Diff: 0.6, Sum: 1527.5]
      [GC Worker End (ms): Min: 234928.9, Avg: 234929.0, Max: 234929.1, Diff: 0.1]
   [Code Root Fixup: 0.2 ms]
   [Code Root Migration: 0.0 ms]
   [Clear CT: 3.5 ms]
   [Other: 7.4 ms]
      [Choose CSet: 0.2 ms]
      [Ref Proc: 1.1 ms]
      [Ref Enq: 0.0 ms]
      [Free CSet: 1.7 ms]
   [Eden: 1056.0M(1056.0M)->0.0B(1056.0M) Survivors: 160.0M->160.0M Heap: 13.7G(24.0G)->12.6G(24.0G)]
 [Times: user=1.58 sys=0.00, real=0.13 secs] 
2014-04-07T18:30:33.286+0900: 234.946: [GC pause (G1 Humongous Allocation) (young) (initial-mark), 0.1082099 secs]
   [Parallel Time: 104.4 ms, GC Workers: 13]
      [GC Worker Start (ms): Min: 234946.5, Avg: 234946.7, Max: 234947.0, Diff: 0.4]
      [Ext Root Scanning (ms): Min: 0.4, Avg: 0.7, Max: 2.7, Diff: 2.3, Sum: 8.6]
      [Code Root Marking (ms): Min: 0.0, Avg: 0.6, Max: 4.8, Diff: 4.7, Sum: 8.2]
      [Update RS (ms): Min: 74.2, Avg: 78.2, Max: 79.7, Diff: 5.5, Sum: 1017.1]
         [Processed Buffers: Min: 33, Avg: 43.9, Max: 62, Diff: 29, Sum: 571]
      [Scan RS (ms): Min: 0.0, Avg: 0.0, Max: 0.0, Diff: 0.0, Sum: 0.1]
      [Code Root Scanning (ms): Min: 0.0, Avg: 0.0, Max: 0.0, Diff: 0.0, Sum: 0.0]
      [Object Copy (ms): Min: 23.3, Avg: 24.0, Max: 24.4, Diff: 1.1, Sum: 312.3]
      [Termination (ms): Min: 0.0, Avg: 0.0, Max: 0.0, Diff: 0.0, Sum: 0.0]
      [GC Worker Other (ms): Min: 0.0, Avg: 0.0, Max: 0.0, Diff: 0.0, Sum: 0.3]
      [GC Worker Total (ms): Min: 103.3, Avg: 103.6, Max: 103.8, Diff: 0.4, Sum: 1346.6]
      [GC Worker End (ms): Min: 235050.3, Avg: 235050.3, Max: 235050.3, Diff: 0.0]
   [Code Root Fixup: 0.2 ms]
   [Code Root Migration: 0.0 ms]
   [Clear CT: 0.7 ms]
   [Other: 2.9 ms]
      [Choose CSet: 0.0 ms]
      [Ref Proc: 0.6 ms]
      [Ref Enq: 0.0 ms]
      [Free CSet: 0.1 ms]
   [Eden: 16.0M(1056.0M)->0.0B(1184.0M) Survivors: 160.0M->96.0M Heap: 12.6G(24.0G)->12.7G(24.0G)]
 [Times: user=1.35 sys=0.00, real=0.11 secs] 
2014-04-07T18:30:33.395+0900: 235.055: [GC concurrent-root-region-scan-start]
2014-04-07T18:30:33.395+0900: 235.055: [GC concurrent-root-region-scan-end, 0.0001629 secs]
2014-04-07T18:30:33.395+0900: 235.055: [GC concurrent-mark-start]
2014-04-07T18:30:34.776+0900: 236.436: [GC pause (G1 Evacuation Pause) (young), 0.0389722 secs]
   [Parallel Time: 34.1 ms, GC Workers: 13]
      [GC Worker Start (ms): Min: 236436.7, Avg: 236437.0, Max: 236437.2, Diff: 0.4]
      [Ext Root Scanning (ms): Min: 0.5, Avg: 0.7, Max: 0.9, Diff: 0.4, Sum: 8.5]
      [SATB Filtering (ms): Min: 0.0, Avg: 0.0, Max: 0.2, Diff: 0.2, Sum: 0.2]
      [Update RS (ms): Min: 14.5, Avg: 14.7, Max: 15.2, Diff: 0.7, Sum: 191.5]
         [Processed Buffers: Min: 39, Avg: 47.0, Max: 59, Diff: 20, Sum: 611]
      [Scan RS (ms): Min: 0.6, Avg: 1.4, Max: 1.6, Diff: 1.0, Sum: 18.5]
      [Code Root Scanning (ms): Min: 0.0, Avg: 0.0, Max: 0.0, Diff: 0.0, Sum: 0.0]
      [Object Copy (ms): Min: 16.1, Avg: 16.2, Max: 16.2, Diff: 0.1, Sum: 210.2]
      [Termination (ms): Min: 0.0, Avg: 0.0, Max: 0.0, Diff: 0.0, Sum: 0.0]
      [GC Worker Other (ms): Min: 0.0, Avg: 0.1, Max: 0.2, Diff: 0.2, Sum: 0.7]
      [GC Worker Total (ms): Min: 32.8, Avg: 33.0, Max: 33.3, Diff: 0.5, Sum: 429.5]
      [GC Worker End (ms): Min: 236470.0, Avg: 236470.0, Max: 236470.2, Diff: 0.2]
   [Code Root Fixup: 0.1 ms]
   [Code Root Migration: 0.0 ms]
   [Clear CT: 2.6 ms]
   [Other: 2.2 ms]
      [Choose CSet: 0.0 ms]
      [Ref Proc: 1.0 ms]
      [Ref Enq: 0.0 ms]
      [Free CSet: 0.4 ms]
   [Eden: 1184.0M(1184.0M)->0.0B(2448.0M) Survivors: 96.0M->128.0M Heap: 14.1G(24.0G)->12.9G(24.0G)]
 [Times: user=0.45 sys=0.00, real=0.04 secs] 
2014-04-07T18:30:35.010+0900: 236.670: [GC concurrent-mark-end, 1.6150142 secs]
2014-04-07T18:30:35.011+0900: 236.671: [GC remark 236.672: [GC ref-proc, 0.0042811 secs], 0.0294117 secs]
 [Times: user=0.25 sys=0.00, real=0.03 secs] 
2014-04-07T18:30:35.042+0900: 236.702: [GC cleanup 13G->12G(24G), 0.0261879 secs]
 [Times: user=0.31 sys=0.00, real=0.03 secs] 
2014-04-07T18:30:35.069+0900: 236.729: [GC concurrent-cleanup-start]
2014-04-07T18:30:35.069+0900: 236.729: [GC concurrent-cleanup-end, 0.0006938 secs]
2014-04-07T18:30:52.533+0900: 254.193: [GC pause (G1 Evacuation Pause) (young), 0.0732786 secs]
   [Parallel Time: 64.8 ms, GC Workers: 13]
      [GC Worker Start (ms): Min: 254193.7, Avg: 254194.0, Max: 254194.2, Diff: 0.5]
      [Ext Root Scanning (ms): Min: 0.5, Avg: 0.7, Max: 1.2, Diff: 0.7, Sum: 9.7]
      [Update RS (ms): Min: 19.0, Avg: 19.7, Max: 20.0, Diff: 1.0, Sum: 255.8]
         [Processed Buffers: Min: 41, Avg: 52.4, Max: 88, Diff: 47, Sum: 681]
      [Scan RS (ms): Min: 5.8, Avg: 6.2, Max: 6.4, Diff: 0.6, Sum: 80.7]
      [Code Root Scanning (ms): Min: 0.0, Avg: 0.0, Max: 0.0, Diff: 0.0, Sum: 0.1]
      [Object Copy (ms): Min: 36.5, Avg: 36.7, Max: 36.9, Diff: 0.4, Sum: 476.9]
      [Termination (ms): Min: 0.0, Avg: 0.2, Max: 0.2, Diff: 0.2, Sum: 2.6]
      [GC Worker Other (ms): Min: 0.0, Avg: 0.1, Max: 0.2, Diff: 0.1, Sum: 0.8]
      [GC Worker Total (ms): Min: 63.3, Avg: 63.6, Max: 63.9, Diff: 0.5, Sum: 826.5]
      [GC Worker End (ms): Min: 254257.5, Avg: 254257.5, Max: 254257.6, Diff: 0.1]
   [Code Root Fixup: 0.4 ms]
   [Code Root Migration: 0.1 ms]
   [Clear CT: 4.2 ms]
   [Other: 3.8 ms]
      [Choose CSet: 0.0 ms]
      [Ref Proc: 1.2 ms]
      [Ref Enq: 0.0 ms]
      [Free CSet: 0.7 ms]
   [Eden: 2448.0M(2448.0M)->0.0B(912.0M) Survivors: 128.0M->304.0M Heap: 14.9G(24.0G)->12.6G(24.0G)]
 [Times: user=0.87 sys=0.00, real=0.08 secs] 
2014-04-07T18:30:53.651+0900: 255.311: [GC pause (G1 Evacuation Pause) (mixed), 0.1199033 secs]
   [Parallel Time: 107.4 ms, GC Workers: 13]
      [GC Worker Start (ms): Min: 255311.4, Avg: 255311.7, Max: 255311.9, Diff: 0.5]
      [Ext Root Scanning (ms): Min: 0.6, Avg: 0.8, Max: 1.5, Diff: 0.9, Sum: 10.4]
      [Update RS (ms): Min: 20.2, Avg: 20.8, Max: 21.4, Diff: 1.2, Sum: 270.6]
         [Processed Buffers: Min: 41, Avg: 51.0, Max: 69, Diff: 28, Sum: 663]
      [Scan RS (ms): Min: 18.8, Avg: 19.4, Max: 19.8, Diff: 1.0, Sum: 251.8]
      [Code Root Scanning (ms): Min: 0.0, Avg: 0.0, Max: 0.0, Diff: 0.0, Sum: 0.1]
      [Object Copy (ms): Min: 64.7, Avg: 64.9, Max: 65.1, Diff: 0.4, Sum: 843.7]
      [Termination (ms): Min: 0.0, Avg: 0.0, Max: 0.0, Diff: 0.0, Sum: 0.1]
      [GC Worker Other (ms): Min: 0.0, Avg: 0.1, Max: 0.2, Diff: 0.2, Sum: 0.7]
      [GC Worker Total (ms): Min: 105.7, Avg: 105.9, Max: 106.3, Diff: 0.6, Sum: 1377.3]
      [GC Worker End (ms): Min: 255417.6, Avg: 255417.6, Max: 255417.8, Diff: 0.2]
   [Code Root Fixup: 0.3 ms]
   [Code Root Migration: 0.0 ms]
   [Clear CT: 4.9 ms]
   [Other: 7.3 ms]
      [Choose CSet: 0.1 ms]
      [Ref Proc: 1.2 ms]
      [Ref Enq: 0.0 ms]
      [Free CSet: 1.4 ms]
   [Eden: 912.0M(912.0M)->0.0B(3328.0M) Survivors: 304.0M->160.0M Heap: 13.9G(24.0G)->12.9G(24.0G)]
 [Times: user=1.43 sys=0.00, real=0.12 secs] 
2014-04-07T18:30:53.792+0900: 255.452: [GC pause (G1 Humongous Allocation) (young) (initial-mark), 0.0813137 secs]
   [Parallel Time: 78.2 ms, GC Workers: 13]
      [GC Worker Start (ms): Min: 255452.4, Avg: 255452.7, Max: 255452.9, Diff: 0.5]
      [Ext Root Scanning (ms): Min: 0.4, Avg: 0.7, Max: 2.4, Diff: 2.0, Sum: 9.0]
      [Code Root Marking (ms): Min: 0.0, Avg: 0.8, Max: 6.6, Diff: 6.6, Sum: 10.0]
      [Update RS (ms): Min: 49.2, Avg: 54.5, Max: 55.8, Diff: 6.7, Sum: 708.4]
         [Processed Buffers: Min: 26, Avg: 34.0, Max: 48, Diff: 22, Sum: 442]
      [Scan RS (ms): Min: 0.0, Avg: 0.0, Max: 0.0, Diff: 0.0, Sum: 0.1]
      [Code Root Scanning (ms): Min: 0.0, Avg: 0.0, Max: 0.0, Diff: 0.0, Sum: 0.0]
      [Object Copy (ms): Min: 21.2, Avg: 21.8, Max: 22.4, Diff: 1.2, Sum: 282.8]
      [Termination (ms): Min: 0.0, Avg: 0.0, Max: 0.0, Diff: 0.0, Sum: 0.0]
      [GC Worker Other (ms): Min: 0.0, Avg: 0.0, Max: 0.0, Diff: 0.0, Sum: 0.3]
      [GC Worker Total (ms): Min: 77.5, Avg: 77.7, Max: 78.0, Diff: 0.5, Sum: 1010.7]
      [GC Worker End (ms): Min: 255530.4, Avg: 255530.4, Max: 255530.4, Diff: 0.0]
   [Code Root Fixup: 0.4 ms]
   [Code Root Migration: 0.0 ms]
   [Clear CT: 0.2 ms]
   [Other: 2.5 ms]
      [Choose CSet: 0.0 ms]
      [Ref Proc: 0.3 ms]
      [Ref Enq: 0.0 ms]
      [Free CSet: 0.1 ms]
   [Eden: 16.0M(3328.0M)->0.0B(2368.0M) Survivors: 160.0M->192.0M Heap: 12.9G(24.0G)->12.9G(24.0G)]
 [Times: user=1.00 sys=0.00, real=0.08 secs] 
2014-04-07T18:30:53.874+0900: 255.534: [GC concurrent-root-region-scan-start]
2014-04-07T18:30:53.890+0900: 255.550: [GC concurrent-root-region-scan-end, 0.0159597 secs]
2014-04-07T18:30:53.890+0900: 255.550: [GC concurrent-mark-start]
2014-04-07T18:30:55.219+0900: 256.879: [GC concurrent-mark-end, 1.3291468 secs]
2014-04-07T18:30:55.220+0900: 256.880: [GC remark 256.881: [GC ref-proc, 0.0034843 secs], 0.0248501 secs]
 [Times: user=0.21 sys=0.00, real=0.02 secs] 
2014-04-07T18:30:55.245+0900: 256.906: [GC cleanup 13G->13G(24G), 0.0251263 secs]
 [Times: user=0.29 sys=0.00, real=0.02 secs] 
2014-04-07T18:30:55.271+0900: 256.931: [GC concurrent-cleanup-start]
2014-04-07T18:30:55.272+0900: 256.932: [GC concurrent-cleanup-end, 0.0007675 secs]
2014-04-07T18:30:57.478+0900: 259.138: [GC pause (G1 Evacuation Pause) (young), 0.1111349 secs]
   [Parallel Time: 100.7 ms, GC Workers: 13]
      [GC Worker Start (ms): Min: 259138.7, Avg: 259139.0, Max: 259139.2, Diff: 0.5]
      [Ext Root Scanning (ms): Min: 0.5, Avg: 0.7, Max: 1.1, Diff: 0.6, Sum: 9.3]
      [Update RS (ms): Min: 12.8, Avg: 13.0, Max: 13.1, Diff: 0.3, Sum: 168.9]
         [Processed Buffers: Min: 30, Avg: 36.9, Max: 52, Diff: 22, Sum: 480]
      [Scan RS (ms): Min: 19.6, Avg: 19.9, Max: 20.1, Diff: 0.5, Sum: 259.2]
      [Code Root Scanning (ms): Min: 0.0, Avg: 0.0, Max: 0.0, Diff: 0.0, Sum: 0.0]
      [Object Copy (ms): Min: 65.7, Avg: 65.9, Max: 66.2, Diff: 0.4, Sum: 856.4]
      [Termination (ms): Min: 0.0, Avg: 0.0, Max: 0.0, Diff: 0.0, Sum: 0.0]
      [GC Worker Other (ms): Min: 0.0, Avg: 0.0, Max: 0.2, Diff: 0.1, Sum: 0.6]
      [GC Worker Total (ms): Min: 99.3, Avg: 99.6, Max: 99.9, Diff: 0.6, Sum: 1294.5]
      [GC Worker End (ms): Min: 259238.5, Avg: 259238.5, Max: 259238.6, Diff: 0.1]
   [Code Root Fixup: 0.2 ms]
   [Code Root Migration: 0.0 ms]
   [Clear CT: 4.0 ms]
   [Other: 6.1 ms]
      [Choose CSet: 0.0 ms]
      [Ref Proc: 0.8 ms]
      [Ref Enq: 0.0 ms]
      [Free CSet: 1.3 ms]
   [Eden: 1536.0M(1536.0M)->0.0B(992.0M) Survivors: 192.0M->224.0M Heap: 14.2G(24.0G)->13.0G(24.0G)]
 [Times: user=1.35 sys=0.00, real=0.11 secs] 
2014-04-07T18:30:58.847+0900: 260.507: [GC pause (G1 Evacuation Pause) (mixed), 0.2101316 secs]
   [Parallel Time: 193.2 ms, GC Workers: 13]
      [GC Worker Start (ms): Min: 260508.0, Avg: 260508.3, Max: 260508.5, Diff: 0.5]
      [Ext Root Scanning (ms): Min: 0.5, Avg: 0.7, Max: 1.1, Diff: 0.6, Sum: 9.1]
      [Update RS (ms): Min: 16.5, Avg: 17.1, Max: 19.1, Diff: 2.6, Sum: 221.9]
         [Processed Buffers: Min: 41, Avg: 49.0, Max: 65, Diff: 24, Sum: 637]
      [Scan RS (ms): Min: 45.4, Avg: 47.4, Max: 47.9, Diff: 2.5, Sum: 616.1]
      [Code Root Scanning (ms): Min: 0.0, Avg: 0.0, Max: 0.0, Diff: 0.0, Sum: 0.1]
      [Object Copy (ms): Min: 126.3, Avg: 126.6, Max: 127.0, Diff: 0.7, Sum: 1646.4]
      [Termination (ms): Min: 0.0, Avg: 0.4, Max: 0.5, Diff: 0.5, Sum: 5.1]
      [GC Worker Other (ms): Min: 0.0, Avg: 0.0, Max: 0.1, Diff: 0.0, Sum: 0.5]
      [GC Worker Total (ms): Min: 192.0, Avg: 192.2, Max: 192.5, Diff: 0.5, Sum: 2499.2]
      [GC Worker End (ms): Min: 260700.5, Avg: 260700.5, Max: 260700.6, Diff: 0.1]
   [Code Root Fixup: 0.3 ms]
   [Code Root Migration: 0.1 ms]
   [Clear CT: 5.4 ms]
   [Other: 11.2 ms]
      [Choose CSet: 0.6 ms]
      [Ref Proc: 1.4 ms]
      [Ref Enq: 0.0 ms]
      [Free CSet: 2.5 ms]
   [Eden: 992.0M(992.0M)->0.0B(1056.0M) Survivors: 224.0M->160.0M Heap: 14.4G(24.0G)->12.9G(24.0G)]
 [Times: user=2.55 sys=0.02, real=0.21 secs] 
2014-04-07T18:31:00.366+0900: 262.026: [GC pause (G1 Evacuation Pause) (mixed), 0.2056769 secs]
   [Parallel Time: 188.6 ms, GC Workers: 13]
      [GC Worker Start (ms): Min: 262027.4, Avg: 262027.7, Max: 262027.8, Diff: 0.4]
      [Ext Root Scanning (ms): Min: 0.6, Avg: 0.8, Max: 1.6, Diff: 1.0, Sum: 10.2]
      [Update RS (ms): Min: 14.7, Avg: 15.4, Max: 15.7, Diff: 1.0, Sum: 200.7]
         [Processed Buffers: Min: 40, Avg: 49.5, Max: 67, Diff: 27, Sum: 643]
      [Scan RS (ms): Min: 55.5, Avg: 55.8, Max: 56.1, Diff: 0.6, Sum: 725.5]
      [Code Root Scanning (ms): Min: 0.0, Avg: 0.0, Max: 0.0, Diff: 0.0, Sum: 0.1]
      [Object Copy (ms): Min: 115.0, Avg: 115.2, Max: 115.4, Diff: 0.4, Sum: 1497.4]
      [Termination (ms): Min: 0.0, Avg: 0.1, Max: 0.1, Diff: 0.1, Sum: 1.3]
      [GC Worker Other (ms): Min: 0.0, Avg: 0.0, Max: 0.1, Diff: 0.1, Sum: 0.4]
      [GC Worker Total (ms): Min: 187.2, Avg: 187.4, Max: 187.6, Diff: 0.4, Sum: 2435.7]
      [GC Worker End (ms): Min: 262215.0, Avg: 262215.0, Max: 262215.1, Diff: 0.1]
   [Code Root Fixup: 0.3 ms]
   [Code Root Migration: 0.1 ms]
   [Clear CT: 5.4 ms]
   [Other: 11.3 ms]
      [Choose CSet: 0.7 ms]
      [Ref Proc: 1.0 ms]
      [Ref Enq: 0.0 ms]
      [Free CSet: 2.9 ms]
   [Eden: 1056.0M(1056.0M)->0.0B(1056.0M) Survivors: 160.0M->160.0M Heap: 14.4G(24.0G)->12.9G(24.0G)]
 [Times: user=2.50 sys=0.00, real=0.21 secs] 
2014-04-07T18:31:01.743+0900: 263.403: [GC pause (G1 Evacuation Pause) (mixed), 0.2170203 secs]
   [Parallel Time: 198.6 ms, GC Workers: 13]
      [GC Worker Start (ms): Min: 263404.4, Avg: 263404.6, Max: 263404.8, Diff: 0.4]
      [Ext Root Scanning (ms): Min: 0.5, Avg: 0.7, Max: 1.2, Diff: 0.7, Sum: 9.6]
      [Update RS (ms): Min: 20.0, Avg: 20.5, Max: 23.9, Diff: 3.9, Sum: 266.8]
         [Processed Buffers: Min: 44, Avg: 57.8, Max: 69, Diff: 25, Sum: 752]
      [Scan RS (ms): Min: 55.9, Avg: 59.2, Max: 60.2, Diff: 4.3, Sum: 770.2]
      [Code Root Scanning (ms): Min: 0.0, Avg: 0.0, Max: 0.0, Diff: 0.0, Sum: 0.1]
      [Object Copy (ms): Min: 116.7, Avg: 117.1, Max: 117.4, Diff: 0.7, Sum: 1521.7]
      [Termination (ms): Min: 0.0, Avg: 0.0, Max: 0.0, Diff: 0.0, Sum: 0.0]
      [GC Worker Other (ms): Min: 0.0, Avg: 0.0, Max: 0.1, Diff: 0.1, Sum: 0.5]
      [GC Worker Total (ms): Min: 197.4, Avg: 197.6, Max: 197.8, Diff: 0.4, Sum: 2568.9]
      [GC Worker End (ms): Min: 263602.2, Avg: 263602.2, Max: 263602.2, Diff: 0.1]
   [Code Root Fixup: 0.3 ms]
   [Code Root Migration: 0.1 ms]
   [Clear CT: 5.7 ms]
   [Other: 12.2 ms]
      [Choose CSet: 0.8 ms]
      [Ref Proc: 0.8 ms]
      [Ref Enq: 0.0 ms]
      [Free CSet: 3.1 ms]
   [Eden: 1056.0M(1056.0M)->0.0B(1056.0M) Survivors: 160.0M->160.0M Heap: 14.4G(24.0G)->13.0G(24.0G)]
 [Times: user=2.64 sys=0.00, real=0.22 secs] 
2014-04-07T18:31:03.272+0900: 264.932: [GC pause (G1 Evacuation Pause) (mixed), 0.1439118 secs]
   [Parallel Time: 130.9 ms, GC Workers: 13]
      [GC Worker Start (ms): Min: 264932.8, Avg: 264933.0, Max: 264933.2, Diff: 0.4]
      [Ext Root Scanning (ms): Min: 0.6, Avg: 0.8, Max: 1.4, Diff: 0.9, Sum: 10.0]
      [Update RS (ms): Min: 15.6, Avg: 16.1, Max: 16.5, Diff: 0.8, Sum: 209.9]
         [Processed Buffers: Min: 36, Avg: 46.5, Max: 64, Diff: 28, Sum: 605]
      [Scan RS (ms): Min: 32.6, Avg: 32.9, Max: 33.4, Diff: 0.8, Sum: 428.3]
      [Code Root Scanning (ms): Min: 0.0, Avg: 0.0, Max: 0.0, Diff: 0.0, Sum: 0.1]
      [Object Copy (ms): Min: 80.1, Avg: 80.5, Max: 80.8, Diff: 0.7, Sum: 1046.9]
      [Termination (ms): Min: 0.0, Avg: 0.0, Max: 0.0, Diff: 0.0, Sum: 0.0]
      [GC Worker Other (ms): Min: 0.0, Avg: 0.0, Max: 0.1, Diff: 0.1, Sum: 0.5]
      [GC Worker Total (ms): Min: 130.3, Avg: 130.4, Max: 130.6, Diff: 0.3, Sum: 1695.7]
      [GC Worker End (ms): Min: 265063.4, Avg: 265063.4, Max: 265063.5, Diff: 0.1]
   [Code Root Fixup: 0.3 ms]
   [Code Root Migration: 0.0 ms]
   [Clear CT: 5.0 ms]
   [Other: 7.7 ms]
      [Choose CSet: 0.3 ms]
      [Ref Proc: 0.5 ms]
      [Ref Enq: 0.0 ms]
      [Free CSet: 1.8 ms]
   [Eden: 1056.0M(1056.0M)->0.0B(1056.0M) Survivors: 160.0M->160.0M Heap: 14.5G(24.0G)->13.5G(24.0G)]
 [Times: user=1.75 sys=0.00, real=0.14 secs] 
2014-04-07T18:31:03.428+0900: 265.089: [GC pause (G1 Humongous Allocation) (young) (initial-mark), 0.1048657 secs]
   [Parallel Time: 100.1 ms, GC Workers: 13]
      [GC Worker Start (ms): Min: 265088.8, Avg: 265089.0, Max: 265089.2, Diff: 0.4]
      [Ext Root Scanning (ms): Min: 0.4, Avg: 0.6, Max: 2.0, Diff: 1.6, Sum: 8.3]
      [Code Root Marking (ms): Min: 0.0, Avg: 0.8, Max: 6.7, Diff: 6.7, Sum: 10.1]
      [Update RS (ms): Min: 67.7, Avg: 74.1, Max: 75.9, Diff: 8.2, Sum: 963.3]
         [Processed Buffers: Min: 39, Avg: 47.3, Max: 66, Diff: 27, Sum: 615]
      [Scan RS (ms): Min: 0.0, Avg: 0.0, Max: 0.0, Diff: 0.0, Sum: 0.1]
      [Code Root Scanning (ms): Min: 0.0, Avg: 0.0, Max: 0.0, Diff: 0.0, Sum: 0.0]
      [Object Copy (ms): Min: 23.0, Avg: 24.0, Max: 24.8, Diff: 1.8, Sum: 311.9]
      [Termination (ms): Min: 0.0, Avg: 0.0, Max: 0.0, Diff: 0.0, Sum: 0.0]
      [GC Worker Other (ms): Min: 0.0, Avg: 0.0, Max: 0.0, Diff: 0.0, Sum: 0.3]
      [GC Worker Total (ms): Min: 99.4, Avg: 99.5, Max: 99.8, Diff: 0.4, Sum: 1294.1]
      [GC Worker End (ms): Min: 265188.6, Avg: 265188.6, Max: 265188.6, Diff: 0.0]
   [Code Root Fixup: 0.3 ms]
   [Code Root Migration: 0.0 ms]
   [Clear CT: 1.1 ms]
   [Other: 3.4 ms]
      [Choose CSet: 0.0 ms]
      [Ref Proc: 1.0 ms]
      [Ref Enq: 0.0 ms]
      [Free CSet: 0.1 ms]
   [Eden: 32.0M(1056.0M)->0.0B(1104.0M) Survivors: 160.0M->112.0M Heap: 13.6G(24.0G)->13.7G(24.0G)]
 [Times: user=1.29 sys=0.00, real=0.10 secs] 
2014-04-07T18:31:03.534+0900: 265.194: [GC concurrent-root-region-scan-start]
2014-04-07T18:31:03.534+0900: 265.194: [GC concurrent-root-region-scan-end, 0.0005269 secs]
2014-04-07T18:31:03.534+0900: 265.194: [GC concurrent-mark-start]
2014-04-07T18:31:05.003+0900: 266.663: [GC concurrent-mark-end, 1.4686461 secs]
2014-04-07T18:31:05.004+0900: 266.664: [GC remark 266.665: [GC ref-proc, 0.0037218 secs], 0.0291662 secs]
 [Times: user=0.25 sys=0.00, real=0.03 secs] 
2014-04-07T18:31:05.035+0900: 266.695: [GC cleanup 14G->12G(24G), 0.0239544 secs]
 [Times: user=0.28 sys=0.01, real=0.03 secs] 
2014-04-07T18:31:05.060+0900: 266.720: [GC concurrent-cleanup-start]
2014-04-07T18:31:05.062+0900: 266.722: [GC concurrent-cleanup-end, 0.0021174 secs]
2014-04-07T18:31:06.179+0900: 267.839: [GC pause (G1 Evacuation Pause) (young), 0.0697718 secs]
   [Parallel Time: 61.3 ms, GC Workers: 13]
      [GC Worker Start (ms): Min: 267839.3, Avg: 267839.6, Max: 267839.9, Diff: 0.6]
      [Ext Root Scanning (ms): Min: 0.5, Avg: 0.8, Max: 1.3, Diff: 0.8, Sum: 9.8]
      [Update RS (ms): Min: 11.5, Avg: 12.1, Max: 14.9, Diff: 3.5, Sum: 156.7]
         [Processed Buffers: Min: 31, Avg: 38.0, Max: 49, Diff: 18, Sum: 494]
      [Scan RS (ms): Min: 4.8, Avg: 7.5, Max: 8.3, Diff: 3.5, Sum: 97.9]
      [Code Root Scanning (ms): Min: 0.0, Avg: 0.0, Max: 0.0, Diff: 0.0, Sum: 0.0]
      [Object Copy (ms): Min: 39.1, Avg: 39.2, Max: 39.4, Diff: 0.3, Sum: 509.8]
      [Termination (ms): Min: 0.0, Avg: 0.0, Max: 0.0, Diff: 0.0, Sum: 0.0]
      [GC Worker Other (ms): Min: 0.0, Avg: 0.0, Max: 0.1, Diff: 0.0, Sum: 0.4]
      [GC Worker Total (ms): Min: 59.3, Avg: 59.6, Max: 59.9, Diff: 0.6, Sum: 774.7]
      [GC Worker End (ms): Min: 267899.2, Avg: 267899.2, Max: 267899.2, Diff: 0.0]
   [Code Root Fixup: 0.3 ms]
   [Code Root Migration: 0.0 ms]
   [Clear CT: 3.8 ms]
   [Other: 4.4 ms]
      [Choose CSet: 0.0 ms]
      [Ref Proc: 1.5 ms]
      [Ref Enq: 0.0 ms]
      [Free CSet: 1.1 ms]
   [Eden: 1104.0M(1104.0M)->0.0B(1056.0M) Survivors: 112.0M->160.0M Heap: 13.0G(24.0G)->12.1G(24.0G)]
 [Times: user=0.81 sys=0.01, real=0.07 secs] 
2014-04-07T18:31:07.316+0900: 268.976: [GC pause (G1 Evacuation Pause) (mixed), 0.1562934 secs]
   [Parallel Time: 139.7 ms, GC Workers: 13]
      [GC Worker Start (ms): Min: 268976.7, Avg: 268976.9, Max: 268977.2, Diff: 0.5]
      [Ext Root Scanning (ms): Min: 0.5, Avg: 0.8, Max: 1.1, Diff: 0.6, Sum: 10.0]
      [Update RS (ms): Min: 18.1, Avg: 19.1, Max: 21.5, Diff: 3.4, Sum: 247.7]
         [Processed Buffers: Min: 37, Avg: 52.4, Max: 76, Diff: 39, Sum: 681]
      [Scan RS (ms): Min: 27.5, Avg: 29.9, Max: 30.6, Diff: 3.2, Sum: 389.0]
      [Code Root Scanning (ms): Min: 0.0, Avg: 0.0, Max: 0.0, Diff: 0.0, Sum: 0.0]
      [Object Copy (ms): Min: 88.3, Avg: 88.5, Max: 88.6, Diff: 0.3, Sum: 1150.5]
      [Termination (ms): Min: 0.0, Avg: 0.0, Max: 0.0, Diff: 0.0, Sum: 0.0]
      [GC Worker Other (ms): Min: 0.0, Avg: 0.0, Max: 0.1, Diff: 0.1, Sum: 0.5]
      [GC Worker Total (ms): Min: 138.0, Avg: 138.3, Max: 138.6, Diff: 0.5, Sum: 1797.7]
      [GC Worker End (ms): Min: 269115.2, Avg: 269115.2, Max: 269115.3, Diff: 0.1]
   [Code Root Fixup: 0.3 ms]
   [Code Root Migration: 0.0 ms]
   [Clear CT: 6.1 ms]
   [Other: 10.1 ms]
      [Choose CSet: 0.3 ms]
      [Ref Proc: 1.6 ms]
      [Ref Enq: 0.0 ms]
      [Free CSet: 1.9 ms]
   [Eden: 1056.0M(1056.0M)->0.0B(1248.0M) Survivors: 160.0M->160.0M Heap: 13.6G(24.0G)->12.4G(24.0G)]
 [Times: user=1.87 sys=0.00, real=0.16 secs] 
2014-04-07T18:31:07.478+0900: 269.138: [GC pause (G1 Humongous Allocation) (young) (initial-mark), 0.1121411 secs]
   [Parallel Time: 107.7 ms, GC Workers: 13]
      [GC Worker Start (ms): Min: 269138.0, Avg: 269138.3, Max: 269138.5, Diff: 0.5]
      [Ext Root Scanning (ms): Min: 0.4, Avg: 0.7, Max: 2.0, Diff: 1.7, Sum: 8.5]
      [Code Root Marking (ms): Min: 0.0, Avg: 0.8, Max: 6.9, Diff: 6.9, Sum: 10.3]
      [Update RS (ms): Min: 77.1, Avg: 79.9, Max: 81.4, Diff: 4.3, Sum: 1039.2]
         [Processed Buffers: Min: 43, Avg: 54.8, Max: 77, Diff: 34, Sum: 713]
      [Scan RS (ms): Min: 0.0, Avg: 0.0, Max: 0.0, Diff: 0.0, Sum: 0.1]
      [Code Root Scanning (ms): Min: 0.0, Avg: 0.0, Max: 0.0, Diff: 0.0, Sum: 0.0]
      [Object Copy (ms): Min: 22.3, Avg: 25.5, Max: 26.4, Diff: 4.1, Sum: 330.9]
      [Termination (ms): Min: 0.0, Avg: 0.0, Max: 0.0, Diff: 0.0, Sum: 0.1]
      [GC Worker Other (ms): Min: 0.0, Avg: 0.0, Max: 0.0, Diff: 0.0, Sum: 0.3]
      [GC Worker Total (ms): Min: 106.7, Avg: 106.9, Max: 107.2, Diff: 0.5, Sum: 1389.4]
      [GC Worker End (ms): Min: 269245.1, Avg: 269245.1, Max: 269245.1, Diff: 0.0]
   [Code Root Fixup: 0.3 ms]
   [Code Root Migration: 0.0 ms]
   [Clear CT: 0.8 ms]
   [Other: 3.3 ms]
      [Choose CSet: 0.0 ms]
      [Ref Proc: 0.6 ms]
      [Ref Enq: 0.0 ms]
      [Free CSet: 0.1 ms]
   [Eden: 16.0M(1248.0M)->0.0B(2160.0M) Survivors: 160.0M->48.0M Heap: 12.4G(24.0G)->12.5G(24.0G)]
 [Times: user=1.38 sys=0.00, real=0.11 secs] 
2014-04-07T18:31:07.590+0900: 269.250: [GC concurrent-root-region-scan-start]
2014-04-07T18:31:07.590+0900: 269.251: [GC concurrent-root-region-scan-end, 0.0003945 secs]
2014-04-07T18:31:07.590+0900: 269.251: [GC concurrent-mark-start]
2014-04-07T18:31:09.095+0900: 270.755: [GC concurrent-mark-end, 1.5046521 secs]
2014-04-07T18:31:09.096+0900: 270.757: [GC remark 270.758: [GC ref-proc, 0.0049406 secs], 0.0363847 secs]
 [Times: user=0.31 sys=0.00, real=0.04 secs] 
2014-04-07T18:31:09.135+0900: 270.795: [GC cleanup 13G->12G(24G), 0.0262877 secs]
 [Times: user=0.29 sys=0.00, real=0.03 secs] 
2014-04-07T18:31:09.161+0900: 270.822: [GC concurrent-cleanup-start]
2014-04-07T18:31:09.162+0900: 270.822: [GC concurrent-cleanup-end, 0.0008956 secs]
2014-04-07T18:31:12.667+0900: 274.327: [GC pause (G1 Evacuation Pause) (young), 0.0951199 secs]
   [Parallel Time: 86.2 ms, GC Workers: 13]
      [GC Worker Start (ms): Min: 274327.1, Avg: 274327.5, Max: 274327.7, Diff: 0.6]
      [Ext Root Scanning (ms): Min: 0.5, Avg: 0.7, Max: 1.1, Diff: 0.6, Sum: 9.6]
      [Update RS (ms): Min: 15.2, Avg: 15.7, Max: 16.5, Diff: 1.4, Sum: 204.6]
         [Processed Buffers: Min: 33, Avg: 42.9, Max: 65, Diff: 32, Sum: 558]
      [Scan RS (ms): Min: 10.8, Avg: 11.6, Max: 11.9, Diff: 1.1, Sum: 150.7]
      [Code Root Scanning (ms): Min: 0.0, Avg: 0.0, Max: 0.0, Diff: 0.0, Sum: 0.0]
      [Object Copy (ms): Min: 56.4, Avg: 56.7, Max: 56.8, Diff: 0.4, Sum: 736.5]
      [Termination (ms): Min: 0.0, Avg: 0.0, Max: 0.0, Diff: 0.0, Sum: 0.0]
      [GC Worker Other (ms): Min: 0.0, Avg: 0.0, Max: 0.1, Diff: 0.1, Sum: 0.6]
      [GC Worker Total (ms): Min: 84.5, Avg: 84.8, Max: 85.1, Diff: 0.6, Sum: 1102.2]
      [GC Worker End (ms): Min: 274412.2, Avg: 274412.2, Max: 274412.3, Diff: 0.1]
   [Code Root Fixup: 0.1 ms]
   [Code Root Migration: 0.0 ms]
   [Clear CT: 4.0 ms]
   [Other: 4.7 ms]
      [Choose CSet: 0.0 ms]
      [Ref Proc: 1.1 ms]
      [Ref Enq: 0.0 ms]
      [Free CSet: 0.8 ms]
   [Eden: 2160.0M(2160.0M)->0.0B(928.0M) Survivors: 48.0M->288.0M Heap: 14.4G(24.0G)->12.6G(24.0G)]
 [Times: user=1.14 sys=0.00, real=0.10 secs] 
2014-04-07T18:31:22.402+0900: 284.062: [GC pause (G1 Evacuation Pause) (mixed), 0.1075594 secs]
   [Parallel Time: 96.1 ms, GC Workers: 13]
      [GC Worker Start (ms): Min: 284062.3, Avg: 284062.7, Max: 284063.0, Diff: 0.6]
      [Ext Root Scanning (ms): Min: 0.4, Avg: 0.8, Max: 1.3, Diff: 0.8, Sum: 9.9]
      [Update RS (ms): Min: 27.9, Avg: 28.4, Max: 31.1, Diff: 3.2, Sum: 369.1]
         [Processed Buffers: Min: 19, Avg: 24.4, Max: 32, Diff: 13, Sum: 317]
      [Scan RS (ms): Min: 7.3, Avg: 10.6, Max: 11.1, Diff: 3.8, Sum: 137.2]
      [Code Root Scanning (ms): Min: 0.0, Avg: 0.0, Max: 0.0, Diff: 0.0, Sum: 0.0]
      [Object Copy (ms): Min: 55.0, Avg: 55.1, Max: 55.1, Diff: 0.2, Sum: 716.0]
      [Termination (ms): Min: 0.0, Avg: 0.0, Max: 0.1, Diff: 0.1, Sum: 0.5]
      [GC Worker Other (ms): Min: 0.0, Avg: 0.0, Max: 0.1, Diff: 0.1, Sum: 0.5]
      [GC Worker Total (ms): Min: 94.6, Avg: 94.9, Max: 95.2, Diff: 0.6, Sum: 1233.2]
      [GC Worker End (ms): Min: 284157.5, Avg: 284157.5, Max: 284157.6, Diff: 0.1]
   [Code Root Fixup: 0.2 ms]
   [Code Root Migration: 0.0 ms]
   [Clear CT: 5.3 ms]
   [Other: 6.0 ms]
      [Choose CSet: 0.1 ms]
      [Ref Proc: 1.4 ms]
      [Ref Enq: 0.0 ms]
      [Free CSet: 0.7 ms]
   [Eden: 928.0M(928.0M)->0.0B(3296.0M) Survivors: 288.0M->96.0M Heap: 13.5G(24.0G)->12.5G(24.0G)]
 [Times: user=1.29 sys=0.00, real=0.10 secs] 
2014-04-07T18:31:23.441+0900: 285.101: [GC pause (G1 Humongous Allocation) (young) (initial-mark), 0.0558736 secs]
   [Parallel Time: 52.3 ms, GC Workers: 13]
      [GC Worker Start (ms): Min: 285101.1, Avg: 285101.4, Max: 285101.7, Diff: 0.6]
      [Ext Root Scanning (ms): Min: 0.3, Avg: 0.7, Max: 2.8, Diff: 2.4, Sum: 9.2]
      [Code Root Marking (ms): Min: 0.0, Avg: 0.8, Max: 6.9, Diff: 6.9, Sum: 10.1]
      [Update RS (ms): Min: 43.0, Avg: 48.6, Max: 49.7, Diff: 6.7, Sum: 632.0]
         [Processed Buffers: Min: 25, Avg: 34.6, Max: 52, Diff: 27, Sum: 450]
      [Scan RS (ms): Min: 0.0, Avg: 0.0, Max: 0.1, Diff: 0.1, Sum: 0.4]
      [Code Root Scanning (ms): Min: 0.0, Avg: 0.0, Max: 0.0, Diff: 0.0, Sum: 0.0]
      [Object Copy (ms): Min: 0.6, Avg: 1.1, Max: 2.8, Diff: 2.2, Sum: 14.2]
      [Termination (ms): Min: 0.0, Avg: 0.0, Max: 0.1, Diff: 0.0, Sum: 0.5]
      [GC Worker Other (ms): Min: 0.0, Avg: 0.0, Max: 0.1, Diff: 0.0, Sum: 0.4]
      [GC Worker Total (ms): Min: 51.0, Avg: 51.3, Max: 51.6, Diff: 0.6, Sum: 666.8]
      [GC Worker End (ms): Min: 285152.7, Avg: 285152.7, Max: 285152.7, Diff: 0.0]
   [Code Root Fixup: 0.3 ms]
   [Code Root Migration: 0.0 ms]
   [Clear CT: 1.3 ms]
   [Other: 2.0 ms]
      [Choose CSet: 0.0 ms]
      [Ref Proc: 1.1 ms]
      [Ref Enq: 0.0 ms]
      [Free CSet: 0.3 ms]
   [Eden: 960.0M(3296.0M)->0.0B(5504.0M) Survivors: 96.0M->64.0M Heap: 13.5G(24.0G)->12.5G(24.0G)]
 [Times: user=0.66 sys=0.00, real=0.05 secs] 
2014-04-07T18:31:23.497+0900: 285.157: [GC concurrent-root-region-scan-start]
2014-04-07T18:31:23.499+0900: 285.159: [GC concurrent-root-region-scan-end, 0.0023416 secs]
2014-04-07T18:31:23.499+0900: 285.159: [GC concurrent-mark-start]
2014-04-07T18:31:24.731+0900: 286.391: [GC concurrent-mark-end, 1.2321203 secs]
2014-04-07T18:31:24.733+0900: 286.393: [GC remark 286.394: [GC ref-proc, 0.0045580 secs], 0.0299272 secs]
 [Times: user=0.24 sys=0.00, real=0.03 secs] 
2014-04-07T18:31:24.764+0900: 286.424: [GC cleanup 13G->12G(24G), 0.0251924 secs]
 [Times: user=0.29 sys=0.00, real=0.02 secs] 
2014-04-07T18:31:24.790+0900: 286.450: [GC concurrent-cleanup-start]
2014-04-07T18:31:24.791+0900: 286.451: [GC concurrent-cleanup-end, 0.0007685 secs]
2014-04-07T18:31:31.011+0900: 292.671: [GC pause (G1 Evacuation Pause) (young), 0.2465361 secs]
   [Parallel Time: 232.4 ms, GC Workers: 13]
      [GC Worker Start (ms): Min: 292671.6, Avg: 292671.8, Max: 292672.0, Diff: 0.5]
      [Ext Root Scanning (ms): Min: 0.4, Avg: 0.7, Max: 0.9, Diff: 0.4, Sum: 8.7]
      [Update RS (ms): Min: 13.2, Avg: 13.6, Max: 14.1, Diff: 0.8, Sum: 177.3]
         [Processed Buffers: Min: 29, Avg: 37.3, Max: 58, Diff: 29, Sum: 485]
      [Scan RS (ms): Min: 42.2, Avg: 42.6, Max: 42.9, Diff: 0.7, Sum: 553.7]
      [Code Root Scanning (ms): Min: 0.0, Avg: 0.0, Max: 0.0, Diff: 0.0, Sum: 0.1]
      [Object Copy (ms): Min: 174.5, Avg: 174.7, Max: 174.9, Diff: 0.4, Sum: 2271.3]
      [Termination (ms): Min: 0.0, Avg: 0.0, Max: 0.0, Diff: 0.0, Sum: 0.2]
      [GC Worker Other (ms): Min: 0.0, Avg: 0.1, Max: 0.3, Diff: 0.3, Sum: 1.6]
      [GC Worker Total (ms): Min: 231.4, Avg: 231.8, Max: 232.1, Diff: 0.7, Sum: 3012.8]
      [GC Worker End (ms): Min: 292903.5, Avg: 292903.6, Max: 292903.8, Diff: 0.3]
   [Code Root Fixup: 0.1 ms]
   [Code Root Migration: 0.1 ms]
   [Clear CT: 4.6 ms]
   [Other: 9.4 ms]
      [Choose CSet: 0.0 ms]
      [Ref Proc: 1.1 ms]
      [Ref Enq: 0.0 ms]
      [Free CSet: 2.3 ms]
   [Eden: 4368.0M(2816.0M)->0.0B(848.0M) Survivors: 64.0M->368.0M Heap: 18.0G(24.0G)->14.6G(24.0G)]
 [Times: user=3.07 sys=0.00, real=0.25 secs] 
2014-04-07T18:31:32.784+0900: 294.445: [GC pause (G1 Evacuation Pause) (mixed), 0.2352815 secs]
   [Parallel Time: 217.3 ms, GC Workers: 13]
      [GC Worker Start (ms): Min: 294445.4, Avg: 294445.6, Max: 294445.8, Diff: 0.5]
      [Ext Root Scanning (ms): Min: 0.5, Avg: 0.7, Max: 1.1, Diff: 0.6, Sum: 8.9]
      [Update RS (ms): Min: 14.1, Avg: 14.7, Max: 16.2, Diff: 2.2, Sum: 190.7]
         [Processed Buffers: Min: 32, Avg: 40.1, Max: 55, Diff: 23, Sum: 521]
      [Scan RS (ms): Min: 61.1, Avg: 62.6, Max: 63.0, Diff: 1.9, Sum: 814.2]
      [Code Root Scanning (ms): Min: 0.0, Avg: 0.0, Max: 0.0, Diff: 0.0, Sum: 0.1]
      [Object Copy (ms): Min: 137.9, Avg: 138.0, Max: 138.1, Diff: 0.2, Sum: 1793.9]
      [Termination (ms): Min: 0.0, Avg: 0.0, Max: 0.0, Diff: 0.0, Sum: 0.0]
      [GC Worker Other (ms): Min: 0.0, Avg: 0.0, Max: 0.1, Diff: 0.0, Sum: 0.4]
      [GC Worker Total (ms): Min: 215.8, Avg: 216.0, Max: 216.3, Diff: 0.5, Sum: 2808.2]
      [GC Worker End (ms): Min: 294661.6, Avg: 294661.7, Max: 294661.7, Diff: 0.0]
   [Code Root Fixup: 0.3 ms]
   [Code Root Migration: 0.1 ms]
   [Clear CT: 5.4 ms]
   [Other: 12.2 ms]
      [Choose CSet: 0.5 ms]
      [Ref Proc: 1.3 ms]
      [Ref Enq: 0.0 ms]
      [Free CSet: 2.7 ms]
   [Eden: 848.0M(848.0M)->0.0B(1056.0M) Survivors: 368.0M->160.0M Heap: 15.9G(24.0G)->14.3G(24.0G)]
 [Times: user=2.88 sys=0.00, real=0.23 secs] 
2014-04-07T18:31:34.527+0900: 296.187: [GC pause (G1 Evacuation Pause) (mixed), 0.2476488 secs]
   [Parallel Time: 230.9 ms, GC Workers: 13]
      [GC Worker Start (ms): Min: 296188.1, Avg: 296188.4, Max: 296188.6, Diff: 0.5]
      [Ext Root Scanning (ms): Min: 0.5, Avg: 0.7, Max: 1.6, Diff: 1.1, Sum: 9.0]
      [Update RS (ms): Min: 19.3, Avg: 19.9, Max: 20.1, Diff: 0.8, Sum: 258.7]
         [Processed Buffers: Min: 50, Avg: 61.2, Max: 94, Diff: 44, Sum: 795]
      [Scan RS (ms): Min: 71.4, Avg: 71.6, Max: 71.8, Diff: 0.4, Sum: 931.0]
      [Code Root Scanning (ms): Min: 0.0, Avg: 0.0, Max: 0.0, Diff: 0.0, Sum: 0.1]
      [Object Copy (ms): Min: 136.7, Avg: 137.0, Max: 137.8, Diff: 1.1, Sum: 1781.0]
      [Termination (ms): Min: 0.0, Avg: 0.0, Max: 0.0, Diff: 0.0, Sum: 0.4]
      [GC Worker Other (ms): Min: 0.0, Avg: 0.1, Max: 0.3, Diff: 0.2, Sum: 0.9]
      [GC Worker Total (ms): Min: 229.1, Avg: 229.3, Max: 229.6, Diff: 0.5, Sum: 2981.1]
      [GC Worker End (ms): Min: 296417.7, Avg: 296417.7, Max: 296417.9, Diff: 0.2]
   [Code Root Fixup: 0.3 ms]
   [Code Root Migration: 0.0 ms]
   [Clear CT: 5.3 ms]
   [Other: 11.2 ms]
      [Choose CSet: 0.7 ms]
      [Ref Proc: 0.6 ms]
      [Ref Enq: 0.0 ms]
      [Free CSet: 2.7 ms]
   [Eden: 1056.0M(1056.0M)->0.0B(1056.0M) Survivors: 160.0M->160.0M Heap: 15.8G(24.0G)->14.3G(24.0G)]
 [Times: user=3.04 sys=0.00, real=0.25 secs] 
2014-04-07T18:31:36.614+0900: 298.274: [GC pause (G1 Evacuation Pause) (mixed), 0.2601649 secs]
   [Parallel Time: 241.1 ms, GC Workers: 13]
      [GC Worker Start (ms): Min: 298275.4, Avg: 298275.6, Max: 298275.8, Diff: 0.4]
      [Ext Root Scanning (ms): Min: 0.5, Avg: 0.7, Max: 1.3, Diff: 0.9, Sum: 9.5]
      [Update RS (ms): Min: 19.9, Avg: 20.4, Max: 20.5, Diff: 0.6, Sum: 265.3]
         [Processed Buffers: Min: 53, Avg: 64.9, Max: 89, Diff: 36, Sum: 844]
      [Scan RS (ms): Min: 75.1, Avg: 75.3, Max: 75.5, Diff: 0.4, Sum: 979.0]
      [Code Root Scanning (ms): Min: 0.0, Avg: 0.0, Max: 0.0, Diff: 0.0, Sum: 0.1]
      [Object Copy (ms): Min: 143.1, Avg: 143.3, Max: 143.5, Diff: 0.4, Sum: 1863.2]
      [Termination (ms): Min: 0.0, Avg: 0.0, Max: 0.0, Diff: 0.0, Sum: 0.0]
      [GC Worker Other (ms): Min: 0.0, Avg: 0.1, Max: 0.2, Diff: 0.2, Sum: 0.8]
      [GC Worker Total (ms): Min: 239.6, Avg: 239.8, Max: 240.1, Diff: 0.5, Sum: 3117.9]
      [GC Worker End (ms): Min: 298515.4, Avg: 298515.4, Max: 298515.6, Diff: 0.2]
   [Code Root Fixup: 0.2 ms]
   [Code Root Migration: 0.1 ms]
   [Clear CT: 5.8 ms]
   [Other: 12.9 ms]
      [Choose CSet: 0.9 ms]
      [Ref Proc: 1.3 ms]
      [Ref Enq: 0.0 ms]
      [Free CSet: 2.9 ms]
   [Eden: 1056.0M(1056.0M)->0.0B(1056.0M) Survivors: 160.0M->160.0M Heap: 15.9G(24.0G)->14.4G(24.0G)]
 [Times: user=3.18 sys=0.01, real=0.26 secs] 
2014-04-07T18:31:38.455+0900: 300.115: [GC pause (G1 Evacuation Pause) (mixed), 0.2482315 secs]
   [Parallel Time: 228.6 ms, GC Workers: 13]
      [GC Worker Start (ms): Min: 300116.6, Avg: 300116.8, Max: 300117.0, Diff: 0.4]
      [Ext Root Scanning (ms): Min: 0.5, Avg: 0.7, Max: 1.1, Diff: 0.6, Sum: 8.8]
      [Update RS (ms): Min: 15.7, Avg: 15.9, Max: 16.6, Diff: 0.8, Sum: 206.5]
         [Processed Buffers: Min: 44, Avg: 51.2, Max: 70, Diff: 26, Sum: 665]
      [Scan RS (ms): Min: 68.7, Avg: 70.0, Max: 70.4, Diff: 1.7, Sum: 910.4]
      [Code Root Scanning (ms): Min: 0.0, Avg: 0.0, Max: 0.0, Diff: 0.0, Sum: 0.1]
      [Object Copy (ms): Min: 140.7, Avg: 141.0, Max: 141.4, Diff: 0.6, Sum: 1833.0]
      [Termination (ms): Min: 0.0, Avg: 0.0, Max: 0.0, Diff: 0.0, Sum: 0.0]
      [GC Worker Other (ms): Min: 0.0, Avg: 0.0, Max: 0.1, Diff: 0.1, Sum: 0.6]
      [GC Worker Total (ms): Min: 227.5, Avg: 227.7, Max: 227.8, Diff: 0.3, Sum: 2959.5]
      [GC Worker End (ms): Min: 300344.5, Avg: 300344.5, Max: 300344.5, Diff: 0.1]
   [Code Root Fixup: 0.3 ms]
   [Code Root Migration: 0.0 ms]
   [Clear CT: 6.2 ms]
   [Other: 13.0 ms]
      [Choose CSet: 0.8 ms]
      [Ref Proc: 1.1 ms]
      [Ref Enq: 0.0 ms]
      [Free CSet: 3.0 ms]
   [Eden: 1056.0M(1056.0M)->0.0B(1056.0M) Survivors: 160.0M->160.0M Heap: 15.9G(24.0G)->14.5G(24.0G)]
 [Times: user=3.04 sys=0.00, real=0.25 secs] 
2014-04-07T18:31:38.815+0900: 300.475: [GC pause (G1 Humongous Allocation) (young) (initial-mark), 0.1279637 secs]
   [Parallel Time: 123.5 ms, GC Workers: 13]
      [GC Worker Start (ms): Min: 300475.7, Avg: 300476.0, Max: 300476.3, Diff: 0.6]
      [Ext Root Scanning (ms): Min: 0.4, Avg: 0.6, Max: 2.6, Diff: 2.2, Sum: 8.1]
      [Code Root Marking (ms): Min: 0.0, Avg: 0.8, Max: 6.7, Diff: 6.6, Sum: 9.8]
      [Update RS (ms): Min: 85.7, Avg: 91.1, Max: 94.5, Diff: 8.8, Sum: 1184.9]
         [Processed Buffers: Min: 50, Avg: 61.4, Max: 83, Diff: 33, Sum: 798]
      [Scan RS (ms): Min: 0.0, Avg: 0.2, Max: 0.5, Diff: 0.5, Sum: 2.0]
      [Code Root Scanning (ms): Min: 0.0, Avg: 0.0, Max: 0.0, Diff: 0.0, Sum: 0.0]
      [Object Copy (ms): Min: 26.7, Avg: 29.5, Max: 30.5, Diff: 3.8, Sum: 383.7]
      [Termination (ms): Min: 0.0, Avg: 0.0, Max: 0.0, Diff: 0.0, Sum: 0.1]
      [GC Worker Other (ms): Min: 0.0, Avg: 0.0, Max: 0.1, Diff: 0.0, Sum: 0.4]
      [GC Worker Total (ms): Min: 122.0, Avg: 122.2, Max: 122.6, Diff: 0.6, Sum: 1588.9]
      [GC Worker End (ms): Min: 300598.2, Avg: 300598.2, Max: 300598.2, Diff: 0.0]
   [Code Root Fixup: 0.3 ms]
   [Code Root Migration: 0.0 ms]
   [Clear CT: 1.3 ms]
   [Other: 2.8 ms]
      [Choose CSet: 0.0 ms]
      [Ref Proc: 1.0 ms]
      [Ref Enq: 0.0 ms]
      [Free CSet: 0.2 ms]
   [Eden: 112.0M(1056.0M)->0.0B(1104.0M) Survivors: 160.0M->112.0M Heap: 14.6G(24.0G)->14.7G(24.0G)]
 [Times: user=1.59 sys=0.00, real=0.13 secs] 
2014-04-07T18:31:38.943+0900: 300.604: [GC concurrent-root-region-scan-start]
2014-04-07T18:31:38.949+0900: 300.610: [GC concurrent-root-region-scan-end, 0.0060310 secs]
2014-04-07T18:31:38.949+0900: 300.610: [GC concurrent-mark-start]
2014-04-07T18:31:40.418+0900: 302.078: [GC concurrent-mark-end, 1.4682613 secs]
2014-04-07T18:31:40.419+0900: 302.079: [GC remark 302.080: [GC ref-proc, 0.0018902 secs], 0.0238108 secs]
 [Times: user=0.21 sys=0.00, real=0.03 secs] 
2014-04-07T18:31:40.444+0900: 302.104: [GC cleanup 15G->11G(24G), 0.0247679 secs]
 [Times: user=0.28 sys=0.00, real=0.02 secs] 
2014-04-07T18:31:40.469+0900: 302.129: [GC concurrent-cleanup-start]
2014-04-07T18:31:40.472+0900: 302.132: [GC concurrent-cleanup-end, 0.0032300 secs]
2014-04-07T18:31:41.561+0900: 303.221: [GC pause (G1 Evacuation Pause) (young), 0.0854911 secs]
   [Parallel Time: 78.3 ms, GC Workers: 13]
      [GC Worker Start (ms): Min: 303221.5, Avg: 303221.7, Max: 303222.0, Diff: 0.5]
      [Ext Root Scanning (ms): Min: 0.4, Avg: 0.7, Max: 0.9, Diff: 0.5, Sum: 8.9]
      [Update RS (ms): Min: 20.5, Avg: 20.8, Max: 22.2, Diff: 1.7, Sum: 270.0]
         [Processed Buffers: Min: 44, Avg: 60.1, Max: 83, Diff: 39, Sum: 781]
      [Scan RS (ms): Min: 3.7, Avg: 5.1, Max: 5.5, Diff: 1.8, Sum: 66.7]
      [Code Root Scanning (ms): Min: 0.0, Avg: 0.0, Max: 0.0, Diff: 0.0, Sum: 0.0]
      [Object Copy (ms): Min: 50.1, Avg: 50.2, Max: 50.5, Diff: 0.4, Sum: 653.1]
      [Termination (ms): Min: 0.0, Avg: 0.4, Max: 0.5, Diff: 0.5, Sum: 4.7]
      [GC Worker Other (ms): Min: 0.0, Avg: 0.0, Max: 0.1, Diff: 0.1, Sum: 0.5]
      [GC Worker Total (ms): Min: 77.0, Avg: 77.2, Max: 77.5, Diff: 0.5, Sum: 1004.0]
      [GC Worker End (ms): Min: 303299.0, Avg: 303299.0, Max: 303299.0, Diff: 0.1]
   [Code Root Fixup: 0.4 ms]
   [Code Root Migration: 0.0 ms]
   [Clear CT: 2.9 ms]
   [Other: 3.9 ms]
      [Choose CSet: 0.0 ms]
      [Ref Proc: 1.6 ms]
      [Ref Enq: 0.0 ms]
      [Free CSet: 0.6 ms]
   [Eden: 1104.0M(1104.0M)->0.0B(1056.0M) Survivors: 112.0M->160.0M Heap: 12.5G(24.0G)->11.6G(24.0G)]
 [Times: user=1.04 sys=0.01, real=0.09 secs] 
2014-04-07T18:31:43.044+0900: 304.704: [GC pause (G1 Evacuation Pause) (mixed), 0.1410474 secs]
   [Parallel Time: 128.2 ms, GC Workers: 13]
      [GC Worker Start (ms): Min: 304704.7, Avg: 304705.0, Max: 304705.3, Diff: 0.6]
      [Ext Root Scanning (ms): Min: 0.4, Avg: 0.7, Max: 1.5, Diff: 1.1, Sum: 9.2]
      [Update RS (ms): Min: 11.4, Avg: 12.2, Max: 13.7, Diff: 2.3, Sum: 158.5]
         [Processed Buffers: Min: 31, Avg: 38.2, Max: 49, Diff: 18, Sum: 496]
      [Scan RS (ms): Min: 25.2, Avg: 26.7, Max: 27.7, Diff: 2.5, Sum: 347.7]
      [Code Root Scanning (ms): Min: 0.0, Avg: 0.0, Max: 0.0, Diff: 0.0, Sum: 0.1]
      [Object Copy (ms): Min: 86.2, Avg: 87.0, Max: 87.3, Diff: 1.0, Sum: 1131.6]
      [Termination (ms): Min: 0.0, Avg: 0.0, Max: 0.0, Diff: 0.0, Sum: 0.0]
      [GC Worker Other (ms): Min: 0.0, Avg: 0.0, Max: 0.1, Diff: 0.1, Sum: 0.5]
      [GC Worker Total (ms): Min: 126.5, Avg: 126.7, Max: 127.0, Diff: 0.5, Sum: 1647.6]
      [GC Worker End (ms): Min: 304831.7, Avg: 304831.8, Max: 304831.9, Diff: 0.1]
   [Code Root Fixup: 0.3 ms]
   [Code Root Migration: 0.1 ms]
   [Clear CT: 5.8 ms]
   [Other: 6.7 ms]
      [Choose CSet: 0.2 ms]
      [Ref Proc: 0.9 ms]
      [Ref Enq: 0.0 ms]
      [Free CSet: 1.9 ms]
   [Eden: 1056.0M(1056.0M)->0.0B(1056.0M) Survivors: 160.0M->160.0M Heap: 13.1G(24.0G)->12.0G(24.0G)]
 [Times: user=1.72 sys=0.00, real=0.14 secs] 
2014-04-07T18:31:43.295+0900: 304.955: [GC pause (G1 Humongous Allocation) (young) (initial-mark), 0.0918762 secs]
   [Parallel Time: 87.3 ms, GC Workers: 13]
      [GC Worker Start (ms): Min: 304955.7, Avg: 304956.1, Max: 304956.3, Diff: 0.6]
      [Ext Root Scanning (ms): Min: 0.3, Avg: 0.7, Max: 3.4, Diff: 3.1, Sum: 8.6]
      [Code Root Marking (ms): Min: 0.0, Avg: 0.8, Max: 7.0, Diff: 6.9, Sum: 10.4]
      [Update RS (ms): Min: 53.9, Avg: 60.2, Max: 62.2, Diff: 8.3, Sum: 783.0]
         [Processed Buffers: Min: 34, Avg: 43.9, Max: 58, Diff: 24, Sum: 571]
      [Scan RS (ms): Min: 0.0, Avg: 0.0, Max: 0.0, Diff: 0.0, Sum: 0.1]
      [Code Root Scanning (ms): Min: 0.0, Avg: 0.0, Max: 0.0, Diff: 0.0, Sum: 0.0]
      [Object Copy (ms): Min: 22.9, Avg: 24.2, Max: 25.4, Diff: 2.4, Sum: 314.6]
      [Termination (ms): Min: 0.0, Avg: 0.0, Max: 0.0, Diff: 0.0, Sum: 0.1]
      [GC Worker Other (ms): Min: 0.0, Avg: 0.0, Max: 0.0, Diff: 0.0, Sum: 0.3]
      [GC Worker Total (ms): Min: 85.7, Avg: 85.9, Max: 86.3, Diff: 0.6, Sum: 1117.2]
      [GC Worker End (ms): Min: 305042.0, Avg: 305042.0, Max: 305042.0, Diff: 0.0]
   [Code Root Fixup: 0.2 ms]
   [Code Root Migration: 0.0 ms]
   [Clear CT: 1.4 ms]
   [Other: 2.9 ms]
      [Choose CSet: 0.0 ms]
      [Ref Proc: 1.2 ms]
      [Ref Enq: 0.0 ms]
      [Free CSet: 0.1 ms]
   [Eden: 48.0M(1056.0M)->0.0B(1296.0M) Survivors: 160.0M->96.0M Heap: 12.0G(24.0G)->12.1G(24.0G)]
 [Times: user=1.12 sys=0.00, real=0.09 secs] 
2014-04-07T18:31:43.388+0900: 305.048: [GC concurrent-root-region-scan-start]
2014-04-07T18:31:43.391+0900: 305.051: [GC concurrent-root-region-scan-end, 0.0031193 secs]
2014-04-07T18:31:43.391+0900: 305.051: [GC concurrent-mark-start]
2014-04-07T18:31:44.870+0900: 306.530: [GC concurrent-mark-end, 1.4791070 secs]
2014-04-07T18:31:44.871+0900: 306.531: [GC remark 306.532: [GC ref-proc, 0.0017542 secs], 0.0240201 secs]
 [Times: user=0.22 sys=0.00, real=0.03 secs] 
2014-04-07T18:31:44.897+0900: 306.557: [GC cleanup 12G->11G(24G), 0.0232751 secs]
 [Times: user=0.26 sys=0.00, real=0.02 secs] 
2014-04-07T18:31:44.921+0900: 306.581: [GC concurrent-cleanup-start]
2014-04-07T18:31:44.922+0900: 306.582: [GC concurrent-cleanup-end, 0.0010441 secs]
2014-04-07T18:31:46.191+0900: 307.851: [GC pause (G1 Evacuation Pause) (young), 0.0803938 secs]
   [Parallel Time: 73.8 ms, GC Workers: 13]
      [GC Worker Start (ms): Min: 307851.5, Avg: 307851.8, Max: 307852.0, Diff: 0.5]
      [Ext Root Scanning (ms): Min: 0.5, Avg: 0.7, Max: 1.3, Diff: 0.8, Sum: 9.2]
      [Update RS (ms): Min: 17.8, Avg: 18.4, Max: 19.3, Diff: 1.5, Sum: 239.5]
         [Processed Buffers: Min: 43, Avg: 52.0, Max: 66, Diff: 23, Sum: 676]
      [Scan RS (ms): Min: 4.9, Avg: 5.8, Max: 6.2, Diff: 1.3, Sum: 75.9]
      [Code Root Scanning (ms): Min: 0.0, Avg: 0.0, Max: 0.0, Diff: 0.0, Sum: 0.0]
      [Object Copy (ms): Min: 47.4, Avg: 47.6, Max: 47.8, Diff: 0.3, Sum: 619.2]
      [Termination (ms): Min: 0.0, Avg: 0.0, Max: 0.0, Diff: 0.0, Sum: 0.2]
      [GC Worker Other (ms): Min: 0.0, Avg: 0.0, Max: 0.1, Diff: 0.1, Sum: 0.6]
      [GC Worker Total (ms): Min: 72.4, Avg: 72.7, Max: 73.0, Diff: 0.6, Sum: 944.7]
      [GC Worker End (ms): Min: 307924.4, Avg: 307924.5, Max: 307924.6, Diff: 0.1]
   [Code Root Fixup: 0.2 ms]
   [Code Root Migration: 0.0 ms]
   [Clear CT: 3.0 ms]
   [Other: 3.4 ms]
      [Choose CSet: 0.0 ms]
      [Ref Proc: 1.3 ms]
      [Ref Enq: 0.0 ms]
      [Free CSet: 0.6 ms]
   [Eden: 1296.0M(1296.0M)->0.0B(1040.0M) Survivors: 96.0M->176.0M Heap: 12.9G(24.0G)->12.0G(24.0G)]
 [Times: user=0.98 sys=0.00, real=0.08 secs] 
2014-04-07T18:31:47.701+0900: 309.361: [GC pause (G1 Evacuation Pause) (mixed), 0.1204997 secs]
   [Parallel Time: 111.0 ms, GC Workers: 13]
      [GC Worker Start (ms): Min: 309361.6, Avg: 309361.8, Max: 309361.9, Diff: 0.2]
      [Ext Root Scanning (ms): Min: 0.6, Avg: 0.7, Max: 1.0, Diff: 0.3, Sum: 9.7]
      [Update RS (ms): Min: 21.0, Avg: 21.3, Max: 21.4, Diff: 0.4, Sum: 276.8]
         [Processed Buffers: Min: 56, Avg: 65.3, Max: 85, Diff: 29, Sum: 849]
      [Scan RS (ms): Min: 15.3, Avg: 15.5, Max: 16.0, Diff: 0.7, Sum: 201.8]
      [Code Root Scanning (ms): Min: 0.0, Avg: 0.0, Max: 0.0, Diff: 0.0, Sum: 0.0]
      [Object Copy (ms): Min: 72.3, Avg: 72.8, Max: 73.0, Diff: 0.8, Sum: 946.0]
      [Termination (ms): Min: 0.0, Avg: 0.0, Max: 0.0, Diff: 0.0, Sum: 0.3]
      [GC Worker Other (ms): Min: 0.0, Avg: 0.1, Max: 0.2, Diff: 0.2, Sum: 0.9]
      [GC Worker Total (ms): Min: 110.3, Avg: 110.4, Max: 110.7, Diff: 0.4, Sum: 1435.5]
      [GC Worker End (ms): Min: 309472.2, Avg: 309472.2, Max: 309472.3, Diff: 0.2]
   [Code Root Fixup: 0.2 ms]
   [Code Root Migration: 0.0 ms]
   [Clear CT: 4.4 ms]
   [Other: 4.9 ms]
      [Choose CSet: 0.1 ms]
      [Ref Proc: 0.8 ms]
      [Ref Enq: 0.0 ms]
      [Free CSet: 0.8 ms]
   [Eden: 1040.0M(1040.0M)->0.0B(2336.0M) Survivors: 176.0M->160.0M Heap: 13.5G(24.0G)->12.6G(24.0G)]
 [Times: user=1.49 sys=0.00, real=0.12 secs] 
2014-04-07T18:31:47.837+0900: 309.497: [GC pause (G1 Humongous Allocation) (young) (initial-mark), 0.0676109 secs]
   [Parallel Time: 65.1 ms, GC Workers: 13]
      [GC Worker Start (ms): Min: 309497.1, Avg: 309497.3, Max: 309497.4, Diff: 0.3]
      [Ext Root Scanning (ms): Min: 0.6, Avg: 0.8, Max: 2.3, Diff: 1.8, Sum: 10.0]
      [Code Root Marking (ms): Min: 0.0, Avg: 0.6, Max: 4.8, Diff: 4.8, Sum: 8.0]
      [Update RS (ms): Min: 35.9, Avg: 39.1, Max: 44.2, Diff: 8.3, Sum: 508.1]
         [Processed Buffers: Min: 23, Avg: 29.3, Max: 41, Diff: 18, Sum: 381]
      [Scan RS (ms): Min: 0.0, Avg: 0.0, Max: 0.0, Diff: 0.0, Sum: 0.1]
      [Code Root Scanning (ms): Min: 0.0, Avg: 0.0, Max: 0.0, Diff: 0.0, Sum: 0.0]
      [Object Copy (ms): Min: 19.7, Avg: 24.1, Max: 24.9, Diff: 5.2, Sum: 312.9]
      [Termination (ms): Min: 0.0, Avg: 0.0, Max: 0.0, Diff: 0.0, Sum: 0.0]
      [GC Worker Other (ms): Min: 0.0, Avg: 0.0, Max: 0.0, Diff: 0.0, Sum: 0.3]
      [GC Worker Total (ms): Min: 64.4, Avg: 64.6, Max: 64.8, Diff: 0.3, Sum: 839.5]
      [GC Worker End (ms): Min: 309561.8, Avg: 309561.8, Max: 309561.9, Diff: 0.0]
   [Code Root Fixup: 0.3 ms]
   [Code Root Migration: 0.0 ms]
   [Clear CT: 0.3 ms]
   [Other: 1.9 ms]
      [Choose CSet: 0.0 ms]
      [Ref Proc: 0.4 ms]
      [Ref Enq: 0.0 ms]
      [Free CSet: 0.1 ms]
   [Eden: 48.0M(2336.0M)->0.0B(2704.0M) Survivors: 160.0M->80.0M Heap: 12.7G(24.0G)->12.8G(24.0G)]
 [Times: user=0.84 sys=0.00, real=0.07 secs] 
2014-04-07T18:31:47.905+0900: 309.565: [GC concurrent-root-region-scan-start]
2014-04-07T18:31:47.905+0900: 309.565: [GC concurrent-root-region-scan-end, 0.0003719 secs]
2014-04-07T18:31:47.905+0900: 309.565: [GC concurrent-mark-start]
2014-04-07T18:31:49.413+0900: 311.073: [GC concurrent-mark-end, 1.5076616 secs]
2014-04-07T18:31:49.414+0900: 311.074: [GC remark 311.075: [GC ref-proc, 0.0017972 secs], 0.0255659 secs]
 [Times: user=0.24 sys=0.00, real=0.03 secs] 
2014-04-07T18:31:49.441+0900: 311.101: [GC cleanup 13G->11G(24G), 0.0245050 secs]
 [Times: user=0.26 sys=0.00, real=0.03 secs] 
2014-04-07T18:31:49.466+0900: 311.126: [GC concurrent-cleanup-start]
2014-04-07T18:31:49.467+0900: 311.127: [GC concurrent-cleanup-end, 0.0009884 secs]
Heap
 garbage-first heap   total 25165824K, used 14549621K [0x00000001c0000000, 0x00000007c0000000, 0x00000007c0000000)
  region size 16384K, 135 young (2211840K), 5 survivors (81920K)
 Metaspace       used 37953K, capacity 38772K, committed 39040K, reserved 1083392K
  class space    used 5740K, capacity 5935K, committed 6016K, reserved 1048576K
