Java HotSpot(TM) 64-Bit Server VM (25.0-b70) for linux-amd64 JRE (1.8.0-b132), built on Mar  4 2014 03:07:25 by "java_re" with gcc 4.3.0 20080428 (Red Hat 4.3.0-8)
Memory: 4k page, physical 32865776k(30187224k free), swap 2047992k(2047992k free)
CommandLine flags: -XX:G1HeapRegionSize=16777216 -XX:InitialHeapSize=25769803776 -XX:InitiatingHeapOccupancyPercent=30 -XX:MaxHeapSize=25769803776 -XX:+PrintGC -XX:+PrintGCDateStamps -XX:+PrintGCDetails -XX:+PrintGCTimeStamps -XX:ThreadStackSize=2048 -XX:+UseCompressedClassPointers -XX:+UseCompressedOops -XX:+UseG1GC 
2014-04-07T18:43:17.092+0900: 1.609: [Full GC (Metadata GC Threshold)  21M->7331K(24G), 0.2882267 secs]
   [Eden: 32.0M(1216.0M)->0.0B(1216.0M) Survivors: 0.0B->0.0B Heap: 21.1M(24.0G)->7331.4K(24.0G)], [Metaspace: 21234K->21234K(1067008K)]
 [Times: user=0.43 sys=0.09, real=0.29 secs] 
2014-04-07T18:43:22.630+0900: 7.147: [Full GC (Metadata GC Threshold)  111M->17M(24G), 0.3409450 secs]
   [Eden: 112.0M(1216.0M)->0.0B(1216.0M) Survivors: 0.0B->0.0B Heap: 111.7M(24.0G)->17.4M(24.0G)], [Metaspace: 34858K->34854K(1079296K)]
 [Times: user=0.34 sys=0.00, real=0.34 secs] 
2014-04-07T18:43:27.281+0900: 11.797: [GC pause (G1 Evacuation Pause) (young), 0.3470975 secs]
   [Parallel Time: 298.9 ms, GC Workers: 13]
      [GC Worker Start (ms): Min: 11797.7, Avg: 11797.8, Max: 11797.9, Diff: 0.2]
      [Ext Root Scanning (ms): Min: 1.6, Avg: 7.6, Max: 18.5, Diff: 17.0, Sum: 99.2]
      [Update RS (ms): Min: 0.0, Avg: 0.3, Max: 1.0, Diff: 1.0, Sum: 3.3]
         [Processed Buffers: Min: 0, Avg: 4.9, Max: 17, Diff: 17, Sum: 64]
      [Scan RS (ms): Min: 0.0, Avg: 0.0, Max: 0.1, Diff: 0.1, Sum: 0.6]
      [Code Root Scanning (ms): Min: 0.0, Avg: 0.1, Max: 0.6, Diff: 0.6, Sum: 1.1]
      [Object Copy (ms): Min: 249.3, Avg: 280.3, Max: 292.8, Diff: 43.5, Sum: 3643.3]
      [Termination (ms): Min: 3.4, Avg: 10.4, Max: 46.9, Diff: 43.5, Sum: 135.3]
      [GC Worker Other (ms): Min: 0.0, Avg: 0.0, Max: 0.0, Diff: 0.0, Sum: 0.3]
      [GC Worker Total (ms): Min: 298.6, Avg: 298.7, Max: 298.8, Diff: 0.2, Sum: 3883.1]
      [GC Worker End (ms): Min: 12096.5, Avg: 12096.5, Max: 12096.5, Diff: 0.0]
   [Code Root Fixup: 1.7 ms]
   [Code Root Migration: 5.1 ms]
   [Clear CT: 0.5 ms]
   [Other: 40.9 ms]
      [Choose CSet: 0.0 ms]
      [Ref Proc: 36.9 ms]
      [Ref Enq: 2.9 ms]
      [Free CSet: 0.2 ms]
   [Eden: 1216.0M(1216.0M)->0.0B(1056.0M) Survivors: 0.0B->160.0M Heap: 1233.4M(24.0G)->317.6M(24.0G)]
 [Times: user=2.92 sys=1.72, real=0.34 secs] 
2014-04-07T18:43:29.583+0900: 14.100: [GC pause (G1 Evacuation Pause) (young), 0.1569236 secs]
   [Parallel Time: 138.2 ms, GC Workers: 13]
      [GC Worker Start (ms): Min: 14100.5, Avg: 14100.6, Max: 14100.7, Diff: 0.2]
      [Ext Root Scanning (ms): Min: 1.1, Avg: 4.6, Max: 11.9, Diff: 10.7, Sum: 60.0]
      [Update RS (ms): Min: 0.0, Avg: 0.5, Max: 1.0, Diff: 1.0, Sum: 6.2]
         [Processed Buffers: Min: 0, Avg: 2.4, Max: 12, Diff: 12, Sum: 31]
      [Scan RS (ms): Min: 6.1, Avg: 13.0, Max: 19.6, Diff: 13.5, Sum: 169.2]
      [Code Root Scanning (ms): Min: 0.0, Avg: 0.2, Max: 2.2, Diff: 2.2, Sum: 2.2]
      [Object Copy (ms): Min: 116.3, Avg: 119.8, Max: 120.4, Diff: 4.1, Sum: 1557.0]
      [Termination (ms): Min: 0.0, Avg: 0.0, Max: 0.0, Diff: 0.0, Sum: 0.0]
      [GC Worker Other (ms): Min: 0.0, Avg: 0.0, Max: 0.1, Diff: 0.1, Sum: 0.5]
      [GC Worker Total (ms): Min: 138.0, Avg: 138.1, Max: 138.2, Diff: 0.2, Sum: 1795.1]
      [GC Worker End (ms): Min: 14238.6, Avg: 14238.7, Max: 14238.7, Diff: 0.1]
   [Code Root Fixup: 1.8 ms]
   [Code Root Migration: 4.0 ms]
   [Clear CT: 0.4 ms]
   [Other: 12.5 ms]
      [Choose CSet: 0.0 ms]
      [Ref Proc: 10.3 ms]
      [Ref Enq: 0.8 ms]
      [Free CSet: 0.2 ms]
   [Eden: 1056.0M(1056.0M)->0.0B(1056.0M) Survivors: 160.0M->160.0M Heap: 1373.6M(24.0G)->521.4M(24.0G)]
 [Times: user=1.42 sys=0.45, real=0.16 secs] 
2014-04-07T18:43:30.733+0900: 15.249: [GC pause (G1 Evacuation Pause) (young), 0.1081094 secs]
   [Parallel Time: 98.2 ms, GC Workers: 13]
      [GC Worker Start (ms): Min: 15249.7, Avg: 15249.8, Max: 15249.9, Diff: 0.1]
      [Ext Root Scanning (ms): Min: 0.8, Avg: 1.3, Max: 3.1, Diff: 2.3, Sum: 17.3]
      [Update RS (ms): Min: 2.3, Avg: 3.5, Max: 4.4, Diff: 2.1, Sum: 44.9]
         [Processed Buffers: Min: 8, Avg: 16.7, Max: 26, Diff: 18, Sum: 217]
      [Scan RS (ms): Min: 3.5, Avg: 4.5, Max: 4.8, Diff: 1.3, Sum: 58.8]
      [Code Root Scanning (ms): Min: 0.0, Avg: 0.0, Max: 0.0, Diff: 0.0, Sum: 0.0]
      [Object Copy (ms): Min: 87.6, Avg: 88.5, Max: 89.1, Diff: 1.4, Sum: 1151.0]
      [Termination (ms): Min: 0.0, Avg: 0.0, Max: 0.0, Diff: 0.0, Sum: 0.0]
      [GC Worker Other (ms): Min: 0.0, Avg: 0.0, Max: 0.1, Diff: 0.0, Sum: 0.4]
      [GC Worker Total (ms): Min: 97.8, Avg: 97.9, Max: 97.9, Diff: 0.1, Sum: 1272.4]
      [GC Worker End (ms): Min: 15347.7, Avg: 15347.7, Max: 15347.7, Diff: 0.0]
   [Code Root Fixup: 0.3 ms]
   [Code Root Migration: 0.0 ms]
   [Clear CT: 0.4 ms]
   [Other: 9.1 ms]
      [Choose CSet: 0.0 ms]
      [Ref Proc: 6.8 ms]
      [Ref Enq: 0.6 ms]
      [Free CSet: 0.3 ms]
   [Eden: 1056.0M(1056.0M)->0.0B(1056.0M) Survivors: 160.0M->160.0M Heap: 1577.4M(24.0G)->745.4M(24.0G)]
 [Times: user=1.18 sys=0.13, real=0.11 secs] 
2014-04-07T18:43:31.736+0900: 16.253: [GC pause (G1 Evacuation Pause) (young), 0.1044243 secs]
   [Parallel Time: 94.3 ms, GC Workers: 13]
      [GC Worker Start (ms): Min: 16253.3, Avg: 16253.4, Max: 16253.5, Diff: 0.2]
      [Ext Root Scanning (ms): Min: 0.7, Avg: 1.2, Max: 1.9, Diff: 1.1, Sum: 16.1]
      [Update RS (ms): Min: 3.1, Avg: 3.9, Max: 4.5, Diff: 1.4, Sum: 51.0]
         [Processed Buffers: Min: 5, Avg: 16.5, Max: 32, Diff: 27, Sum: 214]
      [Scan RS (ms): Min: 4.3, Avg: 4.9, Max: 5.2, Diff: 0.9, Sum: 64.3]
      [Code Root Scanning (ms): Min: 0.0, Avg: 0.0, Max: 0.0, Diff: 0.0, Sum: 0.0]
      [Object Copy (ms): Min: 83.7, Avg: 83.9, Max: 84.4, Diff: 0.7, Sum: 1090.5]
      [Termination (ms): Min: 0.0, Avg: 0.0, Max: 0.0, Diff: 0.0, Sum: 0.0]
      [GC Worker Other (ms): Min: 0.0, Avg: 0.0, Max: 0.1, Diff: 0.1, Sum: 0.5]
      [GC Worker Total (ms): Min: 94.0, Avg: 94.0, Max: 94.1, Diff: 0.2, Sum: 1222.4]
      [GC Worker End (ms): Min: 16347.4, Avg: 16347.4, Max: 16347.5, Diff: 0.1]
   [Code Root Fixup: 0.3 ms]
   [Code Root Migration: 0.0 ms]
   [Clear CT: 0.5 ms]
   [Other: 9.3 ms]
      [Choose CSet: 0.0 ms]
      [Ref Proc: 6.9 ms]
      [Ref Enq: 0.6 ms]
      [Free CSet: 0.4 ms]
   [Eden: 1056.0M(1056.0M)->0.0B(1056.0M) Survivors: 160.0M->160.0M Heap: 1801.4M(24.0G)->977.4M(24.0G)]
 [Times: user=1.17 sys=0.06, real=0.11 secs] 
2014-04-07T18:43:32.791+0900: 17.308: [GC pause (G1 Evacuation Pause) (young), 0.1473414 secs]
   [Parallel Time: 136.7 ms, GC Workers: 13]
      [GC Worker Start (ms): Min: 17308.4, Avg: 17308.5, Max: 17308.6, Diff: 0.1]
      [Ext Root Scanning (ms): Min: 1.2, Avg: 1.3, Max: 1.7, Diff: 0.6, Sum: 16.9]
      [Update RS (ms): Min: 6.5, Avg: 7.5, Max: 8.9, Diff: 2.4, Sum: 97.6]
         [Processed Buffers: Min: 4, Avg: 16.7, Max: 31, Diff: 27, Sum: 217]
      [Scan RS (ms): Min: 5.5, Avg: 6.8, Max: 7.4, Diff: 1.9, Sum: 88.0]
      [Code Root Scanning (ms): Min: 0.0, Avg: 0.0, Max: 0.0, Diff: 0.0, Sum: 0.0]
      [Object Copy (ms): Min: 120.1, Avg: 120.5, Max: 120.8, Diff: 0.7, Sum: 1566.0]
      [Termination (ms): Min: 0.0, Avg: 0.4, Max: 0.5, Diff: 0.5, Sum: 5.0]
      [GC Worker Other (ms): Min: 0.0, Avg: 0.0, Max: 0.1, Diff: 0.1, Sum: 0.6]
      [GC Worker Total (ms): Min: 136.4, Avg: 136.5, Max: 136.5, Diff: 0.1, Sum: 1774.1]
      [GC Worker End (ms): Min: 17444.9, Avg: 17445.0, Max: 17445.0, Diff: 0.1]
   [Code Root Fixup: 0.4 ms]
   [Code Root Migration: 0.0 ms]
   [Clear CT: 0.6 ms]
   [Other: 9.6 ms]
      [Choose CSet: 0.0 ms]
      [Ref Proc: 6.9 ms]
      [Ref Enq: 0.5 ms]
      [Free CSet: 0.5 ms]
   [Eden: 1056.0M(1056.0M)->0.0B(1056.0M) Survivors: 160.0M->160.0M Heap: 2033.4M(24.0G)->1209.4M(24.0G)]
 [Times: user=1.82 sys=0.06, real=0.15 secs] 
2014-04-07T18:43:33.817+0900: 18.334: [GC pause (G1 Evacuation Pause) (young), 0.1120518 secs]
   [Parallel Time: 101.6 ms, GC Workers: 13]
      [GC Worker Start (ms): Min: 18333.9, Avg: 18334.0, Max: 18334.1, Diff: 0.2]
      [Ext Root Scanning (ms): Min: 0.8, Avg: 1.3, Max: 1.6, Diff: 0.8, Sum: 16.4]
      [Update RS (ms): Min: 4.6, Avg: 5.5, Max: 7.6, Diff: 2.9, Sum: 71.4]
         [Processed Buffers: Min: 6, Avg: 18.6, Max: 29, Diff: 23, Sum: 242]
      [Scan RS (ms): Min: 4.3, Avg: 6.4, Max: 7.0, Diff: 2.7, Sum: 82.9]
      [Code Root Scanning (ms): Min: 0.0, Avg: 0.0, Max: 0.0, Diff: 0.0, Sum: 0.0]
      [Object Copy (ms): Min: 87.8, Avg: 88.0, Max: 88.3, Diff: 0.4, Sum: 1143.8]
      [Termination (ms): Min: 0.0, Avg: 0.2, Max: 0.2, Diff: 0.2, Sum: 2.6]
      [GC Worker Other (ms): Min: 0.0, Avg: 0.0, Max: 0.1, Diff: 0.1, Sum: 0.5]
      [GC Worker Total (ms): Min: 101.3, Avg: 101.4, Max: 101.4, Diff: 0.2, Sum: 1317.7]
      [GC Worker End (ms): Min: 18435.4, Avg: 18435.4, Max: 18435.4, Diff: 0.1]
   [Code Root Fixup: 0.4 ms]
   [Code Root Migration: 0.0 ms]
   [Clear CT: 0.6 ms]
   [Other: 9.4 ms]
      [Choose CSet: 0.0 ms]
      [Ref Proc: 6.6 ms]
      [Ref Enq: 0.6 ms]
      [Free CSet: 0.4 ms]
   [Eden: 1056.0M(1056.0M)->0.0B(1056.0M) Survivors: 160.0M->160.0M Heap: 2265.4M(24.0G)->1441.4M(24.0G)]
 [Times: user=1.26 sys=0.06, real=0.11 secs] 
2014-04-07T18:43:34.832+0900: 19.349: [GC pause (G1 Evacuation Pause) (young), 0.1171105 secs]
   [Parallel Time: 105.7 ms, GC Workers: 13]
      [GC Worker Start (ms): Min: 19349.3, Avg: 19349.4, Max: 19349.5, Diff: 0.1]
      [Ext Root Scanning (ms): Min: 0.8, Avg: 1.2, Max: 1.9, Diff: 1.1, Sum: 16.1]
      [Update RS (ms): Min: 6.0, Avg: 7.5, Max: 10.4, Diff: 4.3, Sum: 97.2]
         [Processed Buffers: Min: 9, Avg: 17.1, Max: 34, Diff: 25, Sum: 222]
      [Scan RS (ms): Min: 3.9, Avg: 6.6, Max: 7.7, Diff: 3.8, Sum: 86.3]
      [Code Root Scanning (ms): Min: 0.0, Avg: 0.0, Max: 0.0, Diff: 0.0, Sum: 0.0]
      [Object Copy (ms): Min: 89.4, Avg: 89.9, Max: 91.0, Diff: 1.6, Sum: 1168.6]
      [Termination (ms): Min: 0.0, Avg: 0.1, Max: 0.1, Diff: 0.1, Sum: 1.4]
      [GC Worker Other (ms): Min: 0.0, Avg: 0.0, Max: 0.1, Diff: 0.0, Sum: 0.4]
      [GC Worker Total (ms): Min: 105.3, Avg: 105.4, Max: 105.5, Diff: 0.1, Sum: 1370.0]
      [GC Worker End (ms): Min: 19454.7, Avg: 19454.8, Max: 19454.8, Diff: 0.0]
   [Code Root Fixup: 0.4 ms]
   [Code Root Migration: 0.0 ms]
   [Clear CT: 0.6 ms]
   [Other: 10.4 ms]
      [Choose CSet: 0.0 ms]
      [Ref Proc: 7.3 ms]
      [Ref Enq: 0.6 ms]
      [Free CSet: 0.5 ms]
   [Eden: 1056.0M(1056.0M)->0.0B(1056.0M) Survivors: 160.0M->160.0M Heap: 2497.4M(24.0G)->1681.4M(24.0G)]
 [Times: user=1.32 sys=0.06, real=0.11 secs] 
2014-04-07T18:43:35.862+0900: 20.379: [GC pause (G1 Evacuation Pause) (young), 0.1106080 secs]
   [Parallel Time: 99.8 ms, GC Workers: 13]
      [GC Worker Start (ms): Min: 20379.2, Avg: 20379.3, Max: 20379.4, Diff: 0.1]
      [Ext Root Scanning (ms): Min: 1.0, Avg: 1.3, Max: 1.6, Diff: 0.7, Sum: 16.7]
      [Update RS (ms): Min: 5.9, Avg: 6.7, Max: 7.3, Diff: 1.5, Sum: 87.6]
         [Processed Buffers: Min: 5, Avg: 17.2, Max: 31, Diff: 26, Sum: 223]
      [Scan RS (ms): Min: 7.2, Avg: 7.8, Max: 8.1, Diff: 0.9, Sum: 101.5]
      [Code Root Scanning (ms): Min: 0.0, Avg: 0.0, Max: 0.0, Diff: 0.0, Sum: 0.0]
      [Object Copy (ms): Min: 82.9, Avg: 83.3, Max: 84.1, Diff: 1.2, Sum: 1082.3]
      [Termination (ms): Min: 0.0, Avg: 0.4, Max: 0.5, Diff: 0.5, Sum: 5.3]
      [GC Worker Other (ms): Min: 0.0, Avg: 0.0, Max: 0.1, Diff: 0.1, Sum: 0.5]
      [GC Worker Total (ms): Min: 99.4, Avg: 99.5, Max: 99.6, Diff: 0.2, Sum: 1293.8]
      [GC Worker End (ms): Min: 20478.8, Avg: 20478.8, Max: 20478.9, Diff: 0.1]
   [Code Root Fixup: 0.4 ms]
   [Code Root Migration: 0.0 ms]
   [Clear CT: 0.6 ms]
   [Other: 9.8 ms]
      [Choose CSet: 0.0 ms]
      [Ref Proc: 6.6 ms]
      [Ref Enq: 0.6 ms]
      [Free CSet: 0.5 ms]
   [Eden: 1056.0M(1056.0M)->0.0B(1056.0M) Survivors: 160.0M->160.0M Heap: 2737.4M(24.0G)->1945.4M(24.0G)]
 [Times: user=1.24 sys=0.07, real=0.11 secs] 
2014-04-07T18:43:36.880+0900: 21.397: [GC pause (G1 Evacuation Pause) (young), 0.1914659 secs]
   [Parallel Time: 180.1 ms, GC Workers: 13]
      [GC Worker Start (ms): Min: 21397.5, Avg: 21397.5, Max: 21397.6, Diff: 0.1]
      [Ext Root Scanning (ms): Min: 1.2, Avg: 1.4, Max: 1.9, Diff: 0.6, Sum: 17.6]
      [Update RS (ms): Min: 10.1, Avg: 12.6, Max: 17.5, Diff: 7.5, Sum: 163.5]
         [Processed Buffers: Min: 2, Avg: 19.4, Max: 45, Diff: 43, Sum: 252]
      [Scan RS (ms): Min: 6.4, Avg: 11.5, Max: 13.4, Diff: 7.0, Sum: 148.9]
      [Code Root Scanning (ms): Min: 0.0, Avg: 0.0, Max: 0.0, Diff: 0.0, Sum: 0.1]
      [Object Copy (ms): Min: 152.0, Avg: 153.1, Max: 154.7, Diff: 2.8, Sum: 1990.8]
      [Termination (ms): Min: 0.0, Avg: 1.4, Max: 1.6, Diff: 1.6, Sum: 18.0]
      [GC Worker Other (ms): Min: 0.0, Avg: 0.0, Max: 0.1, Diff: 0.1, Sum: 0.5]
      [GC Worker Total (ms): Min: 179.9, Avg: 179.9, Max: 180.0, Diff: 0.2, Sum: 2339.3]
      [GC Worker End (ms): Min: 21577.5, Avg: 21577.5, Max: 21577.5, Diff: 0.1]
   [Code Root Fixup: 0.4 ms]
   [Code Root Migration: 0.0 ms]
   [Clear CT: 0.8 ms]
   [Other: 10.1 ms]
      [Choose CSet: 0.0 ms]
      [Ref Proc: 6.6 ms]
      [Ref Enq: 0.5 ms]
      [Free CSet: 0.5 ms]
   [Eden: 1056.0M(1056.0M)->0.0B(1056.0M) Survivors: 160.0M->160.0M Heap: 3001.4M(24.0G)->2161.4M(24.0G)]
 [Times: user=2.28 sys=0.07, real=0.20 secs] 
2014-04-07T18:43:37.961+0900: 22.478: [GC pause (G1 Evacuation Pause) (young), 0.1132964 secs]
   [Parallel Time: 100.9 ms, GC Workers: 13]
      [GC Worker Start (ms): Min: 22478.1, Avg: 22478.2, Max: 22478.2, Diff: 0.1]
      [Ext Root Scanning (ms): Min: 0.8, Avg: 1.3, Max: 1.8, Diff: 1.0, Sum: 16.6]
      [Update RS (ms): Min: 4.7, Avg: 5.4, Max: 6.1, Diff: 1.4, Sum: 70.7]
         [Processed Buffers: Min: 11, Avg: 17.3, Max: 24, Diff: 13, Sum: 225]
      [Scan RS (ms): Min: 7.4, Avg: 8.1, Max: 8.5, Diff: 1.0, Sum: 104.7]
      [Code Root Scanning (ms): Min: 0.0, Avg: 0.0, Max: 0.0, Diff: 0.0, Sum: 0.0]
      [Object Copy (ms): Min: 85.3, Avg: 85.7, Max: 86.7, Diff: 1.4, Sum: 1114.1]
      [Termination (ms): Min: 0.0, Avg: 0.1, Max: 0.1, Diff: 0.1, Sum: 0.9]
      [GC Worker Other (ms): Min: 0.0, Avg: 0.0, Max: 0.1, Diff: 0.1, Sum: 0.5]
      [GC Worker Total (ms): Min: 100.5, Avg: 100.6, Max: 100.7, Diff: 0.2, Sum: 1307.7]
      [GC Worker End (ms): Min: 22578.7, Avg: 22578.7, Max: 22578.8, Diff: 0.1]
   [Code Root Fixup: 0.4 ms]
   [Code Root Migration: 0.0 ms]
   [Clear CT: 0.8 ms]
   [Other: 11.3 ms]
      [Choose CSet: 0.0 ms]
      [Ref Proc: 7.7 ms]
      [Ref Enq: 0.7 ms]
      [Free CSet: 0.5 ms]
   [Eden: 1056.0M(1056.0M)->0.0B(1056.0M) Survivors: 160.0M->160.0M Heap: 3217.4M(24.0G)->2393.4M(24.0G)]
 [Times: user=1.27 sys=0.05, real=0.12 secs] 
2014-04-07T18:43:38.988+0900: 23.505: [GC pause (G1 Evacuation Pause) (young), 0.1126501 secs]
   [Parallel Time: 101.5 ms, GC Workers: 13]
      [GC Worker Start (ms): Min: 23505.3, Avg: 23505.4, Max: 23505.4, Diff: 0.1]
      [Ext Root Scanning (ms): Min: 1.2, Avg: 1.3, Max: 1.7, Diff: 0.4, Sum: 17.5]
      [Update RS (ms): Min: 6.5, Avg: 6.9, Max: 7.6, Diff: 1.0, Sum: 89.5]
         [Processed Buffers: Min: 7, Avg: 16.8, Max: 36, Diff: 29, Sum: 219]
      [Scan RS (ms): Min: 8.0, Avg: 8.7, Max: 9.4, Diff: 1.4, Sum: 113.3]
      [Code Root Scanning (ms): Min: 0.0, Avg: 0.0, Max: 0.0, Diff: 0.0, Sum: 0.0]
      [Object Copy (ms): Min: 83.7, Avg: 84.0, Max: 84.6, Diff: 0.9, Sum: 1092.3]
      [Termination (ms): Min: 0.0, Avg: 0.4, Max: 0.4, Diff: 0.4, Sum: 5.1]
      [GC Worker Other (ms): Min: 0.0, Avg: 0.0, Max: 0.0, Diff: 0.0, Sum: 0.3]
      [GC Worker Total (ms): Min: 101.3, Avg: 101.4, Max: 101.5, Diff: 0.1, Sum: 1318.1]
      [GC Worker End (ms): Min: 23606.7, Avg: 23606.7, Max: 23606.8, Diff: 0.1]
   [Code Root Fixup: 0.4 ms]
   [Code Root Migration: 0.0 ms]
   [Clear CT: 0.7 ms]
   [Other: 10.0 ms]
      [Choose CSet: 0.0 ms]
      [Ref Proc: 6.6 ms]
      [Ref Enq: 0.6 ms]
      [Free CSet: 0.5 ms]
   [Eden: 1056.0M(1056.0M)->0.0B(1056.0M) Survivors: 160.0M->160.0M Heap: 3449.4M(24.0G)->2625.4M(24.0G)]
 [Times: user=1.27 sys=0.06, real=0.11 secs] 
2014-04-07T18:43:39.988+0900: 24.505: [GC pause (G1 Evacuation Pause) (young), 0.1176250 secs]
   [Parallel Time: 106.1 ms, GC Workers: 13]
      [GC Worker Start (ms): Min: 24505.7, Avg: 24505.7, Max: 24505.8, Diff: 0.1]
      [Ext Root Scanning (ms): Min: 1.2, Avg: 1.3, Max: 2.0, Diff: 0.8, Sum: 17.3]
      [Update RS (ms): Min: 6.4, Avg: 7.8, Max: 11.4, Diff: 5.0, Sum: 101.1]
         [Processed Buffers: Min: 6, Avg: 17.9, Max: 31, Diff: 25, Sum: 233]
      [Scan RS (ms): Min: 5.9, Avg: 9.5, Max: 10.3, Diff: 4.3, Sum: 123.2]
      [Code Root Scanning (ms): Min: 0.0, Avg: 0.0, Max: 0.0, Diff: 0.0, Sum: 0.0]
      [Object Copy (ms): Min: 86.5, Avg: 86.8, Max: 87.2, Diff: 0.8, Sum: 1128.4]
      [Termination (ms): Min: 0.0, Avg: 0.4, Max: 0.5, Diff: 0.5, Sum: 5.3]
      [GC Worker Other (ms): Min: 0.0, Avg: 0.0, Max: 0.1, Diff: 0.1, Sum: 0.5]
      [GC Worker Total (ms): Min: 105.8, Avg: 105.8, Max: 105.9, Diff: 0.2, Sum: 1375.9]
      [GC Worker End (ms): Min: 24611.6, Avg: 24611.6, Max: 24611.6, Diff: 0.1]
   [Code Root Fixup: 0.4 ms]
   [Code Root Migration: 0.0 ms]
   [Clear CT: 0.8 ms]
   [Other: 10.2 ms]
      [Choose CSet: 0.0 ms]
      [Ref Proc: 6.6 ms]
      [Ref Enq: 0.6 ms]
      [Free CSet: 0.6 ms]
   [Eden: 1056.0M(1056.0M)->0.0B(1056.0M) Survivors: 160.0M->160.0M Heap: 3681.4M(24.0G)->2889.4M(24.0G)]
 [Times: user=1.34 sys=0.05, real=0.12 secs] 
2014-04-07T18:43:40.978+0900: 25.495: [GC pause (G1 Evacuation Pause) (young), 0.1186439 secs]
   [Parallel Time: 106.6 ms, GC Workers: 13]
      [GC Worker Start (ms): Min: 25495.2, Avg: 25495.3, Max: 25495.4, Diff: 0.1]
      [Ext Root Scanning (ms): Min: 0.7, Avg: 1.3, Max: 1.7, Diff: 1.0, Sum: 17.5]
      [Update RS (ms): Min: 8.0, Avg: 9.2, Max: 13.0, Diff: 4.9, Sum: 120.0]
         [Processed Buffers: Min: 4, Avg: 18.7, Max: 37, Diff: 33, Sum: 243]
      [Scan RS (ms): Min: 4.9, Avg: 8.7, Max: 9.7, Diff: 4.8, Sum: 113.5]
      [Code Root Scanning (ms): Min: 0.0, Avg: 0.0, Max: 0.0, Diff: 0.0, Sum: 0.0]
      [Object Copy (ms): Min: 86.9, Avg: 87.1, Max: 88.3, Diff: 1.4, Sum: 1132.2]
      [Termination (ms): Min: 0.0, Avg: 0.0, Max: 0.0, Diff: 0.0, Sum: 0.0]
      [GC Worker Other (ms): Min: 0.0, Avg: 0.0, Max: 0.1, Diff: 0.1, Sum: 0.5]
      [GC Worker Total (ms): Min: 106.4, Avg: 106.4, Max: 106.5, Diff: 0.2, Sum: 1383.7]
      [GC Worker End (ms): Min: 25601.7, Avg: 25601.7, Max: 25601.8, Diff: 0.1]
   [Code Root Fixup: 0.4 ms]
   [Code Root Migration: 0.0 ms]
   [Clear CT: 0.9 ms]
   [Other: 10.8 ms]
      [Choose CSet: 0.0 ms]
      [Ref Proc: 7.2 ms]
      [Ref Enq: 0.6 ms]
      [Free CSet: 0.5 ms]
   [Eden: 1056.0M(1056.0M)->0.0B(1056.0M) Survivors: 160.0M->160.0M Heap: 3945.4M(24.0G)->3129.4M(24.0G)]
 [Times: user=1.34 sys=0.05, real=0.12 secs] 
2014-04-07T18:43:41.972+0900: 26.489: [GC pause (G1 Evacuation Pause) (young), 0.1124173 secs]
   [Parallel Time: 100.8 ms, GC Workers: 13]
      [GC Worker Start (ms): Min: 26489.2, Avg: 26489.3, Max: 26489.3, Diff: 0.1]
      [Ext Root Scanning (ms): Min: 1.0, Avg: 1.4, Max: 2.0, Diff: 1.0, Sum: 17.7]
      [Update RS (ms): Min: 7.3, Avg: 8.7, Max: 11.8, Diff: 4.5, Sum: 112.7]
         [Processed Buffers: Min: 3, Avg: 17.8, Max: 30, Diff: 27, Sum: 231]
      [Scan RS (ms): Min: 6.1, Avg: 9.1, Max: 10.5, Diff: 4.4, Sum: 118.5]
      [Code Root Scanning (ms): Min: 0.0, Avg: 0.0, Max: 0.0, Diff: 0.0, Sum: 0.0]
      [Object Copy (ms): Min: 80.4, Avg: 81.3, Max: 82.0, Diff: 1.6, Sum: 1057.2]
      [Termination (ms): Min: 0.0, Avg: 0.0, Max: 0.0, Diff: 0.0, Sum: 0.1]
      [GC Worker Other (ms): Min: 0.0, Avg: 0.0, Max: 0.1, Diff: 0.1, Sum: 0.5]
      [GC Worker Total (ms): Min: 100.4, Avg: 100.5, Max: 100.6, Diff: 0.1, Sum: 1306.7]
      [GC Worker End (ms): Min: 26589.7, Avg: 26589.8, Max: 26589.8, Diff: 0.1]
   [Code Root Fixup: 0.3 ms]
   [Code Root Migration: 0.0 ms]
   [Clear CT: 1.0 ms]
   [Other: 10.3 ms]
      [Choose CSet: 0.0 ms]
      [Ref Proc: 6.6 ms]
      [Ref Enq: 0.6 ms]
      [Free CSet: 0.6 ms]
   [Eden: 1056.0M(1056.0M)->0.0B(1056.0M) Survivors: 160.0M->160.0M Heap: 4185.4M(24.0G)->3361.4M(24.0G)]
 [Times: user=1.27 sys=0.05, real=0.12 secs] 
2014-04-07T18:43:42.983+0900: 27.500: [GC pause (G1 Evacuation Pause) (young), 0.1190255 secs]
   [Parallel Time: 106.7 ms, GC Workers: 13]
      [GC Worker Start (ms): Min: 27500.6, Avg: 27500.7, Max: 27500.7, Diff: 0.1]
      [Ext Root Scanning (ms): Min: 1.0, Avg: 1.3, Max: 1.5, Diff: 0.5, Sum: 16.6]
      [Update RS (ms): Min: 9.2, Avg: 10.1, Max: 13.8, Diff: 4.6, Sum: 130.9]
         [Processed Buffers: Min: 3, Avg: 17.8, Max: 40, Diff: 37, Sum: 232]
      [Scan RS (ms): Min: 5.4, Avg: 9.1, Max: 9.8, Diff: 4.4, Sum: 118.2]
      [Code Root Scanning (ms): Min: 0.0, Avg: 0.0, Max: 0.0, Diff: 0.0, Sum: 0.0]
      [Object Copy (ms): Min: 85.5, Avg: 85.7, Max: 85.9, Diff: 0.5, Sum: 1113.9]
      [Termination (ms): Min: 0.0, Avg: 0.3, Max: 0.4, Diff: 0.4, Sum: 4.3]
      [GC Worker Other (ms): Min: 0.0, Avg: 0.0, Max: 0.1, Diff: 0.0, Sum: 0.3]
      [GC Worker Total (ms): Min: 106.4, Avg: 106.5, Max: 106.6, Diff: 0.2, Sum: 1384.3]
      [GC Worker End (ms): Min: 27607.1, Avg: 27607.2, Max: 27607.2, Diff: 0.0]
   [Code Root Fixup: 0.4 ms]
   [Code Root Migration: 0.0 ms]
   [Clear CT: 0.9 ms]
   [Other: 10.9 ms]
      [Choose CSet: 0.0 ms]
      [Ref Proc: 7.1 ms]
      [Ref Enq: 0.7 ms]
      [Free CSet: 0.6 ms]
   [Eden: 1056.0M(1056.0M)->0.0B(1056.0M) Survivors: 160.0M->160.0M Heap: 4417.4M(24.0G)->3585.4M(24.0G)]
 [Times: user=1.34 sys=0.06, real=0.12 secs] 
2014-04-07T18:43:44.008+0900: 28.524: [GC pause (G1 Evacuation Pause) (young), 0.1179562 secs]
   [Parallel Time: 106.4 ms, GC Workers: 13]
      [GC Worker Start (ms): Min: 28524.8, Avg: 28524.9, Max: 28525.0, Diff: 0.1]
      [Ext Root Scanning (ms): Min: 1.2, Avg: 1.3, Max: 1.6, Diff: 0.4, Sum: 16.9]
      [Update RS (ms): Min: 10.7, Avg: 11.7, Max: 16.1, Diff: 5.4, Sum: 151.8]
         [Processed Buffers: Min: 2, Avg: 18.8, Max: 34, Diff: 32, Sum: 244]
      [Scan RS (ms): Min: 5.1, Avg: 9.3, Max: 10.3, Diff: 5.2, Sum: 120.5]
      [Code Root Scanning (ms): Min: 0.0, Avg: 0.0, Max: 0.0, Diff: 0.0, Sum: 0.0]
      [Object Copy (ms): Min: 83.4, Avg: 83.7, Max: 84.0, Diff: 0.6, Sum: 1087.9]
      [Termination (ms): Min: 0.0, Avg: 0.2, Max: 0.2, Diff: 0.2, Sum: 2.6]
      [GC Worker Other (ms): Min: 0.0, Avg: 0.0, Max: 0.1, Diff: 0.1, Sum: 0.5]
      [GC Worker Total (ms): Min: 106.1, Avg: 106.2, Max: 106.3, Diff: 0.2, Sum: 1380.2]
      [GC Worker End (ms): Min: 28631.0, Avg: 28631.1, Max: 28631.1, Diff: 0.1]
   [Code Root Fixup: 0.4 ms]
   [Code Root Migration: 0.0 ms]
   [Clear CT: 1.0 ms]
   [Other: 10.1 ms]
      [Choose CSet: 0.0 ms]
      [Ref Proc: 6.3 ms]
      [Ref Enq: 0.6 ms]
      [Free CSet: 0.6 ms]
   [Eden: 1056.0M(1056.0M)->0.0B(1568.0M) Survivors: 160.0M->160.0M Heap: 4641.4M(24.0G)->3841.4M(24.0G)]
 [Times: user=1.34 sys=0.05, real=0.12 secs] 
2014-04-07T18:43:45.215+0900: 29.732: [GC pause (G1 Evacuation Pause) (young), 0.1415472 secs]
   [Parallel Time: 127.1 ms, GC Workers: 13]
      [GC Worker Start (ms): Min: 29732.4, Avg: 29732.5, Max: 29732.5, Diff: 0.1]
      [Ext Root Scanning (ms): Min: 0.8, Avg: 1.0, Max: 1.7, Diff: 0.9, Sum: 13.3]
      [Update RS (ms): Min: 9.0, Avg: 10.4, Max: 16.1, Diff: 7.1, Sum: 135.0]
         [Processed Buffers: Min: 10, Avg: 18.7, Max: 31, Diff: 21, Sum: 243]
      [Scan RS (ms): Min: 5.2, Avg: 10.5, Max: 11.5, Diff: 6.3, Sum: 137.1]
      [Code Root Scanning (ms): Min: 0.0, Avg: 0.0, Max: 0.0, Diff: 0.0, Sum: 0.0]
      [Object Copy (ms): Min: 104.1, Avg: 104.8, Max: 105.4, Diff: 1.4, Sum: 1362.3]
      [Termination (ms): Min: 0.0, Avg: 0.0, Max: 0.1, Diff: 0.1, Sum: 0.6]
      [GC Worker Other (ms): Min: 0.0, Avg: 0.1, Max: 0.1, Diff: 0.1, Sum: 0.7]
      [GC Worker Total (ms): Min: 126.8, Avg: 126.8, Max: 127.0, Diff: 0.2, Sum: 1649.0]
      [GC Worker End (ms): Min: 29859.3, Avg: 29859.3, Max: 29859.3, Diff: 0.1]
   [Code Root Fixup: 0.4 ms]
   [Code Root Migration: 0.0 ms]
   [Clear CT: 1.1 ms]
   [Other: 13.0 ms]
      [Choose CSet: 0.0 ms]
      [Ref Proc: 8.3 ms]
      [Ref Enq: 0.7 ms]
      [Free CSet: 0.7 ms]
   [Eden: 1296.0M(1056.0M)->0.0B(2208.0M) Survivors: 160.0M->160.0M Heap: 5137.4M(24.0G)->4097.4M(24.0G)]
 [Times: user=1.53 sys=0.13, real=0.14 secs] 
2014-04-07T18:43:46.397+0900: 30.914: [GC pause (G1 Evacuation Pause) (young), 0.2015471 secs]
   [Parallel Time: 188.4 ms, GC Workers: 13]
      [GC Worker Start (ms): Min: 30914.3, Avg: 30914.4, Max: 30914.5, Diff: 0.1]
      [Ext Root Scanning (ms): Min: 1.3, Avg: 1.4, Max: 2.0, Diff: 0.7, Sum: 18.8]
      [Update RS (ms): Min: 9.6, Avg: 10.5, Max: 11.7, Diff: 2.2, Sum: 136.0]
         [Processed Buffers: Min: 7, Avg: 19.8, Max: 34, Diff: 27, Sum: 257]
      [Scan RS (ms): Min: 14.3, Avg: 15.9, Max: 16.6, Diff: 2.4, Sum: 206.4]
      [Code Root Scanning (ms): Min: 0.0, Avg: 0.0, Max: 0.0, Diff: 0.0, Sum: 0.0]
      [Object Copy (ms): Min: 157.8, Avg: 158.6, Max: 159.7, Diff: 1.9, Sum: 2062.4]
      [Termination (ms): Min: 0.4, Avg: 1.7, Max: 2.0, Diff: 1.6, Sum: 21.7]
      [GC Worker Other (ms): Min: 0.0, Avg: 0.0, Max: 0.1, Diff: 0.1, Sum: 0.5]
      [GC Worker Total (ms): Min: 188.1, Avg: 188.1, Max: 188.2, Diff: 0.2, Sum: 2445.8]
      [GC Worker End (ms): Min: 31102.5, Avg: 31102.5, Max: 31102.6, Diff: 0.1]
   [Code Root Fixup: 0.4 ms]
   [Code Root Migration: 0.0 ms]
   [Clear CT: 1.0 ms]
   [Other: 11.7 ms]
      [Choose CSet: 0.0 ms]
      [Ref Proc: 7.4 ms]
      [Ref Enq: 0.7 ms]
      [Free CSet: 0.6 ms]
   [Eden: 1216.0M(1216.0M)->0.0B(1232.0M) Survivors: 160.0M->176.0M Heap: 5313.4M(24.0G)->4369.4M(24.0G)]
 [Times: user=2.41 sys=0.04, real=0.20 secs] 
2014-04-07T18:43:47.621+0900: 32.138: [GC pause (G1 Evacuation Pause) (young), 0.1571702 secs]
   [Parallel Time: 142.9 ms, GC Workers: 13]
      [GC Worker Start (ms): Min: 32138.6, Avg: 32138.7, Max: 32138.8, Diff: 0.1]
      [Ext Root Scanning (ms): Min: 0.9, Avg: 1.4, Max: 2.7, Diff: 1.8, Sum: 17.9]
      [Update RS (ms): Min: 6.6, Avg: 7.8, Max: 9.0, Diff: 2.4, Sum: 101.3]
         [Processed Buffers: Min: 12, Avg: 20.0, Max: 29, Diff: 17, Sum: 260]
      [Scan RS (ms): Min: 9.3, Avg: 10.9, Max: 11.2, Diff: 1.9, Sum: 141.3]
      [Code Root Scanning (ms): Min: 0.0, Avg: 0.0, Max: 0.0, Diff: 0.0, Sum: 0.0]
      [Object Copy (ms): Min: 121.8, Avg: 122.3, Max: 123.3, Diff: 1.5, Sum: 1589.6]
      [Termination (ms): Min: 0.0, Avg: 0.5, Max: 0.5, Diff: 0.5, Sum: 6.0]
      [GC Worker Other (ms): Min: 0.0, Avg: 0.0, Max: 0.0, Diff: 0.0, Sum: 0.3]
      [GC Worker Total (ms): Min: 142.7, Avg: 142.8, Max: 142.9, Diff: 0.1, Sum: 1856.4]
      [GC Worker End (ms): Min: 32281.5, Avg: 32281.5, Max: 32281.5, Diff: 0.0]
   [Code Root Fixup: 0.4 ms]
   [Code Root Migration: 0.0 ms]
   [Clear CT: 1.2 ms]
   [Other: 12.7 ms]
      [Choose CSet: 0.0 ms]
      [Ref Proc: 8.2 ms]
      [Ref Enq: 0.7 ms]
      [Free CSet: 0.6 ms]
   [Eden: 1232.0M(1232.0M)->0.0B(1728.0M) Survivors: 176.0M->176.0M Heap: 5601.4M(24.0G)->4649.4M(24.0G)]
 [Times: user=1.79 sys=0.08, real=0.16 secs] 
2014-04-07T18:43:49.010+0900: 33.527: [GC pause (G1 Evacuation Pause) (young), 0.1536094 secs]
   [Parallel Time: 138.1 ms, GC Workers: 13]
      [GC Worker Start (ms): Min: 33527.1, Avg: 33527.2, Max: 33527.3, Diff: 0.1]
      [Ext Root Scanning (ms): Min: 0.8, Avg: 1.1, Max: 1.7, Diff: 0.9, Sum: 14.1]
      [Update RS (ms): Min: 10.3, Avg: 11.0, Max: 12.0, Diff: 1.8, Sum: 143.3]
         [Processed Buffers: Min: 11, Avg: 19.8, Max: 36, Diff: 25, Sum: 257]
      [Scan RS (ms): Min: 11.4, Avg: 12.2, Max: 12.7, Diff: 1.3, Sum: 158.2]
      [Code Root Scanning (ms): Min: 0.0, Avg: 0.0, Max: 0.0, Diff: 0.0, Sum: 0.0]
      [Object Copy (ms): Min: 112.9, Avg: 113.5, Max: 114.3, Diff: 1.4, Sum: 1475.9]
      [Termination (ms): Min: 0.0, Avg: 0.0, Max: 0.0, Diff: 0.0, Sum: 0.5]
      [GC Worker Other (ms): Min: 0.0, Avg: 0.1, Max: 0.1, Diff: 0.1, Sum: 0.7]
      [GC Worker Total (ms): Min: 137.8, Avg: 137.9, Max: 138.0, Diff: 0.2, Sum: 1792.7]
      [GC Worker End (ms): Min: 33665.1, Avg: 33665.1, Max: 33665.2, Diff: 0.1]
   [Code Root Fixup: 0.3 ms]
   [Code Root Migration: 0.0 ms]
   [Clear CT: 1.1 ms]
   [Other: 14.1 ms]
      [Choose CSet: 0.0 ms]
      [Ref Proc: 9.3 ms]
      [Ref Enq: 0.8 ms]
      [Free CSet: 0.7 ms]
   [Eden: 1408.0M(1120.0M)->0.0B(1664.0M) Survivors: 176.0M->176.0M Heap: 6057.4M(24.0G)->4929.4M(24.0G)]
 [Times: user=1.65 sys=0.16, real=0.16 secs] 
2014-04-07T18:43:50.272+0900: 34.788: [GC pause (G1 Evacuation Pause) (young), 0.1412151 secs]
   [Parallel Time: 126.8 ms, GC Workers: 13]
      [GC Worker Start (ms): Min: 34788.9, Avg: 34788.9, Max: 34789.0, Diff: 0.1]
      [Ext Root Scanning (ms): Min: 1.3, Avg: 1.4, Max: 2.0, Diff: 0.7, Sum: 18.4]
      [Update RS (ms): Min: 11.3, Avg: 12.0, Max: 12.5, Diff: 1.3, Sum: 155.6]
         [Processed Buffers: Min: 14, Avg: 20.3, Max: 29, Diff: 15, Sum: 264]
      [Scan RS (ms): Min: 12.4, Avg: 13.0, Max: 13.6, Diff: 1.2, Sum: 168.8]
      [Code Root Scanning (ms): Min: 0.0, Avg: 0.0, Max: 0.0, Diff: 0.0, Sum: 0.0]
      [Object Copy (ms): Min: 99.4, Avg: 99.7, Max: 100.1, Diff: 0.7, Sum: 1296.5]
      [Termination (ms): Min: 0.0, Avg: 0.4, Max: 0.5, Diff: 0.5, Sum: 5.5]
      [GC Worker Other (ms): Min: 0.0, Avg: 0.1, Max: 0.1, Diff: 0.1, Sum: 0.7]
      [GC Worker Total (ms): Min: 126.5, Avg: 126.6, Max: 126.7, Diff: 0.2, Sum: 1645.4]
      [GC Worker End (ms): Min: 34915.5, Avg: 34915.5, Max: 34915.6, Diff: 0.1]
   [Code Root Fixup: 0.4 ms]
   [Code Root Migration: 0.0 ms]
   [Clear CT: 1.3 ms]
   [Other: 12.7 ms]
      [Choose CSet: 0.0 ms]
      [Ref Proc: 8.0 ms]
      [Ref Enq: 0.7 ms]
      [Free CSet: 0.6 ms]
   [Eden: 1296.0M(1296.0M)->0.0B(2128.0M) Survivors: 176.0M->192.0M Heap: 6225.4M(24.0G)->5201.4M(24.0G)]
 [Times: user=1.62 sys=0.04, real=0.14 secs] 
2014-04-07T18:43:51.709+0900: 36.226: [GC pause (G1 Evacuation Pause) (young), 0.1741557 secs]
   [Parallel Time: 157.3 ms, GC Workers: 13]
      [GC Worker Start (ms): Min: 36226.0, Avg: 36226.1, Max: 36226.2, Diff: 0.1]
      [Ext Root Scanning (ms): Min: 0.7, Avg: 1.1, Max: 1.6, Diff: 0.9, Sum: 14.3]
      [Update RS (ms): Min: 15.2, Avg: 16.7, Max: 21.8, Diff: 6.6, Sum: 217.3]
         [Processed Buffers: Min: 2, Avg: 20.7, Max: 40, Diff: 38, Sum: 269]
      [Scan RS (ms): Min: 8.1, Avg: 12.9, Max: 13.9, Diff: 5.8, Sum: 168.1]
      [Code Root Scanning (ms): Min: 0.0, Avg: 0.0, Max: 0.0, Diff: 0.0, Sum: 0.0]
      [Object Copy (ms): Min: 125.5, Avg: 126.1, Max: 127.1, Diff: 1.6, Sum: 1639.9]
      [Termination (ms): Min: 0.0, Avg: 0.1, Max: 0.2, Diff: 0.1, Sum: 1.4]
      [GC Worker Other (ms): Min: 0.0, Avg: 0.0, Max: 0.1, Diff: 0.1, Sum: 0.5]
      [GC Worker Total (ms): Min: 157.0, Avg: 157.0, Max: 157.1, Diff: 0.2, Sum: 2041.6]
      [GC Worker End (ms): Min: 36383.1, Avg: 36383.1, Max: 36383.2, Diff: 0.1]
   [Code Root Fixup: 0.3 ms]
   [Code Root Migration: 0.0 ms]
   [Clear CT: 1.3 ms]
   [Other: 15.2 ms]
      [Choose CSet: 0.0 ms]
      [Ref Proc: 10.0 ms]
      [Ref Enq: 0.9 ms]
      [Free CSet: 0.7 ms]
   [Eden: 1536.0M(1392.0M)->0.0B(1584.0M) Survivors: 192.0M->208.0M Heap: 6737.4M(24.0G)->5497.4M(24.0G)]
 [Times: user=1.89 sys=0.17, real=0.17 secs] 
2014-04-07T18:43:53.199+0900: 37.716: [GC pause (G1 Evacuation Pause) (young), 0.1806168 secs]
   [Parallel Time: 163.3 ms, GC Workers: 13]
      [GC Worker Start (ms): Min: 37716.3, Avg: 37716.3, Max: 37716.4, Diff: 0.2]
      [Ext Root Scanning (ms): Min: 0.8, Avg: 1.4, Max: 1.7, Diff: 0.8, Sum: 18.3]
      [Update RS (ms): Min: 13.9, Avg: 14.5, Max: 15.5, Diff: 1.6, Sum: 188.9]
         [Processed Buffers: Min: 11, Avg: 22.8, Max: 40, Diff: 29, Sum: 296]
      [Scan RS (ms): Min: 12.9, Avg: 13.9, Max: 14.5, Diff: 1.6, Sum: 180.9]
      [Code Root Scanning (ms): Min: 0.0, Avg: 0.0, Max: 0.0, Diff: 0.0, Sum: 0.0]
      [Object Copy (ms): Min: 132.5, Avg: 132.9, Max: 133.2, Diff: 0.6, Sum: 1727.2]
      [Termination (ms): Min: 0.0, Avg: 0.3, Max: 0.4, Diff: 0.4, Sum: 3.7]
      [GC Worker Other (ms): Min: 0.0, Avg: 0.0, Max: 0.1, Diff: 0.1, Sum: 0.6]
      [GC Worker Total (ms): Min: 163.0, Avg: 163.0, Max: 163.2, Diff: 0.2, Sum: 2119.6]
      [GC Worker End (ms): Min: 37879.4, Avg: 37879.4, Max: 37879.4, Diff: 0.1]
   [Code Root Fixup: 0.4 ms]
   [Code Root Migration: 0.0 ms]
   [Clear CT: 1.4 ms]
   [Other: 15.5 ms]
      [Choose CSet: 0.0 ms]
      [Ref Proc: 10.0 ms]
      [Ref Enq: 0.9 ms]
      [Free CSet: 0.8 ms]
   [Eden: 1584.0M(1584.0M)->0.0B(1552.0M) Survivors: 208.0M->224.0M Heap: 7081.4M(24.0G)->5825.4M(24.0G)]
 [Times: user=2.03 sys=0.11, real=0.18 secs] 
2014-04-07T18:43:54.763+0900: 39.280: [GC pause (G1 Evacuation Pause) (young), 0.1797359 secs]
   [Parallel Time: 161.6 ms, GC Workers: 13]
      [GC Worker Start (ms): Min: 39280.1, Avg: 39280.2, Max: 39280.3, Diff: 0.1]
      [Ext Root Scanning (ms): Min: 1.3, Avg: 1.4, Max: 2.0, Diff: 0.7, Sum: 18.3]
      [Update RS (ms): Min: 14.3, Avg: 17.0, Max: 27.0, Diff: 12.7, Sum: 221.5]
         [Processed Buffers: Min: 9, Avg: 21.1, Max: 50, Diff: 41, Sum: 274]
      [Scan RS (ms): Min: 3.3, Avg: 13.4, Max: 15.7, Diff: 12.4, Sum: 173.9]
      [Code Root Scanning (ms): Min: 0.0, Avg: 0.0, Max: 0.0, Diff: 0.0, Sum: 0.0]
      [Object Copy (ms): Min: 129.1, Avg: 129.3, Max: 129.5, Diff: 0.4, Sum: 1680.4]
      [Termination (ms): Min: 0.0, Avg: 0.2, Max: 0.2, Diff: 0.2, Sum: 2.6]
      [GC Worker Other (ms): Min: 0.0, Avg: 0.0, Max: 0.1, Diff: 0.1, Sum: 0.5]
      [GC Worker Total (ms): Min: 161.3, Avg: 161.3, Max: 161.4, Diff: 0.2, Sum: 2097.4]
      [GC Worker End (ms): Min: 39441.5, Avg: 39441.5, Max: 39441.6, Diff: 0.1]
   [Code Root Fixup: 0.4 ms]
   [Code Root Migration: 0.0 ms]
   [Clear CT: 1.5 ms]
   [Other: 16.3 ms]
      [Choose CSet: 0.0 ms]
      [Ref Proc: 10.5 ms]
      [Ref Enq: 0.9 ms]
      [Free CSet: 0.8 ms]
   [Eden: 1552.0M(1552.0M)->0.0B(1840.0M) Survivors: 224.0M->224.0M Heap: 7377.4M(24.0G)->6137.4M(24.0G)]
 [Times: user=2.04 sys=0.07, real=0.18 secs] 
2014-04-07T18:43:56.453+0900: 40.970: [GC pause (G1 Evacuation Pause) (young), 0.1939949 secs]
   [Parallel Time: 175.0 ms, GC Workers: 13]
      [GC Worker Start (ms): Min: 40970.4, Avg: 40970.5, Max: 40970.6, Diff: 0.1]
      [Ext Root Scanning (ms): Min: 0.8, Avg: 1.1, Max: 1.9, Diff: 1.1, Sum: 14.6]
      [Update RS (ms): Min: 18.7, Avg: 20.0, Max: 20.8, Diff: 2.0, Sum: 260.2]
         [Processed Buffers: Min: 12, Avg: 25.6, Max: 38, Diff: 26, Sum: 333]
      [Scan RS (ms): Min: 12.5, Avg: 13.2, Max: 13.6, Diff: 1.1, Sum: 171.7]
      [Code Root Scanning (ms): Min: 0.0, Avg: 0.0, Max: 0.0, Diff: 0.0, Sum: 0.0]
      [Object Copy (ms): Min: 138.9, Avg: 140.2, Max: 141.1, Diff: 2.2, Sum: 1822.0]
      [Termination (ms): Min: 0.1, Avg: 0.2, Max: 0.2, Diff: 0.1, Sum: 2.3]
      [GC Worker Other (ms): Min: 0.0, Avg: 0.0, Max: 0.1, Diff: 0.0, Sum: 0.4]
      [GC Worker Total (ms): Min: 174.6, Avg: 174.7, Max: 174.8, Diff: 0.1, Sum: 2271.3]
      [GC Worker End (ms): Min: 41145.2, Avg: 41145.2, Max: 41145.3, Diff: 0.1]
   [Code Root Fixup: 0.4 ms]
   [Code Root Migration: 0.0 ms]
   [Clear CT: 1.5 ms]
   [Other: 17.1 ms]
      [Choose CSet: 0.0 ms]
      [Ref Proc: 10.8 ms]
      [Ref Enq: 1.0 ms]
      [Free CSet: 0.9 ms]
   [Eden: 1760.0M(1456.0M)->0.0B(1664.0M) Survivors: 224.0M->224.0M Heap: 7897.4M(24.0G)->6473.4M(24.0G)]
 [Times: user=2.13 sys=0.17, real=0.20 secs] 
2014-04-07T18:43:57.958+0900: 42.474: [GC pause (G1 Evacuation Pause) (young), 0.1652193 secs]
   [Parallel Time: 147.8 ms, GC Workers: 13]
      [GC Worker Start (ms): Min: 42474.8, Avg: 42474.9, Max: 42475.0, Diff: 0.1]
      [Ext Root Scanning (ms): Min: 1.0, Avg: 1.4, Max: 2.0, Diff: 1.0, Sum: 18.6]
      [Update RS (ms): Min: 13.0, Avg: 13.4, Max: 13.9, Diff: 0.9, Sum: 174.0]
         [Processed Buffers: Min: 14, Avg: 21.0, Max: 35, Diff: 21, Sum: 273]
      [Scan RS (ms): Min: 16.0, Avg: 16.3, Max: 17.3, Diff: 1.3, Sum: 212.5]
      [Code Root Scanning (ms): Min: 0.0, Avg: 0.0, Max: 0.0, Diff: 0.0, Sum: 0.1]
      [Object Copy (ms): Min: 115.7, Avg: 116.3, Max: 116.6, Diff: 1.0, Sum: 1512.1]
      [Termination (ms): Min: 0.0, Avg: 0.0, Max: 0.0, Diff: 0.0, Sum: 0.2]
      [GC Worker Other (ms): Min: 0.0, Avg: 0.0, Max: 0.1, Diff: 0.1, Sum: 0.6]
      [GC Worker Total (ms): Min: 147.5, Avg: 147.5, Max: 147.7, Diff: 0.2, Sum: 1918.1]
      [GC Worker End (ms): Min: 42622.4, Avg: 42622.4, Max: 42622.5, Diff: 0.1]
   [Code Root Fixup: 0.4 ms]
   [Code Root Migration: 0.0 ms]
   [Clear CT: 1.6 ms]
   [Other: 15.3 ms]
      [Choose CSet: 0.0 ms]
      [Ref Proc: 9.3 ms]
      [Ref Enq: 0.9 ms]
      [Free CSet: 0.8 ms]
   [Eden: 1520.0M(1456.0M)->0.0B(2176.0M) Survivors: 224.0M->224.0M Heap: 7993.4M(24.0G)->6785.4M(24.0G)]
 [Times: user=1.95 sys=0.00, real=0.16 secs] 
2014-04-07T18:43:59.753+0900: 44.270: [GC pause (G1 Evacuation Pause) (young), 0.2037370 secs]
   [Parallel Time: 182.6 ms, GC Workers: 13]
      [GC Worker Start (ms): Min: 44270.4, Avg: 44270.5, Max: 44270.5, Diff: 0.1]
      [Ext Root Scanning (ms): Min: 1.0, Avg: 1.4, Max: 2.0, Diff: 1.1, Sum: 17.6]
      [Update RS (ms): Min: 15.5, Avg: 16.0, Max: 17.4, Diff: 1.9, Sum: 207.6]
         [Processed Buffers: Min: 17, Avg: 24.4, Max: 38, Diff: 21, Sum: 317]
      [Scan RS (ms): Min: 13.5, Avg: 14.6, Max: 15.3, Diff: 1.9, Sum: 190.4]
      [Code Root Scanning (ms): Min: 0.0, Avg: 0.0, Max: 0.0, Diff: 0.0, Sum: 0.1]
      [Object Copy (ms): Min: 150.0, Avg: 150.4, Max: 150.9, Diff: 0.9, Sum: 1954.8]
      [Termination (ms): Min: 0.0, Avg: 0.0, Max: 0.0, Diff: 0.0, Sum: 0.1]
      [GC Worker Other (ms): Min: 0.0, Avg: 0.1, Max: 0.1, Diff: 0.1, Sum: 0.8]
      [GC Worker Total (ms): Min: 182.3, Avg: 182.4, Max: 182.5, Diff: 0.2, Sum: 2371.4]
      [GC Worker End (ms): Min: 44452.8, Avg: 44452.9, Max: 44452.9, Diff: 0.1]
   [Code Root Fixup: 0.4 ms]
   [Code Root Migration: 0.1 ms]
   [Clear CT: 1.6 ms]
   [Other: 18.9 ms]
      [Choose CSet: 0.0 ms]
      [Ref Proc: 12.0 ms]
      [Ref Enq: 1.0 ms]
      [Free CSet: 0.9 ms]
   [Eden: 1888.0M(1696.0M)->0.0B(1776.0M) Survivors: 224.0M->240.0M Heap: 8673.4M(24.0G)->7121.4M(24.0G)]
 [Times: user=2.22 sys=0.19, real=0.21 secs] 
2014-04-07T18:44:01.266+0900: 45.783: [GC pause (G1 Evacuation Pause) (young), 0.1738089 secs]
   [Parallel Time: 155.3 ms, GC Workers: 13]
      [GC Worker Start (ms): Min: 45783.6, Avg: 45783.7, Max: 45783.7, Diff: 0.1]
      [Ext Root Scanning (ms): Min: 1.3, Avg: 1.5, Max: 1.7, Diff: 0.4, Sum: 18.9]
      [Update RS (ms): Min: 16.3, Avg: 16.7, Max: 17.3, Diff: 1.0, Sum: 217.4]
         [Processed Buffers: Min: 19, Avg: 25.8, Max: 38, Diff: 19, Sum: 336]
      [Scan RS (ms): Min: 16.5, Avg: 17.1, Max: 18.1, Diff: 1.6, Sum: 222.9]
      [Code Root Scanning (ms): Min: 0.0, Avg: 0.0, Max: 0.0, Diff: 0.0, Sum: 0.0]
      [Object Copy (ms): Min: 119.0, Avg: 119.6, Max: 119.8, Diff: 0.9, Sum: 1555.4]
      [Termination (ms): Min: 0.0, Avg: 0.0, Max: 0.0, Diff: 0.0, Sum: 0.1]
      [GC Worker Other (ms): Min: 0.0, Avg: 0.0, Max: 0.1, Diff: 0.1, Sum: 0.6]
      [GC Worker Total (ms): Min: 154.9, Avg: 155.0, Max: 155.1, Diff: 0.1, Sum: 2015.3]
      [GC Worker End (ms): Min: 45938.7, Avg: 45938.7, Max: 45938.7, Diff: 0.1]
   [Code Root Fixup: 0.4 ms]
   [Code Root Migration: 0.0 ms]
   [Clear CT: 1.8 ms]
   [Other: 16.2 ms]
      [Choose CSet: 0.0 ms]
      [Ref Proc: 9.9 ms]
      [Ref Enq: 0.9 ms]
      [Free CSet: 0.8 ms]
   [Eden: 1504.0M(1504.0M)->0.0B(2816.0M) Survivors: 240.0M->224.0M Heap: 8625.4M(24.0G)->7441.4M(24.0G)]
 [Times: user=2.05 sys=0.00, real=0.17 secs] 
2014-04-07T18:44:03.066+0900: 47.583: [GC pause (G1 Evacuation Pause) (young), 0.3893140 secs]
   [Parallel Time: 367.6 ms, GC Workers: 13]
      [GC Worker Start (ms): Min: 47583.0, Avg: 47583.1, Max: 47583.1, Diff: 0.2]
      [Ext Root Scanning (ms): Min: 0.9, Avg: 1.2, Max: 2.0, Diff: 1.2, Sum: 16.1]
      [Update RS (ms): Min: 52.1, Avg: 57.6, Max: 67.5, Diff: 15.4, Sum: 749.2]
         [Processed Buffers: Min: 2, Avg: 25.7, Max: 48, Diff: 46, Sum: 334]
      [Scan RS (ms): Min: 53.2, Avg: 61.9, Max: 67.0, Diff: 13.9, Sum: 804.6]
      [Code Root Scanning (ms): Min: 0.0, Avg: 0.0, Max: 0.0, Diff: 0.0, Sum: 0.2]
      [Object Copy (ms): Min: 245.1, Avg: 246.0, Max: 247.0, Diff: 1.9, Sum: 3197.6]
      [Termination (ms): Min: 0.3, Avg: 0.6, Max: 0.7, Diff: 0.5, Sum: 8.2]
      [GC Worker Other (ms): Min: 0.0, Avg: 0.0, Max: 0.0, Diff: 0.0, Sum: 0.4]
      [GC Worker Total (ms): Min: 367.3, Avg: 367.4, Max: 367.5, Diff: 0.2, Sum: 4776.2]
      [GC Worker End (ms): Min: 47950.4, Avg: 47950.5, Max: 47950.5, Diff: 0.1]
   [Code Root Fixup: 0.2 ms]
   [Code Root Migration: 0.0 ms]
   [Clear CT: 1.8 ms]
   [Other: 19.7 ms]
      [Choose CSet: 0.0 ms]
      [Ref Proc: 12.9 ms]
      [Ref Enq: 1.1 ms]
      [Free CSet: 1.0 ms]
   [Eden: 1904.0M(1856.0M)->0.0B(944.0M) Survivors: 224.0M->272.0M Heap: 9345.4M(24.0G)->7833.4M(24.0G)]
 [Times: user=3.74 sys=0.27, real=0.38 secs] 
2014-04-07T18:44:04.247+0900: 48.764: [GC pause (G1 Evacuation Pause) (young) (initial-mark), 0.2232219 secs]
   [Parallel Time: 208.5 ms, GC Workers: 13]
      [GC Worker Start (ms): Min: 48764.2, Avg: 48764.2, Max: 48764.3, Diff: 0.1]
      [Ext Root Scanning (ms): Min: 1.0, Avg: 1.3, Max: 3.3, Diff: 2.3, Sum: 17.2]
      [Code Root Marking (ms): Min: 0.0, Avg: 0.7, Max: 5.3, Diff: 5.3, Sum: 9.3]
      [Update RS (ms): Min: 3.8, Avg: 8.2, Max: 9.4, Diff: 5.6, Sum: 106.4]
         [Processed Buffers: Min: 17, Avg: 22.6, Max: 26, Diff: 9, Sum: 294]
      [Scan RS (ms): Min: 20.4, Avg: 20.9, Max: 21.2, Diff: 0.9, Sum: 271.4]
      [Code Root Scanning (ms): Min: 0.0, Avg: 0.0, Max: 0.0, Diff: 0.0, Sum: 0.0]
      [Object Copy (ms): Min: 176.5, Avg: 176.8, Max: 177.2, Diff: 0.7, Sum: 2298.3]
      [Termination (ms): Min: 0.0, Avg: 0.4, Max: 0.5, Diff: 0.4, Sum: 5.1]
      [GC Worker Other (ms): Min: 0.0, Avg: 0.0, Max: 0.1, Diff: 0.1, Sum: 0.4]
      [GC Worker Total (ms): Min: 208.3, Avg: 208.3, Max: 208.4, Diff: 0.2, Sum: 2708.2]
      [GC Worker End (ms): Min: 48972.5, Avg: 48972.6, Max: 48972.6, Diff: 0.0]
   [Code Root Fixup: 0.3 ms]
   [Code Root Migration: 0.0 ms]
   [Clear CT: 1.8 ms]
   [Other: 12.7 ms]
      [Choose CSet: 0.0 ms]
      [Ref Proc: 6.9 ms]
      [Ref Enq: 0.7 ms]
      [Free CSet: 0.5 ms]
   [Eden: 944.0M(944.0M)->0.0B(1056.0M) Survivors: 272.0M->160.0M Heap: 8777.4M(24.0G)->8073.4M(24.0G)]
 [Times: user=2.73 sys=0.00, real=0.22 secs] 
2014-04-07T18:44:04.470+0900: 48.987: [GC concurrent-root-region-scan-start]
2014-04-07T18:44:04.509+0900: 49.026: [GC concurrent-root-region-scan-end, 0.0385162 secs]
2014-04-07T18:44:04.509+0900: 49.026: [GC concurrent-mark-start]
2014-04-07T18:44:05.738+0900: 50.255: [GC concurrent-mark-end, 1.2289623 secs]
2014-04-07T18:44:05.739+0900: 50.256: [GC remark 50.258: [GC ref-proc, 0.0126331 secs], 0.0331706 secs]
 [Times: user=0.20 sys=0.00, real=0.03 secs] 
2014-04-07T18:44:05.774+0900: 50.291: [GC cleanup 9110M->9110M(24G), 0.0190382 secs]
 [Times: user=0.24 sys=0.00, real=0.02 secs] 
2014-04-07T18:44:05.808+0900: 50.325: [GC pause (G1 Evacuation Pause) (young), 0.1185279 secs]
   [Parallel Time: 105.8 ms, GC Workers: 13]
      [GC Worker Start (ms): Min: 50325.6, Avg: 50325.7, Max: 50325.8, Diff: 0.1]
      [Ext Root Scanning (ms): Min: 1.3, Avg: 1.5, Max: 2.0, Diff: 0.7, Sum: 18.9]
      [Update RS (ms): Min: 14.3, Avg: 15.2, Max: 15.7, Diff: 1.5, Sum: 197.9]
         [Processed Buffers: Min: 13, Avg: 25.8, Max: 37, Diff: 24, Sum: 335]
      [Scan RS (ms): Min: 7.9, Avg: 8.3, Max: 8.6, Diff: 0.7, Sum: 108.0]
      [Code Root Scanning (ms): Min: 0.0, Avg: 0.0, Max: 0.0, Diff: 0.0, Sum: 0.0]
      [Object Copy (ms): Min: 80.3, Avg: 80.4, Max: 80.5, Diff: 0.2, Sum: 1045.8]
      [Termination (ms): Min: 0.0, Avg: 0.0, Max: 0.0, Diff: 0.0, Sum: 0.1]
      [GC Worker Other (ms): Min: 0.0, Avg: 0.0, Max: 0.1, Diff: 0.0, Sum: 0.5]
      [GC Worker Total (ms): Min: 105.4, Avg: 105.5, Max: 105.5, Diff: 0.2, Sum: 1371.1]
      [GC Worker End (ms): Min: 50431.1, Avg: 50431.2, Max: 50431.2, Diff: 0.0]
   [Code Root Fixup: 0.4 ms]
   [Code Root Migration: 0.0 ms]
   [Clear CT: 1.8 ms]
   [Other: 10.6 ms]
      [Choose CSet: 0.0 ms]
      [Ref Proc: 6.9 ms]
      [Ref Enq: 0.6 ms]
      [Free CSet: 0.5 ms]
   [Eden: 1056.0M(1056.0M)->0.0B(1056.0M) Survivors: 160.0M->160.0M Heap: 9129.4M(24.0G)->8289.4M(24.0G)]
 [Times: user=1.39 sys=0.00, real=0.12 secs] 
2014-04-07T18:44:06.819+0900: 51.336: [GC pause (G1 Evacuation Pause) (mixed), 0.1449693 secs]
   [Parallel Time: 128.0 ms, GC Workers: 13]
      [GC Worker Start (ms): Min: 51336.7, Avg: 51336.8, Max: 51336.9, Diff: 0.1]
      [Ext Root Scanning (ms): Min: 1.3, Avg: 1.4, Max: 2.1, Diff: 0.8, Sum: 18.0]
      [Update RS (ms): Min: 17.4, Avg: 17.9, Max: 18.5, Diff: 1.1, Sum: 232.6]
         [Processed Buffers: Min: 17, Avg: 25.5, Max: 42, Diff: 25, Sum: 331]
      [Scan RS (ms): Min: 14.0, Avg: 14.7, Max: 15.4, Diff: 1.3, Sum: 191.3]
      [Code Root Scanning (ms): Min: 0.0, Avg: 0.0, Max: 0.2, Diff: 0.2, Sum: 0.2]
      [Object Copy (ms): Min: 93.4, Avg: 93.7, Max: 93.8, Diff: 0.4, Sum: 1217.6]
      [Termination (ms): Min: 0.0, Avg: 0.0, Max: 0.0, Diff: 0.0, Sum: 0.1]
      [GC Worker Other (ms): Min: 0.0, Avg: 0.0, Max: 0.1, Diff: 0.1, Sum: 0.5]
      [GC Worker Total (ms): Min: 127.7, Avg: 127.7, Max: 127.8, Diff: 0.1, Sum: 1660.3]
      [GC Worker End (ms): Min: 51464.5, Avg: 51464.5, Max: 51464.6, Diff: 0.1]
   [Code Root Fixup: 0.5 ms]
   [Code Root Migration: 0.6 ms]
   [Clear CT: 2.1 ms]
   [Other: 13.8 ms]
      [Choose CSet: 0.2 ms]
      [Ref Proc: 8.1 ms]
      [Ref Enq: 1.1 ms]
      [Free CSet: 1.3 ms]
   [Eden: 1056.0M(1056.0M)->0.0B(1056.0M) Survivors: 160.0M->160.0M Heap: 9345.4M(24.0G)->7776.0M(24.0G)]
 [Times: user=1.70 sys=0.00, real=0.14 secs] 
2014-04-07T18:44:07.867+0900: 52.384: [GC pause (G1 Evacuation Pause) (mixed), 0.1507586 secs]
   [Parallel Time: 134.2 ms, GC Workers: 13]
      [GC Worker Start (ms): Min: 52384.2, Avg: 52384.3, Max: 52384.4, Diff: 0.1]
      [Ext Root Scanning (ms): Min: 1.3, Avg: 1.4, Max: 2.0, Diff: 0.7, Sum: 18.5]
      [Update RS (ms): Min: 18.3, Avg: 18.6, Max: 19.4, Diff: 1.1, Sum: 242.4]
         [Processed Buffers: Min: 16, Avg: 27.1, Max: 44, Diff: 28, Sum: 352]
      [Scan RS (ms): Min: 16.5, Avg: 17.2, Max: 17.7, Diff: 1.1, Sum: 224.0]
      [Code Root Scanning (ms): Min: 0.0, Avg: 0.0, Max: 0.0, Diff: 0.0, Sum: 0.1]
      [Object Copy (ms): Min: 95.2, Avg: 95.4, Max: 96.6, Diff: 1.4, Sum: 1239.7]
      [Termination (ms): Min: 0.0, Avg: 1.3, Max: 1.4, Diff: 1.4, Sum: 16.3]
      [GC Worker Other (ms): Min: 0.0, Avg: 0.0, Max: 0.0, Diff: 0.0, Sum: 0.3]
      [GC Worker Total (ms): Min: 133.9, Avg: 133.9, Max: 134.0, Diff: 0.1, Sum: 1741.2]
      [GC Worker End (ms): Min: 52518.2, Avg: 52518.2, Max: 52518.3, Diff: 0.0]
   [Code Root Fixup: 0.4 ms]
   [Code Root Migration: 0.1 ms]
   [Clear CT: 2.3 ms]
   [Other: 13.8 ms]
      [Choose CSet: 0.2 ms]
      [Ref Proc: 7.9 ms]
      [Ref Enq: 1.1 ms]
      [Free CSet: 1.3 ms]
   [Eden: 1056.0M(1056.0M)->0.0B(2320.0M) Survivors: 160.0M->160.0M Heap: 8832.0M(24.0G)->7400.0M(24.0G)]
 [Times: user=1.74 sys=0.04, real=0.15 secs] 
2014-04-07T18:44:10.005+0900: 54.522: [GC pause (G1 Evacuation Pause) (young), 0.2254044 secs]
   [Parallel Time: 199.3 ms, GC Workers: 13]
      [GC Worker Start (ms): Min: 54522.0, Avg: 54522.1, Max: 54522.1, Diff: 0.1]
      [Ext Root Scanning (ms): Min: 1.4, Avg: 3.0, Max: 11.3, Diff: 9.9, Sum: 38.5]
      [Update RS (ms): Min: 13.8, Avg: 22.3, Max: 24.2, Diff: 10.5, Sum: 290.1]
         [Processed Buffers: Min: 13, Avg: 28.5, Max: 40, Diff: 27, Sum: 370]
      [Scan RS (ms): Min: 4.2, Avg: 13.1, Max: 20.0, Diff: 15.8, Sum: 170.3]
      [Code Root Scanning (ms): Min: 0.0, Avg: 0.0, Max: 0.0, Diff: 0.0, Sum: 0.1]
      [Object Copy (ms): Min: 154.8, Avg: 160.3, Max: 161.0, Diff: 6.3, Sum: 2083.6]
      [Termination (ms): Min: 0.0, Avg: 0.2, Max: 1.1, Diff: 1.1, Sum: 3.2]
      [GC Worker Other (ms): Min: 0.0, Avg: 0.0, Max: 0.1, Diff: 0.1, Sum: 0.5]
      [GC Worker Total (ms): Min: 198.4, Avg: 198.9, Max: 199.2, Diff: 0.8, Sum: 2586.2]
      [GC Worker End (ms): Min: 54720.5, Avg: 54721.0, Max: 54721.2, Diff: 0.7]
   [Code Root Fixup: 0.4 ms]
   [Code Root Migration: 0.0 ms]
   [Clear CT: 2.7 ms]
   [Other: 22.9 ms]
      [Choose CSet: 0.0 ms]
      [Ref Proc: 15.5 ms]
      [Ref Enq: 1.6 ms]
      [Free CSet: 1.2 ms]
   [Eden: 2320.0M(2320.0M)->0.0B(912.0M) Survivors: 160.0M->320.0M Heap: 9720.0M(24.0G)->7880.0M(24.0G)]
 [Times: user=2.34 sys=0.08, real=0.23 secs] 
2014-04-07T18:44:11.053+0900: 55.570: [GC pause (G1 Evacuation Pause) (young) (initial-mark), 0.1539593 secs]
   [Parallel Time: 138.5 ms, GC Workers: 13]
      [GC Worker Start (ms): Min: 55570.3, Avg: 55570.4, Max: 55570.5, Diff: 0.1]
      [Ext Root Scanning (ms): Min: 1.2, Avg: 1.4, Max: 3.2, Diff: 2.0, Sum: 18.6]
      [Code Root Marking (ms): Min: 0.0, Avg: 0.9, Max: 7.8, Diff: 7.7, Sum: 11.5]
      [Update RS (ms): Min: 11.2, Avg: 18.0, Max: 19.8, Diff: 8.7, Sum: 233.8]
         [Processed Buffers: Min: 16, Avg: 25.8, Max: 37, Diff: 21, Sum: 335]
      [Scan RS (ms): Min: 13.7, Avg: 14.6, Max: 15.0, Diff: 1.3, Sum: 190.2]
      [Code Root Scanning (ms): Min: 0.0, Avg: 0.0, Max: 0.0, Diff: 0.0, Sum: 0.0]
      [Object Copy (ms): Min: 103.1, Avg: 103.3, Max: 103.5, Diff: 0.4, Sum: 1342.7]
      [Termination (ms): Min: 0.0, Avg: 0.0, Max: 0.0, Diff: 0.0, Sum: 0.0]
      [GC Worker Other (ms): Min: 0.0, Avg: 0.0, Max: 0.1, Diff: 0.1, Sum: 0.5]
      [GC Worker Total (ms): Min: 138.2, Avg: 138.3, Max: 138.3, Diff: 0.2, Sum: 1797.3]
      [GC Worker End (ms): Min: 55708.6, Avg: 55708.6, Max: 55708.7, Diff: 0.1]
   [Code Root Fixup: 0.4 ms]
   [Code Root Migration: 0.0 ms]
   [Clear CT: 2.0 ms]
   [Other: 13.0 ms]
      [Choose CSet: 0.0 ms]
      [Ref Proc: 6.9 ms]
      [Ref Enq: 0.9 ms]
      [Free CSet: 0.5 ms]
   [Eden: 912.0M(912.0M)->0.0B(2272.0M) Survivors: 320.0M->160.0M Heap: 8792.0M(24.0G)->8088.0M(24.0G)]
 [Times: user=1.82 sys=0.00, real=0.16 secs] 
2014-04-07T18:44:11.207+0900: 55.724: [GC concurrent-root-region-scan-start]
2014-04-07T18:44:11.257+0900: 55.774: [GC concurrent-root-region-scan-end, 0.0500692 secs]
2014-04-07T18:44:11.257+0900: 55.774: [GC concurrent-mark-start]
2014-04-07T18:44:12.703+0900: 57.219: [GC concurrent-mark-end, 1.4453874 secs]
2014-04-07T18:44:12.704+0900: 57.221: [GC remark 57.223: [GC ref-proc, 0.0123533 secs], 0.0355327 secs]
 [Times: user=0.22 sys=0.00, real=0.04 secs] 
2014-04-07T18:44:12.741+0900: 57.258: [GC cleanup 9442M->9394M(24G), 0.0193872 secs]
 [Times: user=0.25 sys=0.00, real=0.02 secs] 
2014-04-07T18:44:12.761+0900: 57.278: [GC concurrent-cleanup-start]
2014-04-07T18:44:12.761+0900: 57.278: [GC concurrent-cleanup-end, 0.0000781 secs]
2014-04-07T18:44:13.532+0900: 58.049: [GC pause (G1 Evacuation Pause) (young), 0.2287886 secs]
   [Parallel Time: 203.6 ms, GC Workers: 13]
      [GC Worker Start (ms): Min: 58049.2, Avg: 58049.2, Max: 58049.3, Diff: 0.1]
      [Ext Root Scanning (ms): Min: 0.8, Avg: 1.3, Max: 2.4, Diff: 1.5, Sum: 17.1]
      [Update RS (ms): Min: 18.9, Avg: 20.0, Max: 21.4, Diff: 2.5, Sum: 260.2]
         [Processed Buffers: Min: 17, Avg: 26.6, Max: 38, Diff: 21, Sum: 346]
      [Scan RS (ms): Min: 11.5, Avg: 12.6, Max: 13.2, Diff: 1.7, Sum: 164.3]
      [Code Root Scanning (ms): Min: 0.0, Avg: 0.0, Max: 0.0, Diff: 0.0, Sum: 0.1]
      [Object Copy (ms): Min: 168.2, Avg: 168.9, Max: 169.6, Diff: 1.4, Sum: 2196.0]
      [Termination (ms): Min: 0.0, Avg: 0.3, Max: 0.4, Diff: 0.4, Sum: 4.0]
      [GC Worker Other (ms): Min: 0.0, Avg: 0.0, Max: 0.0, Diff: 0.0, Sum: 0.4]
      [GC Worker Total (ms): Min: 202.7, Avg: 203.2, Max: 203.5, Diff: 0.7, Sum: 2642.0]
      [GC Worker End (ms): Min: 58251.9, Avg: 58252.4, Max: 58252.6, Diff: 0.7]
   [Code Root Fixup: 0.4 ms]
   [Code Root Migration: 0.0 ms]
   [Clear CT: 2.7 ms]
   [Other: 22.0 ms]
      [Choose CSet: 0.0 ms]
      [Ref Proc: 15.0 ms]
      [Ref Enq: 1.5 ms]
      [Free CSet: 1.3 ms]
   [Eden: 2272.0M(2272.0M)->0.0B(912.0M) Survivors: 160.0M->304.0M Heap: 10.1G(24.0G)->8496.0M(24.0G)]
 [Times: user=2.49 sys=0.19, real=0.23 secs] 
2014-04-07T18:44:14.580+0900: 59.097: [GC pause (G1 Evacuation Pause) (mixed), 0.1612887 secs]
   [Parallel Time: 145.1 ms, GC Workers: 13]
      [GC Worker Start (ms): Min: 59097.9, Avg: 59097.9, Max: 59098.0, Diff: 0.1]
      [Ext Root Scanning (ms): Min: 1.4, Avg: 1.5, Max: 1.9, Diff: 0.5, Sum: 19.6]
      [Update RS (ms): Min: 17.4, Avg: 17.8, Max: 18.3, Diff: 0.9, Sum: 230.9]
         [Processed Buffers: Min: 17, Avg: 25.2, Max: 34, Diff: 17, Sum: 328]
      [Scan RS (ms): Min: 19.6, Avg: 20.0, Max: 20.3, Diff: 0.7, Sum: 260.1]
      [Code Root Scanning (ms): Min: 0.0, Avg: 0.0, Max: 0.0, Diff: 0.0, Sum: 0.0]
      [Object Copy (ms): Min: 105.1, Avg: 105.5, Max: 105.6, Diff: 0.5, Sum: 1371.8]
      [Termination (ms): Min: 0.0, Avg: 0.0, Max: 0.0, Diff: 0.0, Sum: 0.0]
      [GC Worker Other (ms): Min: 0.0, Avg: 0.0, Max: 0.1, Diff: 0.1, Sum: 0.6]
      [GC Worker Total (ms): Min: 144.8, Avg: 144.9, Max: 144.9, Diff: 0.2, Sum: 1883.1]
      [GC Worker End (ms): Min: 59242.8, Avg: 59242.8, Max: 59242.8, Diff: 0.1]
   [Code Root Fixup: 0.4 ms]
   [Code Root Migration: 0.0 ms]
   [Clear CT: 2.4 ms]
   [Other: 13.4 ms]
      [Choose CSet: 0.2 ms]
      [Ref Proc: 6.7 ms]
      [Ref Enq: 1.0 ms]
      [Free CSet: 1.0 ms]
   [Eden: 912.0M(912.0M)->0.0B(1056.0M) Survivors: 304.0M->160.0M Heap: 9408.0M(24.0G)->8188.7M(24.0G)]
 [Times: user=1.91 sys=0.00, real=0.16 secs] 
2014-04-07T18:44:15.639+0900: 60.156: [GC pause (G1 Evacuation Pause) (mixed), 0.1247861 secs]
   [Parallel Time: 110.1 ms, GC Workers: 13]
      [GC Worker Start (ms): Min: 60156.7, Avg: 60156.8, Max: 60156.9, Diff: 0.1]
      [Ext Root Scanning (ms): Min: 1.3, Avg: 1.4, Max: 1.8, Diff: 0.5, Sum: 17.9]
      [Update RS (ms): Min: 17.7, Avg: 17.8, Max: 19.0, Diff: 1.3, Sum: 231.9]
         [Processed Buffers: Min: 17, Avg: 26.5, Max: 38, Diff: 21, Sum: 344]
      [Scan RS (ms): Min: 8.4, Avg: 9.5, Max: 9.8, Diff: 1.3, Sum: 123.5]
      [Code Root Scanning (ms): Min: 0.0, Avg: 0.0, Max: 0.0, Diff: 0.0, Sum: 0.0]
      [Object Copy (ms): Min: 80.9, Avg: 81.1, Max: 81.3, Diff: 0.4, Sum: 1054.3]
      [Termination (ms): Min: 0.0, Avg: 0.0, Max: 0.0, Diff: 0.0, Sum: 0.1]
      [GC Worker Other (ms): Min: 0.0, Avg: 0.0, Max: 0.1, Diff: 0.0, Sum: 0.5]
      [GC Worker Total (ms): Min: 109.8, Avg: 109.9, Max: 109.9, Diff: 0.1, Sum: 1428.2]
      [GC Worker End (ms): Min: 60266.7, Avg: 60266.7, Max: 60266.7, Diff: 0.0]
   [Code Root Fixup: 0.4 ms]
   [Code Root Migration: 0.0 ms]
   [Clear CT: 2.2 ms]
   [Other: 12.1 ms]
      [Choose CSet: 0.1 ms]
      [Ref Proc: 7.3 ms]
      [Ref Enq: 0.8 ms]
      [Free CSet: 0.7 ms]
   [Eden: 1056.0M(1056.0M)->0.0B(3056.0M) Survivors: 160.0M->160.0M Heap: 9244.7M(24.0G)->8304.0M(24.0G)]
 [Times: user=1.46 sys=0.00, real=0.12 secs] 
2014-04-07T18:44:17.637+0900: 62.154: [GC pause (G1 Evacuation Pause) (young), 0.2114483 secs]
   [Parallel Time: 187.2 ms, GC Workers: 13]
      [GC Worker Start (ms): Min: 62154.4, Avg: 62154.5, Max: 62154.6, Diff: 0.1]
      [Ext Root Scanning (ms): Min: 1.3, Avg: 1.5, Max: 2.0, Diff: 0.7, Sum: 18.9]
      [Update RS (ms): Min: 25.8, Avg: 28.4, Max: 43.7, Diff: 17.9, Sum: 369.5]
         [Processed Buffers: Min: 1, Avg: 30.8, Max: 53, Diff: 52, Sum: 400]
      [Scan RS (ms): Min: 0.0, Avg: 13.5, Max: 15.7, Diff: 15.7, Sum: 175.7]
      [Code Root Scanning (ms): Min: 0.0, Avg: 0.0, Max: 0.0, Diff: 0.0, Sum: 0.1]
      [Object Copy (ms): Min: 141.7, Avg: 143.5, Max: 143.9, Diff: 2.1, Sum: 1865.4]
      [Termination (ms): Min: 0.0, Avg: 0.0, Max: 0.0, Diff: 0.0, Sum: 0.1]
      [GC Worker Other (ms): Min: 0.0, Avg: 0.1, Max: 0.1, Diff: 0.1, Sum: 0.7]
      [GC Worker Total (ms): Min: 186.9, Avg: 187.0, Max: 187.0, Diff: 0.2, Sum: 2430.4]
      [GC Worker End (ms): Min: 62341.4, Avg: 62341.5, Max: 62341.5, Diff: 0.1]
   [Code Root Fixup: 0.4 ms]
   [Code Root Migration: 0.0 ms]
   [Clear CT: 2.3 ms]
   [Other: 21.5 ms]
      [Choose CSet: 0.0 ms]
      [Ref Proc: 14.8 ms]
      [Ref Enq: 1.4 ms]
      [Free CSet: 1.1 ms]
   [Eden: 2272.0M(2272.0M)->0.0B(1744.0M) Survivors: 160.0M->304.0M Heap: 10.3G(24.0G)->8720.0M(24.0G)]
 [Times: user=2.42 sys=0.04, real=0.22 secs] 
2014-04-07T18:44:19.071+0900: 63.588: [GC pause (G1 Evacuation Pause) (young) (initial-mark), 0.1884929 secs]
   [Parallel Time: 169.7 ms, GC Workers: 13]
      [GC Worker Start (ms): Min: 63588.1, Avg: 63588.2, Max: 63588.2, Diff: 0.1]
      [Ext Root Scanning (ms): Min: 1.1, Avg: 1.4, Max: 2.6, Diff: 1.5, Sum: 17.7]
      [Code Root Marking (ms): Min: 0.0, Avg: 0.9, Max: 7.8, Diff: 7.7, Sum: 11.8]
      [Update RS (ms): Min: 11.4, Avg: 18.1, Max: 19.9, Diff: 8.5, Sum: 235.9]
         [Processed Buffers: Min: 12, Avg: 26.8, Max: 39, Diff: 27, Sum: 348]
      [Scan RS (ms): Min: 17.0, Avg: 17.8, Max: 18.2, Diff: 1.2, Sum: 231.8]
      [Code Root Scanning (ms): Min: 0.0, Avg: 0.0, Max: 0.0, Diff: 0.0, Sum: 0.1]
      [Object Copy (ms): Min: 130.9, Avg: 131.2, Max: 131.5, Diff: 0.6, Sum: 1705.2]
      [Termination (ms): Min: 0.0, Avg: 0.0, Max: 0.0, Diff: 0.0, Sum: 0.1]
      [GC Worker Other (ms): Min: 0.0, Avg: 0.0, Max: 0.1, Diff: 0.1, Sum: 0.6]
      [GC Worker Total (ms): Min: 169.4, Avg: 169.5, Max: 169.6, Diff: 0.2, Sum: 2203.1]
      [GC Worker End (ms): Min: 63757.6, Avg: 63757.6, Max: 63757.7, Diff: 0.1]
   [Code Root Fixup: 0.3 ms]
   [Code Root Migration: 0.0 ms]
   [Clear CT: 2.4 ms]
   [Other: 16.0 ms]
      [Choose CSet: 0.0 ms]
      [Ref Proc: 9.1 ms]
      [Ref Enq: 0.9 ms]
      [Free CSet: 0.8 ms]
   [Eden: 1424.0M(1056.0M)->0.0B(3344.0M) Survivors: 304.0M->176.0M Heap: 10144.0M(24.0G)->9016.0M(24.0G)]
 [Times: user=2.24 sys=0.00, real=0.19 secs] 
2014-04-07T18:44:19.259+0900: 63.776: [GC concurrent-root-region-scan-start]
2014-04-07T18:44:19.314+0900: 63.830: [GC concurrent-root-region-scan-end, 0.0540890 secs]
2014-04-07T18:44:19.314+0900: 63.830: [GC concurrent-mark-start]
2014-04-07T18:44:20.871+0900: 65.388: [GC concurrent-mark-end, 1.5578271 secs]
2014-04-07T18:44:20.873+0900: 65.390: [GC remark 65.425: [GC ref-proc, 0.0124209 secs], 0.0715143 secs]
 [Times: user=0.69 sys=0.00, real=0.07 secs] 
2014-04-07T18:44:20.946+0900: 65.463: [GC cleanup 10G->10G(24G), 0.0202770 secs]
 [Times: user=0.25 sys=0.00, real=0.02 secs] 
2014-04-07T18:44:20.967+0900: 65.483: [GC concurrent-cleanup-start]
2014-04-07T18:44:20.967+0900: 65.484: [GC concurrent-cleanup-end, 0.0000899 secs]
2014-04-07T18:44:21.671+0900: 66.187: [GC pause (G1 Evacuation Pause) (young), 0.2204218 secs]
   [Parallel Time: 195.4 ms, GC Workers: 13]
      [GC Worker Start (ms): Min: 66187.9, Avg: 66188.0, Max: 66188.0, Diff: 0.1]
      [Ext Root Scanning (ms): Min: 0.8, Avg: 1.3, Max: 2.0, Diff: 1.2, Sum: 16.3]
      [Update RS (ms): Min: 18.3, Avg: 19.0, Max: 21.2, Diff: 2.9, Sum: 247.5]
         [Processed Buffers: Min: 15, Avg: 27.9, Max: 52, Diff: 37, Sum: 363]
      [Scan RS (ms): Min: 14.3, Avg: 16.3, Max: 16.9, Diff: 2.5, Sum: 212.0]
      [Code Root Scanning (ms): Min: 0.0, Avg: 0.0, Max: 0.0, Diff: 0.0, Sum: 0.1]
      [Object Copy (ms): Min: 157.8, Avg: 158.6, Max: 159.2, Diff: 1.4, Sum: 2061.5]
      [Termination (ms): Min: 0.0, Avg: 0.0, Max: 0.0, Diff: 0.0, Sum: 0.1]
      [GC Worker Other (ms): Min: 0.0, Avg: 0.1, Max: 0.1, Diff: 0.1, Sum: 0.8]
      [GC Worker Total (ms): Min: 195.1, Avg: 195.3, Max: 195.4, Diff: 0.2, Sum: 2538.3]
      [GC Worker End (ms): Min: 66383.2, Avg: 66383.2, Max: 66383.3, Diff: 0.1]
   [Code Root Fixup: 0.4 ms]
   [Code Root Migration: 0.1 ms]
   [Clear CT: 2.4 ms]
   [Other: 22.1 ms]
      [Choose CSet: 0.0 ms]
      [Ref Proc: 14.9 ms]
      [Ref Enq: 1.4 ms]
      [Free CSet: 1.1 ms]
   [Eden: 2192.0M(2192.0M)->0.0B(912.0M) Survivors: 176.0M->304.0M Heap: 10.9G(24.0G)->9376.0M(24.0G)]
 [Times: user=2.37 sys=0.21, real=0.22 secs] 
2014-04-07T18:44:22.643+0900: 67.160: [GC pause (G1 Evacuation Pause) (mixed), 0.1829972 secs]
   [Parallel Time: 166.1 ms, GC Workers: 13]
      [GC Worker Start (ms): Min: 67160.8, Avg: 67160.9, Max: 67161.0, Diff: 0.1]
      [Ext Root Scanning (ms): Min: 1.3, Avg: 1.4, Max: 2.2, Diff: 0.9, Sum: 18.8]
      [Update RS (ms): Min: 23.0, Avg: 36.5, Max: 54.1, Diff: 31.1, Sum: 474.0]
         [Processed Buffers: Min: 19, Avg: 30.2, Max: 46, Diff: 27, Sum: 392]
      [Scan RS (ms): Min: 5.3, Avg: 22.8, Max: 35.5, Diff: 30.2, Sum: 296.6]
      [Code Root Scanning (ms): Min: 0.0, Avg: 0.0, Max: 0.0, Diff: 0.0, Sum: 0.1]
      [Object Copy (ms): Min: 104.8, Avg: 105.1, Max: 105.3, Diff: 0.5, Sum: 1366.3]
      [Termination (ms): Min: 0.0, Avg: 0.0, Max: 0.0, Diff: 0.0, Sum: 0.0]
      [GC Worker Other (ms): Min: 0.0, Avg: 0.0, Max: 0.1, Diff: 0.0, Sum: 0.5]
      [GC Worker Total (ms): Min: 165.8, Avg: 165.9, Max: 166.0, Diff: 0.2, Sum: 2156.3]
      [GC Worker End (ms): Min: 67326.7, Avg: 67326.8, Max: 67326.8, Diff: 0.0]
   [Code Root Fixup: 0.4 ms]
   [Code Root Migration: 0.0 ms]
   [Clear CT: 2.4 ms]
   [Other: 14.0 ms]
      [Choose CSet: 0.2 ms]
      [Ref Proc: 6.3 ms]
      [Ref Enq: 0.7 ms]
      [Free CSet: 1.3 ms]
   [Eden: 912.0M(912.0M)->0.0B(1056.0M) Survivors: 304.0M->160.0M Heap: 10.0G(24.0G)->8992.0M(24.0G)]
 [Times: user=2.19 sys=0.00, real=0.18 secs] 
2014-04-07T18:44:23.763+0900: 68.280: [GC pause (G1 Evacuation Pause) (mixed), 0.1355035 secs]
   [Parallel Time: 119.8 ms, GC Workers: 13]
      [GC Worker Start (ms): Min: 68280.8, Avg: 68280.9, Max: 68280.9, Diff: 0.1]
      [Ext Root Scanning (ms): Min: 1.3, Avg: 1.5, Max: 2.3, Diff: 1.0, Sum: 19.0]
      [Update RS (ms): Min: 18.7, Avg: 19.8, Max: 20.2, Diff: 1.5, Sum: 257.6]
         [Processed Buffers: Min: 16, Avg: 28.1, Max: 47, Diff: 31, Sum: 365]
      [Scan RS (ms): Min: 12.2, Avg: 12.6, Max: 12.9, Diff: 0.7, Sum: 163.9]
      [Code Root Scanning (ms): Min: 0.0, Avg: 0.0, Max: 0.0, Diff: 0.0, Sum: 0.0]
      [Object Copy (ms): Min: 85.5, Avg: 85.6, Max: 85.7, Diff: 0.3, Sum: 1112.5]
      [Termination (ms): Min: 0.0, Avg: 0.2, Max: 0.2, Diff: 0.2, Sum: 2.0]
      [GC Worker Other (ms): Min: 0.0, Avg: 0.0, Max: 0.0, Diff: 0.0, Sum: 0.3]
      [GC Worker Total (ms): Min: 119.6, Avg: 119.6, Max: 119.7, Diff: 0.2, Sum: 1555.3]
      [GC Worker End (ms): Min: 68400.5, Avg: 68400.5, Max: 68400.5, Diff: 0.1]
   [Code Root Fixup: 0.4 ms]
   [Code Root Migration: 0.0 ms]
   [Clear CT: 2.5 ms]
   [Other: 12.7 ms]
      [Choose CSet: 0.1 ms]
      [Ref Proc: 7.0 ms]
      [Ref Enq: 0.8 ms]
      [Free CSet: 0.8 ms]
   [Eden: 1056.0M(1056.0M)->0.0B(3568.0M) Survivors: 160.0M->160.0M Heap: 10048.0M(24.0G)->9024.0M(24.0G)]
 [Times: user=1.57 sys=0.02, real=0.14 secs] 
2014-04-07T18:44:26.135+0900: 70.652: [GC pause (G1 Evacuation Pause) (young), 0.2491174 secs]
   [Parallel Time: 219.1 ms, GC Workers: 13]
      [GC Worker Start (ms): Min: 70652.2, Avg: 70652.3, Max: 70652.3, Diff: 0.1]
      [Ext Root Scanning (ms): Min: 1.3, Avg: 1.4, Max: 1.6, Diff: 0.3, Sum: 18.2]
      [Update RS (ms): Min: 23.6, Avg: 24.0, Max: 25.9, Diff: 2.3, Sum: 312.5]
         [Processed Buffers: Min: 22, Avg: 31.5, Max: 40, Diff: 18, Sum: 409]
      [Scan RS (ms): Min: 14.0, Avg: 16.0, Max: 16.5, Diff: 2.4, Sum: 207.7]
      [Code Root Scanning (ms): Min: 0.0, Avg: 0.0, Max: 0.0, Diff: 0.0, Sum: 0.1]
      [Object Copy (ms): Min: 176.3, Avg: 176.9, Max: 177.3, Diff: 1.0, Sum: 2299.3]
      [Termination (ms): Min: 0.0, Avg: 0.3, Max: 0.3, Diff: 0.3, Sum: 3.9]
      [GC Worker Other (ms): Min: 0.0, Avg: 0.0, Max: 0.0, Diff: 0.0, Sum: 0.4]
      [GC Worker Total (ms): Min: 218.0, Avg: 218.6, Max: 219.0, Diff: 1.0, Sum: 2841.9]
      [GC Worker End (ms): Min: 70870.3, Avg: 70870.9, Max: 70871.2, Diff: 0.9]
   [Code Root Fixup: 0.4 ms]
   [Code Root Migration: 0.0 ms]
   [Clear CT: 3.4 ms]
   [Other: 26.1 ms]
      [Choose CSet: 0.0 ms]
      [Ref Proc: 17.7 ms]
      [Ref Enq: 2.0 ms]
      [Free CSet: 1.2 ms]
   [Eden: 2576.0M(2576.0M)->0.0B(1248.0M) Survivors: 160.0M->352.0M Heap: 11.3G(24.0G)->9520.0M(24.0G)]
 [Times: user=2.76 sys=0.15, real=0.25 secs] 
2014-04-07T18:44:27.521+0900: 72.038: [GC pause (G1 Evacuation Pause) (young) (initial-mark), 0.1866315 secs]
   [Parallel Time: 167.6 ms, GC Workers: 13]
      [GC Worker Start (ms): Min: 72038.5, Avg: 72038.5, Max: 72038.6, Diff: 0.1]
      [Ext Root Scanning (ms): Min: 1.0, Avg: 1.4, Max: 3.8, Diff: 2.8, Sum: 18.8]
      [Code Root Marking (ms): Min: 0.0, Avg: 0.9, Max: 7.7, Diff: 7.7, Sum: 11.4]
      [Update RS (ms): Min: 14.9, Avg: 28.5, Max: 55.2, Diff: 40.3, Sum: 370.1]
         [Processed Buffers: Min: 18, Avg: 28.5, Max: 42, Diff: 24, Sum: 371]
      [Scan RS (ms): Min: 0.0, Avg: 17.5, Max: 23.3, Diff: 23.2, Sum: 227.4]
      [Code Root Scanning (ms): Min: 0.0, Avg: 0.0, Max: 0.0, Diff: 0.0, Sum: 0.0]
      [Object Copy (ms): Min: 110.7, Avg: 119.0, Max: 121.2, Diff: 10.5, Sum: 1547.5]
      [Termination (ms): Min: 0.0, Avg: 0.0, Max: 0.0, Diff: 0.0, Sum: 0.1]
      [GC Worker Other (ms): Min: 0.0, Avg: 0.1, Max: 0.1, Diff: 0.1, Sum: 0.7]
      [GC Worker Total (ms): Min: 167.3, Avg: 167.4, Max: 167.5, Diff: 0.2, Sum: 2175.9]
      [GC Worker End (ms): Min: 72205.9, Avg: 72205.9, Max: 72206.0, Diff: 0.1]
   [Code Root Fixup: 0.4 ms]
   [Code Root Migration: 0.0 ms]
   [Clear CT: 2.5 ms]
   [Other: 16.2 ms]
      [Choose CSet: 0.0 ms]
      [Ref Proc: 8.6 ms]
      [Ref Enq: 0.9 ms]
      [Free CSet: 0.7 ms]
   [Eden: 1248.0M(1248.0M)->0.0B(2336.0M) Survivors: 352.0M->208.0M Heap: 10.5G(24.0G)->9808.0M(24.0G)]
 [Times: user=2.21 sys=0.00, real=0.18 secs] 
2014-04-07T18:44:27.708+0900: 72.225: [GC concurrent-root-region-scan-start]
2014-04-07T18:44:27.772+0900: 72.289: [GC concurrent-root-region-scan-end, 0.0636994 secs]
2014-04-07T18:44:27.772+0900: 72.289: [GC concurrent-mark-start]
2014-04-07T18:44:29.483+0900: 74.000: [GC concurrent-mark-end, 1.7114585 secs]
2014-04-07T18:44:29.485+0900: 74.002: [GC remark 74.037: [GC ref-proc, 0.0124491 secs], 0.0758099 secs]
 [Times: user=0.71 sys=0.00, real=0.08 secs] 
2014-04-07T18:44:29.562+0900: 74.079: [GC cleanup 11G->10G(24G), 0.0243641 secs]
 [Times: user=0.25 sys=0.00, real=0.02 secs] 
2014-04-07T18:44:29.587+0900: 74.104: [GC concurrent-cleanup-start]
2014-04-07T18:44:29.587+0900: 74.104: [GC concurrent-cleanup-end, 0.0000750 secs]
2014-04-07T18:44:30.300+0900: 74.817: [GC pause (G1 Evacuation Pause) (young), 0.2344592 secs]
   [Parallel Time: 206.6 ms, GC Workers: 13]
      [GC Worker Start (ms): Min: 74817.4, Avg: 74817.5, Max: 74817.6, Diff: 0.1]
      [Ext Root Scanning (ms): Min: 1.0, Avg: 1.4, Max: 1.6, Diff: 0.6, Sum: 18.0]
      [Update RS (ms): Min: 20.8, Avg: 21.6, Max: 22.5, Diff: 1.7, Sum: 280.5]
         [Processed Buffers: Min: 24, Avg: 28.8, Max: 37, Diff: 13, Sum: 374]
      [Scan RS (ms): Min: 14.9, Avg: 15.7, Max: 16.6, Diff: 1.7, Sum: 203.5]
      [Code Root Scanning (ms): Min: 0.0, Avg: 0.0, Max: 0.0, Diff: 0.0, Sum: 0.1]
      [Object Copy (ms): Min: 166.7, Avg: 167.3, Max: 168.4, Diff: 1.7, Sum: 2175.1]
      [Termination (ms): Min: 0.0, Avg: 0.4, Max: 0.5, Diff: 0.5, Sum: 5.1]
      [GC Worker Other (ms): Min: 0.0, Avg: 0.1, Max: 0.1, Diff: 0.1, Sum: 0.9]
      [GC Worker Total (ms): Min: 206.3, Avg: 206.4, Max: 206.5, Diff: 0.2, Sum: 2683.2]
      [GC Worker End (ms): Min: 75023.8, Avg: 75023.9, Max: 75023.9, Diff: 0.1]
   [Code Root Fixup: 0.4 ms]
   [Code Root Migration: 0.1 ms]
   [Clear CT: 3.1 ms]
   [Other: 24.3 ms]
      [Choose CSet: 0.0 ms]
      [Ref Proc: 15.5 ms]
      [Ref Enq: 1.5 ms]
      [Free CSet: 1.2 ms]
   [Eden: 2336.0M(2336.0M)->0.0B(896.0M) Survivors: 208.0M->320.0M Heap: 11.8G(24.0G)->10208.0M(24.0G)]
 [Times: user=2.59 sys=0.14, real=0.23 secs] 
2014-04-07T18:44:31.314+0900: 75.831: [GC pause (G1 Evacuation Pause) (mixed), 0.1818007 secs]
   [Parallel Time: 162.2 ms, GC Workers: 13]
      [GC Worker Start (ms): Min: 75831.3, Avg: 75831.4, Max: 75831.5, Diff: 0.1]
      [Ext Root Scanning (ms): Min: 1.3, Avg: 1.4, Max: 2.0, Diff: 0.8, Sum: 18.7]
      [Update RS (ms): Min: 17.0, Avg: 17.9, Max: 18.7, Diff: 1.7, Sum: 232.4]
         [Processed Buffers: Min: 16, Avg: 26.5, Max: 44, Diff: 28, Sum: 345]
      [Scan RS (ms): Min: 28.2, Avg: 29.0, Max: 29.4, Diff: 1.2, Sum: 377.2]
      [Code Root Scanning (ms): Min: 0.0, Avg: 0.0, Max: 0.0, Diff: 0.0, Sum: 0.1]
      [Object Copy (ms): Min: 113.2, Avg: 113.6, Max: 113.8, Diff: 0.6, Sum: 1476.7]
      [Termination (ms): Min: 0.0, Avg: 0.0, Max: 0.0, Diff: 0.0, Sum: 0.1]
      [GC Worker Other (ms): Min: 0.0, Avg: 0.0, Max: 0.1, Diff: 0.1, Sum: 0.6]
      [GC Worker Total (ms): Min: 161.9, Avg: 162.0, Max: 162.0, Diff: 0.1, Sum: 2105.7]
      [GC Worker End (ms): Min: 75993.4, Avg: 75993.4, Max: 75993.4, Diff: 0.1]
   [Code Root Fixup: 0.4 ms]
   [Code Root Migration: 0.1 ms]
   [Clear CT: 2.8 ms]
   [Other: 16.3 ms]
      [Choose CSet: 0.3 ms]
      [Ref Proc: 6.7 ms]
      [Ref Enq: 0.9 ms]
      [Free CSet: 1.4 ms]
   [Eden: 896.0M(896.0M)->0.0B(1056.0M) Survivors: 320.0M->160.0M Heap: 10.8G(24.0G)->9840.0M(24.0G)]
 [Times: user=2.14 sys=0.00, real=0.18 secs] 
2014-04-07T18:44:32.390+0900: 76.907: [GC pause (G1 Evacuation Pause) (mixed), 0.1313888 secs]
   [Parallel Time: 116.3 ms, GC Workers: 13]
      [GC Worker Start (ms): Min: 76907.1, Avg: 76907.1, Max: 76907.2, Diff: 0.2]
      [Ext Root Scanning (ms): Min: 1.3, Avg: 1.4, Max: 1.7, Diff: 0.5, Sum: 18.1]
      [Update RS (ms): Min: 18.7, Avg: 19.6, Max: 20.6, Diff: 1.9, Sum: 255.4]
         [Processed Buffers: Min: 22, Avg: 27.9, Max: 42, Diff: 20, Sum: 363]
      [Scan RS (ms): Min: 9.1, Avg: 10.0, Max: 10.6, Diff: 1.5, Sum: 130.2]
      [Code Root Scanning (ms): Min: 0.0, Avg: 0.0, Max: 0.0, Diff: 0.0, Sum: 0.0]
      [Object Copy (ms): Min: 84.8, Avg: 85.0, Max: 85.1, Diff: 0.3, Sum: 1104.6]
      [Termination (ms): Min: 0.0, Avg: 0.0, Max: 0.0, Diff: 0.0, Sum: 0.1]
      [GC Worker Other (ms): Min: 0.0, Avg: 0.0, Max: 0.1, Diff: 0.1, Sum: 0.5]
      [GC Worker Total (ms): Min: 116.0, Avg: 116.1, Max: 116.2, Diff: 0.2, Sum: 1508.9]
      [GC Worker End (ms): Min: 77023.2, Avg: 77023.2, Max: 77023.3, Diff: 0.1]
   [Code Root Fixup: 0.4 ms]
   [Code Root Migration: 0.0 ms]
   [Clear CT: 2.6 ms]
   [Other: 12.1 ms]
      [Choose CSet: 0.0 ms]
      [Ref Proc: 6.6 ms]
      [Ref Enq: 0.7 ms]
      [Free CSet: 0.7 ms]
   [Eden: 1056.0M(1056.0M)->0.0B(2992.0M) Survivors: 160.0M->160.0M Heap: 10.6G(24.0G)->9992.0M(24.0G)]
 [Times: user=1.53 sys=0.01, real=0.14 secs] 
2014-04-07T18:44:34.931+0900: 79.447: [GC pause (G1 Evacuation Pause) (young), 0.2687445 secs]
   [Parallel Time: 235.6 ms, GC Workers: 13]
      [GC Worker Start (ms): Min: 79447.9, Avg: 79448.0, Max: 79448.1, Diff: 0.1]
      [Ext Root Scanning (ms): Min: 0.9, Avg: 1.3, Max: 2.1, Diff: 1.1, Sum: 17.1]
      [Update RS (ms): Min: 17.2, Avg: 18.5, Max: 21.0, Diff: 3.8, Sum: 240.9]
         [Processed Buffers: Min: 17, Avg: 25.8, Max: 36, Diff: 19, Sum: 336]
      [Scan RS (ms): Min: 17.6, Avg: 20.0, Max: 20.6, Diff: 3.0, Sum: 259.8]
      [Code Root Scanning (ms): Min: 0.0, Avg: 0.0, Max: 0.0, Diff: 0.0, Sum: 0.1]
      [Object Copy (ms): Min: 193.2, Avg: 194.0, Max: 194.7, Diff: 1.5, Sum: 2522.1]
      [Termination (ms): Min: 0.6, Avg: 1.3, Max: 1.4, Diff: 0.8, Sum: 16.7]
      [GC Worker Other (ms): Min: 0.0, Avg: 0.0, Max: 0.0, Diff: 0.0, Sum: 0.4]
      [GC Worker Total (ms): Min: 234.6, Avg: 235.2, Max: 235.5, Diff: 0.9, Sum: 3057.0]
      [GC Worker End (ms): Min: 79682.6, Avg: 79683.1, Max: 79683.4, Diff: 0.8]
   [Code Root Fixup: 0.4 ms]
   [Code Root Migration: 0.1 ms]
   [Clear CT: 2.9 ms]
   [Other: 29.8 ms]
      [Choose CSet: 0.0 ms]
      [Ref Proc: 19.5 ms]
      [Ref Enq: 2.3 ms]
      [Free CSet: 1.4 ms]
   [Eden: 2816.0M(2336.0M)->0.0B(1424.0M) Survivors: 160.0M->320.0M Heap: 12.5G(24.0G)->10.3G(24.0G)]
 [Times: user=2.88 sys=0.23, real=0.26 secs] 
2014-04-07T18:44:36.493+0900: 81.010: [GC pause (G1 Evacuation Pause) (young) (initial-mark), 0.1957877 secs]
   [Parallel Time: 175.3 ms, GC Workers: 13]
      [GC Worker Start (ms): Min: 81010.8, Avg: 81010.9, Max: 81010.9, Diff: 0.1]
      [Ext Root Scanning (ms): Min: 1.1, Avg: 1.3, Max: 2.6, Diff: 1.5, Sum: 17.5]
      [Code Root Marking (ms): Min: 0.0, Avg: 0.8, Max: 7.9, Diff: 7.9, Sum: 10.9]
      [Update RS (ms): Min: 16.1, Avg: 22.9, Max: 24.5, Diff: 8.5, Sum: 297.8]
         [Processed Buffers: Min: 21, Avg: 29.7, Max: 49, Diff: 28, Sum: 386]
      [Scan RS (ms): Min: 18.2, Avg: 19.0, Max: 19.5, Diff: 1.3, Sum: 247.1]
      [Code Root Scanning (ms): Min: 0.0, Avg: 0.0, Max: 0.0, Diff: 0.0, Sum: 0.0]
      [Object Copy (ms): Min: 130.5, Avg: 130.6, Max: 131.0, Diff: 0.6, Sum: 1697.7]
      [Termination (ms): Min: 0.0, Avg: 0.4, Max: 0.4, Diff: 0.4, Sum: 4.7]
      [GC Worker Other (ms): Min: 0.0, Avg: 0.0, Max: 0.1, Diff: 0.1, Sum: 0.6]
      [GC Worker Total (ms): Min: 175.0, Avg: 175.1, Max: 175.2, Diff: 0.2, Sum: 2276.2]
      [GC Worker End (ms): Min: 81185.9, Avg: 81186.0, Max: 81186.0, Diff: 0.1]
   [Code Root Fixup: 0.4 ms]
   [Code Root Migration: 0.0 ms]
   [Clear CT: 2.7 ms]
   [Other: 17.3 ms]
      [Choose CSet: 0.0 ms]
      [Ref Proc: 9.2 ms]
      [Ref Enq: 0.9 ms]
      [Free CSet: 0.8 ms]
   [Eden: 1424.0M(1424.0M)->0.0B(2176.0M) Survivors: 320.0M->224.0M Heap: 11.7G(24.0G)->10.6G(24.0G)]
 [Times: user=2.31 sys=0.00, real=0.19 secs] 
2014-04-07T18:44:36.689+0900: 81.206: [GC concurrent-root-region-scan-start]
2014-04-07T18:44:36.741+0900: 81.258: [GC concurrent-root-region-scan-end, 0.0517204 secs]
2014-04-07T18:44:36.741+0900: 81.258: [GC concurrent-mark-start]
2014-04-07T18:44:38.423+0900: 82.940: [GC concurrent-mark-end, 1.6819281 secs]
2014-04-07T18:44:38.425+0900: 82.942: [GC remark 82.974: [GC ref-proc, 0.0123671 secs], 0.0724522 secs]
 [Times: user=0.71 sys=0.00, real=0.07 secs] 
2014-04-07T18:44:38.499+0900: 83.016: [GC cleanup 12G->12G(24G), 0.0239456 secs]
 [Times: user=0.29 sys=0.00, real=0.03 secs] 
2014-04-07T18:44:38.523+0900: 83.040: [GC concurrent-cleanup-start]
2014-04-07T18:44:38.523+0900: 83.040: [GC concurrent-cleanup-end, 0.0000587 secs]
2014-04-07T18:44:39.105+0900: 83.621: [GC pause (G1 Evacuation Pause) (young), 0.2430106 secs]
   [Parallel Time: 214.1 ms, GC Workers: 13]
      [GC Worker Start (ms): Min: 83621.9, Avg: 83622.0, Max: 83622.1, Diff: 0.1]
      [Ext Root Scanning (ms): Min: 1.2, Avg: 1.3, Max: 1.6, Diff: 0.3, Sum: 17.3]
      [Update RS (ms): Min: 20.4, Avg: 23.0, Max: 37.0, Diff: 16.6, Sum: 298.5]
         [Processed Buffers: Min: 0, Avg: 24.8, Max: 43, Diff: 43, Sum: 322]
      [Scan RS (ms): Min: 5.3, Avg: 19.3, Max: 21.9, Diff: 16.6, Sum: 250.7]
      [Code Root Scanning (ms): Min: 0.0, Avg: 0.0, Max: 0.0, Diff: 0.0, Sum: 0.1]
      [Object Copy (ms): Min: 169.9, Avg: 170.1, Max: 170.3, Diff: 0.4, Sum: 2210.9]
      [Termination (ms): Min: 0.0, Avg: 0.1, Max: 0.2, Diff: 0.2, Sum: 1.6]
      [GC Worker Other (ms): Min: 0.0, Avg: 0.1, Max: 0.1, Diff: 0.1, Sum: 0.8]
      [GC Worker Total (ms): Min: 213.7, Avg: 213.8, Max: 213.9, Diff: 0.2, Sum: 2780.0]
      [GC Worker End (ms): Min: 83835.8, Avg: 83835.8, Max: 83835.9, Diff: 0.1]
   [Code Root Fixup: 0.4 ms]
   [Code Root Migration: 0.0 ms]
   [Clear CT: 3.3 ms]
   [Other: 25.1 ms]
      [Choose CSet: 0.0 ms]
      [Ref Proc: 15.4 ms]
      [Ref Enq: 1.7 ms]
      [Free CSet: 1.2 ms]
   [Eden: 2176.0M(2176.0M)->0.0B(912.0M) Survivors: 224.0M->304.0M Heap: 12.7G(24.0G)->10.9G(24.0G)]
 [Times: user=2.83 sys=0.01, real=0.24 secs] 
2014-04-07T18:44:40.193+0900: 84.709: [GC pause (G1 Evacuation Pause) (mixed), 0.4699331 secs]
   [Parallel Time: 452.4 ms, GC Workers: 13]
      [GC Worker Start (ms): Min: 84710.1, Avg: 84710.2, Max: 84710.3, Diff: 0.2]
      [Ext Root Scanning (ms): Min: 1.1, Avg: 1.5, Max: 2.1, Diff: 1.0, Sum: 20.0]
      [Update RS (ms): Min: 134.4, Avg: 146.7, Max: 193.5, Diff: 59.1, Sum: 1907.3]
         [Processed Buffers: Min: 4, Avg: 27.2, Max: 48, Diff: 44, Sum: 353]
      [Scan RS (ms): Min: 27.6, Avg: 74.4, Max: 86.3, Diff: 58.7, Sum: 967.2]
      [Code Root Scanning (ms): Min: 0.0, Avg: 0.0, Max: 0.0, Diff: 0.0, Sum: 0.2]
      [Object Copy (ms): Min: 228.0, Avg: 228.4, Max: 229.8, Diff: 1.8, Sum: 2969.6]
      [Termination (ms): Min: 0.0, Avg: 1.0, Max: 1.1, Diff: 1.1, Sum: 13.4]
      [GC Worker Other (ms): Min: 0.0, Avg: 0.0, Max: 0.0, Diff: 0.0, Sum: 0.3]
      [GC Worker Total (ms): Min: 452.0, Avg: 452.2, Max: 452.2, Diff: 0.2, Sum: 5878.0]
      [GC Worker End (ms): Min: 85162.3, Avg: 85162.4, Max: 85162.4, Diff: 0.0]
   [Code Root Fixup: 0.5 ms]
   [Code Root Migration: 0.0 ms]
   [Clear CT: 3.2 ms]
   [Other: 13.8 ms]
      [Choose CSet: 0.2 ms]
      [Ref Proc: 4.2 ms]
      [Ref Enq: 0.6 ms]
      [Free CSet: 1.6 ms]
   [Eden: 912.0M(912.0M)->0.0B(1056.0M) Survivors: 304.0M->160.0M Heap: 11.8G(24.0G)->10.5G(24.0G)]
 [Times: user=4.33 sys=0.23, real=0.47 secs] 
2014-04-07T18:44:41.585+0900: 86.102: [GC pause (G1 Evacuation Pause) (mixed), 0.1960486 secs]
   [Parallel Time: 179.0 ms, GC Workers: 13]
      [GC Worker Start (ms): Min: 86102.4, Avg: 86102.5, Max: 86102.6, Diff: 0.1]
      [Ext Root Scanning (ms): Min: 1.4, Avg: 1.5, Max: 2.1, Diff: 0.7, Sum: 19.4]
      [Update RS (ms): Min: 9.3, Avg: 10.1, Max: 10.8, Diff: 1.6, Sum: 131.5]
         [Processed Buffers: Min: 16, Avg: 23.2, Max: 31, Diff: 15, Sum: 302]
      [Scan RS (ms): Min: 26.3, Avg: 26.9, Max: 27.4, Diff: 1.1, Sum: 349.7]
      [Code Root Scanning (ms): Min: 0.0, Avg: 0.0, Max: 0.0, Diff: 0.0, Sum: 0.0]
      [Object Copy (ms): Min: 139.5, Avg: 139.8, Max: 140.0, Diff: 0.6, Sum: 1817.8]
      [Termination (ms): Min: 0.0, Avg: 0.4, Max: 0.4, Diff: 0.4, Sum: 4.7]
      [GC Worker Other (ms): Min: 0.0, Avg: 0.0, Max: 0.1, Diff: 0.1, Sum: 0.5]
      [GC Worker Total (ms): Min: 178.7, Avg: 178.7, Max: 178.8, Diff: 0.2, Sum: 2323.7]
      [GC Worker End (ms): Min: 86281.2, Avg: 86281.3, Max: 86281.3, Diff: 0.1]
   [Code Root Fixup: 0.4 ms]
   [Code Root Migration: 0.0 ms]
   [Clear CT: 2.8 ms]
   [Other: 13.8 ms]
      [Choose CSet: 0.1 ms]
      [Ref Proc: 7.3 ms]
      [Ref Enq: 1.0 ms]
      [Free CSet: 0.8 ms]
   [Eden: 1056.0M(1056.0M)->0.0B(1056.0M) Survivors: 160.0M->160.0M Heap: 11.5G(24.0G)->10.6G(24.0G)]
 [Times: user=2.34 sys=0.02, real=0.20 secs] 
2014-04-07T18:44:42.767+0900: 87.284: [GC pause (G1 Evacuation Pause) (young), 0.1322409 secs]
   [Parallel Time: 117.8 ms, GC Workers: 13]
      [GC Worker Start (ms): Min: 87284.2, Avg: 87284.3, Max: 87284.4, Diff: 0.1]
      [Ext Root Scanning (ms): Min: 1.3, Avg: 1.4, Max: 2.0, Diff: 0.7, Sum: 18.4]
      [Update RS (ms): Min: 15.1, Avg: 15.8, Max: 16.7, Diff: 1.5, Sum: 205.4]
         [Processed Buffers: Min: 14, Avg: 25.2, Max: 44, Diff: 30, Sum: 328]
      [Scan RS (ms): Min: 9.1, Avg: 9.9, Max: 10.3, Diff: 1.1, Sum: 128.6]
      [Code Root Scanning (ms): Min: 0.0, Avg: 0.0, Max: 0.0, Diff: 0.0, Sum: 0.0]
      [Object Copy (ms): Min: 90.3, Avg: 90.4, Max: 90.5, Diff: 0.2, Sum: 1175.6]
      [Termination (ms): Min: 0.0, Avg: 0.0, Max: 0.0, Diff: 0.0, Sum: 0.1]
      [GC Worker Other (ms): Min: 0.0, Avg: 0.0, Max: 0.1, Diff: 0.0, Sum: 0.5]
      [GC Worker Total (ms): Min: 117.5, Avg: 117.6, Max: 117.7, Diff: 0.1, Sum: 1528.8]
      [GC Worker End (ms): Min: 87401.9, Avg: 87401.9, Max: 87401.9, Diff: 0.0]
   [Code Root Fixup: 0.4 ms]
   [Code Root Migration: 0.0 ms]
   [Clear CT: 3.0 ms]
   [Other: 11.0 ms]
      [Choose CSet: 0.0 ms]
      [Ref Proc: 6.7 ms]
      [Ref Enq: 0.7 ms]
      [Free CSet: 0.5 ms]
   [Eden: 1056.0M(1056.0M)->0.0B(1056.0M) Survivors: 160.0M->160.0M Heap: 11.6G(24.0G)->10.8G(24.0G)]
 [Times: user=1.57 sys=0.00, real=0.13 secs] 
2014-04-07T18:44:43.781+0900: 88.298: [GC pause (G1 Evacuation Pause) (young) (initial-mark), 0.1417972 secs]
   [Parallel Time: 127.0 ms, GC Workers: 13]
      [GC Worker Start (ms): Min: 88298.1, Avg: 88298.2, Max: 88298.3, Diff: 0.1]
      [Ext Root Scanning (ms): Min: 1.1, Avg: 1.4, Max: 3.9, Diff: 2.8, Sum: 18.1]
      [Code Root Marking (ms): Min: 0.0, Avg: 0.8, Max: 7.7, Diff: 7.7, Sum: 10.9]
      [Update RS (ms): Min: 17.2, Avg: 38.0, Max: 65.3, Diff: 48.0, Sum: 493.9]
         [Processed Buffers: Min: 4, Avg: 26.4, Max: 46, Diff: 42, Sum: 343]
      [Scan RS (ms): Min: 0.0, Avg: 6.8, Max: 13.0, Diff: 13.0, Sum: 88.9]
      [Code Root Scanning (ms): Min: 0.0, Avg: 0.0, Max: 0.0, Diff: 0.0, Sum: 0.0]
      [Object Copy (ms): Min: 60.0, Avg: 79.4, Max: 93.7, Diff: 33.7, Sum: 1032.6]
      [Termination (ms): Min: 0.0, Avg: 0.2, Max: 0.2, Diff: 0.2, Sum: 2.3]
      [GC Worker Other (ms): Min: 0.0, Avg: 0.0, Max: 0.1, Diff: 0.1, Sum: 0.6]
      [GC Worker Total (ms): Min: 126.6, Avg: 126.7, Max: 126.8, Diff: 0.2, Sum: 1647.4]
      [GC Worker End (ms): Min: 88424.9, Avg: 88424.9, Max: 88425.0, Diff: 0.1]
   [Code Root Fixup: 0.4 ms]
   [Code Root Migration: 0.0 ms]
   [Clear CT: 2.9 ms]
   [Other: 11.5 ms]
      [Choose CSet: 0.0 ms]
      [Ref Proc: 6.8 ms]
      [Ref Enq: 0.8 ms]
      [Free CSet: 0.6 ms]
   [Eden: 1056.0M(1056.0M)->0.0B(1328.0M) Survivors: 160.0M->160.0M Heap: 11.8G(24.0G)->11.1G(24.0G)]
 [Times: user=1.68 sys=0.01, real=0.15 secs] 
2014-04-07T18:44:43.923+0900: 88.440: [GC concurrent-root-region-scan-start]
2014-04-07T18:44:43.962+0900: 88.479: [GC concurrent-root-region-scan-end, 0.0391683 secs]
2014-04-07T18:44:43.962+0900: 88.479: [GC concurrent-mark-start]
2014-04-07T18:44:45.408+0900: 89.925: [GC pause (G1 Evacuation Pause) (young), 0.1468789 secs]
   [Parallel Time: 130.4 ms, GC Workers: 13]
      [GC Worker Start (ms): Min: 89925.1, Avg: 89925.2, Max: 89925.3, Diff: 0.1]
      [Ext Root Scanning (ms): Min: 1.3, Avg: 1.4, Max: 1.6, Diff: 0.3, Sum: 18.5]
      [SATB Filtering (ms): Min: 0.0, Avg: 0.2, Max: 2.6, Diff: 2.6, Sum: 2.6]
      [Update RS (ms): Min: 18.2, Avg: 25.2, Max: 64.4, Diff: 46.2, Sum: 327.1]
         [Processed Buffers: Min: 11, Avg: 27.8, Max: 55, Diff: 44, Sum: 362]
      [Scan RS (ms): Min: 0.0, Avg: 8.9, Max: 10.8, Diff: 10.8, Sum: 115.5]
      [Code Root Scanning (ms): Min: 0.0, Avg: 0.0, Max: 0.0, Diff: 0.0, Sum: 0.0]
      [Object Copy (ms): Min: 61.6, Avg: 94.4, Max: 99.9, Diff: 38.3, Sum: 1227.3]
      [Termination (ms): Min: 0.0, Avg: 0.0, Max: 0.0, Diff: 0.0, Sum: 0.2]
      [GC Worker Other (ms): Min: 0.0, Avg: 0.0, Max: 0.1, Diff: 0.0, Sum: 0.5]
      [GC Worker Total (ms): Min: 130.0, Avg: 130.1, Max: 130.2, Diff: 0.2, Sum: 1691.5]
      [GC Worker End (ms): Min: 90055.3, Avg: 90055.3, Max: 90055.4, Diff: 0.1]
   [Code Root Fixup: 0.4 ms]
   [Code Root Migration: 0.0 ms]
   [Clear CT: 3.0 ms]
   [Other: 13.0 ms]
      [Choose CSet: 0.0 ms]
      [Ref Proc: 8.5 ms]
      [Ref Enq: 1.0 ms]
      [Free CSet: 0.6 ms]
   [Eden: 1328.0M(1328.0M)->0.0B(1808.0M) Survivors: 160.0M->192.0M Heap: 12.4G(24.0G)->11.3G(24.0G)]
 [Times: user=1.73 sys=0.00, real=0.15 secs] 
2014-04-07T18:44:45.959+0900: 90.476: [GC concurrent-mark-end, 1.9972679 secs]
2014-04-07T18:44:45.961+0900: 90.478: [GC remark 90.515: [GC ref-proc, 0.0124206 secs], 0.0829160 secs]
 [Times: user=0.83 sys=0.00, real=0.09 secs] 
2014-04-07T18:44:46.045+0900: 90.562: [GC cleanup 11G->11G(24G), 0.0294962 secs]
 [Times: user=0.37 sys=0.00, real=0.03 secs] 
2014-04-07T18:44:47.265+0900: 91.782: [GC pause (G1 Evacuation Pause) (young), 0.1873469 secs]
   [Parallel Time: 165.4 ms, GC Workers: 13]
      [GC Worker Start (ms): Min: 91782.0, Avg: 91782.0, Max: 91782.1, Diff: 0.1]
      [Ext Root Scanning (ms): Min: 1.0, Avg: 1.5, Max: 2.0, Diff: 1.0, Sum: 19.3]
      [Update RS (ms): Min: 16.4, Avg: 16.7, Max: 16.9, Diff: 0.5, Sum: 216.6]
         [Processed Buffers: Min: 18, Avg: 25.3, Max: 42, Diff: 24, Sum: 329]
      [Scan RS (ms): Min: 13.3, Avg: 13.6, Max: 13.9, Diff: 0.6, Sum: 177.0]
      [Code Root Scanning (ms): Min: 0.0, Avg: 0.0, Max: 0.0, Diff: 0.0, Sum: 0.0]
      [Object Copy (ms): Min: 132.5, Avg: 132.7, Max: 133.2, Diff: 0.7, Sum: 1725.7]
      [Termination (ms): Min: 0.1, Avg: 0.5, Max: 0.6, Diff: 0.5, Sum: 6.6]
      [GC Worker Other (ms): Min: 0.0, Avg: 0.1, Max: 0.1, Diff: 0.1, Sum: 0.7]
      [GC Worker Total (ms): Min: 165.0, Avg: 165.1, Max: 165.1, Diff: 0.2, Sum: 2146.0]
      [GC Worker End (ms): Min: 91947.1, Avg: 91947.1, Max: 91947.2, Diff: 0.1]
   [Code Root Fixup: 0.3 ms]
   [Code Root Migration: 0.0 ms]
   [Clear CT: 3.6 ms]
   [Other: 18.0 ms]
      [Choose CSet: 0.0 ms]
      [Ref Proc: 11.4 ms]
      [Ref Enq: 1.2 ms]
      [Free CSet: 1.0 ms]
   [Eden: 1808.0M(1808.0M)->0.0B(960.0M) Survivors: 192.0M->256.0M Heap: 13.1G(24.0G)->11.7G(24.0G)]
 [Times: user=2.12 sys=0.09, real=0.18 secs] 
2014-04-07T18:44:48.270+0900: 92.787: [GC pause (G1 Evacuation Pause) (mixed), 0.1758341 secs]
   [Parallel Time: 157.1 ms, GC Workers: 13]
      [GC Worker Start (ms): Min: 92787.4, Avg: 92787.5, Max: 92787.6, Diff: 0.1]
      [Ext Root Scanning (ms): Min: 1.3, Avg: 1.4, Max: 2.3, Diff: 1.0, Sum: 18.6]
      [Update RS (ms): Min: 14.8, Avg: 15.4, Max: 15.9, Diff: 1.1, Sum: 200.6]
         [Processed Buffers: Min: 15, Avg: 24.5, Max: 46, Diff: 31, Sum: 318]
      [Scan RS (ms): Min: 27.0, Avg: 27.5, Max: 27.9, Diff: 1.0, Sum: 356.9]
      [Code Root Scanning (ms): Min: 0.0, Avg: 0.0, Max: 0.0, Diff: 0.0, Sum: 0.1]
      [Object Copy (ms): Min: 112.3, Avg: 112.5, Max: 112.6, Diff: 0.3, Sum: 1462.1]
      [Termination (ms): Min: 0.0, Avg: 0.0, Max: 0.0, Diff: 0.0, Sum: 0.0]
      [GC Worker Other (ms): Min: 0.0, Avg: 0.1, Max: 0.1, Diff: 0.1, Sum: 0.7]
      [GC Worker Total (ms): Min: 156.8, Avg: 156.8, Max: 156.9, Diff: 0.2, Sum: 2039.0]
      [GC Worker End (ms): Min: 92944.3, Avg: 92944.3, Max: 92944.4, Diff: 0.1]
   [Code Root Fixup: 0.4 ms]
   [Code Root Migration: 0.0 ms]
   [Clear CT: 3.4 ms]
   [Other: 14.9 ms]
      [Choose CSet: 0.3 ms]
      [Ref Proc: 6.3 ms]
      [Ref Enq: 0.7 ms]
      [Free CSet: 1.5 ms]
   [Eden: 960.0M(960.0M)->0.0B(1056.0M) Survivors: 256.0M->160.0M Heap: 12.6G(24.0G)->11.3G(24.0G)]
 [Times: user=2.09 sys=0.00, real=0.18 secs] 
2014-04-07T18:44:49.374+0900: 93.891: [GC pause (G1 Evacuation Pause) (mixed), 0.1218669 secs]
   [Parallel Time: 106.4 ms, GC Workers: 13]
      [GC Worker Start (ms): Min: 93891.3, Avg: 93891.4, Max: 93891.4, Diff: 0.1]
      [Ext Root Scanning (ms): Min: 1.3, Avg: 1.4, Max: 1.9, Diff: 0.6, Sum: 18.4]
      [Update RS (ms): Min: 13.3, Avg: 14.5, Max: 15.3, Diff: 2.0, Sum: 188.6]
         [Processed Buffers: Min: 13, Avg: 22.9, Max: 34, Diff: 21, Sum: 298]
      [Scan RS (ms): Min: 9.6, Avg: 10.4, Max: 11.0, Diff: 1.4, Sum: 134.7]
      [Code Root Scanning (ms): Min: 0.0, Avg: 0.0, Max: 0.0, Diff: 0.0, Sum: 0.0]
      [Object Copy (ms): Min: 79.5, Avg: 79.8, Max: 80.0, Diff: 0.4, Sum: 1036.8]
      [Termination (ms): Min: 0.0, Avg: 0.0, Max: 0.0, Diff: 0.0, Sum: 0.4]
      [GC Worker Other (ms): Min: 0.0, Avg: 0.0, Max: 0.1, Diff: 0.1, Sum: 0.6]
      [GC Worker Total (ms): Min: 106.0, Avg: 106.1, Max: 106.2, Diff: 0.1, Sum: 1379.5]
      [GC Worker End (ms): Min: 93997.5, Avg: 93997.5, Max: 93997.5, Diff: 0.1]
   [Code Root Fixup: 0.4 ms]
   [Code Root Migration: 0.0 ms]
   [Clear CT: 3.2 ms]
   [Other: 11.9 ms]
      [Choose CSet: 0.0 ms]
      [Ref Proc: 6.8 ms]
      [Ref Enq: 0.9 ms]
      [Free CSet: 0.8 ms]
   [Eden: 1056.0M(1056.0M)->0.0B(4016.0M) Survivors: 160.0M->160.0M Heap: 12.4G(24.0G)->11.5G(24.0G)]
 [Times: user=1.43 sys=0.00, real=0.12 secs] 
2014-04-07T18:44:52.051+0900: 96.568: [GC pause (G1 Evacuation Pause) (young), 0.2689581 secs]
   [Parallel Time: 233.5 ms, GC Workers: 13]
      [GC Worker Start (ms): Min: 96568.9, Avg: 96568.9, Max: 96569.0, Diff: 0.1]
      [Ext Root Scanning (ms): Min: 0.9, Avg: 1.2, Max: 1.7, Diff: 0.8, Sum: 16.0]
      [Update RS (ms): Min: 18.5, Avg: 19.4, Max: 20.5, Diff: 2.0, Sum: 252.2]
         [Processed Buffers: Min: 19, Avg: 27.3, Max: 46, Diff: 27, Sum: 355]
      [Scan RS (ms): Min: 16.5, Avg: 17.6, Max: 18.2, Diff: 1.7, Sum: 229.4]
      [Code Root Scanning (ms): Min: 0.0, Avg: 0.0, Max: 0.0, Diff: 0.0, Sum: 0.1]
      [Object Copy (ms): Min: 193.1, Avg: 194.7, Max: 195.4, Diff: 2.3, Sum: 2530.8]
      [Termination (ms): Min: 0.0, Avg: 0.0, Max: 0.0, Diff: 0.0, Sum: 0.1]
      [GC Worker Other (ms): Min: 0.0, Avg: 0.0, Max: 0.0, Diff: 0.0, Sum: 0.4]
      [GC Worker Total (ms): Min: 231.7, Avg: 233.0, Max: 233.4, Diff: 1.7, Sum: 3028.9]
      [GC Worker End (ms): Min: 96800.7, Avg: 96801.9, Max: 96802.3, Diff: 1.6]
   [Code Root Fixup: 0.4 ms]
   [Code Root Migration: 0.1 ms]
   [Clear CT: 4.4 ms]
   [Other: 30.6 ms]
      [Choose CSet: 0.0 ms]
      [Ref Proc: 20.7 ms]
      [Ref Enq: 1.9 ms]
      [Free CSet: 1.6 ms]
   [Eden: 2992.0M(2944.0M)->0.0B(928.0M) Survivors: 160.0M->400.0M Heap: 14.4G(24.0G)->12.1G(24.0G)]
 [Times: user=2.89 sys=0.21, real=0.27 secs] 
2014-04-07T18:44:53.157+0900: 97.674: [GC pause (G1 Evacuation Pause) (young) (initial-mark), 0.1876719 secs]
   [Parallel Time: 169.9 ms, GC Workers: 13]
      [GC Worker Start (ms): Min: 97674.8, Avg: 97674.9, Max: 97675.0, Diff: 0.1]
      [Ext Root Scanning (ms): Min: 1.1, Avg: 1.5, Max: 4.0, Diff: 2.8, Sum: 19.0]
      [Code Root Marking (ms): Min: 0.1, Avg: 0.7, Max: 5.6, Diff: 5.5, Sum: 8.7]
      [Update RS (ms): Min: 33.0, Avg: 38.7, Max: 51.4, Diff: 18.5, Sum: 503.2]
         [Processed Buffers: Min: 0, Avg: 29.7, Max: 45, Diff: 45, Sum: 386]
      [Scan RS (ms): Min: 7.8, Avg: 19.8, Max: 21.4, Diff: 13.6, Sum: 256.9]
      [Code Root Scanning (ms): Min: 0.0, Avg: 0.0, Max: 0.0, Diff: 0.0, Sum: 0.0]
      [Object Copy (ms): Min: 108.7, Avg: 109.1, Max: 109.2, Diff: 0.5, Sum: 1417.7]
      [Termination (ms): Min: 0.0, Avg: 0.0, Max: 0.0, Diff: 0.0, Sum: 0.0]
      [GC Worker Other (ms): Min: 0.0, Avg: 0.1, Max: 0.1, Diff: 0.1, Sum: 0.8]
      [GC Worker Total (ms): Min: 169.6, Avg: 169.7, Max: 169.8, Diff: 0.1, Sum: 2206.2]
      [GC Worker End (ms): Min: 97844.6, Avg: 97844.6, Max: 97844.7, Diff: 0.1]
   [Code Root Fixup: 0.4 ms]
   [Code Root Migration: 0.0 ms]
   [Clear CT: 3.3 ms]
   [Other: 14.0 ms]
      [Choose CSet: 0.0 ms]
      [Ref Proc: 6.9 ms]
      [Ref Enq: 1.0 ms]
      [Free CSet: 0.6 ms]
   [Eden: 928.0M(928.0M)->0.0B(2544.0M) Survivors: 400.0M->176.0M Heap: 13.0G(24.0G)->12.3G(24.0G)]
 [Times: user=2.25 sys=0.00, real=0.19 secs] 
2014-04-07T18:44:53.345+0900: 97.862: [GC concurrent-root-region-scan-start]
2014-04-07T18:44:53.403+0900: 97.920: [GC concurrent-root-region-scan-end, 0.0581576 secs]
2014-04-07T18:44:53.404+0900: 97.920: [GC concurrent-mark-start]
2014-04-07T18:44:55.492+0900: 100.009: [GC concurrent-mark-end, 2.0888778 secs]
2014-04-07T18:44:55.494+0900: 100.011: [GC remark 100.045: [GC ref-proc, 0.0124477 secs], 0.0813618 secs]
 [Times: user=0.82 sys=0.00, real=0.08 secs] 
2014-04-07T18:44:55.577+0900: 100.094: [GC cleanup 14G->14G(24G), 0.0318406 secs]
 [Times: user=0.40 sys=0.00, real=0.03 secs] 
2014-04-07T18:44:55.609+0900: 100.126: [GC concurrent-cleanup-start]
2014-04-07T18:44:55.609+0900: 100.126: [GC concurrent-cleanup-end, 0.0000662 secs]
2014-04-07T18:44:56.181+0900: 100.698: [GC pause (G1 Evacuation Pause) (young), 0.2206320 secs]
   [Parallel Time: 192.5 ms, GC Workers: 13]
      [GC Worker Start (ms): Min: 100698.8, Avg: 100698.9, Max: 100698.9, Diff: 0.1]
      [Ext Root Scanning (ms): Min: 1.4, Avg: 1.5, Max: 1.7, Diff: 0.3, Sum: 19.6]
      [Update RS (ms): Min: 18.3, Avg: 18.9, Max: 19.9, Diff: 1.5, Sum: 245.2]
         [Processed Buffers: Min: 18, Avg: 26.9, Max: 43, Diff: 25, Sum: 350]
      [Scan RS (ms): Min: 12.3, Avg: 13.2, Max: 13.6, Diff: 1.3, Sum: 172.0]
      [Code Root Scanning (ms): Min: 0.0, Avg: 0.0, Max: 0.0, Diff: 0.0, Sum: 0.1]
      [Object Copy (ms): Min: 157.1, Avg: 158.3, Max: 158.8, Diff: 1.7, Sum: 2058.5]
      [Termination (ms): Min: 0.0, Avg: 0.0, Max: 0.0, Diff: 0.0, Sum: 0.1]
      [GC Worker Other (ms): Min: 0.0, Avg: 0.0, Max: 0.0, Diff: 0.0, Sum: 0.3]
      [GC Worker Total (ms): Min: 190.8, Avg: 192.0, Max: 192.4, Diff: 1.6, Sum: 2495.8]
      [GC Worker End (ms): Min: 100889.6, Avg: 100890.8, Max: 100891.2, Diff: 1.6]
   [Code Root Fixup: 0.5 ms]
   [Code Root Migration: 0.0 ms]
   [Clear CT: 3.7 ms]
   [Other: 23.9 ms]
      [Choose CSet: 0.0 ms]
      [Ref Proc: 16.5 ms]
      [Ref Enq: 1.6 ms]
      [Free CSet: 1.2 ms]
   [Eden: 2544.0M(2544.0M)->0.0B(864.0M) Survivors: 176.0M->352.0M Heap: 14.8G(24.0G)->12.7G(24.0G)]
 [Times: user=2.51 sys=0.04, real=0.22 secs] 
2014-04-07T18:44:57.276+0900: 101.792: [GC pause (G1 Evacuation Pause) (mixed), 0.1578860 secs]
   [Parallel Time: 144.3 ms, GC Workers: 13]
      [GC Worker Start (ms): Min: 101793.0, Avg: 101793.1, Max: 101793.2, Diff: 0.1]
      [Ext Root Scanning (ms): Min: 1.3, Avg: 1.4, Max: 1.8, Diff: 0.4, Sum: 18.5]
      [Update RS (ms): Min: 17.4, Avg: 18.1, Max: 18.6, Diff: 1.2, Sum: 235.2]
         [Processed Buffers: Min: 16, Avg: 25.4, Max: 37, Diff: 21, Sum: 330]
      [Scan RS (ms): Min: 27.7, Avg: 28.1, Max: 28.5, Diff: 0.8, Sum: 364.9]
      [Code Root Scanning (ms): Min: 0.0, Avg: 0.0, Max: 0.0, Diff: 0.0, Sum: 0.0]
      [Object Copy (ms): Min: 96.3, Avg: 96.5, Max: 96.7, Diff: 0.4, Sum: 1254.0]
      [Termination (ms): Min: 0.0, Avg: 0.0, Max: 0.0, Diff: 0.0, Sum: 0.0]
      [GC Worker Other (ms): Min: 0.0, Avg: 0.0, Max: 0.1, Diff: 0.1, Sum: 0.6]
      [GC Worker Total (ms): Min: 144.0, Avg: 144.1, Max: 144.2, Diff: 0.2, Sum: 1873.2]
      [GC Worker End (ms): Min: 101937.2, Avg: 101937.2, Max: 101937.2, Diff: 0.1]
   [Code Root Fixup: 0.3 ms]
   [Code Root Migration: 0.0 ms]
   [Clear CT: 3.7 ms]
   [Other: 9.5 ms]
      [Choose CSet: 0.2 ms]
      [Ref Proc: 2.2 ms]
      [Ref Enq: 0.0 ms]
      [Free CSet: 1.2 ms]
   [Eden: 864.0M(864.0M)->0.0B(1056.0M) Survivors: 352.0M->160.0M Heap: 13.6G(24.0G)->12.5G(24.0G)]
 [Times: user=1.92 sys=0.00, real=0.16 secs] 
2014-04-07T18:44:58.462+0900: 102.979: [GC pause (G1 Evacuation Pause) (mixed), 0.1298904 secs]
   [Parallel Time: 120.4 ms, GC Workers: 13]
      [GC Worker Start (ms): Min: 102980.1, Avg: 102980.2, Max: 102980.3, Diff: 0.1]
      [Ext Root Scanning (ms): Min: 1.4, Avg: 1.5, Max: 2.2, Diff: 0.9, Sum: 19.0]
      [Update RS (ms): Min: 35.1, Avg: 51.8, Max: 85.0, Diff: 49.9, Sum: 673.0]
         [Processed Buffers: Min: 3, Avg: 32.2, Max: 76, Diff: 73, Sum: 419]
      [Scan RS (ms): Min: 0.0, Avg: 19.2, Max: 33.0, Diff: 33.0, Sum: 249.6]
      [Code Root Scanning (ms): Min: 0.0, Avg: 0.0, Max: 0.0, Diff: 0.0, Sum: 0.0]
      [Object Copy (ms): Min: 33.6, Avg: 47.6, Max: 50.4, Diff: 16.8, Sum: 619.0]
      [Termination (ms): Min: 0.0, Avg: 0.0, Max: 0.0, Diff: 0.0, Sum: 0.2]
      [GC Worker Other (ms): Min: 0.0, Avg: 0.0, Max: 0.1, Diff: 0.0, Sum: 0.5]
      [GC Worker Total (ms): Min: 120.0, Avg: 120.1, Max: 120.2, Diff: 0.1, Sum: 1561.3]
      [GC Worker End (ms): Min: 103100.3, Avg: 103100.3, Max: 103100.3, Diff: 0.1]
   [Code Root Fixup: 0.2 ms]
   [Code Root Migration: 0.0 ms]
   [Clear CT: 4.0 ms]
   [Other: 5.3 ms]
      [Choose CSet: 0.2 ms]
      [Ref Proc: 0.3 ms]
      [Ref Enq: 0.0 ms]
      [Free CSet: 0.9 ms]
   [Eden: 1056.0M(1056.0M)->0.0B(4208.0M) Survivors: 160.0M->160.0M Heap: 13.5G(24.0G)->12.4G(24.0G)]
 [Times: user=1.59 sys=0.01, real=0.13 secs] 
2014-04-07T18:45:27.051+0900: 131.568: [GC pause (G1 Humongous Allocation) (young) (initial-mark), 0.1002345 secs]
   [Parallel Time: 88.3 ms, GC Workers: 13]
      [GC Worker Start (ms): Min: 131568.8, Avg: 131569.1, Max: 131569.4, Diff: 0.6]
      [Ext Root Scanning (ms): Min: 1.2, Avg: 1.8, Max: 4.3, Diff: 3.1, Sum: 23.7]
      [Code Root Marking (ms): Min: 0.0, Avg: 0.8, Max: 7.0, Diff: 6.9, Sum: 10.1]
      [Update RS (ms): Min: 11.3, Avg: 17.1, Max: 18.7, Diff: 7.4, Sum: 222.6]
         [Processed Buffers: Min: 16, Avg: 29.5, Max: 42, Diff: 26, Sum: 383]
      [Scan RS (ms): Min: 11.3, Avg: 11.9, Max: 12.2, Diff: 1.0, Sum: 154.4]
      [Code Root Scanning (ms): Min: 0.0, Avg: 0.0, Max: 0.0, Diff: 0.0, Sum: 0.1]
      [Object Copy (ms): Min: 54.4, Avg: 55.2, Max: 57.4, Diff: 3.0, Sum: 718.1]
      [Termination (ms): Min: 0.0, Avg: 0.3, Max: 0.4, Diff: 0.4, Sum: 4.1]
      [GC Worker Other (ms): Min: 0.0, Avg: 0.0, Max: 0.1, Diff: 0.1, Sum: 0.6]
      [GC Worker Total (ms): Min: 86.9, Avg: 87.2, Max: 87.5, Diff: 0.6, Sum: 1133.8]
      [GC Worker End (ms): Min: 131656.3, Avg: 131656.3, Max: 131656.4, Diff: 0.1]
   [Code Root Fixup: 0.2 ms]
   [Code Root Migration: 0.1 ms]
   [Clear CT: 5.3 ms]
   [Other: 6.3 ms]
      [Choose CSet: 0.0 ms]
      [Ref Proc: 1.4 ms]
      [Ref Enq: 0.0 ms]
      [Free CSet: 1.1 ms]
   [Eden: 3808.0M(4208.0M)->0.0B(3328.0M) Survivors: 160.0M->352.0M Heap: 16.1G(24.0G)->12.6G(24.0G)]
 [Times: user=1.07 sys=0.14, real=0.10 secs] 
2014-04-07T18:45:27.152+0900: 131.669: [GC concurrent-root-region-scan-start]
2014-04-07T18:45:27.194+0900: 131.711: [GC concurrent-root-region-scan-end, 0.0423819 secs]
2014-04-07T18:45:27.194+0900: 131.711: [GC concurrent-mark-start]
2014-04-07T18:45:29.197+0900: 133.714: [GC concurrent-mark-end, 2.0024547 secs]
2014-04-07T18:45:29.198+0900: 133.715: [GC remark 133.716: [GC ref-proc, 0.1324181 secs], 0.1554582 secs]
 [Times: user=0.35 sys=0.00, real=0.16 secs] 
2014-04-07T18:45:29.356+0900: 133.873: [GC cleanup 15G->15G(24G), 0.0274404 secs]
 [Times: user=0.31 sys=0.00, real=0.03 secs] 
2014-04-07T18:45:29.384+0900: 133.901: [GC concurrent-cleanup-start]
2014-04-07T18:45:29.384+0900: 133.901: [GC concurrent-cleanup-end, 0.0000716 secs]
2014-04-07T18:45:29.980+0900: 134.497: [GC pause (G1 Evacuation Pause) (young), 0.2294443 secs]
   [Parallel Time: 215.5 ms, GC Workers: 13]
      [GC Worker Start (ms): Min: 134497.0, Avg: 134497.2, Max: 134497.3, Diff: 0.4]
      [Ext Root Scanning (ms): Min: 1.0, Avg: 1.5, Max: 2.5, Diff: 1.5, Sum: 19.5]
      [Update RS (ms): Min: 4.0, Avg: 5.1, Max: 6.4, Diff: 2.3, Sum: 65.8]
         [Processed Buffers: Min: 12, Avg: 19.3, Max: 29, Diff: 17, Sum: 251]
      [Scan RS (ms): Min: 28.5, Avg: 29.0, Max: 29.3, Diff: 0.8, Sum: 376.4]
      [Code Root Scanning (ms): Min: 0.0, Avg: 0.0, Max: 0.0, Diff: 0.0, Sum: 0.1]
      [Object Copy (ms): Min: 176.6, Avg: 178.7, Max: 180.1, Diff: 3.5, Sum: 2323.7]
      [Termination (ms): Min: 0.0, Avg: 0.5, Max: 0.6, Diff: 0.6, Sum: 6.5]
      [GC Worker Other (ms): Min: 0.0, Avg: 0.0, Max: 0.0, Diff: 0.0, Sum: 0.3]
      [GC Worker Total (ms): Min: 214.6, Avg: 214.8, Max: 215.0, Diff: 0.4, Sum: 2792.3]
      [GC Worker End (ms): Min: 134712.0, Avg: 134712.0, Max: 134712.0, Diff: 0.0]
   [Code Root Fixup: 0.2 ms]
   [Code Root Migration: 0.1 ms]
   [Clear CT: 4.2 ms]
   [Other: 9.5 ms]
      [Choose CSet: 0.0 ms]
      [Ref Proc: 1.7 ms]
      [Ref Enq: 0.0 ms]
      [Free CSet: 1.8 ms]
   [Eden: 2512.0M(2432.0M)->0.0B(864.0M) Survivors: 352.0M->352.0M Heap: 16.0G(24.0G)->14.0G(24.0G)]
 [Times: user=2.21 sys=0.60, real=0.23 secs] 
2014-04-07T18:45:30.975+0900: 135.492: [GC pause (G1 Evacuation Pause) (mixed), 0.1748012 secs]
   [Parallel Time: 160.0 ms, GC Workers: 13]
      [GC Worker Start (ms): Min: 135493.1, Avg: 135493.4, Max: 135493.7, Diff: 0.6]
      [Ext Root Scanning (ms): Min: 1.6, Avg: 1.9, Max: 2.4, Diff: 0.8, Sum: 24.1]
      [Update RS (ms): Min: 11.7, Avg: 15.3, Max: 54.4, Diff: 42.7, Sum: 199.3]
         [Processed Buffers: Min: 32, Avg: 40.2, Max: 58, Diff: 26, Sum: 523]
      [Scan RS (ms): Min: 1.9, Avg: 41.1, Max: 44.6, Diff: 42.8, Sum: 534.2]
      [Code Root Scanning (ms): Min: 0.0, Avg: 0.0, Max: 0.0, Diff: 0.0, Sum: 0.1]
      [Object Copy (ms): Min: 100.5, Avg: 100.7, Max: 100.9, Diff: 0.4, Sum: 1309.0]
      [Termination (ms): Min: 0.0, Avg: 0.0, Max: 0.0, Diff: 0.0, Sum: 0.0]
      [GC Worker Other (ms): Min: 0.0, Avg: 0.1, Max: 0.3, Diff: 0.3, Sum: 1.4]
      [GC Worker Total (ms): Min: 158.7, Avg: 159.1, Max: 159.5, Diff: 0.8, Sum: 2068.0]
      [GC Worker End (ms): Min: 135652.4, Avg: 135652.4, Max: 135652.6, Diff: 0.3]
   [Code Root Fixup: 0.3 ms]
   [Code Root Migration: 0.1 ms]
   [Clear CT: 4.2 ms]
   [Other: 10.2 ms]
      [Choose CSet: 0.4 ms]
      [Ref Proc: 0.9 ms]
      [Ref Enq: 0.0 ms]
      [Free CSet: 2.1 ms]
   [Eden: 864.0M(864.0M)->0.0B(1056.0M) Survivors: 352.0M->160.0M Heap: 15.1G(24.0G)->13.7G(24.0G)]
 [Times: user=2.11 sys=0.00, real=0.18 secs] 
2014-04-07T18:45:31.893+0900: 136.409: [GC pause (G1 Evacuation Pause) (mixed), 0.1913644 secs]
   [Parallel Time: 175.4 ms, GC Workers: 13]
      [GC Worker Start (ms): Min: 136410.7, Avg: 136410.9, Max: 136411.2, Diff: 0.5]
      [Ext Root Scanning (ms): Min: 1.5, Avg: 1.7, Max: 2.3, Diff: 0.9, Sum: 22.6]
      [Update RS (ms): Min: 10.2, Avg: 15.6, Max: 69.2, Diff: 59.0, Sum: 202.7]
         [Processed Buffers: Min: 25, Avg: 32.3, Max: 59, Diff: 34, Sum: 420]
      [Scan RS (ms): Min: 0.0, Avg: 48.4, Max: 52.6, Diff: 52.6, Sum: 628.6]
      [Code Root Scanning (ms): Min: 0.0, Avg: 0.0, Max: 0.0, Diff: 0.0, Sum: 0.1]
      [Object Copy (ms): Min: 103.2, Avg: 108.5, Max: 109.0, Diff: 5.8, Sum: 1410.2]
      [Termination (ms): Min: 0.0, Avg: 0.0, Max: 0.0, Diff: 0.0, Sum: 0.4]
      [GC Worker Other (ms): Min: 0.0, Avg: 0.0, Max: 0.1, Diff: 0.1, Sum: 0.5]
      [GC Worker Total (ms): Min: 174.0, Avg: 174.2, Max: 174.5, Diff: 0.5, Sum: 2265.2]
      [GC Worker End (ms): Min: 136585.2, Avg: 136585.2, Max: 136585.2, Diff: 0.1]
   [Code Root Fixup: 0.3 ms]
   [Code Root Migration: 0.1 ms]
   [Clear CT: 4.5 ms]
   [Other: 11.1 ms]
      [Choose CSet: 0.6 ms]
      [Ref Proc: 0.8 ms]
      [Ref Enq: 0.0 ms]
      [Free CSet: 2.4 ms]
   [Eden: 1056.0M(1056.0M)->0.0B(1056.0M) Survivors: 160.0M->160.0M Heap: 15.0G(24.0G)->13.6G(24.0G)]
 [Times: user=2.39 sys=0.07, real=0.19 secs] 
2014-04-07T18:45:33.201+0900: 137.718: [GC pause (G1 Evacuation Pause) (mixed), 0.1463334 secs]
   [Parallel Time: 132.7 ms, GC Workers: 13]
      [GC Worker Start (ms): Min: 137718.5, Avg: 137718.8, Max: 137719.0, Diff: 0.5]
      [Ext Root Scanning (ms): Min: 1.3, Avg: 1.6, Max: 1.8, Diff: 0.5, Sum: 20.6]
      [Update RS (ms): Min: 10.6, Avg: 15.4, Max: 67.0, Diff: 56.3, Sum: 200.6]
         [Processed Buffers: Min: 7, Avg: 27.9, Max: 53, Diff: 46, Sum: 363]
      [Scan RS (ms): Min: 0.0, Avg: 33.9, Max: 37.4, Diff: 37.4, Sum: 441.2]
      [Code Root Scanning (ms): Min: 0.0, Avg: 0.0, Max: 0.0, Diff: 0.0, Sum: 0.1]
      [Object Copy (ms): Min: 62.9, Avg: 80.6, Max: 82.4, Diff: 19.4, Sum: 1047.5]
      [Termination (ms): Min: 0.0, Avg: 0.0, Max: 0.0, Diff: 0.0, Sum: 0.3]
      [GC Worker Other (ms): Min: 0.0, Avg: 0.0, Max: 0.0, Diff: 0.0, Sum: 0.3]
      [GC Worker Total (ms): Min: 131.4, Avg: 131.6, Max: 131.9, Diff: 0.5, Sum: 1710.6]
      [GC Worker End (ms): Min: 137850.4, Avg: 137850.4, Max: 137850.4, Diff: 0.0]
   [Code Root Fixup: 0.3 ms]
   [Code Root Migration: 0.1 ms]
   [Clear CT: 4.5 ms]
   [Other: 8.7 ms]
      [Choose CSet: 0.3 ms]
      [Ref Proc: 1.1 ms]
      [Ref Enq: 0.0 ms]
      [Free CSet: 1.7 ms]
   [Eden: 1056.0M(1056.0M)->0.0B(3088.0M) Survivors: 160.0M->160.0M Heap: 14.9G(24.0G)->13.9G(24.0G)]
 [Times: user=1.73 sys=0.03, real=0.14 secs] 
2014-04-07T18:45:33.430+0900: 137.947: [GC pause (G1 Humongous Allocation) (young) (initial-mark), 0.1118514 secs]
   [Parallel Time: 107.0 ms, GC Workers: 13]
      [GC Worker Start (ms): Min: 137947.6, Avg: 137947.9, Max: 137948.2, Diff: 0.6]
      [Ext Root Scanning (ms): Min: 1.1, Avg: 1.7, Max: 3.8, Diff: 2.8, Sum: 22.3]
      [Code Root Marking (ms): Min: 0.0, Avg: 0.7, Max: 6.7, Diff: 6.7, Sum: 9.3]
      [Update RS (ms): Min: 51.9, Avg: 57.4, Max: 62.2, Diff: 10.3, Sum: 745.9]
         [Processed Buffers: Min: 27, Avg: 34.2, Max: 49, Diff: 22, Sum: 444]
      [Scan RS (ms): Min: 0.0, Avg: 3.5, Max: 4.4, Diff: 4.4, Sum: 45.5]
      [Code Root Scanning (ms): Min: 0.0, Avg: 0.0, Max: 0.0, Diff: 0.0, Sum: 0.0]
      [Object Copy (ms): Min: 41.1, Avg: 41.7, Max: 43.4, Diff: 2.3, Sum: 541.6]
      [Termination (ms): Min: 0.0, Avg: 0.7, Max: 0.9, Diff: 0.9, Sum: 9.2]
      [GC Worker Other (ms): Min: 0.0, Avg: 0.0, Max: 0.1, Diff: 0.0, Sum: 0.4]
      [GC Worker Total (ms): Min: 105.4, Avg: 105.7, Max: 106.0, Diff: 0.6, Sum: 1374.2]
      [GC Worker End (ms): Min: 138053.6, Avg: 138053.6, Max: 138053.6, Diff: 0.0]
   [Code Root Fixup: 0.2 ms]
   [Code Root Migration: 0.0 ms]
   [Clear CT: 1.1 ms]
   [Other: 3.5 ms]
      [Choose CSet: 0.0 ms]
      [Ref Proc: 0.9 ms]
      [Ref Enq: 0.0 ms]
      [Free CSet: 0.1 ms]
   [Eden: 48.0M(3088.0M)->0.0B(2176.0M) Survivors: 160.0M->208.0M Heap: 13.9G(24.0G)->14.0G(24.0G)]
 [Times: user=1.38 sys=0.00, real=0.11 secs] 
2014-04-07T18:45:33.542+0900: 138.059: [GC concurrent-root-region-scan-start]
2014-04-07T18:45:33.560+0900: 138.077: [GC concurrent-root-region-scan-end, 0.0173425 secs]
2014-04-07T18:45:33.560+0900: 138.077: [GC concurrent-mark-start]
2014-04-07T18:45:35.058+0900: 139.575: [GC concurrent-mark-end, 1.4978189 secs]
2014-04-07T18:45:35.059+0900: 139.576: [GC remark 139.577: [GC ref-proc, 0.0079298 secs], 0.0313449 secs]
 [Times: user=0.24 sys=0.00, real=0.04 secs] 
2014-04-07T18:45:35.093+0900: 139.610: [GC cleanup 15G->13G(24G), 0.0258561 secs]
 [Times: user=0.30 sys=0.01, real=0.02 secs] 
2014-04-07T18:45:35.120+0900: 139.637: [GC concurrent-cleanup-start]
2014-04-07T18:45:35.122+0900: 139.639: [GC concurrent-cleanup-end, 0.0021948 secs]
2014-04-07T18:45:35.811+0900: 140.327: [GC pause (G1 Evacuation Pause) (young), 0.1085828 secs]
   [Parallel Time: 96.6 ms, GC Workers: 13]
      [GC Worker Start (ms): Min: 140327.9, Avg: 140328.2, Max: 140328.5, Diff: 0.6]
      [Ext Root Scanning (ms): Min: 1.2, Avg: 1.5, Max: 2.3, Diff: 1.1, Sum: 19.3]
      [Update RS (ms): Min: 18.1, Avg: 28.3, Max: 83.7, Diff: 65.6, Sum: 368.5]
         [Processed Buffers: Min: 16, Avg: 26.1, Max: 39, Diff: 23, Sum: 339]
      [Scan RS (ms): Min: 0.0, Avg: 16.3, Max: 19.7, Diff: 19.6, Sum: 211.8]
      [Code Root Scanning (ms): Min: 0.0, Avg: 0.0, Max: 0.0, Diff: 0.0, Sum: 0.0]
      [Object Copy (ms): Min: 10.1, Avg: 49.1, Max: 56.1, Diff: 46.1, Sum: 638.3]
      [Termination (ms): Min: 0.0, Avg: 0.0, Max: 0.0, Diff: 0.0, Sum: 0.1]
      [GC Worker Other (ms): Min: 0.0, Avg: 0.1, Max: 0.2, Diff: 0.2, Sum: 1.1]
      [GC Worker Total (ms): Min: 95.0, Avg: 95.3, Max: 95.6, Diff: 0.6, Sum: 1239.1]
      [GC Worker End (ms): Min: 140423.5, Avg: 140423.5, Max: 140423.7, Diff: 0.2]
   [Code Root Fixup: 0.1 ms]
   [Code Root Migration: 0.0 ms]
   [Clear CT: 5.0 ms]
   [Other: 6.8 ms]
      [Choose CSet: 0.0 ms]
      [Ref Proc: 1.4 ms]
      [Ref Enq: 0.0 ms]
      [Free CSet: 1.4 ms]
   [Eden: 2176.0M(2176.0M)->0.0B(960.0M) Survivors: 208.0M->256.0M Heap: 14.7G(24.0G)->12.8G(24.0G)]
 [Times: user=1.28 sys=0.00, real=0.11 secs] 
2014-04-07T18:45:56.860+0900: 161.377: [GC pause (G1 Evacuation Pause) (mixed), 0.1045960 secs]
   [Parallel Time: 91.4 ms, GC Workers: 13]
      [GC Worker Start (ms): Min: 161377.4, Avg: 161377.7, Max: 161378.0, Diff: 0.6]
      [Ext Root Scanning (ms): Min: 1.0, Avg: 1.3, Max: 1.5, Diff: 0.5, Sum: 16.5]
      [Update RS (ms): Min: 16.2, Avg: 21.3, Max: 76.0, Diff: 59.8, Sum: 277.3]
         [Processed Buffers: Min: 10, Avg: 21.8, Max: 42, Diff: 32, Sum: 283]
      [Scan RS (ms): Min: 0.0, Avg: 18.9, Max: 20.6, Diff: 20.6, Sum: 245.2]
      [Code Root Scanning (ms): Min: 0.0, Avg: 0.0, Max: 0.0, Diff: 0.0, Sum: 0.1]
      [Object Copy (ms): Min: 12.7, Avg: 48.5, Max: 51.5, Diff: 38.8, Sum: 630.2]
      [Termination (ms): Min: 0.0, Avg: 0.0, Max: 0.0, Diff: 0.0, Sum: 0.1]
      [GC Worker Other (ms): Min: 0.0, Avg: 0.0, Max: 0.1, Diff: 0.1, Sum: 0.5]
      [GC Worker Total (ms): Min: 89.7, Avg: 90.0, Max: 90.3, Diff: 0.6, Sum: 1169.8]
      [GC Worker End (ms): Min: 161467.7, Avg: 161467.7, Max: 161467.8, Diff: 0.1]
   [Code Root Fixup: 0.1 ms]
   [Code Root Migration: 0.0 ms]
   [Clear CT: 4.8 ms]
   [Other: 8.2 ms]
      [Choose CSet: 0.2 ms]
      [Ref Proc: 1.5 ms]
      [Ref Enq: 0.0 ms]
      [Free CSet: 1.1 ms]
   [Eden: 960.0M(960.0M)->0.0B(6704.0M) Survivors: 256.0M->112.0M Heap: 13.8G(24.0G)->12.5G(24.0G)]
 [Times: user=1.22 sys=0.00, real=0.11 secs] 
2014-04-07T18:45:57.318+0900: 161.835: [GC pause (G1 Humongous Allocation) (young) (initial-mark), 0.0636015 secs]
   [Parallel Time: 59.3 ms, GC Workers: 13]
      [GC Worker Start (ms): Min: 161835.1, Avg: 161835.4, Max: 161835.7, Diff: 0.6]
      [Ext Root Scanning (ms): Min: 0.7, Avg: 1.2, Max: 3.3, Diff: 2.6, Sum: 15.0]
      [Code Root Marking (ms): Min: 0.0, Avg: 0.8, Max: 6.7, Diff: 6.7, Sum: 9.8]
      [Update RS (ms): Min: 12.0, Avg: 20.5, Max: 56.2, Diff: 44.1, Sum: 266.2]
         [Processed Buffers: Min: 1, Avg: 15.9, Max: 35, Diff: 34, Sum: 207]
      [Scan RS (ms): Min: 0.0, Avg: 0.1, Max: 0.8, Diff: 0.8, Sum: 1.7]
      [Code Root Scanning (ms): Min: 0.0, Avg: 0.0, Max: 0.0, Diff: 0.0, Sum: 0.0]
      [Object Copy (ms): Min: 0.5, Avg: 1.4, Max: 2.7, Diff: 2.2, Sum: 18.1]
      [Termination (ms): Min: 0.0, Avg: 34.0, Max: 37.2, Diff: 37.2, Sum: 442.6]
      [GC Worker Other (ms): Min: 0.0, Avg: 0.0, Max: 0.0, Diff: 0.0, Sum: 0.2]
      [GC Worker Total (ms): Min: 57.7, Avg: 58.0, Max: 58.3, Diff: 0.6, Sum: 753.7]
      [GC Worker End (ms): Min: 161893.3, Avg: 161893.4, Max: 161893.4, Diff: 0.0]
   [Code Root Fixup: 0.2 ms]
   [Code Root Migration: 0.0 ms]
   [Clear CT: 1.5 ms]
   [Other: 2.6 ms]
      [Choose CSet: 0.0 ms]
      [Ref Proc: 1.4 ms]
      [Ref Enq: 0.0 ms]
      [Free CSet: 0.3 ms]
   [Eden: 896.0M(6704.0M)->0.0B(8528.0M) Survivors: 112.0M->64.0M Heap: 13.3G(24.0G)->12.4G(24.0G)]
 [Times: user=0.76 sys=0.00, real=0.06 secs] 
2014-04-07T18:45:57.381+0900: 161.898: [GC concurrent-root-region-scan-start]
2014-04-07T18:45:57.393+0900: 161.910: [GC concurrent-root-region-scan-end, 0.0114910 secs]
2014-04-07T18:45:57.393+0900: 161.910: [GC concurrent-mark-start]
2014-04-07T18:45:58.927+0900: 163.444: [GC concurrent-mark-end, 1.5339802 secs]
2014-04-07T18:45:58.930+0900: 163.447: [GC remark 163.448: [GC ref-proc, 0.0065010 secs], 0.0292243 secs]
 [Times: user=0.22 sys=0.00, real=0.03 secs] 
2014-04-07T18:45:58.961+0900: 163.478: [GC cleanup 14G->14G(24G), 0.0255210 secs]
 [Times: user=0.29 sys=0.00, real=0.03 secs] 
2014-04-07T18:45:58.987+0900: 163.504: [GC concurrent-cleanup-start]
2014-04-07T18:45:58.988+0900: 163.505: [GC concurrent-cleanup-end, 0.0006890 secs]
2014-04-07T18:46:01.894+0900: 166.410: [GC pause (G1 Evacuation Pause) (young), 0.2852435 secs]
   [Parallel Time: 266.1 ms, GC Workers: 13]
      [GC Worker Start (ms): Min: 166411.5, Avg: 166411.7, Max: 166411.9, Diff: 0.4]
      [Ext Root Scanning (ms): Min: 1.1, Avg: 1.3, Max: 1.8, Diff: 0.7, Sum: 17.3]
      [Update RS (ms): Min: 10.0, Avg: 10.6, Max: 11.6, Diff: 1.7, Sum: 137.2]
         [Processed Buffers: Min: 27, Avg: 35.4, Max: 44, Diff: 17, Sum: 460]
      [Scan RS (ms): Min: 36.2, Avg: 37.2, Max: 37.5, Diff: 1.3, Sum: 483.1]
      [Code Root Scanning (ms): Min: 0.0, Avg: 0.0, Max: 0.0, Diff: 0.0, Sum: 0.1]
      [Object Copy (ms): Min: 215.5, Avg: 215.7, Max: 216.2, Diff: 0.6, Sum: 2804.4]
      [Termination (ms): Min: 0.1, Avg: 0.3, Max: 0.4, Diff: 0.3, Sum: 3.6]
      [GC Worker Other (ms): Min: 0.0, Avg: 0.1, Max: 0.2, Diff: 0.2, Sum: 1.0]
      [GC Worker Total (ms): Min: 264.9, Avg: 265.1, Max: 265.5, Diff: 0.7, Sum: 3446.6]
      [GC Worker End (ms): Min: 166676.7, Avg: 166676.8, Max: 166677.2, Diff: 0.5]
   [Code Root Fixup: 0.3 ms]
   [Code Root Migration: 0.1 ms]
   [Clear CT: 5.1 ms]
   [Other: 13.6 ms]
      [Choose CSet: 0.0 ms]
      [Ref Proc: 0.8 ms]
      [Ref Enq: 0.0 ms]
      [Free CSet: 2.8 ms]
   [Eden: 5312.0M(3600.0M)->0.0B(752.0M) Survivors: 64.0M->464.0M Heap: 19.1G(24.0G)->14.7G(24.0G)]
 [Times: user=3.02 sys=0.41, real=0.28 secs] 
2014-04-07T18:46:02.616+0900: 167.133: [GC pause (G1 Evacuation Pause) (mixed), 0.2504400 secs]
   [Parallel Time: 229.3 ms, GC Workers: 13]
      [GC Worker Start (ms): Min: 167134.7, Avg: 167135.0, Max: 167135.2, Diff: 0.4]
      [Ext Root Scanning (ms): Min: 0.5, Avg: 1.0, Max: 2.1, Diff: 1.6, Sum: 13.3]
      [Update RS (ms): Min: 9.1, Avg: 15.5, Max: 70.2, Diff: 61.2, Sum: 201.5]
         [Processed Buffers: Min: 13, Avg: 27.5, Max: 42, Diff: 29, Sum: 358]
      [Scan RS (ms): Min: 0.0, Avg: 48.9, Max: 53.7, Diff: 53.7, Sum: 636.1]
      [Code Root Scanning (ms): Min: 0.0, Avg: 0.0, Max: 0.0, Diff: 0.0, Sum: 0.1]
      [Object Copy (ms): Min: 156.8, Avg: 163.0, Max: 164.9, Diff: 8.1, Sum: 2119.2]
      [Termination (ms): Min: 0.0, Avg: 0.0, Max: 0.0, Diff: 0.0, Sum: 0.0]
      [GC Worker Other (ms): Min: 0.0, Avg: 0.0, Max: 0.2, Diff: 0.2, Sum: 0.6]
      [GC Worker Total (ms): Min: 228.3, Avg: 228.5, Max: 228.9, Diff: 0.6, Sum: 2970.9]
      [GC Worker End (ms): Min: 167363.5, Avg: 167363.5, Max: 167363.6, Diff: 0.2]
   [Code Root Fixup: 0.4 ms]
   [Code Root Migration: 0.1 ms]
   [Clear CT: 4.3 ms]
   [Other: 16.3 ms]
      [Choose CSet: 0.5 ms]
      [Ref Proc: 1.0 ms]
      [Ref Enq: 0.0 ms]
      [Free CSet: 2.5 ms]
   [Eden: 752.0M(752.0M)->0.0B(1056.0M) Survivors: 464.0M->160.0M Heap: 15.7G(24.0G)->14.6G(24.0G)]
 [Times: user=3.03 sys=0.00, real=0.25 secs] 
2014-04-07T18:46:03.538+0900: 168.055: [GC pause (G1 Evacuation Pause) (mixed), 0.1902269 secs]
   [Parallel Time: 172.5 ms, GC Workers: 13]
      [GC Worker Start (ms): Min: 168056.0, Avg: 168056.2, Max: 168056.3, Diff: 0.4]
      [Ext Root Scanning (ms): Min: 1.0, Avg: 1.2, Max: 2.0, Diff: 1.0, Sum: 15.8]
      [Update RS (ms): Min: 6.5, Avg: 16.7, Max: 73.5, Diff: 67.0, Sum: 217.2]
         [Processed Buffers: Min: 0, Avg: 23.4, Max: 35, Diff: 35, Sum: 304]
      [Scan RS (ms): Min: 0.0, Avg: 46.0, Max: 54.9, Diff: 54.9, Sum: 598.6]
      [Code Root Scanning (ms): Min: 0.0, Avg: 0.0, Max: 0.0, Diff: 0.0, Sum: 0.1]
      [Object Copy (ms): Min: 97.2, Avg: 108.0, Max: 109.1, Diff: 11.9, Sum: 1403.5]
      [Termination (ms): Min: 0.0, Avg: 0.0, Max: 0.0, Diff: 0.0, Sum: 0.0]
      [GC Worker Other (ms): Min: 0.0, Avg: 0.0, Max: 0.1, Diff: 0.1, Sum: 0.5]
      [GC Worker Total (ms): Min: 171.8, Avg: 172.0, Max: 172.1, Diff: 0.3, Sum: 2235.6]
      [GC Worker End (ms): Min: 168228.1, Avg: 168228.1, Max: 168228.2, Diff: 0.1]
   [Code Root Fixup: 0.3 ms]
   [Code Root Migration: 0.1 ms]
   [Clear CT: 4.3 ms]
   [Other: 13.1 ms]
      [Choose CSet: 0.6 ms]
      [Ref Proc: 0.7 ms]
      [Ref Enq: 0.0 ms]
      [Free CSet: 2.4 ms]
   [Eden: 1056.0M(1056.0M)->0.0B(1056.0M) Survivors: 160.0M->160.0M Heap: 15.9G(24.0G)->14.5G(24.0G)]
 [Times: user=2.27 sys=0.02, real=0.19 secs] 
2014-04-07T18:46:04.558+0900: 169.075: [GC pause (G1 Evacuation Pause) (mixed), 0.1653827 secs]
   [Parallel Time: 148.2 ms, GC Workers: 13]
      [GC Worker Start (ms): Min: 169075.8, Avg: 169076.1, Max: 169076.3, Diff: 0.5]
      [Ext Root Scanning (ms): Min: 0.8, Avg: 1.1, Max: 1.6, Diff: 0.7, Sum: 14.2]
      [Update RS (ms): Min: 14.7, Avg: 15.5, Max: 18.0, Diff: 3.3, Sum: 201.1]
         [Processed Buffers: Min: 13, Avg: 22.9, Max: 71, Diff: 58, Sum: 298]
      [Scan RS (ms): Min: 34.3, Avg: 36.9, Max: 37.3, Diff: 3.0, Sum: 480.0]
      [Code Root Scanning (ms): Min: 0.0, Avg: 0.0, Max: 0.0, Diff: 0.0, Sum: 0.1]
      [Object Copy (ms): Min: 93.1, Avg: 93.4, Max: 93.6, Diff: 0.6, Sum: 1214.1]
      [Termination (ms): Min: 0.0, Avg: 0.0, Max: 0.0, Diff: 0.0, Sum: 0.2]
      [GC Worker Other (ms): Min: 0.0, Avg: 0.0, Max: 0.1, Diff: 0.1, Sum: 0.5]
      [GC Worker Total (ms): Min: 146.7, Avg: 146.9, Max: 147.2, Diff: 0.6, Sum: 1910.1]
      [GC Worker End (ms): Min: 169223.0, Avg: 169223.0, Max: 169223.1, Diff: 0.1]
   [Code Root Fixup: 0.1 ms]
   [Code Root Migration: 0.0 ms]
   [Clear CT: 5.1 ms]
   [Other: 11.9 ms]
      [Choose CSet: 0.4 ms]
      [Ref Proc: 1.2 ms]
      [Ref Enq: 0.0 ms]
      [Free CSet: 2.2 ms]
   [Eden: 1056.0M(1056.0M)->0.0B(1392.0M) Survivors: 160.0M->160.0M Heap: 15.8G(24.0G)->14.6G(24.0G)]
 [Times: user=1.96 sys=0.00, real=0.16 secs] 
2014-04-07T18:46:27.322+0900: 191.839: [GC pause (G1 Evacuation Pause) (young), 0.0553176 secs]
   [Parallel Time: 48.4 ms, GC Workers: 13]
      [GC Worker Start (ms): Min: 191839.1, Avg: 191839.4, Max: 191839.6, Diff: 0.5]
      [Ext Root Scanning (ms): Min: 0.7, Avg: 1.0, Max: 1.3, Diff: 0.6, Sum: 12.7]
      [Update RS (ms): Min: 18.9, Avg: 19.6, Max: 20.1, Diff: 1.3, Sum: 254.2]
         [Processed Buffers: Min: 11, Avg: 21.6, Max: 49, Diff: 38, Sum: 281]
      [Scan RS (ms): Min: 3.5, Avg: 4.0, Max: 4.3, Diff: 0.8, Sum: 51.7]
      [Code Root Scanning (ms): Min: 0.0, Avg: 0.0, Max: 0.0, Diff: 0.0, Sum: 0.0]
      [Object Copy (ms): Min: 22.1, Avg: 22.3, Max: 22.4, Diff: 0.3, Sum: 289.4]
      [Termination (ms): Min: 0.0, Avg: 0.1, Max: 0.2, Diff: 0.2, Sum: 1.2]
      [GC Worker Other (ms): Min: 0.0, Avg: 0.1, Max: 0.3, Diff: 0.2, Sum: 0.9]
      [GC Worker Total (ms): Min: 46.7, Avg: 46.9, Max: 47.2, Diff: 0.5, Sum: 610.2]
      [GC Worker End (ms): Min: 191886.3, Avg: 191886.3, Max: 191886.5, Diff: 0.2]
   [Code Root Fixup: 0.1 ms]
   [Code Root Migration: 0.0 ms]
   [Clear CT: 2.8 ms]
   [Other: 3.9 ms]
      [Choose CSet: 0.0 ms]
      [Ref Proc: 0.7 ms]
      [Ref Enq: 0.0 ms]
      [Free CSet: 0.5 ms]
   [Eden: 1392.0M(1392.0M)->0.0B(3968.0M) Survivors: 160.0M->112.0M Heap: 15.9G(24.0G)->14.7G(24.0G)]
 [Times: user=0.64 sys=0.00, real=0.05 secs] 
2014-04-07T18:46:27.839+0900: 192.356: [GC pause (G1 Humongous Allocation) (young) (initial-mark), 0.0334329 secs]
   [Parallel Time: 29.6 ms, GC Workers: 13]
      [GC Worker Start (ms): Min: 192356.1, Avg: 192356.4, Max: 192356.7, Diff: 0.6]
      [Ext Root Scanning (ms): Min: 0.7, Avg: 1.2, Max: 3.4, Diff: 2.7, Sum: 15.3]
      [Code Root Marking (ms): Min: 0.0, Avg: 0.8, Max: 6.8, Diff: 6.8, Sum: 10.2]
      [Update RS (ms): Min: 17.3, Avg: 23.3, Max: 25.9, Diff: 8.6, Sum: 302.5]
         [Processed Buffers: Min: 9, Avg: 18.6, Max: 36, Diff: 27, Sum: 242]
      [Scan RS (ms): Min: 0.0, Avg: 0.0, Max: 0.2, Diff: 0.2, Sum: 0.5]
      [Code Root Scanning (ms): Min: 0.0, Avg: 0.0, Max: 0.0, Diff: 0.0, Sum: 0.0]
      [Object Copy (ms): Min: 0.6, Avg: 1.0, Max: 1.8, Diff: 1.1, Sum: 13.5]
      [Termination (ms): Min: 0.0, Avg: 2.2, Max: 2.4, Diff: 2.4, Sum: 28.5]
      [GC Worker Other (ms): Min: 0.0, Avg: 0.0, Max: 0.1, Diff: 0.1, Sum: 0.4]
      [GC Worker Total (ms): Min: 28.2, Avg: 28.5, Max: 28.9, Diff: 0.6, Sum: 370.8]
      [GC Worker End (ms): Min: 192384.9, Avg: 192384.9, Max: 192385.0, Diff: 0.0]
   [Code Root Fixup: 0.2 ms]
   [Code Root Migration: 0.0 ms]
   [Clear CT: 1.3 ms]
   [Other: 2.4 ms]
      [Choose CSet: 0.0 ms]
      [Ref Proc: 1.2 ms]
      [Ref Enq: 0.0 ms]
      [Free CSet: 0.3 ms]
   [Eden: 1088.0M(3968.0M)->0.0B(4880.0M) Survivors: 112.0M->48.0M Heap: 15.8G(24.0G)->14.6G(24.0G)]
 [Times: user=0.37 sys=0.00, real=0.03 secs] 
2014-04-07T18:46:27.872+0900: 192.389: [GC concurrent-root-region-scan-start]
2014-04-07T18:46:27.877+0900: 192.394: [GC concurrent-root-region-scan-end, 0.0042797 secs]
2014-04-07T18:46:27.877+0900: 192.394: [GC concurrent-mark-start]
2014-04-07T18:46:29.402+0900: 193.919: [GC concurrent-mark-end, 1.5254933 secs]
2014-04-07T18:46:29.404+0900: 193.921: [GC remark 193.922: [GC ref-proc, 0.0072401 secs], 0.0349984 secs]
 [Times: user=0.27 sys=0.00, real=0.04 secs] 
2014-04-07T18:46:29.441+0900: 193.958: [GC cleanup 16G->13G(24G), 0.0281407 secs]
 [Times: user=0.33 sys=0.00, real=0.03 secs] 
2014-04-07T18:46:29.469+0900: 193.986: [GC concurrent-cleanup-start]
2014-04-07T18:46:29.473+0900: 193.989: [GC concurrent-cleanup-end, 0.0031429 secs]
2014-04-07T18:46:32.832+0900: 197.349: [GC pause (G1 Evacuation Pause) (young), 0.2575097 secs]
   [Parallel Time: 238.2 ms, GC Workers: 13]
      [GC Worker Start (ms): Min: 197349.4, Avg: 197349.6, Max: 197349.9, Diff: 0.5]
      [Ext Root Scanning (ms): Min: 0.7, Avg: 1.0, Max: 1.3, Diff: 0.6, Sum: 12.6]
      [Update RS (ms): Min: 15.0, Avg: 19.2, Max: 63.0, Diff: 48.0, Sum: 250.1]
         [Processed Buffers: Min: 30, Avg: 35.5, Max: 44, Diff: 14, Sum: 462]
      [Scan RS (ms): Min: 0.1, Avg: 33.8, Max: 36.9, Diff: 36.9, Sum: 439.5]
      [Code Root Scanning (ms): Min: 0.0, Avg: 0.0, Max: 0.0, Diff: 0.0, Sum: 0.1]
      [Object Copy (ms): Min: 173.3, Avg: 183.2, Max: 184.1, Diff: 10.8, Sum: 2381.2]
      [Termination (ms): Min: 0.0, Avg: 0.0, Max: 0.0, Diff: 0.0, Sum: 0.0]
      [GC Worker Other (ms): Min: 0.0, Avg: 0.1, Max: 0.4, Diff: 0.4, Sum: 1.8]
      [GC Worker Total (ms): Min: 237.0, Avg: 237.3, Max: 237.6, Diff: 0.7, Sum: 3085.3]
      [GC Worker End (ms): Min: 197586.8, Avg: 197587.0, Max: 197587.2, Diff: 0.4]
   [Code Root Fixup: 0.2 ms]
   [Code Root Migration: 0.1 ms]
   [Clear CT: 5.2 ms]
   [Other: 13.8 ms]
      [Choose CSet: 0.0 ms]
      [Ref Proc: 1.3 ms]
      [Ref Enq: 0.0 ms]
      [Free CSet: 2.4 ms]
   [Eden: 4880.0M(4880.0M)->0.0B(592.0M) Survivors: 48.0M->624.0M Heap: 18.5G(24.0G)->14.5G(24.0G)]
 [Times: user=2.53 sys=0.46, real=0.26 secs] 
2014-04-07T18:46:33.711+0900: 198.228: [GC pause (G1 Evacuation Pause) (mixed), 0.2659756 secs]
   [Parallel Time: 244.1 ms, GC Workers: 13]
      [GC Worker Start (ms): Min: 198228.5, Avg: 198228.8, Max: 198229.0, Diff: 0.5]
      [Ext Root Scanning (ms): Min: 0.9, Avg: 1.1, Max: 2.0, Diff: 1.1, Sum: 14.5]
      [Update RS (ms): Min: 14.4, Avg: 25.0, Max: 86.3, Diff: 71.9, Sum: 324.4]
         [Processed Buffers: Min: 15, Avg: 25.3, Max: 54, Diff: 39, Sum: 329]
      [Scan RS (ms): Min: 0.0, Avg: 51.1, Max: 60.7, Diff: 60.6, Sum: 664.2]
      [Code Root Scanning (ms): Min: 0.0, Avg: 0.0, Max: 0.0, Diff: 0.0, Sum: 0.1]
      [Object Copy (ms): Min: 155.5, Avg: 165.7, Max: 167.2, Diff: 11.7, Sum: 2154.3]
      [Termination (ms): Min: 0.0, Avg: 0.0, Max: 0.0, Diff: 0.0, Sum: 0.1]
      [GC Worker Other (ms): Min: 0.0, Avg: 0.0, Max: 0.1, Diff: 0.1, Sum: 0.5]
      [GC Worker Total (ms): Min: 242.7, Avg: 242.9, Max: 243.2, Diff: 0.5, Sum: 3158.0]
      [GC Worker End (ms): Min: 198471.7, Avg: 198471.7, Max: 198471.8, Diff: 0.1]
   [Code Root Fixup: 0.2 ms]
   [Code Root Migration: 0.1 ms]
   [Clear CT: 4.5 ms]
   [Other: 17.1 ms]
      [Choose CSet: 0.5 ms]
      [Ref Proc: 1.0 ms]
      [Ref Enq: 0.0 ms]
      [Free CSet: 2.6 ms]
   [Eden: 592.0M(592.0M)->0.0B(1056.0M) Survivors: 624.0M->160.0M Heap: 15.2G(24.0G)->14.1G(24.0G)]
 [Times: user=3.21 sys=0.00, real=0.26 secs] 
2014-04-07T18:46:35.146+0900: 199.663: [GC pause (G1 Evacuation Pause) (mixed), 0.2511539 secs]
   [Parallel Time: 231.1 ms, GC Workers: 13]
      [GC Worker Start (ms): Min: 199664.2, Avg: 199664.5, Max: 199664.7, Diff: 0.5]
      [Ext Root Scanning (ms): Min: 0.7, Avg: 0.9, Max: 1.6, Diff: 0.9, Sum: 12.2]
      [Update RS (ms): Min: 23.2, Avg: 29.6, Max: 84.1, Diff: 60.9, Sum: 384.6]
         [Processed Buffers: Min: 2, Avg: 24.5, Max: 46, Diff: 44, Sum: 319]
      [Scan RS (ms): Min: 1.0, Avg: 55.4, Max: 61.7, Diff: 60.7, Sum: 719.6]
      [Code Root Scanning (ms): Min: 0.0, Avg: 0.0, Max: 0.0, Diff: 0.0, Sum: 0.1]
      [Object Copy (ms): Min: 143.5, Avg: 143.7, Max: 143.9, Diff: 0.5, Sum: 1867.5]
      [Termination (ms): Min: 0.0, Avg: 0.2, Max: 0.3, Diff: 0.3, Sum: 2.8]
      [GC Worker Other (ms): Min: 0.0, Avg: 0.0, Max: 0.1, Diff: 0.1, Sum: 0.5]
      [GC Worker Total (ms): Min: 229.6, Avg: 229.8, Max: 230.1, Diff: 0.5, Sum: 2987.3]
      [GC Worker End (ms): Min: 199894.2, Avg: 199894.3, Max: 199894.3, Diff: 0.1]
   [Code Root Fixup: 0.4 ms]
   [Code Root Migration: 0.1 ms]
   [Clear CT: 5.1 ms]
   [Other: 14.5 ms]
      [Choose CSet: 0.6 ms]
      [Ref Proc: 1.6 ms]
      [Ref Enq: 0.0 ms]
      [Free CSet: 2.6 ms]
   [Eden: 1056.0M(1056.0M)->0.0B(1056.0M) Survivors: 160.0M->160.0M Heap: 15.5G(24.0G)->14.0G(24.0G)]
 [Times: user=3.04 sys=0.01, real=0.25 secs] 
2014-04-07T18:46:37.001+0900: 201.518: [GC pause (G1 Evacuation Pause) (mixed), 0.2283588 secs]
   [Parallel Time: 207.4 ms, GC Workers: 13]
      [GC Worker Start (ms): Min: 201519.4, Avg: 201519.8, Max: 201520.0, Diff: 0.5]
      [Ext Root Scanning (ms): Min: 0.6, Avg: 0.9, Max: 1.5, Diff: 0.9, Sum: 11.2]
      [Update RS (ms): Min: 4.7, Avg: 5.7, Max: 6.8, Diff: 2.1, Sum: 74.2]
         [Processed Buffers: Min: 13, Avg: 18.5, Max: 25, Diff: 12, Sum: 240]
      [Scan RS (ms): Min: 67.7, Avg: 69.0, Max: 69.4, Diff: 1.7, Sum: 896.5]
      [Code Root Scanning (ms): Min: 0.0, Avg: 0.0, Max: 0.0, Diff: 0.0, Sum: 0.1]
      [Object Copy (ms): Min: 130.1, Avg: 130.3, Max: 130.6, Diff: 0.4, Sum: 1694.5]
      [Termination (ms): Min: 0.0, Avg: 0.0, Max: 0.0, Diff: 0.0, Sum: 0.1]
      [GC Worker Other (ms): Min: 0.0, Avg: 0.1, Max: 0.2, Diff: 0.2, Sum: 0.7]
      [GC Worker Total (ms): Min: 205.7, Avg: 205.9, Max: 206.2, Diff: 0.5, Sum: 2677.3]
      [GC Worker End (ms): Min: 201725.7, Avg: 201725.7, Max: 201725.9, Diff: 0.2]
   [Code Root Fixup: 0.3 ms]
   [Code Root Migration: 0.1 ms]
   [Clear CT: 5.0 ms]
   [Other: 15.6 ms]
      [Choose CSet: 0.7 ms]
      [Ref Proc: 1.5 ms]
      [Ref Enq: 0.0 ms]
      [Free CSet: 2.7 ms]
   [Eden: 1056.0M(1056.0M)->0.0B(1056.0M) Survivors: 160.0M->160.0M Heap: 15.3G(24.0G)->14.0G(24.0G)]
 [Times: user=2.75 sys=0.00, real=0.23 secs] 
2014-04-07T18:46:37.274+0900: 201.791: [GC pause (G1 Humongous Allocation) (young) (initial-mark), 0.3102167 secs]
   [Parallel Time: 304.6 ms, GC Workers: 13]
      [GC Worker Start (ms): Min: 201791.4, Avg: 201791.7, Max: 201792.0, Diff: 0.6]
      [Ext Root Scanning (ms): Min: 0.6, Avg: 1.1, Max: 3.1, Diff: 2.5, Sum: 14.2]
      [Code Root Marking (ms): Min: 0.0, Avg: 0.7, Max: 6.8, Diff: 6.7, Sum: 9.4]
      [Update RS (ms): Min: 157.6, Avg: 163.8, Max: 166.9, Diff: 9.3, Sum: 2129.3]
         [Processed Buffers: Min: 53, Avg: 87.2, Max: 119, Diff: 66, Sum: 1134]
      [Scan RS (ms): Min: 0.0, Avg: 0.2, Max: 1.0, Diff: 1.0, Sum: 2.4]
      [Code Root Scanning (ms): Min: 0.0, Avg: 0.0, Max: 0.0, Diff: 0.0, Sum: 0.0]
      [Object Copy (ms): Min: 112.0, Avg: 116.0, Max: 137.9, Diff: 25.9, Sum: 1507.9]
      [Termination (ms): Min: 0.0, Avg: 22.0, Max: 23.9, Diff: 23.9, Sum: 285.8]
      [GC Worker Other (ms): Min: 0.0, Avg: 0.0, Max: 0.0, Diff: 0.0, Sum: 0.2]
      [GC Worker Total (ms): Min: 303.5, Avg: 303.8, Max: 304.1, Diff: 0.6, Sum: 3949.1]
      [GC Worker End (ms): Min: 202095.5, Avg: 202095.5, Max: 202095.6, Diff: 0.0]
   [Code Root Fixup: 0.3 ms]
   [Code Root Migration: 0.0 ms]
   [Clear CT: 1.0 ms]
   [Other: 4.3 ms]
      [Choose CSet: 0.0 ms]
      [Ref Proc: 1.0 ms]
      [Ref Enq: 0.0 ms]
      [Free CSet: 0.1 ms]
   [Eden: 16.0M(1056.0M)->0.0B(1104.0M) Survivors: 160.0M->112.0M Heap: 14.0G(24.0G)->14.1G(24.0G)]
 [Times: user=3.94 sys=0.00, real=0.31 secs] 
2014-04-07T18:46:37.585+0900: 202.101: [GC concurrent-root-region-scan-start]
2014-04-07T18:46:37.585+0900: 202.102: [GC concurrent-root-region-scan-end, 0.0006871 secs]
2014-04-07T18:46:37.585+0900: 202.102: [GC concurrent-mark-start]
2014-04-07T18:46:39.126+0900: 203.643: [GC concurrent-mark-end, 1.5405503 secs]
2014-04-07T18:46:39.127+0900: 203.644: [GC remark 203.646: [GC ref-proc, 0.0054269 secs], 0.0294619 secs]
 [Times: user=0.24 sys=0.00, real=0.03 secs] 
2014-04-07T18:46:39.159+0900: 203.676: [GC cleanup 15G->12G(24G), 0.0273947 secs]
 [Times: user=0.32 sys=0.00, real=0.03 secs] 
2014-04-07T18:46:39.187+0900: 203.704: [GC concurrent-cleanup-start]
2014-04-07T18:46:39.189+0900: 203.706: [GC concurrent-cleanup-end, 0.0022841 secs]
2014-04-07T18:46:39.756+0900: 204.273: [GC pause (G1 Evacuation Pause) (young), 0.0593364 secs]
   [Parallel Time: 51.2 ms, GC Workers: 13]
      [GC Worker Start (ms): Min: 204273.1, Avg: 204273.2, Max: 204273.4, Diff: 0.3]
      [Ext Root Scanning (ms): Min: 0.6, Avg: 1.0, Max: 1.8, Diff: 1.2, Sum: 13.0]
      [Update RS (ms): Min: 4.3, Avg: 4.7, Max: 5.0, Diff: 0.7, Sum: 61.0]
         [Processed Buffers: Min: 13, Avg: 16.6, Max: 22, Diff: 9, Sum: 216]
      [Scan RS (ms): Min: 9.8, Avg: 10.0, Max: 10.2, Diff: 0.4, Sum: 130.4]
      [Code Root Scanning (ms): Min: 0.0, Avg: 0.0, Max: 0.0, Diff: 0.0, Sum: 0.0]
      [Object Copy (ms): Min: 34.0, Avg: 34.6, Max: 35.1, Diff: 1.1, Sum: 449.4]
      [Termination (ms): Min: 0.0, Avg: 0.0, Max: 0.0, Diff: 0.0, Sum: 0.0]
      [GC Worker Other (ms): Min: 0.0, Avg: 0.1, Max: 0.2, Diff: 0.1, Sum: 0.7]
      [GC Worker Total (ms): Min: 50.1, Avg: 50.3, Max: 50.5, Diff: 0.4, Sum: 654.5]
      [GC Worker End (ms): Min: 204323.5, Avg: 204323.6, Max: 204323.7, Diff: 0.1]
   [Code Root Fixup: 0.3 ms]
   [Code Root Migration: 0.0 ms]
   [Clear CT: 3.4 ms]
   [Other: 4.4 ms]
      [Choose CSet: 0.0 ms]
      [Ref Proc: 0.8 ms]
      [Ref Enq: 0.0 ms]
      [Free CSet: 1.0 ms]
   [Eden: 1104.0M(1104.0M)->0.0B(1056.0M) Survivors: 112.0M->160.0M Heap: 13.3G(24.0G)->12.3G(24.0G)]
 [Times: user=0.69 sys=0.00, real=0.06 secs] 
2014-04-07T18:46:40.667+0900: 205.184: [GC pause (G1 Evacuation Pause) (mixed), 0.1784255 secs]
   [Parallel Time: 166.3 ms, GC Workers: 13]
      [GC Worker Start (ms): Min: 205184.9, Avg: 205185.2, Max: 205185.4, Diff: 0.6]
      [Ext Root Scanning (ms): Min: 0.6, Avg: 0.9, Max: 1.3, Diff: 0.7, Sum: 11.5]
      [Update RS (ms): Min: 14.8, Avg: 15.5, Max: 16.2, Diff: 1.4, Sum: 201.6]
         [Processed Buffers: Min: 6, Avg: 17.9, Max: 32, Diff: 26, Sum: 233]
      [Scan RS (ms): Min: 42.4, Avg: 43.2, Max: 43.6, Diff: 1.2, Sum: 562.2]
      [Code Root Scanning (ms): Min: 0.0, Avg: 0.0, Max: 0.0, Diff: 0.0, Sum: 0.1]
      [Object Copy (ms): Min: 104.9, Avg: 105.1, Max: 105.6, Diff: 0.6, Sum: 1366.5]
      [Termination (ms): Min: 0.0, Avg: 0.5, Max: 0.6, Diff: 0.6, Sum: 6.0]
      [GC Worker Other (ms): Min: 0.0, Avg: 0.0, Max: 0.1, Diff: 0.1, Sum: 0.6]
      [GC Worker Total (ms): Min: 165.0, Avg: 165.3, Max: 165.6, Diff: 0.6, Sum: 2148.4]
      [GC Worker End (ms): Min: 205350.4, Avg: 205350.4, Max: 205350.5, Diff: 0.1]
   [Code Root Fixup: 0.1 ms]
   [Code Root Migration: 0.0 ms]
   [Clear CT: 4.8 ms]
   [Other: 7.1 ms]
      [Choose CSet: 0.2 ms]
      [Ref Proc: 1.5 ms]
      [Ref Enq: 0.0 ms]
      [Free CSet: 0.9 ms]
   [Eden: 1056.0M(1056.0M)->0.0B(1072.0M) Survivors: 160.0M->144.0M Heap: 13.4G(24.0G)->12.3G(24.0G)]
 [Times: user=2.18 sys=0.01, real=0.18 secs] 
2014-04-07T18:46:57.970+0900: 222.486: [GC pause (G1 Evacuation Pause) (young), 0.0778071 secs]
   [Parallel Time: 72.4 ms, GC Workers: 13]
      [GC Worker Start (ms): Min: 222486.7, Avg: 222486.9, Max: 222487.2, Diff: 0.5]
      [Ext Root Scanning (ms): Min: 0.8, Avg: 1.0, Max: 1.6, Diff: 0.8, Sum: 13.4]
      [Update RS (ms): Min: 24.7, Avg: 25.1, Max: 25.4, Diff: 0.6, Sum: 326.7]
         [Processed Buffers: Min: 11, Avg: 20.2, Max: 29, Diff: 18, Sum: 263]
      [Scan RS (ms): Min: 15.5, Avg: 15.7, Max: 15.9, Diff: 0.3, Sum: 203.6]
      [Code Root Scanning (ms): Min: 0.0, Avg: 0.0, Max: 0.0, Diff: 0.0, Sum: 0.0]
      [Object Copy (ms): Min: 29.2, Avg: 29.2, Max: 29.4, Diff: 0.2, Sum: 380.1]
      [Termination (ms): Min: 0.0, Avg: 0.1, Max: 0.1, Diff: 0.1, Sum: 1.1]
      [GC Worker Other (ms): Min: 0.0, Avg: 0.0, Max: 0.1, Diff: 0.1, Sum: 0.5]
      [GC Worker Total (ms): Min: 71.0, Avg: 71.2, Max: 71.4, Diff: 0.5, Sum: 925.4]
      [GC Worker End (ms): Min: 222558.1, Avg: 222558.1, Max: 222558.2, Diff: 0.1]
   [Code Root Fixup: 0.1 ms]
   [Code Root Migration: 0.0 ms]
   [Clear CT: 2.7 ms]
   [Other: 2.5 ms]
      [Choose CSet: 0.0 ms]
      [Ref Proc: 1.0 ms]
      [Ref Enq: 0.0 ms]
      [Free CSet: 0.4 ms]
   [Eden: 1072.0M(1072.0M)->0.0B(1136.0M) Survivors: 144.0M->80.0M Heap: 13.4G(24.0G)->12.3G(24.0G)]
 [Times: user=0.94 sys=0.01, real=0.08 secs] 
2014-04-07T18:46:58.487+0900: 223.004: [GC pause (G1 Humongous Allocation) (young) (initial-mark), 0.1817248 secs]
   [Parallel Time: 177.2 ms, GC Workers: 13]
      [GC Worker Start (ms): Min: 223004.3, Avg: 223004.6, Max: 223004.9, Diff: 0.6]
      [Ext Root Scanning (ms): Min: 0.5, Avg: 0.9, Max: 2.4, Diff: 2.0, Sum: 11.8]
      [Code Root Marking (ms): Min: 0.0, Avg: 0.8, Max: 7.3, Diff: 7.3, Sum: 10.6]
      [Update RS (ms): Min: 39.6, Avg: 52.3, Max: 99.5, Diff: 59.9, Sum: 679.5]
         [Processed Buffers: Min: 1, Avg: 17.3, Max: 45, Diff: 44, Sum: 225]
      [Scan RS (ms): Min: 0.0, Avg: 0.0, Max: 0.1, Diff: 0.1, Sum: 0.5]
      [Code Root Scanning (ms): Min: 0.0, Avg: 0.0, Max: 0.0, Diff: 0.0, Sum: 0.0]
      [Object Copy (ms): Min: 75.1, Avg: 106.1, Max: 112.5, Diff: 37.5, Sum: 1379.2]
      [Termination (ms): Min: 0.0, Avg: 15.6, Max: 17.1, Diff: 17.1, Sum: 203.3]
      [GC Worker Other (ms): Min: 0.0, Avg: 0.0, Max: 0.0, Diff: 0.0, Sum: 0.2]
      [GC Worker Total (ms): Min: 175.5, Avg: 175.8, Max: 176.1, Diff: 0.6, Sum: 2285.1]
      [GC Worker End (ms): Min: 223180.4, Avg: 223180.4, Max: 223180.4, Diff: 0.0]
   [Code Root Fixup: 0.2 ms]
   [Code Root Migration: 0.0 ms]
   [Clear CT: 1.8 ms]
   [Other: 2.5 ms]
      [Choose CSet: 0.0 ms]
      [Ref Proc: 0.7 ms]
      [Ref Enq: 0.0 ms]
      [Free CSet: 0.3 ms]
   [Eden: 864.0M(1136.0M)->0.0B(1136.0M) Survivors: 80.0M->80.0M Heap: 13.1G(24.0G)->12.3G(24.0G)]
 [Times: user=2.27 sys=0.01, real=0.18 secs] 
2014-04-07T18:46:58.669+0900: 223.186: [GC concurrent-root-region-scan-start]
2014-04-07T18:46:58.700+0900: 223.216: [GC concurrent-root-region-scan-end, 0.0305627 secs]
2014-04-07T18:46:58.700+0900: 223.216: [GC concurrent-mark-start]
2014-04-07T18:46:59.865+0900: 224.382: [GC pause (G1 Evacuation Pause) (young), 0.0785110 secs]
   [Parallel Time: 71.9 ms, GC Workers: 13]
      [GC Worker Start (ms): Min: 224381.7, Avg: 224381.8, Max: 224382.0, Diff: 0.3]
      [Ext Root Scanning (ms): Min: 0.4, Avg: 0.7, Max: 1.3, Diff: 0.9, Sum: 9.7]
      [SATB Filtering (ms): Min: 0.0, Avg: 0.0, Max: 0.3, Diff: 0.3, Sum: 0.3]
      [Update RS (ms): Min: 6.4, Avg: 7.0, Max: 8.1, Diff: 1.7, Sum: 91.5]
         [Processed Buffers: Min: 11, Avg: 22.0, Max: 36, Diff: 25, Sum: 286]
      [Scan RS (ms): Min: 14.3, Avg: 15.0, Max: 15.3, Diff: 1.0, Sum: 195.6]
      [Code Root Scanning (ms): Min: 0.0, Avg: 0.0, Max: 0.0, Diff: 0.0, Sum: 0.0]
      [Object Copy (ms): Min: 47.8, Avg: 48.3, Max: 49.0, Diff: 1.3, Sum: 628.0]
      [Termination (ms): Min: 0.0, Avg: 0.0, Max: 0.0, Diff: 0.0, Sum: 0.2]
      [GC Worker Other (ms): Min: 0.0, Avg: 0.0, Max: 0.1, Diff: 0.1, Sum: 0.4]
      [GC Worker Total (ms): Min: 71.1, Avg: 71.2, Max: 71.3, Diff: 0.3, Sum: 925.7]
      [GC Worker End (ms): Min: 224453.0, Avg: 224453.1, Max: 224453.1, Diff: 0.1]
   [Code Root Fixup: 0.2 ms]
   [Code Root Migration: 0.0 ms]
   [Clear CT: 3.4 ms]
   [Other: 2.9 ms]
      [Choose CSet: 0.0 ms]
      [Ref Proc: 0.4 ms]
      [Ref Enq: 0.0 ms]
      [Free CSet: 0.4 ms]
   [Eden: 1136.0M(1136.0M)->0.0B(1056.0M) Survivors: 80.0M->160.0M Heap: 13.8G(24.0G)->12.9G(24.0G)]
 [Times: user=0.95 sys=0.01, real=0.08 secs] 
2014-04-07T18:47:00.295+0900: 224.812: [GC concurrent-mark-end, 1.5950059 secs]
2014-04-07T18:47:00.296+0900: 224.813: [GC remark 224.814: [GC ref-proc, 0.0042295 secs], 0.0261569 secs]
 [Times: user=0.22 sys=0.00, real=0.02 secs] 
2014-04-07T18:47:00.327+0900: 224.844: [GC cleanup 13G->13G(24G), 0.0260768 secs]
 [Times: user=0.31 sys=0.00, real=0.03 secs] 
2014-04-07T18:47:00.354+0900: 224.871: [GC concurrent-cleanup-start]
2014-04-07T18:47:00.354+0900: 224.871: [GC concurrent-cleanup-end, 0.0006437 secs]
2014-04-07T18:47:00.766+0900: 225.283: [GC pause (G1 Evacuation Pause) (young), 0.0904681 secs]
   [Parallel Time: 81.8 ms, GC Workers: 13]
      [GC Worker Start (ms): Min: 225283.3, Avg: 225283.6, Max: 225284.0, Diff: 0.7]
      [Ext Root Scanning (ms): Min: 0.5, Avg: 0.9, Max: 1.2, Diff: 0.6, Sum: 11.3]
      [Update RS (ms): Min: 9.9, Avg: 10.1, Max: 10.7, Diff: 0.8, Sum: 130.8]
         [Processed Buffers: Min: 11, Avg: 20.5, Max: 32, Diff: 21, Sum: 266]
      [Scan RS (ms): Min: 15.9, Avg: 16.6, Max: 16.9, Diff: 0.9, Sum: 216.2]
      [Code Root Scanning (ms): Min: 0.0, Avg: 0.0, Max: 0.0, Diff: 0.0, Sum: 0.0]
      [Object Copy (ms): Min: 52.6, Avg: 52.9, Max: 53.0, Diff: 0.3, Sum: 687.1]
      [Termination (ms): Min: 0.0, Avg: 0.1, Max: 0.1, Diff: 0.1, Sum: 0.9]
      [GC Worker Other (ms): Min: 0.0, Avg: 0.0, Max: 0.1, Diff: 0.1, Sum: 0.6]
      [GC Worker Total (ms): Min: 80.2, Avg: 80.5, Max: 81.0, Diff: 0.8, Sum: 1046.9]
      [GC Worker End (ms): Min: 225364.1, Avg: 225364.2, Max: 225364.3, Diff: 0.1]
   [Code Root Fixup: 0.3 ms]
   [Code Root Migration: 0.0 ms]
   [Clear CT: 3.6 ms]
   [Other: 4.7 ms]
      [Choose CSet: 0.0 ms]
      [Ref Proc: 1.4 ms]
      [Ref Enq: 0.0 ms]
      [Free CSet: 0.6 ms]
   [Eden: 1056.0M(1056.0M)->0.0B(1056.0M) Survivors: 160.0M->160.0M Heap: 13.8G(24.0G)->13.0G(24.0G)]
 [Times: user=1.09 sys=0.00, real=0.09 secs] 
2014-04-07T18:47:01.805+0900: 226.322: [GC pause (G1 Evacuation Pause) (mixed), 0.1770637 secs]
   [Parallel Time: 160.6 ms, GC Workers: 13]
      [GC Worker Start (ms): Min: 226323.2, Avg: 226323.5, Max: 226323.8, Diff: 0.6]
      [Ext Root Scanning (ms): Min: 0.7, Avg: 1.0, Max: 1.8, Diff: 1.2, Sum: 12.6]
      [Update RS (ms): Min: 16.6, Avg: 16.9, Max: 19.0, Diff: 2.5, Sum: 219.2]
         [Processed Buffers: Min: 15, Avg: 31.2, Max: 45, Diff: 30, Sum: 405]
      [Scan RS (ms): Min: 47.8, Avg: 50.0, Max: 50.7, Diff: 2.9, Sum: 650.1]
      [Code Root Scanning (ms): Min: 0.0, Avg: 0.0, Max: 0.0, Diff: 0.0, Sum: 0.1]
      [Object Copy (ms): Min: 91.1, Avg: 91.5, Max: 91.7, Diff: 0.6, Sum: 1189.6]
      [Termination (ms): Min: 0.0, Avg: 0.0, Max: 0.0, Diff: 0.0, Sum: 0.0]
      [GC Worker Other (ms): Min: 0.0, Avg: 0.0, Max: 0.1, Diff: 0.1, Sum: 0.6]
      [GC Worker Total (ms): Min: 159.1, Avg: 159.4, Max: 159.8, Diff: 0.7, Sum: 2072.1]
      [GC Worker End (ms): Min: 226482.9, Avg: 226482.9, Max: 226483.0, Diff: 0.1]
   [Code Root Fixup: 0.2 ms]
   [Code Root Migration: 0.0 ms]
   [Clear CT: 5.7 ms]
   [Other: 10.5 ms]
      [Choose CSet: 0.6 ms]
      [Ref Proc: 0.8 ms]
      [Ref Enq: 0.0 ms]
      [Free CSet: 2.6 ms]
   [Eden: 1056.0M(1056.0M)->0.0B(1056.0M) Survivors: 160.0M->160.0M Heap: 14.3G(24.0G)->12.9G(24.0G)]
 [Times: user=2.12 sys=0.01, real=0.17 secs] 
2014-04-07T18:47:03.157+0900: 227.674: [GC pause (G1 Evacuation Pause) (mixed), 0.1915021 secs]
   [Parallel Time: 174.0 ms, GC Workers: 13]
      [GC Worker Start (ms): Min: 227675.5, Avg: 227675.8, Max: 227676.1, Diff: 0.5]
      [Ext Root Scanning (ms): Min: 0.5, Avg: 0.8, Max: 1.4, Diff: 0.8, Sum: 10.7]
      [Update RS (ms): Min: 9.8, Avg: 10.3, Max: 11.5, Diff: 1.7, Sum: 134.5]
         [Processed Buffers: Min: 20, Avg: 27.3, Max: 37, Diff: 17, Sum: 355]
      [Scan RS (ms): Min: 54.2, Avg: 55.0, Max: 55.5, Diff: 1.3, Sum: 715.4]
      [Code Root Scanning (ms): Min: 0.0, Avg: 0.0, Max: 0.0, Diff: 0.0, Sum: 0.1]
      [Object Copy (ms): Min: 106.2, Avg: 106.5, Max: 106.7, Diff: 0.5, Sum: 1383.9]
      [Termination (ms): Min: 0.0, Avg: 0.0, Max: 0.0, Diff: 0.0, Sum: 0.1]
      [GC Worker Other (ms): Min: 0.0, Avg: 0.0, Max: 0.1, Diff: 0.1, Sum: 0.6]
      [GC Worker Total (ms): Min: 172.5, Avg: 172.7, Max: 172.9, Diff: 0.5, Sum: 2245.2]
      [GC Worker End (ms): Min: 227848.4, Avg: 227848.5, Max: 227848.6, Diff: 0.1]
   [Code Root Fixup: 0.2 ms]
   [Code Root Migration: 0.1 ms]
   [Clear CT: 5.7 ms]
   [Other: 11.6 ms]
      [Choose CSet: 0.8 ms]
      [Ref Proc: 1.3 ms]
      [Ref Enq: 0.0 ms]
      [Free CSet: 2.6 ms]
   [Eden: 1056.0M(1056.0M)->0.0B(1056.0M) Survivors: 160.0M->160.0M Heap: 14.3G(24.0G)->12.9G(24.0G)]
 [Times: user=2.31 sys=0.01, real=0.19 secs] 
2014-04-07T18:47:04.510+0900: 229.026: [GC pause (G1 Evacuation Pause) (mixed), 0.1793913 secs]
   [Parallel Time: 162.6 ms, GC Workers: 13]
      [GC Worker Start (ms): Min: 229027.9, Avg: 229028.2, Max: 229028.4, Diff: 0.6]
      [Ext Root Scanning (ms): Min: 0.6, Avg: 0.8, Max: 1.1, Diff: 0.5, Sum: 9.9]
      [Update RS (ms): Min: 10.6, Avg: 11.0, Max: 11.7, Diff: 1.1, Sum: 142.7]
         [Processed Buffers: Min: 24, Avg: 30.0, Max: 42, Diff: 18, Sum: 390]
      [Scan RS (ms): Min: 48.3, Avg: 49.0, Max: 49.2, Diff: 0.9, Sum: 637.2]
      [Code Root Scanning (ms): Min: 0.0, Avg: 0.0, Max: 0.0, Diff: 0.0, Sum: 0.1]
      [Object Copy (ms): Min: 100.4, Avg: 100.6, Max: 101.0, Diff: 0.6, Sum: 1307.2]
      [Termination (ms): Min: 0.0, Avg: 0.0, Max: 0.0, Diff: 0.0, Sum: 0.0]
      [GC Worker Other (ms): Min: 0.0, Avg: 0.1, Max: 0.2, Diff: 0.1, Sum: 0.7]
      [GC Worker Total (ms): Min: 161.1, Avg: 161.4, Max: 161.7, Diff: 0.6, Sum: 2097.8]
      [GC Worker End (ms): Min: 229189.6, Avg: 229189.6, Max: 229189.7, Diff: 0.1]
   [Code Root Fixup: 0.3 ms]
   [Code Root Migration: 0.1 ms]
   [Clear CT: 5.4 ms]
   [Other: 11.0 ms]
      [Choose CSet: 0.7 ms]
      [Ref Proc: 1.5 ms]
      [Ref Enq: 0.0 ms]
      [Free CSet: 2.3 ms]
   [Eden: 1056.0M(1056.0M)->0.0B(1056.0M) Survivors: 160.0M->160.0M Heap: 14.3G(24.0G)->13.1G(24.0G)]
 [Times: user=2.17 sys=0.00, real=0.18 secs] 
2014-04-07T18:47:04.694+0900: 229.211: [GC pause (G1 Humongous Allocation) (young) (initial-mark), 0.1435761 secs]
   [Parallel Time: 138.6 ms, GC Workers: 13]
      [GC Worker Start (ms): Min: 229211.3, Avg: 229211.6, Max: 229211.8, Diff: 0.5]
      [Ext Root Scanning (ms): Min: 0.5, Avg: 0.9, Max: 2.7, Diff: 2.2, Sum: 11.4]
      [Code Root Marking (ms): Min: 0.0, Avg: 0.6, Max: 4.6, Diff: 4.6, Sum: 7.5]
      [Update RS (ms): Min: 108.0, Avg: 111.9, Max: 113.2, Diff: 5.1, Sum: 1454.4]
         [Processed Buffers: Min: 55, Avg: 62.7, Max: 79, Diff: 24, Sum: 815]
      [Scan RS (ms): Min: 0.0, Avg: 0.0, Max: 0.3, Diff: 0.3, Sum: 0.3]
      [Code Root Scanning (ms): Min: 0.0, Avg: 0.0, Max: 0.0, Diff: 0.0, Sum: 0.0]
      [Object Copy (ms): Min: 23.3, Avg: 24.2, Max: 24.7, Diff: 1.4, Sum: 314.8]
      [Termination (ms): Min: 0.0, Avg: 0.0, Max: 0.0, Diff: 0.0, Sum: 0.1]
      [GC Worker Other (ms): Min: 0.0, Avg: 0.0, Max: 0.0, Diff: 0.0, Sum: 0.4]
      [GC Worker Total (ms): Min: 137.4, Avg: 137.6, Max: 137.9, Diff: 0.5, Sum: 1788.8]
      [GC Worker End (ms): Min: 229349.2, Avg: 229349.2, Max: 229349.2, Diff: 0.0]
   [Code Root Fixup: 0.3 ms]
   [Code Root Migration: 0.0 ms]
   [Clear CT: 0.9 ms]
   [Other: 3.8 ms]
      [Choose CSet: 0.0 ms]
      [Ref Proc: 0.8 ms]
      [Ref Enq: 0.0 ms]
      [Free CSet: 0.1 ms]
   [Eden: 16.0M(1056.0M)->0.0B(1136.0M) Survivors: 160.0M->80.0M Heap: 13.1G(24.0G)->13.2G(24.0G)]
 [Times: user=1.79 sys=0.00, real=0.14 secs] 
2014-04-07T18:47:04.838+0900: 229.355: [GC concurrent-root-region-scan-start]
2014-04-07T18:47:04.838+0900: 229.355: [GC concurrent-root-region-scan-end, 0.0003021 secs]
2014-04-07T18:47:04.838+0900: 229.355: [GC concurrent-mark-start]
2014-04-07T18:47:06.337+0900: 230.853: [GC concurrent-mark-end, 1.4983641 secs]
2014-04-07T18:47:06.338+0900: 230.855: [GC remark 230.855: [GC ref-proc, 0.0047496 secs], 0.0290534 secs]
 [Times: user=0.24 sys=0.01, real=0.03 secs] 
2014-04-07T18:47:06.368+0900: 230.885: [GC cleanup 14G->12G(24G), 0.0264912 secs]
 [Times: user=0.30 sys=0.00, real=0.03 secs] 
2014-04-07T18:47:06.395+0900: 230.912: [GC concurrent-cleanup-start]
2014-04-07T18:47:06.397+0900: 230.914: [GC concurrent-cleanup-end, 0.0017539 secs]
2014-04-07T18:47:06.425+0900: 230.942: [GC pause (G1 Evacuation Pause) (young), 0.0598730 secs]
   [Parallel Time: 52.7 ms, GC Workers: 13]
      [GC Worker Start (ms): Min: 230942.6, Avg: 230942.8, Max: 230942.9, Diff: 0.3]
      [Ext Root Scanning (ms): Min: 0.6, Avg: 0.7, Max: 1.3, Diff: 0.7, Sum: 9.2]
      [Update RS (ms): Min: 8.3, Avg: 8.8, Max: 9.2, Diff: 0.9, Sum: 114.8]
         [Processed Buffers: Min: 20, Avg: 24.7, Max: 34, Diff: 14, Sum: 321]
      [Scan RS (ms): Min: 5.3, Avg: 5.6, Max: 5.8, Diff: 0.5, Sum: 72.9]
      [Code Root Scanning (ms): Min: 0.0, Avg: 0.0, Max: 0.0, Diff: 0.0, Sum: 0.0]
      [Object Copy (ms): Min: 36.5, Avg: 36.6, Max: 36.7, Diff: 0.2, Sum: 476.1]
      [Termination (ms): Min: 0.0, Avg: 0.0, Max: 0.0, Diff: 0.0, Sum: 0.2]
      [GC Worker Other (ms): Min: 0.0, Avg: 0.0, Max: 0.0, Diff: 0.0, Sum: 0.3]
      [GC Worker Total (ms): Min: 51.7, Avg: 51.8, Max: 52.0, Diff: 0.3, Sum: 673.5]
      [GC Worker End (ms): Min: 230994.6, Avg: 230994.6, Max: 230994.6, Diff: 0.0]
   [Code Root Fixup: 0.2 ms]
   [Code Root Migration: 0.0 ms]
   [Clear CT: 3.5 ms]
   [Other: 3.4 ms]
      [Choose CSet: 0.0 ms]
      [Ref Proc: 1.1 ms]
      [Ref Enq: 0.0 ms]
      [Free CSet: 0.5 ms]
   [Eden: 1136.0M(1136.0M)->0.0B(1056.0M) Survivors: 80.0M->160.0M Heap: 13.0G(24.0G)->12.0G(24.0G)]
 [Times: user=0.71 sys=0.00, real=0.06 secs] 
2014-04-07T18:47:07.760+0900: 232.277: [GC pause (G1 Evacuation Pause) (mixed), 0.1376177 secs]
   [Parallel Time: 124.6 ms, GC Workers: 13]
      [GC Worker Start (ms): Min: 232277.7, Avg: 232277.8, Max: 232278.0, Diff: 0.4]
      [Ext Root Scanning (ms): Min: 0.7, Avg: 1.0, Max: 2.0, Diff: 1.2, Sum: 13.1]
      [Update RS (ms): Min: 10.6, Avg: 11.1, Max: 12.8, Diff: 2.1, Sum: 144.9]
         [Processed Buffers: Min: 18, Avg: 24.2, Max: 39, Diff: 21, Sum: 315]
      [Scan RS (ms): Min: 25.5, Avg: 27.0, Max: 27.4, Diff: 1.9, Sum: 351.0]
      [Code Root Scanning (ms): Min: 0.0, Avg: 0.0, Max: 0.0, Diff: 0.0, Sum: 0.1]
      [Object Copy (ms): Min: 84.6, Avg: 84.6, Max: 84.7, Diff: 0.2, Sum: 1100.1]
      [Termination (ms): Min: 0.0, Avg: 0.0, Max: 0.0, Diff: 0.0, Sum: 0.1]
      [GC Worker Other (ms): Min: 0.0, Avg: 0.0, Max: 0.1, Diff: 0.1, Sum: 0.5]
      [GC Worker Total (ms): Min: 123.6, Avg: 123.8, Max: 124.0, Diff: 0.4, Sum: 1609.8]
      [GC Worker End (ms): Min: 232401.6, Avg: 232401.7, Max: 232401.7, Diff: 0.1]
   [Code Root Fixup: 0.3 ms]
   [Code Root Migration: 0.1 ms]
   [Clear CT: 4.8 ms]
   [Other: 7.9 ms]
      [Choose CSet: 0.2 ms]
      [Ref Proc: 0.7 ms]
      [Ref Enq: 0.0 ms]
      [Free CSet: 1.7 ms]
   [Eden: 1056.0M(1056.0M)->0.0B(1056.0M) Survivors: 160.0M->160.0M Heap: 13.5G(24.0G)->12.3G(24.0G)]
 [Times: user=1.67 sys=0.00, real=0.14 secs] 
2014-04-07T18:47:07.903+0900: 232.420: [GC pause (G1 Humongous Allocation) (young) (initial-mark), 0.1132462 secs]
   [Parallel Time: 108.8 ms, GC Workers: 13]
      [GC Worker Start (ms): Min: 232420.6, Avg: 232420.8, Max: 232421.0, Diff: 0.4]
      [Ext Root Scanning (ms): Min: 0.5, Avg: 0.9, Max: 2.7, Diff: 2.3, Sum: 11.1]
      [Code Root Marking (ms): Min: 0.0, Avg: 0.6, Max: 4.6, Diff: 4.6, Sum: 7.6]
      [Update RS (ms): Min: 77.6, Avg: 81.9, Max: 84.0, Diff: 6.4, Sum: 1065.0]
         [Processed Buffers: Min: 39, Avg: 46.2, Max: 59, Diff: 20, Sum: 600]
      [Scan RS (ms): Min: 0.0, Avg: 0.0, Max: 0.1, Diff: 0.1, Sum: 0.1]
      [Code Root Scanning (ms): Min: 0.0, Avg: 0.0, Max: 0.0, Diff: 0.0, Sum: 0.0]
      [Object Copy (ms): Min: 22.4, Avg: 24.6, Max: 25.7, Diff: 3.3, Sum: 320.2]
      [Termination (ms): Min: 0.0, Avg: 0.0, Max: 0.0, Diff: 0.0, Sum: 0.1]
      [GC Worker Other (ms): Min: 0.0, Avg: 0.0, Max: 0.0, Diff: 0.0, Sum: 0.3]
      [GC Worker Total (ms): Min: 107.9, Avg: 108.0, Max: 108.3, Diff: 0.4, Sum: 1404.5]
      [GC Worker End (ms): Min: 232528.9, Avg: 232528.9, Max: 232528.9, Diff: 0.0]
   [Code Root Fixup: 0.3 ms]
   [Code Root Migration: 0.0 ms]
   [Clear CT: 0.5 ms]
   [Other: 3.7 ms]
      [Choose CSet: 0.0 ms]
      [Ref Proc: 0.5 ms]
      [Ref Enq: 0.0 ms]
      [Free CSet: 0.1 ms]
   [Eden: 16.0M(1056.0M)->0.0B(1616.0M) Survivors: 160.0M->80.0M Heap: 12.3G(24.0G)->12.5G(24.0G)]
 [Times: user=1.40 sys=0.00, real=0.12 secs] 
2014-04-07T18:47:08.017+0900: 232.534: [GC concurrent-root-region-scan-start]
2014-04-07T18:47:08.017+0900: 232.534: [GC concurrent-root-region-scan-end, 0.0001273 secs]
2014-04-07T18:47:08.017+0900: 232.534: [GC concurrent-mark-start]
2014-04-07T18:47:09.666+0900: 234.183: [GC concurrent-mark-end, 1.6490713 secs]
2014-04-07T18:47:09.667+0900: 234.184: [GC remark 234.185: [GC ref-proc, 0.0046102 secs], 0.0293447 secs]
 [Times: user=0.24 sys=0.00, real=0.03 secs] 
2014-04-07T18:47:09.698+0900: 234.215: [GC cleanup 14G->13G(24G), 0.0257052 secs]
 [Times: user=0.29 sys=0.00, real=0.03 secs] 
2014-04-07T18:47:09.724+0900: 234.241: [GC concurrent-cleanup-start]
2014-04-07T18:47:09.725+0900: 234.242: [GC concurrent-cleanup-end, 0.0008575 secs]
2014-04-07T18:47:09.858+0900: 234.375: [GC pause (G1 Evacuation Pause) (young), 0.0749457 secs]
   [Parallel Time: 67.5 ms, GC Workers: 13]
      [GC Worker Start (ms): Min: 234375.6, Avg: 234375.9, Max: 234376.0, Diff: 0.4]
      [Ext Root Scanning (ms): Min: 0.6, Avg: 0.7, Max: 1.1, Diff: 0.5, Sum: 9.6]
      [Update RS (ms): Min: 5.3, Avg: 6.0, Max: 6.4, Diff: 1.1, Sum: 77.5]
         [Processed Buffers: Min: 18, Avg: 23.8, Max: 35, Diff: 17, Sum: 310]
      [Scan RS (ms): Min: 9.7, Avg: 10.1, Max: 10.4, Diff: 0.7, Sum: 131.5]
      [Code Root Scanning (ms): Min: 0.0, Avg: 0.0, Max: 0.0, Diff: 0.0, Sum: 0.0]
      [Object Copy (ms): Min: 49.7, Avg: 49.8, Max: 49.9, Diff: 0.2, Sum: 647.8]
      [Termination (ms): Min: 0.0, Avg: 0.0, Max: 0.0, Diff: 0.0, Sum: 0.5]
      [GC Worker Other (ms): Min: 0.0, Avg: 0.0, Max: 0.1, Diff: 0.1, Sum: 0.6]
      [GC Worker Total (ms): Min: 66.6, Avg: 66.7, Max: 67.0, Diff: 0.5, Sum: 867.5]
      [GC Worker End (ms): Min: 234442.6, Avg: 234442.6, Max: 234442.7, Diff: 0.1]
   [Code Root Fixup: 0.2 ms]
   [Code Root Migration: 0.0 ms]
   [Clear CT: 3.3 ms]
   [Other: 3.9 ms]
      [Choose CSet: 0.0 ms]
      [Ref Proc: 0.5 ms]
      [Ref Enq: 0.0 ms]
      [Free CSet: 0.7 ms]
   [Eden: 1616.0M(1616.0M)->0.0B(992.0M) Survivors: 80.0M->224.0M Heap: 13.8G(24.0G)->12.5G(24.0G)]
 [Times: user=0.91 sys=0.00, real=0.07 secs] 
2014-04-07T18:47:11.782+0900: 236.299: [GC pause (G1 Evacuation Pause) (mixed), 0.1252391 secs]
   [Parallel Time: 111.8 ms, GC Workers: 13]
      [GC Worker Start (ms): Min: 236299.4, Avg: 236299.7, Max: 236299.9, Diff: 0.5]
      [Ext Root Scanning (ms): Min: 0.6, Avg: 0.9, Max: 1.6, Diff: 1.0, Sum: 11.4]
      [Update RS (ms): Min: 10.0, Avg: 10.8, Max: 11.6, Diff: 1.6, Sum: 140.5]
         [Processed Buffers: Min: 21, Avg: 27.4, Max: 37, Diff: 16, Sum: 356]
      [Scan RS (ms): Min: 23.4, Avg: 24.2, Max: 24.4, Diff: 1.0, Sum: 315.1]
      [Code Root Scanning (ms): Min: 0.0, Avg: 0.0, Max: 0.0, Diff: 0.0, Sum: 0.0]
      [Object Copy (ms): Min: 74.5, Avg: 74.6, Max: 74.8, Diff: 0.3, Sum: 970.1]
      [Termination (ms): Min: 0.0, Avg: 0.0, Max: 0.0, Diff: 0.0, Sum: 0.1]
      [GC Worker Other (ms): Min: 0.0, Avg: 0.1, Max: 0.1, Diff: 0.1, Sum: 0.7]
      [GC Worker Total (ms): Min: 110.4, Avg: 110.6, Max: 110.9, Diff: 0.4, Sum: 1437.9]
      [GC Worker End (ms): Min: 236410.2, Avg: 236410.3, Max: 236410.3, Diff: 0.1]
   [Code Root Fixup: 0.2 ms]
   [Code Root Migration: 0.0 ms]
   [Clear CT: 5.1 ms]
   [Other: 8.1 ms]
      [Choose CSet: 0.1 ms]
      [Ref Proc: 1.3 ms]
      [Ref Enq: 0.0 ms]
      [Free CSet: 1.4 ms]
   [Eden: 992.0M(992.0M)->0.0B(2240.0M) Survivors: 224.0M->160.0M Heap: 13.8G(24.0G)->13.0G(24.0G)]
 [Times: user=1.50 sys=0.00, real=0.13 secs] 
2014-04-07T18:47:11.924+0900: 236.441: [GC pause (G1 Humongous Allocation) (young) (initial-mark), 0.0961919 secs]
   [Parallel Time: 91.6 ms, GC Workers: 13]
      [GC Worker Start (ms): Min: 236441.5, Avg: 236441.8, Max: 236442.0, Diff: 0.5]
      [Ext Root Scanning (ms): Min: 0.4, Avg: 0.8, Max: 3.1, Diff: 2.6, Sum: 11.0]
      [Code Root Marking (ms): Min: 0.0, Avg: 0.6, Max: 4.7, Diff: 4.6, Sum: 8.0]
      [Update RS (ms): Min: 61.7, Avg: 64.6, Max: 68.0, Diff: 6.2, Sum: 840.3]
         [Processed Buffers: Min: 31, Avg: 37.7, Max: 47, Diff: 16, Sum: 490]
      [Scan RS (ms): Min: 0.0, Avg: 0.3, Max: 0.8, Diff: 0.8, Sum: 4.3]
      [Code Root Scanning (ms): Min: 0.0, Avg: 0.0, Max: 0.0, Diff: 0.0, Sum: 0.0]
      [Object Copy (ms): Min: 21.9, Avg: 24.3, Max: 25.0, Diff: 3.1, Sum: 315.6]
      [Termination (ms): Min: 0.0, Avg: 0.0, Max: 0.0, Diff: 0.0, Sum: 0.1]
      [GC Worker Other (ms): Min: 0.0, Avg: 0.0, Max: 0.0, Diff: 0.0, Sum: 0.3]
      [GC Worker Total (ms): Min: 90.5, Avg: 90.7, Max: 91.0, Diff: 0.5, Sum: 1179.7]
      [GC Worker End (ms): Min: 236532.5, Avg: 236532.5, Max: 236532.5, Diff: 0.0]
   [Code Root Fixup: 0.2 ms]
   [Code Root Migration: 0.0 ms]
   [Clear CT: 0.4 ms]
   [Other: 4.0 ms]
      [Choose CSet: 0.0 ms]
      [Ref Proc: 0.5 ms]
      [Ref Enq: 0.0 ms]
      [Free CSet: 0.1 ms]
   [Eden: 32.0M(2240.0M)->0.0B(2224.0M) Survivors: 160.0M->80.0M Heap: 13.0G(24.0G)->13.1G(24.0G)]
 [Times: user=1.18 sys=0.00, real=0.10 secs] 
2014-04-07T18:47:12.021+0900: 236.538: [GC concurrent-root-region-scan-start]
2014-04-07T18:47:12.021+0900: 236.538: [GC concurrent-root-region-scan-end, 0.0002938 secs]
2014-04-07T18:47:12.021+0900: 236.538: [GC concurrent-mark-start]
2014-04-07T18:47:13.537+0900: 238.054: [GC concurrent-mark-end, 1.5158081 secs]
2014-04-07T18:47:13.538+0900: 238.055: [GC remark 238.056: [GC ref-proc, 0.0048026 secs], 0.0299431 secs]
 [Times: user=0.25 sys=0.00, real=0.03 secs] 
2014-04-07T18:47:13.570+0900: 238.087: [GC cleanup 14G->13G(24G), 0.0255949 secs]
 [Times: user=0.28 sys=0.00, real=0.03 secs] 
2014-04-07T18:47:13.596+0900: 238.113: [GC concurrent-cleanup-start]
2014-04-07T18:47:13.597+0900: 238.114: [GC concurrent-cleanup-end, 0.0011598 secs]
2014-04-07T18:47:28.803+0900: 253.320: [GC pause (G1 Evacuation Pause) (young), 0.0265159 secs]
   [Parallel Time: 21.7 ms, GC Workers: 13]
      [GC Worker Start (ms): Min: 253320.1, Avg: 253320.4, Max: 253320.7, Diff: 0.7]
      [Ext Root Scanning (ms): Min: 0.5, Avg: 0.8, Max: 1.1, Diff: 0.6, Sum: 10.3]
      [Update RS (ms): Min: 12.4, Avg: 12.6, Max: 12.9, Diff: 0.6, Sum: 163.2]
         [Processed Buffers: Min: 17, Avg: 25.6, Max: 43, Diff: 26, Sum: 333]
      [Scan RS (ms): Min: 0.0, Avg: 0.1, Max: 0.3, Diff: 0.2, Sum: 1.3]
      [Code Root Scanning (ms): Min: 0.0, Avg: 0.0, Max: 0.0, Diff: 0.0, Sum: 0.0]
      [Object Copy (ms): Min: 6.5, Avg: 6.8, Max: 6.9, Diff: 0.4, Sum: 88.3]
      [Termination (ms): Min: 0.0, Avg: 0.0, Max: 0.0, Diff: 0.0, Sum: 0.1]
      [GC Worker Other (ms): Min: 0.0, Avg: 0.0, Max: 0.1, Diff: 0.1, Sum: 0.5]
      [GC Worker Total (ms): Min: 20.0, Avg: 20.3, Max: 20.7, Diff: 0.7, Sum: 263.7]
      [GC Worker End (ms): Min: 253340.7, Avg: 253340.7, Max: 253340.8, Diff: 0.1]
   [Code Root Fixup: 0.1 ms]
   [Code Root Migration: 0.0 ms]
   [Clear CT: 1.5 ms]
   [Other: 3.1 ms]
      [Choose CSet: 0.0 ms]
      [Ref Proc: 1.5 ms]
      [Ref Enq: 0.0 ms]
      [Free CSet: 0.6 ms]
   [Eden: 2224.0M(2224.0M)->0.0B(1152.0M) Survivors: 80.0M->64.0M Heap: 14.3G(24.0G)->12.1G(24.0G)]
 [Times: user=0.28 sys=0.00, real=0.03 secs] 
2014-04-07T18:47:29.768+0900: 254.285: [GC pause (G1 Evacuation Pause) (mixed), 0.0824668 secs]
   [Parallel Time: 71.9 ms, GC Workers: 13]
      [GC Worker Start (ms): Min: 254285.6, Avg: 254285.9, Max: 254286.1, Diff: 0.5]
      [Ext Root Scanning (ms): Min: 0.5, Avg: 0.7, Max: 1.2, Diff: 0.8, Sum: 9.2]
      [Update RS (ms): Min: 14.7, Avg: 16.3, Max: 16.7, Diff: 2.0, Sum: 212.1]
         [Processed Buffers: Min: 28, Avg: 34.9, Max: 49, Diff: 21, Sum: 454]
      [Scan RS (ms): Min: 11.6, Avg: 11.8, Max: 12.1, Diff: 0.5, Sum: 153.7]
      [Code Root Scanning (ms): Min: 0.0, Avg: 0.0, Max: 0.0, Diff: 0.0, Sum: 0.0]
      [Object Copy (ms): Min: 41.4, Avg: 41.7, Max: 43.7, Diff: 2.3, Sum: 542.7]
      [Termination (ms): Min: 0.0, Avg: 0.0, Max: 0.0, Diff: 0.0, Sum: 0.0]
      [GC Worker Other (ms): Min: 0.0, Avg: 0.0, Max: 0.1, Diff: 0.0, Sum: 0.4]
      [GC Worker Total (ms): Min: 70.4, Avg: 70.6, Max: 70.9, Diff: 0.5, Sum: 918.1]
      [GC Worker End (ms): Min: 254356.5, Avg: 254356.5, Max: 254356.6, Diff: 0.0]
   [Code Root Fixup: 0.3 ms]
   [Code Root Migration: 0.0 ms]
   [Clear CT: 4.0 ms]
   [Other: 6.2 ms]
      [Choose CSet: 0.1 ms]
      [Ref Proc: 1.5 ms]
      [Ref Enq: 0.0 ms]
      [Free CSet: 1.3 ms]
   [Eden: 1152.0M(1152.0M)->0.0B(2736.0M) Survivors: 64.0M->160.0M Heap: 13.6G(24.0G)->12.4G(24.0G)]
 [Times: user=0.97 sys=0.00, real=0.08 secs] 
2014-04-07T18:47:29.867+0900: 254.384: [GC pause (G1 Humongous Allocation) (young) (initial-mark), 0.0659756 secs]
   [Parallel Time: 61.4 ms, GC Workers: 13]
      [GC Worker Start (ms): Min: 254384.2, Avg: 254384.5, Max: 254384.7, Diff: 0.4]
      [Ext Root Scanning (ms): Min: 0.4, Avg: 0.8, Max: 3.1, Diff: 2.7, Sum: 9.9]
      [Code Root Marking (ms): Min: 0.0, Avg: 0.6, Max: 4.8, Diff: 4.8, Sum: 8.2]
      [Update RS (ms): Min: 31.7, Avg: 35.9, Max: 37.7, Diff: 6.0, Sum: 466.2]
         [Processed Buffers: Min: 18, Avg: 23.8, Max: 32, Diff: 14, Sum: 309]
      [Scan RS (ms): Min: 0.0, Avg: 0.0, Max: 0.0, Diff: 0.0, Sum: 0.1]
      [Code Root Scanning (ms): Min: 0.0, Avg: 0.0, Max: 0.0, Diff: 0.0, Sum: 0.0]
      [Object Copy (ms): Min: 22.3, Avg: 23.5, Max: 25.1, Diff: 2.8, Sum: 304.9]
      [Termination (ms): Min: 0.0, Avg: 0.0, Max: 0.0, Diff: 0.0, Sum: 0.2]
      [GC Worker Other (ms): Min: 0.0, Avg: 0.0, Max: 0.0, Diff: 0.0, Sum: 0.3]
      [GC Worker Total (ms): Min: 60.6, Avg: 60.8, Max: 61.0, Diff: 0.4, Sum: 789.9]
      [GC Worker End (ms): Min: 254445.3, Avg: 254445.3, Max: 254445.3, Diff: 0.0]
   [Code Root Fixup: 0.3 ms]
   [Code Root Migration: 0.0 ms]
   [Clear CT: 0.5 ms]
   [Other: 3.8 ms]
      [Choose CSet: 0.0 ms]
      [Ref Proc: 0.5 ms]
      [Ref Enq: 0.0 ms]
      [Free CSet: 0.1 ms]
   [Eden: 32.0M(2736.0M)->0.0B(2688.0M) Survivors: 160.0M->224.0M Heap: 12.5G(24.0G)->12.5G(24.0G)]
 [Times: user=0.79 sys=0.00, real=0.07 secs] 
2014-04-07T18:47:29.933+0900: 254.450: [GC concurrent-root-region-scan-start]
2014-04-07T18:47:29.949+0900: 254.466: [GC concurrent-root-region-scan-end, 0.0159664 secs]
2014-04-07T18:47:29.949+0900: 254.466: [GC concurrent-mark-start]
2014-04-07T18:47:31.198+0900: 255.715: [GC concurrent-mark-end, 1.2484455 secs]
2014-04-07T18:47:31.199+0900: 255.716: [GC remark 255.716: [GC ref-proc, 0.0034773 secs], 0.0252322 secs]
 [Times: user=0.20 sys=0.01, real=0.02 secs] 
2014-04-07T18:47:31.225+0900: 255.742: [GC cleanup 13G->13G(24G), 0.0243369 secs]
 [Times: user=0.28 sys=0.00, real=0.03 secs] 
2014-04-07T18:47:31.250+0900: 255.767: [GC concurrent-cleanup-start]
2014-04-07T18:47:31.250+0900: 255.767: [GC concurrent-cleanup-end, 0.0003980 secs]
2014-04-07T18:47:33.541+0900: 258.058: [GC pause (G1 Evacuation Pause) (young), 0.1173754 secs]
   [Parallel Time: 105.3 ms, GC Workers: 13]
      [GC Worker Start (ms): Min: 258058.7, Avg: 258059.0, Max: 258059.2, Diff: 0.5]
      [Ext Root Scanning (ms): Min: 0.5, Avg: 0.7, Max: 1.4, Diff: 0.9, Sum: 9.5]
      [Update RS (ms): Min: 15.4, Avg: 16.0, Max: 16.6, Diff: 1.2, Sum: 208.2]
         [Processed Buffers: Min: 33, Avg: 40.5, Max: 52, Diff: 19, Sum: 526]
      [Scan RS (ms): Min: 18.2, Avg: 18.6, Max: 18.8, Diff: 0.6, Sum: 241.5]
      [Code Root Scanning (ms): Min: 0.0, Avg: 0.0, Max: 0.0, Diff: 0.0, Sum: 0.0]
      [Object Copy (ms): Min: 68.7, Avg: 68.8, Max: 69.1, Diff: 0.5, Sum: 894.9]
      [Termination (ms): Min: 0.0, Avg: 0.0, Max: 0.0, Diff: 0.0, Sum: 0.0]
      [GC Worker Other (ms): Min: 0.0, Avg: 0.1, Max: 0.1, Diff: 0.1, Sum: 0.7]
      [GC Worker Total (ms): Min: 104.1, Avg: 104.2, Max: 104.5, Diff: 0.4, Sum: 1355.0]
      [GC Worker End (ms): Min: 258163.2, Avg: 258163.2, Max: 258163.3, Diff: 0.1]
   [Code Root Fixup: 0.2 ms]
   [Code Root Migration: 0.0 ms]
   [Clear CT: 4.1 ms]
   [Other: 7.7 ms]
      [Choose CSet: 0.0 ms]
      [Ref Proc: 1.2 ms]
      [Ref Enq: 0.0 ms]
      [Free CSet: 1.5 ms]
   [Eden: 1664.0M(1552.0M)->0.0B(992.0M) Survivors: 224.0M->224.0M Heap: 14.5G(24.0G)->13.1G(24.0G)]
 [Times: user=1.40 sys=0.00, real=0.12 secs] 
2014-04-07T18:47:34.847+0900: 259.364: [GC pause (G1 Evacuation Pause) (mixed), 0.1848361 secs]
   [Parallel Time: 168.0 ms, GC Workers: 13]
      [GC Worker Start (ms): Min: 259364.4, Avg: 259364.5, Max: 259364.8, Diff: 0.5]
      [Ext Root Scanning (ms): Min: 0.5, Avg: 0.8, Max: 1.6, Diff: 1.1, Sum: 10.9]
      [Update RS (ms): Min: 8.1, Avg: 9.2, Max: 10.5, Diff: 2.5, Sum: 119.5]
         [Processed Buffers: Min: 24, Avg: 29.0, Max: 38, Diff: 14, Sum: 377]
      [Scan RS (ms): Min: 45.1, Avg: 46.1, Max: 46.5, Diff: 1.4, Sum: 599.6]
      [Code Root Scanning (ms): Min: 0.0, Avg: 0.0, Max: 0.0, Diff: 0.0, Sum: 0.1]
      [Object Copy (ms): Min: 110.6, Avg: 110.8, Max: 111.0, Diff: 0.4, Sum: 1440.8]
      [Termination (ms): Min: 0.0, Avg: 0.0, Max: 0.0, Diff: 0.0, Sum: 0.0]
      [GC Worker Other (ms): Min: 0.0, Avg: 0.1, Max: 0.2, Diff: 0.2, Sum: 0.9]
      [GC Worker Total (ms): Min: 166.8, Avg: 167.1, Max: 167.2, Diff: 0.4, Sum: 2171.9]
      [GC Worker End (ms): Min: 259531.6, Avg: 259531.6, Max: 259531.7, Diff: 0.2]
   [Code Root Fixup: 0.3 ms]
   [Code Root Migration: 0.1 ms]
   [Clear CT: 5.1 ms]
   [Other: 11.4 ms]
      [Choose CSet: 0.4 ms]
      [Ref Proc: 0.9 ms]
      [Ref Enq: 0.0 ms]
      [Free CSet: 2.6 ms]
   [Eden: 992.0M(992.0M)->0.0B(1056.0M) Survivors: 224.0M->160.0M Heap: 14.5G(24.0G)->13.0G(24.0G)]
 [Times: user=2.24 sys=0.00, real=0.19 secs] 
2014-04-07T18:47:36.762+0900: 261.279: [GC pause (G1 Evacuation Pause) (mixed), 0.2007857 secs]
   [Parallel Time: 182.5 ms, GC Workers: 13]
      [GC Worker Start (ms): Min: 261279.6, Avg: 261279.8, Max: 261280.0, Diff: 0.3]
      [Ext Root Scanning (ms): Min: 0.6, Avg: 0.8, Max: 1.5, Diff: 0.9, Sum: 10.4]
      [Update RS (ms): Min: 14.2, Avg: 15.3, Max: 18.7, Diff: 4.4, Sum: 198.9]
         [Processed Buffers: Min: 33, Avg: 43.8, Max: 61, Diff: 28, Sum: 569]
      [Scan RS (ms): Min: 48.8, Avg: 52.3, Max: 53.0, Diff: 4.2, Sum: 679.5]
      [Code Root Scanning (ms): Min: 0.0, Avg: 0.0, Max: 0.0, Diff: 0.0, Sum: 0.1]
      [Object Copy (ms): Min: 113.5, Avg: 113.8, Max: 114.1, Diff: 0.6, Sum: 1480.0]
      [Termination (ms): Min: 0.0, Avg: 0.0, Max: 0.0, Diff: 0.0, Sum: 0.0]
      [GC Worker Other (ms): Min: 0.0, Avg: 0.0, Max: 0.0, Diff: 0.0, Sum: 0.3]
      [GC Worker Total (ms): Min: 182.1, Avg: 182.3, Max: 182.4, Diff: 0.3, Sum: 2369.3]
      [GC Worker End (ms): Min: 261462.1, Avg: 261462.1, Max: 261462.1, Diff: 0.0]
   [Code Root Fixup: 0.3 ms]
   [Code Root Migration: 0.0 ms]
   [Clear CT: 5.1 ms]
   [Other: 12.7 ms]
      [Choose CSet: 0.7 ms]
      [Ref Proc: 0.4 ms]
      [Ref Enq: 0.0 ms]
      [Free CSet: 2.6 ms]
   [Eden: 1056.0M(1056.0M)->0.0B(1056.0M) Survivors: 160.0M->160.0M Heap: 14.5G(24.0G)->13.1G(24.0G)]
 [Times: user=2.44 sys=0.00, real=0.20 secs] 
2014-04-07T18:47:38.436+0900: 262.953: [GC pause (G1 Evacuation Pause) (mixed), 0.2217271 secs]
   [Parallel Time: 202.5 ms, GC Workers: 13]
      [GC Worker Start (ms): Min: 262953.6, Avg: 262953.7, Max: 262953.9, Diff: 0.3]
      [Ext Root Scanning (ms): Min: 0.7, Avg: 0.9, Max: 1.9, Diff: 1.3, Sum: 11.7]
      [Update RS (ms): Min: 8.7, Avg: 11.9, Max: 14.7, Diff: 5.9, Sum: 155.3]
         [Processed Buffers: Min: 25, Avg: 34.0, Max: 45, Diff: 20, Sum: 442]
      [Scan RS (ms): Min: 52.8, Avg: 55.4, Max: 55.9, Diff: 3.1, Sum: 720.3]
      [Code Root Scanning (ms): Min: 0.0, Avg: 0.0, Max: 0.0, Diff: 0.0, Sum: 0.1]
      [Object Copy (ms): Min: 132.9, Avg: 133.4, Max: 136.5, Diff: 3.5, Sum: 1733.6]
      [Termination (ms): Min: 0.0, Avg: 0.0, Max: 0.0, Diff: 0.0, Sum: 0.1]
      [GC Worker Other (ms): Min: 0.0, Avg: 0.0, Max: 0.1, Diff: 0.1, Sum: 0.5]
      [GC Worker Total (ms): Min: 201.5, Avg: 201.7, Max: 201.8, Diff: 0.3, Sum: 2621.7]
      [GC Worker End (ms): Min: 263155.4, Avg: 263155.4, Max: 263155.4, Diff: 0.1]
   [Code Root Fixup: 0.4 ms]
   [Code Root Migration: 0.1 ms]
   [Clear CT: 5.2 ms]
   [Other: 13.5 ms]
      [Choose CSet: 0.7 ms]
      [Ref Proc: 0.7 ms]
      [Ref Enq: 0.0 ms]
      [Free CSet: 2.8 ms]
   [Eden: 1056.0M(1056.0M)->0.0B(1056.0M) Survivors: 160.0M->160.0M Heap: 14.5G(24.0G)->13.1G(24.0G)]
 [Times: user=2.67 sys=0.02, real=0.22 secs] 
2014-04-07T18:47:40.152+0900: 264.669: [GC pause (G1 Evacuation Pause) (mixed), 0.1774526 secs]
   [Parallel Time: 160.8 ms, GC Workers: 13]
      [GC Worker Start (ms): Min: 264669.6, Avg: 264669.9, Max: 264670.2, Diff: 0.5]
      [Ext Root Scanning (ms): Min: 0.5, Avg: 0.8, Max: 1.5, Diff: 1.0, Sum: 10.7]
      [Update RS (ms): Min: 18.5, Avg: 19.4, Max: 20.1, Diff: 1.5, Sum: 252.2]
         [Processed Buffers: Min: 37, Avg: 49.8, Max: 70, Diff: 33, Sum: 647]
      [Scan RS (ms): Min: 37.6, Avg: 38.2, Max: 38.4, Diff: 0.8, Sum: 496.1]
      [Code Root Scanning (ms): Min: 0.0, Avg: 0.0, Max: 0.0, Diff: 0.0, Sum: 0.1]
      [Object Copy (ms): Min: 100.7, Avg: 100.9, Max: 101.1, Diff: 0.4, Sum: 1311.6]
      [Termination (ms): Min: 0.0, Avg: 0.0, Max: 0.0, Diff: 0.0, Sum: 0.0]
      [GC Worker Other (ms): Min: 0.0, Avg: 0.0, Max: 0.1, Diff: 0.1, Sum: 0.6]
      [GC Worker Total (ms): Min: 159.0, Avg: 159.3, Max: 159.7, Diff: 0.6, Sum: 2071.3]
      [GC Worker End (ms): Min: 264829.2, Avg: 264829.2, Max: 264829.3, Diff: 0.1]
   [Code Root Fixup: 0.2 ms]
   [Code Root Migration: 0.1 ms]
   [Clear CT: 5.2 ms]
   [Other: 11.2 ms]
      [Choose CSet: 0.4 ms]
      [Ref Proc: 1.2 ms]
      [Ref Enq: 0.0 ms]
      [Free CSet: 2.2 ms]
   [Eden: 1056.0M(1056.0M)->0.0B(1056.0M) Survivors: 160.0M->160.0M Heap: 14.6G(24.0G)->13.5G(24.0G)]
 [Times: user=2.13 sys=0.00, real=0.18 secs] 
2014-04-07T18:47:40.338+0900: 264.855: [GC pause (G1 Humongous Allocation) (young) (initial-mark), 0.1216799 secs]
   [Parallel Time: 116.1 ms, GC Workers: 13]
      [GC Worker Start (ms): Min: 264855.0, Avg: 264855.2, Max: 264855.5, Diff: 0.5]
      [Ext Root Scanning (ms): Min: 0.4, Avg: 0.7, Max: 2.0, Diff: 1.6, Sum: 9.4]
      [Code Root Marking (ms): Min: 0.0, Avg: 0.8, Max: 6.8, Diff: 6.7, Sum: 10.0]
      [Update RS (ms): Min: 82.4, Avg: 89.1, Max: 94.1, Diff: 11.7, Sum: 1157.9]
         [Processed Buffers: Min: 50, Avg: 56.7, Max: 74, Diff: 24, Sum: 737]
      [Scan RS (ms): Min: 0.0, Avg: 0.0, Max: 0.0, Diff: 0.0, Sum: 0.1]
      [Code Root Scanning (ms): Min: 0.0, Avg: 0.0, Max: 0.0, Diff: 0.0, Sum: 0.0]
      [Object Copy (ms): Min: 20.0, Avg: 24.3, Max: 26.7, Diff: 6.7, Sum: 316.5]
      [Termination (ms): Min: 0.0, Avg: 0.0, Max: 0.0, Diff: 0.0, Sum: 0.0]
      [GC Worker Other (ms): Min: 0.0, Avg: 0.0, Max: 0.0, Diff: 0.0, Sum: 0.3]
      [GC Worker Total (ms): Min: 114.7, Avg: 114.9, Max: 115.2, Diff: 0.5, Sum: 1494.3]
      [GC Worker End (ms): Min: 264970.2, Avg: 264970.2, Max: 264970.2, Diff: 0.0]
   [Code Root Fixup: 0.3 ms]
   [Code Root Migration: 0.0 ms]
   [Clear CT: 1.0 ms]
   [Other: 4.3 ms]
      [Choose CSet: 0.0 ms]
      [Ref Proc: 1.0 ms]
      [Ref Enq: 0.0 ms]
      [Free CSet: 0.1 ms]
   [Eden: 32.0M(1056.0M)->0.0B(1104.0M) Survivors: 160.0M->112.0M Heap: 13.5G(24.0G)->13.7G(24.0G)]
 [Times: user=1.50 sys=0.00, real=0.13 secs] 
2014-04-07T18:47:40.460+0900: 264.977: [GC concurrent-root-region-scan-start]
2014-04-07T18:47:40.460+0900: 264.977: [GC concurrent-root-region-scan-end, 0.0003383 secs]
2014-04-07T18:47:40.460+0900: 264.977: [GC concurrent-mark-start]
2014-04-07T18:47:41.953+0900: 266.470: [GC concurrent-mark-end, 1.4932268 secs]
2014-04-07T18:47:41.955+0900: 266.472: [GC remark 266.473: [GC ref-proc, 0.0032067 secs], 0.0269246 secs]
 [Times: user=0.23 sys=0.00, real=0.03 secs] 
2014-04-07T18:47:41.984+0900: 266.501: [GC cleanup 14G->12G(24G), 0.0235960 secs]
 [Times: user=0.26 sys=0.00, real=0.02 secs] 
2014-04-07T18:47:42.008+0900: 266.525: [GC concurrent-cleanup-start]
2014-04-07T18:47:42.011+0900: 266.528: [GC concurrent-cleanup-end, 0.0025194 secs]
2014-04-07T18:47:42.607+0900: 267.124: [GC pause (G1 Evacuation Pause) (young), 0.0830343 secs]
   [Parallel Time: 74.9 ms, GC Workers: 13]
      [GC Worker Start (ms): Min: 267124.7, Avg: 267124.9, Max: 267125.2, Diff: 0.5]
      [Ext Root Scanning (ms): Min: 0.5, Avg: 0.8, Max: 1.6, Diff: 1.1, Sum: 10.2]
      [Update RS (ms): Min: 15.7, Avg: 16.4, Max: 16.8, Diff: 1.1, Sum: 212.7]
         [Processed Buffers: Min: 37, Avg: 48.8, Max: 61, Diff: 24, Sum: 635]
      [Scan RS (ms): Min: 7.3, Avg: 7.7, Max: 7.9, Diff: 0.6, Sum: 100.0]
      [Code Root Scanning (ms): Min: 0.0, Avg: 0.0, Max: 0.0, Diff: 0.0, Sum: 0.0]
      [Object Copy (ms): Min: 48.2, Avg: 48.5, Max: 48.8, Diff: 0.5, Sum: 630.4]
      [Termination (ms): Min: 0.0, Avg: 0.3, Max: 0.4, Diff: 0.4, Sum: 3.6]
      [GC Worker Other (ms): Min: 0.0, Avg: 0.1, Max: 0.2, Diff: 0.2, Sum: 0.7]
      [GC Worker Total (ms): Min: 73.4, Avg: 73.7, Max: 74.0, Diff: 0.7, Sum: 957.6]
      [GC Worker End (ms): Min: 267198.5, Avg: 267198.6, Max: 267198.7, Diff: 0.2]
   [Code Root Fixup: 0.3 ms]
   [Code Root Migration: 0.0 ms]
   [Clear CT: 3.3 ms]
   [Other: 4.5 ms]
      [Choose CSet: 0.0 ms]
      [Ref Proc: 1.8 ms]
      [Ref Enq: 0.0 ms]
      [Free CSet: 0.6 ms]
   [Eden: 1104.0M(1104.0M)->0.0B(1056.0M) Survivors: 112.0M->160.0M Heap: 13.0G(24.0G)->12.1G(24.0G)]
 [Times: user=1.00 sys=0.00, real=0.09 secs] 
2014-04-07T18:47:44.221+0900: 268.738: [GC pause (G1 Evacuation Pause) (mixed), 0.1501108 secs]
   [Parallel Time: 134.9 ms, GC Workers: 13]
      [GC Worker Start (ms): Min: 268738.4, Avg: 268738.7, Max: 268738.9, Diff: 0.4]
      [Ext Root Scanning (ms): Min: 0.6, Avg: 0.8, Max: 1.6, Diff: 1.0, Sum: 9.8]
      [Update RS (ms): Min: 20.2, Avg: 20.9, Max: 21.4, Diff: 1.2, Sum: 271.4]
         [Processed Buffers: Min: 33, Avg: 54.5, Max: 69, Diff: 36, Sum: 709]
      [Scan RS (ms): Min: 24.9, Avg: 25.2, Max: 25.4, Diff: 0.6, Sum: 327.9]
      [Code Root Scanning (ms): Min: 0.0, Avg: 0.0, Max: 0.0, Diff: 0.0, Sum: 0.1]
      [Object Copy (ms): Min: 86.7, Avg: 86.8, Max: 87.1, Diff: 0.4, Sum: 1128.6]
      [Termination (ms): Min: 0.0, Avg: 0.0, Max: 0.0, Diff: 0.0, Sum: 0.0]
      [GC Worker Other (ms): Min: 0.0, Avg: 0.0, Max: 0.1, Diff: 0.1, Sum: 0.4]
      [GC Worker Total (ms): Min: 133.6, Avg: 133.7, Max: 134.0, Diff: 0.4, Sum: 1738.3]
      [GC Worker End (ms): Min: 268872.4, Avg: 268872.4, Max: 268872.5, Diff: 0.1]
   [Code Root Fixup: 0.3 ms]
   [Code Root Migration: 0.1 ms]
   [Clear CT: 5.6 ms]
   [Other: 9.3 ms]
      [Choose CSet: 0.2 ms]
      [Ref Proc: 0.9 ms]
      [Ref Enq: 0.0 ms]
      [Free CSet: 2.0 ms]
   [Eden: 1056.0M(1056.0M)->0.0B(1056.0M) Survivors: 160.0M->160.0M Heap: 13.5G(24.0G)->12.4G(24.0G)]
 [Times: user=1.81 sys=0.00, real=0.15 secs] 
2014-04-07T18:47:44.382+0900: 268.899: [GC pause (G1 Humongous Allocation) (young) (initial-mark), 0.1044152 secs]
   [Parallel Time: 99.5 ms, GC Workers: 13]
      [GC Worker Start (ms): Min: 268899.0, Avg: 268899.2, Max: 268899.4, Diff: 0.5]
      [Ext Root Scanning (ms): Min: 0.5, Avg: 0.9, Max: 3.2, Diff: 2.8, Sum: 11.7]
      [Code Root Marking (ms): Min: 0.0, Avg: 0.6, Max: 4.6, Diff: 4.6, Sum: 7.7]
      [Update RS (ms): Min: 66.7, Avg: 70.8, Max: 72.9, Diff: 6.2, Sum: 920.4]
         [Processed Buffers: Min: 39, Avg: 48.1, Max: 61, Diff: 22, Sum: 625]
      [Scan RS (ms): Min: 0.0, Avg: 0.0, Max: 0.1, Diff: 0.1, Sum: 0.1]
      [Code Root Scanning (ms): Min: 0.0, Avg: 0.0, Max: 0.0, Diff: 0.0, Sum: 0.0]
      [Object Copy (ms): Min: 24.9, Avg: 26.3, Max: 26.9, Diff: 2.0, Sum: 342.4]
      [Termination (ms): Min: 0.0, Avg: 0.0, Max: 0.0, Diff: 0.0, Sum: 0.1]
      [GC Worker Other (ms): Min: 0.0, Avg: 0.0, Max: 0.1, Diff: 0.0, Sum: 0.4]
      [GC Worker Total (ms): Min: 98.5, Avg: 98.7, Max: 98.9, Diff: 0.4, Sum: 1282.6]
      [GC Worker End (ms): Min: 268997.9, Avg: 268997.9, Max: 268997.9, Diff: 0.0]
   [Code Root Fixup: 0.3 ms]
   [Code Root Migration: 0.0 ms]
   [Clear CT: 0.8 ms]
   [Other: 3.9 ms]
      [Choose CSet: 0.0 ms]
      [Ref Proc: 0.7 ms]
      [Ref Enq: 0.0 ms]
      [Free CSet: 0.1 ms]
   [Eden: 16.0M(1056.0M)->0.0B(1520.0M) Survivors: 160.0M->112.0M Heap: 12.4G(24.0G)->12.6G(24.0G)]
 [Times: user=1.27 sys=0.01, real=0.10 secs] 
2014-04-07T18:47:44.486+0900: 269.003: [GC concurrent-root-region-scan-start]
2014-04-07T18:47:44.487+0900: 269.004: [GC concurrent-root-region-scan-end, 0.0003095 secs]
2014-04-07T18:47:44.487+0900: 269.004: [GC concurrent-mark-start]
2014-04-07T18:47:46.042+0900: 270.559: [GC concurrent-mark-end, 1.5555853 secs]
2014-04-07T18:47:46.044+0900: 270.560: [GC remark 270.561: [GC ref-proc, 0.0031076 secs], 0.0270806 secs]
 [Times: user=0.24 sys=0.00, real=0.03 secs] 
2014-04-07T18:47:46.072+0900: 270.589: [GC cleanup 14G->13G(24G), 0.0225720 secs]
 [Times: user=0.26 sys=0.00, real=0.02 secs] 
2014-04-07T18:47:46.095+0900: 270.612: [GC concurrent-cleanup-start]
2014-04-07T18:47:46.096+0900: 270.613: [GC concurrent-cleanup-end, 0.0009965 secs]
2014-04-07T18:47:46.335+0900: 270.852: [GC pause (G1 Evacuation Pause) (young), 0.0847500 secs]
   [Parallel Time: 76.7 ms, GC Workers: 13]
      [GC Worker Start (ms): Min: 270852.4, Avg: 270852.6, Max: 270852.8, Diff: 0.4]
      [Ext Root Scanning (ms): Min: 0.5, Avg: 0.8, Max: 1.2, Diff: 0.7, Sum: 9.9]
      [Update RS (ms): Min: 13.4, Avg: 13.9, Max: 14.3, Diff: 0.9, Sum: 180.7]
         [Processed Buffers: Min: 33, Avg: 45.2, Max: 69, Diff: 36, Sum: 587]
      [Scan RS (ms): Min: 9.1, Avg: 9.4, Max: 9.5, Diff: 0.4, Sum: 122.7]
      [Code Root Scanning (ms): Min: 0.0, Avg: 0.0, Max: 0.0, Diff: 0.0, Sum: 0.0]
      [Object Copy (ms): Min: 51.6, Avg: 51.8, Max: 51.9, Diff: 0.2, Sum: 672.9]
      [Termination (ms): Min: 0.0, Avg: 0.0, Max: 0.0, Diff: 0.0, Sum: 0.0]
      [GC Worker Other (ms): Min: 0.0, Avg: 0.1, Max: 0.3, Diff: 0.3, Sum: 1.1]
      [GC Worker Total (ms): Min: 75.7, Avg: 76.0, Max: 76.2, Diff: 0.5, Sum: 987.4]
      [GC Worker End (ms): Min: 270928.5, Avg: 270928.5, Max: 270928.7, Diff: 0.3]
   [Code Root Fixup: 0.3 ms]
   [Code Root Migration: 0.0 ms]
   [Clear CT: 3.5 ms]
   [Other: 4.3 ms]
      [Choose CSet: 0.0 ms]
      [Ref Proc: 0.7 ms]
      [Ref Enq: 0.0 ms]
      [Free CSet: 1.0 ms]
   [Eden: 1520.0M(1520.0M)->0.0B(1008.0M) Survivors: 112.0M->208.0M Heap: 13.7G(24.0G)->12.5G(24.0G)]
 [Times: user=1.02 sys=0.01, real=0.09 secs] 
2014-04-07T18:47:48.181+0900: 272.698: [GC pause (G1 Evacuation Pause) (mixed), 0.1478067 secs]
   [Parallel Time: 133.8 ms, GC Workers: 13]
      [GC Worker Start (ms): Min: 272697.9, Avg: 272698.3, Max: 272699.3, Diff: 1.4]
      [Ext Root Scanning (ms): Min: 0.0, Avg: 0.7, Max: 1.3, Diff: 1.3, Sum: 9.7]
      [Update RS (ms): Min: 17.2, Avg: 18.9, Max: 22.0, Diff: 4.7, Sum: 246.1]
         [Processed Buffers: Min: 16, Avg: 49.2, Max: 73, Diff: 57, Sum: 639]
      [Scan RS (ms): Min: 22.3, Avg: 24.8, Max: 25.6, Diff: 3.3, Sum: 323.0]
      [Code Root Scanning (ms): Min: 0.0, Avg: 0.0, Max: 0.0, Diff: 0.0, Sum: 0.0]
      [Object Copy (ms): Min: 86.8, Avg: 87.4, Max: 88.8, Diff: 2.0, Sum: 1136.3]
      [Termination (ms): Min: 0.0, Avg: 0.2, Max: 0.2, Diff: 0.2, Sum: 2.2]
      [GC Worker Other (ms): Min: 0.0, Avg: 0.0, Max: 0.0, Diff: 0.0, Sum: 0.3]
      [GC Worker Total (ms): Min: 131.1, Avg: 132.1, Max: 132.6, Diff: 1.4, Sum: 1717.6]
      [GC Worker End (ms): Min: 272830.4, Avg: 272830.5, Max: 272830.5, Diff: 0.0]
   [Code Root Fixup: 0.2 ms]
   [Code Root Migration: 0.0 ms]
   [Clear CT: 5.3 ms]
   [Other: 8.5 ms]
      [Choose CSet: 0.1 ms]
      [Ref Proc: 0.8 ms]
      [Ref Enq: 0.0 ms]
      [Free CSet: 1.7 ms]
   [Eden: 1008.0M(1008.0M)->0.0B(2400.0M) Survivors: 208.0M->160.0M Heap: 13.8G(24.0G)->13.0G(24.0G)]
 [Times: user=1.65 sys=0.00, real=0.14 secs] 
2014-04-07T18:48:00.635+0900: 285.152: [GC pause (G1 Humongous Allocation) (young) (initial-mark), 0.0726842 secs]
   [Parallel Time: 67.3 ms, GC Workers: 13]
      [GC Worker Start (ms): Min: 285152.4, Avg: 285152.7, Max: 285152.9, Diff: 0.5]
      [Ext Root Scanning (ms): Min: 0.3, Avg: 0.5, Max: 2.0, Diff: 1.7, Sum: 7.0]
      [Code Root Marking (ms): Min: 0.0, Avg: 0.5, Max: 4.8, Diff: 4.8, Sum: 7.0]
      [Update RS (ms): Min: 35.3, Avg: 40.0, Max: 44.7, Diff: 9.4, Sum: 519.7]
         [Processed Buffers: Min: 34, Avg: 41.7, Max: 56, Diff: 22, Sum: 542]
      [Scan RS (ms): Min: 0.0, Avg: 0.1, Max: 0.3, Diff: 0.3, Sum: 1.2]
      [Code Root Scanning (ms): Min: 0.0, Avg: 0.0, Max: 0.0, Diff: 0.0, Sum: 0.0]
      [Object Copy (ms): Min: 21.3, Avg: 25.6, Max: 26.3, Diff: 4.9, Sum: 333.0]
      [Termination (ms): Min: 0.0, Avg: 0.0, Max: 0.0, Diff: 0.0, Sum: 0.1]
      [GC Worker Other (ms): Min: 0.0, Avg: 0.1, Max: 0.1, Diff: 0.1, Sum: 0.8]
      [GC Worker Total (ms): Min: 66.6, Avg: 66.8, Max: 67.1, Diff: 0.5, Sum: 868.8]
      [GC Worker End (ms): Min: 285219.5, Avg: 285219.5, Max: 285219.6, Diff: 0.1]
   [Code Root Fixup: 0.2 ms]
   [Code Root Migration: 0.0 ms]
   [Clear CT: 0.9 ms]
   [Other: 4.4 ms]
      [Choose CSet: 0.0 ms]
      [Ref Proc: 0.6 ms]
      [Ref Enq: 0.0 ms]
      [Free CSet: 0.6 ms]
   [Eden: 2272.0M(2400.0M)->0.0B(3392.0M) Survivors: 160.0M->112.0M Heap: 15.2G(24.0G)->13.1G(24.0G)]
 [Times: user=0.86 sys=0.01, real=0.07 secs] 
2014-04-07T18:48:00.708+0900: 285.225: [GC concurrent-root-region-scan-start]
2014-04-07T18:48:00.710+0900: 285.227: [GC concurrent-root-region-scan-end, 0.0016905 secs]
2014-04-07T18:48:00.710+0900: 285.227: [GC concurrent-mark-start]
2014-04-07T18:48:01.648+0900: 286.165: [GC concurrent-mark-end, 0.9384583 secs]
2014-04-07T18:48:01.649+0900: 286.166: [GC remark 286.167: [GC ref-proc, 0.0021102 secs], 0.0251973 secs]
 [Times: user=0.22 sys=0.01, real=0.03 secs] 
2014-04-07T18:48:01.676+0900: 286.193: [GC cleanup 13G->12G(24G), 0.0254231 secs]
 [Times: user=0.29 sys=0.00, real=0.02 secs] 
2014-04-07T18:48:01.702+0900: 286.219: [GC concurrent-cleanup-start]
2014-04-07T18:48:01.703+0900: 286.220: [GC concurrent-cleanup-end, 0.0012124 secs]
2014-04-07T18:48:06.750+0900: 291.267: [GC pause (G1 Evacuation Pause) (young), 0.1584776 secs]
   [Parallel Time: 147.3 ms, GC Workers: 13]
      [GC Worker Start (ms): Min: 291267.2, Avg: 291267.4, Max: 291267.6, Diff: 0.4]
      [Ext Root Scanning (ms): Min: 0.4, Avg: 0.7, Max: 1.5, Diff: 1.0, Sum: 9.5]
      [Update RS (ms): Min: 18.1, Avg: 19.1, Max: 19.4, Diff: 1.3, Sum: 248.5]
         [Processed Buffers: Min: 43, Avg: 54.8, Max: 71, Diff: 28, Sum: 712]
      [Scan RS (ms): Min: 18.3, Avg: 18.7, Max: 19.0, Diff: 0.7, Sum: 243.6]
      [Code Root Scanning (ms): Min: 0.0, Avg: 0.0, Max: 0.0, Diff: 0.0, Sum: 0.1]
      [Object Copy (ms): Min: 107.9, Avg: 108.0, Max: 108.6, Diff: 0.7, Sum: 1404.6]
      [Termination (ms): Min: 0.0, Avg: 0.0, Max: 0.0, Diff: 0.0, Sum: 0.0]
      [GC Worker Other (ms): Min: 0.0, Avg: 0.1, Max: 0.3, Diff: 0.3, Sum: 1.2]
      [GC Worker Total (ms): Min: 146.5, Avg: 146.7, Max: 147.1, Diff: 0.6, Sum: 1907.6]
      [GC Worker End (ms): Min: 291414.1, Avg: 291414.2, Max: 291414.4, Diff: 0.3]
   [Code Root Fixup: 0.2 ms]
   [Code Root Migration: 0.1 ms]
   [Clear CT: 3.6 ms]
   [Other: 7.3 ms]
      [Choose CSet: 0.0 ms]
      [Ref Proc: 0.9 ms]
      [Ref Enq: 0.0 ms]
      [Free CSet: 2.0 ms]
   [Eden: 3168.0M(2976.0M)->0.0B(816.0M) Survivors: 112.0M->400.0M Heap: 16.5G(24.0G)->14.1G(24.0G)]
 [Times: user=1.96 sys=0.00, real=0.16 secs] 
2014-04-07T18:48:08.038+0900: 292.555: [GC pause (G1 Evacuation Pause) (mixed), 0.2017276 secs]
   [Parallel Time: 183.7 ms, GC Workers: 13]
      [GC Worker Start (ms): Min: 292555.6, Avg: 292555.9, Max: 292556.1, Diff: 0.5]
      [Ext Root Scanning (ms): Min: 0.5, Avg: 0.7, Max: 1.4, Diff: 0.9, Sum: 9.5]
      [Update RS (ms): Min: 18.3, Avg: 18.9, Max: 19.2, Diff: 1.0, Sum: 245.3]
         [Processed Buffers: Min: 45, Avg: 54.7, Max: 77, Diff: 32, Sum: 711]
      [Scan RS (ms): Min: 41.8, Avg: 41.9, Max: 42.0, Diff: 0.3, Sum: 545.2]
      [Code Root Scanning (ms): Min: 0.0, Avg: 0.0, Max: 0.0, Diff: 0.0, Sum: 0.1]
      [Object Copy (ms): Min: 120.5, Avg: 120.6, Max: 120.7, Diff: 0.2, Sum: 1568.0]
      [Termination (ms): Min: 0.0, Avg: 0.0, Max: 0.0, Diff: 0.0, Sum: 0.0]
      [GC Worker Other (ms): Min: 0.0, Avg: 0.0, Max: 0.1, Diff: 0.0, Sum: 0.4]
      [GC Worker Total (ms): Min: 182.0, Avg: 182.2, Max: 182.5, Diff: 0.5, Sum: 2368.5]
      [GC Worker End (ms): Min: 292738.1, Avg: 292738.1, Max: 292738.1, Diff: 0.0]
   [Code Root Fixup: 0.3 ms]
   [Code Root Migration: 0.1 ms]
   [Clear CT: 5.6 ms]
   [Other: 12.1 ms]
      [Choose CSet: 0.4 ms]
      [Ref Proc: 1.2 ms]
      [Ref Enq: 0.0 ms]
      [Free CSet: 2.9 ms]
   [Eden: 816.0M(816.0M)->0.0B(1056.0M) Survivors: 400.0M->160.0M Heap: 15.3G(24.0G)->13.8G(24.0G)]
 [Times: user=2.45 sys=0.00, real=0.20 secs] 
2014-04-07T18:48:10.821+0900: 295.338: [GC pause (G1 Evacuation Pause) (mixed), 0.2366983 secs]
   [Parallel Time: 218.4 ms, GC Workers: 13]
      [GC Worker Start (ms): Min: 295338.9, Avg: 295339.2, Max: 295339.5, Diff: 0.6]
      [Ext Root Scanning (ms): Min: 0.4, Avg: 0.7, Max: 1.4, Diff: 0.9, Sum: 9.7]
      [Update RS (ms): Min: 14.8, Avg: 15.2, Max: 15.3, Diff: 0.5, Sum: 198.0]
         [Processed Buffers: Min: 37, Avg: 48.2, Max: 65, Diff: 28, Sum: 627]
      [Scan RS (ms): Min: 58.6, Avg: 58.8, Max: 59.1, Diff: 0.5, Sum: 765.0]
      [Code Root Scanning (ms): Min: 0.0, Avg: 0.0, Max: 0.0, Diff: 0.0, Sum: 0.1]
      [Object Copy (ms): Min: 142.0, Avg: 142.2, Max: 142.3, Diff: 0.3, Sum: 1848.6]
      [Termination (ms): Min: 0.0, Avg: 0.2, Max: 0.2, Diff: 0.2, Sum: 2.3]
      [GC Worker Other (ms): Min: 0.0, Avg: 0.0, Max: 0.1, Diff: 0.1, Sum: 0.6]
      [GC Worker Total (ms): Min: 217.0, Avg: 217.3, Max: 217.5, Diff: 0.6, Sum: 2824.3]
      [GC Worker End (ms): Min: 295556.4, Avg: 295556.4, Max: 295556.5, Diff: 0.1]
   [Code Root Fixup: 0.3 ms]
   [Code Root Migration: 0.1 ms]
   [Clear CT: 5.5 ms]
   [Other: 12.3 ms]
      [Choose CSet: 0.5 ms]
      [Ref Proc: 1.2 ms]
      [Ref Enq: 0.0 ms]
      [Free CSet: 2.8 ms]
   [Eden: 1056.0M(1056.0M)->0.0B(1056.0M) Survivors: 160.0M->160.0M Heap: 15.3G(24.0G)->13.8G(24.0G)]
 [Times: user=2.89 sys=0.00, real=0.24 secs] 
2014-04-07T18:48:13.568+0900: 298.085: [GC pause (G1 Evacuation Pause) (mixed), 0.2496528 secs]
   [Parallel Time: 230.0 ms, GC Workers: 13]
      [GC Worker Start (ms): Min: 298086.1, Avg: 298086.4, Max: 298086.6, Diff: 0.5]
      [Ext Root Scanning (ms): Min: 0.5, Avg: 0.7, Max: 1.5, Diff: 1.0, Sum: 9.2]
      [Update RS (ms): Min: 17.5, Avg: 18.4, Max: 21.3, Diff: 3.8, Sum: 239.1]
         [Processed Buffers: Min: 48, Avg: 57.0, Max: 77, Diff: 29, Sum: 741]
      [Scan RS (ms): Min: 63.9, Avg: 66.7, Max: 67.3, Diff: 3.4, Sum: 866.5]
      [Code Root Scanning (ms): Min: 0.0, Avg: 0.0, Max: 0.0, Diff: 0.0, Sum: 0.1]
      [Object Copy (ms): Min: 142.8, Avg: 143.2, Max: 143.6, Diff: 0.8, Sum: 1861.3]
      [Termination (ms): Min: 0.0, Avg: 0.0, Max: 0.0, Diff: 0.0, Sum: 0.0]
      [GC Worker Other (ms): Min: 0.0, Avg: 0.0, Max: 0.1, Diff: 0.0, Sum: 0.4]
      [GC Worker Total (ms): Min: 228.7, Avg: 229.0, Max: 229.3, Diff: 0.5, Sum: 2976.8]
      [GC Worker End (ms): Min: 298315.3, Avg: 298315.3, Max: 298315.4, Diff: 0.1]
   [Code Root Fixup: 0.4 ms]
   [Code Root Migration: 0.1 ms]
   [Clear CT: 5.7 ms]
   [Other: 13.5 ms]
      [Choose CSet: 0.7 ms]
      [Ref Proc: 1.1 ms]
      [Ref Enq: 0.0 ms]
      [Free CSet: 2.9 ms]
   [Eden: 1056.0M(1056.0M)->0.0B(1056.0M) Survivors: 160.0M->160.0M Heap: 15.3G(24.0G)->13.8G(24.0G)]
 [Times: user=3.05 sys=0.00, real=0.25 secs] 
2014-04-07T18:48:16.182+0900: 300.699: [GC pause (G1 Evacuation Pause) (mixed), 0.2712131 secs]
   [Parallel Time: 250.2 ms, GC Workers: 13]
      [GC Worker Start (ms): Min: 300700.2, Avg: 300700.5, Max: 300700.7, Diff: 0.5]
      [Ext Root Scanning (ms): Min: 0.5, Avg: 0.7, Max: 1.2, Diff: 0.8, Sum: 8.9]
      [Update RS (ms): Min: 19.7, Avg: 20.3, Max: 22.1, Diff: 2.4, Sum: 263.3]
         [Processed Buffers: Min: 45, Avg: 61.0, Max: 78, Diff: 33, Sum: 793]
      [Scan RS (ms): Min: 73.8, Avg: 75.9, Max: 76.2, Diff: 2.4, Sum: 986.1]
      [Code Root Scanning (ms): Min: 0.0, Avg: 0.0, Max: 0.2, Diff: 0.2, Sum: 0.3]
      [Object Copy (ms): Min: 152.8, Avg: 152.9, Max: 153.2, Diff: 0.4, Sum: 1988.1]
      [Termination (ms): Min: 0.0, Avg: 0.0, Max: 0.0, Diff: 0.0, Sum: 0.1]
      [GC Worker Other (ms): Min: 0.0, Avg: 0.0, Max: 0.1, Diff: 0.1, Sum: 0.6]
      [GC Worker Total (ms): Min: 249.6, Avg: 249.8, Max: 250.1, Diff: 0.5, Sum: 3247.5]
      [GC Worker End (ms): Min: 300950.2, Avg: 300950.3, Max: 300950.3, Diff: 0.1]
   [Code Root Fixup: 0.5 ms]
   [Code Root Migration: 0.5 ms]
   [Clear CT: 5.7 ms]
   [Other: 14.4 ms]
      [Choose CSet: 0.8 ms]
      [Ref Proc: 0.9 ms]
      [Ref Enq: 0.0 ms]
      [Free CSet: 3.1 ms]
   [Eden: 1056.0M(1056.0M)->0.0B(1056.0M) Survivors: 160.0M->160.0M Heap: 15.3G(24.0G)->13.9G(24.0G)]
 [Times: user=3.32 sys=0.00, real=0.27 secs] 
2014-04-07T18:48:17.784+0900: 302.301: [GC pause (G1 Evacuation Pause) (mixed), 0.1346500 secs]
   [Parallel Time: 123.2 ms, GC Workers: 13]
      [GC Worker Start (ms): Min: 302301.3, Avg: 302301.5, Max: 302301.7, Diff: 0.4]
      [Ext Root Scanning (ms): Min: 0.5, Avg: 0.8, Max: 1.3, Diff: 0.8, Sum: 9.9]
      [Update RS (ms): Min: 14.3, Avg: 14.5, Max: 15.3, Diff: 1.1, Sum: 188.2]
         [Processed Buffers: Min: 38, Avg: 44.2, Max: 61, Diff: 23, Sum: 575]
      [Scan RS (ms): Min: 31.3, Avg: 32.1, Max: 32.5, Diff: 1.2, Sum: 417.7]
      [Code Root Scanning (ms): Min: 0.0, Avg: 0.0, Max: 0.0, Diff: 0.0, Sum: 0.0]
      [Object Copy (ms): Min: 74.4, Avg: 74.5, Max: 74.6, Diff: 0.3, Sum: 968.6]
      [Termination (ms): Min: 0.0, Avg: 0.0, Max: 0.0, Diff: 0.0, Sum: 0.1]
      [GC Worker Other (ms): Min: 0.0, Avg: 0.0, Max: 0.1, Diff: 0.1, Sum: 0.4]
      [GC Worker Total (ms): Min: 121.7, Avg: 121.9, Max: 122.1, Diff: 0.5, Sum: 1585.0]
      [GC Worker End (ms): Min: 302423.4, Avg: 302423.4, Max: 302423.4, Diff: 0.1]
   [Code Root Fixup: 0.3 ms]
   [Code Root Migration: 0.0 ms]
   [Clear CT: 5.4 ms]
   [Other: 5.7 ms]
      [Choose CSet: 0.1 ms]
      [Ref Proc: 0.9 ms]
      [Ref Enq: 0.0 ms]
      [Free CSet: 0.9 ms]
   [Eden: 1056.0M(1056.0M)->0.0B(1056.0M) Survivors: 160.0M->160.0M Heap: 15.4G(24.0G)->14.6G(24.0G)]
 [Times: user=1.65 sys=0.00, real=0.14 secs] 
2014-04-07T18:48:17.958+0900: 302.475: [GC pause (G1 Humongous Allocation) (young) (initial-mark), 0.1338331 secs]
   [Parallel Time: 128.4 ms, GC Workers: 13]
      [GC Worker Start (ms): Min: 302475.8, Avg: 302476.1, Max: 302476.3, Diff: 0.5]
      [Ext Root Scanning (ms): Min: 0.4, Avg: 0.7, Max: 2.5, Diff: 2.1, Sum: 8.5]
      [Code Root Marking (ms): Min: 0.0, Avg: 0.6, Max: 4.8, Diff: 4.7, Sum: 8.2]
      [Update RS (ms): Min: 90.1, Avg: 94.6, Max: 99.9, Diff: 9.8, Sum: 1230.3]
         [Processed Buffers: Min: 36, Avg: 44.0, Max: 59, Diff: 23, Sum: 572]
      [Scan RS (ms): Min: 0.0, Avg: 0.0, Max: 0.0, Diff: 0.0, Sum: 0.1]
      [Code Root Scanning (ms): Min: 0.0, Avg: 0.0, Max: 0.0, Diff: 0.0, Sum: 0.0]
      [Object Copy (ms): Min: 26.9, Avg: 31.5, Max: 32.8, Diff: 5.9, Sum: 409.6]
      [Termination (ms): Min: 0.0, Avg: 0.0, Max: 0.0, Diff: 0.0, Sum: 0.4]
      [GC Worker Other (ms): Min: 0.0, Avg: 0.0, Max: 0.0, Diff: 0.0, Sum: 0.3]
      [GC Worker Total (ms): Min: 127.3, Avg: 127.5, Max: 127.8, Diff: 0.5, Sum: 1657.3]
      [GC Worker End (ms): Min: 302603.5, Avg: 302603.5, Max: 302603.6, Diff: 0.0]
   [Code Root Fixup: 0.3 ms]
   [Code Root Migration: 0.0 ms]
   [Clear CT: 1.3 ms]
   [Other: 3.8 ms]
      [Choose CSet: 0.0 ms]
      [Ref Proc: 1.1 ms]
      [Ref Enq: 0.0 ms]
      [Free CSet: 0.1 ms]
   [Eden: 32.0M(1056.0M)->0.0B(1168.0M) Survivors: 160.0M->48.0M Heap: 14.6G(24.0G)->14.7G(24.0G)]
 [Times: user=1.66 sys=0.00, real=0.13 secs] 
2014-04-07T18:48:18.093+0900: 302.609: [GC concurrent-root-region-scan-start]
2014-04-07T18:48:18.096+0900: 302.613: [GC concurrent-root-region-scan-end, 0.0034768 secs]
2014-04-07T18:48:18.096+0900: 302.613: [GC concurrent-mark-start]
2014-04-07T18:48:19.477+0900: 303.994: [GC concurrent-mark-end, 1.3806469 secs]
2014-04-07T18:48:19.480+0900: 303.997: [GC remark 303.998: [GC ref-proc, 0.0020383 secs], 0.0284918 secs]
 [Times: user=0.27 sys=0.00, real=0.03 secs] 
2014-04-07T18:48:19.509+0900: 304.026: [GC cleanup 16G->12G(24G), 0.0283836 secs]
 [Times: user=0.33 sys=0.00, real=0.03 secs] 
2014-04-07T18:48:19.538+0900: 304.055: [GC concurrent-cleanup-start]
2014-04-07T18:48:19.542+0900: 304.058: [GC concurrent-cleanup-end, 0.0033822 secs]
2014-04-07T18:48:19.757+0900: 304.274: [GC pause (G1 Evacuation Pause) (young), 0.0752855 secs]
   [Parallel Time: 69.5 ms, GC Workers: 13]
      [GC Worker Start (ms): Min: 304273.9, Avg: 304274.1, Max: 304274.4, Diff: 0.4]
      [Ext Root Scanning (ms): Min: 0.5, Avg: 0.7, Max: 1.4, Diff: 1.0, Sum: 9.4]
      [Update RS (ms): Min: 20.5, Avg: 21.1, Max: 23.1, Diff: 2.6, Sum: 274.9]
         [Processed Buffers: Min: 51, Avg: 63.1, Max: 85, Diff: 34, Sum: 820]
      [Scan RS (ms): Min: 3.0, Avg: 5.0, Max: 5.3, Diff: 2.3, Sum: 64.4]
      [Code Root Scanning (ms): Min: 0.0, Avg: 0.0, Max: 0.0, Diff: 0.0, Sum: 0.0]
      [Object Copy (ms): Min: 42.0, Avg: 42.1, Max: 42.2, Diff: 0.3, Sum: 547.4]
      [Termination (ms): Min: 0.0, Avg: 0.0, Max: 0.0, Diff: 0.0, Sum: 0.1]
      [GC Worker Other (ms): Min: 0.0, Avg: 0.0, Max: 0.1, Diff: 0.0, Sum: 0.4]
      [GC Worker Total (ms): Min: 68.7, Avg: 69.0, Max: 69.2, Diff: 0.5, Sum: 896.7]
      [GC Worker End (ms): Min: 304343.1, Avg: 304343.1, Max: 304343.1, Diff: 0.0]
   [Code Root Fixup: 0.3 ms]
   [Code Root Migration: 0.0 ms]
   [Clear CT: 2.4 ms]
   [Other: 3.1 ms]
      [Choose CSet: 0.0 ms]
      [Ref Proc: 1.1 ms]
      [Ref Enq: 0.0 ms]
      [Free CSet: 0.6 ms]
   [Eden: 1168.0M(1168.0M)->0.0B(1056.0M) Survivors: 48.0M->160.0M Heap: 12.7G(24.0G)->11.8G(24.0G)]
 [Times: user=0.93 sys=0.00, real=0.07 secs] 
2014-04-07T18:48:21.248+0900: 305.765: [GC pause (G1 Evacuation Pause) (mixed), 0.1500970 secs]
   [Parallel Time: 136.7 ms, GC Workers: 13]
      [GC Worker Start (ms): Min: 305765.6, Avg: 305765.8, Max: 305765.9, Diff: 0.3]
      [Ext Root Scanning (ms): Min: 0.6, Avg: 0.7, Max: 1.1, Diff: 0.5, Sum: 9.3]
      [Update RS (ms): Min: 17.2, Avg: 17.6, Max: 17.7, Diff: 0.5, Sum: 228.4]
         [Processed Buffers: Min: 43, Avg: 52.3, Max: 65, Diff: 22, Sum: 680]
      [Scan RS (ms): Min: 30.2, Avg: 30.4, Max: 30.7, Diff: 0.5, Sum: 395.8]
      [Code Root Scanning (ms): Min: 0.0, Avg: 0.0, Max: 0.0, Diff: 0.0, Sum: 0.1]
      [Object Copy (ms): Min: 86.9, Avg: 87.2, Max: 87.5, Diff: 0.6, Sum: 1133.7]
      [Termination (ms): Min: 0.0, Avg: 0.0, Max: 0.0, Diff: 0.0, Sum: 0.1]
      [GC Worker Other (ms): Min: 0.0, Avg: 0.0, Max: 0.1, Diff: 0.1, Sum: 0.5]
      [GC Worker Total (ms): Min: 135.9, Avg: 136.0, Max: 136.1, Diff: 0.3, Sum: 1768.0]
      [GC Worker End (ms): Min: 305901.7, Avg: 305901.8, Max: 305901.8, Diff: 0.1]
   [Code Root Fixup: 0.4 ms]
   [Code Root Migration: 0.1 ms]
   [Clear CT: 5.5 ms]
   [Other: 7.4 ms]
      [Choose CSet: 0.3 ms]
      [Ref Proc: 0.9 ms]
      [Ref Enq: 0.0 ms]
      [Free CSet: 1.5 ms]
   [Eden: 1056.0M(1056.0M)->0.0B(1056.0M) Survivors: 160.0M->160.0M Heap: 13.4G(24.0G)->12.2G(24.0G)]
 [Times: user=1.84 sys=0.00, real=0.15 secs] 
2014-04-07T18:48:21.415+0900: 305.932: [GC pause (G1 Humongous Allocation) (young) (initial-mark), 0.0983367 secs]
   [Parallel Time: 95.2 ms, GC Workers: 13]
      [GC Worker Start (ms): Min: 305932.7, Avg: 305932.9, Max: 305933.0, Diff: 0.4]
      [Ext Root Scanning (ms): Min: 0.4, Avg: 0.8, Max: 3.2, Diff: 2.8, Sum: 10.1]
      [Code Root Marking (ms): Min: 0.0, Avg: 0.6, Max: 4.9, Diff: 4.9, Sum: 8.3]
      [Update RS (ms): Min: 61.8, Avg: 66.1, Max: 67.5, Diff: 5.7, Sum: 859.6]
         [Processed Buffers: Min: 40, Avg: 45.9, Max: 56, Diff: 16, Sum: 597]
      [Scan RS (ms): Min: 0.0, Avg: 0.0, Max: 0.1, Diff: 0.1, Sum: 0.1]
      [Code Root Scanning (ms): Min: 0.0, Avg: 0.0, Max: 0.0, Diff: 0.0, Sum: 0.0]
      [Object Copy (ms): Min: 26.3, Avg: 27.1, Max: 27.5, Diff: 1.2, Sum: 352.8]
      [Termination (ms): Min: 0.0, Avg: 0.0, Max: 0.0, Diff: 0.0, Sum: 0.3]
      [GC Worker Other (ms): Min: 0.0, Avg: 0.0, Max: 0.0, Diff: 0.0, Sum: 0.3]
      [GC Worker Total (ms): Min: 94.6, Avg: 94.7, Max: 94.9, Diff: 0.3, Sum: 1231.5]
      [GC Worker End (ms): Min: 306027.6, Avg: 306027.6, Max: 306027.6, Diff: 0.0]
   [Code Root Fixup: 0.3 ms]
   [Code Root Migration: 0.0 ms]
   [Clear CT: 0.3 ms]
   [Other: 2.5 ms]
      [Choose CSet: 0.0 ms]
      [Ref Proc: 0.3 ms]
      [Ref Enq: 0.0 ms]
      [Free CSet: 0.1 ms]
   [Eden: 32.0M(1056.0M)->0.0B(1120.0M) Survivors: 160.0M->96.0M Heap: 12.2G(24.0G)->12.4G(24.0G)]
 [Times: user=1.22 sys=0.01, real=0.09 secs] 
2014-04-07T18:48:21.514+0900: 306.031: [GC concurrent-root-region-scan-start]
2014-04-07T18:48:21.515+0900: 306.031: [GC concurrent-root-region-scan-end, 0.0006007 secs]
2014-04-07T18:48:21.515+0900: 306.032: [GC concurrent-mark-start]
2014-04-07T18:48:23.016+0900: 307.533: [GC concurrent-mark-end, 1.5014322 secs]
2014-04-07T18:48:23.017+0900: 307.534: [GC remark 307.535: [GC ref-proc, 0.0020626 secs], 0.0328242 secs]
 [Times: user=0.31 sys=0.00, real=0.03 secs] 
2014-04-07T18:48:23.051+0900: 307.568: [GC cleanup 13G->12G(24G), 0.0289544 secs]
 [Times: user=0.32 sys=0.00, real=0.03 secs] 
2014-04-07T18:48:23.081+0900: 307.598: [GC concurrent-cleanup-start]
2014-04-07T18:48:23.082+0900: 307.599: [GC concurrent-cleanup-end, 0.0012557 secs]
2014-04-07T18:48:25.112+0900: 309.628: [GC pause (G1 Evacuation Pause) (young), 0.0711227 secs]
   [Parallel Time: 64.8 ms, GC Workers: 13]
      [GC Worker Start (ms): Min: 309628.8, Avg: 309629.0, Max: 309629.2, Diff: 0.5]
      [Ext Root Scanning (ms): Min: 0.4, Avg: 0.7, Max: 1.4, Diff: 0.9, Sum: 9.0]
      [Update RS (ms): Min: 19.1, Avg: 19.8, Max: 20.3, Diff: 1.2, Sum: 257.0]
         [Processed Buffers: Min: 49, Avg: 57.2, Max: 81, Diff: 32, Sum: 744]
      [Scan RS (ms): Min: 4.4, Avg: 4.9, Max: 5.1, Diff: 0.7, Sum: 63.3]
      [Code Root Scanning (ms): Min: 0.0, Avg: 0.0, Max: 0.0, Diff: 0.0, Sum: 0.0]
      [Object Copy (ms): Min: 38.9, Avg: 39.0, Max: 39.2, Diff: 0.3, Sum: 507.6]
      [Termination (ms): Min: 0.0, Avg: 0.0, Max: 0.0, Diff: 0.0, Sum: 0.1]
      [GC Worker Other (ms): Min: 0.0, Avg: 0.0, Max: 0.1, Diff: 0.1, Sum: 0.4]
      [GC Worker Total (ms): Min: 64.2, Avg: 64.4, Max: 64.6, Diff: 0.5, Sum: 837.5]
      [GC Worker End (ms): Min: 309693.4, Avg: 309693.4, Max: 309693.5, Diff: 0.1]
   [Code Root Fixup: 0.2 ms]
   [Code Root Migration: 0.0 ms]
   [Clear CT: 3.0 ms]
   [Other: 3.1 ms]
      [Choose CSet: 0.0 ms]
      [Ref Proc: 1.2 ms]
      [Ref Enq: 0.0 ms]
      [Free CSet: 0.6 ms]
   [Eden: 1120.0M(1120.0M)->0.0B(1056.0M) Survivors: 96.0M->160.0M Heap: 12.9G(24.0G)->12.0G(24.0G)]
 [Times: user=0.87 sys=0.00, real=0.07 secs] 
2014-04-07T18:48:27.832+0900: 312.349: [GC pause (G1 Evacuation Pause) (mixed), 0.1147742 secs]
   [Parallel Time: 106.9 ms, GC Workers: 13]
      [GC Worker Start (ms): Min: 312349.6, Avg: 312349.9, Max: 312350.1, Diff: 0.5]
      [Ext Root Scanning (ms): Min: 0.5, Avg: 0.7, Max: 1.8, Diff: 1.3, Sum: 9.7]
      [Update RS (ms): Min: 19.1, Avg: 20.1, Max: 20.4, Diff: 1.3, Sum: 261.0]
         [Processed Buffers: Min: 49, Avg: 60.5, Max: 83, Diff: 34, Sum: 787]
      [Scan RS (ms): Min: 11.7, Avg: 11.8, Max: 11.9, Diff: 0.2, Sum: 153.8]
      [Code Root Scanning (ms): Min: 0.0, Avg: 0.0, Max: 0.0, Diff: 0.0, Sum: 0.0]
      [Object Copy (ms): Min: 73.0, Avg: 73.1, Max: 73.2, Diff: 0.2, Sum: 950.7]
      [Termination (ms): Min: 0.0, Avg: 0.0, Max: 0.0, Diff: 0.0, Sum: 0.0]
      [GC Worker Other (ms): Min: 0.0, Avg: 0.0, Max: 0.1, Diff: 0.0, Sum: 0.4]
      [GC Worker Total (ms): Min: 105.6, Avg: 105.8, Max: 106.1, Diff: 0.5, Sum: 1375.7]
      [GC Worker End (ms): Min: 312455.7, Avg: 312455.7, Max: 312455.8, Diff: 0.0]
   [Code Root Fixup: 0.2 ms]
   [Code Root Migration: 0.0 ms]
   [Clear CT: 3.3 ms]
   [Other: 4.4 ms]
      [Choose CSet: 0.1 ms]
      [Ref Proc: 0.9 ms]
      [Ref Enq: 0.0 ms]
      [Free CSet: 0.9 ms]
   [Eden: 1056.0M(1056.0M)->0.0B(1856.0M) Survivors: 160.0M->160.0M Heap: 13.5G(24.0G)->12.6G(24.0G)]
 [Times: user=1.41 sys=0.00, real=0.12 secs] 
2014-04-07T18:48:27.952+0900: 312.469: [GC pause (G1 Humongous Allocation) (young) (initial-mark), 0.0608520 secs]
   [Parallel Time: 57.3 ms, GC Workers: 13]
      [GC Worker Start (ms): Min: 312469.7, Avg: 312469.9, Max: 312470.2, Diff: 0.5]
      [Ext Root Scanning (ms): Min: 0.3, Avg: 0.6, Max: 2.5, Diff: 2.2, Sum: 8.4]
      [Code Root Marking (ms): Min: 0.0, Avg: 0.7, Max: 6.9, Diff: 6.8, Sum: 9.6]
      [Update RS (ms): Min: 26.3, Avg: 32.4, Max: 34.6, Diff: 8.3, Sum: 421.2]
         [Processed Buffers: Min: 16, Avg: 25.0, Max: 42, Diff: 26, Sum: 325]
      [Scan RS (ms): Min: 0.0, Avg: 0.0, Max: 0.0, Diff: 0.0, Sum: 0.1]
      [Code Root Scanning (ms): Min: 0.0, Avg: 0.0, Max: 0.0, Diff: 0.0, Sum: 0.0]
      [Object Copy (ms): Min: 21.6, Avg: 23.0, Max: 23.6, Diff: 1.9, Sum: 299.6]
      [Termination (ms): Min: 0.0, Avg: 0.0, Max: 0.0, Diff: 0.0, Sum: 0.0]
      [GC Worker Other (ms): Min: 0.0, Avg: 0.0, Max: 0.0, Diff: 0.0, Sum: 0.3]
      [GC Worker Total (ms): Min: 56.6, Avg: 56.9, Max: 57.1, Diff: 0.5, Sum: 739.2]
      [GC Worker End (ms): Min: 312526.8, Avg: 312526.8, Max: 312526.8, Diff: 0.0]
   [Code Root Fixup: 0.3 ms]
   [Code Root Migration: 0.0 ms]
   [Clear CT: 0.7 ms]
   [Other: 2.6 ms]
      [Choose CSet: 0.0 ms]
      [Ref Proc: 0.6 ms]
      [Ref Enq: 0.0 ms]
      [Free CSet: 0.1 ms]
   [Eden: 16.0M(1856.0M)->0.0B(2704.0M) Survivors: 160.0M->48.0M Heap: 12.6G(24.0G)->12.7G(24.0G)]
 [Times: user=0.73 sys=0.01, real=0.06 secs] 
2014-04-07T18:48:28.014+0900: 312.531: [GC concurrent-root-region-scan-start]
2014-04-07T18:48:28.014+0900: 312.531: [GC concurrent-root-region-scan-end, 0.0001918 secs]
2014-04-07T18:48:28.014+0900: 312.531: [GC concurrent-mark-start]
2014-04-07T18:48:29.513+0900: 314.030: [GC concurrent-mark-end, 1.4990273 secs]
2014-04-07T18:48:29.514+0900: 314.031: [GC remark 314.032: [GC ref-proc, 0.0017903 secs], 0.0261541 secs]
 [Times: user=0.24 sys=0.00, real=0.03 secs] 
2014-04-07T18:48:29.541+0900: 314.058: [GC cleanup 13G->12G(24G), 0.0235634 secs]
 [Times: user=0.27 sys=0.00, real=0.02 secs] 
2014-04-07T18:48:29.565+0900: 314.082: [GC concurrent-cleanup-start]
2014-04-07T18:48:29.566+0900: 314.083: [GC concurrent-cleanup-end, 0.0010741 secs]
Heap
 garbage-first heap   total 25165824K, used 13771370K [0x00000001c0000000, 0x00000007c0000000, 0x00000007c0000000)
  region size 16384K, 84 young (1376256K), 3 survivors (49152K)
 Metaspace       used 37960K, capacity 38758K, committed 38960K, reserved 1083392K
  class space    used 5737K, capacity 5932K, committed 5936K, reserved 1048576K
