Java HotSpot(TM) 64-Bit Server VM (25.5-b02) for linux-amd64 JRE (1.8.0_05-b13), built on Mar 18 2014 00:29:27 by "java_re" with gcc 4.3.0 20080428 (Red Hat 4.3.0-8)
Memory: 4k page, physical 32865776k(29610404k free), swap 2047992k(2047992k free)
CommandLine flags: -XX:CMSInitiatingOccupancyFraction=30 -XX:InitialHeapSize=25769803776 -XX:MaxHeapSize=25769803776 -XX:MaxNewSize=1134141440 -XX:MaxTenuringThreshold=15 -XX:NewSize=1134141440 -XX:OldPLABSize=16 -XX:OldSize=2268282880 -XX:+ParallelRefProcEnabled -XX:+PrintGC -XX:+PrintGCDateStamps -XX:+PrintGCDetails -XX:+PrintGCTimeStamps -XX:TargetSurvivorRatio=90 -XX:ThreadStackSize=2048 -XX:+UseCompressedClassPointers -XX:+UseCompressedOops -XX:+UseConcMarkSweepGC -XX:+UseParNewGC 
2014-04-16T10:00:42.376+0900: 2.241: [GC (CMS Initial Mark) [1 CMS-initial-mark: 0K(24058304K)] 159494K(25055104K), 0.0918991 secs] [Times: user=0.23 sys=0.00, real=0.10 secs] 
2014-04-16T10:00:42.469+0900: 2.334: [CMS-concurrent-mark-start]
2014-04-16T10:00:42.476+0900: 2.341: [CMS-concurrent-mark: 0.007/0.007 secs] [Times: user=0.05 sys=0.01, real=0.00 secs] 
2014-04-16T10:00:42.476+0900: 2.341: [CMS-concurrent-preclean-start]
2014-04-16T10:00:42.587+0900: 2.452: [CMS-concurrent-preclean: 0.110/0.110 secs] [Times: user=0.56 sys=0.03, real=0.11 secs] 
2014-04-16T10:00:42.587+0900: 2.452: [CMS-concurrent-abortable-preclean-start]
 CMS: abort preclean due to time 2014-04-16T10:00:47.746+0900: 7.611: [CMS-concurrent-abortable-preclean: 3.866/5.160 secs] [Times: user=7.49 sys=0.18, real=5.16 secs] 
2014-04-16T10:00:47.747+0900: 7.612: [GC (CMS Final Remark) [YG occupancy: 372285 K (996800 K)]7.612: [Rescan (parallel) , 0.1248386 secs]7.737: [weak refs processing, 0.0100115 secs]7.747: [class unloading, 0.0251924 secs]7.772: [scrub symbol table, 0.0044401 secs]7.777: [scrub string table, 0.0010394 secs][1 CMS-remark: 0K(24058304K)] 372285K(25055104K), 0.1722507 secs] [Times: user=1.54 sys=0.01, real=0.18 secs] 
2014-04-16T10:00:47.920+0900: 7.785: [CMS-concurrent-sweep-start]
2014-04-16T10:00:47.920+0900: 7.785: [CMS-concurrent-sweep: 0.000/0.000 secs] [Times: user=0.00 sys=0.00, real=0.00 secs] 
2014-04-16T10:00:47.920+0900: 7.785: [CMS-concurrent-reset-start]
2014-04-16T10:00:48.029+0900: 7.894: [CMS-concurrent-reset: 0.109/0.109 secs] [Times: user=0.04 sys=0.07, real=0.11 secs] 
2014-04-16T10:00:48.880+0900: 8.745: [GC (Allocation Failure) 8.745: [ParNew: 886080K->20478K(996800K), 0.0743495 secs] 886080K->20478K(25055104K), 0.0744927 secs] [Times: user=0.87 sys=0.08, real=0.07 secs] 
2014-04-16T10:00:51.399+0900: 11.264: [GC (Allocation Failure) 11.264: [ParNew: 906558K->66124K(996800K), 0.1187743 secs] 906558K->66124K(25055104K), 0.1191618 secs] [Times: user=1.39 sys=0.04, real=0.12 secs] 
2014-04-16T10:00:52.839+0900: 12.704: [GC (Allocation Failure) 12.704: [ParNew: 952204K->110720K(996800K), 0.4168836 secs] 952204K->216087K(25055104K), 0.4172797 secs] [Times: user=2.62 sys=0.22, real=0.42 secs] 
2014-04-16T10:00:54.257+0900: 14.122: [GC (Allocation Failure) 14.122: [ParNew: 996800K->110720K(996800K), 0.4155597 secs] 1102167K->419283K(25055104K), 0.4159552 secs] [Times: user=2.82 sys=0.21, real=0.42 secs] 
2014-04-16T10:00:55.673+0900: 15.539: [GC (Allocation Failure) 15.539: [ParNew: 996800K->110720K(996800K), 0.2445266 secs] 1305363K->532061K(25055104K), 0.2448847 secs] [Times: user=1.98 sys=0.10, real=0.24 secs] 
2014-04-16T10:00:56.640+0900: 16.505: [GC (Allocation Failure) 16.505: [ParNew: 996800K->110720K(996800K), 0.2616933 secs] 1418141K->651607K(25055104K), 0.2620452 secs] [Times: user=1.75 sys=0.12, real=0.27 secs] 
2014-04-16T10:00:57.555+0900: 17.420: [GC (Allocation Failure) 17.420: [ParNew: 996800K->110720K(996800K), 0.2385634 secs] 1537687K->772880K(25055104K), 0.2389174 secs] [Times: user=1.40 sys=0.12, real=0.24 secs] 
2014-04-16T10:00:58.482+0900: 18.347: [GC (Allocation Failure) 18.347: [ParNew: 996800K->110720K(996800K), 0.2448986 secs] 1658960K->898507K(25055104K), 0.2452531 secs] [Times: user=1.44 sys=0.14, real=0.24 secs] 
2014-04-16T10:00:59.443+0900: 19.308: [GC (Allocation Failure) 19.308: [ParNew: 996800K->110720K(996800K), 0.2746405 secs] 1784587K->1027024K(25055104K), 0.2750170 secs] [Times: user=1.70 sys=0.14, real=0.27 secs] 
2014-04-16T10:01:00.366+0900: 20.231: [GC (Allocation Failure) 20.231: [ParNew: 996800K->110720K(996800K), 0.2872798 secs] 1913104K->1166414K(25055104K), 0.2876397 secs] [Times: user=1.68 sys=0.14, real=0.29 secs] 
2014-04-16T10:01:01.343+0900: 21.209: [GC (Allocation Failure) 21.209: [ParNew: 996800K->110720K(996800K), 0.2649416 secs] 2052494K->1292674K(25055104K), 0.2653024 secs] [Times: user=1.60 sys=0.15, real=0.26 secs] 
2014-04-16T10:01:02.259+0900: 22.124: [GC (Allocation Failure) 22.124: [ParNew: 996800K->110720K(996800K), 0.2753036 secs] 2178754K->1420401K(25055104K), 0.2756668 secs] [Times: user=1.70 sys=0.13, real=0.28 secs] 
2014-04-16T10:01:03.189+0900: 23.055: [GC (Allocation Failure) 23.055: [ParNew: 996800K->110720K(996800K), 0.2785870 secs] 2306481K->1546783K(25055104K), 0.2789478 secs] [Times: user=1.75 sys=0.16, real=0.28 secs] 
2014-04-16T10:01:04.141+0900: 24.006: [GC (Allocation Failure) 24.006: [ParNew: 996800K->110720K(996800K), 0.2804571 secs] 2432863K->1690733K(25055104K), 0.2808229 secs] [Times: user=1.64 sys=0.16, real=0.29 secs] 
2014-04-16T10:01:05.094+0900: 24.959: [GC (Allocation Failure) 24.959: [ParNew: 996800K->110720K(996800K), 0.2636872 secs] 2576813K->1814354K(25055104K), 0.2640585 secs] [Times: user=1.64 sys=0.16, real=0.26 secs] 
2014-04-16T10:01:06.019+0900: 25.885: [GC (Allocation Failure) 25.885: [ParNew: 996800K->110720K(996800K), 0.2774884 secs] 2700434K->1948041K(25055104K), 0.2778561 secs] [Times: user=1.61 sys=0.15, real=0.28 secs] 
2014-04-16T10:01:06.958+0900: 26.823: [GC (Allocation Failure) 26.823: [ParNew: 996800K->110720K(996800K), 0.2680597 secs] 2834121K->2077145K(25055104K), 0.2684215 secs] [Times: user=1.63 sys=0.16, real=0.27 secs] 
2014-04-16T10:01:07.892+0900: 27.757: [GC (Allocation Failure) 27.757: [ParNew: 996800K->110720K(996800K), 0.2944564 secs] 2963225K->2216590K(25055104K), 0.2948248 secs] [Times: user=1.75 sys=0.14, real=0.29 secs] 
2014-04-16T10:01:08.841+0900: 28.706: [GC (Allocation Failure) 28.706: [ParNew: 996800K->110720K(996800K), 0.2493609 secs] 3102670K->2344439K(25055104K), 0.2497378 secs] [Times: user=1.38 sys=0.14, real=0.25 secs] 
2014-04-16T10:01:09.754+0900: 29.619: [GC (Allocation Failure) 29.619: [ParNew: 996800K->110720K(996800K), 0.2518217 secs] 3230519K->2476030K(25055104K), 0.2521852 secs] [Times: user=1.35 sys=0.15, real=0.25 secs] 
2014-04-16T10:01:10.649+0900: 30.515: [GC (Allocation Failure) 30.515: [ParNew: 996800K->110720K(996800K), 0.2652473 secs] 3362110K->2616006K(25055104K), 0.2656094 secs] [Times: user=1.37 sys=0.17, real=0.27 secs] 
2014-04-16T10:01:11.581+0900: 31.446: [GC (Allocation Failure) 31.446: [ParNew: 996800K->110720K(996800K), 0.2752989 secs] 3502086K->2749574K(25055104K), 0.2756672 secs] [Times: user=1.58 sys=0.17, real=0.28 secs] 
2014-04-16T10:01:12.528+0900: 32.393: [GC (Allocation Failure) 32.393: [ParNew: 996800K->110720K(996800K), 0.2792265 secs] 3635654K->2884211K(25055104K), 0.2795864 secs] [Times: user=1.59 sys=0.16, real=0.28 secs] 
2014-04-16T10:01:13.478+0900: 33.343: [GC (Allocation Failure) 33.343: [ParNew: 996800K->110720K(996800K), 0.2867857 secs] 3770291K->3026615K(25055104K), 0.2871567 secs] [Times: user=1.68 sys=0.17, real=0.29 secs] 
2014-04-16T10:01:14.436+0900: 34.301: [GC (Allocation Failure) 34.301: [ParNew: 996800K->110720K(996800K), 0.2760839 secs] 3912695K->3157027K(25055104K), 0.2764577 secs] [Times: user=1.80 sys=0.13, real=0.28 secs] 
2014-04-16T10:01:15.383+0900: 35.248: [GC (Allocation Failure) 35.249: [ParNew: 996800K->110720K(996800K), 0.2949147 secs] 4043107K->3296212K(25055104K), 0.2952993 secs] [Times: user=1.86 sys=0.17, real=0.29 secs] 
2014-04-16T10:01:16.327+0900: 36.192: [GC (Allocation Failure) 36.193: [ParNew: 996800K->110720K(996800K), 0.2653419 secs] 4182292K->3425294K(25055104K), 0.2657215 secs] [Times: user=1.85 sys=0.14, real=0.26 secs] 
2014-04-16T10:01:17.262+0900: 37.127: [GC (Allocation Failure) 37.128: [ParNew: 996800K->110720K(996800K), 0.2534022 secs] 4311374K->3554848K(25055104K), 0.2537890 secs] [Times: user=1.44 sys=0.13, real=0.26 secs] 
2014-04-16T10:01:18.175+0900: 38.040: [GC (Allocation Failure) 38.040: [ParNew: 996800K->110720K(996800K), 0.2801620 secs] 4440928K->3694936K(25055104K), 0.2805270 secs] [Times: user=1.65 sys=0.15, real=0.28 secs] 
2014-04-16T10:01:19.145+0900: 39.010: [GC (Allocation Failure) 39.010: [ParNew: 996800K->110720K(996800K), 0.2547889 secs] 4581016K->3826136K(25055104K), 0.2551541 secs] [Times: user=1.35 sys=0.16, real=0.25 secs] 
2014-04-16T10:01:20.063+0900: 39.928: [GC (Allocation Failure) 39.928: [ParNew: 996800K->110720K(996800K), 0.2702119 secs] 4712216K->3959183K(25055104K), 0.2705918 secs] [Times: user=1.51 sys=0.16, real=0.28 secs] 
2014-04-16T10:01:20.991+0900: 40.857: [GC (Allocation Failure) 40.857: [ParNew: 996800K->110720K(996800K), 0.2686690 secs] 4845263K->4091684K(25055104K), 0.2690421 secs] [Times: user=1.54 sys=0.15, real=0.27 secs] 
2014-04-16T10:01:21.930+0900: 41.795: [GC (Allocation Failure) 41.795: [ParNew: 996800K->110720K(996800K), 0.2585383 secs] 4977764K->4231341K(25055104K), 0.2589029 secs] [Times: user=1.37 sys=0.17, real=0.26 secs] 
2014-04-16T10:01:22.851+0900: 42.716: [GC (Allocation Failure) 42.716: [ParNew: 996800K->110720K(996800K), 0.2601689 secs] 5117421K->4366172K(25055104K), 0.2605426 secs] [Times: user=1.37 sys=0.17, real=0.26 secs] 
2014-04-16T10:01:23.783+0900: 43.648: [GC (Allocation Failure) 43.648: [ParNew: 996800K->110720K(996800K), 0.2540721 secs] 5252252K->4503817K(25055104K), 0.2544375 secs] [Times: user=1.35 sys=0.16, real=0.26 secs] 
2014-04-16T10:01:24.681+0900: 44.546: [GC (Allocation Failure) 44.546: [ParNew: 996800K->110720K(996800K), 0.2782041 secs] 5389897K->4643939K(25055104K), 0.2785709 secs] [Times: user=1.62 sys=0.14, real=0.28 secs] 
2014-04-16T10:01:25.624+0900: 45.489: [GC (Allocation Failure) 45.489: [ParNew: 996800K->110720K(996800K), 0.2743875 secs] 5530019K->4777660K(25055104K), 0.2747728 secs] [Times: user=1.55 sys=0.14, real=0.28 secs] 
2014-04-16T10:01:26.557+0900: 46.422: [GC (Allocation Failure) 46.423: [ParNew: 996800K->110720K(996800K), 0.2667131 secs] 5663740K->4908100K(25055104K), 0.2671000 secs] [Times: user=1.55 sys=0.15, real=0.26 secs] 
2014-04-16T10:01:27.481+0900: 47.346: [GC (Allocation Failure) 47.347: [ParNew: 996800K->110720K(996800K), 0.2731500 secs] 5794180K->5040927K(25055104K), 0.2735290 secs] [Times: user=1.59 sys=0.14, real=0.28 secs] 
2014-04-16T10:01:28.412+0900: 48.277: [GC (Allocation Failure) 48.277: [ParNew: 996800K->110720K(996800K), 0.2746500 secs] 5927007K->5179891K(25055104K), 0.2750179 secs] [Times: user=1.56 sys=0.17, real=0.28 secs] 
2014-04-16T10:01:29.336+0900: 49.201: [GC (Allocation Failure) 49.201: [ParNew: 996800K->110720K(996800K), 0.2750178 secs] 6065971K->5315935K(25055104K), 0.2753969 secs] [Times: user=1.62 sys=0.16, real=0.27 secs] 
2014-04-16T10:01:30.282+0900: 50.147: [GC (Allocation Failure) 50.147: [ParNew: 996800K->110720K(996800K), 0.2497232 secs] 6202015K->5448446K(25055104K), 0.2500935 secs] [Times: user=1.36 sys=0.14, real=0.25 secs] 
2014-04-16T10:01:31.184+0900: 51.050: [GC (Allocation Failure) 51.050: [ParNew: 996800K->110720K(996800K), 0.2752685 secs] 6334526K->5589173K(25055104K), 0.2756424 secs] [Times: user=1.62 sys=0.14, real=0.28 secs] 
2014-04-16T10:01:32.136+0900: 52.001: [GC (Allocation Failure) 52.001: [ParNew: 996800K->110720K(996800K), 0.2976861 secs] 6475253K->5740548K(25055104K), 0.2980715 secs] [Times: user=1.79 sys=0.19, real=0.29 secs] 
2014-04-16T10:01:33.103+0900: 52.968: [GC (Allocation Failure) 52.968: [ParNew: 996800K->110720K(996800K), 0.2618006 secs] 6626628K->5869930K(25055104K), 0.2621734 secs] [Times: user=1.70 sys=0.14, real=0.26 secs] 
2014-04-16T10:01:34.039+0900: 53.904: [GC (Allocation Failure) 53.904: [ParNew: 996800K->110720K(996800K), 0.2366757 secs] 6756010K->6000923K(25055104K), 0.2370474 secs] [Times: user=1.60 sys=0.13, real=0.24 secs] 
2014-04-16T10:01:34.935+0900: 54.801: [GC (Allocation Failure) 54.801: [ParNew: 996800K->110720K(996800K), 0.2844453 secs] 6887003K->6138356K(25055104K), 0.2848171 secs] [Times: user=1.60 sys=0.13, real=0.28 secs] 
2014-04-16T10:01:35.895+0900: 55.760: [GC (Allocation Failure) 55.760: [ParNew: 996800K->110720K(996800K), 0.2643083 secs] 7024436K->6266776K(25055104K), 0.2646797 secs] [Times: user=1.51 sys=0.16, real=0.27 secs] 
2014-04-16T10:01:36.828+0900: 56.693: [GC (Allocation Failure) 56.693: [ParNew: 996800K->110720K(996800K), 0.2705296 secs] 7152856K->6396466K(25055104K), 0.2709033 secs] [Times: user=1.46 sys=0.16, real=0.27 secs] 
2014-04-16T10:01:37.758+0900: 57.623: [GC (Allocation Failure) 57.623: [ParNew: 996800K->110720K(996800K), 0.2518302 secs] 7282546K->6524705K(25055104K), 0.2522099 secs] [Times: user=1.41 sys=0.14, real=0.25 secs] 
2014-04-16T10:01:38.660+0900: 58.526: [GC (Allocation Failure) 58.526: [ParNew: 996800K->110720K(996800K), 0.2753963 secs] 7410785K->6661868K(25055104K), 0.2757672 secs] [Times: user=1.53 sys=0.15, real=0.27 secs] 
2014-04-16T10:01:39.601+0900: 59.467: [GC (Allocation Failure) 59.467: [ParNew: 996800K->110720K(996800K), 0.2616870 secs] 7547948K->6789637K(25055104K), 0.2620583 secs] [Times: user=1.46 sys=0.16, real=0.26 secs] 
2014-04-16T10:01:40.521+0900: 60.386: [GC (Allocation Failure) 60.386: [ParNew: 996800K->110720K(996800K), 0.2578824 secs] 7675717K->6916547K(25055104K), 0.2582515 secs] [Times: user=1.47 sys=0.13, real=0.26 secs] 
2014-04-16T10:01:41.434+0900: 61.299: [GC (Allocation Failure) 61.299: [ParNew: 996800K->110720K(996800K), 0.2774217 secs] 7802627K->7058966K(25055104K), 0.2777844 secs] [Times: user=1.55 sys=0.16, real=0.28 secs] 
2014-04-16T10:01:42.376+0900: 62.241: [GC (Allocation Failure) 62.241: [ParNew: 996800K->110720K(996800K), 0.2583084 secs] 7945046K->7191319K(25055104K), 0.2586891 secs] [Times: user=1.40 sys=0.14, real=0.26 secs] 
2014-04-16T10:01:43.301+0900: 63.167: [GC (Allocation Failure) 63.167: [ParNew: 996800K->110720K(996800K), 0.2559676 secs] 8077399K->7320776K(25055104K), 0.2563361 secs] [Times: user=1.51 sys=0.16, real=0.26 secs] 
2014-04-16T10:01:44.232+0900: 64.097: [GC (Allocation Failure) 64.097: [ParNew: 996789K->110720K(996800K), 0.2648950 secs] 8206845K->7448963K(25055104K), 0.2652658 secs] [Times: user=1.47 sys=0.14, real=0.26 secs] 
2014-04-16T10:01:44.498+0900: 64.363: [GC (CMS Initial Mark) [1 CMS-initial-mark: 7338243K(24058304K)] 7449113K(25055104K), 0.0080583 secs] [Times: user=0.06 sys=0.00, real=0.00 secs] 
2014-04-16T10:01:44.507+0900: 64.372: [CMS-concurrent-mark-start]
2014-04-16T10:01:45.405+0900: 65.270: [GC (Allocation Failure) 65.270: [ParNew: 996758K->110720K(996800K), 0.2753015 secs] 8335002K->7581341K(25055104K), 0.2756735 secs] [Times: user=1.54 sys=0.15, real=0.28 secs] 
2014-04-16T10:01:45.745+0900: 65.610: [CMS-concurrent-mark: 0.961/1.238 secs] [Times: user=10.91 sys=2.20, real=1.24 secs] 
2014-04-16T10:01:45.745+0900: 65.610: [CMS-concurrent-preclean-start]
2014-04-16T10:01:46.441+0900: 66.306: [CMS-concurrent-preclean: 0.662/0.696 secs] [Times: user=5.34 sys=1.75, real=0.70 secs] 
2014-04-16T10:01:46.443+0900: 66.308: [GC (Allocation Failure) 66.308: [ParNew: 996800K->110720K(996800K), 0.2808372 secs] 8467421K->7712162K(25055104K), 0.2811934 secs] [Times: user=1.63 sys=0.16, real=0.28 secs] 
2014-04-16T10:01:46.725+0900: 66.591: [GC (CMS Final Remark) [YG occupancy: 110818 K (996800 K)]66.591: [Rescan (parallel) , 0.0401018 secs]66.631: [weak refs processing, 0.0516532 secs]66.683: [class unloading, 0.0507462 secs]66.733: [scrub symbol table, 0.0044815 secs]66.738: [scrub string table, 0.0012121 secs][1 CMS-remark: 7601442K(24058304K)] 7712260K(25055104K), 0.1638503 secs] [Times: user=0.83 sys=0.00, real=0.17 secs] 
2014-04-16T10:01:46.890+0900: 66.755: [CMS-concurrent-sweep-start]
2014-04-16T10:01:47.654+0900: 67.519: [GC (Allocation Failure) 67.519: [ParNew: 996800K->110720K(996800K), 0.2021647 secs] 8092054K->7339535K(25055104K), 0.2025397 secs] [Times: user=1.51 sys=0.08, real=0.20 secs] 
2014-04-16T10:01:48.551+0900: 68.416: [GC (Allocation Failure) 68.416: [ParNew: 996800K->110720K(996800K), 0.1924735 secs] 7776620K->7018654K(25055104K), 0.1928668 secs] [Times: user=1.43 sys=0.09, real=0.19 secs] 
2014-04-16T10:01:49.478+0900: 69.343: [GC (Allocation Failure) 69.343: [ParNew: 996800K->110720K(996800K), 0.1806239 secs] 7449696K->6688625K(25055104K), 0.1809920 secs] [Times: user=1.44 sys=0.06, real=0.19 secs] 
2014-04-16T10:01:50.383+0900: 70.249: [GC (Allocation Failure) 70.249: [ParNew: 996800K->110720K(996800K), 0.1797580 secs] 7094374K->6344023K(25055104K), 0.1801406 secs] [Times: user=1.36 sys=0.08, real=0.18 secs] 
2014-04-16T10:01:51.262+0900: 71.127: [GC (Allocation Failure) 71.127: [ParNew: 996800K->110720K(996800K), 0.2098774 secs] 6792093K->6031765K(25055104K), 0.2102487 secs] [Times: user=1.48 sys=0.09, real=0.21 secs] 
2014-04-16T10:01:52.069+0900: 71.934: [CMS-concurrent-sweep: 4.204/5.179 secs] [Times: user=42.12 sys=11.24, real=5.18 secs] 
2014-04-16T10:01:52.069+0900: 71.934: [CMS-concurrent-reset-start]
2014-04-16T10:01:52.164+0900: 72.029: [CMS-concurrent-reset: 0.095/0.095 secs] [Times: user=0.79 sys=0.21, real=0.09 secs] 
2014-04-16T10:01:52.199+0900: 72.064: [GC (Allocation Failure) 72.064: [ParNew: 996800K->110720K(996800K), 0.2367217 secs] 6640644K->5882861K(25055104K), 0.2370869 secs] [Times: user=1.47 sys=0.12, real=0.23 secs] 
2014-04-16T10:01:53.117+0900: 72.982: [GC (Allocation Failure) 72.982: [ParNew: 996800K->110720K(996800K), 0.2715117 secs] 6768941K->6013891K(25055104K), 0.2718908 secs] [Times: user=1.61 sys=0.15, real=0.28 secs] 
2014-04-16T10:01:54.046+0900: 73.911: [GC (Allocation Failure) 73.911: [ParNew: 996799K->110720K(996800K), 0.2791197 secs] 6899971K->6153596K(25055104K), 0.2794878 secs] [Times: user=1.68 sys=0.13, real=0.28 secs] 
2014-04-16T10:01:54.998+0900: 74.863: [GC (Allocation Failure) 74.863: [ParNew: 996800K->110720K(996800K), 0.2671547 secs] 7039676K->6283405K(25055104K), 0.2675231 secs] [Times: user=1.64 sys=0.12, real=0.27 secs] 
2014-04-16T10:01:55.920+0900: 75.785: [GC (Allocation Failure) 75.785: [ParNew: 996800K->110720K(996800K), 0.2598729 secs] 7169485K->6411734K(25055104K), 0.2602389 secs] [Times: user=1.54 sys=0.14, real=0.26 secs] 
2014-04-16T10:01:56.848+0900: 76.714: [GC (Allocation Failure) 76.714: [ParNew: 996800K->110720K(996800K), 0.2684107 secs] 7297814K->6539604K(25055104K), 0.2687774 secs] [Times: user=1.53 sys=0.13, real=0.27 secs] 
2014-04-16T10:01:57.811+0900: 77.677: [GC (Allocation Failure) 77.677: [ParNew: 996800K->110720K(996800K), 0.2817485 secs] 7425684K->6677645K(25055104K), 0.2821153 secs] [Times: user=1.53 sys=0.15, real=0.28 secs] 
2014-04-16T10:01:58.751+0900: 78.616: [GC (Allocation Failure) 78.617: [ParNew: 996800K->110720K(996800K), 0.2726134 secs] 7563725K->6803643K(25055104K), 0.2729855 secs] [Times: user=1.49 sys=0.13, real=0.27 secs] 
2014-04-16T10:01:59.697+0900: 79.562: [GC (Allocation Failure) 79.562: [ParNew: 996800K->110720K(996800K), 0.2766078 secs] 7689723K->6934243K(25055104K), 0.2769744 secs] [Times: user=1.55 sys=0.14, real=0.28 secs] 
2014-04-16T10:02:00.645+0900: 80.511: [GC (Allocation Failure) 80.511: [ParNew: 996800K->110720K(996800K), 0.2769289 secs] 7820323K->7062824K(25055104K), 0.2772903 secs] [Times: user=1.57 sys=0.17, real=0.28 secs] 
2014-04-16T10:02:01.591+0900: 81.456: [GC (Allocation Failure) 81.456: [ParNew: 996800K->110720K(996800K), 0.2754514 secs] 7948904K->7201007K(25055104K), 0.2758306 secs] [Times: user=1.52 sys=0.15, real=0.27 secs] 
2014-04-16T10:02:02.535+0900: 82.401: [GC (Allocation Failure) 82.401: [ParNew: 996800K->110720K(996800K), 0.2667719 secs] 8087087K->7329222K(25055104K), 0.2671379 secs] [Times: user=1.52 sys=0.14, real=0.27 secs] 
2014-04-16T10:02:02.804+0900: 82.669: [GC (CMS Initial Mark) [1 CMS-initial-mark: 7218502K(24058304K)] 7329298K(25055104K), 0.0064570 secs] [Times: user=0.06 sys=0.00, real=0.01 secs] 
2014-04-16T10:02:02.811+0900: 82.676: [CMS-concurrent-mark-start]
2014-04-16T10:02:03.755+0900: 83.621: [GC (Allocation Failure) 83.621: [ParNew: 996800K->110720K(996800K), 0.3168955 secs] 8215302K->7463108K(25055104K), 0.3172731 secs] [Times: user=1.56 sys=0.17, real=0.32 secs] 
2014-04-16T10:02:04.219+0900: 84.084: [CMS-concurrent-mark: 1.089/1.408 secs] [Times: user=11.93 sys=2.31, real=1.40 secs] 
2014-04-16T10:02:04.219+0900: 84.084: [CMS-concurrent-preclean-start]
2014-04-16T10:02:04.912+0900: 84.777: [CMS-concurrent-preclean: 0.655/0.692 secs] [Times: user=5.05 sys=1.55, real=0.70 secs] 
2014-04-16T10:02:04.913+0900: 84.778: [GC (Allocation Failure) 84.778: [ParNew: 996800K->110720K(996800K), 0.3196879 secs] 8349188K->7596526K(25055104K), 0.3200379 secs] [Times: user=1.55 sys=0.16, real=0.32 secs] 
2014-04-16T10:02:05.235+0900: 85.100: [GC (CMS Final Remark) [YG occupancy: 110919 K (996800 K)]85.100: [Rescan (parallel) , 0.0429359 secs]85.143: [weak refs processing, 0.0092505 secs]85.152: [class unloading, 0.0394676 secs]85.192: [scrub symbol table, 0.0043853 secs]85.196: [scrub string table, 0.0011869 secs][1 CMS-remark: 7485806K(24058304K)] 7596726K(25055104K), 0.1049461 secs] [Times: user=0.65 sys=0.00, real=0.10 secs] 
2014-04-16T10:02:05.340+0900: 85.205: [CMS-concurrent-sweep-start]
2014-04-16T10:02:06.059+0900: 85.924: [GC (Allocation Failure) 85.924: [ParNew: 996800K->110720K(996800K), 0.2340526 secs] 8202785K->7454010K(25055104K), 0.2344183 secs] [Times: user=1.62 sys=0.10, real=0.24 secs] 
2014-04-16T10:02:07.008+0900: 86.874: [GC (Allocation Failure) 86.874: [ParNew: 996800K->110720K(996800K), 0.2027488 secs] 8132431K->7374762K(25055104K), 0.2031148 secs] [Times: user=1.34 sys=0.10, real=0.21 secs] 
2014-04-16T10:02:07.916+0900: 87.781: [GC (Allocation Failure) 87.782: [ParNew: 996800K->110720K(996800K), 0.2151609 secs] 8133055K->7374525K(25055104K), 0.2155337 secs] [Times: user=1.45 sys=0.12, real=0.22 secs] 
2014-04-16T10:02:08.710+0900: 88.575: [CMS-concurrent-sweep: 2.711/3.370 secs] [Times: user=26.85 sys=7.60, real=3.37 secs] 
2014-04-16T10:02:08.710+0900: 88.575: [CMS-concurrent-reset-start]
2014-04-16T10:02:08.807+0900: 88.672: [CMS-concurrent-reset: 0.097/0.097 secs] [Times: user=0.81 sys=0.25, real=0.10 secs] 
2014-04-16T10:02:08.840+0900: 88.706: [GC (Allocation Failure) 88.706: [ParNew: 996800K->110720K(996800K), 0.2231103 secs] 7968170K->7219646K(25055104K), 0.2234773 secs] [Times: user=1.48 sys=0.11, real=0.23 secs] 
2014-04-16T10:02:09.770+0900: 89.635: [GC (Allocation Failure) 89.636: [ParNew: 996800K->110720K(996800K), 0.2745395 secs] 8105726K->7353527K(25055104K), 0.2749114 secs] [Times: user=1.59 sys=0.13, real=0.28 secs] 
2014-04-16T10:02:10.047+0900: 89.912: [GC (CMS Initial Mark) [1 CMS-initial-mark: 7242807K(24058304K)] 7353630K(25055104K), 0.0069541 secs] [Times: user=0.06 sys=0.00, real=0.01 secs] 
2014-04-16T10:02:10.054+0900: 89.919: [CMS-concurrent-mark-start]
2014-04-16T10:02:10.802+0900: 90.667: [CMS-concurrent-mark: 0.748/0.748 secs] [Times: user=7.81 sys=1.46, real=0.75 secs] 
2014-04-16T10:02:10.802+0900: 90.667: [CMS-concurrent-preclean-start]
2014-04-16T10:02:10.932+0900: 90.797: [GC (Allocation Failure) 90.797: [ParNew: 996799K->110720K(996800K), 0.3732332 secs] 8239606K->7528475K(25055104K), 0.3736102 secs] [Times: user=2.39 sys=0.17, real=0.37 secs] 
2014-04-16T10:02:11.493+0900: 91.358: [CMS-concurrent-preclean: 0.315/0.691 secs] [Times: user=5.04 sys=1.02, real=0.69 secs] 
2014-04-16T10:02:11.493+0900: 91.358: [CMS-concurrent-abortable-preclean-start]
2014-04-16T10:02:12.022+0900: 91.887: [GC (Allocation Failure) 91.887: [ParNew: 996800K->110720K(996800K), 0.2531906 secs] 8414555K->7656720K(25055104K), 0.2535605 secs] [Times: user=1.66 sys=0.11, real=0.25 secs] 
2014-04-16T10:02:12.987+0900: 92.852: [GC (Allocation Failure) 92.852: [ParNew: 996800K->110720K(996800K), 0.3176411 secs] 8542800K->7786792K(25055104K), 0.3180117 secs] [Times: user=1.56 sys=0.17, real=0.32 secs] 
2014-04-16T10:02:14.012+0900: 93.877: [GC (Allocation Failure) 93.877: [ParNew: 996800K->110720K(996800K), 0.3209228 secs] 8672872K->7917304K(25055104K), 0.3212981 secs] [Times: user=1.55 sys=0.17, real=0.33 secs] 
2014-04-16T10:02:15.038+0900: 94.903: [GC (Allocation Failure) 94.903: [ParNew: 996798K->110720K(996800K), 0.3189072 secs] 8803382K->8044815K(25055104K), 0.3192971 secs] [Times: user=1.58 sys=0.16, real=0.32 secs] 
2014-04-16T10:02:16.061+0900: 95.926: [CMS-concurrent-abortable-preclean: 3.212/4.568 secs] [Times: user=33.90 sys=9.46, real=4.56 secs] 
2014-04-16T10:02:16.063+0900: 95.928: [GC (CMS Final Remark) [YG occupancy: 994343 K (996800 K)]95.928: [Rescan (parallel) , 0.1017983 secs]96.030: [weak refs processing, 0.0057165 secs]96.035: [class unloading, 0.0394274 secs]96.075: [scrub symbol table, 0.0043877 secs]96.079: [scrub string table, 0.0011928 secs][1 CMS-remark: 7934095K(24058304K)] 8928439K(25055104K), 0.1599222 secs] [Times: user=1.40 sys=0.00, real=0.16 secs] 
2014-04-16T10:02:16.223+0900: 96.088: [CMS-concurrent-sweep-start]
2014-04-16T10:02:16.226+0900: 96.091: [GC (Allocation Failure) 96.091: [ParNew: 996800K->110720K(996800K), 0.3198499 secs] 8930604K->8173565K(25055104K), 0.3201903 secs] [Times: user=1.56 sys=0.16, real=0.32 secs] 
2014-04-16T10:02:17.268+0900: 97.133: [GC (Allocation Failure) 97.133: [ParNew: 996800K->110720K(996800K), 0.2620203 secs] 8977140K->8221289K(25055104K), 0.2623941 secs] [Times: user=1.56 sys=0.13, real=0.26 secs] 
2014-04-16T10:02:18.236+0900: 98.101: [GC (Allocation Failure) 98.102: [ParNew: 996800K->110720K(996800K), 0.2903595 secs] 8979884K->8222286K(25055104K), 0.2907324 secs] [Times: user=1.57 sys=0.14, real=0.29 secs] 
2014-04-16T10:02:19.238+0900: 99.103: [GC (Allocation Failure) 99.104: [ParNew: 996800K->110720K(996800K), 0.2910441 secs] 9054418K->8299454K(25055104K), 0.2914290 secs] [Times: user=1.52 sys=0.14, real=0.29 secs] 
2014-04-16T10:02:19.904+0900: 99.770: [CMS-concurrent-sweep: 2.506/3.682 secs] [Times: user=26.89 sys=7.30, real=3.68 secs] 
2014-04-16T10:02:19.905+0900: 99.770: [CMS-concurrent-reset-start]
2014-04-16T10:02:20.002+0900: 99.868: [CMS-concurrent-reset: 0.098/0.098 secs] [Times: user=0.80 sys=0.25, real=0.10 secs] 
2014-04-16T10:02:20.227+0900: 100.092: [GC (Allocation Failure) 100.092: [ParNew: 996800K->110720K(996800K), 0.2600960 secs] 9115954K->8359317K(25055104K), 0.2604673 secs] [Times: user=1.49 sys=0.13, real=0.26 secs] 
2014-04-16T10:02:20.489+0900: 100.354: [GC (CMS Initial Mark) [1 CMS-initial-mark: 8248597K(24058304K)] 8359405K(25055104K), 0.0122943 secs] [Times: user=0.09 sys=0.00, real=0.01 secs] 
2014-04-16T10:02:20.501+0900: 100.366: [CMS-concurrent-mark-start]
2014-04-16T10:02:21.390+0900: 101.256: [GC (Allocation Failure) 101.256: [ParNew: 996800K->110720K(996800K), 0.3185167 secs] 9245397K->8489273K(25055104K), 0.3188855 secs] [Times: user=1.54 sys=0.18, real=0.32 secs] 
2014-04-16T10:02:22.493+0900: 102.358: [CMS-concurrent-mark: 1.671/1.992 secs] [Times: user=17.70 sys=3.76, real=1.99 secs] 
2014-04-16T10:02:22.493+0900: 102.358: [CMS-concurrent-preclean-start]
2014-04-16T10:02:22.570+0900: 102.436: [GC (Allocation Failure) 102.436: [ParNew: 996800K->110720K(996800K), 0.3033831 secs] 9375353K->8617625K(25055104K), 0.3037548 secs] [Times: user=1.34 sys=0.17, real=0.31 secs] 
2014-04-16T10:02:23.557+0900: 103.422: [CMS-concurrent-preclean: 0.701/1.064 secs] [Times: user=7.61 sys=2.14, real=1.06 secs] 
2014-04-16T10:02:23.557+0900: 103.422: [CMS-concurrent-abortable-preclean-start]
2014-04-16T10:02:23.585+0900: 103.450: [GC (Allocation Failure) 103.450: [ParNew: 996800K->110720K(996800K), 0.3151570 secs] 9503705K->8744524K(25055104K), 0.3155289 secs] [Times: user=1.52 sys=0.17, real=0.31 secs] 
2014-04-16T10:02:24.350+0900: 104.215: [CMS-concurrent-abortable-preclean: 0.445/0.793 secs] [Times: user=5.58 sys=1.43, real=0.79 secs] 
2014-04-16T10:02:24.352+0900: 104.217: [GC (CMS Final Remark) [YG occupancy: 692451 K (996800 K)]104.217: [Rescan (parallel) , 0.0734629 secs]104.291: [weak refs processing, 0.0022926 secs]104.293: [class unloading, 0.0416734 secs]104.335: [scrub symbol table, 0.0049495 secs]104.339: [scrub string table, 0.0013803 secs][1 CMS-remark: 8633804K(24058304K)] 9326256K(25055104K), 0.1307604 secs] [Times: user=1.01 sys=0.00, real=0.13 secs] 
2014-04-16T10:02:24.483+0900: 104.348: [CMS-concurrent-sweep-start]
2014-04-16T10:02:24.724+0900: 104.590: [GC (Allocation Failure) 104.590: [ParNew: 996800K->110720K(996800K), 0.3087531 secs] 9605795K->8851908K(25055104K), 0.3091493 secs] [Times: user=1.56 sys=0.17, real=0.31 secs] 
2014-04-16T10:02:25.746+0900: 105.611: [GC (Allocation Failure) 105.612: [ParNew: 996800K->110720K(996800K), 0.2754400 secs] 9675193K->8920379K(25055104K), 0.2758112 secs] [Times: user=1.54 sys=0.14, real=0.27 secs] 
2014-04-16T10:02:26.723+0900: 106.588: [GC (Allocation Failure) 106.588: [ParNew: 996789K->110720K(996800K), 0.2746024 secs] 9711062K->8952809K(25055104K), 0.2749725 secs] [Times: user=1.54 sys=0.16, real=0.28 secs] 
2014-04-16T10:02:27.718+0900: 107.583: [GC (Allocation Failure) 107.583: [ParNew: 996800K->110720K(996800K), 0.2576299 secs] 9713767K->8956597K(25055104K), 0.2579936 secs] [Times: user=1.54 sys=0.11, real=0.26 secs] 
2014-04-16T10:02:28.157+0900: 108.023: [CMS-concurrent-sweep: 2.550/3.674 secs] [Times: user=27.36 sys=7.39, real=3.68 secs] 
2014-04-16T10:02:28.158+0900: 108.023: [CMS-concurrent-reset-start]
2014-04-16T10:02:28.255+0900: 108.120: [CMS-concurrent-reset: 0.098/0.098 secs] [Times: user=0.83 sys=0.25, real=0.10 secs] 
2014-04-16T10:02:28.768+0900: 108.633: [GC (Allocation Failure) 108.634: [ParNew: 996800K->110720K(996800K), 0.1761705 secs] 9628645K->8856041K(25055104K), 0.1765358 secs] [Times: user=1.31 sys=0.07, real=0.18 secs] 
2014-04-16T10:02:28.946+0900: 108.811: [GC (CMS Initial Mark) [1 CMS-initial-mark: 8745321K(24058304K)] 8856139K(25055104K), 0.0088262 secs] [Times: user=0.06 sys=0.00, real=0.01 secs] 
2014-04-16T10:02:28.955+0900: 108.820: [CMS-concurrent-mark-start]
2014-04-16T10:02:29.928+0900: 109.793: [GC (Allocation Failure) 109.794: [ParNew: 996800K->110720K(996800K), 0.2154191 secs] 9742121K->8953064K(25055104K), 0.2157921 secs] [Times: user=1.12 sys=0.12, real=0.21 secs] 
2014-04-16T10:02:30.968+0900: 110.833: [CMS-concurrent-mark: 1.795/2.012 secs] [Times: user=18.25 sys=4.08, real=2.01 secs] 
2014-04-16T10:02:30.968+0900: 110.833: [CMS-concurrent-preclean-start]
2014-04-16T10:02:31.106+0900: 110.971: [GC (Allocation Failure) 110.971: [ParNew: 996800K->110720K(996800K), 0.2282792 secs] 9839144K->9031685K(25055104K), 0.2286568 secs] [Times: user=1.07 sys=0.12, real=0.23 secs] 
2014-04-16T10:02:31.856+0900: 111.721: [CMS-concurrent-preclean: 0.611/0.888 secs] [Times: user=6.33 sys=1.90, real=0.89 secs] 
2014-04-16T10:02:31.856+0900: 111.721: [CMS-concurrent-abortable-preclean-start]
2014-04-16T10:02:32.132+0900: 111.997: [GC (Allocation Failure) 111.997: [ParNew: 996781K->110720K(996800K), 0.2448805 secs] 9917746K->9126422K(25055104K), 0.2452476 secs] [Times: user=1.16 sys=0.14, real=0.25 secs] 
2014-04-16T10:02:32.790+0900: 112.655: [CMS-concurrent-abortable-preclean: 0.658/0.934 secs] [Times: user=6.74 sys=1.91, real=0.93 secs] 
2014-04-16T10:02:32.792+0900: 112.657: [GC (CMS Final Remark) [YG occupancy: 580897 K (996800 K)]112.657: [Rescan (parallel) , 0.0617321 secs]112.719: [weak refs processing, 0.0023715 secs]112.721: [class unloading, 0.0396650 secs]112.761: [scrub symbol table, 0.0043854 secs]112.765: [scrub string table, 0.0011913 secs][1 CMS-remark: 9015702K(24058304K)] 9596599K(25055104K), 0.1163925 secs] [Times: user=0.86 sys=0.00, real=0.12 secs] 
2014-04-16T10:02:32.909+0900: 112.774: [CMS-concurrent-sweep-start]
2014-04-16T10:02:33.339+0900: 113.204: [GC (Allocation Failure) 113.204: [ParNew: 996800K->110720K(996800K), 0.1700273 secs] 9974113K->9152116K(25055104K), 0.1704072 secs] [Times: user=1.03 sys=0.08, real=0.17 secs] 
2014-04-16T10:02:33.937+0900: 113.803: [GC (Allocation Failure) 113.803: [ParNew: 996800K->110502K(996800K), 0.1366570 secs] 10010947K->9179717K(25055104K), 0.1369990 secs] [Times: user=0.85 sys=0.05, real=0.14 secs] 
2014-04-16T10:02:34.477+0900: 114.342: [GC (Allocation Failure) 114.342: [ParNew: 996582K->72002K(996800K), 0.0449584 secs] 10060563K->9135983K(25055104K), 0.0452934 secs] [Times: user=0.61 sys=0.00, real=0.04 secs] 
2014-04-16T10:02:34.862+0900: 114.727: [GC (Allocation Failure) 114.727: [ParNew: 958082K->110720K(996800K), 0.2280986 secs] 10013555K->9362491K(25055104K), 0.2284953 secs] [Times: user=1.14 sys=0.14, real=0.23 secs] 
2014-04-16T10:02:35.675+0900: 115.541: [GC (Allocation Failure) 115.541: [ParNew: 996800K->110720K(996800K), 0.2514456 secs] 10234855K->9570697K(25055104K), 0.2517796 secs] [Times: user=1.72 sys=0.12, real=0.25 secs] 
2014-04-16T10:02:36.367+0900: 116.232: [GC (Allocation Failure) 116.232: [ParNew: 995659K->110720K(996800K), 0.2256005 secs] 10424137K->9708197K(25055104K), 0.2259228 secs] [Times: user=1.37 sys=0.14, real=0.22 secs] 
2014-04-16T10:02:36.691+0900: 116.556: [CMS-concurrent-sweep: 2.689/3.782 secs] [Times: user=33.14 sys=1.53, real=3.78 secs] 
2014-04-16T10:02:36.691+0900: 116.556: [CMS-concurrent-reset-start]
2014-04-16T10:02:36.794+0900: 116.659: [CMS-concurrent-reset: 0.103/0.103 secs] [Times: user=0.62 sys=0.02, real=0.10 secs] 
2014-04-16T10:02:37.123+0900: 116.988: [GC (Allocation Failure) 116.988: [ParNew: 991713K->110720K(996800K), 0.1758779 secs] 10339226K->9631082K(25055104K), 0.1762236 secs] [Times: user=1.22 sys=0.08, real=0.18 secs] 
2014-04-16T10:02:37.302+0900: 117.167: [GC (CMS Initial Mark) [1 CMS-initial-mark: 9520362K(24058304K)] 9641243K(25055104K), 0.0038008 secs] [Times: user=0.04 sys=0.00, real=0.01 secs] 
2014-04-16T10:02:37.306+0900: 117.171: [CMS-concurrent-mark-start]
2014-04-16T10:02:37.688+0900: 117.553: [GC (Allocation Failure) 117.553: [ParNew: 993328K->110720K(996800K), 0.1755086 secs] 10513691K->9750990K(25055104K), 0.1758647 secs] [Times: user=1.09 sys=0.10, real=0.17 secs] 
2014-04-16T10:02:38.345+0900: 118.210: [GC (Allocation Failure) 118.210: [ParNew: 995144K->110720K(996800K), 0.2527234 secs] 10635415K->9916802K(25055104K), 0.2530680 secs] [Times: user=1.20 sys=0.16, real=0.26 secs] 
2014-04-16T10:02:39.101+0900: 118.966: [GC (Allocation Failure) 118.966: [ParNew: 991783K->110720K(996800K), 0.3477238 secs] 10797865K->10106146K(25055104K), 0.3480672 secs] [Times: user=1.29 sys=0.22, real=0.35 secs] 
2014-04-16T10:02:39.772+0900: 119.637: [CMS-concurrent-mark: 1.681/2.466 secs] [Times: user=17.48 sys=0.86, real=2.46 secs] 
2014-04-16T10:02:39.772+0900: 119.638: [CMS-concurrent-preclean-start]
2014-04-16T10:02:39.968+0900: 119.833: [GC (Allocation Failure) 119.833: [ParNew: 993704K->110720K(996800K), 0.2522252 secs] 10989130K->10257533K(25055104K), 0.2525841 secs] [Times: user=1.14 sys=0.14, real=0.25 secs] 
2014-04-16T10:02:40.816+0900: 120.681: [CMS-concurrent-preclean: 0.701/1.043 secs] [Times: user=3.33 sys=0.24, real=1.05 secs] 
2014-04-16T10:02:40.816+0900: 120.681: [CMS-concurrent-abortable-preclean-start]
2014-04-16T10:02:41.213+0900: 121.078: [CMS-concurrent-abortable-preclean: 0.395/0.397 secs] [Times: user=1.16 sys=0.04, real=0.39 secs] 
2014-04-16T10:02:41.214+0900: 121.080: [GC (Allocation Failure) 121.080: [ParNew: 996800K->110720K(996800K), 0.3294287 secs] 11143613K->10444978K(25055104K), 0.3297733 secs] [Times: user=1.21 sys=0.21, real=0.33 secs] 
2014-04-16T10:02:41.546+0900: 121.411: [GC (CMS Final Remark) [YG occupancy: 111383 K (996800 K)]121.411: [Rescan (parallel) , 0.0352264 secs]121.446: [weak refs processing, 0.0026387 secs]121.449: [class unloading, 0.0589222 secs]121.508: [scrub symbol table, 0.0049255 secs]121.513: [scrub string table, 0.0013902 secs][1 CMS-remark: 10334258K(24058304K)] 10445641K(25055104K), 0.1105465 secs] [Times: user=0.54 sys=0.00, real=0.11 secs] 
2014-04-16T10:02:41.657+0900: 121.522: [CMS-concurrent-sweep-start]
2014-04-16T10:02:42.839+0900: 122.704: [GC (Allocation Failure) 122.704: [ParNew: 996800K->110720K(996800K), 0.1085310 secs] 10662192K->9905287K(25055104K), 0.1088747 secs] [Times: user=1.03 sys=0.04, real=0.11 secs] 
2014-04-16T10:02:43.473+0900: 123.338: [GC (Allocation Failure) 123.338: [ParNew: 996800K->110720K(996800K), 0.0774199 secs] 9973820K->9151168K(25055104K), 0.0777664 secs] [Times: user=0.73 sys=0.03, real=0.08 secs] 
2014-04-16T10:02:43.571+0900: 123.436: [CMS-concurrent-sweep: 1.722/1.914 secs] [Times: user=7.12 sys=0.17, real=1.91 secs] 
2014-04-16T10:02:43.571+0900: 123.436: [CMS-concurrent-reset-start]
2014-04-16T10:02:43.660+0900: 123.525: [CMS-concurrent-reset: 0.089/0.089 secs] [Times: user=0.58 sys=0.00, real=0.09 secs] 
2014-04-16T10:02:44.877+0900: 124.742: [GC (Allocation Failure) 124.742: [ParNew: 996800K->110720K(996800K), 0.0585998 secs] 10037248K->9151168K(25055104K), 0.0589451 secs] [Times: user=0.60 sys=0.00, real=0.05 secs] 
2014-04-16T10:02:44.938+0900: 124.803: [GC (CMS Initial Mark) [1 CMS-initial-mark: 9040448K(24058304K)] 9158041K(25055104K), 0.0033038 secs] [Times: user=0.03 sys=0.00, real=0.00 secs] 
2014-04-16T10:02:44.942+0900: 124.807: [CMS-concurrent-mark-start]
2014-04-16T10:02:45.314+0900: 125.179: [GC (Allocation Failure) 125.180: [ParNew: 996800K->90818K(996800K), 0.0506021 secs] 10037248K->9131267K(25055104K), 0.0509271 secs] [Times: user=0.59 sys=0.00, real=0.05 secs] 
2014-04-16T10:02:45.726+0900: 125.592: [GC (Allocation Failure) 125.592: [ParNew: 976896K->110720K(996800K), 0.0714246 secs] 10017345K->9267810K(25055104K), 0.0717355 secs] [Times: user=0.83 sys=0.01, real=0.07 secs] 
2014-04-16T10:02:46.342+0900: 126.208: [GC (Allocation Failure) 126.208: [ParNew: 992292K->110720K(996800K), 0.1029520 secs] 10149383K->9392688K(25055104K), 0.1032576 secs] [Times: user=0.98 sys=0.02, real=0.10 secs] 
2014-04-16T10:02:46.622+0900: 126.488: [CMS-concurrent-mark: 1.445/1.681 secs] [Times: user=14.71 sys=0.31, real=1.68 secs] 
2014-04-16T10:02:46.623+0900: 126.488: [CMS-concurrent-preclean-start]
2014-04-16T10:02:46.889+0900: 126.754: [GC (Allocation Failure) 126.755: [ParNew: 996800K->110720K(996800K), 0.1174842 secs] 10278768K->9549367K(25055104K), 0.1178228 secs] [Times: user=1.11 sys=0.03, real=0.12 secs] 
2014-04-16T10:02:47.087+0900: 126.952: [CMS-concurrent-preclean: 0.316/0.464 secs] [Times: user=2.87 sys=0.08, real=0.47 secs] 
2014-04-16T10:02:47.087+0900: 126.952: [CMS-concurrent-abortable-preclean-start]
2014-04-16T10:02:47.514+0900: 127.379: [GC (Allocation Failure) 127.380: [ParNew: 996791K->110720K(996800K), 0.1051294 secs] 10435439K->9700154K(25055104K), 0.1054510 secs] [Times: user=1.01 sys=0.03, real=0.11 secs] 
2014-04-16T10:02:47.620+0900: 127.485: [CMS-concurrent-abortable-preclean: 0.400/0.533 secs] [Times: user=3.03 sys=0.15, real=0.53 secs] 
2014-04-16T10:02:47.621+0900: 127.486: [GC (CMS Final Remark) [YG occupancy: 112851 K (996800 K)]127.486: [Rescan (parallel) , 0.0285437 secs]127.515: [weak refs processing, 0.0021025 secs]127.517: [class unloading, 0.0458369 secs]127.563: [scrub symbol table, 0.0049466 secs]127.568: [scrub string table, 0.0013814 secs][1 CMS-remark: 9589434K(24058304K)] 9702286K(25055104K), 0.0902147 secs] [Times: user=0.43 sys=0.00, real=0.09 secs] 
2014-04-16T10:02:47.712+0900: 127.577: [CMS-concurrent-sweep-start]
2014-04-16T10:02:48.200+0900: 128.065: [GC (Allocation Failure) 128.065: [ParNew: 996800K->110720K(996800K), 0.1231339 secs] 10249321K->9576854K(25055104K), 0.1234582 secs] [Times: user=1.13 sys=0.06, real=0.12 secs] 
2014-04-16T10:02:48.933+0900: 128.798: [GC (Allocation Failure) 128.798: [ParNew: 996800K->110720K(996800K), 0.1001015 secs] 10081486K->9372178K(25055104K), 0.1004385 secs] [Times: user=1.03 sys=0.04, real=0.10 secs] 
2014-04-16T10:02:49.409+0900: 129.274: [GC (Allocation Failure) 129.274: [ParNew: 994321K->110720K(996800K), 0.1043316 secs] 10063961K->9357133K(25055104K), 0.1046595 secs] [Times: user=1.05 sys=0.03, real=0.10 secs] 
2014-04-16T10:02:49.818+0900: 129.683: [CMS-concurrent-sweep: 1.768/2.106 secs] [Times: user=11.73 sys=0.49, real=2.11 secs] 
2014-04-16T10:02:49.818+0900: 129.683: [CMS-concurrent-reset-start]
2014-04-16T10:02:49.863+0900: 129.728: [GC (Allocation Failure) 129.728: [ParNew: 992693K->110720K(996800K), 0.1071808 secs] 9487855K->8781088K(25055104K), 0.1075169 secs] [Times: user=1.06 sys=0.04, real=0.11 secs] 
2014-04-16T10:02:50.036+0900: 129.901: [CMS-concurrent-reset: 0.109/0.218 secs] [Times: user=1.79 sys=0.07, real=0.21 secs] 
2014-04-16T10:02:50.332+0900: 130.197: [GC (Allocation Failure) 130.197: [ParNew: 996800K->110720K(996800K), 0.1093937 secs] 9667168K->8964391K(25055104K), 0.1097272 secs] [Times: user=1.08 sys=0.04, real=0.11 secs] 
2014-04-16T10:02:50.443+0900: 130.308: [GC (CMS Initial Mark) [1 CMS-initial-mark: 8853671K(24058304K)] 8965009K(25055104K), 0.0050900 secs] [Times: user=0.04 sys=0.00, real=0.01 secs] 
2014-04-16T10:02:50.448+0900: 130.313: [CMS-concurrent-mark-start]
2014-04-16T10:02:50.922+0900: 130.788: [GC (Allocation Failure) 130.788: [ParNew: 996794K->110720K(996800K), 0.1177729 secs] 9850465K->9124021K(25055104K), 0.1181018 secs] [Times: user=1.10 sys=0.05, real=0.12 secs] 
2014-04-16T10:02:51.652+0900: 131.518: [GC (Allocation Failure) 131.518: [ParNew: 995337K->110720K(996800K), 0.1080020 secs] 10008639K->9263158K(25055104K), 0.1083296 secs] [Times: user=1.05 sys=0.03, real=0.11 secs] 
2014-04-16T10:02:52.437+0900: 132.302: [CMS-concurrent-mark: 1.758/1.989 secs] [Times: user=13.93 sys=0.47, real=1.99 secs] 
2014-04-16T10:02:52.437+0900: 132.303: [CMS-concurrent-preclean-start]
2014-04-16T10:02:52.551+0900: 132.416: [GC (Allocation Failure) 132.416: [ParNew: 996778K->110720K(996800K), 0.1085780 secs] 10149217K->9376003K(25055104K), 0.1089011 secs] [Times: user=1.02 sys=0.04, real=0.11 secs] 
2014-04-16T10:02:53.177+0900: 133.042: [CMS-concurrent-preclean: 0.568/0.740 secs] [Times: user=2.30 sys=0.09, real=0.73 secs] 
2014-04-16T10:02:53.177+0900: 133.042: [CMS-concurrent-abortable-preclean-start]
2014-04-16T10:02:53.450+0900: 133.315: [CMS-concurrent-abortable-preclean: 0.272/0.273 secs] [Times: user=0.56 sys=0.02, real=0.28 secs] 
2014-04-16T10:02:53.452+0900: 133.317: [GC (CMS Final Remark) [YG occupancy: 578026 K (996800 K)]133.317: [Rescan (parallel) , 0.0380289 secs]133.355: [weak refs processing, 0.0090604 secs]133.364: [class unloading, 0.0434179 secs]133.407: [scrub symbol table, 0.0049419 secs]133.412: [scrub string table, 0.0013897 secs][1 CMS-remark: 9265283K(24058304K)] 9843309K(25055104K), 0.1050471 secs] [Times: user=0.56 sys=0.01, real=0.10 secs] 
2014-04-16T10:02:53.558+0900: 133.423: [CMS-concurrent-sweep-start]
2014-04-16T10:02:53.795+0900: 133.661: [GC (Allocation Failure) 133.661: [ParNew: 996800K->110720K(996800K), 0.1179350 secs] 10253994K->9448992K(25055104K), 0.1182583 secs] [Times: user=0.87 sys=0.05, real=0.12 secs] 
2014-04-16T10:02:54.308+0900: 134.174: [GC (Allocation Failure) 134.174: [ParNew: 996800K->110720K(996800K), 0.0675357 secs] 10301352K->9445434K(25055104K), 0.0678591 secs] [Times: user=0.67 sys=0.01, real=0.06 secs] 
2014-04-16T10:02:54.750+0900: 134.615: [GC (Allocation Failure) 134.615: [ParNew: 996800K->87242K(996800K), 0.0491987 secs] 10313995K->9404437K(25055104K), 0.0495024 secs] [Times: user=0.56 sys=0.01, real=0.05 secs] 
2014-04-16T10:02:55.079+0900: 134.945: [CMS-concurrent-sweep: 1.270/1.522 secs] [Times: user=9.49 sys=0.07, real=1.52 secs] 
2014-04-16T10:02:55.080+0900: 134.945: [CMS-concurrent-reset-start]
2014-04-16T10:02:55.180+0900: 135.046: [GC (Allocation Failure) 135.046: [ParNew: 966269K->110720K(996800K), 0.0562322 secs] 9801117K->8977866K(25055104K), 0.0565336 secs] [Times: user=0.65 sys=0.01, real=0.05 secs] 
2014-04-16T10:02:55.250+0900: 135.115: [CMS-concurrent-reset: 0.112/0.170 secs] [Times: user=1.31 sys=0.05, real=0.17 secs] 
2014-04-16T10:02:55.595+0900: 135.460: [GC (Allocation Failure) 135.460: [ParNew: 996800K->110720K(996800K), 0.1692228 secs] 9863946K->9120705K(25055104K), 0.1695339 secs] [Times: user=1.04 sys=0.09, real=0.17 secs] 
2014-04-16T10:02:55.766+0900: 135.631: [GC (CMS Initial Mark) [1 CMS-initial-mark: 9009985K(24058304K)] 9123264K(25055104K), 0.0035727 secs] [Times: user=0.03 sys=0.00, real=0.01 secs] 
2014-04-16T10:02:55.770+0900: 135.635: [CMS-concurrent-mark-start]
2014-04-16T10:02:56.764+0900: 136.629: [GC (Allocation Failure) 136.629: [ParNew: 996800K->110720K(996800K), 0.1770834 secs] 10006785K->9295471K(25055104K), 0.1773836 secs] [Times: user=1.10 sys=0.10, real=0.18 secs] 
2014-04-16T10:02:57.467+0900: 137.332: [GC (Allocation Failure) 137.332: [ParNew: 994573K->110720K(996800K), 0.2038381 secs] 10179324K->9453165K(25055104K), 0.2041353 secs] [Times: user=1.11 sys=0.13, real=0.21 secs] 
2014-04-16T10:02:58.033+0900: 137.898: [CMS-concurrent-mark: 1.876/2.264 secs] [Times: user=13.79 sys=0.67, real=2.26 secs] 
2014-04-16T10:02:58.033+0900: 137.899: [CMS-concurrent-preclean-start]
2014-04-16T10:02:58.340+0900: 138.205: [GC (Allocation Failure) 138.205: [ParNew: 996800K->110720K(996800K), 0.1868833 secs] 10339245K->9629658K(25055104K), 0.1871853 secs] [Times: user=1.18 sys=0.09, real=0.18 secs] 
2014-04-16T10:02:59.077+0900: 138.942: [CMS-concurrent-preclean: 0.770/1.044 secs] [Times: user=4.60 sys=0.25, real=1.04 secs] 
2014-04-16T10:02:59.078+0900: 138.944: [GC (Allocation Failure) 138.944: [ParNew: 996800K->110720K(996800K), 0.2392802 secs] 10515738K->9811807K(25055104K), 0.2395726 secs] [Times: user=1.20 sys=0.11, real=0.24 secs] 
2014-04-16T10:02:59.319+0900: 139.184: [GC (CMS Final Remark) [YG occupancy: 110864 K (996800 K)]139.184: [Rescan (parallel) , 0.0448954 secs]139.229: [weak refs processing, 0.0024529 secs]139.232: [class unloading, 0.0435464 secs]139.275: [scrub symbol table, 0.0049426 secs]139.280: [scrub string table, 0.0013881 secs][1 CMS-remark: 9701087K(24058304K)] 9811951K(25055104K), 0.1044250 secs] [Times: user=0.65 sys=0.00, real=0.10 secs] 
2014-04-16T10:02:59.424+0900: 139.289: [CMS-concurrent-sweep-start]
2014-04-16T10:03:00.120+0900: 139.985: [GC (Allocation Failure) 139.985: [ParNew: 991780K->110720K(996800K), 0.0897326 secs] 10213343K->9471259K(25055104K), 0.0900314 secs] [Times: user=0.95 sys=0.02, real=0.09 secs] 
2014-04-16T10:03:01.049+0900: 140.914: [GC (Allocation Failure) 140.914: [ParNew: 996800K->110720K(996800K), 0.1230572 secs] 9626600K->8898563K(25055104K), 0.1233628 secs] [Times: user=1.09 sys=0.06, real=0.12 secs] 
2014-04-16T10:03:01.287+0900: 141.152: [CMS-concurrent-sweep: 1.646/1.863 secs] [Times: user=6.99 sys=0.26, real=1.86 secs] 
2014-04-16T10:03:01.287+0900: 141.152: [CMS-concurrent-reset-start]
2014-04-16T10:03:01.378+0900: 141.243: [CMS-concurrent-reset: 0.091/0.091 secs] [Times: user=0.29 sys=0.03, real=0.09 secs] 
2014-04-16T10:03:01.746+0900: 141.611: [GC (Allocation Failure) 141.612: [ParNew: 993513K->110720K(996800K), 0.1200799 secs] 9354212K->8631798K(25055104K), 0.1203842 secs] [Times: user=1.14 sys=0.04, real=0.12 secs] 
2014-04-16T10:03:01.869+0900: 141.735: [GC (CMS Initial Mark) [1 CMS-initial-mark: 8521078K(24058304K)] 8641528K(25055104K), 0.0037377 secs] [Times: user=0.04 sys=0.00, real=0.00 secs] 
2014-04-16T10:03:01.873+0900: 141.739: [CMS-concurrent-mark-start]
2014-04-16T10:03:02.398+0900: 142.263: [GC (Allocation Failure) 142.263: [ParNew: 996800K->110720K(996800K), 0.1277042 secs] 9517878K->8786798K(25055104K), 0.1280064 secs] [Times: user=1.37 sys=0.02, real=0.13 secs] 
2014-04-16T10:03:03.221+0900: 143.086: [GC (Allocation Failure) 143.087: [ParNew: 996800K->110720K(996800K), 0.1165070 secs] 9672878K->8929117K(25055104K), 0.1167648 secs] [Times: user=1.15 sys=0.03, real=0.11 secs] 
2014-04-16T10:03:03.681+0900: 143.546: [CMS-concurrent-mark: 1.560/1.807 secs] [Times: user=13.18 sys=0.33, real=1.81 secs] 
2014-04-16T10:03:03.681+0900: 143.546: [CMS-concurrent-preclean-start]
2014-04-16T10:03:04.418+0900: 144.283: [CMS-concurrent-preclean: 0.683/0.737 secs] [Times: user=1.40 sys=0.03, real=0.73 secs] 
2014-04-16T10:03:04.418+0900: 144.283: [CMS-concurrent-abortable-preclean-start]
2014-04-16T10:03:04.862+0900: 144.728: [GC (Allocation Failure) 144.728: [ParNew: 996800K->110720K(996800K), 0.1151423 secs] 9815197K->9044377K(25055104K), 0.1154535 secs] [Times: user=1.21 sys=0.02, real=0.11 secs] 
2014-04-16T10:03:05.778+0900: 145.643: [CMS-concurrent-abortable-preclean: 1.218/1.360 secs] [Times: user=3.94 sys=0.09, real=1.36 secs] 
2014-04-16T10:03:05.779+0900: 145.645: [GC (CMS Final Remark) [YG occupancy: 781034 K (996800 K)]145.645: [Rescan (parallel) , 0.0478483 secs]145.693: [weak refs processing, 0.0078945 secs]145.701: [class unloading, 0.0437858 secs]145.744: [scrub symbol table, 0.0049394 secs]145.749: [scrub string table, 0.0013869 secs][1 CMS-remark: 8933657K(24058304K)] 9714691K(25055104K), 0.1139310 secs] [Times: user=0.70 sys=0.00, real=0.11 secs] 
2014-04-16T10:03:05.894+0900: 145.760: [CMS-concurrent-sweep-start]
2014-04-16T10:03:06.132+0900: 145.998: [GC (Allocation Failure) 145.998: [ParNew: 996800K->110720K(996800K), 0.1225493 secs] 9929065K->9203828K(25055104K), 0.1228617 secs] [Times: user=1.22 sys=0.05, real=0.12 secs] 
2014-04-16T10:03:07.119+0900: 146.984: [CMS-concurrent-sweep: 1.100/1.224 secs] [Times: user=4.23 sys=0.13, real=1.22 secs] 
2014-04-16T10:03:07.119+0900: 146.984: [CMS-concurrent-reset-start]
2014-04-16T10:03:07.144+0900: 147.010: [GC (Allocation Failure) 147.010: [ParNew: 996800K->110720K(996800K), 0.2366352 secs] 9665411K->8897641K(25055104K), 0.2369453 secs] [Times: user=1.31 sys=0.10, real=0.24 secs] 
2014-04-16T10:03:07.435+0900: 147.300: [CMS-concurrent-reset: 0.077/0.316 secs] [Times: user=1.47 sys=0.10, real=0.32 secs] 
2014-04-16T10:03:08.472+0900: 148.337: [GC (Allocation Failure) 148.337: [ParNew: 996800K->110720K(996800K), 0.1649647 secs] 9783721K->8973868K(25055104K), 0.1652746 secs] [Times: user=1.23 sys=0.07, real=0.16 secs] 
2014-04-16T10:03:08.639+0900: 148.504: [GC (CMS Initial Mark) [1 CMS-initial-mark: 8863148K(24058304K)] 8974476K(25055104K), 0.0070565 secs] [Times: user=0.07 sys=0.00, real=0.01 secs] 
2014-04-16T10:03:08.646+0900: 148.511: [CMS-concurrent-mark-start]
2014-04-16T10:03:10.187+0900: 150.052: [GC (Allocation Failure) 150.052: [ParNew: 996800K->110673K(996800K), 0.1077184 secs] 9859948K->9030899K(25055104K), 0.1079718 secs] [Times: user=0.71 sys=0.05, real=0.11 secs] 
2014-04-16T10:03:10.730+0900: 150.595: [GC (Allocation Failure) 150.595: [ParNew: 996753K->74730K(996800K), 0.0430112 secs] 9916979K->8994956K(25055104K), 0.0432337 secs] [Times: user=0.51 sys=0.00, real=0.05 secs] 
2014-04-16T10:03:10.900+0900: 150.765: [CMS-concurrent-mark: 2.087/2.254 secs] [Times: user=13.99 sys=0.21, real=2.25 secs] 
2014-04-16T10:03:10.900+0900: 150.765: [CMS-concurrent-preclean-start]
2014-04-16T10:03:11.132+0900: 150.998: [CMS-concurrent-preclean: 0.219/0.233 secs] [Times: user=1.31 sys=0.02, real=0.24 secs] 
2014-04-16T10:03:11.133+0900: 150.998: [GC (Allocation Failure) 150.998: [ParNew: 960810K->110720K(996800K), 0.0659623 secs] 9881036K->9062442K(25055104K), 0.0661523 secs] [Times: user=0.77 sys=0.00, real=0.06 secs] 
2014-04-16T10:03:11.202+0900: 151.067: [GC (CMS Final Remark) [YG occupancy: 120943 K (996800 K)]151.067: [Rescan (parallel) , 0.0197034 secs]151.087: [weak refs processing, 0.0019265 secs]151.089: [class unloading, 0.0322961 secs]151.121: [scrub symbol table, 0.0039080 secs]151.125: [scrub string table, 0.0011006 secs][1 CMS-remark: 8951722K(24058304K)] 9072666K(25055104K), 0.0639804 secs] [Times: user=0.30 sys=0.00, real=0.06 secs] 
2014-04-16T10:03:11.266+0900: 151.131: [CMS-concurrent-sweep-start]
2014-04-16T10:03:11.933+0900: 151.798: [GC (Allocation Failure) 151.798: [ParNew: 995197K->110720K(996800K), 0.1047442 secs] 9937326K->9138339K(25055104K), 0.1049725 secs] [Times: user=1.05 sys=0.03, real=0.10 secs] 
2014-04-16T10:03:12.625+0900: 152.490: [GC (Allocation Failure) 152.490: [ParNew: 993142K->110720K(996800K), 0.1207964 secs] 10006981K->9286653K(25055104K), 0.1210240 secs] [Times: user=1.09 sys=0.04, real=0.12 secs] 
2014-04-16T10:03:12.923+0900: 152.788: [CMS-concurrent-sweep: 1.429/1.657 secs] [Times: user=7.27 sys=0.27, real=1.66 secs] 
2014-04-16T10:03:12.923+0900: 152.789: [CMS-concurrent-reset-start]
2014-04-16T10:03:13.017+0900: 152.883: [CMS-concurrent-reset: 0.094/0.094 secs] [Times: user=0.40 sys=0.02, real=0.09 secs] 
2014-04-16T10:03:13.252+0900: 153.117: [GC (Allocation Failure) 153.118: [ParNew: 996800K->110720K(996800K), 0.2007123 secs] 9977249K->9273910K(25055104K), 0.2009420 secs] [Times: user=1.06 sys=0.09, real=0.20 secs] 
2014-04-16T10:03:13.454+0900: 153.319: [GC (CMS Initial Mark) [1 CMS-initial-mark: 9163190K(24058304K)] 9274234K(25055104K), 0.0047351 secs] [Times: user=0.03 sys=0.00, real=0.00 secs] 
2014-04-16T10:03:13.459+0900: 153.324: [CMS-concurrent-mark-start]
2014-04-16T10:03:14.175+0900: 154.040: [GC (Allocation Failure) 154.040: [ParNew: 995493K->110720K(996800K), 0.2123603 secs] 10158684K->9432246K(25055104K), 0.2125941 secs] [Times: user=1.05 sys=0.11, real=0.21 secs] 
2014-04-16T10:03:14.948+0900: 154.813: [CMS-concurrent-mark: 1.275/1.489 secs] [Times: user=9.00 sys=0.37, real=1.49 secs] 
2014-04-16T10:03:14.948+0900: 154.813: [CMS-concurrent-preclean-start]
2014-04-16T10:03:15.174+0900: 155.040: [GC (Allocation Failure) 155.040: [ParNew: 996800K->110720K(996800K), 0.1897080 secs] 10318326K->9522436K(25055104K), 0.1899396 secs] [Times: user=1.03 sys=0.10, real=0.19 secs] 
2014-04-16T10:03:15.826+0900: 155.691: [CMS-concurrent-preclean: 0.619/0.878 secs] [Times: user=2.63 sys=0.13, real=0.88 secs] 
2014-04-16T10:03:15.826+0900: 155.691: [CMS-concurrent-abortable-preclean-start]
2014-04-16T10:03:16.409+0900: 156.274: [CMS-concurrent-abortable-preclean: 0.582/0.583 secs] [Times: user=0.99 sys=0.02, real=0.58 secs] 
2014-04-16T10:03:16.410+0900: 156.276: [GC (CMS Final Remark) [YG occupancy: 586496 K (996800 K)]156.276: [Rescan (parallel) , 0.0367691 secs]156.313: [weak refs processing, 0.0051173 secs]156.318: [class unloading, 0.0442527 secs]156.362: [scrub symbol table, 0.0049378 secs]156.367: [scrub string table, 0.0013881 secs][1 CMS-remark: 9411716K(24058304K)] 9998212K(25055104K), 0.1005124 secs] [Times: user=0.54 sys=0.01, real=0.10 secs] 
2014-04-16T10:03:16.512+0900: 156.377: [CMS-concurrent-sweep-start]
2014-04-16T10:03:17.160+0900: 157.025: [GC (Allocation Failure) 157.026: [ParNew: 996800K->110720K(996800K), 0.1077712 secs] 9309463K->8549365K(25055104K), 0.1080015 secs] [Times: user=1.00 sys=0.05, real=0.11 secs] 
2014-04-16T10:03:18.305+0900: 158.170: [CMS-concurrent-sweep: 1.682/1.793 secs] [Times: user=4.44 sys=0.15, real=1.79 secs] 
2014-04-16T10:03:18.305+0900: 158.170: [CMS-concurrent-reset-start]
2014-04-16T10:03:18.386+0900: 158.251: [CMS-concurrent-reset: 0.081/0.081 secs] [Times: user=0.18 sys=0.02, real=0.08 secs] 
2014-04-16T10:03:18.714+0900: 158.580: [GC (Allocation Failure) 158.580: [ParNew: 996800K->110720K(996800K), 0.1082870 secs] 6945398K->6191874K(25055104K), 0.1085246 secs] [Times: user=1.04 sys=0.05, real=0.11 secs] 
2014-04-16T10:03:20.290+0900: 160.155: [GC (Allocation Failure) 160.155: [ParNew: 996800K->110720K(996800K), 0.1028522 secs] 7077954K->6293434K(25055104K), 0.1030812 secs] [Times: user=0.95 sys=0.04, real=0.11 secs] 
2014-04-16T10:03:21.068+0900: 160.933: [GC (Allocation Failure) 160.933: [ParNew: 996800K->102816K(996800K), 0.0672568 secs] 7179514K->6329828K(25055104K), 0.0674847 secs] [Times: user=0.69 sys=0.01, real=0.07 secs] 
2014-04-16T10:03:21.842+0900: 161.707: [GC (Allocation Failure) 161.707: [ParNew: 988873K->110720K(996800K), 0.0619608 secs] 7215885K->6372633K(25055104K), 0.0621906 secs] [Times: user=0.70 sys=0.01, real=0.07 secs] 
2014-04-16T10:03:23.108+0900: 162.974: [GC (Allocation Failure) 162.974: [ParNew: 996798K->110720K(996800K), 0.1109023 secs] 7258712K->6527116K(25055104K), 0.1111492 secs] [Times: user=1.04 sys=0.03, real=0.11 secs] 
2014-04-16T10:03:23.978+0900: 163.843: [GC (Allocation Failure) 163.843: [ParNew: 996800K->110720K(996800K), 0.1038319 secs] 7413196K->6689990K(25055104K), 0.1040632 secs] [Times: user=1.08 sys=0.03, real=0.10 secs] 
2014-04-16T10:03:24.737+0900: 164.602: [GC (Allocation Failure) 164.602: [ParNew: 996800K->110720K(996800K), 0.1284652 secs] 7576070K->6869407K(25055104K), 0.1286926 secs] [Times: user=1.14 sys=0.06, real=0.13 secs] 
2014-04-16T10:03:25.384+0900: 165.249: [GC (Allocation Failure) 165.249: [ParNew: 996800K->110720K(996800K), 0.1252812 secs] 7755487K->7056623K(25055104K), 0.1255123 secs] [Times: user=1.06 sys=0.04, real=0.12 secs] 
2014-04-16T10:03:26.239+0900: 166.104: [GC (Allocation Failure) 166.105: [ParNew: 996800K->110720K(996800K), 0.1114594 secs] 7942703K->7209334K(25055104K), 0.1116849 secs] [Times: user=1.09 sys=0.03, real=0.11 secs] 
2014-04-16T10:03:27.118+0900: 166.984: [GC (Allocation Failure) 166.984: [ParNew: 996800K->110720K(996800K), 0.1322040 secs] 8095414K->7376804K(25055104K), 0.1324969 secs] [Times: user=1.17 sys=0.04, real=0.13 secs] 
2014-04-16T10:03:27.252+0900: 167.117: [GC (CMS Initial Mark) [1 CMS-initial-mark: 7266084K(24058304K)] 7378085K(25055104K), 0.0043615 secs] [Times: user=0.05 sys=0.00, real=0.01 secs] 
2014-04-16T10:03:27.256+0900: 167.122: [CMS-concurrent-mark-start]
2014-04-16T10:03:28.176+0900: 168.041: [GC (Allocation Failure) 168.041: [ParNew: 996800K->110720K(996800K), 0.2208803 secs] 8262884K->7523116K(25055104K), 0.2210734 secs] [Times: user=1.04 sys=0.09, real=0.22 secs] 
2014-04-16T10:03:29.071+0900: 168.936: [CMS-concurrent-mark: 1.592/1.814 secs] [Times: user=10.23 sys=0.41, real=1.81 secs] 
2014-04-16T10:03:29.071+0900: 168.936: [CMS-concurrent-preclean-start]
2014-04-16T10:03:29.146+0900: 169.011: [GC (Allocation Failure) 169.011: [ParNew: 988584K->110720K(996800K), 0.2151724 secs] 8400980K->7686216K(25055104K), 0.2153897 secs] [Times: user=1.09 sys=0.10, real=0.21 secs] 
2014-04-16T10:03:30.114+0900: 169.979: [CMS-concurrent-preclean: 0.745/1.043 secs] [Times: user=3.64 sys=0.22, real=1.05 secs] 
2014-04-16T10:03:30.115+0900: 169.981: [GC (Allocation Failure) 169.981: [ParNew: 996800K->110720K(996800K), 0.1924630 secs] 8572296K->7812313K(25055104K), 0.1926864 secs] [Times: user=1.07 sys=0.09, real=0.19 secs] 
2014-04-16T10:03:30.308+0900: 170.174: [CMS-concurrent-abortable-preclean-start]
2014-04-16T10:03:31.079+0900: 170.945: [CMS-concurrent-abortable-preclean: 0.746/0.771 secs] [Times: user=2.17 sys=0.11, real=0.77 secs] 
2014-04-16T10:03:31.081+0900: 170.946: [GC (CMS Final Remark) [YG occupancy: 958987 K (996800 K)]170.946: [Rescan (parallel) , 0.0398537 secs]170.986: [weak refs processing, 0.0036428 secs]170.989: [class unloading, 0.0445153 secs]171.034: [scrub symbol table, 0.0049191 secs]171.039: [scrub string table, 0.0013834 secs][1 CMS-remark: 7701593K(24058304K)] 8660580K(25055104K), 0.1020182 secs] [Times: user=0.59 sys=0.00, real=0.10 secs] 
2014-04-16T10:03:31.183+0900: 171.048: [CMS-concurrent-sweep-start]
2014-04-16T10:03:31.206+0900: 171.071: [GC (Allocation Failure) 171.071: [ParNew: 988320K->110720K(996800K), 0.1710814 secs] 8688679K->7990668K(25055104K), 0.1713030 secs] [Times: user=1.03 sys=0.09, real=0.17 secs] 
2014-04-16T10:03:32.072+0900: 171.937: [GC (Allocation Failure) 171.937: [ParNew: 996800K->110720K(996800K), 0.2534053 secs] 8869968K->8163061K(25055104K), 0.2536322 secs] [Times: user=1.23 sys=0.13, real=0.26 secs] 
2014-04-16T10:03:32.764+0900: 172.629: [CMS-concurrent-sweep: 1.153/1.580 secs] [Times: user=5.87 sys=0.37, real=1.59 secs] 
2014-04-16T10:03:32.764+0900: 172.629: [CMS-concurrent-reset-start]
2014-04-16T10:03:32.855+0900: 172.721: [CMS-concurrent-reset: 0.091/0.091 secs] [Times: user=0.29 sys=0.03, real=0.09 secs] 
2014-04-16T10:03:33.190+0900: 173.055: [GC (Allocation Failure) 173.056: [ParNew: 996800K->110720K(996800K), 0.2372523 secs] 8607589K->7908471K(25055104K), 0.2374625 secs] [Times: user=1.16 sys=0.13, real=0.24 secs] 
2014-04-16T10:03:33.429+0900: 173.294: [GC (CMS Initial Mark) [1 CMS-initial-mark: 7797751K(24058304K)] 7909327K(25055104K), 0.0035011 secs] [Times: user=0.03 sys=0.00, real=0.00 secs] 
2014-04-16T10:03:33.432+0900: 173.297: [CMS-concurrent-mark-start]
2014-04-16T10:03:34.969+0900: 174.835: [CMS-concurrent-mark: 1.537/1.537 secs] [Times: user=7.02 sys=0.23, real=1.54 secs] 
2014-04-16T10:03:34.970+0900: 174.835: [CMS-concurrent-preclean-start]
2014-04-16T10:03:35.066+0900: 174.931: [CMS-concurrent-preclean: 0.095/0.097 secs] [Times: user=0.19 sys=0.00, real=0.10 secs] 
2014-04-16T10:03:35.066+0900: 174.931: [CMS-concurrent-abortable-preclean-start]
2014-04-16T10:03:35.344+0900: 175.209: [GC (Allocation Failure) 175.209: [ParNew: 993299K->110720K(996800K), 0.1973037 secs] 8791051K->8058214K(25055104K), 0.1974913 secs] [Times: user=1.00 sys=0.09, real=0.20 secs] 
2014-04-16T10:03:36.346+0900: 176.211: [CMS-concurrent-abortable-preclean: 1.052/1.279 secs] [Times: user=3.22 sys=0.16, real=1.28 secs] 
2014-04-16T10:03:36.347+0900: 176.212: [GC (CMS Final Remark) [YG occupancy: 648052 K (996800 K)]176.212: [Rescan (parallel) , 0.0305677 secs]176.243: [weak refs processing, 0.0053218 secs]176.248: [class unloading, 0.0445825 secs]176.293: [scrub symbol table, 0.0050025 secs]176.298: [scrub string table, 0.0013883 secs][1 CMS-remark: 7947494K(24058304K)] 8595546K(25055104K), 0.0950979 secs] [Times: user=0.46 sys=0.00, real=0.09 secs] 
2014-04-16T10:03:36.443+0900: 176.308: [CMS-concurrent-sweep-start]
2014-04-16T10:03:37.056+0900: 176.922: [GC (Allocation Failure) 176.922: [ParNew: 996800K->110720K(996800K), 0.2473285 secs] 8933523K->8174632K(25055104K), 0.2475419 secs] [Times: user=1.12 sys=0.11, real=0.24 secs] 
2014-04-16T10:03:37.671+0900: 177.536: [CMS-concurrent-sweep: 0.977/1.228 secs] [Times: user=3.02 sys=0.14, real=1.23 secs] 
2014-04-16T10:03:37.671+0900: 177.536: [CMS-concurrent-reset-start]
2014-04-16T10:03:37.758+0900: 177.623: [CMS-concurrent-reset: 0.087/0.087 secs] [Times: user=0.17 sys=0.00, real=0.09 secs] 
2014-04-16T10:03:38.362+0900: 178.228: [GC (Allocation Failure) 178.228: [ParNew: 996800K->110720K(996800K), 0.1268613 secs] 8817832K->7984998K(25055104K), 0.1270747 secs] [Times: user=0.88 sys=0.06, real=0.13 secs] 
2014-04-16T10:03:38.490+0900: 178.356: [GC (CMS Initial Mark) [1 CMS-initial-mark: 7874278K(24058304K)] 7989661K(25055104K), 0.0037324 secs] [Times: user=0.03 sys=0.00, real=0.00 secs] 
2014-04-16T10:03:38.494+0900: 178.359: [CMS-concurrent-mark-start]
2014-04-16T10:03:39.370+0900: 179.235: [GC (Allocation Failure) 179.235: [ParNew: 996800K->110720K(996800K), 0.0459180 secs] 8871078K->7990392K(25055104K), 0.0460914 secs] [Times: user=0.55 sys=0.00, real=0.05 secs] 
2014-04-16T10:03:39.888+0900: 179.753: [CMS-concurrent-mark: 1.342/1.394 secs] [Times: user=8.77 sys=0.05, real=1.40 secs] 
2014-04-16T10:03:39.888+0900: 179.753: [CMS-concurrent-preclean-start]
2014-04-16T10:03:40.011+0900: 179.876: [CMS-concurrent-preclean: 0.117/0.123 secs] [Times: user=0.26 sys=0.01, real=0.12 secs] 
2014-04-16T10:03:40.011+0900: 179.876: [CMS-concurrent-abortable-preclean-start]
2014-04-16T10:03:40.435+0900: 180.300: [GC (Allocation Failure) 180.300: [ParNew: 996800K->110720K(996800K), 0.0605142 secs] 8876472K->7993044K(25055104K), 0.0606695 secs] [Times: user=0.64 sys=0.00, real=0.06 secs] 
Heap
 par new generation   total 996800K, used 451690K [0x00000001c0000000, 0x0000000203990000, 0x0000000203990000)
  eden space 886080K,  38% used [0x00000001c0000000, 0x00000001d4cfaac8, 0x00000001f6150000)
  from space 110720K, 100% used [0x00000001f6150000, 0x00000001fcd70000, 0x00000001fcd70000)
  to   space 110720K,   0% used [0x00000001fcd70000, 0x00000001fcd70000, 0x0000000203990000)
 concurrent mark-sweep generation total 24058304K, used 7882324K [0x0000000203990000, 0x00000007c0000000, 0x00000007c0000000)
 Metaspace       used 38450K, capacity 39474K, committed 39704K, reserved 1083392K
  class space    used 5859K, capacity 6086K, committed 6184K, reserved 1048576K
