Java HotSpot(TM) 64-Bit Server VM (25.5-b02) for linux-amd64 JRE (1.8.0_05-b13), built on Mar 18 2014 00:29:27 by "java_re" with gcc 4.3.0 20080428 (Red Hat 4.3.0-8)
Memory: 4k page, physical 32865776k(29609944k free), swap 2047992k(2047992k free)
CommandLine flags: -XX:CMSInitiatingOccupancyFraction=30 -XX:InitialHeapSize=25769803776 -XX:MaxHeapSize=25769803776 -XX:MaxNewSize=805306368 -XX:MaxTenuringThreshold=6 -XX:NewSize=805306368 -XX:OldPLABSize=16 -XX:+ParallelRefProcEnabled -XX:+PrintGC -XX:+PrintGCDateStamps -XX:+PrintGCDetails -XX:+PrintGCTimeStamps -XX:ThreadStackSize=2048 -XX:+UseCompressedClassPointers -XX:+UseCompressedOops -XX:+UseConcMarkSweepGC -XX:+UseParNewGC 
2014-04-16T09:51:21.349+0900: 2.242: [GC (CMS Initial Mark) [1 CMS-initial-mark: 0K(24379392K)] 125850K(25087232K), 0.0712310 secs] [Times: user=0.15 sys=0.00, real=0.07 secs] 
2014-04-16T09:51:21.421+0900: 2.314: [CMS-concurrent-mark-start]
2014-04-16T09:51:21.430+0900: 2.324: [CMS-concurrent-mark: 0.009/0.009 secs] [Times: user=0.06 sys=0.00, real=0.01 secs] 
2014-04-16T09:51:21.430+0900: 2.324: [CMS-concurrent-preclean-start]
2014-04-16T09:51:21.552+0900: 2.445: [CMS-concurrent-preclean: 0.122/0.122 secs] [Times: user=0.53 sys=0.03, real=0.12 secs] 
2014-04-16T09:51:21.552+0900: 2.445: [CMS-concurrent-abortable-preclean-start]
 CMS: abort preclean due to time 2014-04-16T09:51:26.753+0900: 7.647: [CMS-concurrent-abortable-preclean: 3.965/5.201 secs] [Times: user=7.27 sys=0.20, real=5.21 secs] 
2014-04-16T09:51:26.754+0900: 7.648: [GC (CMS Final Remark) [YG occupancy: 289620 K (707840 K)]7.648: [Rescan (parallel) , 0.1238639 secs]7.772: [weak refs processing, 0.0111640 secs]7.783: [class unloading, 0.0256032 secs]7.808: [scrub symbol table, 0.0044089 secs]7.813: [scrub string table, 0.0010338 secs][1 CMS-remark: 0K(24379392K)] 289620K(25087232K), 0.1733205 secs] [Times: user=1.52 sys=0.01, real=0.17 secs] 
2014-04-16T09:51:26.928+0900: 7.822: [CMS-concurrent-sweep-start]
2014-04-16T09:51:26.929+0900: 7.822: [CMS-concurrent-sweep: 0.000/0.000 secs] [Times: user=0.00 sys=0.00, real=0.00 secs] 
2014-04-16T09:51:26.929+0900: 7.822: [CMS-concurrent-reset-start]
2014-04-16T09:51:27.040+0900: 7.933: [CMS-concurrent-reset: 0.111/0.111 secs] [Times: user=0.04 sys=0.08, real=0.11 secs] 
2014-04-16T09:51:27.826+0900: 8.719: [GC (Allocation Failure) 8.719: [ParNew: 629248K->20144K(707840K), 0.0746933 secs] 629248K->20144K(25087232K), 0.0748446 secs] [Times: user=0.79 sys=0.10, real=0.07 secs] 
2014-04-16T09:51:30.320+0900: 11.214: [GC (Allocation Failure) 11.214: [ParNew: 649392K->56185K(707840K), 0.0932320 secs] 649392K->56185K(25087232K), 0.0935424 secs] [Times: user=1.10 sys=0.04, real=0.09 secs] 
2014-04-16T09:51:31.480+0900: 12.374: [GC (Allocation Failure) 12.374: [ParNew: 685433K->78592K(707840K), 0.3315295 secs] 685433K->145138K(25087232K), 0.3318624 secs] [Times: user=2.48 sys=0.14, real=0.33 secs] 
2014-04-16T09:51:32.355+0900: 13.249: [GC (Allocation Failure) 13.249: [ParNew: 707840K->78592K(707840K), 0.3833520 secs] 774386K->336930K(25087232K), 0.3837760 secs] [Times: user=2.78 sys=0.20, real=0.38 secs] 
2014-04-16T09:51:33.842+0900: 14.736: [GC (Allocation Failure) 14.736: [ParNew: 707840K->78592K(707840K), 0.2333294 secs] 966178K->438151K(25087232K), 0.2336815 secs] [Times: user=2.28 sys=0.11, real=0.24 secs] 
2014-04-16T09:51:34.758+0900: 15.652: [GC (Allocation Failure) 15.652: [ParNew: 707840K->78592K(707840K), 0.2180956 secs] 1067399K->526877K(25087232K), 0.2184473 secs] [Times: user=1.78 sys=0.09, real=0.22 secs] 
2014-04-16T09:51:35.461+0900: 16.355: [GC (Allocation Failure) 16.355: [ParNew: 707840K->78592K(707840K), 0.2032283 secs] 1156125K->618068K(25087232K), 0.2035678 secs] [Times: user=1.41 sys=0.12, real=0.21 secs] 
2014-04-16T09:51:36.154+0900: 17.047: [GC (Allocation Failure) 17.048: [ParNew: 707840K->78592K(707840K), 0.1999817 secs] 1247316K->709307K(25087232K), 0.2003602 secs] [Times: user=1.38 sys=0.12, real=0.21 secs] 
2014-04-16T09:51:36.846+0900: 17.740: [GC (Allocation Failure) 17.740: [ParNew: 707840K->78592K(707840K), 0.2063911 secs] 1338555K->799394K(25087232K), 0.2067838 secs] [Times: user=1.46 sys=0.11, real=0.20 secs] 
2014-04-16T09:51:37.523+0900: 18.416: [GC (Allocation Failure) 18.416: [ParNew: 707840K->78592K(707840K), 0.2130270 secs] 1428642K->890154K(25087232K), 0.2133711 secs] [Times: user=1.53 sys=0.10, real=0.22 secs] 
2014-04-16T09:51:38.220+0900: 19.114: [GC (Allocation Failure) 19.114: [ParNew: 707820K->78592K(707840K), 0.2152223 secs] 1519383K->984639K(25087232K), 0.2155898 secs] [Times: user=1.55 sys=0.10, real=0.22 secs] 
2014-04-16T09:51:38.956+0900: 19.849: [GC (Allocation Failure) 19.849: [ParNew: 707840K->78592K(707840K), 0.1944605 secs] 1613887K->1066989K(25087232K), 0.1948391 secs] [Times: user=1.48 sys=0.08, real=0.19 secs] 
2014-04-16T09:51:39.624+0900: 20.517: [GC (Allocation Failure) 20.517: [ParNew: 707840K->78592K(707840K), 0.2254170 secs] 1696237K->1164982K(25087232K), 0.2257776 secs] [Times: user=1.56 sys=0.11, real=0.23 secs] 
2014-04-16T09:51:40.318+0900: 21.212: [GC (Allocation Failure) 21.212: [ParNew: 707840K->78592K(707840K), 0.2047602 secs] 1794230K->1259657K(25087232K), 0.2051412 secs] [Times: user=1.45 sys=0.10, real=0.20 secs] 
2014-04-16T09:51:41.000+0900: 21.894: [GC (Allocation Failure) 21.894: [ParNew: 707840K->78592K(707840K), 0.2178186 secs] 1888905K->1356635K(25087232K), 0.2181623 secs] [Times: user=1.50 sys=0.11, real=0.22 secs] 
2014-04-16T09:51:41.709+0900: 22.603: [GC (Allocation Failure) 22.603: [ParNew: 707840K->78592K(707840K), 0.2095392 secs] 1985883K->1447907K(25087232K), 0.2098924 secs] [Times: user=1.50 sys=0.12, real=0.21 secs] 
2014-04-16T09:51:42.392+0900: 23.285: [GC (Allocation Failure) 23.285: [ParNew: 707840K->78592K(707840K), 0.2103690 secs] 2077155K->1539471K(25087232K), 0.2107134 secs] [Times: user=1.44 sys=0.11, real=0.21 secs] 
2014-04-16T09:51:43.085+0900: 23.978: [GC (Allocation Failure) 23.978: [ParNew: 707840K->78592K(707840K), 0.2090323 secs] 2168719K->1636211K(25087232K), 0.2094837 secs] [Times: user=1.49 sys=0.10, real=0.21 secs] 
2014-04-16T09:51:43.772+0900: 24.666: [GC (Allocation Failure) 24.666: [ParNew: 707840K->78592K(707840K), 0.2045377 secs] 2265459K->1731297K(25087232K), 0.2048937 secs] [Times: user=1.51 sys=0.10, real=0.21 secs] 
2014-04-16T09:51:44.448+0900: 25.342: [GC (Allocation Failure) 25.342: [ParNew: 707840K->78592K(707840K), 0.2220900 secs] 2360545K->1824862K(25087232K), 0.2224417 secs] [Times: user=1.49 sys=0.11, real=0.22 secs] 
2014-04-16T09:51:45.149+0900: 26.043: [GC (Allocation Failure) 26.043: [ParNew: 707840K->78592K(707840K), 0.2108778 secs] 2454110K->1915564K(25087232K), 0.2112241 secs] [Times: user=1.47 sys=0.13, real=0.21 secs] 
2014-04-16T09:51:45.822+0900: 26.716: [GC (Allocation Failure) 26.716: [ParNew: 707840K->78592K(707840K), 0.2097861 secs] 2544812K->2011017K(25087232K), 0.2101354 secs] [Times: user=1.46 sys=0.14, real=0.21 secs] 
2014-04-16T09:51:46.499+0900: 27.392: [GC (Allocation Failure) 27.393: [ParNew: 707840K->78592K(707840K), 0.2109121 secs] 2640265K->2105671K(25087232K), 0.2112627 secs] [Times: user=1.50 sys=0.11, real=0.21 secs] 
2014-04-16T09:51:47.177+0900: 28.070: [GC (Allocation Failure) 28.071: [ParNew: 707840K->78592K(707840K), 0.2056097 secs] 2734919K->2201023K(25087232K), 0.2059635 secs] [Times: user=1.36 sys=0.12, real=0.20 secs] 
2014-04-16T09:51:47.860+0900: 28.754: [GC (Allocation Failure) 28.754: [ParNew: 707840K->78592K(707840K), 0.2029966 secs] 2830271K->2295069K(25087232K), 0.2033706 secs] [Times: user=1.39 sys=0.12, real=0.20 secs] 
2014-04-16T09:51:48.552+0900: 29.445: [GC (Allocation Failure) 29.445: [ParNew: 707840K->78592K(707840K), 0.2054118 secs] 2924317K->2387812K(25087232K), 0.2057913 secs] [Times: user=1.40 sys=0.13, real=0.21 secs] 
2014-04-16T09:51:49.239+0900: 30.133: [GC (Allocation Failure) 30.133: [ParNew: 707840K->78592K(707840K), 0.2072428 secs] 3017060K->2481005K(25087232K), 0.2076227 secs] [Times: user=1.39 sys=0.11, real=0.21 secs] 
2014-04-16T09:51:49.920+0900: 30.813: [GC (Allocation Failure) 30.813: [ParNew: 707840K->78592K(707840K), 0.2039180 secs] 3110253K->2573350K(25087232K), 0.2042909 secs] [Times: user=1.37 sys=0.09, real=0.20 secs] 
2014-04-16T09:51:50.586+0900: 31.480: [GC (Allocation Failure) 31.480: [ParNew: 707840K->78592K(707840K), 0.2106472 secs] 3202598K->2670452K(25087232K), 0.2110049 secs] [Times: user=1.37 sys=0.11, real=0.22 secs] 
2014-04-16T09:51:51.259+0900: 32.152: [GC (Allocation Failure) 32.152: [ParNew: 707840K->78592K(707840K), 0.1845446 secs] 3299700K->2762896K(25087232K), 0.1848925 secs] [Times: user=1.17 sys=0.11, real=0.18 secs] 
2014-04-16T09:51:51.894+0900: 32.788: [GC (Allocation Failure) 32.788: [ParNew: 707840K->78592K(707840K), 0.2001446 secs] 3392144K->2859920K(25087232K), 0.2005092 secs] [Times: user=1.36 sys=0.11, real=0.20 secs] 
2014-04-16T09:51:52.567+0900: 33.460: [GC (Allocation Failure) 33.461: [ParNew: 707840K->78592K(707840K), 0.2082361 secs] 3489168K->2964790K(25087232K), 0.2085986 secs] [Times: user=1.34 sys=0.12, real=0.21 secs] 
2014-04-16T09:51:53.244+0900: 34.137: [GC (Allocation Failure) 34.138: [ParNew: 707840K->78592K(707840K), 0.1935773 secs] 3594038K->3057510K(25087232K), 0.1939295 secs] [Times: user=1.48 sys=0.10, real=0.20 secs] 
2014-04-16T09:51:53.910+0900: 34.804: [GC (Allocation Failure) 34.804: [ParNew: 707840K->78592K(707840K), 0.2097690 secs] 3686758K->3150102K(25087232K), 0.2101185 secs] [Times: user=1.46 sys=0.11, real=0.21 secs] 
2014-04-16T09:51:54.596+0900: 35.490: [GC (Allocation Failure) 35.490: [ParNew: 707840K->78592K(707840K), 0.2099483 secs] 3779350K->3243584K(25087232K), 0.2103081 secs] [Times: user=1.43 sys=0.11, real=0.21 secs] 
2014-04-16T09:51:55.257+0900: 36.150: [GC (Allocation Failure) 36.150: [ParNew: 707840K->78592K(707840K), 0.2106603 secs] 3872832K->3335911K(25087232K), 0.2110114 secs] [Times: user=1.43 sys=0.11, real=0.22 secs] 
2014-04-16T09:51:55.942+0900: 36.835: [GC (Allocation Failure) 36.835: [ParNew: 707840K->78592K(707840K), 0.2078872 secs] 3965159K->3428042K(25087232K), 0.2082398 secs] [Times: user=1.40 sys=0.10, real=0.21 secs] 
2014-04-16T09:51:56.616+0900: 37.510: [GC (Allocation Failure) 37.510: [ParNew: 707840K->78592K(707840K), 0.2113001 secs] 4057290K->3520664K(25087232K), 0.2116624 secs] [Times: user=1.42 sys=0.12, real=0.21 secs] 
2014-04-16T09:51:57.280+0900: 38.174: [GC (Allocation Failure) 38.174: [ParNew: 707840K->78592K(707840K), 0.2119137 secs] 4149912K->3614765K(25087232K), 0.2122828 secs] [Times: user=1.43 sys=0.10, real=0.21 secs] 
2014-04-16T09:51:57.945+0900: 38.838: [GC (Allocation Failure) 38.839: [ParNew: 707840K->78592K(707840K), 0.1840470 secs] 4244013K->3712489K(25087232K), 0.1844385 secs] [Times: user=1.17 sys=0.09, real=0.19 secs] 
2014-04-16T09:51:58.591+0900: 39.485: [GC (Allocation Failure) 39.485: [ParNew: 707840K->78592K(707840K), 0.1880637 secs] 4341737K->3808718K(25087232K), 0.1884437 secs] [Times: user=1.16 sys=0.11, real=0.19 secs] 
2014-04-16T09:51:59.260+0900: 40.153: [GC (Allocation Failure) 40.154: [ParNew: 707840K->78592K(707840K), 0.2108795 secs] 4437966K->3903236K(25087232K), 0.2112566 secs] [Times: user=1.44 sys=0.09, real=0.21 secs] 
2014-04-16T09:51:59.938+0900: 40.831: [GC (Allocation Failure) 40.832: [ParNew: 707840K->78592K(707840K), 0.1872804 secs] 4532484K->3997880K(25087232K), 0.1876610 secs] [Times: user=1.14 sys=0.10, real=0.19 secs] 
2014-04-16T09:52:00.585+0900: 41.479: [GC (Allocation Failure) 41.479: [ParNew: 707840K->78592K(707840K), 0.2044922 secs] 4627128K->4091770K(25087232K), 0.2048712 secs] [Times: user=1.42 sys=0.10, real=0.21 secs] 
2014-04-16T09:52:01.251+0900: 42.144: [GC (Allocation Failure) 42.145: [ParNew: 707840K->78592K(707840K), 0.2069484 secs] 4721018K->4186886K(25087232K), 0.2073297 secs] [Times: user=1.46 sys=0.08, real=0.20 secs] 
2014-04-16T09:52:01.921+0900: 42.815: [GC (Allocation Failure) 42.815: [ParNew: 707840K->78592K(707840K), 0.2116473 secs] 4816134K->4282783K(25087232K), 0.2120239 secs] [Times: user=1.42 sys=0.11, real=0.21 secs] 
2014-04-16T09:52:02.616+0900: 43.509: [GC (Allocation Failure) 43.510: [ParNew: 707840K->78592K(707840K), 0.2098051 secs] 4912031K->4377965K(25087232K), 0.2101897 secs] [Times: user=1.42 sys=0.11, real=0.21 secs] 
2014-04-16T09:52:03.300+0900: 44.193: [GC (Allocation Failure) 44.193: [ParNew: 707840K->78592K(707840K), 0.2083128 secs] 5007213K->4473762K(25087232K), 0.2086878 secs] [Times: user=1.42 sys=0.11, real=0.20 secs] 
2014-04-16T09:52:03.972+0900: 44.865: [GC (Allocation Failure) 44.865: [ParNew: 707840K->78592K(707840K), 0.1986204 secs] 5103010K->4570315K(25087232K), 0.1989955 secs] [Times: user=1.32 sys=0.13, real=0.20 secs] 
2014-04-16T09:52:04.640+0900: 45.534: [GC (Allocation Failure) 45.534: [ParNew: 707840K->78592K(707840K), 0.2068096 secs] 5199563K->4666147K(25087232K), 0.2071673 secs] [Times: user=1.38 sys=0.10, real=0.20 secs] 
2014-04-16T09:52:05.315+0900: 46.209: [GC (Allocation Failure) 46.209: [ParNew: 707840K->78592K(707840K), 0.2026713 secs] 5295395K->4760705K(25087232K), 0.2030211 secs] [Times: user=1.33 sys=0.10, real=0.20 secs] 
2014-04-16T09:52:05.970+0900: 46.864: [GC (Allocation Failure) 46.864: [ParNew: 707840K->78592K(707840K), 0.2080886 secs] 5389953K->4854014K(25087232K), 0.2084480 secs] [Times: user=1.37 sys=0.11, real=0.20 secs] 
2014-04-16T09:52:06.658+0900: 47.552: [GC (Allocation Failure) 47.552: [ParNew: 707840K->78592K(707840K), 0.2054046 secs] 5483262K->4948838K(25087232K), 0.2057550 secs] [Times: user=1.37 sys=0.10, real=0.21 secs] 
2014-04-16T09:52:07.328+0900: 48.222: [GC (Allocation Failure) 48.222: [ParNew: 707840K->78592K(707840K), 0.1895231 secs] 5578086K->5042996K(25087232K), 0.1898997 secs] [Times: user=1.14 sys=0.09, real=0.19 secs] 
2014-04-16T09:52:07.987+0900: 48.881: [GC (Allocation Failure) 48.881: [ParNew: 707840K->78592K(707840K), 0.1864701 secs] 5672244K->5137635K(25087232K), 0.1868607 secs] [Times: user=1.13 sys=0.10, real=0.19 secs] 
2014-04-16T09:52:08.642+0900: 49.535: [GC (Allocation Failure) 49.536: [ParNew: 707840K->78592K(707840K), 0.1966089 secs] 5766883K->5231208K(25087232K), 0.1969844 secs] [Times: user=1.32 sys=0.09, real=0.19 secs] 
2014-04-16T09:52:09.321+0900: 50.214: [GC (Allocation Failure) 50.214: [ParNew: 707840K->78592K(707840K), 0.2101500 secs] 5860456K->5327179K(25087232K), 0.2105294 secs] [Times: user=1.33 sys=0.12, real=0.21 secs] 
2014-04-16T09:52:10.008+0900: 50.901: [GC (Allocation Failure) 50.901: [ParNew: 707840K->78592K(707840K), 0.2044583 secs] 5956427K->5423149K(25087232K), 0.2048301 secs] [Times: user=1.43 sys=0.08, real=0.21 secs] 
2014-04-16T09:52:10.685+0900: 51.579: [GC (Allocation Failure) 51.579: [ParNew: 707840K->78592K(707840K), 0.2095450 secs] 6052397K->5518707K(25087232K), 0.2099312 secs] [Times: user=1.38 sys=0.09, real=0.21 secs] 
2014-04-16T09:52:11.374+0900: 52.267: [GC (Allocation Failure) 52.267: [ParNew: 707840K->78592K(707840K), 0.2289852 secs] 6147955K->5624623K(25087232K), 0.2293673 secs] [Times: user=1.55 sys=0.11, real=0.23 secs] 
2014-04-16T09:52:12.065+0900: 52.959: [GC (Allocation Failure) 52.959: [ParNew: 707840K->78592K(707840K), 0.1980892 secs] 6253871K->5724403K(25087232K), 0.1984807 secs] [Times: user=1.53 sys=0.11, real=0.20 secs] 
2014-04-16T09:52:12.732+0900: 53.626: [GC (Allocation Failure) 53.626: [ParNew: 707840K->78592K(707840K), 0.1894946 secs] 6353651K->5816474K(25087232K), 0.1898770 secs] [Times: user=1.35 sys=0.11, real=0.19 secs] 
2014-04-16T09:52:13.397+0900: 54.291: [GC (Allocation Failure) 54.291: [ParNew: 707840K->78592K(707840K), 0.2086733 secs] 6445722K->5909116K(25087232K), 0.2090657 secs] [Times: user=1.41 sys=0.09, real=0.21 secs] 
2014-04-16T09:52:14.082+0900: 54.975: [GC (Allocation Failure) 54.975: [ParNew: 707840K->78592K(707840K), 0.2007096 secs] 6538364K->6001308K(25087232K), 0.2010914 secs] [Times: user=1.31 sys=0.10, real=0.20 secs] 
2014-04-16T09:52:14.736+0900: 55.629: [GC (Allocation Failure) 55.630: [ParNew: 707840K->78592K(707840K), 0.2063938 secs] 6630556K->6093846K(25087232K), 0.2067778 secs] [Times: user=1.39 sys=0.08, real=0.21 secs] 
2014-04-16T09:52:15.414+0900: 56.308: [GC (Allocation Failure) 56.308: [ParNew: 707840K->78592K(707840K), 0.2197187 secs] 6723094K->6187735K(25087232K), 0.2201046 secs] [Times: user=1.41 sys=0.11, real=0.22 secs] 
2014-04-16T09:52:16.100+0900: 56.993: [GC (Allocation Failure) 56.993: [ParNew: 707840K->78592K(707840K), 0.2101272 secs] 6816983K->6286274K(25087232K), 0.2105122 secs] [Times: user=1.40 sys=0.09, real=0.21 secs] 
2014-04-16T09:52:16.777+0900: 57.671: [GC (Allocation Failure) 57.671: [ParNew: 707840K->78592K(707840K), 0.2129834 secs] 6915522K->6382402K(25087232K), 0.2133793 secs] [Times: user=1.37 sys=0.10, real=0.21 secs] 
2014-04-16T09:52:17.452+0900: 58.346: [GC (Allocation Failure) 58.346: [ParNew: 707840K->78592K(707840K), 0.2014278 secs] 7011650K->6476940K(25087232K), 0.2018139 secs] [Times: user=1.32 sys=0.11, real=0.20 secs] 
2014-04-16T09:52:18.121+0900: 59.014: [GC (Allocation Failure) 59.014: [ParNew: 707840K->78592K(707840K), 0.2059019 secs] 7106188K->6570989K(25087232K), 0.2062882 secs] [Times: user=1.33 sys=0.10, real=0.21 secs] 
2014-04-16T09:52:18.779+0900: 59.672: [GC (Allocation Failure) 59.672: [ParNew: 707840K->78592K(707840K), 0.2021867 secs] 7200237K->6664428K(25087232K), 0.2025747 secs] [Times: user=1.28 sys=0.11, real=0.20 secs] 
2014-04-16T09:52:19.440+0900: 60.334: [GC (Allocation Failure) 60.334: [ParNew: 707840K->78592K(707840K), 0.1989546 secs] 7293676K->6757985K(25087232K), 0.1993427 secs] [Times: user=1.29 sys=0.09, real=0.20 secs] 
2014-04-16T09:52:20.095+0900: 60.988: [GC (Allocation Failure) 60.988: [ParNew: 707840K->78592K(707840K), 0.2003624 secs] 7387233K->6850599K(25087232K), 0.2007568 secs] [Times: user=1.26 sys=0.11, real=0.20 secs] 
2014-04-16T09:52:20.773+0900: 61.667: [GC (Allocation Failure) 61.667: [ParNew: 707840K->78592K(707840K), 0.2064297 secs] 7479847K->6946985K(25087232K), 0.2068115 secs] [Times: user=1.38 sys=0.10, real=0.20 secs] 
2014-04-16T09:52:21.434+0900: 62.327: [GC (Allocation Failure) 62.327: [ParNew: 707840K->78592K(707840K), 0.2091543 secs] 7576233K->7045235K(25087232K), 0.2095391 secs] [Times: user=1.36 sys=0.11, real=0.21 secs] 
2014-04-16T09:52:22.103+0900: 62.996: [GC (Allocation Failure) 62.996: [ParNew: 707840K->78592K(707840K), 0.1972269 secs] 7674483K->7139935K(25087232K), 0.1976109 secs] [Times: user=1.36 sys=0.08, real=0.19 secs] 
2014-04-16T09:52:22.759+0900: 63.652: [GC (Allocation Failure) 63.652: [ParNew: 707840K->78592K(707840K), 0.2101293 secs] 7769183K->7236810K(25087232K), 0.2105171 secs] [Times: user=1.35 sys=0.13, real=0.21 secs] 
2014-04-16T09:52:23.436+0900: 64.329: [GC (Allocation Failure) 64.329: [ParNew: 707840K->78592K(707840K), 0.2099756 secs] 7866058K->7334156K(25087232K), 0.2103617 secs] [Times: user=1.36 sys=0.13, real=0.21 secs] 
2014-04-16T09:52:24.122+0900: 65.016: [GC (Allocation Failure) 65.016: [ParNew: 707840K->78592K(707840K), 0.2082776 secs] 7963404K->7428353K(25087232K), 0.2086646 secs] [Times: user=1.37 sys=0.11, real=0.21 secs] 
2014-04-16T09:52:24.332+0900: 65.226: [GC (CMS Initial Mark) [1 CMS-initial-mark: 7349761K(24379392K)] 7428407K(25087232K), 0.0067628 secs] [Times: user=0.06 sys=0.01, real=0.01 secs] 
2014-04-16T09:52:24.339+0900: 65.233: [CMS-concurrent-mark-start]
2014-04-16T09:52:24.982+0900: 65.876: [GC (Allocation Failure) 65.876: [ParNew: 707840K->78592K(707840K), 0.2042495 secs] 8057601K->7517127K(25087232K), 0.2046329 secs] [Times: user=1.37 sys=0.10, real=0.20 secs] 
2014-04-16T09:52:25.330+0900: 66.224: [CMS-concurrent-mark: 0.785/0.991 secs] [Times: user=9.03 sys=1.73, real=0.99 secs] 
2014-04-16T09:52:25.331+0900: 66.224: [CMS-concurrent-preclean-start]
2014-04-16T09:52:25.706+0900: 66.600: [GC (Allocation Failure) 66.600: [ParNew: 707840K->78592K(707840K), 0.2104581 secs] 8146375K->7613859K(25087232K), 0.2108425 secs] [Times: user=1.33 sys=0.12, real=0.21 secs] 
2014-04-16T09:52:26.052+0900: 66.945: [CMS-concurrent-preclean: 0.487/0.721 secs] [Times: user=5.61 sys=1.50, real=0.72 secs] 
2014-04-16T09:52:26.052+0900: 66.945: [CMS-concurrent-abortable-preclean-start]
2014-04-16T09:52:26.397+0900: 67.291: [GC (Allocation Failure) 67.291: [ParNew: 707840K->78592K(707840K), 0.2019143 secs] 8243107K->7710351K(25087232K), 0.2022911 secs] [Times: user=1.34 sys=0.10, real=0.20 secs] 
2014-04-16T09:52:27.106+0900: 67.999: [CMS-concurrent-abortable-preclean: 0.808/1.054 secs] [Times: user=8.32 sys=2.36, real=1.06 secs] 
2014-04-16T09:52:27.107+0900: 68.000: [GC (Allocation Failure) 68.001: [ParNew: 707840K->78592K(707840K), 0.2154615 secs] 8339599K->7806208K(25087232K), 0.2158164 secs] [Times: user=1.43 sys=0.12, real=0.22 secs] 
2014-04-16T09:52:27.324+0900: 68.218: [GC (CMS Final Remark) [YG occupancy: 78670 K (707840 K)]68.218: [Rescan (parallel) , 0.0347399 secs]68.253: [weak refs processing, 0.0032500 secs]68.256: [class unloading, 0.0511759 secs]68.307: [scrub symbol table, 0.0043684 secs]68.312: [scrub string table, 0.0012428 secs][1 CMS-remark: 7727616K(24379392K)] 7806287K(25087232K), 0.1045811 secs] [Times: user=0.52 sys=0.00, real=0.10 secs] 
2014-04-16T09:52:27.429+0900: 68.323: [CMS-concurrent-sweep-start]
2014-04-16T09:52:27.923+0900: 68.816: [GC (Allocation Failure) 68.816: [ParNew: 707807K->78592K(707840K), 0.1728698 secs] 8104815K->7569303K(25087232K), 0.1732330 secs] [Times: user=1.39 sys=0.08, real=0.17 secs] 
2014-04-16T09:52:28.607+0900: 69.501: [GC (Allocation Failure) 69.501: [ParNew: 707840K->78592K(707840K), 0.1445728 secs] 7863795K->7320549K(25087232K), 0.1449354 secs] [Times: user=1.32 sys=0.04, real=0.14 secs] 
2014-04-16T09:52:29.236+0900: 70.129: [GC (Allocation Failure) 70.129: [ParNew: 707840K->78592K(707840K), 0.1736700 secs] 7631960K->7098697K(25087232K), 0.1740354 secs] [Times: user=1.41 sys=0.07, real=0.17 secs] 
2014-04-16T09:52:29.921+0900: 70.814: [GC (Allocation Failure) 70.814: [ParNew: 707840K->78592K(707840K), 0.1402196 secs] 7390993K->6855284K(25087232K), 0.1405833 secs] [Times: user=1.11 sys=0.07, real=0.14 secs] 
2014-04-16T09:52:30.564+0900: 71.457: [GC (Allocation Failure) 71.457: [ParNew: 707840K->78592K(707840K), 0.1583231 secs] 7154300K->6618568K(25087232K), 0.1586873 secs] [Times: user=1.13 sys=0.08, real=0.15 secs] 
2014-04-16T09:52:31.218+0900: 72.111: [GC (Allocation Failure) 72.112: [ParNew: 707840K->78592K(707840K), 0.1674906 secs] 6933329K->6398130K(25087232K), 0.1678489 secs] [Times: user=1.28 sys=0.08, real=0.17 secs] 
2014-04-16T09:52:31.889+0900: 72.783: [GC (Allocation Failure) 72.783: [ParNew: 707840K->78592K(707840K), 0.1568992 secs] 6721475K->6179814K(25087232K), 0.1572542 secs] [Times: user=1.40 sys=0.04, real=0.16 secs] 
2014-04-16T09:52:32.550+0900: 73.443: [GC (Allocation Failure) 73.443: [ParNew: 707840K->78592K(707840K), 0.1650166 secs] 6489337K->5946955K(25087232K), 0.1653743 secs] [Times: user=1.32 sys=0.06, real=0.17 secs] 
2014-04-16T09:52:32.964+0900: 73.857: [CMS-concurrent-sweep: 4.240/5.534 secs] [Times: user=45.92 sys=11.70, real=5.54 secs] 
2014-04-16T09:52:32.964+0900: 73.857: [CMS-concurrent-reset-start]
2014-04-16T09:52:33.043+0900: 73.937: [CMS-concurrent-reset: 0.079/0.079 secs] [Times: user=0.65 sys=0.21, real=0.08 secs] 
2014-04-16T09:52:33.217+0900: 74.111: [GC (Allocation Failure) 74.111: [ParNew: 707840K->78592K(707840K), 0.2070179 secs] 6545378K->6012276K(25087232K), 0.2073801 secs] [Times: user=1.35 sys=0.10, real=0.21 secs] 
2014-04-16T09:52:33.888+0900: 74.781: [GC (Allocation Failure) 74.781: [ParNew: 707840K->78592K(707840K), 0.1857181 secs] 6641524K->6109537K(25087232K), 0.1860749 secs] [Times: user=1.15 sys=0.08, real=0.19 secs] 
2014-04-16T09:52:34.538+0900: 75.431: [GC (Allocation Failure) 75.432: [ParNew: 707840K->78592K(707840K), 0.1978666 secs] 6738785K->6204759K(25087232K), 0.1982283 secs] [Times: user=1.27 sys=0.10, real=0.20 secs] 
2014-04-16T09:52:35.201+0900: 76.095: [GC (Allocation Failure) 76.095: [ParNew: 707840K->78592K(707840K), 0.1987984 secs] 6834007K->6296964K(25087232K), 0.1991583 secs] [Times: user=1.37 sys=0.10, real=0.20 secs] 
2014-04-16T09:52:35.868+0900: 76.761: [GC (Allocation Failure) 76.761: [ParNew: 707840K->78592K(707840K), 0.1901664 secs] 6926212K->6388405K(25087232K), 0.1905229 secs] [Times: user=1.28 sys=0.09, real=0.19 secs] 
2014-04-16T09:52:36.534+0900: 77.427: [GC (Allocation Failure) 77.427: [ParNew: 707840K->78592K(707840K), 0.1989730 secs] 7017653K->6481278K(25087232K), 0.1993269 secs] [Times: user=1.36 sys=0.08, real=0.20 secs] 
2014-04-16T09:52:37.203+0900: 78.096: [GC (Allocation Failure) 78.096: [ParNew: 707840K->78592K(707840K), 0.1959703 secs] 7110526K->6573539K(25087232K), 0.1963269 secs] [Times: user=1.32 sys=0.10, real=0.20 secs] 
2014-04-16T09:52:37.882+0900: 78.776: [GC (Allocation Failure) 78.776: [ParNew: 707840K->78592K(707840K), 0.2001803 secs] 7202787K->6664089K(25087232K), 0.2005328 secs] [Times: user=1.31 sys=0.08, real=0.20 secs] 
2014-04-16T09:52:38.559+0900: 79.452: [GC (Allocation Failure) 79.452: [ParNew: 707840K->78592K(707840K), 0.2035480 secs] 7293337K->6755717K(25087232K), 0.2039102 secs] [Times: user=1.35 sys=0.08, real=0.20 secs] 
2014-04-16T09:52:39.226+0900: 80.120: [GC (Allocation Failure) 80.120: [ParNew: 707840K->78592K(707840K), 0.2021757 secs] 7384965K->6848956K(25087232K), 0.2025342 secs] [Times: user=1.30 sys=0.09, real=0.20 secs] 
2014-04-16T09:52:39.899+0900: 80.792: [GC (Allocation Failure) 80.792: [ParNew: 707840K->78592K(707840K), 0.1986434 secs] 7478204K->6945921K(25087232K), 0.1990274 secs] [Times: user=1.36 sys=0.10, real=0.20 secs] 
2014-04-16T09:52:40.543+0900: 81.436: [GC (Allocation Failure) 81.436: [ParNew: 707840K->78592K(707840K), 0.1960234 secs] 7575169K->7039930K(25087232K), 0.1963813 secs] [Times: user=1.29 sys=0.08, real=0.20 secs] 
2014-04-16T09:52:41.211+0900: 82.105: [GC (Allocation Failure) 82.105: [ParNew: 707840K->78592K(707840K), 0.1957168 secs] 7669178K->7130174K(25087232K), 0.1960717 secs] [Times: user=1.33 sys=0.09, real=0.20 secs] 
2014-04-16T09:52:41.874+0900: 82.767: [GC (Allocation Failure) 82.767: [ParNew: 707840K->78592K(707840K), 0.2009884 secs] 7759422K->7222425K(25087232K), 0.2013419 secs] [Times: user=1.35 sys=0.09, real=0.21 secs] 
2014-04-16T09:52:42.551+0900: 83.445: [GC (Allocation Failure) 83.445: [ParNew: 707840K->78592K(707840K), 0.2071006 secs] 7851673K->7314721K(25087232K), 0.2074580 secs] [Times: user=1.38 sys=0.07, real=0.21 secs] 
2014-04-16T09:52:43.221+0900: 84.115: [GC (Allocation Failure) 84.115: [ParNew: 707840K->78592K(707840K), 0.1966531 secs] 7943969K->7408313K(25087232K), 0.1970036 secs] [Times: user=1.26 sys=0.10, real=0.20 secs] 
2014-04-16T09:52:43.419+0900: 84.313: [GC (CMS Initial Mark) [1 CMS-initial-mark: 7329721K(24379392K)] 7408370K(25087232K), 0.0083358 secs] [Times: user=0.06 sys=0.00, real=0.01 secs] 
2014-04-16T09:52:43.428+0900: 84.322: [CMS-concurrent-mark-start]
2014-04-16T09:52:44.053+0900: 84.946: [GC (Allocation Failure) 84.946: [ParNew: 707840K->78592K(707840K), 0.2144871 secs] 8037561K->7492399K(25087232K), 0.2148379 secs] [Times: user=1.37 sys=0.08, real=0.22 secs] 
2014-04-16T09:52:44.793+0900: 85.687: [CMS-concurrent-mark: 1.149/1.365 secs] [Times: user=12.59 sys=2.40, real=1.36 secs] 
2014-04-16T09:52:44.793+0900: 85.687: [CMS-concurrent-preclean-start]
2014-04-16T09:52:44.899+0900: 85.793: [GC (Allocation Failure) 85.793: [ParNew: 707840K->78592K(707840K), 0.2552973 secs] 8121647K->7589101K(25087232K), 0.2556796 secs] [Times: user=1.43 sys=0.14, real=0.25 secs] 
2014-04-16T09:52:45.647+0900: 86.541: [GC (Allocation Failure) 86.541: [ParNew: 707832K->78592K(707840K), 0.2535104 secs] 8218342K->7684695K(25087232K), 0.2538770 secs] [Times: user=1.45 sys=0.14, real=0.25 secs] 
2014-04-16T09:52:46.002+0900: 86.895: [CMS-concurrent-preclean: 0.654/1.208 secs] [Times: user=8.79 sys=2.18, real=1.21 secs] 
2014-04-16T09:52:46.002+0900: 86.895: [CMS-concurrent-abortable-preclean-start]
2014-04-16T09:52:46.411+0900: 87.305: [GC (Allocation Failure) 87.305: [ParNew: 707840K->78592K(707840K), 0.2310578 secs] 8313943K->7774130K(25087232K), 0.2314336 secs] [Times: user=1.43 sys=0.10, real=0.23 secs] 
2014-04-16T09:52:47.138+0900: 88.031: [GC (Allocation Failure) 88.031: [ParNew: 707840K->78592K(707840K), 0.2392255 secs] 8403378K->7866764K(25087232K), 0.2396065 secs] [Times: user=1.40 sys=0.11, real=0.24 secs] 
2014-04-16T09:52:47.467+0900: 88.361: [CMS-concurrent-abortable-preclean: 0.947/1.466 secs] [Times: user=10.87 sys=2.83, real=1.47 secs] 
2014-04-16T09:52:47.469+0900: 88.362: [GC (CMS Final Remark) [YG occupancy: 193191 K (707840 K)]88.362: [Rescan (parallel) , 0.0452460 secs]88.408: [weak refs processing, 0.0025345 secs]88.410: [class unloading, 0.0415967 secs]88.452: [scrub symbol table, 0.0048890 secs]88.457: [scrub string table, 0.0013841 secs][1 CMS-remark: 7788172K(24379392K)] 7981364K(25087232K), 0.1025997 secs] [Times: user=0.64 sys=0.00, real=0.10 secs] 
2014-04-16T09:52:47.572+0900: 88.465: [CMS-concurrent-sweep-start]
2014-04-16T09:52:47.983+0900: 88.877: [GC (Allocation Failure) 88.877: [ParNew: 707840K->78592K(707840K), 0.1729894 secs] 8327348K->7786775K(25087232K), 0.1733711 secs] [Times: user=1.36 sys=0.07, real=0.18 secs] 
2014-04-16T09:52:48.650+0900: 89.543: [GC (Allocation Failure) 89.544: [ParNew: 707840K->78592K(707840K), 0.1791215 secs] 8208713K->7674266K(25087232K), 0.1794718 secs] [Times: user=1.35 sys=0.07, real=0.18 secs] 
2014-04-16T09:52:49.326+0900: 90.220: [GC (Allocation Failure) 90.220: [ParNew: 707840K->78592K(707840K), 0.1730746 secs] 8178305K->7643672K(25087232K), 0.1734340 secs] [Times: user=1.29 sys=0.09, real=0.18 secs] 
2014-04-16T09:52:50.005+0900: 90.898: [GC (Allocation Failure) 90.898: [ParNew: 707840K->78592K(707840K), 0.1697013 secs] 8187630K->7651199K(25087232K), 0.1700828 secs] [Times: user=1.35 sys=0.07, real=0.17 secs] 
2014-04-16T09:52:50.702+0900: 91.595: [GC (Allocation Failure) 91.596: [ParNew: 707840K->78592K(707840K), 0.2345329 secs] 8100637K->7602660K(25087232K), 0.2348972 secs] [Times: user=2.11 sys=0.10, real=0.24 secs] 
2014-04-16T09:52:51.203+0900: 92.096: [CMS-concurrent-sweep: 2.692/3.631 secs] [Times: user=30.51 sys=7.38, real=3.63 secs] 
2014-04-16T09:52:51.203+0900: 92.096: [CMS-concurrent-reset-start]
2014-04-16T09:52:51.299+0900: 92.193: [CMS-concurrent-reset: 0.096/0.096 secs] [Times: user=0.79 sys=0.24, real=0.10 secs] 
2014-04-16T09:52:51.433+0900: 92.326: [GC (Allocation Failure) 92.326: [ParNew: 707840K->78592K(707840K), 0.1658002 secs] 8062450K->7531848K(25087232K), 0.1661592 secs] [Times: user=1.68 sys=0.04, real=0.17 secs] 
2014-04-16T09:52:51.600+0900: 92.494: [GC (CMS Initial Mark) [1 CMS-initial-mark: 7453256K(24379392K)] 7531917K(25087232K), 0.0066658 secs] [Times: user=0.05 sys=0.00, real=0.01 secs] 
2014-04-16T09:52:51.607+0900: 92.501: [CMS-concurrent-mark-start]
2014-04-16T09:52:52.222+0900: 93.115: [GC (Allocation Failure) 93.115: [ParNew: 707840K->78592K(707840K), 0.1973845 secs] 8161096K->7619946K(25087232K), 0.1977417 secs] [Times: user=1.33 sys=0.11, real=0.20 secs] 
2014-04-16T09:52:53.040+0900: 93.933: [GC (Allocation Failure) 93.933: [ParNew: 707840K->78592K(707840K), 0.2024467 secs] 8249194K->7715354K(25087232K), 0.2028029 secs] [Times: user=1.34 sys=0.10, real=0.20 secs] 
2014-04-16T09:52:53.416+0900: 94.309: [CMS-concurrent-mark: 1.405/1.808 secs] [Times: user=16.47 sys=3.26, real=1.80 secs] 
2014-04-16T09:52:53.416+0900: 94.309: [CMS-concurrent-preclean-start]
2014-04-16T09:52:53.769+0900: 94.663: [GC (Allocation Failure) 94.663: [ParNew: 707840K->78592K(707840K), 0.2024273 secs] 8344602K->7801578K(25087232K), 0.2027860 secs] [Times: user=1.26 sys=0.10, real=0.20 secs] 
2014-04-16T09:52:54.415+0900: 95.309: [CMS-concurrent-preclean: 0.738/0.999 secs] [Times: user=7.90 sys=2.22, real=1.00 secs] 
2014-04-16T09:52:54.415+0900: 95.309: [CMS-concurrent-abortable-preclean-start]
2014-04-16T09:52:54.472+0900: 95.365: [GC (Allocation Failure) 95.365: [ParNew: 707840K->78592K(707840K), 0.2507615 secs] 8430826K->7897523K(25087232K), 0.2511449 secs] [Times: user=1.36 sys=0.13, real=0.25 secs] 
2014-04-16T09:52:55.080+0900: 95.974: [CMS-concurrent-abortable-preclean: 0.390/0.665 secs] [Times: user=4.78 sys=1.18, real=0.67 secs] 
2014-04-16T09:52:55.082+0900: 95.975: [GC (CMS Final Remark) [YG occupancy: 531207 K (707840 K)]95.975: [Rescan (parallel) , 0.0608849 secs]96.036: [weak refs processing, 0.0024932 secs]96.039: [class unloading, 0.0417383 secs]96.080: [scrub symbol table, 0.0048924 secs]96.085: [scrub string table, 0.0013838 secs][1 CMS-remark: 7818931K(24379392K)] 8350139K(25087232K), 0.1183667 secs] [Times: user=0.85 sys=0.01, real=0.12 secs] 
2014-04-16T09:52:55.200+0900: 96.094: [CMS-concurrent-sweep-start]
2014-04-16T09:52:55.329+0900: 96.223: [GC (Allocation Failure) 96.223: [ParNew: 707840K->78592K(707840K), 0.2159691 secs] 8504621K->7964085K(25087232K), 0.2163649 secs] [Times: user=1.32 sys=0.12, real=0.21 secs] 
2014-04-16T09:52:56.055+0900: 96.949: [GC (Allocation Failure) 96.949: [ParNew: 707840K->78592K(707840K), 0.2020415 secs] 8539777K->8005866K(25087232K), 0.2024245 secs] [Times: user=1.25 sys=0.10, real=0.21 secs] 
2014-04-16T09:52:56.745+0900: 97.638: [GC (Allocation Failure) 97.639: [ParNew: 707840K->78592K(707840K), 0.2186672 secs] 8559255K->8024813K(25087232K), 0.2190629 secs] [Times: user=1.31 sys=0.13, real=0.22 secs] 
2014-04-16T09:52:57.470+0900: 98.364: [GC (Allocation Failure) 98.364: [ParNew: 707840K->78592K(707840K), 0.1911175 secs] 8572151K->8031346K(25087232K), 0.1915068 secs] [Times: user=1.34 sys=0.09, real=0.19 secs] 
2014-04-16T09:52:58.165+0900: 99.058: [GC (Allocation Failure) 99.058: [ParNew: 707840K->78592K(707840K), 0.2088485 secs] 8608081K->8070007K(25087232K), 0.2092281 secs] [Times: user=1.29 sys=0.08, real=0.21 secs] 
2014-04-16T09:52:58.684+0900: 99.577: [CMS-concurrent-sweep: 2.436/3.483 secs] [Times: user=26.82 sys=7.04, real=3.48 secs] 
2014-04-16T09:52:58.684+0900: 99.577: [CMS-concurrent-reset-start]
2014-04-16T09:52:58.782+0900: 99.675: [CMS-concurrent-reset: 0.098/0.098 secs] [Times: user=0.78 sys=0.29, real=0.10 secs] 
2014-04-16T09:52:58.861+0900: 99.754: [GC (Allocation Failure) 99.755: [ParNew: 707840K->78592K(707840K), 0.1709719 secs] 8583181K->8051942K(25087232K), 0.1713323 secs] [Times: user=1.26 sys=0.05, real=0.17 secs] 
2014-04-16T09:52:59.034+0900: 99.927: [GC (CMS Initial Mark) [1 CMS-initial-mark: 7973350K(24379392K)] 8052600K(25087232K), 0.0078582 secs] [Times: user=0.06 sys=0.00, real=0.01 secs] 
2014-04-16T09:52:59.042+0900: 99.936: [CMS-concurrent-mark-start]
2014-04-16T09:52:59.698+0900: 100.592: [GC (Allocation Failure) 100.592: [ParNew: 707840K->78592K(707840K), 0.1983876 secs] 8681190K->8139806K(25087232K), 0.1987547 secs] [Times: user=1.17 sys=0.10, real=0.19 secs] 
2014-04-16T09:53:00.562+0900: 101.455: [GC (Allocation Failure) 101.456: [ParNew: 707840K->78592K(707840K), 0.2329599 secs] 8769054K->8231403K(25087232K), 0.2333250 secs] [Times: user=1.18 sys=0.13, real=0.23 secs] 
2014-04-16T09:53:01.159+0900: 102.053: [CMS-concurrent-mark: 1.682/2.117 secs] [Times: user=18.63 sys=3.63, real=2.12 secs] 
2014-04-16T09:53:01.159+0900: 102.053: [CMS-concurrent-preclean-start]
2014-04-16T09:53:01.396+0900: 102.289: [GC (Allocation Failure) 102.290: [ParNew: 707840K->78592K(707840K), 0.2406866 secs] 8860651K->8325813K(25087232K), 0.2410496 secs] [Times: user=1.28 sys=0.13, real=0.24 secs] 
2014-04-16T09:53:02.143+0900: 103.037: [GC (Allocation Failure) 103.037: [ParNew: 707840K->78592K(707840K), 0.2371075 secs] 8955061K->8416929K(25087232K), 0.2374734 secs] [Times: user=1.34 sys=0.11, real=0.24 secs] 
2014-04-16T09:53:02.469+0900: 103.362: [CMS-concurrent-preclean: 0.767/1.309 secs] [Times: user=9.54 sys=2.53, real=1.31 secs] 
2014-04-16T09:53:02.469+0900: 103.363: [CMS-concurrent-abortable-preclean-start]
2014-04-16T09:53:02.879+0900: 103.773: [GC (Allocation Failure) 103.773: [ParNew: 707840K->78592K(707840K), 0.2513251 secs] 9046177K->8510043K(25087232K), 0.2516856 secs] [Times: user=1.36 sys=0.12, real=0.25 secs] 
2014-04-16T09:53:03.630+0900: 104.524: [GC (Allocation Failure) 104.524: [ParNew: 707840K->78592K(707840K), 0.2334290 secs] 9139291K->8607264K(25087232K), 0.2337921 secs] [Times: user=1.14 sys=0.12, real=0.23 secs] 
2014-04-16T09:53:03.864+0900: 104.758: [CMS-concurrent-abortable-preclean: 0.863/1.395 secs] [Times: user=9.91 sys=2.66, real=1.39 secs] 
2014-04-16T09:53:03.866+0900: 104.759: [GC (CMS Final Remark) [YG occupancy: 78964 K (707840 K)]104.759: [Rescan (parallel) , 0.0339190 secs]104.793: [weak refs processing, 0.0020531 secs]104.795: [class unloading, 0.0394832 secs]104.835: [scrub symbol table, 0.0043650 secs]104.839: [scrub string table, 0.0012430 secs][1 CMS-remark: 8528672K(24379392K)] 8607636K(25087232K), 0.0879194 secs] [Times: user=0.50 sys=0.00, real=0.09 secs] 
2014-04-16T09:53:03.954+0900: 104.847: [CMS-concurrent-sweep-start]
2014-04-16T09:53:04.468+0900: 105.362: [GC (Allocation Failure) 105.362: [ParNew: 707826K->78592K(707840K), 0.1876196 secs] 9193213K->8650125K(25087232K), 0.1879871 secs] [Times: user=1.02 sys=0.11, real=0.19 secs] 
2014-04-16T09:53:05.150+0900: 106.043: [GC (Allocation Failure) 106.043: [ParNew: 707840K->78592K(707840K), 0.2129288 secs] 9236245K->8701307K(25087232K), 0.2132886 secs] [Times: user=1.33 sys=0.11, real=0.21 secs] 
2014-04-16T09:53:05.864+0900: 106.757: [GC (Allocation Failure) 106.758: [ParNew: 707840K->78592K(707840K), 0.2264282 secs] 9291646K->8760778K(25087232K), 0.2267918 secs] [Times: user=1.38 sys=0.10, real=0.23 secs] 
2014-04-16T09:53:06.592+0900: 107.486: [GC (Allocation Failure) 107.486: [ParNew: 707840K->78592K(707840K), 0.2236905 secs] 9327306K->8797483K(25087232K), 0.2240630 secs] [Times: user=1.31 sys=0.13, real=0.22 secs] 
2014-04-16T09:53:07.302+0900: 108.195: [CMS-concurrent-sweep: 2.489/3.348 secs] [Times: user=25.68 sys=7.07, real=3.35 secs] 
2014-04-16T09:53:07.302+0900: 108.195: [CMS-concurrent-reset-start]
2014-04-16T09:53:07.319+0900: 108.212: [GC (Allocation Failure) 108.213: [ParNew: 707840K->78592K(707840K), 0.1693763 secs] 9285523K->8752106K(25087232K), 0.1697612 secs] [Times: user=1.32 sys=0.08, real=0.17 secs] 
2014-04-16T09:53:07.572+0900: 108.466: [CMS-concurrent-reset: 0.099/0.271 secs] [Times: user=2.20 sys=0.38, real=0.27 secs] 
2014-04-16T09:53:07.970+0900: 108.863: [GC (Allocation Failure) 108.863: [ParNew: 707840K->78592K(707840K), 0.2019655 secs] 9381354K->8841660K(25087232K), 0.2023516 secs] [Times: user=1.25 sys=0.11, real=0.20 secs] 
2014-04-16T09:53:08.174+0900: 109.067: [GC (CMS Initial Mark) [1 CMS-initial-mark: 8763068K(24379392K)] 8841786K(25087232K), 0.0090587 secs] [Times: user=0.06 sys=0.00, real=0.01 secs] 
2014-04-16T09:53:08.183+0900: 109.076: [CMS-concurrent-mark-start]
2014-04-16T09:53:08.896+0900: 109.790: [GC (Allocation Failure) 109.790: [ParNew: 707840K->78592K(707840K), 0.2034423 secs] 9470908K->8915743K(25087232K), 0.2038271 secs] [Times: user=1.20 sys=0.10, real=0.21 secs] 
2014-04-16T09:53:09.806+0900: 110.699: [GC (Allocation Failure) 110.700: [ParNew: 707840K->78592K(707840K), 0.1831756 secs] 9544991K->8982900K(25087232K), 0.1835645 secs] [Times: user=0.93 sys=0.12, real=0.19 secs] 
2014-04-16T09:53:10.427+0900: 111.320: [CMS-concurrent-mark: 1.853/2.244 secs] [Times: user=20.08 sys=4.05, real=2.24 secs] 
2014-04-16T09:53:10.427+0900: 111.320: [CMS-concurrent-preclean-start]
2014-04-16T09:53:10.650+0900: 111.544: [GC (Allocation Failure) 111.544: [ParNew: 707840K->78592K(707840K), 0.1841530 secs] 9612148K->9047830K(25087232K), 0.1845213 secs] [Times: user=0.93 sys=0.09, real=0.18 secs] 
2014-04-16T09:53:11.346+0900: 112.239: [CMS-concurrent-preclean: 0.678/0.919 secs] [Times: user=6.74 sys=1.96, real=0.92 secs] 
2014-04-16T09:53:11.346+0900: 112.239: [CMS-concurrent-abortable-preclean-start]
2014-04-16T09:53:11.421+0900: 112.315: [GC (Allocation Failure) 112.315: [ParNew: 707840K->78592K(707840K), 0.1923667 secs] 9677078K->9111676K(25087232K), 0.1927395 secs] [Times: user=0.92 sys=0.10, real=0.19 secs] 
2014-04-16T09:53:11.938+0900: 112.831: [CMS-concurrent-abortable-preclean: 0.378/0.592 secs] [Times: user=4.30 sys=1.18, real=0.59 secs] 
2014-04-16T09:53:11.939+0900: 112.833: [GC (CMS Final Remark) [YG occupancy: 459887 K (707840 K)]112.833: [Rescan (parallel) , 0.0527269 secs]112.885: [weak refs processing, 0.0027594 secs]112.888: [class unloading, 0.0395291 secs]112.928: [scrub symbol table, 0.0043667 secs]112.932: [scrub string table, 0.0012264 secs][1 CMS-remark: 9033084K(24379392K)] 9492972K(25087232K), 0.1076129 secs] [Times: user=0.74 sys=0.00, real=0.11 secs] 
2014-04-16T09:53:12.047+0900: 112.940: [CMS-concurrent-sweep-start]
2014-04-16T09:53:12.263+0900: 113.157: [GC (Allocation Failure) 113.157: [ParNew: 707840K->78592K(707840K), 0.1715095 secs] 9717702K->9157455K(25087232K), 0.1718832 secs] [Times: user=0.95 sys=0.09, real=0.17 secs] 
2014-04-16T09:53:13.003+0900: 113.897: [GC (Allocation Failure) 113.897: [ParNew: 707840K->78592K(707840K), 0.1643651 secs] 9757352K->9198822K(25087232K), 0.1647152 secs] [Times: user=0.92 sys=0.09, real=0.16 secs] 
2014-04-16T09:53:13.712+0900: 114.605: [GC (Allocation Failure) 114.605: [ParNew: 707840K->68060K(707840K), 0.1465223 secs] 9803210K->9222355K(25087232K), 0.1468791 secs] [Times: user=0.84 sys=0.06, real=0.14 secs] 
2014-04-16T09:53:14.112+0900: 115.005: [GC (Allocation Failure) 115.005: [ParNew: 697308K->52199K(707840K), 0.0448286 secs] 9841801K->9196691K(25087232K), 0.0451452 secs] [Times: user=0.60 sys=0.01, real=0.04 secs] 
2014-04-16T09:53:14.470+0900: 115.363: [GC (Allocation Failure) 115.363: [ParNew: 681447K->47386K(707840K), 0.0489398 secs] 9777376K->9143314K(25087232K), 0.0492576 secs] [Times: user=0.62 sys=0.00, real=0.04 secs] 
2014-04-16T09:53:14.837+0900: 115.730: [GC (Allocation Failure) 115.730: [ParNew: 672391K->78592K(707840K), 0.0497997 secs] 9741627K->9186696K(25087232K), 0.0501008 secs] [Times: user=0.58 sys=0.01, real=0.05 secs] 
2014-04-16T09:53:15.029+0900: 115.923: [CMS-concurrent-sweep: 2.313/2.982 secs] [Times: user=25.19 sys=3.41, real=2.98 secs] 
2014-04-16T09:53:15.030+0900: 115.923: [CMS-concurrent-reset-start]
2014-04-16T09:53:15.127+0900: 116.021: [CMS-concurrent-reset: 0.098/0.098 secs] [Times: user=1.05 sys=0.00, real=0.09 secs] 
2014-04-16T09:53:15.382+0900: 116.275: [GC (Allocation Failure) 116.276: [ParNew: 707840K->78592K(707840K), 0.1478277 secs] 9564109K->9059013K(25087232K), 0.1481671 secs] [Times: user=1.58 sys=0.04, real=0.15 secs] 
2014-04-16T09:53:15.531+0900: 116.425: [GC (CMS Initial Mark) [1 CMS-initial-mark: 8980421K(24379392K)] 9059652K(25087232K), 0.0026447 secs] [Times: user=0.03 sys=0.00, real=0.00 secs] 
2014-04-16T09:53:15.534+0900: 116.428: [CMS-concurrent-mark-start]
2014-04-16T09:53:16.342+0900: 117.235: [GC (Allocation Failure) 117.235: [ParNew: 707840K->78592K(707840K), 0.1031085 secs] 9688261K->9171402K(25087232K), 0.1033762 secs] [Times: user=0.80 sys=0.07, real=0.10 secs] 
2014-04-16T09:53:16.831+0900: 117.724: [GC (Allocation Failure) 117.724: [ParNew: 707838K->78592K(707840K), 0.1304951 secs] 9800648K->9287865K(25087232K), 0.1307530 secs] [Times: user=0.83 sys=0.07, real=0.13 secs] 
2014-04-16T09:53:17.017+0900: 117.910: [CMS-concurrent-mark: 1.245/1.483 secs] [Times: user=12.69 sys=0.37, real=1.48 secs] 
2014-04-16T09:53:17.017+0900: 117.910: [CMS-concurrent-preclean-start]
2014-04-16T09:53:17.425+0900: 118.318: [CMS-concurrent-preclean: 0.381/0.408 secs] [Times: user=1.32 sys=0.04, real=0.41 secs] 
2014-04-16T09:53:17.425+0900: 118.318: [CMS-concurrent-abortable-preclean-start]
2014-04-16T09:53:17.622+0900: 118.515: [GC (Allocation Failure) 118.515: [ParNew: 707840K->78592K(707840K), 0.2180088 secs] 9917113K->9432478K(25087232K), 0.2182636 secs] [Times: user=1.08 sys=0.14, real=0.21 secs] 
2014-04-16T09:53:17.905+0900: 118.798: [CMS-concurrent-abortable-preclean: 0.260/0.480 secs] [Times: user=2.27 sys=0.17, real=0.48 secs] 
2014-04-16T09:53:17.906+0900: 118.799: [GC (CMS Final Remark) [YG occupancy: 194059 K (707840 K)]118.799: [Rescan (parallel) , 0.0319933 secs]118.831: [weak refs processing, 0.0027783 secs]118.834: [class unloading, 0.0316289 secs]118.866: [scrub symbol table, 0.0032403 secs]118.869: [scrub string table, 0.0009225 secs][1 CMS-remark: 9353886K(24379392K)] 9547945K(25087232K), 0.0756877 secs] [Times: user=0.46 sys=0.00, real=0.08 secs] 
2014-04-16T09:53:17.982+0900: 118.875: [CMS-concurrent-sweep-start]
2014-04-16T09:53:18.313+0900: 119.206: [GC (Allocation Failure) 119.206: [ParNew: 706109K->78592K(707840K), 0.1035009 secs] 9759673K->9271995K(25087232K), 0.1038009 secs] [Times: user=1.02 sys=0.05, real=0.10 secs] 
2014-04-16T09:53:18.804+0900: 119.698: [GC (Allocation Failure) 119.698: [ParNew: 707840K->78592K(707840K), 0.0948044 secs] 9610045K->9091934K(25087232K), 0.0950941 secs] [Times: user=0.93 sys=0.04, real=0.09 secs] 
2014-04-16T09:53:19.393+0900: 120.287: [GC (Allocation Failure) 120.287: [ParNew: 707837K->78592K(707840K), 0.0844316 secs] 9267206K->8726965K(25087232K), 0.0847166 secs] [Times: user=0.82 sys=0.03, real=0.08 secs] 
2014-04-16T09:53:20.373+0900: 121.267: [CMS-concurrent-sweep: 2.099/2.392 secs] [Times: user=9.79 sys=0.34, real=2.39 secs] 
2014-04-16T09:53:20.373+0900: 121.267: [CMS-concurrent-reset-start]
2014-04-16T09:53:20.452+0900: 121.346: [CMS-concurrent-reset: 0.079/0.079 secs] [Times: user=0.16 sys=0.00, real=0.08 secs] 
2014-04-16T09:53:20.497+0900: 121.390: [GC (Allocation Failure) 121.390: [ParNew: 699714K->78592K(707840K), 0.0750370 secs] 8050998K->7498673K(25087232K), 0.0752705 secs] [Times: user=0.77 sys=0.02, real=0.08 secs] 
2014-04-16T09:53:20.575+0900: 121.468: [GC (CMS Initial Mark) [1 CMS-initial-mark: 7420081K(24379392K)] 7506949K(25087232K), 0.0022840 secs] [Times: user=0.02 sys=0.00, real=0.00 secs] 
2014-04-16T09:53:20.577+0900: 121.470: [CMS-concurrent-mark-start]
2014-04-16T09:53:21.869+0900: 122.762: [CMS-concurrent-mark: 1.292/1.292 secs] [Times: user=5.91 sys=0.14, real=1.29 secs] 
2014-04-16T09:53:21.869+0900: 122.762: [CMS-concurrent-preclean-start]
2014-04-16T09:53:21.968+0900: 122.861: [CMS-concurrent-preclean: 0.097/0.099 secs] [Times: user=0.09 sys=0.00, real=0.10 secs] 
2014-04-16T09:53:21.968+0900: 122.861: [CMS-concurrent-abortable-preclean-start]
2014-04-16T09:53:22.131+0900: 123.024: [GC (Allocation Failure) 123.024: [ParNew: 707840K->78592K(707840K), 0.0954635 secs] 8127921K->7590802K(25087232K), 0.0957674 secs] [Times: user=0.91 sys=0.04, real=0.09 secs] 
2014-04-16T09:53:22.830+0900: 123.723: [CMS-concurrent-abortable-preclean: 0.743/0.862 secs] [Times: user=3.16 sys=0.07, real=0.86 secs] 
2014-04-16T09:53:22.831+0900: 123.724: [GC (Allocation Failure) 123.725: [ParNew: 707840K->72719K(707840K), 0.0856799 secs] 8220050K->7663432K(25087232K), 0.0859543 secs] [Times: user=0.71 sys=0.03, real=0.09 secs] 
2014-04-16T09:53:22.918+0900: 123.812: [GC (CMS Final Remark) [YG occupancy: 74264 K (707840 K)]123.812: [Rescan (parallel) , 0.0234593 secs]123.835: [weak refs processing, 0.0019855 secs]123.837: [class unloading, 0.0536439 secs]123.891: [scrub symbol table, 0.0041364 secs]123.895: [scrub string table, 0.0011807 secs][1 CMS-remark: 7590713K(24379392K)] 7664978K(25087232K), 0.0912327 secs] [Times: user=0.37 sys=0.00, real=0.09 secs] 
2014-04-16T09:53:23.010+0900: 123.903: [CMS-concurrent-sweep-start]
2014-04-16T09:53:23.285+0900: 124.178: [GC (Allocation Failure) 124.178: [ParNew: 701967K->38173K(707840K), 0.0515078 secs] 8289564K->7625770K(25087232K), 0.0518135 secs] [Times: user=0.55 sys=0.00, real=0.05 secs] 
2014-04-16T09:53:23.606+0900: 124.500: [GC (Allocation Failure) 124.500: [ParNew: 667421K->36067K(707840K), 0.0427018 secs] 8252101K->7620748K(25087232K), 0.0429967 secs] [Times: user=0.49 sys=0.00, real=0.04 secs] 
2014-04-16T09:53:23.908+0900: 124.801: [GC (Allocation Failure) 124.801: [ParNew: 657379K->78592K(707840K), 0.0709692 secs] 8238500K->7769730K(25087232K), 0.0712606 secs] [Times: user=0.79 sys=0.02, real=0.07 secs] 
2014-04-16T09:53:24.292+0900: 125.185: [GC (Allocation Failure) 125.185: [ParNew: 707839K->78592K(707840K), 0.0893083 secs] 8397391K->7903031K(25087232K), 0.0895958 secs] [Times: user=0.96 sys=0.04, real=0.08 secs] 
2014-04-16T09:53:24.667+0900: 125.560: [GC (Allocation Failure) 125.560: [ParNew: 706267K->78592K(707840K), 0.0933256 secs] 8515008K->8009228K(25087232K), 0.0936078 secs] [Times: user=0.94 sys=0.06, real=0.09 secs] 
2014-04-16T09:53:24.820+0900: 125.714: [CMS-concurrent-sweep: 1.443/1.811 secs] [Times: user=13.12 sys=0.30, real=1.81 secs] 
2014-04-16T09:53:24.821+0900: 125.714: [CMS-concurrent-reset-start]
2014-04-16T09:53:24.928+0900: 125.822: [CMS-concurrent-reset: 0.108/0.108 secs] [Times: user=0.68 sys=0.06, real=0.11 secs] 
2014-04-16T09:53:25.033+0900: 125.927: [GC (Allocation Failure) 125.927: [ParNew: 707816K->78592K(707840K), 0.1006986 secs] 8352879K->7876642K(25087232K), 0.1009928 secs] [Times: user=0.94 sys=0.04, real=0.10 secs] 
2014-04-16T09:53:25.136+0900: 126.029: [GC (CMS Initial Mark) [1 CMS-initial-mark: 7798050K(24379392K)] 7877674K(25087232K), 0.0031564 secs] [Times: user=0.03 sys=0.00, real=0.00 secs] 
2014-04-16T09:53:25.139+0900: 126.032: [CMS-concurrent-mark-start]
2014-04-16T09:53:25.485+0900: 126.379: [GC (Allocation Failure) 126.379: [ParNew: 707789K->78592K(707840K), 0.0962507 secs] 8505839K->8001378K(25087232K), 0.0965592 secs] [Times: user=0.97 sys=0.04, real=0.10 secs] 
2014-04-16T09:53:25.887+0900: 126.781: [GC (Allocation Failure) 126.781: [ParNew: 707840K->78592K(707840K), 0.1046741 secs] 8630626K->8155005K(25087232K), 0.1049912 secs] [Times: user=1.02 sys=0.03, real=0.11 secs] 
2014-04-16T09:53:26.275+0900: 127.169: [GC (Allocation Failure) 127.169: [ParNew: 707840K->78592K(707840K), 0.1026179 secs] 8784253K->8324106K(25087232K), 0.1029340 secs] [Times: user=0.98 sys=0.04, real=0.10 secs] 
2014-04-16T09:53:26.653+0900: 127.547: [GC (Allocation Failure) 127.547: [ParNew: 698435K->78592K(707840K), 0.1330154 secs] 8943949K->8477202K(25087232K), 0.1333316 secs] [Times: user=0.95 sys=0.06, real=0.13 secs] 
2014-04-16T09:53:27.234+0900: 128.128: [CMS-concurrent-mark: 1.652/2.095 secs] [Times: user=17.34 sys=0.61, real=2.10 secs] 
2014-04-16T09:53:27.234+0900: 128.128: [CMS-concurrent-preclean-start]
2014-04-16T09:53:27.258+0900: 128.151: [GC (Allocation Failure) 128.151: [ParNew: 707840K->78592K(707840K), 0.1255652 secs] 9106450K->8583774K(25087232K), 0.1258780 secs] [Times: user=1.02 sys=0.07, real=0.13 secs] 
2014-04-16T09:53:27.858+0900: 128.751: [GC (Allocation Failure) 128.751: [ParNew: 707840K->78592K(707840K), 0.1635970 secs] 9213022K->8683371K(25087232K), 0.1639047 secs] [Times: user=1.01 sys=0.08, real=0.17 secs] 
2014-04-16T09:53:28.489+0900: 129.382: [GC (Allocation Failure) 129.382: [ParNew: 707840K->78592K(707840K), 0.1579155 secs] 9312619K->8816048K(25087232K), 0.1582282 secs] [Times: user=1.03 sys=0.09, real=0.16 secs] 
2014-04-16T09:53:28.726+0900: 129.620: [CMS-concurrent-preclean: 0.933/1.492 secs] [Times: user=6.93 sys=0.37, real=1.49 secs] 
2014-04-16T09:53:28.726+0900: 129.620: [CMS-concurrent-abortable-preclean-start]
2014-04-16T09:53:29.220+0900: 130.114: [GC (Allocation Failure) 130.114: [ParNew: 707840K->78592K(707840K), 0.1296355 secs] 9445296K->8935846K(25087232K), 0.1299408 secs] [Times: user=1.00 sys=0.07, real=0.13 secs] 
2014-04-16T09:53:29.417+0900: 130.310: [CMS-concurrent-abortable-preclean: 0.525/0.690 secs] [Times: user=2.83 sys=0.14, real=0.69 secs] 
2014-04-16T09:53:29.418+0900: 130.312: [GC (CMS Final Remark) [YG occupancy: 147600 K (707840 K)]130.312: [Rescan (parallel) , 0.0465393 secs]130.358: [weak refs processing, 0.0032763 secs]130.361: [class unloading, 0.0392382 secs]130.401: [scrub symbol table, 0.0041276 secs]130.405: [scrub string table, 0.0011776 secs][1 CMS-remark: 8857254K(24379392K)] 9004854K(25087232K), 0.1011479 secs] [Times: user=0.66 sys=0.00, real=0.10 secs] 
2014-04-16T09:53:29.520+0900: 130.413: [CMS-concurrent-sweep-start]
2014-04-16T09:53:30.042+0900: 130.936: [GC (Allocation Failure) 130.936: [ParNew: 707840K->78592K(707840K), 0.1493307 secs] 9564540K->9033085K(25087232K), 0.1496391 secs] [Times: user=0.96 sys=0.08, real=0.15 secs] 
2014-04-16T09:53:30.613+0900: 131.507: [GC (Allocation Failure) 131.507: [ParNew: 707840K->78592K(707840K), 0.1682857 secs] 9659300K->9176280K(25087232K), 0.1685874 secs] [Times: user=1.05 sys=0.11, real=0.16 secs] 
2014-04-16T09:53:31.120+0900: 132.013: [CMS-concurrent-sweep: 1.279/1.600 secs] [Times: user=6.30 sys=0.35, real=1.60 secs] 
2014-04-16T09:53:31.120+0900: 132.013: [CMS-concurrent-reset-start]
2014-04-16T09:53:31.211+0900: 132.104: [CMS-concurrent-reset: 0.091/0.091 secs] [Times: user=0.28 sys=0.00, real=0.09 secs] 
2014-04-16T09:53:31.313+0900: 132.206: [GC (Allocation Failure) 132.206: [ParNew: 707838K->78592K(707840K), 0.1502857 secs] 9583626K->9076387K(25087232K), 0.1505951 secs] [Times: user=0.94 sys=0.07, real=0.15 secs] 
2014-04-16T09:53:31.464+0900: 132.358: [GC (CMS Initial Mark) [1 CMS-initial-mark: 8997795K(24379392K)] 9076421K(25087232K), 0.0042931 secs] [Times: user=0.03 sys=0.00, real=0.00 secs] 
2014-04-16T09:53:31.469+0900: 132.362: [CMS-concurrent-mark-start]
2014-04-16T09:53:32.171+0900: 133.065: [GC (Allocation Failure) 133.065: [ParNew: 707840K->78592K(707840K), 0.1298213 secs] 9705635K->9139372K(25087232K), 0.1302445 secs] [Times: user=0.89 sys=0.06, real=0.13 secs] 
2014-04-16T09:53:32.550+0900: 133.443: [GC (Allocation Failure) 133.443: [ParNew: 707840K->59810K(707840K), 0.1214475 secs] 9768620K->9179925K(25087232K), 0.1217588 secs] [Times: user=0.73 sys=0.05, real=0.12 secs] 
2014-04-16T09:53:33.057+0900: 133.950: [GC (Allocation Failure) 133.950: [ParNew: 689058K->14952K(707840K), 0.0381470 secs] 9809173K->9135068K(25087232K), 0.0384587 secs] [Times: user=0.43 sys=0.00, real=0.04 secs] 
2014-04-16T09:53:33.398+0900: 134.291: [GC (Allocation Failure) 134.291: [ParNew: 644200K->3784K(707840K), 0.0362733 secs] 9764316K->9123900K(25087232K), 0.0365537 secs] [Times: user=0.43 sys=0.00, real=0.04 secs] 
2014-04-16T09:53:33.456+0900: 134.350: [CMS-concurrent-mark: 1.641/1.987 secs] [Times: user=15.02 sys=0.25, real=1.99 secs] 
2014-04-16T09:53:33.456+0900: 134.350: [CMS-concurrent-preclean-start]
2014-04-16T09:53:33.761+0900: 134.654: [GC (Allocation Failure) 134.654: [ParNew: 633032K->23144K(707840K), 0.0373720 secs] 9753148K->9143259K(25087232K), 0.0376627 secs] [Times: user=0.44 sys=0.00, real=0.04 secs] 
2014-04-16T09:53:34.010+0900: 134.903: [CMS-concurrent-preclean: 0.473/0.553 secs] [Times: user=3.43 sys=0.05, real=0.55 secs] 
2014-04-16T09:53:34.010+0900: 134.903: [CMS-concurrent-abortable-preclean-start]
2014-04-16T09:53:34.135+0900: 135.029: [CMS-concurrent-abortable-preclean: 0.124/0.126 secs] [Times: user=0.52 sys=0.02, real=0.13 secs] 
2014-04-16T09:53:34.137+0900: 135.030: [GC (CMS Final Remark) [YG occupancy: 626567 K (707840 K)]135.030: [Rescan (parallel) , 0.0331529 secs]135.063: [weak refs processing, 0.0067581 secs]135.070: [class unloading, 0.0287786 secs]135.099: [scrub symbol table, 0.0031616 secs]135.102: [scrub string table, 0.0009009 secs][1 CMS-remark: 9120115K(24379392K)] 9746682K(25087232K), 0.0782245 secs] [Times: user=0.48 sys=0.00, real=0.08 secs] 
2014-04-16T09:53:34.216+0900: 135.109: [CMS-concurrent-sweep-start]
2014-04-16T09:53:34.231+0900: 135.125: [GC (Allocation Failure) 135.125: [ParNew: 651648K->78592K(707840K), 0.1030696 secs] 9768128K->9279141K(25087232K), 0.1033074 secs] [Times: user=0.79 sys=0.05, real=0.11 secs] 
2014-04-16T09:53:34.946+0900: 135.840: [GC (Allocation Failure) 135.840: [ParNew: 703125K->78592K(707840K), 0.0732746 secs] 9466084K->8908467K(25087232K), 0.0735607 secs] [Times: user=0.79 sys=0.02, real=0.07 secs] 
2014-04-16T09:53:35.546+0900: 136.440: [GC (Allocation Failure) 136.440: [ParNew: 707839K->78592K(707840K), 0.0885679 secs] 9158513K->8629012K(25087232K), 0.0888284 secs] [Times: user=0.85 sys=0.03, real=0.09 secs] 
2014-04-16T09:53:35.977+0900: 136.871: [CMS-concurrent-sweep: 1.491/1.762 secs] [Times: user=7.20 sys=0.27, real=1.76 secs] 
2014-04-16T09:53:35.977+0900: 136.871: [CMS-concurrent-reset-start]
2014-04-16T09:53:36.070+0900: 136.963: [CMS-concurrent-reset: 0.092/0.092 secs] [Times: user=0.29 sys=0.01, real=0.09 secs] 
2014-04-16T09:53:36.100+0900: 136.994: [GC (Allocation Failure) 136.994: [ParNew: 701865K->78592K(707840K), 0.0745387 secs] 8165551K->7613357K(25087232K), 0.0747814 secs] [Times: user=0.77 sys=0.02, real=0.08 secs] 
2014-04-16T09:53:36.177+0900: 137.070: [GC (CMS Initial Mark) [1 CMS-initial-mark: 7534765K(24379392K)] 7621822K(25087232K), 0.0023691 secs] [Times: user=0.02 sys=0.00, real=0.00 secs] 
2014-04-16T09:53:36.180+0900: 137.073: [CMS-concurrent-mark-start]
2014-04-16T09:53:36.906+0900: 137.799: [GC (Allocation Failure) 137.799: [ParNew: 707722K->78592K(707840K), 0.0844084 secs] 8242487K->7720372K(25087232K), 0.0846553 secs] [Times: user=0.87 sys=0.03, real=0.08 secs] 
2014-04-16T09:53:37.398+0900: 138.292: [CMS-concurrent-mark: 1.133/1.219 secs] [Times: user=7.34 sys=0.18, real=1.22 secs] 
2014-04-16T09:53:37.398+0900: 138.292: [CMS-concurrent-preclean-start]
2014-04-16T09:53:37.459+0900: 138.352: [GC (Allocation Failure) 138.352: [ParNew: 707840K->78592K(707840K), 0.0978941 secs] 8349620K->7845945K(25087232K), 0.0981515 secs] [Times: user=1.00 sys=0.03, real=0.10 secs] 
2014-04-16T09:53:37.873+0900: 138.766: [GC (Allocation Failure) 138.767: [ParNew: 707840K->78592K(707840K), 0.0999886 secs] 8475193K->7962829K(25087232K), 0.1002777 secs] [Times: user=1.00 sys=0.03, real=0.10 secs] 
2014-04-16T09:53:38.055+0900: 138.948: [CMS-concurrent-preclean: 0.420/0.656 secs] [Times: user=4.10 sys=0.16, real=0.66 secs] 
2014-04-16T09:53:38.055+0900: 138.948: [CMS-concurrent-abortable-preclean-start]
2014-04-16T09:53:38.561+0900: 139.455: [CMS-concurrent-abortable-preclean: 0.484/0.507 secs] [Times: user=1.52 sys=0.07, real=0.50 secs] 
2014-04-16T09:53:38.563+0900: 139.456: [GC (Allocation Failure) 139.456: [ParNew: 707840K->78592K(707840K), 0.0839267 secs] 8592077K->8051600K(25087232K), 0.0841700 secs] [Times: user=0.85 sys=0.03, real=0.09 secs] 
2014-04-16T09:53:38.648+0900: 139.541: [GC (CMS Final Remark) [YG occupancy: 78720 K (707840 K)]139.541: [Rescan (parallel) , 0.0273075 secs]139.569: [weak refs processing, 0.0019398 secs]139.571: [class unloading, 0.0296098 secs]139.600: [scrub symbol table, 0.0032427 secs]139.603: [scrub string table, 0.0009226 secs][1 CMS-remark: 7973008K(24379392K)] 8051728K(25087232K), 0.0679552 secs] [Times: user=0.40 sys=0.00, real=0.07 secs] 
2014-04-16T09:53:38.716+0900: 139.609: [CMS-concurrent-sweep-start]
2014-04-16T09:53:39.053+0900: 139.946: [GC (Allocation Failure) 139.946: [ParNew: 707840K->78592K(707840K), 0.0945815 secs] 8672072K->8172557K(25087232K), 0.0948220 secs] [Times: user=0.91 sys=0.03, real=0.10 secs] 
2014-04-16T09:53:39.486+0900: 140.380: [GC (Allocation Failure) 140.380: [ParNew: 707840K->78592K(707840K), 0.0772501 secs] 8793623K->8256904K(25087232K), 0.0774945 secs] [Times: user=0.78 sys=0.03, real=0.08 secs] 
2014-04-16T09:53:39.895+0900: 140.789: [GC (Allocation Failure) 140.789: [ParNew: 707840K->78592K(707840K), 0.1037739 secs] 8878740K->8343313K(25087232K), 0.1040145 secs] [Times: user=0.84 sys=0.04, real=0.10 secs] 
2014-04-16T09:53:40.076+0900: 140.970: [CMS-concurrent-sweep: 1.081/1.360 secs] [Times: user=6.76 sys=0.29, real=1.36 secs] 
2014-04-16T09:53:40.077+0900: 140.970: [CMS-concurrent-reset-start]
2014-04-16T09:53:40.157+0900: 141.050: [CMS-concurrent-reset: 0.080/0.080 secs] [Times: user=0.16 sys=0.00, real=0.08 secs] 
2014-04-16T09:53:40.717+0900: 141.610: [GC (Allocation Failure) 141.610: [ParNew: 707840K->78592K(707840K), 0.1396621 secs] 8867567K->8353032K(25087232K), 0.1399480 secs] [Times: user=0.93 sys=0.07, real=0.14 secs] 
2014-04-16T09:53:40.858+0900: 141.751: [GC (CMS Initial Mark) [1 CMS-initial-mark: 8274440K(24379392K)] 8353875K(25087232K), 0.0031752 secs] [Times: user=0.03 sys=0.00, real=0.00 secs] 
2014-04-16T09:53:40.861+0900: 141.755: [CMS-concurrent-mark-start]
2014-04-16T09:53:41.243+0900: 142.137: [GC (Allocation Failure) 142.137: [ParNew: 707840K->78592K(707840K), 0.1433186 secs] 8982280K->8499087K(25087232K), 0.1436136 secs] [Times: user=1.04 sys=0.06, real=0.15 secs] 
2014-04-16T09:53:42.118+0900: 143.011: [GC (Allocation Failure) 143.011: [ParNew: 707840K->78592K(707840K), 0.1536545 secs] 9128335K->8615006K(25087232K), 0.1539025 secs] [Times: user=1.05 sys=0.07, real=0.15 secs] 
2014-04-16T09:53:42.678+0900: 143.571: [GC (Allocation Failure) 143.571: [ParNew: 707840K->78592K(707840K), 0.1541386 secs] 9244254K->8722270K(25087232K), 0.1544358 secs] [Times: user=0.97 sys=0.08, real=0.15 secs] 
2014-04-16T09:53:43.077+0900: 143.970: [CMS-concurrent-mark: 1.758/2.215 secs] [Times: user=13.81 sys=0.53, real=2.22 secs] 
2014-04-16T09:53:43.077+0900: 143.970: [CMS-concurrent-preclean-start]
2014-04-16T09:53:43.289+0900: 144.182: [GC (Allocation Failure) 144.182: [ParNew: 707171K->78592K(707840K), 0.1746388 secs] 9350850K->8832887K(25087232K), 0.1749365 secs] [Times: user=0.91 sys=0.10, real=0.17 secs] 
2014-04-16T09:53:44.160+0900: 145.054: [GC (Allocation Failure) 145.054: [ParNew: 707838K->78592K(707840K), 0.1296303 secs] 9462133K->8931109K(25087232K), 0.1298880 secs] [Times: user=0.81 sys=0.07, real=0.13 secs] 
2014-04-16T09:53:44.343+0900: 145.237: [CMS-concurrent-preclean: 0.873/1.266 secs] [Times: user=4.40 sys=0.24, real=1.26 secs] 
2014-04-16T09:53:44.343+0900: 145.237: [CMS-concurrent-abortable-preclean-start]
2014-04-16T09:53:45.016+0900: 145.909: [CMS-concurrent-abortable-preclean: 0.658/0.672 secs] [Times: user=2.05 sys=0.02, real=0.68 secs] 
2014-04-16T09:53:45.017+0900: 145.910: [GC (Allocation Failure) 145.910: [ParNew: 707840K->78117K(707840K), 0.1504286 secs] 9560357K->8987129K(25087232K), 0.1506561 secs] [Times: user=1.00 sys=0.06, real=0.15 secs] 
2014-04-16T09:53:45.168+0900: 146.062: [GC (CMS Final Remark) [YG occupancy: 79132 K (707840 K)]146.062: [Rescan (parallel) , 0.0379676 secs]146.100: [weak refs processing, 0.0020972 secs]146.102: [class unloading, 0.0298397 secs]146.132: [scrub symbol table, 0.0032543 secs]146.135: [scrub string table, 0.0009197 secs][1 CMS-remark: 8909011K(24379392K)] 8988144K(25087232K), 0.0790154 secs] [Times: user=0.53 sys=0.00, real=0.08 secs] 
2014-04-16T09:53:45.248+0900: 146.141: [CMS-concurrent-sweep-start]
2014-04-16T09:53:45.550+0900: 146.444: [GC (Allocation Failure) 146.444: [ParNew: 707365K->51540K(707840K), 0.1159893 secs] 9610842K->9011713K(25087232K), 0.1162327 secs] [Times: user=0.85 sys=0.03, real=0.12 secs] 
2014-04-16T09:53:46.377+0900: 147.271: [CMS-concurrent-sweep: 1.012/1.129 secs] [Times: user=3.30 sys=0.03, real=1.13 secs] 
2014-04-16T09:53:46.377+0900: 147.271: [CMS-concurrent-reset-start]
2014-04-16T09:53:46.455+0900: 147.348: [CMS-concurrent-reset: 0.078/0.078 secs] [Times: user=0.08 sys=0.00, real=0.08 secs] 
2014-04-16T09:53:46.779+0900: 147.672: [GC (Allocation Failure) 147.672: [ParNew: 680788K->12886K(707840K), 0.0465745 secs] 9375155K->8707253K(25087232K), 0.0468291 secs] [Times: user=0.45 sys=0.01, real=0.05 secs] 
2014-04-16T09:53:46.830+0900: 147.724: [GC (CMS Initial Mark) [1 CMS-initial-mark: 8694366K(24379392K)] 8716027K(25087232K), 0.0032211 secs] [Times: user=0.01 sys=0.00, real=0.00 secs] 
2014-04-16T09:53:46.834+0900: 147.727: [CMS-concurrent-mark-start]
2014-04-16T09:53:47.150+0900: 148.043: [GC (Allocation Failure) 148.043: [ParNew: 642134K->3256K(707840K), 0.0369999 secs] 9336501K->8697622K(25087232K), 0.0372514 secs] [Times: user=0.43 sys=0.01, real=0.04 secs] 
2014-04-16T09:53:47.559+0900: 148.452: [GC (Allocation Failure) 148.452: [ParNew: 624539K->78592K(707840K), 0.0522789 secs] 9318906K->8800362K(25087232K), 0.0525313 secs] [Times: user=0.64 sys=0.00, real=0.05 secs] 
2014-04-16T09:53:48.101+0900: 148.994: [GC (Allocation Failure) 148.995: [ParNew: 707840K->78592K(707840K), 0.1074451 secs] 9429610K->8885437K(25087232K), 0.1076656 secs] [Times: user=1.04 sys=0.03, real=0.11 secs] 
2014-04-16T09:53:48.319+0900: 149.212: [CMS-concurrent-mark: 1.282/1.485 secs] [Times: user=11.37 sys=0.21, real=1.49 secs] 
2014-04-16T09:53:48.319+0900: 149.212: [CMS-concurrent-preclean-start]
2014-04-16T09:53:48.537+0900: 149.430: [CMS-concurrent-preclean: 0.207/0.218 secs] [Times: user=0.78 sys=0.04, real=0.22 secs] 
2014-04-16T09:53:48.537+0900: 149.430: [CMS-concurrent-abortable-preclean-start]
2014-04-16T09:53:48.562+0900: 149.456: [GC (Allocation Failure) 149.456: [ParNew: 707840K->78592K(707840K), 0.2142878 secs] 9514685K->9034247K(25087232K), 0.2145224 secs] [Times: user=1.57 sys=0.08, real=0.22 secs] 
2014-04-16T09:53:49.182+0900: 150.076: [CMS-concurrent-abortable-preclean: 0.403/0.645 secs] [Times: user=3.28 sys=0.18, real=0.64 secs] 
2014-04-16T09:53:49.183+0900: 150.077: [GC (Allocation Failure) 150.077: [ParNew: 707840K->78592K(707840K), 0.2038857 secs] 9663495K->9207310K(25087232K), 0.2041228 secs] [Times: user=1.00 sys=0.09, real=0.21 secs] 
2014-04-16T09:53:49.388+0900: 150.282: [GC (CMS Final Remark) [YG occupancy: 79862 K (707840 K)]150.282: [Rescan (parallel) , 0.0296286 secs]150.312: [weak refs processing, 0.0021235 secs]150.314: [class unloading, 0.0421586 secs]150.356: [scrub symbol table, 0.0043790 secs]150.360: [scrub string table, 0.0012512 secs][1 CMS-remark: 9128718K(24379392K)] 9208581K(25087232K), 0.0867123 secs] [Times: user=0.44 sys=0.00, real=0.08 secs] 
2014-04-16T09:53:49.475+0900: 150.369: [CMS-concurrent-sweep-start]
2014-04-16T09:53:50.037+0900: 150.930: [GC (Allocation Failure) 150.930: [ParNew: 707840K->78592K(707840K), 0.0735588 secs] 9452371K->8905430K(25087232K), 0.0737960 secs] [Times: user=0.82 sys=0.01, real=0.07 secs] 
2014-04-16T09:53:50.603+0900: 151.496: [GC (Allocation Failure) 151.496: [ParNew: 707840K->78592K(707840K), 0.1366103 secs] 9029565K->8571770K(25087232K), 0.1368242 secs] [Times: user=1.41 sys=0.03, real=0.14 secs] 
2014-04-16T09:53:51.153+0900: 152.046: [GC (Allocation Failure) 152.046: [ParNew: 702782K->78592K(707840K), 0.1146422 secs] 8729859K->8228113K(25087232K), 0.1148546 secs] [Times: user=1.22 sys=0.03, real=0.12 secs] 
2014-04-16T09:53:51.427+0900: 152.320: [CMS-concurrent-sweep: 1.622/1.951 secs] [Times: user=9.27 sys=0.21, real=1.95 secs] 
2014-04-16T09:53:51.427+0900: 152.320: [CMS-concurrent-reset-start]
2014-04-16T09:53:51.517+0900: 152.411: [CMS-concurrent-reset: 0.091/0.091 secs] [Times: user=0.36 sys=0.02, real=0.09 secs] 
2014-04-16T09:53:51.665+0900: 152.559: [GC (Allocation Failure) 152.559: [ParNew: 707823K->78592K(707840K), 0.1209906 secs] 8226324K->7681109K(25087232K), 0.1212422 secs] [Times: user=1.36 sys=0.01, real=0.12 secs] 
2014-04-16T09:53:51.788+0900: 152.681: [GC (CMS Initial Mark) [1 CMS-initial-mark: 7602517K(24379392K)] 7682387K(25087232K), 0.0039844 secs] [Times: user=0.04 sys=0.00, real=0.00 secs] 
2014-04-16T09:53:51.792+0900: 152.685: [CMS-concurrent-mark-start]
2014-04-16T09:53:52.404+0900: 153.297: [GC (Allocation Failure) 153.297: [ParNew: 707840K->78592K(707840K), 0.0892413 secs] 8310357K->7777010K(25087232K), 0.0894936 secs] [Times: user=0.91 sys=0.02, real=0.09 secs] 
2014-04-16T09:53:52.875+0900: 153.769: [GC (Allocation Failure) 153.769: [ParNew: 707840K->78592K(707840K), 0.1003624 secs] 8406258K->7924694K(25087232K), 0.1006143 secs] [Times: user=1.00 sys=0.02, real=0.11 secs] 
2014-04-16T09:53:53.531+0900: 154.424: [GC (Allocation Failure) 154.424: [ParNew: 699113K->78592K(707840K), 0.0926448 secs] 8545216K->8059577K(25087232K), 0.0929016 secs] [Times: user=0.92 sys=0.04, real=0.09 secs] 
2014-04-16T09:53:53.947+0900: 154.840: [GC (Allocation Failure) 154.840: [ParNew: 700324K->78592K(707840K), 0.1078910 secs] 8681309K->8191185K(25087232K), 0.1081411 secs] [Times: user=1.00 sys=0.04, real=0.10 secs] 
2014-04-16T09:53:54.364+0900: 155.257: [CMS-concurrent-mark: 2.174/2.572 secs] [Times: user=17.78 sys=0.69, real=2.57 secs] 
2014-04-16T09:53:54.364+0900: 155.257: [CMS-concurrent-preclean-start]
2014-04-16T09:53:54.680+0900: 155.573: [GC (Allocation Failure) 155.573: [ParNew: 707460K->78592K(707840K), 0.0953767 secs] 8820053K->8278172K(25087232K), 0.0956305 secs] [Times: user=0.91 sys=0.02, real=0.09 secs] 
2014-04-16T09:53:55.407+0900: 156.300: [GC (Allocation Failure) 156.300: [ParNew: 700266K->78592K(707840K), 0.1007964 secs] 8899846K->8433131K(25087232K), 0.1010387 secs] [Times: user=0.99 sys=0.03, real=0.10 secs] 
2014-04-16T09:53:55.567+0900: 156.461: [CMS-concurrent-preclean: 0.906/1.204 secs] [Times: user=4.56 sys=0.18, real=1.21 secs] 
2014-04-16T09:53:55.568+0900: 156.461: [CMS-concurrent-abortable-preclean-start]
2014-04-16T09:53:55.938+0900: 156.832: [GC (Allocation Failure) 156.832: [ParNew: 707840K->78592K(707840K), 0.1731622 secs] 9062379K->8581497K(25087232K), 0.1734011 secs] [Times: user=1.02 sys=0.07, real=0.17 secs] 
2014-04-16T09:53:56.112+0900: 157.005: [CMS-concurrent-abortable-preclean: 0.347/0.544 secs] [Times: user=2.35 sys=0.12, real=0.54 secs] 
2014-04-16T09:53:56.113+0900: 157.006: [GC (CMS Final Remark) [YG occupancy: 79571 K (707840 K)]157.006: [Rescan (parallel) , 0.0346643 secs]157.041: [weak refs processing, 0.0022051 secs]157.043: [class unloading, 0.0398055 secs]157.083: [scrub symbol table, 0.0041221 secs]157.087: [scrub string table, 0.0011737 secs][1 CMS-remark: 8502905K(24379392K)] 8582476K(25087232K), 0.0887473 secs] [Times: user=0.50 sys=0.00, real=0.09 secs] 
2014-04-16T09:53:56.202+0900: 157.095: [CMS-concurrent-sweep-start]
2014-04-16T09:53:56.630+0900: 157.523: [GC (Allocation Failure) 157.523: [ParNew: 707840K->78592K(707840K), 0.1663052 secs] 9204213K->8707149K(25087232K), 0.1665658 secs] [Times: user=1.00 sys=0.08, real=0.17 secs] 
2014-04-16T09:53:57.244+0900: 158.138: [GC (Allocation Failure) 158.138: [ParNew: 707840K->78592K(707840K), 0.1794626 secs] 9328858K->8846951K(25087232K), 0.1797143 secs] [Times: user=1.01 sys=0.10, real=0.18 secs] 
2014-04-16T09:53:57.911+0900: 158.804: [CMS-concurrent-sweep: 1.359/1.708 secs] [Times: user=6.93 sys=0.38, real=1.71 secs] 
2014-04-16T09:53:57.911+0900: 158.804: [CMS-concurrent-reset-start]
2014-04-16T09:53:57.921+0900: 158.814: [GC (Allocation Failure) 158.814: [ParNew: 707840K->78592K(707840K), 0.1447990 secs] 9131036K->8616487K(25087232K), 0.1450506 secs] [Times: user=0.94 sys=0.07, real=0.14 secs] 
2014-04-16T09:53:58.130+0900: 159.023: [CMS-concurrent-reset: 0.073/0.219 secs] [Times: user=1.16 sys=0.07, real=0.22 secs] 
2014-04-16T09:53:58.587+0900: 159.480: [GC (Allocation Failure) 159.481: [ParNew: 707840K->78592K(707840K), 0.1465789 secs] 9245735K->8766553K(25087232K), 0.1468383 secs] [Times: user=0.95 sys=0.07, real=0.14 secs] 
2014-04-16T09:53:58.735+0900: 159.628: [GC (CMS Initial Mark) [1 CMS-initial-mark: 8687961K(24379392K)] 8767005K(25087232K), 0.0029561 secs] [Times: user=0.02 sys=0.00, real=0.01 secs] 
2014-04-16T09:53:58.738+0900: 159.631: [CMS-concurrent-mark-start]
2014-04-16T09:53:59.120+0900: 160.014: [GC (Allocation Failure) 160.014: [ParNew: 707840K->78592K(707840K), 0.1928560 secs] 9395801K->8878698K(25087232K), 0.1931093 secs] [Times: user=1.00 sys=0.12, real=0.19 secs] 
2014-04-16T09:53:59.904+0900: 160.798: [GC (Allocation Failure) 160.798: [ParNew: 698431K->78592K(707840K), 0.1620893 secs] 9498538K->8977580K(25087232K), 0.1623416 secs] [Times: user=0.94 sys=0.08, real=0.17 secs] 
2014-04-16T09:54:00.665+0900: 161.558: [GC (Allocation Failure) 161.558: [ParNew: 707840K->78592K(707840K), 0.1747244 secs] 9606828K->9077665K(25087232K), 0.1749390 secs] [Times: user=0.79 sys=0.09, real=0.18 secs] 
2014-04-16T09:54:01.229+0900: 162.122: [CMS-concurrent-mark: 1.955/2.491 secs] [Times: user=14.26 sys=0.67, real=2.49 secs] 
2014-04-16T09:54:01.229+0900: 162.123: [CMS-concurrent-preclean-start]
2014-04-16T09:54:01.739+0900: 162.633: [GC (Allocation Failure) 162.633: [ParNew: 707840K->78592K(707840K), 0.1830140 secs] 9706913K->9193117K(25087232K), 0.1832696 secs] [Times: user=0.97 sys=0.09, real=0.18 secs] 
2014-04-16T09:54:01.991+0900: 162.884: [CMS-concurrent-preclean: 0.532/0.761 secs] [Times: user=2.16 sys=0.13, real=0.76 secs] 
2014-04-16T09:54:01.991+0900: 162.884: [CMS-concurrent-abortable-preclean-start]
2014-04-16T09:54:02.448+0900: 163.342: [GC (Allocation Failure) 163.342: [ParNew: 707840K->75448K(707840K), 0.2144052 secs] 9822365K->9267316K(25087232K), 0.2146569 secs] [Times: user=0.87 sys=0.10, real=0.21 secs] 
2014-04-16T09:54:02.756+0900: 163.649: [CMS-concurrent-abortable-preclean: 0.526/0.765 secs] [Times: user=3.16 sys=0.10, real=0.76 secs] 
2014-04-16T09:54:02.757+0900: 163.650: [GC (CMS Final Remark) [YG occupancy: 239936 K (707840 K)]163.651: [Rescan (parallel) , 0.0482719 secs]163.699: [weak refs processing, 0.0021770 secs]163.701: [class unloading, 0.0425102 secs]163.744: [scrub symbol table, 0.0043705 secs]163.748: [scrub string table, 0.0012367 secs][1 CMS-remark: 9191868K(24379392K)] 9431804K(25087232K), 0.1058655 secs] [Times: user=0.69 sys=0.00, real=0.11 secs] 
2014-04-16T09:54:02.863+0900: 163.757: [CMS-concurrent-sweep-start]
2014-04-16T09:54:03.470+0900: 164.363: [GC (Allocation Failure) 164.363: [ParNew: 704696K->29827K(707840K), 0.0488568 secs] 9878196K->9203327K(25087232K), 0.0491108 secs] [Times: user=0.51 sys=0.00, real=0.05 secs] 
2014-04-16T09:54:03.989+0900: 164.882: [GC (Allocation Failure) 164.882: [ParNew: 659075K->12439K(707840K), 0.0417313 secs] 9804371K->9157735K(25087232K), 0.0419698 secs] [Times: user=0.45 sys=0.01, real=0.04 secs] 
2014-04-16T09:54:04.237+0900: 165.131: [CMS-concurrent-sweep: 1.270/1.374 secs] [Times: user=5.62 sys=0.01, real=1.37 secs] 
2014-04-16T09:54:04.237+0900: 165.131: [CMS-concurrent-reset-start]
2014-04-16T09:54:04.305+0900: 165.199: [CMS-concurrent-reset: 0.068/0.068 secs] [Times: user=0.27 sys=0.00, real=0.06 secs] 
2014-04-16T09:54:04.501+0900: 165.394: [GC (Allocation Failure) 165.394: [ParNew: 641687K->6440K(707840K), 0.0463230 secs] 9289818K->8654571K(25087232K), 0.0465199 secs] [Times: user=0.47 sys=0.01, real=0.05 secs] 
2014-04-16T09:54:04.549+0900: 165.442: [GC (CMS Initial Mark) [1 CMS-initial-mark: 8648131K(24379392K)] 8657641K(25087232K), 0.0014687 secs] [Times: user=0.01 sys=0.00, real=0.00 secs] 
2014-04-16T09:54:04.551+0900: 165.444: [CMS-concurrent-mark-start]
2014-04-16T09:54:05.059+0900: 165.953: [GC (Allocation Failure) 165.953: [ParNew: 635688K->78592K(707840K), 0.0770765 secs] 9283819K->8775827K(25087232K), 0.0772502 secs] [Times: user=0.70 sys=0.03, real=0.07 secs] 
2014-04-16T09:54:05.351+0900: 166.244: [CMS-concurrent-mark: 0.722/0.800 secs] [Times: user=5.16 sys=0.10, real=0.80 secs] 
2014-04-16T09:54:05.351+0900: 166.244: [CMS-concurrent-preclean-start]
2014-04-16T09:54:05.488+0900: 166.382: [CMS-concurrent-preclean: 0.132/0.138 secs] [Times: user=0.43 sys=0.02, real=0.14 secs] 
2014-04-16T09:54:05.488+0900: 166.382: [CMS-concurrent-abortable-preclean-start]
2014-04-16T09:54:05.622+0900: 166.516: [GC (Allocation Failure) 166.516: [ParNew: 707832K->78592K(707840K), 0.1808014 secs] 9405068K->8853818K(25087232K), 0.1809839 secs] [Times: user=0.94 sys=0.08, real=0.18 secs] 
2014-04-16T09:54:06.340+0900: 167.234: [CMS-concurrent-abortable-preclean: 0.645/0.852 secs] [Times: user=2.99 sys=0.14, real=0.85 secs] 
2014-04-16T09:54:06.341+0900: 167.234: [GC (Allocation Failure) 167.234: [ParNew: 706482K->78592K(707840K), 0.1660582 secs] 9481708K->8921823K(25087232K), 0.1662251 secs] [Times: user=0.96 sys=0.08, real=0.16 secs] 
2014-04-16T09:54:06.508+0900: 167.402: [GC (CMS Final Remark) [YG occupancy: 82694 K (707840 K)]167.402: [Rescan (parallel) , 0.0320120 secs]167.434: [weak refs processing, 0.0023094 secs]167.436: [class unloading, 0.0425444 secs]167.479: [scrub symbol table, 0.0043775 secs]167.483: [scrub string table, 0.0012346 secs][1 CMS-remark: 8843231K(24379392K)] 8925925K(25087232K), 0.0897793 secs] [Times: user=0.47 sys=0.00, real=0.09 secs] 
2014-04-16T09:54:06.598+0900: 167.492: [CMS-concurrent-sweep-start]
2014-04-16T09:54:07.218+0900: 168.111: [GC (Allocation Failure) 168.111: [ParNew: 699887K->78592K(707840K), 0.0883317 secs] 8659524K->8117317K(25087232K), 0.0885177 secs] [Times: user=0.88 sys=0.02, real=0.08 secs] 
2014-04-16T09:54:08.196+0900: 169.089: [GC (Allocation Failure) 169.089: [ParNew: 707840K->78592K(707840K), 0.0813823 secs] 7092360K->6551336K(25087232K), 0.0815553 secs] [Times: user=0.79 sys=0.02, real=0.08 secs] 
2014-04-16T09:54:08.911+0900: 169.805: [GC (Allocation Failure) 169.805: [ParNew: 707840K->54615K(707840K), 0.0669451 secs] 5733318K->5142984K(25087232K), 0.0671276 secs] [Times: user=0.61 sys=0.02, real=0.07 secs] 
2014-04-16T09:54:09.010+0900: 169.903: [CMS-concurrent-sweep: 2.171/2.412 secs] [Times: user=8.17 sys=0.17, real=2.41 secs] 
2014-04-16T09:54:09.010+0900: 169.904: [CMS-concurrent-reset-start]
2014-04-16T09:54:09.079+0900: 169.972: [CMS-concurrent-reset: 0.069/0.069 secs] [Times: user=0.21 sys=0.00, real=0.07 secs] 
2014-04-16T09:54:09.514+0900: 170.408: [GC (Allocation Failure) 170.408: [ParNew: 683835K->78592K(707840K), 0.0537358 secs] 5451791K->4849254K(25087232K), 0.0539157 secs] [Times: user=0.62 sys=0.00, real=0.05 secs] 
2014-04-16T09:54:10.110+0900: 171.003: [GC (Allocation Failure) 171.003: [ParNew: 707833K->78592K(707840K), 0.0867303 secs] 5478495K->4954861K(25087232K), 0.0869111 secs] [Times: user=0.90 sys=0.02, real=0.08 secs] 
2014-04-16T09:54:10.696+0900: 171.590: [GC (Allocation Failure) 171.590: [ParNew: 700793K->78592K(707840K), 0.0833230 secs] 5577062K->5047458K(25087232K), 0.0835011 secs] [Times: user=0.88 sys=0.03, real=0.09 secs] 
2014-04-16T09:54:11.275+0900: 172.168: [GC (Allocation Failure) 172.168: [ParNew: 698750K->78592K(707840K), 0.0990350 secs] 5667616K->5172140K(25087232K), 0.0992207 secs] [Times: user=0.97 sys=0.03, real=0.10 secs] 
2014-04-16T09:54:11.867+0900: 172.761: [GC (Allocation Failure) 172.761: [ParNew: 702728K->78592K(707840K), 0.0912077 secs] 5796277K->5299594K(25087232K), 0.0913938 secs] [Times: user=0.94 sys=0.02, real=0.10 secs] 
2014-04-16T09:54:12.462+0900: 173.355: [GC (Allocation Failure) 173.355: [ParNew: 707840K->78592K(707840K), 0.0960858 secs] 5928842K->5424908K(25087232K), 0.0962662 secs] [Times: user=1.00 sys=0.02, real=0.09 secs] 
2014-04-16T09:54:13.074+0900: 173.968: [GC (Allocation Failure) 173.968: [ParNew: 707840K->78592K(707840K), 0.1126256 secs] 6054156K->5576523K(25087232K), 0.1128113 secs] [Times: user=1.03 sys=0.03, real=0.11 secs] 
2014-04-16T09:54:13.693+0900: 174.587: [GC (Allocation Failure) 174.587: [ParNew: 705683K->78592K(707840K), 0.1146574 secs] 6203614K->5723953K(25087232K), 0.1148346 secs] [Times: user=1.05 sys=0.03, real=0.11 secs] 
2014-04-16T09:54:14.301+0900: 175.194: [GC (Allocation Failure) 175.195: [ParNew: 707840K->78592K(707840K), 0.1102908 secs] 6353201K->5861043K(25087232K), 0.1104861 secs] [Times: user=1.02 sys=0.03, real=0.11 secs] 
2014-04-16T09:54:14.919+0900: 175.813: [GC (Allocation Failure) 175.813: [ParNew: 707838K->78592K(707840K), 0.1961868 secs] 6490290K->5984544K(25087232K), 0.1963612 secs] [Times: user=1.06 sys=0.08, real=0.20 secs] 
2014-04-16T09:54:15.624+0900: 176.517: [GC (Allocation Failure) 176.517: [ParNew: 707822K->78592K(707840K), 0.1650731 secs] 6613774K->6106735K(25087232K), 0.1652472 secs] [Times: user=1.02 sys=0.09, real=0.16 secs] 
2014-04-16T09:54:16.296+0900: 177.189: [GC (Allocation Failure) 177.189: [ParNew: 707824K->78592K(707840K), 0.1660245 secs] 6735968K->6233447K(25087232K), 0.1661983 secs] [Times: user=1.03 sys=0.08, real=0.17 secs] 
2014-04-16T09:54:16.956+0900: 177.850: [GC (Allocation Failure) 177.850: [ParNew: 706381K->78592K(707840K), 0.1402084 secs] 6861237K->6329832K(25087232K), 0.1403839 secs] [Times: user=0.94 sys=0.09, real=0.14 secs] 
2014-04-16T09:54:17.601+0900: 178.495: [GC (Allocation Failure) 178.495: [ParNew: 707840K->78592K(707840K), 0.1600218 secs] 6959080K->6459143K(25087232K), 0.1602009 secs] [Times: user=1.02 sys=0.09, real=0.16 secs] 
2014-04-16T09:54:18.263+0900: 179.157: [GC (Allocation Failure) 179.157: [ParNew: 707840K->78592K(707840K), 0.1722350 secs] 7088391K->6594842K(25087232K), 0.1724087 secs] [Times: user=1.01 sys=0.08, real=0.17 secs] 
2014-04-16T09:54:18.954+0900: 179.847: [GC (Allocation Failure) 179.847: [ParNew: 707840K->78592K(707840K), 0.1821886 secs] 7224090K->6724457K(25087232K), 0.1823621 secs] [Times: user=0.99 sys=0.09, real=0.18 secs] 
2014-04-16T09:54:19.638+0900: 180.531: [GC (Allocation Failure) 180.531: [ParNew: 701971K->78592K(707840K), 0.1707861 secs] 7347837K->6847041K(25087232K), 0.1709666 secs] [Times: user=0.98 sys=0.09, real=0.17 secs] 
2014-04-16T09:54:20.322+0900: 181.216: [GC (Allocation Failure) 181.216: [ParNew: 703895K->78592K(707840K), 0.1833886 secs] 7472344K->6986053K(25087232K), 0.1835614 secs] [Times: user=0.97 sys=0.09, real=0.18 secs] 
2014-04-16T09:54:21.003+0900: 181.897: [GC (Allocation Failure) 181.897: [ParNew: 707840K->78592K(707840K), 0.1610550 secs] 7615301K->7095359K(25087232K), 0.1612355 secs] [Times: user=0.99 sys=0.10, real=0.16 secs] 
2014-04-16T09:54:21.775+0900: 182.669: [GC (Allocation Failure) 182.669: [ParNew: 707840K->78592K(707840K), 0.1818017 secs] 7724607K->7187820K(25087232K), 0.1819779 secs] [Times: user=0.94 sys=0.10, real=0.18 secs] 
2014-04-16T09:54:22.650+0900: 183.543: [GC (Allocation Failure) 183.543: [ParNew: 707840K->47492K(707840K), 0.1004470 secs] 7817068K->7217153K(25087232K), 0.1005914 secs] [Times: user=0.57 sys=0.04, real=0.10 secs] 
Heap
 par new generation   total 707840K, used 445841K [0x00000001c0000000, 0x00000001f0000000, 0x00000001f0000000)
  eden space 629248K,  63% used [0x00000001c0000000, 0x00000001d8503548, 0x00000001e6680000)
  from space 78592K,  60% used [0x00000001eb340000, 0x00000001ee1a1110, 0x00000001f0000000)
  to   space 78592K,   0% used [0x00000001e6680000, 0x00000001e6680000, 0x00000001eb340000)
 concurrent mark-sweep generation total 24379392K, used 7169661K [0x00000001f0000000, 0x00000007c0000000, 0x00000007c0000000)
 Metaspace       used 38436K, capacity 39463K, committed 39672K, reserved 1083392K
  class space    used 5855K, capacity 6079K, committed 6136K, reserved 1048576K
