Java HotSpot(TM) 64-Bit Server VM (25.5-b02) for linux-amd64 JRE (1.8.0_05-b13), built on Mar 18 2014 00:29:27 by "java_re" with gcc 4.3.0 20080428 (Red Hat 4.3.0-8)
Memory: 4k page, physical 32865776k(29612932k free), swap 2047992k(2047992k free)
CommandLine flags: -XX:CMSInitiatingOccupancyFraction=30 -XX:InitialHeapSize=25769803776 -XX:MaxHeapSize=25769803776 -XX:MaxNewSize=1134141440 -XX:MaxTenuringThreshold=6 -XX:NewSize=1134141440 -XX:OldPLABSize=16 -XX:OldSize=2268282880 -XX:+ParallelRefProcEnabled -XX:+PrintGC -XX:+PrintGCDateStamps -XX:+PrintGCDetails -XX:+PrintGCTimeStamps -XX:ThreadStackSize=2048 -XX:+UseCompressedClassPointers -XX:+UseCompressedOops -XX:+UseConcMarkSweepGC -XX:+UseParNewGC 
2014-04-16T09:57:37.904+0900: 2.243: [GC (CMS Initial Mark) [1 CMS-initial-mark: 0K(24058304K)] 141773K(25055104K), 0.0622220 secs] [Times: user=0.18 sys=0.00, real=0.06 secs] 
2014-04-16T09:57:37.966+0900: 2.305: [CMS-concurrent-mark-start]
2014-04-16T09:57:37.974+0900: 2.313: [CMS-concurrent-mark: 0.008/0.008 secs] [Times: user=0.09 sys=0.01, real=0.01 secs] 
2014-04-16T09:57:37.974+0900: 2.313: [CMS-concurrent-preclean-start]
2014-04-16T09:57:38.092+0900: 2.430: [CMS-concurrent-preclean: 0.117/0.117 secs] [Times: user=0.82 sys=0.03, real=0.12 secs] 
2014-04-16T09:57:38.092+0900: 2.431: [CMS-concurrent-abortable-preclean-start]
 CMS: abort preclean due to time 2014-04-16T09:57:43.205+0900: 7.544: [CMS-concurrent-abortable-preclean: 3.926/5.113 secs] [Times: user=8.70 sys=0.26, real=5.11 secs] 
2014-04-16T09:57:43.206+0900: 7.544: [GC (CMS Final Remark) [YG occupancy: 372284 K (996800 K)]7.545: [Rescan (parallel) , 0.0865788 secs]7.631: [weak refs processing, 0.0097719 secs]7.641: [class unloading, 0.0251742 secs]7.666: [scrub symbol table, 0.0044240 secs]7.671: [scrub string table, 0.0010376 secs][1 CMS-remark: 0K(24058304K)] 372284K(25055104K), 0.1341842 secs] [Times: user=0.89 sys=0.01, real=0.13 secs] 
2014-04-16T09:57:43.341+0900: 7.680: [CMS-concurrent-sweep-start]
2014-04-16T09:57:43.341+0900: 7.680: [CMS-concurrent-sweep: 0.000/0.000 secs] [Times: user=0.00 sys=0.00, real=0.00 secs] 
2014-04-16T09:57:43.341+0900: 7.680: [CMS-concurrent-reset-start]
2014-04-16T09:57:43.450+0900: 7.789: [CMS-concurrent-reset: 0.109/0.109 secs] [Times: user=0.03 sys=0.07, real=0.10 secs] 
2014-04-16T09:57:44.845+0900: 9.184: [GC (Allocation Failure) 9.184: [ParNew: 886080K->20487K(996800K), 0.0860099 secs] 886080K->20487K(25055104K), 0.0861484 secs] [Times: user=0.86 sys=0.08, real=0.09 secs] 
2014-04-16T09:57:47.373+0900: 11.712: [GC (Allocation Failure) 11.712: [ParNew: 906567K->71994K(996800K), 0.1141873 secs] 906567K->71994K(25055104K), 0.1145631 secs] [Times: user=1.51 sys=0.05, real=0.11 secs] 
2014-04-16T09:57:48.462+0900: 12.801: [GC (Allocation Failure) 12.802: [ParNew: 958074K->110720K(996800K), 0.6479930 secs] 958074K->263251K(25055104K), 0.6483231 secs] [Times: user=4.24 sys=0.34, real=0.64 secs] 
2014-04-16T09:57:50.291+0900: 14.630: [GC (Allocation Failure) 14.630: [ParNew: 996800K->110720K(996800K), 0.3417679 secs] 1149331K->406598K(25055104K), 0.3421372 secs] [Times: user=3.13 sys=0.17, real=0.35 secs] 
2014-04-16T09:57:51.501+0900: 15.840: [GC (Allocation Failure) 15.840: [ParNew: 996800K->110720K(996800K), 0.2672325 secs] 1292678K->525564K(25055104K), 0.2675891 secs] [Times: user=2.06 sys=0.15, real=0.27 secs] 
2014-04-16T09:57:52.422+0900: 16.761: [GC (Allocation Failure) 16.762: [ParNew: 996800K->110720K(996800K), 0.2600663 secs] 1411644K->643647K(25055104K), 0.2604312 secs] [Times: user=1.62 sys=0.14, real=0.26 secs] 
2014-04-16T09:57:53.367+0900: 17.706: [GC (Allocation Failure) 17.706: [ParNew: 996800K->110720K(996800K), 0.2649649 secs] 1529727K->766693K(25055104K), 0.2653219 secs] [Times: user=1.68 sys=0.14, real=0.27 secs] 
2014-04-16T09:57:54.289+0900: 18.628: [GC (Allocation Failure) 18.628: [ParNew: 996800K->110720K(996800K), 0.2626192 secs] 1652773K->893908K(25055104K), 0.2629613 secs] [Times: user=1.37 sys=0.15, real=0.26 secs] 
2014-04-16T09:57:55.243+0900: 19.582: [GC (Allocation Failure) 19.583: [ParNew: 996800K->110720K(996800K), 0.2802688 secs] 1779988K->1028624K(25055104K), 0.2806186 secs] [Times: user=1.65 sys=0.17, real=0.28 secs] 
2014-04-16T09:57:56.252+0900: 20.591: [GC (Allocation Failure) 20.591: [ParNew: 996800K->110720K(996800K), 0.2735850 secs] 1914704K->1156516K(25055104K), 0.2739333 secs] [Times: user=1.73 sys=0.14, real=0.28 secs] 
2014-04-16T09:57:57.226+0900: 21.565: [GC (Allocation Failure) 21.566: [ParNew: 996788K->110720K(996800K), 0.2807096 secs] 2042584K->1284914K(25055104K), 0.2810666 secs] [Times: user=1.76 sys=0.16, real=0.28 secs] 
2014-04-16T09:57:58.203+0900: 22.542: [GC (Allocation Failure) 22.542: [ParNew: 996800K->110720K(996800K), 0.2818712 secs] 2170994K->1412101K(25055104K), 0.2822449 secs] [Times: user=1.68 sys=0.13, real=0.28 secs] 
2014-04-16T09:57:59.158+0900: 23.497: [GC (Allocation Failure) 23.498: [ParNew: 996800K->110720K(996800K), 0.2570867 secs] 2298181K->1539747K(25055104K), 0.2574635 secs] [Times: user=1.41 sys=0.17, real=0.26 secs] 
2014-04-16T09:58:00.104+0900: 24.443: [GC (Allocation Failure) 24.443: [ParNew: 996800K->110720K(996800K), 0.2843522 secs] 2425827K->1673132K(25055104K), 0.2847288 secs] [Times: user=1.74 sys=0.16, real=0.28 secs] 
2014-04-16T09:58:01.076+0900: 25.415: [GC (Allocation Failure) 25.415: [ParNew: 996800K->110720K(996800K), 0.2671262 secs] 2559212K->1804198K(25055104K), 0.2675011 secs] [Times: user=1.60 sys=0.15, real=0.27 secs] 
2014-04-16T09:58:02.032+0900: 26.371: [GC (Allocation Failure) 26.371: [ParNew: 996800K->110720K(996800K), 0.2653534 secs] 2690278K->1939125K(25055104K), 0.2657314 secs] [Times: user=1.45 sys=0.16, real=0.27 secs] 
2014-04-16T09:58:02.991+0900: 27.330: [GC (Allocation Failure) 27.330: [ParNew: 996800K->110720K(996800K), 0.2738088 secs] 2825205K->2068817K(25055104K), 0.2741764 secs] [Times: user=1.64 sys=0.14, real=0.28 secs] 
2014-04-16T09:58:03.956+0900: 28.295: [GC (Allocation Failure) 28.295: [ParNew: 996800K->110720K(996800K), 0.2731377 secs] 2954897K->2193562K(25055104K), 0.2735107 secs] [Times: user=1.64 sys=0.16, real=0.27 secs] 
2014-04-16T09:58:04.925+0900: 29.264: [GC (Allocation Failure) 29.264: [ParNew: 996800K->110720K(996800K), 0.2747145 secs] 3079642K->2321652K(25055104K), 0.2750834 secs] [Times: user=1.66 sys=0.14, real=0.27 secs] 
2014-04-16T09:58:05.878+0900: 30.217: [GC (Allocation Failure) 30.217: [ParNew: 996800K->110720K(996800K), 0.2593821 secs] 3207732K->2449173K(25055104K), 0.2597541 secs] [Times: user=1.38 sys=0.18, real=0.26 secs] 
2014-04-16T09:58:06.825+0900: 31.164: [GC (Allocation Failure) 31.164: [ParNew: 996800K->110720K(996800K), 0.2545041 secs] 3335253K->2576978K(25055104K), 0.2548695 secs] [Times: user=1.39 sys=0.16, real=0.25 secs] 
2014-04-16T09:58:07.744+0900: 32.083: [GC (Allocation Failure) 32.083: [ParNew: 996800K->110720K(996800K), 0.2884336 secs] 3463058K->2716473K(25055104K), 0.2887813 secs] [Times: user=1.66 sys=0.17, real=0.29 secs] 
2014-04-16T09:58:08.698+0900: 33.037: [GC (Allocation Failure) 33.037: [ParNew: 996800K->110720K(996800K), 0.2468933 secs] 3602553K->2843605K(25055104K), 0.2472407 secs] [Times: user=1.34 sys=0.16, real=0.25 secs] 
2014-04-16T09:58:09.641+0900: 33.980: [GC (Allocation Failure) 33.980: [ParNew: 996800K->110720K(996800K), 0.2907083 secs] 3729685K->2983573K(25055104K), 0.2910568 secs] [Times: user=1.66 sys=0.18, real=0.29 secs] 
2014-04-16T09:58:10.611+0900: 34.950: [GC (Allocation Failure) 34.950: [ParNew: 996800K->110720K(996800K), 0.2616532 secs] 3869653K->3111915K(25055104K), 0.2620027 secs] [Times: user=1.72 sys=0.12, real=0.26 secs] 
2014-04-16T09:58:11.568+0900: 35.907: [GC (Allocation Failure) 35.907: [ParNew: 996800K->110720K(996800K), 0.2771021 secs] 3997995K->3240141K(25055104K), 0.2774838 secs] [Times: user=1.66 sys=0.18, real=0.28 secs] 
2014-04-16T09:58:12.521+0900: 36.860: [GC (Allocation Failure) 36.860: [ParNew: 996800K->110720K(996800K), 0.2829964 secs] 4126221K->3377646K(25055104K), 0.2833758 secs] [Times: user=1.61 sys=0.17, real=0.28 secs] 
2014-04-16T09:58:13.484+0900: 37.823: [GC (Allocation Failure) 37.823: [ParNew: 996800K->110720K(996800K), 0.2656398 secs] 4263726K->3501799K(25055104K), 0.2660335 secs] [Times: user=1.61 sys=0.14, real=0.27 secs] 
2014-04-16T09:58:14.420+0900: 38.759: [GC (Allocation Failure) 38.760: [ParNew: 996800K->110720K(996800K), 0.2695272 secs] 4387879K->3633043K(25055104K), 0.2699040 secs] [Times: user=1.45 sys=0.14, real=0.27 secs] 
2014-04-16T09:58:15.372+0900: 39.711: [GC (Allocation Failure) 39.711: [ParNew: 996800K->110720K(996800K), 0.2714771 secs] 4519123K->3760869K(25055104K), 0.2718450 secs] [Times: user=1.65 sys=0.15, real=0.27 secs] 
2014-04-16T09:58:16.319+0900: 40.658: [GC (Allocation Failure) 40.658: [ParNew: 996800K->110720K(996800K), 0.2678988 secs] 4646949K->3888361K(25055104K), 0.2682766 secs] [Times: user=1.57 sys=0.16, real=0.27 secs] 
2014-04-16T09:58:17.268+0900: 41.607: [GC (Allocation Failure) 41.608: [ParNew: 996800K->110720K(996800K), 0.2851451 secs] 4774441K->4026141K(25055104K), 0.2855104 secs] [Times: user=1.65 sys=0.16, real=0.28 secs] 
2014-04-16T09:58:18.237+0900: 42.576: [GC (Allocation Failure) 42.576: [ParNew: 996800K->110720K(996800K), 0.2683589 secs] 4912221K->4151427K(25055104K), 0.2687390 secs] [Times: user=1.62 sys=0.14, real=0.26 secs] 
2014-04-16T09:58:19.178+0900: 43.517: [GC (Allocation Failure) 43.517: [ParNew: 996800K->110720K(996800K), 0.2757400 secs] 5037507K->4279005K(25055104K), 0.2761100 secs] [Times: user=1.68 sys=0.14, real=0.27 secs] 
2014-04-16T09:58:20.143+0900: 44.482: [GC (Allocation Failure) 44.482: [ParNew: 996800K->110720K(996800K), 0.2741029 secs] 5165085K->4410811K(25055104K), 0.2744707 secs] [Times: user=1.59 sys=0.16, real=0.28 secs] 
2014-04-16T09:58:21.084+0900: 45.423: [GC (Allocation Failure) 45.423: [ParNew: 996800K->110720K(996800K), 0.2783504 secs] 5296891K->4538174K(25055104K), 0.2787222 secs] [Times: user=1.66 sys=0.17, real=0.28 secs] 
2014-04-16T09:58:22.039+0900: 46.378: [GC (Allocation Failure) 46.378: [ParNew: 996800K->110720K(996800K), 0.2849180 secs] 5424254K->4676024K(25055104K), 0.2852641 secs] [Times: user=1.64 sys=0.15, real=0.28 secs] 
2014-04-16T09:58:23.001+0900: 47.340: [GC (Allocation Failure) 47.340: [ParNew: 996800K->110720K(996800K), 0.2639857 secs] 5562104K->4799304K(25055104K), 0.2643332 secs] [Times: user=1.64 sys=0.11, real=0.26 secs] 
2014-04-16T09:58:23.947+0900: 48.286: [GC (Allocation Failure) 48.286: [ParNew: 996800K->110720K(996800K), 0.2906255 secs] 5685384K->4929837K(25055104K), 0.2909831 secs] [Times: user=1.62 sys=0.14, real=0.29 secs] 
2014-04-16T09:58:24.895+0900: 49.234: [GC (Allocation Failure) 49.234: [ParNew: 996800K->110720K(996800K), 0.2750320 secs] 5815917K->5057064K(25055104K), 0.2753855 secs] [Times: user=1.61 sys=0.15, real=0.28 secs] 
2014-04-16T09:58:25.839+0900: 50.178: [GC (Allocation Failure) 50.178: [ParNew: 996800K->110720K(996800K), 0.2866366 secs] 5943144K->5189970K(25055104K), 0.2869851 secs] [Times: user=1.61 sys=0.16, real=0.28 secs] 
2014-04-16T09:58:26.803+0900: 51.142: [GC (Allocation Failure) 51.142: [ParNew: 996800K->110720K(996800K), 0.2568731 secs] 6076050K->5327358K(25055104K), 0.2572300 secs] [Times: user=1.42 sys=0.14, real=0.26 secs] 
2014-04-16T09:58:27.797+0900: 52.136: [GC (Allocation Failure) 52.137: [ParNew: 996800K->110720K(996800K), 0.2633755 secs] 6213438K->5453610K(25055104K), 0.2637276 secs] [Times: user=1.59 sys=0.14, real=0.27 secs] 
2014-04-16T09:58:28.758+0900: 53.097: [GC (Allocation Failure) 53.098: [ParNew: 996800K->110720K(996800K), 0.2979807 secs] 6339690K->5601610K(25055104K), 0.2983443 secs] [Times: user=1.76 sys=0.18, real=0.29 secs] 
2014-04-16T09:58:29.734+0900: 54.073: [GC (Allocation Failure) 54.073: [ParNew: 996800K->110720K(996800K), 0.2429324 secs] 6487690K->5729991K(25055104K), 0.2432973 secs] [Times: user=1.79 sys=0.11, real=0.25 secs] 
2014-04-16T09:58:30.647+0900: 54.986: [GC (Allocation Failure) 54.986: [ParNew: 996800K->110720K(996800K), 0.2596895 secs] 6616071K->5860327K(25055104K), 0.2600480 secs] [Times: user=1.36 sys=0.16, real=0.26 secs] 
2014-04-16T09:58:31.589+0900: 55.928: [GC (Allocation Failure) 55.928: [ParNew: 996800K->110720K(996800K), 0.2772771 secs] 6746407K->5988032K(25055104K), 0.2776608 secs] [Times: user=1.63 sys=0.14, real=0.27 secs] 
2014-04-16T09:58:32.549+0900: 56.888: [GC (Allocation Failure) 56.888: [ParNew: 996800K->110720K(996800K), 0.2871818 secs] 6874112K->6127910K(25055104K), 0.2875394 secs] [Times: user=1.68 sys=0.14, real=0.28 secs] 
2014-04-16T09:58:33.510+0900: 57.849: [GC (Allocation Failure) 57.849: [ParNew: 996800K->110720K(996800K), 0.2625526 secs] 7013990K->6251487K(25055104K), 0.2629141 secs] [Times: user=1.59 sys=0.15, real=0.26 secs] 
2014-04-16T09:58:34.429+0900: 58.768: [GC (Allocation Failure) 58.769: [ParNew: 996800K->110720K(996800K), 0.2712310 secs] 7137567K->6378496K(25055104K), 0.2715907 secs] [Times: user=1.59 sys=0.15, real=0.27 secs] 
2014-04-16T09:58:35.359+0900: 59.698: [GC (Allocation Failure) 59.698: [ParNew: 996800K->110720K(996800K), 0.2683492 secs] 7264576K->6505308K(25055104K), 0.2687135 secs] [Times: user=1.55 sys=0.17, real=0.26 secs] 
2014-04-16T09:58:36.295+0900: 60.634: [GC (Allocation Failure) 60.634: [ParNew: 996800K->110720K(996800K), 0.2615921 secs] 7391388K->6641955K(25055104K), 0.2619540 secs] [Times: user=1.41 sys=0.14, real=0.26 secs] 
2014-04-16T09:58:37.220+0900: 61.559: [GC (Allocation Failure) 61.560: [ParNew: 996800K->110720K(996800K), 0.2617422 secs] 7528035K->6766779K(25055104K), 0.2621026 secs] [Times: user=1.54 sys=0.14, real=0.26 secs] 
2014-04-16T09:58:38.146+0900: 62.485: [GC (Allocation Failure) 62.485: [ParNew: 996800K->110720K(996800K), 0.2751048 secs] 7652859K->6902935K(25055104K), 0.2754638 secs] [Times: user=1.57 sys=0.17, real=0.28 secs] 
2014-04-16T09:58:39.049+0900: 63.388: [GC (Allocation Failure) 63.388: [ParNew: 996800K->110720K(996800K), 0.2681766 secs] 7789015K->7039997K(25055104K), 0.2685385 secs] [Times: user=1.63 sys=0.15, real=0.27 secs] 
2014-04-16T09:58:39.977+0900: 64.316: [GC (Allocation Failure) 64.316: [ParNew: 996800K->110720K(996800K), 0.2590191 secs] 7926077K->7166750K(25055104K), 0.2593790 secs] [Times: user=1.55 sys=0.12, real=0.26 secs] 
2014-04-16T09:58:40.909+0900: 65.247: [GC (Allocation Failure) 65.248: [ParNew: 996800K->110720K(996800K), 0.2640095 secs] 8052830K->7294013K(25055104K), 0.2643841 secs] [Times: user=1.59 sys=0.14, real=0.27 secs] 
2014-04-16T09:58:41.815+0900: 66.154: [GC (Allocation Failure) 66.154: [ParNew: 996800K->110720K(996800K), 0.2767481 secs] 8180093K->7431393K(25055104K), 0.2771117 secs] [Times: user=1.55 sys=0.18, real=0.28 secs] 
2014-04-16T09:58:42.093+0900: 66.432: [GC (CMS Initial Mark) [1 CMS-initial-mark: 7320673K(24058304K)] 7431546K(25055104K), 0.0084784 secs] [Times: user=0.08 sys=0.00, real=0.01 secs] 
2014-04-16T09:58:42.102+0900: 66.441: [CMS-concurrent-mark-start]
2014-04-16T09:58:42.894+0900: 67.233: [CMS-concurrent-mark: 0.792/0.792 secs] [Times: user=7.75 sys=1.68, real=0.79 secs] 
2014-04-16T09:58:42.894+0900: 67.233: [CMS-concurrent-preclean-start]
2014-04-16T09:58:42.972+0900: 67.311: [GC (Allocation Failure) 67.311: [ParNew: 996800K->110720K(996800K), 0.2743707 secs] 8317473K->7560028K(25055104K), 0.2747316 secs] [Times: user=1.50 sys=0.14, real=0.27 secs] 
2014-04-16T09:58:43.488+0900: 67.827: [CMS-concurrent-preclean: 0.316/0.594 secs] [Times: user=4.10 sys=0.99, real=0.59 secs] 
2014-04-16T09:58:43.488+0900: 67.827: [CMS-concurrent-abortable-preclean-start]
2014-04-16T09:58:43.967+0900: 68.306: [GC (Allocation Failure) 68.306: [ParNew: 996800K->110720K(996800K), 0.2850770 secs] 8446108K->7692427K(25055104K), 0.2854378 secs] [Times: user=1.64 sys=0.16, real=0.29 secs] 
2014-04-16T09:58:44.878+0900: 69.217: [CMS-concurrent-abortable-preclean: 1.043/1.390 secs] [Times: user=10.71 sys=3.06, real=1.39 secs] 
2014-04-16T09:58:44.879+0900: 69.218: [GC (CMS Final Remark) [YG occupancy: 936913 K (996800 K)]69.218: [Rescan (parallel) , 0.0932994 secs]69.312: [weak refs processing, 0.0029762 secs]69.315: [class unloading, 0.0505459 secs]69.365: [scrub symbol table, 0.0043907 secs]69.370: [scrub string table, 0.0012458 secs][1 CMS-remark: 7581707K(24058304K)] 8518621K(25055104K), 0.1624403 secs] [Times: user=1.29 sys=0.00, real=0.17 secs] 
2014-04-16T09:58:45.042+0900: 69.381: [CMS-concurrent-sweep-start]
2014-04-16T09:58:45.085+0900: 69.424: [GC (Allocation Failure) 69.424: [ParNew: 996800K->110720K(996800K), 0.3001793 secs] 8564046K->7801830K(25055104K), 0.3005411 secs] [Times: user=1.55 sys=0.16, real=0.30 secs] 
2014-04-16T09:58:46.123+0900: 70.462: [GC (Allocation Failure) 70.462: [ParNew: 996800K->110720K(996800K), 0.2075852 secs] 8196044K->7439736K(25055104K), 0.2079573 secs] [Times: user=1.56 sys=0.09, real=0.21 secs] 
2014-04-16T09:58:47.056+0900: 71.395: [GC (Allocation Failure) 71.395: [ParNew: 996800K->110720K(996800K), 0.1774112 secs] 7871908K->7113136K(25055104K), 0.1777967 secs] [Times: user=1.27 sys=0.08, real=0.18 secs] 
2014-04-16T09:58:47.941+0900: 72.280: [GC (Allocation Failure) 72.280: [ParNew: 996800K->110720K(996800K), 0.2104715 secs] 7538958K->6779148K(25055104K), 0.2108360 secs] [Times: user=1.59 sys=0.09, real=0.21 secs] 
2014-04-16T09:58:48.876+0900: 73.215: [GC (Allocation Failure) 73.215: [ParNew: 996800K->110720K(996800K), 0.2263031 secs] 7230171K->6480411K(25055104K), 0.2266704 secs] [Times: user=1.54 sys=0.11, real=0.23 secs] 
2014-04-16T09:58:49.826+0900: 74.165: [GC (Allocation Failure) 74.165: [ParNew: 996800K->110720K(996800K), 0.2097254 secs] 6924046K->6162842K(25055104K), 0.2100792 secs] [Times: user=1.58 sys=0.09, real=0.21 secs] 
2014-04-16T09:58:50.595+0900: 74.934: [CMS-concurrent-sweep: 4.209/5.553 secs] [Times: user=43.86 sys=11.37, real=5.55 secs] 
2014-04-16T09:58:50.595+0900: 74.934: [CMS-concurrent-reset-start]
2014-04-16T09:58:50.692+0900: 75.031: [CMS-concurrent-reset: 0.097/0.097 secs] [Times: user=0.79 sys=0.24, real=0.10 secs] 
2014-04-16T09:58:50.764+0900: 75.103: [GC (Allocation Failure) 75.103: [ParNew: 996800K->110720K(996800K), 0.2316678 secs] 6829510K->6073793K(25055104K), 0.2320211 secs] [Times: user=1.60 sys=0.09, real=0.23 secs] 
2014-04-16T09:58:51.662+0900: 76.001: [GC (Allocation Failure) 76.001: [ParNew: 996800K->110720K(996800K), 0.2661475 secs] 6959873K->6201489K(25055104K), 0.2665076 secs] [Times: user=1.60 sys=0.12, real=0.26 secs] 
2014-04-16T09:58:52.587+0900: 76.925: [GC (Allocation Failure) 76.926: [ParNew: 996800K->110720K(996800K), 0.2919831 secs] 7087569K->6338160K(25055104K), 0.2923363 secs] [Times: user=1.63 sys=0.14, real=0.29 secs] 
2014-04-16T09:58:53.541+0900: 77.880: [GC (Allocation Failure) 77.880: [ParNew: 996800K->110720K(996800K), 0.2626247 secs] 7224240K->6460759K(25055104K), 0.2629770 secs] [Times: user=1.48 sys=0.15, real=0.27 secs] 
2014-04-16T09:58:54.463+0900: 78.802: [GC (Allocation Failure) 78.802: [ParNew: 996800K->110720K(996800K), 0.2721436 secs] 7346839K->6587905K(25055104K), 0.2724953 secs] [Times: user=1.53 sys=0.13, real=0.27 secs] 
2014-04-16T09:58:55.400+0900: 79.739: [GC (Allocation Failure) 79.740: [ParNew: 996800K->110720K(996800K), 0.2759880 secs] 7473985K->6715390K(25055104K), 0.2763389 secs] [Times: user=1.51 sys=0.14, real=0.28 secs] 
2014-04-16T09:58:56.349+0900: 80.688: [GC (Allocation Failure) 80.688: [ParNew: 996800K->110720K(996800K), 0.2978273 secs] 7601470K->6856813K(25055104K), 0.2982001 secs] [Times: user=1.57 sys=0.17, real=0.30 secs] 
2014-04-16T09:58:57.318+0900: 81.657: [GC (Allocation Failure) 81.658: [ParNew: 996800K->110720K(996800K), 0.2775853 secs] 7742893K->6981376K(25055104K), 0.2779512 secs] [Times: user=1.55 sys=0.12, real=0.28 secs] 
2014-04-16T09:58:58.253+0900: 82.592: [GC (Allocation Failure) 82.593: [ParNew: 996800K->110720K(996800K), 0.2907698 secs] 7867456K->7111053K(25055104K), 0.2911300 secs] [Times: user=1.56 sys=0.16, real=0.29 secs] 
2014-04-16T09:58:59.220+0900: 83.559: [GC (Allocation Failure) 83.559: [ParNew: 996800K->110720K(996800K), 0.2739772 secs] 7997133K->7239112K(25055104K), 0.2743455 secs] [Times: user=1.55 sys=0.13, real=0.28 secs] 
2014-04-16T09:59:00.145+0900: 84.484: [GC (Allocation Failure) 84.484: [ParNew: 996800K->110720K(996800K), 0.2976439 secs] 8125192K->7377179K(25055104K), 0.2980009 secs] [Times: user=1.64 sys=0.17, real=0.30 secs] 
2014-04-16T09:59:00.446+0900: 84.785: [GC (CMS Initial Mark) [1 CMS-initial-mark: 7266459K(24058304K)] 7386258K(25055104K), 0.0105754 secs] [Times: user=0.08 sys=0.00, real=0.01 secs] 
2014-04-16T09:59:00.457+0900: 84.796: [CMS-concurrent-mark-start]
2014-04-16T09:59:01.383+0900: 85.722: [GC (Allocation Failure) 85.722: [ParNew: 996800K->110720K(996800K), 0.2817335 secs] 8263259K->7501334K(25055104K), 0.2820834 secs] [Times: user=1.63 sys=0.12, real=0.28 secs] 
2014-04-16T09:59:01.863+0900: 86.202: [CMS-concurrent-mark: 1.122/1.406 secs] [Times: user=12.58 sys=2.49, real=1.41 secs] 
2014-04-16T09:59:01.863+0900: 86.202: [CMS-concurrent-preclean-start]
2014-04-16T09:59:02.411+0900: 86.750: [GC (Allocation Failure) 86.750: [ParNew: 996800K->110720K(996800K), 0.3316214 secs] 8387414K->7635742K(25055104K), 0.3319770 secs] [Times: user=1.63 sys=0.18, real=0.34 secs] 
2014-04-16T09:59:02.834+0900: 87.173: [CMS-concurrent-preclean: 0.604/0.972 secs] [Times: user=6.98 sys=1.82, real=0.97 secs] 
2014-04-16T09:59:02.835+0900: 87.174: [CMS-concurrent-abortable-preclean-start]
2014-04-16T09:59:03.451+0900: 87.790: [GC (Allocation Failure) 87.790: [ParNew: 996800K->110720K(996800K), 0.3140198 secs] 8521822K->7764316K(25055104K), 0.3143717 secs] [Times: user=1.64 sys=0.14, real=0.32 secs] 
2014-04-16T09:59:04.458+0900: 88.797: [CMS-concurrent-abortable-preclean: 1.250/1.624 secs] [Times: user=12.54 sys=3.50, real=1.62 secs] 
2014-04-16T09:59:04.460+0900: 88.799: [GC (CMS Final Remark) [YG occupancy: 932013 K (996800 K)]88.799: [Rescan (parallel) , 0.0979755 secs]88.897: [weak refs processing, 0.0024313 secs]88.900: [class unloading, 0.0388779 secs]88.939: [scrub symbol table, 0.0043834 secs]88.943: [scrub string table, 0.0012219 secs][1 CMS-remark: 7653596K(24058304K)] 8585609K(25055104K), 0.1516746 secs] [Times: user=1.36 sys=0.00, real=0.15 secs] 
2014-04-16T09:59:04.612+0900: 88.951: [CMS-concurrent-sweep-start]
2014-04-16T09:59:04.667+0900: 89.006: [GC (Allocation Failure) 89.006: [ParNew: 996800K->110720K(996800K), 0.3237100 secs] 8628710K->7872146K(25055104K), 0.3240655 secs] [Times: user=1.86 sys=0.21, real=0.32 secs] 
2014-04-16T09:59:05.710+0900: 90.049: [GC (Allocation Failure) 90.049: [ParNew: 996789K->110720K(996800K), 0.2193350 secs] 8499236K->7742191K(25055104K), 0.2196894 secs] [Times: user=1.50 sys=0.10, real=0.22 secs] 
2014-04-16T09:59:06.652+0900: 90.991: [GC (Allocation Failure) 90.991: [ParNew: 996800K->110720K(996800K), 0.2097728 secs] 8437657K->7680605K(25055104K), 0.2101221 secs] [Times: user=1.49 sys=0.11, real=0.21 secs] 
2014-04-16T09:59:07.592+0900: 91.931: [GC (Allocation Failure) 91.931: [ParNew: 996800K->110720K(996800K), 0.2936846 secs] 8367704K->7651672K(25055104K), 0.2940501 secs] [Times: user=2.27 sys=0.12, real=0.30 secs] 
2014-04-16T09:59:08.185+0900: 92.524: [CMS-concurrent-sweep: 2.513/3.572 secs] [Times: user=28.86 sys=6.84, real=3.58 secs] 
2014-04-16T09:59:08.185+0900: 92.524: [CMS-concurrent-reset-start]
2014-04-16T09:59:08.281+0900: 92.620: [CMS-concurrent-reset: 0.096/0.096 secs] [Times: user=0.74 sys=0.26, real=0.09 secs] 
2014-04-16T09:59:08.591+0900: 92.930: [GC (Allocation Failure) 92.930: [ParNew: 996800K->110720K(996800K), 0.2115271 secs] 8336541K->7587345K(25055104K), 0.2118793 secs] [Times: user=1.95 sys=0.09, real=0.21 secs] 
2014-04-16T09:59:08.804+0900: 93.143: [GC (CMS Initial Mark) [1 CMS-initial-mark: 7476625K(24058304K)] 7587495K(25055104K), 0.0101563 secs] [Times: user=0.08 sys=0.01, real=0.01 secs] 
2014-04-16T09:59:08.815+0900: 93.154: [CMS-concurrent-mark-start]
2014-04-16T09:59:09.707+0900: 94.046: [GC (Allocation Failure) 94.046: [ParNew: 996800K->110720K(996800K), 0.2611303 secs] 8473425K->7715876K(25055104K), 0.2614909 secs] [Times: user=1.49 sys=0.11, real=0.26 secs] 
2014-04-16T09:59:10.516+0900: 94.855: [CMS-concurrent-mark: 1.438/1.701 secs] [Times: user=15.39 sys=3.15, real=1.70 secs] 
2014-04-16T09:59:10.516+0900: 94.855: [CMS-concurrent-preclean-start]
2014-04-16T09:59:10.794+0900: 95.133: [GC (Allocation Failure) 95.133: [ParNew: 996800K->110720K(996800K), 0.2935160 secs] 8601956K->7848149K(25055104K), 0.2938752 secs] [Times: user=1.53 sys=0.16, real=0.29 secs] 
2014-04-16T09:59:11.591+0900: 95.930: [CMS-concurrent-preclean: 0.724/1.075 secs] [Times: user=8.12 sys=2.19, real=1.07 secs] 
2014-04-16T09:59:11.592+0900: 95.931: [CMS-concurrent-abortable-preclean-start]
2014-04-16T09:59:11.793+0900: 96.132: [GC (Allocation Failure) 96.132: [ParNew: 996800K->110720K(996800K), 0.3166041 secs] 8734229K->7974527K(25055104K), 0.3169897 secs] [Times: user=1.58 sys=0.16, real=0.32 secs] 
2014-04-16T09:59:12.519+0900: 96.858: [CMS-concurrent-abortable-preclean: 0.581/0.927 secs] [Times: user=6.42 sys=1.76, real=0.93 secs] 
2014-04-16T09:59:12.521+0900: 96.860: [GC (CMS Final Remark) [YG occupancy: 609021 K (996800 K)]96.860: [Rescan (parallel) , 0.0662096 secs]96.926: [weak refs processing, 0.0023712 secs]96.928: [class unloading, 0.0414758 secs]96.970: [scrub symbol table, 0.0049332 secs]96.975: [scrub string table, 0.0013910 secs][1 CMS-remark: 7863807K(24058304K)] 8472828K(25055104K), 0.1232865 secs] [Times: user=0.92 sys=0.00, real=0.12 secs] 
2014-04-16T09:59:12.644+0900: 96.983: [CMS-concurrent-sweep-start]
2014-04-16T09:59:12.953+0900: 97.292: [GC (Allocation Failure) 97.292: [ParNew: 996800K->110720K(996800K), 0.2971265 secs] 8824179K->8069073K(25055104K), 0.2975035 secs] [Times: user=1.52 sys=0.16, real=0.30 secs] 
2014-04-16T09:59:13.971+0900: 98.310: [GC (Allocation Failure) 98.311: [ParNew: 996800K->110720K(996800K), 0.2683343 secs] 8844259K->8085300K(25055104K), 0.2687093 secs] [Times: user=1.51 sys=0.13, real=0.27 secs] 
2014-04-16T09:59:14.954+0900: 99.293: [GC (Allocation Failure) 99.293: [ParNew: 996800K->110720K(996800K), 0.2687496 secs] 8828011K->8071664K(25055104K), 0.2691119 secs] [Times: user=1.50 sys=0.12, real=0.27 secs] 
2014-04-16T09:59:15.760+0900: 100.099: [CMS-concurrent-sweep: 2.276/3.116 secs] [Times: user=23.23 sys=6.37, real=3.12 secs] 
2014-04-16T09:59:15.760+0900: 100.099: [CMS-concurrent-reset-start]
2014-04-16T09:59:15.856+0900: 100.195: [CMS-concurrent-reset: 0.096/0.096 secs] [Times: user=0.80 sys=0.27, real=0.10 secs] 
2014-04-16T09:59:15.941+0900: 100.280: [GC (Allocation Failure) 100.280: [ParNew: 996800K->110720K(996800K), 0.2385953 secs] 8834991K->8079843K(25055104K), 0.2389561 secs] [Times: user=1.53 sys=0.09, real=0.24 secs] 
2014-04-16T09:59:16.181+0900: 100.520: [GC (CMS Initial Mark) [1 CMS-initial-mark: 7969123K(24058304K)] 8079907K(25055104K), 0.0120092 secs] [Times: user=0.08 sys=0.01, real=0.01 secs] 
2014-04-16T09:59:16.193+0900: 100.532: [CMS-concurrent-mark-start]
2014-04-16T09:59:17.075+0900: 101.414: [GC (Allocation Failure) 101.414: [ParNew: 996800K->110720K(996800K), 0.3269536 secs] 8965923K->8211175K(25055104K), 0.3273223 secs] [Times: user=1.61 sys=0.16, real=0.32 secs] 
2014-04-16T09:59:18.073+0900: 102.412: [CMS-concurrent-mark: 1.551/1.880 secs] [Times: user=16.70 sys=3.51, real=1.88 secs] 
2014-04-16T09:59:18.073+0900: 102.412: [CMS-concurrent-preclean-start]
2014-04-16T09:59:18.236+0900: 102.575: [GC (Allocation Failure) 102.575: [ParNew: 996800K->110720K(996800K), 0.3272650 secs] 9097255K->8339808K(25055104K), 0.3276307 secs] [Times: user=1.57 sys=0.17, real=0.32 secs] 
2014-04-16T09:59:19.224+0900: 103.563: [CMS-concurrent-preclean: 0.764/1.150 secs] [Times: user=8.42 sys=2.34, real=1.15 secs] 
2014-04-16T09:59:19.224+0900: 103.563: [CMS-concurrent-abortable-preclean-start]
2014-04-16T09:59:19.262+0900: 103.600: [GC (Allocation Failure) 103.601: [ParNew: 996800K->110720K(996800K), 0.3201475 secs] 9225888K->8466816K(25055104K), 0.3205076 secs] [Times: user=1.56 sys=0.18, real=0.32 secs] 
2014-04-16T09:59:20.039+0900: 104.378: [CMS-concurrent-abortable-preclean: 0.462/0.815 secs] [Times: user=5.73 sys=1.55, real=0.82 secs] 
2014-04-16T09:59:20.040+0900: 104.379: [GC (CMS Final Remark) [YG occupancy: 701852 K (996800 K)]104.379: [Rescan (parallel) , 0.0748227 secs]104.454: [weak refs processing, 0.0021138 secs]104.456: [class unloading, 0.0387698 secs]104.495: [scrub symbol table, 0.0043706 secs]104.499: [scrub string table, 0.0012234 secs][1 CMS-remark: 8356096K(24058304K)] 9057948K(25055104K), 0.1280738 secs] [Times: user=1.02 sys=0.00, real=0.13 secs] 
2014-04-16T09:59:20.169+0900: 104.508: [CMS-concurrent-sweep-start]
2014-04-16T09:59:20.412+0900: 104.751: [GC (Allocation Failure) 104.751: [ParNew: 996800K->110720K(996800K), 0.3064892 secs] 9339188K->8581320K(25055104K), 0.3068496 secs] [Times: user=1.48 sys=0.19, real=0.31 secs] 
2014-04-16T09:59:21.431+0900: 105.770: [GC (Allocation Failure) 105.770: [ParNew: 996800K->110720K(996800K), 0.2897050 secs] 9430269K->8674786K(25055104K), 0.2900868 secs] [Times: user=1.55 sys=0.14, real=0.29 secs] 
2014-04-16T09:59:22.434+0900: 106.773: [GC (Allocation Failure) 106.773: [ParNew: 996800K->110720K(996800K), 0.2796920 secs] 9464041K->8709871K(25055104K), 0.2800742 secs] [Times: user=1.50 sys=0.15, real=0.28 secs] 
2014-04-16T09:59:23.402+0900: 107.741: [CMS-concurrent-sweep: 2.351/3.233 secs] [Times: user=23.88 sys=6.59, real=3.23 secs] 
2014-04-16T09:59:23.402+0900: 107.741: [CMS-concurrent-reset-start]
2014-04-16T09:59:23.435+0900: 107.774: [GC (Allocation Failure) 107.774: [ParNew: 996800K->110720K(996800K), 0.2138479 secs] 9421098K->8663350K(25055104K), 0.2142319 secs] [Times: user=1.48 sys=0.09, real=0.22 secs] 
2014-04-16T09:59:23.700+0900: 108.039: [CMS-concurrent-reset: 0.082/0.298 secs] [Times: user=2.18 sys=0.34, real=0.30 secs] 
2014-04-16T09:59:24.311+0900: 108.650: [GC (Allocation Failure) 108.650: [ParNew: 996800K->110720K(996800K), 0.2952662 secs] 9549430K->8790491K(25055104K), 0.2956420 secs] [Times: user=1.52 sys=0.14, real=0.29 secs] 
2014-04-16T09:59:24.608+0900: 108.947: [GC (CMS Initial Mark) [1 CMS-initial-mark: 8679771K(24058304K)] 8790555K(25055104K), 0.0084336 secs] [Times: user=0.08 sys=0.00, real=0.00 secs] 
2014-04-16T09:59:24.616+0900: 108.955: [CMS-concurrent-mark-start]
2014-04-16T09:59:25.637+0900: 109.976: [GC (Allocation Failure) 109.976: [ParNew: 996800K->110720K(996800K), 0.2988263 secs] 9676571K->8904035K(25055104K), 0.2991918 secs] [Times: user=1.45 sys=0.17, real=0.30 secs] 
2014-04-16T09:59:26.792+0900: 111.131: [CMS-concurrent-mark: 1.874/2.176 secs] [Times: user=19.17 sys=4.12, real=2.17 secs] 
2014-04-16T09:59:26.793+0900: 111.131: [CMS-concurrent-preclean-start]
2014-04-16T09:59:26.932+0900: 111.271: [GC (Allocation Failure) 111.271: [ParNew: 996800K->110720K(996800K), 0.2593801 secs] 9790115K->9001032K(25055104K), 0.2597393 secs] [Times: user=1.12 sys=0.17, real=0.26 secs] 
2014-04-16T09:59:27.842+0900: 112.181: [CMS-concurrent-preclean: 0.738/1.049 secs] [Times: user=7.29 sys=2.19, real=1.05 secs] 
2014-04-16T09:59:27.842+0900: 112.181: [CMS-concurrent-abortable-preclean-start]
2014-04-16T09:59:28.016+0900: 112.355: [GC (Allocation Failure) 112.355: [ParNew: 996800K->110720K(996800K), 0.2442657 secs] 9887112K->9091047K(25055104K), 0.2446219 secs] [Times: user=1.07 sys=0.14, real=0.25 secs] 
2014-04-16T09:59:28.675+0900: 113.014: [CMS-concurrent-abortable-preclean: 0.560/0.833 secs] [Times: user=5.70 sys=1.62, real=0.83 secs] 
2014-04-16T09:59:28.676+0900: 113.015: [GC (CMS Final Remark) [YG occupancy: 573528 K (996800 K)]113.015: [Rescan (parallel) , 0.0605289 secs]113.076: [weak refs processing, 0.0021500 secs]113.078: [class unloading, 0.0390815 secs]113.117: [scrub symbol table, 0.0043660 secs]113.121: [scrub string table, 0.0012243 secs][1 CMS-remark: 8980327K(24058304K)] 9553856K(25055104K), 0.1142067 secs] [Times: user=0.84 sys=0.00, real=0.12 secs] 
2014-04-16T09:59:28.791+0900: 113.130: [CMS-concurrent-sweep-start]
2014-04-16T09:59:29.181+0900: 113.520: [GC (Allocation Failure) 113.520: [ParNew: 996800K->110720K(996800K), 0.2254749 secs] 9949677K->9156322K(25055104K), 0.2258249 secs] [Times: user=1.06 sys=0.11, real=0.23 secs] 
2014-04-16T09:59:30.219+0900: 114.558: [GC (Allocation Failure) 114.558: [ParNew: 996800K->108579K(996800K), 0.2027086 secs] 10009058K->9208334K(25055104K), 0.2030640 secs] [Times: user=1.00 sys=0.11, real=0.20 secs] 
2014-04-16T09:59:30.828+0900: 115.167: [GC (Allocation Failure) 115.167: [ParNew: 994659K->77096K(996800K), 0.1659016 secs] 10067564K->9216885K(25055104K), 0.1662339 secs] [Times: user=0.78 sys=0.08, real=0.16 secs] 
2014-04-16T09:59:31.377+0900: 115.716: [GC (Allocation Failure) 115.716: [ParNew: 961769K->23402K(996800K), 0.0363215 secs] 10063414K->9125047K(25055104K), 0.0366461 secs] [Times: user=0.47 sys=0.00, real=0.04 secs] 
2014-04-16T09:59:31.603+0900: 115.942: [CMS-concurrent-sweep: 2.154/2.812 secs] [Times: user=22.03 sys=3.09, real=2.81 secs] 
2014-04-16T09:59:31.603+0900: 115.942: [CMS-concurrent-reset-start]
2014-04-16T09:59:31.715+0900: 116.054: [CMS-concurrent-reset: 0.112/0.112 secs] [Times: user=0.58 sys=0.03, real=0.11 secs] 
2014-04-16T09:59:32.084+0900: 116.423: [GC (Allocation Failure) 116.423: [ParNew: 909473K->110720K(996800K), 0.1102304 secs] 9763531K->9016121K(25055104K), 0.1106085 secs] [Times: user=1.32 sys=0.01, real=0.11 secs] 
2014-04-16T09:59:32.197+0900: 116.536: [GC (CMS Initial Mark) [1 CMS-initial-mark: 8905401K(24058304K)] 9018361K(25055104K), 0.0043479 secs] [Times: user=0.04 sys=0.00, real=0.00 secs] 
2014-04-16T09:59:32.202+0900: 116.541: [CMS-concurrent-mark-start]
2014-04-16T09:59:32.811+0900: 117.150: [GC (Allocation Failure) 117.150: [ParNew: 988400K->110720K(996800K), 0.1256390 secs] 9893801K->9177925K(25055104K), 0.1259617 secs] [Times: user=1.27 sys=0.07, real=0.12 secs] 
2014-04-16T09:59:33.450+0900: 117.789: [GC (Allocation Failure) 117.789: [ParNew: 996799K->110718K(996800K), 0.2644155 secs] 10064004K->9350236K(25055104K), 0.2647481 secs] [Times: user=1.21 sys=0.15, real=0.26 secs] 
2014-04-16T09:59:34.466+0900: 118.805: [CMS-concurrent-mark: 1.868/2.264 secs] [Times: user=18.87 sys=0.76, real=2.26 secs] 
2014-04-16T09:59:34.467+0900: 118.806: [CMS-concurrent-preclean-start]
2014-04-16T09:59:34.800+0900: 119.139: [CMS-concurrent-preclean: 0.303/0.334 secs] [Times: user=0.63 sys=0.02, real=0.34 secs] 
2014-04-16T09:59:34.801+0900: 119.139: [CMS-concurrent-abortable-preclean-start]
2014-04-16T09:59:35.281+0900: 119.620: [GC (Allocation Failure) 119.620: [ParNew: 996798K->110720K(996800K), 0.2241737 secs] 10236316K->9563475K(25055104K), 0.2244508 secs] [Times: user=1.08 sys=0.13, real=0.22 secs] 
2014-04-16T09:59:36.141+0900: 120.480: [GC (Allocation Failure) 120.480: [ParNew: 996800K->110720K(996800K), 0.2549222 secs] 10449555K->9763856K(25055104K), 0.2551999 secs] [Times: user=1.17 sys=0.16, real=0.25 secs] 
2014-04-16T09:59:36.396+0900: 120.735: [CMS-concurrent-abortable-preclean: 0.991/1.596 secs] [Times: user=5.51 sys=0.39, real=1.59 secs] 
2014-04-16T09:59:36.397+0900: 120.736: [GC (CMS Final Remark) [YG occupancy: 111661 K (996800 K)]120.736: [Rescan (parallel) , 0.0259616 secs]120.762: [weak refs processing, 0.0028555 secs]120.765: [class unloading, 0.0300976 secs]120.795: [scrub symbol table, 0.0032413 secs]120.798: [scrub string table, 0.0009212 secs][1 CMS-remark: 9653136K(24058304K)] 9764797K(25055104K), 0.0680397 secs] [Times: user=0.39 sys=0.00, real=0.07 secs] 
2014-04-16T09:59:36.466+0900: 120.804: [CMS-concurrent-sweep-start]
2014-04-16T09:59:36.911+0900: 121.250: [GC (Allocation Failure) 121.250: [ParNew: 989176K->110720K(996800K), 0.1295988 secs] 10413434K->9738729K(25055104K), 0.1299352 secs] [Times: user=1.19 sys=0.05, real=0.13 secs] 
2014-04-16T09:59:37.618+0900: 121.957: [GC (Allocation Failure) 121.958: [ParNew: 996800K->110720K(996800K), 0.1144258 secs] 10373265K->9647227K(25055104K), 0.1147048 secs] [Times: user=1.03 sys=0.05, real=0.11 secs] 
2014-04-16T09:59:38.408+0900: 122.747: [GC (Allocation Failure) 122.747: [ParNew: 996800K->110720K(996800K), 0.1030111 secs] 10095882K->9372215K(25055104K), 0.1032893 secs] [Times: user=0.91 sys=0.06, real=0.11 secs] 
2014-04-16T09:59:38.700+0900: 123.038: [CMS-concurrent-sweep: 1.879/2.234 secs] [Times: user=10.93 sys=0.41, real=2.24 secs] 
2014-04-16T09:59:38.700+0900: 123.039: [CMS-concurrent-reset-start]
2014-04-16T09:59:38.785+0900: 123.124: [CMS-concurrent-reset: 0.086/0.086 secs] [Times: user=0.36 sys=0.02, real=0.08 secs] 
2014-04-16T09:59:39.033+0900: 123.372: [GC (Allocation Failure) 123.372: [ParNew: 996800K->110720K(996800K), 0.1184623 secs] 9948422K->9226784K(25055104K), 0.1187817 secs] [Times: user=1.09 sys=0.05, real=0.12 secs] 
2014-04-16T09:59:39.153+0900: 123.492: [GC (CMS Initial Mark) [1 CMS-initial-mark: 9116064K(24058304K)] 9226834K(25055104K), 0.0037010 secs] [Times: user=0.04 sys=0.00, real=0.00 secs] 
2014-04-16T09:59:39.157+0900: 123.496: [CMS-concurrent-mark-start]
2014-04-16T09:59:40.263+0900: 124.602: [GC (Allocation Failure) 124.602: [ParNew: 996747K->110720K(996800K), 0.0950224 secs] 10112812K->9334703K(25055104K), 0.0953036 secs] [Times: user=0.81 sys=0.04, real=0.10 secs] 
2014-04-16T09:59:41.003+0900: 125.341: [CMS-concurrent-mark: 1.747/1.845 secs] [Times: user=9.44 sys=0.24, real=1.85 secs] 
2014-04-16T09:59:41.003+0900: 125.342: [CMS-concurrent-preclean-start]
2014-04-16T09:59:41.334+0900: 125.673: [CMS-concurrent-preclean: 0.307/0.332 secs] [Times: user=0.53 sys=0.00, real=0.33 secs] 
2014-04-16T09:59:41.335+0900: 125.673: [CMS-concurrent-abortable-preclean-start]
2014-04-16T09:59:41.615+0900: 125.954: [GC (Allocation Failure) 125.955: [ParNew: 996800K->105768K(996800K), 0.1408732 secs] 10220783K->9446673K(25055104K), 0.1411568 secs] [Times: user=0.82 sys=0.08, real=0.14 secs] 
2014-04-16T09:59:41.967+0900: 126.306: [CMS-concurrent-abortable-preclean: 0.473/0.633 secs] [Times: user=3.52 sys=0.08, real=0.63 secs] 
2014-04-16T09:59:41.969+0900: 126.308: [GC (CMS Final Remark) [YG occupancy: 393409 K (996800 K)]126.308: [Rescan (parallel) , 0.0415987 secs]126.349: [weak refs processing, 0.0061179 secs]126.355: [class unloading, 0.0377090 secs]126.393: [scrub symbol table, 0.0031654 secs]126.396: [scrub string table, 0.0008964 secs][1 CMS-remark: 9340905K(24058304K)] 9734314K(25055104K), 0.0953066 secs] [Times: user=0.60 sys=0.00, real=0.09 secs] 
2014-04-16T09:59:42.065+0900: 126.404: [CMS-concurrent-sweep-start]
2014-04-16T09:59:43.056+0900: 127.395: [GC (Allocation Failure) 127.395: [ParNew: 991848K->42160K(996800K), 0.0430974 secs] 10325397K->9375709K(25055104K), 0.0433782 secs] [Times: user=0.45 sys=0.00, real=0.05 secs] 
2014-04-16T09:59:43.420+0900: 127.759: [GC (Allocation Failure) 127.759: [ParNew: 928240K->43653K(996800K), 0.0463118 secs] 10229359K->9344771K(25055104K), 0.0465756 secs] [Times: user=0.50 sys=0.00, real=0.04 secs] 
2014-04-16T09:59:43.501+0900: 127.840: [CMS-concurrent-sweep: 1.335/1.436 secs] [Times: user=5.82 sys=0.00, real=1.44 secs] 
2014-04-16T09:59:43.501+0900: 127.840: [CMS-concurrent-reset-start]
2014-04-16T09:59:43.601+0900: 127.939: [CMS-concurrent-reset: 0.099/0.099 secs] [Times: user=0.64 sys=0.00, real=0.10 secs] 
2014-04-16T09:59:43.767+0900: 128.106: [GC (Allocation Failure) 128.107: [ParNew: 929733K->110720K(996800K), 0.0722681 secs] 9695130K->8949827K(25055104K), 0.0725276 secs] [Times: user=0.71 sys=0.02, real=0.08 secs] 
2014-04-16T09:59:43.841+0900: 128.180: [GC (CMS Initial Mark) [1 CMS-initial-mark: 8839107K(24058304K)] 8949949K(25055104K), 0.0036405 secs] [Times: user=0.03 sys=0.00, real=0.00 secs] 
2014-04-16T09:59:43.845+0900: 128.184: [CMS-concurrent-mark-start]
2014-04-16T09:59:44.219+0900: 128.558: [GC (Allocation Failure) 128.558: [ParNew: 996800K->110720K(996800K), 0.1531294 secs] 9835907K->9110050K(25055104K), 0.1534723 secs] [Times: user=0.97 sys=0.08, real=0.16 secs] 
2014-04-16T09:59:44.952+0900: 129.291: [GC (Allocation Failure) 129.292: [ParNew: 996800K->110720K(996800K), 0.1536591 secs] 9996130K->9277649K(25055104K), 0.1539822 secs] [Times: user=1.14 sys=0.08, real=0.15 secs] 
2014-04-16T09:59:45.791+0900: 130.130: [CMS-concurrent-mark: 1.634/1.946 secs] [Times: user=13.44 sys=0.54, real=1.95 secs] 
2014-04-16T09:59:45.791+0900: 130.130: [CMS-concurrent-preclean-start]
2014-04-16T09:59:46.079+0900: 130.418: [GC (Allocation Failure) 130.418: [ParNew: 996800K->110720K(996800K), 0.2437571 secs] 10163729K->9457321K(25055104K), 0.2440723 secs] [Times: user=1.16 sys=0.14, real=0.25 secs] 
2014-04-16T09:59:46.716+0900: 131.055: [CMS-concurrent-preclean: 0.611/0.925 secs] [Times: user=3.22 sys=0.20, real=0.92 secs] 
2014-04-16T09:59:46.716+0900: 131.055: [CMS-concurrent-abortable-preclean-start]
2014-04-16T09:59:46.965+0900: 131.304: [GC (Allocation Failure) 131.304: [ParNew: 996800K->110720K(996800K), 0.2283284 secs] 10343401K->9627266K(25055104K), 0.2286574 secs] [Times: user=1.17 sys=0.12, real=0.23 secs] 
2014-04-16T09:59:47.544+0900: 131.883: [CMS-concurrent-abortable-preclean: 0.571/0.828 secs] [Times: user=3.79 sys=0.27, real=0.83 secs] 
2014-04-16T09:59:47.546+0900: 131.885: [GC (CMS Final Remark) [YG occupancy: 821681 K (996800 K)]131.885: [Rescan (parallel) , 0.0583382 secs]131.943: [weak refs processing, 0.0067642 secs]131.950: [class unloading, 0.0410426 secs]131.991: [scrub symbol table, 0.0043843 secs]131.996: [scrub string table, 0.0012364 secs][1 CMS-remark: 9516546K(24058304K)] 10338228K(25055104K), 0.1197350 secs] [Times: user=0.81 sys=0.01, real=0.12 secs] 
2014-04-16T09:59:47.667+0900: 132.006: [CMS-concurrent-sweep-start]
2014-04-16T09:59:47.771+0900: 132.109: [GC (Allocation Failure) 132.110: [ParNew: 989798K->110720K(996800K), 0.1616163 secs] 10453669K->9731039K(25055104K), 0.1619377 secs] [Times: user=1.04 sys=0.09, real=0.16 secs] 
2014-04-16T09:59:48.344+0900: 132.683: [GC (Allocation Failure) 132.683: [ParNew: 996800K->110720K(996800K), 0.1264850 secs] 10345315K->9677720K(25055104K), 0.1268049 secs] [Times: user=1.18 sys=0.04, real=0.13 secs] 
2014-04-16T09:59:48.885+0900: 133.224: [GC (Allocation Failure) 133.224: [ParNew: 996800K->110720K(996800K), 0.1132303 secs] 10274375K->9559317K(25055104K), 0.1135316 secs] [Times: user=1.05 sys=0.05, real=0.11 secs] 
2014-04-16T09:59:49.428+0900: 133.767: [GC (Allocation Failure) 133.767: [ParNew: 996800K->110720K(996800K), 0.1331909 secs] 10153621K->9461196K(25055104K), 0.1335277 secs] [Times: user=1.14 sys=0.07, real=0.14 secs] 
2014-04-16T09:59:49.963+0900: 134.302: [CMS-concurrent-sweep: 1.753/2.297 secs] [Times: user=12.58 sys=0.60, real=2.30 secs] 
2014-04-16T09:59:49.963+0900: 134.302: [CMS-concurrent-reset-start]
2014-04-16T09:59:50.059+0900: 134.398: [CMS-concurrent-reset: 0.095/0.095 secs] [Times: user=0.38 sys=0.02, real=0.09 secs] 
2014-04-16T09:59:50.085+0900: 134.424: [GC (Allocation Failure) 134.424: [ParNew: 989787K->110720K(996800K), 0.1001542 secs] 9875287K->9117257K(25055104K), 0.1004419 secs] [Times: user=0.97 sys=0.03, real=0.10 secs] 
2014-04-16T09:59:50.188+0900: 134.527: [GC (CMS Initial Mark) [1 CMS-initial-mark: 9006537K(24058304K)] 9128613K(25055104K), 0.0034469 secs] [Times: user=0.03 sys=0.00, real=0.01 secs] 
2014-04-16T09:59:50.192+0900: 134.531: [CMS-concurrent-mark-start]
2014-04-16T09:59:50.553+0900: 134.892: [GC (Allocation Failure) 134.892: [ParNew: 995418K->110720K(996800K), 0.1190873 secs] 10001956K->9322999K(25055104K), 0.1193549 secs] [Times: user=1.03 sys=0.06, real=0.12 secs] 
2014-04-16T09:59:51.867+0900: 136.206: [CMS-concurrent-mark: 1.554/1.676 secs] [Times: user=9.74 sys=0.29, real=1.67 secs] 
2014-04-16T09:59:51.867+0900: 136.206: [CMS-concurrent-preclean-start]
2014-04-16T09:59:52.322+0900: 136.661: [CMS-concurrent-preclean: 0.418/0.454 secs] [Times: user=0.45 sys=0.00, real=0.46 secs] 
2014-04-16T09:59:52.322+0900: 136.661: [CMS-concurrent-abortable-preclean-start]
2014-04-16T09:59:53.258+0900: 137.597: [GC (Allocation Failure) 137.597: [ParNew: 996798K->110720K(996800K), 0.1049570 secs] 10209077K->9423402K(25055104K), 0.1052706 secs] [Times: user=1.02 sys=0.04, real=0.11 secs] 
2014-04-16T09:59:54.324+0900: 138.663: [GC (Allocation Failure) 138.663: [ParNew: 996800K->97067K(996800K), 0.1608253 secs] 10309482K->9510287K(25055104K), 0.1610886 secs] [Times: user=0.88 sys=0.09, real=0.16 secs] 
2014-04-16T09:59:54.549+0900: 138.888: [CMS-concurrent-abortable-preclean: 1.828/2.227 secs] [Times: user=5.96 sys=0.15, real=2.22 secs] 
2014-04-16T09:59:54.550+0900: 138.889: [GC (CMS Final Remark) [YG occupancy: 277093 K (996800 K)]138.889: [Rescan (parallel) , 0.0491494 secs]138.938: [weak refs processing, 0.0021768 secs]138.940: [class unloading, 0.0319081 secs]138.972: [scrub symbol table, 0.0034980 secs]138.976: [scrub string table, 0.0010085 secs][1 CMS-remark: 9413219K(24058304K)] 9690313K(25055104K), 0.0930576 secs] [Times: user=0.69 sys=0.00, real=0.10 secs] 
2014-04-16T09:59:54.643+0900: 138.982: [CMS-concurrent-sweep-start]
2014-04-16T09:59:55.812+0900: 140.151: [GC (Allocation Failure) 140.151: [ParNew: 983147K->69259K(996800K), 0.1072852 secs] 10363046K->9509118K(25055104K), 0.1075447 secs] [Times: user=0.62 sys=0.02, real=0.10 secs] 
2014-04-16T09:59:55.982+0900: 140.321: [CMS-concurrent-sweep: 1.227/1.339 secs] [Times: user=3.82 sys=0.02, real=1.34 secs] 
2014-04-16T09:59:55.983+0900: 140.321: [CMS-concurrent-reset-start]
2014-04-16T09:59:56.082+0900: 140.421: [CMS-concurrent-reset: 0.099/0.099 secs] [Times: user=0.59 sys=0.00, real=0.10 secs] 
2014-04-16T09:59:56.313+0900: 140.652: [GC (Allocation Failure) 140.652: [ParNew: 955339K->17355K(996800K), 0.0428876 secs] 9811485K->8873500K(25055104K), 0.0431732 secs] [Times: user=0.44 sys=0.01, real=0.04 secs] 
2014-04-16T09:59:56.358+0900: 140.697: [GC (CMS Initial Mark) [1 CMS-initial-mark: 8856145K(24058304K)] 8876394K(25055104K), 0.0016853 secs] [Times: user=0.01 sys=0.00, real=0.00 secs] 
2014-04-16T09:59:56.360+0900: 140.699: [CMS-concurrent-mark-start]
2014-04-16T09:59:56.766+0900: 141.105: [GC (Allocation Failure) 141.105: [ParNew: 898500K->86679K(996800K), 0.0471660 secs] 9754646K->8942824K(25055104K), 0.0474668 secs] [Times: user=0.57 sys=0.01, real=0.05 secs] 
2014-04-16T09:59:57.244+0900: 141.583: [GC (Allocation Failure) 141.583: [ParNew: 972759K->110720K(996800K), 0.1145982 secs] 9828904K->9058125K(25055104K), 0.1148886 secs] [Times: user=0.88 sys=0.05, real=0.11 secs] 
2014-04-16T09:59:57.996+0900: 142.335: [GC (Allocation Failure) 142.335: [ParNew: 994636K->110720K(996800K), 0.1738654 secs] 9942042K->9215571K(25055104K), 0.1741642 secs] [Times: user=1.06 sys=0.08, real=0.17 secs] 
2014-04-16T09:59:58.432+0900: 142.771: [CMS-concurrent-mark: 1.732/2.072 secs] [Times: user=15.89 sys=0.60, real=2.08 secs] 
2014-04-16T09:59:58.432+0900: 142.771: [CMS-concurrent-preclean-start]
2014-04-16T09:59:58.550+0900: 142.889: [GC (Allocation Failure) 142.889: [ParNew: 995023K->110720K(996800K), 0.2305118 secs] 10099874K->9415695K(25055104K), 0.2308031 secs] [Times: user=1.22 sys=0.12, real=0.23 secs] 
2014-04-16T09:59:59.137+0900: 143.476: [GC (Allocation Failure) 143.476: [ParNew: 996800K->110720K(996800K), 0.2448252 secs] 10301775K->9590890K(25055104K), 0.2451270 secs] [Times: user=1.18 sys=0.14, real=0.25 secs] 
2014-04-16T09:59:59.747+0900: 144.086: [GC (Allocation Failure) 144.086: [ParNew: 996800K->110720K(996800K), 0.2230520 secs] 10476970K->9778023K(25055104K), 0.2233513 secs] [Times: user=1.12 sys=0.12, real=0.22 secs] 
2014-04-16T10:00:00.057+0900: 144.396: [CMS-concurrent-preclean: 0.833/1.624 secs] [Times: user=9.14 sys=0.62, real=1.62 secs] 
2014-04-16T10:00:00.057+0900: 144.396: [CMS-concurrent-abortable-preclean-start]
2014-04-16T10:00:00.418+0900: 144.757: [GC (Allocation Failure) 144.757: [ParNew: 996800K->110720K(996800K), 0.2202827 secs] 10664103K->9937489K(25055104K), 0.2205773 secs] [Times: user=1.14 sys=0.11, real=0.22 secs] 
2014-04-16T10:00:01.134+0900: 145.473: [CMS-concurrent-abortable-preclean: 0.796/1.077 secs] [Times: user=4.75 sys=0.27, real=1.08 secs] 
2014-04-16T10:00:01.136+0900: 145.475: [GC (CMS Final Remark) [YG occupancy: 741925 K (996800 K)]145.475: [Rescan (parallel) , 0.0448062 secs]145.519: [weak refs processing, 0.0049460 secs]145.524: [class unloading, 0.0386941 secs]145.563: [scrub symbol table, 0.0041371 secs]145.567: [scrub string table, 0.0011743 secs][1 CMS-remark: 9826769K(24058304K)] 10568694K(25055104K), 0.1012252 secs] [Times: user=0.64 sys=0.00, real=0.10 secs] 
2014-04-16T10:00:01.238+0900: 145.577: [CMS-concurrent-sweep-start]
2014-04-16T10:00:01.394+0900: 145.733: [GC (Allocation Failure) 145.733: [ParNew: 996800K->110720K(996800K), 0.1637082 secs] 10750790K->10007636K(25055104K), 0.1639951 secs] [Times: user=1.08 sys=0.08, real=0.16 secs] 
2014-04-16T10:00:02.038+0900: 146.377: [GC (Allocation Failure) 146.377: [ParNew: 996800K->110720K(996800K), 0.1182780 secs] 10541205K->9844865K(25055104K), 0.1185512 secs] [Times: user=1.15 sys=0.05, real=0.12 secs] 
2014-04-16T10:00:02.564+0900: 146.903: [GC (Allocation Failure) 146.903: [ParNew: 996800K->110720K(996800K), 0.1092977 secs] 10348750K->9657947K(25055104K), 0.1095454 secs] [Times: user=1.01 sys=0.05, real=0.11 secs] 
2014-04-16T10:00:03.169+0900: 147.507: [CMS-concurrent-sweep: 1.528/1.931 secs] [Times: user=9.63 sys=0.43, real=1.93 secs] 
2014-04-16T10:00:03.169+0900: 147.508: [CMS-concurrent-reset-start]
2014-04-16T10:00:03.261+0900: 147.600: [CMS-concurrent-reset: 0.092/0.092 secs] [Times: user=0.29 sys=0.02, real=0.09 secs] 
2014-04-16T10:00:03.269+0900: 147.608: [GC (Allocation Failure) 147.608: [ParNew: 991441K->110720K(996800K), 0.1289593 secs] 9770060K->9064421K(25055104K), 0.1292112 secs] [Times: user=1.27 sys=0.05, real=0.13 secs] 
2014-04-16T10:00:03.407+0900: 147.746: [GC (CMS Initial Mark) [1 CMS-initial-mark: 8953701K(24058304K)] 9083831K(25055104K), 0.0309518 secs] [Times: user=0.05 sys=0.00, real=0.03 secs] 
2014-04-16T10:00:03.438+0900: 147.777: [CMS-concurrent-mark-start]
2014-04-16T10:00:04.042+0900: 148.381: [GC (Allocation Failure) 148.382: [ParNew: 996778K->110720K(996800K), 0.1347249 secs] 9950480K->9217626K(25055104K), 0.1349981 secs] [Times: user=1.34 sys=0.04, real=0.13 secs] 
2014-04-16T10:00:04.702+0900: 149.041: [CMS-concurrent-mark: 1.128/1.264 secs] [Times: user=7.80 sys=0.15, real=1.26 secs] 
2014-04-16T10:00:04.702+0900: 149.041: [CMS-concurrent-preclean-start]
2014-04-16T10:00:05.070+0900: 149.409: [CMS-concurrent-preclean: 0.349/0.368 secs] [Times: user=0.79 sys=0.01, real=0.37 secs] 
2014-04-16T10:00:05.070+0900: 149.409: [CMS-concurrent-abortable-preclean-start]
2014-04-16T10:00:06.272+0900: 150.611: [GC (Allocation Failure) 150.611: [ParNew: 996800K->110720K(996800K), 0.1230277 secs] 10103706K->9388456K(25055104K), 0.1232781 secs] [Times: user=1.31 sys=0.04, real=0.13 secs] 
2014-04-16T10:00:07.024+0900: 151.363: [CMS-concurrent-abortable-preclean: 1.805/1.953 secs] [Times: user=5.08 sys=0.13, real=1.96 secs] 
2014-04-16T10:00:07.025+0900: 151.364: [GC (CMS Final Remark) [YG occupancy: 742837 K (996800 K)]151.364: [Rescan (parallel) , 0.0449492 secs]151.409: [weak refs processing, 0.0061404 secs]151.415: [class unloading, 0.0286627 secs]151.444: [scrub symbol table, 0.0031573 secs]151.447: [scrub string table, 0.0009003 secs][1 CMS-remark: 9277736K(24058304K)] 10020574K(25055104K), 0.0893926 secs] [Times: user=0.63 sys=0.00, real=0.09 secs] 
2014-04-16T10:00:07.115+0900: 151.454: [CMS-concurrent-sweep-start]
2014-04-16T10:00:08.290+0900: 152.629: [CMS-concurrent-sweep: 1.175/1.175 secs] [Times: user=1.73 sys=0.01, real=1.17 secs] 
2014-04-16T10:00:08.290+0900: 152.629: [CMS-concurrent-reset-start]
2014-04-16T10:00:08.365+0900: 152.704: [CMS-concurrent-reset: 0.075/0.075 secs] [Times: user=0.07 sys=0.00, real=0.08 secs] 
2014-04-16T10:00:10.366+0900: 154.705: [GC (CMS Initial Mark) [1 CMS-initial-mark: 8669475K(24058304K)] 9643134K(25055104K), 0.0898777 secs] [Times: user=0.81 sys=0.00, real=0.09 secs] 
2014-04-16T10:00:10.456+0900: 154.795: [CMS-concurrent-mark-start]
2014-04-16T10:00:10.779+0900: 155.118: [GC (Allocation Failure) 155.118: [ParNew: 996800K->110720K(996800K), 0.2473155 secs] 9666275K->8935977K(25055104K), 0.2476076 secs] [Times: user=1.55 sys=0.12, real=0.25 secs] 
2014-04-16T10:00:11.904+0900: 156.242: [CMS-concurrent-mark: 1.198/1.447 secs] [Times: user=7.62 sys=0.12, real=1.45 secs] 
2014-04-16T10:00:11.904+0900: 156.243: [CMS-concurrent-preclean-start]
2014-04-16T10:00:12.016+0900: 156.355: [GC (Allocation Failure) 156.356: [ParNew: 996800K->110720K(996800K), 0.1268882 secs] 9822057K->9036037K(25055104K), 0.1271672 secs] [Times: user=1.17 sys=0.04, real=0.13 secs] 
2014-04-16T10:00:12.881+0900: 157.220: [CMS-concurrent-preclean: 0.791/0.977 secs] [Times: user=4.61 sys=0.04, real=0.97 secs] 
2014-04-16T10:00:12.881+0900: 157.220: [CMS-concurrent-abortable-preclean-start]
2014-04-16T10:00:13.007+0900: 157.346: [CMS-concurrent-abortable-preclean: 0.122/0.126 secs] [Times: user=0.47 sys=0.00, real=0.13 secs] 
2014-04-16T10:00:13.009+0900: 157.348: [GC (Allocation Failure) 157.348: [ParNew: 996800K->75081K(996800K), 0.0980278 secs] 9922117K->9069085K(25055104K), 0.0982970 secs] [Times: user=0.96 sys=0.01, real=0.10 secs] 
2014-04-16T10:00:13.108+0900: 157.447: [GC (CMS Final Remark) [YG occupancy: 78192 K (996800 K)]157.447: [Rescan (parallel) , 0.0328807 secs]157.480: [weak refs processing, 0.0021764 secs]157.482: [class unloading, 0.0416380 secs]157.524: [scrub symbol table, 0.0043866 secs]157.528: [scrub string table, 0.0012371 secs][1 CMS-remark: 8994004K(24058304K)] 9072196K(25055104K), 0.0894296 secs] [Times: user=0.48 sys=0.00, real=0.09 secs] 
2014-04-16T10:00:13.198+0900: 157.537: [CMS-concurrent-sweep-start]
2014-04-16T10:00:13.750+0900: 158.089: [GC (Allocation Failure) 158.089: [ParNew: 961161K->18802K(996800K), 0.0383167 secs] 9949377K->9007018K(25055104K), 0.0385419 secs] [Times: user=0.43 sys=0.00, real=0.04 secs] 
2014-04-16T10:00:14.413+0900: 158.752: [GC (Allocation Failure) 158.752: [ParNew: 904861K->108636K(996800K), 0.0526321 secs] 9883541K->9087316K(25055104K), 0.0528492 secs] [Times: user=0.62 sys=0.00, real=0.06 secs] 
2014-04-16T10:00:14.810+0900: 159.149: [CMS-concurrent-sweep: 1.504/1.612 secs] [Times: user=7.63 sys=0.14, real=1.61 secs] 
2014-04-16T10:00:14.810+0900: 159.149: [CMS-concurrent-reset-start]
2014-04-16T10:00:14.902+0900: 159.241: [CMS-concurrent-reset: 0.092/0.092 secs] [Times: user=0.37 sys=0.00, real=0.09 secs] 
2014-04-16T10:00:15.006+0900: 159.345: [GC (Allocation Failure) 159.345: [ParNew: 994716K->110720K(996800K), 0.1682858 secs] 9843192K->9069331K(25055104K), 0.1684872 secs] [Times: user=0.93 sys=0.08, real=0.17 secs] 
2014-04-16T10:00:15.175+0900: 159.514: [GC (CMS Initial Mark) [1 CMS-initial-mark: 8958611K(24058304K)] 9069700K(25055104K), 0.0040971 secs] [Times: user=0.04 sys=0.00, real=0.00 secs] 
2014-04-16T10:00:15.179+0900: 159.518: [CMS-concurrent-mark-start]
2014-04-16T10:00:15.800+0900: 160.139: [GC (Allocation Failure) 160.139: [ParNew: 996789K->110720K(996800K), 0.2110515 secs] 9955400K->9221025K(25055104K), 0.2112717 secs] [Times: user=1.07 sys=0.11, real=0.21 secs] 
2014-04-16T10:00:16.723+0900: 161.062: [CMS-concurrent-mark: 1.332/1.544 secs] [Times: user=10.01 sys=0.38, real=1.54 secs] 
2014-04-16T10:00:16.724+0900: 161.063: [CMS-concurrent-preclean-start]
2014-04-16T10:00:16.861+0900: 161.200: [GC (Allocation Failure) 161.200: [ParNew: 989111K->110720K(996800K), 0.1087117 secs] 10099416K->9351278K(25055104K), 0.1089151 secs] [Times: user=0.85 sys=0.05, real=0.11 secs] 
2014-04-16T10:00:17.354+0900: 161.693: [CMS-concurrent-preclean: 0.477/0.630 secs] [Times: user=2.03 sys=0.09, real=0.63 secs] 
2014-04-16T10:00:17.354+0900: 161.693: [CMS-concurrent-abortable-preclean-start]
2014-04-16T10:00:17.670+0900: 162.009: [CMS-concurrent-abortable-preclean: 0.314/0.316 secs] [Times: user=1.30 sys=0.05, real=0.32 secs] 
2014-04-16T10:00:17.671+0900: 162.010: [GC (CMS Final Remark) [YG occupancy: 968498 K (996800 K)]162.010: [Rescan (parallel) , 0.0446282 secs]162.055: [weak refs processing, 0.0043760 secs]162.059: [class unloading, 0.0299316 secs]162.089: [scrub symbol table, 0.0032575 secs]162.092: [scrub string table, 0.0009310 secs][1 CMS-remark: 9240558K(24058304K)] 10209056K(25055104K), 0.0882279 secs] [Times: user=0.62 sys=0.00, real=0.09 secs] 
2014-04-16T10:00:17.760+0900: 162.099: [CMS-concurrent-sweep-start]
2014-04-16T10:00:17.771+0900: 162.110: [GC (Allocation Failure) 162.110: [ParNew: 996800K->110720K(996800K), 0.1653706 secs] 10236599K->9522878K(25055104K), 0.1655553 secs] [Times: user=1.01 sys=0.07, real=0.17 secs] 
2014-04-16T10:00:18.445+0900: 162.784: [GC (Allocation Failure) 162.784: [ParNew: 996800K->110720K(996800K), 0.1208409 secs] 9805713K->9125677K(25055104K), 0.1210632 secs] [Times: user=1.10 sys=0.04, real=0.12 secs] 
2014-04-16T10:00:19.326+0900: 163.665: [GC (Allocation Failure) 163.665: [ParNew: 996800K->110720K(996800K), 0.1016231 secs] 8862105K->8117203K(25055104K), 0.1018100 secs] [Times: user=0.96 sys=0.04, real=0.10 secs] 
2014-04-16T10:00:20.137+0900: 164.476: [CMS-concurrent-sweep: 1.986/2.377 secs] [Times: user=9.44 sys=0.38, real=2.38 secs] 
2014-04-16T10:00:20.137+0900: 164.476: [CMS-concurrent-reset-start]
2014-04-16T10:00:20.243+0900: 164.582: [CMS-concurrent-reset: 0.106/0.106 secs] [Times: user=0.36 sys=0.03, real=0.10 secs] 
2014-04-16T10:00:20.264+0900: 164.603: [GC (Allocation Failure) 164.603: [ParNew: 996800K->110720K(996800K), 0.1031715 secs] 7186348K->6478616K(25055104K), 0.1033548 secs] [Times: user=1.01 sys=0.04, real=0.11 secs] 
2014-04-16T10:00:21.195+0900: 165.534: [GC (Allocation Failure) 165.534: [ParNew: 996800K->108382K(996800K), 0.0973469 secs] 7364696K->6570678K(25055104K), 0.0975690 secs] [Times: user=0.82 sys=0.03, real=0.09 secs] 
2014-04-16T10:00:21.977+0900: 166.316: [GC (Allocation Failure) 166.316: [ParNew: 994462K->110720K(996800K), 0.0651624 secs] 7456758K->6591723K(25055104K), 0.0653845 secs] [Times: user=0.70 sys=0.01, real=0.06 secs] 
2014-04-16T10:00:22.670+0900: 167.009: [GC (Allocation Failure) 167.009: [ParNew: 996800K->110720K(996800K), 0.1118199 secs] 7477803K->6756343K(25055104K), 0.1120370 secs] [Times: user=1.10 sys=0.03, real=0.11 secs] 
2014-04-16T10:00:23.279+0900: 167.618: [GC (Allocation Failure) 167.619: [ParNew: 996800K->110720K(996800K), 0.1103203 secs] 7642423K->6933477K(25055104K), 0.1105365 secs] [Times: user=1.10 sys=0.04, real=0.11 secs] 
2014-04-16T10:00:23.913+0900: 168.252: [GC (Allocation Failure) 168.252: [ParNew: 992816K->110720K(996800K), 0.1121788 secs] 7815574K->7105945K(25055104K), 0.1124009 secs] [Times: user=1.08 sys=0.05, real=0.12 secs] 
2014-04-16T10:00:24.539+0900: 168.878: [GC (Allocation Failure) 168.878: [ParNew: 996692K->110720K(996800K), 0.1089408 secs] 7991918K->7251749K(25055104K), 0.1091596 secs] [Times: user=1.02 sys=0.04, real=0.11 secs] 
2014-04-16T10:00:25.224+0900: 169.563: [GC (Allocation Failure) 169.563: [ParNew: 996800K->110720K(996800K), 0.1171553 secs] 8137829K->7419181K(25055104K), 0.1173739 secs] [Times: user=1.10 sys=0.04, real=0.12 secs] 
2014-04-16T10:00:25.342+0900: 169.681: [GC (CMS Initial Mark) [1 CMS-initial-mark: 7308461K(24058304K)] 7420498K(25055104K), 0.0029742 secs] [Times: user=0.03 sys=0.00, real=0.00 secs] 
2014-04-16T10:00:25.345+0900: 169.684: [CMS-concurrent-mark-start]
2014-04-16T10:00:26.042+0900: 170.381: [GC (Allocation Failure) 170.381: [ParNew: 996800K->110720K(996800K), 0.2245331 secs] 8305261K->7615543K(25055104K), 0.2247476 secs] [Times: user=1.17 sys=0.13, real=0.23 secs] 
2014-04-16T10:00:26.908+0900: 171.247: [GC (Allocation Failure) 171.247: [ParNew: 996779K->110720K(996800K), 0.2127597 secs] 8501602K->7768639K(25055104K), 0.2129968 secs] [Times: user=1.12 sys=0.11, real=0.21 secs] 
2014-04-16T10:00:27.421+0900: 171.760: [CMS-concurrent-mark: 1.636/2.076 secs] [Times: user=12.51 sys=0.60, real=2.08 secs] 
2014-04-16T10:00:27.421+0900: 171.760: [CMS-concurrent-preclean-start]
2014-04-16T10:00:27.832+0900: 172.171: [GC (Allocation Failure) 172.171: [ParNew: 996800K->110720K(996800K), 0.2003415 secs] 8654719K->7941827K(25055104K), 0.2005570 secs] [Times: user=1.11 sys=0.10, real=0.20 secs] 
2014-04-16T10:00:28.574+0900: 172.913: [GC (Allocation Failure) 172.913: [ParNew: 996800K->110720K(996800K), 0.2380425 secs] 8827907K->8113459K(25055104K), 0.2382572 secs] [Times: user=1.20 sys=0.11, real=0.24 secs] 
2014-04-16T10:00:28.903+0900: 173.242: [CMS-concurrent-preclean: 0.936/1.482 secs] [Times: user=6.18 sys=0.42, real=1.48 secs] 
2014-04-16T10:00:28.903+0900: 173.242: [CMS-concurrent-abortable-preclean-start]
2014-04-16T10:00:29.527+0900: 173.866: [GC (Allocation Failure) 173.866: [ParNew: 990622K->110720K(996800K), 0.2457363 secs] 8993361K->8300478K(25055104K), 0.2459492 secs] [Times: user=1.16 sys=0.12, real=0.24 secs] 
2014-04-16T10:00:29.857+0900: 174.196: [CMS-concurrent-abortable-preclean: 0.665/0.954 secs] [Times: user=3.37 sys=0.23, real=0.96 secs] 
2014-04-16T10:00:29.858+0900: 174.197: [GC (CMS Final Remark) [YG occupancy: 242918 K (996800 K)]174.197: [Rescan (parallel) , 0.0537297 secs]174.251: [weak refs processing, 0.0030684 secs]174.254: [class unloading, 0.0425474 secs]174.297: [scrub symbol table, 0.0043886 secs]174.301: [scrub string table, 0.0012353 secs][1 CMS-remark: 8189758K(24058304K)] 8432676K(25055104K), 0.1123710 secs] [Times: user=0.75 sys=0.00, real=0.11 secs] 
2014-04-16T10:00:29.971+0900: 174.310: [CMS-concurrent-sweep-start]
2014-04-16T10:00:30.593+0900: 174.932: [GC (Allocation Failure) 174.932: [ParNew: 996800K->110720K(996800K), 0.1880125 secs] 9180952K->8439431K(25055104K), 0.1882338 secs] [Times: user=1.00 sys=0.10, real=0.19 secs] 
2014-04-16T10:00:31.245+0900: 175.584: [CMS-concurrent-sweep: 1.084/1.274 secs] [Times: user=4.40 sys=0.24, real=1.27 secs] 
2014-04-16T10:00:31.245+0900: 175.584: [CMS-concurrent-reset-start]
2014-04-16T10:00:31.317+0900: 175.656: [CMS-concurrent-reset: 0.072/0.072 secs] [Times: user=0.22 sys=0.02, real=0.08 secs] 
2014-04-16T10:00:31.556+0900: 175.895: [GC (Allocation Failure) 175.895: [ParNew: 996800K->110720K(996800K), 0.2403564 secs] 8727644K->8003032K(25055104K), 0.2405491 secs] [Times: user=1.13 sys=0.13, real=0.24 secs] 
2014-04-16T10:00:31.797+0900: 176.136: [GC (CMS Initial Mark) [1 CMS-initial-mark: 7892312K(24058304K)] 8004709K(25055104K), 0.0040932 secs] [Times: user=0.04 sys=0.00, real=0.00 secs] 
2014-04-16T10:00:31.801+0900: 176.140: [CMS-concurrent-mark-start]
2014-04-16T10:00:32.619+0900: 176.958: [GC (Allocation Failure) 176.958: [ParNew: 993675K->110720K(996800K), 0.2472757 secs] 8885988K->8149088K(25055104K), 0.2474727 secs] [Times: user=1.12 sys=0.14, real=0.25 secs] 
2014-04-16T10:00:33.776+0900: 178.115: [CMS-concurrent-mark: 1.725/1.975 secs] [Times: user=10.54 sys=0.42, real=1.97 secs] 
2014-04-16T10:00:33.776+0900: 178.115: [CMS-concurrent-preclean-start]
2014-04-16T10:00:34.079+0900: 178.418: [CMS-concurrent-preclean: 0.279/0.303 secs] [Times: user=0.64 sys=0.01, real=0.31 secs] 
2014-04-16T10:00:34.079+0900: 178.418: [CMS-concurrent-abortable-preclean-start]
2014-04-16T10:00:34.139+0900: 178.478: [GC (Allocation Failure) 178.478: [ParNew: 996800K->110720K(996800K), 0.2389723 secs] 9035168K->8263753K(25055104K), 0.2391704 secs] [Times: user=1.13 sys=0.13, real=0.24 secs] 
2014-04-16T10:00:35.362+0900: 179.701: [CMS-concurrent-abortable-preclean: 1.005/1.283 secs] [Times: user=3.40 sys=0.16, real=1.28 secs] 
2014-04-16T10:00:35.363+0900: 179.702: [GC (CMS Final Remark) [YG occupancy: 742157 K (996800 K)]179.702: [Rescan (parallel) , 0.0530791 secs]179.755: [weak refs processing, 0.0078070 secs]179.763: [class unloading, 0.0425650 secs]179.806: [scrub symbol table, 0.0043893 secs]179.810: [scrub string table, 0.0012392 secs][1 CMS-remark: 8153033K(24058304K)] 8895191K(25055104K), 0.1175343 secs] [Times: user=0.76 sys=0.00, real=0.12 secs] 
2014-04-16T10:00:35.482+0900: 179.821: [CMS-concurrent-sweep-start]
2014-04-16T10:00:35.655+0900: 179.994: [GC (Allocation Failure) 179.994: [ParNew: 996800K->93411K(996800K), 0.1843596 secs] 9147642K->8337968K(25055104K), 0.1845596 secs] [Times: user=0.91 sys=0.09, real=0.19 secs] 
2014-04-16T10:00:36.726+0900: 181.065: [CMS-concurrent-sweep: 1.057/1.245 secs] [Times: user=3.54 sys=0.09, real=1.24 secs] 
2014-04-16T10:00:36.726+0900: 181.065: [CMS-concurrent-reset-start]
2014-04-16T10:00:36.788+0900: 181.127: [CMS-concurrent-reset: 0.062/0.062 secs] [Times: user=0.07 sys=0.00, real=0.07 secs] 
2014-04-16T10:00:37.274+0900: 181.613: [GC (Allocation Failure) 181.613: [ParNew: 979491K->87832K(996800K), 0.0512454 secs] 8865862K->7974203K(25055104K), 0.0514558 secs] [Times: user=0.53 sys=0.00, real=0.05 secs] 
2014-04-16T10:00:37.327+0900: 181.666: [GC (CMS Initial Mark) [1 CMS-initial-mark: 7886370K(24058304K)] 7979722K(25055104K), 0.0024362 secs] [Times: user=0.02 sys=0.00, real=0.01 secs] 
2014-04-16T10:00:37.329+0900: 181.668: [CMS-concurrent-mark-start]
2014-04-16T10:00:37.938+0900: 182.277: [CMS-concurrent-mark: 0.601/0.609 secs] [Times: user=3.59 sys=0.00, real=0.61 secs] 
2014-04-16T10:00:37.939+0900: 182.277: [CMS-concurrent-preclean-start]
2014-04-16T10:00:38.040+0900: 182.379: [CMS-concurrent-preclean: 0.102/0.102 secs] [Times: user=0.20 sys=0.00, real=0.10 secs] 
2014-04-16T10:00:38.040+0900: 182.379: [CMS-concurrent-abortable-preclean-start]
2014-04-16T10:00:38.596+0900: 182.935: [GC (Allocation Failure) 182.935: [ParNew: 973912K->44234K(996800K), 0.0506689 secs] 8860283K->7930605K(25055104K), 0.0508117 secs] [Times: user=0.51 sys=0.00, real=0.05 secs] 
Heap
 par new generation   total 996800K, used 394534K [0x00000001c0000000, 0x0000000203990000, 0x0000000203990000)
  eden space 886080K,  39% used [0x00000001c0000000, 0x00000001d5617110, 0x00000001f6150000)
  from space 110720K,  39% used [0x00000001fcd70000, 0x00000001ff8a2ac0, 0x0000000203990000)
  to   space 110720K,   0% used [0x00000001f6150000, 0x00000001f6150000, 0x00000001fcd70000)
 concurrent mark-sweep generation total 24058304K, used 7886370K [0x0000000203990000, 0x00000007c0000000, 0x00000007c0000000)
 Metaspace       used 38428K, capacity 39460K, committed 39680K, reserved 1083392K
  class space    used 5855K, capacity 6079K, committed 6144K, reserved 1048576K
