Java HotSpot(TM) 64-Bit Server VM (25.5-b02) for linux-amd64 JRE (1.8.0_05-b13), built on Mar 18 2014 00:29:27 by "java_re" with gcc 4.3.0 20080428 (Red Hat 4.3.0-8)
Memory: 4k page, physical 32865776k(29612244k free), swap 2047992k(2047992k free)
CommandLine flags: -XX:CMSInitiatingOccupancyFraction=30 -XX:InitialHeapSize=25769803776 -XX:MaxHeapSize=25769803776 -XX:MaxNewSize=536870912 -XX:MaxTenuringThreshold=6 -XX:NewSize=536870912 -XX:OldPLABSize=16 -XX:+ParallelRefProcEnabled -XX:+PrintGC -XX:+PrintGCDateStamps -XX:+PrintGCDetails -XX:+PrintGCTimeStamps -XX:ThreadStackSize=2048 -XX:+UseCompressedClassPointers -XX:+UseCompressedOops -XX:+UseConcMarkSweepGC -XX:+UseParNewGC 
2014-04-16T09:54:25.966+0900: 2.242: [GC (CMS Initial Mark) [1 CMS-initial-mark: 0K(24641536K)] 83891K(25113408K), 0.0558443 secs] [Times: user=0.23 sys=0.00, real=0.06 secs] 
2014-04-16T09:54:26.022+0900: 2.298: [CMS-concurrent-mark-start]
2014-04-16T09:54:26.031+0900: 2.307: [CMS-concurrent-mark: 0.009/0.009 secs] [Times: user=0.08 sys=0.00, real=0.01 secs] 
2014-04-16T09:54:26.031+0900: 2.307: [CMS-concurrent-preclean-start]
2014-04-16T09:54:26.190+0900: 2.466: [CMS-concurrent-preclean: 0.159/0.159 secs] [Times: user=0.93 sys=0.05, real=0.15 secs] 
2014-04-16T09:54:26.190+0900: 2.466: [CMS-concurrent-abortable-preclean-start]
 CMS: abort preclean due to time 2014-04-16T09:54:31.234+0900: 7.510: [CMS-concurrent-abortable-preclean: 3.899/5.044 secs] [Times: user=7.92 sys=0.20, real=5.05 secs] 
2014-04-16T09:54:31.235+0900: 7.510: [GC (CMS Final Remark) [YG occupancy: 235092 K (471872 K)]7.510: [Rescan (parallel) , 0.1044860 secs]7.615: [weak refs processing, 0.0116127 secs]7.627: [class unloading, 0.0251191 secs]7.652: [scrub symbol table, 0.0043719 secs]7.656: [scrub string table, 0.0010377 secs][1 CMS-remark: 0K(24641536K)] 235092K(25113408K), 0.1535381 secs] [Times: user=1.39 sys=0.01, real=0.15 secs] 
2014-04-16T09:54:31.389+0900: 7.665: [CMS-concurrent-sweep-start]
2014-04-16T09:54:31.389+0900: 7.665: [CMS-concurrent-sweep: 0.000/0.000 secs] [Times: user=0.00 sys=0.00, real=0.00 secs] 
2014-04-16T09:54:31.389+0900: 7.665: [CMS-concurrent-reset-start]
2014-04-16T09:54:31.502+0900: 7.777: [CMS-concurrent-reset: 0.112/0.112 secs] [Times: user=0.03 sys=0.08, real=0.12 secs] 
2014-04-16T09:54:32.699+0900: 8.975: [GC (Allocation Failure) 8.975: [ParNew: 419456K->19984K(471872K), 0.0822270 secs] 419456K->19984K(25113408K), 0.0823740 secs] [Times: user=0.80 sys=0.10, real=0.08 secs] 
2014-04-16T09:54:34.912+0900: 11.188: [GC (Allocation Failure) 11.188: [ParNew: 439440K->44449K(471872K), 0.0740179 secs] 439440K->44449K(25113408K), 0.0743508 secs] [Times: user=0.92 sys=0.04, real=0.08 secs] 
2014-04-16T09:54:35.761+0900: 12.036: [GC (Allocation Failure) 12.037: [ParNew: 463905K->52416K(471872K), 0.2462069 secs] 463905K->101348K(25113408K), 0.2465413 secs] [Times: user=2.29 sys=0.14, real=0.25 secs] 
2014-04-16T09:54:36.490+0900: 12.766: [GC (Allocation Failure) 12.766: [ParNew: 471872K->52416K(471872K), 0.2525388 secs] 520804K->200451K(25113408K), 0.2529500 secs] [Times: user=2.12 sys=0.11, real=0.26 secs] 
2014-04-16T09:54:37.143+0900: 13.419: [GC (Allocation Failure) 13.419: [ParNew: 471872K->52416K(471872K), 0.3065940 secs] 619907K->321004K(25113408K), 0.3069921 secs] [Times: user=2.53 sys=0.13, real=0.30 secs] 
2014-04-16T09:54:38.064+0900: 14.340: [GC (Allocation Failure) 14.341: [ParNew: 471872K->52416K(471872K), 0.2719253 secs] 740460K->411538K(25113408K), 0.2723500 secs] [Times: user=2.27 sys=0.09, real=0.27 secs] 
2014-04-16T09:54:38.843+0900: 15.119: [GC (Allocation Failure) 15.119: [ParNew: 471872K->52416K(471872K), 0.2389092 secs] 830994K->475044K(25113408K), 0.2393161 secs] [Times: user=1.63 sys=0.05, real=0.24 secs] 
2014-04-16T09:54:39.430+0900: 15.706: [GC (Allocation Failure) 15.706: [ParNew: 471872K->52416K(471872K), 0.1851026 secs] 894500K->532415K(25113408K), 0.1854656 secs] [Times: user=1.47 sys=0.05, real=0.19 secs] 
2014-04-16T09:54:39.952+0900: 16.227: [GC (Allocation Failure) 16.228: [ParNew: 471872K->52416K(471872K), 0.1580003 secs] 951871K->592521K(25113408K), 0.1583658 secs] [Times: user=1.27 sys=0.06, real=0.16 secs] 
2014-04-16T09:54:40.429+0900: 16.704: [GC (Allocation Failure) 16.705: [ParNew: 471872K->52416K(471872K), 0.1649693 secs] 1011977K->654713K(25113408K), 0.1653174 secs] [Times: user=1.32 sys=0.08, real=0.17 secs] 
2014-04-16T09:54:40.955+0900: 17.231: [GC (Allocation Failure) 17.231: [ParNew: 471872K->52416K(471872K), 0.1519795 secs] 1074169K->715869K(25113408K), 0.1523281 secs] [Times: user=1.21 sys=0.06, real=0.15 secs] 
2014-04-16T09:54:41.444+0900: 17.720: [GC (Allocation Failure) 17.720: [ParNew: 471872K->52416K(471872K), 0.1558158 secs] 1135325K->775535K(25113408K), 0.1561666 secs] [Times: user=1.25 sys=0.06, real=0.15 secs] 
2014-04-16T09:54:41.927+0900: 18.203: [GC (Allocation Failure) 18.203: [ParNew: 471872K->52416K(471872K), 0.1584148 secs] 1194991K->837461K(25113408K), 0.1587623 secs] [Times: user=1.26 sys=0.07, real=0.16 secs] 
2014-04-16T09:54:42.415+0900: 18.691: [GC (Allocation Failure) 18.691: [ParNew: 471872K->52416K(471872K), 0.1596411 secs] 1256917K->899464K(25113408K), 0.1599962 secs] [Times: user=1.22 sys=0.08, real=0.16 secs] 
2014-04-16T09:54:42.910+0900: 19.186: [GC (Allocation Failure) 19.186: [ParNew: 471872K->52416K(471872K), 0.1654583 secs] 1318920K->961199K(25113408K), 0.1658024 secs] [Times: user=1.31 sys=0.06, real=0.17 secs] 
2014-04-16T09:54:43.397+0900: 19.672: [GC (Allocation Failure) 19.673: [ParNew: 471872K->52416K(471872K), 0.1598724 secs] 1380655K->1023054K(25113408K), 0.1602218 secs] [Times: user=1.31 sys=0.06, real=0.16 secs] 
2014-04-16T09:54:43.882+0900: 20.158: [GC (Allocation Failure) 20.158: [ParNew: 471872K->52416K(471872K), 0.1516934 secs] 1442510K->1082684K(25113408K), 0.1520505 secs] [Times: user=1.27 sys=0.07, real=0.16 secs] 
2014-04-16T09:54:44.377+0900: 20.653: [GC (Allocation Failure) 20.653: [ParNew: 471872K->52416K(471872K), 0.1565750 secs] 1502140K->1148077K(25113408K), 0.1569218 secs] [Times: user=1.24 sys=0.07, real=0.16 secs] 
2014-04-16T09:54:44.859+0900: 21.135: [GC (Allocation Failure) 21.135: [ParNew: 471872K->52416K(471872K), 0.1596485 secs] 1567533K->1211678K(25113408K), 0.1600133 secs] [Times: user=1.29 sys=0.11, real=0.16 secs] 
2014-04-16T09:54:45.349+0900: 21.625: [GC (Allocation Failure) 21.625: [ParNew: 471872K->52416K(471872K), 0.1590173 secs] 1631134K->1273423K(25113408K), 0.1593649 secs] [Times: user=1.30 sys=0.07, real=0.16 secs] 
2014-04-16T09:54:45.842+0900: 22.118: [GC (Allocation Failure) 22.118: [ParNew: 471872K->52416K(471872K), 0.1604971 secs] 1692879K->1334428K(25113408K), 0.1608508 secs] [Times: user=1.32 sys=0.08, real=0.16 secs] 
2014-04-16T09:54:46.342+0900: 22.617: [GC (Allocation Failure) 22.618: [ParNew: 471872K->52416K(471872K), 0.1544838 secs] 1753884K->1395535K(25113408K), 0.1548418 secs] [Times: user=1.24 sys=0.07, real=0.16 secs] 
2014-04-16T09:54:46.831+0900: 23.107: [GC (Allocation Failure) 23.107: [ParNew: 471872K->52416K(471872K), 0.1534825 secs] 1814991K->1458300K(25113408K), 0.1538348 secs] [Times: user=1.17 sys=0.08, real=0.16 secs] 
2014-04-16T09:54:47.312+0900: 23.588: [GC (Allocation Failure) 23.588: [ParNew: 471872K->52416K(471872K), 0.1277626 secs] 1877756K->1519361K(25113408K), 0.1281113 secs] [Times: user=1.00 sys=0.07, real=0.13 secs] 
2014-04-16T09:54:47.764+0900: 24.039: [GC (Allocation Failure) 24.040: [ParNew: 471872K->52416K(471872K), 0.1534963 secs] 1938817K->1580018K(25113408K), 0.1538546 secs] [Times: user=1.21 sys=0.07, real=0.16 secs] 
2014-04-16T09:54:48.249+0900: 24.524: [GC (Allocation Failure) 24.524: [ParNew: 471872K->52416K(471872K), 0.1701920 secs] 1999474K->1644562K(25113408K), 0.1705452 secs] [Times: user=1.29 sys=0.07, real=0.17 secs] 
2014-04-16T09:54:48.741+0900: 25.016: [GC (Allocation Failure) 25.017: [ParNew: 471872K->52416K(471872K), 0.1528462 secs] 2064018K->1705063K(25113408K), 0.1532157 secs] [Times: user=1.23 sys=0.07, real=0.15 secs] 
2014-04-16T09:54:49.223+0900: 25.499: [GC (Allocation Failure) 25.499: [ParNew: 471872K->52416K(471872K), 0.1544004 secs] 2124519K->1766137K(25113408K), 0.1547765 secs] [Times: user=1.20 sys=0.06, real=0.16 secs] 
2014-04-16T09:54:49.688+0900: 25.963: [GC (Allocation Failure) 25.964: [ParNew: 471872K->52416K(471872K), 0.1529044 secs] 2185593K->1825948K(25113408K), 0.1532755 secs] [Times: user=1.18 sys=0.07, real=0.15 secs] 
2014-04-16T09:54:50.176+0900: 26.451: [GC (Allocation Failure) 26.452: [ParNew: 471872K->52416K(471872K), 0.1564344 secs] 2245404K->1886360K(25113408K), 0.1568090 secs] [Times: user=1.21 sys=0.08, real=0.15 secs] 
2014-04-16T09:54:50.658+0900: 26.934: [GC (Allocation Failure) 26.934: [ParNew: 471872K->52416K(471872K), 0.1416772 secs] 2305816K->1950494K(25113408K), 0.1420566 secs] [Times: user=0.98 sys=0.07, real=0.14 secs] 
2014-04-16T09:54:51.127+0900: 27.403: [GC (Allocation Failure) 27.403: [ParNew: 471872K->52416K(471872K), 0.1526725 secs] 2369950K->2015312K(25113408K), 0.1530549 secs] [Times: user=1.17 sys=0.07, real=0.15 secs] 
2014-04-16T09:54:51.605+0900: 27.881: [GC (Allocation Failure) 27.881: [ParNew: 471872K->52416K(471872K), 0.1624410 secs] 2434768K->2077853K(25113408K), 0.1628141 secs] [Times: user=1.26 sys=0.09, real=0.16 secs] 
2014-04-16T09:54:52.091+0900: 28.366: [GC (Allocation Failure) 28.367: [ParNew: 471872K->52416K(471872K), 0.1569973 secs] 2497309K->2140347K(25113408K), 0.1573746 secs] [Times: user=1.20 sys=0.09, real=0.16 secs] 
2014-04-16T09:54:52.573+0900: 28.848: [GC (Allocation Failure) 28.849: [ParNew: 471872K->52416K(471872K), 0.1516687 secs] 2559803K->2203706K(25113408K), 0.1520403 secs] [Times: user=1.16 sys=0.07, real=0.16 secs] 
2014-04-16T09:54:53.060+0900: 29.336: [GC (Allocation Failure) 29.336: [ParNew: 471872K->52416K(471872K), 0.1369850 secs] 2623162K->2264757K(25113408K), 0.1373546 secs] [Times: user=0.97 sys=0.07, real=0.14 secs] 
2014-04-16T09:54:53.519+0900: 29.795: [GC (Allocation Failure) 29.795: [ParNew: 471872K->52416K(471872K), 0.1541341 secs] 2684213K->2327936K(25113408K), 0.1545146 secs] [Times: user=1.19 sys=0.08, real=0.15 secs] 
2014-04-16T09:54:53.998+0900: 30.274: [GC (Allocation Failure) 30.274: [ParNew: 471872K->52416K(471872K), 0.1547951 secs] 2747392K->2389719K(25113408K), 0.1551653 secs] [Times: user=1.18 sys=0.06, real=0.15 secs] 
2014-04-16T09:54:54.484+0900: 30.760: [GC (Allocation Failure) 30.760: [ParNew: 471872K->52416K(471872K), 0.1338763 secs] 2809175K->2451202K(25113408K), 0.1342500 secs] [Times: user=0.99 sys=0.07, real=0.14 secs] 
2014-04-16T09:54:54.933+0900: 31.209: [GC (Allocation Failure) 31.209: [ParNew: 471872K->52416K(471872K), 0.1589664 secs] 2870658K->2512611K(25113408K), 0.1593474 secs] [Times: user=1.25 sys=0.08, real=0.16 secs] 
2014-04-16T09:54:55.420+0900: 31.696: [GC (Allocation Failure) 31.696: [ParNew: 471872K->52416K(471872K), 0.1604106 secs] 2932067K->2573401K(25113408K), 0.1607841 secs] [Times: user=1.23 sys=0.09, real=0.16 secs] 
2014-04-16T09:54:55.902+0900: 32.178: [GC (Allocation Failure) 32.178: [ParNew: 471872K->52416K(471872K), 0.1562538 secs] 2992857K->2633716K(25113408K), 0.1566278 secs] [Times: user=1.24 sys=0.06, real=0.16 secs] 
2014-04-16T09:54:56.383+0900: 32.658: [GC (Allocation Failure) 32.659: [ParNew: 471872K->52416K(471872K), 0.1567867 secs] 3053172K->2694045K(25113408K), 0.1571493 secs] [Times: user=1.19 sys=0.08, real=0.16 secs] 
2014-04-16T09:54:56.860+0900: 33.136: [GC (Allocation Failure) 33.136: [ParNew: 471872K->52416K(471872K), 0.1574073 secs] 3113501K->2755648K(25113408K), 0.1577927 secs] [Times: user=1.19 sys=0.06, real=0.16 secs] 
2014-04-16T09:54:57.343+0900: 33.618: [GC (Allocation Failure) 33.619: [ParNew: 471872K->52416K(471872K), 0.1559218 secs] 3175104K->2817554K(25113408K), 0.1563011 secs] [Times: user=1.20 sys=0.07, real=0.16 secs] 
2014-04-16T09:54:57.819+0900: 34.095: [GC (Allocation Failure) 34.095: [ParNew: 471872K->52416K(471872K), 0.1529643 secs] 3237010K->2877181K(25113408K), 0.1533416 secs] [Times: user=1.18 sys=0.08, real=0.15 secs] 
2014-04-16T09:54:58.299+0900: 34.575: [GC (Allocation Failure) 34.575: [ParNew: 471872K->52416K(471872K), 0.1738173 secs] 3296637K->2948162K(25113408K), 0.1741960 secs] [Times: user=1.28 sys=0.08, real=0.17 secs] 
2014-04-16T09:54:58.799+0900: 35.075: [GC (Allocation Failure) 35.075: [ParNew: 471872K->52416K(471872K), 0.1494112 secs] 3367618K->3009384K(25113408K), 0.1497807 secs] [Times: user=1.27 sys=0.05, real=0.15 secs] 
2014-04-16T09:54:59.273+0900: 35.548: [GC (Allocation Failure) 35.548: [ParNew: 471872K->52416K(471872K), 0.1660539 secs] 3428840K->3076197K(25113408K), 0.1664110 secs] [Times: user=1.25 sys=0.08, real=0.17 secs] 
2014-04-16T09:54:59.761+0900: 36.037: [GC (Allocation Failure) 36.037: [ParNew: 471872K->52416K(471872K), 0.1517015 secs] 3495653K->3138232K(25113408K), 0.1520552 secs] [Times: user=1.19 sys=0.08, real=0.15 secs] 
2014-04-16T09:55:00.232+0900: 36.508: [GC (Allocation Failure) 36.508: [ParNew: 471858K->52416K(471872K), 0.1546191 secs] 3557674K->3201232K(25113408K), 0.1549741 secs] [Times: user=1.21 sys=0.08, real=0.16 secs] 
2014-04-16T09:55:00.704+0900: 36.980: [GC (Allocation Failure) 36.980: [ParNew: 471872K->52416K(471872K), 0.1565786 secs] 3620688K->3262627K(25113408K), 0.1569397 secs] [Times: user=1.24 sys=0.07, real=0.16 secs] 
2014-04-16T09:55:01.174+0900: 37.450: [GC (Allocation Failure) 37.450: [ParNew: 471872K->52416K(471872K), 0.1515503 secs] 3682083K->3324030K(25113408K), 0.1519289 secs] [Times: user=1.16 sys=0.08, real=0.16 secs] 
2014-04-16T09:55:01.640+0900: 37.916: [GC (Allocation Failure) 37.916: [ParNew: 471872K->52416K(471872K), 0.1575450 secs] 3743486K->3385663K(25113408K), 0.1579248 secs] [Times: user=1.21 sys=0.08, real=0.16 secs] 
2014-04-16T09:55:02.119+0900: 38.395: [GC (Allocation Failure) 38.395: [ParNew: 471872K->52416K(471872K), 0.1585215 secs] 3805119K->3447724K(25113408K), 0.1588734 secs] [Times: user=1.19 sys=0.08, real=0.16 secs] 
2014-04-16T09:55:02.597+0900: 38.873: [GC (Allocation Failure) 38.873: [ParNew: 471872K->52416K(471872K), 0.1537382 secs] 3867180K->3509539K(25113408K), 0.1541157 secs] [Times: user=1.17 sys=0.07, real=0.15 secs] 
2014-04-16T09:55:03.061+0900: 39.337: [GC (Allocation Failure) 39.337: [ParNew: 471872K->52416K(471872K), 0.1584499 secs] 3928995K->3570755K(25113408K), 0.1588220 secs] [Times: user=1.16 sys=0.07, real=0.16 secs] 
2014-04-16T09:55:03.538+0900: 39.814: [GC (Allocation Failure) 39.814: [ParNew: 471872K->52416K(471872K), 0.1579824 secs] 3990211K->3634909K(25113408K), 0.1583635 secs] [Times: user=1.19 sys=0.05, real=0.16 secs] 
2014-04-16T09:55:03.999+0900: 40.275: [GC (Allocation Failure) 40.275: [ParNew: 471872K->52416K(471872K), 0.1617190 secs] 4054365K->3696410K(25113408K), 0.1621078 secs] [Times: user=1.21 sys=0.06, real=0.16 secs] 
2014-04-16T09:55:04.473+0900: 40.749: [GC (Allocation Failure) 40.749: [ParNew: 471872K->52416K(471872K), 0.1571443 secs] 4115866K->3756262K(25113408K), 0.1575302 secs] [Times: user=1.12 sys=0.06, real=0.16 secs] 
2014-04-16T09:55:04.951+0900: 41.227: [GC (Allocation Failure) 41.227: [ParNew: 471872K->52416K(471872K), 0.1476153 secs] 4175718K->3816493K(25113408K), 0.1479981 secs] [Times: user=1.12 sys=0.06, real=0.15 secs] 
2014-04-16T09:55:05.418+0900: 41.694: [GC (Allocation Failure) 41.694: [ParNew: 471872K->52416K(471872K), 0.1546713 secs] 4235949K->3883943K(25113408K), 0.1550479 secs] [Times: user=1.17 sys=0.07, real=0.15 secs] 
2014-04-16T09:55:05.887+0900: 42.163: [GC (Allocation Failure) 42.163: [ParNew: 471845K->52416K(471872K), 0.1535576 secs] 4303373K->3948861K(25113408K), 0.1539417 secs] [Times: user=1.19 sys=0.06, real=0.15 secs] 
2014-04-16T09:55:06.363+0900: 42.639: [GC (Allocation Failure) 42.639: [ParNew: 471872K->52416K(471872K), 0.1592535 secs] 4368317K->4014112K(25113408K), 0.1596297 secs] [Times: user=1.17 sys=0.06, real=0.16 secs] 
2014-04-16T09:55:06.818+0900: 43.094: [GC (Allocation Failure) 43.094: [ParNew: 471872K->52416K(471872K), 0.1525421 secs] 4433568K->4077137K(25113408K), 0.1529202 secs] [Times: user=1.20 sys=0.06, real=0.15 secs] 
2014-04-16T09:55:07.290+0900: 43.566: [GC (Allocation Failure) 43.566: [ParNew: 471872K->52416K(471872K), 0.1538377 secs] 4496593K->4139687K(25113408K), 0.1542124 secs] [Times: user=1.01 sys=0.06, real=0.15 secs] 
2014-04-16T09:55:07.756+0900: 44.032: [GC (Allocation Failure) 44.032: [ParNew: 471872K->52416K(471872K), 0.1544131 secs] 4559143K->4200379K(25113408K), 0.1547922 secs] [Times: user=1.18 sys=0.05, real=0.16 secs] 
2014-04-16T09:55:08.221+0900: 44.497: [GC (Allocation Failure) 44.497: [ParNew: 471872K->52416K(471872K), 0.1549047 secs] 4619835K->4261748K(25113408K), 0.1552793 secs] [Times: user=1.18 sys=0.08, real=0.15 secs] 
2014-04-16T09:55:08.699+0900: 44.974: [GC (Allocation Failure) 44.975: [ParNew: 471872K->52416K(471872K), 0.1586372 secs] 4681204K->4323032K(25113408K), 0.1590198 secs] [Times: user=1.15 sys=0.07, real=0.16 secs] 
2014-04-16T09:55:09.166+0900: 45.442: [GC (Allocation Failure) 45.442: [ParNew: 471872K->52416K(471872K), 0.1545795 secs] 4742488K->4382779K(25113408K), 0.1549623 secs] [Times: user=1.22 sys=0.06, real=0.16 secs] 
2014-04-16T09:55:09.648+0900: 45.924: [GC (Allocation Failure) 45.924: [ParNew: 471872K->52416K(471872K), 0.1423931 secs] 4802235K->4448324K(25113408K), 0.1427699 secs] [Times: user=0.91 sys=0.08, real=0.14 secs] 
2014-04-16T09:55:10.113+0900: 46.389: [GC (Allocation Failure) 46.389: [ParNew: 471872K->52416K(471872K), 0.1530811 secs] 4867780K->4511077K(25113408K), 0.1534587 secs] [Times: user=1.13 sys=0.08, real=0.15 secs] 
2014-04-16T09:55:10.578+0900: 46.854: [GC (Allocation Failure) 46.854: [ParNew: 471872K->52416K(471872K), 0.1519795 secs] 4930533K->4570984K(25113408K), 0.1523546 secs] [Times: user=1.13 sys=0.06, real=0.15 secs] 
2014-04-16T09:55:11.054+0900: 47.330: [GC (Allocation Failure) 47.330: [ParNew: 471872K->52416K(471872K), 0.1565365 secs] 4990440K->4633619K(25113408K), 0.1569158 secs] [Times: user=1.21 sys=0.06, real=0.16 secs] 
2014-04-16T09:55:11.536+0900: 47.811: [GC (Allocation Failure) 47.812: [ParNew: 471872K->52416K(471872K), 0.1604727 secs] 5053075K->4698035K(25113408K), 0.1608576 secs] [Times: user=1.16 sys=0.10, real=0.16 secs] 
2014-04-16T09:55:12.011+0900: 48.287: [GC (Allocation Failure) 48.287: [ParNew: 471872K->52416K(471872K), 0.1504378 secs] 5117491K->4758949K(25113408K), 0.1508188 secs] [Times: user=1.14 sys=0.08, real=0.15 secs] 
2014-04-16T09:55:12.471+0900: 48.747: [GC (Allocation Failure) 48.747: [ParNew: 471872K->52416K(471872K), 0.1545217 secs] 5178405K->4819850K(25113408K), 0.1548987 secs] [Times: user=1.19 sys=0.09, real=0.15 secs] 
2014-04-16T09:55:12.942+0900: 49.218: [GC (Allocation Failure) 49.218: [ParNew: 471872K->52416K(471872K), 0.1539628 secs] 5239306K->4882038K(25113408K), 0.1543444 secs] [Times: user=1.14 sys=0.08, real=0.15 secs] 
2014-04-16T09:55:13.407+0900: 49.683: [GC (Allocation Failure) 49.683: [ParNew: 471872K->52416K(471872K), 0.1546306 secs] 5301494K->4941895K(25113408K), 0.1550070 secs] [Times: user=1.16 sys=0.07, real=0.16 secs] 
2014-04-16T09:55:13.876+0900: 50.152: [GC (Allocation Failure) 50.152: [ParNew: 471872K->52416K(471872K), 0.1533667 secs] 5361351K->5004607K(25113408K), 0.1537507 secs] [Times: user=1.15 sys=0.07, real=0.16 secs] 
2014-04-16T09:55:14.341+0900: 50.616: [GC (Allocation Failure) 50.617: [ParNew: 471872K->52416K(471872K), 0.1323822 secs] 5424063K->5064864K(25113408K), 0.1327723 secs] [Times: user=0.94 sys=0.08, real=0.13 secs] 
2014-04-16T09:55:14.786+0900: 51.061: [GC (Allocation Failure) 51.062: [ParNew: 471872K->52416K(471872K), 0.1530653 secs] 5484320K->5127566K(25113408K), 0.1534390 secs] [Times: user=1.16 sys=0.08, real=0.16 secs] 
2014-04-16T09:55:15.252+0900: 51.528: [GC (Allocation Failure) 51.528: [ParNew: 471872K->52416K(471872K), 0.1501770 secs] 5547022K->5185276K(25113408K), 0.1505521 secs] [Times: user=1.12 sys=0.07, real=0.15 secs] 
2014-04-16T09:55:15.718+0900: 51.994: [GC (Allocation Failure) 51.994: [ParNew: 471872K->52416K(471872K), 0.1552412 secs] 5604732K->5248482K(25113408K), 0.1556155 secs] [Times: user=1.16 sys=0.07, real=0.16 secs] 
2014-04-16T09:55:16.200+0900: 52.475: [GC (Allocation Failure) 52.476: [ParNew: 471872K->52416K(471872K), 0.1382049 secs] 5667938K->5314971K(25113408K), 0.1385798 secs] [Times: user=0.96 sys=0.09, real=0.13 secs] 
2014-04-16T09:55:16.656+0900: 52.932: [GC (Allocation Failure) 52.932: [ParNew: 471872K->52416K(471872K), 0.1521093 secs] 5734427K->5379224K(25113408K), 0.1525147 secs] [Times: user=1.13 sys=0.07, real=0.16 secs] 
2014-04-16T09:55:17.129+0900: 53.405: [GC (Allocation Failure) 53.405: [ParNew: 471872K->52416K(471872K), 0.1564991 secs] 5798680K->5441702K(25113408K), 0.1568863 secs] [Times: user=1.20 sys=0.07, real=0.15 secs] 
2014-04-16T09:55:17.591+0900: 53.867: [GC (Allocation Failure) 53.867: [ParNew: 471872K->52416K(471872K), 0.1477264 secs] 5861158K->5501123K(25113408K), 0.1481139 secs] [Times: user=1.16 sys=0.08, real=0.15 secs] 
2014-04-16T09:55:18.063+0900: 54.338: [GC (Allocation Failure) 54.339: [ParNew: 471872K->52416K(471872K), 0.1765336 secs] 5920579K->5577893K(25113408K), 0.1769280 secs] [Times: user=1.36 sys=0.08, real=0.18 secs] 
2014-04-16T09:55:18.562+0900: 54.838: [GC (Allocation Failure) 54.838: [ParNew: 471872K->52416K(471872K), 0.1558889 secs] 5997349K->5647812K(25113408K), 0.1562713 secs] [Times: user=1.34 sys=0.06, real=0.16 secs] 
2014-04-16T09:55:19.032+0900: 55.308: [GC (Allocation Failure) 55.308: [ParNew: 471872K->52416K(471872K), 0.1519102 secs] 6067268K->5709469K(25113408K), 0.1523120 secs] [Times: user=1.22 sys=0.05, real=0.15 secs] 
2014-04-16T09:55:19.496+0900: 55.772: [GC (Allocation Failure) 55.772: [ParNew: 471872K->52416K(471872K), 0.1549735 secs] 6128925K->5771110K(25113408K), 0.1553606 secs] [Times: user=1.10 sys=0.07, real=0.16 secs] 
2014-04-16T09:55:19.968+0900: 56.244: [GC (Allocation Failure) 56.244: [ParNew: 471872K->52416K(471872K), 0.1563664 secs] 6190566K->5829559K(25113408K), 0.1567470 secs] [Times: user=1.12 sys=0.06, real=0.16 secs] 
2014-04-16T09:55:20.447+0900: 56.722: [GC (Allocation Failure) 56.723: [ParNew: 471872K->52416K(471872K), 0.1548098 secs] 6249015K->5889590K(25113408K), 0.1551902 secs] [Times: user=1.15 sys=0.09, real=0.16 secs] 
2014-04-16T09:55:20.915+0900: 57.191: [GC (Allocation Failure) 57.191: [ParNew: 471872K->52416K(471872K), 0.1379005 secs] 6309046K->5951930K(25113408K), 0.1382789 secs] [Times: user=0.93 sys=0.07, real=0.14 secs] 
2014-04-16T09:55:21.360+0900: 57.636: [GC (Allocation Failure) 57.636: [ParNew: 471872K->52416K(471872K), 0.1311210 secs] 6371386K->6010895K(25113408K), 0.1315007 secs] [Times: user=0.92 sys=0.08, real=0.13 secs] 
2014-04-16T09:55:21.803+0900: 58.079: [GC (Allocation Failure) 58.079: [ParNew: 471870K->52416K(471872K), 0.1603706 secs] 6430349K->6078835K(25113408K), 0.1607600 secs] [Times: user=1.13 sys=0.09, real=0.16 secs] 
2014-04-16T09:55:22.276+0900: 58.552: [GC (Allocation Failure) 58.552: [ParNew: 471872K->52416K(471872K), 0.1360158 secs] 6498291K->6142392K(25113408K), 0.1363956 secs] [Times: user=0.94 sys=0.08, real=0.14 secs] 
2014-04-16T09:55:22.723+0900: 58.999: [GC (Allocation Failure) 58.999: [ParNew: 471872K->52416K(471872K), 0.1521651 secs] 6561848K->6205096K(25113408K), 0.1525363 secs] [Times: user=1.18 sys=0.06, real=0.15 secs] 
2014-04-16T09:55:23.184+0900: 59.460: [GC (Allocation Failure) 59.460: [ParNew: 471869K->52416K(471872K), 0.1492884 secs] 6624550K->6265307K(25113408K), 0.1496528 secs] [Times: user=1.15 sys=0.07, real=0.15 secs] 
2014-04-16T09:55:23.654+0900: 59.930: [GC (Allocation Failure) 59.930: [ParNew: 471872K->52416K(471872K), 0.1482444 secs] 6684763K->6327087K(25113408K), 0.1486086 secs] [Times: user=1.09 sys=0.08, real=0.15 secs] 
2014-04-16T09:55:24.110+0900: 60.386: [GC (Allocation Failure) 60.386: [ParNew: 471872K->52416K(471872K), 0.1481720 secs] 6746543K->6386691K(25113408K), 0.1485359 secs] [Times: user=1.14 sys=0.08, real=0.14 secs] 
2014-04-16T09:55:24.574+0900: 60.850: [GC (Allocation Failure) 60.850: [ParNew: 471872K->52416K(471872K), 0.1496563 secs] 6806147K->6446507K(25113408K), 0.1500232 secs] [Times: user=1.13 sys=0.08, real=0.15 secs] 
2014-04-16T09:55:25.036+0900: 61.312: [GC (Allocation Failure) 61.312: [ParNew: 471872K->52416K(471872K), 0.1514870 secs] 6865963K->6506613K(25113408K), 0.1518494 secs] [Times: user=1.19 sys=0.07, real=0.15 secs] 
2014-04-16T09:55:25.510+0900: 61.785: [GC (Allocation Failure) 61.786: [ParNew: 471872K->52416K(471872K), 0.1343635 secs] 6926069K->6567062K(25113408K), 0.1347499 secs] [Times: user=0.95 sys=0.07, real=0.13 secs] 
2014-04-16T09:55:25.959+0900: 62.234: [GC (Allocation Failure) 62.234: [ParNew: 471872K->52416K(471872K), 0.1405765 secs] 6986518K->6634178K(25113408K), 0.1409494 secs] [Times: user=0.94 sys=0.07, real=0.15 secs] 
2014-04-16T09:55:26.414+0900: 62.689: [GC (Allocation Failure) 62.690: [ParNew: 471872K->52416K(471872K), 0.1320398 secs] 7053634K->6694757K(25113408K), 0.1324057 secs] [Times: user=0.94 sys=0.07, real=0.13 secs] 
2014-04-16T09:55:26.856+0900: 63.132: [GC (Allocation Failure) 63.132: [ParNew: 471872K->52416K(471872K), 0.1518838 secs] 7114213K->6754309K(25113408K), 0.1522458 secs] [Times: user=1.15 sys=0.07, real=0.15 secs] 
2014-04-16T09:55:27.317+0900: 63.593: [GC (Allocation Failure) 63.593: [ParNew: 471872K->52416K(471872K), 0.1541214 secs] 7173765K->6814867K(25113408K), 0.1544828 secs] [Times: user=1.13 sys=0.09, real=0.16 secs] 
2014-04-16T09:55:27.779+0900: 64.055: [GC (Allocation Failure) 64.055: [ParNew: 471872K->52416K(471872K), 0.1563397 secs] 7234323K->6877425K(25113408K), 0.1567052 secs] [Times: user=1.14 sys=0.07, real=0.16 secs] 
2014-04-16T09:55:28.248+0900: 64.524: [GC (Allocation Failure) 64.524: [ParNew: 471872K->52416K(471872K), 0.1540938 secs] 7296881K->6943662K(25113408K), 0.1544896 secs] [Times: user=1.15 sys=0.07, real=0.16 secs] 
2014-04-16T09:55:28.714+0900: 64.990: [GC (Allocation Failure) 64.990: [ParNew: 471872K->52416K(471872K), 0.1435853 secs] 7363118K->7005302K(25113408K), 0.1439713 secs] [Times: user=1.08 sys=0.07, real=0.14 secs] 
2014-04-16T09:55:29.170+0900: 65.445: [GC (Allocation Failure) 65.446: [ParNew: 471872K->52416K(471872K), 0.1423406 secs] 7424758K->7065567K(25113408K), 0.1427255 secs] [Times: user=0.94 sys=0.07, real=0.15 secs] 
2014-04-16T09:55:29.618+0900: 65.894: [GC (Allocation Failure) 65.894: [ParNew: 471872K->52416K(471872K), 0.1468008 secs] 7485023K->7125370K(25113408K), 0.1471847 secs] [Times: user=1.14 sys=0.07, real=0.15 secs] 
2014-04-16T09:55:30.071+0900: 66.347: [GC (Allocation Failure) 66.347: [ParNew: 471872K->52416K(471872K), 0.1538996 secs] 7544826K->7192672K(25113408K), 0.1542938 secs] [Times: user=1.11 sys=0.08, real=0.15 secs] 
2014-04-16T09:55:30.536+0900: 66.812: [GC (Allocation Failure) 66.812: [ParNew: 471872K->52416K(471872K), 0.1538538 secs] 7612128K->7254520K(25113408K), 0.1542369 secs] [Times: user=1.13 sys=0.08, real=0.15 secs] 
2014-04-16T09:55:30.996+0900: 67.272: [GC (Allocation Failure) 67.272: [ParNew: 471872K->52416K(471872K), 0.1514812 secs] 7673976K->7316236K(25113408K), 0.1518630 secs] [Times: user=1.12 sys=0.08, real=0.15 secs] 
2014-04-16T09:55:31.462+0900: 67.738: [GC (Allocation Failure) 67.738: [ParNew: 471872K->52416K(471872K), 0.1489077 secs] 7735692K->7375821K(25113408K), 0.1492899 secs] [Times: user=1.09 sys=0.08, real=0.15 secs] 
2014-04-16T09:55:31.912+0900: 68.187: [GC (Allocation Failure) 68.188: [ParNew: 471872K->52416K(471872K), 0.1458547 secs] 7795277K->7436811K(25113408K), 0.1462400 secs] [Times: user=1.09 sys=0.09, real=0.14 secs] 
2014-04-16T09:55:32.376+0900: 68.652: [GC (Allocation Failure) 68.652: [ParNew: 471872K->52416K(471872K), 0.1450880 secs] 7856267K->7494784K(25113408K), 0.1454786 secs] [Times: user=1.09 sys=0.06, real=0.15 secs] 
2014-04-16T09:55:32.523+0900: 68.799: [GC (CMS Initial Mark) [1 CMS-initial-mark: 7442368K(24641536K)] 7494914K(25113408K), 0.0045636 secs] [Times: user=0.05 sys=0.00, real=0.00 secs] 
2014-04-16T09:55:32.528+0900: 68.804: [CMS-concurrent-mark-start]
2014-04-16T09:55:32.956+0900: 69.232: [GC (Allocation Failure) 69.232: [ParNew: 471872K->52416K(471872K), 0.1553742 secs] 7914240K->7553857K(25113408K), 0.1557325 secs] [Times: user=1.19 sys=0.07, real=0.16 secs] 
2014-04-16T09:55:33.423+0900: 69.699: [CMS-concurrent-mark: 0.738/0.895 secs] [Times: user=8.55 sys=1.60, real=0.90 secs] 
2014-04-16T09:55:33.423+0900: 69.699: [CMS-concurrent-preclean-start]
2014-04-16T09:55:33.511+0900: 69.786: [GC (Allocation Failure) 69.787: [ParNew: 471872K->52416K(471872K), 0.1435749 secs] 7973313K->7616554K(25113408K), 0.1439524 secs] [Times: user=0.98 sys=0.06, real=0.14 secs] 
2014-04-16T09:55:33.993+0900: 70.269: [GC (Allocation Failure) 70.269: [ParNew: 471872K->52416K(471872K), 0.1393346 secs] 8036010K->7678189K(25113408K), 0.1397056 secs] [Times: user=0.95 sys=0.06, real=0.14 secs] 
2014-04-16T09:55:34.255+0900: 70.531: [CMS-concurrent-preclean: 0.520/0.832 secs] [Times: user=6.68 sys=1.60, real=0.83 secs] 
2014-04-16T09:55:34.255+0900: 70.531: [CMS-concurrent-abortable-preclean-start]
2014-04-16T09:55:34.471+0900: 70.747: [GC (Allocation Failure) 70.747: [ParNew: 471872K->52416K(471872K), 0.1325393 secs] 8097645K->7739213K(25113408K), 0.1329060 secs] [Times: user=0.92 sys=0.06, real=0.14 secs] 
2014-04-16T09:55:34.990+0900: 71.266: [CMS-concurrent-abortable-preclean: 0.573/0.735 secs] [Times: user=5.47 sys=1.51, real=0.73 secs] 
2014-04-16T09:55:34.991+0900: 71.267: [GC (Allocation Failure) 71.267: [ParNew: 471872K->52416K(471872K), 0.1523055 secs] 8158669K->7801756K(25113408K), 0.1526555 secs] [Times: user=1.14 sys=0.07, real=0.16 secs] 
2014-04-16T09:55:35.145+0900: 71.421: [GC (CMS Final Remark) [YG occupancy: 52503 K (471872 K)]71.421: [Rescan (parallel) , 0.0258362 secs]71.447: [weak refs processing, 0.0035290 secs]71.451: [class unloading, 0.0511521 secs]71.502: [scrub symbol table, 0.0043564 secs]71.506: [scrub string table, 0.0012707 secs][1 CMS-remark: 7749340K(24641536K)] 7801843K(25113408K), 0.0959712 secs] [Times: user=0.41 sys=0.01, real=0.10 secs] 
2014-04-16T09:55:35.244+0900: 71.520: [CMS-concurrent-sweep-start]
2014-04-16T09:55:35.577+0900: 71.853: [GC (Allocation Failure) 71.853: [ParNew: 471872K->52416K(471872K), 0.1375240 secs] 7983143K->7629097K(25113408K), 0.1379023 secs] [Times: user=1.13 sys=0.05, real=0.14 secs] 
2014-04-16T09:55:36.054+0900: 72.330: [GC (Allocation Failure) 72.330: [ParNew: 471872K->52416K(471872K), 0.1085844 secs] 7822218K->7467270K(25113408K), 0.1089536 secs] [Times: user=1.05 sys=0.04, real=0.11 secs] 
2014-04-16T09:55:36.505+0900: 72.781: [GC (Allocation Failure) 72.782: [ParNew: 471872K->52416K(471872K), 0.1158262 secs] 7658123K->7296755K(25113408K), 0.1166002 secs] [Times: user=1.18 sys=0.03, real=0.12 secs] 
2014-04-16T09:55:36.946+0900: 73.222: [GC (Allocation Failure) 73.222: [ParNew: 471872K->52416K(471872K), 0.0993512 secs] 7508777K->7149435K(25113408K), 0.0997070 secs] [Times: user=0.90 sys=0.03, real=0.10 secs] 
2014-04-16T09:55:37.382+0900: 73.657: [GC (Allocation Failure) 73.658: [ParNew: 471872K->52416K(471872K), 0.1217825 secs] 7355938K->6996567K(25113408K), 0.1221374 secs] [Times: user=1.15 sys=0.05, real=0.12 secs] 
2014-04-16T09:55:37.842+0900: 74.118: [GC (Allocation Failure) 74.118: [ParNew: 471872K->52416K(471872K), 0.1168284 secs] 7191086K->6833833K(25113408K), 0.1171846 secs] [Times: user=1.13 sys=0.04, real=0.11 secs] 
2014-04-16T09:55:38.290+0900: 74.565: [GC (Allocation Failure) 74.566: [ParNew: 471872K->52416K(471872K), 0.1151664 secs] 7029223K->6667347K(25113408K), 0.1155229 secs] [Times: user=1.12 sys=0.03, real=0.12 secs] 
2014-04-16T09:55:38.752+0900: 75.028: [GC (Allocation Failure) 75.028: [ParNew: 471872K->52416K(471872K), 0.1324562 secs] 6858882K->6503306K(25113408K), 0.1328183 secs] [Times: user=1.18 sys=0.06, real=0.13 secs] 
2014-04-16T09:55:39.230+0900: 75.506: [GC (Allocation Failure) 75.506: [ParNew: 471872K->52416K(471872K), 0.1261269 secs] 6690482K->6335221K(25113408K), 0.1264915 secs] [Times: user=1.17 sys=0.03, real=0.13 secs] 
2014-04-16T09:55:39.695+0900: 75.971: [GC (Allocation Failure) 75.971: [ParNew: 471872K->52416K(471872K), 0.1232119 secs] 6535901K->6177841K(25113408K), 0.1235761 secs] [Times: user=1.18 sys=0.04, real=0.12 secs] 
2014-04-16T09:55:40.142+0900: 76.417: [GC (Allocation Failure) 76.418: [ParNew: 471872K->52416K(471872K), 0.1149363 secs] 6394592K->6035621K(25113408K), 0.1152909 secs] [Times: user=1.14 sys=0.03, real=0.11 secs] 
2014-04-16T09:55:40.598+0900: 76.874: [GC (Allocation Failure) 76.874: [ParNew: 471872K->52416K(471872K), 0.1355786 secs] 6308999K->5951458K(25113408K), 0.1359574 secs] [Times: user=1.18 sys=0.06, real=0.14 secs] 
2014-04-16T09:55:40.827+0900: 77.103: [CMS-concurrent-sweep: 4.112/5.583 secs] [Times: user=48.18 sys=11.48, real=5.58 secs] 
2014-04-16T09:55:40.827+0900: 77.103: [CMS-concurrent-reset-start]
2014-04-16T09:55:40.924+0900: 77.199: [CMS-concurrent-reset: 0.096/0.096 secs] [Times: user=0.78 sys=0.24, real=0.10 secs] 
2014-04-16T09:55:41.075+0900: 77.351: [GC (Allocation Failure) 77.351: [ParNew: 471872K->52416K(471872K), 0.1441616 secs] 6370914K->6015928K(25113408K), 0.1445207 secs] [Times: user=1.18 sys=0.08, real=0.14 secs] 
2014-04-16T09:55:41.566+0900: 77.842: [GC (Allocation Failure) 77.842: [ParNew: 471872K->52416K(471872K), 0.1301030 secs] 6435384K->6076471K(25113408K), 0.1304567 secs] [Times: user=0.96 sys=0.07, real=0.13 secs] 
2014-04-16T09:55:42.017+0900: 78.293: [GC (Allocation Failure) 78.293: [ParNew: 471872K->52416K(471872K), 0.1480066 secs] 6495927K->6136477K(25113408K), 0.1483677 secs] [Times: user=1.13 sys=0.08, real=0.15 secs] 
2014-04-16T09:55:42.468+0900: 78.744: [GC (Allocation Failure) 78.744: [ParNew: 471872K->52416K(471872K), 0.1542631 secs] 6555933K->6198062K(25113408K), 0.1546235 secs] [Times: user=1.20 sys=0.07, real=0.16 secs] 
2014-04-16T09:55:42.947+0900: 79.222: [GC (Allocation Failure) 79.223: [ParNew: 471872K->52416K(471872K), 0.1506015 secs] 6617518K->6260401K(25113408K), 0.1509562 secs] [Times: user=1.15 sys=0.07, real=0.15 secs] 
2014-04-16T09:55:43.413+0900: 79.688: [GC (Allocation Failure) 79.689: [ParNew: 471872K->52416K(471872K), 0.1437869 secs] 6679857K->6319524K(25113408K), 0.1441418 secs] [Times: user=1.13 sys=0.06, real=0.14 secs] 
2014-04-16T09:55:43.875+0900: 80.151: [GC (Allocation Failure) 80.151: [ParNew: 471872K->52416K(471872K), 0.1448933 secs] 6738980K->6379923K(25113408K), 0.1452951 secs] [Times: user=1.19 sys=0.06, real=0.14 secs] 
2014-04-16T09:55:44.327+0900: 80.602: [GC (Allocation Failure) 80.603: [ParNew: 471852K->52416K(471872K), 0.1535317 secs] 6799359K->6446488K(25113408K), 0.1539156 secs] [Times: user=1.17 sys=0.07, real=0.15 secs] 
2014-04-16T09:55:44.782+0900: 81.058: [GC (Allocation Failure) 81.058: [ParNew: 471872K->52416K(471872K), 0.1471286 secs] 6865944K->6508097K(25113408K), 0.1475037 secs] [Times: user=1.17 sys=0.06, real=0.15 secs] 
2014-04-16T09:55:45.246+0900: 81.522: [GC (Allocation Failure) 81.522: [ParNew: 471872K->52416K(471872K), 0.1428795 secs] 6927553K->6569606K(25113408K), 0.1432518 secs] [Times: user=1.13 sys=0.07, real=0.14 secs] 
2014-04-16T09:55:45.695+0900: 81.971: [GC (Allocation Failure) 81.971: [ParNew: 471872K->52416K(471872K), 0.1451417 secs] 6989062K->6629885K(25113408K), 0.1455262 secs] [Times: user=1.19 sys=0.06, real=0.14 secs] 
2014-04-16T09:55:46.157+0900: 82.432: [GC (Allocation Failure) 82.433: [ParNew: 471872K->52416K(471872K), 0.1482660 secs] 7049341K->6689110K(25113408K), 0.1486408 secs] [Times: user=1.20 sys=0.05, real=0.15 secs] 
2014-04-16T09:55:46.614+0900: 82.890: [GC (Allocation Failure) 82.890: [ParNew: 471872K->52416K(471872K), 0.1436014 secs] 7108566K->6750111K(25113408K), 0.1439766 secs] [Times: user=1.10 sys=0.07, real=0.14 secs] 
2014-04-16T09:55:47.071+0900: 83.347: [GC (Allocation Failure) 83.347: [ParNew: 471872K->52416K(471872K), 0.1531491 secs] 7169567K->6812620K(25113408K), 0.1535290 secs] [Times: user=1.19 sys=0.05, real=0.16 secs] 
2014-04-16T09:55:47.542+0900: 83.817: [GC (Allocation Failure) 83.818: [ParNew: 471872K->52416K(471872K), 0.1505332 secs] 7232076K->6874326K(25113408K), 0.1509148 secs] [Times: user=1.21 sys=0.06, real=0.15 secs] 
2014-04-16T09:55:48.007+0900: 84.282: [GC (Allocation Failure) 84.283: [ParNew: 471872K->52416K(471872K), 0.1483982 secs] 7293782K->6932761K(25113408K), 0.1487638 secs] [Times: user=1.19 sys=0.06, real=0.15 secs] 
2014-04-16T09:55:48.456+0900: 84.732: [GC (Allocation Failure) 84.732: [ParNew: 471872K->52416K(471872K), 0.1565414 secs] 7352217K->6999841K(25113408K), 0.1569169 secs] [Times: user=1.16 sys=0.06, real=0.15 secs] 
2014-04-16T09:55:48.923+0900: 85.199: [GC (Allocation Failure) 85.199: [ParNew: 471872K->52416K(471872K), 0.1484299 secs] 7419297K->7060843K(25113408K), 0.1488415 secs] [Times: user=1.19 sys=0.07, real=0.15 secs] 
2014-04-16T09:55:49.377+0900: 85.653: [GC (Allocation Failure) 85.653: [ParNew: 471835K->52416K(471872K), 0.1464986 secs] 7480263K->7121610K(25113408K), 0.1468610 secs] [Times: user=1.16 sys=0.06, real=0.15 secs] 
2014-04-16T09:55:49.871+0900: 86.147: [GC (Allocation Failure) 86.147: [ParNew: 471860K->52416K(471872K), 0.1564346 secs] 7541055K->7183485K(25113408K), 0.1567930 secs] [Times: user=1.26 sys=0.07, real=0.16 secs] 
2014-04-16T09:55:50.344+0900: 86.620: [GC (Allocation Failure) 86.620: [ParNew: 471872K->52416K(471872K), 0.1546455 secs] 7602941K->7246463K(25113408K), 0.1549984 secs] [Times: user=1.14 sys=0.06, real=0.15 secs] 
2014-04-16T09:55:50.810+0900: 87.086: [GC (Allocation Failure) 87.086: [ParNew: 471872K->52416K(471872K), 0.1505306 secs] 7665919K->7307226K(25113408K), 0.1509108 secs] [Times: user=1.15 sys=0.06, real=0.15 secs] 
2014-04-16T09:55:51.284+0900: 87.559: [GC (Allocation Failure) 87.560: [ParNew: 471872K->52416K(471872K), 0.1440282 secs] 7726682K->7367462K(25113408K), 0.1444011 secs] [Times: user=1.14 sys=0.06, real=0.14 secs] 
2014-04-16T09:55:51.735+0900: 88.010: [GC (Allocation Failure) 88.010: [ParNew: 471872K->52416K(471872K), 0.1487049 secs] 7786918K->7426666K(25113408K), 0.1490787 secs] [Times: user=1.18 sys=0.06, real=0.15 secs] 
2014-04-16T09:55:52.204+0900: 88.480: [GC (Allocation Failure) 88.480: [ParNew: 471872K->52416K(471872K), 0.1475493 secs] 7846122K->7487865K(25113408K), 0.1479209 secs] [Times: user=1.10 sys=0.06, real=0.14 secs] 
2014-04-16T09:55:52.353+0900: 88.629: [GC (CMS Initial Mark) [1 CMS-initial-mark: 7435449K(24641536K)] 7488190K(25113408K), 0.0056994 secs] [Times: user=0.04 sys=0.00, real=0.00 secs] 
2014-04-16T09:55:52.359+0900: 88.635: [CMS-concurrent-mark-start]
2014-04-16T09:55:52.792+0900: 89.068: [GC (Allocation Failure) 89.068: [ParNew: 471872K->52416K(471872K), 0.1690167 secs] 7907321K->7549150K(25113408K), 0.1693929 secs] [Times: user=1.13 sys=0.08, real=0.17 secs] 
2014-04-16T09:55:53.388+0900: 89.664: [GC (Allocation Failure) 89.664: [ParNew: 471871K->52416K(471872K), 0.1761547 secs] 7968606K->7615639K(25113408K), 0.1765371 secs] [Times: user=1.16 sys=0.08, real=0.18 secs] 
2014-04-16T09:55:53.698+0900: 89.973: [CMS-concurrent-mark: 0.989/1.338 secs] [Times: user=11.97 sys=2.21, real=1.34 secs] 
2014-04-16T09:55:53.698+0900: 89.974: [CMS-concurrent-preclean-start]
2014-04-16T09:55:53.931+0900: 90.207: [GC (Allocation Failure) 90.207: [ParNew: 471872K->52416K(471872K), 0.1718392 secs] 8035095K->7679724K(25113408K), 0.1722568 secs] [Times: user=1.19 sys=0.08, real=0.17 secs] 
2014-04-16T09:55:54.439+0900: 90.714: [GC (Allocation Failure) 90.715: [ParNew: 471872K->52416K(471872K), 0.1738403 secs] 8099180K->7744033K(25113408K), 0.1742115 secs] [Times: user=1.14 sys=0.10, real=0.17 secs] 
2014-04-16T09:55:54.740+0900: 91.016: [CMS-concurrent-preclean: 0.650/1.043 secs] [Times: user=8.08 sys=2.01, real=1.04 secs] 
2014-04-16T09:55:54.741+0900: 91.016: [CMS-concurrent-abortable-preclean-start]
2014-04-16T09:55:54.943+0900: 91.218: [GC (Allocation Failure) 91.219: [ParNew: 471872K->52416K(471872K), 0.1706909 secs] 8163489K->7806491K(25113408K), 0.1710628 secs] [Times: user=1.16 sys=0.09, real=0.17 secs] 
2014-04-16T09:55:55.437+0900: 91.712: [GC (Allocation Failure) 91.713: [ParNew: 471872K->52416K(471872K), 0.1737447 secs] 8225947K->7870440K(25113408K), 0.1741156 secs] [Times: user=1.15 sys=0.09, real=0.17 secs] 
2014-04-16T09:55:55.611+0900: 91.887: [CMS-concurrent-abortable-preclean: 0.492/0.871 secs] [Times: user=6.71 sys=1.61, real=0.87 secs] 
2014-04-16T09:55:55.612+0900: 91.888: [GC (CMS Final Remark) [YG occupancy: 52612 K (471872 K)]91.888: [Rescan (parallel) , 0.0278867 secs]91.916: [weak refs processing, 0.0026325 secs]91.919: [class unloading, 0.0421953 secs]91.961: [scrub symbol table, 0.0048701 secs]91.966: [scrub string table, 0.0014007 secs][1 CMS-remark: 7818024K(24641536K)] 7870636K(25113408K), 0.0860191 secs] [Times: user=0.42 sys=0.00, real=0.09 secs] 
2014-04-16T09:55:55.699+0900: 91.975: [CMS-concurrent-sweep-start]
2014-04-16T09:55:56.047+0900: 92.322: [GC (Allocation Failure) 92.323: [ParNew: 471872K->52416K(471872K), 0.1278153 secs] 8174694K->7817573K(25113408K), 0.1281869 secs] [Times: user=1.13 sys=0.06, real=0.13 secs] 
2014-04-16T09:55:56.514+0900: 92.790: [GC (Allocation Failure) 92.790: [ParNew: 471872K->52416K(471872K), 0.1191991 secs] 8114073K->7755920K(25113408K), 0.1195809 secs] [Times: user=1.09 sys=0.04, real=0.12 secs] 
2014-04-16T09:55:56.961+0900: 93.237: [GC (Allocation Failure) 93.237: [ParNew: 471872K->52416K(471872K), 0.1291330 secs] 8050540K->7691541K(25113408K), 0.1295183 secs] [Times: user=1.08 sys=0.05, real=0.13 secs] 
2014-04-16T09:55:57.429+0900: 93.705: [GC (Allocation Failure) 93.705: [ParNew: 471872K->52416K(471872K), 0.1225628 secs] 8013527K->7655597K(25113408K), 0.1229381 secs] [Times: user=1.16 sys=0.04, real=0.12 secs] 
2014-04-16T09:55:57.878+0900: 94.154: [GC (Allocation Failure) 94.154: [ParNew: 471872K->52416K(471872K), 0.1268415 secs] 8006099K->7647074K(25113408K), 0.1272179 secs] [Times: user=1.09 sys=0.05, real=0.13 secs] 
2014-04-16T09:55:58.337+0900: 94.613: [GC (Allocation Failure) 94.613: [ParNew: 469945K->52416K(471872K), 0.1352818 secs] 8004647K->7652616K(25113408K), 0.1356671 secs] [Times: user=1.20 sys=0.04, real=0.13 secs] 
2014-04-16T09:55:58.834+0900: 95.110: [GC (Allocation Failure) 95.110: [ParNew: 471872K->52416K(471872K), 0.1743647 secs] 7954458K->7636593K(25113408K), 0.1747541 secs] [Times: user=1.79 sys=0.05, real=0.18 secs] 
2014-04-16T09:55:59.346+0900: 95.622: [GC (Allocation Failure) 95.622: [ParNew: 471872K->52416K(471872K), 0.1414567 secs] 7850168K->7490132K(25113408K), 0.1418354 secs] [Times: user=1.58 sys=0.02, real=0.14 secs] 
2014-04-16T09:55:59.521+0900: 95.797: [CMS-concurrent-sweep: 2.716/3.822 secs] [Times: user=33.53 sys=7.48, real=3.82 secs] 
2014-04-16T09:55:59.521+0900: 95.797: [CMS-concurrent-reset-start]
2014-04-16T09:55:59.602+0900: 95.878: [CMS-concurrent-reset: 0.081/0.081 secs] [Times: user=0.67 sys=0.24, real=0.08 secs] 
2014-04-16T09:55:59.816+0900: 96.092: [GC (Allocation Failure) 96.092: [ParNew: 471872K->52416K(471872K), 0.1476707 secs] 7904792K->7545607K(25113408K), 0.1480316 secs] [Times: user=1.13 sys=0.07, real=0.14 secs] 
2014-04-16T09:55:59.965+0900: 96.241: [GC (CMS Initial Mark) [1 CMS-initial-mark: 7493191K(24641536K)] 7545690K(25113408K), 0.0061899 secs] [Times: user=0.04 sys=0.00, real=0.00 secs] 
2014-04-16T09:55:59.972+0900: 96.248: [CMS-concurrent-mark-start]
2014-04-16T09:56:00.383+0900: 96.659: [GC (Allocation Failure) 96.659: [ParNew: 471872K->52416K(471872K), 0.1525091 secs] 7965063K->7607687K(25113408K), 0.1528910 secs] [Times: user=1.17 sys=0.07, real=0.16 secs] 
2014-04-16T09:56:00.957+0900: 97.232: [GC (Allocation Failure) 97.233: [ParNew: 471872K->52416K(471872K), 0.1510667 secs] 8027143K->7670219K(25113408K), 0.1514408 secs] [Times: user=1.17 sys=0.07, real=0.15 secs] 
2014-04-16T09:56:01.568+0900: 97.844: [GC (Allocation Failure) 97.844: [ParNew: 471872K->52416K(471872K), 0.1529017 secs] 8089675K->7731670K(25113408K), 0.1532590 secs] [Times: user=1.18 sys=0.05, real=0.15 secs] 
2014-04-16T09:56:01.830+0900: 98.105: [CMS-concurrent-mark: 1.396/1.858 secs] [Times: user=16.65 sys=3.15, real=1.86 secs] 
2014-04-16T09:56:01.830+0900: 98.106: [CMS-concurrent-preclean-start]
2014-04-16T09:56:02.085+0900: 98.361: [GC (Allocation Failure) 98.361: [ParNew: 471872K->52416K(471872K), 0.1570103 secs] 8151126K->7794511K(25113408K), 0.1573732 secs] [Times: user=1.12 sys=0.08, real=0.16 secs] 
2014-04-16T09:56:02.580+0900: 98.856: [GC (Allocation Failure) 98.856: [ParNew: 471872K->52416K(471872K), 0.1702060 secs] 8213967K->7855843K(25113408K), 0.1705714 secs] [Times: user=1.14 sys=0.08, real=0.17 secs] 
2014-04-16T09:56:02.854+0900: 99.130: [CMS-concurrent-preclean: 0.642/1.024 secs] [Times: user=8.16 sys=2.02, real=1.02 secs] 
2014-04-16T09:56:02.854+0900: 99.130: [CMS-concurrent-abortable-preclean-start]
2014-04-16T09:56:03.096+0900: 99.372: [GC (Allocation Failure) 99.372: [ParNew: 471872K->52416K(471872K), 0.1738899 secs] 8275299K->7917505K(25113408K), 0.1742852 secs] [Times: user=1.14 sys=0.10, real=0.17 secs] 
2014-04-16T09:56:03.644+0900: 99.920: [CMS-concurrent-abortable-preclean: 0.588/0.790 secs] [Times: user=5.85 sys=1.59, real=0.79 secs] 
2014-04-16T09:56:03.646+0900: 99.921: [GC (Allocation Failure) 99.922: [ParNew: 471872K->52416K(471872K), 0.1743263 secs] 8336961K->7978633K(25113408K), 0.1746720 secs] [Times: user=1.11 sys=0.09, real=0.17 secs] 
2014-04-16T09:56:03.822+0900: 100.098: [GC (CMS Final Remark) [YG occupancy: 52485 K (471872 K)]100.098: [Rescan (parallel) , 0.0260772 secs]100.124: [weak refs processing, 0.0025832 secs]100.126: [class unloading, 0.0400742 secs]100.167: [scrub symbol table, 0.0043437 secs]100.171: [scrub string table, 0.0012492 secs][1 CMS-remark: 7926217K(24641536K)] 7978703K(25113408K), 0.0812353 secs] [Times: user=0.40 sys=0.00, real=0.08 secs] 
2014-04-16T09:56:03.903+0900: 100.179: [CMS-concurrent-sweep-start]
2014-04-16T09:56:04.229+0900: 100.505: [GC (Allocation Failure) 100.505: [ParNew: 471871K->52416K(471872K), 0.1374325 secs] 8352245K->7994208K(25113408K), 0.1377973 secs] [Times: user=1.11 sys=0.06, real=0.14 secs] 
2014-04-16T09:56:04.722+0900: 100.998: [GC (Allocation Failure) 100.998: [ParNew: 471872K->52416K(471872K), 0.1333085 secs] 8375422K->8015439K(25113408K), 0.1336597 secs] [Times: user=1.13 sys=0.06, real=0.14 secs] 
2014-04-16T09:56:05.188+0900: 101.464: [GC (Allocation Failure) 101.464: [ParNew: 471872K->52416K(471872K), 0.1364015 secs] 8383912K->8026338K(25113408K), 0.1367536 secs] [Times: user=1.09 sys=0.05, real=0.13 secs] 
2014-04-16T09:56:05.659+0900: 101.935: [GC (Allocation Failure) 101.935: [ParNew: 471872K->52416K(471872K), 0.1488608 secs] 8368254K->8010202K(25113408K), 0.1492237 secs] [Times: user=1.11 sys=0.07, real=0.15 secs] 
2014-04-16T09:56:06.143+0900: 102.418: [GC (Allocation Failure) 102.419: [ParNew: 471872K->52416K(471872K), 0.1519032 secs] 8387986K->8029426K(25113408K), 0.1522578 secs] [Times: user=1.06 sys=0.08, real=0.15 secs] 
2014-04-16T09:56:06.633+0900: 102.909: [GC (Allocation Failure) 102.909: [ParNew: 471872K->52416K(471872K), 0.1472213 secs] 8407985K->8050420K(25113408K), 0.1475882 secs] [Times: user=1.09 sys=0.07, real=0.15 secs] 
2014-04-16T09:56:07.116+0900: 103.392: [GC (Allocation Failure) 103.392: [ParNew: 471872K->52416K(471872K), 0.1613151 secs] 8459528K->8103251K(25113408K), 0.1616990 secs] [Times: user=1.11 sys=0.07, real=0.17 secs] 
2014-04-16T09:56:07.400+0900: 103.676: [CMS-concurrent-sweep: 2.467/3.497 secs] [Times: user=28.38 sys=7.10, real=3.50 secs] 
2014-04-16T09:56:07.401+0900: 103.676: [CMS-concurrent-reset-start]
2014-04-16T09:56:07.484+0900: 103.759: [CMS-concurrent-reset: 0.083/0.083 secs] [Times: user=0.74 sys=0.24, real=0.08 secs] 
2014-04-16T09:56:07.600+0900: 103.875: [GC (Allocation Failure) 103.875: [ParNew: 471872K->52416K(471872K), 0.1242341 secs] 8426802K->8070468K(25113408K), 0.1246092 secs] [Times: user=1.08 sys=0.06, real=0.12 secs] 
2014-04-16T09:56:07.726+0900: 104.001: [GC (CMS Initial Mark) [1 CMS-initial-mark: 8018052K(24641536K)] 8070565K(25113408K), 0.0045350 secs] [Times: user=0.04 sys=0.00, real=0.01 secs] 
2014-04-16T09:56:07.730+0900: 104.006: [CMS-concurrent-mark-start]
2014-04-16T09:56:08.163+0900: 104.439: [GC (Allocation Failure) 104.439: [ParNew: 471872K->52416K(471872K), 0.1462240 secs] 8489924K->8131718K(25113408K), 0.1466097 secs] [Times: user=1.07 sys=0.08, real=0.15 secs] 
2014-04-16T09:56:08.733+0900: 105.009: [GC (Allocation Failure) 105.009: [ParNew: 471872K->52416K(471872K), 0.1760150 secs] 8551174K->8194739K(25113408K), 0.1763881 secs] [Times: user=1.10 sys=0.12, real=0.18 secs] 
2014-04-16T09:56:09.322+0900: 105.597: [GC (Allocation Failure) 105.598: [ParNew: 471872K->52416K(471872K), 0.1533479 secs] 8614195K->8255911K(25113408K), 0.1537365 secs] [Times: user=0.93 sys=0.08, real=0.15 secs] 
2014-04-16T09:56:09.793+0900: 106.069: [CMS-concurrent-mark: 1.581/2.063 secs] [Times: user=18.45 sys=3.67, real=2.06 secs] 
2014-04-16T09:56:09.793+0900: 106.069: [CMS-concurrent-preclean-start]
2014-04-16T09:56:09.866+0900: 106.142: [GC (Allocation Failure) 106.142: [ParNew: 471872K->52416K(471872K), 0.1697304 secs] 8675367K->8317993K(25113408K), 0.1701088 secs] [Times: user=1.08 sys=0.09, real=0.17 secs] 
2014-04-16T09:56:10.383+0900: 106.659: [GC (Allocation Failure) 106.659: [ParNew: 471872K->52416K(471872K), 0.1682623 secs] 8737449K->8379051K(25113408K), 0.1686349 secs] [Times: user=1.08 sys=0.10, real=0.17 secs] 
2014-04-16T09:56:10.881+0900: 107.156: [GC (Allocation Failure) 107.157: [ParNew: 471872K->52416K(471872K), 0.1673636 secs] 8798507K->8439873K(25113408K), 0.1677200 secs] [Times: user=1.08 sys=0.08, real=0.17 secs] 
2014-04-16T09:56:11.153+0900: 107.428: [CMS-concurrent-preclean: 0.784/1.359 secs] [Times: user=10.37 sys=2.52, real=1.36 secs] 
2014-04-16T09:56:11.153+0900: 107.428: [CMS-concurrent-abortable-preclean-start]
2014-04-16T09:56:11.387+0900: 107.662: [GC (Allocation Failure) 107.663: [ParNew: 471872K->52416K(471872K), 0.1701237 secs] 8859329K->8501617K(25113408K), 0.1704758 secs] [Times: user=1.07 sys=0.09, real=0.17 secs] 
2014-04-16T09:56:11.896+0900: 108.172: [GC (Allocation Failure) 108.172: [ParNew: 471872K->52416K(471872K), 0.1682822 secs] 8921073K->8563071K(25113408K), 0.1686327 secs] [Times: user=1.10 sys=0.09, real=0.16 secs] 
2014-04-16T09:56:12.160+0900: 108.435: [CMS-concurrent-abortable-preclean: 0.635/1.007 secs] [Times: user=7.65 sys=1.95, real=1.01 secs] 
2014-04-16T09:56:12.161+0900: 108.437: [GC (CMS Final Remark) [YG occupancy: 182969 K (471872 K)]108.437: [Rescan (parallel) , 0.0418639 secs]108.479: [weak refs processing, 0.0024428 secs]108.481: [class unloading, 0.0400850 secs]108.522: [scrub symbol table, 0.0043261 secs]108.526: [scrub string table, 0.0012526 secs][1 CMS-remark: 8510655K(24641536K)] 8693624K(25113408K), 0.0969605 secs] [Times: user=0.60 sys=0.00, real=0.10 secs] 
2014-04-16T09:56:12.258+0900: 108.534: [CMS-concurrent-sweep-start]
2014-04-16T09:56:12.482+0900: 108.758: [GC (Allocation Failure) 108.758: [ParNew: 471872K->52416K(471872K), 0.1550555 secs] 8964481K->8608340K(25113408K), 0.1554145 secs] [Times: user=0.88 sys=0.08, real=0.16 secs] 
2014-04-16T09:56:12.969+0900: 109.245: [GC (Allocation Failure) 109.245: [ParNew: 471872K->52416K(471872K), 0.1590406 secs] 9007830K->8649985K(25113408K), 0.1593972 secs] [Times: user=1.09 sys=0.09, real=0.16 secs] 
2014-04-16T09:56:13.463+0900: 109.739: [GC (Allocation Failure) 109.739: [ParNew: 471872K->52416K(471872K), 0.1551320 secs] 9048238K->8691651K(25113408K), 0.1554942 secs] [Times: user=1.13 sys=0.05, real=0.16 secs] 
2014-04-16T09:56:13.948+0900: 110.224: [GC (Allocation Failure) 110.224: [ParNew: 471872K->52416K(471872K), 0.1457532 secs] 9088753K->8733338K(25113408K), 0.1461102 secs] [Times: user=1.05 sys=0.07, real=0.14 secs] 
2014-04-16T09:56:14.451+0900: 110.727: [GC (Allocation Failure) 110.727: [ParNew: 471872K->52416K(471872K), 0.1356175 secs] 9093133K->8738804K(25113408K), 0.1359883 secs] [Times: user=0.87 sys=0.06, real=0.13 secs] 
2014-04-16T09:56:14.925+0900: 111.201: [GC (Allocation Failure) 111.201: [ParNew: 471872K->52416K(471872K), 0.1544740 secs] 9109544K->8756682K(25113408K), 0.1548465 secs] [Times: user=1.03 sys=0.07, real=0.16 secs] 
2014-04-16T09:56:15.422+0900: 111.698: [GC (Allocation Failure) 111.698: [ParNew: 471872K->52416K(471872K), 0.1211177 secs] 9129219K->8767740K(25113408K), 0.1215001 secs] [Times: user=1.02 sys=0.05, real=0.12 secs] 
2014-04-16T09:56:15.742+0900: 112.018: [CMS-concurrent-sweep: 2.444/3.484 secs] [Times: user=27.73 sys=7.04, real=3.48 secs] 
2014-04-16T09:56:15.743+0900: 112.018: [CMS-concurrent-reset-start]
2014-04-16T09:56:15.841+0900: 112.117: [CMS-concurrent-reset: 0.098/0.098 secs] [Times: user=0.81 sys=0.27, real=0.10 secs] 
2014-04-16T09:56:15.885+0900: 112.161: [GC (Allocation Failure) 112.161: [ParNew: 471872K->52416K(471872K), 0.1183586 secs] 9105700K->8746617K(25113408K), 0.1187401 secs] [Times: user=1.08 sys=0.03, real=0.12 secs] 
2014-04-16T09:56:16.005+0900: 112.281: [GC (CMS Initial Mark) [1 CMS-initial-mark: 8694201K(24641536K)] 8746763K(25113408K), 0.0060180 secs] [Times: user=0.04 sys=0.00, real=0.01 secs] 
2014-04-16T09:56:16.011+0900: 112.287: [CMS-concurrent-mark-start]
2014-04-16T09:56:16.418+0900: 112.694: [GC (Allocation Failure) 112.694: [ParNew: 471872K->52416K(471872K), 0.1620587 secs] 9166073K->8807125K(25113408K), 0.1624355 secs] [Times: user=1.13 sys=0.07, real=0.16 secs] 
2014-04-16T09:56:17.097+0900: 113.373: [GC (Allocation Failure) 113.373: [ParNew: 471872K->52416K(471872K), 0.1632370 secs] 9226581K->8863202K(25113408K), 0.1636118 secs] [Times: user=1.09 sys=0.08, real=0.17 secs] 
2014-04-16T09:56:17.713+0900: 113.989: [GC (Allocation Failure) 113.989: [ParNew: 471872K->52416K(471872K), 0.1320615 secs] 9282658K->8908409K(25113408K), 0.1324412 secs] [Times: user=0.85 sys=0.08, real=0.13 secs] 
2014-04-16T09:56:18.271+0900: 114.547: [CMS-concurrent-mark: 1.797/2.260 secs] [Times: user=20.82 sys=4.02, real=2.26 secs] 
2014-04-16T09:56:18.271+0900: 114.547: [CMS-concurrent-preclean-start]
2014-04-16T09:56:18.295+0900: 114.571: [GC (Allocation Failure) 114.571: [ParNew: 471872K->52416K(471872K), 0.1294825 secs] 9327865K->8950631K(25113408K), 0.1298491 secs] [Times: user=0.80 sys=0.06, real=0.13 secs] 
2014-04-16T09:56:18.793+0900: 115.069: [GC (Allocation Failure) 115.069: [ParNew: 471872K->52416K(471872K), 0.1296505 secs] 9370087K->8993568K(25113408K), 0.1300082 secs] [Times: user=0.83 sys=0.06, real=0.13 secs] 
2014-04-16T09:56:19.327+0900: 115.602: [CMS-concurrent-preclean: 0.735/1.055 secs] [Times: user=8.10 sys=2.17, real=1.05 secs] 
2014-04-16T09:56:19.328+0900: 115.604: [GC (Allocation Failure) 115.604: [ParNew: 471872K->52416K(471872K), 0.1296047 secs] 9413024K->9036060K(25113408K), 0.1299401 secs] [Times: user=0.78 sys=0.06, real=0.13 secs] 
2014-04-16T09:56:19.459+0900: 115.735: [GC (CMS Final Remark) [YG occupancy: 52434 K (471872 K)]115.735: [Rescan (parallel) , 0.0233092 secs]115.759: [weak refs processing, 0.0022814 secs]115.761: [class unloading, 0.0404270 secs]115.801: [scrub symbol table, 0.0043355 secs]115.806: [scrub string table, 0.0012529 secs][1 CMS-remark: 8983644K(24641536K)] 9036079K(25113408K), 0.0786097 secs] [Times: user=0.36 sys=0.00, real=0.08 secs] 
2014-04-16T09:56:19.538+0900: 115.814: [CMS-concurrent-sweep-start]
2014-04-16T09:56:19.907+0900: 116.183: [GC (Allocation Failure) 116.183: [ParNew: 471872K->52416K(471872K), 0.1274925 secs] 9429753K->9054615K(25113408K), 0.1278445 secs] [Times: user=0.87 sys=0.05, real=0.13 secs] 
2014-04-16T09:56:20.409+0900: 116.685: [GC (Allocation Failure) 116.685: [ParNew: 471872K->52416K(471872K), 0.1219266 secs] 9458899K->9083996K(25113408K), 0.1222740 secs] [Times: user=0.83 sys=0.06, real=0.12 secs] 
2014-04-16T09:56:20.908+0900: 117.184: [GC (Allocation Failure) 117.184: [ParNew: 471872K->52416K(471872K), 0.1214257 secs] 9497494K->9131645K(25113408K), 0.1217740 secs] [Times: user=0.84 sys=0.06, real=0.13 secs] 
2014-04-16T09:56:21.402+0900: 117.678: [GC (Allocation Failure) 117.678: [ParNew: 471872K->52416K(471872K), 0.1273419 secs] 9546522K->9172028K(25113408K), 0.1277020 secs] [Times: user=0.80 sys=0.08, real=0.13 secs] 
2014-04-16T09:56:21.899+0900: 118.175: [GC (Allocation Failure) 118.175: [ParNew: 471872K->52416K(471872K), 0.1157072 secs] 9552357K->9175852K(25113408K), 0.1160576 secs] [Times: user=0.79 sys=0.05, real=0.11 secs] 
2014-04-16T09:56:22.319+0900: 118.595: [GC (Allocation Failure) 118.595: [ParNew: 471872K->48045K(471872K), 0.1115110 secs] 9566815K->9180466K(25113408K), 0.1118923 secs] [Times: user=0.76 sys=0.08, real=0.11 secs] 
2014-04-16T09:56:22.589+0900: 118.865: [GC (Allocation Failure) 118.865: [ParNew: 467501K->12150K(471872K), 0.0368873 secs] 9578712K->9123362K(25113408K), 0.0372314 secs] [Times: user=0.45 sys=0.01, real=0.03 secs] 
2014-04-16T09:56:22.763+0900: 119.039: [CMS-concurrent-sweep: 2.427/3.225 secs] [Times: user=27.00 sys=5.37, real=3.22 secs] 
2014-04-16T09:56:22.764+0900: 119.039: [CMS-concurrent-reset-start]
2014-04-16T09:56:22.890+0900: 119.166: [CMS-concurrent-reset: 0.125/0.127 secs] [Times: user=1.37 sys=0.00, real=0.13 secs] 
2014-04-16T09:56:22.928+0900: 119.204: [GC (Allocation Failure) 119.204: [ParNew: 431606K->3220K(471872K), 0.0387181 secs] 9316261K->8887875K(25113408K), 0.0390532 secs] [Times: user=0.53 sys=0.00, real=0.04 secs] 
2014-04-16T09:56:22.968+0900: 119.244: [GC (CMS Initial Mark) [1 CMS-initial-mark: 8884654K(24641536K)] 8890908K(25113408K), 0.0015768 secs] [Times: user=0.02 sys=0.00, real=0.01 secs] 
2014-04-16T09:56:22.970+0900: 119.246: [CMS-concurrent-mark-start]
2014-04-16T09:56:23.130+0900: 119.405: [GC (Allocation Failure) 119.405: [ParNew: 422676K->1718K(471872K), 0.0360781 secs] 9307331K->8886373K(25113408K), 0.0363875 secs] [Times: user=0.47 sys=0.00, real=0.03 secs] 
2014-04-16T09:56:23.412+0900: 119.688: [GC (Allocation Failure) 119.688: [ParNew: 414365K->52116K(471872K), 0.0425716 secs] 9299020K->8940867K(25113408K), 0.0428966 secs] [Times: user=0.57 sys=0.00, real=0.04 secs] 
2014-04-16T09:56:23.629+0900: 119.904: [GC (Allocation Failure) 119.904: [ParNew: 471037K->52416K(471872K), 0.0800663 secs] 9359788K->9042338K(25113408K), 0.0803859 secs] [Times: user=0.83 sys=0.03, real=0.08 secs] 
2014-04-16T09:56:24.102+0900: 120.378: [GC (Allocation Failure) 120.378: [ParNew: 471872K->52416K(471872K), 0.1278730 secs] 9461794K->9105106K(25113408K), 0.1282342 secs] [Times: user=1.60 sys=0.03, real=0.13 secs] 
2014-04-16T09:56:24.723+0900: 120.998: [GC (Allocation Failure) 120.999: [ParNew: 471872K->52416K(471872K), 0.0917541 secs] 9524562K->9186135K(25113408K), 0.0920566 secs] [Times: user=0.87 sys=0.06, real=0.09 secs] 
2014-04-16T09:56:24.924+0900: 121.200: [CMS-concurrent-mark: 1.563/1.954 secs] [Times: user=22.43 sys=0.42, real=1.95 secs] 
2014-04-16T09:56:24.924+0900: 121.200: [CMS-concurrent-preclean-start]
2014-04-16T09:56:25.291+0900: 121.567: [CMS-concurrent-preclean: 0.342/0.367 secs] [Times: user=1.53 sys=0.06, real=0.37 secs] 
2014-04-16T09:56:25.293+0900: 121.568: [GC (Allocation Failure) 121.568: [ParNew: 471872K->52416K(471872K), 0.1245175 secs] 9605591K->9269493K(25113408K), 0.1248074 secs] [Times: user=0.94 sys=0.07, real=0.12 secs] 
2014-04-16T09:56:25.419+0900: 121.694: [GC (CMS Final Remark) [YG occupancy: 52730 K (471872 K)]121.694: [Rescan (parallel) , 0.0231894 secs]121.718: [weak refs processing, 0.0024317 secs]121.720: [class unloading, 0.0463945 secs]121.767: [scrub symbol table, 0.0043430 secs]121.771: [scrub string table, 0.0012666 secs][1 CMS-remark: 9217077K(24641536K)] 9269807K(25113408K), 0.0854793 secs] [Times: user=0.45 sys=0.00, real=0.08 secs] 
2014-04-16T09:56:25.505+0900: 121.780: [CMS-concurrent-sweep-start]
2014-04-16T09:56:25.859+0900: 122.135: [GC (Allocation Failure) 122.135: [ParNew: 471872K->52416K(471872K), 0.0683622 secs] 9325900K->8977748K(25113408K), 0.0686260 secs] [Times: user=0.74 sys=0.03, real=0.06 secs] 
2014-04-16T09:56:26.291+0900: 122.567: [GC (Allocation Failure) 122.567: [ParNew: 471735K->52416K(471872K), 0.0755118 secs] 8969477K->8644995K(25113408K), 0.0757713 secs] [Times: user=0.83 sys=0.03, real=0.07 secs] 
2014-04-16T09:56:26.635+0900: 122.910: [GC (Allocation Failure) 122.911: [ParNew: 471871K->52416K(471872K), 0.0864194 secs] 8824466K->8553696K(25113408K), 0.0867348 secs] [Times: user=0.90 sys=0.04, real=0.09 secs] 
2014-04-16T09:56:27.014+0900: 123.289: [GC (Allocation Failure) 123.289: [ParNew: 466418K->52416K(471872K), 0.0773609 secs] 8829576K->8520043K(25113408K), 0.0776608 secs] [Times: user=0.85 sys=0.02, real=0.08 secs] 
2014-04-16T09:56:27.274+0900: 123.549: [GC (Allocation Failure) 123.550: [ParNew: 471872K->52416K(471872K), 0.0944766 secs] 8798550K->8502680K(25113408K), 0.0947870 secs] [Times: user=0.90 sys=0.05, real=0.09 secs] 
2014-04-16T09:56:27.573+0900: 123.849: [GC (Allocation Failure) 123.849: [ParNew: 471872K->52416K(471872K), 0.0859813 secs] 8759825K->8450657K(25113408K), 0.0862885 secs] [Times: user=0.89 sys=0.04, real=0.09 secs] 
2014-04-16T09:56:27.910+0900: 124.185: [GC (Allocation Failure) 124.186: [ParNew: 471872K->52416K(471872K), 0.0839966 secs] 8640586K->8312576K(25113408K), 0.0843028 secs] [Times: user=0.82 sys=0.03, real=0.08 secs] 
2014-04-16T09:56:28.371+0900: 124.647: [CMS-concurrent-sweep: 2.280/2.867 secs] [Times: user=14.89 sys=0.58, real=2.87 secs] 
2014-04-16T09:56:28.372+0900: 124.647: [CMS-concurrent-reset-start]
2014-04-16T09:56:28.440+0900: 124.716: [CMS-concurrent-reset: 0.069/0.069 secs] [Times: user=0.14 sys=0.00, real=0.07 secs] 
2014-04-16T09:56:28.681+0900: 124.957: [GC (Allocation Failure) 124.957: [ParNew: 471872K->52416K(471872K), 0.0737929 secs] 8095309K->7750517K(25113408K), 0.0741006 secs] [Times: user=0.80 sys=0.02, real=0.07 secs] 
2014-04-16T09:56:28.757+0900: 125.032: [GC (CMS Initial Mark) [1 CMS-initial-mark: 7698101K(24641536K)] 7751481K(25113408K), 0.0024590 secs] [Times: user=0.03 sys=0.00, real=0.00 secs] 
2014-04-16T09:56:28.759+0900: 125.035: [CMS-concurrent-mark-start]
2014-04-16T09:56:29.073+0900: 125.349: [GC (Allocation Failure) 125.349: [ParNew: 471872K->52416K(471872K), 0.0860898 secs] 8169973K->7842121K(25113408K), 0.0863914 secs] [Times: user=0.85 sys=0.04, real=0.09 secs] 
2014-04-16T09:56:29.690+0900: 125.966: [GC (Allocation Failure) 125.966: [ParNew: 471872K->52416K(471872K), 0.0753804 secs] 8261577K->7921819K(25113408K), 0.0756824 secs] [Times: user=0.69 sys=0.04, real=0.07 secs] 
2014-04-16T09:56:30.028+0900: 126.303: [GC (Allocation Failure) 126.304: [ParNew: 471872K->49444K(471872K), 0.0623784 secs] 8341275K->7972778K(25113408K), 0.0626658 secs] [Times: user=0.63 sys=0.02, real=0.07 secs] 
2014-04-16T09:56:30.257+0900: 126.533: [GC (Allocation Failure) 126.533: [ParNew: 468900K->18062K(471872K), 0.0386427 secs] 8392234K->7941397K(25113408K), 0.0389237 secs] [Times: user=0.47 sys=0.00, real=0.04 secs] 
2014-04-16T09:56:30.458+0900: 126.734: [GC (Allocation Failure) 126.734: [ParNew: 437518K->10747K(471872K), 0.0385104 secs] 8360853K->7934082K(25113408K), 0.0387914 secs] [Times: user=0.46 sys=0.00, real=0.04 secs] 
2014-04-16T09:56:30.694+0900: 126.969: [GC (Allocation Failure) 126.969: [ParNew: 430171K->14561K(471872K), 0.0395361 secs] 8353506K->7937895K(25113408K), 0.0398539 secs] [Times: user=0.47 sys=0.00, real=0.04 secs] 
2014-04-16T09:56:30.912+0900: 127.188: [GC (Allocation Failure) 127.188: [ParNew: 432322K->52416K(471872K), 0.0466802 secs] 8355656K->8008664K(25113408K), 0.0469842 secs] [Times: user=0.60 sys=0.01, real=0.04 secs] 
2014-04-16T09:56:30.976+0900: 127.252: [CMS-concurrent-mark: 1.815/2.217 secs] [Times: user=18.45 sys=0.30, real=2.22 secs] 
2014-04-16T09:56:30.976+0900: 127.252: [CMS-concurrent-preclean-start]
2014-04-16T09:56:31.095+0900: 127.370: [GC (Allocation Failure) 127.370: [ParNew: 465611K->52416K(471872K), 0.0854297 secs] 8421860K->8148619K(25113408K), 0.0857373 secs] [Times: user=0.75 sys=0.05, real=0.09 secs] 
2014-04-16T09:56:31.337+0900: 127.613: [GC (Allocation Failure) 127.613: [ParNew: 471872K->52416K(471872K), 0.0771738 secs] 8568075K->8243181K(25113408K), 0.0774873 secs] [Times: user=0.85 sys=0.02, real=0.08 secs] 
2014-04-16T09:56:31.591+0900: 127.867: [GC (Allocation Failure) 127.867: [ParNew: 471864K->52416K(471872K), 0.0965706 secs] 8662630K->8391042K(25113408K), 0.0968732 secs] [Times: user=0.89 sys=0.04, real=0.09 secs] 
2014-04-16T09:56:31.857+0900: 128.133: [GC (Allocation Failure) 128.133: [ParNew: 471872K->52416K(471872K), 0.0837235 secs] 8810498K->8488325K(25113408K), 0.0840560 secs] [Times: user=0.85 sys=0.02, real=0.09 secs] 
2014-04-16T09:56:32.240+0900: 128.516: [CMS-concurrent-preclean: 0.822/1.264 secs] [Times: user=8.88 sys=0.41, real=1.27 secs] 
2014-04-16T09:56:32.242+0900: 128.517: [GC (Allocation Failure) 128.518: [ParNew: 471872K->52416K(471872K), 0.0775552 secs] 8907781K->8617624K(25113408K), 0.0778552 secs] [Times: user=0.77 sys=0.03, real=0.08 secs] 
2014-04-16T09:56:32.323+0900: 128.598: [GC (CMS Final Remark) [YG occupancy: 62601 K (471872 K)]128.598: [Rescan (parallel) , 0.0213295 secs]128.620: [weak refs processing, 0.0021742 secs]128.622: [class unloading, 0.0612486 secs]128.683: [scrub symbol table, 0.0043663 secs]128.688: [scrub string table, 0.0012614 secs][1 CMS-remark: 8565208K(24641536K)] 8627809K(25113408K), 0.0981947 secs] [Times: user=0.36 sys=0.00, real=0.10 secs] 
2014-04-16T09:56:32.421+0900: 128.697: [CMS-concurrent-sweep-start]
2014-04-16T09:56:32.658+0900: 128.934: [GC (Allocation Failure) 128.934: [ParNew: 471872K->52416K(471872K), 0.0747930 secs] 9032583K->8689005K(25113408K), 0.0751167 secs] [Times: user=0.83 sys=0.00, real=0.08 secs] 
2014-04-16T09:56:32.951+0900: 129.226: [GC (Allocation Failure) 129.226: [ParNew: 468130K->52416K(471872K), 0.0841606 secs] 9098683K->8798587K(25113408K), 0.0844698 secs] [Times: user=0.82 sys=0.04, real=0.08 secs] 
2014-04-16T09:56:33.248+0900: 129.524: [GC (Allocation Failure) 129.524: [ParNew: 471872K->52416K(471872K), 0.0863422 secs] 9213039K->8885361K(25113408K), 0.0866546 secs] [Times: user=0.85 sys=0.04, real=0.09 secs] 
2014-04-16T09:56:33.494+0900: 129.770: [GC (Allocation Failure) 129.770: [ParNew: 471872K->52416K(471872K), 0.1497542 secs] 9299566K->9066519K(25113408K), 0.1500660 secs] [Times: user=0.95 sys=0.11, real=0.15 secs] 
2014-04-16T09:56:33.812+0900: 130.088: [GC (Allocation Failure) 130.088: [ParNew: 466118K->52416K(471872K), 0.1312169 secs] 9475069K->9168354K(25113408K), 0.1315298 secs] [Times: user=0.91 sys=0.07, real=0.13 secs] 
2014-04-16T09:56:34.112+0900: 130.387: [GC (Allocation Failure) 130.387: [ParNew: 465952K->52416K(471872K), 0.1106642 secs] 9577572K->9288066K(25113408K), 0.1109791 secs] [Times: user=0.85 sys=0.07, real=0.11 secs] 
2014-04-16T09:56:34.412+0900: 130.688: [GC (Allocation Failure) 130.688: [ParNew: 469498K->52416K(471872K), 0.1285560 secs] 9681622K->9361671K(25113408K), 0.1288695 secs] [Times: user=0.88 sys=0.08, real=0.13 secs] 
2014-04-16T09:56:34.594+0900: 130.869: [CMS-concurrent-sweep: 1.387/2.172 secs] [Times: user=13.74 sys=0.77, real=2.17 secs] 
2014-04-16T09:56:34.594+0900: 130.869: [CMS-concurrent-reset-start]
2014-04-16T09:56:34.668+0900: 130.943: [CMS-concurrent-reset: 0.074/0.074 secs] [Times: user=0.30 sys=0.00, real=0.07 secs] 
2014-04-16T09:56:34.801+0900: 131.076: [GC (Allocation Failure) 131.076: [ParNew: 471872K->52416K(471872K), 0.0887754 secs] 9261374K->8959228K(25113408K), 0.0890984 secs] [Times: user=0.83 sys=0.03, real=0.08 secs] 
2014-04-16T09:56:34.891+0900: 131.167: [GC (CMS Initial Mark) [1 CMS-initial-mark: 8906812K(24641536K)] 8959362K(25113408K), 0.0025656 secs] [Times: user=0.01 sys=0.00, real=0.00 secs] 
2014-04-16T09:56:34.894+0900: 131.169: [CMS-concurrent-mark-start]
2014-04-16T09:56:35.564+0900: 131.839: [GC (Allocation Failure) 131.840: [ParNew: 468436K->52416K(471872K), 0.0748832 secs] 9375249K->9023518K(25113408K), 0.0751935 secs] [Times: user=0.79 sys=0.03, real=0.07 secs] 
2014-04-16T09:56:35.974+0900: 132.250: [GC (Allocation Failure) 132.250: [ParNew: 471872K->52416K(471872K), 0.1178142 secs] 9442974K->9157973K(25113408K), 0.1181186 secs] [Times: user=0.89 sys=0.07, real=0.12 secs] 
2014-04-16T09:56:36.398+0900: 132.674: [GC (Allocation Failure) 132.674: [ParNew: 469861K->52416K(471872K), 0.1322431 secs] 9575419K->9271382K(25113408K), 0.1325627 secs] [Times: user=0.90 sys=0.07, real=0.14 secs] 
2014-04-16T09:56:36.816+0900: 133.092: [GC (Allocation Failure) 133.092: [ParNew: 471872K->52416K(471872K), 0.1081719 secs] 9690838K->9382192K(25113408K), 0.1084943 secs] [Times: user=0.86 sys=0.06, real=0.11 secs] 
2014-04-16T09:56:37.030+0900: 133.305: [CMS-concurrent-mark: 1.694/2.136 secs] [Times: user=13.93 sys=0.42, real=2.13 secs] 
2014-04-16T09:56:37.030+0900: 133.305: [CMS-concurrent-preclean-start]
2014-04-16T09:56:37.209+0900: 133.485: [GC (Allocation Failure) 133.485: [ParNew: 471872K->52416K(471872K), 0.1439762 secs] 9801648K->9496341K(25113408K), 0.1442852 secs] [Times: user=0.94 sys=0.04, real=0.15 secs] 
2014-04-16T09:56:37.589+0900: 133.865: [GC (Allocation Failure) 133.865: [ParNew: 471872K->52416K(471872K), 0.1194348 secs] 9915797K->9602367K(25113408K), 0.1197451 secs] [Times: user=0.84 sys=0.06, real=0.12 secs] 
2014-04-16T09:56:38.268+0900: 134.544: [CMS-concurrent-preclean: 0.875/1.239 secs] [Times: user=4.88 sys=0.22, real=1.24 secs] 
2014-04-16T09:56:38.270+0900: 134.546: [GC (Allocation Failure) 134.546: [ParNew: 471872K->52416K(471872K), 0.0860149 secs] 10021823K->9671313K(25113408K), 0.0863251 secs] [Times: user=0.79 sys=0.04, real=0.09 secs] 
2014-04-16T09:56:38.357+0900: 134.633: [GC (CMS Final Remark) [YG occupancy: 52541 K (471872 K)]134.633: [Rescan (parallel) , 0.0268160 secs]134.660: [weak refs processing, 0.0019745 secs]134.662: [class unloading, 0.0466082 secs]134.709: [scrub symbol table, 0.0043414 secs]134.713: [scrub string table, 0.0012671 secs][1 CMS-remark: 9618897K(24641536K)] 9671438K(25113408K), 0.0888265 secs] [Times: user=0.41 sys=0.00, real=0.09 secs] 
2014-04-16T09:56:38.447+0900: 134.722: [CMS-concurrent-sweep-start]
2014-04-16T09:56:39.602+0900: 135.878: [CMS-concurrent-sweep: 1.154/1.155 secs] [Times: user=1.38 sys=0.00, real=1.16 secs] 
2014-04-16T09:56:39.602+0900: 135.878: [CMS-concurrent-reset-start]
2014-04-16T09:56:39.665+0900: 135.941: [CMS-concurrent-reset: 0.063/0.063 secs] [Times: user=0.06 sys=0.00, real=0.06 secs] 
2014-04-16T09:56:40.090+0900: 136.366: [GC (Allocation Failure) 136.366: [ParNew: 471872K->52416K(471872K), 0.1499416 secs] 9181384K->8875048K(25113408K), 0.1502703 secs] [Times: user=0.91 sys=0.09, real=0.15 secs] 
2014-04-16T09:56:40.242+0900: 136.518: [GC (CMS Initial Mark) [1 CMS-initial-mark: 8822632K(24641536K)] 8875167K(25113408K), 0.0034754 secs] [Times: user=0.02 sys=0.00, real=0.00 secs] 
2014-04-16T09:56:40.246+0900: 136.521: [CMS-concurrent-mark-start]
2014-04-16T09:56:40.701+0900: 136.977: [GC (Allocation Failure) 136.977: [ParNew: 471872K->52416K(471872K), 0.1419839 secs] 9294504K->8947401K(25113408K), 0.1422963 secs] [Times: user=0.91 sys=0.07, real=0.15 secs] 
2014-04-16T09:56:41.326+0900: 137.602: [GC (Allocation Failure) 137.602: [ParNew: 471872K->50958K(471872K), 0.1256399 secs] 9366857K->9010227K(25113408K), 0.1259608 secs] [Times: user=0.75 sys=0.06, real=0.13 secs] 
2014-04-16T09:56:41.623+0900: 137.899: [GC (Allocation Failure) 137.899: [ParNew: 470414K->21713K(471872K), 0.0774932 secs] 9429683K->9009657K(25113408K), 0.0778017 secs] [Times: user=0.55 sys=0.02, real=0.07 secs] 
2014-04-16T09:56:42.527+0900: 138.802: [CMS-concurrent-mark: 1.930/2.281 secs] [Times: user=13.19 sys=0.31, real=2.28 secs] 
2014-04-16T09:56:42.527+0900: 138.803: [CMS-concurrent-preclean-start]
2014-04-16T09:56:42.622+0900: 138.898: [GC (Allocation Failure) 138.898: [ParNew: 441169K->5881K(471872K), 0.0415829 secs] 9429113K->8993824K(25113408K), 0.0418955 secs] [Times: user=0.43 sys=0.00, real=0.04 secs] 
2014-04-16T09:56:42.867+0900: 139.143: [GC (Allocation Failure) 139.143: [ParNew: 425337K->1631K(471872K), 0.0375925 secs] 9413280K->8989574K(25113408K), 0.0379046 secs] [Times: user=0.40 sys=0.00, real=0.04 secs] 
2014-04-16T09:56:43.028+0900: 139.304: [CMS-concurrent-preclean: 0.373/0.502 secs] [Times: user=3.16 sys=0.02, real=0.50 secs] 
2014-04-16T09:56:43.029+0900: 139.304: [CMS-concurrent-abortable-preclean-start]
2014-04-16T09:56:43.161+0900: 139.437: [CMS-concurrent-abortable-preclean: 0.132/0.132 secs] [Times: user=0.45 sys=0.00, real=0.13 secs] 
2014-04-16T09:56:43.163+0900: 139.438: [GC (Allocation Failure) 139.439: [ParNew: 421087K->640K(471872K), 0.0474398 secs] 9409030K->8988583K(25113408K), 0.0477403 secs] [Times: user=0.46 sys=0.00, real=0.04 secs] 
2014-04-16T09:56:43.213+0900: 139.489: [GC (CMS Final Remark) [YG occupancy: 805 K (471872 K)]139.489: [Rescan (parallel) , 0.0145694 secs]139.504: [weak refs processing, 0.0050773 secs]139.509: [class unloading, 0.0467275 secs]139.555: [scrub symbol table, 0.0043414 secs]139.560: [scrub string table, 0.0012590 secs][1 CMS-remark: 8987943K(24641536K)] 8988748K(25113408K), 0.0800635 secs] [Times: user=0.26 sys=0.01, real=0.08 secs] 
2014-04-16T09:56:43.294+0900: 139.570: [CMS-concurrent-sweep-start]
2014-04-16T09:56:43.515+0900: 139.791: [GC (Allocation Failure) 139.791: [ParNew: 420096K->391K(471872K), 0.0444390 secs] 9403041K->8983336K(25113408K), 0.0447336 secs] [Times: user=0.44 sys=0.00, real=0.04 secs] 
2014-04-16T09:56:43.757+0900: 140.033: [GC (Allocation Failure) 140.033: [ParNew: 419847K->5422K(471872K), 0.0411799 secs] 9400147K->8985723K(25113408K), 0.0414666 secs] [Times: user=0.42 sys=0.00, real=0.04 secs] 
2014-04-16T09:56:43.991+0900: 140.267: [GC (Allocation Failure) 140.267: [ParNew: 424878K->52414K(471872K), 0.0594945 secs] 9401777K->9111396K(25113408K), 0.0597855 secs] [Times: user=0.69 sys=0.00, real=0.05 secs] 
2014-04-16T09:56:44.329+0900: 140.604: [GC (Allocation Failure) 140.605: [ParNew: 471870K->52416K(471872K), 0.0878634 secs] 9526432K->9196197K(25113408K), 0.0881509 secs] [Times: user=0.76 sys=0.03, real=0.09 secs] 
2014-04-16T09:56:44.586+0900: 140.862: [GC (Allocation Failure) 140.862: [ParNew: 471872K->52416K(471872K), 0.2081072 secs] 9612406K->9353185K(25113408K), 0.2083996 secs] [Times: user=0.95 sys=0.10, real=0.21 secs] 
2014-04-16T09:56:45.003+0900: 141.279: [GC (Allocation Failure) 141.279: [ParNew: 471872K->52416K(471872K), 0.1073220 secs] 9767774K->9421383K(25113408K), 0.1076187 secs] [Times: user=0.79 sys=0.05, real=0.10 secs] 
2014-04-16T09:56:45.271+0900: 141.546: [CMS-concurrent-sweep: 1.416/1.977 secs] [Times: user=11.91 sys=0.46, real=1.97 secs] 
2014-04-16T09:56:45.271+0900: 141.547: [CMS-concurrent-reset-start]
2014-04-16T09:56:45.286+0900: 141.562: [GC (Allocation Failure) 141.562: [ParNew: 471871K->52416K(471872K), 0.1208885 secs] 9392582K->9105079K(25113408K), 0.1211907 secs] [Times: user=0.98 sys=0.04, real=0.12 secs] 
2014-04-16T09:56:45.473+0900: 141.748: [CMS-concurrent-reset: 0.079/0.202 secs] [Times: user=1.39 sys=0.04, real=0.21 secs] 
2014-04-16T09:56:45.609+0900: 141.885: [GC (Allocation Failure) 141.885: [ParNew: 469905K->52416K(471872K), 0.1161499 secs] 9522568K->9204766K(25113408K), 0.1164405 secs] [Times: user=0.88 sys=0.08, real=0.12 secs] 
2014-04-16T09:56:45.727+0900: 142.002: [GC (CMS Initial Mark) [1 CMS-initial-mark: 9152350K(24641536K)] 9207058K(25113408K), 0.0029946 secs] [Times: user=0.03 sys=0.00, real=0.00 secs] 
2014-04-16T09:56:45.730+0900: 142.006: [CMS-concurrent-mark-start]
2014-04-16T09:56:45.941+0900: 142.217: [GC (Allocation Failure) 142.217: [ParNew: 471861K->52416K(471872K), 0.1498978 secs] 9624211K->9340082K(25113408K), 0.1501852 secs] [Times: user=0.95 sys=0.07, real=0.15 secs] 
2014-04-16T09:56:46.393+0900: 142.668: [GC (Allocation Failure) 142.668: [ParNew: 466746K->52416K(471872K), 0.1069676 secs] 9754413K->9434489K(25113408K), 0.1072618 secs] [Times: user=0.83 sys=0.06, real=0.10 secs] 
2014-04-16T09:56:46.825+0900: 143.101: [GC (Allocation Failure) 143.101: [ParNew: 471872K->52416K(471872K), 0.1230445 secs] 9853945K->9525714K(25113408K), 0.1233452 secs] [Times: user=0.85 sys=0.07, real=0.12 secs] 
2014-04-16T09:56:47.209+0900: 143.484: [GC (Allocation Failure) 143.484: [ParNew: 471872K->52416K(471872K), 0.1446783 secs] 9945170K->9634177K(25113408K), 0.1449705 secs] [Times: user=0.98 sys=0.08, real=0.15 secs] 
2014-04-16T09:56:47.580+0900: 143.855: [GC (Allocation Failure) 143.855: [ParNew: 465565K->52416K(471872K), 0.1610952 secs] 10047327K->9732888K(25113408K), 0.1613851 secs] [Times: user=0.95 sys=0.08, real=0.16 secs] 
2014-04-16T09:56:47.925+0900: 144.201: [GC (Allocation Failure) 144.201: [ParNew: 471872K->52416K(471872K), 0.1248695 secs] 10152344K->9846711K(25113408K), 0.1251620 secs] [Times: user=0.90 sys=0.07, real=0.12 secs] 
2014-04-16T09:56:48.275+0900: 144.551: [GC (Allocation Failure) 144.551: [ParNew: 467852K->52416K(471872K), 0.1345880 secs] 10262148K->9933645K(25113408K), 0.1348871 secs] [Times: user=0.90 sys=0.06, real=0.13 secs] 
2014-04-16T09:56:48.519+0900: 144.794: [CMS-concurrent-mark: 1.829/2.789 secs] [Times: user=19.72 sys=0.97, real=2.79 secs] 
2014-04-16T09:56:48.519+0900: 144.795: [CMS-concurrent-preclean-start]
2014-04-16T09:56:48.771+0900: 145.047: [GC (Allocation Failure) 145.047: [ParNew: 471872K->52416K(471872K), 0.1132614 secs] 10353101K->10003186K(25113408K), 0.1135555 secs] [Times: user=0.81 sys=0.05, real=0.12 secs] 
2014-04-16T09:56:49.145+0900: 145.421: [GC (Allocation Failure) 145.421: [ParNew: 471872K->52416K(471872K), 0.0884856 secs] 10422642K->10073425K(25113408K), 0.0887934 secs] [Times: user=0.78 sys=0.03, real=0.09 secs] 
2014-04-16T09:56:49.450+0900: 145.726: [GC (Allocation Failure) 145.726: [ParNew: 471872K->52416K(471872K), 0.1792356 secs] 10492881K->10175390K(25113408K), 0.1795295 secs] [Times: user=0.98 sys=0.08, real=0.18 secs] 
2014-04-16T09:56:49.831+0900: 146.106: [GC (Allocation Failure) 146.107: [ParNew: 471872K->52416K(471872K), 0.1407443 secs] 10594846K->10281845K(25113408K), 0.1410392 secs] [Times: user=0.90 sys=0.04, real=0.14 secs] 
2014-04-16T09:56:50.178+0900: 146.453: [GC (Allocation Failure) 146.454: [ParNew: 471872K->52416K(471872K), 0.0887526 secs] 10701301K->10366858K(25113408K), 0.0890560 secs] [Times: user=0.78 sys=0.03, real=0.09 secs] 
2014-04-16T09:56:50.362+0900: 146.638: [CMS-concurrent-preclean: 1.080/1.843 secs] [Times: user=9.83 sys=0.46, real=1.85 secs] 
2014-04-16T09:56:50.363+0900: 146.638: [CMS-concurrent-abortable-preclean-start]
2014-04-16T09:56:50.468+0900: 146.744: [GC (Allocation Failure) 146.744: [ParNew: 471871K->52416K(471872K), 0.1618571 secs] 10786314K->10480153K(25113408K), 0.1621506 secs] [Times: user=0.94 sys=0.08, real=0.16 secs] 
2014-04-16T09:56:50.841+0900: 147.117: [GC (Allocation Failure) 147.117: [ParNew: 471872K->52416K(471872K), 0.1339852 secs] 10899609K->10586935K(25113408K), 0.1342814 secs] [Times: user=0.90 sys=0.07, real=0.14 secs] 
2014-04-16T09:56:50.975+0900: 147.251: [CMS-concurrent-abortable-preclean: 0.289/0.613 secs] [Times: user=3.48 sys=0.22, real=0.61 secs] 
2014-04-16T09:56:50.977+0900: 147.252: [GC (CMS Final Remark) [YG occupancy: 54378 K (471872 K)]147.252: [Rescan (parallel) , 0.0235217 secs]147.276: [weak refs processing, 0.0020208 secs]147.278: [class unloading, 0.0468192 secs]147.325: [scrub symbol table, 0.0043583 secs]147.329: [scrub string table, 0.0012618 secs][1 CMS-remark: 10534519K(24641536K)] 10588897K(25113408K), 0.0858242 secs] [Times: user=0.38 sys=0.00, real=0.09 secs] 
2014-04-16T09:56:51.063+0900: 147.339: [CMS-concurrent-sweep-start]
2014-04-16T09:56:51.358+0900: 147.634: [GC (Allocation Failure) 147.634: [ParNew: 471872K->52416K(471872K), 0.0789235 secs] 10844763K->10521819K(25113408K), 0.0792173 secs] [Times: user=0.85 sys=0.02, real=0.08 secs] 
2014-04-16T09:56:51.696+0900: 147.972: [GC (Allocation Failure) 147.972: [ParNew: 466527K->52416K(471872K), 0.0751902 secs] 10746936K->10416264K(25113408K), 0.0754943 secs] [Times: user=0.80 sys=0.02, real=0.07 secs] 
2014-04-16T09:56:52.112+0900: 148.387: [GC (Allocation Failure) 148.388: [ParNew: 471872K->52416K(471872K), 0.0807831 secs] 10605414K->10282312K(25113408K), 0.0810789 secs] [Times: user=0.88 sys=0.01, real=0.09 secs] 
2014-04-16T09:56:52.529+0900: 148.805: [GC (Allocation Failure) 148.805: [ParNew: 471855K->52416K(471872K), 0.0843248 secs] 10456322K->10137036K(25113408K), 0.0846182 secs] [Times: user=0.83 sys=0.03, real=0.09 secs] 
2014-04-16T09:56:53.081+0900: 149.357: [CMS-concurrent-sweep: 1.688/2.018 secs] [Times: user=9.01 sys=0.26, real=2.01 secs] 
2014-04-16T09:56:53.081+0900: 149.357: [CMS-concurrent-reset-start]
2014-04-16T09:56:53.103+0900: 149.379: [GC (Allocation Failure) 149.379: [ParNew: 469865K->52416K(471872K), 0.0735875 secs] 9687188K->9361315K(25113408K), 0.0738850 secs] [Times: user=0.78 sys=0.02, real=0.07 secs] 
2014-04-16T09:56:53.231+0900: 149.507: [CMS-concurrent-reset: 0.072/0.150 secs] [Times: user=1.02 sys=0.06, real=0.15 secs] 
2014-04-16T09:56:53.587+0900: 149.863: [GC (Allocation Failure) 149.863: [ParNew: 471872K->52416K(471872K), 0.1286761 secs] 9780771K->9462062K(25113408K), 0.1289765 secs] [Times: user=1.46 sys=0.01, real=0.13 secs] 
2014-04-16T09:56:53.717+0900: 149.993: [GC (CMS Initial Mark) [1 CMS-initial-mark: 9409646K(24641536K)] 9462935K(25113408K), 0.0402018 secs] [Times: user=0.09 sys=0.00, real=0.04 secs] 
2014-04-16T09:56:53.758+0900: 150.034: [CMS-concurrent-mark-start]
2014-04-16T09:56:55.083+0900: 151.359: [GC (Allocation Failure) 151.359: [ParNew: 471872K->49721K(471872K), 0.0933224 secs] 9881518K->9511516K(25113408K), 0.0935891 secs] [Times: user=1.03 sys=0.01, real=0.09 secs] 
2014-04-16T09:56:55.241+0900: 151.517: [CMS-concurrent-mark: 1.387/1.483 secs] [Times: user=7.76 sys=0.04, real=1.48 secs] 
2014-04-16T09:56:55.241+0900: 151.517: [CMS-concurrent-preclean-start]
2014-04-16T09:56:55.336+0900: 151.612: [GC (Allocation Failure) 151.612: [ParNew: 469177K->29218K(471872K), 0.0481049 secs] 9930972K->9522674K(25113408K), 0.0483551 secs] [Times: user=0.49 sys=0.00, real=0.05 secs] 
2014-04-16T09:56:55.627+0900: 151.903: [CMS-concurrent-preclean: 0.321/0.386 secs] [Times: user=1.86 sys=0.00, real=0.39 secs] 
2014-04-16T09:56:55.628+0900: 151.903: [CMS-concurrent-abortable-preclean-start]
2014-04-16T09:56:55.840+0900: 152.116: [CMS-concurrent-abortable-preclean: 0.113/0.213 secs] [Times: user=0.51 sys=0.00, real=0.21 secs] 
2014-04-16T09:56:55.842+0900: 152.118: [GC (CMS Final Remark) [YG occupancy: 448300 K (471872 K)]152.118: [Rescan (parallel) , 0.0711448 secs]152.189: [weak refs processing, 0.0089907 secs]152.198: [class unloading, 0.0472374 secs]152.245: [scrub symbol table, 0.0043446 secs]152.250: [scrub string table, 0.0012625 secs][1 CMS-remark: 9493455K(24641536K)] 9941756K(25113408K), 0.1416919 secs] [Times: user=1.00 sys=0.00, real=0.15 secs] 
2014-04-16T09:56:55.985+0900: 152.261: [CMS-concurrent-sweep-start]
2014-04-16T09:56:55.987+0900: 152.263: [GC (Allocation Failure) 152.263: [ParNew: 448674K->8632K(471872K), 0.0451990 secs] 9942129K->9502088K(25113408K), 0.0454840 secs] [Times: user=0.43 sys=0.02, real=0.04 secs] 
2014-04-16T09:56:56.278+0900: 152.554: [GC (Allocation Failure) 152.554: [ParNew: 428088K->2191K(471872K), 0.0379044 secs] 9907268K->9481371K(25113408K), 0.0382033 secs] [Times: user=0.43 sys=0.00, real=0.04 secs] 
2014-04-16T09:56:56.553+0900: 152.829: [GC (Allocation Failure) 152.829: [ParNew: 421647K->691K(471872K), 0.0465475 secs] 9891437K->9470481K(25113408K), 0.0468055 secs] [Times: user=0.46 sys=0.00, real=0.05 secs] 
2014-04-16T09:56:56.839+0900: 153.115: [GC (Allocation Failure) 153.115: [ParNew: 420147K->342K(471872K), 0.0432292 secs] 9881680K->9461874K(25113408K), 0.0434984 secs] [Times: user=0.44 sys=0.00, real=0.04 secs] 
2014-04-16T09:56:57.102+0900: 153.378: [GC (Allocation Failure) 153.378: [ParNew: 415407K->52416K(471872K), 0.0532454 secs] 9868515K->9532704K(25113408K), 0.0535079 secs] [Times: user=0.62 sys=0.00, real=0.06 secs] 
2014-04-16T09:56:57.344+0900: 153.620: [GC (Allocation Failure) 153.620: [ParNew: 471872K->52416K(471872K), 0.0694176 secs] 9945250K->9612978K(25113408K), 0.0696808 secs] [Times: user=0.65 sys=0.01, real=0.07 secs] 
2014-04-16T09:56:57.599+0900: 153.875: [GC (Allocation Failure) 153.875: [ParNew: 471872K->52416K(471872K), 0.0754514 secs] 10026930K->9713934K(25113408K), 0.0757075 secs] [Times: user=0.80 sys=0.03, real=0.08 secs] 
2014-04-16T09:56:57.926+0900: 154.201: [CMS-concurrent-sweep: 1.550/1.941 secs] [Times: user=11.89 sys=0.25, real=1.94 secs] 
2014-04-16T09:56:57.926+0900: 154.201: [CMS-concurrent-reset-start]
2014-04-16T09:56:57.964+0900: 154.239: [GC (Allocation Failure) 154.240: [ParNew: 464356K->52416K(471872K), 0.1497438 secs] 9167890K->8823228K(25113408K), 0.1500071 secs] [Times: user=1.32 sys=0.05, real=0.15 secs] 
2014-04-16T09:56:58.161+0900: 154.436: [CMS-concurrent-reset: 0.084/0.235 secs] [Times: user=1.69 sys=0.08, real=0.23 secs] 
2014-04-16T09:56:58.375+0900: 154.650: [GC (Allocation Failure) 154.650: [ParNew: 471694K->52416K(471872K), 0.1167799 secs] 9242507K->8904492K(25113408K), 0.1170402 secs] [Times: user=1.31 sys=0.00, real=0.11 secs] 
2014-04-16T09:56:58.493+0900: 154.769: [GC (CMS Initial Mark) [1 CMS-initial-mark: 8852076K(24641536K)] 8907089K(25113408K), 0.0322394 secs] [Times: user=0.06 sys=0.00, real=0.04 secs] 
2014-04-16T09:56:58.525+0900: 154.801: [CMS-concurrent-mark-start]
2014-04-16T09:56:58.783+0900: 155.059: [GC (Allocation Failure) 155.059: [ParNew: 471872K->52416K(471872K), 0.0957936 secs] 9323948K->9024181K(25113408K), 0.0960593 secs] [Times: user=1.08 sys=0.02, real=0.09 secs] 
2014-04-16T09:56:59.197+0900: 155.473: [GC (Allocation Failure) 155.473: [ParNew: 471872K->52416K(471872K), 0.0729458 secs] 9443637K->9120165K(25113408K), 0.0731915 secs] [Times: user=0.80 sys=0.01, real=0.07 secs] 
2014-04-16T09:56:59.534+0900: 155.810: [GC (Allocation Failure) 155.810: [ParNew: 471854K->52416K(471872K), 0.0775263 secs] 9539604K->9216518K(25113408K), 0.0777780 secs] [Times: user=0.82 sys=0.02, real=0.08 secs] 
2014-04-16T09:56:59.888+0900: 156.164: [GC (Allocation Failure) 156.164: [ParNew: 471872K->52416K(471872K), 0.1049671 secs] 9635974K->9326357K(25113408K), 0.1052222 secs] [Times: user=0.84 sys=0.06, real=0.10 secs] 
2014-04-16T09:57:00.061+0900: 156.336: [CMS-concurrent-mark: 1.178/1.535 secs] [Times: user=12.02 sys=0.30, real=1.53 secs] 
2014-04-16T09:57:00.061+0900: 156.337: [CMS-concurrent-preclean-start]
2014-04-16T09:57:00.227+0900: 156.503: [GC (Allocation Failure) 156.503: [ParNew: 468516K->52416K(471872K), 0.0966030 secs] 9742457K->9434496K(25113408K), 0.0968502 secs] [Times: user=0.81 sys=0.06, real=0.09 secs] 
2014-04-16T09:57:00.583+0900: 156.859: [GC (Allocation Failure) 156.859: [ParNew: 465830K->52416K(471872K), 0.0903102 secs] 9847910K->9523794K(25113408K), 0.0905827 secs] [Times: user=0.78 sys=0.04, real=0.09 secs] 
2014-04-16T09:57:00.898+0900: 157.174: [GC (Allocation Failure) 157.174: [ParNew: 470299K->52416K(471872K), 0.1007030 secs] 9941678K->9598477K(25113408K), 0.1009590 secs] [Times: user=0.81 sys=0.06, real=0.10 secs] 
2014-04-16T09:57:01.254+0900: 157.529: [CMS-concurrent-preclean: 0.825/1.193 secs] [Times: user=6.19 sys=0.31, real=1.19 secs] 
2014-04-16T09:57:01.255+0900: 157.530: [GC (Allocation Failure) 157.531: [ParNew: 471448K->52416K(471872K), 0.1085069 secs] 10017509K->9688308K(25113408K), 0.1087518 secs] [Times: user=0.80 sys=0.06, real=0.10 secs] 
2014-04-16T09:57:01.364+0900: 157.639: [CMS-concurrent-abortable-preclean-start]
2014-04-16T09:57:01.602+0900: 157.878: [GC (Allocation Failure) 157.878: [ParNew: 464075K->52416K(471872K), 0.1137883 secs] 10099968K->9784210K(25113408K), 0.1140545 secs] [Times: user=0.86 sys=0.05, real=0.12 secs] 
2014-04-16T09:57:01.994+0900: 158.270: [CMS-concurrent-abortable-preclean: 0.480/0.630 secs] [Times: user=3.02 sys=0.15, real=0.63 secs] 
2014-04-16T09:57:01.995+0900: 158.271: [GC (Allocation Failure) 158.271: [ParNew: 471872K->52416K(471872K), 0.1242846 secs] 10203666K->9882810K(25113408K), 0.1245344 secs] [Times: user=0.90 sys=0.07, real=0.12 secs] 
2014-04-16T09:57:02.121+0900: 158.396: [GC (CMS Final Remark) [YG occupancy: 53232 K (471872 K)]158.397: [Rescan (parallel) , 0.0245985 secs]158.421: [weak refs processing, 0.0022551 secs]158.423: [class unloading, 0.0475124 secs]158.471: [scrub symbol table, 0.0043581 secs]158.475: [scrub string table, 0.0012631 secs][1 CMS-remark: 9830394K(24641536K)] 9883627K(25113408K), 0.0879872 secs] [Times: user=0.39 sys=0.00, real=0.09 secs] 
2014-04-16T09:57:02.209+0900: 158.485: [CMS-concurrent-sweep-start]
2014-04-16T09:57:02.490+0900: 158.766: [GC (Allocation Failure) 158.766: [ParNew: 470520K->52416K(471872K), 0.0696598 secs] 10111265K->9754058K(25113408K), 0.0699198 secs] [Times: user=0.75 sys=0.02, real=0.07 secs] 
2014-04-16T09:57:02.829+0900: 159.105: [GC (Allocation Failure) 159.105: [ParNew: 471872K->52416K(471872K), 0.0803021 secs] 9999720K->9697864K(25113408K), 0.0805548 secs] [Times: user=0.87 sys=0.02, real=0.08 secs] 
2014-04-16T09:57:03.209+0900: 159.485: [GC (Allocation Failure) 159.485: [ParNew: 471872K->52416K(471872K), 0.1184080 secs] 9847954K->9513572K(25113408K), 0.1186645 secs] [Times: user=1.34 sys=0.01, real=0.12 secs] 
2014-04-16T09:57:03.602+0900: 159.878: [GC (Allocation Failure) 159.878: [ParNew: 471872K->52416K(471872K), 0.1141623 secs] 9609815K->9297508K(25113408K), 0.1144267 secs] [Times: user=1.29 sys=0.02, real=0.12 secs] 
2014-04-16T09:57:04.298+0900: 160.574: [GC (Allocation Failure) 160.574: [ParNew: 471872K->52416K(471872K), 0.0650121 secs] 9149366K->8800349K(25113408K), 0.0652686 secs] [Times: user=0.72 sys=0.01, real=0.06 secs] 
2014-04-16T09:57:04.475+0900: 160.751: [CMS-concurrent-sweep: 1.808/2.266 secs] [Times: user=11.18 sys=0.33, real=2.27 secs] 
2014-04-16T09:57:04.475+0900: 160.751: [CMS-concurrent-reset-start]
2014-04-16T09:57:04.550+0900: 160.826: [CMS-concurrent-reset: 0.075/0.075 secs] [Times: user=0.35 sys=0.02, real=0.07 secs] 
2014-04-16T09:57:04.677+0900: 160.953: [GC (Allocation Failure) 160.953: [ParNew: 471518K->52416K(471872K), 0.0749778 secs] 8840505K->8515262K(25113408K), 0.0752313 secs] [Times: user=0.74 sys=0.02, real=0.07 secs] 
2014-04-16T09:57:04.755+0900: 161.031: [GC (CMS Initial Mark) [1 CMS-initial-mark: 8462846K(24641536K)] 8526199K(25113408K), 0.0025806 secs] [Times: user=0.02 sys=0.00, real=0.00 secs] 
2014-04-16T09:57:04.758+0900: 161.034: [CMS-concurrent-mark-start]
2014-04-16T09:57:05.011+0900: 161.287: [GC (Allocation Failure) 161.287: [ParNew: 471872K->52416K(471872K), 0.0799517 secs] 8934718K->8620270K(25113408K), 0.0802131 secs] [Times: user=0.80 sys=0.02, real=0.08 secs] 
2014-04-16T09:57:05.421+0900: 161.697: [GC (Allocation Failure) 161.697: [ParNew: 471871K->52416K(471872K), 0.0724792 secs] 9039726K->8737424K(25113408K), 0.0727350 secs] [Times: user=0.77 sys=0.02, real=0.07 secs] 
2014-04-16T09:57:05.915+0900: 162.191: [GC (Allocation Failure) 162.191: [ParNew: 471872K->52416K(471872K), 0.0685206 secs] 9156880K->8827469K(25113408K), 0.0687770 secs] [Times: user=0.76 sys=0.02, real=0.07 secs] 
2014-04-16T09:57:06.259+0900: 162.534: [GC (Allocation Failure) 162.534: [ParNew: 462464K->52416K(471872K), 0.0673118 secs] 9237518K->8926351K(25113408K), 0.0675579 secs] [Times: user=0.74 sys=0.01, real=0.07 secs] 
2014-04-16T09:57:06.523+0900: 162.799: [GC (Allocation Failure) 162.799: [ParNew: 471872K->52416K(471872K), 0.0851415 secs] 9345807K->9047377K(25113408K), 0.0853872 secs] [Times: user=0.87 sys=0.03, real=0.09 secs] 
2014-04-16T09:57:06.829+0900: 163.104: [GC (Allocation Failure) 163.105: [ParNew: 471872K->52416K(471872K), 0.0747801 secs] 9466833K->9147720K(25113408K), 0.0750228 secs] [Times: user=0.81 sys=0.01, real=0.07 secs] 
2014-04-16T09:57:06.922+0900: 163.198: [CMS-concurrent-mark: 1.707/2.164 secs] [Times: user=16.61 sys=0.43, real=2.16 secs] 
2014-04-16T09:57:06.922+0900: 163.198: [CMS-concurrent-preclean-start]
2014-04-16T09:57:07.105+0900: 163.381: [GC (Allocation Failure) 163.381: [ParNew: 471872K->52416K(471872K), 0.0759318 secs] 9567176K->9238770K(25113408K), 0.0761862 secs] [Times: user=0.81 sys=0.01, real=0.08 secs] 
2014-04-16T09:57:07.436+0900: 163.712: [GC (Allocation Failure) 163.712: [ParNew: 471872K->52416K(471872K), 0.0651706 secs] 9658226K->9278299K(25113408K), 0.0654218 secs] [Times: user=0.72 sys=0.01, real=0.06 secs] 
2014-04-16T09:57:07.811+0900: 164.086: [GC (Allocation Failure) 164.087: [ParNew: 471872K->52416K(471872K), 0.0740238 secs] 9697755K->9390519K(25113408K), 0.0742763 secs] [Times: user=0.81 sys=0.01, real=0.07 secs] 
2014-04-16T09:57:07.993+0900: 164.269: [CMS-concurrent-preclean: 0.765/1.071 secs] [Times: user=5.58 sys=0.19, real=1.07 secs] 
2014-04-16T09:57:07.993+0900: 164.269: [CMS-concurrent-abortable-preclean-start]
2014-04-16T09:57:08.250+0900: 164.526: [GC (Allocation Failure) 164.526: [ParNew: 471872K->52416K(471872K), 0.0792380 secs] 9809975K->9467391K(25113408K), 0.0794885 secs] [Times: user=0.71 sys=0.03, real=0.08 secs] 
2014-04-16T09:57:08.329+0900: 164.605: [CMS-concurrent-abortable-preclean: 0.241/0.336 secs] [Times: user=1.51 sys=0.05, real=0.34 secs] 
2014-04-16T09:57:08.330+0900: 164.606: [GC (CMS Final Remark) [YG occupancy: 53469 K (471872 K)]164.606: [Rescan (parallel) , 0.0223575 secs]164.629: [weak refs processing, 0.0020364 secs]164.631: [class unloading, 0.0476573 secs]164.678: [scrub symbol table, 0.0043399 secs]164.683: [scrub string table, 0.0012655 secs][1 CMS-remark: 9414975K(24641536K)] 9468444K(25113408K), 0.0857065 secs] [Times: user=0.36 sys=0.00, real=0.09 secs] 
2014-04-16T09:57:08.416+0900: 164.692: [CMS-concurrent-sweep-start]
2014-04-16T09:57:08.690+0900: 164.966: [GC (Allocation Failure) 164.966: [ParNew: 471872K->52416K(471872K), 0.0907681 secs] 9884443K->9546411K(25113408K), 0.0910496 secs] [Times: user=0.78 sys=0.04, real=0.09 secs] 
2014-04-16T09:57:09.044+0900: 165.320: [GC (Allocation Failure) 165.320: [ParNew: 471872K->52416K(471872K), 0.1086283 secs] 9961095K->9656050K(25113408K), 0.1088796 secs] [Times: user=0.81 sys=0.04, real=0.11 secs] 
2014-04-16T09:57:09.753+0900: 166.029: [GC (Allocation Failure) 166.029: [ParNew: 471872K->52416K(471872K), 0.0916954 secs] 10062869K->9699623K(25113408K), 0.0919487 secs] [Times: user=0.76 sys=0.06, real=0.09 secs] 
2014-04-16T09:57:10.109+0900: 166.385: [CMS-concurrent-sweep: 1.394/1.693 secs] [Times: user=6.51 sys=0.23, real=1.69 secs] 
2014-04-16T09:57:10.109+0900: 166.385: [CMS-concurrent-reset-start]
2014-04-16T09:57:10.179+0900: 166.455: [CMS-concurrent-reset: 0.069/0.069 secs] [Times: user=0.13 sys=0.00, real=0.07 secs] 
2014-04-16T09:57:10.352+0900: 166.628: [GC (Allocation Failure) 166.628: [ParNew: 471872K->51637K(471872K), 0.0884158 secs] 9496761K->9121722K(25113408K), 0.0886704 secs] [Times: user=0.74 sys=0.05, real=0.09 secs] 
2014-04-16T09:57:10.442+0900: 166.717: [GC (CMS Initial Mark) [1 CMS-initial-mark: 9070085K(24641536K)] 9122206K(25113408K), 0.0020858 secs] [Times: user=0.02 sys=0.00, real=0.00 secs] 
2014-04-16T09:57:10.444+0900: 166.720: [CMS-concurrent-mark-start]
2014-04-16T09:57:10.690+0900: 166.965: [GC (Allocation Failure) 166.966: [ParNew: 471093K->27569K(471872K), 0.0668612 secs] 9541178K->9127187K(25113408K), 0.0671134 secs] [Times: user=0.52 sys=0.02, real=0.07 secs] 
2014-04-16T09:57:11.701+0900: 167.976: [GC (Allocation Failure) 167.976: [ParNew: 447025K->8146K(471872K), 0.0405771 secs] 9546643K->9107763K(25113408K), 0.0408035 secs] [Times: user=0.42 sys=0.00, real=0.04 secs] 
2014-04-16T09:57:12.060+0900: 168.335: [GC (Allocation Failure) 168.336: [ParNew: 427602K->2060K(471872K), 0.0337166 secs] 9527219K->9101678K(25113408K), 0.0339379 secs] [Times: user=0.40 sys=0.00, real=0.03 secs] 
2014-04-16T09:57:12.402+0900: 168.678: [GC (Allocation Failure) 168.678: [ParNew: 421254K->717K(471872K), 0.0355377 secs] 9520872K->9100335K(25113408K), 0.0357179 secs] [Times: user=0.42 sys=0.00, real=0.04 secs] 
2014-04-16T09:57:12.712+0900: 168.988: [GC (Allocation Failure) 168.988: [ParNew: 420173K->392K(471872K), 0.0324269 secs] 9519791K->9100010K(25113408K), 0.0325994 secs] [Times: user=0.38 sys=0.01, real=0.03 secs] 
2014-04-16T09:57:12.809+0900: 169.085: [CMS-concurrent-mark: 2.137/2.365 secs] [Times: user=15.32 sys=0.22, real=2.37 secs] 
2014-04-16T09:57:12.809+0900: 169.085: [CMS-concurrent-preclean-start]
2014-04-16T09:57:12.922+0900: 169.198: [CMS-concurrent-preclean: 0.108/0.112 secs] [Times: user=0.34 sys=0.00, real=0.11 secs] 
2014-04-16T09:57:12.922+0900: 169.198: [CMS-concurrent-abortable-preclean-start]
2014-04-16T09:57:13.059+0900: 169.335: [GC (Allocation Failure) 169.335: [ParNew: 419848K->52415K(471872K), 0.0468448 secs] 9519466K->9177573K(25113408K), 0.0470145 secs] [Times: user=0.52 sys=0.00, real=0.04 secs] 
2014-04-16T09:57:13.502+0900: 169.778: [CMS-concurrent-abortable-preclean: 0.481/0.580 secs] [Times: user=2.25 sys=0.05, real=0.58 secs] 
2014-04-16T09:57:13.503+0900: 169.779: [GC (CMS Final Remark) [YG occupancy: 461917 K (471872 K)]169.779: [Rescan (parallel) , 0.0370956 secs]169.816: [weak refs processing, 0.0078931 secs]169.824: [class unloading, 0.0472884 secs]169.872: [scrub symbol table, 0.0043455 secs]169.876: [scrub string table, 0.0012679 secs][1 CMS-remark: 9125157K(24641536K)] 9587075K(25113408K), 0.1069994 secs] [Times: user=0.56 sys=0.00, real=0.11 secs] 
2014-04-16T09:57:13.611+0900: 169.887: [CMS-concurrent-sweep-start]
2014-04-16T09:57:13.626+0900: 169.902: [GC (Allocation Failure) 169.902: [ParNew: 470907K->52416K(471872K), 0.0813026 secs] 9595707K->9261459K(25113408K), 0.0814816 secs] [Times: user=0.77 sys=0.02, real=0.09 secs] 
2014-04-16T09:57:14.061+0900: 170.337: [GC (Allocation Failure) 170.337: [ParNew: 471872K->52416K(471872K), 0.1094137 secs] 9674513K->9315493K(25113408K), 0.1095930 secs] [Times: user=0.76 sys=0.06, real=0.11 secs] 
2014-04-16T09:57:14.631+0900: 170.907: [GC (Allocation Failure) 170.907: [ParNew: 464930K->52416K(471872K), 0.0981628 secs] 9722813K->9369520K(25113408K), 0.0983417 secs] [Times: user=0.78 sys=0.04, real=0.10 secs] 
2014-04-16T09:57:15.267+0900: 171.543: [CMS-concurrent-sweep: 1.363/1.656 secs] [Times: user=5.83 sys=0.23, real=1.66 secs] 
2014-04-16T09:57:15.267+0900: 171.543: [CMS-concurrent-reset-start]
2014-04-16T09:57:15.353+0900: 171.629: [CMS-concurrent-reset: 0.086/0.086 secs] [Times: user=0.17 sys=0.02, real=0.08 secs] 
2014-04-16T09:57:15.389+0900: 171.665: [GC (Allocation Failure) 171.665: [ParNew: 471872K->52416K(471872K), 0.1031288 secs] 9156323K->8818103K(25113408K), 0.1032817 secs] [Times: user=0.79 sys=0.03, real=0.10 secs] 
2014-04-16T09:57:15.493+0900: 171.769: [GC (CMS Initial Mark) [1 CMS-initial-mark: 8765687K(24641536K)] 8819014K(25113408K), 0.0020149 secs] [Times: user=0.01 sys=0.00, real=0.00 secs] 
2014-04-16T09:57:15.495+0900: 171.771: [CMS-concurrent-mark-start]
2014-04-16T09:57:16.155+0900: 172.431: [GC (Allocation Failure) 172.431: [ParNew: 471872K->52416K(471872K), 0.1088716 secs] 9237559K->8906942K(25113408K), 0.1090226 secs] [Times: user=0.74 sys=0.04, real=0.11 secs] 
2014-04-16T09:57:16.515+0900: 172.791: [CMS-concurrent-mark: 0.910/1.020 secs] [Times: user=5.40 sys=0.12, real=1.02 secs] 
2014-04-16T09:57:16.515+0900: 172.791: [CMS-concurrent-preclean-start]
2014-04-16T09:57:16.710+0900: 172.986: [CMS-concurrent-preclean: 0.184/0.195 secs] [Times: user=0.49 sys=0.01, real=0.20 secs] 
2014-04-16T09:57:16.711+0900: 172.986: [CMS-concurrent-abortable-preclean-start]
2014-04-16T09:57:16.847+0900: 173.122: [GC (Allocation Failure) 173.123: [ParNew: 465713K->52416K(471872K), 0.1095488 secs] 9320240K->8974489K(25113408K), 0.1097078 secs] [Times: user=0.73 sys=0.05, real=0.11 secs] 
2014-04-16T09:57:17.320+0900: 173.595: [CMS-concurrent-abortable-preclean: 0.485/0.609 secs] [Times: user=2.04 sys=0.06, real=0.61 secs] 
2014-04-16T09:57:17.320+0900: 173.596: [GC (CMS Final Remark) [YG occupancy: 427325 K (471872 K)]173.596: [Rescan (parallel) , 0.0460077 secs]173.642: [weak refs processing, 0.0071116 secs]173.649: [class unloading, 0.0365465 secs]173.686: [scrub symbol table, 0.0035852 secs]173.689: [scrub string table, 0.0010724 secs][1 CMS-remark: 8922073K(24641536K)] 9349399K(25113408K), 0.1012503 secs] [Times: user=0.66 sys=0.01, real=0.10 secs] 
2014-04-16T09:57:17.422+0900: 173.698: [CMS-concurrent-sweep-start]
2014-04-16T09:57:17.466+0900: 173.742: [GC (Allocation Failure) 173.742: [ParNew: 471872K->46571K(471872K), 0.0859583 secs] 9348611K->8974620K(25113408K), 0.0861184 secs] [Times: user=0.69 sys=0.03, real=0.09 secs] 
2014-04-16T09:57:18.018+0900: 174.294: [GC (Allocation Failure) 174.294: [ParNew: 466027K->30224K(471872K), 0.0447547 secs] 8694705K->8258901K(25113408K), 0.0449166 secs] [Times: user=0.46 sys=0.00, real=0.04 secs] 
2014-04-16T09:57:18.515+0900: 174.791: [GC (Allocation Failure) 174.791: [ParNew: 449676K->52416K(471872K), 0.0448904 secs] 7887028K->7493657K(25113408K), 0.0450745 secs] [Times: user=0.49 sys=0.00, real=0.05 secs] 
2014-04-16T09:57:18.842+0900: 175.118: [GC (Allocation Failure) 175.118: [ParNew: 471870K->52416K(471872K), 0.0618547 secs] 7330226K->7012143K(25113408K), 0.0620072 secs] [Times: user=0.74 sys=0.00, real=0.06 secs] 
2014-04-16T09:57:19.235+0900: 175.511: [GC (Allocation Failure) 175.511: [ParNew: 471872K->52416K(471872K), 0.0843907 secs] 6748469K->6431364K(25113408K), 0.0845414 secs] [Times: user=0.78 sys=0.02, real=0.09 secs] 
2014-04-16T09:57:19.673+0900: 175.949: [GC (Allocation Failure) 175.949: [ParNew: 470921K->52416K(471872K), 0.0706857 secs] 5869169K->5539596K(25113408K), 0.0708362 secs] [Times: user=0.71 sys=0.02, real=0.07 secs] 
2014-04-16T09:57:19.816+0900: 176.092: [CMS-concurrent-sweep: 1.995/2.394 secs] [Times: user=10.12 sys=0.29, real=2.39 secs] 
2014-04-16T09:57:19.816+0900: 176.092: [CMS-concurrent-reset-start]
2014-04-16T09:57:19.902+0900: 176.178: [CMS-concurrent-reset: 0.086/0.086 secs] [Times: user=0.26 sys=0.00, real=0.09 secs] 
2014-04-16T09:57:20.037+0900: 176.313: [GC (Allocation Failure) 176.313: [ParNew: 471337K->52416K(471872K), 0.0724646 secs] 5533806K->5195523K(25113408K), 0.0726293 secs] [Times: user=0.75 sys=0.02, real=0.08 secs] 
2014-04-16T09:57:20.459+0900: 176.735: [GC (Allocation Failure) 176.735: [ParNew: 471865K->52416K(471872K), 0.0800705 secs] 5614972K->5284546K(25113408K), 0.0802463 secs] [Times: user=0.84 sys=0.02, real=0.08 secs] 
2014-04-16T09:57:20.876+0900: 177.152: [GC (Allocation Failure) 177.152: [ParNew: 465159K->52416K(471872K), 0.0755719 secs] 5697290K->5371643K(25113408K), 0.0757519 secs] [Times: user=0.81 sys=0.01, real=0.08 secs] 
2014-04-16T09:57:21.282+0900: 177.558: [GC (Allocation Failure) 177.558: [ParNew: 471872K->52416K(471872K), 0.0740964 secs] 5791099K->5462089K(25113408K), 0.0742746 secs] [Times: user=0.81 sys=0.00, real=0.07 secs] 
2014-04-16T09:57:21.706+0900: 177.982: [GC (Allocation Failure) 177.982: [ParNew: 471324K->52416K(471872K), 0.0813367 secs] 5880998K->5550670K(25113408K), 0.0815152 secs] [Times: user=0.82 sys=0.02, real=0.09 secs] 
2014-04-16T09:57:22.146+0900: 178.421: [GC (Allocation Failure) 178.422: [ParNew: 471872K->52416K(471872K), 0.0779137 secs] 5970126K->5635407K(25113408K), 0.0780907 secs] [Times: user=0.82 sys=0.01, real=0.08 secs] 
2014-04-16T09:57:22.562+0900: 178.838: [GC (Allocation Failure) 178.838: [ParNew: 471872K->52416K(471872K), 0.0865672 secs] 6054863K->5758244K(25113408K), 0.0867388 secs] [Times: user=0.88 sys=0.03, real=0.09 secs] 
2014-04-16T09:57:22.973+0900: 179.249: [GC (Allocation Failure) 179.249: [ParNew: 471872K->52416K(471872K), 0.0821794 secs] 6177700K->5854948K(25113408K), 0.0823543 secs] [Times: user=0.84 sys=0.01, real=0.08 secs] 
2014-04-16T09:57:23.420+0900: 179.695: [GC (Allocation Failure) 179.695: [ParNew: 471858K->52416K(471872K), 0.0861598 secs] 6274391K->5942352K(25113408K), 0.0863316 secs] [Times: user=0.84 sys=0.02, real=0.08 secs] 
2014-04-16T09:57:23.846+0900: 180.122: [GC (Allocation Failure) 180.122: [ParNew: 465558K->52416K(471872K), 0.0807457 secs] 6355494K->6037743K(25113408K), 0.0809183 secs] [Times: user=0.81 sys=0.02, real=0.08 secs] 
2014-04-16T09:57:24.254+0900: 180.529: [GC (Allocation Failure) 180.530: [ParNew: 471872K->52416K(471872K), 0.0763573 secs] 6457199K->6111308K(25113408K), 0.0765266 secs] [Times: user=0.78 sys=0.03, real=0.08 secs] 
2014-04-16T09:57:24.703+0900: 180.979: [GC (Allocation Failure) 180.979: [ParNew: 470529K->52416K(471872K), 0.0805212 secs] 6529422K->6181033K(25113408K), 0.0806908 secs] [Times: user=0.80 sys=0.02, real=0.08 secs] 
2014-04-16T09:57:25.446+0900: 181.721: [GC (Allocation Failure) 181.721: [ParNew: 471872K->52416K(471872K), 0.0909772 secs] 6600489K->6260832K(25113408K), 0.0911456 secs] [Times: user=0.79 sys=0.03, real=0.09 secs] 
2014-04-16T09:57:25.955+0900: 182.231: [GC (Allocation Failure) 182.231: [ParNew: 471872K->52416K(471872K), 0.1467045 secs] 6680288K->6375696K(25113408K), 0.1468789 secs] [Times: user=0.85 sys=0.06, real=0.15 secs] 
2014-04-16T09:57:26.434+0900: 182.709: [GC (Allocation Failure) 182.709: [ParNew: 471872K->52416K(471872K), 0.1244611 secs] 6795152K->6467868K(25113408K), 0.1246355 secs] [Times: user=0.87 sys=0.07, real=0.12 secs] 
2014-04-16T09:57:27.136+0900: 183.412: [GC (Allocation Failure) 183.412: [ParNew: 471872K->52416K(471872K), 0.1286965 secs] 6887324K->6557491K(25113408K), 0.1288771 secs] [Times: user=0.87 sys=0.06, real=0.13 secs] 
2014-04-16T09:57:27.871+0900: 184.147: [GC (Allocation Failure) 184.147: [ParNew: 471858K->52416K(471872K), 0.1174310 secs] 6976933K->6624635K(25113408K), 0.1176057 secs] [Times: user=0.86 sys=0.05, real=0.12 secs] 
2014-04-16T09:57:28.314+0900: 184.589: [GC (Allocation Failure) 184.589: [ParNew: 471872K->52416K(471872K), 0.1145646 secs] 7044091K->6714773K(25113408K), 0.1147450 secs] [Times: user=0.85 sys=0.05, real=0.12 secs] 
2014-04-16T09:57:28.771+0900: 185.046: [GC (Allocation Failure) 185.046: [ParNew: 469823K->52416K(471872K), 0.1091687 secs] 7132181K->6814330K(25113408K), 0.1093445 secs] [Times: user=0.84 sys=0.05, real=0.11 secs] 
2014-04-16T09:57:29.215+0900: 185.491: [GC (Allocation Failure) 185.491: [ParNew: 471872K->52416K(471872K), 0.1321964 secs] 7233786K->6918196K(25113408K), 0.1323685 secs] [Times: user=0.90 sys=0.07, real=0.13 secs] 
2014-04-16T09:57:29.698+0900: 185.974: [GC (Allocation Failure) 185.974: [ParNew: 471872K->52416K(471872K), 0.1238660 secs] 7337652K->7018275K(25113408K), 0.1240462 secs] [Times: user=0.85 sys=0.07, real=0.12 secs] 
2014-04-16T09:57:30.170+0900: 186.446: [GC (Allocation Failure) 186.446: [ParNew: 471872K->52416K(471872K), 0.1164710 secs] 7437731K->7119465K(25113408K), 0.1166441 secs] [Times: user=0.83 sys=0.05, real=0.11 secs] 
2014-04-16T09:57:30.602+0900: 186.878: [GC (Allocation Failure) 186.878: [ParNew: 471872K->52416K(471872K), 0.1212917 secs] 7538921K->7216561K(25113408K), 0.1214635 secs] [Times: user=0.82 sys=0.08, real=0.12 secs] 
2014-04-16T09:57:31.363+0900: 187.639: [GC (Allocation Failure) 187.639: [ParNew: 471872K->52416K(471872K), 0.1258689 secs] 7636017K->7299764K(25113408K), 0.1260428 secs] [Times: user=0.84 sys=0.06, real=0.13 secs] 
2014-04-16T09:57:32.126+0900: 188.401: [GC (Allocation Failure) 188.401: [ParNew: 471872K->52416K(471872K), 0.1323469 secs] 7719220K->7363966K(25113408K), 0.1325182 secs] [Times: user=0.82 sys=0.06, real=0.13 secs] 
2014-04-16T09:57:32.913+0900: 189.188: [GC (Allocation Failure) 189.188: [ParNew: 471872K->52416K(471872K), 0.1238749 secs] 7783422K->7443477K(25113408K), 0.1240604 secs] [Times: user=0.77 sys=0.06, real=0.12 secs] 
2014-04-16T09:57:33.556+0900: 189.832: [GC (Allocation Failure) 189.832: [ParNew: 471872K->46895K(471872K), 0.0856348 secs] 7862933K->7475127K(25113408K), 0.0858020 secs] [Times: user=0.64 sys=0.03, real=0.09 secs] 
2014-04-16T09:57:33.643+0900: 189.919: [GC (CMS Initial Mark) [1 CMS-initial-mark: 7428231K(24641536K)] 7478205K(25113408K), 0.0017589 secs] [Times: user=0.02 sys=0.00, real=0.00 secs] 
2014-04-16T09:57:33.645+0900: 189.921: [CMS-concurrent-mark-start]
2014-04-16T09:57:34.863+0900: 191.138: [GC (Allocation Failure) 191.138: [ParNew: 466351K->17972K(471872K), 0.0312527 secs] 7894583K->7446203K(25113408K), 0.0314032 secs] [Times: user=0.36 sys=0.00, real=0.03 secs] 
2014-04-16T09:57:34.903+0900: 191.179: [CMS-concurrent-mark: 1.226/1.258 secs] [Times: user=6.29 sys=0.03, real=1.26 secs] 
2014-04-16T09:57:34.903+0900: 191.179: [CMS-concurrent-preclean-start]
2014-04-16T09:57:34.982+0900: 191.258: [CMS-concurrent-preclean: 0.078/0.079 secs] [Times: user=0.16 sys=0.00, real=0.08 secs] 
2014-04-16T09:57:34.983+0900: 191.258: [CMS-concurrent-abortable-preclean-start]
2014-04-16T09:57:35.411+0900: 191.687: [CMS-concurrent-abortable-preclean: 0.326/0.429 secs] [Times: user=0.91 sys=0.01, real=0.43 secs] 
2014-04-16T09:57:35.412+0900: 191.688: [GC (CMS Final Remark) [YG occupancy: 299217 K (471872 K)]191.688: [Rescan (parallel) , 0.0478121 secs]191.736: [weak refs processing, 0.0060583 secs]191.742: [class unloading, 0.0432833 secs]191.785: [scrub symbol table, 0.0043346 secs]191.790: [scrub string table, 0.0012602 secs][1 CMS-remark: 7428231K(24641536K)] 7727448K(25113408K), 0.1111328 secs] [Times: user=0.69 sys=0.00, real=0.11 secs] 
2014-04-16T09:57:35.524+0900: 191.800: [CMS-concurrent-sweep-start]
Heap
 par new generation   total 471872K, used 331839K [0x00000001c0000000, 0x00000001e0000000, 0x00000001e0000000)
  eden space 419456K,  74% used [0x00000001c0000000, 0x00000001d3282c90, 0x00000001d99a0000)
  from space 52416K,  34% used [0x00000001dccd0000, 0x00000001dde5d0b0, 0x00000001e0000000)
  to   space 52416K,   0% used [0x00000001d99a0000, 0x00000001d99a0000, 0x00000001dccd0000)
 concurrent mark-sweep generation total 24641536K, used 7427787K [0x00000001e0000000, 0x00000007c0000000, 0x00000007c0000000)
 Metaspace       used 38442K, capacity 39460K, committed 39680K, reserved 1083392K
  class space    used 5854K, capacity 6079K, committed 6144K, reserved 1048576K
