Java HotSpot(TM) 64-Bit Server VM (25.5-b02) for linux-amd64 JRE (1.8.0_05-b13), built on Mar 18 2014 00:29:27 by "java_re" with gcc 4.3.0 20080428 (Red Hat 4.3.0-8)
Memory: 4k page, physical 32865776k(29612236k free), swap 2047992k(2047992k free)
CommandLine flags: -XX:G1HeapRegionSize=16777216 -XX:InitialHeapSize=25769803776 -XX:InitiatingHeapOccupancyPercent=30 -XX:MaxHeapSize=25769803776 -XX:+ParallelRefProcEnabled -XX:+PrintGC -XX:+PrintGCDateStamps -XX:+PrintGCDetails -XX:+PrintGCTimeStamps -XX:ThreadStackSize=2048 -XX:+UseCompressedClassPointers -XX:+UseCompressedOops -XX:+UseG1GC 
2014-04-16T09:48:18.888+0900: 1.785: [Full GC (Metadata GC Threshold)  21M->7359K(24G), 0.2840005 secs]
   [Eden: 32.0M(1216.0M)->0.0B(1216.0M) Survivors: 0.0B->0.0B Heap: 21.4M(24.0G)->7359.2K(24.0G)], [Metaspace: 21103K->21103K(1067008K)]
 [Times: user=0.31 sys=0.08, real=0.28 secs] 
2014-04-16T09:48:24.483+0900: 7.380: [Full GC (Metadata GC Threshold)  108M->16M(24G), 0.3342788 secs]
   [Eden: 112.0M(1216.0M)->0.0B(1216.0M) Survivors: 0.0B->0.0B Heap: 108.3M(24.0G)->16.9M(24.0G)], [Metaspace: 34642K->34638K(1079296K)]
 [Times: user=0.34 sys=0.00, real=0.34 secs] 
2014-04-16T09:48:29.694+0900: 12.591: [GC pause (G1 Evacuation Pause) (young), 0.2415438 secs]
   [Parallel Time: 222.7 ms, GC Workers: 13]
      [GC Worker Start (ms): Min: 12591.1, Avg: 12591.2, Max: 12592.1, Diff: 1.0]
      [Ext Root Scanning (ms): Min: 1.2, Avg: 4.7, Max: 13.0, Diff: 11.7, Sum: 61.3]
      [Update RS (ms): Min: 0.0, Avg: 3.5, Max: 18.4, Diff: 18.4, Sum: 45.2]
         [Processed Buffers: Min: 0, Avg: 5.5, Max: 22, Diff: 22, Sum: 71]
      [Scan RS (ms): Min: 0.0, Avg: 0.1, Max: 0.2, Diff: 0.2, Sum: 0.7]
      [Code Root Scanning (ms): Min: 0.0, Avg: 0.1, Max: 1.1, Diff: 1.1, Sum: 1.7]
      [Object Copy (ms): Min: 197.4, Avg: 209.1, Max: 216.9, Diff: 19.5, Sum: 2717.7]
      [Termination (ms): Min: 2.2, Avg: 5.0, Max: 13.3, Diff: 11.1, Sum: 65.0]
      [GC Worker Other (ms): Min: 0.0, Avg: 0.0, Max: 0.0, Diff: 0.0, Sum: 0.4]
      [GC Worker Total (ms): Min: 221.6, Avg: 222.5, Max: 222.6, Diff: 1.0, Sum: 2891.9]
      [GC Worker End (ms): Min: 12813.7, Avg: 12813.7, Max: 12813.7, Diff: 0.0]
   [Code Root Fixup: 1.6 ms]
   [Code Root Migration: 5.3 ms]
   [Clear CT: 0.4 ms]
   [Other: 11.6 ms]
      [Choose CSet: 0.0 ms]
      [Ref Proc: 9.7 ms]
      [Ref Enq: 0.8 ms]
      [Free CSet: 0.2 ms]
   [Eden: 1216.0M(1216.0M)->0.0B(1056.0M) Survivors: 0.0B->160.0M Heap: 1232.9M(24.0G)->242.9M(24.0G)]
 [Times: user=2.11 sys=1.27, real=0.24 secs] 
2014-04-16T09:48:31.366+0900: 14.262: [GC pause (G1 Evacuation Pause) (young), 0.2098300 secs]
   [Parallel Time: 195.5 ms, GC Workers: 13]
      [GC Worker Start (ms): Min: 14262.5, Avg: 14262.6, Max: 14262.7, Diff: 0.2]
      [Ext Root Scanning (ms): Min: 1.2, Avg: 2.2, Max: 11.5, Diff: 10.3, Sum: 28.7]
      [Update RS (ms): Min: 0.0, Avg: 0.1, Max: 0.1, Diff: 0.1, Sum: 0.8]
         [Processed Buffers: Min: 0, Avg: 2.2, Max: 5, Diff: 5, Sum: 28]
      [Scan RS (ms): Min: 0.0, Avg: 6.2, Max: 6.9, Diff: 6.9, Sum: 80.4]
      [Code Root Scanning (ms): Min: 0.0, Avg: 0.2, Max: 2.0, Diff: 2.0, Sum: 2.1]
      [Object Copy (ms): Min: 183.2, Avg: 186.2, Max: 187.0, Diff: 3.9, Sum: 2420.2]
      [Termination (ms): Min: 0.0, Avg: 0.4, Max: 0.5, Diff: 0.5, Sum: 5.2]
      [GC Worker Other (ms): Min: 0.0, Avg: 0.0, Max: 0.1, Diff: 0.1, Sum: 0.6]
      [GC Worker Total (ms): Min: 195.1, Avg: 195.2, Max: 195.4, Diff: 0.2, Sum: 2538.1]
      [GC Worker End (ms): Min: 14457.8, Avg: 14457.9, Max: 14457.9, Diff: 0.1]
   [Code Root Fixup: 1.3 ms]
   [Code Root Migration: 3.0 ms]
   [Clear CT: 0.4 ms]
   [Other: 9.5 ms]
      [Choose CSet: 0.0 ms]
      [Ref Proc: 7.5 ms]
      [Ref Enq: 0.6 ms]
      [Free CSet: 0.2 ms]
   [Eden: 1056.0M(1056.0M)->0.0B(1056.0M) Survivors: 160.0M->160.0M Heap: 1298.9M(24.0G)->496.9M(24.0G)]
 [Times: user=2.43 sys=0.43, real=0.21 secs] 
2014-04-16T09:48:32.539+0900: 15.435: [GC pause (G1 Evacuation Pause) (young), 0.1222418 secs]
   [Parallel Time: 114.8 ms, GC Workers: 13]
      [GC Worker Start (ms): Min: 15435.6, Avg: 15435.8, Max: 15436.0, Diff: 0.3]
      [Ext Root Scanning (ms): Min: 1.0, Avg: 1.2, Max: 1.7, Diff: 0.7, Sum: 15.7]
      [Update RS (ms): Min: 3.1, Avg: 3.7, Max: 4.8, Diff: 1.6, Sum: 48.2]
         [Processed Buffers: Min: 5, Avg: 16.9, Max: 28, Diff: 23, Sum: 220]
      [Scan RS (ms): Min: 4.9, Avg: 6.0, Max: 6.3, Diff: 1.3, Sum: 78.0]
      [Code Root Scanning (ms): Min: 0.0, Avg: 0.0, Max: 0.0, Diff: 0.0, Sum: 0.1]
      [Object Copy (ms): Min: 103.3, Avg: 103.4, Max: 103.5, Diff: 0.2, Sum: 1344.5]
      [Termination (ms): Min: 0.0, Avg: 0.0, Max: 0.0, Diff: 0.0, Sum: 0.1]
      [GC Worker Other (ms): Min: 0.0, Avg: 0.0, Max: 0.1, Diff: 0.1, Sum: 0.5]
      [GC Worker Total (ms): Min: 114.3, Avg: 114.4, Max: 114.6, Diff: 0.3, Sum: 1487.1]
      [GC Worker End (ms): Min: 15550.2, Avg: 15550.2, Max: 15550.3, Diff: 0.1]
   [Code Root Fixup: 0.4 ms]
   [Code Root Migration: 0.1 ms]
   [Clear CT: 0.5 ms]
   [Other: 6.5 ms]
      [Choose CSet: 0.0 ms]
      [Ref Proc: 4.4 ms]
      [Ref Enq: 0.3 ms]
      [Free CSet: 0.3 ms]
   [Eden: 1056.0M(1056.0M)->0.0B(1056.0M) Survivors: 160.0M->160.0M Heap: 1552.9M(24.0G)->720.9M(24.0G)]
 [Times: user=1.45 sys=0.13, real=0.12 secs] 
2014-04-16T09:48:33.528+0900: 16.424: [GC pause (G1 Evacuation Pause) (young), 0.1006705 secs]
   [Parallel Time: 93.6 ms, GC Workers: 13]
      [GC Worker Start (ms): Min: 16424.7, Avg: 16424.7, Max: 16424.8, Diff: 0.1]
      [Ext Root Scanning (ms): Min: 0.8, Avg: 1.2, Max: 1.9, Diff: 1.1, Sum: 16.1]
      [Update RS (ms): Min: 3.3, Avg: 4.2, Max: 6.7, Diff: 3.4, Sum: 54.5]
         [Processed Buffers: Min: 7, Avg: 15.6, Max: 22, Diff: 15, Sum: 203]
      [Scan RS (ms): Min: 2.2, Avg: 4.6, Max: 5.1, Diff: 2.9, Sum: 59.3]
      [Code Root Scanning (ms): Min: 0.0, Avg: 0.0, Max: 0.0, Diff: 0.0, Sum: 0.0]
      [Object Copy (ms): Min: 83.0, Avg: 83.2, Max: 84.2, Diff: 1.2, Sum: 1081.7]
      [Termination (ms): Min: 0.0, Avg: 0.0, Max: 0.0, Diff: 0.0, Sum: 0.0]
      [GC Worker Other (ms): Min: 0.0, Avg: 0.0, Max: 0.1, Diff: 0.0, Sum: 0.4]
      [GC Worker Total (ms): Min: 93.2, Avg: 93.2, Max: 93.3, Diff: 0.2, Sum: 1212.1]
      [GC Worker End (ms): Min: 16518.0, Avg: 16518.0, Max: 16518.0, Diff: 0.0]
   [Code Root Fixup: 0.4 ms]
   [Code Root Migration: 0.0 ms]
   [Clear CT: 0.5 ms]
   [Other: 6.1 ms]
      [Choose CSet: 0.0 ms]
      [Ref Proc: 4.2 ms]
      [Ref Enq: 0.3 ms]
      [Free CSet: 0.2 ms]
   [Eden: 1056.0M(1056.0M)->0.0B(1056.0M) Survivors: 160.0M->160.0M Heap: 1776.9M(24.0G)->968.9M(24.0G)]
 [Times: user=1.16 sys=0.07, real=0.10 secs] 
2014-04-16T09:48:34.525+0900: 17.421: [GC pause (G1 Evacuation Pause) (young), 0.1312171 secs]
   [Parallel Time: 124.1 ms, GC Workers: 13]
      [GC Worker Start (ms): Min: 17421.7, Avg: 17421.8, Max: 17421.9, Diff: 0.2]
      [Ext Root Scanning (ms): Min: 1.1, Avg: 2.9, Max: 7.8, Diff: 6.8, Sum: 38.3]
      [Update RS (ms): Min: 1.1, Avg: 7.7, Max: 25.6, Diff: 24.5, Sum: 99.5]
         [Processed Buffers: Min: 1, Avg: 15.5, Max: 31, Diff: 30, Sum: 202]
      [Scan RS (ms): Min: 0.0, Avg: 5.7, Max: 6.7, Diff: 6.7, Sum: 74.7]
      [Code Root Scanning (ms): Min: 0.0, Avg: 0.0, Max: 0.0, Diff: 0.0, Sum: 0.0]
      [Object Copy (ms): Min: 96.3, Avg: 106.9, Max: 108.4, Diff: 12.1, Sum: 1389.8]
      [Termination (ms): Min: 0.3, Avg: 0.5, Max: 0.6, Diff: 0.3, Sum: 6.5]
      [GC Worker Other (ms): Min: 0.0, Avg: 0.0, Max: 0.0, Diff: 0.0, Sum: 0.3]
      [GC Worker Total (ms): Min: 123.7, Avg: 123.8, Max: 123.9, Diff: 0.2, Sum: 1609.1]
      [GC Worker End (ms): Min: 17545.6, Avg: 17545.6, Max: 17545.6, Diff: 0.0]
   [Code Root Fixup: 0.4 ms]
   [Code Root Migration: 0.0 ms]
   [Clear CT: 0.5 ms]
   [Other: 6.2 ms]
      [Choose CSet: 0.0 ms]
      [Ref Proc: 3.9 ms]
      [Ref Enq: 0.4 ms]
      [Free CSet: 0.4 ms]
   [Eden: 1056.0M(1056.0M)->0.0B(1056.0M) Survivors: 160.0M->160.0M Heap: 2024.9M(24.0G)->1208.9M(24.0G)]
 [Times: user=1.44 sys=0.07, real=0.13 secs] 
2014-04-16T09:48:35.561+0900: 18.458: [GC pause (G1 Evacuation Pause) (young), 0.1123083 secs]
   [Parallel Time: 104.6 ms, GC Workers: 13]
      [GC Worker Start (ms): Min: 18457.9, Avg: 18458.0, Max: 18458.0, Diff: 0.1]
      [Ext Root Scanning (ms): Min: 0.9, Avg: 1.3, Max: 1.6, Diff: 0.6, Sum: 17.1]
      [Update RS (ms): Min: 4.5, Avg: 5.1, Max: 6.6, Diff: 2.1, Sum: 65.7]
         [Processed Buffers: Min: 2, Avg: 16.7, Max: 31, Diff: 29, Sum: 217]
      [Scan RS (ms): Min: 4.2, Avg: 5.8, Max: 6.3, Diff: 2.2, Sum: 74.8]
      [Code Root Scanning (ms): Min: 0.0, Avg: 0.0, Max: 0.0, Diff: 0.0, Sum: 0.0]
      [Object Copy (ms): Min: 92.0, Avg: 92.2, Max: 92.5, Diff: 0.6, Sum: 1198.1]
      [Termination (ms): Min: 0.0, Avg: 0.0, Max: 0.0, Diff: 0.0, Sum: 0.0]
      [GC Worker Other (ms): Min: 0.0, Avg: 0.0, Max: 0.1, Diff: 0.1, Sum: 0.5]
      [GC Worker Total (ms): Min: 104.3, Avg: 104.3, Max: 104.4, Diff: 0.2, Sum: 1356.4]
      [GC Worker End (ms): Min: 18562.3, Avg: 18562.3, Max: 18562.3, Diff: 0.1]
   [Code Root Fixup: 0.4 ms]
   [Code Root Migration: 0.0 ms]
   [Clear CT: 0.5 ms]
   [Other: 6.8 ms]
      [Choose CSet: 0.0 ms]
      [Ref Proc: 4.4 ms]
      [Ref Enq: 0.2 ms]
      [Free CSet: 0.4 ms]
   [Eden: 1056.0M(1056.0M)->0.0B(1056.0M) Survivors: 160.0M->160.0M Heap: 2264.9M(24.0G)->1448.9M(24.0G)]
 [Times: user=1.32 sys=0.07, real=0.11 secs] 
2014-04-16T09:48:36.556+0900: 19.453: [GC pause (G1 Evacuation Pause) (young), 0.1129393 secs]
   [Parallel Time: 104.8 ms, GC Workers: 13]
      [GC Worker Start (ms): Min: 19453.6, Avg: 19453.6, Max: 19453.7, Diff: 0.1]
      [Ext Root Scanning (ms): Min: 0.7, Avg: 1.2, Max: 1.8, Diff: 1.1, Sum: 16.2]
      [Update RS (ms): Min: 5.4, Avg: 6.8, Max: 9.0, Diff: 3.5, Sum: 88.3]
         [Processed Buffers: Min: 3, Avg: 15.6, Max: 48, Diff: 45, Sum: 203]
      [Scan RS (ms): Min: 4.1, Avg: 6.2, Max: 6.9, Diff: 2.8, Sum: 80.7]
      [Code Root Scanning (ms): Min: 0.0, Avg: 0.0, Max: 0.0, Diff: 0.0, Sum: 0.0]
      [Object Copy (ms): Min: 89.7, Avg: 90.2, Max: 91.6, Diff: 1.9, Sum: 1172.2]
      [Termination (ms): Min: 0.0, Avg: 0.0, Max: 0.0, Diff: 0.0, Sum: 0.1]
      [GC Worker Other (ms): Min: 0.0, Avg: 0.0, Max: 0.1, Diff: 0.1, Sum: 0.5]
      [GC Worker Total (ms): Min: 104.4, Avg: 104.5, Max: 104.6, Diff: 0.2, Sum: 1358.0]
      [GC Worker End (ms): Min: 19558.1, Avg: 19558.1, Max: 19558.1, Diff: 0.1]
   [Code Root Fixup: 0.4 ms]
   [Code Root Migration: 0.0 ms]
   [Clear CT: 0.7 ms]
   [Other: 7.1 ms]
      [Choose CSet: 0.0 ms]
      [Ref Proc: 4.5 ms]
      [Ref Enq: 0.2 ms]
      [Free CSet: 0.4 ms]
   [Eden: 1056.0M(1056.0M)->0.0B(1056.0M) Survivors: 160.0M->160.0M Heap: 2504.9M(24.0G)->1704.9M(24.0G)]
 [Times: user=1.32 sys=0.07, real=0.12 secs] 
2014-04-16T09:48:37.548+0900: 20.445: [GC pause (G1 Evacuation Pause) (young), 0.1127169 secs]
   [Parallel Time: 105.0 ms, GC Workers: 13]
      [GC Worker Start (ms): Min: 20445.0, Avg: 20445.1, Max: 20445.2, Diff: 0.2]
      [Ext Root Scanning (ms): Min: 1.0, Avg: 1.4, Max: 2.0, Diff: 1.0, Sum: 17.8]
      [Update RS (ms): Min: 6.7, Avg: 6.9, Max: 7.2, Diff: 0.5, Sum: 89.6]
         [Processed Buffers: Min: 10, Avg: 16.4, Max: 27, Diff: 17, Sum: 213]
      [Scan RS (ms): Min: 6.9, Avg: 7.7, Max: 8.0, Diff: 1.1, Sum: 100.6]
      [Code Root Scanning (ms): Min: 0.0, Avg: 0.0, Max: 0.0, Diff: 0.0, Sum: 0.0]
      [Object Copy (ms): Min: 88.4, Avg: 88.6, Max: 89.0, Diff: 0.6, Sum: 1152.2]
      [Termination (ms): Min: 0.0, Avg: 0.0, Max: 0.0, Diff: 0.0, Sum: 0.1]
      [GC Worker Other (ms): Min: 0.0, Avg: 0.0, Max: 0.1, Diff: 0.1, Sum: 0.5]
      [GC Worker Total (ms): Min: 104.6, Avg: 104.7, Max: 104.8, Diff: 0.2, Sum: 1360.9]
      [GC Worker End (ms): Min: 20549.8, Avg: 20549.8, Max: 20549.8, Diff: 0.1]
   [Code Root Fixup: 0.4 ms]
   [Code Root Migration: 0.0 ms]
   [Clear CT: 0.6 ms]
   [Other: 6.7 ms]
      [Choose CSet: 0.0 ms]
      [Ref Proc: 3.8 ms]
      [Ref Enq: 0.3 ms]
      [Free CSet: 0.5 ms]
   [Eden: 1056.0M(1056.0M)->0.0B(1056.0M) Survivors: 160.0M->160.0M Heap: 2760.9M(24.0G)->2000.9M(24.0G)]
 [Times: user=1.33 sys=0.07, real=0.11 secs] 
2014-04-16T09:48:38.532+0900: 21.429: [GC pause (G1 Evacuation Pause) (young), 0.1860262 secs]
   [Parallel Time: 177.8 ms, GC Workers: 13]
      [GC Worker Start (ms): Min: 21429.2, Avg: 21429.3, Max: 21429.3, Diff: 0.1]
      [Ext Root Scanning (ms): Min: 1.3, Avg: 1.4, Max: 1.9, Diff: 0.7, Sum: 18.0]
      [Update RS (ms): Min: 10.8, Avg: 13.3, Max: 22.8, Diff: 12.0, Sum: 172.4]
         [Processed Buffers: Min: 3, Avg: 16.8, Max: 24, Diff: 21, Sum: 218]
      [Scan RS (ms): Min: 2.2, Avg: 11.6, Max: 14.1, Diff: 11.9, Sum: 151.4]
      [Code Root Scanning (ms): Min: 0.0, Avg: 0.0, Max: 0.0, Diff: 0.0, Sum: 0.1]
      [Object Copy (ms): Min: 150.9, Avg: 151.0, Max: 151.2, Diff: 0.3, Sum: 1963.2]
      [Termination (ms): Min: 0.0, Avg: 0.1, Max: 0.2, Diff: 0.2, Sum: 1.5]
      [GC Worker Other (ms): Min: 0.0, Avg: 0.0, Max: 0.1, Diff: 0.0, Sum: 0.4]
      [GC Worker Total (ms): Min: 177.4, Avg: 177.5, Max: 177.5, Diff: 0.2, Sum: 2307.0]
      [GC Worker End (ms): Min: 21606.7, Avg: 21606.7, Max: 21606.7, Diff: 0.0]
   [Code Root Fixup: 0.4 ms]
   [Code Root Migration: 0.0 ms]
   [Clear CT: 0.8 ms]
   [Other: 7.1 ms]
      [Choose CSet: 0.0 ms]
      [Ref Proc: 4.0 ms]
      [Ref Enq: 0.3 ms]
      [Free CSet: 0.5 ms]
   [Eden: 1056.0M(1056.0M)->0.0B(1056.0M) Survivors: 160.0M->160.0M Heap: 3056.9M(24.0G)->2224.9M(24.0G)]
 [Times: user=2.25 sys=0.07, real=0.19 secs] 
2014-04-16T09:48:39.571+0900: 22.468: [GC pause (G1 Evacuation Pause) (young), 0.1154510 secs]
   [Parallel Time: 106.6 ms, GC Workers: 13]
      [GC Worker Start (ms): Min: 22468.2, Avg: 22468.3, Max: 22468.3, Diff: 0.1]
      [Ext Root Scanning (ms): Min: 1.0, Avg: 1.3, Max: 1.6, Diff: 0.6, Sum: 17.5]
      [Update RS (ms): Min: 4.0, Avg: 4.9, Max: 7.3, Diff: 3.3, Sum: 63.4]
         [Processed Buffers: Min: 0, Avg: 16.7, Max: 37, Diff: 37, Sum: 217]
      [Scan RS (ms): Min: 7.2, Avg: 9.6, Max: 10.2, Diff: 3.0, Sum: 124.4]
      [Code Root Scanning (ms): Min: 0.0, Avg: 0.0, Max: 0.0, Diff: 0.0, Sum: 0.0]
      [Object Copy (ms): Min: 90.2, Avg: 90.5, Max: 91.0, Diff: 0.8, Sum: 1175.9]
      [Termination (ms): Min: 0.0, Avg: 0.2, Max: 0.2, Diff: 0.2, Sum: 2.4]
      [GC Worker Other (ms): Min: 0.0, Avg: 0.0, Max: 0.1, Diff: 0.0, Sum: 0.4]
      [GC Worker Total (ms): Min: 106.4, Avg: 106.5, Max: 106.5, Diff: 0.2, Sum: 1383.9]
      [GC Worker End (ms): Min: 22574.7, Avg: 22574.7, Max: 22574.7, Diff: 0.0]
   [Code Root Fixup: 0.5 ms]
   [Code Root Migration: 0.0 ms]
   [Clear CT: 0.8 ms]
   [Other: 7.6 ms]
      [Choose CSet: 0.0 ms]
      [Ref Proc: 4.4 ms]
      [Ref Enq: 0.3 ms]
      [Free CSet: 0.5 ms]
   [Eden: 1056.0M(1056.0M)->0.0B(1056.0M) Survivors: 160.0M->160.0M Heap: 3280.9M(24.0G)->2472.9M(24.0G)]
 [Times: user=1.37 sys=0.04, real=0.11 secs] 
2014-04-16T09:48:40.553+0900: 23.450: [GC pause (G1 Evacuation Pause) (young), 0.1114782 secs]
   [Parallel Time: 103.0 ms, GC Workers: 13]
      [GC Worker Start (ms): Min: 23450.3, Avg: 23450.3, Max: 23450.4, Diff: 0.1]
      [Ext Root Scanning (ms): Min: 0.8, Avg: 1.4, Max: 1.6, Diff: 0.8, Sum: 17.6]
      [Update RS (ms): Min: 6.1, Avg: 6.7, Max: 8.9, Diff: 2.8, Sum: 87.7]
         [Processed Buffers: Min: 7, Avg: 16.4, Max: 26, Diff: 19, Sum: 213]
      [Scan RS (ms): Min: 7.1, Avg: 9.2, Max: 9.6, Diff: 2.6, Sum: 119.0]
      [Code Root Scanning (ms): Min: 0.0, Avg: 0.0, Max: 0.0, Diff: 0.0, Sum: 0.0]
      [Object Copy (ms): Min: 85.4, Avg: 85.6, Max: 86.2, Diff: 0.8, Sum: 1112.4]
      [Termination (ms): Min: 0.0, Avg: 0.0, Max: 0.0, Diff: 0.0, Sum: 0.1]
      [GC Worker Other (ms): Min: 0.0, Avg: 0.0, Max: 0.1, Diff: 0.1, Sum: 0.6]
      [GC Worker Total (ms): Min: 102.8, Avg: 102.9, Max: 103.0, Diff: 0.2, Sum: 1337.4]
      [GC Worker End (ms): Min: 23553.2, Avg: 23553.2, Max: 23553.3, Diff: 0.1]
   [Code Root Fixup: 0.4 ms]
   [Code Root Migration: 0.0 ms]
   [Clear CT: 0.8 ms]
   [Other: 7.2 ms]
      [Choose CSet: 0.0 ms]
      [Ref Proc: 4.0 ms]
      [Ref Enq: 0.3 ms]
      [Free CSet: 0.5 ms]
   [Eden: 1056.0M(1056.0M)->0.0B(1056.0M) Survivors: 160.0M->160.0M Heap: 3528.9M(24.0G)->2720.9M(24.0G)]
 [Times: user=1.32 sys=0.05, real=0.11 secs] 
2014-04-16T09:48:41.554+0900: 24.451: [GC pause (G1 Evacuation Pause) (young), 0.1269699 secs]
   [Parallel Time: 118.0 ms, GC Workers: 13]
      [GC Worker Start (ms): Min: 24451.2, Avg: 24451.3, Max: 24451.4, Diff: 0.1]
      [Ext Root Scanning (ms): Min: 0.9, Avg: 1.3, Max: 2.3, Diff: 1.4, Sum: 17.3]
      [Update RS (ms): Min: 8.6, Avg: 10.5, Max: 14.0, Diff: 5.4, Sum: 137.1]
         [Processed Buffers: Min: 2, Avg: 16.5, Max: 33, Diff: 31, Sum: 215]
      [Scan RS (ms): Min: 6.2, Avg: 9.4, Max: 10.8, Diff: 4.6, Sum: 122.5]
      [Code Root Scanning (ms): Min: 0.0, Avg: 0.0, Max: 0.0, Diff: 0.0, Sum: 0.0]
      [Object Copy (ms): Min: 95.8, Avg: 96.1, Max: 97.2, Diff: 1.4, Sum: 1249.4]
      [Termination (ms): Min: 0.0, Avg: 0.2, Max: 0.3, Diff: 0.3, Sum: 2.6]
      [GC Worker Other (ms): Min: 0.0, Avg: 0.0, Max: 0.1, Diff: 0.1, Sum: 0.5]
      [GC Worker Total (ms): Min: 117.6, Avg: 117.7, Max: 117.7, Diff: 0.2, Sum: 1529.5]
      [GC Worker End (ms): Min: 24568.9, Avg: 24568.9, Max: 24569.0, Diff: 0.1]
   [Code Root Fixup: 0.4 ms]
   [Code Root Migration: 0.0 ms]
   [Clear CT: 0.7 ms]
   [Other: 7.8 ms]
      [Choose CSet: 0.0 ms]
      [Ref Proc: 4.6 ms]
      [Ref Enq: 0.3 ms]
      [Free CSet: 0.5 ms]
   [Eden: 1056.0M(1056.0M)->0.0B(1056.0M) Survivors: 160.0M->160.0M Heap: 3776.9M(24.0G)->2976.9M(24.0G)]
 [Times: user=1.50 sys=0.07, real=0.13 secs] 
2014-04-16T09:48:42.532+0900: 25.429: [GC pause (G1 Evacuation Pause) (young), 0.1190665 secs]
   [Parallel Time: 110.8 ms, GC Workers: 13]
      [GC Worker Start (ms): Min: 25429.6, Avg: 25429.7, Max: 25429.8, Diff: 0.1]
      [Ext Root Scanning (ms): Min: 1.4, Avg: 1.5, Max: 2.0, Diff: 0.6, Sum: 19.1]
      [Update RS (ms): Min: 7.8, Avg: 9.6, Max: 15.4, Diff: 7.5, Sum: 124.7]
         [Processed Buffers: Min: 9, Avg: 17.9, Max: 37, Diff: 28, Sum: 233]
      [Scan RS (ms): Min: 3.5, Avg: 9.1, Max: 10.3, Diff: 6.9, Sum: 118.6]
      [Code Root Scanning (ms): Min: 0.0, Avg: 0.0, Max: 0.0, Diff: 0.0, Sum: 0.0]
      [Object Copy (ms): Min: 90.2, Avg: 90.3, Max: 90.6, Diff: 0.3, Sum: 1174.2]
      [Termination (ms): Min: 0.0, Avg: 0.0, Max: 0.0, Diff: 0.0, Sum: 0.0]
      [GC Worker Other (ms): Min: 0.0, Avg: 0.0, Max: 0.1, Diff: 0.1, Sum: 0.6]
      [GC Worker Total (ms): Min: 110.5, Avg: 110.6, Max: 110.6, Diff: 0.2, Sum: 1437.2]
      [GC Worker End (ms): Min: 25540.2, Avg: 25540.2, Max: 25540.3, Diff: 0.1]
   [Code Root Fixup: 0.4 ms]
   [Code Root Migration: 0.0 ms]
   [Clear CT: 0.9 ms]
   [Other: 6.9 ms]
      [Choose CSet: 0.0 ms]
      [Ref Proc: 3.7 ms]
      [Ref Enq: 0.3 ms]
      [Free CSet: 0.5 ms]
   [Eden: 1056.0M(1056.0M)->0.0B(1056.0M) Survivors: 160.0M->160.0M Heap: 4032.9M(24.0G)->3232.9M(24.0G)]
 [Times: user=1.39 sys=0.07, real=0.12 secs] 
2014-04-16T09:48:43.514+0900: 26.411: [GC pause (G1 Evacuation Pause) (young), 0.1199991 secs]
   [Parallel Time: 111.5 ms, GC Workers: 13]
      [GC Worker Start (ms): Min: 26411.2, Avg: 26411.3, Max: 26411.3, Diff: 0.1]
      [Ext Root Scanning (ms): Min: 1.1, Avg: 1.4, Max: 1.9, Diff: 0.9, Sum: 17.9]
      [Update RS (ms): Min: 10.4, Avg: 11.5, Max: 14.2, Diff: 3.7, Sum: 149.0]
         [Processed Buffers: Min: 1, Avg: 17.2, Max: 36, Diff: 35, Sum: 223]
      [Scan RS (ms): Min: 5.6, Avg: 8.8, Max: 10.0, Diff: 4.4, Sum: 114.4]
      [Code Root Scanning (ms): Min: 0.0, Avg: 0.0, Max: 0.0, Diff: 0.0, Sum: 0.0]
      [Object Copy (ms): Min: 89.0, Avg: 89.2, Max: 90.0, Diff: 1.0, Sum: 1160.0]
      [Termination (ms): Min: 0.1, Avg: 0.4, Max: 0.5, Diff: 0.4, Sum: 5.7]
      [GC Worker Other (ms): Min: 0.0, Avg: 0.0, Max: 0.0, Diff: 0.0, Sum: 0.3]
      [GC Worker Total (ms): Min: 111.3, Avg: 111.3, Max: 111.4, Diff: 0.2, Sum: 1447.4]
      [GC Worker End (ms): Min: 26522.6, Avg: 26522.6, Max: 26522.6, Diff: 0.0]
   [Code Root Fixup: 0.4 ms]
   [Code Root Migration: 0.0 ms]
   [Clear CT: 0.9 ms]
   [Other: 7.2 ms]
      [Choose CSet: 0.0 ms]
      [Ref Proc: 3.9 ms]
      [Ref Enq: 0.3 ms]
      [Free CSet: 0.5 ms]
   [Eden: 1056.0M(1056.0M)->0.0B(1056.0M) Survivors: 160.0M->160.0M Heap: 4288.9M(24.0G)->3488.9M(24.0G)]
 [Times: user=1.42 sys=0.06, real=0.12 secs] 
2014-04-16T09:48:44.503+0900: 27.400: [GC pause (G1 Evacuation Pause) (young), 0.1257939 secs]
   [Parallel Time: 116.6 ms, GC Workers: 13]
      [GC Worker Start (ms): Min: 27400.4, Avg: 27400.5, Max: 27400.6, Diff: 0.1]
      [Ext Root Scanning (ms): Min: 1.2, Avg: 1.3, Max: 1.6, Diff: 0.3, Sum: 17.2]
      [Update RS (ms): Min: 13.6, Avg: 14.8, Max: 18.9, Diff: 5.3, Sum: 192.8]
         [Processed Buffers: Min: 3, Avg: 18.5, Max: 45, Diff: 42, Sum: 241]
      [Scan RS (ms): Min: 6.3, Avg: 10.2, Max: 11.5, Diff: 5.1, Sum: 132.6]
      [Code Root Scanning (ms): Min: 0.0, Avg: 0.0, Max: 0.0, Diff: 0.0, Sum: 0.0]
      [Object Copy (ms): Min: 89.6, Avg: 89.8, Max: 90.2, Diff: 0.6, Sum: 1167.6]
      [Termination (ms): Min: 0.0, Avg: 0.2, Max: 0.3, Diff: 0.3, Sum: 3.2]
      [GC Worker Other (ms): Min: 0.0, Avg: 0.0, Max: 0.1, Diff: 0.1, Sum: 0.5]
      [GC Worker Total (ms): Min: 116.4, Avg: 116.5, Max: 116.6, Diff: 0.2, Sum: 1513.9]
      [GC Worker End (ms): Min: 27516.9, Avg: 27517.0, Max: 27517.0, Diff: 0.1]
   [Code Root Fixup: 0.4 ms]
   [Code Root Migration: 0.0 ms]
   [Clear CT: 0.9 ms]
   [Other: 7.8 ms]
      [Choose CSet: 0.0 ms]
      [Ref Proc: 4.3 ms]
      [Ref Enq: 0.3 ms]
      [Free CSet: 0.5 ms]
   [Eden: 1056.0M(1056.0M)->0.0B(1056.0M) Survivors: 160.0M->160.0M Heap: 4544.9M(24.0G)->3736.9M(24.0G)]
 [Times: user=1.47 sys=0.07, real=0.13 secs] 
2014-04-16T09:48:45.471+0900: 28.368: [GC pause (G1 Evacuation Pause) (young), 0.1214243 secs]
   [Parallel Time: 112.2 ms, GC Workers: 13]
      [GC Worker Start (ms): Min: 28368.3, Avg: 28368.3, Max: 28368.4, Diff: 0.1]
      [Ext Root Scanning (ms): Min: 0.9, Avg: 1.4, Max: 1.9, Diff: 1.0, Sum: 17.7]
      [Update RS (ms): Min: 12.5, Avg: 13.5, Max: 16.0, Diff: 3.5, Sum: 176.0]
         [Processed Buffers: Min: 4, Avg: 18.2, Max: 36, Diff: 32, Sum: 237]
      [Scan RS (ms): Min: 7.4, Avg: 9.8, Max: 10.9, Diff: 3.5, Sum: 126.9]
      [Code Root Scanning (ms): Min: 0.0, Avg: 0.0, Max: 0.0, Diff: 0.0, Sum: 0.0]
      [Object Copy (ms): Min: 87.1, Avg: 87.3, Max: 87.8, Diff: 0.7, Sum: 1134.7]
      [Termination (ms): Min: 0.0, Avg: 0.0, Max: 0.0, Diff: 0.0, Sum: 0.0]
      [GC Worker Other (ms): Min: 0.0, Avg: 0.0, Max: 0.1, Diff: 0.1, Sum: 0.5]
      [GC Worker Total (ms): Min: 111.9, Avg: 112.0, Max: 112.0, Diff: 0.1, Sum: 1455.9]
      [GC Worker End (ms): Min: 28480.3, Avg: 28480.3, Max: 28480.4, Diff: 0.1]
   [Code Root Fixup: 0.4 ms]
   [Code Root Migration: 0.0 ms]
   [Clear CT: 1.0 ms]
   [Other: 7.8 ms]
      [Choose CSet: 0.0 ms]
      [Ref Proc: 4.2 ms]
      [Ref Enq: 0.3 ms]
      [Free CSet: 0.5 ms]
   [Eden: 1056.0M(1056.0M)->0.0B(1424.0M) Survivors: 160.0M->160.0M Heap: 4792.9M(24.0G)->3976.9M(24.0G)]
 [Times: user=1.43 sys=0.06, real=0.12 secs] 
2014-04-16T09:48:46.497+0900: 29.394: [GC pause (G1 Evacuation Pause) (young), 0.1228076 secs]
   [Parallel Time: 113.8 ms, GC Workers: 13]
      [GC Worker Start (ms): Min: 29394.3, Avg: 29394.4, Max: 29394.5, Diff: 0.1]
      [Ext Root Scanning (ms): Min: 0.9, Avg: 1.3, Max: 2.0, Diff: 1.2, Sum: 17.2]
      [Update RS (ms): Min: 10.6, Avg: 12.5, Max: 16.1, Diff: 5.5, Sum: 162.7]
         [Processed Buffers: Min: 4, Avg: 18.5, Max: 40, Diff: 36, Sum: 241]
      [Scan RS (ms): Min: 5.3, Avg: 9.8, Max: 11.2, Diff: 5.8, Sum: 128.0]
      [Code Root Scanning (ms): Min: 0.0, Avg: 0.0, Max: 0.0, Diff: 0.0, Sum: 0.0]
      [Object Copy (ms): Min: 89.2, Avg: 89.9, Max: 91.3, Diff: 2.0, Sum: 1168.6]
      [Termination (ms): Min: 0.0, Avg: 0.0, Max: 0.1, Diff: 0.1, Sum: 0.5]
      [GC Worker Other (ms): Min: 0.0, Avg: 0.0, Max: 0.1, Diff: 0.1, Sum: 0.6]
      [GC Worker Total (ms): Min: 113.6, Avg: 113.7, Max: 113.7, Diff: 0.1, Sum: 1477.6]
      [GC Worker End (ms): Min: 29508.0, Avg: 29508.1, Max: 29508.1, Diff: 0.1]
   [Code Root Fixup: 0.3 ms]
   [Code Root Migration: 0.0 ms]
   [Clear CT: 1.1 ms]
   [Other: 7.6 ms]
      [Choose CSet: 0.0 ms]
      [Ref Proc: 3.9 ms]
      [Ref Enq: 0.3 ms]
      [Free CSet: 0.5 ms]
   [Eden: 1120.0M(1056.0M)->0.0B(2112.0M) Survivors: 160.0M->160.0M Heap: 5096.9M(24.0G)->4208.9M(24.0G)]
 [Times: user=1.44 sys=0.08, real=0.13 secs] 
2014-04-16T09:48:47.757+0900: 30.654: [GC pause (G1 Evacuation Pause) (young), 0.1918120 secs]
   [Parallel Time: 182.0 ms, GC Workers: 13]
      [GC Worker Start (ms): Min: 30654.0, Avg: 30654.1, Max: 30654.1, Diff: 0.1]
      [Ext Root Scanning (ms): Min: 0.8, Avg: 1.1, Max: 1.7, Diff: 0.9, Sum: 14.2]
      [Update RS (ms): Min: 9.1, Avg: 11.1, Max: 18.2, Diff: 9.1, Sum: 144.4]
         [Processed Buffers: Min: 6, Avg: 19.0, Max: 36, Diff: 30, Sum: 247]
      [Scan RS (ms): Min: 8.0, Avg: 14.6, Max: 16.1, Diff: 8.1, Sum: 189.8]
      [Code Root Scanning (ms): Min: 0.0, Avg: 0.0, Max: 0.0, Diff: 0.0, Sum: 0.0]
      [Object Copy (ms): Min: 152.9, Avg: 153.9, Max: 154.6, Diff: 1.7, Sum: 2000.7]
      [Termination (ms): Min: 0.0, Avg: 1.0, Max: 1.3, Diff: 1.2, Sum: 13.0]
      [GC Worker Other (ms): Min: 0.0, Avg: 0.0, Max: 0.1, Diff: 0.1, Sum: 0.5]
      [GC Worker Total (ms): Min: 181.7, Avg: 181.7, Max: 181.8, Diff: 0.2, Sum: 2362.7]
      [GC Worker End (ms): Min: 30835.8, Avg: 30835.8, Max: 30835.8, Diff: 0.1]
   [Code Root Fixup: 0.3 ms]
   [Code Root Migration: 0.0 ms]
   [Clear CT: 1.1 ms]
   [Other: 8.3 ms]
      [Choose CSet: 0.0 ms]
      [Ref Proc: 4.4 ms]
      [Ref Enq: 0.4 ms]
      [Free CSet: 0.6 ms]
   [Eden: 1392.0M(1392.0M)->0.0B(1216.0M) Survivors: 160.0M->208.0M Heap: 5600.9M(24.0G)->4504.9M(24.0G)]
 [Times: user=2.26 sys=0.14, real=0.19 secs] 
2014-04-16T09:48:48.951+0900: 31.848: [GC pause (G1 Evacuation Pause) (young), 0.1401420 secs]
   [Parallel Time: 129.1 ms, GC Workers: 13]
      [GC Worker Start (ms): Min: 31848.3, Avg: 31848.3, Max: 31848.4, Diff: 0.1]
      [Ext Root Scanning (ms): Min: 0.8, Avg: 1.4, Max: 1.6, Diff: 0.8, Sum: 17.8]
      [Update RS (ms): Min: 7.0, Avg: 7.3, Max: 7.7, Diff: 0.7, Sum: 95.5]
         [Processed Buffers: Min: 6, Avg: 20.2, Max: 28, Diff: 22, Sum: 263]
      [Scan RS (ms): Min: 11.0, Avg: 11.4, Max: 11.8, Diff: 0.8, Sum: 148.2]
      [Code Root Scanning (ms): Min: 0.0, Avg: 0.0, Max: 0.0, Diff: 0.0, Sum: 0.0]
      [Object Copy (ms): Min: 107.9, Avg: 108.3, Max: 108.8, Diff: 1.0, Sum: 1407.5]
      [Termination (ms): Min: 0.0, Avg: 0.4, Max: 0.4, Diff: 0.4, Sum: 4.6]
      [GC Worker Other (ms): Min: 0.0, Avg: 0.0, Max: 0.1, Diff: 0.0, Sum: 0.4]
      [GC Worker Total (ms): Min: 128.7, Avg: 128.8, Max: 128.8, Diff: 0.1, Sum: 1674.1]
      [GC Worker End (ms): Min: 31977.1, Avg: 31977.1, Max: 31977.2, Diff: 0.0]
   [Code Root Fixup: 0.4 ms]
   [Code Root Migration: 0.0 ms]
   [Clear CT: 1.3 ms]
   [Other: 9.4 ms]
      [Choose CSet: 0.0 ms]
      [Ref Proc: 5.1 ms]
      [Ref Enq: 0.5 ms]
      [Free CSet: 0.5 ms]
   [Eden: 1216.0M(1216.0M)->0.0B(1456.0M) Survivors: 208.0M->192.0M Heap: 5720.9M(24.0G)->4784.9M(24.0G)]
 [Times: user=1.70 sys=0.02, real=0.14 secs] 
2014-04-16T09:48:50.340+0900: 33.236: [GC pause (G1 Evacuation Pause) (young), 0.1499777 secs]
   [Parallel Time: 139.6 ms, GC Workers: 13]
      [GC Worker Start (ms): Min: 33236.8, Avg: 33236.8, Max: 33236.9, Diff: 0.2]
      [Ext Root Scanning (ms): Min: 0.8, Avg: 1.0, Max: 1.6, Diff: 0.8, Sum: 12.8]
      [Update RS (ms): Min: 9.1, Avg: 10.3, Max: 12.8, Diff: 3.7, Sum: 133.7]
         [Processed Buffers: Min: 8, Avg: 19.5, Max: 32, Diff: 24, Sum: 253]
      [Scan RS (ms): Min: 8.9, Avg: 11.0, Max: 11.6, Diff: 2.7, Sum: 143.2]
      [Code Root Scanning (ms): Min: 0.0, Avg: 0.0, Max: 0.0, Diff: 0.0, Sum: 0.0]
      [Object Copy (ms): Min: 115.4, Avg: 117.0, Max: 117.8, Diff: 2.4, Sum: 1520.6]
      [Termination (ms): Min: 0.0, Avg: 0.0, Max: 0.0, Diff: 0.0, Sum: 0.1]
      [GC Worker Other (ms): Min: 0.0, Avg: 0.0, Max: 0.1, Diff: 0.1, Sum: 0.6]
      [GC Worker Total (ms): Min: 139.2, Avg: 139.3, Max: 139.4, Diff: 0.2, Sum: 1811.0]
      [GC Worker End (ms): Min: 33376.1, Avg: 33376.1, Max: 33376.2, Diff: 0.1]
   [Code Root Fixup: 0.4 ms]
   [Code Root Migration: 0.0 ms]
   [Clear CT: 1.3 ms]
   [Other: 8.7 ms]
      [Choose CSet: 0.0 ms]
      [Ref Proc: 4.8 ms]
      [Ref Enq: 0.3 ms]
      [Free CSet: 0.8 ms]
   [Eden: 1456.0M(1456.0M)->0.0B(1680.0M) Survivors: 192.0M->208.0M Heap: 6240.9M(24.0G)->5072.9M(24.0G)]
 [Times: user=1.69 sys=0.17, real=0.15 secs] 
2014-04-16T09:48:51.705+0900: 34.602: [GC pause (G1 Evacuation Pause) (young), 0.1572072 secs]
   [Parallel Time: 146.0 ms, GC Workers: 13]
      [GC Worker Start (ms): Min: 34602.0, Avg: 34602.0, Max: 34602.1, Diff: 0.1]
      [Ext Root Scanning (ms): Min: 1.2, Avg: 1.4, Max: 2.0, Diff: 0.7, Sum: 18.0]
      [Update RS (ms): Min: 12.2, Avg: 12.6, Max: 13.9, Diff: 1.7, Sum: 163.8]
         [Processed Buffers: Min: 11, Avg: 19.8, Max: 38, Diff: 27, Sum: 257]
      [Scan RS (ms): Min: 10.1, Avg: 11.4, Max: 11.9, Diff: 1.7, Sum: 147.6]
      [Code Root Scanning (ms): Min: 0.0, Avg: 0.0, Max: 0.0, Diff: 0.0, Sum: 0.0]
      [Object Copy (ms): Min: 120.1, Avg: 120.3, Max: 120.4, Diff: 0.3, Sum: 1563.3]
      [Termination (ms): Min: 0.0, Avg: 0.1, Max: 0.1, Diff: 0.1, Sum: 1.4]
      [GC Worker Other (ms): Min: 0.0, Avg: 0.1, Max: 0.1, Diff: 0.1, Sum: 0.7]
      [GC Worker Total (ms): Min: 145.6, Avg: 145.8, Max: 145.9, Diff: 0.2, Sum: 1894.9]
      [GC Worker End (ms): Min: 34747.8, Avg: 34747.8, Max: 34747.9, Diff: 0.1]
   [Code Root Fixup: 0.4 ms]
   [Code Root Migration: 0.0 ms]
   [Clear CT: 1.5 ms]
   [Other: 9.3 ms]
      [Choose CSet: 0.0 ms]
      [Ref Proc: 4.6 ms]
      [Ref Enq: 0.4 ms]
      [Free CSet: 0.8 ms]
   [Eden: 1488.0M(1248.0M)->0.0B(2128.0M) Survivors: 208.0M->192.0M Heap: 6560.9M(24.0G)->5400.9M(24.0G)]
 [Times: user=1.84 sys=0.10, real=0.16 secs] 
2014-04-16T09:48:53.203+0900: 36.099: [GC pause (G1 Evacuation Pause) (young), 0.1860460 secs]
   [Parallel Time: 174.4 ms, GC Workers: 13]
      [GC Worker Start (ms): Min: 36099.7, Avg: 36099.8, Max: 36099.8, Diff: 0.1]
      [Ext Root Scanning (ms): Min: 0.9, Avg: 1.4, Max: 1.9, Diff: 1.0, Sum: 17.6]
      [Update RS (ms): Min: 15.8, Avg: 17.5, Max: 27.1, Diff: 11.3, Sum: 228.0]
         [Processed Buffers: Min: 3, Avg: 22.3, Max: 36, Diff: 33, Sum: 290]
      [Scan RS (ms): Min: 5.6, Avg: 14.6, Max: 16.0, Diff: 10.4, Sum: 189.7]
      [Code Root Scanning (ms): Min: 0.0, Avg: 0.0, Max: 0.0, Diff: 0.0, Sum: 0.0]
      [Object Copy (ms): Min: 138.5, Avg: 139.7, Max: 140.7, Diff: 2.2, Sum: 1816.1]
      [Termination (ms): Min: 0.5, Avg: 0.9, Max: 1.0, Diff: 0.5, Sum: 11.2]
      [GC Worker Other (ms): Min: 0.0, Avg: 0.1, Max: 0.1, Diff: 0.1, Sum: 0.7]
      [GC Worker Total (ms): Min: 174.0, Avg: 174.1, Max: 174.2, Diff: 0.2, Sum: 2263.3]
      [GC Worker End (ms): Min: 36273.8, Avg: 36273.9, Max: 36273.9, Diff: 0.1]
   [Code Root Fixup: 0.4 ms]
   [Code Root Migration: 0.0 ms]
   [Clear CT: 1.5 ms]
   [Other: 9.8 ms]
      [Choose CSet: 0.0 ms]
      [Ref Proc: 4.9 ms]
      [Ref Enq: 0.4 ms]
      [Free CSet: 0.9 ms]
   [Eden: 1616.0M(1472.0M)->0.0B(1616.0M) Survivors: 192.0M->208.0M Heap: 7016.9M(24.0G)->5712.9M(24.0G)]
 [Times: user=2.16 sys=0.15, real=0.18 secs] 
2014-04-16T09:48:54.697+0900: 37.594: [GC pause (G1 Evacuation Pause) (young), 0.1740637 secs]
   [Parallel Time: 162.6 ms, GC Workers: 13]
      [GC Worker Start (ms): Min: 37594.2, Avg: 37594.2, Max: 37594.3, Diff: 0.2]
      [Ext Root Scanning (ms): Min: 1.3, Avg: 1.4, Max: 1.9, Diff: 0.6, Sum: 18.2]
      [Update RS (ms): Min: 14.5, Avg: 16.1, Max: 23.1, Diff: 8.6, Sum: 208.8]
         [Processed Buffers: Min: 13, Avg: 20.7, Max: 34, Diff: 21, Sum: 269]
      [Scan RS (ms): Min: 6.7, Avg: 14.0, Max: 15.3, Diff: 8.6, Sum: 182.4]
      [Code Root Scanning (ms): Min: 0.0, Avg: 0.0, Max: 0.0, Diff: 0.0, Sum: 0.0]
      [Object Copy (ms): Min: 130.5, Avg: 130.8, Max: 131.1, Diff: 0.6, Sum: 1700.1]
      [Termination (ms): Min: 0.0, Avg: 0.0, Max: 0.0, Diff: 0.0, Sum: 0.0]
      [GC Worker Other (ms): Min: 0.0, Avg: 0.0, Max: 0.1, Diff: 0.1, Sum: 0.6]
      [GC Worker Total (ms): Min: 162.2, Avg: 162.3, Max: 162.4, Diff: 0.2, Sum: 2110.2]
      [GC Worker End (ms): Min: 37756.5, Avg: 37756.6, Max: 37756.6, Diff: 0.1]
   [Code Root Fixup: 0.4 ms]
   [Code Root Migration: 0.0 ms]
   [Clear CT: 1.4 ms]
   [Other: 9.6 ms]
      [Choose CSet: 0.0 ms]
      [Ref Proc: 4.7 ms]
      [Ref Enq: 0.3 ms]
      [Free CSet: 0.8 ms]
   [Eden: 1568.0M(1408.0M)->0.0B(1904.0M) Survivors: 208.0M->208.0M Heap: 7280.9M(24.0G)->6040.9M(24.0G)]
 [Times: user=2.08 sys=0.08, real=0.18 secs] 
2014-04-16T09:48:56.207+0900: 39.104: [GC pause (G1 Evacuation Pause) (young), 0.1704828 secs]
   [Parallel Time: 158.9 ms, GC Workers: 13]
      [GC Worker Start (ms): Min: 39104.1, Avg: 39104.2, Max: 39104.2, Diff: 0.1]
      [Ext Root Scanning (ms): Min: 1.2, Avg: 1.4, Max: 1.6, Diff: 0.3, Sum: 17.6]
      [Update RS (ms): Min: 15.6, Avg: 17.7, Max: 25.8, Diff: 10.2, Sum: 230.5]
         [Processed Buffers: Min: 0, Avg: 21.6, Max: 36, Diff: 36, Sum: 281]
      [Scan RS (ms): Min: 6.0, Avg: 14.1, Max: 15.7, Diff: 9.7, Sum: 182.9]
      [Code Root Scanning (ms): Min: 0.0, Avg: 0.0, Max: 0.0, Diff: 0.0, Sum: 0.0]
      [Object Copy (ms): Min: 124.8, Avg: 125.1, Max: 125.6, Diff: 0.8, Sum: 1626.4]
      [Termination (ms): Min: 0.0, Avg: 0.3, Max: 0.3, Diff: 0.3, Sum: 3.9]
      [GC Worker Other (ms): Min: 0.0, Avg: 0.0, Max: 0.1, Diff: 0.1, Sum: 0.5]
      [GC Worker Total (ms): Min: 158.5, Avg: 158.6, Max: 158.7, Diff: 0.2, Sum: 2061.9]
      [GC Worker End (ms): Min: 39262.7, Avg: 39262.8, Max: 39262.8, Diff: 0.1]
   [Code Root Fixup: 0.4 ms]
   [Code Root Migration: 0.0 ms]
   [Clear CT: 1.6 ms]
   [Other: 9.6 ms]
      [Choose CSet: 0.0 ms]
      [Ref Proc: 4.7 ms]
      [Ref Enq: 0.3 ms]
      [Free CSet: 0.8 ms]
   [Eden: 1616.0M(1520.0M)->0.0B(2160.0M) Survivors: 208.0M->224.0M Heap: 7656.9M(24.0G)->6392.9M(24.0G)]
 [Times: user=1.99 sys=0.12, real=0.17 secs] 
2014-04-16T09:48:58.010+0900: 40.907: [GC pause (G1 Evacuation Pause) (young), 0.2098138 secs]
   [Parallel Time: 196.2 ms, GC Workers: 13]
      [GC Worker Start (ms): Min: 40907.5, Avg: 40907.6, Max: 40907.7, Diff: 0.1]
      [Ext Root Scanning (ms): Min: 0.7, Avg: 1.1, Max: 2.0, Diff: 1.2, Sum: 13.9]
      [Update RS (ms): Min: 14.5, Avg: 16.0, Max: 20.6, Diff: 6.1, Sum: 207.5]
         [Processed Buffers: Min: 9, Avg: 22.6, Max: 35, Diff: 26, Sum: 294]
      [Scan RS (ms): Min: 11.3, Avg: 15.5, Max: 16.0, Diff: 4.7, Sum: 201.2]
      [Code Root Scanning (ms): Min: 0.0, Avg: 0.0, Max: 0.0, Diff: 0.0, Sum: 0.0]
      [Object Copy (ms): Min: 162.0, Avg: 163.0, Max: 164.1, Diff: 2.0, Sum: 2119.0]
      [Termination (ms): Min: 0.0, Avg: 0.4, Max: 0.5, Diff: 0.5, Sum: 5.2]
      [GC Worker Other (ms): Min: 0.0, Avg: 0.1, Max: 0.1, Diff: 0.1, Sum: 0.9]
      [GC Worker Total (ms): Min: 195.9, Avg: 196.0, Max: 196.1, Diff: 0.2, Sum: 2547.7]
      [GC Worker End (ms): Min: 41103.5, Avg: 41103.6, Max: 41103.6, Diff: 0.1]
   [Code Root Fixup: 0.4 ms]
   [Code Root Migration: 0.0 ms]
   [Clear CT: 1.8 ms]
   [Other: 11.4 ms]
      [Choose CSet: 0.0 ms]
      [Ref Proc: 5.4 ms]
      [Ref Enq: 0.6 ms]
      [Free CSet: 0.9 ms]
   [Eden: 1984.0M(1632.0M)->0.0B(1696.0M) Survivors: 224.0M->240.0M Heap: 8376.9M(24.0G)->6760.9M(24.0G)]
 [Times: user=2.39 sys=0.22, real=0.21 secs] 
2014-04-16T09:48:59.508+0900: 42.404: [GC pause (G1 Evacuation Pause) (young), 0.1654285 secs]
   [Parallel Time: 153.5 ms, GC Workers: 13]
      [GC Worker Start (ms): Min: 42404.8, Avg: 42404.9, Max: 42404.9, Diff: 0.1]
      [Ext Root Scanning (ms): Min: 1.0, Avg: 1.4, Max: 1.6, Diff: 0.6, Sum: 17.8]
      [Update RS (ms): Min: 15.8, Avg: 17.3, Max: 28.9, Diff: 13.1, Sum: 224.5]
         [Processed Buffers: Min: 9, Avg: 24.4, Max: 35, Diff: 26, Sum: 317]
      [Scan RS (ms): Min: 5.1, Avg: 16.7, Max: 18.1, Diff: 12.9, Sum: 217.2]
      [Code Root Scanning (ms): Min: 0.0, Avg: 0.0, Max: 0.0, Diff: 0.0, Sum: 0.0]
      [Object Copy (ms): Min: 117.7, Avg: 117.9, Max: 118.4, Diff: 0.7, Sum: 1532.1]
      [Termination (ms): Min: 0.0, Avg: 0.0, Max: 0.0, Diff: 0.0, Sum: 0.3]
      [GC Worker Other (ms): Min: 0.0, Avg: 0.0, Max: 0.1, Diff: 0.1, Sum: 0.6]
      [GC Worker Total (ms): Min: 153.2, Avg: 153.3, Max: 153.3, Diff: 0.1, Sum: 1992.5]
      [GC Worker End (ms): Min: 42558.1, Avg: 42558.1, Max: 42558.2, Diff: 0.1]
   [Code Root Fixup: 0.4 ms]
   [Code Root Migration: 0.1 ms]
   [Clear CT: 1.6 ms]
   [Other: 9.9 ms]
      [Choose CSet: 0.0 ms]
      [Ref Proc: 4.7 ms]
      [Ref Enq: 0.4 ms]
      [Free CSet: 0.7 ms]
   [Eden: 1504.0M(1456.0M)->0.0B(1984.0M) Survivors: 240.0M->224.0M Heap: 8264.9M(24.0G)->7080.9M(24.0G)]
 [Times: user=2.04 sys=0.00, real=0.17 secs] 
2014-04-16T09:49:01.307+0900: 44.203: [GC pause (G1 Evacuation Pause) (young), 0.2072909 secs]
   [Parallel Time: 193.6 ms, GC Workers: 13]
      [GC Worker Start (ms): Min: 44203.8, Avg: 44203.9, Max: 44203.9, Diff: 0.1]
      [Ext Root Scanning (ms): Min: 1.0, Avg: 1.2, Max: 1.6, Diff: 0.7, Sum: 15.8]
      [Update RS (ms): Min: 14.6, Avg: 15.3, Max: 15.7, Diff: 1.1, Sum: 198.8]
         [Processed Buffers: Min: 13, Avg: 22.5, Max: 31, Diff: 18, Sum: 293]
      [Scan RS (ms): Min: 15.0, Avg: 15.4, Max: 15.9, Diff: 0.9, Sum: 200.6]
      [Code Root Scanning (ms): Min: 0.0, Avg: 0.0, Max: 0.0, Diff: 0.0, Sum: 0.1]
      [Object Copy (ms): Min: 161.0, Avg: 161.3, Max: 161.7, Diff: 0.8, Sum: 2096.3]
      [Termination (ms): Min: 0.0, Avg: 0.1, Max: 0.2, Diff: 0.2, Sum: 1.7]
      [GC Worker Other (ms): Min: 0.0, Avg: 0.0, Max: 0.1, Diff: 0.0, Sum: 0.5]
      [GC Worker Total (ms): Min: 193.3, Avg: 193.4, Max: 193.4, Diff: 0.2, Sum: 2513.6]
      [GC Worker End (ms): Min: 44397.2, Avg: 44397.2, Max: 44397.3, Diff: 0.1]
   [Code Root Fixup: 0.4 ms]
   [Code Root Migration: 0.1 ms]
   [Clear CT: 1.9 ms]
   [Other: 11.4 ms]
      [Choose CSet: 0.0 ms]
      [Ref Proc: 5.3 ms]
      [Ref Enq: 0.6 ms]
      [Free CSet: 1.0 ms]
   [Eden: 1968.0M(1760.0M)->0.0B(1744.0M) Survivors: 224.0M->256.0M Heap: 9048.9M(24.0G)->7432.9M(24.0G)]
 [Times: user=2.36 sys=0.22, real=0.21 secs] 
2014-04-16T09:49:02.810+0900: 45.707: [GC pause (G1 Evacuation Pause) (young), 0.1734158 secs]
   [Parallel Time: 161.3 ms, GC Workers: 13]
      [GC Worker Start (ms): Min: 45707.3, Avg: 45707.3, Max: 45707.4, Diff: 0.1]
      [Ext Root Scanning (ms): Min: 0.8, Avg: 1.4, Max: 2.0, Diff: 1.2, Sum: 18.1]
      [Update RS (ms): Min: 16.8, Avg: 17.7, Max: 18.7, Diff: 1.9, Sum: 230.3]
         [Processed Buffers: Min: 16, Avg: 26.0, Max: 44, Diff: 28, Sum: 338]
      [Scan RS (ms): Min: 16.8, Avg: 17.3, Max: 18.2, Diff: 1.4, Sum: 225.5]
      [Code Root Scanning (ms): Min: 0.0, Avg: 0.0, Max: 0.0, Diff: 0.0, Sum: 0.0]
      [Object Copy (ms): Min: 123.9, Avg: 124.5, Max: 125.2, Diff: 1.3, Sum: 1619.0]
      [Termination (ms): Min: 0.0, Avg: 0.0, Max: 0.1, Diff: 0.1, Sum: 0.4]
      [GC Worker Other (ms): Min: 0.0, Avg: 0.0, Max: 0.1, Diff: 0.1, Sum: 0.6]
      [GC Worker Total (ms): Min: 161.0, Avg: 161.1, Max: 161.2, Diff: 0.2, Sum: 2093.9]
      [GC Worker End (ms): Min: 45868.4, Avg: 45868.4, Max: 45868.5, Diff: 0.1]
   [Code Root Fixup: 0.3 ms]
   [Code Root Migration: 0.0 ms]
   [Clear CT: 1.7 ms]
   [Other: 10.0 ms]
      [Choose CSet: 0.0 ms]
      [Ref Proc: 4.5 ms]
      [Ref Enq: 0.3 ms]
      [Free CSet: 0.8 ms]
   [Eden: 1488.0M(1376.0M)->0.0B(2720.0M) Survivors: 256.0M->208.0M Heap: 8920.9M(24.0G)->7752.9M(24.0G)]
 [Times: user=2.15 sys=0.00, real=0.18 secs] 
2014-04-16T09:49:04.909+0900: 47.806: [GC pause (G1 Evacuation Pause) (young) (initial-mark), 0.3451515 secs]
   [Parallel Time: 330.3 ms, GC Workers: 13]
      [GC Worker Start (ms): Min: 47806.2, Avg: 47806.3, Max: 47806.4, Diff: 0.1]
      [Ext Root Scanning (ms): Min: 1.0, Avg: 1.4, Max: 3.3, Diff: 2.3, Sum: 17.7]
      [Code Root Marking (ms): Min: 0.0, Avg: 0.7, Max: 6.6, Diff: 6.6, Sum: 9.6]
      [Update RS (ms): Min: 15.2, Avg: 21.5, Max: 27.2, Diff: 12.0, Sum: 279.1]
         [Processed Buffers: Min: 15, Avg: 29.8, Max: 61, Diff: 46, Sum: 388]
      [Scan RS (ms): Min: 49.9, Avg: 55.3, Max: 58.0, Diff: 8.2, Sum: 718.8]
      [Code Root Scanning (ms): Min: 0.0, Avg: 0.0, Max: 0.0, Diff: 0.0, Sum: 0.1]
      [Object Copy (ms): Min: 248.7, Avg: 250.9, Max: 252.2, Diff: 3.4, Sum: 3262.0]
      [Termination (ms): Min: 0.0, Avg: 0.2, Max: 0.2, Diff: 0.2, Sum: 2.2]
      [GC Worker Other (ms): Min: 0.0, Avg: 0.1, Max: 0.1, Diff: 0.1, Sum: 0.8]
      [GC Worker Total (ms): Min: 329.9, Avg: 330.0, Max: 330.1, Diff: 0.2, Sum: 4290.3]
      [GC Worker End (ms): Min: 48136.3, Avg: 48136.3, Max: 48136.4, Diff: 0.1]
   [Code Root Fixup: 0.3 ms]
   [Code Root Migration: 0.0 ms]
   [Clear CT: 2.0 ms]
   [Other: 12.6 ms]
      [Choose CSet: 0.0 ms]
      [Ref Proc: 6.2 ms]
      [Ref Enq: 0.5 ms]
      [Free CSet: 1.0 ms]
   [Eden: 2320.0M(2080.0M)->0.0B(928.0M) Survivors: 208.0M->288.0M Heap: 10072.9M(24.0G)->8216.9M(24.0G)]
 [Times: user=3.75 sys=0.22, real=0.35 secs] 
2014-04-16T09:49:05.254+0900: 48.151: [GC concurrent-root-region-scan-start]
2014-04-16T09:49:05.486+0900: 48.383: [GC concurrent-root-region-scan-end, 0.2321465 secs]
2014-04-16T09:49:05.487+0900: 48.383: [GC concurrent-mark-start]
2014-04-16T09:49:06.340+0900: 49.237: [GC pause (G1 Evacuation Pause) (young), 0.1653747 secs]
   [Parallel Time: 154.0 ms, GC Workers: 13]
      [GC Worker Start (ms): Min: 49237.3, Avg: 49237.4, Max: 49237.5, Diff: 0.1]
      [Ext Root Scanning (ms): Min: 0.9, Avg: 1.4, Max: 2.0, Diff: 1.1, Sum: 18.1]
      [SATB Filtering (ms): Min: 0.0, Avg: 0.2, Max: 2.3, Diff: 2.3, Sum: 2.3]
      [Update RS (ms): Min: 11.6, Avg: 12.5, Max: 14.4, Diff: 2.8, Sum: 163.0]
         [Processed Buffers: Min: 11, Avg: 24.9, Max: 41, Diff: 30, Sum: 324]
      [Scan RS (ms): Min: 19.9, Avg: 21.6, Max: 21.9, Diff: 2.1, Sum: 280.6]
      [Code Root Scanning (ms): Min: 0.0, Avg: 0.0, Max: 0.0, Diff: 0.0, Sum: 0.0]
      [Object Copy (ms): Min: 117.7, Avg: 118.0, Max: 118.5, Diff: 0.8, Sum: 1533.4]
      [Termination (ms): Min: 0.0, Avg: 0.0, Max: 0.0, Diff: 0.0, Sum: 0.1]
      [GC Worker Other (ms): Min: 0.0, Avg: 0.0, Max: 0.1, Diff: 0.1, Sum: 0.5]
      [GC Worker Total (ms): Min: 153.6, Avg: 153.7, Max: 153.7, Diff: 0.1, Sum: 1998.0]
      [GC Worker End (ms): Min: 49391.1, Avg: 49391.1, Max: 49391.2, Diff: 0.1]
   [Code Root Fixup: 0.4 ms]
   [Code Root Migration: 0.0 ms]
   [Clear CT: 1.8 ms]
   [Other: 9.2 ms]
      [Choose CSet: 0.0 ms]
      [Ref Proc: 3.8 ms]
      [Ref Enq: 0.3 ms]
      [Free CSet: 0.5 ms]
   [Eden: 928.0M(928.0M)->0.0B(1968.0M) Survivors: 288.0M->160.0M Heap: 9144.9M(24.0G)->8448.9M(24.0G)]
 [Times: user=2.03 sys=0.01, real=0.17 secs] 
2014-04-16T09:49:06.538+0900: 49.435: [GC concurrent-mark-end, 1.0515749 secs]
2014-04-16T09:49:06.556+0900: 49.453: [GC remark 49.481: [GC ref-proc, 0.0061087 secs], 0.0540774 secs]
 [Times: user=0.55 sys=0.00, real=0.05 secs] 
2014-04-16T09:49:06.613+0900: 49.509: [GC cleanup 8513M->8497M(24G), 0.0156538 secs]
 [Times: user=0.19 sys=0.00, real=0.01 secs] 
2014-04-16T09:49:06.629+0900: 49.525: [GC concurrent-cleanup-start]
2014-04-16T09:49:06.629+0900: 49.525: [GC concurrent-cleanup-end, 0.0000609 secs]
2014-04-16T09:49:08.260+0900: 51.157: [GC pause (G1 Evacuation Pause) (young), 0.1775826 secs]
   [Parallel Time: 164.7 ms, GC Workers: 13]
      [GC Worker Start (ms): Min: 51157.3, Avg: 51157.4, Max: 51157.5, Diff: 0.2]
      [Ext Root Scanning (ms): Min: 1.5, Avg: 1.6, Max: 2.1, Diff: 0.7, Sum: 20.8]
      [Update RS (ms): Min: 19.0, Avg: 20.0, Max: 21.7, Diff: 2.7, Sum: 259.7]
         [Processed Buffers: Min: 17, Avg: 28.6, Max: 46, Diff: 29, Sum: 372]
      [Scan RS (ms): Min: 7.5, Avg: 9.1, Max: 9.4, Diff: 2.0, Sum: 118.4]
      [Code Root Scanning (ms): Min: 0.0, Avg: 0.0, Max: 0.0, Diff: 0.0, Sum: 0.0]
      [Object Copy (ms): Min: 131.6, Avg: 132.7, Max: 133.1, Diff: 1.5, Sum: 1725.2]
      [Termination (ms): Min: 0.4, Avg: 0.8, Max: 0.9, Diff: 0.5, Sum: 10.1]
      [GC Worker Other (ms): Min: 0.0, Avg: 0.0, Max: 0.0, Diff: 0.0, Sum: 0.3]
      [GC Worker Total (ms): Min: 163.3, Avg: 164.2, Max: 164.7, Diff: 1.4, Sum: 2134.5]
      [GC Worker End (ms): Min: 51320.6, Avg: 51321.6, Max: 51322.0, Diff: 1.4]
   [Code Root Fixup: 0.4 ms]
   [Code Root Migration: 0.0 ms]
   [Clear CT: 2.3 ms]
   [Other: 10.2 ms]
      [Choose CSet: 0.0 ms]
      [Ref Proc: 5.3 ms]
      [Ref Enq: 0.5 ms]
      [Free CSet: 0.9 ms]
   [Eden: 1968.0M(1968.0M)->0.0B(944.0M) Survivors: 160.0M->272.0M Heap: 10.2G(24.0G)->8824.9M(24.0G)]
 [Times: user=2.17 sys=0.03, real=0.18 secs] 
2014-04-16T09:49:09.255+0900: 52.151: [GC pause (G1 Evacuation Pause) (mixed), 0.1431053 secs]
   [Parallel Time: 130.4 ms, GC Workers: 13]
      [GC Worker Start (ms): Min: 52152.0, Avg: 52152.0, Max: 52152.1, Diff: 0.1]
      [Ext Root Scanning (ms): Min: 1.1, Avg: 1.4, Max: 2.0, Diff: 0.9, Sum: 18.5]
      [Update RS (ms): Min: 15.6, Avg: 16.4, Max: 17.0, Diff: 1.3, Sum: 212.9]
         [Processed Buffers: Min: 17, Avg: 24.0, Max: 34, Diff: 17, Sum: 312]
      [Scan RS (ms): Min: 17.0, Avg: 17.6, Max: 18.0, Diff: 1.0, Sum: 228.8]
      [Code Root Scanning (ms): Min: 0.0, Avg: 0.0, Max: 0.0, Diff: 0.0, Sum: 0.1]
      [Object Copy (ms): Min: 94.2, Avg: 94.7, Max: 95.1, Diff: 0.8, Sum: 1230.5]
      [Termination (ms): Min: 0.0, Avg: 0.0, Max: 0.0, Diff: 0.0, Sum: 0.1]
      [GC Worker Other (ms): Min: 0.0, Avg: 0.0, Max: 0.1, Diff: 0.1, Sum: 0.6]
      [GC Worker Total (ms): Min: 130.1, Avg: 130.1, Max: 130.2, Diff: 0.1, Sum: 1691.6]
      [GC Worker End (ms): Min: 52282.1, Avg: 52282.2, Max: 52282.2, Diff: 0.1]
   [Code Root Fixup: 0.4 ms]
   [Code Root Migration: 0.1 ms]
   [Clear CT: 2.2 ms]
   [Other: 10.0 ms]
      [Choose CSet: 0.2 ms]
      [Ref Proc: 4.5 ms]
      [Ref Enq: 0.2 ms]
      [Free CSet: 1.3 ms]
   [Eden: 944.0M(944.0M)->0.0B(1056.0M) Survivors: 272.0M->160.0M Heap: 9768.9M(24.0G)->8344.0M(24.0G)]
 [Times: user=1.74 sys=0.00, real=0.14 secs] 
2014-04-16T09:49:10.251+0900: 53.147: [GC pause (G1 Evacuation Pause) (mixed), 0.1422806 secs]
   [Parallel Time: 130.4 ms, GC Workers: 13]
      [GC Worker Start (ms): Min: 53148.0, Avg: 53148.1, Max: 53148.2, Diff: 0.1]
      [Ext Root Scanning (ms): Min: 3.8, Avg: 4.3, Max: 4.5, Diff: 0.7, Sum: 56.4]
      [Update RS (ms): Min: 22.2, Avg: 22.6, Max: 23.4, Diff: 1.2, Sum: 294.3]
         [Processed Buffers: Min: 20, Avg: 30.5, Max: 48, Diff: 28, Sum: 397]
      [Scan RS (ms): Min: 16.0, Avg: 16.7, Max: 17.1, Diff: 1.1, Sum: 217.6]
      [Code Root Scanning (ms): Min: 0.0, Avg: 0.0, Max: 0.0, Diff: 0.0, Sum: 0.0]
      [Object Copy (ms): Min: 86.0, Avg: 86.3, Max: 86.8, Diff: 0.8, Sum: 1122.0]
      [Termination (ms): Min: 0.0, Avg: 0.1, Max: 0.1, Diff: 0.1, Sum: 0.8]
      [GC Worker Other (ms): Min: 0.0, Avg: 0.0, Max: 0.1, Diff: 0.0, Sum: 0.4]
      [GC Worker Total (ms): Min: 130.0, Avg: 130.1, Max: 130.2, Diff: 0.2, Sum: 1691.5]
      [GC Worker End (ms): Min: 53278.2, Avg: 53278.2, Max: 53278.3, Diff: 0.0]
   [Code Root Fixup: 0.4 ms]
   [Code Root Migration: 0.0 ms]
   [Clear CT: 2.1 ms]
   [Other: 9.3 ms]
      [Choose CSet: 0.3 ms]
      [Ref Proc: 3.9 ms]
      [Ref Enq: 0.3 ms]
      [Free CSet: 1.4 ms]
   [Eden: 1056.0M(1056.0M)->0.0B(3152.0M) Survivors: 160.0M->160.0M Heap: 9400.0M(24.0G)->7728.0M(24.0G)]
 [Times: user=1.67 sys=0.03, real=0.15 secs] 
2014-04-16T09:49:12.799+0900: 55.695: [GC pause (G1 Evacuation Pause) (young), 0.2343848 secs]
   [Parallel Time: 218.4 ms, GC Workers: 13]
      [GC Worker Start (ms): Min: 55695.9, Avg: 55696.0, Max: 55696.1, Diff: 0.2]
      [Ext Root Scanning (ms): Min: 1.2, Avg: 1.4, Max: 1.9, Diff: 0.7, Sum: 18.1]
      [Update RS (ms): Min: 20.6, Avg: 21.5, Max: 23.6, Diff: 2.9, Sum: 279.4]
         [Processed Buffers: Min: 17, Avg: 29.0, Max: 39, Diff: 22, Sum: 377]
      [Scan RS (ms): Min: 11.5, Avg: 13.6, Max: 14.1, Diff: 2.5, Sum: 176.2]
      [Code Root Scanning (ms): Min: 0.0, Avg: 0.0, Max: 0.0, Diff: 0.0, Sum: 0.1]
      [Object Copy (ms): Min: 181.3, Avg: 181.5, Max: 181.7, Diff: 0.4, Sum: 2358.9]
      [Termination (ms): Min: 0.0, Avg: 0.2, Max: 0.2, Diff: 0.2, Sum: 2.7]
      [GC Worker Other (ms): Min: 0.0, Avg: 0.0, Max: 0.1, Diff: 0.1, Sum: 0.6]
      [GC Worker Total (ms): Min: 218.1, Avg: 218.1, Max: 218.2, Diff: 0.2, Sum: 2835.9]
      [GC Worker End (ms): Min: 55914.1, Avg: 55914.1, Max: 55914.2, Diff: 0.1]
   [Code Root Fixup: 0.3 ms]
   [Code Root Migration: 0.1 ms]
   [Clear CT: 2.4 ms]
   [Other: 13.2 ms]
      [Choose CSet: 0.0 ms]
      [Ref Proc: 6.3 ms]
      [Ref Enq: 0.6 ms]
      [Free CSet: 1.4 ms]
   [Eden: 2880.0M(2240.0M)->0.0B(1648.0M) Survivors: 160.0M->304.0M Heap: 10.4G(24.0G)->8248.0M(24.0G)]
 [Times: user=2.84 sys=0.08, real=0.23 secs] 
2014-04-16T09:49:14.458+0900: 57.355: [GC pause (G1 Evacuation Pause) (young) (initial-mark), 0.1871764 secs]
   [Parallel Time: 172.9 ms, GC Workers: 13]
      [GC Worker Start (ms): Min: 57355.6, Avg: 57355.7, Max: 57355.8, Diff: 0.1]
      [Ext Root Scanning (ms): Min: 1.0, Avg: 1.5, Max: 3.9, Diff: 2.8, Sum: 19.3]
      [Code Root Marking (ms): Min: 0.0, Avg: 0.7, Max: 6.6, Diff: 6.5, Sum: 9.3]
      [Update RS (ms): Min: 13.1, Avg: 18.6, Max: 20.4, Diff: 7.3, Sum: 241.3]
         [Processed Buffers: Min: 18, Avg: 27.2, Max: 37, Diff: 19, Sum: 354]
      [Scan RS (ms): Min: 15.3, Avg: 16.4, Max: 16.9, Diff: 1.6, Sum: 213.0]
      [Code Root Scanning (ms): Min: 0.0, Avg: 0.0, Max: 0.0, Diff: 0.0, Sum: 0.1]
      [Object Copy (ms): Min: 135.3, Avg: 135.5, Max: 135.9, Diff: 0.6, Sum: 1761.2]
      [Termination (ms): Min: 0.0, Avg: 0.0, Max: 0.0, Diff: 0.0, Sum: 0.0]
      [GC Worker Other (ms): Min: 0.0, Avg: 0.1, Max: 0.1, Diff: 0.1, Sum: 0.8]
      [GC Worker Total (ms): Min: 172.6, Avg: 172.7, Max: 172.8, Diff: 0.2, Sum: 2245.0]
      [GC Worker End (ms): Min: 57528.4, Avg: 57528.4, Max: 57528.5, Diff: 0.1]
   [Code Root Fixup: 0.4 ms]
   [Code Root Migration: 0.1 ms]
   [Clear CT: 2.2 ms]
   [Other: 11.6 ms]
      [Choose CSet: 0.0 ms]
      [Ref Proc: 4.9 ms]
      [Ref Enq: 0.3 ms]
      [Free CSet: 1.0 ms]
   [Eden: 1648.0M(1648.0M)->0.0B(2176.0M) Survivors: 304.0M->256.0M Heap: 9896.0M(24.0G)->8576.0M(24.0G)]
 [Times: user=2.30 sys=0.00, real=0.19 secs] 
2014-04-16T09:49:14.646+0900: 57.542: [GC concurrent-root-region-scan-start]
2014-04-16T09:49:14.710+0900: 57.607: [GC concurrent-root-region-scan-end, 0.0646050 secs]
2014-04-16T09:49:14.710+0900: 57.607: [GC concurrent-mark-start]
2014-04-16T09:49:15.926+0900: 58.823: [GC concurrent-mark-end, 1.2155944 secs]
2014-04-16T09:49:15.927+0900: 58.824: [GC remark 58.860: [GC ref-proc, 0.0063176 secs], 0.0640973 secs]
 [Times: user=0.67 sys=0.00, real=0.06 secs] 
2014-04-16T09:49:15.993+0900: 58.890: [GC cleanup 9716M->9668M(24G), 0.0186834 secs]
 [Times: user=0.23 sys=0.00, real=0.02 secs] 
2014-04-16T09:49:16.012+0900: 58.909: [GC concurrent-cleanup-start]
2014-04-16T09:49:16.012+0900: 58.909: [GC concurrent-cleanup-end, 0.0000905 secs]
2014-04-16T09:49:16.875+0900: 59.772: [GC pause (G1 Evacuation Pause) (young), 0.2251844 secs]
   [Parallel Time: 209.0 ms, GC Workers: 13]
      [GC Worker Start (ms): Min: 59772.0, Avg: 59772.1, Max: 59772.2, Diff: 0.1]
      [Ext Root Scanning (ms): Min: 1.2, Avg: 1.4, Max: 1.9, Diff: 0.6, Sum: 17.7]
      [Update RS (ms): Min: 17.1, Avg: 24.1, Max: 40.7, Diff: 23.5, Sum: 312.8]
         [Processed Buffers: Min: 12, Avg: 25.4, Max: 39, Diff: 27, Sum: 330]
      [Scan RS (ms): Min: 0.0, Avg: 14.7, Max: 21.3, Diff: 21.3, Sum: 191.1]
      [Code Root Scanning (ms): Min: 0.0, Avg: 0.0, Max: 0.0, Diff: 0.0, Sum: 0.1]
      [Object Copy (ms): Min: 166.3, Avg: 168.3, Max: 169.0, Diff: 2.7, Sum: 2187.5]
      [Termination (ms): Min: 0.0, Avg: 0.3, Max: 0.3, Diff: 0.3, Sum: 3.9]
      [GC Worker Other (ms): Min: 0.0, Avg: 0.1, Max: 0.1, Diff: 0.1, Sum: 0.7]
      [GC Worker Total (ms): Min: 208.7, Avg: 208.8, Max: 208.9, Diff: 0.2, Sum: 2713.9]
      [GC Worker End (ms): Min: 59980.8, Avg: 59980.8, Max: 59980.9, Diff: 0.1]
   [Code Root Fixup: 0.4 ms]
   [Code Root Migration: 0.0 ms]
   [Clear CT: 2.5 ms]
   [Other: 13.3 ms]
      [Choose CSet: 0.0 ms]
      [Ref Proc: 6.4 ms]
      [Ref Enq: 0.5 ms]
      [Free CSet: 1.3 ms]
   [Eden: 2176.0M(2176.0M)->0.0B(912.0M) Survivors: 256.0M->304.0M Heap: 10.5G(24.0G)->8904.0M(24.0G)]
 [Times: user=2.79 sys=0.01, real=0.22 secs] 
2014-04-16T09:49:17.878+0900: 60.775: [GC pause (G1 Evacuation Pause) (mixed), 0.1612439 secs]
   [Parallel Time: 148.1 ms, GC Workers: 13]
      [GC Worker Start (ms): Min: 60775.7, Avg: 60775.8, Max: 60775.8, Diff: 0.1]
      [Ext Root Scanning (ms): Min: 1.0, Avg: 1.4, Max: 1.9, Diff: 1.0, Sum: 17.8]
      [Update RS (ms): Min: 14.2, Avg: 15.2, Max: 17.2, Diff: 3.0, Sum: 198.2]
         [Processed Buffers: Min: 16, Avg: 23.2, Max: 35, Diff: 19, Sum: 301]
      [Scan RS (ms): Min: 18.7, Avg: 20.5, Max: 21.1, Diff: 2.4, Sum: 267.1]
      [Code Root Scanning (ms): Min: 0.0, Avg: 0.0, Max: 0.0, Diff: 0.0, Sum: 0.0]
      [Object Copy (ms): Min: 110.4, Avg: 110.7, Max: 111.1, Diff: 0.7, Sum: 1438.5]
      [Termination (ms): Min: 0.0, Avg: 0.0, Max: 0.0, Diff: 0.0, Sum: 0.0]
      [GC Worker Other (ms): Min: 0.0, Avg: 0.0, Max: 0.1, Diff: 0.1, Sum: 0.6]
      [GC Worker Total (ms): Min: 147.8, Avg: 147.9, Max: 147.9, Diff: 0.1, Sum: 1922.2]
      [GC Worker End (ms): Min: 60923.6, Avg: 60923.6, Max: 60923.7, Diff: 0.1]
   [Code Root Fixup: 0.3 ms]
   [Code Root Migration: 0.0 ms]
   [Clear CT: 2.2 ms]
   [Other: 10.5 ms]
      [Choose CSet: 0.2 ms]
      [Ref Proc: 4.4 ms]
      [Ref Enq: 0.4 ms]
      [Free CSet: 1.2 ms]
   [Eden: 912.0M(912.0M)->0.0B(1056.0M) Survivors: 304.0M->160.0M Heap: 9816.0M(24.0G)->8520.0M(24.0G)]
 [Times: user=1.98 sys=0.00, real=0.16 secs] 
2014-04-16T09:49:18.947+0900: 61.844: [GC pause (G1 Evacuation Pause) (mixed), 0.1359649 secs]
   [Parallel Time: 124.6 ms, GC Workers: 13]
      [GC Worker Start (ms): Min: 61844.3, Avg: 61844.4, Max: 61844.4, Diff: 0.1]
      [Ext Root Scanning (ms): Min: 1.3, Avg: 1.4, Max: 1.8, Diff: 0.5, Sum: 18.0]
      [Update RS (ms): Min: 17.9, Avg: 20.2, Max: 35.4, Diff: 17.5, Sum: 262.5]
         [Processed Buffers: Min: 3, Avg: 24.8, Max: 36, Diff: 33, Sum: 322]
      [Scan RS (ms): Min: 0.0, Avg: 13.5, Max: 15.4, Diff: 15.4, Sum: 174.9]
      [Code Root Scanning (ms): Min: 0.0, Avg: 0.0, Max: 0.0, Diff: 0.0, Sum: 0.0]
      [Object Copy (ms): Min: 87.6, Avg: 89.3, Max: 89.6, Diff: 2.0, Sum: 1160.8]
      [Termination (ms): Min: 0.0, Avg: 0.0, Max: 0.0, Diff: 0.0, Sum: 0.0]
      [GC Worker Other (ms): Min: 0.0, Avg: 0.0, Max: 0.1, Diff: 0.1, Sum: 0.5]
      [GC Worker Total (ms): Min: 124.3, Avg: 124.4, Max: 124.5, Diff: 0.2, Sum: 1616.9]
      [GC Worker End (ms): Min: 61968.7, Avg: 61968.7, Max: 61968.8, Diff: 0.1]
   [Code Root Fixup: 0.4 ms]
   [Code Root Migration: 0.0 ms]
   [Clear CT: 2.2 ms]
   [Other: 8.7 ms]
      [Choose CSet: 0.1 ms]
      [Ref Proc: 4.2 ms]
      [Ref Enq: 0.3 ms]
      [Free CSet: 0.9 ms]
   [Eden: 1056.0M(1056.0M)->0.0B(3152.0M) Survivors: 160.0M->160.0M Heap: 9576.0M(24.0G)->8464.0M(24.0G)]
 [Times: user=1.65 sys=0.01, real=0.13 secs] 
2014-04-16T09:49:21.348+0900: 64.245: [GC pause (G1 Evacuation Pause) (young), 0.2332556 secs]
   [Parallel Time: 216.6 ms, GC Workers: 13]
      [GC Worker Start (ms): Min: 64245.4, Avg: 64245.5, Max: 64245.5, Diff: 0.1]
      [Ext Root Scanning (ms): Min: 1.3, Avg: 1.4, Max: 1.7, Diff: 0.4, Sum: 18.5]
      [Update RS (ms): Min: 15.8, Avg: 16.7, Max: 20.0, Diff: 4.2, Sum: 217.1]
         [Processed Buffers: Min: 7, Avg: 24.7, Max: 39, Diff: 32, Sum: 321]
      [Scan RS (ms): Min: 12.8, Avg: 16.0, Max: 16.6, Diff: 3.8, Sum: 208.0]
      [Code Root Scanning (ms): Min: 0.0, Avg: 0.0, Max: 0.0, Diff: 0.0, Sum: 0.1]
      [Object Copy (ms): Min: 181.3, Avg: 181.7, Max: 182.2, Diff: 0.9, Sum: 2361.8]
      [Termination (ms): Min: 0.0, Avg: 0.4, Max: 0.5, Diff: 0.5, Sum: 5.3]
      [GC Worker Other (ms): Min: 0.0, Avg: 0.0, Max: 0.0, Diff: 0.0, Sum: 0.4]
      [GC Worker Total (ms): Min: 215.7, Avg: 216.3, Max: 216.6, Diff: 0.8, Sum: 2811.3]
      [GC Worker End (ms): Min: 64461.2, Avg: 64461.7, Max: 64462.0, Diff: 0.7]
   [Code Root Fixup: 0.4 ms]
   [Code Root Migration: 0.1 ms]
   [Clear CT: 2.7 ms]
   [Other: 13.5 ms]
      [Choose CSet: 0.0 ms]
      [Ref Proc: 6.4 ms]
      [Ref Enq: 0.9 ms]
      [Free CSet: 1.3 ms]
   [Eden: 2752.0M(2528.0M)->0.0B(1632.0M) Survivors: 160.0M->336.0M Heap: 11.0G(24.0G)->8992.0M(24.0G)]
 [Times: user=2.74 sys=0.16, real=0.23 secs] 
2014-04-16T09:49:22.998+0900: 65.895: [GC pause (G1 Evacuation Pause) (young) (initial-mark), 0.2053244 secs]
   [Parallel Time: 190.6 ms, GC Workers: 13]
      [GC Worker Start (ms): Min: 65895.4, Avg: 65895.5, Max: 65895.6, Diff: 0.1]
      [Ext Root Scanning (ms): Min: 1.1, Avg: 1.5, Max: 3.9, Diff: 2.7, Sum: 19.3]
      [Code Root Marking (ms): Min: 0.0, Avg: 0.7, Max: 6.5, Diff: 6.4, Sum: 8.7]
      [Update RS (ms): Min: 21.1, Avg: 30.7, Max: 42.3, Diff: 21.2, Sum: 398.9]
         [Processed Buffers: Min: 7, Avg: 26.8, Max: 43, Diff: 36, Sum: 349]
      [Scan RS (ms): Min: 6.7, Avg: 17.3, Max: 21.8, Diff: 15.1, Sum: 225.5]
      [Code Root Scanning (ms): Min: 0.0, Avg: 0.0, Max: 0.0, Diff: 0.0, Sum: 0.1]
      [Object Copy (ms): Min: 139.9, Avg: 140.1, Max: 140.6, Diff: 0.7, Sum: 1821.8]
      [Termination (ms): Min: 0.0, Avg: 0.1, Max: 0.1, Diff: 0.1, Sum: 0.9]
      [GC Worker Other (ms): Min: 0.0, Avg: 0.1, Max: 0.1, Diff: 0.1, Sum: 0.8]
      [GC Worker Total (ms): Min: 190.3, Avg: 190.4, Max: 190.5, Diff: 0.2, Sum: 2475.8]
      [GC Worker End (ms): Min: 66085.9, Avg: 66086.0, Max: 66086.0, Diff: 0.1]
   [Code Root Fixup: 0.5 ms]
   [Code Root Migration: 0.0 ms]
   [Clear CT: 2.3 ms]
   [Other: 11.9 ms]
      [Choose CSet: 0.0 ms]
      [Ref Proc: 5.4 ms]
      [Ref Enq: 0.5 ms]
      [Free CSet: 0.8 ms]
   [Eden: 1632.0M(1632.0M)->0.0B(2160.0M) Survivors: 336.0M->256.0M Heap: 10.4G(24.0G)->9288.0M(24.0G)]
 [Times: user=2.54 sys=0.00, real=0.20 secs] 
2014-04-16T09:49:23.204+0900: 66.101: [GC concurrent-root-region-scan-start]
2014-04-16T09:49:23.264+0900: 66.161: [GC concurrent-root-region-scan-end, 0.0607087 secs]
2014-04-16T09:49:23.265+0900: 66.161: [GC concurrent-mark-start]
2014-04-16T09:49:24.676+0900: 67.572: [GC concurrent-mark-end, 1.4110546 secs]
2014-04-16T09:49:24.677+0900: 67.574: [GC remark 67.605: [GC ref-proc, 0.0060434 secs], 0.0611483 secs]
 [Times: user=0.66 sys=0.00, real=0.06 secs] 
2014-04-16T09:49:24.740+0900: 67.637: [GC cleanup 10G->10G(24G), 0.0202324 secs]
 [Times: user=0.25 sys=0.00, real=0.02 secs] 
2014-04-16T09:49:24.761+0900: 67.657: [GC concurrent-cleanup-start]
2014-04-16T09:49:24.761+0900: 67.657: [GC concurrent-cleanup-end, 0.0000543 secs]
2014-04-16T09:49:25.463+0900: 68.360: [GC pause (G1 Evacuation Pause) (young), 0.2187473 secs]
   [Parallel Time: 203.8 ms, GC Workers: 13]
      [GC Worker Start (ms): Min: 68360.2, Avg: 68360.2, Max: 68360.3, Diff: 0.2]
      [Ext Root Scanning (ms): Min: 1.3, Avg: 1.4, Max: 2.0, Diff: 0.7, Sum: 18.1]
      [Update RS (ms): Min: 21.3, Avg: 23.4, Max: 43.9, Diff: 22.6, Sum: 303.9]
         [Processed Buffers: Min: 9, Avg: 27.9, Max: 40, Diff: 31, Sum: 363]
      [Scan RS (ms): Min: 0.0, Avg: 15.1, Max: 16.8, Diff: 16.8, Sum: 196.9]
      [Code Root Scanning (ms): Min: 0.0, Avg: 0.0, Max: 0.0, Diff: 0.0, Sum: 0.1]
      [Object Copy (ms): Min: 157.5, Avg: 163.0, Max: 163.7, Diff: 6.2, Sum: 2118.4]
      [Termination (ms): Min: 0.3, Avg: 0.6, Max: 0.7, Diff: 0.4, Sum: 8.4]
      [GC Worker Other (ms): Min: 0.0, Avg: 0.1, Max: 0.1, Diff: 0.1, Sum: 0.8]
      [GC Worker Total (ms): Min: 203.5, Avg: 203.6, Max: 203.7, Diff: 0.2, Sum: 2646.5]
      [GC Worker End (ms): Min: 68563.8, Avg: 68563.8, Max: 68563.9, Diff: 0.1]
   [Code Root Fixup: 0.4 ms]
   [Code Root Migration: 0.0 ms]
   [Clear CT: 2.5 ms]
   [Other: 12.1 ms]
      [Choose CSet: 0.0 ms]
      [Ref Proc: 5.7 ms]
      [Ref Enq: 0.6 ms]
      [Free CSet: 1.0 ms]
   [Eden: 2160.0M(2160.0M)->0.0B(912.0M) Survivors: 256.0M->304.0M Heap: 11.1G(24.0G)->9672.0M(24.0G)]
 [Times: user=2.68 sys=0.04, real=0.22 secs] 
2014-04-16T09:49:26.483+0900: 69.379: [GC pause (G1 Evacuation Pause) (mixed), 0.1723447 secs]
   [Parallel Time: 157.3 ms, GC Workers: 13]
      [GC Worker Start (ms): Min: 69380.1, Avg: 69380.2, Max: 69380.2, Diff: 0.1]
      [Ext Root Scanning (ms): Min: 0.9, Avg: 1.4, Max: 1.9, Diff: 1.0, Sum: 18.3]
      [Update RS (ms): Min: 15.0, Avg: 15.4, Max: 16.6, Diff: 1.6, Sum: 199.9]
         [Processed Buffers: Min: 14, Avg: 22.7, Max: 43, Diff: 29, Sum: 295]
      [Scan RS (ms): Min: 25.0, Avg: 26.1, Max: 26.6, Diff: 1.5, Sum: 339.1]
      [Code Root Scanning (ms): Min: 0.0, Avg: 0.0, Max: 0.0, Diff: 0.0, Sum: 0.0]
      [Object Copy (ms): Min: 113.9, Avg: 114.1, Max: 114.5, Diff: 0.5, Sum: 1483.0]
      [Termination (ms): Min: 0.0, Avg: 0.0, Max: 0.0, Diff: 0.0, Sum: 0.0]
      [GC Worker Other (ms): Min: 0.0, Avg: 0.0, Max: 0.1, Diff: 0.1, Sum: 0.5]
      [GC Worker Total (ms): Min: 156.9, Avg: 157.0, Max: 157.1, Diff: 0.2, Sum: 2040.9]
      [GC Worker End (ms): Min: 69537.1, Avg: 69537.2, Max: 69537.2, Diff: 0.1]
   [Code Root Fixup: 0.4 ms]
   [Code Root Migration: 0.0 ms]
   [Clear CT: 2.8 ms]
   [Other: 11.8 ms]
      [Choose CSet: 0.2 ms]
      [Ref Proc: 4.1 ms]
      [Ref Enq: 0.3 ms]
      [Free CSet: 1.4 ms]
   [Eden: 912.0M(912.0M)->0.0B(1056.0M) Survivors: 304.0M->160.0M Heap: 10.3G(24.0G)->9264.0M(24.0G)]
 [Times: user=2.10 sys=0.00, real=0.17 secs] 
2014-04-16T09:49:27.605+0900: 70.502: [GC pause (G1 Evacuation Pause) (mixed), 0.1284823 secs]
   [Parallel Time: 116.7 ms, GC Workers: 13]
      [GC Worker Start (ms): Min: 70502.3, Avg: 70502.4, Max: 70502.5, Diff: 0.1]
      [Ext Root Scanning (ms): Min: 1.4, Avg: 1.5, Max: 1.8, Diff: 0.5, Sum: 18.9]
      [Update RS (ms): Min: 14.2, Avg: 17.3, Max: 45.8, Diff: 31.7, Sum: 225.5]
         [Processed Buffers: Min: 12, Avg: 22.9, Max: 34, Diff: 22, Sum: 298]
      [Scan RS (ms): Min: 0.0, Avg: 10.8, Max: 12.2, Diff: 12.2, Sum: 139.9]
      [Code Root Scanning (ms): Min: 0.0, Avg: 0.0, Max: 0.0, Diff: 0.0, Sum: 0.0]
      [Object Copy (ms): Min: 69.2, Avg: 86.9, Max: 88.5, Diff: 19.4, Sum: 1129.5]
      [Termination (ms): Min: 0.0, Avg: 0.0, Max: 0.0, Diff: 0.0, Sum: 0.1]
      [GC Worker Other (ms): Min: 0.0, Avg: 0.0, Max: 0.1, Diff: 0.1, Sum: 0.6]
      [GC Worker Total (ms): Min: 116.4, Avg: 116.5, Max: 116.5, Diff: 0.1, Sum: 1514.5]
      [GC Worker End (ms): Min: 70618.9, Avg: 70618.9, Max: 70618.9, Diff: 0.1]
   [Code Root Fixup: 0.3 ms]
   [Code Root Migration: 0.0 ms]
   [Clear CT: 2.5 ms]
   [Other: 8.9 ms]
      [Choose CSet: 0.1 ms]
      [Ref Proc: 4.1 ms]
      [Ref Enq: 0.3 ms]
      [Free CSet: 0.8 ms]
   [Eden: 1056.0M(1056.0M)->0.0B(4032.0M) Survivors: 160.0M->160.0M Heap: 10.1G(24.0G)->9368.0M(24.0G)]
 [Times: user=1.55 sys=0.01, real=0.13 secs] 
2014-04-16T09:49:30.272+0900: 73.169: [GC pause (G1 Evacuation Pause) (young), 0.2617153 secs]
   [Parallel Time: 241.7 ms, GC Workers: 13]
      [GC Worker Start (ms): Min: 73169.1, Avg: 73169.2, Max: 73169.3, Diff: 0.2]
      [Ext Root Scanning (ms): Min: 1.0, Avg: 1.3, Max: 1.7, Diff: 0.7, Sum: 16.6]
      [Update RS (ms): Min: 18.8, Avg: 19.3, Max: 21.1, Diff: 2.3, Sum: 250.8]
         [Processed Buffers: Min: 18, Avg: 26.3, Max: 56, Diff: 38, Sum: 342]
      [Scan RS (ms): Min: 18.1, Avg: 19.9, Max: 20.3, Diff: 2.2, Sum: 258.4]
      [Code Root Scanning (ms): Min: 0.0, Avg: 0.0, Max: 0.0, Diff: 0.0, Sum: 0.1]
      [Object Copy (ms): Min: 198.3, Avg: 199.9, Max: 200.8, Diff: 2.5, Sum: 2598.5]
      [Termination (ms): Min: 0.6, Avg: 0.9, Max: 1.0, Diff: 0.5, Sum: 11.5]
      [GC Worker Other (ms): Min: 0.0, Avg: 0.0, Max: 0.0, Diff: 0.0, Sum: 0.3]
      [GC Worker Total (ms): Min: 240.1, Avg: 241.2, Max: 241.7, Diff: 1.6, Sum: 3136.2]
      [GC Worker End (ms): Min: 73409.2, Avg: 73410.4, Max: 73410.8, Diff: 1.6]
   [Code Root Fixup: 0.4 ms]
   [Code Root Migration: 0.1 ms]
   [Clear CT: 3.3 ms]
   [Other: 16.1 ms]
      [Choose CSet: 0.0 ms]
      [Ref Proc: 6.8 ms]
      [Ref Enq: 0.8 ms]
      [Free CSet: 1.6 ms]
   [Eden: 3024.0M(2720.0M)->0.0B(1296.0M) Survivors: 160.0M->368.0M Heap: 12.1G(24.0G)->9928.0M(24.0G)]
 [Times: user=3.02 sys=0.21, real=0.26 secs] 
2014-04-16T09:49:31.704+0900: 74.601: [GC pause (G1 Evacuation Pause) (young) (initial-mark), 0.1799508 secs]
   [Parallel Time: 165.7 ms, GC Workers: 13]
      [GC Worker Start (ms): Min: 74601.3, Avg: 74601.4, Max: 74601.5, Diff: 0.1]
      [Ext Root Scanning (ms): Min: 1.0, Avg: 1.3, Max: 3.1, Diff: 2.1, Sum: 17.4]
      [Code Root Marking (ms): Min: 0.0, Avg: 0.5, Max: 4.5, Diff: 4.5, Sum: 6.4]
      [Update RS (ms): Min: 16.0, Avg: 19.7, Max: 20.7, Diff: 4.8, Sum: 256.1]
         [Processed Buffers: Min: 16, Avg: 24.8, Max: 35, Diff: 19, Sum: 322]
      [Scan RS (ms): Min: 18.9, Avg: 19.3, Max: 19.6, Diff: 0.7, Sum: 251.2]
      [Code Root Scanning (ms): Min: 0.0, Avg: 0.0, Max: 0.0, Diff: 0.0, Sum: 0.0]
      [Object Copy (ms): Min: 124.3, Avg: 124.5, Max: 125.2, Diff: 0.9, Sum: 1618.6]
      [Termination (ms): Min: 0.0, Avg: 0.0, Max: 0.0, Diff: 0.0, Sum: 0.3]
      [GC Worker Other (ms): Min: 0.0, Avg: 0.0, Max: 0.1, Diff: 0.1, Sum: 0.6]
      [GC Worker Total (ms): Min: 165.4, Avg: 165.4, Max: 165.5, Diff: 0.2, Sum: 2150.8]
      [GC Worker End (ms): Min: 74766.8, Avg: 74766.9, Max: 74766.9, Diff: 0.1]
   [Code Root Fixup: 0.4 ms]
   [Code Root Migration: 0.0 ms]
   [Clear CT: 2.5 ms]
   [Other: 11.4 ms]
      [Choose CSet: 0.0 ms]
      [Ref Proc: 4.3 ms]
      [Ref Enq: 0.3 ms]
      [Free CSet: 0.7 ms]
   [Eden: 1296.0M(1296.0M)->0.0B(2736.0M) Survivors: 368.0M->208.0M Heap: 11.0G(24.0G)->10200.0M(24.0G)]
 [Times: user=2.20 sys=0.00, real=0.18 secs] 
2014-04-16T09:49:31.884+0900: 74.781: [GC concurrent-root-region-scan-start]
2014-04-16T09:49:31.942+0900: 74.838: [GC concurrent-root-region-scan-end, 0.0573338 secs]
2014-04-16T09:49:31.942+0900: 74.838: [GC concurrent-mark-start]
2014-04-16T09:49:33.536+0900: 76.433: [GC concurrent-mark-end, 1.5942673 secs]
2014-04-16T09:49:33.537+0900: 76.434: [GC remark 76.470: [GC ref-proc, 0.0056890 secs], 0.0682009 secs]
 [Times: user=0.75 sys=0.00, real=0.06 secs] 
2014-04-16T09:49:33.607+0900: 76.504: [GC cleanup 11G->11G(24G), 0.0224112 secs]
 [Times: user=0.27 sys=0.00, real=0.02 secs] 
2014-04-16T09:49:33.630+0900: 76.527: [GC concurrent-cleanup-start]
2014-04-16T09:49:33.630+0900: 76.527: [GC concurrent-cleanup-end, 0.0000427 secs]
2014-04-16T09:49:34.709+0900: 77.606: [GC pause (G1 Evacuation Pause) (young), 0.2757755 secs]
   [Parallel Time: 258.3 ms, GC Workers: 13]
      [GC Worker Start (ms): Min: 77606.1, Avg: 77606.2, Max: 77606.2, Diff: 0.2]
      [Ext Root Scanning (ms): Min: 1.3, Avg: 1.4, Max: 1.7, Diff: 0.4, Sum: 18.5]
      [Update RS (ms): Min: 22.2, Avg: 22.5, Max: 24.3, Diff: 2.2, Sum: 292.2]
         [Processed Buffers: Min: 21, Avg: 29.5, Max: 41, Diff: 20, Sum: 383]
      [Scan RS (ms): Min: 16.5, Avg: 18.4, Max: 18.9, Diff: 2.4, Sum: 238.8]
      [Code Root Scanning (ms): Min: 0.0, Avg: 0.0, Max: 0.0, Diff: 0.0, Sum: 0.1]
      [Object Copy (ms): Min: 214.5, Avg: 214.8, Max: 215.7, Diff: 1.2, Sum: 2792.3]
      [Termination (ms): Min: 0.2, Avg: 0.9, Max: 1.2, Diff: 1.0, Sum: 11.6]
      [GC Worker Other (ms): Min: 0.0, Avg: 0.1, Max: 0.1, Diff: 0.1, Sum: 0.7]
      [GC Worker Total (ms): Min: 257.9, Avg: 258.0, Max: 258.1, Diff: 0.2, Sum: 3354.2]
      [GC Worker End (ms): Min: 77864.1, Avg: 77864.2, Max: 77864.2, Diff: 0.1]
   [Code Root Fixup: 0.3 ms]
   [Code Root Migration: 0.1 ms]
   [Clear CT: 3.1 ms]
   [Other: 14.0 ms]
      [Choose CSet: 0.0 ms]
      [Ref Proc: 6.4 ms]
      [Ref Enq: 0.5 ms]
      [Free CSet: 1.3 ms]
   [Eden: 2736.0M(2736.0M)->0.0B(848.0M) Survivors: 208.0M->368.0M Heap: 12.6G(24.0G)->10.4G(24.0G)]
 [Times: user=3.30 sys=0.14, real=0.27 secs] 
2014-04-16T09:49:35.713+0900: 78.610: [GC pause (G1 Evacuation Pause) (mixed), 0.1932669 secs]
   [Parallel Time: 177.7 ms, GC Workers: 13]
      [GC Worker Start (ms): Min: 78610.7, Avg: 78610.8, Max: 78610.9, Diff: 0.1]
      [Ext Root Scanning (ms): Min: 1.3, Avg: 1.4, Max: 2.3, Diff: 1.1, Sum: 18.5]
      [Update RS (ms): Min: 17.5, Avg: 18.4, Max: 19.7, Diff: 2.1, Sum: 239.5]
         [Processed Buffers: Min: 20, Avg: 27.4, Max: 36, Diff: 16, Sum: 356]
      [Scan RS (ms): Min: 29.0, Avg: 30.1, Max: 30.5, Diff: 1.5, Sum: 391.8]
      [Code Root Scanning (ms): Min: 0.0, Avg: 0.0, Max: 0.0, Diff: 0.0, Sum: 0.1]
      [Object Copy (ms): Min: 127.3, Avg: 127.4, Max: 127.5, Diff: 0.2, Sum: 1656.4]
      [Termination (ms): Min: 0.0, Avg: 0.0, Max: 0.0, Diff: 0.0, Sum: 0.0]
      [GC Worker Other (ms): Min: 0.0, Avg: 0.0, Max: 0.1, Diff: 0.1, Sum: 0.5]
      [GC Worker Total (ms): Min: 177.4, Avg: 177.4, Max: 177.5, Diff: 0.2, Sum: 2306.8]
      [GC Worker End (ms): Min: 78788.2, Avg: 78788.2, Max: 78788.3, Diff: 0.1]
   [Code Root Fixup: 0.4 ms]
   [Code Root Migration: 0.0 ms]
   [Clear CT: 2.8 ms]
   [Other: 12.3 ms]
      [Choose CSet: 0.2 ms]
      [Ref Proc: 4.1 ms]
      [Ref Enq: 0.2 ms]
      [Free CSet: 1.2 ms]
   [Eden: 848.0M(848.0M)->0.0B(1056.0M) Survivors: 368.0M->160.0M Heap: 11.2G(24.0G)->10.0G(24.0G)]
 [Times: user=2.36 sys=0.00, real=0.20 secs] 
2014-04-16T09:49:36.825+0900: 79.721: [GC pause (G1 Evacuation Pause) (mixed), 0.1380033 secs]
   [Parallel Time: 125.1 ms, GC Workers: 13]
      [GC Worker Start (ms): Min: 79721.8, Avg: 79721.8, Max: 79721.9, Diff: 0.1]
      [Ext Root Scanning (ms): Min: 1.4, Avg: 1.5, Max: 2.4, Diff: 1.0, Sum: 19.8]
      [Update RS (ms): Min: 18.9, Avg: 19.9, Max: 20.7, Diff: 1.8, Sum: 258.1]
         [Processed Buffers: Min: 16, Avg: 27.9, Max: 41, Diff: 25, Sum: 363]
      [Scan RS (ms): Min: 11.4, Avg: 12.2, Max: 12.9, Diff: 1.5, Sum: 158.4]
      [Code Root Scanning (ms): Min: 0.0, Avg: 0.0, Max: 0.0, Diff: 0.0, Sum: 0.0]
      [Object Copy (ms): Min: 90.8, Avg: 91.2, Max: 91.4, Diff: 0.6, Sum: 1185.0]
      [Termination (ms): Min: 0.0, Avg: 0.2, Max: 0.2, Diff: 0.2, Sum: 2.0]
      [GC Worker Other (ms): Min: 0.0, Avg: 0.0, Max: 0.1, Diff: 0.0, Sum: 0.4]
      [GC Worker Total (ms): Min: 124.8, Avg: 124.9, Max: 125.0, Diff: 0.1, Sum: 1623.8]
      [GC Worker End (ms): Min: 79846.7, Avg: 79846.7, Max: 79846.8, Diff: 0.1]
   [Code Root Fixup: 0.4 ms]
   [Code Root Migration: 0.0 ms]
   [Clear CT: 2.8 ms]
   [Other: 9.6 ms]
      [Choose CSet: 0.1 ms]
      [Ref Proc: 4.4 ms]
      [Ref Enq: 0.4 ms]
      [Free CSet: 0.7 ms]
   [Eden: 1056.0M(1056.0M)->0.0B(2880.0M) Survivors: 160.0M->160.0M Heap: 11.1G(24.0G)->10.1G(24.0G)]
 [Times: user=1.66 sys=0.02, real=0.14 secs] 
2014-04-16T09:49:39.223+0900: 82.120: [GC pause (G1 Evacuation Pause) (young), 0.6307005 secs]
   [Parallel Time: 611.1 ms, GC Workers: 13]
      [GC Worker Start (ms): Min: 82120.4, Avg: 82120.4, Max: 82120.5, Diff: 0.2]
      [Ext Root Scanning (ms): Min: 1.3, Avg: 1.4, Max: 1.5, Diff: 0.2, Sum: 17.9]
      [Update RS (ms): Min: 219.4, Avg: 232.3, Max: 298.3, Diff: 78.9, Sum: 3019.8]
         [Processed Buffers: Min: 9, Avg: 30.3, Max: 84, Diff: 75, Sum: 394]
      [Scan RS (ms): Min: 0.1, Avg: 63.7, Max: 76.3, Diff: 76.3, Sum: 827.5]
      [Code Root Scanning (ms): Min: 0.0, Avg: 0.0, Max: 0.0, Diff: 0.0, Sum: 0.2]
      [Object Copy (ms): Min: 311.2, Avg: 313.0, Max: 313.8, Diff: 2.7, Sum: 4068.4]
      [Termination (ms): Min: 0.0, Avg: 0.0, Max: 0.0, Diff: 0.0, Sum: 0.1]
      [GC Worker Other (ms): Min: 0.0, Avg: 0.0, Max: 0.1, Diff: 0.1, Sum: 0.6]
      [GC Worker Total (ms): Min: 609.7, Avg: 610.4, Max: 611.0, Diff: 1.2, Sum: 7934.6]
      [GC Worker End (ms): Min: 82730.2, Avg: 82730.8, Max: 82731.3, Diff: 1.1]
   [Code Root Fixup: 0.4 ms]
   [Code Root Migration: 0.1 ms]
   [Clear CT: 3.3 ms]
   [Other: 15.8 ms]
      [Choose CSet: 0.0 ms]
      [Ref Proc: 6.4 ms]
      [Ref Enq: 1.7 ms]
      [Free CSet: 1.4 ms]
   [Eden: 2736.0M(2384.0M)->0.0B(896.0M) Survivors: 160.0M->320.0M Heap: 12.8G(24.0G)->10.6G(24.0G)]
 [Times: user=5.42 sys=0.33, real=0.63 secs] 
2014-04-16T09:49:40.695+0900: 83.592: [GC pause (G1 Evacuation Pause) (young) (initial-mark), 0.2590409 secs]
   [Parallel Time: 245.2 ms, GC Workers: 13]
      [GC Worker Start (ms): Min: 83592.7, Avg: 83592.8, Max: 83592.8, Diff: 0.1]
      [Ext Root Scanning (ms): Min: 1.1, Avg: 1.4, Max: 3.4, Diff: 2.3, Sum: 17.7]
      [Code Root Marking (ms): Min: 0.0, Avg: 0.6, Max: 4.6, Diff: 4.5, Sum: 7.4]
      [Update RS (ms): Min: 16.4, Avg: 20.3, Max: 22.7, Diff: 6.3, Sum: 263.8]
         [Processed Buffers: Min: 19, Avg: 28.2, Max: 36, Diff: 17, Sum: 366]
      [Scan RS (ms): Min: 30.9, Avg: 32.8, Max: 33.3, Diff: 2.4, Sum: 426.9]
      [Code Root Scanning (ms): Min: 0.0, Avg: 0.0, Max: 0.0, Diff: 0.0, Sum: 0.0]
      [Object Copy (ms): Min: 188.4, Avg: 188.8, Max: 189.9, Diff: 1.5, Sum: 2454.5]
      [Termination (ms): Min: 0.0, Avg: 1.0, Max: 1.2, Diff: 1.2, Sum: 13.4]
      [GC Worker Other (ms): Min: 0.0, Avg: 0.1, Max: 0.1, Diff: 0.1, Sum: 0.7]
      [GC Worker Total (ms): Min: 244.9, Avg: 245.0, Max: 245.0, Diff: 0.2, Sum: 3184.4]
      [GC Worker End (ms): Min: 83837.7, Avg: 83837.7, Max: 83837.8, Diff: 0.1]
   [Code Root Fixup: 0.3 ms]
   [Code Root Migration: 0.0 ms]
   [Clear CT: 2.7 ms]
   [Other: 10.7 ms]
      [Choose CSet: 0.0 ms]
      [Ref Proc: 3.6 ms]
      [Ref Enq: 0.3 ms]
      [Free CSet: 0.5 ms]
   [Eden: 896.0M(896.0M)->0.0B(1056.0M) Survivors: 320.0M->160.0M Heap: 11.5G(24.0G)->10.9G(24.0G)]
 [Times: user=3.23 sys=0.00, real=0.26 secs] 
2014-04-16T09:49:40.955+0900: 83.851: [GC concurrent-root-region-scan-start]
2014-04-16T09:49:41.074+0900: 83.971: [GC concurrent-root-region-scan-end, 0.1193596 secs]
2014-04-16T09:49:41.074+0900: 83.971: [GC concurrent-mark-start]
2014-04-16T09:49:42.252+0900: 85.149: [GC pause (G1 Evacuation Pause) (young), 0.1257879 secs]
   [Parallel Time: 115.5 ms, GC Workers: 13]
      [GC Worker Start (ms): Min: 85149.1, Avg: 85149.1, Max: 85149.2, Diff: 0.2]
      [Ext Root Scanning (ms): Min: 1.3, Avg: 1.4, Max: 1.7, Diff: 0.4, Sum: 18.4]
      [SATB Filtering (ms): Min: 0.0, Avg: 0.2, Max: 2.6, Diff: 2.6, Sum: 2.6]
      [Update RS (ms): Min: 13.3, Avg: 15.5, Max: 16.6, Diff: 3.3, Sum: 201.6]
         [Processed Buffers: Min: 15, Avg: 24.0, Max: 35, Diff: 20, Sum: 312]
      [Scan RS (ms): Min: 6.9, Avg: 7.8, Max: 8.2, Diff: 1.3, Sum: 100.9]
      [Code Root Scanning (ms): Min: 0.0, Avg: 0.0, Max: 0.0, Diff: 0.0, Sum: 0.0]
      [Object Copy (ms): Min: 90.2, Avg: 90.3, Max: 90.4, Diff: 0.2, Sum: 1173.4]
      [Termination (ms): Min: 0.0, Avg: 0.0, Max: 0.0, Diff: 0.0, Sum: 0.1]
      [GC Worker Other (ms): Min: 0.0, Avg: 0.0, Max: 0.1, Diff: 0.1, Sum: 0.5]
      [GC Worker Total (ms): Min: 115.1, Avg: 115.2, Max: 115.3, Diff: 0.1, Sum: 1497.6]
      [GC Worker End (ms): Min: 85264.3, Avg: 85264.3, Max: 85264.4, Diff: 0.1]
   [Code Root Fixup: 0.4 ms]
   [Code Root Migration: 0.0 ms]
   [Clear CT: 2.4 ms]
   [Other: 7.4 ms]
      [Choose CSet: 0.0 ms]
      [Ref Proc: 4.1 ms]
      [Ref Enq: 0.3 ms]
      [Free CSet: 0.4 ms]
   [Eden: 1056.0M(1056.0M)->0.0B(1056.0M) Survivors: 160.0M->160.0M Heap: 11.9G(24.0G)->11.1G(24.0G)]
 [Times: user=1.55 sys=0.00, real=0.13 secs] 
2014-04-16T09:49:43.067+0900: 85.964: [GC concurrent-mark-end, 1.9931908 secs]
2014-04-16T09:49:43.069+0900: 85.966: [GC remark 86.006: [GC ref-proc, 0.0058944 secs], 0.0776311 secs]
 [Times: user=0.87 sys=0.00, real=0.07 secs] 
2014-04-16T09:49:43.148+0900: 86.045: [GC cleanup 11G->11G(24G), 0.0295379 secs]
 [Times: user=0.37 sys=0.00, real=0.03 secs] 
2014-04-16T09:49:43.178+0900: 86.075: [GC concurrent-cleanup-start]
2014-04-16T09:49:43.178+0900: 86.075: [GC concurrent-cleanup-end, 0.0000722 secs]
2014-04-16T09:49:43.536+0900: 86.432: [GC pause (G1 Evacuation Pause) (young), 0.1171717 secs]
   [Parallel Time: 107.0 ms, GC Workers: 13]
      [GC Worker Start (ms): Min: 86432.7, Avg: 86432.8, Max: 86432.8, Diff: 0.1]
      [Ext Root Scanning (ms): Min: 1.3, Avg: 1.4, Max: 1.7, Diff: 0.4, Sum: 18.4]
      [Update RS (ms): Min: 18.2, Avg: 22.3, Max: 68.2, Diff: 50.1, Sum: 290.3]
         [Processed Buffers: Min: 16, Avg: 28.0, Max: 40, Diff: 24, Sum: 364]
      [Scan RS (ms): Min: 0.0, Avg: 7.9, Max: 9.0, Diff: 9.0, Sum: 103.3]
      [Code Root Scanning (ms): Min: 0.0, Avg: 0.0, Max: 0.0, Diff: 0.0, Sum: 0.0]
      [Object Copy (ms): Min: 37.1, Avg: 75.0, Max: 78.4, Diff: 41.3, Sum: 975.1]
      [Termination (ms): Min: 0.0, Avg: 0.0, Max: 0.0, Diff: 0.0, Sum: 0.0]
      [GC Worker Other (ms): Min: 0.0, Avg: 0.0, Max: 0.1, Diff: 0.1, Sum: 0.5]
      [GC Worker Total (ms): Min: 106.7, Avg: 106.7, Max: 106.8, Diff: 0.2, Sum: 1387.6]
      [GC Worker End (ms): Min: 86539.5, Avg: 86539.5, Max: 86539.5, Diff: 0.1]
   [Code Root Fixup: 0.4 ms]
   [Code Root Migration: 0.0 ms]
   [Clear CT: 2.4 ms]
   [Other: 7.3 ms]
      [Choose CSet: 0.0 ms]
      [Ref Proc: 4.0 ms]
      [Ref Enq: 0.3 ms]
      [Free CSet: 0.4 ms]
   [Eden: 1056.0M(1056.0M)->0.0B(1056.0M) Survivors: 160.0M->160.0M Heap: 12.1G(24.0G)->11.2G(24.0G)]
 [Times: user=1.44 sys=0.01, real=0.12 secs] 
2014-04-16T09:49:44.521+0900: 87.418: [GC pause (G1 Evacuation Pause) (mixed), 0.1359534 secs]
   [Parallel Time: 123.3 ms, GC Workers: 13]
      [GC Worker Start (ms): Min: 87418.7, Avg: 87418.8, Max: 87418.9, Diff: 0.1]
      [Ext Root Scanning (ms): Min: 1.3, Avg: 1.4, Max: 1.7, Diff: 0.5, Sum: 17.9]
      [Update RS (ms): Min: 19.2, Avg: 20.1, Max: 21.8, Diff: 2.6, Sum: 261.5]
         [Processed Buffers: Min: 21, Avg: 28.5, Max: 42, Diff: 21, Sum: 370]
      [Scan RS (ms): Min: 16.7, Avg: 18.4, Max: 19.3, Diff: 2.6, Sum: 239.3]
      [Code Root Scanning (ms): Min: 0.0, Avg: 0.0, Max: 0.0, Diff: 0.0, Sum: 0.0]
      [Object Copy (ms): Min: 82.7, Avg: 83.0, Max: 83.2, Diff: 0.5, Sum: 1079.5]
      [Termination (ms): Min: 0.0, Avg: 0.0, Max: 0.0, Diff: 0.0, Sum: 0.0]
      [GC Worker Other (ms): Min: 0.0, Avg: 0.0, Max: 0.1, Diff: 0.0, Sum: 0.4]
      [GC Worker Total (ms): Min: 122.9, Avg: 123.0, Max: 123.1, Diff: 0.2, Sum: 1598.7]
      [GC Worker End (ms): Min: 87541.8, Avg: 87541.8, Max: 87541.8, Diff: 0.0]
   [Code Root Fixup: 0.4 ms]
   [Code Root Migration: 0.0 ms]
   [Clear CT: 3.1 ms]
   [Other: 9.2 ms]
      [Choose CSet: 0.2 ms]
      [Ref Proc: 3.9 ms]
      [Ref Enq: 0.4 ms]
      [Free CSet: 1.2 ms]
   [Eden: 1056.0M(1056.0M)->0.0B(1056.0M) Survivors: 160.0M->160.0M Heap: 12.3G(24.0G)->10.9G(24.0G)]
 [Times: user=1.66 sys=0.00, real=0.14 secs] 
2014-04-16T09:49:45.526+0900: 88.423: [GC pause (G1 Evacuation Pause) (mixed), 0.1293348 secs]
   [Parallel Time: 117.6 ms, GC Workers: 13]
      [GC Worker Start (ms): Min: 88423.0, Avg: 88423.0, Max: 88423.1, Diff: 0.1]
      [Ext Root Scanning (ms): Min: 1.4, Avg: 1.5, Max: 2.1, Diff: 0.7, Sum: 19.4]
      [Update RS (ms): Min: 16.4, Avg: 17.3, Max: 18.1, Diff: 1.8, Sum: 224.7]
         [Processed Buffers: Min: 17, Avg: 26.2, Max: 37, Diff: 20, Sum: 340]
      [Scan RS (ms): Min: 12.0, Avg: 12.8, Max: 13.4, Diff: 1.4, Sum: 167.0]
      [Code Root Scanning (ms): Min: 0.0, Avg: 0.0, Max: 0.0, Diff: 0.0, Sum: 0.0]
      [Object Copy (ms): Min: 85.4, Avg: 85.5, Max: 85.7, Diff: 0.4, Sum: 1112.1]
      [Termination (ms): Min: 0.0, Avg: 0.1, Max: 0.1, Diff: 0.1, Sum: 1.3]
      [GC Worker Other (ms): Min: 0.0, Avg: 0.0, Max: 0.1, Diff: 0.1, Sum: 0.6]
      [GC Worker Total (ms): Min: 117.2, Avg: 117.3, Max: 117.4, Diff: 0.2, Sum: 1525.1]
      [GC Worker End (ms): Min: 88540.3, Avg: 88540.4, Max: 88540.4, Diff: 0.1]
   [Code Root Fixup: 0.3 ms]
   [Code Root Migration: 0.0 ms]
   [Clear CT: 3.0 ms]
   [Other: 8.4 ms]
      [Choose CSet: 0.1 ms]
      [Ref Proc: 4.0 ms]
      [Ref Enq: 0.4 ms]
      [Free CSet: 0.7 ms]
   [Eden: 1056.0M(1056.0M)->0.0B(1952.0M) Survivors: 160.0M->160.0M Heap: 11.9G(24.0G)->11.0G(24.0G)]
 [Times: user=1.56 sys=0.03, real=0.13 secs] 
2014-04-16T09:49:47.290+0900: 90.186: [GC pause (G1 Evacuation Pause) (young), 0.1712333 secs]
   [Parallel Time: 157.7 ms, GC Workers: 13]
      [GC Worker Start (ms): Min: 90186.9, Avg: 90187.0, Max: 90187.0, Diff: 0.1]
      [Ext Root Scanning (ms): Min: 1.3, Avg: 1.4, Max: 1.6, Diff: 0.3, Sum: 18.5]
      [Update RS (ms): Min: 17.0, Avg: 17.6, Max: 21.5, Diff: 4.5, Sum: 228.8]
         [Processed Buffers: Min: 13, Avg: 25.3, Max: 37, Diff: 24, Sum: 329]
      [Scan RS (ms): Min: 8.3, Avg: 12.0, Max: 12.8, Diff: 4.5, Sum: 156.6]
      [Code Root Scanning (ms): Min: 0.0, Avg: 0.0, Max: 0.0, Diff: 0.0, Sum: 0.0]
      [Object Copy (ms): Min: 126.1, Avg: 126.3, Max: 126.5, Diff: 0.4, Sum: 1642.5]
      [Termination (ms): Min: 0.0, Avg: 0.0, Max: 0.0, Diff: 0.0, Sum: 0.1]
      [GC Worker Other (ms): Min: 0.0, Avg: 0.0, Max: 0.1, Diff: 0.1, Sum: 0.6]
      [GC Worker Total (ms): Min: 157.4, Avg: 157.5, Max: 157.6, Diff: 0.2, Sum: 2047.1]
      [GC Worker End (ms): Min: 90344.4, Avg: 90344.4, Max: 90344.5, Diff: 0.1]
   [Code Root Fixup: 0.4 ms]
   [Code Root Migration: 0.0 ms]
   [Clear CT: 3.0 ms]
   [Other: 10.0 ms]
      [Choose CSet: 0.0 ms]
      [Ref Proc: 5.2 ms]
      [Ref Enq: 0.5 ms]
      [Free CSet: 0.9 ms]
   [Eden: 1952.0M(1952.0M)->0.0B(1600.0M) Survivors: 160.0M->272.0M Heap: 12.9G(24.0G)->11.4G(24.0G)]
 [Times: user=2.12 sys=0.00, real=0.17 secs] 
2014-04-16T09:49:48.763+0900: 91.660: [GC pause (G1 Evacuation Pause) (young) (initial-mark), 0.1778645 secs]
   [Parallel Time: 164.1 ms, GC Workers: 13]
      [GC Worker Start (ms): Min: 91660.5, Avg: 91660.5, Max: 91660.6, Diff: 0.1]
      [Ext Root Scanning (ms): Min: 1.1, Avg: 1.3, Max: 2.6, Diff: 1.5, Sum: 17.4]
      [Code Root Marking (ms): Min: 0.0, Avg: 0.7, Max: 6.5, Diff: 6.4, Sum: 8.7]
      [Update RS (ms): Min: 13.5, Avg: 19.1, Max: 21.7, Diff: 8.2, Sum: 248.8]
         [Processed Buffers: Min: 11, Avg: 26.3, Max: 38, Diff: 27, Sum: 342]
      [Scan RS (ms): Min: 13.0, Avg: 14.8, Max: 15.3, Diff: 2.4, Sum: 192.1]
      [Code Root Scanning (ms): Min: 0.0, Avg: 0.0, Max: 0.0, Diff: 0.0, Sum: 0.0]
      [Object Copy (ms): Min: 127.8, Avg: 127.9, Max: 128.1, Diff: 0.3, Sum: 1663.0]
      [Termination (ms): Min: 0.0, Avg: 0.0, Max: 0.0, Diff: 0.0, Sum: 0.1]
      [GC Worker Other (ms): Min: 0.0, Avg: 0.1, Max: 0.1, Diff: 0.1, Sum: 0.9]
      [GC Worker Total (ms): Min: 163.8, Avg: 163.9, Max: 164.1, Diff: 0.2, Sum: 2131.0]
      [GC Worker End (ms): Min: 91824.4, Avg: 91824.5, Max: 91824.5, Diff: 0.1]
   [Code Root Fixup: 0.4 ms]
   [Code Root Migration: 0.0 ms]
   [Clear CT: 2.9 ms]
   [Other: 10.4 ms]
      [Choose CSet: 0.0 ms]
      [Ref Proc: 4.7 ms]
      [Ref Enq: 0.4 ms]
      [Free CSet: 0.8 ms]
   [Eden: 1600.0M(1600.0M)->0.0B(2128.0M) Survivors: 272.0M->240.0M Heap: 13.0G(24.0G)->11.7G(24.0G)]
 [Times: user=2.20 sys=0.00, real=0.18 secs] 
2014-04-16T09:49:48.941+0900: 91.838: [GC concurrent-root-region-scan-start]
2014-04-16T09:49:49.012+0900: 91.909: [GC concurrent-root-region-scan-end, 0.0707185 secs]
2014-04-16T09:49:49.012+0900: 91.909: [GC concurrent-mark-start]
2014-04-16T09:49:51.028+0900: 93.925: [GC concurrent-mark-end, 2.0164035 secs]
2014-04-16T09:49:51.030+0900: 93.927: [GC remark 93.951: [GC ref-proc, 0.0059096 secs], 0.0651038 secs]
 [Times: user=0.71 sys=0.00, real=0.06 secs] 
2014-04-16T09:49:51.097+0900: 93.993: [GC cleanup 13G->13G(24G), 0.0307316 secs]
 [Times: user=0.39 sys=0.00, real=0.03 secs] 
2014-04-16T09:49:51.361+0900: 94.258: [GC pause (G1 Evacuation Pause) (young), 0.2219445 secs]
   [Parallel Time: 206.9 ms, GC Workers: 13]
      [GC Worker Start (ms): Min: 94258.7, Avg: 94258.7, Max: 94258.8, Diff: 0.1]
      [Ext Root Scanning (ms): Min: 0.8, Avg: 1.1, Max: 1.8, Diff: 0.9, Sum: 14.8]
      [Update RS (ms): Min: 22.0, Avg: 23.6, Max: 25.1, Diff: 3.0, Sum: 307.2]
         [Processed Buffers: Min: 20, Avg: 30.8, Max: 58, Diff: 38, Sum: 400]
      [Scan RS (ms): Min: 13.4, Avg: 14.2, Max: 14.7, Diff: 1.3, Sum: 184.7]
      [Code Root Scanning (ms): Min: 0.0, Avg: 0.0, Max: 0.0, Diff: 0.0, Sum: 0.0]
      [Object Copy (ms): Min: 166.4, Avg: 167.5, Max: 168.2, Diff: 1.7, Sum: 2177.1]
      [Termination (ms): Min: 0.0, Avg: 0.2, Max: 0.3, Diff: 0.3, Sum: 3.2]
      [GC Worker Other (ms): Min: 0.0, Avg: 0.0, Max: 0.1, Diff: 0.0, Sum: 0.4]
      [GC Worker Total (ms): Min: 206.7, Avg: 206.7, Max: 206.8, Diff: 0.2, Sum: 2687.6]
      [GC Worker End (ms): Min: 94465.4, Avg: 94465.5, Max: 94465.5, Diff: 0.1]
   [Code Root Fixup: 0.3 ms]
   [Code Root Migration: 0.0 ms]
   [Clear CT: 3.4 ms]
   [Other: 11.2 ms]
      [Choose CSet: 0.0 ms]
      [Ref Proc: 5.5 ms]
      [Ref Enq: 0.5 ms]
      [Free CSet: 0.9 ms]
   [Eden: 2128.0M(2128.0M)->0.0B(912.0M) Survivors: 240.0M->304.0M Heap: 13.8G(24.0G)->12.1G(24.0G)]
 [Times: user=2.55 sys=0.22, real=0.22 secs] 
2014-04-16T09:49:52.348+0900: 95.244: [GC pause (G1 Evacuation Pause) (mixed), 0.1832797 secs]
   [Parallel Time: 168.6 ms, GC Workers: 13]
      [GC Worker Start (ms): Min: 95244.9, Avg: 95244.9, Max: 95245.0, Diff: 0.1]
      [Ext Root Scanning (ms): Min: 1.3, Avg: 1.4, Max: 2.0, Diff: 0.7, Sum: 18.4]
      [Update RS (ms): Min: 19.3, Avg: 20.0, Max: 21.4, Diff: 2.1, Sum: 260.6]
         [Processed Buffers: Min: 15, Avg: 27.5, Max: 42, Diff: 27, Sum: 358]
      [Scan RS (ms): Min: 25.9, Avg: 27.0, Max: 27.4, Diff: 1.5, Sum: 350.8]
      [Code Root Scanning (ms): Min: 0.0, Avg: 0.0, Max: 0.0, Diff: 0.0, Sum: 0.0]
      [Object Copy (ms): Min: 119.7, Avg: 119.9, Max: 120.0, Diff: 0.3, Sum: 1558.6]
      [Termination (ms): Min: 0.0, Avg: 0.0, Max: 0.0, Diff: 0.0, Sum: 0.0]
      [GC Worker Other (ms): Min: 0.0, Avg: 0.0, Max: 0.1, Diff: 0.0, Sum: 0.4]
      [GC Worker Total (ms): Min: 168.3, Avg: 168.4, Max: 168.4, Diff: 0.2, Sum: 2188.9]
      [GC Worker End (ms): Min: 95413.3, Avg: 95413.3, Max: 95413.3, Diff: 0.0]
   [Code Root Fixup: 0.4 ms]
   [Code Root Migration: 0.0 ms]
   [Clear CT: 3.3 ms]
   [Other: 10.9 ms]
      [Choose CSet: 0.2 ms]
      [Ref Proc: 4.0 ms]
      [Ref Enq: 0.2 ms]
      [Free CSet: 1.2 ms]
   [Eden: 912.0M(912.0M)->0.0B(1056.0M) Survivors: 304.0M->160.0M Heap: 13.0G(24.0G)->11.7G(24.0G)]
 [Times: user=2.25 sys=0.00, real=0.19 secs] 
2014-04-16T09:49:53.454+0900: 96.351: [GC pause (G1 Evacuation Pause) (mixed), 0.1423273 secs]
   [Parallel Time: 127.9 ms, GC Workers: 13]
      [GC Worker Start (ms): Min: 96351.4, Avg: 96351.5, Max: 96351.5, Diff: 0.1]
      [Ext Root Scanning (ms): Min: 1.3, Avg: 1.4, Max: 2.3, Diff: 1.0, Sum: 18.6]
      [Update RS (ms): Min: 14.3, Avg: 15.2, Max: 17.3, Diff: 3.1, Sum: 198.1]
         [Processed Buffers: Min: 10, Avg: 24.8, Max: 45, Diff: 35, Sum: 322]
      [Scan RS (ms): Min: 15.3, Avg: 17.5, Max: 18.1, Diff: 2.9, Sum: 226.9]
      [Code Root Scanning (ms): Min: 0.0, Avg: 0.0, Max: 0.0, Diff: 0.0, Sum: 0.0]
      [Object Copy (ms): Min: 93.3, Avg: 93.5, Max: 93.8, Diff: 0.5, Sum: 1214.9]
      [Termination (ms): Min: 0.0, Avg: 0.0, Max: 0.0, Diff: 0.0, Sum: 0.0]
      [GC Worker Other (ms): Min: 0.0, Avg: 0.0, Max: 0.1, Diff: 0.0, Sum: 0.4]
      [GC Worker Total (ms): Min: 127.5, Avg: 127.6, Max: 127.7, Diff: 0.1, Sum: 1659.0]
      [GC Worker End (ms): Min: 96479.1, Avg: 96479.1, Max: 96479.1, Diff: 0.1]
   [Code Root Fixup: 0.4 ms]
   [Code Root Migration: 0.1 ms]
   [Clear CT: 3.7 ms]
   [Other: 10.3 ms]
      [Choose CSet: 0.2 ms]
      [Ref Proc: 4.4 ms]
      [Ref Enq: 0.4 ms]
      [Free CSet: 1.0 ms]
   [Eden: 1056.0M(1056.0M)->0.0B(3392.0M) Survivors: 160.0M->160.0M Heap: 12.7G(24.0G)->11.7G(24.0G)]
 [Times: user=1.73 sys=0.00, real=0.14 secs] 
2014-04-16T09:49:56.439+0900: 99.336: [GC pause (G1 Evacuation Pause) (young), 0.2124120 secs]
   [Parallel Time: 194.2 ms, GC Workers: 13]
      [GC Worker Start (ms): Min: 99336.2, Avg: 99336.3, Max: 99336.4, Diff: 0.1]
      [Ext Root Scanning (ms): Min: 1.0, Avg: 1.5, Max: 3.4, Diff: 2.4, Sum: 20.1]
      [Update RS (ms): Min: 19.8, Avg: 21.2, Max: 24.1, Diff: 4.3, Sum: 275.3]
         [Processed Buffers: Min: 18, Avg: 29.5, Max: 43, Diff: 25, Sum: 383]
      [Scan RS (ms): Min: 14.1, Avg: 16.9, Max: 17.4, Diff: 3.3, Sum: 219.7]
      [Code Root Scanning (ms): Min: 0.0, Avg: 0.0, Max: 0.0, Diff: 0.0, Sum: 0.1]
      [Object Copy (ms): Min: 151.8, Avg: 153.3, Max: 154.3, Diff: 2.4, Sum: 1992.9]
      [Termination (ms): Min: 0.0, Avg: 0.4, Max: 0.5, Diff: 0.4, Sum: 5.3]
      [GC Worker Other (ms): Min: 0.0, Avg: 0.0, Max: 0.1, Diff: 0.0, Sum: 0.4]
      [GC Worker Total (ms): Min: 192.5, Avg: 193.4, Max: 194.1, Diff: 1.5, Sum: 2513.9]
      [GC Worker End (ms): Min: 99528.8, Avg: 99529.7, Max: 99530.3, Diff: 1.5]
   [Code Root Fixup: 0.3 ms]
   [Code Root Migration: 0.1 ms]
   [Clear CT: 4.1 ms]
   [Other: 13.7 ms]
      [Choose CSet: 0.0 ms]
      [Ref Proc: 5.4 ms]
      [Ref Enq: 0.7 ms]
      [Free CSet: 1.5 ms]
   [Eden: 3168.0M(2576.0M)->0.0B(1712.0M) Survivors: 160.0M->352.0M Heap: 14.8G(24.0G)->12.2G(24.0G)]
 [Times: user=2.38 sys=0.24, real=0.22 secs] 
2014-04-16T09:49:58.275+0900: 101.171: [GC pause (G1 Evacuation Pause) (young) (initial-mark), 0.1344612 secs]
   [Parallel Time: 118.7 ms, GC Workers: 13]
      [GC Worker Start (ms): Min: 101172.0, Avg: 101172.1, Max: 101172.2, Diff: 0.2]
      [Ext Root Scanning (ms): Min: 1.0, Avg: 1.3, Max: 3.1, Diff: 2.0, Sum: 17.5]
      [Code Root Marking (ms): Min: 0.0, Avg: 0.7, Max: 6.4, Diff: 6.3, Sum: 8.7]
      [Update RS (ms): Min: 15.3, Avg: 21.0, Max: 22.2, Diff: 6.9, Sum: 273.6]
         [Processed Buffers: Min: 17, Avg: 27.6, Max: 38, Diff: 21, Sum: 359]
      [Scan RS (ms): Min: 18.5, Avg: 19.0, Max: 19.2, Diff: 0.7, Sum: 246.7]
      [Code Root Scanning (ms): Min: 0.0, Avg: 0.0, Max: 0.1, Diff: 0.1, Sum: 0.1]
      [Object Copy (ms): Min: 76.0, Avg: 76.3, Max: 76.5, Diff: 0.5, Sum: 991.7]
      [Termination (ms): Min: 0.0, Avg: 0.0, Max: 0.0, Diff: 0.0, Sum: 0.1]
      [GC Worker Other (ms): Min: 0.0, Avg: 0.1, Max: 0.1, Diff: 0.1, Sum: 0.7]
      [GC Worker Total (ms): Min: 118.3, Avg: 118.4, Max: 118.5, Diff: 0.2, Sum: 1539.1]
      [GC Worker End (ms): Min: 101290.5, Avg: 101290.5, Max: 101290.5, Diff: 0.1]
   [Code Root Fixup: 0.4 ms]
   [Code Root Migration: 0.1 ms]
   [Clear CT: 3.7 ms]
   [Other: 11.6 ms]
      [Choose CSet: 0.0 ms]
      [Ref Proc: 2.9 ms]
      [Ref Enq: 1.4 ms]
      [Free CSet: 0.9 ms]
   [Eden: 1712.0M(1712.0M)->0.0B(3264.0M) Survivors: 352.0M->224.0M Heap: 13.9G(24.0G)->12.5G(24.0G)]
 [Times: user=1.60 sys=0.00, real=0.13 secs] 
2014-04-16T09:49:58.409+0900: 101.306: [GC concurrent-root-region-scan-start]
2014-04-16T09:49:58.442+0900: 101.339: [GC concurrent-root-region-scan-end, 0.0330471 secs]
2014-04-16T09:49:58.443+0900: 101.339: [GC concurrent-mark-start]
2014-04-16T09:50:00.659+0900: 103.556: [GC concurrent-mark-end, 2.2169495 secs]
2014-04-16T09:50:00.668+0900: 103.565: [GC remark 103.567: [GC ref-proc, 0.0276413 secs], 0.0622669 secs]
 [Times: user=0.69 sys=0.01, real=0.06 secs] 
2014-04-16T09:50:00.739+0900: 103.635: [GC cleanup 15G->14G(24G), 0.0311591 secs]
 [Times: user=0.42 sys=0.00, real=0.03 secs] 
2014-04-16T09:50:00.770+0900: 103.667: [GC concurrent-cleanup-start]
2014-04-16T09:50:00.770+0900: 103.667: [GC concurrent-cleanup-end, 0.0000707 secs]
2014-04-16T09:50:01.453+0900: 104.350: [GC pause (G1 Evacuation Pause) (young), 0.1275659 secs]
   [Parallel Time: 108.3 ms, GC Workers: 13]
      [GC Worker Start (ms): Min: 104350.2, Avg: 104350.3, Max: 104350.4, Diff: 0.2]
      [Ext Root Scanning (ms): Min: 1.4, Avg: 5.0, Max: 12.1, Diff: 10.7, Sum: 65.2]
      [Update RS (ms): Min: 7.1, Avg: 16.2, Max: 27.8, Diff: 20.6, Sum: 210.3]
         [Processed Buffers: Min: 15, Avg: 27.1, Max: 42, Diff: 27, Sum: 352]
      [Scan RS (ms): Min: 8.0, Avg: 19.0, Max: 22.2, Diff: 14.3, Sum: 246.4]
      [Code Root Scanning (ms): Min: 0.0, Avg: 0.0, Max: 0.0, Diff: 0.0, Sum: 0.1]
      [Object Copy (ms): Min: 61.8, Avg: 67.0, Max: 69.0, Diff: 7.2, Sum: 871.3]
      [Termination (ms): Min: 0.0, Avg: 0.3, Max: 0.5, Diff: 0.5, Sum: 4.0]
      [GC Worker Other (ms): Min: 0.0, Avg: 0.0, Max: 0.1, Diff: 0.0, Sum: 0.5]
      [GC Worker Total (ms): Min: 107.3, Avg: 107.5, Max: 108.0, Diff: 0.7, Sum: 1397.8]
      [GC Worker End (ms): Min: 104457.7, Avg: 104457.8, Max: 104458.3, Diff: 0.5]
   [Code Root Fixup: 0.2 ms]
   [Code Root Migration: 0.1 ms]
   [Clear CT: 4.8 ms]
   [Other: 14.2 ms]
      [Choose CSet: 0.0 ms]
      [Ref Proc: 8.1 ms]
      [Ref Enq: 0.2 ms]
      [Free CSet: 1.1 ms]
   [Eden: 3264.0M(3264.0M)->0.0B(768.0M) Survivors: 224.0M->448.0M Heap: 15.8G(24.0G)->12.9G(24.0G)]
 [Times: user=1.71 sys=0.16, real=0.13 secs] 
2014-04-16T09:50:02.325+0900: 105.222: [GC pause (G1 Evacuation Pause) (mixed), 0.1393757 secs]
   [Parallel Time: 123.8 ms, GC Workers: 13]
      [GC Worker Start (ms): Min: 105222.4, Avg: 105222.5, Max: 105222.7, Diff: 0.3]
      [Ext Root Scanning (ms): Min: 1.2, Avg: 1.3, Max: 1.9, Diff: 0.8, Sum: 17.1]
      [Update RS (ms): Min: 9.6, Avg: 10.2, Max: 10.7, Diff: 1.1, Sum: 132.0]
         [Processed Buffers: Min: 8, Avg: 15.3, Max: 31, Diff: 23, Sum: 199]
      [Scan RS (ms): Min: 24.8, Avg: 25.2, Max: 25.7, Diff: 0.9, Sum: 328.2]
      [Code Root Scanning (ms): Min: 0.0, Avg: 0.0, Max: 0.0, Diff: 0.0, Sum: 0.1]
      [Object Copy (ms): Min: 86.3, Avg: 86.6, Max: 86.7, Diff: 0.4, Sum: 1125.2]
      [Termination (ms): Min: 0.0, Avg: 0.0, Max: 0.0, Diff: 0.0, Sum: 0.1]
      [GC Worker Other (ms): Min: 0.0, Avg: 0.0, Max: 0.1, Diff: 0.1, Sum: 0.5]
      [GC Worker Total (ms): Min: 123.2, Avg: 123.3, Max: 123.5, Diff: 0.3, Sum: 1603.0]
      [GC Worker End (ms): Min: 105345.8, Avg: 105345.9, Max: 105345.9, Diff: 0.1]
   [Code Root Fixup: 0.3 ms]
   [Code Root Migration: 0.1 ms]
   [Clear CT: 3.6 ms]
   [Other: 11.5 ms]
      [Choose CSet: 0.3 ms]
      [Ref Proc: 2.6 ms]
      [Ref Enq: 0.2 ms]
      [Free CSet: 1.6 ms]
   [Eden: 768.0M(768.0M)->0.0B(4528.0M) Survivors: 448.0M->160.0M Heap: 13.9G(24.0G)->12.7G(24.0G)]
 [Times: user=1.70 sys=0.00, real=0.14 secs] 
2014-04-16T09:50:02.580+0900: 105.477: [GC pause (G1 Humongous Allocation) (young) (initial-mark), 0.0579461 secs]
   [Parallel Time: 48.8 ms, GC Workers: 13]
      [GC Worker Start (ms): Min: 105477.0, Avg: 105477.1, Max: 105477.2, Diff: 0.2]
      [Ext Root Scanning (ms): Min: 0.7, Avg: 1.3, Max: 4.0, Diff: 3.3, Sum: 17.5]
      [Code Root Marking (ms): Min: 0.0, Avg: 0.6, Max: 5.1, Diff: 5.1, Sum: 7.7]
      [Update RS (ms): Min: 15.0, Avg: 19.7, Max: 22.2, Diff: 7.2, Sum: 255.5]
         [Processed Buffers: Min: 8, Avg: 12.1, Max: 23, Diff: 15, Sum: 157]
      [Scan RS (ms): Min: 3.8, Avg: 5.5, Max: 6.4, Diff: 2.6, Sum: 71.8]
      [Code Root Scanning (ms): Min: 0.0, Avg: 0.0, Max: 0.0, Diff: 0.0, Sum: 0.0]
      [Object Copy (ms): Min: 20.7, Avg: 21.0, Max: 22.5, Diff: 1.8, Sum: 273.4]
      [Termination (ms): Min: 0.0, Avg: 0.3, Max: 0.3, Diff: 0.3, Sum: 3.8]
      [GC Worker Other (ms): Min: 0.0, Avg: 0.0, Max: 0.0, Diff: 0.0, Sum: 0.3]
      [GC Worker Total (ms): Min: 48.4, Avg: 48.5, Max: 48.6, Diff: 0.2, Sum: 629.9]
      [GC Worker End (ms): Min: 105525.5, Avg: 105525.5, Max: 105525.6, Diff: 0.0]
   [Code Root Fixup: 0.2 ms]
   [Code Root Migration: 0.0 ms]
   [Clear CT: 2.8 ms]
   [Other: 6.1 ms]
      [Choose CSet: 0.0 ms]
      [Ref Proc: 3.4 ms]
      [Ref Enq: 0.2 ms]
      [Free CSet: 0.3 ms]
   [Eden: 144.0M(4528.0M)->0.0B(4320.0M) Survivors: 160.0M->224.0M Heap: 12.9G(24.0G)->12.8G(24.0G)]
 [Times: user=0.73 sys=0.00, real=0.06 secs] 
2014-04-16T09:50:02.638+0900: 105.535: [GC concurrent-root-region-scan-start]
2014-04-16T09:50:02.654+0900: 105.551: [GC concurrent-root-region-scan-end, 0.0157707 secs]
2014-04-16T09:50:02.654+0900: 105.551: [GC concurrent-mark-start]
2014-04-16T09:50:04.375+0900: 107.272: [GC concurrent-mark-end, 1.7216045 secs]
2014-04-16T09:50:04.377+0900: 107.274: [GC remark 107.276: [GC ref-proc, 0.0195801 secs], 0.0556460 secs]
 [Times: user=0.54 sys=0.01, real=0.06 secs] 
2014-04-16T09:50:04.436+0900: 107.333: [GC cleanup 15G->15G(24G), 0.0357689 secs]
 [Times: user=0.47 sys=0.00, real=0.04 secs] 
2014-04-16T09:50:04.473+0900: 107.369: [GC concurrent-cleanup-start]
2014-04-16T09:50:04.473+0900: 107.370: [GC concurrent-cleanup-end, 0.0004842 secs]
2014-04-16T09:50:06.009+0900: 108.906: [GC pause (G1 Evacuation Pause) (young), 0.1814346 secs]
   [Parallel Time: 153.9 ms, GC Workers: 13]
      [GC Worker Start (ms): Min: 108906.5, Avg: 108906.8, Max: 108907.0, Diff: 0.5]
      [Ext Root Scanning (ms): Min: 1.3, Avg: 1.6, Max: 2.0, Diff: 0.8, Sum: 20.5]
      [Update RS (ms): Min: 5.6, Avg: 6.9, Max: 11.9, Diff: 6.3, Sum: 90.1]
         [Processed Buffers: Min: 9, Avg: 24.0, Max: 49, Diff: 40, Sum: 312]
      [Scan RS (ms): Min: 26.9, Avg: 31.8, Max: 32.7, Diff: 5.8, Sum: 413.7]
      [Code Root Scanning (ms): Min: 0.0, Avg: 0.0, Max: 0.0, Diff: 0.0, Sum: 0.1]
      [Object Copy (ms): Min: 112.4, Avg: 112.4, Max: 112.5, Diff: 0.1, Sum: 1461.8]
      [Termination (ms): Min: 0.0, Avg: 0.0, Max: 0.0, Diff: 0.0, Sum: 0.0]
      [GC Worker Other (ms): Min: 0.0, Avg: 0.1, Max: 0.3, Diff: 0.3, Sum: 1.5]
      [GC Worker Total (ms): Min: 152.6, Avg: 152.9, Max: 153.3, Diff: 0.7, Sum: 1987.7]
      [GC Worker End (ms): Min: 109059.6, Avg: 109059.7, Max: 109059.9, Diff: 0.3]
   [Code Root Fixup: 0.3 ms]
   [Code Root Migration: 0.1 ms]
   [Clear CT: 4.5 ms]
   [Other: 22.6 ms]
      [Choose CSet: 0.0 ms]
      [Ref Proc: 11.6 ms]
      [Ref Enq: 1.1 ms]
      [Free CSet: 2.1 ms]
   [Eden: 3408.0M(3408.0M)->0.0B(752.0M) Survivors: 224.0M->464.0M Heap: 16.7G(24.0G)->13.9G(24.0G)]
 [Times: user=2.02 sys=0.05, real=0.18 secs] 
2014-04-16T09:50:06.923+0900: 109.820: [GC pause (G1 Evacuation Pause) (mixed), 0.2069426 secs]
   [Parallel Time: 180.4 ms, GC Workers: 13]
      [GC Worker Start (ms): Min: 109820.9, Avg: 109821.2, Max: 109821.5, Diff: 0.6]
      [Ext Root Scanning (ms): Min: 1.2, Avg: 1.6, Max: 2.5, Diff: 1.3, Sum: 20.2]
      [Update RS (ms): Min: 3.7, Avg: 9.1, Max: 62.1, Diff: 58.4, Sum: 118.1]
         [Processed Buffers: Min: 12, Avg: 17.0, Max: 31, Diff: 19, Sum: 221]
      [Scan RS (ms): Min: 0.0, Avg: 47.8, Max: 52.3, Diff: 52.3, Sum: 621.8]
      [Code Root Scanning (ms): Min: 0.0, Avg: 0.0, Max: 0.0, Diff: 0.0, Sum: 0.1]
      [Object Copy (ms): Min: 115.7, Avg: 120.9, Max: 121.6, Diff: 5.9, Sum: 1571.5]
      [Termination (ms): Min: 0.0, Avg: 0.0, Max: 0.0, Diff: 0.0, Sum: 0.0]
      [GC Worker Other (ms): Min: 0.0, Avg: 0.0, Max: 0.1, Diff: 0.1, Sum: 0.5]
      [GC Worker Total (ms): Min: 179.1, Avg: 179.4, Max: 179.7, Diff: 0.6, Sum: 2332.2]
      [GC Worker End (ms): Min: 110000.5, Avg: 110000.6, Max: 110000.6, Diff: 0.1]
   [Code Root Fixup: 0.3 ms]
   [Code Root Migration: 0.1 ms]
   [Clear CT: 4.1 ms]
   [Other: 22.1 ms]
      [Choose CSet: 0.4 ms]
      [Ref Proc: 8.9 ms]
      [Ref Enq: 0.7 ms]
      [Free CSet: 2.1 ms]
   [Eden: 752.0M(752.0M)->0.0B(1056.0M) Survivors: 464.0M->160.0M Heap: 14.9G(24.0G)->13.8G(24.0G)]
 [Times: user=2.40 sys=0.00, real=0.20 secs] 
2014-04-16T09:50:09.341+0900: 112.238: [GC pause (G1 Evacuation Pause) (mixed), 0.1577869 secs]
   [Parallel Time: 132.3 ms, GC Workers: 13]
      [GC Worker Start (ms): Min: 112238.9, Avg: 112239.2, Max: 112239.5, Diff: 0.6]
      [Ext Root Scanning (ms): Min: 1.2, Avg: 1.5, Max: 2.2, Diff: 1.0, Sum: 19.1]
      [Update RS (ms): Min: 8.1, Avg: 8.7, Max: 9.8, Diff: 1.8, Sum: 113.7]
         [Processed Buffers: Min: 8, Avg: 20.5, Max: 45, Diff: 37, Sum: 267]
      [Scan RS (ms): Min: 39.6, Avg: 40.5, Max: 40.9, Diff: 1.4, Sum: 526.0]
      [Code Root Scanning (ms): Min: 0.0, Avg: 0.0, Max: 0.0, Diff: 0.0, Sum: 0.1]
      [Object Copy (ms): Min: 79.8, Avg: 80.0, Max: 80.3, Diff: 0.5, Sum: 1040.4]
      [Termination (ms): Min: 0.0, Avg: 0.0, Max: 0.0, Diff: 0.0, Sum: 0.0]
      [GC Worker Other (ms): Min: 0.0, Avg: 0.1, Max: 0.2, Diff: 0.2, Sum: 0.7]
      [GC Worker Total (ms): Min: 130.5, Avg: 130.8, Max: 131.1, Diff: 0.6, Sum: 1700.0]
      [GC Worker End (ms): Min: 112370.0, Avg: 112370.0, Max: 112370.1, Diff: 0.2]
   [Code Root Fixup: 0.2 ms]
   [Code Root Migration: 0.0 ms]
   [Clear CT: 4.4 ms]
   [Other: 20.9 ms]
      [Choose CSet: 0.4 ms]
      [Ref Proc: 10.6 ms]
      [Ref Enq: 0.9 ms]
      [Free CSet: 2.0 ms]
   [Eden: 1056.0M(1056.0M)->0.0B(3008.0M) Survivors: 160.0M->160.0M Heap: 15.1G(24.0G)->13.8G(24.0G)]
 [Times: user=1.80 sys=0.03, real=0.15 secs] 
2014-04-16T09:50:09.624+0900: 112.521: [GC pause (G1 Humongous Allocation) (young) (initial-mark), 0.0748179 secs]
   [Parallel Time: 62.3 ms, GC Workers: 13]
      [GC Worker Start (ms): Min: 112521.6, Avg: 112521.9, Max: 112522.2, Diff: 0.6]
      [Ext Root Scanning (ms): Min: 0.8, Avg: 1.4, Max: 4.0, Diff: 3.2, Sum: 18.7]
      [Code Root Marking (ms): Min: 0.0, Avg: 0.8, Max: 6.9, Diff: 6.9, Sum: 10.3]
      [Update RS (ms): Min: 21.8, Avg: 27.3, Max: 28.9, Diff: 7.1, Sum: 354.3]
         [Processed Buffers: Min: 12, Avg: 16.0, Max: 22, Diff: 10, Sum: 208]
      [Scan RS (ms): Min: 3.5, Avg: 4.5, Max: 5.1, Diff: 1.6, Sum: 58.2]
      [Code Root Scanning (ms): Min: 0.0, Avg: 0.0, Max: 0.0, Diff: 0.0, Sum: 0.0]
      [Object Copy (ms): Min: 26.6, Avg: 26.9, Max: 28.0, Diff: 1.3, Sum: 349.2]
      [Termination (ms): Min: 0.0, Avg: 0.0, Max: 0.0, Diff: 0.0, Sum: 0.0]
      [GC Worker Other (ms): Min: 0.0, Avg: 0.0, Max: 0.0, Diff: 0.0, Sum: 0.3]
      [GC Worker Total (ms): Min: 60.6, Avg: 60.9, Max: 61.1, Diff: 0.6, Sum: 791.1]
      [GC Worker End (ms): Min: 112582.7, Avg: 112582.7, Max: 112582.8, Diff: 0.0]
   [Code Root Fixup: 0.2 ms]
   [Code Root Migration: 0.0 ms]
   [Clear CT: 2.1 ms]
   [Other: 10.1 ms]
      [Choose CSet: 0.0 ms]
      [Ref Proc: 7.0 ms]
      [Ref Enq: 0.4 ms]
      [Free CSet: 0.2 ms]
   [Eden: 64.0M(3008.0M)->0.0B(6288.0M) Survivors: 160.0M->224.0M Heap: 13.9G(24.0G)->13.9G(24.0G)]
 [Times: user=0.83 sys=0.01, real=0.07 secs] 
2014-04-16T09:50:09.700+0900: 112.596: [GC concurrent-root-region-scan-start]
2014-04-16T09:50:09.713+0900: 112.609: [GC concurrent-root-region-scan-end, 0.0130731 secs]
2014-04-16T09:50:09.713+0900: 112.609: [GC concurrent-mark-start]
2014-04-16T09:50:11.353+0900: 114.250: [GC concurrent-mark-end, 1.6401500 secs]
2014-04-16T09:50:11.354+0900: 114.251: [GC remark 114.252: [GC ref-proc, 0.0108075 secs], 0.0358359 secs]
 [Times: user=0.28 sys=0.00, real=0.03 secs] 
2014-04-16T09:50:11.392+0900: 114.289: [GC cleanup 15G->13G(24G), 0.0282663 secs]
 [Times: user=0.33 sys=0.00, real=0.02 secs] 
2014-04-16T09:50:11.421+0900: 114.318: [GC concurrent-cleanup-start]
2014-04-16T09:50:11.423+0900: 114.319: [GC concurrent-cleanup-end, 0.0018279 secs]
2014-04-16T09:50:15.838+0900: 118.735: [GC pause (G1 Evacuation Pause) (young), 0.1854836 secs]
   [Parallel Time: 156.6 ms, GC Workers: 13]
      [GC Worker Start (ms): Min: 118735.9, Avg: 118736.1, Max: 118736.3, Diff: 0.5]
      [Ext Root Scanning (ms): Min: 1.2, Avg: 1.5, Max: 2.4, Diff: 1.2, Sum: 20.1]
      [Update RS (ms): Min: 7.0, Avg: 8.1, Max: 10.6, Diff: 3.5, Sum: 104.7]
         [Processed Buffers: Min: 23, Avg: 32.8, Max: 58, Diff: 35, Sum: 427]
      [Scan RS (ms): Min: 30.6, Avg: 33.1, Max: 33.6, Diff: 3.0, Sum: 430.0]
      [Code Root Scanning (ms): Min: 0.0, Avg: 0.0, Max: 0.0, Diff: 0.0, Sum: 0.1]
      [Object Copy (ms): Min: 112.7, Avg: 112.9, Max: 113.0, Diff: 0.3, Sum: 1467.6]
      [Termination (ms): Min: 0.0, Avg: 0.0, Max: 0.0, Diff: 0.0, Sum: 0.1]
      [GC Worker Other (ms): Min: 0.0, Avg: 0.1, Max: 0.3, Diff: 0.3, Sum: 1.7]
      [GC Worker Total (ms): Min: 155.4, Avg: 155.7, Max: 156.1, Diff: 0.8, Sum: 2024.3]
      [GC Worker End (ms): Min: 118891.7, Avg: 118891.8, Max: 118892.0, Diff: 0.3]
   [Code Root Fixup: 0.3 ms]
   [Code Root Migration: 0.1 ms]
   [Clear CT: 4.9 ms]
   [Other: 23.5 ms]
      [Choose CSet: 0.0 ms]
      [Ref Proc: 11.6 ms]
      [Ref Enq: 1.3 ms]
      [Free CSet: 2.6 ms]
   [Eden: 6288.0M(6288.0M)->0.0B(432.0M) Survivors: 224.0M->784.0M Heap: 19.7G(24.0G)->14.2G(24.0G)]
 [Times: user=2.05 sys=0.06, real=0.19 secs] 
2014-04-16T09:50:16.273+0900: 119.170: [GC pause (G1 Evacuation Pause) (mixed), 0.2236427 secs]
   [Parallel Time: 200.2 ms, GC Workers: 13]
      [GC Worker Start (ms): Min: 119171.4, Avg: 119171.6, Max: 119171.8, Diff: 0.4]
      [Ext Root Scanning (ms): Min: 0.7, Avg: 1.2, Max: 2.4, Diff: 1.7, Sum: 15.9]
      [Update RS (ms): Min: 11.8, Avg: 18.6, Max: 82.0, Diff: 70.2, Sum: 242.1]
         [Processed Buffers: Min: 31, Avg: 36.7, Max: 45, Diff: 14, Sum: 477]
      [Scan RS (ms): Min: 0.0, Avg: 39.4, Max: 43.2, Diff: 43.2, Sum: 512.3]
      [Code Root Scanning (ms): Min: 0.0, Avg: 0.0, Max: 0.0, Diff: 0.0, Sum: 0.1]
      [Object Copy (ms): Min: 115.9, Avg: 139.6, Max: 142.1, Diff: 26.2, Sum: 1815.3]
      [Termination (ms): Min: 0.0, Avg: 0.0, Max: 0.0, Diff: 0.0, Sum: 0.0]
      [GC Worker Other (ms): Min: 0.0, Avg: 0.1, Max: 0.2, Diff: 0.2, Sum: 0.8]
      [GC Worker Total (ms): Min: 198.7, Avg: 199.0, Max: 199.2, Diff: 0.4, Sum: 2586.6]
      [GC Worker End (ms): Min: 119370.6, Avg: 119370.6, Max: 119370.8, Diff: 0.2]
   [Code Root Fixup: 0.2 ms]
   [Code Root Migration: 0.1 ms]
   [Clear CT: 3.5 ms]
   [Other: 19.6 ms]
      [Choose CSet: 0.2 ms]
      [Ref Proc: 7.7 ms]
      [Ref Enq: 0.2 ms]
      [Free CSet: 1.7 ms]
   [Eden: 432.0M(432.0M)->0.0B(2160.0M) Survivors: 784.0M->144.0M Heap: 14.7G(24.0G)->14.1G(24.0G)]
 [Times: user=2.65 sys=0.00, real=0.22 secs] 
2014-04-16T09:50:16.543+0900: 119.440: [GC pause (G1 Humongous Allocation) (young) (initial-mark), 0.1220642 secs]
   [Parallel Time: 116.9 ms, GC Workers: 13]
      [GC Worker Start (ms): Min: 119440.0, Avg: 119440.1, Max: 119440.3, Diff: 0.3]
      [Ext Root Scanning (ms): Min: 0.9, Avg: 1.3, Max: 3.0, Diff: 2.1, Sum: 16.7]
      [Code Root Marking (ms): Min: 0.0, Avg: 0.6, Max: 4.7, Diff: 4.7, Sum: 7.8]
      [Update RS (ms): Min: 96.6, Avg: 100.4, Max: 102.5, Diff: 5.9, Sum: 1305.2]
         [Processed Buffers: Min: 30, Avg: 64.4, Max: 87, Diff: 57, Sum: 837]
      [Scan RS (ms): Min: 0.0, Avg: 0.4, Max: 1.0, Diff: 1.0, Sum: 4.9]
      [Code Root Scanning (ms): Min: 0.0, Avg: 0.0, Max: 0.0, Diff: 0.0, Sum: 0.0]
      [Object Copy (ms): Min: 12.7, Avg: 13.8, Max: 15.6, Diff: 3.0, Sum: 179.8]
      [Termination (ms): Min: 0.0, Avg: 0.0, Max: 0.0, Diff: 0.0, Sum: 0.3]
      [GC Worker Other (ms): Min: 0.0, Avg: 0.0, Max: 0.1, Diff: 0.0, Sum: 0.5]
      [GC Worker Total (ms): Min: 116.4, Avg: 116.6, Max: 116.7, Diff: 0.3, Sum: 1515.2]
      [GC Worker End (ms): Min: 119556.7, Avg: 119556.7, Max: 119556.7, Diff: 0.0]
   [Code Root Fixup: 0.2 ms]
   [Code Root Migration: 0.0 ms]
   [Clear CT: 0.4 ms]
   [Other: 4.5 ms]
      [Choose CSet: 0.0 ms]
      [Ref Proc: 2.2 ms]
      [Ref Enq: 0.2 ms]
      [Free CSet: 0.2 ms]
   [Eden: 80.0M(2160.0M)->0.0B(2016.0M) Survivors: 144.0M->128.0M Heap: 14.2G(24.0G)->14.1G(24.0G)]
 [Times: user=1.50 sys=0.01, real=0.12 secs] 
2014-04-16T09:50:16.665+0900: 119.562: [GC concurrent-root-region-scan-start]
2014-04-16T09:50:16.681+0900: 119.578: [GC concurrent-root-region-scan-end, 0.0158970 secs]
2014-04-16T09:50:16.681+0900: 119.578: [GC concurrent-mark-start]
2014-04-16T09:50:18.184+0900: 121.081: [GC concurrent-mark-end, 1.5031116 secs]
2014-04-16T09:50:18.186+0900: 121.083: [GC remark 121.084: [GC ref-proc, 0.0084506 secs], 0.0311556 secs]
 [Times: user=0.25 sys=0.00, real=0.03 secs] 
2014-04-16T09:50:18.218+0900: 121.115: [GC cleanup 16G->14G(24G), 0.0277924 secs]
 [Times: user=0.35 sys=0.00, real=0.03 secs] 
2014-04-16T09:50:18.247+0900: 121.143: [GC concurrent-cleanup-start]
2014-04-16T09:50:18.248+0900: 121.145: [GC concurrent-cleanup-end, 0.0011294 secs]
2014-04-16T09:50:19.447+0900: 122.344: [GC pause (G1 Evacuation Pause) (young), 0.1305488 secs]
   [Parallel Time: 106.3 ms, GC Workers: 13]
      [GC Worker Start (ms): Min: 122344.6, Avg: 122344.8, Max: 122345.1, Diff: 0.5]
      [Ext Root Scanning (ms): Min: 0.8, Avg: 1.2, Max: 2.2, Diff: 1.4, Sum: 15.2]
      [Update RS (ms): Min: 7.7, Avg: 14.8, Max: 78.7, Diff: 71.0, Sum: 192.7]
         [Processed Buffers: Min: 11, Avg: 21.8, Max: 34, Diff: 23, Sum: 283]
      [Scan RS (ms): Min: 0.0, Avg: 20.5, Max: 22.7, Diff: 22.6, Sum: 266.0]
      [Code Root Scanning (ms): Min: 0.0, Avg: 0.0, Max: 0.0, Diff: 0.0, Sum: 0.0]
      [Object Copy (ms): Min: 25.1, Avg: 68.4, Max: 74.0, Diff: 48.9, Sum: 889.1]
      [Termination (ms): Min: 0.0, Avg: 0.0, Max: 0.0, Diff: 0.0, Sum: 0.0]
      [GC Worker Other (ms): Min: 0.0, Avg: 0.0, Max: 0.1, Diff: 0.1, Sum: 0.6]
      [GC Worker Total (ms): Min: 104.7, Avg: 104.9, Max: 105.2, Diff: 0.5, Sum: 1363.8]
      [GC Worker End (ms): Min: 122449.7, Avg: 122449.7, Max: 122449.8, Diff: 0.1]
   [Code Root Fixup: 0.2 ms]
   [Code Root Migration: 0.0 ms]
   [Clear CT: 4.6 ms]
   [Other: 19.5 ms]
      [Choose CSet: 0.0 ms]
      [Ref Proc: 12.2 ms]
      [Ref Enq: 1.0 ms]
      [Free CSet: 1.2 ms]
   [Eden: 2016.0M(2016.0M)->0.0B(944.0M) Survivors: 128.0M->272.0M Heap: 15.3G(24.0G)->13.6G(24.0G)]
 [Times: user=1.37 sys=0.06, real=0.13 secs] 
2014-04-16T09:50:20.358+0900: 123.254: [GC pause (G1 Evacuation Pause) (mixed), 0.1893209 secs]
   [Parallel Time: 164.8 ms, GC Workers: 13]
      [GC Worker Start (ms): Min: 123255.4, Avg: 123255.5, Max: 123255.6, Diff: 0.2]
      [Ext Root Scanning (ms): Min: 1.0, Avg: 1.4, Max: 2.3, Diff: 1.3, Sum: 18.0]
      [Update RS (ms): Min: 6.9, Avg: 8.4, Max: 10.8, Diff: 3.9, Sum: 109.1]
         [Processed Buffers: Min: 24, Avg: 30.2, Max: 43, Diff: 19, Sum: 393]
      [Scan RS (ms): Min: 43.3, Avg: 45.4, Max: 46.2, Diff: 2.8, Sum: 590.8]
      [Code Root Scanning (ms): Min: 0.0, Avg: 0.0, Max: 0.0, Diff: 0.0, Sum: 0.1]
      [Object Copy (ms): Min: 107.8, Avg: 108.3, Max: 108.7, Diff: 0.9, Sum: 1408.0]
      [Termination (ms): Min: 0.0, Avg: 0.3, Max: 0.4, Diff: 0.4, Sum: 4.5]
      [GC Worker Other (ms): Min: 0.0, Avg: 0.0, Max: 0.1, Diff: 0.1, Sum: 0.6]
      [GC Worker Total (ms): Min: 163.8, Avg: 163.9, Max: 164.1, Diff: 0.3, Sum: 2131.1]
      [GC Worker End (ms): Min: 123419.4, Avg: 123419.4, Max: 123419.5, Diff: 0.1]
   [Code Root Fixup: 0.3 ms]
   [Code Root Migration: 0.0 ms]
   [Clear CT: 4.8 ms]
   [Other: 19.4 ms]
      [Choose CSet: 0.4 ms]
      [Ref Proc: 8.0 ms]
      [Ref Enq: 0.9 ms]
      [Free CSet: 2.1 ms]
   [Eden: 944.0M(944.0M)->0.0B(1056.0M) Survivors: 272.0M->160.0M Heap: 14.8G(24.0G)->13.6G(24.0G)]
 [Times: user=2.19 sys=0.01, real=0.19 secs] 
2014-04-16T09:50:24.510+0900: 127.407: [GC pause (G1 Evacuation Pause) (mixed), 0.1929109 secs]
   [Parallel Time: 166.2 ms, GC Workers: 13]
      [GC Worker Start (ms): Min: 127408.0, Avg: 127408.3, Max: 127408.6, Diff: 0.6]
      [Ext Root Scanning (ms): Min: 0.8, Avg: 1.1, Max: 1.6, Diff: 0.8, Sum: 13.9]
      [Update RS (ms): Min: 5.6, Avg: 11.2, Max: 74.5, Diff: 68.9, Sum: 146.1]
         [Processed Buffers: Min: 13, Avg: 21.6, Max: 30, Diff: 17, Sum: 281]
      [Scan RS (ms): Min: 0.0, Avg: 47.5, Max: 52.0, Diff: 51.9, Sum: 617.6]
      [Code Root Scanning (ms): Min: 0.0, Avg: 0.0, Max: 0.0, Diff: 0.0, Sum: 0.1]
      [Object Copy (ms): Min: 89.3, Avg: 105.0, Max: 106.5, Diff: 17.2, Sum: 1365.1]
      [Termination (ms): Min: 0.0, Avg: 0.0, Max: 0.0, Diff: 0.0, Sum: 0.1]
      [GC Worker Other (ms): Min: 0.0, Avg: 0.0, Max: 0.1, Diff: 0.1, Sum: 0.5]
      [GC Worker Total (ms): Min: 164.6, Avg: 164.9, Max: 165.2, Diff: 0.6, Sum: 2143.4]
      [GC Worker End (ms): Min: 127573.1, Avg: 127573.2, Max: 127573.2, Diff: 0.1]
   [Code Root Fixup: 0.2 ms]
   [Code Root Migration: 0.1 ms]
   [Clear CT: 4.5 ms]
   [Other: 21.9 ms]
      [Choose CSet: 0.6 ms]
      [Ref Proc: 10.7 ms]
      [Ref Enq: 0.9 ms]
      [Free CSet: 2.3 ms]
   [Eden: 1056.0M(1056.0M)->0.0B(1056.0M) Survivors: 160.0M->160.0M Heap: 14.9G(24.0G)->13.5G(24.0G)]
 [Times: user=2.20 sys=0.03, real=0.19 secs] 
2014-04-16T09:50:26.075+0900: 128.972: [GC pause (G1 Evacuation Pause) (mixed), 0.1114401 secs]
   [Parallel Time: 89.2 ms, GC Workers: 13]
      [GC Worker Start (ms): Min: 128972.5, Avg: 128972.8, Max: 128973.0, Diff: 0.5]
      [Ext Root Scanning (ms): Min: 0.9, Avg: 1.2, Max: 1.8, Diff: 0.9, Sum: 15.0]
      [Update RS (ms): Min: 27.8, Avg: 28.6, Max: 29.3, Diff: 1.5, Sum: 372.3]
         [Processed Buffers: Min: 16, Avg: 22.7, Max: 33, Diff: 17, Sum: 295]
      [Scan RS (ms): Min: 15.9, Avg: 16.5, Max: 16.9, Diff: 0.9, Sum: 214.8]
      [Code Root Scanning (ms): Min: 0.0, Avg: 0.0, Max: 0.0, Diff: 0.0, Sum: 0.0]
      [Object Copy (ms): Min: 41.4, Avg: 41.6, Max: 41.9, Diff: 0.5, Sum: 541.4]
      [Termination (ms): Min: 0.0, Avg: 0.0, Max: 0.0, Diff: 0.0, Sum: 0.1]
      [GC Worker Other (ms): Min: 0.0, Avg: 0.1, Max: 0.2, Diff: 0.2, Sum: 0.9]
      [GC Worker Total (ms): Min: 87.8, Avg: 88.0, Max: 88.3, Diff: 0.5, Sum: 1144.6]
      [GC Worker End (ms): Min: 129060.8, Avg: 129060.8, Max: 129061.0, Diff: 0.2]
   [Code Root Fixup: 0.1 ms]
   [Code Root Migration: 0.0 ms]
   [Clear CT: 4.5 ms]
   [Other: 17.6 ms]
      [Choose CSet: 0.2 ms]
      [Ref Proc: 12.1 ms]
      [Ref Enq: 1.1 ms]
      [Free CSet: 0.8 ms]
   [Eden: 1056.0M(1056.0M)->0.0B(2960.0M) Survivors: 160.0M->112.0M Heap: 14.5G(24.0G)->13.5G(24.0G)]
 [Times: user=1.21 sys=0.02, real=0.11 secs] 
2014-04-16T09:50:26.933+0900: 129.830: [GC pause (G1 Humongous Allocation) (young) (initial-mark), 0.0867029 secs]
   [Parallel Time: 72.6 ms, GC Workers: 13]
      [GC Worker Start (ms): Min: 129830.6, Avg: 129830.8, Max: 129831.1, Diff: 0.6]
      [Ext Root Scanning (ms): Min: 0.7, Avg: 1.1, Max: 2.3, Diff: 1.6, Sum: 14.5]
      [Code Root Marking (ms): Min: 0.0, Avg: 0.8, Max: 6.8, Diff: 6.8, Sum: 10.4]
      [Update RS (ms): Min: 26.4, Avg: 34.8, Max: 68.9, Diff: 42.5, Sum: 452.6]
         [Processed Buffers: Min: 2, Avg: 24.0, Max: 50, Diff: 48, Sum: 312]
      [Scan RS (ms): Min: 0.0, Avg: 0.2, Max: 0.3, Diff: 0.3, Sum: 2.6]
      [Code Root Scanning (ms): Min: 0.0, Avg: 0.0, Max: 0.0, Diff: 0.0, Sum: 0.0]
      [Object Copy (ms): Min: 0.5, Avg: 2.8, Max: 4.1, Diff: 3.5, Sum: 36.5]
      [Termination (ms): Min: 0.0, Avg: 31.1, Max: 33.9, Diff: 33.9, Sum: 404.9]
      [GC Worker Other (ms): Min: 0.0, Avg: 0.0, Max: 0.1, Diff: 0.0, Sum: 0.4]
      [GC Worker Total (ms): Min: 70.6, Avg: 70.9, Max: 71.2, Diff: 0.6, Sum: 921.8]
      [GC Worker End (ms): Min: 129901.7, Avg: 129901.7, Max: 129901.8, Diff: 0.0]
   [Code Root Fixup: 0.2 ms]
   [Code Root Migration: 0.0 ms]
   [Clear CT: 0.7 ms]
   [Other: 13.2 ms]
      [Choose CSet: 0.0 ms]
      [Ref Proc: 10.8 ms]
      [Ref Enq: 0.9 ms]
      [Free CSet: 0.5 ms]
   [Eden: 1760.0M(2960.0M)->0.0B(5472.0M) Survivors: 112.0M->64.0M Heap: 15.2G(24.0G)->13.4G(24.0G)]
 [Times: user=0.93 sys=0.02, real=0.09 secs] 
2014-04-16T09:50:27.020+0900: 129.917: [GC concurrent-root-region-scan-start]
2014-04-16T09:50:27.028+0900: 129.925: [GC concurrent-root-region-scan-end, 0.0074264 secs]
2014-04-16T09:50:27.028+0900: 129.925: [GC concurrent-mark-start]
2014-04-16T09:50:28.496+0900: 131.392: [GC concurrent-mark-end, 1.4677022 secs]
2014-04-16T09:50:28.497+0900: 131.393: [GC remark 131.395: [GC ref-proc, 0.0099447 secs], 0.0316520 secs]
 [Times: user=0.24 sys=0.00, real=0.03 secs] 
2014-04-16T09:50:28.530+0900: 131.427: [GC cleanup 16G->14G(24G), 0.0264123 secs]
 [Times: user=0.33 sys=0.00, real=0.03 secs] 
2014-04-16T09:50:28.557+0900: 131.453: [GC concurrent-cleanup-start]
2014-04-16T09:50:28.558+0900: 131.454: [GC concurrent-cleanup-end, 0.0010675 secs]
2014-04-16T09:50:30.161+0900: 133.058: [GC pause (G1 Evacuation Pause) (young), 0.1769511 secs]
   [Parallel Time: 155.6 ms, GC Workers: 13]
      [GC Worker Start (ms): Min: 133058.1, Avg: 133058.3, Max: 133058.4, Diff: 0.4]
      [Ext Root Scanning (ms): Min: 1.0, Avg: 1.2, Max: 1.6, Diff: 0.6, Sum: 15.3]
      [Update RS (ms): Min: 5.5, Avg: 5.7, Max: 6.8, Diff: 1.3, Sum: 74.2]
         [Processed Buffers: Min: 13, Avg: 20.4, Max: 30, Diff: 17, Sum: 265]
      [Scan RS (ms): Min: 28.1, Avg: 29.9, Max: 30.4, Diff: 2.2, Sum: 388.4]
      [Code Root Scanning (ms): Min: 0.0, Avg: 0.0, Max: 0.0, Diff: 0.0, Sum: 0.1]
      [Object Copy (ms): Min: 117.8, Avg: 118.0, Max: 118.1, Diff: 0.3, Sum: 1533.9]
      [Termination (ms): Min: 0.0, Avg: 0.0, Max: 0.0, Diff: 0.0, Sum: 0.0]
      [GC Worker Other (ms): Min: 0.0, Avg: 0.1, Max: 0.1, Diff: 0.1, Sum: 0.9]
      [GC Worker Total (ms): Min: 154.7, Avg: 154.8, Max: 155.0, Diff: 0.3, Sum: 2012.8]
      [GC Worker End (ms): Min: 133213.0, Avg: 133213.1, Max: 133213.2, Diff: 0.1]
   [Code Root Fixup: 0.3 ms]
   [Code Root Migration: 0.1 ms]
   [Clear CT: 4.3 ms]
   [Other: 16.7 ms]
      [Choose CSet: 0.0 ms]
      [Ref Proc: 7.4 ms]
      [Ref Enq: 0.4 ms]
      [Free CSet: 2.2 ms]
   [Eden: 4080.0M(3600.0M)->0.0B(752.0M) Survivors: 64.0M->464.0M Heap: 17.6G(24.0G)->14.3G(24.0G)]
 [Times: user=2.07 sys=0.02, real=0.18 secs] 
2014-04-16T09:50:31.421+0900: 134.318: [GC pause (G1 Evacuation Pause) (mixed), 0.2527791 secs]
   [Parallel Time: 229.7 ms, GC Workers: 13]
      [GC Worker Start (ms): Min: 134318.9, Avg: 134319.0, Max: 134319.2, Diff: 0.3]
      [Ext Root Scanning (ms): Min: 1.0, Avg: 1.3, Max: 2.2, Diff: 1.2, Sum: 16.7]
      [Update RS (ms): Min: 4.3, Avg: 5.5, Max: 7.4, Diff: 3.2, Sum: 71.3]
         [Processed Buffers: Min: 16, Avg: 20.5, Max: 26, Diff: 10, Sum: 266]
      [Scan RS (ms): Min: 56.9, Avg: 58.5, Max: 59.0, Diff: 2.1, Sum: 760.8]
      [Code Root Scanning (ms): Min: 0.0, Avg: 0.0, Max: 0.0, Diff: 0.0, Sum: 0.2]
      [Object Copy (ms): Min: 163.1, Avg: 163.4, Max: 163.5, Diff: 0.4, Sum: 2123.9]
      [Termination (ms): Min: 0.0, Avg: 0.0, Max: 0.0, Diff: 0.0, Sum: 0.1]
      [GC Worker Other (ms): Min: 0.0, Avg: 0.0, Max: 0.1, Diff: 0.1, Sum: 0.6]
      [GC Worker Total (ms): Min: 228.6, Avg: 228.7, Max: 228.8, Diff: 0.3, Sum: 2973.4]
      [GC Worker End (ms): Min: 134547.8, Avg: 134547.8, Max: 134547.8, Diff: 0.1]
   [Code Root Fixup: 0.3 ms]
   [Code Root Migration: 0.1 ms]
   [Clear CT: 4.4 ms]
   [Other: 18.1 ms]
      [Choose CSet: 0.5 ms]
      [Ref Proc: 5.1 ms]
      [Ref Enq: 0.3 ms]
      [Free CSet: 2.2 ms]
   [Eden: 752.0M(752.0M)->0.0B(1056.0M) Survivors: 464.0M->160.0M Heap: 15.3G(24.0G)->14.1G(24.0G)]
 [Times: user=3.05 sys=0.00, real=0.25 secs] 
2014-04-16T09:50:32.998+0900: 135.895: [GC pause (G1 Evacuation Pause) (mixed), 0.2158746 secs]
   [Parallel Time: 191.1 ms, GC Workers: 13]
      [GC Worker Start (ms): Min: 135895.9, Avg: 135896.1, Max: 135896.3, Diff: 0.4]
      [Ext Root Scanning (ms): Min: 1.0, Avg: 1.3, Max: 2.4, Diff: 1.4, Sum: 16.4]
      [Update RS (ms): Min: 5.7, Avg: 6.5, Max: 7.8, Diff: 2.1, Sum: 84.0]
         [Processed Buffers: Min: 16, Avg: 22.2, Max: 41, Diff: 25, Sum: 288]
      [Scan RS (ms): Min: 59.2, Avg: 60.3, Max: 61.3, Diff: 2.2, Sum: 784.2]
      [Code Root Scanning (ms): Min: 0.0, Avg: 0.0, Max: 0.0, Diff: 0.0, Sum: 0.1]
      [Object Copy (ms): Min: 122.0, Avg: 122.2, Max: 122.5, Diff: 0.5, Sum: 1588.3]
      [Termination (ms): Min: 0.0, Avg: 0.0, Max: 0.0, Diff: 0.0, Sum: 0.1]
      [GC Worker Other (ms): Min: 0.0, Avg: 0.0, Max: 0.1, Diff: 0.1, Sum: 0.5]
      [GC Worker Total (ms): Min: 190.1, Avg: 190.3, Max: 190.5, Diff: 0.4, Sum: 2473.4]
      [GC Worker End (ms): Min: 136086.4, Avg: 136086.4, Max: 136086.4, Diff: 0.1]
   [Code Root Fixup: 0.3 ms]
   [Code Root Migration: 0.1 ms]
   [Clear CT: 4.6 ms]
   [Other: 19.8 ms]
      [Choose CSet: 0.7 ms]
      [Ref Proc: 7.4 ms]
      [Ref Enq: 0.4 ms]
      [Free CSet: 2.4 ms]
   [Eden: 1056.0M(1056.0M)->0.0B(1056.0M) Survivors: 160.0M->160.0M Heap: 15.4G(24.0G)->14.0G(24.0G)]
 [Times: user=2.54 sys=0.02, real=0.21 secs] 
2014-04-16T09:50:34.751+0900: 137.648: [GC pause (G1 Evacuation Pause) (mixed), 0.2494218 secs]
   [Parallel Time: 218.4 ms, GC Workers: 13]
      [GC Worker Start (ms): Min: 137648.9, Avg: 137649.2, Max: 137649.3, Diff: 0.5]
      [Ext Root Scanning (ms): Min: 1.0, Avg: 1.2, Max: 1.6, Diff: 0.5, Sum: 16.0]
      [Update RS (ms): Min: 9.2, Avg: 10.0, Max: 11.9, Diff: 2.7, Sum: 129.6]
         [Processed Buffers: Min: 18, Avg: 25.8, Max: 36, Diff: 18, Sum: 335]
      [Scan RS (ms): Min: 69.2, Avg: 71.5, Max: 72.1, Diff: 2.9, Sum: 929.4]
      [Code Root Scanning (ms): Min: 0.0, Avg: 0.0, Max: 0.0, Diff: 0.0, Sum: 0.1]
      [Object Copy (ms): Min: 134.1, Avg: 134.5, Max: 134.9, Diff: 0.8, Sum: 1748.2]
      [Termination (ms): Min: 0.0, Avg: 0.0, Max: 0.0, Diff: 0.0, Sum: 0.0]
      [GC Worker Other (ms): Min: 0.0, Avg: 0.0, Max: 0.1, Diff: 0.1, Sum: 0.6]
      [GC Worker Total (ms): Min: 217.0, Avg: 217.2, Max: 217.5, Diff: 0.5, Sum: 2823.9]
      [GC Worker End (ms): Min: 137866.4, Avg: 137866.4, Max: 137866.4, Diff: 0.1]
   [Code Root Fixup: 0.2 ms]
   [Code Root Migration: 0.1 ms]
   [Clear CT: 5.1 ms]
   [Other: 25.7 ms]
      [Choose CSet: 0.8 ms]
      [Ref Proc: 12.3 ms]
      [Ref Enq: 0.8 ms]
      [Free CSet: 2.4 ms]
   [Eden: 1056.0M(1056.0M)->0.0B(1056.0M) Survivors: 160.0M->160.0M Heap: 15.3G(24.0G)->13.9G(24.0G)]
 [Times: user=2.90 sys=0.01, real=0.25 secs] 
2014-04-16T09:50:36.963+0900: 139.860: [GC pause (G1 Evacuation Pause) (mixed), 0.1408777 secs]
   [Parallel Time: 118.8 ms, GC Workers: 13]
      [GC Worker Start (ms): Min: 139860.1, Avg: 139860.3, Max: 139860.4, Diff: 0.4]
      [Ext Root Scanning (ms): Min: 0.9, Avg: 1.1, Max: 1.6, Diff: 0.7, Sum: 14.4]
      [Update RS (ms): Min: 6.2, Avg: 7.1, Max: 8.9, Diff: 2.7, Sum: 92.4]
         [Processed Buffers: Min: 19, Avg: 24.8, Max: 35, Diff: 16, Sum: 323]
      [Scan RS (ms): Min: 37.4, Avg: 39.2, Max: 39.7, Diff: 2.4, Sum: 509.0]
      [Code Root Scanning (ms): Min: 0.0, Avg: 0.0, Max: 0.0, Diff: 0.0, Sum: 0.1]
      [Object Copy (ms): Min: 70.2, Avg: 70.5, Max: 70.7, Diff: 0.6, Sum: 916.5]
      [Termination (ms): Min: 0.0, Avg: 0.0, Max: 0.0, Diff: 0.0, Sum: 0.0]
      [GC Worker Other (ms): Min: 0.0, Avg: 0.0, Max: 0.1, Diff: 0.1, Sum: 0.6]
      [GC Worker Total (ms): Min: 117.8, Avg: 117.9, Max: 118.1, Diff: 0.4, Sum: 1533.0]
      [GC Worker End (ms): Min: 139978.2, Avg: 139978.2, Max: 139978.3, Diff: 0.1]
   [Code Root Fixup: 0.3 ms]
   [Code Root Migration: 0.1 ms]
   [Clear CT: 4.8 ms]
   [Other: 17.0 ms]
      [Choose CSet: 0.1 ms]
      [Ref Proc: 9.7 ms]
      [Ref Enq: 0.8 ms]
      [Free CSet: 1.2 ms]
   [Eden: 1056.0M(1056.0M)->0.0B(1056.0M) Survivors: 160.0M->160.0M Heap: 15.3G(24.0G)->14.5G(24.0G)]
 [Times: user=1.61 sys=0.00, real=0.14 secs] 
2014-04-16T09:50:37.431+0900: 140.327: [GC pause (G1 Humongous Allocation) (young) (initial-mark), 0.0783859 secs]
   [Parallel Time: 63.0 ms, GC Workers: 13]
      [GC Worker Start (ms): Min: 140327.7, Avg: 140327.8, Max: 140328.1, Diff: 0.4]
      [Ext Root Scanning (ms): Min: 0.5, Avg: 1.1, Max: 3.1, Diff: 2.5, Sum: 14.5]
      [Code Root Marking (ms): Min: 0.0, Avg: 0.8, Max: 7.0, Diff: 7.0, Sum: 10.3]
      [Update RS (ms): Min: 28.2, Avg: 33.7, Max: 35.3, Diff: 7.1, Sum: 438.7]
         [Processed Buffers: Min: 15, Avg: 25.6, Max: 41, Diff: 26, Sum: 333]
      [Scan RS (ms): Min: 0.1, Avg: 1.1, Max: 1.8, Diff: 1.6, Sum: 13.7]
      [Code Root Scanning (ms): Min: 0.0, Avg: 0.0, Max: 0.0, Diff: 0.0, Sum: 0.0]
      [Object Copy (ms): Min: 25.2, Avg: 25.4, Max: 26.5, Diff: 1.3, Sum: 330.7]
      [Termination (ms): Min: 0.1, Avg: 0.1, Max: 0.1, Diff: 0.0, Sum: 1.6]
      [GC Worker Other (ms): Min: 0.0, Avg: 0.0, Max: 0.0, Diff: 0.0, Sum: 0.3]
      [GC Worker Total (ms): Min: 62.0, Avg: 62.3, Max: 62.5, Diff: 0.4, Sum: 809.8]
      [GC Worker End (ms): Min: 140390.1, Avg: 140390.1, Max: 140390.1, Diff: 0.0]
   [Code Root Fixup: 0.2 ms]
   [Code Root Migration: 0.0 ms]
   [Clear CT: 1.7 ms]
   [Other: 13.5 ms]
      [Choose CSet: 0.0 ms]
      [Ref Proc: 10.2 ms]
      [Ref Enq: 0.7 ms]
      [Free CSet: 0.2 ms]
   [Eden: 176.0M(1056.0M)->0.0B(1696.0M) Survivors: 160.0M->112.0M Heap: 14.7G(24.0G)->14.6G(24.0G)]
 [Times: user=0.84 sys=0.00, real=0.08 secs] 
2014-04-16T09:50:37.509+0900: 140.406: [GC concurrent-root-region-scan-start]
2014-04-16T09:50:37.514+0900: 140.411: [GC concurrent-root-region-scan-end, 0.0048947 secs]
2014-04-16T09:50:37.514+0900: 140.411: [GC concurrent-mark-start]
2014-04-16T09:50:39.096+0900: 141.993: [GC concurrent-mark-end, 1.5821036 secs]
2014-04-16T09:50:39.097+0900: 141.994: [GC remark 141.995: [GC ref-proc, 0.0107819 secs], 0.0348700 secs]
 [Times: user=0.28 sys=0.00, real=0.03 secs] 
2014-04-16T09:50:39.134+0900: 142.031: [GC cleanup 15G->12G(24G), 0.0292116 secs]
 [Times: user=0.35 sys=0.00, real=0.03 secs] 
2014-04-16T09:50:39.164+0900: 142.061: [GC concurrent-cleanup-start]
2014-04-16T09:50:39.166+0900: 142.063: [GC concurrent-cleanup-end, 0.0020926 secs]
2014-04-16T09:50:41.368+0900: 144.265: [GC pause (G1 Evacuation Pause) (young), 0.1355877 secs]
   [Parallel Time: 124.8 ms, GC Workers: 13]
      [GC Worker Start (ms): Min: 144265.0, Avg: 144265.4, Max: 144265.7, Diff: 0.7]
      [Ext Root Scanning (ms): Min: 0.6, Avg: 0.9, Max: 1.7, Diff: 1.1, Sum: 11.9]
      [Update RS (ms): Min: 39.6, Avg: 42.1, Max: 55.8, Diff: 16.1, Sum: 546.9]
         [Processed Buffers: Min: 0, Avg: 27.8, Max: 46, Diff: 46, Sum: 361]
      [Scan RS (ms): Min: 6.5, Avg: 20.3, Max: 22.6, Diff: 16.1, Sum: 263.8]
      [Code Root Scanning (ms): Min: 0.0, Avg: 0.0, Max: 0.0, Diff: 0.0, Sum: 0.0]
      [Object Copy (ms): Min: 60.3, Avg: 60.7, Max: 61.2, Diff: 0.9, Sum: 789.7]
      [Termination (ms): Min: 0.0, Avg: 0.0, Max: 0.0, Diff: 0.0, Sum: 0.2]
      [GC Worker Other (ms): Min: 0.0, Avg: 0.1, Max: 0.1, Diff: 0.1, Sum: 0.7]
      [GC Worker Total (ms): Min: 123.8, Avg: 124.1, Max: 124.5, Diff: 0.7, Sum: 1613.2]
      [GC Worker End (ms): Min: 144389.4, Avg: 144389.4, Max: 144389.5, Diff: 0.1]
   [Code Root Fixup: 0.1 ms]
   [Code Root Migration: 0.0 ms]
   [Clear CT: 3.5 ms]
   [Other: 7.2 ms]
      [Choose CSet: 0.0 ms]
      [Ref Proc: 3.9 ms]
      [Ref Enq: 0.2 ms]
      [Free CSet: 0.5 ms]
   [Eden: 1696.0M(1696.0M)->0.0B(1008.0M) Survivors: 112.0M->208.0M Heap: 14.0G(24.0G)->12.4G(24.0G)]
 [Times: user=1.65 sys=0.01, real=0.13 secs] 
2014-04-16T09:50:42.189+0900: 145.085: [GC pause (G1 Evacuation Pause) (mixed), 0.2568657 secs]
   [Parallel Time: 243.0 ms, GC Workers: 13]
      [GC Worker Start (ms): Min: 145085.9, Avg: 145086.2, Max: 145086.5, Diff: 0.6]
      [Ext Root Scanning (ms): Min: 0.7, Avg: 1.0, Max: 1.8, Diff: 1.1, Sum: 13.6]
      [Update RS (ms): Min: 64.0, Avg: 71.9, Max: 114.3, Diff: 50.3, Sum: 934.5]
         [Processed Buffers: Min: 1, Avg: 28.1, Max: 66, Diff: 65, Sum: 365]
      [Scan RS (ms): Min: 0.0, Avg: 29.4, Max: 35.4, Diff: 35.4, Sum: 382.2]
      [Code Root Scanning (ms): Min: 0.0, Avg: 0.0, Max: 0.0, Diff: 0.0, Sum: 0.1]
      [Object Copy (ms): Min: 125.8, Avg: 138.8, Max: 141.3, Diff: 15.5, Sum: 1804.8]
      [Termination (ms): Min: 0.0, Avg: 1.3, Max: 1.7, Diff: 1.7, Sum: 16.7]
      [GC Worker Other (ms): Min: 0.0, Avg: 0.1, Max: 0.1, Diff: 0.1, Sum: 0.7]
      [GC Worker Total (ms): Min: 242.2, Avg: 242.5, Max: 242.8, Diff: 0.6, Sum: 3152.5]
      [GC Worker End (ms): Min: 145328.7, Avg: 145328.7, Max: 145328.8, Diff: 0.1]
   [Code Root Fixup: 0.1 ms]
   [Code Root Migration: 0.0 ms]
   [Clear CT: 3.8 ms]
   [Other: 9.9 ms]
      [Choose CSet: 0.3 ms]
      [Ref Proc: 2.5 ms]
      [Ref Enq: 0.2 ms]
      [Free CSet: 1.1 ms]
   [Eden: 1008.0M(1008.0M)->0.0B(1120.0M) Survivors: 208.0M->96.0M Heap: 13.4G(24.0G)->12.0G(24.0G)]
 [Times: user=3.17 sys=0.03, real=0.25 secs] 
2014-04-16T09:50:42.884+0900: 145.781: [GC pause (G1 Humongous Allocation) (young) (initial-mark), 0.0346073 secs]
   [Parallel Time: 27.9 ms, GC Workers: 13]
      [GC Worker Start (ms): Min: 145781.3, Avg: 145781.5, Max: 145781.6, Diff: 0.3]
      [Ext Root Scanning (ms): Min: 0.5, Avg: 1.0, Max: 2.9, Diff: 2.4, Sum: 13.0]
      [Code Root Marking (ms): Min: 0.0, Avg: 0.8, Max: 7.1, Diff: 7.1, Sum: 10.7]
      [Update RS (ms): Min: 18.5, Avg: 24.1, Max: 25.7, Diff: 7.3, Sum: 313.2]
         [Processed Buffers: Min: 7, Avg: 18.6, Max: 48, Diff: 41, Sum: 242]
      [Scan RS (ms): Min: 0.0, Avg: 0.1, Max: 0.4, Diff: 0.4, Sum: 1.0]
      [Code Root Scanning (ms): Min: 0.0, Avg: 0.0, Max: 0.0, Diff: 0.0, Sum: 0.0]
      [Object Copy (ms): Min: 0.5, Avg: 1.1, Max: 2.3, Diff: 1.8, Sum: 13.7]
      [Termination (ms): Min: 0.0, Avg: 0.3, Max: 0.4, Diff: 0.4, Sum: 4.3]
      [GC Worker Other (ms): Min: 0.0, Avg: 0.0, Max: 0.0, Diff: 0.0, Sum: 0.3]
      [GC Worker Total (ms): Min: 27.3, Avg: 27.4, Max: 27.6, Diff: 0.3, Sum: 356.3]
      [GC Worker End (ms): Min: 145808.9, Avg: 145808.9, Max: 145808.9, Diff: 0.0]
   [Code Root Fixup: 0.2 ms]
   [Code Root Migration: 0.0 ms]
   [Clear CT: 0.5 ms]
   [Other: 6.1 ms]
      [Choose CSet: 0.0 ms]
      [Ref Proc: 4.7 ms]
      [Ref Enq: 0.3 ms]
      [Free CSet: 0.3 ms]
   [Eden: 816.0M(1120.0M)->0.0B(2272.0M) Survivors: 96.0M->48.0M Heap: 12.8G(24.0G)->12.0G(24.0G)]
 [Times: user=0.37 sys=0.00, real=0.04 secs] 
2014-04-16T09:50:42.919+0900: 145.816: [GC concurrent-root-region-scan-start]
2014-04-16T09:50:42.927+0900: 145.824: [GC concurrent-root-region-scan-end, 0.0083189 secs]
2014-04-16T09:50:42.927+0900: 145.824: [GC concurrent-mark-start]
2014-04-16T09:50:44.370+0900: 147.267: [GC concurrent-mark-end, 1.4431185 secs]
2014-04-16T09:50:44.372+0900: 147.268: [GC remark 147.270: [GC ref-proc, 0.0090948 secs], 0.0306624 secs]
 [Times: user=0.24 sys=0.00, real=0.03 secs] 
2014-04-16T09:50:44.405+0900: 147.302: [GC cleanup 13G->13G(24G), 0.0298086 secs]
 [Times: user=0.36 sys=0.00, real=0.03 secs] 
2014-04-16T09:50:44.436+0900: 147.332: [GC concurrent-cleanup-start]
2014-04-16T09:50:44.436+0900: 147.333: [GC concurrent-cleanup-end, 0.0003497 secs]
2014-04-16T09:50:45.507+0900: 148.404: [GC pause (G1 Evacuation Pause) (young), 0.1191995 secs]
   [Parallel Time: 101.7 ms, GC Workers: 13]
      [GC Worker Start (ms): Min: 148404.6, Avg: 148404.8, Max: 148405.0, Diff: 0.5]
      [Ext Root Scanning (ms): Min: 0.7, Avg: 0.9, Max: 1.2, Diff: 0.6, Sum: 12.0]
      [Update RS (ms): Min: 9.3, Avg: 9.6, Max: 10.6, Diff: 1.4, Sum: 124.3]
         [Processed Buffers: Min: 25, Avg: 30.3, Max: 35, Diff: 10, Sum: 394]
      [Scan RS (ms): Min: 16.7, Avg: 17.7, Max: 18.1, Diff: 1.4, Sum: 230.1]
      [Code Root Scanning (ms): Min: 0.0, Avg: 0.0, Max: 0.0, Diff: 0.0, Sum: 0.1]
      [Object Copy (ms): Min: 72.3, Avg: 72.5, Max: 72.7, Diff: 0.3, Sum: 942.0]
      [Termination (ms): Min: 0.0, Avg: 0.1, Max: 0.1, Diff: 0.1, Sum: 0.8]
      [GC Worker Other (ms): Min: 0.0, Avg: 0.1, Max: 0.2, Diff: 0.1, Sum: 0.8]
      [GC Worker Total (ms): Min: 100.6, Avg: 100.8, Max: 101.1, Diff: 0.4, Sum: 1310.0]
      [GC Worker End (ms): Min: 148505.5, Avg: 148505.6, Max: 148505.7, Diff: 0.1]
   [Code Root Fixup: 0.3 ms]
   [Code Root Migration: 0.0 ms]
   [Clear CT: 3.9 ms]
   [Other: 13.2 ms]
      [Choose CSet: 0.0 ms]
      [Ref Proc: 7.8 ms]
      [Ref Enq: 0.5 ms]
      [Free CSet: 1.2 ms]
   [Eden: 2272.0M(2272.0M)->0.0B(912.0M) Survivors: 48.0M->304.0M Heap: 14.8G(24.0G)->13.0G(24.0G)]
 [Times: user=1.38 sys=0.00, real=0.12 secs] 
2014-04-16T09:50:46.414+0900: 149.311: [GC pause (G1 Evacuation Pause) (mixed), 0.2074830 secs]
   [Parallel Time: 185.8 ms, GC Workers: 13]
      [GC Worker Start (ms): Min: 149312.1, Avg: 149312.2, Max: 149312.4, Diff: 0.3]
      [Ext Root Scanning (ms): Min: 0.4, Avg: 1.0, Max: 2.0, Diff: 1.6, Sum: 13.1]
      [Update RS (ms): Min: 13.1, Avg: 14.1, Max: 14.5, Diff: 1.4, Sum: 183.3]
         [Processed Buffers: Min: 19, Avg: 35.9, Max: 46, Diff: 27, Sum: 467]
      [Scan RS (ms): Min: 51.3, Avg: 51.7, Max: 51.9, Diff: 0.6, Sum: 672.0]
      [Code Root Scanning (ms): Min: 0.0, Avg: 0.0, Max: 0.1, Diff: 0.1, Sum: 0.2]
      [Object Copy (ms): Min: 117.7, Avg: 118.2, Max: 119.9, Diff: 2.2, Sum: 1536.4]
      [Termination (ms): Min: 0.0, Avg: 0.0, Max: 0.0, Diff: 0.0, Sum: 0.0]
      [GC Worker Other (ms): Min: 0.0, Avg: 0.0, Max: 0.1, Diff: 0.0, Sum: 0.4]
      [GC Worker Total (ms): Min: 184.9, Avg: 185.0, Max: 185.2, Diff: 0.3, Sum: 2405.4]
      [GC Worker End (ms): Min: 149497.3, Avg: 149497.3, Max: 149497.3, Diff: 0.0]
   [Code Root Fixup: 0.3 ms]
   [Code Root Migration: 0.1 ms]
   [Clear CT: 5.1 ms]
   [Other: 16.2 ms]
      [Choose CSet: 0.7 ms]
      [Ref Proc: 5.2 ms]
      [Ref Enq: 0.8 ms]
      [Free CSet: 2.3 ms]
   [Eden: 912.0M(912.0M)->0.0B(1056.0M) Survivors: 304.0M->160.0M Heap: 14.2G(24.0G)->12.8G(24.0G)]
 [Times: user=2.48 sys=0.00, real=0.21 secs] 
2014-04-16T09:50:47.379+0900: 150.275: [GC pause (G1 Evacuation Pause) (mixed), 0.2019138 secs]
   [Parallel Time: 177.3 ms, GC Workers: 13]
      [GC Worker Start (ms): Min: 150277.0, Avg: 150277.2, Max: 150277.4, Diff: 0.4]
      [Ext Root Scanning (ms): Min: 0.7, Avg: 1.0, Max: 2.1, Diff: 1.4, Sum: 12.8]
      [Update RS (ms): Min: 9.9, Avg: 11.3, Max: 16.2, Diff: 6.3, Sum: 146.7]
         [Processed Buffers: Min: 20, Avg: 33.5, Max: 46, Diff: 26, Sum: 436]
      [Scan RS (ms): Min: 48.5, Avg: 53.4, Max: 54.1, Diff: 5.7, Sum: 694.1]
      [Code Root Scanning (ms): Min: 0.0, Avg: 0.0, Max: 0.0, Diff: 0.0, Sum: 0.1]
      [Object Copy (ms): Min: 110.1, Avg: 110.5, Max: 110.7, Diff: 0.6, Sum: 1436.0]
      [Termination (ms): Min: 0.0, Avg: 0.0, Max: 0.0, Diff: 0.0, Sum: 0.0]
      [GC Worker Other (ms): Min: 0.0, Avg: 0.0, Max: 0.1, Diff: 0.0, Sum: 0.5]
      [GC Worker Total (ms): Min: 176.0, Avg: 176.2, Max: 176.4, Diff: 0.4, Sum: 2290.1]
      [GC Worker End (ms): Min: 150453.3, Avg: 150453.3, Max: 150453.4, Diff: 0.0]
   [Code Root Fixup: 0.3 ms]
   [Code Root Migration: 0.1 ms]
   [Clear CT: 5.0 ms]
   [Other: 19.3 ms]
      [Choose CSet: 0.7 ms]
      [Ref Proc: 8.4 ms]
      [Ref Enq: 0.7 ms]
      [Free CSet: 2.4 ms]
   [Eden: 1056.0M(1056.0M)->0.0B(1056.0M) Survivors: 160.0M->160.0M Heap: 14.3G(24.0G)->12.9G(24.0G)]
 [Times: user=2.38 sys=0.00, real=0.20 secs] 
2014-04-16T09:50:48.567+0900: 151.463: [GC pause (G1 Evacuation Pause) (mixed), 0.1935556 secs]
   [Parallel Time: 173.2 ms, GC Workers: 13]
      [GC Worker Start (ms): Min: 151464.4, Avg: 151464.5, Max: 151464.7, Diff: 0.3]
      [Ext Root Scanning (ms): Min: 0.7, Avg: 0.9, Max: 1.5, Diff: 0.7, Sum: 12.1]
      [Update RS (ms): Min: 9.4, Avg: 9.6, Max: 10.1, Diff: 0.7, Sum: 124.6]
         [Processed Buffers: Min: 22, Avg: 32.2, Max: 43, Diff: 21, Sum: 419]
      [Scan RS (ms): Min: 54.9, Avg: 55.8, Max: 56.3, Diff: 1.4, Sum: 725.6]
      [Code Root Scanning (ms): Min: 0.0, Avg: 0.0, Max: 0.0, Diff: 0.0, Sum: 0.2]
      [Object Copy (ms): Min: 105.7, Avg: 105.9, Max: 106.1, Diff: 0.4, Sum: 1376.5]
      [Termination (ms): Min: 0.0, Avg: 0.0, Max: 0.0, Diff: 0.0, Sum: 0.0]
      [GC Worker Other (ms): Min: 0.0, Avg: 0.0, Max: 0.1, Diff: 0.0, Sum: 0.5]
      [GC Worker Total (ms): Min: 172.1, Avg: 172.3, Max: 172.4, Diff: 0.3, Sum: 2239.4]
      [GC Worker End (ms): Min: 151636.8, Avg: 151636.8, Max: 151636.8, Diff: 0.0]
   [Code Root Fixup: 0.3 ms]
   [Code Root Migration: 0.1 ms]
   [Clear CT: 4.8 ms]
   [Other: 15.2 ms]
      [Choose CSet: 0.7 ms]
      [Ref Proc: 5.1 ms]
      [Ref Enq: 0.2 ms]
      [Free CSet: 2.0 ms]
   [Eden: 1056.0M(1056.0M)->0.0B(1056.0M) Survivors: 160.0M->160.0M Heap: 14.4G(24.0G)->13.1G(24.0G)]
 [Times: user=2.32 sys=0.00, real=0.20 secs] 
2014-04-16T09:50:48.850+0900: 151.747: [GC pause (G1 Humongous Allocation) (young) (initial-mark), 0.0963541 secs]
   [Parallel Time: 89.9 ms, GC Workers: 13]
      [GC Worker Start (ms): Min: 151747.4, Avg: 151747.5, Max: 151747.6, Diff: 0.2]
      [Ext Root Scanning (ms): Min: 0.6, Avg: 0.9, Max: 2.8, Diff: 2.2, Sum: 12.3]
      [Code Root Marking (ms): Min: 0.0, Avg: 0.8, Max: 7.0, Diff: 7.0, Sum: 9.8]
      [Update RS (ms): Min: 51.1, Avg: 57.0, Max: 61.3, Diff: 10.3, Sum: 741.5]
         [Processed Buffers: Min: 29, Avg: 34.3, Max: 56, Diff: 27, Sum: 446]
      [Scan RS (ms): Min: 0.0, Avg: 0.3, Max: 1.0, Diff: 1.0, Sum: 3.5]
      [Code Root Scanning (ms): Min: 0.0, Avg: 0.0, Max: 0.0, Diff: 0.0, Sum: 0.0]
      [Object Copy (ms): Min: 27.1, Avg: 30.4, Max: 31.4, Diff: 4.3, Sum: 395.4]
      [Termination (ms): Min: 0.0, Avg: 0.0, Max: 0.0, Diff: 0.0, Sum: 0.0]
      [GC Worker Other (ms): Min: 0.0, Avg: 0.0, Max: 0.1, Diff: 0.0, Sum: 0.5]
      [GC Worker Total (ms): Min: 89.4, Avg: 89.5, Max: 89.6, Diff: 0.2, Sum: 1162.9]
      [GC Worker End (ms): Min: 151836.9, Avg: 151837.0, Max: 151837.0, Diff: 0.0]
   [Code Root Fixup: 0.3 ms]
   [Code Root Migration: 0.0 ms]
   [Clear CT: 0.5 ms]
   [Other: 5.6 ms]
      [Choose CSet: 0.0 ms]
      [Ref Proc: 3.0 ms]
      [Ref Enq: 0.2 ms]
      [Free CSet: 0.2 ms]
   [Eden: 112.0M(1056.0M)->0.0B(1104.0M) Survivors: 160.0M->112.0M Heap: 13.2G(24.0G)->13.3G(24.0G)]
 [Times: user=1.18 sys=0.01, real=0.09 secs] 
2014-04-16T09:50:48.947+0900: 151.844: [GC concurrent-root-region-scan-start]
2014-04-16T09:50:48.951+0900: 151.848: [GC concurrent-root-region-scan-end, 0.0040004 secs]
2014-04-16T09:50:48.951+0900: 151.848: [GC concurrent-mark-start]
2014-04-16T09:50:50.423+0900: 153.320: [GC concurrent-mark-end, 1.4722359 secs]
2014-04-16T09:50:50.424+0900: 153.321: [GC remark 153.322: [GC ref-proc, 0.0103817 secs], 0.0331078 secs]
 [Times: user=0.25 sys=0.00, real=0.04 secs] 
2014-04-16T09:50:50.459+0900: 153.355: [GC cleanup 14G->12G(24G), 0.0258856 secs]
 [Times: user=0.29 sys=0.00, real=0.02 secs] 
2014-04-16T09:50:50.485+0900: 153.382: [GC concurrent-cleanup-start]
2014-04-16T09:50:50.487+0900: 153.383: [GC concurrent-cleanup-end, 0.0015802 secs]
2014-04-16T09:50:50.947+0900: 153.844: [GC pause (G1 Evacuation Pause) (young), 0.0722166 secs]
   [Parallel Time: 54.9 ms, GC Workers: 13]
      [GC Worker Start (ms): Min: 153844.5, Avg: 153844.7, Max: 153844.9, Diff: 0.4]
      [Ext Root Scanning (ms): Min: 0.8, Avg: 1.0, Max: 1.5, Diff: 0.7, Sum: 12.9]
      [Update RS (ms): Min: 9.5, Avg: 10.1, Max: 10.4, Diff: 0.9, Sum: 131.5]
         [Processed Buffers: Min: 20, Avg: 26.8, Max: 34, Diff: 14, Sum: 348]
      [Scan RS (ms): Min: 7.6, Avg: 7.8, Max: 8.0, Diff: 0.4, Sum: 101.7]
      [Code Root Scanning (ms): Min: 0.0, Avg: 0.0, Max: 0.0, Diff: 0.0, Sum: 0.0]
      [Object Copy (ms): Min: 34.5, Avg: 34.7, Max: 34.8, Diff: 0.3, Sum: 450.8]
      [Termination (ms): Min: 0.0, Avg: 0.0, Max: 0.0, Diff: 0.0, Sum: 0.1]
      [GC Worker Other (ms): Min: 0.0, Avg: 0.0, Max: 0.1, Diff: 0.1, Sum: 0.5]
      [GC Worker Total (ms): Min: 53.5, Avg: 53.7, Max: 53.9, Diff: 0.4, Sum: 697.6]
      [GC Worker End (ms): Min: 153898.4, Avg: 153898.4, Max: 153898.5, Diff: 0.1]
   [Code Root Fixup: 0.1 ms]
   [Code Root Migration: 0.0 ms]
   [Clear CT: 3.8 ms]
   [Other: 13.3 ms]
      [Choose CSet: 0.0 ms]
      [Ref Proc: 10.0 ms]
      [Ref Enq: 0.9 ms]
      [Free CSet: 0.5 ms]
   [Eden: 1104.0M(1104.0M)->0.0B(1056.0M) Survivors: 112.0M->160.0M Heap: 12.7G(24.0G)->11.9G(24.0G)]
 [Times: user=0.76 sys=0.01, real=0.08 secs] 
2014-04-16T09:50:52.165+0900: 155.062: [GC pause (G1 Evacuation Pause) (mixed), 0.1194955 secs]
   [Parallel Time: 102.9 ms, GC Workers: 13]
      [GC Worker Start (ms): Min: 155062.4, Avg: 155062.6, Max: 155062.8, Diff: 0.4]
      [Ext Root Scanning (ms): Min: 0.7, Avg: 0.8, Max: 1.1, Diff: 0.5, Sum: 10.6]
      [Update RS (ms): Min: 7.2, Avg: 7.8, Max: 9.7, Diff: 2.5, Sum: 101.5]
         [Processed Buffers: Min: 24, Avg: 28.4, Max: 42, Diff: 18, Sum: 369]
      [Scan RS (ms): Min: 22.3, Avg: 24.0, Max: 24.4, Diff: 2.1, Sum: 312.0]
      [Code Root Scanning (ms): Min: 0.0, Avg: 0.0, Max: 0.0, Diff: 0.0, Sum: 0.1]
      [Object Copy (ms): Min: 69.2, Avg: 69.3, Max: 69.5, Diff: 0.3, Sum: 901.4]
      [Termination (ms): Min: 0.0, Avg: 0.0, Max: 0.0, Diff: 0.0, Sum: 0.1]
      [GC Worker Other (ms): Min: 0.0, Avg: 0.0, Max: 0.1, Diff: 0.1, Sum: 0.5]
      [GC Worker Total (ms): Min: 101.9, Avg: 102.0, Max: 102.3, Diff: 0.4, Sum: 1326.2]
      [GC Worker End (ms): Min: 155164.6, Avg: 155164.6, Max: 155164.7, Diff: 0.1]
   [Code Root Fixup: 0.4 ms]
   [Code Root Migration: 0.1 ms]
   [Clear CT: 4.4 ms]
   [Other: 11.7 ms]
      [Choose CSet: 0.2 ms]
      [Ref Proc: 6.4 ms]
      [Ref Enq: 0.3 ms]
      [Free CSet: 1.0 ms]
   [Eden: 1056.0M(1056.0M)->0.0B(1952.0M) Survivors: 160.0M->160.0M Heap: 13.2G(24.0G)->12.2G(24.0G)]
 [Times: user=1.40 sys=0.01, real=0.12 secs] 
2014-04-16T09:50:52.307+0900: 155.204: [GC pause (G1 Humongous Allocation) (young) (initial-mark), 0.0950006 secs]
   [Parallel Time: 85.6 ms, GC Workers: 13]
      [GC Worker Start (ms): Min: 155204.3, Avg: 155204.5, Max: 155204.7, Diff: 0.4]
      [Ext Root Scanning (ms): Min: 0.5, Avg: 0.7, Max: 2.2, Diff: 1.7, Sum: 9.6]
      [Code Root Marking (ms): Min: 0.0, Avg: 0.8, Max: 7.1, Diff: 7.1, Sum: 10.8]
      [Update RS (ms): Min: 54.0, Avg: 60.6, Max: 62.7, Diff: 8.7, Sum: 787.2]
         [Processed Buffers: Min: 26, Avg: 34.4, Max: 50, Diff: 24, Sum: 447]
      [Scan RS (ms): Min: 0.0, Avg: 0.0, Max: 0.2, Diff: 0.2, Sum: 0.4]
      [Code Root Scanning (ms): Min: 0.0, Avg: 0.0, Max: 0.0, Diff: 0.0, Sum: 0.0]
      [Object Copy (ms): Min: 21.1, Avg: 22.6, Max: 23.3, Diff: 2.1, Sum: 293.5]
      [Termination (ms): Min: 0.0, Avg: 0.0, Max: 0.0, Diff: 0.0, Sum: 0.1]
      [GC Worker Other (ms): Min: 0.0, Avg: 0.0, Max: 0.0, Diff: 0.0, Sum: 0.3]
      [GC Worker Total (ms): Min: 84.6, Avg: 84.8, Max: 85.0, Diff: 0.4, Sum: 1101.8]
      [GC Worker End (ms): Min: 155289.3, Avg: 155289.3, Max: 155289.3, Diff: 0.0]
   [Code Root Fixup: 0.3 ms]
   [Code Root Migration: 0.0 ms]
   [Clear CT: 0.5 ms]
   [Other: 8.6 ms]
      [Choose CSet: 0.0 ms]
      [Ref Proc: 6.2 ms]
      [Ref Enq: 0.5 ms]
      [Free CSet: 0.1 ms]
   [Eden: 32.0M(1952.0M)->0.0B(2336.0M) Survivors: 160.0M->112.0M Heap: 12.2G(24.0G)->12.3G(24.0G)]
 [Times: user=1.12 sys=0.00, real=0.10 secs] 
2014-04-16T09:50:52.403+0900: 155.299: [GC concurrent-root-region-scan-start]
2014-04-16T09:50:52.404+0900: 155.300: [GC concurrent-root-region-scan-end, 0.0011902 secs]
2014-04-16T09:50:52.404+0900: 155.300: [GC concurrent-mark-start]
2014-04-16T09:50:53.956+0900: 156.852: [GC concurrent-mark-end, 1.5519354 secs]
2014-04-16T09:50:53.957+0900: 156.854: [GC remark 156.854: [GC ref-proc, 0.0094789 secs], 0.0367098 secs]
 [Times: user=0.31 sys=0.00, real=0.04 secs] 
2014-04-16T09:50:53.995+0900: 156.892: [GC cleanup 13G->13G(24G), 0.0273055 secs]
 [Times: user=0.32 sys=0.01, real=0.03 secs] 
2014-04-16T09:50:54.023+0900: 156.919: [GC concurrent-cleanup-start]
2014-04-16T09:50:54.023+0900: 156.920: [GC concurrent-cleanup-end, 0.0006051 secs]
2014-04-16T09:50:56.839+0900: 159.735: [GC pause (G1 Evacuation Pause) (young), 0.1193356 secs]
   [Parallel Time: 94.6 ms, GC Workers: 13]
      [GC Worker Start (ms): Min: 159735.9, Avg: 159736.2, Max: 159736.5, Diff: 0.6]
      [Ext Root Scanning (ms): Min: 0.5, Avg: 1.0, Max: 1.3, Diff: 0.8, Sum: 13.3]
      [Update RS (ms): Min: 9.1, Avg: 9.6, Max: 11.2, Diff: 2.1, Sum: 125.1]
         [Processed Buffers: Min: 19, Avg: 27.1, Max: 39, Diff: 20, Sum: 352]
      [Scan RS (ms): Min: 18.2, Avg: 19.5, Max: 20.2, Diff: 2.1, Sum: 253.3]
      [Code Root Scanning (ms): Min: 0.0, Avg: 0.0, Max: 0.0, Diff: 0.0, Sum: 0.0]
      [Object Copy (ms): Min: 62.9, Avg: 63.2, Max: 63.8, Diff: 0.9, Sum: 821.6]
      [Termination (ms): Min: 0.0, Avg: 0.0, Max: 0.0, Diff: 0.0, Sum: 0.0]
      [GC Worker Other (ms): Min: 0.0, Avg: 0.1, Max: 0.1, Diff: 0.1, Sum: 0.7]
      [GC Worker Total (ms): Min: 93.1, Avg: 93.4, Max: 93.7, Diff: 0.7, Sum: 1214.0]
      [GC Worker End (ms): Min: 159829.5, Avg: 159829.5, Max: 159829.6, Diff: 0.1]
   [Code Root Fixup: 0.2 ms]
   [Code Root Migration: 0.0 ms]
   [Clear CT: 4.5 ms]
   [Other: 20.0 ms]
      [Choose CSet: 0.0 ms]
      [Ref Proc: 14.2 ms]
      [Ref Enq: 1.2 ms]
      [Free CSet: 0.9 ms]
   [Eden: 2336.0M(2336.0M)->0.0B(896.0M) Survivors: 112.0M->320.0M Heap: 14.6G(24.0G)->12.7G(24.0G)]
 [Times: user=1.29 sys=0.00, real=0.11 secs] 
2014-04-16T09:50:58.007+0900: 160.903: [GC pause (G1 Evacuation Pause) (mixed), 0.1325866 secs]
   [Parallel Time: 107.9 ms, GC Workers: 13]
      [GC Worker Start (ms): Min: 160903.7, Avg: 160903.9, Max: 160904.2, Diff: 0.5]
      [Ext Root Scanning (ms): Min: 0.7, Avg: 0.9, Max: 1.3, Diff: 0.6, Sum: 12.1]
      [Update RS (ms): Min: 8.6, Avg: 9.4, Max: 10.1, Diff: 1.4, Sum: 121.6]
         [Processed Buffers: Min: 22, Avg: 27.8, Max: 38, Diff: 16, Sum: 361]
      [Scan RS (ms): Min: 24.2, Avg: 24.8, Max: 25.0, Diff: 0.8, Sum: 322.5]
      [Code Root Scanning (ms): Min: 0.0, Avg: 0.0, Max: 0.0, Diff: 0.0, Sum: 0.1]
      [Object Copy (ms): Min: 71.5, Avg: 71.5, Max: 71.6, Diff: 0.1, Sum: 929.8]
      [Termination (ms): Min: 0.0, Avg: 0.0, Max: 0.0, Diff: 0.0, Sum: 0.0]
      [GC Worker Other (ms): Min: 0.0, Avg: 0.0, Max: 0.1, Diff: 0.1, Sum: 0.5]
      [GC Worker Total (ms): Min: 106.4, Avg: 106.7, Max: 107.0, Diff: 0.6, Sum: 1386.6]
      [GC Worker End (ms): Min: 161010.6, Avg: 161010.6, Max: 161010.6, Diff: 0.1]
   [Code Root Fixup: 0.1 ms]
   [Code Root Migration: 0.1 ms]
   [Clear CT: 4.2 ms]
   [Other: 20.3 ms]
      [Choose CSet: 0.1 ms]
      [Ref Proc: 13.5 ms]
      [Ref Enq: 1.2 ms]
      [Free CSet: 0.9 ms]
   [Eden: 896.0M(896.0M)->0.0B(2752.0M) Survivors: 320.0M->160.0M Heap: 13.7G(24.0G)->12.7G(24.0G)]
 [Times: user=1.46 sys=0.00, real=0.13 secs] 
2014-04-16T09:50:59.800+0900: 162.697: [GC pause (G1 Humongous Allocation) (young) (initial-mark), 0.0740315 secs]
   [Parallel Time: 58.3 ms, GC Workers: 13]
      [GC Worker Start (ms): Min: 162697.6, Avg: 162697.9, Max: 162698.1, Diff: 0.5]
      [Ext Root Scanning (ms): Min: 0.4, Avg: 0.8, Max: 3.4, Diff: 2.9, Sum: 10.6]
      [Code Root Marking (ms): Min: 0.0, Avg: 0.8, Max: 6.9, Diff: 6.8, Sum: 9.9]
      [Update RS (ms): Min: 33.4, Avg: 39.4, Max: 40.9, Diff: 7.4, Sum: 512.6]
         [Processed Buffers: Min: 18, Avg: 32.8, Max: 62, Diff: 44, Sum: 427]
      [Scan RS (ms): Min: 0.0, Avg: 0.4, Max: 0.8, Diff: 0.8, Sum: 5.5]
      [Code Root Scanning (ms): Min: 0.0, Avg: 0.0, Max: 0.0, Diff: 0.0, Sum: 0.0]
      [Object Copy (ms): Min: 15.2, Avg: 15.5, Max: 16.0, Diff: 0.8, Sum: 201.2]
      [Termination (ms): Min: 0.0, Avg: 0.0, Max: 0.0, Diff: 0.0, Sum: 0.0]
      [GC Worker Other (ms): Min: 0.0, Avg: 0.1, Max: 0.2, Diff: 0.2, Sum: 0.9]
      [GC Worker Total (ms): Min: 56.7, Avg: 57.0, Max: 57.4, Diff: 0.7, Sum: 740.7]
      [GC Worker End (ms): Min: 162754.8, Avg: 162754.9, Max: 162755.0, Diff: 0.2]
   [Code Root Fixup: 0.2 ms]
   [Code Root Migration: 0.0 ms]
   [Clear CT: 1.1 ms]
   [Other: 14.4 ms]
      [Choose CSet: 0.0 ms]
      [Ref Proc: 11.7 ms]
      [Ref Enq: 0.5 ms]
      [Free CSet: 0.5 ms]
   [Eden: 2032.0M(2752.0M)->0.0B(3584.0M) Survivors: 160.0M->144.0M Heap: 14.7G(24.0G)->12.7G(24.0G)]
 [Times: user=0.77 sys=0.00, real=0.07 secs] 
2014-04-16T09:50:59.875+0900: 162.771: [GC concurrent-root-region-scan-start]
2014-04-16T09:50:59.885+0900: 162.782: [GC concurrent-root-region-scan-end, 0.0101232 secs]
2014-04-16T09:50:59.885+0900: 162.782: [GC concurrent-mark-start]
2014-04-16T09:51:01.360+0900: 164.256: [GC concurrent-mark-end, 1.4746151 secs]
2014-04-16T09:51:01.360+0900: 164.257: [GC remark 164.258: [GC ref-proc, 0.0089413 secs], 0.0325146 secs]
 [Times: user=0.25 sys=0.00, real=0.03 secs] 
2014-04-16T09:51:01.394+0900: 164.291: [GC cleanup 14G->13G(24G), 0.0270043 secs]
 [Times: user=0.32 sys=0.00, real=0.03 secs] 
2014-04-16T09:51:01.421+0900: 164.318: [GC concurrent-cleanup-start]
2014-04-16T09:51:01.422+0900: 164.319: [GC concurrent-cleanup-end, 0.0008373 secs]
2014-04-16T09:51:03.275+0900: 166.172: [GC pause (G1 Evacuation Pause) (young), 0.1594923 secs]
   [Parallel Time: 140.0 ms, GC Workers: 13]
      [GC Worker Start (ms): Min: 166172.9, Avg: 166173.1, Max: 166173.2, Diff: 0.3]
      [Ext Root Scanning (ms): Min: 0.7, Avg: 0.8, Max: 1.4, Diff: 0.7, Sum: 10.6]
      [Update RS (ms): Min: 9.8, Avg: 10.3, Max: 10.6, Diff: 0.8, Sum: 133.3]
         [Processed Buffers: Min: 27, Avg: 34.3, Max: 44, Diff: 17, Sum: 446]
      [Scan RS (ms): Min: 24.9, Avg: 25.2, Max: 25.4, Diff: 0.6, Sum: 327.5]
      [Code Root Scanning (ms): Min: 0.0, Avg: 0.0, Max: 0.0, Diff: 0.0, Sum: 0.1]
      [Object Copy (ms): Min: 102.9, Avg: 103.0, Max: 103.1, Diff: 0.2, Sum: 1339.6]
      [Termination (ms): Min: 0.0, Avg: 0.0, Max: 0.0, Diff: 0.0, Sum: 0.0]
      [GC Worker Other (ms): Min: 0.0, Avg: 0.1, Max: 0.1, Diff: 0.1, Sum: 0.7]
      [GC Worker Total (ms): Min: 139.2, Avg: 139.4, Max: 139.6, Diff: 0.4, Sum: 1811.8]
      [GC Worker End (ms): Min: 166312.4, Avg: 166312.5, Max: 166312.5, Diff: 0.1]
   [Code Root Fixup: 0.3 ms]
   [Code Root Migration: 0.1 ms]
   [Clear CT: 4.2 ms]
   [Other: 14.9 ms]
      [Choose CSet: 0.0 ms]
      [Ref Proc: 7.4 ms]
      [Ref Enq: 0.6 ms]
      [Free CSet: 1.5 ms]
   [Eden: 2864.0M(2640.0M)->0.0B(864.0M) Survivors: 144.0M->352.0M Heap: 15.8G(24.0G)->13.5G(24.0G)]
 [Times: user=1.88 sys=0.00, real=0.16 secs] 
2014-04-16T09:51:04.175+0900: 167.072: [GC pause (G1 Evacuation Pause) (mixed), 0.2154596 secs]
   [Parallel Time: 190.6 ms, GC Workers: 13]
      [GC Worker Start (ms): Min: 167072.9, Avg: 167073.1, Max: 167073.3, Diff: 0.4]
      [Ext Root Scanning (ms): Min: 0.5, Avg: 0.8, Max: 1.2, Diff: 0.6, Sum: 10.1]
      [Update RS (ms): Min: 8.3, Avg: 9.0, Max: 11.3, Diff: 3.0, Sum: 116.9]
         [Processed Buffers: Min: 17, Avg: 27.8, Max: 35, Diff: 18, Sum: 362]
      [Scan RS (ms): Min: 47.5, Avg: 49.7, Max: 50.5, Diff: 3.0, Sum: 646.6]
      [Code Root Scanning (ms): Min: 0.0, Avg: 0.0, Max: 0.0, Diff: 0.0, Sum: 0.1]
      [Object Copy (ms): Min: 129.9, Avg: 130.2, Max: 130.3, Diff: 0.4, Sum: 1692.3]
      [Termination (ms): Min: 0.0, Avg: 0.0, Max: 0.0, Diff: 0.0, Sum: 0.2]
      [GC Worker Other (ms): Min: 0.0, Avg: 0.0, Max: 0.1, Diff: 0.1, Sum: 0.5]
      [GC Worker Total (ms): Min: 189.5, Avg: 189.7, Max: 189.9, Diff: 0.4, Sum: 2466.7]
      [GC Worker End (ms): Min: 167262.8, Avg: 167262.8, Max: 167262.8, Diff: 0.1]
   [Code Root Fixup: 0.3 ms]
   [Code Root Migration: 0.2 ms]
   [Clear CT: 5.2 ms]
   [Other: 19.2 ms]
      [Choose CSet: 0.5 ms]
      [Ref Proc: 8.1 ms]
      [Ref Enq: 0.8 ms]
      [Free CSet: 2.4 ms]
   [Eden: 864.0M(864.0M)->0.0B(1056.0M) Survivors: 352.0M->160.0M Heap: 14.8G(24.0G)->13.4G(24.0G)]
 [Times: user=2.55 sys=0.00, real=0.22 secs] 
2014-04-16T09:51:05.611+0900: 168.508: [GC pause (G1 Evacuation Pause) (mixed), 0.2149166 secs]
   [Parallel Time: 183.2 ms, GC Workers: 13]
      [GC Worker Start (ms): Min: 168509.3, Avg: 168509.5, Max: 168509.7, Diff: 0.4]
      [Ext Root Scanning (ms): Min: 0.5, Avg: 0.8, Max: 1.9, Diff: 1.4, Sum: 10.6]
      [Update RS (ms): Min: 12.2, Avg: 13.8, Max: 16.0, Diff: 3.8, Sum: 179.1]
         [Processed Buffers: Min: 29, Avg: 37.0, Max: 45, Diff: 16, Sum: 481]
      [Scan RS (ms): Min: 50.3, Avg: 52.7, Max: 53.5, Diff: 3.2, Sum: 684.8]
      [Code Root Scanning (ms): Min: 0.0, Avg: 0.0, Max: 0.1, Diff: 0.1, Sum: 0.1]
      [Object Copy (ms): Min: 115.2, Avg: 115.5, Max: 115.8, Diff: 0.6, Sum: 1501.1]
      [Termination (ms): Min: 0.0, Avg: 0.0, Max: 0.0, Diff: 0.0, Sum: 0.0]
      [GC Worker Other (ms): Min: 0.0, Avg: 0.0, Max: 0.1, Diff: 0.1, Sum: 0.5]
      [GC Worker Total (ms): Min: 182.6, Avg: 182.8, Max: 183.0, Diff: 0.4, Sum: 2376.2]
      [GC Worker End (ms): Min: 168692.3, Avg: 168692.3, Max: 168692.3, Diff: 0.1]
   [Code Root Fixup: 0.3 ms]
   [Code Root Migration: 0.2 ms]
   [Clear CT: 5.7 ms]
   [Other: 25.6 ms]
      [Choose CSet: 0.7 ms]
      [Ref Proc: 13.5 ms]
      [Ref Enq: 1.4 ms]
      [Free CSet: 2.5 ms]
   [Eden: 1056.0M(1056.0M)->0.0B(1056.0M) Survivors: 160.0M->160.0M Heap: 14.9G(24.0G)->13.4G(24.0G)]
 [Times: user=2.48 sys=0.00, real=0.21 secs] 
2014-04-16T09:51:06.774+0900: 169.670: [GC pause (G1 Evacuation Pause) (mixed), 0.2205539 secs]
   [Parallel Time: 194.0 ms, GC Workers: 13]
      [GC Worker Start (ms): Min: 169672.0, Avg: 169672.2, Max: 169672.4, Diff: 0.4]
      [Ext Root Scanning (ms): Min: 0.6, Avg: 0.8, Max: 1.6, Diff: 1.0, Sum: 10.6]
      [Update RS (ms): Min: 16.7, Avg: 17.3, Max: 19.1, Diff: 2.4, Sum: 224.6]
         [Processed Buffers: Min: 45, Avg: 51.8, Max: 65, Diff: 20, Sum: 673]
      [Scan RS (ms): Min: 53.5, Avg: 55.3, Max: 56.0, Diff: 2.4, Sum: 719.4]
      [Code Root Scanning (ms): Min: 0.0, Avg: 0.0, Max: 0.1, Diff: 0.1, Sum: 0.2]
      [Object Copy (ms): Min: 119.2, Avg: 119.6, Max: 119.8, Diff: 0.5, Sum: 1554.9]
      [Termination (ms): Min: 0.0, Avg: 0.0, Max: 0.0, Diff: 0.0, Sum: 0.0]
      [GC Worker Other (ms): Min: 0.0, Avg: 0.1, Max: 0.2, Diff: 0.1, Sum: 0.7]
      [GC Worker Total (ms): Min: 192.9, Avg: 193.1, Max: 193.4, Diff: 0.5, Sum: 2510.6]
      [GC Worker End (ms): Min: 169865.3, Avg: 169865.4, Max: 169865.5, Diff: 0.1]
   [Code Root Fixup: 0.4 ms]
   [Code Root Migration: 0.3 ms]
   [Clear CT: 4.5 ms]
   [Other: 21.3 ms]
      [Choose CSet: 0.8 ms]
      [Ref Proc: 9.3 ms]
      [Ref Enq: 0.6 ms]
      [Free CSet: 2.4 ms]
   [Eden: 1056.0M(1056.0M)->0.0B(1056.0M) Survivors: 160.0M->160.0M Heap: 14.9G(24.0G)->13.5G(24.0G)]
 [Times: user=2.60 sys=0.00, real=0.22 secs] 
2014-04-16T09:51:07.977+0900: 170.874: [GC pause (G1 Evacuation Pause) (mixed), 0.1703611 secs]
   [Parallel Time: 143.5 ms, GC Workers: 13]
      [GC Worker Start (ms): Min: 170875.1, Avg: 170875.3, Max: 170875.5, Diff: 0.4]
      [Ext Root Scanning (ms): Min: 0.5, Avg: 0.8, Max: 1.5, Diff: 1.0, Sum: 10.2]
      [Update RS (ms): Min: 18.3, Avg: 19.6, Max: 20.3, Diff: 2.0, Sum: 255.0]
         [Processed Buffers: Min: 46, Avg: 60.6, Max: 75, Diff: 29, Sum: 788]
      [Scan RS (ms): Min: 33.4, Avg: 33.9, Max: 34.7, Diff: 1.3, Sum: 440.7]
      [Code Root Scanning (ms): Min: 0.0, Avg: 0.0, Max: 0.0, Diff: 0.0, Sum: 0.1]
      [Object Copy (ms): Min: 87.0, Avg: 87.8, Max: 89.5, Diff: 2.5, Sum: 1141.8]
      [Termination (ms): Min: 0.0, Avg: 0.0, Max: 0.0, Diff: 0.0, Sum: 0.0]
      [GC Worker Other (ms): Min: 0.0, Avg: 0.0, Max: 0.1, Diff: 0.1, Sum: 0.5]
      [GC Worker Total (ms): Min: 142.0, Avg: 142.2, Max: 142.5, Diff: 0.4, Sum: 1848.2]
      [GC Worker End (ms): Min: 171017.5, Avg: 171017.5, Max: 171017.6, Diff: 0.1]
   [Code Root Fixup: 0.3 ms]
   [Code Root Migration: 0.0 ms]
   [Clear CT: 5.3 ms]
   [Other: 21.2 ms]
      [Choose CSet: 0.4 ms]
      [Ref Proc: 12.2 ms]
      [Ref Enq: 1.1 ms]
      [Free CSet: 1.7 ms]
   [Eden: 1056.0M(1056.0M)->0.0B(1056.0M) Survivors: 160.0M->160.0M Heap: 15.0G(24.0G)->14.0G(24.0G)]
 [Times: user=1.94 sys=0.00, real=0.17 secs] 
2014-04-16T09:51:08.181+0900: 171.078: [GC pause (G1 Humongous Allocation) (young) (initial-mark), 0.1090561 secs]
   [Parallel Time: 101.9 ms, GC Workers: 13]
      [GC Worker Start (ms): Min: 171078.3, Avg: 171078.5, Max: 171078.7, Diff: 0.5]
      [Ext Root Scanning (ms): Min: 0.4, Avg: 0.7, Max: 2.4, Diff: 2.0, Sum: 8.7]
      [Code Root Marking (ms): Min: 0.0, Avg: 0.8, Max: 6.9, Diff: 6.9, Sum: 9.8]
      [Update RS (ms): Min: 72.0, Avg: 76.6, Max: 77.6, Diff: 5.6, Sum: 996.4]
         [Processed Buffers: Min: 43, Avg: 53.4, Max: 65, Diff: 22, Sum: 694]
      [Scan RS (ms): Min: 0.0, Avg: 0.1, Max: 0.2, Diff: 0.2, Sum: 1.5]
      [Code Root Scanning (ms): Min: 0.0, Avg: 0.0, Max: 0.0, Diff: 0.0, Sum: 0.0]
      [Object Copy (ms): Min: 21.7, Avg: 22.9, Max: 23.5, Diff: 1.7, Sum: 298.3]
      [Termination (ms): Min: 0.0, Avg: 0.0, Max: 0.0, Diff: 0.0, Sum: 0.0]
      [GC Worker Other (ms): Min: 0.0, Avg: 0.0, Max: 0.0, Diff: 0.0, Sum: 0.3]
      [GC Worker Total (ms): Min: 100.9, Avg: 101.2, Max: 101.4, Diff: 0.5, Sum: 1315.1]
      [GC Worker End (ms): Min: 171179.7, Avg: 171179.7, Max: 171179.7, Diff: 0.0]
   [Code Root Fixup: 0.2 ms]
   [Code Root Migration: 0.0 ms]
   [Clear CT: 0.4 ms]
   [Other: 6.6 ms]
      [Choose CSet: 0.0 ms]
      [Ref Proc: 3.9 ms]
      [Ref Enq: 0.2 ms]
      [Free CSet: 0.1 ms]
   [Eden: 32.0M(1056.0M)->0.0B(1136.0M) Survivors: 160.0M->80.0M Heap: 14.0G(24.0G)->14.1G(24.0G)]
 [Times: user=1.33 sys=0.01, real=0.10 secs] 
2014-04-16T09:51:08.290+0900: 171.187: [GC concurrent-root-region-scan-start]
2014-04-16T09:51:08.290+0900: 171.187: [GC concurrent-root-region-scan-end, 0.0002313 secs]
2014-04-16T09:51:08.290+0900: 171.187: [GC concurrent-mark-start]
2014-04-16T09:51:09.826+0900: 172.722: [GC concurrent-mark-end, 1.5352323 secs]
2014-04-16T09:51:09.827+0900: 172.723: [GC remark 172.724: [GC ref-proc, 0.0047401 secs], 0.0296357 secs]
 [Times: user=0.28 sys=0.00, real=0.03 secs] 
2014-04-16T09:51:09.857+0900: 172.754: [GC cleanup 15G->12G(24G), 0.0237525 secs]
 [Times: user=0.29 sys=0.00, real=0.03 secs] 
2014-04-16T09:51:09.881+0900: 172.778: [GC concurrent-cleanup-start]
2014-04-16T09:51:09.884+0900: 172.780: [GC concurrent-cleanup-end, 0.0027371 secs]
2014-04-16T09:51:10.210+0900: 173.106: [GC pause (G1 Evacuation Pause) (young), 0.0783914 secs]
   [Parallel Time: 62.1 ms, GC Workers: 13]
      [GC Worker Start (ms): Min: 173107.2, Avg: 173107.4, Max: 173107.6, Diff: 0.4]
      [Ext Root Scanning (ms): Min: 0.6, Avg: 0.8, Max: 1.0, Diff: 0.4, Sum: 9.8]
      [Update RS (ms): Min: 14.4, Avg: 14.6, Max: 15.4, Diff: 1.1, Sum: 190.0]
         [Processed Buffers: Min: 22, Avg: 45.7, Max: 61, Diff: 39, Sum: 594]
      [Scan RS (ms): Min: 6.3, Avg: 7.2, Max: 7.7, Diff: 1.4, Sum: 93.8]
      [Code Root Scanning (ms): Min: 0.0, Avg: 0.0, Max: 0.0, Diff: 0.0, Sum: 0.0]
      [Object Copy (ms): Min: 38.4, Avg: 38.7, Max: 38.9, Diff: 0.5, Sum: 503.6]
      [Termination (ms): Min: 0.0, Avg: 0.0, Max: 0.0, Diff: 0.0, Sum: 0.0]
      [GC Worker Other (ms): Min: 0.0, Avg: 0.0, Max: 0.1, Diff: 0.1, Sum: 0.5]
      [GC Worker Total (ms): Min: 61.2, Avg: 61.4, Max: 61.5, Diff: 0.4, Sum: 797.8]
      [GC Worker End (ms): Min: 173168.7, Avg: 173168.8, Max: 173168.8, Diff: 0.1]
   [Code Root Fixup: 0.3 ms]
   [Code Root Migration: 0.0 ms]
   [Clear CT: 3.5 ms]
   [Other: 12.4 ms]
      [Choose CSet: 0.0 ms]
      [Ref Proc: 8.8 ms]
      [Ref Enq: 0.8 ms]
      [Free CSet: 0.5 ms]
   [Eden: 1136.0M(1136.0M)->0.0B(1056.0M) Survivors: 80.0M->160.0M Heap: 12.8G(24.0G)->12.0G(24.0G)]
 [Times: user=0.85 sys=0.00, real=0.08 secs] 
2014-04-16T09:51:11.137+0900: 174.034: [GC pause (G1 Evacuation Pause) (mixed), 0.1294427 secs]
   [Parallel Time: 112.9 ms, GC Workers: 13]
      [GC Worker Start (ms): Min: 174034.5, Avg: 174034.8, Max: 174034.9, Diff: 0.4]
      [Ext Root Scanning (ms): Min: 0.6, Avg: 0.8, Max: 1.5, Diff: 0.9, Sum: 10.2]
      [Update RS (ms): Min: 14.9, Avg: 15.6, Max: 16.1, Diff: 1.2, Sum: 202.9]
         [Processed Buffers: Min: 39, Avg: 51.4, Max: 71, Diff: 32, Sum: 668]
      [Scan RS (ms): Min: 23.1, Avg: 23.5, Max: 23.7, Diff: 0.6, Sum: 305.5]
      [Code Root Scanning (ms): Min: 0.0, Avg: 0.0, Max: 0.0, Diff: 0.0, Sum: 0.0]
      [Object Copy (ms): Min: 72.4, Avg: 72.6, Max: 72.7, Diff: 0.2, Sum: 943.4]
      [Termination (ms): Min: 0.0, Avg: 0.0, Max: 0.0, Diff: 0.0, Sum: 0.0]
      [GC Worker Other (ms): Min: 0.0, Avg: 0.0, Max: 0.1, Diff: 0.1, Sum: 0.5]
      [GC Worker Total (ms): Min: 112.3, Avg: 112.5, Max: 112.8, Diff: 0.5, Sum: 1462.6]
      [GC Worker End (ms): Min: 174147.3, Avg: 174147.3, Max: 174147.3, Diff: 0.1]
   [Code Root Fixup: 0.3 ms]
   [Code Root Migration: 0.0 ms]
   [Clear CT: 4.7 ms]
   [Other: 11.5 ms]
      [Choose CSet: 0.2 ms]
      [Ref Proc: 5.3 ms]
      [Ref Enq: 0.2 ms]
      [Free CSet: 1.2 ms]
   [Eden: 1056.0M(1056.0M)->0.0B(2304.0M) Survivors: 160.0M->160.0M Heap: 13.4G(24.0G)->12.4G(24.0G)]
 [Times: user=1.54 sys=0.00, real=0.13 secs] 
2014-04-16T09:51:11.288+0900: 174.184: [GC pause (G1 Humongous Allocation) (young) (initial-mark), 0.0893597 secs]
   [Parallel Time: 84.0 ms, GC Workers: 13]
      [GC Worker Start (ms): Min: 174184.7, Avg: 174184.8, Max: 174184.9, Diff: 0.2]
      [Ext Root Scanning (ms): Min: 0.5, Avg: 0.8, Max: 3.2, Diff: 2.7, Sum: 10.8]
      [Code Root Marking (ms): Min: 0.0, Avg: 0.7, Max: 4.9, Diff: 4.8, Sum: 8.5]
      [Update RS (ms): Min: 54.1, Avg: 58.5, Max: 60.2, Diff: 6.2, Sum: 760.2]
         [Processed Buffers: Min: 36, Avg: 42.4, Max: 61, Diff: 25, Sum: 551]
      [Scan RS (ms): Min: 0.0, Avg: 0.0, Max: 0.0, Diff: 0.0, Sum: 0.1]
      [Code Root Scanning (ms): Min: 0.0, Avg: 0.0, Max: 0.0, Diff: 0.0, Sum: 0.0]
      [Object Copy (ms): Min: 22.7, Avg: 23.7, Max: 24.7, Diff: 2.0, Sum: 308.7]
      [Termination (ms): Min: 0.0, Avg: 0.0, Max: 0.0, Diff: 0.0, Sum: 0.2]
      [GC Worker Other (ms): Min: 0.0, Avg: 0.0, Max: 0.0, Diff: 0.0, Sum: 0.3]
      [GC Worker Total (ms): Min: 83.7, Avg: 83.8, Max: 83.9, Diff: 0.2, Sum: 1088.9]
      [GC Worker End (ms): Min: 174268.6, Avg: 174268.6, Max: 174268.6, Diff: 0.0]
   [Code Root Fixup: 0.3 ms]
   [Code Root Migration: 0.0 ms]
   [Clear CT: 0.2 ms]
   [Other: 4.9 ms]
      [Choose CSet: 0.0 ms]
      [Ref Proc: 2.4 ms]
      [Ref Enq: 0.2 ms]
      [Free CSet: 0.1 ms]
   [Eden: 64.0M(2304.0M)->0.0B(2832.0M) Survivors: 160.0M->80.0M Heap: 12.4G(24.0G)->12.5G(24.0G)]
 [Times: user=1.09 sys=0.00, real=0.09 secs] 
2014-04-16T09:51:11.377+0900: 174.274: [GC concurrent-root-region-scan-start]
2014-04-16T09:51:11.378+0900: 174.275: [GC concurrent-root-region-scan-end, 0.0009043 secs]
2014-04-16T09:51:11.378+0900: 174.275: [GC concurrent-mark-start]
2014-04-16T09:51:12.978+0900: 175.875: [GC concurrent-mark-end, 1.5996971 secs]
2014-04-16T09:51:12.979+0900: 175.876: [GC remark 175.876: [GC ref-proc, 0.0093779 secs], 0.0354610 secs]
 [Times: user=0.30 sys=0.00, real=0.04 secs] 
2014-04-16T09:51:13.016+0900: 175.912: [GC cleanup 13G->12G(24G), 0.0243569 secs]
 [Times: user=0.29 sys=0.00, real=0.02 secs] 
2014-04-16T09:51:13.040+0900: 175.937: [GC concurrent-cleanup-start]
2014-04-16T09:51:13.041+0900: 175.938: [GC concurrent-cleanup-end, 0.0007468 secs]
2014-04-16T09:51:15.396+0900: 178.292: [GC pause (G1 Evacuation Pause) (young), 0.1228440 secs]
   [Parallel Time: 102.2 ms, GC Workers: 13]
      [GC Worker Start (ms): Min: 178292.8, Avg: 178293.1, Max: 178293.3, Diff: 0.5]
      [Ext Root Scanning (ms): Min: 0.5, Avg: 0.7, Max: 0.9, Diff: 0.5, Sum: 9.0]
      [Update RS (ms): Min: 12.9, Avg: 13.4, Max: 13.9, Diff: 1.0, Sum: 173.9]
         [Processed Buffers: Min: 29, Avg: 40.0, Max: 59, Diff: 30, Sum: 520]
      [Scan RS (ms): Min: 16.7, Avg: 17.2, Max: 17.8, Diff: 1.1, Sum: 224.1]
      [Code Root Scanning (ms): Min: 0.0, Avg: 0.0, Max: 0.0, Diff: 0.0, Sum: 0.1]
      [Object Copy (ms): Min: 69.4, Avg: 69.7, Max: 69.8, Diff: 0.4, Sum: 905.9]
      [Termination (ms): Min: 0.0, Avg: 0.0, Max: 0.0, Diff: 0.0, Sum: 0.1]
      [GC Worker Other (ms): Min: 0.0, Avg: 0.1, Max: 0.1, Diff: 0.1, Sum: 0.7]
      [GC Worker Total (ms): Min: 100.8, Avg: 101.1, Max: 101.4, Diff: 0.6, Sum: 1313.7]
      [GC Worker End (ms): Min: 178394.1, Avg: 178394.1, Max: 178394.2, Diff: 0.1]
   [Code Root Fixup: 0.1 ms]
   [Code Root Migration: 0.0 ms]
   [Clear CT: 3.8 ms]
   [Other: 16.7 ms]
      [Choose CSet: 0.0 ms]
      [Ref Proc: 10.8 ms]
      [Ref Enq: 0.9 ms]
      [Free CSet: 1.0 ms]
   [Eden: 2832.0M(2832.0M)->0.0B(848.0M) Survivors: 80.0M->368.0M Heap: 15.2G(24.0G)->12.8G(24.0G)]
 [Times: user=1.38 sys=0.00, real=0.12 secs] 
2014-04-16T09:51:17.076+0900: 179.972: [GC pause (G1 Evacuation Pause) (mixed), 0.1302570 secs]
   [Parallel Time: 104.8 ms, GC Workers: 13]
      [GC Worker Start (ms): Min: 179972.6, Avg: 179972.9, Max: 179973.2, Diff: 0.6]
      [Ext Root Scanning (ms): Min: 0.5, Avg: 0.7, Max: 1.4, Diff: 1.0, Sum: 9.5]
      [Update RS (ms): Min: 31.3, Avg: 32.2, Max: 32.8, Diff: 1.5, Sum: 418.8]
         [Processed Buffers: Min: 20, Avg: 33.8, Max: 60, Diff: 40, Sum: 440]
      [Scan RS (ms): Min: 6.6, Avg: 7.2, Max: 7.6, Diff: 1.0, Sum: 94.1]
      [Code Root Scanning (ms): Min: 0.0, Avg: 0.0, Max: 0.0, Diff: 0.0, Sum: 0.0]
      [Object Copy (ms): Min: 62.6, Avg: 63.0, Max: 63.0, Diff: 0.4, Sum: 818.5]
      [Termination (ms): Min: 0.0, Avg: 0.0, Max: 0.0, Diff: 0.0, Sum: 0.1]
      [GC Worker Other (ms): Min: 0.0, Avg: 0.0, Max: 0.2, Diff: 0.1, Sum: 0.6]
      [GC Worker Total (ms): Min: 102.9, Avg: 103.2, Max: 103.5, Diff: 0.6, Sum: 1341.6]
      [GC Worker End (ms): Min: 180076.1, Avg: 180076.1, Max: 180076.2, Diff: 0.1]
   [Code Root Fixup: 0.1 ms]
   [Code Root Migration: 0.0 ms]
   [Clear CT: 5.5 ms]
   [Other: 19.8 ms]
      [Choose CSet: 0.1 ms]
      [Ref Proc: 13.5 ms]
      [Ref Enq: 1.1 ms]
      [Free CSet: 0.6 ms]
   [Eden: 848.0M(848.0M)->0.0B(3408.0M) Survivors: 368.0M->112.0M Heap: 13.6G(24.0G)->12.7G(24.0G)]
 [Times: user=1.43 sys=0.01, real=0.13 secs] 
2014-04-16T09:51:17.432+0900: 180.328: [GC pause (G1 Humongous Allocation) (young) (initial-mark), 0.0554546 secs]
   [Parallel Time: 51.8 ms, GC Workers: 13]
      [GC Worker Start (ms): Min: 180328.6, Avg: 180328.9, Max: 180329.2, Diff: 0.6]
      [Ext Root Scanning (ms): Min: 0.4, Avg: 0.9, Max: 3.5, Diff: 3.1, Sum: 11.2]
      [Code Root Marking (ms): Min: 0.0, Avg: 0.5, Max: 3.5, Diff: 3.5, Sum: 6.5]
      [Update RS (ms): Min: 45.6, Avg: 48.4, Max: 49.5, Diff: 3.9, Sum: 629.8]
         [Processed Buffers: Min: 29, Avg: 45.2, Max: 62, Diff: 33, Sum: 588]
      [Scan RS (ms): Min: 0.0, Avg: 0.0, Max: 0.0, Diff: 0.0, Sum: 0.2]
      [Code Root Scanning (ms): Min: 0.0, Avg: 0.0, Max: 0.0, Diff: 0.0, Sum: 0.0]
      [Object Copy (ms): Min: 0.3, Avg: 1.0, Max: 2.5, Diff: 2.1, Sum: 13.1]
      [Termination (ms): Min: 0.0, Avg: 0.6, Max: 0.6, Diff: 0.6, Sum: 7.3]
      [GC Worker Other (ms): Min: 0.0, Avg: 0.0, Max: 0.0, Diff: 0.0, Sum: 0.2]
      [GC Worker Total (ms): Min: 51.1, Avg: 51.4, Max: 51.7, Diff: 0.6, Sum: 668.3]
      [GC Worker End (ms): Min: 180380.3, Avg: 180380.3, Max: 180380.3, Diff: 0.0]
   [Code Root Fixup: 0.2 ms]
   [Code Root Migration: 0.0 ms]
   [Clear CT: 0.2 ms]
   [Other: 3.2 ms]
      [Choose CSet: 0.0 ms]
      [Ref Proc: 2.4 ms]
      [Ref Enq: 0.2 ms]
      [Free CSet: 0.1 ms]
   [Eden: 272.0M(3408.0M)->0.0B(5952.0M) Survivors: 112.0M->96.0M Heap: 12.9G(24.0G)->12.7G(24.0G)]
 [Times: user=0.65 sys=0.02, real=0.06 secs] 
2014-04-16T09:51:17.487+0900: 180.384: [GC concurrent-root-region-scan-start]
2014-04-16T09:51:17.489+0900: 180.386: [GC concurrent-root-region-scan-end, 0.0021548 secs]
2014-04-16T09:51:17.489+0900: 180.386: [GC concurrent-mark-start]
2014-04-16T09:51:18.155+0900: 181.052: [GC concurrent-mark-end, 0.6657413 secs]
2014-04-16T09:51:18.156+0900: 181.053: [GC remark 181.053: [GC ref-proc, 0.0054146 secs], 0.0188790 secs]
 [Times: user=0.13 sys=0.00, real=0.02 secs] 
2014-04-16T09:51:18.175+0900: 181.072: [GC cleanup 12G->11G(24G), 0.0205732 secs]
 [Times: user=0.25 sys=0.00, real=0.02 secs] 
2014-04-16T09:51:18.196+0900: 181.093: [GC concurrent-cleanup-start]
2014-04-16T09:51:18.197+0900: 181.094: [GC concurrent-cleanup-end, 0.0008806 secs]
Heap
 garbage-first heap   total 25165824K, used 13103418K [0x00000001c0000000, 0x00000007c0000000, 0x00000007c0000000)
  region size 16384K, 63 young (1032192K), 6 survivors (98304K)
 Metaspace       used 38527K, capacity 39628K, committed 39680K, reserved 1083392K
  class space    used 5868K, capacity 6103K, committed 6144K, reserved 1048576K
