Java HotSpot(TM) 64-Bit Server VM (25.5-b02) for linux-amd64 JRE (1.8.0_05-b13), built on Mar 18 2014 00:29:27 by "java_re" with gcc 4.3.0 20080428 (Red Hat 4.3.0-8)
Memory: 4k page, physical 32865776k(29611388k free), swap 2047992k(2047992k free)
CommandLine flags: -XX:G1HeapRegionSize=16777216 -XX:InitialHeapSize=25769803776 -XX:InitiatingHeapOccupancyPercent=30 -XX:MaxGCPauseMillis=50 -XX:MaxHeapSize=25769803776 -XX:+ParallelRefProcEnabled -XX:+PrintGC -XX:+PrintGCDateStamps -XX:+PrintGCDetails -XX:+PrintGCTimeStamps -XX:ThreadStackSize=2048 -XX:+UseCompressedClassPointers -XX:+UseCompressedOops -XX:+UseG1GC 
2014-04-16T09:45:02.710+0900: 1.767: [Full GC (Metadata GC Threshold)  21M->7359K(24G), 0.2844531 secs]
   [Eden: 32.0M(1216.0M)->0.0B(1216.0M) Survivors: 0.0B->0.0B Heap: 21.4M(24.0G)->7359.3K(24.0G)], [Metaspace: 21104K->21104K(1067008K)]
 [Times: user=0.33 sys=0.08, real=0.28 secs] 
2014-04-16T09:45:08.142+0900: 7.199: [Full GC (Metadata GC Threshold)  108M->16M(24G), 0.3364332 secs]
   [Eden: 112.0M(1216.0M)->0.0B(1216.0M) Survivors: 0.0B->0.0B Heap: 108.4M(24.0G)->16.9M(24.0G)], [Metaspace: 34638K->34634K(1079296K)]
 [Times: user=0.34 sys=0.00, real=0.34 secs] 
2014-04-16T09:45:14.072+0900: 13.129: [GC pause (G1 Evacuation Pause) (young), 0.3050265 secs]
   [Parallel Time: 276.1 ms, GC Workers: 13]
      [GC Worker Start (ms): Min: 13128.9, Avg: 13129.0, Max: 13129.1, Diff: 0.2]
      [Ext Root Scanning (ms): Min: 2.9, Avg: 5.2, Max: 14.7, Diff: 11.8, Sum: 67.0]
      [Update RS (ms): Min: 0.0, Avg: 2.6, Max: 17.8, Diff: 17.8, Sum: 33.6]
         [Processed Buffers: Min: 0, Avg: 4.9, Max: 20, Diff: 20, Sum: 64]
      [Scan RS (ms): Min: 0.0, Avg: 0.1, Max: 0.2, Diff: 0.2, Sum: 0.7]
      [Code Root Scanning (ms): Min: 0.0, Avg: 0.1, Max: 0.6, Diff: 0.6, Sum: 1.4]
      [Object Copy (ms): Min: 252.4, Avg: 264.9, Max: 270.4, Diff: 18.0, Sum: 3444.3]
      [Termination (ms): Min: 0.5, Avg: 3.1, Max: 8.2, Diff: 7.7, Sum: 39.8]
      [GC Worker Other (ms): Min: 0.0, Avg: 0.0, Max: 0.0, Diff: 0.0, Sum: 0.4]
      [GC Worker Total (ms): Min: 275.8, Avg: 275.9, Max: 276.0, Diff: 0.2, Sum: 3587.2]
      [GC Worker End (ms): Min: 13404.9, Avg: 13405.0, Max: 13405.0, Diff: 0.0]
   [Code Root Fixup: 1.5 ms]
   [Code Root Migration: 4.6 ms]
   [Clear CT: 0.4 ms]
   [Other: 22.5 ms]
      [Choose CSet: 0.0 ms]
      [Ref Proc: 20.2 ms]
      [Ref Enq: 1.2 ms]
      [Free CSet: 0.2 ms]
   [Eden: 1216.0M(1216.0M)->0.0B(1056.0M) Survivors: 0.0B->160.0M Heap: 1232.9M(24.0G)->299.3M(24.0G)]
 [Times: user=2.49 sys=1.73, real=0.31 secs] 
2014-04-16T09:45:16.598+0900: 15.655: [GC pause (G1 Evacuation Pause) (young), 0.1807030 secs]
   [Parallel Time: 167.2 ms, GC Workers: 13]
      [GC Worker Start (ms): Min: 15655.6, Avg: 15655.6, Max: 15655.7, Diff: 0.2]
      [Ext Root Scanning (ms): Min: 1.5, Avg: 7.2, Max: 17.7, Diff: 16.2, Sum: 93.9]
      [Update RS (ms): Min: 0.0, Avg: 0.4, Max: 1.2, Diff: 1.2, Sum: 5.2]
         [Processed Buffers: Min: 0, Avg: 2.5, Max: 21, Diff: 21, Sum: 33]
      [Scan RS (ms): Min: 2.8, Avg: 12.5, Max: 19.9, Diff: 17.1, Sum: 162.6]
      [Code Root Scanning (ms): Min: 0.0, Avg: 0.2, Max: 2.5, Diff: 2.5, Sum: 2.5]
      [Object Copy (ms): Min: 143.7, Avg: 146.7, Max: 147.8, Diff: 4.1, Sum: 1906.5]
      [Termination (ms): Min: 0.0, Avg: 0.1, Max: 0.1, Diff: 0.1, Sum: 1.2]
      [GC Worker Other (ms): Min: 0.0, Avg: 0.0, Max: 0.0, Diff: 0.0, Sum: 0.3]
      [GC Worker Total (ms): Min: 167.0, Avg: 167.1, Max: 167.2, Diff: 0.2, Sum: 2172.3]
      [GC Worker End (ms): Min: 15822.7, Avg: 15822.7, Max: 15822.8, Diff: 0.0]
   [Code Root Fixup: 1.7 ms]
   [Code Root Migration: 4.0 ms]
   [Clear CT: 0.4 ms]
   [Other: 7.3 ms]
      [Choose CSet: 0.0 ms]
      [Ref Proc: 5.5 ms]
      [Ref Enq: 0.3 ms]
      [Free CSet: 0.2 ms]
   [Eden: 1056.0M(1056.0M)->0.0B(1056.0M) Survivors: 160.0M->160.0M Heap: 1355.3M(24.0G)->504.9M(24.0G)]
 [Times: user=1.94 sys=0.46, real=0.18 secs] 
2014-04-16T09:45:17.741+0900: 16.798: [GC pause (G1 Evacuation Pause) (young), 0.1125195 secs]
   [Parallel Time: 105.3 ms, GC Workers: 13]
      [GC Worker Start (ms): Min: 16798.6, Avg: 16798.6, Max: 16798.7, Diff: 0.1]
      [Ext Root Scanning (ms): Min: 0.9, Avg: 1.4, Max: 2.6, Diff: 1.8, Sum: 18.3]
      [Update RS (ms): Min: 2.7, Avg: 3.2, Max: 4.3, Diff: 1.6, Sum: 41.2]
         [Processed Buffers: Min: 1, Avg: 16.2, Max: 27, Diff: 26, Sum: 210]
      [Scan RS (ms): Min: 4.8, Avg: 5.9, Max: 6.3, Diff: 1.4, Sum: 76.9]
      [Code Root Scanning (ms): Min: 0.0, Avg: 0.0, Max: 0.0, Diff: 0.0, Sum: 0.0]
      [Object Copy (ms): Min: 94.0, Avg: 94.5, Max: 95.0, Diff: 1.0, Sum: 1228.9]
      [Termination (ms): Min: 0.0, Avg: 0.0, Max: 0.0, Diff: 0.0, Sum: 0.1]
      [GC Worker Other (ms): Min: 0.0, Avg: 0.0, Max: 0.1, Diff: 0.1, Sum: 0.6]
      [GC Worker Total (ms): Min: 105.0, Avg: 105.1, Max: 105.1, Diff: 0.1, Sum: 1366.0]
      [GC Worker End (ms): Min: 16903.7, Avg: 16903.7, Max: 16903.8, Diff: 0.1]
   [Code Root Fixup: 0.3 ms]
   [Code Root Migration: 0.1 ms]
   [Clear CT: 0.4 ms]
   [Other: 6.3 ms]
      [Choose CSet: 0.0 ms]
      [Ref Proc: 4.2 ms]
      [Ref Enq: 0.4 ms]
      [Free CSet: 0.3 ms]
   [Eden: 1056.0M(1056.0M)->0.0B(1056.0M) Survivors: 160.0M->160.0M Heap: 1560.9M(24.0G)->712.9M(24.0G)]
 [Times: user=1.25 sys=0.14, real=0.11 secs] 
2014-04-16T09:45:18.722+0900: 17.779: [GC pause (G1 Evacuation Pause) (young), 0.1020894 secs]
   [Parallel Time: 94.9 ms, GC Workers: 13]
      [GC Worker Start (ms): Min: 17779.0, Avg: 17779.1, Max: 17779.1, Diff: 0.1]
      [Ext Root Scanning (ms): Min: 0.9, Avg: 1.3, Max: 1.7, Diff: 0.8, Sum: 17.0]
      [Update RS (ms): Min: 2.8, Avg: 4.1, Max: 4.4, Diff: 1.7, Sum: 53.5]
         [Processed Buffers: Min: 5, Avg: 16.8, Max: 29, Diff: 24, Sum: 219]
      [Scan RS (ms): Min: 4.5, Avg: 4.7, Max: 4.8, Diff: 0.3, Sum: 60.5]
      [Code Root Scanning (ms): Min: 0.0, Avg: 0.0, Max: 0.0, Diff: 0.0, Sum: 0.0]
      [Object Copy (ms): Min: 84.0, Avg: 84.4, Max: 85.4, Diff: 1.3, Sum: 1097.4]
      [Termination (ms): Min: 0.0, Avg: 0.1, Max: 0.1, Diff: 0.1, Sum: 0.8]
      [GC Worker Other (ms): Min: 0.0, Avg: 0.0, Max: 0.1, Diff: 0.1, Sum: 0.6]
      [GC Worker Total (ms): Min: 94.5, Avg: 94.6, Max: 94.7, Diff: 0.2, Sum: 1229.8]
      [GC Worker End (ms): Min: 17873.6, Avg: 17873.7, Max: 17873.7, Diff: 0.1]
   [Code Root Fixup: 0.2 ms]
   [Code Root Migration: 0.0 ms]
   [Clear CT: 0.4 ms]
   [Other: 6.5 ms]
      [Choose CSet: 0.0 ms]
      [Ref Proc: 4.4 ms]
      [Ref Enq: 0.4 ms]
      [Free CSet: 0.3 ms]
   [Eden: 1056.0M(1056.0M)->0.0B(1056.0M) Survivors: 160.0M->160.0M Heap: 1768.9M(24.0G)->960.9M(24.0G)]
 [Times: user=1.20 sys=0.06, real=0.10 secs] 
2014-04-16T09:45:19.733+0900: 18.790: [GC pause (G1 Evacuation Pause) (young), 0.1392225 secs]
   [Parallel Time: 131.0 ms, GC Workers: 13]
      [GC Worker Start (ms): Min: 18790.0, Avg: 18790.0, Max: 18790.1, Diff: 0.1]
      [Ext Root Scanning (ms): Min: 0.9, Avg: 1.3, Max: 2.1, Diff: 1.2, Sum: 17.1]
      [Update RS (ms): Min: 6.0, Avg: 7.2, Max: 8.4, Diff: 2.5, Sum: 94.1]
         [Processed Buffers: Min: 6, Avg: 16.8, Max: 48, Diff: 42, Sum: 218]
      [Scan RS (ms): Min: 5.4, Avg: 6.6, Max: 7.2, Diff: 1.8, Sum: 85.3]
      [Code Root Scanning (ms): Min: 0.0, Avg: 0.0, Max: 0.0, Diff: 0.0, Sum: 0.0]
      [Object Copy (ms): Min: 114.8, Avg: 115.1, Max: 116.1, Diff: 1.3, Sum: 1495.9]
      [Termination (ms): Min: 0.3, Avg: 0.6, Max: 0.7, Diff: 0.5, Sum: 7.9]
      [GC Worker Other (ms): Min: 0.0, Avg: 0.0, Max: 0.1, Diff: 0.0, Sum: 0.4]
      [GC Worker Total (ms): Min: 130.8, Avg: 130.8, Max: 130.9, Diff: 0.1, Sum: 1700.7]
      [GC Worker End (ms): Min: 18920.8, Avg: 18920.9, Max: 18920.9, Diff: 0.1]
   [Code Root Fixup: 0.3 ms]
   [Code Root Migration: 0.0 ms]
   [Clear CT: 0.5 ms]
   [Other: 7.3 ms]
      [Choose CSet: 0.0 ms]
      [Ref Proc: 5.0 ms]
      [Ref Enq: 0.4 ms]
      [Free CSet: 0.4 ms]
   [Eden: 1056.0M(1056.0M)->0.0B(1056.0M) Survivors: 160.0M->160.0M Heap: 2016.9M(24.0G)->1216.9M(24.0G)]
 [Times: user=1.67 sys=0.07, real=0.14 secs] 
2014-04-16T09:45:20.756+0900: 19.813: [GC pause (G1 Evacuation Pause) (young), 0.1214338 secs]
   [Parallel Time: 113.5 ms, GC Workers: 13]
      [GC Worker Start (ms): Min: 19813.2, Avg: 19813.3, Max: 19813.4, Diff: 0.2]
      [Ext Root Scanning (ms): Min: 1.0, Avg: 1.4, Max: 1.8, Diff: 0.8, Sum: 17.9]
      [Update RS (ms): Min: 4.1, Avg: 4.8, Max: 6.6, Diff: 2.5, Sum: 62.5]
         [Processed Buffers: Min: 4, Avg: 16.6, Max: 34, Diff: 30, Sum: 216]
      [Scan RS (ms): Min: 3.9, Avg: 5.4, Max: 5.8, Diff: 1.8, Sum: 70.1]
      [Code Root Scanning (ms): Min: 0.0, Avg: 0.0, Max: 0.0, Diff: 0.0, Sum: 0.0]
      [Object Copy (ms): Min: 101.3, Avg: 101.6, Max: 102.3, Diff: 1.0, Sum: 1321.4]
      [Termination (ms): Min: 0.0, Avg: 0.0, Max: 0.0, Diff: 0.0, Sum: 0.2]
      [GC Worker Other (ms): Min: 0.0, Avg: 0.0, Max: 0.1, Diff: 0.1, Sum: 0.6]
      [GC Worker Total (ms): Min: 113.2, Avg: 113.3, Max: 113.4, Diff: 0.2, Sum: 1472.7]
      [GC Worker End (ms): Min: 19926.6, Avg: 19926.6, Max: 19926.6, Diff: 0.1]
   [Code Root Fixup: 0.4 ms]
   [Code Root Migration: 0.0 ms]
   [Clear CT: 0.6 ms]
   [Other: 6.9 ms]
      [Choose CSet: 0.0 ms]
      [Ref Proc: 4.5 ms]
      [Ref Enq: 0.3 ms]
      [Free CSet: 0.3 ms]
   [Eden: 1056.0M(1056.0M)->0.0B(1056.0M) Survivors: 160.0M->160.0M Heap: 2272.9M(24.0G)->1448.9M(24.0G)]
 [Times: user=1.49 sys=0.06, real=0.13 secs] 
2014-04-16T09:45:21.744+0900: 20.801: [GC pause (G1 Evacuation Pause) (young), 0.1056597 secs]
   [Parallel Time: 98.1 ms, GC Workers: 13]
      [GC Worker Start (ms): Min: 20801.2, Avg: 20801.3, Max: 20801.4, Diff: 0.2]
      [Ext Root Scanning (ms): Min: 1.0, Avg: 1.4, Max: 1.8, Diff: 0.8, Sum: 17.6]
      [Update RS (ms): Min: 5.6, Avg: 6.5, Max: 9.5, Diff: 3.9, Sum: 84.8]
         [Processed Buffers: Min: 8, Avg: 15.8, Max: 25, Diff: 17, Sum: 205]
      [Scan RS (ms): Min: 3.5, Avg: 6.3, Max: 7.0, Diff: 3.4, Sum: 82.2]
      [Code Root Scanning (ms): Min: 0.0, Avg: 0.0, Max: 0.0, Diff: 0.0, Sum: 0.0]
      [Object Copy (ms): Min: 82.8, Avg: 83.2, Max: 84.2, Diff: 1.4, Sum: 1082.0]
      [Termination (ms): Min: 0.0, Avg: 0.4, Max: 0.4, Diff: 0.4, Sum: 5.0]
      [GC Worker Other (ms): Min: 0.0, Avg: 0.0, Max: 0.1, Diff: 0.0, Sum: 0.4]
      [GC Worker Total (ms): Min: 97.8, Avg: 97.8, Max: 98.0, Diff: 0.2, Sum: 1272.0]
      [GC Worker End (ms): Min: 20899.1, Avg: 20899.1, Max: 20899.2, Diff: 0.1]
   [Code Root Fixup: 0.4 ms]
   [Code Root Migration: 0.0 ms]
   [Clear CT: 0.6 ms]
   [Other: 6.5 ms]
      [Choose CSet: 0.0 ms]
      [Ref Proc: 3.8 ms]
      [Ref Enq: 0.3 ms]
      [Free CSet: 0.4 ms]
   [Eden: 1056.0M(1056.0M)->0.0B(1056.0M) Survivors: 160.0M->160.0M Heap: 2504.9M(24.0G)->1704.9M(24.0G)]
 [Times: user=1.23 sys=0.06, real=0.11 secs] 
2014-04-16T09:45:22.722+0900: 21.779: [GC pause (G1 Evacuation Pause) (young), 0.1070176 secs]
   [Parallel Time: 99.2 ms, GC Workers: 13]
      [GC Worker Start (ms): Min: 21779.4, Avg: 21779.5, Max: 21779.6, Diff: 0.2]
      [Ext Root Scanning (ms): Min: 0.9, Avg: 1.3, Max: 1.9, Diff: 1.1, Sum: 17.4]
      [Update RS (ms): Min: 5.7, Avg: 6.0, Max: 6.7, Diff: 1.0, Sum: 78.2]
         [Processed Buffers: Min: 6, Avg: 15.6, Max: 38, Diff: 32, Sum: 203]
      [Scan RS (ms): Min: 7.2, Avg: 7.8, Max: 8.3, Diff: 1.1, Sum: 101.9]
      [Code Root Scanning (ms): Min: 0.0, Avg: 0.0, Max: 0.0, Diff: 0.0, Sum: 0.0]
      [Object Copy (ms): Min: 83.5, Avg: 83.7, Max: 84.4, Diff: 0.8, Sum: 1088.7]
      [Termination (ms): Min: 0.0, Avg: 0.0, Max: 0.0, Diff: 0.0, Sum: 0.1]
      [GC Worker Other (ms): Min: 0.0, Avg: 0.0, Max: 0.1, Diff: 0.1, Sum: 0.6]
      [GC Worker Total (ms): Min: 98.9, Avg: 99.0, Max: 99.1, Diff: 0.2, Sum: 1286.8]
      [GC Worker End (ms): Min: 21878.5, Avg: 21878.5, Max: 21878.5, Diff: 0.1]
   [Code Root Fixup: 0.3 ms]
   [Code Root Migration: 0.0 ms]
   [Clear CT: 0.6 ms]
   [Other: 6.8 ms]
      [Choose CSet: 0.0 ms]
      [Ref Proc: 3.9 ms]
      [Ref Enq: 0.3 ms]
      [Free CSet: 0.5 ms]
   [Eden: 1056.0M(1056.0M)->0.0B(1056.0M) Survivors: 160.0M->160.0M Heap: 2760.9M(24.0G)->1928.9M(24.0G)]
 [Times: user=1.25 sys=0.06, real=0.11 secs] 
2014-04-16T09:45:23.700+0900: 22.757: [GC pause (G1 Evacuation Pause) (young), 0.1840643 secs]
   [Parallel Time: 175.5 ms, GC Workers: 13]
      [GC Worker Start (ms): Min: 22757.0, Avg: 22757.0, Max: 22757.1, Diff: 0.2]
      [Ext Root Scanning (ms): Min: 0.9, Avg: 1.5, Max: 2.3, Diff: 1.4, Sum: 19.6]
      [Update RS (ms): Min: 8.1, Avg: 11.5, Max: 17.5, Diff: 9.3, Sum: 149.3]
         [Processed Buffers: Min: 1, Avg: 16.2, Max: 31, Diff: 30, Sum: 210]
      [Scan RS (ms): Min: 5.0, Avg: 11.0, Max: 14.4, Diff: 9.4, Sum: 143.6]
      [Code Root Scanning (ms): Min: 0.0, Avg: 0.0, Max: 0.0, Diff: 0.0, Sum: 0.1]
      [Object Copy (ms): Min: 149.5, Avg: 150.4, Max: 151.2, Diff: 1.8, Sum: 1955.7]
      [Termination (ms): Min: 0.0, Avg: 0.7, Max: 0.9, Diff: 0.9, Sum: 8.9]
      [GC Worker Other (ms): Min: 0.0, Avg: 0.1, Max: 0.1, Diff: 0.1, Sum: 0.7]
      [GC Worker Total (ms): Min: 175.1, Avg: 175.2, Max: 175.3, Diff: 0.2, Sum: 2277.8]
      [GC Worker End (ms): Min: 22932.2, Avg: 22932.2, Max: 22932.3, Diff: 0.1]
   [Code Root Fixup: 0.4 ms]
   [Code Root Migration: 0.0 ms]
   [Clear CT: 0.8 ms]
   [Other: 7.4 ms]
      [Choose CSet: 0.0 ms]
      [Ref Proc: 4.2 ms]
      [Ref Enq: 0.3 ms]
      [Free CSet: 0.5 ms]
   [Eden: 1056.0M(1056.0M)->0.0B(1056.0M) Survivors: 160.0M->160.0M Heap: 2984.9M(24.0G)->2184.9M(24.0G)]
 [Times: user=2.23 sys=0.06, real=0.18 secs] 
2014-04-16T09:45:24.751+0900: 23.808: [GC pause (G1 Evacuation Pause) (young), 0.1386402 secs]
   [Parallel Time: 129.5 ms, GC Workers: 13]
      [GC Worker Start (ms): Min: 23808.3, Avg: 23808.3, Max: 23808.4, Diff: 0.1]
      [Ext Root Scanning (ms): Min: 0.8, Avg: 1.3, Max: 1.9, Diff: 1.2, Sum: 17.2]
      [Update RS (ms): Min: 3.3, Avg: 3.9, Max: 5.2, Diff: 2.0, Sum: 50.7]
         [Processed Buffers: Min: 7, Avg: 15.0, Max: 23, Diff: 16, Sum: 195]
      [Scan RS (ms): Min: 6.7, Avg: 8.4, Max: 8.9, Diff: 2.2, Sum: 109.4]
      [Code Root Scanning (ms): Min: 0.0, Avg: 0.0, Max: 0.0, Diff: 0.0, Sum: 0.0]
      [Object Copy (ms): Min: 113.9, Avg: 114.5, Max: 116.5, Diff: 2.6, Sum: 1488.1]
      [Termination (ms): Min: 0.0, Avg: 1.2, Max: 1.4, Diff: 1.4, Sum: 15.0]
      [GC Worker Other (ms): Min: 0.0, Avg: 0.0, Max: 0.1, Diff: 0.0, Sum: 0.4]
      [GC Worker Total (ms): Min: 129.2, Avg: 129.3, Max: 129.4, Diff: 0.1, Sum: 1680.8]
      [GC Worker End (ms): Min: 23937.6, Avg: 23937.6, Max: 23937.7, Diff: 0.1]
   [Code Root Fixup: 0.4 ms]
   [Code Root Migration: 0.0 ms]
   [Clear CT: 0.8 ms]
   [Other: 8.0 ms]
      [Choose CSet: 0.0 ms]
      [Ref Proc: 4.8 ms]
      [Ref Enq: 0.3 ms]
      [Free CSet: 0.5 ms]
   [Eden: 1056.0M(1056.0M)->0.0B(1056.0M) Survivors: 160.0M->160.0M Heap: 3240.9M(24.0G)->2432.9M(24.0G)]
 [Times: user=1.67 sys=0.05, real=0.14 secs] 
2014-04-16T09:45:25.777+0900: 24.834: [GC pause (G1 Evacuation Pause) (young), 0.1094262 secs]
   [Parallel Time: 101.1 ms, GC Workers: 13]
      [GC Worker Start (ms): Min: 24833.9, Avg: 24834.0, Max: 24834.1, Diff: 0.1]
      [Ext Root Scanning (ms): Min: 1.3, Avg: 1.4, Max: 1.9, Diff: 0.6, Sum: 18.3]
      [Update RS (ms): Min: 5.3, Avg: 6.2, Max: 7.2, Diff: 2.0, Sum: 80.8]
         [Processed Buffers: Min: 7, Avg: 15.8, Max: 32, Diff: 25, Sum: 206]
      [Scan RS (ms): Min: 7.9, Avg: 8.8, Max: 9.3, Diff: 1.4, Sum: 114.9]
      [Code Root Scanning (ms): Min: 0.0, Avg: 0.0, Max: 0.0, Diff: 0.0, Sum: 0.0]
      [Object Copy (ms): Min: 84.1, Avg: 84.2, Max: 84.3, Diff: 0.3, Sum: 1094.3]
      [Termination (ms): Min: 0.0, Avg: 0.1, Max: 0.2, Diff: 0.2, Sum: 1.8]
      [GC Worker Other (ms): Min: 0.0, Avg: 0.0, Max: 0.1, Diff: 0.0, Sum: 0.4]
      [GC Worker Total (ms): Min: 100.7, Avg: 100.8, Max: 100.9, Diff: 0.2, Sum: 1310.6]
      [GC Worker End (ms): Min: 24934.8, Avg: 24934.8, Max: 24934.9, Diff: 0.1]
   [Code Root Fixup: 0.3 ms]
   [Code Root Migration: 0.0 ms]
   [Clear CT: 0.8 ms]
   [Other: 7.3 ms]
      [Choose CSet: 0.0 ms]
      [Ref Proc: 4.1 ms]
      [Ref Enq: 0.3 ms]
      [Free CSet: 0.5 ms]
   [Eden: 1056.0M(1056.0M)->0.0B(1056.0M) Survivors: 160.0M->160.0M Heap: 3488.9M(24.0G)->2680.9M(24.0G)]
 [Times: user=1.27 sys=0.08, real=0.11 secs] 
2014-04-16T09:45:26.751+0900: 25.808: [GC pause (G1 Evacuation Pause) (young), 0.1122282 secs]
   [Parallel Time: 104.1 ms, GC Workers: 13]
      [GC Worker Start (ms): Min: 25808.0, Avg: 25808.0, Max: 25808.1, Diff: 0.1]
      [Ext Root Scanning (ms): Min: 1.0, Avg: 1.4, Max: 2.0, Diff: 1.0, Sum: 18.3]
      [Update RS (ms): Min: 5.2, Avg: 7.0, Max: 12.0, Diff: 6.8, Sum: 90.6]
         [Processed Buffers: Min: 7, Avg: 16.8, Max: 32, Diff: 25, Sum: 219]
      [Scan RS (ms): Min: 4.7, Avg: 9.6, Max: 10.8, Diff: 6.1, Sum: 125.0]
      [Code Root Scanning (ms): Min: 0.0, Avg: 0.0, Max: 0.0, Diff: 0.0, Sum: 0.0]
      [Object Copy (ms): Min: 85.3, Avg: 85.6, Max: 86.3, Diff: 1.0, Sum: 1113.0]
      [Termination (ms): Min: 0.0, Avg: 0.2, Max: 0.2, Diff: 0.2, Sum: 2.2]
      [GC Worker Other (ms): Min: 0.0, Avg: 0.0, Max: 0.1, Diff: 0.0, Sum: 0.3]
      [GC Worker Total (ms): Min: 103.7, Avg: 103.8, Max: 103.9, Diff: 0.1, Sum: 1349.5]
      [GC Worker End (ms): Min: 25911.8, Avg: 25911.8, Max: 25911.9, Diff: 0.1]
   [Code Root Fixup: 0.4 ms]
   [Code Root Migration: 0.0 ms]
   [Clear CT: 0.8 ms]
   [Other: 6.9 ms]
      [Choose CSet: 0.0 ms]
      [Ref Proc: 3.7 ms]
      [Ref Enq: 0.3 ms]
      [Free CSet: 0.6 ms]
   [Eden: 1056.0M(1056.0M)->0.0B(1056.0M) Survivors: 160.0M->160.0M Heap: 3736.9M(24.0G)->2928.9M(24.0G)]
 [Times: user=1.32 sys=0.06, real=0.11 secs] 
2014-04-16T09:45:27.731+0900: 26.788: [GC pause (G1 Evacuation Pause) (young), 0.1094688 secs]
   [Parallel Time: 101.2 ms, GC Workers: 13]
      [GC Worker Start (ms): Min: 26788.1, Avg: 26788.2, Max: 26788.3, Diff: 0.2]
      [Ext Root Scanning (ms): Min: 1.0, Avg: 1.5, Max: 2.1, Diff: 1.1, Sum: 19.2]
      [Update RS (ms): Min: 5.2, Avg: 6.9, Max: 10.7, Diff: 5.5, Sum: 89.3]
         [Processed Buffers: Min: 1, Avg: 15.2, Max: 26, Diff: 25, Sum: 198]
      [Scan RS (ms): Min: 5.1, Avg: 9.1, Max: 10.2, Diff: 5.1, Sum: 118.2]
      [Code Root Scanning (ms): Min: 0.0, Avg: 0.0, Max: 0.0, Diff: 0.0, Sum: 0.0]
      [Object Copy (ms): Min: 83.0, Avg: 83.4, Max: 84.7, Diff: 1.7, Sum: 1084.6]
      [Termination (ms): Min: 0.0, Avg: 0.0, Max: 0.0, Diff: 0.0, Sum: 0.0]
      [GC Worker Other (ms): Min: 0.0, Avg: 0.0, Max: 0.1, Diff: 0.1, Sum: 0.6]
      [GC Worker Total (ms): Min: 100.8, Avg: 100.9, Max: 101.0, Diff: 0.2, Sum: 1312.1]
      [GC Worker End (ms): Min: 26889.1, Avg: 26889.1, Max: 26889.2, Diff: 0.1]
   [Code Root Fixup: 0.4 ms]
   [Code Root Migration: 0.0 ms]
   [Clear CT: 0.8 ms]
   [Other: 7.0 ms]
      [Choose CSet: 0.0 ms]
      [Ref Proc: 3.9 ms]
      [Ref Enq: 0.3 ms]
      [Free CSet: 0.6 ms]
   [Eden: 1056.0M(1056.0M)->0.0B(1056.0M) Survivors: 160.0M->160.0M Heap: 3984.9M(24.0G)->3176.9M(24.0G)]
 [Times: user=1.28 sys=0.05, real=0.11 secs] 
2014-04-16T09:45:28.721+0900: 27.778: [GC pause (G1 Evacuation Pause) (young), 0.1102551 secs]
   [Parallel Time: 101.7 ms, GC Workers: 13]
      [GC Worker Start (ms): Min: 27778.3, Avg: 27778.4, Max: 27778.5, Diff: 0.1]
      [Ext Root Scanning (ms): Min: 1.0, Avg: 1.5, Max: 2.1, Diff: 1.0, Sum: 19.1]
      [Update RS (ms): Min: 5.5, Avg: 6.6, Max: 9.4, Diff: 3.9, Sum: 86.3]
         [Processed Buffers: Min: 2, Avg: 15.3, Max: 28, Diff: 26, Sum: 199]
      [Scan RS (ms): Min: 6.2, Avg: 9.1, Max: 10.0, Diff: 3.8, Sum: 117.9]
      [Code Root Scanning (ms): Min: 0.0, Avg: 0.0, Max: 0.0, Diff: 0.0, Sum: 0.0]
      [Object Copy (ms): Min: 84.0, Avg: 84.2, Max: 84.6, Diff: 0.6, Sum: 1094.5]
      [Termination (ms): Min: 0.0, Avg: 0.0, Max: 0.0, Diff: 0.0, Sum: 0.1]
      [GC Worker Other (ms): Min: 0.0, Avg: 0.0, Max: 0.1, Diff: 0.1, Sum: 0.5]
      [GC Worker Total (ms): Min: 101.3, Avg: 101.4, Max: 101.5, Diff: 0.2, Sum: 1318.3]
      [GC Worker End (ms): Min: 27879.8, Avg: 27879.8, Max: 27879.8, Diff: 0.1]
   [Code Root Fixup: 0.4 ms]
   [Code Root Migration: 0.0 ms]
   [Clear CT: 1.0 ms]
   [Other: 7.2 ms]
      [Choose CSet: 0.0 ms]
      [Ref Proc: 4.0 ms]
      [Ref Enq: 0.3 ms]
      [Free CSet: 0.6 ms]
   [Eden: 1056.0M(1056.0M)->0.0B(1056.0M) Survivors: 160.0M->160.0M Heap: 4232.9M(24.0G)->3416.9M(24.0G)]
 [Times: user=1.30 sys=0.06, real=0.11 secs] 
2014-04-16T09:45:29.687+0900: 28.744: [GC pause (G1 Evacuation Pause) (young), 0.1100274 secs]
   [Parallel Time: 101.4 ms, GC Workers: 13]
      [GC Worker Start (ms): Min: 28744.6, Avg: 28744.7, Max: 28744.8, Diff: 0.1]
      [Ext Root Scanning (ms): Min: 1.0, Avg: 1.3, Max: 1.5, Diff: 0.6, Sum: 17.3]
      [Update RS (ms): Min: 6.5, Avg: 7.1, Max: 9.8, Diff: 3.3, Sum: 92.4]
         [Processed Buffers: Min: 2, Avg: 15.0, Max: 29, Diff: 27, Sum: 195]
      [Scan RS (ms): Min: 7.1, Avg: 9.9, Max: 10.6, Diff: 3.5, Sum: 128.3]
      [Code Root Scanning (ms): Min: 0.0, Avg: 0.0, Max: 0.0, Diff: 0.0, Sum: 0.0]
      [Object Copy (ms): Min: 82.4, Avg: 82.7, Max: 83.0, Diff: 0.6, Sum: 1075.4]
      [Termination (ms): Min: 0.0, Avg: 0.0, Max: 0.0, Diff: 0.0, Sum: 0.1]
      [GC Worker Other (ms): Min: 0.0, Avg: 0.0, Max: 0.1, Diff: 0.1, Sum: 0.5]
      [GC Worker Total (ms): Min: 101.0, Avg: 101.1, Max: 101.2, Diff: 0.2, Sum: 1314.0]
      [GC Worker End (ms): Min: 28845.8, Avg: 28845.8, Max: 28845.8, Diff: 0.1]
   [Code Root Fixup: 0.4 ms]
   [Code Root Migration: 0.0 ms]
   [Clear CT: 0.9 ms]
   [Other: 7.3 ms]
      [Choose CSet: 0.0 ms]
      [Ref Proc: 3.9 ms]
      [Ref Enq: 0.3 ms]
      [Free CSet: 0.6 ms]
   [Eden: 1056.0M(1056.0M)->0.0B(1056.0M) Survivors: 160.0M->160.0M Heap: 4472.9M(24.0G)->3656.9M(24.0G)]
 [Times: user=1.28 sys=0.06, real=0.11 secs] 
2014-04-16T09:45:30.671+0900: 29.728: [GC pause (G1 Evacuation Pause) (young), 0.1183292 secs]
   [Parallel Time: 109.7 ms, GC Workers: 13]
      [GC Worker Start (ms): Min: 29728.6, Avg: 29728.7, Max: 29728.7, Diff: 0.2]
      [Ext Root Scanning (ms): Min: 0.9, Avg: 1.4, Max: 2.1, Diff: 1.2, Sum: 17.9]
      [Update RS (ms): Min: 6.0, Avg: 8.2, Max: 12.1, Diff: 6.1, Sum: 106.3]
         [Processed Buffers: Min: 1, Avg: 14.2, Max: 31, Diff: 30, Sum: 184]
      [Scan RS (ms): Min: 6.4, Avg: 10.2, Max: 11.9, Diff: 5.4, Sum: 132.7]
      [Code Root Scanning (ms): Min: 0.0, Avg: 0.0, Max: 0.0, Diff: 0.0, Sum: 0.0]
      [Object Copy (ms): Min: 88.9, Avg: 89.2, Max: 89.8, Diff: 0.8, Sum: 1159.6]
      [Termination (ms): Min: 0.1, Avg: 0.4, Max: 0.4, Diff: 0.4, Sum: 5.1]
      [GC Worker Other (ms): Min: 0.0, Avg: 0.0, Max: 0.1, Diff: 0.1, Sum: 0.5]
      [GC Worker Total (ms): Min: 109.3, Avg: 109.4, Max: 109.5, Diff: 0.2, Sum: 1422.2]
      [GC Worker End (ms): Min: 29838.0, Avg: 29838.1, Max: 29838.1, Diff: 0.1]
   [Code Root Fixup: 0.2 ms]
   [Code Root Migration: 0.0 ms]
   [Clear CT: 1.0 ms]
   [Other: 7.4 ms]
      [Choose CSet: 0.0 ms]
      [Ref Proc: 3.9 ms]
      [Ref Enq: 0.3 ms]
      [Free CSet: 0.6 ms]
   [Eden: 1056.0M(1056.0M)->0.0B(1056.0M) Survivors: 160.0M->160.0M Heap: 4712.9M(24.0G)->3880.9M(24.0G)]
 [Times: user=1.40 sys=0.05, real=0.12 secs] 
2014-04-16T09:45:31.658+0900: 30.715: [GC pause (G1 Evacuation Pause) (young), 0.1106503 secs]
   [Parallel Time: 101.8 ms, GC Workers: 13]
      [GC Worker Start (ms): Min: 30715.1, Avg: 30715.2, Max: 30715.3, Diff: 0.1]
      [Ext Root Scanning (ms): Min: 0.9, Avg: 1.4, Max: 2.0, Diff: 1.0, Sum: 18.1]
      [Update RS (ms): Min: 5.6, Avg: 6.8, Max: 9.4, Diff: 3.8, Sum: 88.4]
         [Processed Buffers: Min: 4, Avg: 14.9, Max: 28, Diff: 24, Sum: 194]
      [Scan RS (ms): Min: 8.3, Avg: 10.8, Max: 11.6, Diff: 3.4, Sum: 140.5]
      [Code Root Scanning (ms): Min: 0.0, Avg: 0.0, Max: 0.0, Diff: 0.0, Sum: 0.0]
      [Object Copy (ms): Min: 82.1, Avg: 82.3, Max: 82.6, Diff: 0.6, Sum: 1069.9]
      [Termination (ms): Min: 0.0, Avg: 0.2, Max: 0.3, Diff: 0.3, Sum: 3.2]
      [GC Worker Other (ms): Min: 0.0, Avg: 0.0, Max: 0.1, Diff: 0.0, Sum: 0.3]
      [GC Worker Total (ms): Min: 101.5, Avg: 101.6, Max: 101.7, Diff: 0.2, Sum: 1320.4]
      [GC Worker End (ms): Min: 30816.7, Avg: 30816.8, Max: 30816.8, Diff: 0.1]
   [Code Root Fixup: 0.4 ms]
   [Code Root Migration: 0.0 ms]
   [Clear CT: 1.1 ms]
   [Other: 7.4 ms]
      [Choose CSet: 0.0 ms]
      [Ref Proc: 3.9 ms]
      [Ref Enq: 0.3 ms]
      [Free CSet: 0.6 ms]
   [Eden: 1056.0M(1056.0M)->0.0B(1056.0M) Survivors: 160.0M->160.0M Heap: 4936.9M(24.0G)->4120.9M(24.0G)]
 [Times: user=1.29 sys=0.06, real=0.11 secs] 
2014-04-16T09:45:32.661+0900: 31.718: [GC pause (G1 Evacuation Pause) (young), 0.1866989 secs]
   [Parallel Time: 178.1 ms, GC Workers: 13]
      [GC Worker Start (ms): Min: 31718.7, Avg: 31718.7, Max: 31718.8, Diff: 0.1]
      [Ext Root Scanning (ms): Min: 1.3, Avg: 1.4, Max: 2.0, Diff: 0.7, Sum: 18.7]
      [Update RS (ms): Min: 8.2, Avg: 9.6, Max: 18.0, Diff: 9.8, Sum: 125.4]
         [Processed Buffers: Min: 0, Avg: 14.5, Max: 37, Diff: 37, Sum: 188]
      [Scan RS (ms): Min: 8.5, Avg: 16.8, Max: 18.3, Diff: 9.8, Sum: 218.2]
      [Code Root Scanning (ms): Min: 0.0, Avg: 0.0, Max: 0.0, Diff: 0.0, Sum: 0.1]
      [Object Copy (ms): Min: 149.0, Avg: 149.3, Max: 149.9, Diff: 0.9, Sum: 1941.0]
      [Termination (ms): Min: 0.0, Avg: 0.6, Max: 0.8, Diff: 0.8, Sum: 8.1]
      [GC Worker Other (ms): Min: 0.0, Avg: 0.0, Max: 0.1, Diff: 0.1, Sum: 0.6]
      [GC Worker Total (ms): Min: 177.8, Avg: 177.8, Max: 177.9, Diff: 0.2, Sum: 2312.0]
      [GC Worker End (ms): Min: 31896.6, Avg: 31896.6, Max: 31896.6, Diff: 0.1]
   [Code Root Fixup: 0.3 ms]
   [Code Root Migration: 0.0 ms]
   [Clear CT: 1.1 ms]
   [Other: 7.1 ms]
      [Choose CSet: 0.0 ms]
      [Ref Proc: 3.8 ms]
      [Ref Enq: 0.3 ms]
      [Free CSet: 0.6 ms]
   [Eden: 1056.0M(1056.0M)->0.0B(1056.0M) Survivors: 160.0M->160.0M Heap: 5176.9M(24.0G)->4360.9M(24.0G)]
 [Times: user=2.25 sys=0.07, real=0.18 secs] 
2014-04-16T09:45:33.731+0900: 32.788: [GC pause (G1 Evacuation Pause) (young), 0.1220005 secs]
   [Parallel Time: 112.2 ms, GC Workers: 13]
      [GC Worker Start (ms): Min: 32788.1, Avg: 32788.2, Max: 32788.2, Diff: 0.1]
      [Ext Root Scanning (ms): Min: 1.3, Avg: 1.5, Max: 2.2, Diff: 0.9, Sum: 19.3]
      [Update RS (ms): Min: 2.8, Avg: 4.0, Max: 5.4, Diff: 2.7, Sum: 52.1]
         [Processed Buffers: Min: 1, Avg: 15.0, Max: 30, Diff: 29, Sum: 195]
      [Scan RS (ms): Min: 8.2, Avg: 9.7, Max: 10.5, Diff: 2.4, Sum: 125.8]
      [Code Root Scanning (ms): Min: 0.0, Avg: 0.0, Max: 0.0, Diff: 0.0, Sum: 0.0]
      [Object Copy (ms): Min: 96.0, Avg: 96.7, Max: 97.4, Diff: 1.3, Sum: 1257.1]
      [Termination (ms): Min: 0.0, Avg: 0.1, Max: 0.1, Diff: 0.1, Sum: 1.2]
      [GC Worker Other (ms): Min: 0.0, Avg: 0.0, Max: 0.1, Diff: 0.0, Sum: 0.4]
      [GC Worker Total (ms): Min: 111.9, Avg: 112.0, Max: 112.1, Diff: 0.2, Sum: 1456.0]
      [GC Worker End (ms): Min: 32900.1, Avg: 32900.2, Max: 32900.2, Diff: 0.1]
   [Code Root Fixup: 0.4 ms]
   [Code Root Migration: 0.0 ms]
   [Clear CT: 1.2 ms]
   [Other: 8.2 ms]
      [Choose CSet: 0.0 ms]
      [Ref Proc: 4.7 ms]
      [Ref Enq: 0.3 ms]
      [Free CSet: 0.6 ms]
   [Eden: 1056.0M(1056.0M)->0.0B(1056.0M) Survivors: 160.0M->160.0M Heap: 5416.9M(24.0G)->4600.9M(24.0G)]
 [Times: user=1.44 sys=0.06, real=0.12 secs] 
2014-04-16T09:45:34.782+0900: 33.839: [GC pause (G1 Evacuation Pause) (young), 0.1116322 secs]
   [Parallel Time: 102.9 ms, GC Workers: 13]
      [GC Worker Start (ms): Min: 33838.9, Avg: 33839.0, Max: 33839.0, Diff: 0.1]
      [Ext Root Scanning (ms): Min: 0.9, Avg: 1.4, Max: 2.2, Diff: 1.3, Sum: 18.5]
      [Update RS (ms): Min: 5.1, Avg: 5.5, Max: 6.5, Diff: 1.4, Sum: 71.5]
         [Processed Buffers: Min: 4, Avg: 13.7, Max: 22, Diff: 18, Sum: 178]
      [Scan RS (ms): Min: 9.9, Avg: 10.8, Max: 11.2, Diff: 1.3, Sum: 140.2]
      [Code Root Scanning (ms): Min: 0.0, Avg: 0.0, Max: 0.0, Diff: 0.0, Sum: 0.0]
      [Object Copy (ms): Min: 84.5, Avg: 84.8, Max: 85.3, Diff: 0.8, Sum: 1102.6]
      [Termination (ms): Min: 0.0, Avg: 0.1, Max: 0.1, Diff: 0.1, Sum: 0.8]
      [GC Worker Other (ms): Min: 0.0, Avg: 0.0, Max: 0.1, Diff: 0.1, Sum: 0.6]
      [GC Worker Total (ms): Min: 102.6, Avg: 102.6, Max: 102.7, Diff: 0.2, Sum: 1334.3]
      [GC Worker End (ms): Min: 33941.6, Avg: 33941.6, Max: 33941.7, Diff: 0.1]
   [Code Root Fixup: 0.3 ms]
   [Code Root Migration: 0.0 ms]
   [Clear CT: 1.1 ms]
   [Other: 7.3 ms]
      [Choose CSet: 0.0 ms]
      [Ref Proc: 4.0 ms]
      [Ref Enq: 0.3 ms]
      [Free CSet: 0.6 ms]
   [Eden: 1056.0M(1056.0M)->0.0B(1056.0M) Survivors: 160.0M->160.0M Heap: 5656.9M(24.0G)->4840.9M(24.0G)]
 [Times: user=1.30 sys=0.06, real=0.11 secs] 
2014-04-16T09:45:35.759+0900: 34.816: [GC pause (G1 Evacuation Pause) (young), 0.1020471 secs]
   [Parallel Time: 93.3 ms, GC Workers: 13]
      [GC Worker Start (ms): Min: 34816.2, Avg: 34816.3, Max: 34816.4, Diff: 0.1]
      [Ext Root Scanning (ms): Min: 1.1, Avg: 1.5, Max: 2.1, Diff: 1.0, Sum: 19.1]
      [Update RS (ms): Min: 5.4, Avg: 5.9, Max: 6.6, Diff: 1.2, Sum: 77.3]
         [Processed Buffers: Min: 9, Avg: 15.8, Max: 25, Diff: 16, Sum: 206]
      [Scan RS (ms): Min: 10.4, Avg: 11.0, Max: 11.6, Diff: 1.2, Sum: 142.8]
      [Code Root Scanning (ms): Min: 0.0, Avg: 0.0, Max: 0.0, Diff: 0.0, Sum: 0.0]
      [Object Copy (ms): Min: 74.3, Avg: 74.6, Max: 75.1, Diff: 0.8, Sum: 969.6]
      [Termination (ms): Min: 0.0, Avg: 0.0, Max: 0.0, Diff: 0.0, Sum: 0.1]
      [GC Worker Other (ms): Min: 0.0, Avg: 0.0, Max: 0.1, Diff: 0.1, Sum: 0.6]
      [GC Worker Total (ms): Min: 92.9, Avg: 93.0, Max: 93.1, Diff: 0.2, Sum: 1209.5]
      [GC Worker End (ms): Min: 34909.3, Avg: 34909.3, Max: 34909.3, Diff: 0.1]
   [Code Root Fixup: 0.2 ms]
   [Code Root Migration: 0.0 ms]
   [Clear CT: 1.2 ms]
   [Other: 7.3 ms]
      [Choose CSet: 0.0 ms]
      [Ref Proc: 4.0 ms]
      [Ref Enq: 0.3 ms]
      [Free CSet: 0.6 ms]
   [Eden: 1056.0M(1056.0M)->0.0B(1056.0M) Survivors: 160.0M->160.0M Heap: 5896.9M(24.0G)->5072.9M(24.0G)]
 [Times: user=1.18 sys=0.06, real=0.11 secs] 
2014-04-16T09:45:36.712+0900: 35.769: [GC pause (G1 Evacuation Pause) (young), 0.1146596 secs]
   [Parallel Time: 105.4 ms, GC Workers: 13]
      [GC Worker Start (ms): Min: 35769.6, Avg: 35769.7, Max: 35769.7, Diff: 0.1]
      [Ext Root Scanning (ms): Min: 0.9, Avg: 1.4, Max: 2.0, Diff: 1.2, Sum: 17.9]
      [Update RS (ms): Min: 5.3, Avg: 6.1, Max: 7.8, Diff: 2.5, Sum: 78.9]
         [Processed Buffers: Min: 9, Avg: 15.2, Max: 23, Diff: 14, Sum: 197]
      [Scan RS (ms): Min: 9.3, Avg: 10.8, Max: 11.2, Diff: 1.9, Sum: 140.6]
      [Code Root Scanning (ms): Min: 0.0, Avg: 0.0, Max: 0.0, Diff: 0.0, Sum: 0.0]
      [Object Copy (ms): Min: 86.4, Avg: 86.8, Max: 87.6, Diff: 1.2, Sum: 1128.7]
      [Termination (ms): Min: 0.0, Avg: 0.1, Max: 0.2, Diff: 0.2, Sum: 1.7]
      [GC Worker Other (ms): Min: 0.0, Avg: 0.0, Max: 0.1, Diff: 0.0, Sum: 0.4]
      [GC Worker Total (ms): Min: 105.2, Avg: 105.2, Max: 105.3, Diff: 0.1, Sum: 1368.2]
      [GC Worker End (ms): Min: 35874.9, Avg: 35874.9, Max: 35875.0, Diff: 0.1]
   [Code Root Fixup: 0.4 ms]
   [Code Root Migration: 0.0 ms]
   [Clear CT: 1.3 ms]
   [Other: 7.4 ms]
      [Choose CSet: 0.0 ms]
      [Ref Proc: 4.0 ms]
      [Ref Enq: 0.3 ms]
      [Free CSet: 0.6 ms]
   [Eden: 1056.0M(1056.0M)->0.0B(1056.0M) Survivors: 160.0M->160.0M Heap: 6128.9M(24.0G)->5312.9M(24.0G)]
 [Times: user=1.35 sys=0.05, real=0.11 secs] 
2014-04-16T09:45:37.700+0900: 36.757: [GC pause (G1 Evacuation Pause) (young), 0.1114215 secs]
   [Parallel Time: 102.3 ms, GC Workers: 13]
      [GC Worker Start (ms): Min: 36757.7, Avg: 36757.8, Max: 36757.9, Diff: 0.1]
      [Ext Root Scanning (ms): Min: 1.0, Avg: 1.4, Max: 1.9, Diff: 0.9, Sum: 17.6]
      [Update RS (ms): Min: 5.0, Avg: 5.8, Max: 6.0, Diff: 1.0, Sum: 74.8]
         [Processed Buffers: Min: 5, Avg: 14.2, Max: 23, Diff: 18, Sum: 185]
      [Scan RS (ms): Min: 10.8, Avg: 11.2, Max: 11.5, Diff: 0.7, Sum: 145.2]
      [Code Root Scanning (ms): Min: 0.0, Avg: 0.0, Max: 0.0, Diff: 0.0, Sum: 0.0]
      [Object Copy (ms): Min: 83.0, Avg: 83.3, Max: 84.1, Diff: 1.0, Sum: 1083.2]
      [Termination (ms): Min: 0.1, Avg: 0.4, Max: 0.5, Diff: 0.5, Sum: 5.7]
      [GC Worker Other (ms): Min: 0.0, Avg: 0.0, Max: 0.1, Diff: 0.0, Sum: 0.4]
      [GC Worker Total (ms): Min: 102.0, Avg: 102.1, Max: 102.1, Diff: 0.1, Sum: 1326.9]
      [GC Worker End (ms): Min: 36859.8, Avg: 36859.9, Max: 36859.9, Diff: 0.1]
   [Code Root Fixup: 0.4 ms]
   [Code Root Migration: 0.0 ms]
   [Clear CT: 1.3 ms]
   [Other: 7.4 ms]
      [Choose CSet: 0.0 ms]
      [Ref Proc: 3.9 ms]
      [Ref Enq: 0.3 ms]
      [Free CSet: 0.6 ms]
   [Eden: 1056.0M(1056.0M)->0.0B(1056.0M) Survivors: 160.0M->160.0M Heap: 6368.9M(24.0G)->5544.9M(24.0G)]
 [Times: user=1.31 sys=0.06, real=0.11 secs] 
2014-04-16T09:45:38.680+0900: 37.737: [GC pause (G1 Evacuation Pause) (young), 0.1153313 secs]
   [Parallel Time: 106.1 ms, GC Workers: 13]
      [GC Worker Start (ms): Min: 37737.4, Avg: 37737.4, Max: 37737.5, Diff: 0.1]
      [Ext Root Scanning (ms): Min: 1.1, Avg: 1.5, Max: 2.1, Diff: 1.0, Sum: 19.0]
      [Update RS (ms): Min: 4.6, Avg: 5.9, Max: 7.4, Diff: 2.8, Sum: 76.9]
         [Processed Buffers: Min: 9, Avg: 13.3, Max: 21, Diff: 12, Sum: 173]
      [Scan RS (ms): Min: 11.4, Avg: 12.6, Max: 12.9, Diff: 1.5, Sum: 163.4]
      [Code Root Scanning (ms): Min: 0.0, Avg: 0.0, Max: 0.0, Diff: 0.0, Sum: 0.0]
      [Object Copy (ms): Min: 85.6, Avg: 85.9, Max: 86.6, Diff: 1.0, Sum: 1116.5]
      [Termination (ms): Min: 0.0, Avg: 0.0, Max: 0.0, Diff: 0.0, Sum: 0.1]
      [GC Worker Other (ms): Min: 0.0, Avg: 0.0, Max: 0.1, Diff: 0.1, Sum: 0.6]
      [GC Worker Total (ms): Min: 105.8, Avg: 105.9, Max: 106.0, Diff: 0.2, Sum: 1376.5]
      [GC Worker End (ms): Min: 37843.3, Avg: 37843.3, Max: 37843.4, Diff: 0.1]
   [Code Root Fixup: 0.4 ms]
   [Code Root Migration: 0.0 ms]
   [Clear CT: 1.3 ms]
   [Other: 7.5 ms]
      [Choose CSet: 0.0 ms]
      [Ref Proc: 4.0 ms]
      [Ref Enq: 0.3 ms]
      [Free CSet: 0.6 ms]
   [Eden: 1056.0M(1056.0M)->0.0B(1056.0M) Survivors: 160.0M->160.0M Heap: 6600.9M(24.0G)->5768.9M(24.0G)]
 [Times: user=1.36 sys=0.05, real=0.12 secs] 
2014-04-16T09:45:39.665+0900: 38.722: [GC pause (G1 Evacuation Pause) (young), 0.1149111 secs]
   [Parallel Time: 105.4 ms, GC Workers: 13]
      [GC Worker Start (ms): Min: 38722.5, Avg: 38722.6, Max: 38722.7, Diff: 0.1]
      [Ext Root Scanning (ms): Min: 0.9, Avg: 1.5, Max: 1.8, Diff: 0.9, Sum: 18.9]
      [Update RS (ms): Min: 6.4, Avg: 6.7, Max: 7.8, Diff: 1.3, Sum: 87.7]
         [Processed Buffers: Min: 5, Avg: 14.0, Max: 26, Diff: 21, Sum: 182]
      [Scan RS (ms): Min: 10.3, Avg: 11.7, Max: 12.1, Diff: 1.8, Sum: 151.5]
      [Code Root Scanning (ms): Min: 0.0, Avg: 0.0, Max: 0.0, Diff: 0.0, Sum: 0.0]
      [Object Copy (ms): Min: 84.9, Avg: 85.1, Max: 85.5, Diff: 0.6, Sum: 1106.6]
      [Termination (ms): Min: 0.0, Avg: 0.1, Max: 0.2, Diff: 0.2, Sum: 1.9]
      [GC Worker Other (ms): Min: 0.0, Avg: 0.0, Max: 0.1, Diff: 0.1, Sum: 0.6]
      [GC Worker Total (ms): Min: 105.1, Avg: 105.2, Max: 105.3, Diff: 0.2, Sum: 1367.2]
      [GC Worker End (ms): Min: 38827.7, Avg: 38827.8, Max: 38827.8, Diff: 0.1]
   [Code Root Fixup: 0.4 ms]
   [Code Root Migration: 0.0 ms]
   [Clear CT: 1.4 ms]
   [Other: 7.7 ms]
      [Choose CSet: 0.0 ms]
      [Ref Proc: 4.1 ms]
      [Ref Enq: 0.3 ms]
      [Free CSet: 0.6 ms]
   [Eden: 1056.0M(1056.0M)->0.0B(1056.0M) Survivors: 160.0M->160.0M Heap: 6824.9M(24.0G)->6008.9M(24.0G)]
 [Times: user=1.34 sys=0.06, real=0.12 secs] 
2014-04-16T09:45:40.657+0900: 39.714: [GC pause (G1 Evacuation Pause) (young), 0.1092311 secs]
   [Parallel Time: 100.0 ms, GC Workers: 13]
      [GC Worker Start (ms): Min: 39714.8, Avg: 39714.8, Max: 39714.9, Diff: 0.1]
      [Ext Root Scanning (ms): Min: 1.0, Avg: 1.3, Max: 1.8, Diff: 0.7, Sum: 17.5]
      [Update RS (ms): Min: 5.4, Avg: 6.5, Max: 8.0, Diff: 2.6, Sum: 84.1]
         [Processed Buffers: Min: 0, Avg: 14.2, Max: 25, Diff: 25, Sum: 185]
      [Scan RS (ms): Min: 11.1, Avg: 12.5, Max: 12.9, Diff: 1.8, Sum: 162.1]
      [Code Root Scanning (ms): Min: 0.0, Avg: 0.0, Max: 0.0, Diff: 0.0, Sum: 0.0]
      [Object Copy (ms): Min: 79.1, Avg: 79.4, Max: 80.0, Diff: 0.8, Sum: 1032.0]
      [Termination (ms): Min: 0.0, Avg: 0.0, Max: 0.0, Diff: 0.0, Sum: 0.1]
      [GC Worker Other (ms): Min: 0.0, Avg: 0.1, Max: 0.1, Diff: 0.1, Sum: 0.8]
      [GC Worker Total (ms): Min: 99.7, Avg: 99.7, Max: 99.8, Diff: 0.1, Sum: 1296.7]
      [GC Worker End (ms): Min: 39814.5, Avg: 39814.6, Max: 39814.6, Diff: 0.1]
   [Code Root Fixup: 0.4 ms]
   [Code Root Migration: 0.0 ms]
   [Clear CT: 1.4 ms]
   [Other: 7.4 ms]
      [Choose CSet: 0.0 ms]
      [Ref Proc: 3.9 ms]
      [Ref Enq: 0.2 ms]
      [Free CSet: 0.7 ms]
   [Eden: 1056.0M(1056.0M)->0.0B(1056.0M) Survivors: 160.0M->160.0M Heap: 7064.9M(24.0G)->6248.9M(24.0G)]
 [Times: user=1.28 sys=0.05, real=0.11 secs] 
2014-04-16T09:45:41.630+0900: 40.687: [GC pause (G1 Evacuation Pause) (young), 0.1160800 secs]
   [Parallel Time: 106.4 ms, GC Workers: 13]
      [GC Worker Start (ms): Min: 40687.6, Avg: 40687.6, Max: 40687.7, Diff: 0.1]
      [Ext Root Scanning (ms): Min: 1.0, Avg: 1.5, Max: 2.1, Diff: 1.0, Sum: 19.2]
      [Update RS (ms): Min: 5.4, Avg: 6.1, Max: 7.1, Diff: 1.7, Sum: 79.5]
         [Processed Buffers: Min: 5, Avg: 13.8, Max: 22, Diff: 17, Sum: 179]
      [Scan RS (ms): Min: 11.2, Avg: 12.3, Max: 12.6, Diff: 1.4, Sum: 160.0]
      [Code Root Scanning (ms): Min: 0.0, Avg: 0.0, Max: 0.0, Diff: 0.0, Sum: 0.0]
      [Object Copy (ms): Min: 86.1, Avg: 86.2, Max: 86.6, Diff: 0.5, Sum: 1120.5]
      [Termination (ms): Min: 0.0, Avg: 0.0, Max: 0.0, Diff: 0.0, Sum: 0.1]
      [GC Worker Other (ms): Min: 0.0, Avg: 0.1, Max: 0.1, Diff: 0.1, Sum: 0.7]
      [GC Worker Total (ms): Min: 106.1, Avg: 106.2, Max: 106.3, Diff: 0.2, Sum: 1380.0]
      [GC Worker End (ms): Min: 40793.8, Avg: 40793.8, Max: 40793.8, Diff: 0.1]
   [Code Root Fixup: 0.4 ms]
   [Code Root Migration: 0.0 ms]
   [Clear CT: 1.5 ms]
   [Other: 7.8 ms]
      [Choose CSet: 0.0 ms]
      [Ref Proc: 4.1 ms]
      [Ref Enq: 0.3 ms]
      [Free CSet: 0.6 ms]
   [Eden: 1056.0M(1056.0M)->0.0B(1056.0M) Survivors: 160.0M->160.0M Heap: 7304.9M(24.0G)->6496.9M(24.0G)]
 [Times: user=1.37 sys=0.05, real=0.12 secs] 
2014-04-16T09:45:42.626+0900: 41.683: [GC pause (G1 Evacuation Pause) (young), 0.1145302 secs]
   [Parallel Time: 104.8 ms, GC Workers: 13]
      [GC Worker Start (ms): Min: 41683.5, Avg: 41683.6, Max: 41683.7, Diff: 0.1]
      [Ext Root Scanning (ms): Min: 1.3, Avg: 1.4, Max: 1.7, Diff: 0.4, Sum: 18.6]
      [Update RS (ms): Min: 5.4, Avg: 6.8, Max: 15.0, Diff: 9.6, Sum: 88.2]
         [Processed Buffers: Min: 3, Avg: 13.5, Max: 23, Diff: 20, Sum: 175]
      [Scan RS (ms): Min: 4.5, Avg: 12.6, Max: 13.8, Diff: 9.3, Sum: 163.6]
      [Code Root Scanning (ms): Min: 0.0, Avg: 0.0, Max: 0.0, Diff: 0.0, Sum: 0.0]
      [Object Copy (ms): Min: 83.6, Avg: 83.7, Max: 83.9, Diff: 0.4, Sum: 1088.1]
      [Termination (ms): Min: 0.0, Avg: 0.0, Max: 0.0, Diff: 0.0, Sum: 0.1]
      [GC Worker Other (ms): Min: 0.0, Avg: 0.0, Max: 0.1, Diff: 0.1, Sum: 0.5]
      [GC Worker Total (ms): Min: 104.5, Avg: 104.6, Max: 104.6, Diff: 0.1, Sum: 1359.2]
      [GC Worker End (ms): Min: 41788.1, Avg: 41788.1, Max: 41788.2, Diff: 0.1]
   [Code Root Fixup: 0.3 ms]
   [Code Root Migration: 0.0 ms]
   [Clear CT: 1.3 ms]
   [Other: 8.1 ms]
      [Choose CSet: 0.0 ms]
      [Ref Proc: 4.1 ms]
      [Ref Enq: 0.3 ms]
      [Free CSet: 0.7 ms]
   [Eden: 1056.0M(1056.0M)->0.0B(1056.0M) Survivors: 160.0M->160.0M Heap: 7552.9M(24.0G)->6736.9M(24.0G)]
 [Times: user=1.33 sys=0.06, real=0.11 secs] 
2014-04-16T09:45:43.608+0900: 42.665: [GC pause (G1 Evacuation Pause) (young), 0.1141274 secs]
   [Parallel Time: 104.1 ms, GC Workers: 13]
      [GC Worker Start (ms): Min: 42665.3, Avg: 42665.4, Max: 42665.5, Diff: 0.1]
      [Ext Root Scanning (ms): Min: 1.0, Avg: 1.4, Max: 1.7, Diff: 0.7, Sum: 18.3]
      [Update RS (ms): Min: 6.3, Avg: 6.9, Max: 7.9, Diff: 1.6, Sum: 89.8]
         [Processed Buffers: Min: 8, Avg: 13.7, Max: 23, Diff: 15, Sum: 178]
      [Scan RS (ms): Min: 11.6, Avg: 12.7, Max: 13.1, Diff: 1.5, Sum: 164.8]
      [Code Root Scanning (ms): Min: 0.0, Avg: 0.0, Max: 0.0, Diff: 0.0, Sum: 0.0]
      [Object Copy (ms): Min: 82.7, Avg: 82.8, Max: 83.2, Diff: 0.5, Sum: 1076.4]
      [Termination (ms): Min: 0.0, Avg: 0.0, Max: 0.0, Diff: 0.0, Sum: 0.1]
      [GC Worker Other (ms): Min: 0.0, Avg: 0.0, Max: 0.1, Diff: 0.1, Sum: 0.5]
      [GC Worker Total (ms): Min: 103.8, Avg: 103.8, Max: 103.9, Diff: 0.1, Sum: 1349.9]
      [GC Worker End (ms): Min: 42769.2, Avg: 42769.3, Max: 42769.3, Diff: 0.0]
   [Code Root Fixup: 0.4 ms]
   [Code Root Migration: 0.0 ms]
   [Clear CT: 1.6 ms]
   [Other: 8.0 ms]
      [Choose CSet: 0.0 ms]
      [Ref Proc: 4.1 ms]
      [Ref Enq: 0.3 ms]
      [Free CSet: 0.7 ms]
   [Eden: 1056.0M(1056.0M)->0.0B(1056.0M) Survivors: 160.0M->160.0M Heap: 7792.9M(24.0G)->6960.9M(24.0G)]
 [Times: user=1.34 sys=0.04, real=0.12 secs] 
2014-04-16T09:45:44.605+0900: 43.662: [GC pause (G1 Evacuation Pause) (young), 0.1125731 secs]
   [Parallel Time: 102.6 ms, GC Workers: 13]
      [GC Worker Start (ms): Min: 43662.7, Avg: 43662.8, Max: 43662.8, Diff: 0.1]
      [Ext Root Scanning (ms): Min: 1.4, Avg: 1.5, Max: 1.7, Diff: 0.3, Sum: 19.1]
      [Update RS (ms): Min: 6.0, Avg: 6.4, Max: 6.9, Diff: 1.0, Sum: 82.7]
         [Processed Buffers: Min: 8, Avg: 14.5, Max: 23, Diff: 15, Sum: 188]
      [Scan RS (ms): Min: 11.0, Avg: 11.9, Max: 12.3, Diff: 1.3, Sum: 154.8]
      [Code Root Scanning (ms): Min: 0.0, Avg: 0.0, Max: 0.0, Diff: 0.0, Sum: 0.0]
      [Object Copy (ms): Min: 82.3, Avg: 82.4, Max: 82.5, Diff: 0.2, Sum: 1070.6]
      [Termination (ms): Min: 0.0, Avg: 0.2, Max: 0.2, Diff: 0.2, Sum: 2.4]
      [GC Worker Other (ms): Min: 0.0, Avg: 0.0, Max: 0.1, Diff: 0.1, Sum: 0.4]
      [GC Worker Total (ms): Min: 102.2, Avg: 102.3, Max: 102.4, Diff: 0.1, Sum: 1330.0]
      [GC Worker End (ms): Min: 43765.0, Avg: 43765.1, Max: 43765.1, Diff: 0.1]
   [Code Root Fixup: 0.3 ms]
   [Code Root Migration: 0.0 ms]
   [Clear CT: 1.5 ms]
   [Other: 8.1 ms]
      [Choose CSet: 0.0 ms]
      [Ref Proc: 3.9 ms]
      [Ref Enq: 0.3 ms]
      [Free CSet: 0.6 ms]
   [Eden: 1056.0M(1056.0M)->0.0B(1056.0M) Survivors: 160.0M->160.0M Heap: 8016.9M(24.0G)->7216.9M(24.0G)]
 [Times: user=1.33 sys=0.04, real=0.11 secs] 
2014-04-16T09:45:45.593+0900: 44.650: [GC pause (G1 Evacuation Pause) (young), 0.1117314 secs]
   [Parallel Time: 101.5 ms, GC Workers: 13]
      [GC Worker Start (ms): Min: 44650.1, Avg: 44650.2, Max: 44650.3, Diff: 0.1]
      [Ext Root Scanning (ms): Min: 1.3, Avg: 1.4, Max: 1.9, Diff: 0.6, Sum: 18.3]
      [Update RS (ms): Min: 5.0, Avg: 6.0, Max: 7.7, Diff: 2.7, Sum: 78.6]
         [Processed Buffers: Min: 8, Avg: 14.5, Max: 30, Diff: 22, Sum: 189]
      [Scan RS (ms): Min: 10.1, Avg: 11.9, Max: 12.4, Diff: 2.3, Sum: 154.8]
      [Code Root Scanning (ms): Min: 0.0, Avg: 0.0, Max: 0.0, Diff: 0.0, Sum: 0.0]
      [Object Copy (ms): Min: 81.6, Avg: 81.8, Max: 82.0, Diff: 0.4, Sum: 1063.4]
      [Termination (ms): Min: 0.0, Avg: 0.1, Max: 0.1, Diff: 0.1, Sum: 1.2]
      [GC Worker Other (ms): Min: 0.0, Avg: 0.0, Max: 0.1, Diff: 0.0, Sum: 0.4]
      [GC Worker Total (ms): Min: 101.2, Avg: 101.3, Max: 101.4, Diff: 0.2, Sum: 1316.8]
      [GC Worker End (ms): Min: 44751.4, Avg: 44751.5, Max: 44751.5, Diff: 0.1]
   [Code Root Fixup: 0.4 ms]
   [Code Root Migration: 0.0 ms]
   [Clear CT: 1.6 ms]
   [Other: 8.1 ms]
      [Choose CSet: 0.0 ms]
      [Ref Proc: 4.0 ms]
      [Ref Enq: 0.3 ms]
      [Free CSet: 0.7 ms]
   [Eden: 1056.0M(1056.0M)->0.0B(1056.0M) Survivors: 160.0M->160.0M Heap: 8272.9M(24.0G)->7448.9M(24.0G)]
 [Times: user=1.30 sys=0.06, real=0.11 secs] 
2014-04-16T09:45:46.572+0900: 45.629: [GC pause (G1 Evacuation Pause) (young), 0.1103481 secs]
   [Parallel Time: 100.2 ms, GC Workers: 13]
      [GC Worker Start (ms): Min: 45629.6, Avg: 45629.6, Max: 45629.7, Diff: 0.2]
      [Ext Root Scanning (ms): Min: 1.0, Avg: 1.4, Max: 1.7, Diff: 0.8, Sum: 18.6]
      [Update RS (ms): Min: 4.3, Avg: 5.9, Max: 6.9, Diff: 2.7, Sum: 76.7]
         [Processed Buffers: Min: 4, Avg: 13.6, Max: 32, Diff: 28, Sum: 177]
      [Scan RS (ms): Min: 11.3, Avg: 12.2, Max: 12.7, Diff: 1.3, Sum: 158.0]
      [Code Root Scanning (ms): Min: 0.0, Avg: 0.0, Max: 0.0, Diff: 0.0, Sum: 0.0]
      [Object Copy (ms): Min: 79.8, Avg: 80.1, Max: 80.9, Diff: 1.1, Sum: 1041.4]
      [Termination (ms): Min: 0.0, Avg: 0.3, Max: 0.3, Diff: 0.3, Sum: 3.9]
      [GC Worker Other (ms): Min: 0.0, Avg: 0.0, Max: 0.1, Diff: 0.1, Sum: 0.5]
      [GC Worker Total (ms): Min: 99.8, Avg: 99.9, Max: 100.0, Diff: 0.2, Sum: 1299.2]
      [GC Worker End (ms): Min: 45729.6, Avg: 45729.6, Max: 45729.6, Diff: 0.1]
   [Code Root Fixup: 0.3 ms]
   [Code Root Migration: 0.0 ms]
   [Clear CT: 1.7 ms]
   [Other: 8.1 ms]
      [Choose CSet: 0.0 ms]
      [Ref Proc: 3.9 ms]
      [Ref Enq: 0.3 ms]
      [Free CSet: 0.7 ms]
   [Eden: 1056.0M(1056.0M)->0.0B(1056.0M) Survivors: 160.0M->160.0M Heap: 8504.9M(24.0G)->7680.9M(24.0G)]
 [Times: user=1.29 sys=0.05, real=0.11 secs] 
2014-04-16T09:45:47.560+0900: 46.617: [GC pause (G1 Evacuation Pause) (young) (initial-mark), 0.1139190 secs]
   [Parallel Time: 103.3 ms, GC Workers: 13]
      [GC Worker Start (ms): Min: 46617.7, Avg: 46617.8, Max: 46617.8, Diff: 0.1]
      [Ext Root Scanning (ms): Min: 1.1, Avg: 1.4, Max: 3.9, Diff: 2.8, Sum: 18.0]
      [Code Root Marking (ms): Min: 0.0, Avg: 0.7, Max: 6.4, Diff: 6.4, Sum: 8.6]
      [Update RS (ms): Min: 0.0, Avg: 5.4, Max: 6.5, Diff: 6.5, Sum: 69.8]
         [Processed Buffers: Min: 0, Avg: 14.5, Max: 24, Diff: 24, Sum: 188]
      [Scan RS (ms): Min: 11.7, Avg: 12.4, Max: 12.7, Diff: 1.0, Sum: 160.6]
      [Code Root Scanning (ms): Min: 0.0, Avg: 0.0, Max: 0.0, Diff: 0.0, Sum: 0.0]
      [Object Copy (ms): Min: 83.1, Avg: 83.3, Max: 83.9, Diff: 0.9, Sum: 1082.8]
      [Termination (ms): Min: 0.0, Avg: 0.0, Max: 0.0, Diff: 0.0, Sum: 0.1]
      [GC Worker Other (ms): Min: 0.0, Avg: 0.1, Max: 0.1, Diff: 0.1, Sum: 0.8]
      [GC Worker Total (ms): Min: 103.0, Avg: 103.1, Max: 103.2, Diff: 0.2, Sum: 1340.7]
      [GC Worker End (ms): Min: 46720.9, Avg: 46720.9, Max: 46721.0, Diff: 0.1]
   [Code Root Fixup: 0.4 ms]
   [Code Root Migration: 0.0 ms]
   [Clear CT: 1.7 ms]
   [Other: 8.5 ms]
      [Choose CSet: 0.0 ms]
      [Ref Proc: 3.8 ms]
      [Ref Enq: 0.2 ms]
      [Free CSet: 0.7 ms]
   [Eden: 1056.0M(1056.0M)->0.0B(1056.0M) Survivors: 160.0M->160.0M Heap: 8736.9M(24.0G)->7904.9M(24.0G)]
 [Times: user=1.33 sys=0.06, real=0.12 secs] 
2014-04-16T09:45:47.674+0900: 46.731: [GC concurrent-root-region-scan-start]
2014-04-16T09:45:47.725+0900: 46.782: [GC concurrent-root-region-scan-end, 0.0501915 secs]
2014-04-16T09:45:47.725+0900: 46.782: [GC concurrent-mark-start]
2014-04-16T09:45:48.734+0900: 47.791: [GC concurrent-mark-end, 1.0089814 secs]
2014-04-16T09:45:48.735+0900: 47.792: [GC remark 47.844: [GC ref-proc, 0.0059234 secs], 0.0764061 secs]
 [Times: user=0.85 sys=0.00, real=0.07 secs] 
2014-04-16T09:45:48.814+0900: 47.871: [GC cleanup 8843M->8811M(24G), 0.0143636 secs]
 [Times: user=0.17 sys=0.00, real=0.01 secs] 
2014-04-16T09:45:48.828+0900: 47.885: [GC concurrent-cleanup-start]
2014-04-16T09:45:48.829+0900: 47.885: [GC concurrent-cleanup-end, 0.0000715 secs]
2014-04-16T09:45:48.929+0900: 47.986: [GC pause (G1 Evacuation Pause) (young), 0.1106964 secs]
   [Parallel Time: 100.0 ms, GC Workers: 13]
      [GC Worker Start (ms): Min: 47986.0, Avg: 47986.0, Max: 47986.1, Diff: 0.1]
      [Ext Root Scanning (ms): Min: 1.4, Avg: 1.5, Max: 2.1, Diff: 0.7, Sum: 19.4]
      [Update RS (ms): Min: 5.3, Avg: 5.8, Max: 6.7, Diff: 1.3, Sum: 75.0]
         [Processed Buffers: Min: 7, Avg: 14.2, Max: 28, Diff: 21, Sum: 185]
      [Scan RS (ms): Min: 12.4, Avg: 13.0, Max: 13.6, Diff: 1.2, Sum: 169.2]
      [Code Root Scanning (ms): Min: 0.0, Avg: 0.0, Max: 0.0, Diff: 0.0, Sum: 0.0]
      [Object Copy (ms): Min: 79.1, Avg: 79.4, Max: 79.6, Diff: 0.4, Sum: 1032.2]
      [Termination (ms): Min: 0.0, Avg: 0.0, Max: 0.0, Diff: 0.0, Sum: 0.1]
      [GC Worker Other (ms): Min: 0.0, Avg: 0.0, Max: 0.1, Diff: 0.1, Sum: 0.6]
      [GC Worker Total (ms): Min: 99.6, Avg: 99.7, Max: 99.8, Diff: 0.1, Sum: 1296.6]
      [GC Worker End (ms): Min: 48085.8, Avg: 48085.8, Max: 48085.8, Diff: 0.1]
   [Code Root Fixup: 0.4 ms]
   [Code Root Migration: 0.0 ms]
   [Clear CT: 1.9 ms]
   [Other: 8.3 ms]
      [Choose CSet: 0.0 ms]
      [Ref Proc: 4.1 ms]
      [Ref Enq: 0.2 ms]
      [Free CSet: 0.7 ms]
   [Eden: 1056.0M(1056.0M)->0.0B(1056.0M) Survivors: 160.0M->160.0M Heap: 8928.9M(24.0G)->8104.9M(24.0G)]
 [Times: user=1.28 sys=0.06, real=0.11 secs] 
2014-04-16T09:45:49.921+0900: 48.978: [GC pause (G1 Evacuation Pause) (mixed), 0.2274095 secs]
   [Parallel Time: 215.2 ms, GC Workers: 13]
      [GC Worker Start (ms): Min: 48979.0, Avg: 48979.1, Max: 48979.1, Diff: 0.1]
      [Ext Root Scanning (ms): Min: 1.0, Avg: 1.4, Max: 2.2, Diff: 1.2, Sum: 18.6]
      [Update RS (ms): Min: 9.7, Avg: 10.7, Max: 11.6, Diff: 1.9, Sum: 138.7]
         [Processed Buffers: Min: 5, Avg: 17.5, Max: 29, Diff: 24, Sum: 228]
      [Scan RS (ms): Min: 38.8, Avg: 40.0, Max: 40.6, Diff: 1.8, Sum: 520.3]
      [Code Root Scanning (ms): Min: 0.0, Avg: 0.0, Max: 0.0, Diff: 0.0, Sum: 0.1]
      [Object Copy (ms): Min: 161.8, Avg: 162.4, Max: 163.3, Diff: 1.5, Sum: 2111.6]
      [Termination (ms): Min: 0.0, Avg: 0.4, Max: 0.5, Diff: 0.5, Sum: 4.6]
      [GC Worker Other (ms): Min: 0.0, Avg: 0.0, Max: 0.1, Diff: 0.1, Sum: 0.6]
      [GC Worker Total (ms): Min: 214.9, Avg: 215.0, Max: 215.1, Diff: 0.2, Sum: 2794.5]
      [GC Worker End (ms): Min: 49194.0, Avg: 49194.0, Max: 49194.1, Diff: 0.1]
   [Code Root Fixup: 0.4 ms]
   [Code Root Migration: 0.1 ms]
   [Clear CT: 2.2 ms]
   [Other: 9.4 ms]
      [Choose CSet: 0.2 ms]
      [Ref Proc: 4.2 ms]
      [Ref Enq: 0.3 ms]
      [Free CSet: 1.4 ms]
   [Eden: 1056.0M(1056.0M)->0.0B(1056.0M) Survivors: 160.0M->160.0M Heap: 9160.9M(24.0G)->7664.0M(24.0G)]
 [Times: user=2.61 sys=0.08, real=0.23 secs] 
2014-04-16T09:45:51.032+0900: 50.089: [GC pause (G1 Evacuation Pause) (mixed), 0.1728032 secs]
   [Parallel Time: 159.6 ms, GC Workers: 13]
      [GC Worker Start (ms): Min: 50089.5, Avg: 50089.5, Max: 50089.6, Diff: 0.1]
      [Ext Root Scanning (ms): Min: 1.4, Avg: 1.5, Max: 2.6, Diff: 1.2, Sum: 20.1]
      [Update RS (ms): Min: 2.2, Avg: 3.2, Max: 3.7, Diff: 1.5, Sum: 42.2]
         [Processed Buffers: Min: 8, Avg: 14.7, Max: 26, Diff: 18, Sum: 191]
      [Scan RS (ms): Min: 26.3, Avg: 26.7, Max: 27.0, Diff: 0.7, Sum: 347.0]
      [Code Root Scanning (ms): Min: 0.0, Avg: 0.0, Max: 0.0, Diff: 0.0, Sum: 0.1]
      [Object Copy (ms): Min: 126.3, Avg: 126.6, Max: 127.9, Diff: 1.6, Sum: 1646.4]
      [Termination (ms): Min: 0.0, Avg: 1.2, Max: 1.4, Diff: 1.4, Sum: 15.8]
      [GC Worker Other (ms): Min: 0.0, Avg: 0.0, Max: 0.1, Diff: 0.1, Sum: 0.6]
      [GC Worker Total (ms): Min: 159.3, Avg: 159.4, Max: 159.5, Diff: 0.2, Sum: 2072.2]
      [GC Worker End (ms): Min: 50248.9, Avg: 50248.9, Max: 50249.0, Diff: 0.1]
   [Code Root Fixup: 0.4 ms]
   [Code Root Migration: 0.1 ms]
   [Clear CT: 2.3 ms]
   [Other: 10.3 ms]
      [Choose CSet: 0.2 ms]
      [Ref Proc: 4.4 ms]
      [Ref Enq: 0.4 ms]
      [Free CSet: 1.4 ms]
   [Eden: 1056.0M(1056.0M)->0.0B(1056.0M) Survivors: 160.0M->160.0M Heap: 8720.0M(24.0G)->7248.0M(24.0G)]
 [Times: user=2.08 sys=0.04, real=0.18 secs] 
2014-04-16T09:45:52.153+0900: 51.210: [GC pause (G1 Evacuation Pause) (mixed), 0.1148827 secs]
   [Parallel Time: 104.2 ms, GC Workers: 13]
      [GC Worker Start (ms): Min: 51210.8, Avg: 51210.9, Max: 51211.0, Diff: 0.1]
      [Ext Root Scanning (ms): Min: 1.4, Avg: 1.6, Max: 2.5, Diff: 1.1, Sum: 20.9]
      [Update RS (ms): Min: 4.5, Avg: 6.0, Max: 6.8, Diff: 2.3, Sum: 78.0]
         [Processed Buffers: Min: 9, Avg: 13.6, Max: 26, Diff: 17, Sum: 177]
      [Scan RS (ms): Min: 11.8, Avg: 12.3, Max: 12.9, Diff: 1.1, Sum: 160.2]
      [Code Root Scanning (ms): Min: 0.0, Avg: 0.0, Max: 0.0, Diff: 0.0, Sum: 0.0]
      [Object Copy (ms): Min: 83.6, Avg: 83.8, Max: 83.9, Diff: 0.2, Sum: 1089.0]
      [Termination (ms): Min: 0.0, Avg: 0.2, Max: 0.2, Diff: 0.2, Sum: 2.2]
      [GC Worker Other (ms): Min: 0.0, Avg: 0.0, Max: 0.1, Diff: 0.0, Sum: 0.4]
      [GC Worker Total (ms): Min: 103.8, Avg: 103.9, Max: 104.0, Diff: 0.2, Sum: 1350.6]
      [GC Worker End (ms): Min: 51314.8, Avg: 51314.8, Max: 51314.8, Diff: 0.1]
   [Code Root Fixup: 0.4 ms]
   [Code Root Migration: 0.0 ms]
   [Clear CT: 2.0 ms]
   [Other: 8.3 ms]
      [Choose CSet: 0.1 ms]
      [Ref Proc: 4.3 ms]
      [Ref Enq: 0.3 ms]
      [Free CSet: 0.8 ms]
   [Eden: 1056.0M(1056.0M)->0.0B(1056.0M) Survivors: 160.0M->160.0M Heap: 8304.0M(24.0G)->7312.0M(24.0G)]
 [Times: user=1.38 sys=0.02, real=0.11 secs] 
2014-04-16T09:45:53.130+0900: 52.187: [GC pause (G1 Evacuation Pause) (young), 0.1075880 secs]
   [Parallel Time: 98.0 ms, GC Workers: 13]
      [GC Worker Start (ms): Min: 52187.2, Avg: 52187.3, Max: 52187.3, Diff: 0.1]
      [Ext Root Scanning (ms): Min: 1.3, Avg: 1.4, Max: 1.6, Diff: 0.2, Sum: 18.7]
      [Update RS (ms): Min: 5.6, Avg: 6.0, Max: 6.6, Diff: 1.0, Sum: 77.7]
         [Processed Buffers: Min: 8, Avg: 14.2, Max: 22, Diff: 14, Sum: 184]
      [Scan RS (ms): Min: 9.4, Avg: 10.0, Max: 10.4, Diff: 1.0, Sum: 129.7]
      [Code Root Scanning (ms): Min: 0.0, Avg: 0.0, Max: 0.0, Diff: 0.0, Sum: 0.0]
      [Object Copy (ms): Min: 80.1, Avg: 80.2, Max: 80.4, Diff: 0.3, Sum: 1043.0]
      [Termination (ms): Min: 0.0, Avg: 0.0, Max: 0.1, Diff: 0.1, Sum: 0.6]
      [GC Worker Other (ms): Min: 0.0, Avg: 0.0, Max: 0.0, Diff: 0.0, Sum: 0.3]
      [GC Worker Total (ms): Min: 97.6, Avg: 97.7, Max: 97.8, Diff: 0.2, Sum: 1270.1]
      [GC Worker End (ms): Min: 52285.0, Avg: 52285.0, Max: 52285.0, Diff: 0.0]
   [Code Root Fixup: 0.4 ms]
   [Code Root Migration: 0.0 ms]
   [Clear CT: 1.8 ms]
   [Other: 7.4 ms]
      [Choose CSet: 0.0 ms]
      [Ref Proc: 3.8 ms]
      [Ref Enq: 0.3 ms]
      [Free CSet: 0.7 ms]
   [Eden: 1056.0M(1056.0M)->0.0B(1056.0M) Survivors: 160.0M->160.0M Heap: 8368.0M(24.0G)->7560.0M(24.0G)]
 [Times: user=1.30 sys=0.00, real=0.11 secs] 
2014-04-16T09:45:54.111+0900: 53.168: [GC pause (G1 Evacuation Pause) (young) (initial-mark), 0.1068638 secs]
   [Parallel Time: 96.5 ms, GC Workers: 13]
      [GC Worker Start (ms): Min: 53168.2, Avg: 53168.3, Max: 53168.4, Diff: 0.1]
      [Ext Root Scanning (ms): Min: 1.2, Avg: 1.5, Max: 3.8, Diff: 2.6, Sum: 19.0]
      [Code Root Marking (ms): Min: 0.0, Avg: 0.7, Max: 6.2, Diff: 6.2, Sum: 8.5]
      [Update RS (ms): Min: 0.0, Avg: 4.9, Max: 6.5, Diff: 6.5, Sum: 64.1]
         [Processed Buffers: Min: 0, Avg: 13.8, Max: 22, Diff: 22, Sum: 179]
      [Scan RS (ms): Min: 10.3, Avg: 10.9, Max: 11.5, Diff: 1.2, Sum: 141.6]
      [Code Root Scanning (ms): Min: 0.0, Avg: 0.0, Max: 0.0, Diff: 0.0, Sum: 0.0]
      [Object Copy (ms): Min: 78.1, Avg: 78.3, Max: 78.8, Diff: 0.7, Sum: 1017.4]
      [Termination (ms): Min: 0.0, Avg: 0.0, Max: 0.0, Diff: 0.0, Sum: 0.1]
      [GC Worker Other (ms): Min: 0.0, Avg: 0.1, Max: 0.1, Diff: 0.1, Sum: 0.7]
      [GC Worker Total (ms): Min: 96.2, Avg: 96.3, Max: 96.4, Diff: 0.2, Sum: 1251.3]
      [GC Worker End (ms): Min: 53264.5, Avg: 53264.6, Max: 53264.6, Diff: 0.1]
   [Code Root Fixup: 0.4 ms]
   [Code Root Migration: 0.0 ms]
   [Clear CT: 1.9 ms]
   [Other: 8.1 ms]
      [Choose CSet: 0.0 ms]
      [Ref Proc: 3.9 ms]
      [Ref Enq: 0.3 ms]
      [Free CSet: 0.7 ms]
   [Eden: 1056.0M(1056.0M)->0.0B(1056.0M) Survivors: 160.0M->160.0M Heap: 8616.0M(24.0G)->7776.0M(24.0G)]
 [Times: user=1.28 sys=0.02, real=0.11 secs] 
2014-04-16T09:45:54.218+0900: 53.275: [GC concurrent-root-region-scan-start]
2014-04-16T09:45:54.256+0900: 53.313: [GC concurrent-root-region-scan-end, 0.0384256 secs]
2014-04-16T09:45:54.256+0900: 53.313: [GC concurrent-mark-start]
2014-04-16T09:45:55.293+0900: 54.350: [GC concurrent-mark-end, 1.0367485 secs]
2014-04-16T09:45:55.294+0900: 54.352: [GC remark 54.404: [GC ref-proc, 0.0061849 secs], 0.0781888 secs]
 [Times: user=0.88 sys=0.00, real=0.07 secs] 
2014-04-16T09:45:55.374+0900: 54.431: [GC cleanup 8744M->8744M(24G), 0.0175994 secs]
 [Times: user=0.21 sys=0.00, real=0.01 secs] 
2014-04-16T09:45:55.470+0900: 54.527: [GC pause (G1 Evacuation Pause) (young), 0.1073223 secs]
   [Parallel Time: 97.0 ms, GC Workers: 13]
      [GC Worker Start (ms): Min: 54527.8, Avg: 54527.9, Max: 54527.9, Diff: 0.1]
      [Ext Root Scanning (ms): Min: 1.4, Avg: 1.5, Max: 1.8, Diff: 0.4, Sum: 18.9]
      [Update RS (ms): Min: 4.9, Avg: 5.9, Max: 7.8, Diff: 2.9, Sum: 76.1]
         [Processed Buffers: Min: 5, Avg: 13.4, Max: 26, Diff: 21, Sum: 174]
      [Scan RS (ms): Min: 9.4, Avg: 11.1, Max: 11.9, Diff: 2.5, Sum: 144.5]
      [Code Root Scanning (ms): Min: 0.0, Avg: 0.0, Max: 0.0, Diff: 0.0, Sum: 0.0]
      [Object Copy (ms): Min: 78.2, Avg: 78.3, Max: 78.6, Diff: 0.4, Sum: 1018.3]
      [Termination (ms): Min: 0.0, Avg: 0.0, Max: 0.0, Diff: 0.0, Sum: 0.0]
      [GC Worker Other (ms): Min: 0.0, Avg: 0.0, Max: 0.1, Diff: 0.1, Sum: 0.5]
      [GC Worker Total (ms): Min: 96.7, Avg: 96.8, Max: 96.9, Diff: 0.2, Sum: 1258.4]
      [GC Worker End (ms): Min: 54624.7, Avg: 54624.7, Max: 54624.7, Diff: 0.1]
   [Code Root Fixup: 0.4 ms]
   [Code Root Migration: 0.0 ms]
   [Clear CT: 1.9 ms]
   [Other: 8.0 ms]
      [Choose CSet: 0.0 ms]
      [Ref Proc: 4.1 ms]
      [Ref Enq: 0.4 ms]
      [Free CSet: 0.7 ms]
   [Eden: 1056.0M(1056.0M)->0.0B(1056.0M) Survivors: 160.0M->160.0M Heap: 8832.0M(24.0G)->7992.0M(24.0G)]
 [Times: user=1.28 sys=0.03, real=0.11 secs] 
2014-04-16T09:45:56.441+0900: 55.498: [GC pause (G1 Evacuation Pause) (mixed), 0.1334364 secs]
   [Parallel Time: 120.5 ms, GC Workers: 13]
      [GC Worker Start (ms): Min: 55498.1, Avg: 55498.2, Max: 55498.3, Diff: 0.1]
      [Ext Root Scanning (ms): Min: 1.4, Avg: 1.5, Max: 2.1, Diff: 0.7, Sum: 19.7]
      [Update RS (ms): Min: 5.4, Avg: 6.0, Max: 8.2, Diff: 2.8, Sum: 78.5]
         [Processed Buffers: Min: 6, Avg: 15.5, Max: 29, Diff: 23, Sum: 201]
      [Scan RS (ms): Min: 18.5, Avg: 20.9, Max: 22.5, Diff: 3.9, Sum: 271.2]
      [Code Root Scanning (ms): Min: 0.0, Avg: 0.0, Max: 0.0, Diff: 0.0, Sum: 0.1]
      [Object Copy (ms): Min: 90.8, Avg: 91.7, Max: 91.9, Diff: 1.2, Sum: 1192.6]
      [Termination (ms): Min: 0.0, Avg: 0.0, Max: 0.0, Diff: 0.0, Sum: 0.0]
      [GC Worker Other (ms): Min: 0.0, Avg: 0.0, Max: 0.1, Diff: 0.1, Sum: 0.5]
      [GC Worker Total (ms): Min: 120.1, Avg: 120.2, Max: 120.3, Diff: 0.1, Sum: 1562.5]
      [GC Worker End (ms): Min: 55618.4, Avg: 55618.4, Max: 55618.4, Diff: 0.0]
   [Code Root Fixup: 0.4 ms]
   [Code Root Migration: 0.0 ms]
   [Clear CT: 2.0 ms]
   [Other: 10.5 ms]
      [Choose CSet: 0.2 ms]
      [Ref Proc: 4.9 ms]
      [Ref Enq: 0.3 ms]
      [Free CSet: 1.4 ms]
   [Eden: 1056.0M(1056.0M)->0.0B(1056.0M) Survivors: 160.0M->160.0M Heap: 9048.0M(24.0G)->7632.0M(24.0G)]
 [Times: user=1.58 sys=0.03, real=0.14 secs] 
2014-04-16T09:45:57.457+0900: 56.514: [GC pause (G1 Evacuation Pause) (mixed), 0.1221591 secs]
   [Parallel Time: 110.7 ms, GC Workers: 13]
      [GC Worker Start (ms): Min: 56514.3, Avg: 56514.4, Max: 56514.4, Diff: 0.2]
      [Ext Root Scanning (ms): Min: 1.3, Avg: 1.5, Max: 2.0, Diff: 0.7, Sum: 19.1]
      [Update RS (ms): Min: 6.1, Avg: 6.6, Max: 7.5, Diff: 1.4, Sum: 86.1]
         [Processed Buffers: Min: 7, Avg: 13.9, Max: 28, Diff: 21, Sum: 181]
      [Scan RS (ms): Min: 15.8, Avg: 16.7, Max: 17.2, Diff: 1.4, Sum: 217.2]
      [Code Root Scanning (ms): Min: 0.0, Avg: 0.0, Max: 0.0, Diff: 0.0, Sum: 0.0]
      [Object Copy (ms): Min: 85.4, Avg: 85.6, Max: 85.8, Diff: 0.4, Sum: 1112.7]
      [Termination (ms): Min: 0.0, Avg: 0.0, Max: 0.0, Diff: 0.0, Sum: 0.3]
      [GC Worker Other (ms): Min: 0.0, Avg: 0.0, Max: 0.1, Diff: 0.1, Sum: 0.5]
      [GC Worker Total (ms): Min: 110.4, Avg: 110.5, Max: 110.5, Diff: 0.2, Sum: 1435.9]
      [GC Worker End (ms): Min: 56624.8, Avg: 56624.8, Max: 56624.9, Diff: 0.1]
   [Code Root Fixup: 0.3 ms]
   [Code Root Migration: 0.0 ms]
   [Clear CT: 2.1 ms]
   [Other: 9.0 ms]
      [Choose CSet: 0.1 ms]
      [Ref Proc: 4.4 ms]
      [Ref Enq: 0.3 ms]
      [Free CSet: 1.0 ms]
   [Eden: 1056.0M(1056.0M)->0.0B(1056.0M) Survivors: 160.0M->160.0M Heap: 8688.0M(24.0G)->7648.0M(24.0G)]
 [Times: user=1.45 sys=0.03, real=0.12 secs] 
2014-04-16T09:45:58.455+0900: 57.512: [GC pause (G1 Evacuation Pause) (young), 0.1135139 secs]
   [Parallel Time: 103.2 ms, GC Workers: 13]
      [GC Worker Start (ms): Min: 57512.8, Avg: 57512.9, Max: 57513.0, Diff: 0.1]
      [Ext Root Scanning (ms): Min: 1.3, Avg: 1.5, Max: 2.0, Diff: 0.7, Sum: 19.1]
      [Update RS (ms): Min: 5.5, Avg: 6.5, Max: 8.0, Diff: 2.5, Sum: 84.3]
         [Processed Buffers: Min: 6, Avg: 14.9, Max: 32, Diff: 26, Sum: 194]
      [Scan RS (ms): Min: 9.4, Avg: 10.8, Max: 11.5, Diff: 2.1, Sum: 140.2]
      [Code Root Scanning (ms): Min: 0.0, Avg: 0.0, Max: 0.0, Diff: 0.0, Sum: 0.1]
      [Object Copy (ms): Min: 83.8, Avg: 83.9, Max: 84.1, Diff: 0.4, Sum: 1090.3]
      [Termination (ms): Min: 0.0, Avg: 0.4, Max: 0.4, Diff: 0.4, Sum: 5.0]
      [GC Worker Other (ms): Min: 0.0, Avg: 0.0, Max: 0.1, Diff: 0.0, Sum: 0.4]
      [GC Worker Total (ms): Min: 103.0, Avg: 103.0, Max: 103.1, Diff: 0.2, Sum: 1339.3]
      [GC Worker End (ms): Min: 57615.9, Avg: 57615.9, Max: 57616.0, Diff: 0.1]
   [Code Root Fixup: 0.3 ms]
   [Code Root Migration: 0.0 ms]
   [Clear CT: 2.0 ms]
   [Other: 7.9 ms]
      [Choose CSet: 0.0 ms]
      [Ref Proc: 4.1 ms]
      [Ref Enq: 0.3 ms]
      [Free CSet: 0.8 ms]
   [Eden: 1056.0M(1056.0M)->0.0B(1056.0M) Survivors: 160.0M->160.0M Heap: 8704.0M(24.0G)->7872.0M(24.0G)]
 [Times: user=1.37 sys=0.02, real=0.11 secs] 
2014-04-16T09:45:59.438+0900: 58.495: [GC pause (G1 Evacuation Pause) (young) (initial-mark), 0.1125075 secs]
   [Parallel Time: 101.6 ms, GC Workers: 13]
      [GC Worker Start (ms): Min: 58495.3, Avg: 58495.4, Max: 58495.4, Diff: 0.1]
      [Ext Root Scanning (ms): Min: 1.2, Avg: 1.5, Max: 3.9, Diff: 2.7, Sum: 19.6]
      [Code Root Marking (ms): Min: 0.0, Avg: 0.7, Max: 6.3, Diff: 6.3, Sum: 9.0]
      [Update RS (ms): Min: 0.0, Avg: 5.5, Max: 8.0, Diff: 8.0, Sum: 71.9]
         [Processed Buffers: Min: 0, Avg: 14.0, Max: 22, Diff: 22, Sum: 182]
      [Scan RS (ms): Min: 10.3, Avg: 11.9, Max: 12.5, Diff: 2.2, Sum: 155.3]
      [Code Root Scanning (ms): Min: 0.0, Avg: 0.0, Max: 0.0, Diff: 0.0, Sum: 0.1]
      [Object Copy (ms): Min: 81.4, Avg: 81.6, Max: 82.4, Diff: 1.0, Sum: 1061.3]
      [Termination (ms): Min: 0.0, Avg: 0.0, Max: 0.0, Diff: 0.0, Sum: 0.0]
      [GC Worker Other (ms): Min: 0.0, Avg: 0.0, Max: 0.1, Diff: 0.1, Sum: 0.6]
      [GC Worker Total (ms): Min: 101.3, Avg: 101.4, Max: 101.4, Diff: 0.1, Sum: 1317.8]
      [GC Worker End (ms): Min: 58596.7, Avg: 58596.7, Max: 58596.8, Diff: 0.1]
   [Code Root Fixup: 0.4 ms]
   [Code Root Migration: 0.0 ms]
   [Clear CT: 2.0 ms]
   [Other: 8.4 ms]
      [Choose CSet: 0.0 ms]
      [Ref Proc: 4.2 ms]
      [Ref Enq: 0.3 ms]
      [Free CSet: 0.7 ms]
   [Eden: 1056.0M(1056.0M)->0.0B(1056.0M) Survivors: 160.0M->160.0M Heap: 8928.0M(24.0G)->8104.0M(24.0G)]
 [Times: user=1.33 sys=0.03, real=0.11 secs] 
2014-04-16T09:45:59.551+0900: 58.607: [GC concurrent-root-region-scan-start]
2014-04-16T09:45:59.587+0900: 58.644: [GC concurrent-root-region-scan-end, 0.0365663 secs]
2014-04-16T09:45:59.587+0900: 58.644: [GC concurrent-mark-start]
2014-04-16T09:46:00.713+0900: 59.770: [GC pause (G1 Evacuation Pause) (young), 0.1103785 secs]
   [Parallel Time: 99.9 ms, GC Workers: 13]
      [GC Worker Start (ms): Min: 59770.0, Avg: 59770.0, Max: 59770.1, Diff: 0.1]
      [Ext Root Scanning (ms): Min: 1.4, Avg: 1.5, Max: 2.0, Diff: 0.6, Sum: 19.8]
      [SATB Filtering (ms): Min: 0.0, Avg: 0.2, Max: 2.4, Diff: 2.4, Sum: 2.4]
      [Update RS (ms): Min: 3.0, Avg: 5.4, Max: 6.8, Diff: 3.8, Sum: 69.7]
         [Processed Buffers: Min: 5, Avg: 13.1, Max: 24, Diff: 19, Sum: 170]
      [Scan RS (ms): Min: 11.0, Avg: 12.2, Max: 12.6, Diff: 1.7, Sum: 158.3]
      [Code Root Scanning (ms): Min: 0.0, Avg: 0.0, Max: 0.0, Diff: 0.0, Sum: 0.0]
      [Object Copy (ms): Min: 80.1, Avg: 80.3, Max: 80.5, Diff: 0.5, Sum: 1043.6]
      [Termination (ms): Min: 0.0, Avg: 0.0, Max: 0.0, Diff: 0.0, Sum: 0.0]
      [GC Worker Other (ms): Min: 0.0, Avg: 0.0, Max: 0.1, Diff: 0.1, Sum: 0.6]
      [GC Worker Total (ms): Min: 99.5, Avg: 99.6, Max: 99.7, Diff: 0.2, Sum: 1294.5]
      [GC Worker End (ms): Min: 59869.6, Avg: 59869.6, Max: 59869.7, Diff: 0.1]
   [Code Root Fixup: 0.4 ms]
   [Code Root Migration: 0.0 ms]
   [Clear CT: 2.1 ms]
   [Other: 7.9 ms]
      [Choose CSet: 0.0 ms]
      [Ref Proc: 4.1 ms]
      [Ref Enq: 0.3 ms]
      [Free CSet: 0.7 ms]
   [Eden: 1056.0M(1056.0M)->0.0B(1056.0M) Survivors: 160.0M->160.0M Heap: 9160.0M(24.0G)->8344.0M(24.0G)]
 [Times: user=1.32 sys=0.03, real=0.11 secs] 
2014-04-16T09:46:00.997+0900: 60.054: [GC concurrent-mark-end, 1.4098703 secs]
2014-04-16T09:46:00.998+0900: 60.055: [GC remark 60.102: [GC ref-proc, 0.0060534 secs], 0.0746361 secs]
 [Times: user=0.82 sys=0.00, real=0.07 secs] 
2014-04-16T09:46:01.075+0900: 60.132: [GC cleanup 8508M->8508M(24G), 0.0187052 secs]
 [Times: user=0.23 sys=0.00, real=0.02 secs] 
2014-04-16T09:46:01.831+0900: 60.888: [GC pause (G1 Evacuation Pause) (young), 0.1125351 secs]
   [Parallel Time: 102.1 ms, GC Workers: 13]
      [GC Worker Start (ms): Min: 60888.4, Avg: 60888.4, Max: 60888.5, Diff: 0.2]
      [Ext Root Scanning (ms): Min: 1.4, Avg: 1.5, Max: 1.7, Diff: 0.3, Sum: 19.6]
      [Update RS (ms): Min: 5.2, Avg: 5.4, Max: 5.8, Diff: 0.6, Sum: 70.8]
         [Processed Buffers: Min: 9, Avg: 14.1, Max: 23, Diff: 14, Sum: 183]
      [Scan RS (ms): Min: 11.3, Avg: 11.8, Max: 12.2, Diff: 0.9, Sum: 153.6]
      [Code Root Scanning (ms): Min: 0.0, Avg: 0.0, Max: 0.0, Diff: 0.0, Sum: 0.0]
      [Object Copy (ms): Min: 82.8, Avg: 83.0, Max: 83.2, Diff: 0.4, Sum: 1078.5]
      [Termination (ms): Min: 0.0, Avg: 0.0, Max: 0.0, Diff: 0.0, Sum: 0.0]
      [GC Worker Other (ms): Min: 0.0, Avg: 0.0, Max: 0.1, Diff: 0.1, Sum: 0.5]
      [GC Worker Total (ms): Min: 101.7, Avg: 101.8, Max: 101.9, Diff: 0.2, Sum: 1323.0]
      [GC Worker End (ms): Min: 60990.2, Avg: 60990.2, Max: 60990.3, Diff: 0.1]
   [Code Root Fixup: 0.3 ms]
   [Code Root Migration: 0.0 ms]
   [Clear CT: 2.2 ms]
   [Other: 8.0 ms]
      [Choose CSet: 0.0 ms]
      [Ref Proc: 4.0 ms]
      [Ref Enq: 0.3 ms]
      [Free CSet: 0.7 ms]
   [Eden: 1056.0M(1056.0M)->0.0B(1056.0M) Survivors: 160.0M->160.0M Heap: 9400.0M(24.0G)->8568.0M(24.0G)]
 [Times: user=1.32 sys=0.05, real=0.11 secs] 
2014-04-16T09:46:02.799+0900: 61.856: [GC pause (G1 Evacuation Pause) (mixed), 0.1388624 secs]
   [Parallel Time: 125.8 ms, GC Workers: 13]
      [GC Worker Start (ms): Min: 61856.7, Avg: 61856.7, Max: 61856.8, Diff: 0.1]
      [Ext Root Scanning (ms): Min: 1.1, Avg: 1.5, Max: 2.6, Diff: 1.5, Sum: 20.0]
      [Update RS (ms): Min: 4.4, Avg: 6.8, Max: 21.9, Diff: 17.5, Sum: 89.0]
         [Processed Buffers: Min: 6, Avg: 16.2, Max: 26, Diff: 20, Sum: 210]
      [Scan RS (ms): Min: 7.6, Avg: 22.4, Max: 24.0, Diff: 16.5, Sum: 290.7]
      [Code Root Scanning (ms): Min: 0.0, Avg: 0.0, Max: 0.0, Diff: 0.0, Sum: 0.1]
      [Object Copy (ms): Min: 94.5, Avg: 94.8, Max: 95.3, Diff: 0.8, Sum: 1232.4]
      [Termination (ms): Min: 0.0, Avg: 0.0, Max: 0.0, Diff: 0.0, Sum: 0.1]
      [GC Worker Other (ms): Min: 0.0, Avg: 0.0, Max: 0.1, Diff: 0.1, Sum: 0.5]
      [GC Worker Total (ms): Min: 125.5, Avg: 125.6, Max: 125.6, Diff: 0.1, Sum: 1632.7]
      [GC Worker End (ms): Min: 61982.3, Avg: 61982.3, Max: 61982.4, Diff: 0.1]
   [Code Root Fixup: 0.4 ms]
   [Code Root Migration: 0.0 ms]
   [Clear CT: 2.4 ms]
   [Other: 10.2 ms]
      [Choose CSet: 0.2 ms]
      [Ref Proc: 4.4 ms]
      [Ref Enq: 0.4 ms]
      [Free CSet: 1.3 ms]
   [Eden: 1056.0M(1056.0M)->0.0B(1056.0M) Survivors: 160.0M->160.0M Heap: 9624.0M(24.0G)->8240.0M(24.0G)]
 [Times: user=1.60 sys=0.09, real=0.14 secs] 
2014-04-16T09:46:03.824+0900: 62.881: [GC pause (G1 Evacuation Pause) (young), 0.1148591 secs]
   [Parallel Time: 103.6 ms, GC Workers: 13]
      [GC Worker Start (ms): Min: 62881.6, Avg: 62881.6, Max: 62881.7, Diff: 0.1]
      [Ext Root Scanning (ms): Min: 1.3, Avg: 1.5, Max: 2.1, Diff: 0.7, Sum: 18.9]
      [Update RS (ms): Min: 5.8, Avg: 9.2, Max: 22.9, Diff: 17.1, Sum: 120.1]
         [Processed Buffers: Min: 4, Avg: 13.9, Max: 25, Diff: 21, Sum: 181]
      [Scan RS (ms): Min: 0.0, Avg: 10.6, Max: 13.0, Diff: 13.0, Sum: 137.5]
      [Code Root Scanning (ms): Min: 0.0, Avg: 0.0, Max: 0.0, Diff: 0.0, Sum: 0.0]
      [Object Copy (ms): Min: 78.9, Avg: 82.0, Max: 82.6, Diff: 3.7, Sum: 1065.4]
      [Termination (ms): Min: 0.0, Avg: 0.0, Max: 0.0, Diff: 0.0, Sum: 0.1]
      [GC Worker Other (ms): Min: 0.0, Avg: 0.0, Max: 0.1, Diff: 0.1, Sum: 0.6]
      [GC Worker Total (ms): Min: 103.2, Avg: 103.3, Max: 103.4, Diff: 0.2, Sum: 1342.7]
      [GC Worker End (ms): Min: 62984.9, Avg: 62984.9, Max: 62985.0, Diff: 0.1]
   [Code Root Fixup: 0.4 ms]
   [Code Root Migration: 0.0 ms]
   [Clear CT: 2.3 ms]
   [Other: 8.6 ms]
      [Choose CSet: 0.0 ms]
      [Ref Proc: 4.4 ms]
      [Ref Enq: 0.3 ms]
      [Free CSet: 0.8 ms]
   [Eden: 1056.0M(1056.0M)->0.0B(1056.0M) Survivors: 160.0M->160.0M Heap: 9296.0M(24.0G)->8472.0M(24.0G)]
 [Times: user=1.37 sys=0.02, real=0.12 secs] 
2014-04-16T09:46:04.800+0900: 63.857: [GC pause (G1 Evacuation Pause) (young) (initial-mark), 0.1088369 secs]
   [Parallel Time: 97.6 ms, GC Workers: 13]
      [GC Worker Start (ms): Min: 63857.7, Avg: 63857.8, Max: 63857.8, Diff: 0.1]
      [Ext Root Scanning (ms): Min: 1.2, Avg: 1.5, Max: 3.2, Diff: 2.0, Sum: 19.2]
      [Code Root Marking (ms): Min: 0.0, Avg: 0.6, Max: 4.3, Diff: 4.3, Sum: 7.2]
      [Update RS (ms): Min: 2.7, Avg: 5.9, Max: 6.9, Diff: 4.3, Sum: 77.0]
         [Processed Buffers: Min: 9, Avg: 15.4, Max: 29, Diff: 20, Sum: 200]
      [Scan RS (ms): Min: 11.3, Avg: 11.8, Max: 12.1, Diff: 0.9, Sum: 153.7]
      [Code Root Scanning (ms): Min: 0.0, Avg: 0.0, Max: 0.0, Diff: 0.0, Sum: 0.0]
      [Object Copy (ms): Min: 77.3, Avg: 77.5, Max: 77.9, Diff: 0.6, Sum: 1007.4]
      [Termination (ms): Min: 0.0, Avg: 0.0, Max: 0.0, Diff: 0.0, Sum: 0.1]
      [GC Worker Other (ms): Min: 0.0, Avg: 0.0, Max: 0.1, Diff: 0.0, Sum: 0.5]
      [GC Worker Total (ms): Min: 97.2, Avg: 97.3, Max: 97.4, Diff: 0.1, Sum: 1265.0]
      [GC Worker End (ms): Min: 63955.1, Avg: 63955.1, Max: 63955.1, Diff: 0.0]
   [Code Root Fixup: 0.4 ms]
   [Code Root Migration: 0.0 ms]
   [Clear CT: 2.2 ms]
   [Other: 8.6 ms]
      [Choose CSet: 0.0 ms]
      [Ref Proc: 3.9 ms]
      [Ref Enq: 0.3 ms]
      [Free CSet: 0.8 ms]
   [Eden: 1056.0M(1056.0M)->0.0B(1056.0M) Survivors: 160.0M->160.0M Heap: 9528.0M(24.0G)->8720.0M(24.0G)]
 [Times: user=1.31 sys=0.01, real=0.11 secs] 
2014-04-16T09:46:04.909+0900: 63.966: [GC concurrent-root-region-scan-start]
2014-04-16T09:46:04.970+0900: 64.027: [GC concurrent-root-region-scan-end, 0.0606456 secs]
2014-04-16T09:46:04.970+0900: 64.027: [GC concurrent-mark-start]
2014-04-16T09:46:06.094+0900: 65.151: [GC pause (G1 Evacuation Pause) (young), 0.1090505 secs]
   [Parallel Time: 98.0 ms, GC Workers: 13]
      [GC Worker Start (ms): Min: 65151.2, Avg: 65151.3, Max: 65151.4, Diff: 0.1]
      [Ext Root Scanning (ms): Min: 1.4, Avg: 1.6, Max: 2.1, Diff: 0.7, Sum: 20.2]
      [SATB Filtering (ms): Min: 0.0, Avg: 0.2, Max: 2.6, Diff: 2.6, Sum: 2.6]
      [Update RS (ms): Min: 2.7, Avg: 5.2, Max: 6.7, Diff: 4.1, Sum: 68.0]
         [Processed Buffers: Min: 6, Avg: 13.5, Max: 20, Diff: 14, Sum: 175]
      [Scan RS (ms): Min: 10.6, Avg: 11.8, Max: 12.2, Diff: 1.6, Sum: 153.3]
      [Code Root Scanning (ms): Min: 0.0, Avg: 0.0, Max: 0.0, Diff: 0.0, Sum: 0.0]
      [Object Copy (ms): Min: 78.5, Avg: 78.8, Max: 78.9, Diff: 0.4, Sum: 1024.5]
      [Termination (ms): Min: 0.0, Avg: 0.0, Max: 0.0, Diff: 0.0, Sum: 0.0]
      [GC Worker Other (ms): Min: 0.0, Avg: 0.0, Max: 0.1, Diff: 0.1, Sum: 0.5]
      [GC Worker Total (ms): Min: 97.6, Avg: 97.6, Max: 97.7, Diff: 0.1, Sum: 1269.3]
      [GC Worker End (ms): Min: 65248.9, Avg: 65248.9, Max: 65249.0, Diff: 0.1]
   [Code Root Fixup: 0.4 ms]
   [Code Root Migration: 0.0 ms]
   [Clear CT: 2.4 ms]
   [Other: 8.2 ms]
      [Choose CSet: 0.0 ms]
      [Ref Proc: 4.2 ms]
      [Ref Enq: 0.2 ms]
      [Free CSet: 0.7 ms]
   [Eden: 1056.0M(1056.0M)->0.0B(1056.0M) Survivors: 160.0M->160.0M Heap: 9776.0M(24.0G)->8952.0M(24.0G)]
 [Times: user=1.29 sys=0.03, real=0.11 secs] 
2014-04-16T09:46:06.604+0900: 65.661: [GC concurrent-mark-end, 1.6345343 secs]
2014-04-16T09:46:06.606+0900: 65.663: [GC remark 65.707: [GC ref-proc, 0.0061524 secs], 0.0733416 secs]
 [Times: user=0.81 sys=0.00, real=0.07 secs] 
2014-04-16T09:46:06.681+0900: 65.738: [GC cleanup 9328M->9328M(24G), 0.0196689 secs]
 [Times: user=0.24 sys=0.00, real=0.02 secs] 
2014-04-16T09:46:07.267+0900: 66.324: [GC pause (G1 Evacuation Pause) (young), 0.1106710 secs]
   [Parallel Time: 100.0 ms, GC Workers: 13]
      [GC Worker Start (ms): Min: 66324.2, Avg: 66324.3, Max: 66324.4, Diff: 0.1]
      [Ext Root Scanning (ms): Min: 1.1, Avg: 1.6, Max: 1.8, Diff: 0.7, Sum: 20.2]
      [Update RS (ms): Min: 4.9, Avg: 5.4, Max: 6.0, Diff: 1.1, Sum: 69.8]
         [Processed Buffers: Min: 5, Avg: 14.8, Max: 26, Diff: 21, Sum: 192]
      [Scan RS (ms): Min: 10.5, Avg: 11.1, Max: 11.4, Diff: 0.9, Sum: 143.7]
      [Code Root Scanning (ms): Min: 0.0, Avg: 0.0, Max: 0.0, Diff: 0.0, Sum: 0.0]
      [Object Copy (ms): Min: 81.4, Avg: 81.7, Max: 82.2, Diff: 0.8, Sum: 1061.8]
      [Termination (ms): Min: 0.0, Avg: 0.0, Max: 0.0, Diff: 0.0, Sum: 0.1]
      [GC Worker Other (ms): Min: 0.0, Avg: 0.0, Max: 0.1, Diff: 0.1, Sum: 0.6]
      [GC Worker Total (ms): Min: 99.6, Avg: 99.7, Max: 99.8, Diff: 0.1, Sum: 1296.2]
      [GC Worker End (ms): Min: 66424.0, Avg: 66424.0, Max: 66424.1, Diff: 0.1]
   [Code Root Fixup: 0.4 ms]
   [Code Root Migration: 0.0 ms]
   [Clear CT: 2.4 ms]
   [Other: 7.9 ms]
      [Choose CSet: 0.0 ms]
      [Ref Proc: 3.9 ms]
      [Ref Enq: 0.3 ms]
      [Free CSet: 0.7 ms]
   [Eden: 1056.0M(1056.0M)->0.0B(1056.0M) Survivors: 160.0M->160.0M Heap: 10008.0M(24.0G)->9192.0M(24.0G)]
 [Times: user=1.29 sys=0.07, real=0.11 secs] 
2014-04-16T09:46:08.246+0900: 67.303: [GC pause (G1 Evacuation Pause) (mixed), 0.1457683 secs]
   [Parallel Time: 131.8 ms, GC Workers: 13]
      [GC Worker Start (ms): Min: 67303.8, Avg: 67303.8, Max: 67303.9, Diff: 0.1]
      [Ext Root Scanning (ms): Min: 0.8, Avg: 1.6, Max: 2.5, Diff: 1.6, Sum: 20.2]
      [Update RS (ms): Min: 4.4, Avg: 5.6, Max: 6.4, Diff: 2.0, Sum: 73.2]
         [Processed Buffers: Min: 5, Avg: 15.4, Max: 25, Diff: 20, Sum: 200]
      [Scan RS (ms): Min: 22.2, Avg: 22.8, Max: 23.2, Diff: 1.0, Sum: 296.4]
      [Code Root Scanning (ms): Min: 0.0, Avg: 0.0, Max: 0.0, Diff: 0.0, Sum: 0.1]
      [Object Copy (ms): Min: 101.2, Avg: 101.5, Max: 102.3, Diff: 1.2, Sum: 1319.0]
      [Termination (ms): Min: 0.0, Avg: 0.0, Max: 0.0, Diff: 0.0, Sum: 0.1]
      [GC Worker Other (ms): Min: 0.0, Avg: 0.0, Max: 0.1, Diff: 0.0, Sum: 0.5]
      [GC Worker Total (ms): Min: 131.4, Avg: 131.5, Max: 131.6, Diff: 0.1, Sum: 1709.4]
      [GC Worker End (ms): Min: 67435.3, Avg: 67435.3, Max: 67435.4, Diff: 0.0]
   [Code Root Fixup: 0.4 ms]
   [Code Root Migration: 0.0 ms]
   [Clear CT: 2.5 ms]
   [Other: 11.0 ms]
      [Choose CSet: 0.2 ms]
      [Ref Proc: 4.8 ms]
      [Ref Enq: 0.3 ms]
      [Free CSet: 1.3 ms]
   [Eden: 1056.0M(1056.0M)->0.0B(1056.0M) Survivors: 160.0M->160.0M Heap: 10.0G(24.0G)->8856.0M(24.0G)]
 [Times: user=1.68 sys=0.09, real=0.14 secs] 
2014-04-16T09:46:09.310+0900: 68.367: [GC pause (G1 Evacuation Pause) (mixed), 0.1223840 secs]
   [Parallel Time: 111.3 ms, GC Workers: 13]
      [GC Worker Start (ms): Min: 68367.7, Avg: 68367.7, Max: 68367.8, Diff: 0.1]
      [Ext Root Scanning (ms): Min: 0.9, Avg: 1.5, Max: 2.0, Diff: 1.1, Sum: 20.1]
      [Update RS (ms): Min: 5.0, Avg: 5.6, Max: 7.5, Diff: 2.5, Sum: 73.0]
         [Processed Buffers: Min: 6, Avg: 14.5, Max: 31, Diff: 25, Sum: 188]
      [Scan RS (ms): Min: 12.6, Avg: 14.5, Max: 15.3, Diff: 2.6, Sum: 188.3]
      [Code Root Scanning (ms): Min: 0.0, Avg: 0.0, Max: 0.0, Diff: 0.0, Sum: 0.0]
      [Object Copy (ms): Min: 88.8, Avg: 89.3, Max: 89.9, Diff: 1.1, Sum: 1160.8]
      [Termination (ms): Min: 0.0, Avg: 0.0, Max: 0.0, Diff: 0.0, Sum: 0.1]
      [GC Worker Other (ms): Min: 0.0, Avg: 0.0, Max: 0.1, Diff: 0.1, Sum: 0.6]
      [GC Worker Total (ms): Min: 110.9, Avg: 111.0, Max: 111.1, Diff: 0.1, Sum: 1442.9]
      [GC Worker End (ms): Min: 68478.7, Avg: 68478.7, Max: 68478.8, Diff: 0.1]
   [Code Root Fixup: 0.4 ms]
   [Code Root Migration: 0.0 ms]
   [Clear CT: 2.2 ms]
   [Other: 8.5 ms]
      [Choose CSet: 0.0 ms]
      [Ref Proc: 4.2 ms]
      [Ref Enq: 0.3 ms]
      [Free CSet: 0.7 ms]
   [Eden: 1056.0M(1056.0M)->0.0B(1056.0M) Survivors: 160.0M->160.0M Heap: 9912.0M(24.0G)->9024.0M(24.0G)]
 [Times: user=1.48 sys=0.02, real=0.12 secs] 
2014-04-16T09:46:10.339+0900: 69.396: [GC pause (G1 Evacuation Pause) (young), 0.1075988 secs]
   [Parallel Time: 97.2 ms, GC Workers: 13]
      [GC Worker Start (ms): Min: 69396.2, Avg: 69396.2, Max: 69396.3, Diff: 0.1]
      [Ext Root Scanning (ms): Min: 1.4, Avg: 1.5, Max: 1.7, Diff: 0.3, Sum: 19.3]
      [Update RS (ms): Min: 5.7, Avg: 6.4, Max: 7.3, Diff: 1.7, Sum: 82.8]
         [Processed Buffers: Min: 4, Avg: 14.6, Max: 27, Diff: 23, Sum: 190]
      [Scan RS (ms): Min: 11.5, Avg: 12.4, Max: 12.8, Diff: 1.3, Sum: 160.8]
      [Code Root Scanning (ms): Min: 0.0, Avg: 0.0, Max: 0.0, Diff: 0.0, Sum: 0.0]
      [Object Copy (ms): Min: 76.5, Avg: 76.7, Max: 76.8, Diff: 0.4, Sum: 996.5]
      [Termination (ms): Min: 0.0, Avg: 0.0, Max: 0.0, Diff: 0.0, Sum: 0.0]
      [GC Worker Other (ms): Min: 0.0, Avg: 0.0, Max: 0.1, Diff: 0.1, Sum: 0.5]
      [GC Worker Total (ms): Min: 96.9, Avg: 96.9, Max: 97.0, Diff: 0.2, Sum: 1260.1]
      [GC Worker End (ms): Min: 69493.1, Avg: 69493.2, Max: 69493.2, Diff: 0.1]
   [Code Root Fixup: 0.3 ms]
   [Code Root Migration: 0.0 ms]
   [Clear CT: 2.2 ms]
   [Other: 7.9 ms]
      [Choose CSet: 0.0 ms]
      [Ref Proc: 3.8 ms]
      [Ref Enq: 0.3 ms]
      [Free CSet: 0.7 ms]
   [Eden: 1056.0M(1056.0M)->0.0B(1056.0M) Survivors: 160.0M->160.0M Heap: 10080.0M(24.0G)->9288.0M(24.0G)]
 [Times: user=1.29 sys=0.01, real=0.11 secs] 
2014-04-16T09:46:11.345+0900: 70.402: [GC pause (G1 Evacuation Pause) (young) (initial-mark), 0.1091351 secs]
   [Parallel Time: 97.8 ms, GC Workers: 13]
      [GC Worker Start (ms): Min: 70402.4, Avg: 70402.4, Max: 70402.5, Diff: 0.1]
      [Ext Root Scanning (ms): Min: 1.3, Avg: 1.6, Max: 3.9, Diff: 2.6, Sum: 20.5]
      [Code Root Marking (ms): Min: 0.0, Avg: 0.7, Max: 6.3, Diff: 6.3, Sum: 8.5]
      [Update RS (ms): Min: 0.2, Avg: 5.6, Max: 6.9, Diff: 6.7, Sum: 73.3]
         [Processed Buffers: Min: 2, Avg: 15.0, Max: 26, Diff: 24, Sum: 195]
      [Scan RS (ms): Min: 11.7, Avg: 12.3, Max: 12.5, Diff: 0.8, Sum: 159.5]
      [Code Root Scanning (ms): Min: 0.0, Avg: 0.0, Max: 0.0, Diff: 0.0, Sum: 0.0]
      [Object Copy (ms): Min: 77.2, Avg: 77.3, Max: 77.8, Diff: 0.6, Sum: 1005.2]
      [Termination (ms): Min: 0.0, Avg: 0.0, Max: 0.0, Diff: 0.0, Sum: 0.1]
      [GC Worker Other (ms): Min: 0.0, Avg: 0.0, Max: 0.1, Diff: 0.1, Sum: 0.5]
      [GC Worker Total (ms): Min: 97.4, Avg: 97.5, Max: 97.6, Diff: 0.2, Sum: 1267.6]
      [GC Worker End (ms): Min: 70499.9, Avg: 70499.9, Max: 70500.0, Diff: 0.1]
   [Code Root Fixup: 0.4 ms]
   [Code Root Migration: 0.0 ms]
   [Clear CT: 2.6 ms]
   [Other: 8.3 ms]
      [Choose CSet: 0.0 ms]
      [Ref Proc: 3.9 ms]
      [Ref Enq: 0.3 ms]
      [Free CSet: 0.7 ms]
   [Eden: 1056.0M(1056.0M)->0.0B(1056.0M) Survivors: 160.0M->160.0M Heap: 10.1G(24.0G)->9536.0M(24.0G)]
 [Times: user=1.30 sys=0.02, real=0.11 secs] 
2014-04-16T09:46:11.454+0900: 70.511: [GC concurrent-root-region-scan-start]
2014-04-16T09:46:11.503+0900: 70.560: [GC concurrent-root-region-scan-end, 0.0489304 secs]
2014-04-16T09:46:11.503+0900: 70.560: [GC concurrent-mark-start]
2014-04-16T09:46:12.648+0900: 71.704: [GC pause (G1 Evacuation Pause) (young), 0.1103059 secs]
   [Parallel Time: 98.9 ms, GC Workers: 13]
      [GC Worker Start (ms): Min: 71704.9, Avg: 71704.9, Max: 71705.0, Diff: 0.1]
      [Ext Root Scanning (ms): Min: 1.1, Avg: 1.5, Max: 2.1, Diff: 1.0, Sum: 20.1]
      [SATB Filtering (ms): Min: 0.0, Avg: 0.1, Max: 1.8, Diff: 1.8, Sum: 1.8]
      [Update RS (ms): Min: 3.0, Avg: 5.0, Max: 5.9, Diff: 2.9, Sum: 65.2]
         [Processed Buffers: Min: 5, Avg: 13.9, Max: 21, Diff: 16, Sum: 181]
      [Scan RS (ms): Min: 11.8, Avg: 12.4, Max: 12.9, Diff: 1.1, Sum: 161.4]
      [Code Root Scanning (ms): Min: 0.0, Avg: 0.0, Max: 0.0, Diff: 0.0, Sum: 0.0]
      [Object Copy (ms): Min: 78.9, Avg: 79.2, Max: 79.7, Diff: 0.8, Sum: 1029.9]
      [Termination (ms): Min: 0.0, Avg: 0.4, Max: 0.5, Diff: 0.4, Sum: 5.1]
      [GC Worker Other (ms): Min: 0.0, Avg: 0.0, Max: 0.1, Diff: 0.1, Sum: 0.5]
      [GC Worker Total (ms): Min: 98.7, Avg: 98.8, Max: 98.9, Diff: 0.2, Sum: 1284.1]
      [GC Worker End (ms): Min: 71803.7, Avg: 71803.7, Max: 71803.7, Diff: 0.1]
   [Code Root Fixup: 0.4 ms]
   [Code Root Migration: 0.0 ms]
   [Clear CT: 2.7 ms]
   [Other: 8.3 ms]
      [Choose CSet: 0.0 ms]
      [Ref Proc: 3.9 ms]
      [Ref Enq: 0.3 ms]
      [Free CSet: 0.8 ms]
   [Eden: 1056.0M(1056.0M)->0.0B(1056.0M) Survivors: 160.0M->160.0M Heap: 10.3G(24.0G)->9776.0M(24.0G)]
 [Times: user=1.29 sys=0.05, real=0.11 secs] 
2014-04-16T09:46:13.149+0900: 72.206: [GC concurrent-mark-end, 1.6453213 secs]
2014-04-16T09:46:13.150+0900: 72.207: [GC remark 72.251: [GC ref-proc, 0.0059798 secs], 0.0746020 secs]
 [Times: user=0.82 sys=0.00, real=0.07 secs] 
2014-04-16T09:46:13.226+0900: 72.283: [GC cleanup 10126M->10126M(24G), 0.0209812 secs]
 [Times: user=0.26 sys=0.00, real=0.02 secs] 
2014-04-16T09:46:13.848+0900: 72.905: [GC pause (G1 Evacuation Pause) (young), 0.1177601 secs]
   [Parallel Time: 105.7 ms, GC Workers: 13]
      [GC Worker Start (ms): Min: 72905.6, Avg: 72905.6, Max: 72905.7, Diff: 0.1]
      [Ext Root Scanning (ms): Min: 1.4, Avg: 1.5, Max: 2.1, Diff: 0.7, Sum: 20.1]
      [Update RS (ms): Min: 4.9, Avg: 7.4, Max: 25.7, Diff: 20.7, Sum: 95.7]
         [Processed Buffers: Min: 6, Avg: 14.0, Max: 23, Diff: 17, Sum: 182]
      [Scan RS (ms): Min: 0.0, Avg: 12.8, Max: 14.4, Diff: 14.3, Sum: 165.9]
      [Code Root Scanning (ms): Min: 0.0, Avg: 0.0, Max: 0.0, Diff: 0.0, Sum: 0.0]
      [Object Copy (ms): Min: 78.0, Avg: 83.5, Max: 84.1, Diff: 6.1, Sum: 1085.8]
      [Termination (ms): Min: 0.0, Avg: 0.1, Max: 0.1, Diff: 0.1, Sum: 1.4]
      [GC Worker Other (ms): Min: 0.0, Avg: 0.0, Max: 0.0, Diff: 0.0, Sum: 0.4]
      [GC Worker Total (ms): Min: 105.2, Avg: 105.3, Max: 105.4, Diff: 0.2, Sum: 1369.2]
      [GC Worker End (ms): Min: 73010.9, Avg: 73011.0, Max: 73011.0, Diff: 0.0]
   [Code Root Fixup: 0.4 ms]
   [Code Root Migration: 0.0 ms]
   [Clear CT: 2.7 ms]
   [Other: 9.0 ms]
      [Choose CSet: 0.0 ms]
      [Ref Proc: 4.4 ms]
      [Ref Enq: 0.3 ms]
      [Free CSet: 0.8 ms]
   [Eden: 1056.0M(1056.0M)->0.0B(1056.0M) Survivors: 160.0M->160.0M Heap: 10.6G(24.0G)->10024.0M(24.0G)]
 [Times: user=1.37 sys=0.05, real=0.12 secs] 
2014-04-16T09:46:14.824+0900: 73.881: [GC pause (G1 Evacuation Pause) (mixed), 0.1496742 secs]
   [Parallel Time: 134.3 ms, GC Workers: 13]
      [GC Worker Start (ms): Min: 73881.9, Avg: 73882.0, Max: 73882.0, Diff: 0.2]
      [Ext Root Scanning (ms): Min: 1.0, Avg: 1.5, Max: 2.5, Diff: 1.4, Sum: 19.5]
      [Update RS (ms): Min: 6.6, Avg: 7.0, Max: 8.2, Diff: 1.6, Sum: 91.0]
         [Processed Buffers: Min: 8, Avg: 15.2, Max: 23, Diff: 15, Sum: 197]
      [Scan RS (ms): Min: 26.7, Avg: 27.7, Max: 28.4, Diff: 1.7, Sum: 360.6]
      [Code Root Scanning (ms): Min: 0.0, Avg: 0.0, Max: 0.0, Diff: 0.0, Sum: 0.1]
      [Object Copy (ms): Min: 97.2, Avg: 97.4, Max: 97.8, Diff: 0.7, Sum: 1265.6]
      [Termination (ms): Min: 0.0, Avg: 0.4, Max: 0.4, Diff: 0.4, Sum: 5.1]
      [GC Worker Other (ms): Min: 0.0, Avg: 0.0, Max: 0.1, Diff: 0.0, Sum: 0.4]
      [GC Worker Total (ms): Min: 133.9, Avg: 134.0, Max: 134.1, Diff: 0.2, Sum: 1742.4]
      [GC Worker End (ms): Min: 74016.0, Avg: 74016.0, Max: 74016.0, Diff: 0.0]
   [Code Root Fixup: 0.4 ms]
   [Code Root Migration: 0.0 ms]
   [Clear CT: 2.6 ms]
   [Other: 12.2 ms]
      [Choose CSet: 0.3 ms]
      [Ref Proc: 4.7 ms]
      [Ref Enq: 0.4 ms]
      [Free CSet: 1.5 ms]
   [Eden: 1056.0M(1056.0M)->0.0B(1056.0M) Survivors: 160.0M->160.0M Heap: 10.8G(24.0G)->9656.0M(24.0G)]
 [Times: user=1.71 sys=0.09, real=0.15 secs] 
2014-04-16T09:46:15.863+0900: 74.920: [GC pause (G1 Evacuation Pause) (mixed), 0.1275416 secs]
   [Parallel Time: 114.4 ms, GC Workers: 13]
      [GC Worker Start (ms): Min: 74920.8, Avg: 74920.9, Max: 74921.0, Diff: 0.1]
      [Ext Root Scanning (ms): Min: 1.1, Avg: 1.6, Max: 2.3, Diff: 1.2, Sum: 20.6]
      [Update RS (ms): Min: 5.0, Avg: 6.0, Max: 7.4, Diff: 2.4, Sum: 78.2]
         [Processed Buffers: Min: 6, Avg: 14.3, Max: 26, Diff: 20, Sum: 186]
      [Scan RS (ms): Min: 18.5, Avg: 19.7, Max: 20.3, Diff: 1.8, Sum: 255.8]
      [Code Root Scanning (ms): Min: 0.0, Avg: 0.0, Max: 0.0, Diff: 0.0, Sum: 0.1]
      [Object Copy (ms): Min: 86.6, Avg: 86.8, Max: 87.3, Diff: 0.6, Sum: 1128.6]
      [Termination (ms): Min: 0.0, Avg: 0.0, Max: 0.0, Diff: 0.0, Sum: 0.1]
      [GC Worker Other (ms): Min: 0.0, Avg: 0.0, Max: 0.1, Diff: 0.1, Sum: 0.5]
      [GC Worker Total (ms): Min: 114.1, Avg: 114.1, Max: 114.2, Diff: 0.1, Sum: 1483.8]
      [GC Worker End (ms): Min: 75035.0, Avg: 75035.1, Max: 75035.1, Diff: 0.1]
   [Code Root Fixup: 0.4 ms]
   [Code Root Migration: 0.0 ms]
   [Clear CT: 2.7 ms]
   [Other: 10.0 ms]
      [Choose CSet: 0.1 ms]
      [Ref Proc: 4.7 ms]
      [Ref Enq: 0.3 ms]
      [Free CSet: 0.9 ms]
   [Eden: 1056.0M(1056.0M)->0.0B(1056.0M) Survivors: 160.0M->160.0M Heap: 10.5G(24.0G)->9736.0M(24.0G)]
 [Times: user=1.51 sys=0.03, real=0.13 secs] 
2014-04-16T09:46:16.906+0900: 75.963: [GC pause (G1 Evacuation Pause) (young), 0.1112308 secs]
   [Parallel Time: 100.2 ms, GC Workers: 13]
      [GC Worker Start (ms): Min: 75963.6, Avg: 75963.7, Max: 75963.8, Diff: 0.1]
      [Ext Root Scanning (ms): Min: 1.5, Avg: 1.6, Max: 2.1, Diff: 0.7, Sum: 20.3]
      [Update RS (ms): Min: 5.5, Avg: 6.0, Max: 7.5, Diff: 2.0, Sum: 77.8]
         [Processed Buffers: Min: 7, Avg: 15.2, Max: 32, Diff: 25, Sum: 197]
      [Scan RS (ms): Min: 10.9, Avg: 12.2, Max: 12.7, Diff: 1.8, Sum: 158.4]
      [Code Root Scanning (ms): Min: 0.0, Avg: 0.0, Max: 0.0, Diff: 0.0, Sum: 0.0]
      [Object Copy (ms): Min: 79.9, Avg: 80.1, Max: 80.3, Diff: 0.4, Sum: 1041.9]
      [Termination (ms): Min: 0.0, Avg: 0.0, Max: 0.0, Diff: 0.0, Sum: 0.0]
      [GC Worker Other (ms): Min: 0.0, Avg: 0.0, Max: 0.1, Diff: 0.1, Sum: 0.6]
      [GC Worker Total (ms): Min: 99.8, Avg: 99.9, Max: 100.0, Diff: 0.2, Sum: 1299.1]
      [GC Worker End (ms): Min: 76063.6, Avg: 76063.6, Max: 76063.7, Diff: 0.1]
   [Code Root Fixup: 0.4 ms]
   [Code Root Migration: 0.0 ms]
   [Clear CT: 2.5 ms]
   [Other: 8.0 ms]
      [Choose CSet: 0.0 ms]
      [Ref Proc: 3.7 ms]
      [Ref Enq: 0.3 ms]
      [Free CSet: 0.7 ms]
   [Eden: 1056.0M(1056.0M)->0.0B(1056.0M) Survivors: 160.0M->160.0M Heap: 10.5G(24.0G)->9992.0M(24.0G)]
 [Times: user=1.34 sys=0.02, real=0.12 secs] 
2014-04-16T09:46:17.891+0900: 76.948: [GC pause (G1 Evacuation Pause) (young) (initial-mark), 0.1093512 secs]
   [Parallel Time: 97.5 ms, GC Workers: 13]
      [GC Worker Start (ms): Min: 76948.3, Avg: 76948.4, Max: 76948.5, Diff: 0.1]
      [Ext Root Scanning (ms): Min: 1.2, Avg: 1.5, Max: 3.9, Diff: 2.7, Sum: 20.1]
      [Code Root Marking (ms): Min: 0.0, Avg: 0.7, Max: 6.1, Diff: 6.1, Sum: 8.5]
      [Update RS (ms): Min: 0.1, Avg: 5.7, Max: 7.4, Diff: 7.3, Sum: 74.0]
         [Processed Buffers: Min: 4, Avg: 14.1, Max: 26, Diff: 22, Sum: 183]
      [Scan RS (ms): Min: 12.5, Avg: 13.4, Max: 13.9, Diff: 1.3, Sum: 173.9]
      [Code Root Scanning (ms): Min: 0.0, Avg: 0.0, Max: 0.0, Diff: 0.0, Sum: 0.0]
      [Object Copy (ms): Min: 75.6, Avg: 75.9, Max: 76.3, Diff: 0.7, Sum: 986.1]
      [Termination (ms): Min: 0.0, Avg: 0.0, Max: 0.0, Diff: 0.0, Sum: 0.0]
      [GC Worker Other (ms): Min: 0.0, Avg: 0.0, Max: 0.1, Diff: 0.1, Sum: 0.5]
      [GC Worker Total (ms): Min: 97.1, Avg: 97.2, Max: 97.3, Diff: 0.2, Sum: 1263.1]
      [GC Worker End (ms): Min: 77045.5, Avg: 77045.6, Max: 77045.6, Diff: 0.1]
   [Code Root Fixup: 0.4 ms]
   [Code Root Migration: 0.0 ms]
   [Clear CT: 2.6 ms]
   [Other: 8.9 ms]
      [Choose CSet: 0.0 ms]
      [Ref Proc: 4.2 ms]
      [Ref Enq: 0.4 ms]
      [Free CSet: 0.6 ms]
   [Eden: 1056.0M(1056.0M)->0.0B(1056.0M) Survivors: 160.0M->160.0M Heap: 10.8G(24.0G)->10216.0M(24.0G)]
 [Times: user=1.30 sys=0.02, real=0.11 secs] 
2014-04-16T09:46:18.000+0900: 77.057: [GC concurrent-root-region-scan-start]
2014-04-16T09:46:18.053+0900: 77.110: [GC concurrent-root-region-scan-end, 0.0530302 secs]
2014-04-16T09:46:18.054+0900: 77.110: [GC concurrent-mark-start]
2014-04-16T09:46:19.142+0900: 78.199: [GC pause (G1 Evacuation Pause) (young), 0.1127907 secs]
   [Parallel Time: 100.8 ms, GC Workers: 13]
      [GC Worker Start (ms): Min: 78199.7, Avg: 78199.8, Max: 78199.9, Diff: 0.1]
      [Ext Root Scanning (ms): Min: 1.5, Avg: 1.6, Max: 1.7, Diff: 0.2, Sum: 20.3]
      [SATB Filtering (ms): Min: 0.0, Avg: 0.2, Max: 2.5, Diff: 2.5, Sum: 2.5]
      [Update RS (ms): Min: 3.3, Avg: 5.7, Max: 6.8, Diff: 3.5, Sum: 73.8]
         [Processed Buffers: Min: 8, Avg: 14.6, Max: 26, Diff: 18, Sum: 190]
      [Scan RS (ms): Min: 13.1, Avg: 14.1, Max: 14.5, Diff: 1.4, Sum: 182.9]
      [Code Root Scanning (ms): Min: 0.0, Avg: 0.0, Max: 0.0, Diff: 0.0, Sum: 0.0]
      [Object Copy (ms): Min: 78.6, Avg: 78.8, Max: 78.9, Diff: 0.3, Sum: 1023.8]
      [Termination (ms): Min: 0.0, Avg: 0.2, Max: 0.3, Diff: 0.3, Sum: 3.2]
      [GC Worker Other (ms): Min: 0.0, Avg: 0.0, Max: 0.0, Diff: 0.0, Sum: 0.3]
      [GC Worker Total (ms): Min: 100.5, Avg: 100.5, Max: 100.6, Diff: 0.1, Sum: 1306.9]
      [GC Worker End (ms): Min: 78300.3, Avg: 78300.3, Max: 78300.3, Diff: 0.0]
   [Code Root Fixup: 0.4 ms]
   [Code Root Migration: 0.0 ms]
   [Clear CT: 2.9 ms]
   [Other: 8.7 ms]
      [Choose CSet: 0.0 ms]
      [Ref Proc: 3.9 ms]
      [Ref Enq: 0.3 ms]
      [Free CSet: 0.7 ms]
   [Eden: 1056.0M(1056.0M)->0.0B(1056.0M) Survivors: 160.0M->160.0M Heap: 11.0G(24.0G)->10.2G(24.0G)]
 [Times: user=1.34 sys=0.02, real=0.11 secs] 
2014-04-16T09:46:19.836+0900: 78.893: [GC concurrent-mark-end, 1.7828496 secs]
2014-04-16T09:46:19.838+0900: 78.895: [GC remark 78.936: [GC ref-proc, 0.0061405 secs], 0.0736426 secs]
 [Times: user=0.81 sys=0.00, real=0.07 secs] 
2014-04-16T09:46:19.913+0900: 78.970: [GC cleanup 10G->10G(24G), 0.0228697 secs]
 [Times: user=0.28 sys=0.00, real=0.02 secs] 
2014-04-16T09:46:20.413+0900: 79.470: [GC pause (G1 Evacuation Pause) (young), 0.1170335 secs]
   [Parallel Time: 104.8 ms, GC Workers: 13]
      [GC Worker Start (ms): Min: 79470.1, Avg: 79470.1, Max: 79470.2, Diff: 0.2]
      [Ext Root Scanning (ms): Min: 1.1, Avg: 1.5, Max: 2.2, Diff: 1.1, Sum: 19.6]
      [Update RS (ms): Min: 4.9, Avg: 5.9, Max: 7.8, Diff: 2.9, Sum: 77.2]
         [Processed Buffers: Min: 7, Avg: 14.5, Max: 21, Diff: 14, Sum: 188]
      [Scan RS (ms): Min: 12.0, Avg: 13.8, Max: 14.8, Diff: 2.8, Sum: 179.1]
      [Code Root Scanning (ms): Min: 0.0, Avg: 0.0, Max: 0.0, Diff: 0.0, Sum: 0.0]
      [Object Copy (ms): Min: 82.2, Avg: 83.0, Max: 83.8, Diff: 1.6, Sum: 1078.9]
      [Termination (ms): Min: 0.0, Avg: 0.3, Max: 0.3, Diff: 0.3, Sum: 4.1]
      [GC Worker Other (ms): Min: 0.0, Avg: 0.0, Max: 0.0, Diff: 0.0, Sum: 0.3]
      [GC Worker Total (ms): Min: 104.5, Avg: 104.6, Max: 104.6, Diff: 0.1, Sum: 1359.2]
      [GC Worker End (ms): Min: 79574.7, Avg: 79574.7, Max: 79574.7, Diff: 0.0]
   [Code Root Fixup: 0.2 ms]
   [Code Root Migration: 0.0 ms]
   [Clear CT: 2.8 ms]
   [Other: 9.1 ms]
      [Choose CSet: 0.0 ms]
      [Ref Proc: 4.1 ms]
      [Ref Enq: 0.3 ms]
      [Free CSet: 0.8 ms]
   [Eden: 1056.0M(1056.0M)->0.0B(1056.0M) Survivors: 160.0M->160.0M Heap: 11.2G(24.0G)->10.4G(24.0G)]
 [Times: user=1.35 sys=0.06, real=0.12 secs] 
2014-04-16T09:46:21.404+0900: 80.461: [GC pause (G1 Evacuation Pause) (mixed), 0.1594406 secs]
   [Parallel Time: 142.8 ms, GC Workers: 13]
      [GC Worker Start (ms): Min: 80461.5, Avg: 80461.6, Max: 80461.6, Diff: 0.1]
      [Ext Root Scanning (ms): Min: 1.2, Avg: 1.6, Max: 2.5, Diff: 1.3, Sum: 20.8]
      [Update RS (ms): Min: 4.8, Avg: 6.1, Max: 6.8, Diff: 2.0, Sum: 79.4]
         [Processed Buffers: Min: 6, Avg: 15.3, Max: 28, Diff: 22, Sum: 199]
      [Scan RS (ms): Min: 28.9, Avg: 29.8, Max: 30.2, Diff: 1.4, Sum: 386.9]
      [Code Root Scanning (ms): Min: 0.0, Avg: 0.0, Max: 0.0, Diff: 0.0, Sum: 0.1]
      [Object Copy (ms): Min: 103.7, Avg: 104.8, Max: 105.6, Diff: 1.9, Sum: 1361.8]
      [Termination (ms): Min: 0.0, Avg: 0.3, Max: 0.4, Diff: 0.4, Sum: 4.4]
      [GC Worker Other (ms): Min: 0.0, Avg: 0.0, Max: 0.1, Diff: 0.0, Sum: 0.4]
      [GC Worker Total (ms): Min: 142.5, Avg: 142.6, Max: 142.7, Diff: 0.2, Sum: 1853.7]
      [GC Worker End (ms): Min: 80604.1, Avg: 80604.1, Max: 80604.2, Diff: 0.1]
   [Code Root Fixup: 0.4 ms]
   [Code Root Migration: 0.0 ms]
   [Clear CT: 3.1 ms]
   [Other: 13.1 ms]
      [Choose CSet: 0.3 ms]
      [Ref Proc: 4.9 ms]
      [Ref Enq: 0.4 ms]
      [Free CSet: 1.6 ms]
   [Eden: 1056.0M(1056.0M)->0.0B(1056.0M) Survivors: 160.0M->160.0M Heap: 11.5G(24.0G)->10.0G(24.0G)]
 [Times: user=1.83 sys=0.09, real=0.16 secs] 
2014-04-16T09:46:22.479+0900: 81.536: [GC pause (G1 Evacuation Pause) (mixed), 0.1271397 secs]
   [Parallel Time: 113.2 ms, GC Workers: 13]
      [GC Worker Start (ms): Min: 81536.1, Avg: 81536.2, Max: 81536.2, Diff: 0.1]
      [Ext Root Scanning (ms): Min: 1.1, Avg: 1.5, Max: 2.0, Diff: 1.0, Sum: 20.0]
      [Update RS (ms): Min: 4.7, Avg: 5.7, Max: 6.3, Diff: 1.6, Sum: 73.9]
         [Processed Buffers: Min: 5, Avg: 13.7, Max: 23, Diff: 18, Sum: 178]
      [Scan RS (ms): Min: 19.0, Avg: 19.6, Max: 20.3, Diff: 1.3, Sum: 255.3]
      [Code Root Scanning (ms): Min: 0.0, Avg: 0.0, Max: 0.0, Diff: 0.0, Sum: 0.0]
      [Object Copy (ms): Min: 85.8, Avg: 86.0, Max: 86.5, Diff: 0.7, Sum: 1118.5]
      [Termination (ms): Min: 0.0, Avg: 0.0, Max: 0.0, Diff: 0.0, Sum: 0.2]
      [GC Worker Other (ms): Min: 0.0, Avg: 0.0, Max: 0.1, Diff: 0.1, Sum: 0.6]
      [GC Worker Total (ms): Min: 112.9, Avg: 113.0, Max: 113.0, Diff: 0.2, Sum: 1468.4]
      [GC Worker End (ms): Min: 81649.1, Avg: 81649.1, Max: 81649.2, Diff: 0.1]
   [Code Root Fixup: 0.4 ms]
   [Code Root Migration: 0.0 ms]
   [Clear CT: 3.0 ms]
   [Other: 10.5 ms]
      [Choose CSet: 0.1 ms]
      [Ref Proc: 4.1 ms]
      [Ref Enq: 0.3 ms]
      [Free CSet: 1.1 ms]
   [Eden: 1056.0M(1056.0M)->0.0B(1056.0M) Survivors: 160.0M->160.0M Heap: 11.1G(24.0G)->10.1G(24.0G)]
 [Times: user=1.50 sys=0.03, real=0.12 secs] 
2014-04-16T09:46:23.505+0900: 82.562: [GC pause (G1 Evacuation Pause) (young), 0.1150402 secs]
   [Parallel Time: 103.0 ms, GC Workers: 13]
      [GC Worker Start (ms): Min: 82562.4, Avg: 82562.5, Max: 82562.6, Diff: 0.1]
      [Ext Root Scanning (ms): Min: 1.4, Avg: 1.5, Max: 1.8, Diff: 0.3, Sum: 19.9]
      [Update RS (ms): Min: 5.3, Avg: 5.7, Max: 6.9, Diff: 1.5, Sum: 74.5]
         [Processed Buffers: Min: 7, Avg: 14.2, Max: 25, Diff: 18, Sum: 184]
      [Scan RS (ms): Min: 12.7, Avg: 13.7, Max: 14.1, Diff: 1.3, Sum: 178.7]
      [Code Root Scanning (ms): Min: 0.0, Avg: 0.0, Max: 0.0, Diff: 0.0, Sum: 0.0]
      [Object Copy (ms): Min: 81.6, Avg: 81.7, Max: 82.0, Diff: 0.5, Sum: 1062.4]
      [Termination (ms): Min: 0.0, Avg: 0.0, Max: 0.0, Diff: 0.0, Sum: 0.1]
      [GC Worker Other (ms): Min: 0.0, Avg: 0.0, Max: 0.1, Diff: 0.1, Sum: 0.6]
      [GC Worker Total (ms): Min: 102.7, Avg: 102.8, Max: 102.9, Diff: 0.1, Sum: 1336.3]
      [GC Worker End (ms): Min: 82665.3, Avg: 82665.3, Max: 82665.4, Diff: 0.1]
   [Code Root Fixup: 0.4 ms]
   [Code Root Migration: 0.0 ms]
   [Clear CT: 2.6 ms]
   [Other: 9.0 ms]
      [Choose CSet: 0.0 ms]
      [Ref Proc: 3.9 ms]
      [Ref Enq: 0.4 ms]
      [Free CSet: 0.8 ms]
   [Eden: 1056.0M(1056.0M)->0.0B(1056.0M) Survivors: 160.0M->160.0M Heap: 11.1G(24.0G)->10.3G(24.0G)]
 [Times: user=1.37 sys=0.02, real=0.12 secs] 
2014-04-16T09:46:24.542+0900: 83.599: [GC pause (G1 Evacuation Pause) (young) (initial-mark), 0.1129898 secs]
   [Parallel Time: 100.2 ms, GC Workers: 13]
      [GC Worker Start (ms): Min: 83600.0, Avg: 83600.1, Max: 83600.1, Diff: 0.1]
      [Ext Root Scanning (ms): Min: 1.2, Avg: 1.5, Max: 3.2, Diff: 2.0, Sum: 19.0]
      [Code Root Marking (ms): Min: 0.0, Avg: 0.7, Max: 6.1, Diff: 6.1, Sum: 8.8]
      [Update RS (ms): Min: 0.0, Avg: 5.5, Max: 7.2, Diff: 7.2, Sum: 71.1]
         [Processed Buffers: Min: 0, Avg: 14.8, Max: 28, Diff: 28, Sum: 192]
      [Scan RS (ms): Min: 12.2, Avg: 13.3, Max: 13.8, Diff: 1.6, Sum: 173.1]
      [Code Root Scanning (ms): Min: 0.0, Avg: 0.0, Max: 0.0, Diff: 0.0, Sum: 0.0]
      [Object Copy (ms): Min: 78.9, Avg: 79.0, Max: 79.2, Diff: 0.3, Sum: 1027.4]
      [Termination (ms): Min: 0.0, Avg: 0.0, Max: 0.0, Diff: 0.0, Sum: 0.0]
      [GC Worker Other (ms): Min: 0.0, Avg: 0.0, Max: 0.1, Diff: 0.1, Sum: 0.5]
      [GC Worker Total (ms): Min: 99.9, Avg: 100.0, Max: 100.1, Diff: 0.2, Sum: 1300.1]
      [GC Worker End (ms): Min: 83700.0, Avg: 83700.1, Max: 83700.1, Diff: 0.1]
   [Code Root Fixup: 0.4 ms]
   [Code Root Migration: 0.0 ms]
   [Clear CT: 2.8 ms]
   [Other: 9.6 ms]
      [Choose CSet: 0.0 ms]
      [Ref Proc: 4.0 ms]
      [Ref Enq: 0.3 ms]
      [Free CSet: 0.8 ms]
   [Eden: 1056.0M(1056.0M)->0.0B(1056.0M) Survivors: 160.0M->160.0M Heap: 11.4G(24.0G)->10.6G(24.0G)]
 [Times: user=1.34 sys=0.02, real=0.11 secs] 
2014-04-16T09:46:24.656+0900: 83.713: [GC concurrent-root-region-scan-start]
2014-04-16T09:46:24.703+0900: 83.760: [GC concurrent-root-region-scan-end, 0.0470244 secs]
2014-04-16T09:46:24.703+0900: 83.760: [GC concurrent-mark-start]
2014-04-16T09:46:25.869+0900: 84.926: [GC pause (G1 Evacuation Pause) (young), 0.1130523 secs]
   [Parallel Time: 100.5 ms, GC Workers: 13]
      [GC Worker Start (ms): Min: 84925.9, Avg: 84926.0, Max: 84926.0, Diff: 0.1]
      [Ext Root Scanning (ms): Min: 1.4, Avg: 1.6, Max: 2.1, Diff: 0.7, Sum: 20.3]
      [SATB Filtering (ms): Min: 0.0, Avg: 0.2, Max: 2.3, Diff: 2.3, Sum: 2.3]
      [Update RS (ms): Min: 3.8, Avg: 6.0, Max: 7.2, Diff: 3.4, Sum: 77.6]
         [Processed Buffers: Min: 8, Avg: 13.4, Max: 25, Diff: 17, Sum: 174]
      [Scan RS (ms): Min: 13.1, Avg: 14.1, Max: 14.5, Diff: 1.5, Sum: 183.2]
      [Code Root Scanning (ms): Min: 0.0, Avg: 0.0, Max: 0.0, Diff: 0.0, Sum: 0.0]
      [Object Copy (ms): Min: 78.3, Avg: 78.4, Max: 78.5, Diff: 0.2, Sum: 1019.8]
      [Termination (ms): Min: 0.0, Avg: 0.0, Max: 0.0, Diff: 0.0, Sum: 0.0]
      [GC Worker Other (ms): Min: 0.0, Avg: 0.0, Max: 0.1, Diff: 0.1, Sum: 0.5]
      [GC Worker Total (ms): Min: 100.2, Avg: 100.3, Max: 100.3, Diff: 0.1, Sum: 1303.6]
      [GC Worker End (ms): Min: 85026.2, Avg: 85026.2, Max: 85026.3, Diff: 0.1]
   [Code Root Fixup: 0.4 ms]
   [Code Root Migration: 0.0 ms]
   [Clear CT: 3.1 ms]
   [Other: 9.0 ms]
      [Choose CSet: 0.0 ms]
      [Ref Proc: 3.9 ms]
      [Ref Enq: 0.3 ms]
      [Free CSet: 0.8 ms]
   [Eden: 1056.0M(1056.0M)->0.0B(1056.0M) Survivors: 160.0M->160.0M Heap: 11.6G(24.0G)->10.8G(24.0G)]
 [Times: user=1.35 sys=0.02, real=0.11 secs] 
2014-04-16T09:46:26.619+0900: 85.676: [GC concurrent-mark-end, 1.9159950 secs]
2014-04-16T09:46:26.620+0900: 85.677: [GC remark 85.718: [GC ref-proc, 0.0062437 secs], 0.0750796 secs]
 [Times: user=0.83 sys=0.00, real=0.07 secs] 
2014-04-16T09:46:26.697+0900: 85.754: [GC cleanup 11G->11G(24G), 0.0243949 secs]
 [Times: user=0.30 sys=0.00, real=0.03 secs] 
2014-04-16T09:46:27.154+0900: 86.210: [GC pause (G1 Evacuation Pause) (young), 0.2734857 secs]
   [Parallel Time: 261.3 ms, GC Workers: 13]
      [GC Worker Start (ms): Min: 86210.9, Avg: 86210.9, Max: 86211.0, Diff: 0.1]
      [Ext Root Scanning (ms): Min: 1.5, Avg: 1.6, Max: 2.0, Diff: 0.4, Sum: 21.2]
      [Update RS (ms): Min: 8.2, Avg: 8.7, Max: 9.9, Diff: 1.7, Sum: 113.3]
         [Processed Buffers: Min: 4, Avg: 15.6, Max: 34, Diff: 30, Sum: 203]
      [Scan RS (ms): Min: 58.5, Avg: 60.9, Max: 62.1, Diff: 3.6, Sum: 792.1]
      [Code Root Scanning (ms): Min: 0.0, Avg: 0.0, Max: 0.0, Diff: 0.0, Sum: 0.1]
      [Object Copy (ms): Min: 187.6, Avg: 188.4, Max: 189.6, Diff: 2.0, Sum: 2449.1]
      [Termination (ms): Min: 0.4, Avg: 1.4, Max: 1.6, Diff: 1.2, Sum: 17.8]
      [GC Worker Other (ms): Min: 0.0, Avg: 0.0, Max: 0.0, Diff: 0.0, Sum: 0.4]
      [GC Worker Total (ms): Min: 261.0, Avg: 261.1, Max: 261.2, Diff: 0.2, Sum: 3393.9]
      [GC Worker End (ms): Min: 86472.0, Avg: 86472.0, Max: 86472.1, Diff: 0.1]
   [Code Root Fixup: 0.4 ms]
   [Code Root Migration: 0.0 ms]
   [Clear CT: 2.9 ms]
   [Other: 8.8 ms]
      [Choose CSet: 0.0 ms]
      [Ref Proc: 4.0 ms]
      [Ref Enq: 0.3 ms]
      [Free CSet: 0.7 ms]
   [Eden: 1056.0M(1056.0M)->0.0B(1056.0M) Survivors: 160.0M->160.0M Heap: 11.8G(24.0G)->11.1G(24.0G)]
 [Times: user=2.98 sys=0.09, real=0.27 secs] 
2014-04-16T09:46:28.335+0900: 87.392: [GC pause (G1 Evacuation Pause) (mixed), 0.2644217 secs]
   [Parallel Time: 247.7 ms, GC Workers: 13]
      [GC Worker Start (ms): Min: 87392.8, Avg: 87392.9, Max: 87393.0, Diff: 0.1]
      [Ext Root Scanning (ms): Min: 1.0, Avg: 1.6, Max: 2.3, Diff: 1.2, Sum: 20.6]
      [Update RS (ms): Min: 2.6, Avg: 3.4, Max: 4.9, Diff: 2.3, Sum: 44.4]
         [Processed Buffers: Min: 7, Avg: 14.2, Max: 29, Diff: 22, Sum: 185]
      [Scan RS (ms): Min: 49.1, Avg: 50.7, Max: 51.6, Diff: 2.5, Sum: 659.4]
      [Code Root Scanning (ms): Min: 0.0, Avg: 0.0, Max: 0.0, Diff: 0.0, Sum: 0.1]
      [Object Copy (ms): Min: 190.2, Avg: 191.1, Max: 192.8, Diff: 2.6, Sum: 2483.8]
      [Termination (ms): Min: 0.2, Avg: 0.6, Max: 0.7, Diff: 0.5, Sum: 8.2]
      [GC Worker Other (ms): Min: 0.0, Avg: 0.1, Max: 0.1, Diff: 0.1, Sum: 0.7]
      [GC Worker Total (ms): Min: 247.4, Avg: 247.5, Max: 247.6, Diff: 0.2, Sum: 3217.0]
      [GC Worker End (ms): Min: 87640.3, Avg: 87640.4, Max: 87640.4, Diff: 0.1]
   [Code Root Fixup: 0.4 ms]
   [Code Root Migration: 0.0 ms]
   [Clear CT: 3.1 ms]
   [Other: 13.2 ms]
      [Choose CSet: 0.3 ms]
      [Ref Proc: 4.5 ms]
      [Ref Enq: 0.3 ms]
      [Free CSet: 1.5 ms]
   [Eden: 1056.0M(1056.0M)->0.0B(1056.0M) Survivors: 160.0M->160.0M Heap: 12.1G(24.0G)->10.7G(24.0G)]
 [Times: user=3.14 sys=0.10, real=0.27 secs] 
2014-04-16T09:46:29.660+0900: 88.717: [GC pause (G1 Evacuation Pause) (mixed), 0.1248275 secs]
   [Parallel Time: 112.3 ms, GC Workers: 13]
      [GC Worker Start (ms): Min: 88717.3, Avg: 88717.4, Max: 88717.5, Diff: 0.1]
      [Ext Root Scanning (ms): Min: 1.5, Avg: 1.6, Max: 2.1, Diff: 0.6, Sum: 21.0]
      [Update RS (ms): Min: 5.4, Avg: 5.9, Max: 7.4, Diff: 1.9, Sum: 76.5]
         [Processed Buffers: Min: 6, Avg: 14.8, Max: 28, Diff: 22, Sum: 193]
      [Scan RS (ms): Min: 16.5, Avg: 17.9, Max: 18.5, Diff: 2.0, Sum: 233.2]
      [Code Root Scanning (ms): Min: 0.0, Avg: 0.0, Max: 0.0, Diff: 0.0, Sum: 0.0]
      [Object Copy (ms): Min: 86.4, Avg: 86.5, Max: 86.7, Diff: 0.2, Sum: 1125.0]
      [Termination (ms): Min: 0.0, Avg: 0.0, Max: 0.0, Diff: 0.0, Sum: 0.0]
      [GC Worker Other (ms): Min: 0.0, Avg: 0.1, Max: 0.1, Diff: 0.1, Sum: 0.7]
      [GC Worker Total (ms): Min: 111.9, Avg: 112.0, Max: 112.1, Diff: 0.2, Sum: 1456.5]
      [GC Worker End (ms): Min: 88829.4, Avg: 88829.5, Max: 88829.5, Diff: 0.1]
   [Code Root Fixup: 0.4 ms]
   [Code Root Migration: 0.0 ms]
   [Clear CT: 3.1 ms]
   [Other: 9.0 ms]
      [Choose CSet: 0.1 ms]
      [Ref Proc: 4.5 ms]
      [Ref Enq: 0.5 ms]
      [Free CSet: 0.8 ms]
   [Eden: 1056.0M(1056.0M)->0.0B(1056.0M) Survivors: 160.0M->160.0M Heap: 11.8G(24.0G)->10.9G(24.0G)]
 [Times: user=1.50 sys=0.02, real=0.12 secs] 
2014-04-16T09:46:30.685+0900: 89.742: [GC pause (G1 Evacuation Pause) (young), 0.1144288 secs]
   [Parallel Time: 103.5 ms, GC Workers: 13]
      [GC Worker Start (ms): Min: 89742.0, Avg: 89742.1, Max: 89742.1, Diff: 0.1]
      [Ext Root Scanning (ms): Min: 1.4, Avg: 1.5, Max: 1.9, Diff: 0.4, Sum: 20.0]
      [Update RS (ms): Min: 5.5, Avg: 12.3, Max: 55.6, Diff: 50.1, Sum: 160.3]
         [Processed Buffers: Min: 4, Avg: 14.0, Max: 29, Diff: 25, Sum: 182]
      [Scan RS (ms): Min: 0.0, Avg: 10.1, Max: 12.6, Diff: 12.6, Sum: 131.6]
      [Code Root Scanning (ms): Min: 0.0, Avg: 0.0, Max: 0.0, Diff: 0.0, Sum: 0.0]
      [Object Copy (ms): Min: 46.1, Avg: 79.2, Max: 83.6, Diff: 37.6, Sum: 1029.7]
      [Termination (ms): Min: 0.0, Avg: 0.0, Max: 0.0, Diff: 0.0, Sum: 0.1]
      [GC Worker Other (ms): Min: 0.0, Avg: 0.0, Max: 0.1, Diff: 0.1, Sum: 0.6]
      [GC Worker Total (ms): Min: 103.2, Avg: 103.3, Max: 103.3, Diff: 0.2, Sum: 1342.3]
      [GC Worker End (ms): Min: 89845.3, Avg: 89845.3, Max: 89845.4, Diff: 0.1]
   [Code Root Fixup: 0.3 ms]
   [Code Root Migration: 0.0 ms]
   [Clear CT: 3.0 ms]
   [Other: 7.6 ms]
      [Choose CSet: 0.0 ms]
      [Ref Proc: 4.2 ms]
      [Ref Enq: 0.3 ms]
      [Free CSet: 0.6 ms]
   [Eden: 1056.0M(1056.0M)->0.0B(1056.0M) Survivors: 160.0M->160.0M Heap: 11.9G(24.0G)->11.1G(24.0G)]
 [Times: user=1.38 sys=0.01, real=0.12 secs] 
2014-04-16T09:46:31.665+0900: 90.722: [GC pause (G1 Evacuation Pause) (young) (initial-mark), 0.1107480 secs]
   [Parallel Time: 99.5 ms, GC Workers: 13]
      [GC Worker Start (ms): Min: 90722.5, Avg: 90722.6, Max: 90722.7, Diff: 0.1]
      [Ext Root Scanning (ms): Min: 1.3, Avg: 1.5, Max: 3.4, Diff: 2.1, Sum: 19.7]
      [Code Root Marking (ms): Min: 0.0, Avg: 0.7, Max: 6.2, Diff: 6.2, Sum: 8.5]
      [Update RS (ms): Min: 0.0, Avg: 4.9, Max: 6.1, Diff: 6.1, Sum: 63.7]
         [Processed Buffers: Min: 0, Avg: 13.8, Max: 25, Diff: 25, Sum: 180]
      [Scan RS (ms): Min: 9.7, Avg: 10.7, Max: 11.0, Diff: 1.4, Sum: 138.6]
      [Code Root Scanning (ms): Min: 0.0, Avg: 0.0, Max: 0.0, Diff: 0.0, Sum: 0.0]
      [Object Copy (ms): Min: 81.4, Avg: 81.6, Max: 82.0, Diff: 0.6, Sum: 1060.4]
      [Termination (ms): Min: 0.0, Avg: 0.0, Max: 0.0, Diff: 0.0, Sum: 0.0]
      [GC Worker Other (ms): Min: 0.0, Avg: 0.0, Max: 0.1, Diff: 0.1, Sum: 0.5]
      [GC Worker Total (ms): Min: 99.3, Avg: 99.3, Max: 99.4, Diff: 0.2, Sum: 1291.4]
      [GC Worker End (ms): Min: 90821.9, Avg: 90821.9, Max: 90822.0, Diff: 0.1]
   [Code Root Fixup: 0.3 ms]
   [Code Root Migration: 0.0 ms]
   [Clear CT: 2.8 ms]
   [Other: 8.1 ms]
      [Choose CSet: 0.0 ms]
      [Ref Proc: 4.2 ms]
      [Ref Enq: 0.4 ms]
      [Free CSet: 0.7 ms]
   [Eden: 1056.0M(1056.0M)->0.0B(1056.0M) Survivors: 160.0M->160.0M Heap: 12.1G(24.0G)->11.3G(24.0G)]
 [Times: user=1.33 sys=0.01, real=0.11 secs] 
2014-04-16T09:46:31.776+0900: 90.833: [GC concurrent-root-region-scan-start]
2014-04-16T09:46:31.831+0900: 90.888: [GC concurrent-root-region-scan-end, 0.0546045 secs]
2014-04-16T09:46:31.831+0900: 90.888: [GC concurrent-mark-start]
2014-04-16T09:46:32.975+0900: 92.032: [GC pause (G1 Evacuation Pause) (young), 0.1125314 secs]
   [Parallel Time: 101.9 ms, GC Workers: 13]
      [GC Worker Start (ms): Min: 92032.5, Avg: 92032.5, Max: 92032.6, Diff: 0.1]
      [Ext Root Scanning (ms): Min: 1.5, Avg: 1.6, Max: 2.0, Diff: 0.6, Sum: 20.4]
      [SATB Filtering (ms): Min: 0.0, Avg: 0.2, Max: 2.4, Diff: 2.4, Sum: 2.4]
      [Update RS (ms): Min: 3.4, Avg: 5.6, Max: 7.2, Diff: 3.8, Sum: 73.4]
         [Processed Buffers: Min: 8, Avg: 14.2, Max: 21, Diff: 13, Sum: 185]
      [Scan RS (ms): Min: 10.3, Avg: 11.6, Max: 12.2, Diff: 1.9, Sum: 150.4]
      [Code Root Scanning (ms): Min: 0.0, Avg: 0.0, Max: 0.0, Diff: 0.0, Sum: 0.0]
      [Object Copy (ms): Min: 82.4, Avg: 82.6, Max: 82.8, Diff: 0.4, Sum: 1073.4]
      [Termination (ms): Min: 0.0, Avg: 0.1, Max: 0.2, Diff: 0.2, Sum: 1.8]
      [GC Worker Other (ms): Min: 0.0, Avg: 0.0, Max: 0.1, Diff: 0.0, Sum: 0.4]
      [GC Worker Total (ms): Min: 101.6, Avg: 101.7, Max: 101.8, Diff: 0.2, Sum: 1322.1]
      [GC Worker End (ms): Min: 92134.2, Avg: 92134.2, Max: 92134.3, Diff: 0.1]
   [Code Root Fixup: 0.3 ms]
   [Code Root Migration: 0.0 ms]
   [Clear CT: 2.8 ms]
   [Other: 7.5 ms]
      [Choose CSet: 0.0 ms]
      [Ref Proc: 3.9 ms]
      [Ref Enq: 0.3 ms]
      [Free CSet: 0.6 ms]
   [Eden: 1056.0M(1056.0M)->0.0B(1056.0M) Survivors: 160.0M->160.0M Heap: 12.4G(24.0G)->11.6G(24.0G)]
 [Times: user=1.36 sys=0.03, real=0.11 secs] 
2014-04-16T09:46:33.881+0900: 92.938: [GC concurrent-mark-end, 2.0507124 secs]
2014-04-16T09:46:33.883+0900: 92.940: [GC remark 92.977: [GC ref-proc, 0.0064131 secs], 0.0768357 secs]
 [Times: user=0.85 sys=0.00, real=0.08 secs] 
2014-04-16T09:46:33.962+0900: 93.019: [GC cleanup 12G->12G(24G), 0.0326781 secs]
 [Times: user=0.41 sys=0.00, real=0.03 secs] 
2014-04-16T09:46:34.250+0900: 93.307: [GC pause (G1 Evacuation Pause) (young), 0.1111336 secs]
   [Parallel Time: 99.5 ms, GC Workers: 13]
      [GC Worker Start (ms): Min: 93307.4, Avg: 93307.5, Max: 93307.6, Diff: 0.1]
      [Ext Root Scanning (ms): Min: 1.1, Avg: 1.5, Max: 1.8, Diff: 0.7, Sum: 20.0]
      [Update RS (ms): Min: 4.8, Avg: 5.4, Max: 6.4, Diff: 1.5, Sum: 70.4]
         [Processed Buffers: Min: 9, Avg: 15.5, Max: 28, Diff: 19, Sum: 201]
      [Scan RS (ms): Min: 11.1, Avg: 12.1, Max: 12.5, Diff: 1.4, Sum: 156.8]
      [Code Root Scanning (ms): Min: 0.0, Avg: 0.0, Max: 0.0, Diff: 0.0, Sum: 0.0]
      [Object Copy (ms): Min: 80.0, Avg: 80.2, Max: 80.7, Diff: 0.7, Sum: 1042.3]
      [Termination (ms): Min: 0.0, Avg: 0.0, Max: 0.0, Diff: 0.0, Sum: 0.0]
      [GC Worker Other (ms): Min: 0.0, Avg: 0.0, Max: 0.1, Diff: 0.1, Sum: 0.6]
      [GC Worker Total (ms): Min: 99.1, Avg: 99.2, Max: 99.4, Diff: 0.2, Sum: 1290.2]
      [GC Worker End (ms): Min: 93406.7, Avg: 93406.8, Max: 93406.8, Diff: 0.1]
   [Code Root Fixup: 0.2 ms]
   [Code Root Migration: 0.0 ms]
   [Clear CT: 3.2 ms]
   [Other: 8.1 ms]
      [Choose CSet: 0.0 ms]
      [Ref Proc: 4.1 ms]
      [Ref Enq: 0.3 ms]
      [Free CSet: 0.8 ms]
   [Eden: 1056.0M(1056.0M)->0.0B(1056.0M) Survivors: 160.0M->160.0M Heap: 12.6G(24.0G)->11.8G(24.0G)]
 [Times: user=1.30 sys=0.05, real=0.11 secs] 
2014-04-16T09:46:35.227+0900: 94.284: [GC pause (G1 Evacuation Pause) (mixed), 0.1634015 secs]
   [Parallel Time: 145.6 ms, GC Workers: 13]
      [GC Worker Start (ms): Min: 94284.8, Avg: 94284.9, Max: 94285.0, Diff: 0.1]
      [Ext Root Scanning (ms): Min: 1.2, Avg: 1.6, Max: 2.6, Diff: 1.4, Sum: 21.4]
      [Update RS (ms): Min: 4.5, Avg: 5.3, Max: 5.9, Diff: 1.5, Sum: 69.3]
         [Processed Buffers: Min: 9, Avg: 15.1, Max: 22, Diff: 13, Sum: 196]
      [Scan RS (ms): Min: 32.5, Avg: 33.3, Max: 34.1, Diff: 1.5, Sum: 432.9]
      [Code Root Scanning (ms): Min: 0.0, Avg: 0.0, Max: 0.0, Diff: 0.0, Sum: 0.1]
      [Object Copy (ms): Min: 104.3, Avg: 104.7, Max: 105.4, Diff: 1.2, Sum: 1361.2]
      [Termination (ms): Min: 0.0, Avg: 0.3, Max: 0.3, Diff: 0.3, Sum: 3.9]
      [GC Worker Other (ms): Min: 0.0, Avg: 0.0, Max: 0.1, Diff: 0.1, Sum: 0.6]
      [GC Worker Total (ms): Min: 145.3, Avg: 145.3, Max: 145.4, Diff: 0.1, Sum: 1889.5]
      [GC Worker End (ms): Min: 94430.2, Avg: 94430.2, Max: 94430.3, Diff: 0.1]
   [Code Root Fixup: 0.4 ms]
   [Code Root Migration: 0.0 ms]
   [Clear CT: 3.5 ms]
   [Other: 13.8 ms]
      [Choose CSet: 0.3 ms]
      [Ref Proc: 5.9 ms]
      [Ref Enq: 0.5 ms]
      [Free CSet: 1.7 ms]
   [Eden: 1056.0M(1056.0M)->0.0B(1056.0M) Survivors: 160.0M->160.0M Heap: 12.8G(24.0G)->11.4G(24.0G)]
 [Times: user=1.86 sys=0.11, real=0.17 secs] 
2014-04-16T09:46:36.288+0900: 95.345: [GC pause (G1 Evacuation Pause) (mixed), 0.1427031 secs]
   [Parallel Time: 128.6 ms, GC Workers: 13]
      [GC Worker Start (ms): Min: 95345.4, Avg: 95345.5, Max: 95345.5, Diff: 0.1]
      [Ext Root Scanning (ms): Min: 1.5, Avg: 1.6, Max: 2.2, Diff: 0.7, Sum: 20.5]
      [Update RS (ms): Min: 5.0, Avg: 12.7, Max: 54.7, Diff: 49.7, Sum: 165.5]
         [Processed Buffers: Min: 4, Avg: 13.5, Max: 32, Diff: 28, Sum: 176]
      [Scan RS (ms): Min: 0.0, Avg: 22.0, Max: 26.6, Diff: 26.6, Sum: 286.2]
      [Code Root Scanning (ms): Min: 0.0, Avg: 0.0, Max: 0.0, Diff: 0.0, Sum: 0.0]
      [Object Copy (ms): Min: 72.0, Avg: 92.0, Max: 95.5, Diff: 23.5, Sum: 1195.8]
      [Termination (ms): Min: 0.0, Avg: 0.0, Max: 0.0, Diff: 0.0, Sum: 0.1]
      [GC Worker Other (ms): Min: 0.0, Avg: 0.0, Max: 0.1, Diff: 0.1, Sum: 0.6]
      [GC Worker Total (ms): Min: 128.3, Avg: 128.4, Max: 128.4, Diff: 0.1, Sum: 1668.7]
      [GC Worker End (ms): Min: 95473.8, Avg: 95473.8, Max: 95473.9, Diff: 0.1]
   [Code Root Fixup: 0.4 ms]
   [Code Root Migration: 0.0 ms]
   [Clear CT: 3.5 ms]
   [Other: 10.2 ms]
      [Choose CSet: 0.2 ms]
      [Ref Proc: 4.2 ms]
      [Ref Enq: 0.4 ms]
      [Free CSet: 1.2 ms]
   [Eden: 1056.0M(1056.0M)->0.0B(1056.0M) Survivors: 160.0M->160.0M Heap: 12.4G(24.0G)->11.5G(24.0G)]
 [Times: user=1.70 sys=0.04, real=0.15 secs] 
2014-04-16T09:46:37.343+0900: 96.400: [GC pause (G1 Evacuation Pause) (young), 0.1061227 secs]
   [Parallel Time: 94.5 ms, GC Workers: 13]
      [GC Worker Start (ms): Min: 96400.9, Avg: 96400.9, Max: 96401.0, Diff: 0.1]
      [Ext Root Scanning (ms): Min: 1.4, Avg: 1.5, Max: 2.2, Diff: 0.7, Sum: 20.1]
      [Update RS (ms): Min: 4.5, Avg: 5.1, Max: 6.0, Diff: 1.5, Sum: 66.0]
         [Processed Buffers: Min: 7, Avg: 13.3, Max: 25, Diff: 18, Sum: 173]
      [Scan RS (ms): Min: 9.9, Avg: 10.8, Max: 11.1, Diff: 1.2, Sum: 141.0]
      [Code Root Scanning (ms): Min: 0.0, Avg: 0.0, Max: 0.0, Diff: 0.0, Sum: 0.0]
      [Object Copy (ms): Min: 76.6, Avg: 76.7, Max: 76.8, Diff: 0.1, Sum: 997.3]
      [Termination (ms): Min: 0.0, Avg: 0.0, Max: 0.0, Diff: 0.0, Sum: 0.0]
      [GC Worker Other (ms): Min: 0.0, Avg: 0.0, Max: 0.1, Diff: 0.1, Sum: 0.5]
      [GC Worker Total (ms): Min: 94.1, Avg: 94.2, Max: 94.3, Diff: 0.2, Sum: 1225.0]
      [GC Worker End (ms): Min: 96495.2, Avg: 96495.2, Max: 96495.2, Diff: 0.1]
   [Code Root Fixup: 0.3 ms]
   [Code Root Migration: 0.0 ms]
   [Clear CT: 3.1 ms]
   [Other: 8.2 ms]
      [Choose CSet: 0.0 ms]
      [Ref Proc: 4.0 ms]
      [Ref Enq: 0.3 ms]
      [Free CSet: 0.8 ms]
   [Eden: 1056.0M(1056.0M)->0.0B(1056.0M) Survivors: 160.0M->160.0M Heap: 12.5G(24.0G)->11.7G(24.0G)]
 [Times: user=1.28 sys=0.01, real=0.11 secs] 
2014-04-16T09:46:38.327+0900: 97.383: [GC pause (G1 Evacuation Pause) (young) (initial-mark), 0.1122307 secs]
   [Parallel Time: 100.1 ms, GC Workers: 13]
      [GC Worker Start (ms): Min: 97384.1, Avg: 97384.2, Max: 97384.2, Diff: 0.1]
      [Ext Root Scanning (ms): Min: 1.2, Avg: 1.5, Max: 3.2, Diff: 2.1, Sum: 19.6]
      [Code Root Marking (ms): Min: 0.0, Avg: 0.7, Max: 6.2, Diff: 6.2, Sum: 8.7]
      [Update RS (ms): Min: 0.0, Avg: 5.5, Max: 7.4, Diff: 7.4, Sum: 72.1]
         [Processed Buffers: Min: 0, Avg: 14.2, Max: 26, Diff: 26, Sum: 184]
      [Scan RS (ms): Min: 10.9, Avg: 11.9, Max: 12.4, Diff: 1.5, Sum: 155.0]
      [Code Root Scanning (ms): Min: 0.0, Avg: 0.0, Max: 0.0, Diff: 0.0, Sum: 0.0]
      [Object Copy (ms): Min: 79.8, Avg: 80.1, Max: 80.6, Diff: 0.8, Sum: 1041.3]
      [Termination (ms): Min: 0.0, Avg: 0.0, Max: 0.1, Diff: 0.0, Sum: 0.5]
      [GC Worker Other (ms): Min: 0.0, Avg: 0.0, Max: 0.1, Diff: 0.1, Sum: 0.6]
      [GC Worker Total (ms): Min: 99.8, Avg: 99.8, Max: 99.9, Diff: 0.1, Sum: 1297.6]
      [GC Worker End (ms): Min: 97484.0, Avg: 97484.0, Max: 97484.0, Diff: 0.1]
   [Code Root Fixup: 0.4 ms]
   [Code Root Migration: 0.0 ms]
   [Clear CT: 3.2 ms]
   [Other: 8.5 ms]
      [Choose CSet: 0.0 ms]
      [Ref Proc: 3.9 ms]
      [Ref Enq: 0.4 ms]
      [Free CSet: 0.8 ms]
   [Eden: 1056.0M(1056.0M)->0.0B(1056.0M) Survivors: 160.0M->160.0M Heap: 12.7G(24.0G)->11.9G(24.0G)]
 [Times: user=1.34 sys=0.01, real=0.11 secs] 
2014-04-16T09:46:38.439+0900: 97.496: [GC concurrent-root-region-scan-start]
2014-04-16T09:46:38.473+0900: 97.530: [GC concurrent-root-region-scan-end, 0.0343699 secs]
2014-04-16T09:46:38.473+0900: 97.530: [GC concurrent-mark-start]
2014-04-16T09:46:39.619+0900: 98.676: [GC pause (G1 Evacuation Pause) (young), 0.1072295 secs]
   [Parallel Time: 95.5 ms, GC Workers: 13]
      [GC Worker Start (ms): Min: 98676.1, Avg: 98676.1, Max: 98676.2, Diff: 0.1]
      [Ext Root Scanning (ms): Min: 1.4, Avg: 1.5, Max: 2.1, Diff: 0.6, Sum: 19.8]
      [SATB Filtering (ms): Min: 0.0, Avg: 0.1, Max: 1.7, Diff: 1.7, Sum: 1.7]
      [Update RS (ms): Min: 3.3, Avg: 5.4, Max: 6.3, Diff: 3.0, Sum: 69.6]
         [Processed Buffers: Min: 4, Avg: 13.8, Max: 25, Diff: 21, Sum: 179]
      [Scan RS (ms): Min: 10.4, Avg: 11.1, Max: 11.8, Diff: 1.4, Sum: 144.5]
      [Code Root Scanning (ms): Min: 0.0, Avg: 0.0, Max: 0.0, Diff: 0.0, Sum: 0.0]
      [Object Copy (ms): Min: 76.8, Avg: 77.0, Max: 77.2, Diff: 0.3, Sum: 1001.3]
      [Termination (ms): Min: 0.0, Avg: 0.0, Max: 0.0, Diff: 0.0, Sum: 0.1]
      [GC Worker Other (ms): Min: 0.0, Avg: 0.0, Max: 0.1, Diff: 0.1, Sum: 0.6]
      [GC Worker Total (ms): Min: 95.1, Avg: 95.2, Max: 95.3, Diff: 0.2, Sum: 1237.5]
      [GC Worker End (ms): Min: 98771.3, Avg: 98771.3, Max: 98771.4, Diff: 0.1]
   [Code Root Fixup: 0.3 ms]
   [Code Root Migration: 0.0 ms]
   [Clear CT: 3.1 ms]
   [Other: 8.3 ms]
      [Choose CSet: 0.0 ms]
      [Ref Proc: 4.3 ms]
      [Ref Enq: 0.4 ms]
      [Free CSet: 0.7 ms]
   [Eden: 1056.0M(1056.0M)->0.0B(1056.0M) Survivors: 160.0M->160.0M Heap: 12.9G(24.0G)->12.1G(24.0G)]
 [Times: user=1.29 sys=0.01, real=0.11 secs] 
2014-04-16T09:46:40.904+0900: 99.961: [GC pause (G1 Evacuation Pause) (young), 0.1131257 secs]
   [Parallel Time: 101.1 ms, GC Workers: 13]
      [GC Worker Start (ms): Min: 99961.5, Avg: 99961.6, Max: 99961.6, Diff: 0.1]
      [Ext Root Scanning (ms): Min: 1.2, Avg: 1.5, Max: 1.8, Diff: 0.6, Sum: 19.9]
      [SATB Filtering (ms): Min: 0.0, Avg: 0.2, Max: 2.3, Diff: 2.3, Sum: 2.3]
      [Update RS (ms): Min: 2.8, Avg: 5.2, Max: 6.1, Diff: 3.2, Sum: 67.7]
         [Processed Buffers: Min: 7, Avg: 13.4, Max: 24, Diff: 17, Sum: 174]
      [Scan RS (ms): Min: 10.1, Avg: 10.7, Max: 11.3, Diff: 1.2, Sum: 139.7]
      [Code Root Scanning (ms): Min: 0.0, Avg: 0.0, Max: 0.0, Diff: 0.0, Sum: 0.0]
      [Object Copy (ms): Min: 82.3, Avg: 82.8, Max: 83.5, Diff: 1.1, Sum: 1076.2]
      [Termination (ms): Min: 0.0, Avg: 0.4, Max: 0.4, Diff: 0.4, Sum: 5.0]
      [GC Worker Other (ms): Min: 0.0, Avg: 0.0, Max: 0.1, Diff: 0.1, Sum: 0.6]
      [GC Worker Total (ms): Min: 100.8, Avg: 100.9, Max: 101.0, Diff: 0.2, Sum: 1311.3]
      [GC Worker End (ms): Min: 100062.4, Avg: 100062.4, Max: 100062.5, Diff: 0.1]
   [Code Root Fixup: 0.4 ms]
   [Code Root Migration: 0.0 ms]
   [Clear CT: 3.3 ms]
   [Other: 8.2 ms]
      [Choose CSet: 0.0 ms]
      [Ref Proc: 4.2 ms]
      [Ref Enq: 0.4 ms]
      [Free CSet: 0.7 ms]
   [Eden: 1056.0M(1056.0M)->0.0B(1056.0M) Survivors: 160.0M->160.0M Heap: 13.2G(24.0G)->12.4G(24.0G)]
 [Times: user=1.32 sys=0.05, real=0.11 secs] 
2014-04-16T09:46:41.031+0900: 100.088: [GC concurrent-mark-end, 2.5571191 secs]
2014-04-16T09:46:41.032+0900: 100.090: [GC remark 100.118: [GC ref-proc, 0.0063005 secs], 0.0687854 secs]
 [Times: user=0.74 sys=0.01, real=0.07 secs] 
2014-04-16T09:46:41.104+0900: 100.161: [GC cleanup 12G->12G(24G), 0.0314366 secs]
 [Times: user=0.40 sys=0.00, real=0.03 secs] 
2014-04-16T09:46:42.004+0900: 101.061: [GC pause (G1 Evacuation Pause) (young), 0.1104722 secs]
   [Parallel Time: 98.7 ms, GC Workers: 13]
      [GC Worker Start (ms): Min: 101061.5, Avg: 101061.5, Max: 101061.6, Diff: 0.2]
      [Ext Root Scanning (ms): Min: 1.2, Avg: 1.6, Max: 2.1, Diff: 0.9, Sum: 21.2]
      [Update RS (ms): Min: 5.1, Avg: 5.2, Max: 5.5, Diff: 0.4, Sum: 68.1]
         [Processed Buffers: Min: 6, Avg: 14.8, Max: 26, Diff: 20, Sum: 193]
      [Scan RS (ms): Min: 10.4, Avg: 11.3, Max: 11.7, Diff: 1.3, Sum: 147.0]
      [Code Root Scanning (ms): Min: 0.0, Avg: 0.0, Max: 0.0, Diff: 0.0, Sum: 0.0]
      [Object Copy (ms): Min: 80.1, Avg: 80.3, Max: 80.6, Diff: 0.5, Sum: 1043.3]
      [Termination (ms): Min: 0.0, Avg: 0.0, Max: 0.0, Diff: 0.0, Sum: 0.0]
      [GC Worker Other (ms): Min: 0.0, Avg: 0.0, Max: 0.1, Diff: 0.1, Sum: 0.6]
      [GC Worker Total (ms): Min: 98.4, Avg: 98.5, Max: 98.6, Diff: 0.2, Sum: 1280.4]
      [GC Worker End (ms): Min: 101160.0, Avg: 101160.0, Max: 101160.1, Diff: 0.1]
   [Code Root Fixup: 0.4 ms]
   [Code Root Migration: 0.0 ms]
   [Clear CT: 3.2 ms]
   [Other: 8.1 ms]
      [Choose CSet: 0.0 ms]
      [Ref Proc: 3.9 ms]
      [Ref Enq: 0.3 ms]
      [Free CSet: 0.8 ms]
   [Eden: 1056.0M(1056.0M)->0.0B(1056.0M) Survivors: 160.0M->160.0M Heap: 13.4G(24.0G)->12.6G(24.0G)]
 [Times: user=1.28 sys=0.06, real=0.11 secs] 
2014-04-16T09:46:43.089+0900: 102.146: [GC pause (G1 Evacuation Pause) (mixed), 0.1399364 secs]
   [Parallel Time: 124.8 ms, GC Workers: 13]
      [GC Worker Start (ms): Min: 102146.2, Avg: 102146.2, Max: 102146.3, Diff: 0.1]
      [Ext Root Scanning (ms): Min: 1.0, Avg: 1.6, Max: 2.7, Diff: 1.7, Sum: 20.6]
      [Update RS (ms): Min: 6.2, Avg: 7.1, Max: 7.6, Diff: 1.4, Sum: 92.1]
         [Processed Buffers: Min: 7, Avg: 14.3, Max: 23, Diff: 16, Sum: 186]
      [Scan RS (ms): Min: 31.6, Avg: 32.4, Max: 33.2, Diff: 1.6, Sum: 421.4]
      [Code Root Scanning (ms): Min: 0.0, Avg: 0.0, Max: 0.0, Diff: 0.0, Sum: 0.1]
      [Object Copy (ms): Min: 82.3, Avg: 83.4, Max: 84.4, Diff: 2.1, Sum: 1083.7]
      [Termination (ms): Min: 0.0, Avg: 0.0, Max: 0.1, Diff: 0.1, Sum: 0.3]
      [GC Worker Other (ms): Min: 0.0, Avg: 0.0, Max: 0.1, Diff: 0.1, Sum: 0.5]
      [GC Worker Total (ms): Min: 124.4, Avg: 124.5, Max: 124.6, Diff: 0.2, Sum: 1618.8]
      [GC Worker End (ms): Min: 102270.7, Avg: 102270.7, Max: 102270.8, Diff: 0.0]
   [Code Root Fixup: 0.3 ms]
   [Code Root Migration: 0.1 ms]
   [Clear CT: 3.7 ms]
   [Other: 11.1 ms]
      [Choose CSet: 0.3 ms]
      [Ref Proc: 3.2 ms]
      [Ref Enq: 0.2 ms]
      [Free CSet: 1.6 ms]
   [Eden: 1056.0M(1056.0M)->0.0B(1056.0M) Survivors: 160.0M->160.0M Heap: 13.6G(24.0G)->12.2G(24.0G)]
 [Times: user=1.58 sys=0.11, real=0.14 secs] 
2014-04-16T09:46:44.236+0900: 103.293: [GC pause (G1 Evacuation Pause) (mixed), 0.0938814 secs]
   [Parallel Time: 82.1 ms, GC Workers: 13]
      [GC Worker Start (ms): Min: 103293.3, Avg: 103293.4, Max: 103293.5, Diff: 0.1]
      [Ext Root Scanning (ms): Min: 1.5, Avg: 1.6, Max: 2.5, Diff: 1.1, Sum: 20.5]
      [Update RS (ms): Min: 5.5, Avg: 10.8, Max: 59.4, Diff: 53.9, Sum: 140.0]
         [Processed Buffers: Min: 0, Avg: 15.5, Max: 34, Diff: 34, Sum: 201]
      [Scan RS (ms): Min: 0.0, Avg: 19.7, Max: 21.6, Diff: 21.5, Sum: 255.6]
      [Code Root Scanning (ms): Min: 0.0, Avg: 0.0, Max: 0.0, Diff: 0.0, Sum: 0.1]
      [Object Copy (ms): Min: 20.8, Avg: 49.7, Max: 52.4, Diff: 31.5, Sum: 646.2]
      [Termination (ms): Min: 0.0, Avg: 0.0, Max: 0.0, Diff: 0.0, Sum: 0.3]
      [GC Worker Other (ms): Min: 0.0, Avg: 0.0, Max: 0.1, Diff: 0.1, Sum: 0.5]
      [GC Worker Total (ms): Min: 81.7, Avg: 81.8, Max: 81.9, Diff: 0.2, Sum: 1063.3]
      [GC Worker End (ms): Min: 103375.2, Avg: 103375.2, Max: 103375.3, Diff: 0.1]
   [Code Root Fixup: 0.4 ms]
   [Code Root Migration: 0.1 ms]
   [Clear CT: 3.5 ms]
   [Other: 7.8 ms]
      [Choose CSet: 0.1 ms]
      [Ref Proc: 2.6 ms]
      [Ref Enq: 0.2 ms]
      [Free CSet: 1.0 ms]
   [Eden: 1056.0M(1056.0M)->0.0B(1056.0M) Survivors: 160.0M->160.0M Heap: 13.3G(24.0G)->12.3G(24.0G)]
 [Times: user=1.09 sys=0.03, real=0.09 secs] 
2014-04-16T09:46:45.312+0900: 104.369: [GC pause (G1 Evacuation Pause) (young), 0.0616147 secs]
   [Parallel Time: 51.6 ms, GC Workers: 13]
      [GC Worker Start (ms): Min: 104369.3, Avg: 104369.4, Max: 104369.4, Diff: 0.1]
      [Ext Root Scanning (ms): Min: 1.4, Avg: 1.5, Max: 2.1, Diff: 0.7, Sum: 20.0]
      [Update RS (ms): Min: 5.3, Avg: 6.0, Max: 6.8, Diff: 1.5, Sum: 78.0]
         [Processed Buffers: Min: 4, Avg: 14.2, Max: 24, Diff: 20, Sum: 185]
      [Scan RS (ms): Min: 8.8, Avg: 9.7, Max: 10.0, Diff: 1.1, Sum: 125.6]
      [Code Root Scanning (ms): Min: 0.0, Avg: 0.0, Max: 0.0, Diff: 0.0, Sum: 0.0]
      [Object Copy (ms): Min: 33.9, Avg: 34.1, Max: 34.3, Diff: 0.3, Sum: 443.3]
      [Termination (ms): Min: 0.0, Avg: 0.0, Max: 0.0, Diff: 0.0, Sum: 0.0]
      [GC Worker Other (ms): Min: 0.0, Avg: 0.0, Max: 0.1, Diff: 0.1, Sum: 0.6]
      [GC Worker Total (ms): Min: 51.3, Avg: 51.4, Max: 51.4, Diff: 0.1, Sum: 667.6]
      [GC Worker End (ms): Min: 104420.7, Avg: 104420.7, Max: 104420.8, Diff: 0.1]
   [Code Root Fixup: 0.4 ms]
   [Code Root Migration: 0.0 ms]
   [Clear CT: 3.6 ms]
   [Other: 6.0 ms]
      [Choose CSet: 0.0 ms]
      [Ref Proc: 2.4 ms]
      [Ref Enq: 0.2 ms]
      [Free CSet: 0.7 ms]
   [Eden: 1056.0M(1056.0M)->0.0B(1056.0M) Survivors: 160.0M->160.0M Heap: 13.3G(24.0G)->12.4G(24.0G)]
 [Times: user=0.71 sys=0.01, real=0.06 secs] 
2014-04-16T09:46:46.329+0900: 105.386: [GC pause (G1 Evacuation Pause) (young) (initial-mark), 0.0636997 secs]
   [Parallel Time: 53.5 ms, GC Workers: 13]
      [GC Worker Start (ms): Min: 105386.7, Avg: 105386.7, Max: 105386.8, Diff: 0.1]
      [Ext Root Scanning (ms): Min: 1.2, Avg: 1.4, Max: 2.7, Diff: 1.4, Sum: 18.6]
      [Code Root Marking (ms): Min: 0.0, Avg: 0.7, Max: 6.2, Diff: 6.2, Sum: 8.9]
      [Update RS (ms): Min: 0.1, Avg: 5.7, Max: 6.7, Diff: 6.7, Sum: 74.1]
         [Processed Buffers: Min: 4, Avg: 13.9, Max: 22, Diff: 18, Sum: 181]
      [Scan RS (ms): Min: 9.4, Avg: 9.7, Max: 10.1, Diff: 0.7, Sum: 126.4]
      [Code Root Scanning (ms): Min: 0.0, Avg: 0.0, Max: 0.0, Diff: 0.0, Sum: 0.0]
      [Object Copy (ms): Min: 35.5, Avg: 35.6, Max: 35.9, Diff: 0.4, Sum: 462.9]
      [Termination (ms): Min: 0.0, Avg: 0.0, Max: 0.0, Diff: 0.0, Sum: 0.2]
      [GC Worker Other (ms): Min: 0.0, Avg: 0.0, Max: 0.1, Diff: 0.0, Sum: 0.5]
      [GC Worker Total (ms): Min: 53.1, Avg: 53.2, Max: 53.3, Diff: 0.1, Sum: 691.5]
      [GC Worker End (ms): Min: 105439.9, Avg: 105439.9, Max: 105440.0, Diff: 0.0]
   [Code Root Fixup: 0.4 ms]
   [Code Root Migration: 0.0 ms]
   [Clear CT: 3.2 ms]
   [Other: 6.6 ms]
      [Choose CSet: 0.0 ms]
      [Ref Proc: 2.4 ms]
      [Ref Enq: 0.2 ms]
      [Free CSet: 0.7 ms]
   [Eden: 1056.0M(1056.0M)->0.0B(1056.0M) Survivors: 160.0M->160.0M Heap: 13.5G(24.0G)->12.6G(24.0G)]
 [Times: user=0.73 sys=0.01, real=0.07 secs] 
2014-04-16T09:46:46.393+0900: 105.450: [GC concurrent-root-region-scan-start]
2014-04-16T09:46:46.410+0900: 105.467: [GC concurrent-root-region-scan-end, 0.0169394 secs]
2014-04-16T09:46:46.410+0900: 105.467: [GC concurrent-mark-start]
2014-04-16T09:46:47.200+0900: 106.257: [GC pause (G1 Evacuation Pause) (young), 0.0370401 secs]
   [Parallel Time: 27.3 ms, GC Workers: 13]
      [GC Worker Start (ms): Min: 106257.3, Avg: 106257.4, Max: 106257.6, Diff: 0.3]
      [Ext Root Scanning (ms): Min: 1.4, Avg: 1.6, Max: 2.3, Diff: 0.9, Sum: 21.3]
      [SATB Filtering (ms): Min: 0.0, Avg: 0.1, Max: 1.3, Diff: 1.3, Sum: 1.3]
      [Update RS (ms): Min: 2.1, Avg: 3.3, Max: 3.9, Diff: 1.9, Sum: 42.6]
         [Processed Buffers: Min: 5, Avg: 12.9, Max: 25, Diff: 20, Sum: 168]
      [Scan RS (ms): Min: 5.5, Avg: 6.0, Max: 6.3, Diff: 0.8, Sum: 78.1]
      [Code Root Scanning (ms): Min: 0.0, Avg: 0.0, Max: 0.0, Diff: 0.0, Sum: 0.0]
      [Object Copy (ms): Min: 15.6, Avg: 15.7, Max: 15.8, Diff: 0.2, Sum: 203.8]
      [Termination (ms): Min: 0.0, Avg: 0.0, Max: 0.0, Diff: 0.0, Sum: 0.0]
      [GC Worker Other (ms): Min: 0.0, Avg: 0.0, Max: 0.1, Diff: 0.1, Sum: 0.6]
      [GC Worker Total (ms): Min: 26.6, Avg: 26.8, Max: 27.0, Diff: 0.4, Sum: 347.8]
      [GC Worker End (ms): Min: 106284.2, Avg: 106284.2, Max: 106284.2, Diff: 0.1]
   [Code Root Fixup: 0.1 ms]
   [Code Root Migration: 0.0 ms]
   [Clear CT: 3.2 ms]
   [Other: 6.4 ms]
      [Choose CSet: 0.0 ms]
      [Ref Proc: 3.7 ms]
      [Ref Enq: 0.3 ms]
      [Free CSet: 0.5 ms]
   [Eden: 1056.0M(1056.0M)->0.0B(1088.0M) Survivors: 160.0M->128.0M Heap: 13.6G(24.0G)->12.7G(24.0G)]
 [Times: user=0.39 sys=0.01, real=0.04 secs] 
2014-04-16T09:46:47.849+0900: 106.905: [GC pause (G1 Evacuation Pause) (young), 0.0218215 secs]
   [Parallel Time: 14.4 ms, GC Workers: 13]
      [GC Worker Start (ms): Min: 106907.1, Avg: 106907.2, Max: 106907.4, Diff: 0.2]
      [Ext Root Scanning (ms): Min: 1.1, Avg: 1.5, Max: 1.8, Diff: 0.7, Sum: 19.7]
      [SATB Filtering (ms): Min: 0.0, Avg: 0.1, Max: 1.1, Diff: 1.1, Sum: 1.1]
      [Update RS (ms): Min: 7.0, Avg: 7.9, Max: 8.1, Diff: 1.1, Sum: 102.5]
         [Processed Buffers: Min: 22, Avg: 28.5, Max: 52, Diff: 30, Sum: 371]
      [Scan RS (ms): Min: 0.8, Avg: 0.9, Max: 0.9, Diff: 0.1, Sum: 11.1]
      [Code Root Scanning (ms): Min: 0.0, Avg: 0.0, Max: 0.0, Diff: 0.0, Sum: 0.0]
      [Object Copy (ms): Min: 3.2, Avg: 3.6, Max: 4.3, Diff: 1.1, Sum: 47.3]
      [Termination (ms): Min: 0.0, Avg: 0.1, Max: 0.1, Diff: 0.1, Sum: 0.7]
      [GC Worker Other (ms): Min: 0.0, Avg: 0.1, Max: 0.1, Diff: 0.1, Sum: 0.9]
      [GC Worker Total (ms): Min: 14.0, Avg: 14.1, Max: 14.3, Diff: 0.3, Sum: 183.3]
      [GC Worker End (ms): Min: 106921.3, Avg: 106921.3, Max: 106921.4, Diff: 0.1]
   [Code Root Fixup: 0.2 ms]
   [Code Root Migration: 0.0 ms]
   [Clear CT: 1.5 ms]
   [Other: 5.7 ms]
      [Choose CSet: 0.0 ms]
      [Ref Proc: 3.1 ms]
      [Ref Enq: 0.2 ms]
      [Free CSet: 0.3 ms]
   [Eden: 1088.0M(1088.0M)->0.0B(1168.0M) Survivors: 128.0M->48.0M Heap: 13.8G(24.0G)->12.7G(24.0G)]
 [Times: user=0.23 sys=0.01, real=0.02 secs] 
2014-04-16T09:46:49.012+0900: 108.069: [GC concurrent-mark-end, 2.6018470 secs]
2014-04-16T09:46:49.014+0900: 108.071: [GC remark 108.074: [GC ref-proc, 0.0175389 secs], 0.0592482 secs]
 [Times: user=0.68 sys=0.00, real=0.06 secs] 
2014-04-16T09:46:49.076+0900: 108.133: [GC cleanup 14G->14G(24G), 0.0322388 secs]
 [Times: user=0.41 sys=0.00, real=0.03 secs] 
2014-04-16T09:46:49.136+0900: 108.193: [GC pause (G1 Evacuation Pause) (young), 0.0766624 secs]
   [Parallel Time: 65.5 ms, GC Workers: 13]
      [GC Worker Start (ms): Min: 108193.4, Avg: 108193.5, Max: 108193.6, Diff: 0.2]
      [Ext Root Scanning (ms): Min: 0.9, Avg: 1.4, Max: 3.2, Diff: 2.3, Sum: 18.4]
      [Update RS (ms): Min: 0.8, Avg: 1.7, Max: 2.8, Diff: 2.1, Sum: 22.5]
         [Processed Buffers: Min: 1, Avg: 6.8, Max: 15, Diff: 14, Sum: 88]
      [Scan RS (ms): Min: 8.3, Avg: 9.3, Max: 9.8, Diff: 1.4, Sum: 120.7]
      [Code Root Scanning (ms): Min: 0.0, Avg: 0.0, Max: 0.0, Diff: 0.0, Sum: 0.1]
      [Object Copy (ms): Min: 51.3, Avg: 52.2, Max: 53.1, Diff: 1.7, Sum: 678.9]
      [Termination (ms): Min: 0.0, Avg: 0.3, Max: 0.4, Diff: 0.4, Sum: 4.2]
      [GC Worker Other (ms): Min: 0.0, Avg: 0.0, Max: 0.0, Diff: 0.0, Sum: 0.3]
      [GC Worker Total (ms): Min: 64.9, Avg: 65.0, Max: 65.4, Diff: 0.5, Sum: 845.0]
      [GC Worker End (ms): Min: 108258.4, Avg: 108258.5, Max: 108258.8, Diff: 0.4]
   [Code Root Fixup: 0.3 ms]
   [Code Root Migration: 0.1 ms]
   [Clear CT: 3.9 ms]
   [Other: 6.8 ms]
      [Choose CSet: 0.0 ms]
      [Ref Proc: 3.8 ms]
      [Ref Enq: 0.2 ms]
      [Free CSet: 0.5 ms]
   [Eden: 1168.0M(1168.0M)->0.0B(1056.0M) Survivors: 48.0M->160.0M Heap: 14.3G(24.0G)->13.4G(24.0G)]
 [Times: user=0.64 sys=0.28, real=0.08 secs] 
2014-04-16T09:46:49.961+0900: 109.018: [GC pause (G1 Evacuation Pause) (mixed), 0.1802916 secs]
   [Parallel Time: 160.3 ms, GC Workers: 13]
      [GC Worker Start (ms): Min: 109018.8, Avg: 109019.0, Max: 109019.2, Diff: 0.4]
      [Ext Root Scanning (ms): Min: 1.0, Avg: 1.3, Max: 2.6, Diff: 1.6, Sum: 17.1]
      [Update RS (ms): Min: 0.0, Avg: 7.4, Max: 73.3, Diff: 73.3, Sum: 96.3]
         [Processed Buffers: Min: 0, Avg: 6.1, Max: 23, Diff: 23, Sum: 79]
      [Scan RS (ms): Min: 0.0, Avg: 30.4, Max: 33.4, Diff: 33.4, Sum: 395.0]
      [Code Root Scanning (ms): Min: 0.0, Avg: 0.0, Max: 0.0, Diff: 0.0, Sum: 0.1]
      [Object Copy (ms): Min: 83.5, Avg: 120.3, Max: 124.9, Diff: 41.3, Sum: 1563.4]
      [Termination (ms): Min: 0.0, Avg: 0.1, Max: 0.2, Diff: 0.2, Sum: 1.7]
      [GC Worker Other (ms): Min: 0.0, Avg: 0.1, Max: 0.1, Diff: 0.1, Sum: 0.7]
      [GC Worker Total (ms): Min: 159.3, Avg: 159.6, Max: 159.8, Diff: 0.5, Sum: 2074.3]
      [GC Worker End (ms): Min: 109178.5, Avg: 109178.5, Max: 109178.6, Diff: 0.1]
   [Code Root Fixup: 0.2 ms]
   [Code Root Migration: 0.1 ms]
   [Clear CT: 4.2 ms]
   [Other: 15.5 ms]
      [Choose CSet: 0.3 ms]
      [Ref Proc: 6.9 ms]
      [Ref Enq: 0.4 ms]
      [Free CSet: 1.7 ms]
   [Eden: 1056.0M(1056.0M)->0.0B(1056.0M) Survivors: 160.0M->160.0M Heap: 14.6G(24.0G)->13.2G(24.0G)]
 [Times: user=1.47 sys=0.64, real=0.19 secs] 
2014-04-16T09:46:50.783+0900: 109.840: [GC pause (G1 Evacuation Pause) (mixed), 0.1068263 secs]
   [Parallel Time: 91.0 ms, GC Workers: 13]
      [GC Worker Start (ms): Min: 109840.7, Avg: 109840.8, Max: 109840.9, Diff: 0.2]
      [Ext Root Scanning (ms): Min: 1.1, Avg: 1.4, Max: 2.2, Diff: 1.1, Sum: 17.6]
      [Update RS (ms): Min: 4.9, Avg: 10.3, Max: 70.4, Diff: 65.5, Sum: 134.5]
         [Processed Buffers: Min: 13, Avg: 18.7, Max: 33, Diff: 20, Sum: 243]
      [Scan RS (ms): Min: 0.0, Avg: 22.6, Max: 25.4, Diff: 25.3, Sum: 294.3]
      [Code Root Scanning (ms): Min: 0.0, Avg: 0.0, Max: 0.0, Diff: 0.0, Sum: 0.0]
      [Object Copy (ms): Min: 18.9, Avg: 56.0, Max: 59.5, Diff: 40.6, Sum: 728.5]
      [Termination (ms): Min: 0.0, Avg: 0.0, Max: 0.0, Diff: 0.0, Sum: 0.0]
      [GC Worker Other (ms): Min: 0.0, Avg: 0.0, Max: 0.1, Diff: 0.1, Sum: 0.5]
      [GC Worker Total (ms): Min: 90.3, Avg: 90.4, Max: 90.5, Diff: 0.1, Sum: 1175.5]
      [GC Worker End (ms): Min: 109931.2, Avg: 109931.2, Max: 109931.3, Diff: 0.1]
   [Code Root Fixup: 0.3 ms]
   [Code Root Migration: 0.0 ms]
   [Clear CT: 4.0 ms]
   [Other: 11.4 ms]
      [Choose CSet: 0.1 ms]
      [Ref Proc: 4.5 ms]
      [Ref Enq: 0.2 ms]
      [Free CSet: 1.0 ms]
   [Eden: 1056.0M(1056.0M)->0.0B(1056.0M) Survivors: 160.0M->160.0M Heap: 14.6G(24.0G)->13.7G(24.0G)]
 [Times: user=1.15 sys=0.08, real=0.10 secs] 
2014-04-16T09:46:50.895+0900: 109.952: [GC pause (G1 Humongous Allocation) (young) (initial-mark), 0.1005886 secs]
   [Parallel Time: 94.1 ms, GC Workers: 13]
      [GC Worker Start (ms): Min: 109952.5, Avg: 109952.5, Max: 109952.6, Diff: 0.1]
      [Ext Root Scanning (ms): Min: 1.1, Avg: 1.4, Max: 3.8, Diff: 2.7, Sum: 18.4]
      [Code Root Marking (ms): Min: 0.0, Avg: 0.8, Max: 7.2, Diff: 7.2, Sum: 10.5]
      [Update RS (ms): Min: 60.3, Avg: 68.4, Max: 90.0, Diff: 29.7, Sum: 888.6]
         [Processed Buffers: Min: 7, Avg: 34.0, Max: 52, Diff: 45, Sum: 442]
      [Scan RS (ms): Min: 0.0, Avg: 0.2, Max: 0.6, Diff: 0.6, Sum: 2.8]
      [Code Root Scanning (ms): Min: 0.0, Avg: 0.0, Max: 0.0, Diff: 0.0, Sum: 0.0]
      [Object Copy (ms): Min: 2.2, Avg: 22.9, Max: 24.9, Diff: 22.7, Sum: 297.1]
      [Termination (ms): Min: 0.0, Avg: 0.1, Max: 0.1, Diff: 0.1, Sum: 0.7]
      [GC Worker Other (ms): Min: 0.0, Avg: 0.0, Max: 0.0, Diff: 0.0, Sum: 0.4]
      [GC Worker Total (ms): Min: 93.7, Avg: 93.7, Max: 93.8, Diff: 0.1, Sum: 1218.4]
      [GC Worker End (ms): Min: 110046.3, Avg: 110046.3, Max: 110046.3, Diff: 0.0]
   [Code Root Fixup: 0.3 ms]
   [Code Root Migration: 0.0 ms]
   [Clear CT: 0.2 ms]
   [Other: 6.0 ms]
      [Choose CSet: 0.0 ms]
      [Ref Proc: 2.4 ms]
      [Ref Enq: 0.2 ms]
      [Free CSet: 0.1 ms]
   [Eden: 16.0M(1056.0M)->0.0B(1104.0M) Survivors: 160.0M->112.0M Heap: 13.7G(24.0G)->13.8G(24.0G)]
 [Times: user=1.22 sys=0.00, real=0.10 secs] 
2014-04-16T09:46:50.996+0900: 110.053: [GC concurrent-root-region-scan-start]
2014-04-16T09:46:50.997+0900: 110.054: [GC concurrent-root-region-scan-end, 0.0009666 secs]
2014-04-16T09:46:50.997+0900: 110.054: [GC concurrent-mark-start]
2014-04-16T09:46:51.868+0900: 110.925: [GC pause (G1 Evacuation Pause) (young), 0.0684317 secs]
   [Parallel Time: 54.7 ms, GC Workers: 13]
      [GC Worker Start (ms): Min: 110925.6, Avg: 110925.8, Max: 110926.1, Diff: 0.5]
      [Ext Root Scanning (ms): Min: 0.7, Avg: 1.2, Max: 2.2, Diff: 1.5, Sum: 15.2]
      [SATB Filtering (ms): Min: 0.0, Avg: 0.0, Max: 0.6, Diff: 0.6, Sum: 0.6]
      [Update RS (ms): Min: 1.0, Avg: 2.0, Max: 3.9, Diff: 2.8, Sum: 25.5]
         [Processed Buffers: Min: 0, Avg: 6.4, Max: 20, Diff: 20, Sum: 83]
      [Scan RS (ms): Min: 8.3, Avg: 9.6, Max: 10.1, Diff: 1.8, Sum: 124.6]
      [Code Root Scanning (ms): Min: 0.0, Avg: 0.0, Max: 0.0, Diff: 0.0, Sum: 0.0]
      [Object Copy (ms): Min: 40.0, Avg: 41.1, Max: 42.0, Diff: 2.0, Sum: 534.0]
      [Termination (ms): Min: 0.0, Avg: 0.1, Max: 0.2, Diff: 0.2, Sum: 1.8]
      [GC Worker Other (ms): Min: 0.0, Avg: 0.0, Max: 0.1, Diff: 0.1, Sum: 0.4]
      [GC Worker Total (ms): Min: 53.7, Avg: 54.0, Max: 54.3, Diff: 0.6, Sum: 702.2]
      [GC Worker End (ms): Min: 110979.8, Avg: 110979.9, Max: 110980.2, Diff: 0.4]
   [Code Root Fixup: 0.2 ms]
   [Code Root Migration: 0.0 ms]
   [Clear CT: 3.9 ms]
   [Other: 9.6 ms]
      [Choose CSet: 0.0 ms]
      [Ref Proc: 6.2 ms]
      [Ref Enq: 0.4 ms]
      [Free CSet: 0.5 ms]
   [Eden: 1104.0M(1104.0M)->0.0B(1056.0M) Survivors: 112.0M->160.0M Heap: 15.2G(24.0G)->14.3G(24.0G)]
 [Times: user=0.63 sys=0.12, real=0.07 secs] 
2014-04-16T09:46:52.859+0900: 111.916: [GC concurrent-mark-end, 1.8621827 secs]
2014-04-16T09:46:52.861+0900: 111.918: [GC remark 111.918: [GC ref-proc, 0.0121473 secs], 0.0389569 secs]
 [Times: user=0.32 sys=0.00, real=0.04 secs] 
2014-04-16T09:46:52.901+0900: 111.958: [GC cleanup 15G->13G(24G), 0.0308294 secs]
 [Times: user=0.38 sys=0.00, real=0.04 secs] 
2014-04-16T09:46:52.933+0900: 111.990: [GC concurrent-cleanup-start]
2014-04-16T09:46:52.934+0900: 111.991: [GC concurrent-cleanup-end, 0.0011285 secs]
2014-04-16T09:46:53.627+0900: 112.684: [GC pause (G1 Evacuation Pause) (young), 0.0954283 secs]
   [Parallel Time: 75.8 ms, GC Workers: 13]
      [GC Worker Start (ms): Min: 112683.9, Avg: 112684.1, Max: 112684.4, Diff: 0.6]
      [Ext Root Scanning (ms): Min: 1.0, Avg: 1.6, Max: 2.8, Diff: 1.9, Sum: 21.3]
      [Update RS (ms): Min: 1.1, Avg: 4.7, Max: 45.0, Diff: 43.9, Sum: 61.6]
         [Processed Buffers: Min: 1, Avg: 6.8, Max: 17, Diff: 16, Sum: 89]
      [Scan RS (ms): Min: 0.0, Avg: 17.8, Max: 19.5, Diff: 19.5, Sum: 231.2]
      [Code Root Scanning (ms): Min: 0.0, Avg: 0.0, Max: 0.0, Diff: 0.0, Sum: 0.0]
      [Object Copy (ms): Min: 27.4, Avg: 50.3, Max: 52.7, Diff: 25.3, Sum: 654.0]
      [Termination (ms): Min: 0.0, Avg: 0.0, Max: 0.1, Diff: 0.1, Sum: 0.4]
      [GC Worker Other (ms): Min: 0.0, Avg: 0.0, Max: 0.1, Diff: 0.0, Sum: 0.4]
      [GC Worker Total (ms): Min: 74.3, Avg: 74.5, Max: 74.8, Diff: 0.6, Sum: 968.8]
      [GC Worker End (ms): Min: 112758.7, Avg: 112758.7, Max: 112758.7, Diff: 0.0]
   [Code Root Fixup: 0.2 ms]
   [Code Root Migration: 0.0 ms]
   [Clear CT: 3.7 ms]
   [Other: 15.7 ms]
      [Choose CSet: 0.0 ms]
      [Ref Proc: 9.9 ms]
      [Ref Enq: 0.9 ms]
      [Free CSet: 0.9 ms]
   [Eden: 1056.0M(1056.0M)->0.0B(1056.0M) Survivors: 160.0M->160.0M Heap: 14.6G(24.0G)->13.8G(24.0G)]
 [Times: user=1.02 sys=0.01, real=0.10 secs] 
2014-04-16T09:46:56.953+0900: 116.010: [GC pause (G1 Evacuation Pause) (mixed), 0.1799792 secs]
   [Parallel Time: 149.2 ms, GC Workers: 13]
      [GC Worker Start (ms): Min: 116011.0, Avg: 116011.3, Max: 116011.7, Diff: 0.6]
      [Ext Root Scanning (ms): Min: 1.2, Avg: 1.5, Max: 1.8, Diff: 0.6, Sum: 20.0]
      [Update RS (ms): Min: 1.0, Avg: 9.9, Max: 62.5, Diff: 61.5, Sum: 128.4]
         [Processed Buffers: Min: 0, Avg: 7.5, Max: 25, Diff: 25, Sum: 98]
      [Scan RS (ms): Min: 0.0, Avg: 43.3, Max: 50.9, Diff: 50.9, Sum: 563.4]
      [Code Root Scanning (ms): Min: 0.0, Avg: 0.0, Max: 0.0, Diff: 0.0, Sum: 0.1]
      [Object Copy (ms): Min: 84.3, Avg: 93.5, Max: 94.4, Diff: 10.1, Sum: 1216.1]
      [Termination (ms): Min: 0.0, Avg: 0.0, Max: 0.0, Diff: 0.0, Sum: 0.0]
      [GC Worker Other (ms): Min: 0.0, Avg: 0.0, Max: 0.1, Diff: 0.0, Sum: 0.4]
      [GC Worker Total (ms): Min: 148.0, Avg: 148.3, Max: 148.7, Diff: 0.7, Sum: 1928.5]
      [GC Worker End (ms): Min: 116159.7, Avg: 116159.7, Max: 116159.7, Diff: 0.0]
   [Code Root Fixup: 0.2 ms]
   [Code Root Migration: 0.1 ms]
   [Clear CT: 4.4 ms]
   [Other: 26.1 ms]
      [Choose CSet: 0.5 ms]
      [Ref Proc: 14.0 ms]
      [Ref Enq: 1.3 ms]
      [Free CSet: 2.4 ms]
   [Eden: 1056.0M(1056.0M)->0.0B(1056.0M) Survivors: 160.0M->160.0M Heap: 15.1G(24.0G)->13.7G(24.0G)]
 [Times: user=1.99 sys=0.02, real=0.18 secs] 
2014-04-16T09:46:57.801+0900: 116.858: [GC pause (G1 Evacuation Pause) (mixed), 0.1634785 secs]
   [Parallel Time: 141.0 ms, GC Workers: 13]
      [GC Worker Start (ms): Min: 116859.3, Avg: 116859.5, Max: 116859.8, Diff: 0.5]
      [Ext Root Scanning (ms): Min: 1.2, Avg: 1.5, Max: 2.1, Diff: 0.9, Sum: 19.2]
      [Update RS (ms): Min: 1.2, Avg: 1.8, Max: 3.9, Diff: 2.7, Sum: 23.8]
         [Processed Buffers: Min: 0, Avg: 4.8, Max: 10, Diff: 10, Sum: 63]
      [Scan RS (ms): Min: 42.7, Avg: 44.8, Max: 45.8, Diff: 3.1, Sum: 582.5]
      [Code Root Scanning (ms): Min: 0.0, Avg: 0.0, Max: 0.0, Diff: 0.0, Sum: 0.1]
      [Object Copy (ms): Min: 91.4, Avg: 91.8, Max: 92.0, Diff: 0.6, Sum: 1193.6]
      [Termination (ms): Min: 0.0, Avg: 0.2, Max: 0.2, Diff: 0.2, Sum: 2.2]
      [GC Worker Other (ms): Min: 0.0, Avg: 0.0, Max: 0.1, Diff: 0.1, Sum: 0.5]
      [GC Worker Total (ms): Min: 139.9, Avg: 140.2, Max: 140.4, Diff: 0.5, Sum: 1822.0]
      [GC Worker End (ms): Min: 116999.7, Avg: 116999.7, Max: 116999.7, Diff: 0.1]
   [Code Root Fixup: 0.1 ms]
   [Code Root Migration: 0.1 ms]
   [Clear CT: 4.5 ms]
   [Other: 17.8 ms]
      [Choose CSet: 0.7 ms]
      [Ref Proc: 5.9 ms]
      [Ref Enq: 0.5 ms]
      [Free CSet: 2.2 ms]
   [Eden: 1056.0M(1056.0M)->0.0B(1088.0M) Survivors: 160.0M->128.0M Heap: 14.8G(24.0G)->13.4G(24.0G)]
 [Times: user=1.86 sys=0.04, real=0.17 secs] 
2014-04-16T09:46:58.615+0900: 117.672: [GC pause (G1 Evacuation Pause) (mixed), 0.0708131 secs]
   [Parallel Time: 51.0 ms, GC Workers: 13]
      [GC Worker Start (ms): Min: 117672.5, Avg: 117672.8, Max: 117673.1, Diff: 0.6]
      [Ext Root Scanning (ms): Min: 1.2, Avg: 1.5, Max: 1.8, Diff: 0.6, Sum: 19.7]
      [Update RS (ms): Min: 0.2, Avg: 0.6, Max: 1.4, Diff: 1.1, Sum: 7.3]
         [Processed Buffers: Min: 0, Avg: 5.4, Max: 15, Diff: 15, Sum: 70]
      [Scan RS (ms): Min: 17.4, Avg: 18.4, Max: 18.6, Diff: 1.2, Sum: 239.0]
      [Code Root Scanning (ms): Min: 0.0, Avg: 0.0, Max: 0.0, Diff: 0.0, Sum: 0.0]
      [Object Copy (ms): Min: 29.0, Avg: 29.2, Max: 29.5, Diff: 0.5, Sum: 380.1]
      [Termination (ms): Min: 0.0, Avg: 0.1, Max: 0.1, Diff: 0.1, Sum: 0.7]
      [GC Worker Other (ms): Min: 0.0, Avg: 0.1, Max: 0.2, Diff: 0.2, Sum: 0.8]
      [GC Worker Total (ms): Min: 49.5, Avg: 49.8, Max: 50.1, Diff: 0.6, Sum: 647.7]
      [GC Worker End (ms): Min: 117722.6, Avg: 117722.6, Max: 117722.8, Diff: 0.2]
   [Code Root Fixup: 0.2 ms]
   [Code Root Migration: 0.0 ms]
   [Clear CT: 4.3 ms]
   [Other: 15.3 ms]
      [Choose CSet: 0.2 ms]
      [Ref Proc: 10.7 ms]
      [Ref Enq: 0.4 ms]
      [Free CSet: 0.9 ms]
   [Eden: 1088.0M(1088.0M)->0.0B(1120.0M) Survivors: 128.0M->96.0M Heap: 14.4G(24.0G)->13.2G(24.0G)]
 [Times: user=0.70 sys=0.02, real=0.07 secs] 
2014-04-16T09:46:59.074+0900: 118.131: [GC pause (G1 Humongous Allocation) (young) (initial-mark), 0.0345672 secs]
   [Parallel Time: 16.3 ms, GC Workers: 13]
      [GC Worker Start (ms): Min: 118131.3, Avg: 118131.5, Max: 118131.8, Diff: 0.4]
      [Ext Root Scanning (ms): Min: 1.0, Avg: 1.5, Max: 3.6, Diff: 2.6, Sum: 19.9]
      [Code Root Marking (ms): Min: 0.0, Avg: 0.9, Max: 7.8, Diff: 7.8, Sum: 11.5]
      [Update RS (ms): Min: 0.0, Avg: 0.9, Max: 1.5, Diff: 1.5, Sum: 11.3]
         [Processed Buffers: Min: 0, Avg: 4.1, Max: 14, Diff: 14, Sum: 53]
      [Scan RS (ms): Min: 0.0, Avg: 2.9, Max: 3.5, Diff: 3.5, Sum: 37.1]
      [Code Root Scanning (ms): Min: 0.0, Avg: 0.0, Max: 0.0, Diff: 0.0, Sum: 0.0]
      [Object Copy (ms): Min: 6.5, Avg: 9.6, Max: 11.0, Diff: 4.5, Sum: 125.3]
      [Termination (ms): Min: 0.0, Avg: 0.0, Max: 0.0, Diff: 0.0, Sum: 0.1]
      [GC Worker Other (ms): Min: 0.0, Avg: 0.1, Max: 0.1, Diff: 0.1, Sum: 0.8]
      [GC Worker Total (ms): Min: 15.6, Avg: 15.9, Max: 16.1, Diff: 0.5, Sum: 206.1]
      [GC Worker End (ms): Min: 118147.3, Avg: 118147.4, Max: 118147.5, Diff: 0.1]
   [Code Root Fixup: 0.2 ms]
   [Code Root Migration: 0.0 ms]
   [Clear CT: 3.6 ms]
   [Other: 14.5 ms]
      [Choose CSet: 0.0 ms]
      [Ref Proc: 11.8 ms]
      [Ref Enq: 0.9 ms]
      [Free CSet: 0.3 ms]
   [Eden: 960.0M(1120.0M)->0.0B(1120.0M) Survivors: 96.0M->96.0M Heap: 14.1G(24.0G)->13.2G(24.0G)]
 [Times: user=0.25 sys=0.00, real=0.03 secs] 
2014-04-16T09:46:59.109+0900: 118.166: [GC concurrent-root-region-scan-start]
2014-04-16T09:46:59.127+0900: 118.184: [GC concurrent-root-region-scan-end, 0.0186384 secs]
2014-04-16T09:46:59.127+0900: 118.184: [GC concurrent-mark-start]
2014-04-16T09:47:00.358+0900: 119.415: [GC pause (G1 Evacuation Pause) (young), 0.0645235 secs]
   [Parallel Time: 49.9 ms, GC Workers: 13]
      [GC Worker Start (ms): Min: 119414.9, Avg: 119415.0, Max: 119415.1, Diff: 0.3]
      [Ext Root Scanning (ms): Min: 0.5, Avg: 1.0, Max: 1.8, Diff: 1.2, Sum: 13.6]
      [SATB Filtering (ms): Min: 0.0, Avg: 0.0, Max: 0.5, Diff: 0.5, Sum: 0.5]
      [Update RS (ms): Min: 0.5, Avg: 1.4, Max: 3.3, Diff: 2.9, Sum: 18.5]
         [Processed Buffers: Min: 0, Avg: 5.7, Max: 15, Diff: 15, Sum: 74]
      [Scan RS (ms): Min: 5.5, Avg: 7.3, Max: 7.8, Diff: 2.3, Sum: 94.3]
      [Code Root Scanning (ms): Min: 0.0, Avg: 0.0, Max: 0.0, Diff: 0.0, Sum: 0.0]
      [Object Copy (ms): Min: 39.2, Avg: 39.4, Max: 39.8, Diff: 0.7, Sum: 512.0]
      [Termination (ms): Min: 0.0, Avg: 0.1, Max: 0.1, Diff: 0.1, Sum: 1.1]
      [GC Worker Other (ms): Min: 0.0, Avg: 0.0, Max: 0.1, Diff: 0.1, Sum: 0.5]
      [GC Worker Total (ms): Min: 49.1, Avg: 49.3, Max: 49.4, Diff: 0.3, Sum: 640.6]
      [GC Worker End (ms): Min: 119464.3, Avg: 119464.3, Max: 119464.3, Diff: 0.1]
   [Code Root Fixup: 0.2 ms]
   [Code Root Migration: 0.0 ms]
   [Clear CT: 3.5 ms]
   [Other: 10.8 ms]
      [Choose CSet: 0.0 ms]
      [Ref Proc: 6.6 ms]
      [Ref Enq: 1.0 ms]
      [Free CSet: 0.8 ms]
   [Eden: 1120.0M(1120.0M)->0.0B(1056.0M) Survivors: 96.0M->160.0M Heap: 14.7G(24.0G)->13.9G(24.0G)]
 [Times: user=0.66 sys=0.03, real=0.06 secs] 
2014-04-16T09:47:00.676+0900: 119.733: [GC concurrent-mark-end, 1.5488072 secs]
2014-04-16T09:47:00.679+0900: 119.736: [GC remark 119.737: [GC ref-proc, 0.0107457 secs], 0.0366253 secs]
 [Times: user=0.29 sys=0.00, real=0.04 secs] 
2014-04-16T09:47:00.717+0900: 119.774: [GC cleanup 14G->13G(24G), 0.0295249 secs]
 [Times: user=0.36 sys=0.00, real=0.03 secs] 
2014-04-16T09:47:00.747+0900: 119.804: [GC concurrent-cleanup-start]
2014-04-16T09:47:00.748+0900: 119.805: [GC concurrent-cleanup-end, 0.0012585 secs]
2014-04-16T09:47:01.872+0900: 120.929: [GC pause (G1 Evacuation Pause) (young), 0.0987147 secs]
   [Parallel Time: 80.0 ms, GC Workers: 13]
      [GC Worker Start (ms): Min: 120929.0, Avg: 120929.3, Max: 120929.5, Diff: 0.5]
      [Ext Root Scanning (ms): Min: 1.3, Avg: 1.5, Max: 2.1, Diff: 0.8, Sum: 19.9]
      [Update RS (ms): Min: 1.1, Avg: 3.0, Max: 5.9, Diff: 4.8, Sum: 38.5]
         [Processed Buffers: Min: 1, Avg: 6.1, Max: 20, Diff: 19, Sum: 79]
      [Scan RS (ms): Min: 12.3, Avg: 15.0, Max: 15.9, Diff: 3.6, Sum: 194.7]
      [Code Root Scanning (ms): Min: 0.0, Avg: 0.0, Max: 0.0, Diff: 0.0, Sum: 0.0]
      [Object Copy (ms): Min: 59.8, Avg: 60.0, Max: 61.7, Diff: 1.9, Sum: 779.9]
      [Termination (ms): Min: 0.0, Avg: 0.0, Max: 0.0, Diff: 0.0, Sum: 0.1]
      [GC Worker Other (ms): Min: 0.0, Avg: 0.0, Max: 0.1, Diff: 0.1, Sum: 0.6]
      [GC Worker Total (ms): Min: 79.3, Avg: 79.5, Max: 79.8, Diff: 0.5, Sum: 1033.7]
      [GC Worker End (ms): Min: 121008.8, Avg: 121008.8, Max: 121008.9, Diff: 0.1]
   [Code Root Fixup: 0.3 ms]
   [Code Root Migration: 0.0 ms]
   [Clear CT: 4.2 ms]
   [Other: 14.2 ms]
      [Choose CSet: 0.0 ms]
      [Ref Proc: 9.0 ms]
      [Ref Enq: 0.8 ms]
      [Free CSet: 1.0 ms]
   [Eden: 1056.0M(1056.0M)->0.0B(1056.0M) Survivors: 160.0M->160.0M Heap: 14.2G(24.0G)->13.5G(24.0G)]
 [Times: user=1.07 sys=0.03, real=0.10 secs] 
2014-04-16T09:47:02.686+0900: 121.743: [GC pause (G1 Evacuation Pause) (mixed), 0.1722870 secs]
   [Parallel Time: 152.6 ms, GC Workers: 13]
      [GC Worker Start (ms): Min: 121743.9, Avg: 121744.0, Max: 121744.2, Diff: 0.2]
      [Ext Root Scanning (ms): Min: 1.4, Avg: 1.6, Max: 2.3, Diff: 1.0, Sum: 20.3]
      [Update RS (ms): Min: 2.1, Avg: 8.9, Max: 76.0, Diff: 73.9, Sum: 115.5]
         [Processed Buffers: Min: 6, Avg: 11.7, Max: 26, Diff: 20, Sum: 152]
      [Scan RS (ms): Min: 0.0, Avg: 40.9, Max: 44.8, Diff: 44.7, Sum: 531.9]
      [Code Root Scanning (ms): Min: 0.0, Avg: 0.0, Max: 0.0, Diff: 0.0, Sum: 0.1]
      [Object Copy (ms): Min: 74.4, Avg: 100.6, Max: 102.9, Diff: 28.5, Sum: 1307.2]
      [Termination (ms): Min: 0.0, Avg: 0.0, Max: 0.0, Diff: 0.0, Sum: 0.3]
      [GC Worker Other (ms): Min: 0.0, Avg: 0.0, Max: 0.1, Diff: 0.1, Sum: 0.5]
      [GC Worker Total (ms): Min: 151.8, Avg: 152.0, Max: 152.1, Diff: 0.3, Sum: 1975.8]
      [GC Worker End (ms): Min: 121896.0, Avg: 121896.0, Max: 121896.1, Diff: 0.1]
   [Code Root Fixup: 0.4 ms]
   [Code Root Migration: 0.1 ms]
   [Clear CT: 4.1 ms]
   [Other: 15.1 ms]
      [Choose CSet: 0.5 ms]
      [Ref Proc: 3.8 ms]
      [Ref Enq: 0.2 ms]
      [Free CSet: 2.1 ms]
   [Eden: 1056.0M(1056.0M)->0.0B(1056.0M) Survivors: 160.0M->160.0M Heap: 14.8G(24.0G)->13.4G(24.0G)]
 [Times: user=2.02 sys=0.02, real=0.17 secs] 
2014-04-16T09:47:03.990+0900: 123.047: [GC pause (G1 Evacuation Pause) (mixed), 0.1946753 secs]
   [Parallel Time: 169.1 ms, GC Workers: 13]
      [GC Worker Start (ms): Min: 123047.9, Avg: 123048.2, Max: 123048.4, Diff: 0.5]
      [Ext Root Scanning (ms): Min: 1.0, Avg: 1.5, Max: 3.0, Diff: 2.0, Sum: 19.0]
      [Update RS (ms): Min: 0.4, Avg: 2.5, Max: 3.2, Diff: 2.9, Sum: 32.1]
         [Processed Buffers: Min: 1, Avg: 6.1, Max: 18, Diff: 17, Sum: 79]
      [Scan RS (ms): Min: 50.4, Avg: 51.0, Max: 51.7, Diff: 1.4, Sum: 663.2]
      [Code Root Scanning (ms): Min: 0.0, Avg: 0.0, Max: 0.0, Diff: 0.0, Sum: 0.1]
      [Object Copy (ms): Min: 112.9, Avg: 113.3, Max: 115.9, Diff: 3.1, Sum: 1472.8]
      [Termination (ms): Min: 0.0, Avg: 0.0, Max: 0.0, Diff: 0.0, Sum: 0.0]
      [GC Worker Other (ms): Min: 0.0, Avg: 0.1, Max: 0.3, Diff: 0.3, Sum: 1.4]
      [GC Worker Total (ms): Min: 168.2, Avg: 168.3, Max: 168.5, Diff: 0.4, Sum: 2188.5]
      [GC Worker End (ms): Min: 123216.4, Avg: 123216.5, Max: 123216.7, Diff: 0.3]
   [Code Root Fixup: 0.3 ms]
   [Code Root Migration: 0.1 ms]
   [Clear CT: 4.3 ms]
   [Other: 20.9 ms]
      [Choose CSet: 0.7 ms]
      [Ref Proc: 8.1 ms]
      [Ref Enq: 0.4 ms]
      [Free CSet: 2.4 ms]
   [Eden: 1056.0M(1056.0M)->0.0B(1056.0M) Survivors: 160.0M->160.0M Heap: 14.7G(24.0G)->13.3G(24.0G)]
 [Times: user=2.23 sys=0.03, real=0.20 secs] 
2014-04-16T09:47:05.526+0900: 124.583: [GC pause (G1 Evacuation Pause) (mixed), 0.1815134 secs]
   [Parallel Time: 157.9 ms, GC Workers: 13]
      [GC Worker Start (ms): Min: 124583.6, Avg: 124583.8, Max: 124584.0, Diff: 0.4]
      [Ext Root Scanning (ms): Min: 1.1, Avg: 1.4, Max: 2.2, Diff: 1.1, Sum: 18.0]
      [Update RS (ms): Min: 2.3, Avg: 2.8, Max: 3.7, Diff: 1.4, Sum: 35.8]
         [Processed Buffers: Min: 1, Avg: 6.2, Max: 23, Diff: 22, Sum: 80]
      [Scan RS (ms): Min: 45.0, Avg: 45.7, Max: 46.3, Diff: 1.3, Sum: 594.7]
      [Code Root Scanning (ms): Min: 0.0, Avg: 0.0, Max: 0.0, Diff: 0.0, Sum: 0.1]
      [Object Copy (ms): Min: 106.9, Avg: 107.0, Max: 107.2, Diff: 0.3, Sum: 1391.5]
      [Termination (ms): Min: 0.0, Avg: 0.0, Max: 0.0, Diff: 0.0, Sum: 0.0]
      [GC Worker Other (ms): Min: 0.0, Avg: 0.1, Max: 0.2, Diff: 0.1, Sum: 0.7]
      [GC Worker Total (ms): Min: 156.8, Avg: 157.0, Max: 157.2, Diff: 0.4, Sum: 2040.7]
      [GC Worker End (ms): Min: 124740.8, Avg: 124740.8, Max: 124740.9, Diff: 0.1]
   [Code Root Fixup: 0.3 ms]
   [Code Root Migration: 0.0 ms]
   [Clear CT: 4.2 ms]
   [Other: 19.1 ms]
      [Choose CSet: 0.5 ms]
      [Ref Proc: 7.6 ms]
      [Ref Enq: 0.4 ms]
      [Free CSet: 2.0 ms]
   [Eden: 1056.0M(1056.0M)->0.0B(1056.0M) Survivors: 160.0M->160.0M Heap: 14.7G(24.0G)->13.5G(24.0G)]
 [Times: user=2.07 sys=0.04, real=0.18 secs] 
2014-04-16T09:47:05.788+0900: 124.845: [GC pause (G1 Humongous Allocation) (young) (initial-mark), 0.1296790 secs]
   [Parallel Time: 118.8 ms, GC Workers: 13]
      [GC Worker Start (ms): Min: 124845.4, Avg: 124845.6, Max: 124845.8, Diff: 0.4]
      [Ext Root Scanning (ms): Min: 0.9, Avg: 1.3, Max: 3.2, Diff: 2.3, Sum: 17.3]
      [Code Root Marking (ms): Min: 0.0, Avg: 0.8, Max: 6.6, Diff: 6.5, Sum: 10.0]
      [Update RS (ms): Min: 82.5, Avg: 88.5, Max: 90.9, Diff: 8.5, Sum: 1151.0]
         [Processed Buffers: Min: 41, Avg: 52.5, Max: 68, Diff: 27, Sum: 682]
      [Scan RS (ms): Min: 0.6, Avg: 2.2, Max: 2.9, Diff: 2.3, Sum: 28.1]
      [Code Root Scanning (ms): Min: 0.0, Avg: 0.0, Max: 0.0, Diff: 0.0, Sum: 0.0]
      [Object Copy (ms): Min: 25.1, Avg: 25.4, Max: 27.1, Diff: 2.0, Sum: 329.9]
      [Termination (ms): Min: 0.0, Avg: 0.0, Max: 0.0, Diff: 0.0, Sum: 0.0]
      [GC Worker Other (ms): Min: 0.0, Avg: 0.0, Max: 0.0, Diff: 0.0, Sum: 0.3]
      [GC Worker Total (ms): Min: 118.0, Avg: 118.2, Max: 118.4, Diff: 0.4, Sum: 1536.8]
      [GC Worker End (ms): Min: 124963.8, Avg: 124963.8, Max: 124963.8, Diff: 0.0]
   [Code Root Fixup: 0.2 ms]
   [Code Root Migration: 0.0 ms]
   [Clear CT: 0.7 ms]
   [Other: 10.0 ms]
      [Choose CSet: 0.0 ms]
      [Ref Proc: 5.3 ms]
      [Ref Enq: 0.3 ms]
      [Free CSet: 0.2 ms]
   [Eden: 80.0M(1056.0M)->0.0B(1104.0M) Survivors: 160.0M->112.0M Heap: 13.6G(24.0G)->13.7G(24.0G)]
 [Times: user=1.55 sys=0.01, real=0.13 secs] 
2014-04-16T09:47:05.918+0900: 124.975: [GC concurrent-root-region-scan-start]
2014-04-16T09:47:05.922+0900: 124.979: [GC concurrent-root-region-scan-end, 0.0039267 secs]
2014-04-16T09:47:05.922+0900: 124.979: [GC concurrent-mark-start]
2014-04-16T09:47:07.400+0900: 126.457: [GC concurrent-mark-end, 1.4783657 secs]
2014-04-16T09:47:07.402+0900: 126.459: [GC remark 126.460: [GC ref-proc, 0.0094046 secs], 0.0325531 secs]
 [Times: user=0.25 sys=0.00, real=0.04 secs] 
2014-04-16T09:47:07.436+0900: 126.493: [GC cleanup 14G->12G(24G), 0.0262368 secs]
 [Times: user=0.32 sys=0.00, real=0.02 secs] 
2014-04-16T09:47:07.463+0900: 126.520: [GC concurrent-cleanup-start]
2014-04-16T09:47:07.464+0900: 126.521: [GC concurrent-cleanup-end, 0.0017546 secs]
2014-04-16T09:47:08.050+0900: 127.107: [GC pause (G1 Evacuation Pause) (young), 0.0761634 secs]
   [Parallel Time: 56.7 ms, GC Workers: 13]
      [GC Worker Start (ms): Min: 127107.8, Avg: 127108.1, Max: 127108.3, Diff: 0.5]
      [Ext Root Scanning (ms): Min: 0.8, Avg: 1.1, Max: 1.6, Diff: 0.8, Sum: 14.2]
      [Update RS (ms): Min: 0.9, Avg: 5.4, Max: 54.3, Diff: 53.4, Sum: 70.5]
         [Processed Buffers: Min: 1, Avg: 5.9, Max: 17, Diff: 16, Sum: 77]
      [Scan RS (ms): Min: 0.0, Avg: 6.9, Max: 7.6, Diff: 7.6, Sum: 89.6]
      [Code Root Scanning (ms): Min: 0.0, Avg: 0.0, Max: 0.0, Diff: 0.0, Sum: 0.0]
      [Object Copy (ms): Min: 0.1, Avg: 27.9, Max: 30.4, Diff: 30.2, Sum: 363.1]
      [Termination (ms): Min: 0.0, Avg: 14.1, Max: 15.3, Diff: 15.3, Sum: 183.3]
      [GC Worker Other (ms): Min: 0.0, Avg: 0.0, Max: 0.0, Diff: 0.0, Sum: 0.3]
      [GC Worker Total (ms): Min: 55.2, Avg: 55.5, Max: 55.7, Diff: 0.5, Sum: 721.0]
      [GC Worker End (ms): Min: 127163.5, Avg: 127163.6, Max: 127163.6, Diff: 0.0]
   [Code Root Fixup: 0.2 ms]
   [Code Root Migration: 0.0 ms]
   [Clear CT: 3.8 ms]
   [Other: 15.5 ms]
      [Choose CSet: 0.0 ms]
      [Ref Proc: 10.8 ms]
      [Ref Enq: 1.1 ms]
      [Free CSet: 1.0 ms]
   [Eden: 1104.0M(1104.0M)->0.0B(1056.0M) Survivors: 112.0M->160.0M Heap: 13.3G(24.0G)->12.4G(24.0G)]
 [Times: user=0.78 sys=0.01, real=0.08 secs] 
2014-04-16T09:47:09.851+0900: 128.908: [GC pause (G1 Evacuation Pause) (mixed), 0.1393609 secs]
   [Parallel Time: 112.3 ms, GC Workers: 13]
      [GC Worker Start (ms): Min: 128908.7, Avg: 128908.9, Max: 128909.1, Diff: 0.4]
      [Ext Root Scanning (ms): Min: 1.0, Avg: 1.4, Max: 2.5, Diff: 1.5, Sum: 18.6]
      [Update RS (ms): Min: 1.7, Avg: 7.6, Max: 72.9, Diff: 71.2, Sum: 98.4]
         [Processed Buffers: Min: 1, Avg: 6.4, Max: 17, Diff: 16, Sum: 83]
      [Scan RS (ms): Min: 0.0, Avg: 29.0, Max: 32.0, Diff: 32.0, Sum: 376.8]
      [Code Root Scanning (ms): Min: 0.0, Avg: 0.0, Max: 0.0, Diff: 0.0, Sum: 0.0]
      [Object Copy (ms): Min: 37.0, Avg: 73.3, Max: 77.4, Diff: 40.4, Sum: 953.5]
      [Termination (ms): Min: 0.0, Avg: 0.0, Max: 0.0, Diff: 0.0, Sum: 0.1]
      [GC Worker Other (ms): Min: 0.0, Avg: 0.0, Max: 0.1, Diff: 0.1, Sum: 0.5]
      [GC Worker Total (ms): Min: 111.2, Avg: 111.4, Max: 111.6, Diff: 0.4, Sum: 1447.9]
      [GC Worker End (ms): Min: 129020.3, Avg: 129020.3, Max: 129020.3, Diff: 0.1]
   [Code Root Fixup: 0.2 ms]
   [Code Root Migration: 0.0 ms]
   [Clear CT: 4.7 ms]
   [Other: 22.1 ms]
      [Choose CSet: 0.2 ms]
      [Ref Proc: 12.1 ms]
      [Ref Enq: 1.2 ms]
      [Free CSet: 1.9 ms]
   [Eden: 1056.0M(1056.0M)->0.0B(1056.0M) Survivors: 160.0M->160.0M Heap: 13.7G(24.0G)->12.5G(24.0G)]
 [Times: user=1.52 sys=0.01, real=0.14 secs] 
2014-04-16T09:47:10.038+0900: 129.095: [GC pause (G1 Humongous Allocation) (young) (initial-mark), 0.1253971 secs]
   [Parallel Time: 117.3 ms, GC Workers: 13]
      [GC Worker Start (ms): Min: 129095.2, Avg: 129095.5, Max: 129095.8, Diff: 0.7]
      [Ext Root Scanning (ms): Min: 0.8, Avg: 1.2, Max: 2.9, Diff: 2.1, Sum: 16.0]
      [Code Root Marking (ms): Min: 0.0, Avg: 0.7, Max: 6.6, Diff: 6.6, Sum: 9.5]
      [Update RS (ms): Min: 62.0, Avg: 75.6, Max: 114.6, Diff: 52.6, Sum: 983.3]
         [Processed Buffers: Min: 23, Avg: 39.2, Max: 58, Diff: 35, Sum: 509]
      [Scan RS (ms): Min: 0.0, Avg: 0.3, Max: 0.8, Diff: 0.8, Sum: 3.6]
      [Code Root Scanning (ms): Min: 0.0, Avg: 0.0, Max: 0.0, Diff: 0.0, Sum: 0.0]
      [Object Copy (ms): Min: 0.3, Avg: 23.0, Max: 28.9, Diff: 28.5, Sum: 299.0]
      [Termination (ms): Min: 0.0, Avg: 15.4, Max: 17.5, Diff: 17.5, Sum: 199.9]
      [GC Worker Other (ms): Min: 0.0, Avg: 0.0, Max: 0.0, Diff: 0.0, Sum: 0.3]
      [GC Worker Total (ms): Min: 115.9, Avg: 116.3, Max: 116.6, Diff: 0.7, Sum: 1511.7]
      [GC Worker End (ms): Min: 129211.8, Avg: 129211.8, Max: 129211.8, Diff: 0.0]
   [Code Root Fixup: 0.2 ms]
   [Code Root Migration: 0.0 ms]
   [Clear CT: 0.3 ms]
   [Other: 7.5 ms]
      [Choose CSet: 0.0 ms]
      [Ref Proc: 3.6 ms]
      [Ref Enq: 0.2 ms]
      [Free CSet: 0.1 ms]
   [Eden: 16.0M(1056.0M)->0.0B(1120.0M) Survivors: 160.0M->96.0M Heap: 12.5G(24.0G)->12.6G(24.0G)]
 [Times: user=1.52 sys=0.00, real=0.12 secs] 
2014-04-16T09:47:10.163+0900: 129.220: [GC concurrent-root-region-scan-start]
2014-04-16T09:47:10.164+0900: 129.221: [GC concurrent-root-region-scan-end, 0.0001332 secs]
2014-04-16T09:47:10.164+0900: 129.221: [GC concurrent-mark-start]
2014-04-16T09:47:11.799+0900: 130.856: [GC concurrent-mark-end, 1.6355296 secs]
2014-04-16T09:47:11.800+0900: 130.857: [GC remark 130.859: [GC ref-proc, 0.0126584 secs], 0.0403658 secs]
 [Times: user=0.31 sys=0.01, real=0.04 secs] 
2014-04-16T09:47:11.842+0900: 130.899: [GC cleanup 13G->12G(24G), 0.0282003 secs]
 [Times: user=0.34 sys=0.00, real=0.03 secs] 
2014-04-16T09:47:11.871+0900: 130.928: [GC concurrent-cleanup-start]
2014-04-16T09:47:11.871+0900: 130.928: [GC concurrent-cleanup-end, 0.0006839 secs]
2014-04-16T09:47:12.293+0900: 131.350: [GC pause (G1 Evacuation Pause) (young), 0.0766690 secs]
   [Parallel Time: 58.9 ms, GC Workers: 13]
      [GC Worker Start (ms): Min: 131350.5, Avg: 131350.9, Max: 131351.1, Diff: 0.6]
      [Ext Root Scanning (ms): Min: 0.8, Avg: 1.2, Max: 2.0, Diff: 1.2, Sum: 15.1]
      [Update RS (ms): Min: 1.1, Avg: 10.0, Max: 56.0, Diff: 54.9, Sum: 129.4]
         [Processed Buffers: Min: 0, Avg: 4.8, Max: 15, Diff: 15, Sum: 62]
      [Scan RS (ms): Min: 0.0, Avg: 5.3, Max: 6.7, Diff: 6.7, Sum: 68.4]
      [Code Root Scanning (ms): Min: 0.0, Avg: 0.0, Max: 0.0, Diff: 0.0, Sum: 0.0]
      [Object Copy (ms): Min: 0.7, Avg: 12.5, Max: 15.1, Diff: 14.5, Sum: 162.6]
      [Termination (ms): Min: 0.0, Avg: 28.6, Max: 33.7, Diff: 33.7, Sum: 371.8]
      [GC Worker Other (ms): Min: 0.0, Avg: 0.0, Max: 0.1, Diff: 0.0, Sum: 0.3]
      [GC Worker Total (ms): Min: 57.2, Avg: 57.5, Max: 57.8, Diff: 0.6, Sum: 747.5]
      [GC Worker End (ms): Min: 131408.3, Avg: 131408.4, Max: 131408.4, Diff: 0.0]
   [Code Root Fixup: 0.1 ms]
   [Code Root Migration: 0.0 ms]
   [Clear CT: 3.4 ms]
   [Other: 14.2 ms]
      [Choose CSet: 0.0 ms]
      [Ref Proc: 11.0 ms]
      [Ref Enq: 1.4 ms]
      [Free CSet: 0.4 ms]
   [Eden: 1120.0M(1120.0M)->0.0B(1104.0M) Survivors: 96.0M->112.0M Heap: 13.2G(24.0G)->12.1G(24.0G)]
 [Times: user=0.80 sys=0.00, real=0.08 secs] 
2014-04-16T09:47:13.366+0900: 132.423: [GC pause (G1 Evacuation Pause) (mixed), 0.0706598 secs]
   [Parallel Time: 48.3 ms, GC Workers: 13]
      [GC Worker Start (ms): Min: 132423.7, Avg: 132424.1, Max: 132424.4, Diff: 0.7]
      [Ext Root Scanning (ms): Min: 0.7, Avg: 1.1, Max: 1.5, Diff: 0.8, Sum: 13.8]
      [Update RS (ms): Min: 0.9, Avg: 1.2, Max: 1.6, Diff: 0.7, Sum: 15.7]
         [Processed Buffers: Min: 0, Avg: 5.3, Max: 18, Diff: 18, Sum: 69]
      [Scan RS (ms): Min: 12.9, Avg: 13.2, Max: 13.4, Diff: 0.5, Sum: 171.0]
      [Code Root Scanning (ms): Min: 0.0, Avg: 0.0, Max: 0.0, Diff: 0.0, Sum: 0.0]
      [Object Copy (ms): Min: 31.2, Avg: 31.3, Max: 31.5, Diff: 0.2, Sum: 407.4]
      [Termination (ms): Min: 0.0, Avg: 0.0, Max: 0.0, Diff: 0.0, Sum: 0.0]
      [GC Worker Other (ms): Min: 0.0, Avg: 0.1, Max: 0.2, Diff: 0.2, Sum: 0.7]
      [GC Worker Total (ms): Min: 46.5, Avg: 46.8, Max: 47.2, Diff: 0.7, Sum: 608.6]
      [GC Worker End (ms): Min: 132470.8, Avg: 132470.9, Max: 132471.0, Diff: 0.2]
   [Code Root Fixup: 0.1 ms]
   [Code Root Migration: 0.0 ms]
   [Clear CT: 4.1 ms]
   [Other: 18.1 ms]
      [Choose CSet: 0.1 ms]
      [Ref Proc: 12.8 ms]
      [Ref Enq: 1.0 ms]
      [Free CSet: 1.3 ms]
   [Eden: 1104.0M(1104.0M)->0.0B(1136.0M) Survivors: 112.0M->80.0M Heap: 13.2G(24.0G)->12.0G(24.0G)]
 [Times: user=0.68 sys=0.01, real=0.07 secs] 
2014-04-16T09:47:13.878+0900: 132.935: [GC pause (G1 Humongous Allocation) (young) (initial-mark), 0.0258667 secs]
   [Parallel Time: 9.9 ms, GC Workers: 13]
      [GC Worker Start (ms): Min: 132935.4, Avg: 132935.6, Max: 132935.9, Diff: 0.5]
      [Ext Root Scanning (ms): Min: 1.0, Avg: 1.5, Max: 3.4, Diff: 2.4, Sum: 19.2]
      [Code Root Marking (ms): Min: 0.0, Avg: 0.7, Max: 6.7, Diff: 6.7, Sum: 9.4]
      [Update RS (ms): Min: 0.0, Avg: 1.1, Max: 2.1, Diff: 2.1, Sum: 14.4]
         [Processed Buffers: Min: 0, Avg: 3.7, Max: 15, Diff: 15, Sum: 48]
      [Scan RS (ms): Min: 0.0, Avg: 0.2, Max: 1.1, Diff: 1.1, Sum: 2.3]
      [Code Root Scanning (ms): Min: 0.0, Avg: 0.0, Max: 0.0, Diff: 0.0, Sum: 0.0]
      [Object Copy (ms): Min: 0.5, Avg: 1.7, Max: 3.2, Diff: 2.6, Sum: 21.9]
      [Termination (ms): Min: 0.0, Avg: 3.4, Max: 3.9, Diff: 3.9, Sum: 44.1]
      [GC Worker Other (ms): Min: 0.0, Avg: 0.0, Max: 0.0, Diff: 0.0, Sum: 0.3]
      [GC Worker Total (ms): Min: 8.4, Avg: 8.6, Max: 8.8, Diff: 0.5, Sum: 111.5]
      [GC Worker End (ms): Min: 132944.2, Avg: 132944.2, Max: 132944.2, Diff: 0.0]
   [Code Root Fixup: 0.2 ms]
   [Code Root Migration: 0.0 ms]
   [Clear CT: 1.2 ms]
   [Other: 14.6 ms]
      [Choose CSet: 0.0 ms]
      [Ref Proc: 11.8 ms]
      [Ref Enq: 1.5 ms]
      [Free CSet: 0.3 ms]
   [Eden: 1024.0M(1136.0M)->0.0B(1184.0M) Survivors: 80.0M->32.0M Heap: 13.0G(24.0G)->12.0G(24.0G)]
 [Times: user=0.14 sys=0.01, real=0.02 secs] 
2014-04-16T09:47:13.904+0900: 132.961: [GC concurrent-root-region-scan-start]
2014-04-16T09:47:13.922+0900: 132.979: [GC concurrent-root-region-scan-end, 0.0177056 secs]
2014-04-16T09:47:13.922+0900: 132.979: [GC concurrent-mark-start]
2014-04-16T09:47:14.901+0900: 133.958: [GC pause (G1 Evacuation Pause) (young), 0.0671368 secs]
   [Parallel Time: 53.3 ms, GC Workers: 13]
      [GC Worker Start (ms): Min: 133958.6, Avg: 133958.8, Max: 133959.0, Diff: 0.5]
      [Ext Root Scanning (ms): Min: 0.9, Avg: 1.1, Max: 1.3, Diff: 0.4, Sum: 14.6]
      [SATB Filtering (ms): Min: 0.0, Avg: 0.0, Max: 0.5, Diff: 0.5, Sum: 0.5]
      [Update RS (ms): Min: 2.0, Avg: 2.7, Max: 4.5, Diff: 2.5, Sum: 35.2]
         [Processed Buffers: Min: 1, Avg: 4.5, Max: 18, Diff: 17, Sum: 58]
      [Scan RS (ms): Min: 7.4, Avg: 9.0, Max: 9.6, Diff: 2.3, Sum: 116.6]
      [Code Root Scanning (ms): Min: 0.0, Avg: 0.0, Max: 0.0, Diff: 0.0, Sum: 0.0]
      [Object Copy (ms): Min: 39.4, Avg: 39.5, Max: 39.6, Diff: 0.2, Sum: 513.8]
      [Termination (ms): Min: 0.0, Avg: 0.0, Max: 0.1, Diff: 0.0, Sum: 0.3]
      [GC Worker Other (ms): Min: 0.0, Avg: 0.1, Max: 0.2, Diff: 0.1, Sum: 0.8]
      [GC Worker Total (ms): Min: 52.2, Avg: 52.5, Max: 52.8, Diff: 0.5, Sum: 681.9]
      [GC Worker End (ms): Min: 134011.2, Avg: 134011.3, Max: 134011.4, Diff: 0.1]
   [Code Root Fixup: 0.3 ms]
   [Code Root Migration: 0.0 ms]
   [Clear CT: 2.9 ms]
   [Other: 10.6 ms]
      [Choose CSet: 0.0 ms]
      [Ref Proc: 7.5 ms]
      [Ref Enq: 0.2 ms]
      [Free CSet: 0.7 ms]
   [Eden: 1184.0M(1184.0M)->0.0B(1056.0M) Survivors: 32.0M->160.0M Heap: 13.6G(24.0G)->12.6G(24.0G)]
 [Times: user=0.70 sys=0.03, real=0.07 secs] 
2014-04-16T09:47:15.700+0900: 134.757: [GC concurrent-mark-end, 1.7781641 secs]
2014-04-16T09:47:15.701+0900: 134.758: [GC remark 134.759: [GC ref-proc, 0.0057687 secs], 0.0303880 secs]
 [Times: user=0.27 sys=0.00, real=0.03 secs] 
2014-04-16T09:47:15.733+0900: 134.790: [GC cleanup 13G->13G(24G), 0.0268201 secs]
 [Times: user=0.33 sys=0.00, real=0.03 secs] 
2014-04-16T09:47:15.760+0900: 134.817: [GC concurrent-cleanup-start]
2014-04-16T09:47:15.760+0900: 134.817: [GC concurrent-cleanup-end, 0.0001792 secs]
2014-04-16T09:47:16.606+0900: 135.663: [GC pause (G1 Evacuation Pause) (young), 0.0975685 secs]
   [Parallel Time: 78.6 ms, GC Workers: 13]
      [GC Worker Start (ms): Min: 135663.1, Avg: 135663.3, Max: 135663.6, Diff: 0.5]
      [Ext Root Scanning (ms): Min: 0.8, Avg: 1.1, Max: 1.8, Diff: 1.0, Sum: 14.3]
      [Update RS (ms): Min: 1.4, Avg: 7.5, Max: 76.0, Diff: 74.6, Sum: 97.6]
         [Processed Buffers: Min: 0, Avg: 5.5, Max: 14, Diff: 14, Sum: 72]
      [Scan RS (ms): Min: 0.0, Avg: 17.9, Max: 20.0, Diff: 20.0, Sum: 233.1]
      [Code Root Scanning (ms): Min: 0.0, Avg: 0.0, Max: 0.0, Diff: 0.0, Sum: 0.0]
      [Object Copy (ms): Min: 0.1, Avg: 49.9, Max: 54.3, Diff: 54.2, Sum: 648.5]
      [Termination (ms): Min: 0.0, Avg: 0.7, Max: 0.8, Diff: 0.8, Sum: 8.9]
      [GC Worker Other (ms): Min: 0.0, Avg: 0.0, Max: 0.0, Diff: 0.0, Sum: 0.3]
      [GC Worker Total (ms): Min: 76.9, Avg: 77.1, Max: 77.4, Diff: 0.5, Sum: 1002.7]
      [GC Worker End (ms): Min: 135740.5, Avg: 135740.5, Max: 135740.5, Diff: 0.0]
   [Code Root Fixup: 0.3 ms]
   [Code Root Migration: 0.0 ms]
   [Clear CT: 3.5 ms]
   [Other: 15.2 ms]
      [Choose CSet: 0.0 ms]
      [Ref Proc: 9.4 ms]
      [Ref Enq: 0.6 ms]
      [Free CSet: 0.7 ms]
   [Eden: 1056.0M(1056.0M)->0.0B(1056.0M) Survivors: 160.0M->160.0M Heap: 13.9G(24.0G)->13.1G(24.0G)]
 [Times: user=1.06 sys=0.01, real=0.09 secs] 
2014-04-16T09:47:17.604+0900: 136.661: [GC pause (G1 Evacuation Pause) (mixed), 0.1886251 secs]
   [Parallel Time: 163.2 ms, GC Workers: 13]
      [GC Worker Start (ms): Min: 136662.8, Avg: 136663.0, Max: 136663.3, Diff: 0.5]
      [Ext Root Scanning (ms): Min: 0.9, Avg: 1.2, Max: 2.1, Diff: 1.3, Sum: 15.8]
      [Update RS (ms): Min: 4.3, Avg: 5.7, Max: 9.3, Diff: 5.0, Sum: 74.5]
         [Processed Buffers: Min: 5, Avg: 15.8, Max: 22, Diff: 17, Sum: 206]
      [Scan RS (ms): Min: 40.3, Avg: 43.8, Max: 44.6, Diff: 4.3, Sum: 569.9]
      [Code Root Scanning (ms): Min: 0.0, Avg: 0.0, Max: 0.0, Diff: 0.0, Sum: 0.1]
      [Object Copy (ms): Min: 110.5, Avg: 110.8, Max: 110.9, Diff: 0.4, Sum: 1440.4]
      [Termination (ms): Min: 0.0, Avg: 0.2, Max: 0.3, Diff: 0.3, Sum: 2.6]
      [GC Worker Other (ms): Min: 0.0, Avg: 0.0, Max: 0.1, Diff: 0.1, Sum: 0.5]
      [GC Worker Total (ms): Min: 161.6, Avg: 161.8, Max: 162.1, Diff: 0.5, Sum: 2103.8]
      [GC Worker End (ms): Min: 136824.9, Avg: 136824.9, Max: 136824.9, Diff: 0.1]
   [Code Root Fixup: 0.3 ms]
   [Code Root Migration: 0.1 ms]
   [Clear CT: 4.4 ms]
   [Other: 20.6 ms]
      [Choose CSet: 0.5 ms]
      [Ref Proc: 8.1 ms]
      [Ref Enq: 0.2 ms]
      [Free CSet: 2.4 ms]
   [Eden: 1056.0M(1056.0M)->0.0B(1056.0M) Survivors: 160.0M->160.0M Heap: 14.5G(24.0G)->13.1G(24.0G)]
 [Times: user=2.18 sys=0.00, real=0.19 secs] 
2014-04-16T09:47:18.805+0900: 137.862: [GC pause (G1 Evacuation Pause) (mixed), 0.2028445 secs]
   [Parallel Time: 178.1 ms, GC Workers: 13]
      [GC Worker Start (ms): Min: 137862.6, Avg: 137862.8, Max: 137863.0, Diff: 0.4]
      [Ext Root Scanning (ms): Min: 0.9, Avg: 1.2, Max: 1.5, Diff: 0.5, Sum: 15.1]
      [Update RS (ms): Min: 1.2, Avg: 1.7, Max: 4.0, Diff: 2.8, Sum: 22.2]
         [Processed Buffers: Min: 1, Avg: 5.0, Max: 14, Diff: 13, Sum: 65]
      [Scan RS (ms): Min: 48.2, Avg: 50.3, Max: 50.7, Diff: 2.6, Sum: 653.9]
      [Code Root Scanning (ms): Min: 0.0, Avg: 0.0, Max: 0.0, Diff: 0.0, Sum: 0.1]
      [Object Copy (ms): Min: 123.7, Avg: 123.9, Max: 124.2, Diff: 0.5, Sum: 1610.7]
      [Termination (ms): Min: 0.0, Avg: 0.3, Max: 0.3, Diff: 0.3, Sum: 3.6]
      [GC Worker Other (ms): Min: 0.0, Avg: 0.0, Max: 0.1, Diff: 0.1, Sum: 0.5]
      [GC Worker Total (ms): Min: 177.2, Avg: 177.4, Max: 177.6, Diff: 0.4, Sum: 2306.0]
      [GC Worker End (ms): Min: 138040.2, Avg: 138040.2, Max: 138040.3, Diff: 0.1]
   [Code Root Fixup: 0.4 ms]
   [Code Root Migration: 0.1 ms]
   [Clear CT: 4.4 ms]
   [Other: 20.0 ms]
      [Choose CSet: 0.7 ms]
      [Ref Proc: 6.6 ms]
      [Ref Enq: 0.3 ms]
      [Free CSet: 2.6 ms]
   [Eden: 1056.0M(1056.0M)->0.0B(1056.0M) Survivors: 160.0M->160.0M Heap: 14.5G(24.0G)->13.2G(24.0G)]
 [Times: user=2.38 sys=0.00, real=0.21 secs] 
2014-04-16T09:47:19.975+0900: 139.032: [GC pause (G1 Evacuation Pause) (mixed), 0.1819149 secs]
   [Parallel Time: 156.6 ms, GC Workers: 13]
      [GC Worker Start (ms): Min: 139032.9, Avg: 139033.1, Max: 139033.3, Diff: 0.5]
      [Ext Root Scanning (ms): Min: 0.9, Avg: 1.1, Max: 1.4, Diff: 0.6, Sum: 14.7]
      [Update RS (ms): Min: 1.4, Avg: 2.0, Max: 2.9, Diff: 1.5, Sum: 25.9]
         [Processed Buffers: Min: 1, Avg: 5.3, Max: 12, Diff: 11, Sum: 69]
      [Scan RS (ms): Min: 44.7, Avg: 45.6, Max: 46.2, Diff: 1.5, Sum: 592.9]
      [Code Root Scanning (ms): Min: 0.0, Avg: 0.0, Max: 0.1, Diff: 0.1, Sum: 0.2]
      [Object Copy (ms): Min: 106.6, Avg: 106.9, Max: 107.2, Diff: 0.6, Sum: 1389.4]
      [Termination (ms): Min: 0.0, Avg: 0.0, Max: 0.0, Diff: 0.0, Sum: 0.0]
      [GC Worker Other (ms): Min: 0.0, Avg: 0.0, Max: 0.1, Diff: 0.1, Sum: 0.5]
      [GC Worker Total (ms): Min: 155.4, Avg: 155.7, Max: 155.9, Diff: 0.5, Sum: 2023.6]
      [GC Worker End (ms): Min: 139188.7, Avg: 139188.7, Max: 139188.8, Diff: 0.1]
   [Code Root Fixup: 0.3 ms]
   [Code Root Migration: 0.1 ms]
   [Clear CT: 4.5 ms]
   [Other: 20.5 ms]
      [Choose CSet: 0.6 ms]
      [Ref Proc: 8.1 ms]
      [Ref Enq: 0.4 ms]
      [Free CSet: 2.2 ms]
   [Eden: 1056.0M(1056.0M)->0.0B(1056.0M) Survivors: 160.0M->160.0M Heap: 14.5G(24.0G)->13.2G(24.0G)]
 [Times: user=2.09 sys=0.01, real=0.19 secs] 
2014-04-16T09:47:20.273+0900: 139.330: [GC pause (G1 Humongous Allocation) (young) (initial-mark), 0.0661002 secs]
   [Parallel Time: 57.6 ms, GC Workers: 13]
      [GC Worker Start (ms): Min: 139330.4, Avg: 139330.5, Max: 139330.5, Diff: 0.1]
      [Ext Root Scanning (ms): Min: 0.8, Avg: 1.2, Max: 3.1, Diff: 2.3, Sum: 15.8]
      [Code Root Marking (ms): Min: 0.0, Avg: 0.6, Max: 4.7, Diff: 4.7, Sum: 7.6]
      [Update RS (ms): Min: 12.5, Avg: 19.2, Max: 54.7, Diff: 42.1, Sum: 249.4]
         [Processed Buffers: Min: 8, Avg: 11.3, Max: 23, Diff: 15, Sum: 147]
      [Scan RS (ms): Min: 0.0, Avg: 6.8, Max: 7.9, Diff: 7.9, Sum: 88.3]
      [Code Root Scanning (ms): Min: 0.0, Avg: 0.0, Max: 0.0, Diff: 0.0, Sum: 0.0]
      [Object Copy (ms): Min: 2.0, Avg: 24.0, Max: 26.1, Diff: 24.2, Sum: 312.2]
      [Termination (ms): Min: 0.0, Avg: 5.7, Max: 6.2, Diff: 6.2, Sum: 73.8]
      [GC Worker Other (ms): Min: 0.0, Avg: 0.0, Max: 0.0, Diff: 0.0, Sum: 0.3]
      [GC Worker Total (ms): Min: 57.4, Avg: 57.5, Max: 57.6, Diff: 0.2, Sum: 747.3]
      [GC Worker End (ms): Min: 139387.9, Avg: 139387.9, Max: 139388.0, Diff: 0.0]
   [Code Root Fixup: 0.2 ms]
   [Code Root Migration: 0.0 ms]
   [Clear CT: 2.7 ms]
   [Other: 5.5 ms]
      [Choose CSet: 0.0 ms]
      [Ref Proc: 2.4 ms]
      [Ref Enq: 0.2 ms]
      [Free CSet: 0.2 ms]
   [Eden: 80.0M(1056.0M)->0.0B(1104.0M) Survivors: 160.0M->112.0M Heap: 13.3G(24.0G)->13.4G(24.0G)]
 [Times: user=0.79 sys=0.00, real=0.07 secs] 
2014-04-16T09:47:20.339+0900: 139.396: [GC concurrent-root-region-scan-start]
2014-04-16T09:47:20.343+0900: 139.400: [GC concurrent-root-region-scan-end, 0.0032229 secs]
2014-04-16T09:47:20.343+0900: 139.400: [GC concurrent-mark-start]
2014-04-16T09:47:21.312+0900: 140.369: [GC pause (G1 Evacuation Pause) (young), 0.0753564 secs]
   [Parallel Time: 65.2 ms, GC Workers: 13]
      [GC Worker Start (ms): Min: 140368.8, Avg: 140368.9, Max: 140369.0, Diff: 0.2]
      [Ext Root Scanning (ms): Min: 0.9, Avg: 1.0, Max: 1.1, Diff: 0.3, Sum: 12.6]
      [SATB Filtering (ms): Min: 0.0, Avg: 0.0, Max: 0.3, Diff: 0.3, Sum: 0.3]
      [Update RS (ms): Min: 1.5, Avg: 2.3, Max: 3.7, Diff: 2.2, Sum: 29.6]
         [Processed Buffers: Min: 1, Avg: 4.9, Max: 14, Diff: 13, Sum: 64]
      [Scan RS (ms): Min: 10.4, Avg: 11.8, Max: 12.5, Diff: 2.1, Sum: 153.1]
      [Code Root Scanning (ms): Min: 0.0, Avg: 0.0, Max: 0.0, Diff: 0.0, Sum: 0.0]
      [Object Copy (ms): Min: 49.3, Avg: 49.4, Max: 49.6, Diff: 0.3, Sum: 641.6]
      [Termination (ms): Min: 0.0, Avg: 0.2, Max: 0.2, Diff: 0.2, Sum: 2.5]
      [GC Worker Other (ms): Min: 0.0, Avg: 0.0, Max: 0.1, Diff: 0.1, Sum: 0.4]
      [GC Worker Total (ms): Min: 64.5, Avg: 64.6, Max: 64.8, Diff: 0.3, Sum: 840.2]
      [GC Worker End (ms): Min: 140433.5, Avg: 140433.6, Max: 140433.6, Diff: 0.0]
   [Code Root Fixup: 0.2 ms]
   [Code Root Migration: 0.0 ms]
   [Clear CT: 3.0 ms]
   [Other: 6.9 ms]
      [Choose CSet: 0.0 ms]
      [Ref Proc: 3.4 ms]
      [Ref Enq: 0.3 ms]
      [Free CSet: 0.6 ms]
   [Eden: 1104.0M(1104.0M)->0.0B(1056.0M) Survivors: 112.0M->160.0M Heap: 14.9G(24.0G)->14.0G(24.0G)]
 [Times: user=0.88 sys=0.00, real=0.08 secs] 
2014-04-16T09:47:22.151+0900: 141.208: [GC concurrent-mark-end, 1.8081119 secs]
2014-04-16T09:47:22.152+0900: 141.209: [GC remark 141.210: [GC ref-proc, 0.0076591 secs], 0.0301763 secs]
 [Times: user=0.24 sys=0.00, real=0.03 secs] 
2014-04-16T09:47:22.184+0900: 141.241: [GC cleanup 14G->12G(24G), 0.0249347 secs]
 [Times: user=0.30 sys=0.00, real=0.03 secs] 
2014-04-16T09:47:22.209+0900: 141.266: [GC concurrent-cleanup-start]
2014-04-16T09:47:22.211+0900: 141.268: [GC concurrent-cleanup-end, 0.0019805 secs]
2014-04-16T09:47:23.733+0900: 142.790: [GC pause (G1 Evacuation Pause) (young), 0.1188299 secs]
   [Parallel Time: 98.6 ms, GC Workers: 13]
      [GC Worker Start (ms): Min: 142790.5, Avg: 142790.7, Max: 142791.0, Diff: 0.6]
      [Ext Root Scanning (ms): Min: 0.7, Avg: 1.1, Max: 1.4, Diff: 0.7, Sum: 13.9]
      [Update RS (ms): Min: 0.3, Avg: 1.1, Max: 2.1, Diff: 1.8, Sum: 14.2]
         [Processed Buffers: Min: 0, Avg: 5.7, Max: 17, Diff: 17, Sum: 74]
      [Scan RS (ms): Min: 34.2, Avg: 35.1, Max: 35.5, Diff: 1.3, Sum: 456.5]
      [Code Root Scanning (ms): Min: 0.0, Avg: 0.0, Max: 0.0, Diff: 0.0, Sum: 0.0]
      [Object Copy (ms): Min: 60.2, Avg: 60.3, Max: 60.4, Diff: 0.2, Sum: 783.7]
      [Termination (ms): Min: 0.0, Avg: 0.0, Max: 0.0, Diff: 0.0, Sum: 0.0]
      [GC Worker Other (ms): Min: 0.0, Avg: 0.1, Max: 0.2, Diff: 0.2, Sum: 0.8]
      [GC Worker Total (ms): Min: 97.3, Avg: 97.6, Max: 97.9, Diff: 0.6, Sum: 1269.2]
      [GC Worker End (ms): Min: 142888.3, Avg: 142888.4, Max: 142888.5, Diff: 0.2]
   [Code Root Fixup: 0.2 ms]
   [Code Root Migration: 0.0 ms]
   [Clear CT: 3.8 ms]
   [Other: 16.2 ms]
      [Choose CSet: 0.0 ms]
      [Ref Proc: 9.7 ms]
      [Ref Enq: 0.8 ms]
      [Free CSet: 0.7 ms]
   [Eden: 1056.0M(1056.0M)->0.0B(1056.0M) Survivors: 160.0M->160.0M Heap: 13.5G(24.0G)->12.7G(24.0G)]
 [Times: user=1.32 sys=0.02, real=0.12 secs] 
2014-04-16T09:47:25.620+0900: 144.677: [GC pause (G1 Evacuation Pause) (mixed), 0.2067715 secs]
   [Parallel Time: 189.4 ms, GC Workers: 13]
      [GC Worker Start (ms): Min: 144677.8, Avg: 144678.1, Max: 144678.4, Diff: 0.5]
      [Ext Root Scanning (ms): Min: 0.9, Avg: 1.2, Max: 1.4, Diff: 0.5, Sum: 15.6]
      [Update RS (ms): Min: 1.5, Avg: 2.1, Max: 3.2, Diff: 1.6, Sum: 26.8]
         [Processed Buffers: Min: 0, Avg: 5.2, Max: 16, Diff: 16, Sum: 67]
      [Scan RS (ms): Min: 73.5, Avg: 74.5, Max: 74.8, Diff: 1.3, Sum: 968.9]
      [Code Root Scanning (ms): Min: 0.0, Avg: 0.0, Max: 0.0, Diff: 0.0, Sum: 0.1]
      [Object Copy (ms): Min: 111.0, Avg: 111.0, Max: 111.1, Diff: 0.1, Sum: 1443.3]
      [Termination (ms): Min: 0.0, Avg: 0.1, Max: 0.1, Diff: 0.1, Sum: 0.7]
      [GC Worker Other (ms): Min: 0.0, Avg: 0.0, Max: 0.1, Diff: 0.1, Sum: 0.5]
      [GC Worker Total (ms): Min: 188.7, Avg: 188.9, Max: 189.2, Diff: 0.5, Sum: 2455.9]
      [GC Worker End (ms): Min: 144867.0, Avg: 144867.0, Max: 144867.1, Diff: 0.1]
   [Code Root Fixup: 0.3 ms]
   [Code Root Migration: 0.0 ms]
   [Clear CT: 4.3 ms]
   [Other: 12.7 ms]
      [Choose CSet: 0.3 ms]
      [Ref Proc: 2.4 ms]
      [Ref Enq: 0.2 ms]
      [Free CSet: 1.5 ms]
   [Eden: 1056.0M(1056.0M)->0.0B(1056.0M) Survivors: 160.0M->160.0M Heap: 14.1G(24.0G)->12.8G(24.0G)]
 [Times: user=2.41 sys=0.03, real=0.21 secs] 
2014-04-16T09:47:26.005+0900: 145.062: [GC pause (G1 Humongous Allocation) (young) (initial-mark), 0.1105634 secs]
   [Parallel Time: 100.5 ms, GC Workers: 13]
      [GC Worker Start (ms): Min: 145062.2, Avg: 145062.3, Max: 145062.4, Diff: 0.2]
      [Ext Root Scanning (ms): Min: 0.7, Avg: 1.1, Max: 3.7, Diff: 3.0, Sum: 14.9]
      [Code Root Marking (ms): Min: 0.0, Avg: 0.6, Max: 4.7, Diff: 4.7, Sum: 7.5]
      [Update RS (ms): Min: 18.8, Avg: 22.2, Max: 24.1, Diff: 5.3, Sum: 289.2]
         [Processed Buffers: Min: 8, Avg: 11.2, Max: 18, Diff: 10, Sum: 146]
      [Scan RS (ms): Min: 29.3, Avg: 30.3, Max: 31.0, Diff: 1.6, Sum: 394.4]
      [Code Root Scanning (ms): Min: 0.0, Avg: 0.0, Max: 0.0, Diff: 0.0, Sum: 0.0]
      [Object Copy (ms): Min: 45.2, Avg: 45.6, Max: 47.2, Diff: 2.0, Sum: 592.8]
      [Termination (ms): Min: 0.0, Avg: 0.1, Max: 0.1, Diff: 0.1, Sum: 0.9]
      [GC Worker Other (ms): Min: 0.0, Avg: 0.0, Max: 0.1, Diff: 0.0, Sum: 0.5]
      [GC Worker Total (ms): Min: 99.9, Avg: 100.0, Max: 100.1, Diff: 0.2, Sum: 1300.3]
      [GC Worker End (ms): Min: 145162.3, Avg: 145162.3, Max: 145162.4, Diff: 0.0]
   [Code Root Fixup: 0.2 ms]
   [Code Root Migration: 0.0 ms]
   [Clear CT: 2.8 ms]
   [Other: 7.0 ms]
      [Choose CSet: 0.0 ms]
      [Ref Proc: 2.9 ms]
      [Ref Enq: 0.3 ms]
      [Free CSet: 0.3 ms]
   [Eden: 112.0M(1056.0M)->0.0B(1104.0M) Survivors: 160.0M->112.0M Heap: 12.9G(24.0G)->13.0G(24.0G)]
 [Times: user=1.34 sys=0.00, real=0.11 secs] 
2014-04-16T09:47:26.116+0900: 145.173: [GC concurrent-root-region-scan-start]
2014-04-16T09:47:26.119+0900: 145.176: [GC concurrent-root-region-scan-end, 0.0029728 secs]
2014-04-16T09:47:26.119+0900: 145.176: [GC concurrent-mark-start]
2014-04-16T09:47:27.689+0900: 146.746: [GC concurrent-mark-end, 1.5705929 secs]
2014-04-16T09:47:27.691+0900: 146.748: [GC remark 146.749: [GC ref-proc, 0.0124442 secs], 0.0389607 secs]
 [Times: user=0.30 sys=0.01, real=0.04 secs] 
2014-04-16T09:47:27.731+0900: 146.788: [GC cleanup 13G->12G(24G), 0.0304087 secs]
 [Times: user=0.36 sys=0.00, real=0.03 secs] 
2014-04-16T09:47:27.762+0900: 146.819: [GC concurrent-cleanup-start]
2014-04-16T09:47:27.763+0900: 146.820: [GC concurrent-cleanup-end, 0.0010372 secs]
2014-04-16T09:47:28.979+0900: 148.036: [GC pause (G1 Evacuation Pause) (young), 0.0335815 secs]
   [Parallel Time: 17.3 ms, GC Workers: 13]
      [GC Worker Start (ms): Min: 148035.8, Avg: 148036.1, Max: 148036.4, Diff: 0.6]
      [Ext Root Scanning (ms): Min: 0.8, Avg: 1.1, Max: 1.8, Diff: 1.1, Sum: 14.6]
      [Update RS (ms): Min: 1.5, Avg: 2.5, Max: 3.1, Diff: 1.6, Sum: 32.5]
         [Processed Buffers: Min: 1, Avg: 4.7, Max: 26, Diff: 25, Sum: 61]
      [Scan RS (ms): Min: 2.7, Avg: 3.3, Max: 4.1, Diff: 1.4, Sum: 43.0]
      [Code Root Scanning (ms): Min: 0.0, Avg: 0.0, Max: 0.0, Diff: 0.0, Sum: 0.0]
      [Object Copy (ms): Min: 8.7, Avg: 8.8, Max: 8.9, Diff: 0.3, Sum: 114.9]
      [Termination (ms): Min: 0.0, Avg: 0.0, Max: 0.0, Diff: 0.0, Sum: 0.1]
      [GC Worker Other (ms): Min: 0.0, Avg: 0.1, Max: 0.2, Diff: 0.1, Sum: 0.7]
      [GC Worker Total (ms): Min: 15.5, Avg: 15.8, Max: 16.2, Diff: 0.6, Sum: 205.9]
      [GC Worker End (ms): Min: 148051.9, Avg: 148052.0, Max: 148052.1, Diff: 0.1]
   [Code Root Fixup: 0.1 ms]
   [Code Root Migration: 0.0 ms]
   [Clear CT: 3.1 ms]
   [Other: 13.0 ms]
      [Choose CSet: 0.0 ms]
      [Ref Proc: 10.6 ms]
      [Ref Enq: 0.8 ms]
      [Free CSet: 0.7 ms]
   [Eden: 1104.0M(1104.0M)->0.0B(1120.0M) Survivors: 112.0M->96.0M Heap: 13.1G(24.0G)->12.0G(24.0G)]
 [Times: user=0.25 sys=0.02, real=0.03 secs] 
2014-04-16T09:47:30.105+0900: 149.162: [GC pause (G1 Evacuation Pause) (mixed), 0.0665034 secs]
   [Parallel Time: 48.0 ms, GC Workers: 13]
      [GC Worker Start (ms): Min: 149162.2, Avg: 149162.4, Max: 149162.7, Diff: 0.5]
      [Ext Root Scanning (ms): Min: 0.7, Avg: 0.9, Max: 1.3, Diff: 0.7, Sum: 12.1]
      [Update RS (ms): Min: 0.8, Avg: 1.0, Max: 1.5, Diff: 0.7, Sum: 13.5]
         [Processed Buffers: Min: 0, Avg: 4.0, Max: 16, Diff: 16, Sum: 52]
      [Scan RS (ms): Min: 18.6, Avg: 19.2, Max: 19.7, Diff: 1.1, Sum: 249.5]
      [Code Root Scanning (ms): Min: 0.0, Avg: 0.0, Max: 0.1, Diff: 0.1, Sum: 0.1]
      [Object Copy (ms): Min: 25.1, Avg: 25.7, Max: 26.0, Diff: 1.0, Sum: 333.6]
      [Termination (ms): Min: 0.0, Avg: 0.0, Max: 0.0, Diff: 0.0, Sum: 0.0]
      [GC Worker Other (ms): Min: 0.0, Avg: 0.0, Max: 0.1, Diff: 0.1, Sum: 0.5]
      [GC Worker Total (ms): Min: 46.6, Avg: 46.9, Max: 47.1, Diff: 0.5, Sum: 609.4]
      [GC Worker End (ms): Min: 149209.3, Avg: 149209.3, Max: 149209.4, Diff: 0.1]
   [Code Root Fixup: 0.2 ms]
   [Code Root Migration: 0.1 ms]
   [Clear CT: 4.9 ms]
   [Other: 13.3 ms]
      [Choose CSet: 0.2 ms]
      [Ref Proc: 9.0 ms]
      [Ref Enq: 0.7 ms]
      [Free CSet: 0.9 ms]
   [Eden: 1120.0M(1120.0M)->0.0B(1088.0M) Survivors: 96.0M->128.0M Heap: 13.1G(24.0G)->11.8G(24.0G)]
 [Times: user=0.68 sys=0.01, real=0.07 secs] 
2014-04-16T09:47:30.500+0900: 149.557: [GC pause (G1 Humongous Allocation) (young) (initial-mark), 0.0366057 secs]
   [Parallel Time: 18.8 ms, GC Workers: 13]
      [GC Worker Start (ms): Min: 149557.1, Avg: 149557.4, Max: 149557.7, Diff: 0.6]
      [Ext Root Scanning (ms): Min: 0.4, Avg: 0.8, Max: 2.0, Diff: 1.5, Sum: 10.7]
      [Code Root Marking (ms): Min: 0.0, Avg: 0.6, Max: 4.8, Diff: 4.8, Sum: 8.1]
      [Update RS (ms): Min: 0.0, Avg: 1.8, Max: 3.0, Diff: 3.0, Sum: 22.8]
         [Processed Buffers: Min: 0, Avg: 3.0, Max: 10, Diff: 10, Sum: 39]
      [Scan RS (ms): Min: 2.0, Avg: 4.1, Max: 4.7, Diff: 2.7, Sum: 52.9]
      [Code Root Scanning (ms): Min: 0.0, Avg: 0.0, Max: 0.0, Diff: 0.0, Sum: 0.0]
      [Object Copy (ms): Min: 9.8, Avg: 10.1, Max: 11.2, Diff: 1.4, Sum: 131.1]
      [Termination (ms): Min: 0.0, Avg: 0.0, Max: 0.0, Diff: 0.0, Sum: 0.1]
      [GC Worker Other (ms): Min: 0.0, Avg: 0.0, Max: 0.0, Diff: 0.0, Sum: 0.4]
      [GC Worker Total (ms): Min: 17.1, Avg: 17.4, Max: 17.7, Diff: 0.6, Sum: 226.2]
      [GC Worker End (ms): Min: 149574.8, Avg: 149574.8, Max: 149574.8, Diff: 0.0]
   [Code Root Fixup: 0.2 ms]
   [Code Root Migration: 0.0 ms]
   [Clear CT: 3.0 ms]
   [Other: 14.6 ms]
      [Choose CSet: 0.0 ms]
      [Ref Proc: 12.2 ms]
      [Ref Enq: 0.8 ms]
      [Free CSet: 0.3 ms]
   [Eden: 544.0M(1088.0M)->0.0B(1120.0M) Survivors: 128.0M->96.0M Heap: 12.3G(24.0G)->11.7G(24.0G)]
 [Times: user=0.28 sys=0.01, real=0.03 secs] 
2014-04-16T09:47:30.537+0900: 149.594: [GC concurrent-root-region-scan-start]
2014-04-16T09:47:30.551+0900: 149.608: [GC concurrent-root-region-scan-end, 0.0145044 secs]
2014-04-16T09:47:30.551+0900: 149.608: [GC concurrent-mark-start]
2014-04-16T09:47:31.493+0900: 150.550: [GC pause (G1 Evacuation Pause) (young), 0.0694815 secs]
   [Parallel Time: 50.9 ms, GC Workers: 13]
      [GC Worker Start (ms): Min: 150550.0, Avg: 150550.2, Max: 150550.5, Diff: 0.5]
      [Ext Root Scanning (ms): Min: 0.3, Avg: 0.9, Max: 1.2, Diff: 0.8, Sum: 11.8]
      [SATB Filtering (ms): Min: 0.0, Avg: 0.0, Max: 0.2, Diff: 0.2, Sum: 0.2]
      [Update RS (ms): Min: 0.9, Avg: 2.1, Max: 3.2, Diff: 2.3, Sum: 27.0]
         [Processed Buffers: Min: 1, Avg: 4.4, Max: 16, Diff: 15, Sum: 57]
      [Scan RS (ms): Min: 7.6, Avg: 8.6, Max: 9.0, Diff: 1.4, Sum: 112.1]
      [Code Root Scanning (ms): Min: 0.0, Avg: 0.0, Max: 0.0, Diff: 0.0, Sum: 0.0]
      [Object Copy (ms): Min: 37.5, Avg: 37.7, Max: 39.0, Diff: 1.5, Sum: 489.8]
      [Termination (ms): Min: 0.0, Avg: 0.0, Max: 0.0, Diff: 0.0, Sum: 0.0]
      [GC Worker Other (ms): Min: 0.0, Avg: 0.0, Max: 0.1, Diff: 0.0, Sum: 0.5]
      [GC Worker Total (ms): Min: 49.1, Avg: 49.3, Max: 49.6, Diff: 0.5, Sum: 641.4]
      [GC Worker End (ms): Min: 150599.6, Avg: 150599.6, Max: 150599.6, Diff: 0.0]
   [Code Root Fixup: 0.2 ms]
   [Code Root Migration: 0.0 ms]
   [Clear CT: 3.7 ms]
   [Other: 14.7 ms]
      [Choose CSet: 0.0 ms]
      [Ref Proc: 11.0 ms]
      [Ref Enq: 0.6 ms]
      [Free CSet: 0.9 ms]
   [Eden: 1120.0M(1120.0M)->0.0B(1056.0M) Survivors: 96.0M->160.0M Heap: 13.3G(24.0G)->12.4G(24.0G)]
 [Times: user=0.71 sys=0.01, real=0.07 secs] 
2014-04-16T09:47:32.275+0900: 151.332: [GC concurrent-mark-end, 1.7238281 secs]
2014-04-16T09:47:32.280+0900: 151.337: [GC remark 151.339: [GC ref-proc, 0.0132588 secs], 0.0404362 secs]
 [Times: user=0.29 sys=0.00, real=0.04 secs] 
2014-04-16T09:47:32.328+0900: 151.385: [GC cleanup 13G->13G(24G), 0.0345703 secs]
 [Times: user=0.41 sys=0.00, real=0.03 secs] 
2014-04-16T09:47:32.363+0900: 151.420: [GC concurrent-cleanup-start]
2014-04-16T09:47:32.363+0900: 151.420: [GC concurrent-cleanup-end, 0.0000672 secs]
2014-04-16T09:47:32.508+0900: 151.565: [GC pause (G1 Evacuation Pause) (young), 0.0851243 secs]
   [Parallel Time: 68.4 ms, GC Workers: 13]
      [GC Worker Start (ms): Min: 151565.1, Avg: 151565.4, Max: 151565.7, Diff: 0.6]
      [Ext Root Scanning (ms): Min: 0.6, Avg: 0.8, Max: 1.1, Diff: 0.5, Sum: 10.8]
      [Update RS (ms): Min: 2.1, Avg: 2.4, Max: 4.0, Diff: 1.8, Sum: 30.9]
         [Processed Buffers: Min: 1, Avg: 4.5, Max: 20, Diff: 19, Sum: 58]
      [Scan RS (ms): Min: 11.0, Avg: 12.5, Max: 12.9, Diff: 1.8, Sum: 161.9]
      [Code Root Scanning (ms): Min: 0.0, Avg: 0.0, Max: 0.0, Diff: 0.0, Sum: 0.0]
      [Object Copy (ms): Min: 51.0, Avg: 51.2, Max: 51.3, Diff: 0.2, Sum: 665.1]
      [Termination (ms): Min: 0.0, Avg: 0.0, Max: 0.0, Diff: 0.0, Sum: 0.1]
      [GC Worker Other (ms): Min: 0.0, Avg: 0.0, Max: 0.1, Diff: 0.1, Sum: 0.6]
      [GC Worker Total (ms): Min: 66.6, Avg: 66.9, Max: 67.3, Diff: 0.7, Sum: 869.4]
      [GC Worker End (ms): Min: 151632.3, Avg: 151632.3, Max: 151632.4, Diff: 0.1]
   [Code Root Fixup: 0.3 ms]
   [Code Root Migration: 0.0 ms]
   [Clear CT: 3.5 ms]
   [Other: 12.9 ms]
      [Choose CSet: 0.0 ms]
      [Ref Proc: 9.2 ms]
      [Ref Enq: 0.3 ms]
      [Free CSet: 0.8 ms]
   [Eden: 1056.0M(1056.0M)->0.0B(1056.0M) Survivors: 160.0M->160.0M Heap: 13.8G(24.0G)->13.1G(24.0G)]
 [Times: user=0.92 sys=0.01, real=0.08 secs] 
2014-04-16T09:47:33.573+0900: 152.630: [GC pause (G1 Evacuation Pause) (mixed), 0.1682490 secs]
   [Parallel Time: 147.1 ms, GC Workers: 13]
      [GC Worker Start (ms): Min: 152630.5, Avg: 152630.7, Max: 152631.0, Diff: 0.5]
      [Ext Root Scanning (ms): Min: 0.6, Avg: 0.9, Max: 1.5, Diff: 0.9, Sum: 11.8]
      [Update RS (ms): Min: 2.0, Avg: 2.7, Max: 3.2, Diff: 1.2, Sum: 35.7]
         [Processed Buffers: Min: 1, Avg: 4.5, Max: 12, Diff: 11, Sum: 59]
      [Scan RS (ms): Min: 49.7, Avg: 50.2, Max: 50.6, Diff: 0.9, Sum: 652.0]
      [Code Root Scanning (ms): Min: 0.0, Avg: 0.0, Max: 0.1, Diff: 0.1, Sum: 0.2]
      [Object Copy (ms): Min: 91.8, Avg: 92.1, Max: 92.4, Diff: 0.6, Sum: 1197.9]
      [Termination (ms): Min: 0.0, Avg: 0.0, Max: 0.0, Diff: 0.0, Sum: 0.0]
      [GC Worker Other (ms): Min: 0.0, Avg: 0.0, Max: 0.1, Diff: 0.1, Sum: 0.5]
      [GC Worker Total (ms): Min: 145.7, Avg: 146.0, Max: 146.3, Diff: 0.6, Sum: 1898.2]
      [GC Worker End (ms): Min: 152776.7, Avg: 152776.8, Max: 152776.8, Diff: 0.1]
   [Code Root Fixup: 0.4 ms]
   [Code Root Migration: 0.2 ms]
   [Clear CT: 4.4 ms]
   [Other: 16.2 ms]
      [Choose CSet: 0.7 ms]
      [Ref Proc: 7.5 ms]
      [Ref Enq: 0.2 ms]
      [Free CSet: 2.0 ms]
   [Eden: 1056.0M(1056.0M)->0.0B(1056.0M) Survivors: 160.0M->160.0M Heap: 14.6G(24.0G)->13.1G(24.0G)]
 [Times: user=1.98 sys=0.00, real=0.17 secs] 
2014-04-16T09:47:35.132+0900: 154.189: [GC pause (G1 Evacuation Pause) (mixed), 0.1887811 secs]
   [Parallel Time: 163.9 ms, GC Workers: 13]
      [GC Worker Start (ms): Min: 154190.4, Avg: 154190.7, Max: 154190.9, Diff: 0.6]
      [Ext Root Scanning (ms): Min: 0.7, Avg: 0.9, Max: 1.3, Diff: 0.7, Sum: 12.2]
      [Update RS (ms): Min: 2.3, Avg: 3.7, Max: 8.2, Diff: 5.9, Sum: 48.0]
         [Processed Buffers: Min: 7, Avg: 9.8, Max: 15, Diff: 8, Sum: 127]
      [Scan RS (ms): Min: 49.6, Avg: 53.8, Max: 54.8, Diff: 5.3, Sum: 699.9]
      [Code Root Scanning (ms): Min: 0.0, Avg: 0.0, Max: 0.0, Diff: 0.0, Sum: 0.1]
      [Object Copy (ms): Min: 104.0, Avg: 104.2, Max: 104.5, Diff: 0.5, Sum: 1355.2]
      [Termination (ms): Min: 0.0, Avg: 0.0, Max: 0.0, Diff: 0.0, Sum: 0.0]
      [GC Worker Other (ms): Min: 0.0, Avg: 0.1, Max: 0.2, Diff: 0.1, Sum: 0.7]
      [GC Worker Total (ms): Min: 162.5, Avg: 162.8, Max: 163.1, Diff: 0.6, Sum: 2116.1]
      [GC Worker End (ms): Min: 154353.4, Avg: 154353.5, Max: 154353.6, Diff: 0.1]
   [Code Root Fixup: 0.3 ms]
   [Code Root Migration: 0.1 ms]
   [Clear CT: 4.9 ms]
   [Other: 19.5 ms]
      [Choose CSet: 0.9 ms]
      [Ref Proc: 9.4 ms]
      [Ref Enq: 0.5 ms]
      [Free CSet: 2.3 ms]
   [Eden: 1056.0M(1056.0M)->0.0B(1056.0M) Survivors: 160.0M->160.0M Heap: 14.5G(24.0G)->13.2G(24.0G)]
 [Times: user=2.21 sys=0.00, real=0.19 secs] 
2014-04-16T09:47:36.286+0900: 155.343: [GC pause (G1 Evacuation Pause) (mixed), 0.1967907 secs]
   [Parallel Time: 167.5 ms, GC Workers: 13]
      [GC Worker Start (ms): Min: 155344.2, Avg: 155344.5, Max: 155344.7, Diff: 0.4]
      [Ext Root Scanning (ms): Min: 0.8, Avg: 1.0, Max: 1.3, Diff: 0.5, Sum: 13.6]
      [Update RS (ms): Min: 4.6, Avg: 5.2, Max: 6.3, Diff: 1.8, Sum: 68.1]
         [Processed Buffers: Min: 6, Avg: 9.7, Max: 26, Diff: 20, Sum: 126]
      [Scan RS (ms): Min: 52.8, Avg: 54.1, Max: 54.9, Diff: 2.1, Sum: 703.5]
      [Code Root Scanning (ms): Min: 0.0, Avg: 0.0, Max: 0.0, Diff: 0.0, Sum: 0.1]
      [Object Copy (ms): Min: 105.4, Avg: 106.0, Max: 106.3, Diff: 0.8, Sum: 1378.5]
      [Termination (ms): Min: 0.0, Avg: 0.0, Max: 0.0, Diff: 0.0, Sum: 0.1]
      [GC Worker Other (ms): Min: 0.0, Avg: 0.0, Max: 0.1, Diff: 0.1, Sum: 0.5]
      [GC Worker Total (ms): Min: 166.3, Avg: 166.5, Max: 166.8, Diff: 0.5, Sum: 2164.4]
      [GC Worker End (ms): Min: 155510.9, Avg: 155511.0, Max: 155511.0, Diff: 0.1]
   [Code Root Fixup: 0.3 ms]
   [Code Root Migration: 0.1 ms]
   [Clear CT: 5.3 ms]
   [Other: 23.5 ms]
      [Choose CSet: 0.7 ms]
      [Ref Proc: 12.3 ms]
      [Ref Enq: 1.3 ms]
      [Free CSet: 2.5 ms]
   [Eden: 1056.0M(1056.0M)->0.0B(1056.0M) Survivors: 160.0M->160.0M Heap: 14.5G(24.0G)->13.2G(24.0G)]
 [Times: user=2.25 sys=0.00, real=0.20 secs] 
2014-04-16T09:47:36.526+0900: 155.583: [GC pause (G1 Humongous Allocation) (young) (initial-mark), 0.1193338 secs]
   [Parallel Time: 109.8 ms, GC Workers: 13]
      [GC Worker Start (ms): Min: 155582.9, Avg: 155583.1, Max: 155583.3, Diff: 0.4]
      [Ext Root Scanning (ms): Min: 0.5, Avg: 1.0, Max: 3.4, Diff: 2.9, Sum: 13.1]
      [Code Root Marking (ms): Min: 0.0, Avg: 0.8, Max: 6.8, Diff: 6.8, Sum: 10.2]
      [Update RS (ms): Min: 79.0, Avg: 84.3, Max: 86.3, Diff: 7.3, Sum: 1096.2]
         [Processed Buffers: Min: 39, Avg: 48.7, Max: 65, Diff: 26, Sum: 633]
      [Scan RS (ms): Min: 0.0, Avg: 0.7, Max: 1.2, Diff: 1.2, Sum: 9.3]
      [Code Root Scanning (ms): Min: 0.0, Avg: 0.0, Max: 0.0, Diff: 0.0, Sum: 0.0]
      [Object Copy (ms): Min: 21.7, Avg: 22.2, Max: 22.9, Diff: 1.1, Sum: 288.9]
      [Termination (ms): Min: 0.0, Avg: 0.0, Max: 0.0, Diff: 0.0, Sum: 0.0]
      [GC Worker Other (ms): Min: 0.0, Avg: 0.0, Max: 0.1, Diff: 0.0, Sum: 0.4]
      [GC Worker Total (ms): Min: 108.9, Avg: 109.1, Max: 109.3, Diff: 0.4, Sum: 1418.2]
      [GC Worker End (ms): Min: 155692.2, Avg: 155692.2, Max: 155692.2, Diff: 0.0]
   [Code Root Fixup: 0.2 ms]
   [Code Root Migration: 0.0 ms]
   [Clear CT: 1.4 ms]
   [Other: 7.9 ms]
      [Choose CSet: 0.0 ms]
      [Ref Proc: 5.3 ms]
      [Ref Enq: 0.4 ms]
      [Free CSet: 0.1 ms]
   [Eden: 48.0M(1056.0M)->0.0B(1104.0M) Survivors: 160.0M->112.0M Heap: 13.2G(24.0G)->13.4G(24.0G)]
 [Times: user=1.44 sys=0.00, real=0.12 secs] 
2014-04-16T09:47:36.646+0900: 155.703: [GC concurrent-root-region-scan-start]
2014-04-16T09:47:36.646+0900: 155.703: [GC concurrent-root-region-scan-end, 0.0006536 secs]
2014-04-16T09:47:36.646+0900: 155.703: [GC concurrent-mark-start]
2014-04-16T09:47:37.864+0900: 156.921: [GC pause (G1 Evacuation Pause) (young), 0.0595818 secs]
   [Parallel Time: 42.4 ms, GC Workers: 13]
      [GC Worker Start (ms): Min: 156921.7, Avg: 156921.9, Max: 156922.1, Diff: 0.4]
      [Ext Root Scanning (ms): Min: 0.6, Avg: 0.8, Max: 1.3, Diff: 0.7, Sum: 11.0]
      [SATB Filtering (ms): Min: 0.0, Avg: 0.0, Max: 0.3, Diff: 0.3, Sum: 0.3]
      [Update RS (ms): Min: 2.6, Avg: 3.7, Max: 6.4, Diff: 3.9, Sum: 47.8]
         [Processed Buffers: Min: 1, Avg: 9.4, Max: 16, Diff: 15, Sum: 122]
      [Scan RS (ms): Min: 5.0, Avg: 7.6, Max: 8.1, Diff: 3.1, Sum: 98.2]
      [Code Root Scanning (ms): Min: 0.0, Avg: 0.0, Max: 0.0, Diff: 0.0, Sum: 0.0]
      [Object Copy (ms): Min: 29.0, Avg: 29.2, Max: 29.3, Diff: 0.3, Sum: 379.3]
      [Termination (ms): Min: 0.0, Avg: 0.0, Max: 0.0, Diff: 0.0, Sum: 0.0]
      [GC Worker Other (ms): Min: 0.0, Avg: 0.0, Max: 0.2, Diff: 0.2, Sum: 0.6]
      [GC Worker Total (ms): Min: 41.1, Avg: 41.3, Max: 41.5, Diff: 0.5, Sum: 537.3]
      [GC Worker End (ms): Min: 156963.2, Avg: 156963.2, Max: 156963.3, Diff: 0.2]
   [Code Root Fixup: 0.2 ms]
   [Code Root Migration: 0.0 ms]
   [Clear CT: 3.2 ms]
   [Other: 13.7 ms]
      [Choose CSet: 0.0 ms]
      [Ref Proc: 10.5 ms]
      [Ref Enq: 0.9 ms]
      [Free CSet: 0.4 ms]
   [Eden: 1104.0M(1104.0M)->0.0B(1056.0M) Survivors: 112.0M->160.0M Heap: 14.8G(24.0G)->13.9G(24.0G)]
 [Times: user=0.59 sys=0.00, real=0.06 secs] 
2014-04-16T09:47:38.369+0900: 157.426: [GC concurrent-mark-end, 1.7230919 secs]
2014-04-16T09:47:38.371+0900: 157.428: [GC remark 157.429: [GC ref-proc, 0.0105166 secs], 0.0383968 secs]
 [Times: user=0.32 sys=0.00, real=0.04 secs] 
2014-04-16T09:47:38.413+0900: 157.470: [GC cleanup 14G->12G(24G), 0.0305252 secs]
 [Times: user=0.37 sys=0.00, real=0.03 secs] 
2014-04-16T09:47:38.443+0900: 157.500: [GC concurrent-cleanup-start]
2014-04-16T09:47:38.445+0900: 157.502: [GC concurrent-cleanup-end, 0.0016653 secs]
2014-04-16T09:47:39.010+0900: 158.067: [GC pause (G1 Evacuation Pause) (young), 0.0820843 secs]
   [Parallel Time: 66.4 ms, GC Workers: 13]
      [GC Worker Start (ms): Min: 158067.5, Avg: 158067.7, Max: 158067.9, Diff: 0.4]
      [Ext Root Scanning (ms): Min: 0.7, Avg: 1.0, Max: 1.4, Diff: 0.7, Sum: 12.6]
      [Update RS (ms): Min: 1.0, Avg: 1.6, Max: 2.1, Diff: 1.2, Sum: 20.6]
         [Processed Buffers: Min: 0, Avg: 4.8, Max: 12, Diff: 12, Sum: 63]
      [Scan RS (ms): Min: 17.0, Avg: 17.5, Max: 17.8, Diff: 0.8, Sum: 227.7]
      [Code Root Scanning (ms): Min: 0.0, Avg: 0.0, Max: 0.0, Diff: 0.0, Sum: 0.0]
      [Object Copy (ms): Min: 45.3, Avg: 45.4, Max: 45.5, Diff: 0.2, Sum: 590.1]
      [Termination (ms): Min: 0.0, Avg: 0.0, Max: 0.0, Diff: 0.0, Sum: 0.0]
      [GC Worker Other (ms): Min: 0.0, Avg: 0.0, Max: 0.1, Diff: 0.0, Sum: 0.4]
      [GC Worker Total (ms): Min: 65.3, Avg: 65.5, Max: 65.7, Diff: 0.5, Sum: 851.4]
      [GC Worker End (ms): Min: 158133.2, Avg: 158133.2, Max: 158133.2, Diff: 0.0]
   [Code Root Fixup: 0.3 ms]
   [Code Root Migration: 0.0 ms]
   [Clear CT: 3.3 ms]
   [Other: 12.0 ms]
      [Choose CSet: 0.0 ms]
      [Ref Proc: 7.8 ms]
      [Ref Enq: 0.6 ms]
      [Free CSet: 0.7 ms]
   [Eden: 1056.0M(1056.0M)->0.0B(1056.0M) Survivors: 160.0M->160.0M Heap: 13.2G(24.0G)->12.4G(24.0G)]
 [Times: user=0.92 sys=0.01, real=0.08 secs] 
2014-04-16T09:47:40.496+0900: 159.553: [GC pause (G1 Evacuation Pause) (mixed), 0.1455579 secs]
   [Parallel Time: 118.9 ms, GC Workers: 13]
      [GC Worker Start (ms): Min: 159553.5, Avg: 159553.8, Max: 159554.1, Diff: 0.6]
      [Ext Root Scanning (ms): Min: 0.6, Avg: 0.9, Max: 1.2, Diff: 0.6, Sum: 11.7]
      [Update RS (ms): Min: 3.3, Avg: 3.5, Max: 4.4, Diff: 1.1, Sum: 45.2]
         [Processed Buffers: Min: 7, Avg: 11.0, Max: 16, Diff: 9, Sum: 143]
      [Scan RS (ms): Min: 31.8, Avg: 32.8, Max: 33.2, Diff: 1.4, Sum: 426.4]
      [Code Root Scanning (ms): Min: 0.0, Avg: 0.0, Max: 0.0, Diff: 0.0, Sum: 0.1]
      [Object Copy (ms): Min: 79.8, Avg: 79.9, Max: 80.1, Diff: 0.4, Sum: 1039.2]
      [Termination (ms): Min: 0.0, Avg: 0.0, Max: 0.0, Diff: 0.0, Sum: 0.0]
      [GC Worker Other (ms): Min: 0.0, Avg: 0.0, Max: 0.1, Diff: 0.0, Sum: 0.4]
      [GC Worker Total (ms): Min: 116.9, Avg: 117.2, Max: 117.5, Diff: 0.6, Sum: 1523.1]
      [GC Worker End (ms): Min: 159671.0, Avg: 159671.0, Max: 159671.0, Diff: 0.0]
   [Code Root Fixup: 0.3 ms]
   [Code Root Migration: 0.0 ms]
   [Clear CT: 5.2 ms]
   [Other: 21.2 ms]
      [Choose CSet: 0.2 ms]
      [Ref Proc: 12.6 ms]
      [Ref Enq: 1.2 ms]
      [Free CSet: 1.8 ms]
   [Eden: 1056.0M(1056.0M)->0.0B(1056.0M) Survivors: 160.0M->160.0M Heap: 13.8G(24.0G)->12.6G(24.0G)]
 [Times: user=1.61 sys=0.00, real=0.15 secs] 
2014-04-16T09:47:40.651+0900: 159.708: [GC pause (G1 Humongous Allocation) (young) (initial-mark), 0.1066596 secs]
   [Parallel Time: 101.0 ms, GC Workers: 13]
      [GC Worker Start (ms): Min: 159708.3, Avg: 159708.5, Max: 159708.7, Diff: 0.4]
      [Ext Root Scanning (ms): Min: 0.6, Avg: 1.0, Max: 2.2, Diff: 1.6, Sum: 12.9]
      [Code Root Marking (ms): Min: 0.0, Avg: 0.8, Max: 6.9, Diff: 6.8, Sum: 9.8]
      [Update RS (ms): Min: 69.0, Avg: 74.5, Max: 76.3, Diff: 7.3, Sum: 968.4]
         [Processed Buffers: Min: 31, Avg: 42.5, Max: 56, Diff: 25, Sum: 552]
      [Scan RS (ms): Min: 0.0, Avg: 0.0, Max: 0.1, Diff: 0.1, Sum: 0.4]
      [Code Root Scanning (ms): Min: 0.0, Avg: 0.0, Max: 0.0, Diff: 0.0, Sum: 0.0]
      [Object Copy (ms): Min: 22.8, Avg: 24.0, Max: 24.5, Diff: 1.6, Sum: 312.5]
      [Termination (ms): Min: 0.0, Avg: 0.0, Max: 0.0, Diff: 0.0, Sum: 0.0]
      [GC Worker Other (ms): Min: 0.0, Avg: 0.0, Max: 0.0, Diff: 0.0, Sum: 0.3]
      [GC Worker Total (ms): Min: 100.1, Avg: 100.3, Max: 100.5, Diff: 0.4, Sum: 1304.4]
      [GC Worker End (ms): Min: 159808.8, Avg: 159808.8, Max: 159808.8, Diff: 0.0]
   [Code Root Fixup: 0.3 ms]
   [Code Root Migration: 0.0 ms]
   [Clear CT: 0.3 ms]
   [Other: 5.2 ms]
      [Choose CSet: 0.0 ms]
      [Ref Proc: 2.5 ms]
      [Ref Enq: 0.2 ms]
      [Free CSet: 0.1 ms]
   [Eden: 16.0M(1056.0M)->0.0B(1120.0M) Survivors: 160.0M->96.0M Heap: 12.6G(24.0G)->12.7G(24.0G)]
 [Times: user=1.32 sys=0.00, real=0.10 secs] 
2014-04-16T09:47:40.758+0900: 159.815: [GC concurrent-root-region-scan-start]
2014-04-16T09:47:40.758+0900: 159.815: [GC concurrent-root-region-scan-end, 0.0003117 secs]
2014-04-16T09:47:40.758+0900: 159.815: [GC concurrent-mark-start]
2014-04-16T09:47:42.349+0900: 161.406: [GC pause (G1 Evacuation Pause) (young), 0.0608252 secs]
   [Parallel Time: 42.3 ms, GC Workers: 13]
      [GC Worker Start (ms): Min: 161406.3, Avg: 161406.5, Max: 161406.7, Diff: 0.4]
      [Ext Root Scanning (ms): Min: 0.7, Avg: 0.9, Max: 1.6, Diff: 0.9, Sum: 12.3]
      [SATB Filtering (ms): Min: 0.0, Avg: 0.0, Max: 0.3, Diff: 0.3, Sum: 0.3]
      [Update RS (ms): Min: 1.3, Avg: 1.9, Max: 3.2, Diff: 1.9, Sum: 24.9]
         [Processed Buffers: Min: 1, Avg: 4.5, Max: 13, Diff: 12, Sum: 59]
      [Scan RS (ms): Min: 6.0, Avg: 7.2, Max: 7.4, Diff: 1.4, Sum: 94.0]
      [Code Root Scanning (ms): Min: 0.0, Avg: 0.0, Max: 0.0, Diff: 0.0, Sum: 0.0]
      [Object Copy (ms): Min: 31.0, Avg: 31.1, Max: 31.2, Diff: 0.2, Sum: 404.1]
      [Termination (ms): Min: 0.0, Avg: 0.0, Max: 0.0, Diff: 0.0, Sum: 0.0]
      [GC Worker Other (ms): Min: 0.0, Avg: 0.0, Max: 0.1, Diff: 0.1, Sum: 0.5]
      [GC Worker Total (ms): Min: 41.0, Avg: 41.2, Max: 41.4, Diff: 0.4, Sum: 536.2]
      [GC Worker End (ms): Min: 161447.7, Avg: 161447.7, Max: 161447.7, Diff: 0.1]
   [Code Root Fixup: 0.1 ms]
   [Code Root Migration: 0.0 ms]
   [Clear CT: 3.9 ms]
   [Other: 14.5 ms]
      [Choose CSet: 0.0 ms]
      [Ref Proc: 11.0 ms]
      [Ref Enq: 1.5 ms]
      [Free CSet: 0.4 ms]
   [Eden: 1120.0M(1120.0M)->0.0B(1056.0M) Survivors: 96.0M->160.0M Heap: 14.1G(24.0G)->13.2G(24.0G)]
 [Times: user=0.60 sys=0.00, real=0.07 secs] 
2014-04-16T09:47:42.581+0900: 161.638: [GC concurrent-mark-end, 1.8223706 secs]
2014-04-16T09:47:42.583+0900: 161.640: [GC remark 161.641: [GC ref-proc, 0.0066743 secs], 0.0341427 secs]
 [Times: user=0.31 sys=0.00, real=0.03 secs] 
2014-04-16T09:47:42.619+0900: 161.676: [GC cleanup 13G->12G(24G), 0.0277385 secs]
 [Times: user=0.35 sys=0.00, real=0.03 secs] 
2014-04-16T09:47:42.647+0900: 161.704: [GC concurrent-cleanup-start]
2014-04-16T09:47:42.648+0900: 161.705: [GC concurrent-cleanup-end, 0.0010110 secs]
2014-04-16T09:47:44.314+0900: 163.371: [GC pause (G1 Evacuation Pause) (young), 0.0799786 secs]
   [Parallel Time: 59.2 ms, GC Workers: 13]
      [GC Worker Start (ms): Min: 163371.2, Avg: 163371.4, Max: 163371.6, Diff: 0.5]
      [Ext Root Scanning (ms): Min: 0.6, Avg: 0.8, Max: 1.3, Diff: 0.7, Sum: 10.9]
      [Update RS (ms): Min: 2.4, Avg: 3.0, Max: 3.4, Diff: 1.0, Sum: 39.2]
         [Processed Buffers: Min: 1, Avg: 5.3, Max: 28, Diff: 27, Sum: 69]
      [Scan RS (ms): Min: 13.4, Avg: 13.8, Max: 14.1, Diff: 0.7, Sum: 178.9]
      [Code Root Scanning (ms): Min: 0.0, Avg: 0.0, Max: 0.0, Diff: 0.0, Sum: 0.0]
      [Object Copy (ms): Min: 40.3, Avg: 40.4, Max: 40.5, Diff: 0.2, Sum: 525.5]
      [Termination (ms): Min: 0.0, Avg: 0.0, Max: 0.0, Diff: 0.0, Sum: 0.0]
      [GC Worker Other (ms): Min: 0.0, Avg: 0.0, Max: 0.1, Diff: 0.1, Sum: 0.5]
      [GC Worker Total (ms): Min: 57.9, Avg: 58.1, Max: 58.3, Diff: 0.5, Sum: 755.0]
      [GC Worker End (ms): Min: 163429.5, Avg: 163429.5, Max: 163429.5, Diff: 0.1]
   [Code Root Fixup: 0.1 ms]
   [Code Root Migration: 0.0 ms]
   [Clear CT: 3.9 ms]
   [Other: 16.7 ms]
      [Choose CSet: 0.0 ms]
      [Ref Proc: 12.5 ms]
      [Ref Enq: 1.5 ms]
      [Free CSet: 0.5 ms]
   [Eden: 1056.0M(1056.0M)->0.0B(1056.0M) Survivors: 160.0M->160.0M Heap: 13.4G(24.0G)->12.6G(24.0G)]
 [Times: user=0.82 sys=0.00, real=0.08 secs] 
2014-04-16T09:47:45.388+0900: 164.445: [GC pause (G1 Evacuation Pause) (mixed), 0.0784118 secs]
   [Parallel Time: 57.1 ms, GC Workers: 13]
      [GC Worker Start (ms): Min: 164445.6, Avg: 164446.0, Max: 164446.3, Diff: 0.7]
      [Ext Root Scanning (ms): Min: 0.5, Avg: 0.8, Max: 1.6, Diff: 1.1, Sum: 10.6]
      [Update RS (ms): Min: 1.0, Avg: 1.8, Max: 2.4, Diff: 1.4, Sum: 23.3]
         [Processed Buffers: Min: 0, Avg: 4.5, Max: 17, Diff: 17, Sum: 59]
      [Scan RS (ms): Min: 17.3, Avg: 18.1, Max: 19.5, Diff: 2.2, Sum: 235.1]
      [Code Root Scanning (ms): Min: 0.0, Avg: 0.0, Max: 0.0, Diff: 0.0, Sum: 0.0]
      [Object Copy (ms): Min: 33.3, Avg: 35.1, Max: 35.3, Diff: 1.9, Sum: 455.9]
      [Termination (ms): Min: 0.0, Avg: 0.0, Max: 0.0, Diff: 0.0, Sum: 0.0]
      [GC Worker Other (ms): Min: 0.0, Avg: 0.1, Max: 0.2, Diff: 0.2, Sum: 1.0]
      [GC Worker Total (ms): Min: 55.5, Avg: 55.8, Max: 56.2, Diff: 0.7, Sum: 725.9]
      [GC Worker End (ms): Min: 164501.7, Avg: 164501.8, Max: 164502.0, Diff: 0.2]
   [Code Root Fixup: 0.1 ms]
   [Code Root Migration: 0.0 ms]
   [Clear CT: 4.7 ms]
   [Other: 16.4 ms]
      [Choose CSet: 0.1 ms]
      [Ref Proc: 11.0 ms]
      [Ref Enq: 0.9 ms]
      [Free CSet: 1.3 ms]
   [Eden: 1056.0M(1056.0M)->0.0B(1120.0M) Survivors: 160.0M->96.0M Heap: 13.6G(24.0G)->12.4G(24.0G)]
 [Times: user=0.81 sys=0.00, real=0.08 secs] 
2014-04-16T09:47:46.236+0900: 165.293: [GC pause (G1 Evacuation Pause) (young), 0.0174021 secs]
   [Parallel Time: 3.1 ms, GC Workers: 13]
      [GC Worker Start (ms): Min: 165292.7, Avg: 165293.0, Max: 165293.2, Diff: 0.5]
      [Ext Root Scanning (ms): Min: 0.4, Avg: 0.7, Max: 0.9, Diff: 0.5, Sum: 8.6]
      [Update RS (ms): Min: 0.7, Avg: 1.1, Max: 1.5, Diff: 0.8, Sum: 14.8]
         [Processed Buffers: Min: 0, Avg: 3.4, Max: 19, Diff: 19, Sum: 44]
      [Scan RS (ms): Min: 0.0, Avg: 0.1, Max: 0.2, Diff: 0.2, Sum: 1.1]
      [Code Root Scanning (ms): Min: 0.0, Avg: 0.0, Max: 0.0, Diff: 0.0, Sum: 0.0]
      [Object Copy (ms): Min: 0.0, Avg: 0.3, Max: 0.4, Diff: 0.4, Sum: 4.2]
      [Termination (ms): Min: 0.0, Avg: 0.0, Max: 0.1, Diff: 0.1, Sum: 0.5]
      [GC Worker Other (ms): Min: 0.0, Avg: 0.0, Max: 0.0, Diff: 0.0, Sum: 0.2]
      [GC Worker Total (ms): Min: 2.1, Avg: 2.3, Max: 2.5, Diff: 0.5, Sum: 29.4]
      [GC Worker End (ms): Min: 165295.2, Avg: 165295.3, Max: 165295.3, Diff: 0.0]
   [Code Root Fixup: 0.1 ms]
   [Code Root Migration: 0.0 ms]
   [Clear CT: 1.0 ms]
   [Other: 13.1 ms]
      [Choose CSet: 0.0 ms]
      [Ref Proc: 11.6 ms]
      [Ref Enq: 1.0 ms]
      [Free CSet: 0.3 ms]
   [Eden: 1120.0M(1120.0M)->0.0B(1168.0M) Survivors: 96.0M->48.0M Heap: 13.5G(24.0G)->12.3G(24.0G)]
 [Times: user=0.06 sys=0.01, real=0.02 secs] 
2014-04-16T09:47:46.312+0900: 165.369: [GC pause (G1 Humongous Allocation) (young) (initial-mark), 0.0245451 secs]
   [Parallel Time: 8.7 ms, GC Workers: 13]
      [GC Worker Start (ms): Min: 165369.4, Avg: 165369.6, Max: 165369.8, Diff: 0.4]
      [Ext Root Scanning (ms): Min: 0.4, Avg: 0.8, Max: 3.1, Diff: 2.7, Sum: 9.8]
      [Code Root Marking (ms): Min: 0.0, Avg: 0.8, Max: 6.7, Diff: 6.6, Sum: 9.8]
      [Update RS (ms): Min: 0.0, Avg: 0.1, Max: 0.3, Diff: 0.3, Sum: 1.6]
         [Processed Buffers: Min: 0, Avg: 1.4, Max: 3, Diff: 3, Sum: 18]
      [Scan RS (ms): Min: 0.0, Avg: 0.0, Max: 0.0, Diff: 0.0, Sum: 0.1]
      [Code Root Scanning (ms): Min: 0.0, Avg: 0.0, Max: 0.0, Diff: 0.0, Sum: 0.0]
      [Object Copy (ms): Min: 0.4, Avg: 1.4, Max: 2.5, Diff: 2.2, Sum: 17.7]
      [Termination (ms): Min: 0.0, Avg: 4.7, Max: 5.4, Diff: 5.4, Sum: 60.9]
      [GC Worker Other (ms): Min: 0.0, Avg: 0.0, Max: 0.0, Diff: 0.0, Sum: 0.2]
      [GC Worker Total (ms): Min: 7.5, Avg: 7.7, Max: 7.9, Diff: 0.5, Sum: 100.0]
      [GC Worker End (ms): Min: 165377.3, Avg: 165377.3, Max: 165377.3, Diff: 0.0]
   [Code Root Fixup: 0.2 ms]
   [Code Root Migration: 0.0 ms]
   [Clear CT: 1.7 ms]
   [Other: 14.0 ms]
      [Choose CSet: 0.0 ms]
      [Ref Proc: 12.1 ms]
      [Ref Enq: 1.4 ms]
      [Free CSet: 0.0 ms]
   [Eden: 80.0M(1168.0M)->0.0B(1200.0M) Survivors: 48.0M->16.0M Heap: 12.4G(24.0G)->12.3G(24.0G)]
 [Times: user=0.12 sys=0.00, real=0.02 secs] 
2014-04-16T09:47:46.337+0900: 165.394: [GC concurrent-root-region-scan-start]
2014-04-16T09:47:46.345+0900: 165.402: [GC concurrent-root-region-scan-end, 0.0084091 secs]
2014-04-16T09:47:46.345+0900: 165.402: [GC concurrent-mark-start]
2014-04-16T09:47:47.291+0900: 166.348: [GC concurrent-mark-end, 0.9455731 secs]
2014-04-16T09:47:47.292+0900: 166.349: [GC remark 166.350: [GC ref-proc, 0.0080383 secs], 0.0251470 secs]
 [Times: user=0.17 sys=0.00, real=0.02 secs] 
2014-04-16T09:47:47.318+0900: 166.375: [GC cleanup 13G->12G(24G), 0.0236547 secs]
 [Times: user=0.29 sys=0.00, real=0.03 secs] 
2014-04-16T09:47:47.342+0900: 166.399: [GC concurrent-cleanup-start]
2014-04-16T09:47:47.343+0900: 166.400: [GC concurrent-cleanup-end, 0.0008265 secs]
2014-04-16T09:47:49.844+0900: 168.901: [GC pause (G1 Evacuation Pause) (young), 0.0641558 secs]
   [Parallel Time: 49.0 ms, GC Workers: 13]
      [GC Worker Start (ms): Min: 168901.1, Avg: 168901.4, Max: 168901.6, Diff: 0.5]
      [Ext Root Scanning (ms): Min: 0.4, Avg: 0.7, Max: 1.3, Diff: 0.8, Sum: 8.9]
      [Update RS (ms): Min: 0.8, Avg: 1.7, Max: 3.6, Diff: 2.8, Sum: 22.1]
         [Processed Buffers: Min: 0, Avg: 3.5, Max: 7, Diff: 7, Sum: 45]
      [Scan RS (ms): Min: 8.5, Avg: 10.3, Max: 10.7, Diff: 2.2, Sum: 134.1]
      [Code Root Scanning (ms): Min: 0.0, Avg: 0.0, Max: 0.0, Diff: 0.0, Sum: 0.0]
      [Object Copy (ms): Min: 34.8, Avg: 34.9, Max: 35.1, Diff: 0.2, Sum: 454.0]
      [Termination (ms): Min: 0.0, Avg: 0.0, Max: 0.0, Diff: 0.0, Sum: 0.2]
      [GC Worker Other (ms): Min: 0.0, Avg: 0.0, Max: 0.1, Diff: 0.0, Sum: 0.4]
      [GC Worker Total (ms): Min: 47.4, Avg: 47.7, Max: 47.9, Diff: 0.5, Sum: 619.7]
      [GC Worker End (ms): Min: 168949.0, Avg: 168949.1, Max: 168949.1, Diff: 0.0]
   [Code Root Fixup: 0.3 ms]
   [Code Root Migration: 0.0 ms]
   [Clear CT: 3.3 ms]
   [Other: 11.5 ms]
      [Choose CSet: 0.0 ms]
      [Ref Proc: 8.7 ms]
      [Ref Enq: 0.5 ms]
      [Free CSet: 0.5 ms]
   [Eden: 1200.0M(1200.0M)->0.0B(1056.0M) Survivors: 16.0M->160.0M Heap: 13.3G(24.0G)->12.3G(24.0G)]
 [Times: user=0.68 sys=0.00, real=0.06 secs] 
2014-04-16T09:47:52.150+0900: 171.207: [GC pause (G1 Evacuation Pause) (mixed), 0.1517163 secs]
   [Parallel Time: 124.2 ms, GC Workers: 13]
      [GC Worker Start (ms): Min: 171207.8, Avg: 171208.1, Max: 171208.4, Diff: 0.6]
      [Ext Root Scanning (ms): Min: 0.4, Avg: 0.7, Max: 1.7, Diff: 1.3, Sum: 9.2]
      [Update RS (ms): Min: 2.6, Avg: 3.7, Max: 4.4, Diff: 1.8, Sum: 47.7]
         [Processed Buffers: Min: 1, Avg: 4.2, Max: 18, Diff: 17, Sum: 55]
      [Scan RS (ms): Min: 39.4, Avg: 40.0, Max: 40.3, Diff: 0.9, Sum: 520.0]
      [Code Root Scanning (ms): Min: 0.0, Avg: 0.0, Max: 0.0, Diff: 0.0, Sum: 0.1]
      [Object Copy (ms): Min: 79.0, Avg: 79.1, Max: 79.1, Diff: 0.1, Sum: 1027.7]
      [Termination (ms): Min: 0.0, Avg: 0.0, Max: 0.0, Diff: 0.0, Sum: 0.0]
      [GC Worker Other (ms): Min: 0.0, Avg: 0.0, Max: 0.1, Diff: 0.1, Sum: 0.6]
      [GC Worker Total (ms): Min: 123.2, Avg: 123.5, Max: 123.8, Diff: 0.6, Sum: 1605.2]
      [GC Worker End (ms): Min: 171331.5, Avg: 171331.6, Max: 171331.6, Diff: 0.1]
   [Code Root Fixup: 0.1 ms]
   [Code Root Migration: 0.1 ms]
   [Clear CT: 5.1 ms]
   [Other: 22.2 ms]
      [Choose CSet: 0.5 ms]
      [Ref Proc: 13.5 ms]
      [Ref Enq: 1.2 ms]
      [Free CSet: 2.4 ms]
   [Eden: 1056.0M(1056.0M)->0.0B(1056.0M) Survivors: 160.0M->160.0M Heap: 13.6G(24.0G)->11.6G(24.0G)]
 [Times: user=1.70 sys=0.00, real=0.16 secs] 
2014-04-16T09:47:53.461+0900: 172.518: [GC pause (G1 Evacuation Pause) (mixed), 0.1457318 secs]
   [Parallel Time: 124.0 ms, GC Workers: 13]
      [GC Worker Start (ms): Min: 172519.0, Avg: 172519.2, Max: 172519.4, Diff: 0.4]
      [Ext Root Scanning (ms): Min: 0.5, Avg: 0.7, Max: 1.6, Diff: 1.1, Sum: 9.6]
      [Update RS (ms): Min: 0.4, Avg: 1.2, Max: 2.1, Diff: 1.6, Sum: 15.9]
         [Processed Buffers: Min: 1, Avg: 3.5, Max: 7, Diff: 6, Sum: 46]
      [Scan RS (ms): Min: 45.1, Avg: 45.7, Max: 45.9, Diff: 0.8, Sum: 594.0]
      [Code Root Scanning (ms): Min: 0.0, Avg: 0.0, Max: 0.1, Diff: 0.1, Sum: 0.2]
      [Object Copy (ms): Min: 74.9, Avg: 75.2, Max: 75.4, Diff: 0.4, Sum: 977.4]
      [Termination (ms): Min: 0.0, Avg: 0.0, Max: 0.0, Diff: 0.0, Sum: 0.0]
      [GC Worker Other (ms): Min: 0.0, Avg: 0.0, Max: 0.1, Diff: 0.1, Sum: 0.5]
      [GC Worker Total (ms): Min: 122.7, Avg: 122.9, Max: 123.1, Diff: 0.4, Sum: 1597.6]
      [GC Worker End (ms): Min: 172642.1, Avg: 172642.1, Max: 172642.2, Diff: 0.1]
   [Code Root Fixup: 0.3 ms]
   [Code Root Migration: 0.2 ms]
   [Clear CT: 4.8 ms]
   [Other: 16.5 ms]
      [Choose CSet: 0.6 ms]
      [Ref Proc: 8.6 ms]
      [Ref Enq: 0.3 ms]
      [Free CSet: 2.3 ms]
   [Eden: 1056.0M(1056.0M)->0.0B(1088.0M) Survivors: 160.0M->128.0M Heap: 12.8G(24.0G)->10.8G(24.0G)]
 [Times: user=1.75 sys=0.00, real=0.15 secs] 
2014-04-16T09:47:55.807+0900: 174.864: [GC pause (G1 Evacuation Pause) (mixed), 0.1756167 secs]
   [Parallel Time: 151.0 ms, GC Workers: 13]
      [GC Worker Start (ms): Min: 174864.9, Avg: 174865.1, Max: 174865.4, Diff: 0.5]
      [Ext Root Scanning (ms): Min: 0.4, Avg: 0.8, Max: 1.7, Diff: 1.3, Sum: 9.8]
      [Update RS (ms): Min: 1.2, Avg: 2.6, Max: 3.7, Diff: 2.5, Sum: 33.4]
         [Processed Buffers: Min: 1, Avg: 3.6, Max: 11, Diff: 10, Sum: 47]
      [Scan RS (ms): Min: 48.3, Avg: 49.3, Max: 49.9, Diff: 1.6, Sum: 640.7]
      [Code Root Scanning (ms): Min: 0.0, Avg: 0.0, Max: 0.1, Diff: 0.1, Sum: 0.2]
      [Object Copy (ms): Min: 97.0, Avg: 97.2, Max: 97.4, Diff: 0.4, Sum: 1264.1]
      [Termination (ms): Min: 0.0, Avg: 0.0, Max: 0.0, Diff: 0.0, Sum: 0.0]
      [GC Worker Other (ms): Min: 0.0, Avg: 0.1, Max: 0.2, Diff: 0.1, Sum: 0.7]
      [GC Worker Total (ms): Min: 149.7, Avg: 149.9, Max: 150.2, Diff: 0.5, Sum: 1948.9]
      [GC Worker End (ms): Min: 175015.0, Avg: 175015.0, Max: 175015.2, Diff: 0.1]
   [Code Root Fixup: 0.3 ms]
   [Code Root Migration: 0.3 ms]
   [Clear CT: 5.1 ms]
   [Other: 18.9 ms]
      [Choose CSet: 0.8 ms]
      [Ref Proc: 9.7 ms]
      [Ref Enq: 0.9 ms]
      [Free CSet: 2.5 ms]
   [Eden: 1088.0M(1088.0M)->0.0B(1056.0M) Survivors: 128.0M->160.0M Heap: 12.4G(24.0G)->10.7G(24.0G)]
 [Times: user=2.04 sys=0.00, real=0.18 secs] 
2014-04-16T09:47:57.749+0900: 176.806: [GC pause (G1 Evacuation Pause) (mixed), 0.1882965 secs]
   [Parallel Time: 167.2 ms, GC Workers: 13]
      [GC Worker Start (ms): Min: 176807.6, Avg: 176807.8, Max: 176808.0, Diff: 0.4]
      [Ext Root Scanning (ms): Min: 0.6, Avg: 0.8, Max: 1.2, Diff: 0.7, Sum: 9.8]
      [Update RS (ms): Min: 0.5, Avg: 1.2, Max: 2.1, Diff: 1.6, Sum: 15.8]
         [Processed Buffers: Min: 0, Avg: 3.5, Max: 10, Diff: 10, Sum: 46]
      [Scan RS (ms): Min: 54.4, Avg: 55.0, Max: 55.5, Diff: 1.1, Sum: 715.4]
      [Code Root Scanning (ms): Min: 0.0, Avg: 0.0, Max: 0.1, Diff: 0.1, Sum: 0.2]
      [Object Copy (ms): Min: 109.1, Avg: 109.3, Max: 109.6, Diff: 0.5, Sum: 1421.1]
      [Termination (ms): Min: 0.0, Avg: 0.0, Max: 0.0, Diff: 0.0, Sum: 0.0]
      [GC Worker Other (ms): Min: 0.0, Avg: 0.0, Max: 0.1, Diff: 0.1, Sum: 0.6]
      [GC Worker Total (ms): Min: 166.2, Avg: 166.4, Max: 166.6, Diff: 0.5, Sum: 2162.9]
      [GC Worker End (ms): Min: 176974.1, Avg: 176974.2, Max: 176974.2, Diff: 0.1]
   [Code Root Fixup: 0.3 ms]
   [Code Root Migration: 0.2 ms]
   [Clear CT: 4.7 ms]
   [Other: 15.8 ms]
      [Choose CSet: 0.9 ms]
      [Ref Proc: 5.9 ms]
      [Ref Enq: 0.3 ms]
      [Free CSet: 2.5 ms]
   [Eden: 1056.0M(1056.0M)->0.0B(1056.0M) Survivors: 160.0M->160.0M Heap: 12.2G(24.0G)->10.5G(24.0G)]
 [Times: user=2.25 sys=0.00, real=0.19 secs] 
2014-04-16T09:47:59.362+0900: 178.419: [GC pause (G1 Evacuation Pause) (mixed), 0.1772286 secs]
   [Parallel Time: 151.0 ms, GC Workers: 13]
      [GC Worker Start (ms): Min: 178419.9, Avg: 178420.1, Max: 178420.4, Diff: 0.5]
      [Ext Root Scanning (ms): Min: 0.4, Avg: 0.8, Max: 1.6, Diff: 1.2, Sum: 9.8]
      [Update RS (ms): Min: 0.0, Avg: 1.0, Max: 1.8, Diff: 1.8, Sum: 12.5]
         [Processed Buffers: Min: 0, Avg: 3.5, Max: 6, Diff: 6, Sum: 45]
      [Scan RS (ms): Min: 48.5, Avg: 49.1, Max: 49.6, Diff: 1.1, Sum: 638.9]
      [Code Root Scanning (ms): Min: 0.0, Avg: 0.0, Max: 0.1, Diff: 0.1, Sum: 0.2]
      [Object Copy (ms): Min: 98.8, Avg: 99.1, Max: 99.5, Diff: 0.7, Sum: 1288.5]
      [Termination (ms): Min: 0.0, Avg: 0.0, Max: 0.0, Diff: 0.0, Sum: 0.0]
      [GC Worker Other (ms): Min: 0.0, Avg: 0.1, Max: 0.2, Diff: 0.2, Sum: 0.8]
      [GC Worker Total (ms): Min: 149.8, Avg: 150.1, Max: 150.3, Diff: 0.6, Sum: 1950.8]
      [GC Worker End (ms): Min: 178570.1, Avg: 178570.2, Max: 178570.3, Diff: 0.2]
   [Code Root Fixup: 0.4 ms]
   [Code Root Migration: 0.3 ms]
   [Clear CT: 5.2 ms]
   [Other: 20.3 ms]
      [Choose CSet: 0.7 ms]
      [Ref Proc: 11.0 ms]
      [Ref Enq: 0.9 ms]
      [Free CSet: 2.3 ms]
   [Eden: 1056.0M(1056.0M)->0.0B(1056.0M) Survivors: 160.0M->160.0M Heap: 12.0G(24.0G)->10.7G(24.0G)]
 [Times: user=2.03 sys=0.01, real=0.17 secs] 
2014-04-16T09:47:59.678+0900: 178.735: [GC pause (G1 Humongous Allocation) (young) (initial-mark), 0.0512007 secs]
   [Parallel Time: 39.6 ms, GC Workers: 13]
      [GC Worker Start (ms): Min: 178735.3, Avg: 178735.6, Max: 178735.7, Diff: 0.5]
      [Ext Root Scanning (ms): Min: 0.4, Avg: 0.7, Max: 3.2, Diff: 2.8, Sum: 9.4]
      [Code Root Marking (ms): Min: 0.0, Avg: 0.7, Max: 4.8, Diff: 4.8, Sum: 8.7]
      [Update RS (ms): Min: 1.9, Avg: 4.3, Max: 5.4, Diff: 3.5, Sum: 55.7]
         [Processed Buffers: Min: 1, Avg: 3.7, Max: 9, Diff: 8, Sum: 48]
      [Scan RS (ms): Min: 4.6, Avg: 6.0, Max: 6.5, Diff: 1.9, Sum: 78.4]
      [Code Root Scanning (ms): Min: 0.0, Avg: 0.0, Max: 0.0, Diff: 0.0, Sum: 0.0]
      [Object Copy (ms): Min: 26.3, Avg: 26.6, Max: 27.7, Diff: 1.4, Sum: 345.9]
      [Termination (ms): Min: 0.0, Avg: 0.0, Max: 0.0, Diff: 0.0, Sum: 0.2]
      [GC Worker Other (ms): Min: 0.0, Avg: 0.0, Max: 0.0, Diff: 0.0, Sum: 0.4]
      [GC Worker Total (ms): Min: 38.2, Avg: 38.4, Max: 38.6, Diff: 0.5, Sum: 498.6]
      [GC Worker End (ms): Min: 178773.9, Avg: 178773.9, Max: 178773.9, Diff: 0.0]
   [Code Root Fixup: 0.2 ms]
   [Code Root Migration: 0.0 ms]
   [Clear CT: 1.8 ms]
   [Other: 9.6 ms]
      [Choose CSet: 0.0 ms]
      [Ref Proc: 7.5 ms]
      [Ref Enq: 0.2 ms]
      [Free CSet: 0.2 ms]
   [Eden: 96.0M(1056.0M)->0.0B(1104.0M) Survivors: 160.0M->112.0M Heap: 10.8G(24.0G)->10.8G(24.0G)]
 [Times: user=0.55 sys=0.00, real=0.05 secs] 
2014-04-16T09:47:59.729+0900: 178.786: [GC concurrent-root-region-scan-start]
2014-04-16T09:47:59.739+0900: 178.796: [GC concurrent-root-region-scan-end, 0.0092678 secs]
2014-04-16T09:47:59.739+0900: 178.796: [GC concurrent-mark-start]
2014-04-16T09:48:01.014+0900: 180.071: [GC concurrent-mark-end, 1.2752793 secs]
2014-04-16T09:48:01.015+0900: 180.072: [GC remark 180.072: [GC ref-proc, 0.0095083 secs], 0.0276140 secs]
 [Times: user=0.19 sys=0.00, real=0.03 secs] 
2014-04-16T09:48:01.044+0900: 180.101: [GC cleanup 11G->9808M(24G), 0.0181778 secs]
 [Times: user=0.21 sys=0.00, real=0.01 secs] 
2014-04-16T09:48:01.062+0900: 180.119: [GC concurrent-cleanup-start]
2014-04-16T09:48:01.064+0900: 180.121: [GC concurrent-cleanup-end, 0.0017692 secs]
2014-04-16T09:48:01.918+0900: 180.975: [GC pause (G1 Evacuation Pause) (young), 0.0651566 secs]
   [Parallel Time: 48.3 ms, GC Workers: 13]
      [GC Worker Start (ms): Min: 180975.3, Avg: 180975.6, Max: 180975.8, Diff: 0.4]
      [Ext Root Scanning (ms): Min: 0.5, Avg: 0.7, Max: 1.4, Diff: 0.9, Sum: 9.6]
      [Update RS (ms): Min: 0.6, Avg: 1.3, Max: 1.8, Diff: 1.2, Sum: 16.9]
         [Processed Buffers: Min: 1, Avg: 4.1, Max: 7, Diff: 6, Sum: 53]
      [Scan RS (ms): Min: 7.8, Avg: 8.2, Max: 8.3, Diff: 0.5, Sum: 106.2]
      [Code Root Scanning (ms): Min: 0.0, Avg: 0.0, Max: 0.0, Diff: 0.0, Sum: 0.0]
      [Object Copy (ms): Min: 36.8, Avg: 37.0, Max: 37.0, Diff: 0.2, Sum: 480.7]
      [Termination (ms): Min: 0.0, Avg: 0.0, Max: 0.0, Diff: 0.0, Sum: 0.0]
      [GC Worker Other (ms): Min: 0.0, Avg: 0.0, Max: 0.1, Diff: 0.0, Sum: 0.4]
      [GC Worker Total (ms): Min: 47.0, Avg: 47.2, Max: 47.4, Diff: 0.4, Sum: 613.9]
      [GC Worker End (ms): Min: 181022.8, Avg: 181022.8, Max: 181022.8, Diff: 0.0]
   [Code Root Fixup: 0.3 ms]
   [Code Root Migration: 0.0 ms]
   [Clear CT: 2.5 ms]
   [Other: 14.1 ms]
      [Choose CSet: 0.0 ms]
      [Ref Proc: 10.8 ms]
      [Ref Enq: 1.1 ms]
      [Free CSet: 0.6 ms]
   [Eden: 1104.0M(1104.0M)->0.0B(1056.0M) Survivors: 112.0M->160.0M Heap: 10.1G(24.0G)->9465.3M(24.0G)]
 [Times: user=0.67 sys=0.00, real=0.07 secs] 
2014-04-16T09:48:03.758+0900: 182.815: [GC pause (G1 Evacuation Pause) (mixed), 0.1387230 secs]
   [Parallel Time: 116.6 ms, GC Workers: 13]
      [GC Worker Start (ms): Min: 182815.6, Avg: 182815.9, Max: 182816.1, Diff: 0.5]
      [Ext Root Scanning (ms): Min: 0.5, Avg: 0.8, Max: 1.5, Diff: 1.0, Sum: 9.8]
      [Update RS (ms): Min: 2.2, Avg: 3.2, Max: 3.4, Diff: 1.1, Sum: 41.1]
         [Processed Buffers: Min: 5, Avg: 10.1, Max: 14, Diff: 9, Sum: 131]
      [Scan RS (ms): Min: 27.9, Avg: 28.1, Max: 28.5, Diff: 0.7, Sum: 365.4]
      [Code Root Scanning (ms): Min: 0.0, Avg: 0.0, Max: 0.0, Diff: 0.0, Sum: 0.0]
      [Object Copy (ms): Min: 82.6, Avg: 83.0, Max: 83.1, Diff: 0.5, Sum: 1079.0]
      [Termination (ms): Min: 0.0, Avg: 0.0, Max: 0.0, Diff: 0.0, Sum: 0.0]
      [GC Worker Other (ms): Min: 0.0, Avg: 0.0, Max: 0.1, Diff: 0.1, Sum: 0.5]
      [GC Worker Total (ms): Min: 114.8, Avg: 115.1, Max: 115.4, Diff: 0.5, Sum: 1495.8]
      [GC Worker End (ms): Min: 182930.9, Avg: 182930.9, Max: 182931.0, Diff: 0.1]
   [Code Root Fixup: 0.3 ms]
   [Code Root Migration: 0.0 ms]
   [Clear CT: 4.7 ms]
   [Other: 17.1 ms]
      [Choose CSet: 0.2 ms]
      [Ref Proc: 10.8 ms]
      [Ref Enq: 0.7 ms]
      [Free CSet: 1.2 ms]
   [Eden: 1056.0M(1056.0M)->0.0B(1056.0M) Survivors: 160.0M->160.0M Heap: 10.7G(24.0G)->9887.0M(24.0G)]
 [Times: user=1.58 sys=0.01, real=0.14 secs] 
2014-04-16T09:48:03.976+0900: 183.033: [GC pause (G1 Humongous Allocation) (young) (initial-mark), 0.0457880 secs]
   [Parallel Time: 36.2 ms, GC Workers: 13]
      [GC Worker Start (ms): Min: 183032.9, Avg: 183033.0, Max: 183033.2, Diff: 0.3]
      [Ext Root Scanning (ms): Min: 0.4, Avg: 0.7, Max: 1.9, Diff: 1.4, Sum: 8.5]
      [Code Root Marking (ms): Min: 0.0, Avg: 0.8, Max: 7.2, Diff: 7.2, Sum: 10.7]
      [Update RS (ms): Min: 0.0, Avg: 4.6, Max: 6.1, Diff: 6.1, Sum: 59.8]
         [Processed Buffers: Min: 0, Avg: 2.8, Max: 9, Diff: 9, Sum: 37]
      [Scan RS (ms): Min: 4.8, Avg: 6.4, Max: 7.2, Diff: 2.4, Sum: 83.7]
      [Code Root Scanning (ms): Min: 0.0, Avg: 0.0, Max: 0.0, Diff: 0.0, Sum: 0.0]
      [Object Copy (ms): Min: 22.7, Avg: 22.9, Max: 23.9, Diff: 1.2, Sum: 297.7]
      [Termination (ms): Min: 0.0, Avg: 0.0, Max: 0.0, Diff: 0.0, Sum: 0.0]
      [GC Worker Other (ms): Min: 0.0, Avg: 0.0, Max: 0.0, Diff: 0.0, Sum: 0.3]
      [GC Worker Total (ms): Min: 35.3, Avg: 35.4, Max: 35.6, Diff: 0.3, Sum: 460.8]
      [GC Worker End (ms): Min: 183068.5, Avg: 183068.5, Max: 183068.5, Diff: 0.0]
   [Code Root Fixup: 0.2 ms]
   [Code Root Migration: 0.0 ms]
   [Clear CT: 1.8 ms]
   [Other: 7.5 ms]
      [Choose CSet: 0.0 ms]
      [Ref Proc: 5.4 ms]
      [Ref Enq: 0.2 ms]
      [Free CSet: 0.2 ms]
   [Eden: 32.0M(1056.0M)->0.0B(1104.0M) Survivors: 160.0M->112.0M Heap: 9916.1M(24.0G)->10063.0M(24.0G)]
 [Times: user=0.50 sys=0.00, real=0.04 secs] 
2014-04-16T09:48:04.022+0900: 183.079: [GC concurrent-root-region-scan-start]
2014-04-16T09:48:04.025+0900: 183.082: [GC concurrent-root-region-scan-end, 0.0032681 secs]
2014-04-16T09:48:04.025+0900: 183.082: [GC concurrent-mark-start]
2014-04-16T09:48:05.188+0900: 184.245: [GC concurrent-mark-end, 1.1628046 secs]
2014-04-16T09:48:05.189+0900: 184.246: [GC remark 184.247: [GC ref-proc, 0.0102173 secs], 0.0298606 secs]
 [Times: user=0.21 sys=0.00, real=0.03 secs] 
2014-04-16T09:48:05.220+0900: 184.277: [GC cleanup 10G->9469M(24G), 0.0175474 secs]
 [Times: user=0.19 sys=0.00, real=0.02 secs] 
2014-04-16T09:48:05.238+0900: 184.295: [GC concurrent-cleanup-start]
2014-04-16T09:48:05.239+0900: 184.296: [GC concurrent-cleanup-end, 0.0008586 secs]
2014-04-16T09:48:08.162+0900: 187.219: [GC pause (G1 Evacuation Pause) (young), 0.0671596 secs]
   [Parallel Time: 48.7 ms, GC Workers: 13]
      [GC Worker Start (ms): Min: 187219.5, Avg: 187219.8, Max: 187220.1, Diff: 0.6]
      [Ext Root Scanning (ms): Min: 0.4, Avg: 0.7, Max: 1.2, Diff: 0.8, Sum: 8.8]
      [Update RS (ms): Min: 1.1, Avg: 1.4, Max: 1.7, Diff: 0.6, Sum: 18.5]
         [Processed Buffers: Min: 1, Avg: 4.5, Max: 9, Diff: 8, Sum: 59]
      [Scan RS (ms): Min: 6.6, Avg: 6.9, Max: 7.1, Diff: 0.5, Sum: 89.5]
      [Code Root Scanning (ms): Min: 0.0, Avg: 0.0, Max: 0.0, Diff: 0.0, Sum: 0.0]
      [Object Copy (ms): Min: 38.0, Avg: 38.1, Max: 38.3, Diff: 0.4, Sum: 494.9]
      [Termination (ms): Min: 0.0, Avg: 0.0, Max: 0.0, Diff: 0.0, Sum: 0.0]
      [GC Worker Other (ms): Min: 0.0, Avg: 0.1, Max: 0.2, Diff: 0.2, Sum: 0.7]
      [GC Worker Total (ms): Min: 46.8, Avg: 47.1, Max: 47.5, Diff: 0.7, Sum: 612.5]
      [GC Worker End (ms): Min: 187266.9, Avg: 187266.9, Max: 187267.0, Diff: 0.2]
   [Code Root Fixup: 0.3 ms]
   [Code Root Migration: 0.0 ms]
   [Clear CT: 2.1 ms]
   [Other: 16.1 ms]
      [Choose CSet: 0.0 ms]
      [Ref Proc: 12.7 ms]
      [Ref Enq: 1.4 ms]
      [Free CSet: 0.5 ms]
   [Eden: 1104.0M(1104.0M)->0.0B(1056.0M) Survivors: 112.0M->160.0M Heap: 10.4G(24.0G)->9797.6M(24.0G)]
 [Times: user=0.67 sys=0.01, real=0.07 secs] 
2014-04-16T09:48:09.968+0900: 189.025: [GC pause (G1 Evacuation Pause) (mixed), 0.1177985 secs]
   [Parallel Time: 96.5 ms, GC Workers: 13]
      [GC Worker Start (ms): Min: 189025.1, Avg: 189025.4, Max: 189025.6, Diff: 0.5]
      [Ext Root Scanning (ms): Min: 0.5, Avg: 0.7, Max: 1.7, Diff: 1.2, Sum: 9.2]
      [Update RS (ms): Min: 1.0, Avg: 1.6, Max: 2.7, Diff: 1.7, Sum: 20.9]
         [Processed Buffers: Min: 1, Avg: 4.7, Max: 12, Diff: 11, Sum: 61]
      [Scan RS (ms): Min: 16.8, Avg: 17.8, Max: 18.1, Diff: 1.4, Sum: 231.3]
      [Code Root Scanning (ms): Min: 0.0, Avg: 0.0, Max: 0.0, Diff: 0.0, Sum: 0.0]
      [Object Copy (ms): Min: 74.9, Avg: 75.2, Max: 75.4, Diff: 0.5, Sum: 977.5]
      [Termination (ms): Min: 0.0, Avg: 0.0, Max: 0.0, Diff: 0.0, Sum: 0.0]
      [GC Worker Other (ms): Min: 0.0, Avg: 0.0, Max: 0.1, Diff: 0.1, Sum: 0.6]
      [GC Worker Total (ms): Min: 95.1, Avg: 95.3, Max: 95.6, Diff: 0.5, Sum: 1239.5]
      [GC Worker End (ms): Min: 189120.7, Avg: 189120.7, Max: 189120.8, Diff: 0.1]
   [Code Root Fixup: 0.3 ms]
   [Code Root Migration: 0.0 ms]
   [Clear CT: 4.9 ms]
   [Other: 16.1 ms]
      [Choose CSet: 0.1 ms]
      [Ref Proc: 10.8 ms]
      [Ref Enq: 1.1 ms]
      [Free CSet: 1.1 ms]
   [Eden: 1056.0M(1056.0M)->0.0B(1056.0M) Survivors: 160.0M->160.0M Heap: 11.1G(24.0G)->10.1G(24.0G)]
 [Times: user=1.31 sys=0.02, real=0.12 secs] 
2014-04-16T09:48:10.138+0900: 189.195: [GC pause (G1 Humongous Allocation) (young) (initial-mark), 0.0459942 secs]
   [Parallel Time: 37.4 ms, GC Workers: 13]
      [GC Worker Start (ms): Min: 189195.6, Avg: 189195.8, Max: 189195.9, Diff: 0.3]
      [Ext Root Scanning (ms): Min: 0.5, Avg: 0.8, Max: 3.0, Diff: 2.6, Sum: 10.1]
      [Code Root Marking (ms): Min: 0.0, Avg: 0.7, Max: 4.9, Diff: 4.8, Sum: 8.7]
      [Update RS (ms): Min: 2.0, Avg: 5.6, Max: 7.3, Diff: 5.3, Sum: 73.3]
         [Processed Buffers: Min: 2, Avg: 4.5, Max: 14, Diff: 12, Sum: 59]
      [Scan RS (ms): Min: 5.2, Avg: 6.0, Max: 6.4, Diff: 1.2, Sum: 77.4]
      [Code Root Scanning (ms): Min: 0.0, Avg: 0.0, Max: 0.0, Diff: 0.0, Sum: 0.0]
      [Object Copy (ms): Min: 23.5, Avg: 23.8, Max: 24.6, Diff: 1.0, Sum: 309.8]
      [Termination (ms): Min: 0.0, Avg: 0.0, Max: 0.0, Diff: 0.0, Sum: 0.0]
      [GC Worker Other (ms): Min: 0.0, Avg: 0.0, Max: 0.0, Diff: 0.0, Sum: 0.4]
      [GC Worker Total (ms): Min: 36.8, Avg: 36.9, Max: 37.1, Diff: 0.3, Sum: 479.7]
      [GC Worker End (ms): Min: 189232.6, Avg: 189232.7, Max: 189232.7, Diff: 0.0]
   [Code Root Fixup: 0.3 ms]
   [Code Root Migration: 0.0 ms]
   [Clear CT: 1.7 ms]
   [Other: 6.7 ms]
      [Choose CSet: 0.0 ms]
      [Ref Proc: 4.8 ms]
      [Ref Enq: 0.2 ms]
      [Free CSet: 0.2 ms]
   [Eden: 32.0M(1056.0M)->0.0B(1120.0M) Survivors: 160.0M->96.0M Heap: 10.2G(24.0G)->10.3G(24.0G)]
 [Times: user=0.51 sys=0.00, real=0.05 secs] 
2014-04-16T09:48:10.184+0900: 189.241: [GC concurrent-root-region-scan-start]
2014-04-16T09:48:10.186+0900: 189.243: [GC concurrent-root-region-scan-end, 0.0016453 secs]
2014-04-16T09:48:10.186+0900: 189.243: [GC concurrent-mark-start]
2014-04-16T09:48:11.468+0900: 190.525: [GC concurrent-mark-end, 1.2822551 secs]
2014-04-16T09:48:11.470+0900: 190.527: [GC remark 190.527: [GC ref-proc, 0.0090716 secs], 0.0331982 secs]
 [Times: user=0.30 sys=0.00, real=0.03 secs] 
2014-04-16T09:48:11.504+0900: 190.561: [GC cleanup 10G->9700M(24G), 0.0203539 secs]
 [Times: user=0.23 sys=0.00, real=0.02 secs] 
2014-04-16T09:48:11.525+0900: 190.581: [GC concurrent-cleanup-start]
2014-04-16T09:48:11.525+0900: 190.582: [GC concurrent-cleanup-end, 0.0008402 secs]
2014-04-16T09:48:14.988+0900: 194.045: [GC pause (G1 Evacuation Pause) (young), 0.0562417 secs]
   [Parallel Time: 37.1 ms, GC Workers: 13]
      [GC Worker Start (ms): Min: 194045.3, Avg: 194045.6, Max: 194045.8, Diff: 0.5]
      [Ext Root Scanning (ms): Min: 0.4, Avg: 0.6, Max: 0.9, Diff: 0.5, Sum: 7.9]
      [Update RS (ms): Min: 2.4, Avg: 2.8, Max: 3.3, Diff: 0.8, Sum: 36.0]
         [Processed Buffers: Min: 2, Avg: 4.9, Max: 13, Diff: 11, Sum: 64]
      [Scan RS (ms): Min: 4.5, Avg: 5.0, Max: 5.5, Diff: 1.0, Sum: 65.3]
      [Code Root Scanning (ms): Min: 0.0, Avg: 0.0, Max: 0.0, Diff: 0.0, Sum: 0.0]
      [Object Copy (ms): Min: 26.8, Avg: 27.0, Max: 27.1, Diff: 0.4, Sum: 350.9]
      [Termination (ms): Min: 0.0, Avg: 0.0, Max: 0.0, Diff: 0.0, Sum: 0.0]
      [GC Worker Other (ms): Min: 0.0, Avg: 0.0, Max: 0.1, Diff: 0.1, Sum: 0.5]
      [GC Worker Total (ms): Min: 35.2, Avg: 35.4, Max: 35.8, Diff: 0.5, Sum: 460.8]
      [GC Worker End (ms): Min: 194081.0, Avg: 194081.0, Max: 194081.1, Diff: 0.1]
   [Code Root Fixup: 0.1 ms]
   [Code Root Migration: 0.0 ms]
   [Clear CT: 2.5 ms]
   [Other: 16.4 ms]
      [Choose CSet: 0.0 ms]
      [Ref Proc: 13.9 ms]
      [Ref Enq: 0.9 ms]
      [Free CSet: 0.4 ms]
   [Eden: 1120.0M(1120.0M)->0.0B(1056.0M) Survivors: 96.0M->160.0M Heap: 10.7G(24.0G)->9971.9M(24.0G)]
 [Times: user=0.51 sys=0.00, real=0.05 secs] 
Heap
 garbage-first heap   total 25165824K, used 10801049K [0x00000001c0000000, 0x00000007c0000000, 0x00000007c0000000)
  region size 16384K, 47 young (770048K), 10 survivors (163840K)
 Metaspace       used 38530K, capacity 39622K, committed 39680K, reserved 1083392K
  class space    used 5866K, capacity 6102K, committed 6144K, reserved 1048576K
