Java HotSpot(TM) 64-Bit Server VM (25.5-b02) for linux-amd64 JRE (1.8.0_05-b13), built on Mar 18 2014 00:29:27 by "java_re" with gcc 4.3.0 20080428 (Red Hat 4.3.0-8)
Memory: 4k page, physical 32865776k(29613492k free), swap 2047992k(2047992k free)
CommandLine flags: -XX:G1HeapRegionSize=8388608 -XX:InitialHeapSize=25769803776 -XX:InitiatingHeapOccupancyPercent=30 -XX:MaxGCPauseMillis=50 -XX:MaxHeapSize=25769803776 -XX:+ParallelRefProcEnabled -XX:+PrintGC -XX:+PrintGCDateStamps -XX:+PrintGCDetails -XX:+PrintGCTimeStamps -XX:ThreadStackSize=2048 -XX:+UseCompressedClassPointers -XX:+UseCompressedOops -XX:+UseG1GC 
2014-04-16T09:41:45.132+0900: 2.002: [Full GC (Metadata GC Threshold)  20M->7372K(24G), 0.2911433 secs]
   [Eden: 24.0M(1224.0M)->0.0B(1224.0M) Survivors: 0.0B->0.0B Heap: 20.6M(24.0G)->7372.8K(24.0G)], [Metaspace: 21255K->21255K(1067008K)]
 [Times: user=0.35 sys=0.08, real=0.29 secs] 
2014-04-16T09:41:51.054+0900: 7.925: [Full GC (Metadata GC Threshold)  109M->17M(24G), 0.3383589 secs]
   [Eden: 104.0M(1224.0M)->0.0B(1224.0M) Survivors: 0.0B->0.0B Heap: 109.2M(24.0G)->17.3M(24.0G)], [Metaspace: 35007K->35003K(1079296K)]
 [Times: user=0.35 sys=0.00, real=0.34 secs] 
2014-04-16T09:41:56.229+0900: 13.099: [GC pause (G1 Evacuation Pause) (young), 0.2468886 secs]
   [Parallel Time: 226.8 ms, GC Workers: 13]
      [GC Worker Start (ms): Min: 13099.4, Avg: 13099.5, Max: 13099.6, Diff: 0.2]
      [Ext Root Scanning (ms): Min: 1.6, Avg: 4.0, Max: 11.2, Diff: 9.6, Sum: 52.0]
      [Update RS (ms): Min: 0.0, Avg: 1.3, Max: 10.2, Diff: 10.2, Sum: 17.1]
         [Processed Buffers: Min: 0, Avg: 5.2, Max: 34, Diff: 34, Sum: 68]
      [Scan RS (ms): Min: 0.0, Avg: 0.1, Max: 0.3, Diff: 0.2, Sum: 1.1]
      [Code Root Scanning (ms): Min: 0.0, Avg: 0.1, Max: 0.6, Diff: 0.6, Sum: 1.4]
      [Object Copy (ms): Min: 197.3, Avg: 206.9, Max: 215.3, Diff: 18.0, Sum: 2690.1]
      [Termination (ms): Min: 7.8, Avg: 14.1, Max: 26.3, Diff: 18.5, Sum: 182.7]
      [GC Worker Other (ms): Min: 0.0, Avg: 0.0, Max: 0.1, Diff: 0.1, Sum: 0.4]
      [GC Worker Total (ms): Min: 226.4, Avg: 226.5, Max: 226.6, Diff: 0.2, Sum: 2944.9]
      [GC Worker End (ms): Min: 13326.0, Avg: 13326.0, Max: 13326.1, Diff: 0.0]
   [Code Root Fixup: 1.3 ms]
   [Code Root Migration: 4.4 ms]
   [Clear CT: 0.5 ms]
   [Other: 14.0 ms]
      [Choose CSet: 0.0 ms]
      [Ref Proc: 11.9 ms]
      [Ref Enq: 0.9 ms]
      [Free CSet: 0.3 ms]
   [Eden: 1224.0M(1224.0M)->0.0B(1064.0M) Survivors: 0.0B->160.0M Heap: 1241.3M(24.0G)->275.2M(24.0G)]
 [Times: user=1.86 sys=1.15, real=0.24 secs] 
2014-04-16T09:41:58.036+0900: 14.906: [GC pause (G1 Evacuation Pause) (young), 0.1849820 secs]
   [Parallel Time: 170.7 ms, GC Workers: 13]
      [GC Worker Start (ms): Min: 14906.0, Avg: 14906.1, Max: 14906.2, Diff: 0.2]
      [Ext Root Scanning (ms): Min: 1.9, Avg: 7.1, Max: 10.8, Diff: 9.0, Sum: 92.2]
      [Update RS (ms): Min: 0.0, Avg: 0.1, Max: 0.4, Diff: 0.4, Sum: 0.9]
         [Processed Buffers: Min: 0, Avg: 2.2, Max: 15, Diff: 15, Sum: 29]
      [Scan RS (ms): Min: 1.4, Avg: 10.0, Max: 19.4, Diff: 18.0, Sum: 130.3]
      [Code Root Scanning (ms): Min: 0.0, Avg: 0.1, Max: 1.7, Diff: 1.7, Sum: 1.7]
      [Object Copy (ms): Min: 145.5, Avg: 152.9, Max: 158.2, Diff: 12.7, Sum: 1987.3]
      [Termination (ms): Min: 0.0, Avg: 0.1, Max: 0.2, Diff: 0.2, Sum: 1.9]
      [GC Worker Other (ms): Min: 0.0, Avg: 0.0, Max: 0.1, Diff: 0.1, Sum: 0.5]
      [GC Worker Total (ms): Min: 170.3, Avg: 170.4, Max: 170.5, Diff: 0.2, Sum: 2214.9]
      [GC Worker End (ms): Min: 15076.5, Avg: 15076.5, Max: 15076.5, Diff: 0.1]
   [Code Root Fixup: 1.5 ms]
   [Code Root Migration: 3.2 ms]
   [Clear CT: 0.4 ms]
   [Other: 9.2 ms]
      [Choose CSet: 0.0 ms]
      [Ref Proc: 7.0 ms]
      [Ref Enq: 0.4 ms]
      [Free CSet: 0.4 ms]
   [Eden: 1064.0M(1064.0M)->0.0B(1064.0M) Survivors: 160.0M->160.0M Heap: 1339.2M(24.0G)->477.3M(24.0G)]
 [Times: user=2.15 sys=0.37, real=0.19 secs] 
2014-04-16T09:41:59.421+0900: 16.291: [GC pause (G1 Evacuation Pause) (young), 0.1117648 secs]
   [Parallel Time: 104.1 ms, GC Workers: 13]
      [GC Worker Start (ms): Min: 16291.5, Avg: 16291.6, Max: 16291.7, Diff: 0.2]
      [Ext Root Scanning (ms): Min: 0.9, Avg: 1.2, Max: 1.5, Diff: 0.6, Sum: 15.4]
      [Update RS (ms): Min: 3.5, Avg: 4.1, Max: 5.7, Diff: 2.2, Sum: 53.3]
         [Processed Buffers: Min: 6, Avg: 16.8, Max: 28, Diff: 22, Sum: 219]
      [Scan RS (ms): Min: 3.6, Avg: 5.0, Max: 5.6, Diff: 2.1, Sum: 65.1]
      [Code Root Scanning (ms): Min: 0.0, Avg: 0.0, Max: 0.0, Diff: 0.0, Sum: 0.1]
      [Object Copy (ms): Min: 93.1, Avg: 93.3, Max: 93.6, Diff: 0.5, Sum: 1213.0]
      [Termination (ms): Min: 0.0, Avg: 0.2, Max: 0.2, Diff: 0.2, Sum: 2.3]
      [GC Worker Other (ms): Min: 0.0, Avg: 0.0, Max: 0.1, Diff: 0.0, Sum: 0.4]
      [GC Worker Total (ms): Min: 103.7, Avg: 103.8, Max: 103.9, Diff: 0.2, Sum: 1349.5]
      [GC Worker End (ms): Min: 16395.4, Avg: 16395.4, Max: 16395.4, Diff: 0.1]
   [Code Root Fixup: 0.4 ms]
   [Code Root Migration: 0.1 ms]
   [Clear CT: 0.5 ms]
   [Other: 6.7 ms]
      [Choose CSet: 0.0 ms]
      [Ref Proc: 4.1 ms]
      [Ref Enq: 0.3 ms]
      [Free CSet: 0.7 ms]
   [Eden: 1064.0M(1064.0M)->0.0B(1064.0M) Survivors: 160.0M->160.0M Heap: 1541.3M(24.0G)->682.0M(24.0G)]
 [Times: user=1.26 sys=0.11, real=0.11 secs] 
2014-04-16T09:42:00.434+0900: 17.304: [GC pause (G1 Evacuation Pause) (young), 0.0970346 secs]
   [Parallel Time: 90.3 ms, GC Workers: 13]
      [GC Worker Start (ms): Min: 17304.4, Avg: 17304.5, Max: 17304.5, Diff: 0.1]
      [Ext Root Scanning (ms): Min: 0.9, Avg: 1.2, Max: 1.7, Diff: 0.8, Sum: 15.0]
      [Update RS (ms): Min: 3.3, Avg: 4.0, Max: 6.0, Diff: 2.7, Sum: 51.9]
         [Processed Buffers: Min: 7, Avg: 16.2, Max: 29, Diff: 22, Sum: 211]
      [Scan RS (ms): Min: 1.5, Avg: 3.4, Max: 3.8, Diff: 2.3, Sum: 44.1]
      [Code Root Scanning (ms): Min: 0.0, Avg: 0.0, Max: 0.0, Diff: 0.0, Sum: 0.0]
      [Object Copy (ms): Min: 80.9, Avg: 81.2, Max: 81.6, Diff: 0.7, Sum: 1055.4]
      [Termination (ms): Min: 0.0, Avg: 0.3, Max: 0.3, Diff: 0.3, Sum: 3.6]
      [GC Worker Other (ms): Min: 0.0, Avg: 0.0, Max: 0.0, Diff: 0.0, Sum: 0.3]
      [GC Worker Total (ms): Min: 89.9, Avg: 90.0, Max: 90.1, Diff: 0.2, Sum: 1170.4]
      [GC Worker End (ms): Min: 17394.5, Avg: 17394.5, Max: 17394.5, Diff: 0.1]
   [Code Root Fixup: 0.5 ms]
   [Code Root Migration: 0.0 ms]
   [Clear CT: 0.5 ms]
   [Other: 5.8 ms]
      [Choose CSet: 0.0 ms]
      [Ref Proc: 3.7 ms]
      [Ref Enq: 0.2 ms]
      [Free CSet: 0.4 ms]
   [Eden: 1064.0M(1064.0M)->0.0B(1064.0M) Survivors: 160.0M->160.0M Heap: 1746.0M(24.0G)->897.3M(24.0G)]
 [Times: user=1.13 sys=0.07, real=0.10 secs] 
2014-04-16T09:42:01.517+0900: 18.388: [GC pause (G1 Evacuation Pause) (young), 0.1490117 secs]
   [Parallel Time: 141.3 ms, GC Workers: 13]
      [GC Worker Start (ms): Min: 18388.0, Avg: 18388.1, Max: 18388.1, Diff: 0.2]
      [Ext Root Scanning (ms): Min: 1.6, Avg: 6.3, Max: 11.7, Diff: 10.2, Sum: 81.9]
      [Update RS (ms): Min: 0.7, Avg: 6.8, Max: 13.9, Diff: 13.2, Sum: 88.8]
         [Processed Buffers: Min: 1, Avg: 16.5, Max: 59, Diff: 58, Sum: 215]
      [Scan RS (ms): Min: 3.0, Avg: 5.5, Max: 6.8, Diff: 3.7, Sum: 71.8]
      [Code Root Scanning (ms): Min: 0.0, Avg: 0.0, Max: 0.0, Diff: 0.0, Sum: 0.1]
      [Object Copy (ms): Min: 120.4, Avg: 121.8, Max: 122.4, Diff: 2.0, Sum: 1583.0]
      [Termination (ms): Min: 0.0, Avg: 0.5, Max: 0.7, Diff: 0.7, Sum: 7.0]
      [GC Worker Other (ms): Min: 0.0, Avg: 0.0, Max: 0.1, Diff: 0.1, Sum: 0.6]
      [GC Worker Total (ms): Min: 140.9, Avg: 141.0, Max: 141.1, Diff: 0.2, Sum: 1833.2]
      [GC Worker End (ms): Min: 18529.0, Avg: 18529.1, Max: 18529.1, Diff: 0.1]
   [Code Root Fixup: 0.5 ms]
   [Code Root Migration: 0.0 ms]
   [Clear CT: 0.5 ms]
   [Other: 6.7 ms]
      [Choose CSet: 0.0 ms]
      [Ref Proc: 4.3 ms]
      [Ref Enq: 0.3 ms]
      [Free CSet: 0.6 ms]
   [Eden: 1064.0M(1064.0M)->0.0B(1064.0M) Survivors: 160.0M->160.0M Heap: 1961.3M(24.0G)->1105.3M(24.0G)]
 [Times: user=1.73 sys=0.06, real=0.14 secs] 
2014-04-16T09:42:02.620+0900: 19.490: [GC pause (G1 Evacuation Pause) (young), 0.1297333 secs]
   [Parallel Time: 121.3 ms, GC Workers: 13]
      [GC Worker Start (ms): Min: 19490.4, Avg: 19490.4, Max: 19490.5, Diff: 0.1]
      [Ext Root Scanning (ms): Min: 1.2, Avg: 1.3, Max: 1.7, Diff: 0.5, Sum: 17.0]
      [Update RS (ms): Min: 4.9, Avg: 5.6, Max: 7.0, Diff: 2.1, Sum: 72.9]
         [Processed Buffers: Min: 4, Avg: 16.0, Max: 32, Diff: 28, Sum: 208]
      [Scan RS (ms): Min: 3.7, Avg: 5.0, Max: 5.4, Diff: 1.7, Sum: 64.6]
      [Code Root Scanning (ms): Min: 0.0, Avg: 0.0, Max: 0.0, Diff: 0.0, Sum: 0.0]
      [Object Copy (ms): Min: 108.9, Avg: 109.0, Max: 109.3, Diff: 0.4, Sum: 1417.6]
      [Termination (ms): Min: 0.0, Avg: 0.0, Max: 0.0, Diff: 0.0, Sum: 0.0]
      [GC Worker Other (ms): Min: 0.0, Avg: 0.1, Max: 0.1, Diff: 0.1, Sum: 0.7]
      [GC Worker Total (ms): Min: 121.0, Avg: 121.0, Max: 121.1, Diff: 0.1, Sum: 1573.0]
      [GC Worker End (ms): Min: 19611.4, Avg: 19611.4, Max: 19611.5, Diff: 0.1]
   [Code Root Fixup: 0.3 ms]
   [Code Root Migration: 0.0 ms]
   [Clear CT: 0.5 ms]
   [Other: 7.6 ms]
      [Choose CSet: 0.0 ms]
      [Ref Proc: 4.9 ms]
      [Ref Enq: 0.3 ms]
      [Free CSet: 0.5 ms]
   [Eden: 1064.0M(1064.0M)->0.0B(1064.0M) Survivors: 160.0M->160.0M Heap: 2169.3M(24.0G)->1313.3M(24.0G)]
 [Times: user=1.55 sys=0.05, real=0.13 secs] 
2014-04-16T09:42:03.681+0900: 20.552: [GC pause (G1 Evacuation Pause) (young), 0.1150485 secs]
   [Parallel Time: 106.8 ms, GC Workers: 13]
      [GC Worker Start (ms): Min: 20552.1, Avg: 20552.1, Max: 20552.2, Diff: 0.1]
      [Ext Root Scanning (ms): Min: 1.2, Avg: 1.3, Max: 2.0, Diff: 0.8, Sum: 17.0]
      [Update RS (ms): Min: 6.6, Avg: 6.9, Max: 7.7, Diff: 1.1, Sum: 90.3]
         [Processed Buffers: Min: 5, Avg: 15.4, Max: 34, Diff: 29, Sum: 200]
      [Scan RS (ms): Min: 5.4, Avg: 6.2, Max: 6.8, Diff: 1.3, Sum: 80.4]
      [Code Root Scanning (ms): Min: 0.0, Avg: 0.0, Max: 0.0, Diff: 0.0, Sum: 0.1]
      [Object Copy (ms): Min: 91.8, Avg: 92.1, Max: 92.2, Diff: 0.5, Sum: 1197.1]
      [Termination (ms): Min: 0.0, Avg: 0.0, Max: 0.0, Diff: 0.0, Sum: 0.1]
      [GC Worker Other (ms): Min: 0.0, Avg: 0.1, Max: 0.1, Diff: 0.1, Sum: 0.7]
      [GC Worker Total (ms): Min: 106.5, Avg: 106.6, Max: 106.7, Diff: 0.2, Sum: 1385.7]
      [GC Worker End (ms): Min: 20658.7, Avg: 20658.7, Max: 20658.8, Diff: 0.1]
   [Code Root Fixup: 0.5 ms]
   [Code Root Migration: 0.0 ms]
   [Clear CT: 0.6 ms]
   [Other: 7.1 ms]
      [Choose CSet: 0.0 ms]
      [Ref Proc: 4.0 ms]
      [Ref Enq: 0.3 ms]
      [Free CSet: 0.8 ms]
   [Eden: 1064.0M(1064.0M)->0.0B(1064.0M) Survivors: 160.0M->160.0M Heap: 2377.3M(24.0G)->1521.3M(24.0G)]
 [Times: user=1.35 sys=0.07, real=0.11 secs] 
2014-04-16T09:42:04.724+0900: 21.594: [GC pause (G1 Evacuation Pause) (young), 0.1120707 secs]
   [Parallel Time: 103.9 ms, GC Workers: 13]
      [GC Worker Start (ms): Min: 21594.9, Avg: 21595.0, Max: 21595.0, Diff: 0.1]
      [Ext Root Scanning (ms): Min: 1.3, Avg: 1.4, Max: 2.0, Diff: 0.7, Sum: 18.0]
      [Update RS (ms): Min: 5.4, Avg: 6.5, Max: 7.2, Diff: 1.7, Sum: 84.8]
         [Processed Buffers: Min: 2, Avg: 15.6, Max: 30, Diff: 28, Sum: 203]
      [Scan RS (ms): Min: 6.0, Avg: 6.6, Max: 7.0, Diff: 1.1, Sum: 85.5]
      [Code Root Scanning (ms): Min: 0.0, Avg: 0.0, Max: 0.0, Diff: 0.0, Sum: 0.0]
      [Object Copy (ms): Min: 88.5, Avg: 88.7, Max: 89.0, Diff: 0.5, Sum: 1152.5]
      [Termination (ms): Min: 0.0, Avg: 0.4, Max: 0.5, Diff: 0.5, Sum: 5.6]
      [GC Worker Other (ms): Min: 0.0, Avg: 0.0, Max: 0.1, Diff: 0.1, Sum: 0.5]
      [GC Worker Total (ms): Min: 103.5, Avg: 103.6, Max: 103.7, Diff: 0.2, Sum: 1346.9]
      [GC Worker End (ms): Min: 21698.5, Avg: 21698.6, Max: 21698.6, Diff: 0.1]
   [Code Root Fixup: 0.4 ms]
   [Code Root Migration: 0.0 ms]
   [Clear CT: 0.6 ms]
   [Other: 7.2 ms]
      [Choose CSet: 0.0 ms]
      [Ref Proc: 3.8 ms]
      [Ref Enq: 0.2 ms]
      [Free CSet: 0.9 ms]
   [Eden: 1064.0M(1064.0M)->0.0B(1064.0M) Survivors: 160.0M->160.0M Heap: 2585.3M(24.0G)->1721.3M(24.0G)]
 [Times: user=1.33 sys=0.05, real=0.11 secs] 
2014-04-16T09:42:05.756+0900: 22.626: [GC pause (G1 Evacuation Pause) (young), 0.1633600 secs]
   [Parallel Time: 154.5 ms, GC Workers: 13]
      [GC Worker Start (ms): Min: 22626.5, Avg: 22626.5, Max: 22626.6, Diff: 0.1]
      [Ext Root Scanning (ms): Min: 1.2, Avg: 1.3, Max: 1.6, Diff: 0.4, Sum: 16.8]
      [Update RS (ms): Min: 6.5, Avg: 7.1, Max: 9.0, Diff: 2.5, Sum: 91.8]
         [Processed Buffers: Min: 4, Avg: 17.2, Max: 40, Diff: 36, Sum: 224]
      [Scan RS (ms): Min: 7.5, Avg: 9.3, Max: 9.8, Diff: 2.3, Sum: 121.1]
      [Code Root Scanning (ms): Min: 0.0, Avg: 0.0, Max: 0.0, Diff: 0.0, Sum: 0.1]
      [Object Copy (ms): Min: 135.5, Avg: 135.7, Max: 136.0, Diff: 0.6, Sum: 1763.6]
      [Termination (ms): Min: 0.5, Avg: 0.8, Max: 1.0, Diff: 0.5, Sum: 10.8]
      [GC Worker Other (ms): Min: 0.0, Avg: 0.1, Max: 0.1, Diff: 0.1, Sum: 0.8]
      [GC Worker Total (ms): Min: 154.1, Avg: 154.2, Max: 154.3, Diff: 0.2, Sum: 2004.9]
      [GC Worker End (ms): Min: 22780.7, Avg: 22780.8, Max: 22780.8, Diff: 0.1]
   [Code Root Fixup: 0.4 ms]
   [Code Root Migration: 0.1 ms]
   [Clear CT: 0.6 ms]
   [Other: 7.8 ms]
      [Choose CSet: 0.0 ms]
      [Ref Proc: 4.0 ms]
      [Ref Enq: 0.4 ms]
      [Free CSet: 0.9 ms]
   [Eden: 1064.0M(1064.0M)->0.0B(1064.0M) Survivors: 160.0M->160.0M Heap: 2785.3M(24.0G)->1913.3M(24.0G)]
 [Times: user=1.99 sys=0.04, real=0.17 secs] 
2014-04-16T09:42:06.843+0900: 23.713: [GC pause (G1 Evacuation Pause) (young), 0.1240002 secs]
   [Parallel Time: 114.0 ms, GC Workers: 13]
      [GC Worker Start (ms): Min: 23713.8, Avg: 23713.9, Max: 23713.9, Diff: 0.1]
      [Ext Root Scanning (ms): Min: 1.2, Avg: 1.3, Max: 2.0, Diff: 0.8, Sum: 17.5]
      [Update RS (ms): Min: 3.1, Avg: 3.9, Max: 5.6, Diff: 2.5, Sum: 50.3]
         [Processed Buffers: Min: 9, Avg: 15.3, Max: 26, Diff: 17, Sum: 199]
      [Scan RS (ms): Min: 7.5, Avg: 8.9, Max: 9.3, Diff: 1.8, Sum: 116.2]
      [Code Root Scanning (ms): Min: 0.0, Avg: 0.0, Max: 0.0, Diff: 0.0, Sum: 0.1]
      [Object Copy (ms): Min: 99.3, Avg: 99.5, Max: 99.6, Diff: 0.3, Sum: 1293.5]
      [Termination (ms): Min: 0.0, Avg: 0.0, Max: 0.0, Diff: 0.0, Sum: 0.0]
      [GC Worker Other (ms): Min: 0.0, Avg: 0.1, Max: 0.1, Diff: 0.1, Sum: 0.9]
      [GC Worker Total (ms): Min: 113.6, Avg: 113.7, Max: 113.8, Diff: 0.2, Sum: 1478.5]
      [GC Worker End (ms): Min: 23827.6, Avg: 23827.6, Max: 23827.7, Diff: 0.1]
   [Code Root Fixup: 0.5 ms]
   [Code Root Migration: 0.1 ms]
   [Clear CT: 0.7 ms]
   [Other: 8.9 ms]
      [Choose CSet: 0.0 ms]
      [Ref Proc: 5.0 ms]
      [Ref Enq: 0.4 ms]
      [Free CSet: 1.0 ms]
   [Eden: 1064.0M(1064.0M)->0.0B(1064.0M) Survivors: 160.0M->160.0M Heap: 2977.3M(24.0G)->2105.3M(24.0G)]
 [Times: user=1.46 sys=0.05, real=0.12 secs] 
2014-04-16T09:42:07.910+0900: 24.781: [GC pause (G1 Evacuation Pause) (young), 0.1180555 secs]
   [Parallel Time: 109.3 ms, GC Workers: 13]
      [GC Worker Start (ms): Min: 24781.2, Avg: 24781.2, Max: 24781.3, Diff: 0.1]
      [Ext Root Scanning (ms): Min: 1.2, Avg: 1.3, Max: 1.6, Diff: 0.4, Sum: 17.4]
      [Update RS (ms): Min: 6.2, Avg: 7.7, Max: 11.5, Diff: 5.2, Sum: 99.7]
         [Processed Buffers: Min: 8, Avg: 16.0, Max: 29, Diff: 21, Sum: 208]
      [Scan RS (ms): Min: 4.9, Avg: 8.7, Max: 9.9, Diff: 5.0, Sum: 113.6]
      [Code Root Scanning (ms): Min: 0.0, Avg: 0.0, Max: 0.0, Diff: 0.0, Sum: 0.1]
      [Object Copy (ms): Min: 90.8, Avg: 90.9, Max: 91.3, Diff: 0.5, Sum: 1182.2]
      [Termination (ms): Min: 0.0, Avg: 0.3, Max: 0.4, Diff: 0.4, Sum: 4.5]
      [GC Worker Other (ms): Min: 0.0, Avg: 0.0, Max: 0.1, Diff: 0.1, Sum: 0.6]
      [GC Worker Total (ms): Min: 109.0, Avg: 109.1, Max: 109.2, Diff: 0.2, Sum: 1418.0]
      [GC Worker End (ms): Min: 24890.3, Avg: 24890.3, Max: 24890.4, Diff: 0.1]
   [Code Root Fixup: 0.4 ms]
   [Code Root Migration: 0.1 ms]
   [Clear CT: 0.7 ms]
   [Other: 7.6 ms]
      [Choose CSet: 0.0 ms]
      [Ref Proc: 3.9 ms]
      [Ref Enq: 0.3 ms]
      [Free CSet: 1.0 ms]
   [Eden: 1064.0M(1064.0M)->0.0B(1064.0M) Survivors: 160.0M->160.0M Heap: 3169.3M(24.0G)->2297.3M(24.0G)]
 [Times: user=1.38 sys=0.06, real=0.12 secs] 
2014-04-16T09:42:08.938+0900: 25.809: [GC pause (G1 Evacuation Pause) (young), 0.1198114 secs]
   [Parallel Time: 110.9 ms, GC Workers: 13]
      [GC Worker Start (ms): Min: 25809.1, Avg: 25809.2, Max: 25809.3, Diff: 0.1]
      [Ext Root Scanning (ms): Min: 1.3, Avg: 1.4, Max: 2.0, Diff: 0.7, Sum: 18.4]
      [Update RS (ms): Min: 6.1, Avg: 7.4, Max: 13.2, Diff: 7.1, Sum: 95.6]
         [Processed Buffers: Min: 1, Avg: 17.2, Max: 42, Diff: 41, Sum: 223]
      [Scan RS (ms): Min: 3.1, Avg: 8.9, Max: 10.0, Diff: 6.9, Sum: 116.0]
      [Code Root Scanning (ms): Min: 0.0, Avg: 0.0, Max: 0.0, Diff: 0.0, Sum: 0.1]
      [Object Copy (ms): Min: 92.9, Avg: 92.9, Max: 93.0, Diff: 0.2, Sum: 1208.0]
      [Termination (ms): Min: 0.0, Avg: 0.0, Max: 0.0, Diff: 0.0, Sum: 0.1]
      [GC Worker Other (ms): Min: 0.0, Avg: 0.1, Max: 0.1, Diff: 0.1, Sum: 0.7]
      [GC Worker Total (ms): Min: 110.6, Avg: 110.7, Max: 110.8, Diff: 0.2, Sum: 1438.9]
      [GC Worker End (ms): Min: 25919.9, Avg: 25919.9, Max: 25920.0, Diff: 0.1]
   [Code Root Fixup: 0.4 ms]
   [Code Root Migration: 0.0 ms]
   [Clear CT: 0.7 ms]
   [Other: 7.7 ms]
      [Choose CSet: 0.0 ms]
      [Ref Proc: 4.1 ms]
      [Ref Enq: 0.3 ms]
      [Free CSet: 1.0 ms]
   [Eden: 1064.0M(1064.0M)->0.0B(1064.0M) Survivors: 160.0M->160.0M Heap: 3361.3M(24.0G)->2505.3M(24.0G)]
 [Times: user=1.41 sys=0.05, real=0.12 secs] 
2014-04-16T09:42:09.988+0900: 26.858: [GC pause (G1 Evacuation Pause) (young), 0.1180830 secs]
   [Parallel Time: 109.0 ms, GC Workers: 13]
      [GC Worker Start (ms): Min: 26858.8, Avg: 26858.8, Max: 26858.9, Diff: 0.1]
      [Ext Root Scanning (ms): Min: 1.2, Avg: 1.3, Max: 1.8, Diff: 0.6, Sum: 17.0]
      [Update RS (ms): Min: 7.5, Avg: 9.0, Max: 14.5, Diff: 7.0, Sum: 116.6]
         [Processed Buffers: Min: 4, Avg: 16.0, Max: 31, Diff: 27, Sum: 208]
      [Scan RS (ms): Min: 2.5, Avg: 7.9, Max: 9.4, Diff: 6.9, Sum: 102.5]
      [Code Root Scanning (ms): Min: 0.0, Avg: 0.0, Max: 0.0, Diff: 0.0, Sum: 0.0]
      [Object Copy (ms): Min: 90.3, Avg: 90.4, Max: 90.7, Diff: 0.4, Sum: 1175.0]
      [Termination (ms): Min: 0.0, Avg: 0.2, Max: 0.2, Diff: 0.2, Sum: 2.0]
      [GC Worker Other (ms): Min: 0.0, Avg: 0.1, Max: 0.1, Diff: 0.1, Sum: 0.7]
      [GC Worker Total (ms): Min: 108.7, Avg: 108.8, Max: 108.9, Diff: 0.2, Sum: 1413.9]
      [GC Worker End (ms): Min: 26967.6, Avg: 26967.6, Max: 26967.7, Diff: 0.1]
   [Code Root Fixup: 0.5 ms]
   [Code Root Migration: 0.0 ms]
   [Clear CT: 0.8 ms]
   [Other: 7.8 ms]
      [Choose CSet: 0.0 ms]
      [Ref Proc: 4.1 ms]
      [Ref Enq: 0.3 ms]
      [Free CSet: 1.0 ms]
   [Eden: 1064.0M(1064.0M)->0.0B(1064.0M) Survivors: 160.0M->160.0M Heap: 3569.3M(24.0G)->2713.3M(24.0G)]
 [Times: user=1.40 sys=0.05, real=0.12 secs] 
2014-04-16T09:42:11.061+0900: 27.931: [GC pause (G1 Evacuation Pause) (young), 0.1149832 secs]
   [Parallel Time: 105.9 ms, GC Workers: 13]
      [GC Worker Start (ms): Min: 27931.5, Avg: 27931.5, Max: 27931.6, Diff: 0.1]
      [Ext Root Scanning (ms): Min: 1.3, Avg: 1.4, Max: 1.7, Diff: 0.4, Sum: 17.8]
      [Update RS (ms): Min: 6.1, Avg: 6.9, Max: 8.0, Diff: 1.8, Sum: 89.8]
         [Processed Buffers: Min: 1, Avg: 14.5, Max: 26, Diff: 25, Sum: 188]
      [Scan RS (ms): Min: 7.2, Avg: 8.3, Max: 8.7, Diff: 1.4, Sum: 107.4]
      [Code Root Scanning (ms): Min: 0.0, Avg: 0.0, Max: 0.0, Diff: 0.0, Sum: 0.1]
      [Object Copy (ms): Min: 89.0, Avg: 89.1, Max: 89.2, Diff: 0.2, Sum: 1157.8]
      [Termination (ms): Min: 0.0, Avg: 0.0, Max: 0.0, Diff: 0.0, Sum: 0.1]
      [GC Worker Other (ms): Min: 0.0, Avg: 0.0, Max: 0.1, Diff: 0.1, Sum: 0.6]
      [GC Worker Total (ms): Min: 105.6, Avg: 105.7, Max: 105.8, Diff: 0.2, Sum: 1373.5]
      [GC Worker End (ms): Min: 28037.2, Avg: 28037.2, Max: 28037.2, Diff: 0.1]
   [Code Root Fixup: 0.4 ms]
   [Code Root Migration: 0.0 ms]
   [Clear CT: 0.7 ms]
   [Other: 7.9 ms]
      [Choose CSet: 0.0 ms]
      [Ref Proc: 4.1 ms]
      [Ref Enq: 0.2 ms]
      [Free CSet: 1.0 ms]
   [Eden: 1064.0M(1064.0M)->0.0B(1064.0M) Survivors: 160.0M->160.0M Heap: 3777.3M(24.0G)->2921.3M(24.0G)]
 [Times: user=1.34 sys=0.06, real=0.11 secs] 
2014-04-16T09:42:12.098+0900: 28.969: [GC pause (G1 Evacuation Pause) (young), 0.1129036 secs]
   [Parallel Time: 103.7 ms, GC Workers: 13]
      [GC Worker Start (ms): Min: 28969.0, Avg: 28969.1, Max: 28969.2, Diff: 0.1]
      [Ext Root Scanning (ms): Min: 1.2, Avg: 1.3, Max: 1.6, Diff: 0.3, Sum: 17.2]
      [Update RS (ms): Min: 6.3, Avg: 6.7, Max: 7.8, Diff: 1.5, Sum: 86.6]
         [Processed Buffers: Min: 1, Avg: 15.6, Max: 25, Diff: 24, Sum: 203]
      [Scan RS (ms): Min: 7.9, Avg: 9.0, Max: 9.5, Diff: 1.6, Sum: 116.7]
      [Code Root Scanning (ms): Min: 0.0, Avg: 0.0, Max: 0.0, Diff: 0.0, Sum: 0.0]
      [Object Copy (ms): Min: 85.9, Avg: 86.2, Max: 86.5, Diff: 0.6, Sum: 1120.6]
      [Termination (ms): Min: 0.0, Avg: 0.3, Max: 0.4, Diff: 0.4, Sum: 4.5]
      [GC Worker Other (ms): Min: 0.0, Avg: 0.0, Max: 0.1, Diff: 0.0, Sum: 0.4]
      [GC Worker Total (ms): Min: 103.5, Avg: 103.5, Max: 103.6, Diff: 0.2, Sum: 1346.0]
      [GC Worker End (ms): Min: 29072.6, Avg: 29072.6, Max: 29072.7, Diff: 0.1]
   [Code Root Fixup: 0.4 ms]
   [Code Root Migration: 0.0 ms]
   [Clear CT: 0.8 ms]
   [Other: 7.9 ms]
      [Choose CSet: 0.0 ms]
      [Ref Proc: 3.9 ms]
      [Ref Enq: 0.3 ms]
      [Free CSet: 1.1 ms]
   [Eden: 1064.0M(1064.0M)->0.0B(1064.0M) Survivors: 160.0M->160.0M Heap: 3985.3M(24.0G)->3113.3M(24.0G)]
 [Times: user=1.32 sys=0.05, real=0.12 secs] 
2014-04-16T09:42:13.147+0900: 30.018: [GC pause (G1 Evacuation Pause) (young), 0.1221610 secs]
   [Parallel Time: 112.6 ms, GC Workers: 13]
      [GC Worker Start (ms): Min: 30018.2, Avg: 30018.3, Max: 30018.3, Diff: 0.1]
      [Ext Root Scanning (ms): Min: 3.0, Avg: 3.2, Max: 3.3, Diff: 0.2, Sum: 41.3]
      [Update RS (ms): Min: 7.0, Avg: 9.7, Max: 15.1, Diff: 8.1, Sum: 126.2]
         [Processed Buffers: Min: 2, Avg: 16.2, Max: 36, Diff: 34, Sum: 211]
      [Scan RS (ms): Min: 3.6, Avg: 9.1, Max: 11.8, Diff: 8.2, Sum: 117.9]
      [Code Root Scanning (ms): Min: 0.0, Avg: 0.0, Max: 0.0, Diff: 0.0, Sum: 0.0]
      [Object Copy (ms): Min: 90.0, Avg: 90.2, Max: 90.3, Diff: 0.3, Sum: 1172.5]
      [Termination (ms): Min: 0.0, Avg: 0.1, Max: 0.2, Diff: 0.2, Sum: 1.9]
      [GC Worker Other (ms): Min: 0.0, Avg: 0.0, Max: 0.1, Diff: 0.1, Sum: 0.5]
      [GC Worker Total (ms): Min: 112.3, Avg: 112.3, Max: 112.4, Diff: 0.2, Sum: 1460.3]
      [GC Worker End (ms): Min: 30130.6, Avg: 30130.6, Max: 30130.6, Diff: 0.1]
   [Code Root Fixup: 0.4 ms]
   [Code Root Migration: 0.0 ms]
   [Clear CT: 0.9 ms]
   [Other: 8.2 ms]
      [Choose CSet: 0.0 ms]
      [Ref Proc: 4.2 ms]
      [Ref Enq: 0.3 ms]
      [Free CSet: 1.1 ms]
   [Eden: 1064.0M(1064.0M)->0.0B(1064.0M) Survivors: 160.0M->160.0M Heap: 4177.3M(24.0G)->3309.3M(24.0G)]
 [Times: user=1.40 sys=0.06, real=0.13 secs] 
2014-04-16T09:42:14.206+0900: 31.076: [GC pause (G1 Evacuation Pause) (young), 0.2179547 secs]
   [Parallel Time: 208.8 ms, GC Workers: 13]
      [GC Worker Start (ms): Min: 31076.4, Avg: 31076.4, Max: 31076.5, Diff: 0.1]
      [Ext Root Scanning (ms): Min: 1.1, Avg: 1.5, Max: 1.8, Diff: 0.7, Sum: 18.9]
      [Update RS (ms): Min: 11.8, Avg: 15.6, Max: 27.5, Diff: 15.7, Sum: 202.4]
         [Processed Buffers: Min: 1, Avg: 16.3, Max: 33, Diff: 32, Sum: 212]
      [Scan RS (ms): Min: 6.4, Avg: 18.4, Max: 21.8, Diff: 15.4, Sum: 239.3]
      [Code Root Scanning (ms): Min: 0.0, Avg: 0.0, Max: 0.0, Diff: 0.0, Sum: 0.2]
      [Object Copy (ms): Min: 172.6, Avg: 172.8, Max: 173.2, Diff: 0.7, Sum: 2246.0]
      [Termination (ms): Min: 0.0, Avg: 0.3, Max: 0.4, Diff: 0.4, Sum: 3.8]
      [GC Worker Other (ms): Min: 0.0, Avg: 0.1, Max: 0.1, Diff: 0.1, Sum: 0.8]
      [GC Worker Total (ms): Min: 208.5, Avg: 208.6, Max: 208.6, Diff: 0.1, Sum: 2711.3]
      [GC Worker End (ms): Min: 31285.0, Avg: 31285.0, Max: 31285.1, Diff: 0.1]
   [Code Root Fixup: 0.3 ms]
   [Code Root Migration: 0.0 ms]
   [Clear CT: 0.9 ms]
   [Other: 7.9 ms]
      [Choose CSet: 0.0 ms]
      [Ref Proc: 3.9 ms]
      [Ref Enq: 0.2 ms]
      [Free CSet: 1.2 ms]
   [Eden: 1064.0M(1064.0M)->0.0B(1064.0M) Survivors: 160.0M->160.0M Heap: 4373.3M(24.0G)->3521.3M(24.0G)]
 [Times: user=2.59 sys=0.08, real=0.22 secs] 
2014-04-16T09:42:15.362+0900: 32.232: [GC pause (G1 Evacuation Pause) (young), 0.1355987 secs]
   [Parallel Time: 125.6 ms, GC Workers: 13]
      [GC Worker Start (ms): Min: 32232.7, Avg: 32232.8, Max: 32232.9, Diff: 0.1]
      [Ext Root Scanning (ms): Min: 1.2, Avg: 1.4, Max: 2.0, Diff: 0.7, Sum: 17.6]
      [Update RS (ms): Min: 3.8, Avg: 4.7, Max: 11.7, Diff: 7.9, Sum: 61.7]
         [Processed Buffers: Min: 0, Avg: 15.7, Max: 36, Diff: 36, Sum: 204]
      [Scan RS (ms): Min: 3.7, Avg: 10.6, Max: 12.0, Diff: 8.3, Sum: 137.9]
      [Code Root Scanning (ms): Min: 0.0, Avg: 0.0, Max: 0.0, Diff: 0.0, Sum: 0.0]
      [Object Copy (ms): Min: 107.9, Avg: 108.6, Max: 108.7, Diff: 0.8, Sum: 1411.2]
      [Termination (ms): Min: 0.0, Avg: 0.0, Max: 0.0, Diff: 0.0, Sum: 0.1]
      [GC Worker Other (ms): Min: 0.0, Avg: 0.1, Max: 0.1, Diff: 0.1, Sum: 0.8]
      [GC Worker Total (ms): Min: 125.3, Avg: 125.3, Max: 125.4, Diff: 0.2, Sum: 1629.3]
      [GC Worker End (ms): Min: 32358.1, Avg: 32358.1, Max: 32358.2, Diff: 0.1]
   [Code Root Fixup: 0.4 ms]
   [Code Root Migration: 0.0 ms]
   [Clear CT: 0.8 ms]
   [Other: 8.7 ms]
      [Choose CSet: 0.0 ms]
      [Ref Proc: 4.7 ms]
      [Ref Enq: 0.3 ms]
      [Free CSet: 1.0 ms]
   [Eden: 1064.0M(1064.0M)->0.0B(1064.0M) Survivors: 160.0M->160.0M Heap: 4585.3M(24.0G)->3725.3M(24.0G)]
 [Times: user=1.62 sys=0.05, real=0.13 secs] 
2014-04-16T09:42:16.441+0900: 33.311: [GC pause (G1 Evacuation Pause) (young), 0.1175460 secs]
   [Parallel Time: 108.0 ms, GC Workers: 13]
      [GC Worker Start (ms): Min: 33311.5, Avg: 33311.5, Max: 33311.6, Diff: 0.1]
      [Ext Root Scanning (ms): Min: 1.3, Avg: 1.5, Max: 2.1, Diff: 0.7, Sum: 19.0]
      [Update RS (ms): Min: 3.4, Avg: 5.5, Max: 15.3, Diff: 11.9, Sum: 71.7]
         [Processed Buffers: Min: 4, Avg: 15.5, Max: 28, Diff: 24, Sum: 201]
      [Scan RS (ms): Min: 0.0, Avg: 9.1, Max: 10.2, Diff: 10.2, Sum: 117.9]
      [Code Root Scanning (ms): Min: 0.0, Avg: 0.0, Max: 0.0, Diff: 0.0, Sum: 0.1]
      [Object Copy (ms): Min: 90.9, Avg: 91.6, Max: 92.3, Diff: 1.4, Sum: 1190.9]
      [Termination (ms): Min: 0.0, Avg: 0.0, Max: 0.0, Diff: 0.0, Sum: 0.1]
      [GC Worker Other (ms): Min: 0.0, Avg: 0.1, Max: 0.1, Diff: 0.1, Sum: 0.8]
      [GC Worker Total (ms): Min: 107.6, Avg: 107.7, Max: 107.8, Diff: 0.1, Sum: 1400.3]
      [GC Worker End (ms): Min: 33419.2, Avg: 33419.2, Max: 33419.3, Diff: 0.1]
   [Code Root Fixup: 0.5 ms]
   [Code Root Migration: 0.0 ms]
   [Clear CT: 1.0 ms]
   [Other: 8.1 ms]
      [Choose CSet: 0.0 ms]
      [Ref Proc: 4.3 ms]
      [Ref Enq: 0.2 ms]
      [Free CSet: 1.1 ms]
   [Eden: 1064.0M(1064.0M)->0.0B(1064.0M) Survivors: 160.0M->160.0M Heap: 4789.3M(24.0G)->3917.3M(24.0G)]
 [Times: user=1.39 sys=0.05, real=0.11 secs] 
2014-04-16T09:42:17.509+0900: 34.379: [GC pause (G1 Evacuation Pause) (young), 0.1151949 secs]
   [Parallel Time: 105.9 ms, GC Workers: 13]
      [GC Worker Start (ms): Min: 34379.6, Avg: 34379.6, Max: 34379.7, Diff: 0.1]
      [Ext Root Scanning (ms): Min: 1.2, Avg: 1.4, Max: 1.9, Diff: 0.6, Sum: 17.7]
      [Update RS (ms): Min: 5.3, Avg: 5.6, Max: 6.4, Diff: 1.1, Sum: 72.4]
         [Processed Buffers: Min: 3, Avg: 15.7, Max: 38, Diff: 35, Sum: 204]
      [Scan RS (ms): Min: 7.6, Avg: 9.1, Max: 9.6, Diff: 1.9, Sum: 118.6]
      [Code Root Scanning (ms): Min: 0.0, Avg: 0.0, Max: 0.0, Diff: 0.0, Sum: 0.1]
      [Object Copy (ms): Min: 89.4, Avg: 89.6, Max: 90.0, Diff: 0.6, Sum: 1164.4]
      [Termination (ms): Min: 0.0, Avg: 0.0, Max: 0.0, Diff: 0.0, Sum: 0.1]
      [GC Worker Other (ms): Min: 0.0, Avg: 0.1, Max: 0.1, Diff: 0.1, Sum: 0.7]
      [GC Worker Total (ms): Min: 105.6, Avg: 105.7, Max: 105.8, Diff: 0.2, Sum: 1373.9]
      [GC Worker End (ms): Min: 34485.3, Avg: 34485.3, Max: 34485.4, Diff: 0.1]
   [Code Root Fixup: 0.4 ms]
   [Code Root Migration: 0.0 ms]
   [Clear CT: 1.0 ms]
   [Other: 7.8 ms]
      [Choose CSet: 0.0 ms]
      [Ref Proc: 4.1 ms]
      [Ref Enq: 0.3 ms]
      [Free CSet: 1.1 ms]
   [Eden: 1064.0M(1064.0M)->0.0B(1064.0M) Survivors: 160.0M->160.0M Heap: 4981.3M(24.0G)->4117.3M(24.0G)]
 [Times: user=1.35 sys=0.06, real=0.12 secs] 
2014-04-16T09:42:18.538+0900: 35.409: [GC pause (G1 Evacuation Pause) (young), 0.1128275 secs]
   [Parallel Time: 103.5 ms, GC Workers: 13]
      [GC Worker Start (ms): Min: 35409.2, Avg: 35409.2, Max: 35409.3, Diff: 0.1]
      [Ext Root Scanning (ms): Min: 1.3, Avg: 1.4, Max: 1.6, Diff: 0.3, Sum: 18.2]
      [Update RS (ms): Min: 4.8, Avg: 5.8, Max: 7.2, Diff: 2.3, Sum: 75.6]
         [Processed Buffers: Min: 5, Avg: 14.5, Max: 24, Diff: 19, Sum: 188]
      [Scan RS (ms): Min: 8.2, Avg: 9.5, Max: 9.9, Diff: 1.7, Sum: 123.8]
      [Code Root Scanning (ms): Min: 0.0, Avg: 0.0, Max: 0.0, Diff: 0.0, Sum: 0.0]
      [Object Copy (ms): Min: 86.3, Avg: 86.4, Max: 86.9, Diff: 0.6, Sum: 1123.6]
      [Termination (ms): Min: 0.0, Avg: 0.0, Max: 0.0, Diff: 0.0, Sum: 0.0]
      [GC Worker Other (ms): Min: 0.0, Avg: 0.1, Max: 0.1, Diff: 0.1, Sum: 0.7]
      [GC Worker Total (ms): Min: 103.1, Avg: 103.2, Max: 103.3, Diff: 0.2, Sum: 1341.9]
      [GC Worker End (ms): Min: 35512.4, Avg: 35512.5, Max: 35512.5, Diff: 0.1]
   [Code Root Fixup: 0.4 ms]
   [Code Root Migration: 0.0 ms]
   [Clear CT: 1.1 ms]
   [Other: 7.8 ms]
      [Choose CSet: 0.0 ms]
      [Ref Proc: 3.9 ms]
      [Ref Enq: 0.3 ms]
      [Free CSet: 1.1 ms]
   [Eden: 1064.0M(1064.0M)->0.0B(1064.0M) Survivors: 160.0M->160.0M Heap: 5181.3M(24.0G)->4313.3M(24.0G)]
 [Times: user=1.31 sys=0.06, real=0.12 secs] 
2014-04-16T09:42:19.552+0900: 36.423: [GC pause (G1 Evacuation Pause) (young), 0.1140006 secs]
   [Parallel Time: 104.7 ms, GC Workers: 13]
      [GC Worker Start (ms): Min: 36423.1, Avg: 36423.1, Max: 36423.2, Diff: 0.1]
      [Ext Root Scanning (ms): Min: 1.3, Avg: 1.4, Max: 1.9, Diff: 0.7, Sum: 18.4]
      [Update RS (ms): Min: 5.6, Avg: 6.6, Max: 8.2, Diff: 2.6, Sum: 85.4]
         [Processed Buffers: Min: 8, Avg: 15.5, Max: 23, Diff: 15, Sum: 201]
      [Scan RS (ms): Min: 7.8, Avg: 9.3, Max: 9.9, Diff: 2.1, Sum: 120.7]
      [Code Root Scanning (ms): Min: 0.0, Avg: 0.0, Max: 0.0, Diff: 0.0, Sum: 0.0]
      [Object Copy (ms): Min: 86.7, Avg: 87.1, Max: 87.3, Diff: 0.7, Sum: 1132.9]
      [Termination (ms): Min: 0.0, Avg: 0.0, Max: 0.0, Diff: 0.0, Sum: 0.1]
      [GC Worker Other (ms): Min: 0.0, Avg: 0.1, Max: 0.1, Diff: 0.1, Sum: 0.7]
      [GC Worker Total (ms): Min: 104.4, Avg: 104.5, Max: 104.5, Diff: 0.1, Sum: 1358.2]
      [GC Worker End (ms): Min: 36527.6, Avg: 36527.6, Max: 36527.7, Diff: 0.1]
   [Code Root Fixup: 0.5 ms]
   [Code Root Migration: 0.0 ms]
   [Clear CT: 1.0 ms]
   [Other: 7.7 ms]
      [Choose CSet: 0.0 ms]
      [Ref Proc: 3.8 ms]
      [Ref Enq: 0.2 ms]
      [Free CSet: 1.1 ms]
   [Eden: 1064.0M(1064.0M)->0.0B(1064.0M) Survivors: 160.0M->160.0M Heap: 5377.3M(24.0G)->4521.3M(24.0G)]
 [Times: user=1.34 sys=0.05, real=0.11 secs] 
2014-04-16T09:42:20.597+0900: 37.467: [GC pause (G1 Evacuation Pause) (young), 0.1166643 secs]
   [Parallel Time: 107.4 ms, GC Workers: 13]
      [GC Worker Start (ms): Min: 37467.8, Avg: 37467.9, Max: 37468.0, Diff: 0.1]
      [Ext Root Scanning (ms): Min: 1.3, Avg: 1.4, Max: 1.8, Diff: 0.5, Sum: 18.0]
      [Update RS (ms): Min: 6.0, Avg: 6.5, Max: 7.4, Diff: 1.4, Sum: 84.0]
         [Processed Buffers: Min: 7, Avg: 14.4, Max: 25, Diff: 18, Sum: 187]
      [Scan RS (ms): Min: 9.1, Avg: 10.0, Max: 10.3, Diff: 1.1, Sum: 129.7]
      [Code Root Scanning (ms): Min: 0.0, Avg: 0.0, Max: 0.0, Diff: 0.0, Sum: 0.1]
      [Object Copy (ms): Min: 89.1, Avg: 89.2, Max: 89.4, Diff: 0.2, Sum: 1160.0]
      [Termination (ms): Min: 0.0, Avg: 0.0, Max: 0.0, Diff: 0.0, Sum: 0.1]
      [GC Worker Other (ms): Min: 0.0, Avg: 0.0, Max: 0.1, Diff: 0.1, Sum: 0.6]
      [GC Worker Total (ms): Min: 107.0, Avg: 107.1, Max: 107.2, Diff: 0.2, Sum: 1392.5]
      [GC Worker End (ms): Min: 37575.0, Avg: 37575.0, Max: 37575.0, Diff: 0.1]
   [Code Root Fixup: 0.4 ms]
   [Code Root Migration: 0.0 ms]
   [Clear CT: 1.1 ms]
   [Other: 7.7 ms]
      [Choose CSet: 0.0 ms]
      [Ref Proc: 3.7 ms]
      [Ref Enq: 0.2 ms]
      [Free CSet: 1.2 ms]
   [Eden: 1064.0M(1064.0M)->0.0B(1064.0M) Survivors: 160.0M->160.0M Heap: 5585.3M(24.0G)->4717.3M(24.0G)]
 [Times: user=1.37 sys=0.05, real=0.12 secs] 
2014-04-16T09:42:21.626+0900: 38.497: [GC pause (G1 Evacuation Pause) (young), 0.1167688 secs]
   [Parallel Time: 106.7 ms, GC Workers: 13]
      [GC Worker Start (ms): Min: 38497.2, Avg: 38497.3, Max: 38497.4, Diff: 0.1]
      [Ext Root Scanning (ms): Min: 0.9, Avg: 1.4, Max: 2.0, Diff: 1.1, Sum: 18.2]
      [Update RS (ms): Min: 5.9, Avg: 6.9, Max: 10.3, Diff: 4.4, Sum: 90.2]
         [Processed Buffers: Min: 0, Avg: 16.0, Max: 37, Diff: 37, Sum: 208]
      [Scan RS (ms): Min: 6.2, Avg: 9.4, Max: 10.0, Diff: 3.8, Sum: 122.2]
      [Code Root Scanning (ms): Min: 0.0, Avg: 0.0, Max: 0.0, Diff: 0.0, Sum: 0.0]
      [Object Copy (ms): Min: 88.5, Avg: 88.7, Max: 89.1, Diff: 0.6, Sum: 1152.6]
      [Termination (ms): Min: 0.0, Avg: 0.0, Max: 0.0, Diff: 0.0, Sum: 0.0]
      [GC Worker Other (ms): Min: 0.0, Avg: 0.1, Max: 0.1, Diff: 0.1, Sum: 0.7]
      [GC Worker Total (ms): Min: 106.4, Avg: 106.5, Max: 106.5, Diff: 0.1, Sum: 1384.0]
      [GC Worker End (ms): Min: 38603.7, Avg: 38603.8, Max: 38603.8, Diff: 0.1]
   [Code Root Fixup: 0.4 ms]
   [Code Root Migration: 0.0 ms]
   [Clear CT: 1.1 ms]
   [Other: 8.5 ms]
      [Choose CSet: 0.0 ms]
      [Ref Proc: 4.4 ms]
      [Ref Enq: 0.3 ms]
      [Free CSet: 1.2 ms]
   [Eden: 1064.0M(1064.0M)->0.0B(1064.0M) Survivors: 160.0M->160.0M Heap: 5781.3M(24.0G)->4921.3M(24.0G)]
 [Times: user=1.35 sys=0.07, real=0.12 secs] 
2014-04-16T09:42:22.662+0900: 39.532: [GC pause (G1 Evacuation Pause) (young), 0.1146640 secs]
   [Parallel Time: 105.0 ms, GC Workers: 13]
      [GC Worker Start (ms): Min: 39532.4, Avg: 39532.5, Max: 39532.6, Diff: 0.1]
      [Ext Root Scanning (ms): Min: 1.3, Avg: 1.3, Max: 1.5, Diff: 0.3, Sum: 17.5]
      [Update RS (ms): Min: 6.8, Avg: 8.4, Max: 19.7, Diff: 12.9, Sum: 108.6]
         [Processed Buffers: Min: 5, Avg: 14.5, Max: 28, Diff: 23, Sum: 189]
      [Scan RS (ms): Min: 0.0, Avg: 9.7, Max: 11.2, Diff: 11.1, Sum: 125.6]
      [Code Root Scanning (ms): Min: 0.0, Avg: 0.0, Max: 0.0, Diff: 0.0, Sum: 0.0]
      [Object Copy (ms): Min: 83.6, Avg: 85.3, Max: 85.6, Diff: 1.9, Sum: 1108.9]
      [Termination (ms): Min: 0.0, Avg: 0.0, Max: 0.0, Diff: 0.0, Sum: 0.0]
      [GC Worker Other (ms): Min: 0.0, Avg: 0.1, Max: 0.1, Diff: 0.1, Sum: 0.7]
      [GC Worker Total (ms): Min: 104.6, Avg: 104.7, Max: 104.8, Diff: 0.2, Sum: 1361.3]
      [GC Worker End (ms): Min: 39637.2, Avg: 39637.2, Max: 39637.2, Diff: 0.1]
   [Code Root Fixup: 0.4 ms]
   [Code Root Migration: 0.0 ms]
   [Clear CT: 1.1 ms]
   [Other: 8.2 ms]
      [Choose CSet: 0.0 ms]
      [Ref Proc: 4.0 ms]
      [Ref Enq: 0.3 ms]
      [Free CSet: 1.2 ms]
   [Eden: 1064.0M(1064.0M)->0.0B(1064.0M) Survivors: 160.0M->160.0M Heap: 5985.3M(24.0G)->5113.3M(24.0G)]
 [Times: user=1.33 sys=0.06, real=0.11 secs] 
2014-04-16T09:42:23.686+0900: 40.556: [GC pause (G1 Evacuation Pause) (young), 0.1200429 secs]
   [Parallel Time: 110.2 ms, GC Workers: 13]
      [GC Worker Start (ms): Min: 40556.3, Avg: 40556.4, Max: 40556.4, Diff: 0.2]
      [Ext Root Scanning (ms): Min: 1.3, Avg: 1.4, Max: 2.1, Diff: 0.7, Sum: 18.5]
      [Update RS (ms): Min: 6.7, Avg: 8.6, Max: 17.3, Diff: 10.6, Sum: 112.1]
         [Processed Buffers: Min: 0, Avg: 16.3, Max: 33, Diff: 33, Sum: 212]
      [Scan RS (ms): Min: 0.6, Avg: 9.1, Max: 10.8, Diff: 10.2, Sum: 118.6]
      [Code Root Scanning (ms): Min: 0.0, Avg: 0.0, Max: 0.0, Diff: 0.0, Sum: 0.1]
      [Object Copy (ms): Min: 90.6, Avg: 90.7, Max: 90.8, Diff: 0.2, Sum: 1179.3]
      [Termination (ms): Min: 0.0, Avg: 0.0, Max: 0.0, Diff: 0.0, Sum: 0.1]
      [GC Worker Other (ms): Min: 0.0, Avg: 0.1, Max: 0.1, Diff: 0.1, Sum: 0.7]
      [GC Worker Total (ms): Min: 109.8, Avg: 110.0, Max: 110.0, Diff: 0.2, Sum: 1429.4]
      [GC Worker End (ms): Min: 40666.3, Avg: 40666.3, Max: 40666.4, Diff: 0.1]
   [Code Root Fixup: 0.5 ms]
   [Code Root Migration: 0.0 ms]
   [Clear CT: 1.2 ms]
   [Other: 8.2 ms]
      [Choose CSet: 0.0 ms]
      [Ref Proc: 4.0 ms]
      [Ref Enq: 0.3 ms]
      [Free CSet: 1.2 ms]
   [Eden: 1064.0M(1064.0M)->0.0B(1064.0M) Survivors: 160.0M->160.0M Heap: 6177.3M(24.0G)->5317.3M(24.0G)]
 [Times: user=1.42 sys=0.05, real=0.12 secs] 
2014-04-16T09:42:24.708+0900: 41.578: [GC pause (G1 Evacuation Pause) (young), 0.1182291 secs]
   [Parallel Time: 107.8 ms, GC Workers: 13]
      [GC Worker Start (ms): Min: 41578.3, Avg: 41578.4, Max: 41578.5, Diff: 0.1]
      [Ext Root Scanning (ms): Min: 0.8, Avg: 1.3, Max: 1.9, Diff: 1.1, Sum: 17.4]
      [Update RS (ms): Min: 5.9, Avg: 7.0, Max: 13.9, Diff: 7.9, Sum: 91.0]
         [Processed Buffers: Min: 8, Avg: 15.5, Max: 24, Diff: 16, Sum: 202]
      [Scan RS (ms): Min: 2.9, Avg: 9.8, Max: 10.8, Diff: 7.9, Sum: 126.8]
      [Code Root Scanning (ms): Min: 0.0, Avg: 0.0, Max: 0.0, Diff: 0.0, Sum: 0.0]
      [Object Copy (ms): Min: 88.9, Avg: 89.4, Max: 89.9, Diff: 1.0, Sum: 1162.6]
      [Termination (ms): Min: 0.0, Avg: 0.0, Max: 0.0, Diff: 0.0, Sum: 0.0]
      [GC Worker Other (ms): Min: 0.0, Avg: 0.1, Max: 0.1, Diff: 0.1, Sum: 0.7]
      [GC Worker Total (ms): Min: 107.5, Avg: 107.6, Max: 107.7, Diff: 0.2, Sum: 1398.6]
      [GC Worker End (ms): Min: 41686.0, Avg: 41686.0, Max: 41686.1, Diff: 0.1]
   [Code Root Fixup: 0.5 ms]
   [Code Root Migration: 0.0 ms]
   [Clear CT: 1.2 ms]
   [Other: 8.7 ms]
      [Choose CSet: 0.0 ms]
      [Ref Proc: 4.4 ms]
      [Ref Enq: 0.3 ms]
      [Free CSet: 1.2 ms]
   [Eden: 1064.0M(1064.0M)->0.0B(1064.0M) Survivors: 160.0M->160.0M Heap: 6381.3M(24.0G)->5529.3M(24.0G)]
 [Times: user=1.39 sys=0.05, real=0.12 secs] 
2014-04-16T09:42:25.738+0900: 42.608: [GC pause (G1 Evacuation Pause) (young), 0.1161922 secs]
   [Parallel Time: 105.8 ms, GC Workers: 13]
      [GC Worker Start (ms): Min: 42608.4, Avg: 42608.5, Max: 42608.5, Diff: 0.1]
      [Ext Root Scanning (ms): Min: 1.3, Avg: 1.4, Max: 2.0, Diff: 0.7, Sum: 18.7]
      [Update RS (ms): Min: 6.2, Avg: 7.5, Max: 18.3, Diff: 12.1, Sum: 97.6]
         [Processed Buffers: Min: 6, Avg: 15.6, Max: 36, Diff: 30, Sum: 203]
      [Scan RS (ms): Min: 0.0, Avg: 10.5, Max: 12.3, Diff: 12.3, Sum: 136.6]
      [Code Root Scanning (ms): Min: 0.0, Avg: 0.0, Max: 0.0, Diff: 0.0, Sum: 0.1]
      [Object Copy (ms): Min: 85.3, Avg: 86.0, Max: 86.2, Diff: 0.9, Sum: 1118.3]
      [Termination (ms): Min: 0.0, Avg: 0.0, Max: 0.0, Diff: 0.0, Sum: 0.1]
      [GC Worker Other (ms): Min: 0.0, Avg: 0.0, Max: 0.1, Diff: 0.1, Sum: 0.6]
      [GC Worker Total (ms): Min: 105.4, Avg: 105.5, Max: 105.6, Diff: 0.2, Sum: 1372.1]
      [GC Worker End (ms): Min: 42714.0, Avg: 42714.0, Max: 42714.0, Diff: 0.1]
   [Code Root Fixup: 0.4 ms]
   [Code Root Migration: 0.0 ms]
   [Clear CT: 1.3 ms]
   [Other: 8.7 ms]
      [Choose CSet: 0.0 ms]
      [Ref Proc: 4.2 ms]
      [Ref Enq: 0.3 ms]
      [Free CSet: 1.2 ms]
   [Eden: 1064.0M(1064.0M)->0.0B(1064.0M) Survivors: 160.0M->160.0M Heap: 6593.3M(24.0G)->5725.3M(24.0G)]
 [Times: user=1.35 sys=0.06, real=0.12 secs] 
2014-04-16T09:42:26.750+0900: 43.621: [GC pause (G1 Evacuation Pause) (young), 0.1221207 secs]
   [Parallel Time: 112.1 ms, GC Workers: 13]
      [GC Worker Start (ms): Min: 43621.2, Avg: 43621.3, Max: 43621.4, Diff: 0.1]
      [Ext Root Scanning (ms): Min: 0.9, Avg: 1.4, Max: 1.8, Diff: 0.9, Sum: 18.6]
      [Update RS (ms): Min: 5.8, Avg: 6.3, Max: 7.8, Diff: 2.0, Sum: 82.3]
         [Processed Buffers: Min: 3, Avg: 15.3, Max: 35, Diff: 32, Sum: 199]
      [Scan RS (ms): Min: 9.2, Avg: 10.6, Max: 11.2, Diff: 2.0, Sum: 138.3]
      [Code Root Scanning (ms): Min: 0.0, Avg: 0.0, Max: 0.0, Diff: 0.0, Sum: 0.0]
      [Object Copy (ms): Min: 93.2, Avg: 93.4, Max: 93.7, Diff: 0.5, Sum: 1213.9]
      [Termination (ms): Min: 0.0, Avg: 0.0, Max: 0.0, Diff: 0.0, Sum: 0.4]
      [GC Worker Other (ms): Min: 0.0, Avg: 0.1, Max: 0.1, Diff: 0.1, Sum: 0.8]
      [GC Worker Total (ms): Min: 111.8, Avg: 111.9, Max: 112.0, Diff: 0.2, Sum: 1454.3]
      [GC Worker End (ms): Min: 43733.1, Avg: 43733.2, Max: 43733.2, Diff: 0.1]
   [Code Root Fixup: 0.5 ms]
   [Code Root Migration: 0.0 ms]
   [Clear CT: 1.3 ms]
   [Other: 8.3 ms]
      [Choose CSet: 0.0 ms]
      [Ref Proc: 4.0 ms]
      [Ref Enq: 0.3 ms]
      [Free CSet: 1.2 ms]
   [Eden: 1064.0M(1064.0M)->0.0B(1064.0M) Survivors: 160.0M->160.0M Heap: 6789.3M(24.0G)->5925.3M(24.0G)]
 [Times: user=1.44 sys=0.06, real=0.13 secs] 
2014-04-16T09:42:27.782+0900: 44.652: [GC pause (G1 Evacuation Pause) (young), 0.1155922 secs]
   [Parallel Time: 105.3 ms, GC Workers: 13]
      [GC Worker Start (ms): Min: 44652.5, Avg: 44652.5, Max: 44652.6, Diff: 0.1]
      [Ext Root Scanning (ms): Min: 0.9, Avg: 1.4, Max: 2.0, Diff: 1.0, Sum: 18.2]
      [Update RS (ms): Min: 5.7, Avg: 6.4, Max: 8.4, Diff: 2.8, Sum: 82.8]
         [Processed Buffers: Min: 8, Avg: 15.8, Max: 35, Diff: 27, Sum: 205]
      [Scan RS (ms): Min: 8.7, Avg: 10.5, Max: 11.1, Diff: 2.4, Sum: 136.6]
      [Code Root Scanning (ms): Min: 0.0, Avg: 0.0, Max: 0.0, Diff: 0.0, Sum: 0.1]
      [Object Copy (ms): Min: 86.5, Avg: 86.7, Max: 87.2, Diff: 0.6, Sum: 1127.7]
      [Termination (ms): Min: 0.0, Avg: 0.0, Max: 0.0, Diff: 0.0, Sum: 0.0]
      [GC Worker Other (ms): Min: 0.0, Avg: 0.0, Max: 0.1, Diff: 0.1, Sum: 0.6]
      [GC Worker Total (ms): Min: 105.0, Avg: 105.1, Max: 105.2, Diff: 0.2, Sum: 1366.0]
      [GC Worker End (ms): Min: 44757.6, Avg: 44757.6, Max: 44757.7, Diff: 0.1]
   [Code Root Fixup: 0.4 ms]
   [Code Root Migration: 0.0 ms]
   [Clear CT: 1.3 ms]
   [Other: 8.6 ms]
      [Choose CSet: 0.0 ms]
      [Ref Proc: 3.8 ms]
      [Ref Enq: 0.3 ms]
      [Free CSet: 1.0 ms]
   [Eden: 1064.0M(1064.0M)->0.0B(1064.0M) Survivors: 160.0M->160.0M Heap: 6989.3M(24.0G)->6129.3M(24.0G)]
 [Times: user=1.35 sys=0.04, real=0.11 secs] 
2014-04-16T09:42:28.785+0900: 45.655: [GC pause (G1 Evacuation Pause) (young), 0.1180207 secs]
   [Parallel Time: 107.1 ms, GC Workers: 13]
      [GC Worker Start (ms): Min: 45655.5, Avg: 45655.5, Max: 45655.6, Diff: 0.1]
      [Ext Root Scanning (ms): Min: 1.2, Avg: 1.3, Max: 1.6, Diff: 0.4, Sum: 17.0]
      [Update RS (ms): Min: 5.6, Avg: 6.0, Max: 7.2, Diff: 1.5, Sum: 78.5]
         [Processed Buffers: Min: 6, Avg: 15.8, Max: 27, Diff: 21, Sum: 205]
      [Scan RS (ms): Min: 9.3, Avg: 10.4, Max: 10.9, Diff: 1.5, Sum: 135.2]
      [Code Root Scanning (ms): Min: 0.0, Avg: 0.0, Max: 0.0, Diff: 0.0, Sum: 0.1]
      [Object Copy (ms): Min: 88.9, Avg: 89.0, Max: 89.2, Diff: 0.3, Sum: 1157.2]
      [Termination (ms): Min: 0.0, Avg: 0.0, Max: 0.0, Diff: 0.0, Sum: 0.1]
      [GC Worker Other (ms): Min: 0.0, Avg: 0.1, Max: 0.1, Diff: 0.1, Sum: 0.7]
      [GC Worker Total (ms): Min: 106.7, Avg: 106.8, Max: 106.9, Diff: 0.2, Sum: 1388.7]
      [GC Worker End (ms): Min: 45762.3, Avg: 45762.4, Max: 45762.4, Diff: 0.1]
   [Code Root Fixup: 0.4 ms]
   [Code Root Migration: 0.0 ms]
   [Clear CT: 1.4 ms]
   [Other: 9.1 ms]
      [Choose CSet: 0.0 ms]
      [Ref Proc: 4.0 ms]
      [Ref Enq: 0.3 ms]
      [Free CSet: 1.1 ms]
   [Eden: 1064.0M(1064.0M)->0.0B(1064.0M) Survivors: 160.0M->160.0M Heap: 7193.3M(24.0G)->6333.3M(24.0G)]
 [Times: user=1.37 sys=0.06, real=0.12 secs] 
2014-04-16T09:42:29.810+0900: 46.681: [GC pause (G1 Evacuation Pause) (young), 0.1183540 secs]
   [Parallel Time: 107.5 ms, GC Workers: 13]
      [GC Worker Start (ms): Min: 46681.0, Avg: 46681.0, Max: 46681.1, Diff: 0.1]
      [Ext Root Scanning (ms): Min: 0.9, Avg: 1.4, Max: 1.6, Diff: 0.7, Sum: 18.1]
      [Update RS (ms): Min: 5.6, Avg: 6.2, Max: 7.1, Diff: 1.5, Sum: 80.3]
         [Processed Buffers: Min: 5, Avg: 15.5, Max: 40, Diff: 35, Sum: 201]
      [Scan RS (ms): Min: 9.7, Avg: 10.7, Max: 11.2, Diff: 1.5, Sum: 139.5]
      [Code Root Scanning (ms): Min: 0.0, Avg: 0.0, Max: 0.0, Diff: 0.0, Sum: 0.1]
      [Object Copy (ms): Min: 88.7, Avg: 88.9, Max: 89.4, Diff: 0.6, Sum: 1155.6]
      [Termination (ms): Min: 0.0, Avg: 0.0, Max: 0.0, Diff: 0.0, Sum: 0.1]
      [GC Worker Other (ms): Min: 0.0, Avg: 0.1, Max: 0.1, Diff: 0.1, Sum: 0.8]
      [GC Worker Total (ms): Min: 107.2, Avg: 107.3, Max: 107.4, Diff: 0.2, Sum: 1394.4]
      [GC Worker End (ms): Min: 46788.3, Avg: 46788.3, Max: 46788.4, Diff: 0.1]
   [Code Root Fixup: 0.4 ms]
   [Code Root Migration: 0.0 ms]
   [Clear CT: 1.4 ms]
   [Other: 9.0 ms]
      [Choose CSet: 0.0 ms]
      [Ref Proc: 3.9 ms]
      [Ref Enq: 0.3 ms]
      [Free CSet: 1.1 ms]
   [Eden: 1064.0M(1064.0M)->0.0B(1064.0M) Survivors: 160.0M->160.0M Heap: 7397.3M(24.0G)->6553.3M(24.0G)]
 [Times: user=1.37 sys=0.06, real=0.12 secs] 
2014-04-16T09:42:30.849+0900: 47.719: [GC pause (G1 Evacuation Pause) (young), 0.1160553 secs]
   [Parallel Time: 105.0 ms, GC Workers: 13]
      [GC Worker Start (ms): Min: 47719.8, Avg: 47719.8, Max: 47719.9, Diff: 0.1]
      [Ext Root Scanning (ms): Min: 1.4, Avg: 1.5, Max: 1.6, Diff: 0.3, Sum: 18.9]
      [Update RS (ms): Min: 5.2, Avg: 5.8, Max: 6.6, Diff: 1.3, Sum: 75.3]
         [Processed Buffers: Min: 8, Avg: 15.6, Max: 35, Diff: 27, Sum: 203]
      [Scan RS (ms): Min: 10.2, Avg: 10.9, Max: 11.3, Diff: 1.1, Sum: 141.2]
      [Code Root Scanning (ms): Min: 0.0, Avg: 0.0, Max: 0.0, Diff: 0.0, Sum: 0.1]
      [Object Copy (ms): Min: 86.5, Avg: 86.6, Max: 86.8, Diff: 0.3, Sum: 1125.6]
      [Termination (ms): Min: 0.0, Avg: 0.0, Max: 0.0, Diff: 0.0, Sum: 0.1]
      [GC Worker Other (ms): Min: 0.0, Avg: 0.0, Max: 0.1, Diff: 0.1, Sum: 0.6]
      [GC Worker Total (ms): Min: 104.7, Avg: 104.7, Max: 104.9, Diff: 0.2, Sum: 1361.7]
      [GC Worker End (ms): Min: 47824.5, Avg: 47824.6, Max: 47824.6, Diff: 0.1]
   [Code Root Fixup: 0.3 ms]
   [Code Root Migration: 0.0 ms]
   [Clear CT: 1.5 ms]
   [Other: 9.2 ms]
      [Choose CSet: 0.0 ms]
      [Ref Proc: 4.1 ms]
      [Ref Enq: 0.3 ms]
      [Free CSet: 1.0 ms]
   [Eden: 1064.0M(1064.0M)->0.0B(1064.0M) Survivors: 160.0M->160.0M Heap: 7617.3M(24.0G)->6757.3M(24.0G)]
 [Times: user=1.34 sys=0.06, real=0.12 secs] 
2014-04-16T09:42:31.879+0900: 48.749: [GC pause (G1 Evacuation Pause) (young), 0.2392907 secs]
   [Parallel Time: 228.4 ms, GC Workers: 13]
      [GC Worker Start (ms): Min: 48749.4, Avg: 48749.5, Max: 48749.5, Diff: 0.1]
      [Ext Root Scanning (ms): Min: 1.0, Avg: 1.4, Max: 2.1, Diff: 1.0, Sum: 18.7]
      [Update RS (ms): Min: 9.9, Avg: 11.4, Max: 13.1, Diff: 3.1, Sum: 147.9]
         [Processed Buffers: Min: 5, Avg: 18.3, Max: 42, Diff: 37, Sum: 238]
      [Scan RS (ms): Min: 43.6, Avg: 45.2, Max: 45.9, Diff: 2.2, Sum: 587.3]
      [Code Root Scanning (ms): Min: 0.0, Avg: 0.0, Max: 0.0, Diff: 0.0, Sum: 0.1]
      [Object Copy (ms): Min: 169.6, Avg: 170.0, Max: 170.5, Diff: 0.9, Sum: 2210.6]
      [Termination (ms): Min: 0.0, Avg: 0.1, Max: 0.1, Diff: 0.1, Sum: 0.8]
      [GC Worker Other (ms): Min: 0.0, Avg: 0.0, Max: 0.1, Diff: 0.1, Sum: 0.6]
      [GC Worker Total (ms): Min: 228.1, Avg: 228.2, Max: 228.2, Diff: 0.2, Sum: 2966.0]
      [GC Worker End (ms): Min: 48977.6, Avg: 48977.6, Max: 48977.7, Diff: 0.1]
   [Code Root Fixup: 0.5 ms]
   [Code Root Migration: 0.0 ms]
   [Clear CT: 1.4 ms]
   [Other: 9.0 ms]
      [Choose CSet: 0.0 ms]
      [Ref Proc: 4.3 ms]
      [Ref Enq: 0.3 ms]
      [Free CSet: 1.0 ms]
   [Eden: 1064.0M(1064.0M)->0.0B(1064.0M) Survivors: 160.0M->160.0M Heap: 7821.3M(24.0G)->6981.3M(24.0G)]
 [Times: user=2.59 sys=0.10, real=0.24 secs] 
2014-04-16T09:42:33.020+0900: 49.890: [GC pause (G1 Evacuation Pause) (young), 0.1500690 secs]
   [Parallel Time: 138.7 ms, GC Workers: 13]
      [GC Worker Start (ms): Min: 49890.5, Avg: 49890.6, Max: 49890.7, Diff: 0.1]
      [Ext Root Scanning (ms): Min: 1.3, Avg: 1.4, Max: 1.6, Diff: 0.3, Sum: 18.7]
      [Update RS (ms): Min: 2.4, Avg: 3.7, Max: 8.7, Diff: 6.3, Sum: 47.7]
         [Processed Buffers: Min: 8, Avg: 14.6, Max: 21, Diff: 13, Sum: 190]
      [Scan RS (ms): Min: 14.4, Avg: 19.5, Max: 21.1, Diff: 6.7, Sum: 253.8]
      [Code Root Scanning (ms): Min: 0.0, Avg: 0.0, Max: 0.0, Diff: 0.0, Sum: 0.0]
      [Object Copy (ms): Min: 112.8, Avg: 113.8, Max: 114.4, Diff: 1.6, Sum: 1479.4]
      [Termination (ms): Min: 0.0, Avg: 0.0, Max: 0.0, Diff: 0.0, Sum: 0.0]
      [GC Worker Other (ms): Min: 0.0, Avg: 0.1, Max: 0.1, Diff: 0.1, Sum: 0.7]
      [GC Worker Total (ms): Min: 138.4, Avg: 138.5, Max: 138.6, Diff: 0.2, Sum: 1800.4]
      [GC Worker End (ms): Min: 50029.1, Avg: 50029.1, Max: 50029.2, Diff: 0.1]
   [Code Root Fixup: 0.4 ms]
   [Code Root Migration: 0.0 ms]
   [Clear CT: 1.6 ms]
   [Other: 9.3 ms]
      [Choose CSet: 0.0 ms]
      [Ref Proc: 4.6 ms]
      [Ref Enq: 0.3 ms]
      [Free CSet: 1.0 ms]
   [Eden: 1064.0M(1064.0M)->0.0B(1064.0M) Survivors: 160.0M->160.0M Heap: 8045.3M(24.0G)->7185.3M(24.0G)]
 [Times: user=1.78 sys=0.06, real=0.15 secs] 
2014-04-16T09:42:34.159+0900: 51.029: [GC pause (G1 Evacuation Pause) (young), 0.1141367 secs]
   [Parallel Time: 104.0 ms, GC Workers: 13]
      [GC Worker Start (ms): Min: 51029.6, Avg: 51029.6, Max: 51029.7, Diff: 0.1]
      [Ext Root Scanning (ms): Min: 1.4, Avg: 1.5, Max: 2.0, Diff: 0.7, Sum: 19.3]
      [Update RS (ms): Min: 5.1, Avg: 6.6, Max: 12.0, Diff: 6.9, Sum: 85.9]
         [Processed Buffers: Min: 3, Avg: 14.6, Max: 25, Diff: 22, Sum: 190]
      [Scan RS (ms): Min: 3.6, Avg: 9.0, Max: 10.3, Diff: 6.8, Sum: 116.6]
      [Code Root Scanning (ms): Min: 0.0, Avg: 0.0, Max: 0.0, Diff: 0.0, Sum: 0.0]
      [Object Copy (ms): Min: 86.2, Avg: 86.6, Max: 86.8, Diff: 0.6, Sum: 1126.1]
      [Termination (ms): Min: 0.0, Avg: 0.0, Max: 0.0, Diff: 0.0, Sum: 0.0]
      [GC Worker Other (ms): Min: 0.0, Avg: 0.1, Max: 0.1, Diff: 0.1, Sum: 0.8]
      [GC Worker Total (ms): Min: 103.7, Avg: 103.7, Max: 103.8, Diff: 0.1, Sum: 1348.6]
      [GC Worker End (ms): Min: 51133.3, Avg: 51133.4, Max: 51133.4, Diff: 0.1]
   [Code Root Fixup: 0.4 ms]
   [Code Root Migration: 0.0 ms]
   [Clear CT: 1.5 ms]
   [Other: 8.2 ms]
      [Choose CSet: 0.0 ms]
      [Ref Proc: 4.2 ms]
      [Ref Enq: 0.2 ms]
      [Free CSet: 1.0 ms]
   [Eden: 1064.0M(1064.0M)->0.0B(1064.0M) Survivors: 160.0M->160.0M Heap: 8249.3M(24.0G)->7381.3M(24.0G)]
 [Times: user=1.34 sys=0.05, real=0.12 secs] 
2014-04-16T09:42:35.184+0900: 52.054: [GC pause (G1 Evacuation Pause) (young), 0.1164954 secs]
   [Parallel Time: 106.2 ms, GC Workers: 13]
      [GC Worker Start (ms): Min: 52054.5, Avg: 52054.6, Max: 52054.6, Diff: 0.1]
      [Ext Root Scanning (ms): Min: 1.2, Avg: 1.5, Max: 1.8, Diff: 0.6, Sum: 20.1]
      [Update RS (ms): Min: 4.8, Avg: 5.6, Max: 7.5, Diff: 2.7, Sum: 72.7]
         [Processed Buffers: Min: 6, Avg: 15.8, Max: 29, Diff: 23, Sum: 206]
      [Scan RS (ms): Min: 7.7, Avg: 9.5, Max: 10.0, Diff: 2.3, Sum: 123.3]
      [Code Root Scanning (ms): Min: 0.0, Avg: 0.0, Max: 0.0, Diff: 0.0, Sum: 0.1]
      [Object Copy (ms): Min: 88.9, Avg: 89.0, Max: 89.4, Diff: 0.5, Sum: 1157.6]
      [Termination (ms): Min: 0.0, Avg: 0.3, Max: 0.3, Diff: 0.3, Sum: 3.5]
      [GC Worker Other (ms): Min: 0.0, Avg: 0.0, Max: 0.1, Diff: 0.1, Sum: 0.5]
      [GC Worker Total (ms): Min: 105.9, Avg: 106.0, Max: 106.1, Diff: 0.2, Sum: 1377.6]
      [GC Worker End (ms): Min: 52160.5, Avg: 52160.5, Max: 52160.6, Diff: 0.1]
   [Code Root Fixup: 0.4 ms]
   [Code Root Migration: 0.0 ms]
   [Clear CT: 1.6 ms]
   [Other: 8.2 ms]
      [Choose CSet: 0.0 ms]
      [Ref Proc: 4.2 ms]
      [Ref Enq: 0.3 ms]
      [Free CSet: 1.1 ms]
   [Eden: 1064.0M(1064.0M)->0.0B(1064.0M) Survivors: 160.0M->160.0M Heap: 8445.3M(24.0G)->7585.3M(24.0G)]
 [Times: user=1.36 sys=0.05, real=0.11 secs] 
2014-04-16T09:42:36.211+0900: 53.081: [GC pause (G1 Evacuation Pause) (young) (initial-mark), 0.1171098 secs]
   [Parallel Time: 106.3 ms, GC Workers: 13]
      [GC Worker Start (ms): Min: 53081.7, Avg: 53081.8, Max: 53081.9, Diff: 0.1]
      [Ext Root Scanning (ms): Min: 1.2, Avg: 1.5, Max: 3.9, Diff: 2.7, Sum: 19.8]
      [Code Root Marking (ms): Min: 0.1, Avg: 0.9, Max: 6.2, Diff: 6.1, Sum: 11.9]
      [Update RS (ms): Min: 0.6, Avg: 6.1, Max: 8.3, Diff: 7.7, Sum: 78.8]
         [Processed Buffers: Min: 5, Avg: 15.0, Max: 36, Diff: 31, Sum: 195]
      [Scan RS (ms): Min: 7.7, Avg: 9.0, Max: 9.5, Diff: 1.8, Sum: 116.9]
      [Code Root Scanning (ms): Min: 0.0, Avg: 0.0, Max: 0.0, Diff: 0.0, Sum: 0.0]
      [Object Copy (ms): Min: 87.9, Avg: 88.1, Max: 88.5, Diff: 0.7, Sum: 1144.9]
      [Termination (ms): Min: 0.0, Avg: 0.4, Max: 0.5, Diff: 0.5, Sum: 5.3]
      [GC Worker Other (ms): Min: 0.0, Avg: 0.1, Max: 0.1, Diff: 0.1, Sum: 0.8]
      [GC Worker Total (ms): Min: 105.9, Avg: 106.0, Max: 106.1, Diff: 0.2, Sum: 1378.5]
      [GC Worker End (ms): Min: 53187.8, Avg: 53187.8, Max: 53187.9, Diff: 0.1]
   [Code Root Fixup: 0.3 ms]
   [Code Root Migration: 0.0 ms]
   [Clear CT: 1.6 ms]
   [Other: 8.9 ms]
      [Choose CSet: 0.0 ms]
      [Ref Proc: 4.1 ms]
      [Ref Enq: 0.3 ms]
      [Free CSet: 1.0 ms]
   [Eden: 1064.0M(1064.0M)->0.0B(1064.0M) Survivors: 160.0M->160.0M Heap: 8649.3M(24.0G)->7785.3M(24.0G)]
 [Times: user=1.36 sys=0.06, real=0.12 secs] 
2014-04-16T09:42:36.328+0900: 53.198: [GC concurrent-root-region-scan-start]
2014-04-16T09:42:36.370+0900: 53.241: [GC concurrent-root-region-scan-end, 0.0421425 secs]
2014-04-16T09:42:36.370+0900: 53.241: [GC concurrent-mark-start]
2014-04-16T09:42:37.408+0900: 54.278: [GC concurrent-mark-end, 1.0372269 secs]
2014-04-16T09:42:37.409+0900: 54.279: [GC remark 54.330: [GC ref-proc, 0.0059763 secs], 0.0767066 secs]
 [Times: user=0.85 sys=0.00, real=0.08 secs] 
2014-04-16T09:42:37.487+0900: 54.358: [GC cleanup 8741M->8741M(24G), 0.0159904 secs]
 [Times: user=0.20 sys=0.00, real=0.02 secs] 
2014-04-16T09:42:37.599+0900: 54.469: [GC pause (G1 Evacuation Pause) (young), 0.1140203 secs]
   [Parallel Time: 103.7 ms, GC Workers: 13]
      [GC Worker Start (ms): Min: 54469.8, Avg: 54469.9, Max: 54469.9, Diff: 0.1]
      [Ext Root Scanning (ms): Min: 1.4, Avg: 1.5, Max: 2.0, Diff: 0.6, Sum: 19.2]
      [Update RS (ms): Min: 4.4, Avg: 5.4, Max: 6.5, Diff: 2.1, Sum: 69.8]
         [Processed Buffers: Min: 10, Avg: 15.9, Max: 24, Diff: 14, Sum: 207]
      [Scan RS (ms): Min: 8.8, Avg: 10.0, Max: 10.5, Diff: 1.6, Sum: 129.5]
      [Code Root Scanning (ms): Min: 0.0, Avg: 0.0, Max: 0.0, Diff: 0.0, Sum: 0.0]
      [Object Copy (ms): Min: 86.5, Avg: 86.6, Max: 86.7, Diff: 0.2, Sum: 1126.1]
      [Termination (ms): Min: 0.0, Avg: 0.0, Max: 0.0, Diff: 0.0, Sum: 0.1]
      [GC Worker Other (ms): Min: 0.0, Avg: 0.1, Max: 0.1, Diff: 0.1, Sum: 0.8]
      [GC Worker Total (ms): Min: 103.4, Avg: 103.5, Max: 103.6, Diff: 0.2, Sum: 1345.5]
      [GC Worker End (ms): Min: 54573.3, Avg: 54573.4, Max: 54573.4, Diff: 0.1]
   [Code Root Fixup: 0.4 ms]
   [Code Root Migration: 0.0 ms]
   [Clear CT: 1.5 ms]
   [Other: 8.3 ms]
      [Choose CSet: 0.0 ms]
      [Ref Proc: 4.0 ms]
      [Ref Enq: 0.3 ms]
      [Free CSet: 1.1 ms]
   [Eden: 1064.0M(1064.0M)->0.0B(1064.0M) Survivors: 160.0M->160.0M Heap: 8849.3M(24.0G)->7985.3M(24.0G)]
 [Times: user=1.33 sys=0.06, real=0.11 secs] 
2014-04-16T09:42:38.616+0900: 55.487: [GC pause (G1 Evacuation Pause) (mixed), 0.1259849 secs]
   [Parallel Time: 113.5 ms, GC Workers: 13]
      [GC Worker Start (ms): Min: 55487.1, Avg: 55487.2, Max: 55487.3, Diff: 0.1]
      [Ext Root Scanning (ms): Min: 1.4, Avg: 1.5, Max: 2.0, Diff: 0.7, Sum: 19.5]
      [Update RS (ms): Min: 6.0, Avg: 6.4, Max: 7.2, Diff: 1.2, Sum: 82.6]
         [Processed Buffers: Min: 7, Avg: 15.6, Max: 33, Diff: 26, Sum: 203]
      [Scan RS (ms): Min: 13.6, Avg: 14.1, Max: 14.4, Diff: 0.8, Sum: 183.7]
      [Code Root Scanning (ms): Min: 0.0, Avg: 0.0, Max: 0.0, Diff: 0.0, Sum: 0.1]
      [Object Copy (ms): Min: 90.8, Avg: 91.2, Max: 91.3, Diff: 0.5, Sum: 1185.4]
      [Termination (ms): Min: 0.0, Avg: 0.0, Max: 0.0, Diff: 0.0, Sum: 0.1]
      [GC Worker Other (ms): Min: 0.0, Avg: 0.1, Max: 0.1, Diff: 0.1, Sum: 0.7]
      [GC Worker Total (ms): Min: 113.2, Avg: 113.2, Max: 113.3, Diff: 0.2, Sum: 1472.0]
      [GC Worker End (ms): Min: 55600.4, Avg: 55600.4, Max: 55600.5, Diff: 0.1]
   [Code Root Fixup: 0.5 ms]
   [Code Root Migration: 0.1 ms]
   [Clear CT: 2.1 ms]
   [Other: 9.9 ms]
      [Choose CSet: 0.2 ms]
      [Ref Proc: 4.8 ms]
      [Ref Enq: 0.3 ms]
      [Free CSet: 1.8 ms]
   [Eden: 1064.0M(1064.0M)->0.0B(1064.0M) Survivors: 160.0M->160.0M Heap: 9049.3M(24.0G)->7649.3M(24.0G)]
 [Times: user=1.46 sys=0.07, real=0.12 secs] 
2014-04-16T09:42:39.655+0900: 56.525: [GC pause (G1 Evacuation Pause) (mixed), 0.1241160 secs]
   [Parallel Time: 111.9 ms, GC Workers: 13]
      [GC Worker Start (ms): Min: 56525.6, Avg: 56525.6, Max: 56525.7, Diff: 0.2]
      [Ext Root Scanning (ms): Min: 1.4, Avg: 1.6, Max: 2.4, Diff: 0.9, Sum: 20.4]
      [Update RS (ms): Min: 5.3, Avg: 5.9, Max: 6.6, Diff: 1.3, Sum: 76.2]
         [Processed Buffers: Min: 5, Avg: 15.3, Max: 32, Diff: 27, Sum: 199]
      [Scan RS (ms): Min: 13.1, Avg: 13.7, Max: 14.2, Diff: 1.1, Sum: 178.6]
      [Code Root Scanning (ms): Min: 0.0, Avg: 0.0, Max: 0.0, Diff: 0.0, Sum: 0.1]
      [Object Copy (ms): Min: 90.0, Avg: 90.5, Max: 90.6, Diff: 0.6, Sum: 1176.1]
      [Termination (ms): Min: 0.0, Avg: 0.0, Max: 0.0, Diff: 0.0, Sum: 0.0]
      [GC Worker Other (ms): Min: 0.0, Avg: 0.1, Max: 0.1, Diff: 0.1, Sum: 0.7]
      [GC Worker Total (ms): Min: 111.6, Avg: 111.7, Max: 111.8, Diff: 0.2, Sum: 1452.1]
      [GC Worker End (ms): Min: 56637.3, Avg: 56637.3, Max: 56637.4, Diff: 0.1]
   [Code Root Fixup: 0.4 ms]
   [Code Root Migration: 0.1 ms]
   [Clear CT: 1.9 ms]
   [Other: 9.8 ms]
      [Choose CSet: 0.1 ms]
      [Ref Proc: 4.8 ms]
      [Ref Enq: 0.4 ms]
      [Free CSet: 1.7 ms]
   [Eden: 1064.0M(1064.0M)->0.0B(1064.0M) Survivors: 160.0M->160.0M Heap: 8713.3M(24.0G)->7501.3M(24.0G)]
 [Times: user=1.48 sys=0.03, real=0.12 secs] 
2014-04-16T09:42:40.696+0900: 57.566: [GC pause (G1 Evacuation Pause) (young), 0.1173170 secs]
   [Parallel Time: 106.8 ms, GC Workers: 13]
      [GC Worker Start (ms): Min: 57566.3, Avg: 57566.4, Max: 57566.5, Diff: 0.1]
      [Ext Root Scanning (ms): Min: 1.4, Avg: 1.5, Max: 2.0, Diff: 0.6, Sum: 19.4]
      [Update RS (ms): Min: 4.9, Avg: 5.9, Max: 6.8, Diff: 1.9, Sum: 76.8]
         [Processed Buffers: Min: 7, Avg: 15.2, Max: 23, Diff: 16, Sum: 198]
      [Scan RS (ms): Min: 8.6, Avg: 9.5, Max: 10.0, Diff: 1.4, Sum: 123.0]
      [Code Root Scanning (ms): Min: 0.0, Avg: 0.0, Max: 0.0, Diff: 0.0, Sum: 0.0]
      [Object Copy (ms): Min: 89.5, Avg: 89.6, Max: 89.7, Diff: 0.2, Sum: 1164.7]
      [Termination (ms): Min: 0.0, Avg: 0.2, Max: 0.2, Diff: 0.2, Sum: 2.0]
      [GC Worker Other (ms): Min: 0.0, Avg: 0.0, Max: 0.1, Diff: 0.1, Sum: 0.5]
      [GC Worker Total (ms): Min: 106.5, Avg: 106.6, Max: 106.7, Diff: 0.2, Sum: 1386.4]
      [GC Worker End (ms): Min: 57673.0, Avg: 57673.0, Max: 57673.1, Diff: 0.1]
   [Code Root Fixup: 0.5 ms]
   [Code Root Migration: 0.0 ms]
   [Clear CT: 1.7 ms]
   [Other: 8.3 ms]
      [Choose CSet: 0.0 ms]
      [Ref Proc: 4.0 ms]
      [Ref Enq: 0.4 ms]
      [Free CSet: 1.1 ms]
   [Eden: 1064.0M(1064.0M)->0.0B(1064.0M) Survivors: 160.0M->160.0M Heap: 8565.3M(24.0G)->7705.3M(24.0G)]
 [Times: user=1.40 sys=0.03, real=0.11 secs] 
2014-04-16T09:42:41.690+0900: 58.560: [GC pause (G1 Evacuation Pause) (young) (initial-mark), 0.1201252 secs]
   [Parallel Time: 108.4 ms, GC Workers: 13]
      [GC Worker Start (ms): Min: 58560.7, Avg: 58560.8, Max: 58560.8, Diff: 0.1]
      [Ext Root Scanning (ms): Min: 1.2, Avg: 1.5, Max: 3.8, Diff: 2.6, Sum: 19.0]
      [Code Root Marking (ms): Min: 0.1, Avg: 0.9, Max: 6.2, Diff: 6.2, Sum: 11.5]
      [Update RS (ms): Min: 1.3, Avg: 6.2, Max: 8.1, Diff: 6.8, Sum: 81.2]
         [Processed Buffers: Min: 2, Avg: 16.2, Max: 45, Diff: 43, Sum: 210]
      [Scan RS (ms): Min: 9.2, Avg: 10.3, Max: 10.6, Diff: 1.4, Sum: 134.0]
      [Code Root Scanning (ms): Min: 0.0, Avg: 0.0, Max: 0.0, Diff: 0.0, Sum: 0.1]
      [Object Copy (ms): Min: 89.0, Avg: 89.2, Max: 89.6, Diff: 0.6, Sum: 1159.5]
      [Termination (ms): Min: 0.0, Avg: 0.0, Max: 0.0, Diff: 0.0, Sum: 0.1]
      [GC Worker Other (ms): Min: 0.0, Avg: 0.1, Max: 0.1, Diff: 0.1, Sum: 0.7]
      [GC Worker Total (ms): Min: 108.1, Avg: 108.2, Max: 108.3, Diff: 0.2, Sum: 1406.0]
      [GC Worker End (ms): Min: 58668.9, Avg: 58668.9, Max: 58669.0, Diff: 0.1]
   [Code Root Fixup: 0.5 ms]
   [Code Root Migration: 0.1 ms]
   [Clear CT: 1.7 ms]
   [Other: 9.5 ms]
      [Choose CSet: 0.0 ms]
      [Ref Proc: 4.2 ms]
      [Ref Enq: 0.3 ms]
      [Free CSet: 1.3 ms]
   [Eden: 1064.0M(1064.0M)->0.0B(1064.0M) Survivors: 160.0M->160.0M Heap: 8769.3M(24.0G)->7897.3M(24.0G)]
 [Times: user=1.43 sys=0.02, real=0.12 secs] 
2014-04-16T09:42:41.810+0900: 58.680: [GC concurrent-root-region-scan-start]
2014-04-16T09:42:41.860+0900: 58.730: [GC concurrent-root-region-scan-end, 0.0497774 secs]
2014-04-16T09:42:41.860+0900: 58.730: [GC concurrent-mark-start]
2014-04-16T09:42:42.995+0900: 59.865: [GC concurrent-mark-end, 1.1348526 secs]
2014-04-16T09:42:42.996+0900: 59.866: [GC remark 59.917: [GC ref-proc, 0.0059563 secs], 0.0780292 secs]
 [Times: user=0.86 sys=0.00, real=0.08 secs] 
2014-04-16T09:42:43.076+0900: 59.946: [GC cleanup 8928M->8928M(24G), 0.0163650 secs]
 [Times: user=0.20 sys=0.00, real=0.01 secs] 
2014-04-16T09:42:43.118+0900: 59.989: [GC pause (G1 Evacuation Pause) (young), 0.1190518 secs]
   [Parallel Time: 108.2 ms, GC Workers: 13]
      [GC Worker Start (ms): Min: 59989.1, Avg: 59989.1, Max: 59989.2, Diff: 0.1]
      [Ext Root Scanning (ms): Min: 1.4, Avg: 1.5, Max: 1.8, Diff: 0.4, Sum: 19.3]
      [Update RS (ms): Min: 5.1, Avg: 5.5, Max: 6.8, Diff: 1.7, Sum: 72.0]
         [Processed Buffers: Min: 7, Avg: 16.1, Max: 28, Diff: 21, Sum: 209]
      [Scan RS (ms): Min: 9.1, Avg: 10.5, Max: 10.8, Diff: 1.7, Sum: 136.6]
      [Code Root Scanning (ms): Min: 0.0, Avg: 0.0, Max: 0.0, Diff: 0.0, Sum: 0.1]
      [Object Copy (ms): Min: 90.1, Avg: 90.3, Max: 90.5, Diff: 0.3, Sum: 1174.2]
      [Termination (ms): Min: 0.0, Avg: 0.0, Max: 0.0, Diff: 0.0, Sum: 0.1]
      [GC Worker Other (ms): Min: 0.0, Avg: 0.1, Max: 0.1, Diff: 0.1, Sum: 0.8]
      [GC Worker Total (ms): Min: 107.8, Avg: 107.9, Max: 108.0, Diff: 0.2, Sum: 1403.0]
      [GC Worker End (ms): Min: 60097.0, Avg: 60097.1, Max: 60097.1, Diff: 0.1]
   [Code Root Fixup: 0.4 ms]
   [Code Root Migration: 0.1 ms]
   [Clear CT: 1.8 ms]
   [Other: 8.6 ms]
      [Choose CSet: 0.0 ms]
      [Ref Proc: 4.1 ms]
      [Ref Enq: 0.3 ms]
      [Free CSet: 1.2 ms]
   [Eden: 1064.0M(1064.0M)->0.0B(1064.0M) Survivors: 160.0M->160.0M Heap: 8961.3M(24.0G)->8097.3M(24.0G)]
 [Times: user=1.43 sys=0.02, real=0.12 secs] 
2014-04-16T09:42:44.119+0900: 60.990: [GC pause (G1 Evacuation Pause) (mixed), 0.1318632 secs]
   [Parallel Time: 118.5 ms, GC Workers: 13]
      [GC Worker Start (ms): Min: 60990.4, Avg: 60990.5, Max: 60990.6, Diff: 0.1]
      [Ext Root Scanning (ms): Min: 1.3, Avg: 1.4, Max: 1.8, Diff: 0.5, Sum: 18.4]
      [Update RS (ms): Min: 5.5, Avg: 6.0, Max: 6.3, Diff: 0.8, Sum: 77.6]
         [Processed Buffers: Min: 7, Avg: 15.5, Max: 25, Diff: 18, Sum: 202]
      [Scan RS (ms): Min: 16.9, Avg: 17.4, Max: 18.7, Diff: 1.8, Sum: 226.2]
      [Code Root Scanning (ms): Min: 0.0, Avg: 0.0, Max: 0.0, Diff: 0.0, Sum: 0.1]
      [Object Copy (ms): Min: 92.3, Avg: 93.4, Max: 93.6, Diff: 1.3, Sum: 1213.6]
      [Termination (ms): Min: 0.0, Avg: 0.0, Max: 0.0, Diff: 0.0, Sum: 0.1]
      [GC Worker Other (ms): Min: 0.0, Avg: 0.0, Max: 0.1, Diff: 0.1, Sum: 0.6]
      [GC Worker Total (ms): Min: 118.1, Avg: 118.2, Max: 118.3, Diff: 0.2, Sum: 1536.8]
      [GC Worker End (ms): Min: 61108.7, Avg: 61108.7, Max: 61108.8, Diff: 0.1]
   [Code Root Fixup: 0.4 ms]
   [Code Root Migration: 0.1 ms]
   [Clear CT: 2.2 ms]
   [Other: 10.7 ms]
      [Choose CSet: 0.2 ms]
      [Ref Proc: 4.8 ms]
      [Ref Enq: 0.3 ms]
      [Free CSet: 2.0 ms]
   [Eden: 1064.0M(1064.0M)->0.0B(1064.0M) Survivors: 160.0M->160.0M Heap: 9161.3M(24.0G)->7837.3M(24.0G)]
 [Times: user=1.55 sys=0.04, real=0.13 secs] 
2014-04-16T09:42:45.152+0900: 62.022: [GC pause (G1 Evacuation Pause) (young), 0.1277471 secs]
   [Parallel Time: 115.5 ms, GC Workers: 13]
      [GC Worker Start (ms): Min: 62022.9, Avg: 62023.0, Max: 62023.1, Diff: 0.1]
      [Ext Root Scanning (ms): Min: 1.1, Avg: 1.5, Max: 1.9, Diff: 0.9, Sum: 19.8]
      [Update RS (ms): Min: 7.9, Avg: 13.4, Max: 31.6, Diff: 23.7, Sum: 174.4]
         [Processed Buffers: Min: 0, Avg: 14.8, Max: 35, Diff: 35, Sum: 193]
      [Scan RS (ms): Min: 0.0, Avg: 10.9, Max: 15.9, Diff: 15.9, Sum: 142.1]
      [Code Root Scanning (ms): Min: 0.0, Avg: 0.0, Max: 0.0, Diff: 0.0, Sum: 0.1]
      [Object Copy (ms): Min: 82.0, Avg: 89.3, Max: 90.4, Diff: 8.4, Sum: 1161.0]
      [Termination (ms): Min: 0.0, Avg: 0.0, Max: 0.0, Diff: 0.0, Sum: 0.0]
      [GC Worker Other (ms): Min: 0.0, Avg: 0.1, Max: 0.1, Diff: 0.1, Sum: 0.8]
      [GC Worker Total (ms): Min: 115.1, Avg: 115.2, Max: 115.4, Diff: 0.2, Sum: 1498.2]
      [GC Worker End (ms): Min: 62138.2, Avg: 62138.2, Max: 62138.3, Diff: 0.1]
   [Code Root Fixup: 0.4 ms]
   [Code Root Migration: 0.0 ms]
   [Clear CT: 1.9 ms]
   [Other: 9.9 ms]
      [Choose CSet: 0.0 ms]
      [Ref Proc: 5.2 ms]
      [Ref Enq: 0.3 ms]
      [Free CSet: 1.3 ms]
   [Eden: 1064.0M(1064.0M)->0.0B(1064.0M) Survivors: 160.0M->160.0M Heap: 8901.3M(24.0G)->8033.3M(24.0G)]
 [Times: user=1.52 sys=0.01, real=0.13 secs] 
2014-04-16T09:42:46.165+0900: 63.035: [GC pause (G1 Evacuation Pause) (young) (initial-mark), 0.1197034 secs]
   [Parallel Time: 107.8 ms, GC Workers: 13]
      [GC Worker Start (ms): Min: 63036.1, Avg: 63036.2, Max: 63036.3, Diff: 0.1]
      [Ext Root Scanning (ms): Min: 1.2, Avg: 1.5, Max: 3.9, Diff: 2.7, Sum: 19.5]
      [Code Root Marking (ms): Min: 0.1, Avg: 0.8, Max: 6.1, Diff: 6.1, Sum: 10.5]
      [Update RS (ms): Min: 0.9, Avg: 8.4, Max: 36.9, Diff: 35.9, Sum: 109.7]
         [Processed Buffers: Min: 4, Avg: 16.1, Max: 31, Diff: 27, Sum: 209]
      [Scan RS (ms): Min: 0.1, Avg: 10.2, Max: 11.3, Diff: 11.2, Sum: 133.2]
      [Code Root Scanning (ms): Min: 0.0, Avg: 0.0, Max: 0.0, Diff: 0.0, Sum: 0.1]
      [Object Copy (ms): Min: 69.1, Avg: 86.5, Max: 88.4, Diff: 19.3, Sum: 1124.6]
      [Termination (ms): Min: 0.0, Avg: 0.0, Max: 0.0, Diff: 0.0, Sum: 0.1]
      [GC Worker Other (ms): Min: 0.0, Avg: 0.1, Max: 0.1, Diff: 0.1, Sum: 0.7]
      [GC Worker Total (ms): Min: 107.5, Avg: 107.6, Max: 107.6, Diff: 0.2, Sum: 1398.4]
      [GC Worker End (ms): Min: 63143.7, Avg: 63143.8, Max: 63143.8, Diff: 0.1]
   [Code Root Fixup: 0.3 ms]
   [Code Root Migration: 0.0 ms]
   [Clear CT: 1.8 ms]
   [Other: 9.7 ms]
      [Choose CSet: 0.0 ms]
      [Ref Proc: 4.2 ms]
      [Ref Enq: 0.3 ms]
      [Free CSet: 1.4 ms]
   [Eden: 1064.0M(1064.0M)->0.0B(1064.0M) Survivors: 160.0M->160.0M Heap: 9097.3M(24.0G)->8237.3M(24.0G)]
 [Times: user=1.43 sys=0.01, real=0.12 secs] 
2014-04-16T09:42:46.285+0900: 63.155: [GC concurrent-root-region-scan-start]
2014-04-16T09:42:46.334+0900: 63.204: [GC concurrent-root-region-scan-end, 0.0492045 secs]
2014-04-16T09:42:46.334+0900: 63.204: [GC concurrent-mark-start]
2014-04-16T09:42:47.483+0900: 64.353: [GC pause (G1 Evacuation Pause) (young), 0.1139059 secs]
   [Parallel Time: 102.7 ms, GC Workers: 13]
      [GC Worker Start (ms): Min: 64353.6, Avg: 64353.7, Max: 64353.8, Diff: 0.2]
      [Ext Root Scanning (ms): Min: 1.4, Avg: 1.6, Max: 2.1, Diff: 0.7, Sum: 20.4]
      [SATB Filtering (ms): Min: 0.0, Avg: 0.2, Max: 2.4, Diff: 2.4, Sum: 2.4]
      [Update RS (ms): Min: 3.9, Avg: 6.2, Max: 6.6, Diff: 2.8, Sum: 80.1]
         [Processed Buffers: Min: 7, Avg: 14.8, Max: 31, Diff: 24, Sum: 192]
      [Scan RS (ms): Min: 10.2, Avg: 10.6, Max: 10.8, Diff: 0.6, Sum: 137.5]
      [Code Root Scanning (ms): Min: 0.0, Avg: 0.0, Max: 0.0, Diff: 0.0, Sum: 0.1]
      [Object Copy (ms): Min: 83.7, Avg: 83.9, Max: 84.1, Diff: 0.4, Sum: 1091.0]
      [Termination (ms): Min: 0.0, Avg: 0.0, Max: 0.0, Diff: 0.0, Sum: 0.0]
      [GC Worker Other (ms): Min: 0.0, Avg: 0.1, Max: 0.1, Diff: 0.1, Sum: 0.9]
      [GC Worker Total (ms): Min: 102.4, Avg: 102.5, Max: 102.6, Diff: 0.2, Sum: 1332.4]
      [GC Worker End (ms): Min: 64456.1, Avg: 64456.2, Max: 64456.2, Diff: 0.1]
   [Code Root Fixup: 0.4 ms]
   [Code Root Migration: 0.0 ms]
   [Clear CT: 1.9 ms]
   [Other: 8.8 ms]
      [Choose CSet: 0.0 ms]
      [Ref Proc: 4.1 ms]
      [Ref Enq: 0.3 ms]
      [Free CSet: 1.3 ms]
   [Eden: 1064.0M(1064.0M)->0.0B(1064.0M) Survivors: 160.0M->160.0M Heap: 9301.3M(24.0G)->8445.3M(24.0G)]
 [Times: user=1.35 sys=0.03, real=0.12 secs] 
2014-04-16T09:42:47.747+0900: 64.618: [GC concurrent-mark-end, 1.4130670 secs]
2014-04-16T09:42:47.749+0900: 64.619: [GC remark 64.665: [GC ref-proc, 0.0058911 secs], 0.0749881 secs]
 [Times: user=0.83 sys=0.00, real=0.07 secs] 
2014-04-16T09:42:47.825+0900: 64.696: [GC cleanup 8562M->8562M(24G), 0.0167282 secs]
 [Times: user=0.20 sys=0.00, real=0.01 secs] 
2014-04-16T09:42:48.646+0900: 65.516: [GC pause (G1 Evacuation Pause) (young), 0.1165135 secs]
   [Parallel Time: 105.3 ms, GC Workers: 13]
      [GC Worker Start (ms): Min: 65516.8, Avg: 65516.9, Max: 65516.9, Diff: 0.1]
      [Ext Root Scanning (ms): Min: 1.0, Avg: 1.5, Max: 2.0, Diff: 1.0, Sum: 18.9]
      [Update RS (ms): Min: 5.7, Avg: 6.4, Max: 7.3, Diff: 1.5, Sum: 82.8]
         [Processed Buffers: Min: 7, Avg: 14.7, Max: 29, Diff: 22, Sum: 191]
      [Scan RS (ms): Min: 9.0, Avg: 9.9, Max: 10.2, Diff: 1.1, Sum: 128.7]
      [Code Root Scanning (ms): Min: 0.0, Avg: 0.0, Max: 0.0, Diff: 0.0, Sum: 0.1]
      [Object Copy (ms): Min: 87.1, Avg: 87.3, Max: 87.6, Diff: 0.5, Sum: 1134.7]
      [Termination (ms): Min: 0.0, Avg: 0.0, Max: 0.0, Diff: 0.0, Sum: 0.1]
      [GC Worker Other (ms): Min: 0.0, Avg: 0.1, Max: 0.1, Diff: 0.1, Sum: 0.7]
      [GC Worker Total (ms): Min: 105.0, Avg: 105.1, Max: 105.1, Diff: 0.2, Sum: 1365.9]
      [GC Worker End (ms): Min: 65621.9, Avg: 65621.9, Max: 65622.0, Diff: 0.1]
   [Code Root Fixup: 0.4 ms]
   [Code Root Migration: 0.0 ms]
   [Clear CT: 2.1 ms]
   [Other: 8.7 ms]
      [Choose CSet: 0.0 ms]
      [Ref Proc: 4.0 ms]
      [Ref Enq: 0.2 ms]
      [Free CSet: 1.4 ms]
   [Eden: 1064.0M(1064.0M)->0.0B(1064.0M) Survivors: 160.0M->160.0M Heap: 9509.3M(24.0G)->8649.3M(24.0G)]
 [Times: user=1.36 sys=0.06, real=0.11 secs] 
2014-04-16T09:42:49.655+0900: 66.526: [GC pause (G1 Evacuation Pause) (mixed), 0.1349395 secs]
   [Parallel Time: 120.8 ms, GC Workers: 13]
      [GC Worker Start (ms): Min: 66526.3, Avg: 66526.4, Max: 66526.5, Diff: 0.1]
      [Ext Root Scanning (ms): Min: 1.3, Avg: 1.4, Max: 2.2, Diff: 0.9, Sum: 18.6]
      [Update RS (ms): Min: 5.6, Avg: 6.6, Max: 7.7, Diff: 2.1, Sum: 85.7]
         [Processed Buffers: Min: 7, Avg: 15.6, Max: 25, Diff: 18, Sum: 203]
      [Scan RS (ms): Min: 15.3, Avg: 16.6, Max: 17.7, Diff: 2.4, Sum: 216.2]
      [Code Root Scanning (ms): Min: 0.0, Avg: 0.0, Max: 0.2, Diff: 0.1, Sum: 0.2]
      [Object Copy (ms): Min: 94.0, Avg: 95.1, Max: 95.7, Diff: 1.7, Sum: 1236.7]
      [Termination (ms): Min: 0.5, Avg: 0.8, Max: 0.9, Diff: 0.4, Sum: 10.5]
      [GC Worker Other (ms): Min: 0.0, Avg: 0.1, Max: 0.1, Diff: 0.1, Sum: 0.9]
      [GC Worker Total (ms): Min: 120.6, Avg: 120.7, Max: 120.8, Diff: 0.2, Sum: 1568.6]
      [GC Worker End (ms): Min: 66647.0, Avg: 66647.1, Max: 66647.1, Diff: 0.1]
   [Code Root Fixup: 0.5 ms]
   [Code Root Migration: 0.4 ms]
   [Clear CT: 2.2 ms]
   [Other: 11.0 ms]
      [Choose CSet: 0.2 ms]
      [Ref Proc: 5.0 ms]
      [Ref Enq: 0.3 ms]
      [Free CSet: 1.9 ms]
   [Eden: 1064.0M(1064.0M)->0.0B(1064.0M) Survivors: 160.0M->160.0M Heap: 9713.3M(24.0G)->8488.0M(24.0G)]
 [Times: user=1.56 sys=0.06, real=0.13 secs] 
2014-04-16T09:42:50.678+0900: 67.548: [GC pause (G1 Evacuation Pause) (young), 0.1156897 secs]
   [Parallel Time: 104.7 ms, GC Workers: 13]
      [GC Worker Start (ms): Min: 67548.9, Avg: 67549.0, Max: 67549.1, Diff: 0.1]
      [Ext Root Scanning (ms): Min: 1.4, Avg: 1.6, Max: 1.9, Diff: 0.4, Sum: 20.2]
      [Update RS (ms): Min: 6.1, Avg: 6.7, Max: 7.2, Diff: 1.0, Sum: 87.2]
         [Processed Buffers: Min: 6, Avg: 16.6, Max: 26, Diff: 20, Sum: 216]
      [Scan RS (ms): Min: 9.8, Avg: 10.2, Max: 10.6, Diff: 0.8, Sum: 133.2]
      [Code Root Scanning (ms): Min: 0.0, Avg: 0.0, Max: 0.0, Diff: 0.0, Sum: 0.1]
      [Object Copy (ms): Min: 85.7, Avg: 85.9, Max: 86.0, Diff: 0.3, Sum: 1116.2]
      [Termination (ms): Min: 0.0, Avg: 0.0, Max: 0.0, Diff: 0.0, Sum: 0.0]
      [GC Worker Other (ms): Min: 0.0, Avg: 0.1, Max: 0.1, Diff: 0.1, Sum: 0.8]
      [GC Worker Total (ms): Min: 104.3, Avg: 104.4, Max: 104.5, Diff: 0.2, Sum: 1357.7]
      [GC Worker End (ms): Min: 67653.4, Avg: 67653.4, Max: 67653.5, Diff: 0.1]
   [Code Root Fixup: 0.4 ms]
   [Code Root Migration: 0.0 ms]
   [Clear CT: 2.0 ms]
   [Other: 8.6 ms]
      [Choose CSet: 0.0 ms]
      [Ref Proc: 4.0 ms]
      [Ref Enq: 0.3 ms]
      [Free CSet: 1.2 ms]
   [Eden: 1064.0M(1064.0M)->0.0B(1064.0M) Survivors: 160.0M->160.0M Heap: 9552.0M(24.0G)->8692.0M(24.0G)]
 [Times: user=1.37 sys=0.02, real=0.11 secs] 
2014-04-16T09:42:51.723+0900: 68.593: [GC pause (G1 Evacuation Pause) (young) (initial-mark), 0.1201282 secs]
   [Parallel Time: 107.7 ms, GC Workers: 13]
      [GC Worker Start (ms): Min: 68594.3, Avg: 68594.4, Max: 68594.5, Diff: 0.1]
      [Ext Root Scanning (ms): Min: 1.3, Avg: 1.5, Max: 3.8, Diff: 2.5, Sum: 19.5]
      [Code Root Marking (ms): Min: 0.1, Avg: 1.0, Max: 6.0, Diff: 5.9, Sum: 12.8]
      [Update RS (ms): Min: 1.2, Avg: 9.1, Max: 42.1, Diff: 40.9, Sum: 118.5]
         [Processed Buffers: Min: 5, Avg: 15.1, Max: 31, Diff: 26, Sum: 196]
      [Scan RS (ms): Min: 0.0, Avg: 11.5, Max: 12.9, Diff: 12.8, Sum: 149.5]
      [Code Root Scanning (ms): Min: 0.0, Avg: 0.0, Max: 0.0, Diff: 0.0, Sum: 0.1]
      [Object Copy (ms): Min: 63.5, Avg: 84.2, Max: 86.4, Diff: 22.9, Sum: 1095.2]
      [Termination (ms): Min: 0.0, Avg: 0.0, Max: 0.0, Diff: 0.0, Sum: 0.0]
      [GC Worker Other (ms): Min: 0.0, Avg: 0.1, Max: 0.1, Diff: 0.1, Sum: 0.8]
      [GC Worker Total (ms): Min: 107.3, Avg: 107.4, Max: 107.5, Diff: 0.2, Sum: 1396.4]
      [GC Worker End (ms): Min: 68701.8, Avg: 68701.8, Max: 68701.9, Diff: 0.1]
   [Code Root Fixup: 0.4 ms]
   [Code Root Migration: 0.0 ms]
   [Clear CT: 2.1 ms]
   [Other: 9.9 ms]
      [Choose CSet: 0.0 ms]
      [Ref Proc: 4.1 ms]
      [Ref Enq: 0.3 ms]
      [Free CSet: 1.3 ms]
   [Eden: 1064.0M(1064.0M)->0.0B(1064.0M) Survivors: 160.0M->160.0M Heap: 9756.0M(24.0G)->8904.0M(24.0G)]
 [Times: user=1.43 sys=0.02, real=0.12 secs] 
2014-04-16T09:42:51.844+0900: 68.714: [GC concurrent-root-region-scan-start]
2014-04-16T09:42:51.883+0900: 68.753: [GC concurrent-root-region-scan-end, 0.0390983 secs]
2014-04-16T09:42:51.883+0900: 68.753: [GC concurrent-mark-start]
2014-04-16T09:42:53.148+0900: 70.018: [GC pause (G1 Evacuation Pause) (young), 0.1260149 secs]
   [Parallel Time: 114.1 ms, GC Workers: 13]
      [GC Worker Start (ms): Min: 70018.9, Avg: 70019.0, Max: 70019.0, Diff: 0.1]
      [Ext Root Scanning (ms): Min: 1.4, Avg: 1.5, Max: 2.1, Diff: 0.7, Sum: 20.1]
      [SATB Filtering (ms): Min: 0.0, Avg: 0.1, Max: 1.8, Diff: 1.8, Sum: 1.8]
      [Update RS (ms): Min: 5.2, Avg: 12.4, Max: 39.8, Diff: 34.6, Sum: 161.4]
         [Processed Buffers: Min: 2, Avg: 14.8, Max: 29, Diff: 27, Sum: 193]
      [Scan RS (ms): Min: 0.0, Avg: 11.3, Max: 14.9, Diff: 14.9, Sum: 146.3]
      [Code Root Scanning (ms): Min: 0.0, Avg: 0.0, Max: 0.0, Diff: 0.0, Sum: 0.1]
      [Object Copy (ms): Min: 72.0, Avg: 88.0, Max: 90.7, Diff: 18.7, Sum: 1144.5]
      [Termination (ms): Min: 0.0, Avg: 0.4, Max: 0.5, Diff: 0.5, Sum: 5.6]
      [GC Worker Other (ms): Min: 0.0, Avg: 0.1, Max: 0.1, Diff: 0.1, Sum: 0.8]
      [GC Worker Total (ms): Min: 113.8, Avg: 113.9, Max: 114.0, Diff: 0.2, Sum: 1480.6]
      [GC Worker End (ms): Min: 70132.8, Avg: 70132.8, Max: 70132.9, Diff: 0.1]
   [Code Root Fixup: 0.4 ms]
   [Code Root Migration: 0.0 ms]
   [Clear CT: 2.2 ms]
   [Other: 9.3 ms]
      [Choose CSet: 0.0 ms]
      [Ref Proc: 4.5 ms]
      [Ref Enq: 0.3 ms]
      [Free CSet: 1.3 ms]
   [Eden: 1064.0M(1064.0M)->0.0B(1064.0M) Survivors: 160.0M->160.0M Heap: 9968.0M(24.0G)->9092.0M(24.0G)]
 [Times: user=1.48 sys=0.04, real=0.12 secs] 
2014-04-16T09:42:53.491+0900: 70.361: [GC concurrent-mark-end, 1.6078590 secs]
2014-04-16T09:42:53.492+0900: 70.362: [GC remark 70.407: [GC ref-proc, 0.0056308 secs], 0.0762617 secs]
 [Times: user=0.84 sys=0.00, real=0.08 secs] 
2014-04-16T09:42:53.570+0900: 70.440: [GC cleanup 9256M->9256M(24G), 0.0174610 secs]
 [Times: user=0.22 sys=0.00, real=0.02 secs] 
2014-04-16T09:42:54.356+0900: 71.226: [GC pause (G1 Evacuation Pause) (young), 0.1176997 secs]
   [Parallel Time: 105.9 ms, GC Workers: 13]
      [GC Worker Start (ms): Min: 71226.6, Avg: 71226.7, Max: 71226.8, Diff: 0.1]
      [Ext Root Scanning (ms): Min: 1.0, Avg: 1.5, Max: 2.0, Diff: 1.0, Sum: 19.0]
      [Update RS (ms): Min: 5.9, Avg: 6.5, Max: 9.2, Diff: 3.4, Sum: 84.8]
         [Processed Buffers: Min: 7, Avg: 16.1, Max: 28, Diff: 21, Sum: 209]
      [Scan RS (ms): Min: 8.2, Avg: 10.9, Max: 11.4, Diff: 3.2, Sum: 141.7]
      [Code Root Scanning (ms): Min: 0.0, Avg: 0.0, Max: 0.0, Diff: 0.0, Sum: 0.1]
      [Object Copy (ms): Min: 86.5, Avg: 86.6, Max: 87.2, Diff: 0.6, Sum: 1126.3]
      [Termination (ms): Min: 0.0, Avg: 0.1, Max: 0.1, Diff: 0.1, Sum: 0.7]
      [GC Worker Other (ms): Min: 0.0, Avg: 0.0, Max: 0.1, Diff: 0.1, Sum: 0.5]
      [GC Worker Total (ms): Min: 105.6, Avg: 105.6, Max: 105.7, Diff: 0.2, Sum: 1373.1]
      [GC Worker End (ms): Min: 71332.3, Avg: 71332.3, Max: 71332.4, Diff: 0.1]
   [Code Root Fixup: 0.5 ms]
   [Code Root Migration: 0.0 ms]
   [Clear CT: 2.2 ms]
   [Other: 9.1 ms]
      [Choose CSet: 0.0 ms]
      [Ref Proc: 4.1 ms]
      [Ref Enq: 0.4 ms]
      [Free CSet: 1.3 ms]
   [Eden: 1064.0M(1064.0M)->0.0B(1064.0M) Survivors: 160.0M->160.0M Heap: 10156.0M(24.0G)->9304.0M(24.0G)]
 [Times: user=1.38 sys=0.05, real=0.11 secs] 
2014-04-16T09:42:55.379+0900: 72.249: [GC pause (G1 Evacuation Pause) (mixed), 0.1357684 secs]
   [Parallel Time: 120.6 ms, GC Workers: 13]
      [GC Worker Start (ms): Min: 72249.6, Avg: 72249.6, Max: 72249.7, Diff: 0.1]
      [Ext Root Scanning (ms): Min: 1.3, Avg: 1.5, Max: 2.0, Diff: 0.7, Sum: 19.1]
      [Update RS (ms): Min: 6.2, Avg: 6.6, Max: 7.4, Diff: 1.2, Sum: 86.0]
         [Processed Buffers: Min: 5, Avg: 15.5, Max: 34, Diff: 29, Sum: 201]
      [Scan RS (ms): Min: 19.6, Avg: 20.5, Max: 22.5, Diff: 2.9, Sum: 267.1]
      [Code Root Scanning (ms): Min: 0.0, Avg: 0.0, Max: 0.0, Diff: 0.0, Sum: 0.1]
      [Object Copy (ms): Min: 89.9, Avg: 91.7, Max: 92.0, Diff: 2.1, Sum: 1191.7]
      [Termination (ms): Min: 0.0, Avg: 0.0, Max: 0.0, Diff: 0.0, Sum: 0.0]
      [GC Worker Other (ms): Min: 0.0, Avg: 0.1, Max: 0.1, Diff: 0.1, Sum: 0.9]
      [GC Worker Total (ms): Min: 120.3, Avg: 120.4, Max: 120.5, Diff: 0.2, Sum: 1564.9]
      [GC Worker End (ms): Min: 72370.0, Avg: 72370.0, Max: 72370.1, Diff: 0.1]
   [Code Root Fixup: 0.4 ms]
   [Code Root Migration: 0.1 ms]
   [Clear CT: 2.5 ms]
   [Other: 12.2 ms]
      [Choose CSet: 0.3 ms]
      [Ref Proc: 5.6 ms]
      [Ref Enq: 0.3 ms]
      [Free CSet: 2.1 ms]
   [Eden: 1064.0M(1064.0M)->0.0B(1064.0M) Survivors: 160.0M->160.0M Heap: 10.1G(24.0G)->8996.0M(24.0G)]
 [Times: user=1.56 sys=0.07, real=0.13 secs] 
2014-04-16T09:42:56.429+0900: 73.300: [GC pause (G1 Evacuation Pause) (young), 0.1261053 secs]
   [Parallel Time: 113.9 ms, GC Workers: 13]
      [GC Worker Start (ms): Min: 73300.1, Avg: 73300.2, Max: 73300.3, Diff: 0.2]
      [Ext Root Scanning (ms): Min: 1.4, Avg: 1.5, Max: 2.1, Diff: 0.7, Sum: 19.6]
      [Update RS (ms): Min: 5.6, Avg: 11.2, Max: 42.7, Diff: 37.1, Sum: 145.6]
         [Processed Buffers: Min: 1, Avg: 16.1, Max: 33, Diff: 32, Sum: 209]
      [Scan RS (ms): Min: 0.0, Avg: 12.2, Max: 15.1, Diff: 15.1, Sum: 158.2]
      [Code Root Scanning (ms): Min: 0.0, Avg: 0.0, Max: 0.0, Diff: 0.0, Sum: 0.1]
      [Object Copy (ms): Min: 69.3, Avg: 88.6, Max: 91.2, Diff: 21.8, Sum: 1152.1]
      [Termination (ms): Min: 0.0, Avg: 0.1, Max: 0.2, Diff: 0.2, Sum: 1.8]
      [GC Worker Other (ms): Min: 0.0, Avg: 0.0, Max: 0.1, Diff: 0.0, Sum: 0.4]
      [GC Worker Total (ms): Min: 113.6, Avg: 113.7, Max: 113.8, Diff: 0.2, Sum: 1477.8]
      [GC Worker End (ms): Min: 73413.8, Avg: 73413.8, Max: 73413.9, Diff: 0.1]
   [Code Root Fixup: 0.4 ms]
   [Code Root Migration: 0.0 ms]
   [Clear CT: 2.1 ms]
   [Other: 9.7 ms]
      [Choose CSet: 0.0 ms]
      [Ref Proc: 4.5 ms]
      [Ref Enq: 0.3 ms]
      [Free CSet: 1.4 ms]
   [Eden: 1064.0M(1064.0M)->0.0B(1064.0M) Survivors: 160.0M->160.0M Heap: 10060.0M(24.0G)->9188.0M(24.0G)]
 [Times: user=1.52 sys=0.01, real=0.13 secs] 
2014-04-16T09:42:57.469+0900: 74.340: [GC pause (G1 Evacuation Pause) (young) (initial-mark), 0.1193804 secs]
   [Parallel Time: 106.5 ms, GC Workers: 13]
      [GC Worker Start (ms): Min: 74340.4, Avg: 74340.5, Max: 74340.5, Diff: 0.1]
      [Ext Root Scanning (ms): Min: 1.2, Avg: 1.5, Max: 3.9, Diff: 2.7, Sum: 19.6]
      [Code Root Marking (ms): Min: 0.1, Avg: 0.8, Max: 6.1, Diff: 6.0, Sum: 11.0]
      [Update RS (ms): Min: 1.1, Avg: 6.6, Max: 8.3, Diff: 7.1, Sum: 85.4]
         [Processed Buffers: Min: 5, Avg: 15.3, Max: 29, Diff: 24, Sum: 199]
      [Scan RS (ms): Min: 10.6, Avg: 11.6, Max: 12.1, Diff: 1.6, Sum: 150.3]
      [Code Root Scanning (ms): Min: 0.0, Avg: 0.0, Max: 0.0, Diff: 0.0, Sum: 0.0]
      [Object Copy (ms): Min: 85.5, Avg: 85.7, Max: 86.2, Diff: 0.7, Sum: 1114.6]
      [Termination (ms): Min: 0.0, Avg: 0.0, Max: 0.0, Diff: 0.0, Sum: 0.0]
      [GC Worker Other (ms): Min: 0.0, Avg: 0.1, Max: 0.1, Diff: 0.1, Sum: 0.7]
      [GC Worker Total (ms): Min: 106.2, Avg: 106.3, Max: 106.4, Diff: 0.2, Sum: 1381.7]
      [GC Worker End (ms): Min: 74446.7, Avg: 74446.7, Max: 74446.8, Diff: 0.1]
   [Code Root Fixup: 0.4 ms]
   [Code Root Migration: 0.0 ms]
   [Clear CT: 2.2 ms]
   [Other: 10.2 ms]
      [Choose CSet: 0.0 ms]
      [Ref Proc: 4.0 ms]
      [Ref Enq: 0.3 ms]
      [Free CSet: 1.4 ms]
   [Eden: 1064.0M(1064.0M)->0.0B(1064.0M) Survivors: 160.0M->160.0M Heap: 10.0G(24.0G)->9388.0M(24.0G)]
 [Times: user=1.43 sys=0.01, real=0.12 secs] 
2014-04-16T09:42:57.589+0900: 74.459: [GC concurrent-root-region-scan-start]
2014-04-16T09:42:57.640+0900: 74.511: [GC concurrent-root-region-scan-end, 0.0514255 secs]
2014-04-16T09:42:57.640+0900: 74.511: [GC concurrent-mark-start]
2014-04-16T09:42:58.769+0900: 75.640: [GC pause (G1 Evacuation Pause) (young), 0.1211276 secs]
   [Parallel Time: 108.7 ms, GC Workers: 13]
      [GC Worker Start (ms): Min: 75640.1, Avg: 75640.2, Max: 75640.3, Diff: 0.1]
      [Ext Root Scanning (ms): Min: 1.4, Avg: 1.5, Max: 2.0, Diff: 0.7, Sum: 19.5]
      [SATB Filtering (ms): Min: 0.0, Avg: 0.2, Max: 2.5, Diff: 2.5, Sum: 2.5]
      [Update RS (ms): Min: 4.4, Avg: 6.6, Max: 7.3, Diff: 2.8, Sum: 85.8]
         [Processed Buffers: Min: 7, Avg: 15.6, Max: 31, Diff: 24, Sum: 203]
      [Scan RS (ms): Min: 10.9, Avg: 11.3, Max: 11.8, Diff: 0.8, Sum: 146.7]
      [Code Root Scanning (ms): Min: 0.0, Avg: 0.0, Max: 0.0, Diff: 0.0, Sum: 0.1]
      [Object Copy (ms): Min: 88.6, Avg: 88.8, Max: 88.9, Diff: 0.3, Sum: 1154.2]
      [Termination (ms): Min: 0.0, Avg: 0.0, Max: 0.0, Diff: 0.0, Sum: 0.1]
      [GC Worker Other (ms): Min: 0.0, Avg: 0.1, Max: 0.1, Diff: 0.1, Sum: 0.8]
      [GC Worker Total (ms): Min: 108.3, Avg: 108.4, Max: 108.5, Diff: 0.2, Sum: 1409.7]
      [GC Worker End (ms): Min: 75748.6, Avg: 75748.6, Max: 75748.7, Diff: 0.1]
   [Code Root Fixup: 0.5 ms]
   [Code Root Migration: 0.1 ms]
   [Clear CT: 2.3 ms]
   [Other: 9.7 ms]
      [Choose CSet: 0.0 ms]
      [Ref Proc: 4.4 ms]
      [Ref Enq: 0.3 ms]
      [Free CSet: 1.4 ms]
   [Eden: 1064.0M(1064.0M)->0.0B(1064.0M) Survivors: 160.0M->160.0M Heap: 10.2G(24.0G)->9584.0M(24.0G)]
 [Times: user=1.44 sys=0.03, real=0.12 secs] 
2014-04-16T09:42:59.286+0900: 76.156: [GC concurrent-mark-end, 1.6452693 secs]
2014-04-16T09:42:59.287+0900: 76.158: [GC remark 76.200: [GC ref-proc, 0.0058827 secs], 0.0743028 secs]
 [Times: user=0.82 sys=0.00, real=0.07 secs] 
2014-04-16T09:42:59.363+0900: 76.233: [GC cleanup 9927M->9927M(24G), 0.0180364 secs]
 [Times: user=0.22 sys=0.00, real=0.02 secs] 
2014-04-16T09:42:59.988+0900: 76.858: [GC pause (G1 Evacuation Pause) (young), 0.1217578 secs]
   [Parallel Time: 109.7 ms, GC Workers: 13]
      [GC Worker Start (ms): Min: 76858.8, Avg: 76858.9, Max: 76858.9, Diff: 0.2]
      [Ext Root Scanning (ms): Min: 1.3, Avg: 1.4, Max: 1.7, Diff: 0.4, Sum: 18.6]
      [Update RS (ms): Min: 5.9, Avg: 6.4, Max: 7.6, Diff: 1.7, Sum: 83.3]
         [Processed Buffers: Min: 5, Avg: 15.7, Max: 32, Diff: 27, Sum: 204]
      [Scan RS (ms): Min: 10.4, Avg: 11.7, Max: 12.3, Diff: 1.9, Sum: 151.9]
      [Code Root Scanning (ms): Min: 0.0, Avg: 0.0, Max: 0.0, Diff: 0.0, Sum: 0.1]
      [Object Copy (ms): Min: 89.6, Avg: 89.8, Max: 90.0, Diff: 0.3, Sum: 1168.0]
      [Termination (ms): Min: 0.0, Avg: 0.0, Max: 0.0, Diff: 0.0, Sum: 0.3]
      [GC Worker Other (ms): Min: 0.0, Avg: 0.0, Max: 0.1, Diff: 0.1, Sum: 0.6]
      [GC Worker Total (ms): Min: 109.4, Avg: 109.5, Max: 109.6, Diff: 0.2, Sum: 1422.9]
      [GC Worker End (ms): Min: 76968.3, Avg: 76968.3, Max: 76968.4, Diff: 0.1]
   [Code Root Fixup: 0.4 ms]
   [Code Root Migration: 0.1 ms]
   [Clear CT: 2.3 ms]
   [Other: 9.2 ms]
      [Choose CSet: 0.0 ms]
      [Ref Proc: 4.0 ms]
      [Ref Enq: 0.4 ms]
      [Free CSet: 1.3 ms]
   [Eden: 1064.0M(1064.0M)->0.0B(1064.0M) Survivors: 160.0M->160.0M Heap: 10.4G(24.0G)->9780.0M(24.0G)]
 [Times: user=1.42 sys=0.06, real=0.12 secs] 
2014-04-16T09:43:01.016+0900: 77.886: [GC pause (G1 Evacuation Pause) (mixed), 0.1338126 secs]
   [Parallel Time: 119.3 ms, GC Workers: 13]
      [GC Worker Start (ms): Min: 77886.6, Avg: 77886.7, Max: 77886.8, Diff: 0.1]
      [Ext Root Scanning (ms): Min: 1.1, Avg: 1.5, Max: 2.1, Diff: 1.0, Sum: 19.5]
      [Update RS (ms): Min: 6.3, Avg: 6.9, Max: 8.0, Diff: 1.7, Sum: 90.3]
         [Processed Buffers: Min: 5, Avg: 15.7, Max: 25, Diff: 20, Sum: 204]
      [Scan RS (ms): Min: 17.7, Avg: 18.6, Max: 18.9, Diff: 1.2, Sum: 241.6]
      [Code Root Scanning (ms): Min: 0.0, Avg: 0.0, Max: 0.0, Diff: 0.0, Sum: 0.1]
      [Object Copy (ms): Min: 91.8, Avg: 91.9, Max: 92.3, Diff: 0.5, Sum: 1194.7]
      [Termination (ms): Min: 0.0, Avg: 0.0, Max: 0.1, Diff: 0.1, Sum: 0.6]
      [GC Worker Other (ms): Min: 0.0, Avg: 0.0, Max: 0.1, Diff: 0.0, Sum: 0.5]
      [GC Worker Total (ms): Min: 118.9, Avg: 119.0, Max: 119.1, Diff: 0.2, Sum: 1547.2]
      [GC Worker End (ms): Min: 78005.7, Avg: 78005.7, Max: 78005.8, Diff: 0.1]
   [Code Root Fixup: 0.4 ms]
   [Code Root Migration: 0.1 ms]
   [Clear CT: 2.8 ms]
   [Other: 11.3 ms]
      [Choose CSet: 0.2 ms]
      [Ref Proc: 4.9 ms]
      [Ref Enq: 0.3 ms]
      [Free CSet: 1.9 ms]
   [Eden: 1064.0M(1064.0M)->0.0B(1064.0M) Survivors: 160.0M->160.0M Heap: 10.6G(24.0G)->9536.0M(24.0G)]
 [Times: user=1.54 sys=0.06, real=0.14 secs] 
2014-04-16T09:43:02.087+0900: 78.958: [GC pause (G1 Evacuation Pause) (young), 0.1205478 secs]
   [Parallel Time: 108.5 ms, GC Workers: 13]
      [GC Worker Start (ms): Min: 78958.0, Avg: 78958.1, Max: 78958.2, Diff: 0.1]
      [Ext Root Scanning (ms): Min: 1.4, Avg: 1.5, Max: 2.1, Diff: 0.7, Sum: 20.1]
      [Update RS (ms): Min: 6.6, Avg: 7.1, Max: 8.2, Diff: 1.5, Sum: 92.6]
         [Processed Buffers: Min: 5, Avg: 15.0, Max: 26, Diff: 21, Sum: 195]
      [Scan RS (ms): Min: 11.2, Avg: 12.2, Max: 12.7, Diff: 1.5, Sum: 158.5]
      [Code Root Scanning (ms): Min: 0.0, Avg: 0.0, Max: 0.0, Diff: 0.0, Sum: 0.0]
      [Object Copy (ms): Min: 87.3, Avg: 87.4, Max: 87.5, Diff: 0.2, Sum: 1135.8]
      [Termination (ms): Min: 0.0, Avg: 0.0, Max: 0.0, Diff: 0.0, Sum: 0.0]
      [GC Worker Other (ms): Min: 0.0, Avg: 0.1, Max: 0.1, Diff: 0.1, Sum: 0.7]
      [GC Worker Total (ms): Min: 108.2, Avg: 108.3, Max: 108.4, Diff: 0.2, Sum: 1407.7]
      [GC Worker End (ms): Min: 79066.4, Avg: 79066.4, Max: 79066.4, Diff: 0.1]
   [Code Root Fixup: 0.3 ms]
   [Code Root Migration: 0.1 ms]
   [Clear CT: 2.4 ms]
   [Other: 9.3 ms]
      [Choose CSet: 0.0 ms]
      [Ref Proc: 4.3 ms]
      [Ref Enq: 0.3 ms]
      [Free CSet: 1.3 ms]
   [Eden: 1064.0M(1064.0M)->0.0B(1064.0M) Survivors: 160.0M->160.0M Heap: 10.4G(24.0G)->9744.0M(24.0G)]
 [Times: user=1.44 sys=0.02, real=0.12 secs] 
2014-04-16T09:43:03.113+0900: 79.983: [GC pause (G1 Evacuation Pause) (young) (initial-mark), 0.1215668 secs]
   [Parallel Time: 108.0 ms, GC Workers: 13]
      [GC Worker Start (ms): Min: 79984.0, Avg: 79984.1, Max: 79984.1, Diff: 0.1]
      [Ext Root Scanning (ms): Min: 1.2, Avg: 1.4, Max: 3.1, Diff: 1.9, Sum: 18.6]
      [Code Root Marking (ms): Min: 0.1, Avg: 0.7, Max: 4.3, Diff: 4.2, Sum: 8.9]
      [Update RS (ms): Min: 3.3, Avg: 7.2, Max: 8.8, Diff: 5.5, Sum: 94.0]
         [Processed Buffers: Min: 7, Avg: 15.9, Max: 31, Diff: 24, Sum: 207]
      [Scan RS (ms): Min: 11.0, Avg: 12.2, Max: 12.7, Diff: 1.7, Sum: 158.5]
      [Code Root Scanning (ms): Min: 0.0, Avg: 0.0, Max: 0.0, Diff: 0.0, Sum: 0.1]
      [Object Copy (ms): Min: 86.0, Avg: 86.2, Max: 86.5, Diff: 0.5, Sum: 1120.3]
      [Termination (ms): Min: 0.0, Avg: 0.0, Max: 0.0, Diff: 0.0, Sum: 0.0]
      [GC Worker Other (ms): Min: 0.0, Avg: 0.1, Max: 0.1, Diff: 0.1, Sum: 0.7]
      [GC Worker Total (ms): Min: 107.7, Avg: 107.8, Max: 107.9, Diff: 0.2, Sum: 1401.0]
      [GC Worker End (ms): Min: 80091.8, Avg: 80091.8, Max: 80091.9, Diff: 0.1]
   [Code Root Fixup: 0.4 ms]
   [Code Root Migration: 0.0 ms]
   [Clear CT: 2.4 ms]
   [Other: 10.7 ms]
      [Choose CSet: 0.0 ms]
      [Ref Proc: 4.3 ms]
      [Ref Enq: 0.3 ms]
      [Free CSet: 1.4 ms]
   [Eden: 1064.0M(1064.0M)->0.0B(1064.0M) Survivors: 160.0M->160.0M Heap: 10.6G(24.0G)->9948.0M(24.0G)]
 [Times: user=1.44 sys=0.01, real=0.12 secs] 
2014-04-16T09:43:03.235+0900: 80.105: [GC concurrent-root-region-scan-start]
2014-04-16T09:43:03.274+0900: 80.144: [GC concurrent-root-region-scan-end, 0.0394959 secs]
2014-04-16T09:43:03.274+0900: 80.144: [GC concurrent-mark-start]
2014-04-16T09:43:04.441+0900: 81.311: [GC pause (G1 Evacuation Pause) (young), 0.1231535 secs]
   [Parallel Time: 110.6 ms, GC Workers: 13]
      [GC Worker Start (ms): Min: 81311.3, Avg: 81311.4, Max: 81311.4, Diff: 0.2]
      [Ext Root Scanning (ms): Min: 1.4, Avg: 1.5, Max: 1.8, Diff: 0.4, Sum: 19.3]
      [SATB Filtering (ms): Min: 0.0, Avg: 0.1, Max: 1.9, Diff: 1.9, Sum: 1.9]
      [Update RS (ms): Min: 5.2, Avg: 6.6, Max: 7.6, Diff: 2.4, Sum: 85.2]
         [Processed Buffers: Min: 3, Avg: 15.2, Max: 37, Diff: 34, Sum: 198]
      [Scan RS (ms): Min: 10.9, Avg: 11.8, Max: 12.5, Diff: 1.5, Sum: 154.0]
      [Code Root Scanning (ms): Min: 0.0, Avg: 0.0, Max: 0.0, Diff: 0.0, Sum: 0.1]
      [Object Copy (ms): Min: 90.1, Avg: 90.3, Max: 90.5, Diff: 0.3, Sum: 1173.7]
      [Termination (ms): Min: 0.0, Avg: 0.0, Max: 0.0, Diff: 0.0, Sum: 0.1]
      [GC Worker Other (ms): Min: 0.0, Avg: 0.1, Max: 0.1, Diff: 0.1, Sum: 0.7]
      [GC Worker Total (ms): Min: 110.3, Avg: 110.4, Max: 110.5, Diff: 0.2, Sum: 1434.8]
      [GC Worker End (ms): Min: 81421.7, Avg: 81421.7, Max: 81421.8, Diff: 0.1]
   [Code Root Fixup: 0.4 ms]
   [Code Root Migration: 0.0 ms]
   [Clear CT: 2.5 ms]
   [Other: 9.5 ms]
      [Choose CSet: 0.0 ms]
      [Ref Proc: 4.1 ms]
      [Ref Enq: 0.3 ms]
      [Free CSet: 1.4 ms]
   [Eden: 1064.0M(1064.0M)->0.0B(1064.0M) Survivors: 160.0M->160.0M Heap: 10.8G(24.0G)->10156.0M(24.0G)]
 [Times: user=1.45 sys=0.04, real=0.12 secs] 
2014-04-16T09:43:05.267+0900: 82.137: [GC concurrent-mark-end, 1.9926976 secs]
2014-04-16T09:43:05.268+0900: 82.139: [GC remark 82.176: [GC ref-proc, 0.0058604 secs], 0.0706440 secs]
 [Times: user=0.77 sys=0.00, real=0.07 secs] 
2014-04-16T09:43:05.341+0900: 82.211: [GC cleanup 10G->10G(24G), 0.0185549 secs]
 [Times: user=0.23 sys=0.00, real=0.02 secs] 
2014-04-16T09:43:05.765+0900: 82.635: [GC pause (G1 Evacuation Pause) (young), 0.1222242 secs]
   [Parallel Time: 109.1 ms, GC Workers: 13]
      [GC Worker Start (ms): Min: 82635.6, Avg: 82635.7, Max: 82635.8, Diff: 0.2]
      [Ext Root Scanning (ms): Min: 1.1, Avg: 1.5, Max: 2.1, Diff: 1.0, Sum: 19.4]
      [Update RS (ms): Min: 6.4, Avg: 6.8, Max: 8.2, Diff: 1.8, Sum: 88.7]
         [Processed Buffers: Min: 6, Avg: 15.8, Max: 29, Diff: 23, Sum: 206]
      [Scan RS (ms): Min: 10.7, Avg: 12.7, Max: 13.4, Diff: 2.7, Sum: 165.1]
      [Code Root Scanning (ms): Min: 0.0, Avg: 0.0, Max: 0.0, Diff: 0.0, Sum: 0.1]
      [Object Copy (ms): Min: 87.5, Avg: 87.8, Max: 88.3, Diff: 0.7, Sum: 1141.1]
      [Termination (ms): Min: 0.0, Avg: 0.0, Max: 0.0, Diff: 0.0, Sum: 0.0]
      [GC Worker Other (ms): Min: 0.0, Avg: 0.1, Max: 0.1, Diff: 0.1, Sum: 0.7]
      [GC Worker Total (ms): Min: 108.8, Avg: 108.9, Max: 109.0, Diff: 0.2, Sum: 1415.1]
      [GC Worker End (ms): Min: 82744.5, Avg: 82744.6, Max: 82744.6, Diff: 0.1]
   [Code Root Fixup: 0.4 ms]
   [Code Root Migration: 0.0 ms]
   [Clear CT: 2.7 ms]
   [Other: 10.0 ms]
      [Choose CSet: 0.0 ms]
      [Ref Proc: 4.2 ms]
      [Ref Enq: 0.4 ms]
      [Free CSet: 1.4 ms]
   [Eden: 1064.0M(1064.0M)->0.0B(1064.0M) Survivors: 160.0M->160.0M Heap: 11.0G(24.0G)->10.1G(24.0G)]
 [Times: user=1.41 sys=0.06, real=0.12 secs] 
2014-04-16T09:43:06.816+0900: 83.686: [GC pause (G1 Evacuation Pause) (mixed), 0.1517226 secs]
   [Parallel Time: 136.2 ms, GC Workers: 13]
      [GC Worker Start (ms): Min: 83686.7, Avg: 83686.7, Max: 83686.8, Diff: 0.1]
      [Ext Root Scanning (ms): Min: 1.0, Avg: 1.5, Max: 2.3, Diff: 1.3, Sum: 19.9]
      [Update RS (ms): Min: 5.6, Avg: 18.4, Max: 47.5, Diff: 41.8, Sum: 239.3]
         [Processed Buffers: Min: 3, Avg: 15.2, Max: 24, Diff: 21, Sum: 198]
      [Scan RS (ms): Min: 0.0, Avg: 19.9, Max: 29.3, Diff: 29.3, Sum: 259.2]
      [Code Root Scanning (ms): Min: 0.0, Avg: 0.0, Max: 0.0, Diff: 0.0, Sum: 0.1]
      [Object Copy (ms): Min: 86.4, Avg: 95.7, Max: 98.5, Diff: 12.1, Sum: 1243.6]
      [Termination (ms): Min: 0.0, Avg: 0.4, Max: 0.4, Diff: 0.4, Sum: 4.8]
      [GC Worker Other (ms): Min: 0.0, Avg: 0.1, Max: 0.1, Diff: 0.1, Sum: 0.8]
      [GC Worker Total (ms): Min: 135.9, Avg: 136.0, Max: 136.1, Diff: 0.2, Sum: 1767.6]
      [GC Worker End (ms): Min: 83822.7, Avg: 83822.7, Max: 83822.8, Diff: 0.1]
   [Code Root Fixup: 0.4 ms]
   [Code Root Migration: 0.1 ms]
   [Clear CT: 2.9 ms]
   [Other: 12.2 ms]
      [Choose CSet: 0.2 ms]
      [Ref Proc: 4.8 ms]
      [Ref Enq: 0.4 ms]
      [Free CSet: 2.1 ms]
   [Eden: 1064.0M(1064.0M)->0.0B(1064.0M) Survivors: 160.0M->160.0M Heap: 11.2G(24.0G)->10120.0M(24.0G)]
 [Times: user=1.76 sys=0.07, real=0.16 secs] 
2014-04-16T09:43:07.923+0900: 84.793: [GC pause (G1 Evacuation Pause) (young), 0.1229531 secs]
   [Parallel Time: 110.0 ms, GC Workers: 13]
      [GC Worker Start (ms): Min: 84793.3, Avg: 84793.3, Max: 84793.4, Diff: 0.1]
      [Ext Root Scanning (ms): Min: 1.3, Avg: 1.4, Max: 2.0, Diff: 0.7, Sum: 18.6]
      [Update RS (ms): Min: 5.6, Avg: 6.6, Max: 8.0, Diff: 2.4, Sum: 86.0]
         [Processed Buffers: Min: 7, Avg: 16.1, Max: 31, Diff: 24, Sum: 209]
      [Scan RS (ms): Min: 11.2, Avg: 12.4, Max: 12.9, Diff: 1.7, Sum: 161.4]
      [Code Root Scanning (ms): Min: 0.0, Avg: 0.0, Max: 0.0, Diff: 0.0, Sum: 0.1]
      [Object Copy (ms): Min: 88.8, Avg: 88.9, Max: 89.3, Diff: 0.4, Sum: 1156.3]
      [Termination (ms): Min: 0.0, Avg: 0.3, Max: 0.3, Diff: 0.3, Sum: 3.8]
      [GC Worker Other (ms): Min: 0.0, Avg: 0.0, Max: 0.1, Diff: 0.0, Sum: 0.4]
      [GC Worker Total (ms): Min: 109.7, Avg: 109.7, Max: 109.8, Diff: 0.2, Sum: 1426.5]
      [GC Worker End (ms): Min: 84903.1, Avg: 84903.1, Max: 84903.1, Diff: 0.1]
   [Code Root Fixup: 0.5 ms]
   [Code Root Migration: 0.0 ms]
   [Clear CT: 2.5 ms]
   [Other: 9.9 ms]
      [Choose CSet: 0.0 ms]
      [Ref Proc: 4.1 ms]
      [Ref Enq: 0.3 ms]
      [Free CSet: 1.5 ms]
   [Eden: 1064.0M(1064.0M)->0.0B(1064.0M) Survivors: 160.0M->160.0M Heap: 10.9G(24.0G)->10.1G(24.0G)]
 [Times: user=1.46 sys=0.02, real=0.12 secs] 
2014-04-16T09:43:08.532+0900: 85.402: [GC pause (G1 Humongous Allocation) (young) (initial-mark), 0.0883636 secs]
   [Parallel Time: 76.9 ms, GC Workers: 13]
      [GC Worker Start (ms): Min: 85402.7, Avg: 85402.8, Max: 85402.9, Diff: 0.2]
      [Ext Root Scanning (ms): Min: 1.2, Avg: 1.5, Max: 4.0, Diff: 2.8, Sum: 19.6]
      [Code Root Marking (ms): Min: 0.1, Avg: 0.9, Max: 6.3, Diff: 6.2, Sum: 12.0]
      [Update RS (ms): Min: 1.8, Avg: 6.8, Max: 8.2, Diff: 6.4, Sum: 87.8]
         [Processed Buffers: Min: 6, Avg: 14.3, Max: 29, Diff: 23, Sum: 186]
      [Scan RS (ms): Min: 9.6, Avg: 10.2, Max: 11.1, Diff: 1.5, Sum: 132.7]
      [Code Root Scanning (ms): Min: 0.0, Avg: 0.0, Max: 0.0, Diff: 0.0, Sum: 0.0]
      [Object Copy (ms): Min: 56.4, Avg: 57.2, Max: 57.8, Diff: 1.3, Sum: 743.8]
      [Termination (ms): Min: 0.0, Avg: 0.0, Max: 0.0, Diff: 0.0, Sum: 0.0]
      [GC Worker Other (ms): Min: 0.0, Avg: 0.0, Max: 0.1, Diff: 0.1, Sum: 0.6]
      [GC Worker Total (ms): Min: 76.6, Avg: 76.7, Max: 76.7, Diff: 0.2, Sum: 996.5]
      [GC Worker End (ms): Min: 85479.4, Avg: 85479.5, Max: 85479.5, Diff: 0.1]
   [Code Root Fixup: 0.4 ms]
   [Code Root Migration: 0.0 ms]
   [Clear CT: 2.5 ms]
   [Other: 8.5 ms]
      [Choose CSet: 0.0 ms]
      [Ref Proc: 3.3 ms]
      [Ref Enq: 0.2 ms]
      [Free CSet: 0.9 ms]
   [Eden: 520.0M(1064.0M)->0.0B(1112.0M) Survivors: 160.0M->112.0M Heap: 10.6G(24.0G)->10.2G(24.0G)]
 [Times: user=1.13 sys=0.00, real=0.09 secs] 
2014-04-16T09:43:08.620+0900: 85.491: [GC concurrent-root-region-scan-start]
2014-04-16T09:43:08.641+0900: 85.511: [GC concurrent-root-region-scan-end, 0.0207178 secs]
2014-04-16T09:43:08.641+0900: 85.511: [GC concurrent-mark-start]
2014-04-16T09:43:10.130+0900: 87.000: [GC pause (G1 Evacuation Pause) (young), 0.2957916 secs]
   [Parallel Time: 283.5 ms, GC Workers: 13]
      [GC Worker Start (ms): Min: 87000.6, Avg: 87000.7, Max: 87000.8, Diff: 0.2]
      [Ext Root Scanning (ms): Min: 1.5, Avg: 1.6, Max: 1.8, Diff: 0.3, Sum: 20.9]
      [SATB Filtering (ms): Min: 0.0, Avg: 0.4, Max: 4.6, Diff: 4.6, Sum: 4.6]
      [Update RS (ms): Min: 8.5, Avg: 11.3, Max: 12.0, Diff: 3.5, Sum: 146.3]
         [Processed Buffers: Min: 7, Avg: 20.4, Max: 41, Diff: 34, Sum: 265]
      [Scan RS (ms): Min: 87.7, Avg: 89.2, Max: 89.7, Diff: 2.0, Sum: 1160.1]
      [Code Root Scanning (ms): Min: 0.0, Avg: 0.0, Max: 0.0, Diff: 0.0, Sum: 0.1]
      [Object Copy (ms): Min: 177.1, Avg: 177.9, Max: 180.5, Diff: 3.4, Sum: 2312.7]
      [Termination (ms): Min: 0.3, Avg: 2.8, Max: 3.6, Diff: 3.3, Sum: 37.0]
      [GC Worker Other (ms): Min: 0.0, Avg: 0.0, Max: 0.1, Diff: 0.0, Sum: 0.4]
      [GC Worker Total (ms): Min: 283.2, Avg: 283.2, Max: 283.3, Diff: 0.2, Sum: 3682.1]
      [GC Worker End (ms): Min: 87283.9, Avg: 87283.9, Max: 87284.0, Diff: 0.0]
   [Code Root Fixup: 0.4 ms]
   [Code Root Migration: 0.0 ms]
   [Clear CT: 2.7 ms]
   [Other: 9.2 ms]
      [Choose CSet: 0.0 ms]
      [Ref Proc: 4.1 ms]
      [Ref Enq: 0.3 ms]
      [Free CSet: 1.2 ms]
   [Eden: 1112.0M(1112.0M)->0.0B(1064.0M) Survivors: 112.0M->160.0M Heap: 11.3G(24.0G)->10.4G(24.0G)]
 [Times: user=3.10 sys=0.12, real=0.29 secs] 
2014-04-16T09:43:10.839+0900: 87.709: [GC concurrent-mark-end, 2.1975651 secs]
2014-04-16T09:43:10.840+0900: 87.711: [GC remark 87.769: [GC ref-proc, 0.0059873 secs], 0.0955365 secs]
 [Times: user=1.09 sys=0.00, real=0.09 secs] 
2014-04-16T09:43:10.938+0900: 87.808: [GC cleanup 10G->10G(24G), 0.0218343 secs]
 [Times: user=0.27 sys=0.01, real=0.03 secs] 
2014-04-16T09:43:11.622+0900: 88.492: [GC pause (G1 Evacuation Pause) (young), 0.1919074 secs]
   [Parallel Time: 179.1 ms, GC Workers: 13]
      [GC Worker Start (ms): Min: 88492.6, Avg: 88492.7, Max: 88492.8, Diff: 0.1]
      [Ext Root Scanning (ms): Min: 1.2, Avg: 1.6, Max: 1.9, Diff: 0.7, Sum: 20.2]
      [Update RS (ms): Min: 5.9, Avg: 6.3, Max: 8.2, Diff: 2.2, Sum: 82.3]
         [Processed Buffers: Min: 7, Avg: 15.8, Max: 24, Diff: 17, Sum: 205]
      [Scan RS (ms): Min: 46.8, Avg: 48.5, Max: 49.1, Diff: 2.2, Sum: 630.3]
      [Code Root Scanning (ms): Min: 0.0, Avg: 0.0, Max: 0.0, Diff: 0.0, Sum: 0.1]
      [Object Copy (ms): Min: 122.1, Avg: 122.3, Max: 122.7, Diff: 0.6, Sum: 1589.9]
      [Termination (ms): Min: 0.0, Avg: 0.2, Max: 0.2, Diff: 0.2, Sum: 2.0]
      [GC Worker Other (ms): Min: 0.0, Avg: 0.1, Max: 0.1, Diff: 0.1, Sum: 0.8]
      [GC Worker Total (ms): Min: 178.8, Avg: 178.9, Max: 179.0, Diff: 0.2, Sum: 2325.6]
      [GC Worker End (ms): Min: 88671.5, Avg: 88671.6, Max: 88671.6, Diff: 0.1]
   [Code Root Fixup: 0.3 ms]
   [Code Root Migration: 0.0 ms]
   [Clear CT: 2.6 ms]
   [Other: 9.8 ms]
      [Choose CSet: 0.0 ms]
      [Ref Proc: 4.0 ms]
      [Ref Enq: 0.4 ms]
      [Free CSet: 1.3 ms]
   [Eden: 1064.0M(1064.0M)->0.0B(1064.0M) Survivors: 160.0M->160.0M Heap: 11.5G(24.0G)->10.6G(24.0G)]
 [Times: user=2.31 sys=0.07, real=0.19 secs] 
2014-04-16T09:43:12.857+0900: 89.727: [GC pause (G1 Evacuation Pause) (mixed), 0.1351751 secs]
   [Parallel Time: 120.0 ms, GC Workers: 13]
      [GC Worker Start (ms): Min: 89728.0, Avg: 89728.1, Max: 89728.2, Diff: 0.1]
      [Ext Root Scanning (ms): Min: 1.1, Avg: 1.6, Max: 2.1, Diff: 1.0, Sum: 20.2]
      [Update RS (ms): Min: 5.2, Avg: 6.1, Max: 7.1, Diff: 2.0, Sum: 79.7]
         [Processed Buffers: Min: 8, Avg: 14.5, Max: 23, Diff: 15, Sum: 188]
      [Scan RS (ms): Min: 18.1, Avg: 19.0, Max: 19.4, Diff: 1.4, Sum: 247.0]
      [Code Root Scanning (ms): Min: 0.0, Avg: 0.0, Max: 0.0, Diff: 0.0, Sum: 0.1]
      [Object Copy (ms): Min: 92.9, Avg: 93.0, Max: 93.5, Diff: 0.5, Sum: 1209.3]
      [Termination (ms): Min: 0.0, Avg: 0.0, Max: 0.0, Diff: 0.0, Sum: 0.1]
      [GC Worker Other (ms): Min: 0.0, Avg: 0.1, Max: 0.1, Diff: 0.1, Sum: 0.8]
      [GC Worker Total (ms): Min: 119.7, Avg: 119.8, Max: 119.9, Diff: 0.2, Sum: 1557.1]
      [GC Worker End (ms): Min: 89847.8, Avg: 89847.9, Max: 89847.9, Diff: 0.1]
   [Code Root Fixup: 0.3 ms]
   [Code Root Migration: 0.1 ms]
   [Clear CT: 2.9 ms]
   [Other: 11.9 ms]
      [Choose CSet: 0.3 ms]
      [Ref Proc: 5.2 ms]
      [Ref Enq: 0.4 ms]
      [Free CSet: 2.1 ms]
   [Eden: 1064.0M(1064.0M)->0.0B(1064.0M) Survivors: 160.0M->160.0M Heap: 11.7G(24.0G)->10.4G(24.0G)]
 [Times: user=1.55 sys=0.07, real=0.14 secs] 
2014-04-16T09:43:13.917+0900: 90.787: [GC pause (G1 Evacuation Pause) (young), 0.1142542 secs]
   [Parallel Time: 102.6 ms, GC Workers: 13]
      [GC Worker Start (ms): Min: 90787.4, Avg: 90787.5, Max: 90787.5, Diff: 0.1]
      [Ext Root Scanning (ms): Min: 1.2, Avg: 1.6, Max: 1.9, Diff: 0.8, Sum: 20.5]
      [Update RS (ms): Min: 6.1, Avg: 6.6, Max: 7.7, Diff: 1.6, Sum: 85.7]
         [Processed Buffers: Min: 9, Avg: 15.5, Max: 23, Diff: 14, Sum: 202]
      [Scan RS (ms): Min: 8.0, Avg: 9.1, Max: 9.8, Diff: 1.8, Sum: 118.6]
      [Code Root Scanning (ms): Min: 0.0, Avg: 0.0, Max: 0.0, Diff: 0.0, Sum: 0.1]
      [Object Copy (ms): Min: 84.8, Avg: 85.0, Max: 85.5, Diff: 0.7, Sum: 1105.4]
      [Termination (ms): Min: 0.0, Avg: 0.0, Max: 0.0, Diff: 0.0, Sum: 0.0]
      [GC Worker Other (ms): Min: 0.0, Avg: 0.1, Max: 0.1, Diff: 0.1, Sum: 0.7]
      [GC Worker Total (ms): Min: 102.3, Avg: 102.4, Max: 102.5, Diff: 0.2, Sum: 1331.1]
      [GC Worker End (ms): Min: 90889.8, Avg: 90889.9, Max: 90889.9, Diff: 0.1]
   [Code Root Fixup: 0.5 ms]
   [Code Root Migration: 0.0 ms]
   [Clear CT: 2.5 ms]
   [Other: 8.7 ms]
      [Choose CSet: 0.0 ms]
      [Ref Proc: 4.1 ms]
      [Ref Enq: 0.3 ms]
      [Free CSet: 1.3 ms]
   [Eden: 1064.0M(1064.0M)->0.0B(1064.0M) Survivors: 160.0M->160.0M Heap: 11.4G(24.0G)->10.6G(24.0G)]
 [Times: user=1.36 sys=0.01, real=0.12 secs] 
2014-04-16T09:43:14.935+0900: 91.806: [GC pause (G1 Evacuation Pause) (young) (initial-mark), 0.1176911 secs]
   [Parallel Time: 105.5 ms, GC Workers: 13]
      [GC Worker Start (ms): Min: 91806.5, Avg: 91806.5, Max: 91806.6, Diff: 0.2]
      [Ext Root Scanning (ms): Min: 1.2, Avg: 1.6, Max: 3.4, Diff: 2.3, Sum: 20.3]
      [Code Root Marking (ms): Min: 0.1, Avg: 0.8, Max: 6.0, Diff: 5.9, Sum: 10.8]
      [Update RS (ms): Min: 1.6, Avg: 5.6, Max: 7.3, Diff: 5.7, Sum: 73.0]
         [Processed Buffers: Min: 1, Avg: 16.2, Max: 31, Diff: 30, Sum: 211]
      [Scan RS (ms): Min: 8.6, Avg: 9.7, Max: 10.4, Diff: 1.8, Sum: 126.4]
      [Code Root Scanning (ms): Min: 0.0, Avg: 0.0, Max: 0.0, Diff: 0.0, Sum: 0.1]
      [Object Copy (ms): Min: 87.2, Avg: 87.4, Max: 87.8, Diff: 0.6, Sum: 1136.3]
      [Termination (ms): Min: 0.0, Avg: 0.0, Max: 0.0, Diff: 0.0, Sum: 0.0]
      [GC Worker Other (ms): Min: 0.0, Avg: 0.1, Max: 0.1, Diff: 0.1, Sum: 0.8]
      [GC Worker Total (ms): Min: 105.1, Avg: 105.2, Max: 105.3, Diff: 0.2, Sum: 1367.8]
      [GC Worker End (ms): Min: 91911.7, Avg: 91911.8, Max: 91911.8, Diff: 0.1]
   [Code Root Fixup: 0.5 ms]
   [Code Root Migration: 0.0 ms]
   [Clear CT: 2.7 ms]
   [Other: 9.0 ms]
      [Choose CSet: 0.0 ms]
      [Ref Proc: 4.2 ms]
      [Ref Enq: 0.4 ms]
      [Free CSet: 1.2 ms]
   [Eden: 1064.0M(1064.0M)->0.0B(1064.0M) Survivors: 160.0M->160.0M Heap: 11.6G(24.0G)->10.8G(24.0G)]
 [Times: user=1.41 sys=0.01, real=0.12 secs] 
2014-04-16T09:43:15.053+0900: 91.924: [GC concurrent-root-region-scan-start]
2014-04-16T09:43:15.102+0900: 91.973: [GC concurrent-root-region-scan-end, 0.0489915 secs]
2014-04-16T09:43:15.102+0900: 91.973: [GC concurrent-mark-start]
2014-04-16T09:43:16.280+0900: 93.150: [GC pause (G1 Evacuation Pause) (young), 0.1158633 secs]
   [Parallel Time: 104.4 ms, GC Workers: 13]
      [GC Worker Start (ms): Min: 93150.9, Avg: 93151.0, Max: 93151.0, Diff: 0.1]
      [Ext Root Scanning (ms): Min: 1.4, Avg: 1.5, Max: 1.7, Diff: 0.3, Sum: 19.4]
      [SATB Filtering (ms): Min: 0.0, Avg: 0.2, Max: 2.5, Diff: 2.5, Sum: 2.5]
      [Update RS (ms): Min: 3.4, Avg: 6.1, Max: 7.9, Diff: 4.5, Sum: 79.8]
         [Processed Buffers: Min: 7, Avg: 15.2, Max: 30, Diff: 23, Sum: 197]
      [Scan RS (ms): Min: 8.3, Avg: 9.7, Max: 10.3, Diff: 2.1, Sum: 126.5]
      [Code Root Scanning (ms): Min: 0.0, Avg: 0.0, Max: 0.0, Diff: 0.0, Sum: 0.1]
      [Object Copy (ms): Min: 86.3, Avg: 86.5, Max: 86.6, Diff: 0.3, Sum: 1124.5]
      [Termination (ms): Min: 0.0, Avg: 0.0, Max: 0.0, Diff: 0.0, Sum: 0.1]
      [GC Worker Other (ms): Min: 0.0, Avg: 0.1, Max: 0.1, Diff: 0.1, Sum: 0.7]
      [GC Worker Total (ms): Min: 104.0, Avg: 104.1, Max: 104.2, Diff: 0.2, Sum: 1353.5]
      [GC Worker End (ms): Min: 93255.1, Avg: 93255.1, Max: 93255.1, Diff: 0.1]
   [Code Root Fixup: 0.3 ms]
   [Code Root Migration: 0.0 ms]
   [Clear CT: 2.9 ms]
   [Other: 8.3 ms]
      [Choose CSet: 0.0 ms]
      [Ref Proc: 4.1 ms]
      [Ref Enq: 0.3 ms]
      [Free CSet: 1.2 ms]
   [Eden: 1064.0M(1064.0M)->0.0B(1064.0M) Survivors: 160.0M->160.0M Heap: 11.8G(24.0G)->11.0G(24.0G)]
 [Times: user=1.38 sys=0.03, real=0.11 secs] 
2014-04-16T09:43:17.361+0900: 94.232: [GC concurrent-mark-end, 2.2590220 secs]
2014-04-16T09:43:17.363+0900: 94.233: [GC remark 94.265: [GC ref-proc, 0.0059262 secs], 0.0701254 secs]
 [Times: user=0.78 sys=0.00, real=0.07 secs] 
2014-04-16T09:43:17.435+0900: 94.305: [GC cleanup 11G->11G(24G), 0.0257185 secs]
 [Times: user=0.32 sys=0.00, real=0.03 secs] 
2014-04-16T09:43:17.648+0900: 94.518: [GC pause (G1 Evacuation Pause) (young), 0.1151865 secs]
   [Parallel Time: 103.8 ms, GC Workers: 13]
      [GC Worker Start (ms): Min: 94518.5, Avg: 94518.6, Max: 94518.6, Diff: 0.1]
      [Ext Root Scanning (ms): Min: 1.0, Avg: 1.5, Max: 1.8, Diff: 0.8, Sum: 19.1]
      [Update RS (ms): Min: 5.8, Avg: 6.3, Max: 7.3, Diff: 1.5, Sum: 82.3]
         [Processed Buffers: Min: 7, Avg: 15.5, Max: 30, Diff: 23, Sum: 202]
      [Scan RS (ms): Min: 8.6, Avg: 9.5, Max: 10.2, Diff: 1.6, Sum: 124.1]
      [Code Root Scanning (ms): Min: 0.0, Avg: 0.0, Max: 0.0, Diff: 0.0, Sum: 0.1]
      [Object Copy (ms): Min: 86.0, Avg: 86.2, Max: 86.6, Diff: 0.6, Sum: 1120.0]
      [Termination (ms): Min: 0.0, Avg: 0.0, Max: 0.0, Diff: 0.0, Sum: 0.1]
      [GC Worker Other (ms): Min: 0.0, Avg: 0.1, Max: 0.1, Diff: 0.1, Sum: 0.8]
      [GC Worker Total (ms): Min: 103.5, Avg: 103.6, Max: 103.7, Diff: 0.2, Sum: 1346.4]
      [GC Worker End (ms): Min: 94622.1, Avg: 94622.1, Max: 94622.2, Diff: 0.1]
   [Code Root Fixup: 0.5 ms]
   [Code Root Migration: 0.0 ms]
   [Clear CT: 2.7 ms]
   [Other: 8.2 ms]
      [Choose CSet: 0.0 ms]
      [Ref Proc: 4.0 ms]
      [Ref Enq: 0.3 ms]
      [Free CSet: 1.2 ms]
   [Eden: 1064.0M(1064.0M)->0.0B(1064.0M) Survivors: 160.0M->160.0M Heap: 12.0G(24.0G)->11.2G(24.0G)]
 [Times: user=1.34 sys=0.06, real=0.12 secs] 
2014-04-16T09:43:18.688+0900: 95.558: [GC pause (G1 Evacuation Pause) (mixed), 0.1376740 secs]
   [Parallel Time: 122.9 ms, GC Workers: 13]
      [GC Worker Start (ms): Min: 95558.9, Avg: 95558.9, Max: 95559.0, Diff: 0.1]
      [Ext Root Scanning (ms): Min: 1.4, Avg: 1.6, Max: 2.1, Diff: 0.7, Sum: 20.3]
      [Update RS (ms): Min: 6.3, Avg: 7.1, Max: 8.4, Diff: 2.1, Sum: 92.3]
         [Processed Buffers: Min: 8, Avg: 15.9, Max: 26, Diff: 18, Sum: 207]
      [Scan RS (ms): Min: 19.0, Avg: 20.3, Max: 21.3, Diff: 2.4, Sum: 263.9]
      [Code Root Scanning (ms): Min: 0.0, Avg: 0.0, Max: 0.0, Diff: 0.0, Sum: 0.1]
      [Object Copy (ms): Min: 92.9, Avg: 93.6, Max: 93.7, Diff: 0.8, Sum: 1217.0]
      [Termination (ms): Min: 0.0, Avg: 0.0, Max: 0.0, Diff: 0.0, Sum: 0.1]
      [GC Worker Other (ms): Min: 0.0, Avg: 0.1, Max: 0.1, Diff: 0.1, Sum: 0.7]
      [GC Worker Total (ms): Min: 122.5, Avg: 122.6, Max: 122.7, Diff: 0.2, Sum: 1594.4]
      [GC Worker End (ms): Min: 95681.6, Avg: 95681.6, Max: 95681.6, Diff: 0.1]
   [Code Root Fixup: 0.4 ms]
   [Code Root Migration: 0.1 ms]
   [Clear CT: 3.1 ms]
   [Other: 11.2 ms]
      [Choose CSet: 0.3 ms]
      [Ref Proc: 4.8 ms]
      [Ref Enq: 0.4 ms]
      [Free CSet: 2.0 ms]
   [Eden: 1064.0M(1064.0M)->0.0B(1064.0M) Survivors: 160.0M->160.0M Heap: 12.2G(24.0G)->10.9G(24.0G)]
 [Times: user=1.60 sys=0.07, real=0.14 secs] 
2014-04-16T09:43:19.740+0900: 96.610: [GC pause (G1 Evacuation Pause) (young), 0.1183284 secs]
   [Parallel Time: 106.6 ms, GC Workers: 13]
      [GC Worker Start (ms): Min: 96610.3, Avg: 96610.4, Max: 96610.4, Diff: 0.1]
      [Ext Root Scanning (ms): Min: 1.1, Avg: 1.5, Max: 1.8, Diff: 0.7, Sum: 19.5]
      [Update RS (ms): Min: 5.9, Avg: 6.5, Max: 7.5, Diff: 1.7, Sum: 83.9]
         [Processed Buffers: Min: 8, Avg: 15.2, Max: 22, Diff: 14, Sum: 198]
      [Scan RS (ms): Min: 9.1, Avg: 9.9, Max: 10.3, Diff: 1.3, Sum: 129.2]
      [Code Root Scanning (ms): Min: 0.0, Avg: 0.0, Max: 0.0, Diff: 0.0, Sum: 0.1]
      [Object Copy (ms): Min: 88.3, Avg: 88.4, Max: 88.7, Diff: 0.5, Sum: 1149.8]
      [Termination (ms): Min: 0.0, Avg: 0.0, Max: 0.0, Diff: 0.0, Sum: 0.0]
      [GC Worker Other (ms): Min: 0.0, Avg: 0.1, Max: 0.1, Diff: 0.1, Sum: 0.7]
      [GC Worker Total (ms): Min: 106.3, Avg: 106.4, Max: 106.5, Diff: 0.2, Sum: 1383.2]
      [GC Worker End (ms): Min: 96716.7, Avg: 96716.8, Max: 96716.8, Diff: 0.1]
   [Code Root Fixup: 0.3 ms]
   [Code Root Migration: 0.0 ms]
   [Clear CT: 3.0 ms]
   [Other: 8.4 ms]
      [Choose CSet: 0.0 ms]
      [Ref Proc: 4.1 ms]
      [Ref Enq: 0.3 ms]
      [Free CSet: 1.2 ms]
   [Eden: 1064.0M(1064.0M)->0.0B(1064.0M) Survivors: 160.0M->160.0M Heap: 11.9G(24.0G)->11.1G(24.0G)]
 [Times: user=1.42 sys=0.02, real=0.11 secs] 
2014-04-16T09:43:20.779+0900: 97.649: [GC pause (G1 Evacuation Pause) (young) (initial-mark), 0.1213689 secs]
   [Parallel Time: 108.8 ms, GC Workers: 13]
      [GC Worker Start (ms): Min: 97649.7, Avg: 97649.8, Max: 97649.8, Diff: 0.1]
      [Ext Root Scanning (ms): Min: 1.3, Avg: 1.7, Max: 4.0, Diff: 2.7, Sum: 21.5]
      [Code Root Marking (ms): Min: 0.1, Avg: 0.7, Max: 4.3, Diff: 4.2, Sum: 9.6]
      [Update RS (ms): Min: 2.3, Avg: 5.6, Max: 7.6, Diff: 5.4, Sum: 73.0]
         [Processed Buffers: Min: 8, Avg: 15.5, Max: 37, Diff: 29, Sum: 202]
      [Scan RS (ms): Min: 8.6, Avg: 9.9, Max: 10.3, Diff: 1.6, Sum: 129.1]
      [Code Root Scanning (ms): Min: 0.0, Avg: 0.0, Max: 0.0, Diff: 0.0, Sum: 0.1]
      [Object Copy (ms): Min: 90.4, Avg: 90.6, Max: 91.0, Diff: 0.7, Sum: 1178.0]
      [Termination (ms): Min: 0.0, Avg: 0.0, Max: 0.0, Diff: 0.0, Sum: 0.0]
      [GC Worker Other (ms): Min: 0.0, Avg: 0.1, Max: 0.1, Diff: 0.1, Sum: 0.7]
      [GC Worker Total (ms): Min: 108.5, Avg: 108.6, Max: 108.7, Diff: 0.2, Sum: 1412.1]
      [GC Worker End (ms): Min: 97758.4, Avg: 97758.4, Max: 97758.4, Diff: 0.1]
   [Code Root Fixup: 0.4 ms]
   [Code Root Migration: 0.0 ms]
   [Clear CT: 2.8 ms]
   [Other: 9.3 ms]
      [Choose CSet: 0.0 ms]
      [Ref Proc: 4.4 ms]
      [Ref Enq: 0.3 ms]
      [Free CSet: 1.2 ms]
   [Eden: 1064.0M(1064.0M)->0.0B(1064.0M) Survivors: 160.0M->160.0M Heap: 12.1G(24.0G)->11.3G(24.0G)]
 [Times: user=1.47 sys=0.01, real=0.13 secs] 
2014-04-16T09:43:20.900+0900: 97.771: [GC concurrent-root-region-scan-start]
2014-04-16T09:43:20.933+0900: 97.804: [GC concurrent-root-region-scan-end, 0.0328958 secs]
2014-04-16T09:43:20.933+0900: 97.804: [GC concurrent-mark-start]
2014-04-16T09:43:22.157+0900: 99.027: [GC pause (G1 Evacuation Pause) (young), 0.1147132 secs]
   [Parallel Time: 102.7 ms, GC Workers: 13]
      [GC Worker Start (ms): Min: 99027.3, Avg: 99027.4, Max: 99027.5, Diff: 0.1]
      [Ext Root Scanning (ms): Min: 1.5, Avg: 1.6, Max: 1.9, Diff: 0.4, Sum: 20.5]
      [SATB Filtering (ms): Min: 0.0, Avg: 0.2, Max: 2.5, Diff: 2.5, Sum: 2.5]
      [Update RS (ms): Min: 3.7, Avg: 6.4, Max: 7.7, Diff: 4.0, Sum: 82.8]
         [Processed Buffers: Min: 7, Avg: 14.8, Max: 28, Diff: 21, Sum: 192]
      [Scan RS (ms): Min: 8.9, Avg: 10.2, Max: 10.8, Diff: 1.9, Sum: 132.0]
      [Code Root Scanning (ms): Min: 0.0, Avg: 0.0, Max: 0.0, Diff: 0.0, Sum: 0.0]
      [Object Copy (ms): Min: 84.0, Avg: 84.1, Max: 84.3, Diff: 0.3, Sum: 1093.5]
      [Termination (ms): Min: 0.0, Avg: 0.0, Max: 0.0, Diff: 0.0, Sum: 0.0]
      [GC Worker Other (ms): Min: 0.0, Avg: 0.1, Max: 0.1, Diff: 0.1, Sum: 0.8]
      [GC Worker Total (ms): Min: 102.4, Avg: 102.5, Max: 102.6, Diff: 0.2, Sum: 1332.1]
      [GC Worker End (ms): Min: 99129.8, Avg: 99129.9, Max: 99129.9, Diff: 0.1]
   [Code Root Fixup: 0.4 ms]
   [Code Root Migration: 0.0 ms]
   [Clear CT: 2.9 ms]
   [Other: 8.6 ms]
      [Choose CSet: 0.0 ms]
      [Ref Proc: 4.3 ms]
      [Ref Enq: 0.5 ms]
      [Free CSet: 1.2 ms]
   [Eden: 1064.0M(1064.0M)->0.0B(1064.0M) Survivors: 160.0M->160.0M Heap: 12.3G(24.0G)->11.5G(24.0G)]
 [Times: user=1.37 sys=0.03, real=0.12 secs] 
2014-04-16T09:43:23.063+0900: 99.933: [GC concurrent-mark-end, 2.1297919 secs]
2014-04-16T09:43:23.065+0900: 99.935: [GC remark 99.970: [GC ref-proc, 0.0060611 secs], 0.0751171 secs]
 [Times: user=0.84 sys=0.00, real=0.08 secs] 
2014-04-16T09:43:23.141+0900: 100.012: [GC cleanup 12G->12G(24G), 0.0258264 secs]
 [Times: user=0.32 sys=0.00, real=0.02 secs] 
2014-04-16T09:43:23.523+0900: 100.393: [GC pause (G1 Evacuation Pause) (young), 0.1253835 secs]
   [Parallel Time: 113.5 ms, GC Workers: 13]
      [GC Worker Start (ms): Min: 100393.9, Avg: 100393.9, Max: 100394.0, Diff: 0.1]
      [Ext Root Scanning (ms): Min: 1.0, Avg: 1.6, Max: 2.2, Diff: 1.2, Sum: 20.5]
      [Update RS (ms): Min: 5.1, Avg: 6.3, Max: 8.5, Diff: 3.4, Sum: 81.4]
         [Processed Buffers: Min: 8, Avg: 15.0, Max: 32, Diff: 24, Sum: 195]
      [Scan RS (ms): Min: 7.3, Avg: 9.5, Max: 10.1, Diff: 2.7, Sum: 123.9]
      [Code Root Scanning (ms): Min: 0.0, Avg: 0.0, Max: 0.0, Diff: 0.0, Sum: 0.1]
      [Object Copy (ms): Min: 95.6, Avg: 95.7, Max: 96.2, Diff: 0.6, Sum: 1244.6]
      [Termination (ms): Min: 0.0, Avg: 0.1, Max: 0.1, Diff: 0.1, Sum: 1.6]
      [GC Worker Other (ms): Min: 0.0, Avg: 0.1, Max: 0.1, Diff: 0.1, Sum: 0.7]
      [GC Worker Total (ms): Min: 113.2, Avg: 113.3, Max: 113.4, Diff: 0.2, Sum: 1472.8]
      [GC Worker End (ms): Min: 100507.2, Avg: 100507.2, Max: 100507.3, Diff: 0.1]
   [Code Root Fixup: 0.5 ms]
   [Code Root Migration: 0.0 ms]
   [Clear CT: 3.1 ms]
   [Other: 8.3 ms]
      [Choose CSet: 0.0 ms]
      [Ref Proc: 3.9 ms]
      [Ref Enq: 0.4 ms]
      [Free CSet: 1.2 ms]
   [Eden: 1064.0M(1064.0M)->0.0B(1064.0M) Survivors: 160.0M->160.0M Heap: 12.5G(24.0G)->11.7G(24.0G)]
 [Times: user=1.47 sys=0.07, real=0.12 secs] 
2014-04-16T09:43:24.584+0900: 101.454: [GC pause (G1 Evacuation Pause) (mixed), 0.1420969 secs]
   [Parallel Time: 126.8 ms, GC Workers: 13]
      [GC Worker Start (ms): Min: 101454.8, Avg: 101454.9, Max: 101454.9, Diff: 0.1]
      [Ext Root Scanning (ms): Min: 1.5, Avg: 1.7, Max: 2.1, Diff: 0.5, Sum: 21.5]
      [Update RS (ms): Min: 5.2, Avg: 6.0, Max: 8.1, Diff: 2.8, Sum: 78.5]
         [Processed Buffers: Min: 5, Avg: 15.5, Max: 34, Diff: 29, Sum: 201]
      [Scan RS (ms): Min: 18.7, Avg: 20.8, Max: 21.6, Diff: 2.8, Sum: 270.6]
      [Code Root Scanning (ms): Min: 0.0, Avg: 0.0, Max: 0.0, Diff: 0.0, Sum: 0.1]
      [Object Copy (ms): Min: 97.6, Avg: 98.0, Max: 98.1, Diff: 0.5, Sum: 1273.4]
      [Termination (ms): Min: 0.0, Avg: 0.0, Max: 0.0, Diff: 0.0, Sum: 0.0]
      [GC Worker Other (ms): Min: 0.0, Avg: 0.1, Max: 0.1, Diff: 0.1, Sum: 0.7]
      [GC Worker Total (ms): Min: 126.4, Avg: 126.5, Max: 126.6, Diff: 0.2, Sum: 1644.7]
      [GC Worker End (ms): Min: 101581.4, Avg: 101581.4, Max: 101581.4, Diff: 0.1]
   [Code Root Fixup: 0.5 ms]
   [Code Root Migration: 0.1 ms]
   [Clear CT: 3.2 ms]
   [Other: 11.7 ms]
      [Choose CSet: 0.3 ms]
      [Ref Proc: 5.3 ms]
      [Ref Enq: 0.4 ms]
      [Free CSet: 2.0 ms]
   [Eden: 1064.0M(1064.0M)->0.0B(1064.0M) Survivors: 160.0M->160.0M Heap: 12.7G(24.0G)->11.4G(24.0G)]
 [Times: user=1.64 sys=0.07, real=0.14 secs] 
2014-04-16T09:43:25.692+0900: 102.562: [GC pause (G1 Evacuation Pause) (young), 0.1066526 secs]
   [Parallel Time: 94.8 ms, GC Workers: 13]
      [GC Worker Start (ms): Min: 102562.6, Avg: 102562.7, Max: 102562.8, Diff: 0.1]
      [Ext Root Scanning (ms): Min: 1.2, Avg: 1.6, Max: 2.0, Diff: 0.8, Sum: 21.3]
      [Update RS (ms): Min: 6.6, Avg: 7.2, Max: 8.5, Diff: 1.9, Sum: 93.7]
         [Processed Buffers: Min: 5, Avg: 15.6, Max: 22, Diff: 17, Sum: 203]
      [Scan RS (ms): Min: 8.7, Avg: 10.0, Max: 10.7, Diff: 2.0, Sum: 130.5]
      [Code Root Scanning (ms): Min: 0.0, Avg: 0.0, Max: 0.0, Diff: 0.0, Sum: 0.1]
      [Object Copy (ms): Min: 75.5, Avg: 75.6, Max: 76.1, Diff: 0.6, Sum: 983.4]
      [Termination (ms): Min: 0.0, Avg: 0.0, Max: 0.0, Diff: 0.0, Sum: 0.2]
      [GC Worker Other (ms): Min: 0.0, Avg: 0.1, Max: 0.1, Diff: 0.1, Sum: 0.7]
      [GC Worker Total (ms): Min: 94.5, Avg: 94.6, Max: 94.7, Diff: 0.2, Sum: 1229.8]
      [GC Worker End (ms): Min: 102657.3, Avg: 102657.3, Max: 102657.4, Diff: 0.1]
   [Code Root Fixup: 0.3 ms]
   [Code Root Migration: 0.1 ms]
   [Clear CT: 3.1 ms]
   [Other: 8.3 ms]
      [Choose CSet: 0.0 ms]
      [Ref Proc: 3.9 ms]
      [Ref Enq: 0.3 ms]
      [Free CSet: 1.2 ms]
   [Eden: 1064.0M(1064.0M)->0.0B(1064.0M) Survivors: 160.0M->160.0M Heap: 12.5G(24.0G)->11.6G(24.0G)]
 [Times: user=1.27 sys=0.01, real=0.10 secs] 
2014-04-16T09:43:26.833+0900: 103.704: [GC pause (G1 Evacuation Pause) (young) (initial-mark), 0.0840011 secs]
   [Parallel Time: 72.4 ms, GC Workers: 13]
      [GC Worker Start (ms): Min: 103704.3, Avg: 103704.4, Max: 103704.4, Diff: 0.1]
      [Ext Root Scanning (ms): Min: 1.1, Avg: 1.4, Max: 3.3, Diff: 2.2, Sum: 18.2]
      [Code Root Marking (ms): Min: 0.1, Avg: 0.7, Max: 4.3, Diff: 4.2, Sum: 9.2]
      [Update RS (ms): Min: 2.7, Avg: 6.2, Max: 7.3, Diff: 4.6, Sum: 80.2]
         [Processed Buffers: Min: 9, Avg: 15.8, Max: 36, Diff: 27, Sum: 205]
      [Scan RS (ms): Min: 9.3, Avg: 9.7, Max: 10.0, Diff: 0.7, Sum: 126.5]
      [Code Root Scanning (ms): Min: 0.0, Avg: 0.0, Max: 0.0, Diff: 0.0, Sum: 0.1]
      [Object Copy (ms): Min: 53.9, Avg: 54.1, Max: 54.5, Diff: 0.6, Sum: 703.6]
      [Termination (ms): Min: 0.0, Avg: 0.0, Max: 0.0, Diff: 0.0, Sum: 0.1]
      [GC Worker Other (ms): Min: 0.0, Avg: 0.1, Max: 0.1, Diff: 0.1, Sum: 0.8]
      [GC Worker Total (ms): Min: 72.1, Avg: 72.2, Max: 72.3, Diff: 0.2, Sum: 938.8]
      [GC Worker End (ms): Min: 103776.5, Avg: 103776.6, Max: 103776.6, Diff: 0.1]
   [Code Root Fixup: 0.5 ms]
   [Code Root Migration: 0.1 ms]
   [Clear CT: 3.0 ms]
   [Other: 8.0 ms]
      [Choose CSet: 0.0 ms]
      [Ref Proc: 3.2 ms]
      [Ref Enq: 0.2 ms]
      [Free CSet: 1.1 ms]
   [Eden: 1064.0M(1064.0M)->0.0B(1080.0M) Survivors: 160.0M->144.0M Heap: 12.7G(24.0G)->11.8G(24.0G)]
 [Times: user=0.98 sys=0.00, real=0.08 secs] 
2014-04-16T09:43:26.918+0900: 103.788: [GC concurrent-root-region-scan-start]
2014-04-16T09:43:26.931+0900: 103.801: [GC concurrent-root-region-scan-end, 0.0132860 secs]
2014-04-16T09:43:26.931+0900: 103.801: [GC concurrent-mark-start]
2014-04-16T09:43:28.304+0900: 105.175: [GC pause (G1 Evacuation Pause) (young), 0.0617488 secs]
   [Parallel Time: 51.6 ms, GC Workers: 13]
      [GC Worker Start (ms): Min: 105175.0, Avg: 105175.1, Max: 105175.1, Diff: 0.1]
      [Ext Root Scanning (ms): Min: 1.5, Avg: 1.6, Max: 2.1, Diff: 0.6, Sum: 20.7]
      [SATB Filtering (ms): Min: 0.0, Avg: 0.1, Max: 1.8, Diff: 1.8, Sum: 1.8]
      [Update RS (ms): Min: 4.5, Avg: 5.9, Max: 6.3, Diff: 1.8, Sum: 77.3]
         [Processed Buffers: Min: 8, Avg: 15.2, Max: 25, Diff: 17, Sum: 198]
      [Scan RS (ms): Min: 8.8, Avg: 9.1, Max: 9.4, Diff: 0.6, Sum: 118.8]
      [Code Root Scanning (ms): Min: 0.0, Avg: 0.0, Max: 0.0, Diff: 0.0, Sum: 0.1]
      [Object Copy (ms): Min: 34.3, Avg: 34.4, Max: 34.6, Diff: 0.3, Sum: 447.7]
      [Termination (ms): Min: 0.0, Avg: 0.0, Max: 0.0, Diff: 0.0, Sum: 0.1]
      [GC Worker Other (ms): Min: 0.0, Avg: 0.1, Max: 0.1, Diff: 0.1, Sum: 0.7]
      [GC Worker Total (ms): Min: 51.2, Avg: 51.3, Max: 51.4, Diff: 0.2, Sum: 667.1]
      [GC Worker End (ms): Min: 105226.4, Avg: 105226.4, Max: 105226.4, Diff: 0.1]
   [Code Root Fixup: 0.4 ms]
   [Code Root Migration: 0.0 ms]
   [Clear CT: 2.9 ms]
   [Other: 6.8 ms]
      [Choose CSet: 0.0 ms]
      [Ref Proc: 2.8 ms]
      [Ref Enq: 0.2 ms]
      [Free CSet: 1.1 ms]
   [Eden: 1080.0M(1080.0M)->0.0B(1072.0M) Survivors: 144.0M->152.0M Heap: 12.8G(24.0G)->11.9G(24.0G)]
 [Times: user=0.71 sys=0.00, real=0.06 secs] 
2014-04-16T09:43:29.214+0900: 106.085: [GC concurrent-mark-end, 2.2835613 secs]
2014-04-16T09:43:29.216+0900: 106.086: [GC remark 106.108: [GC ref-proc, 0.0189707 secs], 0.0764912 secs]
 [Times: user=0.85 sys=0.00, real=0.08 secs] 
2014-04-16T09:43:29.295+0900: 106.165: [GC cleanup 12G->12G(24G), 0.0261445 secs]
 [Times: user=0.33 sys=0.00, real=0.03 secs] 
2014-04-16T09:43:29.321+0900: 106.192: [GC concurrent-cleanup-start]
2014-04-16T09:43:29.321+0900: 106.192: [GC concurrent-cleanup-end, 0.0000538 secs]
2014-04-16T09:43:29.680+0900: 106.550: [GC pause (G1 Evacuation Pause) (young), 0.0666981 secs]
   [Parallel Time: 56.3 ms, GC Workers: 13]
      [GC Worker Start (ms): Min: 106550.5, Avg: 106550.6, Max: 106550.7, Diff: 0.1]
      [Ext Root Scanning (ms): Min: 1.5, Avg: 1.6, Max: 2.2, Diff: 0.8, Sum: 20.6]
      [Update RS (ms): Min: 6.0, Avg: 6.5, Max: 6.8, Diff: 0.8, Sum: 84.8]
         [Processed Buffers: Min: 8, Avg: 15.5, Max: 30, Diff: 22, Sum: 201]
      [Scan RS (ms): Min: 8.9, Avg: 9.0, Max: 9.2, Diff: 0.3, Sum: 117.6]
      [Code Root Scanning (ms): Min: 0.0, Avg: 0.0, Max: 0.0, Diff: 0.0, Sum: 0.1]
      [Object Copy (ms): Min: 38.5, Avg: 38.7, Max: 38.8, Diff: 0.3, Sum: 502.8]
      [Termination (ms): Min: 0.0, Avg: 0.2, Max: 0.2, Diff: 0.2, Sum: 2.1]
      [GC Worker Other (ms): Min: 0.0, Avg: 0.0, Max: 0.1, Diff: 0.1, Sum: 0.5]
      [GC Worker Total (ms): Min: 56.0, Avg: 56.0, Max: 56.1, Diff: 0.1, Sum: 728.4]
      [GC Worker End (ms): Min: 106606.6, Avg: 106606.6, Max: 106606.7, Diff: 0.0]
   [Code Root Fixup: 0.5 ms]
   [Code Root Migration: 0.0 ms]
   [Clear CT: 3.2 ms]
   [Other: 6.6 ms]
      [Choose CSet: 0.0 ms]
      [Ref Proc: 2.5 ms]
      [Ref Enq: 0.2 ms]
      [Free CSet: 1.1 ms]
   [Eden: 1072.0M(1072.0M)->0.0B(1064.0M) Survivors: 152.0M->160.0M Heap: 13.0G(24.0G)->12.0G(24.0G)]
 [Times: user=0.72 sys=0.05, real=0.07 secs] 
2014-04-16T09:43:30.549+0900: 107.420: [GC pause (G1 Evacuation Pause) (mixed), 0.0791429 secs]
   [Parallel Time: 61.3 ms, GC Workers: 13]
      [GC Worker Start (ms): Min: 107420.4, Avg: 107420.7, Max: 107420.9, Diff: 0.5]
      [Ext Root Scanning (ms): Min: 1.5, Avg: 1.8, Max: 2.2, Diff: 0.8, Sum: 23.1]
      [Update RS (ms): Min: 5.6, Avg: 6.2, Max: 6.8, Diff: 1.2, Sum: 80.5]
         [Processed Buffers: Min: 4, Avg: 16.4, Max: 38, Diff: 34, Sum: 213]
      [Scan RS (ms): Min: 18.9, Avg: 19.6, Max: 20.6, Diff: 1.7, Sum: 254.7]
      [Code Root Scanning (ms): Min: 0.0, Avg: 0.0, Max: 0.0, Diff: 0.0, Sum: 0.1]
      [Object Copy (ms): Min: 31.7, Avg: 32.4, Max: 32.8, Diff: 1.1, Sum: 421.4]
      [Termination (ms): Min: 0.0, Avg: 0.2, Max: 0.3, Diff: 0.3, Sum: 3.0]
      [GC Worker Other (ms): Min: 0.0, Avg: 0.0, Max: 0.1, Diff: 0.1, Sum: 0.5]
      [GC Worker Total (ms): Min: 60.0, Avg: 60.2, Max: 60.5, Diff: 0.5, Sum: 783.2]
      [GC Worker End (ms): Min: 107480.9, Avg: 107480.9, Max: 107481.0, Diff: 0.1]
   [Code Root Fixup: 0.1 ms]
   [Code Root Migration: 0.1 ms]
   [Clear CT: 3.8 ms]
   [Other: 13.9 ms]
      [Choose CSet: 0.3 ms]
      [Ref Proc: 7.6 ms]
      [Ref Enq: 0.4 ms]
      [Free CSet: 2.0 ms]
   [Eden: 1064.0M(1064.0M)->0.0B(1128.0M) Survivors: 160.0M->96.0M Heap: 13.1G(24.0G)->11.7G(24.0G)]
 [Times: user=0.82 sys=0.04, real=0.08 secs] 
2014-04-16T09:43:31.195+0900: 108.065: [GC pause (G1 Evacuation Pause) (young), 0.0234452 secs]
   [Parallel Time: 14.5 ms, GC Workers: 13]
      [GC Worker Start (ms): Min: 108065.4, Avg: 108065.6, Max: 108065.8, Diff: 0.4]
      [Ext Root Scanning (ms): Min: 1.6, Avg: 1.9, Max: 2.1, Diff: 0.4, Sum: 24.2]
      [Update RS (ms): Min: 0.8, Avg: 1.0, Max: 1.5, Diff: 0.7, Sum: 13.5]
         [Processed Buffers: Min: 0, Avg: 4.8, Max: 20, Diff: 20, Sum: 63]
      [Scan RS (ms): Min: 3.1, Avg: 3.5, Max: 3.9, Diff: 0.8, Sum: 45.9]
      [Code Root Scanning (ms): Min: 0.0, Avg: 0.0, Max: 0.0, Diff: 0.0, Sum: 0.0]
      [Object Copy (ms): Min: 6.9, Avg: 7.1, Max: 7.6, Diff: 0.6, Sum: 92.6]
      [Termination (ms): Min: 0.0, Avg: 0.0, Max: 0.0, Diff: 0.0, Sum: 0.0]
      [GC Worker Other (ms): Min: 0.0, Avg: 0.1, Max: 0.1, Diff: 0.1, Sum: 0.8]
      [GC Worker Total (ms): Min: 13.3, Avg: 13.6, Max: 14.2, Diff: 0.8, Sum: 177.1]
      [GC Worker End (ms): Min: 108079.2, Avg: 108079.2, Max: 108079.6, Diff: 0.4]
   [Code Root Fixup: 0.2 ms]
   [Code Root Migration: 0.1 ms]
   [Clear CT: 2.5 ms]
   [Other: 6.2 ms]
      [Choose CSet: 0.0 ms]
      [Ref Proc: 4.2 ms]
      [Ref Enq: 0.2 ms]
      [Free CSet: 0.7 ms]
   [Eden: 1128.0M(1128.0M)->0.0B(1152.0M) Survivors: 96.0M->72.0M Heap: 12.8G(24.0G)->11.6G(24.0G)]
 [Times: user=0.22 sys=0.00, real=0.02 secs] 
2014-04-16T09:43:31.415+0900: 108.285: [GC pause (G1 Humongous Allocation) (young) (initial-mark), 0.0244311 secs]
   [Parallel Time: 16.2 ms, GC Workers: 13]
      [GC Worker Start (ms): Min: 108285.6, Avg: 108285.8, Max: 108286.0, Diff: 0.3]
      [Ext Root Scanning (ms): Min: 1.2, Avg: 1.6, Max: 4.0, Diff: 2.8, Sum: 20.4]
      [Code Root Marking (ms): Min: 0.1, Avg: 0.8, Max: 4.4, Diff: 4.3, Sum: 10.6]
      [Update RS (ms): Min: 0.0, Avg: 1.3, Max: 2.3, Diff: 2.3, Sum: 16.6]
         [Processed Buffers: Min: 0, Avg: 3.0, Max: 14, Diff: 14, Sum: 39]
      [Scan RS (ms): Min: 1.2, Avg: 3.3, Max: 4.0, Diff: 2.8, Sum: 43.2]
      [Code Root Scanning (ms): Min: 0.0, Avg: 0.0, Max: 0.0, Diff: 0.0, Sum: 0.0]
      [Object Copy (ms): Min: 8.3, Avg: 8.5, Max: 9.0, Diff: 0.7, Sum: 111.0]
      [Termination (ms): Min: 0.0, Avg: 0.0, Max: 0.0, Diff: 0.0, Sum: 0.0]
      [GC Worker Other (ms): Min: 0.0, Avg: 0.0, Max: 0.1, Diff: 0.0, Sum: 0.4]
      [GC Worker Total (ms): Min: 15.4, Avg: 15.6, Max: 15.7, Diff: 0.4, Sum: 202.2]
      [GC Worker End (ms): Min: 108301.4, Avg: 108301.4, Max: 108301.4, Diff: 0.0]
   [Code Root Fixup: 0.2 ms]
   [Code Root Migration: 0.0 ms]
   [Clear CT: 2.1 ms]
   [Other: 5.9 ms]
      [Choose CSet: 0.0 ms]
      [Ref Proc: 3.4 ms]
      [Ref Enq: 0.3 ms]
      [Free CSet: 0.3 ms]
   [Eden: 256.0M(1152.0M)->0.0B(1136.0M) Survivors: 72.0M->88.0M Heap: 11.9G(24.0G)->11.7G(24.0G)]
 [Times: user=0.28 sys=0.01, real=0.02 secs] 
2014-04-16T09:43:31.439+0900: 108.310: [GC concurrent-root-region-scan-start]
2014-04-16T09:43:31.461+0900: 108.332: [GC concurrent-root-region-scan-end, 0.0218898 secs]
2014-04-16T09:43:31.461+0900: 108.332: [GC concurrent-mark-start]
2014-04-16T09:43:33.004+0900: 109.874: [GC pause (G1 Evacuation Pause) (young), 0.0871152 secs]
   [Parallel Time: 71.4 ms, GC Workers: 13]
      [GC Worker Start (ms): Min: 109874.7, Avg: 109874.8, Max: 109874.9, Diff: 0.3]
      [Ext Root Scanning (ms): Min: 1.0, Avg: 1.5, Max: 5.5, Diff: 4.5, Sum: 19.8]
      [SATB Filtering (ms): Min: 0.0, Avg: 0.0, Max: 0.4, Diff: 0.4, Sum: 0.4]
      [Update RS (ms): Min: 1.1, Avg: 2.8, Max: 4.1, Diff: 3.0, Sum: 37.0]
         [Processed Buffers: Min: 3, Avg: 12.2, Max: 22, Diff: 19, Sum: 159]
      [Scan RS (ms): Min: 10.5, Avg: 11.0, Max: 11.3, Diff: 0.8, Sum: 142.9]
      [Code Root Scanning (ms): Min: 0.0, Avg: 0.0, Max: 0.0, Diff: 0.0, Sum: 0.1]
      [Object Copy (ms): Min: 53.4, Avg: 55.1, Max: 57.2, Diff: 3.9, Sum: 716.6]
      [Termination (ms): Min: 0.0, Avg: 0.4, Max: 0.5, Diff: 0.5, Sum: 5.5]
      [GC Worker Other (ms): Min: 0.0, Avg: 0.0, Max: 0.1, Diff: 0.1, Sum: 0.6]
      [GC Worker Total (ms): Min: 70.9, Avg: 71.0, Max: 71.1, Diff: 0.3, Sum: 922.9]
      [GC Worker End (ms): Min: 109945.8, Avg: 109945.8, Max: 109945.9, Diff: 0.1]
   [Code Root Fixup: 0.2 ms]
   [Code Root Migration: 0.1 ms]
   [Clear CT: 3.8 ms]
   [Other: 11.7 ms]
      [Choose CSet: 0.0 ms]
      [Ref Proc: 7.2 ms]
      [Ref Enq: 0.2 ms]
      [Free CSet: 1.1 ms]
   [Eden: 1136.0M(1136.0M)->0.0B(1064.0M) Survivors: 88.0M->160.0M Heap: 13.3G(24.0G)->12.5G(24.0G)]
 [Times: user=0.97 sys=0.16, real=0.08 secs] 
2014-04-16T09:43:33.517+0900: 110.388: [GC concurrent-mark-end, 2.0560123 secs]
2014-04-16T09:43:33.519+0900: 110.389: [GC remark 110.390: [GC ref-proc, 0.0131368 secs], 0.0424919 secs]
 [Times: user=0.41 sys=0.00, real=0.05 secs] 
2014-04-16T09:43:33.564+0900: 110.434: [GC cleanup 13G->13G(24G), 0.0248519 secs]
 [Times: user=0.31 sys=0.00, real=0.02 secs] 
2014-04-16T09:43:34.329+0900: 111.199: [GC pause (G1 Evacuation Pause) (young), 0.1437378 secs]
   [Parallel Time: 128.5 ms, GC Workers: 13]
      [GC Worker Start (ms): Min: 111199.2, Avg: 111199.4, Max: 111199.5, Diff: 0.3]
      [Ext Root Scanning (ms): Min: 1.1, Avg: 1.6, Max: 3.5, Diff: 2.4, Sum: 21.4]
      [Update RS (ms): Min: 0.8, Avg: 1.7, Max: 2.5, Diff: 1.7, Sum: 22.1]
         [Processed Buffers: Min: 1, Avg: 6.9, Max: 29, Diff: 28, Sum: 90]
      [Scan RS (ms): Min: 15.4, Avg: 16.3, Max: 16.8, Diff: 1.5, Sum: 211.7]
      [Code Root Scanning (ms): Min: 0.0, Avg: 0.0, Max: 0.0, Diff: 0.0, Sum: 0.1]
      [Object Copy (ms): Min: 106.5, Avg: 107.6, Max: 108.5, Diff: 2.0, Sum: 1399.1]
      [Termination (ms): Min: 0.0, Avg: 0.6, Max: 0.8, Diff: 0.8, Sum: 7.6]
      [GC Worker Other (ms): Min: 0.0, Avg: 0.0, Max: 0.1, Diff: 0.0, Sum: 0.4]
      [GC Worker Total (ms): Min: 127.8, Avg: 127.9, Max: 128.0, Diff: 0.3, Sum: 1662.3]
      [GC Worker End (ms): Min: 111327.2, Avg: 111327.3, Max: 111327.3, Diff: 0.1]
   [Code Root Fixup: 0.3 ms]
   [Code Root Migration: 0.1 ms]
   [Clear CT: 3.9 ms]
   [Other: 11.0 ms]
      [Choose CSet: 0.0 ms]
      [Ref Proc: 5.4 ms]
      [Ref Enq: 0.5 ms]
      [Free CSet: 1.4 ms]
   [Eden: 1064.0M(1064.0M)->0.0B(1064.0M) Survivors: 160.0M->160.0M Heap: 13.9G(24.0G)->13.1G(24.0G)]
 [Times: user=1.00 sys=0.71, real=0.15 secs] 
2014-04-16T09:43:35.459+0900: 112.329: [GC pause (G1 Evacuation Pause) (mixed), 0.1514287 secs]
   [Parallel Time: 131.7 ms, GC Workers: 13]
      [GC Worker Start (ms): Min: 112330.6, Avg: 112330.9, Max: 112331.0, Diff: 0.4]
      [Ext Root Scanning (ms): Min: 1.6, Avg: 1.8, Max: 2.4, Diff: 0.8, Sum: 23.4]
      [Update RS (ms): Min: 3.0, Avg: 3.7, Max: 5.3, Diff: 2.3, Sum: 48.6]
         [Processed Buffers: Min: 5, Avg: 12.5, Max: 19, Diff: 14, Sum: 162]
      [Scan RS (ms): Min: 34.0, Avg: 35.8, Max: 36.3, Diff: 2.3, Sum: 466.0]
      [Code Root Scanning (ms): Min: 0.0, Avg: 0.0, Max: 0.0, Diff: 0.0, Sum: 0.1]
      [Object Copy (ms): Min: 89.0, Avg: 89.2, Max: 89.8, Diff: 0.9, Sum: 1159.5]
      [Termination (ms): Min: 0.0, Avg: 0.3, Max: 0.4, Diff: 0.4, Sum: 4.0]
      [GC Worker Other (ms): Min: 0.0, Avg: 0.1, Max: 0.2, Diff: 0.2, Sum: 1.1]
      [GC Worker Total (ms): Min: 130.8, Avg: 131.0, Max: 131.3, Diff: 0.5, Sum: 1702.6]
      [GC Worker End (ms): Min: 112461.8, Avg: 112461.8, Max: 112462.0, Diff: 0.2]
   [Code Root Fixup: 0.3 ms]
   [Code Root Migration: 0.1 ms]
   [Clear CT: 3.6 ms]
   [Other: 15.8 ms]
      [Choose CSet: 0.5 ms]
      [Ref Proc: 6.3 ms]
      [Ref Enq: 0.2 ms]
      [Free CSet: 2.7 ms]
   [Eden: 1064.0M(1064.0M)->0.0B(1064.0M) Survivors: 160.0M->160.0M Heap: 14.5G(24.0G)->13.1G(24.0G)]
 [Times: user=1.58 sys=0.18, real=0.15 secs] 
2014-04-16T09:43:36.483+0900: 113.354: [GC pause (G1 Evacuation Pause) (mixed), 0.1303801 secs]
   [Parallel Time: 109.5 ms, GC Workers: 13]
      [GC Worker Start (ms): Min: 113354.8, Avg: 113355.0, Max: 113355.2, Diff: 0.4]
      [Ext Root Scanning (ms): Min: 1.4, Avg: 1.6, Max: 2.2, Diff: 0.8, Sum: 21.0]
      [Update RS (ms): Min: 3.1, Avg: 4.1, Max: 5.1, Diff: 2.0, Sum: 52.7]
         [Processed Buffers: Min: 3, Avg: 12.2, Max: 22, Diff: 19, Sum: 159]
      [Scan RS (ms): Min: 31.2, Avg: 32.2, Max: 32.7, Diff: 1.5, Sum: 418.5]
      [Code Root Scanning (ms): Min: 0.0, Avg: 0.0, Max: 0.0, Diff: 0.0, Sum: 0.1]
      [Object Copy (ms): Min: 70.7, Avg: 70.8, Max: 71.0, Diff: 0.2, Sum: 920.3]
      [Termination (ms): Min: 0.0, Avg: 0.1, Max: 0.2, Diff: 0.2, Sum: 1.8]
      [GC Worker Other (ms): Min: 0.0, Avg: 0.0, Max: 0.1, Diff: 0.0, Sum: 0.4]
      [GC Worker Total (ms): Min: 108.6, Avg: 108.8, Max: 109.0, Diff: 0.4, Sum: 1414.7]
      [GC Worker End (ms): Min: 113463.8, Avg: 113463.8, Max: 113463.8, Diff: 0.1]
   [Code Root Fixup: 0.3 ms]
   [Code Root Migration: 0.1 ms]
   [Clear CT: 3.8 ms]
   [Other: 16.8 ms]
      [Choose CSet: 0.3 ms]
      [Ref Proc: 7.3 ms]
      [Ref Enq: 0.6 ms]
      [Free CSet: 2.4 ms]
   [Eden: 1064.0M(1064.0M)->0.0B(1064.0M) Survivors: 160.0M->160.0M Heap: 14.5G(24.0G)->13.4G(24.0G)]
 [Times: user=1.45 sys=0.02, real=0.13 secs] 
2014-04-16T09:43:36.641+0900: 113.512: [GC pause (G1 Humongous Allocation) (young) (initial-mark), 0.1093248 secs]
   [Parallel Time: 100.7 ms, GC Workers: 13]
      [GC Worker Start (ms): Min: 113512.4, Avg: 113512.6, Max: 113512.8, Diff: 0.4]
      [Ext Root Scanning (ms): Min: 1.5, Avg: 1.8, Max: 3.5, Diff: 2.1, Sum: 23.8]
      [Code Root Marking (ms): Min: 0.1, Avg: 0.8, Max: 4.6, Diff: 4.6, Sum: 11.0]
      [Update RS (ms): Min: 67.0, Avg: 70.3, Max: 72.2, Diff: 5.3, Sum: 913.8]
         [Processed Buffers: Min: 29, Avg: 37.4, Max: 49, Diff: 20, Sum: 486]
      [Scan RS (ms): Min: 0.0, Avg: 0.3, Max: 0.6, Diff: 0.6, Sum: 3.3]
      [Code Root Scanning (ms): Min: 0.0, Avg: 0.0, Max: 0.0, Diff: 0.0, Sum: 0.0]
      [Object Copy (ms): Min: 25.8, Avg: 26.8, Max: 27.5, Diff: 1.7, Sum: 347.8]
      [Termination (ms): Min: 0.1, Avg: 0.1, Max: 0.1, Diff: 0.1, Sum: 1.1]
      [GC Worker Other (ms): Min: 0.0, Avg: 0.0, Max: 0.1, Diff: 0.0, Sum: 0.5]
      [GC Worker Total (ms): Min: 99.9, Avg: 100.1, Max: 100.3, Diff: 0.4, Sum: 1301.3]
      [GC Worker End (ms): Min: 113612.7, Avg: 113612.7, Max: 113612.7, Diff: 0.0]
   [Code Root Fixup: 0.3 ms]
   [Code Root Migration: 0.0 ms]
   [Clear CT: 0.6 ms]
   [Other: 7.7 ms]
      [Choose CSet: 0.0 ms]
      [Ref Proc: 3.0 ms]
      [Ref Enq: 0.2 ms]
      [Free CSet: 0.2 ms]
   [Eden: 24.0M(1064.0M)->0.0B(1168.0M) Survivors: 160.0M->56.0M Heap: 13.4G(24.0G)->13.5G(24.0G)]
 [Times: user=1.30 sys=0.00, real=0.10 secs] 
2014-04-16T09:43:36.751+0900: 113.621: [GC concurrent-root-region-scan-start]
2014-04-16T09:43:36.754+0900: 113.624: [GC concurrent-root-region-scan-end, 0.0024799 secs]
2014-04-16T09:43:36.754+0900: 113.624: [GC concurrent-mark-start]
2014-04-16T09:43:38.095+0900: 114.966: [GC pause (G1 Evacuation Pause) (young), 0.0622233 secs]
   [Parallel Time: 43.3 ms, GC Workers: 13]
      [GC Worker Start (ms): Min: 114965.9, Avg: 114966.1, Max: 114966.3, Diff: 0.4]
      [Ext Root Scanning (ms): Min: 1.2, Avg: 1.3, Max: 1.6, Diff: 0.4, Sum: 17.5]
      [SATB Filtering (ms): Min: 0.0, Avg: 0.0, Max: 0.5, Diff: 0.5, Sum: 0.5]
      [Update RS (ms): Min: 1.0, Avg: 1.8, Max: 2.5, Diff: 1.5, Sum: 23.1]
         [Processed Buffers: Min: 1, Avg: 6.8, Max: 23, Diff: 22, Sum: 88]
      [Scan RS (ms): Min: 7.4, Avg: 8.0, Max: 8.4, Diff: 1.0, Sum: 104.3]
      [Code Root Scanning (ms): Min: 0.0, Avg: 0.0, Max: 0.0, Diff: 0.0, Sum: 0.0]
      [Object Copy (ms): Min: 30.8, Avg: 31.0, Max: 31.4, Diff: 0.6, Sum: 403.0]
      [Termination (ms): Min: 0.0, Avg: 0.0, Max: 0.0, Diff: 0.0, Sum: 0.0]
      [GC Worker Other (ms): Min: 0.0, Avg: 0.1, Max: 0.3, Diff: 0.2, Sum: 1.2]
      [GC Worker Total (ms): Min: 42.0, Avg: 42.3, Max: 42.6, Diff: 0.6, Sum: 549.7]
      [GC Worker End (ms): Min: 115008.3, Avg: 115008.4, Max: 115008.6, Diff: 0.2]
   [Code Root Fixup: 0.2 ms]
   [Code Root Migration: 0.0 ms]
   [Clear CT: 3.6 ms]
   [Other: 15.2 ms]
      [Choose CSet: 0.0 ms]
      [Ref Proc: 11.2 ms]
      [Ref Enq: 0.7 ms]
      [Free CSet: 1.1 ms]
   [Eden: 1168.0M(1168.0M)->0.0B(1064.0M) Survivors: 56.0M->160.0M Heap: 15.0G(24.0G)->14.0G(24.0G)]
 [Times: user=0.61 sys=0.00, real=0.06 secs] 
2014-04-16T09:43:38.438+0900: 115.309: [GC concurrent-mark-end, 1.6847204 secs]
2014-04-16T09:43:38.440+0900: 115.310: [GC remark 115.311: [GC ref-proc, 0.0084901 secs], 0.0323700 secs]
 [Times: user=0.27 sys=0.00, real=0.03 secs] 
2014-04-16T09:43:38.474+0900: 115.344: [GC cleanup 14G->12G(24G), 0.0228985 secs]
 [Times: user=0.27 sys=0.00, real=0.02 secs] 
2014-04-16T09:43:38.497+0900: 115.368: [GC concurrent-cleanup-start]
2014-04-16T09:43:38.499+0900: 115.370: [GC concurrent-cleanup-end, 0.0019767 secs]
2014-04-16T09:43:43.652+0900: 120.523: [GC pause (G1 Evacuation Pause) (young), 0.1013386 secs]
   [Parallel Time: 81.7 ms, GC Workers: 13]
      [GC Worker Start (ms): Min: 120523.0, Avg: 120523.3, Max: 120523.6, Diff: 0.6]
      [Ext Root Scanning (ms): Min: 0.9, Avg: 1.5, Max: 2.4, Diff: 1.5, Sum: 19.0]
      [Update RS (ms): Min: 2.0, Avg: 3.0, Max: 3.6, Diff: 1.6, Sum: 38.7]
         [Processed Buffers: Min: 1, Avg: 6.8, Max: 44, Diff: 43, Sum: 89]
      [Scan RS (ms): Min: 16.7, Avg: 17.7, Max: 18.4, Diff: 1.7, Sum: 229.7]
      [Code Root Scanning (ms): Min: 0.0, Avg: 0.0, Max: 0.0, Diff: 0.0, Sum: 0.1]
      [Object Copy (ms): Min: 57.7, Avg: 58.2, Max: 59.1, Diff: 1.4, Sum: 757.2]
      [Termination (ms): Min: 0.0, Avg: 0.0, Max: 0.0, Diff: 0.0, Sum: 0.0]
      [GC Worker Other (ms): Min: 0.0, Avg: 0.1, Max: 0.2, Diff: 0.2, Sum: 0.9]
      [GC Worker Total (ms): Min: 80.1, Avg: 80.4, Max: 80.8, Diff: 0.7, Sum: 1045.5]
      [GC Worker End (ms): Min: 120603.7, Avg: 120603.7, Max: 120603.8, Diff: 0.2]
   [Code Root Fixup: 0.2 ms]
   [Code Root Migration: 0.0 ms]
   [Clear CT: 3.4 ms]
   [Other: 16.0 ms]
      [Choose CSet: 0.0 ms]
      [Ref Proc: 10.2 ms]
      [Ref Enq: 0.6 ms]
      [Free CSet: 1.3 ms]
   [Eden: 1064.0M(1064.0M)->0.0B(1064.0M) Survivors: 160.0M->160.0M Heap: 13.7G(24.0G)->12.9G(24.0G)]
 [Times: user=1.03 sys=0.07, real=0.11 secs] 
2014-04-16T09:43:44.919+0900: 121.789: [GC pause (G1 Evacuation Pause) (mixed), 0.0709749 secs]
   [Parallel Time: 48.1 ms, GC Workers: 13]
      [GC Worker Start (ms): Min: 121789.3, Avg: 121789.6, Max: 121789.9, Diff: 0.6]
      [Ext Root Scanning (ms): Min: 1.3, Avg: 1.6, Max: 1.8, Diff: 0.5, Sum: 20.8]
      [Update RS (ms): Min: 1.1, Avg: 1.7, Max: 4.2, Diff: 3.0, Sum: 22.0]
         [Processed Buffers: Min: 1, Avg: 5.0, Max: 18, Diff: 17, Sum: 65]
      [Scan RS (ms): Min: 14.4, Avg: 17.0, Max: 17.8, Diff: 3.4, Sum: 221.4]
      [Code Root Scanning (ms): Min: 0.0, Avg: 0.0, Max: 0.0, Diff: 0.0, Sum: 0.1]
      [Object Copy (ms): Min: 26.0, Avg: 26.5, Max: 26.8, Diff: 0.8, Sum: 344.7]
      [Termination (ms): Min: 0.0, Avg: 0.0, Max: 0.0, Diff: 0.0, Sum: 0.3]
      [GC Worker Other (ms): Min: 0.0, Avg: 0.1, Max: 0.3, Diff: 0.3, Sum: 1.2]
      [GC Worker Total (ms): Min: 46.7, Avg: 47.0, Max: 47.3, Diff: 0.7, Sum: 610.5]
      [GC Worker End (ms): Min: 121836.5, Avg: 121836.6, Max: 121836.9, Diff: 0.3]
   [Code Root Fixup: 0.2 ms]
   [Code Root Migration: 0.1 ms]
   [Clear CT: 4.5 ms]
   [Other: 18.2 ms]
      [Choose CSet: 0.2 ms]
      [Ref Proc: 11.6 ms]
      [Ref Enq: 1.8 ms]
      [Free CSet: 1.7 ms]
   [Eden: 1064.0M(1064.0M)->0.0B(1168.0M) Survivors: 160.0M->56.0M Heap: 13.9G(24.0G)->12.7G(24.0G)]
 [Times: user=0.67 sys=0.01, real=0.07 secs] 
2014-04-16T09:43:45.461+0900: 122.332: [GC pause (G1 Evacuation Pause) (young), 0.0194547 secs]
   [Parallel Time: 3.9 ms, GC Workers: 13]
      [GC Worker Start (ms): Min: 122331.9, Avg: 122332.2, Max: 122332.4, Diff: 0.5]
      [Ext Root Scanning (ms): Min: 1.2, Avg: 1.4, Max: 1.8, Diff: 0.7, Sum: 18.5]
      [Update RS (ms): Min: 0.2, Avg: 0.9, Max: 1.3, Diff: 1.1, Sum: 11.1]
         [Processed Buffers: Min: 0, Avg: 4.8, Max: 18, Diff: 18, Sum: 63]
      [Scan RS (ms): Min: 0.0, Avg: 0.2, Max: 0.4, Diff: 0.4, Sum: 2.6]
      [Code Root Scanning (ms): Min: 0.0, Avg: 0.0, Max: 0.0, Diff: 0.0, Sum: 0.0]
      [Object Copy (ms): Min: 0.1, Avg: 0.3, Max: 0.4, Diff: 0.3, Sum: 4.1]
      [Termination (ms): Min: 0.0, Avg: 0.0, Max: 0.0, Diff: 0.0, Sum: 0.0]
      [GC Worker Other (ms): Min: 0.0, Avg: 0.1, Max: 0.2, Diff: 0.2, Sum: 0.8]
      [GC Worker Total (ms): Min: 2.6, Avg: 2.9, Max: 3.1, Diff: 0.5, Sum: 37.2]
      [GC Worker End (ms): Min: 122335.0, Avg: 122335.0, Max: 122335.2, Diff: 0.2]
   [Code Root Fixup: 0.1 ms]
   [Code Root Migration: 0.0 ms]
   [Clear CT: 1.4 ms]
   [Other: 13.9 ms]
      [Choose CSet: 0.0 ms]
      [Ref Proc: 11.2 ms]
      [Ref Enq: 1.9 ms]
      [Free CSet: 0.5 ms]
   [Eden: 1168.0M(1168.0M)->0.0B(1168.0M) Survivors: 56.0M->56.0M Heap: 13.8G(24.0G)->12.7G(24.0G)]
 [Times: user=0.07 sys=0.00, real=0.02 secs] 
2014-04-16T09:43:45.628+0900: 122.499: [GC pause (G1 Humongous Allocation) (young) (initial-mark), 0.0221048 secs]
   [Parallel Time: 9.2 ms, GC Workers: 13]
      [GC Worker Start (ms): Min: 122499.0, Avg: 122499.3, Max: 122499.6, Diff: 0.6]
      [Ext Root Scanning (ms): Min: 1.0, Avg: 1.5, Max: 3.8, Diff: 2.9, Sum: 19.0]
      [Code Root Marking (ms): Min: 0.1, Avg: 0.9, Max: 6.3, Diff: 6.2, Sum: 12.0]
      [Update RS (ms): Min: 0.0, Avg: 0.2, Max: 0.3, Diff: 0.3, Sum: 2.3]
         [Processed Buffers: Min: 0, Avg: 3.0, Max: 7, Diff: 7, Sum: 39]
      [Scan RS (ms): Min: 0.0, Avg: 0.1, Max: 0.1, Diff: 0.1, Sum: 0.7]
      [Code Root Scanning (ms): Min: 0.0, Avg: 0.0, Max: 0.0, Diff: 0.0, Sum: 0.0]
      [Object Copy (ms): Min: 0.5, Avg: 1.0, Max: 1.2, Diff: 0.7, Sum: 13.4]
      [Termination (ms): Min: 0.0, Avg: 4.4, Max: 5.0, Diff: 5.0, Sum: 57.5]
      [GC Worker Other (ms): Min: 0.0, Avg: 0.0, Max: 0.0, Diff: 0.0, Sum: 0.3]
      [GC Worker Total (ms): Min: 7.8, Avg: 8.1, Max: 8.4, Diff: 0.6, Sum: 105.3]
      [GC Worker End (ms): Min: 122507.4, Avg: 122507.4, Max: 122507.4, Diff: 0.0]
   [Code Root Fixup: 0.2 ms]
   [Code Root Migration: 0.0 ms]
   [Clear CT: 0.8 ms]
   [Other: 12.0 ms]
      [Choose CSet: 0.0 ms]
      [Ref Proc: 10.0 ms]
      [Ref Enq: 0.7 ms]
      [Free CSet: 0.2 ms]
   [Eden: 424.0M(1168.0M)->0.0B(1208.0M) Survivors: 56.0M->16.0M Heap: 13.1G(24.0G)->12.6G(24.0G)]
 [Times: user=0.13 sys=0.01, real=0.02 secs] 
2014-04-16T09:43:45.651+0900: 122.521: [GC concurrent-root-region-scan-start]
2014-04-16T09:43:45.656+0900: 122.526: [GC concurrent-root-region-scan-end, 0.0051461 secs]
2014-04-16T09:43:45.656+0900: 122.526: [GC concurrent-mark-start]
2014-04-16T09:43:46.941+0900: 123.811: [GC pause (G1 Evacuation Pause) (young), 0.0869191 secs]
   [Parallel Time: 76.7 ms, GC Workers: 13]
      [GC Worker Start (ms): Min: 123811.7, Avg: 123811.9, Max: 123812.1, Diff: 0.4]
      [Ext Root Scanning (ms): Min: 0.8, Avg: 1.3, Max: 2.2, Diff: 1.4, Sum: 16.4]
      [SATB Filtering (ms): Min: 0.0, Avg: 0.0, Max: 0.4, Diff: 0.4, Sum: 0.4]
      [Update RS (ms): Min: 0.9, Avg: 1.2, Max: 1.7, Diff: 0.7, Sum: 16.2]
         [Processed Buffers: Min: 0, Avg: 6.5, Max: 15, Diff: 15, Sum: 84]
      [Scan RS (ms): Min: 6.2, Avg: 6.7, Max: 7.0, Diff: 0.8, Sum: 87.0]
      [Code Root Scanning (ms): Min: 0.0, Avg: 0.0, Max: 0.0, Diff: 0.0, Sum: 0.0]
      [Object Copy (ms): Min: 65.0, Avg: 66.1, Max: 66.7, Diff: 1.7, Sum: 859.1]
      [Termination (ms): Min: 0.0, Avg: 0.5, Max: 1.4, Diff: 1.4, Sum: 6.1]
      [GC Worker Other (ms): Min: 0.0, Avg: 0.0, Max: 0.1, Diff: 0.1, Sum: 0.6]
      [GC Worker Total (ms): Min: 75.6, Avg: 75.8, Max: 76.1, Diff: 0.4, Sum: 985.9]
      [GC Worker End (ms): Min: 123887.7, Avg: 123887.7, Max: 123887.8, Diff: 0.1]
   [Code Root Fixup: 0.2 ms]
   [Code Root Migration: 0.0 ms]
   [Clear CT: 3.1 ms]
   [Other: 6.9 ms]
      [Choose CSet: 0.0 ms]
      [Ref Proc: 4.2 ms]
      [Ref Enq: 0.2 ms]
      [Free CSet: 0.8 ms]
   [Eden: 1208.0M(1208.0M)->0.0B(1064.0M) Survivors: 16.0M->160.0M Heap: 14.4G(24.0G)->13.4G(24.0G)]
 [Times: user=0.73 sys=0.28, real=0.09 secs] 
2014-04-16T09:43:47.297+0900: 124.167: [GC concurrent-mark-end, 1.6410730 secs]
2014-04-16T09:43:47.298+0900: 124.169: [GC remark 124.169: [GC ref-proc, 0.0091135 secs], 0.0311903 secs]
 [Times: user=0.25 sys=0.00, real=0.03 secs] 
2014-04-16T09:43:47.331+0900: 124.202: [GC cleanup 13G->12G(24G), 0.0220294 secs]
 [Times: user=0.25 sys=0.00, real=0.03 secs] 
2014-04-16T09:43:47.354+0900: 124.224: [GC concurrent-cleanup-start]
2014-04-16T09:43:47.355+0900: 124.225: [GC concurrent-cleanup-end, 0.0010627 secs]
2014-04-16T09:43:48.350+0900: 125.220: [GC pause (G1 Evacuation Pause) (young), 0.1236620 secs]
   [Parallel Time: 104.6 ms, GC Workers: 13]
      [GC Worker Start (ms): Min: 125220.8, Avg: 125220.9, Max: 125221.1, Diff: 0.3]
      [Ext Root Scanning (ms): Min: 1.2, Avg: 1.7, Max: 2.5, Diff: 1.3, Sum: 21.5]
      [Update RS (ms): Min: 1.8, Avg: 3.1, Max: 3.7, Diff: 1.8, Sum: 40.8]
         [Processed Buffers: Min: 1, Avg: 7.0, Max: 27, Diff: 26, Sum: 91]
      [Scan RS (ms): Min: 15.3, Avg: 15.7, Max: 16.2, Diff: 0.9, Sum: 204.2]
      [Code Root Scanning (ms): Min: 0.0, Avg: 0.0, Max: 0.0, Diff: 0.0, Sum: 0.1]
      [Object Copy (ms): Min: 82.9, Avg: 83.2, Max: 83.8, Diff: 0.9, Sum: 1082.1]
      [Termination (ms): Min: 0.0, Avg: 0.1, Max: 0.1, Diff: 0.1, Sum: 1.0]
      [GC Worker Other (ms): Min: 0.0, Avg: 0.1, Max: 0.2, Diff: 0.2, Sum: 1.2]
      [GC Worker Total (ms): Min: 103.7, Avg: 103.9, Max: 104.1, Diff: 0.4, Sum: 1350.9]
      [GC Worker End (ms): Min: 125324.8, Avg: 125324.8, Max: 125325.0, Diff: 0.2]
   [Code Root Fixup: 0.3 ms]
   [Code Root Migration: 0.1 ms]
   [Clear CT: 3.8 ms]
   [Other: 14.9 ms]
      [Choose CSet: 0.0 ms]
      [Ref Proc: 8.3 ms]
      [Ref Enq: 1.7 ms]
      [Free CSet: 1.5 ms]
   [Eden: 1064.0M(1064.0M)->0.0B(1064.0M) Survivors: 160.0M->160.0M Heap: 14.2G(24.0G)->13.4G(24.0G)]
 [Times: user=1.19 sys=0.20, real=0.13 secs] 
2014-04-16T09:43:49.248+0900: 126.118: [GC pause (G1 Evacuation Pause) (mixed), 0.1584710 secs]
   [Parallel Time: 136.1 ms, GC Workers: 13]
      [GC Worker Start (ms): Min: 126119.7, Avg: 126119.9, Max: 126120.1, Diff: 0.5]
      [Ext Root Scanning (ms): Min: 1.3, Avg: 1.6, Max: 2.2, Diff: 0.9, Sum: 21.1]
      [Update RS (ms): Min: 2.7, Avg: 3.4, Max: 5.5, Diff: 2.8, Sum: 44.0]
         [Processed Buffers: Min: 6, Avg: 11.6, Max: 19, Diff: 13, Sum: 151]
      [Scan RS (ms): Min: 39.3, Avg: 41.4, Max: 42.0, Diff: 2.7, Sum: 538.8]
      [Code Root Scanning (ms): Min: 0.0, Avg: 0.0, Max: 0.0, Diff: 0.0, Sum: 0.1]
      [Object Copy (ms): Min: 88.3, Avg: 88.6, Max: 88.7, Diff: 0.4, Sum: 1151.4]
      [Termination (ms): Min: 0.0, Avg: 0.0, Max: 0.0, Diff: 0.0, Sum: 0.0]
      [GC Worker Other (ms): Min: 0.0, Avg: 0.1, Max: 0.1, Diff: 0.1, Sum: 0.7]
      [GC Worker Total (ms): Min: 134.9, Avg: 135.1, Max: 135.3, Diff: 0.5, Sum: 1756.2]
      [GC Worker End (ms): Min: 126254.9, Avg: 126255.0, Max: 126255.0, Diff: 0.1]
   [Code Root Fixup: 0.3 ms]
   [Code Root Migration: 0.1 ms]
   [Clear CT: 4.0 ms]
   [Other: 18.0 ms]
      [Choose CSet: 0.6 ms]
      [Ref Proc: 7.5 ms]
      [Ref Enq: 0.4 ms]
      [Free CSet: 2.8 ms]
   [Eden: 1064.0M(1064.0M)->0.0B(1064.0M) Survivors: 160.0M->160.0M Heap: 14.8G(24.0G)->13.4G(24.0G)]
 [Times: user=1.83 sys=0.00, real=0.16 secs] 
2014-04-16T09:43:50.858+0900: 127.728: [GC pause (G1 Evacuation Pause) (mixed), 0.1757714 secs]
   [Parallel Time: 152.8 ms, GC Workers: 13]
      [GC Worker Start (ms): Min: 127729.3, Avg: 127729.6, Max: 127729.9, Diff: 0.6]
      [Ext Root Scanning (ms): Min: 1.1, Avg: 1.4, Max: 2.0, Diff: 0.9, Sum: 18.8]
      [Update RS (ms): Min: 1.0, Avg: 1.6, Max: 2.0, Diff: 1.0, Sum: 21.4]
         [Processed Buffers: Min: 0, Avg: 7.1, Max: 14, Diff: 14, Sum: 92]
      [Scan RS (ms): Min: 47.7, Avg: 48.1, Max: 48.7, Diff: 1.0, Sum: 625.9]
      [Code Root Scanning (ms): Min: 0.0, Avg: 0.0, Max: 0.0, Diff: 0.0, Sum: 0.1]
      [Object Copy (ms): Min: 100.3, Avg: 100.9, Max: 101.0, Diff: 0.7, Sum: 1311.1]
      [Termination (ms): Min: 0.0, Avg: 0.1, Max: 0.1, Diff: 0.1, Sum: 1.2]
      [GC Worker Other (ms): Min: 0.0, Avg: 0.0, Max: 0.1, Diff: 0.1, Sum: 0.6]
      [GC Worker Total (ms): Min: 152.0, Avg: 152.2, Max: 152.5, Diff: 0.5, Sum: 1979.0]
      [GC Worker End (ms): Min: 127881.8, Avg: 127881.8, Max: 127881.9, Diff: 0.1]
   [Code Root Fixup: 0.3 ms]
   [Code Root Migration: 0.1 ms]
   [Clear CT: 4.2 ms]
   [Other: 18.5 ms]
      [Choose CSet: 0.8 ms]
      [Ref Proc: 7.3 ms]
      [Ref Enq: 0.3 ms]
      [Free CSet: 2.8 ms]
   [Eden: 1064.0M(1064.0M)->0.0B(1064.0M) Survivors: 160.0M->160.0M Heap: 14.8G(24.0G)->13.4G(24.0G)]
 [Times: user=2.03 sys=0.02, real=0.17 secs] 
2014-04-16T09:43:52.079+0900: 128.950: [GC pause (G1 Evacuation Pause) (mixed), 0.1173280 secs]
   [Parallel Time: 97.4 ms, GC Workers: 13]
      [GC Worker Start (ms): Min: 128950.7, Avg: 128950.9, Max: 128951.0, Diff: 0.3]
      [Ext Root Scanning (ms): Min: 1.3, Avg: 1.5, Max: 2.2, Diff: 0.8, Sum: 19.4]
      [Update RS (ms): Min: 4.0, Avg: 4.9, Max: 7.1, Diff: 3.1, Sum: 63.9]
         [Processed Buffers: Min: 11, Avg: 17.5, Max: 30, Diff: 19, Sum: 228]
      [Scan RS (ms): Min: 25.0, Avg: 27.0, Max: 27.4, Diff: 2.4, Sum: 350.6]
      [Code Root Scanning (ms): Min: 0.0, Avg: 0.0, Max: 0.0, Diff: 0.0, Sum: 0.1]
      [Object Copy (ms): Min: 63.0, Avg: 63.1, Max: 63.3, Diff: 0.2, Sum: 820.8]
      [Termination (ms): Min: 0.0, Avg: 0.0, Max: 0.0, Diff: 0.0, Sum: 0.0]
      [GC Worker Other (ms): Min: 0.0, Avg: 0.1, Max: 0.2, Diff: 0.1, Sum: 0.8]
      [GC Worker Total (ms): Min: 96.4, Avg: 96.6, Max: 96.9, Diff: 0.4, Sum: 1255.7]
      [GC Worker End (ms): Min: 129047.4, Avg: 129047.4, Max: 129047.5, Diff: 0.1]
   [Code Root Fixup: 0.4 ms]
   [Code Root Migration: 0.1 ms]
   [Clear CT: 3.9 ms]
   [Other: 15.7 ms]
      [Choose CSet: 0.2 ms]
      [Ref Proc: 8.3 ms]
      [Ref Enq: 0.6 ms]
      [Free CSet: 1.5 ms]
   [Eden: 1064.0M(1064.0M)->0.0B(1064.0M) Survivors: 160.0M->160.0M Heap: 14.9G(24.0G)->14.0G(24.0G)]
 [Times: user=1.31 sys=0.01, real=0.12 secs] 
2014-04-16T09:43:52.244+0900: 129.114: [GC pause (G1 Humongous Allocation) (young) (initial-mark), 0.0750511 secs]
   [Parallel Time: 66.6 ms, GC Workers: 13]
      [GC Worker Start (ms): Min: 129114.3, Avg: 129114.4, Max: 129114.5, Diff: 0.2]
      [Ext Root Scanning (ms): Min: 1.2, Avg: 1.5, Max: 4.0, Diff: 2.8, Sum: 19.5]
      [Code Root Marking (ms): Min: 0.1, Avg: 0.8, Max: 4.5, Diff: 4.4, Sum: 10.1]
      [Update RS (ms): Min: 30.4, Avg: 34.8, Max: 39.7, Diff: 9.3, Sum: 452.5]
         [Processed Buffers: Min: 15, Avg: 19.2, Max: 24, Diff: 9, Sum: 250]
      [Scan RS (ms): Min: 0.0, Avg: 2.6, Max: 3.8, Diff: 3.8, Sum: 34.2]
      [Code Root Scanning (ms): Min: 0.0, Avg: 0.0, Max: 0.0, Diff: 0.0, Sum: 0.0]
      [Object Copy (ms): Min: 23.6, Avg: 26.5, Max: 27.2, Diff: 3.6, Sum: 344.3]
      [Termination (ms): Min: 0.0, Avg: 0.0, Max: 0.0, Diff: 0.0, Sum: 0.1]
      [GC Worker Other (ms): Min: 0.0, Avg: 0.0, Max: 0.1, Diff: 0.0, Sum: 0.6]
      [GC Worker Total (ms): Min: 66.1, Avg: 66.2, Max: 66.4, Diff: 0.2, Sum: 861.2]
      [GC Worker End (ms): Min: 129180.6, Avg: 129180.7, Max: 129180.7, Diff: 0.0]
   [Code Root Fixup: 0.3 ms]
   [Code Root Migration: 0.0 ms]
   [Clear CT: 2.5 ms]
   [Other: 5.6 ms]
      [Choose CSet: 0.0 ms]
      [Ref Proc: 2.7 ms]
      [Ref Enq: 0.2 ms]
      [Free CSet: 0.2 ms]
   [Eden: 32.0M(1064.0M)->0.0B(1168.0M) Survivors: 160.0M->56.0M Heap: 14.0G(24.0G)->14.0G(24.0G)]
 [Times: user=0.89 sys=0.01, real=0.08 secs] 
2014-04-16T09:43:52.319+0900: 129.189: [GC concurrent-root-region-scan-start]
2014-04-16T09:43:52.320+0900: 129.190: [GC concurrent-root-region-scan-end, 0.0008142 secs]
2014-04-16T09:43:52.320+0900: 129.190: [GC concurrent-mark-start]
2014-04-16T09:43:53.825+0900: 130.695: [GC concurrent-mark-end, 1.5049557 secs]
2014-04-16T09:43:53.826+0900: 130.697: [GC remark 130.698: [GC ref-proc, 0.0125384 secs], 0.0362350 secs]
 [Times: user=0.27 sys=0.01, real=0.03 secs] 
2014-04-16T09:43:53.864+0900: 130.735: [GC cleanup 14G->12G(24G), 0.0229553 secs]
 [Times: user=0.27 sys=0.00, real=0.03 secs] 
2014-04-16T09:43:53.888+0900: 130.758: [GC concurrent-cleanup-start]
2014-04-16T09:43:53.890+0900: 130.761: [GC concurrent-cleanup-end, 0.0024744 secs]
2014-04-16T09:43:55.347+0900: 132.218: [GC pause (G1 Evacuation Pause) (young), 0.0910753 secs]
   [Parallel Time: 74.2 ms, GC Workers: 13]
      [GC Worker Start (ms): Min: 132218.4, Avg: 132218.7, Max: 132218.9, Diff: 0.5]
      [Ext Root Scanning (ms): Min: 1.4, Avg: 1.6, Max: 1.8, Diff: 0.5, Sum: 20.8]
      [Update RS (ms): Min: 2.9, Avg: 3.4, Max: 3.9, Diff: 1.0, Sum: 44.3]
         [Processed Buffers: Min: 3, Avg: 13.0, Max: 22, Diff: 19, Sum: 169]
      [Scan RS (ms): Min: 11.3, Avg: 11.7, Max: 12.1, Diff: 0.8, Sum: 152.4]
      [Code Root Scanning (ms): Min: 0.0, Avg: 0.0, Max: 0.0, Diff: 0.0, Sum: 0.0]
      [Object Copy (ms): Min: 56.2, Avg: 56.3, Max: 56.4, Diff: 0.2, Sum: 732.2]
      [Termination (ms): Min: 0.0, Avg: 0.0, Max: 0.0, Diff: 0.0, Sum: 0.1]
      [GC Worker Other (ms): Min: 0.0, Avg: 0.1, Max: 0.2, Diff: 0.1, Sum: 0.7]
      [GC Worker Total (ms): Min: 72.9, Avg: 73.1, Max: 73.5, Diff: 0.6, Sum: 950.5]
      [GC Worker End (ms): Min: 132291.8, Avg: 132291.8, Max: 132291.9, Diff: 0.1]
   [Code Root Fixup: 0.2 ms]
   [Code Root Migration: 0.0 ms]
   [Clear CT: 2.9 ms]
   [Other: 13.7 ms]
      [Choose CSet: 0.0 ms]
      [Ref Proc: 8.5 ms]
      [Ref Enq: 1.0 ms]
      [Free CSet: 1.2 ms]
   [Eden: 1168.0M(1168.0M)->0.0B(1064.0M) Survivors: 56.0M->160.0M Heap: 13.4G(24.0G)->12.5G(24.0G)]
 [Times: user=0.94 sys=0.06, real=0.09 secs] 
2014-04-16T09:43:57.265+0900: 134.135: [GC pause (G1 Evacuation Pause) (mixed), 0.1631015 secs]
   [Parallel Time: 137.6 ms, GC Workers: 13]
      [GC Worker Start (ms): Min: 134135.8, Avg: 134136.1, Max: 134136.3, Diff: 0.5]
      [Ext Root Scanning (ms): Min: 1.3, Avg: 1.6, Max: 2.2, Diff: 0.9, Sum: 20.6]
      [Update RS (ms): Min: 2.8, Avg: 3.1, Max: 3.6, Diff: 0.8, Sum: 40.6]
         [Processed Buffers: Min: 1, Avg: 7.1, Max: 51, Diff: 50, Sum: 92]
      [Scan RS (ms): Min: 26.3, Avg: 27.4, Max: 28.0, Diff: 1.7, Sum: 356.1]
      [Code Root Scanning (ms): Min: 0.0, Avg: 0.0, Max: 0.0, Diff: 0.0, Sum: 0.1]
      [Object Copy (ms): Min: 103.2, Avg: 104.0, Max: 104.6, Diff: 1.4, Sum: 1352.4]
      [Termination (ms): Min: 0.0, Avg: 0.4, Max: 0.4, Diff: 0.4, Sum: 4.7]
      [GC Worker Other (ms): Min: 0.0, Avg: 0.1, Max: 0.2, Diff: 0.2, Sum: 0.8]
      [GC Worker Total (ms): Min: 136.3, Avg: 136.6, Max: 136.8, Diff: 0.6, Sum: 1775.3]
      [GC Worker End (ms): Min: 134272.6, Avg: 134272.6, Max: 134272.8, Diff: 0.2]
   [Code Root Fixup: 0.1 ms]
   [Code Root Migration: 0.1 ms]
   [Clear CT: 4.4 ms]
   [Other: 20.8 ms]
      [Choose CSet: 0.2 ms]
      [Ref Proc: 12.8 ms]
      [Ref Enq: 0.9 ms]
      [Free CSet: 1.9 ms]
   [Eden: 1064.0M(1064.0M)->0.0B(1064.0M) Survivors: 160.0M->160.0M Heap: 13.8G(24.0G)->12.8G(24.0G)]
 [Times: user=1.69 sys=0.12, real=0.17 secs] 
2014-04-16T09:43:58.622+0900: 135.492: [GC pause (G1 Evacuation Pause) (young), 0.0616415 secs]
   [Parallel Time: 43.2 ms, GC Workers: 13]
      [GC Worker Start (ms): Min: 135492.7, Avg: 135493.0, Max: 135493.3, Diff: 0.6]
      [Ext Root Scanning (ms): Min: 1.3, Avg: 1.7, Max: 2.2, Diff: 0.9, Sum: 21.5]
      [Update RS (ms): Min: 2.1, Avg: 2.7, Max: 5.3, Diff: 3.2, Sum: 35.2]
         [Processed Buffers: Min: 1, Avg: 5.2, Max: 18, Diff: 17, Sum: 67]
      [Scan RS (ms): Min: 6.3, Avg: 8.8, Max: 9.6, Diff: 3.2, Sum: 114.7]
      [Code Root Scanning (ms): Min: 0.0, Avg: 0.0, Max: 0.0, Diff: 0.0, Sum: 0.0]
      [Object Copy (ms): Min: 28.4, Avg: 28.6, Max: 28.7, Diff: 0.2, Sum: 371.5]
      [Termination (ms): Min: 0.0, Avg: 0.0, Max: 0.0, Diff: 0.0, Sum: 0.0]
      [GC Worker Other (ms): Min: 0.0, Avg: 0.1, Max: 0.2, Diff: 0.2, Sum: 0.9]
      [GC Worker Total (ms): Min: 41.5, Avg: 41.8, Max: 42.1, Diff: 0.6, Sum: 543.9]
      [GC Worker End (ms): Min: 135534.8, Avg: 135534.8, Max: 135535.0, Diff: 0.2]
   [Code Root Fixup: 0.2 ms]
   [Code Root Migration: 0.1 ms]
   [Clear CT: 3.6 ms]
   [Other: 14.6 ms]
      [Choose CSet: 0.0 ms]
      [Ref Proc: 10.8 ms]
      [Ref Enq: 0.9 ms]
      [Free CSet: 0.9 ms]
   [Eden: 1064.0M(1064.0M)->0.0B(1168.0M) Survivors: 160.0M->56.0M Heap: 13.8G(24.0G)->12.8G(24.0G)]
 [Times: user=0.60 sys=0.01, real=0.06 secs] 
2014-04-16T09:43:59.212+0900: 136.082: [GC pause (G1 Evacuation Pause) (young) (initial-mark), 0.0232814 secs]
   [Parallel Time: 7.4 ms, GC Workers: 13]
      [GC Worker Start (ms): Min: 136082.9, Avg: 136083.2, Max: 136083.6, Diff: 0.6]
      [Ext Root Scanning (ms): Min: 0.7, Avg: 1.2, Max: 2.7, Diff: 2.0, Sum: 15.6]
      [Code Root Marking (ms): Min: 0.1, Avg: 0.8, Max: 4.6, Diff: 4.6, Sum: 10.0]
      [Update RS (ms): Min: 0.0, Avg: 1.6, Max: 2.8, Diff: 2.8, Sum: 20.9]
         [Processed Buffers: Min: 0, Avg: 5.3, Max: 16, Diff: 16, Sum: 69]
      [Scan RS (ms): Min: 0.0, Avg: 0.1, Max: 0.4, Diff: 0.4, Sum: 1.8]
      [Code Root Scanning (ms): Min: 0.0, Avg: 0.0, Max: 0.0, Diff: 0.0, Sum: 0.0]
      [Object Copy (ms): Min: 0.4, Avg: 0.7, Max: 1.0, Diff: 0.7, Sum: 9.0]
      [Termination (ms): Min: 0.0, Avg: 1.8, Max: 2.1, Diff: 2.1, Sum: 23.8]
      [GC Worker Other (ms): Min: 0.0, Avg: 0.0, Max: 0.1, Diff: 0.0, Sum: 0.4]
      [GC Worker Total (ms): Min: 5.9, Avg: 6.3, Max: 6.6, Diff: 0.6, Sum: 81.5]
      [GC Worker End (ms): Min: 136089.5, Avg: 136089.5, Max: 136089.5, Diff: 0.0]
   [Code Root Fixup: 0.1 ms]
   [Code Root Migration: 0.0 ms]
   [Clear CT: 1.2 ms]
   [Other: 14.6 ms]
      [Choose CSet: 0.0 ms]
      [Ref Proc: 11.7 ms]
      [Ref Enq: 1.4 ms]
      [Free CSet: 0.5 ms]
   [Eden: 1168.0M(1168.0M)->0.0B(1176.0M) Survivors: 56.0M->48.0M Heap: 14.0G(24.0G)->12.8G(24.0G)]
 [Times: user=0.11 sys=0.00, real=0.03 secs] 
2014-04-16T09:43:59.236+0900: 136.106: [GC concurrent-root-region-scan-start]
2014-04-16T09:43:59.236+0900: 136.106: [GC concurrent-root-region-scan-end, 0.0004140 secs]
2014-04-16T09:43:59.236+0900: 136.106: [GC concurrent-mark-start]
2014-04-16T09:44:00.399+0900: 137.270: [GC pause (G1 Evacuation Pause) (young), 0.0525432 secs]
   [Parallel Time: 36.5 ms, GC Workers: 13]
      [GC Worker Start (ms): Min: 137270.0, Avg: 137270.3, Max: 137270.4, Diff: 0.4]
      [Ext Root Scanning (ms): Min: 1.1, Avg: 1.2, Max: 1.8, Diff: 0.7, Sum: 16.2]
      [SATB Filtering (ms): Min: 0.0, Avg: 0.0, Max: 0.3, Diff: 0.3, Sum: 0.3]
      [Update RS (ms): Min: 3.6, Avg: 4.3, Max: 5.2, Diff: 1.6, Sum: 56.3]
         [Processed Buffers: Min: 6, Avg: 14.1, Max: 27, Diff: 21, Sum: 183]
      [Scan RS (ms): Min: 3.9, Avg: 4.8, Max: 5.0, Diff: 1.0, Sum: 61.9]
      [Code Root Scanning (ms): Min: 0.0, Avg: 0.0, Max: 0.0, Diff: 0.0, Sum: 0.1]
      [Object Copy (ms): Min: 25.5, Avg: 25.5, Max: 25.6, Diff: 0.1, Sum: 331.9]
      [Termination (ms): Min: 0.0, Avg: 0.0, Max: 0.0, Diff: 0.0, Sum: 0.0]
      [GC Worker Other (ms): Min: 0.0, Avg: 0.1, Max: 0.2, Diff: 0.2, Sum: 1.2]
      [GC Worker Total (ms): Min: 35.8, Avg: 36.0, Max: 36.2, Diff: 0.4, Sum: 467.9]
      [GC Worker End (ms): Min: 137306.2, Avg: 137306.3, Max: 137306.4, Diff: 0.2]
   [Code Root Fixup: 0.2 ms]
   [Code Root Migration: 0.1 ms]
   [Clear CT: 3.2 ms]
   [Other: 12.5 ms]
      [Choose CSet: 0.0 ms]
      [Ref Proc: 8.6 ms]
      [Ref Enq: 1.1 ms]
      [Free CSet: 1.0 ms]
   [Eden: 1176.0M(1176.0M)->0.0B(1064.0M) Survivors: 48.0M->160.0M Heap: 14.4G(24.0G)->13.4G(24.0G)]
 [Times: user=0.51 sys=0.01, real=0.05 secs] 
2014-04-16T09:44:00.751+0900: 137.621: [GC concurrent-mark-end, 1.5148012 secs]
2014-04-16T09:44:00.752+0900: 137.623: [GC remark 137.624: [GC ref-proc, 0.0074972 secs], 0.0291370 secs]
 [Times: user=0.24 sys=0.00, real=0.03 secs] 
2014-04-16T09:44:00.783+0900: 137.653: [GC cleanup 13G->13G(24G), 0.0208685 secs]
 [Times: user=0.25 sys=0.01, real=0.02 secs] 
2014-04-16T09:44:00.804+0900: 137.674: [GC concurrent-cleanup-start]
2014-04-16T09:44:00.805+0900: 137.675: [GC concurrent-cleanup-end, 0.0010076 secs]
2014-04-16T09:44:01.700+0900: 138.570: [GC pause (G1 Evacuation Pause) (young), 0.1036300 secs]
   [Parallel Time: 85.0 ms, GC Workers: 13]
      [GC Worker Start (ms): Min: 138570.3, Avg: 138570.6, Max: 138570.9, Diff: 0.6]
      [Ext Root Scanning (ms): Min: 0.9, Avg: 1.3, Max: 3.1, Diff: 2.2, Sum: 17.3]
      [Update RS (ms): Min: 0.9, Avg: 3.1, Max: 7.4, Diff: 6.6, Sum: 40.5]
         [Processed Buffers: Min: 2, Avg: 8.2, Max: 16, Diff: 14, Sum: 106]
      [Scan RS (ms): Min: 11.0, Avg: 14.9, Max: 15.7, Diff: 4.7, Sum: 193.8]
      [Code Root Scanning (ms): Min: 0.0, Avg: 0.0, Max: 0.0, Diff: 0.0, Sum: 0.1]
      [Object Copy (ms): Min: 64.0, Avg: 64.6, Max: 65.5, Diff: 1.5, Sum: 839.7]
      [Termination (ms): Min: 0.0, Avg: 0.0, Max: 0.0, Diff: 0.0, Sum: 0.0]
      [GC Worker Other (ms): Min: 0.0, Avg: 0.1, Max: 0.2, Diff: 0.2, Sum: 0.8]
      [GC Worker Total (ms): Min: 83.7, Avg: 84.0, Max: 84.3, Diff: 0.6, Sum: 1092.2]
      [GC Worker End (ms): Min: 138654.6, Avg: 138654.6, Max: 138654.7, Diff: 0.2]
   [Code Root Fixup: 0.4 ms]
   [Code Root Migration: 0.1 ms]
   [Clear CT: 3.6 ms]
   [Other: 14.6 ms]
      [Choose CSet: 0.0 ms]
      [Ref Proc: 9.1 ms]
      [Ref Enq: 0.4 ms]
      [Free CSet: 1.2 ms]
   [Eden: 1064.0M(1064.0M)->0.0B(1064.0M) Survivors: 160.0M->160.0M Heap: 14.1G(24.0G)->13.3G(24.0G)]
 [Times: user=1.05 sys=0.10, real=0.10 secs] 
2014-04-16T09:44:02.538+0900: 139.408: [GC pause (G1 Evacuation Pause) (mixed), 0.1846155 secs]
   [Parallel Time: 163.2 ms, GC Workers: 13]
      [GC Worker Start (ms): Min: 139409.6, Avg: 139409.7, Max: 139409.8, Diff: 0.2]
      [Ext Root Scanning (ms): Min: 1.1, Avg: 1.3, Max: 2.7, Diff: 1.6, Sum: 16.5]
      [Update RS (ms): Min: 3.3, Avg: 5.0, Max: 6.4, Diff: 3.0, Sum: 65.4]
         [Processed Buffers: Min: 6, Avg: 12.1, Max: 25, Diff: 19, Sum: 157]
      [Scan RS (ms): Min: 48.7, Avg: 49.9, Max: 50.2, Diff: 1.5, Sum: 649.0]
      [Code Root Scanning (ms): Min: 0.0, Avg: 0.0, Max: 0.1, Diff: 0.1, Sum: 0.2]
      [Object Copy (ms): Min: 106.5, Avg: 106.5, Max: 106.6, Diff: 0.2, Sum: 1384.9]
      [Termination (ms): Min: 0.0, Avg: 0.0, Max: 0.0, Diff: 0.0, Sum: 0.0]
      [GC Worker Other (ms): Min: 0.0, Avg: 0.1, Max: 0.1, Diff: 0.1, Sum: 0.8]
      [GC Worker Total (ms): Min: 162.7, Avg: 162.8, Max: 163.0, Diff: 0.3, Sum: 2116.8]
      [GC Worker End (ms): Min: 139572.5, Avg: 139572.5, Max: 139572.6, Diff: 0.1]
   [Code Root Fixup: 0.4 ms]
   [Code Root Migration: 0.1 ms]
   [Clear CT: 3.9 ms]
   [Other: 17.0 ms]
      [Choose CSet: 0.8 ms]
      [Ref Proc: 2.9 ms]
      [Ref Enq: 0.2 ms]
      [Free CSet: 3.4 ms]
   [Eden: 1064.0M(1064.0M)->0.0B(1064.0M) Survivors: 160.0M->160.0M Heap: 14.7G(24.0G)->13.1G(24.0G)]
 [Times: user=2.17 sys=0.02, real=0.18 secs] 
2014-04-16T09:44:03.669+0900: 140.539: [GC pause (G1 Evacuation Pause) (mixed), 0.2119337 secs]
   [Parallel Time: 188.2 ms, GC Workers: 13]
      [GC Worker Start (ms): Min: 140540.6, Avg: 140540.8, Max: 140541.0, Diff: 0.4]
      [Ext Root Scanning (ms): Min: 1.1, Avg: 1.4, Max: 2.4, Diff: 1.4, Sum: 18.5]
      [Update RS (ms): Min: 2.7, Avg: 3.4, Max: 6.1, Diff: 3.4, Sum: 44.8]
         [Processed Buffers: Min: 1, Avg: 6.8, Max: 26, Diff: 25, Sum: 88]
      [Scan RS (ms): Min: 54.5, Avg: 57.0, Max: 57.7, Diff: 3.2, Sum: 741.1]
      [Code Root Scanning (ms): Min: 0.0, Avg: 0.0, Max: 0.0, Diff: 0.0, Sum: 0.1]
      [Object Copy (ms): Min: 125.6, Avg: 125.8, Max: 126.2, Diff: 0.6, Sum: 1635.2]
      [Termination (ms): Min: 0.0, Avg: 0.0, Max: 0.0, Diff: 0.0, Sum: 0.0]
      [GC Worker Other (ms): Min: 0.0, Avg: 0.1, Max: 0.2, Diff: 0.1, Sum: 1.0]
      [GC Worker Total (ms): Min: 187.5, Avg: 187.7, Max: 188.0, Diff: 0.5, Sum: 2440.7]
      [GC Worker End (ms): Min: 140728.5, Avg: 140728.5, Max: 140728.6, Diff: 0.1]
   [Code Root Fixup: 0.4 ms]
   [Code Root Migration: 0.1 ms]
   [Clear CT: 4.4 ms]
   [Other: 18.8 ms]
      [Choose CSet: 1.0 ms]
      [Ref Proc: 3.0 ms]
      [Ref Enq: 0.2 ms]
      [Free CSet: 3.6 ms]
   [Eden: 1064.0M(1064.0M)->0.0B(1064.0M) Survivors: 160.0M->160.0M Heap: 14.6G(24.0G)->13.1G(24.0G)]
 [Times: user=2.58 sys=0.01, real=0.21 secs] 
2014-04-16T09:44:05.101+0900: 141.971: [GC pause (G1 Evacuation Pause) (mixed), 0.2341966 secs]
   [Parallel Time: 205.1 ms, GC Workers: 13]
      [GC Worker Start (ms): Min: 141972.7, Avg: 141972.9, Max: 141973.1, Diff: 0.4]
      [Ext Root Scanning (ms): Min: 1.2, Avg: 1.4, Max: 2.4, Diff: 1.2, Sum: 18.7]
      [Update RS (ms): Min: 2.1, Avg: 3.4, Max: 6.3, Diff: 4.3, Sum: 44.7]
         [Processed Buffers: Min: 6, Avg: 12.8, Max: 20, Diff: 14, Sum: 166]
      [Scan RS (ms): Min: 61.5, Avg: 64.3, Max: 65.0, Diff: 3.5, Sum: 836.3]
      [Code Root Scanning (ms): Min: 0.0, Avg: 0.0, Max: 0.1, Diff: 0.1, Sum: 0.2]
      [Object Copy (ms): Min: 134.6, Avg: 134.8, Max: 134.9, Diff: 0.4, Sum: 1752.3]
      [Termination (ms): Min: 0.0, Avg: 0.0, Max: 0.0, Diff: 0.0, Sum: 0.4]
      [GC Worker Other (ms): Min: 0.0, Avg: 0.1, Max: 0.3, Diff: 0.3, Sum: 1.3]
      [GC Worker Total (ms): Min: 203.9, Avg: 204.1, Max: 204.4, Diff: 0.5, Sum: 2653.9]
      [GC Worker End (ms): Min: 142176.9, Avg: 142177.0, Max: 142177.2, Diff: 0.3]
   [Code Root Fixup: 0.4 ms]
   [Code Root Migration: 0.2 ms]
   [Clear CT: 4.6 ms]
   [Other: 24.0 ms]
      [Choose CSet: 1.0 ms]
      [Ref Proc: 7.7 ms]
      [Ref Enq: 0.3 ms]
      [Free CSet: 3.7 ms]
   [Eden: 1064.0M(1064.0M)->0.0B(1064.0M) Survivors: 160.0M->160.0M Heap: 14.5G(24.0G)->13.1G(24.0G)]
 [Times: user=2.74 sys=0.00, real=0.23 secs] 
2014-04-16T09:44:06.725+0900: 143.595: [GC pause (G1 Evacuation Pause) (mixed), 0.1392614 secs]
   [Parallel Time: 119.0 ms, GC Workers: 13]
      [GC Worker Start (ms): Min: 143596.3, Avg: 143596.6, Max: 143596.9, Diff: 0.6]
      [Ext Root Scanning (ms): Min: 1.1, Avg: 1.4, Max: 2.1, Diff: 1.0, Sum: 18.1]
      [Update RS (ms): Min: 3.3, Avg: 4.0, Max: 4.5, Diff: 1.3, Sum: 52.4]
         [Processed Buffers: Min: 2, Avg: 11.0, Max: 18, Diff: 16, Sum: 143]
      [Scan RS (ms): Min: 38.4, Avg: 38.9, Max: 39.7, Diff: 1.3, Sum: 505.9]
      [Code Root Scanning (ms): Min: 0.0, Avg: 0.0, Max: 0.0, Diff: 0.0, Sum: 0.1]
      [Object Copy (ms): Min: 72.9, Avg: 73.5, Max: 73.7, Diff: 0.8, Sum: 955.4]
      [Termination (ms): Min: 0.0, Avg: 0.0, Max: 0.0, Diff: 0.0, Sum: 0.0]
      [GC Worker Other (ms): Min: 0.0, Avg: 0.1, Max: 0.2, Diff: 0.2, Sum: 1.2]
      [GC Worker Total (ms): Min: 117.6, Avg: 117.9, Max: 118.2, Diff: 0.6, Sum: 1533.1]
      [GC Worker End (ms): Min: 143714.5, Avg: 143714.5, Max: 143714.7, Diff: 0.2]
   [Code Root Fixup: 0.3 ms]
   [Code Root Migration: 0.1 ms]
   [Clear CT: 4.2 ms]
   [Other: 15.7 ms]
      [Choose CSet: 0.1 ms]
      [Ref Proc: 7.6 ms]
      [Ref Enq: 0.5 ms]
      [Free CSet: 1.4 ms]
   [Eden: 1064.0M(1064.0M)->0.0B(1064.0M) Survivors: 160.0M->160.0M Heap: 14.6G(24.0G)->13.8G(24.0G)]
 [Times: user=1.60 sys=0.00, real=0.14 secs] 
2014-04-16T09:44:06.892+0900: 143.762: [GC pause (G1 Humongous Allocation) (young) (initial-mark), 0.1629746 secs]
   [Parallel Time: 153.6 ms, GC Workers: 13]
      [GC Worker Start (ms): Min: 143763.1, Avg: 143763.2, Max: 143763.3, Diff: 0.3]
      [Ext Root Scanning (ms): Min: 1.0, Avg: 1.3, Max: 3.7, Diff: 2.7, Sum: 17.4]
      [Code Root Marking (ms): Min: 0.1, Avg: 1.0, Max: 6.8, Diff: 6.7, Sum: 13.1]
      [Update RS (ms): Min: 79.0, Avg: 83.4, Max: 87.7, Diff: 8.7, Sum: 1084.1]
         [Processed Buffers: Min: 39, Avg: 47.4, Max: 62, Diff: 23, Sum: 616]
      [Scan RS (ms): Min: 0.2, Avg: 3.6, Max: 4.8, Diff: 4.6, Sum: 46.6]
      [Code Root Scanning (ms): Min: 0.0, Avg: 0.0, Max: 0.0, Diff: 0.0, Sum: 0.0]
      [Object Copy (ms): Min: 63.0, Avg: 63.2, Max: 63.6, Diff: 0.6, Sum: 821.6]
      [Termination (ms): Min: 0.0, Avg: 0.4, Max: 0.5, Diff: 0.5, Sum: 5.4]
      [GC Worker Other (ms): Min: 0.0, Avg: 0.0, Max: 0.0, Diff: 0.0, Sum: 0.3]
      [GC Worker Total (ms): Min: 152.9, Avg: 153.0, Max: 153.1, Diff: 0.3, Sum: 1988.7]
      [GC Worker End (ms): Min: 143916.2, Avg: 143916.2, Max: 143916.2, Diff: 0.0]
   [Code Root Fixup: 0.3 ms]
   [Code Root Migration: 0.0 ms]
   [Clear CT: 1.1 ms]
   [Other: 8.0 ms]
      [Choose CSet: 0.0 ms]
      [Ref Proc: 3.2 ms]
      [Ref Enq: 0.2 ms]
      [Free CSet: 0.2 ms]
   [Eden: 48.0M(1064.0M)->0.0B(1168.0M) Survivors: 160.0M->56.0M Heap: 13.8G(24.0G)->13.8G(24.0G)]
 [Times: user=2.01 sys=0.00, real=0.16 secs] 
2014-04-16T09:44:07.055+0900: 143.926: [GC concurrent-root-region-scan-start]
2014-04-16T09:44:07.056+0900: 143.927: [GC concurrent-root-region-scan-end, 0.0009410 secs]
2014-04-16T09:44:07.056+0900: 143.927: [GC concurrent-mark-start]
2014-04-16T09:44:08.614+0900: 145.485: [GC concurrent-mark-end, 1.5580383 secs]
2014-04-16T09:44:08.616+0900: 145.486: [GC remark 145.488: [GC ref-proc, 0.0100590 secs], 0.0359787 secs]
 [Times: user=0.27 sys=0.00, real=0.04 secs] 
2014-04-16T09:44:08.654+0900: 145.524: [GC cleanup 14G->12G(24G), 0.0222725 secs]
 [Times: user=0.25 sys=0.00, real=0.02 secs] 
2014-04-16T09:44:08.677+0900: 145.547: [GC concurrent-cleanup-start]
2014-04-16T09:44:08.680+0900: 145.550: [GC concurrent-cleanup-end, 0.0032855 secs]
2014-04-16T09:44:09.438+0900: 146.308: [GC pause (G1 Evacuation Pause) (young), 0.0833574 secs]
   [Parallel Time: 64.4 ms, GC Workers: 13]
      [GC Worker Start (ms): Min: 146308.7, Avg: 146308.9, Max: 146309.1, Diff: 0.4]
      [Ext Root Scanning (ms): Min: 0.7, Avg: 1.0, Max: 1.8, Diff: 1.1, Sum: 12.6]
      [Update RS (ms): Min: 0.8, Avg: 1.6, Max: 3.1, Diff: 2.2, Sum: 21.1]
         [Processed Buffers: Min: 2, Avg: 6.7, Max: 12, Diff: 10, Sum: 87]
      [Scan RS (ms): Min: 18.8, Avg: 19.6, Max: 20.1, Diff: 1.3, Sum: 254.7]
      [Code Root Scanning (ms): Min: 0.0, Avg: 0.0, Max: 0.0, Diff: 0.0, Sum: 0.1]
      [Object Copy (ms): Min: 40.0, Avg: 40.9, Max: 41.9, Diff: 1.9, Sum: 532.1]
      [Termination (ms): Min: 0.0, Avg: 0.0, Max: 0.0, Diff: 0.0, Sum: 0.1]
      [GC Worker Other (ms): Min: 0.0, Avg: 0.1, Max: 0.3, Diff: 0.2, Sum: 1.1]
      [GC Worker Total (ms): Min: 63.0, Avg: 63.2, Max: 63.5, Diff: 0.6, Sum: 821.7]
      [GC Worker End (ms): Min: 146372.1, Avg: 146372.2, Max: 146372.3, Diff: 0.2]
   [Code Root Fixup: 0.3 ms]
   [Code Root Migration: 0.0 ms]
   [Clear CT: 3.6 ms]
   [Other: 14.9 ms]
      [Choose CSet: 0.0 ms]
      [Ref Proc: 9.7 ms]
      [Ref Enq: 0.7 ms]
      [Free CSet: 1.2 ms]
   [Eden: 1168.0M(1168.0M)->0.0B(1064.0M) Survivors: 56.0M->160.0M Heap: 13.0G(24.0G)->12.1G(24.0G)]
 [Times: user=0.87 sys=0.01, real=0.08 secs] 
2014-04-16T09:44:17.115+0900: 153.986: [GC pause (G1 Evacuation Pause) (mixed), 0.1576858 secs]
   [Parallel Time: 140.5 ms, GC Workers: 13]
      [GC Worker Start (ms): Min: 153986.2, Avg: 153986.5, Max: 153986.8, Diff: 0.6]
      [Ext Root Scanning (ms): Min: 0.5, Avg: 1.1, Max: 1.9, Diff: 1.4, Sum: 14.4]
      [Update RS (ms): Min: 0.0, Avg: 1.4, Max: 3.2, Diff: 3.2, Sum: 18.8]
         [Processed Buffers: Min: 0, Avg: 5.5, Max: 14, Diff: 14, Sum: 72]
      [Scan RS (ms): Min: 47.0, Avg: 48.4, Max: 48.7, Diff: 1.7, Sum: 629.5]
      [Code Root Scanning (ms): Min: 0.0, Avg: 0.0, Max: 0.0, Diff: 0.0, Sum: 0.1]
      [Object Copy (ms): Min: 88.0, Avg: 88.8, Max: 89.7, Diff: 1.7, Sum: 1153.9]
      [Termination (ms): Min: 0.0, Avg: 0.0, Max: 0.0, Diff: 0.0, Sum: 0.3]
      [GC Worker Other (ms): Min: 0.0, Avg: 0.1, Max: 0.2, Diff: 0.1, Sum: 1.1]
      [GC Worker Total (ms): Min: 139.6, Avg: 139.9, Max: 140.1, Diff: 0.6, Sum: 1818.1]
      [GC Worker End (ms): Min: 154126.3, Avg: 154126.4, Max: 154126.5, Diff: 0.1]
   [Code Root Fixup: 0.3 ms]
   [Code Root Migration: 0.1 ms]
   [Clear CT: 3.8 ms]
   [Other: 12.9 ms]
      [Choose CSet: 0.3 ms]
      [Ref Proc: 3.9 ms]
      [Ref Enq: 0.2 ms]
      [Free CSet: 1.9 ms]
   [Eden: 1064.0M(1064.0M)->0.0B(1064.0M) Survivors: 160.0M->160.0M Heap: 13.5G(24.0G)->12.4G(24.0G)]
 [Times: user=1.80 sys=0.06, real=0.16 secs] 
2014-04-16T09:44:17.357+0900: 154.228: [GC pause (G1 Humongous Allocation) (young) (initial-mark), 0.0980001 secs]
   [Parallel Time: 88.9 ms, GC Workers: 13]
      [GC Worker Start (ms): Min: 154228.4, Avg: 154228.5, Max: 154228.6, Diff: 0.2]
      [Ext Root Scanning (ms): Min: 0.9, Avg: 1.2, Max: 3.5, Diff: 2.7, Sum: 15.5]
      [Code Root Marking (ms): Min: 0.1, Avg: 1.0, Max: 6.5, Diff: 6.4, Sum: 13.0]
      [Update RS (ms): Min: 34.1, Avg: 38.7, Max: 41.2, Diff: 7.1, Sum: 503.5]
         [Processed Buffers: Min: 16, Avg: 21.0, Max: 28, Diff: 12, Sum: 273]
      [Scan RS (ms): Min: 6.3, Avg: 7.1, Max: 8.2, Diff: 1.9, Sum: 92.4]
      [Code Root Scanning (ms): Min: 0.0, Avg: 0.0, Max: 0.0, Diff: 0.0, Sum: 0.0]
      [Object Copy (ms): Min: 39.3, Avg: 40.2, Max: 40.9, Diff: 1.6, Sum: 522.7]
      [Termination (ms): Min: 0.0, Avg: 0.3, Max: 0.4, Diff: 0.4, Sum: 3.8]
      [GC Worker Other (ms): Min: 0.0, Avg: 0.0, Max: 0.0, Diff: 0.0, Sum: 0.4]
      [GC Worker Total (ms): Min: 88.5, Avg: 88.6, Max: 88.6, Diff: 0.2, Sum: 1151.3]
      [GC Worker End (ms): Min: 154317.0, Avg: 154317.0, Max: 154317.0, Diff: 0.0]
   [Code Root Fixup: 0.3 ms]
   [Code Root Migration: 0.0 ms]
   [Clear CT: 2.2 ms]
   [Other: 6.6 ms]
      [Choose CSet: 0.0 ms]
      [Ref Proc: 2.4 ms]
      [Ref Enq: 0.2 ms]
      [Free CSet: 0.3 ms]
   [Eden: 24.0M(1064.0M)->0.0B(1176.0M) Survivors: 160.0M->48.0M Heap: 12.5G(24.0G)->12.5G(24.0G)]
 [Times: user=1.19 sys=0.00, real=0.10 secs] 
2014-04-16T09:44:17.456+0900: 154.326: [GC concurrent-root-region-scan-start]
2014-04-16T09:44:17.457+0900: 154.327: [GC concurrent-root-region-scan-end, 0.0014284 secs]
2014-04-16T09:44:17.457+0900: 154.327: [GC concurrent-mark-start]
2014-04-16T09:44:19.019+0900: 155.889: [GC concurrent-mark-end, 1.5614622 secs]
2014-04-16T09:44:19.020+0900: 155.890: [GC remark 155.892: [GC ref-proc, 0.0118670 secs], 0.0404444 secs]
 [Times: user=0.32 sys=0.01, real=0.04 secs] 
2014-04-16T09:44:19.063+0900: 155.933: [GC cleanup 13G->12G(24G), 0.0241052 secs]
 [Times: user=0.28 sys=0.00, real=0.02 secs] 
2014-04-16T09:44:19.087+0900: 155.958: [GC concurrent-cleanup-start]
2014-04-16T09:44:19.088+0900: 155.959: [GC concurrent-cleanup-end, 0.0011549 secs]
2014-04-16T09:44:19.159+0900: 156.029: [GC pause (G1 Evacuation Pause) (young), 0.0333696 secs]
   [Parallel Time: 21.7 ms, GC Workers: 13]
      [GC Worker Start (ms): Min: 156029.3, Avg: 156029.5, Max: 156029.7, Diff: 0.4]
      [Ext Root Scanning (ms): Min: 0.6, Avg: 0.9, Max: 1.5, Diff: 0.9, Sum: 12.0]
      [Update RS (ms): Min: 1.7, Avg: 2.5, Max: 2.9, Diff: 1.2, Sum: 31.9]
         [Processed Buffers: Min: 1, Avg: 5.7, Max: 19, Diff: 18, Sum: 74]
      [Scan RS (ms): Min: 6.1, Avg: 6.5, Max: 6.7, Diff: 0.5, Sum: 84.0]
      [Code Root Scanning (ms): Min: 0.0, Avg: 0.0, Max: 0.0, Diff: 0.0, Sum: 0.0]
      [Object Copy (ms): Min: 10.9, Avg: 11.0, Max: 11.1, Diff: 0.2, Sum: 142.9]
      [Termination (ms): Min: 0.0, Avg: 0.0, Max: 0.0, Diff: 0.0, Sum: 0.3]
      [GC Worker Other (ms): Min: 0.0, Avg: 0.1, Max: 0.2, Diff: 0.1, Sum: 0.9]
      [GC Worker Total (ms): Min: 20.7, Avg: 20.9, Max: 21.1, Diff: 0.4, Sum: 271.9]
      [GC Worker End (ms): Min: 156050.4, Avg: 156050.4, Max: 156050.5, Diff: 0.1]
   [Code Root Fixup: 0.2 ms]
   [Code Root Migration: 0.0 ms]
   [Clear CT: 1.9 ms]
   [Other: 9.6 ms]
      [Choose CSet: 0.0 ms]
      [Ref Proc: 7.7 ms]
      [Ref Enq: 0.5 ms]
      [Free CSet: 0.6 ms]
   [Eden: 1176.0M(1176.0M)->0.0B(1168.0M) Survivors: 48.0M->56.0M Heap: 12.9G(24.0G)->11.7G(24.0G)]
 [Times: user=0.30 sys=0.00, real=0.03 secs] 
2014-04-16T09:44:19.794+0900: 156.664: [GC pause (G1 Evacuation Pause) (mixed), 0.0608855 secs]
   [Parallel Time: 40.6 ms, GC Workers: 13]
      [GC Worker Start (ms): Min: 156664.5, Avg: 156664.8, Max: 156665.1, Diff: 0.6]
      [Ext Root Scanning (ms): Min: 0.8, Avg: 1.1, Max: 1.8, Diff: 1.1, Sum: 13.7]
      [Update RS (ms): Min: 0.8, Avg: 1.4, Max: 1.6, Diff: 0.8, Sum: 17.8]
         [Processed Buffers: Min: 0, Avg: 4.0, Max: 21, Diff: 21, Sum: 52]
      [Scan RS (ms): Min: 13.8, Avg: 14.1, Max: 14.5, Diff: 0.6, Sum: 183.3]
      [Code Root Scanning (ms): Min: 0.0, Avg: 0.0, Max: 0.0, Diff: 0.0, Sum: 0.1]
      [Object Copy (ms): Min: 22.3, Avg: 22.7, Max: 22.9, Diff: 0.5, Sum: 295.7]
      [Termination (ms): Min: 0.0, Avg: 0.1, Max: 0.1, Diff: 0.1, Sum: 1.1]
      [GC Worker Other (ms): Min: 0.0, Avg: 0.1, Max: 0.3, Diff: 0.3, Sum: 1.2]
      [GC Worker Total (ms): Min: 39.1, Avg: 39.5, Max: 39.9, Diff: 0.8, Sum: 513.0]
      [GC Worker End (ms): Min: 156704.2, Avg: 156704.3, Max: 156704.5, Diff: 0.3]
   [Code Root Fixup: 0.1 ms]
   [Code Root Migration: 0.1 ms]
   [Clear CT: 4.3 ms]
   [Other: 15.8 ms]
      [Choose CSet: 0.2 ms]
      [Ref Proc: 12.1 ms]
      [Ref Enq: 0.8 ms]
      [Free CSet: 1.1 ms]
   [Eden: 1168.0M(1168.0M)->0.0B(1192.0M) Survivors: 56.0M->32.0M Heap: 12.9G(24.0G)->11.6G(24.0G)]
 [Times: user=0.58 sys=0.01, real=0.06 secs] 
2014-04-16T09:44:20.001+0900: 156.871: [GC pause (G1 Humongous Allocation) (young) (initial-mark), 0.0439954 secs]
   [Parallel Time: 26.7 ms, GC Workers: 13]
      [GC Worker Start (ms): Min: 156871.8, Avg: 156872.1, Max: 156872.4, Diff: 0.5]
      [Ext Root Scanning (ms): Min: 0.6, Avg: 1.0, Max: 3.5, Diff: 2.9, Sum: 13.2]
      [Code Root Marking (ms): Min: 0.1, Avg: 0.8, Max: 4.6, Diff: 4.6, Sum: 10.6]
      [Update RS (ms): Min: 0.0, Avg: 3.5, Max: 7.4, Diff: 7.4, Sum: 46.0]
         [Processed Buffers: Min: 0, Avg: 3.5, Max: 16, Diff: 16, Sum: 45]
      [Scan RS (ms): Min: 1.5, Avg: 4.8, Max: 6.0, Diff: 4.4, Sum: 62.4]
      [Code Root Scanning (ms): Min: 0.0, Avg: 0.0, Max: 0.0, Diff: 0.0, Sum: 0.0]
      [Object Copy (ms): Min: 15.1, Avg: 15.5, Max: 16.2, Diff: 1.1, Sum: 201.1]
      [Termination (ms): Min: 0.0, Avg: 0.1, Max: 0.1, Diff: 0.1, Sum: 0.7]
      [GC Worker Other (ms): Min: 0.0, Avg: 0.0, Max: 0.1, Diff: 0.1, Sum: 0.4]
      [GC Worker Total (ms): Min: 25.5, Avg: 25.7, Max: 26.0, Diff: 0.5, Sum: 334.4]
      [GC Worker End (ms): Min: 156897.8, Avg: 156897.8, Max: 156897.9, Diff: 0.1]
   [Code Root Fixup: 0.2 ms]
   [Code Root Migration: 0.0 ms]
   [Clear CT: 2.3 ms]
   [Other: 14.7 ms]
      [Choose CSet: 0.0 ms]
      [Ref Proc: 12.0 ms]
      [Ref Enq: 0.9 ms]
      [Free CSet: 0.2 ms]
   [Eden: 240.0M(1192.0M)->0.0B(1200.0M) Survivors: 32.0M->24.0M Heap: 11.9G(24.0G)->11.6G(24.0G)]
 [Times: user=0.37 sys=0.01, real=0.04 secs] 
2014-04-16T09:44:20.045+0900: 156.915: [GC concurrent-root-region-scan-start]
2014-04-16T09:44:20.053+0900: 156.923: [GC concurrent-root-region-scan-end, 0.0075668 secs]
2014-04-16T09:44:20.053+0900: 156.923: [GC concurrent-mark-start]
2014-04-16T09:44:21.152+0900: 158.022: [GC pause (G1 Evacuation Pause) (young), 0.0660196 secs]
   [Parallel Time: 52.7 ms, GC Workers: 13]
      [GC Worker Start (ms): Min: 158022.3, Avg: 158022.5, Max: 158022.7, Diff: 0.4]
      [Ext Root Scanning (ms): Min: 0.6, Avg: 0.8, Max: 1.5, Diff: 1.0, Sum: 10.8]
      [SATB Filtering (ms): Min: 0.0, Avg: 0.0, Max: 0.3, Diff: 0.3, Sum: 0.3]
      [Update RS (ms): Min: 1.2, Avg: 1.6, Max: 2.5, Diff: 1.2, Sum: 20.5]
         [Processed Buffers: Min: 1, Avg: 5.5, Max: 11, Diff: 10, Sum: 72]
      [Scan RS (ms): Min: 9.2, Avg: 10.1, Max: 10.4, Diff: 1.1, Sum: 130.7]
      [Code Root Scanning (ms): Min: 0.0, Avg: 0.0, Max: 0.0, Diff: 0.0, Sum: 0.0]
      [Object Copy (ms): Min: 39.0, Avg: 39.1, Max: 39.2, Diff: 0.2, Sum: 508.1]
      [Termination (ms): Min: 0.0, Avg: 0.1, Max: 0.1, Diff: 0.1, Sum: 0.8]
      [GC Worker Other (ms): Min: 0.0, Avg: 0.1, Max: 0.2, Diff: 0.2, Sum: 1.0]
      [GC Worker Total (ms): Min: 51.4, Avg: 51.7, Max: 52.0, Diff: 0.6, Sum: 672.3]
      [GC Worker End (ms): Min: 158074.2, Avg: 158074.2, Max: 158074.4, Diff: 0.2]
   [Code Root Fixup: 0.2 ms]
   [Code Root Migration: 0.0 ms]
   [Clear CT: 3.3 ms]
   [Other: 9.8 ms]
      [Choose CSet: 0.0 ms]
      [Ref Proc: 6.7 ms]
      [Ref Enq: 0.2 ms]
      [Free CSet: 1.0 ms]
   [Eden: 1200.0M(1200.0M)->0.0B(1064.0M) Survivors: 24.0M->160.0M Heap: 13.3G(24.0G)->12.4G(24.0G)]
 [Times: user=0.72 sys=0.01, real=0.06 secs] 
2014-04-16T09:44:21.624+0900: 158.494: [GC concurrent-mark-end, 1.5710681 secs]
2014-04-16T09:44:21.625+0900: 158.495: [GC remark 158.496: [GC ref-proc, 0.0104644 secs], 0.0335416 secs]
 [Times: user=0.25 sys=0.00, real=0.04 secs] 
2014-04-16T09:44:21.660+0900: 158.530: [GC cleanup 12G->12G(24G), 0.0208415 secs]
 [Times: user=0.24 sys=0.00, real=0.02 secs] 
2014-04-16T09:44:21.681+0900: 158.552: [GC concurrent-cleanup-start]
2014-04-16T09:44:21.681+0900: 158.552: [GC concurrent-cleanup-end, 0.0001607 secs]
2014-04-16T09:44:23.153+0900: 160.023: [GC pause (G1 Evacuation Pause) (young), 0.0855285 secs]
   [Parallel Time: 70.9 ms, GC Workers: 13]
      [GC Worker Start (ms): Min: 160023.3, Avg: 160023.5, Max: 160023.7, Diff: 0.5]
      [Ext Root Scanning (ms): Min: 0.8, Avg: 1.0, Max: 1.6, Diff: 0.8, Sum: 13.2]
      [Update RS (ms): Min: 1.4, Avg: 1.9, Max: 2.6, Diff: 1.2, Sum: 24.3]
         [Processed Buffers: Min: 2, Avg: 5.7, Max: 11, Diff: 9, Sum: 74]
      [Scan RS (ms): Min: 16.6, Avg: 17.2, Max: 17.5, Diff: 0.9, Sum: 224.0]
      [Code Root Scanning (ms): Min: 0.0, Avg: 0.0, Max: 0.0, Diff: 0.0, Sum: 0.1]
      [Object Copy (ms): Min: 49.4, Avg: 49.6, Max: 49.9, Diff: 0.4, Sum: 644.7]
      [Termination (ms): Min: 0.0, Avg: 0.3, Max: 0.3, Diff: 0.3, Sum: 3.7]
      [GC Worker Other (ms): Min: 0.0, Avg: 0.0, Max: 0.1, Diff: 0.0, Sum: 0.4]
      [GC Worker Total (ms): Min: 69.8, Avg: 70.0, Max: 70.3, Diff: 0.5, Sum: 910.5]
      [GC Worker End (ms): Min: 160093.5, Avg: 160093.5, Max: 160093.6, Diff: 0.1]
   [Code Root Fixup: 0.2 ms]
   [Code Root Migration: 0.1 ms]
   [Clear CT: 3.7 ms]
   [Other: 10.7 ms]
      [Choose CSet: 0.0 ms]
      [Ref Proc: 6.2 ms]
      [Ref Enq: 0.2 ms]
      [Free CSet: 1.1 ms]
   [Eden: 1064.0M(1064.0M)->0.0B(1064.0M) Survivors: 160.0M->160.0M Heap: 13.7G(24.0G)->12.9G(24.0G)]
 [Times: user=0.97 sys=0.00, real=0.08 secs] 
2014-04-16T09:44:24.301+0900: 161.171: [GC pause (G1 Evacuation Pause) (mixed), 0.1911322 secs]
   [Parallel Time: 163.2 ms, GC Workers: 13]
      [GC Worker Start (ms): Min: 161172.4, Avg: 161172.6, Max: 161172.9, Diff: 0.4]
      [Ext Root Scanning (ms): Min: 0.6, Avg: 1.0, Max: 1.7, Diff: 1.2, Sum: 12.8]
      [Update RS (ms): Min: 4.6, Avg: 5.0, Max: 6.2, Diff: 1.6, Sum: 64.9]
         [Processed Buffers: Min: 5, Avg: 11.4, Max: 19, Diff: 14, Sum: 148]
      [Scan RS (ms): Min: 55.3, Avg: 56.3, Max: 56.9, Diff: 1.6, Sum: 732.4]
      [Code Root Scanning (ms): Min: 0.0, Avg: 0.0, Max: 0.0, Diff: 0.0, Sum: 0.1]
      [Object Copy (ms): Min: 100.2, Avg: 100.3, Max: 100.4, Diff: 0.3, Sum: 1303.6]
      [Termination (ms): Min: 0.0, Avg: 0.0, Max: 0.0, Diff: 0.0, Sum: 0.0]
      [GC Worker Other (ms): Min: 0.0, Avg: 0.1, Max: 0.2, Diff: 0.2, Sum: 1.1]
      [GC Worker Total (ms): Min: 162.4, Avg: 162.7, Max: 163.0, Diff: 0.6, Sum: 2114.9]
      [GC Worker End (ms): Min: 161335.3, Avg: 161335.3, Max: 161335.5, Diff: 0.2]
   [Code Root Fixup: 0.4 ms]
   [Code Root Migration: 0.2 ms]
   [Clear CT: 5.1 ms]
   [Other: 22.3 ms]
      [Choose CSet: 0.8 ms]
      [Ref Proc: 9.4 ms]
      [Ref Enq: 1.0 ms]
      [Free CSet: 3.7 ms]
   [Eden: 1064.0M(1064.0M)->0.0B(1064.0M) Survivors: 160.0M->160.0M Heap: 14.3G(24.0G)->12.9G(24.0G)]
 [Times: user=2.20 sys=0.01, real=0.19 secs] 
2014-04-16T09:44:25.381+0900: 162.251: [GC pause (G1 Evacuation Pause) (mixed), 0.1925545 secs]
   [Parallel Time: 171.2 ms, GC Workers: 13]
      [GC Worker Start (ms): Min: 162252.4, Avg: 162252.6, Max: 162252.8, Diff: 0.3]
      [Ext Root Scanning (ms): Min: 1.0, Avg: 1.2, Max: 2.0, Diff: 1.0, Sum: 15.6]
      [Update RS (ms): Min: 0.3, Avg: 1.4, Max: 2.5, Diff: 2.3, Sum: 18.6]
         [Processed Buffers: Min: 1, Avg: 6.1, Max: 15, Diff: 14, Sum: 79]
      [Scan RS (ms): Min: 58.7, Avg: 59.6, Max: 60.0, Diff: 1.3, Sum: 775.0]
      [Code Root Scanning (ms): Min: 0.0, Avg: 0.0, Max: 0.0, Diff: 0.0, Sum: 0.1]
      [Object Copy (ms): Min: 108.0, Avg: 108.2, Max: 108.3, Diff: 0.3, Sum: 1406.9]
      [Termination (ms): Min: 0.0, Avg: 0.1, Max: 0.1, Diff: 0.1, Sum: 0.9]
      [GC Worker Other (ms): Min: 0.0, Avg: 0.1, Max: 0.2, Diff: 0.1, Sum: 0.8]
      [GC Worker Total (ms): Min: 170.5, Avg: 170.6, Max: 170.8, Diff: 0.4, Sum: 2218.0]
      [GC Worker End (ms): Min: 162423.2, Avg: 162423.2, Max: 162423.3, Diff: 0.1]
   [Code Root Fixup: 0.4 ms]
   [Code Root Migration: 0.1 ms]
   [Clear CT: 4.8 ms]
   [Other: 16.1 ms]
      [Choose CSet: 1.0 ms]
      [Ref Proc: 3.7 ms]
      [Ref Enq: 0.2 ms]
      [Free CSet: 3.4 ms]
   [Eden: 1064.0M(1064.0M)->0.0B(1064.0M) Survivors: 160.0M->160.0M Heap: 14.4G(24.0G)->13.0G(24.0G)]
 [Times: user=2.30 sys=0.00, real=0.19 secs] 
2014-04-16T09:44:27.762+0900: 164.633: [GC pause (G1 Evacuation Pause) (mixed), 0.1905723 secs]
   [Parallel Time: 163.8 ms, GC Workers: 13]
      [GC Worker Start (ms): Min: 164633.9, Avg: 164634.2, Max: 164634.5, Diff: 0.6]
      [Ext Root Scanning (ms): Min: 0.6, Avg: 0.9, Max: 1.4, Diff: 0.7, Sum: 12.1]
      [Update RS (ms): Min: 3.2, Avg: 3.4, Max: 3.7, Diff: 0.5, Sum: 43.6]
         [Processed Buffers: Min: 2, Avg: 7.8, Max: 17, Diff: 15, Sum: 101]
      [Scan RS (ms): Min: 53.6, Avg: 54.1, Max: 54.4, Diff: 0.8, Sum: 703.2]
      [Code Root Scanning (ms): Min: 0.0, Avg: 0.0, Max: 0.1, Diff: 0.1, Sum: 0.1]
      [Object Copy (ms): Min: 104.1, Avg: 104.2, Max: 104.4, Diff: 0.3, Sum: 1355.1]
      [Termination (ms): Min: 0.0, Avg: 0.0, Max: 0.0, Diff: 0.0, Sum: 0.5]
      [GC Worker Other (ms): Min: 0.0, Avg: 0.1, Max: 0.1, Diff: 0.1, Sum: 0.8]
      [GC Worker Total (ms): Min: 162.4, Avg: 162.7, Max: 163.0, Diff: 0.5, Sum: 2115.4]
      [GC Worker End (ms): Min: 164796.9, Avg: 164797.0, Max: 164797.1, Diff: 0.1]
   [Code Root Fixup: 0.4 ms]
   [Code Root Migration: 0.1 ms]
   [Clear CT: 4.9 ms]
   [Other: 21.3 ms]
      [Choose CSet: 0.8 ms]
      [Ref Proc: 9.2 ms]
      [Ref Enq: 0.7 ms]
      [Free CSet: 3.1 ms]
   [Eden: 1064.0M(1064.0M)->0.0B(1064.0M) Survivors: 160.0M->160.0M Heap: 14.5G(24.0G)->13.2G(24.0G)]
 [Times: user=2.21 sys=0.00, real=0.19 secs] 
2014-04-16T09:44:28.067+0900: 164.937: [GC pause (G1 Humongous Allocation) (young) (initial-mark), 0.0636332 secs]
   [Parallel Time: 54.6 ms, GC Workers: 13]
      [GC Worker Start (ms): Min: 164938.2, Avg: 164938.3, Max: 164938.4, Diff: 0.2]
      [Ext Root Scanning (ms): Min: 0.6, Avg: 1.0, Max: 2.8, Diff: 2.1, Sum: 12.7]
      [Code Root Marking (ms): Min: 0.1, Avg: 1.0, Max: 6.9, Diff: 6.8, Sum: 13.2]
      [Update RS (ms): Min: 13.9, Avg: 18.5, Max: 20.0, Diff: 6.1, Sum: 240.0]
         [Processed Buffers: Min: 7, Avg: 10.2, Max: 18, Diff: 11, Sum: 133]
      [Scan RS (ms): Min: 5.6, Avg: 6.8, Max: 7.2, Diff: 1.6, Sum: 88.1]
      [Code Root Scanning (ms): Min: 0.0, Avg: 0.0, Max: 0.0, Diff: 0.0, Sum: 0.0]
      [Object Copy (ms): Min: 26.6, Avg: 26.8, Max: 27.2, Diff: 0.5, Sum: 348.5]
      [Termination (ms): Min: 0.0, Avg: 0.0, Max: 0.0, Diff: 0.0, Sum: 0.0]
      [GC Worker Other (ms): Min: 0.0, Avg: 0.0, Max: 0.1, Diff: 0.0, Sum: 0.4]
      [GC Worker Total (ms): Min: 54.0, Avg: 54.1, Max: 54.2, Diff: 0.2, Sum: 703.1]
      [GC Worker End (ms): Min: 164992.4, Avg: 164992.4, Max: 164992.4, Diff: 0.0]
   [Code Root Fixup: 0.3 ms]
   [Code Root Migration: 0.0 ms]
   [Clear CT: 2.5 ms]
   [Other: 6.2 ms]
      [Choose CSet: 0.0 ms]
      [Ref Proc: 2.9 ms]
      [Ref Enq: 0.2 ms]
      [Free CSet: 0.4 ms]
   [Eden: 72.0M(1064.0M)->0.0B(1168.0M) Survivors: 160.0M->56.0M Heap: 13.3G(24.0G)->13.3G(24.0G)]
 [Times: user=0.74 sys=0.00, real=0.07 secs] 
2014-04-16T09:44:28.131+0900: 165.001: [GC concurrent-root-region-scan-start]
2014-04-16T09:44:28.135+0900: 165.006: [GC concurrent-root-region-scan-end, 0.0042945 secs]
2014-04-16T09:44:28.135+0900: 165.006: [GC concurrent-mark-start]
2014-04-16T09:44:29.175+0900: 166.045: [GC pause (G1 Evacuation Pause) (young), 0.0584702 secs]
   [Parallel Time: 48.4 ms, GC Workers: 13]
      [GC Worker Start (ms): Min: 166045.7, Avg: 166045.8, Max: 166045.9, Diff: 0.2]
      [Ext Root Scanning (ms): Min: 0.6, Avg: 0.7, Max: 0.9, Diff: 0.3, Sum: 9.5]
      [SATB Filtering (ms): Min: 0.0, Avg: 0.0, Max: 0.4, Diff: 0.4, Sum: 0.4]
      [Update RS (ms): Min: 1.2, Avg: 1.8, Max: 2.8, Diff: 1.6, Sum: 23.9]
         [Processed Buffers: Min: 3, Avg: 6.7, Max: 12, Diff: 9, Sum: 87]
      [Scan RS (ms): Min: 7.1, Avg: 8.1, Max: 8.5, Diff: 1.3, Sum: 105.0]
      [Code Root Scanning (ms): Min: 0.0, Avg: 0.0, Max: 0.0, Diff: 0.0, Sum: 0.0]
      [Object Copy (ms): Min: 37.2, Avg: 37.3, Max: 37.3, Diff: 0.1, Sum: 485.0]
      [Termination (ms): Min: 0.0, Avg: 0.0, Max: 0.0, Diff: 0.0, Sum: 0.0]
      [GC Worker Other (ms): Min: 0.0, Avg: 0.1, Max: 0.1, Diff: 0.1, Sum: 0.8]
      [GC Worker Total (ms): Min: 47.9, Avg: 48.0, Max: 48.2, Diff: 0.3, Sum: 624.5]
      [GC Worker End (ms): Min: 166093.8, Avg: 166093.8, Max: 166093.9, Diff: 0.1]
   [Code Root Fixup: 0.3 ms]
   [Code Root Migration: 0.0 ms]
   [Clear CT: 3.0 ms]
   [Other: 6.7 ms]
      [Choose CSet: 0.0 ms]
      [Ref Proc: 3.3 ms]
      [Ref Enq: 0.3 ms]
      [Free CSet: 1.0 ms]
   [Eden: 1168.0M(1168.0M)->0.0B(1064.0M) Survivors: 56.0M->160.0M Heap: 15.0G(24.0G)->14.0G(24.0G)]
 [Times: user=0.67 sys=0.00, real=0.06 secs] 
2014-04-16T09:44:29.807+0900: 166.677: [GC concurrent-mark-end, 1.6711551 secs]
2014-04-16T09:44:29.808+0900: 166.678: [GC remark 166.679: [GC ref-proc, 0.0048685 secs], 0.0291845 secs]
 [Times: user=0.26 sys=0.01, real=0.03 secs] 
2014-04-16T09:44:29.838+0900: 166.708: [GC cleanup 14G->12G(24G), 0.0187499 secs]
 [Times: user=0.23 sys=0.00, real=0.02 secs] 
2014-04-16T09:44:29.857+0900: 166.727: [GC concurrent-cleanup-start]
2014-04-16T09:44:29.860+0900: 166.730: [GC concurrent-cleanup-end, 0.0030845 secs]
2014-04-16T09:44:30.158+0900: 167.028: [GC pause (G1 Evacuation Pause) (young), 0.0905670 secs]
   [Parallel Time: 72.8 ms, GC Workers: 13]
      [GC Worker Start (ms): Min: 167028.2, Avg: 167028.4, Max: 167028.5, Diff: 0.3]
      [Ext Root Scanning (ms): Min: 0.6, Avg: 0.8, Max: 1.0, Diff: 0.4, Sum: 10.4]
      [Update RS (ms): Min: 2.0, Avg: 2.4, Max: 3.1, Diff: 1.1, Sum: 31.4]
         [Processed Buffers: Min: 4, Avg: 10.5, Max: 16, Diff: 12, Sum: 136]
      [Scan RS (ms): Min: 14.3, Avg: 14.9, Max: 15.3, Diff: 1.0, Sum: 193.9]
      [Code Root Scanning (ms): Min: 0.0, Avg: 0.0, Max: 0.0, Diff: 0.0, Sum: 0.0]
      [Object Copy (ms): Min: 53.7, Avg: 54.0, Max: 54.2, Diff: 0.5, Sum: 702.1]
      [Termination (ms): Min: 0.0, Avg: 0.0, Max: 0.0, Diff: 0.0, Sum: 0.0]
      [GC Worker Other (ms): Min: 0.0, Avg: 0.1, Max: 0.1, Diff: 0.1, Sum: 0.7]
      [GC Worker Total (ms): Min: 72.0, Avg: 72.2, Max: 72.4, Diff: 0.4, Sum: 938.6]
      [GC Worker End (ms): Min: 167100.6, Avg: 167100.6, Max: 167100.7, Diff: 0.1]
   [Code Root Fixup: 0.3 ms]
   [Code Root Migration: 0.0 ms]
   [Clear CT: 3.7 ms]
   [Other: 13.7 ms]
      [Choose CSet: 0.0 ms]
      [Ref Proc: 8.0 ms]
      [Ref Enq: 1.0 ms]
      [Free CSet: 1.1 ms]
   [Eden: 1064.0M(1064.0M)->0.0B(1064.0M) Survivors: 160.0M->160.0M Heap: 13.3G(24.0G)->12.5G(24.0G)]
 [Times: user=0.97 sys=0.02, real=0.09 secs] 
2014-04-16T09:44:33.388+0900: 170.258: [GC pause (G1 Evacuation Pause) (mixed), 0.1330872 secs]
   [Parallel Time: 109.8 ms, GC Workers: 13]
      [GC Worker Start (ms): Min: 170258.7, Avg: 170259.1, Max: 170259.3, Diff: 0.5]
      [Ext Root Scanning (ms): Min: 0.6, Avg: 0.8, Max: 1.5, Diff: 1.0, Sum: 10.8]
      [Update RS (ms): Min: 2.8, Avg: 4.3, Max: 7.9, Diff: 5.2, Sum: 55.4]
         [Processed Buffers: Min: 8, Avg: 12.9, Max: 20, Diff: 12, Sum: 168]
      [Scan RS (ms): Min: 24.1, Avg: 27.7, Max: 28.5, Diff: 4.4, Sum: 360.4]
      [Code Root Scanning (ms): Min: 0.0, Avg: 0.0, Max: 0.0, Diff: 0.0, Sum: 0.1]
      [Object Copy (ms): Min: 75.5, Avg: 75.7, Max: 75.8, Diff: 0.3, Sum: 983.8]
      [Termination (ms): Min: 0.0, Avg: 0.0, Max: 0.0, Diff: 0.0, Sum: 0.1]
      [GC Worker Other (ms): Min: 0.0, Avg: 0.1, Max: 0.3, Diff: 0.2, Sum: 1.1]
      [GC Worker Total (ms): Min: 108.3, Avg: 108.6, Max: 108.9, Diff: 0.6, Sum: 1411.6]
      [GC Worker End (ms): Min: 170367.6, Avg: 170367.6, Max: 170367.8, Diff: 0.3]
   [Code Root Fixup: 0.3 ms]
   [Code Root Migration: 0.1 ms]
   [Clear CT: 4.3 ms]
   [Other: 18.7 ms]
      [Choose CSet: 0.1 ms]
      [Ref Proc: 10.7 ms]
      [Ref Enq: 0.7 ms]
      [Free CSet: 1.9 ms]
   [Eden: 1064.0M(1064.0M)->0.0B(1064.0M) Survivors: 160.0M->160.0M Heap: 13.9G(24.0G)->12.8G(24.0G)]
 [Times: user=1.47 sys=0.02, real=0.14 secs] 
2014-04-16T09:44:33.533+0900: 170.404: [GC pause (G1 Humongous Allocation) (young) (initial-mark), 0.1022749 secs]
   [Parallel Time: 95.2 ms, GC Workers: 13]
      [GC Worker Start (ms): Min: 170404.3, Avg: 170404.5, Max: 170404.6, Diff: 0.3]
      [Ext Root Scanning (ms): Min: 0.5, Avg: 0.8, Max: 2.7, Diff: 2.2, Sum: 10.0]
      [Code Root Marking (ms): Min: 0.1, Avg: 0.9, Max: 4.7, Diff: 4.6, Sum: 11.6]
      [Update RS (ms): Min: 66.8, Avg: 70.1, Max: 71.6, Diff: 4.8, Sum: 911.6]
         [Processed Buffers: Min: 29, Avg: 35.8, Max: 49, Diff: 20, Sum: 466]
      [Scan RS (ms): Min: 0.0, Avg: 0.1, Max: 0.4, Diff: 0.4, Sum: 0.8]
      [Code Root Scanning (ms): Min: 0.0, Avg: 0.0, Max: 0.0, Diff: 0.0, Sum: 0.0]
      [Object Copy (ms): Min: 21.4, Avg: 22.8, Max: 23.9, Diff: 2.5, Sum: 296.8]
      [Termination (ms): Min: 0.0, Avg: 0.0, Max: 0.0, Diff: 0.0, Sum: 0.0]
      [GC Worker Other (ms): Min: 0.0, Avg: 0.0, Max: 0.0, Diff: 0.0, Sum: 0.3]
      [GC Worker Total (ms): Min: 94.6, Avg: 94.7, Max: 94.9, Diff: 0.3, Sum: 1231.1]
      [GC Worker End (ms): Min: 170499.2, Avg: 170499.2, Max: 170499.2, Diff: 0.0]
   [Code Root Fixup: 0.3 ms]
   [Code Root Migration: 0.0 ms]
   [Clear CT: 0.2 ms]
   [Other: 6.5 ms]
      [Choose CSet: 0.0 ms]
      [Ref Proc: 2.5 ms]
      [Ref Enq: 0.2 ms]
      [Free CSet: 0.1 ms]
   [Eden: 8192.0K(1064.0M)->0.0B(1176.0M) Survivors: 160.0M->48.0M Heap: 12.8G(24.0G)->12.9G(24.0G)]
 [Times: user=1.24 sys=0.01, real=0.10 secs] 
2014-04-16T09:44:33.636+0900: 170.506: [GC concurrent-root-region-scan-start]
2014-04-16T09:44:33.638+0900: 170.508: [GC concurrent-root-region-scan-end, 0.0015970 secs]
2014-04-16T09:44:33.638+0900: 170.508: [GC concurrent-mark-start]
2014-04-16T09:44:35.196+0900: 172.066: [GC concurrent-mark-end, 1.5584554 secs]
2014-04-16T09:44:35.198+0900: 172.068: [GC remark 172.069: [GC ref-proc, 0.0105672 secs], 0.0359896 secs]
 [Times: user=0.29 sys=0.01, real=0.04 secs] 
2014-04-16T09:44:35.235+0900: 172.105: [GC cleanup 14G->12G(24G), 0.0200596 secs]
 [Times: user=0.23 sys=0.00, real=0.02 secs] 
2014-04-16T09:44:35.255+0900: 172.126: [GC concurrent-cleanup-start]
2014-04-16T09:44:35.257+0900: 172.127: [GC concurrent-cleanup-end, 0.0014935 secs]
2014-04-16T09:44:35.695+0900: 172.565: [GC pause (G1 Evacuation Pause) (young), 0.0705099 secs]
   [Parallel Time: 51.7 ms, GC Workers: 13]
      [GC Worker Start (ms): Min: 172565.4, Avg: 172565.7, Max: 172566.0, Diff: 0.5]
      [Ext Root Scanning (ms): Min: 0.5, Avg: 0.8, Max: 1.3, Diff: 0.9, Sum: 10.1]
      [Update RS (ms): Min: 1.6, Avg: 2.5, Max: 3.7, Diff: 2.1, Sum: 33.1]
         [Processed Buffers: Min: 1, Avg: 6.2, Max: 14, Diff: 13, Sum: 81]
      [Scan RS (ms): Min: 10.6, Avg: 11.8, Max: 12.5, Diff: 1.9, Sum: 152.8]
      [Code Root Scanning (ms): Min: 0.0, Avg: 0.0, Max: 0.0, Diff: 0.0, Sum: 0.0]
      [Object Copy (ms): Min: 35.4, Avg: 35.5, Max: 35.7, Diff: 0.3, Sum: 461.0]
      [Termination (ms): Min: 0.0, Avg: 0.2, Max: 0.2, Diff: 0.2, Sum: 2.6]
      [GC Worker Other (ms): Min: 0.0, Avg: 0.1, Max: 0.3, Diff: 0.3, Sum: 1.8]
      [GC Worker Total (ms): Min: 50.5, Avg: 50.9, Max: 51.3, Diff: 0.8, Sum: 661.4]
      [GC Worker End (ms): Min: 172616.5, Avg: 172616.6, Max: 172616.8, Diff: 0.3]
   [Code Root Fixup: 0.2 ms]
   [Code Root Migration: 0.0 ms]
   [Clear CT: 3.8 ms]
   [Other: 14.8 ms]
      [Choose CSet: 0.0 ms]
      [Ref Proc: 10.1 ms]
      [Ref Enq: 0.8 ms]
      [Free CSet: 1.3 ms]
   [Eden: 1176.0M(1176.0M)->0.0B(1064.0M) Survivors: 48.0M->160.0M Heap: 13.2G(24.0G)->12.3G(24.0G)]
 [Times: user=0.71 sys=0.02, real=0.07 secs] 
2014-04-16T09:44:36.853+0900: 173.724: [GC pause (G1 Evacuation Pause) (mixed), 0.0909829 secs]
   [Parallel Time: 67.4 ms, GC Workers: 13]
      [GC Worker Start (ms): Min: 173724.2, Avg: 173724.5, Max: 173724.7, Diff: 0.6]
      [Ext Root Scanning (ms): Min: 0.5, Avg: 0.8, Max: 1.7, Diff: 1.3, Sum: 10.2]
      [Update RS (ms): Min: 4.4, Avg: 5.2, Max: 6.4, Diff: 1.9, Sum: 68.2]
         [Processed Buffers: Min: 1, Avg: 5.4, Max: 27, Diff: 26, Sum: 70]
      [Scan RS (ms): Min: 14.2, Avg: 15.6, Max: 16.4, Diff: 2.3, Sum: 202.3]
      [Code Root Scanning (ms): Min: 0.0, Avg: 0.0, Max: 0.0, Diff: 0.0, Sum: 0.1]
      [Object Copy (ms): Min: 44.4, Avg: 44.4, Max: 44.5, Diff: 0.1, Sum: 577.5]
      [Termination (ms): Min: 0.0, Avg: 0.0, Max: 0.0, Diff: 0.0, Sum: 0.0]
      [GC Worker Other (ms): Min: 0.0, Avg: 0.1, Max: 0.2, Diff: 0.1, Sum: 0.8]
      [GC Worker Total (ms): Min: 65.8, Avg: 66.1, Max: 66.5, Diff: 0.6, Sum: 859.2]
      [GC Worker End (ms): Min: 173790.5, Avg: 173790.6, Max: 173790.7, Diff: 0.1]
   [Code Root Fixup: 0.1 ms]
   [Code Root Migration: 0.1 ms]
   [Clear CT: 3.5 ms]
   [Other: 19.9 ms]
      [Choose CSet: 0.1 ms]
      [Ref Proc: 13.9 ms]
      [Ref Enq: 1.4 ms]
      [Free CSet: 1.4 ms]
   [Eden: 1064.0M(1064.0M)->0.0B(1176.0M) Survivors: 160.0M->48.0M Heap: 13.3G(24.0G)->12.2G(24.0G)]
 [Times: user=0.92 sys=0.01, real=0.09 secs] 
2014-04-16T09:44:37.748+0900: 174.618: [GC pause (G1 Evacuation Pause) (young), 0.0200813 secs]
   [Parallel Time: 4.7 ms, GC Workers: 13]
      [GC Worker Start (ms): Min: 174618.2, Avg: 174618.5, Max: 174618.7, Diff: 0.5]
      [Ext Root Scanning (ms): Min: 0.4, Avg: 0.7, Max: 1.3, Diff: 0.8, Sum: 9.1]
      [Update RS (ms): Min: 0.9, Avg: 1.3, Max: 1.6, Diff: 0.8, Sum: 16.6]
         [Processed Buffers: Min: 0, Avg: 5.2, Max: 25, Diff: 25, Sum: 67]
      [Scan RS (ms): Min: 0.7, Avg: 0.9, Max: 1.1, Diff: 0.4, Sum: 11.7]
      [Code Root Scanning (ms): Min: 0.0, Avg: 0.0, Max: 0.0, Diff: 0.0, Sum: 0.0]
      [Object Copy (ms): Min: 0.3, Avg: 0.5, Max: 0.6, Diff: 0.3, Sum: 6.7]
      [Termination (ms): Min: 0.0, Avg: 0.0, Max: 0.0, Diff: 0.0, Sum: 0.1]
      [GC Worker Other (ms): Min: 0.0, Avg: 0.1, Max: 0.3, Diff: 0.2, Sum: 1.0]
      [GC Worker Total (ms): Min: 3.2, Avg: 3.5, Max: 3.8, Diff: 0.5, Sum: 45.2]
      [GC Worker End (ms): Min: 174621.9, Avg: 174622.0, Max: 174622.2, Diff: 0.2]
   [Code Root Fixup: 0.1 ms]
   [Code Root Migration: 0.0 ms]
   [Clear CT: 1.6 ms]
   [Other: 13.7 ms]
      [Choose CSet: 0.0 ms]
      [Ref Proc: 11.6 ms]
      [Ref Enq: 1.0 ms]
      [Free CSet: 0.7 ms]
   [Eden: 1176.0M(1176.0M)->0.0B(1168.0M) Survivors: 48.0M->56.0M Heap: 13.4G(24.0G)->12.2G(24.0G)]
 [Times: user=0.08 sys=0.00, real=0.02 secs] 
2014-04-16T09:44:37.904+0900: 174.775: [GC pause (G1 Humongous Allocation) (young) (initial-mark), 0.0205180 secs]
   [Parallel Time: 7.0 ms, GC Workers: 13]
      [GC Worker Start (ms): Min: 174775.4, Avg: 174775.6, Max: 174775.8, Diff: 0.4]
      [Ext Root Scanning (ms): Min: 0.4, Avg: 0.7, Max: 2.2, Diff: 1.8, Sum: 9.5]
      [Code Root Marking (ms): Min: 0.1, Avg: 0.9, Max: 5.1, Diff: 5.0, Sum: 11.3]
      [Update RS (ms): Min: 0.0, Avg: 1.8, Max: 2.9, Diff: 2.9, Sum: 23.2]
         [Processed Buffers: Min: 0, Avg: 2.1, Max: 8, Diff: 8, Sum: 27]
      [Scan RS (ms): Min: 0.0, Avg: 0.0, Max: 0.1, Diff: 0.1, Sum: 0.2]
      [Code Root Scanning (ms): Min: 0.0, Avg: 0.0, Max: 0.0, Diff: 0.0, Sum: 0.0]
      [Object Copy (ms): Min: 0.4, Avg: 1.2, Max: 2.5, Diff: 2.2, Sum: 16.2]
      [Termination (ms): Min: 0.0, Avg: 1.4, Max: 1.6, Diff: 1.6, Sum: 18.8]
      [GC Worker Other (ms): Min: 0.0, Avg: 0.0, Max: 0.0, Diff: 0.0, Sum: 0.3]
      [GC Worker Total (ms): Min: 5.9, Avg: 6.1, Max: 6.4, Diff: 0.4, Sum: 79.5]
      [GC Worker End (ms): Min: 174781.7, Avg: 174781.8, Max: 174781.8, Diff: 0.1]
   [Code Root Fixup: 0.2 ms]
   [Code Root Migration: 0.0 ms]
   [Clear CT: 0.9 ms]
   [Other: 12.3 ms]
      [Choose CSet: 0.0 ms]
      [Ref Proc: 10.0 ms]
      [Ref Enq: 1.0 ms]
      [Free CSet: 0.1 ms]
   [Eden: 200.0M(1168.0M)->0.0B(1208.0M) Survivors: 56.0M->16.0M Heap: 12.4G(24.0G)->12.2G(24.0G)]
 [Times: user=0.10 sys=0.01, real=0.02 secs] 
2014-04-16T09:44:37.925+0900: 174.796: [GC concurrent-root-region-scan-start]
2014-04-16T09:44:37.929+0900: 174.799: [GC concurrent-root-region-scan-end, 0.0032676 secs]
2014-04-16T09:44:37.929+0900: 174.799: [GC concurrent-mark-start]
2014-04-16T09:44:39.259+0900: 176.129: [GC concurrent-mark-end, 1.3305997 secs]
2014-04-16T09:44:39.260+0900: 176.131: [GC remark 176.132: [GC ref-proc, 0.0051116 secs], 0.0272570 secs]
 [Times: user=0.22 sys=0.00, real=0.03 secs] 
2014-04-16T09:44:39.289+0900: 176.159: [GC cleanup 13G->13G(24G), 0.0193220 secs]
 [Times: user=0.22 sys=0.00, real=0.02 secs] 
2014-04-16T09:44:39.308+0900: 176.179: [GC concurrent-cleanup-start]
2014-04-16T09:44:39.309+0900: 176.179: [GC concurrent-cleanup-end, 0.0006579 secs]
2014-04-16T09:44:39.481+0900: 176.352: [GC pause (G1 Evacuation Pause) (young), 0.1060705 secs]
   [Parallel Time: 88.9 ms, GC Workers: 13]
      [GC Worker Start (ms): Min: 176351.8, Avg: 176352.0, Max: 176352.2, Diff: 0.4]
      [Ext Root Scanning (ms): Min: 0.4, Avg: 0.6, Max: 0.8, Diff: 0.4, Sum: 7.7]
      [Update RS (ms): Min: 1.5, Avg: 1.9, Max: 3.9, Diff: 2.4, Sum: 24.9]
         [Processed Buffers: Min: 3, Avg: 6.1, Max: 13, Diff: 10, Sum: 79]
      [Scan RS (ms): Min: 5.2, Avg: 7.2, Max: 7.5, Diff: 2.3, Sum: 93.0]
      [Code Root Scanning (ms): Min: 0.0, Avg: 0.0, Max: 0.0, Diff: 0.0, Sum: 0.0]
      [Object Copy (ms): Min: 78.4, Avg: 78.5, Max: 78.5, Diff: 0.1, Sum: 1020.0]
      [Termination (ms): Min: 0.0, Avg: 0.0, Max: 0.0, Diff: 0.0, Sum: 0.0]
      [GC Worker Other (ms): Min: 0.0, Avg: 0.2, Max: 0.4, Diff: 0.4, Sum: 2.3]
      [GC Worker Total (ms): Min: 88.0, Avg: 88.3, Max: 88.8, Diff: 0.8, Sum: 1148.1]
      [GC Worker End (ms): Min: 176440.2, Avg: 176440.3, Max: 176440.6, Diff: 0.4]
   [Code Root Fixup: 0.2 ms]
   [Code Root Migration: 0.0 ms]
   [Clear CT: 3.6 ms]
   [Other: 13.3 ms]
      [Choose CSet: 0.0 ms]
      [Ref Proc: 9.5 ms]
      [Ref Enq: 0.5 ms]
      [Free CSet: 1.1 ms]
   [Eden: 1208.0M(1208.0M)->0.0B(1064.0M) Survivors: 16.0M->160.0M Heap: 13.4G(24.0G)->12.5G(24.0G)]
 [Times: user=0.83 sys=0.35, real=0.11 secs] 
2014-04-16T09:44:40.621+0900: 177.492: [GC pause (G1 Evacuation Pause) (mixed), 0.2444644 secs]
   [Parallel Time: 220.1 ms, GC Workers: 13]
      [GC Worker Start (ms): Min: 177492.6, Avg: 177492.8, Max: 177493.0, Diff: 0.4]
      [Ext Root Scanning (ms): Min: 0.6, Avg: 0.8, Max: 1.8, Diff: 1.3, Sum: 10.5]
      [Update RS (ms): Min: 2.1, Avg: 3.6, Max: 7.8, Diff: 5.7, Sum: 47.3]
         [Processed Buffers: Min: 6, Avg: 9.8, Max: 18, Diff: 12, Sum: 127]
      [Scan RS (ms): Min: 44.5, Avg: 48.6, Max: 49.5, Diff: 5.0, Sum: 632.3]
      [Code Root Scanning (ms): Min: 0.0, Avg: 0.0, Max: 0.0, Diff: 0.0, Sum: 0.1]
      [Object Copy (ms): Min: 165.7, Avg: 166.0, Max: 166.1, Diff: 0.5, Sum: 2158.2]
      [Termination (ms): Min: 0.0, Avg: 0.0, Max: 0.0, Diff: 0.0, Sum: 0.0]
      [GC Worker Other (ms): Min: 0.0, Avg: 0.1, Max: 0.2, Diff: 0.1, Sum: 0.8]
      [GC Worker Total (ms): Min: 218.9, Avg: 219.2, Max: 219.4, Diff: 0.4, Sum: 2849.2]
      [GC Worker End (ms): Min: 177711.9, Avg: 177711.9, Max: 177712.0, Diff: 0.1]
   [Code Root Fixup: 0.3 ms]
   [Code Root Migration: 0.1 ms]
   [Clear CT: 4.8 ms]
   [Other: 19.2 ms]
      [Choose CSet: 0.6 ms]
      [Ref Proc: 7.8 ms]
      [Ref Enq: 0.3 ms]
      [Free CSet: 3.2 ms]
   [Eden: 1064.0M(1064.0M)->0.0B(1064.0M) Survivors: 160.0M->160.0M Heap: 13.9G(24.0G)->12.4G(24.0G)]
 [Times: user=2.32 sys=0.57, real=0.24 secs] 
2014-04-16T09:44:42.859+0900: 179.730: [GC pause (G1 Evacuation Pause) (mixed), 0.1929662 secs]
   [Parallel Time: 168.8 ms, GC Workers: 13]
      [GC Worker Start (ms): Min: 179730.9, Avg: 179731.1, Max: 179731.3, Diff: 0.4]
      [Ext Root Scanning (ms): Min: 0.6, Avg: 0.7, Max: 1.2, Diff: 0.7, Sum: 9.7]
      [Update RS (ms): Min: 1.2, Avg: 2.4, Max: 3.6, Diff: 2.4, Sum: 30.7]
         [Processed Buffers: Min: 1, Avg: 6.5, Max: 11, Diff: 10, Sum: 84]
      [Scan RS (ms): Min: 54.2, Avg: 55.5, Max: 56.3, Diff: 2.1, Sum: 721.3]
      [Code Root Scanning (ms): Min: 0.0, Avg: 0.0, Max: 0.1, Diff: 0.0, Sum: 0.2]
      [Object Copy (ms): Min: 109.2, Avg: 109.3, Max: 109.4, Diff: 0.2, Sum: 1421.0]
      [Termination (ms): Min: 0.0, Avg: 0.0, Max: 0.0, Diff: 0.0, Sum: 0.0]
      [GC Worker Other (ms): Min: 0.0, Avg: 0.1, Max: 0.1, Diff: 0.1, Sum: 0.7]
      [GC Worker Total (ms): Min: 167.8, Avg: 168.0, Max: 168.2, Diff: 0.5, Sum: 2183.7]
      [GC Worker End (ms): Min: 179899.0, Avg: 179899.1, Max: 179899.1, Diff: 0.1]
   [Code Root Fixup: 0.3 ms]
   [Code Root Migration: 0.2 ms]
   [Clear CT: 5.3 ms]
   [Other: 18.3 ms]
      [Choose CSet: 0.8 ms]
      [Ref Proc: 5.6 ms]
      [Ref Enq: 0.2 ms]
      [Free CSet: 3.4 ms]
   [Eden: 1064.0M(1064.0M)->0.0B(1064.0M) Survivors: 160.0M->160.0M Heap: 13.9G(24.0G)->12.5G(24.0G)]
 [Times: user=2.28 sys=0.00, real=0.20 secs] 
2014-04-16T09:44:44.999+0900: 181.869: [GC pause (G1 Evacuation Pause) (mixed), 0.2000017 secs]
   [Parallel Time: 175.8 ms, GC Workers: 13]
      [GC Worker Start (ms): Min: 181870.7, Avg: 181871.0, Max: 181871.2, Diff: 0.5]
      [Ext Root Scanning (ms): Min: 0.5, Avg: 0.8, Max: 1.2, Diff: 0.7, Sum: 10.1]
      [Update RS (ms): Min: 1.7, Avg: 2.5, Max: 3.9, Diff: 2.2, Sum: 32.2]
         [Processed Buffers: Min: 1, Avg: 6.9, Max: 13, Diff: 12, Sum: 90]
      [Scan RS (ms): Min: 58.3, Avg: 59.4, Max: 59.8, Diff: 1.6, Sum: 772.3]
      [Code Root Scanning (ms): Min: 0.0, Avg: 0.0, Max: 0.1, Diff: 0.1, Sum: 0.2]
      [Object Copy (ms): Min: 111.7, Avg: 112.0, Max: 112.1, Diff: 0.3, Sum: 1455.4]
      [Termination (ms): Min: 0.0, Avg: 0.0, Max: 0.0, Diff: 0.0, Sum: 0.0]
      [GC Worker Other (ms): Min: 0.0, Avg: 0.1, Max: 0.3, Diff: 0.2, Sum: 1.1]
      [GC Worker Total (ms): Min: 174.4, Avg: 174.7, Max: 175.1, Diff: 0.7, Sum: 2271.2]
      [GC Worker End (ms): Min: 182045.6, Avg: 182045.7, Max: 182045.8, Diff: 0.2]
   [Code Root Fixup: 0.3 ms]
   [Code Root Migration: 0.2 ms]
   [Clear CT: 5.3 ms]
   [Other: 18.5 ms]
      [Choose CSet: 1.0 ms]
      [Ref Proc: 5.6 ms]
      [Ref Enq: 0.3 ms]
      [Free CSet: 3.5 ms]
   [Eden: 1064.0M(1064.0M)->0.0B(1064.0M) Survivors: 160.0M->160.0M Heap: 14.0G(24.0G)->12.6G(24.0G)]
 [Times: user=2.36 sys=0.00, real=0.20 secs] 
2014-04-16T09:44:46.708+0900: 183.578: [GC pause (G1 Evacuation Pause) (mixed), 0.1261007 secs]
   [Parallel Time: 105.5 ms, GC Workers: 13]
      [GC Worker Start (ms): Min: 183578.7, Avg: 183578.9, Max: 183579.2, Diff: 0.5]
      [Ext Root Scanning (ms): Min: 0.5, Avg: 0.8, Max: 1.8, Diff: 1.3, Sum: 10.2]
      [Update RS (ms): Min: 2.3, Avg: 2.8, Max: 4.1, Diff: 1.8, Sum: 36.4]
         [Processed Buffers: Min: 2, Avg: 6.9, Max: 13, Diff: 11, Sum: 90]
      [Scan RS (ms): Min: 30.0, Avg: 31.5, Max: 32.3, Diff: 2.3, Sum: 409.9]
      [Code Root Scanning (ms): Min: 0.0, Avg: 0.0, Max: 0.0, Diff: 0.0, Sum: 0.1]
      [Object Copy (ms): Min: 69.0, Avg: 69.2, Max: 69.5, Diff: 0.4, Sum: 899.9]
      [Termination (ms): Min: 0.0, Avg: 0.0, Max: 0.0, Diff: 0.0, Sum: 0.0]
      [GC Worker Other (ms): Min: 0.0, Avg: 0.1, Max: 0.3, Diff: 0.3, Sum: 1.4]
      [GC Worker Total (ms): Min: 104.1, Avg: 104.5, Max: 104.7, Diff: 0.6, Sum: 1358.0]
      [GC Worker End (ms): Min: 183683.3, Avg: 183683.4, Max: 183683.6, Diff: 0.3]
   [Code Root Fixup: 0.3 ms]
   [Code Root Migration: 0.1 ms]
   [Clear CT: 5.2 ms]
   [Other: 15.0 ms]
      [Choose CSet: 0.2 ms]
      [Ref Proc: 7.2 ms]
      [Ref Enq: 0.4 ms]
      [Free CSet: 1.8 ms]
   [Eden: 1064.0M(1064.0M)->0.0B(1064.0M) Survivors: 160.0M->160.0M Heap: 14.1G(24.0G)->13.2G(24.0G)]
 [Times: user=1.45 sys=0.00, real=0.13 secs] 
2014-04-16T09:44:46.940+0900: 183.810: [GC pause (G1 Humongous Allocation) (young) (initial-mark), 0.0598710 secs]
   [Parallel Time: 46.4 ms, GC Workers: 13]
      [GC Worker Start (ms): Min: 183810.9, Avg: 183811.2, Max: 183811.3, Diff: 0.4]
      [Ext Root Scanning (ms): Min: 0.5, Avg: 0.8, Max: 3.5, Diff: 3.0, Sum: 10.7]
      [Code Root Marking (ms): Min: 0.1, Avg: 1.0, Max: 6.9, Diff: 6.9, Sum: 13.1]
      [Update RS (ms): Min: 3.5, Avg: 9.4, Max: 13.6, Diff: 10.1, Sum: 122.7]
         [Processed Buffers: Min: 3, Avg: 5.4, Max: 10, Diff: 7, Sum: 70]
      [Scan RS (ms): Min: 3.9, Avg: 7.2, Max: 8.3, Diff: 4.4, Sum: 93.2]
      [Code Root Scanning (ms): Min: 0.0, Avg: 0.0, Max: 0.0, Diff: 0.0, Sum: 0.0]
      [Object Copy (ms): Min: 26.5, Avg: 26.9, Max: 27.4, Diff: 1.0, Sum: 350.0]
      [Termination (ms): Min: 0.0, Avg: 0.0, Max: 0.0, Diff: 0.0, Sum: 0.0]
      [GC Worker Other (ms): Min: 0.0, Avg: 0.0, Max: 0.0, Diff: 0.0, Sum: 0.3]
      [GC Worker Total (ms): Min: 45.2, Avg: 45.4, Max: 45.6, Diff: 0.4, Sum: 590.1]
      [GC Worker End (ms): Min: 183856.5, Avg: 183856.5, Max: 183856.5, Diff: 0.0]
   [Code Root Fixup: 0.3 ms]
   [Code Root Migration: 0.0 ms]
   [Clear CT: 2.3 ms]
   [Other: 10.8 ms]
      [Choose CSet: 0.0 ms]
      [Ref Proc: 7.2 ms]
      [Ref Enq: 0.2 ms]
      [Free CSet: 0.4 ms]
   [Eden: 72.0M(1064.0M)->0.0B(1160.0M) Survivors: 160.0M->64.0M Heap: 13.3G(24.0G)->13.3G(24.0G)]
 [Times: user=0.64 sys=0.01, real=0.06 secs] 
2014-04-16T09:44:47.000+0900: 183.870: [GC concurrent-root-region-scan-start]
2014-04-16T09:44:47.005+0900: 183.875: [GC concurrent-root-region-scan-end, 0.0044749 secs]
2014-04-16T09:44:47.005+0900: 183.875: [GC concurrent-mark-start]
2014-04-16T09:44:48.423+0900: 185.293: [GC concurrent-mark-end, 1.4185036 secs]
2014-04-16T09:44:48.424+0900: 185.294: [GC remark 185.296: [GC ref-proc, 0.0072338 secs], 0.0308348 secs]
 [Times: user=0.24 sys=0.00, real=0.03 secs] 
2014-04-16T09:44:48.456+0900: 185.327: [GC cleanup 14G->12G(24G), 0.0185473 secs]
 [Times: user=0.21 sys=0.01, real=0.02 secs] 
2014-04-16T09:44:48.475+0900: 185.346: [GC concurrent-cleanup-start]
2014-04-16T09:44:48.478+0900: 185.349: [GC concurrent-cleanup-end, 0.0029026 secs]
2014-04-16T09:44:48.592+0900: 185.462: [GC pause (G1 Evacuation Pause) (young), 0.0829287 secs]
   [Parallel Time: 63.7 ms, GC Workers: 13]
      [GC Worker Start (ms): Min: 185463.1, Avg: 185463.3, Max: 185463.5, Diff: 0.4]
      [Ext Root Scanning (ms): Min: 0.5, Avg: 0.8, Max: 1.1, Diff: 0.5, Sum: 9.8]
      [Update RS (ms): Min: 2.9, Avg: 3.6, Max: 4.5, Diff: 1.7, Sum: 46.6]
         [Processed Buffers: Min: 11, Avg: 12.8, Max: 18, Diff: 7, Sum: 167]
      [Scan RS (ms): Min: 10.4, Avg: 11.4, Max: 12.2, Diff: 1.9, Sum: 147.9]
      [Code Root Scanning (ms): Min: 0.0, Avg: 0.0, Max: 0.0, Diff: 0.0, Sum: 0.0]
      [Object Copy (ms): Min: 46.1, Avg: 46.6, Max: 47.0, Diff: 0.9, Sum: 606.3]
      [Termination (ms): Min: 0.1, Avg: 0.3, Max: 0.4, Diff: 0.3, Sum: 4.2]
      [GC Worker Other (ms): Min: 0.0, Avg: 0.0, Max: 0.1, Diff: 0.1, Sum: 0.5]
      [GC Worker Total (ms): Min: 62.5, Avg: 62.7, Max: 62.9, Diff: 0.4, Sum: 815.3]
      [GC Worker End (ms): Min: 185526.0, Avg: 185526.0, Max: 185526.1, Diff: 0.1]
   [Code Root Fixup: 0.3 ms]
   [Code Root Migration: 0.0 ms]
   [Clear CT: 3.4 ms]
   [Other: 15.5 ms]
      [Choose CSet: 0.0 ms]
      [Ref Proc: 10.9 ms]
      [Ref Enq: 0.6 ms]
      [Free CSet: 1.1 ms]
   [Eden: 1160.0M(1160.0M)->0.0B(1064.0M) Survivors: 64.0M->160.0M Heap: 12.5G(24.0G)->11.6G(24.0G)]
 [Times: user=0.86 sys=0.02, real=0.09 secs] 
2014-04-16T09:44:49.892+0900: 186.763: [GC pause (G1 Evacuation Pause) (mixed), 0.1286031 secs]
   [Parallel Time: 109.0 ms, GC Workers: 13]
      [GC Worker Start (ms): Min: 186763.1, Avg: 186763.3, Max: 186763.4, Diff: 0.4]
      [Ext Root Scanning (ms): Min: 0.4, Avg: 0.8, Max: 1.9, Diff: 1.5, Sum: 10.5]
      [Update RS (ms): Min: 0.9, Avg: 2.0, Max: 3.2, Diff: 2.3, Sum: 26.1]
         [Processed Buffers: Min: 3, Avg: 7.2, Max: 12, Diff: 9, Sum: 93]
      [Scan RS (ms): Min: 26.5, Avg: 27.7, Max: 28.0, Diff: 1.5, Sum: 359.5]
      [Code Root Scanning (ms): Min: 0.0, Avg: 0.0, Max: 0.0, Diff: 0.0, Sum: 0.1]
      [Object Copy (ms): Min: 77.3, Avg: 77.6, Max: 77.9, Diff: 0.6, Sum: 1009.2]
      [Termination (ms): Min: 0.0, Avg: 0.0, Max: 0.0, Diff: 0.0, Sum: 0.0]
      [GC Worker Other (ms): Min: 0.0, Avg: 0.1, Max: 0.3, Diff: 0.3, Sum: 1.3]
      [GC Worker Total (ms): Min: 108.0, Avg: 108.2, Max: 108.5, Diff: 0.5, Sum: 1406.6]
      [GC Worker End (ms): Min: 186871.4, Avg: 186871.5, Max: 186871.7, Diff: 0.3]
   [Code Root Fixup: 0.3 ms]
   [Code Root Migration: 0.1 ms]
   [Clear CT: 4.7 ms]
   [Other: 14.6 ms]
      [Choose CSet: 0.2 ms]
      [Ref Proc: 6.9 ms]
      [Ref Enq: 0.2 ms]
      [Free CSet: 1.8 ms]
   [Eden: 1064.0M(1064.0M)->0.0B(1064.0M) Survivors: 160.0M->160.0M Heap: 13.1G(24.0G)->12.2G(24.0G)]
 [Times: user=1.48 sys=0.01, real=0.13 secs] 
2014-04-16T09:44:50.179+0900: 187.049: [GC pause (G1 Humongous Allocation) (young) (initial-mark), 0.0678324 secs]
   [Parallel Time: 50.0 ms, GC Workers: 13]
      [GC Worker Start (ms): Min: 187049.7, Avg: 187049.8, Max: 187050.0, Diff: 0.3]
      [Ext Root Scanning (ms): Min: 0.5, Avg: 0.8, Max: 3.4, Diff: 2.9, Sum: 10.1]
      [Code Root Marking (ms): Min: 0.1, Avg: 1.0, Max: 7.1, Diff: 7.0, Sum: 13.6]
      [Update RS (ms): Min: 5.2, Avg: 10.3, Max: 11.5, Diff: 6.3, Sum: 134.5]
         [Processed Buffers: Min: 2, Avg: 7.1, Max: 16, Diff: 14, Sum: 92]
      [Scan RS (ms): Min: 6.4, Avg: 7.1, Max: 7.6, Diff: 1.2, Sum: 92.3]
      [Code Root Scanning (ms): Min: 0.0, Avg: 0.0, Max: 0.0, Diff: 0.0, Sum: 0.0]
      [Object Copy (ms): Min: 29.1, Avg: 29.4, Max: 30.4, Diff: 1.3, Sum: 382.5]
      [Termination (ms): Min: 0.0, Avg: 0.0, Max: 0.0, Diff: 0.0, Sum: 0.0]
      [GC Worker Other (ms): Min: 0.0, Avg: 0.0, Max: 0.1, Diff: 0.1, Sum: 0.5]
      [GC Worker Total (ms): Min: 48.6, Avg: 48.7, Max: 48.9, Diff: 0.3, Sum: 633.6]
      [GC Worker End (ms): Min: 187098.6, Avg: 187098.6, Max: 187098.6, Diff: 0.1]
   [Code Root Fixup: 0.2 ms]
   [Code Root Migration: 0.0 ms]
   [Clear CT: 2.8 ms]
   [Other: 14.8 ms]
      [Choose CSet: 0.0 ms]
      [Ref Proc: 10.1 ms]
      [Ref Enq: 1.4 ms]
      [Free CSet: 0.3 ms]
   [Eden: 72.0M(1064.0M)->0.0B(1168.0M) Survivors: 160.0M->56.0M Heap: 12.3G(24.0G)->12.3G(24.0G)]
 [Times: user=0.69 sys=0.01, real=0.07 secs] 
2014-04-16T09:44:50.247+0900: 187.117: [GC concurrent-root-region-scan-start]
2014-04-16T09:44:50.250+0900: 187.121: [GC concurrent-root-region-scan-end, 0.0035048 secs]
2014-04-16T09:44:50.250+0900: 187.121: [GC concurrent-mark-start]
2014-04-16T09:44:51.845+0900: 188.715: [GC concurrent-mark-end, 1.5948136 secs]
2014-04-16T09:44:51.846+0900: 188.717: [GC remark 188.717: [GC ref-proc, 0.0064911 secs], 0.0302986 secs]
 [Times: user=0.25 sys=0.00, real=0.03 secs] 
2014-04-16T09:44:51.878+0900: 188.748: [GC cleanup 13G->12G(24G), 0.0172619 secs]
 [Times: user=0.20 sys=0.01, real=0.02 secs] 
2014-04-16T09:44:51.895+0900: 188.766: [GC concurrent-cleanup-start]
2014-04-16T09:44:51.896+0900: 188.767: [GC concurrent-cleanup-end, 0.0011270 secs]
2014-04-16T09:44:52.042+0900: 188.912: [GC pause (G1 Evacuation Pause) (young), 0.0733117 secs]
   [Parallel Time: 54.8 ms, GC Workers: 13]
      [GC Worker Start (ms): Min: 188912.6, Avg: 188912.8, Max: 188913.0, Diff: 0.3]
      [Ext Root Scanning (ms): Min: 0.5, Avg: 0.6, Max: 1.1, Diff: 0.6, Sum: 8.2]
      [Update RS (ms): Min: 2.5, Avg: 3.1, Max: 4.2, Diff: 1.7, Sum: 40.3]
         [Processed Buffers: Min: 5, Avg: 11.8, Max: 17, Diff: 12, Sum: 153]
      [Scan RS (ms): Min: 6.9, Avg: 7.9, Max: 8.3, Diff: 1.4, Sum: 102.3]
      [Code Root Scanning (ms): Min: 0.0, Avg: 0.0, Max: 0.0, Diff: 0.0, Sum: 0.0]
      [Object Copy (ms): Min: 42.1, Avg: 42.3, Max: 42.5, Diff: 0.3, Sum: 550.3]
      [Termination (ms): Min: 0.0, Avg: 0.0, Max: 0.0, Diff: 0.0, Sum: 0.0]
      [GC Worker Other (ms): Min: 0.0, Avg: 0.1, Max: 0.2, Diff: 0.1, Sum: 0.7]
      [GC Worker Total (ms): Min: 53.8, Avg: 54.0, Max: 54.2, Diff: 0.4, Sum: 701.9]
      [GC Worker End (ms): Min: 188966.8, Avg: 188966.8, Max: 188966.9, Diff: 0.1]
   [Code Root Fixup: 0.3 ms]
   [Code Root Migration: 0.0 ms]
   [Clear CT: 3.1 ms]
   [Other: 15.1 ms]
      [Choose CSet: 0.0 ms]
      [Ref Proc: 10.9 ms]
      [Ref Enq: 0.7 ms]
      [Free CSet: 1.1 ms]
   [Eden: 1168.0M(1168.0M)->0.0B(1064.0M) Survivors: 56.0M->160.0M Heap: 12.9G(24.0G)->12.0G(24.0G)]
 [Times: user=0.75 sys=0.01, real=0.08 secs] 
2014-04-16T09:44:54.597+0900: 191.467: [GC pause (G1 Evacuation Pause) (mixed), 0.1086980 secs]
   [Parallel Time: 90.5 ms, GC Workers: 13]
      [GC Worker Start (ms): Min: 191467.5, Avg: 191467.8, Max: 191468.0, Diff: 0.5]
      [Ext Root Scanning (ms): Min: 0.5, Avg: 0.8, Max: 1.8, Diff: 1.3, Sum: 10.2]
      [Update RS (ms): Min: 0.8, Avg: 1.8, Max: 2.0, Diff: 1.2, Sum: 23.6]
         [Processed Buffers: Min: 3, Avg: 7.3, Max: 11, Diff: 8, Sum: 95]
      [Scan RS (ms): Min: 19.4, Avg: 19.5, Max: 19.6, Diff: 0.2, Sum: 253.3]
      [Code Root Scanning (ms): Min: 0.0, Avg: 0.0, Max: 0.0, Diff: 0.0, Sum: 0.1]
      [Object Copy (ms): Min: 67.0, Avg: 67.1, Max: 67.2, Diff: 0.2, Sum: 872.4]
      [Termination (ms): Min: 0.0, Avg: 0.0, Max: 0.0, Diff: 0.0, Sum: 0.0]
      [GC Worker Other (ms): Min: 0.0, Avg: 0.1, Max: 0.1, Diff: 0.1, Sum: 0.7]
      [GC Worker Total (ms): Min: 89.0, Avg: 89.3, Max: 89.5, Diff: 0.5, Sum: 1160.3]
      [GC Worker End (ms): Min: 191557.0, Avg: 191557.1, Max: 191557.2, Diff: 0.1]
   [Code Root Fixup: 0.3 ms]
   [Code Root Migration: 0.1 ms]
   [Clear CT: 4.0 ms]
   [Other: 13.9 ms]
      [Choose CSet: 0.1 ms]
      [Ref Proc: 8.1 ms]
      [Ref Enq: 0.3 ms]
      [Free CSet: 1.5 ms]
   [Eden: 1064.0M(1064.0M)->0.0B(1064.0M) Survivors: 160.0M->160.0M Heap: 13.5G(24.0G)->12.7G(24.0G)]
 [Times: user=1.21 sys=0.02, real=0.11 secs] 
2014-04-16T09:44:54.869+0900: 191.739: [GC pause (G1 Humongous Allocation) (young) (initial-mark), 0.0681130 secs]
   [Parallel Time: 49.2 ms, GC Workers: 13]
      [GC Worker Start (ms): Min: 191739.8, Avg: 191740.0, Max: 191740.1, Diff: 0.3]
      [Ext Root Scanning (ms): Min: 0.5, Avg: 0.8, Max: 3.2, Diff: 2.8, Sum: 10.1]
      [Code Root Marking (ms): Min: 0.1, Avg: 1.1, Max: 6.9, Diff: 6.9, Sum: 14.3]
      [Update RS (ms): Min: 5.6, Avg: 10.9, Max: 12.4, Diff: 6.9, Sum: 142.3]
         [Processed Buffers: Min: 2, Avg: 7.4, Max: 11, Diff: 9, Sum: 96]
      [Scan RS (ms): Min: 5.9, Avg: 6.5, Max: 6.7, Diff: 0.8, Sum: 84.0]
      [Code Root Scanning (ms): Min: 0.0, Avg: 0.0, Max: 0.0, Diff: 0.0, Sum: 0.0]
      [Object Copy (ms): Min: 29.1, Avg: 29.3, Max: 29.7, Diff: 0.6, Sum: 381.1]
      [Termination (ms): Min: 0.0, Avg: 0.0, Max: 0.0, Diff: 0.0, Sum: 0.1]
      [GC Worker Other (ms): Min: 0.0, Avg: 0.0, Max: 0.1, Diff: 0.0, Sum: 0.4]
      [GC Worker Total (ms): Min: 48.5, Avg: 48.6, Max: 48.8, Diff: 0.3, Sum: 632.2]
      [GC Worker End (ms): Min: 191788.6, Avg: 191788.6, Max: 191788.7, Diff: 0.0]
   [Code Root Fixup: 0.2 ms]
   [Code Root Migration: 0.0 ms]
   [Clear CT: 3.0 ms]
   [Other: 15.7 ms]
      [Choose CSet: 0.0 ms]
      [Ref Proc: 11.7 ms]
      [Ref Enq: 1.0 ms]
      [Free CSet: 0.3 ms]
   [Eden: 72.0M(1064.0M)->0.0B(1168.0M) Survivors: 160.0M->56.0M Heap: 12.7G(24.0G)->12.7G(24.0G)]
 [Times: user=0.68 sys=0.01, real=0.07 secs] 
2014-04-16T09:44:54.937+0900: 191.808: [GC concurrent-root-region-scan-start]
2014-04-16T09:44:54.941+0900: 191.811: [GC concurrent-root-region-scan-end, 0.0034865 secs]
2014-04-16T09:44:54.941+0900: 191.811: [GC concurrent-mark-start]
2014-04-16T09:44:56.413+0900: 193.283: [GC concurrent-mark-end, 1.4720901 secs]
2014-04-16T09:44:56.414+0900: 193.284: [GC remark 193.286: [GC ref-proc, 0.0081987 secs], 0.0343781 secs]
 [Times: user=0.27 sys=0.00, real=0.04 secs] 
2014-04-16T09:44:56.450+0900: 193.320: [GC cleanup 13G->11G(24G), 0.0182090 secs]
 [Times: user=0.20 sys=0.01, real=0.02 secs] 
2014-04-16T09:44:56.468+0900: 193.339: [GC concurrent-cleanup-start]
2014-04-16T09:44:56.470+0900: 193.340: [GC concurrent-cleanup-end, 0.0012722 secs]
2014-04-16T09:44:58.067+0900: 194.937: [GC pause (G1 Evacuation Pause) (young), 0.0573580 secs]
   [Parallel Time: 38.3 ms, GC Workers: 13]
      [GC Worker Start (ms): Min: 194937.4, Avg: 194937.8, Max: 194938.1, Diff: 0.7]
      [Ext Root Scanning (ms): Min: 0.5, Avg: 0.8, Max: 1.2, Diff: 0.8, Sum: 10.1]
      [Update RS (ms): Min: 3.3, Avg: 3.5, Max: 4.1, Diff: 0.8, Sum: 46.1]
         [Processed Buffers: Min: 2, Avg: 7.8, Max: 19, Diff: 17, Sum: 101]
      [Scan RS (ms): Min: 4.7, Avg: 5.5, Max: 6.1, Diff: 1.3, Sum: 72.1]
      [Code Root Scanning (ms): Min: 0.0, Avg: 0.0, Max: 0.0, Diff: 0.0, Sum: 0.0]
      [Object Copy (ms): Min: 27.0, Avg: 27.3, Max: 27.4, Diff: 0.4, Sum: 354.7]
      [Termination (ms): Min: 0.0, Avg: 0.0, Max: 0.0, Diff: 0.0, Sum: 0.0]
      [GC Worker Other (ms): Min: 0.0, Avg: 0.1, Max: 0.1, Diff: 0.1, Sum: 0.9]
      [GC Worker Total (ms): Min: 36.9, Avg: 37.2, Max: 37.7, Diff: 0.8, Sum: 483.9]
      [GC Worker End (ms): Min: 194975.0, Avg: 194975.0, Max: 194975.1, Diff: 0.1]
   [Code Root Fixup: 0.1 ms]
   [Code Root Migration: 0.0 ms]
   [Clear CT: 2.9 ms]
   [Other: 15.9 ms]
      [Choose CSet: 0.0 ms]
      [Ref Proc: 11.4 ms]
      [Ref Enq: 1.9 ms]
      [Free CSet: 1.2 ms]
   [Eden: 1168.0M(1168.0M)->0.0B(1064.0M) Survivors: 56.0M->160.0M Heap: 13.1G(24.0G)->12.1G(24.0G)]
 [Times: user=0.53 sys=0.00, real=0.06 secs] 
2014-04-16T09:44:59.113+0900: 195.983: [GC pause (G1 Evacuation Pause) (mixed), 0.0634034 secs]
   [Parallel Time: 47.6 ms, GC Workers: 13]
      [GC Worker Start (ms): Min: 195983.4, Avg: 195983.6, Max: 195983.8, Diff: 0.4]
      [Ext Root Scanning (ms): Min: 0.4, Avg: 0.7, Max: 1.4, Diff: 1.0, Sum: 8.8]
      [Update RS (ms): Min: 1.3, Avg: 2.3, Max: 3.7, Diff: 2.4, Sum: 30.2]
         [Processed Buffers: Min: 1, Avg: 6.4, Max: 14, Diff: 13, Sum: 83]
      [Scan RS (ms): Min: 7.5, Avg: 8.8, Max: 9.2, Diff: 1.7, Sum: 114.7]
      [Code Root Scanning (ms): Min: 0.0, Avg: 0.0, Max: 0.0, Diff: 0.0, Sum: 0.0]
      [Object Copy (ms): Min: 34.9, Avg: 35.2, Max: 35.3, Diff: 0.4, Sum: 457.3]
      [Termination (ms): Min: 0.0, Avg: 0.0, Max: 0.0, Diff: 0.0, Sum: 0.0]
      [GC Worker Other (ms): Min: 0.0, Avg: 0.1, Max: 0.2, Diff: 0.2, Sum: 0.9]
      [GC Worker Total (ms): Min: 46.9, Avg: 47.1, Max: 47.3, Diff: 0.5, Sum: 611.9]
      [GC Worker End (ms): Min: 196030.6, Avg: 196030.6, Max: 196030.8, Diff: 0.2]
   [Code Root Fixup: 0.1 ms]
   [Code Root Migration: 0.1 ms]
   [Clear CT: 4.7 ms]
   [Other: 10.9 ms]
      [Choose CSet: 0.1 ms]
      [Ref Proc: 7.6 ms]
      [Ref Enq: 0.4 ms]
      [Free CSet: 0.9 ms]
   [Eden: 1064.0M(1064.0M)->0.0B(1184.0M) Survivors: 160.0M->40.0M Heap: 13.1G(24.0G)->12.1G(24.0G)]
 [Times: user=0.67 sys=0.01, real=0.07 secs] 
2014-04-16T09:44:59.322+0900: 196.192: [GC pause (G1 Humongous Allocation) (young) (initial-mark), 0.0206366 secs]
   [Parallel Time: 8.6 ms, GC Workers: 13]
      [GC Worker Start (ms): Min: 196192.7, Avg: 196193.0, Max: 196193.2, Diff: 0.5]
      [Ext Root Scanning (ms): Min: 0.3, Avg: 0.7, Max: 2.9, Diff: 2.6, Sum: 8.9]
      [Code Root Marking (ms): Min: 0.1, Avg: 0.8, Max: 4.9, Diff: 4.8, Sum: 10.2]
      [Update RS (ms): Min: 1.6, Avg: 5.0, Max: 5.7, Diff: 4.2, Sum: 65.2]
         [Processed Buffers: Min: 2, Avg: 6.7, Max: 14, Diff: 12, Sum: 87]
      [Scan RS (ms): Min: 0.0, Avg: 0.1, Max: 0.1, Diff: 0.1, Sum: 0.7]
      [Code Root Scanning (ms): Min: 0.0, Avg: 0.0, Max: 0.0, Diff: 0.0, Sum: 0.0]
      [Object Copy (ms): Min: 0.4, Avg: 0.8, Max: 1.3, Diff: 0.9, Sum: 10.0]
      [Termination (ms): Min: 0.0, Avg: 0.2, Max: 0.3, Diff: 0.3, Sum: 3.1]
      [GC Worker Other (ms): Min: 0.0, Avg: 0.0, Max: 0.0, Diff: 0.0, Sum: 0.2]
      [GC Worker Total (ms): Min: 7.4, Avg: 7.6, Max: 7.8, Diff: 0.5, Sum: 98.3]
      [GC Worker End (ms): Min: 196200.5, Avg: 196200.6, Max: 196200.6, Diff: 0.0]
   [Code Root Fixup: 0.3 ms]
   [Code Root Migration: 0.0 ms]
   [Clear CT: 0.6 ms]
   [Other: 11.1 ms]
      [Choose CSet: 0.0 ms]
      [Ref Proc: 9.5 ms]
      [Ref Enq: 0.6 ms]
      [Free CSet: 0.1 ms]
   [Eden: 184.0M(1184.0M)->0.0B(1184.0M) Survivors: 40.0M->40.0M Heap: 12.3G(24.0G)->12.1G(24.0G)]
 [Times: user=0.12 sys=0.01, real=0.02 secs] 
2014-04-16T09:44:59.343+0900: 196.213: [GC concurrent-root-region-scan-start]
2014-04-16T09:44:59.344+0900: 196.214: [GC concurrent-root-region-scan-end, 0.0012406 secs]
2014-04-16T09:44:59.344+0900: 196.214: [GC concurrent-mark-start]
2014-04-16T09:44:59.968+0900: 196.838: [GC concurrent-mark-end, 0.6234689 secs]
2014-04-16T09:44:59.968+0900: 196.838: [GC remark 196.840: [GC ref-proc, 0.0067740 secs], 0.0273061 secs]
 [Times: user=0.20 sys=0.00, real=0.03 secs] 
2014-04-16T09:44:59.997+0900: 196.867: [GC cleanup 12G->11G(24G), 0.0233584 secs]
 [Times: user=0.26 sys=0.00, real=0.02 secs] 
2014-04-16T09:45:00.020+0900: 196.891: [GC concurrent-cleanup-start]
2014-04-16T09:45:00.022+0900: 196.893: [GC concurrent-cleanup-end, 0.0019783 secs]
Heap
 garbage-first heap   total 25165824K, used 12712465K [0x00000001c0000000, 0x00000007c0000000, 0x00000007c0000000)
  region size 8192K, 120 young (983040K), 5 survivors (40960K)
 Metaspace       used 38546K, capacity 39642K, committed 39976K, reserved 1083392K
  class space    used 5871K, capacity 6110K, committed 6192K, reserved 1048576K
