Java HotSpot(TM) 64-Bit Server VM (25.5-b02) for linux-amd64 JRE (1.8.0_05-b13), built on Mar 18 2014 00:29:27 by "java_re" with gcc 4.3.0 20080428 (Red Hat 4.3.0-8)
Memory: 4k page, physical 32865776k(29623816k free), swap 2047992k(2047992k free)
CommandLine flags: -XX:G1HeapRegionSize=4194304 -XX:InitialHeapSize=25769803776 -XX:InitiatingHeapOccupancyPercent=30 -XX:MaxGCPauseMillis=50 -XX:MaxHeapSize=25769803776 -XX:+ParallelRefProcEnabled -XX:+PrintGC -XX:+PrintGCDateStamps -XX:+PrintGCDetails -XX:+PrintGCTimeStamps -XX:ThreadStackSize=2048 -XX:+UseCompressedClassPointers -XX:+UseCompressedOops -XX:+UseG1GC 
2014-04-16T09:38:19.423+0900: 1.710: [Full GC (Metadata GC Threshold)  20M->7373K(24G), 0.3001925 secs]
   [Eden: 24.0M(1228.0M)->0.0B(1228.0M) Survivors: 0.0B->0.0B Heap: 20.2M(24.0G)->7373.3K(24.0G)], [Metaspace: 21254K->21254K(1067008K)]
 [Times: user=0.46 sys=0.09, real=0.30 secs] 
2014-04-16T09:38:25.093+0900: 7.381: [Full GC (Metadata GC Threshold)  107M->17M(24G), 0.3367956 secs]
   [Eden: 104.0M(1228.0M)->0.0B(1228.0M) Survivors: 0.0B->0.0B Heap: 107.7M(24.0G)->17.3M(24.0G)], [Metaspace: 34990K->34985K(1079296K)]
 [Times: user=0.37 sys=0.00, real=0.34 secs] 
2014-04-16T09:38:30.147+0900: 12.434: [GC pause (G1 Evacuation Pause) (young), 0.3283499 secs]
   [Parallel Time: 307.5 ms, GC Workers: 13]
      [GC Worker Start (ms): Min: 12434.5, Avg: 12434.6, Max: 12434.8, Diff: 0.2]
      [Ext Root Scanning (ms): Min: 2.3, Avg: 6.0, Max: 13.3, Diff: 11.0, Sum: 78.4]
      [Update RS (ms): Min: 0.0, Avg: 0.6, Max: 2.1, Diff: 2.1, Sum: 7.4]
         [Processed Buffers: Min: 0, Avg: 5.4, Max: 47, Diff: 47, Sum: 70]
      [Scan RS (ms): Min: 0.0, Avg: 0.1, Max: 0.3, Diff: 0.3, Sum: 1.3]
      [Code Root Scanning (ms): Min: 0.0, Avg: 0.1, Max: 0.5, Diff: 0.5, Sum: 1.1]
      [Object Copy (ms): Min: 277.6, Avg: 290.4, Max: 296.2, Diff: 18.6, Sum: 3775.5]
      [Termination (ms): Min: 6.2, Avg: 9.9, Max: 18.3, Diff: 12.1, Sum: 128.2]
      [GC Worker Other (ms): Min: 0.0, Avg: 0.0, Max: 0.1, Diff: 0.0, Sum: 0.5]
      [GC Worker Total (ms): Min: 306.9, Avg: 307.1, Max: 307.2, Diff: 0.3, Sum: 3992.3]
      [GC Worker End (ms): Min: 12741.7, Avg: 12741.8, Max: 12741.8, Diff: 0.1]
   [Code Root Fixup: 1.5 ms]
   [Code Root Migration: 4.6 ms]
   [Clear CT: 0.5 ms]
   [Other: 14.3 ms]
      [Choose CSet: 0.0 ms]
      [Ref Proc: 11.0 ms]
      [Ref Enq: 1.3 ms]
      [Free CSet: 0.7 ms]
   [Eden: 1228.0M(1228.0M)->0.0B(1072.0M) Survivors: 0.0B->156.0M Heap: 1245.3M(24.0G)->309.7M(24.0G)]
 [Times: user=3.21 sys=1.78, real=0.33 secs] 
2014-04-16T09:38:32.357+0900: 14.644: [GC pause (G1 Evacuation Pause) (young), 0.1657969 secs]
   [Parallel Time: 152.8 ms, GC Workers: 13]
      [GC Worker Start (ms): Min: 14644.6, Avg: 14644.7, Max: 14644.8, Diff: 0.2]
      [Ext Root Scanning (ms): Min: 1.7, Avg: 8.5, Max: 16.2, Diff: 14.5, Sum: 110.0]
      [Update RS (ms): Min: 0.0, Avg: 0.1, Max: 0.3, Diff: 0.3, Sum: 1.0]
         [Processed Buffers: Min: 0, Avg: 2.8, Max: 16, Diff: 16, Sum: 36]
      [Scan RS (ms): Min: 8.2, Avg: 16.5, Max: 27.2, Diff: 19.0, Sum: 214.8]
      [Code Root Scanning (ms): Min: 0.0, Avg: 0.1, Max: 1.5, Diff: 1.5, Sum: 1.6]
      [Object Copy (ms): Min: 121.5, Avg: 127.3, Max: 128.7, Diff: 7.3, Sum: 1655.4]
      [Termination (ms): Min: 0.0, Avg: 0.0, Max: 0.0, Diff: 0.0, Sum: 0.0]
      [GC Worker Other (ms): Min: 0.0, Avg: 0.1, Max: 0.1, Diff: 0.1, Sum: 1.0]
      [GC Worker Total (ms): Min: 152.5, Avg: 152.6, Max: 152.7, Diff: 0.3, Sum: 1983.8]
      [GC Worker End (ms): Min: 14797.3, Avg: 14797.3, Max: 14797.4, Diff: 0.1]
   [Code Root Fixup: 1.3 ms]
   [Code Root Migration: 2.2 ms]
   [Clear CT: 0.4 ms]
   [Other: 9.1 ms]
      [Choose CSet: 0.0 ms]
      [Ref Proc: 6.3 ms]
      [Ref Enq: 0.6 ms]
      [Free CSet: 0.7 ms]
   [Eden: 1072.0M(1072.0M)->0.0B(1072.0M) Survivors: 156.0M->156.0M Heap: 1381.7M(24.0G)->471.3M(24.0G)]
 [Times: user=1.95 sys=0.26, real=0.16 secs] 
2014-04-16T09:38:33.573+0900: 15.861: [GC pause (G1 Evacuation Pause) (young), 0.1032845 secs]
   [Parallel Time: 95.6 ms, GC Workers: 13]
      [GC Worker Start (ms): Min: 15861.1, Avg: 15861.2, Max: 15861.2, Diff: 0.1]
      [Ext Root Scanning (ms): Min: 1.0, Avg: 1.2, Max: 1.9, Diff: 1.0, Sum: 15.8]
      [Update RS (ms): Min: 2.4, Avg: 2.8, Max: 3.0, Diff: 0.5, Sum: 36.0]
         [Processed Buffers: Min: 7, Avg: 16.5, Max: 23, Diff: 16, Sum: 214]
      [Scan RS (ms): Min: 1.9, Avg: 2.0, Max: 2.2, Diff: 0.3, Sum: 26.5]
      [Code Root Scanning (ms): Min: 0.0, Avg: 0.0, Max: 0.0, Diff: 0.0, Sum: 0.1]
      [Object Copy (ms): Min: 88.8, Avg: 89.3, Max: 89.5, Diff: 0.6, Sum: 1160.5]
      [Termination (ms): Min: 0.0, Avg: 0.0, Max: 0.0, Diff: 0.0, Sum: 0.0]
      [GC Worker Other (ms): Min: 0.0, Avg: 0.1, Max: 0.1, Diff: 0.1, Sum: 1.0]
      [GC Worker Total (ms): Min: 95.3, Avg: 95.4, Max: 95.5, Diff: 0.2, Sum: 1240.0]
      [GC Worker End (ms): Min: 15956.5, Avg: 15956.5, Max: 15956.6, Diff: 0.1]
   [Code Root Fixup: 0.4 ms]
   [Code Root Migration: 0.1 ms]
   [Clear CT: 0.4 ms]
   [Other: 6.8 ms]
      [Choose CSet: 0.0 ms]
      [Ref Proc: 4.3 ms]
      [Ref Enq: 0.3 ms]
      [Free CSet: 0.8 ms]
   [Eden: 1072.0M(1072.0M)->0.0B(1072.0M) Survivors: 156.0M->156.0M Heap: 1543.3M(24.0G)->655.3M(24.0G)]
 [Times: user=1.13 sys=0.13, real=0.11 secs] 
2014-04-16T09:38:34.608+0900: 16.895: [GC pause (G1 Evacuation Pause) (young), 0.1091247 secs]
   [Parallel Time: 100.9 ms, GC Workers: 13]
      [GC Worker Start (ms): Min: 16895.9, Avg: 16895.9, Max: 16896.0, Diff: 0.1]
      [Ext Root Scanning (ms): Min: 1.1, Avg: 1.3, Max: 1.8, Diff: 0.7, Sum: 16.3]
      [Update RS (ms): Min: 2.5, Avg: 3.8, Max: 4.1, Diff: 1.7, Sum: 49.1]
         [Processed Buffers: Min: 5, Avg: 16.2, Max: 27, Diff: 22, Sum: 210]
      [Scan RS (ms): Min: 3.3, Avg: 3.5, Max: 3.8, Diff: 0.5, Sum: 45.2]
      [Code Root Scanning (ms): Min: 0.0, Avg: 0.0, Max: 0.0, Diff: 0.0, Sum: 0.1]
      [Object Copy (ms): Min: 92.0, Avg: 92.1, Max: 92.5, Diff: 0.5, Sum: 1196.8]
      [Termination (ms): Min: 0.0, Avg: 0.0, Max: 0.0, Diff: 0.0, Sum: 0.0]
      [GC Worker Other (ms): Min: 0.0, Avg: 0.1, Max: 0.2, Diff: 0.1, Sum: 1.0]
      [GC Worker Total (ms): Min: 100.5, Avg: 100.7, Max: 100.8, Diff: 0.2, Sum: 1308.6]
      [GC Worker End (ms): Min: 16996.5, Avg: 16996.6, Max: 16996.7, Diff: 0.1]
   [Code Root Fixup: 0.4 ms]
   [Code Root Migration: 0.1 ms]
   [Clear CT: 0.5 ms]
   [Other: 7.2 ms]
      [Choose CSet: 0.0 ms]
      [Ref Proc: 4.2 ms]
      [Ref Enq: 0.3 ms]
      [Free CSet: 1.0 ms]
   [Eden: 1072.0M(1072.0M)->0.0B(1072.0M) Survivors: 156.0M->156.0M Heap: 1727.3M(24.0G)->837.3M(24.0G)]
 [Times: user=1.27 sys=0.08, real=0.11 secs] 
2014-04-16T09:38:35.672+0900: 17.959: [GC pause (G1 Evacuation Pause) (young), 0.1684282 secs]
   [Parallel Time: 159.6 ms, GC Workers: 13]
      [GC Worker Start (ms): Min: 17959.5, Avg: 17959.5, Max: 17959.6, Diff: 0.1]
      [Ext Root Scanning (ms): Min: 1.2, Avg: 1.2, Max: 1.5, Diff: 0.4, Sum: 16.0]
      [Update RS (ms): Min: 6.5, Avg: 7.1, Max: 8.5, Diff: 1.9, Sum: 92.1]
         [Processed Buffers: Min: 5, Avg: 16.5, Max: 42, Diff: 37, Sum: 215]
      [Scan RS (ms): Min: 3.3, Avg: 5.0, Max: 5.6, Diff: 2.3, Sum: 64.8]
      [Code Root Scanning (ms): Min: 0.0, Avg: 0.0, Max: 0.0, Diff: 0.0, Sum: 0.1]
      [Object Copy (ms): Min: 145.3, Avg: 145.4, Max: 146.1, Diff: 0.8, Sum: 1890.2]
      [Termination (ms): Min: 0.0, Avg: 0.6, Max: 0.8, Diff: 0.8, Sum: 8.4]
      [GC Worker Other (ms): Min: 0.0, Avg: 0.1, Max: 0.1, Diff: 0.1, Sum: 1.0]
      [GC Worker Total (ms): Min: 159.4, Avg: 159.4, Max: 159.5, Diff: 0.2, Sum: 2072.6]
      [GC Worker End (ms): Min: 18118.9, Avg: 18119.0, Max: 18119.0, Diff: 0.1]
   [Code Root Fixup: 0.4 ms]
   [Code Root Migration: 0.1 ms]
   [Clear CT: 0.5 ms]
   [Other: 7.9 ms]
      [Choose CSet: 0.0 ms]
      [Ref Proc: 4.3 ms]
      [Ref Enq: 0.3 ms]
      [Free CSet: 1.3 ms]
   [Eden: 1072.0M(1072.0M)->0.0B(1072.0M) Survivors: 156.0M->156.0M Heap: 1909.3M(24.0G)->1021.3M(24.0G)]
 [Times: user=2.04 sys=0.06, real=0.17 secs] 
2014-04-16T09:38:36.724+0900: 19.011: [GC pause (G1 Evacuation Pause) (young), 0.1185536 secs]
   [Parallel Time: 109.6 ms, GC Workers: 13]
      [GC Worker Start (ms): Min: 19012.0, Avg: 19012.0, Max: 19012.1, Diff: 0.1]
      [Ext Root Scanning (ms): Min: 1.1, Avg: 1.2, Max: 1.6, Diff: 0.5, Sum: 16.0]
      [Update RS (ms): Min: 3.4, Avg: 4.2, Max: 5.6, Diff: 2.2, Sum: 55.1]
         [Processed Buffers: Min: 6, Avg: 16.5, Max: 22, Diff: 16, Sum: 215]
      [Scan RS (ms): Min: 3.6, Avg: 4.7, Max: 5.3, Diff: 1.8, Sum: 61.1]
      [Code Root Scanning (ms): Min: 0.0, Avg: 0.0, Max: 0.0, Diff: 0.0, Sum: 0.1]
      [Object Copy (ms): Min: 98.7, Avg: 98.8, Max: 99.2, Diff: 0.6, Sum: 1284.9]
      [Termination (ms): Min: 0.0, Avg: 0.3, Max: 0.3, Diff: 0.3, Sum: 4.1]
      [GC Worker Other (ms): Min: 0.0, Avg: 0.1, Max: 0.1, Diff: 0.1, Sum: 0.7]
      [GC Worker Total (ms): Min: 109.3, Avg: 109.4, Max: 109.5, Diff: 0.2, Sum: 1422.0]
      [GC Worker End (ms): Min: 19121.4, Avg: 19121.4, Max: 19121.5, Diff: 0.1]
   [Code Root Fixup: 0.4 ms]
   [Code Root Migration: 0.1 ms]
   [Clear CT: 0.5 ms]
   [Other: 8.0 ms]
      [Choose CSet: 0.0 ms]
      [Ref Proc: 4.3 ms]
      [Ref Enq: 0.3 ms]
      [Free CSet: 1.3 ms]
   [Eden: 1072.0M(1072.0M)->0.0B(1072.0M) Survivors: 156.0M->156.0M Heap: 2093.3M(24.0G)->1211.3M(24.0G)]
 [Times: user=1.39 sys=0.06, real=0.12 secs] 
2014-04-16T09:38:37.744+0900: 20.031: [GC pause (G1 Evacuation Pause) (young), 0.1203117 secs]
   [Parallel Time: 111.6 ms, GC Workers: 13]
      [GC Worker Start (ms): Min: 20031.9, Avg: 20032.0, Max: 20032.1, Diff: 0.1]
      [Ext Root Scanning (ms): Min: 0.9, Avg: 1.3, Max: 1.6, Diff: 0.7, Sum: 16.8]
      [Update RS (ms): Min: 6.7, Avg: 7.3, Max: 11.2, Diff: 4.5, Sum: 95.5]
         [Processed Buffers: Min: 4, Avg: 16.3, Max: 29, Diff: 25, Sum: 212]
      [Scan RS (ms): Min: 1.6, Avg: 5.4, Max: 6.1, Diff: 4.5, Sum: 70.4]
      [Code Root Scanning (ms): Min: 0.0, Avg: 0.0, Max: 0.0, Diff: 0.0, Sum: 0.1]
      [Object Copy (ms): Min: 96.8, Avg: 96.9, Max: 97.6, Diff: 0.8, Sum: 1259.9]
      [Termination (ms): Min: 0.0, Avg: 0.3, Max: 0.3, Diff: 0.3, Sum: 3.8]
      [GC Worker Other (ms): Min: 0.0, Avg: 0.1, Max: 0.1, Diff: 0.1, Sum: 0.8]
      [GC Worker Total (ms): Min: 111.2, Avg: 111.3, Max: 111.5, Diff: 0.2, Sum: 1447.3]
      [GC Worker End (ms): Min: 20143.3, Avg: 20143.3, Max: 20143.4, Diff: 0.1]
   [Code Root Fixup: 0.4 ms]
   [Code Root Migration: 0.1 ms]
   [Clear CT: 0.5 ms]
   [Other: 7.8 ms]
      [Choose CSet: 0.0 ms]
      [Ref Proc: 3.8 ms]
      [Ref Enq: 0.3 ms]
      [Free CSet: 1.4 ms]
   [Eden: 1072.0M(1072.0M)->0.0B(1072.0M) Survivors: 156.0M->156.0M Heap: 2283.3M(24.0G)->1399.3M(24.0G)]
 [Times: user=1.42 sys=0.06, real=0.12 secs] 
2014-04-16T09:38:38.760+0900: 21.048: [GC pause (G1 Evacuation Pause) (young), 0.1137776 secs]
   [Parallel Time: 104.4 ms, GC Workers: 13]
      [GC Worker Start (ms): Min: 21048.3, Avg: 21048.4, Max: 21048.5, Diff: 0.1]
      [Ext Root Scanning (ms): Min: 0.9, Avg: 1.3, Max: 1.9, Diff: 1.0, Sum: 17.4]
      [Update RS (ms): Min: 6.0, Avg: 6.6, Max: 7.8, Diff: 1.7, Sum: 86.1]
         [Processed Buffers: Min: 8, Avg: 16.5, Max: 34, Diff: 26, Sum: 214]
      [Scan RS (ms): Min: 5.3, Avg: 6.4, Max: 6.7, Diff: 1.4, Sum: 83.1]
      [Code Root Scanning (ms): Min: 0.0, Avg: 0.0, Max: 0.0, Diff: 0.0, Sum: 0.1]
      [Object Copy (ms): Min: 89.7, Avg: 89.7, Max: 90.1, Diff: 0.5, Sum: 1166.4]
      [Termination (ms): Min: 0.0, Avg: 0.0, Max: 0.0, Diff: 0.0, Sum: 0.1]
      [GC Worker Other (ms): Min: 0.0, Avg: 0.1, Max: 0.1, Diff: 0.1, Sum: 1.0]
      [GC Worker Total (ms): Min: 104.1, Avg: 104.2, Max: 104.2, Diff: 0.2, Sum: 1354.1]
      [GC Worker End (ms): Min: 21152.5, Avg: 21152.6, Max: 21152.6, Diff: 0.1]
   [Code Root Fixup: 0.4 ms]
   [Code Root Migration: 0.1 ms]
   [Clear CT: 0.6 ms]
   [Other: 8.2 ms]
      [Choose CSet: 0.0 ms]
      [Ref Proc: 4.1 ms]
      [Ref Enq: 0.3 ms]
      [Free CSet: 1.4 ms]
   [Eden: 1072.0M(1072.0M)->0.0B(1072.0M) Survivors: 156.0M->156.0M Heap: 2471.3M(24.0G)->1575.3M(24.0G)]
 [Times: user=1.32 sys=0.06, real=0.11 secs] 
2014-04-16T09:38:39.784+0900: 22.071: [GC pause (G1 Evacuation Pause) (young), 0.1426227 secs]
   [Parallel Time: 133.1 ms, GC Workers: 13]
      [GC Worker Start (ms): Min: 22071.7, Avg: 22071.8, Max: 22071.9, Diff: 0.1]
      [Ext Root Scanning (ms): Min: 0.8, Avg: 1.3, Max: 1.5, Diff: 0.7, Sum: 16.4]
      [Update RS (ms): Min: 5.9, Avg: 7.1, Max: 9.7, Diff: 3.7, Sum: 92.6]
         [Processed Buffers: Min: 1, Avg: 16.2, Max: 58, Diff: 57, Sum: 211]
      [Scan RS (ms): Min: 5.4, Avg: 8.0, Max: 8.9, Diff: 3.4, Sum: 103.6]
      [Code Root Scanning (ms): Min: 0.0, Avg: 0.0, Max: 0.0, Diff: 0.0, Sum: 0.1]
      [Object Copy (ms): Min: 116.2, Avg: 116.4, Max: 116.8, Diff: 0.5, Sum: 1512.6]
      [Termination (ms): Min: 0.0, Avg: 0.2, Max: 0.2, Diff: 0.2, Sum: 2.0]
      [GC Worker Other (ms): Min: 0.0, Avg: 0.0, Max: 0.1, Diff: 0.1, Sum: 0.5]
      [GC Worker Total (ms): Min: 132.8, Avg: 132.9, Max: 133.0, Diff: 0.2, Sum: 1727.7]
      [GC Worker End (ms): Min: 22204.7, Avg: 22204.7, Max: 22204.8, Diff: 0.1]
   [Code Root Fixup: 0.4 ms]
   [Code Root Migration: 0.1 ms]
   [Clear CT: 0.6 ms]
   [Other: 8.4 ms]
      [Choose CSet: 0.0 ms]
      [Ref Proc: 4.2 ms]
      [Ref Enq: 0.3 ms]
      [Free CSet: 1.5 ms]
   [Eden: 1072.0M(1072.0M)->0.0B(1072.0M) Survivors: 156.0M->156.0M Heap: 2647.3M(24.0G)->1761.3M(24.0G)]
 [Times: user=1.70 sys=0.06, real=0.15 secs] 
2014-04-16T09:38:40.828+0900: 23.115: [GC pause (G1 Evacuation Pause) (young), 0.1198409 secs]
   [Parallel Time: 108.9 ms, GC Workers: 13]
      [GC Worker Start (ms): Min: 23115.8, Avg: 23115.9, Max: 23116.0, Diff: 0.1]
      [Ext Root Scanning (ms): Min: 1.2, Avg: 1.3, Max: 1.7, Diff: 0.4, Sum: 17.0]
      [Update RS (ms): Min: 3.3, Avg: 3.8, Max: 4.0, Diff: 0.7, Sum: 49.4]
         [Processed Buffers: Min: 11, Avg: 16.4, Max: 23, Diff: 12, Sum: 213]
      [Scan RS (ms): Min: 7.1, Avg: 7.3, Max: 7.5, Diff: 0.3, Sum: 94.7]
      [Code Root Scanning (ms): Min: 0.0, Avg: 0.0, Max: 0.0, Diff: 0.0, Sum: 0.1]
      [Object Copy (ms): Min: 95.8, Avg: 96.0, Max: 96.2, Diff: 0.4, Sum: 1247.6]
      [Termination (ms): Min: 0.0, Avg: 0.2, Max: 0.3, Diff: 0.3, Sum: 3.2]
      [GC Worker Other (ms): Min: 0.0, Avg: 0.1, Max: 0.1, Diff: 0.1, Sum: 0.7]
      [GC Worker Total (ms): Min: 108.6, Avg: 108.7, Max: 108.8, Diff: 0.2, Sum: 1412.7]
      [GC Worker End (ms): Min: 23224.5, Avg: 23224.6, Max: 23224.6, Diff: 0.1]
   [Code Root Fixup: 0.4 ms]
   [Code Root Migration: 0.1 ms]
   [Clear CT: 0.6 ms]
   [Other: 9.8 ms]
      [Choose CSet: 0.0 ms]
      [Ref Proc: 5.3 ms]
      [Ref Enq: 0.4 ms]
      [Free CSet: 1.5 ms]
   [Eden: 1072.0M(1072.0M)->0.0B(1072.0M) Survivors: 156.0M->156.0M Heap: 2833.3M(24.0G)->1943.3M(24.0G)]
 [Times: user=1.39 sys=0.06, real=0.12 secs] 
2014-04-16T09:38:41.879+0900: 24.166: [GC pause (G1 Evacuation Pause) (young), 0.1161511 secs]
   [Parallel Time: 106.8 ms, GC Workers: 13]
      [GC Worker Start (ms): Min: 24166.7, Avg: 24166.8, Max: 24166.8, Diff: 0.2]
      [Ext Root Scanning (ms): Min: 0.8, Avg: 1.2, Max: 1.6, Diff: 0.8, Sum: 16.0]
      [Update RS (ms): Min: 6.4, Avg: 6.9, Max: 7.7, Diff: 1.2, Sum: 89.1]
         [Processed Buffers: Min: 7, Avg: 16.1, Max: 34, Diff: 27, Sum: 209]
      [Scan RS (ms): Min: 6.5, Avg: 7.2, Max: 7.7, Diff: 1.2, Sum: 93.9]
      [Code Root Scanning (ms): Min: 0.0, Avg: 0.0, Max: 0.0, Diff: 0.0, Sum: 0.1]
      [Object Copy (ms): Min: 91.1, Avg: 91.2, Max: 91.6, Diff: 0.5, Sum: 1185.2]
      [Termination (ms): Min: 0.0, Avg: 0.0, Max: 0.0, Diff: 0.0, Sum: 0.1]
      [GC Worker Other (ms): Min: 0.0, Avg: 0.1, Max: 0.1, Diff: 0.1, Sum: 1.0]
      [GC Worker Total (ms): Min: 106.5, Avg: 106.6, Max: 106.7, Diff: 0.2, Sum: 1385.4]
      [GC Worker End (ms): Min: 24273.3, Avg: 24273.3, Max: 24273.4, Diff: 0.1]
   [Code Root Fixup: 0.4 ms]
   [Code Root Migration: 0.1 ms]
   [Clear CT: 0.6 ms]
   [Other: 8.3 ms]
      [Choose CSet: 0.0 ms]
      [Ref Proc: 4.0 ms]
      [Ref Enq: 0.2 ms]
      [Free CSet: 1.5 ms]
   [Eden: 1072.0M(1072.0M)->0.0B(1072.0M) Survivors: 156.0M->156.0M Heap: 3015.3M(24.0G)->2125.3M(24.0G)]
 [Times: user=1.35 sys=0.07, real=0.11 secs] 
2014-04-16T09:38:42.954+0900: 25.242: [GC pause (G1 Evacuation Pause) (young), 0.1183389 secs]
   [Parallel Time: 108.7 ms, GC Workers: 13]
      [GC Worker Start (ms): Min: 25242.3, Avg: 25242.4, Max: 25242.5, Diff: 0.1]
      [Ext Root Scanning (ms): Min: 1.2, Avg: 1.3, Max: 1.5, Diff: 0.4, Sum: 16.3]
      [Update RS (ms): Min: 6.0, Avg: 7.0, Max: 10.6, Diff: 4.5, Sum: 90.5]
         [Processed Buffers: Min: 3, Avg: 16.2, Max: 38, Diff: 35, Sum: 210]
      [Scan RS (ms): Min: 4.0, Avg: 7.5, Max: 8.5, Diff: 4.5, Sum: 97.7]
      [Code Root Scanning (ms): Min: 0.0, Avg: 0.0, Max: 0.0, Diff: 0.0, Sum: 0.1]
      [Object Copy (ms): Min: 92.6, Avg: 92.7, Max: 92.8, Diff: 0.2, Sum: 1205.3]
      [Termination (ms): Min: 0.0, Avg: 0.0, Max: 0.0, Diff: 0.0, Sum: 0.0]
      [GC Worker Other (ms): Min: 0.0, Avg: 0.1, Max: 0.1, Diff: 0.1, Sum: 1.0]
      [GC Worker Total (ms): Min: 108.4, Avg: 108.5, Max: 108.6, Diff: 0.2, Sum: 1410.9]
      [GC Worker End (ms): Min: 25350.9, Avg: 25350.9, Max: 25351.0, Diff: 0.1]
   [Code Root Fixup: 0.4 ms]
   [Code Root Migration: 0.1 ms]
   [Clear CT: 0.7 ms]
   [Other: 8.4 ms]
      [Choose CSet: 0.0 ms]
      [Ref Proc: 4.1 ms]
      [Ref Enq: 0.3 ms]
      [Free CSet: 1.6 ms]
   [Eden: 1072.0M(1072.0M)->0.0B(1072.0M) Survivors: 156.0M->156.0M Heap: 3197.3M(24.0G)->2311.3M(24.0G)]
 [Times: user=1.37 sys=0.07, real=0.12 secs] 
2014-04-16T09:38:43.987+0900: 26.275: [GC pause (G1 Evacuation Pause) (young), 0.1190700 secs]
   [Parallel Time: 109.4 ms, GC Workers: 13]
      [GC Worker Start (ms): Min: 26275.3, Avg: 26275.3, Max: 26275.4, Diff: 0.1]
      [Ext Root Scanning (ms): Min: 0.9, Avg: 1.3, Max: 1.8, Diff: 0.9, Sum: 17.1]
      [Update RS (ms): Min: 6.3, Avg: 7.7, Max: 14.7, Diff: 8.4, Sum: 100.0]
         [Processed Buffers: Min: 1, Avg: 15.7, Max: 29, Diff: 28, Sum: 204]
      [Scan RS (ms): Min: 0.4, Avg: 7.3, Max: 8.8, Diff: 8.4, Sum: 95.4]
      [Code Root Scanning (ms): Min: 0.0, Avg: 0.0, Max: 0.0, Diff: 0.0, Sum: 0.1]
      [Object Copy (ms): Min: 92.7, Avg: 92.8, Max: 93.2, Diff: 0.5, Sum: 1206.5]
      [Termination (ms): Min: 0.0, Avg: 0.0, Max: 0.0, Diff: 0.0, Sum: 0.1]
      [GC Worker Other (ms): Min: 0.0, Avg: 0.1, Max: 0.1, Diff: 0.1, Sum: 1.0]
      [GC Worker Total (ms): Min: 109.1, Avg: 109.2, Max: 109.3, Diff: 0.2, Sum: 1420.2]
      [GC Worker End (ms): Min: 26384.5, Avg: 26384.6, Max: 26384.6, Diff: 0.1]
   [Code Root Fixup: 0.4 ms]
   [Code Root Migration: 0.1 ms]
   [Clear CT: 0.8 ms]
   [Other: 8.4 ms]
      [Choose CSet: 0.0 ms]
      [Ref Proc: 4.0 ms]
      [Ref Enq: 0.3 ms]
      [Free CSet: 1.6 ms]
   [Eden: 1072.0M(1072.0M)->0.0B(1072.0M) Survivors: 156.0M->156.0M Heap: 3383.3M(24.0G)->2493.3M(24.0G)]
 [Times: user=1.39 sys=0.06, real=0.12 secs] 
2014-04-16T09:38:45.033+0900: 27.320: [GC pause (G1 Evacuation Pause) (young), 0.1238316 secs]
   [Parallel Time: 114.2 ms, GC Workers: 13]
      [GC Worker Start (ms): Min: 27321.0, Avg: 27321.0, Max: 27321.1, Diff: 0.1]
      [Ext Root Scanning (ms): Min: 1.2, Avg: 1.3, Max: 1.7, Diff: 0.5, Sum: 16.9]
      [Update RS (ms): Min: 5.8, Avg: 6.2, Max: 6.8, Diff: 1.0, Sum: 80.1]
         [Processed Buffers: Min: 8, Avg: 16.0, Max: 35, Diff: 27, Sum: 208]
      [Scan RS (ms): Min: 7.3, Avg: 8.0, Max: 8.3, Diff: 0.9, Sum: 104.2]
      [Code Root Scanning (ms): Min: 0.0, Avg: 0.0, Max: 0.0, Diff: 0.0, Sum: 0.1]
      [Object Copy (ms): Min: 98.2, Avg: 98.2, Max: 98.4, Diff: 0.3, Sum: 1277.1]
      [Termination (ms): Min: 0.0, Avg: 0.2, Max: 0.2, Diff: 0.2, Sum: 2.4]
      [GC Worker Other (ms): Min: 0.0, Avg: 0.1, Max: 0.2, Diff: 0.1, Sum: 1.2]
      [GC Worker Total (ms): Min: 113.9, Avg: 114.0, Max: 114.1, Diff: 0.2, Sum: 1482.0]
      [GC Worker End (ms): Min: 27435.0, Avg: 27435.0, Max: 27435.1, Diff: 0.1]
   [Code Root Fixup: 0.4 ms]
   [Code Root Migration: 0.1 ms]
   [Clear CT: 0.8 ms]
   [Other: 8.4 ms]
      [Choose CSet: 0.0 ms]
      [Ref Proc: 3.8 ms]
      [Ref Enq: 0.3 ms]
      [Free CSet: 1.6 ms]
   [Eden: 1072.0M(1072.0M)->0.0B(1072.0M) Survivors: 156.0M->156.0M Heap: 3565.3M(24.0G)->2671.3M(24.0G)]
 [Times: user=1.45 sys=0.06, real=0.12 secs] 
2014-04-16T09:38:46.069+0900: 28.356: [GC pause (G1 Evacuation Pause) (young), 0.1208865 secs]
   [Parallel Time: 111.4 ms, GC Workers: 13]
      [GC Worker Start (ms): Min: 28356.6, Avg: 28356.7, Max: 28356.7, Diff: 0.1]
      [Ext Root Scanning (ms): Min: 0.7, Avg: 1.3, Max: 1.5, Diff: 0.7, Sum: 16.3]
      [Update RS (ms): Min: 7.2, Avg: 8.0, Max: 10.4, Diff: 3.2, Sum: 103.6]
         [Processed Buffers: Min: 0, Avg: 15.4, Max: 32, Diff: 32, Sum: 200]
      [Scan RS (ms): Min: 6.0, Avg: 8.6, Max: 9.3, Diff: 3.3, Sum: 111.4]
      [Code Root Scanning (ms): Min: 0.0, Avg: 0.0, Max: 0.0, Diff: 0.0, Sum: 0.1]
      [Object Copy (ms): Min: 93.1, Avg: 93.2, Max: 93.7, Diff: 0.6, Sum: 1211.7]
      [Termination (ms): Min: 0.0, Avg: 0.0, Max: 0.0, Diff: 0.0, Sum: 0.2]
      [GC Worker Other (ms): Min: 0.0, Avg: 0.1, Max: 0.1, Diff: 0.1, Sum: 1.0]
      [GC Worker Total (ms): Min: 111.0, Avg: 111.1, Max: 111.2, Diff: 0.2, Sum: 1444.3]
      [GC Worker End (ms): Min: 28467.7, Avg: 28467.8, Max: 28467.8, Diff: 0.1]
   [Code Root Fixup: 0.3 ms]
   [Code Root Migration: 0.1 ms]
   [Clear CT: 0.7 ms]
   [Other: 8.4 ms]
      [Choose CSet: 0.0 ms]
      [Ref Proc: 3.9 ms]
      [Ref Enq: 0.2 ms]
      [Free CSet: 1.6 ms]
   [Eden: 1072.0M(1072.0M)->0.0B(1072.0M) Survivors: 156.0M->156.0M Heap: 3743.3M(24.0G)->2845.3M(24.0G)]
 [Times: user=1.42 sys=0.06, real=0.12 secs] 
2014-04-16T09:38:47.109+0900: 29.396: [GC pause (G1 Evacuation Pause) (young), 0.1194007 secs]
   [Parallel Time: 109.3 ms, GC Workers: 13]
      [GC Worker Start (ms): Min: 29396.5, Avg: 29396.6, Max: 29396.6, Diff: 0.1]
      [Ext Root Scanning (ms): Min: 1.2, Avg: 1.3, Max: 1.6, Diff: 0.3, Sum: 17.2]
      [Update RS (ms): Min: 7.6, Avg: 8.7, Max: 11.2, Diff: 3.5, Sum: 112.6]
         [Processed Buffers: Min: 1, Avg: 15.4, Max: 31, Diff: 30, Sum: 200]
      [Scan RS (ms): Min: 6.2, Avg: 8.7, Max: 9.5, Diff: 3.3, Sum: 113.0]
      [Code Root Scanning (ms): Min: 0.0, Avg: 0.0, Max: 0.0, Diff: 0.0, Sum: 0.1]
      [Object Copy (ms): Min: 89.9, Avg: 90.0, Max: 90.3, Diff: 0.4, Sum: 1169.9]
      [Termination (ms): Min: 0.0, Avg: 0.4, Max: 0.4, Diff: 0.4, Sum: 5.0]
      [GC Worker Other (ms): Min: 0.0, Avg: 0.1, Max: 0.1, Diff: 0.1, Sum: 0.7]
      [GC Worker Total (ms): Min: 109.0, Avg: 109.1, Max: 109.2, Diff: 0.2, Sum: 1418.5]
      [GC Worker End (ms): Min: 29505.6, Avg: 29505.7, Max: 29505.7, Diff: 0.1]
   [Code Root Fixup: 0.4 ms]
   [Code Root Migration: 0.1 ms]
   [Clear CT: 0.9 ms]
   [Other: 8.8 ms]
      [Choose CSet: 0.0 ms]
      [Ref Proc: 4.0 ms]
      [Ref Enq: 0.3 ms]
      [Free CSet: 1.7 ms]
   [Eden: 1072.0M(1072.0M)->0.0B(1072.0M) Survivors: 156.0M->156.0M Heap: 3917.3M(24.0G)->3029.3M(24.0G)]
 [Times: user=1.39 sys=0.07, real=0.11 secs] 
2014-04-16T09:38:48.159+0900: 30.446: [GC pause (G1 Evacuation Pause) (young), 0.2115219 secs]
   [Parallel Time: 201.6 ms, GC Workers: 13]
      [GC Worker Start (ms): Min: 30446.8, Avg: 30446.8, Max: 30446.9, Diff: 0.1]
      [Ext Root Scanning (ms): Min: 1.3, Avg: 1.4, Max: 2.0, Diff: 0.7, Sum: 18.5]
      [Update RS (ms): Min: 11.8, Avg: 16.7, Max: 39.3, Diff: 27.5, Sum: 216.6]
         [Processed Buffers: Min: 4, Avg: 16.7, Max: 38, Diff: 34, Sum: 217]
      [Scan RS (ms): Min: 4.6, Avg: 27.2, Max: 32.1, Diff: 27.4, Sum: 353.3]
      [Code Root Scanning (ms): Min: 0.0, Avg: 0.0, Max: 0.1, Diff: 0.1, Sum: 0.3]
      [Object Copy (ms): Min: 155.3, Avg: 155.5, Max: 156.0, Diff: 0.7, Sum: 2021.3]
      [Termination (ms): Min: 0.0, Avg: 0.6, Max: 0.7, Diff: 0.7, Sum: 7.3]
      [GC Worker Other (ms): Min: 0.0, Avg: 0.1, Max: 0.1, Diff: 0.1, Sum: 0.8]
      [GC Worker Total (ms): Min: 201.3, Avg: 201.4, Max: 201.5, Diff: 0.2, Sum: 2618.3]
      [GC Worker End (ms): Min: 30648.2, Avg: 30648.2, Max: 30648.3, Diff: 0.1]
   [Code Root Fixup: 0.5 ms]
   [Code Root Migration: 0.1 ms]
   [Clear CT: 0.9 ms]
   [Other: 8.5 ms]
      [Choose CSet: 0.0 ms]
      [Ref Proc: 3.9 ms]
      [Ref Enq: 0.2 ms]
      [Free CSet: 1.6 ms]
   [Eden: 1072.0M(1072.0M)->0.0B(1072.0M) Survivors: 156.0M->156.0M Heap: 4101.3M(24.0G)->3221.3M(24.0G)]
 [Times: user=2.37 sys=0.11, real=0.21 secs] 
2014-04-16T09:38:49.271+0900: 31.558: [GC pause (G1 Evacuation Pause) (young), 0.1213531 secs]
   [Parallel Time: 110.2 ms, GC Workers: 13]
      [GC Worker Start (ms): Min: 31558.4, Avg: 31558.5, Max: 31558.5, Diff: 0.1]
      [Ext Root Scanning (ms): Min: 1.3, Avg: 1.3, Max: 1.6, Diff: 0.4, Sum: 17.4]
      [Update RS (ms): Min: 2.7, Avg: 3.3, Max: 4.2, Diff: 1.5, Sum: 42.3]
         [Processed Buffers: Min: 6, Avg: 15.0, Max: 21, Diff: 15, Sum: 195]
      [Scan RS (ms): Min: 8.9, Avg: 9.9, Max: 10.2, Diff: 1.3, Sum: 129.0]
      [Code Root Scanning (ms): Min: 0.0, Avg: 0.0, Max: 0.0, Diff: 0.0, Sum: 0.1]
      [Object Copy (ms): Min: 95.0, Avg: 95.3, Max: 95.6, Diff: 0.6, Sum: 1239.1]
      [Termination (ms): Min: 0.0, Avg: 0.2, Max: 0.2, Diff: 0.2, Sum: 2.0]
      [GC Worker Other (ms): Min: 0.0, Avg: 0.1, Max: 0.1, Diff: 0.1, Sum: 0.9]
      [GC Worker Total (ms): Min: 110.0, Avg: 110.1, Max: 110.2, Diff: 0.2, Sum: 1430.9]
      [GC Worker End (ms): Min: 31668.5, Avg: 31668.5, Max: 31668.6, Diff: 0.1]
   [Code Root Fixup: 0.5 ms]
   [Code Root Migration: 0.1 ms]
   [Clear CT: 0.9 ms]
   [Other: 9.7 ms]
      [Choose CSet: 0.0 ms]
      [Ref Proc: 4.9 ms]
      [Ref Enq: 0.3 ms]
      [Free CSet: 1.6 ms]
   [Eden: 1072.0M(1072.0M)->0.0B(1072.0M) Survivors: 156.0M->156.0M Heap: 4293.3M(24.0G)->3405.3M(24.0G)]
 [Times: user=1.41 sys=0.05, real=0.12 secs] 
2014-04-16T09:38:50.339+0900: 32.626: [GC pause (G1 Evacuation Pause) (young), 0.1177084 secs]
   [Parallel Time: 107.5 ms, GC Workers: 13]
      [GC Worker Start (ms): Min: 32626.9, Avg: 32626.9, Max: 32627.0, Diff: 0.1]
      [Ext Root Scanning (ms): Min: 1.2, Avg: 1.3, Max: 1.8, Diff: 0.6, Sum: 17.5]
      [Update RS (ms): Min: 5.1, Avg: 6.3, Max: 10.7, Diff: 5.7, Sum: 81.6]
         [Processed Buffers: Min: 4, Avg: 15.7, Max: 30, Diff: 26, Sum: 204]
      [Scan RS (ms): Min: 4.5, Avg: 9.0, Max: 9.7, Diff: 5.2, Sum: 116.6]
      [Code Root Scanning (ms): Min: 0.0, Avg: 0.0, Max: 0.0, Diff: 0.0, Sum: 0.1]
      [Object Copy (ms): Min: 90.4, Avg: 90.5, Max: 90.6, Diff: 0.2, Sum: 1177.0]
      [Termination (ms): Min: 0.0, Avg: 0.0, Max: 0.0, Diff: 0.0, Sum: 0.1]
      [GC Worker Other (ms): Min: 0.0, Avg: 0.1, Max: 0.1, Diff: 0.1, Sum: 1.0]
      [GC Worker Total (ms): Min: 107.1, Avg: 107.2, Max: 107.3, Diff: 0.2, Sum: 1393.7]
      [GC Worker End (ms): Min: 32734.1, Avg: 32734.1, Max: 32734.2, Diff: 0.1]
   [Code Root Fixup: 0.4 ms]
   [Code Root Migration: 0.1 ms]
   [Clear CT: 0.8 ms]
   [Other: 8.9 ms]
      [Choose CSet: 0.0 ms]
      [Ref Proc: 4.3 ms]
      [Ref Enq: 0.3 ms]
      [Free CSet: 1.6 ms]
   [Eden: 1072.0M(1072.0M)->0.0B(1072.0M) Survivors: 156.0M->156.0M Heap: 4477.3M(24.0G)->3589.3M(24.0G)]
 [Times: user=1.37 sys=0.06, real=0.11 secs] 
2014-04-16T09:38:51.364+0900: 33.652: [GC pause (G1 Evacuation Pause) (young), 0.1146290 secs]
   [Parallel Time: 104.5 ms, GC Workers: 13]
      [GC Worker Start (ms): Min: 33652.2, Avg: 33652.2, Max: 33652.3, Diff: 0.1]
      [Ext Root Scanning (ms): Min: 1.2, Avg: 1.3, Max: 1.5, Diff: 0.4, Sum: 16.5]
      [Update RS (ms): Min: 5.1, Avg: 5.9, Max: 7.3, Diff: 2.2, Sum: 76.9]
         [Processed Buffers: Min: 6, Avg: 16.0, Max: 27, Diff: 21, Sum: 208]
      [Scan RS (ms): Min: 7.8, Avg: 9.1, Max: 9.6, Diff: 1.8, Sum: 117.9]
      [Code Root Scanning (ms): Min: 0.0, Avg: 0.0, Max: 0.0, Diff: 0.0, Sum: 0.1]
      [Object Copy (ms): Min: 87.5, Avg: 87.6, Max: 87.8, Diff: 0.3, Sum: 1139.3]
      [Termination (ms): Min: 0.0, Avg: 0.3, Max: 0.3, Diff: 0.3, Sum: 3.7]
      [GC Worker Other (ms): Min: 0.0, Avg: 0.0, Max: 0.1, Diff: 0.1, Sum: 0.6]
      [GC Worker Total (ms): Min: 104.1, Avg: 104.2, Max: 104.3, Diff: 0.2, Sum: 1355.0]
      [GC Worker End (ms): Min: 33756.4, Avg: 33756.5, Max: 33756.5, Diff: 0.1]
   [Code Root Fixup: 0.4 ms]
   [Code Root Migration: 0.1 ms]
   [Clear CT: 1.0 ms]
   [Other: 8.7 ms]
      [Choose CSet: 0.0 ms]
      [Ref Proc: 4.1 ms]
      [Ref Enq: 0.4 ms]
      [Free CSet: 1.7 ms]
   [Eden: 1072.0M(1072.0M)->0.0B(1072.0M) Survivors: 156.0M->156.0M Heap: 4661.3M(24.0G)->3765.3M(24.0G)]
 [Times: user=1.34 sys=0.06, real=0.12 secs] 
2014-04-16T09:38:52.419+0900: 34.707: [GC pause (G1 Evacuation Pause) (young), 0.1164079 secs]
   [Parallel Time: 106.2 ms, GC Workers: 13]
      [GC Worker Start (ms): Min: 34707.2, Avg: 34707.3, Max: 34707.3, Diff: 0.1]
      [Ext Root Scanning (ms): Min: 1.3, Avg: 1.4, Max: 1.9, Diff: 0.7, Sum: 18.1]
      [Update RS (ms): Min: 5.4, Avg: 6.0, Max: 6.3, Diff: 1.0, Sum: 78.0]
         [Processed Buffers: Min: 7, Avg: 15.1, Max: 23, Diff: 16, Sum: 196]
      [Scan RS (ms): Min: 8.8, Avg: 9.2, Max: 9.4, Diff: 0.6, Sum: 119.6]
      [Code Root Scanning (ms): Min: 0.0, Avg: 0.0, Max: 0.0, Diff: 0.0, Sum: 0.1]
      [Object Copy (ms): Min: 89.1, Avg: 89.2, Max: 89.3, Diff: 0.2, Sum: 1159.8]
      [Termination (ms): Min: 0.0, Avg: 0.0, Max: 0.0, Diff: 0.0, Sum: 0.1]
      [GC Worker Other (ms): Min: 0.0, Avg: 0.1, Max: 0.2, Diff: 0.1, Sum: 1.1]
      [GC Worker Total (ms): Min: 105.8, Avg: 105.9, Max: 106.0, Diff: 0.2, Sum: 1376.8]
      [GC Worker End (ms): Min: 34813.1, Avg: 34813.2, Max: 34813.3, Diff: 0.1]
   [Code Root Fixup: 0.4 ms]
   [Code Root Migration: 0.1 ms]
   [Clear CT: 1.0 ms]
   [Other: 8.7 ms]
      [Choose CSet: 0.0 ms]
      [Ref Proc: 4.1 ms]
      [Ref Enq: 0.2 ms]
      [Free CSet: 1.7 ms]
   [Eden: 1072.0M(1072.0M)->0.0B(1072.0M) Survivors: 156.0M->156.0M Heap: 4837.3M(24.0G)->3953.3M(24.0G)]
 [Times: user=1.34 sys=0.06, real=0.11 secs] 
2014-04-16T09:38:53.451+0900: 35.738: [GC pause (G1 Evacuation Pause) (young), 0.1166237 secs]
   [Parallel Time: 106.2 ms, GC Workers: 13]
      [GC Worker Start (ms): Min: 35738.7, Avg: 35738.8, Max: 35738.8, Diff: 0.2]
      [Ext Root Scanning (ms): Min: 1.2, Avg: 1.3, Max: 1.6, Diff: 0.4, Sum: 16.9]
      [Update RS (ms): Min: 5.2, Avg: 5.5, Max: 6.2, Diff: 1.0, Sum: 71.0]
         [Processed Buffers: Min: 9, Avg: 13.8, Max: 19, Diff: 10, Sum: 180]
      [Scan RS (ms): Min: 8.4, Avg: 9.5, Max: 9.8, Diff: 1.4, Sum: 123.8]
      [Code Root Scanning (ms): Min: 0.0, Avg: 0.0, Max: 0.0, Diff: 0.0, Sum: 0.1]
      [Object Copy (ms): Min: 89.5, Avg: 89.6, Max: 89.7, Diff: 0.2, Sum: 1164.6]
      [Termination (ms): Min: 0.0, Avg: 0.0, Max: 0.0, Diff: 0.0, Sum: 0.0]
      [GC Worker Other (ms): Min: 0.0, Avg: 0.1, Max: 0.1, Diff: 0.1, Sum: 1.0]
      [GC Worker Total (ms): Min: 105.8, Avg: 106.0, Max: 106.1, Diff: 0.2, Sum: 1377.5]
      [GC Worker End (ms): Min: 35844.7, Avg: 35844.7, Max: 35844.8, Diff: 0.1]
   [Code Root Fixup: 0.4 ms]
   [Code Root Migration: 0.1 ms]
   [Clear CT: 1.0 ms]
   [Other: 8.9 ms]
      [Choose CSet: 0.0 ms]
      [Ref Proc: 4.2 ms]
      [Ref Enq: 0.2 ms]
      [Free CSet: 1.7 ms]
   [Eden: 1072.0M(1072.0M)->0.0B(1072.0M) Survivors: 156.0M->156.0M Heap: 5025.3M(24.0G)->4137.3M(24.0G)]
 [Times: user=1.35 sys=0.07, real=0.11 secs] 
2014-04-16T09:38:54.479+0900: 36.766: [GC pause (G1 Evacuation Pause) (young), 0.1191276 secs]
   [Parallel Time: 108.7 ms, GC Workers: 13]
      [GC Worker Start (ms): Min: 36766.9, Avg: 36767.0, Max: 36767.1, Diff: 0.1]
      [Ext Root Scanning (ms): Min: 1.2, Avg: 1.3, Max: 1.6, Diff: 0.4, Sum: 17.2]
      [Update RS (ms): Min: 6.4, Avg: 7.6, Max: 18.5, Diff: 12.1, Sum: 98.6]
         [Processed Buffers: Min: 8, Avg: 16.4, Max: 27, Diff: 19, Sum: 213]
      [Scan RS (ms): Min: 0.1, Avg: 9.3, Max: 10.4, Diff: 10.4, Sum: 121.2]
      [Code Root Scanning (ms): Min: 0.0, Avg: 0.0, Max: 0.0, Diff: 0.0, Sum: 0.1]
      [Object Copy (ms): Min: 88.5, Avg: 90.1, Max: 90.3, Diff: 1.8, Sum: 1171.2]
      [Termination (ms): Min: 0.0, Avg: 0.1, Max: 0.1, Diff: 0.1, Sum: 1.3]
      [GC Worker Other (ms): Min: 0.0, Avg: 0.0, Max: 0.1, Diff: 0.1, Sum: 0.6]
      [GC Worker Total (ms): Min: 108.4, Avg: 108.5, Max: 108.6, Diff: 0.2, Sum: 1410.2]
      [GC Worker End (ms): Min: 36875.4, Avg: 36875.5, Max: 36875.5, Diff: 0.1]
   [Code Root Fixup: 0.4 ms]
   [Code Root Migration: 0.1 ms]
   [Clear CT: 1.0 ms]
   [Other: 8.9 ms]
      [Choose CSet: 0.0 ms]
      [Ref Proc: 4.1 ms]
      [Ref Enq: 0.3 ms]
      [Free CSet: 1.7 ms]
   [Eden: 1072.0M(1072.0M)->0.0B(1072.0M) Survivors: 156.0M->156.0M Heap: 5209.3M(24.0G)->4317.3M(24.0G)]
 [Times: user=1.39 sys=0.06, real=0.12 secs] 
2014-04-16T09:38:55.497+0900: 37.784: [GC pause (G1 Evacuation Pause) (young), 0.1207973 secs]
   [Parallel Time: 110.5 ms, GC Workers: 13]
      [GC Worker Start (ms): Min: 37784.7, Avg: 37784.8, Max: 37784.9, Diff: 0.2]
      [Ext Root Scanning (ms): Min: 1.3, Avg: 1.4, Max: 1.8, Diff: 0.5, Sum: 18.5]
      [Update RS (ms): Min: 6.0, Avg: 6.8, Max: 7.4, Diff: 1.4, Sum: 88.0]
         [Processed Buffers: Min: 5, Avg: 15.5, Max: 34, Diff: 29, Sum: 201]
      [Scan RS (ms): Min: 8.8, Avg: 9.4, Max: 9.7, Diff: 0.9, Sum: 122.6]
      [Code Root Scanning (ms): Min: 0.0, Avg: 0.0, Max: 0.0, Diff: 0.0, Sum: 0.1]
      [Object Copy (ms): Min: 92.4, Avg: 92.5, Max: 92.6, Diff: 0.2, Sum: 1202.7]
      [Termination (ms): Min: 0.0, Avg: 0.0, Max: 0.0, Diff: 0.0, Sum: 0.1]
      [GC Worker Other (ms): Min: 0.0, Avg: 0.1, Max: 0.2, Diff: 0.1, Sum: 1.2]
      [GC Worker Total (ms): Min: 110.1, Avg: 110.2, Max: 110.3, Diff: 0.2, Sum: 1433.1]
      [GC Worker End (ms): Min: 37895.0, Avg: 37895.1, Max: 37895.1, Diff: 0.1]
   [Code Root Fixup: 0.4 ms]
   [Code Root Migration: 0.1 ms]
   [Clear CT: 1.0 ms]
   [Other: 8.8 ms]
      [Choose CSet: 0.0 ms]
      [Ref Proc: 4.0 ms]
      [Ref Enq: 0.2 ms]
      [Free CSet: 1.7 ms]
   [Eden: 1072.0M(1072.0M)->0.0B(1072.0M) Survivors: 156.0M->156.0M Heap: 5389.3M(24.0G)->4493.3M(24.0G)]
 [Times: user=1.42 sys=0.04, real=0.12 secs] 
2014-04-16T09:38:56.529+0900: 38.817: [GC pause (G1 Evacuation Pause) (young), 0.1180642 secs]
   [Parallel Time: 107.6 ms, GC Workers: 13]
      [GC Worker Start (ms): Min: 38817.2, Avg: 38817.2, Max: 38817.3, Diff: 0.1]
      [Ext Root Scanning (ms): Min: 1.2, Avg: 1.3, Max: 1.8, Diff: 0.6, Sum: 17.5]
      [Update RS (ms): Min: 5.0, Avg: 5.8, Max: 6.8, Diff: 1.8, Sum: 74.8]
         [Processed Buffers: Min: 6, Avg: 15.5, Max: 30, Diff: 24, Sum: 201]
      [Scan RS (ms): Min: 9.0, Avg: 10.0, Max: 10.3, Diff: 1.3, Sum: 129.9]
      [Code Root Scanning (ms): Min: 0.0, Avg: 0.0, Max: 0.0, Diff: 0.0, Sum: 0.1]
      [Object Copy (ms): Min: 89.7, Avg: 89.8, Max: 90.3, Diff: 0.6, Sum: 1168.0]
      [Termination (ms): Min: 0.0, Avg: 0.4, Max: 0.5, Diff: 0.4, Sum: 5.2]
      [GC Worker Other (ms): Min: 0.0, Avg: 0.1, Max: 0.1, Diff: 0.1, Sum: 1.0]
      [GC Worker Total (ms): Min: 107.3, Avg: 107.4, Max: 107.5, Diff: 0.2, Sum: 1396.4]
      [GC Worker End (ms): Min: 38924.6, Avg: 38924.6, Max: 38924.7, Diff: 0.1]
   [Code Root Fixup: 0.4 ms]
   [Code Root Migration: 0.1 ms]
   [Clear CT: 1.0 ms]
   [Other: 9.0 ms]
      [Choose CSet: 0.0 ms]
      [Ref Proc: 4.0 ms]
      [Ref Enq: 0.4 ms]
      [Free CSet: 1.7 ms]
   [Eden: 1072.0M(1072.0M)->0.0B(1072.0M) Survivors: 156.0M->156.0M Heap: 5565.3M(24.0G)->4671.3M(24.0G)]
 [Times: user=1.38 sys=0.05, real=0.12 secs] 
2014-04-16T09:38:57.577+0900: 39.864: [GC pause (G1 Evacuation Pause) (young), 0.1175780 secs]
   [Parallel Time: 107.2 ms, GC Workers: 13]
      [GC Worker Start (ms): Min: 39864.4, Avg: 39864.5, Max: 39864.5, Diff: 0.2]
      [Ext Root Scanning (ms): Min: 0.9, Avg: 1.3, Max: 1.9, Diff: 1.0, Sum: 17.2]
      [Update RS (ms): Min: 5.9, Avg: 7.3, Max: 16.0, Diff: 10.1, Sum: 95.0]
         [Processed Buffers: Min: 0, Avg: 14.8, Max: 25, Diff: 25, Sum: 193]
      [Scan RS (ms): Min: 1.0, Avg: 9.7, Max: 10.6, Diff: 9.6, Sum: 125.5]
      [Code Root Scanning (ms): Min: 0.0, Avg: 0.0, Max: 0.0, Diff: 0.0, Sum: 0.1]
      [Object Copy (ms): Min: 88.2, Avg: 88.4, Max: 88.8, Diff: 0.6, Sum: 1148.7]
      [Termination (ms): Min: 0.0, Avg: 0.3, Max: 0.3, Diff: 0.3, Sum: 3.9]
      [GC Worker Other (ms): Min: 0.0, Avg: 0.1, Max: 0.1, Diff: 0.1, Sum: 0.8]
      [GC Worker Total (ms): Min: 106.9, Avg: 107.0, Max: 107.1, Diff: 0.2, Sum: 1391.3]
      [GC Worker End (ms): Min: 39971.4, Avg: 39971.5, Max: 39971.5, Diff: 0.1]
   [Code Root Fixup: 0.4 ms]
   [Code Root Migration: 0.1 ms]
   [Clear CT: 1.1 ms]
   [Other: 8.9 ms]
      [Choose CSet: 0.0 ms]
      [Ref Proc: 4.0 ms]
      [Ref Enq: 0.3 ms]
      [Free CSet: 1.8 ms]
   [Eden: 1072.0M(1072.0M)->0.0B(1072.0M) Survivors: 156.0M->156.0M Heap: 5743.3M(24.0G)->4855.3M(24.0G)]
 [Times: user=1.37 sys=0.05, real=0.12 secs] 
2014-04-16T09:38:58.596+0900: 40.883: [GC pause (G1 Evacuation Pause) (young), 0.1188835 secs]
   [Parallel Time: 108.0 ms, GC Workers: 13]
      [GC Worker Start (ms): Min: 40884.0, Avg: 40884.0, Max: 40884.1, Diff: 0.1]
      [Ext Root Scanning (ms): Min: 1.0, Avg: 1.4, Max: 1.7, Diff: 0.7, Sum: 17.7]
      [Update RS (ms): Min: 5.1, Avg: 5.9, Max: 6.7, Diff: 1.6, Sum: 76.4]
         [Processed Buffers: Min: 9, Avg: 15.2, Max: 26, Diff: 17, Sum: 198]
      [Scan RS (ms): Min: 9.2, Avg: 10.0, Max: 10.5, Diff: 1.3, Sum: 130.4]
      [Code Root Scanning (ms): Min: 0.0, Avg: 0.0, Max: 0.0, Diff: 0.0, Sum: 0.1]
      [Object Copy (ms): Min: 90.3, Avg: 90.4, Max: 90.8, Diff: 0.5, Sum: 1175.2]
      [Termination (ms): Min: 0.0, Avg: 0.0, Max: 0.0, Diff: 0.0, Sum: 0.0]
      [GC Worker Other (ms): Min: 0.0, Avg: 0.1, Max: 0.2, Diff: 0.1, Sum: 1.1]
      [GC Worker Total (ms): Min: 107.6, Avg: 107.8, Max: 107.9, Diff: 0.2, Sum: 1400.9]
      [GC Worker End (ms): Min: 40991.7, Avg: 40991.8, Max: 40991.8, Diff: 0.1]
   [Code Root Fixup: 0.4 ms]
   [Code Root Migration: 0.1 ms]
   [Clear CT: 1.1 ms]
   [Other: 9.3 ms]
      [Choose CSet: 0.0 ms]
      [Ref Proc: 4.2 ms]
      [Ref Enq: 0.3 ms]
      [Free CSet: 1.7 ms]
   [Eden: 1072.0M(1072.0M)->0.0B(1072.0M) Survivors: 156.0M->156.0M Heap: 5927.3M(24.0G)->5041.3M(24.0G)]
 [Times: user=1.37 sys=0.06, real=0.12 secs] 
2014-04-16T09:38:59.628+0900: 41.915: [GC pause (G1 Evacuation Pause) (young), 0.1160432 secs]
   [Parallel Time: 105.3 ms, GC Workers: 13]
      [GC Worker Start (ms): Min: 41915.4, Avg: 41915.5, Max: 41915.6, Diff: 0.1]
      [Ext Root Scanning (ms): Min: 1.3, Avg: 1.4, Max: 2.0, Diff: 0.7, Sum: 18.2]
      [Update RS (ms): Min: 5.5, Avg: 6.9, Max: 14.3, Diff: 8.8, Sum: 90.2]
         [Processed Buffers: Min: 6, Avg: 16.2, Max: 25, Diff: 19, Sum: 210]
      [Scan RS (ms): Min: 3.2, Avg: 10.5, Max: 11.5, Diff: 8.2, Sum: 136.4]
      [Code Root Scanning (ms): Min: 0.0, Avg: 0.0, Max: 0.0, Diff: 0.0, Sum: 0.1]
      [Object Copy (ms): Min: 86.0, Avg: 86.2, Max: 86.3, Diff: 0.2, Sum: 1120.0]
      [Termination (ms): Min: 0.0, Avg: 0.0, Max: 0.0, Diff: 0.0, Sum: 0.0]
      [GC Worker Other (ms): Min: 0.0, Avg: 0.1, Max: 0.1, Diff: 0.1, Sum: 1.0]
      [GC Worker Total (ms): Min: 105.0, Avg: 105.1, Max: 105.2, Diff: 0.2, Sum: 1366.1]
      [GC Worker End (ms): Min: 42020.5, Avg: 42020.6, Max: 42020.6, Diff: 0.1]
   [Code Root Fixup: 0.4 ms]
   [Code Root Migration: 0.1 ms]
   [Clear CT: 1.1 ms]
   [Other: 9.1 ms]
      [Choose CSet: 0.0 ms]
      [Ref Proc: 4.0 ms]
      [Ref Enq: 0.3 ms]
      [Free CSet: 1.8 ms]
   [Eden: 1072.0M(1072.0M)->0.0B(1072.0M) Survivors: 156.0M->156.0M Heap: 6113.3M(24.0G)->5223.3M(24.0G)]
 [Times: user=1.34 sys=0.05, real=0.12 secs] 
2014-04-16T09:39:00.671+0900: 42.958: [GC pause (G1 Evacuation Pause) (young), 0.1202934 secs]
   [Parallel Time: 108.6 ms, GC Workers: 13]
      [GC Worker Start (ms): Min: 42958.5, Avg: 42958.6, Max: 42958.7, Diff: 0.1]
      [Ext Root Scanning (ms): Min: 0.9, Avg: 1.4, Max: 1.7, Diff: 0.8, Sum: 17.9]
      [Update RS (ms): Min: 6.0, Avg: 8.1, Max: 22.7, Diff: 16.7, Sum: 105.7]
         [Processed Buffers: Min: 7, Avg: 15.9, Max: 37, Diff: 30, Sum: 207]
      [Scan RS (ms): Min: 0.1, Avg: 10.6, Max: 12.4, Diff: 12.3, Sum: 138.0]
      [Code Root Scanning (ms): Min: 0.0, Avg: 0.0, Max: 0.0, Diff: 0.0, Sum: 0.1]
      [Object Copy (ms): Min: 83.7, Avg: 87.8, Max: 88.5, Diff: 4.8, Sum: 1141.3]
      [Termination (ms): Min: 0.1, Avg: 0.4, Max: 0.5, Diff: 0.4, Sum: 5.7]
      [GC Worker Other (ms): Min: 0.0, Avg: 0.0, Max: 0.1, Diff: 0.1, Sum: 0.6]
      [GC Worker Total (ms): Min: 108.3, Avg: 108.4, Max: 108.5, Diff: 0.2, Sum: 1409.3]
      [GC Worker End (ms): Min: 43067.0, Avg: 43067.0, Max: 43067.1, Diff: 0.1]
   [Code Root Fixup: 0.4 ms]
   [Code Root Migration: 0.1 ms]
   [Clear CT: 1.2 ms]
   [Other: 10.0 ms]
      [Choose CSet: 0.0 ms]
      [Ref Proc: 4.4 ms]
      [Ref Enq: 0.3 ms]
      [Free CSet: 1.6 ms]
   [Eden: 1072.0M(1072.0M)->0.0B(1072.0M) Survivors: 156.0M->156.0M Heap: 6295.3M(24.0G)->5407.3M(24.0G)]
 [Times: user=1.40 sys=0.06, real=0.12 secs] 
2014-04-16T09:39:01.708+0900: 43.995: [GC pause (G1 Evacuation Pause) (young), 0.1170227 secs]
   [Parallel Time: 105.6 ms, GC Workers: 13]
      [GC Worker Start (ms): Min: 43995.5, Avg: 43995.6, Max: 43995.7, Diff: 0.1]
      [Ext Root Scanning (ms): Min: 1.0, Avg: 1.4, Max: 1.7, Diff: 0.7, Sum: 17.7]
      [Update RS (ms): Min: 5.1, Avg: 5.8, Max: 6.5, Diff: 1.4, Sum: 75.5]
         [Processed Buffers: Min: 5, Avg: 15.1, Max: 32, Diff: 27, Sum: 196]
      [Scan RS (ms): Min: 10.0, Avg: 10.6, Max: 10.9, Diff: 0.9, Sum: 137.7]
      [Code Root Scanning (ms): Min: 0.0, Avg: 0.0, Max: 0.0, Diff: 0.0, Sum: 0.1]
      [Object Copy (ms): Min: 87.4, Avg: 87.5, Max: 87.9, Diff: 0.5, Sum: 1137.3]
      [Termination (ms): Min: 0.0, Avg: 0.1, Max: 0.1, Diff: 0.1, Sum: 1.3]
      [GC Worker Other (ms): Min: 0.0, Avg: 0.1, Max: 0.1, Diff: 0.1, Sum: 0.9]
      [GC Worker Total (ms): Min: 105.3, Avg: 105.4, Max: 105.5, Diff: 0.2, Sum: 1370.5]
      [GC Worker End (ms): Min: 44101.0, Avg: 44101.0, Max: 44101.1, Diff: 0.1]
   [Code Root Fixup: 0.4 ms]
   [Code Root Migration: 0.1 ms]
   [Clear CT: 1.2 ms]
   [Other: 9.8 ms]
      [Choose CSet: 0.0 ms]
      [Ref Proc: 4.1 ms]
      [Ref Enq: 0.3 ms]
      [Free CSet: 1.6 ms]
   [Eden: 1072.0M(1072.0M)->0.0B(1072.0M) Survivors: 156.0M->156.0M Heap: 6479.3M(24.0G)->5589.3M(24.0G)]
 [Times: user=1.36 sys=0.06, real=0.12 secs] 
2014-04-16T09:39:02.731+0900: 45.018: [GC pause (G1 Evacuation Pause) (young), 0.1176970 secs]
   [Parallel Time: 106.1 ms, GC Workers: 13]
      [GC Worker Start (ms): Min: 45019.0, Avg: 45019.1, Max: 45019.2, Diff: 0.1]
      [Ext Root Scanning (ms): Min: 1.3, Avg: 1.4, Max: 2.0, Diff: 0.7, Sum: 18.5]
      [Update RS (ms): Min: 5.9, Avg: 6.2, Max: 6.9, Diff: 1.0, Sum: 80.4]
         [Processed Buffers: Min: 5, Avg: 15.2, Max: 22, Diff: 17, Sum: 198]
      [Scan RS (ms): Min: 10.2, Avg: 10.8, Max: 11.1, Diff: 0.9, Sum: 139.9]
      [Code Root Scanning (ms): Min: 0.0, Avg: 0.0, Max: 0.0, Diff: 0.0, Sum: 0.1]
      [Object Copy (ms): Min: 87.1, Avg: 87.2, Max: 87.4, Diff: 0.3, Sum: 1133.9]
      [Termination (ms): Min: 0.0, Avg: 0.2, Max: 0.3, Diff: 0.3, Sum: 3.2]
      [GC Worker Other (ms): Min: 0.0, Avg: 0.0, Max: 0.1, Diff: 0.1, Sum: 0.6]
      [GC Worker Total (ms): Min: 105.8, Avg: 105.9, Max: 105.9, Diff: 0.1, Sum: 1376.4]
      [GC Worker End (ms): Min: 45124.9, Avg: 45125.0, Max: 45125.0, Diff: 0.1]
   [Code Root Fixup: 0.4 ms]
   [Code Root Migration: 0.1 ms]
   [Clear CT: 1.3 ms]
   [Other: 9.8 ms]
      [Choose CSet: 0.0 ms]
      [Ref Proc: 4.0 ms]
      [Ref Enq: 0.3 ms]
      [Free CSet: 1.6 ms]
   [Eden: 1072.0M(1072.0M)->0.0B(1072.0M) Survivors: 156.0M->156.0M Heap: 6661.3M(24.0G)->5767.3M(24.0G)]
 [Times: user=1.35 sys=0.06, real=0.11 secs] 
2014-04-16T09:39:03.740+0900: 46.027: [GC pause (G1 Evacuation Pause) (young), 0.1150894 secs]
   [Parallel Time: 103.6 ms, GC Workers: 13]
      [GC Worker Start (ms): Min: 46028.1, Avg: 46028.1, Max: 46028.2, Diff: 0.1]
      [Ext Root Scanning (ms): Min: 0.9, Avg: 1.4, Max: 2.1, Diff: 1.2, Sum: 18.7]
      [Update RS (ms): Min: 5.2, Avg: 6.0, Max: 6.6, Diff: 1.4, Sum: 78.2]
         [Processed Buffers: Min: 4, Avg: 15.8, Max: 27, Diff: 23, Sum: 205]
      [Scan RS (ms): Min: 10.2, Avg: 10.7, Max: 11.2, Diff: 1.0, Sum: 139.5]
      [Code Root Scanning (ms): Min: 0.0, Avg: 0.0, Max: 0.0, Diff: 0.0, Sum: 0.1]
      [Object Copy (ms): Min: 84.6, Avg: 84.7, Max: 85.1, Diff: 0.5, Sum: 1101.7]
      [Termination (ms): Min: 0.0, Avg: 0.4, Max: 0.5, Diff: 0.5, Sum: 5.3]
      [GC Worker Other (ms): Min: 0.0, Avg: 0.1, Max: 0.1, Diff: 0.1, Sum: 1.0]
      [GC Worker Total (ms): Min: 103.3, Avg: 103.4, Max: 103.5, Diff: 0.2, Sum: 1344.5]
      [GC Worker End (ms): Min: 46131.5, Avg: 46131.5, Max: 46131.6, Diff: 0.1]
   [Code Root Fixup: 0.4 ms]
   [Code Root Migration: 0.1 ms]
   [Clear CT: 1.3 ms]
   [Other: 9.7 ms]
      [Choose CSet: 0.0 ms]
      [Ref Proc: 3.9 ms]
      [Ref Enq: 0.3 ms]
      [Free CSet: 1.6 ms]
   [Eden: 1072.0M(1072.0M)->0.0B(1072.0M) Survivors: 156.0M->156.0M Heap: 6839.3M(24.0G)->5947.3M(24.0G)]
 [Times: user=1.33 sys=0.05, real=0.12 secs] 
2014-04-16T09:39:04.825+0900: 47.112: [GC pause (G1 Evacuation Pause) (young), 0.1662552 secs]
   [Parallel Time: 154.3 ms, GC Workers: 13]
      [GC Worker Start (ms): Min: 47112.6, Avg: 47112.7, Max: 47112.7, Diff: 0.1]
      [Ext Root Scanning (ms): Min: 1.0, Avg: 1.5, Max: 2.0, Diff: 1.0, Sum: 19.6]
      [Update RS (ms): Min: 7.6, Avg: 8.3, Max: 9.4, Diff: 1.8, Sum: 107.3]
         [Processed Buffers: Min: 7, Avg: 17.7, Max: 27, Diff: 20, Sum: 230]
      [Scan RS (ms): Min: 17.1, Avg: 18.2, Max: 18.9, Diff: 1.8, Sum: 236.1]
      [Code Root Scanning (ms): Min: 0.0, Avg: 0.0, Max: 0.0, Diff: 0.0, Sum: 0.1]
      [Object Copy (ms): Min: 125.5, Avg: 125.7, Max: 126.0, Diff: 0.5, Sum: 1634.1]
      [Termination (ms): Min: 0.1, Avg: 0.4, Max: 0.4, Diff: 0.3, Sum: 4.7]
      [GC Worker Other (ms): Min: 0.0, Avg: 0.0, Max: 0.1, Diff: 0.1, Sum: 0.5]
      [GC Worker Total (ms): Min: 153.9, Avg: 154.0, Max: 154.1, Diff: 0.2, Sum: 2002.4]
      [GC Worker End (ms): Min: 47266.7, Avg: 47266.7, Max: 47266.7, Diff: 0.1]
   [Code Root Fixup: 0.5 ms]
   [Code Root Migration: 0.1 ms]
   [Clear CT: 1.3 ms]
   [Other: 10.1 ms]
      [Choose CSet: 0.0 ms]
      [Ref Proc: 4.0 ms]
      [Ref Enq: 0.4 ms]
      [Free CSet: 1.6 ms]
   [Eden: 1072.0M(1072.0M)->0.0B(1072.0M) Survivors: 156.0M->156.0M Heap: 7027.3M(24.0G)->6141.3M(24.0G)]
 [Times: user=1.98 sys=0.05, real=0.17 secs] 
2014-04-16T09:39:05.954+0900: 48.242: [GC pause (G1 Evacuation Pause) (young), 0.1919378 secs]
   [Parallel Time: 180.2 ms, GC Workers: 13]
      [GC Worker Start (ms): Min: 48242.4, Avg: 48242.5, Max: 48242.5, Diff: 0.1]
      [Ext Root Scanning (ms): Min: 1.4, Avg: 1.5, Max: 1.7, Diff: 0.4, Sum: 19.2]
      [Update RS (ms): Min: 7.2, Avg: 7.5, Max: 8.4, Diff: 1.2, Sum: 96.9]
         [Processed Buffers: Min: 4, Avg: 17.6, Max: 30, Diff: 26, Sum: 229]
      [Scan RS (ms): Min: 28.5, Avg: 29.4, Max: 29.7, Diff: 1.2, Sum: 382.7]
      [Code Root Scanning (ms): Min: 0.0, Avg: 0.0, Max: 0.0, Diff: 0.0, Sum: 0.1]
      [Object Copy (ms): Min: 140.8, Avg: 140.9, Max: 141.6, Diff: 0.9, Sum: 1832.2]
      [Termination (ms): Min: 0.0, Avg: 0.6, Max: 0.9, Diff: 0.9, Sum: 8.3]
      [GC Worker Other (ms): Min: 0.0, Avg: 0.1, Max: 0.1, Diff: 0.1, Sum: 0.9]
      [GC Worker Total (ms): Min: 180.0, Avg: 180.0, Max: 180.1, Diff: 0.1, Sum: 2340.4]
      [GC Worker End (ms): Min: 48422.5, Avg: 48422.5, Max: 48422.6, Diff: 0.1]
   [Code Root Fixup: 0.5 ms]
   [Code Root Migration: 0.1 ms]
   [Clear CT: 1.3 ms]
   [Other: 9.9 ms]
      [Choose CSet: 0.0 ms]
      [Ref Proc: 4.1 ms]
      [Ref Enq: 0.3 ms]
      [Free CSet: 1.6 ms]
   [Eden: 1072.0M(1072.0M)->0.0B(1072.0M) Survivors: 156.0M->156.0M Heap: 7221.3M(24.0G)->6337.3M(24.0G)]
 [Times: user=2.29 sys=0.08, real=0.19 secs] 
2014-04-16T09:39:07.071+0900: 49.358: [GC pause (G1 Evacuation Pause) (young), 0.1353926 secs]
   [Parallel Time: 124.2 ms, GC Workers: 13]
      [GC Worker Start (ms): Min: 49358.7, Avg: 49358.8, Max: 49358.8, Diff: 0.1]
      [Ext Root Scanning (ms): Min: 1.4, Avg: 1.5, Max: 2.0, Diff: 0.7, Sum: 19.4]
      [Update RS (ms): Min: 5.3, Avg: 6.0, Max: 6.9, Diff: 1.6, Sum: 77.5]
         [Processed Buffers: Min: 8, Avg: 15.3, Max: 30, Diff: 22, Sum: 199]
      [Scan RS (ms): Min: 15.3, Avg: 16.2, Max: 16.6, Diff: 1.3, Sum: 210.3]
      [Code Root Scanning (ms): Min: 0.0, Avg: 0.0, Max: 0.0, Diff: 0.0, Sum: 0.1]
      [Object Copy (ms): Min: 99.8, Avg: 100.0, Max: 100.2, Diff: 0.4, Sum: 1299.9]
      [Termination (ms): Min: 0.0, Avg: 0.3, Max: 0.3, Diff: 0.3, Sum: 3.3]
      [GC Worker Other (ms): Min: 0.0, Avg: 0.0, Max: 0.1, Diff: 0.1, Sum: 0.6]
      [GC Worker Total (ms): Min: 123.8, Avg: 123.9, Max: 124.0, Diff: 0.2, Sum: 1611.1]
      [GC Worker End (ms): Min: 49482.7, Avg: 49482.7, Max: 49482.7, Diff: 0.1]
   [Code Root Fixup: 0.4 ms]
   [Code Root Migration: 0.1 ms]
   [Clear CT: 1.3 ms]
   [Other: 9.4 ms]
      [Choose CSet: 0.0 ms]
      [Ref Proc: 4.2 ms]
      [Ref Enq: 0.3 ms]
      [Free CSet: 1.5 ms]
   [Eden: 1072.0M(1072.0M)->0.0B(1072.0M) Survivors: 156.0M->156.0M Heap: 7409.3M(24.0G)->6517.3M(24.0G)]
 [Times: user=1.59 sys=0.05, real=0.14 secs] 
2014-04-16T09:39:08.176+0900: 50.463: [GC pause (G1 Evacuation Pause) (young), 0.1142086 secs]
   [Parallel Time: 103.1 ms, GC Workers: 13]
      [GC Worker Start (ms): Min: 50464.2, Avg: 50464.2, Max: 50464.3, Diff: 0.2]
      [Ext Root Scanning (ms): Min: 1.4, Avg: 1.5, Max: 1.8, Diff: 0.4, Sum: 19.9]
      [Update RS (ms): Min: 5.7, Avg: 6.6, Max: 9.0, Diff: 3.3, Sum: 85.7]
         [Processed Buffers: Min: 3, Avg: 14.5, Max: 45, Diff: 42, Sum: 188]
      [Scan RS (ms): Min: 5.8, Avg: 8.5, Max: 9.5, Diff: 3.7, Sum: 110.3]
      [Code Root Scanning (ms): Min: 0.0, Avg: 0.0, Max: 0.0, Diff: 0.0, Sum: 0.1]
      [Object Copy (ms): Min: 86.2, Avg: 86.2, Max: 86.3, Diff: 0.1, Sum: 1121.1]
      [Termination (ms): Min: 0.0, Avg: 0.0, Max: 0.0, Diff: 0.0, Sum: 0.0]
      [GC Worker Other (ms): Min: 0.0, Avg: 0.1, Max: 0.1, Diff: 0.1, Sum: 1.0]
      [GC Worker Total (ms): Min: 102.8, Avg: 102.9, Max: 103.0, Diff: 0.2, Sum: 1338.0]
      [GC Worker End (ms): Min: 50567.1, Avg: 50567.2, Max: 50567.2, Diff: 0.1]
   [Code Root Fixup: 0.3 ms]
   [Code Root Migration: 0.1 ms]
   [Clear CT: 1.5 ms]
   [Other: 9.3 ms]
      [Choose CSet: 0.0 ms]
      [Ref Proc: 4.0 ms]
      [Ref Enq: 0.3 ms]
      [Free CSet: 1.6 ms]
   [Eden: 1072.0M(1072.0M)->0.0B(1072.0M) Survivors: 156.0M->156.0M Heap: 7589.3M(24.0G)->6697.3M(24.0G)]
 [Times: user=1.32 sys=0.05, real=0.11 secs] 
2014-04-16T09:39:09.196+0900: 51.484: [GC pause (G1 Evacuation Pause) (young), 0.1162592 secs]
   [Parallel Time: 105.2 ms, GC Workers: 13]
      [GC Worker Start (ms): Min: 51484.3, Avg: 51484.4, Max: 51484.4, Diff: 0.1]
      [Ext Root Scanning (ms): Min: 1.4, Avg: 1.5, Max: 2.1, Diff: 0.7, Sum: 20.0]
      [Update RS (ms): Min: 5.6, Avg: 6.0, Max: 6.8, Diff: 1.2, Sum: 78.5]
         [Processed Buffers: Min: 11, Avg: 15.5, Max: 23, Diff: 12, Sum: 201]
      [Scan RS (ms): Min: 7.9, Avg: 8.6, Max: 9.2, Diff: 1.3, Sum: 111.9]
      [Code Root Scanning (ms): Min: 0.0, Avg: 0.0, Max: 0.0, Diff: 0.0, Sum: 0.1]
      [Object Copy (ms): Min: 88.6, Avg: 88.8, Max: 88.9, Diff: 0.3, Sum: 1153.9]
      [Termination (ms): Min: 0.0, Avg: 0.0, Max: 0.0, Diff: 0.0, Sum: 0.0]
      [GC Worker Other (ms): Min: 0.0, Avg: 0.1, Max: 0.1, Diff: 0.1, Sum: 1.0]
      [GC Worker Total (ms): Min: 105.0, Avg: 105.0, Max: 105.1, Diff: 0.1, Sum: 1365.3]
      [GC Worker End (ms): Min: 51589.3, Avg: 51589.4, Max: 51589.4, Diff: 0.1]
   [Code Root Fixup: 0.4 ms]
   [Code Root Migration: 0.1 ms]
   [Clear CT: 1.5 ms]
   [Other: 9.0 ms]
      [Choose CSet: 0.0 ms]
      [Ref Proc: 4.0 ms]
      [Ref Enq: 0.3 ms]
      [Free CSet: 1.6 ms]
   [Eden: 1072.0M(1072.0M)->0.0B(1072.0M) Survivors: 156.0M->156.0M Heap: 7769.3M(24.0G)->6875.3M(24.0G)]
 [Times: user=1.36 sys=0.05, real=0.12 secs] 
2014-04-16T09:39:10.257+0900: 52.545: [GC pause (G1 Evacuation Pause) (young), 0.1159834 secs]
   [Parallel Time: 104.7 ms, GC Workers: 13]
      [GC Worker Start (ms): Min: 52545.4, Avg: 52545.5, Max: 52545.5, Diff: 0.1]
      [Ext Root Scanning (ms): Min: 1.1, Avg: 1.5, Max: 2.1, Diff: 1.0, Sum: 19.7]
      [Update RS (ms): Min: 4.5, Avg: 5.7, Max: 6.9, Diff: 2.3, Sum: 74.0]
         [Processed Buffers: Min: 7, Avg: 14.5, Max: 32, Diff: 25, Sum: 189]
      [Scan RS (ms): Min: 7.8, Avg: 9.0, Max: 9.7, Diff: 1.8, Sum: 116.8]
      [Code Root Scanning (ms): Min: 0.0, Avg: 0.0, Max: 0.0, Diff: 0.0, Sum: 0.1]
      [Object Copy (ms): Min: 88.1, Avg: 88.1, Max: 88.6, Diff: 0.5, Sum: 1145.9]
      [Termination (ms): Min: 0.0, Avg: 0.1, Max: 0.1, Diff: 0.1, Sum: 0.8]
      [GC Worker Other (ms): Min: 0.0, Avg: 0.1, Max: 0.1, Diff: 0.1, Sum: 0.7]
      [GC Worker Total (ms): Min: 104.4, Avg: 104.5, Max: 104.5, Diff: 0.2, Sum: 1358.0]
      [GC Worker End (ms): Min: 52649.9, Avg: 52649.9, Max: 52650.0, Diff: 0.1]
   [Code Root Fixup: 0.4 ms]
   [Code Root Migration: 0.1 ms]
   [Clear CT: 1.5 ms]
   [Other: 9.3 ms]
      [Choose CSet: 0.0 ms]
      [Ref Proc: 4.2 ms]
      [Ref Enq: 0.3 ms]
      [Free CSet: 1.6 ms]
   [Eden: 1072.0M(1072.0M)->0.0B(1072.0M) Survivors: 156.0M->156.0M Heap: 7947.3M(24.0G)->7063.3M(24.0G)]
 [Times: user=1.35 sys=0.06, real=0.12 secs] 
2014-04-16T09:39:11.273+0900: 53.561: [GC pause (G1 Evacuation Pause) (young), 0.1144999 secs]
   [Parallel Time: 103.2 ms, GC Workers: 13]
      [GC Worker Start (ms): Min: 53561.2, Avg: 53561.3, Max: 53561.4, Diff: 0.1]
      [Ext Root Scanning (ms): Min: 1.1, Avg: 1.5, Max: 2.0, Diff: 1.0, Sum: 19.7]
      [Update RS (ms): Min: 5.0, Avg: 5.9, Max: 7.1, Diff: 2.2, Sum: 76.1]
         [Processed Buffers: Min: 3, Avg: 15.6, Max: 31, Diff: 28, Sum: 203]
      [Scan RS (ms): Min: 7.7, Avg: 9.0, Max: 9.5, Diff: 1.7, Sum: 116.9]
      [Code Root Scanning (ms): Min: 0.0, Avg: 0.0, Max: 0.0, Diff: 0.0, Sum: 0.1]
      [Object Copy (ms): Min: 86.3, Avg: 86.5, Max: 87.0, Diff: 0.7, Sum: 1124.6]
      [Termination (ms): Min: 0.0, Avg: 0.1, Max: 0.2, Diff: 0.2, Sum: 1.9]
      [GC Worker Other (ms): Min: 0.0, Avg: 0.1, Max: 0.1, Diff: 0.1, Sum: 0.8]
      [GC Worker Total (ms): Min: 103.0, Avg: 103.1, Max: 103.2, Diff: 0.2, Sum: 1340.0]
      [GC Worker End (ms): Min: 53664.3, Avg: 53664.4, Max: 53664.4, Diff: 0.1]
   [Code Root Fixup: 0.5 ms]
   [Code Root Migration: 0.1 ms]
   [Clear CT: 1.5 ms]
   [Other: 9.2 ms]
      [Choose CSet: 0.0 ms]
      [Ref Proc: 4.2 ms]
      [Ref Enq: 0.3 ms]
      [Free CSet: 1.6 ms]
   [Eden: 1072.0M(1072.0M)->0.0B(1072.0M) Survivors: 156.0M->156.0M Heap: 8135.3M(24.0G)->7243.3M(24.0G)]
 [Times: user=1.32 sys=0.06, real=0.11 secs] 
2014-04-16T09:39:12.289+0900: 54.576: [GC pause (G1 Evacuation Pause) (young), 0.1172125 secs]
   [Parallel Time: 106.0 ms, GC Workers: 13]
      [GC Worker Start (ms): Min: 54576.7, Avg: 54576.8, Max: 54576.9, Diff: 0.2]
      [Ext Root Scanning (ms): Min: 1.0, Avg: 1.4, Max: 1.7, Diff: 0.7, Sum: 18.5]
      [Update RS (ms): Min: 6.5, Avg: 6.9, Max: 7.7, Diff: 1.2, Sum: 89.7]
         [Processed Buffers: Min: 7, Avg: 15.6, Max: 31, Diff: 24, Sum: 203]
      [Scan RS (ms): Min: 7.1, Avg: 7.9, Max: 8.4, Diff: 1.3, Sum: 102.9]
      [Code Root Scanning (ms): Min: 0.0, Avg: 0.0, Max: 0.0, Diff: 0.0, Sum: 0.1]
      [Object Copy (ms): Min: 89.2, Avg: 89.4, Max: 89.8, Diff: 0.6, Sum: 1161.9]
      [Termination (ms): Min: 0.0, Avg: 0.2, Max: 0.2, Diff: 0.2, Sum: 2.3]
      [GC Worker Other (ms): Min: 0.0, Avg: 0.1, Max: 0.1, Diff: 0.1, Sum: 0.9]
      [GC Worker Total (ms): Min: 105.8, Avg: 105.9, Max: 106.0, Diff: 0.2, Sum: 1376.4]
      [GC Worker End (ms): Min: 54682.6, Avg: 54682.7, Max: 54682.7, Diff: 0.1]
   [Code Root Fixup: 0.4 ms]
   [Code Root Migration: 0.1 ms]
   [Clear CT: 1.6 ms]
   [Other: 9.1 ms]
      [Choose CSet: 0.0 ms]
      [Ref Proc: 4.2 ms]
      [Ref Enq: 0.3 ms]
      [Free CSet: 1.6 ms]
   [Eden: 1072.0M(1072.0M)->0.0B(1072.0M) Survivors: 156.0M->156.0M Heap: 8315.3M(24.0G)->7427.3M(24.0G)]
 [Times: user=1.36 sys=0.06, real=0.12 secs] 
2014-04-16T09:39:13.318+0900: 55.605: [GC pause (G1 Evacuation Pause) (young), 0.1228602 secs]
   [Parallel Time: 111.8 ms, GC Workers: 13]
      [GC Worker Start (ms): Min: 55605.7, Avg: 55605.8, Max: 55605.9, Diff: 0.1]
      [Ext Root Scanning (ms): Min: 1.0, Avg: 1.5, Max: 1.7, Diff: 0.7, Sum: 19.3]
      [Update RS (ms): Min: 5.9, Avg: 6.3, Max: 7.0, Diff: 1.1, Sum: 82.2]
         [Processed Buffers: Min: 4, Avg: 15.5, Max: 30, Diff: 26, Sum: 201]
      [Scan RS (ms): Min: 7.6, Avg: 8.2, Max: 8.7, Diff: 1.0, Sum: 107.0]
      [Code Root Scanning (ms): Min: 0.0, Avg: 0.0, Max: 0.0, Diff: 0.0, Sum: 0.1]
      [Object Copy (ms): Min: 95.1, Avg: 95.3, Max: 95.8, Diff: 0.6, Sum: 1239.1]
      [Termination (ms): Min: 0.0, Avg: 0.1, Max: 0.1, Diff: 0.1, Sum: 1.3]
      [GC Worker Other (ms): Min: 0.0, Avg: 0.1, Max: 0.2, Diff: 0.1, Sum: 1.1]
      [GC Worker Total (ms): Min: 111.4, Avg: 111.5, Max: 111.7, Diff: 0.2, Sum: 1450.0]
      [GC Worker End (ms): Min: 55717.3, Avg: 55717.3, Max: 55717.4, Diff: 0.1]
   [Code Root Fixup: 0.4 ms]
   [Code Root Migration: 0.1 ms]
   [Clear CT: 1.5 ms]
   [Other: 9.1 ms]
      [Choose CSet: 0.0 ms]
      [Ref Proc: 4.2 ms]
      [Ref Enq: 0.4 ms]
      [Free CSet: 1.6 ms]
   [Eden: 1072.0M(1072.0M)->0.0B(1072.0M) Survivors: 156.0M->156.0M Heap: 8499.3M(24.0G)->7613.3M(24.0G)]
 [Times: user=1.42 sys=0.06, real=0.12 secs] 
2014-04-16T09:39:14.354+0900: 56.641: [GC pause (G1 Evacuation Pause) (young) (initial-mark), 0.1190847 secs]
   [Parallel Time: 106.7 ms, GC Workers: 13]
      [GC Worker Start (ms): Min: 56642.6, Avg: 56642.6, Max: 56642.7, Diff: 0.2]
      [Ext Root Scanning (ms): Min: 1.2, Avg: 1.4, Max: 2.8, Diff: 1.6, Sum: 18.6]
      [Code Root Marking (ms): Min: 0.1, Avg: 1.2, Max: 5.9, Diff: 5.8, Sum: 15.6]
      [Update RS (ms): Min: 0.9, Avg: 5.8, Max: 7.9, Diff: 7.0, Sum: 75.9]
         [Processed Buffers: Min: 3, Avg: 15.8, Max: 24, Diff: 21, Sum: 206]
      [Scan RS (ms): Min: 7.5, Avg: 8.5, Max: 9.2, Diff: 1.7, Sum: 110.8]
      [Code Root Scanning (ms): Min: 0.0, Avg: 0.0, Max: 0.0, Diff: 0.0, Sum: 0.1]
      [Object Copy (ms): Min: 89.2, Avg: 89.3, Max: 89.6, Diff: 0.4, Sum: 1161.3]
      [Termination (ms): Min: 0.0, Avg: 0.0, Max: 0.0, Diff: 0.0, Sum: 0.0]
      [GC Worker Other (ms): Min: 0.0, Avg: 0.1, Max: 0.1, Diff: 0.1, Sum: 1.1]
      [GC Worker Total (ms): Min: 106.3, Avg: 106.4, Max: 106.5, Diff: 0.2, Sum: 1383.4]
      [GC Worker End (ms): Min: 56749.0, Avg: 56749.0, Max: 56749.1, Diff: 0.1]
   [Code Root Fixup: 0.4 ms]
   [Code Root Migration: 0.1 ms]
   [Clear CT: 1.6 ms]
   [Other: 10.4 ms]
      [Choose CSet: 0.0 ms]
      [Ref Proc: 4.3 ms]
      [Ref Enq: 0.3 ms]
      [Free CSet: 1.6 ms]
   [Eden: 1072.0M(1072.0M)->0.0B(1072.0M) Survivors: 156.0M->156.0M Heap: 8685.3M(24.0G)->7801.3M(24.0G)]
 [Times: user=1.37 sys=0.05, real=0.12 secs] 
2014-04-16T09:39:14.473+0900: 56.761: [GC concurrent-root-region-scan-start]
2014-04-16T09:39:14.506+0900: 56.793: [GC concurrent-root-region-scan-end, 0.0324253 secs]
2014-04-16T09:39:14.506+0900: 56.793: [GC concurrent-mark-start]
2014-04-16T09:39:15.645+0900: 57.933: [GC concurrent-mark-end, 1.1393906 secs]
2014-04-16T09:39:15.647+0900: 57.934: [GC remark 57.982: [GC ref-proc, 0.0068819 secs], 0.0774649 secs]
 [Times: user=0.86 sys=0.01, real=0.08 secs] 
2014-04-16T09:39:15.726+0900: 58.013: [GC cleanup 8825M->8813M(24G), 0.0165482 secs]
 [Times: user=0.20 sys=0.00, real=0.02 secs] 
2014-04-16T09:39:15.743+0900: 58.030: [GC concurrent-cleanup-start]
2014-04-16T09:39:15.743+0900: 58.030: [GC concurrent-cleanup-end, 0.0000604 secs]
2014-04-16T09:39:15.780+0900: 58.068: [GC pause (G1 Evacuation Pause) (young), 0.1132216 secs]
   [Parallel Time: 101.7 ms, GC Workers: 13]
      [GC Worker Start (ms): Min: 58068.2, Avg: 58068.2, Max: 58068.3, Diff: 0.1]
      [Ext Root Scanning (ms): Min: 1.3, Avg: 1.4, Max: 1.7, Diff: 0.4, Sum: 18.8]
      [Update RS (ms): Min: 4.8, Avg: 5.4, Max: 5.7, Diff: 0.9, Sum: 70.4]
         [Processed Buffers: Min: 8, Avg: 15.1, Max: 22, Diff: 14, Sum: 196]
      [Scan RS (ms): Min: 10.0, Avg: 10.3, Max: 10.5, Diff: 0.5, Sum: 133.5]
      [Code Root Scanning (ms): Min: 0.0, Avg: 0.0, Max: 0.0, Diff: 0.0, Sum: 0.1]
      [Object Copy (ms): Min: 84.1, Avg: 84.2, Max: 84.3, Diff: 0.3, Sum: 1094.7]
      [Termination (ms): Min: 0.0, Avg: 0.0, Max: 0.0, Diff: 0.0, Sum: 0.0]
      [GC Worker Other (ms): Min: 0.0, Avg: 0.1, Max: 0.2, Diff: 0.1, Sum: 1.1]
      [GC Worker Total (ms): Min: 101.4, Avg: 101.4, Max: 101.5, Diff: 0.2, Sum: 1318.7]
      [GC Worker End (ms): Min: 58169.6, Avg: 58169.7, Max: 58169.7, Diff: 0.1]
   [Code Root Fixup: 0.4 ms]
   [Code Root Migration: 0.1 ms]
   [Clear CT: 1.7 ms]
   [Other: 9.3 ms]
      [Choose CSet: 0.0 ms]
      [Ref Proc: 4.1 ms]
      [Ref Enq: 0.4 ms]
      [Free CSet: 1.8 ms]
   [Eden: 1072.0M(1072.0M)->0.0B(1072.0M) Survivors: 156.0M->156.0M Heap: 8861.3M(24.0G)->7961.3M(24.0G)]
 [Times: user=1.32 sys=0.05, real=0.12 secs] 
2014-04-16T09:39:16.827+0900: 59.115: [GC pause (G1 Evacuation Pause) (mixed), 0.1263250 secs]
   [Parallel Time: 111.8 ms, GC Workers: 13]
      [GC Worker Start (ms): Min: 59115.4, Avg: 59115.4, Max: 59115.5, Diff: 0.1]
      [Ext Root Scanning (ms): Min: 1.3, Avg: 1.5, Max: 2.0, Diff: 0.6, Sum: 18.9]
      [Update RS (ms): Min: 6.0, Avg: 6.3, Max: 6.9, Diff: 0.9, Sum: 82.1]
         [Processed Buffers: Min: 5, Avg: 15.0, Max: 27, Diff: 22, Sum: 195]
      [Scan RS (ms): Min: 13.0, Avg: 13.5, Max: 13.9, Diff: 0.9, Sum: 175.2]
      [Code Root Scanning (ms): Min: 0.0, Avg: 0.0, Max: 0.0, Diff: 0.0, Sum: 0.1]
      [Object Copy (ms): Min: 90.3, Avg: 90.3, Max: 90.4, Diff: 0.1, Sum: 1173.9]
      [Termination (ms): Min: 0.0, Avg: 0.0, Max: 0.0, Diff: 0.0, Sum: 0.0]
      [GC Worker Other (ms): Min: 0.0, Avg: 0.1, Max: 0.1, Diff: 0.1, Sum: 1.0]
      [GC Worker Total (ms): Min: 111.6, Avg: 111.6, Max: 111.7, Diff: 0.2, Sum: 1451.3]
      [GC Worker End (ms): Min: 59227.0, Avg: 59227.1, Max: 59227.1, Diff: 0.1]
   [Code Root Fixup: 0.4 ms]
   [Code Root Migration: 0.1 ms]
   [Clear CT: 2.1 ms]
   [Other: 11.9 ms]
      [Choose CSet: 0.3 ms]
      [Ref Proc: 4.8 ms]
      [Ref Enq: 0.3 ms]
      [Free CSet: 2.9 ms]
   [Eden: 1072.0M(1072.0M)->0.0B(1072.0M) Survivors: 156.0M->156.0M Heap: 9033.3M(24.0G)->7661.3M(24.0G)]
 [Times: user=1.44 sys=0.06, real=0.13 secs] 
2014-04-16T09:39:17.856+0900: 60.143: [GC pause (G1 Evacuation Pause) (mixed), 0.1163013 secs]
   [Parallel Time: 104.1 ms, GC Workers: 13]
      [GC Worker Start (ms): Min: 60144.0, Avg: 60144.0, Max: 60144.1, Diff: 0.1]
      [Ext Root Scanning (ms): Min: 1.4, Avg: 1.5, Max: 1.9, Diff: 0.4, Sum: 19.6]
      [Update RS (ms): Min: 5.8, Avg: 6.4, Max: 7.9, Diff: 2.1, Sum: 83.3]
         [Processed Buffers: Min: 9, Avg: 15.9, Max: 27, Diff: 18, Sum: 207]
      [Scan RS (ms): Min: 8.9, Avg: 10.4, Max: 10.8, Diff: 1.9, Sum: 134.7]
      [Code Root Scanning (ms): Min: 0.0, Avg: 0.0, Max: 0.0, Diff: 0.0, Sum: 0.1]
      [Object Copy (ms): Min: 85.3, Avg: 85.5, Max: 85.6, Diff: 0.3, Sum: 1111.1]
      [Termination (ms): Min: 0.0, Avg: 0.0, Max: 0.0, Diff: 0.0, Sum: 0.0]
      [GC Worker Other (ms): Min: 0.0, Avg: 0.1, Max: 0.1, Diff: 0.1, Sum: 1.0]
      [GC Worker Total (ms): Min: 103.8, Avg: 103.8, Max: 103.9, Diff: 0.2, Sum: 1350.0]
      [GC Worker End (ms): Min: 60247.8, Avg: 60247.9, Max: 60247.9, Diff: 0.1]
   [Code Root Fixup: 0.4 ms]
   [Code Root Migration: 0.1 ms]
   [Clear CT: 1.8 ms]
   [Other: 9.9 ms]
      [Choose CSet: 0.0 ms]
      [Ref Proc: 4.2 ms]
      [Ref Enq: 0.3 ms]
      [Free CSet: 1.9 ms]
   [Eden: 1072.0M(1072.0M)->0.0B(1072.0M) Survivors: 156.0M->156.0M Heap: 8733.3M(24.0G)->7821.3M(24.0G)]
 [Times: user=1.40 sys=0.00, real=0.12 secs] 
2014-04-16T09:39:18.878+0900: 61.165: [GC pause (G1 Evacuation Pause) (young), 0.1162478 secs]
   [Parallel Time: 104.5 ms, GC Workers: 13]
      [GC Worker Start (ms): Min: 61166.0, Avg: 61166.1, Max: 61166.1, Diff: 0.1]
      [Ext Root Scanning (ms): Min: 1.4, Avg: 1.5, Max: 1.7, Diff: 0.3, Sum: 19.0]
      [Update RS (ms): Min: 5.7, Avg: 6.1, Max: 6.4, Diff: 0.6, Sum: 79.2]
         [Processed Buffers: Min: 9, Avg: 15.6, Max: 24, Diff: 15, Sum: 203]
      [Scan RS (ms): Min: 9.7, Avg: 10.0, Max: 10.2, Diff: 0.5, Sum: 129.7]
      [Code Root Scanning (ms): Min: 0.0, Avg: 0.0, Max: 0.0, Diff: 0.0, Sum: 0.1]
      [Object Copy (ms): Min: 86.5, Avg: 86.6, Max: 86.7, Diff: 0.3, Sum: 1125.7]
      [Termination (ms): Min: 0.0, Avg: 0.0, Max: 0.0, Diff: 0.0, Sum: 0.0]
      [GC Worker Other (ms): Min: 0.0, Avg: 0.1, Max: 0.1, Diff: 0.1, Sum: 1.0]
      [GC Worker Total (ms): Min: 104.1, Avg: 104.2, Max: 104.3, Diff: 0.2, Sum: 1354.9]
      [GC Worker End (ms): Min: 61270.2, Avg: 61270.3, Max: 61270.3, Diff: 0.1]
   [Code Root Fixup: 0.4 ms]
   [Code Root Migration: 0.1 ms]
   [Clear CT: 1.7 ms]
   [Other: 9.6 ms]
      [Choose CSet: 0.0 ms]
      [Ref Proc: 4.1 ms]
      [Ref Enq: 0.3 ms]
      [Free CSet: 1.9 ms]
   [Eden: 1072.0M(1072.0M)->0.0B(1072.0M) Survivors: 156.0M->156.0M Heap: 8893.3M(24.0G)->8003.3M(24.0G)]
 [Times: user=1.40 sys=0.00, real=0.12 secs] 
2014-04-16T09:39:19.908+0900: 62.195: [GC pause (G1 Evacuation Pause) (young) (initial-mark), 0.1186585 secs]
   [Parallel Time: 105.1 ms, GC Workers: 13]
      [GC Worker Start (ms): Min: 62196.4, Avg: 62196.4, Max: 62196.5, Diff: 0.1]
      [Ext Root Scanning (ms): Min: 1.2, Avg: 1.5, Max: 2.7, Diff: 1.5, Sum: 19.3]
      [Code Root Marking (ms): Min: 0.1, Avg: 1.2, Max: 5.9, Diff: 5.8, Sum: 15.8]
      [Update RS (ms): Min: 2.2, Avg: 6.7, Max: 8.8, Diff: 6.5, Sum: 87.2]
         [Processed Buffers: Min: 5, Avg: 15.6, Max: 30, Diff: 25, Sum: 203]
      [Scan RS (ms): Min: 9.0, Avg: 10.1, Max: 10.4, Diff: 1.4, Sum: 131.1]
      [Code Root Scanning (ms): Min: 0.0, Avg: 0.0, Max: 0.0, Diff: 0.0, Sum: 0.1]
      [Object Copy (ms): Min: 84.9, Avg: 85.1, Max: 85.3, Diff: 0.4, Sum: 1106.7]
      [Termination (ms): Min: 0.0, Avg: 0.2, Max: 0.2, Diff: 0.2, Sum: 2.4]
      [GC Worker Other (ms): Min: 0.0, Avg: 0.1, Max: 0.1, Diff: 0.1, Sum: 0.7]
      [GC Worker Total (ms): Min: 104.8, Avg: 104.9, Max: 104.9, Diff: 0.1, Sum: 1363.3]
      [GC Worker End (ms): Min: 62301.3, Avg: 62301.3, Max: 62301.4, Diff: 0.1]
   [Code Root Fixup: 0.4 ms]
   [Code Root Migration: 0.1 ms]
   [Clear CT: 1.8 ms]
   [Other: 11.4 ms]
      [Choose CSet: 0.0 ms]
      [Ref Proc: 4.1 ms]
      [Ref Enq: 0.4 ms]
      [Free CSet: 2.0 ms]
   [Eden: 1072.0M(1072.0M)->0.0B(1072.0M) Survivors: 156.0M->156.0M Heap: 9075.3M(24.0G)->8191.3M(24.0G)]
 [Times: user=1.40 sys=0.01, real=0.12 secs] 
2014-04-16T09:39:20.027+0900: 62.314: [GC concurrent-root-region-scan-start]
2014-04-16T09:39:20.070+0900: 62.358: [GC concurrent-root-region-scan-end, 0.0437922 secs]
2014-04-16T09:39:20.070+0900: 62.358: [GC concurrent-mark-start]
2014-04-16T09:39:21.214+0900: 63.502: [GC pause (G1 Evacuation Pause) (young), 0.1177501 secs]
   [Parallel Time: 105.7 ms, GC Workers: 13]
      [GC Worker Start (ms): Min: 63502.1, Avg: 63502.2, Max: 63502.2, Diff: 0.1]
      [Ext Root Scanning (ms): Min: 1.4, Avg: 1.5, Max: 2.0, Diff: 0.6, Sum: 20.0]
      [SATB Filtering (ms): Min: 0.0, Avg: 0.2, Max: 2.7, Diff: 2.7, Sum: 2.7]
      [Update RS (ms): Min: 3.4, Avg: 5.8, Max: 6.4, Diff: 3.1, Sum: 75.9]
         [Processed Buffers: Min: 6, Avg: 15.3, Max: 27, Diff: 21, Sum: 199]
      [Scan RS (ms): Min: 10.2, Avg: 10.6, Max: 10.9, Diff: 0.7, Sum: 137.3]
      [Code Root Scanning (ms): Min: 0.0, Avg: 0.0, Max: 0.0, Diff: 0.0, Sum: 0.1]
      [Object Copy (ms): Min: 87.0, Avg: 87.2, Max: 87.5, Diff: 0.5, Sum: 1133.1]
      [Termination (ms): Min: 0.0, Avg: 0.0, Max: 0.0, Diff: 0.0, Sum: 0.0]
      [GC Worker Other (ms): Min: 0.0, Avg: 0.1, Max: 0.1, Diff: 0.1, Sum: 1.1]
      [GC Worker Total (ms): Min: 105.3, Avg: 105.4, Max: 105.5, Diff: 0.2, Sum: 1370.2]
      [GC Worker End (ms): Min: 63607.5, Avg: 63607.6, Max: 63607.6, Diff: 0.1]
   [Code Root Fixup: 0.5 ms]
   [Code Root Migration: 0.1 ms]
   [Clear CT: 1.8 ms]
   [Other: 9.8 ms]
      [Choose CSet: 0.0 ms]
      [Ref Proc: 4.2 ms]
      [Ref Enq: 0.4 ms]
      [Free CSet: 2.0 ms]
   [Eden: 1072.0M(1072.0M)->0.0B(1072.0M) Survivors: 156.0M->156.0M Heap: 9263.3M(24.0G)->8365.3M(24.0G)]
 [Times: user=1.35 sys=0.06, real=0.11 secs] 
2014-04-16T09:39:21.444+0900: 63.731: [GC concurrent-mark-end, 1.3734360 secs]
2014-04-16T09:39:21.445+0900: 63.733: [GC remark 63.779: [GC ref-proc, 0.0070687 secs], 0.0790907 secs]
 [Times: user=0.87 sys=0.00, real=0.08 secs] 
2014-04-16T09:39:21.526+0900: 63.813: [GC cleanup 8439M->8439M(24G), 0.0162077 secs]
 [Times: user=0.19 sys=0.00, real=0.01 secs] 
2014-04-16T09:39:22.385+0900: 64.672: [GC pause (G1 Evacuation Pause) (young), 0.1199899 secs]
   [Parallel Time: 108.1 ms, GC Workers: 13]
      [GC Worker Start (ms): Min: 64672.5, Avg: 64672.6, Max: 64672.6, Diff: 0.2]
      [Ext Root Scanning (ms): Min: 1.5, Avg: 1.6, Max: 2.2, Diff: 0.7, Sum: 21.2]
      [Update RS (ms): Min: 5.9, Avg: 6.8, Max: 7.1, Diff: 1.2, Sum: 88.8]
         [Processed Buffers: Min: 8, Avg: 15.4, Max: 26, Diff: 18, Sum: 200]
      [Scan RS (ms): Min: 9.6, Avg: 9.8, Max: 10.1, Diff: 0.5, Sum: 127.8]
      [Code Root Scanning (ms): Min: 0.0, Avg: 0.0, Max: 0.0, Diff: 0.0, Sum: 0.1]
      [Object Copy (ms): Min: 89.5, Avg: 89.6, Max: 89.7, Diff: 0.2, Sum: 1164.6]
      [Termination (ms): Min: 0.0, Avg: 0.0, Max: 0.0, Diff: 0.0, Sum: 0.1]
      [GC Worker Other (ms): Min: 0.0, Avg: 0.1, Max: 0.1, Diff: 0.1, Sum: 1.0]
      [GC Worker Total (ms): Min: 107.8, Avg: 108.0, Max: 108.1, Diff: 0.2, Sum: 1403.5]
      [GC Worker End (ms): Min: 64780.5, Avg: 64780.5, Max: 64780.6, Diff: 0.1]
   [Code Root Fixup: 0.4 ms]
   [Code Root Migration: 0.1 ms]
   [Clear CT: 1.9 ms]
   [Other: 9.5 ms]
      [Choose CSet: 0.0 ms]
      [Ref Proc: 4.0 ms]
      [Ref Enq: 0.3 ms]
      [Free CSet: 2.0 ms]
   [Eden: 1072.0M(1072.0M)->0.0B(1072.0M) Survivors: 156.0M->156.0M Heap: 9437.3M(24.0G)->8553.3M(24.0G)]
 [Times: user=1.38 sys=0.07, real=0.12 secs] 
2014-04-16T09:39:23.408+0900: 65.695: [GC pause (G1 Evacuation Pause) (mixed), 0.1271407 secs]
   [Parallel Time: 112.3 ms, GC Workers: 13]
      [GC Worker Start (ms): Min: 65695.8, Avg: 65695.9, Max: 65696.0, Diff: 0.1]
      [Ext Root Scanning (ms): Min: 1.5, Avg: 1.6, Max: 2.4, Diff: 1.0, Sum: 20.8]
      [Update RS (ms): Min: 6.3, Avg: 6.5, Max: 6.9, Diff: 0.6, Sum: 85.1]
         [Processed Buffers: Min: 5, Avg: 14.9, Max: 28, Diff: 23, Sum: 194]
      [Scan RS (ms): Min: 14.5, Avg: 15.1, Max: 15.5, Diff: 0.9, Sum: 196.9]
      [Code Root Scanning (ms): Min: 0.0, Avg: 0.0, Max: 0.0, Diff: 0.0, Sum: 0.1]
      [Object Copy (ms): Min: 88.5, Avg: 88.6, Max: 88.7, Diff: 0.2, Sum: 1152.3]
      [Termination (ms): Min: 0.0, Avg: 0.0, Max: 0.0, Diff: 0.0, Sum: 0.0]
      [GC Worker Other (ms): Min: 0.0, Avg: 0.1, Max: 0.1, Diff: 0.1, Sum: 1.1]
      [GC Worker Total (ms): Min: 111.9, Avg: 112.0, Max: 112.1, Diff: 0.2, Sum: 1456.3]
      [GC Worker End (ms): Min: 65807.9, Avg: 65807.9, Max: 65808.0, Diff: 0.1]
   [Code Root Fixup: 0.4 ms]
   [Code Root Migration: 0.1 ms]
   [Clear CT: 2.3 ms]
   [Other: 12.0 ms]
      [Choose CSet: 0.3 ms]
      [Ref Proc: 4.7 ms]
      [Ref Enq: 0.4 ms]
      [Free CSet: 2.8 ms]
   [Eden: 1072.0M(1072.0M)->0.0B(1072.0M) Survivors: 156.0M->156.0M Heap: 9625.3M(24.0G)->8369.3M(24.0G)]
 [Times: user=1.45 sys=0.06, real=0.13 secs] 
2014-04-16T09:39:24.460+0900: 66.748: [GC pause (G1 Evacuation Pause) (young), 0.1209034 secs]
   [Parallel Time: 108.6 ms, GC Workers: 13]
      [GC Worker Start (ms): Min: 66748.2, Avg: 66748.3, Max: 66748.4, Diff: 0.1]
      [Ext Root Scanning (ms): Min: 1.5, Avg: 1.5, Max: 1.9, Diff: 0.4, Sum: 20.1]
      [Update RS (ms): Min: 6.2, Avg: 6.6, Max: 6.8, Diff: 0.6, Sum: 85.6]
         [Processed Buffers: Min: 8, Avg: 15.4, Max: 26, Diff: 18, Sum: 200]
      [Scan RS (ms): Min: 10.8, Avg: 11.1, Max: 11.4, Diff: 0.6, Sum: 143.7]
      [Code Root Scanning (ms): Min: 0.0, Avg: 0.0, Max: 0.0, Diff: 0.0, Sum: 0.1]
      [Object Copy (ms): Min: 88.9, Avg: 89.1, Max: 89.2, Diff: 0.3, Sum: 1158.2]
      [Termination (ms): Min: 0.0, Avg: 0.0, Max: 0.0, Diff: 0.0, Sum: 0.0]
      [GC Worker Other (ms): Min: 0.0, Avg: 0.1, Max: 0.1, Diff: 0.1, Sum: 0.9]
      [GC Worker Total (ms): Min: 108.3, Avg: 108.4, Max: 108.5, Diff: 0.2, Sum: 1408.6]
      [GC Worker End (ms): Min: 66856.6, Avg: 66856.7, Max: 66856.7, Diff: 0.1]
   [Code Root Fixup: 0.5 ms]
   [Code Root Migration: 0.1 ms]
   [Clear CT: 1.8 ms]
   [Other: 10.0 ms]
      [Choose CSet: 0.0 ms]
      [Ref Proc: 4.1 ms]
      [Ref Enq: 0.2 ms]
      [Free CSet: 2.0 ms]
   [Eden: 1072.0M(1072.0M)->0.0B(1072.0M) Survivors: 156.0M->156.0M Heap: 9441.3M(24.0G)->8553.3M(24.0G)]
 [Times: user=1.46 sys=0.00, real=0.12 secs] 
2014-04-16T09:39:25.508+0900: 67.795: [GC pause (G1 Evacuation Pause) (young) (initial-mark), 0.1182308 secs]
   [Parallel Time: 104.3 ms, GC Workers: 13]
      [GC Worker Start (ms): Min: 67796.8, Avg: 67796.9, Max: 67797.0, Diff: 0.1]
      [Ext Root Scanning (ms): Min: 1.2, Avg: 1.4, Max: 2.7, Diff: 1.5, Sum: 17.9]
      [Code Root Marking (ms): Min: 0.1, Avg: 1.2, Max: 5.8, Diff: 5.7, Sum: 15.4]
      [Update RS (ms): Min: 2.1, Avg: 6.7, Max: 8.5, Diff: 6.5, Sum: 86.8]
         [Processed Buffers: Min: 4, Avg: 15.6, Max: 27, Diff: 23, Sum: 203]
      [Scan RS (ms): Min: 9.7, Avg: 10.7, Max: 11.2, Diff: 1.5, Sum: 139.5]
      [Code Root Scanning (ms): Min: 0.0, Avg: 0.0, Max: 0.0, Diff: 0.0, Sum: 0.1]
      [Object Copy (ms): Min: 83.8, Avg: 84.1, Max: 84.3, Diff: 0.5, Sum: 1092.8]
      [Termination (ms): Min: 0.0, Avg: 0.0, Max: 0.0, Diff: 0.0, Sum: 0.0]
      [GC Worker Other (ms): Min: 0.0, Avg: 0.1, Max: 0.1, Diff: 0.1, Sum: 0.8]
      [GC Worker Total (ms): Min: 104.0, Avg: 104.1, Max: 104.2, Diff: 0.2, Sum: 1353.3]
      [GC Worker End (ms): Min: 67900.9, Avg: 67901.0, Max: 67901.0, Diff: 0.1]
   [Code Root Fixup: 0.4 ms]
   [Code Root Migration: 0.1 ms]
   [Clear CT: 1.9 ms]
   [Other: 11.5 ms]
      [Choose CSet: 0.0 ms]
      [Ref Proc: 4.0 ms]
      [Ref Enq: 0.3 ms]
      [Free CSet: 2.0 ms]
   [Eden: 1072.0M(1072.0M)->0.0B(1072.0M) Survivors: 156.0M->156.0M Heap: 9625.3M(24.0G)->8739.3M(24.0G)]
 [Times: user=1.40 sys=0.00, real=0.12 secs] 
2014-04-16T09:39:25.627+0900: 67.914: [GC concurrent-root-region-scan-start]
2014-04-16T09:39:25.663+0900: 67.951: [GC concurrent-root-region-scan-end, 0.0368643 secs]
2014-04-16T09:39:25.663+0900: 67.951: [GC concurrent-mark-start]
2014-04-16T09:39:26.907+0900: 69.194: [GC pause (G1 Evacuation Pause) (young), 0.1176011 secs]
   [Parallel Time: 105.3 ms, GC Workers: 13]
      [GC Worker Start (ms): Min: 69194.6, Avg: 69194.7, Max: 69194.7, Diff: 0.1]
      [Ext Root Scanning (ms): Min: 1.5, Avg: 1.6, Max: 1.9, Diff: 0.4, Sum: 20.2]
      [SATB Filtering (ms): Min: 0.0, Avg: 0.2, Max: 2.8, Diff: 2.8, Sum: 2.8]
      [Update RS (ms): Min: 3.6, Avg: 6.4, Max: 7.0, Diff: 3.3, Sum: 82.6]
         [Processed Buffers: Min: 8, Avg: 15.5, Max: 31, Diff: 23, Sum: 202]
      [Scan RS (ms): Min: 10.2, Avg: 10.6, Max: 10.9, Diff: 0.7, Sum: 138.0]
      [Code Root Scanning (ms): Min: 0.0, Avg: 0.0, Max: 0.0, Diff: 0.0, Sum: 0.1]
      [Object Copy (ms): Min: 85.8, Avg: 86.0, Max: 86.3, Diff: 0.5, Sum: 1117.6]
      [Termination (ms): Min: 0.0, Avg: 0.3, Max: 0.4, Diff: 0.4, Sum: 4.5]
      [GC Worker Other (ms): Min: 0.0, Avg: 0.1, Max: 0.1, Diff: 0.1, Sum: 0.8]
      [GC Worker Total (ms): Min: 105.0, Avg: 105.1, Max: 105.2, Diff: 0.2, Sum: 1366.5]
      [GC Worker End (ms): Min: 69299.7, Avg: 69299.8, Max: 69299.8, Diff: 0.1]
   [Code Root Fixup: 0.5 ms]
   [Code Root Migration: 0.1 ms]
   [Clear CT: 2.0 ms]
   [Other: 9.7 ms]
      [Choose CSet: 0.0 ms]
      [Ref Proc: 4.1 ms]
      [Ref Enq: 0.3 ms]
      [Free CSet: 2.0 ms]
   [Eden: 1072.0M(1072.0M)->0.0B(1072.0M) Survivors: 156.0M->156.0M Heap: 9811.3M(24.0G)->8917.3M(24.0G)]
 [Times: user=1.35 sys=0.06, real=0.12 secs] 
2014-04-16T09:39:27.240+0900: 69.527: [GC concurrent-mark-end, 1.5765272 secs]
2014-04-16T09:39:27.241+0900: 69.529: [GC remark 69.574: [GC ref-proc, 0.0070023 secs], 0.0802063 secs]
 [Times: user=0.88 sys=0.00, real=0.08 secs] 
2014-04-16T09:39:27.323+0900: 69.611: [GC cleanup 9088M->9088M(24G), 0.0166302 secs]
 [Times: user=0.19 sys=0.00, real=0.02 secs] 
2014-04-16T09:39:28.095+0900: 70.382: [GC pause (G1 Evacuation Pause) (young), 0.1204553 secs]
   [Parallel Time: 108.0 ms, GC Workers: 13]
      [GC Worker Start (ms): Min: 70382.7, Avg: 70382.8, Max: 70382.9, Diff: 0.1]
      [Ext Root Scanning (ms): Min: 1.4, Avg: 1.5, Max: 2.0, Diff: 0.6, Sum: 20.1]
      [Update RS (ms): Min: 5.4, Avg: 6.3, Max: 7.3, Diff: 1.8, Sum: 81.3]
         [Processed Buffers: Min: 7, Avg: 16.1, Max: 28, Diff: 21, Sum: 209]
      [Scan RS (ms): Min: 9.9, Avg: 10.9, Max: 11.4, Diff: 1.6, Sum: 141.9]
      [Code Root Scanning (ms): Min: 0.0, Avg: 0.0, Max: 0.0, Diff: 0.0, Sum: 0.1]
      [Object Copy (ms): Min: 88.8, Avg: 89.0, Max: 89.1, Diff: 0.2, Sum: 1156.6]
      [Termination (ms): Min: 0.0, Avg: 0.0, Max: 0.0, Diff: 0.0, Sum: 0.1]
      [GC Worker Other (ms): Min: 0.0, Avg: 0.1, Max: 0.1, Diff: 0.1, Sum: 0.9]
      [GC Worker Total (ms): Min: 107.7, Avg: 107.8, Max: 107.9, Diff: 0.2, Sum: 1401.0]
      [GC Worker End (ms): Min: 70490.5, Avg: 70490.6, Max: 70490.6, Diff: 0.1]
   [Code Root Fixup: 0.3 ms]
   [Code Root Migration: 0.1 ms]
   [Clear CT: 2.2 ms]
   [Other: 9.9 ms]
      [Choose CSet: 0.0 ms]
      [Ref Proc: 4.0 ms]
      [Ref Enq: 0.3 ms]
      [Free CSet: 2.0 ms]
   [Eden: 1072.0M(1072.0M)->0.0B(1072.0M) Survivors: 156.0M->156.0M Heap: 9989.3M(24.0G)->9101.3M(24.0G)]
 [Times: user=1.39 sys=0.06, real=0.12 secs] 
2014-04-16T09:39:29.124+0900: 71.411: [GC pause (G1 Evacuation Pause) (mixed), 0.1324559 secs]
   [Parallel Time: 117.2 ms, GC Workers: 13]
      [GC Worker Start (ms): Min: 71412.0, Avg: 71412.0, Max: 71412.1, Diff: 0.1]
      [Ext Root Scanning (ms): Min: 1.4, Avg: 1.6, Max: 2.5, Diff: 1.1, Sum: 20.4]
      [Update RS (ms): Min: 5.8, Avg: 6.7, Max: 7.4, Diff: 1.6, Sum: 86.5]
         [Processed Buffers: Min: 6, Avg: 14.9, Max: 30, Diff: 24, Sum: 194]
      [Scan RS (ms): Min: 16.1, Avg: 16.8, Max: 17.2, Diff: 1.1, Sum: 217.8]
      [Code Root Scanning (ms): Min: 0.0, Avg: 0.0, Max: 0.0, Diff: 0.0, Sum: 0.1]
      [Object Copy (ms): Min: 91.7, Avg: 91.8, Max: 91.9, Diff: 0.2, Sum: 1193.3]
      [Termination (ms): Min: 0.0, Avg: 0.1, Max: 0.2, Diff: 0.2, Sum: 1.9]
      [GC Worker Other (ms): Min: 0.0, Avg: 0.1, Max: 0.1, Diff: 0.1, Sum: 0.7]
      [GC Worker Total (ms): Min: 116.9, Avg: 117.0, Max: 117.1, Diff: 0.2, Sum: 1520.7]
      [GC Worker End (ms): Min: 71529.0, Avg: 71529.0, Max: 71529.1, Diff: 0.1]
   [Code Root Fixup: 0.3 ms]
   [Code Root Migration: 0.1 ms]
   [Clear CT: 2.5 ms]
   [Other: 12.3 ms]
      [Choose CSet: 0.3 ms]
      [Ref Proc: 4.6 ms]
      [Ref Enq: 0.4 ms]
      [Free CSet: 2.9 ms]
   [Eden: 1072.0M(1072.0M)->0.0B(1072.0M) Survivors: 156.0M->156.0M Heap: 10173.3M(24.0G)->8915.3M(24.0G)]
 [Times: user=1.51 sys=0.07, real=0.14 secs] 
2014-04-16T09:39:30.171+0900: 72.458: [GC pause (G1 Evacuation Pause) (young), 0.1147574 secs]
   [Parallel Time: 102.2 ms, GC Workers: 13]
      [GC Worker Start (ms): Min: 72458.5, Avg: 72458.6, Max: 72458.6, Diff: 0.1]
      [Ext Root Scanning (ms): Min: 0.9, Avg: 1.4, Max: 1.7, Diff: 0.7, Sum: 18.4]
      [Update RS (ms): Min: 5.9, Avg: 6.5, Max: 7.1, Diff: 1.2, Sum: 84.1]
         [Processed Buffers: Min: 5, Avg: 14.1, Max: 22, Diff: 17, Sum: 183]
      [Scan RS (ms): Min: 10.7, Avg: 11.4, Max: 12.0, Diff: 1.2, Sum: 148.5]
      [Code Root Scanning (ms): Min: 0.0, Avg: 0.0, Max: 0.0, Diff: 0.0, Sum: 0.1]
      [Object Copy (ms): Min: 82.4, Avg: 82.7, Max: 83.1, Diff: 0.7, Sum: 1074.6]
      [Termination (ms): Min: 0.0, Avg: 0.0, Max: 0.0, Diff: 0.0, Sum: 0.0]
      [GC Worker Other (ms): Min: 0.0, Avg: 0.1, Max: 0.1, Diff: 0.1, Sum: 1.0]
      [GC Worker Total (ms): Min: 101.9, Avg: 102.1, Max: 102.1, Diff: 0.2, Sum: 1326.7]
      [GC Worker End (ms): Min: 72560.6, Avg: 72560.6, Max: 72560.7, Diff: 0.1]
   [Code Root Fixup: 0.4 ms]
   [Code Root Migration: 0.1 ms]
   [Clear CT: 1.9 ms]
   [Other: 10.2 ms]
      [Choose CSet: 0.0 ms]
      [Ref Proc: 4.2 ms]
      [Ref Enq: 0.3 ms]
      [Free CSet: 2.0 ms]
   [Eden: 1072.0M(1072.0M)->0.0B(1072.0M) Survivors: 156.0M->156.0M Heap: 9987.3M(24.0G)->9089.3M(24.0G)]
 [Times: user=1.38 sys=0.00, real=0.12 secs] 
2014-04-16T09:39:31.178+0900: 73.465: [GC pause (G1 Evacuation Pause) (young) (initial-mark), 0.1273550 secs]
   [Parallel Time: 112.9 ms, GC Workers: 13]
      [GC Worker Start (ms): Min: 73466.5, Avg: 73466.6, Max: 73466.7, Diff: 0.2]
      [Ext Root Scanning (ms): Min: 1.2, Avg: 1.5, Max: 2.8, Diff: 1.6, Sum: 18.9]
      [Code Root Marking (ms): Min: 0.1, Avg: 1.1, Max: 5.8, Diff: 5.7, Sum: 14.6]
      [Update RS (ms): Min: 1.7, Avg: 6.7, Max: 8.1, Diff: 6.5, Sum: 86.8]
         [Processed Buffers: Min: 4, Avg: 15.5, Max: 25, Diff: 21, Sum: 202]
      [Scan RS (ms): Min: 10.6, Avg: 11.3, Max: 11.7, Diff: 1.1, Sum: 146.3]
      [Code Root Scanning (ms): Min: 0.0, Avg: 0.0, Max: 0.0, Diff: 0.0, Sum: 0.1]
      [Object Copy (ms): Min: 91.9, Avg: 92.1, Max: 92.3, Diff: 0.5, Sum: 1197.1]
      [Termination (ms): Min: 0.0, Avg: 0.0, Max: 0.0, Diff: 0.0, Sum: 0.1]
      [GC Worker Other (ms): Min: 0.0, Avg: 0.1, Max: 0.1, Diff: 0.1, Sum: 0.9]
      [GC Worker Total (ms): Min: 112.6, Avg: 112.7, Max: 112.7, Diff: 0.1, Sum: 1464.8]
      [GC Worker End (ms): Min: 73579.2, Avg: 73579.3, Max: 73579.3, Diff: 0.1]
   [Code Root Fixup: 0.3 ms]
   [Code Root Migration: 0.1 ms]
   [Clear CT: 2.1 ms]
   [Other: 12.0 ms]
      [Choose CSet: 0.0 ms]
      [Ref Proc: 4.2 ms]
      [Ref Enq: 0.3 ms]
      [Free CSet: 2.0 ms]
   [Eden: 1072.0M(1072.0M)->0.0B(1072.0M) Survivors: 156.0M->156.0M Heap: 10161.3M(24.0G)->9279.3M(24.0G)]
 [Times: user=1.51 sys=0.00, real=0.13 secs] 
2014-04-16T09:39:31.305+0900: 73.593: [GC concurrent-root-region-scan-start]
2014-04-16T09:39:31.359+0900: 73.646: [GC concurrent-root-region-scan-end, 0.0537441 secs]
2014-04-16T09:39:31.359+0900: 73.646: [GC concurrent-mark-start]
2014-04-16T09:39:32.527+0900: 74.815: [GC pause (G1 Evacuation Pause) (young), 0.1168160 secs]
   [Parallel Time: 104.1 ms, GC Workers: 13]
      [GC Worker Start (ms): Min: 74815.3, Avg: 74815.4, Max: 74815.4, Diff: 0.1]
      [Ext Root Scanning (ms): Min: 1.4, Avg: 1.5, Max: 2.1, Diff: 0.7, Sum: 19.4]
      [SATB Filtering (ms): Min: 0.0, Avg: 0.2, Max: 2.3, Diff: 2.3, Sum: 2.3]
      [Update RS (ms): Min: 3.9, Avg: 6.4, Max: 7.5, Diff: 3.6, Sum: 83.3]
         [Processed Buffers: Min: 5, Avg: 14.3, Max: 30, Diff: 25, Sum: 186]
      [Scan RS (ms): Min: 10.5, Avg: 11.4, Max: 11.9, Diff: 1.4, Sum: 148.5]
      [Code Root Scanning (ms): Min: 0.0, Avg: 0.0, Max: 0.0, Diff: 0.0, Sum: 0.1]
      [Object Copy (ms): Min: 84.1, Avg: 84.3, Max: 84.4, Diff: 0.3, Sum: 1095.9]
      [Termination (ms): Min: 0.0, Avg: 0.0, Max: 0.0, Diff: 0.0, Sum: 0.1]
      [GC Worker Other (ms): Min: 0.0, Avg: 0.1, Max: 0.1, Diff: 0.1, Sum: 1.1]
      [GC Worker Total (ms): Min: 103.8, Avg: 103.9, Max: 104.0, Diff: 0.2, Sum: 1350.6]
      [GC Worker End (ms): Min: 74919.2, Avg: 74919.3, Max: 74919.3, Diff: 0.1]
   [Code Root Fixup: 0.3 ms]
   [Code Root Migration: 0.1 ms]
   [Clear CT: 2.2 ms]
   [Other: 10.1 ms]
      [Choose CSet: 0.0 ms]
      [Ref Proc: 4.0 ms]
      [Ref Enq: 0.4 ms]
      [Free CSet: 2.0 ms]
   [Eden: 1072.0M(1072.0M)->0.0B(1072.0M) Survivors: 156.0M->156.0M Heap: 10.1G(24.0G)->9455.3M(24.0G)]
 [Times: user=1.35 sys=0.05, real=0.11 secs] 
2014-04-16T09:39:33.115+0900: 75.402: [GC concurrent-mark-end, 1.7558229 secs]
2014-04-16T09:39:33.116+0900: 75.404: [GC remark 75.443: [GC ref-proc, 0.0068897 secs], 0.0783988 secs]
 [Times: user=0.83 sys=0.00, real=0.08 secs] 
2014-04-16T09:39:33.197+0900: 75.484: [GC cleanup 9851M->9851M(24G), 0.0179124 secs]
 [Times: user=0.21 sys=0.00, real=0.02 secs] 
2014-04-16T09:39:33.792+0900: 76.079: [GC pause (G1 Evacuation Pause) (young), 0.1284098 secs]
   [Parallel Time: 115.5 ms, GC Workers: 13]
      [GC Worker Start (ms): Min: 76079.6, Avg: 76079.6, Max: 76079.7, Diff: 0.1]
      [Ext Root Scanning (ms): Min: 1.4, Avg: 1.5, Max: 2.1, Diff: 0.7, Sum: 19.9]
      [Update RS (ms): Min: 5.6, Avg: 7.0, Max: 7.9, Diff: 2.3, Sum: 91.2]
         [Processed Buffers: Min: 11, Avg: 16.5, Max: 23, Diff: 12, Sum: 214]
      [Scan RS (ms): Min: 11.3, Avg: 12.0, Max: 12.5, Diff: 1.2, Sum: 156.0]
      [Code Root Scanning (ms): Min: 0.0, Avg: 0.0, Max: 0.0, Diff: 0.0, Sum: 0.1]
      [Object Copy (ms): Min: 94.2, Avg: 94.4, Max: 94.8, Diff: 0.6, Sum: 1226.8]
      [Termination (ms): Min: 0.0, Avg: 0.2, Max: 0.3, Diff: 0.3, Sum: 3.2]
      [GC Worker Other (ms): Min: 0.0, Avg: 0.1, Max: 0.1, Diff: 0.1, Sum: 1.0]
      [GC Worker Total (ms): Min: 115.2, Avg: 115.3, Max: 115.4, Diff: 0.2, Sum: 1498.3]
      [GC Worker End (ms): Min: 76194.8, Avg: 76194.9, Max: 76195.0, Diff: 0.1]
   [Code Root Fixup: 0.4 ms]
   [Code Root Migration: 0.1 ms]
   [Clear CT: 2.3 ms]
   [Other: 10.2 ms]
      [Choose CSet: 0.0 ms]
      [Ref Proc: 4.3 ms]
      [Ref Enq: 0.2 ms]
      [Free CSet: 1.9 ms]
   [Eden: 1072.0M(1072.0M)->0.0B(1072.0M) Survivors: 156.0M->156.0M Heap: 10.3G(24.0G)->9647.3M(24.0G)]
 [Times: user=1.49 sys=0.06, real=0.13 secs] 
2014-04-16T09:39:34.849+0900: 77.137: [GC pause (G1 Evacuation Pause) (mixed), 0.1400241 secs]
   [Parallel Time: 124.8 ms, GC Workers: 13]
      [GC Worker Start (ms): Min: 77137.6, Avg: 77137.6, Max: 77137.7, Diff: 0.1]
      [Ext Root Scanning (ms): Min: 1.0, Avg: 1.5, Max: 1.9, Diff: 0.9, Sum: 20.0]
      [Update RS (ms): Min: 6.2, Avg: 6.8, Max: 8.2, Diff: 2.0, Sum: 87.9]
         [Processed Buffers: Min: 7, Avg: 14.9, Max: 32, Diff: 25, Sum: 194]
      [Scan RS (ms): Min: 17.8, Avg: 19.1, Max: 19.6, Diff: 1.8, Sum: 248.8]
      [Code Root Scanning (ms): Min: 0.0, Avg: 0.0, Max: 0.0, Diff: 0.0, Sum: 0.1]
      [Object Copy (ms): Min: 96.9, Avg: 97.0, Max: 97.5, Diff: 0.5, Sum: 1261.1]
      [Termination (ms): Min: 0.0, Avg: 0.0, Max: 0.0, Diff: 0.0, Sum: 0.0]
      [GC Worker Other (ms): Min: 0.0, Avg: 0.1, Max: 0.2, Diff: 0.1, Sum: 1.2]
      [GC Worker Total (ms): Min: 124.5, Avg: 124.5, Max: 124.6, Diff: 0.2, Sum: 1619.1]
      [GC Worker End (ms): Min: 77262.1, Avg: 77262.2, Max: 77262.2, Diff: 0.1]
   [Code Root Fixup: 0.4 ms]
   [Code Root Migration: 0.1 ms]
   [Clear CT: 2.5 ms]
   [Other: 12.2 ms]
      [Choose CSet: 0.3 ms]
      [Ref Proc: 4.6 ms]
      [Ref Enq: 0.4 ms]
      [Free CSet: 2.6 ms]
   [Eden: 1072.0M(1072.0M)->0.0B(1072.0M) Survivors: 156.0M->156.0M Heap: 10.5G(24.0G)->9471.3M(24.0G)]
 [Times: user=1.61 sys=0.06, real=0.14 secs] 
2014-04-16T09:39:35.914+0900: 78.201: [GC pause (G1 Evacuation Pause) (young), 0.1218867 secs]
   [Parallel Time: 109.2 ms, GC Workers: 13]
      [GC Worker Start (ms): Min: 78201.5, Avg: 78201.6, Max: 78201.7, Diff: 0.2]
      [Ext Root Scanning (ms): Min: 1.1, Avg: 1.5, Max: 1.9, Diff: 0.9, Sum: 20.1]
      [Update RS (ms): Min: 6.6, Avg: 7.1, Max: 8.0, Diff: 1.3, Sum: 91.8]
         [Processed Buffers: Min: 7, Avg: 15.5, Max: 24, Diff: 17, Sum: 202]
      [Scan RS (ms): Min: 11.2, Avg: 12.1, Max: 12.7, Diff: 1.5, Sum: 157.8]
      [Code Root Scanning (ms): Min: 0.0, Avg: 0.0, Max: 0.0, Diff: 0.0, Sum: 0.1]
      [Object Copy (ms): Min: 87.9, Avg: 88.1, Max: 88.6, Diff: 0.7, Sum: 1145.3]
      [Termination (ms): Min: 0.0, Avg: 0.0, Max: 0.0, Diff: 0.0, Sum: 0.1]
      [GC Worker Other (ms): Min: 0.0, Avg: 0.1, Max: 0.2, Diff: 0.1, Sum: 1.2]
      [GC Worker Total (ms): Min: 108.8, Avg: 109.0, Max: 109.1, Diff: 0.3, Sum: 1416.4]
      [GC Worker End (ms): Min: 78310.5, Avg: 78310.5, Max: 78310.6, Diff: 0.1]
   [Code Root Fixup: 0.4 ms]
   [Code Root Migration: 0.1 ms]
   [Clear CT: 2.2 ms]
   [Other: 10.0 ms]
      [Choose CSet: 0.0 ms]
      [Ref Proc: 4.1 ms]
      [Ref Enq: 0.3 ms]
      [Free CSet: 1.9 ms]
   [Eden: 1072.0M(1072.0M)->0.0B(1072.0M) Survivors: 156.0M->156.0M Heap: 10.3G(24.0G)->9649.3M(24.0G)]
 [Times: user=1.47 sys=0.00, real=0.13 secs] 
2014-04-16T09:39:36.955+0900: 79.242: [GC pause (G1 Evacuation Pause) (young) (initial-mark), 0.1252178 secs]
   [Parallel Time: 111.4 ms, GC Workers: 13]
      [GC Worker Start (ms): Min: 79243.2, Avg: 79243.3, Max: 79243.4, Diff: 0.1]
      [Ext Root Scanning (ms): Min: 1.2, Avg: 1.5, Max: 3.3, Diff: 2.1, Sum: 19.4]
      [Code Root Marking (ms): Min: 0.2, Avg: 1.2, Max: 6.0, Diff: 5.8, Sum: 16.2]
      [Update RS (ms): Min: 2.3, Avg: 7.1, Max: 8.7, Diff: 6.5, Sum: 92.5]
         [Processed Buffers: Min: 7, Avg: 15.8, Max: 27, Diff: 20, Sum: 205]
      [Scan RS (ms): Min: 11.5, Avg: 12.6, Max: 13.2, Diff: 1.7, Sum: 164.0]
      [Code Root Scanning (ms): Min: 0.0, Avg: 0.0, Max: 0.0, Diff: 0.0, Sum: 0.1]
      [Object Copy (ms): Min: 88.3, Avg: 88.6, Max: 89.0, Diff: 0.7, Sum: 1151.9]
      [Termination (ms): Min: 0.0, Avg: 0.0, Max: 0.0, Diff: 0.0, Sum: 0.0]
      [GC Worker Other (ms): Min: 0.0, Avg: 0.1, Max: 0.2, Diff: 0.1, Sum: 1.1]
      [GC Worker Total (ms): Min: 111.0, Avg: 111.2, Max: 111.3, Diff: 0.2, Sum: 1445.1]
      [GC Worker End (ms): Min: 79354.4, Avg: 79354.5, Max: 79354.5, Diff: 0.1]
   [Code Root Fixup: 0.4 ms]
   [Code Root Migration: 0.1 ms]
   [Clear CT: 2.4 ms]
   [Other: 11.0 ms]
      [Choose CSet: 0.0 ms]
      [Ref Proc: 4.1 ms]
      [Ref Enq: 0.3 ms]
      [Free CSet: 1.8 ms]
   [Eden: 1072.0M(1072.0M)->0.0B(1072.0M) Survivors: 156.0M->156.0M Heap: 10.5G(24.0G)->9829.3M(24.0G)]
 [Times: user=1.50 sys=0.00, real=0.13 secs] 
2014-04-16T09:39:37.080+0900: 79.368: [GC concurrent-root-region-scan-start]
2014-04-16T09:39:37.113+0900: 79.401: [GC concurrent-root-region-scan-end, 0.0329662 secs]
2014-04-16T09:39:37.113+0900: 79.401: [GC concurrent-mark-start]
2014-04-16T09:39:38.315+0900: 80.602: [GC pause (G1 Evacuation Pause) (young), 0.1230964 secs]
   [Parallel Time: 109.8 ms, GC Workers: 13]
      [GC Worker Start (ms): Min: 80603.0, Avg: 80603.1, Max: 80603.2, Diff: 0.1]
      [Ext Root Scanning (ms): Min: 1.5, Avg: 1.6, Max: 1.9, Diff: 0.4, Sum: 20.4]
      [SATB Filtering (ms): Min: 0.0, Avg: 0.2, Max: 2.6, Diff: 2.6, Sum: 2.6]
      [Update RS (ms): Min: 3.6, Avg: 6.5, Max: 7.8, Diff: 4.2, Sum: 84.4]
         [Processed Buffers: Min: 6, Avg: 14.9, Max: 29, Diff: 23, Sum: 194]
      [Scan RS (ms): Min: 12.0, Avg: 13.1, Max: 13.6, Diff: 1.6, Sum: 170.8]
      [Code Root Scanning (ms): Min: 0.0, Avg: 0.0, Max: 0.0, Diff: 0.0, Sum: 0.1]
      [Object Copy (ms): Min: 88.0, Avg: 88.2, Max: 88.3, Diff: 0.2, Sum: 1146.3]
      [Termination (ms): Min: 0.0, Avg: 0.0, Max: 0.0, Diff: 0.0, Sum: 0.1]
      [GC Worker Other (ms): Min: 0.0, Avg: 0.1, Max: 0.1, Diff: 0.1, Sum: 1.0]
      [GC Worker Total (ms): Min: 109.6, Avg: 109.7, Max: 109.8, Diff: 0.2, Sum: 1425.7]
      [GC Worker End (ms): Min: 80712.7, Avg: 80712.8, Max: 80712.8, Diff: 0.1]
   [Code Root Fixup: 0.4 ms]
   [Code Root Migration: 0.1 ms]
   [Clear CT: 2.4 ms]
   [Other: 10.3 ms]
      [Choose CSet: 0.0 ms]
      [Ref Proc: 4.3 ms]
      [Ref Enq: 0.4 ms]
      [Free CSet: 1.8 ms]
   [Eden: 1072.0M(1072.0M)->0.0B(1072.0M) Survivors: 156.0M->156.0M Heap: 10.6G(24.0G)->10007.3M(24.0G)]
 [Times: user=1.43 sys=0.06, real=0.13 secs] 
2014-04-16T09:39:39.012+0900: 81.299: [GC concurrent-mark-end, 1.8988769 secs]
2014-04-16T09:39:39.014+0900: 81.301: [GC remark 81.340: [GC ref-proc, 0.0070840 secs], 0.0764965 secs]
 [Times: user=0.85 sys=0.01, real=0.08 secs] 
2014-04-16T09:39:39.092+0900: 81.379: [GC cleanup 10G->10G(24G), 0.0184346 secs]
 [Times: user=0.22 sys=0.00, real=0.02 secs] 
2014-04-16T09:39:39.586+0900: 81.873: [GC pause (G1 Evacuation Pause) (young), 0.1284848 secs]
   [Parallel Time: 115.1 ms, GC Workers: 13]
      [GC Worker Start (ms): Min: 81873.6, Avg: 81873.7, Max: 81873.8, Diff: 0.2]
      [Ext Root Scanning (ms): Min: 1.1, Avg: 1.5, Max: 1.8, Diff: 0.7, Sum: 19.5]
      [Update RS (ms): Min: 6.4, Avg: 6.9, Max: 7.5, Diff: 1.1, Sum: 89.3]
         [Processed Buffers: Min: 6, Avg: 16.5, Max: 24, Diff: 18, Sum: 215]
      [Scan RS (ms): Min: 12.0, Avg: 12.7, Max: 13.0, Diff: 1.0, Sum: 165.1]
      [Code Root Scanning (ms): Min: 0.0, Avg: 0.0, Max: 0.0, Diff: 0.0, Sum: 0.1]
      [Object Copy (ms): Min: 93.5, Avg: 93.7, Max: 94.2, Diff: 0.7, Sum: 1218.7]
      [Termination (ms): Min: 0.0, Avg: 0.0, Max: 0.0, Diff: 0.0, Sum: 0.0]
      [GC Worker Other (ms): Min: 0.0, Avg: 0.1, Max: 0.1, Diff: 0.1, Sum: 1.0]
      [GC Worker Total (ms): Min: 114.8, Avg: 114.9, Max: 115.0, Diff: 0.3, Sum: 1493.7]
      [GC Worker End (ms): Min: 81988.5, Avg: 81988.6, Max: 81988.6, Diff: 0.1]
   [Code Root Fixup: 0.4 ms]
   [Code Root Migration: 0.1 ms]
   [Clear CT: 2.4 ms]
   [Other: 10.6 ms]
      [Choose CSet: 0.0 ms]
      [Ref Proc: 4.4 ms]
      [Ref Enq: 0.3 ms]
      [Free CSet: 1.8 ms]
   [Eden: 1072.0M(1072.0M)->0.0B(1072.0M) Survivors: 156.0M->156.0M Heap: 10.8G(24.0G)->10195.3M(24.0G)]
 [Times: user=1.48 sys=0.06, real=0.12 secs] 
2014-04-16T09:39:40.645+0900: 82.932: [GC pause (G1 Evacuation Pause) (mixed), 0.1429999 secs]
   [Parallel Time: 127.0 ms, GC Workers: 13]
      [GC Worker Start (ms): Min: 82933.1, Avg: 82933.2, Max: 82933.3, Diff: 0.1]
      [Ext Root Scanning (ms): Min: 1.1, Avg: 1.6, Max: 2.6, Diff: 1.4, Sum: 21.4]
      [Update RS (ms): Min: 6.4, Avg: 7.5, Max: 8.4, Diff: 2.0, Sum: 97.1]
         [Processed Buffers: Min: 11, Avg: 15.7, Max: 24, Diff: 13, Sum: 204]
      [Scan RS (ms): Min: 18.8, Avg: 19.6, Max: 20.2, Diff: 1.4, Sum: 255.3]
      [Code Root Scanning (ms): Min: 0.0, Avg: 0.0, Max: 0.0, Diff: 0.0, Sum: 0.1]
      [Object Copy (ms): Min: 97.9, Avg: 98.0, Max: 98.4, Diff: 0.5, Sum: 1273.6]
      [Termination (ms): Min: 0.0, Avg: 0.0, Max: 0.0, Diff: 0.0, Sum: 0.0]
      [GC Worker Other (ms): Min: 0.0, Avg: 0.1, Max: 0.1, Diff: 0.1, Sum: 0.9]
      [GC Worker Total (ms): Min: 126.7, Avg: 126.8, Max: 126.9, Diff: 0.2, Sum: 1648.5]
      [GC Worker End (ms): Min: 83060.0, Avg: 83060.0, Max: 83060.1, Diff: 0.1]
   [Code Root Fixup: 0.4 ms]
   [Code Root Migration: 0.1 ms]
   [Clear CT: 2.7 ms]
   [Other: 12.8 ms]
      [Choose CSet: 0.4 ms]
      [Ref Proc: 4.9 ms]
      [Ref Enq: 0.4 ms]
      [Free CSet: 2.7 ms]
   [Eden: 1072.0M(1072.0M)->0.0B(1072.0M) Survivors: 156.0M->156.0M Heap: 11.0G(24.0G)->9993.3M(24.0G)]
 [Times: user=1.63 sys=0.07, real=0.15 secs] 
2014-04-16T09:39:41.256+0900: 83.543: [GC pause (G1 Humongous Allocation) (young) (initial-mark), 0.0940008 secs]
   [Parallel Time: 81.5 ms, GC Workers: 13]
      [GC Worker Start (ms): Min: 83544.2, Avg: 83544.3, Max: 83544.4, Diff: 0.1]
      [Ext Root Scanning (ms): Min: 1.3, Avg: 1.6, Max: 3.4, Diff: 2.1, Sum: 20.7]
      [Code Root Marking (ms): Min: 0.2, Avg: 1.1, Max: 5.8, Diff: 5.6, Sum: 14.4]
      [Update RS (ms): Min: 1.3, Avg: 5.9, Max: 7.5, Diff: 6.1, Sum: 77.1]
         [Processed Buffers: Min: 4, Avg: 14.8, Max: 28, Diff: 24, Sum: 192]
      [Scan RS (ms): Min: 9.2, Avg: 9.9, Max: 10.2, Diff: 0.9, Sum: 128.4]
      [Code Root Scanning (ms): Min: 0.0, Avg: 0.0, Max: 0.0, Diff: 0.0, Sum: 0.1]
      [Object Copy (ms): Min: 62.5, Avg: 62.7, Max: 62.9, Diff: 0.5, Sum: 815.1]
      [Termination (ms): Min: 0.0, Avg: 0.0, Max: 0.0, Diff: 0.0, Sum: 0.0]
      [GC Worker Other (ms): Min: 0.0, Avg: 0.1, Max: 0.1, Diff: 0.1, Sum: 0.9]
      [GC Worker Total (ms): Min: 81.2, Avg: 81.3, Max: 81.4, Diff: 0.2, Sum: 1056.7]
      [GC Worker End (ms): Min: 83625.5, Avg: 83625.6, Max: 83625.6, Diff: 0.1]
   [Code Root Fixup: 0.4 ms]
   [Code Root Migration: 0.1 ms]
   [Clear CT: 2.3 ms]
   [Other: 9.8 ms]
      [Choose CSet: 0.0 ms]
      [Ref Proc: 3.3 ms]
      [Ref Enq: 0.2 ms]
      [Free CSet: 1.3 ms]
   [Eden: 524.0M(1072.0M)->0.0B(1132.0M) Survivors: 156.0M->96.0M Heap: 10.3G(24.0G)->10089.3M(24.0G)]
 [Times: user=1.10 sys=0.00, real=0.10 secs] 
2014-04-16T09:39:41.350+0900: 83.637: [GC concurrent-root-region-scan-start]
2014-04-16T09:39:41.378+0900: 83.665: [GC concurrent-root-region-scan-end, 0.0282182 secs]
2014-04-16T09:39:41.378+0900: 83.665: [GC concurrent-mark-start]
2014-04-16T09:39:42.840+0900: 85.127: [GC pause (G1 Evacuation Pause) (young), 0.3043011 secs]
   [Parallel Time: 291.7 ms, GC Workers: 13]
      [GC Worker Start (ms): Min: 85127.9, Avg: 85128.0, Max: 85128.1, Diff: 0.1]
      [Ext Root Scanning (ms): Min: 1.5, Avg: 1.6, Max: 2.0, Diff: 0.6, Sum: 20.3]
      [SATB Filtering (ms): Min: 0.0, Avg: 0.4, Max: 5.4, Diff: 5.4, Sum: 5.4]
      [Update RS (ms): Min: 6.8, Avg: 12.0, Max: 13.4, Diff: 6.6, Sum: 155.8]
         [Processed Buffers: Min: 10, Avg: 19.2, Max: 28, Diff: 18, Sum: 250]
      [Scan RS (ms): Min: 93.9, Avg: 95.4, Max: 96.3, Diff: 2.4, Sum: 1239.8]
      [Code Root Scanning (ms): Min: 0.0, Avg: 0.0, Max: 0.0, Diff: 0.0, Sum: 0.1]
      [Object Copy (ms): Min: 178.7, Avg: 179.7, Max: 181.6, Diff: 2.8, Sum: 2336.3]
      [Termination (ms): Min: 0.0, Avg: 2.4, Max: 2.9, Diff: 2.9, Sum: 31.6]
      [GC Worker Other (ms): Min: 0.0, Avg: 0.1, Max: 0.1, Diff: 0.1, Sum: 1.0]
      [GC Worker Total (ms): Min: 291.4, Avg: 291.6, Max: 291.6, Diff: 0.2, Sum: 3790.3]
      [GC Worker End (ms): Min: 85419.5, Avg: 85419.6, Max: 85419.6, Diff: 0.1]
   [Code Root Fixup: 0.4 ms]
   [Code Root Migration: 0.1 ms]
   [Clear CT: 2.1 ms]
   [Other: 10.0 ms]
      [Choose CSet: 0.0 ms]
      [Ref Proc: 4.3 ms]
      [Ref Enq: 0.3 ms]
      [Free CSet: 1.7 ms]
   [Eden: 1132.0M(1132.0M)->0.0B(1072.0M) Survivors: 96.0M->156.0M Heap: 11.0G(24.0G)->10.1G(24.0G)]
 [Times: user=3.16 sys=0.09, real=0.30 secs] 
2014-04-16T09:39:43.725+0900: 86.013: [GC concurrent-mark-end, 2.3471846 secs]
2014-04-16T09:39:43.727+0900: 86.014: [GC remark 86.070: [GC ref-proc, 0.0070387 secs], 0.0957008 secs]
 [Times: user=1.09 sys=0.00, real=0.09 secs] 
2014-04-16T09:39:43.824+0900: 86.111: [GC cleanup 10G->10G(24G), 0.0207450 secs]
 [Times: user=0.25 sys=0.00, real=0.02 secs] 
2014-04-16T09:39:44.394+0900: 86.682: [GC pause (G1 Evacuation Pause) (young), 0.1841971 secs]
   [Parallel Time: 171.6 ms, GC Workers: 13]
      [GC Worker Start (ms): Min: 86682.3, Avg: 86682.4, Max: 86682.4, Diff: 0.1]
      [Ext Root Scanning (ms): Min: 1.5, Avg: 1.6, Max: 1.9, Diff: 0.4, Sum: 20.7]
      [Update RS (ms): Min: 5.7, Avg: 6.0, Max: 6.7, Diff: 0.9, Sum: 78.5]
         [Processed Buffers: Min: 8, Avg: 15.8, Max: 27, Diff: 19, Sum: 205]
      [Scan RS (ms): Min: 46.9, Avg: 47.6, Max: 48.1, Diff: 1.2, Sum: 619.4]
      [Code Root Scanning (ms): Min: 0.0, Avg: 0.0, Max: 0.0, Diff: 0.0, Sum: 0.1]
      [Object Copy (ms): Min: 115.8, Avg: 116.0, Max: 116.2, Diff: 0.4, Sum: 1508.1]
      [Termination (ms): Min: 0.0, Avg: 0.0, Max: 0.1, Diff: 0.1, Sum: 0.4]
      [GC Worker Other (ms): Min: 0.0, Avg: 0.1, Max: 0.1, Diff: 0.1, Sum: 0.9]
      [GC Worker Total (ms): Min: 171.3, Avg: 171.4, Max: 171.5, Diff: 0.2, Sum: 2228.2]
      [GC Worker End (ms): Min: 86853.7, Avg: 86853.8, Max: 86853.8, Diff: 0.1]
   [Code Root Fixup: 0.4 ms]
   [Code Root Migration: 0.1 ms]
   [Clear CT: 2.2 ms]
   [Other: 9.9 ms]
      [Choose CSet: 0.0 ms]
      [Ref Proc: 3.9 ms]
      [Ref Enq: 0.4 ms]
      [Free CSet: 1.7 ms]
   [Eden: 1072.0M(1072.0M)->0.0B(1072.0M) Survivors: 156.0M->156.0M Heap: 11.1G(24.0G)->10.2G(24.0G)]
 [Times: user=2.21 sys=0.06, real=0.19 secs] 
2014-04-16T09:39:45.635+0900: 87.923: [GC pause (G1 Evacuation Pause) (mixed), 0.1287031 secs]
   [Parallel Time: 114.7 ms, GC Workers: 13]
      [GC Worker Start (ms): Min: 87924.1, Avg: 87924.2, Max: 87924.3, Diff: 0.1]
      [Ext Root Scanning (ms): Min: 1.5, Avg: 1.6, Max: 2.1, Diff: 0.7, Sum: 20.6]
      [Update RS (ms): Min: 5.4, Avg: 5.8, Max: 6.4, Diff: 0.9, Sum: 74.8]
         [Processed Buffers: Min: 7, Avg: 15.2, Max: 27, Diff: 20, Sum: 197]
      [Scan RS (ms): Min: 12.7, Avg: 13.3, Max: 13.7, Diff: 1.0, Sum: 172.4]
      [Code Root Scanning (ms): Min: 0.0, Avg: 0.0, Max: 0.0, Diff: 0.0, Sum: 0.1]
      [Object Copy (ms): Min: 93.6, Avg: 93.7, Max: 93.8, Diff: 0.2, Sum: 1218.7]
      [Termination (ms): Min: 0.0, Avg: 0.0, Max: 0.0, Diff: 0.0, Sum: 0.0]
      [GC Worker Other (ms): Min: 0.0, Avg: 0.1, Max: 0.2, Diff: 0.1, Sum: 1.1]
      [GC Worker Total (ms): Min: 114.3, Avg: 114.4, Max: 114.6, Diff: 0.3, Sum: 1487.7]
      [GC Worker End (ms): Min: 88038.6, Avg: 88038.6, Max: 88038.7, Diff: 0.1]
   [Code Root Fixup: 0.4 ms]
   [Code Root Migration: 0.1 ms]
   [Clear CT: 2.6 ms]
   [Other: 11.0 ms]
      [Choose CSet: 0.2 ms]
      [Ref Proc: 4.5 ms]
      [Ref Enq: 0.4 ms]
      [Free CSet: 2.3 ms]
   [Eden: 1072.0M(1072.0M)->0.0B(1072.0M) Survivors: 156.0M->156.0M Heap: 11.3G(24.0G)->10.2G(24.0G)]
 [Times: user=1.48 sys=0.07, real=0.13 secs] 
2014-04-16T09:39:46.709+0900: 88.996: [GC pause (G1 Evacuation Pause) (young), 0.1098834 secs]
   [Parallel Time: 98.4 ms, GC Workers: 13]
      [GC Worker Start (ms): Min: 88996.9, Avg: 88997.0, Max: 88997.0, Diff: 0.1]
      [Ext Root Scanning (ms): Min: 1.4, Avg: 1.5, Max: 1.8, Diff: 0.5, Sum: 19.1]
      [Update RS (ms): Min: 6.1, Avg: 6.9, Max: 8.1, Diff: 2.1, Sum: 90.2]
         [Processed Buffers: Min: 5, Avg: 15.4, Max: 24, Diff: 19, Sum: 200]
      [Scan RS (ms): Min: 8.2, Avg: 9.3, Max: 10.1, Diff: 1.9, Sum: 121.3]
      [Code Root Scanning (ms): Min: 0.0, Avg: 0.0, Max: 0.0, Diff: 0.0, Sum: 0.1]
      [Object Copy (ms): Min: 80.1, Avg: 80.3, Max: 80.4, Diff: 0.2, Sum: 1043.8]
      [Termination (ms): Min: 0.0, Avg: 0.0, Max: 0.0, Diff: 0.0, Sum: 0.0]
      [GC Worker Other (ms): Min: 0.0, Avg: 0.1, Max: 0.1, Diff: 0.1, Sum: 1.0]
      [GC Worker Total (ms): Min: 98.0, Avg: 98.1, Max: 98.2, Diff: 0.2, Sum: 1275.5]
      [GC Worker End (ms): Min: 89095.0, Avg: 89095.1, Max: 89095.1, Diff: 0.1]
   [Code Root Fixup: 0.4 ms]
   [Code Root Migration: 0.1 ms]
   [Clear CT: 2.3 ms]
   [Other: 8.8 ms]
      [Choose CSet: 0.0 ms]
      [Ref Proc: 3.8 ms]
      [Ref Enq: 0.4 ms]
      [Free CSet: 1.7 ms]
   [Eden: 1072.0M(1072.0M)->0.0B(1072.0M) Survivors: 156.0M->156.0M Heap: 11.2G(24.0G)->10.4G(24.0G)]
 [Times: user=1.32 sys=0.00, real=0.11 secs] 
2014-04-16T09:39:47.773+0900: 90.061: [GC pause (G1 Evacuation Pause) (young) (initial-mark), 0.1168882 secs]
   [Parallel Time: 104.2 ms, GC Workers: 13]
      [GC Worker Start (ms): Min: 90061.9, Avg: 90062.0, Max: 90062.1, Diff: 0.1]
      [Ext Root Scanning (ms): Min: 1.1, Avg: 1.4, Max: 3.2, Diff: 2.0, Sum: 18.7]
      [Code Root Marking (ms): Min: 0.1, Avg: 1.0, Max: 4.1, Diff: 4.0, Sum: 12.8]
      [Update RS (ms): Min: 3.9, Avg: 6.1, Max: 8.0, Diff: 4.1, Sum: 79.8]
         [Processed Buffers: Min: 8, Avg: 14.8, Max: 24, Diff: 16, Sum: 193]
      [Scan RS (ms): Min: 8.5, Avg: 9.7, Max: 10.3, Diff: 1.8, Sum: 125.5]
      [Code Root Scanning (ms): Min: 0.0, Avg: 0.0, Max: 0.0, Diff: 0.0, Sum: 0.1]
      [Object Copy (ms): Min: 85.4, Avg: 85.6, Max: 85.9, Diff: 0.5, Sum: 1112.7]
      [Termination (ms): Min: 0.0, Avg: 0.0, Max: 0.0, Diff: 0.0, Sum: 0.0]
      [GC Worker Other (ms): Min: 0.0, Avg: 0.1, Max: 0.2, Diff: 0.1, Sum: 1.2]
      [GC Worker Total (ms): Min: 103.8, Avg: 103.9, Max: 104.0, Diff: 0.2, Sum: 1350.9]
      [GC Worker End (ms): Min: 90165.8, Avg: 90165.9, Max: 90166.0, Diff: 0.1]
   [Code Root Fixup: 0.3 ms]
   [Code Root Migration: 0.1 ms]
   [Clear CT: 2.3 ms]
   [Other: 10.0 ms]
      [Choose CSet: 0.0 ms]
      [Ref Proc: 4.1 ms]
      [Ref Enq: 0.2 ms]
      [Free CSet: 1.7 ms]
   [Eden: 1072.0M(1072.0M)->0.0B(1072.0M) Survivors: 156.0M->156.0M Heap: 11.4G(24.0G)->10.5G(24.0G)]
 [Times: user=1.38 sys=0.02, real=0.12 secs] 
2014-04-16T09:39:47.891+0900: 90.178: [GC concurrent-root-region-scan-start]
2014-04-16T09:39:47.929+0900: 90.216: [GC concurrent-root-region-scan-end, 0.0383478 secs]
2014-04-16T09:39:47.929+0900: 90.216: [GC concurrent-mark-start]
2014-04-16T09:39:49.178+0900: 91.465: [GC pause (G1 Evacuation Pause) (young), 0.1174780 secs]
   [Parallel Time: 104.8 ms, GC Workers: 13]
      [GC Worker Start (ms): Min: 91465.4, Avg: 91465.5, Max: 91465.6, Diff: 0.1]
      [Ext Root Scanning (ms): Min: 1.2, Avg: 1.5, Max: 1.8, Diff: 0.6, Sum: 19.5]
      [SATB Filtering (ms): Min: 0.0, Avg: 0.2, Max: 2.5, Diff: 2.5, Sum: 2.5]
      [Update RS (ms): Min: 3.8, Avg: 6.6, Max: 8.2, Diff: 4.3, Sum: 85.2]
         [Processed Buffers: Min: 4, Avg: 15.8, Max: 31, Diff: 27, Sum: 205]
      [Scan RS (ms): Min: 8.4, Avg: 9.7, Max: 10.4, Diff: 2.1, Sum: 126.6]
      [Code Root Scanning (ms): Min: 0.0, Avg: 0.0, Max: 0.0, Diff: 0.0, Sum: 0.1]
      [Object Copy (ms): Min: 86.4, Avg: 86.6, Max: 87.1, Diff: 0.7, Sum: 1125.8]
      [Termination (ms): Min: 0.0, Avg: 0.0, Max: 0.0, Diff: 0.0, Sum: 0.0]
      [GC Worker Other (ms): Min: 0.0, Avg: 0.1, Max: 0.1, Diff: 0.1, Sum: 1.0]
      [GC Worker Total (ms): Min: 104.6, Avg: 104.7, Max: 104.8, Diff: 0.2, Sum: 1360.7]
      [GC Worker End (ms): Min: 91570.1, Avg: 91570.2, Max: 91570.2, Diff: 0.1]
   [Code Root Fixup: 0.4 ms]
   [Code Root Migration: 0.1 ms]
   [Clear CT: 2.4 ms]
   [Other: 9.7 ms]
      [Choose CSet: 0.0 ms]
      [Ref Proc: 4.4 ms]
      [Ref Enq: 0.3 ms]
      [Free CSet: 1.9 ms]
   [Eden: 1072.0M(1072.0M)->0.0B(1072.0M) Survivors: 156.0M->156.0M Heap: 11.6G(24.0G)->10.7G(24.0G)]
 [Times: user=1.36 sys=0.05, real=0.11 secs] 
2014-04-16T09:39:50.228+0900: 92.516: [GC concurrent-mark-end, 2.2994117 secs]
2014-04-16T09:39:50.230+0900: 92.517: [GC remark 92.549: [GC ref-proc, 0.0072677 secs], 0.0740559 secs]
 [Times: user=0.80 sys=0.00, real=0.07 secs] 
2014-04-16T09:39:50.306+0900: 92.593: [GC cleanup 11G->11G(24G), 0.0221886 secs]
 [Times: user=0.26 sys=0.00, real=0.03 secs] 
2014-04-16T09:39:50.328+0900: 92.616: [GC concurrent-cleanup-start]
2014-04-16T09:39:50.328+0900: 92.616: [GC concurrent-cleanup-end, 0.0000888 secs]
2014-04-16T09:39:50.574+0900: 92.861: [GC pause (G1 Evacuation Pause) (young), 0.1200068 secs]
   [Parallel Time: 107.6 ms, GC Workers: 13]
      [GC Worker Start (ms): Min: 92861.7, Avg: 92861.8, Max: 92861.8, Diff: 0.1]
      [Ext Root Scanning (ms): Min: 1.1, Avg: 1.6, Max: 1.9, Diff: 0.8, Sum: 20.2]
      [Update RS (ms): Min: 5.5, Avg: 6.2, Max: 7.2, Diff: 1.6, Sum: 80.2]
         [Processed Buffers: Min: 7, Avg: 14.8, Max: 23, Diff: 16, Sum: 192]
      [Scan RS (ms): Min: 8.6, Avg: 9.6, Max: 10.3, Diff: 1.7, Sum: 124.7]
      [Code Root Scanning (ms): Min: 0.0, Avg: 0.0, Max: 0.0, Diff: 0.0, Sum: 0.1]
      [Object Copy (ms): Min: 89.6, Avg: 89.7, Max: 90.0, Diff: 0.4, Sum: 1166.5]
      [Termination (ms): Min: 0.0, Avg: 0.3, Max: 0.4, Diff: 0.4, Sum: 4.4]
      [GC Worker Other (ms): Min: 0.0, Avg: 0.1, Max: 0.1, Diff: 0.1, Sum: 0.8]
      [GC Worker Total (ms): Min: 107.4, Avg: 107.5, Max: 107.6, Diff: 0.2, Sum: 1397.0]
      [GC Worker End (ms): Min: 92969.2, Avg: 92969.2, Max: 92969.3, Diff: 0.1]
   [Code Root Fixup: 0.4 ms]
   [Code Root Migration: 0.1 ms]
   [Clear CT: 2.5 ms]
   [Other: 9.4 ms]
      [Choose CSet: 0.0 ms]
      [Ref Proc: 3.9 ms]
      [Ref Enq: 0.3 ms]
      [Free CSet: 2.0 ms]
   [Eden: 1072.0M(1072.0M)->0.0B(1072.0M) Survivors: 156.0M->156.0M Heap: 11.7G(24.0G)->10.9G(24.0G)]
 [Times: user=1.39 sys=0.06, real=0.12 secs] 
2014-04-16T09:39:51.643+0900: 93.931: [GC pause (G1 Evacuation Pause) (mixed), 0.1322330 secs]
   [Parallel Time: 116.6 ms, GC Workers: 13]
      [GC Worker Start (ms): Min: 93931.7, Avg: 93931.8, Max: 93931.9, Diff: 0.1]
      [Ext Root Scanning (ms): Min: 1.4, Avg: 1.5, Max: 2.0, Diff: 0.6, Sum: 20.1]
      [Update RS (ms): Min: 5.5, Avg: 6.3, Max: 7.4, Diff: 2.0, Sum: 82.2]
         [Processed Buffers: Min: 6, Avg: 14.9, Max: 28, Diff: 22, Sum: 194]
      [Scan RS (ms): Min: 15.9, Avg: 16.9, Max: 17.5, Diff: 1.6, Sum: 220.2]
      [Code Root Scanning (ms): Min: 0.0, Avg: 0.0, Max: 0.0, Diff: 0.0, Sum: 0.1]
      [Object Copy (ms): Min: 91.3, Avg: 91.4, Max: 91.5, Diff: 0.2, Sum: 1188.2]
      [Termination (ms): Min: 0.0, Avg: 0.0, Max: 0.0, Diff: 0.0, Sum: 0.0]
      [GC Worker Other (ms): Min: 0.0, Avg: 0.1, Max: 0.1, Diff: 0.1, Sum: 1.1]
      [GC Worker Total (ms): Min: 116.2, Avg: 116.3, Max: 116.4, Diff: 0.2, Sum: 1511.9]
      [GC Worker End (ms): Min: 94048.0, Avg: 94048.1, Max: 94048.1, Diff: 0.1]
   [Code Root Fixup: 0.4 ms]
   [Code Root Migration: 0.1 ms]
   [Clear CT: 3.0 ms]
   [Other: 12.2 ms]
      [Choose CSet: 0.4 ms]
      [Ref Proc: 5.2 ms]
      [Ref Enq: 0.4 ms]
      [Free CSet: 2.7 ms]
   [Eden: 1072.0M(1072.0M)->0.0B(1072.0M) Survivors: 156.0M->156.0M Heap: 11.9G(24.0G)->10.7G(24.0G)]
 [Times: user=1.51 sys=0.07, real=0.13 secs] 
2014-04-16T09:39:52.739+0900: 95.026: [GC pause (G1 Evacuation Pause) (young), 0.1190038 secs]
   [Parallel Time: 106.7 ms, GC Workers: 13]
      [GC Worker Start (ms): Min: 95026.9, Avg: 95026.9, Max: 95027.0, Diff: 0.1]
      [Ext Root Scanning (ms): Min: 1.1, Avg: 1.5, Max: 1.8, Diff: 0.7, Sum: 19.3]
      [Update RS (ms): Min: 5.8, Avg: 6.3, Max: 7.0, Diff: 1.2, Sum: 82.1]
         [Processed Buffers: Min: 9, Avg: 14.2, Max: 25, Diff: 16, Sum: 185]
      [Scan RS (ms): Min: 9.1, Avg: 9.7, Max: 10.0, Diff: 0.9, Sum: 126.0]
      [Code Root Scanning (ms): Min: 0.0, Avg: 0.0, Max: 0.0, Diff: 0.0, Sum: 0.1]
      [Object Copy (ms): Min: 88.6, Avg: 88.9, Max: 89.2, Diff: 0.6, Sum: 1155.1]
      [Termination (ms): Min: 0.0, Avg: 0.0, Max: 0.0, Diff: 0.0, Sum: 0.0]
      [GC Worker Other (ms): Min: 0.0, Avg: 0.1, Max: 0.1, Diff: 0.1, Sum: 1.1]
      [GC Worker Total (ms): Min: 106.3, Avg: 106.4, Max: 106.6, Diff: 0.2, Sum: 1383.7]
      [GC Worker End (ms): Min: 95133.3, Avg: 95133.4, Max: 95133.4, Diff: 0.1]
   [Code Root Fixup: 0.5 ms]
   [Code Root Migration: 0.1 ms]
   [Clear CT: 2.5 ms]
   [Other: 9.3 ms]
      [Choose CSet: 0.0 ms]
      [Ref Proc: 4.2 ms]
      [Ref Enq: 0.4 ms]
      [Free CSet: 1.8 ms]
   [Eden: 1072.0M(1072.0M)->0.0B(1072.0M) Survivors: 156.0M->156.0M Heap: 11.8G(24.0G)->10.9G(24.0G)]
 [Times: user=1.44 sys=0.00, real=0.12 secs] 
2014-04-16T09:39:53.811+0900: 96.098: [GC pause (G1 Evacuation Pause) (young) (initial-mark), 0.1209276 secs]
   [Parallel Time: 107.6 ms, GC Workers: 13]
      [GC Worker Start (ms): Min: 96099.3, Avg: 96099.4, Max: 96099.4, Diff: 0.1]
      [Ext Root Scanning (ms): Min: 1.2, Avg: 1.5, Max: 3.7, Diff: 2.5, Sum: 19.4]
      [Code Root Marking (ms): Min: 0.2, Avg: 0.9, Max: 4.0, Diff: 3.8, Sum: 12.3]
      [Update RS (ms): Min: 5.5, Avg: 7.3, Max: 8.4, Diff: 2.9, Sum: 94.3]
         [Processed Buffers: Min: 7, Avg: 14.7, Max: 22, Diff: 15, Sum: 191]
      [Scan RS (ms): Min: 8.7, Avg: 9.6, Max: 10.1, Diff: 1.4, Sum: 124.9]
      [Code Root Scanning (ms): Min: 0.0, Avg: 0.0, Max: 0.0, Diff: 0.0, Sum: 0.1]
      [Object Copy (ms): Min: 87.8, Avg: 88.0, Max: 88.4, Diff: 0.6, Sum: 1143.5]
      [Termination (ms): Min: 0.0, Avg: 0.0, Max: 0.0, Diff: 0.0, Sum: 0.1]
      [GC Worker Other (ms): Min: 0.0, Avg: 0.1, Max: 0.1, Diff: 0.1, Sum: 1.0]
      [GC Worker Total (ms): Min: 107.2, Avg: 107.4, Max: 107.4, Diff: 0.2, Sum: 1395.6]
      [GC Worker End (ms): Min: 96206.7, Avg: 96206.7, Max: 96206.8, Diff: 0.1]
   [Code Root Fixup: 0.4 ms]
   [Code Root Migration: 0.1 ms]
   [Clear CT: 2.4 ms]
   [Other: 10.4 ms]
      [Choose CSet: 0.0 ms]
      [Ref Proc: 4.2 ms]
      [Ref Enq: 0.4 ms]
      [Free CSet: 1.8 ms]
   [Eden: 1072.0M(1072.0M)->0.0B(1072.0M) Survivors: 156.0M->156.0M Heap: 11.9G(24.0G)->11.1G(24.0G)]
 [Times: user=1.45 sys=0.00, real=0.12 secs] 
2014-04-16T09:39:53.932+0900: 96.219: [GC concurrent-root-region-scan-start]
2014-04-16T09:39:53.982+0900: 96.269: [GC concurrent-root-region-scan-end, 0.0495225 secs]
2014-04-16T09:39:53.982+0900: 96.269: [GC concurrent-mark-start]
2014-04-16T09:39:55.206+0900: 97.493: [GC pause (G1 Evacuation Pause) (young), 0.1179933 secs]
   [Parallel Time: 105.7 ms, GC Workers: 13]
      [GC Worker Start (ms): Min: 97493.4, Avg: 97493.5, Max: 97493.6, Diff: 0.1]
      [Ext Root Scanning (ms): Min: 1.4, Avg: 1.5, Max: 1.8, Diff: 0.4, Sum: 19.9]
      [SATB Filtering (ms): Min: 0.0, Avg: 0.2, Max: 2.6, Diff: 2.6, Sum: 2.6]
      [Update RS (ms): Min: 3.2, Avg: 6.1, Max: 7.2, Diff: 4.1, Sum: 79.2]
         [Processed Buffers: Min: 6, Avg: 14.5, Max: 26, Diff: 20, Sum: 189]
      [Scan RS (ms): Min: 9.1, Avg: 10.1, Max: 10.8, Diff: 1.7, Sum: 130.9]
      [Code Root Scanning (ms): Min: 0.0, Avg: 0.0, Max: 0.0, Diff: 0.0, Sum: 0.1]
      [Object Copy (ms): Min: 87.3, Avg: 87.4, Max: 87.6, Diff: 0.3, Sum: 1136.3]
      [Termination (ms): Min: 0.0, Avg: 0.1, Max: 0.2, Diff: 0.2, Sum: 1.8]
      [GC Worker Other (ms): Min: 0.0, Avg: 0.0, Max: 0.1, Diff: 0.1, Sum: 0.5]
      [GC Worker Total (ms): Min: 105.4, Avg: 105.5, Max: 105.6, Diff: 0.2, Sum: 1371.3]
      [GC Worker End (ms): Min: 97599.0, Avg: 97599.0, Max: 97599.1, Diff: 0.1]
   [Code Root Fixup: 0.3 ms]
   [Code Root Migration: 0.1 ms]
   [Clear CT: 2.6 ms]
   [Other: 9.3 ms]
      [Choose CSet: 0.0 ms]
      [Ref Proc: 4.1 ms]
      [Ref Enq: 0.4 ms]
      [Free CSet: 1.8 ms]
   [Eden: 1072.0M(1072.0M)->0.0B(1072.0M) Survivors: 156.0M->156.0M Heap: 12.1G(24.0G)->11.2G(24.0G)]
 [Times: user=1.37 sys=0.06, real=0.12 secs] 
2014-04-16T09:39:56.205+0900: 98.492: [GC concurrent-mark-end, 2.2232511 secs]
2014-04-16T09:39:56.206+0900: 98.494: [GC remark 98.528: [GC ref-proc, 0.0071317 secs], 0.0772562 secs]
 [Times: user=0.85 sys=0.00, real=0.08 secs] 
2014-04-16T09:39:56.285+0900: 98.573: [GC cleanup 11G->11G(24G), 0.0212424 secs]
 [Times: user=0.26 sys=0.00, real=0.02 secs] 
2014-04-16T09:39:56.609+0900: 98.896: [GC pause (G1 Evacuation Pause) (young), 0.1206018 secs]
   [Parallel Time: 107.9 ms, GC Workers: 13]
      [GC Worker Start (ms): Min: 98896.9, Avg: 98896.9, Max: 98897.0, Diff: 0.1]
      [Ext Root Scanning (ms): Min: 1.4, Avg: 1.5, Max: 1.7, Diff: 0.3, Sum: 19.3]
      [Update RS (ms): Min: 5.7, Avg: 6.1, Max: 6.5, Diff: 0.7, Sum: 79.3]
         [Processed Buffers: Min: 3, Avg: 15.1, Max: 28, Diff: 25, Sum: 196]
      [Scan RS (ms): Min: 9.1, Avg: 9.7, Max: 10.2, Diff: 1.1, Sum: 126.4]
      [Code Root Scanning (ms): Min: 0.0, Avg: 0.0, Max: 0.0, Diff: 0.0, Sum: 0.1]
      [Object Copy (ms): Min: 90.1, Avg: 90.2, Max: 90.3, Diff: 0.2, Sum: 1172.7]
      [Termination (ms): Min: 0.0, Avg: 0.0, Max: 0.0, Diff: 0.0, Sum: 0.0]
      [GC Worker Other (ms): Min: 0.0, Avg: 0.1, Max: 0.1, Diff: 0.1, Sum: 1.1]
      [GC Worker Total (ms): Min: 107.5, Avg: 107.6, Max: 107.7, Diff: 0.2, Sum: 1398.9]
      [GC Worker End (ms): Min: 99004.5, Avg: 99004.6, Max: 99004.6, Diff: 0.1]
   [Code Root Fixup: 0.4 ms]
   [Code Root Migration: 0.1 ms]
   [Clear CT: 2.5 ms]
   [Other: 9.7 ms]
      [Choose CSet: 0.0 ms]
      [Ref Proc: 4.2 ms]
      [Ref Enq: 0.3 ms]
      [Free CSet: 2.1 ms]
   [Eden: 1072.0M(1072.0M)->0.0B(1072.0M) Survivors: 156.0M->156.0M Heap: 12.3G(24.0G)->11.4G(24.0G)]
 [Times: user=1.39 sys=0.07, real=0.12 secs] 
2014-04-16T09:39:57.669+0900: 99.957: [GC pause (G1 Evacuation Pause) (mixed), 0.1398868 secs]
   [Parallel Time: 123.6 ms, GC Workers: 13]
      [GC Worker Start (ms): Min: 99957.7, Avg: 99957.8, Max: 99957.9, Diff: 0.2]
      [Ext Root Scanning (ms): Min: 0.9, Avg: 1.5, Max: 2.4, Diff: 1.5, Sum: 19.6]
      [Update RS (ms): Min: 6.3, Avg: 6.7, Max: 7.6, Diff: 1.3, Sum: 86.9]
         [Processed Buffers: Min: 7, Avg: 14.9, Max: 22, Diff: 15, Sum: 194]
      [Scan RS (ms): Min: 15.7, Avg: 17.3, Max: 17.7, Diff: 2.1, Sum: 224.6]
      [Code Root Scanning (ms): Min: 0.0, Avg: 0.0, Max: 0.0, Diff: 0.0, Sum: 0.1]
      [Object Copy (ms): Min: 97.4, Avg: 97.5, Max: 97.9, Diff: 0.5, Sum: 1267.4]
      [Termination (ms): Min: 0.0, Avg: 0.3, Max: 0.3, Diff: 0.3, Sum: 3.8]
      [GC Worker Other (ms): Min: 0.0, Avg: 0.1, Max: 0.1, Diff: 0.1, Sum: 0.8]
      [GC Worker Total (ms): Min: 123.2, Avg: 123.3, Max: 123.4, Diff: 0.2, Sum: 1603.2]
      [GC Worker End (ms): Min: 100081.1, Avg: 100081.1, Max: 100081.2, Diff: 0.1]
   [Code Root Fixup: 0.4 ms]
   [Code Root Migration: 0.1 ms]
   [Clear CT: 3.2 ms]
   [Other: 12.6 ms]
      [Choose CSet: 0.4 ms]
      [Ref Proc: 4.7 ms]
      [Ref Enq: 0.3 ms]
      [Free CSet: 3.1 ms]
   [Eden: 1072.0M(1072.0M)->0.0B(1072.0M) Survivors: 156.0M->156.0M Heap: 12.5G(24.0G)->11.2G(24.0G)]
 [Times: user=1.61 sys=0.06, real=0.14 secs] 
2014-04-16T09:39:58.836+0900: 101.123: [GC pause (G1 Evacuation Pause) (young), 0.1013970 secs]
   [Parallel Time: 89.1 ms, GC Workers: 13]
      [GC Worker Start (ms): Min: 101123.9, Avg: 101123.9, Max: 101124.0, Diff: 0.1]
      [Ext Root Scanning (ms): Min: 1.1, Avg: 1.5, Max: 1.9, Diff: 0.8, Sum: 19.7]
      [Update RS (ms): Min: 6.8, Avg: 7.1, Max: 7.6, Diff: 0.8, Sum: 92.9]
         [Processed Buffers: Min: 9, Avg: 14.8, Max: 31, Diff: 22, Sum: 192]
      [Scan RS (ms): Min: 9.4, Avg: 9.8, Max: 10.1, Diff: 0.8, Sum: 127.6]
      [Code Root Scanning (ms): Min: 0.0, Avg: 0.0, Max: 0.0, Diff: 0.0, Sum: 0.1]
      [Object Copy (ms): Min: 70.1, Avg: 70.3, Max: 70.6, Diff: 0.4, Sum: 913.7]
      [Termination (ms): Min: 0.0, Avg: 0.0, Max: 0.0, Diff: 0.0, Sum: 0.0]
      [GC Worker Other (ms): Min: 0.0, Avg: 0.1, Max: 0.2, Diff: 0.1, Sum: 1.1]
      [GC Worker Total (ms): Min: 88.8, Avg: 88.8, Max: 88.9, Diff: 0.2, Sum: 1155.0]
      [GC Worker End (ms): Min: 101212.7, Avg: 101212.8, Max: 101212.9, Diff: 0.1]
   [Code Root Fixup: 0.4 ms]
   [Code Root Migration: 0.1 ms]
   [Clear CT: 2.6 ms]
   [Other: 9.1 ms]
      [Choose CSet: 0.0 ms]
      [Ref Proc: 3.6 ms]
      [Ref Enq: 0.3 ms]
      [Free CSet: 1.8 ms]
   [Eden: 1072.0M(1072.0M)->0.0B(1072.0M) Survivors: 156.0M->156.0M Heap: 12.3G(24.0G)->11.4G(24.0G)]
 [Times: user=1.21 sys=0.00, real=0.10 secs] 
2014-04-16T09:39:59.967+0900: 102.254: [GC pause (G1 Evacuation Pause) (young) (initial-mark), 0.0865804 secs]
   [Parallel Time: 73.5 ms, GC Workers: 13]
      [GC Worker Start (ms): Min: 102255.8, Avg: 102255.9, Max: 102255.9, Diff: 0.1]
      [Ext Root Scanning (ms): Min: 1.2, Avg: 1.3, Max: 2.7, Diff: 1.5, Sum: 17.5]
      [Code Root Marking (ms): Min: 0.1, Avg: 1.2, Max: 5.6, Diff: 5.5, Sum: 15.5]
      [Update RS (ms): Min: 2.5, Avg: 6.9, Max: 8.0, Diff: 5.5, Sum: 90.2]
         [Processed Buffers: Min: 8, Avg: 15.2, Max: 32, Diff: 24, Sum: 197]
      [Scan RS (ms): Min: 8.4, Avg: 9.2, Max: 9.4, Diff: 1.0, Sum: 119.9]
      [Code Root Scanning (ms): Min: 0.0, Avg: 0.0, Max: 0.0, Diff: 0.0, Sum: 0.1]
      [Object Copy (ms): Min: 54.3, Avg: 54.5, Max: 54.8, Diff: 0.5, Sum: 709.0]
      [Termination (ms): Min: 0.0, Avg: 0.0, Max: 0.0, Diff: 0.0, Sum: 0.2]
      [GC Worker Other (ms): Min: 0.0, Avg: 0.1, Max: 0.1, Diff: 0.1, Sum: 1.0]
      [GC Worker Total (ms): Min: 73.2, Avg: 73.3, Max: 73.5, Diff: 0.2, Sum: 953.3]
      [GC Worker End (ms): Min: 102329.1, Avg: 102329.2, Max: 102329.3, Diff: 0.1]
   [Code Root Fixup: 0.4 ms]
   [Code Root Migration: 0.1 ms]
   [Clear CT: 2.6 ms]
   [Other: 10.0 ms]
      [Choose CSet: 0.0 ms]
      [Ref Proc: 3.2 ms]
      [Ref Enq: 0.2 ms]
      [Free CSet: 1.7 ms]
   [Eden: 1072.0M(1072.0M)->0.0B(1104.0M) Survivors: 156.0M->124.0M Heap: 12.4G(24.0G)->11.5G(24.0G)]
 [Times: user=1.01 sys=0.00, real=0.09 secs] 
2014-04-16T09:40:00.054+0900: 102.341: [GC concurrent-root-region-scan-start]
2014-04-16T09:40:00.068+0900: 102.355: [GC concurrent-root-region-scan-end, 0.0137868 secs]
2014-04-16T09:40:00.068+0900: 102.355: [GC concurrent-mark-start]
2014-04-16T09:40:01.471+0900: 103.758: [GC pause (G1 Evacuation Pause) (young), 0.0624233 secs]
   [Parallel Time: 52.1 ms, GC Workers: 13]
      [GC Worker Start (ms): Min: 103758.5, Avg: 103758.6, Max: 103758.7, Diff: 0.1]
      [Ext Root Scanning (ms): Min: 1.4, Avg: 1.5, Max: 2.1, Diff: 0.7, Sum: 19.9]
      [SATB Filtering (ms): Min: 0.0, Avg: 0.1, Max: 1.8, Diff: 1.8, Sum: 1.8]
      [Update RS (ms): Min: 4.3, Avg: 6.2, Max: 7.5, Diff: 3.2, Sum: 80.1]
         [Processed Buffers: Min: 6, Avg: 14.7, Max: 29, Diff: 23, Sum: 191]
      [Scan RS (ms): Min: 8.3, Avg: 9.3, Max: 9.6, Diff: 1.3, Sum: 120.8]
      [Code Root Scanning (ms): Min: 0.0, Avg: 0.0, Max: 0.0, Diff: 0.0, Sum: 0.1]
      [Object Copy (ms): Min: 34.2, Avg: 34.4, Max: 34.8, Diff: 0.7, Sum: 447.4]
      [Termination (ms): Min: 0.0, Avg: 0.3, Max: 0.4, Diff: 0.4, Sum: 4.5]
      [GC Worker Other (ms): Min: 0.0, Avg: 0.1, Max: 0.1, Diff: 0.1, Sum: 0.9]
      [GC Worker Total (ms): Min: 51.9, Avg: 52.0, Max: 52.1, Diff: 0.2, Sum: 675.5]
      [GC Worker End (ms): Min: 103810.5, Avg: 103810.5, Max: 103810.6, Diff: 0.1]
   [Code Root Fixup: 0.4 ms]
   [Code Root Migration: 0.1 ms]
   [Clear CT: 2.6 ms]
   [Other: 7.1 ms]
      [Choose CSet: 0.0 ms]
      [Ref Proc: 2.6 ms]
      [Ref Enq: 0.2 ms]
      [Free CSet: 1.6 ms]
   [Eden: 1104.0M(1104.0M)->0.0B(1092.0M) Survivors: 124.0M->136.0M Heap: 12.6G(24.0G)->11.6G(24.0G)]
 [Times: user=0.72 sys=0.00, real=0.06 secs] 
2014-04-16T09:40:02.453+0900: 104.740: [GC concurrent-mark-end, 2.3854118 secs]
2014-04-16T09:40:02.455+0900: 104.742: [GC remark 104.757: [GC ref-proc, 0.0167591 secs], 0.0678485 secs]
 [Times: user=0.73 sys=0.00, real=0.07 secs] 
2014-04-16T09:40:02.524+0900: 104.812: [GC cleanup 12G->12G(24G), 0.0215951 secs]
 [Times: user=0.26 sys=0.00, real=0.02 secs] 
2014-04-16T09:40:02.911+0900: 105.199: [GC pause (G1 Evacuation Pause) (young), 0.0681324 secs]
   [Parallel Time: 57.5 ms, GC Workers: 13]
      [GC Worker Start (ms): Min: 105199.4, Avg: 105199.5, Max: 105199.5, Diff: 0.1]
      [Ext Root Scanning (ms): Min: 1.4, Avg: 1.5, Max: 1.8, Diff: 0.4, Sum: 19.6]
      [Update RS (ms): Min: 6.1, Avg: 6.7, Max: 7.2, Diff: 1.1, Sum: 87.7]
         [Processed Buffers: Min: 8, Avg: 14.2, Max: 27, Diff: 19, Sum: 185]
      [Scan RS (ms): Min: 8.6, Avg: 9.2, Max: 9.4, Diff: 0.8, Sum: 119.2]
      [Code Root Scanning (ms): Min: 0.0, Avg: 0.0, Max: 0.0, Diff: 0.0, Sum: 0.1]
      [Object Copy (ms): Min: 39.4, Avg: 39.5, Max: 39.8, Diff: 0.4, Sum: 514.0]
      [Termination (ms): Min: 0.0, Avg: 0.2, Max: 0.2, Diff: 0.2, Sum: 2.6]
      [GC Worker Other (ms): Min: 0.0, Avg: 0.1, Max: 0.1, Diff: 0.1, Sum: 0.7]
      [GC Worker Total (ms): Min: 57.1, Avg: 57.2, Max: 57.3, Diff: 0.2, Sum: 743.9]
      [GC Worker End (ms): Min: 105256.7, Avg: 105256.7, Max: 105256.8, Diff: 0.1]
   [Code Root Fixup: 0.4 ms]
   [Code Root Migration: 0.1 ms]
   [Clear CT: 3.0 ms]
   [Other: 7.1 ms]
      [Choose CSet: 0.0 ms]
      [Ref Proc: 2.4 ms]
      [Ref Enq: 0.2 ms]
      [Free CSet: 1.6 ms]
   [Eden: 1092.0M(1092.0M)->0.0B(1092.0M) Survivors: 136.0M->136.0M Heap: 12.7G(24.0G)->11.8G(24.0G)]
 [Times: user=0.73 sys=0.06, real=0.07 secs] 
2014-04-16T09:40:03.673+0900: 105.960: [GC pause (G1 Evacuation Pause) (mixed), 0.0568209 secs]
   [Parallel Time: 43.1 ms, GC Workers: 13]
      [GC Worker Start (ms): Min: 105960.7, Avg: 105960.9, Max: 105961.1, Diff: 0.4]
      [Ext Root Scanning (ms): Min: 1.4, Avg: 1.7, Max: 2.4, Diff: 1.0, Sum: 21.9]
      [Update RS (ms): Min: 3.2, Avg: 4.4, Max: 5.0, Diff: 1.9, Sum: 57.4]
         [Processed Buffers: Min: 5, Avg: 15.7, Max: 29, Diff: 24, Sum: 204]
      [Scan RS (ms): Min: 11.6, Avg: 12.1, Max: 12.5, Diff: 0.9, Sum: 157.3]
      [Code Root Scanning (ms): Min: 0.0, Avg: 0.0, Max: 0.0, Diff: 0.0, Sum: 0.1]
      [Object Copy (ms): Min: 23.7, Avg: 23.8, Max: 24.1, Diff: 0.5, Sum: 309.1]
      [Termination (ms): Min: 0.0, Avg: 0.4, Max: 0.4, Diff: 0.4, Sum: 5.0]
      [GC Worker Other (ms): Min: 0.0, Avg: 0.1, Max: 0.2, Diff: 0.1, Sum: 0.7]
      [GC Worker Total (ms): Min: 42.2, Avg: 42.4, Max: 42.7, Diff: 0.5, Sum: 551.5]
      [GC Worker End (ms): Min: 106003.3, Avg: 106003.4, Max: 106003.5, Diff: 0.2]
   [Code Root Fixup: 0.2 ms]
   [Code Root Migration: 0.1 ms]
   [Clear CT: 3.0 ms]
   [Other: 10.4 ms]
      [Choose CSet: 0.4 ms]
      [Ref Proc: 5.0 ms]
      [Ref Enq: 0.2 ms]
      [Free CSet: 2.1 ms]
   [Eden: 1092.0M(1092.0M)->0.0B(1184.0M) Survivors: 136.0M->44.0M Heap: 12.8G(24.0G)->11.4G(24.0G)]
 [Times: user=0.65 sys=0.01, real=0.06 secs] 
2014-04-16T09:40:04.211+0900: 106.498: [GC pause (G1 Humongous Allocation) (young) (initial-mark), 0.0212098 secs]
   [Parallel Time: 10.8 ms, GC Workers: 13]
      [GC Worker Start (ms): Min: 106499.0, Avg: 106499.2, Max: 106499.4, Diff: 0.4]
      [Ext Root Scanning (ms): Min: 1.3, Avg: 1.8, Max: 4.4, Diff: 3.1, Sum: 23.2]
      [Code Root Marking (ms): Min: 0.2, Avg: 1.2, Max: 6.4, Diff: 6.2, Sum: 15.0]
      [Update RS (ms): Min: 0.0, Avg: 1.4, Max: 2.6, Diff: 2.6, Sum: 17.9]
         [Processed Buffers: Min: 0, Avg: 5.0, Max: 16, Diff: 16, Sum: 65]
      [Scan RS (ms): Min: 0.1, Avg: 1.6, Max: 2.3, Diff: 2.2, Sum: 20.3]
      [Code Root Scanning (ms): Min: 0.0, Avg: 0.0, Max: 0.0, Diff: 0.0, Sum: 0.1]
      [Object Copy (ms): Min: 2.1, Avg: 4.1, Max: 4.8, Diff: 2.7, Sum: 53.9]
      [Termination (ms): Min: 0.0, Avg: 0.0, Max: 0.0, Diff: 0.0, Sum: 0.0]
      [GC Worker Other (ms): Min: 0.0, Avg: 0.1, Max: 0.2, Diff: 0.2, Sum: 1.1]
      [GC Worker Total (ms): Min: 9.9, Avg: 10.1, Max: 10.4, Diff: 0.5, Sum: 131.3]
      [GC Worker End (ms): Min: 106509.2, Avg: 106509.3, Max: 106509.4, Diff: 0.2]
   [Code Root Fixup: 0.2 ms]
   [Code Root Migration: 0.1 ms]
   [Clear CT: 1.2 ms]
   [Other: 8.8 ms]
      [Choose CSet: 0.0 ms]
      [Ref Proc: 6.0 ms]
      [Ref Enq: 0.2 ms]
      [Free CSet: 0.8 ms]
   [Eden: 1004.0M(1184.0M)->0.0B(1188.0M) Survivors: 44.0M->40.0M Heap: 12.4G(24.0G)->11.4G(24.0G)]
 [Times: user=0.17 sys=0.00, real=0.02 secs] 
2014-04-16T09:40:04.232+0900: 106.520: [GC concurrent-root-region-scan-start]
2014-04-16T09:40:04.242+0900: 106.530: [GC concurrent-root-region-scan-end, 0.0100848 secs]
2014-04-16T09:40:04.242+0900: 106.530: [GC concurrent-mark-start]
2014-04-16T09:40:05.501+0900: 107.788: [GC pause (G1 Evacuation Pause) (young), 0.0763328 secs]
   [Parallel Time: 64.0 ms, GC Workers: 13]
      [GC Worker Start (ms): Min: 107788.5, Avg: 107788.6, Max: 107788.7, Diff: 0.3]
      [Ext Root Scanning (ms): Min: 0.8, Avg: 1.4, Max: 3.3, Diff: 2.5, Sum: 17.6]
      [SATB Filtering (ms): Min: 0.0, Avg: 0.1, Max: 1.0, Diff: 1.0, Sum: 1.0]
      [Update RS (ms): Min: 1.0, Avg: 2.5, Max: 3.7, Diff: 2.7, Sum: 32.7]
         [Processed Buffers: Min: 0, Avg: 6.2, Max: 22, Diff: 22, Sum: 80]
      [Scan RS (ms): Min: 8.5, Avg: 9.5, Max: 10.2, Diff: 1.7, Sum: 123.7]
      [Code Root Scanning (ms): Min: 0.0, Avg: 0.0, Max: 0.0, Diff: 0.0, Sum: 0.2]
      [Object Copy (ms): Min: 48.3, Avg: 49.5, Max: 50.0, Diff: 1.7, Sum: 642.9]
      [Termination (ms): Min: 0.0, Avg: 0.3, Max: 0.4, Diff: 0.4, Sum: 3.8]
      [GC Worker Other (ms): Min: 0.0, Avg: 0.0, Max: 0.1, Diff: 0.1, Sum: 0.6]
      [GC Worker Total (ms): Min: 63.1, Avg: 63.3, Max: 63.8, Diff: 0.7, Sum: 822.6]
      [GC Worker End (ms): Min: 107851.8, Avg: 107851.9, Max: 107852.3, Diff: 0.4]
   [Code Root Fixup: 0.3 ms]
   [Code Root Migration: 0.2 ms]
   [Clear CT: 3.3 ms]
   [Other: 8.5 ms]
      [Choose CSet: 0.0 ms]
      [Ref Proc: 4.5 ms]
      [Ref Enq: 0.3 ms]
      [Free CSet: 1.6 ms]
   [Eden: 1188.0M(1188.0M)->0.0B(1072.0M) Survivors: 40.0M->156.0M Heap: 13.2G(24.0G)->12.3G(24.0G)]
 [Times: user=0.86 sys=0.18, real=0.07 secs] 
2014-04-16T09:40:06.513+0900: 108.800: [GC concurrent-mark-end, 2.2703454 secs]
2014-04-16T09:40:06.515+0900: 108.803: [GC remark 108.804: [GC ref-proc, 0.0168100 secs], 0.0523106 secs]
 [Times: user=0.56 sys=0.00, real=0.05 secs] 
2014-04-16T09:40:06.571+0900: 108.858: [GC cleanup 13G->13G(24G), 0.0235843 secs]
 [Times: user=0.30 sys=0.00, real=0.02 secs] 
2014-04-16T09:40:06.676+0900: 108.964: [GC pause (G1 Evacuation Pause) (young), 0.1208409 secs]
   [Parallel Time: 108.1 ms, GC Workers: 13]
      [GC Worker Start (ms): Min: 108964.1, Avg: 108964.2, Max: 108964.3, Diff: 0.2]
      [Ext Root Scanning (ms): Min: 0.9, Avg: 1.3, Max: 2.8, Diff: 1.9, Sum: 17.0]
      [Update RS (ms): Min: 0.8, Avg: 1.7, Max: 3.1, Diff: 2.3, Sum: 21.9]
         [Processed Buffers: Min: 0, Avg: 6.8, Max: 17, Diff: 17, Sum: 88]
      [Scan RS (ms): Min: 19.7, Avg: 21.3, Max: 21.6, Diff: 1.9, Sum: 276.8]
      [Code Root Scanning (ms): Min: 0.0, Avg: 0.0, Max: 0.1, Diff: 0.0, Sum: 0.2]
      [Object Copy (ms): Min: 81.9, Avg: 83.0, Max: 83.9, Diff: 2.0, Sum: 1079.2]
      [Termination (ms): Min: 0.0, Avg: 0.3, Max: 0.4, Diff: 0.4, Sum: 4.5]
      [GC Worker Other (ms): Min: 0.0, Avg: 0.1, Max: 0.2, Diff: 0.2, Sum: 1.2]
      [GC Worker Total (ms): Min: 107.6, Avg: 107.7, Max: 107.9, Diff: 0.3, Sum: 1400.6]
      [GC Worker End (ms): Min: 109071.9, Avg: 109072.0, Max: 109072.1, Diff: 0.2]
   [Code Root Fixup: 0.4 ms]
   [Code Root Migration: 0.2 ms]
   [Clear CT: 3.2 ms]
   [Other: 8.9 ms]
      [Choose CSet: 0.0 ms]
      [Ref Proc: 2.9 ms]
      [Ref Enq: 0.2 ms]
      [Free CSet: 1.8 ms]
   [Eden: 1072.0M(1072.0M)->0.0B(1072.0M) Survivors: 156.0M->156.0M Heap: 13.8G(24.0G)->12.9G(24.0G)]
 [Times: user=1.01 sys=0.35, real=0.12 secs] 
2014-04-16T09:40:08.027+0900: 110.314: [GC pause (G1 Evacuation Pause) (mixed), 0.1416160 secs]
   [Parallel Time: 119.9 ms, GC Workers: 13]
      [GC Worker Start (ms): Min: 110315.1, Avg: 110315.3, Max: 110315.4, Diff: 0.3]
      [Ext Root Scanning (ms): Min: 1.4, Avg: 1.6, Max: 2.7, Diff: 1.3, Sum: 20.7]
      [Update RS (ms): Min: 1.2, Avg: 2.6, Max: 3.5, Diff: 2.3, Sum: 33.8]
         [Processed Buffers: Min: 0, Avg: 6.6, Max: 19, Diff: 19, Sum: 86]
      [Scan RS (ms): Min: 35.4, Avg: 36.2, Max: 36.8, Diff: 1.5, Sum: 470.1]
      [Code Root Scanning (ms): Min: 0.0, Avg: 0.0, Max: 0.4, Diff: 0.4, Sum: 0.6]
      [Object Copy (ms): Min: 78.6, Avg: 78.6, Max: 78.7, Diff: 0.1, Sum: 1021.9]
      [Termination (ms): Min: 0.0, Avg: 0.0, Max: 0.0, Diff: 0.0, Sum: 0.2]
      [GC Worker Other (ms): Min: 0.0, Avg: 0.1, Max: 0.3, Diff: 0.3, Sum: 1.6]
      [GC Worker Total (ms): Min: 118.9, Avg: 119.1, Max: 119.3, Diff: 0.3, Sum: 1548.8]
      [GC Worker End (ms): Min: 110434.3, Avg: 110434.4, Max: 110434.6, Diff: 0.3]
   [Code Root Fixup: 0.6 ms]
   [Code Root Migration: 0.7 ms]
   [Clear CT: 3.9 ms]
   [Other: 16.5 ms]
      [Choose CSet: 0.7 ms]
      [Ref Proc: 6.8 ms]
      [Ref Enq: 0.5 ms]
      [Free CSet: 3.4 ms]
   [Eden: 1072.0M(1072.0M)->0.0B(1072.0M) Survivors: 156.0M->156.0M Heap: 14.4G(24.0G)->13.0G(24.0G)]
 [Times: user=1.44 sys=0.18, real=0.14 secs] 
2014-04-16T09:40:09.200+0900: 111.487: [GC pause (G1 Evacuation Pause) (mixed), 0.1002823 secs]
   [Parallel Time: 86.3 ms, GC Workers: 13]
      [GC Worker Start (ms): Min: 111488.0, Avg: 111488.1, Max: 111488.2, Diff: 0.3]
      [Ext Root Scanning (ms): Min: 1.3, Avg: 1.5, Max: 2.2, Diff: 0.9, Sum: 19.7]
      [Update RS (ms): Min: 2.1, Avg: 2.9, Max: 3.4, Diff: 1.3, Sum: 38.1]
         [Processed Buffers: Min: 1, Avg: 7.5, Max: 25, Diff: 24, Sum: 98]
      [Scan RS (ms): Min: 24.3, Avg: 24.8, Max: 25.4, Diff: 1.1, Sum: 322.3]
      [Code Root Scanning (ms): Min: 0.0, Avg: 0.0, Max: 0.0, Diff: 0.0, Sum: 0.1]
      [Object Copy (ms): Min: 56.4, Avg: 56.6, Max: 56.7, Diff: 0.3, Sum: 735.2]
      [Termination (ms): Min: 0.0, Avg: 0.0, Max: 0.0, Diff: 0.0, Sum: 0.0]
      [GC Worker Other (ms): Min: 0.0, Avg: 0.1, Max: 0.2, Diff: 0.2, Sum: 1.3]
      [GC Worker Total (ms): Min: 85.7, Avg: 85.9, Max: 86.2, Diff: 0.4, Sum: 1116.8]
      [GC Worker End (ms): Min: 111574.0, Avg: 111574.0, Max: 111574.1, Diff: 0.2]
   [Code Root Fixup: 0.2 ms]
   [Code Root Migration: 0.1 ms]
   [Clear CT: 3.5 ms]
   [Other: 10.1 ms]
      [Choose CSet: 0.2 ms]
      [Ref Proc: 3.4 ms]
      [Ref Enq: 0.2 ms]
      [Free CSet: 2.1 ms]
   [Eden: 1072.0M(1072.0M)->0.0B(1072.0M) Survivors: 156.0M->156.0M Heap: 14.5G(24.0G)->13.5G(24.0G)]
 [Times: user=1.17 sys=0.00, real=0.11 secs] 
2014-04-16T09:40:09.332+0900: 111.620: [GC pause (G1 Humongous Allocation) (young) (initial-mark), 0.0874376 secs]
   [Parallel Time: 79.0 ms, GC Workers: 13]
      [GC Worker Start (ms): Min: 111620.3, Avg: 111620.3, Max: 111620.4, Diff: 0.2]
      [Ext Root Scanning (ms): Min: 1.0, Avg: 1.3, Max: 3.1, Diff: 2.1, Sum: 17.1]
      [Code Root Marking (ms): Min: 0.1, Avg: 1.2, Max: 6.3, Diff: 6.1, Sum: 16.2]
      [Update RS (ms): Min: 42.1, Avg: 47.4, Max: 49.3, Diff: 7.3, Sum: 616.7]
         [Processed Buffers: Min: 17, Avg: 24.5, Max: 32, Diff: 15, Sum: 319]
      [Scan RS (ms): Min: 2.3, Avg: 3.3, Max: 3.9, Diff: 1.6, Sum: 42.5]
      [Code Root Scanning (ms): Min: 0.0, Avg: 0.0, Max: 0.0, Diff: 0.0, Sum: 0.0]
      [Object Copy (ms): Min: 25.2, Avg: 25.4, Max: 25.8, Diff: 0.5, Sum: 330.6]
      [Termination (ms): Min: 0.0, Avg: 0.0, Max: 0.0, Diff: 0.0, Sum: 0.2]
      [GC Worker Other (ms): Min: 0.0, Avg: 0.0, Max: 0.1, Diff: 0.1, Sum: 0.5]
      [GC Worker Total (ms): Min: 78.7, Avg: 78.7, Max: 78.8, Diff: 0.2, Sum: 1023.7]
      [GC Worker End (ms): Min: 111699.1, Avg: 111699.1, Max: 111699.1, Diff: 0.1]
   [Code Root Fixup: 0.2 ms]
   [Code Root Migration: 0.0 ms]
   [Clear CT: 2.1 ms]
   [Other: 6.1 ms]
      [Choose CSet: 0.0 ms]
      [Ref Proc: 2.5 ms]
      [Ref Enq: 0.2 ms]
      [Free CSet: 0.4 ms]
   [Eden: 48.0M(1072.0M)->0.0B(1204.0M) Survivors: 156.0M->24.0M Heap: 13.6G(24.0G)->13.6G(24.0G)]
 [Times: user=1.05 sys=0.00, real=0.08 secs] 
2014-04-16T09:40:09.420+0900: 111.707: [GC concurrent-root-region-scan-start]
2014-04-16T09:40:09.421+0900: 111.708: [GC concurrent-root-region-scan-end, 0.0008410 secs]
2014-04-16T09:40:09.421+0900: 111.708: [GC concurrent-mark-start]
2014-04-16T09:40:10.993+0900: 113.280: [GC concurrent-mark-end, 1.5719158 secs]
2014-04-16T09:40:10.997+0900: 113.284: [GC remark 113.286: [GC ref-proc, 0.0108173 secs], 0.0412313 secs]
 [Times: user=0.36 sys=0.01, real=0.04 secs] 
2014-04-16T09:40:11.040+0900: 113.327: [GC cleanup 14G->12G(24G), 0.0207002 secs]
 [Times: user=0.25 sys=0.00, real=0.03 secs] 
2014-04-16T09:40:11.061+0900: 113.348: [GC concurrent-cleanup-start]
2014-04-16T09:40:11.063+0900: 113.351: [GC concurrent-cleanup-end, 0.0024791 secs]
2014-04-16T09:40:12.660+0900: 114.948: [GC pause (G1 Evacuation Pause) (young), 0.0687149 secs]
   [Parallel Time: 57.4 ms, GC Workers: 13]
      [GC Worker Start (ms): Min: 114948.0, Avg: 114948.2, Max: 114948.5, Diff: 0.5]
      [Ext Root Scanning (ms): Min: 1.1, Avg: 1.5, Max: 1.7, Diff: 0.5, Sum: 18.9]
      [Update RS (ms): Min: 1.8, Avg: 3.3, Max: 5.1, Diff: 3.3, Sum: 42.4]
         [Processed Buffers: Min: 1, Avg: 7.4, Max: 23, Diff: 22, Sum: 96]
      [Scan RS (ms): Min: 10.4, Avg: 12.2, Max: 13.4, Diff: 3.0, Sum: 159.2]
      [Code Root Scanning (ms): Min: 0.0, Avg: 0.0, Max: 0.0, Diff: 0.0, Sum: 0.1]
      [Object Copy (ms): Min: 39.4, Avg: 39.6, Max: 39.8, Diff: 0.4, Sum: 514.4]
      [Termination (ms): Min: 0.0, Avg: 0.0, Max: 0.0, Diff: 0.0, Sum: 0.1]
      [GC Worker Other (ms): Min: 0.0, Avg: 0.1, Max: 0.3, Diff: 0.2, Sum: 1.7]
      [GC Worker Total (ms): Min: 56.4, Avg: 56.7, Max: 57.0, Diff: 0.6, Sum: 736.8]
      [GC Worker End (ms): Min: 115004.8, Avg: 115004.9, Max: 115005.0, Diff: 0.2]
   [Code Root Fixup: 0.2 ms]
   [Code Root Migration: 0.1 ms]
   [Clear CT: 3.1 ms]
   [Other: 7.9 ms]
      [Choose CSet: 0.0 ms]
      [Ref Proc: 3.6 ms]
      [Ref Enq: 0.2 ms]
      [Free CSet: 1.4 ms]
   [Eden: 1204.0M(1204.0M)->0.0B(1072.0M) Survivors: 24.0M->156.0M Heap: 13.4G(24.0G)->12.4G(24.0G)]
 [Times: user=0.77 sys=0.01, real=0.07 secs] 
2014-04-16T09:40:14.935+0900: 117.222: [GC pause (G1 Evacuation Pause) (mixed), 0.0875152 secs]
   [Parallel Time: 67.9 ms, GC Workers: 13]
      [GC Worker Start (ms): Min: 117222.5, Avg: 117222.8, Max: 117223.1, Diff: 0.7]
      [Ext Root Scanning (ms): Min: 1.2, Avg: 1.6, Max: 1.9, Diff: 0.6, Sum: 20.3]
      [Update RS (ms): Min: 1.2, Avg: 2.6, Max: 3.6, Diff: 2.3, Sum: 33.6]
         [Processed Buffers: Min: 0, Avg: 6.2, Max: 18, Diff: 18, Sum: 81]
      [Scan RS (ms): Min: 17.0, Avg: 17.9, Max: 18.8, Diff: 1.8, Sum: 233.2]
      [Code Root Scanning (ms): Min: 0.0, Avg: 0.0, Max: 0.0, Diff: 0.0, Sum: 0.1]
      [Object Copy (ms): Min: 44.8, Avg: 44.8, Max: 44.9, Diff: 0.1, Sum: 582.3]
      [Termination (ms): Min: 0.0, Avg: 0.0, Max: 0.0, Diff: 0.0, Sum: 0.0]
      [GC Worker Other (ms): Min: 0.0, Avg: 0.1, Max: 0.3, Diff: 0.3, Sum: 1.5]
      [GC Worker Total (ms): Min: 66.7, Avg: 67.0, Max: 67.4, Diff: 0.7, Sum: 871.1]
      [GC Worker End (ms): Min: 117289.7, Avg: 117289.8, Max: 117290.0, Diff: 0.3]
   [Code Root Fixup: 0.1 ms]
   [Code Root Migration: 0.1 ms]
   [Clear CT: 3.8 ms]
   [Other: 15.6 ms]
      [Choose CSet: 0.1 ms]
      [Ref Proc: 9.7 ms]
      [Ref Enq: 0.6 ms]
      [Free CSet: 1.9 ms]
   [Eden: 1072.0M(1072.0M)->0.0B(1104.0M) Survivors: 156.0M->124.0M Heap: 13.6G(24.0G)->12.6G(24.0G)]
 [Times: user=0.93 sys=0.01, real=0.09 secs] 
2014-04-16T09:40:16.167+0900: 118.454: [GC pause (G1 Evacuation Pause) (young), 0.0409132 secs]
   [Parallel Time: 23.2 ms, GC Workers: 13]
      [GC Worker Start (ms): Min: 118454.6, Avg: 118454.9, Max: 118455.2, Diff: 0.5]
      [Ext Root Scanning (ms): Min: 1.2, Avg: 1.5, Max: 1.7, Diff: 0.5, Sum: 19.8]
      [Update RS (ms): Min: 1.2, Avg: 1.5, Max: 1.9, Diff: 0.7, Sum: 19.3]
         [Processed Buffers: Min: 1, Avg: 6.5, Max: 14, Diff: 13, Sum: 85]
      [Scan RS (ms): Min: 6.0, Avg: 6.3, Max: 6.5, Diff: 0.5, Sum: 82.4]
      [Code Root Scanning (ms): Min: 0.0, Avg: 0.0, Max: 0.0, Diff: 0.0, Sum: 0.1]
      [Object Copy (ms): Min: 12.7, Avg: 12.9, Max: 13.0, Diff: 0.3, Sum: 167.5]
      [Termination (ms): Min: 0.0, Avg: 0.0, Max: 0.0, Diff: 0.0, Sum: 0.0]
      [GC Worker Other (ms): Min: 0.0, Avg: 0.1, Max: 0.3, Diff: 0.3, Sum: 1.9]
      [GC Worker Total (ms): Min: 22.0, Avg: 22.4, Max: 22.9, Diff: 0.8, Sum: 290.9]
      [GC Worker End (ms): Min: 118477.2, Avg: 118477.3, Max: 118477.5, Diff: 0.3]
   [Code Root Fixup: 0.1 ms]
   [Code Root Migration: 0.1 ms]
   [Clear CT: 3.4 ms]
   [Other: 14.1 ms]
      [Choose CSet: 0.0 ms]
      [Ref Proc: 10.6 ms]
      [Ref Enq: 0.7 ms]
      [Free CSet: 1.3 ms]
   [Eden: 1104.0M(1104.0M)->0.0B(1200.0M) Survivors: 124.0M->28.0M Heap: 13.7G(24.0G)->12.6G(24.0G)]
 [Times: user=0.34 sys=0.00, real=0.04 secs] 
2014-04-16T09:40:16.616+0900: 118.903: [GC pause (G1 Humongous Allocation) (young) (initial-mark), 0.0227219 secs]
   [Parallel Time: 9.2 ms, GC Workers: 13]
      [GC Worker Start (ms): Min: 118903.7, Avg: 118904.0, Max: 118904.3, Diff: 0.6]
      [Ext Root Scanning (ms): Min: 1.0, Avg: 1.4, Max: 3.4, Diff: 2.4, Sum: 18.2]
      [Code Root Marking (ms): Min: 0.2, Avg: 1.2, Max: 6.0, Diff: 5.8, Sum: 15.6]
      [Update RS (ms): Min: 0.0, Avg: 1.4, Max: 2.6, Diff: 2.6, Sum: 18.8]
         [Processed Buffers: Min: 0, Avg: 5.0, Max: 19, Diff: 19, Sum: 65]
      [Scan RS (ms): Min: 0.0, Avg: 0.2, Max: 0.4, Diff: 0.3, Sum: 2.4]
      [Code Root Scanning (ms): Min: 0.0, Avg: 0.0, Max: 0.0, Diff: 0.0, Sum: 0.1]
      [Object Copy (ms): Min: 0.5, Avg: 1.1, Max: 1.5, Diff: 1.0, Sum: 13.9]
      [Termination (ms): Min: 0.0, Avg: 2.5, Max: 2.7, Diff: 2.7, Sum: 32.0]
      [GC Worker Other (ms): Min: 0.0, Avg: 0.0, Max: 0.1, Diff: 0.1, Sum: 0.5]
      [GC Worker Total (ms): Min: 7.5, Avg: 7.8, Max: 8.1, Diff: 0.6, Sum: 101.5]
      [GC Worker End (ms): Min: 118911.8, Avg: 118911.8, Max: 118911.9, Diff: 0.1]
   [Code Root Fixup: 0.2 ms]
   [Code Root Migration: 0.1 ms]
   [Clear CT: 0.9 ms]
   [Other: 12.4 ms]
      [Choose CSet: 0.0 ms]
      [Ref Proc: 9.0 ms]
      [Ref Enq: 0.9 ms]
      [Free CSet: 0.8 ms]
   [Eden: 1096.0M(1200.0M)->0.0B(1200.0M) Survivors: 28.0M->28.0M Heap: 13.7G(24.0G)->12.6G(24.0G)]
 [Times: user=0.13 sys=0.01, real=0.02 secs] 
2014-04-16T09:40:16.639+0900: 118.926: [GC concurrent-root-region-scan-start]
2014-04-16T09:40:16.643+0900: 118.930: [GC concurrent-root-region-scan-end, 0.0043982 secs]
2014-04-16T09:40:16.643+0900: 118.930: [GC concurrent-mark-start]
2014-04-16T09:40:18.035+0900: 120.322: [GC pause (G1 Evacuation Pause) (young), 0.0666511 secs]
   [Parallel Time: 54.3 ms, GC Workers: 13]
      [GC Worker Start (ms): Min: 120322.7, Avg: 120322.9, Max: 120323.0, Diff: 0.2]
      [Ext Root Scanning (ms): Min: 1.3, Avg: 1.4, Max: 1.9, Diff: 0.6, Sum: 18.3]
      [SATB Filtering (ms): Min: 0.0, Avg: 0.0, Max: 0.6, Diff: 0.6, Sum: 0.6]
      [Update RS (ms): Min: 0.8, Avg: 2.2, Max: 4.0, Diff: 3.2, Sum: 28.1]
         [Processed Buffers: Min: 0, Avg: 6.1, Max: 17, Diff: 17, Sum: 79]
      [Scan RS (ms): Min: 6.4, Avg: 8.1, Max: 9.0, Diff: 2.6, Sum: 105.6]
      [Code Root Scanning (ms): Min: 0.0, Avg: 0.0, Max: 0.0, Diff: 0.0, Sum: 0.1]
      [Object Copy (ms): Min: 41.1, Avg: 41.5, Max: 41.8, Diff: 0.8, Sum: 538.9]
      [Termination (ms): Min: 0.1, Avg: 0.4, Max: 0.7, Diff: 0.7, Sum: 5.7]
      [GC Worker Other (ms): Min: 0.0, Avg: 0.1, Max: 0.1, Diff: 0.1, Sum: 1.0]
      [GC Worker Total (ms): Min: 53.6, Avg: 53.7, Max: 53.8, Diff: 0.2, Sum: 698.4]
      [GC Worker End (ms): Min: 120376.5, Avg: 120376.6, Max: 120376.6, Diff: 0.1]
   [Code Root Fixup: 0.3 ms]
   [Code Root Migration: 0.1 ms]
   [Clear CT: 4.1 ms]
   [Other: 7.9 ms]
      [Choose CSet: 0.0 ms]
      [Ref Proc: 4.5 ms]
      [Ref Enq: 0.3 ms]
      [Free CSet: 1.2 ms]
   [Eden: 1200.0M(1200.0M)->0.0B(1072.0M) Survivors: 28.0M->156.0M Heap: 14.4G(24.0G)->13.4G(24.0G)]
 [Times: user=0.70 sys=0.03, real=0.07 secs] 
2014-04-16T09:40:18.363+0900: 120.650: [GC concurrent-mark-end, 1.7199544 secs]
2014-04-16T09:40:18.368+0900: 120.655: [GC remark 120.657: [GC ref-proc, 0.0113407 secs], 0.0395649 secs]
 [Times: user=0.33 sys=0.01, real=0.04 secs] 
2014-04-16T09:40:18.412+0900: 120.699: [GC cleanup 13G->12G(24G), 0.0209835 secs]
 [Times: user=0.24 sys=0.00, real=0.02 secs] 
2014-04-16T09:40:18.434+0900: 120.721: [GC concurrent-cleanup-start]
2014-04-16T09:40:18.434+0900: 120.722: [GC concurrent-cleanup-end, 0.0008775 secs]
2014-04-16T09:40:20.273+0900: 122.560: [GC pause (G1 Evacuation Pause) (young), 0.1103325 secs]
   [Parallel Time: 87.3 ms, GC Workers: 13]
      [GC Worker Start (ms): Min: 122560.9, Avg: 122561.2, Max: 122561.5, Diff: 0.5]
      [Ext Root Scanning (ms): Min: 0.9, Avg: 1.3, Max: 1.7, Diff: 0.8, Sum: 16.4]
      [Update RS (ms): Min: 3.1, Avg: 3.9, Max: 5.3, Diff: 2.2, Sum: 51.3]
         [Processed Buffers: Min: 9, Avg: 13.4, Max: 19, Diff: 10, Sum: 174]
      [Scan RS (ms): Min: 14.9, Avg: 16.1, Max: 16.6, Diff: 1.8, Sum: 209.5]
      [Code Root Scanning (ms): Min: 0.0, Avg: 0.0, Max: 0.0, Diff: 0.0, Sum: 0.1]
      [Object Copy (ms): Min: 64.7, Avg: 64.9, Max: 65.4, Diff: 0.7, Sum: 843.9]
      [Termination (ms): Min: 0.1, Avg: 0.1, Max: 0.1, Diff: 0.0, Sum: 1.5]
      [GC Worker Other (ms): Min: 0.0, Avg: 0.2, Max: 0.5, Diff: 0.4, Sum: 2.0]
      [GC Worker Total (ms): Min: 86.1, Avg: 86.5, Max: 87.0, Diff: 0.9, Sum: 1124.6]
      [GC Worker End (ms): Min: 122647.6, Avg: 122647.7, Max: 122648.0, Diff: 0.4]
   [Code Root Fixup: 0.2 ms]
   [Code Root Migration: 0.1 ms]
   [Clear CT: 3.6 ms]
   [Other: 19.1 ms]
      [Choose CSet: 0.0 ms]
      [Ref Proc: 11.9 ms]
      [Ref Enq: 1.3 ms]
      [Free CSet: 2.0 ms]
   [Eden: 1072.0M(1072.0M)->0.0B(1072.0M) Survivors: 156.0M->156.0M Heap: 14.2G(24.0G)->13.3G(24.0G)]
 [Times: user=1.18 sys=0.01, real=0.11 secs] 
2014-04-16T09:40:21.627+0900: 123.914: [GC pause (G1 Evacuation Pause) (mixed), 0.1620812 secs]
   [Parallel Time: 139.8 ms, GC Workers: 13]
      [GC Worker Start (ms): Min: 123915.4, Avg: 123915.7, Max: 123916.0, Diff: 0.6]
      [Ext Root Scanning (ms): Min: 1.1, Avg: 1.5, Max: 2.0, Diff: 0.9, Sum: 19.3]
      [Update RS (ms): Min: 1.4, Avg: 2.9, Max: 4.2, Diff: 2.8, Sum: 37.7]
         [Processed Buffers: Min: 2, Avg: 7.8, Max: 19, Diff: 17, Sum: 102]
      [Scan RS (ms): Min: 37.7, Avg: 38.8, Max: 39.5, Diff: 1.9, Sum: 504.8]
      [Code Root Scanning (ms): Min: 0.0, Avg: 0.0, Max: 0.0, Diff: 0.0, Sum: 0.2]
      [Object Copy (ms): Min: 95.2, Avg: 95.2, Max: 95.3, Diff: 0.1, Sum: 1238.2]
      [Termination (ms): Min: 0.0, Avg: 0.0, Max: 0.0, Diff: 0.0, Sum: 0.5]
      [GC Worker Other (ms): Min: 0.0, Avg: 0.2, Max: 0.4, Diff: 0.3, Sum: 2.0]
      [GC Worker Total (ms): Min: 138.4, Avg: 138.7, Max: 138.9, Diff: 0.6, Sum: 1802.7]
      [GC Worker End (ms): Min: 124054.3, Avg: 124054.4, Max: 124054.6, Diff: 0.3]
   [Code Root Fixup: 0.3 ms]
   [Code Root Migration: 0.2 ms]
   [Clear CT: 3.7 ms]
   [Other: 18.1 ms]
      [Choose CSet: 0.8 ms]
      [Ref Proc: 6.9 ms]
      [Ref Enq: 0.2 ms]
      [Free CSet: 3.7 ms]
   [Eden: 1072.0M(1072.0M)->0.0B(1072.0M) Survivors: 156.0M->156.0M Heap: 14.8G(24.0G)->13.4G(24.0G)]
 [Times: user=1.87 sys=0.00, real=0.16 secs] 
2014-04-16T09:40:22.608+0900: 124.895: [GC pause (G1 Evacuation Pause) (mixed), 0.1710665 secs]
   [Parallel Time: 149.8 ms, GC Workers: 13]
      [GC Worker Start (ms): Min: 124896.7, Avg: 124896.8, Max: 124897.0, Diff: 0.3]
      [Ext Root Scanning (ms): Min: 1.5, Avg: 1.7, Max: 2.4, Diff: 0.9, Sum: 22.5]
      [Update RS (ms): Min: 3.9, Avg: 4.4, Max: 7.5, Diff: 3.6, Sum: 56.8]
         [Processed Buffers: Min: 8, Avg: 13.2, Max: 25, Diff: 17, Sum: 172]
      [Scan RS (ms): Min: 40.7, Avg: 43.8, Max: 44.4, Diff: 3.6, Sum: 569.5]
      [Code Root Scanning (ms): Min: 0.0, Avg: 0.0, Max: 0.0, Diff: 0.0, Sum: 0.2]
      [Object Copy (ms): Min: 98.6, Avg: 98.7, Max: 98.8, Diff: 0.2, Sum: 1282.8]
      [Termination (ms): Min: 0.0, Avg: 0.0, Max: 0.0, Diff: 0.0, Sum: 0.0]
      [GC Worker Other (ms): Min: 0.0, Avg: 0.2, Max: 0.5, Diff: 0.4, Sum: 2.9]
      [GC Worker Total (ms): Min: 148.5, Avg: 148.8, Max: 149.1, Diff: 0.5, Sum: 1934.7]
      [GC Worker End (ms): Min: 125045.5, Avg: 125045.7, Max: 125045.9, Diff: 0.4]
   [Code Root Fixup: 0.3 ms]
   [Code Root Migration: 0.2 ms]
   [Clear CT: 3.9 ms]
   [Other: 16.9 ms]
      [Choose CSet: 0.9 ms]
      [Ref Proc: 4.4 ms]
      [Ref Enq: 0.2 ms]
      [Free CSet: 3.9 ms]
   [Eden: 1072.0M(1072.0M)->0.0B(1072.0M) Survivors: 156.0M->156.0M Heap: 14.9G(24.0G)->13.5G(24.0G)]
 [Times: user=2.00 sys=0.00, real=0.17 secs] 
2014-04-16T09:40:22.787+0900: 125.074: [GC pause (G1 Humongous Allocation) (young) (initial-mark), 0.1464940 secs]
   [Parallel Time: 139.7 ms, GC Workers: 13]
      [GC Worker Start (ms): Min: 125074.6, Avg: 125074.7, Max: 125074.7, Diff: 0.2]
      [Ext Root Scanning (ms): Min: 1.0, Avg: 1.2, Max: 3.1, Diff: 2.1, Sum: 16.2]
      [Code Root Marking (ms): Min: 0.2, Avg: 1.0, Max: 4.3, Diff: 4.1, Sum: 13.6]
      [Update RS (ms): Min: 105.2, Avg: 108.4, Max: 109.6, Diff: 4.4, Sum: 1408.6]
         [Processed Buffers: Min: 51, Avg: 62.0, Max: 81, Diff: 30, Sum: 806]
      [Scan RS (ms): Min: 0.0, Avg: 0.0, Max: 0.1, Diff: 0.1, Sum: 0.3]
      [Code Root Scanning (ms): Min: 0.0, Avg: 0.0, Max: 0.0, Diff: 0.0, Sum: 0.0]
      [Object Copy (ms): Min: 28.2, Avg: 28.7, Max: 29.0, Diff: 0.8, Sum: 372.7]
      [Termination (ms): Min: 0.0, Avg: 0.0, Max: 0.0, Diff: 0.0, Sum: 0.1]
      [GC Worker Other (ms): Min: 0.0, Avg: 0.0, Max: 0.0, Diff: 0.0, Sum: 0.3]
      [GC Worker Total (ms): Min: 139.3, Avg: 139.4, Max: 139.4, Diff: 0.2, Sum: 1811.9]
      [GC Worker End (ms): Min: 125214.0, Avg: 125214.0, Max: 125214.0, Diff: 0.0]
   [Code Root Fixup: 0.3 ms]
   [Code Root Migration: 0.0 ms]
   [Clear CT: 0.2 ms]
   [Other: 6.2 ms]
      [Choose CSet: 0.0 ms]
      [Ref Proc: 2.3 ms]
      [Ref Enq: 0.2 ms]
      [Free CSet: 0.2 ms]
   [Eden: 16.0M(1072.0M)->0.0B(1200.0M) Survivors: 156.0M->28.0M Heap: 13.5G(24.0G)->13.5G(24.0G)]
 [Times: user=1.81 sys=0.00, real=0.15 secs] 
2014-04-16T09:40:22.933+0900: 125.221: [GC concurrent-root-region-scan-start]
2014-04-16T09:40:22.934+0900: 125.221: [GC concurrent-root-region-scan-end, 0.0006340 secs]
2014-04-16T09:40:22.934+0900: 125.221: [GC concurrent-mark-start]
2014-04-16T09:40:24.315+0900: 126.602: [GC pause (G1 Evacuation Pause) (young), 0.0691349 secs]
   [Parallel Time: 52.5 ms, GC Workers: 13]
      [GC Worker Start (ms): Min: 126602.7, Avg: 126602.9, Max: 126603.1, Diff: 0.4]
      [Ext Root Scanning (ms): Min: 1.1, Avg: 1.3, Max: 1.8, Diff: 0.7, Sum: 16.7]
      [SATB Filtering (ms): Min: 0.0, Avg: 0.0, Max: 0.5, Diff: 0.5, Sum: 0.5]
      [Update RS (ms): Min: 1.4, Avg: 2.4, Max: 3.5, Diff: 2.1, Sum: 31.7]
         [Processed Buffers: Min: 0, Avg: 6.5, Max: 18, Diff: 18, Sum: 84]
      [Scan RS (ms): Min: 6.9, Avg: 8.4, Max: 8.8, Diff: 1.9, Sum: 108.9]
      [Code Root Scanning (ms): Min: 0.0, Avg: 0.0, Max: 0.0, Diff: 0.0, Sum: 0.1]
      [Object Copy (ms): Min: 39.2, Avg: 39.4, Max: 39.5, Diff: 0.3, Sum: 512.1]
      [Termination (ms): Min: 0.0, Avg: 0.0, Max: 0.0, Diff: 0.0, Sum: 0.0]
      [GC Worker Other (ms): Min: 0.0, Avg: 0.1, Max: 0.3, Diff: 0.3, Sum: 1.8]
      [GC Worker Total (ms): Min: 51.5, Avg: 51.7, Max: 51.9, Diff: 0.4, Sum: 671.8]
      [GC Worker End (ms): Min: 126654.5, Avg: 126654.6, Max: 126654.8, Diff: 0.3]
   [Code Root Fixup: 0.2 ms]
   [Code Root Migration: 0.1 ms]
   [Clear CT: 3.3 ms]
   [Other: 13.0 ms]
      [Choose CSet: 0.0 ms]
      [Ref Proc: 8.0 ms]
      [Ref Enq: 1.1 ms]
      [Free CSet: 1.4 ms]
   [Eden: 1200.0M(1200.0M)->0.0B(1072.0M) Survivors: 28.0M->156.0M Heap: 15.2G(24.0G)->14.3G(24.0G)]
 [Times: user=0.72 sys=0.01, real=0.07 secs] 
2014-04-16T09:40:24.884+0900: 127.171: [GC concurrent-mark-end, 1.9497759 secs]
2014-04-16T09:40:24.885+0900: 127.173: [GC remark 127.174: [GC ref-proc, 0.0093744 secs], 0.0442774 secs]
 [Times: user=0.41 sys=0.01, real=0.04 secs] 
2014-04-16T09:40:24.931+0900: 127.219: [GC cleanup 14G->12G(24G), 0.0234176 secs]
 [Times: user=0.28 sys=0.00, real=0.03 secs] 
2014-04-16T09:40:24.955+0900: 127.243: [GC concurrent-cleanup-start]
2014-04-16T09:40:24.958+0900: 127.245: [GC concurrent-cleanup-end, 0.0024500 secs]
2014-04-16T09:40:26.340+0900: 128.627: [GC pause (G1 Evacuation Pause) (young), 0.1347885 secs]
   [Parallel Time: 112.8 ms, GC Workers: 13]
      [GC Worker Start (ms): Min: 128627.4, Avg: 128627.7, Max: 128628.0, Diff: 0.6]
      [Ext Root Scanning (ms): Min: 0.9, Avg: 1.3, Max: 1.6, Diff: 0.8, Sum: 16.9]
      [Update RS (ms): Min: 2.1, Avg: 2.7, Max: 3.3, Diff: 1.2, Sum: 34.9]
         [Processed Buffers: Min: 1, Avg: 7.2, Max: 31, Diff: 30, Sum: 94]
      [Scan RS (ms): Min: 18.6, Avg: 19.2, Max: 20.0, Diff: 1.4, Sum: 249.5]
      [Code Root Scanning (ms): Min: 0.0, Avg: 0.0, Max: 0.0, Diff: 0.0, Sum: 0.1]
      [Object Copy (ms): Min: 88.3, Avg: 88.6, Max: 89.2, Diff: 0.9, Sum: 1152.2]
      [Termination (ms): Min: 0.0, Avg: 0.1, Max: 0.2, Diff: 0.2, Sum: 1.8]
      [GC Worker Other (ms): Min: 0.0, Avg: 0.1, Max: 0.3, Diff: 0.3, Sum: 1.3]
      [GC Worker Total (ms): Min: 111.8, Avg: 112.1, Max: 112.3, Diff: 0.5, Sum: 1456.7]
      [GC Worker End (ms): Min: 128739.6, Avg: 128739.7, Max: 128739.9, Diff: 0.3]
   [Code Root Fixup: 0.2 ms]
   [Code Root Migration: 0.1 ms]
   [Clear CT: 4.5 ms]
   [Other: 17.2 ms]
      [Choose CSet: 0.0 ms]
      [Ref Proc: 9.9 ms]
      [Ref Enq: 0.9 ms]
      [Free CSet: 2.0 ms]
   [Eden: 1072.0M(1072.0M)->0.0B(1072.0M) Survivors: 156.0M->156.0M Heap: 13.8G(24.0G)->13.0G(24.0G)]
 [Times: user=1.48 sys=0.05, real=0.14 secs] 
2014-04-16T09:40:29.081+0900: 131.369: [GC pause (G1 Evacuation Pause) (mixed), 0.1108284 secs]
   [Parallel Time: 88.7 ms, GC Workers: 13]
      [GC Worker Start (ms): Min: 131368.9, Avg: 131369.2, Max: 131369.5, Diff: 0.6]
      [Ext Root Scanning (ms): Min: 1.1, Avg: 1.4, Max: 1.6, Diff: 0.4, Sum: 17.7]
      [Update RS (ms): Min: 2.6, Avg: 2.7, Max: 3.3, Diff: 0.8, Sum: 35.6]
         [Processed Buffers: Min: 1, Avg: 6.2, Max: 22, Diff: 21, Sum: 81]
      [Scan RS (ms): Min: 16.3, Avg: 17.3, Max: 17.5, Diff: 1.2, Sum: 225.0]
      [Code Root Scanning (ms): Min: 0.0, Avg: 0.0, Max: 0.0, Diff: 0.0, Sum: 0.1]
      [Object Copy (ms): Min: 66.4, Avg: 66.5, Max: 66.5, Diff: 0.2, Sum: 864.1]
      [Termination (ms): Min: 0.0, Avg: 0.0, Max: 0.0, Diff: 0.0, Sum: 0.0]
      [GC Worker Other (ms): Min: 0.0, Avg: 0.1, Max: 0.3, Diff: 0.3, Sum: 1.7]
      [GC Worker Total (ms): Min: 87.6, Avg: 88.0, Max: 88.3, Diff: 0.7, Sum: 1144.3]
      [GC Worker End (ms): Min: 131457.1, Avg: 131457.2, Max: 131457.4, Diff: 0.3]
   [Code Root Fixup: 0.1 ms]
   [Code Root Migration: 0.1 ms]
   [Clear CT: 4.2 ms]
   [Other: 17.7 ms]
      [Choose CSet: 0.1 ms]
      [Ref Proc: 11.1 ms]
      [Ref Enq: 0.9 ms]
      [Free CSet: 1.9 ms]
   [Eden: 1072.0M(1072.0M)->0.0B(1108.0M) Survivors: 156.0M->120.0M Heap: 14.3G(24.0G)->13.3G(24.0G)]
 [Times: user=1.21 sys=0.02, real=0.11 secs] 
2014-04-16T09:40:29.777+0900: 132.065: [GC pause (G1 Evacuation Pause) (young), 0.0567764 secs]
   [Parallel Time: 36.6 ms, GC Workers: 13]
      [GC Worker Start (ms): Min: 132064.9, Avg: 132065.2, Max: 132065.6, Diff: 0.7]
      [Ext Root Scanning (ms): Min: 0.8, Avg: 1.2, Max: 1.7, Diff: 0.9, Sum: 15.3]
      [Update RS (ms): Min: 1.6, Avg: 2.5, Max: 4.0, Diff: 2.4, Sum: 33.0]
         [Processed Buffers: Min: 1, Avg: 6.4, Max: 19, Diff: 18, Sum: 83]
      [Scan RS (ms): Min: 4.8, Avg: 6.2, Max: 6.6, Diff: 1.8, Sum: 80.9]
      [Code Root Scanning (ms): Min: 0.0, Avg: 0.0, Max: 0.0, Diff: 0.0, Sum: 0.1]
      [Object Copy (ms): Min: 25.6, Avg: 25.7, Max: 25.8, Diff: 0.2, Sum: 334.2]
      [Termination (ms): Min: 0.0, Avg: 0.0, Max: 0.0, Diff: 0.0, Sum: 0.0]
      [GC Worker Other (ms): Min: 0.0, Avg: 0.2, Max: 0.5, Diff: 0.5, Sum: 2.6]
      [GC Worker Total (ms): Min: 35.4, Avg: 35.9, Max: 36.5, Diff: 1.1, Sum: 466.1]
      [GC Worker End (ms): Min: 132100.9, Avg: 132101.1, Max: 132101.4, Diff: 0.5]
   [Code Root Fixup: 0.2 ms]
   [Code Root Migration: 0.1 ms]
   [Clear CT: 3.4 ms]
   [Other: 16.5 ms]
      [Choose CSet: 0.0 ms]
      [Ref Proc: 12.1 ms]
      [Ref Enq: 1.4 ms]
      [Free CSet: 1.5 ms]
   [Eden: 1108.0M(1108.0M)->0.0B(1200.0M) Survivors: 120.0M->28.0M Heap: 14.3G(24.0G)->13.3G(24.0G)]
 [Times: user=0.53 sys=0.00, real=0.06 secs] 
2014-04-16T09:40:30.282+0900: 132.570: [GC pause (G1 Humongous Allocation) (young) (initial-mark), 0.0231314 secs]
   [Parallel Time: 8.0 ms, GC Workers: 13]
      [GC Worker Start (ms): Min: 132570.5, Avg: 132570.7, Max: 132571.0, Diff: 0.5]
      [Ext Root Scanning (ms): Min: 0.9, Avg: 1.2, Max: 2.6, Diff: 1.7, Sum: 15.5]
      [Code Root Marking (ms): Min: 0.1, Avg: 1.2, Max: 5.8, Diff: 5.7, Sum: 15.7]
      [Update RS (ms): Min: 0.0, Avg: 1.2, Max: 2.4, Diff: 2.4, Sum: 16.2]
         [Processed Buffers: Min: 0, Avg: 4.6, Max: 24, Diff: 24, Sum: 60]
      [Scan RS (ms): Min: 0.0, Avg: 0.2, Max: 0.4, Diff: 0.4, Sum: 2.5]
      [Code Root Scanning (ms): Min: 0.0, Avg: 0.0, Max: 0.0, Diff: 0.0, Sum: 0.1]
      [Object Copy (ms): Min: 0.5, Avg: 0.9, Max: 1.2, Diff: 0.7, Sum: 11.6]
      [Termination (ms): Min: 0.0, Avg: 2.7, Max: 3.0, Diff: 3.0, Sum: 35.7]
      [GC Worker Other (ms): Min: 0.0, Avg: 0.1, Max: 0.2, Diff: 0.1, Sum: 0.9]
      [GC Worker Total (ms): Min: 7.3, Avg: 7.6, Max: 7.9, Diff: 0.6, Sum: 98.3]
      [GC Worker End (ms): Min: 132578.3, Avg: 132578.3, Max: 132578.4, Diff: 0.1]
   [Code Root Fixup: 0.2 ms]
   [Code Root Migration: 0.1 ms]
   [Clear CT: 1.2 ms]
   [Other: 13.6 ms]
      [Choose CSet: 0.0 ms]
      [Ref Proc: 9.8 ms]
      [Ref Enq: 1.4 ms]
      [Free CSet: 0.9 ms]
   [Eden: 1028.0M(1200.0M)->0.0B(1200.0M) Survivors: 28.0M->28.0M Heap: 14.3G(24.0G)->13.3G(24.0G)]
 [Times: user=0.12 sys=0.01, real=0.03 secs] 
2014-04-16T09:40:30.306+0900: 132.593: [GC concurrent-root-region-scan-start]
2014-04-16T09:40:30.308+0900: 132.596: [GC concurrent-root-region-scan-end, 0.0024779 secs]
2014-04-16T09:40:30.308+0900: 132.596: [GC concurrent-mark-start]
2014-04-16T09:40:31.614+0900: 133.901: [GC pause (G1 Evacuation Pause) (young), 0.0705957 secs]
   [Parallel Time: 59.3 ms, GC Workers: 13]
      [GC Worker Start (ms): Min: 133901.3, Avg: 133901.5, Max: 133901.6, Diff: 0.3]
      [Ext Root Scanning (ms): Min: 0.9, Avg: 1.1, Max: 1.7, Diff: 0.8, Sum: 14.0]
      [SATB Filtering (ms): Min: 0.0, Avg: 0.0, Max: 0.4, Diff: 0.4, Sum: 0.4]
      [Update RS (ms): Min: 2.1, Avg: 2.9, Max: 3.7, Diff: 1.6, Sum: 37.3]
         [Processed Buffers: Min: 1, Avg: 8.0, Max: 30, Diff: 29, Sum: 104]
      [Scan RS (ms): Min: 5.8, Avg: 6.5, Max: 6.7, Diff: 0.9, Sum: 84.7]
      [Code Root Scanning (ms): Min: 0.0, Avg: 0.0, Max: 0.0, Diff: 0.0, Sum: 0.1]
      [Object Copy (ms): Min: 48.2, Avg: 48.3, Max: 48.3, Diff: 0.1, Sum: 627.5]
      [Termination (ms): Min: 0.0, Avg: 0.0, Max: 0.0, Diff: 0.0, Sum: 0.0]
      [GC Worker Other (ms): Min: 0.0, Avg: 0.1, Max: 0.3, Diff: 0.3, Sum: 1.5]
      [GC Worker Total (ms): Min: 58.7, Avg: 58.9, Max: 59.1, Diff: 0.4, Sum: 765.4]
      [GC Worker End (ms): Min: 133960.3, Avg: 133960.3, Max: 133960.5, Diff: 0.3]
   [Code Root Fixup: 0.3 ms]
   [Code Root Migration: 0.1 ms]
   [Clear CT: 3.0 ms]
   [Other: 7.9 ms]
      [Choose CSet: 0.0 ms]
      [Ref Proc: 4.5 ms]
      [Ref Enq: 0.4 ms]
      [Free CSet: 1.1 ms]
   [Eden: 1200.0M(1200.0M)->0.0B(1072.0M) Survivors: 28.0M->156.0M Heap: 15.0G(24.0G)->14.1G(24.0G)]
 [Times: user=0.74 sys=0.04, real=0.07 secs] 
2014-04-16T09:40:31.926+0900: 134.214: [GC concurrent-mark-end, 1.6177820 secs]
2014-04-16T09:40:31.927+0900: 134.215: [GC remark 134.215: [GC ref-proc, 0.0063142 secs], 0.0301400 secs]
 [Times: user=0.26 sys=0.00, real=0.03 secs] 
2014-04-16T09:40:31.960+0900: 134.247: [GC cleanup 14G->13G(24G), 0.0194365 secs]
 [Times: user=0.23 sys=0.01, real=0.02 secs] 
2014-04-16T09:40:31.979+0900: 134.267: [GC concurrent-cleanup-start]
2014-04-16T09:40:31.981+0900: 134.268: [GC concurrent-cleanup-end, 0.0017665 secs]
2014-04-16T09:40:32.729+0900: 135.016: [GC pause (G1 Evacuation Pause) (young), 0.1387580 secs]
   [Parallel Time: 118.1 ms, GC Workers: 13]
      [GC Worker Start (ms): Min: 135016.4, Avg: 135016.7, Max: 135017.0, Diff: 0.6]
      [Ext Root Scanning (ms): Min: 0.7, Avg: 1.3, Max: 2.2, Diff: 1.5, Sum: 16.3]
      [Update RS (ms): Min: 3.1, Avg: 4.3, Max: 6.7, Diff: 3.5, Sum: 56.5]
         [Processed Buffers: Min: 2, Avg: 6.2, Max: 14, Diff: 12, Sum: 80]
      [Scan RS (ms): Min: 16.7, Avg: 19.0, Max: 19.7, Diff: 3.0, Sum: 246.5]
      [Code Root Scanning (ms): Min: 0.0, Avg: 0.0, Max: 0.0, Diff: 0.0, Sum: 0.1]
      [Object Copy (ms): Min: 92.0, Avg: 92.4, Max: 92.8, Diff: 0.8, Sum: 1200.7]
      [Termination (ms): Min: 0.0, Avg: 0.0, Max: 0.1, Diff: 0.1, Sum: 0.6]
      [GC Worker Other (ms): Min: 0.0, Avg: 0.1, Max: 0.3, Diff: 0.3, Sum: 1.7]
      [GC Worker Total (ms): Min: 116.8, Avg: 117.1, Max: 117.5, Diff: 0.7, Sum: 1522.4]
      [GC Worker End (ms): Min: 135133.7, Avg: 135133.8, Max: 135134.0, Diff: 0.3]
   [Code Root Fixup: 0.3 ms]
   [Code Root Migration: 0.1 ms]
   [Clear CT: 4.1 ms]
   [Other: 16.2 ms]
      [Choose CSet: 0.0 ms]
      [Ref Proc: 9.5 ms]
      [Ref Enq: 1.1 ms]
      [Free CSet: 1.4 ms]
   [Eden: 1072.0M(1072.0M)->0.0B(1072.0M) Survivors: 156.0M->156.0M Heap: 14.3G(24.0G)->13.5G(24.0G)]
 [Times: user=1.48 sys=0.06, real=0.14 secs] 
2014-04-16T09:40:33.887+0900: 136.174: [GC pause (G1 Evacuation Pause) (mixed), 0.2254268 secs]
   [Parallel Time: 201.5 ms, GC Workers: 13]
      [GC Worker Start (ms): Min: 136176.3, Avg: 136176.5, Max: 136176.7, Diff: 0.5]
      [Ext Root Scanning (ms): Min: 1.0, Avg: 1.3, Max: 2.2, Diff: 1.2, Sum: 16.3]
      [Update RS (ms): Min: 3.8, Avg: 4.8, Max: 5.9, Diff: 2.1, Sum: 62.9]
         [Processed Buffers: Min: 7, Avg: 12.6, Max: 21, Diff: 14, Sum: 164]
      [Scan RS (ms): Min: 52.9, Avg: 53.9, Max: 54.3, Diff: 1.3, Sum: 701.0]
      [Code Root Scanning (ms): Min: 0.0, Avg: 0.0, Max: 0.0, Diff: 0.0, Sum: 0.2]
      [Object Copy (ms): Min: 140.2, Avg: 140.3, Max: 140.4, Diff: 0.2, Sum: 1824.2]
      [Termination (ms): Min: 0.0, Avg: 0.1, Max: 0.1, Diff: 0.1, Sum: 0.8]
      [GC Worker Other (ms): Min: 0.0, Avg: 0.2, Max: 0.4, Diff: 0.4, Sum: 2.2]
      [GC Worker Total (ms): Min: 200.2, Avg: 200.6, Max: 200.7, Diff: 0.5, Sum: 2607.6]
      [GC Worker End (ms): Min: 136377.0, Avg: 136377.1, Max: 136377.3, Diff: 0.4]
   [Code Root Fixup: 0.3 ms]
   [Code Root Migration: 0.2 ms]
   [Clear CT: 4.4 ms]
   [Other: 19.0 ms]
      [Choose CSet: 1.1 ms]
      [Ref Proc: 4.8 ms]
      [Ref Enq: 0.2 ms]
      [Free CSet: 4.4 ms]
   [Eden: 1072.0M(1072.0M)->0.0B(1072.0M) Survivors: 156.0M->156.0M Heap: 15.0G(24.0G)->13.4G(24.0G)]
 [Times: user=2.63 sys=0.05, real=0.22 secs] 
2014-04-16T09:40:34.985+0900: 137.273: [GC pause (G1 Evacuation Pause) (mixed), 0.2077544 secs]
   [Parallel Time: 184.3 ms, GC Workers: 13]
      [GC Worker Start (ms): Min: 137274.5, Avg: 137274.7, Max: 137274.9, Diff: 0.4]
      [Ext Root Scanning (ms): Min: 1.0, Avg: 1.3, Max: 2.0, Diff: 0.9, Sum: 16.7]
      [Update RS (ms): Min: 2.5, Avg: 3.5, Max: 3.9, Diff: 1.4, Sum: 45.0]
         [Processed Buffers: Min: 2, Avg: 7.4, Max: 26, Diff: 24, Sum: 96]
      [Scan RS (ms): Min: 58.7, Avg: 59.1, Max: 59.5, Diff: 0.7, Sum: 768.9]
      [Code Root Scanning (ms): Min: 0.0, Avg: 0.0, Max: 0.1, Diff: 0.0, Sum: 0.3]
      [Object Copy (ms): Min: 119.7, Avg: 119.8, Max: 119.8, Diff: 0.1, Sum: 1556.8]
      [Termination (ms): Min: 0.0, Avg: 0.0, Max: 0.0, Diff: 0.0, Sum: 0.1]
      [GC Worker Other (ms): Min: 0.0, Avg: 0.1, Max: 0.2, Diff: 0.2, Sum: 1.1]
      [GC Worker Total (ms): Min: 183.6, Avg: 183.8, Max: 184.0, Diff: 0.4, Sum: 2388.8]
      [GC Worker End (ms): Min: 137458.4, Avg: 137458.5, Max: 137458.6, Diff: 0.2]
   [Code Root Fixup: 0.3 ms]
   [Code Root Migration: 0.2 ms]
   [Clear CT: 4.3 ms]
   [Other: 18.6 ms]
      [Choose CSet: 1.3 ms]
      [Ref Proc: 3.5 ms]
      [Ref Enq: 0.2 ms]
      [Free CSet: 4.6 ms]
   [Eden: 1072.0M(1072.0M)->0.0B(1072.0M) Survivors: 156.0M->156.0M Heap: 14.9G(24.0G)->13.4G(24.0G)]
 [Times: user=2.46 sys=0.00, real=0.20 secs] 
2014-04-16T09:40:37.448+0900: 139.735: [GC pause (G1 Evacuation Pause) (mixed), 0.2662285 secs]
   [Parallel Time: 233.6 ms, GC Workers: 13]
      [GC Worker Start (ms): Min: 139737.6, Avg: 139737.9, Max: 139738.1, Diff: 0.5]
      [Ext Root Scanning (ms): Min: 1.0, Avg: 1.4, Max: 2.1, Diff: 1.1, Sum: 17.7]
      [Update RS (ms): Min: 6.1, Avg: 7.1, Max: 9.0, Diff: 2.9, Sum: 92.4]
         [Processed Buffers: Min: 1, Avg: 6.8, Max: 20, Diff: 19, Sum: 89]
      [Scan RS (ms): Min: 63.4, Avg: 65.3, Max: 66.0, Diff: 2.6, Sum: 848.4]
      [Code Root Scanning (ms): Min: 0.0, Avg: 0.0, Max: 0.0, Diff: 0.0, Sum: 0.2]
      [Object Copy (ms): Min: 158.7, Avg: 158.8, Max: 158.8, Diff: 0.1, Sum: 2063.8]
      [Termination (ms): Min: 0.0, Avg: 0.0, Max: 0.0, Diff: 0.0, Sum: 0.4]
      [GC Worker Other (ms): Min: 0.0, Avg: 0.2, Max: 0.4, Diff: 0.4, Sum: 2.1]
      [GC Worker Total (ms): Min: 232.3, Avg: 232.7, Max: 233.0, Diff: 0.7, Sum: 3025.1]
      [GC Worker End (ms): Min: 139970.4, Avg: 139970.6, Max: 139970.8, Diff: 0.4]
   [Code Root Fixup: 0.2 ms]
   [Code Root Migration: 0.2 ms]
   [Clear CT: 4.6 ms]
   [Other: 27.7 ms]
      [Choose CSet: 1.5 ms]
      [Ref Proc: 10.4 ms]
      [Ref Enq: 1.1 ms]
      [Free CSet: 5.1 ms]
   [Eden: 1072.0M(1072.0M)->0.0B(1072.0M) Survivors: 156.0M->156.0M Heap: 14.9G(24.0G)->13.4G(24.0G)]
 [Times: user=3.11 sys=0.00, real=0.27 secs] 
2014-04-16T09:40:39.525+0900: 141.812: [GC pause (G1 Evacuation Pause) (mixed), 0.1519686 secs]
   [Parallel Time: 128.9 ms, GC Workers: 13]
      [GC Worker Start (ms): Min: 141812.9, Avg: 141813.2, Max: 141813.4, Diff: 0.5]
      [Ext Root Scanning (ms): Min: 0.9, Avg: 1.3, Max: 1.9, Diff: 1.0, Sum: 16.4]
      [Update RS (ms): Min: 1.5, Avg: 1.8, Max: 3.1, Diff: 1.6, Sum: 23.3]
         [Processed Buffers: Min: 2, Avg: 6.6, Max: 14, Diff: 12, Sum: 86]
      [Scan RS (ms): Min: 36.6, Avg: 37.8, Max: 38.2, Diff: 1.6, Sum: 491.8]
      [Code Root Scanning (ms): Min: 0.0, Avg: 0.0, Max: 0.0, Diff: 0.0, Sum: 0.1]
      [Object Copy (ms): Min: 86.6, Avg: 86.8, Max: 87.0, Diff: 0.4, Sum: 1127.9]
      [Termination (ms): Min: 0.0, Avg: 0.2, Max: 0.2, Diff: 0.2, Sum: 2.4]
      [GC Worker Other (ms): Min: 0.0, Avg: 0.1, Max: 0.4, Diff: 0.3, Sum: 1.6]
      [GC Worker Total (ms): Min: 127.6, Avg: 128.0, Max: 128.5, Diff: 0.9, Sum: 1663.5]
      [GC Worker End (ms): Min: 141941.0, Avg: 141941.1, Max: 141941.4, Diff: 0.3]
   [Code Root Fixup: 0.3 ms]
   [Code Root Migration: 0.1 ms]
   [Clear CT: 3.9 ms]
   [Other: 18.7 ms]
      [Choose CSet: 0.1 ms]
      [Ref Proc: 10.6 ms]
      [Ref Enq: 0.9 ms]
      [Free CSet: 1.7 ms]
   [Eden: 1072.0M(1072.0M)->0.0B(1072.0M) Survivors: 156.0M->156.0M Heap: 14.9G(24.0G)->14.1G(24.0G)]
 [Times: user=1.73 sys=0.00, real=0.16 secs] 
2014-04-16T09:40:39.737+0900: 142.024: [GC pause (G1 Humongous Allocation) (young) (initial-mark), 0.1086000 secs]
   [Parallel Time: 99.9 ms, GC Workers: 13]
      [GC Worker Start (ms): Min: 142025.0, Avg: 142025.1, Max: 142025.3, Diff: 0.3]
      [Ext Root Scanning (ms): Min: 0.8, Avg: 1.2, Max: 3.1, Diff: 2.3, Sum: 15.0]
      [Code Root Marking (ms): Min: 0.1, Avg: 1.2, Max: 6.3, Diff: 6.1, Sum: 15.1]
      [Update RS (ms): Min: 37.5, Avg: 43.0, Max: 46.0, Diff: 8.5, Sum: 559.3]
         [Processed Buffers: Min: 19, Avg: 24.2, Max: 32, Diff: 13, Sum: 315]
      [Scan RS (ms): Min: 5.3, Avg: 7.3, Max: 8.3, Diff: 3.0, Sum: 94.4]
      [Code Root Scanning (ms): Min: 0.0, Avg: 0.0, Max: 0.0, Diff: 0.0, Sum: 0.0]
      [Object Copy (ms): Min: 45.9, Avg: 46.2, Max: 46.5, Diff: 0.6, Sum: 600.4]
      [Termination (ms): Min: 0.0, Avg: 0.3, Max: 0.4, Diff: 0.4, Sum: 4.1]
      [GC Worker Other (ms): Min: 0.0, Avg: 0.0, Max: 0.1, Diff: 0.0, Sum: 0.4]
      [GC Worker Total (ms): Min: 99.0, Avg: 99.1, Max: 99.3, Diff: 0.3, Sum: 1288.5]
      [GC Worker End (ms): Min: 142124.2, Avg: 142124.2, Max: 142124.3, Diff: 0.0]
   [Code Root Fixup: 0.2 ms]
   [Code Root Migration: 0.0 ms]
   [Clear CT: 0.9 ms]
   [Other: 7.6 ms]
      [Choose CSet: 0.0 ms]
      [Ref Proc: 3.6 ms]
      [Ref Enq: 0.2 ms]
      [Free CSet: 0.3 ms]
   [Eden: 20.0M(1072.0M)->0.0B(1200.0M) Survivors: 156.0M->28.0M Heap: 14.1G(24.0G)->14.1G(24.0G)]
 [Times: user=1.31 sys=0.00, real=0.11 secs] 
2014-04-16T09:40:39.846+0900: 142.133: [GC concurrent-root-region-scan-start]
2014-04-16T09:40:39.848+0900: 142.135: [GC concurrent-root-region-scan-end, 0.0019916 secs]
2014-04-16T09:40:39.848+0900: 142.135: [GC concurrent-mark-start]
2014-04-16T09:40:41.470+0900: 143.757: [GC concurrent-mark-end, 1.6220214 secs]
2014-04-16T09:40:41.471+0900: 143.758: [GC remark 143.759: [GC ref-proc, 0.0112033 secs], 0.0375799 secs]
 [Times: user=0.31 sys=0.00, real=0.04 secs] 
2014-04-16T09:40:41.510+0900: 143.797: [GC cleanup 14G->12G(24G), 0.0212168 secs]
 [Times: user=0.24 sys=0.00, real=0.02 secs] 
2014-04-16T09:40:41.531+0900: 143.819: [GC concurrent-cleanup-start]
2014-04-16T09:40:41.534+0900: 143.822: [GC concurrent-cleanup-end, 0.0029174 secs]
2014-04-16T09:40:42.847+0900: 145.135: [GC pause (G1 Evacuation Pause) (young), 0.0998914 secs]
   [Parallel Time: 76.5 ms, GC Workers: 13]
      [GC Worker Start (ms): Min: 145135.4, Avg: 145135.8, Max: 145136.1, Diff: 0.7]
      [Ext Root Scanning (ms): Min: 0.4, Avg: 1.0, Max: 1.4, Diff: 0.9, Sum: 12.5]
      [Update RS (ms): Min: 3.4, Avg: 4.0, Max: 4.5, Diff: 1.1, Sum: 51.7]
         [Processed Buffers: Min: 1, Avg: 5.9, Max: 19, Diff: 18, Sum: 77]
      [Scan RS (ms): Min: 19.9, Avg: 20.4, Max: 20.7, Diff: 0.8, Sum: 265.3]
      [Code Root Scanning (ms): Min: 0.0, Avg: 0.0, Max: 0.0, Diff: 0.0, Sum: 0.1]
      [Object Copy (ms): Min: 49.8, Avg: 50.0, Max: 50.5, Diff: 0.7, Sum: 649.6]
      [Termination (ms): Min: 0.0, Avg: 0.0, Max: 0.0, Diff: 0.0, Sum: 0.1]
      [GC Worker Other (ms): Min: 0.0, Avg: 0.1, Max: 0.3, Diff: 0.3, Sum: 1.5]
      [GC Worker Total (ms): Min: 75.1, Avg: 75.4, Max: 75.9, Diff: 0.8, Sum: 980.8]
      [GC Worker End (ms): Min: 145211.1, Avg: 145211.2, Max: 145211.4, Diff: 0.3]
   [Code Root Fixup: 0.2 ms]
   [Code Root Migration: 0.1 ms]
   [Clear CT: 3.8 ms]
   [Other: 19.3 ms]
      [Choose CSet: 0.0 ms]
      [Ref Proc: 12.3 ms]
      [Ref Enq: 1.8 ms]
      [Free CSet: 1.9 ms]
   [Eden: 1200.0M(1200.0M)->0.0B(1072.0M) Survivors: 28.0M->156.0M Heap: 13.0G(24.0G)->12.0G(24.0G)]
 [Times: user=1.03 sys=0.03, real=0.10 secs] 
2014-04-16T09:40:45.995+0900: 148.282: [GC pause (G1 Evacuation Pause) (mixed), 0.1659946 secs]
   [Parallel Time: 152.2 ms, GC Workers: 13]
      [GC Worker Start (ms): Min: 148282.7, Avg: 148283.0, Max: 148283.3, Diff: 0.6]
      [Ext Root Scanning (ms): Min: 0.8, Avg: 1.2, Max: 1.4, Diff: 0.6, Sum: 15.3]
      [Update RS (ms): Min: 2.5, Avg: 3.1, Max: 4.5, Diff: 2.0, Sum: 39.9]
         [Processed Buffers: Min: 1, Avg: 5.9, Max: 16, Diff: 15, Sum: 77]
      [Scan RS (ms): Min: 52.4, Avg: 53.8, Max: 54.1, Diff: 1.7, Sum: 699.4]
      [Code Root Scanning (ms): Min: 0.0, Avg: 0.0, Max: 0.0, Diff: 0.0, Sum: 0.1]
      [Object Copy (ms): Min: 93.3, Avg: 93.5, Max: 93.6, Diff: 0.2, Sum: 1215.0]
      [Termination (ms): Min: 0.0, Avg: 0.1, Max: 0.1, Diff: 0.1, Sum: 1.1]
      [GC Worker Other (ms): Min: 0.0, Avg: 0.1, Max: 0.2, Diff: 0.1, Sum: 1.1]
      [GC Worker Total (ms): Min: 151.4, Avg: 151.7, Max: 152.0, Diff: 0.7, Sum: 1972.0]
      [GC Worker End (ms): Min: 148434.6, Avg: 148434.7, Max: 148434.8, Diff: 0.1]
   [Code Root Fixup: 0.1 ms]
   [Code Root Migration: 0.1 ms]
   [Clear CT: 3.9 ms]
   [Other: 9.7 ms]
      [Choose CSet: 0.3 ms]
      [Ref Proc: 2.5 ms]
      [Ref Enq: 0.2 ms]
      [Free CSet: 1.9 ms]
   [Eden: 1072.0M(1072.0M)->0.0B(1100.0M) Survivors: 156.0M->128.0M Heap: 13.3G(24.0G)->12.2G(24.0G)]
 [Times: user=1.96 sys=0.03, real=0.17 secs] 
2014-04-16T09:40:47.614+0900: 149.902: [GC pause (G1 Evacuation Pause) (young), 0.0854164 secs]
   [Parallel Time: 67.1 ms, GC Workers: 13]
      [GC Worker Start (ms): Min: 149902.2, Avg: 149902.5, Max: 149902.8, Diff: 0.6]
      [Ext Root Scanning (ms): Min: 0.7, Avg: 1.0, Max: 1.3, Diff: 0.6, Sum: 13.6]
      [Update RS (ms): Min: 3.1, Avg: 3.7, Max: 4.7, Diff: 1.5, Sum: 47.5]
         [Processed Buffers: Min: 1, Avg: 6.1, Max: 18, Diff: 17, Sum: 79]
      [Scan RS (ms): Min: 20.8, Avg: 21.8, Max: 22.2, Diff: 1.4, Sum: 284.0]
      [Code Root Scanning (ms): Min: 0.0, Avg: 0.0, Max: 0.0, Diff: 0.0, Sum: 0.1]
      [Object Copy (ms): Min: 39.2, Avg: 39.3, Max: 39.4, Diff: 0.2, Sum: 510.8]
      [Termination (ms): Min: 0.0, Avg: 0.0, Max: 0.1, Diff: 0.1, Sum: 0.6]
      [GC Worker Other (ms): Min: 0.0, Avg: 0.1, Max: 0.4, Diff: 0.4, Sum: 1.6]
      [GC Worker Total (ms): Min: 65.6, Avg: 66.0, Max: 66.5, Diff: 0.9, Sum: 858.2]
      [GC Worker End (ms): Min: 149968.4, Avg: 149968.5, Max: 149968.8, Diff: 0.4]
   [Code Root Fixup: 0.1 ms]
   [Code Root Migration: 0.1 ms]
   [Clear CT: 3.2 ms]
   [Other: 14.9 ms]
      [Choose CSet: 0.0 ms]
      [Ref Proc: 10.6 ms]
      [Ref Enq: 1.0 ms]
      [Free CSet: 1.0 ms]
   [Eden: 1100.0M(1100.0M)->0.0B(1200.0M) Survivors: 128.0M->28.0M Heap: 13.3G(24.0G)->12.3G(24.0G)]
 [Times: user=0.92 sys=0.00, real=0.09 secs] 
2014-04-16T09:40:48.216+0900: 150.503: [GC pause (G1 Humongous Allocation) (young) (initial-mark), 0.0246650 secs]
   [Parallel Time: 6.4 ms, GC Workers: 13]
      [GC Worker Start (ms): Min: 150504.0, Avg: 150504.3, Max: 150504.6, Diff: 0.6]
      [Ext Root Scanning (ms): Min: 0.5, Avg: 0.9, Max: 3.3, Diff: 2.8, Sum: 12.1]
      [Code Root Marking (ms): Min: 0.2, Avg: 1.1, Max: 4.1, Diff: 4.0, Sum: 14.3]
      [Update RS (ms): Min: 0.0, Avg: 1.4, Max: 2.6, Diff: 2.6, Sum: 18.0]
         [Processed Buffers: Min: 0, Avg: 5.0, Max: 18, Diff: 18, Sum: 65]
      [Scan RS (ms): Min: 0.0, Avg: 0.1, Max: 0.4, Diff: 0.4, Sum: 1.8]
      [Code Root Scanning (ms): Min: 0.0, Avg: 0.0, Max: 0.0, Diff: 0.0, Sum: 0.0]
      [Object Copy (ms): Min: 0.5, Avg: 0.8, Max: 1.1, Diff: 0.5, Sum: 10.1]
      [Termination (ms): Min: 0.0, Avg: 1.0, Max: 1.1, Diff: 1.1, Sum: 12.5]
      [GC Worker Other (ms): Min: 0.0, Avg: 0.0, Max: 0.0, Diff: 0.0, Sum: 0.3]
      [GC Worker Total (ms): Min: 5.0, Avg: 5.3, Max: 5.6, Diff: 0.6, Sum: 69.2]
      [GC Worker End (ms): Min: 150509.6, Avg: 150509.7, Max: 150509.7, Diff: 0.0]
   [Code Root Fixup: 0.2 ms]
   [Code Root Migration: 0.0 ms]
   [Clear CT: 1.3 ms]
   [Other: 16.7 ms]
      [Choose CSet: 0.0 ms]
      [Ref Proc: 12.7 ms]
      [Ref Enq: 1.4 ms]
      [Free CSet: 0.7 ms]
   [Eden: 908.0M(1200.0M)->0.0B(1200.0M) Survivors: 28.0M->28.0M Heap: 13.1G(24.0G)->12.3G(24.0G)]
 [Times: user=0.10 sys=0.00, real=0.03 secs] 
2014-04-16T09:40:48.241+0900: 150.528: [GC concurrent-root-region-scan-start]
2014-04-16T09:40:48.243+0900: 150.531: [GC concurrent-root-region-scan-end, 0.0025141 secs]
2014-04-16T09:40:48.243+0900: 150.531: [GC concurrent-mark-start]
2014-04-16T09:40:49.691+0900: 151.978: [GC concurrent-mark-end, 1.4473076 secs]
2014-04-16T09:40:49.692+0900: 151.980: [GC remark 151.981: [GC ref-proc, 0.0105492 secs], 0.0350360 secs]
 [Times: user=0.28 sys=0.00, real=0.04 secs] 
2014-04-16T09:40:49.730+0900: 152.018: [GC cleanup 13G->12G(24G), 0.0226709 secs]
 [Times: user=0.25 sys=0.00, real=0.02 secs] 
2014-04-16T09:40:49.754+0900: 152.041: [GC concurrent-cleanup-start]
2014-04-16T09:40:49.755+0900: 152.042: [GC concurrent-cleanup-end, 0.0013409 secs]
2014-04-16T09:40:50.400+0900: 152.687: [GC pause (G1 Evacuation Pause) (young), 0.0688442 secs]
   [Parallel Time: 53.1 ms, GC Workers: 13]
      [GC Worker Start (ms): Min: 152687.5, Avg: 152687.8, Max: 152688.0, Diff: 0.5]
      [Ext Root Scanning (ms): Min: 0.7, Avg: 0.9, Max: 1.7, Diff: 1.0, Sum: 12.2]
      [Update RS (ms): Min: 5.3, Avg: 6.3, Max: 7.0, Diff: 1.8, Sum: 82.1]
         [Processed Buffers: Min: 2, Avg: 6.6, Max: 17, Diff: 15, Sum: 86]
      [Scan RS (ms): Min: 8.0, Avg: 8.6, Max: 9.0, Diff: 1.0, Sum: 111.6]
      [Code Root Scanning (ms): Min: 0.0, Avg: 0.0, Max: 0.0, Diff: 0.0, Sum: 0.1]
      [Object Copy (ms): Min: 36.1, Avg: 36.2, Max: 36.3, Diff: 0.2, Sum: 470.4]
      [Termination (ms): Min: 0.0, Avg: 0.0, Max: 0.1, Diff: 0.1, Sum: 0.6]
      [GC Worker Other (ms): Min: 0.0, Avg: 0.0, Max: 0.1, Diff: 0.1, Sum: 0.6]
      [GC Worker Total (ms): Min: 51.9, Avg: 52.1, Max: 52.4, Diff: 0.5, Sum: 677.6]
      [GC Worker End (ms): Min: 152739.9, Avg: 152739.9, Max: 152740.0, Diff: 0.1]
   [Code Root Fixup: 0.2 ms]
   [Code Root Migration: 0.1 ms]
   [Clear CT: 3.3 ms]
   [Other: 12.2 ms]
      [Choose CSet: 0.0 ms]
      [Ref Proc: 7.4 ms]
      [Ref Enq: 1.3 ms]
      [Free CSet: 1.6 ms]
   [Eden: 1200.0M(1200.0M)->0.0B(1072.0M) Survivors: 28.0M->156.0M Heap: 13.2G(24.0G)->12.3G(24.0G)]
 [Times: user=0.72 sys=0.01, real=0.07 secs] 
2014-04-16T09:40:52.768+0900: 155.055: [GC pause (G1 Evacuation Pause) (mixed), 0.1872860 secs]
   [Parallel Time: 157.7 ms, GC Workers: 13]
      [GC Worker Start (ms): Min: 155056.6, Avg: 155056.8, Max: 155057.1, Diff: 0.5]
      [Ext Root Scanning (ms): Min: 0.7, Avg: 1.0, Max: 1.7, Diff: 1.0, Sum: 13.1]
      [Update RS (ms): Min: 3.8, Avg: 4.5, Max: 5.4, Diff: 1.6, Sum: 58.2]
         [Processed Buffers: Min: 2, Avg: 5.8, Max: 19, Diff: 17, Sum: 75]
      [Scan RS (ms): Min: 49.5, Avg: 50.3, Max: 50.8, Diff: 1.3, Sum: 653.9]
      [Code Root Scanning (ms): Min: 0.0, Avg: 0.0, Max: 0.0, Diff: 0.0, Sum: 0.2]
      [Object Copy (ms): Min: 100.6, Avg: 100.7, Max: 100.8, Diff: 0.2, Sum: 1309.7]
      [Termination (ms): Min: 0.0, Avg: 0.0, Max: 0.0, Diff: 0.0, Sum: 0.0]
      [GC Worker Other (ms): Min: 0.0, Avg: 0.1, Max: 0.3, Diff: 0.3, Sum: 1.5]
      [GC Worker Total (ms): Min: 156.3, Avg: 156.7, Max: 156.9, Diff: 0.6, Sum: 2036.7]
      [GC Worker End (ms): Min: 155213.4, Avg: 155213.5, Max: 155213.7, Diff: 0.3]
   [Code Root Fixup: 0.2 ms]
   [Code Root Migration: 0.2 ms]
   [Clear CT: 4.8 ms]
   [Other: 24.3 ms]
      [Choose CSet: 1.1 ms]
      [Ref Proc: 12.3 ms]
      [Ref Enq: 0.9 ms]
      [Free CSet: 4.4 ms]
   [Eden: 1072.0M(1072.0M)->0.0B(1072.0M) Survivors: 156.0M->156.0M Heap: 13.8G(24.0G)->12.3G(24.0G)]
 [Times: user=2.12 sys=0.00, real=0.18 secs] 
2014-04-16T09:40:54.318+0900: 156.606: [GC pause (G1 Evacuation Pause) (mixed), 0.2071480 secs]
   [Parallel Time: 175.3 ms, GC Workers: 13]
      [GC Worker Start (ms): Min: 156607.6, Avg: 156607.9, Max: 156608.1, Diff: 0.6]
      [Ext Root Scanning (ms): Min: 0.6, Avg: 1.0, Max: 1.8, Diff: 1.1, Sum: 12.4]
      [Update RS (ms): Min: 1.4, Avg: 2.8, Max: 3.8, Diff: 2.3, Sum: 35.8]
         [Processed Buffers: Min: 2, Avg: 6.2, Max: 15, Diff: 13, Sum: 81]
      [Scan RS (ms): Min: 59.7, Avg: 60.6, Max: 61.3, Diff: 1.6, Sum: 788.2]
      [Code Root Scanning (ms): Min: 0.0, Avg: 0.0, Max: 0.1, Diff: 0.1, Sum: 0.2]
      [Object Copy (ms): Min: 110.0, Avg: 110.1, Max: 110.2, Diff: 0.2, Sum: 1431.0]
      [Termination (ms): Min: 0.0, Avg: 0.0, Max: 0.0, Diff: 0.0, Sum: 0.0]
      [GC Worker Other (ms): Min: 0.0, Avg: 0.1, Max: 0.3, Diff: 0.3, Sum: 1.5]
      [GC Worker Total (ms): Min: 174.2, Avg: 174.6, Max: 174.8, Diff: 0.6, Sum: 2269.3]
      [GC Worker End (ms): Min: 156782.3, Avg: 156782.4, Max: 156782.6, Diff: 0.3]
   [Code Root Fixup: 0.4 ms]
   [Code Root Migration: 0.2 ms]
   [Clear CT: 5.1 ms]
   [Other: 26.2 ms]
      [Choose CSet: 1.3 ms]
      [Ref Proc: 12.2 ms]
      [Ref Enq: 1.1 ms]
      [Free CSet: 4.9 ms]
   [Eden: 1072.0M(1072.0M)->0.0B(1072.0M) Survivors: 156.0M->156.0M Heap: 13.9G(24.0G)->12.4G(24.0G)]
 [Times: user=2.37 sys=0.00, real=0.20 secs] 
2014-04-16T09:40:55.884+0900: 158.171: [GC pause (G1 Evacuation Pause) (mixed), 0.2079295 secs]
   [Parallel Time: 175.8 ms, GC Workers: 13]
      [GC Worker Start (ms): Min: 158173.4, Avg: 158173.7, Max: 158174.0, Diff: 0.5]
      [Ext Root Scanning (ms): Min: 0.6, Avg: 0.8, Max: 1.5, Diff: 0.9, Sum: 10.6]
      [Update RS (ms): Min: 6.1, Avg: 6.2, Max: 6.7, Diff: 0.6, Sum: 80.4]
         [Processed Buffers: Min: 2, Avg: 6.5, Max: 14, Diff: 12, Sum: 84]
      [Scan RS (ms): Min: 57.5, Avg: 58.2, Max: 58.5, Diff: 1.0, Sum: 756.0]
      [Code Root Scanning (ms): Min: 0.0, Avg: 0.0, Max: 0.1, Diff: 0.1, Sum: 0.3]
      [Object Copy (ms): Min: 109.3, Avg: 109.4, Max: 109.5, Diff: 0.2, Sum: 1422.2]
      [Termination (ms): Min: 0.0, Avg: 0.0, Max: 0.0, Diff: 0.0, Sum: 0.0]
      [GC Worker Other (ms): Min: 0.0, Avg: 0.1, Max: 0.3, Diff: 0.3, Sum: 1.5]
      [GC Worker Total (ms): Min: 174.4, Avg: 174.7, Max: 175.0, Diff: 0.6, Sum: 2271.1]
      [GC Worker End (ms): Min: 158348.4, Avg: 158348.4, Max: 158348.7, Diff: 0.3]
   [Code Root Fixup: 0.3 ms]
   [Code Root Migration: 0.3 ms]
   [Clear CT: 5.0 ms]
   [Other: 26.6 ms]
      [Choose CSet: 1.4 ms]
      [Ref Proc: 12.7 ms]
      [Ref Enq: 1.1 ms]
      [Free CSet: 4.7 ms]
   [Eden: 1072.0M(1072.0M)->0.0B(1072.0M) Survivors: 156.0M->156.0M Heap: 13.9G(24.0G)->12.6G(24.0G)]
 [Times: user=2.37 sys=0.00, real=0.21 secs] 
2014-04-16T09:40:56.201+0900: 158.489: [GC pause (G1 Humongous Allocation) (young) (initial-mark), 0.0631436 secs]
   [Parallel Time: 55.0 ms, GC Workers: 13]
      [GC Worker Start (ms): Min: 158489.5, Avg: 158489.6, Max: 158489.7, Diff: 0.2]
      [Ext Root Scanning (ms): Min: 0.6, Avg: 0.9, Max: 2.7, Diff: 2.1, Sum: 12.3]
      [Code Root Marking (ms): Min: 0.2, Avg: 1.2, Max: 6.3, Diff: 6.1, Sum: 16.2]
      [Update RS (ms): Min: 23.2, Avg: 27.1, Max: 28.9, Diff: 5.7, Sum: 352.1]
         [Processed Buffers: Min: 12, Avg: 16.0, Max: 29, Diff: 17, Sum: 208]
      [Scan RS (ms): Min: 2.2, Avg: 3.2, Max: 3.9, Diff: 1.8, Sum: 42.2]
      [Code Root Scanning (ms): Min: 0.0, Avg: 0.0, Max: 0.0, Diff: 0.0, Sum: 0.0]
      [Object Copy (ms): Min: 21.9, Avg: 22.2, Max: 22.4, Diff: 0.5, Sum: 288.1]
      [Termination (ms): Min: 0.0, Avg: 0.0, Max: 0.0, Diff: 0.0, Sum: 0.1]
      [GC Worker Other (ms): Min: 0.0, Avg: 0.0, Max: 0.1, Diff: 0.1, Sum: 0.5]
      [GC Worker Total (ms): Min: 54.6, Avg: 54.7, Max: 54.8, Diff: 0.2, Sum: 711.6]
      [GC Worker End (ms): Min: 158544.3, Avg: 158544.3, Max: 158544.4, Diff: 0.1]
   [Code Root Fixup: 0.2 ms]
   [Code Root Migration: 0.0 ms]
   [Clear CT: 1.7 ms]
   [Other: 6.2 ms]
      [Choose CSet: 0.0 ms]
      [Ref Proc: 2.8 ms]
      [Ref Enq: 0.2 ms]
      [Free CSet: 0.4 ms]
   [Eden: 80.0M(1072.0M)->0.0B(1200.0M) Survivors: 156.0M->28.0M Heap: 12.7G(24.0G)->12.6G(24.0G)]
 [Times: user=0.74 sys=0.00, real=0.06 secs] 
2014-04-16T09:40:56.265+0900: 158.552: [GC concurrent-root-region-scan-start]
2014-04-16T09:40:56.267+0900: 158.555: [GC concurrent-root-region-scan-end, 0.0025778 secs]
2014-04-16T09:40:56.267+0900: 158.555: [GC concurrent-mark-start]
2014-04-16T09:40:57.576+0900: 159.863: [GC pause (G1 Evacuation Pause) (young), 0.0598979 secs]
   [Parallel Time: 50.5 ms, GC Workers: 13]
      [GC Worker Start (ms): Min: 159863.5, Avg: 159863.7, Max: 159863.8, Diff: 0.3]
      [Ext Root Scanning (ms): Min: 0.6, Avg: 0.7, Max: 1.1, Diff: 0.5, Sum: 9.7]
      [SATB Filtering (ms): Min: 0.0, Avg: 0.0, Max: 0.3, Diff: 0.3, Sum: 0.3]
      [Update RS (ms): Min: 0.7, Avg: 2.0, Max: 4.2, Diff: 3.5, Sum: 26.2]
         [Processed Buffers: Min: 1, Avg: 5.8, Max: 18, Diff: 17, Sum: 75]
      [Scan RS (ms): Min: 5.8, Avg: 7.9, Max: 8.9, Diff: 3.1, Sum: 102.7]
      [Code Root Scanning (ms): Min: 0.0, Avg: 0.0, Max: 0.0, Diff: 0.0, Sum: 0.1]
      [Object Copy (ms): Min: 39.4, Avg: 39.4, Max: 39.5, Diff: 0.1, Sum: 512.6]
      [Termination (ms): Min: 0.0, Avg: 0.0, Max: 0.0, Diff: 0.0, Sum: 0.0]
      [GC Worker Other (ms): Min: 0.0, Avg: 0.1, Max: 0.1, Diff: 0.1, Sum: 0.9]
      [GC Worker Total (ms): Min: 50.1, Avg: 50.2, Max: 50.5, Diff: 0.4, Sum: 652.5]
      [GC Worker End (ms): Min: 159913.8, Avg: 159913.9, Max: 159913.9, Diff: 0.1]
   [Code Root Fixup: 0.3 ms]
   [Code Root Migration: 0.1 ms]
   [Clear CT: 2.9 ms]
   [Other: 6.1 ms]
      [Choose CSet: 0.0 ms]
      [Ref Proc: 2.7 ms]
      [Ref Enq: 0.2 ms]
      [Free CSet: 1.2 ms]
   [Eden: 1200.0M(1200.0M)->0.0B(1072.0M) Survivors: 28.0M->156.0M Heap: 14.4G(24.0G)->13.4G(24.0G)]
 [Times: user=0.70 sys=0.01, real=0.06 secs] 
2014-04-16T09:40:57.916+0900: 160.203: [GC concurrent-mark-end, 1.6489020 secs]
2014-04-16T09:40:57.917+0900: 160.204: [GC remark 160.205: [GC ref-proc, 0.0060345 secs], 0.0311603 secs]
 [Times: user=0.27 sys=0.00, real=0.04 secs] 
2014-04-16T09:40:57.949+0900: 160.237: [GC cleanup 13G->11G(24G), 0.0195721 secs]
 [Times: user=0.23 sys=0.00, real=0.02 secs] 
2014-04-16T09:40:57.969+0900: 160.257: [GC concurrent-cleanup-start]
2014-04-16T09:40:57.971+0900: 160.259: [GC concurrent-cleanup-end, 0.0020139 secs]
2014-04-16T09:40:59.267+0900: 161.555: [GC pause (G1 Evacuation Pause) (young), 0.0974682 secs]
   [Parallel Time: 80.5 ms, GC Workers: 13]
      [GC Worker Start (ms): Min: 161555.0, Avg: 161555.3, Max: 161555.6, Diff: 0.6]
      [Ext Root Scanning (ms): Min: 0.6, Avg: 0.9, Max: 1.7, Diff: 1.1, Sum: 11.1]
      [Update RS (ms): Min: 3.3, Avg: 3.5, Max: 3.9, Diff: 0.6, Sum: 45.6]
         [Processed Buffers: Min: 2, Avg: 6.0, Max: 21, Diff: 19, Sum: 78]
      [Scan RS (ms): Min: 17.1, Avg: 18.3, Max: 18.5, Diff: 1.4, Sum: 237.6]
      [Code Root Scanning (ms): Min: 0.0, Avg: 0.0, Max: 0.0, Diff: 0.0, Sum: 0.1]
      [Object Copy (ms): Min: 57.0, Avg: 57.1, Max: 57.2, Diff: 0.2, Sum: 742.2]
      [Termination (ms): Min: 0.0, Avg: 0.0, Max: 0.0, Diff: 0.0, Sum: 0.0]
      [GC Worker Other (ms): Min: 0.0, Avg: 0.1, Max: 0.4, Diff: 0.3, Sum: 1.6]
      [GC Worker Total (ms): Min: 79.6, Avg: 79.9, Max: 80.1, Diff: 0.5, Sum: 1038.3]
      [GC Worker End (ms): Min: 161635.1, Avg: 161635.2, Max: 161635.4, Diff: 0.3]
   [Code Root Fixup: 0.3 ms]
   [Code Root Migration: 0.1 ms]
   [Clear CT: 3.1 ms]
   [Other: 13.5 ms]
      [Choose CSet: 0.0 ms]
      [Ref Proc: 8.2 ms]
      [Ref Enq: 0.3 ms]
      [Free CSet: 1.4 ms]
   [Eden: 1072.0M(1072.0M)->0.0B(1072.0M) Survivors: 156.0M->156.0M Heap: 13.0G(24.0G)->12.2G(24.0G)]
 [Times: user=1.10 sys=0.00, real=0.10 secs] 
2014-04-16T09:41:01.010+0900: 163.298: [GC pause (G1 Evacuation Pause) (mixed), 0.1114671 secs]
   [Parallel Time: 94.0 ms, GC Workers: 13]
      [GC Worker Start (ms): Min: 163298.0, Avg: 163298.2, Max: 163298.4, Diff: 0.4]
      [Ext Root Scanning (ms): Min: 0.7, Avg: 0.9, Max: 1.8, Diff: 1.1, Sum: 12.0]
      [Update RS (ms): Min: 1.8, Avg: 3.0, Max: 4.7, Diff: 3.0, Sum: 39.5]
         [Processed Buffers: Min: 3, Avg: 6.6, Max: 19, Diff: 16, Sum: 86]
      [Scan RS (ms): Min: 19.8, Avg: 21.2, Max: 21.7, Diff: 1.9, Sum: 275.4]
      [Code Root Scanning (ms): Min: 0.0, Avg: 0.0, Max: 0.0, Diff: 0.0, Sum: 0.1]
      [Object Copy (ms): Min: 67.7, Avg: 67.9, Max: 68.1, Diff: 0.4, Sum: 882.7]
      [Termination (ms): Min: 0.0, Avg: 0.0, Max: 0.0, Diff: 0.0, Sum: 0.0]
      [GC Worker Other (ms): Min: 0.0, Avg: 0.1, Max: 0.3, Diff: 0.2, Sum: 1.5]
      [GC Worker Total (ms): Min: 92.9, Avg: 93.2, Max: 93.4, Diff: 0.4, Sum: 1211.2]
      [GC Worker End (ms): Min: 163391.3, Avg: 163391.4, Max: 163391.5, Diff: 0.2]
   [Code Root Fixup: 0.4 ms]
   [Code Root Migration: 0.1 ms]
   [Clear CT: 3.9 ms]
   [Other: 13.0 ms]
      [Choose CSet: 0.1 ms]
      [Ref Proc: 6.7 ms]
      [Ref Enq: 0.6 ms]
      [Free CSet: 1.7 ms]
   [Eden: 1072.0M(1072.0M)->0.0B(1072.0M) Survivors: 156.0M->156.0M Heap: 13.7G(24.0G)->12.8G(24.0G)]
 [Times: user=1.28 sys=0.00, real=0.11 secs] 
2014-04-16T09:41:01.227+0900: 163.514: [GC pause (G1 Humongous Allocation) (young) (initial-mark), 0.0544106 secs]
   [Parallel Time: 40.6 ms, GC Workers: 13]
      [GC Worker Start (ms): Min: 163515.3, Avg: 163515.5, Max: 163515.7, Diff: 0.4]
      [Ext Root Scanning (ms): Min: 0.6, Avg: 0.9, Max: 3.3, Diff: 2.7, Sum: 11.5]
      [Code Root Marking (ms): Min: 0.2, Avg: 1.1, Max: 4.3, Diff: 4.2, Sum: 14.6]
      [Update RS (ms): Min: 1.3, Avg: 4.3, Max: 5.6, Diff: 4.4, Sum: 56.4]
         [Processed Buffers: Min: 1, Avg: 3.4, Max: 12, Diff: 11, Sum: 44]
      [Scan RS (ms): Min: 7.6, Avg: 8.4, Max: 8.7, Diff: 1.1, Sum: 109.3]
      [Code Root Scanning (ms): Min: 0.0, Avg: 0.0, Max: 0.0, Diff: 0.0, Sum: 0.0]
      [Object Copy (ms): Min: 24.2, Avg: 24.4, Max: 24.8, Diff: 0.6, Sum: 317.3]
      [Termination (ms): Min: 0.0, Avg: 0.0, Max: 0.0, Diff: 0.0, Sum: 0.1]
      [GC Worker Other (ms): Min: 0.0, Avg: 0.0, Max: 0.1, Diff: 0.0, Sum: 0.4]
      [GC Worker Total (ms): Min: 39.1, Avg: 39.2, Max: 39.4, Diff: 0.4, Sum: 509.7]
      [GC Worker End (ms): Min: 163554.7, Avg: 163554.7, Max: 163554.8, Diff: 0.0]
   [Code Root Fixup: 0.2 ms]
   [Code Root Migration: 0.0 ms]
   [Clear CT: 2.7 ms]
   [Other: 10.9 ms]
      [Choose CSet: 0.0 ms]
      [Ref Proc: 7.3 ms]
      [Ref Enq: 0.3 ms]
      [Free CSet: 0.4 ms]
   [Eden: 72.0M(1072.0M)->0.0B(1200.0M) Survivors: 156.0M->28.0M Heap: 12.9G(24.0G)->12.8G(24.0G)]
 [Times: user=0.56 sys=0.01, real=0.06 secs] 
2014-04-16T09:41:01.282+0900: 163.569: [GC concurrent-root-region-scan-start]
2014-04-16T09:41:01.288+0900: 163.576: [GC concurrent-root-region-scan-end, 0.0066862 secs]
2014-04-16T09:41:01.289+0900: 163.576: [GC concurrent-mark-start]
2014-04-16T09:41:02.847+0900: 165.135: [GC concurrent-mark-end, 1.5588319 secs]
2014-04-16T09:41:02.849+0900: 165.136: [GC remark 165.137: [GC ref-proc, 0.0097706 secs], 0.0368845 secs]
 [Times: user=0.29 sys=0.01, real=0.03 secs] 
2014-04-16T09:41:02.887+0900: 165.174: [GC cleanup 13G->11G(24G), 0.0200972 secs]
 [Times: user=0.23 sys=0.00, real=0.02 secs] 
2014-04-16T09:41:02.908+0900: 165.195: [GC concurrent-cleanup-start]
2014-04-16T09:41:02.910+0900: 165.197: [GC concurrent-cleanup-end, 0.0020219 secs]
2014-04-16T09:41:04.477+0900: 166.765: [GC pause (G1 Evacuation Pause) (young), 0.0790128 secs]
   [Parallel Time: 63.6 ms, GC Workers: 13]
      [GC Worker Start (ms): Min: 166765.0, Avg: 166765.2, Max: 166765.3, Diff: 0.3]
      [Ext Root Scanning (ms): Min: 0.5, Avg: 0.8, Max: 1.4, Diff: 0.9, Sum: 10.4]
      [Update RS (ms): Min: 1.6, Avg: 2.3, Max: 3.3, Diff: 1.6, Sum: 29.5]
         [Processed Buffers: Min: 1, Avg: 5.9, Max: 13, Diff: 12, Sum: 77]
      [Scan RS (ms): Min: 11.9, Avg: 12.7, Max: 13.3, Diff: 1.4, Sum: 165.1]
      [Code Root Scanning (ms): Min: 0.0, Avg: 0.0, Max: 0.0, Diff: 0.0, Sum: 0.1]
      [Object Copy (ms): Min: 47.0, Avg: 47.2, Max: 47.6, Diff: 0.6, Sum: 614.2]
      [Termination (ms): Min: 0.0, Avg: 0.0, Max: 0.0, Diff: 0.0, Sum: 0.0]
      [GC Worker Other (ms): Min: 0.0, Avg: 0.1, Max: 0.3, Diff: 0.3, Sum: 1.5]
      [GC Worker Total (ms): Min: 62.9, Avg: 63.1, Max: 63.4, Diff: 0.5, Sum: 820.7]
      [GC Worker End (ms): Min: 166828.2, Avg: 166828.3, Max: 166828.5, Diff: 0.3]
   [Code Root Fixup: 0.3 ms]
   [Code Root Migration: 0.1 ms]
   [Clear CT: 3.4 ms]
   [Other: 11.6 ms]
      [Choose CSet: 0.0 ms]
      [Ref Proc: 7.3 ms]
      [Ref Enq: 0.8 ms]
      [Free CSet: 1.2 ms]
   [Eden: 1200.0M(1200.0M)->0.0B(1072.0M) Survivors: 28.0M->156.0M Heap: 12.9G(24.0G)->12.0G(24.0G)]
 [Times: user=0.88 sys=0.01, real=0.08 secs] 
2014-04-16T09:41:09.319+0900: 171.606: [GC pause (G1 Evacuation Pause) (mixed), 0.1144699 secs]
   [Parallel Time: 91.1 ms, GC Workers: 13]
      [GC Worker Start (ms): Min: 171606.7, Avg: 171607.0, Max: 171607.3, Diff: 0.6]
      [Ext Root Scanning (ms): Min: 0.5, Avg: 0.8, Max: 1.5, Diff: 1.1, Sum: 9.9]
      [Update RS (ms): Min: 3.6, Avg: 4.1, Max: 4.8, Diff: 1.2, Sum: 53.1]
         [Processed Buffers: Min: 2, Avg: 6.2, Max: 15, Diff: 13, Sum: 81]
      [Scan RS (ms): Min: 18.0, Avg: 18.7, Max: 19.0, Diff: 0.9, Sum: 242.8]
      [Code Root Scanning (ms): Min: 0.0, Avg: 0.0, Max: 0.0, Diff: 0.0, Sum: 0.1]
      [Object Copy (ms): Min: 66.2, Avg: 66.3, Max: 66.4, Diff: 0.3, Sum: 862.5]
      [Termination (ms): Min: 0.0, Avg: 0.0, Max: 0.0, Diff: 0.0, Sum: 0.0]
      [GC Worker Other (ms): Min: 0.0, Avg: 0.1, Max: 0.4, Diff: 0.3, Sum: 1.6]
      [GC Worker Total (ms): Min: 89.6, Avg: 90.0, Max: 90.2, Diff: 0.6, Sum: 1169.9]
      [GC Worker End (ms): Min: 171696.9, Avg: 171697.0, Max: 171697.3, Diff: 0.3]
   [Code Root Fixup: 0.1 ms]
   [Code Root Migration: 0.1 ms]
   [Clear CT: 4.3 ms]
   [Other: 18.8 ms]
      [Choose CSet: 0.1 ms]
      [Ref Proc: 12.3 ms]
      [Ref Enq: 1.6 ms]
      [Free CSet: 1.6 ms]
   [Eden: 1072.0M(1072.0M)->0.0B(1112.0M) Survivors: 156.0M->116.0M Heap: 13.2G(24.0G)->12.2G(24.0G)]
 [Times: user=1.24 sys=0.01, real=0.12 secs] 
2014-04-16T09:41:10.251+0900: 172.539: [GC pause (G1 Evacuation Pause) (young), 0.0514227 secs]
   [Parallel Time: 33.1 ms, GC Workers: 13]
      [GC Worker Start (ms): Min: 172538.9, Avg: 172539.2, Max: 172539.4, Diff: 0.5]
      [Ext Root Scanning (ms): Min: 0.6, Avg: 0.9, Max: 1.5, Diff: 0.9, Sum: 11.3]
      [Update RS (ms): Min: 3.2, Avg: 3.8, Max: 5.1, Diff: 1.9, Sum: 49.1]
         [Processed Buffers: Min: 1, Avg: 5.8, Max: 20, Diff: 19, Sum: 75]
      [Scan RS (ms): Min: 4.7, Avg: 6.1, Max: 6.6, Diff: 1.9, Sum: 79.3]
      [Code Root Scanning (ms): Min: 0.0, Avg: 0.0, Max: 0.0, Diff: 0.0, Sum: 0.1]
      [Object Copy (ms): Min: 20.9, Avg: 21.0, Max: 21.1, Diff: 0.3, Sum: 273.0]
      [Termination (ms): Min: 0.0, Avg: 0.0, Max: 0.0, Diff: 0.0, Sum: 0.0]
      [GC Worker Other (ms): Min: 0.0, Avg: 0.1, Max: 0.2, Diff: 0.2, Sum: 1.5]
      [GC Worker Total (ms): Min: 31.5, Avg: 31.9, Max: 32.1, Diff: 0.6, Sum: 414.3]
      [GC Worker End (ms): Min: 172570.9, Avg: 172571.0, Max: 172571.2, Diff: 0.2]
   [Code Root Fixup: 0.1 ms]
   [Code Root Migration: 0.1 ms]
   [Clear CT: 3.6 ms]
   [Other: 14.5 ms]
      [Choose CSet: 0.0 ms]
      [Ref Proc: 11.0 ms]
      [Ref Enq: 1.2 ms]
      [Free CSet: 1.0 ms]
   [Eden: 1112.0M(1112.0M)->0.0B(1200.0M) Survivors: 116.0M->28.0M Heap: 13.3G(24.0G)->12.2G(24.0G)]
 [Times: user=0.48 sys=0.00, real=0.05 secs] 
2014-04-16T09:41:10.607+0900: 172.894: [GC pause (G1 Humongous Allocation) (young) (initial-mark), 0.0227109 secs]
   [Parallel Time: 7.3 ms, GC Workers: 13]
      [GC Worker Start (ms): Min: 172894.9, Avg: 172895.3, Max: 172895.5, Diff: 0.6]
      [Ext Root Scanning (ms): Min: 0.3, Avg: 0.8, Max: 3.1, Diff: 2.7, Sum: 10.1]
      [Code Root Marking (ms): Min: 0.1, Avg: 1.1, Max: 4.4, Diff: 4.2, Sum: 14.9]
      [Update RS (ms): Min: 0.0, Avg: 1.3, Max: 2.4, Diff: 2.4, Sum: 17.4]
         [Processed Buffers: Min: 0, Avg: 5.0, Max: 28, Diff: 28, Sum: 65]
      [Scan RS (ms): Min: 0.0, Avg: 0.1, Max: 0.3, Diff: 0.3, Sum: 1.1]
      [Code Root Scanning (ms): Min: 0.0, Avg: 0.0, Max: 0.0, Diff: 0.0, Sum: 0.0]
      [Object Copy (ms): Min: 0.4, Avg: 0.7, Max: 1.0, Diff: 0.6, Sum: 9.4]
      [Termination (ms): Min: 0.0, Avg: 1.5, Max: 1.6, Diff: 1.6, Sum: 19.1]
      [GC Worker Other (ms): Min: 0.0, Avg: 0.0, Max: 0.1, Diff: 0.0, Sum: 0.3]
      [GC Worker Total (ms): Min: 5.3, Avg: 5.6, Max: 5.9, Diff: 0.6, Sum: 72.3]
      [GC Worker End (ms): Min: 172900.8, Avg: 172900.8, Max: 172900.9, Diff: 0.1]
   [Code Root Fixup: 0.2 ms]
   [Code Root Migration: 0.0 ms]
   [Clear CT: 0.8 ms]
   [Other: 14.3 ms]
      [Choose CSet: 0.0 ms]
      [Ref Proc: 11.7 ms]
      [Ref Enq: 0.8 ms]
      [Free CSet: 0.3 ms]
   [Eden: 404.0M(1200.0M)->0.0B(1200.0M) Survivors: 28.0M->28.0M Heap: 12.6G(24.0G)->12.2G(24.0G)]
 [Times: user=0.11 sys=0.01, real=0.03 secs] 
2014-04-16T09:41:10.630+0900: 172.917: [GC concurrent-root-region-scan-start]
2014-04-16T09:41:10.631+0900: 172.919: [GC concurrent-root-region-scan-end, 0.0014800 secs]
2014-04-16T09:41:10.631+0900: 172.919: [GC concurrent-mark-start]
2014-04-16T09:41:11.665+0900: 173.953: [GC concurrent-mark-end, 1.0339905 secs]
2014-04-16T09:41:11.666+0900: 173.954: [GC remark 173.955: [GC ref-proc, 0.0076120 secs], 0.0265763 secs]
 [Times: user=0.20 sys=0.00, real=0.03 secs] 
2014-04-16T09:41:11.694+0900: 173.982: [GC cleanup 13G->12G(24G), 0.0199368 secs]
 [Times: user=0.23 sys=0.00, real=0.02 secs] 
2014-04-16T09:41:11.714+0900: 174.002: [GC concurrent-cleanup-start]
2014-04-16T09:41:11.716+0900: 174.003: [GC concurrent-cleanup-end, 0.0015325 secs]
2014-04-16T09:41:12.316+0900: 174.603: [GC pause (G1 Evacuation Pause) (young), 0.0573749 secs]
   [Parallel Time: 38.6 ms, GC Workers: 13]
      [GC Worker Start (ms): Min: 174603.6, Avg: 174603.9, Max: 174604.1, Diff: 0.5]
      [Ext Root Scanning (ms): Min: 0.5, Avg: 0.7, Max: 1.3, Diff: 0.8, Sum: 8.9]
      [Update RS (ms): Min: 3.6, Avg: 4.5, Max: 5.8, Diff: 2.2, Sum: 58.0]
         [Processed Buffers: Min: 2, Avg: 5.9, Max: 19, Diff: 17, Sum: 77]
      [Scan RS (ms): Min: 3.9, Avg: 5.2, Max: 5.7, Diff: 1.8, Sum: 68.2]
      [Code Root Scanning (ms): Min: 0.0, Avg: 0.0, Max: 0.0, Diff: 0.0, Sum: 0.1]
      [Object Copy (ms): Min: 27.2, Avg: 27.3, Max: 27.4, Diff: 0.2, Sum: 354.8]
      [Termination (ms): Min: 0.0, Avg: 0.0, Max: 0.0, Diff: 0.0, Sum: 0.1]
      [GC Worker Other (ms): Min: 0.0, Avg: 0.1, Max: 0.3, Diff: 0.3, Sum: 1.6]
      [GC Worker Total (ms): Min: 37.5, Avg: 37.8, Max: 38.2, Diff: 0.7, Sum: 491.7]
      [GC Worker End (ms): Min: 174641.6, Avg: 174641.7, Max: 174641.9, Diff: 0.3]
   [Code Root Fixup: 0.3 ms]
   [Code Root Migration: 0.1 ms]
   [Clear CT: 3.5 ms]
   [Other: 14.8 ms]
      [Choose CSet: 0.0 ms]
      [Ref Proc: 11.4 ms]
      [Ref Enq: 1.2 ms]
      [Free CSet: 1.1 ms]
   [Eden: 1200.0M(1200.0M)->0.0B(1092.0M) Survivors: 28.0M->136.0M Heap: 12.8G(24.0G)->11.8G(24.0G)]
 [Times: user=0.52 sys=0.01, real=0.06 secs] 
2014-04-16T09:41:14.517+0900: 176.804: [GC pause (G1 Evacuation Pause) (mixed), 0.1734482 secs]
   [Parallel Time: 147.9 ms, GC Workers: 13]
      [GC Worker Start (ms): Min: 176805.1, Avg: 176805.3, Max: 176805.6, Diff: 0.5]
      [Ext Root Scanning (ms): Min: 0.4, Avg: 0.7, Max: 1.5, Diff: 1.1, Sum: 9.2]
      [Update RS (ms): Min: 1.2, Avg: 2.1, Max: 3.2, Diff: 2.0, Sum: 26.9]
         [Processed Buffers: Min: 1, Avg: 4.7, Max: 12, Diff: 11, Sum: 61]
      [Scan RS (ms): Min: 42.8, Avg: 43.9, Max: 44.2, Diff: 1.3, Sum: 570.7]
      [Code Root Scanning (ms): Min: 0.0, Avg: 0.0, Max: 0.0, Diff: 0.0, Sum: 0.2]
      [Object Copy (ms): Min: 100.1, Avg: 100.2, Max: 100.3, Diff: 0.2, Sum: 1302.8]
      [Termination (ms): Min: 0.0, Avg: 0.0, Max: 0.0, Diff: 0.0, Sum: 0.0]
      [GC Worker Other (ms): Min: 0.0, Avg: 0.1, Max: 0.4, Diff: 0.3, Sum: 1.8]
      [GC Worker Total (ms): Min: 146.7, Avg: 147.0, Max: 147.3, Diff: 0.6, Sum: 1911.6]
      [GC Worker End (ms): Min: 176952.2, Avg: 176952.4, Max: 176952.6, Diff: 0.3]
   [Code Root Fixup: 0.3 ms]
   [Code Root Migration: 0.2 ms]
   [Clear CT: 5.2 ms]
   [Other: 19.9 ms]
      [Choose CSet: 0.8 ms]
      [Ref Proc: 9.8 ms]
      [Ref Enq: 0.5 ms]
      [Free CSet: 4.2 ms]
   [Eden: 1092.0M(1092.0M)->0.0B(1072.0M) Survivors: 136.0M->156.0M Heap: 13.3G(24.0G)->11.4G(24.0G)]
 [Times: user=1.99 sys=0.01, real=0.17 secs] 
2014-04-16T09:41:16.185+0900: 178.472: [GC pause (G1 Evacuation Pause) (mixed), 0.1696622 secs]
   [Parallel Time: 138.2 ms, GC Workers: 13]
      [GC Worker Start (ms): Min: 178473.9, Avg: 178474.2, Max: 178474.5, Diff: 0.6]
      [Ext Root Scanning (ms): Min: 0.4, Avg: 0.7, Max: 1.3, Diff: 0.9, Sum: 8.7]
      [Update RS (ms): Min: 3.6, Avg: 4.1, Max: 4.4, Diff: 0.9, Sum: 53.8]
         [Processed Buffers: Min: 2, Avg: 5.3, Max: 12, Diff: 10, Sum: 69]
      [Scan RS (ms): Min: 50.3, Avg: 50.6, Max: 50.7, Diff: 0.4, Sum: 657.2]
      [Code Root Scanning (ms): Min: 0.0, Avg: 0.0, Max: 0.0, Diff: 0.0, Sum: 0.2]
      [Object Copy (ms): Min: 81.6, Avg: 81.7, Max: 81.8, Diff: 0.2, Sum: 1062.2]
      [Termination (ms): Min: 0.0, Avg: 0.0, Max: 0.0, Diff: 0.0, Sum: 0.1]
      [GC Worker Other (ms): Min: 0.0, Avg: 0.1, Max: 0.3, Diff: 0.2, Sum: 1.3]
      [GC Worker Total (ms): Min: 136.9, Avg: 137.2, Max: 137.5, Diff: 0.6, Sum: 1783.5]
      [GC Worker End (ms): Min: 178611.3, Avg: 178611.4, Max: 178611.6, Diff: 0.2]
   [Code Root Fixup: 0.1 ms]
   [Code Root Migration: 0.2 ms]
   [Clear CT: 5.8 ms]
   [Other: 25.4 ms]
      [Choose CSet: 1.3 ms]
      [Ref Proc: 12.5 ms]
      [Ref Enq: 1.9 ms]
      [Free CSet: 4.9 ms]
   [Eden: 1072.0M(1072.0M)->0.0B(1180.0M) Survivors: 156.0M->48.0M Heap: 12.5G(24.0G)->10.6G(24.0G)]
 [Times: user=1.89 sys=0.00, real=0.17 secs] 
2014-04-16T09:41:18.527+0900: 180.815: [GC pause (G1 Evacuation Pause) (mixed), 0.1840988 secs]
   [Parallel Time: 155.7 ms, GC Workers: 13]
      [GC Worker Start (ms): Min: 180816.7, Avg: 180817.0, Max: 180817.2, Diff: 0.5]
      [Ext Root Scanning (ms): Min: 0.5, Avg: 0.7, Max: 1.3, Diff: 0.9, Sum: 9.3]
      [Update RS (ms): Min: 1.4, Avg: 2.3, Max: 4.0, Diff: 2.6, Sum: 30.2]
         [Processed Buffers: Min: 3, Avg: 5.2, Max: 9, Diff: 6, Sum: 67]
      [Scan RS (ms): Min: 54.0, Avg: 55.7, Max: 56.0, Diff: 2.0, Sum: 723.5]
      [Code Root Scanning (ms): Min: 0.0, Avg: 0.0, Max: 0.1, Diff: 0.1, Sum: 0.3]
      [Object Copy (ms): Min: 95.6, Avg: 95.7, Max: 95.8, Diff: 0.2, Sum: 1243.8]
      [Termination (ms): Min: 0.0, Avg: 0.1, Max: 0.1, Diff: 0.1, Sum: 1.3]
      [GC Worker Other (ms): Min: 0.0, Avg: 0.2, Max: 0.4, Diff: 0.3, Sum: 2.0]
      [GC Worker Total (ms): Min: 154.4, Avg: 154.6, Max: 154.9, Diff: 0.5, Sum: 2010.4]
      [GC Worker End (ms): Min: 180971.5, Avg: 180971.6, Max: 180971.9, Diff: 0.3]
   [Code Root Fixup: 0.3 ms]
   [Code Root Migration: 0.3 ms]
   [Clear CT: 5.1 ms]
   [Other: 22.6 ms]
      [Choose CSet: 1.5 ms]
      [Ref Proc: 10.7 ms]
      [Ref Enq: 0.5 ms]
      [Free CSet: 4.9 ms]
   [Eden: 1180.0M(1180.0M)->0.0B(1072.0M) Survivors: 48.0M->156.0M Heap: 12.3G(24.0G)->10.5G(24.0G)]
 [Times: user=2.11 sys=0.00, real=0.19 secs] 
2014-04-16T09:41:20.339+0900: 182.626: [GC pause (G1 Evacuation Pause) (mixed), 0.2090325 secs]
   [Parallel Time: 180.7 ms, GC Workers: 13]
      [GC Worker Start (ms): Min: 182628.5, Avg: 182628.8, Max: 182628.9, Diff: 0.4]
      [Ext Root Scanning (ms): Min: 0.5, Avg: 0.7, Max: 1.4, Diff: 0.9, Sum: 9.4]
      [Update RS (ms): Min: 1.2, Avg: 1.9, Max: 2.4, Diff: 1.1, Sum: 25.1]
         [Processed Buffers: Min: 3, Avg: 6.4, Max: 15, Diff: 12, Sum: 83]
      [Scan RS (ms): Min: 61.8, Avg: 62.1, Max: 62.2, Diff: 0.4, Sum: 807.2]
      [Code Root Scanning (ms): Min: 0.0, Avg: 0.0, Max: 0.0, Diff: 0.0, Sum: 0.2]
      [Object Copy (ms): Min: 114.9, Avg: 115.0, Max: 115.1, Diff: 0.2, Sum: 1494.6]
      [Termination (ms): Min: 0.0, Avg: 0.0, Max: 0.0, Diff: 0.0, Sum: 0.0]
      [GC Worker Other (ms): Min: 0.0, Avg: 0.1, Max: 0.3, Diff: 0.3, Sum: 1.6]
      [GC Worker Total (ms): Min: 179.6, Avg: 179.9, Max: 180.0, Diff: 0.4, Sum: 2338.2]
      [GC Worker End (ms): Min: 182808.5, Avg: 182808.6, Max: 182808.8, Diff: 0.3]
   [Code Root Fixup: 0.3 ms]
   [Code Root Migration: 0.2 ms]
   [Clear CT: 5.3 ms]
   [Other: 22.6 ms]
      [Choose CSet: 1.6 ms]
      [Ref Proc: 8.7 ms]
      [Ref Enq: 0.9 ms]
      [Free CSet: 5.3 ms]
   [Eden: 1072.0M(1072.0M)->0.0B(1072.0M) Survivors: 156.0M->156.0M Heap: 12.1G(24.0G)->10.4G(24.0G)]
 [Times: user=2.44 sys=0.00, real=0.21 secs] 
2014-04-16T09:41:23.872+0900: 186.159: [GC pause (G1 Evacuation Pause) (mixed), 0.1758515 secs]
   [Parallel Time: 145.7 ms, GC Workers: 13]
      [GC Worker Start (ms): Min: 186160.6, Avg: 186160.9, Max: 186161.2, Diff: 0.6]
      [Ext Root Scanning (ms): Min: 0.4, Avg: 0.7, Max: 1.3, Diff: 0.9, Sum: 8.6]
      [Update RS (ms): Min: 1.2, Avg: 1.6, Max: 1.7, Diff: 0.5, Sum: 20.7]
         [Processed Buffers: Min: 3, Avg: 5.8, Max: 12, Diff: 9, Sum: 75]
      [Scan RS (ms): Min: 46.9, Avg: 47.0, Max: 47.1, Diff: 0.2, Sum: 611.5]
      [Code Root Scanning (ms): Min: 0.0, Avg: 0.0, Max: 0.1, Diff: 0.1, Sum: 0.2]
      [Object Copy (ms): Min: 94.7, Avg: 94.8, Max: 94.8, Diff: 0.1, Sum: 1232.3]
      [Termination (ms): Min: 0.0, Avg: 0.0, Max: 0.0, Diff: 0.0, Sum: 0.0]
      [GC Worker Other (ms): Min: 0.0, Avg: 0.2, Max: 0.4, Diff: 0.4, Sum: 2.4]
      [GC Worker Total (ms): Min: 144.0, Avg: 144.3, Max: 144.8, Diff: 0.8, Sum: 1875.7]
      [GC Worker End (ms): Min: 186305.0, Avg: 186305.2, Max: 186305.5, Diff: 0.4]
   [Code Root Fixup: 0.3 ms]
   [Code Root Migration: 0.3 ms]
   [Clear CT: 5.6 ms]
   [Other: 24.0 ms]
      [Choose CSet: 1.0 ms]
      [Ref Proc: 12.5 ms]
      [Ref Enq: 1.1 ms]
      [Free CSet: 4.1 ms]
   [Eden: 1072.0M(1072.0M)->0.0B(1072.0M) Survivors: 156.0M->156.0M Heap: 12.0G(24.0G)->10.7G(24.0G)]
 [Times: user=1.98 sys=0.00, real=0.17 secs] 
2014-04-16T09:41:25.574+0900: 187.861: [GC pause (G1 Humongous Allocation) (young) (initial-mark), 0.0607853 secs]
   [Parallel Time: 42.0 ms, GC Workers: 13]
      [GC Worker Start (ms): Min: 187862.3, Avg: 187862.6, Max: 187862.9, Diff: 0.6]
      [Ext Root Scanning (ms): Min: 0.3, Avg: 0.6, Max: 2.6, Diff: 2.3, Sum: 8.4]
      [Code Root Marking (ms): Min: 0.1, Avg: 1.2, Max: 5.3, Diff: 5.1, Sum: 15.0]
      [Update RS (ms): Min: 3.4, Avg: 7.6, Max: 9.2, Diff: 5.8, Sum: 98.7]
         [Processed Buffers: Min: 2, Avg: 5.8, Max: 18, Diff: 16, Sum: 75]
      [Scan RS (ms): Min: 5.1, Avg: 5.7, Max: 6.0, Diff: 0.9, Sum: 73.6]
      [Code Root Scanning (ms): Min: 0.0, Avg: 0.0, Max: 0.0, Diff: 0.0, Sum: 0.0]
      [Object Copy (ms): Min: 25.1, Avg: 25.4, Max: 25.8, Diff: 0.7, Sum: 329.6]
      [Termination (ms): Min: 0.0, Avg: 0.0, Max: 0.0, Diff: 0.0, Sum: 0.0]
      [GC Worker Other (ms): Min: 0.0, Avg: 0.0, Max: 0.1, Diff: 0.1, Sum: 0.5]
      [GC Worker Total (ms): Min: 40.1, Avg: 40.5, Max: 40.8, Diff: 0.7, Sum: 525.9]
      [GC Worker End (ms): Min: 187903.1, Avg: 187903.1, Max: 187903.1, Diff: 0.1]
   [Code Root Fixup: 0.2 ms]
   [Code Root Migration: 0.0 ms]
   [Clear CT: 2.3 ms]
   [Other: 16.2 ms]
      [Choose CSet: 0.0 ms]
      [Ref Proc: 12.0 ms]
      [Ref Enq: 1.3 ms]
      [Free CSet: 0.5 ms]
   [Eden: 56.0M(1072.0M)->0.0B(1192.0M) Survivors: 156.0M->36.0M Heap: 10.8G(24.0G)->10.8G(24.0G)]
 [Times: user=0.57 sys=0.00, real=0.06 secs] 
2014-04-16T09:41:25.635+0900: 187.922: [GC concurrent-root-region-scan-start]
2014-04-16T09:41:25.635+0900: 187.923: [GC concurrent-root-region-scan-end, 0.0004219 secs]
2014-04-16T09:41:25.636+0900: 187.923: [GC concurrent-mark-start]
2014-04-16T09:41:26.817+0900: 189.104: [GC concurrent-mark-end, 1.1813095 secs]
2014-04-16T09:41:26.818+0900: 189.105: [GC remark 189.106: [GC ref-proc, 0.0062442 secs], 0.0258446 secs]
 [Times: user=0.19 sys=0.00, real=0.03 secs] 
2014-04-16T09:41:26.845+0900: 189.132: [GC cleanup 11G->9242M(24G), 0.0141671 secs]
 [Times: user=0.16 sys=0.01, real=0.01 secs] 
2014-04-16T09:41:26.859+0900: 189.146: [GC concurrent-cleanup-start]
2014-04-16T09:41:26.862+0900: 189.150: [GC concurrent-cleanup-end, 0.0033124 secs]
2014-04-16T09:41:28.830+0900: 191.117: [GC pause (G1 Evacuation Pause) (young), 0.0832995 secs]
   [Parallel Time: 65.9 ms, GC Workers: 13]
      [GC Worker Start (ms): Min: 191117.3, Avg: 191117.6, Max: 191117.8, Diff: 0.4]
      [Ext Root Scanning (ms): Min: 0.5, Avg: 0.7, Max: 1.1, Diff: 0.6, Sum: 8.9]
      [Update RS (ms): Min: 1.5, Avg: 2.1, Max: 3.8, Diff: 2.3, Sum: 27.7]
         [Processed Buffers: Min: 3, Avg: 6.3, Max: 10, Diff: 7, Sum: 82]
      [Scan RS (ms): Min: 7.3, Avg: 8.9, Max: 9.5, Diff: 2.2, Sum: 115.6]
      [Code Root Scanning (ms): Min: 0.0, Avg: 0.0, Max: 0.0, Diff: 0.0, Sum: 0.1]
      [Object Copy (ms): Min: 52.9, Avg: 53.0, Max: 53.1, Diff: 0.2, Sum: 688.5]
      [Termination (ms): Min: 0.0, Avg: 0.0, Max: 0.0, Diff: 0.0, Sum: 0.0]
      [GC Worker Other (ms): Min: 0.0, Avg: 0.1, Max: 0.3, Diff: 0.2, Sum: 1.3]
      [GC Worker Total (ms): Min: 64.5, Avg: 64.8, Max: 65.1, Diff: 0.6, Sum: 842.1]
      [GC Worker End (ms): Min: 191182.3, Avg: 191182.3, Max: 191182.5, Diff: 0.2]
   [Code Root Fixup: 0.2 ms]
   [Code Root Migration: 0.1 ms]
   [Clear CT: 2.0 ms]
   [Other: 15.1 ms]
      [Choose CSet: 0.0 ms]
      [Ref Proc: 11.1 ms]
      [Ref Enq: 0.6 ms]
      [Free CSet: 1.3 ms]
   [Eden: 1192.0M(1192.0M)->0.0B(1072.0M) Survivors: 36.0M->156.0M Heap: 10150.8M(24.0G)->9212.8M(24.0G)]
 [Times: user=0.88 sys=0.01, real=0.09 secs] 
2014-04-16T09:41:32.249+0900: 194.536: [GC pause (G1 Evacuation Pause) (mixed), 0.1202646 secs]
   [Parallel Time: 99.0 ms, GC Workers: 13]
      [GC Worker Start (ms): Min: 194536.3, Avg: 194536.5, Max: 194536.8, Diff: 0.5]
      [Ext Root Scanning (ms): Min: 0.4, Avg: 0.7, Max: 1.5, Diff: 1.0, Sum: 9.1]
      [Update RS (ms): Min: 0.9, Avg: 1.8, Max: 3.7, Diff: 2.8, Sum: 23.6]
         [Processed Buffers: Min: 0, Avg: 6.1, Max: 11, Diff: 11, Sum: 79]
      [Scan RS (ms): Min: 18.2, Avg: 19.9, Max: 20.3, Diff: 2.1, Sum: 259.0]
      [Code Root Scanning (ms): Min: 0.0, Avg: 0.0, Max: 0.0, Diff: 0.0, Sum: 0.1]
      [Object Copy (ms): Min: 75.5, Avg: 75.6, Max: 75.7, Diff: 0.2, Sum: 982.7]
      [Termination (ms): Min: 0.0, Avg: 0.1, Max: 0.1, Diff: 0.1, Sum: 0.9]
      [GC Worker Other (ms): Min: 0.0, Avg: 0.2, Max: 0.4, Diff: 0.4, Sum: 2.1]
      [GC Worker Total (ms): Min: 97.9, Avg: 98.3, Max: 98.6, Diff: 0.7, Sum: 1277.6]
      [GC Worker End (ms): Min: 194634.7, Avg: 194634.8, Max: 194635.1, Diff: 0.4]
   [Code Root Fixup: 0.3 ms]
   [Code Root Migration: 0.1 ms]
   [Clear CT: 4.3 ms]
   [Other: 16.6 ms]
      [Choose CSet: 0.2 ms]
      [Ref Proc: 10.2 ms]
      [Ref Enq: 1.0 ms]
      [Free CSet: 1.8 ms]
   [Eden: 1072.0M(1072.0M)->0.0B(1072.0M) Survivors: 156.0M->156.0M Heap: 10.6G(24.0G)->9974.1M(24.0G)]
 [Times: user=1.34 sys=0.00, real=0.12 secs] 
2014-04-16T09:41:32.459+0900: 194.747: [GC pause (G1 Humongous Allocation) (young) (initial-mark), 0.0617856 secs]
   [Parallel Time: 47.3 ms, GC Workers: 13]
      [GC Worker Start (ms): Min: 194747.5, Avg: 194747.8, Max: 194748.0, Diff: 0.5]
      [Ext Root Scanning (ms): Min: 0.4, Avg: 0.7, Max: 2.5, Diff: 2.0, Sum: 9.3]
      [Code Root Marking (ms): Min: 0.1, Avg: 1.2, Max: 4.5, Diff: 4.4, Sum: 15.8]
      [Update RS (ms): Min: 4.0, Avg: 7.7, Max: 11.3, Diff: 7.3, Sum: 99.8]
         [Processed Buffers: Min: 2, Avg: 4.9, Max: 8, Diff: 6, Sum: 64]
      [Scan RS (ms): Min: 1.8, Avg: 5.3, Max: 5.9, Diff: 4.1, Sum: 69.2]
      [Code Root Scanning (ms): Min: 0.0, Avg: 0.0, Max: 0.0, Diff: 0.0, Sum: 0.0]
      [Object Copy (ms): Min: 30.7, Avg: 30.9, Max: 31.2, Diff: 0.5, Sum: 401.3]
      [Termination (ms): Min: 0.0, Avg: 0.0, Max: 0.0, Diff: 0.0, Sum: 0.0]
      [GC Worker Other (ms): Min: 0.0, Avg: 0.0, Max: 0.1, Diff: 0.0, Sum: 0.4]
      [GC Worker Total (ms): Min: 45.6, Avg: 45.8, Max: 46.1, Diff: 0.5, Sum: 595.9]
      [GC Worker End (ms): Min: 194793.6, Avg: 194793.6, Max: 194793.6, Diff: 0.0]
   [Code Root Fixup: 0.3 ms]
   [Code Root Migration: 0.0 ms]
   [Clear CT: 1.4 ms]
   [Other: 12.8 ms]
      [Choose CSet: 0.0 ms]
      [Ref Proc: 9.4 ms]
      [Ref Enq: 0.4 ms]
      [Free CSet: 0.4 ms]
   [Eden: 68.0M(1072.0M)->0.0B(1184.0M) Survivors: 156.0M->44.0M Heap: 10039.7M(24.0G)->10028.1M(24.0G)]
 [Times: user=0.63 sys=0.01, real=0.06 secs] 
2014-04-16T09:41:32.521+0900: 194.809: [GC concurrent-root-region-scan-start]
2014-04-16T09:41:32.528+0900: 194.815: [GC concurrent-root-region-scan-end, 0.0062939 secs]
2014-04-16T09:41:32.528+0900: 194.815: [GC concurrent-mark-start]
2014-04-16T09:41:33.709+0900: 195.996: [GC concurrent-mark-end, 1.1812270 secs]
2014-04-16T09:41:33.710+0900: 195.998: [GC remark 195.999: [GC ref-proc, 0.0073349 secs], 0.0321361 secs]
 [Times: user=0.25 sys=0.00, real=0.03 secs] 
2014-04-16T09:41:33.744+0900: 196.031: [GC cleanup 10G->9826M(24G), 0.0161750 secs]
 [Times: user=0.17 sys=0.01, real=0.01 secs] 
2014-04-16T09:41:33.760+0900: 196.048: [GC concurrent-cleanup-start]
2014-04-16T09:41:33.762+0900: 196.049: [GC concurrent-cleanup-end, 0.0019950 secs]
2014-04-16T09:41:35.167+0900: 197.455: [GC pause (G1 Evacuation Pause) (young), 0.0754160 secs]
   [Parallel Time: 55.4 ms, GC Workers: 13]
      [GC Worker Start (ms): Min: 197455.0, Avg: 197455.2, Max: 197455.4, Diff: 0.5]
      [Ext Root Scanning (ms): Min: 0.5, Avg: 0.7, Max: 1.3, Diff: 0.8, Sum: 9.1]
      [Update RS (ms): Min: 1.2, Avg: 2.0, Max: 3.8, Diff: 2.6, Sum: 26.4]
         [Processed Buffers: Min: 3, Avg: 5.8, Max: 12, Diff: 9, Sum: 76]
      [Scan RS (ms): Min: 7.1, Avg: 8.9, Max: 9.3, Diff: 2.3, Sum: 115.5]
      [Code Root Scanning (ms): Min: 0.0, Avg: 0.0, Max: 0.0, Diff: 0.0, Sum: 0.1]
      [Object Copy (ms): Min: 42.9, Avg: 43.1, Max: 43.2, Diff: 0.3, Sum: 560.2]
      [Termination (ms): Min: 0.0, Avg: 0.0, Max: 0.0, Diff: 0.0, Sum: 0.0]
      [GC Worker Other (ms): Min: 0.0, Avg: 0.1, Max: 0.4, Diff: 0.3, Sum: 1.7]
      [GC Worker Total (ms): Min: 54.6, Avg: 54.8, Max: 55.3, Diff: 0.7, Sum: 713.0]
      [GC Worker End (ms): Min: 197510.0, Avg: 197510.1, Max: 197510.3, Diff: 0.3]
   [Code Root Fixup: 0.3 ms]
   [Code Root Migration: 0.1 ms]
   [Clear CT: 2.6 ms]
   [Other: 17.1 ms]
      [Choose CSet: 0.0 ms]
      [Ref Proc: 12.7 ms]
      [Ref Enq: 1.1 ms]
      [Free CSet: 1.4 ms]
   [Eden: 1184.0M(1184.0M)->0.0B(1072.0M) Survivors: 44.0M->156.0M Heap: 10.4G(24.0G)->9700.7M(24.0G)]
 [Times: user=0.79 sys=0.00, real=0.07 secs] 
2014-04-16T09:41:38.589+0900: 200.876: [GC pause (G1 Evacuation Pause) (mixed), 0.1016253 secs]
   [Parallel Time: 81.3 ms, GC Workers: 13]
      [GC Worker Start (ms): Min: 200876.3, Avg: 200876.6, Max: 200876.8, Diff: 0.5]
      [Ext Root Scanning (ms): Min: 0.5, Avg: 0.7, Max: 1.5, Diff: 1.0, Sum: 8.7]
      [Update RS (ms): Min: 1.2, Avg: 1.9, Max: 2.3, Diff: 1.1, Sum: 25.0]
         [Processed Buffers: Min: 3, Avg: 6.4, Max: 11, Diff: 8, Sum: 83]
      [Scan RS (ms): Min: 17.1, Avg: 17.3, Max: 17.5, Diff: 0.4, Sum: 224.5]
      [Code Root Scanning (ms): Min: 0.0, Avg: 0.0, Max: 0.0, Diff: 0.0, Sum: 0.1]
      [Object Copy (ms): Min: 59.8, Avg: 60.0, Max: 60.2, Diff: 0.4, Sum: 780.4]
      [Termination (ms): Min: 0.0, Avg: 0.0, Max: 0.0, Diff: 0.0, Sum: 0.0]
      [GC Worker Other (ms): Min: 0.0, Avg: 0.1, Max: 0.2, Diff: 0.2, Sum: 1.3]
      [GC Worker Total (ms): Min: 79.8, Avg: 80.0, Max: 80.3, Diff: 0.5, Sum: 1040.0]
      [GC Worker End (ms): Min: 200956.6, Avg: 200956.6, Max: 200956.8, Diff: 0.2]
   [Code Root Fixup: 0.2 ms]
   [Code Root Migration: 0.1 ms]
   [Clear CT: 3.6 ms]
   [Other: 16.4 ms]
      [Choose CSet: 0.1 ms]
      [Ref Proc: 10.5 ms]
      [Ref Enq: 1.0 ms]
      [Free CSet: 1.7 ms]
   [Eden: 1072.0M(1072.0M)->0.0B(1072.0M) Survivors: 156.0M->156.0M Heap: 11.1G(24.0G)->10.3G(24.0G)]
 [Times: user=1.11 sys=0.00, real=0.10 secs] 
2014-04-16T09:41:40.085+0900: 202.373: [GC pause (G1 Humongous Allocation) (young) (initial-mark), 0.0657286 secs]
   [Parallel Time: 44.6 ms, GC Workers: 13]
      [GC Worker Start (ms): Min: 202373.5, Avg: 202373.8, Max: 202374.2, Diff: 0.7]
      [Ext Root Scanning (ms): Min: 0.3, Avg: 0.7, Max: 3.2, Diff: 2.9, Sum: 8.9]
      [Code Root Marking (ms): Min: 0.2, Avg: 1.2, Max: 6.2, Diff: 6.1, Sum: 16.0]
      [Update RS (ms): Min: 3.7, Avg: 9.0, Max: 11.0, Diff: 7.3, Sum: 117.6]
         [Processed Buffers: Min: 2, Avg: 5.9, Max: 19, Diff: 17, Sum: 77]
      [Scan RS (ms): Min: 5.1, Avg: 6.1, Max: 6.7, Diff: 1.6, Sum: 79.1]
      [Code Root Scanning (ms): Min: 0.0, Avg: 0.0, Max: 0.0, Diff: 0.0, Sum: 0.0]
      [Object Copy (ms): Min: 25.6, Avg: 26.0, Max: 26.6, Diff: 1.0, Sum: 337.8]
      [Termination (ms): Min: 0.0, Avg: 0.0, Max: 0.0, Diff: 0.0, Sum: 0.3]
      [GC Worker Other (ms): Min: 0.0, Avg: 0.0, Max: 0.1, Diff: 0.0, Sum: 0.4]
      [GC Worker Total (ms): Min: 42.8, Avg: 43.1, Max: 43.4, Diff: 0.6, Sum: 560.1]
      [GC Worker End (ms): Min: 202416.9, Avg: 202416.9, Max: 202417.0, Diff: 0.0]
   [Code Root Fixup: 0.2 ms]
   [Code Root Migration: 0.0 ms]
   [Clear CT: 2.0 ms]
   [Other: 18.9 ms]
      [Choose CSet: 0.0 ms]
      [Ref Proc: 14.5 ms]
      [Ref Enq: 1.3 ms]
      [Free CSet: 0.4 ms]
   [Eden: 20.0M(1072.0M)->0.0B(1204.0M) Survivors: 156.0M->24.0M Heap: 10.3G(24.0G)->10.3G(24.0G)]
 [Times: user=0.61 sys=0.01, real=0.06 secs] 
2014-04-16T09:41:40.151+0900: 202.439: [GC concurrent-root-region-scan-start]
2014-04-16T09:41:40.152+0900: 202.439: [GC concurrent-root-region-scan-end, 0.0003100 secs]
2014-04-16T09:41:40.152+0900: 202.439: [GC concurrent-mark-start]
2014-04-16T09:41:41.426+0900: 203.713: [GC concurrent-mark-end, 1.2743782 secs]
2014-04-16T09:41:41.427+0900: 203.715: [GC remark 203.715: [GC ref-proc, 0.0097284 secs], 0.0303554 secs]
 [Times: user=0.23 sys=0.00, real=0.03 secs] 
2014-04-16T09:41:41.459+0900: 203.746: [GC cleanup 11G->10101M(24G), 0.0155234 secs]
 [Times: user=0.16 sys=0.00, real=0.01 secs] 
2014-04-16T09:41:41.475+0900: 203.762: [GC concurrent-cleanup-start]
2014-04-16T09:41:41.477+0900: 203.764: [GC concurrent-cleanup-end, 0.0019657 secs]
2014-04-16T09:41:42.765+0900: 205.052: [GC pause (G1 Evacuation Pause) (young), 0.0238931 secs]
   [Parallel Time: 9.3 ms, GC Workers: 13]
      [GC Worker Start (ms): Min: 205052.7, Avg: 205053.0, Max: 205053.2, Diff: 0.4]
      [Ext Root Scanning (ms): Min: 0.4, Avg: 0.6, Max: 1.0, Diff: 0.6, Sum: 8.1]
      [Update RS (ms): Min: 0.7, Avg: 1.0, Max: 1.5, Diff: 0.9, Sum: 12.9]
         [Processed Buffers: Min: 0, Avg: 5.3, Max: 15, Diff: 15, Sum: 69]
      [Scan RS (ms): Min: 1.0, Avg: 1.5, Max: 1.9, Diff: 0.9, Sum: 19.8]
      [Code Root Scanning (ms): Min: 0.0, Avg: 0.0, Max: 0.0, Diff: 0.0, Sum: 0.1]
      [Object Copy (ms): Min: 5.0, Avg: 5.1, Max: 5.2, Diff: 0.2, Sum: 66.3]
      [Termination (ms): Min: 0.0, Avg: 0.0, Max: 0.0, Diff: 0.0, Sum: 0.0]
      [GC Worker Other (ms): Min: 0.0, Avg: 0.1, Max: 0.3, Diff: 0.3, Sum: 1.5]
      [GC Worker Total (ms): Min: 8.1, Avg: 8.4, Max: 8.6, Diff: 0.5, Sum: 108.7]
      [GC Worker End (ms): Min: 205061.3, Avg: 205061.4, Max: 205061.6, Diff: 0.3]
   [Code Root Fixup: 0.1 ms]
   [Code Root Migration: 0.1 ms]
   [Clear CT: 1.6 ms]
   [Other: 12.8 ms]
      [Choose CSet: 0.0 ms]
      [Ref Proc: 10.5 ms]
      [Ref Enq: 0.7 ms]
      [Free CSet: 1.0 ms]
   [Eden: 1204.0M(1204.0M)->0.0B(1176.0M) Survivors: 24.0M->52.0M Heap: 10.3G(24.0G)->9362.8M(24.0G)]
 [Times: user=0.15 sys=0.01, real=0.02 secs] 
Heap
 garbage-first heap   total 25165824K, used 9644855K [0x00000001c0000000, 0x00000007c0000000, 0x00000007c0000000)
  region size 4096K, 28 young (114688K), 13 survivors (53248K)
 Metaspace       used 38544K, capacity 39640K, committed 39976K, reserved 1083392K
  class space    used 5868K, capacity 6105K, committed 6192K, reserved 1048576K
