Java HotSpot(TM) 64-Bit Server VM (25.0-b70) for linux-amd64 JRE (1.8.0-b132), built on Mar  4 2014 03:07:25 by "java_re" with gcc 4.3.0 20080428 (Red Hat 4.3.0-8)
Memory: 4k page, physical 32865776k(30161412k free), swap 2047992k(2047992k free)
CommandLine flags: -XX:CMSInitiatingOccupancyFraction=30 -XX:InitialHeapSize=25769803776 -XX:MaxHeapSize=25769803776 -XX:MaxNewSize=67108864 -XX:MaxTenuringThreshold=6 -XX:NewSize=67108864 -XX:OldPLABSize=16 -XX:+PrintGC -XX:+PrintGCDateStamps -XX:+PrintGCDetails -XX:+PrintGCTimeStamps -XX:ThreadStackSize=2048 -XX:+UseCompressedClassPointers -XX:+UseCompressedOops -XX:+UseConcMarkSweepGC -XX:+UseParNewGC 
2014-04-09T14:13:02.546+0900: 2.195: [GC (Allocation Failure) 2.195: [ParNew: 52480K->6528K(59008K), 0.0645244 secs] 52480K->8430K(25159296K), 0.0646662 secs] [Times: user=0.64 sys=0.01, real=0.07 secs] 
2014-04-09T14:13:02.613+0900: 2.262: [GC (CMS Initial Mark) [1 CMS-initial-mark: 1902K(25100288K)] 9417K(25159296K), 0.0029766 secs] [Times: user=0.03 sys=0.01, real=0.00 secs] 
2014-04-09T14:13:02.616+0900: 2.265: [CMS-concurrent-mark-start]
2014-04-09T14:13:02.627+0900: 2.276: [CMS-concurrent-mark: 0.011/0.011 secs] [Times: user=0.06 sys=0.00, real=0.01 secs] 
2014-04-09T14:13:02.627+0900: 2.276: [CMS-concurrent-preclean-start]
2014-04-09T14:13:02.742+0900: 2.391: [CMS-concurrent-preclean: 0.115/0.115 secs] [Times: user=0.46 sys=0.02, real=0.12 secs] 
2014-04-09T14:13:02.742+0900: 2.391: [CMS-concurrent-abortable-preclean-start]
2014-04-09T14:13:02.962+0900: 2.611: [CMS-concurrent-abortable-preclean: 0.219/0.221 secs] [Times: user=0.91 sys=0.03, real=0.22 secs] 
2014-04-09T14:13:02.963+0900: 2.612: [GC (CMS Final Remark) [YG occupancy: 36544 K (59008 K)]2.612: [Rescan (parallel) , 0.0191555 secs]2.631: [weak refs processing, 0.0000394 secs]2.631: [class unloading, 0.0217646 secs]2.653: [scrub symbol table, 0.0025807 secs]2.655: [scrub string table, 0.0007825 secs][1 CMS-remark: 1902K(25100288K)] 38447K(25159296K), 0.0494565 secs] [Times: user=0.32 sys=0.01, real=0.05 secs] 
2014-04-09T14:13:03.012+0900: 2.661: [CMS-concurrent-sweep-start]
2014-04-09T14:13:03.028+0900: 2.677: [CMS-concurrent-sweep: 0.015/0.015 secs] [Times: user=0.08 sys=0.00, real=0.01 secs] 
2014-04-09T14:13:03.028+0900: 2.677: [CMS-concurrent-reset-start]
2014-04-09T14:13:03.148+0900: 2.797: [CMS-concurrent-reset: 0.119/0.120 secs] [Times: user=0.47 sys=0.10, real=0.12 secs] 
2014-04-09T14:13:03.715+0900: 3.364: [GC (Allocation Failure) 3.364: [ParNew: 59008K->6528K(59008K), 0.0706730 secs] 60626K->18113K(25159296K), 0.0707685 secs] [Times: user=0.81 sys=0.01, real=0.07 secs] 
2014-04-09T14:13:07.910+0900: 7.559: [GC (Allocation Failure) 7.559: [ParNew: 59008K->6527K(59008K), 0.0708609 secs] 70593K->21171K(25159296K), 0.0710099 secs] [Times: user=0.87 sys=0.00, real=0.08 secs] 
2014-04-09T14:13:09.123+0900: 8.773: [GC (Allocation Failure) 8.773: [ParNew: 59007K->6528K(59008K), 0.0735466 secs] 73651K->30279K(25159296K), 0.0738038 secs] [Times: user=0.85 sys=0.00, real=0.07 secs] 
2014-04-09T14:13:09.825+0900: 9.474: [GC (Allocation Failure) 9.474: [ParNew: 59008K->6528K(59008K), 0.0624522 secs] 82759K->36260K(25159296K), 0.0627973 secs] [Times: user=0.82 sys=0.00, real=0.06 secs] 
2014-04-09T14:13:10.089+0900: 9.738: [GC (Allocation Failure) 9.738: [ParNew: 59008K->6528K(59008K), 0.0840307 secs] 88740K->44415K(25159296K), 0.0843788 secs] [Times: user=0.98 sys=0.03, real=0.09 secs] 
2014-04-09T14:13:10.289+0900: 9.938: [GC (Allocation Failure) 9.938: [ParNew: 59008K->6528K(59008K), 0.0668658 secs] 96895K->50439K(25159296K), 0.0671833 secs] [Times: user=0.80 sys=0.01, real=0.07 secs] 
2014-04-09T14:13:10.477+0900: 10.126: [GC (Allocation Failure) 10.126: [ParNew: 59008K->6528K(59008K), 0.0898676 secs] 102919K->59748K(25159296K), 0.0902400 secs] [Times: user=1.10 sys=0.03, real=0.09 secs] 
2014-04-09T14:13:10.678+0900: 10.327: [GC (Allocation Failure) 10.328: [ParNew: 59008K->6528K(59008K), 0.0879819 secs] 112228K->68690K(25159296K), 0.0882979 secs] [Times: user=1.08 sys=0.03, real=0.09 secs] 
2014-04-09T14:13:10.896+0900: 10.545: [GC (Allocation Failure) 10.545: [ParNew: 59008K->6528K(59008K), 0.0949991 secs] 121170K->80259K(25159296K), 0.0953340 secs] [Times: user=1.28 sys=0.02, real=0.10 secs] 
2014-04-09T14:13:11.105+0900: 10.754: [GC (Allocation Failure) 10.754: [ParNew: 59008K->6528K(59008K), 0.0962306 secs] 132739K->91490K(25159296K), 0.0966403 secs] [Times: user=1.17 sys=0.01, real=0.10 secs] 
2014-04-09T14:13:11.291+0900: 10.940: [GC (Allocation Failure) 10.940: [ParNew: 59008K->6528K(59008K), 0.0892290 secs] 143970K->101585K(25159296K), 0.0896429 secs] [Times: user=1.05 sys=0.01, real=0.09 secs] 
2014-04-09T14:13:11.489+0900: 11.138: [GC (Allocation Failure) 11.138: [ParNew: 59008K->6528K(59008K), 0.1146641 secs] 154065K->112719K(25159296K), 0.1150527 secs] [Times: user=1.52 sys=0.02, real=0.12 secs] 
2014-04-09T14:13:11.705+0900: 11.354: [GC (Allocation Failure) 11.354: [ParNew: 59008K->6528K(59008K), 0.0994098 secs] 165199K->123911K(25159296K), 0.0997879 secs] [Times: user=1.27 sys=0.01, real=0.10 secs] 
2014-04-09T14:13:11.913+0900: 11.562: [GC (Allocation Failure) 11.562: [ParNew: 59008K->6528K(59008K), 0.0997029 secs] 176391K->135994K(25159296K), 0.1000409 secs] [Times: user=1.34 sys=0.02, real=0.10 secs] 
2014-04-09T14:13:12.106+0900: 11.755: [GC (Allocation Failure) 11.756: [ParNew: 59008K->6528K(59008K), 0.0771024 secs] 188474K->146319K(25159296K), 0.0775252 secs] [Times: user=1.00 sys=0.02, real=0.08 secs] 
2014-04-09T14:13:12.273+0900: 11.922: [GC (Allocation Failure) 11.923: [ParNew: 59008K->6528K(59008K), 0.1122014 secs] 198799K->159036K(25159296K), 0.1125912 secs] [Times: user=1.52 sys=0.01, real=0.11 secs] 
2014-04-09T14:13:12.478+0900: 12.127: [GC (Allocation Failure) 12.127: [ParNew: 59008K->6528K(59008K), 0.1071434 secs] 211516K->174796K(25159296K), 0.1075089 secs] [Times: user=1.50 sys=0.02, real=0.11 secs] 
2014-04-09T14:13:12.664+0900: 12.313: [GC (Allocation Failure) 12.314: [ParNew: 59008K->6528K(59008K), 0.1125131 secs] 227276K->186680K(25159296K), 0.1129068 secs] [Times: user=1.48 sys=0.01, real=0.11 secs] 
2014-04-09T14:13:12.871+0900: 12.521: [GC (Allocation Failure) 12.521: [ParNew: 59008K->6528K(59008K), 0.0764870 secs] 239160K->199335K(25159296K), 0.0769023 secs] [Times: user=0.96 sys=0.01, real=0.07 secs] 
2014-04-09T14:13:13.009+0900: 12.658: [GC (Allocation Failure) 12.658: [ParNew: 59008K->6528K(59008K), 0.0987215 secs] 251815K->215305K(25159296K), 0.0990642 secs] [Times: user=1.24 sys=0.02, real=0.10 secs] 
2014-04-09T14:13:13.175+0900: 12.824: [GC (Allocation Failure) 12.824: [ParNew: 59008K->6528K(59008K), 0.0969641 secs] 267785K->231054K(25159296K), 0.0973874 secs] [Times: user=1.19 sys=0.02, real=0.10 secs] 
2014-04-09T14:13:13.323+0900: 12.973: [GC (Allocation Failure) 12.973: [ParNew: 59008K->6528K(59008K), 0.0929993 secs] 283534K->246218K(25159296K), 0.0934032 secs] [Times: user=1.18 sys=0.02, real=0.09 secs] 
2014-04-09T14:13:13.471+0900: 13.120: [GC (Allocation Failure) 13.120: [ParNew: 59008K->6528K(59008K), 0.0979614 secs] 298698K->262017K(25159296K), 0.0983671 secs] [Times: user=1.24 sys=0.02, real=0.10 secs] 
2014-04-09T14:13:13.647+0900: 13.296: [GC (Allocation Failure) 13.296: [ParNew: 58760K->6528K(59008K), 0.0788755 secs] 314250K->277412K(25159296K), 0.0792966 secs] [Times: user=0.99 sys=0.02, real=0.08 secs] 
2014-04-09T14:13:13.788+0900: 13.437: [GC (Allocation Failure) 13.437: [ParNew: 58948K->6528K(59008K), 0.0891013 secs] 329832K->293015K(25159296K), 0.0894685 secs] [Times: user=1.12 sys=0.01, real=0.09 secs] 
2014-04-09T14:13:13.925+0900: 13.574: [GC (Allocation Failure) 13.574: [ParNew: 59008K->6528K(59008K), 0.1080762 secs] 345495K->309401K(25159296K), 0.1084203 secs] [Times: user=1.17 sys=0.01, real=0.11 secs] 
2014-04-09T14:13:14.093+0900: 13.742: [GC (Allocation Failure) 13.742: [ParNew: 59008K->6528K(59008K), 0.1090610 secs] 361881K->323970K(25159296K), 0.1094128 secs] [Times: user=1.23 sys=0.01, real=0.11 secs] 
2014-04-09T14:13:14.258+0900: 13.907: [GC (Allocation Failure) 13.907: [ParNew: 59008K->6528K(59008K), 0.0869043 secs] 376450K->341090K(25159296K), 0.0872604 secs] [Times: user=1.07 sys=0.02, real=0.09 secs] 
2014-04-09T14:13:14.399+0900: 14.048: [GC (Allocation Failure) 14.049: [ParNew: 59008K->6528K(59008K), 0.0930035 secs] 393570K->355843K(25159296K), 0.0933638 secs] [Times: user=1.22 sys=0.02, real=0.10 secs] 
2014-04-09T14:13:14.547+0900: 14.196: [GC (Allocation Failure) 14.196: [ParNew: 59008K->6528K(59008K), 0.0948197 secs] 408323K->368399K(25159296K), 0.0951761 secs] [Times: user=1.18 sys=0.02, real=0.10 secs] 
2014-04-09T14:13:14.693+0900: 14.342: [GC (Allocation Failure) 14.343: [ParNew: 59008K->6528K(59008K), 0.0899865 secs] 420879K->384516K(25159296K), 0.0903980 secs] [Times: user=1.11 sys=0.02, real=0.09 secs] 
2014-04-09T14:13:14.841+0900: 14.490: [GC (Allocation Failure) 14.490: [ParNew: 59008K->6528K(59008K), 0.1005108 secs] 436996K->400038K(25159296K), 0.1009349 secs] [Times: user=1.33 sys=0.03, real=0.11 secs] 
2014-04-09T14:13:14.997+0900: 14.646: [GC (Allocation Failure) 14.647: [ParNew: 59008K->6528K(59008K), 0.0990504 secs] 452518K->415073K(25159296K), 0.0994664 secs] [Times: user=1.28 sys=0.01, real=0.10 secs] 
2014-04-09T14:13:15.147+0900: 14.796: [GC (Allocation Failure) 14.796: [ParNew: 59008K->6528K(59008K), 0.0908789 secs] 467553K->431875K(25159296K), 0.0912912 secs] [Times: user=1.07 sys=0.02, real=0.09 secs] 
2014-04-09T14:13:15.285+0900: 14.934: [GC (Allocation Failure) 14.935: [ParNew: 59008K->6528K(59008K), 0.0876849 secs] 484355K->447564K(25159296K), 0.0881040 secs] [Times: user=1.11 sys=0.02, real=0.09 secs] 
2014-04-09T14:13:15.418+0900: 15.067: [GC (Allocation Failure) 15.068: [ParNew: 59008K->6528K(59008K), 0.1095134 secs] 500044K->463399K(25159296K), 0.1098661 secs] [Times: user=1.31 sys=0.02, real=0.11 secs] 
2014-04-09T14:13:15.576+0900: 15.225: [GC (Allocation Failure) 15.225: [ParNew: 59008K->6528K(59008K), 0.1106364 secs] 515879K->480461K(25159296K), 0.1109863 secs] [Times: user=1.28 sys=0.02, real=0.11 secs] 
2014-04-09T14:13:15.745+0900: 15.394: [GC (Allocation Failure) 15.394: [ParNew: 58728K->6528K(59008K), 0.0835199 secs] 532662K->494329K(25159296K), 0.0839318 secs] [Times: user=1.08 sys=0.01, real=0.08 secs] 
2014-04-09T14:13:15.899+0900: 15.548: [GC (Allocation Failure) 15.549: [ParNew: 59008K->6528K(59008K), 0.0955722 secs] 546809K->502713K(25159296K), 0.0959719 secs] [Times: user=1.14 sys=0.01, real=0.10 secs] 
2014-04-09T14:13:16.063+0900: 15.712: [GC (Allocation Failure) 15.713: [ParNew: 59008K->6528K(59008K), 0.1163780 secs] 555193K->511038K(25159296K), 0.1167246 secs] [Times: user=1.40 sys=0.01, real=0.11 secs] 
2014-04-09T14:13:16.239+0900: 15.888: [GC (Allocation Failure) 15.888: [ParNew: 59008K->6528K(59008K), 0.0798459 secs] 563518K->519720K(25159296K), 0.0802063 secs] [Times: user=1.10 sys=0.01, real=0.08 secs] 
2014-04-09T14:13:16.372+0900: 16.021: [GC (Allocation Failure) 16.021: [ParNew: 59008K->6528K(59008K), 0.0776178 secs] 572200K->528448K(25159296K), 0.0780090 secs] [Times: user=0.89 sys=0.02, real=0.07 secs] 
2014-04-09T14:13:16.499+0900: 16.148: [GC (Allocation Failure) 16.149: [ParNew: 59008K->6528K(59008K), 0.0623468 secs] 580928K->536953K(25159296K), 0.0627641 secs] [Times: user=0.85 sys=0.00, real=0.07 secs] 
2014-04-09T14:13:16.609+0900: 16.258: [GC (Allocation Failure) 16.258: [ParNew: 59008K->6528K(59008K), 0.0596862 secs] 589433K->545195K(25159296K), 0.0600353 secs] [Times: user=0.75 sys=0.01, real=0.06 secs] 
2014-04-09T14:13:16.721+0900: 16.370: [GC (Allocation Failure) 16.371: [ParNew: 59008K->6528K(59008K), 0.0617493 secs] 597675K->553031K(25159296K), 0.0621046 secs] [Times: user=0.78 sys=0.02, real=0.07 secs] 
2014-04-09T14:13:16.827+0900: 16.476: [GC (Allocation Failure) 16.476: [ParNew: 59008K->6528K(59008K), 0.0669597 secs] 605511K->562450K(25159296K), 0.0673108 secs] [Times: user=0.86 sys=0.01, real=0.07 secs] 
2014-04-09T14:13:16.942+0900: 16.591: [GC (Allocation Failure) 16.591: [ParNew: 59008K->6528K(59008K), 0.0690720 secs] 614930K->571757K(25159296K), 0.0694182 secs] [Times: user=0.88 sys=0.01, real=0.06 secs] 
2014-04-09T14:13:17.053+0900: 16.702: [GC (Allocation Failure) 16.703: [ParNew: 59008K->6528K(59008K), 0.0681179 secs] 624237K->580532K(25159296K), 0.0685415 secs] [Times: user=0.88 sys=0.00, real=0.07 secs] 
2014-04-09T14:13:17.164+0900: 16.813: [GC (Allocation Failure) 16.814: [ParNew: 59008K->6528K(59008K), 0.0703083 secs] 633012K->588917K(25159296K), 0.0706637 secs] [Times: user=0.86 sys=0.01, real=0.07 secs] 
2014-04-09T14:13:17.276+0900: 16.925: [GC (Allocation Failure) 16.925: [ParNew: 59008K->6528K(59008K), 0.0572967 secs] 641397K->596750K(25159296K), 0.0576463 secs] [Times: user=0.66 sys=0.01, real=0.06 secs] 
2014-04-09T14:13:17.376+0900: 17.026: [GC (Allocation Failure) 17.026: [ParNew: 59008K->6528K(59008K), 0.0608325 secs] 649230K->605154K(25159296K), 0.0611804 secs] [Times: user=0.69 sys=0.02, real=0.06 secs] 
2014-04-09T14:13:17.483+0900: 17.132: [GC (Allocation Failure) 17.133: [ParNew: 59008K->6528K(59008K), 0.0702590 secs] 657634K->614667K(25159296K), 0.0706034 secs] [Times: user=0.83 sys=0.01, real=0.07 secs] 
2014-04-09T14:13:17.596+0900: 17.245: [GC (Allocation Failure) 17.245: [ParNew: 59008K->6528K(59008K), 0.0676488 secs] 667147K->623774K(25159296K), 0.0680009 secs] [Times: user=0.80 sys=0.01, real=0.07 secs] 
2014-04-09T14:13:17.706+0900: 17.355: [GC (Allocation Failure) 17.355: [ParNew: 59008K->6528K(59008K), 0.0686893 secs] 676254K->632029K(25159296K), 0.0690403 secs] [Times: user=0.80 sys=0.01, real=0.07 secs] 
2014-04-09T14:13:17.814+0900: 17.463: [GC (Allocation Failure) 17.463: [ParNew: 59008K->6528K(59008K), 0.0701796 secs] 684509K->639507K(25159296K), 0.0705305 secs] [Times: user=0.83 sys=0.01, real=0.07 secs] 
2014-04-09T14:13:17.926+0900: 17.575: [GC (Allocation Failure) 17.575: [ParNew: 59008K->6528K(59008K), 0.0657629 secs] 691987K->648202K(25159296K), 0.0661171 secs] [Times: user=0.78 sys=0.01, real=0.07 secs] 
2014-04-09T14:13:18.034+0900: 17.683: [GC (Allocation Failure) 17.683: [ParNew: 59008K->6528K(59008K), 0.0584304 secs] 700682K->657315K(25159296K), 0.0587822 secs] [Times: user=0.64 sys=0.01, real=0.06 secs] 
2014-04-09T14:13:18.133+0900: 17.782: [GC (Allocation Failure) 17.782: [ParNew: 59008K->6528K(59008K), 0.0590459 secs] 709795K->666619K(25159296K), 0.0594041 secs] [Times: user=0.67 sys=0.01, real=0.06 secs] 
2014-04-09T14:13:18.240+0900: 17.889: [GC (Allocation Failure) 17.889: [ParNew: 59008K->6528K(59008K), 0.0644855 secs] 719099K->675284K(25159296K), 0.0648444 secs] [Times: user=0.75 sys=0.01, real=0.07 secs] 
2014-04-09T14:13:18.346+0900: 17.995: [GC (Allocation Failure) 17.996: [ParNew: 59008K->6528K(59008K), 0.0720773 secs] 727764K->683789K(25159296K), 0.0724308 secs] [Times: user=0.88 sys=0.01, real=0.07 secs] 
2014-04-09T14:13:18.460+0900: 18.109: [GC (Allocation Failure) 18.109: [ParNew: 59008K->6528K(59008K), 0.0634532 secs] 736269K->692503K(25159296K), 0.0638053 secs] [Times: user=0.75 sys=0.01, real=0.07 secs] 
2014-04-09T14:13:18.565+0900: 18.214: [GC (Allocation Failure) 18.214: [ParNew: 59008K->6528K(59008K), 0.0677563 secs] 744983K->701844K(25159296K), 0.0681135 secs] [Times: user=0.79 sys=0.01, real=0.07 secs] 
2014-04-09T14:13:18.684+0900: 18.333: [GC (Allocation Failure) 18.333: [ParNew: 59008K->6528K(59008K), 0.0649979 secs] 754324K->710382K(25159296K), 0.0653543 secs] [Times: user=0.76 sys=0.01, real=0.06 secs] 
2014-04-09T14:13:18.795+0900: 18.444: [GC (Allocation Failure) 18.444: [ParNew: 59008K->6528K(59008K), 0.0640709 secs] 762862K->718373K(25159296K), 0.0644195 secs] [Times: user=0.75 sys=0.01, real=0.06 secs] 
2014-04-09T14:13:18.903+0900: 18.552: [GC (Allocation Failure) 18.552: [ParNew: 59008K->6528K(59008K), 0.0756135 secs] 770853K->727284K(25159296K), 0.0759674 secs] [Times: user=0.92 sys=0.01, real=0.07 secs] 
2014-04-09T14:13:19.022+0900: 18.671: [GC (Allocation Failure) 18.671: [ParNew: 59008K->6528K(59008K), 0.0644757 secs] 779764K->735968K(25159296K), 0.0648260 secs] [Times: user=0.75 sys=0.01, real=0.07 secs] 
2014-04-09T14:13:19.136+0900: 18.785: [GC (Allocation Failure) 18.785: [ParNew: 59008K->6528K(59008K), 0.0597056 secs] 788448K->744837K(25159296K), 0.0600532 secs] [Times: user=0.72 sys=0.01, real=0.06 secs] 
2014-04-09T14:13:19.240+0900: 18.889: [GC (Allocation Failure) 18.889: [ParNew: 59008K->6528K(59008K), 0.0680486 secs] 797317K->753843K(25159296K), 0.0684050 secs] [Times: user=0.80 sys=0.00, real=0.07 secs] 
2014-04-09T14:13:19.351+0900: 19.000: [GC (Allocation Failure) 19.000: [ParNew: 59008K->6528K(59008K), 0.0631642 secs] 806323K->762501K(25159296K), 0.0635163 secs] [Times: user=0.74 sys=0.01, real=0.07 secs] 
2014-04-09T14:13:19.459+0900: 19.108: [GC (Allocation Failure) 19.108: [ParNew: 59008K->6528K(59008K), 0.0773796 secs] 814981K->771330K(25159296K), 0.0777377 secs] [Times: user=1.01 sys=0.01, real=0.08 secs] 
2014-04-09T14:13:19.581+0900: 19.230: [GC (Allocation Failure) 19.230: [ParNew: 59008K->6528K(59008K), 0.0634941 secs] 823810K->779148K(25159296K), 0.0638796 secs] [Times: user=0.79 sys=0.01, real=0.07 secs] 
2014-04-09T14:13:19.687+0900: 19.336: [GC (Allocation Failure) 19.336: [ParNew: 59008K->6528K(59008K), 0.0739610 secs] 831628K->788372K(25159296K), 0.0743108 secs] [Times: user=0.86 sys=0.01, real=0.07 secs] 
2014-04-09T14:13:19.801+0900: 19.450: [GC (Allocation Failure) 19.450: [ParNew: 59008K->6528K(59008K), 0.0603298 secs] 840852K->796811K(25159296K), 0.0606905 secs] [Times: user=0.70 sys=0.01, real=0.06 secs] 
2014-04-09T14:13:19.902+0900: 19.551: [GC (Allocation Failure) 19.551: [ParNew: 59008K->6528K(59008K), 0.0632809 secs] 849291K->805523K(25159296K), 0.0636410 secs] [Times: user=0.73 sys=0.01, real=0.07 secs] 
2014-04-09T14:13:20.005+0900: 19.654: [GC (Allocation Failure) 19.655: [ParNew: 59008K->6528K(59008K), 0.0705601 secs] 858003K->814692K(25159296K), 0.0709107 secs] [Times: user=0.81 sys=0.02, real=0.07 secs] 
2014-04-09T14:13:20.117+0900: 19.766: [GC (Allocation Failure) 19.766: [ParNew: 59008K->6528K(59008K), 0.0642031 secs] 867172K->823571K(25159296K), 0.0645564 secs] [Times: user=0.74 sys=0.02, real=0.06 secs] 
2014-04-09T14:13:20.222+0900: 19.871: [GC (Allocation Failure) 19.871: [ParNew: 59008K->6528K(59008K), 0.0589817 secs] 876051K->832458K(25159296K), 0.0593419 secs] [Times: user=0.68 sys=0.00, real=0.06 secs] 
2014-04-09T14:13:20.321+0900: 19.970: [GC (Allocation Failure) 19.970: [ParNew: 59008K->6528K(59008K), 0.0759234 secs] 884938K->841712K(25159296K), 0.0762829 secs] [Times: user=0.88 sys=0.02, real=0.08 secs] 
2014-04-09T14:13:20.437+0900: 20.086: [GC (Allocation Failure) 20.086: [ParNew: 59008K->6528K(59008K), 0.0657686 secs] 894192K->850452K(25159296K), 0.0661293 secs] [Times: user=0.77 sys=0.02, real=0.07 secs] 
2014-04-09T14:13:20.542+0900: 20.191: [GC (Allocation Failure) 20.191: [ParNew: 59008K->6528K(59008K), 0.0625212 secs] 902932K->858948K(25159296K), 0.0628888 secs] [Times: user=0.72 sys=0.01, real=0.07 secs] 
2014-04-09T14:13:20.644+0900: 20.293: [GC (Allocation Failure) 20.293: [ParNew: 59008K->6528K(59008K), 0.0749468 secs] 911428K->868557K(25159296K), 0.0753070 secs] [Times: user=0.88 sys=0.00, real=0.07 secs] 
2014-04-09T14:13:20.764+0900: 20.413: [GC (Allocation Failure) 20.413: [ParNew: 59008K->6528K(59008K), 0.0638381 secs] 921037K->876639K(25159296K), 0.0641970 secs] [Times: user=0.74 sys=0.01, real=0.06 secs] 
2014-04-09T14:13:20.871+0900: 20.520: [GC (Allocation Failure) 20.521: [ParNew: 59008K->6528K(59008K), 0.0685158 secs] 929119K->886277K(25159296K), 0.0688841 secs] [Times: user=0.85 sys=0.03, real=0.07 secs] 
2014-04-09T14:13:20.982+0900: 20.631: [GC (Allocation Failure) 20.631: [ParNew: 59008K->6528K(59008K), 0.0706279 secs] 938757K->894488K(25159296K), 0.0709870 secs] [Times: user=0.82 sys=0.02, real=0.08 secs] 
2014-04-09T14:13:21.093+0900: 20.742: [GC (Allocation Failure) 20.742: [ParNew: 59008K->6528K(59008K), 0.0629121 secs] 946968K->902593K(25159296K), 0.0632760 secs] [Times: user=0.74 sys=0.02, real=0.06 secs] 
2014-04-09T14:13:21.199+0900: 20.848: [GC (Allocation Failure) 20.848: [ParNew: 59008K->6528K(59008K), 0.0678368 secs] 955073K->912274K(25159296K), 0.0681964 secs] [Times: user=0.79 sys=0.01, real=0.07 secs] 
2014-04-09T14:13:21.307+0900: 20.956: [GC (Allocation Failure) 20.956: [ParNew: 59008K->6528K(59008K), 0.0674886 secs] 964754K->921300K(25159296K), 0.0678691 secs] [Times: user=0.80 sys=0.01, real=0.07 secs] 
2014-04-09T14:13:21.415+0900: 21.064: [GC (Allocation Failure) 21.064: [ParNew: 59008K->6528K(59008K), 0.0583125 secs] 973780K->929534K(25159296K), 0.0586662 secs] [Times: user=0.67 sys=0.00, real=0.06 secs] 
2014-04-09T14:13:21.513+0900: 21.162: [GC (Allocation Failure) 21.162: [ParNew: 59008K->6528K(59008K), 0.0656745 secs] 982014K->938684K(25159296K), 0.0660277 secs] [Times: user=0.77 sys=0.01, real=0.06 secs] 
2014-04-09T14:13:21.620+0900: 21.269: [GC (Allocation Failure) 21.269: [ParNew: 59008K->6528K(59008K), 0.0650512 secs] 991164K->947422K(25159296K), 0.0654018 secs] [Times: user=0.76 sys=0.01, real=0.07 secs] 
2014-04-09T14:13:21.725+0900: 21.374: [GC (Allocation Failure) 21.374: [ParNew: 59008K->6528K(59008K), 0.0687106 secs] 999902K->956907K(25159296K), 0.0690612 secs] [Times: user=0.79 sys=0.01, real=0.07 secs] 
2014-04-09T14:13:21.837+0900: 21.486: [GC (Allocation Failure) 21.486: [ParNew: 59008K->6528K(59008K), 0.0629192 secs] 1009387K->965718K(25159296K), 0.0632677 secs] [Times: user=0.72 sys=0.01, real=0.06 secs] 
2014-04-09T14:13:21.941+0900: 21.590: [GC (Allocation Failure) 21.591: [ParNew: 59008K->6528K(59008K), 0.0704105 secs] 1018198K->975508K(25159296K), 0.0707657 secs] [Times: user=0.82 sys=0.01, real=0.07 secs] 
2014-04-09T14:13:22.053+0900: 21.703: [GC (Allocation Failure) 21.703: [ParNew: 59008K->6528K(59008K), 0.0640534 secs] 1027988K->984104K(25159296K), 0.0644090 secs] [Times: user=0.76 sys=0.01, real=0.06 secs] 
2014-04-09T14:13:22.158+0900: 21.807: [GC (Allocation Failure) 21.807: [ParNew: 59008K->6528K(59008K), 0.0630646 secs] 1036584K->992533K(25159296K), 0.0634153 secs] [Times: user=0.73 sys=0.01, real=0.06 secs] 
2014-04-09T14:13:22.260+0900: 21.909: [GC (Allocation Failure) 21.910: [ParNew: 59008K->6528K(59008K), 0.0667770 secs] 1045013K->1002011K(25159296K), 0.0671416 secs] [Times: user=0.76 sys=0.01, real=0.07 secs] 
2014-04-09T14:13:22.375+0900: 22.024: [GC (Allocation Failure) 22.024: [ParNew: 59008K->6528K(59008K), 0.0541184 secs] 1054491K->1009700K(25159296K), 0.0544726 secs] [Times: user=0.61 sys=0.01, real=0.05 secs] 
2014-04-09T14:13:22.468+0900: 22.117: [GC (Allocation Failure) 22.118: [ParNew: 59008K->6528K(59008K), 0.0584821 secs] 1062180K->1019287K(25159296K), 0.0588347 secs] [Times: user=0.67 sys=0.01, real=0.06 secs] 
2014-04-09T14:13:22.567+0900: 22.216: [GC (Allocation Failure) 22.216: [ParNew: 59008K->6528K(59008K), 0.0630795 secs] 1071767K->1030014K(25159296K), 0.0634409 secs] [Times: user=0.74 sys=0.01, real=0.06 secs] 
2014-04-09T14:13:22.669+0900: 22.318: [GC (Allocation Failure) 22.318: [ParNew: 59008K->6528K(59008K), 0.0652756 secs] 1082494K->1039341K(25159296K), 0.0656357 secs] [Times: user=0.77 sys=0.00, real=0.07 secs] 
2014-04-09T14:13:22.776+0900: 22.426: [GC (Allocation Failure) 22.426: [ParNew: 59008K->6528K(59008K), 0.0604317 secs] 1091821K->1047801K(25159296K), 0.0607806 secs] [Times: user=0.69 sys=0.02, real=0.06 secs] 
2014-04-09T14:13:22.876+0900: 22.525: [GC (Allocation Failure) 22.525: [ParNew: 59008K->6528K(59008K), 0.0624459 secs] 1100281K->1057591K(25159296K), 0.0627988 secs] [Times: user=0.72 sys=0.01, real=0.06 secs] 
2014-04-09T14:13:22.977+0900: 22.626: [GC (Allocation Failure) 22.626: [ParNew: 59008K->6528K(59008K), 0.0618523 secs] 1110071K->1066714K(25159296K), 0.0622173 secs] [Times: user=0.71 sys=0.00, real=0.06 secs] 
2014-04-09T14:13:23.078+0900: 22.727: [GC (Allocation Failure) 22.727: [ParNew: 59008K->6528K(59008K), 0.0639907 secs] 1119194K->1074540K(25159296K), 0.0643498 secs] [Times: user=0.75 sys=0.00, real=0.07 secs] 
2014-04-09T14:13:23.182+0900: 22.831: [GC (Allocation Failure) 22.831: [ParNew: 59008K->6528K(59008K), 0.0699174 secs] 1127020K->1082749K(25159296K), 0.0702707 secs] [Times: user=0.81 sys=0.02, real=0.07 secs] 
2014-04-09T14:13:23.290+0900: 22.939: [GC (Allocation Failure) 22.939: [ParNew: 59008K->6528K(59008K), 0.0670124 secs] 1135229K->1092051K(25159296K), 0.0673638 secs] [Times: user=0.79 sys=0.00, real=0.07 secs] 
2014-04-09T14:13:23.399+0900: 23.048: [GC (Allocation Failure) 23.048: [ParNew: 59008K->6528K(59008K), 0.0658203 secs] 1144531K->1100921K(25159296K), 0.0661670 secs] [Times: user=0.76 sys=0.01, real=0.07 secs] 
2014-04-09T14:13:23.507+0900: 23.156: [GC (Allocation Failure) 23.156: [ParNew: 59008K->6528K(59008K), 0.0619135 secs] 1153401K->1109616K(25159296K), 0.0622728 secs] [Times: user=0.71 sys=0.01, real=0.06 secs] 
2014-04-09T14:13:23.614+0900: 23.263: [GC (Allocation Failure) 23.263: [ParNew: 59008K->6528K(59008K), 0.0615001 secs] 1162096K->1118640K(25159296K), 0.0618560 secs] [Times: user=0.70 sys=0.01, real=0.06 secs] 
2014-04-09T14:13:23.717+0900: 23.366: [GC (Allocation Failure) 23.367: [ParNew: 59008K->6528K(59008K), 0.0580301 secs] 1171120K->1127342K(25159296K), 0.0583868 secs] [Times: user=0.67 sys=0.01, real=0.06 secs] 
2014-04-09T14:13:23.815+0900: 23.464: [GC (Allocation Failure) 23.464: [ParNew: 59008K->6528K(59008K), 0.0669419 secs] 1179822K->1136613K(25159296K), 0.0673023 secs] [Times: user=0.77 sys=0.02, real=0.06 secs] 
2014-04-09T14:13:23.925+0900: 23.574: [GC (Allocation Failure) 23.574: [ParNew: 59007K->6528K(59008K), 0.0692081 secs] 1189093K->1145010K(25159296K), 0.0695688 secs] [Times: user=0.79 sys=0.01, real=0.07 secs] 
2014-04-09T14:13:24.039+0900: 23.688: [GC (Allocation Failure) 23.688: [ParNew: 59008K->6528K(59008K), 0.0672323 secs] 1197490K->1153511K(25159296K), 0.0675894 secs] [Times: user=0.84 sys=0.01, real=0.07 secs] 
2014-04-09T14:13:24.147+0900: 23.796: [GC (Allocation Failure) 23.796: [ParNew: 59008K->6528K(59008K), 0.0648275 secs] 1205991K->1162395K(25159296K), 0.0651980 secs] [Times: user=0.75 sys=0.01, real=0.07 secs] 
2014-04-09T14:13:24.251+0900: 23.900: [GC (Allocation Failure) 23.900: [ParNew: 59008K->6528K(59008K), 0.0637860 secs] 1214875K->1170988K(25159296K), 0.0641484 secs] [Times: user=0.74 sys=0.01, real=0.07 secs] 
2014-04-09T14:13:24.355+0900: 24.004: [GC (Allocation Failure) 24.004: [ParNew: 59008K->6528K(59008K), 0.0705158 secs] 1223468K->1179641K(25159296K), 0.0708746 secs] [Times: user=0.82 sys=0.01, real=0.07 secs] 
2014-04-09T14:13:24.465+0900: 24.114: [GC (Allocation Failure) 24.114: [ParNew: 59008K->6528K(59008K), 0.0629607 secs] 1232121K->1189014K(25159296K), 0.0633226 secs] [Times: user=0.73 sys=0.01, real=0.06 secs] 
2014-04-09T14:13:24.569+0900: 24.218: [GC (Allocation Failure) 24.218: [ParNew: 59008K->6528K(59008K), 0.0537078 secs] 1241494K->1196797K(25159296K), 0.0540887 secs] [Times: user=0.59 sys=0.01, real=0.06 secs] 
2014-04-09T14:13:24.662+0900: 24.311: [GC (Allocation Failure) 24.312: [ParNew: 59008K->6528K(59008K), 0.0738883 secs] 1249277K->1206006K(25159296K), 0.0742472 secs] [Times: user=0.86 sys=0.01, real=0.07 secs] 
2014-04-09T14:13:24.778+0900: 24.427: [GC (Allocation Failure) 24.427: [ParNew: 59008K->6528K(59008K), 0.0652416 secs] 1258486K->1214427K(25159296K), 0.0656010 secs] [Times: user=0.78 sys=0.01, real=0.07 secs] 
2014-04-09T14:13:24.885+0900: 24.534: [GC (Allocation Failure) 24.534: [ParNew: 59008K->6528K(59008K), 0.0744268 secs] 1266907K->1224746K(25159296K), 0.0747938 secs] [Times: user=0.86 sys=0.02, real=0.07 secs] 
2014-04-09T14:13:24.998+0900: 24.647: [GC (Allocation Failure) 24.647: [ParNew: 59008K->6528K(59008K), 0.0634751 secs] 1277226K->1233912K(25159296K), 0.0638410 secs] [Times: user=0.74 sys=0.00, real=0.06 secs] 
2014-04-09T14:13:25.103+0900: 24.752: [GC (Allocation Failure) 24.752: [ParNew: 59008K->6528K(59008K), 0.0581804 secs] 1286392K->1242793K(25159296K), 0.0585300 secs] [Times: user=0.66 sys=0.01, real=0.06 secs] 
2014-04-09T14:13:25.203+0900: 24.852: [GC (Allocation Failure) 24.853: [ParNew: 59008K->6528K(59008K), 0.0561232 secs] 1295273K->1251141K(25159296K), 0.0564689 secs] [Times: user=0.63 sys=0.01, real=0.05 secs] 
2014-04-09T14:13:25.298+0900: 24.947: [GC (Allocation Failure) 24.948: [ParNew: 59008K->6528K(59008K), 0.0654211 secs] 1303621K->1259911K(25159296K), 0.0657824 secs] [Times: user=0.76 sys=0.01, real=0.07 secs] 
2014-04-09T14:13:25.404+0900: 25.053: [GC (Allocation Failure) 25.053: [ParNew: 59008K->6528K(59008K), 0.0628709 secs] 1312391K->1268343K(25159296K), 0.0632410 secs] [Times: user=0.72 sys=0.01, real=0.06 secs] 
2014-04-09T14:13:25.506+0900: 25.155: [GC (Allocation Failure) 25.155: [ParNew: 59008K->6528K(59008K), 0.0620145 secs] 1320823K->1277238K(25159296K), 0.0623641 secs] [Times: user=0.71 sys=0.02, real=0.06 secs] 
2014-04-09T14:13:25.606+0900: 25.255: [GC (Allocation Failure) 25.255: [ParNew: 59008K->6528K(59008K), 0.0567164 secs] 1329718K->1286384K(25159296K), 0.0570685 secs] [Times: user=0.62 sys=0.01, real=0.05 secs] 
2014-04-09T14:13:25.704+0900: 25.353: [GC (Allocation Failure) 25.353: [ParNew: 59008K->6528K(59008K), 0.0706557 secs] 1338864K->1295139K(25159296K), 0.0710059 secs] [Times: user=0.83 sys=0.01, real=0.07 secs] 
2014-04-09T14:13:25.813+0900: 25.462: [GC (Allocation Failure) 25.462: [ParNew: 59008K->6528K(59008K), 0.0573383 secs] 1347619K->1304051K(25159296K), 0.0576965 secs] [Times: user=0.65 sys=0.01, real=0.06 secs] 
2014-04-09T14:13:25.912+0900: 25.561: [GC (Allocation Failure) 25.561: [ParNew: 59008K->6528K(59008K), 0.0647069 secs] 1356531K->1312894K(25159296K), 0.0650599 secs] [Times: user=0.74 sys=0.01, real=0.07 secs] 
2014-04-09T14:13:26.014+0900: 25.663: [GC (Allocation Failure) 25.664: [ParNew: 59008K->6528K(59008K), 0.0619943 secs] 1365374K->1321944K(25159296K), 0.0623480 secs] [Times: user=0.72 sys=0.00, real=0.06 secs] 
2014-04-09T14:13:26.115+0900: 25.764: [GC (Allocation Failure) 25.765: [ParNew: 59008K->6528K(59008K), 0.0674228 secs] 1374424K->1331215K(25159296K), 0.0677755 secs] [Times: user=0.79 sys=0.01, real=0.06 secs] 
2014-04-09T14:13:26.228+0900: 25.877: [GC (Allocation Failure) 25.877: [ParNew: 59008K->6528K(59008K), 0.0578502 secs] 1383695K->1339043K(25159296K), 0.0581968 secs] [Times: user=0.66 sys=0.01, real=0.06 secs] 
2014-04-09T14:13:26.329+0900: 25.978: [GC (Allocation Failure) 25.979: [ParNew: 59008K->6528K(59008K), 0.0697221 secs] 1391523K->1348534K(25159296K), 0.0700728 secs] [Times: user=0.80 sys=0.01, real=0.07 secs] 
2014-04-09T14:13:26.439+0900: 26.088: [GC (Allocation Failure) 26.088: [ParNew: 59008K->6528K(59008K), 0.0605627 secs] 1401014K->1357332K(25159296K), 0.0609205 secs] [Times: user=0.70 sys=0.01, real=0.06 secs] 
2014-04-09T14:13:26.538+0900: 26.187: [GC (Allocation Failure) 26.188: [ParNew: 59008K->6528K(59008K), 0.0633460 secs] 1409812K->1366833K(25159296K), 0.0637093 secs] [Times: user=0.73 sys=0.02, real=0.06 secs] 
2014-04-09T14:13:26.648+0900: 26.297: [GC (Allocation Failure) 26.297: [ParNew: 59008K->6528K(59008K), 0.0530172 secs] 1419313K->1374679K(25159296K), 0.0533836 secs] [Times: user=0.59 sys=0.00, real=0.05 secs] 
2014-04-09T14:13:26.737+0900: 26.386: [GC (Allocation Failure) 26.387: [ParNew: 58992K->6528K(59008K), 0.0660801 secs] 1427143K->1383540K(25159296K), 0.0664398 secs] [Times: user=0.77 sys=0.01, real=0.07 secs] 
2014-04-09T14:13:26.843+0900: 26.492: [GC (Allocation Failure) 26.492: [ParNew: 59008K->6528K(59008K), 0.0595237 secs] 1436020K->1392188K(25159296K), 0.0598840 secs] [Times: user=0.68 sys=0.01, real=0.06 secs] 
2014-04-09T14:13:26.941+0900: 26.590: [GC (Allocation Failure) 26.590: [ParNew: 59008K->6528K(59008K), 0.0571094 secs] 1444668K->1401421K(25159296K), 0.0574783 secs] [Times: user=0.65 sys=0.00, real=0.06 secs] 
2014-04-09T14:13:27.042+0900: 26.691: [GC (Allocation Failure) 26.691: [ParNew: 59008K->6528K(59008K), 0.0650671 secs] 1453901K->1410405K(25159296K), 0.0654192 secs] [Times: user=0.75 sys=0.02, real=0.07 secs] 
2014-04-09T14:13:27.148+0900: 26.797: [GC (Allocation Failure) 26.797: [ParNew: 59008K->6528K(59008K), 0.0557791 secs] 1462885K->1418329K(25159296K), 0.0561421 secs] [Times: user=0.63 sys=0.00, real=0.06 secs] 
2014-04-09T14:13:27.243+0900: 26.892: [GC (Allocation Failure) 26.892: [ParNew: 59008K->6528K(59008K), 0.0581016 secs] 1470809K->1427413K(25159296K), 0.0584549 secs] [Times: user=0.67 sys=0.00, real=0.06 secs] 
2014-04-09T14:13:27.341+0900: 26.990: [GC (Allocation Failure) 26.990: [ParNew: 59008K->6527K(59008K), 0.0604932 secs] 1479893K->1435798K(25159296K), 0.0608499 secs] [Times: user=0.70 sys=0.01, real=0.06 secs] 
2014-04-09T14:13:27.439+0900: 27.089: [GC (Allocation Failure) 27.089: [ParNew: 59007K->6528K(59008K), 0.0627372 secs] 1488278K->1444155K(25159296K), 0.0630865 secs] [Times: user=0.73 sys=0.01, real=0.06 secs] 
2014-04-09T14:13:27.546+0900: 27.195: [GC (Allocation Failure) 27.195: [ParNew: 59008K->6528K(59008K), 0.0640082 secs] 1496635K->1452829K(25159296K), 0.0643561 secs] [Times: user=0.74 sys=0.01, real=0.06 secs] 
2014-04-09T14:13:27.652+0900: 27.301: [GC (Allocation Failure) 27.301: [ParNew: 59008K->6528K(59008K), 0.0706481 secs] 1505309K->1461661K(25159296K), 0.0710056 secs] [Times: user=0.73 sys=0.02, real=0.07 secs] 
2014-04-09T14:13:27.766+0900: 27.415: [GC (Allocation Failure) 27.415: [ParNew: 59008K->6528K(59008K), 0.0710459 secs] 1514141K->1471141K(25159296K), 0.0713936 secs] [Times: user=0.82 sys=0.03, real=0.07 secs] 
2014-04-09T14:13:27.876+0900: 27.525: [GC (Allocation Failure) 27.526: [ParNew: 59008K->6528K(59008K), 0.0525819 secs] 1523621K->1479268K(25159296K), 0.0529494 secs] [Times: user=0.60 sys=0.00, real=0.05 secs] 
2014-04-09T14:13:27.969+0900: 27.618: [GC (Allocation Failure) 27.618: [ParNew: 59008K->6528K(59008K), 0.0648279 secs] 1531748K->1487978K(25159296K), 0.0651897 secs] [Times: user=0.75 sys=0.02, real=0.07 secs] 
2014-04-09T14:13:28.073+0900: 27.722: [GC (Allocation Failure) 27.722: [ParNew: 59008K->6528K(59008K), 0.0612905 secs] 1540458K->1496342K(25159296K), 0.0616830 secs] [Times: user=0.71 sys=0.00, real=0.07 secs] 
2014-04-09T14:13:28.173+0900: 27.822: [GC (Allocation Failure) 27.822: [ParNew: 59008K->6528K(59008K), 0.0707704 secs] 1548822K->1505397K(25159296K), 0.0711296 secs] [Times: user=0.76 sys=0.02, real=0.08 secs] 
2014-04-09T14:13:28.283+0900: 27.933: [GC (Allocation Failure) 27.933: [ParNew: 59008K->6528K(59008K), 0.0667545 secs] 1557877K->1513921K(25159296K), 0.0671221 secs] [Times: user=0.79 sys=0.01, real=0.06 secs] 
2014-04-09T14:13:28.394+0900: 28.043: [GC (Allocation Failure) 28.043: [ParNew: 59008K->6528K(59008K), 0.0577323 secs] 1566401K->1521654K(25159296K), 0.0580875 secs] [Times: user=0.66 sys=0.00, real=0.05 secs] 
2014-04-09T14:13:28.492+0900: 28.141: [GC (Allocation Failure) 28.141: [ParNew: 59008K->6528K(59008K), 0.0637380 secs] 1574134K->1531348K(25159296K), 0.0640936 secs] [Times: user=0.74 sys=0.00, real=0.07 secs] 
2014-04-09T14:13:28.598+0900: 28.247: [GC (Allocation Failure) 28.248: [ParNew: 59008K->6528K(59008K), 0.0655110 secs] 1583828K->1539897K(25159296K), 0.0658646 secs] [Times: user=0.75 sys=0.02, real=0.07 secs] 
2014-04-09T14:13:28.707+0900: 28.356: [GC (Allocation Failure) 28.356: [ParNew: 59008K->6528K(59008K), 0.0598126 secs] 1592377K->1549159K(25159296K), 0.0601585 secs] [Times: user=0.69 sys=0.01, real=0.06 secs] 
2014-04-09T14:13:28.806+0900: 28.456: [GC (Allocation Failure) 28.456: [ParNew: 59008K->6528K(59008K), 0.0538221 secs] 1601639K->1557258K(25159296K), 0.0541821 secs] [Times: user=0.61 sys=0.00, real=0.05 secs] 
2014-04-09T14:13:28.899+0900: 28.548: [GC (Allocation Failure) 28.548: [ParNew: 59008K->6528K(59008K), 0.0735348 secs] 1609738K->1566047K(25159296K), 0.0738964 secs] [Times: user=0.85 sys=0.00, real=0.07 secs] 
2014-04-09T14:13:29.011+0900: 28.660: [GC (Allocation Failure) 28.660: [ParNew: 59008K->6528K(59008K), 0.0711387 secs] 1618527K->1575478K(25159296K), 0.0714981 secs] [Times: user=0.83 sys=0.01, real=0.07 secs] 
2014-04-09T14:13:29.121+0900: 28.770: [GC (Allocation Failure) 28.770: [ParNew: 59008K->6528K(59008K), 0.0705965 secs] 1627958K->1584213K(25159296K), 0.0709565 secs] [Times: user=0.83 sys=0.01, real=0.07 secs] 
2014-04-09T14:13:29.235+0900: 28.884: [GC (Allocation Failure) 28.884: [ParNew: 59008K->6528K(59008K), 0.0607344 secs] 1636693K->1592539K(25159296K), 0.0610900 secs] [Times: user=0.71 sys=0.00, real=0.06 secs] 
2014-04-09T14:13:29.339+0900: 28.988: [GC (Allocation Failure) 28.989: [ParNew: 59008K->6528K(59008K), 0.0624976 secs] 1645019K->1601174K(25159296K), 0.0628549 secs] [Times: user=0.71 sys=0.01, real=0.06 secs] 
2014-04-09T14:13:29.442+0900: 29.091: [GC (Allocation Failure) 29.091: [ParNew: 59008K->6528K(59008K), 0.0537130 secs] 1653654K->1608998K(25159296K), 0.0540782 secs] [Times: user=0.62 sys=0.00, real=0.06 secs] 
2014-04-09T14:13:29.534+0900: 29.183: [GC (Allocation Failure) 29.184: [ParNew: 59008K->6528K(59008K), 0.0692266 secs] 1661478K->1618390K(25159296K), 0.0695942 secs] [Times: user=0.80 sys=0.00, real=0.07 secs] 
2014-04-09T14:13:29.642+0900: 29.291: [GC (Allocation Failure) 29.292: [ParNew: 59008K->6528K(59008K), 0.0606437 secs] 1670870K->1627307K(25159296K), 0.0610095 secs] [Times: user=0.71 sys=0.00, real=0.07 secs] 
2014-04-09T14:13:29.746+0900: 29.395: [GC (Allocation Failure) 29.395: [ParNew: 59008K->6528K(59008K), 0.0677090 secs] 1679787K->1636097K(25159296K), 0.0680560 secs] [Times: user=0.80 sys=0.00, real=0.07 secs] 
2014-04-09T14:13:29.852+0900: 29.501: [GC (Allocation Failure) 29.502: [ParNew: 59008K->6528K(59008K), 0.0679797 secs] 1688577K->1644573K(25159296K), 0.0683311 secs] [Times: user=0.79 sys=0.01, real=0.07 secs] 
2014-04-09T14:13:29.960+0900: 29.610: [GC (Allocation Failure) 29.610: [ParNew: 59008K->6528K(59008K), 0.0632154 secs] 1697053K->1652919K(25159296K), 0.0635660 secs] [Times: user=0.73 sys=0.01, real=0.07 secs] 
2014-04-09T14:13:30.061+0900: 29.710: [GC (Allocation Failure) 29.710: [ParNew: 59008K->6528K(59008K), 0.0575213 secs] 1705399K->1662019K(25159296K), 0.0578812 secs] [Times: user=0.67 sys=0.01, real=0.06 secs] 
2014-04-09T14:13:30.158+0900: 29.807: [GC (Allocation Failure) 29.808: [ParNew: 59008K->6528K(59008K), 0.0666983 secs] 1714499K->1669789K(25159296K), 0.0670568 secs] [Times: user=0.79 sys=0.01, real=0.07 secs] 
2014-04-09T14:13:30.266+0900: 29.915: [GC (Allocation Failure) 29.915: [ParNew: 58980K->6528K(59008K), 0.0670259 secs] 1722241K->1679341K(25159296K), 0.0673744 secs] [Times: user=0.78 sys=0.01, real=0.06 secs] 
2014-04-09T14:13:30.370+0900: 30.019: [GC (Allocation Failure) 30.019: [ParNew: 59008K->6528K(59008K), 0.0668460 secs] 1731821K->1687285K(25159296K), 0.0671950 secs] [Times: user=0.79 sys=0.01, real=0.07 secs] 
2014-04-09T14:13:30.475+0900: 30.124: [GC (Allocation Failure) 30.124: [ParNew: 59008K->6528K(59008K), 0.0701997 secs] 1739765K->1695814K(25159296K), 0.0705513 secs] [Times: user=0.82 sys=0.01, real=0.07 secs] 
2014-04-09T14:13:30.584+0900: 30.233: [GC (Allocation Failure) 30.233: [ParNew: 59008K->6528K(59008K), 0.0683334 secs] 1748294K->1705295K(25159296K), 0.0686820 secs] [Times: user=0.79 sys=0.01, real=0.06 secs] 
2014-04-09T14:13:30.692+0900: 30.341: [GC (Allocation Failure) 30.341: [ParNew: 59008K->6528K(59008K), 0.0679085 secs] 1757775K->1714495K(25159296K), 0.0682692 secs] [Times: user=0.79 sys=0.01, real=0.07 secs] 
2014-04-09T14:13:30.799+0900: 30.448: [GC (Allocation Failure) 30.448: [ParNew: 59008K->6528K(59008K), 0.0646669 secs] 1766975K->1722472K(25159296K), 0.0650284 secs] [Times: user=0.76 sys=0.01, real=0.07 secs] 
2014-04-09T14:13:30.902+0900: 30.551: [GC (Allocation Failure) 30.552: [ParNew: 59008K->6528K(59008K), 0.0666428 secs] 1774952K->1732040K(25159296K), 0.0670105 secs] [Times: user=0.77 sys=0.01, real=0.07 secs] 
2014-04-09T14:13:31.009+0900: 30.658: [GC (Allocation Failure) 30.658: [ParNew: 59008K->6528K(59008K), 0.0600858 secs] 1784520K->1739639K(25159296K), 0.0604538 secs] [Times: user=0.71 sys=0.01, real=0.06 secs] 
2014-04-09T14:13:31.108+0900: 30.757: [GC (Allocation Failure) 30.757: [ParNew: 59008K->6528K(59008K), 0.0710542 secs] 1792119K->1748675K(25159296K), 0.0714158 secs] [Times: user=0.83 sys=0.01, real=0.07 secs] 
2014-04-09T14:13:31.216+0900: 30.865: [GC (Allocation Failure) 30.865: [ParNew: 59008K->6528K(59008K), 0.0626691 secs] 1801155K->1758440K(25159296K), 0.0630305 secs] [Times: user=0.72 sys=0.01, real=0.06 secs] 
2014-04-09T14:13:31.319+0900: 30.968: [GC (Allocation Failure) 30.968: [ParNew: 59007K->6528K(59008K), 0.0565121 secs] 1810920K->1766950K(25159296K), 0.0568732 secs] [Times: user=0.66 sys=0.01, real=0.06 secs] 
2014-04-09T14:13:31.419+0900: 31.068: [GC (Allocation Failure) 31.068: [ParNew: 59008K->6528K(59008K), 0.0693423 secs] 1819430K->1778757K(25159296K), 0.0696932 secs] [Times: user=0.82 sys=0.00, real=0.07 secs] 
2014-04-09T14:13:31.528+0900: 31.177: [GC (Allocation Failure) 31.177: [ParNew: 59008K->6528K(59008K), 0.0605295 secs] 1831237K->1788675K(25159296K), 0.0608819 secs] [Times: user=0.72 sys=0.00, real=0.06 secs] 
2014-04-09T14:13:31.627+0900: 31.276: [GC (Allocation Failure) 31.276: [ParNew: 59008K->6528K(59008K), 0.0650063 secs] 1841155K->1798499K(25159296K), 0.0653579 secs] [Times: user=0.77 sys=0.01, real=0.06 secs] 
2014-04-09T14:13:31.730+0900: 31.379: [GC (Allocation Failure) 31.380: [ParNew: 59008K->6528K(59008K), 0.0578353 secs] 1850979K->1806512K(25159296K), 0.0581870 secs] [Times: user=0.68 sys=0.01, real=0.06 secs] 
2014-04-09T14:13:31.830+0900: 31.479: [GC (Allocation Failure) 31.479: [ParNew: 59008K->6528K(59008K), 0.0611669 secs] 1858992K->1815427K(25159296K), 0.0615225 secs] [Times: user=0.72 sys=0.00, real=0.06 secs] 
2014-04-09T14:13:31.930+0900: 31.579: [GC (Allocation Failure) 31.580: [ParNew: 59008K->6528K(59008K), 0.0629721 secs] 1867907K->1823977K(25159296K), 0.0633350 secs] [Times: user=0.74 sys=0.00, real=0.06 secs] 
2014-04-09T14:13:32.032+0900: 31.681: [GC (Allocation Failure) 31.681: [ParNew: 59008K->6528K(59008K), 0.0677691 secs] 1876457K->1832418K(25159296K), 0.0681224 secs] [Times: user=0.79 sys=0.01, real=0.07 secs] 
2014-04-09T14:13:32.142+0900: 31.791: [GC (Allocation Failure) 31.792: [ParNew: 59008K->6528K(59008K), 0.0660294 secs] 1884898K->1841655K(25159296K), 0.0663835 secs] [Times: user=0.78 sys=0.01, real=0.07 secs] 
2014-04-09T14:13:32.247+0900: 31.896: [GC (Allocation Failure) 31.897: [ParNew: 59008K->6528K(59008K), 0.0640486 secs] 1894135K->1850757K(25159296K), 0.0644004 secs] [Times: user=0.75 sys=0.01, real=0.06 secs] 
2014-04-09T14:13:32.355+0900: 32.004: [GC (Allocation Failure) 32.004: [ParNew: 59008K->6528K(59008K), 0.0699816 secs] 1903237K->1859439K(25159296K), 0.0703358 secs] [Times: user=0.83 sys=0.01, real=0.07 secs] 
2014-04-09T14:13:32.468+0900: 32.117: [GC (Allocation Failure) 32.117: [ParNew: 59008K->6528K(59008K), 0.0715402 secs] 1911919K->1867728K(25159296K), 0.0719047 secs] [Times: user=0.81 sys=0.00, real=0.07 secs] 
2014-04-09T14:13:32.578+0900: 32.227: [GC (Allocation Failure) 32.228: [ParNew: 59008K->6528K(59008K), 0.0640369 secs] 1920208K->1876392K(25159296K), 0.0643961 secs] [Times: user=0.75 sys=0.00, real=0.06 secs] 
2014-04-09T14:13:32.684+0900: 32.333: [GC (Allocation Failure) 32.333: [ParNew: 59008K->6528K(59008K), 0.0656470 secs] 1928872K->1884713K(25159296K), 0.0660067 secs] [Times: user=0.77 sys=0.01, real=0.07 secs] 
2014-04-09T14:13:32.790+0900: 32.439: [GC (Allocation Failure) 32.439: [ParNew: 59008K->6528K(59008K), 0.0612912 secs] 1937193K->1893579K(25159296K), 0.0616621 secs] [Times: user=0.71 sys=0.02, real=0.06 secs] 
2014-04-09T14:13:32.890+0900: 32.540: [GC (Allocation Failure) 32.540: [ParNew: 59008K->6528K(59008K), 0.0597682 secs] 1946059K->1902605K(25159296K), 0.0601396 secs] [Times: user=0.70 sys=0.01, real=0.06 secs] 
2014-04-09T14:13:32.992+0900: 32.641: [GC (Allocation Failure) 32.641: [ParNew: 59008K->6528K(59008K), 0.0568584 secs] 1955085K->1911186K(25159296K), 0.0572291 secs] [Times: user=0.65 sys=0.01, real=0.06 secs] 
2014-04-09T14:13:33.089+0900: 32.738: [GC (Allocation Failure) 32.738: [ParNew: 59008K->6528K(59008K), 0.0697493 secs] 1963666K->1920191K(25159296K), 0.0701274 secs] [Times: user=0.81 sys=0.01, real=0.07 secs] 
2014-04-09T14:13:33.197+0900: 32.846: [GC (Allocation Failure) 32.846: [ParNew: 59008K->6528K(59008K), 0.0611397 secs] 1972671K->1929512K(25159296K), 0.0615007 secs] [Times: user=0.71 sys=0.01, real=0.06 secs] 
2014-04-09T14:13:33.296+0900: 32.945: [GC (Allocation Failure) 32.945: [ParNew: 59008K->6528K(59008K), 0.0571472 secs] 1981992K->1938333K(25159296K), 0.0575080 secs] [Times: user=0.65 sys=0.01, real=0.05 secs] 
2014-04-09T14:13:33.393+0900: 33.042: [GC (Allocation Failure) 33.042: [ParNew: 59008K->6528K(59008K), 0.0566320 secs] 1990813K->1947225K(25159296K), 0.0569899 secs] [Times: user=0.65 sys=0.01, real=0.06 secs] 
2014-04-09T14:13:33.490+0900: 33.139: [GC (Allocation Failure) 33.140: [ParNew: 59008K->6528K(59008K), 0.0734838 secs] 1999705K->1956026K(25159296K), 0.0738668 secs] [Times: user=0.80 sys=0.01, real=0.08 secs] 
2014-04-09T14:13:33.606+0900: 33.255: [GC (Allocation Failure) 33.255: [ParNew: 59008K->6528K(59008K), 0.0674035 secs] 2008506K->1964085K(25159296K), 0.0677744 secs] [Times: user=0.79 sys=0.01, real=0.06 secs] 
2014-04-09T14:13:33.712+0900: 33.361: [GC (Allocation Failure) 33.361: [ParNew: 59008K->6528K(59008K), 0.0671937 secs] 2016565K->1972527K(25159296K), 0.0675513 secs] [Times: user=0.79 sys=0.01, real=0.07 secs] 
2014-04-09T14:13:33.819+0900: 33.468: [GC (Allocation Failure) 33.468: [ParNew: 59008K->6528K(59008K), 0.0669886 secs] 2025007K->1981568K(25159296K), 0.0673400 secs] [Times: user=0.79 sys=0.01, real=0.07 secs] 
2014-04-09T14:13:33.932+0900: 33.581: [GC (Allocation Failure) 33.581: [ParNew: 59008K->6528K(59008K), 0.0687512 secs] 2034048K->1990918K(25159296K), 0.0691100 secs] [Times: user=0.81 sys=0.01, real=0.07 secs] 
2014-04-09T14:13:34.039+0900: 33.688: [GC (Allocation Failure) 33.688: [ParNew: 59008K->6528K(59008K), 0.0575175 secs] 2043398K->1999426K(25159296K), 0.0578798 secs] [Times: user=0.66 sys=0.02, real=0.06 secs] 
2014-04-09T14:13:34.140+0900: 33.789: [GC (Allocation Failure) 33.789: [ParNew: 59008K->6528K(59008K), 0.0665598 secs] 2051906K->2007612K(25159296K), 0.0669185 secs] [Times: user=0.78 sys=0.01, real=0.07 secs] 
2014-04-09T14:13:34.245+0900: 33.894: [GC (Allocation Failure) 33.894: [ParNew: 59008K->6528K(59008K), 0.0666736 secs] 2060092K->2016306K(25159296K), 0.0670420 secs] [Times: user=0.79 sys=0.02, real=0.06 secs] 
2014-04-09T14:13:34.351+0900: 34.000: [GC (Allocation Failure) 34.000: [ParNew: 59008K->6528K(59008K), 0.0771583 secs] 2068786K->2024878K(25159296K), 0.0775164 secs] [Times: user=0.86 sys=0.01, real=0.08 secs] 
2014-04-09T14:13:34.475+0900: 34.124: [GC (Allocation Failure) 34.124: [ParNew: 59008K->6528K(59008K), 0.0914730 secs] 2077358K->2034888K(25159296K), 0.0918241 secs] [Times: user=0.97 sys=0.01, real=0.09 secs] 
2014-04-09T14:13:34.608+0900: 34.257: [GC (Allocation Failure) 34.257: [ParNew: 59008K->6528K(59008K), 0.0808445 secs] 2087368K->2042436K(25159296K), 0.0812008 secs] [Times: user=0.72 sys=0.02, real=0.08 secs] 
2014-04-09T14:13:34.731+0900: 34.380: [GC (Allocation Failure) 34.380: [ParNew: 59008K->6528K(59008K), 0.0587412 secs] 2094916K->2050773K(25159296K), 0.0590836 secs] [Times: user=0.67 sys=0.01, real=0.06 secs] 
2014-04-09T14:13:34.830+0900: 34.479: [GC (Allocation Failure) 34.479: [ParNew: 59008K->6528K(59008K), 0.0594935 secs] 2103253K->2059665K(25159296K), 0.0598558 secs] [Times: user=0.70 sys=0.01, real=0.06 secs] 
2014-04-09T14:13:34.929+0900: 34.578: [GC (Allocation Failure) 34.578: [ParNew: 59008K->6528K(59008K), 0.0679693 secs] 2112145K->2068838K(25159296K), 0.0683333 secs] [Times: user=0.80 sys=0.01, real=0.07 secs] 
2014-04-09T14:13:35.038+0900: 34.687: [GC (Allocation Failure) 34.688: [ParNew: 59008K->6528K(59008K), 0.0545964 secs] 2121318K->2077044K(25159296K), 0.0549651 secs] [Times: user=0.64 sys=0.01, real=0.05 secs] 
2014-04-09T14:13:35.134+0900: 34.783: [GC (Allocation Failure) 34.783: [ParNew: 59008K->6528K(59008K), 0.0565174 secs] 2129524K->2085407K(25159296K), 0.0568813 secs] [Times: user=0.66 sys=0.01, real=0.06 secs] 
2014-04-09T14:13:35.231+0900: 34.880: [GC (Allocation Failure) 34.881: [ParNew: 59008K->6528K(59008K), 0.0592580 secs] 2137887K->2094223K(25159296K), 0.0596198 secs] [Times: user=0.68 sys=0.02, real=0.06 secs] 
2014-04-09T14:13:35.331+0900: 34.980: [GC (Allocation Failure) 34.980: [ParNew: 59008K->6528K(59008K), 0.0570320 secs] 2146703K->2102684K(25159296K), 0.0573932 secs] [Times: user=0.66 sys=0.01, real=0.06 secs] 
2014-04-09T14:13:35.428+0900: 35.077: [GC (Allocation Failure) 35.077: [ParNew: 59008K->6528K(59008K), 0.0689634 secs] 2155164K->2111678K(25159296K), 0.0693255 secs] [Times: user=0.82 sys=0.00, real=0.07 secs] 
2014-04-09T14:13:35.536+0900: 35.185: [GC (Allocation Failure) 35.186: [ParNew: 59008K->6528K(59008K), 0.0684026 secs] 2164158K->2120854K(25159296K), 0.0687809 secs] [Times: user=0.80 sys=0.01, real=0.07 secs] 
2014-04-09T14:13:35.644+0900: 35.293: [GC (Allocation Failure) 35.293: [ParNew: 59008K->6528K(59008K), 0.0666038 secs] 2173334K->2128867K(25159296K), 0.0669609 secs] [Times: user=0.78 sys=0.00, real=0.07 secs] 
2014-04-09T14:13:35.750+0900: 35.399: [GC (Allocation Failure) 35.399: [ParNew: 59008K->6528K(59008K), 0.0597053 secs] 2181347K->2137879K(25159296K), 0.0600655 secs] [Times: user=0.70 sys=0.01, real=0.06 secs] 
2014-04-09T14:13:35.855+0900: 35.504: [GC (Allocation Failure) 35.504: [ParNew: 59008K->6528K(59008K), 0.0658120 secs] 2190359K->2146230K(25159296K), 0.0661681 secs] [Times: user=0.77 sys=0.02, real=0.06 secs] 
2014-04-09T14:13:35.960+0900: 35.609: [GC (Allocation Failure) 35.609: [ParNew: 59008K->6528K(59008K), 0.0590957 secs] 2198710K->2155611K(25159296K), 0.0594635 secs] [Times: user=0.69 sys=0.01, real=0.06 secs] 
2014-04-09T14:13:36.061+0900: 35.710: [GC (Allocation Failure) 35.710: [ParNew: 59008K->6528K(59008K), 0.0598103 secs] 2208091K->2165201K(25159296K), 0.0601764 secs] [Times: user=0.70 sys=0.00, real=0.06 secs] 
2014-04-09T14:13:36.160+0900: 35.809: [GC (Allocation Failure) 35.810: [ParNew: 59008K->6528K(59008K), 0.0565306 secs] 2217681K->2172853K(25159296K), 0.0568985 secs] [Times: user=0.66 sys=0.00, real=0.06 secs] 
2014-04-09T14:13:36.260+0900: 35.909: [GC (Allocation Failure) 35.909: [ParNew: 59008K->6528K(59008K), 0.0685104 secs] 2225333K->2181288K(25159296K), 0.0688704 secs] [Times: user=0.80 sys=0.00, real=0.07 secs] 
2014-04-09T14:13:36.367+0900: 36.016: [GC (Allocation Failure) 36.016: [ParNew: 59008K->6528K(59008K), 0.0606721 secs] 2233768K->2190502K(25159296K), 0.0610561 secs] [Times: user=0.70 sys=0.01, real=0.06 secs] 
2014-04-09T14:13:36.468+0900: 36.117: [GC (Allocation Failure) 36.117: [ParNew: 59008K->6528K(59008K), 0.0587376 secs] 2242982K->2199786K(25159296K), 0.0591039 secs] [Times: user=0.68 sys=0.01, real=0.06 secs] 
2014-04-09T14:13:36.566+0900: 36.215: [GC (Allocation Failure) 36.216: [ParNew: 59008K->6528K(59008K), 0.0564183 secs] 2252266K->2208601K(25159296K), 0.0567777 secs] [Times: user=0.64 sys=0.01, real=0.05 secs] 
2014-04-09T14:13:36.666+0900: 36.315: [GC (Allocation Failure) 36.316: [ParNew: 59008K->6528K(59008K), 0.0578226 secs] 2261081K->2216990K(25159296K), 0.0581834 secs] [Times: user=0.67 sys=0.00, real=0.06 secs] 
2014-04-09T14:13:36.764+0900: 36.413: [GC (Allocation Failure) 36.413: [ParNew: 59008K->6528K(59008K), 0.0665035 secs] 2269470K->2225387K(25159296K), 0.0668612 secs] [Times: user=0.78 sys=0.01, real=0.07 secs] 
2014-04-09T14:13:36.868+0900: 36.517: [GC (Allocation Failure) 36.517: [ParNew: 59008K->6528K(59008K), 0.0640391 secs] 2277867K->2234211K(25159296K), 0.0644039 secs] [Times: user=0.74 sys=0.01, real=0.06 secs] 
2014-04-09T14:13:36.971+0900: 36.620: [GC (Allocation Failure) 36.621: [ParNew: 59008K->6528K(59008K), 0.0619923 secs] 2286691K->2242887K(25159296K), 0.0623527 secs] [Times: user=0.72 sys=0.01, real=0.06 secs] 
2014-04-09T14:13:37.072+0900: 36.721: [GC (Allocation Failure) 36.721: [ParNew: 59008K->6528K(59008K), 0.0673692 secs] 2295367K->2251792K(25159296K), 0.0677375 secs] [Times: user=0.78 sys=0.02, real=0.07 secs] 
2014-04-09T14:13:37.179+0900: 36.828: [GC (Allocation Failure) 36.828: [ParNew: 59008K->6528K(59008K), 0.0648070 secs] 2304272K->2259927K(25159296K), 0.0651843 secs] [Times: user=0.76 sys=0.01, real=0.07 secs] 
2014-04-09T14:13:37.282+0900: 36.931: [GC (Allocation Failure) 36.931: [ParNew: 59008K->6528K(59008K), 0.0642377 secs] 2312407K->2268204K(25159296K), 0.0646045 secs] [Times: user=0.75 sys=0.01, real=0.07 secs] 
2014-04-09T14:13:37.386+0900: 37.035: [GC (Allocation Failure) 37.035: [ParNew: 59008K->6528K(59008K), 0.0612576 secs] 2320684K->2276813K(25159296K), 0.0616160 secs] [Times: user=0.71 sys=0.01, real=0.06 secs] 
2014-04-09T14:13:37.488+0900: 37.137: [GC (Allocation Failure) 37.137: [ParNew: 59008K->6528K(59008K), 0.0585251 secs] 2329293K->2285829K(25159296K), 0.0588899 secs] [Times: user=0.68 sys=0.01, real=0.06 secs] 
2014-04-09T14:13:37.586+0900: 37.235: [GC (Allocation Failure) 37.236: [ParNew: 59008K->6528K(59008K), 0.0595973 secs] 2338309K->2295148K(25159296K), 0.0599634 secs] [Times: user=0.69 sys=0.01, real=0.06 secs] 
2014-04-09T14:13:37.685+0900: 37.334: [GC (Allocation Failure) 37.334: [ParNew: 59008K->6528K(59008K), 0.0571046 secs] 2347628K->2303031K(25159296K), 0.0574727 secs] [Times: user=0.67 sys=0.00, real=0.05 secs] 
2014-04-09T14:13:37.780+0900: 37.429: [GC (Allocation Failure) 37.430: [ParNew: 59008K->6528K(59008K), 0.0687919 secs] 2355511K->2312180K(25159296K), 0.0691571 secs] [Times: user=0.80 sys=0.02, real=0.07 secs] 
2014-04-09T14:13:37.889+0900: 37.538: [GC (Allocation Failure) 37.538: [ParNew: 59008K->6528K(59008K), 0.0573083 secs] 2364660K->2321075K(25159296K), 0.0576598 secs] [Times: user=0.67 sys=0.00, real=0.06 secs] 
2014-04-09T14:13:37.988+0900: 37.637: [GC (Allocation Failure) 37.637: [ParNew: 59008K->6528K(59008K), 0.0666836 secs] 2373555K->2329648K(25159296K), 0.0670362 secs] [Times: user=0.78 sys=0.01, real=0.06 secs] 
2014-04-09T14:13:38.098+0900: 37.747: [GC (Allocation Failure) 37.748: [ParNew: 59008K->6528K(59008K), 0.0591224 secs] 2382128K->2339099K(25159296K), 0.0594842 secs] [Times: user=0.68 sys=0.01, real=0.06 secs] 
2014-04-09T14:13:38.198+0900: 37.847: [GC (Allocation Failure) 37.847: [ParNew: 58994K->6528K(59008K), 0.0534807 secs] 2391565K->2347554K(25159296K), 0.0538307 secs] [Times: user=0.62 sys=0.01, real=0.05 secs] 
2014-04-09T14:13:38.291+0900: 37.940: [GC (Allocation Failure) 37.941: [ParNew: 59008K->6528K(59008K), 0.0632689 secs] 2400034K->2356736K(25159296K), 0.0636259 secs] [Times: user=0.74 sys=0.01, real=0.06 secs] 
2014-04-09T14:13:38.394+0900: 38.043: [GC (Allocation Failure) 38.043: [ParNew: 59001K->6528K(59008K), 0.0607848 secs] 2409210K->2365144K(25159296K), 0.0611412 secs] [Times: user=0.71 sys=0.01, real=0.06 secs] 
2014-04-09T14:13:38.493+0900: 38.143: [GC (Allocation Failure) 38.143: [ParNew: 59008K->6528K(59008K), 0.0619354 secs] 2417624K->2374131K(25159296K), 0.0622856 secs] [Times: user=0.72 sys=0.00, real=0.07 secs] 
2014-04-09T14:13:38.591+0900: 38.240: [GC (Allocation Failure) 38.240: [ParNew: 59008K->6528K(59008K), 0.0670235 secs] 2426611K->2383337K(25159296K), 0.0673843 secs] [Times: user=0.79 sys=0.00, real=0.07 secs] 
2014-04-09T14:13:38.698+0900: 38.347: [GC (Allocation Failure) 38.347: [ParNew: 59008K->6528K(59008K), 0.0579130 secs] 2435817K->2391694K(25159296K), 0.0582734 secs] [Times: user=0.69 sys=0.01, real=0.06 secs] 
2014-04-09T14:13:38.795+0900: 38.444: [GC (Allocation Failure) 38.445: [ParNew: 59008K->6528K(59008K), 0.0598423 secs] 2444174K->2401118K(25159296K), 0.0602004 secs] [Times: user=0.70 sys=0.01, real=0.06 secs] 
2014-04-09T14:13:38.895+0900: 38.544: [GC (Allocation Failure) 38.544: [ParNew: 59008K->6528K(59008K), 0.0680200 secs] 2453598K->2410226K(25159296K), 0.0683758 secs] [Times: user=0.79 sys=0.01, real=0.07 secs] 
2014-04-09T14:13:39.008+0900: 38.657: [GC (Allocation Failure) 38.657: [ParNew: 59008K->6528K(59008K), 0.0577944 secs] 2462706K->2418571K(25159296K), 0.0581664 secs] [Times: user=0.67 sys=0.00, real=0.06 secs] 
2014-04-09T14:13:39.106+0900: 38.755: [GC (Allocation Failure) 38.755: [ParNew: 59008K->6528K(59008K), 0.0619302 secs] 2471051K->2428157K(25159296K), 0.0622860 secs] [Times: user=0.71 sys=0.02, real=0.06 secs] 
2014-04-09T14:13:39.207+0900: 38.856: [GC (Allocation Failure) 38.856: [ParNew: 59008K->6528K(59008K), 0.0569710 secs] 2480637K->2434963K(25159296K), 0.0573305 secs] [Times: user=0.65 sys=0.01, real=0.05 secs] 
2014-04-09T14:13:39.303+0900: 38.952: [GC (Allocation Failure) 38.952: [ParNew: 59008K->6528K(59008K), 0.0600323 secs] 2487443K->2443914K(25159296K), 0.0603896 secs] [Times: user=0.70 sys=0.00, real=0.06 secs] 
2014-04-09T14:13:39.402+0900: 39.051: [GC (Allocation Failure) 39.051: [ParNew: 59008K->6528K(59008K), 0.0586915 secs] 2496394K->2453169K(25159296K), 0.0590427 secs] [Times: user=0.68 sys=0.01, real=0.06 secs] 
2014-04-09T14:13:39.498+0900: 39.147: [GC (Allocation Failure) 39.147: [ParNew: 59008K->6528K(59008K), 0.0640607 secs] 2505649K->2461862K(25159296K), 0.0644358 secs] [Times: user=0.76 sys=0.00, real=0.06 secs] 
2014-04-09T14:13:39.601+0900: 39.250: [GC (Allocation Failure) 39.251: [ParNew: 59008K->6528K(59008K), 0.0669547 secs] 2514342K->2470737K(25159296K), 0.0673109 secs] [Times: user=0.79 sys=0.01, real=0.07 secs] 
2014-04-09T14:13:39.707+0900: 39.356: [GC (Allocation Failure) 39.356: [ParNew: 59008K->6528K(59008K), 0.0593726 secs] 2523217K->2479427K(25159296K), 0.0597224 secs] [Times: user=0.69 sys=0.01, real=0.06 secs] 
2014-04-09T14:13:39.806+0900: 39.455: [GC (Allocation Failure) 39.456: [ParNew: 59008K->6528K(59008K), 0.0598076 secs] 2531907K->2488012K(25159296K), 0.0601652 secs] [Times: user=0.70 sys=0.00, real=0.06 secs] 
2014-04-09T14:13:39.905+0900: 39.554: [GC (Allocation Failure) 39.555: [ParNew: 59008K->6528K(59008K), 0.0606466 secs] 2540492K->2496358K(25159296K), 0.0610033 secs] [Times: user=0.70 sys=0.01, real=0.06 secs] 
2014-04-09T14:13:40.005+0900: 39.654: [GC (Allocation Failure) 39.654: [ParNew: 59008K->6528K(59008K), 0.0605669 secs] 2548838K->2505672K(25159296K), 0.0609242 secs] [Times: user=0.70 sys=0.02, real=0.07 secs] 
2014-04-09T14:13:40.106+0900: 39.755: [GC (Allocation Failure) 39.755: [ParNew: 59007K->6528K(59008K), 0.0619862 secs] 2558152K->2515129K(25159296K), 0.0623485 secs] [Times: user=0.73 sys=0.00, real=0.06 secs] 
2014-04-09T14:13:40.207+0900: 39.856: [GC (Allocation Failure) 39.856: [ParNew: 59008K->6528K(59008K), 0.0593056 secs] 2567609K->2523015K(25159296K), 0.0596580 secs] [Times: user=0.69 sys=0.02, real=0.06 secs] 
2014-04-09T14:13:40.311+0900: 39.960: [GC (Allocation Failure) 39.961: [ParNew: 59008K->6528K(59008K), 0.0627104 secs] 2575495K->2531689K(25159296K), 0.0630562 secs] [Times: user=0.73 sys=0.01, real=0.06 secs] 
2014-04-09T14:13:40.414+0900: 40.063: [GC (Allocation Failure) 40.063: [ParNew: 59008K->6528K(59008K), 0.0639174 secs] 2584169K->2541025K(25159296K), 0.0642663 secs] [Times: user=0.74 sys=0.01, real=0.07 secs] 
2014-04-09T14:13:40.514+0900: 40.163: [GC (Allocation Failure) 40.163: [ParNew: 59008K->6528K(59008K), 0.0521599 secs] 2593505K->2549561K(25159296K), 0.0525117 secs] [Times: user=0.59 sys=0.01, real=0.06 secs] 
2014-04-09T14:13:40.604+0900: 40.253: [GC (Allocation Failure) 40.254: [ParNew: 59008K->6528K(59008K), 0.0599971 secs] 2602041K->2558942K(25159296K), 0.0603488 secs] [Times: user=0.71 sys=0.00, real=0.06 secs] 
2014-04-09T14:13:40.705+0900: 40.354: [GC (Allocation Failure) 40.354: [ParNew: 59008K->6528K(59008K), 0.0586557 secs] 2611422K->2566876K(25159296K), 0.0590071 secs] [Times: user=0.69 sys=0.00, real=0.06 secs] 
2014-04-09T14:13:40.805+0900: 40.454: [GC (Allocation Failure) 40.454: [ParNew: 59008K->6528K(59008K), 0.0598505 secs] 2619356K->2575663K(25159296K), 0.0601987 secs] [Times: user=0.71 sys=0.01, real=0.06 secs] 
2014-04-09T14:13:40.905+0900: 40.554: [GC (Allocation Failure) 40.554: [ParNew: 59008K->6528K(59008K), 0.0609912 secs] 2628143K->2584975K(25159296K), 0.0613455 secs] [Times: user=0.71 sys=0.00, real=0.07 secs] 
2014-04-09T14:13:41.007+0900: 40.656: [GC (Allocation Failure) 40.656: [ParNew: 59008K->6528K(59008K), 0.0553276 secs] 2637455K->2593631K(25159296K), 0.0556775 secs] [Times: user=0.63 sys=0.02, real=0.05 secs] 
2014-04-09T14:13:41.105+0900: 40.754: [GC (Allocation Failure) 40.754: [ParNew: 59008K->6528K(59008K), 0.0634383 secs] 2646111K->2602199K(25159296K), 0.0637844 secs] [Times: user=0.74 sys=0.00, real=0.07 secs] 
2014-04-09T14:13:41.207+0900: 40.856: [GC (Allocation Failure) 40.856: [ParNew: 59008K->6528K(59008K), 0.0624597 secs] 2654679K->2611189K(25159296K), 0.0628110 secs] [Times: user=0.74 sys=0.01, real=0.06 secs] 
2014-04-09T14:13:41.309+0900: 40.958: [GC (Allocation Failure) 40.958: [ParNew: 59008K->6528K(59008K), 0.0593976 secs] 2663669K->2620048K(25159296K), 0.0597499 secs] [Times: user=0.69 sys=0.00, real=0.06 secs] 
2014-04-09T14:13:41.408+0900: 41.057: [GC (Allocation Failure) 41.057: [ParNew: 59008K->6528K(59008K), 0.0613483 secs] 2672528K->2628854K(25159296K), 0.0616979 secs] [Times: user=0.72 sys=0.00, real=0.06 secs] 
2014-04-09T14:13:41.509+0900: 41.158: [GC (Allocation Failure) 41.158: [ParNew: 59007K->6528K(59008K), 0.0612957 secs] 2681334K->2637710K(25159296K), 0.0616548 secs] [Times: user=0.72 sys=0.01, real=0.06 secs] 
2014-04-09T14:13:41.609+0900: 41.258: [GC (Allocation Failure) 41.258: [ParNew: 59008K->6528K(59008K), 0.0638939 secs] 2690190K->2646652K(25159296K), 0.0642498 secs] [Times: user=0.75 sys=0.00, real=0.06 secs] 
2014-04-09T14:13:41.713+0900: 41.362: [GC (Allocation Failure) 41.362: [ParNew: 59008K->6528K(59008K), 0.0639591 secs] 2699132K->2654811K(25159296K), 0.0643213 secs] [Times: user=0.74 sys=0.02, real=0.07 secs] 
2014-04-09T14:13:41.815+0900: 41.464: [GC (Allocation Failure) 41.464: [ParNew: 59008K->6528K(59008K), 0.0568068 secs] 2707291K->2663885K(25159296K), 0.0571674 secs] [Times: user=0.66 sys=0.01, real=0.06 secs] 
2014-04-09T14:13:41.911+0900: 41.560: [GC (Allocation Failure) 41.560: [ParNew: 59008K->6528K(59008K), 0.0558673 secs] 2716365K->2672017K(25159296K), 0.0562304 secs] [Times: user=0.60 sys=0.02, real=0.06 secs] 
2014-04-09T14:13:42.006+0900: 41.655: [GC (Allocation Failure) 41.656: [ParNew: 59008K->6528K(59008K), 0.0630653 secs] 2724497K->2682254K(25159296K), 0.0634347 secs] [Times: user=0.73 sys=0.01, real=0.06 secs] 
2014-04-09T14:13:42.108+0900: 41.757: [GC (Allocation Failure) 41.758: [ParNew: 59008K->6528K(59008K), 0.0552510 secs] 2734734K->2691004K(25159296K), 0.0556143 secs] [Times: user=0.63 sys=0.01, real=0.05 secs] 
2014-04-09T14:13:42.203+0900: 41.852: [GC (Allocation Failure) 41.852: [ParNew: 59008K->6528K(59008K), 0.0603914 secs] 2743484K->2698692K(25159296K), 0.0607532 secs] [Times: user=0.70 sys=0.01, real=0.06 secs] 
2014-04-09T14:13:42.307+0900: 41.956: [GC (Allocation Failure) 41.956: [ParNew: 59007K->6526K(59008K), 0.0687876 secs] 2751172K->2707338K(25159296K), 0.0691467 secs] [Times: user=0.81 sys=0.01, real=0.07 secs] 
2014-04-09T14:13:42.414+0900: 42.063: [GC (Allocation Failure) 42.063: [ParNew: 59006K->6528K(59008K), 0.0598089 secs] 2759818K->2716156K(25159296K), 0.0601689 secs] [Times: user=0.68 sys=0.01, real=0.06 secs] 
2014-04-09T14:13:42.512+0900: 42.161: [GC (Allocation Failure) 42.162: [ParNew: 59008K->6528K(59008K), 0.0630323 secs] 2768636K->2725827K(25159296K), 0.0634050 secs] [Times: user=0.74 sys=0.01, real=0.07 secs] 
2014-04-09T14:13:42.615+0900: 42.264: [GC (Allocation Failure) 42.264: [ParNew: 59008K->6528K(59008K), 0.0658326 secs] 2778307K->2733769K(25159296K), 0.0662025 secs] [Times: user=0.78 sys=0.01, real=0.07 secs] 
2014-04-09T14:13:42.721+0900: 42.370: [GC (Allocation Failure) 42.370: [ParNew: 59008K->6528K(59008K), 0.0675001 secs] 2786249K->2741993K(25159296K), 0.0678696 secs] [Times: user=0.79 sys=0.01, real=0.07 secs] 
2014-04-09T14:13:42.827+0900: 42.477: [GC (Allocation Failure) 42.477: [ParNew: 59008K->6528K(59008K), 0.0637261 secs] 2794473K->2751190K(25159296K), 0.0640772 secs] [Times: user=0.75 sys=0.01, real=0.06 secs] 
2014-04-09T14:13:42.930+0900: 42.579: [GC (Allocation Failure) 42.579: [ParNew: 59008K->6528K(59008K), 0.0583679 secs] 2803670K->2760467K(25159296K), 0.0587257 secs] [Times: user=0.69 sys=0.01, real=0.06 secs] 
2014-04-09T14:13:43.029+0900: 42.678: [GC (Allocation Failure) 42.678: [ParNew: 59008K->6528K(59008K), 0.0639951 secs] 2812947K->2769421K(25159296K), 0.0643431 secs] [Times: user=0.75 sys=0.01, real=0.06 secs] 
2014-04-09T14:13:43.131+0900: 42.780: [GC (Allocation Failure) 42.781: [ParNew: 59008K->6528K(59008K), 0.0687900 secs] 2821901K->2777959K(25159296K), 0.0691484 secs] [Times: user=0.81 sys=0.01, real=0.07 secs] 
2014-04-09T14:13:43.240+0900: 42.889: [GC (Allocation Failure) 42.889: [ParNew: 59008K->6528K(59008K), 0.0648402 secs] 2830439K->2786901K(25159296K), 0.0651899 secs] [Times: user=0.75 sys=0.00, real=0.06 secs] 
2014-04-09T14:13:43.343+0900: 42.992: [GC (Allocation Failure) 42.993: [ParNew: 59008K->6528K(59008K), 0.0622710 secs] 2839381K->2795652K(25159296K), 0.0626233 secs] [Times: user=0.72 sys=0.02, real=0.07 secs] 
2014-04-09T14:13:43.447+0900: 43.096: [GC (Allocation Failure) 43.096: [ParNew: 59008K->6528K(59008K), 0.0673894 secs] 2848132K->2804928K(25159296K), 0.0677619 secs] [Times: user=0.79 sys=0.00, real=0.06 secs] 
2014-04-09T14:13:43.554+0900: 43.203: [GC (Allocation Failure) 43.203: [ParNew: 59008K->6528K(59008K), 0.0634791 secs] 2857408K->2813876K(25159296K), 0.0638356 secs] [Times: user=0.73 sys=0.00, real=0.07 secs] 
2014-04-09T14:13:43.657+0900: 43.306: [GC (Allocation Failure) 43.306: [ParNew: 59008K->6528K(59008K), 0.0596584 secs] 2866356K->2823514K(25159296K), 0.0600076 secs] [Times: user=0.69 sys=0.01, real=0.06 secs] 
2014-04-09T14:13:43.759+0900: 43.409: [GC (Allocation Failure) 43.409: [ParNew: 59008K->6528K(59008K), 0.0609081 secs] 2875994K->2830694K(25159296K), 0.0612589 secs] [Times: user=0.72 sys=0.01, real=0.06 secs] 
2014-04-09T14:13:43.858+0900: 43.507: [GC (Allocation Failure) 43.507: [ParNew: 59008K->6528K(59008K), 0.0676723 secs] 2883174K->2839498K(25159296K), 0.0680241 secs] [Times: user=0.79 sys=0.01, real=0.07 secs] 
2014-04-09T14:13:43.964+0900: 43.613: [GC (Allocation Failure) 43.613: [ParNew: 59008K->6528K(59008K), 0.0658002 secs] 2891978K->2848703K(25159296K), 0.0661525 secs] [Times: user=0.76 sys=0.02, real=0.07 secs] 
2014-04-09T14:13:44.074+0900: 43.723: [GC (Allocation Failure) 43.723: [ParNew: 59008K->6528K(59008K), 0.0586257 secs] 2901183K->2857386K(25159296K), 0.0589733 secs] [Times: user=0.69 sys=0.00, real=0.06 secs] 
2014-04-09T14:13:44.172+0900: 43.821: [GC (Allocation Failure) 43.821: [ParNew: 59008K->6528K(59008K), 0.0636310 secs] 2909866K->2866730K(25159296K), 0.0639844 secs] [Times: user=0.73 sys=0.01, real=0.07 secs] 
2014-04-09T14:13:44.275+0900: 43.924: [GC (Allocation Failure) 43.924: [ParNew: 59008K->6528K(59008K), 0.0606299 secs] 2919210K->2874498K(25159296K), 0.0609792 secs] [Times: user=0.72 sys=0.00, real=0.07 secs] 
2014-04-09T14:13:44.375+0900: 44.024: [GC (Allocation Failure) 44.024: [ParNew: 59008K->6528K(59008K), 0.0642635 secs] 2926978K->2883855K(25159296K), 0.0646123 secs] [Times: user=0.75 sys=0.00, real=0.07 secs] 
2014-04-09T14:13:44.478+0900: 44.127: [GC (Allocation Failure) 44.128: [ParNew: 59008K->6528K(59008K), 0.0570412 secs] 2936335K->2892083K(25159296K), 0.0573902 secs] [Times: user=0.66 sys=0.01, real=0.06 secs] 
2014-04-09T14:13:44.575+0900: 44.224: [GC (Allocation Failure) 44.224: [ParNew: 59008K->6528K(59008K), 0.0594864 secs] 2944563K->2900870K(25159296K), 0.0598526 secs] [Times: user=0.69 sys=0.01, real=0.06 secs] 
2014-04-09T14:13:44.671+0900: 44.320: [GC (Allocation Failure) 44.320: [ParNew: 59008K->6528K(59008K), 0.0612683 secs] 2953350K->2909882K(25159296K), 0.0616281 secs] [Times: user=0.72 sys=0.01, real=0.06 secs] 
2014-04-09T14:13:44.770+0900: 44.419: [GC (Allocation Failure) 44.419: [ParNew: 59008K->6528K(59008K), 0.0621870 secs] 2962362K->2918108K(25159296K), 0.0625470 secs] [Times: user=0.74 sys=0.00, real=0.06 secs] 
2014-04-09T14:13:44.871+0900: 44.520: [GC (Allocation Failure) 44.520: [ParNew: 59008K->6528K(59008K), 0.0695956 secs] 2970588K->2926655K(25159296K), 0.0699574 secs] [Times: user=0.83 sys=0.00, real=0.07 secs] 
2014-04-09T14:13:44.980+0900: 44.629: [GC (Allocation Failure) 44.629: [ParNew: 59008K->6528K(59008K), 0.0700021 secs] 2979135K->2935221K(25159296K), 0.0703479 secs] [Times: user=0.82 sys=0.01, real=0.07 secs] 
2014-04-09T14:13:45.089+0900: 44.738: [GC (Allocation Failure) 44.738: [ParNew: 58992K->6528K(59008K), 0.0624355 secs] 2987686K->2944378K(25159296K), 0.0627978 secs] [Times: user=0.73 sys=0.01, real=0.06 secs] 
2014-04-09T14:13:45.189+0900: 44.838: [GC (Allocation Failure) 44.838: [ParNew: 59008K->6528K(59008K), 0.0640352 secs] 2996858K->2952984K(25159296K), 0.0644013 secs] [Times: user=0.75 sys=0.00, real=0.06 secs] 
2014-04-09T14:13:45.297+0900: 44.946: [GC (Allocation Failure) 44.946: [ParNew: 59008K->6528K(59008K), 0.0615793 secs] 3005464K->2961122K(25159296K), 0.0619363 secs] [Times: user=0.72 sys=0.01, real=0.06 secs] 
2014-04-09T14:13:45.398+0900: 45.047: [GC (Allocation Failure) 45.047: [ParNew: 59008K->6528K(59008K), 0.0629828 secs] 3013602K->2969672K(25159296K), 0.0633634 secs] [Times: user=0.73 sys=0.02, real=0.06 secs] 
2014-04-09T14:13:45.500+0900: 45.149: [GC (Allocation Failure) 45.149: [ParNew: 59008K->6528K(59008K), 0.0646740 secs] 3022152K->2978239K(25159296K), 0.0650352 secs] [Times: user=0.76 sys=0.00, real=0.06 secs] 
2014-04-09T14:13:45.603+0900: 45.252: [GC (Allocation Failure) 45.252: [ParNew: 59008K->6528K(59008K), 0.0595378 secs] 3030719K->2987234K(25159296K), 0.0598974 secs] [Times: user=0.69 sys=0.01, real=0.06 secs] 
2014-04-09T14:13:45.702+0900: 45.351: [GC (Allocation Failure) 45.351: [ParNew: 59008K->6528K(59008K), 0.0642833 secs] 3039714K->2996065K(25159296K), 0.0646433 secs] [Times: user=0.75 sys=0.01, real=0.07 secs] 
2014-04-09T14:13:45.809+0900: 45.458: [GC (Allocation Failure) 45.458: [ParNew: 59008K->6528K(59008K), 0.0612370 secs] 3048545K->3004348K(25159296K), 0.0615951 secs] [Times: user=0.72 sys=0.01, real=0.06 secs] 
2014-04-09T14:13:45.908+0900: 45.557: [GC (Allocation Failure) 45.557: [ParNew: 59008K->6528K(59008K), 0.0633493 secs] 3056828K->3012591K(25159296K), 0.0637172 secs] [Times: user=0.71 sys=0.01, real=0.06 secs] 
2014-04-09T14:13:46.009+0900: 45.658: [GC (Allocation Failure) 45.659: [ParNew: 59008K->6528K(59008K), 0.0605254 secs] 3065071K->3022618K(25159296K), 0.0608829 secs] [Times: user=0.69 sys=0.02, real=0.06 secs] 
2014-04-09T14:13:46.113+0900: 45.762: [GC (Allocation Failure) 45.762: [ParNew: 59008K->6528K(59008K), 0.0646408 secs] 3075098K->3030396K(25159296K), 0.0649901 secs] [Times: user=0.76 sys=0.01, real=0.07 secs] 
2014-04-09T14:13:46.218+0900: 45.867: [GC (Allocation Failure) 45.867: [ParNew: 59008K->6528K(59008K), 0.0601906 secs] 3082876K->3039487K(25159296K), 0.0605403 secs] [Times: user=0.70 sys=0.02, real=0.06 secs] 
2014-04-09T14:13:46.317+0900: 45.966: [GC (Allocation Failure) 45.967: [ParNew: 59008K->6528K(59008K), 0.0651753 secs] 3091967K->3046942K(25159296K), 0.0655345 secs] [Times: user=0.76 sys=0.01, real=0.06 secs] 
2014-04-09T14:13:46.422+0900: 46.071: [GC (Allocation Failure) 46.071: [ParNew: 59008K->6528K(59008K), 0.0666910 secs] 3099422K->3055978K(25159296K), 0.0670513 secs] [Times: user=0.78 sys=0.01, real=0.07 secs] 
2014-04-09T14:13:46.528+0900: 46.177: [GC (Allocation Failure) 46.177: [ParNew: 59008K->6528K(59008K), 0.0629819 secs] 3108458K->3065483K(25159296K), 0.0633343 secs] [Times: user=0.73 sys=0.01, real=0.06 secs] 
2014-04-09T14:13:46.634+0900: 46.283: [GC (Allocation Failure) 46.283: [ParNew: 59008K->6528K(59008K), 0.0602034 secs] 3117963K->3074454K(25159296K), 0.0605581 secs] [Times: user=0.71 sys=0.01, real=0.06 secs] 
2014-04-09T14:13:46.739+0900: 46.388: [GC (Allocation Failure) 46.388: [ParNew: 59008K->6528K(59008K), 0.0577383 secs] 3126934K->3083478K(25159296K), 0.0580946 secs] [Times: user=0.68 sys=0.01, real=0.06 secs] 
2014-04-09T14:13:46.836+0900: 46.485: [GC (Allocation Failure) 46.485: [ParNew: 59008K->6528K(59008K), 0.0582822 secs] 3135958K->3092369K(25159296K), 0.0586309 secs] [Times: user=0.68 sys=0.01, real=0.06 secs] 
2014-04-09T14:13:46.932+0900: 46.581: [GC (Allocation Failure) 46.581: [ParNew: 59008K->6528K(59008K), 0.0606032 secs] 3144849K->3101152K(25159296K), 0.0609623 secs] [Times: user=0.68 sys=0.01, real=0.06 secs] 
2014-04-09T14:13:47.030+0900: 46.679: [GC (Allocation Failure) 46.679: [ParNew: 59008K->6528K(59008K), 0.0587224 secs] 3153632K->3109568K(25159296K), 0.0590833 secs] [Times: user=0.68 sys=0.00, real=0.06 secs] 
2014-04-09T14:13:47.128+0900: 46.777: [GC (Allocation Failure) 46.777: [ParNew: 59008K->6528K(59008K), 0.0612282 secs] 3162048K->3118156K(25159296K), 0.0615966 secs] [Times: user=0.72 sys=0.01, real=0.06 secs] 
2014-04-09T14:13:47.231+0900: 46.880: [GC (Allocation Failure) 46.880: [ParNew: 59008K->6528K(59008K), 0.0611120 secs] 3170636K->3127637K(25159296K), 0.0614791 secs] [Times: user=0.71 sys=0.01, real=0.06 secs] 
2014-04-09T14:13:47.331+0900: 46.980: [GC (Allocation Failure) 46.980: [ParNew: 59008K->6528K(59008K), 0.0587244 secs] 3180117K->3135498K(25159296K), 0.0590837 secs] [Times: user=0.70 sys=0.00, real=0.06 secs] 
2014-04-09T14:13:47.427+0900: 47.077: [GC (Allocation Failure) 47.077: [ParNew: 58942K->6528K(59008K), 0.0607134 secs] 3187913K->3143894K(25159296K), 0.0610816 secs] [Times: user=0.69 sys=0.02, real=0.06 secs] 
2014-04-09T14:13:47.530+0900: 47.179: [GC (Allocation Failure) 47.179: [ParNew: 59008K->6528K(59008K), 0.0574523 secs] 3196374K->3153065K(25159296K), 0.0578352 secs] [Times: user=0.67 sys=0.01, real=0.06 secs] 
2014-04-09T14:13:47.627+0900: 47.276: [GC (Allocation Failure) 47.277: [ParNew: 59008K->6528K(59008K), 0.0633220 secs] 3205545K->3162225K(25159296K), 0.0636814 secs] [Times: user=0.74 sys=0.02, real=0.06 secs] 
2014-04-09T14:13:47.733+0900: 47.382: [GC (Allocation Failure) 47.382: [ParNew: 59008K->6528K(59008K), 0.0584995 secs] 3214705K->3171066K(25159296K), 0.0588580 secs] [Times: user=0.68 sys=0.01, real=0.06 secs] 
2014-04-09T14:13:47.830+0900: 47.479: [GC (Allocation Failure) 47.480: [ParNew: 59008K->6528K(59008K), 0.0566341 secs] 3223546K->3178791K(25159296K), 0.0569911 secs] [Times: user=0.66 sys=0.01, real=0.06 secs] 
2014-04-09T14:13:47.925+0900: 47.574: [GC (Allocation Failure) 47.575: [ParNew: 59008K->6528K(59008K), 0.0551028 secs] 3231271K->3186756K(25159296K), 0.0554564 secs] [Times: user=0.63 sys=0.01, real=0.06 secs] 
2014-04-09T14:13:48.025+0900: 47.674: [GC (Allocation Failure) 47.674: [ParNew: 59008K->6528K(59008K), 0.0640617 secs] 3239236K->3196545K(25159296K), 0.0644084 secs] [Times: user=0.74 sys=0.01, real=0.07 secs] 
2014-04-09T14:13:48.128+0900: 47.777: [GC (Allocation Failure) 47.777: [ParNew: 59008K->6528K(59008K), 0.0580745 secs] 3249025K->3204966K(25159296K), 0.0584412 secs] [Times: user=0.68 sys=0.01, real=0.06 secs] 
2014-04-09T14:13:48.230+0900: 47.879: [GC (Allocation Failure) 47.879: [ParNew: 59008K->6528K(59008K), 0.0620560 secs] 3257446K->3214347K(25159296K), 0.0624109 secs] [Times: user=0.72 sys=0.01, real=0.06 secs] 
2014-04-09T14:13:48.335+0900: 47.984: [GC (Allocation Failure) 47.984: [ParNew: 59008K->6528K(59008K), 0.0627279 secs] 3266827K->3222132K(25159296K), 0.0630871 secs] [Times: user=0.74 sys=0.00, real=0.07 secs] 
2014-04-09T14:13:48.438+0900: 48.087: [GC (Allocation Failure) 48.087: [ParNew: 59008K->6528K(59008K), 0.0587272 secs] 3274612K->3230103K(25159296K), 0.0590887 secs] [Times: user=0.68 sys=0.01, real=0.06 secs] 
2014-04-09T14:13:48.537+0900: 48.186: [GC (Allocation Failure) 48.186: [ParNew: 59008K->6528K(59008K), 0.0553556 secs] 3282583K->3238876K(25159296K), 0.0557184 secs] [Times: user=0.63 sys=0.01, real=0.05 secs] 
2014-04-09T14:13:48.634+0900: 48.283: [GC (Allocation Failure) 48.283: [ParNew: 59008K->6528K(59008K), 0.0722017 secs] 3291356K->3249475K(25159296K), 0.0725552 secs] [Times: user=0.76 sys=0.01, real=0.07 secs] 
2014-04-09T14:13:48.746+0900: 48.396: [GC (Allocation Failure) 48.396: [ParNew: 59008K->6528K(59008K), 0.0655746 secs] 3301955K->3260673K(25159296K), 0.0659330 secs] [Times: user=0.77 sys=0.01, real=0.06 secs] 
2014-04-09T14:13:48.857+0900: 48.506: [GC (Allocation Failure) 48.506: [ParNew: 59008K->6528K(59008K), 0.0690453 secs] 3313153K->3274124K(25159296K), 0.0694079 secs] [Times: user=0.81 sys=0.01, real=0.07 secs] 
2014-04-09T14:13:48.964+0900: 48.613: [GC (Allocation Failure) 48.613: [ParNew: 59008K->6528K(59008K), 0.0660883 secs] 3326604K->3284336K(25159296K), 0.0664389 secs] [Times: user=0.77 sys=0.01, real=0.07 secs] 
2014-04-09T14:13:49.071+0900: 48.720: [GC (Allocation Failure) 48.720: [ParNew: 59008K->6528K(59008K), 0.0530117 secs] 3336816K->3292341K(25159296K), 0.0533726 secs] [Times: user=0.59 sys=0.02, real=0.05 secs] 
2014-04-09T14:13:49.163+0900: 48.812: [GC (Allocation Failure) 48.812: [ParNew: 59008K->6528K(59008K), 0.0584744 secs] 3344821K->3301628K(25159296K), 0.0588388 secs] [Times: user=0.66 sys=0.00, real=0.06 secs] 
2014-04-09T14:13:49.262+0900: 48.911: [GC (Allocation Failure) 48.911: [ParNew: 59007K->6528K(59008K), 0.0638968 secs] 3354108K->3310844K(25159296K), 0.0642604 secs] [Times: user=0.74 sys=0.00, real=0.06 secs] 
2014-04-09T14:13:49.366+0900: 49.015: [GC (Allocation Failure) 49.015: [ParNew: 59008K->6528K(59008K), 0.0581993 secs] 3363324K->3318000K(25159296K), 0.0585498 secs] [Times: user=0.68 sys=0.00, real=0.06 secs] 
2014-04-09T14:13:49.465+0900: 49.114: [GC (Allocation Failure) 49.114: [ParNew: 59008K->6528K(59008K), 0.0597967 secs] 3370480K->3326856K(25159296K), 0.0601582 secs] [Times: user=0.69 sys=0.01, real=0.06 secs] 
2014-04-09T14:13:49.566+0900: 49.215: [GC (Allocation Failure) 49.215: [ParNew: 59008K->6528K(59008K), 0.0584364 secs] 3379336K->3335573K(25159296K), 0.0588032 secs] [Times: user=0.67 sys=0.01, real=0.06 secs] 
2014-04-09T14:13:49.663+0900: 49.312: [GC (Allocation Failure) 49.312: [ParNew: 59008K->6528K(59008K), 0.0627229 secs] 3388053K->3345305K(25159296K), 0.0630976 secs] [Times: user=0.73 sys=0.01, real=0.07 secs] 
2014-04-09T14:13:49.766+0900: 49.415: [GC (Allocation Failure) 49.415: [ParNew: 59007K->6528K(59008K), 0.0538524 secs] 3397785K->3352838K(25159296K), 0.0542026 secs] [Times: user=0.61 sys=0.01, real=0.06 secs] 
2014-04-09T14:13:49.857+0900: 49.506: [GC (Allocation Failure) 49.507: [ParNew: 59008K->6528K(59008K), 0.0527194 secs] 3405318K->3361281K(25159296K), 0.0530785 secs] [Times: user=0.58 sys=0.01, real=0.05 secs] 
2014-04-09T14:13:49.954+0900: 49.603: [GC (Allocation Failure) 49.603: [ParNew: 59008K->6528K(59008K), 0.0582901 secs] 3413761K->3369960K(25159296K), 0.0586462 secs] [Times: user=0.67 sys=0.01, real=0.06 secs] 
2014-04-09T14:13:50.052+0900: 49.702: [GC (Allocation Failure) 49.702: [ParNew: 59008K->6528K(59008K), 0.0609660 secs] 3422440K->3378566K(25159296K), 0.0613265 secs] [Times: user=0.70 sys=0.01, real=0.06 secs] 
2014-04-09T14:13:50.151+0900: 49.800: [GC (Allocation Failure) 49.800: [ParNew: 59008K->6528K(59008K), 0.0626583 secs] 3431046K->3388616K(25159296K), 0.0630229 secs] [Times: user=0.73 sys=0.01, real=0.06 secs] 
2014-04-09T14:13:50.252+0900: 49.901: [GC (Allocation Failure) 49.901: [ParNew: 59008K->6528K(59008K), 0.0512143 secs] 3441096K->3396150K(25159296K), 0.0515835 secs] [Times: user=0.57 sys=0.02, real=0.05 secs] 
2014-04-09T14:13:50.343+0900: 49.992: [GC (Allocation Failure) 49.992: [ParNew: 59008K->6528K(59008K), 0.0634731 secs] 3448630K->3404005K(25159296K), 0.0638399 secs] [Times: user=0.73 sys=0.01, real=0.07 secs] 
2014-04-09T14:13:50.450+0900: 50.099: [GC (Allocation Failure) 50.099: [ParNew: 59008K->6528K(59008K), 0.0631485 secs] 3456485K->3412357K(25159296K), 0.0635088 secs] [Times: user=0.73 sys=0.02, real=0.06 secs] 
2014-04-09T14:13:50.554+0900: 50.203: [GC (Allocation Failure) 50.203: [ParNew: 59008K->6528K(59008K), 0.0629683 secs] 3464837K->3421540K(25159296K), 0.0633323 secs] [Times: user=0.72 sys=0.02, real=0.07 secs] 
2014-04-09T14:13:50.654+0900: 50.303: [GC (Allocation Failure) 50.304: [ParNew: 59008K->6528K(59008K), 0.0606126 secs] 3474020K->3430657K(25159296K), 0.0609810 secs] [Times: user=0.70 sys=0.01, real=0.06 secs] 
2014-04-09T14:13:50.758+0900: 50.407: [GC (Allocation Failure) 50.407: [ParNew: 59008K->6528K(59008K), 0.0640763 secs] 3483137K->3438962K(25159296K), 0.0644352 secs] [Times: user=0.74 sys=0.02, real=0.06 secs] 
2014-04-09T14:13:50.863+0900: 50.513: [GC (Allocation Failure) 50.513: [ParNew: 59008K->6528K(59008K), 0.0648220 secs] 3491442K->3446344K(25159296K), 0.0651894 secs] [Times: user=0.76 sys=0.01, real=0.07 secs] 
2014-04-09T14:13:50.966+0900: 50.615: [GC (Allocation Failure) 50.615: [ParNew: 59008K->6528K(59008K), 0.0516689 secs] 3498824K->3455576K(25159296K), 0.0520288 secs] [Times: user=0.57 sys=0.01, real=0.06 secs] 
2014-04-09T14:13:51.056+0900: 50.705: [GC (Allocation Failure) 50.705: [ParNew: 59008K->6528K(59008K), 0.0655283 secs] 3508056K->3464564K(25159296K), 0.0658913 secs] [Times: user=0.75 sys=0.01, real=0.07 secs] 
2014-04-09T14:13:51.160+0900: 50.809: [GC (Allocation Failure) 50.809: [ParNew: 59008K->6528K(59008K), 0.0543553 secs] 3517044K->3473166K(25159296K), 0.0547161 secs] [Times: user=0.61 sys=0.01, real=0.05 secs] 
2014-04-09T14:13:51.252+0900: 50.901: [GC (Allocation Failure) 50.901: [ParNew: 59008K->6528K(59008K), 0.0581982 secs] 3525646K->3482395K(25159296K), 0.0585560 secs] [Times: user=0.68 sys=0.01, real=0.06 secs] 
2014-04-09T14:13:51.354+0900: 51.004: [GC (Allocation Failure) 51.004: [ParNew: 59008K->6528K(59008K), 0.0514688 secs] 3534875K->3489342K(25159296K), 0.0518281 secs] [Times: user=0.59 sys=0.01, real=0.05 secs] 
2014-04-09T14:13:51.449+0900: 51.098: [GC (Allocation Failure) 51.098: [ParNew: 59008K->6528K(59008K), 0.0593852 secs] 3541822K->3498671K(25159296K), 0.0597476 secs] [Times: user=0.68 sys=0.01, real=0.06 secs] 
2014-04-09T14:13:51.552+0900: 51.201: [GC (Allocation Failure) 51.201: [ParNew: 59008K->6528K(59008K), 0.0616426 secs] 3551151K->3507738K(25159296K), 0.0620001 secs] [Times: user=0.71 sys=0.01, real=0.06 secs] 
2014-04-09T14:13:51.657+0900: 51.306: [GC (Allocation Failure) 51.306: [ParNew: 59008K->6528K(59008K), 0.0570290 secs] 3560218K->3515494K(25159296K), 0.0573870 secs] [Times: user=0.66 sys=0.00, real=0.06 secs] 
2014-04-09T14:13:51.758+0900: 51.407: [GC (Allocation Failure) 51.407: [ParNew: 59008K->6528K(59008K), 0.0600475 secs] 3567974K->3524884K(25159296K), 0.0604061 secs] [Times: user=0.70 sys=0.01, real=0.06 secs] 
2014-04-09T14:13:51.855+0900: 51.504: [GC (Allocation Failure) 51.504: [ParNew: 59008K->6528K(59008K), 0.0583956 secs] 3577364K->3532340K(25159296K), 0.0587564 secs] [Times: user=0.69 sys=0.01, real=0.06 secs] 
2014-04-09T14:13:51.952+0900: 51.601: [GC (Allocation Failure) 51.601: [ParNew: 59008K->6528K(59008K), 0.0632217 secs] 3584820K->3541249K(25159296K), 0.0635900 secs] [Times: user=0.73 sys=0.01, real=0.06 secs] 
2014-04-09T14:13:52.054+0900: 51.703: [GC (Allocation Failure) 51.704: [ParNew: 59008K->6528K(59008K), 0.0632171 secs] 3593729K->3551556K(25159296K), 0.0635870 secs] [Times: user=0.73 sys=0.01, real=0.07 secs] 
2014-04-09T14:13:52.156+0900: 51.805: [GC (Allocation Failure) 51.805: [ParNew: 59007K->6528K(59008K), 0.0575651 secs] 3604036K->3560526K(25159296K), 0.0579176 secs] [Times: user=0.67 sys=0.00, real=0.06 secs] 
2014-04-09T14:13:52.251+0900: 51.900: [GC (Allocation Failure) 51.900: [ParNew: 58931K->6528K(59008K), 0.0589896 secs] 3612930K->3568582K(25159296K), 0.0593398 secs] [Times: user=0.68 sys=0.01, real=0.06 secs] 
2014-04-09T14:13:52.348+0900: 51.997: [GC (Allocation Failure) 51.997: [ParNew: 59008K->6528K(59008K), 0.0662290 secs] 3621062K->3576957K(25159296K), 0.0665875 secs] [Times: user=0.77 sys=0.01, real=0.06 secs] 
2014-04-09T14:13:52.452+0900: 52.101: [GC (Allocation Failure) 52.101: [ParNew: 59008K->6528K(59008K), 0.0587856 secs] 3629437K->3585223K(25159296K), 0.0591387 secs] [Times: user=0.67 sys=0.02, real=0.06 secs] 
2014-04-09T14:13:52.550+0900: 52.199: [GC (Allocation Failure) 52.199: [ParNew: 59008K->6528K(59008K), 0.0589199 secs] 3637703K->3594884K(25159296K), 0.0592776 secs] [Times: user=0.66 sys=0.00, real=0.06 secs] 
2014-04-09T14:13:52.648+0900: 52.297: [GC (Allocation Failure) 52.297: [ParNew: 59008K->6528K(59008K), 0.0661076 secs] 3647364K->3602989K(25159296K), 0.0664765 secs] [Times: user=0.77 sys=0.01, real=0.06 secs] 
2014-04-09T14:13:52.752+0900: 52.401: [GC (Allocation Failure) 52.401: [ParNew: 59008K->6528K(59008K), 0.0583787 secs] 3655469K->3612421K(25159296K), 0.0587458 secs] [Times: user=0.67 sys=0.01, real=0.06 secs] 
2014-04-09T14:13:52.850+0900: 52.499: [GC (Allocation Failure) 52.500: [ParNew: 59008K->6528K(59008K), 0.0619149 secs] 3664901K->3620490K(25159296K), 0.0622853 secs] [Times: user=0.72 sys=0.00, real=0.06 secs] 
2014-04-09T14:13:52.951+0900: 52.600: [GC (Allocation Failure) 52.600: [ParNew: 59007K->6528K(59008K), 0.0512517 secs] 3672970K->3628284K(25159296K), 0.0516148 secs] [Times: user=0.58 sys=0.01, real=0.05 secs] 
2014-04-09T14:13:53.041+0900: 52.690: [GC (Allocation Failure) 52.690: [ParNew: 59008K->6528K(59008K), 0.0513606 secs] 3680764K->3637070K(25159296K), 0.0517293 secs] [Times: user=0.58 sys=0.01, real=0.05 secs] 
2014-04-09T14:13:53.131+0900: 52.780: [GC (Allocation Failure) 52.780: [ParNew: 59008K->6528K(59008K), 0.0628047 secs] 3689550K->3646238K(25159296K), 0.0631898 secs] [Times: user=0.74 sys=0.01, real=0.06 secs] 
2014-04-09T14:13:53.231+0900: 52.880: [GC (Allocation Failure) 52.880: [ParNew: 59008K->6528K(59008K), 0.0646668 secs] 3698718K->3655172K(25159296K), 0.0650431 secs] [Times: user=0.74 sys=0.02, real=0.06 secs] 
2014-04-09T14:13:53.334+0900: 52.983: [GC (Allocation Failure) 52.983: [ParNew: 59008K->6528K(59008K), 0.0595636 secs] 3707652K->3662535K(25159296K), 0.0599219 secs] [Times: user=0.69 sys=0.01, real=0.06 secs] 
2014-04-09T14:13:53.435+0900: 53.084: [GC (Allocation Failure) 53.084: [ParNew: 59008K->6528K(59008K), 0.0599388 secs] 3715015K->3671585K(25159296K), 0.0602987 secs] [Times: user=0.69 sys=0.02, real=0.06 secs] 
2014-04-09T14:13:53.538+0900: 53.187: [GC (Allocation Failure) 53.187: [ParNew: 59008K->6528K(59008K), 0.0670842 secs] 3724065K->3680042K(25159296K), 0.0674568 secs] [Times: user=0.78 sys=0.02, real=0.06 secs] 
2014-04-09T14:13:53.648+0900: 53.297: [GC (Allocation Failure) 53.297: [ParNew: 59008K->6528K(59008K), 0.0585742 secs] 3732522K->3688646K(25159296K), 0.0589313 secs] [Times: user=0.66 sys=0.02, real=0.05 secs] 
2014-04-09T14:13:53.746+0900: 53.395: [GC (Allocation Failure) 53.395: [ParNew: 59008K->6528K(59008K), 0.0571861 secs] 3741126K->3697410K(25159296K), 0.0575472 secs] [Times: user=0.65 sys=0.01, real=0.06 secs] 
2014-04-09T14:13:53.842+0900: 53.491: [GC (Allocation Failure) 53.492: [ParNew: 59008K->6528K(59008K), 0.0623010 secs] 3749890K->3704758K(25159296K), 0.0626673 secs] [Times: user=0.74 sys=0.01, real=0.06 secs] 
2014-04-09T14:13:53.944+0900: 53.593: [GC (Allocation Failure) 53.593: [ParNew: 59008K->6528K(59008K), 0.0592813 secs] 3757238K->3713532K(25159296K), 0.0596510 secs] [Times: user=0.67 sys=0.01, real=0.06 secs] 
2014-04-09T14:13:54.043+0900: 53.692: [GC (Allocation Failure) 53.692: [ParNew: 59008K->6528K(59008K), 0.0679355 secs] 3766012K->3722626K(25159296K), 0.0683033 secs] [Times: user=0.79 sys=0.00, real=0.07 secs] 
2014-04-09T14:13:54.150+0900: 53.799: [GC (Allocation Failure) 53.799: [ParNew: 59008K->6528K(59008K), 0.0630204 secs] 3775106K->3731163K(25159296K), 0.0633881 secs] [Times: user=0.74 sys=0.01, real=0.06 secs] 
2014-04-09T14:13:54.250+0900: 53.899: [GC (Allocation Failure) 53.899: [ParNew: 59008K->6528K(59008K), 0.0665871 secs] 3783643K->3739796K(25159296K), 0.0669475 secs] [Times: user=0.78 sys=0.02, real=0.06 secs] 
2014-04-09T14:13:54.356+0900: 54.005: [GC (Allocation Failure) 54.005: [ParNew: 59008K->6528K(59008K), 0.0572333 secs] 3792276K->3748066K(25159296K), 0.0575935 secs] [Times: user=0.65 sys=0.01, real=0.06 secs] 
2014-04-09T14:13:54.452+0900: 54.101: [GC (Allocation Failure) 54.101: [ParNew: 59008K->6528K(59008K), 0.0578372 secs] 3800546K->3756585K(25159296K), 0.0581973 secs] [Times: user=0.67 sys=0.01, real=0.06 secs] 
2014-04-09T14:13:54.547+0900: 54.196: [GC (Allocation Failure) 54.196: [ParNew: 59008K->6528K(59008K), 0.0557065 secs] 3809065K->3765166K(25159296K), 0.0560663 secs] [Times: user=0.62 sys=0.02, real=0.06 secs] 
2014-04-09T14:13:54.644+0900: 54.293: [GC (Allocation Failure) 54.293: [ParNew: 59008K->6528K(59008K), 0.0517160 secs] 3817646K->3774296K(25159296K), 0.0520866 secs] [Times: user=0.58 sys=0.01, real=0.05 secs] 
2014-04-09T14:13:54.736+0900: 54.385: [GC (Allocation Failure) 54.385: [ParNew: 59008K->6528K(59008K), 0.0588679 secs] 3826776K->3783294K(25159296K), 0.0592258 secs] [Times: user=0.69 sys=0.01, real=0.06 secs] 
2014-04-09T14:13:54.832+0900: 54.482: [GC (Allocation Failure) 54.482: [ParNew: 59008K->6528K(59008K), 0.0620867 secs] 3835774K->3792096K(25159296K), 0.0624459 secs] [Times: user=0.72 sys=0.02, real=0.06 secs] 
2014-04-09T14:13:54.934+0900: 54.583: [GC (Allocation Failure) 54.583: [ParNew: 59008K->6528K(59008K), 0.0649694 secs] 3844576K->3799917K(25159296K), 0.0653285 secs] [Times: user=0.76 sys=0.00, real=0.07 secs] 
2014-04-09T14:13:55.037+0900: 54.686: [GC (Allocation Failure) 54.686: [ParNew: 59008K->6528K(59008K), 0.0582885 secs] 3852397K->3808622K(25159296K), 0.0586458 secs] [Times: user=0.68 sys=0.00, real=0.06 secs] 
2014-04-09T14:13:55.133+0900: 54.782: [GC (Allocation Failure) 54.782: [ParNew: 59008K->6528K(59008K), 0.0679041 secs] 3861102K->3817438K(25159296K), 0.0682649 secs] [Times: user=0.79 sys=0.02, real=0.07 secs] 
2014-04-09T14:13:55.243+0900: 54.892: [GC (Allocation Failure) 54.892: [ParNew: 59008K->6528K(59008K), 0.0609267 secs] 3869918K->3826735K(25159296K), 0.0612838 secs] [Times: user=0.70 sys=0.01, real=0.06 secs] 
2014-04-09T14:13:55.343+0900: 54.992: [GC (Allocation Failure) 54.992: [ParNew: 59008K->6528K(59008K), 0.0649797 secs] 3879215K->3834423K(25159296K), 0.0653459 secs] [Times: user=0.77 sys=0.00, real=0.07 secs] 
2014-04-09T14:13:55.447+0900: 55.096: [GC (Allocation Failure) 55.096: [ParNew: 59008K->6528K(59008K), 0.0597517 secs] 3886903K->3843574K(25159296K), 0.0601114 secs] [Times: user=0.67 sys=0.01, real=0.07 secs] 
2014-04-09T14:13:55.545+0900: 55.194: [GC (Allocation Failure) 55.195: [ParNew: 59008K->6528K(59008K), 0.0525999 secs] 3896054K->3852508K(25159296K), 0.0529581 secs] [Times: user=0.59 sys=0.01, real=0.06 secs] 
2014-04-09T14:13:55.636+0900: 55.285: [GC (Allocation Failure) 55.286: [ParNew: 59008K->6528K(59008K), 0.0605777 secs] 3904988K->3861562K(25159296K), 0.0609349 secs] [Times: user=0.69 sys=0.01, real=0.07 secs] 
2014-04-09T14:13:55.735+0900: 55.384: [GC (Allocation Failure) 55.384: [ParNew: 59008K->6528K(59008K), 0.0611115 secs] 3914042K->3869711K(25159296K), 0.0614630 secs] [Times: user=0.70 sys=0.01, real=0.06 secs] 
2014-04-09T14:13:55.836+0900: 55.485: [GC (Allocation Failure) 55.485: [ParNew: 59008K->6528K(59008K), 0.0648335 secs] 3922191K->3877036K(25159296K), 0.0651847 secs] [Times: user=0.75 sys=0.01, real=0.07 secs] 
2014-04-09T14:13:55.939+0900: 55.588: [GC (Allocation Failure) 55.589: [ParNew: 59008K->6528K(59008K), 0.0638927 secs] 3929516K->3886031K(25159296K), 0.0642413 secs] [Times: user=0.72 sys=0.01, real=0.06 secs] 
2014-04-09T14:13:56.041+0900: 55.690: [GC (Allocation Failure) 55.690: [ParNew: 59008K->6528K(59008K), 0.0619104 secs] 3938511K->3894913K(25159296K), 0.0622757 secs] [Times: user=0.70 sys=0.01, real=0.06 secs] 
2014-04-09T14:13:56.143+0900: 55.792: [GC (Allocation Failure) 55.792: [ParNew: 59008K->6528K(59008K), 0.0642453 secs] 3947393K->3902682K(25159296K), 0.0646057 secs] [Times: user=0.75 sys=0.01, real=0.07 secs] 
2014-04-09T14:13:56.244+0900: 55.893: [GC (Allocation Failure) 55.893: [ParNew: 59008K->6528K(59008K), 0.0603945 secs] 3955162K->3911719K(25159296K), 0.0607518 secs] [Times: user=0.71 sys=0.00, real=0.06 secs] 
2014-04-09T14:13:56.344+0900: 55.993: [GC (Allocation Failure) 55.993: [ParNew: 59008K->6528K(59008K), 0.0620274 secs] 3964199K->3919600K(25159296K), 0.0623860 secs] [Times: user=0.73 sys=0.01, real=0.06 secs] 
2014-04-09T14:13:56.445+0900: 56.094: [GC (Allocation Failure) 56.095: [ParNew: 59008K->6528K(59008K), 0.0594590 secs] 3972080K->3927389K(25159296K), 0.0598132 secs] [Times: user=0.69 sys=0.01, real=0.06 secs] 
2014-04-09T14:13:56.543+0900: 56.192: [GC (Allocation Failure) 56.192: [ParNew: 59008K->6528K(59008K), 0.0641225 secs] 3979869K->3937149K(25159296K), 0.0644834 secs] [Times: user=0.72 sys=0.01, real=0.07 secs] 
2014-04-09T14:13:56.651+0900: 56.300: [GC (Allocation Failure) 56.300: [ParNew: 59008K->6528K(59008K), 0.0565745 secs] 3989629K->3945473K(25159296K), 0.0569225 secs] [Times: user=0.65 sys=0.00, real=0.06 secs] 
2014-04-09T14:13:56.747+0900: 56.396: [GC (Allocation Failure) 56.396: [ParNew: 59008K->6528K(59008K), 0.0586608 secs] 3997953K->3954490K(25159296K), 0.0590113 secs] [Times: user=0.67 sys=0.01, real=0.06 secs] 
2014-04-09T14:13:56.844+0900: 56.493: [GC (Allocation Failure) 56.493: [ParNew: 59008K->6528K(59008K), 0.0567681 secs] 4006970K->3962075K(25159296K), 0.0571194 secs] [Times: user=0.66 sys=0.01, real=0.06 secs] 
2014-04-09T14:13:56.940+0900: 56.589: [GC (Allocation Failure) 56.589: [ParNew: 59008K->6528K(59008K), 0.0589086 secs] 4014555K->3970812K(25159296K), 0.0592591 secs] [Times: user=0.67 sys=0.01, real=0.06 secs] 
2014-04-09T14:13:57.037+0900: 56.686: [GC (Allocation Failure) 56.686: [ParNew: 59008K->6528K(59008K), 0.0602514 secs] 4023292K->3980709K(25159296K), 0.0606010 secs] [Times: user=0.69 sys=0.01, real=0.07 secs] 
2014-04-09T14:13:57.138+0900: 56.787: [GC (Allocation Failure) 56.788: [ParNew: 59008K->6528K(59008K), 0.0572128 secs] 4033189K->3989579K(25159296K), 0.0575669 secs] [Times: user=0.66 sys=0.01, real=0.05 secs] 
2014-04-09T14:13:57.240+0900: 56.889: [GC (Allocation Failure) 56.889: [ParNew: 59008K->6528K(59008K), 0.0508679 secs] 4042059K->3998520K(25159296K), 0.0512158 secs] [Times: user=0.57 sys=0.00, real=0.05 secs] 
2014-04-09T14:13:57.334+0900: 56.983: [GC (Allocation Failure) 56.984: [ParNew: 59008K->6528K(59008K), 0.0602543 secs] 4051000K->4007961K(25159296K), 0.0606016 secs] [Times: user=0.70 sys=0.00, real=0.06 secs] 
2014-04-09T14:13:57.433+0900: 57.082: [GC (Allocation Failure) 57.082: [ParNew: 59008K->6528K(59008K), 0.0657803 secs] 4060441K->4015902K(25159296K), 0.0661337 secs] [Times: user=0.76 sys=0.02, real=0.07 secs] 
2014-04-09T14:13:57.538+0900: 57.187: [GC (Allocation Failure) 57.187: [ParNew: 59008K->6528K(59008K), 0.0599481 secs] 4068382K->4025322K(25159296K), 0.0602965 secs] [Times: user=0.69 sys=0.01, real=0.06 secs] 
2014-04-09T14:13:57.636+0900: 57.285: [GC (Allocation Failure) 57.285: [ParNew: 59008K->6528K(59008K), 0.0512539 secs] 4077802K->4033621K(25159296K), 0.0516131 secs] [Times: user=0.54 sys=0.01, real=0.06 secs] 
2014-04-09T14:13:57.725+0900: 57.374: [GC (Allocation Failure) 57.374: [ParNew: 59008K->6528K(59008K), 0.0549474 secs] 4086101K->4043939K(25159296K), 0.0552988 secs] [Times: user=0.61 sys=0.01, real=0.06 secs] 
2014-04-09T14:13:57.820+0900: 57.469: [GC (Allocation Failure) 57.469: [ParNew: 59008K->6528K(59008K), 0.0555030 secs] 4096419K->4052770K(25159296K), 0.0558635 secs] [Times: user=0.63 sys=0.01, real=0.05 secs] 
2014-04-09T14:13:57.916+0900: 57.565: [GC (Allocation Failure) 57.565: [ParNew: 59008K->6528K(59008K), 0.0610176 secs] 4105250K->4060968K(25159296K), 0.0613879 secs] [Times: user=0.71 sys=0.01, real=0.06 secs] 
2014-04-09T14:13:58.015+0900: 57.664: [GC (Allocation Failure) 57.664: [ParNew: 59008K->6528K(59008K), 0.0579861 secs] 4113448K->4070304K(25159296K), 0.0583479 secs] [Times: user=0.67 sys=0.01, real=0.06 secs] 
2014-04-09T14:13:58.112+0900: 57.761: [GC (Allocation Failure) 57.761: [ParNew: 59008K->6528K(59008K), 0.0659067 secs] 4122784K->4079229K(25159296K), 0.0662650 secs] [Times: user=0.77 sys=0.00, real=0.06 secs] 
2014-04-09T14:13:58.217+0900: 57.866: [GC (Allocation Failure) 57.867: [ParNew: 59008K->6528K(59008K), 0.0655012 secs] 4131709K->4087579K(25159296K), 0.0658694 secs] [Times: user=0.76 sys=0.01, real=0.07 secs] 
2014-04-09T14:13:58.322+0900: 57.971: [GC (Allocation Failure) 57.971: [ParNew: 59008K->6528K(59008K), 0.0666053 secs] 4140059K->4096714K(25159296K), 0.0669679 secs] [Times: user=0.79 sys=0.00, real=0.07 secs] 
2014-04-09T14:13:58.427+0900: 58.076: [GC (Allocation Failure) 58.076: [ParNew: 59008K->6528K(59008K), 0.0539847 secs] 4149194K->4104712K(25159296K), 0.0543459 secs] [Times: user=0.60 sys=0.02, real=0.06 secs] 
2014-04-09T14:13:58.521+0900: 58.170: [GC (Allocation Failure) 58.170: [ParNew: 59008K->6528K(59008K), 0.0624976 secs] 4157192K->4114209K(25159296K), 0.0628612 secs] [Times: user=0.72 sys=0.01, real=0.06 secs] 
2014-04-09T14:13:58.623+0900: 58.272: [GC (Allocation Failure) 58.272: [ParNew: 59008K->6528K(59008K), 0.0591025 secs] 4166689K->4123012K(25159296K), 0.0594618 secs] [Times: user=0.69 sys=0.00, real=0.06 secs] 
2014-04-09T14:13:58.720+0900: 58.369: [GC (Allocation Failure) 58.370: [ParNew: 59008K->6528K(59008K), 0.0575983 secs] 4175492K->4131508K(25159296K), 0.0580727 secs] [Times: user=0.66 sys=0.01, real=0.06 secs] 
2014-04-09T14:13:58.821+0900: 58.471: [GC (Allocation Failure) 58.471: [ParNew: 59008K->6528K(59008K), 0.0601729 secs] 4183988K->4140523K(25159296K), 0.0605307 secs] [Times: user=0.68 sys=0.01, real=0.06 secs] 
2014-04-09T14:13:58.921+0900: 58.571: [GC (Allocation Failure) 58.571: [ParNew: 58997K->6528K(59008K), 0.0612818 secs] 4192992K->4149179K(25159296K), 0.0616447 secs] [Times: user=0.70 sys=0.02, real=0.06 secs] 
2014-04-09T14:13:59.022+0900: 58.672: [GC (Allocation Failure) 58.672: [ParNew: 59008K->6528K(59008K), 0.0602650 secs] 4201659K->4157754K(25159296K), 0.0606457 secs] [Times: user=0.70 sys=0.01, real=0.06 secs] 
2014-04-09T14:13:59.124+0900: 58.773: [GC (Allocation Failure) 58.774: [ParNew: 59008K->6528K(59008K), 0.0556811 secs] 4210234K->4166393K(25159296K), 0.0560513 secs] [Times: user=0.65 sys=0.00, real=0.06 secs] 
2014-04-09T14:13:59.218+0900: 58.868: [GC (Allocation Failure) 58.868: [ParNew: 59008K->6528K(59008K), 0.0670127 secs] 4218873K->4175604K(25159296K), 0.0673730 secs] [Times: user=0.77 sys=0.00, real=0.06 secs] 
2014-04-09T14:13:59.329+0900: 58.978: [GC (Allocation Failure) 58.978: [ParNew: 59008K->6528K(59008K), 0.0644802 secs] 4228084K->4184395K(25159296K), 0.0648367 secs] [Times: user=0.74 sys=0.02, real=0.06 secs] 
2014-04-09T14:13:59.437+0900: 59.086: [GC (Allocation Failure) 59.087: [ParNew: 59008K->6528K(59008K), 0.0565928 secs] 4236875K->4192852K(25159296K), 0.0569571 secs] [Times: user=0.66 sys=0.00, real=0.06 secs] 
2014-04-09T14:13:59.533+0900: 59.182: [GC (Allocation Failure) 59.182: [ParNew: 59008K->6528K(59008K), 0.0576659 secs] 4245332K->4201878K(25159296K), 0.0580255 secs] [Times: user=0.66 sys=0.02, real=0.06 secs] 
2014-04-09T14:13:59.629+0900: 59.279: [GC (Allocation Failure) 59.279: [ParNew: 59008K->6528K(59008K), 0.0575028 secs] 4254358K->4210482K(25159296K), 0.0578697 secs] [Times: user=0.66 sys=0.01, real=0.05 secs] 
2014-04-09T14:13:59.726+0900: 59.375: [GC (Allocation Failure) 59.375: [ParNew: 59008K->6528K(59008K), 0.0669264 secs] 4262962K->4220069K(25159296K), 0.0672863 secs] [Times: user=0.79 sys=0.01, real=0.07 secs] 
2014-04-09T14:13:59.831+0900: 59.480: [GC (Allocation Failure) 59.480: [ParNew: 59008K->6528K(59008K), 0.0573406 secs] 4272549K->4228537K(25159296K), 0.0576998 secs] [Times: user=0.67 sys=0.01, real=0.06 secs] 
2014-04-09T14:13:59.926+0900: 59.575: [GC (Allocation Failure) 59.575: [ParNew: 59008K->6528K(59008K), 0.0595521 secs] 4281017K->4237039K(25159296K), 0.0599208 secs] [Times: user=0.68 sys=0.01, real=0.06 secs] 
2014-04-09T14:14:00.023+0900: 59.672: [GC (Allocation Failure) 59.673: [ParNew: 59008K->6528K(59008K), 0.0504553 secs] 4289519K->4245109K(25159296K), 0.0508169 secs] [Times: user=0.54 sys=0.01, real=0.05 secs] 
2014-04-09T14:14:00.113+0900: 59.762: [GC (Allocation Failure) 59.762: [ParNew: 59008K->6528K(59008K), 0.0573046 secs] 4297589K->4254649K(25159296K), 0.0576755 secs] [Times: user=0.65 sys=0.01, real=0.06 secs] 
2014-04-09T14:14:00.214+0900: 59.863: [GC (Allocation Failure) 59.863: [ParNew: 59008K->6528K(59008K), 0.0584312 secs] 4307129K->4263347K(25159296K), 0.0587818 secs] [Times: user=0.68 sys=0.00, real=0.06 secs] 
2014-04-09T14:14:00.316+0900: 59.965: [GC (Allocation Failure) 59.965: [ParNew: 59008K->6528K(59008K), 0.0501755 secs] 4315827K->4271363K(25159296K), 0.0505304 secs] [Times: user=0.53 sys=0.01, real=0.05 secs] 
2014-04-09T14:14:00.406+0900: 60.055: [GC (Allocation Failure) 60.055: [ParNew: 58952K->6528K(59008K), 0.0633462 secs] 4323788K->4279981K(25159296K), 0.0637055 secs] [Times: user=0.73 sys=0.02, real=0.07 secs] 
2014-04-09T14:14:00.508+0900: 60.157: [GC (Allocation Failure) 60.157: [ParNew: 59008K->6528K(59008K), 0.0654696 secs] 4332461K->4288092K(25159296K), 0.0658283 secs] [Times: user=0.76 sys=0.00, real=0.07 secs] 
2014-04-09T14:14:00.615+0900: 60.264: [GC (Allocation Failure) 60.265: [ParNew: 59008K->6528K(59008K), 0.0638402 secs] 4340572K->4297377K(25159296K), 0.0641995 secs] [Times: user=0.74 sys=0.02, real=0.07 secs] 
2014-04-09T14:14:00.719+0900: 60.368: [GC (Allocation Failure) 60.368: [ParNew: 59008K->6528K(59008K), 0.0658168 secs] 4349857K->4305605K(25159296K), 0.0661784 secs] [Times: user=0.76 sys=0.01, real=0.06 secs] 
2014-04-09T14:14:00.823+0900: 60.472: [GC (Allocation Failure) 60.472: [ParNew: 59008K->6528K(59008K), 0.0595029 secs] 4358085K->4314174K(25159296K), 0.0598552 secs] [Times: user=0.69 sys=0.01, real=0.06 secs] 
2014-04-09T14:14:00.922+0900: 60.571: [GC (Allocation Failure) 60.571: [ParNew: 59008K->6528K(59008K), 0.0610726 secs] 4366654K->4322804K(25159296K), 0.0614243 secs] [Times: user=0.68 sys=0.03, real=0.06 secs] 
2014-04-09T14:14:01.022+0900: 60.671: [GC (Allocation Failure) 60.671: [ParNew: 59008K->6528K(59008K), 0.0581460 secs] 4375284K->4331091K(25159296K), 0.0584995 secs] [Times: user=0.67 sys=0.01, real=0.06 secs] 
2014-04-09T14:14:01.118+0900: 60.767: [GC (Allocation Failure) 60.767: [ParNew: 59008K->6528K(59008K), 0.0581063 secs] 4383571K->4340195K(25159296K), 0.0584599 secs] [Times: user=0.67 sys=0.01, real=0.06 secs] 
2014-04-09T14:14:01.214+0900: 60.863: [GC (Allocation Failure) 60.864: [ParNew: 59008K->6528K(59008K), 0.0598413 secs] 4392675K->4349087K(25159296K), 0.0601911 secs] [Times: user=0.70 sys=0.01, real=0.06 secs] 
2014-04-09T14:14:01.312+0900: 60.961: [GC (Allocation Failure) 60.961: [ParNew: 59008K->6528K(59008K), 0.0614610 secs] 4401567K->4358140K(25159296K), 0.0618212 secs] [Times: user=0.72 sys=0.01, real=0.06 secs] 
2014-04-09T14:14:01.411+0900: 61.060: [GC (Allocation Failure) 61.060: [ParNew: 59008K->6528K(59008K), 0.0514485 secs] 4410620K->4366112K(25159296K), 0.0518207 secs] [Times: user=0.57 sys=0.01, real=0.05 secs] 
2014-04-09T14:14:01.501+0900: 61.150: [GC (Allocation Failure) 61.150: [ParNew: 59008K->6528K(59008K), 0.0603385 secs] 4418592K->4375692K(25159296K), 0.0606999 secs] [Times: user=0.70 sys=0.01, real=0.06 secs] 
2014-04-09T14:14:01.601+0900: 61.250: [GC (Allocation Failure) 61.250: [ParNew: 59008K->6528K(59008K), 0.0530823 secs] 4428172K->4384105K(25159296K), 0.0534490 secs] [Times: user=0.61 sys=0.01, real=0.05 secs] 
2014-04-09T14:14:01.697+0900: 61.346: [GC (Allocation Failure) 61.346: [ParNew: 59008K->6528K(59008K), 0.0579194 secs] 4436585K->4393476K(25159296K), 0.0582809 secs] [Times: user=0.67 sys=0.01, real=0.06 secs] 
2014-04-09T14:14:01.793+0900: 61.442: [GC (Allocation Failure) 61.442: [ParNew: 59008K->6528K(59008K), 0.0608508 secs] 4445956K->4401689K(25159296K), 0.0612122 secs] [Times: user=0.71 sys=0.00, real=0.06 secs] 
2014-04-09T14:14:01.892+0900: 61.541: [GC (Allocation Failure) 61.541: [ParNew: 59008K->6528K(59008K), 0.0582020 secs] 4454169K->4411373K(25159296K), 0.0585644 secs] [Times: user=0.66 sys=0.00, real=0.06 secs] 
2014-04-09T14:14:01.991+0900: 61.640: [GC (Allocation Failure) 61.640: [ParNew: 59008K->6528K(59008K), 0.0607305 secs] 4463853K->4420005K(25159296K), 0.0610922 secs] [Times: user=0.71 sys=0.00, real=0.06 secs] 
2014-04-09T14:14:02.093+0900: 61.742: [GC (Allocation Failure) 61.742: [ParNew: 59008K->6528K(59008K), 0.0556654 secs] 4472485K->4428945K(25159296K), 0.0560305 secs] [Times: user=0.64 sys=0.01, real=0.06 secs] 
2014-04-09T14:14:02.187+0900: 61.836: [GC (Allocation Failure) 61.836: [ParNew: 59008K->6528K(59008K), 0.0580699 secs] 4481425K->4438261K(25159296K), 0.0584388 secs] [Times: user=0.65 sys=0.01, real=0.06 secs] 
2014-04-09T14:14:02.283+0900: 61.932: [GC (Allocation Failure) 61.932: [ParNew: 59008K->6528K(59008K), 0.0628596 secs] 4490741K->4446383K(25159296K), 0.0632202 secs] [Times: user=0.74 sys=0.01, real=0.06 secs] 
2014-04-09T14:14:02.390+0900: 62.039: [GC (Allocation Failure) 62.039: [ParNew: 59008K->6528K(59008K), 0.0597084 secs] 4498863K->4454889K(25159296K), 0.0600679 secs] [Times: user=0.68 sys=0.02, real=0.06 secs] 
2014-04-09T14:14:02.489+0900: 62.138: [GC (Allocation Failure) 62.138: [ParNew: 59008K->6528K(59008K), 0.0621695 secs] 4507369K->4463896K(25159296K), 0.0625315 secs] [Times: user=0.72 sys=0.01, real=0.06 secs] 
2014-04-09T14:14:02.590+0900: 62.239: [GC (Allocation Failure) 62.239: [ParNew: 59008K->6528K(59008K), 0.0588059 secs] 4516376K->4472547K(25159296K), 0.0591649 secs] [Times: user=0.67 sys=0.01, real=0.06 secs] 
2014-04-09T14:14:02.688+0900: 62.337: [GC (Allocation Failure) 62.337: [ParNew: 59008K->6528K(59008K), 0.0603991 secs] 4525027K->4481793K(25159296K), 0.0607671 secs] [Times: user=0.71 sys=0.01, real=0.07 secs] 
2014-04-09T14:14:02.786+0900: 62.435: [GC (Allocation Failure) 62.435: [ParNew: 59008K->6528K(59008K), 0.0596518 secs] 4534273K->4490924K(25159296K), 0.0600111 secs] [Times: user=0.69 sys=0.01, real=0.06 secs] 
2014-04-09T14:14:02.883+0900: 62.532: [GC (Allocation Failure) 62.532: [ParNew: 59008K->6528K(59008K), 0.0592825 secs] 4543404K->4500286K(25159296K), 0.0596634 secs] [Times: user=0.68 sys=0.01, real=0.06 secs] 
2014-04-09T14:14:02.982+0900: 62.632: [GC (Allocation Failure) 62.632: [ParNew: 59008K->6528K(59008K), 0.0615731 secs] 4552766K->4508665K(25159296K), 0.0619425 secs] [Times: user=0.72 sys=0.01, real=0.06 secs] 
2014-04-09T14:14:03.081+0900: 62.730: [GC (Allocation Failure) 62.730: [ParNew: 59008K->6528K(59008K), 0.0648222 secs] 4561145K->4517841K(25159296K), 0.0651709 secs] [Times: user=0.76 sys=0.01, real=0.06 secs] 
2014-04-09T14:14:03.183+0900: 62.832: [GC (Allocation Failure) 62.832: [ParNew: 59008K->6528K(59008K), 0.0527751 secs] 4570321K->4525912K(25159296K), 0.0531420 secs] [Times: user=0.59 sys=0.01, real=0.05 secs] 
2014-04-09T14:14:03.279+0900: 62.928: [GC (Allocation Failure) 62.928: [ParNew: 59008K->6528K(59008K), 0.0524120 secs] 4578392K->4535626K(25159296K), 0.0527584 secs] [Times: user=0.60 sys=0.00, real=0.05 secs] 
2014-04-09T14:14:03.371+0900: 63.020: [GC (Allocation Failure) 63.020: [ParNew: 59008K->6528K(59008K), 0.0580866 secs] 4588106K->4544030K(25159296K), 0.0584450 secs] [Times: user=0.68 sys=0.01, real=0.06 secs] 
2014-04-09T14:14:03.474+0900: 63.123: [GC (Allocation Failure) 63.123: [ParNew: 59008K->6528K(59008K), 0.0662618 secs] 4596510K->4552007K(25159296K), 0.0666086 secs] [Times: user=0.77 sys=0.02, real=0.07 secs] 
2014-04-09T14:14:03.582+0900: 63.231: [GC (Allocation Failure) 63.231: [ParNew: 59008K->6528K(59008K), 0.0611228 secs] 4604487K->4561232K(25159296K), 0.0614863 secs] [Times: user=0.71 sys=0.01, real=0.06 secs] 
2014-04-09T14:14:03.686+0900: 63.335: [GC (Allocation Failure) 63.335: [ParNew: 59008K->6528K(59008K), 0.0658870 secs] 4613712K->4569303K(25159296K), 0.0663883 secs] [Times: user=0.76 sys=0.01, real=0.07 secs] 
2014-04-09T14:14:03.791+0900: 63.440: [GC (Allocation Failure) 63.440: [ParNew: 59008K->6528K(59008K), 0.0577678 secs] 4621783K->4578373K(25159296K), 0.0581196 secs] [Times: user=0.66 sys=0.01, real=0.06 secs] 
2014-04-09T14:14:03.889+0900: 63.538: [GC (Allocation Failure) 63.538: [ParNew: 59008K->6528K(59008K), 0.0590314 secs] 4630853K->4586827K(25159296K), 0.0593920 secs] [Times: user=0.68 sys=0.01, real=0.06 secs] 
2014-04-09T14:14:03.992+0900: 63.641: [GC (Allocation Failure) 63.641: [ParNew: 59008K->6528K(59008K), 0.0617880 secs] 4639307K->4595522K(25159296K), 0.0621624 secs] [Times: user=0.72 sys=0.01, real=0.06 secs] 
2014-04-09T14:14:04.098+0900: 63.747: [GC (Allocation Failure) 63.748: [ParNew: 59008K->6528K(59008K), 0.0575832 secs] 4648002K->4604208K(25159296K), 0.0579568 secs] [Times: user=0.66 sys=0.01, real=0.06 secs] 
2014-04-09T14:14:04.196+0900: 63.846: [GC (Allocation Failure) 63.846: [ParNew: 59008K->6528K(59008K), 0.0574474 secs] 4656688K->4611992K(25159296K), 0.0578134 secs] [Times: user=0.67 sys=0.01, real=0.06 secs] 
2014-04-09T14:14:04.292+0900: 63.941: [GC (Allocation Failure) 63.941: [ParNew: 59008K->6528K(59008K), 0.0621475 secs] 4664472K->4620586K(25159296K), 0.0625026 secs] [Times: user=0.71 sys=0.02, real=0.06 secs] 
2014-04-09T14:14:04.392+0900: 64.041: [GC (Allocation Failure) 64.041: [ParNew: 59008K->6528K(59008K), 0.0567188 secs] 4673066K->4629812K(25159296K), 0.0570746 secs] [Times: user=0.64 sys=0.01, real=0.05 secs] 
2014-04-09T14:14:04.488+0900: 64.137: [GC (Allocation Failure) 64.137: [ParNew: 59008K->6528K(59008K), 0.0605064 secs] 4682292K->4638088K(25159296K), 0.0608628 secs] [Times: user=0.69 sys=0.01, real=0.06 secs] 
2014-04-09T14:14:04.588+0900: 64.237: [GC (Allocation Failure) 64.237: [ParNew: 59008K->6528K(59008K), 0.0593114 secs] 4690568K->4646938K(25159296K), 0.0596716 secs] [Times: user=0.70 sys=0.01, real=0.06 secs] 
2014-04-09T14:14:04.687+0900: 64.336: [GC (Allocation Failure) 64.336: [ParNew: 59008K->6528K(59008K), 0.0590706 secs] 4699418K->4655602K(25159296K), 0.0594257 secs] [Times: user=0.69 sys=0.01, real=0.06 secs] 
2014-04-09T14:14:04.789+0900: 64.438: [GC (Allocation Failure) 64.439: [ParNew: 59008K->6528K(59008K), 0.0528280 secs] 4708082K->4663958K(25159296K), 0.0531880 secs] [Times: user=0.60 sys=0.00, real=0.05 secs] 
2014-04-09T14:14:04.885+0900: 64.534: [GC (Allocation Failure) 64.535: [ParNew: 59008K->6528K(59008K), 0.0577981 secs] 4716438K->4673257K(25159296K), 0.0581452 secs] [Times: user=0.67 sys=0.01, real=0.06 secs] 
2014-04-09T14:14:04.981+0900: 64.631: [GC (Allocation Failure) 64.631: [ParNew: 59008K->6528K(59008K), 0.0592952 secs] 4725737K->4681528K(25159296K), 0.0596471 secs] [Times: user=0.64 sys=0.01, real=0.06 secs] 
2014-04-09T14:14:05.083+0900: 64.732: [GC (Allocation Failure) 64.732: [ParNew: 59008K->6528K(59008K), 0.0581750 secs] 4734008K->4690462K(25159296K), 0.0585306 secs] [Times: user=0.67 sys=0.00, real=0.06 secs] 
2014-04-09T14:14:05.181+0900: 64.830: [GC (Allocation Failure) 64.830: [ParNew: 59008K->6528K(59008K), 0.0658545 secs] 4742942K->4698730K(25159296K), 0.0662051 secs] [Times: user=0.76 sys=0.02, real=0.06 secs] 
2014-04-09T14:14:05.286+0900: 64.935: [GC (Allocation Failure) 64.935: [ParNew: 59008K->6528K(59008K), 0.0621784 secs] 4751210K->4707948K(25159296K), 0.0625376 secs] [Times: user=0.71 sys=0.01, real=0.06 secs] 
2014-04-09T14:14:05.387+0900: 65.036: [GC (Allocation Failure) 65.037: [ParNew: 59008K->6528K(59008K), 0.0610038 secs] 4760428K->4716727K(25159296K), 0.0613642 secs] [Times: user=0.71 sys=0.00, real=0.06 secs] 
2014-04-09T14:14:05.485+0900: 65.134: [GC (Allocation Failure) 65.134: [ParNew: 59008K->6528K(59008K), 0.0618086 secs] 4769207K->4725917K(25159296K), 0.0621846 secs] [Times: user=0.72 sys=0.01, real=0.06 secs] 
2014-04-09T14:14:05.586+0900: 65.235: [GC (Allocation Failure) 65.236: [ParNew: 59008K->6528K(59008K), 0.0543874 secs] 4778397K->4733698K(25159296K), 0.0547473 secs] [Times: user=0.62 sys=0.01, real=0.06 secs] 
2014-04-09T14:14:05.678+0900: 65.328: [GC (Allocation Failure) 65.328: [ParNew: 59008K->6528K(59008K), 0.0620032 secs] 4786178K->4743296K(25159296K), 0.0623649 secs] [Times: user=0.72 sys=0.01, real=0.07 secs] 
2014-04-09T14:14:05.778+0900: 65.427: [GC (Allocation Failure) 65.427: [ParNew: 59008K->6528K(59008K), 0.0579382 secs] 4795776K->4751759K(25159296K), 0.0582986 secs] [Times: user=0.67 sys=0.00, real=0.06 secs] 
2014-04-09T14:14:05.875+0900: 65.524: [GC (Allocation Failure) 65.524: [ParNew: 59008K->6528K(59008K), 0.0565783 secs] 4804239K->4761004K(25159296K), 0.0569469 secs] [Times: user=0.65 sys=0.01, real=0.06 secs] 
2014-04-09T14:14:05.970+0900: 65.619: [GC (Allocation Failure) 65.619: [ParNew: 59008K->6528K(59008K), 0.0482869 secs] 4813484K->4768800K(25159296K), 0.0486371 secs] [Times: user=0.55 sys=0.01, real=0.04 secs] 
2014-04-09T14:14:06.058+0900: 65.707: [GC (Allocation Failure) 65.707: [ParNew: 59007K->6528K(59008K), 0.0662972 secs] 4821280K->4777478K(25159296K), 0.0666509 secs] [Times: user=0.76 sys=0.01, real=0.07 secs] 
2014-04-09T14:14:06.162+0900: 65.811: [GC (Allocation Failure) 65.812: [ParNew: 59008K->6528K(59008K), 0.0653179 secs] 4829958K->4786304K(25159296K), 0.0656702 secs] [Times: user=0.75 sys=0.02, real=0.06 secs] 
2014-04-09T14:14:06.268+0900: 65.917: [GC (Allocation Failure) 65.918: [ParNew: 59008K->6528K(59008K), 0.0588927 secs] 4838784K->4795666K(25159296K), 0.0592430 secs] [Times: user=0.67 sys=0.01, real=0.06 secs] 
2014-04-09T14:14:06.367+0900: 66.016: [GC (Allocation Failure) 66.016: [ParNew: 59008K->6528K(59008K), 0.0526810 secs] 4848146K->4803653K(25159296K), 0.0530324 secs] [Times: user=0.59 sys=0.00, real=0.06 secs] 
2014-04-09T14:14:06.459+0900: 66.108: [GC (Allocation Failure) 66.108: [ParNew: 59008K->6528K(59008K), 0.0603198 secs] 4856133K->4812617K(25159296K), 0.0606804 secs] [Times: user=0.67 sys=0.01, real=0.07 secs] 
2014-04-09T14:14:06.557+0900: 66.206: [GC (Allocation Failure) 66.206: [ParNew: 59008K->6528K(59008K), 0.0575205 secs] 4865097K->4820595K(25159296K), 0.0578712 secs] [Times: user=0.66 sys=0.01, real=0.06 secs] 
2014-04-09T14:14:06.660+0900: 66.309: [GC (Allocation Failure) 66.309: [ParNew: 59008K->6528K(59008K), 0.0585410 secs] 4873075K->4829229K(25159296K), 0.0588845 secs] [Times: user=0.68 sys=0.01, real=0.05 secs] 
2014-04-09T14:14:06.758+0900: 66.407: [GC (Allocation Failure) 66.407: [ParNew: 59008K->6528K(59008K), 0.0597849 secs] 4881709K->4838865K(25159296K), 0.0601672 secs] [Times: user=0.69 sys=0.02, real=0.06 secs] 
2014-04-09T14:14:06.861+0900: 66.510: [GC (Allocation Failure) 66.510: [ParNew: 59008K->6528K(59008K), 0.0589851 secs] 4891345K->4847392K(25159296K), 0.0593312 secs] [Times: user=0.68 sys=0.01, real=0.06 secs] 
2014-04-09T14:14:06.958+0900: 66.607: [GC (Allocation Failure) 66.607: [ParNew: 59008K->6528K(59008K), 0.0598721 secs] 4899872K->4855159K(25159296K), 0.0602226 secs] [Times: user=0.69 sys=0.01, real=0.06 secs] 
2014-04-09T14:14:07.055+0900: 66.704: [GC (Allocation Failure) 66.705: [ParNew: 59008K->6528K(59008K), 0.0547230 secs] 4907639K->4863317K(25159296K), 0.0550893 secs] [Times: user=0.62 sys=0.01, real=0.06 secs] 
2014-04-09T14:14:07.149+0900: 66.798: [GC (Allocation Failure) 66.798: [ParNew: 59008K->6528K(59008K), 0.0586607 secs] 4915797K->4872562K(25159296K), 0.0590095 secs] [Times: user=0.68 sys=0.01, real=0.06 secs] 
2014-04-09T14:14:07.248+0900: 66.897: [GC (Allocation Failure) 66.897: [ParNew: 59008K->6528K(59008K), 0.0512980 secs] 4925042K->4881432K(25159296K), 0.0516519 secs] [Times: user=0.58 sys=0.01, real=0.06 secs] 
2014-04-09T14:14:07.337+0900: 66.986: [GC (Allocation Failure) 66.986: [ParNew: 59008K->6528K(59008K), 0.0573932 secs] 4933912K->4890872K(25159296K), 0.0577607 secs] [Times: user=0.66 sys=0.01, real=0.06 secs] 
2014-04-09T14:14:07.441+0900: 67.090: [GC (Allocation Failure) 67.090: [ParNew: 59008K->6528K(59008K), 0.0639191 secs] 4943352K->4899391K(25159296K), 0.0642782 secs] [Times: user=0.74 sys=0.02, real=0.06 secs] 
2014-04-09T14:14:07.544+0900: 67.193: [GC (Allocation Failure) 67.193: [ParNew: 59008K->6528K(59008K), 0.0571994 secs] 4951871K->4907858K(25159296K), 0.0575623 secs] [Times: user=0.65 sys=0.00, real=0.06 secs] 
2014-04-09T14:14:07.640+0900: 67.289: [GC (Allocation Failure) 67.289: [ParNew: 59008K->6528K(59008K), 0.0587328 secs] 4960338K->4916628K(25159296K), 0.0590933 secs] [Times: user=0.68 sys=0.01, real=0.05 secs] 
2014-04-09T14:14:07.739+0900: 67.389: [GC (Allocation Failure) 67.389: [ParNew: 59008K->6528K(59008K), 0.0600725 secs] 4969108K->4925884K(25159296K), 0.0604344 secs] [Times: user=0.70 sys=0.01, real=0.06 secs] 
2014-04-09T14:14:07.839+0900: 67.488: [GC (Allocation Failure) 67.488: [ParNew: 59008K->6528K(59008K), 0.0621218 secs] 4978364K->4934220K(25159296K), 0.0624804 secs] [Times: user=0.72 sys=0.01, real=0.07 secs] 
2014-04-09T14:14:07.944+0900: 67.594: [GC (Allocation Failure) 67.594: [ParNew: 59008K->6528K(59008K), 0.0606886 secs] 4986700K->4943142K(25159296K), 0.0610449 secs] [Times: user=0.71 sys=0.00, real=0.06 secs] 
2014-04-09T14:14:08.050+0900: 67.699: [GC (Allocation Failure) 67.699: [ParNew: 59000K->6528K(59008K), 0.0582636 secs] 4995615K->4951489K(25159296K), 0.0586252 secs] [Times: user=0.67 sys=0.01, real=0.05 secs] 
2014-04-09T14:14:08.147+0900: 67.796: [GC (Allocation Failure) 67.797: [ParNew: 59008K->6528K(59008K), 0.0589376 secs] 5003969K->4960487K(25159296K), 0.0592997 secs] [Times: user=0.68 sys=0.01, real=0.06 secs] 
2014-04-09T14:14:08.247+0900: 67.896: [GC (Allocation Failure) 67.897: [ParNew: 59008K->6528K(59008K), 0.0591991 secs] 5012967K->4969639K(25159296K), 0.0595732 secs] [Times: user=0.67 sys=0.01, real=0.06 secs] 
2014-04-09T14:14:08.354+0900: 68.003: [GC (Allocation Failure) 68.003: [ParNew: 59008K->6528K(59008K), 0.0609567 secs] 5022119K->4979383K(25159296K), 0.0613027 secs] [Times: user=0.70 sys=0.01, real=0.06 secs] 
2014-04-09T14:14:08.454+0900: 68.103: [GC (Allocation Failure) 68.103: [ParNew: 59008K->6528K(59008K), 0.0584732 secs] 5031863K->4987627K(25159296K), 0.0588302 secs] [Times: user=0.68 sys=0.00, real=0.06 secs] 
2014-04-09T14:14:08.550+0900: 68.199: [GC (Allocation Failure) 68.200: [ParNew: 59008K->6528K(59008K), 0.0558941 secs] 5040107K->4995974K(25159296K), 0.0562545 secs] [Times: user=0.65 sys=0.00, real=0.05 secs] 
2014-04-09T14:14:08.647+0900: 68.296: [GC (Allocation Failure) 68.296: [ParNew: 59008K->6528K(59008K), 0.0611093 secs] 5048454K->5005162K(25159296K), 0.0614777 secs] [Times: user=0.70 sys=0.01, real=0.06 secs] 
2014-04-09T14:14:08.748+0900: 68.397: [GC (Allocation Failure) 68.398: [ParNew: 59008K->6528K(59008K), 0.0618924 secs] 5057642K->5013043K(25159296K), 0.0622549 secs] [Times: user=0.72 sys=0.02, real=0.07 secs] 
2014-04-09T14:14:08.851+0900: 68.500: [GC (Allocation Failure) 68.500: [ParNew: 59008K->6528K(59008K), 0.0602796 secs] 5065523K->5022503K(25159296K), 0.0606533 secs] [Times: user=0.69 sys=0.01, real=0.06 secs] 
2014-04-09T14:14:08.950+0900: 68.599: [GC (Allocation Failure) 68.599: [ParNew: 59008K->6528K(59008K), 0.0535281 secs] 5074983K->5030888K(25159296K), 0.0538991 secs] [Times: user=0.60 sys=0.01, real=0.05 secs] 
2014-04-09T14:14:09.043+0900: 68.692: [GC (Allocation Failure) 68.692: [ParNew: 59008K->6528K(59008K), 0.0541136 secs] 5083368K->5038953K(25159296K), 0.0544757 secs] [Times: user=0.61 sys=0.01, real=0.05 secs] 
2014-04-09T14:14:09.138+0900: 68.787: [GC (Allocation Failure) 68.787: [ParNew: 59008K->6528K(59008K), 0.0559435 secs] 5091433K->5047323K(25159296K), 0.0563073 secs] [Times: user=0.65 sys=0.01, real=0.06 secs] 
2014-04-09T14:14:09.232+0900: 68.881: [GC (Allocation Failure) 68.882: [ParNew: 59008K->6528K(59008K), 0.0581382 secs] 5099803K->5056216K(25159296K), 0.0584903 secs] [Times: user=0.65 sys=0.01, real=0.06 secs] 
2014-04-09T14:14:09.330+0900: 68.979: [GC (Allocation Failure) 68.979: [ParNew: 59008K->6528K(59008K), 0.0588114 secs] 5108696K->5065227K(25159296K), 0.0591609 secs] [Times: user=0.68 sys=0.01, real=0.05 secs] 
2014-04-09T14:14:09.426+0900: 69.075: [GC (Allocation Failure) 69.075: [ParNew: 59008K->6528K(59008K), 0.0553382 secs] 5117707K->5074451K(25159296K), 0.0556891 secs] [Times: user=0.62 sys=0.01, real=0.06 secs] 
2014-04-09T14:14:09.523+0900: 69.172: [GC (Allocation Failure) 69.172: [ParNew: 59008K->6528K(59008K), 0.0544501 secs] 5126931K->5082372K(25159296K), 0.0548216 secs] [Times: user=0.63 sys=0.00, real=0.05 secs] 
2014-04-09T14:14:09.617+0900: 69.266: [GC (Allocation Failure) 69.266: [ParNew: 59008K->6528K(59008K), 0.0672570 secs] 5134852K->5090794K(25159296K), 0.0676104 secs] [Times: user=0.77 sys=0.02, real=0.07 secs] 
2014-04-09T14:14:09.721+0900: 69.371: [GC (Allocation Failure) 69.371: [ParNew: 59008K->6528K(59008K), 0.0586744 secs] 5143274K->5100072K(25159296K), 0.0590265 secs] [Times: user=0.69 sys=0.01, real=0.06 secs] 
2014-04-09T14:14:09.818+0900: 69.467: [GC (Allocation Failure) 69.468: [ParNew: 59008K->6528K(59008K), 0.0591954 secs] 5152552K->5108551K(25159296K), 0.0595531 secs] [Times: user=0.69 sys=0.00, real=0.06 secs] 
2014-04-09T14:14:09.916+0900: 69.565: [GC (Allocation Failure) 69.565: [ParNew: 59008K->6528K(59008K), 0.0521495 secs] 5161031K->5116630K(25159296K), 0.0525022 secs] [Times: user=0.58 sys=0.01, real=0.05 secs] 
2014-04-09T14:14:10.007+0900: 69.656: [GC (Allocation Failure) 69.656: [ParNew: 59008K->6528K(59008K), 0.0565192 secs] 5169110K->5126065K(25159296K), 0.0568708 secs] [Times: user=0.65 sys=0.00, real=0.06 secs] 
2014-04-09T14:14:10.107+0900: 69.756: [GC (Allocation Failure) 69.756: [ParNew: 59008K->6528K(59008K), 0.0563273 secs] 5178545K->5134863K(25159296K), 0.0566746 secs] [Times: user=0.65 sys=0.01, real=0.06 secs] 
2014-04-09T14:14:10.202+0900: 69.851: [GC (Allocation Failure) 69.851: [ParNew: 59008K->6528K(59008K), 0.0495686 secs] 5187343K->5142952K(25159296K), 0.0499199 secs] [Times: user=0.55 sys=0.01, real=0.05 secs] 
2014-04-09T14:14:10.291+0900: 69.940: [GC (Allocation Failure) 69.940: [ParNew: 59008K->6528K(59008K), 0.0616856 secs] 5195432K->5152866K(25159296K), 0.0620430 secs] [Times: user=0.71 sys=0.01, real=0.06 secs] 
2014-04-09T14:14:10.391+0900: 70.040: [GC (Allocation Failure) 70.040: [ParNew: 59008K->6528K(59008K), 0.0625838 secs] 5205346K->5161381K(25159296K), 0.0629346 secs] [Times: user=0.72 sys=0.01, real=0.06 secs] 
2014-04-09T14:14:10.496+0900: 70.145: [GC (Allocation Failure) 70.145: [ParNew: 59008K->6528K(59008K), 0.0595586 secs] 5213861K->5170631K(25159296K), 0.0599106 secs] [Times: user=0.68 sys=0.01, real=0.06 secs] 
2014-04-09T14:14:10.598+0900: 70.248: [GC (Allocation Failure) 70.248: [ParNew: 59008K->6528K(59008K), 0.0632954 secs] 5223111K->5178125K(25159296K), 0.0636418 secs] [Times: user=0.73 sys=0.01, real=0.07 secs] 
2014-04-09T14:14:10.701+0900: 70.350: [GC (Allocation Failure) 70.350: [ParNew: 59008K->6528K(59008K), 0.0528137 secs] 5230605K->5186774K(25159296K), 0.0531770 secs] [Times: user=0.59 sys=0.01, real=0.05 secs] 
2014-04-09T14:14:10.789+0900: 70.438: [GC (Allocation Failure) 70.439: [ParNew: 59008K->6528K(59008K), 0.0555008 secs] 5239254K->5195579K(25159296K), 0.0558629 secs] [Times: user=0.64 sys=0.01, real=0.05 secs] 
2014-04-09T14:14:10.883+0900: 70.532: [GC (Allocation Failure) 70.532: [ParNew: 59008K->6528K(59008K), 0.0575004 secs] 5248059K->5205322K(25159296K), 0.0578631 secs] [Times: user=0.66 sys=0.01, real=0.06 secs] 
2014-04-09T14:14:10.979+0900: 70.628: [GC (Allocation Failure) 70.628: [ParNew: 59008K->6528K(59008K), 0.0552792 secs] 5257802K->5214046K(25159296K), 0.0556481 secs] [Times: user=0.65 sys=0.01, real=0.06 secs] 
2014-04-09T14:14:11.073+0900: 70.722: [GC (Allocation Failure) 70.723: [ParNew: 59008K->6528K(59008K), 0.0545317 secs] 5266526K->5221987K(25159296K), 0.0548984 secs] [Times: user=0.64 sys=0.00, real=0.05 secs] 
2014-04-09T14:14:11.169+0900: 70.818: [GC (Allocation Failure) 70.818: [ParNew: 59008K->6528K(59008K), 0.0615771 secs] 5274467K->5231183K(25159296K), 0.0619377 secs] [Times: user=0.72 sys=0.01, real=0.07 secs] 
2014-04-09T14:14:11.269+0900: 70.918: [GC (Allocation Failure) 70.918: [ParNew: 59008K->6528K(59008K), 0.0536203 secs] 5283663K->5238858K(25159296K), 0.0539808 secs] [Times: user=0.62 sys=0.01, real=0.06 secs] 
2014-04-09T14:14:11.361+0900: 71.010: [GC (Allocation Failure) 71.011: [ParNew: 59008K->6528K(59008K), 0.0639149 secs] 5291338K->5248210K(25159296K), 0.0642645 secs] [Times: user=0.73 sys=0.01, real=0.06 secs] 
2014-04-09T14:14:11.468+0900: 71.117: [GC (Allocation Failure) 71.117: [ParNew: 59008K->6528K(59008K), 0.0560829 secs] 5300690K->5257766K(25159296K), 0.0564318 secs] [Times: user=0.65 sys=0.01, real=0.06 secs] 
2014-04-09T14:14:11.561+0900: 71.210: [GC (Allocation Failure) 71.210: [ParNew: 59008K->6528K(59008K), 0.0570903 secs] 5310246K->5266386K(25159296K), 0.0574402 secs] [Times: user=0.67 sys=0.00, real=0.05 secs] 
2014-04-09T14:14:11.657+0900: 71.306: [GC (Allocation Failure) 71.306: [ParNew: 59008K->6528K(59008K), 0.0592471 secs] 5318866K->5274455K(25159296K), 0.0595992 secs] [Times: user=0.69 sys=0.01, real=0.06 secs] 
2014-04-09T14:14:11.753+0900: 71.402: [GC (Allocation Failure) 71.403: [ParNew: 59008K->6528K(59008K), 0.0557596 secs] 5326935K->5283563K(25159296K), 0.0561172 secs] [Times: user=0.64 sys=0.01, real=0.05 secs] 
2014-04-09T14:14:11.852+0900: 71.501: [GC (Allocation Failure) 71.501: [ParNew: 59008K->6528K(59008K), 0.0579277 secs] 5336043K->5292046K(25159296K), 0.0582874 secs] [Times: user=0.67 sys=0.01, real=0.05 secs] 
2014-04-09T14:14:11.953+0900: 71.602: [GC (Allocation Failure) 71.602: [ParNew: 59008K->6528K(59008K), 0.0608618 secs] 5344526K->5301645K(25159296K), 0.0612183 secs] [Times: user=0.74 sys=0.01, real=0.06 secs] 
2014-04-09T14:14:12.054+0900: 71.703: [GC (Allocation Failure) 71.703: [ParNew: 59008K->6528K(59008K), 0.0551584 secs] 5354125K->5311064K(25159296K), 0.0555214 secs] [Times: user=0.65 sys=0.01, real=0.05 secs] 
2014-04-09T14:14:12.149+0900: 71.798: [GC (Allocation Failure) 71.798: [ParNew: 59008K->6528K(59008K), 0.0555852 secs] 5363544K->5318488K(25159296K), 0.0559439 secs] [Times: user=0.64 sys=0.02, real=0.06 secs] 
2014-04-09T14:14:12.246+0900: 71.895: [GC (Allocation Failure) 71.895: [ParNew: 59008K->6528K(59008K), 0.0556438 secs] 5370968K->5327372K(25159296K), 0.0560059 secs] [Times: user=0.64 sys=0.01, real=0.06 secs] 
2014-04-09T14:14:12.342+0900: 71.992: [GC (Allocation Failure) 71.992: [ParNew: 58975K->6528K(59008K), 0.0556074 secs] 5379820K->5336512K(25159296K), 0.0559666 secs] [Times: user=0.64 sys=0.00, real=0.05 secs] 
2014-04-09T14:14:12.439+0900: 72.088: [GC (Allocation Failure) 72.088: [ParNew: 59008K->6528K(59008K), 0.0615875 secs] 5388992K->5344482K(25159296K), 0.0619686 secs] [Times: user=0.73 sys=0.01, real=0.07 secs] 
2014-04-09T14:14:12.541+0900: 72.190: [GC (Allocation Failure) 72.190: [ParNew: 59008K->6528K(59008K), 0.0610803 secs] 5396962K->5353537K(25159296K), 0.0614279 secs] [Times: user=0.69 sys=0.02, real=0.06 secs] 
2014-04-09T14:14:12.645+0900: 72.294: [GC (Allocation Failure) 72.294: [ParNew: 59008K->6528K(59008K), 0.0611589 secs] 5406017K->5360544K(25159296K), 0.0615038 secs] [Times: user=0.72 sys=0.01, real=0.06 secs] 
2014-04-09T14:14:12.747+0900: 72.396: [GC (Allocation Failure) 72.396: [ParNew: 59008K->6528K(59008K), 0.0676717 secs] 5413024K->5369952K(25159296K), 0.0680360 secs] [Times: user=0.77 sys=0.02, real=0.07 secs] 
2014-04-09T14:14:12.857+0900: 72.506: [GC (Allocation Failure) 72.506: [ParNew: 59008K->6528K(59008K), 0.0641606 secs] 5422432K->5378623K(25159296K), 0.0645089 secs] [Times: user=0.73 sys=0.02, real=0.07 secs] 
2014-04-09T14:14:12.962+0900: 72.611: [GC (Allocation Failure) 72.611: [ParNew: 59008K->6528K(59008K), 0.0614350 secs] 5431103K->5387278K(25159296K), 0.0617905 secs] [Times: user=0.70 sys=0.01, real=0.06 secs] 
2014-04-09T14:14:13.063+0900: 72.712: [GC (Allocation Failure) 72.713: [ParNew: 59008K->6528K(59008K), 0.0632436 secs] 5439758K->5395870K(25159296K), 0.0635918 secs] [Times: user=0.73 sys=0.01, real=0.06 secs] 
2014-04-09T14:14:13.168+0900: 72.817: [GC (Allocation Failure) 72.817: [ParNew: 59008K->6528K(59008K), 0.0555965 secs] 5448350K->5404531K(25159296K), 0.0559467 secs] [Times: user=0.65 sys=0.01, real=0.06 secs] 
2014-04-09T14:14:13.264+0900: 72.913: [GC (Allocation Failure) 72.913: [ParNew: 59008K->6528K(59008K), 0.0581834 secs] 5457011K->5413375K(25159296K), 0.0585387 secs] [Times: user=0.68 sys=0.01, real=0.06 secs] 
2014-04-09T14:14:13.360+0900: 73.009: [GC (Allocation Failure) 73.010: [ParNew: 59008K->6528K(59008K), 0.0652635 secs] 5465855K->5422101K(25159296K), 0.0656099 secs] [Times: user=0.75 sys=0.02, real=0.06 secs] 
2014-04-09T14:14:13.467+0900: 73.116: [GC (Allocation Failure) 73.117: [ParNew: 59008K->6528K(59008K), 0.0652785 secs] 5474581K->5431229K(25159296K), 0.0656399 secs] [Times: user=0.75 sys=0.01, real=0.07 secs] 
2014-04-09T14:14:13.574+0900: 73.223: [GC (Allocation Failure) 73.223: [ParNew: 59008K->6528K(59008K), 0.0572752 secs] 5483709K->5440114K(25159296K), 0.0576285 secs] [Times: user=0.67 sys=0.00, real=0.06 secs] 
2014-04-09T14:14:13.675+0900: 73.324: [GC (Allocation Failure) 73.324: [ParNew: 59008K->6528K(59008K), 0.0621188 secs] 5492594K->5448230K(25159296K), 0.0624704 secs] [Times: user=0.71 sys=0.02, real=0.06 secs] 
2014-04-09T14:14:13.776+0900: 73.425: [GC (Allocation Failure) 73.425: [ParNew: 59008K->6528K(59008K), 0.0514926 secs] 5500710K->5456767K(25159296K), 0.0518445 secs] [Times: user=0.59 sys=0.00, real=0.05 secs] 
2014-04-09T14:14:13.867+0900: 73.516: [GC (Allocation Failure) 73.516: [ParNew: 59008K->6528K(59008K), 0.0585054 secs] 5509247K->5466781K(25159296K), 0.0588415 secs] [Times: user=0.66 sys=0.01, real=0.06 secs] 
2014-04-09T14:14:13.964+0900: 73.613: [GC (Allocation Failure) 73.613: [ParNew: 59008K->6528K(59008K), 0.0640205 secs] 5519261K->5475289K(25159296K), 0.0643681 secs] [Times: user=0.75 sys=0.00, real=0.06 secs] 
2014-04-09T14:14:14.069+0900: 73.718: [GC (Allocation Failure) 73.718: [ParNew: 59008K->6528K(59008K), 0.0555474 secs] 5527769K->5485105K(25159296K), 0.0558975 secs] [Times: user=0.65 sys=0.00, real=0.06 secs] 
2014-04-09T14:14:14.166+0900: 73.815: [GC (Allocation Failure) 73.815: [ParNew: 59008K->6528K(59008K), 0.0597607 secs] 5537585K->5492256K(25159296K), 0.0601065 secs] [Times: user=0.69 sys=0.01, real=0.06 secs] 
2014-04-09T14:14:14.265+0900: 73.915: [GC (Allocation Failure) 73.915: [ParNew: 59008K->6528K(59008K), 0.0624724 secs] 5544736K->5501463K(25159296K), 0.0628233 secs] [Times: user=0.72 sys=0.01, real=0.06 secs] 
2014-04-09T14:14:14.368+0900: 74.017: [GC (Allocation Failure) 74.017: [ParNew: 59008K->6528K(59008K), 0.0584560 secs] 5553943K->5511085K(25159296K), 0.0587970 secs] [Times: user=0.66 sys=0.01, real=0.06 secs] 
2014-04-09T14:14:14.467+0900: 74.116: [GC (Allocation Failure) 74.116: [ParNew: 59008K->6528K(59008K), 0.0553397 secs] 5563565K->5519246K(25159296K), 0.0556847 secs] [Times: user=0.65 sys=0.01, real=0.06 secs] 
2014-04-09T14:14:14.560+0900: 74.209: [GC (Allocation Failure) 74.209: [ParNew: 59008K->6528K(59008K), 0.0585194 secs] 5571726K->5528369K(25159296K), 0.0588709 secs] [Times: user=0.67 sys=0.02, real=0.06 secs] 
2014-04-09T14:14:14.663+0900: 74.312: [GC (Allocation Failure) 74.312: [ParNew: 59008K->6528K(59008K), 0.0549974 secs] 5580849K->5536319K(25159296K), 0.0553350 secs] [Times: user=0.63 sys=0.02, real=0.05 secs] 
2014-04-09T14:14:14.773+0900: 74.422: [GC (Allocation Failure) 74.423: [ParNew: 59008K->6528K(59008K), 0.0590084 secs] 5588799K->5545179K(25159296K), 0.0593442 secs] [Times: user=0.68 sys=0.01, real=0.06 secs] 
2014-04-09T14:14:14.874+0900: 74.523: [GC (Allocation Failure) 74.523: [ParNew: 59008K->6528K(59008K), 0.0575100 secs] 5597659K->5554136K(25159296K), 0.0578504 secs] [Times: user=0.67 sys=0.00, real=0.06 secs] 
2014-04-09T14:14:14.970+0900: 74.619: [GC (Allocation Failure) 74.619: [ParNew: 59008K->6528K(59008K), 0.0558241 secs] 5606616K->5563295K(25159296K), 0.0561838 secs] [Times: user=0.66 sys=0.00, real=0.06 secs] 
2014-04-09T14:14:15.069+0900: 74.718: [GC (Allocation Failure) 74.718: [ParNew: 59008K->6528K(59008K), 0.0592152 secs] 5615775K->5572552K(25159296K), 0.0595540 secs] [Times: user=0.69 sys=0.01, real=0.06 secs] 
2014-04-09T14:14:15.170+0900: 74.819: [GC (Allocation Failure) 74.819: [ParNew: 58924K->6528K(59008K), 0.0582616 secs] 5624948K->5580529K(25159296K), 0.0586081 secs] [Times: user=0.68 sys=0.01, real=0.06 secs] 
2014-04-09T14:14:15.267+0900: 74.916: [GC (Allocation Failure) 74.917: [ParNew: 59008K->6528K(59008K), 0.0557892 secs] 5633009K->5589194K(25159296K), 0.0561402 secs] [Times: user=0.66 sys=0.00, real=0.06 secs] 
2014-04-09T14:14:15.362+0900: 75.012: [GC (Allocation Failure) 75.012: [ParNew: 59008K->6528K(59008K), 0.0553318 secs] 5641674K->5598796K(25159296K), 0.0556840 secs] [Times: user=0.63 sys=0.01, real=0.05 secs] 
2014-04-09T14:14:15.457+0900: 75.106: [GC (Allocation Failure) 75.106: [ParNew: 59008K->6528K(59008K), 0.0634618 secs] 5651276K->5607387K(25159296K), 0.0638117 secs] [Times: user=0.74 sys=0.01, real=0.07 secs] 
2014-04-09T14:14:15.560+0900: 75.209: [GC (Allocation Failure) 75.210: [ParNew: 59008K->6528K(59008K), 0.0484544 secs] 5659867K->5615795K(25159296K), 0.0488068 secs] [Times: user=0.55 sys=0.01, real=0.04 secs] 
2014-04-09T14:14:15.647+0900: 75.296: [GC (Allocation Failure) 75.296: [ParNew: 59008K->6528K(59008K), 0.0596569 secs] 5668275K->5623890K(25159296K), 0.0600047 secs] [Times: user=0.70 sys=0.01, real=0.06 secs] 
2014-04-09T14:14:15.746+0900: 75.395: [GC (Allocation Failure) 75.395: [ParNew: 59008K->6528K(59008K), 0.0537865 secs] 5676370K->5632256K(25159296K), 0.0541556 secs] [Times: user=0.63 sys=0.01, real=0.06 secs] 
2014-04-09T14:14:15.838+0900: 75.487: [GC (Allocation Failure) 75.487: [ParNew: 59008K->6528K(59008K), 0.0659352 secs] 5684736K->5640751K(25159296K), 0.0662951 secs] [Times: user=0.77 sys=0.01, real=0.07 secs] 
2014-04-09T14:14:15.943+0900: 75.592: [GC (Allocation Failure) 75.593: [ParNew: 59008K->6528K(59008K), 0.0580556 secs] 5693231K->5650298K(25159296K), 0.0584068 secs] [Times: user=0.67 sys=0.02, real=0.06 secs] 
2014-04-09T14:14:16.046+0900: 75.695: [GC (Allocation Failure) 75.695: [ParNew: 59008K->6528K(59008K), 0.0594341 secs] 5702778K->5660182K(25159296K), 0.0597824 secs] [Times: user=0.69 sys=0.01, real=0.06 secs] 
2014-04-09T14:14:16.145+0900: 75.794: [GC (Allocation Failure) 75.794: [ParNew: 59008K->6528K(59008K), 0.0584257 secs] 5712662K->5666674K(25159296K), 0.0587670 secs] [Times: user=0.69 sys=0.00, real=0.06 secs] 
2014-04-09T14:14:16.244+0900: 75.893: [GC (Allocation Failure) 75.893: [ParNew: 59008K->6528K(59008K), 0.0587694 secs] 5719154K->5675569K(25159296K), 0.0591117 secs] [Times: user=0.68 sys=0.01, real=0.06 secs] 
2014-04-09T14:14:16.341+0900: 75.990: [GC (Allocation Failure) 75.991: [ParNew: 59008K->6528K(59008K), 0.0531233 secs] 5728049K->5684390K(25159296K), 0.0534770 secs] [Times: user=0.60 sys=0.00, real=0.05 secs] 
2014-04-09T14:14:16.433+0900: 76.082: [GC (Allocation Failure) 76.082: [ParNew: 59008K->6528K(59008K), 0.0554776 secs] 5736870K->5693111K(25159296K), 0.0558175 secs] [Times: user=0.64 sys=0.01, real=0.05 secs] 
2014-04-09T14:14:16.527+0900: 76.177: [GC (Allocation Failure) 76.177: [ParNew: 59008K->6528K(59008K), 0.0587698 secs] 5745591K->5702337K(25159296K), 0.0591126 secs] [Times: user=0.68 sys=0.01, real=0.06 secs] 
2014-04-09T14:14:16.626+0900: 76.275: [GC (Allocation Failure) 76.275: [ParNew: 59008K->6528K(59008K), 0.0604681 secs] 5754817K->5710896K(25159296K), 0.0608103 secs] [Times: user=0.71 sys=0.01, real=0.06 secs] 
2014-04-09T14:14:16.726+0900: 76.375: [GC (Allocation Failure) 76.375: [ParNew: 59008K->6528K(59008K), 0.0500479 secs] 5763376K->5718250K(25159296K), 0.0503975 secs] [Times: user=0.57 sys=0.01, real=0.05 secs] 
2014-04-09T14:14:16.814+0900: 76.463: [GC (Allocation Failure) 76.463: [ParNew: 59008K->6527K(59008K), 0.0563855 secs] 5770730K->5727676K(25159296K), 0.0567350 secs] [Times: user=0.66 sys=0.01, real=0.06 secs] 
2014-04-09T14:14:16.911+0900: 76.560: [GC (Allocation Failure) 76.560: [ParNew: 59007K->6528K(59008K), 0.0636160 secs] 5780156K->5736506K(25159296K), 0.0639603 secs] [Times: user=0.74 sys=0.00, real=0.06 secs] 
2014-04-09T14:14:17.014+0900: 76.663: [GC (Allocation Failure) 76.664: [ParNew: 59008K->6528K(59008K), 0.0499975 secs] 5788986K->5745923K(25159296K), 0.0503365 secs] [Times: user=0.56 sys=0.01, real=0.05 secs] 
2014-04-09T14:14:17.105+0900: 76.754: [GC (Allocation Failure) 76.755: [ParNew: 59008K->6528K(59008K), 0.0587036 secs] 5798403K->5754494K(25159296K), 0.0590631 secs] [Times: user=0.68 sys=0.00, real=0.06 secs] 
2014-04-09T14:14:17.204+0900: 76.853: [GC (Allocation Failure) 76.853: [ParNew: 59008K->6528K(59008K), 0.0608573 secs] 5806974K->5761742K(25159296K), 0.0611993 secs] [Times: user=0.70 sys=0.02, real=0.06 secs] 
2014-04-09T14:14:17.306+0900: 76.955: [GC (Allocation Failure) 76.955: [ParNew: 59008K->6528K(59008K), 0.0620038 secs] 5814222K->5770170K(25159296K), 0.0623459 secs] [Times: user=0.72 sys=0.01, real=0.06 secs] 
2014-04-09T14:14:17.406+0900: 77.055: [GC (Allocation Failure) 77.055: [ParNew: 59008K->6528K(59008K), 0.0545161 secs] 5822650K->5778876K(25159296K), 0.0548666 secs] [Times: user=0.63 sys=0.01, real=0.06 secs] 
2014-04-09T14:14:17.501+0900: 77.150: [GC (Allocation Failure) 77.150: [ParNew: 58978K->6528K(59008K), 0.0612291 secs] 5831327K->5787654K(25159296K), 0.0615818 secs] [Times: user=0.71 sys=0.01, real=0.07 secs] 
2014-04-09T14:14:17.601+0900: 77.250: [GC (Allocation Failure) 77.250: [ParNew: 59008K->6528K(59008K), 0.0562211 secs] 5840134K->5796820K(25159296K), 0.0565808 secs] [Times: user=0.65 sys=0.01, real=0.06 secs] 
2014-04-09T14:14:17.696+0900: 77.345: [GC (Allocation Failure) 77.345: [ParNew: 59008K->6528K(59008K), 0.0574392 secs] 5849300K->5804212K(25159296K), 0.0577893 secs] [Times: user=0.67 sys=0.01, real=0.06 secs] 
2014-04-09T14:14:17.796+0900: 77.445: [GC (Allocation Failure) 77.445: [ParNew: 59008K->6528K(59008K), 0.0563894 secs] 5856692K->5813361K(25159296K), 0.0567280 secs] [Times: user=0.65 sys=0.01, real=0.06 secs] 
2014-04-09T14:14:17.889+0900: 77.538: [GC (Allocation Failure) 77.538: [ParNew: 59008K->6528K(59008K), 0.0510910 secs] 5865841K->5821825K(25159296K), 0.0514325 secs] [Times: user=0.59 sys=0.00, real=0.05 secs] 
2014-04-09T14:14:17.980+0900: 77.629: [GC (Allocation Failure) 77.629: [ParNew: 59008K->6528K(59008K), 0.0627669 secs] 5874305K->5830716K(25159296K), 0.0631098 secs] [Times: user=0.73 sys=0.01, real=0.07 secs] 
2014-04-09T14:14:18.083+0900: 77.732: [GC (Allocation Failure) 77.732: [ParNew: 59008K->6528K(59008K), 0.0583238 secs] 5883196K->5840170K(25159296K), 0.0586664 secs] [Times: user=0.68 sys=0.01, real=0.06 secs] 
2014-04-09T14:14:18.180+0900: 77.829: [GC (Allocation Failure) 77.829: [ParNew: 59008K->6528K(59008K), 0.0503446 secs] 5892650K->5848672K(25159296K), 0.0507055 secs] [Times: user=0.58 sys=0.01, real=0.05 secs] 
2014-04-09T14:14:18.270+0900: 77.919: [GC (Allocation Failure) 77.919: [ParNew: 59008K->6528K(59008K), 0.0637991 secs] 5901152K->5857288K(25159296K), 0.0641493 secs] [Times: user=0.74 sys=0.01, real=0.07 secs] 
2014-04-09T14:14:18.374+0900: 78.023: [GC (Allocation Failure) 78.023: [ParNew: 59008K->6528K(59008K), 0.0555598 secs] 5909768K->5866438K(25159296K), 0.0559087 secs] [Times: user=0.65 sys=0.01, real=0.05 secs] 
2014-04-09T14:14:18.469+0900: 78.118: [GC (Allocation Failure) 78.118: [ParNew: 59008K->6528K(59008K), 0.0613483 secs] 5918918K->5874940K(25159296K), 0.0616989 secs] [Times: user=0.71 sys=0.01, real=0.06 secs] 
2014-04-09T14:14:18.569+0900: 78.218: [GC (Allocation Failure) 78.218: [ParNew: 59008K->6528K(59008K), 0.0633794 secs] 5927420K->5883751K(25159296K), 0.0637219 secs] [Times: user=0.74 sys=0.00, real=0.07 secs] 
2014-04-09T14:14:18.671+0900: 78.320: [GC (Allocation Failure) 78.320: [ParNew: 59008K->6528K(59008K), 0.0537224 secs] 5936231K->5892750K(25159296K), 0.0540654 secs] [Times: user=0.61 sys=0.01, real=0.06 secs] 
2014-04-09T14:14:18.764+0900: 78.413: [GC (Allocation Failure) 78.413: [ParNew: 59008K->6528K(59008K), 0.0610852 secs] 5945230K->5901097K(25159296K), 0.0614440 secs] [Times: user=0.71 sys=0.00, real=0.06 secs] 
2014-04-09T14:14:18.865+0900: 78.514: [GC (Allocation Failure) 78.514: [ParNew: 59008K->6528K(59008K), 0.0576770 secs] 5953577K->5909517K(25159296K), 0.0580165 secs] [Times: user=0.66 sys=0.01, real=0.06 secs] 
2014-04-09T14:14:18.961+0900: 78.610: [GC (Allocation Failure) 78.610: [ParNew: 59008K->6528K(59008K), 0.0584535 secs] 5961997K->5918187K(25159296K), 0.0588019 secs] [Times: user=0.67 sys=0.01, real=0.06 secs] 
2014-04-09T14:14:19.057+0900: 78.706: [GC (Allocation Failure) 78.707: [ParNew: 59008K->6528K(59008K), 0.0569501 secs] 5970667K->5927065K(25159296K), 0.0572932 secs] [Times: user=0.66 sys=0.01, real=0.06 secs] 
2014-04-09T14:14:19.154+0900: 78.803: [GC (Allocation Failure) 78.803: [ParNew: 59008K->6528K(59008K), 0.0615263 secs] 5979545K->5936005K(25159296K), 0.0618696 secs] [Times: user=0.71 sys=0.01, real=0.06 secs] 
2014-04-09T14:14:19.256+0900: 78.905: [GC (Allocation Failure) 78.906: [ParNew: 59008K->6528K(59008K), 0.0641366 secs] 5988485K->5943429K(25159296K), 0.0644813 secs] [Times: user=0.74 sys=0.01, real=0.06 secs] 
2014-04-09T14:14:19.363+0900: 79.012: [GC (Allocation Failure) 79.012: [ParNew: 59008K->6528K(59008K), 0.0564395 secs] 5995909K->5952384K(25159296K), 0.0567776 secs] [Times: user=0.65 sys=0.01, real=0.05 secs] 
2014-04-09T14:14:19.463+0900: 79.112: [GC (Allocation Failure) 79.112: [ParNew: 59008K->6528K(59008K), 0.0640363 secs] 6004864K->5960958K(25159296K), 0.0643728 secs] [Times: user=0.75 sys=0.01, real=0.06 secs] 
2014-04-09T14:14:19.566+0900: 79.215: [GC (Allocation Failure) 79.215: [ParNew: 59008K->6528K(59008K), 0.0548612 secs] 6013438K->5970433K(25159296K), 0.0552034 secs] [Times: user=0.63 sys=0.00, real=0.05 secs] 
2014-04-09T14:14:19.662+0900: 79.311: [GC (Allocation Failure) 79.311: [ParNew: 59008K->6528K(59008K), 0.0599338 secs] 6022913K->5978133K(25159296K), 0.0602773 secs] [Times: user=0.70 sys=0.01, real=0.06 secs] 
2014-04-09T14:14:19.764+0900: 79.413: [GC (Allocation Failure) 79.413: [ParNew: 59008K->6528K(59008K), 0.0577180 secs] 6030613K->5986618K(25159296K), 0.0580577 secs] [Times: user=0.67 sys=0.02, real=0.06 secs] 
2014-04-09T14:14:19.863+0900: 79.512: [GC (Allocation Failure) 79.512: [ParNew: 59008K->6528K(59008K), 0.0600549 secs] 6039098K->5994865K(25159296K), 0.0604039 secs] [Times: user=0.70 sys=0.01, real=0.06 secs] 
2014-04-09T14:14:19.962+0900: 79.611: [GC (Allocation Failure) 79.611: [ParNew: 59008K->6528K(59008K), 0.0595233 secs] 6047345K->6004067K(25159296K), 0.0598664 secs] [Times: user=0.70 sys=0.01, real=0.06 secs] 
2014-04-09T14:14:20.060+0900: 79.709: [GC (Allocation Failure) 79.709: [ParNew: 59008K->6528K(59008K), 0.0532139 secs] 6056547K->6013340K(25159296K), 0.0535577 secs] [Times: user=0.60 sys=0.00, real=0.06 secs] 
2014-04-09T14:14:20.151+0900: 79.801: [GC (Allocation Failure) 79.801: [ParNew: 59008K->6528K(59008K), 0.0586009 secs] 6065820K->6021704K(25159296K), 0.0589538 secs] [Times: user=0.67 sys=0.01, real=0.05 secs] 
2014-04-09T14:14:20.250+0900: 79.899: [GC (Allocation Failure) 79.899: [ParNew: 59008K->6528K(59008K), 0.0543579 secs] 6074184K->6029221K(25159296K), 0.0547061 secs] [Times: user=0.63 sys=0.01, real=0.06 secs] 
2014-04-09T14:14:20.343+0900: 79.992: [GC (Allocation Failure) 79.992: [ParNew: 59008K->6528K(59008K), 0.0646549 secs] 6081701K->6037688K(25159296K), 0.0649990 secs] [Times: user=0.75 sys=0.01, real=0.06 secs] 
2014-04-09T14:14:20.446+0900: 80.095: [GC (Allocation Failure) 80.096: [ParNew: 59008K->6528K(59008K), 0.0634408 secs] 6090168K->6046871K(25159296K), 0.0637905 secs] [Times: user=0.73 sys=0.02, real=0.06 secs] 
2014-04-09T14:14:20.550+0900: 80.199: [GC (Allocation Failure) 80.199: [ParNew: 59008K->6528K(59008K), 0.0514522 secs] 6099351K->6055802K(25159296K), 0.0517965 secs] [Times: user=0.59 sys=0.01, real=0.06 secs] 
2014-04-09T14:14:20.640+0900: 80.289: [GC (Allocation Failure) 80.289: [ParNew: 59008K->6528K(59008K), 0.0514382 secs] 6108282K->6064991K(25159296K), 0.0517878 secs] [Times: user=0.59 sys=0.01, real=0.06 secs] 
2014-04-09T14:14:20.734+0900: 80.383: [GC (Allocation Failure) 80.383: [ParNew: 59008K->6528K(59008K), 0.0550197 secs] 6117471K->6073894K(25159296K), 0.0553683 secs] [Times: user=0.63 sys=0.01, real=0.05 secs] 
2014-04-09T14:14:20.829+0900: 80.478: [GC (Allocation Failure) 80.478: [ParNew: 59008K->6528K(59008K), 0.0553461 secs] 6126374K->6083068K(25159296K), 0.0557037 secs] [Times: user=0.64 sys=0.00, real=0.06 secs] 
2014-04-09T14:14:20.928+0900: 80.577: [GC (Allocation Failure) 80.577: [ParNew: 59008K->6528K(59008K), 0.0541910 secs] 6135548K->6092221K(25159296K), 0.0545374 secs] [Times: user=0.62 sys=0.01, real=0.06 secs] 
2014-04-09T14:14:21.021+0900: 80.670: [GC (Allocation Failure) 80.670: [ParNew: 59008K->6528K(59008K), 0.0627106 secs] 6144701K->6100487K(25159296K), 0.0630699 secs] [Times: user=0.72 sys=0.02, real=0.07 secs] 
2014-04-09T14:14:21.123+0900: 80.772: [GC (Allocation Failure) 80.772: [ParNew: 59008K->6528K(59008K), 0.0564848 secs] 6152967K->6109269K(25159296K), 0.0568440 secs] [Times: user=0.65 sys=0.01, real=0.05 secs] 
2014-04-09T14:14:21.217+0900: 80.866: [GC (Allocation Failure) 80.867: [ParNew: 59008K->6528K(59008K), 0.0549673 secs] 6161749K->6118196K(25159296K), 0.0553190 secs] [Times: user=0.63 sys=0.02, real=0.06 secs] 
2014-04-09T14:14:21.316+0900: 80.965: [GC (Allocation Failure) 80.965: [ParNew: 59008K->6528K(59008K), 0.0560308 secs] 6170676K->6126243K(25159296K), 0.0563792 secs] [Times: user=0.65 sys=0.01, real=0.06 secs] 
2014-04-09T14:14:21.411+0900: 81.060: [GC (Allocation Failure) 81.061: [ParNew: 59008K->6528K(59008K), 0.0566797 secs] 6178723K->6135452K(25159296K), 0.0570380 secs] [Times: user=0.64 sys=0.02, real=0.05 secs] 
2014-04-09T14:14:21.506+0900: 81.155: [GC (Allocation Failure) 81.155: [ParNew: 59008K->6528K(59008K), 0.0553811 secs] 6187932K->6144180K(25159296K), 0.0557327 secs] [Times: user=0.64 sys=0.00, real=0.06 secs] 
2014-04-09T14:14:21.601+0900: 81.250: [GC (Allocation Failure) 81.251: [ParNew: 59008K->6528K(59008K), 0.0568218 secs] 6196660K->6153184K(25159296K), 0.0571718 secs] [Times: user=0.66 sys=0.01, real=0.05 secs] 
2014-04-09T14:14:21.699+0900: 81.348: [GC (Allocation Failure) 81.348: [ParNew: 59008K->6528K(59008K), 0.0549847 secs] 6205664K->6162059K(25159296K), 0.0553337 secs] [Times: user=0.62 sys=0.00, real=0.06 secs] 
2014-04-09T14:14:21.799+0900: 81.448: [GC (Allocation Failure) 81.448: [ParNew: 59008K->6528K(59008K), 0.0552034 secs] 6214539K->6169443K(25159296K), 0.0555585 secs] [Times: user=0.64 sys=0.02, real=0.06 secs] 
2014-04-09T14:14:21.898+0900: 81.548: [GC (Allocation Failure) 81.548: [ParNew: 59008K->6528K(59008K), 0.0572670 secs] 6221923K->6178301K(25159296K), 0.0576158 secs] [Times: user=0.65 sys=0.02, real=0.06 secs] 
2014-04-09T14:14:21.996+0900: 81.645: [GC (Allocation Failure) 81.645: [ParNew: 59008K->6528K(59008K), 0.0570393 secs] 6230781K->6186701K(25159296K), 0.0573828 secs] [Times: user=0.67 sys=0.01, real=0.06 secs] 
2014-04-09T14:14:22.095+0900: 81.744: [GC (Allocation Failure) 81.744: [ParNew: 59008K->6528K(59008K), 0.0600112 secs] 6239181K->6196042K(25159296K), 0.0603575 secs] [Times: user=0.70 sys=0.01, real=0.06 secs] 
2014-04-09T14:14:22.193+0900: 81.842: [GC (Allocation Failure) 81.843: [ParNew: 59008K->6528K(59008K), 0.0618139 secs] 6248522K->6208561K(25159296K), 0.0621575 secs] [Times: user=0.70 sys=0.01, real=0.06 secs] 
2014-04-09T14:14:22.302+0900: 81.952: [GC (Allocation Failure) 81.952: [ParNew: 59008K->6528K(59008K), 0.0666452 secs] 6261041K->6222379K(25159296K), 0.0669977 secs] [Times: user=0.78 sys=0.01, real=0.06 secs] 
2014-04-09T14:14:22.413+0900: 82.062: [GC (Allocation Failure) 82.062: [ParNew: 59008K->6528K(59008K), 0.0615566 secs] 6274859K->6233913K(25159296K), 0.0619102 secs] [Times: user=0.71 sys=0.00, real=0.06 secs] 
2014-04-09T14:14:22.517+0900: 82.166: [GC (Allocation Failure) 82.166: [ParNew: 59008K->6528K(59008K), 0.0638726 secs] 6286393K->6247772K(25159296K), 0.0642414 secs] [Times: user=0.75 sys=0.01, real=0.06 secs] 
2014-04-09T14:14:22.625+0900: 82.274: [GC (Allocation Failure) 82.274: [ParNew: 59008K->6528K(59008K), 0.0683649 secs] 6300252K->6260043K(25159296K), 0.0687290 secs] [Times: user=0.79 sys=0.01, real=0.07 secs] 
2014-04-09T14:14:22.737+0900: 82.386: [GC (Allocation Failure) 82.386: [ParNew: 59008K->6528K(59008K), 0.0592959 secs] 6312523K->6269105K(25159296K), 0.0596598 secs] [Times: user=0.68 sys=0.01, real=0.06 secs] 
2014-04-09T14:14:22.836+0900: 82.486: [GC (Allocation Failure) 82.486: [ParNew: 59008K->6528K(59008K), 0.0558622 secs] 6321585K->6277052K(25159296K), 0.0562267 secs] [Times: user=0.65 sys=0.01, real=0.06 secs] 
2014-04-09T14:14:22.932+0900: 82.581: [GC (Allocation Failure) 82.581: [ParNew: 59008K->6528K(59008K), 0.0559361 secs] 6329532K->6286499K(25159296K), 0.0563078 secs] [Times: user=0.66 sys=0.01, real=0.05 secs] 
2014-04-09T14:14:23.031+0900: 82.680: [GC (Allocation Failure) 82.680: [ParNew: 59008K->6528K(59008K), 0.0522205 secs] 6338979K->6294600K(25159296K), 0.0525919 secs] [Times: user=0.61 sys=0.00, real=0.06 secs] 
2014-04-09T14:14:23.126+0900: 82.775: [GC (Allocation Failure) 82.775: [ParNew: 59008K->6528K(59008K), 0.0481180 secs] 6347080K->6303124K(25159296K), 0.0484879 secs] [Times: user=0.53 sys=0.01, real=0.05 secs] 
2014-04-09T14:14:23.213+0900: 82.862: [GC (Allocation Failure) 82.863: [ParNew: 59008K->6528K(59008K), 0.0621969 secs] 6355604K->6313626K(25159296K), 0.0625706 secs] [Times: user=0.71 sys=0.01, real=0.06 secs] 
2014-04-09T14:14:23.315+0900: 82.964: [GC (Allocation Failure) 82.964: [ParNew: 59008K->6528K(59008K), 0.0512666 secs] 6366106K->6320404K(25159296K), 0.0516418 secs] [Times: user=0.60 sys=0.00, real=0.05 secs] 
2014-04-09T14:14:23.407+0900: 83.056: [GC (Allocation Failure) 83.056: [ParNew: 59008K->6528K(59008K), 0.0598036 secs] 6372884K->6329373K(25159296K), 0.0601700 secs] [Times: user=0.69 sys=0.01, real=0.06 secs] 
2014-04-09T14:14:23.505+0900: 83.154: [GC (Allocation Failure) 83.154: [ParNew: 59008K->6528K(59008K), 0.0610265 secs] 6381853K->6338556K(25159296K), 0.0613917 secs] [Times: user=0.70 sys=0.01, real=0.06 secs] 
2014-04-09T14:14:23.609+0900: 83.258: [GC (Allocation Failure) 83.258: [ParNew: 59008K->6528K(59008K), 0.0629684 secs] 6391036K->6347741K(25159296K), 0.0633330 secs] [Times: user=0.72 sys=0.01, real=0.07 secs] 
2014-04-09T14:14:23.711+0900: 83.360: [GC (Allocation Failure) 83.360: [ParNew: 59008K->6528K(59008K), 0.0626723 secs] 6400221K->6355772K(25159296K), 0.0630389 secs] [Times: user=0.72 sys=0.00, real=0.07 secs] 
2014-04-09T14:14:23.812+0900: 83.461: [GC (Allocation Failure) 83.461: [ParNew: 59008K->6528K(59008K), 0.0497759 secs] 6408252K->6362876K(25159296K), 0.0501551 secs] [Times: user=0.56 sys=0.00, real=0.05 secs] 
2014-04-09T14:14:23.901+0900: 83.550: [GC (Allocation Failure) 83.550: [ParNew: 59008K->6528K(59008K), 0.0647591 secs] 6415356K->6372520K(25159296K), 0.0651230 secs] [Times: user=0.75 sys=0.02, real=0.07 secs] 
2014-04-09T14:14:24.006+0900: 83.655: [GC (Allocation Failure) 83.655: [ParNew: 59008K->6528K(59008K), 0.0601829 secs] 6425000K->6381325K(25159296K), 0.0605539 secs] [Times: user=0.70 sys=0.00, real=0.06 secs] 
2014-04-09T14:14:24.106+0900: 83.755: [GC (Allocation Failure) 83.755: [ParNew: 59008K->6528K(59008K), 0.0616354 secs] 6433805K->6389671K(25159296K), 0.0619969 secs] [Times: user=0.72 sys=0.01, real=0.06 secs] 
2014-04-09T14:14:24.208+0900: 83.857: [GC (Allocation Failure) 83.857: [ParNew: 59008K->6528K(59008K), 0.0648697 secs] 6442151K->6398361K(25159296K), 0.0652427 secs] [Times: user=0.74 sys=0.02, real=0.07 secs] 
2014-04-09T14:14:24.314+0900: 83.963: [GC (Allocation Failure) 83.964: [ParNew: 59008K->6528K(59008K), 0.0627297 secs] 6450841K->6405782K(25159296K), 0.0631012 secs] [Times: user=0.73 sys=0.01, real=0.06 secs] 
2014-04-09T14:14:24.423+0900: 84.072: [GC (Allocation Failure) 84.072: [ParNew: 59008K->6528K(59008K), 0.0655410 secs] 6458262K->6414049K(25159296K), 0.0659103 secs] [Times: user=0.75 sys=0.02, real=0.06 secs] 
2014-04-09T14:14:24.532+0900: 84.181: [GC (Allocation Failure) 84.181: [ParNew: 59008K->6528K(59008K), 0.0658500 secs] 6466529K->6422134K(25159296K), 0.0662125 secs] [Times: user=0.79 sys=0.01, real=0.07 secs] 
2014-04-09T14:14:24.641+0900: 84.290: [GC (Allocation Failure) 84.290: [ParNew: 59008K->6528K(59008K), 0.0621350 secs] 6474614K->6431500K(25159296K), 0.0624944 secs] [Times: user=0.77 sys=0.02, real=0.07 secs] 
2014-04-09T14:14:24.745+0900: 84.394: [GC (Allocation Failure) 84.394: [ParNew: 59008K->6528K(59008K), 0.0648933 secs] 6483980K->6440480K(25159296K), 0.0652498 secs] [Times: user=0.81 sys=0.01, real=0.06 secs] 
2014-04-09T14:14:24.851+0900: 84.501: [GC (Allocation Failure) 84.501: [ParNew: 59008K->6528K(59008K), 0.0602971 secs] 6492960K->6448128K(25159296K), 0.0606546 secs] [Times: user=0.75 sys=0.02, real=0.06 secs] 
2014-04-09T14:14:24.952+0900: 84.601: [GC (Allocation Failure) 84.601: [ParNew: 59008K->6528K(59008K), 0.0630181 secs] 6500608K->6456717K(25159296K), 0.0633958 secs] [Times: user=0.80 sys=0.00, real=0.07 secs] 
2014-04-09T14:14:25.054+0900: 84.703: [GC (Allocation Failure) 84.704: [ParNew: 59008K->6528K(59008K), 0.0567250 secs] 6509197K->6466317K(25159296K), 0.0571044 secs] [Times: user=0.66 sys=0.01, real=0.05 secs] 
2014-04-09T14:14:25.150+0900: 84.799: [GC (Allocation Failure) 84.799: [ParNew: 59008K->6528K(59008K), 0.0564218 secs] 6518797K->6474271K(25159296K), 0.0567957 secs] [Times: user=0.65 sys=0.01, real=0.06 secs] 
2014-04-09T14:14:25.244+0900: 84.893: [GC (Allocation Failure) 84.893: [ParNew: 59008K->6528K(59008K), 0.0533502 secs] 6526751K->6483392K(25159296K), 0.0537069 secs] [Times: user=0.60 sys=0.01, real=0.05 secs] 
2014-04-09T14:14:25.337+0900: 84.986: [GC (Allocation Failure) 84.986: [ParNew: 59008K->6528K(59008K), 0.0577004 secs] 6535872K->6491590K(25159296K), 0.0580720 secs] [Times: user=0.67 sys=0.01, real=0.06 secs] 
2014-04-09T14:14:25.433+0900: 85.082: [GC (Allocation Failure) 85.082: [ParNew: 59008K->6528K(59008K), 0.0578839 secs] 6544070K->6500624K(25159296K), 0.0582481 secs] [Times: user=0.68 sys=0.01, real=0.05 secs] 
2014-04-09T14:14:25.531+0900: 85.180: [GC (Allocation Failure) 85.180: [ParNew: 59008K->6528K(59008K), 0.0600938 secs] 6553104K->6508188K(25159296K), 0.0604586 secs] [Times: user=0.71 sys=0.01, real=0.06 secs] 
2014-04-09T14:14:25.633+0900: 85.282: [GC (Allocation Failure) 85.283: [ParNew: 59008K->6528K(59008K), 0.0504165 secs] 6560668K->6517516K(25159296K), 0.0507950 secs] [Times: user=0.57 sys=0.01, real=0.05 secs] 
2014-04-09T14:14:25.723+0900: 85.372: [GC (Allocation Failure) 85.372: [ParNew: 58953K->6528K(59008K), 0.0537921 secs] 6569942K->6527047K(25159296K), 0.0541574 secs] [Times: user=0.61 sys=0.01, real=0.05 secs] 
2014-04-09T14:14:25.816+0900: 85.465: [GC (Allocation Failure) 85.465: [ParNew: 59008K->6528K(59008K), 0.0538801 secs] 6579527K->6534349K(25159296K), 0.0542580 secs] [Times: user=0.64 sys=0.00, real=0.05 secs] 
2014-04-09T14:14:25.909+0900: 85.558: [GC (Allocation Failure) 85.558: [ParNew: 59008K->6527K(59008K), 0.0605218 secs] 6586829K->6542476K(25159296K), 0.0609026 secs] [Times: user=0.70 sys=0.01, real=0.06 secs] 
2014-04-09T14:14:26.007+0900: 85.656: [GC (Allocation Failure) 85.656: [ParNew: 59007K->6528K(59008K), 0.0493788 secs] 6594956K->6550919K(25159296K), 0.0497513 secs] [Times: user=0.56 sys=0.01, real=0.05 secs] 
2014-04-09T14:14:26.096+0900: 85.745: [GC (Allocation Failure) 85.745: [ParNew: 59008K->6528K(59008K), 0.0563253 secs] 6603399K->6560505K(25159296K), 0.0566888 secs] [Times: user=0.66 sys=0.01, real=0.06 secs] 
2014-04-09T14:14:26.193+0900: 85.842: [GC (Allocation Failure) 85.842: [ParNew: 59008K->6528K(59008K), 0.0604173 secs] 6612985K->6569172K(25159296K), 0.0607887 secs] [Times: user=0.71 sys=0.00, real=0.06 secs] 
2014-04-09T14:14:26.291+0900: 85.940: [GC (Allocation Failure) 85.941: [ParNew: 59008K->6528K(59008K), 0.0523547 secs] 6621652K->6577510K(25159296K), 0.0527208 secs] [Times: user=0.59 sys=0.02, real=0.06 secs] 
2014-04-09T14:14:26.383+0900: 86.032: [GC (Allocation Failure) 86.033: [ParNew: 59007K->6528K(59008K), 0.0586795 secs] 6629990K->6586704K(25159296K), 0.0590513 secs] [Times: user=0.69 sys=0.01, real=0.06 secs] 
2014-04-09T14:14:26.485+0900: 86.134: [GC (Allocation Failure) 86.134: [ParNew: 59008K->6528K(59008K), 0.0548530 secs] 6639184K->6594937K(25159296K), 0.0552062 secs] [Times: user=0.64 sys=0.02, real=0.05 secs] 
2014-04-09T14:14:26.578+0900: 86.228: [GC (Allocation Failure) 86.228: [ParNew: 59008K->6528K(59008K), 0.0615534 secs] 6647417K->6602837K(25159296K), 0.0619181 secs] [Times: user=0.72 sys=0.00, real=0.06 secs] 
2014-04-09T14:14:26.680+0900: 86.329: [GC (Allocation Failure) 86.329: [ParNew: 59008K->6528K(59008K), 0.0515356 secs] 6655317K->6611880K(25159296K), 0.0519010 secs] [Times: user=0.58 sys=0.01, real=0.05 secs] 
2014-04-09T14:14:26.772+0900: 86.421: [GC (Allocation Failure) 86.421: [ParNew: 59008K->6528K(59008K), 0.0637447 secs] 6664360K->6621294K(25159296K), 0.0640993 secs] [Times: user=0.74 sys=0.01, real=0.07 secs] 
2014-04-09T14:14:26.876+0900: 86.525: [GC (Allocation Failure) 86.526: [ParNew: 59008K->6528K(59008K), 0.0515461 secs] 6673774K->6628843K(25159296K), 0.0519263 secs] [Times: user=0.58 sys=0.00, real=0.05 secs] 
2014-04-09T14:14:26.967+0900: 86.616: [GC (Allocation Failure) 86.616: [ParNew: 59008K->6528K(59008K), 0.0622095 secs] 6681323K->6637166K(25159296K), 0.0625747 secs] [Times: user=0.71 sys=0.01, real=0.06 secs] 
2014-04-09T14:14:27.069+0900: 86.719: [GC (Allocation Failure) 86.719: [ParNew: 59008K->6528K(59008K), 0.0627085 secs] 6689646K->6646710K(25159296K), 0.0630648 secs] [Times: user=0.73 sys=0.01, real=0.07 secs] 
2014-04-09T14:14:27.171+0900: 86.820: [GC (Allocation Failure) 86.820: [ParNew: 59008K->6528K(59008K), 0.0577890 secs] 6699190K->6656150K(25159296K), 0.0581433 secs] [Times: user=0.67 sys=0.00, real=0.06 secs] 
2014-04-09T14:14:27.268+0900: 86.917: [GC (Allocation Failure) 86.917: [ParNew: 58962K->6528K(59008K), 0.0573506 secs] 6708585K->6664597K(25159296K), 0.0577074 secs] [Times: user=0.66 sys=0.01, real=0.06 secs] 
2014-04-09T14:14:27.363+0900: 87.012: [GC (Allocation Failure) 87.012: [ParNew: 59008K->6528K(59008K), 0.0565564 secs] 6717077K->6672630K(25159296K), 0.0569121 secs] [Times: user=0.65 sys=0.02, real=0.05 secs] 
2014-04-09T14:14:27.462+0900: 87.111: [GC (Allocation Failure) 87.112: [ParNew: 59008K->6528K(59008K), 0.0494613 secs] 6725110K->6679972K(25159296K), 0.0498255 secs] [Times: user=0.54 sys=0.02, real=0.05 secs] 
2014-04-09T14:14:27.554+0900: 87.203: [GC (Allocation Failure) 87.203: [ParNew: 59008K->6528K(59008K), 0.0511962 secs] 6732452K->6689611K(25159296K), 0.0515500 secs] [Times: user=0.57 sys=0.01, real=0.05 secs] 
2014-04-09T14:14:27.647+0900: 87.296: [GC (Allocation Failure) 87.296: [ParNew: 59008K->6528K(59008K), 0.0640258 secs] 6742091K->6698168K(25159296K), 0.0643925 secs] [Times: user=0.75 sys=0.00, real=0.06 secs] 
2014-04-09T14:14:27.749+0900: 87.398: [GC (Allocation Failure) 87.399: [ParNew: 59007K->6528K(59008K), 0.0588983 secs] 6750648K->6707818K(25159296K), 0.0592556 secs] [Times: user=0.69 sys=0.00, real=0.06 secs] 
2014-04-09T14:14:27.849+0900: 87.498: [GC (Allocation Failure) 87.499: [ParNew: 59008K->6528K(59008K), 0.0593925 secs] 6760298K->6715598K(25159296K), 0.0597454 secs] [Times: user=0.68 sys=0.02, real=0.06 secs] 
2014-04-09T14:14:27.951+0900: 87.600: [GC (Allocation Failure) 87.600: [ParNew: 59008K->6528K(59008K), 0.0582312 secs] 6768078K->6724106K(25159296K), 0.0585880 secs] [Times: user=0.67 sys=0.01, real=0.06 secs] 
2014-04-09T14:14:28.048+0900: 87.697: [GC (Allocation Failure) 87.697: [ParNew: 59008K->6528K(59008K), 0.0538185 secs] 6776586K->6732586K(25159296K), 0.0541740 secs] [Times: user=0.61 sys=0.02, real=0.05 secs] 
2014-04-09T14:14:28.144+0900: 87.793: [GC (Allocation Failure) 87.794: [ParNew: 59008K->6528K(59008K), 0.0597818 secs] 6785066K->6741138K(25159296K), 0.0601332 secs] [Times: user=0.69 sys=0.01, real=0.06 secs] 
2014-04-09T14:14:28.244+0900: 87.893: [GC (Allocation Failure) 87.893: [ParNew: 59008K->6528K(59008K), 0.0578750 secs] 6793618K->6750954K(25159296K), 0.0582412 secs] [Times: user=0.66 sys=0.02, real=0.06 secs] 
2014-04-09T14:14:28.346+0900: 87.995: [GC (Allocation Failure) 87.995: [ParNew: 59008K->6528K(59008K), 0.0560499 secs] 6803434K->6759219K(25159296K), 0.0563984 secs] [Times: user=0.65 sys=0.01, real=0.06 secs] 
2014-04-09T14:14:28.441+0900: 88.090: [GC (Allocation Failure) 88.090: [ParNew: 59008K->6528K(59008K), 0.0610141 secs] 6811699K->6767604K(25159296K), 0.0613720 secs] [Times: user=0.70 sys=0.01, real=0.06 secs] 
2014-04-09T14:14:28.541+0900: 88.190: [GC (Allocation Failure) 88.190: [ParNew: 59008K->6528K(59008K), 0.0600266 secs] 6820084K->6776358K(25159296K), 0.0603999 secs] [Times: user=0.68 sys=0.02, real=0.06 secs] 
2014-04-09T14:14:28.643+0900: 88.292: [GC (Allocation Failure) 88.292: [ParNew: 59008K->6528K(59008K), 0.0562062 secs] 6828838K->6785480K(25159296K), 0.0565663 secs] [Times: user=0.64 sys=0.01, real=0.05 secs] 
2014-04-09T14:14:28.736+0900: 88.385: [GC (Allocation Failure) 88.385: [ParNew: 59008K->6528K(59008K), 0.0633630 secs] 6837960K->6794665K(25159296K), 0.0637220 secs] [Times: user=0.72 sys=0.02, real=0.06 secs] 
2014-04-09T14:14:28.839+0900: 88.488: [GC (Allocation Failure) 88.489: [ParNew: 59008K->6528K(59008K), 0.0572952 secs] 6847145K->6803913K(25159296K), 0.0576483 secs] [Times: user=0.65 sys=0.01, real=0.06 secs] 
2014-04-09T14:14:28.936+0900: 88.585: [GC (Allocation Failure) 88.585: [ParNew: 59008K->6528K(59008K), 0.0567964 secs] 6856393K->6812066K(25159296K), 0.0571510 secs] [Times: user=0.65 sys=0.01, real=0.06 secs] 
2014-04-09T14:14:29.031+0900: 88.681: [GC (Allocation Failure) 88.681: [ParNew: 59008K->6528K(59008K), 0.0598969 secs] 6864546K->6821028K(25159296K), 0.0602514 secs] [Times: user=0.69 sys=0.01, real=0.06 secs] 
2014-04-09T14:14:29.130+0900: 88.779: [GC (Allocation Failure) 88.779: [ParNew: 59008K->6528K(59008K), 0.0550148 secs] 6873508K->6829895K(25159296K), 0.0553711 secs] [Times: user=0.62 sys=0.01, real=0.06 secs] 
2014-04-09T14:14:29.224+0900: 88.873: [GC (Allocation Failure) 88.873: [ParNew: 59008K->6528K(59008K), 0.0625038 secs] 6882375K->6838606K(25159296K), 0.0628700 secs] [Times: user=0.72 sys=0.02, real=0.06 secs] 
2014-04-09T14:14:29.329+0900: 88.978: [GC (Allocation Failure) 88.979: [ParNew: 59008K->6528K(59008K), 0.0536646 secs] 6891086K->6847580K(25159296K), 0.0540375 secs] [Times: user=0.62 sys=0.01, real=0.06 secs] 
2014-04-09T14:14:29.422+0900: 89.071: [GC (Allocation Failure) 89.071: [ParNew: 59008K->6528K(59008K), 0.0543838 secs] 6900060K->6854590K(25159296K), 0.0547451 secs] [Times: user=0.63 sys=0.01, real=0.06 secs] 
2014-04-09T14:14:29.513+0900: 89.162: [GC (Allocation Failure) 89.162: [ParNew: 59008K->6528K(59008K), 0.0587643 secs] 6907070K->6863477K(25159296K), 0.0591278 secs] [Times: user=0.68 sys=0.02, real=0.05 secs] 
2014-04-09T14:14:29.611+0900: 89.260: [GC (Allocation Failure) 89.261: [ParNew: 59008K->6528K(59008K), 0.0577623 secs] 6915957K->6872582K(25159296K), 0.0581404 secs] [Times: user=0.68 sys=0.01, real=0.06 secs] 
2014-04-09T14:14:29.707+0900: 89.356: [GC (Allocation Failure) 89.357: [ParNew: 59008K->6528K(59008K), 0.0494113 secs] 6925062K->6880667K(25159296K), 0.0497819 secs] [Times: user=0.56 sys=0.01, real=0.05 secs] 
2014-04-09T14:14:29.794+0900: 89.443: [GC (Allocation Failure) 89.443: [ParNew: 59008K->6528K(59008K), 0.0607160 secs] 6933147K->6890189K(25159296K), 0.0610808 secs] [Times: user=0.69 sys=0.01, real=0.06 secs] 
2014-04-09T14:14:29.892+0900: 89.541: [GC (Allocation Failure) 89.542: [ParNew: 59008K->6528K(59008K), 0.0545211 secs] 6942669K->6899344K(25159296K), 0.0548919 secs] [Times: user=0.63 sys=0.01, real=0.06 secs] 
2014-04-09T14:14:29.985+0900: 89.634: [GC (Allocation Failure) 89.634: [ParNew: 59008K->6528K(59008K), 0.0542919 secs] 6951824K->6907488K(25159296K), 0.0546533 secs] [Times: user=0.62 sys=0.01, real=0.05 secs] 
2014-04-09T14:14:30.078+0900: 89.727: [GC (Allocation Failure) 89.727: [ParNew: 59008K->6528K(59008K), 0.0546011 secs] 6959968K->6917029K(25159296K), 0.0549663 secs] [Times: user=0.62 sys=0.02, real=0.06 secs] 
2014-04-09T14:14:30.171+0900: 89.820: [GC (Allocation Failure) 89.820: [ParNew: 59008K->6528K(59008K), 0.0564817 secs] 6969509K->6925535K(25159296K), 0.0568446 secs] [Times: user=0.64 sys=0.02, real=0.06 secs] 
2014-04-09T14:14:30.267+0900: 89.916: [GC (Allocation Failure) 89.916: [ParNew: 59008K->6528K(59008K), 0.0614279 secs] 6978015K->6934311K(25159296K), 0.0617917 secs] [Times: user=0.71 sys=0.02, real=0.06 secs] 
2014-04-09T14:14:30.368+0900: 90.017: [GC (Allocation Failure) 90.017: [ParNew: 59008K->6528K(59008K), 0.0546484 secs] 6986791K->6943636K(25159296K), 0.0550126 secs] [Times: user=0.64 sys=0.00, real=0.06 secs] 
2014-04-09T14:14:30.461+0900: 90.110: [GC (Allocation Failure) 90.111: [ParNew: 59008K->6528K(59008K), 0.0557985 secs] 6996116K->6950988K(25159296K), 0.0561768 secs] [Times: user=0.64 sys=0.01, real=0.06 secs] 
2014-04-09T14:14:30.556+0900: 90.205: [GC (Allocation Failure) 90.205: [ParNew: 59008K->6528K(59008K), 0.0542019 secs] 7003468K->6959516K(25159296K), 0.0545650 secs] [Times: user=0.62 sys=0.01, real=0.05 secs] 
2014-04-09T14:14:30.649+0900: 90.299: [GC (Allocation Failure) 90.299: [ParNew: 59008K->6528K(59008K), 0.0575391 secs] 7011996K->6968621K(25159296K), 0.0579111 secs] [Times: user=0.67 sys=0.01, real=0.06 secs] 
2014-04-09T14:14:30.747+0900: 90.396: [GC (Allocation Failure) 90.396: [ParNew: 59008K->6528K(59008K), 0.0563103 secs] 7021101K->6976393K(25159296K), 0.0566722 secs] [Times: user=0.65 sys=0.01, real=0.05 secs] 
2014-04-09T14:14:30.843+0900: 90.492: [GC (Allocation Failure) 90.492: [ParNew: 59008K->6528K(59008K), 0.0575388 secs] 7028873K->6986193K(25159296K), 0.0579126 secs] [Times: user=0.66 sys=0.02, real=0.06 secs] 
2014-04-09T14:14:30.941+0900: 90.590: [GC (Allocation Failure) 90.591: [ParNew: 59008K->6528K(59008K), 0.0530383 secs] 7038673K->6994907K(25159296K), 0.0534032 secs] [Times: user=0.61 sys=0.00, real=0.06 secs] 
2014-04-09T14:14:31.032+0900: 90.682: [GC (Allocation Failure) 90.682: [ParNew: 59008K->6528K(59008K), 0.0601260 secs] 7047387K->7002860K(25159296K), 0.0604886 secs] [Times: user=0.70 sys=0.01, real=0.06 secs] 
2014-04-09T14:14:31.133+0900: 90.782: [GC (Allocation Failure) 90.783: [ParNew: 59008K->6528K(59008K), 0.0567316 secs] 7055340K->7012310K(25159296K), 0.0571004 secs] [Times: user=0.66 sys=0.00, real=0.06 secs] 
2014-04-09T14:14:31.229+0900: 90.878: [GC (Allocation Failure) 90.878: [ParNew: 59008K->6528K(59008K), 0.0517747 secs] 7064790K->7020332K(25159296K), 0.0521404 secs] [Times: user=0.60 sys=0.01, real=0.05 secs] 
2014-04-09T14:14:31.320+0900: 90.969: [GC (Allocation Failure) 90.969: [ParNew: 59008K->6528K(59008K), 0.0551810 secs] 7072812K->7029577K(25159296K), 0.0555523 secs] [Times: user=0.64 sys=0.01, real=0.06 secs] 
2014-04-09T14:14:31.416+0900: 91.065: [GC (Allocation Failure) 91.065: [ParNew: 59008K->6528K(59008K), 0.0593948 secs] 7082057K->7038939K(25159296K), 0.0597587 secs] [Times: user=0.69 sys=0.00, real=0.06 secs] 
2014-04-09T14:14:31.520+0900: 91.169: [GC (Allocation Failure) 91.169: [ParNew: 59008K->6528K(59008K), 0.0552471 secs] 7091419K->7046165K(25159296K), 0.0556234 secs] [Times: user=0.65 sys=0.01, real=0.06 secs] 
2014-04-09T14:14:31.615+0900: 91.264: [GC (Allocation Failure) 91.265: [ParNew: 59008K->6528K(59008K), 0.0548262 secs] 7098645K->7054724K(25159296K), 0.0551905 secs] [Times: user=0.63 sys=0.01, real=0.05 secs] 
2014-04-09T14:14:31.712+0900: 91.361: [GC (Allocation Failure) 91.361: [ParNew: 59008K->6528K(59008K), 0.0575321 secs] 7107204K->7063576K(25159296K), 0.0578961 secs] [Times: user=0.67 sys=0.01, real=0.06 secs] 
2014-04-09T14:14:31.808+0900: 91.457: [GC (Allocation Failure) 91.457: [ParNew: 59008K->6528K(59008K), 0.0608695 secs] 7116056K->7072425K(25159296K), 0.0612515 secs] [Times: user=0.72 sys=0.00, real=0.06 secs] 
2014-04-09T14:14:31.908+0900: 91.557: [GC (Allocation Failure) 91.557: [ParNew: 59008K->6528K(59008K), 0.0573133 secs] 7124905K->7082079K(25159296K), 0.0576850 secs] [Times: user=0.66 sys=0.01, real=0.06 secs] 
2014-04-09T14:14:32.004+0900: 91.653: [GC (Allocation Failure) 91.653: [ParNew: 59008K->6528K(59008K), 0.0550258 secs] 7134559K->7088689K(25159296K), 0.0553894 secs] [Times: user=0.64 sys=0.01, real=0.05 secs] 
2014-04-09T14:14:32.100+0900: 91.749: [GC (Allocation Failure) 91.749: [ParNew: 59008K->6528K(59008K), 0.0567208 secs] 7141169K->7098220K(25159296K), 0.0570803 secs] [Times: user=0.65 sys=0.01, real=0.06 secs] 
2014-04-09T14:14:32.195+0900: 91.844: [GC (Allocation Failure) 91.844: [ParNew: 59008K->6528K(59008K), 0.0614618 secs] 7150700K->7107399K(25159296K), 0.0618164 secs] [Times: user=0.72 sys=0.01, real=0.06 secs] 
2014-04-09T14:14:32.300+0900: 91.949: [GC (Allocation Failure) 91.949: [ParNew: 59008K->6528K(59008K), 0.0558969 secs] 7159879K->7115718K(25159296K), 0.0562471 secs] [Times: user=0.65 sys=0.00, real=0.06 secs] 
2014-04-09T14:14:32.393+0900: 92.042: [GC (Allocation Failure) 92.042: [ParNew: 58976K->6528K(59008K), 0.0551607 secs] 7168166K->7124182K(25159296K), 0.0555228 secs] [Times: user=0.63 sys=0.01, real=0.06 secs] 
2014-04-09T14:14:32.487+0900: 92.136: [GC (Allocation Failure) 92.136: [ParNew: 58959K->6528K(59008K), 0.0563745 secs] 7176614K->7133024K(25159296K), 0.0567469 secs] [Times: user=0.65 sys=0.02, real=0.06 secs] 
2014-04-09T14:14:32.583+0900: 92.232: [GC (Allocation Failure) 92.232: [ParNew: 59008K->6528K(59008K), 0.0611921 secs] 7185504K->7140649K(25159296K), 0.0615587 secs] [Times: user=0.71 sys=0.01, real=0.07 secs] 
2014-04-09T14:14:32.684+0900: 92.333: [GC (Allocation Failure) 92.334: [ParNew: 59008K->6528K(59008K), 0.0623233 secs] 7193129K->7149994K(25159296K), 0.0626884 secs] [Times: user=0.70 sys=0.02, real=0.06 secs] 
2014-04-09T14:14:32.787+0900: 92.436: [GC (Allocation Failure) 92.436: [ParNew: 59008K->6528K(59008K), 0.0600630 secs] 7202474K->7159401K(25159296K), 0.0604321 secs] [Times: user=0.69 sys=0.02, real=0.06 secs] 
2014-04-09T14:14:32.891+0900: 92.540: [GC (Allocation Failure) 92.540: [ParNew: 59008K->6526K(59008K), 0.0581202 secs] 7211881K->7168530K(25159296K), 0.0584915 secs] [Times: user=0.67 sys=0.01, real=0.06 secs] 
2014-04-09T14:14:32.989+0900: 92.638: [GC (Allocation Failure) 92.638: [ParNew: 59006K->6528K(59008K), 0.0537466 secs] 7221010K->7177575K(25159296K), 0.0541140 secs] [Times: user=0.61 sys=0.01, real=0.06 secs] 
2014-04-09T14:14:33.083+0900: 92.732: [GC (Allocation Failure) 92.732: [ParNew: 59008K->6528K(59008K), 0.0552046 secs] 7230055K->7185327K(25159296K), 0.0555782 secs] [Times: user=0.65 sys=0.01, real=0.06 secs] 
2014-04-09T14:14:33.181+0900: 92.830: [GC (Allocation Failure) 92.830: [ParNew: 59008K->6528K(59008K), 0.0639562 secs] 7237807K->7194477K(25159296K), 0.0643225 secs] [Times: user=0.72 sys=0.02, real=0.07 secs] 
2014-04-09T14:14:33.284+0900: 92.933: [GC (Allocation Failure) 92.933: [ParNew: 58985K->6528K(59008K), 0.0573595 secs] 7246934K->7203386K(25159296K), 0.0577203 secs] [Times: user=0.66 sys=0.00, real=0.05 secs] 
2014-04-09T14:14:33.378+0900: 93.028: [GC (Allocation Failure) 93.028: [ParNew: 59008K->6528K(59008K), 0.0495068 secs] 7255866K->7212426K(25159296K), 0.0498629 secs] [Times: user=0.57 sys=0.01, real=0.05 secs] 
2014-04-09T14:14:33.466+0900: 93.115: [GC (Allocation Failure) 93.116: [ParNew: 59008K->6528K(59008K), 0.0582623 secs] 7264906K->7221333K(25159296K), 0.0586237 secs] [Times: user=0.67 sys=0.01, real=0.06 secs] 
2014-04-09T14:14:33.564+0900: 93.213: [GC (Allocation Failure) 93.213: [ParNew: 59007K->6528K(59008K), 0.0533118 secs] 7273813K->7228174K(25159296K), 0.0536698 secs] [Times: user=0.62 sys=0.01, real=0.05 secs] 
2014-04-09T14:14:33.655+0900: 93.305: [GC (Allocation Failure) 93.305: [ParNew: 59008K->6528K(59008K), 0.0622590 secs] 7280654K->7237029K(25159296K), 0.0626186 secs] [Times: user=0.71 sys=0.02, real=0.06 secs] 
2014-04-09T14:14:33.757+0900: 93.406: [GC (Allocation Failure) 93.406: [ParNew: 59007K->6528K(59008K), 0.0588219 secs] 7289509K->7246230K(25159296K), 0.0591776 secs] [Times: user=0.69 sys=0.01, real=0.06 secs] 
2014-04-09T14:14:33.856+0900: 93.505: [GC (Allocation Failure) 93.505: [ParNew: 58969K->6528K(59008K), 0.0572189 secs] 7298671K->7254667K(25159296K), 0.0575772 secs] [Times: user=0.65 sys=0.01, real=0.05 secs] 
2014-04-09T14:14:33.953+0900: 93.602: [GC (Allocation Failure) 93.602: [ParNew: 59008K->6528K(59008K), 0.0570899 secs] 7307147K->7263836K(25159296K), 0.0574542 secs] [Times: user=0.66 sys=0.01, real=0.06 secs] 
2014-04-09T14:14:34.051+0900: 93.700: [GC (Allocation Failure) 93.700: [ParNew: 59008K->6528K(59008K), 0.0557091 secs] 7316316K->7271924K(25159296K), 0.0560665 secs] [Times: user=0.64 sys=0.01, real=0.06 secs] 
2014-04-09T14:14:34.146+0900: 93.795: [GC (Allocation Failure) 93.795: [ParNew: 59008K->6528K(59008K), 0.0599194 secs] 7324404K->7280341K(25159296K), 0.0602793 secs] [Times: user=0.68 sys=0.02, real=0.06 secs] 
2014-04-09T14:14:34.244+0900: 93.893: [GC (Allocation Failure) 93.894: [ParNew: 59008K->6528K(59008K), 0.0574759 secs] 7332821K->7289736K(25159296K), 0.0578357 secs] [Times: user=0.67 sys=0.01, real=0.05 secs] 
2014-04-09T14:14:34.341+0900: 93.990: [GC (Allocation Failure) 93.990: [ParNew: 59007K->6528K(59008K), 0.0595747 secs] 7342215K->7299019K(25159296K), 0.0599321 secs] [Times: user=0.68 sys=0.01, real=0.06 secs] 
2014-04-09T14:14:34.439+0900: 94.088: [GC (Allocation Failure) 94.088: [ParNew: 59008K->6528K(59008K), 0.0531084 secs] 7351499K->7308284K(25159296K), 0.0534730 secs] [Times: user=0.61 sys=0.01, real=0.05 secs] 
2014-04-09T14:14:34.532+0900: 94.181: [GC (Allocation Failure) 94.181: [ParNew: 59008K->6528K(59008K), 0.0516122 secs] 7360764K->7316917K(25159296K), 0.0519777 secs] [Times: user=0.59 sys=0.00, real=0.06 secs] 
2014-04-09T14:14:34.621+0900: 94.270: [GC (Allocation Failure) 94.271: [ParNew: 59008K->6528K(59008K), 0.0531052 secs] 7369397K->7324911K(25159296K), 0.0534632 secs] [Times: user=0.61 sys=0.01, real=0.06 secs] 
2014-04-09T14:14:34.716+0900: 94.365: [GC (Allocation Failure) 94.365: [ParNew: 59008K->6528K(59008K), 0.0495360 secs] 7377391K->7333214K(25159296K), 0.0499022 secs] [Times: user=0.56 sys=0.01, real=0.05 secs] 
2014-04-09T14:14:34.807+0900: 94.456: [GC (Allocation Failure) 94.456: [ParNew: 59008K->6528K(59008K), 0.0552570 secs] 7385694K->7343337K(25159296K), 0.0556136 secs] [Times: user=0.65 sys=0.01, real=0.05 secs] 
2014-04-09T14:14:34.902+0900: 94.551: [GC (Allocation Failure) 94.551: [ParNew: 59008K->6528K(59008K), 0.0546550 secs] 7395817K->7352251K(25159296K), 0.0550148 secs] [Times: user=0.63 sys=0.01, real=0.06 secs] 
2014-04-09T14:14:34.998+0900: 94.647: [GC (Allocation Failure) 94.648: [ParNew: 59008K->6528K(59008K), 0.0582979 secs] 7404731K->7360471K(25159296K), 0.0586633 secs] [Times: user=0.67 sys=0.00, real=0.06 secs] 
2014-04-09T14:14:35.097+0900: 94.746: [GC (Allocation Failure) 94.746: [ParNew: 59008K->6528K(59008K), 0.0543273 secs] 7412951K->7367931K(25159296K), 0.0546890 secs] [Times: user=0.62 sys=0.00, real=0.05 secs] 
2014-04-09T14:14:35.196+0900: 94.845: [GC (Allocation Failure) 94.846: [ParNew: 59008K->6528K(59008K), 0.0638375 secs] 7420411K->7376471K(25159296K), 0.0642025 secs] [Times: user=0.73 sys=0.00, real=0.06 secs] 
2014-04-09T14:14:35.300+0900: 94.949: [GC (Allocation Failure) 94.949: [ParNew: 58949K->6528K(59008K), 0.0612070 secs] 7428892K->7385260K(25159296K), 0.0615829 secs] [Times: user=0.71 sys=0.01, real=0.06 secs] 
2014-04-09T14:14:35.400+0900: 95.049: [GC (Allocation Failure) 95.049: [ParNew: 59008K->6528K(59008K), 0.0613657 secs] 7437740K->7394782K(25159296K), 0.0617253 secs] [Times: user=0.72 sys=0.01, real=0.06 secs] 
2014-04-09T14:14:35.501+0900: 95.150: [GC (Allocation Failure) 95.150: [ParNew: 59008K->6528K(59008K), 0.0523717 secs] 7447262K->7403263K(25159296K), 0.0527275 secs] [Times: user=0.61 sys=0.00, real=0.06 secs] 
2014-04-09T14:14:35.602+0900: 95.251: [GC (Allocation Failure) 95.251: [ParNew: 59008K->6528K(59008K), 0.0551564 secs] 7455743K->7411595K(25159296K), 0.0555187 secs] [Times: user=0.64 sys=0.00, real=0.06 secs] 
2014-04-09T14:14:35.697+0900: 95.346: [GC (Allocation Failure) 95.346: [ParNew: 59008K->6528K(59008K), 0.0513485 secs] 7464075K->7420013K(25159296K), 0.0517116 secs] [Times: user=0.59 sys=0.01, real=0.05 secs] 
2014-04-09T14:14:35.788+0900: 95.437: [GC (Allocation Failure) 95.437: [ParNew: 59008K->6528K(59008K), 0.0512012 secs] 7472493K->7428972K(25159296K), 0.0515562 secs] [Times: user=0.58 sys=0.02, real=0.05 secs] 
2014-04-09T14:14:35.878+0900: 95.527: [GC (Allocation Failure) 95.527: [ParNew: 59008K->6528K(59008K), 0.0589668 secs] 7481452K->7437740K(25159296K), 0.0593226 secs] [Times: user=0.68 sys=0.01, real=0.06 secs] 
2014-04-09T14:14:35.976+0900: 95.625: [GC (Allocation Failure) 95.625: [ParNew: 59008K->6528K(59008K), 0.0596497 secs] 7490220K->7446415K(25159296K), 0.0600066 secs] [Times: user=0.69 sys=0.01, real=0.06 secs] 
2014-04-09T14:14:36.074+0900: 95.723: [GC (Allocation Failure) 95.723: [ParNew: 59008K->6528K(59008K), 0.0543483 secs] 7498895K->7455974K(25159296K), 0.0547039 secs] [Times: user=0.63 sys=0.01, real=0.05 secs] 
2014-04-09T14:14:36.169+0900: 95.818: [GC (Allocation Failure) 95.818: [ParNew: 59008K->6528K(59008K), 0.0572420 secs] 7508454K->7463428K(25159296K), 0.0575976 secs] [Times: user=0.66 sys=0.01, real=0.06 secs] 
2014-04-09T14:14:36.270+0900: 95.919: [GC (Allocation Failure) 95.919: [ParNew: 59008K->6528K(59008K), 0.0597383 secs] 7515908K->7471616K(25159296K), 0.0600911 secs] [Times: user=0.69 sys=0.01, real=0.06 secs] 
2014-04-09T14:14:36.369+0900: 96.018: [GC (Allocation Failure) 96.019: [ParNew: 59008K->6528K(59008K), 0.0574239 secs] 7524096K->7481886K(25159296K), 0.0577975 secs] [Times: user=0.65 sys=0.01, real=0.06 secs] 
2014-04-09T14:14:36.465+0900: 96.114: [GC (Allocation Failure) 96.115: [ParNew: 59008K->6528K(59008K), 0.0553262 secs] 7534366K->7490005K(25159296K), 0.0556896 secs] [Times: user=0.64 sys=0.02, real=0.05 secs] 
2014-04-09T14:14:36.562+0900: 96.211: [GC (Allocation Failure) 96.212: [ParNew: 59008K->6528K(59008K), 0.0565769 secs] 7542485K->7499060K(25159296K), 0.0569482 secs] [Times: user=0.65 sys=0.01, real=0.06 secs] 
2014-04-09T14:14:36.659+0900: 96.308: [GC (Allocation Failure) 96.308: [ParNew: 59008K->6528K(59008K), 0.0540420 secs] 7551540K->7506906K(25159296K), 0.0544111 secs] [Times: user=0.61 sys=0.02, real=0.05 secs] 
2014-04-09T14:14:36.752+0900: 96.401: [GC (Allocation Failure) 96.401: [ParNew: 59008K->6528K(59008K), 0.0622179 secs] 7559386K->7515006K(25159296K), 0.0625885 secs] [Times: user=0.73 sys=0.01, real=0.07 secs] 
2014-04-09T14:14:36.857+0900: 96.506: [GC (Allocation Failure) 96.506: [ParNew: 59008K->6528K(59008K), 0.0524217 secs] 7567486K->7524615K(25159296K), 0.0527843 secs] [Times: user=0.60 sys=0.01, real=0.05 secs] 
2014-04-09T14:14:36.953+0900: 96.602: [GC (Allocation Failure) 96.602: [ParNew: 59008K->6528K(59008K), 0.0520455 secs] 7577095K->7533982K(25159296K), 0.0524086 secs] [Times: user=0.60 sys=0.01, real=0.06 secs] 
2014-04-09T14:14:37.044+0900: 96.693: [GC (Allocation Failure) 96.693: [ParNew: 59008K->6528K(59008K), 0.0529185 secs] 7586462K->7541955K(25159296K), 0.0532962 secs] [Times: user=0.62 sys=0.01, real=0.05 secs] 
2014-04-09T14:14:37.100+0900: 96.749: [GC (CMS Initial Mark) [1 CMS-initial-mark: 7535427K(25100288K)] 7542785K(25159296K), 0.0020077 secs] [Times: user=0.01 sys=0.00, real=0.00 secs] 
2014-04-09T14:14:37.102+0900: 96.751: [CMS-concurrent-mark-start]
2014-04-09T14:14:37.150+0900: 96.799: [GC (Allocation Failure) 96.799: [ParNew: 59008K->6528K(59008K), 0.0538533 secs] 7594435K->7549643K(25159296K), 0.0542279 secs] [Times: user=0.64 sys=0.00, real=0.06 secs] 
2014-04-09T14:14:37.252+0900: 96.901: [GC (Allocation Failure) 96.902: [ParNew: 59008K->6528K(59008K), 0.0617998 secs] 7602123K->7558818K(25159296K), 0.0621656 secs] [Times: user=0.72 sys=0.01, real=0.07 secs] 
2014-04-09T14:14:37.364+0900: 97.013: [GC (Allocation Failure) 97.013: [ParNew: 59008K->6528K(59008K), 0.0550625 secs] 7611298K->7567670K(25159296K), 0.0554222 secs] [Times: user=0.63 sys=0.01, real=0.06 secs] 
2014-04-09T14:14:37.470+0900: 97.119: [GC (Allocation Failure) 97.120: [ParNew: 59008K->6528K(59008K), 0.0573788 secs] 7620150K->7576152K(25159296K), 0.0577379 secs] [Times: user=0.67 sys=0.00, real=0.06 secs] 
2014-04-09T14:14:37.577+0900: 97.226: [GC (Allocation Failure) 97.226: [ParNew: 59008K->6528K(59008K), 0.0511460 secs] 7628632K->7584624K(25159296K), 0.0515013 secs] [Times: user=0.60 sys=0.00, real=0.05 secs] 
2014-04-09T14:14:37.678+0900: 97.327: [GC (Allocation Failure) 97.327: [ParNew: 59008K->6528K(59008K), 0.0522618 secs] 7637104K->7592909K(25159296K), 0.0526191 secs] [Times: user=0.59 sys=0.02, real=0.05 secs] 
2014-04-09T14:14:37.781+0900: 97.430: [GC (Allocation Failure) 97.430: [ParNew: 59008K->6528K(59008K), 0.0556148 secs] 7645389K->7602313K(25159296K), 0.0559788 secs] [Times: user=0.63 sys=0.02, real=0.06 secs] 
2014-04-09T14:14:37.888+0900: 97.538: [GC (Allocation Failure) 97.538: [ParNew: 59008K->6528K(59008K), 0.0558651 secs] 7654793K->7610513K(25159296K), 0.0562408 secs] [Times: user=0.65 sys=0.00, real=0.06 secs] 
2014-04-09T14:14:37.999+0900: 97.648: [GC (Allocation Failure) 97.648: [ParNew: 59008K->6528K(59008K), 0.0590923 secs] 7662993K->7619333K(25159296K), 0.0594564 secs] [Times: user=0.69 sys=0.00, real=0.06 secs] 
2014-04-09T14:14:38.106+0900: 97.755: [GC (Allocation Failure) 97.755: [ParNew: 59008K->6528K(59008K), 0.0556871 secs] 7671813K->7628401K(25159296K), 0.0560458 secs] [Times: user=0.64 sys=0.01, real=0.05 secs] 
2014-04-09T14:14:38.212+0900: 97.861: [GC (Allocation Failure) 97.861: [ParNew: 59008K->6528K(59008K), 0.0499224 secs] 7680881K->7636619K(25159296K), 0.0502825 secs] [Times: user=0.57 sys=0.02, real=0.05 secs] 
2014-04-09T14:14:38.311+0900: 97.960: [GC (Allocation Failure) 97.961: [ParNew: 59008K->6528K(59008K), 0.0548174 secs] 7689099K->7645956K(25159296K), 0.0551902 secs] [Times: user=0.63 sys=0.01, real=0.06 secs] 
2014-04-09T14:14:38.415+0900: 98.064: [GC (Allocation Failure) 98.064: [ParNew: 59008K->6528K(59008K), 0.0585570 secs] 7698436K->7654817K(25159296K), 0.0589140 secs] [Times: user=0.67 sys=0.01, real=0.05 secs] 
2014-04-09T14:14:38.525+0900: 98.174: [GC (Allocation Failure) 98.175: [ParNew: 59008K->6528K(59008K), 0.0529046 secs] 7707297K->7663474K(25159296K), 0.0532699 secs] [Times: user=0.62 sys=0.00, real=0.05 secs] 
2014-04-09T14:14:38.631+0900: 98.280: [GC (Allocation Failure) 98.280: [ParNew: 59008K->6528K(59008K), 0.0491427 secs] 7715954K->7672480K(25159296K), 0.0495050 secs] [Times: user=0.54 sys=0.01, real=0.05 secs] 
2014-04-09T14:14:38.737+0900: 98.386: [GC (Allocation Failure) 98.386: [ParNew: 59008K->6528K(59008K), 0.0593342 secs] 7724960K->7681305K(25159296K), 0.0597012 secs] [Times: user=0.69 sys=0.01, real=0.06 secs] 
2014-04-09T14:14:38.812+0900: 98.461: [CMS-concurrent-mark: 0.797/1.710 secs] [Times: user=19.28 sys=2.04, real=1.71 secs] 
2014-04-09T14:14:38.812+0900: 98.461: [CMS-concurrent-preclean-start]
2014-04-09T14:14:38.839+0900: 98.488: [GC (Allocation Failure) 98.489: [ParNew: 59008K->6528K(59008K), 0.0614006 secs] 7733785K->7689564K(25159296K), 0.0617780 secs] [Times: user=0.72 sys=0.01, real=0.06 secs] 
2014-04-09T14:14:38.941+0900: 98.591: [GC (Allocation Failure) 98.591: [ParNew: 59008K->6528K(59008K), 0.0563290 secs] 7742044K->7699338K(25159296K), 0.0566924 secs] [Times: user=0.64 sys=0.02, real=0.06 secs] 
2014-04-09T14:14:39.042+0900: 98.691: [GC (Allocation Failure) 98.691: [ParNew: 59008K->6528K(59008K), 0.0528779 secs] 7751818K->7708588K(25159296K), 0.0532381 secs] [Times: user=0.61 sys=0.00, real=0.06 secs] 
2014-04-09T14:14:39.137+0900: 98.786: [GC (Allocation Failure) 98.786: [ParNew: 59008K->6528K(59008K), 0.0548763 secs] 7761068K->7718187K(25159296K), 0.0552399 secs] [Times: user=0.63 sys=0.00, real=0.05 secs] 
2014-04-09T14:14:39.232+0900: 98.881: [GC (Allocation Failure) 98.881: [ParNew: 59008K->6528K(59008K), 0.0531692 secs] 7770667K->7727004K(25159296K), 0.0535351 secs] [Times: user=0.60 sys=0.01, real=0.06 secs] 
2014-04-09T14:14:39.326+0900: 98.975: [GC (Allocation Failure) 98.975: [ParNew: 59008K->6528K(59008K), 0.0558104 secs] 7779484K->7736940K(25159296K), 0.0561715 secs] [Times: user=0.64 sys=0.00, real=0.05 secs] 
2014-04-09T14:14:39.421+0900: 99.070: [GC (Allocation Failure) 99.070: [ParNew: 59008K->6528K(59008K), 0.0515650 secs] 7789420K->7744970K(25159296K), 0.0519300 secs] [Times: user=0.59 sys=0.01, real=0.05 secs] 
2014-04-09T14:14:39.515+0900: 99.164: [GC (Allocation Failure) 99.164: [ParNew: 59008K->6528K(59008K), 0.0543226 secs] 7797450K->7755110K(25159296K), 0.0546936 secs] [Times: user=0.64 sys=0.01, real=0.05 secs] 
2014-04-09T14:14:39.610+0900: 99.259: [GC (Allocation Failure) 99.259: [ParNew: 59008K->6528K(59008K), 0.0567914 secs] 7807590K->7763244K(25159296K), 0.0571567 secs] [Times: user=0.66 sys=0.01, real=0.06 secs] 
2014-04-09T14:14:39.706+0900: 99.355: [GC (Allocation Failure) 99.355: [ParNew: 59008K->6528K(59008K), 0.0569614 secs] 7815724K->7771166K(25159296K), 0.0573271 secs] [Times: user=0.67 sys=0.01, real=0.05 secs] 
2014-04-09T14:14:39.804+0900: 99.453: [GC (Allocation Failure) 99.453: [ParNew: 59008K->6528K(59008K), 0.0536342 secs] 7823646K->7779941K(25159296K), 0.0539984 secs] [Times: user=0.62 sys=0.01, real=0.06 secs] 
2014-04-09T14:14:39.904+0900: 99.553: [GC (Allocation Failure) 99.553: [ParNew: 59008K->6528K(59008K), 0.0528183 secs] 7832421K->7788176K(25159296K), 0.0531795 secs] [Times: user=0.61 sys=0.01, real=0.06 secs] 
2014-04-09T14:14:40.001+0900: 99.650: [GC (Allocation Failure) 99.650: [ParNew: 59008K->6528K(59008K), 0.0584896 secs] 7840656K->7797578K(25159296K), 0.0588502 secs] [Times: user=0.68 sys=0.00, real=0.06 secs] 
2014-04-09T14:14:40.103+0900: 99.752: [GC (Allocation Failure) 99.752: [ParNew: 59008K->6528K(59008K), 0.0547518 secs] 7850058K->7806226K(25159296K), 0.0551128 secs] [Times: user=0.63 sys=0.01, real=0.06 secs] 
2014-04-09T14:14:40.200+0900: 99.849: [GC (Allocation Failure) 99.850: [ParNew: 59008K->6528K(59008K), 0.0515500 secs] 7858706K->7814079K(25159296K), 0.0519207 secs] [Times: user=0.60 sys=0.00, real=0.05 secs] 
2014-04-09T14:14:40.292+0900: 99.941: [GC (Allocation Failure) 99.941: [ParNew: 59008K->6528K(59008K), 0.0531064 secs] 7866559K->7822411K(25159296K), 0.0534777 secs] [Times: user=0.61 sys=0.01, real=0.06 secs] 
2014-04-09T14:14:40.386+0900: 100.035: [GC (Allocation Failure) 100.035: [ParNew: 59008K->6528K(59008K), 0.0556509 secs] 7874891K->7831183K(25159296K), 0.0560146 secs] [Times: user=0.65 sys=0.00, real=0.05 secs] 
2014-04-09T14:14:40.484+0900: 100.133: [GC (Allocation Failure) 100.133: [ParNew: 59008K->6528K(59008K), 0.0513141 secs] 7883663K->7839517K(25159296K), 0.0516767 secs] [Times: user=0.59 sys=0.01, real=0.06 secs] 
2014-04-09T14:14:40.577+0900: 100.226: [GC (Allocation Failure) 100.226: [ParNew: 59008K->6528K(59008K), 0.0605227 secs] 7891997K->7848422K(25159296K), 0.0608965 secs] [Times: user=0.68 sys=0.02, real=0.06 secs] 
2014-04-09T14:14:40.754+0900: 100.403: [CMS-concurrent-preclean: 0.796/1.941 secs] [Times: user=20.02 sys=2.45, real=1.94 secs] 
2014-04-09T14:14:40.755+0900: 100.405: [GC (Allocation Failure) 100.405: [ParNew: 59008K->6528K(59008K), 0.0531759 secs] 7900902K->7857850K(25159296K), 0.0535300 secs] [Times: user=0.60 sys=0.01, real=0.05 secs] 
2014-04-09T14:14:40.811+0900: 100.460: [GC (CMS Final Remark) [YG occupancy: 6536 K (59008 K)]100.460: [Rescan (parallel) , 0.0175937 secs]100.477: [weak refs processing, 0.0374803 secs]100.515: [class unloading, 0.0534463 secs]100.568: [scrub symbol table, 0.0043364 secs]100.573: [scrub string table, 0.0012282 secs][1 CMS-remark: 7851322K(25100288K)] 7857859K(25159296K), 0.1382117 secs] [Times: user=0.33 sys=0.00, real=0.14 secs] 
2014-04-09T14:14:40.950+0900: 100.599: [CMS-concurrent-sweep-start]
2014-04-09T14:14:40.998+0900: 100.647: [GC (Allocation Failure) 100.647: [ParNew: 59008K->6528K(59008K), 0.0556204 secs] 7885563K->7839772K(25159296K), 0.0559962 secs] [Times: user=0.69 sys=0.00, real=0.06 secs] 
2014-04-09T14:14:41.100+0900: 100.749: [GC (Allocation Failure) 100.750: [ParNew: 59008K->6528K(59008K), 0.0473968 secs] 7859274K->7814936K(25159296K), 0.0477623 secs] [Times: user=0.59 sys=0.00, real=0.05 secs] 
2014-04-09T14:14:41.192+0900: 100.841: [GC (Allocation Failure) 100.841: [ParNew: 59008K->6528K(59008K), 0.0459901 secs] 7840013K->7798378K(25159296K), 0.0463638 secs] [Times: user=0.54 sys=0.01, real=0.05 secs] 
2014-04-09T14:14:41.278+0900: 100.927: [GC (Allocation Failure) 100.928: [ParNew: 59008K->6528K(59008K), 0.0543942 secs] 7822437K->7779454K(25159296K), 0.0547602 secs] [Times: user=0.67 sys=0.00, real=0.05 secs] 
2014-04-09T14:14:41.376+0900: 101.025: [GC (Allocation Failure) 101.025: [ParNew: 59008K->6528K(59008K), 0.0533701 secs] 7803504K->7758891K(25159296K), 0.0537420 secs] [Times: user=0.66 sys=0.01, real=0.05 secs] 
2014-04-09T14:14:41.469+0900: 101.118: [GC (Allocation Failure) 101.118: [ParNew: 59008K->6528K(59008K), 0.0472693 secs] 7785501K->7740378K(25159296K), 0.0476419 secs] [Times: user=0.57 sys=0.01, real=0.05 secs] 
2014-04-09T14:14:41.559+0900: 101.208: [GC (Allocation Failure) 101.209: [ParNew: 59008K->6528K(59008K), 0.0584791 secs] 7761529K->7718772K(25159296K), 0.0588425 secs] [Times: user=0.72 sys=0.01, real=0.06 secs] 
2014-04-09T14:14:41.660+0900: 101.309: [GC (Allocation Failure) 101.309: [ParNew: 59008K->6528K(59008K), 0.0576581 secs] 7742061K->7697544K(25159296K), 0.0580174 secs] [Times: user=0.71 sys=0.00, real=0.06 secs] 
2014-04-09T14:14:41.759+0900: 101.408: [GC (Allocation Failure) 101.408: [ParNew: 59008K->6528K(59008K), 0.0490458 secs] 7721524K->7678022K(25159296K), 0.0494132 secs] [Times: user=0.60 sys=0.00, real=0.05 secs] 
2014-04-09T14:14:41.848+0900: 101.497: [GC (Allocation Failure) 101.497: [ParNew: 59008K->6528K(59008K), 0.0529917 secs] 7701846K->7658067K(25159296K), 0.0533542 secs] [Times: user=0.65 sys=0.01, real=0.05 secs] 
2014-04-09T14:14:41.941+0900: 101.590: [GC (Allocation Failure) 101.590: [ParNew: 59008K->6528K(59008K), 0.0574909 secs] 7682047K->7638391K(25159296K), 0.0578477 secs] [Times: user=0.70 sys=0.01, real=0.06 secs] 
2014-04-09T14:14:42.044+0900: 101.693: [GC (Allocation Failure) 101.693: [ParNew: 59008K->6528K(59008K), 0.0451254 secs] 7660981K->7616136K(25159296K), 0.0454862 secs] [Times: user=0.55 sys=0.01, real=0.05 secs] 
2014-04-09T14:14:42.133+0900: 101.782: [GC (Allocation Failure) 101.782: [ParNew: 59008K->6528K(59008K), 0.0540212 secs] 7642263K->7599034K(25159296K), 0.0543744 secs] [Times: user=0.66 sys=0.01, real=0.06 secs] 
2014-04-09T14:14:42.226+0900: 101.875: [GC (Allocation Failure) 101.875: [ParNew: 59008K->6528K(59008K), 0.0510624 secs] 7629728K->7586985K(25159296K), 0.0514333 secs] [Times: user=0.61 sys=0.01, real=0.05 secs] 
2014-04-09T14:14:42.318+0900: 101.967: [GC (Allocation Failure) 101.968: [ParNew: 59008K->6528K(59008K), 0.0451303 secs] 7614118K->7569329K(25159296K), 0.0455085 secs] [Times: user=0.55 sys=0.00, real=0.04 secs] 
2014-04-09T14:14:42.405+0900: 102.055: [GC (Allocation Failure) 102.055: [ParNew: 59008K->6528K(59008K), 0.0568858 secs] 7595999K->7553241K(25159296K), 0.0572501 secs] [Times: user=0.70 sys=0.01, real=0.05 secs] 
2014-04-09T14:14:42.502+0900: 102.151: [GC (Allocation Failure) 102.151: [ParNew: 59008K->6528K(59008K), 0.0471431 secs] 7581495K->7538080K(25159296K), 0.0475085 secs] [Times: user=0.57 sys=0.01, real=0.05 secs] 
2014-04-09T14:14:42.589+0900: 102.238: [GC (Allocation Failure) 102.238: [ParNew: 59008K->6528K(59008K), 0.0436324 secs] 7565693K->7521024K(25159296K), 0.0440250 secs] [Times: user=0.52 sys=0.00, real=0.04 secs] 
2014-04-09T14:14:42.677+0900: 102.326: [GC (Allocation Failure) 102.326: [ParNew: 59008K->6528K(59008K), 0.0467104 secs] 7544741K->7501264K(25159296K), 0.0470779 secs] [Times: user=0.58 sys=0.00, real=0.05 secs] 
2014-04-09T14:14:42.767+0900: 102.416: [GC (Allocation Failure) 102.417: [ParNew: 59008K->6528K(59008K), 0.0518354 secs] 7526065K->7482511K(25159296K), 0.0521872 secs] [Times: user=0.62 sys=0.01, real=0.05 secs] 
2014-04-09T14:14:42.860+0900: 102.509: [GC (Allocation Failure) 102.510: [ParNew: 59008K->6528K(59008K), 0.0531988 secs] 7510527K->7466674K(25159296K), 0.0535610 secs] [Times: user=0.64 sys=0.01, real=0.05 secs] 
2014-04-09T14:14:42.956+0900: 102.605: [GC (Allocation Failure) 102.606: [ParNew: 59008K->6528K(59008K), 0.0471513 secs] 7493048K->7449570K(25159296K), 0.0475083 secs] [Times: user=0.56 sys=0.01, real=0.04 secs] 
2014-04-09T14:14:43.050+0900: 102.699: [GC (Allocation Failure) 102.699: [ParNew: 59008K->6528K(59008K), 0.0468596 secs] 7475459K->7430748K(25159296K), 0.0472140 secs] [Times: user=0.57 sys=0.00, real=0.05 secs] 
2014-04-09T14:14:43.138+0900: 102.787: [GC (Allocation Failure) 102.787: [ParNew: 59008K->6528K(59008K), 0.0555878 secs] 7456784K->7413045K(25159296K), 0.0559446 secs] [Times: user=0.68 sys=0.00, real=0.05 secs] 
2014-04-09T14:14:43.235+0900: 102.884: [GC (Allocation Failure) 102.884: [ParNew: 59008K->6528K(59008K), 0.0609366 secs] 7441294K->7397757K(25159296K), 0.0612956 secs] [Times: user=0.74 sys=0.01, real=0.06 secs] 
2014-04-09T14:14:43.339+0900: 102.988: [GC (Allocation Failure) 102.988: [ParNew: 59008K->6528K(59008K), 0.0531733 secs] 7423221K->7379904K(25159296K), 0.0535569 secs] [Times: user=0.65 sys=0.01, real=0.05 secs] 
2014-04-09T14:14:43.432+0900: 103.081: [GC (Allocation Failure) 103.082: [ParNew: 59008K->6528K(59008K), 0.0590076 secs] 7408205K->7364379K(25159296K), 0.0593595 secs] [Times: user=0.72 sys=0.01, real=0.06 secs] 
2014-04-09T14:14:43.541+0900: 103.191: [GC (Allocation Failure) 103.191: [ParNew: 59008K->6528K(59008K), 0.0545169 secs] 7385075K->7340567K(25159296K), 0.0548780 secs] [Times: user=0.67 sys=0.00, real=0.06 secs] 
2014-04-09T14:14:43.638+0900: 103.287: [GC (Allocation Failure) 103.288: [ParNew: 59008K->6528K(59008K), 0.0457372 secs] 7366573K->7322632K(25159296K), 0.0460940 secs] [Times: user=0.55 sys=0.00, real=0.05 secs] 
2014-04-09T14:14:43.725+0900: 103.374: [GC (Allocation Failure) 103.374: [ParNew: 59008K->6528K(59008K), 0.0516036 secs] 7350717K->7306706K(25159296K), 0.0519640 secs] [Times: user=0.62 sys=0.01, real=0.05 secs] 
2014-04-09T14:14:43.817+0900: 103.466: [GC (Allocation Failure) 103.466: [ParNew: 59008K->6528K(59008K), 0.0467498 secs] 7334995K->7292258K(25159296K), 0.0471211 secs] [Times: user=0.56 sys=0.00, real=0.04 secs] 
2014-04-09T14:14:43.906+0900: 103.555: [GC (Allocation Failure) 103.555: [ParNew: 59008K->6528K(59008K), 0.0543517 secs] 7318750K->7274961K(25159296K), 0.0547183 secs] [Times: user=0.65 sys=0.01, real=0.05 secs] 
2014-04-09T14:14:44.007+0900: 103.656: [GC (Allocation Failure) 103.656: [ParNew: 59008K->6528K(59008K), 0.0552221 secs] 7299239K->7255257K(25159296K), 0.0555814 secs] [Times: user=0.67 sys=0.01, real=0.05 secs] 
2014-04-09T14:14:44.102+0900: 103.751: [GC (Allocation Failure) 103.752: [ParNew: 59008K->6528K(59008K), 0.0567098 secs] 7284070K->7239893K(25159296K), 0.0570739 secs] [Times: user=0.69 sys=0.01, real=0.06 secs] 
2014-04-09T14:14:44.201+0900: 103.850: [GC (Allocation Failure) 103.850: [ParNew: 59008K->6528K(59008K), 0.0573948 secs] 7265645K->7221989K(25159296K), 0.0577674 secs] [Times: user=0.71 sys=0.01, real=0.06 secs] 
2014-04-09T14:14:44.299+0900: 103.948: [GC (Allocation Failure) 103.948: [ParNew: 59008K->6528K(59008K), 0.0454297 secs] 7249966K->7205654K(25159296K), 0.0457966 secs] [Times: user=0.55 sys=0.01, real=0.04 secs] 
2014-04-09T14:14:44.386+0900: 104.035: [GC (Allocation Failure) 104.035: [ParNew: 59008K->6528K(59008K), 0.0596276 secs] 7232602K->7189863K(25159296K), 0.0599973 secs] [Times: user=0.74 sys=0.01, real=0.06 secs] 
2014-04-09T14:14:44.487+0900: 104.136: [GC (Allocation Failure) 104.137: [ParNew: 59008K->6528K(59008K), 0.0520523 secs] 7216815K->7173508K(25159296K), 0.0524163 secs] [Times: user=0.64 sys=0.01, real=0.05 secs] 
2014-04-09T14:14:44.577+0900: 104.226: [GC (Allocation Failure) 104.226: [ParNew: 59008K->6528K(59008K), 0.0458573 secs] 7203123K->7158686K(25159296K), 0.0462352 secs] [Times: user=0.55 sys=0.01, real=0.04 secs] 
2014-04-09T14:14:44.665+0900: 104.314: [GC (Allocation Failure) 104.314: [ParNew: 59008K->6528K(59008K), 0.0588195 secs] 7184774K->7140942K(25159296K), 0.0591986 secs] [Times: user=0.72 sys=0.01, real=0.06 secs] 
2014-04-09T14:14:44.765+0900: 104.414: [GC (Allocation Failure) 104.414: [ParNew: 59008K->6528K(59008K), 0.0531304 secs] 7168819K->7125550K(25159296K), 0.0534961 secs] [Times: user=0.65 sys=0.01, real=0.06 secs] 
2014-04-09T14:14:44.860+0900: 104.509: [GC (Allocation Failure) 104.509: [ParNew: 59008K->6528K(59008K), 0.0548331 secs] 7151904K->7108658K(25159296K), 0.0551959 secs] [Times: user=0.67 sys=0.01, real=0.05 secs] 
2014-04-09T14:14:44.959+0900: 104.608: [GC (Allocation Failure) 104.608: [ParNew: 59008K->6528K(59008K), 0.0448861 secs] 7133904K->7089625K(25159296K), 0.0452505 secs] [Times: user=0.54 sys=0.01, real=0.04 secs] 
2014-04-09T14:14:45.051+0900: 104.700: [GC (Allocation Failure) 104.701: [ParNew: 59008K->6528K(59008K), 0.0578450 secs] 7110360K->7064965K(25159296K), 0.0581945 secs] [Times: user=0.72 sys=0.01, real=0.06 secs] 
2014-04-09T14:14:45.150+0900: 104.799: [GC (Allocation Failure) 104.799: [ParNew: 59008K->6528K(59008K), 0.0540082 secs] 7092711K->7048985K(25159296K), 0.0543796 secs] [Times: user=0.65 sys=0.01, real=0.05 secs] 
2014-04-09T14:14:45.247+0900: 104.896: [GC (Allocation Failure) 104.897: [ParNew: 59008K->6528K(59008K), 0.0466352 secs] 7076128K->7031979K(25159296K), 0.0470073 secs] [Times: user=0.57 sys=0.01, real=0.04 secs] 
2014-04-09T14:14:45.337+0900: 104.986: [GC (Allocation Failure) 104.986: [ParNew: 59008K->6528K(59008K), 0.0570960 secs] 7059355K->7015937K(25159296K), 0.0574621 secs] [Times: user=0.69 sys=0.01, real=0.05 secs] 
2014-04-09T14:14:45.439+0900: 105.089: [GC (Allocation Failure) 105.089: [ParNew: 59008K->6528K(59008K), 0.0472228 secs] 7042158K->6997872K(25159296K), 0.0475874 secs] [Times: user=0.57 sys=0.01, real=0.05 secs] 
2014-04-09T14:14:45.528+0900: 105.177: [GC (Allocation Failure) 105.177: [ParNew: 59008K->6528K(59008K), 0.0464669 secs] 7025002K->6981378K(25159296K), 0.0468443 secs] [Times: user=0.57 sys=0.00, real=0.04 secs] 
2014-04-09T14:14:45.616+0900: 105.265: [GC (Allocation Failure) 105.266: [ParNew: 59008K->6528K(59008K), 0.0442824 secs] 7008526K->6963947K(25159296K), 0.0446617 secs] [Times: user=0.54 sys=0.01, real=0.04 secs] 
2014-04-09T14:14:45.703+0900: 105.352: [GC (Allocation Failure) 105.352: [ParNew: 59008K->6528K(59008K), 0.0458681 secs] 6990375K->6946895K(25159296K), 0.0462337 secs] [Times: user=0.56 sys=0.00, real=0.05 secs] 
2014-04-09T14:14:45.792+0900: 105.441: [GC (Allocation Failure) 105.441: [ParNew: 59008K->6528K(59008K), 0.0455695 secs] 6971517K->6927827K(25159296K), 0.0459348 secs] [Times: user=0.56 sys=0.00, real=0.05 secs] 
2014-04-09T14:14:45.880+0900: 105.529: [GC (Allocation Failure) 105.530: [ParNew: 59008K->6528K(59008K), 0.0495537 secs] 6956859K->6914260K(25159296K), 0.0499182 secs] [Times: user=0.59 sys=0.01, real=0.05 secs] 
2014-04-09T14:14:45.972+0900: 105.621: [GC (Allocation Failure) 105.621: [ParNew: 59008K->6528K(59008K), 0.0519763 secs] 6941090K->6896432K(25159296K), 0.0523341 secs] [Times: user=0.64 sys=0.00, real=0.05 secs] 
2014-04-09T14:14:46.067+0900: 105.716: [GC (Allocation Failure) 105.717: [ParNew: 59008K->6528K(59008K), 0.0612313 secs] 6921557K->6877976K(25159296K), 0.0615847 secs] [Times: user=0.74 sys=0.01, real=0.06 secs] 
2014-04-09T14:14:46.170+0900: 105.819: [GC (Allocation Failure) 105.819: [ParNew: 59008K->6528K(59008K), 0.0592276 secs] 6906561K->6861757K(25159296K), 0.0595909 secs] [Times: user=0.73 sys=0.01, real=0.06 secs] 
2014-04-09T14:14:46.274+0900: 105.923: [GC (Allocation Failure) 105.924: [ParNew: 59008K->6528K(59008K), 0.0471458 secs] 6886062K->6841941K(25159296K), 0.0475121 secs] [Times: user=0.56 sys=0.01, real=0.05 secs] 
2014-04-09T14:14:46.363+0900: 106.012: [GC (Allocation Failure) 106.012: [ParNew: 59008K->6528K(59008K), 0.0575672 secs] 6868325K->6824836K(25159296K), 0.0579316 secs] [Times: user=0.70 sys=0.01, real=0.06 secs] 
2014-04-09T14:14:46.464+0900: 106.114: [GC (Allocation Failure) 106.114: [ParNew: 59008K->6528K(59008K), 0.0481907 secs] 6852598K->6808603K(25159296K), 0.0485582 secs] [Times: user=0.59 sys=0.00, real=0.05 secs] 
2014-04-09T14:14:46.555+0900: 106.205: [GC (Allocation Failure) 106.205: [ParNew: 59008K->6528K(59008K), 0.0511382 secs] 6834580K->6790790K(25159296K), 0.0515063 secs] [Times: user=0.62 sys=0.00, real=0.05 secs] 
2014-04-09T14:14:46.648+0900: 106.297: [GC (Allocation Failure) 106.297: [ParNew: 59008K->6528K(59008K), 0.0452038 secs] 6819497K->6774644K(25159296K), 0.0455773 secs] [Times: user=0.54 sys=0.01, real=0.04 secs] 
2014-04-09T14:14:46.739+0900: 106.388: [GC (Allocation Failure) 106.388: [ParNew: 59008K->6528K(59008K), 0.0603751 secs] 6799688K->6756369K(25159296K), 0.0607461 secs] [Times: user=0.74 sys=0.01, real=0.06 secs] 
2014-04-09T14:14:46.841+0900: 106.490: [GC (Allocation Failure) 106.491: [ParNew: 59008K->6528K(59008K), 0.0459781 secs] 6783610K->6739430K(25159296K), 0.0463507 secs] [Times: user=0.56 sys=0.01, real=0.05 secs] 
2014-04-09T14:14:46.929+0900: 106.579: [GC (Allocation Failure) 106.579: [ParNew: 59008K->6528K(59008K), 0.0459606 secs] 6765797K->6722652K(25159296K), 0.0463145 secs] [Times: user=0.55 sys=0.01, real=0.05 secs] 
2014-04-09T14:14:47.021+0900: 106.670: [GC (Allocation Failure) 106.671: [ParNew: 58913K->6528K(59008K), 0.0599933 secs] 6745981K->6702084K(25159296K), 0.0603453 secs] [Times: user=0.74 sys=0.00, real=0.06 secs] 
2014-04-09T14:14:47.127+0900: 106.777: [GC (Allocation Failure) 106.777: [ParNew: 59008K->6528K(59008K), 0.0486134 secs] 6724352K->6680834K(25159296K), 0.0489851 secs] [Times: user=0.59 sys=0.00, real=0.05 secs] 
2014-04-09T14:14:47.218+0900: 106.867: [GC (Allocation Failure) 106.867: [ParNew: 59008K->6528K(59008K), 0.0441984 secs] 6707609K->6662941K(25159296K), 0.0445658 secs] [Times: user=0.53 sys=0.01, real=0.04 secs] 
2014-04-09T14:14:47.310+0900: 106.959: [GC (Allocation Failure) 106.959: [ParNew: 59008K->6528K(59008K), 0.0518754 secs] 6685724K->6642304K(25159296K), 0.0522376 secs] [Times: user=0.64 sys=0.00, real=0.05 secs] 
2014-04-09T14:14:47.404+0900: 107.053: [GC (Allocation Failure) 107.053: [ParNew: 59008K->6528K(59008K), 0.0498691 secs] 6668540K->6624688K(25159296K), 0.0502376 secs] [Times: user=0.61 sys=0.00, real=0.05 secs] 
2014-04-09T14:14:47.495+0900: 107.144: [GC (Allocation Failure) 107.144: [ParNew: 59008K->6528K(59008K), 0.0551296 secs] 6652576K->6608502K(25159296K), 0.0555032 secs] [Times: user=0.68 sys=0.01, real=0.06 secs] 
2014-04-09T14:14:47.593+0900: 107.242: [GC (Allocation Failure) 107.242: [ParNew: 59008K->6528K(59008K), 0.0532142 secs] 6636895K->6593500K(25159296K), 0.0535760 secs] [Times: user=0.65 sys=0.00, real=0.06 secs] 
2014-04-09T14:14:47.687+0900: 107.336: [GC (Allocation Failure) 107.337: [ParNew: 58997K->6528K(59008K), 0.0444552 secs] 6621626K->6576232K(25159296K), 0.0448194 secs] [Times: user=0.54 sys=0.00, real=0.04 secs] 
2014-04-09T14:14:47.774+0900: 107.423: [GC (Allocation Failure) 107.423: [ParNew: 59008K->6528K(59008K), 0.0517729 secs] 6604572K->6561003K(25159296K), 0.0521310 secs] [Times: user=0.63 sys=0.00, real=0.06 secs] 
2014-04-09T14:14:47.865+0900: 107.514: [GC (Allocation Failure) 107.515: [ParNew: 59008K->6528K(59008K), 0.0473624 secs] 6589552K->6546197K(25159296K), 0.0477184 secs] [Times: user=0.57 sys=0.00, real=0.04 secs] 
2014-04-09T14:14:47.955+0900: 107.604: [GC (Allocation Failure) 107.604: [ParNew: 59008K->6528K(59008K), 0.0589686 secs] 6572821K->6529823K(25159296K), 0.0593303 secs] [Times: user=0.71 sys=0.01, real=0.06 secs] 
2014-04-09T14:14:48.055+0900: 107.704: [GC (Allocation Failure) 107.705: [ParNew: 59008K->6528K(59008K), 0.0526350 secs] 6556845K->6513222K(25159296K), 0.0530163 secs] [Times: user=0.64 sys=0.00, real=0.05 secs] 
2014-04-09T14:14:48.151+0900: 107.800: [GC (Allocation Failure) 107.801: [ParNew: 59008K->6528K(59008K), 0.0467477 secs] 6540012K->6495851K(25159296K), 0.0471183 secs] [Times: user=0.57 sys=0.00, real=0.05 secs] 
2014-04-09T14:14:48.242+0900: 107.891: [GC (Allocation Failure) 107.892: [ParNew: 59008K->6528K(59008K), 0.0448161 secs] 6520581K->6475932K(25159296K), 0.0451804 secs] [Times: user=0.53 sys=0.01, real=0.05 secs] 
2014-04-09T14:14:48.331+0900: 107.980: [GC (Allocation Failure) 107.980: [ParNew: 59008K->6528K(59008K), 0.0487521 secs] 6502024K->6458544K(25159296K), 0.0491087 secs] [Times: user=0.58 sys=0.02, real=0.05 secs] 
2014-04-09T14:14:48.423+0900: 108.072: [GC (Allocation Failure) 108.072: [ParNew: 59008K->6528K(59008K), 0.0480709 secs] 6484578K->6440486K(25159296K), 0.0484316 secs] [Times: user=0.57 sys=0.01, real=0.05 secs] 
2014-04-09T14:14:48.512+0900: 108.161: [GC (Allocation Failure) 108.161: [ParNew: 59008K->6528K(59008K), 0.0481396 secs] 6468402K->6424368K(25159296K), 0.0485004 secs] [Times: user=0.56 sys=0.01, real=0.05 secs] 
2014-04-09T14:14:48.602+0900: 108.251: [GC (Allocation Failure) 108.252: [ParNew: 59008K->6528K(59008K), 0.0557047 secs] 6450533K->6407648K(25159296K), 0.0560654 secs] [Times: user=0.67 sys=0.01, real=0.06 secs] 
2014-04-09T14:14:48.700+0900: 108.349: [GC (Allocation Failure) 108.349: [ParNew: 59008K->6528K(59008K), 0.0491484 secs] 6435491K->6391511K(25159296K), 0.0495024 secs] [Times: user=0.59 sys=0.00, real=0.05 secs] 
2014-04-09T14:14:48.796+0900: 108.445: [GC (Allocation Failure) 108.445: [ParNew: 59008K->6528K(59008K), 0.0600323 secs] 6414839K->6370964K(25159296K), 0.0603846 secs] [Times: user=0.73 sys=0.01, real=0.06 secs] 
2014-04-09T14:14:48.902+0900: 108.551: [GC (Allocation Failure) 108.551: [ParNew: 59008K->6528K(59008K), 0.0596861 secs] 6393498K->6350119K(25159296K), 0.0600353 secs] [Times: user=0.72 sys=0.01, real=0.06 secs] 
2014-04-09T14:14:49.003+0900: 108.652: [GC (Allocation Failure) 108.652: [ParNew: 59008K->6528K(59008K), 0.0615958 secs] 6377943K->6334543K(25159296K), 0.0619486 secs] [Times: user=0.75 sys=0.00, real=0.06 secs] 
2014-04-09T14:14:49.105+0900: 108.754: [GC (Allocation Failure) 108.754: [ParNew: 59008K->6528K(59008K), 0.0514069 secs] 6362374K->6318258K(25159296K), 0.0517679 secs] [Times: user=0.62 sys=0.01, real=0.06 secs] 
2014-04-09T14:14:49.195+0900: 108.844: [GC (Allocation Failure) 108.845: [ParNew: 59008K->6528K(59008K), 0.0461972 secs] 6347264K->6303397K(25159296K), 0.0465527 secs] [Times: user=0.53 sys=0.00, real=0.04 secs] 
2014-04-09T14:14:49.282+0900: 108.931: [GC (Allocation Failure) 108.931: [ParNew: 59008K->6528K(59008K), 0.0600425 secs] 6332153K->6289498K(25159296K), 0.0604052 secs] [Times: user=0.73 sys=0.01, real=0.06 secs] 
2014-04-09T14:14:49.385+0900: 109.034: [GC (Allocation Failure) 109.034: [ParNew: 59008K->6528K(59008K), 0.0572284 secs] 6314595K->6270162K(25159296K), 0.0575929 secs] [Times: user=0.69 sys=0.01, real=0.06 secs] 
2014-04-09T14:14:49.486+0900: 109.135: [GC (Allocation Failure) 109.135: [ParNew: 59008K->6528K(59008K), 0.0470628 secs] 6295283K->6250898K(25159296K), 0.0474233 secs] [Times: user=0.56 sys=0.00, real=0.04 secs] 
2014-04-09T14:14:49.574+0900: 109.223: [GC (Allocation Failure) 109.223: [ParNew: 59008K->6528K(59008K), 0.0530977 secs] 6279702K->6237171K(25159296K), 0.0534573 secs] [Times: user=0.65 sys=0.01, real=0.06 secs] 
2014-04-09T14:14:49.672+0900: 109.321: [GC (Allocation Failure) 109.322: [ParNew: 59008K->6528K(59008K), 0.0463272 secs] 6260986K->6216389K(25159296K), 0.0466796 secs] [Times: user=0.56 sys=0.00, real=0.05 secs] 
2014-04-09T14:14:49.759+0900: 109.408: [GC (Allocation Failure) 109.408: [ParNew: 59008K->6528K(59008K), 0.0531579 secs] 6245512K->6201796K(25159296K), 0.0535192 secs] [Times: user=0.64 sys=0.00, real=0.05 secs] 
2014-04-09T14:14:49.858+0900: 109.507: [GC (Allocation Failure) 109.508: [ParNew: 59008K->6528K(59008K), 0.0473552 secs] 6225804K->6180551K(25159296K), 0.0477187 secs] [Times: user=0.58 sys=0.00, real=0.05 secs] 
2014-04-09T14:14:49.951+0900: 109.600: [GC (Allocation Failure) 109.600: [ParNew: 59008K->6528K(59008K), 0.0558274 secs] 6205422K->6163342K(25159296K), 0.0561893 secs] [Times: user=0.67 sys=0.00, real=0.06 secs] 
2014-04-09T14:14:50.051+0900: 109.700: [GC (Allocation Failure) 109.700: [ParNew: 59008K->6528K(59008K), 0.0461743 secs] 6188610K->6144615K(25159296K), 0.0465230 secs] [Times: user=0.56 sys=0.00, real=0.05 secs] 
2014-04-09T14:14:50.142+0900: 109.791: [GC (Allocation Failure) 109.791: [ParNew: 59008K->6528K(59008K), 0.0479153 secs] 6169670K->6125177K(25159296K), 0.0482664 secs] [Times: user=0.59 sys=0.00, real=0.05 secs] 
2014-04-09T14:14:50.231+0900: 109.880: [GC (Allocation Failure) 109.880: [ParNew: 59008K->6528K(59008K), 0.0478633 secs] 6154199K->6111067K(25159296K), 0.0482164 secs] [Times: user=0.57 sys=0.01, real=0.05 secs] 
2014-04-09T14:14:50.322+0900: 109.971: [GC (Allocation Failure) 109.971: [ParNew: 59008K->6528K(59008K), 0.0441942 secs] 6137926K->6093219K(25159296K), 0.0445460 secs] [Times: user=0.54 sys=0.00, real=0.05 secs] 
2014-04-09T14:14:50.406+0900: 110.055: [GC (Allocation Failure) 110.055: [ParNew: 59008K->6528K(59008K), 0.0548089 secs] 6122004K->6078312K(25159296K), 0.0551709 secs] [Times: user=0.67 sys=0.01, real=0.06 secs] 
2014-04-09T14:14:50.502+0900: 110.151: [GC (Allocation Failure) 110.151: [ParNew: 59008K->6528K(59008K), 0.0454494 secs] 6105360K->6061138K(25159296K), 0.0458126 secs] [Times: user=0.54 sys=0.01, real=0.05 secs] 
2014-04-09T14:14:50.589+0900: 110.238: [GC (Allocation Failure) 110.239: [ParNew: 59008K->6528K(59008K), 0.0575578 secs] 6088769K->6045353K(25159296K), 0.0579329 secs] [Times: user=0.70 sys=0.00, real=0.06 secs] 
2014-04-09T14:14:50.689+0900: 110.338: [GC (Allocation Failure) 110.338: [ParNew: 59008K->6528K(59008K), 0.0563603 secs] 6071853K->6027707K(25159296K), 0.0567331 secs] [Times: user=0.70 sys=0.00, real=0.05 secs] 
2014-04-09T14:14:50.785+0900: 110.434: [GC (Allocation Failure) 110.435: [ParNew: 59008K->6528K(59008K), 0.0587460 secs] 6056346K->6011827K(25159296K), 0.0591185 secs] [Times: user=0.72 sys=0.00, real=0.06 secs] 
2014-04-09T14:14:50.886+0900: 110.535: [GC (Allocation Failure) 110.535: [ParNew: 59008K->6528K(59008K), 0.0465184 secs] 6046669K->6002013K(25159296K), 0.0468869 secs] [Times: user=0.57 sys=0.00, real=0.05 secs] 
2014-04-09T14:14:50.973+0900: 110.622: [GC (Allocation Failure) 110.622: [ParNew: 59008K->6528K(59008K), 0.0599700 secs] 6031150K->5988121K(25159296K), 0.0603316 secs] [Times: user=0.73 sys=0.01, real=0.06 secs] 
2014-04-09T14:14:51.074+0900: 110.723: [GC (Allocation Failure) 110.723: [ParNew: 59008K->6528K(59008K), 0.0453811 secs] 6015493K->5970664K(25159296K), 0.0457564 secs] [Times: user=0.56 sys=0.00, real=0.05 secs] 
2014-04-09T14:14:51.160+0900: 110.809: [GC (Allocation Failure) 110.809: [ParNew: 59008K->6528K(59008K), 0.0499605 secs] 6000399K->5957360K(25159296K), 0.0503432 secs] [Times: user=0.60 sys=0.01, real=0.05 secs] 
2014-04-09T14:14:51.252+0900: 110.901: [GC (Allocation Failure) 110.902: [ParNew: 58920K->6528K(59008K), 0.0506061 secs] 5984359K->5940126K(25159296K), 0.0509783 secs] [Times: user=0.61 sys=0.01, real=0.05 secs] 
2014-04-09T14:14:51.345+0900: 110.994: [GC (Allocation Failure) 110.994: [ParNew: 59008K->6528K(59008K), 0.0434240 secs] 5967885K->5923295K(25159296K), 0.0437884 secs] [Times: user=0.52 sys=0.00, real=0.05 secs] 
2014-04-09T14:14:51.430+0900: 111.079: [GC (Allocation Failure) 111.080: [ParNew: 59008K->6528K(59008K), 0.0482360 secs] 5952658K->5909520K(25159296K), 0.0486099 secs] [Times: user=0.57 sys=0.01, real=0.05 secs] 
2014-04-09T14:14:51.522+0900: 111.171: [GC (Allocation Failure) 111.172: [ParNew: 59008K->6528K(59008K), 0.0485758 secs] 5937737K->5893134K(25159296K), 0.0489413 secs] [Times: user=0.59 sys=0.01, real=0.05 secs] 
2014-04-09T14:14:51.614+0900: 111.263: [GC (Allocation Failure) 111.263: [ParNew: 59008K->6528K(59008K), 0.0570332 secs] 5920462K->5877170K(25159296K), 0.0574052 secs] [Times: user=0.69 sys=0.01, real=0.06 secs] 
2014-04-09T14:14:51.713+0900: 111.362: [GC (Allocation Failure) 111.362: [ParNew: 59008K->6528K(59008K), 0.0585751 secs] 5904854K->5861974K(25159296K), 0.0589469 secs] [Times: user=0.71 sys=0.00, real=0.06 secs] 
2014-04-09T14:14:51.812+0900: 111.461: [GC (Allocation Failure) 111.461: [ParNew: 59008K->6528K(59008K), 0.0439227 secs] 5891609K->5845882K(25159296K), 0.0442892 secs] [Times: user=0.53 sys=0.01, real=0.04 secs] 
2014-04-09T14:14:51.901+0900: 111.550: [GC (Allocation Failure) 111.551: [ParNew: 59008K->6528K(59008K), 0.0560047 secs] 5871919K->5828228K(25159296K), 0.0563734 secs] [Times: user=0.68 sys=0.01, real=0.06 secs] 
2014-04-09T14:14:52.003+0900: 111.652: [GC (Allocation Failure) 111.652: [ParNew: 59008K->6528K(59008K), 0.0492367 secs] 5854899K->5811825K(25159296K), 0.0495972 secs] [Times: user=0.59 sys=0.01, real=0.05 secs] 
2014-04-09T14:14:52.094+0900: 111.743: [GC (Allocation Failure) 111.743: [ParNew: 59008K->6528K(59008K), 0.0584495 secs] 5852538K->5808094K(25159296K), 0.0588100 secs] [Times: user=0.71 sys=0.01, real=0.06 secs] 
2014-04-09T14:14:52.192+0900: 111.841: [GC (Allocation Failure) 111.841: [ParNew: 59008K->6528K(59008K), 0.0469411 secs] 5848145K->5804847K(25159296K), 0.0472983 secs] [Times: user=0.56 sys=0.01, real=0.05 secs] 
2014-04-09T14:14:52.279+0900: 111.928: [GC (Allocation Failure) 111.928: [ParNew: 59008K->6528K(59008K), 0.0519612 secs] 5844657K->5800275K(25159296K), 0.0523155 secs] [Times: user=0.63 sys=0.01, real=0.05 secs] 
2014-04-09T14:14:52.370+0900: 112.020: [GC (Allocation Failure) 112.020: [ParNew: 59008K->6528K(59008K), 0.0516717 secs] 5840153K->5796454K(25159296K), 0.0520340 secs] [Times: user=0.62 sys=0.01, real=0.05 secs] 
2014-04-09T14:14:52.465+0900: 112.114: [GC (Allocation Failure) 112.115: [ParNew: 59008K->6528K(59008K), 0.0478166 secs] 5835959K->5791475K(25159296K), 0.0481698 secs] [Times: user=0.58 sys=0.01, real=0.05 secs] 
2014-04-09T14:14:52.556+0900: 112.205: [GC (Allocation Failure) 112.205: [ParNew: 59008K->6528K(59008K), 0.0480931 secs] 5840910K->5797767K(25159296K), 0.0484608 secs] [Times: user=0.56 sys=0.02, real=0.05 secs] 
2014-04-09T14:14:52.648+0900: 112.297: [GC (Allocation Failure) 112.297: [ParNew: 59008K->6528K(59008K), 0.0499198 secs] 5850247K->5806697K(25159296K), 0.0502714 secs] [Times: user=0.60 sys=0.01, real=0.05 secs] 
2014-04-09T14:14:52.718+0900: 112.367: [CMS-concurrent-sweep: 5.092/11.768 secs] [Times: user=129.05 sys=15.41, real=11.77 secs] 
2014-04-09T14:14:52.718+0900: 112.367: [CMS-concurrent-reset-start]
2014-04-09T14:14:52.745+0900: 112.394: [GC (Allocation Failure) 112.394: [ParNew: 59007K->6528K(59008K), 0.0471556 secs] 5859177K->5815837K(25159296K), 0.0475061 secs] [Times: user=0.56 sys=0.00, real=0.05 secs] 
2014-04-09T14:14:52.856+0900: 112.505: [GC (Allocation Failure) 112.505: [ParNew: 59008K->6528K(59008K), 0.0507797 secs] 5868317K->5822960K(25159296K), 0.0511291 secs] [Times: user=0.62 sys=0.00, real=0.06 secs] 
2014-04-09T14:14:52.919+0900: 112.568: [CMS-concurrent-reset: 0.099/0.201 secs] [Times: user=1.99 sys=0.27, real=0.20 secs] 
2014-04-09T14:14:52.947+0900: 112.596: [GC (Allocation Failure) 112.596: [ParNew: 59008K->6528K(59008K), 0.0540169 secs] 5875440K->5831944K(25159296K), 0.0543812 secs] [Times: user=0.66 sys=0.00, real=0.05 secs] 
2014-04-09T14:14:53.039+0900: 112.688: [GC (Allocation Failure) 112.689: [ParNew: 59008K->6528K(59008K), 0.0519491 secs] 5884424K->5840777K(25159296K), 0.0523111 secs] [Times: user=0.62 sys=0.01, real=0.05 secs] 
2014-04-09T14:14:53.136+0900: 112.785: [GC (Allocation Failure) 112.785: [ParNew: 59008K->6528K(59008K), 0.0484172 secs] 5893257K->5849337K(25159296K), 0.0487675 secs] [Times: user=0.58 sys=0.00, real=0.05 secs] 
2014-04-09T14:14:53.223+0900: 112.872: [GC (Allocation Failure) 112.872: [ParNew: 59008K->6528K(59008K), 0.0502666 secs] 5901817K->5858407K(25159296K), 0.0506222 secs] [Times: user=0.60 sys=0.01, real=0.05 secs] 
2014-04-09T14:14:53.313+0900: 112.962: [GC (Allocation Failure) 112.962: [ParNew: 59008K->6528K(59008K), 0.0531942 secs] 5910887K->5867031K(25159296K), 0.0535668 secs] [Times: user=0.63 sys=0.01, real=0.05 secs] 
2014-04-09T14:14:53.408+0900: 113.057: [GC (Allocation Failure) 113.057: [ParNew: 59008K->6528K(59008K), 0.0467617 secs] 5919511K->5874186K(25159296K), 0.0471251 secs] [Times: user=0.56 sys=0.01, real=0.04 secs] 
2014-04-09T14:14:53.495+0900: 113.144: [GC (Allocation Failure) 113.144: [ParNew: 59008K->6528K(59008K), 0.0534307 secs] 5926666K->5884107K(25159296K), 0.0537866 secs] [Times: user=0.64 sys=0.00, real=0.06 secs] 
2014-04-09T14:14:53.586+0900: 113.235: [GC (Allocation Failure) 113.236: [ParNew: 59008K->6528K(59008K), 0.0562902 secs] 5936587K->5892423K(25159296K), 0.0566548 secs] [Times: user=0.67 sys=0.01, real=0.06 secs] 
2014-04-09T14:14:53.683+0900: 113.332: [GC (Allocation Failure) 113.332: [ParNew: 59008K->6528K(59008K), 0.0562602 secs] 5944903K->5901902K(25159296K), 0.0566210 secs] [Times: user=0.67 sys=0.01, real=0.06 secs] 
2014-04-09T14:14:53.778+0900: 113.427: [GC (Allocation Failure) 113.427: [ParNew: 59008K->6528K(59008K), 0.0469200 secs] 5954382K->5909997K(25159296K), 0.0472735 secs] [Times: user=0.56 sys=0.01, real=0.04 secs] 
2014-04-09T14:14:53.863+0900: 113.512: [GC (Allocation Failure) 113.512: [ParNew: 59008K->6528K(59008K), 0.0536755 secs] 5962477K->5919734K(25159296K), 0.0540295 secs] [Times: user=0.66 sys=0.01, real=0.06 secs] 
2014-04-09T14:14:53.954+0900: 113.603: [GC (Allocation Failure) 113.603: [ParNew: 59008K->6528K(59008K), 0.0461948 secs] 5972214K->5926978K(25159296K), 0.0465501 secs] [Times: user=0.56 sys=0.00, real=0.05 secs] 
2014-04-09T14:14:54.039+0900: 113.688: [GC (Allocation Failure) 113.688: [ParNew: 59008K->6528K(59008K), 0.0567705 secs] 5979458K->5936216K(25159296K), 0.0571273 secs] [Times: user=0.69 sys=0.00, real=0.05 secs] 
2014-04-09T14:14:54.134+0900: 113.783: [GC (Allocation Failure) 113.783: [ParNew: 58963K->6528K(59008K), 0.0492343 secs] 5988651K->5945171K(25159296K), 0.0495967 secs] [Times: user=0.60 sys=0.01, real=0.05 secs] 
2014-04-09T14:14:54.223+0900: 113.872: [GC (Allocation Failure) 113.872: [ParNew: 59008K->6528K(59008K), 0.0488307 secs] 5997651K->5954103K(25159296K), 0.0492021 secs] [Times: user=0.59 sys=0.01, real=0.05 secs] 
2014-04-09T14:14:54.309+0900: 113.959: [GC (Allocation Failure) 113.959: [ParNew: 59003K->6528K(59008K), 0.0542548 secs] 6006579K->5962765K(25159296K), 0.0546095 secs] [Times: user=0.64 sys=0.02, real=0.05 secs] 
2014-04-09T14:14:54.402+0900: 114.051: [GC (Allocation Failure) 114.051: [ParNew: 59008K->6528K(59008K), 0.0528769 secs] 6015245K->5971422K(25159296K), 0.0532310 secs] [Times: user=0.63 sys=0.01, real=0.05 secs] 
2014-04-09T14:14:54.493+0900: 114.142: [GC (Allocation Failure) 114.142: [ParNew: 59008K->6528K(59008K), 0.0459650 secs] 6023902K->5979524K(25159296K), 0.0463471 secs] [Times: user=0.56 sys=0.00, real=0.05 secs] 
2014-04-09T14:14:54.578+0900: 114.227: [GC (Allocation Failure) 114.227: [ParNew: 59008K->6528K(59008K), 0.0529241 secs] 6032004K->5988792K(25159296K), 0.0532899 secs] [Times: user=0.63 sys=0.01, real=0.05 secs] 
2014-04-09T14:14:54.674+0900: 114.323: [GC (Allocation Failure) 114.323: [ParNew: 59008K->6528K(59008K), 0.0473226 secs] 6041272K->5997077K(25159296K), 0.0476849 secs] [Times: user=0.57 sys=0.01, real=0.05 secs] 
2014-04-09T14:14:54.765+0900: 114.414: [GC (Allocation Failure) 114.414: [ParNew: 59008K->6528K(59008K), 0.0593540 secs] 6049557K->6005833K(25159296K), 0.0597141 secs] [Times: user=0.72 sys=0.01, real=0.06 secs] 
2014-04-09T14:14:54.864+0900: 114.513: [GC (Allocation Failure) 114.514: [ParNew: 59008K->6528K(59008K), 0.0577476 secs] 6058313K->6014745K(25159296K), 0.0581250 secs] [Times: user=0.71 sys=0.00, real=0.06 secs] 
2014-04-09T14:14:54.961+0900: 114.610: [GC (Allocation Failure) 114.610: [ParNew: 59008K->6528K(59008K), 0.0534078 secs] 6067225K->6022252K(25159296K), 0.0537714 secs] [Times: user=0.64 sys=0.01, real=0.05 secs] 
2014-04-09T14:14:55.054+0900: 114.703: [GC (Allocation Failure) 114.703: [ParNew: 59008K->6528K(59008K), 0.0499443 secs] 6074732K->6030524K(25159296K), 0.0503078 secs] [Times: user=0.61 sys=0.00, real=0.05 secs] 
2014-04-09T14:14:55.143+0900: 114.792: [GC (Allocation Failure) 114.792: [ParNew: 59008K->6528K(59008K), 0.0475456 secs] 6083004K->6039507K(25159296K), 0.0479162 secs] [Times: user=0.58 sys=0.00, real=0.05 secs] 
2014-04-09T14:14:55.231+0900: 114.880: [GC (Allocation Failure) 114.880: [ParNew: 59008K->6528K(59008K), 0.0487558 secs] 6091987K->6047917K(25159296K), 0.0491205 secs] [Times: user=0.59 sys=0.00, real=0.05 secs] 
2014-04-09T14:14:55.323+0900: 114.972: [GC (Allocation Failure) 114.972: [ParNew: 59008K->6528K(59008K), 0.0477352 secs] 6100397K->6057176K(25159296K), 0.0480963 secs] [Times: user=0.58 sys=0.01, real=0.05 secs] 
2014-04-09T14:14:55.412+0900: 115.061: [GC (Allocation Failure) 115.061: [ParNew: 59008K->6528K(59008K), 0.0534167 secs] 6109656K->6065540K(25159296K), 0.0537783 secs] [Times: user=0.65 sys=0.01, real=0.05 secs] 
2014-04-09T14:14:55.505+0900: 115.154: [GC (Allocation Failure) 115.154: [ParNew: 59008K->6528K(59008K), 0.0473617 secs] 6118020K->6073556K(25159296K), 0.0477183 secs] [Times: user=0.57 sys=0.00, real=0.05 secs] 
2014-04-09T14:14:55.596+0900: 115.245: [GC (Allocation Failure) 115.245: [ParNew: 59008K->6528K(59008K), 0.0451343 secs] 6126036K->6082198K(25159296K), 0.0454922 secs] [Times: user=0.54 sys=0.01, real=0.05 secs] 
2014-04-09T14:14:55.679+0900: 115.328: [GC (Allocation Failure) 115.328: [ParNew: 59008K->6528K(59008K), 0.0485904 secs] 6134678K->6091333K(25159296K), 0.0489600 secs] [Times: user=0.59 sys=0.01, real=0.05 secs] 
2014-04-09T14:14:55.768+0900: 115.417: [GC (Allocation Failure) 115.417: [ParNew: 59008K->6528K(59008K), 0.0480723 secs] 6143813K->6100393K(25159296K), 0.0484351 secs] [Times: user=0.58 sys=0.00, real=0.04 secs] 
2014-04-09T14:14:55.856+0900: 115.505: [GC (Allocation Failure) 115.505: [ParNew: 59008K->6528K(59008K), 0.0480740 secs] 6152873K->6108984K(25159296K), 0.0484400 secs] [Times: user=0.59 sys=0.00, real=0.05 secs] 
2014-04-09T14:14:55.943+0900: 115.592: [GC (Allocation Failure) 115.592: [ParNew: 59008K->6528K(59008K), 0.0457991 secs] 6161464K->6117737K(25159296K), 0.0461622 secs] [Times: user=0.56 sys=0.00, real=0.05 secs] 
2014-04-09T14:14:56.028+0900: 115.677: [GC (Allocation Failure) 115.677: [ParNew: 59008K->6528K(59008K), 0.0504253 secs] 6170217K->6125908K(25159296K), 0.0507943 secs] [Times: user=0.61 sys=0.01, real=0.05 secs] 
2014-04-09T14:14:56.115+0900: 115.764: [GC (Allocation Failure) 115.765: [ParNew: 59008K->6528K(59008K), 0.0581498 secs] 6178388K->6134689K(25159296K), 0.0585148 secs] [Times: user=0.70 sys=0.02, real=0.06 secs] 
2014-04-09T14:14:56.211+0900: 115.860: [GC (Allocation Failure) 115.860: [ParNew: 59008K->6528K(59008K), 0.0579953 secs] 6187169K->6144425K(25159296K), 0.0583644 secs] [Times: user=0.71 sys=0.00, real=0.06 secs] 
2014-04-09T14:14:56.307+0900: 115.957: [GC (Allocation Failure) 115.957: [ParNew: 59008K->6528K(59008K), 0.0575068 secs] 6196905K->6152510K(25159296K), 0.0578730 secs] [Times: user=0.71 sys=0.01, real=0.05 secs] 
2014-04-09T14:14:56.405+0900: 116.054: [GC (Allocation Failure) 116.054: [ParNew: 59008K->6528K(59008K), 0.0576892 secs] 6204990K->6161015K(25159296K), 0.0580513 secs] [Times: user=0.70 sys=0.01, real=0.06 secs] 
2014-04-09T14:14:56.503+0900: 116.152: [GC (Allocation Failure) 116.152: [ParNew: 59008K->6528K(59008K), 0.0516292 secs] 6213495K->6168846K(25159296K), 0.0519928 secs] [Times: user=0.63 sys=0.00, real=0.05 secs] 
2014-04-09T14:14:56.592+0900: 116.241: [GC (Allocation Failure) 116.241: [ParNew: 59008K->6528K(59008K), 0.0529686 secs] 6221326K->6177161K(25159296K), 0.0533329 secs] [Times: user=0.63 sys=0.01, real=0.05 secs] 
2014-04-09T14:14:56.684+0900: 116.333: [GC (Allocation Failure) 116.333: [ParNew: 59008K->6528K(59008K), 0.0508053 secs] 6229641K->6186239K(25159296K), 0.0511667 secs] [Times: user=0.61 sys=0.01, real=0.05 secs] 
2014-04-09T14:14:56.773+0900: 116.423: [GC (Allocation Failure) 116.423: [ParNew: 59008K->6528K(59008K), 0.0463005 secs] 6238719K->6195323K(25159296K), 0.0466574 secs] [Times: user=0.56 sys=0.00, real=0.05 secs] 
2014-04-09T14:14:56.858+0900: 116.507: [GC (Allocation Failure) 116.507: [ParNew: 59008K->6528K(59008K), 0.0463398 secs] 6247803K->6203541K(25159296K), 0.0467046 secs] [Times: user=0.55 sys=0.01, real=0.04 secs] 
2014-04-09T14:14:56.942+0900: 116.591: [GC (Allocation Failure) 116.591: [ParNew: 59008K->6528K(59008K), 0.0470009 secs] 6256021K->6212487K(25159296K), 0.0473655 secs] [Times: user=0.57 sys=0.01, real=0.05 secs] 
2014-04-09T14:14:57.028+0900: 116.677: [GC (Allocation Failure) 116.677: [ParNew: 59008K->6528K(59008K), 0.0465717 secs] 6264967K->6220648K(25159296K), 0.0469386 secs] [Times: user=0.56 sys=0.00, real=0.04 secs] 
2014-04-09T14:14:57.114+0900: 116.763: [GC (Allocation Failure) 116.763: [ParNew: 59008K->6528K(59008K), 0.0510038 secs] 6273128K->6228772K(25159296K), 0.0513726 secs] [Times: user=0.62 sys=0.01, real=0.05 secs] 
2014-04-09T14:14:57.205+0900: 116.854: [GC (Allocation Failure) 116.854: [ParNew: 59008K->6528K(59008K), 0.0589245 secs] 6281252K->6237677K(25159296K), 0.0592944 secs] [Times: user=0.71 sys=0.01, real=0.06 secs] 
2014-04-09T14:14:57.304+0900: 116.953: [GC (Allocation Failure) 116.953: [ParNew: 59008K->6528K(59008K), 0.0572407 secs] 6290157K->6246420K(25159296K), 0.0576035 secs] [Times: user=0.70 sys=0.00, real=0.06 secs] 
2014-04-09T14:14:57.400+0900: 117.049: [GC (Allocation Failure) 117.049: [ParNew: 59008K->6528K(59008K), 0.0589630 secs] 6298900K->6255224K(25159296K), 0.0593334 secs] [Times: user=0.72 sys=0.00, real=0.06 secs] 
2014-04-09T14:14:57.497+0900: 117.146: [GC (Allocation Failure) 117.147: [ParNew: 59008K->6528K(59008K), 0.0527328 secs] 6307704K->6262774K(25159296K), 0.0530962 secs] [Times: user=0.64 sys=0.01, real=0.05 secs] 
2014-04-09T14:14:57.589+0900: 117.238: [GC (Allocation Failure) 117.239: [ParNew: 59008K->6528K(59008K), 0.0463514 secs] 6315254K->6270799K(25159296K), 0.0467145 secs] [Times: user=0.56 sys=0.01, real=0.04 secs] 
2014-04-09T14:14:57.676+0900: 117.325: [GC (Allocation Failure) 117.325: [ParNew: 59008K->6528K(59008K), 0.0565954 secs] 6323279K->6279643K(25159296K), 0.0569604 secs] [Times: user=0.69 sys=0.01, real=0.06 secs] 
2014-04-09T14:14:57.772+0900: 117.421: [GC (Allocation Failure) 117.421: [ParNew: 59008K->6528K(59008K), 0.0467116 secs] 6332123K->6288391K(25159296K), 0.0470681 secs] [Times: user=0.55 sys=0.01, real=0.05 secs] 
2014-04-09T14:14:57.860+0900: 117.509: [GC (Allocation Failure) 117.509: [ParNew: 59008K->6528K(59008K), 0.0482455 secs] 6340871K->6297473K(25159296K), 0.0486004 secs] [Times: user=0.58 sys=0.00, real=0.05 secs] 
2014-04-09T14:14:57.952+0900: 117.601: [GC (Allocation Failure) 117.601: [ParNew: 59008K->6528K(59008K), 0.0513920 secs] 6349953K->6305872K(25159296K), 0.0517417 secs] [Times: user=0.61 sys=0.01, real=0.05 secs] 
2014-04-09T14:14:58.042+0900: 117.692: [GC (Allocation Failure) 117.692: [ParNew: 59008K->6528K(59008K), 0.0573401 secs] 6358352K->6313931K(25159296K), 0.0576932 secs] [Times: user=0.69 sys=0.01, real=0.06 secs] 
2014-04-09T14:14:58.140+0900: 117.789: [GC (Allocation Failure) 117.789: [ParNew: 59008K->6528K(59008K), 0.0593412 secs] 6366411K->6323431K(25159296K), 0.0597031 secs] [Times: user=0.72 sys=0.01, real=0.06 secs] 
2014-04-09T14:14:58.240+0900: 117.889: [GC (Allocation Failure) 117.889: [ParNew: 59008K->6528K(59008K), 0.0480774 secs] 6375911K->6332095K(25159296K), 0.0484363 secs] [Times: user=0.57 sys=0.01, real=0.05 secs] 
2014-04-09T14:14:58.326+0900: 117.976: [GC (Allocation Failure) 117.976: [ParNew: 59008K->6528K(59008K), 0.0583150 secs] 6384575K->6340806K(25159296K), 0.0586697 secs] [Times: user=0.71 sys=0.02, real=0.06 secs] 
2014-04-09T14:14:58.423+0900: 118.072: [GC (Allocation Failure) 118.073: [ParNew: 59008K->6528K(59008K), 0.0554797 secs] 6393286K->6349323K(25159296K), 0.0558398 secs] [Times: user=0.68 sys=0.00, real=0.06 secs] 
2014-04-09T14:14:58.519+0900: 118.168: [GC (Allocation Failure) 118.168: [ParNew: 59008K->6528K(59008K), 0.0473103 secs] 6401803K->6357104K(25159296K), 0.0476675 secs] [Times: user=0.55 sys=0.01, real=0.04 secs] 
2014-04-09T14:14:58.608+0900: 118.258: [GC (Allocation Failure) 118.258: [ParNew: 59008K->6528K(59008K), 0.0535631 secs] 6409584K->6365512K(25159296K), 0.0539451 secs] [Times: user=0.65 sys=0.01, real=0.05 secs] 
2014-04-09T14:14:58.701+0900: 118.350: [GC (Allocation Failure) 118.350: [ParNew: 59008K->6528K(59008K), 0.0552731 secs] 6417992K->6374829K(25159296K), 0.0556283 secs] [Times: user=0.65 sys=0.01, real=0.05 secs] 
2014-04-09T14:14:58.796+0900: 118.445: [GC (Allocation Failure) 118.446: [ParNew: 59008K->6528K(59008K), 0.0501557 secs] 6427309K->6383393K(25159296K), 0.0505169 secs] [Times: user=0.60 sys=0.01, real=0.05 secs] 
2014-04-09T14:14:58.883+0900: 118.532: [GC (Allocation Failure) 118.532: [ParNew: 59008K->6528K(59008K), 0.0592510 secs] 6435873K->6392583K(25159296K), 0.0596053 secs] [Times: user=0.71 sys=0.01, real=0.06 secs] 
2014-04-09T14:14:58.981+0900: 118.630: [GC (Allocation Failure) 118.631: [ParNew: 59008K->6528K(59008K), 0.0576918 secs] 6445063K->6401237K(25159296K), 0.0580513 secs] [Times: user=0.70 sys=0.00, real=0.06 secs] 
2014-04-09T14:14:59.079+0900: 118.728: [GC (Allocation Failure) 118.729: [ParNew: 59008K->6528K(59008K), 0.0507946 secs] 6453717K->6409449K(25159296K), 0.0511530 secs] [Times: user=0.61 sys=0.01, real=0.05 secs] 
2014-04-09T14:14:59.168+0900: 118.817: [GC (Allocation Failure) 118.817: [ParNew: 59008K->6528K(59008K), 0.0469399 secs] 6461929K->6418143K(25159296K), 0.0472945 secs] [Times: user=0.54 sys=0.02, real=0.04 secs] 
2014-04-09T14:14:59.255+0900: 118.904: [GC (Allocation Failure) 118.904: [ParNew: 59008K->6528K(59008K), 0.0495140 secs] 6470623K->6427899K(25159296K), 0.0498771 secs] [Times: user=0.59 sys=0.01, real=0.05 secs] 
2014-04-09T14:14:59.343+0900: 118.992: [GC (Allocation Failure) 118.992: [ParNew: 59008K->6528K(59008K), 0.0577679 secs] 6480379K->6436783K(25159296K), 0.0581249 secs] [Times: user=0.70 sys=0.01, real=0.06 secs] 
2014-04-09T14:14:59.442+0900: 119.091: [GC (Allocation Failure) 119.091: [ParNew: 59008K->6528K(59008K), 0.0556336 secs] 6489263K->6446253K(25159296K), 0.0559867 secs] [Times: user=0.67 sys=0.00, real=0.06 secs] 
2014-04-09T14:14:59.537+0900: 119.186: [GC (Allocation Failure) 119.186: [ParNew: 59008K->6528K(59008K), 0.0545121 secs] 6498733K->6454550K(25159296K), 0.0548672 secs] [Times: user=0.66 sys=0.01, real=0.06 secs] 
2014-04-09T14:14:59.632+0900: 119.281: [GC (Allocation Failure) 119.281: [ParNew: 59008K->6528K(59008K), 0.0525739 secs] 6507030K->6462379K(25159296K), 0.0529285 secs] [Times: user=0.64 sys=0.00, real=0.05 secs] 
2014-04-09T14:14:59.725+0900: 119.374: [GC (Allocation Failure) 119.374: [ParNew: 59008K->6528K(59008K), 0.0593763 secs] 6514859K->6471268K(25159296K), 0.0597347 secs] [Times: user=0.72 sys=0.01, real=0.06 secs] 
2014-04-09T14:14:59.822+0900: 119.471: [GC (Allocation Failure) 119.471: [ParNew: 59008K->6528K(59008K), 0.0491791 secs] 6523748K->6479403K(25159296K), 0.0495330 secs] [Times: user=0.60 sys=0.00, real=0.05 secs] 
2014-04-09T14:14:59.909+0900: 119.558: [GC (Allocation Failure) 119.558: [ParNew: 59008K->6528K(59008K), 0.0468408 secs] 6531883K->6488774K(25159296K), 0.0472107 secs] [Times: user=0.56 sys=0.00, real=0.04 secs] 
2014-04-09T14:14:59.995+0900: 119.644: [GC (Allocation Failure) 119.644: [ParNew: 59008K->6528K(59008K), 0.0586964 secs] 6541254K->6497511K(25159296K), 0.0590594 secs] [Times: user=0.70 sys=0.01, real=0.06 secs] 
2014-04-09T14:15:00.093+0900: 119.742: [GC (Allocation Failure) 119.742: [ParNew: 59008K->6528K(59008K), 0.0578870 secs] 6549991K->6506526K(25159296K), 0.0582519 secs] [Times: user=0.71 sys=0.01, real=0.06 secs] 
2014-04-09T14:15:00.192+0900: 119.841: [GC (Allocation Failure) 119.841: [ParNew: 59008K->6528K(59008K), 0.0508265 secs] 6559006K->6514151K(25159296K), 0.0511917 secs] [Times: user=0.62 sys=0.00, real=0.05 secs] 
2014-04-09T14:15:00.281+0900: 119.930: [GC (Allocation Failure) 119.930: [ParNew: 59008K->6528K(59008K), 0.0557779 secs] 6566631K->6524185K(25159296K), 0.0561410 secs] [Times: user=0.67 sys=0.01, real=0.05 secs] 
2014-04-09T14:15:00.376+0900: 120.025: [GC (Allocation Failure) 120.025: [ParNew: 59008K->6528K(59008K), 0.0466505 secs] 6576665K->6532316K(25159296K), 0.0470135 secs] [Times: user=0.57 sys=0.01, real=0.05 secs] 
2014-04-09T14:15:00.467+0900: 120.116: [GC (Allocation Failure) 120.116: [ParNew: 59008K->6528K(59008K), 0.0563849 secs] 6584796K->6542189K(25159296K), 0.0567447 secs] [Times: user=0.69 sys=0.00, real=0.06 secs] 
2014-04-09T14:15:00.564+0900: 120.213: [GC (Allocation Failure) 120.213: [ParNew: 59008K->6528K(59008K), 0.0458498 secs] 6594669K->6550143K(25159296K), 0.0462150 secs] [Times: user=0.55 sys=0.01, real=0.05 secs] 
2014-04-09T14:15:00.648+0900: 120.297: [GC (Allocation Failure) 120.297: [ParNew: 59008K->6528K(59008K), 0.0541100 secs] 6602623K->6559913K(25159296K), 0.0544778 secs] [Times: user=0.64 sys=0.01, real=0.05 secs] 
2014-04-09T14:15:00.745+0900: 120.394: [GC (Allocation Failure) 120.394: [ParNew: 59007K->6528K(59008K), 0.0461842 secs] 6612393K->6567332K(25159296K), 0.0465455 secs] [Times: user=0.56 sys=0.00, real=0.05 secs] 
2014-04-09T14:15:00.828+0900: 120.477: [GC (Allocation Failure) 120.478: [ParNew: 59008K->6528K(59008K), 0.0500945 secs] 6619812K->6575468K(25159296K), 0.0504573 secs] [Times: user=0.60 sys=0.01, real=0.05 secs] 
2014-04-09T14:15:00.916+0900: 120.566: [GC (Allocation Failure) 120.566: [ParNew: 59008K->6528K(59008K), 0.0491880 secs] 6627948K->6584292K(25159296K), 0.0495524 secs] [Times: user=0.58 sys=0.01, real=0.05 secs] 
2014-04-09T14:15:01.004+0900: 120.653: [GC (Allocation Failure) 120.653: [ParNew: 59008K->6528K(59008K), 0.0545113 secs] 6636772K->6593635K(25159296K), 0.0548754 secs] [Times: user=0.65 sys=0.00, real=0.06 secs] 
2014-04-09T14:15:01.096+0900: 120.745: [GC (Allocation Failure) 120.745: [ParNew: 59008K->6528K(59008K), 0.0516094 secs] 6646115K->6602435K(25159296K), 0.0519743 secs] [Times: user=0.63 sys=0.01, real=0.06 secs] 
2014-04-09T14:15:01.187+0900: 120.836: [GC (Allocation Failure) 120.836: [ParNew: 58994K->6528K(59008K), 0.0468218 secs] 6654902K->6611159K(25159296K), 0.0471935 secs] [Times: user=0.56 sys=0.00, real=0.05 secs] 
2014-04-09T14:15:01.273+0900: 120.922: [GC (Allocation Failure) 120.922: [ParNew: 59008K->6528K(59008K), 0.0468514 secs] 6663639K->6619096K(25159296K), 0.0472073 secs] [Times: user=0.54 sys=0.01, real=0.05 secs] 
2014-04-09T14:15:01.359+0900: 121.008: [GC (Allocation Failure) 121.008: [ParNew: 59008K->6528K(59008K), 0.0535714 secs] 6671576K->6628278K(25159296K), 0.0539359 secs] [Times: user=0.65 sys=0.01, real=0.05 secs] 
2014-04-09T14:15:01.451+0900: 121.100: [GC (Allocation Failure) 121.100: [ParNew: 59008K->6528K(59008K), 0.0579458 secs] 6680758K->6636628K(25159296K), 0.0583107 secs] [Times: user=0.71 sys=0.00, real=0.06 secs] 
2014-04-09T14:15:01.548+0900: 121.197: [GC (Allocation Failure) 121.197: [ParNew: 59008K->6528K(59008K), 0.0447306 secs] 6689108K->6645708K(25159296K), 0.0450975 secs] [Times: user=0.52 sys=0.01, real=0.04 secs] 
2014-04-09T14:15:01.632+0900: 121.281: [GC (Allocation Failure) 121.281: [ParNew: 59008K->6528K(59008K), 0.0589216 secs] 6698188K->6655033K(25159296K), 0.0592877 secs] [Times: user=0.69 sys=0.01, real=0.06 secs] 
2014-04-09T14:15:01.732+0900: 121.382: [GC (Allocation Failure) 121.382: [ParNew: 59008K->6528K(59008K), 0.0584882 secs] 6707513K->6663626K(25159296K), 0.0588527 secs] [Times: user=0.71 sys=0.00, real=0.06 secs] 
2014-04-09T14:15:01.830+0900: 121.479: [GC (Allocation Failure) 121.479: [ParNew: 59008K->6528K(59008K), 0.0477487 secs] 6716106K->6671072K(25159296K), 0.0481189 secs] [Times: user=0.58 sys=0.01, real=0.05 secs] 
2014-04-09T14:15:01.922+0900: 121.571: [GC (Allocation Failure) 121.571: [ParNew: 59008K->6528K(59008K), 0.0443578 secs] 6723552K->6679838K(25159296K), 0.0447271 secs] [Times: user=0.53 sys=0.01, real=0.04 secs] 
2014-04-09T14:15:02.007+0900: 121.656: [GC (Allocation Failure) 121.656: [ParNew: 59008K->6528K(59008K), 0.0489721 secs] 6732318K->6688625K(25159296K), 0.0493504 secs] [Times: user=0.59 sys=0.00, real=0.05 secs] 
2014-04-09T14:15:02.095+0900: 121.744: [GC (Allocation Failure) 121.744: [ParNew: 59008K->6528K(59008K), 0.0532402 secs] 6741105K->6697793K(25159296K), 0.0536149 secs] [Times: user=0.64 sys=0.01, real=0.06 secs] 
2014-04-09T14:15:02.186+0900: 121.835: [GC (Allocation Failure) 121.835: [ParNew: 59007K->6528K(59008K), 0.0449248 secs] 6750273K->6706458K(25159296K), 0.0453053 secs] [Times: user=0.53 sys=0.00, real=0.05 secs] 
2014-04-09T14:15:02.270+0900: 121.919: [GC (Allocation Failure) 121.919: [ParNew: 59008K->6528K(59008K), 0.0450371 secs] 6758938K->6715024K(25159296K), 0.0454023 secs] [Times: user=0.53 sys=0.00, real=0.04 secs] 
2014-04-09T14:15:02.353+0900: 122.002: [GC (Allocation Failure) 122.002: [ParNew: 59008K->6528K(59008K), 0.0474291 secs] 6767504K->6723176K(25159296K), 0.0478051 secs] [Times: user=0.55 sys=0.01, real=0.05 secs] 
2014-04-09T14:15:02.439+0900: 122.088: [GC (Allocation Failure) 122.088: [ParNew: 59008K->6528K(59008K), 0.0449984 secs] 6775656K->6732270K(25159296K), 0.0453611 secs] [Times: user=0.52 sys=0.01, real=0.04 secs] 
2014-04-09T14:15:02.524+0900: 122.173: [GC (Allocation Failure) 122.173: [ParNew: 59008K->6528K(59008K), 0.0560809 secs] 6784750K->6741185K(25159296K), 0.0564467 secs] [Times: user=0.67 sys=0.01, real=0.06 secs] 
2014-04-09T14:15:02.617+0900: 122.266: [GC (Allocation Failure) 122.266: [ParNew: 59008K->6528K(59008K), 0.0540048 secs] 6793665K->6750146K(25159296K), 0.0543656 secs] [Times: user=0.65 sys=0.01, real=0.06 secs] 
2014-04-09T14:15:02.711+0900: 122.360: [GC (Allocation Failure) 122.360: [ParNew: 59008K->6528K(59008K), 0.0485919 secs] 6802626K->6758795K(25159296K), 0.0489595 secs] [Times: user=0.56 sys=0.01, real=0.05 secs] 
2014-04-09T14:15:02.798+0900: 122.447: [GC (Allocation Failure) 122.447: [ParNew: 59008K->6528K(59008K), 0.0587064 secs] 6811275K->6767345K(25159296K), 0.0590695 secs] [Times: user=0.70 sys=0.01, real=0.05 secs] 
2014-04-09T14:15:02.896+0900: 122.545: [GC (Allocation Failure) 122.545: [ParNew: 59008K->6528K(59008K), 0.0525021 secs] 6819825K->6776181K(25159296K), 0.0528686 secs] [Times: user=0.62 sys=0.01, real=0.06 secs] 
2014-04-09T14:15:02.987+0900: 122.636: [GC (Allocation Failure) 122.636: [ParNew: 59008K->6528K(59008K), 0.0502900 secs] 6828661K->6784234K(25159296K), 0.0506610 secs] [Times: user=0.61 sys=0.00, real=0.06 secs] 
2014-04-09T14:15:03.077+0900: 122.726: [GC (Allocation Failure) 122.726: [ParNew: 59008K->6528K(59008K), 0.0526530 secs] 6836714K->6792879K(25159296K), 0.0530229 secs] [Times: user=0.64 sys=0.00, real=0.06 secs] 
2014-04-09T14:15:03.170+0900: 122.819: [GC (Allocation Failure) 122.819: [ParNew: 59008K->6528K(59008K), 0.0565387 secs] 6845359K->6802515K(25159296K), 0.0569029 secs] [Times: user=0.69 sys=0.01, real=0.05 secs] 
2014-04-09T14:15:03.264+0900: 122.913: [GC (Allocation Failure) 122.913: [ParNew: 59008K->6528K(59008K), 0.0582842 secs] 6854995K->6811056K(25159296K), 0.0586473 secs] [Times: user=0.71 sys=0.00, real=0.06 secs] 
2014-04-09T14:15:03.362+0900: 123.011: [GC (Allocation Failure) 123.011: [ParNew: 59008K->6528K(59008K), 0.0466304 secs] 6863536K->6818792K(25159296K), 0.0469867 secs] [Times: user=0.54 sys=0.01, real=0.05 secs] 
2014-04-09T14:15:03.448+0900: 123.097: [GC (Allocation Failure) 123.098: [ParNew: 59008K->6528K(59008K), 0.0575016 secs] 6871272K->6827554K(25159296K), 0.0578730 secs] [Times: user=0.69 sys=0.01, real=0.05 secs] 
2014-04-09T14:15:03.550+0900: 123.199: [GC (Allocation Failure) 123.199: [ParNew: 59008K->6528K(59008K), 0.0541882 secs] 6880034K->6836317K(25159296K), 0.0545536 secs] [Times: user=0.66 sys=0.01, real=0.05 secs] 
2014-04-09T14:15:03.647+0900: 123.296: [GC (Allocation Failure) 123.296: [ParNew: 59008K->6528K(59008K), 0.0456735 secs] 6888797K->6844745K(25159296K), 0.0460364 secs] [Times: user=0.52 sys=0.01, real=0.05 secs] 
2014-04-09T14:15:03.731+0900: 123.380: [GC (Allocation Failure) 123.380: [ParNew: 59008K->6528K(59008K), 0.0591985 secs] 6897225K->6853871K(25159296K), 0.0595698 secs] [Times: user=0.72 sys=0.01, real=0.06 secs] 
2014-04-09T14:15:03.830+0900: 123.479: [GC (Allocation Failure) 123.479: [ParNew: 58976K->6528K(59008K), 0.0540228 secs] 6906319K->6862384K(25159296K), 0.0543834 secs] [Times: user=0.66 sys=0.01, real=0.05 secs] 
2014-04-09T14:15:03.924+0900: 123.573: [GC (Allocation Failure) 123.573: [ParNew: 59008K->6528K(59008K), 0.0528661 secs] 6914864K->6870055K(25159296K), 0.0532220 secs] [Times: user=0.63 sys=0.01, real=0.05 secs] 
2014-04-09T14:15:04.021+0900: 123.670: [GC (Allocation Failure) 123.670: [ParNew: 59008K->6528K(59008K), 0.0590662 secs] 6922535K->6878753K(25159296K), 0.0594312 secs] [Times: user=0.71 sys=0.00, real=0.06 secs] 
2014-04-09T14:15:04.124+0900: 123.773: [GC (Allocation Failure) 123.773: [ParNew: 59008K->6528K(59008K), 0.0567942 secs] 6931233K->6887155K(25159296K), 0.0571581 secs] [Times: user=0.69 sys=0.01, real=0.06 secs] 
2014-04-09T14:15:04.219+0900: 123.868: [GC (Allocation Failure) 123.868: [ParNew: 59008K->6528K(59008K), 0.0542273 secs] 6939635K->6896608K(25159296K), 0.0545943 secs] [Times: user=0.65 sys=0.01, real=0.05 secs] 
2014-04-09T14:15:04.312+0900: 123.961: [GC (Allocation Failure) 123.961: [ParNew: 59008K->6528K(59008K), 0.0518358 secs] 6949088K->6905611K(25159296K), 0.0522031 secs] [Times: user=0.63 sys=0.01, real=0.05 secs] 
2014-04-09T14:15:04.405+0900: 124.054: [GC (Allocation Failure) 124.054: [ParNew: 59008K->6528K(59008K), 0.0577735 secs] 6958091K->6913042K(25159296K), 0.0581407 secs] [Times: user=0.70 sys=0.00, real=0.06 secs] 
2014-04-09T14:15:04.501+0900: 124.150: [GC (Allocation Failure) 124.151: [ParNew: 59008K->6528K(59008K), 0.0467447 secs] 6965522K->6920957K(25159296K), 0.0471155 secs] [Times: user=0.53 sys=0.01, real=0.05 secs] 
2014-04-09T14:15:04.588+0900: 124.237: [GC (Allocation Failure) 124.238: [ParNew: 59008K->6528K(59008K), 0.0548392 secs] 6973437K->6930954K(25159296K), 0.0552187 secs] [Times: user=0.66 sys=0.01, real=0.06 secs] 
2014-04-09T14:15:04.684+0900: 124.333: [GC (Allocation Failure) 124.333: [ParNew: 59008K->6528K(59008K), 0.0495820 secs] 6983434K->6938742K(25159296K), 0.0499486 secs] [Times: user=0.59 sys=0.01, real=0.05 secs] 
2014-04-09T14:15:04.772+0900: 124.421: [GC (Allocation Failure) 124.422: [ParNew: 59008K->6528K(59008K), 0.0524433 secs] 6991222K->6948673K(25159296K), 0.0528164 secs] [Times: user=0.63 sys=0.00, real=0.05 secs] 
2014-04-09T14:15:04.865+0900: 124.514: [GC (Allocation Failure) 124.514: [ParNew: 59008K->6528K(59008K), 0.0452534 secs] 7001153K->6957259K(25159296K), 0.0456206 secs] [Times: user=0.52 sys=0.01, real=0.05 secs] 
2014-04-09T14:15:04.952+0900: 124.601: [GC (Allocation Failure) 124.601: [ParNew: 59008K->6528K(59008K), 0.0536424 secs] 7009739K->6966117K(25159296K), 0.0540048 secs] [Times: user=0.62 sys=0.01, real=0.05 secs] 
2014-04-09T14:15:05.044+0900: 124.693: [GC (Allocation Failure) 124.694: [ParNew: 59008K->6528K(59008K), 0.0509334 secs] 7018597K->6974433K(25159296K), 0.0512979 secs] [Times: user=0.61 sys=0.01, real=0.05 secs] 
2014-04-09T14:15:05.138+0900: 124.787: [GC (Allocation Failure) 124.787: [ParNew: 59008K->6528K(59008K), 0.0590863 secs] 7026913K->6982864K(25159296K), 0.0594526 secs] [Times: user=0.73 sys=0.00, real=0.06 secs] 
2014-04-09T14:15:05.236+0900: 124.885: [GC (Allocation Failure) 124.885: [ParNew: 58934K->6528K(59008K), 0.0550143 secs] 7035271K->6991594K(25159296K), 0.0553878 secs] [Times: user=0.68 sys=0.00, real=0.06 secs] 
2014-04-09T14:15:05.330+0900: 124.979: [GC (Allocation Failure) 124.980: [ParNew: 59008K->6528K(59008K), 0.0491182 secs] 7044074K->7000024K(25159296K), 0.0494847 secs] [Times: user=0.58 sys=0.01, real=0.05 secs] 
2014-04-09T14:15:05.417+0900: 125.066: [GC (Allocation Failure) 125.066: [ParNew: 59008K->6528K(59008K), 0.0571158 secs] 7052504K->7008403K(25159296K), 0.0574810 secs] [Times: user=0.69 sys=0.00, real=0.06 secs] 
2014-04-09T14:15:05.513+0900: 125.162: [GC (Allocation Failure) 125.162: [ParNew: 59008K->6528K(59008K), 0.0465246 secs] 7060883K->7016585K(25159296K), 0.0468899 secs] [Times: user=0.54 sys=0.01, real=0.05 secs] 
2014-04-09T14:15:05.600+0900: 125.249: [GC (Allocation Failure) 125.249: [ParNew: 59008K->6528K(59008K), 0.0514842 secs] 7069065K->7026494K(25159296K), 0.0518430 secs] [Times: user=0.62 sys=0.00, real=0.05 secs] 
2014-04-09T14:15:05.690+0900: 125.339: [GC (Allocation Failure) 125.339: [ParNew: 59008K->6528K(59008K), 0.0562809 secs] 7078974K->7034608K(25159296K), 0.0566608 secs] [Times: user=0.68 sys=0.01, real=0.05 secs] 
2014-04-09T14:15:05.785+0900: 125.434: [GC (Allocation Failure) 125.434: [ParNew: 59008K->6528K(59008K), 0.0604508 secs] 7087088K->7043181K(25159296K), 0.0608176 secs] [Times: user=0.73 sys=0.02, real=0.06 secs] 
2014-04-09T14:15:05.884+0900: 125.533: [GC (Allocation Failure) 125.533: [ParNew: 59008K->6528K(59008K), 0.0525360 secs] 7095661K->7052517K(25159296K), 0.0528944 secs] [Times: user=0.63 sys=0.01, real=0.05 secs] 
2014-04-09T14:15:05.977+0900: 125.626: [GC (Allocation Failure) 125.626: [ParNew: 59007K->6528K(59008K), 0.0472591 secs] 7104996K->7059953K(25159296K), 0.0476174 secs] [Times: user=0.55 sys=0.01, real=0.05 secs] 
2014-04-09T14:15:06.064+0900: 125.713: [GC (Allocation Failure) 125.713: [ParNew: 59008K->6528K(59008K), 0.0509123 secs] 7112433K->7069171K(25159296K), 0.0512729 secs] [Times: user=0.60 sys=0.01, real=0.05 secs] 
2014-04-09T14:15:06.155+0900: 125.804: [GC (Allocation Failure) 125.804: [ParNew: 59008K->6528K(59008K), 0.0457537 secs] 7121651K->7077730K(25159296K), 0.0461129 secs] [Times: user=0.53 sys=0.01, real=0.05 secs] 
2014-04-09T14:15:06.240+0900: 125.889: [GC (Allocation Failure) 125.889: [ParNew: 59008K->6528K(59008K), 0.0467691 secs] 7130210K->7086331K(25159296K), 0.0471291 secs] [Times: user=0.56 sys=0.01, real=0.04 secs] 
2014-04-09T14:15:06.327+0900: 125.976: [GC (Allocation Failure) 125.976: [ParNew: 59008K->6528K(59008K), 0.0532202 secs] 7138811K->7096268K(25159296K), 0.0535791 secs] [Times: user=0.65 sys=0.00, real=0.06 secs] 
2014-04-09T14:15:06.419+0900: 126.068: [GC (Allocation Failure) 126.068: [ParNew: 59008K->6528K(59008K), 0.0447077 secs] 7148748K->7104246K(25159296K), 0.0450625 secs] [Times: user=0.52 sys=0.01, real=0.04 secs] 
2014-04-09T14:15:06.500+0900: 126.149: [GC (Allocation Failure) 126.149: [ParNew: 59008K->6528K(59008K), 0.0509843 secs] 7156726K->7112684K(25159296K), 0.0513400 secs] [Times: user=0.61 sys=0.01, real=0.05 secs] 
2014-04-09T14:15:06.592+0900: 126.242: [GC (Allocation Failure) 126.242: [ParNew: 59008K->6528K(59008K), 0.0538859 secs] 7165164K->7121992K(25159296K), 0.0542495 secs] [Times: user=0.65 sys=0.01, real=0.05 secs] 
2014-04-09T14:15:06.690+0900: 126.339: [GC (Allocation Failure) 126.339: [ParNew: 59008K->6528K(59008K), 0.0523951 secs] 7174472K->7130410K(25159296K), 0.0527589 secs] [Times: user=0.64 sys=0.00, real=0.05 secs] 
2014-04-09T14:15:06.783+0900: 126.432: [GC (Allocation Failure) 126.433: [ParNew: 59008K->6528K(59008K), 0.0533598 secs] 7182890K->7139853K(25159296K), 0.0537388 secs] [Times: user=0.64 sys=0.00, real=0.05 secs] 
2014-04-09T14:15:06.880+0900: 126.529: [GC (Allocation Failure) 126.529: [ParNew: 59008K->6528K(59008K), 0.0477427 secs] 7192333K->7148325K(25159296K), 0.0481030 secs] [Times: user=0.53 sys=0.02, real=0.04 secs] 
2014-04-09T14:15:06.968+0900: 126.617: [GC (Allocation Failure) 126.618: [ParNew: 59008K->6528K(59008K), 0.0610321 secs] 7200805K->7157065K(25159296K), 0.0614052 secs] [Times: user=0.72 sys=0.02, real=0.07 secs] 
2014-04-09T14:15:07.070+0900: 126.719: [GC (Allocation Failure) 126.719: [ParNew: 59008K->6528K(59008K), 0.0449395 secs] 7209545K->7164750K(25159296K), 0.0453099 secs] [Times: user=0.51 sys=0.01, real=0.04 secs] 
2014-04-09T14:15:07.154+0900: 126.803: [GC (Allocation Failure) 126.803: [ParNew: 59008K->6528K(59008K), 0.0491974 secs] 7217230K->7173502K(25159296K), 0.0495711 secs] [Times: user=0.56 sys=0.01, real=0.05 secs] 
2014-04-09T14:15:07.244+0900: 126.893: [GC (Allocation Failure) 126.893: [ParNew: 59008K->6528K(59008K), 0.0497030 secs] 7225982K->7181798K(25159296K), 0.0500711 secs] [Times: user=0.57 sys=0.01, real=0.05 secs] 
2014-04-09T14:15:07.332+0900: 126.981: [GC (Allocation Failure) 126.981: [ParNew: 59008K->6528K(59008K), 0.0579342 secs] 7234278K->7190916K(25159296K), 0.0583016 secs] [Times: user=0.67 sys=0.01, real=0.06 secs] 
2014-04-09T14:15:07.435+0900: 127.084: [GC (Allocation Failure) 127.084: [ParNew: 59008K->6528K(59008K), 0.0574520 secs] 7243396K->7199585K(25159296K), 0.0578382 secs] [Times: user=0.68 sys=0.01, real=0.06 secs] 
2014-04-09T14:15:07.534+0900: 127.183: [GC (Allocation Failure) 127.183: [ParNew: 59008K->6528K(59008K), 0.0461563 secs] 7252065K->7207412K(25159296K), 0.0465319 secs] [Times: user=0.54 sys=0.01, real=0.05 secs] 
2014-04-09T14:15:07.620+0900: 127.269: [GC (Allocation Failure) 127.269: [ParNew: 59008K->6528K(59008K), 0.0559448 secs] 7259892K->7216666K(25159296K), 0.0563150 secs] [Times: user=0.67 sys=0.01, real=0.05 secs] 
2014-04-09T14:15:07.715+0900: 127.364: [GC (Allocation Failure) 127.364: [ParNew: 59008K->6528K(59008K), 0.0485649 secs] 7269146K->7224478K(25159296K), 0.0489236 secs] [Times: user=0.56 sys=0.01, real=0.05 secs] 
2014-04-09T14:15:07.805+0900: 127.454: [GC (Allocation Failure) 127.454: [ParNew: 59008K->6528K(59008K), 0.0523335 secs] 7276958K->7233874K(25159296K), 0.0526993 secs] [Times: user=0.58 sys=0.01, real=0.05 secs] 
2014-04-09T14:15:07.897+0900: 127.546: [GC (Allocation Failure) 127.546: [ParNew: 59008K->6528K(59008K), 0.0548624 secs] 7286354K->7242757K(25159296K), 0.0552282 secs] [Times: user=0.63 sys=0.02, real=0.06 secs] 
2014-04-09T14:15:07.994+0900: 127.643: [GC (Allocation Failure) 127.643: [ParNew: 59008K->6528K(59008K), 0.0503289 secs] 7295237K->7251765K(25159296K), 0.0506956 secs] [Times: user=0.59 sys=0.01, real=0.05 secs] 
2014-04-09T14:15:08.083+0900: 127.733: [GC (Allocation Failure) 127.733: [ParNew: 59008K->6528K(59008K), 0.0536290 secs] 7304245K->7260154K(25159296K), 0.0540033 secs] [Times: user=0.64 sys=0.01, real=0.05 secs] 
2014-04-09T14:15:08.181+0900: 127.830: [GC (Allocation Failure) 127.830: [ParNew: 59008K->6528K(59008K), 0.0600004 secs] 7312634K->7268454K(25159296K), 0.0603632 secs] [Times: user=0.71 sys=0.01, real=0.06 secs] 
2014-04-09T14:15:08.285+0900: 127.934: [GC (Allocation Failure) 127.935: [ParNew: 59008K->6528K(59008K), 0.0486356 secs] 7320934K->7276734K(25159296K), 0.0490071 secs] [Times: user=0.58 sys=0.01, real=0.05 secs] 
2014-04-09T14:15:08.374+0900: 128.023: [GC (Allocation Failure) 128.023: [ParNew: 59008K->6528K(59008K), 0.0491473 secs] 7329214K->7285597K(25159296K), 0.0495125 secs] [Times: user=0.57 sys=0.01, real=0.05 secs] 
2014-04-09T14:15:08.463+0900: 128.112: [GC (Allocation Failure) 128.113: [ParNew: 59007K->6528K(59008K), 0.0479339 secs] 7338077K->7294936K(25159296K), 0.0483059 secs] [Times: user=0.56 sys=0.01, real=0.05 secs] 
2014-04-09T14:15:08.552+0900: 128.201: [GC (Allocation Failure) 128.201: [ParNew: 59008K->6528K(59008K), 0.0577294 secs] 7347416K->7302895K(25159296K), 0.0580944 secs] [Times: user=0.69 sys=0.00, real=0.06 secs] 
2014-04-09T14:15:08.649+0900: 128.298: [GC (Allocation Failure) 128.298: [ParNew: 59008K->6528K(59008K), 0.0495402 secs] 7355375K->7311032K(25159296K), 0.0499051 secs] [Times: user=0.53 sys=0.01, real=0.05 secs] 
2014-04-09T14:15:08.737+0900: 128.386: [GC (Allocation Failure) 128.387: [ParNew: 59008K->6528K(59008K), 0.0472750 secs] 7363512K->7319987K(25159296K), 0.0476387 secs] [Times: user=0.53 sys=0.01, real=0.05 secs] 
2014-04-09T14:15:08.825+0900: 128.474: [GC (Allocation Failure) 128.474: [ParNew: 59008K->6528K(59008K), 0.0625974 secs] 7372467K->7329599K(25159296K), 0.0629617 secs] [Times: user=0.72 sys=0.02, real=0.06 secs] 
2014-04-09T14:15:08.925+0900: 128.575: [GC (Allocation Failure) 128.575: [ParNew: 59008K->6528K(59008K), 0.0588104 secs] 7382079K->7338429K(25159296K), 0.0591778 secs] [Times: user=0.69 sys=0.01, real=0.06 secs] 
2014-04-09T14:15:09.025+0900: 128.674: [GC (Allocation Failure) 128.675: [ParNew: 59008K->6528K(59008K), 0.0577428 secs] 7390909K->7347084K(25159296K), 0.0581083 secs] [Times: user=0.67 sys=0.01, real=0.06 secs] 
2014-04-09T14:15:09.123+0900: 128.772: [GC (Allocation Failure) 128.773: [ParNew: 59008K->6528K(59008K), 0.0465977 secs] 7399564K->7354607K(25159296K), 0.0469790 secs] [Times: user=0.53 sys=0.01, real=0.05 secs] 
2014-04-09T14:15:09.215+0900: 128.864: [GC (Allocation Failure) 128.865: [ParNew: 59008K->6528K(59008K), 0.0552593 secs] 7407087K->7363497K(25159296K), 0.0556407 secs] [Times: user=0.64 sys=0.01, real=0.06 secs] 
2014-04-09T14:15:09.310+0900: 128.959: [GC (Allocation Failure) 128.960: [ParNew: 59008K->6528K(59008K), 0.0488917 secs] 7415977K->7372372K(25159296K), 0.0492537 secs] [Times: user=0.56 sys=0.02, real=0.05 secs] 
2014-04-09T14:15:09.399+0900: 129.048: [GC (Allocation Failure) 129.049: [ParNew: 59008K->6528K(59008K), 0.0558002 secs] 7424852K->7381777K(25159296K), 0.0561654 secs] [Times: user=0.65 sys=0.01, real=0.05 secs] 
2014-04-09T14:15:09.496+0900: 129.145: [GC (Allocation Failure) 129.145: [ParNew: 59008K->6528K(59008K), 0.0469966 secs] 7434257K->7389667K(25159296K), 0.0473582 secs] [Times: user=0.56 sys=0.01, real=0.05 secs] 
2014-04-09T14:15:09.584+0900: 129.233: [GC (Allocation Failure) 129.234: [ParNew: 59008K->6528K(59008K), 0.0463619 secs] 7442147K->7398691K(25159296K), 0.0467283 secs] [Times: user=0.53 sys=0.01, real=0.05 secs] 
2014-04-09T14:15:09.669+0900: 129.318: [GC (Allocation Failure) 129.318: [ParNew: 59008K->6528K(59008K), 0.0569245 secs] 7451171K->7408290K(25159296K), 0.0572929 secs] [Times: user=0.65 sys=0.03, real=0.05 secs] 
2014-04-09T14:15:09.765+0900: 129.414: [GC (Allocation Failure) 129.414: [ParNew: 59008K->6528K(59008K), 0.0601303 secs] 7460770K->7416652K(25159296K), 0.0605024 secs] [Times: user=0.71 sys=0.01, real=0.06 secs] 
2014-04-09T14:15:09.864+0900: 129.513: [GC (Allocation Failure) 129.513: [ParNew: 59008K->6528K(59008K), 0.0574252 secs] 7469132K->7425614K(25159296K), 0.0577900 secs] [Times: user=0.68 sys=0.01, real=0.06 secs] 
2014-04-09T14:15:09.960+0900: 129.609: [GC (Allocation Failure) 129.610: [ParNew: 59008K->6528K(59008K), 0.0619066 secs] 7478094K->7434478K(25159296K), 0.0622624 secs] [Times: user=0.73 sys=0.01, real=0.06 secs] 
2014-04-09T14:15:10.061+0900: 129.710: [GC (Allocation Failure) 129.710: [ParNew: 59008K->6528K(59008K), 0.0563556 secs] 7486958K->7443841K(25159296K), 0.0567131 secs] [Times: user=0.66 sys=0.01, real=0.05 secs] 
2014-04-09T14:15:10.156+0900: 129.805: [GC (Allocation Failure) 129.805: [ParNew: 59008K->6528K(59008K), 0.0466323 secs] 7496321K->7451174K(25159296K), 0.0469901 secs] [Times: user=0.55 sys=0.01, real=0.05 secs] 
2014-04-09T14:15:10.241+0900: 129.890: [GC (Allocation Failure) 129.890: [ParNew: 59008K->6528K(59008K), 0.0463987 secs] 7503654K->7459449K(25159296K), 0.0467628 secs] [Times: user=0.54 sys=0.02, real=0.04 secs] 
2014-04-09T14:15:10.326+0900: 129.975: [GC (Allocation Failure) 129.976: [ParNew: 59008K->6528K(59008K), 0.0493208 secs] 7511929K->7468524K(25159296K), 0.0496794 secs] [Times: user=0.57 sys=0.01, real=0.05 secs] 
2014-04-09T14:15:10.420+0900: 130.069: [GC (Allocation Failure) 130.069: [ParNew: 59008K->6528K(59008K), 0.0599928 secs] 7521004K->7477191K(25159296K), 0.0603546 secs] [Times: user=0.71 sys=0.02, real=0.06 secs] 
2014-04-09T14:15:10.519+0900: 130.168: [GC (Allocation Failure) 130.168: [ParNew: 59008K->6528K(59008K), 0.0483729 secs] 7529671K->7486164K(25159296K), 0.0487376 secs] [Times: user=0.57 sys=0.01, real=0.05 secs] 
2014-04-09T14:15:10.607+0900: 130.256: [GC (Allocation Failure) 130.256: [ParNew: 59008K->6528K(59008K), 0.0467360 secs] 7538644K->7494982K(25159296K), 0.0471006 secs] [Times: user=0.54 sys=0.01, real=0.05 secs] 
2014-04-09T14:15:10.692+0900: 130.341: [GC (Allocation Failure) 130.341: [ParNew: 59008K->6528K(59008K), 0.0567703 secs] 7547462K->7503098K(25159296K), 0.0571430 secs] [Times: user=0.68 sys=0.01, real=0.06 secs] 
2014-04-09T14:15:10.788+0900: 130.437: [GC (Allocation Failure) 130.438: [ParNew: 59008K->6528K(59008K), 0.0595456 secs] 7555578K->7512046K(25159296K), 0.0599137 secs] [Times: user=0.71 sys=0.02, real=0.06 secs] 
2014-04-09T14:15:10.888+0900: 130.537: [GC (Allocation Failure) 130.537: [ParNew: 59008K->6528K(59008K), 0.0617809 secs] 7564526K->7521018K(25159296K), 0.0621432 secs] [Times: user=0.73 sys=0.01, real=0.07 secs] 
2014-04-09T14:15:10.986+0900: 130.635: [GC (Allocation Failure) 130.635: [ParNew: 59007K->6528K(59008K), 0.0460221 secs] 7573498K->7529397K(25159296K), 0.0463947 secs] [Times: user=0.53 sys=0.01, real=0.05 secs] 
2014-04-09T14:15:11.073+0900: 130.722: [GC (Allocation Failure) 130.722: [ParNew: 59008K->6528K(59008K), 0.0503413 secs] 7581877K->7539154K(25159296K), 0.0507053 secs] [Times: user=0.58 sys=0.01, real=0.05 secs] 
2014-04-09T14:15:11.125+0900: 130.774: [GC (CMS Initial Mark) [1 CMS-initial-mark: 7532626K(25100288K)] 7539174K(25159296K), 0.0019411 secs] [Times: user=0.01 sys=0.01, real=0.00 secs] 
2014-04-09T14:15:11.127+0900: 130.776: [CMS-concurrent-mark-start]
2014-04-09T14:15:11.174+0900: 130.823: [GC (Allocation Failure) 130.823: [ParNew: 59008K->6528K(59008K), 0.0479328 secs] 7591634K->7547001K(25159296K), 0.0482984 secs] [Times: user=0.56 sys=0.02, real=0.05 secs] 
2014-04-09T14:15:11.271+0900: 130.920: [GC (Allocation Failure) 130.920: [ParNew: 59008K->6528K(59008K), 0.0535606 secs] 7599481K->7555618K(25159296K), 0.0539233 secs] [Times: user=0.62 sys=0.02, real=0.05 secs] 
2014-04-09T14:15:11.377+0900: 131.026: [GC (Allocation Failure) 131.026: [ParNew: 59008K->6528K(59008K), 0.0562188 secs] 7608098K->7564001K(25159296K), 0.0565759 secs] [Times: user=0.67 sys=0.01, real=0.06 secs] 
2014-04-09T14:15:11.488+0900: 131.137: [GC (Allocation Failure) 131.137: [ParNew: 59008K->6528K(59008K), 0.0494063 secs] 7616481K->7573048K(25159296K), 0.0497643 secs] [Times: user=0.58 sys=0.01, real=0.05 secs] 
2014-04-09T14:15:11.588+0900: 131.237: [GC (Allocation Failure) 131.238: [ParNew: 59008K->6528K(59008K), 0.0590716 secs] 7625528K->7581787K(25159296K), 0.0594412 secs] [Times: user=0.71 sys=0.01, real=0.06 secs] 
2014-04-09T14:15:11.700+0900: 131.349: [GC (Allocation Failure) 131.349: [ParNew: 59008K->6528K(59008K), 0.0476609 secs] 7634267K->7589481K(25159296K), 0.0480177 secs] [Times: user=0.57 sys=0.00, real=0.04 secs] 
2014-04-09T14:15:11.797+0900: 131.446: [GC (Allocation Failure) 131.446: [ParNew: 59008K->6528K(59008K), 0.0502636 secs] 7641961K->7598124K(25159296K), 0.0506252 secs] [Times: user=0.58 sys=0.01, real=0.05 secs] 
2014-04-09T14:15:11.897+0900: 131.546: [GC (Allocation Failure) 131.546: [ParNew: 59008K->6528K(59008K), 0.0596179 secs] 7650604K->7607633K(25159296K), 0.0599777 secs] [Times: user=0.71 sys=0.01, real=0.06 secs] 
2014-04-09T14:15:12.002+0900: 131.651: [GC (Allocation Failure) 131.651: [ParNew: 59008K->6528K(59008K), 0.0486668 secs] 7660113K->7616678K(25159296K), 0.0490340 secs] [Times: user=0.56 sys=0.01, real=0.05 secs] 
2014-04-09T14:15:12.099+0900: 131.748: [GC (Allocation Failure) 131.749: [ParNew: 59008K->6528K(59008K), 0.0483240 secs] 7669158K->7624893K(25159296K), 0.0486812 secs] [Times: user=0.55 sys=0.02, real=0.04 secs] 
2014-04-09T14:15:12.196+0900: 131.845: [GC (Allocation Failure) 131.845: [ParNew: 59008K->6528K(59008K), 0.0490295 secs] 7677373K->7632783K(25159296K), 0.0493912 secs] [Times: user=0.57 sys=0.01, real=0.05 secs] 
2014-04-09T14:15:12.294+0900: 131.944: [GC (Allocation Failure) 131.944: [ParNew: 59008K->6528K(59008K), 0.0593230 secs] 7685263K->7641523K(25159296K), 0.0596837 secs] [Times: user=0.71 sys=0.01, real=0.06 secs] 
2014-04-09T14:15:12.403+0900: 132.052: [GC (Allocation Failure) 132.052: [ParNew: 59008K->6528K(59008K), 0.0561876 secs] 7694003K->7650893K(25159296K), 0.0565490 secs] [Times: user=0.67 sys=0.00, real=0.06 secs] 
2014-04-09T14:15:12.510+0900: 132.159: [GC (Allocation Failure) 132.159: [ParNew: 59008K->6528K(59008K), 0.0561828 secs] 7703373K->7659438K(25159296K), 0.0565493 secs] [Times: user=0.65 sys=0.01, real=0.05 secs] 
2014-04-09T14:15:12.618+0900: 132.267: [GC (Allocation Failure) 132.267: [ParNew: 59008K->6528K(59008K), 0.0516067 secs] 7711918K->7668361K(25159296K), 0.0519656 secs] [Times: user=0.61 sys=0.01, real=0.06 secs] 
2014-04-09T14:15:12.718+0900: 132.367: [GC (Allocation Failure) 132.367: [ParNew: 59008K->6528K(59008K), 0.0515024 secs] 7720841K->7676666K(25159296K), 0.0518619 secs] [Times: user=0.60 sys=0.01, real=0.06 secs] 
2014-04-09T14:15:12.821+0900: 132.470: [GC (Allocation Failure) 132.470: [ParNew: 59008K->6528K(59008K), 0.0465020 secs] 7729146K->7685070K(25159296K), 0.0468642 secs] [Times: user=0.54 sys=0.00, real=0.04 secs] 
2014-04-09T14:15:12.923+0900: 132.572: [GC (Allocation Failure) 132.572: [ParNew: 59008K->6528K(59008K), 0.0630335 secs] 7737550K->7693927K(25159296K), 0.0634526 secs] [Times: user=0.70 sys=0.02, real=0.06 secs] 
2014-04-09T14:15:13.037+0900: 132.686: [GC (Allocation Failure) 132.686: [ParNew: 59008K->6528K(59008K), 0.0500783 secs] 7746407K->7702210K(25159296K), 0.0504385 secs] [Times: user=0.59 sys=0.02, real=0.05 secs] 
2014-04-09T14:15:13.136+0900: 132.785: [GC (Allocation Failure) 132.785: [ParNew: 59008K->6528K(59008K), 0.0516236 secs] 7754690K->7711341K(25159296K), 0.0519814 secs] [Times: user=0.59 sys=0.01, real=0.05 secs] 
2014-04-09T14:15:13.241+0900: 132.890: [GC (Allocation Failure) 132.890: [ParNew: 59008K->6528K(59008K), 0.0570224 secs] 7763821K->7720083K(25159296K), 0.0573899 secs] [Times: user=0.66 sys=0.01, real=0.05 secs] 
2014-04-09T14:15:13.355+0900: 133.004: [GC (Allocation Failure) 133.004: [ParNew: 59008K->6528K(59008K), 0.0483766 secs] 7772563K->7728341K(25159296K), 0.0487332 secs] [Times: user=0.56 sys=0.01, real=0.05 secs] 
2014-04-09T14:15:13.469+0900: 133.118: [CMS-concurrent-mark: 1.138/2.341 secs] [Times: user=26.36 sys=2.89, real=2.34 secs] 
2014-04-09T14:15:13.470+0900: 133.119: [GC (Allocation Failure) 133.119: [ParNew: 59008K->6528K(59008K), 0.0476180 secs] 7780821K->7737066K(25159296K), 0.0479505 secs] [Times: user=0.55 sys=0.02, real=0.04 secs] 
2014-04-09T14:15:13.519+0900: 133.168: [CMS-concurrent-preclean-start]
2014-04-09T14:15:13.564+0900: 133.213: [GC (Allocation Failure) 133.213: [ParNew: 59008K->6528K(59008K), 0.0476707 secs] 7789546K->7745589K(25159296K), 0.0480221 secs] [Times: user=0.55 sys=0.01, real=0.05 secs] 
2014-04-09T14:15:13.651+0900: 133.300: [GC (Allocation Failure) 133.300: [ParNew: 59008K->6528K(59008K), 0.0553024 secs] 7798069K->7755467K(25159296K), 0.0556595 secs] [Times: user=0.65 sys=0.00, real=0.05 secs] 
2014-04-09T14:15:13.747+0900: 133.396: [GC (Allocation Failure) 133.396: [ParNew: 59008K->6528K(59008K), 0.0561037 secs] 7807947K->7763444K(25159296K), 0.0564647 secs] [Times: user=0.66 sys=0.01, real=0.06 secs] 
2014-04-09T14:15:13.845+0900: 133.494: [GC (Allocation Failure) 133.494: [ParNew: 59008K->6528K(59008K), 0.0483069 secs] 7815924K->7771786K(25159296K), 0.0486844 secs] [Times: user=0.56 sys=0.01, real=0.05 secs] 
2014-04-09T14:15:13.935+0900: 133.584: [GC (Allocation Failure) 133.584: [ParNew: 59008K->6528K(59008K), 0.0471649 secs] 7824266K->7780697K(25159296K), 0.0475451 secs] [Times: user=0.54 sys=0.01, real=0.05 secs] 
2014-04-09T14:15:14.023+0900: 133.672: [GC (Allocation Failure) 133.672: [ParNew: 59008K->6528K(59008K), 0.0574854 secs] 7833177K->7790238K(25159296K), 0.0578466 secs] [Times: user=0.66 sys=0.02, real=0.06 secs] 
2014-04-09T14:15:14.122+0900: 133.771: [GC (Allocation Failure) 133.771: [ParNew: 59008K->6528K(59008K), 0.0501217 secs] 7842718K->7798313K(25159296K), 0.0504816 secs] [Times: user=0.57 sys=0.00, real=0.05 secs] 
2014-04-09T14:15:14.215+0900: 133.864: [GC (Allocation Failure) 133.864: [ParNew: 59008K->6528K(59008K), 0.0614978 secs] 7850793K->7806258K(25159296K), 0.0618547 secs] [Times: user=0.72 sys=0.01, real=0.06 secs] 
2014-04-09T14:15:14.318+0900: 133.967: [GC (Allocation Failure) 133.967: [ParNew: 59008K->6528K(59008K), 0.0547175 secs] 7858738K->7814861K(25159296K), 0.0550775 secs] [Times: user=0.65 sys=0.01, real=0.06 secs] 
2014-04-09T14:15:14.414+0900: 134.063: [GC (Allocation Failure) 134.063: [ParNew: 59008K->6528K(59008K), 0.0572983 secs] 7867341K->7824492K(25159296K), 0.0576741 secs] [Times: user=0.67 sys=0.01, real=0.06 secs] 
2014-04-09T14:15:14.513+0900: 134.162: [GC (Allocation Failure) 134.162: [ParNew: 59008K->6528K(59008K), 0.0488021 secs] 7876972K->7832618K(25159296K), 0.0491608 secs] [Times: user=0.56 sys=0.01, real=0.05 secs] 
2014-04-09T14:15:14.603+0900: 134.252: [GC (Allocation Failure) 134.252: [ParNew: 59008K->6528K(59008K), 0.0526706 secs] 7885098K->7841195K(25159296K), 0.0530293 secs] [Times: user=0.61 sys=0.01, real=0.05 secs] 
2014-04-09T14:15:14.697+0900: 134.346: [GC (Allocation Failure) 134.346: [ParNew: 59008K->6528K(59008K), 0.0500958 secs] 7893675K->7850502K(25159296K), 0.0504782 secs] [Times: user=0.58 sys=0.01, real=0.05 secs] 
2014-04-09T14:15:14.788+0900: 134.437: [GC (Allocation Failure) 134.438: [ParNew: 59008K->6528K(59008K), 0.0463033 secs] 7902982K->7858213K(25159296K), 0.0466690 secs] [Times: user=0.49 sys=0.01, real=0.05 secs] 
2014-04-09T14:15:14.876+0900: 134.525: [GC (Allocation Failure) 134.526: [ParNew: 59008K->6528K(59008K), 0.0453089 secs] 7910693K->7866843K(25159296K), 0.0456678 secs] [Times: user=0.51 sys=0.01, real=0.05 secs] 
2014-04-09T14:15:14.963+0900: 134.612: [GC (Allocation Failure) 134.612: [ParNew: 59008K->6528K(59008K), 0.0494830 secs] 7919323K->7875958K(25159296K), 0.0498400 secs] [Times: user=0.55 sys=0.01, real=0.05 secs] 
2014-04-09T14:15:15.056+0900: 134.705: [GC (Allocation Failure) 134.706: [ParNew: 59008K->6528K(59008K), 0.0562364 secs] 7928438K->7885223K(25159296K), 0.0566004 secs] [Times: user=0.65 sys=0.01, real=0.06 secs] 
2014-04-09T14:15:15.157+0900: 134.807: [GC (Allocation Failure) 134.807: [ParNew: 59008K->6528K(59008K), 0.0513741 secs] 7937703K->7892993K(25159296K), 0.0517385 secs] [Times: user=0.60 sys=0.02, real=0.05 secs] 
2014-04-09T14:15:15.250+0900: 134.899: [GC (Allocation Failure) 134.899: [ParNew: 59008K->6528K(59008K), 0.0585434 secs] 7945473K->7903142K(25159296K), 0.0589110 secs] [Times: user=0.67 sys=0.01, real=0.05 secs] 
2014-04-09T14:15:15.352+0900: 135.001: [GC (Allocation Failure) 135.001: [ParNew: 59008K->6528K(59008K), 0.0547349 secs] 7955622K->7911511K(25159296K), 0.0550873 secs] [Times: user=0.65 sys=0.01, real=0.05 secs] 
2014-04-09T14:15:15.447+0900: 135.096: [GC (Allocation Failure) 135.097: [ParNew: 59008K->6528K(59008K), 0.0495178 secs] 7963991K->7920178K(25159296K), 0.0498755 secs] [Times: user=0.58 sys=0.00, real=0.05 secs] 
2014-04-09T14:15:15.538+0900: 135.187: [GC (Allocation Failure) 135.187: [ParNew: 59008K->6528K(59008K), 0.0456805 secs] 7972658K->7928170K(25159296K), 0.0460399 secs] [Times: user=0.49 sys=0.02, real=0.05 secs] 
2014-04-09T14:15:15.627+0900: 135.276: [GC (Allocation Failure) 135.276: [ParNew: 59008K->6528K(59008K), 0.0573223 secs] 7980650K->7938032K(25159296K), 0.0576866 secs] [Times: user=0.67 sys=0.01, real=0.06 secs] 
2014-04-09T14:15:15.725+0900: 135.374: [GC (Allocation Failure) 135.374: [ParNew: 59008K->6528K(59008K), 0.0556510 secs] 7990512K->7946632K(25159296K), 0.0560113 secs] [Times: user=0.64 sys=0.02, real=0.06 secs] 
2014-04-09T14:15:15.822+0900: 135.471: [GC (Allocation Failure) 135.472: [ParNew: 59008K->6528K(59008K), 0.0482112 secs] 7999112K->7954233K(25159296K), 0.0485739 secs] [Times: user=0.55 sys=0.01, real=0.05 secs] 
2014-04-09T14:15:15.912+0900: 135.561: [GC (Allocation Failure) 135.561: [ParNew: 59008K->6528K(59008K), 0.0522465 secs] 8006713K->7963138K(25159296K), 0.0526121 secs] [Times: user=0.59 sys=0.01, real=0.05 secs] 
2014-04-09T14:15:16.006+0900: 135.655: [GC (Allocation Failure) 135.656: [ParNew: 59008K->6528K(59008K), 0.0577476 secs] 8015618K->7972355K(25159296K), 0.0581126 secs] [Times: user=0.68 sys=0.02, real=0.06 secs] 
2014-04-09T14:15:16.167+0900: 135.816: [CMS-concurrent-preclean: 1.079/2.648 secs] [Times: user=27.77 sys=3.53, real=2.65 secs] 
2014-04-09T14:15:16.168+0900: 135.817: [GC (Allocation Failure) 135.817: [ParNew: 59008K->6528K(59008K), 0.0546373 secs] 8024835K->7980832K(25159296K), 0.0549898 secs] [Times: user=0.64 sys=0.01, real=0.06 secs] 
2014-04-09T14:15:16.225+0900: 135.874: [GC (CMS Final Remark) [YG occupancy: 6537 K (59008 K)]135.874: [Rescan (parallel) , 0.0191027 secs]135.893: [weak refs processing, 0.0143570 secs]135.907: [class unloading, 0.0428439 secs]135.950: [scrub symbol table, 0.0047881 secs]135.955: [scrub string table, 0.0014041 secs][1 CMS-remark: 7974304K(25100288K)] 7980842K(25159296K), 0.0973403 secs] [Times: user=0.32 sys=0.00, real=0.10 secs] 
2014-04-09T14:15:16.322+0900: 135.971: [CMS-concurrent-sweep-start]
2014-04-09T14:15:16.377+0900: 136.026: [GC (Allocation Failure) 136.026: [ParNew: 59008K->6528K(59008K), 0.0442445 secs] 8020168K->7975640K(25159296K), 0.0446116 secs] [Times: user=0.53 sys=0.00, real=0.05 secs] 
2014-04-09T14:15:16.465+0900: 136.114: [GC (Allocation Failure) 136.114: [ParNew: 59008K->6528K(59008K), 0.0463635 secs] 8008948K->7966108K(25159296K), 0.0467254 secs] [Times: user=0.56 sys=0.01, real=0.05 secs] 
2014-04-09T14:15:16.552+0900: 136.201: [GC (Allocation Failure) 136.201: [ParNew: 59008K->6528K(59008K), 0.0557419 secs] 8002962K->7959896K(25159296K), 0.0561090 secs] [Times: user=0.68 sys=0.00, real=0.05 secs] 
2014-04-09T14:15:16.653+0900: 136.302: [GC (Allocation Failure) 136.302: [ParNew: 59007K->6528K(59008K), 0.0503712 secs] 7992987K->7949176K(25159296K), 0.0507404 secs] [Times: user=0.61 sys=0.01, real=0.05 secs] 
2014-04-09T14:15:16.745+0900: 136.394: [GC (Allocation Failure) 136.394: [ParNew: 59008K->6528K(59008K), 0.0442140 secs] 7983365K->7939217K(25159296K), 0.0445818 secs] [Times: user=0.53 sys=0.00, real=0.04 secs] 
2014-04-09T14:15:16.830+0900: 136.479: [GC (Allocation Failure) 136.479: [ParNew: 59008K->6528K(59008K), 0.0475999 secs] 7973459K->7929368K(25159296K), 0.0479666 secs] [Times: user=0.57 sys=0.01, real=0.05 secs] 
2014-04-09T14:15:16.918+0900: 136.567: [GC (Allocation Failure) 136.567: [ParNew: 59008K->6528K(59008K), 0.0498687 secs] 7961965K->7917762K(25159296K), 0.0502533 secs] [Times: user=0.62 sys=0.00, real=0.05 secs] 
2014-04-09T14:15:17.015+0900: 136.664: [GC (Allocation Failure) 136.664: [ParNew: 59008K->6528K(59008K), 0.0506724 secs] 7949212K->7905561K(25159296K), 0.0510369 secs] [Times: user=0.61 sys=0.01, real=0.05 secs] 
2014-04-09T14:15:17.107+0900: 136.756: [GC (Allocation Failure) 136.756: [ParNew: 59008K->6528K(59008K), 0.0504657 secs] 7940133K->7896693K(25159296K), 0.0508410 secs] [Times: user=0.61 sys=0.01, real=0.05 secs] 
2014-04-09T14:15:17.199+0900: 136.848: [GC (Allocation Failure) 136.848: [ParNew: 59008K->6528K(59008K), 0.0561986 secs] 7930727K->7886721K(25159296K), 0.0565767 secs] [Times: user=0.69 sys=0.01, real=0.06 secs] 
2014-04-09T14:15:17.296+0900: 136.945: [GC (Allocation Failure) 136.946: [ParNew: 59008K->6528K(59008K), 0.0568122 secs] 7919977K->7876226K(25159296K), 0.0571943 secs] [Times: user=0.69 sys=0.01, real=0.06 secs] 
2014-04-09T14:15:17.394+0900: 137.043: [GC (Allocation Failure) 137.043: [ParNew: 59008K->6528K(59008K), 0.0446616 secs] 7911035K->7866547K(25159296K), 0.0450294 secs] [Times: user=0.53 sys=0.01, real=0.04 secs] 
2014-04-09T14:15:17.479+0900: 137.128: [GC (Allocation Failure) 137.128: [ParNew: 59008K->6528K(59008K), 0.0575133 secs] 7901048K->7858142K(25159296K), 0.0578804 secs] [Times: user=0.68 sys=0.02, real=0.06 secs] 
2014-04-09T14:15:17.578+0900: 137.227: [GC (Allocation Failure) 137.227: [ParNew: 59008K->6528K(59008K), 0.0429697 secs] 7892031K->7847299K(25159296K), 0.0433494 secs] [Times: user=0.50 sys=0.01, real=0.05 secs] 
2014-04-09T14:15:17.666+0900: 137.315: [GC (Allocation Failure) 137.315: [ParNew: 59008K->6528K(59008K), 0.0513105 secs] 7878393K->7835249K(25159296K), 0.0516825 secs] [Times: user=0.63 sys=0.01, real=0.05 secs] 
2014-04-09T14:15:17.763+0900: 137.412: [GC (Allocation Failure) 137.412: [ParNew: 59008K->6528K(59008K), 0.0554327 secs] 7866712K->7822906K(25159296K), 0.0557979 secs] [Times: user=0.67 sys=0.01, real=0.05 secs] 
2014-04-09T14:15:17.859+0900: 137.508: [GC (Allocation Failure) 137.508: [ParNew: 59008K->6528K(59008K), 0.0414394 secs] 7855825K->7811161K(25159296K), 0.0418057 secs] [Times: user=0.49 sys=0.01, real=0.05 secs] 
2014-04-09T14:15:17.941+0900: 137.590: [GC (Allocation Failure) 137.590: [ParNew: 59008K->6528K(59008K), 0.0520925 secs] 7845303K->7802107K(25159296K), 0.0524588 secs] [Times: user=0.63 sys=0.01, real=0.05 secs] 
2014-04-09T14:15:18.037+0900: 137.686: [GC (Allocation Failure) 137.687: [ParNew: 59008K->6528K(59008K), 0.0547630 secs] 7832526K->7788226K(25159296K), 0.0551430 secs] [Times: user=0.66 sys=0.01, real=0.06 secs] 
2014-04-09T14:15:18.139+0900: 137.788: [GC (Allocation Failure) 137.788: [ParNew: 59008K->6528K(59008K), 0.0421815 secs] 7818680K->7774664K(25159296K), 0.0425638 secs] [Times: user=0.49 sys=0.00, real=0.05 secs] 
2014-04-09T14:15:18.227+0900: 137.876: [GC (Allocation Failure) 137.876: [ParNew: 59008K->6528K(59008K), 0.0491096 secs] 7805435K->7762888K(25159296K), 0.0494738 secs] [Times: user=0.59 sys=0.00, real=0.05 secs] 
2014-04-09T14:15:18.320+0900: 137.969: [GC (Allocation Failure) 137.969: [ParNew: 59008K->6528K(59008K), 0.0444891 secs] 7795586K->7750997K(25159296K), 0.0448510 secs] [Times: user=0.54 sys=0.00, real=0.05 secs] 
2014-04-09T14:15:18.405+0900: 138.054: [GC (Allocation Failure) 138.054: [ParNew: 59008K->6528K(59008K), 0.0448438 secs] 7784519K->7740997K(25159296K), 0.0452101 secs] [Times: user=0.52 sys=0.02, real=0.04 secs] 
2014-04-09T14:15:18.489+0900: 138.138: [GC (Allocation Failure) 138.138: [ParNew: 59008K->6528K(59008K), 0.0518921 secs] 7775809K->7731854K(25159296K), 0.0522748 secs] [Times: user=0.63 sys=0.01, real=0.06 secs] 
2014-04-09T14:15:18.584+0900: 138.233: [GC (Allocation Failure) 138.233: [ParNew: 59008K->6528K(59008K), 0.0530565 secs] 7764886K->7721934K(25159296K), 0.0534233 secs] [Times: user=0.63 sys=0.02, real=0.05 secs] 
2014-04-09T14:15:18.679+0900: 138.328: [GC (Allocation Failure) 138.328: [ParNew: 59008K->6528K(59008K), 0.0438692 secs] 7754999K->7710218K(25159296K), 0.0442387 secs] [Times: user=0.52 sys=0.00, real=0.05 secs] 
2014-04-09T14:15:18.763+0900: 138.412: [GC (Allocation Failure) 138.412: [ParNew: 59008K->6528K(59008K), 0.0482802 secs] 7744705K->7702301K(25159296K), 0.0486552 secs] [Times: user=0.58 sys=0.01, real=0.05 secs] 
2014-04-09T14:15:18.852+0900: 138.501: [GC (Allocation Failure) 138.501: [ParNew: 58955K->6528K(59008K), 0.0531467 secs] 7735135K->7691234K(25159296K), 0.0535228 secs] [Times: user=0.65 sys=0.01, real=0.05 secs] 
2014-04-09T14:15:18.946+0900: 138.595: [GC (Allocation Failure) 138.596: [ParNew: 59008K->6528K(59008K), 0.0421846 secs] 7723966K->7679345K(25159296K), 0.0425604 secs] [Times: user=0.48 sys=0.00, real=0.04 secs] 
2014-04-09T14:15:19.031+0900: 138.680: [GC (Allocation Failure) 138.680: [ParNew: 59008K->6528K(59008K), 0.0447482 secs] 7713058K->7670208K(25159296K), 0.0451150 secs] [Times: user=0.52 sys=0.01, real=0.04 secs] 
2014-04-09T14:15:19.116+0900: 138.765: [GC (Allocation Failure) 138.765: [ParNew: 59008K->6528K(59008K), 0.0513994 secs] 7705206K->7662791K(25159296K), 0.0517577 secs] [Times: user=0.61 sys=0.00, real=0.05 secs] 
2014-04-09T14:15:19.207+0900: 138.856: [GC (Allocation Failure) 138.857: [ParNew: 59008K->6528K(59008K), 0.0525487 secs] 7696379K->7652782K(25159296K), 0.0529115 secs] [Times: user=0.63 sys=0.01, real=0.06 secs] 
2014-04-09T14:15:19.302+0900: 138.951: [GC (Allocation Failure) 138.951: [ParNew: 59008K->6528K(59008K), 0.0460436 secs] 7686281K->7642333K(25159296K), 0.0464096 secs] [Times: user=0.55 sys=0.00, real=0.04 secs] 
2014-04-09T14:15:19.389+0900: 139.038: [GC (Allocation Failure) 139.039: [ParNew: 59008K->6528K(59008K), 0.0507594 secs] 7675494K->7632799K(25159296K), 0.0511181 secs] [Times: user=0.61 sys=0.01, real=0.06 secs] 
2014-04-09T14:15:19.482+0900: 139.131: [GC (Allocation Failure) 139.131: [ParNew: 59008K->6528K(59008K), 0.0497093 secs] 7667705K->7623832K(25159296K), 0.0500816 secs] [Times: user=0.60 sys=0.02, real=0.05 secs] 
2014-04-09T14:15:19.572+0900: 139.221: [GC (Allocation Failure) 139.221: [ParNew: 59008K->6528K(59008K), 0.0407713 secs] 7658994K->7614591K(25159296K), 0.0411297 secs] [Times: user=0.49 sys=0.01, real=0.04 secs] 
2014-04-09T14:15:19.658+0900: 139.307: [GC (Allocation Failure) 139.307: [ParNew: 59008K->6528K(59008K), 0.0418323 secs] 7643723K->7600330K(25159296K), 0.0422287 secs] [Times: user=0.49 sys=0.01, real=0.05 secs] 
2014-04-09T14:15:19.745+0900: 139.394: [GC (Allocation Failure) 139.394: [ParNew: 59008K->6528K(59008K), 0.0426778 secs] 7632132K->7588266K(25159296K), 0.0430307 secs] [Times: user=0.49 sys=0.01, real=0.04 secs] 
2014-04-09T14:15:19.828+0900: 139.477: [GC (Allocation Failure) 139.478: [ParNew: 59008K->6528K(59008K), 0.0450696 secs] 7624771K->7581529K(25159296K), 0.0454354 secs] [Times: user=0.52 sys=0.00, real=0.05 secs] 
2014-04-09T14:15:19.914+0900: 139.563: [GC (Allocation Failure) 139.563: [ParNew: 59008K->6528K(59008K), 0.0475538 secs] 7620374K->7576623K(25159296K), 0.0479153 secs] [Times: user=0.57 sys=0.01, real=0.05 secs] 
2014-04-09T14:15:20.002+0900: 139.651: [GC (Allocation Failure) 139.651: [ParNew: 59008K->6528K(59008K), 0.0428422 secs] 7619421K->7574629K(25159296K), 0.0432002 secs] [Times: user=0.51 sys=0.01, real=0.04 secs] 
2014-04-09T14:15:20.086+0900: 139.735: [GC (Allocation Failure) 139.735: [ParNew: 59008K->6528K(59008K), 0.0431075 secs] 7616430K->7572589K(25159296K), 0.0434664 secs] [Times: user=0.50 sys=0.01, real=0.04 secs] 
2014-04-09T14:15:20.170+0900: 139.819: [GC (Allocation Failure) 139.819: [ParNew: 59008K->6528K(59008K), 0.0560480 secs] 7615205K->7572170K(25159296K), 0.0564137 secs] [Times: user=0.68 sys=0.00, real=0.06 secs] 
2014-04-09T14:15:20.268+0900: 139.917: [GC (Allocation Failure) 139.917: [ParNew: 59008K->6528K(59008K), 0.0566007 secs] 7614647K->7570618K(25159296K), 0.0569709 secs] [Times: user=0.68 sys=0.01, real=0.06 secs] 
2014-04-09T14:15:20.369+0900: 140.018: [GC (Allocation Failure) 140.018: [ParNew: 59008K->6528K(59008K), 0.0513925 secs] 7612498K->7569696K(25159296K), 0.0517524 secs] [Times: user=0.62 sys=0.01, real=0.06 secs] 
2014-04-09T14:15:20.461+0900: 140.111: [GC (Allocation Failure) 140.111: [ParNew: 59008K->6528K(59008K), 0.0446533 secs] 7611052K->7566717K(25159296K), 0.0450175 secs] [Times: user=0.53 sys=0.01, real=0.04 secs] 
2014-04-09T14:15:20.547+0900: 140.196: [GC (Allocation Failure) 140.196: [ParNew: 59008K->6528K(59008K), 0.0507866 secs] 7609547K->7566363K(25159296K), 0.0511458 secs] [Times: user=0.61 sys=0.00, real=0.05 secs] 
2014-04-09T14:15:20.643+0900: 140.292: [GC (Allocation Failure) 140.292: [ParNew: 59008K->6528K(59008K), 0.0407242 secs] 7607511K->7562601K(25159296K), 0.0410889 secs] [Times: user=0.48 sys=0.00, real=0.04 secs] 
2014-04-09T14:15:20.728+0900: 140.377: [GC (Allocation Failure) 140.377: [ParNew: 59008K->6528K(59008K), 0.0504620 secs] 7605412K->7562534K(25159296K), 0.0508148 secs] [Times: user=0.60 sys=0.01, real=0.05 secs] 
2014-04-09T14:15:20.821+0900: 140.470: [GC (Allocation Failure) 140.471: [ParNew: 59008K->6528K(59008K), 0.0454407 secs] 7606447K->7562514K(25159296K), 0.0458095 secs] [Times: user=0.54 sys=0.00, real=0.04 secs] 
2014-04-09T14:15:20.911+0900: 140.560: [GC (Allocation Failure) 140.561: [ParNew: 59008K->6528K(59008K), 0.0506603 secs] 7604952K->7561940K(25159296K), 0.0510221 secs] [Times: user=0.62 sys=0.00, real=0.05 secs] 
2014-04-09T14:15:21.002+0900: 140.651: [GC (Allocation Failure) 140.651: [ParNew: 59008K->6528K(59008K), 0.0443609 secs] 7605713K->7560580K(25159296K), 0.0447255 secs] [Times: user=0.53 sys=0.00, real=0.04 secs] 
2014-04-09T14:15:21.091+0900: 140.740: [GC (Allocation Failure) 140.740: [ParNew: 59008K->6528K(59008K), 0.0555861 secs] 7602457K->7558268K(25159296K), 0.0559386 secs] [Times: user=0.66 sys=0.01, real=0.05 secs] 
2014-04-09T14:15:21.187+0900: 140.836: [GC (Allocation Failure) 140.837: [ParNew: 59008K->6528K(59008K), 0.0541307 secs] 7601850K->7558078K(25159296K), 0.0545073 secs] [Times: user=0.65 sys=0.01, real=0.06 secs] 
2014-04-09T14:15:21.288+0900: 140.937: [GC (Allocation Failure) 140.938: [ParNew: 59008K->6528K(59008K), 0.0423893 secs] 7599420K->7555375K(25159296K), 0.0427619 secs] [Times: user=0.50 sys=0.00, real=0.05 secs] 
2014-04-09T14:15:21.372+0900: 141.021: [GC (Allocation Failure) 141.021: [ParNew: 59008K->6528K(59008K), 0.0506313 secs] 7597812K->7554958K(25159296K), 0.0510095 secs] [Times: user=0.61 sys=0.01, real=0.05 secs] 
2014-04-09T14:15:21.463+0900: 141.112: [GC (Allocation Failure) 141.112: [ParNew: 59008K->6528K(59008K), 0.0414719 secs] 7598546K->7554756K(25159296K), 0.0418462 secs] [Times: user=0.48 sys=0.01, real=0.04 secs] 
2014-04-09T14:15:21.548+0900: 141.197: [GC (Allocation Failure) 141.197: [ParNew: 59008K->6528K(59008K), 0.0485187 secs] 7596968K->7554266K(25159296K), 0.0488855 secs] [Times: user=0.59 sys=0.01, real=0.05 secs] 
2014-04-09T14:15:21.643+0900: 141.292: [GC (Allocation Failure) 141.292: [ParNew: 59008K->6528K(59008K), 0.0558445 secs] 7596166K->7551465K(25159296K), 0.0562255 secs] [Times: user=0.69 sys=0.00, real=0.05 secs] 
2014-04-09T14:15:21.740+0900: 141.389: [GC (Allocation Failure) 141.390: [ParNew: 59008K->6528K(59008K), 0.0440085 secs] 7595469K->7551492K(25159296K), 0.0443750 secs] [Times: user=0.52 sys=0.01, real=0.04 secs] 
2014-04-09T14:15:21.824+0900: 141.473: [GC (Allocation Failure) 141.473: [ParNew: 59008K->6528K(59008K), 0.0510031 secs] 7595951K->7552807K(25159296K), 0.0513769 secs] [Times: user=0.62 sys=0.00, real=0.05 secs] 
2014-04-09T14:15:21.916+0900: 141.565: [GC (Allocation Failure) 141.565: [ParNew: 59008K->6528K(59008K), 0.0442959 secs] 7597883K->7553554K(25159296K), 0.0446621 secs] [Times: user=0.52 sys=0.00, real=0.04 secs] 
2014-04-09T14:15:22.001+0900: 141.651: [GC (Allocation Failure) 141.651: [ParNew: 59008K->6528K(59008K), 0.0433546 secs] 7598669K->7554893K(25159296K), 0.0437239 secs] [Times: user=0.51 sys=0.01, real=0.04 secs] 
2014-04-09T14:15:22.089+0900: 141.738: [GC (Allocation Failure) 141.738: [ParNew: 59008K->6528K(59008K), 0.0513804 secs] 7601022K->7558359K(25159296K), 0.0517497 secs] [Times: user=0.60 sys=0.01, real=0.06 secs] 
2014-04-09T14:15:22.185+0900: 141.834: [GC (Allocation Failure) 141.834: [ParNew: 59008K->6528K(59008K), 0.0412912 secs] 7602489K->7557362K(25159296K), 0.0416622 secs] [Times: user=0.49 sys=0.01, real=0.04 secs] 
2014-04-09T14:15:22.272+0900: 141.921: [GC (Allocation Failure) 141.921: [ParNew: 59008K->6528K(59008K), 0.0555315 secs] 7599872K->7556957K(25159296K), 0.0558913 secs] [Times: user=0.68 sys=0.01, real=0.05 secs] 
2014-04-09T14:15:22.373+0900: 142.022: [GC (Allocation Failure) 142.022: [ParNew: 59008K->6528K(59008K), 0.0424116 secs] 7600358K->7555552K(25159296K), 0.0427768 secs] [Times: user=0.51 sys=0.01, real=0.04 secs] 
2014-04-09T14:15:22.459+0900: 142.108: [GC (Allocation Failure) 142.108: [ParNew: 59008K->6528K(59008K), 0.0495447 secs] 7599656K->7557213K(25159296K), 0.0499052 secs] [Times: user=0.60 sys=0.00, real=0.05 secs] 
2014-04-09T14:15:22.548+0900: 142.198: [GC (Allocation Failure) 142.198: [ParNew: 59008K->6528K(59008K), 0.0443588 secs] 7603273K->7558990K(25159296K), 0.0447173 secs] [Times: user=0.52 sys=0.00, real=0.05 secs] 
2014-04-09T14:15:22.633+0900: 142.282: [GC (Allocation Failure) 142.282: [ParNew: 59008K->6528K(59008K), 0.0508016 secs] 7600519K->7557126K(25159296K), 0.0511597 secs] [Times: user=0.62 sys=0.01, real=0.05 secs] 
2014-04-09T14:15:22.726+0900: 142.375: [GC (Allocation Failure) 142.375: [ParNew: 59008K->6528K(59008K), 0.0516334 secs] 7589823K->7545180K(25159296K), 0.0519899 secs] [Times: user=0.63 sys=0.00, real=0.05 secs] 
2014-04-09T14:15:22.823+0900: 142.472: [GC (Allocation Failure) 142.472: [ParNew: 59008K->6528K(59008K), 0.0430624 secs] 7575904K->7531427K(25159296K), 0.0434156 secs] [Times: user=0.52 sys=0.01, real=0.04 secs] 
2014-04-09T14:15:22.910+0900: 142.559: [GC (Allocation Failure) 142.559: [ParNew: 59008K->6528K(59008K), 0.0523282 secs] 7565229K->7522142K(25159296K), 0.0526887 secs] [Times: user=0.62 sys=0.01, real=0.06 secs] 
2014-04-09T14:15:23.004+0900: 142.653: [GC (Allocation Failure) 142.653: [ParNew: 58942K->6528K(59008K), 0.0418852 secs] 7554717K->7509926K(25159296K), 0.0422434 secs] [Times: user=0.49 sys=0.00, real=0.04 secs] 
2014-04-09T14:15:23.090+0900: 142.739: [GC (Allocation Failure) 142.740: [ParNew: 59008K->6528K(59008K), 0.0467554 secs] 7541490K->7497986K(25159296K), 0.0471189 secs] [Times: user=0.55 sys=0.01, real=0.04 secs] 
2014-04-09T14:15:23.183+0900: 142.832: [GC (Allocation Failure) 142.832: [ParNew: 59008K->6528K(59008K), 0.0447288 secs] 7530321K->7485790K(25159296K), 0.0450799 secs] [Times: user=0.53 sys=0.00, real=0.04 secs] 
2014-04-09T14:15:23.273+0900: 142.922: [GC (Allocation Failure) 142.922: [ParNew: 59008K->6528K(59008K), 0.0426467 secs] 7517582K->7473405K(25159296K), 0.0429992 secs] [Times: user=0.52 sys=0.00, real=0.04 secs] 
2014-04-09T14:15:23.362+0900: 143.011: [GC (Allocation Failure) 143.011: [ParNew: 59008K->6528K(59008K), 0.0450224 secs] 7504161K->7460713K(25159296K), 0.0453974 secs] [Times: user=0.54 sys=0.01, real=0.04 secs] 
2014-04-09T14:15:23.448+0900: 143.097: [GC (Allocation Failure) 143.097: [ParNew: 59007K->6528K(59008K), 0.0505960 secs] 7492515K->7450294K(25159296K), 0.0509424 secs] [Times: user=0.62 sys=0.01, real=0.05 secs] 
2014-04-09T14:15:23.540+0900: 143.189: [GC (Allocation Failure) 143.189: [ParNew: 59008K->6528K(59008K), 0.0550339 secs] 7479424K->7435165K(25159296K), 0.0553970 secs] [Times: user=0.66 sys=0.00, real=0.06 secs] 
2014-04-09T14:15:23.647+0900: 143.296: [GC (Allocation Failure) 143.296: [ParNew: 59008K->6528K(59008K), 0.0439210 secs] 7460754K->7416849K(25159296K), 0.0442735 secs] [Times: user=0.52 sys=0.01, real=0.04 secs] 
2014-04-09T14:15:23.731+0900: 143.380: [GC (Allocation Failure) 143.380: [ParNew: 59008K->6528K(59008K), 0.0424578 secs] 7445647K->7402048K(25159296K), 0.0428213 secs] [Times: user=0.49 sys=0.01, real=0.05 secs] 
2014-04-09T14:15:23.816+0900: 143.465: [GC (Allocation Failure) 143.465: [ParNew: 59008K->6528K(59008K), 0.0547840 secs] 7430786K->7387492K(25159296K), 0.0551395 secs] [Times: user=0.65 sys=0.01, real=0.05 secs] 
2014-04-09T14:15:23.918+0900: 143.567: [GC (Allocation Failure) 143.567: [ParNew: 59008K->6528K(59008K), 0.0413921 secs] 7421583K->7376846K(25159296K), 0.0417491 secs] [Times: user=0.49 sys=0.01, real=0.04 secs] 
2014-04-09T14:15:24.000+0900: 143.649: [GC (Allocation Failure) 143.649: [ParNew: 59008K->6528K(59008K), 0.0531966 secs] 7429250K->7386748K(25159296K), 0.0535566 secs] [Times: user=0.64 sys=0.01, real=0.06 secs] 
2014-04-09T14:15:24.059+0900: 143.708: [CMS-concurrent-sweep: 3.481/7.736 secs] [Times: user=83.58 sys=10.36, real=7.73 secs] 
2014-04-09T14:15:24.059+0900: 143.708: [CMS-concurrent-reset-start]
2014-04-09T14:15:24.121+0900: 143.771: [GC (Allocation Failure) 143.771: [ParNew: 59008K->6528K(59008K), 0.0548371 secs] 7439228K->7394866K(25159296K), 0.0551920 secs] [Times: user=0.66 sys=0.02, real=0.05 secs] 
2014-04-09T14:15:24.197+0900: 143.846: [CMS-concurrent-reset: 0.081/0.138 secs] [Times: user=1.26 sys=0.19, real=0.14 secs] 
2014-04-09T14:15:24.217+0900: 143.866: [GC (Allocation Failure) 143.867: [ParNew: 59008K->6528K(59008K), 0.0477582 secs] 7447346K->7404235K(25159296K), 0.0481211 secs] [Times: user=0.57 sys=0.00, real=0.05 secs] 
2014-04-09T14:15:24.305+0900: 143.954: [GC (Allocation Failure) 143.954: [ParNew: 59008K->6528K(59008K), 0.0486461 secs] 7456715K->7412070K(25159296K), 0.0490057 secs] [Times: user=0.59 sys=0.01, real=0.05 secs] 
2014-04-09T14:15:24.392+0900: 144.041: [GC (Allocation Failure) 144.041: [ParNew: 59008K->6528K(59008K), 0.0567018 secs] 7464550K->7420930K(25159296K), 0.0570756 secs] [Times: user=0.61 sys=0.01, real=0.05 secs] 
2014-04-09T14:15:24.488+0900: 144.137: [GC (Allocation Failure) 144.137: [ParNew: 59008K->6528K(59008K), 0.0498782 secs] 7473410K->7429921K(25159296K), 0.0502377 secs] [Times: user=0.60 sys=0.01, real=0.05 secs] 
2014-04-09T14:15:24.577+0900: 144.226: [GC (Allocation Failure) 144.226: [ParNew: 59008K->6528K(59008K), 0.0521799 secs] 7482401K->7439160K(25159296K), 0.0525378 secs] [Times: user=0.63 sys=0.00, real=0.05 secs] 
2014-04-09T14:15:24.668+0900: 144.317: [GC (Allocation Failure) 144.317: [ParNew: 59008K->6528K(59008K), 0.0468950 secs] 7491640K->7446600K(25159296K), 0.0472518 secs] [Times: user=0.57 sys=0.01, real=0.05 secs] 
2014-04-09T14:15:24.755+0900: 144.404: [GC (Allocation Failure) 144.405: [ParNew: 59008K->6528K(59008K), 0.0450397 secs] 7499080K->7455596K(25159296K), 0.0453995 secs] [Times: user=0.52 sys=0.01, real=0.04 secs] 
2014-04-09T14:15:24.840+0900: 144.489: [GC (Allocation Failure) 144.489: [ParNew: 59008K->6528K(59008K), 0.0544860 secs] 7508076K->7464459K(25159296K), 0.0548441 secs] [Times: user=0.65 sys=0.01, real=0.06 secs] 
2014-04-09T14:15:24.933+0900: 144.582: [GC (Allocation Failure) 144.582: [ParNew: 59008K->6528K(59008K), 0.0564729 secs] 7516939K->7472964K(25159296K), 0.0568287 secs] [Times: user=0.68 sys=0.00, real=0.05 secs] 
2014-04-09T14:15:25.032+0900: 144.681: [GC (Allocation Failure) 144.682: [ParNew: 59008K->6528K(59008K), 0.0491325 secs] 7525444K->7482526K(25159296K), 0.0494775 secs] [Times: user=0.59 sys=0.01, real=0.05 secs] 
2014-04-09T14:15:25.121+0900: 144.770: [GC (Allocation Failure) 144.770: [ParNew: 59008K->6528K(59008K), 0.0553614 secs] 7535006K->7490853K(25159296K), 0.0557112 secs] [Times: user=0.67 sys=0.01, real=0.06 secs] 
2014-04-09T14:15:25.216+0900: 144.865: [GC (Allocation Failure) 144.865: [ParNew: 59008K->6528K(59008K), 0.0480228 secs] 7543333K->7499458K(25159296K), 0.0483717 secs] [Times: user=0.56 sys=0.01, real=0.05 secs] 
2014-04-09T14:15:25.302+0900: 144.952: [GC (Allocation Failure) 144.952: [ParNew: 59008K->6528K(59008K), 0.0455307 secs] 7551938K->7507711K(25159296K), 0.0458862 secs] [Times: user=0.53 sys=0.00, real=0.04 secs] 
2014-04-09T14:15:25.387+0900: 145.036: [GC (Allocation Failure) 145.036: [ParNew: 59008K->6528K(59008K), 0.0527421 secs] 7560191K->7516764K(25159296K), 0.0530927 secs] [Times: user=0.63 sys=0.01, real=0.05 secs] 
2014-04-09T14:15:25.484+0900: 145.133: [GC (Allocation Failure) 145.133: [ParNew: 59008K->6528K(59008K), 0.0520964 secs] 7569244K->7526041K(25159296K), 0.0524400 secs] [Times: user=0.62 sys=0.01, real=0.05 secs] 
2014-04-09T14:15:25.579+0900: 145.228: [GC (Allocation Failure) 145.228: [ParNew: 59008K->6528K(59008K), 0.0517926 secs] 7578521K->7534428K(25159296K), 0.0521485 secs] [Times: user=0.63 sys=0.01, real=0.05 secs] 
2014-04-09T14:15:25.668+0900: 145.317: [GC (Allocation Failure) 145.317: [ParNew: 59008K->6528K(59008K), 0.0508270 secs] 7586908K->7542779K(25159296K), 0.0511920 secs] [Times: user=0.61 sys=0.00, real=0.05 secs] 
2014-04-09T14:15:25.721+0900: 145.371: [GC (CMS Initial Mark) [1 CMS-initial-mark: 7536251K(25100288K)] 7543616K(25159296K), 0.0018362 secs] [Times: user=0.01 sys=0.00, real=0.00 secs] 
2014-04-09T14:15:25.724+0900: 145.373: [CMS-concurrent-mark-start]
2014-04-09T14:15:25.773+0900: 145.422: [GC (Allocation Failure) 145.422: [ParNew: 59008K->6528K(59008K), 0.0452598 secs] 7595259K->7551845K(25159296K), 0.0456158 secs] [Times: user=0.51 sys=0.01, real=0.04 secs] 
2014-04-09T14:15:25.868+0900: 145.517: [GC (Allocation Failure) 145.517: [ParNew: 59008K->6528K(59008K), 0.0426482 secs] 7604325K->7559195K(25159296K), 0.0429959 secs] [Times: user=0.50 sys=0.00, real=0.04 secs] 
2014-04-09T14:15:25.957+0900: 145.606: [GC (Allocation Failure) 145.606: [ParNew: 59008K->6528K(59008K), 0.0473332 secs] 7611675K->7567973K(25159296K), 0.0476826 secs] [Times: user=0.56 sys=0.01, real=0.05 secs] 
2014-04-09T14:15:26.059+0900: 145.708: [GC (Allocation Failure) 145.708: [ParNew: 59008K->6528K(59008K), 0.0559650 secs] 7620453K->7576786K(25159296K), 0.0563206 secs] [Times: user=0.67 sys=0.01, real=0.06 secs] 
2014-04-09T14:15:26.170+0900: 145.819: [GC (Allocation Failure) 145.819: [ParNew: 59008K->6528K(59008K), 0.0536859 secs] 7629266K->7585682K(25159296K), 0.0540339 secs] [Times: user=0.64 sys=0.01, real=0.06 secs] 
2014-04-09T14:15:26.276+0900: 145.925: [GC (Allocation Failure) 145.925: [ParNew: 59008K->6528K(59008K), 0.0579822 secs] 7638162K->7594078K(25159296K), 0.0583395 secs] [Times: user=0.69 sys=0.01, real=0.06 secs] 
2014-04-09T14:15:26.384+0900: 146.033: [GC (Allocation Failure) 146.034: [ParNew: 59008K->6528K(59008K), 0.0547229 secs] 7646558K->7602240K(25159296K), 0.0550804 secs] [Times: user=0.66 sys=0.00, real=0.05 secs] 
2014-04-09T14:15:26.495+0900: 146.144: [GC (Allocation Failure) 146.144: [ParNew: 59008K->6528K(59008K), 0.0503562 secs] 7654720K->7611591K(25159296K), 0.0506988 secs] [Times: user=0.59 sys=0.01, real=0.05 secs] 
2014-04-09T14:15:26.593+0900: 146.242: [GC (Allocation Failure) 146.243: [ParNew: 59008K->6528K(59008K), 0.0462107 secs] 7664071K->7619476K(25159296K), 0.0465602 secs] [Times: user=0.55 sys=0.01, real=0.04 secs] 
2014-04-09T14:15:26.685+0900: 146.334: [GC (Allocation Failure) 146.334: [ParNew: 59008K->6528K(59008K), 0.0463935 secs] 7671956K->7628195K(25159296K), 0.0467427 secs] [Times: user=0.54 sys=0.00, real=0.05 secs] 
2014-04-09T14:15:26.786+0900: 146.436: [GC (Allocation Failure) 146.436: [ParNew: 59008K->6528K(59008K), 0.0695492 secs] 7680675K->7642223K(25159296K), 0.0699241 secs] [Times: user=0.81 sys=0.01, real=0.07 secs] 
2014-04-09T14:15:26.904+0900: 146.553: [GC (Allocation Failure) 146.553: [ParNew: 59008K->6528K(59008K), 0.0557277 secs] 7694703K->7650859K(25159296K), 0.0560800 secs] [Times: user=0.68 sys=0.01, real=0.05 secs] 
2014-04-09T14:15:27.008+0900: 146.657: [GC (Allocation Failure) 146.657: [ParNew: 59008K->6528K(59008K), 0.0822164 secs] 7703339K->7680623K(25159296K), 0.0825793 secs] [Times: user=0.97 sys=0.02, real=0.08 secs] 
2014-04-09T14:15:27.148+0900: 146.797: [GC (Allocation Failure) 146.797: [ParNew: 59008K->6528K(59008K), 0.0819300 secs] 7733103K->7702738K(25159296K), 0.0823057 secs] [Times: user=0.99 sys=0.01, real=0.08 secs] 
2014-04-09T14:15:27.292+0900: 146.941: [GC (Allocation Failure) 146.941: [ParNew: 59008K->6528K(59008K), 0.0733594 secs] 7755218K->7714035K(25159296K), 0.0737316 secs] [Times: user=0.89 sys=0.01, real=0.07 secs] 
2014-04-09T14:15:27.421+0900: 147.070: [GC (Allocation Failure) 147.070: [ParNew: 59008K->6528K(59008K), 0.0599423 secs] 7766515K->7723236K(25159296K), 0.0603036 secs] [Times: user=0.70 sys=0.01, real=0.06 secs] 
2014-04-09T14:15:27.534+0900: 147.183: [GC (Allocation Failure) 147.184: [ParNew: 59008K->6528K(59008K), 0.0507263 secs] 7775716K->7731669K(25159296K), 0.0510941 secs] [Times: user=0.59 sys=0.02, real=0.05 secs] 
2014-04-09T14:15:27.636+0900: 147.285: [GC (Allocation Failure) 147.285: [ParNew: 59008K->6528K(59008K), 0.0483003 secs] 7784149K->7740574K(25159296K), 0.0486688 secs] [Times: user=0.55 sys=0.01, real=0.05 secs] 
2014-04-09T14:15:27.732+0900: 147.381: [GC (Allocation Failure) 147.382: [ParNew: 59008K->6528K(59008K), 0.0519000 secs] 7793054K->7749574K(25159296K), 0.0522585 secs] [Times: user=0.60 sys=0.02, real=0.05 secs] 
2014-04-09T14:15:27.835+0900: 147.484: [GC (Allocation Failure) 147.484: [ParNew: 59008K->6528K(59008K), 0.0531873 secs] 7802054K->7757841K(25159296K), 0.0535487 secs] [Times: user=0.60 sys=0.01, real=0.05 secs] 
2014-04-09T14:15:27.948+0900: 147.597: [GC (Allocation Failure) 147.597: [ParNew: 59008K->6528K(59008K), 0.0534122 secs] 7810321K->7765953K(25159296K), 0.0537750 secs] [Times: user=0.61 sys=0.02, real=0.06 secs] 
2014-04-09T14:15:28.053+0900: 147.702: [GC (Allocation Failure) 147.702: [ParNew: 59008K->6528K(59008K), 0.0520909 secs] 7818433K->7774449K(25159296K), 0.0524639 secs] [Times: user=0.61 sys=0.01, real=0.05 secs] 
2014-04-09T14:15:28.162+0900: 147.812: [GC (Allocation Failure) 147.812: [ParNew: 59008K->6528K(59008K), 0.0517100 secs] 7826929K->7783444K(25159296K), 0.0520730 secs] [Times: user=0.61 sys=0.00, real=0.05 secs] 
2014-04-09T14:15:28.263+0900: 147.912: [GC (Allocation Failure) 147.912: [ParNew: 59007K->6528K(59008K), 0.0542258 secs] 7835924K->7792193K(25159296K), 0.0545937 secs] [Times: user=0.64 sys=0.00, real=0.05 secs] 
2014-04-09T14:15:28.371+0900: 148.020: [GC (Allocation Failure) 148.020: [ParNew: 59008K->6528K(59008K), 0.0570754 secs] 7844673K->7801026K(25159296K), 0.0574400 secs] [Times: user=0.65 sys=0.02, real=0.06 secs] 
2014-04-09T14:15:28.484+0900: 148.133: [GC (Allocation Failure) 148.133: [ParNew: 59008K->6528K(59008K), 0.0569715 secs] 7853506K->7809202K(25159296K), 0.0573332 secs] [Times: user=0.65 sys=0.01, real=0.06 secs] 
2014-04-09T14:15:28.571+0900: 148.220: [CMS-concurrent-mark: 1.345/2.847 secs] [Times: user=32.26 sys=3.29, real=2.84 secs] 
2014-04-09T14:15:28.571+0900: 148.220: [CMS-concurrent-preclean-start]
2014-04-09T14:15:28.591+0900: 148.240: [GC (Allocation Failure) 148.240: [ParNew: 59008K->6528K(59008K), 0.0586857 secs] 7861682K->7817802K(25159296K), 0.0590608 secs] [Times: user=0.68 sys=0.02, real=0.06 secs] 
2014-04-09T14:15:28.690+0900: 148.339: [GC (Allocation Failure) 148.340: [ParNew: 59008K->6528K(59008K), 0.0577790 secs] 7870282K->7826967K(25159296K), 0.0581487 secs] [Times: user=0.67 sys=0.01, real=0.06 secs] 
2014-04-09T14:15:28.790+0900: 148.439: [GC (Allocation Failure) 148.439: [ParNew: 59008K->6528K(59008K), 0.0554825 secs] 7879447K->7836189K(25159296K), 0.0558535 secs] [Times: user=0.63 sys=0.02, real=0.06 secs] 
2014-04-09T14:15:28.887+0900: 148.536: [GC (Allocation Failure) 148.536: [ParNew: 59008K->6528K(59008K), 0.0468179 secs] 7888669K->7844357K(25159296K), 0.0471817 secs] [Times: user=0.53 sys=0.01, real=0.05 secs] 
2014-04-09T14:15:28.974+0900: 148.623: [GC (Allocation Failure) 148.624: [ParNew: 59008K->6528K(59008K), 0.0487758 secs] 7896837K->7852404K(25159296K), 0.0491444 secs] [Times: user=0.53 sys=0.02, real=0.05 secs] 
2014-04-09T14:15:29.065+0900: 148.714: [GC (Allocation Failure) 148.714: [ParNew: 59008K->6528K(59008K), 0.0543536 secs] 7904884K->7861658K(25159296K), 0.0547265 secs] [Times: user=0.64 sys=0.02, real=0.05 secs] 
2014-04-09T14:15:29.170+0900: 148.819: [GC (Allocation Failure) 148.819: [ParNew: 59008K->6528K(59008K), 0.0541037 secs] 7914138K->7870516K(25159296K), 0.0544733 secs] [Times: user=0.64 sys=0.01, real=0.06 secs] 
2014-04-09T14:15:29.270+0900: 148.919: [GC (Allocation Failure) 148.919: [ParNew: 59008K->6528K(59008K), 0.0503600 secs] 7922996K->7879466K(25159296K), 0.0507178 secs] [Times: user=0.59 sys=0.01, real=0.05 secs] 
2014-04-09T14:15:29.361+0900: 149.010: [GC (Allocation Failure) 149.011: [ParNew: 59008K->6528K(59008K), 0.0518618 secs] 7931946K->7888671K(25159296K), 0.0522327 secs] [Times: user=0.61 sys=0.01, real=0.05 secs] 
2014-04-09T14:15:29.458+0900: 149.107: [GC (Allocation Failure) 149.107: [ParNew: 59008K->6528K(59008K), 0.0534273 secs] 7941151K->7895695K(25159296K), 0.0537818 secs] [Times: user=0.62 sys=0.01, real=0.06 secs] 
2014-04-09T14:15:29.552+0900: 149.201: [GC (Allocation Failure) 149.201: [ParNew: 59008K->6528K(59008K), 0.0595800 secs] 7948175K->7904309K(25159296K), 0.0599409 secs] [Times: user=0.68 sys=0.02, real=0.06 secs] 
2014-04-09T14:15:29.652+0900: 149.301: [GC (Allocation Failure) 149.301: [ParNew: 59008K->6528K(59008K), 0.0526312 secs] 7956789K->7913609K(25159296K), 0.0530032 secs] [Times: user=0.61 sys=0.02, real=0.05 secs] 
2014-04-09T14:15:29.748+0900: 149.397: [GC (Allocation Failure) 149.398: [ParNew: 59008K->6528K(59008K), 0.0538694 secs] 7966089K->7922140K(25159296K), 0.0542359 secs] [Times: user=0.64 sys=0.01, real=0.06 secs] 
2014-04-09T14:15:29.848+0900: 149.497: [GC (Allocation Failure) 149.497: [ParNew: 59008K->6528K(59008K), 0.0533094 secs] 7974620K->7931247K(25159296K), 0.0536764 secs] [Times: user=0.62 sys=0.02, real=0.05 secs] 
2014-04-09T14:15:29.943+0900: 149.592: [GC (Allocation Failure) 149.593: [ParNew: 59008K->6528K(59008K), 0.0562948 secs] 7983727K->7938863K(25159296K), 0.0566742 secs] [Times: user=0.66 sys=0.01, real=0.05 secs] 
2014-04-09T14:15:30.044+0900: 149.693: [GC (Allocation Failure) 149.693: [ParNew: 59008K->6528K(59008K), 0.0556135 secs] 7991343K->7946898K(25159296K), 0.0559782 secs] [Times: user=0.65 sys=0.01, real=0.05 secs] 
2014-04-09T14:15:30.140+0900: 149.789: [GC (Allocation Failure) 149.789: [ParNew: 59008K->6528K(59008K), 0.0494186 secs] 7999378K->7955745K(25159296K), 0.0497804 secs] [Times: user=0.56 sys=0.01, real=0.05 secs] 
2014-04-09T14:15:30.234+0900: 149.883: [GC (Allocation Failure) 149.884: [ParNew: 59008K->6528K(59008K), 0.0520493 secs] 8008225K->7965007K(25159296K), 0.0524216 secs] [Times: user=0.61 sys=0.01, real=0.05 secs] 
2014-04-09T14:15:30.329+0900: 149.978: [GC (Allocation Failure) 149.978: [ParNew: 59008K->6528K(59008K), 0.0590439 secs] 8017487K->7973621K(25159296K), 0.0594229 secs] [Times: user=0.68 sys=0.02, real=0.06 secs] 
2014-04-09T14:15:30.437+0900: 150.086: [GC (Allocation Failure) 150.086: [ParNew: 59008K->6528K(59008K), 0.0585045 secs] 8026101K->7982434K(25159296K), 0.0588742 secs] [Times: user=0.68 sys=0.02, real=0.06 secs] 
2014-04-09T14:15:30.537+0900: 150.186: [GC (Allocation Failure) 150.186: [ParNew: 59008K->6528K(59008K), 0.0585324 secs] 8034914K->7990876K(25159296K), 0.0589134 secs] [Times: user=0.62 sys=0.00, real=0.06 secs] 
2014-04-09T14:15:30.640+0900: 150.289: [GC (Allocation Failure) 150.289: [ParNew: 59008K->6528K(59008K), 0.0541656 secs] 8043356K->7999552K(25159296K), 0.0545534 secs] [Times: user=0.63 sys=0.01, real=0.06 secs] 
2014-04-09T14:15:30.736+0900: 150.385: [GC (Allocation Failure) 150.385: [ParNew: 59008K->6528K(59008K), 0.0542923 secs] 8052032K->8008329K(25159296K), 0.0546544 secs] [Times: user=0.64 sys=0.01, real=0.05 secs] 
2014-04-09T14:15:30.834+0900: 150.483: [GC (Allocation Failure) 150.483: [ParNew: 59008K->6528K(59008K), 0.0514336 secs] 8060809K->8018452K(25159296K), 0.0518086 secs] [Times: user=0.60 sys=0.01, real=0.05 secs] 
2014-04-09T14:15:30.939+0900: 150.588: [GC (Allocation Failure) 150.588: [ParNew: 59008K->6528K(59008K), 0.0568856 secs] 8070932K->8026185K(25159296K), 0.0572504 secs] [Times: user=0.68 sys=0.01, real=0.06 secs] 
2014-04-09T14:15:31.041+0900: 150.690: [GC (Allocation Failure) 150.690: [ParNew: 59008K->6528K(59008K), 0.0494601 secs] 8078665K->8034947K(25159296K), 0.0498300 secs] [Times: user=0.58 sys=0.01, real=0.05 secs] 
2014-04-09T14:15:31.132+0900: 150.781: [GC (Allocation Failure) 150.781: [ParNew: 59008K->6528K(59008K), 0.0542283 secs] 8087427K->8043109K(25159296K), 0.0546034 secs] [Times: user=0.63 sys=0.00, real=0.06 secs] 
2014-04-09T14:15:31.238+0900: 150.887: [GC (Allocation Failure) 150.887: [ParNew: 59008K->6528K(59008K), 0.0529510 secs] 8095589K->8052383K(25159296K), 0.0533280 secs] [Times: user=0.61 sys=0.01, real=0.05 secs] 
2014-04-09T14:15:31.332+0900: 150.981: [GC (Allocation Failure) 150.981: [ParNew: 59008K->6528K(59008K), 0.0517732 secs] 8104863K->8061315K(25159296K), 0.0521498 secs] [Times: user=0.60 sys=0.01, real=0.06 secs] 
2014-04-09T14:15:31.426+0900: 151.075: [GC (Allocation Failure) 151.075: [ParNew: 59008K->6528K(59008K), 0.0485519 secs] 8113795K->8070162K(25159296K), 0.0489226 secs] [Times: user=0.56 sys=0.01, real=0.05 secs] 
2014-04-09T14:15:31.516+0900: 151.165: [GC (Allocation Failure) 151.165: [ParNew: 59008K->6528K(59008K), 0.0473159 secs] 8122642K->8078076K(25159296K), 0.0476961 secs] [Times: user=0.54 sys=0.01, real=0.05 secs] 
2014-04-09T14:15:31.607+0900: 151.256: [GC (Allocation Failure) 151.256: [ParNew: 59008K->6528K(59008K), 0.0531848 secs] 8130556K->8086865K(25159296K), 0.0535538 secs] [Times: user=0.63 sys=0.01, real=0.05 secs] 
2014-04-09T14:15:31.701+0900: 151.350: [GC (Allocation Failure) 151.350: [ParNew: 59008K->6528K(59008K), 0.0533139 secs] 8139345K->8095889K(25159296K), 0.0536816 secs] [Times: user=0.61 sys=0.00, real=0.06 secs] 
2014-04-09T14:15:31.798+0900: 151.447: [GC (Allocation Failure) 151.447: [ParNew: 59008K->6528K(59008K), 0.0499451 secs] 8148369K->8103891K(25159296K), 0.0503021 secs] [Times: user=0.56 sys=0.01, real=0.05 secs] 
2014-04-09T14:15:31.895+0900: 151.544: [GC (Allocation Failure) 151.544: [ParNew: 59008K->6528K(59008K), 0.0478598 secs] 8156371K->8112830K(25159296K), 0.0482170 secs] [Times: user=0.52 sys=0.02, real=0.05 secs] 
2014-04-09T14:15:31.988+0900: 151.637: [GC (Allocation Failure) 151.637: [ParNew: 59008K->6528K(59008K), 0.0596432 secs] 8165310K->8122527K(25159296K), 0.0600023 secs] [Times: user=0.69 sys=0.01, real=0.06 secs] 
2014-04-09T14:15:32.095+0900: 151.744: [GC (Allocation Failure) 151.744: [ParNew: 59008K->6528K(59008K), 0.0567783 secs] 8175007K->8130648K(25159296K), 0.0571343 secs] [Times: user=0.64 sys=0.02, real=0.05 secs] 
2014-04-09T14:15:32.191+0900: 151.840: [GC (Allocation Failure) 151.840: [ParNew: 59008K->6528K(59008K), 0.0549953 secs] 8183128K->8139809K(25159296K), 0.0553634 secs] [Times: user=0.63 sys=0.01, real=0.06 secs] 
2014-04-09T14:15:32.290+0900: 151.939: [GC (Allocation Failure) 151.940: [ParNew: 59008K->6528K(59008K), 0.0521063 secs] 8192289K->8148696K(25159296K), 0.0524741 secs] [Times: user=0.61 sys=0.01, real=0.06 secs] 
2014-04-09T14:15:32.392+0900: 152.041: [GC (Allocation Failure) 152.041: [ParNew: 59008K->6528K(59008K), 0.0566864 secs] 8201176K->8157006K(25159296K), 0.0570413 secs] [Times: user=0.66 sys=0.02, real=0.06 secs] 
2014-04-09T14:15:32.492+0900: 152.141: [GC (Allocation Failure) 152.141: [ParNew: 59008K->6528K(59008K), 0.0523007 secs] 8209486K->8167003K(25159296K), 0.0526692 secs] [Times: user=0.61 sys=0.01, real=0.06 secs] 
2014-04-09T14:15:32.652+0900: 152.301: [CMS-concurrent-preclean: 1.675/4.081 secs] [Times: user=42.35 sys=5.16, real=4.08 secs] 
2014-04-09T14:15:32.653+0900: 152.302: [GC (Allocation Failure) 152.302: [ParNew: 59008K->6528K(59008K), 0.0540939 secs] 8219483K->8175196K(25159296K), 0.0544413 secs] [Times: user=0.63 sys=0.01, real=0.05 secs] 
2014-04-09T14:15:32.709+0900: 152.358: [GC (CMS Final Remark) [YG occupancy: 6535 K (59008 K)]152.358: [Rescan (parallel) , 0.0184032 secs]152.376: [weak refs processing, 0.0022251 secs]152.379: [class unloading, 0.0428065 secs]152.421: [scrub symbol table, 0.0047721 secs]152.426: [scrub string table, 0.0014015 secs][1 CMS-remark: 8168668K(25100288K)] 8175203K(25159296K), 0.0776861 secs] [Times: user=0.29 sys=0.00, real=0.08 secs] 
2014-04-09T14:15:32.787+0900: 152.436: [CMS-concurrent-sweep-start]
2014-04-09T14:15:32.834+0900: 152.484: [GC (Allocation Failure) 152.484: [ParNew: 59008K->6528K(59008K), 0.0519638 secs] 8223705K->8179809K(25159296K), 0.0523256 secs] [Times: user=0.62 sys=0.01, real=0.05 secs] 
2014-04-09T14:15:32.927+0900: 152.576: [GC (Allocation Failure) 152.576: [ParNew: 59008K->6528K(59008K), 0.0527160 secs] 8226335K->8182901K(25159296K), 0.0530786 secs] [Times: user=0.62 sys=0.01, real=0.05 secs] 
2014-04-09T14:15:33.020+0900: 152.669: [GC (Allocation Failure) 152.669: [ParNew: 59008K->6528K(59008K), 0.0433816 secs] 8229566K->8185401K(25159296K), 0.0437441 secs] [Times: user=0.50 sys=0.00, real=0.05 secs] 
2014-04-09T14:15:33.105+0900: 152.754: [GC (Allocation Failure) 152.754: [ParNew: 59008K->6528K(59008K), 0.0440601 secs] 8229652K->8186044K(25159296K), 0.0444239 secs] [Times: user=0.52 sys=0.00, real=0.04 secs] 
2014-04-09T14:15:33.190+0900: 152.839: [GC (Allocation Failure) 152.839: [ParNew: 59008K->6528K(59008K), 0.0511842 secs] 8231856K->8188746K(25159296K), 0.0515531 secs] [Times: user=0.62 sys=0.00, real=0.05 secs] 
2014-04-09T14:15:33.285+0900: 152.934: [GC (Allocation Failure) 152.934: [ParNew: 59008K->6528K(59008K), 0.0489336 secs] 8236294K->8191881K(25159296K), 0.0492988 secs] [Times: user=0.60 sys=0.01, real=0.05 secs] 
2014-04-09T14:15:33.374+0900: 153.023: [GC (Allocation Failure) 153.023: [ParNew: 59008K->6528K(59008K), 0.0542749 secs] 8241758K->8198501K(25159296K), 0.0546367 secs] [Times: user=0.63 sys=0.01, real=0.05 secs] 
2014-04-09T14:15:33.470+0900: 153.119: [GC (Allocation Failure) 153.119: [ParNew: 59008K->6528K(59008K), 0.0529782 secs] 8249321K->8205356K(25159296K), 0.0533390 secs] [Times: user=0.62 sys=0.02, real=0.06 secs] 
2014-04-09T14:15:33.563+0900: 153.212: [GC (Allocation Failure) 153.212: [ParNew: 59008K->6528K(59008K), 0.0508333 secs] 8255991K->8212272K(25159296K), 0.0511937 secs] [Times: user=0.58 sys=0.02, real=0.05 secs] 
2014-04-09T14:15:33.656+0900: 153.305: [GC (Allocation Failure) 153.306: [ParNew: 59008K->6528K(59008K), 0.0501395 secs] 8261927K->8217794K(25159296K), 0.0505372 secs] [Times: user=0.59 sys=0.00, real=0.05 secs] 
2014-04-09T14:15:33.748+0900: 153.397: [GC (Allocation Failure) 153.397: [ParNew: 59008K->6528K(59008K), 0.0507977 secs] 8267107K->8222715K(25159296K), 0.0511650 secs] [Times: user=0.60 sys=0.01, real=0.05 secs] 
2014-04-09T14:15:33.839+0900: 153.488: [GC (Allocation Failure) 153.488: [ParNew: 59008K->6528K(59008K), 0.0428547 secs] 8272416K->8228416K(25159296K), 0.0432287 secs] [Times: user=0.48 sys=0.00, real=0.04 secs] 
2014-04-09T14:15:33.923+0900: 153.572: [GC (Allocation Failure) 153.572: [ParNew: 59008K->6528K(59008K), 0.0533169 secs] 8277834K->8234684K(25159296K), 0.0536900 secs] [Times: user=0.64 sys=0.00, real=0.05 secs] 
2014-04-09T14:15:34.018+0900: 153.667: [GC (Allocation Failure) 153.667: [ParNew: 59007K->6528K(59008K), 0.0516433 secs] 8283558K->8239885K(25159296K), 0.0520322 secs] [Times: user=0.52 sys=0.01, real=0.05 secs] 
2014-04-09T14:15:34.109+0900: 153.759: [GC (Allocation Failure) 153.759: [ParNew: 59008K->6528K(59008K), 0.0490976 secs] 8289361K->8245166K(25159296K), 0.0494717 secs] [Times: user=0.54 sys=0.01, real=0.05 secs] 
2014-04-09T14:15:34.199+0900: 153.848: [GC (Allocation Failure) 153.849: [ParNew: 59008K->6528K(59008K), 0.0452105 secs] 8293881K->8249142K(25159296K), 0.0456007 secs] [Times: user=0.47 sys=0.01, real=0.05 secs] 
2014-04-09T14:15:34.288+0900: 153.937: [GC (Allocation Failure) 153.937: [ParNew: 59008K->6528K(59008K), 0.0616005 secs] 8299913K->8257052K(25159296K), 0.0619675 secs] [Times: user=0.69 sys=0.02, real=0.06 secs] 
2014-04-09T14:15:34.393+0900: 154.042: [GC (Allocation Failure) 154.042: [ParNew: 59008K->6528K(59008K), 0.0451022 secs] 8306882K->8263014K(25159296K), 0.0454757 secs] [Times: user=0.49 sys=0.01, real=0.04 secs] 
2014-04-09T14:15:34.480+0900: 154.129: [GC (Allocation Failure) 154.129: [ParNew: 59008K->6528K(59008K), 0.0451669 secs] 8312570K->8268640K(25159296K), 0.0455271 secs] [Times: user=0.48 sys=0.02, real=0.05 secs] 
2014-04-09T14:15:34.570+0900: 154.219: [GC (Allocation Failure) 154.219: [ParNew: 59008K->6528K(59008K), 0.0441515 secs] 8317980K->8274538K(25159296K), 0.0445062 secs] [Times: user=0.48 sys=0.01, real=0.05 secs] 
2014-04-09T14:15:34.656+0900: 154.305: [GC (Allocation Failure) 154.305: [ParNew: 59008K->6528K(59008K), 0.0549117 secs] 8322657K->8279434K(25159296K), 0.0552771 secs] [Times: user=0.65 sys=0.01, real=0.05 secs] 
2014-04-09T14:15:34.752+0900: 154.401: [GC (Allocation Failure) 154.401: [ParNew: 59008K->6528K(59008K), 0.0453176 secs] 8329331K->8284544K(25159296K), 0.0456765 secs] [Times: user=0.51 sys=0.01, real=0.05 secs] 
2014-04-09T14:15:34.842+0900: 154.491: [GC (Allocation Failure) 154.492: [ParNew: 59008K->6528K(59008K), 0.0448375 secs] 8334392K->8290666K(25159296K), 0.0452119 secs] [Times: user=0.51 sys=0.00, real=0.05 secs] 
2014-04-09T14:15:34.933+0900: 154.582: [GC (Allocation Failure) 154.582: [ParNew: 59008K->6528K(59008K), 0.0553091 secs] 8340767K->8297315K(25159296K), 0.0556668 secs] [Times: user=0.66 sys=0.00, real=0.05 secs] 
2014-04-09T14:15:35.036+0900: 154.685: [GC (Allocation Failure) 154.685: [ParNew: 59008K->6528K(59008K), 0.0429844 secs] 8346818K->8302642K(25159296K), 0.0433438 secs] [Times: user=0.47 sys=0.01, real=0.04 secs] 
2014-04-09T14:15:35.120+0900: 154.769: [GC (Allocation Failure) 154.769: [ParNew: 59008K->6528K(59008K), 0.0607490 secs] 8351918K->8308551K(25159296K), 0.0611107 secs] [Times: user=0.71 sys=0.02, real=0.06 secs] 
2014-04-09T14:15:35.227+0900: 154.876: [GC (Allocation Failure) 154.876: [ParNew: 59008K->6528K(59008K), 0.0510630 secs] 8357160K->8312109K(25159296K), 0.0514173 secs] [Times: user=0.60 sys=0.01, real=0.05 secs] 
2014-04-09T14:15:35.318+0900: 154.967: [GC (Allocation Failure) 154.967: [ParNew: 59008K->6528K(59008K), 0.0440023 secs] 8361030K->8316945K(25159296K), 0.0443728 secs] [Times: user=0.49 sys=0.01, real=0.05 secs] 
2014-04-09T14:15:35.408+0900: 155.057: [GC (Allocation Failure) 155.057: [ParNew: 59008K->6528K(59008K), 0.0469957 secs] 8359802K->8316358K(25159296K), 0.0473641 secs] [Times: user=0.56 sys=0.00, real=0.05 secs] 
2014-04-09T14:15:35.496+0900: 155.145: [GC (Allocation Failure) 155.145: [ParNew: 59008K->6528K(59008K), 0.0567634 secs] 8358487K->8314977K(25159296K), 0.0571349 secs] [Times: user=0.65 sys=0.02, real=0.06 secs] 
2014-04-09T14:15:35.593+0900: 155.242: [GC (Allocation Failure) 155.242: [ParNew: 59008K->6528K(59008K), 0.0584915 secs] 8354493K->8310749K(25159296K), 0.0588517 secs] [Times: user=0.69 sys=0.02, real=0.05 secs] 
2014-04-09T14:15:35.691+0900: 155.340: [GC (Allocation Failure) 155.340: [ParNew: 59008K->6528K(59008K), 0.0547953 secs] 8350208K->8306941K(25159296K), 0.0551560 secs] [Times: user=0.65 sys=0.01, real=0.06 secs] 
2014-04-09T14:15:35.788+0900: 155.437: [GC (Allocation Failure) 155.438: [ParNew: 59008K->6528K(59008K), 0.0469128 secs] 8345952K->8301916K(25159296K), 0.0472734 secs] [Times: user=0.54 sys=0.01, real=0.05 secs] 
2014-04-09T14:15:35.878+0900: 155.527: [GC (Allocation Failure) 155.527: [ParNew: 59008K->6528K(59008K), 0.0434059 secs] 8340152K->8295993K(25159296K), 0.0437727 secs] [Times: user=0.50 sys=0.01, real=0.04 secs] 
2014-04-09T14:15:35.961+0900: 155.610: [GC (Allocation Failure) 155.611: [ParNew: 59008K->6528K(59008K), 0.0523717 secs] 8336907K->8293617K(25159296K), 0.0527480 secs] [Times: user=0.61 sys=0.02, real=0.06 secs] 
2014-04-09T14:15:36.053+0900: 155.702: [GC (Allocation Failure) 155.702: [ParNew: 59008K->6528K(59008K), 0.0520782 secs] 8332805K->8289415K(25159296K), 0.0524489 secs] [Times: user=0.63 sys=0.01, real=0.05 secs] 
2014-04-09T14:15:36.150+0900: 155.799: [GC (Allocation Failure) 155.799: [ParNew: 59008K->6528K(59008K), 0.0464917 secs] 8327142K->8283360K(25159296K), 0.0468517 secs] [Times: user=0.56 sys=0.00, real=0.05 secs] 
2014-04-09T14:15:36.241+0900: 155.890: [GC (Allocation Failure) 155.891: [ParNew: 59008K->6528K(59008K), 0.0548839 secs] 8321297K->8277755K(25159296K), 0.0552402 secs] [Times: user=0.63 sys=0.01, real=0.06 secs] 
2014-04-09T14:15:36.343+0900: 155.992: [GC (Allocation Failure) 155.992: [ParNew: 59008K->6528K(59008K), 0.0420596 secs] 8316155K->8270740K(25159296K), 0.0424258 secs] [Times: user=0.47 sys=0.01, real=0.04 secs] 
2014-04-09T14:15:36.425+0900: 156.074: [GC (Allocation Failure) 156.074: [ParNew: 59008K->6528K(59008K), 0.0597845 secs] 8309970K->8267330K(25159296K), 0.0601546 secs] [Times: user=0.70 sys=0.02, real=0.06 secs] 
2014-04-09T14:15:36.526+0900: 156.175: [GC (Allocation Failure) 156.175: [ParNew: 59008K->6528K(59008K), 0.0441492 secs] 8306606K->8262336K(25159296K), 0.0445175 secs] [Times: user=0.52 sys=0.00, real=0.04 secs] 
2014-04-09T14:15:36.612+0900: 156.261: [GC (Allocation Failure) 156.261: [ParNew: 59008K->6528K(59008K), 0.0487697 secs] 8302595K->8258740K(25159296K), 0.0491517 secs] [Times: user=0.56 sys=0.01, real=0.05 secs] 
2014-04-09T14:15:36.701+0900: 156.350: [GC (Allocation Failure) 156.350: [ParNew: 59008K->6528K(59008K), 0.0561643 secs] 8299161K->8256170K(25159296K), 0.0565464 secs] [Times: user=0.67 sys=0.00, real=0.06 secs] 
2014-04-09T14:15:36.798+0900: 156.447: [GC (Allocation Failure) 156.448: [ParNew: 59002K->6528K(59008K), 0.0470132 secs] 8295656K->8251079K(25159296K), 0.0473870 secs] [Times: user=0.54 sys=0.01, real=0.05 secs] 
2014-04-09T14:15:36.885+0900: 156.534: [GC (Allocation Failure) 156.535: [ParNew: 59008K->6528K(59008K), 0.0572419 secs] 8292094K->8248411K(25159296K), 0.0576154 secs] [Times: user=0.68 sys=0.00, real=0.05 secs] 
2014-04-09T14:15:36.984+0900: 156.633: [GC (Allocation Failure) 156.633: [ParNew: 59008K->6528K(59008K), 0.0451934 secs] 8289216K->8245076K(25159296K), 0.0455641 secs] [Times: user=0.53 sys=0.01, real=0.04 secs] 
2014-04-09T14:15:37.070+0900: 156.719: [GC (Allocation Failure) 156.719: [ParNew: 59008K->6528K(59008K), 0.0601237 secs] 8291986K->8247742K(25159296K), 0.0605013 secs] [Times: user=0.72 sys=0.01, real=0.06 secs] 
2014-04-09T14:15:37.172+0900: 156.821: [GC (Allocation Failure) 156.821: [ParNew: 59008K->6528K(59008K), 0.0592071 secs] 8294507K->8251039K(25159296K), 0.0595786 secs] [Times: user=0.69 sys=0.01, real=0.06 secs] 
2014-04-09T14:15:37.274+0900: 156.923: [GC (Allocation Failure) 156.923: [ParNew: 59008K->6528K(59008K), 0.0474037 secs] 8297652K->8253521K(25159296K), 0.0477712 secs] [Times: user=0.55 sys=0.01, real=0.04 secs] 
2014-04-09T14:15:37.362+0900: 157.011: [GC (Allocation Failure) 157.011: [ParNew: 59008K->6528K(59008K), 0.0554248 secs] 8300767K->8256323K(25159296K), 0.0557869 secs] [Times: user=0.65 sys=0.02, real=0.06 secs] 
2014-04-09T14:15:37.458+0900: 157.107: [GC (Allocation Failure) 157.107: [ParNew: 59008K->6528K(59008K), 0.0543380 secs] 8304563K->8260921K(25159296K), 0.0547119 secs] [Times: user=0.62 sys=0.01, real=0.05 secs] 
2014-04-09T14:15:37.554+0900: 157.203: [GC (Allocation Failure) 157.203: [ParNew: 59008K->6528K(59008K), 0.0458274 secs] 8309076K->8264856K(25159296K), 0.0461951 secs] [Times: user=0.52 sys=0.01, real=0.04 secs] 
2014-04-09T14:15:37.641+0900: 157.290: [GC (Allocation Failure) 157.290: [ParNew: 59008K->6528K(59008K), 0.0536815 secs] 8313317K->8270525K(25159296K), 0.0540472 secs] [Times: user=0.61 sys=0.02, real=0.06 secs] 
2014-04-09T14:15:37.737+0900: 157.386: [GC (Allocation Failure) 157.386: [ParNew: 59008K->6528K(59008K), 0.0535011 secs] 8318814K->8274280K(25159296K), 0.0538910 secs] [Times: user=0.63 sys=0.02, real=0.05 secs] 
2014-04-09T14:15:37.840+0900: 157.489: [GC (Allocation Failure) 157.489: [ParNew: 59008K->6528K(59008K), 0.0481725 secs] 8322072K->8278437K(25159296K), 0.0485389 secs] [Times: user=0.55 sys=0.00, real=0.05 secs] 
2014-04-09T14:15:37.930+0900: 157.579: [GC (Allocation Failure) 157.579: [ParNew: 59008K->6528K(59008K), 0.0569582 secs] 8327395K->8283514K(25159296K), 0.0573468 secs] [Times: user=0.67 sys=0.01, real=0.06 secs] 
2014-04-09T14:15:38.029+0900: 157.678: [GC (Allocation Failure) 157.678: [ParNew: 59008K->6528K(59008K), 0.0478599 secs] 8333667K->8289640K(25159296K), 0.0482320 secs] [Times: user=0.54 sys=0.01, real=0.05 secs] 
2014-04-09T14:15:38.117+0900: 157.766: [GC (Allocation Failure) 157.766: [ParNew: 59008K->6528K(59008K), 0.0468043 secs] 8340731K->8296326K(25159296K), 0.0471739 secs] [Times: user=0.52 sys=0.02, real=0.05 secs] 
2014-04-09T14:15:38.203+0900: 157.852: [GC (Allocation Failure) 157.852: [ParNew: 59008K->6528K(59008K), 0.0546287 secs] 8347536K->8304197K(25159296K), 0.0549992 secs] [Times: user=0.63 sys=0.01, real=0.06 secs] 
2014-04-09T14:15:38.298+0900: 157.947: [GC (Allocation Failure) 157.948: [ParNew: 59008K->6528K(59008K), 0.0560593 secs] 8355218K->8312669K(25159296K), 0.0564367 secs] [Times: user=0.65 sys=0.01, real=0.06 secs] 
2014-04-09T14:15:38.396+0900: 158.045: [GC (Allocation Failure) 158.045: [ParNew: 59008K->6528K(59008K), 0.0598264 secs] 8363463K->8317854K(25159296K), 0.0601958 secs] [Times: user=0.64 sys=0.01, real=0.06 secs] 
2014-04-09T14:15:38.498+0900: 158.147: [GC (Allocation Failure) 158.148: [ParNew: 59008K->6528K(59008K), 0.0625735 secs] 8368547K->8324156K(25159296K), 0.0629516 secs] [Times: user=0.64 sys=0.01, real=0.06 secs] 
2014-04-09T14:15:38.603+0900: 158.252: [GC (Allocation Failure) 158.252: [ParNew: 59008K->6528K(59008K), 0.0569465 secs] 8375129K->8331390K(25159296K), 0.0573317 secs] [Times: user=0.67 sys=0.02, real=0.06 secs] 
2014-04-09T14:15:38.700+0900: 158.349: [GC (Allocation Failure) 158.349: [ParNew: 59008K->6528K(59008K), 0.0471673 secs] 8383545K->8339408K(25159296K), 0.0475434 secs] [Times: user=0.53 sys=0.01, real=0.05 secs] 
2014-04-09T14:15:38.788+0900: 158.437: [GC (Allocation Failure) 158.437: [ParNew: 59008K->6528K(59008K), 0.0583064 secs] 8391828K->8348671K(25159296K), 0.0586686 secs] [Times: user=0.68 sys=0.01, real=0.06 secs] 
2014-04-09T14:15:38.891+0900: 158.540: [GC (Allocation Failure) 158.540: [ParNew: 59008K->6528K(59008K), 0.0546665 secs] 8401018K->8356841K(25159296K), 0.0550227 secs] [Times: user=0.65 sys=0.01, real=0.06 secs] 
2014-04-09T14:15:38.987+0900: 158.636: [GC (Allocation Failure) 158.636: [ParNew: 59008K->6528K(59008K), 0.0577140 secs] 8409257K->8365305K(25159296K), 0.0580775 secs] [Times: user=0.67 sys=0.02, real=0.06 secs] 
2014-04-09T14:15:39.084+0900: 158.734: [GC (Allocation Failure) 158.734: [ParNew: 59008K->6528K(59008K), 0.0458649 secs] 8417732K->8373753K(25159296K), 0.0462269 secs] [Times: user=0.52 sys=0.01, real=0.04 secs] 
2014-04-09T14:15:39.171+0900: 158.820: [GC (Allocation Failure) 158.821: [ParNew: 59008K->6528K(59008K), 0.0604586 secs] 8426107K->8382345K(25159296K), 0.0608269 secs] [Times: user=0.70 sys=0.02, real=0.06 secs] 
2014-04-09T14:15:39.273+0900: 158.922: [GC (Allocation Failure) 158.922: [ParNew: 59008K->6528K(59008K), 0.0608205 secs] 8433939K->8390443K(25159296K), 0.0611847 secs] [Times: user=0.70 sys=0.02, real=0.07 secs] 
2014-04-09T14:15:39.375+0900: 159.024: [GC (Allocation Failure) 159.025: [ParNew: 59008K->6528K(59008K), 0.0487101 secs] 8442582K->8398703K(25159296K), 0.0490909 secs] [Times: user=0.55 sys=0.02, real=0.05 secs] 
2014-04-09T14:15:39.464+0900: 159.114: [GC (Allocation Failure) 159.114: [ParNew: 58978K->6528K(59008K), 0.0566594 secs] 8351483K->8308438K(25159296K), 0.0570302 secs] [Times: user=0.70 sys=0.00, real=0.05 secs] 
2014-04-09T14:15:39.563+0900: 159.212: [GC (Allocation Failure) 159.212: [ParNew: 59004K->6528K(59008K), 0.0543720 secs] 8267390K->8222915K(25159296K), 0.0547490 secs] [Times: user=0.68 sys=0.00, real=0.06 secs] 
2014-04-09T14:15:39.658+0900: 159.307: [GC (Allocation Failure) 159.307: [ParNew: 59008K->6528K(59008K), 0.0506948 secs] 8275395K->8231963K(25159296K), 0.0510652 secs] [Times: user=0.62 sys=0.00, real=0.05 secs] 
2014-04-09T14:15:39.724+0900: 159.373: [CMS-concurrent-sweep: 2.971/6.937 secs] [Times: user=74.04 sys=9.53, real=6.94 secs] 
2014-04-09T14:15:39.724+0900: 159.373: [CMS-concurrent-reset-start]
2014-04-09T14:15:39.751+0900: 159.400: [GC (Allocation Failure) 159.400: [ParNew: 59008K->6528K(59008K), 0.0420032 secs] 8284443K->8241203K(25159296K), 0.0423832 secs] [Times: user=0.50 sys=0.00, real=0.05 secs] 
2014-04-09T14:15:39.842+0900: 159.491: [GC (Allocation Failure) 159.491: [ParNew: 59008K->6528K(59008K), 0.0472927 secs] 8293683K->8250328K(25159296K), 0.0476606 secs] [Times: user=0.58 sys=0.00, real=0.05 secs] 
2014-04-09T14:15:39.899+0900: 159.548: [CMS-concurrent-reset: 0.082/0.175 secs] [Times: user=1.83 sys=0.22, real=0.17 secs] 
2014-04-09T14:15:39.934+0900: 159.583: [GC (Allocation Failure) 159.583: [ParNew: 59008K->6528K(59008K), 0.0441082 secs] 8302808K->8257362K(25159296K), 0.0444817 secs] [Times: user=0.54 sys=0.01, real=0.04 secs] 
2014-04-09T14:15:39.980+0900: 159.629: [GC (CMS Initial Mark) [1 CMS-initial-mark: 8250834K(25100288K)] 8257787K(25159296K), 0.0017696 secs] [Times: user=0.01 sys=0.00, real=0.00 secs] 
2014-04-09T14:15:39.982+0900: 159.631: [CMS-concurrent-mark-start]
2014-04-09T14:15:40.034+0900: 159.683: [GC (Allocation Failure) 159.683: [ParNew: 59008K->6528K(59008K), 0.0441839 secs] 8309842K->8265485K(25159296K), 0.0445542 secs] [Times: user=0.53 sys=0.01, real=0.04 secs] 
2014-04-09T14:15:40.129+0900: 159.778: [GC (Allocation Failure) 159.778: [ParNew: 59008K->6528K(59008K), 0.0520233 secs] 8317965K->8274824K(25159296K), 0.0523940 secs] [Times: user=0.63 sys=0.01, real=0.05 secs] 
2014-04-09T14:15:40.229+0900: 159.878: [GC (Allocation Failure) 159.879: [ParNew: 59008K->6528K(59008K), 0.0536564 secs] 8327304K->8283844K(25159296K), 0.0540342 secs] [Times: user=0.65 sys=0.01, real=0.06 secs] 
2014-04-09T14:15:40.327+0900: 159.976: [GC (Allocation Failure) 159.976: [ParNew: 59008K->6528K(59008K), 0.0459697 secs] 8336324K->8291878K(25159296K), 0.0463413 secs] [Times: user=0.55 sys=0.01, real=0.04 secs] 
2014-04-09T14:15:40.421+0900: 160.070: [GC (Allocation Failure) 160.070: [ParNew: 58935K->6528K(59008K), 0.0446456 secs] 8344286K->8301047K(25159296K), 0.0450182 secs] [Times: user=0.54 sys=0.01, real=0.05 secs] 
2014-04-09T14:15:40.520+0900: 160.169: [GC (Allocation Failure) 160.169: [ParNew: 59008K->6528K(59008K), 0.0423381 secs] 8353527K->8308756K(25159296K), 0.0427162 secs] [Times: user=0.52 sys=0.00, real=0.04 secs] 
2014-04-09T14:15:40.612+0900: 160.261: [GC (Allocation Failure) 160.262: [ParNew: 59008K->6528K(59008K), 0.0560794 secs] 8361236K->8317292K(25159296K), 0.0564534 secs] [Times: user=0.68 sys=0.01, real=0.06 secs] 
2014-04-09T14:15:40.718+0900: 160.367: [GC (Allocation Failure) 160.367: [ParNew: 59008K->6528K(59008K), 0.0534009 secs] 8369772K->8326391K(25159296K), 0.0537838 secs] [Times: user=0.63 sys=0.01, real=0.05 secs] 
2014-04-09T14:15:40.822+0900: 160.472: [GC (Allocation Failure) 160.472: [ParNew: 59008K->6528K(59008K), 0.0567594 secs] 8378871K->8334850K(25159296K), 0.0571357 secs] [Times: user=0.69 sys=0.00, real=0.06 secs] 
2014-04-09T14:15:40.935+0900: 160.584: [GC (Allocation Failure) 160.584: [ParNew: 59008K->6528K(59008K), 0.0577813 secs] 8387330K->8343869K(25159296K), 0.0581520 secs] [Times: user=0.69 sys=0.00, real=0.06 secs] 
2014-04-09T14:15:41.040+0900: 160.689: [GC (Allocation Failure) 160.689: [ParNew: 59008K->6528K(59008K), 0.0461418 secs] 8396349K->8352052K(25159296K), 0.0465176 secs] [Times: user=0.55 sys=0.01, real=0.05 secs] 
2014-04-09T14:15:41.135+0900: 160.784: [GC (Allocation Failure) 160.784: [ParNew: 59008K->6528K(59008K), 0.0449000 secs] 8404532K->8360877K(25159296K), 0.0452723 secs] [Times: user=0.52 sys=0.01, real=0.04 secs] 
2014-04-09T14:15:41.230+0900: 160.879: [GC (Allocation Failure) 160.879: [ParNew: 59008K->6528K(59008K), 0.0550965 secs] 8413357K->8369622K(25159296K), 0.0554876 secs] [Times: user=0.67 sys=0.00, real=0.06 secs] 
2014-04-09T14:15:41.335+0900: 160.984: [GC (Allocation Failure) 160.984: [ParNew: 59008K->6528K(59008K), 0.0439618 secs] 8422102K->8378061K(25159296K), 0.0443376 secs] [Times: user=0.53 sys=0.01, real=0.04 secs] 
2014-04-09T14:15:41.428+0900: 161.077: [GC (Allocation Failure) 161.077: [ParNew: 59008K->6528K(59008K), 0.0481928 secs] 8430541K->8387370K(25159296K), 0.0485691 secs] [Times: user=0.57 sys=0.00, real=0.05 secs] 
2014-04-09T14:15:41.525+0900: 161.174: [GC (Allocation Failure) 161.174: [ParNew: 59008K->6527K(59008K), 0.0454383 secs] 8439850K->8394887K(25159296K), 0.0458200 secs] [Times: user=0.54 sys=0.01, real=0.04 secs] 
2014-04-09T14:15:41.619+0900: 161.268: [GC (Allocation Failure) 161.269: [ParNew: 59007K->6528K(59008K), 0.0449295 secs] 8447367K->8403447K(25159296K), 0.0453057 secs] [Times: user=0.53 sys=0.01, real=0.05 secs] 
2014-04-09T14:15:41.714+0900: 161.363: [GC (Allocation Failure) 161.363: [ParNew: 59008K->6528K(59008K), 0.0446658 secs] 8455927K->8412004K(25159296K), 0.0450376 secs] [Times: user=0.52 sys=0.01, real=0.04 secs] 
2014-04-09T14:15:41.805+0900: 161.454: [GC (Allocation Failure) 161.454: [ParNew: 59008K->6528K(59008K), 0.0563141 secs] 8464484K->8420672K(25159296K), 0.0566875 secs] [Times: user=0.69 sys=0.01, real=0.05 secs] 
2014-04-09T14:15:41.908+0900: 161.557: [GC (Allocation Failure) 161.557: [ParNew: 59008K->6528K(59008K), 0.0485967 secs] 8473152K->8428959K(25159296K), 0.0489660 secs] [Times: user=0.57 sys=0.01, real=0.05 secs] 
2014-04-09T14:15:42.012+0900: 161.661: [GC (Allocation Failure) 161.661: [ParNew: 59008K->6528K(59008K), 0.0543515 secs] 8481439K->8437816K(25159296K), 0.0547112 secs] [Times: user=0.65 sys=0.00, real=0.06 secs] 
2014-04-09T14:15:42.117+0900: 161.766: [GC (Allocation Failure) 161.766: [ParNew: 59008K->6528K(59008K), 0.0466114 secs] 8490296K->8445746K(25159296K), 0.0469729 secs] [Times: user=0.55 sys=0.00, real=0.05 secs] 
2014-04-09T14:15:42.211+0900: 161.860: [GC (Allocation Failure) 161.861: [ParNew: 59008K->6528K(59008K), 0.0449278 secs] 8498226K->8454390K(25159296K), 0.0452900 secs] [Times: user=0.53 sys=0.00, real=0.05 secs] 
2014-04-09T14:15:42.312+0900: 161.961: [GC (Allocation Failure) 161.962: [ParNew: 59008K->6528K(59008K), 0.0485630 secs] 8506870K->8462699K(25159296K), 0.0489267 secs] [Times: user=0.54 sys=0.01, real=0.05 secs] 
2014-04-09T14:15:42.415+0900: 162.064: [GC (Allocation Failure) 162.064: [ParNew: 59008K->6528K(59008K), 0.0554257 secs] 8515179K->8472115K(25159296K), 0.0557868 secs] [Times: user=0.65 sys=0.01, real=0.05 secs] 
2014-04-09T14:15:42.523+0900: 162.173: [GC (Allocation Failure) 162.173: [ParNew: 59008K->6528K(59008K), 0.0446584 secs] 8524595K->8479371K(25159296K), 0.0450245 secs] [Times: user=0.53 sys=0.00, real=0.04 secs] 
2014-04-09T14:15:42.619+0900: 162.268: [GC (Allocation Failure) 162.268: [ParNew: 59008K->6528K(59008K), 0.0552640 secs] 8531851K->8488373K(25159296K), 0.0556300 secs] [Times: user=0.65 sys=0.02, real=0.06 secs] 
2014-04-09T14:15:42.722+0900: 162.371: [GC (Allocation Failure) 162.372: [ParNew: 59008K->6528K(59008K), 0.0562822 secs] 8540853K->8496861K(25159296K), 0.0566470 secs] [Times: user=0.66 sys=0.02, real=0.06 secs] 
2014-04-09T14:15:42.827+0900: 162.476: [GC (Allocation Failure) 162.477: [ParNew: 59008K->6528K(59008K), 0.0454828 secs] 8549341K->8505098K(25159296K), 0.0458559 secs] [Times: user=0.52 sys=0.01, real=0.05 secs] 
2014-04-09T14:15:42.928+0900: 162.577: [GC (Allocation Failure) 162.577: [ParNew: 59008K->6528K(59008K), 0.0529433 secs] 8557578K->8514175K(25159296K), 0.0533043 secs] [Times: user=0.61 sys=0.01, real=0.05 secs] 
2014-04-09T14:15:43.030+0900: 162.679: [GC (Allocation Failure) 162.679: [ParNew: 59008K->6528K(59008K), 0.0492509 secs] 8566655K->8522277K(25159296K), 0.0496137 secs] [Times: user=0.57 sys=0.01, real=0.05 secs] 
2014-04-09T14:15:43.127+0900: 162.776: [GC (Allocation Failure) 162.777: [ParNew: 59008K->6528K(59008K), 0.0477326 secs] 8574757K->8530141K(25159296K), 0.0481122 secs] [Times: user=0.54 sys=0.02, real=0.05 secs] 
2014-04-09T14:15:43.227+0900: 162.876: [GC (Allocation Failure) 162.876: [ParNew: 59008K->6528K(59008K), 0.0554358 secs] 8582621K->8539393K(25159296K), 0.0558078 secs] [Times: user=0.63 sys=0.01, real=0.05 secs] 
2014-04-09T14:15:43.332+0900: 162.981: [GC (Allocation Failure) 162.981: [ParNew: 59008K->6528K(59008K), 0.0531772 secs] 8591873K->8548296K(25159296K), 0.0535464 secs] [Times: user=0.62 sys=0.02, real=0.06 secs] 
2014-04-09T14:15:43.398+0900: 163.047: [CMS-concurrent-mark: 1.654/3.416 secs] [Times: user=38.45 sys=4.33, real=3.42 secs] 
2014-04-09T14:15:43.398+0900: 163.047: [CMS-concurrent-preclean-start]
2014-04-09T14:15:43.434+0900: 163.083: [GC (Allocation Failure) 163.083: [ParNew: 59008K->6528K(59008K), 0.0576120 secs] 8600776K->8556803K(25159296K), 0.0579774 secs] [Times: user=0.66 sys=0.01, real=0.06 secs] 
2014-04-09T14:15:43.530+0900: 163.180: [GC (Allocation Failure) 163.180: [ParNew: 59008K->6528K(59008K), 0.0568961 secs] 8609283K->8564648K(25159296K), 0.0572588 secs] [Times: user=0.67 sys=0.01, real=0.06 secs] 
2014-04-09T14:15:43.632+0900: 163.281: [GC (Allocation Failure) 163.281: [ParNew: 58991K->6528K(59008K), 0.0472493 secs] 8617111K->8574105K(25159296K), 0.0476216 secs] [Times: user=0.53 sys=0.02, real=0.05 secs] 
2014-04-09T14:15:43.719+0900: 163.368: [GC (Allocation Failure) 163.368: [ParNew: 59008K->6528K(59008K), 0.0531201 secs] 8626585K->8582609K(25159296K), 0.0534816 secs] [Times: user=0.62 sys=0.01, real=0.05 secs] 
2014-04-09T14:15:43.814+0900: 163.463: [GC (Allocation Failure) 163.463: [ParNew: 59008K->6528K(59008K), 0.0594923 secs] 8635089K->8590810K(25159296K), 0.0598584 secs] [Times: user=0.70 sys=0.02, real=0.06 secs] 
2014-04-09T14:15:43.919+0900: 163.568: [GC (Allocation Failure) 163.568: [ParNew: 59008K->6528K(59008K), 0.0483501 secs] 8643290K->8599583K(25159296K), 0.0487085 secs] [Times: user=0.56 sys=0.01, real=0.05 secs] 
2014-04-09T14:15:44.008+0900: 163.657: [GC (Allocation Failure) 163.657: [ParNew: 59008K->6528K(59008K), 0.0477681 secs] 8652063K->8607230K(25159296K), 0.0481294 secs] [Times: user=0.55 sys=0.00, real=0.05 secs] 
2014-04-09T14:15:44.096+0900: 163.745: [GC (Allocation Failure) 163.745: [ParNew: 59008K->6528K(59008K), 0.0460501 secs] 8659710K->8616059K(25159296K), 0.0464175 secs] [Times: user=0.53 sys=0.01, real=0.04 secs] 
2014-04-09T14:15:44.182+0900: 163.831: [GC (Allocation Failure) 163.832: [ParNew: 59008K->6528K(59008K), 0.0550223 secs] 8668539K->8624996K(25159296K), 0.0553862 secs] [Times: user=0.63 sys=0.00, real=0.06 secs] 
2014-04-09T14:15:44.278+0900: 163.927: [GC (Allocation Failure) 163.927: [ParNew: 59008K->6528K(59008K), 0.0570940 secs] 8677476K->8633252K(25159296K), 0.0574566 secs] [Times: user=0.68 sys=0.02, real=0.06 secs] 
2014-04-09T14:15:44.376+0900: 164.025: [GC (Allocation Failure) 164.025: [ParNew: 59008K->6528K(59008K), 0.0568263 secs] 8685732K->8641932K(25159296K), 0.0571871 secs] [Times: user=0.68 sys=0.00, real=0.05 secs] 
2014-04-09T14:15:44.477+0900: 164.126: [GC (Allocation Failure) 164.126: [ParNew: 59008K->6528K(59008K), 0.0451131 secs] 8694412K->8650055K(25159296K), 0.0454764 secs] [Times: user=0.52 sys=0.01, real=0.04 secs] 
2014-04-09T14:15:44.564+0900: 164.213: [GC (Allocation Failure) 164.213: [ParNew: 59008K->6528K(59008K), 0.0551388 secs] 8702535K->8659058K(25159296K), 0.0555109 secs] [Times: user=0.64 sys=0.01, real=0.06 secs] 
2014-04-09T14:15:44.660+0900: 164.309: [GC (Allocation Failure) 164.309: [ParNew: 59008K->6528K(59008K), 0.0565567 secs] 8711538K->8667278K(25159296K), 0.0569362 secs] [Times: user=0.68 sys=0.01, real=0.06 secs] 
2014-04-09T14:15:44.756+0900: 164.406: [GC (Allocation Failure) 164.406: [ParNew: 59008K->6528K(59008K), 0.0477740 secs] 8719758K->8676172K(25159296K), 0.0481458 secs] [Times: user=0.55 sys=0.01, real=0.05 secs] 
2014-04-09T14:15:44.846+0900: 164.495: [GC (Allocation Failure) 164.495: [ParNew: 59008K->6528K(59008K), 0.0544565 secs] 8728652K->8685314K(25159296K), 0.0548300 secs] [Times: user=0.64 sys=0.01, real=0.05 secs] 
2014-04-09T14:15:44.942+0900: 164.591: [GC (Allocation Failure) 164.592: [ParNew: 59008K->6528K(59008K), 0.0547500 secs] 8737794K->8694162K(25159296K), 0.0551310 secs] [Times: user=0.65 sys=0.02, real=0.06 secs] 
2014-04-09T14:15:45.043+0900: 164.692: [GC (Allocation Failure) 164.693: [ParNew: 59008K->6528K(59008K), 0.0417783 secs] 8746642K->8701499K(25159296K), 0.0421648 secs] [Times: user=0.49 sys=0.01, real=0.05 secs] 
2014-04-09T14:15:45.128+0900: 164.777: [GC (Allocation Failure) 164.777: [ParNew: 59008K->6528K(59008K), 0.0590401 secs] 8753979K->8710055K(25159296K), 0.0594207 secs] [Times: user=0.67 sys=0.02, real=0.06 secs] 
2014-04-09T14:15:45.229+0900: 164.878: [GC (Allocation Failure) 164.879: [ParNew: 59008K->6528K(59008K), 0.0443268 secs] 8762535K->8718159K(25159296K), 0.0446990 secs] [Times: user=0.53 sys=0.00, real=0.04 secs] 
2014-04-09T14:15:45.314+0900: 164.963: [GC (Allocation Failure) 164.963: [ParNew: 59008K->6528K(59008K), 0.0485834 secs] 8770639K->8727023K(25159296K), 0.0489627 secs] [Times: user=0.58 sys=0.01, real=0.05 secs] 
2014-04-09T14:15:45.405+0900: 165.054: [GC (Allocation Failure) 165.054: [ParNew: 59008K->6528K(59008K), 0.0583730 secs] 8779503K->8735908K(25159296K), 0.0587432 secs] [Times: user=0.68 sys=0.02, real=0.05 secs] 
2014-04-09T14:15:45.505+0900: 165.154: [GC (Allocation Failure) 165.154: [ParNew: 59008K->6528K(59008K), 0.0442903 secs] 8788388K->8744615K(25159296K), 0.0446643 secs] [Times: user=0.52 sys=0.01, real=0.04 secs] 
2014-04-09T14:15:45.592+0900: 165.241: [GC (Allocation Failure) 165.241: [ParNew: 59008K->6528K(59008K), 0.0527207 secs] 8797095K->8753471K(25159296K), 0.0530947 secs] [Times: user=0.61 sys=0.02, real=0.06 secs] 
2014-04-09T14:15:45.686+0900: 165.335: [GC (Allocation Failure) 165.335: [ParNew: 59008K->6528K(59008K), 0.0504341 secs] 8805951K->8762961K(25159296K), 0.0508171 secs] [Times: user=0.59 sys=0.02, real=0.05 secs] 
2014-04-09T14:15:45.780+0900: 165.429: [GC (Allocation Failure) 165.429: [ParNew: 59008K->6528K(59008K), 0.0463516 secs] 8815441K->8771319K(25159296K), 0.0467331 secs] [Times: user=0.55 sys=0.01, real=0.05 secs] 
2014-04-09T14:15:45.868+0900: 165.517: [GC (Allocation Failure) 165.517: [ParNew: 59008K->6528K(59008K), 0.0543080 secs] 8823799K->8780046K(25159296K), 0.0546884 secs] [Times: user=0.65 sys=0.00, real=0.05 secs] 
2014-04-09T14:15:45.964+0900: 165.613: [GC (Allocation Failure) 165.613: [ParNew: 59008K->6528K(59008K), 0.0588858 secs] 8832526K->8788521K(25159296K), 0.0592578 secs] [Times: user=0.69 sys=0.01, real=0.06 secs] 
2014-04-09T14:15:46.067+0900: 165.716: [GC (Allocation Failure) 165.716: [ParNew: 59008K->6528K(59008K), 0.0445884 secs] 8841001K->8795822K(25159296K), 0.0449565 secs] [Times: user=0.53 sys=0.01, real=0.04 secs] 
2014-04-09T14:15:46.159+0900: 165.808: [GC (Allocation Failure) 165.808: [ParNew: 59008K->6528K(59008K), 0.0515231 secs] 8848302K->8804627K(25159296K), 0.0518835 secs] [Times: user=0.60 sys=0.01, real=0.05 secs] 
2014-04-09T14:15:46.252+0900: 165.901: [GC (Allocation Failure) 165.901: [ParNew: 59008K->6528K(59008K), 0.0480052 secs] 8857107K->8813664K(25159296K), 0.0483815 secs] [Times: user=0.55 sys=0.02, real=0.05 secs] 
2014-04-09T14:15:46.341+0900: 165.990: [GC (Allocation Failure) 165.990: [ParNew: 59008K->6528K(59008K), 0.0423103 secs] 8866144K->8822022K(25159296K), 0.0427045 secs] [Times: user=0.49 sys=0.01, real=0.04 secs] 
2014-04-09T14:15:46.491+0900: 166.140: [CMS-concurrent-preclean: 1.256/3.092 secs] [Times: user=32.50 sys=4.14, real=3.09 secs] 
2014-04-09T14:15:46.492+0900: 166.141: [GC (Allocation Failure) 166.141: [ParNew: 59008K->6528K(59008K), 0.0459982 secs] 8874502K->8831222K(25159296K), 0.0463617 secs] [Times: user=0.53 sys=0.01, real=0.05 secs] 
2014-04-09T14:15:46.540+0900: 166.189: [GC (CMS Final Remark) [YG occupancy: 6541 K (59008 K)]166.189: [Rescan (parallel) , 0.0182997 secs]166.207: [weak refs processing, 0.0040875 secs]166.212: [class unloading, 0.0411828 secs]166.253: [scrub symbol table, 0.0042953 secs]166.257: [scrub string table, 0.0012090 secs][1 CMS-remark: 8824694K(25100288K)] 8831235K(25159296K), 0.0779034 secs] [Times: user=0.29 sys=0.00, real=0.08 secs] 
2014-04-09T14:15:46.618+0900: 166.267: [CMS-concurrent-sweep-start]
2014-04-09T14:15:46.660+0900: 166.309: [GC (Allocation Failure) 166.309: [ParNew: 59008K->6528K(59008K), 0.0458386 secs] 8881636K->8837595K(25159296K), 0.0462273 secs] [Times: user=0.54 sys=0.01, real=0.05 secs] 
2014-04-09T14:15:46.748+0900: 166.397: [GC (Allocation Failure) 166.397: [ParNew: 59008K->6528K(59008K), 0.0545706 secs] 8884969K->8840795K(25159296K), 0.0549575 secs] [Times: user=0.66 sys=0.01, real=0.05 secs] 
2014-04-09T14:15:46.842+0900: 166.491: [GC (Allocation Failure) 166.491: [ParNew: 59008K->6528K(59008K), 0.0487782 secs] 8888450K->8844960K(25159296K), 0.0491521 secs] [Times: user=0.58 sys=0.00, real=0.05 secs] 
2014-04-09T14:15:46.933+0900: 166.582: [GC (Allocation Failure) 166.582: [ParNew: 59008K->6528K(59008K), 0.0423294 secs] 8893272K->8848521K(25159296K), 0.0427115 secs] [Times: user=0.50 sys=0.01, real=0.05 secs] 
2014-04-09T14:15:47.022+0900: 166.671: [GC (Allocation Failure) 166.671: [ParNew: 59008K->6528K(59008K), 0.0440869 secs] 8894652K->8851164K(25159296K), 0.0444625 secs] [Times: user=0.53 sys=0.00, real=0.05 secs] 
2014-04-09T14:15:47.107+0900: 166.756: [GC (Allocation Failure) 166.756: [ParNew: 59008K->6528K(59008K), 0.0473279 secs] 8900626K->8857123K(25159296K), 0.0477220 secs] [Times: user=0.56 sys=0.02, real=0.05 secs] 
2014-04-09T14:15:47.199+0900: 166.848: [GC (Allocation Failure) 166.848: [ParNew: 59008K->6528K(59008K), 0.0479330 secs] 8906831K->8863522K(25159296K), 0.0483018 secs] [Times: user=0.56 sys=0.02, real=0.05 secs] 
2014-04-09T14:15:47.288+0900: 166.937: [GC (Allocation Failure) 166.937: [ParNew: 59008K->6528K(59008K), 0.0432190 secs] 8912609K->8867503K(25159296K), 0.0436003 secs] [Times: user=0.51 sys=0.02, real=0.04 secs] 
2014-04-09T14:15:47.377+0900: 167.026: [GC (Allocation Failure) 167.027: [ParNew: 59008K->6528K(59008K), 0.0446989 secs] 8916489K->8872569K(25159296K), 0.0450680 secs] [Times: user=0.54 sys=0.00, real=0.04 secs] 
2014-04-09T14:15:47.463+0900: 167.112: [GC (Allocation Failure) 167.112: [ParNew: 59008K->6528K(59008K), 0.0558047 secs] 8921826K->8878401K(25159296K), 0.0561781 secs] [Times: user=0.65 sys=0.01, real=0.06 secs] 
2014-04-09T14:15:47.560+0900: 167.209: [GC (Allocation Failure) 167.210: [ParNew: 59008K->6528K(59008K), 0.0459466 secs] 8927714K->8883681K(25159296K), 0.0463261 secs] [Times: user=0.55 sys=0.01, real=0.05 secs] 
2014-04-09T14:15:47.650+0900: 167.299: [GC (Allocation Failure) 167.299: [ParNew: 59008K->6528K(59008K), 0.0549042 secs] 8932963K->8889878K(25159296K), 0.0552781 secs] [Times: user=0.65 sys=0.01, real=0.06 secs] 
2014-04-09T14:15:47.747+0900: 167.396: [GC (Allocation Failure) 167.397: [ParNew: 59008K->6528K(59008K), 0.0503115 secs] 8939298K->8894599K(25159296K), 0.0506933 secs] [Times: user=0.60 sys=0.01, real=0.05 secs] 
2014-04-09T14:15:47.839+0900: 167.488: [GC (Allocation Failure) 167.488: [ParNew: 59008K->6528K(59008K), 0.0504179 secs] 8944224K->8900162K(25159296K), 0.0507802 secs] [Times: user=0.60 sys=0.01, real=0.05 secs] 
2014-04-09T14:15:47.930+0900: 167.579: [GC (Allocation Failure) 167.579: [ParNew: 59008K->6528K(59008K), 0.0459318 secs] 8950005K->8906575K(25159296K), 0.0463035 secs] [Times: user=0.54 sys=0.01, real=0.05 secs] 
2014-04-09T14:15:48.015+0900: 167.664: [GC (Allocation Failure) 167.665: [ParNew: 59008K->6528K(59008K), 0.0554039 secs] 8956551K->8912403K(25159296K), 0.0557725 secs] [Times: user=0.66 sys=0.01, real=0.05 secs] 
2014-04-09T14:15:48.113+0900: 167.762: [GC (Allocation Failure) 167.762: [ParNew: 59008K->6528K(59008K), 0.0466768 secs] 8962063K->8918190K(25159296K), 0.0470391 secs] [Times: user=0.55 sys=0.01, real=0.05 secs] 
2014-04-09T14:15:48.201+0900: 167.850: [GC (Allocation Failure) 167.850: [ParNew: 59008K->6528K(59008K), 0.0452058 secs] 8968702K->8926128K(25159296K), 0.0455764 secs] [Times: user=0.52 sys=0.01, real=0.05 secs] 
2014-04-09T14:15:48.288+0900: 167.937: [GC (Allocation Failure) 167.938: [ParNew: 59008K->6528K(59008K), 0.0447643 secs] 8976390K->8932015K(25159296K), 0.0451464 secs] [Times: user=0.52 sys=0.01, real=0.04 secs] 
2014-04-09T14:15:48.377+0900: 168.026: [GC (Allocation Failure) 168.027: [ParNew: 59008K->6528K(59008K), 0.0424061 secs] 8982945K->8939332K(25159296K), 0.0427670 secs] [Times: user=0.49 sys=0.01, real=0.04 secs] 
2014-04-09T14:15:48.461+0900: 168.110: [GC (Allocation Failure) 168.110: [ParNew: 59008K->6528K(59008K), 0.0449322 secs] 8989758K->8945612K(25159296K), 0.0453038 secs] [Times: user=0.53 sys=0.01, real=0.05 secs] 
2014-04-09T14:15:48.545+0900: 168.194: [GC (Allocation Failure) 168.194: [ParNew: 59008K->6528K(59008K), 0.0507649 secs] 8996832K->8953681K(25159296K), 0.0511293 secs] [Times: user=0.61 sys=0.00, real=0.05 secs] 
2014-04-09T14:15:48.637+0900: 168.286: [GC (Allocation Failure) 168.286: [ParNew: 59008K->6528K(59008K), 0.0548745 secs] 9004651K->8960634K(25159296K), 0.0552422 secs] [Times: user=0.65 sys=0.02, real=0.05 secs] 
2014-04-09T14:15:48.734+0900: 168.383: [GC (Allocation Failure) 168.383: [ParNew: 59008K->6528K(59008K), 0.0433584 secs] 9011403K->8966893K(25159296K), 0.0437320 secs] [Times: user=0.52 sys=0.00, real=0.05 secs] 
2014-04-09T14:15:48.820+0900: 168.469: [GC (Allocation Failure) 168.469: [ParNew: 59008K->6528K(59008K), 0.0435985 secs] 9018462K->8974419K(25159296K), 0.0439784 secs] [Times: user=0.51 sys=0.00, real=0.04 secs] 
2014-04-09T14:15:48.909+0900: 168.558: [GC (Allocation Failure) 168.559: [ParNew: 59008K->6528K(59008K), 0.0490141 secs] 9025563K->8981044K(25159296K), 0.0493928 secs] [Times: user=0.57 sys=0.02, real=0.05 secs] 
2014-04-09T14:15:48.999+0900: 168.648: [GC (Allocation Failure) 168.649: [ParNew: 59008K->6528K(59008K), 0.0493856 secs] 9032202K->8989197K(25159296K), 0.0497691 secs] [Times: user=0.58 sys=0.01, real=0.05 secs] 
2014-04-09T14:15:49.092+0900: 168.741: [GC (Allocation Failure) 168.741: [ParNew: 59008K->6528K(59008K), 0.0437000 secs] 9040451K->8996301K(25159296K), 0.0440706 secs] [Times: user=0.51 sys=0.01, real=0.05 secs] 
2014-04-09T14:15:49.176+0900: 168.825: [GC (Allocation Failure) 168.826: [ParNew: 59007K->6528K(59008K), 0.0482331 secs] 9047900K->9005094K(25159296K), 0.0486060 secs] [Times: user=0.55 sys=0.02, real=0.05 secs] 
2014-04-09T14:15:49.270+0900: 168.919: [GC (Allocation Failure) 168.919: [ParNew: 59008K->6528K(59008K), 0.0526908 secs] 9056757K->9012667K(25159296K), 0.0530466 secs] [Times: user=0.63 sys=0.01, real=0.05 secs] 
2014-04-09T14:15:49.365+0900: 169.014: [GC (Allocation Failure) 169.014: [ParNew: 59008K->6528K(59008K), 0.0537155 secs] 9064316K->9019490K(25159296K), 0.0540764 secs] [Times: user=0.64 sys=0.01, real=0.05 secs] 
2014-04-09T14:15:49.459+0900: 169.108: [GC (Allocation Failure) 169.108: [ParNew: 59008K->6528K(59008K), 0.0462813 secs] 9071348K->9027964K(25159296K), 0.0466463 secs] [Times: user=0.53 sys=0.01, real=0.05 secs] 
2014-04-09T14:15:49.546+0900: 169.195: [GC (Allocation Failure) 169.196: [ParNew: 59008K->6528K(59008K), 0.0532689 secs] 9079649K->9036430K(25159296K), 0.0536312 secs] [Times: user=0.61 sys=0.02, real=0.05 secs] 
2014-04-09T14:15:49.645+0900: 169.294: [GC (Allocation Failure) 169.294: [ParNew: 59008K->6528K(59008K), 0.0438541 secs] 9086830K->9042337K(25159296K), 0.0442109 secs] [Times: user=0.51 sys=0.01, real=0.05 secs] 
2014-04-09T14:15:49.736+0900: 169.385: [GC (Allocation Failure) 169.385: [ParNew: 59008K->6528K(59008K), 0.0442349 secs] 9090783K->9047496K(25159296K), 0.0446007 secs] [Times: user=0.52 sys=0.01, real=0.04 secs] 
2014-04-09T14:15:49.828+0900: 169.477: [GC (Allocation Failure) 169.477: [ParNew: 59008K->6528K(59008K), 0.0451256 secs] 9095946K->9051941K(25159296K), 0.0454842 secs] [Times: user=0.53 sys=0.01, real=0.04 secs] 
2014-04-09T14:15:49.918+0900: 169.567: [GC (Allocation Failure) 169.568: [ParNew: 59008K->6528K(59008K), 0.0532991 secs] 9100825K->9056812K(25159296K), 0.0536635 secs] [Times: user=0.64 sys=0.01, real=0.05 secs] 
2014-04-09T14:15:50.014+0900: 169.663: [GC (Allocation Failure) 169.664: [ParNew: 59008K->6528K(59008K), 0.0444151 secs] 9105756K->9061799K(25159296K), 0.0448002 secs] [Times: user=0.51 sys=0.01, real=0.05 secs] 
2014-04-09T14:15:50.103+0900: 169.752: [GC (Allocation Failure) 169.752: [ParNew: 59008K->6528K(59008K), 0.0447314 secs] 9110323K->9067672K(25159296K), 0.0450884 secs] [Times: user=0.51 sys=0.01, real=0.05 secs] 
2014-04-09T14:15:50.187+0900: 169.836: [GC (Allocation Failure) 169.836: [ParNew: 59008K->6528K(59008K), 0.0487084 secs] 9117833K->9073539K(25159296K), 0.0490683 secs] [Times: user=0.57 sys=0.01, real=0.05 secs] 
2014-04-09T14:15:50.277+0900: 169.926: [GC (Allocation Failure) 169.927: [ParNew: 59008K->6528K(59008K), 0.0475583 secs] 9120598K->9077044K(25159296K), 0.0479327 secs] [Times: user=0.56 sys=0.01, real=0.04 secs] 
2014-04-09T14:15:50.366+0900: 170.016: [GC (Allocation Failure) 170.016: [ParNew: 59008K->6528K(59008K), 0.0468366 secs] 9115922K->9071156K(25159296K), 0.0472096 secs] [Times: user=0.56 sys=0.01, real=0.04 secs] 
2014-04-09T14:15:50.460+0900: 170.109: [GC (Allocation Failure) 170.109: [ParNew: 59008K->6528K(59008K), 0.0417773 secs] 9108411K->9064516K(25159296K), 0.0421483 secs] [Times: user=0.51 sys=0.01, real=0.04 secs] 
2014-04-09T14:15:50.542+0900: 170.191: [GC (Allocation Failure) 170.191: [ParNew: 59008K->6528K(59008K), 0.0474185 secs] 9104160K->9061517K(25159296K), 0.0478013 secs] [Times: user=0.56 sys=0.01, real=0.05 secs] 
2014-04-09T14:15:50.633+0900: 170.282: [GC (Allocation Failure) 170.282: [ParNew: 59008K->6528K(59008K), 0.0437121 secs] 9099913K->9056247K(25159296K), 0.0440815 secs] [Times: user=0.52 sys=0.00, real=0.05 secs] 
2014-04-09T14:15:50.718+0900: 170.367: [GC (Allocation Failure) 170.367: [ParNew: 59008K->6528K(59008K), 0.0463516 secs] 9096250K->9052276K(25159296K), 0.0467316 secs] [Times: user=0.55 sys=0.02, real=0.04 secs] 
2014-04-09T14:15:50.806+0900: 170.455: [GC (Allocation Failure) 170.455: [ParNew: 59008K->6528K(59008K), 0.0535602 secs] 9091763K->9049347K(25159296K), 0.0539342 secs] [Times: user=0.64 sys=0.01, real=0.05 secs] 
2014-04-09T14:15:50.902+0900: 170.551: [GC (Allocation Failure) 170.551: [ParNew: 59008K->6528K(59008K), 0.0494587 secs] 9087901K->9043502K(25159296K), 0.0498323 secs] [Times: user=0.60 sys=0.00, real=0.05 secs] 
2014-04-09T14:15:50.991+0900: 170.640: [GC (Allocation Failure) 170.640: [ParNew: 59008K->6528K(59008K), 0.0462502 secs] 9085100K->9041116K(25159296K), 0.0466259 secs] [Times: user=0.55 sys=0.01, real=0.05 secs] 
2014-04-09T14:15:51.078+0900: 170.727: [GC (Allocation Failure) 170.727: [ParNew: 59008K->6528K(59008K), 0.0486377 secs] 9081433K->9037547K(25159296K), 0.0490184 secs] [Times: user=0.59 sys=0.00, real=0.05 secs] 
2014-04-09T14:15:51.167+0900: 170.816: [GC (Allocation Failure) 170.816: [ParNew: 59008K->6528K(59008K), 0.0466696 secs] 9077403K->9034066K(25159296K), 0.0470514 secs] [Times: user=0.56 sys=0.00, real=0.04 secs] 
2014-04-09T14:15:51.256+0900: 170.905: [GC (Allocation Failure) 170.905: [ParNew: 59008K->6528K(59008K), 0.0468625 secs] 9072505K->9029160K(25159296K), 0.0472360 secs] [Times: user=0.56 sys=0.01, real=0.04 secs] 
2014-04-09T14:15:51.346+0900: 170.995: [GC (Allocation Failure) 170.996: [ParNew: 59008K->6528K(59008K), 0.0513195 secs] 9062028K->9018064K(25159296K), 0.0516996 secs] [Times: user=0.61 sys=0.02, real=0.05 secs] 
2014-04-09T14:15:51.438+0900: 171.087: [GC (Allocation Failure) 171.088: [ParNew: 59008K->6528K(59008K), 0.0501479 secs] 9051840K->9007920K(25159296K), 0.0505162 secs] [Times: user=0.61 sys=0.00, real=0.05 secs] 
2014-04-09T14:15:51.533+0900: 171.182: [GC (Allocation Failure) 171.182: [ParNew: 59008K->6528K(59008K), 0.0547229 secs] 9050875K->9006870K(25159296K), 0.0550816 secs] [Times: user=0.65 sys=0.01, real=0.06 secs] 
2014-04-09T14:15:51.629+0900: 171.278: [GC (Allocation Failure) 171.279: [ParNew: 59008K->6528K(59008K), 0.0471631 secs] 9052818K->9009271K(25159296K), 0.0475353 secs] [Times: user=0.55 sys=0.00, real=0.05 secs] 
2014-04-09T14:15:51.718+0900: 171.367: [GC (Allocation Failure) 171.367: [ParNew: 59008K->6528K(59008K), 0.0474403 secs] 9054560K->9010585K(25159296K), 0.0478229 secs] [Times: user=0.57 sys=0.00, real=0.05 secs] 
2014-04-09T14:15:51.806+0900: 171.455: [GC (Allocation Failure) 171.455: [ParNew: 59008K->6528K(59008K), 0.0484007 secs] 9056421K->9013381K(25159296K), 0.0487819 secs] [Times: user=0.58 sys=0.02, real=0.04 secs] 
2014-04-09T14:15:51.896+0900: 171.545: [GC (Allocation Failure) 171.545: [ParNew: 59008K->6528K(59008K), 0.0548671 secs] 9058806K->9014544K(25159296K), 0.0552296 secs] [Times: user=0.66 sys=0.01, real=0.05 secs] 
2014-04-09T14:15:51.994+0900: 171.643: [GC (Allocation Failure) 171.643: [ParNew: 59008K->6528K(59008K), 0.0510126 secs] 9060004K->9016556K(25159296K), 0.0513741 secs] [Times: user=0.60 sys=0.02, real=0.05 secs] 
2014-04-09T14:15:52.087+0900: 171.736: [GC (Allocation Failure) 171.736: [ParNew: 59008K->6528K(59008K), 0.0430466 secs] 9060969K->9016711K(25159296K), 0.0434073 secs] [Times: user=0.51 sys=0.01, real=0.04 secs] 
2014-04-09T14:15:52.171+0900: 171.820: [GC (Allocation Failure) 171.820: [ParNew: 59008K->6528K(59008K), 0.0435496 secs] 9059823K->9015918K(25159296K), 0.0439181 secs] [Times: user=0.52 sys=0.00, real=0.04 secs] 
2014-04-09T14:15:52.256+0900: 171.905: [GC (Allocation Failure) 171.905: [ParNew: 59008K->6528K(59008K), 0.0516044 secs] 9058675K->9016050K(25159296K), 0.0519713 secs] [Times: user=0.63 sys=0.01, real=0.05 secs] 
2014-04-09T14:15:52.351+0900: 172.000: [GC (Allocation Failure) 172.000: [ParNew: 59008K->6528K(59008K), 0.0454884 secs] 9056908K->9012945K(25159296K), 0.0458494 secs] [Times: user=0.54 sys=0.00, real=0.05 secs] 
2014-04-09T14:15:52.437+0900: 172.086: [GC (Allocation Failure) 172.086: [ParNew: 59008K->6528K(59008K), 0.0495768 secs] 9055685K->9012668K(25159296K), 0.0499390 secs] [Times: user=0.60 sys=0.00, real=0.05 secs] 
2014-04-09T14:15:52.533+0900: 172.182: [GC (Allocation Failure) 172.183: [ParNew: 59008K->6528K(59008K), 0.0463457 secs] 9052132K->9007109K(25159296K), 0.0467114 secs] [Times: user=0.56 sys=0.00, real=0.05 secs] 
2014-04-09T14:15:52.618+0900: 172.267: [GC (Allocation Failure) 172.267: [ParNew: 59008K->6528K(59008K), 0.0494350 secs] 9050665K->9007540K(25159296K), 0.0498058 secs] [Times: user=0.60 sys=0.00, real=0.05 secs] 
2014-04-09T14:15:52.709+0900: 172.358: [GC (Allocation Failure) 172.359: [ParNew: 59008K->6528K(59008K), 0.0438517 secs] 9051846K->9007952K(25159296K), 0.0442179 secs] [Times: user=0.52 sys=0.01, real=0.04 secs] 
2014-04-09T14:15:52.794+0900: 172.443: [GC (Allocation Failure) 172.443: [ParNew: 59008K->6528K(59008K), 0.0528461 secs] 9057430K->9013626K(25159296K), 0.0532102 secs] [Times: user=0.63 sys=0.01, real=0.06 secs] 
2014-04-09T14:15:52.888+0900: 172.537: [GC (Allocation Failure) 172.537: [ParNew: 58957K->6528K(59008K), 0.0445294 secs] 9050295K->9006816K(25159296K), 0.0449031 secs] [Times: user=0.54 sys=0.00, real=0.04 secs] 
2014-04-09T14:15:52.976+0900: 172.625: [GC (Allocation Failure) 172.626: [ParNew: 59008K->6528K(59008K), 0.0504326 secs] 8943118K->8899731K(25159296K), 0.0507915 secs] [Times: user=0.61 sys=0.01, real=0.05 secs] 
2014-04-09T14:15:53.071+0900: 172.720: [GC (Allocation Failure) 172.721: [ParNew: 59007K->6528K(59008K), 0.0490960 secs] 8927072K->8882358K(25159296K), 0.0494685 secs] [Times: user=0.61 sys=0.00, real=0.05 secs] 
2014-04-09T14:15:53.135+0900: 172.784: [CMS-concurrent-sweep: 2.921/6.517 secs] [Times: user=70.22 sys=9.15, real=6.51 secs] 
2014-04-09T14:15:53.135+0900: 172.784: [CMS-concurrent-reset-start]
2014-04-09T14:15:53.163+0900: 172.812: [GC (Allocation Failure) 172.812: [ParNew: 59008K->6528K(59008K), 0.0516805 secs] 8934838K->8891641K(25159296K), 0.0520452 secs] [Times: user=0.63 sys=0.00, real=0.05 secs] 
2014-04-09T14:15:53.273+0900: 172.922: [GC (Allocation Failure) 172.922: [ParNew: 59008K->6528K(59008K), 0.0488627 secs] 8944121K->8900450K(25159296K), 0.0492181 secs] [Times: user=0.58 sys=0.01, real=0.05 secs] 
2014-04-09T14:15:53.340+0900: 172.989: [CMS-concurrent-reset: 0.100/0.204 secs] [Times: user=2.12 sys=0.28, real=0.21 secs] 
2014-04-09T14:15:53.362+0900: 173.011: [GC (Allocation Failure) 173.011: [ParNew: 59008K->6528K(59008K), 0.0513683 secs] 8952930K->8909461K(25159296K), 0.0517579 secs] [Times: user=0.62 sys=0.01, real=0.05 secs] 
2014-04-09T14:15:53.415+0900: 173.064: [GC (CMS Initial Mark) [1 CMS-initial-mark: 8902933K(25100288K)] 8909561K(25159296K), 0.0021128 secs] [Times: user=0.01 sys=0.00, real=0.00 secs] 
2014-04-09T14:15:53.418+0900: 173.067: [CMS-concurrent-mark-start]
2014-04-09T14:15:53.471+0900: 173.120: [GC (Allocation Failure) 173.120: [ParNew: 59008K->6528K(59008K), 0.0496126 secs] 8961941K->8918144K(25159296K), 0.0499777 secs] [Times: user=0.60 sys=0.01, real=0.05 secs] 
2014-04-09T14:15:53.567+0900: 173.216: [GC (Allocation Failure) 173.216: [ParNew: 59008K->6528K(59008K), 0.0524044 secs] 8970624K->8926261K(25159296K), 0.0527660 secs] [Times: user=0.62 sys=0.02, real=0.05 secs] 
2014-04-09T14:15:53.666+0900: 173.315: [GC (Allocation Failure) 173.315: [ParNew: 59008K->6528K(59008K), 0.0483569 secs] 8978741K->8934849K(25159296K), 0.0487430 secs] [Times: user=0.59 sys=0.00, real=0.04 secs] 
2014-04-09T14:15:53.762+0900: 173.411: [GC (Allocation Failure) 173.411: [ParNew: 59008K->6528K(59008K), 0.0511234 secs] 8987329K->8943507K(25159296K), 0.0514947 secs] [Times: user=0.62 sys=0.00, real=0.05 secs] 
2014-04-09T14:15:53.860+0900: 173.509: [GC (Allocation Failure) 173.509: [ParNew: 59008K->6528K(59008K), 0.0506031 secs] 8995987K->8952407K(25159296K), 0.0509722 secs] [Times: user=0.61 sys=0.00, real=0.05 secs] 
2014-04-09T14:15:53.959+0900: 173.608: [GC (Allocation Failure) 173.608: [ParNew: 59008K->6528K(59008K), 0.0512741 secs] 9004887K->8961286K(25159296K), 0.0516433 secs] [Times: user=0.62 sys=0.01, real=0.05 secs] 
2014-04-09T14:15:54.061+0900: 173.710: [GC (Allocation Failure) 173.710: [ParNew: 59008K->6528K(59008K), 0.0487796 secs] 9013766K->8968383K(25159296K), 0.0491430 secs] [Times: user=0.59 sys=0.00, real=0.05 secs] 
2014-04-09T14:15:54.160+0900: 173.809: [GC (Allocation Failure) 173.809: [ParNew: 59008K->6528K(59008K), 0.0430956 secs] 9020863K->8977044K(25159296K), 0.0434668 secs] [Times: user=0.52 sys=0.00, real=0.04 secs] 
2014-04-09T14:15:54.263+0900: 173.912: [GC (Allocation Failure) 173.912: [ParNew: 59008K->6528K(59008K), 0.0455213 secs] 9029524K->8984837K(25159296K), 0.0458858 secs] [Times: user=0.55 sys=0.01, real=0.05 secs] 
2014-04-09T14:15:54.371+0900: 174.020: [GC (Allocation Failure) 174.020: [ParNew: 59008K->6528K(59008K), 0.0452581 secs] 9037317K->8991223K(25159296K), 0.0456181 secs] [Times: user=0.54 sys=0.01, real=0.05 secs] 
2014-04-09T14:15:54.478+0900: 174.127: [GC (Allocation Failure) 174.127: [ParNew: 59008K->6528K(59008K), 0.0462774 secs] 9043703K->8998337K(25159296K), 0.0466367 secs] [Times: user=0.54 sys=0.02, real=0.04 secs] 
2014-04-09T14:15:54.579+0900: 174.228: [GC (Allocation Failure) 174.228: [ParNew: 59008K->6528K(59008K), 0.0444206 secs] 9050817K->9004261K(25159296K), 0.0447964 secs] [Times: user=0.53 sys=0.02, real=0.04 secs] 
2014-04-09T14:15:54.681+0900: 174.330: [GC (Allocation Failure) 174.330: [ParNew: 59008K->6528K(59008K), 0.0474171 secs] 9056741K->9010657K(25159296K), 0.0477838 secs] [Times: user=0.57 sys=0.01, real=0.05 secs] 
2014-04-09T14:15:54.785+0900: 174.434: [GC (Allocation Failure) 174.434: [ParNew: 59008K->6528K(59008K), 0.0450645 secs] 9063137K->9016999K(25159296K), 0.0454328 secs] [Times: user=0.53 sys=0.02, real=0.05 secs] 
2014-04-09T14:15:54.885+0900: 174.534: [GC (Allocation Failure) 174.535: [ParNew: 59008K->6528K(59008K), 0.0452176 secs] 9069479K->9023680K(25159296K), 0.0455886 secs] [Times: user=0.53 sys=0.01, real=0.04 secs] 
2014-04-09T14:15:54.986+0900: 174.635: [GC (Allocation Failure) 174.635: [ParNew: 59008K->6528K(59008K), 0.0462697 secs] 9076160K->9031055K(25159296K), 0.0466482 secs] [Times: user=0.55 sys=0.01, real=0.04 secs] 
2014-04-09T14:15:55.094+0900: 174.743: [GC (Allocation Failure) 174.743: [ParNew: 59008K->6528K(59008K), 0.0421750 secs] 9083535K->9036433K(25159296K), 0.0425482 secs] [Times: user=0.52 sys=0.00, real=0.05 secs] 
2014-04-09T14:15:55.191+0900: 174.840: [GC (Allocation Failure) 174.840: [ParNew: 59008K->6528K(59008K), 0.0458421 secs] 9088913K->9043445K(25159296K), 0.0462315 secs] [Times: user=0.55 sys=0.01, real=0.05 secs] 
2014-04-09T14:15:55.285+0900: 174.934: [GC (Allocation Failure) 174.934: [ParNew: 59008K->6528K(59008K), 0.0416124 secs] 9095925K->9049425K(25159296K), 0.0419959 secs] [Times: user=0.50 sys=0.00, real=0.05 secs] 
2014-04-09T14:15:55.372+0900: 175.021: [GC (Allocation Failure) 175.021: [ParNew: 59008K->6528K(59008K), 0.0454600 secs] 9101905K->9056223K(25159296K), 0.0458326 secs] [Times: user=0.55 sys=0.01, real=0.05 secs] 
2014-04-09T14:15:55.469+0900: 175.118: [GC (Allocation Failure) 175.118: [ParNew: 59008K->6528K(59008K), 0.0462863 secs] 9108703K->9063300K(25159296K), 0.0466591 secs] [Times: user=0.55 sys=0.00, real=0.05 secs] 
2014-04-09T14:15:55.566+0900: 175.215: [GC (Allocation Failure) 175.215: [ParNew: 59008K->6528K(59008K), 0.0455200 secs] 9115780K->9069008K(25159296K), 0.0458933 secs] [Times: user=0.56 sys=0.01, real=0.04 secs] 
2014-04-09T14:15:55.665+0900: 175.314: [GC (Allocation Failure) 175.314: [ParNew: 59008K->6528K(59008K), 0.0425851 secs] 9121488K->9075624K(25159296K), 0.0429616 secs] [Times: user=0.50 sys=0.01, real=0.05 secs] 
2014-04-09T14:15:55.771+0900: 175.420: [GC (Allocation Failure) 175.421: [ParNew: 59008K->6528K(59008K), 0.0435925 secs] 9128104K->9082616K(25159296K), 0.0439725 secs] [Times: user=0.52 sys=0.01, real=0.05 secs] 
2014-04-09T14:15:55.870+0900: 175.519: [GC (Allocation Failure) 175.519: [ParNew: 59008K->6528K(59008K), 0.0459309 secs] 9135096K->9089471K(25159296K), 0.0463008 secs] [Times: user=0.54 sys=0.00, real=0.05 secs] 
2014-04-09T14:15:55.981+0900: 175.630: [GC (Allocation Failure) 175.630: [ParNew: 59008K->6528K(59008K), 0.0467837 secs] 9141951K->9096148K(25159296K), 0.0471570 secs] [Times: user=0.56 sys=0.01, real=0.05 secs] 
2014-04-09T14:15:56.084+0900: 175.733: [GC (Allocation Failure) 175.734: [ParNew: 59008K->6528K(59008K), 0.0438799 secs] 9148628K->9102003K(25159296K), 0.0442521 secs] [Times: user=0.53 sys=0.01, real=0.05 secs] 
2014-04-09T14:15:56.182+0900: 175.831: [GC (Allocation Failure) 175.831: [ParNew: 59008K->6528K(59008K), 0.0462772 secs] 9154483K->9108880K(25159296K), 0.0466578 secs] [Times: user=0.55 sys=0.01, real=0.05 secs] 
2014-04-09T14:15:56.289+0900: 175.938: [GC (Allocation Failure) 175.939: [ParNew: 59008K->6528K(59008K), 0.0460150 secs] 9161360K->9115113K(25159296K), 0.0463845 secs] [Times: user=0.55 sys=0.01, real=0.04 secs] 
2014-04-09T14:15:56.398+0900: 176.047: [GC (Allocation Failure) 176.048: [ParNew: 59008K->6528K(59008K), 0.0473809 secs] 9167593K->9122084K(25159296K), 0.0477598 secs] [Times: user=0.55 sys=0.02, real=0.04 secs] 
2014-04-09T14:15:56.507+0900: 176.157: [GC (Allocation Failure) 176.157: [ParNew: 59008K->6528K(59008K), 0.0467648 secs] 9174564K->9129058K(25159296K), 0.0471315 secs] [Times: user=0.55 sys=0.02, real=0.04 secs] 
2014-04-09T14:15:56.613+0900: 176.262: [GC (Allocation Failure) 176.262: [ParNew: 59008K->6528K(59008K), 0.0468675 secs] 9181538K->9135089K(25159296K), 0.0472287 secs] [Times: user=0.55 sys=0.02, real=0.05 secs] 
2014-04-09T14:15:56.718+0900: 176.367: [GC (Allocation Failure) 176.368: [ParNew: 59008K->6528K(59008K), 0.0436211 secs] 9187569K->9141596K(25159296K), 0.0439907 secs] [Times: user=0.51 sys=0.01, real=0.04 secs] 
2014-04-09T14:15:56.817+0900: 176.466: [GC (Allocation Failure) 176.466: [ParNew: 59008K->6528K(59008K), 0.0455021 secs] 9194076K->9148025K(25159296K), 0.0458994 secs] [Times: user=0.54 sys=0.00, real=0.04 secs] 
2014-04-09T14:15:56.891+0900: 176.540: [CMS-concurrent-mark: 1.834/3.474 secs] [Times: user=38.90 sys=4.78, real=3.47 secs] 
2014-04-09T14:15:56.891+0900: 176.540: [CMS-concurrent-preclean-start]
2014-04-09T14:15:56.914+0900: 176.563: [GC (Allocation Failure) 176.563: [ParNew: 59008K->6528K(59008K), 0.0464916 secs] 9200505K->9155107K(25159296K), 0.0468603 secs] [Times: user=0.54 sys=0.01, real=0.05 secs] 
2014-04-09T14:15:57.006+0900: 176.655: [GC (Allocation Failure) 176.655: [ParNew: 59008K->6528K(59008K), 0.0460543 secs] 9207587K->9161695K(25159296K), 0.0464164 secs] [Times: user=0.54 sys=0.01, real=0.05 secs] 
2014-04-09T14:15:57.103+0900: 176.752: [GC (Allocation Failure) 176.752: [ParNew: 59008K->6528K(59008K), 0.0472730 secs] 9214175K->9167275K(25159296K), 0.0476296 secs] [Times: user=0.57 sys=0.01, real=0.05 secs] 
2014-04-09T14:15:57.200+0900: 176.849: [GC (Allocation Failure) 176.850: [ParNew: 59008K->6528K(59008K), 0.0433417 secs] 9219755K->9174063K(25159296K), 0.0437057 secs] [Times: user=0.51 sys=0.00, real=0.04 secs] 
2014-04-09T14:15:57.293+0900: 176.942: [GC (Allocation Failure) 176.943: [ParNew: 59008K->6528K(59008K), 0.0511754 secs] 9226543K->9180941K(25159296K), 0.0515432 secs] [Times: user=0.61 sys=0.01, real=0.05 secs] 
2014-04-09T14:15:57.391+0900: 177.040: [GC (Allocation Failure) 177.040: [ParNew: 59008K->6528K(59008K), 0.0486855 secs] 9233421K->9187085K(25159296K), 0.0490411 secs] [Times: user=0.58 sys=0.00, real=0.05 secs] 
2014-04-09T14:15:57.485+0900: 177.134: [GC (Allocation Failure) 177.135: [ParNew: 59008K->6528K(59008K), 0.0455328 secs] 9239565K->9193303K(25159296K), 0.0459042 secs] [Times: user=0.53 sys=0.02, real=0.05 secs] 
2014-04-09T14:15:57.577+0900: 177.226: [GC (Allocation Failure) 177.226: [ParNew: 59008K->6528K(59008K), 0.0442793 secs] 9245783K->9198694K(25159296K), 0.0446410 secs] [Times: user=0.53 sys=0.00, real=0.04 secs] 
2014-04-09T14:15:57.668+0900: 177.317: [GC (Allocation Failure) 177.317: [ParNew: 59008K->6528K(59008K), 0.0472219 secs] 9251174K->9205119K(25159296K), 0.0475890 secs] [Times: user=0.54 sys=0.01, real=0.04 secs] 
2014-04-09T14:15:57.761+0900: 177.410: [GC (Allocation Failure) 177.411: [ParNew: 59008K->6528K(59008K), 0.0457718 secs] 9257599K->9211828K(25159296K), 0.0461446 secs] [Times: user=0.54 sys=0.01, real=0.05 secs] 
2014-04-09T14:15:57.852+0900: 177.501: [GC (Allocation Failure) 177.501: [ParNew: 59008K->6528K(59008K), 0.0438087 secs] 9264308K->9218221K(25159296K), 0.0441694 secs] [Times: user=0.51 sys=0.02, real=0.05 secs] 
2014-04-09T14:15:57.942+0900: 177.591: [GC (Allocation Failure) 177.591: [ParNew: 59008K->6528K(59008K), 0.0464134 secs] 9270701K->9224748K(25159296K), 0.0467784 secs] [Times: user=0.55 sys=0.01, real=0.05 secs] 
2014-04-09T14:15:58.035+0900: 177.684: [GC (Allocation Failure) 177.684: [ParNew: 59008K->6528K(59008K), 0.0449004 secs] 9277228K->9231552K(25159296K), 0.0452613 secs] [Times: user=0.53 sys=0.01, real=0.05 secs] 
2014-04-09T14:15:58.127+0900: 177.776: [GC (Allocation Failure) 177.776: [ParNew: 59008K->6528K(59008K), 0.0437396 secs] 9284032K->9237256K(25159296K), 0.0440989 secs] [Times: user=0.53 sys=0.01, real=0.04 secs] 
2014-04-09T14:15:58.217+0900: 177.866: [GC (Allocation Failure) 177.866: [ParNew: 59008K->6528K(59008K), 0.0453188 secs] 9289736K->9244109K(25159296K), 0.0456813 secs] [Times: user=0.55 sys=0.01, real=0.04 secs] 
2014-04-09T14:15:58.315+0900: 177.964: [GC (Allocation Failure) 177.964: [ParNew: 59008K->6528K(59008K), 0.0432215 secs] 9296589K->9250029K(25159296K), 0.0435805 secs] [Times: user=0.50 sys=0.02, real=0.05 secs] 
2014-04-09T14:15:58.403+0900: 178.052: [GC (Allocation Failure) 178.052: [ParNew: 59008K->6528K(59008K), 0.0457705 secs] 9302509K->9256849K(25159296K), 0.0461404 secs] [Times: user=0.55 sys=0.00, real=0.05 secs] 
2014-04-09T14:15:58.496+0900: 178.145: [GC (Allocation Failure) 178.145: [ParNew: 59007K->6528K(59008K), 0.0440860 secs] 9309329K->9264092K(25159296K), 0.0444552 secs] [Times: user=0.52 sys=0.01, real=0.05 secs] 
2014-04-09T14:15:58.586+0900: 178.235: [GC (Allocation Failure) 178.235: [ParNew: 59008K->6528K(59008K), 0.0425607 secs] 9316572K->9269445K(25159296K), 0.0429313 secs] [Times: user=0.51 sys=0.00, real=0.05 secs] 
2014-04-09T14:15:58.675+0900: 178.324: [GC (Allocation Failure) 178.324: [ParNew: 59008K->6528K(59008K), 0.0479777 secs] 9321925K->9275566K(25159296K), 0.0483427 secs] [Times: user=0.57 sys=0.01, real=0.05 secs] 
2014-04-09T14:15:58.827+0900: 178.476: [CMS-concurrent-preclean: 0.893/1.936 secs] [Times: user=19.86 sys=2.95, real=1.94 secs] 
2014-04-09T14:15:58.829+0900: 178.478: [GC (Allocation Failure) 178.478: [ParNew: 59008K->6528K(59008K), 0.0461448 secs] 9328046K->9282534K(25159296K), 0.0465070 secs] [Times: user=0.54 sys=0.01, real=0.04 secs] 
2014-04-09T14:15:58.876+0900: 178.525: [GC (CMS Final Remark) [YG occupancy: 6565 K (59008 K)]178.526: [Rescan (parallel) , 0.0169400 secs]178.543: [weak refs processing, 0.0039343 secs]178.546: [class unloading, 0.0430050 secs]178.589: [scrub symbol table, 0.0047747 secs]178.594: [scrub string table, 0.0014048 secs][1 CMS-remark: 9276006K(25100288K)] 9282571K(25159296K), 0.0789479 secs] [Times: user=0.27 sys=0.00, real=0.07 secs] 
2014-04-09T14:15:58.956+0900: 178.605: [CMS-concurrent-sweep-start]
2014-04-09T14:15:58.999+0900: 178.648: [GC (Allocation Failure) 178.649: [ParNew: 59008K->6528K(59008K), 0.0455664 secs] 9334270K->9288737K(25159296K), 0.0459286 secs] [Times: user=0.53 sys=0.02, real=0.04 secs] 
2014-04-09T14:15:59.092+0900: 178.741: [GC (Allocation Failure) 178.741: [ParNew: 59008K->6528K(59008K), 0.0424080 secs] 9339774K->9292973K(25159296K), 0.0427673 secs] [Times: user=0.52 sys=0.00, real=0.04 secs] 
2014-04-09T14:15:59.180+0900: 178.829: [GC (Allocation Failure) 178.830: [ParNew: 59008K->6528K(59008K), 0.0416810 secs] 9342634K->9296550K(25159296K), 0.0420496 secs] [Times: user=0.50 sys=0.00, real=0.04 secs] 
2014-04-09T14:15:59.268+0900: 178.917: [GC (Allocation Failure) 178.918: [ParNew: 59008K->6528K(59008K), 0.0439647 secs] 9345094K->9300123K(25159296K), 0.0443268 secs] [Times: user=0.52 sys=0.01, real=0.04 secs] 
2014-04-09T14:15:59.362+0900: 179.011: [GC (Allocation Failure) 179.011: [ParNew: 59008K->6528K(59008K), 0.0428799 secs] 9348520K->9303651K(25159296K), 0.0432400 secs] [Times: user=0.49 sys=0.00, real=0.04 secs] 
2014-04-09T14:15:59.448+0900: 179.097: [GC (Allocation Failure) 179.097: [ParNew: 59008K->6528K(59008K), 0.0398248 secs] 9350418K->9304734K(25159296K), 0.0402001 secs] [Times: user=0.47 sys=0.01, real=0.04 secs] 
2014-04-09T14:15:59.534+0900: 179.183: [GC (Allocation Failure) 179.183: [ParNew: 59008K->6528K(59008K), 0.0412175 secs] 9351510K->9306013K(25159296K), 0.0415870 secs] [Times: user=0.50 sys=0.01, real=0.04 secs] 
2014-04-09T14:15:59.625+0900: 179.274: [GC (Allocation Failure) 179.274: [ParNew: 59008K->6528K(59008K), 0.0422320 secs] 9353482K->9307394K(25159296K), 0.0425927 secs] [Times: user=0.50 sys=0.01, real=0.05 secs] 
2014-04-09T14:15:59.711+0900: 179.360: [GC (Allocation Failure) 179.361: [ParNew: 59008K->6528K(59008K), 0.0398346 secs] 9354503K->9308349K(25159296K), 0.0402054 secs] [Times: user=0.48 sys=0.00, real=0.04 secs] 
2014-04-09T14:15:59.797+0900: 179.446: [GC (Allocation Failure) 179.446: [ParNew: 59008K->6528K(59008K), 0.0410626 secs] 9354702K->9309208K(25159296K), 0.0414214 secs] [Times: user=0.50 sys=0.01, real=0.04 secs] 
2014-04-09T14:15:59.884+0900: 179.533: [GC (Allocation Failure) 179.534: [ParNew: 59008K->6528K(59008K), 0.0415319 secs] 9355503K->9310014K(25159296K), 0.0418988 secs] [Times: user=0.50 sys=0.00, real=0.04 secs] 
2014-04-09T14:15:59.978+0900: 179.627: [GC (Allocation Failure) 179.627: [ParNew: 59007K->6528K(59008K), 0.0412164 secs] 9354316K->9308305K(25159296K), 0.0415838 secs] [Times: user=0.50 sys=0.01, real=0.04 secs] 
2014-04-09T14:16:00.073+0900: 179.722: [GC (Allocation Failure) 179.722: [ParNew: 59008K->6528K(59008K), 0.0402722 secs] 9353402K->9307395K(25159296K), 0.0406290 secs] [Times: user=0.48 sys=0.01, real=0.04 secs] 
2014-04-09T14:16:00.159+0900: 179.808: [GC (Allocation Failure) 179.808: [ParNew: 59008K->6528K(59008K), 0.0420262 secs] 9353789K->9306886K(25159296K), 0.0423939 secs] [Times: user=0.52 sys=0.01, real=0.04 secs] 
2014-04-09T14:16:00.255+0900: 179.904: [GC (Allocation Failure) 179.904: [ParNew: 59008K->6528K(59008K), 0.0424274 secs] 9353050K->9307176K(25159296K), 0.0427838 secs] [Times: user=0.52 sys=0.00, real=0.05 secs] 
2014-04-09T14:16:00.347+0900: 179.996: [GC (Allocation Failure) 179.996: [ParNew: 59008K->6528K(59008K), 0.0426395 secs] 9351591K->9305721K(25159296K), 0.0430001 secs] [Times: user=0.52 sys=0.00, real=0.04 secs] 
2014-04-09T14:16:00.433+0900: 180.082: [GC (Allocation Failure) 180.082: [ParNew: 59008K->6528K(59008K), 0.0441846 secs] 9350312K->9304262K(25159296K), 0.0445545 secs] [Times: user=0.54 sys=0.00, real=0.05 secs] 
2014-04-09T14:16:00.523+0900: 180.172: [GC (Allocation Failure) 180.172: [ParNew: 59008K->6528K(59008K), 0.0443709 secs] 9343235K->9297492K(25159296K), 0.0447317 secs] [Times: user=0.52 sys=0.01, real=0.05 secs] 
2014-04-09T14:16:00.613+0900: 180.262: [GC (Allocation Failure) 180.262: [ParNew: 59008K->6528K(59008K), 0.0435837 secs] 9344380K->9298271K(25159296K), 0.0439497 secs] [Times: user=0.52 sys=0.01, real=0.05 secs] 
2014-04-09T14:16:00.705+0900: 180.354: [GC (Allocation Failure) 180.354: [ParNew: 59008K->6528K(59008K), 0.0444752 secs] 9345648K->9298824K(25159296K), 0.0448400 secs] [Times: user=0.53 sys=0.01, real=0.05 secs] 
2014-04-09T14:16:00.795+0900: 180.445: [GC (Allocation Failure) 180.445: [ParNew: 59008K->6528K(59008K), 0.0418616 secs] 9346676K->9301224K(25159296K), 0.0422221 secs] [Times: user=0.49 sys=0.01, real=0.05 secs] 
2014-04-09T14:16:00.883+0900: 180.532: [GC (Allocation Failure) 180.532: [ParNew: 59008K->6528K(59008K), 0.0433197 secs] 9348960K->9302687K(25159296K), 0.0436878 secs] [Times: user=0.51 sys=0.01, real=0.05 secs] 
2014-04-09T14:16:00.976+0900: 180.625: [GC (Allocation Failure) 180.625: [ParNew: 59008K->6528K(59008K), 0.0451236 secs] 9351334K->9306429K(25159296K), 0.0454904 secs] [Times: user=0.52 sys=0.01, real=0.05 secs] 
2014-04-09T14:16:01.071+0900: 180.720: [GC (Allocation Failure) 180.721: [ParNew: 59008K->6528K(59008K), 0.0448808 secs] 9355408K->9309477K(25159296K), 0.0452410 secs] [Times: user=0.53 sys=0.01, real=0.05 secs] 
2014-04-09T14:16:01.162+0900: 180.811: [GC (Allocation Failure) 180.811: [ParNew: 59008K->6528K(59008K), 0.0447979 secs] 9358716K->9311832K(25159296K), 0.0451583 secs] [Times: user=0.52 sys=0.00, real=0.05 secs] 
2014-04-09T14:16:01.253+0900: 180.902: [GC (Allocation Failure) 180.902: [ParNew: 59008K->6528K(59008K), 0.0432186 secs] 9361165K->9314436K(25159296K), 0.0435794 secs] [Times: user=0.51 sys=0.00, real=0.05 secs] 
2014-04-09T14:16:01.340+0900: 180.989: [GC (Allocation Failure) 180.989: [ParNew: 59008K->6528K(59008K), 0.0408894 secs] 9363024K->9316889K(25159296K), 0.0412522 secs] [Times: user=0.50 sys=0.00, real=0.04 secs] 
2014-04-09T14:16:01.427+0900: 181.077: [GC (Allocation Failure) 181.077: [ParNew: 59008K->6528K(59008K), 0.0459779 secs] 9366717K->9320756K(25159296K), 0.0463372 secs] [Times: user=0.53 sys=0.01, real=0.04 secs] 
2014-04-09T14:16:02.627+0900: 182.276: [CMS-concurrent-sweep: 2.421/3.671 secs] [Times: user=27.87 sys=3.93, real=3.68 secs] 
2014-04-09T14:16:02.627+0900: 182.276: [CMS-concurrent-reset-start]
2014-04-09T14:16:02.691+0900: 182.340: [CMS-concurrent-reset: 0.063/0.063 secs] [Times: user=0.06 sys=0.00, real=0.06 secs] 
2014-04-09T14:16:04.692+0900: 184.341: [GC (CMS Initial Mark) [1 CMS-initial-mark: 8932942K(25100288K)] 8970262K(25159296K), 0.0056588 secs] [Times: user=0.05 sys=0.00, real=0.01 secs] 
2014-04-09T14:16:04.698+0900: 184.347: [CMS-concurrent-mark-start]
2014-04-09T14:16:06.090+0900: 185.739: [CMS-concurrent-mark: 1.391/1.391 secs] [Times: user=5.36 sys=0.11, real=1.39 secs] 
2014-04-09T14:16:06.090+0900: 185.739: [CMS-concurrent-preclean-start]
2014-04-09T14:16:06.209+0900: 185.858: [CMS-concurrent-preclean: 0.119/0.120 secs] [Times: user=0.12 sys=0.00, real=0.12 secs] 
2014-04-09T14:16:06.209+0900: 185.858: [CMS-concurrent-abortable-preclean-start]
 CMS: abort preclean due to time 2014-04-09T14:16:11.336+0900: 190.985: [CMS-concurrent-abortable-preclean: 3.521/5.126 secs] [Times: user=3.91 sys=0.00, real=5.12 secs] 
2014-04-09T14:16:11.338+0900: 190.987: [GC (CMS Final Remark) [YG occupancy: 37733 K (59008 K)]190.987: [Rescan (parallel) , 0.0186728 secs]191.005: [weak refs processing, 0.0014351 secs]191.007: [class unloading, 0.0430282 secs]191.050: [scrub symbol table, 0.0047831 secs]191.055: [scrub string table, 0.0013992 secs][1 CMS-remark: 8932942K(25100288K)] 8970675K(25159296K), 0.0769690 secs] [Times: user=0.28 sys=0.00, real=0.08 secs] 
2014-04-09T14:16:11.415+0900: 191.064: [CMS-concurrent-sweep-start]
2014-04-09T14:16:13.135+0900: 192.784: [CMS-concurrent-sweep: 1.720/1.720 secs] [Times: user=1.74 sys=0.01, real=1.72 secs] 
2014-04-09T14:16:13.136+0900: 192.785: [CMS-concurrent-reset-start]
2014-04-09T14:16:13.200+0900: 192.849: [CMS-concurrent-reset: 0.065/0.065 secs] [Times: user=0.07 sys=0.00, real=0.07 secs] 
2014-04-09T14:16:15.201+0900: 194.850: [GC (CMS Initial Mark) [1 CMS-initial-mark: 8700485K(25100288K)] 8738444K(25159296K), 0.0053333 secs] [Times: user=0.06 sys=0.00, real=0.00 secs] 
2014-04-09T14:16:15.207+0900: 194.857: [CMS-concurrent-mark-start]
2014-04-09T14:16:16.857+0900: 196.506: [CMS-concurrent-mark: 1.650/1.650 secs] [Times: user=6.18 sys=0.16, real=1.65 secs] 
2014-04-09T14:16:16.857+0900: 196.506: [CMS-concurrent-preclean-start]
2014-04-09T14:16:16.931+0900: 196.580: [CMS-concurrent-preclean: 0.073/0.073 secs] [Times: user=0.07 sys=0.00, real=0.08 secs] 
2014-04-09T14:16:16.931+0900: 196.580: [CMS-concurrent-abortable-preclean-start]
 CMS: abort preclean due to time 2014-04-09T14:16:21.949+0900: 201.598: [CMS-concurrent-abortable-preclean: 3.415/5.018 secs] [Times: user=3.44 sys=0.01, real=5.01 secs] 
2014-04-09T14:16:21.952+0900: 201.601: [GC (CMS Final Remark) [YG occupancy: 38328 K (59008 K)]201.601: [Rescan (parallel) , 0.0185961 secs]201.619: [weak refs processing, 0.0000693 secs]201.619: [class unloading, 0.0429225 secs]201.662: [scrub symbol table, 0.0047912 secs]201.667: [scrub string table, 0.0014036 secs][1 CMS-remark: 8700485K(25100288K)] 8738814K(25159296K), 0.0748610 secs] [Times: user=0.28 sys=0.00, real=0.07 secs] 
2014-04-09T14:16:22.027+0900: 201.676: [CMS-concurrent-sweep-start]
2014-04-09T14:16:23.471+0900: 203.120: [CMS-concurrent-sweep: 1.444/1.444 secs] [Times: user=1.45 sys=0.00, real=1.45 secs] 
2014-04-09T14:16:23.471+0900: 203.120: [CMS-concurrent-reset-start]
2014-04-09T14:16:23.535+0900: 203.184: [CMS-concurrent-reset: 0.063/0.063 secs] [Times: user=0.07 sys=0.00, real=0.06 secs] 
2014-04-09T14:16:24.269+0900: 203.918: [GC (Allocation Failure) 203.919: [ParNew: 59008K->6528K(59008K), 0.0416263 secs] 8759485K->8711353K(25159296K), 0.0420091 secs] [Times: user=0.52 sys=0.00, real=0.05 secs] 
2014-04-09T14:16:24.314+0900: 203.963: [GC (CMS Initial Mark) [1 CMS-initial-mark: 8704825K(25100288K)] 8711605K(25159296K), 0.0014687 secs] [Times: user=0.01 sys=0.00, real=0.00 secs] 
2014-04-09T14:16:24.316+0900: 203.965: [CMS-concurrent-mark-start]
2014-04-09T14:16:24.406+0900: 204.055: [GC (Allocation Failure) 204.056: [ParNew: 59008K->2671K(59008K), 0.0364892 secs] 8763833K->8710755K(25159296K), 0.0368317 secs] [Times: user=0.45 sys=0.00, real=0.04 secs] 
2014-04-09T14:16:24.487+0900: 204.136: [GC (Allocation Failure) 204.137: [ParNew: 55151K->668K(59008K), 0.0422235 secs] 8763235K->8708751K(25159296K), 0.0425823 secs] [Times: user=0.48 sys=0.00, real=0.04 secs] 
2014-04-09T14:16:24.553+0900: 204.202: [GC (Allocation Failure) 204.202: [ParNew: 53148K->186K(59008K), 0.0350874 secs] 8761231K->8708269K(25159296K), 0.0354451 secs] [Times: user=0.43 sys=0.00, real=0.03 secs] 
2014-04-09T14:16:24.612+0900: 204.261: [GC (Allocation Failure) 204.261: [ParNew: 52666K->63K(59008K), 0.0359838 secs] 8760749K->8708147K(25159296K), 0.0363246 secs] [Times: user=0.45 sys=0.00, real=0.03 secs] 
2014-04-09T14:16:24.672+0900: 204.321: [GC (Allocation Failure) 204.321: [ParNew: 52543K->46K(59008K), 0.0358438 secs] 8760627K->8708130K(25159296K), 0.0361908 secs] [Times: user=0.45 sys=0.00, real=0.03 secs] 
2014-04-09T14:16:24.730+0900: 204.379: [GC (Allocation Failure) 204.379: [ParNew: 52526K->45K(59008K), 0.0366122 secs] 8760610K->8708129K(25159296K), 0.0369535 secs] [Times: user=0.46 sys=0.00, real=0.04 secs] 
2014-04-09T14:16:24.792+0900: 204.441: [GC (Allocation Failure) 204.441: [ParNew: 52525K->44K(59008K), 0.0351750 secs] 8760609K->8708130K(25159296K), 0.0355103 secs] [Times: user=0.45 sys=0.01, real=0.03 secs] 
2014-04-09T14:16:24.850+0900: 204.499: [GC (Allocation Failure) 204.499: [ParNew: 52524K->30K(59008K), 0.0380053 secs] 8760610K->8708140K(25159296K), 0.0383313 secs] [Times: user=0.47 sys=0.01, real=0.04 secs] 
2014-04-09T14:16:24.909+0900: 204.558: [GC (Allocation Failure) 204.558: [ParNew: 52510K->26K(59008K), 0.0374805 secs] 8760620K->8708136K(25159296K), 0.0378160 secs] [Times: user=0.47 sys=0.00, real=0.04 secs] 
2014-04-09T14:16:24.967+0900: 204.616: [GC (Allocation Failure) 204.616: [ParNew: 52506K->28K(59008K), 0.0350440 secs] 8760616K->8708138K(25159296K), 0.0353678 secs] [Times: user=0.44 sys=0.01, real=0.04 secs] 
2014-04-09T14:16:25.022+0900: 204.671: [GC (Allocation Failure) 204.671: [ParNew: 52508K->28K(59008K), 0.0357380 secs] 8760618K->8708139K(25159296K), 0.0360723 secs] [Times: user=0.46 sys=0.00, real=0.03 secs] 
2014-04-09T14:16:25.078+0900: 204.727: [GC (Allocation Failure) 204.727: [ParNew: 52508K->28K(59008K), 0.0333603 secs] 8760619K->8708139K(25159296K), 0.0336841 secs] [Times: user=0.42 sys=0.00, real=0.04 secs] 
2014-04-09T14:16:25.134+0900: 204.783: [GC (Allocation Failure) 204.783: [ParNew: 52508K->30K(59008K), 0.0341641 secs] 8760619K->8708146K(25159296K), 0.0344980 secs] [Times: user=0.44 sys=0.00, real=0.03 secs] 
2014-04-09T14:16:25.198+0900: 204.848: [GC (Allocation Failure) 204.848: [ParNew: 52510K->36K(59008K), 0.0371424 secs] 8760626K->8708152K(25159296K), 0.0374718 secs] [Times: user=0.46 sys=0.01, real=0.04 secs] 
2014-04-09T14:16:25.268+0900: 204.917: [GC (Allocation Failure) 204.918: [ParNew: 52516K->42K(59008K), 0.0360903 secs] 8760632K->8708158K(25159296K), 0.0364560 secs] [Times: user=0.46 sys=0.00, real=0.04 secs] 
2014-04-09T14:16:25.337+0900: 204.986: [GC (Allocation Failure) 204.987: [ParNew: 52522K->48K(59008K), 0.0353696 secs] 8760638K->8708164K(25159296K), 0.0357780 secs] [Times: user=0.47 sys=0.00, real=0.04 secs] 
2014-04-09T14:16:25.416+0900: 205.065: [GC (Allocation Failure) 205.065: [ParNew: 52528K->64K(59008K), 0.0364247 secs] 8760644K->8708181K(25159296K), 0.0367807 secs] [Times: user=0.46 sys=0.00, real=0.04 secs] 
2014-04-09T14:16:25.482+0900: 205.131: [GC (Allocation Failure) 205.131: [ParNew: 52544K->67K(59008K), 0.0372564 secs] 8760661K->8708184K(25159296K), 0.0375864 secs] [Times: user=0.48 sys=0.00, real=0.03 secs] 
2014-04-09T14:16:25.543+0900: 205.192: [GC (Allocation Failure) 205.192: [ParNew: 52547K->69K(59008K), 0.0374827 secs] 8760664K->8708193K(25159296K), 0.0378064 secs] [Times: user=0.51 sys=0.01, real=0.04 secs] 
2014-04-09T14:16:25.604+0900: 205.253: [GC (Allocation Failure) 205.253: [ParNew: 52549K->54K(59008K), 0.0366090 secs] 8760673K->8708184K(25159296K), 0.0369301 secs] [Times: user=0.46 sys=0.01, real=0.04 secs] 
2014-04-09T14:16:25.666+0900: 205.315: [GC (Allocation Failure) 205.315: [ParNew: 52534K->46K(59008K), 0.0370117 secs] 8760664K->8708182K(25159296K), 0.0373294 secs] [Times: user=0.46 sys=0.00, real=0.04 secs] 
2014-04-09T14:16:25.727+0900: 205.376: [GC (Allocation Failure) 205.376: [ParNew: 52526K->38K(59008K), 0.0338046 secs] 8760662K->8708180K(25159296K), 0.0341290 secs] [Times: user=0.42 sys=0.00, real=0.04 secs] 
2014-04-09T14:16:25.783+0900: 205.432: [GC (Allocation Failure) 205.432: [ParNew: 52518K->26K(59008K), 0.0345607 secs] 8760660K->8708186K(25159296K), 0.0348896 secs] [Times: user=0.44 sys=0.01, real=0.03 secs] 
2014-04-09T14:16:25.840+0900: 205.489: [GC (Allocation Failure) 205.489: [ParNew: 52506K->26K(59008K), 0.0354671 secs] 8760666K->8708186K(25159296K), 0.0357922 secs] [Times: user=0.45 sys=0.00, real=0.04 secs] 
2014-04-09T14:16:25.898+0900: 205.547: [GC (Allocation Failure) 205.548: [ParNew: 52506K->26K(59008K), 0.0364963 secs] 8760666K->8708186K(25159296K), 0.0368208 secs] [Times: user=0.46 sys=0.00, real=0.04 secs] 
2014-04-09T14:16:25.958+0900: 205.607: [GC (Allocation Failure) 205.607: [ParNew: 52506K->22K(59008K), 0.0377074 secs] 8760666K->8708182K(25159296K), 0.0380285 secs] [Times: user=0.47 sys=0.00, real=0.04 secs] 
2014-04-09T14:16:26.019+0900: 205.668: [GC (Allocation Failure) 205.668: [ParNew: 52502K->18K(59008K), 0.0348165 secs] 8760662K->8708178K(25159296K), 0.0351409 secs] [Times: user=0.44 sys=0.01, real=0.04 secs] 
2014-04-09T14:16:26.077+0900: 205.726: [GC (Allocation Failure) 205.726: [ParNew: 52498K->12K(59008K), 0.0362479 secs] 8760658K->8708173K(25159296K), 0.0365856 secs] [Times: user=0.46 sys=0.00, real=0.04 secs] 
2014-04-09T14:16:26.136+0900: 205.785: [GC (Allocation Failure) 205.785: [ParNew: 52492K->20K(59008K), 0.0363829 secs] 8760653K->8708181K(25159296K), 0.0367057 secs] [Times: user=0.46 sys=0.00, real=0.04 secs] 
2014-04-09T14:16:26.195+0900: 205.845: [GC (Allocation Failure) 205.845: [ParNew: 52500K->20K(59008K), 0.0362484 secs] 8760661K->8708181K(25159296K), 0.0365711 secs] [Times: user=0.45 sys=0.01, real=0.04 secs] 
2014-04-09T14:16:26.262+0900: 205.911: [GC (Allocation Failure) 205.911: [ParNew: 52500K->51K(59008K), 0.0368479 secs] 8760661K->8708212K(25159296K), 0.0371797 secs] [Times: user=0.47 sys=0.00, real=0.03 secs] 
2014-04-09T14:16:26.333+0900: 205.982: [GC (Allocation Failure) 205.982: [ParNew: 52531K->100K(59008K), 0.0353020 secs] 8760692K->8708261K(25159296K), 0.0356494 secs] [Times: user=0.45 sys=0.01, real=0.03 secs] 
2014-04-09T14:16:26.407+0900: 206.056: [GC (Allocation Failure) 206.056: [ParNew: 52580K->144K(59008K), 0.0368028 secs] 8760741K->8708305K(25159296K), 0.0371333 secs] [Times: user=0.48 sys=0.00, real=0.04 secs] 
2014-04-09T14:16:26.472+0900: 206.121: [GC (Allocation Failure) 206.121: [ParNew: 52624K->224K(59008K), 0.0387253 secs] 8760785K->8708385K(25159296K), 0.0390621 secs] [Times: user=0.48 sys=0.00, real=0.04 secs] 
2014-04-09T14:16:26.537+0900: 206.186: [GC (Allocation Failure) 206.186: [ParNew: 52704K->317K(59008K), 0.0343961 secs] 8760865K->8708478K(25159296K), 0.0347333 secs] [Times: user=0.44 sys=0.01, real=0.04 secs] 
2014-04-09T14:16:26.598+0900: 206.247: [GC (Allocation Failure) 206.247: [ParNew: 52797K->987K(59008K), 0.0389621 secs] 8760958K->8709148K(25159296K), 0.0392939 secs] [Times: user=0.49 sys=0.00, real=0.04 secs] 
2014-04-09T14:16:26.663+0900: 206.312: [GC (Allocation Failure) 206.312: [ParNew: 53080K->5934K(59008K), 0.0358113 secs] 8761241K->8719238K(25159296K), 0.0361476 secs] [Times: user=0.45 sys=0.00, real=0.03 secs] 
2014-04-09T14:16:26.726+0900: 206.375: [GC (Allocation Failure) 206.376: [ParNew: 56599K->5414K(59008K), 0.0366238 secs] 8769904K->8744140K(25159296K), 0.0369665 secs] [Times: user=0.45 sys=0.00, real=0.04 secs] 
2014-04-09T14:16:26.797+0900: 206.446: [GC (Allocation Failure) 206.447: [ParNew: 57449K->6426K(59008K), 0.0479615 secs] 8796175K->8782543K(25159296K), 0.0483095 secs] [Times: user=0.60 sys=0.01, real=0.05 secs] 
2014-04-09T14:16:26.877+0900: 206.526: [GC (Allocation Failure) 206.527: [ParNew: 57441K->1560K(59008K), 0.0492743 secs] 8833559K->8828545K(25159296K), 0.0496068 secs] [Times: user=0.62 sys=0.01, real=0.05 secs] 
2014-04-09T14:16:26.958+0900: 206.607: [GC (Allocation Failure) 206.607: [ParNew: 52019K->4975K(59008K), 0.0440692 secs] 8879003K->8872761K(25159296K), 0.0444089 secs] [Times: user=0.57 sys=0.01, real=0.05 secs] 
2014-04-09T14:16:27.025+0900: 206.674: [GC (Allocation Failure) 206.674: [ParNew: 49553K->4026K(59008K), 0.0450948 secs] 8917339K->8907374K(25159296K), 0.0454154 secs] [Times: user=0.56 sys=0.01, real=0.04 secs] 
2014-04-09T14:16:27.091+0900: 206.740: [GC (Allocation Failure) 206.740: [ParNew: 50655K->6528K(59008K), 0.0397273 secs] 8954003K->8936591K(25159296K), 0.0400466 secs] [Times: user=0.50 sys=0.00, real=0.04 secs] 
2014-04-09T14:16:27.147+0900: 206.796: [GC (Allocation Failure) 206.796: [ParNew: 58984K->6524K(59008K), 0.0555224 secs] 8989047K->8967904K(25159296K), 0.0558455 secs] [Times: user=0.57 sys=0.01, real=0.06 secs] 
2014-04-09T14:16:27.255+0900: 206.904: [GC (Allocation Failure) 206.904: [ParNew: 59002K->6526K(59008K), 0.0522843 secs] 9020383K->8987262K(25159296K), 0.0526059 secs] [Times: user=0.53 sys=0.00, real=0.05 secs] 
2014-04-09T14:16:27.548+0900: 207.197: [GC (Allocation Failure) 207.197: [ParNew: 59006K->6527K(59008K), 0.0752626 secs] 9039742K->9002645K(25159296K), 0.0755958 secs] [Times: user=0.93 sys=0.01, real=0.08 secs] 
2014-04-09T14:16:27.788+0900: 207.437: [GC (Allocation Failure) 207.437: [ParNew: 52599K->476K(59008K), 0.0845389 secs] 9048717K->9011308K(25159296K), 0.0848927 secs] [Times: user=1.05 sys=0.04, real=0.09 secs] 
2014-04-09T14:16:27.910+0900: 207.559: [GC (Allocation Failure) 207.560: [ParNew: 51139K->3556K(59008K), 0.0557032 secs] 9061971K->9044869K(25159296K), 0.0560250 secs] [Times: user=0.77 sys=0.02, real=0.05 secs] 
2014-04-09T14:16:28.008+0900: 207.657: [GC (Allocation Failure) 207.658: [ParNew: 56034K->6528K(59008K), 0.0871290 secs] 9097348K->9077233K(25159296K), 0.0875064 secs] [Times: user=1.10 sys=0.03, real=0.09 secs] 
2014-04-09T14:16:28.179+0900: 207.828: [GC (Allocation Failure) 207.828: [ParNew: 59007K->6528K(59008K), 0.0792760 secs] 9129713K->9102108K(25159296K), 0.0796204 secs] [Times: user=1.03 sys=0.00, real=0.08 secs] 
2014-04-09T14:16:28.335+0900: 207.984: [CMS-concurrent-mark: 1.803/4.020 secs] [Times: user=46.62 sys=0.73, real=4.02 secs] 
2014-04-09T14:16:28.335+0900: 207.984: [CMS-concurrent-preclean-start]
2014-04-09T14:16:28.397+0900: 208.046: [GC (Allocation Failure) 208.046: [ParNew: 59008K->6528K(59008K), 0.0762460 secs] 9154588K->9117679K(25159296K), 0.0766117 secs] [Times: user=1.01 sys=0.01, real=0.08 secs] 
2014-04-09T14:16:28.555+0900: 208.204: [GC (Allocation Failure) 208.204: [ParNew: 59008K->5547K(59008K), 0.0731758 secs] 9170159K->9122542K(25159296K), 0.0735259 secs] [Times: user=1.04 sys=0.00, real=0.07 secs] 
2014-04-09T14:16:28.700+0900: 208.349: [GC (Allocation Failure) 208.349: [ParNew: 51641K->5664K(59008K), 0.0555493 secs] 9168635K->9126755K(25159296K), 0.0558615 secs] [Times: user=0.81 sys=0.00, real=0.06 secs] 
2014-04-09T14:16:28.868+0900: 208.517: [CMS-concurrent-preclean: 0.298/0.533 secs] [Times: user=5.12 sys=0.04, real=0.53 secs] 
2014-04-09T14:16:28.870+0900: 208.519: [GC (Allocation Failure) 208.519: [ParNew: 58126K->2176K(59008K), 0.0440753 secs] 9179217K->9144404K(25159296K), 0.0443694 secs] [Times: user=0.58 sys=0.01, real=0.05 secs] 
2014-04-09T14:16:28.918+0900: 208.567: [GC (CMS Final Remark) [YG occupancy: 12374 K (59008 K)]208.567: [Rescan (parallel) , 0.0161839 secs]208.583: [weak refs processing, 0.0000659 secs]208.583: [class unloading, 0.0468073 secs]208.630: [scrub symbol table, 0.0047874 secs]208.635: [scrub string table, 0.0014057 secs][1 CMS-remark: 9142228K(25100288K)] 9154602K(25159296K), 0.0764942 secs] [Times: user=0.25 sys=0.00, real=0.08 secs] 
2014-04-09T14:16:28.995+0900: 208.644: [CMS-concurrent-sweep-start]
2014-04-09T14:16:29.019+0900: 208.668: [GC (Allocation Failure) 208.668: [ParNew: 54632K->6528K(59008K), 0.0381679 secs] 9193936K->9165308K(25159296K), 0.0384819 secs] [Times: user=0.50 sys=0.00, real=0.04 secs] 
2014-04-09T14:16:29.104+0900: 208.753: [GC (Allocation Failure) 208.753: [ParNew: 59007K->6528K(59008K), 0.0402525 secs] 9198626K->9179672K(25159296K), 0.0405687 secs] [Times: user=0.50 sys=0.01, real=0.04 secs] 
2014-04-09T14:16:29.251+0900: 208.900: [GC (Allocation Failure) 208.900: [ParNew: 59008K->6528K(59008K), 0.0492047 secs] 9182871K->9144915K(25159296K), 0.0495168 secs] [Times: user=0.63 sys=0.00, real=0.05 secs] 
2014-04-09T14:16:29.427+0900: 209.076: [GC (Allocation Failure) 209.076: [ParNew: 49629K->3877K(59008K), 0.0483528 secs] 9128007K->9096727K(25159296K), 0.0486734 secs] [Times: user=0.63 sys=0.01, real=0.05 secs] 
2014-04-09T14:16:29.522+0900: 209.171: [GC (Allocation Failure) 209.171: [ParNew: 56340K->6528K(59008K), 0.0385783 secs] 9128316K->9093697K(25159296K), 0.0388999 secs] [Times: user=0.48 sys=0.00, real=0.03 secs] 
2014-04-09T14:16:29.580+0900: 209.229: [GC (Allocation Failure) 209.229: [ParNew: 54263K->6528K(59008K), 0.0382797 secs] 9132049K->9099528K(25159296K), 0.0385922 secs] [Times: user=0.49 sys=0.00, real=0.04 secs] 
2014-04-09T14:16:29.683+0900: 209.332: [GC (Allocation Failure) 209.332: [ParNew: 59006K->6528K(59008K), 0.0416759 secs] 9119551K->9097963K(25159296K), 0.0419877 secs] [Times: user=0.51 sys=0.01, real=0.04 secs] 
2014-04-09T14:16:29.833+0900: 209.482: [GC (Allocation Failure) 209.483: [ParNew: 59008K->6528K(59008K), 0.0488774 secs] 9095050K->9052986K(25159296K), 0.0491963 secs] [Times: user=0.59 sys=0.01, real=0.05 secs] 
2014-04-09T14:16:30.017+0900: 209.666: [GC (Allocation Failure) 209.666: [ParNew: 59006K->2847K(59008K), 0.0424076 secs] 9040848K->8998436K(25159296K), 0.0427251 secs] [Times: user=0.52 sys=0.00, real=0.04 secs] 
2014-04-09T14:16:30.086+0900: 209.735: [GC (Allocation Failure) 209.735: [ParNew: 55326K->5562K(59008K), 0.0406584 secs] 9039721K->9030600K(25159296K), 0.0409838 secs] [Times: user=0.49 sys=0.02, real=0.04 secs] 
2014-04-09T14:16:30.178+0900: 209.827: [GC (Allocation Failure) 209.827: [ParNew: 58042K->6528K(59008K), 0.0477479 secs] 9057801K->9031113K(25159296K), 0.0480600 secs] [Times: user=0.46 sys=0.01, real=0.05 secs] 
2014-04-09T14:16:30.278+0900: 209.927: [GC (Allocation Failure) 209.927: [ParNew: 59008K->6528K(59008K), 0.0498244 secs] 9058935K->9023189K(25159296K), 0.0501242 secs] [Times: user=0.62 sys=0.01, real=0.05 secs] 
2014-04-09T14:16:30.382+0900: 210.031: [GC (Allocation Failure) 210.031: [ParNew: 59008K->4854K(59008K), 0.0380341 secs] 9050387K->9000933K(25159296K), 0.0383446 secs] [Times: user=0.46 sys=0.01, real=0.03 secs] 
2014-04-09T14:16:30.481+0900: 210.130: [GC (Allocation Failure) 210.131: [ParNew: 55556K->5447K(59008K), 0.0403304 secs] 9020974K->8983152K(25159296K), 0.0406438 secs] [Times: user=0.54 sys=0.01, real=0.04 secs] 
2014-04-09T14:16:30.558+0900: 210.207: [GC (Allocation Failure) 210.207: [ParNew: 57927K->4950K(59008K), 0.0417864 secs] 9018687K->9004769K(25159296K), 0.0421030 secs] [Times: user=0.51 sys=0.01, real=0.04 secs] 
2014-04-09T14:16:30.621+0900: 210.271: [GC (Allocation Failure) 210.271: [ParNew: 53102K->6528K(59008K), 0.0423339 secs] 9042956K->9030130K(25159296K), 0.0426385 secs] [Times: user=0.52 sys=0.01, real=0.04 secs] 
2014-04-09T14:16:30.679+0900: 210.328: [GC (Allocation Failure) 210.328: [ParNew: 59006K->6528K(59008K), 0.0433354 secs] 9076407K->9063465K(25159296K), 0.0436433 secs] [Times: user=0.52 sys=0.01, real=0.05 secs] 
2014-04-09T14:16:30.739+0900: 210.388: [GC (Allocation Failure) 210.388: [ParNew: 59007K->6526K(59008K), 0.0383574 secs] 9108319K->9079727K(25159296K), 0.0386681 secs] [Times: user=0.46 sys=0.00, real=0.04 secs] 
2014-04-09T14:16:30.792+0900: 210.441: [GC (Allocation Failure) 210.441: [ParNew: 50736K->6528K(59008K), 0.0374882 secs] 9118311K->9092032K(25159296K), 0.0377983 secs] [Times: user=0.44 sys=0.01, real=0.03 secs] 
2014-04-09T14:16:30.850+0900: 210.499: [GC (Allocation Failure) 210.499: [ParNew: 59006K->6528K(59008K), 0.0492495 secs] 9139128K->9123578K(25159296K), 0.0495608 secs] [Times: user=0.60 sys=0.01, real=0.05 secs] 
2014-04-09T14:16:30.926+0900: 210.575: [GC (Allocation Failure) 210.575: [ParNew: 59008K->6528K(59008K), 0.0470337 secs] 9163667K->9134702K(25159296K), 0.0473559 secs] [Times: user=0.56 sys=0.00, real=0.05 secs] 
2014-04-09T14:16:30.999+0900: 210.648: [GC (Allocation Failure) 210.648: [ParNew: 59008K->6528K(59008K), 0.0478561 secs] 9174808K->9141017K(25159296K), 0.0481779 secs] [Times: user=0.59 sys=0.00, real=0.05 secs] 
2014-04-09T14:16:31.073+0900: 210.722: [GC (Allocation Failure) 210.722: [ParNew: 59008K->6528K(59008K), 0.0488594 secs] 9181017K->9134453K(25159296K), 0.0491784 secs] [Times: user=0.66 sys=0.00, real=0.05 secs] 
2014-04-09T14:16:31.141+0900: 210.790: [GC (Allocation Failure) 210.790: [ParNew: 55065K->6528K(59008K), 0.0457335 secs] 9174082K->9136868K(25159296K), 0.0460458 secs] [Times: user=0.57 sys=0.00, real=0.05 secs] 
2014-04-09T14:16:31.206+0900: 210.856: [GC (Allocation Failure) 210.856: [ParNew: 59008K->5503K(59008K), 0.0409641 secs] 9180341K->9147158K(25159296K), 0.0412769 secs] [Times: user=0.55 sys=0.01, real=0.04 secs] 
2014-04-09T14:16:31.273+0900: 210.922: [GC (Allocation Failure) 210.922: [ParNew: 57983K->6528K(59008K), 0.0402473 secs] 9187296K->9141270K(25159296K), 0.0405544 secs] [Times: user=0.52 sys=0.00, real=0.04 secs] 
2014-04-09T14:16:31.339+0900: 210.988: [GC (Allocation Failure) 210.988: [ParNew: 59008K->6528K(59008K), 0.0400590 secs] 9182057K->9141486K(25159296K), 0.0403682 secs] [Times: user=0.51 sys=0.01, real=0.04 secs] 
2014-04-09T14:16:31.406+0900: 211.055: [GC (Allocation Failure) 211.055: [ParNew: 54106K->6528K(59008K), 0.0419309 secs] 9177078K->9156361K(25159296K), 0.0422482 secs] [Times: user=0.54 sys=0.01, real=0.04 secs] 
2014-04-09T14:16:31.476+0900: 211.125: [GC (Allocation Failure) 211.125: [ParNew: 50151K->6528K(59008K), 0.0392558 secs] 9187505K->9162686K(25159296K), 0.0395668 secs] [Times: user=0.52 sys=0.00, real=0.04 secs] 
2014-04-09T14:16:31.537+0900: 211.186: [GC (Allocation Failure) 211.186: [ParNew: 50457K->4918K(59008K), 0.0455362 secs] 9196055K->9182425K(25159296K), 0.0458518 secs] [Times: user=0.59 sys=0.02, real=0.05 secs] 
2014-04-09T14:16:31.605+0900: 211.254: [GC (Allocation Failure) 211.254: [ParNew: 57398K->6527K(59008K), 0.0461509 secs] 9224488K->9203170K(25159296K), 0.0464651 secs] [Times: user=0.61 sys=0.00, real=0.04 secs] 
2014-04-09T14:16:31.667+0900: 211.316: [GC (Allocation Failure) 211.317: [ParNew: 55313K->6528K(59008K), 0.0486543 secs] 9245294K->9222231K(25159296K), 0.0489804 secs] [Times: user=0.62 sys=0.01, real=0.05 secs] 
2014-04-09T14:16:31.740+0900: 211.389: [GC (Allocation Failure) 211.389: [ParNew: 55221K->6528K(59008K), 0.0378025 secs] 9261997K->9230295K(25159296K), 0.0381537 secs] [Times: user=0.46 sys=0.01, real=0.04 secs] 
2014-04-09T14:16:31.797+0900: 211.446: [GC (Allocation Failure) 211.446: [ParNew: 59008K->6528K(59008K), 0.0438175 secs] 9276734K->9245222K(25159296K), 0.0441489 secs] [Times: user=0.58 sys=0.00, real=0.04 secs] 
2014-04-09T14:16:31.873+0900: 211.522: [GC (Allocation Failure) 211.522: [ParNew: 59008K->6528K(59008K), 0.0387178 secs] 9285016K->9248058K(25159296K), 0.0390561 secs] [Times: user=0.45 sys=0.01, real=0.04 secs] 
2014-04-09T14:16:31.960+0900: 211.609: [GC (Allocation Failure) 211.609: [ParNew: 59008K->6528K(59008K), 0.0499224 secs] 9275639K->9240756K(25159296K), 0.0502613 secs] [Times: user=0.61 sys=0.00, real=0.05 secs] 
2014-04-09T14:16:32.047+0900: 211.696: [GC (Allocation Failure) 211.696: [ParNew: 59005K->6125K(59008K), 0.0459151 secs] 9275767K->9255849K(25159296K), 0.0461841 secs] [Times: user=0.54 sys=0.02, real=0.05 secs] 
2014-04-09T14:16:32.117+0900: 211.766: [GC (Allocation Failure) 211.766: [ParNew: 49427K->6095K(59008K), 0.0357835 secs] 9290135K->9256964K(25159296K), 0.0361240 secs] [Times: user=0.45 sys=0.00, real=0.04 secs] 
2014-04-09T14:16:32.183+0900: 211.832: [GC (Allocation Failure) 211.832: [ParNew: 56739K->6528K(59008K), 0.0407810 secs] 9294500K->9272475K(25159296K), 0.0411303 secs] [Times: user=0.47 sys=0.01, real=0.04 secs] 
2014-04-09T14:16:32.252+0900: 211.901: [GC (Allocation Failure) 211.901: [ParNew: 59007K->6528K(59008K), 0.0449659 secs] 9310953K->9289788K(25159296K), 0.0452997 secs] [Times: user=0.51 sys=0.02, real=0.04 secs] 
2014-04-09T14:16:32.319+0900: 211.969: [GC (Allocation Failure) 211.969: [ParNew: 59008K->6528K(59008K), 0.0427470 secs] 9331340K->9298246K(25159296K), 0.0430991 secs] [Times: user=0.52 sys=0.01, real=0.05 secs] 
2014-04-09T14:16:32.393+0900: 212.042: [GC (Allocation Failure) 212.043: [ParNew: 59008K->6528K(59008K), 0.0455913 secs] 9334291K->9299204K(25159296K), 0.0459250 secs] [Times: user=0.61 sys=0.00, real=0.04 secs] 
2014-04-09T14:16:32.479+0900: 212.128: [GC (Allocation Failure) 212.128: [ParNew: 59008K->6528K(59008K), 0.0485539 secs] 9335130K->9294179K(25159296K), 0.0488879 secs] [Times: user=0.58 sys=0.00, real=0.05 secs] 
2014-04-09T14:16:32.571+0900: 212.220: [GC (Allocation Failure) 212.220: [ParNew: 59008K->6528K(59008K), 0.0376844 secs] 9328384K->9283110K(25159296K), 0.0380198 secs] [Times: user=0.46 sys=0.01, real=0.04 secs] 
2014-04-09T14:16:32.637+0900: 212.286: [GC (Allocation Failure) 212.286: [ParNew: 59003K->6528K(59008K), 0.0497473 secs] 9323076K->9297151K(25159296K), 0.0500872 secs] [Times: user=0.61 sys=0.01, real=0.05 secs] 
2014-04-09T14:16:32.707+0900: 212.356: [GC (Allocation Failure) 212.356: [ParNew: 59008K->6526K(59008K), 0.0438704 secs] 9343008K->9319146K(25159296K), 0.0442065 secs] [Times: user=0.54 sys=0.01, real=0.04 secs] 
2014-04-09T14:16:32.779+0900: 212.428: [GC (Allocation Failure) 212.428: [ParNew: 54403K->6528K(59008K), 0.0420849 secs] 9355737K->9330852K(25159296K), 0.0424377 secs] [Times: user=0.52 sys=0.01, real=0.04 secs] 
2014-04-09T14:16:32.844+0900: 212.493: [GC (Allocation Failure) 212.493: [ParNew: 59008K->6528K(59008K), 0.0405995 secs] 9374973K->9351578K(25159296K), 0.0409300 secs] [Times: user=0.47 sys=0.00, real=0.04 secs] 
2014-04-09T14:16:32.908+0900: 212.557: [GC (Allocation Failure) 212.557: [ParNew: 59006K->6528K(59008K), 0.0465993 secs] 9395146K->9368022K(25159296K), 0.0469430 secs] [Times: user=0.55 sys=0.01, real=0.05 secs] 
2014-04-09T14:16:32.976+0900: 212.625: [GC (Allocation Failure) 212.626: [ParNew: 56150K->6528K(59008K), 0.0439419 secs] 9409974K->9394363K(25159296K), 0.0442819 secs] [Times: user=0.48 sys=0.01, real=0.04 secs] 
2014-04-09T14:16:33.045+0900: 212.694: [GC (Allocation Failure) 212.694: [ParNew: 59008K->6528K(59008K), 0.0529310 secs] 9438191K->9416063K(25159296K), 0.0532687 secs] [Times: user=0.65 sys=0.00, real=0.05 secs] 
2014-04-09T14:16:33.120+0900: 212.769: [GC (Allocation Failure) 212.769: [ParNew: 59008K->6528K(59008K), 0.0471383 secs] 9461038K->9432828K(25159296K), 0.0474812 secs] [Times: user=0.57 sys=0.00, real=0.05 secs] 
2014-04-09T14:16:33.195+0900: 212.844: [GC (Allocation Failure) 212.844: [ParNew: 50136K->6528K(59008K), 0.0400826 secs] 9464903K->9428625K(25159296K), 0.0404221 secs] [Times: user=0.53 sys=0.00, real=0.04 secs] 
2014-04-09T14:16:33.257+0900: 212.906: [GC (Allocation Failure) 212.906: [ParNew: 59008K->6528K(59008K), 0.0468119 secs] 9457559K->9422334K(25159296K), 0.0471392 secs] [Times: user=0.58 sys=0.00, real=0.05 secs] 
2014-04-09T14:16:33.334+0900: 212.983: [GC (Allocation Failure) 212.983: [ParNew: 59008K->6528K(59008K), 0.0400923 secs] 9437890K->9393662K(25159296K), 0.0404333 secs] [Times: user=0.48 sys=0.01, real=0.04 secs] 
2014-04-09T14:16:33.411+0900: 213.060: [GC (Allocation Failure) 213.060: [ParNew: 59008K->5350K(59008K), 0.0373654 secs] 9397938K->9359630K(25159296K), 0.0376968 secs] [Times: user=0.45 sys=0.00, real=0.04 secs] 
2014-04-09T14:16:33.500+0900: 213.149: [GC (Allocation Failure) 213.149: [ParNew: 57830K->6528K(59008K), 0.0367561 secs] 9349454K->9310613K(25159296K), 0.0370455 secs] [Times: user=0.44 sys=0.00, real=0.04 secs] 
2014-04-09T14:16:33.569+0900: 213.218: [CMS-concurrent-sweep: 1.983/4.574 secs] [Times: user=39.56 sys=0.90, real=4.57 secs] 
2014-04-09T14:16:33.569+0900: 213.218: [CMS-concurrent-reset-start]
2014-04-09T14:16:33.587+0900: 213.236: [GC (Allocation Failure) 213.236: [ParNew: 52711K->2817K(59008K), 0.0379871 secs] 9314591K->9288607K(25159296K), 0.0383226 secs] [Times: user=0.46 sys=0.00, real=0.04 secs] 
2014-04-09T14:16:33.653+0900: 213.303: [GC (Allocation Failure) 213.303: [ParNew: 55291K->6517K(59008K), 0.0419321 secs] 9341081K->9313851K(25159296K), 0.0422748 secs] [Times: user=0.53 sys=0.00, real=0.04 secs] 
2014-04-09T14:16:33.713+0900: 213.362: [GC (Allocation Failure) 213.362: [ParNew: 49054K->6528K(59008K), 0.0366761 secs] 9356388K->9340548K(25159296K), 0.0370163 secs] [Times: user=0.45 sys=0.00, real=0.03 secs] 
2014-04-09T14:16:33.769+0900: 213.418: [GC (Allocation Failure) 213.418: [ParNew: 59008K->6528K(59008K), 0.0470937 secs] 9393028K->9376922K(25159296K), 0.0474309 secs] [Times: user=0.58 sys=0.01, real=0.05 secs] 
2014-04-09T14:16:33.826+0900: 213.475: [CMS-concurrent-reset: 0.085/0.257 secs] [Times: user=2.43 sys=0.07, real=0.26 secs] 
2014-04-09T14:16:33.832+0900: 213.481: [GC (Allocation Failure) 213.481: [ParNew: 52613K->6528K(59008K), 0.0445276 secs] 9423007K->9400889K(25159296K), 0.0448543 secs] [Times: user=0.55 sys=0.01, real=0.04 secs] 
2014-04-09T14:16:33.882+0900: 213.531: [GC (CMS Initial Mark) [1 CMS-initial-mark: 9394361K(25100288K)] 9411050K(25159296K), 0.0016171 secs] [Times: user=0.01 sys=0.00, real=0.00 secs] 
2014-04-09T14:16:33.884+0900: 213.533: [CMS-concurrent-mark-start]
2014-04-09T14:16:33.914+0900: 213.563: [GC (Allocation Failure) 213.563: [ParNew: 59008K->6528K(59008K), 0.0491317 secs] 9453369K->9437675K(25159296K), 0.0494682 secs] [Times: user=0.59 sys=0.00, real=0.05 secs] 
2014-04-09T14:16:34.001+0900: 213.650: [GC (Allocation Failure) 213.650: [ParNew: 59008K->6528K(59008K), 0.0516420 secs] 9490155K->9465642K(25159296K), 0.0519854 secs] [Times: user=0.61 sys=0.01, real=0.06 secs] 
2014-04-09T14:16:34.088+0900: 213.737: [GC (Allocation Failure) 213.737: [ParNew: 59008K->6528K(59008K), 0.0479201 secs] 9518122K->9488479K(25159296K), 0.0482518 secs] [Times: user=0.57 sys=0.01, real=0.05 secs] 
2014-04-09T14:16:34.159+0900: 213.808: [GC (Allocation Failure) 213.809: [ParNew: 59007K->6528K(59008K), 0.0447320 secs] 9540959K->9502304K(25159296K), 0.0450749 secs] [Times: user=0.52 sys=0.01, real=0.05 secs] 
2014-04-09T14:16:34.224+0900: 213.873: [GC (Allocation Failure) 213.873: [ParNew: 59008K->6528K(59008K), 0.0438187 secs] 9554784K->9533344K(25159296K), 0.0441646 secs] [Times: user=0.52 sys=0.01, real=0.04 secs] 
2014-04-09T14:16:34.300+0900: 213.949: [GC (Allocation Failure) 213.949: [ParNew: 59008K->6528K(59008K), 0.0449255 secs] 9585824K->9545007K(25159296K), 0.0452619 secs] [Times: user=0.55 sys=0.00, real=0.05 secs] 
2014-04-09T14:16:34.388+0900: 214.037: [GC (Allocation Failure) 214.037: [ParNew: 59008K->6528K(59008K), 0.0446167 secs] 9597487K->9560328K(25159296K), 0.0449272 secs] [Times: user=0.53 sys=0.00, real=0.05 secs] 
2014-04-09T14:16:34.473+0900: 214.122: [GC (Allocation Failure) 214.122: [ParNew: 59008K->6528K(59008K), 0.0370222 secs] 9612808K->9576293K(25159296K), 0.0373502 secs] [Times: user=0.43 sys=0.01, real=0.03 secs] 
2014-04-09T14:16:34.553+0900: 214.202: [GC (Allocation Failure) 214.202: [ParNew: 59008K->4813K(59008K), 0.0413435 secs] 9628773K->9585024K(25159296K), 0.0416852 secs] [Times: user=0.51 sys=0.00, real=0.04 secs] 
2014-04-09T14:16:34.644+0900: 214.293: [GC (Allocation Failure) 214.293: [ParNew: 57293K->1701K(59008K), 0.0378436 secs] 9637504K->9590105K(25159296K), 0.0381813 secs] [Times: user=0.47 sys=0.01, real=0.04 secs] 
2014-04-09T14:16:34.705+0900: 214.354: [GC (Allocation Failure) 214.354: [ParNew: 54181K->3320K(59008K), 0.0392995 secs] 9642585K->9626381K(25159296K), 0.0396370 secs] [Times: user=0.49 sys=0.01, real=0.04 secs] 
2014-04-09T14:16:34.774+0900: 214.423: [GC (Allocation Failure) 214.423: [ParNew: 55798K->6528K(59008K), 0.0518910 secs] 9678859K->9656125K(25159296K), 0.0522263 secs] [Times: user=0.64 sys=0.01, real=0.05 secs] 
2014-04-09T14:16:34.848+0900: 214.497: [GC (Allocation Failure) 214.497: [ParNew: 49779K->6528K(59008K), 0.0416925 secs] 9699377K->9673860K(25159296K), 0.0420233 secs] [Times: user=0.48 sys=0.01, real=0.04 secs] 
2014-04-09T14:16:34.913+0900: 214.562: [GC (Allocation Failure) 214.562: [ParNew: 53515K->6528K(59008K), 0.0398252 secs] 9720847K->9717341K(25159296K), 0.0401612 secs] [Times: user=0.48 sys=0.01, real=0.04 secs] 
2014-04-09T14:16:34.981+0900: 214.630: [GC (Allocation Failure) 214.630: [ParNew: 56485K->6528K(59008K), 0.0433785 secs] 9767298K->9741264K(25159296K), 0.0437108 secs] [Times: user=0.50 sys=0.01, real=0.05 secs] 
2014-04-09T14:16:35.042+0900: 214.691: [GC (Allocation Failure) 214.692: [ParNew: 59008K->6528K(59008K), 0.0389633 secs] 9793744K->9776141K(25159296K), 0.0392992 secs] [Times: user=0.47 sys=0.01, real=0.04 secs] 
2014-04-09T14:16:35.105+0900: 214.754: [GC (Allocation Failure) 214.754: [ParNew: 59008K->6528K(59008K), 0.0497546 secs] 9828621K->9800558K(25159296K), 0.0500884 secs] [Times: user=0.60 sys=0.00, real=0.05 secs] 
2014-04-09T14:16:35.172+0900: 214.822: [GC (Allocation Failure) 214.822: [ParNew: 51190K->6528K(59008K), 0.0368049 secs] 9845220K->9816015K(25159296K), 0.0371423 secs] [Times: user=0.43 sys=0.00, real=0.03 secs] 
2014-04-09T14:16:35.231+0900: 214.880: [GC (Allocation Failure) 214.880: [ParNew: 59008K->6528K(59008K), 0.0471819 secs] 9868495K->9845639K(25159296K), 0.0475199 secs] [Times: user=0.57 sys=0.01, real=0.05 secs] 
2014-04-09T14:16:35.307+0900: 214.956: [GC (Allocation Failure) 214.956: [ParNew: 59008K->6528K(59008K), 0.0455420 secs] 9898119K->9857905K(25159296K), 0.0458757 secs] [Times: user=0.55 sys=0.00, real=0.05 secs] 
2014-04-09T14:16:35.383+0900: 215.032: [GC (Allocation Failure) 215.032: [ParNew: 59008K->6528K(59008K), 0.0456139 secs] 9910385K->9869758K(25159296K), 0.0459510 secs] [Times: user=0.55 sys=0.00, real=0.04 secs] 
2014-04-09T14:16:35.466+0900: 215.115: [GC (Allocation Failure) 215.115: [ParNew: 59008K->6528K(59008K), 0.0418805 secs] 9922238K->9879710K(25159296K), 0.0422114 secs] [Times: user=0.52 sys=0.01, real=0.04 secs] 
2014-04-09T14:16:35.536+0900: 215.185: [GC (Allocation Failure) 215.185: [ParNew: 59008K->4672K(59008K), 0.0455265 secs] 9932190K->9903370K(25159296K), 0.0458699 secs] [Times: user=0.53 sys=0.01, real=0.05 secs] 
2014-04-09T14:16:35.621+0900: 215.270: [GC (Allocation Failure) 215.270: [ParNew: 54729K->6528K(59008K), 0.0359149 secs] 9953428K->9909631K(25159296K), 0.0362512 secs] [Times: user=0.44 sys=0.01, real=0.04 secs] 
2014-04-09T14:16:35.686+0900: 215.335: [GC (Allocation Failure) 215.335: [ParNew: 58997K->4636K(59008K), 0.0458154 secs] 9962101K->9940481K(25159296K), 0.0461577 secs] [Times: user=0.55 sys=0.00, real=0.04 secs] 
2014-04-09T14:16:35.766+0900: 215.415: [GC (Allocation Failure) 215.415: [ParNew: 55626K->5422K(59008K), 0.0470740 secs] 9991472K->9971829K(25159296K), 0.0474137 secs] [Times: user=0.59 sys=0.00, real=0.05 secs] 
2014-04-09T14:16:35.853+0900: 215.502: [GC (Allocation Failure) 215.502: [ParNew: 57902K->6528K(59008K), 0.0460252 secs] 10024309K->9998908K(25159296K), 0.0463652 secs] [Times: user=0.55 sys=0.01, real=0.04 secs] 
2014-04-09T14:16:35.923+0900: 215.572: [GC (Allocation Failure) 215.572: [ParNew: 59006K->6528K(59008K), 0.0517055 secs] 10051386K->10035605K(25159296K), 0.0520392 secs] [Times: user=0.63 sys=0.01, real=0.05 secs] 
2014-04-09T14:16:36.021+0900: 215.670: [GC (Allocation Failure) 215.670: [ParNew: 59008K->6528K(59008K), 0.0451643 secs] 10088085K->10060891K(25159296K), 0.0455033 secs] [Times: user=0.53 sys=0.00, real=0.05 secs] 
2014-04-09T14:16:36.089+0900: 215.738: [GC (Allocation Failure) 215.738: [ParNew: 59008K->6528K(59008K), 0.0453762 secs] 10113371K->10086227K(25159296K), 0.0457203 secs] [Times: user=0.54 sys=0.00, real=0.05 secs] 
2014-04-09T14:16:36.161+0900: 215.810: [GC (Allocation Failure) 215.810: [ParNew: 59008K->6528K(59008K), 0.0398401 secs] 10138707K->10108851K(25159296K), 0.0401738 secs] [Times: user=0.48 sys=0.00, real=0.04 secs] 
2014-04-09T14:16:36.239+0900: 215.888: [GC (Allocation Failure) 215.888: [ParNew: 57542K->6528K(59008K), 0.0423007 secs] 10159866K->10120011K(25159296K), 0.0426410 secs] [Times: user=0.52 sys=0.00, real=0.04 secs] 
2014-04-09T14:16:36.314+0900: 215.963: [GC (Allocation Failure) 215.964: [ParNew: 59008K->6528K(59008K), 0.0492023 secs] 10172491K->10137362K(25159296K), 0.0495343 secs] [Times: user=0.57 sys=0.00, real=0.05 secs] 
2014-04-09T14:16:36.406+0900: 216.055: [GC (Allocation Failure) 216.056: [ParNew: 59008K->6528K(59008K), 0.0443698 secs] 10189842K->10145867K(25159296K), 0.0447096 secs] [Times: user=0.53 sys=0.00, real=0.04 secs] 
2014-04-09T14:16:36.494+0900: 216.143: [GC (Allocation Failure) 216.143: [ParNew: 59008K->4296K(59008K), 0.0429273 secs] 10198347K->10155783K(25159296K), 0.0432699 secs] [Times: user=0.52 sys=0.01, real=0.04 secs] 
2014-04-09T14:16:36.597+0900: 216.246: [GC (Allocation Failure) 216.246: [ParNew: 56759K->2995K(59008K), 0.0407208 secs] 10208246K->10172835K(25159296K), 0.0410561 secs] [Times: user=0.51 sys=0.00, real=0.04 secs] 
2014-04-09T14:16:36.682+0900: 216.331: [GC (Allocation Failure) 216.331: [ParNew: 53641K->6528K(59008K), 0.0459801 secs] 10223481K->10205198K(25159296K), 0.0463317 secs] [Times: user=0.57 sys=0.00, real=0.05 secs] 
2014-04-09T14:16:36.753+0900: 216.402: [GC (Allocation Failure) 216.402: [ParNew: 59006K->6528K(59008K), 0.0519704 secs] 10257677K->10243966K(25159296K), 0.0523028 secs] [Times: user=0.62 sys=0.02, real=0.05 secs] 
2014-04-09T14:16:36.840+0900: 216.490: [GC (Allocation Failure) 216.490: [ParNew: 59008K->6528K(59008K), 0.0515340 secs] 10296446K->10270661K(25159296K), 0.0518766 secs] [Times: user=0.59 sys=0.00, real=0.06 secs] 
2014-04-09T14:16:36.914+0900: 216.563: [GC (Allocation Failure) 216.563: [ParNew: 52340K->6528K(59008K), 0.0491349 secs] 10316473K->10288545K(25159296K), 0.0494951 secs] [Times: user=0.60 sys=0.01, real=0.05 secs] 
2014-04-09T14:16:37.003+0900: 216.652: [GC (Allocation Failure) 216.652: [ParNew: 59008K->6528K(59008K), 0.0440871 secs] 10341025K->10304308K(25159296K), 0.0444212 secs] [Times: user=0.52 sys=0.00, real=0.04 secs] 
2014-04-09T14:16:37.090+0900: 216.739: [GC (Allocation Failure) 216.739: [ParNew: 59008K->6528K(59008K), 0.0522119 secs] 10356788K->10313831K(25159296K), 0.0525473 secs] [Times: user=0.60 sys=0.01, real=0.05 secs] 
2014-04-09T14:16:37.189+0900: 216.838: [GC (Allocation Failure) 216.838: [ParNew: 58012K->6528K(59008K), 0.0522188 secs] 10365315K->10324285K(25159296K), 0.0525616 secs] [Times: user=0.58 sys=0.00, real=0.05 secs] 
2014-04-09T14:16:37.294+0900: 216.944: [GC (Allocation Failure) 216.944: [ParNew: 54081K->4426K(59008K), 0.0376994 secs] 10371838K->10340991K(25159296K), 0.0380350 secs] [Times: user=0.46 sys=0.01, real=0.04 secs] 
2014-04-09T14:16:37.368+0900: 217.017: [GC (Allocation Failure) 217.017: [ParNew: 56906K->4983K(59008K), 0.0417418 secs] 10393471K->10372189K(25159296K), 0.0420774 secs] [Times: user=0.53 sys=0.00, real=0.04 secs] 
2014-04-09T14:16:37.436+0900: 217.085: [GC (Allocation Failure) 217.085: [ParNew: 57463K->6528K(59008K), 0.0422231 secs] 10424669K->10393322K(25159296K), 0.0425597 secs] [Times: user=0.51 sys=0.01, real=0.04 secs] 
2014-04-09T14:16:37.577+0900: 217.226: [GC (Allocation Failure) 217.226: [ParNew: 58044K->6528K(59008K), 0.0336652 secs] 10444838K->10407775K(25159296K), 0.0340015 secs] [Times: user=0.42 sys=0.00, real=0.03 secs] 
2014-04-09T14:16:37.655+0900: 217.304: [GC (Allocation Failure) 217.304: [ParNew: 58180K->6521K(59008K), 0.0396589 secs] 10459427K->10428223K(25159296K), 0.0399933 secs] [Times: user=0.48 sys=0.00, real=0.04 secs] 
2014-04-09T14:16:37.729+0900: 217.378: [GC (Allocation Failure) 217.378: [ParNew: 59001K->6527K(59008K), 0.0428256 secs] 10480703K->10455040K(25159296K), 0.0431664 secs] [Times: user=0.52 sys=0.01, real=0.04 secs] 
2014-04-09T14:16:37.815+0900: 217.465: [GC (Allocation Failure) 217.465: [ParNew: 59007K->6528K(59008K), 0.0530017 secs] 10507520K->10483683K(25159296K), 0.0533364 secs] [Times: user=0.59 sys=0.01, real=0.05 secs] 
2014-04-09T14:16:37.915+0900: 217.564: [CMS-concurrent-mark: 1.698/4.032 secs] [Times: user=38.72 sys=0.79, real=4.03 secs] 
2014-04-09T14:16:37.916+0900: 217.565: [CMS-concurrent-preclean-start]
2014-04-09T14:16:37.936+0900: 217.585: [GC (Allocation Failure) 217.586: [ParNew: 59008K->6528K(59008K), 0.0645873 secs] 10536163K->10504718K(25159296K), 0.0649142 secs] [Times: user=0.64 sys=0.01, real=0.06 secs] 
2014-04-09T14:16:38.054+0900: 217.703: [GC (Allocation Failure) 217.703: [ParNew: 59008K->6528K(59008K), 0.0464471 secs] 10557198K->10512980K(25159296K), 0.0467800 secs] [Times: user=0.55 sys=0.01, real=0.04 secs] 
2014-04-09T14:16:38.155+0900: 217.805: [GC (Allocation Failure) 217.805: [ParNew: 57469K->6528K(59008K), 0.0352888 secs] 10563922K->10519021K(25159296K), 0.0356232 secs] [Times: user=0.41 sys=0.01, real=0.03 secs] 
2014-04-09T14:16:38.221+0900: 217.870: [GC (Allocation Failure) 217.870: [ParNew: 55341K->6528K(59008K), 0.0420317 secs] 10567834K->10548774K(25159296K), 0.0423715 secs] [Times: user=0.51 sys=0.01, real=0.05 secs] 
2014-04-09T14:16:38.290+0900: 217.939: [GC (Allocation Failure) 217.939: [ParNew: 52071K->6528K(59008K), 0.0473140 secs] 10594317K->10585879K(25159296K), 0.0476502 secs] [Times: user=0.55 sys=0.01, real=0.05 secs] 
2014-04-09T14:16:38.370+0900: 218.019: [GC (Allocation Failure) 218.019: [ParNew: 59006K->6528K(59008K), 0.0477215 secs] 10638357K->10619556K(25159296K), 0.0480524 secs] [Times: user=0.56 sys=0.00, real=0.05 secs] 
2014-04-09T14:16:38.465+0900: 218.114: [GC (Allocation Failure) 218.115: [ParNew: 59008K->6528K(59008K), 0.0488311 secs] 10672036K->10642570K(25159296K), 0.0491672 secs] [Times: user=0.48 sys=0.01, real=0.05 secs] 
2014-04-09T14:16:38.582+0900: 218.231: [GC (Allocation Failure) 218.231: [ParNew: 58825K->6528K(59008K), 0.0477444 secs] 10694867K->10650821K(25159296K), 0.0481131 secs] [Times: user=0.56 sys=0.01, real=0.05 secs] 
2014-04-09T14:16:38.676+0900: 218.326: [GC (Allocation Failure) 218.326: [ParNew: 59008K->6275K(59008K), 0.0378779 secs] 10703301K->10660786K(25159296K), 0.0382121 secs] [Times: user=0.46 sys=0.00, real=0.04 secs] 
2014-04-09T14:16:38.751+0900: 218.400: [GC (Allocation Failure) 218.400: [ParNew: 58755K->6528K(59008K), 0.0490743 secs] 10713266K->10672195K(25159296K), 0.0494155 secs] [Times: user=0.57 sys=0.01, real=0.05 secs] 
2014-04-09T14:16:38.825+0900: 218.474: [GC (Allocation Failure) 218.474: [ParNew: 59008K->6528K(59008K), 0.0380703 secs] 10724675K->10699479K(25159296K), 0.0384043 secs] [Times: user=0.46 sys=0.01, real=0.04 secs] 
2014-04-09T14:16:38.907+0900: 218.556: [GC (Allocation Failure) 218.557: [ParNew: 59008K->6528K(59008K), 0.0445738 secs] 10751959K->10717045K(25159296K), 0.0449050 secs] [Times: user=0.54 sys=0.00, real=0.05 secs] 
2014-04-09T14:16:38.985+0900: 218.635: [GC (Allocation Failure) 218.635: [ParNew: 58105K->6528K(59008K), 0.0389590 secs] 10768623K->10735212K(25159296K), 0.0392926 secs] [Times: user=0.45 sys=0.01, real=0.04 secs] 
2014-04-09T14:16:39.045+0900: 218.694: [GC (Allocation Failure) 218.695: [ParNew: 52987K->6528K(59008K), 0.0398749 secs] 10781671K->10750192K(25159296K), 0.0402092 secs] [Times: user=0.46 sys=0.01, real=0.04 secs] 
2014-04-09T14:16:39.126+0900: 218.775: [GC (Allocation Failure) 218.775: [ParNew: 58554K->6528K(59008K), 0.0508147 secs] 10802219K->10781961K(25159296K), 0.0511526 secs] [Times: user=0.62 sys=0.01, real=0.05 secs] 
2014-04-09T14:16:39.214+0900: 218.863: [GC (Allocation Failure) 218.863: [ParNew: 58100K->6528K(59008K), 0.0490424 secs] 10833534K->10811299K(25159296K), 0.0493772 secs] [Times: user=0.59 sys=0.02, real=0.05 secs] 
2014-04-09T14:16:39.286+0900: 218.935: [GC (Allocation Failure) 218.935: [ParNew: 59008K->6528K(59008K), 0.0457005 secs] 10863779K->10835105K(25159296K), 0.0460489 secs] [Times: user=0.53 sys=0.02, real=0.04 secs] 
2014-04-09T14:16:39.364+0900: 219.013: [GC (Allocation Failure) 219.013: [ParNew: 59008K->6528K(59008K), 0.0498861 secs] 10887585K->10869100K(25159296K), 0.0502256 secs] [Times: user=0.57 sys=0.02, real=0.05 secs] 
2014-04-09T14:16:39.468+0900: 219.117: [GC (Allocation Failure) 219.117: [ParNew: 59008K->6528K(59008K), 0.0566666 secs] 10921580K->10889134K(25159296K), 0.0569985 secs] [Times: user=0.65 sys=0.00, real=0.06 secs] 
2014-04-09T14:16:39.582+0900: 219.231: [GC (Allocation Failure) 219.231: [ParNew: 59008K->3650K(59008K), 0.0469047 secs] 10941614K->10890133K(25159296K), 0.0472392 secs] [Times: user=0.57 sys=0.01, real=0.05 secs] 
2014-04-09T14:16:39.691+0900: 219.340: [GC (Allocation Failure) 219.340: [ParNew: 56130K->2597K(59008K), 0.0333093 secs] 10942613K->10893176K(25159296K), 0.0336380 secs] [Times: user=0.42 sys=0.00, real=0.04 secs] 
2014-04-09T14:16:39.797+0900: 219.446: [GC (Allocation Failure) 219.447: [ParNew: 55055K->3931K(59008K), 0.0377501 secs] 10945634K->10912863K(25159296K), 0.0380955 secs] [Times: user=0.47 sys=0.01, real=0.04 secs] 
2014-04-09T14:16:39.865+0900: 219.514: [GC (Allocation Failure) 219.514: [ParNew: 53247K->3291K(59008K), 0.0355353 secs] 10962179K->10932624K(25159296K), 0.0358653 secs] [Times: user=0.44 sys=0.01, real=0.03 secs] 
2014-04-09T14:16:39.930+0900: 219.580: [GC (Allocation Failure) 219.580: [ParNew: 55771K->6528K(59008K), 0.0471879 secs] 10985104K->10964805K(25159296K), 0.0475064 secs] [Times: user=0.56 sys=0.02, real=0.05 secs] 
2014-04-09T14:16:40.024+0900: 219.673: [GC (Allocation Failure) 219.673: [ParNew: 59008K->6528K(59008K), 0.0541865 secs] 11017285K->10993154K(25159296K), 0.0545193 secs] [Times: user=0.63 sys=0.01, real=0.05 secs] 
2014-04-09T14:16:40.150+0900: 219.799: [GC (Allocation Failure) 219.799: [ParNew: 59008K->6528K(59008K), 0.0591580 secs] 11045634K->11015306K(25159296K), 0.0594825 secs] [Times: user=0.66 sys=0.02, real=0.06 secs] 
2014-04-09T14:16:40.262+0900: 219.911: [GC (Allocation Failure) 219.911: [ParNew: 59008K->6528K(59008K), 0.0432148 secs] 11067786K->11024913K(25159296K), 0.0435509 secs] [Times: user=0.51 sys=0.01, real=0.05 secs] 
2014-04-09T14:16:40.349+0900: 219.998: [GC (Allocation Failure) 219.999: [ParNew: 59008K->6528K(59008K), 0.0461215 secs] 11077393K->11038834K(25159296K), 0.0464436 secs] [Times: user=0.54 sys=0.01, real=0.05 secs] 
2014-04-09T14:16:40.523+0900: 220.172: [GC (Allocation Failure) 220.172: [ParNew: 55817K->2580K(59008K), 0.0385323 secs] 11088123K->11049214K(25159296K), 0.0388642 secs] [Times: user=0.48 sys=0.01, real=0.03 secs] 
2014-04-09T14:16:40.592+0900: 220.241: [GC (Allocation Failure) 220.241: [ParNew: 54182K->2912K(59008K), 0.0427291 secs] 11100816K->11069867K(25159296K), 0.0430471 secs] [Times: user=0.53 sys=0.01, real=0.05 secs] 
2014-04-09T14:16:40.708+0900: 220.357: [GC (Allocation Failure) 220.357: [ParNew: 55390K->6528K(59008K), 0.0520942 secs] 11122345K->11100288K(25159296K), 0.0524067 secs] [Times: user=0.43 sys=0.02, real=0.05 secs] 
2014-04-09T14:16:40.838+0900: 220.487: [GC (Allocation Failure) 220.487: [ParNew: 58982K->6528K(59008K), 0.0468236 secs] 11152742K->11114538K(25159296K), 0.0471357 secs] [Times: user=0.57 sys=0.00, real=0.05 secs] 
2014-04-09T14:16:40.908+0900: 220.557: [GC (Allocation Failure) 220.557: [ParNew: 59008K->5484K(59008K), 0.0362244 secs] 11167018K->11142982K(25159296K), 0.0365342 secs] [Times: user=0.44 sys=0.02, real=0.04 secs] 
2014-04-09T14:16:41.017+0900: 220.666: [GC (Allocation Failure) 220.666: [ParNew: 57964K->6528K(59008K), 0.0634980 secs] 11195462K->11165722K(25159296K), 0.0638078 secs] [Times: user=0.60 sys=0.02, real=0.06 secs] 
2014-04-09T14:16:41.169+0900: 220.818: [GC (Allocation Failure) 220.818: [ParNew: 57309K->6528K(59008K), 0.0440124 secs] 11216503K->11177500K(25159296K), 0.0443279 secs] [Times: user=0.52 sys=0.02, real=0.05 secs] 
2014-04-09T14:16:41.329+0900: 220.978: [CMS-concurrent-preclean: 1.552/3.414 secs] [Times: user=23.68 sys=0.57, real=3.41 secs] 
2014-04-09T14:16:41.331+0900: 220.980: [GC (Allocation Failure) 220.980: [ParNew: 59008K->6528K(59008K), 0.0359345 secs] 11229980K->11179407K(25159296K), 0.0362256 secs] [Times: user=0.45 sys=0.00, real=0.04 secs] 
2014-04-09T14:16:41.369+0900: 221.018: [GC (CMS Final Remark) [YG occupancy: 6837 K (59008 K)]221.018: [Rescan (parallel) , 0.0168525 secs]221.035: [weak refs processing, 0.0001208 secs]221.035: [class unloading, 0.0457488 secs]221.080: [scrub symbol table, 0.0037284 secs]221.084: [scrub string table, 0.0010609 secs][1 CMS-remark: 11172879K(25100288K)] 11179716K(25159296K), 0.0732542 secs] [Times: user=0.26 sys=0.00, real=0.07 secs] 
2014-04-09T14:16:41.442+0900: 221.091: [CMS-concurrent-sweep-start]
2014-04-09T14:16:41.569+0900: 221.218: [GC (Allocation Failure) 221.218: [ParNew: 49307K->4896K(59008K), 0.0455986 secs] 11219248K->11191095K(25159296K), 0.0459168 secs] [Times: user=0.53 sys=0.02, real=0.05 secs] 
2014-04-09T14:16:41.650+0900: 221.299: [GC (Allocation Failure) 221.299: [ParNew: 56483K->1967K(59008K), 0.0354536 secs] 11242281K->11208086K(25159296K), 0.0357669 secs] [Times: user=0.44 sys=0.01, real=0.04 secs] 
2014-04-09T14:16:41.753+0900: 221.402: [GC (Allocation Failure) 221.402: [ParNew: 54447K->6528K(59008K), 0.0702466 secs] 11259251K->11237195K(25159296K), 0.0705606 secs] [Times: user=0.63 sys=0.01, real=0.07 secs] 
2014-04-09T14:16:41.943+0900: 221.592: [GC (Allocation Failure) 221.592: [ParNew: 59008K->4790K(59008K), 0.0466925 secs] 11286899K->11238937K(25159296K), 0.0470225 secs] [Times: user=0.57 sys=0.01, real=0.04 secs] 
2014-04-09T14:16:42.105+0900: 221.754: [GC (Allocation Failure) 221.754: [ParNew: 57252K->5253K(59008K), 0.0428320 secs] 11271428K->11229590K(25159296K), 0.0431491 secs] [Times: user=0.54 sys=0.01, real=0.04 secs] 
2014-04-09T14:16:42.195+0900: 221.845: [GC (Allocation Failure) 221.845: [ParNew: 57733K->6528K(59008K), 0.0371354 secs] 11276872K->11247022K(25159296K), 0.0374546 secs] [Times: user=0.43 sys=0.01, real=0.03 secs] 
2014-04-09T14:16:42.336+0900: 221.985: [GC (Allocation Failure) 221.985: [ParNew: 59008K->6528K(59008K), 0.0504285 secs] 11287771K->11250430K(25159296K), 0.0507437 secs] [Times: user=0.55 sys=0.01, real=0.05 secs] 
2014-04-09T14:16:42.538+0900: 222.187: [GC (Allocation Failure) 222.187: [ParNew: 57728K->5123K(59008K), 0.0415823 secs] 11294096K->11256188K(25159296K), 0.0418979 secs] [Times: user=0.48 sys=0.00, real=0.04 secs] 
2014-04-09T14:16:42.629+0900: 222.279: [GC (Allocation Failure) 222.279: [ParNew: 56737K->6528K(59008K), 0.0352786 secs] 11301619K->11266055K(25159296K), 0.0355878 secs] [Times: user=0.44 sys=0.00, real=0.04 secs] 
2014-04-09T14:16:42.735+0900: 222.384: [GC (Allocation Failure) 222.384: [ParNew: 59008K->6528K(59008K), 0.0562181 secs] 11315412K->11293121K(25159296K), 0.0565263 secs] [Times: user=0.58 sys=0.02, real=0.05 secs] 
2014-04-09T14:16:42.900+0900: 222.549: [GC (Allocation Failure) 222.549: [ParNew: 59000K->6528K(59008K), 0.0444005 secs] 11336573K->11294981K(25159296K), 0.0447061 secs] [Times: user=0.52 sys=0.01, real=0.05 secs] 
2014-04-09T14:16:42.995+0900: 222.644: [GC (Allocation Failure) 222.644: [ParNew: 59008K->6528K(59008K), 0.0416360 secs] 11332420K->11286474K(25159296K), 0.0419448 secs] [Times: user=0.51 sys=0.01, real=0.04 secs] 
2014-04-09T14:16:43.055+0900: 222.704: [GC (Allocation Failure) 222.705: [ParNew: 59008K->4022K(59008K), 0.0338622 secs] 11336209K->11286563K(25159296K), 0.0341855 secs] [Times: user=0.41 sys=0.00, real=0.03 secs] 
2014-04-09T14:16:43.108+0900: 222.757: [GC (Allocation Failure) 222.757: [ParNew: 56502K->1006K(59008K), 0.0338490 secs] 11335555K->11280059K(25159296K), 0.0341530 secs] [Times: user=0.43 sys=0.00, real=0.03 secs] 
2014-04-09T14:16:43.161+0900: 222.810: [GC (Allocation Failure) 222.810: [ParNew: 53486K->275K(59008K), 0.0344029 secs] 11328279K->11275068K(25159296K), 0.0347126 secs] [Times: user=0.43 sys=0.00, real=0.04 secs] 
2014-04-09T14:16:43.215+0900: 222.864: [GC (Allocation Failure) 222.864: [ParNew: 52755K->75K(59008K), 0.0315916 secs] 11323797K->11271117K(25159296K), 0.0318954 secs] [Times: user=0.40 sys=0.00, real=0.03 secs] 
2014-04-09T14:16:43.267+0900: 222.916: [GC (Allocation Failure) 222.916: [ParNew: 52555K->26K(59008K), 0.0326072 secs] 11319520K->11266990K(25159296K), 0.0329049 secs] [Times: user=0.40 sys=0.00, real=0.03 secs] 
2014-04-09T14:16:43.320+0900: 222.969: [GC (Allocation Failure) 222.969: [ParNew: 52506K->26K(59008K), 0.0320451 secs] 11315488K->11263008K(25159296K), 0.0323424 secs] [Times: user=0.40 sys=0.00, real=0.03 secs] 
2014-04-09T14:16:43.371+0900: 223.020: [GC (Allocation Failure) 223.020: [ParNew: 52506K->24K(59008K), 0.0325695 secs] 11310341K->11257862K(25159296K), 0.0328690 secs] [Times: user=0.41 sys=0.00, real=0.04 secs] 
2014-04-09T14:16:43.425+0900: 223.074: [GC (Allocation Failure) 223.074: [ParNew: 52504K->26K(59008K), 0.0349197 secs] 11307474K->11254996K(25159296K), 0.0352424 secs] [Times: user=0.44 sys=0.00, real=0.03 secs] 
2014-04-09T14:16:43.480+0900: 223.130: [GC (Allocation Failure) 223.130: [ParNew: 52506K->26K(59008K), 0.0343964 secs] 11305274K->11252794K(25159296K), 0.0346974 secs] [Times: user=0.42 sys=0.00, real=0.04 secs] 
2014-04-09T14:16:43.533+0900: 223.182: [GC (Allocation Failure) 223.182: [ParNew: 52506K->24K(59008K), 0.0319904 secs] 11304881K->11252400K(25159296K), 0.0322895 secs] [Times: user=0.40 sys=0.00, real=0.03 secs] 
2014-04-09T14:16:43.584+0900: 223.233: [GC (Allocation Failure) 223.233: [ParNew: 52504K->24K(59008K), 0.0343382 secs] 11303945K->11251465K(25159296K), 0.0346372 secs] [Times: user=0.43 sys=0.00, real=0.03 secs] 
2014-04-09T14:16:43.636+0900: 223.285: [GC (Allocation Failure) 223.286: [ParNew: 52504K->26K(59008K), 0.0313615 secs] 11303609K->11251131K(25159296K), 0.0316615 secs] [Times: user=0.39 sys=0.00, real=0.03 secs] 
2014-04-09T14:16:43.687+0900: 223.336: [GC (Allocation Failure) 223.336: [ParNew: 52506K->26K(59008K), 0.0321514 secs] 11302175K->11249695K(25159296K), 0.0324499 secs] [Times: user=0.41 sys=0.00, real=0.03 secs] 
2014-04-09T14:16:43.739+0900: 223.388: [GC (Allocation Failure) 223.388: [ParNew: 52506K->22K(59008K), 0.0317995 secs] 11301114K->11248631K(25159296K), 0.0321527 secs] [Times: user=0.40 sys=0.00, real=0.03 secs] 
2014-04-09T14:16:43.792+0900: 223.441: [GC (Allocation Failure) 223.441: [ParNew: 52502K->22K(59008K), 0.0359089 secs] 11300045K->11247565K(25159296K), 0.0362310 secs] [Times: user=0.45 sys=0.00, real=0.04 secs] 
2014-04-09T14:16:43.848+0900: 223.498: [GC (Allocation Failure) 223.498: [ParNew: 52502K->18K(59008K), 0.0317823 secs] 11299195K->11246711K(25159296K), 0.0321044 secs] [Times: user=0.40 sys=0.00, real=0.03 secs] 
2014-04-09T14:16:43.911+0900: 223.560: [GC (Allocation Failure) 223.560: [ParNew: 52498K->24K(59008K), 0.0315818 secs] 11276124K->11223650K(25159296K), 0.0319150 secs] [Times: user=0.39 sys=0.01, real=0.03 secs] 
2014-04-09T14:16:43.968+0900: 223.617: [CMS-concurrent-sweep: 1.350/2.526 secs] [Times: user=17.89 sys=0.23, real=2.52 secs] 
2014-04-09T14:16:43.968+0900: 223.617: [CMS-concurrent-reset-start]
2014-04-09T14:16:43.990+0900: 223.639: [GC (Allocation Failure) 223.639: [ParNew: 52504K->26K(59008K), 0.0349149 secs] 10215904K->10163426K(25159296K), 0.0352342 secs] [Times: user=0.43 sys=0.01, real=0.04 secs] 
2014-04-09T14:16:44.091+0900: 223.740: [CMS-concurrent-reset: 0.085/0.122 secs] [Times: user=0.55 sys=0.01, real=0.12 secs] 
2014-04-09T14:16:46.092+0900: 225.741: [GC (CMS Initial Mark) [1 CMS-initial-mark: 10163400K(25100288K)] 10165179K(25159296K), 0.0021774 secs] [Times: user=0.01 sys=0.00, real=0.01 secs] 
2014-04-09T14:16:46.095+0900: 225.744: [CMS-concurrent-mark-start]
2014-04-09T14:16:47.957+0900: 227.606: [CMS-concurrent-mark: 1.862/1.863 secs] [Times: user=6.95 sys=0.25, real=1.86 secs] 
2014-04-09T14:16:47.957+0900: 227.606: [CMS-concurrent-preclean-start]
2014-04-09T14:16:48.026+0900: 227.675: [CMS-concurrent-preclean: 0.069/0.069 secs] [Times: user=0.07 sys=0.00, real=0.07 secs] 
2014-04-09T14:16:48.028+0900: 227.677: [GC (CMS Final Remark) [YG occupancy: 1914 K (59008 K)]227.677: [Rescan (parallel) , 0.0103656 secs]227.687: [weak refs processing, 0.0000464 secs]227.687: [class unloading, 0.0288932 secs]227.716: [scrub symbol table, 0.0031454 secs]227.719: [scrub string table, 0.0008784 secs][1 CMS-remark: 10163400K(25100288K)] 10165314K(25159296K), 0.0480015 secs] [Times: user=0.16 sys=0.00, real=0.05 secs] 
2014-04-09T14:16:48.077+0900: 227.726: [CMS-concurrent-sweep-start]
2014-04-09T14:16:49.311+0900: 228.960: [CMS-concurrent-sweep: 1.234/1.234 secs] [Times: user=1.24 sys=0.00, real=1.23 secs] 
2014-04-09T14:16:49.311+0900: 228.960: [CMS-concurrent-reset-start]
2014-04-09T14:16:49.389+0900: 229.038: [CMS-concurrent-reset: 0.078/0.078 secs] [Times: user=0.08 sys=0.00, real=0.08 secs] 
2014-04-09T14:16:51.390+0900: 231.039: [GC (CMS Initial Mark) [1 CMS-initial-mark: 8713049K(25100288K)] 8715137K(25159296K), 0.0023966 secs] [Times: user=0.01 sys=0.00, real=0.00 secs] 
2014-04-09T14:16:51.393+0900: 231.042: [CMS-concurrent-mark-start]
2014-04-09T14:16:53.219+0900: 232.868: [CMS-concurrent-mark: 1.826/1.826 secs] [Times: user=6.90 sys=0.18, real=1.83 secs] 
2014-04-09T14:16:53.219+0900: 232.868: [CMS-concurrent-preclean-start]
2014-04-09T14:16:53.288+0900: 232.937: [CMS-concurrent-preclean: 0.069/0.069 secs] [Times: user=0.07 sys=0.00, real=0.07 secs] 
2014-04-09T14:16:53.288+0900: 232.937: [CMS-concurrent-abortable-preclean-start]
2014-04-09T14:16:54.816+0900: 234.465: [GC (Allocation Failure) 234.465: [ParNew: 52506K->306K(59008K), 0.0337145 secs] 8765555K->8713356K(25159296K), 0.0340612 secs] [Times: user=0.41 sys=0.00, real=0.03 secs] 
2014-04-09T14:16:54.980+0900: 234.629: [CMS-concurrent-abortable-preclean: 0.901/1.692 secs] [Times: user=1.68 sys=0.01, real=1.69 secs] 
2014-04-09T14:16:54.982+0900: 234.631: [GC (Allocation Failure) 234.631: [ParNew: 52786K->394K(59008K), 0.0323214 secs] 8765836K->8713444K(25159296K), 0.0326310 secs] [Times: user=0.40 sys=0.01, real=0.03 secs] 
2014-04-09T14:16:55.017+0900: 234.666: [GC (CMS Final Remark) [YG occupancy: 633 K (59008 K)]234.666: [Rescan (parallel) , 0.0153402 secs]234.681: [weak refs processing, 0.0000717 secs]234.681: [class unloading, 0.0419582 secs]234.723: [scrub symbol table, 0.0043163 secs]234.727: [scrub string table, 0.0012176 secs][1 CMS-remark: 8713049K(25100288K)] 8713682K(25159296K), 0.0698401 secs] [Times: user=0.24 sys=0.00, real=0.07 secs] 
2014-04-09T14:16:55.088+0900: 234.737: [CMS-concurrent-sweep-start]
2014-04-09T14:16:55.109+0900: 234.758: [GC (Allocation Failure) 234.759: [ParNew: 52874K->481K(59008K), 0.0372355 secs] 8765922K->8713528K(25159296K), 0.0375654 secs] [Times: user=0.47 sys=0.00, real=0.04 secs] 
2014-04-09T14:16:55.173+0900: 234.822: [GC (Allocation Failure) 234.822: [ParNew: 52961K->408K(59008K), 0.0335811 secs] 8766005K->8713452K(25159296K), 0.0339215 secs] [Times: user=0.41 sys=0.00, real=0.04 secs] 
2014-04-09T14:16:55.230+0900: 234.879: [GC (Allocation Failure) 234.880: [ParNew: 52888K->471K(59008K), 0.0329101 secs] 8765932K->8713515K(25159296K), 0.0332363 secs] [Times: user=0.40 sys=0.01, real=0.03 secs] 
2014-04-09T14:16:55.293+0900: 234.943: [GC (Allocation Failure) 234.943: [ParNew: 52951K->500K(59008K), 0.0330183 secs] 8765995K->8713544K(25159296K), 0.0333502 secs] [Times: user=0.42 sys=0.00, real=0.04 secs] 
2014-04-09T14:16:55.350+0900: 234.999: [GC (Allocation Failure) 234.999: [ParNew: 52980K->170K(59008K), 0.0345731 secs] 8766023K->8713497K(25159296K), 0.0348929 secs] [Times: user=0.43 sys=0.00, real=0.03 secs] 
2014-04-09T14:16:55.407+0900: 235.056: [GC (Allocation Failure) 235.057: [ParNew: 52650K->55K(59008K), 0.0334872 secs] 8765977K->8713381K(25159296K), 0.0338257 secs] [Times: user=0.41 sys=0.01, real=0.03 secs] 
2014-04-09T14:16:55.463+0900: 235.112: [GC (Allocation Failure) 235.112: [ParNew: 52535K->39K(59008K), 0.0335688 secs] 8765861K->8713366K(25159296K), 0.0338988 secs] [Times: user=0.42 sys=0.00, real=0.04 secs] 
2014-04-09T14:16:55.520+0900: 235.169: [GC (Allocation Failure) 235.169: [ParNew: 52519K->39K(59008K), 0.0334370 secs] 8765844K->8713366K(25159296K), 0.0337754 secs] [Times: user=0.42 sys=0.00, real=0.03 secs] 
2014-04-09T14:16:55.578+0900: 235.227: [GC (Allocation Failure) 235.227: [ParNew: 52519K->35K(59008K), 0.0325367 secs] 8765845K->8713365K(25159296K), 0.0328401 secs] [Times: user=0.41 sys=0.00, real=0.03 secs] 
2014-04-09T14:16:55.633+0900: 235.282: [GC (Allocation Failure) 235.282: [ParNew: 52515K->24K(59008K), 0.0332540 secs] 8765845K->8713371K(25159296K), 0.0335622 secs] [Times: user=0.42 sys=0.00, real=0.04 secs] 
2014-04-09T14:16:55.688+0900: 235.337: [GC (Allocation Failure) 235.337: [ParNew: 52504K->24K(59008K), 0.0319091 secs] 8765850K->8713370K(25159296K), 0.0322392 secs] [Times: user=0.40 sys=0.00, real=0.03 secs] 
2014-04-09T14:16:55.742+0900: 235.391: [GC (Allocation Failure) 235.391: [ParNew: 52504K->24K(59008K), 0.0329899 secs] 8765850K->8713370K(25159296K), 0.0333026 secs] [Times: user=0.42 sys=0.00, real=0.04 secs] 
2014-04-09T14:16:55.797+0900: 235.446: [GC (Allocation Failure) 235.446: [ParNew: 52504K->26K(59008K), 0.0316130 secs] 8765850K->8713372K(25159296K), 0.0319179 secs] [Times: user=0.40 sys=0.00, real=0.03 secs] 
2014-04-09T14:16:55.854+0900: 235.503: [GC (Allocation Failure) 235.503: [ParNew: 52506K->54K(59008K), 0.0322063 secs] 8765852K->8713400K(25159296K), 0.0325097 secs] [Times: user=0.41 sys=0.01, real=0.04 secs] 
2014-04-09T14:16:55.915+0900: 235.564: [GC (Allocation Failure) 235.564: [ParNew: 52534K->52K(59008K), 0.0331162 secs] 8765880K->8713400K(25159296K), 0.0334295 secs] [Times: user=0.42 sys=0.00, real=0.04 secs] 
2014-04-09T14:16:55.975+0900: 235.624: [GC (Allocation Failure) 235.624: [ParNew: 52532K->60K(59008K), 0.0351951 secs] 8765880K->8713409K(25159296K), 0.0354989 secs] [Times: user=0.44 sys=0.01, real=0.04 secs] 
2014-04-09T14:16:56.037+0900: 235.686: [GC (Allocation Failure) 235.686: [ParNew: 52540K->64K(59008K), 0.0317079 secs] 8765889K->8713414K(25159296K), 0.0320111 secs] [Times: user=0.40 sys=0.00, real=0.03 secs] 
2014-04-09T14:16:56.095+0900: 235.744: [GC (Allocation Failure) 235.744: [ParNew: 52544K->58K(59008K), 0.0349197 secs] 8765894K->8713407K(25159296K), 0.0352289 secs] [Times: user=0.44 sys=0.01, real=0.04 secs] 
2014-04-09T14:16:56.157+0900: 235.806: [GC (Allocation Failure) 235.806: [ParNew: 52538K->65K(59008K), 0.0341314 secs] 8765887K->8713415K(25159296K), 0.0344499 secs] [Times: user=0.43 sys=0.00, real=0.03 secs] 
2014-04-09T14:16:56.218+0900: 235.867: [GC (Allocation Failure) 235.867: [ParNew: 52545K->30K(59008K), 0.0339581 secs] 8765895K->8713410K(25159296K), 0.0342579 secs] [Times: user=0.43 sys=0.00, real=0.03 secs] 
2014-04-09T14:16:56.279+0900: 235.928: [GC (Allocation Failure) 235.928: [ParNew: 52510K->24K(59008K), 0.0341969 secs] 8765890K->8713404K(25159296K), 0.0344983 secs] [Times: user=0.43 sys=0.00, real=0.03 secs] 
2014-04-09T14:16:56.341+0900: 235.990: [GC (Allocation Failure) 235.990: [ParNew: 52504K->22K(59008K), 0.0329868 secs] 8765884K->8713408K(25159296K), 0.0332813 secs] [Times: user=0.41 sys=0.00, real=0.03 secs] 
2014-04-09T14:16:56.401+0900: 236.050: [GC (Allocation Failure) 236.050: [ParNew: 52502K->18K(59008K), 0.0334632 secs] 8765888K->8713404K(25159296K), 0.0337580 secs] [Times: user=0.42 sys=0.00, real=0.03 secs] 
2014-04-09T14:16:56.462+0900: 236.111: [GC (Allocation Failure) 236.111: [ParNew: 52498K->24K(59008K), 0.0363767 secs] 8765884K->8713410K(25159296K), 0.0366706 secs] [Times: user=0.45 sys=0.00, real=0.04 secs] 
2014-04-09T14:16:56.526+0900: 236.175: [GC (Allocation Failure) 236.175: [ParNew: 52504K->22K(59008K), 0.0330143 secs] 8765889K->8713408K(25159296K), 0.0333190 secs] [Times: user=0.41 sys=0.01, real=0.03 secs] 
2014-04-09T14:16:56.587+0900: 236.236: [GC (Allocation Failure) 236.236: [ParNew: 52502K->20K(59008K), 0.0334111 secs] 8765888K->8713406K(25159296K), 0.0337046 secs] [Times: user=0.41 sys=0.01, real=0.03 secs] 
2014-04-09T14:16:56.648+0900: 236.297: [GC (Allocation Failure) 236.297: [ParNew: 52500K->55K(59008K), 0.0333123 secs] 8765886K->8713441K(25159296K), 0.0336081 secs] [Times: user=0.42 sys=0.00, real=0.03 secs] 
2014-04-09T14:16:56.709+0900: 236.358: [GC (Allocation Failure) 236.358: [ParNew: 52535K->79K(59008K), 0.0373899 secs] 8765921K->8713466K(25159296K), 0.0376940 secs] [Times: user=0.47 sys=0.00, real=0.04 secs] 
2014-04-09T14:16:56.774+0900: 236.423: [GC (Allocation Failure) 236.423: [ParNew: 52559K->4491K(59008K), 0.0338112 secs] 8765945K->8717878K(25159296K), 0.0341023 secs] [Times: user=0.42 sys=0.00, real=0.04 secs] 
2014-04-09T14:16:56.836+0900: 236.485: [GC (Allocation Failure) 236.485: [ParNew: 56971K->534K(59008K), 0.0325088 secs] 8770358K->8722229K(25159296K), 0.0327960 secs] [Times: user=0.40 sys=0.00, real=0.03 secs] 
2014-04-09T14:16:56.893+0900: 236.542: [GC (Allocation Failure) 236.542: [ParNew: 53014K->591K(59008K), 0.0402552 secs] 8774709K->8732527K(25159296K), 0.0405554 secs] [Times: user=0.50 sys=0.00, real=0.04 secs] 
2014-04-09T14:16:56.956+0900: 236.605: [GC (Allocation Failure) 236.605: [ParNew: 53071K->665K(59008K), 0.0339309 secs] 8785007K->8742760K(25159296K), 0.0342285 secs] [Times: user=0.42 sys=0.00, real=0.03 secs] 
2014-04-09T14:16:57.010+0900: 236.659: [GC (Allocation Failure) 236.659: [ParNew: 53145K->5214K(59008K), 0.0331401 secs] 8795240K->8747310K(25159296K), 0.0334463 secs] [Times: user=0.42 sys=0.01, real=0.03 secs] 
2014-04-09T14:16:57.063+0900: 236.712: [GC (Allocation Failure) 236.712: [ParNew: 57694K->6528K(59008K), 0.0336733 secs] 8799789K->8755691K(25159296K), 0.0339678 secs] [Times: user=0.42 sys=0.00, real=0.04 secs] 
2014-04-09T14:16:57.121+0900: 236.770: [GC (Allocation Failure) 236.770: [ParNew: 59008K->4865K(59008K), 0.0338789 secs] 8808171K->8768262K(25159296K), 0.0341739 secs] [Times: user=0.42 sys=0.01, real=0.03 secs] 
2014-04-09T14:16:57.188+0900: 236.837: [GC (Allocation Failure) 236.837: [ParNew: 49720K->5304K(59008K), 0.0360433 secs] 8813117K->8785484K(25159296K), 0.0363384 secs] [Times: user=0.45 sys=0.00, real=0.03 secs] 
2014-04-09T14:16:57.256+0900: 236.905: [GC (Allocation Failure) 236.906: [ParNew: 57761K->5204K(59008K), 0.0373415 secs] 8837941K->8824893K(25159296K), 0.0376299 secs] [Times: user=0.46 sys=0.00, real=0.03 secs] 
2014-04-09T14:16:57.313+0900: 236.962: [GC (Allocation Failure) 236.962: [ParNew: 57670K->6526K(59008K), 0.0380401 secs] 8877359K->8863388K(25159296K), 0.0383457 secs] [Times: user=0.48 sys=0.00, real=0.04 secs] 
2014-04-09T14:16:57.367+0900: 237.016: [GC (Allocation Failure) 237.017: [ParNew: 57687K->6527K(59008K), 0.0399466 secs] 8914549K->8898960K(25159296K), 0.0402379 secs] [Times: user=0.51 sys=0.00, real=0.04 secs] 
2014-04-09T14:16:57.427+0900: 237.076: [GC (Allocation Failure) 237.076: [ParNew: 59003K->6528K(59008K), 0.0363651 secs] 8951436K->8927137K(25159296K), 0.0366515 secs] [Times: user=0.45 sys=0.01, real=0.03 secs] 
2014-04-09T14:16:57.486+0900: 237.136: [GC (Allocation Failure) 237.136: [ParNew: 57753K->5885K(59008K), 0.0412474 secs] 8978362K->8953289K(25159296K), 0.0415388 secs] [Times: user=0.52 sys=0.00, real=0.04 secs] 
2014-04-09T14:16:57.559+0900: 237.208: [GC (Allocation Failure) 237.208: [ParNew: 58363K->6528K(59008K), 0.0476578 secs] 9005767K->8990244K(25159296K), 0.0479443 secs] [Times: user=0.58 sys=0.01, real=0.05 secs] 
2014-04-09T14:16:57.633+0900: 237.282: [GC (Allocation Failure) 237.282: [ParNew: 58181K->6528K(59008K), 0.0428605 secs] 9041898K->9011602K(25159296K), 0.0431481 secs] [Times: user=0.51 sys=0.01, real=0.05 secs] 
2014-04-09T14:16:57.698+0900: 237.347: [GC (Allocation Failure) 237.347: [ParNew: 59008K->6528K(59008K), 0.0434515 secs] 9064082K->9043384K(25159296K), 0.0437373 secs] [Times: user=0.52 sys=0.01, real=0.04 secs] 
2014-04-09T14:16:57.762+0900: 237.411: [GC (Allocation Failure) 237.411: [ParNew: 59008K->6528K(59008K), 0.0411333 secs] 9095864K->9069708K(25159296K), 0.0414209 secs] [Times: user=0.51 sys=0.00, real=0.04 secs] 
2014-04-09T14:16:57.835+0900: 237.484: [GC (Allocation Failure) 237.484: [ParNew: 59008K->6528K(59008K), 0.0526568 secs] 9122188K->9082814K(25159296K), 0.0529372 secs] [Times: user=0.57 sys=0.02, real=0.06 secs] 
2014-04-09T14:16:57.920+0900: 237.569: [GC (Allocation Failure) 237.569: [ParNew: 59008K->6528K(59008K), 0.0481819 secs] 9135294K->9094677K(25159296K), 0.0484715 secs] [Times: user=0.55 sys=0.01, real=0.05 secs] 
2014-04-09T14:16:58.002+0900: 237.652: [GC (Allocation Failure) 237.652: [ParNew: 59008K->6528K(59008K), 0.0437138 secs] 9147157K->9111913K(25159296K), 0.0439935 secs] [Times: user=0.51 sys=0.02, real=0.05 secs] 
2014-04-09T14:16:58.079+0900: 237.728: [GC (Allocation Failure) 237.728: [ParNew: 56067K->6528K(59008K), 0.0367530 secs] 9161453K->9128636K(25159296K), 0.0370351 secs] [Times: user=0.44 sys=0.00, real=0.04 secs] 
2014-04-09T14:16:58.134+0900: 237.783: [GC (Allocation Failure) 237.783: [ParNew: 59008K->6528K(59008K), 0.0449921 secs] 9181116K->9151005K(25159296K), 0.0452712 secs] [Times: user=0.55 sys=0.01, real=0.05 secs] 
2014-04-09T14:16:58.198+0900: 237.847: [GC (Allocation Failure) 237.847: [ParNew: 59008K->5054K(59008K), 0.0432473 secs] 9203485K->9178460K(25159296K), 0.0435436 secs] [Times: user=0.55 sys=0.00, real=0.04 secs] 
2014-04-09T14:16:58.272+0900: 237.921: [GC (Allocation Failure) 237.921: [ParNew: 57534K->6528K(59008K), 0.0381332 secs] 9230940K->9195635K(25159296K), 0.0384236 secs] [Times: user=0.48 sys=0.00, real=0.04 secs] 
2014-04-09T14:16:58.337+0900: 237.986: [GC (Allocation Failure) 237.986: [ParNew: 51516K->6528K(59008K), 0.0438742 secs] 9240624K->9221141K(25159296K), 0.0441610 secs] [Times: user=0.53 sys=0.00, real=0.04 secs] 
2014-04-09T14:16:58.399+0900: 238.048: [GC (Allocation Failure) 238.048: [ParNew: 50942K->6528K(59008K), 0.0408233 secs] 9265556K->9240353K(25159296K), 0.0411035 secs] [Times: user=0.51 sys=0.01, real=0.04 secs] 
2014-04-09T14:16:58.465+0900: 238.114: [GC (Allocation Failure) 238.114: [ParNew: 56719K->6528K(59008K), 0.0464372 secs] 9290545K->9275960K(25159296K), 0.0467167 secs] [Times: user=0.57 sys=0.00, real=0.05 secs] 
2014-04-09T14:16:58.539+0900: 238.188: [GC (Allocation Failure) 238.188: [ParNew: 51742K->6528K(59008K), 0.0383757 secs] 9321175K->9302614K(25159296K), 0.0386560 secs] [Times: user=0.45 sys=0.01, real=0.04 secs] 
2014-04-09T14:16:58.600+0900: 238.249: [GC (Allocation Failure) 238.249: [ParNew: 59008K->6528K(59008K), 0.0396825 secs] 9355094K->9323993K(25159296K), 0.0399802 secs] [Times: user=0.45 sys=0.01, real=0.04 secs] 
2014-04-09T14:16:58.661+0900: 238.310: [GC (Allocation Failure) 238.311: [ParNew: 59008K->6528K(59008K), 0.0378415 secs] 9376473K->9348196K(25159296K), 0.0381213 secs] [Times: user=0.44 sys=0.00, real=0.04 secs] 
2014-04-09T14:16:58.741+0900: 238.390: [GC (Allocation Failure) 238.391: [ParNew: 59008K->6528K(59008K), 0.0402471 secs] 9400676K->9365403K(25159296K), 0.0405649 secs] [Times: user=0.49 sys=0.00, real=0.04 secs] 
2014-04-09T14:16:58.828+0900: 238.477: [GC (Allocation Failure) 238.477: [ParNew: 59008K->6528K(59008K), 0.0446784 secs] 9417883K->9390235K(25159296K), 0.0450006 secs] [Times: user=0.55 sys=0.01, real=0.04 secs] 
2014-04-09T14:16:58.900+0900: 238.549: [GC (Allocation Failure) 238.550: [ParNew: 59008K->4040K(59008K), 0.0339134 secs] 9442715K->9408153K(25159296K), 0.0342230 secs] [Times: user=0.42 sys=0.00, real=0.03 secs] 
2014-04-09T14:16:58.989+0900: 238.638: [GC (Allocation Failure) 238.638: [ParNew: 52252K->6526K(59008K), 0.0444584 secs] 9456365K->9425110K(25159296K), 0.0447659 secs] [Times: user=0.53 sys=0.00, real=0.04 secs] 
2014-04-09T14:16:59.049+0900: 238.698: [CMS-concurrent-sweep: 1.502/3.961 secs] [Times: user=37.44 sys=0.47, real=3.96 secs] 
2014-04-09T14:16:59.049+0900: 238.698: [CMS-concurrent-reset-start]
2014-04-09T14:16:59.087+0900: 238.736: [GC (Allocation Failure) 238.737: [ParNew: 52290K->6500K(59008K), 0.0435973 secs] 9470874K->9437350K(25159296K), 0.0439157 secs] [Times: user=0.54 sys=0.01, real=0.04 secs] 
2014-04-09T14:16:59.159+0900: 238.808: [GC (Allocation Failure) 238.808: [ParNew: 57822K->6528K(59008K), 0.0418677 secs] 9488672K->9458958K(25159296K), 0.0421868 secs] [Times: user=0.49 sys=0.00, real=0.04 secs] 
2014-04-09T14:16:59.226+0900: 238.875: [GC (Allocation Failure) 238.875: [ParNew: 52492K->6528K(59008K), 0.0363706 secs] 9504922K->9490008K(25159296K), 0.0366876 secs] [Times: user=0.46 sys=0.00, real=0.03 secs] 
2014-04-09T14:16:59.278+0900: 238.927: [CMS-concurrent-reset: 0.100/0.229 secs] [Times: user=1.89 sys=0.04, real=0.23 secs] 
2014-04-09T14:16:59.282+0900: 238.931: [GC (Allocation Failure) 238.931: [ParNew: 59008K->6528K(59008K), 0.0393643 secs] 9542488K->9525452K(25159296K), 0.0396589 secs] [Times: user=0.47 sys=0.01, real=0.04 secs] 
2014-04-09T14:16:59.323+0900: 238.972: [GC (CMS Initial Mark) [1 CMS-initial-mark: 9518924K(25100288K)] 9525672K(25159296K), 0.0018474 secs] [Times: user=0.00 sys=0.00, real=0.00 secs] 
2014-04-09T14:16:59.325+0900: 238.974: [CMS-concurrent-mark-start]
2014-04-09T14:16:59.353+0900: 239.002: [GC (Allocation Failure) 239.002: [ParNew: 53154K->6528K(59008K), 0.0576399 secs] 9572079K->9548557K(25159296K), 0.0579443 secs] [Times: user=0.60 sys=0.01, real=0.06 secs] 
2014-04-09T14:16:59.444+0900: 239.093: [GC (Allocation Failure) 239.093: [ParNew: 54049K->6528K(59008K), 0.0670516 secs] 9596078K->9576458K(25159296K), 0.0673569 secs] [Times: user=0.65 sys=0.02, real=0.07 secs] 
2014-04-09T14:16:59.538+0900: 239.187: [GC (Allocation Failure) 239.188: [ParNew: 59008K->6528K(59008K), 0.0554010 secs] 9628938K->9612813K(25159296K), 0.0557047 secs] [Times: user=0.65 sys=0.01, real=0.05 secs] 
2014-04-09T14:16:59.613+0900: 239.263: [GC (Allocation Failure) 239.263: [ParNew: 55216K->6528K(59008K), 0.0383285 secs] 9661502K->9624887K(25159296K), 0.0386278 secs] [Times: user=0.46 sys=0.01, real=0.04 secs] 
2014-04-09T14:16:59.674+0900: 239.323: [GC (Allocation Failure) 239.323: [ParNew: 59008K->6528K(59008K), 0.0480974 secs] 9677367K->9652976K(25159296K), 0.0484050 secs] [Times: user=0.57 sys=0.01, real=0.05 secs] 
2014-04-09T14:16:59.745+0900: 239.394: [GC (Allocation Failure) 239.394: [ParNew: 49477K->6528K(59008K), 0.0460610 secs] 9695926K->9658482K(25159296K), 0.0463719 secs] [Times: user=0.57 sys=0.00, real=0.05 secs] 
2014-04-09T14:16:59.810+0900: 239.459: [GC (Allocation Failure) 239.459: [ParNew: 59008K->6528K(59008K), 0.0504281 secs] 9710962K->9686938K(25159296K), 0.0507269 secs] [Times: user=0.61 sys=0.01, real=0.05 secs] 
2014-04-09T14:16:59.890+0900: 239.539: [GC (Allocation Failure) 239.539: [ParNew: 59008K->6528K(59008K), 0.0520256 secs] 9739418K->9698064K(25159296K), 0.0523456 secs] [Times: user=0.44 sys=0.02, real=0.05 secs] 
2014-04-09T14:16:59.963+0900: 239.613: [GC (Allocation Failure) 239.613: [ParNew: 59008K->6528K(59008K), 0.0407785 secs] 9750544K->9715079K(25159296K), 0.0410877 secs] [Times: user=0.48 sys=0.01, real=0.04 secs] 
2014-04-09T14:17:00.031+0900: 239.680: [GC (Allocation Failure) 239.680: [ParNew: 59008K->6528K(59008K), 0.0479821 secs] 9767559K->9728882K(25159296K), 0.0482817 secs] [Times: user=0.58 sys=0.00, real=0.05 secs] 
2014-04-09T14:17:00.106+0900: 239.755: [GC (Allocation Failure) 239.755: [ParNew: 59008K->6528K(59008K), 0.0506610 secs] 9781362K->9747398K(25159296K), 0.0509680 secs] [Times: user=0.62 sys=0.01, real=0.05 secs] 
2014-04-09T14:17:00.183+0900: 239.832: [GC (Allocation Failure) 239.832: [ParNew: 59008K->5206K(59008K), 0.0416636 secs] 9799878K->9771636K(25159296K), 0.0419646 secs] [Times: user=0.48 sys=0.01, real=0.04 secs] 
2014-04-09T14:17:00.257+0900: 239.906: [GC (Allocation Failure) 239.906: [ParNew: 56457K->3155K(59008K), 0.0346415 secs] 9822888K->9787937K(25159296K), 0.0349450 secs] [Times: user=0.43 sys=0.01, real=0.03 secs] 
2014-04-09T14:17:00.313+0900: 239.962: [GC (Allocation Failure) 239.962: [ParNew: 50875K->6528K(59008K), 0.0379613 secs] 9835658K->9804942K(25159296K), 0.0382684 secs] [Times: user=0.48 sys=0.00, real=0.04 secs] 
2014-04-09T14:17:00.366+0900: 240.015: [GC (Allocation Failure) 240.015: [ParNew: 58995K->5927K(59008K), 0.0460571 secs] 9857410K->9836028K(25159296K), 0.0463650 secs] [Times: user=0.56 sys=0.00, real=0.04 secs] 
2014-04-09T14:17:00.439+0900: 240.088: [GC (Allocation Failure) 240.088: [ParNew: 49277K->6528K(59008K), 0.0360179 secs] 9879377K->9851752K(25159296K), 0.0363208 secs] [Times: user=0.45 sys=0.00, real=0.03 secs] 
2014-04-09T14:17:00.500+0900: 240.149: [GC (Allocation Failure) 240.149: [ParNew: 59008K->6528K(59008K), 0.0416183 secs] 9904232K->9880474K(25159296K), 0.0419138 secs] [Times: user=0.52 sys=0.00, real=0.04 secs] 
2014-04-09T14:17:00.573+0900: 240.222: [GC (Allocation Failure) 240.222: [ParNew: 59008K->6528K(59008K), 0.0461940 secs] 9932954K->9911707K(25159296K), 0.0464919 secs] [Times: user=0.57 sys=0.00, real=0.05 secs] 
2014-04-09T14:17:00.650+0900: 240.299: [GC (Allocation Failure) 240.299: [ParNew: 59008K->6528K(59008K), 0.0497973 secs] 9964187K->9949938K(25159296K), 0.0500920 secs] [Times: user=0.59 sys=0.01, real=0.05 secs] 
2014-04-09T14:17:00.746+0900: 240.395: [GC (Allocation Failure) 240.395: [ParNew: 59008K->6528K(59008K), 0.0577089 secs] 10002418K->9979755K(25159296K), 0.0580074 secs] [Times: user=0.60 sys=0.02, real=0.05 secs] 
2014-04-09T14:17:00.842+0900: 240.491: [GC (Allocation Failure) 240.491: [ParNew: 59008K->6528K(59008K), 0.0399999 secs] 10032235K->9996840K(25159296K), 0.0402957 secs] [Times: user=0.48 sys=0.02, real=0.04 secs] 
2014-04-09T14:17:00.934+0900: 240.583: [GC (Allocation Failure) 240.584: [ParNew: 59008K->5825K(59008K), 0.0397836 secs] 10049320K->10000438K(25159296K), 0.0400803 secs] [Times: user=0.49 sys=0.00, real=0.04 secs] 
2014-04-09T14:17:01.046+0900: 240.695: [GC (Allocation Failure) 240.695: [ParNew: 55577K->3228K(59008K), 0.0418930 secs] 10050190K->10014225K(25159296K), 0.0421840 secs] [Times: user=0.53 sys=0.01, real=0.04 secs] 
2014-04-09T14:17:01.127+0900: 240.776: [GC (Allocation Failure) 240.777: [ParNew: 55708K->6526K(59008K), 0.0448993 secs] 10066705K->10040825K(25159296K), 0.0451934 secs] [Times: user=0.57 sys=0.00, real=0.04 secs] 
2014-04-09T14:17:01.197+0900: 240.846: [GC (Allocation Failure) 240.847: [ParNew: 58982K->4422K(59008K), 0.0378454 secs] 10093281K->10069561K(25159296K), 0.0381417 secs] [Times: user=0.47 sys=0.01, real=0.04 secs] 
2014-04-09T14:17:01.269+0900: 240.918: [GC (Allocation Failure) 240.919: [ParNew: 50139K->6527K(59008K), 0.0410363 secs] 10115278K->10087547K(25159296K), 0.0413366 secs] [Times: user=0.48 sys=0.01, real=0.04 secs] 
2014-04-09T14:17:01.345+0900: 240.994: [GC (Allocation Failure) 240.994: [ParNew: 59007K->6528K(59008K), 0.0500089 secs] 10140027K->10123378K(25159296K), 0.0503158 secs] [Times: user=0.47 sys=0.01, real=0.05 secs] 
2014-04-09T14:17:01.450+0900: 241.099: [GC (Allocation Failure) 241.099: [ParNew: 59008K->6528K(59008K), 0.0594450 secs] 10175858K->10140334K(25159296K), 0.0597321 secs] [Times: user=0.60 sys=0.02, real=0.06 secs] 
2014-04-09T14:17:01.576+0900: 241.225: [GC (Allocation Failure) 241.225: [ParNew: 59008K->5947K(59008K), 0.0465098 secs] 10192814K->10154208K(25159296K), 0.0467887 secs] [Times: user=0.55 sys=0.01, real=0.04 secs] 
2014-04-09T14:17:01.656+0900: 241.305: [GC (Allocation Failure) 241.305: [ParNew: 58425K->4926K(59008K), 0.0394324 secs] 10206687K->10174552K(25159296K), 0.0397087 secs] [Times: user=0.50 sys=0.00, real=0.04 secs] 
2014-04-09T14:17:01.740+0900: 241.389: [GC (Allocation Failure) 241.389: [ParNew: 57406K->6528K(59008K), 0.0467822 secs] 10227032K->10196325K(25159296K), 0.0470595 secs] [Times: user=0.46 sys=0.01, real=0.05 secs] 
2014-04-09T14:17:01.833+0900: 241.482: [GC (Allocation Failure) 241.482: [ParNew: 59008K->6528K(59008K), 0.0466882 secs] 10248805K->10208019K(25159296K), 0.0469733 secs] [Times: user=0.54 sys=0.01, real=0.05 secs] 
2014-04-09T14:17:01.944+0900: 241.593: [GC (Allocation Failure) 241.593: [ParNew: 58270K->6528K(59008K), 0.0392554 secs] 10259761K->10212255K(25159296K), 0.0395346 secs] [Times: user=0.48 sys=0.00, real=0.04 secs] 
2014-04-09T14:17:02.049+0900: 241.698: [GC (Allocation Failure) 241.698: [ParNew: 58990K->3731K(59008K), 0.0361469 secs] 10264717K->10227917K(25159296K), 0.0364239 secs] [Times: user=0.46 sys=0.01, real=0.03 secs] 
2014-04-09T14:17:02.113+0900: 241.762: [GC (Allocation Failure) 241.762: [ParNew: 50631K->1551K(59008K), 0.0356834 secs] 10274817K->10246138K(25159296K), 0.0359651 secs] [Times: user=0.45 sys=0.01, real=0.04 secs] 
2014-04-09T14:17:02.178+0900: 241.827: [GC (Allocation Failure) 241.827: [ParNew: 54031K->6527K(59008K), 0.0378357 secs] 10298618K->10278118K(25159296K), 0.0381169 secs] [Times: user=0.47 sys=0.00, real=0.03 secs] 
2014-04-09T14:17:02.260+0900: 241.909: [GC (Allocation Failure) 241.909: [ParNew: 58956K->6528K(59008K), 0.0521875 secs] 10330547K->10309213K(25159296K), 0.0524734 secs] [Times: user=0.57 sys=0.01, real=0.05 secs] 
2014-04-09T14:17:02.344+0900: 241.993: [GC (Allocation Failure) 241.993: [ParNew: 59006K->6528K(59008K), 0.0508370 secs] 10361691K->10345303K(25159296K), 0.0511204 secs] [Times: user=0.50 sys=0.01, real=0.05 secs] 
2014-04-09T14:17:02.435+0900: 242.084: [GC (Allocation Failure) 242.084: [ParNew: 59006K->6528K(59008K), 0.0557069 secs] 10397782K->10369183K(25159296K), 0.0559867 secs] [Times: user=0.46 sys=0.02, real=0.06 secs] 
2014-04-09T14:17:02.529+0900: 242.178: [GC (Allocation Failure) 242.178: [ParNew: 59008K->6528K(59008K), 0.0457714 secs] 10421663K->10380551K(25159296K), 0.0460494 secs] [Times: user=0.53 sys=0.01, real=0.04 secs] 
2014-04-09T14:17:02.616+0900: 242.265: [GC (Allocation Failure) 242.265: [ParNew: 59008K->5607K(59008K), 0.0418336 secs] 10433031K->10384313K(25159296K), 0.0421102 secs] [Times: user=0.50 sys=0.00, real=0.05 secs] 
2014-04-09T14:17:02.698+0900: 242.347: [GC (Allocation Failure) 242.348: [ParNew: 58087K->4977K(59008K), 0.0367139 secs] 10436793K->10395006K(25159296K), 0.0370032 secs] [Times: user=0.47 sys=0.00, real=0.03 secs] 
2014-04-09T14:17:02.771+0900: 242.420: [GC (Allocation Failure) 242.420: [ParNew: 57457K->6528K(59008K), 0.0415040 secs] 10447486K->10411032K(25159296K), 0.0417922 secs] [Times: user=0.47 sys=0.01, real=0.04 secs] 
2014-04-09T14:17:02.848+0900: 242.497: [GC (Allocation Failure) 242.497: [ParNew: 56796K->6528K(59008K), 0.0359252 secs] 10461300K->10430293K(25159296K), 0.0362272 secs] [Times: user=0.44 sys=0.00, real=0.03 secs] 
2014-04-09T14:17:02.918+0900: 242.567: [GC (Allocation Failure) 242.567: [ParNew: 58982K->6528K(59008K), 0.0358140 secs] 10482748K->10453588K(25159296K), 0.0360936 secs] [Times: user=0.45 sys=0.00, real=0.03 secs] 
2014-04-09T14:17:02.992+0900: 242.641: [GC (Allocation Failure) 242.641: [ParNew: 53528K->6528K(59008K), 0.0409299 secs] 10500589K->10474721K(25159296K), 0.0412232 secs] [Times: user=0.52 sys=0.00, real=0.04 secs] 
2014-04-09T14:17:03.077+0900: 242.726: [GC (Allocation Failure) 242.726: [ParNew: 59008K->6528K(59008K), 0.0434216 secs] 10527201K->10511533K(25159296K), 0.0436967 secs] [Times: user=0.52 sys=0.00, real=0.04 secs] 
2014-04-09T14:17:03.146+0900: 242.795: [GC (Allocation Failure) 242.795: [ParNew: 59008K->6528K(59008K), 0.0498857 secs] 10564013K->10539999K(25159296K), 0.0501649 secs] [Times: user=0.56 sys=0.01, real=0.05 secs] 
2014-04-09T14:17:03.220+0900: 242.870: [GC (Allocation Failure) 242.870: [ParNew: 59008K->6528K(59008K), 0.0378079 secs] 10592479K->10573457K(25159296K), 0.0380786 secs] [Times: user=0.48 sys=0.00, real=0.04 secs] 
2014-04-09T14:17:03.288+0900: 242.937: [CMS-concurrent-mark: 1.677/3.962 secs] [Times: user=37.09 sys=0.85, real=3.97 secs] 
2014-04-09T14:17:03.288+0900: 242.937: [CMS-concurrent-preclean-start]
2014-04-09T14:17:03.294+0900: 242.943: [GC (Allocation Failure) 242.943: [ParNew: 53427K->6528K(59008K), 0.0401203 secs] 10620357K->10588575K(25159296K), 0.0404057 secs] [Times: user=0.49 sys=0.00, real=0.04 secs] 
2014-04-09T14:17:03.364+0900: 243.013: [GC (Allocation Failure) 243.014: [ParNew: 59008K->6528K(59008K), 0.0488682 secs] 10641055K->10613587K(25159296K), 0.0491364 secs] [Times: user=0.59 sys=0.00, real=0.05 secs] 
2014-04-09T14:17:03.451+0900: 243.100: [GC (Allocation Failure) 243.100: [ParNew: 57635K->6528K(59008K), 0.0622704 secs] 10664695K->10633481K(25159296K), 0.0625622 secs] [Times: user=0.65 sys=0.03, real=0.06 secs] 
2014-04-09T14:17:03.553+0900: 243.202: [GC (Allocation Failure) 243.202: [ParNew: 52405K->5453K(59008K), 0.0377788 secs] 10679359K->10642085K(25159296K), 0.0380471 secs] [Times: user=0.47 sys=0.00, real=0.04 secs] 
2014-04-09T14:17:03.623+0900: 243.272: [GC (Allocation Failure) 243.272: [ParNew: 57933K->4519K(59008K), 0.0430124 secs] 10694565K->10665445K(25159296K), 0.0432830 secs] [Times: user=0.53 sys=0.01, real=0.04 secs] 
2014-04-09T14:17:03.690+0900: 243.339: [GC (Allocation Failure) 243.339: [ParNew: 52895K->6528K(59008K), 0.0339488 secs] 10713821K->10672178K(25159296K), 0.0342211 secs] [Times: user=0.43 sys=0.00, real=0.03 secs] 
2014-04-09T14:17:03.754+0900: 243.403: [GC (Allocation Failure) 243.403: [ParNew: 59006K->3675K(59008K), 0.0358758 secs] 10724656K->10693912K(25159296K), 0.0361554 secs] [Times: user=0.45 sys=0.00, real=0.04 secs] 
2014-04-09T14:17:03.819+0900: 243.468: [GC (Allocation Failure) 243.468: [ParNew: 46786K->6528K(59008K), 0.0434216 secs] 10737023K->10722768K(25159296K), 0.0437090 secs] [Times: user=0.53 sys=0.01, real=0.04 secs] 
2014-04-09T14:17:03.892+0900: 243.541: [GC (Allocation Failure) 243.541: [ParNew: 59008K->6528K(59008K), 0.0582743 secs] 10775248K->10761830K(25159296K), 0.0585555 secs] [Times: user=0.61 sys=0.01, real=0.06 secs] 
2014-04-09T14:17:03.977+0900: 243.626: [GC (Allocation Failure) 243.626: [ParNew: 59008K->6528K(59008K), 0.0511426 secs] 10814310K->10796009K(25159296K), 0.0514237 secs] [Times: user=0.52 sys=0.01, real=0.05 secs] 
2014-04-09T14:17:04.052+0900: 243.701: [GC (Allocation Failure) 243.701: [ParNew: 59008K->6528K(59008K), 0.0473702 secs] 10848489K->10821631K(25159296K), 0.0476525 secs] [Times: user=0.57 sys=0.00, real=0.05 secs] 
2014-04-09T14:17:04.113+0900: 243.762: [GC (Allocation Failure) 243.762: [ParNew: 52304K->6528K(59008K), 0.0438686 secs] 10867407K->10839487K(25159296K), 0.0441487 secs] [Times: user=0.54 sys=0.00, real=0.05 secs] 
2014-04-09T14:17:04.176+0900: 243.825: [GC (Allocation Failure) 243.825: [ParNew: 58825K->6528K(59008K), 0.0437332 secs] 10891784K->10864317K(25159296K), 0.0440178 secs] [Times: user=0.55 sys=0.00, real=0.05 secs] 
2014-04-09T14:17:04.250+0900: 243.899: [GC (Allocation Failure) 243.900: [ParNew: 59008K->6528K(59008K), 0.0470663 secs] 10916797K->10882384K(25159296K), 0.0473473 secs] [Times: user=0.58 sys=0.01, real=0.05 secs] 
2014-04-09T14:17:04.323+0900: 243.972: [GC (Allocation Failure) 243.972: [ParNew: 52299K->6528K(59008K), 0.0497368 secs] 10928155K->10902076K(25159296K), 0.0500438 secs] [Times: user=0.58 sys=0.01, real=0.05 secs] 
2014-04-09T14:17:04.392+0900: 244.041: [GC (Allocation Failure) 244.041: [ParNew: 59008K->6528K(59008K), 0.0483909 secs] 10954556K->10937032K(25159296K), 0.0486696 secs] [Times: user=0.60 sys=0.00, real=0.05 secs] 
2014-04-09T14:17:04.464+0900: 244.113: [GC (Allocation Failure) 244.114: [ParNew: 58987K->6528K(59008K), 0.0527495 secs] 10989491K->10965002K(25159296K), 0.0530382 secs] [Times: user=0.55 sys=0.02, real=0.06 secs] 
2014-04-09T14:17:04.542+0900: 244.191: [GC (Allocation Failure) 244.191: [ParNew: 55061K->6528K(59008K), 0.0511879 secs] 11013536K->10987497K(25159296K), 0.0514623 secs] [Times: user=0.60 sys=0.01, real=0.05 secs] 
2014-04-09T14:17:04.618+0900: 244.267: [GC (Allocation Failure) 244.267: [ParNew: 59008K->6528K(59008K), 0.0422326 secs] 11039977K->11001406K(25159296K), 0.0425221 secs] [Times: user=0.54 sys=0.00, real=0.04 secs] 
2014-04-09T14:17:04.693+0900: 244.342: [GC (Allocation Failure) 244.342: [ParNew: 59008K->6528K(59008K), 0.0454393 secs] 11053886K->11022165K(25159296K), 0.0457168 secs] [Times: user=0.55 sys=0.01, real=0.05 secs] 
2014-04-09T14:17:04.762+0900: 244.411: [GC (Allocation Failure) 244.411: [ParNew: 58986K->6528K(59008K), 0.0436060 secs] 11074624K->11042298K(25159296K), 0.0438924 secs] [Times: user=0.54 sys=0.01, real=0.04 secs] 
2014-04-09T14:17:04.824+0900: 244.473: [GC (Allocation Failure) 244.473: [ParNew: 56638K->6528K(59008K), 0.0391151 secs] 11092408K->11050979K(25159296K), 0.0393967 secs] [Times: user=0.48 sys=0.01, real=0.04 secs] 
2014-04-09T14:17:04.884+0900: 244.533: [GC (Allocation Failure) 244.533: [ParNew: 59008K->6528K(59008K), 0.0389465 secs] 11103459K->11077845K(25159296K), 0.0392458 secs] [Times: user=0.49 sys=0.00, real=0.04 secs] 
2014-04-09T14:17:04.958+0900: 244.607: [GC (Allocation Failure) 244.607: [ParNew: 54509K->6528K(59008K), 0.0603816 secs] 11125827K->11092071K(25159296K), 0.0606590 secs] [Times: user=0.61 sys=0.01, real=0.06 secs] 
2014-04-09T14:17:05.056+0900: 244.705: [GC (Allocation Failure) 244.705: [ParNew: 58645K->6528K(59008K), 0.0471823 secs] 11144189K->11109194K(25159296K), 0.0474636 secs] [Times: user=0.58 sys=0.01, real=0.05 secs] 
2014-04-09T14:17:05.136+0900: 244.785: [GC (Allocation Failure) 244.785: [ParNew: 59008K->6528K(59008K), 0.0445198 secs] 11161674K->11133803K(25159296K), 0.0448074 secs] [Times: user=0.54 sys=0.01, real=0.04 secs] 
2014-04-09T14:17:05.227+0900: 244.876: [GC (Allocation Failure) 244.876: [ParNew: 50085K->5178K(59008K), 0.0406626 secs] 11177360K->11146159K(25159296K), 0.0409468 secs] [Times: user=0.50 sys=0.00, real=0.04 secs] 
2014-04-09T14:17:05.293+0900: 244.942: [GC (Allocation Failure) 244.942: [ParNew: 55044K->6528K(59008K), 0.0421033 secs] 11196025K->11168498K(25159296K), 0.0423804 secs] [Times: user=0.53 sys=0.01, real=0.04 secs] 
2014-04-09T14:17:05.365+0900: 245.014: [GC (Allocation Failure) 245.014: [ParNew: 59006K->6528K(59008K), 0.0369213 secs] 11220976K->11199003K(25159296K), 0.0372045 secs] [Times: user=0.47 sys=0.00, real=0.04 secs] 
2014-04-09T14:17:05.458+0900: 245.107: [GC (Allocation Failure) 245.107: [ParNew: 59008K->6528K(59008K), 0.0547312 secs] 11251483K->11235009K(25159296K), 0.0550083 secs] [Times: user=0.64 sys=0.01, real=0.05 secs] 
2014-04-09T14:17:05.612+0900: 245.261: [GC (Allocation Failure) 245.261: [ParNew: 59008K->6528K(59008K), 0.0394852 secs] 11287489K->11241905K(25159296K), 0.0397643 secs] [Times: user=0.48 sys=0.00, real=0.04 secs] 
2014-04-09T14:17:05.773+0900: 245.422: [GC (Allocation Failure) 245.422: [ParNew: 59007K->4528K(59008K), 0.0357390 secs] 11294385K->11250067K(25159296K), 0.0359709 secs] [Times: user=0.44 sys=0.00, real=0.04 secs] 
2014-04-09T14:17:05.846+0900: 245.495: [GC (Allocation Failure) 245.495: [ParNew: 57008K->3881K(59008K), 0.0442820 secs] 11302547K->11272372K(25159296K), 0.0445617 secs] [Times: user=0.54 sys=0.01, real=0.05 secs] 
2014-04-09T14:17:05.915+0900: 245.564: [GC (Allocation Failure) 245.564: [ParNew: 54317K->6528K(59008K), 0.0448133 secs] 11322809K->11287537K(25159296K), 0.0451101 secs] [Times: user=0.56 sys=0.00, real=0.05 secs] 
2014-04-09T14:17:06.012+0900: 245.661: [GC (Allocation Failure) 245.662: [ParNew: 59007K->6528K(59008K), 0.0627947 secs] 11340016K->11317585K(25159296K), 0.0630820 secs] [Times: user=0.47 sys=0.03, real=0.06 secs] 
2014-04-09T14:17:06.127+0900: 245.776: [GC (Allocation Failure) 245.776: [ParNew: 59008K->6528K(59008K), 0.0512559 secs] 11370065K->11331349K(25159296K), 0.0515297 secs] [Times: user=0.47 sys=0.00, real=0.05 secs] 
2014-04-09T14:17:06.222+0900: 245.871: [GC (Allocation Failure) 245.871: [ParNew: 59008K->6528K(59008K), 0.0496849 secs] 11383829K->11347772K(25159296K), 0.0499607 secs] [Times: user=0.60 sys=0.00, real=0.05 secs] 
2014-04-09T14:17:06.323+0900: 245.972: [GC (Allocation Failure) 245.972: [ParNew: 58840K->6528K(59008K), 0.0382847 secs] 11400085K->11351952K(25159296K), 0.0385637 secs] [Times: user=0.46 sys=0.01, real=0.04 secs] 
2014-04-09T14:17:06.398+0900: 246.047: [GC (Allocation Failure) 246.047: [ParNew: 59008K->4996K(59008K), 0.0511715 secs] 11404432K->11384889K(25159296K), 0.0514567 secs] [Times: user=0.61 sys=0.00, real=0.05 secs] 
2014-04-09T14:17:06.512+0900: 246.161: [GC (Allocation Failure) 246.161: [ParNew: 57476K->6528K(59008K), 0.0504125 secs] 11437369K->11402305K(25159296K), 0.0506959 secs] [Times: user=0.57 sys=0.01, real=0.05 secs] 
2014-04-09T14:17:06.622+0900: 246.271: [CMS-concurrent-preclean: 1.249/3.334 secs] [Times: user=26.77 sys=0.52, real=3.33 secs] 
2014-04-09T14:17:06.623+0900: 246.272: [GC (Allocation Failure) 246.272: [ParNew: 59008K->6528K(59008K), 0.0475525 secs] 11454785K->11428539K(25159296K), 0.0478267 secs] [Times: user=0.54 sys=0.01, real=0.05 secs] 
2014-04-09T14:17:06.672+0900: 246.321: [GC (CMS Final Remark) [YG occupancy: 6601 K (59008 K)]246.321: [Rescan (parallel) , 0.0180324 secs]246.339: [weak refs processing, 0.0001369 secs]246.339: [class unloading, 0.0443120 secs]246.384: [scrub symbol table, 0.0047832 secs]246.388: [scrub string table, 0.0014178 secs][1 CMS-remark: 11422011K(25100288K)] 11428613K(25159296K), 0.0758550 secs] [Times: user=0.29 sys=0.00, real=0.08 secs] 
2014-04-09T14:17:06.748+0900: 246.397: [CMS-concurrent-sweep-start]
2014-04-09T14:17:06.772+0900: 246.421: [GC (Allocation Failure) 246.422: [ParNew: 59008K->6528K(59008K), 0.0479466 secs] 11474256K->11450559K(25159296K), 0.0482299 secs] [Times: user=0.60 sys=0.00, real=0.05 secs] 
2014-04-09T14:17:06.865+0900: 246.514: [GC (Allocation Failure) 246.514: [ParNew: 52995K->6528K(59008K), 0.0463453 secs] 11474577K->11448575K(25159296K), 0.0466331 secs] [Times: user=0.56 sys=0.01, real=0.05 secs] 
2014-04-09T14:17:06.946+0900: 246.595: [GC (Allocation Failure) 246.595: [ParNew: 59008K->6528K(59008K), 0.0416767 secs] 11484690K->11459684K(25159296K), 0.0419543 secs] [Times: user=0.51 sys=0.00, real=0.05 secs] 
2014-04-09T14:17:07.009+0900: 246.658: [GC (Allocation Failure) 246.658: [ParNew: 50167K->5974K(59008K), 0.0364140 secs] 11494816K->11464318K(25159296K), 0.0366926 secs] [Times: user=0.44 sys=0.01, real=0.03 secs] 
2014-04-09T14:17:07.080+0900: 246.729: [GC (Allocation Failure) 246.729: [ParNew: 55967K->6528K(59008K), 0.0479944 secs] 11495195K->11467292K(25159296K), 0.0482695 secs] [Times: user=0.58 sys=0.00, real=0.05 secs] 
2014-04-09T14:17:07.165+0900: 246.814: [GC (Allocation Failure) 246.814: [ParNew: 49545K->6528K(59008K), 0.0487778 secs] 11489350K->11459537K(25159296K), 0.0490636 secs] [Times: user=0.59 sys=0.00, real=0.05 secs] 
2014-04-09T14:17:07.244+0900: 246.893: [GC (Allocation Failure) 246.893: [ParNew: 58037K->6528K(59008K), 0.0478480 secs] 11494588K->11472194K(25159296K), 0.0481293 secs] [Times: user=0.59 sys=0.00, real=0.05 secs] 
2014-04-09T14:17:07.315+0900: 246.964: [GC (Allocation Failure) 246.964: [ParNew: 49928K->6528K(59008K), 0.0383251 secs] 11503080K->11470627K(25159296K), 0.0386021 secs] [Times: user=0.47 sys=0.00, real=0.04 secs] 
2014-04-09T14:17:07.387+0900: 247.036: [GC (Allocation Failure) 247.036: [ParNew: 59008K->5990K(59008K), 0.0465016 secs] 11503913K->11479719K(25159296K), 0.0467843 secs] [Times: user=0.58 sys=0.01, real=0.04 secs] 
2014-04-09T14:17:07.468+0900: 247.117: [GC (Allocation Failure) 247.117: [ParNew: 58470K->6528K(59008K), 0.0458258 secs] 11512703K->11489969K(25159296K), 0.0461012 secs] [Times: user=0.56 sys=0.00, real=0.04 secs] 
2014-04-09T14:17:07.545+0900: 247.194: [GC (Allocation Failure) 247.194: [ParNew: 59008K->6528K(59008K), 0.0426791 secs] 11525013K->11490003K(25159296K), 0.0429606 secs] [Times: user=0.52 sys=0.00, real=0.05 secs] 
2014-04-09T14:17:07.645+0900: 247.294: [GC (Allocation Failure) 247.294: [ParNew: 59008K->3711K(59008K), 0.0364911 secs] 11507743K->11464231K(25159296K), 0.0367698 secs] [Times: user=0.45 sys=0.00, real=0.04 secs] 
2014-04-09T14:17:07.742+0900: 247.391: [GC (Allocation Failure) 247.391: [ParNew: 55306K->6528K(59008K), 0.0380759 secs] 11480612K->11446585K(25159296K), 0.0383536 secs] [Times: user=0.47 sys=0.00, real=0.04 secs] 
2014-04-09T14:17:07.817+0900: 247.466: [GC (Allocation Failure) 247.466: [ParNew: 56990K->2398K(59008K), 0.0439520 secs] 11477218K->11452394K(25159296K), 0.0441858 secs] [Times: user=0.55 sys=0.00, real=0.04 secs] 
2014-04-09T14:17:07.884+0900: 247.533: [GC (Allocation Failure) 247.533: [ParNew: 46150K->6528K(59008K), 0.0337841 secs] 11484656K->11475798K(25159296K), 0.0340639 secs] [Times: user=0.42 sys=0.00, real=0.04 secs] 
2014-04-09T14:17:07.934+0900: 247.583: [GC (Allocation Failure) 247.583: [ParNew: 58997K->6528K(59008K), 0.0420807 secs] 11521056K->11496291K(25159296K), 0.0423632 secs] [Times: user=0.51 sys=0.00, real=0.04 secs] 
2014-04-09T14:17:07.995+0900: 247.644: [GC (Allocation Failure) 247.644: [ParNew: 56714K->6528K(59008K), 0.0451422 secs] 11536143K->11504992K(25159296K), 0.0454210 secs] [Times: user=0.55 sys=0.01, real=0.05 secs] 
2014-04-09T14:17:08.073+0900: 247.723: [GC (Allocation Failure) 247.723: [ParNew: 59008K->6528K(59008K), 0.0453040 secs] 11540937K->11520059K(25159296K), 0.0455811 secs] [Times: user=0.53 sys=0.01, real=0.05 secs] 
2014-04-09T14:17:08.157+0900: 247.806: [GC (Allocation Failure) 247.806: [ParNew: 59008K->6528K(59008K), 0.0472613 secs] 11556451K->11524982K(25159296K), 0.0475435 secs] [Times: user=0.56 sys=0.01, real=0.04 secs] 
2014-04-09T14:17:08.253+0900: 247.902: [GC (Allocation Failure) 247.902: [ParNew: 59008K->6528K(59008K), 0.0413293 secs] 11547851K->11502387K(25159296K), 0.0416059 secs] [Times: user=0.50 sys=0.00, real=0.04 secs] 
2014-04-09T14:17:08.340+0900: 247.989: [GC (Allocation Failure) 247.989: [ParNew: 59008K->6528K(59008K), 0.0409546 secs] 11525328K->11477526K(25159296K), 0.0412580 secs] [Times: user=0.49 sys=0.00, real=0.04 secs] 
2014-04-09T14:17:08.411+0900: 248.060: [GC (Allocation Failure) 248.060: [ParNew: 57717K->5390K(59008K), 0.0357185 secs] 11509414K->11478691K(25159296K), 0.0360038 secs] [Times: user=0.44 sys=0.01, real=0.04 secs] 
2014-04-09T14:17:08.473+0900: 248.122: [GC (Allocation Failure) 248.123: [ParNew: 50358K->6528K(59008K), 0.0450550 secs] 11504538K->11481260K(25159296K), 0.0453329 secs] [Times: user=0.54 sys=0.00, real=0.05 secs] 
2014-04-09T14:17:08.548+0900: 248.197: [GC (Allocation Failure) 248.197: [ParNew: 59008K->6528K(59008K), 0.0462712 secs] 11512749K->11482019K(25159296K), 0.0465563 secs] [Times: user=0.58 sys=0.01, real=0.04 secs] 
2014-04-09T14:17:08.615+0900: 248.264: [GC (Allocation Failure) 248.264: [ParNew: 57651K->6528K(59008K), 0.0451319 secs] 11522610K->11492820K(25159296K), 0.0454172 secs] [Times: user=0.55 sys=0.00, real=0.05 secs] 
2014-04-09T14:17:08.693+0900: 248.342: [GC (Allocation Failure) 248.342: [ParNew: 59008K->6528K(59008K), 0.0469347 secs] 11524385K->11497960K(25159296K), 0.0472131 secs] [Times: user=0.57 sys=0.01, real=0.05 secs] 
2014-04-09T14:17:08.773+0900: 248.422: [GC (Allocation Failure) 248.422: [ParNew: 59008K->6528K(59008K), 0.0437600 secs] 11530073K->11497151K(25159296K), 0.0440391 secs] [Times: user=0.54 sys=0.00, real=0.04 secs] 
2014-04-09T14:17:08.859+0900: 248.508: [GC (Allocation Failure) 248.509: [ParNew: 57261K->6528K(59008K), 0.0455933 secs] 11521188K->11475339K(25159296K), 0.0458727 secs] [Times: user=0.56 sys=0.00, real=0.04 secs] 
2014-04-09T14:17:08.942+0900: 248.591: [GC (Allocation Failure) 248.591: [ParNew: 52362K->6528K(59008K), 0.0378890 secs] 11500087K->11486596K(25159296K), 0.0381749 secs] [Times: user=0.46 sys=0.00, real=0.04 secs] 
2014-04-09T14:17:09.022+0900: 248.671: [GC (Allocation Failure) 248.672: [ParNew: 56691K->6528K(59008K), 0.0441226 secs] 11511661K->11486753K(25159296K), 0.0444005 secs] [Times: user=0.53 sys=0.01, real=0.04 secs] 
2014-04-09T14:17:09.089+0900: 248.738: [GC (Allocation Failure) 248.738: [ParNew: 59008K->6528K(59008K), 0.0450228 secs] 11527341K->11509543K(25159296K), 0.0452994 secs] [Times: user=0.55 sys=0.00, real=0.04 secs] 
2014-04-09T14:17:09.151+0900: 248.800: [GC (Allocation Failure) 248.801: [ParNew: 49408K->6528K(59008K), 0.0430931 secs] 11543464K->11517577K(25159296K), 0.0433730 secs] [Times: user=0.53 sys=0.01, real=0.04 secs] 
2014-04-09T14:17:09.227+0900: 248.876: [GC (Allocation Failure) 248.876: [ParNew: 58977K->6528K(59008K), 0.0466111 secs] 11552234K->11523679K(25159296K), 0.0468852 secs] [Times: user=0.57 sys=0.00, real=0.05 secs] 
2014-04-09T14:17:09.327+0900: 248.976: [GC (Allocation Failure) 248.976: [ParNew: 59008K->6528K(59008K), 0.0432211 secs] 11542628K->11505456K(25159296K), 0.0434988 secs] [Times: user=0.52 sys=0.01, real=0.05 secs] 
2014-04-09T14:17:09.436+0900: 249.085: [GC (Allocation Failure) 249.085: [ParNew: 59008K->5087K(59008K), 0.0368579 secs] 11516928K->11471199K(25159296K), 0.0371645 secs] [Times: user=0.46 sys=0.01, real=0.04 secs] 
2014-04-09T14:17:09.516+0900: 249.165: [GC (Allocation Failure) 249.166: [ParNew: 57567K->6528K(59008K), 0.0373091 secs] 11499146K->11463391K(25159296K), 0.0375788 secs] [Times: user=0.44 sys=0.01, real=0.04 secs] 
2014-04-09T14:17:09.585+0900: 249.234: [GC (Allocation Failure) 249.234: [ParNew: 59008K->3376K(59008K), 0.0351167 secs] 11498092K->11463888K(25159296K), 0.0353921 secs] [Times: user=0.43 sys=0.00, real=0.04 secs] 
2014-04-09T14:17:09.676+0900: 249.325: [GC (Allocation Failure) 249.325: [ParNew: 55856K->6528K(59008K), 0.0457643 secs] 11481698K->11452856K(25159296K), 0.0460296 secs] [Times: user=0.54 sys=0.02, real=0.05 secs] 
2014-04-09T14:17:09.771+0900: 249.420: [GC (Allocation Failure) 249.420: [ParNew: 59008K->6528K(59008K), 0.0420684 secs] 11473596K->11439181K(25159296K), 0.0423323 secs] [Times: user=0.51 sys=0.01, real=0.04 secs] 
2014-04-09T14:17:09.841+0900: 249.490: [GC (Allocation Failure) 249.490: [ParNew: 55505K->3244K(59008K), 0.0360961 secs] 11471186K->11431055K(25159296K), 0.0363607 secs] [Times: user=0.45 sys=0.00, real=0.03 secs] 
2014-04-09T14:17:09.924+0900: 249.573: [GC (Allocation Failure) 249.573: [ParNew: 51546K->6528K(59008K), 0.0372549 secs] 11448695K->11427958K(25159296K), 0.0375294 secs] [Times: user=0.47 sys=0.00, real=0.04 secs] 
2014-04-09T14:17:09.975+0900: 249.625: [GC (Allocation Failure) 249.625: [ParNew: 49301K->6528K(59008K), 0.0440759 secs] 11463721K->11447911K(25159296K), 0.0443444 secs] [Times: user=0.54 sys=0.01, real=0.05 secs] 
2014-04-09T14:17:10.038+0900: 249.687: [GC (Allocation Failure) 249.687: [ParNew: 59008K->6528K(59008K), 0.0450319 secs] 11490890K->11469121K(25159296K), 0.0452954 secs] [Times: user=0.54 sys=0.01, real=0.04 secs] 
2014-04-09T14:17:10.119+0900: 249.768: [GC (Allocation Failure) 249.768: [ParNew: 59008K->6528K(59008K), 0.0468162 secs] 11499221K->11469963K(25159296K), 0.0470799 secs] [Times: user=0.56 sys=0.01, real=0.04 secs] 
2014-04-09T14:17:10.199+0900: 249.848: [GC (Allocation Failure) 249.848: [ParNew: 59008K->6528K(59008K), 0.0402396 secs] 11499130K->11464249K(25159296K), 0.0405038 secs] [Times: user=0.42 sys=0.01, real=0.04 secs] 
2014-04-09T14:17:10.280+0900: 249.929: [GC (Allocation Failure) 249.929: [ParNew: 59008K->6353K(59008K), 0.0410775 secs] 11484443K->11438305K(25159296K), 0.0413361 secs] [Times: user=0.51 sys=0.01, real=0.04 secs] 
2014-04-09T14:17:10.360+0900: 250.009: [GC (Allocation Failure) 250.009: [ParNew: 58833K->1877K(59008K), 0.0313441 secs] 11467789K->11410834K(25159296K), 0.0316076 secs] [Times: user=0.39 sys=0.00, real=0.03 secs] 
2014-04-09T14:17:10.428+0900: 250.078: [GC (Allocation Failure) 250.078: [ParNew: 47464K->5556K(59008K), 0.0422680 secs] 11428680K->11399060K(25159296K), 0.0425305 secs] [Times: user=0.52 sys=0.01, real=0.04 secs] 
2014-04-09T14:17:10.518+0900: 250.167: [GC (Allocation Failure) 250.167: [ParNew: 49491K->4873K(59008K), 0.0447871 secs] 11409145K->11386059K(25159296K), 0.0450471 secs] [Times: user=0.55 sys=0.01, real=0.04 secs] 
2014-04-09T14:17:10.582+0900: 250.231: [GC (Allocation Failure) 250.231: [ParNew: 57353K->6528K(59008K), 0.0389243 secs] 11428110K->11407932K(25159296K), 0.0391916 secs] [Times: user=0.48 sys=0.02, real=0.04 secs] 
2014-04-09T14:17:10.639+0900: 250.288: [GC (Allocation Failure) 250.288: [ParNew: 53050K->6527K(59008K), 0.0332031 secs] 11445690K->11413021K(25159296K), 0.0334628 secs] [Times: user=0.41 sys=0.01, real=0.03 secs] 
2014-04-09T14:17:10.708+0900: 250.358: [GC (Allocation Failure) 250.358: [ParNew: 59007K->6528K(59008K), 0.0476696 secs] 11441408K->11429908K(25159296K), 0.0479341 secs] [Times: user=0.59 sys=0.01, real=0.04 secs] 
2014-04-09T14:17:10.777+0900: 250.426: [GC (Allocation Failure) 250.426: [ParNew: 59008K->6528K(59008K), 0.0422735 secs] 11472707K->11446984K(25159296K), 0.0425351 secs] [Times: user=0.51 sys=0.01, real=0.05 secs] 
2014-04-09T14:17:10.866+0900: 250.515: [GC (Allocation Failure) 250.515: [ParNew: 59008K->6528K(59008K), 0.0443161 secs] 11465072K->11438141K(25159296K), 0.0445755 secs] [Times: user=0.53 sys=0.00, real=0.05 secs] 
2014-04-09T14:17:10.965+0900: 250.614: [GC (Allocation Failure) 250.614: [ParNew: 59007K->6528K(59008K), 0.0443754 secs] 11428164K->11391694K(25159296K), 0.0446373 secs] [Times: user=0.52 sys=0.00, real=0.05 secs] 
2014-04-09T14:17:11.098+0900: 250.747: [GC (Allocation Failure) 250.748: [ParNew: 59008K->4940K(59008K), 0.0338708 secs] 11272017K->11222541K(25159296K), 0.0341253 secs] [Times: user=0.42 sys=0.00, real=0.03 secs] 
2014-04-09T14:17:11.151+0900: 250.800: [CMS-concurrent-sweep: 1.925/4.403 secs] [Times: user=36.43 sys=0.65, real=4.40 secs] 
2014-04-09T14:17:11.151+0900: 250.800: [CMS-concurrent-reset-start]
2014-04-09T14:17:11.219+0900: 250.868: [CMS-concurrent-reset: 0.067/0.067 secs] [Times: user=0.13 sys=0.00, real=0.07 secs] 
2014-04-09T14:17:11.264+0900: 250.913: [GC (Allocation Failure) 250.913: [ParNew: 50646K->1806K(59008K), 0.0365923 secs] 10796611K->10762158K(25159296K), 0.0368453 secs] [Times: user=0.45 sys=0.00, real=0.04 secs] 
2014-04-09T14:17:11.305+0900: 250.954: [GC (CMS Initial Mark) [1 CMS-initial-mark: 10760351K(25100288K)] 10772318K(25159296K), 0.0017596 secs] [Times: user=0.01 sys=0.00, real=0.00 secs] 
2014-04-09T14:17:11.307+0900: 250.956: [CMS-concurrent-mark-start]
2014-04-09T14:17:11.344+0900: 250.993: [GC (Allocation Failure) 250.993: [ParNew: 53499K->666K(59008K), 0.0378581 secs] 10813851K->10781339K(25159296K), 0.0381304 secs] [Times: user=0.46 sys=0.00, real=0.04 secs] 
2014-04-09T14:17:11.461+0900: 251.110: [GC (Allocation Failure) 251.110: [ParNew: 53146K->6528K(59008K), 0.0474880 secs] 10833819K->10812191K(25159296K), 0.0477646 secs] [Times: user=0.54 sys=0.01, real=0.05 secs] 
2014-04-09T14:17:11.623+0900: 251.272: [GC (Allocation Failure) 251.272: [ParNew: 59008K->2012K(59008K), 0.0356115 secs] 10864671K->10814195K(25159296K), 0.0358893 secs] [Times: user=0.43 sys=0.01, real=0.04 secs] 
2014-04-09T14:17:11.773+0900: 251.422: [GC (Allocation Failure) 251.422: [ParNew: 54479K->4082K(59008K), 0.0358497 secs] 10866662K->10826426K(25159296K), 0.0361257 secs] [Times: user=0.45 sys=0.00, real=0.04 secs] 
2014-04-09T14:17:11.858+0900: 251.507: [GC (Allocation Failure) 251.507: [ParNew: 56562K->5728K(59008K), 0.0382849 secs] 10878906K->10849132K(25159296K), 0.0385567 secs] [Times: user=0.47 sys=0.00, real=0.03 secs] 
2014-04-09T14:17:11.947+0900: 251.596: [GC (Allocation Failure) 251.597: [ParNew: 58208K->6528K(59008K), 0.0492004 secs] 10901612K->10873845K(25159296K), 0.0494766 secs] [Times: user=0.56 sys=0.01, real=0.04 secs] 
2014-04-09T14:17:12.126+0900: 251.775: [GC (Allocation Failure) 251.775: [ParNew: 58989K->6528K(59008K), 0.0405638 secs] 10926307K->10881981K(25159296K), 0.0408565 secs] [Times: user=0.49 sys=0.01, real=0.04 secs] 
2014-04-09T14:17:12.442+0900: 252.091: [GC (Allocation Failure) 252.091: [ParNew: 58264K->6528K(59008K), 0.0354246 secs] 10933717K->10898476K(25159296K), 0.0357056 secs] [Times: user=0.43 sys=0.00, real=0.04 secs] 
2014-04-09T14:17:12.555+0900: 252.204: [GC (Allocation Failure) 252.204: [ParNew: 59006K->6528K(59008K), 0.0471041 secs] 10950954K->10930685K(25159296K), 0.0473737 secs] [Times: user=0.56 sys=0.01, real=0.05 secs] 
2014-04-09T14:17:12.707+0900: 252.356: [GC (Allocation Failure) 252.356: [ParNew: 58993K->6528K(59008K), 0.0355959 secs] 10983151K->10938721K(25159296K), 0.0358706 secs] [Times: user=0.43 sys=0.01, real=0.04 secs] 
2014-04-09T14:17:13.333+0900: 252.982: [CMS-concurrent-mark: 1.604/2.026 secs] [Times: user=11.87 sys=0.27, real=2.03 secs] 
2014-04-09T14:17:13.333+0900: 252.982: [CMS-concurrent-preclean-start]
2014-04-09T14:17:13.484+0900: 253.133: [GC (Allocation Failure) 253.133: [ParNew: 59006K->6528K(59008K), 0.0422910 secs] 10991200K->10971471K(25159296K), 0.0425346 secs] [Times: user=0.50 sys=0.00, real=0.04 secs] 
2014-04-09T14:17:13.572+0900: 253.221: [CMS-concurrent-preclean: 0.182/0.238 secs] [Times: user=0.79 sys=0.00, real=0.24 secs] 
2014-04-09T14:17:13.572+0900: 253.221: [CMS-concurrent-abortable-preclean-start]
2014-04-09T14:17:13.601+0900: 253.250: [GC (Allocation Failure) 253.250: [ParNew: 59008K->6528K(59008K), 0.0356626 secs] 11023951K->10980910K(25159296K), 0.0358970 secs] [Times: user=0.44 sys=0.01, real=0.03 secs] 
2014-04-09T14:17:13.705+0900: 253.354: [CMS-concurrent-abortable-preclean: 0.094/0.134 secs] [Times: user=0.62 sys=0.01, real=0.13 secs] 
2014-04-09T14:17:13.706+0900: 253.355: [GC (CMS Final Remark) [YG occupancy: 47955 K (59008 K)]253.356: [Rescan (parallel) , 0.0117659 secs]253.367: [weak refs processing, 0.0000787 secs]253.367: [class unloading, 0.0439849 secs]253.411: [scrub symbol table, 0.0047776 secs]253.416: [scrub string table, 0.0014087 secs][1 CMS-remark: 10974382K(25100288K)] 11022337K(25159296K), 0.0692106 secs] [Times: user=0.20 sys=0.00, real=0.07 secs] 
2014-04-09T14:17:13.776+0900: 253.425: [CMS-concurrent-sweep-start]
2014-04-09T14:17:13.784+0900: 253.433: [GC (Allocation Failure) 253.433: [ParNew: 58991K->6528K(59008K), 0.0385140 secs] 11033353K->10996662K(25159296K), 0.0387777 secs] [Times: user=0.46 sys=0.00, real=0.04 secs] 
2014-04-09T14:17:13.871+0900: 253.520: [GC (Allocation Failure) 253.520: [ParNew: 59007K->6528K(59008K), 0.0339506 secs] 11045372K->11015208K(25159296K), 0.0342423 secs] [Times: user=0.42 sys=0.01, real=0.03 secs] 
2014-04-09T14:17:14.004+0900: 253.653: [GC (Allocation Failure) 253.654: [ParNew: 59008K->6528K(59008K), 0.0454555 secs] 11062062K->11023621K(25159296K), 0.0457379 secs] [Times: user=0.54 sys=0.00, real=0.05 secs] 
2014-04-09T14:17:14.137+0900: 253.786: [GC (Allocation Failure) 253.786: [ParNew: 56450K->6528K(59008K), 0.0413030 secs] 11070448K->11037161K(25159296K), 0.0415890 secs] [Times: user=0.50 sys=0.01, real=0.05 secs] 
2014-04-09T14:17:14.935+0900: 254.584: [GC (Allocation Failure) 254.585: [ParNew: 59005K->6528K(59008K), 0.0379715 secs] 11015603K->10978073K(25159296K), 0.0382103 secs] [Times: user=0.46 sys=0.01, real=0.04 secs] 
2014-04-09T14:17:15.065+0900: 254.714: [GC (Allocation Failure) 254.714: [ParNew: 59008K->6528K(59008K), 0.0371032 secs] 11026108K->10986873K(25159296K), 0.0373428 secs] [Times: user=0.44 sys=0.00, real=0.04 secs] 
2014-04-09T14:17:15.232+0900: 254.881: [GC (Allocation Failure) 254.881: [ParNew: 50446K->5303K(59008K), 0.0426963 secs] 11003366K->10971317K(25159296K), 0.0429737 secs] [Times: user=0.53 sys=0.00, real=0.04 secs] 
2014-04-09T14:17:15.318+0900: 254.967: [GC (Allocation Failure) 254.967: [ParNew: 56872K->6528K(59008K), 0.0368521 secs] 11015567K->10980861K(25159296K), 0.0371218 secs] [Times: user=0.46 sys=0.00, real=0.04 secs] 
2014-04-09T14:17:15.423+0900: 255.073: [GC (Allocation Failure) 255.073: [ParNew: 59006K->6526K(59008K), 0.0418922 secs] 11024682K->11003132K(25159296K), 0.0421794 secs] [Times: user=0.51 sys=0.01, real=0.04 secs] 
2014-04-09T14:17:15.575+0900: 255.224: [GC (Allocation Failure) 255.224: [ParNew: 59006K->6528K(59008K), 0.0416298 secs] 11036011K->10991793K(25159296K), 0.0419041 secs] [Times: user=0.52 sys=0.00, real=0.04 secs] 
2014-04-09T14:17:15.655+0900: 255.304: [CMS-concurrent-sweep: 1.459/1.879 secs] [Times: user=7.11 sys=0.11, real=1.88 secs] 
2014-04-09T14:17:15.655+0900: 255.304: [CMS-concurrent-reset-start]
2014-04-09T14:17:15.724+0900: 255.373: [CMS-concurrent-reset: 0.068/0.068 secs] [Times: user=0.14 sys=0.00, real=0.07 secs] 
2014-04-09T14:17:15.758+0900: 255.407: [GC (Allocation Failure) 255.407: [ParNew: 54346K->2356K(59008K), 0.0401311 secs] 8988005K->8949920K(25159296K), 0.0403786 secs] [Times: user=0.47 sys=0.01, real=0.04 secs] 
2014-04-09T14:17:15.801+0900: 255.450: [GC (CMS Initial Mark) [1 CMS-initial-mark: 8947563K(25100288K)] 8960082K(25159296K), 0.0015714 secs] [Times: user=0.01 sys=0.00, real=0.00 secs] 
2014-04-09T14:17:15.803+0900: 255.452: [CMS-concurrent-mark-start]
2014-04-09T14:17:15.840+0900: 255.489: [GC (Allocation Failure) 255.489: [ParNew: 53956K->823K(59008K), 0.0404198 secs] 9001519K->8968708K(25159296K), 0.0406910 secs] [Times: user=0.52 sys=0.00, real=0.04 secs] 
2014-04-09T14:17:15.968+0900: 255.617: [GC (Allocation Failure) 255.618: [ParNew: 53303K->6526K(59008K), 0.0567158 secs] 9021188K->8989356K(25159296K), 0.0569941 secs] [Times: user=0.40 sys=0.03, real=0.06 secs] 
2014-04-09T14:17:16.138+0900: 255.787: [GC (Allocation Failure) 255.787: [ParNew: 59006K->1984K(59008K), 0.0435485 secs] 9041836K->8991295K(25159296K), 0.0438088 secs] [Times: user=0.52 sys=0.01, real=0.05 secs] 
2014-04-09T14:17:16.310+0900: 255.959: [GC (Allocation Failure) 255.960: [ParNew: 54464K->2176K(59008K), 0.0422385 secs] 9043775K->9001647K(25159296K), 0.0424671 secs] [Times: user=0.54 sys=0.00, real=0.04 secs] 
2014-04-09T14:17:16.401+0900: 256.050: [GC (Allocation Failure) 256.050: [ParNew: 54656K->3444K(59008K), 0.0421967 secs] 9054127K->9023237K(25159296K), 0.0424677 secs] [Times: user=0.53 sys=0.01, real=0.04 secs] 
2014-04-09T14:17:16.577+0900: 256.226: [GC (Allocation Failure) 256.226: [ParNew: 55924K->6528K(59008K), 0.0582606 secs] 9075717K->9042286K(25159296K), 0.0585390 secs] [Times: user=0.55 sys=0.02, real=0.06 secs] 
2014-04-09T14:17:16.733+0900: 256.382: [GC (Allocation Failure) 256.382: [ParNew: 59008K->6528K(59008K), 0.0454003 secs] 9094766K->9060692K(25159296K), 0.0456701 secs] [Times: user=0.47 sys=0.01, real=0.05 secs] 
2014-04-09T14:17:16.826+0900: 256.475: [GC (Allocation Failure) 256.475: [ParNew: 59008K->6528K(59008K), 0.0364833 secs] 9113172K->9061078K(25159296K), 0.0367530 secs] [Times: user=0.46 sys=0.00, real=0.04 secs] 
2014-04-09T14:17:16.885+0900: 256.534: [GC (Allocation Failure) 256.534: [ParNew: 59008K->1717K(59008K), 0.0374196 secs] 9113558K->9061630K(25159296K), 0.0376874 secs] [Times: user=0.44 sys=0.00, real=0.04 secs] 
2014-04-09T14:17:16.945+0900: 256.594: [GC (Allocation Failure) 256.594: [ParNew: 54197K->686K(59008K), 0.0307612 secs] 9114110K->9060600K(25159296K), 0.0310239 secs] [Times: user=0.39 sys=0.01, real=0.03 secs] 
2014-04-09T14:17:16.998+0900: 256.647: [GC (Allocation Failure) 256.647: [ParNew: 53166K->257K(59008K), 0.0302749 secs] 9113080K->9060171K(25159296K), 0.0305394 secs] [Times: user=0.38 sys=0.00, real=0.03 secs] 
2014-04-09T14:17:17.050+0900: 256.699: [GC (Allocation Failure) 256.699: [ParNew: 52737K->64K(59008K), 0.0291943 secs] 9112651K->9059977K(25159296K), 0.0294671 secs] [Times: user=0.38 sys=0.00, real=0.03 secs] 
2014-04-09T14:17:17.102+0900: 256.751: [GC (Allocation Failure) 256.751: [ParNew: 52544K->24K(59008K), 0.0314910 secs] 9112457K->9059937K(25159296K), 0.0317560 secs] [Times: user=0.40 sys=0.00, real=0.03 secs] 
2014-04-09T14:17:17.156+0900: 256.805: [GC (Allocation Failure) 256.805: [ParNew: 52504K->22K(59008K), 0.0285609 secs] 9112417K->9059935K(25159296K), 0.0288350 secs] [Times: user=0.37 sys=0.00, real=0.03 secs] 
2014-04-09T14:17:17.207+0900: 256.856: [GC (Allocation Failure) 256.856: [ParNew: 52502K->24K(59008K), 0.0312412 secs] 9112415K->9059937K(25159296K), 0.0315051 secs] [Times: user=0.40 sys=0.00, real=0.03 secs] 
2014-04-09T14:17:17.260+0900: 256.910: [GC (Allocation Failure) 256.910: [ParNew: 52504K->22K(59008K), 0.0297161 secs] 9112417K->9059935K(25159296K), 0.0299886 secs] [Times: user=0.37 sys=0.00, real=0.03 secs] 
2014-04-09T14:17:17.313+0900: 256.962: [GC (Allocation Failure) 256.962: [ParNew: 52502K->16K(59008K), 0.0307065 secs] 9112415K->9059930K(25159296K), 0.0309704 secs] [Times: user=0.39 sys=0.00, real=0.03 secs] 
2014-04-09T14:17:17.368+0900: 257.017: [GC (Allocation Failure) 257.017: [ParNew: 52496K->16K(59008K), 0.0294544 secs] 9112410K->9059930K(25159296K), 0.0297182 secs] [Times: user=0.36 sys=0.01, real=0.02 secs] 
2014-04-09T14:17:17.423+0900: 257.072: [GC (Allocation Failure) 257.072: [ParNew: 52496K->20K(59008K), 0.0289658 secs] 9112410K->9059934K(25159296K), 0.0292300 secs] [Times: user=0.36 sys=0.00, real=0.03 secs] 
2014-04-09T14:17:17.477+0900: 257.126: [GC (Allocation Failure) 257.126: [ParNew: 52500K->24K(59008K), 0.0303323 secs] 9112414K->9059938K(25159296K), 0.0305946 secs] [Times: user=0.38 sys=0.01, real=0.03 secs] 
2014-04-09T14:17:17.532+0900: 257.181: [GC (Allocation Failure) 257.181: [ParNew: 52504K->24K(59008K), 0.0290080 secs] 9112418K->9059938K(25159296K), 0.0292712 secs] [Times: user=0.37 sys=0.01, real=0.03 secs] 
2014-04-09T14:17:17.585+0900: 257.234: [GC (Allocation Failure) 257.234: [ParNew: 52504K->24K(59008K), 0.0304324 secs] 9112418K->9059938K(25159296K), 0.0306979 secs] [Times: user=0.39 sys=0.00, real=0.03 secs] 
2014-04-09T14:17:17.639+0900: 257.288: [GC (Allocation Failure) 257.288: [ParNew: 52504K->28K(59008K), 0.0302829 secs] 9112418K->9059942K(25159296K), 0.0305682 secs] [Times: user=0.38 sys=0.00, real=0.03 secs] 
2014-04-09T14:17:17.697+0900: 257.346: [GC (Allocation Failure) 257.346: [ParNew: 52508K->26K(59008K), 0.0295840 secs] 9112422K->9059941K(25159296K), 0.0298475 secs] [Times: user=0.37 sys=0.01, real=0.03 secs] 
2014-04-09T14:17:17.769+0900: 257.418: [GC (Allocation Failure) 257.418: [ParNew: 52506K->26K(59008K), 0.0304314 secs] 9112421K->9059941K(25159296K), 0.0306877 secs] [Times: user=0.38 sys=0.01, real=0.03 secs] 
2014-04-09T14:17:18.665+0900: 258.314: [CMS-concurrent-mark: 1.930/2.861 secs] [Times: user=20.89 sys=0.37, real=2.86 secs] 
2014-04-09T14:17:18.665+0900: 258.314: [CMS-concurrent-preclean-start]
2014-04-09T14:17:18.836+0900: 258.485: [CMS-concurrent-preclean: 0.161/0.171 secs] [Times: user=0.17 sys=0.00, real=0.17 secs] 
2014-04-09T14:17:18.837+0900: 258.486: [CMS-concurrent-abortable-preclean-start]
 CMS: abort preclean due to time 2014-04-09T14:17:23.848+0900: 263.497: [CMS-concurrent-abortable-preclean: 2.973/5.011 secs] [Times: user=3.02 sys=0.01, real=5.01 secs] 
2014-04-09T14:17:23.850+0900: 263.499: [GC (CMS Final Remark) [YG occupancy: 39579 K (59008 K)]263.499: [Rescan (parallel) , 0.0211242 secs]263.521: [weak refs processing, 0.0000673 secs]263.521: [class unloading, 0.0444659 secs]263.565: [scrub symbol table, 0.0048080 secs]263.570: [scrub string table, 0.0014072 secs][1 CMS-remark: 9059915K(25100288K)] 9099494K(25159296K), 0.0791100 secs] [Times: user=0.31 sys=0.00, real=0.08 secs] 
2014-04-09T14:17:23.931+0900: 263.580: [CMS-concurrent-sweep-start]
2014-04-09T14:17:25.302+0900: 264.951: [CMS-concurrent-sweep: 1.372/1.372 secs] [Times: user=1.39 sys=0.00, real=1.37 secs] 
2014-04-09T14:17:25.302+0900: 264.951: [CMS-concurrent-reset-start]
2014-04-09T14:17:25.366+0900: 265.015: [CMS-concurrent-reset: 0.063/0.063 secs] [Times: user=0.06 sys=0.00, real=0.06 secs] 
2014-04-09T14:17:25.585+0900: 265.234: [GC (Allocation Failure) 265.234: [ParNew: 52506K->253K(59008K), 0.0300264 secs] 8841084K->8788831K(25159296K), 0.0302763 secs] [Times: user=0.38 sys=0.00, real=0.03 secs] 
2014-04-09T14:17:25.618+0900: 265.267: [GC (CMS Initial Mark) [1 CMS-initial-mark: 8788578K(25100288K)] 8789247K(25159296K), 0.0019089 secs] [Times: user=0.00 sys=0.00, real=0.01 secs] 
2014-04-09T14:17:25.620+0900: 265.269: [CMS-concurrent-mark-start]
2014-04-09T14:17:25.646+0900: 265.295: [GC (Allocation Failure) 265.295: [ParNew: 52733K->333K(59008K), 0.0288520 secs] 8841311K->8788912K(25159296K), 0.0290820 secs] [Times: user=0.37 sys=0.00, real=0.03 secs] 
2014-04-09T14:17:25.701+0900: 265.350: [GC (Allocation Failure) 265.350: [ParNew: 52813K->381K(59008K), 0.0312970 secs] 8841392K->8788959K(25159296K), 0.0315495 secs] [Times: user=0.39 sys=0.00, real=0.03 secs] 
2014-04-09T14:17:25.759+0900: 265.408: [GC (Allocation Failure) 265.408: [ParNew: 52861K->431K(59008K), 0.0342685 secs] 8841439K->8789010K(25159296K), 0.0345504 secs] [Times: user=0.43 sys=0.00, real=0.04 secs] 
2014-04-09T14:17:25.822+0900: 265.471: [GC (Allocation Failure) 265.471: [ParNew: 52911K->341K(59008K), 0.0323253 secs] 8841490K->8788919K(25159296K), 0.0326099 secs] [Times: user=0.41 sys=0.00, real=0.03 secs] 
2014-04-09T14:17:25.884+0900: 265.533: [GC (Allocation Failure) 265.533: [ParNew: 52821K->389K(59008K), 0.0325783 secs] 8841399K->8788968K(25159296K), 0.0328540 secs] [Times: user=0.41 sys=0.00, real=0.03 secs] 
2014-04-09T14:17:25.943+0900: 265.592: [GC (Allocation Failure) 265.592: [ParNew: 52869K->129K(59008K), 0.0339700 secs] 8841448K->8788944K(25159296K), 0.0342462 secs] [Times: user=0.42 sys=0.01, real=0.03 secs] 
2014-04-09T14:17:26.004+0900: 265.653: [GC (Allocation Failure) 265.653: [ParNew: 52609K->33K(59008K), 0.0321481 secs] 8841424K->8788848K(25159296K), 0.0324261 secs] [Times: user=0.40 sys=0.00, real=0.03 secs] 
2014-04-09T14:17:26.066+0900: 265.715: [GC (Allocation Failure) 265.715: [ParNew: 52513K->26K(59008K), 0.0323704 secs] 8841328K->8788841K(25159296K), 0.0326612 secs] [Times: user=0.40 sys=0.01, real=0.03 secs] 
2014-04-09T14:17:26.132+0900: 265.781: [GC (Allocation Failure) 265.781: [ParNew: 52506K->24K(59008K), 0.0321710 secs] 8841321K->8788840K(25159296K), 0.0324543 secs] [Times: user=0.40 sys=0.00, real=0.03 secs] 
2014-04-09T14:17:26.200+0900: 265.849: [GC (Allocation Failure) 265.849: [ParNew: 52504K->35K(59008K), 0.0320731 secs] 8841320K->8788852K(25159296K), 0.0323579 secs] [Times: user=0.40 sys=0.00, real=0.03 secs] 
2014-04-09T14:17:26.264+0900: 265.913: [GC (Allocation Failure) 265.913: [ParNew: 52515K->37K(59008K), 0.0322595 secs] 8841332K->8788854K(25159296K), 0.0325326 secs] [Times: user=0.43 sys=0.00, real=0.03 secs] 
2014-04-09T14:17:26.328+0900: 265.977: [GC (Allocation Failure) 265.978: [ParNew: 52517K->35K(59008K), 0.0321034 secs] 8841334K->8788851K(25159296K), 0.0323719 secs] [Times: user=0.42 sys=0.00, real=0.04 secs] 
2014-04-09T14:17:26.393+0900: 266.042: [GC (Allocation Failure) 266.042: [ParNew: 52515K->34K(59008K), 0.0325965 secs] 8841331K->8788851K(25159296K), 0.0328649 secs] [Times: user=0.41 sys=0.00, real=0.03 secs] 
2014-04-09T14:17:26.458+0900: 266.107: [GC (Allocation Failure) 266.107: [ParNew: 52514K->43K(59008K), 0.0324148 secs] 8841331K->8788859K(25159296K), 0.0326855 secs] [Times: user=0.41 sys=0.00, real=0.04 secs] 
2014-04-09T14:17:26.518+0900: 266.167: [GC (Allocation Failure) 266.167: [ParNew: 52523K->48K(59008K), 0.0308816 secs] 8841339K->8788868K(25159296K), 0.0311346 secs] [Times: user=0.40 sys=0.00, real=0.03 secs] 
2014-04-09T14:17:26.575+0900: 266.224: [GC (Allocation Failure) 266.225: [ParNew: 52528K->50K(59008K), 0.0321792 secs] 8841348K->8788882K(25159296K), 0.0324322 secs] [Times: user=0.41 sys=0.00, real=0.03 secs] 
2014-04-09T14:17:26.634+0900: 266.283: [GC (Allocation Failure) 266.283: [ParNew: 52530K->57K(59008K), 0.0305341 secs] 8841362K->8788893K(25159296K), 0.0307826 secs] [Times: user=0.39 sys=0.00, real=0.03 secs] 
2014-04-09T14:17:26.693+0900: 266.342: [GC (Allocation Failure) 266.343: [ParNew: 52537K->56K(59008K), 0.0319199 secs] 8841373K->8788891K(25159296K), 0.0321791 secs] [Times: user=0.41 sys=0.00, real=0.03 secs] 
2014-04-09T14:17:26.757+0900: 266.406: [GC (Allocation Failure) 266.406: [ParNew: 52536K->58K(59008K), 0.0327783 secs] 8841371K->8788893K(25159296K), 0.0330381 secs] [Times: user=0.40 sys=0.01, real=0.04 secs] 
2014-04-09T14:17:26.821+0900: 266.470: [GC (Allocation Failure) 266.470: [ParNew: 52538K->61K(59008K), 0.0335186 secs] 8841373K->8788903K(25159296K), 0.0337835 secs] [Times: user=0.42 sys=0.00, real=0.03 secs] 
2014-04-09T14:17:26.889+0900: 266.538: [GC (Allocation Failure) 266.538: [ParNew: 52541K->44K(59008K), 0.0327964 secs] 8841383K->8788894K(25159296K), 0.0330645 secs] [Times: user=0.42 sys=0.00, real=0.04 secs] 
2014-04-09T14:17:26.953+0900: 266.602: [GC (Allocation Failure) 266.602: [ParNew: 52524K->30K(59008K), 0.0326075 secs] 8841374K->8788893K(25159296K), 0.0328779 secs] [Times: user=0.41 sys=0.00, real=0.03 secs] 
2014-04-09T14:17:27.019+0900: 266.668: [GC (Allocation Failure) 266.668: [ParNew: 52510K->24K(59008K), 0.0349038 secs] 8841373K->8788893K(25159296K), 0.0351666 secs] [Times: user=0.44 sys=0.01, real=0.04 secs] 
2014-04-09T14:17:27.088+0900: 266.737: [GC (Allocation Failure) 266.738: [ParNew: 52504K->26K(59008K), 0.0335540 secs] 8841373K->8788895K(25159296K), 0.0338313 secs] [Times: user=0.42 sys=0.00, real=0.04 secs] 
2014-04-09T14:17:27.157+0900: 266.806: [GC (Allocation Failure) 266.806: [ParNew: 52506K->24K(59008K), 0.0346857 secs] 8841375K->8788893K(25159296K), 0.0349428 secs] [Times: user=0.44 sys=0.00, real=0.04 secs] 
2014-04-09T14:17:27.223+0900: 266.872: [GC (Allocation Failure) 266.872: [ParNew: 52504K->24K(59008K), 0.0365540 secs] 8841373K->8788893K(25159296K), 0.0368015 secs] [Times: user=0.43 sys=0.00, real=0.04 secs] 
2014-04-09T14:17:27.285+0900: 266.934: [GC (Allocation Failure) 266.935: [ParNew: 52504K->26K(59008K), 0.0339999 secs] 8841373K->8788896K(25159296K), 0.0342511 secs] [Times: user=0.43 sys=0.00, real=0.04 secs] 
2014-04-09T14:17:27.346+0900: 266.995: [GC (Allocation Failure) 266.995: [ParNew: 52506K->35K(59008K), 0.0313020 secs] 8841376K->8788905K(25159296K), 0.0315473 secs] [Times: user=0.40 sys=0.00, real=0.03 secs] 
2014-04-09T14:17:27.403+0900: 267.052: [GC (Allocation Failure) 267.052: [ParNew: 52515K->54K(59008K), 0.0322344 secs] 8841385K->8788924K(25159296K), 0.0324812 secs] [Times: user=0.40 sys=0.00, real=0.03 secs] 
2014-04-09T14:17:27.462+0900: 267.111: [GC (Allocation Failure) 267.111: [ParNew: 52534K->84K(59008K), 0.0311339 secs] 8841404K->8788956K(25159296K), 0.0313810 secs] [Times: user=0.38 sys=0.01, real=0.03 secs] 
2014-04-09T14:17:27.519+0900: 267.168: [GC (Allocation Failure) 267.168: [ParNew: 52564K->126K(59008K), 0.0324198 secs] 8841436K->8788998K(25159296K), 0.0326649 secs] [Times: user=0.41 sys=0.00, real=0.04 secs] 
2014-04-09T14:17:27.577+0900: 267.226: [GC (Allocation Failure) 267.226: [ParNew: 52606K->4495K(59008K), 0.0333324 secs] 8841478K->8793368K(25159296K), 0.0335887 secs] [Times: user=0.43 sys=0.00, real=0.04 secs] 
2014-04-09T14:17:27.637+0900: 267.286: [GC (Allocation Failure) 267.286: [ParNew: 56975K->4624K(59008K), 0.0320817 secs] 8845848K->8801937K(25159296K), 0.0323298 secs] [Times: user=0.40 sys=0.00, real=0.03 secs] 
2014-04-09T14:17:27.695+0900: 267.344: [GC (Allocation Failure) 267.344: [ParNew: 48277K->1358K(59008K), 0.0349731 secs] 8845591K->8806971K(25159296K), 0.0352441 secs] [Times: user=0.44 sys=0.00, real=0.04 secs] 
2014-04-09T14:17:27.754+0900: 267.403: [GC (Allocation Failure) 267.403: [ParNew: 45699K->1138K(59008K), 0.0312583 secs] 8851312K->8816991K(25159296K), 0.0315026 secs] [Times: user=0.39 sys=0.01, real=0.03 secs] 
2014-04-09T14:17:27.806+0900: 267.455: [GC (Allocation Failure) 267.455: [ParNew: 53618K->3142K(59008K), 0.0345216 secs] 8869471K->8839396K(25159296K), 0.0347746 secs] [Times: user=0.43 sys=0.01, real=0.04 secs] 
2014-04-09T14:17:27.858+0900: 267.507: [GC (Allocation Failure) 267.507: [ParNew: 54209K->6528K(59008K), 0.0353301 secs] 8890463K->8861411K(25159296K), 0.0355864 secs] [Times: user=0.44 sys=0.01, real=0.04 secs] 
2014-04-09T14:17:27.913+0900: 267.562: [GC (Allocation Failure) 267.562: [ParNew: 55961K->6528K(59008K), 0.0349704 secs] 8910844K->8883578K(25159296K), 0.0352164 secs] [Times: user=0.44 sys=0.00, real=0.03 secs] 
2014-04-09T14:17:27.994+0900: 267.643: [GC (Allocation Failure) 267.643: [ParNew: 54214K->5898K(59008K), 0.0357891 secs] 8931265K->8905540K(25159296K), 0.0360445 secs] [Times: user=0.45 sys=0.00, real=0.04 secs] 
2014-04-09T14:17:28.050+0900: 267.700: [GC (Allocation Failure) 267.700: [ParNew: 58350K->6526K(59008K), 0.0364206 secs] 8957992K->8938026K(25159296K), 0.0366602 secs] [Times: user=0.46 sys=0.00, real=0.03 secs] 
2014-04-09T14:17:28.104+0900: 267.753: [GC (Allocation Failure) 267.753: [ParNew: 58328K->5618K(59008K), 0.0409565 secs] 8989828K->8959162K(25159296K), 0.0412011 secs] [Times: user=0.51 sys=0.01, real=0.04 secs] 
2014-04-09T14:17:28.181+0900: 267.830: [GC (Allocation Failure) 267.830: [ParNew: 58096K->6527K(59008K), 0.0480316 secs] 9011641K->8993486K(25159296K), 0.0482765 secs] [Times: user=0.53 sys=0.00, real=0.04 secs] 
2014-04-09T14:17:28.302+0900: 267.951: [GC (Allocation Failure) 267.951: [ParNew: 59007K->6528K(59008K), 0.0404888 secs] 9045966K->9006619K(25159296K), 0.0407366 secs] [Times: user=0.48 sys=0.01, real=0.04 secs] 
2014-04-09T14:17:28.441+0900: 268.090: [GC (Allocation Failure) 268.090: [ParNew: 53611K->6528K(59008K), 0.0443629 secs] 9053702K->9013035K(25159296K), 0.0446082 secs] [Times: user=0.49 sys=0.01, real=0.04 secs] 
2014-04-09T14:17:28.546+0900: 268.195: [GC (Allocation Failure) 268.195: [ParNew: 59005K->6528K(59008K), 0.0382678 secs] 9065512K->9025565K(25159296K), 0.0385208 secs] [Times: user=0.49 sys=0.00, real=0.04 secs] 
2014-04-09T14:17:28.614+0900: 268.263: [GC (Allocation Failure) 268.263: [ParNew: 59008K->6528K(59008K), 0.0422831 secs] 9078045K->9056673K(25159296K), 0.0425280 secs] [Times: user=0.54 sys=0.00, real=0.04 secs] 
2014-04-09T14:17:28.690+0900: 268.339: [GC (Allocation Failure) 268.339: [ParNew: 59006K->6528K(59008K), 0.0550892 secs] 9109151K->9086348K(25159296K), 0.0553287 secs] [Times: user=0.58 sys=0.01, real=0.06 secs] 
2014-04-09T14:17:28.775+0900: 268.424: [CMS-concurrent-mark: 1.440/3.154 secs] [Times: user=31.71 sys=0.38, real=3.15 secs] 
2014-04-09T14:17:28.775+0900: 268.424: [CMS-concurrent-preclean-start]
2014-04-09T14:17:28.786+0900: 268.435: [GC (Allocation Failure) 268.435: [ParNew: 59007K->6528K(59008K), 0.0502740 secs] 9138828K->9106136K(25159296K), 0.0505141 secs] [Times: user=0.55 sys=0.01, real=0.05 secs] 
2014-04-09T14:17:28.884+0900: 268.533: [GC (Allocation Failure) 268.533: [ParNew: 59008K->5782K(59008K), 0.0401218 secs] 9158616K->9110557K(25159296K), 0.0403636 secs] [Times: user=0.49 sys=0.00, real=0.04 secs] 
2014-04-09T14:17:28.976+0900: 268.625: [GC (Allocation Failure) 268.625: [ParNew: 57102K->4066K(59008K), 0.0308420 secs] 9161877K->9108841K(25159296K), 0.0310767 secs] [Times: user=0.39 sys=0.00, real=0.03 secs] 
2014-04-09T14:17:29.077+0900: 268.726: [GC (Allocation Failure) 268.726: [ParNew: 52826K->6528K(59008K), 0.0327315 secs] 9157601K->9122422K(25159296K), 0.0329663 secs] [Times: user=0.41 sys=0.00, real=0.03 secs] 
2014-04-09T14:17:29.182+0900: 268.831: [CMS-concurrent-preclean: 0.231/0.407 secs] [Times: user=2.48 sys=0.04, real=0.41 secs] 
2014-04-09T14:17:29.183+0900: 268.832: [GC (Allocation Failure) 268.832: [ParNew: 58989K->6528K(59008K), 0.0402796 secs] 9174883K->9147594K(25159296K), 0.0404999 secs] [Times: user=0.50 sys=0.00, real=0.04 secs] 
2014-04-09T14:17:29.224+0900: 268.873: [CMS-concurrent-abortable-preclean-start]
2014-04-09T14:17:29.240+0900: 268.889: [GC (Allocation Failure) 268.889: [ParNew: 59006K->1184K(59008K), 0.0441638 secs] 9200072K->9193778K(25159296K), 0.0444094 secs] [Times: user=0.56 sys=0.00, real=0.05 secs] 
2014-04-09T14:17:29.310+0900: 268.959: [GC (Allocation Failure) 268.960: [ParNew: 53664K->6528K(59008K), 0.0439946 secs] 9246258K->9222958K(25159296K), 0.0442268 secs] [Times: user=0.54 sys=0.00, real=0.04 secs] 
2014-04-09T14:17:29.378+0900: 269.028: [GC (Allocation Failure) 269.028: [ParNew: 59008K->6528K(59008K), 0.0430094 secs] 9275438K->9247407K(25159296K), 0.0432422 secs] [Times: user=0.52 sys=0.00, real=0.05 secs] 
2014-04-09T14:17:29.485+0900: 269.134: [CMS-concurrent-abortable-preclean: 0.167/0.260 secs] [Times: user=2.00 sys=0.03, real=0.26 secs] 
2014-04-09T14:17:29.485+0900: 269.134: [GC (Allocation Failure) 269.135: [ParNew: 59008K->6528K(59008K), 0.0440188 secs] 9299887K->9275301K(25159296K), 0.0442558 secs] [Times: user=0.53 sys=0.00, real=0.04 secs] 
2014-04-09T14:17:29.531+0900: 269.180: [GC (CMS Final Remark) [YG occupancy: 6885 K (59008 K)]269.180: [Rescan (parallel) , 0.0154765 secs]269.196: [weak refs processing, 0.0000570 secs]269.196: [class unloading, 0.0364537 secs]269.232: [scrub symbol table, 0.0040725 secs]269.236: [scrub string table, 0.0012143 secs][1 CMS-remark: 9268773K(25100288K)] 9275659K(25159296K), 0.0627839 secs] [Times: user=0.24 sys=0.01, real=0.06 secs] 
2014-04-09T14:17:29.594+0900: 269.243: [CMS-concurrent-sweep-start]
2014-04-09T14:17:29.633+0900: 269.282: [GC (Allocation Failure) 269.282: [ParNew: 59008K->6528K(59008K), 0.0476179 secs] 9316413K->9277071K(25159296K), 0.0478523 secs] [Times: user=0.58 sys=0.00, real=0.05 secs] 
2014-04-09T14:17:29.701+0900: 269.350: [GC (Allocation Failure) 269.350: [ParNew: 59008K->6528K(59008K), 0.0485651 secs] 9320089K->9293415K(25159296K), 0.0488077 secs] [Times: user=0.60 sys=0.00, real=0.04 secs] 
2014-04-09T14:17:29.779+0900: 269.428: [GC (Allocation Failure) 269.428: [ParNew: 58150K->6528K(59008K), 0.0473315 secs] 9332527K->9297168K(25159296K), 0.0475850 secs] [Times: user=0.57 sys=0.00, real=0.05 secs] 
2014-04-09T14:17:29.859+0900: 269.508: [GC (Allocation Failure) 269.508: [ParNew: 59008K->6528K(59008K), 0.0447666 secs] 9336056K->9295164K(25159296K), 0.0450222 secs] [Times: user=0.55 sys=0.00, real=0.05 secs] 
2014-04-09T14:17:29.941+0900: 269.590: [GC (Allocation Failure) 269.590: [ParNew: 59008K->6528K(59008K), 0.0486189 secs] 9334887K->9292200K(25159296K), 0.0488828 secs] [Times: user=0.59 sys=0.01, real=0.04 secs] 
2014-04-09T14:17:30.032+0900: 269.681: [GC (Allocation Failure) 269.681: [ParNew: 54912K->6528K(59008K), 0.0415890 secs] 9325458K->9283039K(25159296K), 0.0418451 secs] [Times: user=0.52 sys=0.00, real=0.04 secs] 
2014-04-09T14:17:30.111+0900: 269.760: [GC (Allocation Failure) 269.760: [ParNew: 57827K->5238K(59008K), 0.0396709 secs] 9319932K->9276492K(25159296K), 0.0399230 secs] [Times: user=0.49 sys=0.00, real=0.04 secs] 
2014-04-09T14:17:30.180+0900: 269.829: [GC (Allocation Failure) 269.830: [ParNew: 57718K->1269K(59008K), 0.0452952 secs] 9318167K->9290765K(25159296K), 0.0455595 secs] [Times: user=0.56 sys=0.01, real=0.05 secs] 
2014-04-09T14:17:30.245+0900: 269.894: [GC (Allocation Failure) 269.895: [ParNew: 44520K->6528K(59008K), 0.0323824 secs] 9326978K->9295241K(25159296K), 0.0326393 secs] [Times: user=0.40 sys=0.00, real=0.03 secs] 
2014-04-09T14:17:30.307+0900: 269.956: [GC (Allocation Failure) 269.956: [ParNew: 59007K->4222K(59008K), 0.0397696 secs] 9337180K->9321807K(25159296K), 0.0400207 secs] [Times: user=0.50 sys=0.01, real=0.04 secs] 
2014-04-09T14:17:30.373+0900: 270.022: [GC (Allocation Failure) 270.022: [ParNew: 50208K->6528K(59008K), 0.0420996 secs] 9357612K->9342067K(25159296K), 0.0423477 secs] [Times: user=0.51 sys=0.00, real=0.04 secs] 
2014-04-09T14:17:30.436+0900: 270.085: [GC (Allocation Failure) 270.085: [ParNew: 53794K->6528K(59008K), 0.0430679 secs] 9380035K->9358788K(25159296K), 0.0433219 secs] [Times: user=0.54 sys=0.00, real=0.04 secs] 
2014-04-09T14:17:30.504+0900: 270.153: [GC (Allocation Failure) 270.153: [ParNew: 59008K->6528K(59008K), 0.0480245 secs] 9397841K->9384476K(25159296K), 0.0482798 secs] [Times: user=0.59 sys=0.00, real=0.05 secs] 
2014-04-09T14:17:30.580+0900: 270.229: [GC (Allocation Failure) 270.229: [ParNew: 59008K->6528K(59008K), 0.0450085 secs] 9422485K->9399464K(25159296K), 0.0452552 secs] [Times: user=0.56 sys=0.00, real=0.05 secs] 
2014-04-09T14:17:30.641+0900: 270.290: [GC (Allocation Failure) 270.290: [ParNew: 59008K->6528K(59008K), 0.0408643 secs] 9444237K->9410026K(25159296K), 0.0411131 secs] [Times: user=0.50 sys=0.00, real=0.04 secs] 
2014-04-09T14:17:30.700+0900: 270.349: [GC (Allocation Failure) 270.349: [ParNew: 59008K->5927K(59008K), 0.0433390 secs] 9454930K->9432332K(25159296K), 0.0435939 secs] [Times: user=0.55 sys=0.00, real=0.05 secs] 
2014-04-09T14:17:30.772+0900: 270.421: [GC (Allocation Failure) 270.421: [ParNew: 58407K->6528K(59008K), 0.0474238 secs] 9468467K->9440918K(25159296K), 0.0476742 secs] [Times: user=0.57 sys=0.00, real=0.04 secs] 
2014-04-09T14:17:30.851+0900: 270.500: [GC (Allocation Failure) 270.500: [ParNew: 59008K->6528K(59008K), 0.0440836 secs] 9475227K->9442032K(25159296K), 0.0443380 secs] [Times: user=0.52 sys=0.01, real=0.04 secs] 
2014-04-09T14:17:30.926+0900: 270.576: [GC (Allocation Failure) 270.576: [ParNew: 59008K->6528K(59008K), 0.0440454 secs] 9477984K->9440206K(25159296K), 0.0442945 secs] [Times: user=0.53 sys=0.00, real=0.05 secs] 
2014-04-09T14:17:30.993+0900: 270.642: [GC (Allocation Failure) 270.642: [ParNew: 59008K->6528K(59008K), 0.0406162 secs] 9480165K->9432791K(25159296K), 0.0408653 secs] [Times: user=0.50 sys=0.00, real=0.04 secs] 
2014-04-09T14:17:31.066+0900: 270.715: [GC (Allocation Failure) 270.715: [ParNew: 59008K->5744K(59008K), 0.0381447 secs] 9467335K->9419039K(25159296K), 0.0383927 secs] [Times: user=0.47 sys=0.01, real=0.04 secs] 
2014-04-09T14:17:31.142+0900: 270.791: [GC (Allocation Failure) 270.791: [ParNew: 55705K->4796K(59008K), 0.0356318 secs] 9446595K->9408723K(25159296K), 0.0358792 secs] [Times: user=0.44 sys=0.00, real=0.03 secs] 
2014-04-09T14:17:31.206+0900: 270.855: [GC (Allocation Failure) 270.856: [ParNew: 55078K->5780K(59008K), 0.0332706 secs] 9443184K->9422822K(25159296K), 0.0335246 secs] [Times: user=0.42 sys=0.00, real=0.03 secs] 
2014-04-09T14:17:31.257+0900: 270.906: [GC (Allocation Failure) 270.906: [ParNew: 58260K->6528K(59008K), 0.0379433 secs] 9466063K->9447830K(25159296K), 0.0381942 secs] [Times: user=0.47 sys=0.00, real=0.04 secs] 
2014-04-09T14:17:31.326+0900: 270.975: [GC (Allocation Failure) 270.975: [ParNew: 52854K->6528K(59008K), 0.0407828 secs] 9474065K->9448206K(25159296K), 0.0410304 secs] [Times: user=0.50 sys=0.01, real=0.04 secs] 
2014-04-09T14:17:31.388+0900: 271.037: [GC (Allocation Failure) 271.037: [ParNew: 58253K->1477K(59008K), 0.0430258 secs] 9487402K->9463600K(25159296K), 0.0432758 secs] [Times: user=0.53 sys=0.00, real=0.05 secs] 
2014-04-09T14:17:31.451+0900: 271.100: [GC (Allocation Failure) 271.100: [ParNew: 53955K->6528K(59008K), 0.0393768 secs] 9503799K->9473466K(25159296K), 0.0396270 secs] [Times: user=0.49 sys=0.00, real=0.04 secs] 
2014-04-09T14:17:31.512+0900: 271.161: [GC (Allocation Failure) 271.161: [ParNew: 59006K->6528K(59008K), 0.0434706 secs] 9512166K->9481537K(25159296K), 0.0437162 secs] [Times: user=0.55 sys=0.00, real=0.04 secs] 
2014-04-09T14:17:31.588+0900: 271.237: [GC (Allocation Failure) 271.237: [ParNew: 58980K->6528K(59008K), 0.0471351 secs] 9512115K->9478031K(25159296K), 0.0473751 secs] [Times: user=0.55 sys=0.00, real=0.05 secs] 
2014-04-09T14:17:31.672+0900: 271.321: [GC (Allocation Failure) 271.321: [ParNew: 59008K->6528K(59008K), 0.0422523 secs] 9504607K->9469389K(25159296K), 0.0424945 secs] [Times: user=0.48 sys=0.01, real=0.04 secs] 
2014-04-09T14:17:31.751+0900: 271.400: [GC (Allocation Failure) 271.400: [ParNew: 59008K->2539K(59008K), 0.0370218 secs] 9497923K->9452801K(25159296K), 0.0372717 secs] [Times: user=0.44 sys=0.00, real=0.03 secs] 
2014-04-09T14:17:31.817+0900: 271.466: [GC (Allocation Failure) 271.466: [ParNew: 55019K->6504K(59008K), 0.0375083 secs] 9483537K->9448349K(25159296K), 0.0377441 secs] [Times: user=0.48 sys=0.00, real=0.04 secs] 
2014-04-09T14:17:31.881+0900: 271.530: [GC (Allocation Failure) 271.530: [ParNew: 57232K->6447K(59008K), 0.0362923 secs] 9480479K->9451773K(25159296K), 0.0365211 secs] [Times: user=0.44 sys=0.00, real=0.03 secs] 
2014-04-09T14:17:31.951+0900: 271.600: [GC (Allocation Failure) 271.601: [ParNew: 50921K->6528K(59008K), 0.0401211 secs] 9470192K->9448508K(25159296K), 0.0403459 secs] [Times: user=0.50 sys=0.00, real=0.04 secs] 
2014-04-09T14:17:32.024+0900: 271.673: [GC (Allocation Failure) 271.673: [ParNew: 59008K->6526K(59008K), 0.0405887 secs] 9475129K->9455983K(25159296K), 0.0408141 secs] [Times: user=0.44 sys=0.01, real=0.04 secs] 
2014-04-09T14:17:32.082+0900: 271.731: [GC (Allocation Failure) 271.732: [ParNew: 56319K->6031K(59008K), 0.0358065 secs] 9490872K->9464656K(25159296K), 0.0360355 secs] [Times: user=0.45 sys=0.00, real=0.03 secs] 
2014-04-09T14:17:32.138+0900: 271.787: [GC (Allocation Failure) 271.787: [ParNew: 58511K->6528K(59008K), 0.0394925 secs] 9502422K->9474367K(25159296K), 0.0397161 secs] [Times: user=0.50 sys=0.00, real=0.04 secs] 
2014-04-09T14:17:32.196+0900: 271.845: [GC (Allocation Failure) 271.845: [ParNew: 59008K->5394K(59008K), 0.0403520 secs] 9513195K->9480686K(25159296K), 0.0405734 secs] [Times: user=0.50 sys=0.00, real=0.04 secs] 
2014-04-09T14:17:32.266+0900: 271.915: [GC (Allocation Failure) 271.915: [ParNew: 57874K->6528K(59008K), 0.0419455 secs] 9507359K->9471683K(25159296K), 0.0421687 secs] [Times: user=0.51 sys=0.00, real=0.04 secs] 
2014-04-09T14:17:32.339+0900: 271.988: [GC (Allocation Failure) 271.989: [ParNew: 59008K->6528K(59008K), 0.0424862 secs] 9497740K->9461693K(25159296K), 0.0427146 secs] [Times: user=0.51 sys=0.01, real=0.05 secs] 
2014-04-09T14:17:32.401+0900: 272.050: [GC (Allocation Failure) 272.050: [ParNew: 59008K->6528K(59008K), 0.0398571 secs] 9501652K->9477265K(25159296K), 0.0400755 secs] [Times: user=0.50 sys=0.00, real=0.04 secs] 
2014-04-09T14:17:32.471+0900: 272.120: [GC (Allocation Failure) 272.121: [ParNew: 59008K->6528K(59008K), 0.0433576 secs] 9504841K->9467209K(25159296K), 0.0435771 secs] [Times: user=0.53 sys=0.01, real=0.04 secs] 
2014-04-09T14:17:32.554+0900: 272.203: [GC (Allocation Failure) 272.203: [ParNew: 59008K->6528K(59008K), 0.0444067 secs] 9491883K->9453676K(25159296K), 0.0446284 secs] [Times: user=0.54 sys=0.00, real=0.04 secs] 
2014-04-09T14:17:32.621+0900: 272.270: [GC (Allocation Failure) 272.270: [ParNew: 59008K->6528K(59008K), 0.0387431 secs] 9492651K->9463123K(25159296K), 0.0389615 secs] [Times: user=0.48 sys=0.00, real=0.03 secs] 
2014-04-09T14:17:32.683+0900: 272.332: [GC (Allocation Failure) 272.332: [ParNew: 56732K->6528K(59008K), 0.0445493 secs] 9498186K->9479048K(25159296K), 0.0447682 secs] [Times: user=0.55 sys=0.00, real=0.04 secs] 
2014-04-09T14:17:32.756+0900: 272.405: [GC (Allocation Failure) 272.405: [ParNew: 59008K->6528K(59008K), 0.0429803 secs] 9507400K->9481115K(25159296K), 0.0431975 secs] [Times: user=0.53 sys=0.00, real=0.04 secs] 
2014-04-09T14:17:32.831+0900: 272.480: [GC (Allocation Failure) 272.480: [ParNew: 56601K->6528K(59008K), 0.0446517 secs] 9504737K->9476462K(25159296K), 0.0448727 secs] [Times: user=0.55 sys=0.00, real=0.04 secs] 
2014-04-09T14:17:32.896+0900: 272.545: [GC (Allocation Failure) 272.545: [ParNew: 59008K->6528K(59008K), 0.0425247 secs] 9511627K->9485447K(25159296K), 0.0427454 secs] [Times: user=0.52 sys=0.00, real=0.04 secs] 
2014-04-09T14:17:32.956+0900: 272.605: [GC (Allocation Failure) 272.605: [ParNew: 59008K->6528K(59008K), 0.0353201 secs] 9526745K->9490545K(25159296K), 0.0355381 secs] [Times: user=0.44 sys=0.00, real=0.04 secs] 
2014-04-09T14:17:33.010+0900: 272.659: [GC (Allocation Failure) 272.659: [ParNew: 59008K->6499K(59008K), 0.0414375 secs] 9529455K->9492538K(25159296K), 0.0416537 secs] [Times: user=0.52 sys=0.01, real=0.05 secs] 
2014-04-09T14:17:33.081+0900: 272.730: [GC (Allocation Failure) 272.730: [ParNew: 58979K->6528K(59008K), 0.0319058 secs] 9519549K->9478375K(25159296K), 0.0321210 secs] [Times: user=0.40 sys=0.00, real=0.03 secs] 
2014-04-09T14:17:33.146+0900: 272.795: [GC (Allocation Failure) 272.795: [ParNew: 53590K->6528K(59008K), 0.0432541 secs] 9497348K->9464058K(25159296K), 0.0434675 secs] [Times: user=0.51 sys=0.01, real=0.04 secs] 
2014-04-09T14:17:33.219+0900: 272.868: [GC (Allocation Failure) 272.868: [ParNew: 51588K->6528K(59008K), 0.0412197 secs] 9490340K->9470380K(25159296K), 0.0414480 secs] [Times: user=0.51 sys=0.00, real=0.04 secs] 
2014-04-09T14:17:33.295+0900: 272.944: [GC (Allocation Failure) 272.944: [ParNew: 52285K->1161K(59008K), 0.0350610 secs] 9501745K->9480378K(25159296K), 0.0353170 secs] [Times: user=0.44 sys=0.00, real=0.04 secs] 
2014-04-09T14:17:33.353+0900: 273.002: [GC (Allocation Failure) 273.002: [ParNew: 53641K->6528K(59008K), 0.0438273 secs] 9524445K->9501050K(25159296K), 0.0440855 secs] [Times: user=0.55 sys=0.01, real=0.04 secs] 
2014-04-09T14:17:33.417+0900: 273.066: [GC (Allocation Failure) 273.066: [ParNew: 59008K->6510K(59008K), 0.0437735 secs] 9544404K->9514142K(25159296K), 0.0440254 secs] [Times: user=0.54 sys=0.01, real=0.05 secs] 
2014-04-09T14:17:33.480+0900: 273.129: [GC (Allocation Failure) 273.130: [ParNew: 58990K->6528K(59008K), 0.0426803 secs] 9554493K->9526281K(25159296K), 0.0429294 secs] [Times: user=0.54 sys=0.00, real=0.04 secs] 
2014-04-09T14:17:33.544+0900: 273.193: [GC (Allocation Failure) 273.194: [ParNew: 59006K->6528K(59008K), 0.0481482 secs] 9566074K->9549310K(25159296K), 0.0483922 secs] [Times: user=0.59 sys=0.01, real=0.05 secs] 
2014-04-09T14:17:33.621+0900: 273.270: [GC (Allocation Failure) 273.270: [ParNew: 59008K->6528K(59008K), 0.0488455 secs] 9581250K->9557640K(25159296K), 0.0490883 secs] [Times: user=0.58 sys=0.01, real=0.04 secs] 
2014-04-09T14:17:33.701+0900: 273.350: [GC (Allocation Failure) 273.350: [ParNew: 59008K->6528K(59008K), 0.0509670 secs] 9593374K->9567434K(25159296K), 0.0512130 secs] [Times: user=0.61 sys=0.00, real=0.05 secs] 
2014-04-09T14:17:33.778+0900: 273.427: [GC (Allocation Failure) 273.427: [ParNew: 59008K->6528K(59008K), 0.0479898 secs] 9608041K->9572000K(25159296K), 0.0482312 secs] [Times: user=0.59 sys=0.00, real=0.05 secs] 
2014-04-09T14:17:33.843+0900: 273.492: [GC (Allocation Failure) 273.492: [ParNew: 59008K->6528K(59008K), 0.0419645 secs] 9618384K->9592538K(25159296K), 0.0422269 secs] [Times: user=0.51 sys=0.01, real=0.04 secs] 
2014-04-09T14:17:33.902+0900: 273.551: [GC (Allocation Failure) 273.551: [ParNew: 54159K->5175K(59008K), 0.0394179 secs] 9631728K->9597635K(25159296K), 0.0396646 secs] [Times: user=0.49 sys=0.00, real=0.04 secs] 
2014-04-09T14:17:33.959+0900: 273.608: [GC (Allocation Failure) 273.609: [ParNew: 57655K->6528K(59008K), 0.0444160 secs] 9641357K->9616052K(25159296K), 0.0446580 secs] [Times: user=0.54 sys=0.01, real=0.05 secs] 
2014-04-09T14:17:34.027+0900: 273.676: [GC (Allocation Failure) 273.676: [ParNew: 59008K->6528K(59008K), 0.0444483 secs] 9660178K->9623944K(25159296K), 0.0446866 secs] [Times: user=0.54 sys=0.01, real=0.05 secs] 
2014-04-09T14:17:34.096+0900: 273.745: [GC (Allocation Failure) 273.745: [ParNew: 59008K->6528K(59008K), 0.0458100 secs] 9667883K->9637684K(25159296K), 0.0460560 secs] [Times: user=0.55 sys=0.00, real=0.05 secs] 
2014-04-09T14:17:34.173+0900: 273.822: [GC (Allocation Failure) 273.822: [ParNew: 59008K->6528K(59008K), 0.0401667 secs] 9678050K->9636124K(25159296K), 0.0404094 secs] [Times: user=0.49 sys=0.01, real=0.04 secs] 
2014-04-09T14:17:34.245+0900: 273.894: [GC (Allocation Failure) 273.894: [ParNew: 55220K->4875K(59008K), 0.0382419 secs] 9668578K->9623502K(25159296K), 0.0384880 secs] [Times: user=0.47 sys=0.00, real=0.04 secs] 
2014-04-09T14:17:34.319+0900: 273.968: [GC (Allocation Failure) 273.968: [ParNew: 57355K->1238K(59008K), 0.0367106 secs] 9654682K->9606757K(25159296K), 0.0369616 secs] [Times: user=0.47 sys=0.00, real=0.04 secs] 
2014-04-09T14:17:34.402+0900: 274.051: [GC (Allocation Failure) 274.051: [ParNew: 47235K->5459K(59008K), 0.0366292 secs] 9618592K->9580912K(25159296K), 0.0368706 secs] [Times: user=0.47 sys=0.00, real=0.03 secs] 
2014-04-09T14:17:34.471+0900: 274.120: [GC (Allocation Failure) 274.120: [ParNew: 57934K->2922K(59008K), 0.0407983 secs] 9581613K->9554063K(25159296K), 0.0410439 secs] [Times: user=0.50 sys=0.00, real=0.04 secs] 
2014-04-09T14:17:34.537+0900: 274.186: [GC (Allocation Failure) 274.186: [ParNew: 55377K->6528K(59008K), 0.0432672 secs] 9572819K->9552075K(25159296K), 0.0435126 secs] [Times: user=0.54 sys=0.00, real=0.04 secs] 
2014-04-09T14:17:34.599+0900: 274.248: [GC (Allocation Failure) 274.248: [ParNew: 54860K->2568K(59008K), 0.0388531 secs] 9578180K->9565066K(25159296K), 0.0390982 secs] [Times: user=0.49 sys=0.00, real=0.04 secs] 
2014-04-09T14:17:34.657+0900: 274.306: [GC (Allocation Failure) 274.306: [ParNew: 55048K->6528K(59008K), 0.0389780 secs] 9584913K->9557770K(25159296K), 0.0392293 secs] [Times: user=0.49 sys=0.00, real=0.04 secs] 
2014-04-09T14:17:34.729+0900: 274.378: [GC (Allocation Failure) 274.379: [ParNew: 52242K->6528K(59008K), 0.0420664 secs] 9537166K->9516773K(25159296K), 0.0423059 secs] [Times: user=0.51 sys=0.01, real=0.05 secs] 
2014-04-09T14:17:34.795+0900: 274.444: [GC (Allocation Failure) 274.444: [ParNew: 58982K->6528K(59008K), 0.0420787 secs] 9529131K->9505150K(25159296K), 0.0423229 secs] [Times: user=0.51 sys=0.01, real=0.04 secs] 
2014-04-09T14:17:34.874+0900: 274.523: [GC (Allocation Failure) 274.523: [ParNew: 59008K->6528K(59008K), 0.0401285 secs] 9505002K->9482897K(25159296K), 0.0403684 secs] [Times: user=0.48 sys=0.00, real=0.04 secs] 
2014-04-09T14:17:34.938+0900: 274.587: [CMS-concurrent-sweep: 1.977/5.344 secs] [Times: user=49.09 sys=0.73, real=5.34 secs] 
2014-04-09T14:17:34.938+0900: 274.587: [CMS-concurrent-reset-start]
2014-04-09T14:17:34.969+0900: 274.618: [GC (Allocation Failure) 274.619: [ParNew: 59008K->6528K(59008K), 0.0390496 secs] 9439267K->9400181K(25159296K), 0.0392859 secs] [Times: user=0.44 sys=0.01, real=0.04 secs] 
2014-04-09T14:17:35.050+0900: 274.699: [CMS-concurrent-reset: 0.071/0.112 secs] [Times: user=0.65 sys=0.01, real=0.11 secs] 
2014-04-09T14:17:35.075+0900: 274.724: [GC (Allocation Failure) 274.724: [ParNew: 58514K->5762K(59008K), 0.0432418 secs] 9452168K->9412537K(25159296K), 0.0434842 secs] [Times: user=0.53 sys=0.01, real=0.04 secs] 
2014-04-09T14:17:35.142+0900: 274.791: [GC (CMS Initial Mark) [1 CMS-initial-mark: 9406774K(25100288K)] 9426593K(25159296K), 0.0025820 secs] [Times: user=0.02 sys=0.00, real=0.00 secs] 
2014-04-09T14:17:35.145+0900: 274.794: [CMS-concurrent-mark-start]
2014-04-09T14:17:35.190+0900: 274.839: [GC (Allocation Failure) 274.839: [ParNew: 58242K->6528K(59008K), 0.0356346 secs] 9465017K->9415012K(25159296K), 0.0358758 secs] [Times: user=0.45 sys=0.00, real=0.04 secs] 
2014-04-09T14:17:35.290+0900: 274.939: [GC (Allocation Failure) 274.940: [ParNew: 59008K->3949K(59008K), 0.0419090 secs] 9467492K->9418749K(25159296K), 0.0421562 secs] [Times: user=0.49 sys=0.01, real=0.05 secs] 
2014-04-09T14:17:35.357+0900: 275.006: [GC (Allocation Failure) 275.006: [ParNew: 56429K->6528K(59008K), 0.0335712 secs] 9471229K->9446917K(25159296K), 0.0338165 secs] [Times: user=0.42 sys=0.00, real=0.03 secs] 
2014-04-09T14:17:35.436+0900: 275.085: [GC (Allocation Failure) 275.085: [ParNew: 58615K->6528K(59008K), 0.0455342 secs] 9499004K->9469434K(25159296K), 0.0457765 secs] [Times: user=0.54 sys=0.01, real=0.05 secs] 
2014-04-09T14:17:35.517+0900: 275.166: [GC (Allocation Failure) 275.166: [ParNew: 59008K->6528K(59008K), 0.0448878 secs] 9521914K->9493834K(25159296K), 0.0451450 secs] [Times: user=0.55 sys=0.01, real=0.05 secs] 
2014-04-09T14:17:35.585+0900: 275.234: [GC (Allocation Failure) 275.234: [ParNew: 59008K->6528K(59008K), 0.0435476 secs] 9546314K->9530649K(25159296K), 0.0437903 secs] [Times: user=0.54 sys=0.01, real=0.04 secs] 
2014-04-09T14:17:35.647+0900: 275.296: [GC (Allocation Failure) 275.296: [ParNew: 58981K->6528K(59008K), 0.0398639 secs] 9583103K->9549587K(25159296K), 0.0401080 secs] [Times: user=0.49 sys=0.00, real=0.04 secs] 
2014-04-09T14:17:35.708+0900: 275.357: [GC (Allocation Failure) 275.357: [ParNew: 59008K->6528K(59008K), 0.0343284 secs] 9602067K->9575870K(25159296K), 0.0345734 secs] [Times: user=0.43 sys=0.01, real=0.04 secs] 
2014-04-09T14:17:35.784+0900: 275.433: [GC (Allocation Failure) 275.433: [ParNew: 59008K->6528K(59008K), 0.0445115 secs] 9628350K->9594948K(25159296K), 0.0447433 secs] [Times: user=0.55 sys=0.00, real=0.04 secs] 
2014-04-09T14:17:35.857+0900: 275.506: [GC (Allocation Failure) 275.507: [ParNew: 58981K->6528K(59008K), 0.0456726 secs] 9647402K->9629232K(25159296K), 0.0458792 secs] [Times: user=0.55 sys=0.00, real=0.05 secs] 
2014-04-09T14:17:35.924+0900: 275.573: [GC (Allocation Failure) 275.573: [ParNew: 59006K->6528K(59008K), 0.0397474 secs] 9681711K->9656225K(25159296K), 0.0399738 secs] [Times: user=0.48 sys=0.00, real=0.04 secs] 
2014-04-09T14:17:36.008+0900: 275.657: [GC (Allocation Failure) 275.657: [ParNew: 59007K->6528K(59008K), 0.0528395 secs] 9708705K->9682312K(25159296K), 0.0530842 secs] [Times: user=0.69 sys=0.00, real=0.05 secs] 
2014-04-09T14:17:36.082+0900: 275.731: [GC (Allocation Failure) 275.732: [ParNew: 52843K->6528K(59008K), 0.0380937 secs] 9728627K->9696531K(25159296K), 0.0383020 secs] [Times: user=0.45 sys=0.00, real=0.03 secs] 
2014-04-09T14:17:36.156+0900: 275.805: [GC (Allocation Failure) 275.805: [ParNew: 59008K->6528K(59008K), 0.0448136 secs] 9749011K->9713533K(25159296K), 0.0450106 secs] [Times: user=0.55 sys=0.00, real=0.04 secs] 
2014-04-09T14:17:36.241+0900: 275.890: [GC (Allocation Failure) 275.890: [ParNew: 59008K->6528K(59008K), 0.0417240 secs] 9766013K->9721538K(25159296K), 0.0419653 secs] [Times: user=0.50 sys=0.01, real=0.05 secs] 
2014-04-09T14:17:36.326+0900: 275.975: [GC (Allocation Failure) 275.975: [ParNew: 55769K->6528K(59008K), 0.0380630 secs] 9770779K->9726960K(25159296K), 0.0383357 secs] [Times: user=0.45 sys=0.00, real=0.04 secs] 
2014-04-09T14:17:36.394+0900: 276.043: [GC (Allocation Failure) 276.044: [ParNew: 49329K->5462K(59008K), 0.0333412 secs] 9769762K->9744247K(25159296K), 0.0335987 secs] [Times: user=0.42 sys=0.00, real=0.03 secs] 
2014-04-09T14:17:36.458+0900: 276.107: [GC (Allocation Failure) 276.107: [ParNew: 57942K->4731K(59008K), 0.0345036 secs] 9796727K->9774874K(25159296K), 0.0347490 secs] [Times: user=0.43 sys=0.00, real=0.04 secs] 
2014-04-09T14:17:36.510+0900: 276.159: [GC (Allocation Failure) 276.159: [ParNew: 49442K->4339K(59008K), 0.0389376 secs] 9819584K->9799518K(25159296K), 0.0391805 secs] [Times: user=0.48 sys=0.00, real=0.04 secs] 
2014-04-09T14:17:36.573+0900: 276.222: [GC (Allocation Failure) 276.222: [ParNew: 56819K->6528K(59008K), 0.0436970 secs] 9851998K->9824827K(25159296K), 0.0439424 secs] [Times: user=0.54 sys=0.02, real=0.04 secs] 
2014-04-09T14:17:36.640+0900: 276.289: [GC (Allocation Failure) 276.290: [ParNew: 59008K->6528K(59008K), 0.0476248 secs] 9877307K->9865418K(25159296K), 0.0478829 secs] [Times: user=0.59 sys=0.00, real=0.05 secs] 
2014-04-09T14:17:36.714+0900: 276.363: [GC (Allocation Failure) 276.363: [ParNew: 59008K->6528K(59008K), 0.0405996 secs] 9917898K->9895750K(25159296K), 0.0408397 secs] [Times: user=0.48 sys=0.00, real=0.04 secs] 
2014-04-09T14:17:36.779+0900: 276.428: [GC (Allocation Failure) 276.428: [ParNew: 59008K->6528K(59008K), 0.0416592 secs] 9948230K->9915067K(25159296K), 0.0418960 secs] [Times: user=0.49 sys=0.00, real=0.04 secs] 
2014-04-09T14:17:36.862+0900: 276.511: [GC (Allocation Failure) 276.511: [ParNew: 59008K->6528K(59008K), 0.0438154 secs] 9967547K->9922438K(25159296K), 0.0440568 secs] [Times: user=0.53 sys=0.00, real=0.04 secs] 
2014-04-09T14:17:36.934+0900: 276.583: [GC (Allocation Failure) 276.583: [ParNew: 50106K->2445K(59008K), 0.0394799 secs] 9966017K->9931955K(25159296K), 0.0397223 secs] [Times: user=0.48 sys=0.00, real=0.04 secs] 
2014-04-09T14:17:36.999+0900: 276.648: [GC (Allocation Failure) 276.648: [ParNew: 54925K->6266K(59008K), 0.0350893 secs] 9984435K->9945937K(25159296K), 0.0353346 secs] [Times: user=0.44 sys=0.00, real=0.04 secs] 
2014-04-09T14:17:37.064+0900: 276.713: [GC (Allocation Failure) 276.713: [ParNew: 58746K->6528K(59008K), 0.0461403 secs] 9998417K->9955662K(25159296K), 0.0463768 secs] [Times: user=0.56 sys=0.01, real=0.04 secs] 
2014-04-09T14:17:37.138+0900: 276.787: [GC (Allocation Failure) 276.787: [ParNew: 59008K->6528K(59008K), 0.0317640 secs] 10008142K->9963480K(25159296K), 0.0320068 secs] [Times: user=0.38 sys=0.00, real=0.03 secs] 
2014-04-09T14:17:37.206+0900: 276.855: [GC (Allocation Failure) 276.855: [ParNew: 55028K->6528K(59008K), 0.0370879 secs] 10011981K->9976454K(25159296K), 0.0373269 secs] [Times: user=0.45 sys=0.01, real=0.04 secs] 
2014-04-09T14:17:37.291+0900: 276.940: [GC (Allocation Failure) 276.941: [ParNew: 56298K->1798K(59008K), 0.0365120 secs] 10026225K->9996745K(25159296K), 0.0367592 secs] [Times: user=0.45 sys=0.00, real=0.03 secs] 
2014-04-09T14:17:37.356+0900: 277.005: [GC (Allocation Failure) 277.005: [ParNew: 53362K->1508K(59008K), 0.0396817 secs] 10048309K->10037337K(25159296K), 0.0399454 secs] [Times: user=0.50 sys=0.00, real=0.04 secs] 
2014-04-09T14:17:37.414+0900: 277.063: [GC (Allocation Failure) 277.063: [ParNew: 53960K->6528K(59008K), 0.0377187 secs] 10089788K->10069180K(25159296K), 0.0379671 secs] [Times: user=0.47 sys=0.01, real=0.04 secs] 
2014-04-09T14:17:37.468+0900: 277.117: [GC (Allocation Failure) 277.117: [ParNew: 51807K->6528K(59008K), 0.0372049 secs] 10114460K->10084000K(25159296K), 0.0374626 secs] [Times: user=0.47 sys=0.00, real=0.04 secs] 
2014-04-09T14:17:37.543+0900: 277.192: [GC (Allocation Failure) 277.193: [ParNew: 59008K->4980K(59008K), 0.0401079 secs] 10136480K->10116538K(25159296K), 0.0403549 secs] [Times: user=0.50 sys=0.01, real=0.04 secs] 
2014-04-09T14:17:37.642+0900: 277.291: [GC (Allocation Failure) 277.291: [ParNew: 57460K->6528K(59008K), 0.0418278 secs] 10169018K->10151398K(25159296K), 0.0420691 secs] [Times: user=0.52 sys=0.00, real=0.04 secs] 
2014-04-09T14:17:37.711+0900: 277.360: [GC (Allocation Failure) 277.360: [ParNew: 59008K->6528K(59008K), 0.0378816 secs] 10203878K->10180813K(25159296K), 0.0381256 secs] [Times: user=0.47 sys=0.00, real=0.04 secs] 
2014-04-09T14:17:37.795+0900: 277.444: [GC (Allocation Failure) 277.444: [ParNew: 59008K->6528K(59008K), 0.0480701 secs] 10233293K->10196136K(25159296K), 0.0483170 secs] [Times: user=0.58 sys=0.00, real=0.05 secs] 
2014-04-09T14:17:37.907+0900: 277.556: [GC (Allocation Failure) 277.556: [ParNew: 59008K->6528K(59008K), 0.0493421 secs] 10248616K->10206506K(25159296K), 0.0495858 secs] [Times: user=0.60 sys=0.01, real=0.05 secs] 
2014-04-09T14:17:37.989+0900: 277.638: [GC (Allocation Failure) 277.638: [ParNew: 58155K->6528K(59008K), 0.0393191 secs] 10258134K->10234156K(25159296K), 0.0395778 secs] [Times: user=0.48 sys=0.00, real=0.04 secs] 
2014-04-09T14:17:38.069+0900: 277.718: [GC (Allocation Failure) 277.718: [ParNew: 58922K->6528K(59008K), 0.0419744 secs] 10286551K->10248378K(25159296K), 0.0422198 secs] [Times: user=0.50 sys=0.01, real=0.04 secs] 
2014-04-09T14:17:38.154+0900: 277.803: [GC (Allocation Failure) 277.803: [ParNew: 59008K->6528K(59008K), 0.0369770 secs] 10300858K->10260879K(25159296K), 0.0372234 secs] [Times: user=0.46 sys=0.00, real=0.04 secs] 
2014-04-09T14:17:38.217+0900: 277.866: [GC (Allocation Failure) 277.866: [ParNew: 59008K->6528K(59008K), 0.0394911 secs] 10313359K->10288351K(25159296K), 0.0397405 secs] [Times: user=0.49 sys=0.00, real=0.04 secs] 
2014-04-09T14:17:38.281+0900: 277.930: [GC (Allocation Failure) 277.930: [ParNew: 59008K->6528K(59008K), 0.0353259 secs] 10340831K->10318424K(25159296K), 0.0355736 secs] [Times: user=0.43 sys=0.01, real=0.04 secs] 
2014-04-09T14:17:38.347+0900: 277.996: [GC (Allocation Failure) 277.997: [ParNew: 51268K->6528K(59008K), 0.0463064 secs] 10363164K->10340385K(25159296K), 0.0465464 secs] [Times: user=0.56 sys=0.00, real=0.05 secs] 
2014-04-09T14:17:38.421+0900: 278.070: [GC (Allocation Failure) 278.070: [ParNew: 59008K->6528K(59008K), 0.0415221 secs] 10392865K->10367844K(25159296K), 0.0417572 secs] [Times: user=0.50 sys=0.01, real=0.05 secs] 
2014-04-09T14:17:38.482+0900: 278.131: [GC (Allocation Failure) 278.131: [ParNew: 59008K->4990K(59008K), 0.0366777 secs] 10420324K->10380888K(25159296K), 0.0369191 secs] [Times: user=0.45 sys=0.00, real=0.03 secs] 
2014-04-09T14:17:38.539+0900: 278.188: [GC (Allocation Failure) 278.188: [ParNew: 57470K->5864K(59008K), 0.0338867 secs] 10433368K->10412245K(25159296K), 0.0341286 secs] [Times: user=0.42 sys=0.00, real=0.04 secs] 
2014-04-09T14:17:38.598+0900: 278.247: [GC (Allocation Failure) 278.247: [ParNew: 58344K->6528K(59008K), 0.0479864 secs] 10464725K->10431349K(25159296K), 0.0482367 secs] [Times: user=0.53 sys=0.00, real=0.05 secs] 
2014-04-09T14:17:38.672+0900: 278.321: [GC (Allocation Failure) 278.321: [ParNew: 59008K->6528K(59008K), 0.0560038 secs] 10483829K->10456747K(25159296K), 0.0562351 secs] [Times: user=0.58 sys=0.01, real=0.05 secs] 
2014-04-09T14:17:38.757+0900: 278.406: [GC (Allocation Failure) 278.406: [ParNew: 59008K->6528K(59008K), 0.0429838 secs] 10509227K->10487263K(25159296K), 0.0432404 secs] [Times: user=0.51 sys=0.02, real=0.04 secs] 
2014-04-09T14:17:38.824+0900: 278.473: [GC (Allocation Failure) 278.473: [ParNew: 51048K->6528K(59008K), 0.0388094 secs] 10531783K->10498247K(25159296K), 0.0390386 secs] [Times: user=0.50 sys=0.00, real=0.04 secs] 
2014-04-09T14:17:38.881+0900: 278.530: [GC (Allocation Failure) 278.530: [ParNew: 59008K->6528K(59008K), 0.0492776 secs] 10550727K->10524908K(25159296K), 0.0495268 secs] [Times: user=0.58 sys=0.01, real=0.05 secs] 
2014-04-09T14:17:38.951+0900: 278.600: [GC (Allocation Failure) 278.600: [ParNew: 59008K->6528K(59008K), 0.0383966 secs] 10577388K->10545561K(25159296K), 0.0386272 secs] [Times: user=0.48 sys=0.01, real=0.04 secs] 
2014-04-09T14:17:39.005+0900: 278.654: [GC (Allocation Failure) 278.655: [ParNew: 55490K->5936K(59008K), 0.0297077 secs] 10594523K->10556265K(25159296K), 0.0299514 secs] [Times: user=0.37 sys=0.00, real=0.03 secs] 
2014-04-09T14:17:39.057+0900: 278.706: [GC (Allocation Failure) 278.706: [ParNew: 58416K->6528K(59008K), 0.0423140 secs] 10608745K->10583849K(25159296K), 0.0425538 secs] [Times: user=0.51 sys=0.01, real=0.04 secs] 
2014-04-09T14:17:39.128+0900: 278.777: [GC (Allocation Failure) 278.777: [ParNew: 59008K->6528K(59008K), 0.0501342 secs] 10636329K->10604800K(25159296K), 0.0503678 secs] [Times: user=0.59 sys=0.01, real=0.05 secs] 
2014-04-09T14:17:39.204+0900: 278.853: [GC (Allocation Failure) 278.853: [ParNew: 55649K->6528K(59008K), 0.0388210 secs] 10653921K->10626621K(25159296K), 0.0390543 secs] [Times: user=0.44 sys=0.01, real=0.04 secs] 
2014-04-09T14:17:39.264+0900: 278.913: [GC (Allocation Failure) 278.913: [ParNew: 59008K->6528K(59008K), 0.0428065 secs] 10679101K->10653161K(25159296K), 0.0430319 secs] [Times: user=0.52 sys=0.01, real=0.04 secs] 
2014-04-09T14:17:39.311+0900: 278.960: [CMS-concurrent-mark: 1.696/4.166 secs] [Times: user=41.09 sys=0.78, real=4.17 secs] 
2014-04-09T14:17:39.311+0900: 278.960: [CMS-concurrent-preclean-start]
2014-04-09T14:17:39.324+0900: 278.973: [GC (Allocation Failure) 278.973: [ParNew: 59008K->1976K(59008K), 0.0349655 secs] 10705641K->10677123K(25159296K), 0.0351992 secs] [Times: user=0.44 sys=0.00, real=0.03 secs] 
2014-04-09T14:17:39.390+0900: 279.039: [GC (Allocation Failure) 279.039: [ParNew: 50132K->6528K(59008K), 0.0394965 secs] 10725279K->10693618K(25159296K), 0.0397218 secs] [Times: user=0.49 sys=0.01, real=0.04 secs] 
2014-04-09T14:17:39.449+0900: 279.098: [GC (Allocation Failure) 279.098: [ParNew: 59008K->6528K(59008K), 0.0430064 secs] 10746098K->10717155K(25159296K), 0.0432322 secs] [Times: user=0.49 sys=0.01, real=0.05 secs] 
2014-04-09T14:17:39.534+0900: 279.183: [GC (Allocation Failure) 279.183: [ParNew: 59008K->6528K(59008K), 0.0397266 secs] 10769635K->10736256K(25159296K), 0.0399593 secs] [Times: user=0.48 sys=0.00, real=0.04 secs] 
2014-04-09T14:17:39.613+0900: 279.262: [GC (Allocation Failure) 279.262: [ParNew: 50867K->4574K(59008K), 0.0356541 secs] 10780595K->10757548K(25159296K), 0.0358770 secs] [Times: user=0.44 sys=0.00, real=0.03 secs] 
2014-04-09T14:17:39.668+0900: 279.317: [GC (Allocation Failure) 279.317: [ParNew: 52285K->6528K(59008K), 0.0341067 secs] 10805260K->10781133K(25159296K), 0.0343341 secs] [Times: user=0.42 sys=0.00, real=0.04 secs] 
2014-04-09T14:17:39.716+0900: 279.365: [GC (Allocation Failure) 279.365: [ParNew: 58979K->6507K(59008K), 0.0426505 secs] 10833585K->10809941K(25159296K), 0.0428755 secs] [Times: user=0.51 sys=0.01, real=0.04 secs] 
2014-04-09T14:17:39.777+0900: 279.426: [GC (Allocation Failure) 279.426: [ParNew: 55315K->2147K(59008K), 0.0313372 secs] 10858749K->10826121K(25159296K), 0.0315656 secs] [Times: user=0.40 sys=0.00, real=0.03 secs] 
2014-04-09T14:17:39.833+0900: 279.482: [GC (Allocation Failure) 279.482: [ParNew: 54627K->6528K(59008K), 0.0388492 secs] 10878601K->10861598K(25159296K), 0.0390676 secs] [Times: user=0.46 sys=0.00, real=0.04 secs] 
2014-04-09T14:17:39.904+0900: 279.553: [GC (Allocation Failure) 279.553: [ParNew: 59006K->6528K(59008K), 0.0439909 secs] 10914077K->10888559K(25159296K), 0.0442230 secs] [Times: user=0.51 sys=0.01, real=0.04 secs] 
2014-04-09T14:17:39.972+0900: 279.621: [GC (Allocation Failure) 279.621: [ParNew: 59008K->6528K(59008K), 0.0372671 secs] 10941039K->10913418K(25159296K), 0.0374896 secs] [Times: user=0.43 sys=0.01, real=0.03 secs] 
2014-04-09T14:17:40.025+0900: 279.674: [GC (Allocation Failure) 279.674: [ParNew: 49409K->4804K(59008K), 0.0401621 secs] 10956300K->10925249K(25159296K), 0.0403874 secs] [Times: user=0.49 sys=0.00, real=0.04 secs] 
2014-04-09T14:17:40.102+0900: 279.751: [GC (Allocation Failure) 279.751: [ParNew: 57284K->6528K(59008K), 0.0352307 secs] 10977729K->10939319K(25159296K), 0.0354564 secs] [Times: user=0.45 sys=0.00, real=0.03 secs] 
2014-04-09T14:17:40.182+0900: 279.831: [GC (Allocation Failure) 279.831: [ParNew: 59008K->6528K(59008K), 0.0382313 secs] 10991799K->10954069K(25159296K), 0.0384641 secs] [Times: user=0.44 sys=0.00, real=0.03 secs] 
2014-04-09T14:17:40.275+0900: 279.924: [GC (Allocation Failure) 279.924: [ParNew: 59008K->5122K(59008K), 0.0415678 secs] 11006549K->10972910K(25159296K), 0.0418129 secs] [Times: user=0.51 sys=0.01, real=0.04 secs] 
2014-04-09T14:17:40.365+0900: 280.014: [GC (Allocation Failure) 280.014: [ParNew: 57602K->6528K(59008K), 0.0394890 secs] 11025390K->10998800K(25159296K), 0.0397414 secs] [Times: user=0.48 sys=0.00, real=0.04 secs] 
2014-04-09T14:17:40.429+0900: 280.078: [GC (Allocation Failure) 280.079: [ParNew: 56092K->3013K(59008K), 0.0334406 secs] 11048364K->11015828K(25159296K), 0.0336863 secs] [Times: user=0.42 sys=0.01, real=0.04 secs] 
2014-04-09T14:17:40.486+0900: 280.135: [GC (Allocation Failure) 280.135: [ParNew: 55493K->6528K(59008K), 0.0387371 secs] 11068308K->11049854K(25159296K), 0.0389898 secs] [Times: user=0.48 sys=0.00, real=0.04 secs] 
2014-04-09T14:17:40.575+0900: 280.224: [GC (Allocation Failure) 280.225: [ParNew: 55380K->6528K(59008K), 0.0434192 secs] 11098706K->11076830K(25159296K), 0.0436693 secs] [Times: user=0.44 sys=0.01, real=0.04 secs] 
2014-04-09T14:17:40.643+0900: 280.292: [GC (Allocation Failure) 280.292: [ParNew: 58474K->6528K(59008K), 0.0408306 secs] 11128776K->11103952K(25159296K), 0.0410753 secs] [Times: user=0.48 sys=0.00, real=0.04 secs] 
2014-04-09T14:17:40.736+0900: 280.385: [GC (Allocation Failure) 280.385: [ParNew: 59008K->6528K(59008K), 0.0760174 secs] 11156432K->11142841K(25159296K), 0.0762631 secs] [Times: user=0.94 sys=0.01, real=0.08 secs] 
2014-04-09T14:17:40.910+0900: 280.559: [GC (Allocation Failure) 280.559: [ParNew: 59008K->6528K(59008K), 0.0647312 secs] 11195321K->11154057K(25159296K), 0.0649773 secs] [Times: user=0.74 sys=0.01, real=0.07 secs] 
2014-04-09T14:17:41.036+0900: 280.685: [GC (Allocation Failure) 280.685: [ParNew: 56254K->6528K(59008K), 0.0455534 secs] 11203784K->11160865K(25159296K), 0.0457980 secs] [Times: user=0.51 sys=0.01, real=0.05 secs] 
2014-04-09T14:17:41.144+0900: 280.793: [GC (Allocation Failure) 280.793: [ParNew: 58982K->3276K(59008K), 0.0354190 secs] 11213319K->11176234K(25159296K), 0.0356646 secs] [Times: user=0.44 sys=0.00, real=0.03 secs] 
2014-04-09T14:17:41.197+0900: 280.846: [GC (Allocation Failure) 280.846: [ParNew: 53375K->6528K(59008K), 0.0394026 secs] 11226333K->11196624K(25159296K), 0.0396504 secs] [Times: user=0.49 sys=0.00, real=0.04 secs] 
2014-04-09T14:17:41.265+0900: 280.914: [GC (Allocation Failure) 280.914: [ParNew: 59007K->6528K(59008K), 0.0361523 secs] 11249103K->11232197K(25159296K), 0.0363869 secs] [Times: user=0.43 sys=0.01, real=0.04 secs] 
2014-04-09T14:17:41.350+0900: 280.999: [GC (Allocation Failure) 280.999: [ParNew: 59008K->6528K(59008K), 0.0585423 secs] 11284677K->11255996K(25159296K), 0.0587770 secs] [Times: user=0.52 sys=0.03, real=0.06 secs] 
2014-04-09T14:17:41.502+0900: 281.151: [GC (Allocation Failure) 281.151: [ParNew: 59008K->6528K(59008K), 0.0440759 secs] 11308476K->11263919K(25159296K), 0.0443147 secs] [Times: user=0.53 sys=0.00, real=0.05 secs] 
2014-04-09T14:17:41.667+0900: 281.316: [GC (Allocation Failure) 281.316: [ParNew: 59008K->6528K(59008K), 0.0443114 secs] 11316399K->11279420K(25159296K), 0.0445533 secs] [Times: user=0.54 sys=0.00, real=0.04 secs] 
2014-04-09T14:17:41.753+0900: 281.402: [GC (Allocation Failure) 281.403: [ParNew: 59007K->6528K(59008K), 0.0353729 secs] 11331899K->11299793K(25159296K), 0.0356044 secs] [Times: user=0.45 sys=0.01, real=0.03 secs] 
2014-04-09T14:17:41.980+0900: 281.629: [GC (Allocation Failure) 281.629: [ParNew: 59008K->6528K(59008K), 0.0942288 secs] 11352273K->11327035K(25159296K), 0.0944598 secs] [Times: user=1.06 sys=0.01, real=0.10 secs] 
2014-04-09T14:17:42.100+0900: 281.749: [GC (Allocation Failure) 281.749: [ParNew: 59008K->6528K(59008K), 0.0565290 secs] 11379515K->11355621K(25159296K), 0.0567675 secs] [Times: user=0.68 sys=0.01, real=0.06 secs] 
2014-04-09T14:17:42.180+0900: 281.829: [GC (Allocation Failure) 281.829: [ParNew: 59008K->6528K(59008K), 0.0456600 secs] 11408101K->11380276K(25159296K), 0.0458859 secs] [Times: user=0.57 sys=0.00, real=0.05 secs] 
2014-04-09T14:17:42.260+0900: 281.909: [GC (Allocation Failure) 281.909: [ParNew: 59007K->6528K(59008K), 0.0623110 secs] 11432756K->11404274K(25159296K), 0.0625369 secs] [Times: user=0.58 sys=0.02, real=0.06 secs] 
2014-04-09T14:17:42.353+0900: 282.002: [GC (Allocation Failure) 282.002: [ParNew: 59008K->6528K(59008K), 0.0483756 secs] 11456754K->11423925K(25159296K), 0.0486054 secs] [Times: user=0.41 sys=0.02, real=0.04 secs] 
2014-04-09T14:17:42.425+0900: 282.074: [GC (Allocation Failure) 282.074: [ParNew: 59008K->6387K(59008K), 0.0377230 secs] 11476405K->11444116K(25159296K), 0.0379489 secs] [Times: user=0.43 sys=0.01, real=0.04 secs] 
2014-04-09T14:17:42.511+0900: 282.160: [GC (Allocation Failure) 282.161: [ParNew: 58867K->6528K(59008K), 0.0798321 secs] 11496596K->11456774K(25159296K), 0.0800561 secs] [Times: user=1.02 sys=0.00, real=0.08 secs] 
2014-04-09T14:17:42.660+0900: 282.309: [GC (Allocation Failure) 282.310: [ParNew: 57240K->6528K(59008K), 0.0564207 secs] 11507487K->11477042K(25159296K), 0.0566532 secs] [Times: user=0.66 sys=0.01, real=0.06 secs] 
2014-04-09T14:17:42.747+0900: 282.397: [GC (Allocation Failure) 282.397: [ParNew: 58907K->5252K(59008K), 0.0493737 secs] 11529421K->11501399K(25159296K), 0.0496059 secs] [Times: user=0.58 sys=0.00, real=0.05 secs] 
2014-04-09T14:17:42.863+0900: 282.512: [GC (Allocation Failure) 282.512: [ParNew: 57732K->6528K(59008K), 0.0494974 secs] 11553879K->11525199K(25159296K), 0.0497221 secs] [Times: user=0.59 sys=0.00, real=0.05 secs] 
2014-04-09T14:17:42.971+0900: 282.621: [GC (Allocation Failure) 282.621: [ParNew: 59008K->6528K(59008K), 0.0411645 secs] 11577679K->11531651K(25159296K), 0.0413934 secs] [Times: user=0.48 sys=0.01, real=0.05 secs] 
2014-04-09T14:17:43.081+0900: 282.730: [CMS-concurrent-preclean: 1.652/3.770 secs] [Times: user=28.01 sys=0.56, real=3.76 secs] 
2014-04-09T14:17:43.082+0900: 282.731: [GC (Allocation Failure) 282.731: [ParNew: 56403K->6528K(59008K), 0.0383385 secs] 11581527K->11535759K(25159296K), 0.0385522 secs] [Times: user=0.47 sys=0.00, real=0.04 secs] 
2014-04-09T14:17:43.121+0900: 282.770: [CMS-concurrent-abortable-preclean-start]
2014-04-09T14:17:43.174+0900: 282.823: [GC (Allocation Failure) 282.823: [ParNew: 58986K->1390K(59008K), 0.0327861 secs] 11588217K->11548974K(25159296K), 0.0330163 secs] [Times: user=0.41 sys=0.01, real=0.03 secs] 
2014-04-09T14:17:43.238+0900: 282.887: [GC (Allocation Failure) 282.887: [ParNew: 53868K->1465K(59008K), 0.0327073 secs] 11601452K->11569370K(25159296K), 0.0329279 secs] [Times: user=0.41 sys=0.01, real=0.03 secs] 
2014-04-09T14:17:43.303+0900: 282.952: [GC (Allocation Failure) 282.952: [ParNew: 53945K->6528K(59008K), 0.0397291 secs] 11621850K->11594129K(25159296K), 0.0399548 secs] [Times: user=0.49 sys=0.01, real=0.04 secs] 
2014-04-09T14:17:43.415+0900: 283.064: [CMS-concurrent-abortable-preclean: 0.174/0.294 secs] [Times: user=1.79 sys=0.05, real=0.30 secs] 
2014-04-09T14:17:43.416+0900: 283.065: [GC (Allocation Failure) 283.065: [ParNew: 59008K->6528K(59008K), 0.0365284 secs] 11646609K->11613666K(25159296K), 0.0367298 secs] [Times: user=0.39 sys=0.02, real=0.04 secs] 
2014-04-09T14:17:43.455+0900: 283.105: [GC (CMS Final Remark) [YG occupancy: 16690 K (59008 K)]283.105: [Rescan (parallel) , 0.0136839 secs]283.118: [weak refs processing, 0.0001346 secs]283.118: [class unloading, 0.0366838 secs]283.155: [scrub symbol table, 0.0040703 secs]283.159: [scrub string table, 0.0012195 secs][1 CMS-remark: 11607138K(25100288K)] 11623829K(25159296K), 0.0615577 secs] [Times: user=0.22 sys=0.00, real=0.06 secs] 
2014-04-09T14:17:43.517+0900: 283.166: [CMS-concurrent-sweep-start]
2014-04-09T14:17:43.566+0900: 283.215: [GC (Allocation Failure) 283.215: [ParNew: 59007K->6528K(59008K), 0.0774773 secs] 11664202K->11647171K(25159296K), 0.0776962 secs] [Times: user=0.80 sys=0.02, real=0.08 secs] 
2014-04-09T14:17:43.730+0900: 283.379: [GC (Allocation Failure) 283.380: [ParNew: 59008K->6528K(59008K), 0.0490526 secs] 11697367K->11654764K(25159296K), 0.0493015 secs] [Times: user=0.59 sys=0.00, real=0.05 secs] 
2014-04-09T14:17:43.828+0900: 283.477: [GC (Allocation Failure) 283.478: [ParNew: 59008K->5307K(59008K), 0.0457350 secs] 11706322K->11667558K(25159296K), 0.0459814 secs] [Times: user=0.53 sys=0.00, real=0.05 secs] 
2014-04-09T14:17:43.914+0900: 283.563: [GC (Allocation Failure) 283.563: [ParNew: 55849K->6528K(59008K), 0.0464901 secs] 11717054K->11693845K(25159296K), 0.0467405 secs] [Times: user=0.56 sys=0.01, real=0.04 secs] 
2014-04-09T14:17:43.998+0900: 283.647: [GC (Allocation Failure) 283.648: [ParNew: 59007K->6528K(59008K), 0.0414616 secs] 11745720K->11712815K(25159296K), 0.0417138 secs] [Times: user=0.50 sys=0.00, real=0.04 secs] 
2014-04-09T14:17:44.081+0900: 283.730: [GC (Allocation Failure) 283.730: [ParNew: 59008K->6528K(59008K), 0.0490200 secs] 11764425K->11745607K(25159296K), 0.0492738 secs] [Times: user=0.58 sys=0.00, real=0.05 secs] 
2014-04-09T14:17:44.216+0900: 283.865: [GC (Allocation Failure) 283.865: [ParNew: 59008K->6528K(59008K), 0.0420707 secs] 11795056K->11747504K(25159296K), 0.0423184 secs] [Times: user=0.52 sys=0.00, real=0.04 secs] 
2014-04-09T14:17:44.345+0900: 283.994: [GC (Allocation Failure) 283.994: [ParNew: 59008K->6528K(59008K), 0.0482279 secs] 11785887K->11748401K(25159296K), 0.0484793 secs] [Times: user=0.57 sys=0.01, real=0.05 secs] 
2014-04-09T14:17:44.538+0900: 284.188: [GC (Allocation Failure) 284.188: [ParNew: 55107K->5141K(59008K), 0.0356173 secs] 11780871K->11743891K(25159296K), 0.0358698 secs] [Times: user=0.43 sys=0.01, real=0.04 secs] 
2014-04-09T14:17:44.620+0900: 284.269: [GC (Allocation Failure) 284.269: [ParNew: 56785K->6528K(59008K), 0.0385025 secs] 11790024K->11755430K(25159296K), 0.0387585 secs] [Times: user=0.48 sys=0.00, real=0.04 secs] 
2014-04-09T14:17:44.733+0900: 284.382: [GC (Allocation Failure) 284.382: [ParNew: 59006K->6528K(59008K), 0.0475766 secs] 11803068K->11781632K(25159296K), 0.0478266 secs] [Times: user=0.58 sys=0.01, real=0.04 secs] 
2014-04-09T14:17:44.902+0900: 284.551: [GC (Allocation Failure) 284.551: [ParNew: 59008K->6528K(59008K), 0.0428122 secs] 11828443K->11783131K(25159296K), 0.0430545 secs] [Times: user=0.50 sys=0.00, real=0.05 secs] 
2014-04-09T14:17:45.058+0900: 284.707: [GC (Allocation Failure) 284.707: [ParNew: 59001K->6528K(59008K), 0.0456875 secs] 11827632K->11790381K(25159296K), 0.0459326 secs] [Times: user=0.56 sys=0.01, real=0.05 secs] 
2014-04-09T14:17:45.152+0900: 284.801: [GC (Allocation Failure) 284.801: [ParNew: 59006K->6528K(59008K), 0.0437799 secs] 11840223K->11810752K(25159296K), 0.0440262 secs] [Times: user=0.53 sys=0.01, real=0.05 secs] 
2014-04-09T14:17:45.306+0900: 284.955: [GC (Allocation Failure) 284.955: [ParNew: 59008K->6528K(59008K), 0.0471422 secs] 11853122K->11813440K(25159296K), 0.0473964 secs] [Times: user=0.51 sys=0.01, real=0.05 secs] 
2014-04-09T14:17:45.497+0900: 285.146: [GC (Allocation Failure) 285.146: [ParNew: 53349K->5622K(59008K), 0.0448029 secs] 11830050K->11799070K(25159296K), 0.0450529 secs] [Times: user=0.51 sys=0.01, real=0.04 secs] 
2014-04-09T14:17:45.573+0900: 285.222: [GC (Allocation Failure) 285.222: [ParNew: 57118K->1512K(59008K), 0.0412039 secs] 11846592K->11811309K(25159296K), 0.0414668 secs] [Times: user=0.52 sys=0.01, real=0.04 secs] 
2014-04-09T14:17:45.749+0900: 285.398: [GC (Allocation Failure) 285.398: [ParNew: 53992K->6528K(59008K), 0.0530826 secs] 11850931K->11828745K(25159296K), 0.0533237 secs] [Times: user=0.60 sys=0.01, real=0.05 secs] 
2014-04-09T14:17:45.910+0900: 285.559: [CMS-concurrent-sweep: 1.520/2.392 secs] [Times: user=13.46 sys=0.22, real=2.39 secs] 
2014-04-09T14:17:45.910+0900: 285.559: [CMS-concurrent-reset-start]
2014-04-09T14:17:45.918+0900: 285.567: [GC (Allocation Failure) 285.567: [ParNew: 55098K->6528K(59008K), 0.0375852 secs] 10505464K->10463180K(25159296K), 0.0378272 secs] [Times: user=0.44 sys=0.00, real=0.04 secs] 
2014-04-09T14:17:46.021+0900: 285.670: [CMS-concurrent-reset: 0.072/0.111 secs] [Times: user=0.58 sys=0.00, real=0.11 secs] 
2014-04-09T14:17:46.045+0900: 285.694: [GC (Allocation Failure) 285.694: [ParNew: 59001K->6528K(59008K), 0.0381707 secs] 10515653K->10474485K(25159296K), 0.0384086 secs] [Times: user=0.48 sys=0.01, real=0.04 secs] 
2014-04-09T14:17:46.084+0900: 285.733: [GC (CMS Initial Mark) [1 CMS-initial-mark: 10467957K(25100288K)] 10474547K(25159296K), 0.0017631 secs] [Times: user=0.01 sys=0.00, real=0.00 secs] 
2014-04-09T14:17:46.086+0900: 285.735: [CMS-concurrent-mark-start]
2014-04-09T14:17:46.141+0900: 285.790: [GC (Allocation Failure) 285.790: [ParNew: 59008K->6528K(59008K), 0.0470205 secs] 10526965K->10499503K(25159296K), 0.0472608 secs] [Times: user=0.56 sys=0.01, real=0.05 secs] 
2014-04-09T14:17:46.296+0900: 285.945: [GC (Allocation Failure) 285.945: [ParNew: 59008K->6528K(59008K), 0.0429129 secs] 10551983K->10511476K(25159296K), 0.0431781 secs] [Times: user=0.46 sys=0.01, real=0.04 secs] 
2014-04-09T14:17:46.475+0900: 286.124: [GC (Allocation Failure) 286.124: [ParNew: 59004K->5710K(59008K), 0.0460947 secs] 10563952K->10526751K(25159296K), 0.0463497 secs] [Times: user=0.52 sys=0.01, real=0.04 secs] 
2014-04-09T14:17:46.554+0900: 286.203: [GC (Allocation Failure) 286.203: [ParNew: 58190K->2307K(59008K), 0.0352888 secs] 10579231K->10543669K(25159296K), 0.0355320 secs] [Times: user=0.44 sys=0.00, real=0.03 secs] 
2014-04-09T14:17:46.684+0900: 286.333: [GC (Allocation Failure) 286.333: [ParNew: 54787K->6528K(59008K), 0.0460148 secs] 10596149K->10563354K(25159296K), 0.0462577 secs] [Times: user=0.44 sys=0.02, real=0.04 secs] 
2014-04-09T14:17:46.879+0900: 286.528: [GC (Allocation Failure) 286.528: [ParNew: 55471K->5016K(59008K), 0.0449700 secs] 10612298K->10576453K(25159296K), 0.0452192 secs] [Times: user=0.50 sys=0.00, real=0.05 secs] 
2014-04-09T14:17:46.969+0900: 286.618: [GC (Allocation Failure) 286.619: [ParNew: 56636K->6528K(59008K), 0.0371961 secs] 10628074K->10593081K(25159296K), 0.0374413 secs] [Times: user=0.47 sys=0.00, real=0.04 secs] 
2014-04-09T14:17:47.068+0900: 286.718: [GC (Allocation Failure) 286.718: [ParNew: 59008K->6528K(59008K), 0.0560165 secs] 10645561K->10623584K(25159296K), 0.0562604 secs] [Times: user=0.56 sys=0.02, real=0.06 secs] 
2014-04-09T14:17:47.335+0900: 286.984: [GC (Allocation Failure) 286.984: [ParNew: 59008K->6528K(59008K), 0.0622366 secs] 10676064K->10641735K(25159296K), 0.0624800 secs] [Times: user=0.75 sys=0.00, real=0.06 secs] 
2014-04-09T14:17:47.510+0900: 287.159: [GC (Allocation Failure) 287.159: [ParNew: 54577K->6528K(59008K), 0.0488288 secs] 10689784K->10658402K(25159296K), 0.0490675 secs] [Times: user=0.56 sys=0.01, real=0.05 secs] 
2014-04-09T14:17:47.634+0900: 287.283: [GC (Allocation Failure) 287.283: [ParNew: 59008K->6528K(59008K), 0.0420436 secs] 10710882K->10673239K(25159296K), 0.0422794 secs] [Times: user=0.49 sys=0.00, real=0.04 secs] 
2014-04-09T14:17:47.703+0900: 287.352: [GC (Allocation Failure) 287.352: [ParNew: 59008K->3343K(59008K), 0.0355901 secs] 10725719K->10676496K(25159296K), 0.0358310 secs] [Times: user=0.42 sys=0.01, real=0.03 secs] 
2014-04-09T14:17:47.767+0900: 287.416: [GC (Allocation Failure) 287.416: [ParNew: 55823K->1255K(59008K), 0.0308894 secs] 10728976K->10674409K(25159296K), 0.0311393 secs] [Times: user=0.39 sys=0.00, real=0.03 secs] 
2014-04-09T14:17:47.826+0900: 287.475: [GC (Allocation Failure) 287.475: [ParNew: 53735K->342K(59008K), 0.0316597 secs] 10726889K->10673495K(25159296K), 0.0319040 secs] [Times: user=0.41 sys=0.00, real=0.03 secs] 
2014-04-09T14:17:47.886+0900: 287.535: [GC (Allocation Failure) 287.535: [ParNew: 52822K->88K(59008K), 0.0329978 secs] 10725975K->10673241K(25159296K), 0.0332416 secs] [Times: user=0.41 sys=0.01, real=0.03 secs] 
2014-04-09T14:17:47.947+0900: 287.596: [GC (Allocation Failure) 287.596: [ParNew: 52568K->34K(59008K), 0.0338716 secs] 10725721K->10673187K(25159296K), 0.0341155 secs] [Times: user=0.42 sys=0.01, real=0.03 secs] 
2014-04-09T14:17:48.008+0900: 287.657: [GC (Allocation Failure) 287.657: [ParNew: 52514K->34K(59008K), 0.0313774 secs] 10725667K->10673187K(25159296K), 0.0316309 secs] [Times: user=0.40 sys=0.01, real=0.03 secs] 
2014-04-09T14:17:48.072+0900: 287.721: [GC (Allocation Failure) 287.721: [ParNew: 52514K->22K(59008K), 0.0312094 secs] 10725667K->10673187K(25159296K), 0.0314632 secs] [Times: user=0.39 sys=0.00, real=0.04 secs] 
2014-04-09T14:17:48.133+0900: 287.782: [GC (Allocation Failure) 287.782: [ParNew: 52502K->26K(59008K), 0.0308376 secs] 10725667K->10673192K(25159296K), 0.0310818 secs] [Times: user=0.39 sys=0.00, real=0.04 secs] 
2014-04-09T14:17:48.193+0900: 287.842: [GC (Allocation Failure) 287.842: [ParNew: 52506K->20K(59008K), 0.0314927 secs] 10725672K->10673185K(25159296K), 0.0317365 secs] [Times: user=0.40 sys=0.00, real=0.04 secs] 
2014-04-09T14:17:48.253+0900: 287.902: [GC (Allocation Failure) 287.902: [ParNew: 52500K->26K(59008K), 0.0355845 secs] 10725665K->10673192K(25159296K), 0.0358296 secs] [Times: user=0.45 sys=0.00, real=0.04 secs] 
2014-04-09T14:17:48.318+0900: 287.967: [GC (Allocation Failure) 287.967: [ParNew: 52506K->22K(59008K), 0.0328091 secs] 10725672K->10673187K(25159296K), 0.0330522 secs] [Times: user=0.42 sys=0.00, real=0.03 secs] 
2014-04-09T14:17:48.379+0900: 288.028: [GC (Allocation Failure) 288.029: [ParNew: 52502K->26K(59008K), 0.0330083 secs] 10725667K->10673192K(25159296K), 0.0332564 secs] [Times: user=0.42 sys=0.00, real=0.03 secs] 
2014-04-09T14:17:48.442+0900: 288.091: [GC (Allocation Failure) 288.091: [ParNew: 52506K->26K(59008K), 0.0343096 secs] 10725672K->10673192K(25159296K), 0.0345568 secs] [Times: user=0.44 sys=0.00, real=0.04 secs] 
2014-04-09T14:17:48.505+0900: 288.154: [GC (Allocation Failure) 288.154: [ParNew: 52506K->26K(59008K), 0.0323466 secs] 10725672K->10673192K(25159296K), 0.0325965 secs] [Times: user=0.41 sys=0.00, real=0.03 secs] 
2014-04-09T14:17:48.564+0900: 288.213: [GC (Allocation Failure) 288.213: [ParNew: 52506K->26K(59008K), 0.0311562 secs] 10725672K->10673192K(25159296K), 0.0314115 secs] [Times: user=0.39 sys=0.01, real=0.03 secs] 
2014-04-09T14:17:48.637+0900: 288.286: [GC (Allocation Failure) 288.286: [ParNew: 52506K->26K(59008K), 0.0318533 secs] 10725672K->10673192K(25159296K), 0.0321000 secs] [Times: user=0.40 sys=0.01, real=0.03 secs] 
2014-04-09T14:17:48.723+0900: 288.372: [GC (Allocation Failure) 288.372: [ParNew: 52506K->26K(59008K), 0.0339282 secs] 10725672K->10673192K(25159296K), 0.0341782 secs] [Times: user=0.43 sys=0.00, real=0.03 secs] 
2014-04-09T14:17:48.843+0900: 288.492: [GC (Allocation Failure) 288.492: [ParNew: 52506K->24K(59008K), 0.0324213 secs] 10725672K->10673191K(25159296K), 0.0326734 secs] [Times: user=0.41 sys=0.00, real=0.04 secs] 
2014-04-09T14:17:48.977+0900: 288.626: [CMS-concurrent-mark: 1.752/2.891 secs] [Times: user=23.54 sys=0.36, real=2.89 secs] 
2014-04-09T14:17:48.977+0900: 288.626: [CMS-concurrent-preclean-start]
2014-04-09T14:17:49.339+0900: 288.988: [CMS-concurrent-preclean: 0.336/0.362 secs] [Times: user=0.37 sys=0.00, real=0.36 secs] 
2014-04-09T14:17:49.339+0900: 288.988: [CMS-concurrent-abortable-preclean-start]
 CMS: abort preclean due to time 2014-04-09T14:17:54.404+0900: 294.053: [CMS-concurrent-abortable-preclean: 2.861/5.065 secs] [Times: user=4.28 sys=0.03, real=5.07 secs] 
2014-04-09T14:17:54.405+0900: 294.054: [GC (CMS Final Remark) [YG occupancy: 24550 K (59008 K)]294.054: [Rescan (parallel) , 0.0188530 secs]294.073: [weak refs processing, 0.0000674 secs]294.073: [class unloading, 0.0451888 secs]294.118: [scrub symbol table, 0.0048220 secs]294.123: [scrub string table, 0.0014048 secs][1 CMS-remark: 10673167K(25100288K)] 10697717K(25159296K), 0.0775068 secs] [Times: user=0.28 sys=0.00, real=0.07 secs] 
2014-04-09T14:17:54.484+0900: 294.133: [CMS-concurrent-sweep-start]
2014-04-09T14:17:55.854+0900: 295.503: [CMS-concurrent-sweep: 1.370/1.370 secs] [Times: user=1.38 sys=0.01, real=1.36 secs] 
2014-04-09T14:17:55.854+0900: 295.503: [CMS-concurrent-reset-start]
2014-04-09T14:17:55.917+0900: 295.566: [CMS-concurrent-reset: 0.063/0.063 secs] [Times: user=0.07 sys=0.00, real=0.07 secs] 
2014-04-09T14:17:56.519+0900: 296.168: [GC (Allocation Failure) 296.168: [ParNew: 52504K->195K(59008K), 0.0311958 secs] 8933307K->8880998K(25159296K), 0.0314516 secs] [Times: user=0.39 sys=0.00, real=0.03 secs] 
2014-04-09T14:17:56.553+0900: 296.202: [GC (CMS Initial Mark) [1 CMS-initial-mark: 8880803K(25100288K)] 8881539K(25159296K), 0.0020653 secs] [Times: user=0.01 sys=0.00, real=0.01 secs] 
2014-04-09T14:17:56.555+0900: 296.204: [CMS-concurrent-mark-start]
2014-04-09T14:17:56.591+0900: 296.240: [GC (Allocation Failure) 296.240: [ParNew: 52675K->254K(59008K), 0.0329368 secs] 8933478K->8881058K(25159296K), 0.0331808 secs] [Times: user=0.41 sys=0.00, real=0.03 secs] 
2014-04-09T14:17:56.659+0900: 296.308: [GC (Allocation Failure) 296.308: [ParNew: 52734K->288K(59008K), 0.0320441 secs] 8933538K->8881091K(25159296K), 0.0322912 secs] [Times: user=0.40 sys=0.00, real=0.03 secs] 
2014-04-09T14:17:56.725+0900: 296.374: [GC (Allocation Failure) 296.374: [ParNew: 52768K->247K(59008K), 0.0348989 secs] 8933571K->8881051K(25159296K), 0.0351447 secs] [Times: user=0.44 sys=0.00, real=0.03 secs] 
2014-04-09T14:17:56.793+0900: 296.442: [GC (Allocation Failure) 296.442: [ParNew: 52727K->280K(59008K), 0.0319475 secs] 8933531K->8881084K(25159296K), 0.0322106 secs] [Times: user=0.40 sys=0.00, real=0.04 secs] 
2014-04-09T14:17:56.859+0900: 296.508: [GC (Allocation Failure) 296.508: [ParNew: 52760K->248K(59008K), 0.0350285 secs] 8933564K->8881051K(25159296K), 0.0352828 secs] [Times: user=0.44 sys=0.00, real=0.04 secs] 
2014-04-09T14:17:56.928+0900: 296.577: [GC (Allocation Failure) 296.577: [ParNew: 52728K->132K(59008K), 0.0326258 secs] 8933531K->8881114K(25159296K), 0.0328695 secs] [Times: user=0.40 sys=0.00, real=0.03 secs] 
2014-04-09T14:17:56.996+0900: 296.645: [GC (Allocation Failure) 296.645: [ParNew: 52612K->34K(59008K), 0.0315419 secs] 8933594K->8881016K(25159296K), 0.0317851 secs] [Times: user=0.39 sys=0.01, real=0.03 secs] 
2014-04-09T14:17:57.063+0900: 296.712: [GC (Allocation Failure) 296.712: [ParNew: 52514K->26K(59008K), 0.0355496 secs] 8933496K->8881008K(25159296K), 0.0357943 secs] [Times: user=0.44 sys=0.00, real=0.04 secs] 
2014-04-09T14:17:57.139+0900: 296.788: [GC (Allocation Failure) 296.788: [ParNew: 52506K->30K(59008K), 0.0361627 secs] 8933488K->8881013K(25159296K), 0.0364191 secs] [Times: user=0.46 sys=0.00, real=0.04 secs] 
2014-04-09T14:17:57.210+0900: 296.859: [GC (Allocation Failure) 296.859: [ParNew: 52510K->33K(59008K), 0.0309086 secs] 8933493K->8881016K(25159296K), 0.0311506 secs] [Times: user=0.40 sys=0.00, real=0.03 secs] 
2014-04-09T14:17:57.277+0900: 296.926: [GC (Allocation Failure) 296.926: [ParNew: 52513K->32K(59008K), 0.0320143 secs] 8933496K->8881015K(25159296K), 0.0322578 secs] [Times: user=0.40 sys=0.01, real=0.03 secs] 
2014-04-09T14:17:57.345+0900: 296.994: [GC (Allocation Failure) 296.994: [ParNew: 52512K->34K(59008K), 0.0326020 secs] 8933495K->8881017K(25159296K), 0.0328542 secs] [Times: user=0.41 sys=0.00, real=0.03 secs] 
2014-04-09T14:17:57.417+0900: 297.066: [GC (Allocation Failure) 297.066: [ParNew: 52514K->32K(59008K), 0.0315678 secs] 8933497K->8881016K(25159296K), 0.0317922 secs] [Times: user=0.40 sys=0.01, real=0.03 secs] 
2014-04-09T14:17:57.489+0900: 297.138: [GC (Allocation Failure) 297.138: [ParNew: 52512K->44K(59008K), 0.0329322 secs] 8933496K->8881030K(25159296K), 0.0331560 secs] [Times: user=0.41 sys=0.01, real=0.03 secs] 
2014-04-09T14:17:57.559+0900: 297.208: [GC (Allocation Failure) 297.208: [ParNew: 52524K->44K(59008K), 0.0318778 secs] 8933510K->8881038K(25159296K), 0.0321007 secs] [Times: user=0.40 sys=0.01, real=0.03 secs] 
2014-04-09T14:17:57.630+0900: 297.279: [GC (Allocation Failure) 297.279: [ParNew: 52524K->50K(59008K), 0.0312029 secs] 8933518K->8881044K(25159296K), 0.0314275 secs] [Times: user=0.39 sys=0.00, real=0.03 secs] 
2014-04-09T14:17:57.700+0900: 297.349: [GC (Allocation Failure) 297.349: [ParNew: 52530K->52K(59008K), 0.0326891 secs] 8933524K->8881046K(25159296K), 0.0329115 secs] [Times: user=0.42 sys=0.01, real=0.03 secs] 
2014-04-09T14:17:57.773+0900: 297.422: [GC (Allocation Failure) 297.423: [ParNew: 52532K->52K(59008K), 0.0319676 secs] 8933526K->8881047K(25159296K), 0.0322108 secs] [Times: user=0.40 sys=0.00, real=0.04 secs] 
2014-04-09T14:17:57.845+0900: 297.494: [GC (Allocation Failure) 297.494: [ParNew: 52468K->51K(59008K), 0.0336819 secs] 8933463K->8881047K(25159296K), 0.0339052 secs] [Times: user=0.43 sys=0.00, real=0.03 secs] 
2014-04-09T14:17:57.916+0900: 297.565: [GC (Allocation Failure) 297.565: [ParNew: 52531K->38K(59008K), 0.0316840 secs] 8933527K->8881049K(25159296K), 0.0319144 secs] [Times: user=0.39 sys=0.01, real=0.03 secs] 
2014-04-09T14:17:57.987+0900: 297.636: [GC (Allocation Failure) 297.637: [ParNew: 52518K->32K(59008K), 0.0318462 secs] 8933529K->8881049K(25159296K), 0.0320872 secs] [Times: user=0.40 sys=0.00, real=0.03 secs] 
2014-04-09T14:17:58.054+0900: 297.703: [GC (Allocation Failure) 297.703: [ParNew: 52512K->24K(59008K), 0.0317011 secs] 8933529K->8881048K(25159296K), 0.0319218 secs] [Times: user=0.40 sys=0.01, real=0.04 secs] 
2014-04-09T14:17:58.121+0900: 297.770: [GC (Allocation Failure) 297.770: [ParNew: 52504K->26K(59008K), 0.0320336 secs] 8933528K->8881051K(25159296K), 0.0322527 secs] [Times: user=0.40 sys=0.01, real=0.03 secs] 
2014-04-09T14:17:58.190+0900: 297.839: [GC (Allocation Failure) 297.839: [ParNew: 52506K->26K(59008K), 0.0318591 secs] 8933531K->8881051K(25159296K), 0.0320813 secs] [Times: user=0.40 sys=0.00, real=0.03 secs] 
2014-04-09T14:17:58.265+0900: 297.914: [GC (Allocation Failure) 297.914: [ParNew: 52506K->22K(59008K), 0.0335712 secs] 8933531K->8881049K(25159296K), 0.0337924 secs] [Times: user=0.43 sys=0.00, real=0.03 secs] 
2014-04-09T14:17:58.336+0900: 297.985: [GC (Allocation Failure) 297.985: [ParNew: 52502K->22K(59008K), 0.0313418 secs] 8933529K->8881049K(25159296K), 0.0315660 secs] [Times: user=0.40 sys=0.00, real=0.03 secs] 
2014-04-09T14:17:58.411+0900: 298.060: [GC (Allocation Failure) 298.060: [ParNew: 52502K->24K(59008K), 0.0348911 secs] 8933529K->8881051K(25159296K), 0.0351163 secs] [Times: user=0.43 sys=0.01, real=0.04 secs] 
2014-04-09T14:17:58.488+0900: 298.137: [GC (Allocation Failure) 298.137: [ParNew: 52504K->46K(59008K), 0.0330925 secs] 8933531K->8881073K(25159296K), 0.0333258 secs] [Times: user=0.42 sys=0.00, real=0.03 secs] 
2014-04-09T14:17:58.562+0900: 298.211: [GC (Allocation Failure) 298.211: [ParNew: 52526K->82K(59008K), 0.0311149 secs] 8933553K->8881110K(25159296K), 0.0313402 secs] [Times: user=0.40 sys=0.00, real=0.03 secs] 
2014-04-09T14:17:58.634+0900: 298.283: [GC (Allocation Failure) 298.283: [ParNew: 52562K->2402K(59008K), 0.0311443 secs] 8933590K->8883430K(25159296K), 0.0313656 secs] [Times: user=0.40 sys=0.00, real=0.04 secs] 
2014-04-09T14:17:58.709+0900: 298.358: [GC (Allocation Failure) 298.358: [ParNew: 54882K->5228K(59008K), 0.0324233 secs] 8935910K->8894447K(25159296K), 0.0326491 secs] [Times: user=0.41 sys=0.00, real=0.03 secs] 
2014-04-09T14:17:58.783+0900: 298.433: [GC (Allocation Failure) 298.433: [ParNew: 57708K->580K(59008K), 0.0323515 secs] 8946927K->8908938K(25159296K), 0.0325787 secs] [Times: user=0.40 sys=0.01, real=0.04 secs] 
2014-04-09T14:17:58.839+0900: 298.488: [GC (Allocation Failure) 298.488: [ParNew: 52531K->6527K(59008K), 0.0405585 secs] 8960889K->8929578K(25159296K), 0.0407842 secs] [Times: user=0.51 sys=0.01, real=0.04 secs] 
2014-04-09T14:17:58.899+0900: 298.548: [GC (Allocation Failure) 298.548: [ParNew: 59007K->6527K(59008K), 0.0405956 secs] 8982058K->8963025K(25159296K), 0.0408415 secs] [Times: user=0.51 sys=0.00, real=0.04 secs] 
2014-04-09T14:17:58.986+0900: 298.635: [GC (Allocation Failure) 298.635: [ParNew: 59006K->6526K(59008K), 0.0521499 secs] 9015503K->8979730K(25159296K), 0.0523713 secs] [Times: user=0.58 sys=0.01, real=0.05 secs] 
2014-04-09T14:17:59.093+0900: 298.742: [GC (Allocation Failure) 298.743: [ParNew: 59006K->6526K(59008K), 0.0423179 secs] 9032210K->9008596K(25159296K), 0.0425485 secs] [Times: user=0.46 sys=0.01, real=0.05 secs] 
2014-04-09T14:17:59.163+0900: 298.812: [GC (Allocation Failure) 298.812: [ParNew: 59006K->6528K(59008K), 0.0462737 secs] 9061076K->9046706K(25159296K), 0.0464956 secs] [Times: user=0.56 sys=0.00, real=0.05 secs] 
2014-04-09T14:17:59.231+0900: 298.880: [GC (Allocation Failure) 298.880: [ParNew: 59008K->6528K(59008K), 0.0327703 secs] 9099186K->9059071K(25159296K), 0.0329924 secs] [Times: user=0.41 sys=0.00, real=0.03 secs] 
2014-04-09T14:17:59.317+0900: 298.966: [GC (Allocation Failure) 298.966: [ParNew: 58339K->6528K(59008K), 0.0433284 secs] 9110882K->9088907K(25159296K), 0.0435539 secs] [Times: user=0.53 sys=0.00, real=0.04 secs] 
2014-04-09T14:17:59.416+0900: 299.065: [GC (Allocation Failure) 299.065: [ParNew: 54142K->6528K(59008K), 0.0460347 secs] 9136522K->9109325K(25159296K), 0.0462613 secs] [Times: user=0.56 sys=0.00, real=0.04 secs] 
2014-04-09T14:17:59.490+0900: 299.139: [GC (Allocation Failure) 299.139: [ParNew: 57575K->6528K(59008K), 0.0399510 secs] 9160372K->9133217K(25159296K), 0.0401729 secs] [Times: user=0.47 sys=0.01, real=0.04 secs] 
2014-04-09T14:17:59.572+0900: 299.221: [GC (Allocation Failure) 299.221: [ParNew: 59008K->6528K(59008K), 0.0454981 secs] 9185697K->9157883K(25159296K), 0.0457219 secs] [Times: user=0.56 sys=0.01, real=0.05 secs] 
2014-04-09T14:17:59.673+0900: 299.322: [GC (Allocation Failure) 299.322: [ParNew: 58877K->6527K(59008K), 0.0441903 secs] 9210233K->9171243K(25159296K), 0.0444119 secs] [Times: user=0.43 sys=0.01, real=0.05 secs] 
2014-04-09T14:17:59.780+0900: 299.429: [GC (Allocation Failure) 299.429: [ParNew: 59007K->5235K(59008K), 0.0440748 secs] 9223723K->9185681K(25159296K), 0.0442987 secs] [Times: user=0.53 sys=0.00, real=0.05 secs] 
2014-04-09T14:17:59.848+0900: 299.497: [GC (Allocation Failure) 299.497: [ParNew: 57715K->6528K(59008K), 0.0359203 secs] 9238161K->9219009K(25159296K), 0.0361448 secs] [Times: user=0.45 sys=0.00, real=0.03 secs] 
2014-04-09T14:17:59.904+0900: 299.553: [GC (Allocation Failure) 299.553: [ParNew: 49412K->4880K(59008K), 0.0370157 secs] 9261894K->9233797K(25159296K), 0.0372472 secs] [Times: user=0.46 sys=0.00, real=0.04 secs] 
2014-04-09T14:17:59.982+0900: 299.631: [GC (Allocation Failure) 299.631: [ParNew: 57360K->6528K(59008K), 0.0497573 secs] 9286277K->9268609K(25159296K), 0.0499831 secs] [Times: user=0.59 sys=0.00, real=0.05 secs] 
2014-04-09T14:18:00.066+0900: 299.715: [GC (Allocation Failure) 299.716: [ParNew: 52656K->6528K(59008K), 0.0525629 secs] 9314737K->9296740K(25159296K), 0.0527909 secs] [Times: user=0.49 sys=0.01, real=0.05 secs] 
2014-04-09T14:18:00.146+0900: 299.795: [GC (Allocation Failure) 299.795: [ParNew: 59008K->6528K(59008K), 0.0406654 secs] 9349220K->9319643K(25159296K), 0.0408878 secs] [Times: user=0.50 sys=0.01, real=0.04 secs] 
2014-04-09T14:18:00.216+0900: 299.865: [GC (Allocation Failure) 299.865: [ParNew: 59008K->6528K(59008K), 0.0410612 secs] 9372123K->9344334K(25159296K), 0.0412869 secs] [Times: user=0.47 sys=0.02, real=0.04 secs] 
2014-04-09T14:18:00.297+0900: 299.946: [GC (Allocation Failure) 299.946: [ParNew: 59008K->6528K(59008K), 0.0558367 secs] 9396814K->9351332K(25159296K), 0.0560653 secs] [Times: user=0.59 sys=0.01, real=0.05 secs] 
2014-04-09T14:18:00.364+0900: 300.013: [CMS-concurrent-mark: 1.847/3.808 secs] [Times: user=36.47 sys=0.62, real=3.80 secs] 
2014-04-09T14:18:00.364+0900: 300.013: [CMS-concurrent-preclean-start]
2014-04-09T14:18:00.390+0900: 300.039: [GC (Allocation Failure) 300.040: [ParNew: 59008K->6528K(59008K), 0.0404968 secs] 9403812K->9368055K(25159296K), 0.0407206 secs] [Times: user=0.44 sys=0.00, real=0.04 secs] 
2014-04-09T14:18:00.483+0900: 300.132: [GC (Allocation Failure) 300.133: [ParNew: 58577K->5655K(59008K), 0.0452163 secs] 9420105K->9391380K(25159296K), 0.0454694 secs] [Times: user=0.56 sys=0.00, real=0.05 secs] 
2014-04-09T14:18:00.555+0900: 300.204: [GC (Allocation Failure) 300.204: [ParNew: 58120K->6528K(59008K), 0.0436750 secs] 9443845K->9415724K(25159296K), 0.0438967 secs] [Times: user=0.55 sys=0.00, real=0.04 secs] 
2014-04-09T14:18:00.620+0900: 300.269: [GC (Allocation Failure) 300.269: [ParNew: 58988K->3188K(59008K), 0.0401781 secs] 9468184K->9447550K(25159296K), 0.0404024 secs] [Times: user=0.50 sys=0.00, real=0.04 secs] 
2014-04-09T14:18:00.681+0900: 300.330: [GC (Allocation Failure) 300.330: [ParNew: 55667K->4506K(59008K), 0.0374591 secs] 9500029K->9469190K(25159296K), 0.0376926 secs] [Times: user=0.47 sys=0.00, real=0.04 secs] 
2014-04-09T14:18:00.755+0900: 300.404: [GC (Allocation Failure) 300.404: [ParNew: 47957K->6528K(59008K), 0.0564383 secs] 9512641K->9494586K(25159296K), 0.0566689 secs] [Times: user=0.59 sys=0.02, real=0.05 secs] 
2014-04-09T14:18:00.840+0900: 300.489: [GC (Allocation Failure) 300.490: [ParNew: 59006K->6528K(59008K), 0.0528084 secs] 9547065K->9532045K(25159296K), 0.0530424 secs] [Times: user=0.61 sys=0.01, real=0.05 secs] 
2014-04-09T14:18:00.937+0900: 300.586: [GC (Allocation Failure) 300.586: [ParNew: 59008K->6528K(59008K), 0.0462713 secs] 9584525K->9541635K(25159296K), 0.0464936 secs] [Times: user=0.55 sys=0.00, real=0.04 secs] 
2014-04-09T14:18:01.049+0900: 300.698: [GC (Allocation Failure) 300.698: [ParNew: 58384K->6528K(59008K), 0.0413952 secs] 9593492K->9546638K(25159296K), 0.0416170 secs] [Times: user=0.48 sys=0.02, real=0.04 secs] 
2014-04-09T14:18:01.166+0900: 300.815: [GC (Allocation Failure) 300.815: [ParNew: 58663K->1298K(59008K), 0.0350222 secs] 9598773K->9559761K(25159296K), 0.0352448 secs] [Times: user=0.44 sys=0.00, real=0.03 secs] 
2014-04-09T14:18:01.242+0900: 300.891: [GC (Allocation Failure) 300.891: [ParNew: 53760K->6527K(59008K), 0.0362467 secs] 9612223K->9579207K(25159296K), 0.0364636 secs] [Times: user=0.45 sys=0.00, real=0.04 secs] 
2014-04-09T14:18:01.349+0900: 300.998: [GC (Allocation Failure) 300.998: [ParNew: 59007K->6526K(59008K), 0.0498739 secs] 9631686K->9608683K(25159296K), 0.0500929 secs] [Times: user=0.54 sys=0.01, real=0.05 secs] 
2014-04-09T14:18:01.482+0900: 301.131: [CMS-concurrent-preclean: 0.516/1.118 secs] [Times: user=7.98 sys=0.15, real=1.12 secs] 
2014-04-09T14:18:01.482+0900: 301.131: [CMS-concurrent-abortable-preclean-start]
2014-04-09T14:18:01.507+0900: 301.156: [GC (Allocation Failure) 301.156: [ParNew: 59006K->6528K(59008K), 0.0419022 secs] 9661163K->9616387K(25159296K), 0.0421046 secs] [Times: user=0.48 sys=0.00, real=0.04 secs] 
2014-04-09T14:18:01.678+0900: 301.327: [CMS-concurrent-abortable-preclean: 0.149/0.196 secs] [Times: user=0.77 sys=0.01, real=0.20 secs] 
2014-04-09T14:18:01.679+0900: 301.328: [GC (Allocation Failure) 301.328: [ParNew: 59005K->6528K(59008K), 0.0453022 secs] 9668864K->9633046K(25159296K), 0.0454949 secs] [Times: user=0.55 sys=0.00, real=0.04 secs] 
2014-04-09T14:18:01.726+0900: 301.375: [GC (CMS Final Remark) [YG occupancy: 6698 K (59008 K)]301.375: [Rescan (parallel) , 0.0163039 secs]301.391: [weak refs processing, 0.0000616 secs]301.391: [class unloading, 0.0396838 secs]301.431: [scrub symbol table, 0.0043615 secs]301.435: [scrub string table, 0.0013010 secs][1 CMS-remark: 9626518K(25100288K)] 9633217K(25159296K), 0.0680938 secs] [Times: user=0.26 sys=0.00, real=0.06 secs] 
2014-04-09T14:18:01.794+0900: 301.443: [CMS-concurrent-sweep-start]
2014-04-09T14:18:01.816+0900: 301.465: [GC (Allocation Failure) 301.465: [ParNew: 57813K->6528K(59008K), 0.0322533 secs] 9678691K->9639124K(25159296K), 0.0324644 secs] [Times: user=0.41 sys=0.01, real=0.03 secs] 
2014-04-09T14:18:01.869+0900: 301.518: [GC (Allocation Failure) 301.518: [ParNew: 59008K->6528K(59008K), 0.0443982 secs] 9678189K->9658132K(25159296K), 0.0446448 secs] [Times: user=0.56 sys=0.00, real=0.04 secs] 
2014-04-09T14:18:01.954+0900: 301.603: [GC (Allocation Failure) 301.603: [ParNew: 59008K->6528K(59008K), 0.0469455 secs] 9684569K->9661662K(25159296K), 0.0471576 secs] [Times: user=0.53 sys=0.01, real=0.05 secs] 
2014-04-09T14:18:02.045+0900: 301.695: [GC (Allocation Failure) 301.695: [ParNew: 59008K->6528K(59008K), 0.0443434 secs] 9679761K->9645286K(25159296K), 0.0445562 secs] [Times: user=0.50 sys=0.00, real=0.04 secs] 
2014-04-09T14:18:02.147+0900: 301.796: [GC (Allocation Failure) 301.796: [ParNew: 59008K->6332K(59008K), 0.0402117 secs] 9638559K->9592382K(25159296K), 0.0404203 secs] [Times: user=0.48 sys=0.01, real=0.04 secs] 
2014-04-09T14:18:02.259+0900: 301.908: [GC (Allocation Failure) 301.909: [ParNew: 50002K->1732K(59008K), 0.0420360 secs] 9572125K->9540239K(25159296K), 0.0422531 secs] [Times: user=0.53 sys=0.00, real=0.04 secs] 
2014-04-09T14:18:02.338+0900: 301.987: [GC (Allocation Failure) 301.987: [ParNew: 54212K->4895K(59008K), 0.0379766 secs] 9560567K->9531571K(25159296K), 0.0381919 secs] [Times: user=0.48 sys=0.00, real=0.04 secs] 
2014-04-09T14:18:02.393+0900: 302.042: [GC (Allocation Failure) 302.042: [ParNew: 51917K->6528K(59008K), 0.0382699 secs] 9564077K->9532469K(25159296K), 0.0384873 secs] [Times: user=0.47 sys=0.00, real=0.04 secs] 
2014-04-09T14:18:02.456+0900: 302.105: [GC (Allocation Failure) 302.105: [ParNew: 59007K->4295K(59008K), 0.0362970 secs] 9575013K->9561039K(25159296K), 0.0365213 secs] [Times: user=0.45 sys=0.01, real=0.03 secs] 
2014-04-09T14:18:02.540+0900: 302.189: [GC (Allocation Failure) 302.189: [ParNew: 56775K->6528K(59008K), 0.0483854 secs] 9574395K->9548087K(25159296K), 0.0486052 secs] [Times: user=0.55 sys=0.00, real=0.05 secs] 
2014-04-09T14:18:02.635+0900: 302.284: [GC (Allocation Failure) 302.284: [ParNew: 59008K->6528K(59008K), 0.0386592 secs] 9557639K->9518377K(25159296K), 0.0388761 secs] [Times: user=0.46 sys=0.00, real=0.04 secs] 
2014-04-09T14:18:02.734+0900: 302.383: [GC (Allocation Failure) 302.384: [ParNew: 54949K->6528K(59008K), 0.0406709 secs] 9517283K->9476456K(25159296K), 0.0408808 secs] [Times: user=0.49 sys=0.00, real=0.04 secs] 
2014-04-09T14:18:02.826+0900: 302.475: [GC (Allocation Failure) 302.475: [ParNew: 59008K->6528K(59008K), 0.0314972 secs] 9489111K->9451911K(25159296K), 0.0317077 secs] [Times: user=0.39 sys=0.00, real=0.03 secs] 
2014-04-09T14:18:02.891+0900: 302.540: [GC (Allocation Failure) 302.540: [ParNew: 59008K->6528K(59008K), 0.0371451 secs] 9484647K->9457883K(25159296K), 0.0373548 secs] [Times: user=0.46 sys=0.00, real=0.04 secs] 
2014-04-09T14:18:02.950+0900: 302.599: [GC (Allocation Failure) 302.599: [ParNew: 55423K->6528K(59008K), 0.0413540 secs] 9498495K->9466559K(25159296K), 0.0415666 secs] [Times: user=0.51 sys=0.01, real=0.04 secs] 
2014-04-09T14:18:03.045+0900: 302.694: [GC (Allocation Failure) 302.694: [ParNew: 59008K->6528K(59008K), 0.0455538 secs] 9489757K->9457538K(25159296K), 0.0457649 secs] [Times: user=0.56 sys=0.00, real=0.05 secs] 
2014-04-09T14:18:03.161+0900: 302.810: [GC (Allocation Failure) 302.810: [ParNew: 59008K->6528K(59008K), 0.0372786 secs] 9460782K->9427931K(25159296K), 0.0374869 secs] [Times: user=0.42 sys=0.00, real=0.04 secs] 
2014-04-09T14:18:03.242+0900: 302.891: [GC (Allocation Failure) 302.891: [ParNew: 59008K->6528K(59008K), 0.0381167 secs] 9442366K->9407932K(25159296K), 0.0383285 secs] [Times: user=0.47 sys=0.00, real=0.04 secs] 
2014-04-09T14:18:03.304+0900: 302.954: [GC (Allocation Failure) 302.954: [ParNew: 59008K->2372K(59008K), 0.0326538 secs] 9443255K->9406940K(25159296K), 0.0328554 secs] [Times: user=0.41 sys=0.00, real=0.04 secs] 
2014-04-09T14:18:03.372+0900: 303.021: [GC (Allocation Failure) 303.021: [ParNew: 54852K->6528K(59008K), 0.0458731 secs] 9432548K->9401973K(25159296K), 0.0460942 secs] [Times: user=0.56 sys=0.01, real=0.05 secs] 
2014-04-09T14:18:03.445+0900: 303.094: [GC (Allocation Failure) 303.094: [ParNew: 56841K->6528K(59008K), 0.0406656 secs] 9435406K->9409698K(25159296K), 0.0408701 secs] [Times: user=0.50 sys=0.00, real=0.05 secs] 
2014-04-09T14:18:03.512+0900: 303.161: [GC (Allocation Failure) 303.161: [ParNew: 59001K->6528K(59008K), 0.0448136 secs] 9444375K->9425331K(25159296K), 0.0450192 secs] [Times: user=0.53 sys=0.00, real=0.05 secs] 
2014-04-09T14:18:03.572+0900: 303.221: [GC (Allocation Failure) 303.221: [ParNew: 59008K->6528K(59008K), 0.0432227 secs] 9469051K->9442866K(25159296K), 0.0434283 secs] [Times: user=0.53 sys=0.00, real=0.05 secs] 
2014-04-09T14:18:03.634+0900: 303.283: [GC (Allocation Failure) 303.283: [ParNew: 59008K->6528K(59008K), 0.0388214 secs] 9484142K->9465236K(25159296K), 0.0390395 secs] [Times: user=0.48 sys=0.01, real=0.04 secs] 
2014-04-09T14:18:03.698+0900: 303.347: [GC (Allocation Failure) 303.347: [ParNew: 59008K->6528K(59008K), 0.0473092 secs] 9501666K->9466786K(25159296K), 0.0475131 secs] [Times: user=0.55 sys=0.00, real=0.05 secs] 
2014-04-09T14:18:03.770+0900: 303.419: [GC (Allocation Failure) 303.419: [ParNew: 59008K->6528K(59008K), 0.0476018 secs] 9503078K->9466805K(25159296K), 0.0478058 secs] [Times: user=0.55 sys=0.01, real=0.05 secs] 
2014-04-09T14:18:03.847+0900: 303.496: [GC (Allocation Failure) 303.496: [ParNew: 59008K->6528K(59008K), 0.0388103 secs] 9498869K->9462434K(25159296K), 0.0390138 secs] [Times: user=0.41 sys=0.01, real=0.04 secs] 
2014-04-09T14:18:03.915+0900: 303.564: [GC (Allocation Failure) 303.564: [ParNew: 55215K->5472K(59008K), 0.0355911 secs] 9493856K->9454733K(25159296K), 0.0357985 secs] [Times: user=0.45 sys=0.00, real=0.03 secs] 
2014-04-09T14:18:03.976+0900: 303.625: [GC (Allocation Failure) 303.625: [ParNew: 49439K->1226K(59008K), 0.0347593 secs] 9483022K->9453242K(25159296K), 0.0349636 secs] [Times: user=0.44 sys=0.01, real=0.03 secs] 
2014-04-09T14:18:04.035+0900: 303.684: [GC (Allocation Failure) 303.684: [ParNew: 53706K->6528K(59008K), 0.0324672 secs] 9489930K->9458769K(25159296K), 0.0326707 secs] [Times: user=0.41 sys=0.00, real=0.04 secs] 
2014-04-09T14:18:04.082+0900: 303.731: [GC (Allocation Failure) 303.732: [ParNew: 50837K->911K(59008K), 0.0447322 secs] 9495749K->9475381K(25159296K), 0.0449412 secs] [Times: user=0.55 sys=0.00, real=0.05 secs] 
2014-04-09T14:18:04.156+0900: 303.805: [GC (Allocation Failure) 303.805: [ParNew: 53391K->6211K(59008K), 0.0439644 secs] 9511663K->9495124K(25159296K), 0.0441691 secs] [Times: user=0.56 sys=0.00, real=0.04 secs] 
2014-04-09T14:18:04.221+0900: 303.871: [GC (Allocation Failure) 303.871: [ParNew: 58691K->6528K(59008K), 0.0418129 secs] 9536274K->9508538K(25159296K), 0.0420168 secs] [Times: user=0.52 sys=0.00, real=0.04 secs] 
2014-04-09T14:18:04.277+0900: 303.926: [GC (Allocation Failure) 303.926: [ParNew: 59008K->6528K(59008K), 0.0415997 secs] 9553656K->9524347K(25159296K), 0.0418000 secs] [Times: user=0.52 sys=0.01, real=0.04 secs] 
2014-04-09T14:18:04.333+0900: 303.982: [GC (Allocation Failure) 303.982: [ParNew: 51098K->6528K(59008K), 0.0415832 secs] 9557926K->9538125K(25159296K), 0.0417909 secs] [Times: user=0.52 sys=0.00, real=0.04 secs] 
2014-04-09T14:18:04.398+0900: 304.047: [GC (Allocation Failure) 304.047: [ParNew: 59008K->6528K(59008K), 0.0433999 secs] 9571979K->9543396K(25159296K), 0.0436043 secs] [Times: user=0.52 sys=0.00, real=0.04 secs] 
2014-04-09T14:18:04.466+0900: 304.115: [GC (Allocation Failure) 304.115: [ParNew: 59008K->6527K(59008K), 0.0451983 secs] 9573351K->9542477K(25159296K), 0.0453975 secs] [Times: user=0.54 sys=0.01, real=0.04 secs] 
2014-04-09T14:18:04.540+0900: 304.189: [GC (Allocation Failure) 304.189: [ParNew: 59007K->6528K(59008K), 0.0444558 secs] 9569791K->9537934K(25159296K), 0.0446598 secs] [Times: user=0.53 sys=0.00, real=0.04 secs] 
2014-04-09T14:18:04.610+0900: 304.259: [GC (Allocation Failure) 304.259: [ParNew: 59008K->6528K(59008K), 0.0388308 secs] 9574784K->9549262K(25159296K), 0.0390314 secs] [Times: user=0.47 sys=0.00, real=0.04 secs] 
2014-04-09T14:18:04.668+0900: 304.317: [GC (Allocation Failure) 304.317: [ParNew: 56140K->6528K(59008K), 0.0313414 secs] 9588416K->9547957K(25159296K), 0.0315497 secs] [Times: user=0.39 sys=0.00, real=0.03 secs] 
2014-04-09T14:18:04.723+0900: 304.372: [GC (Allocation Failure) 304.372: [ParNew: 59008K->4909K(59008K), 0.0450428 secs] 9582933K->9558515K(25159296K), 0.0452627 secs] [Times: user=0.56 sys=0.00, real=0.05 secs] 
2014-04-09T14:18:04.803+0900: 304.452: [GC (Allocation Failure) 304.452: [ParNew: 56112K->6528K(59008K), 0.0422207 secs] 9582044K->9554517K(25159296K), 0.0424111 secs] [Times: user=0.51 sys=0.01, real=0.05 secs] 
2014-04-09T14:18:04.867+0900: 304.516: [GC (Allocation Failure) 304.516: [ParNew: 53543K->6528K(59008K), 0.0390005 secs] 9585627K->9563856K(25159296K), 0.0391889 secs] [Times: user=0.48 sys=0.00, real=0.04 secs] 
2014-04-09T14:18:04.938+0900: 304.587: [GC (Allocation Failure) 304.587: [ParNew: 59008K->6528K(59008K), 0.0375304 secs] 9585442K->9552557K(25159296K), 0.0377240 secs] [Times: user=0.47 sys=0.00, real=0.04 secs] 
2014-04-09T14:18:05.006+0900: 304.655: [GC (Allocation Failure) 304.655: [ParNew: 59007K->3160K(59008K), 0.0410752 secs] 9588654K->9579465K(25159296K), 0.0412693 secs] [Times: user=0.49 sys=0.00, real=0.04 secs] 
2014-04-09T14:18:05.065+0900: 304.714: [GC (Allocation Failure) 304.714: [ParNew: 47353K->6528K(59008K), 0.0283130 secs] 9608602K->9573967K(25159296K), 0.0285054 secs] [Times: user=0.35 sys=0.00, real=0.03 secs] 
2014-04-09T14:18:05.129+0900: 304.778: [GC (Allocation Failure) 304.778: [ParNew: 59008K->6528K(59008K), 0.0416898 secs] 9596496K->9569520K(25159296K), 0.0418781 secs] [Times: user=0.52 sys=0.01, real=0.04 secs] 
2014-04-09T14:18:05.213+0900: 304.862: [GC (Allocation Failure) 304.862: [ParNew: 59008K->6528K(59008K), 0.0374881 secs] 9580958K->9542440K(25159296K), 0.0376807 secs] [Times: user=0.46 sys=0.00, real=0.04 secs] 
2014-04-09T14:18:05.296+0900: 304.945: [GC (Allocation Failure) 304.945: [ParNew: 59008K->6528K(59008K), 0.0399004 secs] 9558635K->9519171K(25159296K), 0.0400896 secs] [Times: user=0.49 sys=0.00, real=0.04 secs] 
2014-04-09T14:18:05.387+0900: 305.036: [GC (Allocation Failure) 305.036: [ParNew: 59008K->4899K(59008K), 0.0401224 secs] 9530236K->9494670K(25159296K), 0.0403138 secs] [Times: user=0.51 sys=0.00, real=0.04 secs] 
2014-04-09T14:18:05.472+0900: 305.121: [GC (Allocation Failure) 305.121: [ParNew: 57370K->6528K(59008K), 0.0357072 secs] 9506908K->9474376K(25159296K), 0.0358956 secs] [Times: user=0.44 sys=0.00, real=0.04 secs] 
2014-04-09T14:18:05.555+0900: 305.204: [GC (Allocation Failure) 305.204: [ParNew: 59008K->6528K(59008K), 0.0401524 secs] 9472269K->9446968K(25159296K), 0.0403458 secs] [Times: user=0.49 sys=0.00, real=0.05 secs] 
2014-04-09T14:18:05.670+0900: 305.319: [GC (Allocation Failure) 305.319: [ParNew: 59008K->6528K(59008K), 0.0392597 secs] 9431022K->9392638K(25159296K), 0.0394530 secs] [Times: user=0.48 sys=0.00, real=0.04 secs] 
2014-04-09T14:18:05.837+0900: 305.486: [GC (Allocation Failure) 305.487: [ParNew: 49629K->2221K(59008K), 0.0338574 secs] 9163819K->9128895K(25159296K), 0.0340428 secs] [Times: user=0.42 sys=0.00, real=0.03 secs] 
2014-04-09T14:18:05.919+0900: 305.568: [GC (Allocation Failure) 305.568: [ParNew: 53927K->6528K(59008K), 0.0313003 secs] 8934745K->8902514K(25159296K), 0.0314864 secs] [Times: user=0.39 sys=0.00, real=0.03 secs] 
2014-04-09T14:18:05.951+0900: 305.600: [CMS-concurrent-sweep: 1.913/4.156 secs] [Times: user=33.35 sys=0.56, real=4.16 secs] 
2014-04-09T14:18:05.951+0900: 305.600: [CMS-concurrent-reset-start]
2014-04-09T14:18:05.980+0900: 305.629: [GC (Allocation Failure) 305.629: [ParNew: 59008K->6528K(59008K), 0.0323454 secs] 8954994K->8936028K(25159296K), 0.0325371 secs] [Times: user=0.40 sys=0.00, real=0.03 secs] 
2014-04-09T14:18:06.030+0900: 305.679: [GC (Allocation Failure) 305.679: [ParNew: 56667K->6528K(59008K), 0.0407705 secs] 8986167K->8963577K(25159296K), 0.0409586 secs] [Times: user=0.51 sys=0.01, real=0.04 secs] 
2014-04-09T14:18:06.099+0900: 305.748: [GC (Allocation Failure) 305.748: [ParNew: 59008K->6528K(59008K), 0.0433886 secs] 9016057K->8994437K(25159296K), 0.0435758 secs] [Times: user=0.51 sys=0.00, real=0.04 secs] 
2014-04-09T14:18:06.154+0900: 305.803: [CMS-concurrent-reset: 0.083/0.203 secs] [Times: user=1.71 sys=0.03, real=0.20 secs] 
2014-04-09T14:18:06.169+0900: 305.818: [GC (Allocation Failure) 305.818: [ParNew: 59008K->6528K(59008K), 0.0437345 secs] 9046917K->9017287K(25159296K), 0.0439200 secs] [Times: user=0.51 sys=0.01, real=0.04 secs] 
2014-04-09T14:18:06.214+0900: 305.863: [GC (CMS Initial Mark) [1 CMS-initial-mark: 9010759K(25100288K)] 9017323K(25159296K), 0.0013373 secs] [Times: user=0.01 sys=0.00, real=0.01 secs] 
2014-04-09T14:18:06.216+0900: 305.865: [CMS-concurrent-mark-start]
2014-04-09T14:18:06.245+0900: 305.894: [GC (Allocation Failure) 305.894: [ParNew: 59008K->6528K(59008K), 0.0408608 secs] 9069767K->9027737K(25159296K), 0.0410466 secs] [Times: user=0.50 sys=0.01, real=0.05 secs] 
2014-04-09T14:18:06.334+0900: 305.983: [GC (Allocation Failure) 305.983: [ParNew: 59008K->4612K(59008K), 0.0360080 secs] 9080217K->9029909K(25159296K), 0.0362007 secs] [Times: user=0.42 sys=0.01, real=0.04 secs] 
2014-04-09T14:18:06.408+0900: 306.057: [GC (Allocation Failure) 306.057: [ParNew: 57092K->6198K(59008K), 0.0309126 secs] 9082389K->9039687K(25159296K), 0.0311023 secs] [Times: user=0.38 sys=0.01, real=0.03 secs] 
2014-04-09T14:18:06.478+0900: 306.127: [GC (Allocation Failure) 306.127: [ParNew: 58678K->964K(59008K), 0.0401019 secs] 9092166K->9065390K(25159296K), 0.0402936 secs] [Times: user=0.50 sys=0.00, real=0.04 secs] 
2014-04-09T14:18:06.543+0900: 306.192: [GC (Allocation Failure) 306.192: [ParNew: 51505K->474K(59008K), 0.0377940 secs] 9115931K->9085221K(25159296K), 0.0379876 secs] [Times: user=0.48 sys=0.00, real=0.04 secs] 
2014-04-09T14:18:06.618+0900: 306.267: [GC (Allocation Failure) 306.267: [ParNew: 52954K->6528K(59008K), 0.0383265 secs] 9137701K->9124926K(25159296K), 0.0384748 secs] [Times: user=0.49 sys=0.01, real=0.04 secs] 
2014-04-09T14:18:06.678+0900: 306.327: [GC (Allocation Failure) 306.327: [ParNew: 54494K->4551K(59008K), 0.0398710 secs] 9172893K->9149095K(25159296K), 0.0400579 secs] [Times: user=0.50 sys=0.00, real=0.04 secs] 
2014-04-09T14:18:06.741+0900: 306.390: [GC (Allocation Failure) 306.390: [ParNew: 57031K->6528K(59008K), 0.0394229 secs] 9201575K->9176188K(25159296K), 0.0396087 secs] [Times: user=0.47 sys=0.01, real=0.04 secs] 
2014-04-09T14:18:06.800+0900: 306.449: [GC (Allocation Failure) 306.449: [ParNew: 59008K->6528K(59008K), 0.0414112 secs] 9228668K->9210260K(25159296K), 0.0415997 secs] [Times: user=0.50 sys=0.01, real=0.04 secs] 
2014-04-09T14:18:06.870+0900: 306.519: [GC (Allocation Failure) 306.519: [ParNew: 59008K->6528K(59008K), 0.0379487 secs] 9262740K->9226378K(25159296K), 0.0381372 secs] [Times: user=0.43 sys=0.00, real=0.04 secs] 
2014-04-09T14:18:06.939+0900: 306.588: [GC (Allocation Failure) 306.588: [ParNew: 59008K->6528K(59008K), 0.0410930 secs] 9278858K->9238202K(25159296K), 0.0412826 secs] [Times: user=0.49 sys=0.00, real=0.04 secs] 
2014-04-09T14:18:07.013+0900: 306.662: [GC (Allocation Failure) 306.662: [ParNew: 59008K->6528K(59008K), 0.0324686 secs] 9290682K->9247477K(25159296K), 0.0326680 secs] [Times: user=0.40 sys=0.00, real=0.04 secs] 
2014-04-09T14:18:07.076+0900: 306.725: [GC (Allocation Failure) 306.725: [ParNew: 59008K->4343K(59008K), 0.0438824 secs] 9299957K->9282237K(25159296K), 0.0440739 secs] [Times: user=0.54 sys=0.01, real=0.04 secs] 
2014-04-09T14:18:07.143+0900: 306.792: [GC (Allocation Failure) 306.792: [ParNew: 48391K->6528K(59008K), 0.0408515 secs] 9326285K->9305661K(25159296K), 0.0410469 secs] [Times: user=0.52 sys=0.00, real=0.04 secs] 
2014-04-09T14:18:07.205+0900: 306.854: [GC (Allocation Failure) 306.854: [ParNew: 58708K->6528K(59008K), 0.0420325 secs] 9357841K->9329703K(25159296K), 0.0422215 secs] [Times: user=0.52 sys=0.00, real=0.05 secs] 
2014-04-09T14:18:07.263+0900: 306.912: [GC (Allocation Failure) 306.912: [ParNew: 59007K->6528K(59008K), 0.0441084 secs] 9382183K->9365807K(25159296K), 0.0442975 secs] [Times: user=0.55 sys=0.00, real=0.05 secs] 
2014-04-09T14:18:07.326+0900: 306.975: [GC (Allocation Failure) 306.975: [ParNew: 59007K->6528K(59008K), 0.0369784 secs] 9418287K->9387691K(25159296K), 0.0371678 secs] [Times: user=0.45 sys=0.00, real=0.03 secs] 
2014-04-09T14:18:07.378+0900: 307.027: [GC (Allocation Failure) 307.027: [ParNew: 59008K->6528K(59008K), 0.0418233 secs] 9440171K->9416534K(25159296K), 0.0420189 secs] [Times: user=0.50 sys=0.00, real=0.04 secs] 
2014-04-09T14:18:07.443+0900: 307.092: [GC (Allocation Failure) 307.092: [ParNew: 59008K->6528K(59008K), 0.0344885 secs] 9469014K->9443341K(25159296K), 0.0346764 secs] [Times: user=0.42 sys=0.01, real=0.04 secs] 
2014-04-09T14:18:07.505+0900: 307.154: [GC (Allocation Failure) 307.154: [ParNew: 57189K->6528K(59008K), 0.0407677 secs] 9494003K->9455909K(25159296K), 0.0409564 secs] [Times: user=0.49 sys=0.00, real=0.05 secs] 
2014-04-09T14:18:07.569+0900: 307.218: [GC (Allocation Failure) 307.218: [ParNew: 59008K->6528K(59008K), 0.0406545 secs] 9508389K->9481191K(25159296K), 0.0408440 secs] [Times: user=0.49 sys=0.00, real=0.04 secs] 
2014-04-09T14:18:07.628+0900: 307.277: [GC (Allocation Failure) 307.277: [ParNew: 59008K->6528K(59008K), 0.0302113 secs] 9533671K->9505752K(25159296K), 0.0304083 secs] [Times: user=0.37 sys=0.01, real=0.03 secs] 
2014-04-09T14:18:07.677+0900: 307.326: [GC (Allocation Failure) 307.326: [ParNew: 59008K->6528K(59008K), 0.0407463 secs] 9558232K->9523904K(25159296K), 0.0409327 secs] [Times: user=0.49 sys=0.00, real=0.04 secs] 
2014-04-09T14:18:07.757+0900: 307.406: [GC (Allocation Failure) 307.407: [ParNew: 59008K->4561K(59008K), 0.0315220 secs] 9576384K->9536296K(25159296K), 0.0317132 secs] [Times: user=0.38 sys=0.00, real=0.03 secs] 
2014-04-09T14:18:07.818+0900: 307.467: [GC (Allocation Failure) 307.467: [ParNew: 55109K->6528K(59008K), 0.0357183 secs] 9586844K->9552207K(25159296K), 0.0359137 secs] [Times: user=0.46 sys=0.00, real=0.03 secs] 
2014-04-09T14:18:07.874+0900: 307.523: [GC (Allocation Failure) 307.523: [ParNew: 52055K->5319K(59008K), 0.0400774 secs] 9597735K->9576480K(25159296K), 0.0402665 secs] [Times: user=0.51 sys=0.00, real=0.04 secs] 
2014-04-09T14:18:07.966+0900: 307.615: [GC (Allocation Failure) 307.615: [ParNew: 56368K->6528K(59008K), 0.0423289 secs] 9627528K->9602043K(25159296K), 0.0425181 secs] [Times: user=0.53 sys=0.00, real=0.05 secs] 
2014-04-09T14:18:08.029+0900: 307.678: [GC (Allocation Failure) 307.678: [ParNew: 56538K->6528K(59008K), 0.0350360 secs] 9652054K->9636506K(25159296K), 0.0352253 secs] [Times: user=0.43 sys=0.01, real=0.03 secs] 
2014-04-09T14:18:08.081+0900: 307.730: [GC (Allocation Failure) 307.730: [ParNew: 59008K->6528K(59008K), 0.0375133 secs] 9688986K->9666214K(25159296K), 0.0377087 secs] [Times: user=0.45 sys=0.01, real=0.04 secs] 
2014-04-09T14:18:08.140+0900: 307.789: [GC (Allocation Failure) 307.789: [ParNew: 59008K->6528K(59008K), 0.0348438 secs] 9718694K->9688188K(25159296K), 0.0350319 secs] [Times: user=0.43 sys=0.01, real=0.03 secs] 
2014-04-09T14:18:08.216+0900: 307.865: [GC (Allocation Failure) 307.865: [ParNew: 58811K->6528K(59008K), 0.0454959 secs] 9740471K->9701524K(25159296K), 0.0457011 secs] [Times: user=0.56 sys=0.00, real=0.05 secs] 
2014-04-09T14:18:08.336+0900: 307.986: [GC (Allocation Failure) 307.986: [ParNew: 54183K->6031K(59008K), 0.0411699 secs] 9749180K->9714801K(25159296K), 0.0413855 secs] [Times: user=0.49 sys=0.00, real=0.04 secs] 
2014-04-09T14:18:08.425+0900: 308.074: [GC (Allocation Failure) 308.074: [ParNew: 58506K->6528K(59008K), 0.0368833 secs] 9767277K->9740708K(25159296K), 0.0371081 secs] [Times: user=0.47 sys=0.00, real=0.04 secs] 
2014-04-09T14:18:08.498+0900: 308.147: [GC (Allocation Failure) 308.147: [ParNew: 59006K->5917K(59008K), 0.0417806 secs] 9793187K->9770936K(25159296K), 0.0419974 secs] [Times: user=0.50 sys=0.01, real=0.04 secs] 
2014-04-09T14:18:08.578+0900: 308.228: [GC (Allocation Failure) 308.228: [ParNew: 58397K->6528K(59008K), 0.0424311 secs] 9823416K->9812779K(25159296K), 0.0426501 secs] [Times: user=0.52 sys=0.00, real=0.04 secs] 
2014-04-09T14:18:08.648+0900: 308.297: [GC (Allocation Failure) 308.297: [ParNew: 59007K->6528K(59008K), 0.0413274 secs] 9865259K->9838583K(25159296K), 0.0415416 secs] [Times: user=0.46 sys=0.00, real=0.04 secs] 
2014-04-09T14:18:08.711+0900: 308.360: [GC (Allocation Failure) 308.360: [ParNew: 53528K->6528K(59008K), 0.0436672 secs] 9885584K->9857679K(25159296K), 0.0438984 secs] [Times: user=0.54 sys=0.00, real=0.04 secs] 
2014-04-09T14:18:08.784+0900: 308.433: [GC (Allocation Failure) 308.433: [ParNew: 59008K->6528K(59008K), 0.0446036 secs] 9910159K->9879954K(25159296K), 0.0448131 secs] [Times: user=0.54 sys=0.00, real=0.05 secs] 
2014-04-09T14:18:08.865+0900: 308.514: [GC (Allocation Failure) 308.514: [ParNew: 58766K->6528K(59008K), 0.0460722 secs] 9932192K->9896040K(25159296K), 0.0462810 secs] [Times: user=0.54 sys=0.00, real=0.05 secs] 
2014-04-09T14:18:08.952+0900: 308.601: [GC (Allocation Failure) 308.601: [ParNew: 59008K->6528K(59008K), 0.0402941 secs] 9948520K->9905138K(25159296K), 0.0405147 secs] [Times: user=0.50 sys=0.00, real=0.04 secs] 
2014-04-09T14:18:09.034+0900: 308.683: [GC (Allocation Failure) 308.683: [ParNew: 59008K->4694K(59008K), 0.0392757 secs] 9957618K->9919165K(25159296K), 0.0394851 secs] [Times: user=0.46 sys=0.01, real=0.04 secs] 
2014-04-09T14:18:09.095+0900: 308.744: [GC (Allocation Failure) 308.744: [ParNew: 56951K->3918K(59008K), 0.0298251 secs] 9971423K->9928279K(25159296K), 0.0300369 secs] [Times: user=0.37 sys=0.00, real=0.03 secs] 
2014-04-09T14:18:09.167+0900: 308.816: [GC (Allocation Failure) 308.817: [ParNew: 56398K->6528K(59008K), 0.0422390 secs] 9980759K->9958455K(25159296K), 0.0424519 secs] [Times: user=0.52 sys=0.00, real=0.04 secs] 
2014-04-09T14:18:09.244+0900: 308.893: [GC (Allocation Failure) 308.893: [ParNew: 58991K->6528K(59008K), 0.0370147 secs] 10010919K->9983628K(25159296K), 0.0372191 secs] [Times: user=0.44 sys=0.00, real=0.04 secs] 
2014-04-09T14:18:09.296+0900: 308.945: [GC (Allocation Failure) 308.945: [ParNew: 59008K->6528K(59008K), 0.0367259 secs] 10036108K->10020651K(25159296K), 0.0369336 secs] [Times: user=0.45 sys=0.01, real=0.04 secs] 
2014-04-09T14:18:09.360+0900: 309.009: [GC (Allocation Failure) 309.009: [ParNew: 59008K->6528K(59008K), 0.0425479 secs] 10073131K->10043308K(25159296K), 0.0427572 secs] [Times: user=0.51 sys=0.01, real=0.04 secs] 
2014-04-09T14:18:09.424+0900: 309.073: [GC (Allocation Failure) 309.073: [ParNew: 59008K->6528K(59008K), 0.0447197 secs] 10095788K->10065835K(25159296K), 0.0449294 secs] [Times: user=0.55 sys=0.00, real=0.05 secs] 
2014-04-09T14:18:09.501+0900: 309.150: [GC (Allocation Failure) 309.150: [ParNew: 59008K->6528K(59008K), 0.0431377 secs] 10118315K->10092349K(25159296K), 0.0433461 secs] [Times: user=0.52 sys=0.00, real=0.04 secs] 
2014-04-09T14:18:09.581+0900: 309.230: [GC (Allocation Failure) 309.230: [ParNew: 58929K->6528K(59008K), 0.0409848 secs] 10144751K->10098600K(25159296K), 0.0412002 secs] [Times: user=0.51 sys=0.00, real=0.04 secs] 
2014-04-09T14:18:09.664+0900: 309.313: [GC (Allocation Failure) 309.313: [ParNew: 59008K->6528K(59008K), 0.0351171 secs] 10151080K->10115904K(25159296K), 0.0353229 secs] [Times: user=0.41 sys=0.01, real=0.04 secs] 
2014-04-09T14:18:09.748+0900: 309.397: [GC (Allocation Failure) 309.397: [ParNew: 51632K->5735K(59008K), 0.0434712 secs] 10161009K->10139203K(25159296K), 0.0436771 secs] [Times: user=0.53 sys=0.00, real=0.04 secs] 
2014-04-09T14:18:09.812+0900: 309.461: [GC (Allocation Failure) 309.461: [ParNew: 58215K->6528K(59008K), 0.0350119 secs] 10191683K->10163972K(25159296K), 0.0352205 secs] [Times: user=0.44 sys=0.00, real=0.04 secs] 
2014-04-09T14:18:09.866+0900: 309.515: [GC (Allocation Failure) 309.515: [ParNew: 59008K->4996K(59008K), 0.0372058 secs] 10216452K->10194087K(25159296K), 0.0374054 secs] [Times: user=0.45 sys=0.00, real=0.04 secs] 
2014-04-09T14:18:09.939+0900: 309.588: [GC (Allocation Failure) 309.589: [ParNew: 57474K->6528K(59008K), 0.0382933 secs] 10246565K->10209725K(25159296K), 0.0384968 secs] [Times: user=0.46 sys=0.00, real=0.04 secs] 
2014-04-09T14:18:10.034+0900: 309.683: [GC (Allocation Failure) 309.683: [ParNew: 59008K->6528K(59008K), 0.0355576 secs] 10262205K->10229722K(25159296K), 0.0357581 secs] [Times: user=0.43 sys=0.00, real=0.04 secs] 
2014-04-09T14:18:10.112+0900: 309.761: [GC (Allocation Failure) 309.761: [ParNew: 59008K->6411K(59008K), 0.0443667 secs] 10282202K->10266313K(25159296K), 0.0445921 secs] [Times: user=0.54 sys=0.01, real=0.05 secs] 
2014-04-09T14:18:10.187+0900: 309.836: [GC (Allocation Failure) 309.836: [ParNew: 58891K->6528K(59008K), 0.0464430 secs] 10318793K->10284784K(25159296K), 0.0466528 secs] [Times: user=0.49 sys=0.01, real=0.04 secs] 
2014-04-09T14:18:10.254+0900: 309.903: [GC (Allocation Failure) 309.903: [ParNew: 58201K->6528K(59008K), 0.0334398 secs] 10336458K->10299373K(25159296K), 0.0336479 secs] [Times: user=0.41 sys=0.01, real=0.04 secs] 
2014-04-09T14:18:10.320+0900: 309.969: [GC (Allocation Failure) 309.969: [ParNew: 54130K->6528K(59008K), 0.0487646 secs] 10346975K->10323160K(25159296K), 0.0489665 secs] [Times: user=0.52 sys=0.01, real=0.05 secs] 
2014-04-09T14:18:10.407+0900: 310.056: [GC (Allocation Failure) 310.056: [ParNew: 59008K->6528K(59008K), 0.0416473 secs] 10375640K->10340308K(25159296K), 0.0418586 secs] [Times: user=0.51 sys=0.00, real=0.04 secs] 
2014-04-09T14:18:10.475+0900: 310.124: [CMS-concurrent-mark: 1.808/4.260 secs] [Times: user=41.42 sys=0.80, real=4.25 secs] 
2014-04-09T14:18:10.475+0900: 310.124: [CMS-concurrent-preclean-start]
2014-04-09T14:18:10.478+0900: 310.127: [GC (Allocation Failure) 310.127: [ParNew: 58990K->6528K(59008K), 0.0404622 secs] 10392770K->10361839K(25159296K), 0.0406444 secs] [Times: user=0.49 sys=0.00, real=0.04 secs] 
2014-04-09T14:18:10.573+0900: 310.222: [GC (Allocation Failure) 310.222: [ParNew: 53596K->4367K(59008K), 0.0387947 secs] 10408908K->10371706K(25159296K), 0.0389952 secs] [Times: user=0.47 sys=0.01, real=0.04 secs] 
2014-04-09T14:18:10.644+0900: 310.293: [GC (Allocation Failure) 310.293: [ParNew: 56847K->6528K(59008K), 0.0348972 secs] 10424186K->10385588K(25159296K), 0.0350988 secs] [Times: user=0.43 sys=0.01, real=0.04 secs] 
2014-04-09T14:18:10.710+0900: 310.359: [GC (Allocation Failure) 310.359: [ParNew: 56228K->6528K(59008K), 0.0416692 secs] 10435288K->10409349K(25159296K), 0.0418735 secs] [Times: user=0.51 sys=0.00, real=0.04 secs] 
2014-04-09T14:18:10.800+0900: 310.449: [GC (Allocation Failure) 310.449: [ParNew: 56445K->6528K(59008K), 0.0416919 secs] 10459266K->10431565K(25159296K), 0.0418978 secs] [Times: user=0.51 sys=0.00, real=0.04 secs] 
2014-04-09T14:18:10.864+0900: 310.513: [GC (Allocation Failure) 310.513: [ParNew: 57650K->6528K(59008K), 0.0369012 secs] 10482687K->10455240K(25159296K), 0.0371236 secs] [Times: user=0.45 sys=0.01, real=0.04 secs] 
2014-04-09T14:18:10.937+0900: 310.587: [GC (Allocation Failure) 310.587: [ParNew: 59008K->6528K(59008K), 0.0422477 secs] 10507720K->10482319K(25159296K), 0.0424525 secs] [Times: user=0.51 sys=0.00, real=0.04 secs] 
2014-04-09T14:18:11.028+0900: 310.677: [GC (Allocation Failure) 310.677: [ParNew: 59008K->6528K(59008K), 0.0390071 secs] 10534799K->10497011K(25159296K), 0.0392121 secs] [Times: user=0.39 sys=0.01, real=0.04 secs] 
2014-04-09T14:18:11.122+0900: 310.771: [GC (Allocation Failure) 310.771: [ParNew: 51552K->5985K(59008K), 0.0397384 secs] 10542035K->10513221K(25159296K), 0.0399483 secs] [Times: user=0.48 sys=0.00, real=0.04 secs] 
2014-04-09T14:18:11.183+0900: 310.832: [GC (Allocation Failure) 310.832: [ParNew: 58051K->6528K(59008K), 0.0326851 secs] 10565287K->10532452K(25159296K), 0.0328945 secs] [Times: user=0.40 sys=0.02, real=0.03 secs] 
2014-04-09T14:18:11.253+0900: 310.903: [GC (Allocation Failure) 310.903: [ParNew: 52755K->6528K(59008K), 0.0447521 secs] 10578679K->10564289K(25159296K), 0.0449520 secs] [Times: user=0.54 sys=0.01, real=0.05 secs] 
2014-04-09T14:18:11.318+0900: 310.967: [GC (Allocation Failure) 310.967: [ParNew: 52946K->6528K(59008K), 0.0457005 secs] 10610707K->10587416K(25159296K), 0.0459025 secs] [Times: user=0.55 sys=0.00, real=0.04 secs] 
2014-04-09T14:18:11.403+0900: 311.052: [GC (Allocation Failure) 311.052: [ParNew: 59008K->6528K(59008K), 0.0562250 secs] 10639896K->10608490K(25159296K), 0.0564343 secs] [Times: user=0.59 sys=0.01, real=0.06 secs] 
2014-04-09T14:18:11.484+0900: 311.133: [GC (Allocation Failure) 311.133: [ParNew: 59008K->6528K(59008K), 0.0477666 secs] 10660970K->10636918K(25159296K), 0.0479789 secs] [Times: user=0.56 sys=0.02, real=0.05 secs] 
2014-04-09T14:18:11.568+0900: 311.217: [GC (Allocation Failure) 311.218: [ParNew: 59008K->6528K(59008K), 0.0395039 secs] 10689398K->10644473K(25159296K), 0.0397041 secs] [Times: user=0.49 sys=0.01, real=0.04 secs] 
2014-04-09T14:18:11.644+0900: 311.293: [GC (Allocation Failure) 311.293: [ParNew: 59008K->6528K(59008K), 0.0378696 secs] 10696953K->10651663K(25159296K), 0.0380744 secs] [Times: user=0.38 sys=0.00, real=0.04 secs] 
2014-04-09T14:18:11.717+0900: 311.366: [GC (Allocation Failure) 311.366: [ParNew: 59008K->5990K(59008K), 0.0410094 secs] 10704143K->10657585K(25159296K), 0.0412203 secs] [Times: user=0.48 sys=0.01, real=0.04 secs] 
2014-04-09T14:18:11.801+0900: 311.450: [GC (Allocation Failure) 311.450: [ParNew: 54651K->4201K(59008K), 0.0317665 secs] 10706246K->10655796K(25159296K), 0.0319894 secs] [Times: user=0.39 sys=0.00, real=0.03 secs] 
2014-04-09T14:18:11.889+0900: 311.538: [GC (Allocation Failure) 311.538: [ParNew: 50850K->2411K(59008K), 0.0339395 secs] 10702446K->10678582K(25159296K), 0.0341595 secs] [Times: user=0.44 sys=0.00, real=0.03 secs] 
2014-04-09T14:18:11.963+0900: 311.612: [GC (Allocation Failure) 311.613: [ParNew: 54868K->5854K(59008K), 0.0453692 secs] 10731039K->10712666K(25159296K), 0.0455908 secs] [Times: user=0.57 sys=0.01, real=0.05 secs] 
2014-04-09T14:18:12.029+0900: 311.678: [GC (Allocation Failure) 311.678: [ParNew: 58307K->6528K(59008K), 0.0400405 secs] 10765119K->10743481K(25159296K), 0.0402641 secs] [Times: user=0.48 sys=0.00, real=0.04 secs] 
2014-04-09T14:18:12.088+0900: 311.737: [GC (Allocation Failure) 311.737: [ParNew: 58985K->6528K(59008K), 0.0445525 secs] 10795939K->10770534K(25159296K), 0.0447798 secs] [Times: user=0.55 sys=0.01, real=0.04 secs] 
2014-04-09T14:18:12.148+0900: 311.797: [GC (Allocation Failure) 311.797: [ParNew: 52359K->6528K(59008K), 0.0454625 secs] 10816366K->10794847K(25159296K), 0.0456946 secs] [Times: user=0.57 sys=0.00, real=0.04 secs] 
2014-04-09T14:18:12.208+0900: 311.858: [GC (Allocation Failure) 311.858: [ParNew: 51601K->6528K(59008K), 0.0451910 secs] 10839920K->10822542K(25159296K), 0.0454110 secs] [Times: user=0.55 sys=0.01, real=0.04 secs] 
2014-04-09T14:18:12.272+0900: 311.921: [GC (Allocation Failure) 311.921: [ParNew: 59008K->6528K(59008K), 0.0461846 secs] 10875022K->10858259K(25159296K), 0.0463994 secs] [Times: user=0.54 sys=0.01, real=0.05 secs] 
2014-04-09T14:18:12.342+0900: 311.991: [GC (Allocation Failure) 311.991: [ParNew: 59008K->6528K(59008K), 0.0528808 secs] 10910739K->10883915K(25159296K), 0.0530990 secs] [Times: user=0.54 sys=0.02, real=0.05 secs] 
2014-04-09T14:18:12.421+0900: 312.070: [GC (Allocation Failure) 312.070: [ParNew: 59008K->6528K(59008K), 0.0600423 secs] 10936395K->10906375K(25159296K), 0.0602578 secs] [Times: user=0.58 sys=0.02, real=0.06 secs] 
2014-04-09T14:18:12.511+0900: 312.160: [GC (Allocation Failure) 312.160: [ParNew: 59008K->6528K(59008K), 0.0462352 secs] 10958855K->10922123K(25159296K), 0.0464602 secs] [Times: user=0.55 sys=0.01, real=0.05 secs] 
2014-04-09T14:18:12.593+0900: 312.242: [GC (Allocation Failure) 312.242: [ParNew: 59008K->2896K(59008K), 0.0388853 secs] 10974603K->10921912K(25159296K), 0.0391002 secs] [Times: user=0.46 sys=0.00, real=0.04 secs] 
2014-04-09T14:18:12.666+0900: 312.315: [GC (Allocation Failure) 312.315: [ParNew: 55376K->1581K(59008K), 0.0330317 secs] 10974392K->10920597K(25159296K), 0.0332489 secs] [Times: user=0.41 sys=0.00, real=0.04 secs] 
2014-04-09T14:18:12.734+0900: 312.383: [GC (Allocation Failure) 312.383: [ParNew: 54061K->5790K(59008K), 0.0344223 secs] 10973077K->10924806K(25159296K), 0.0346522 secs] [Times: user=0.44 sys=0.01, real=0.04 secs] 
2014-04-09T14:18:12.811+0900: 312.460: [GC (Allocation Failure) 312.460: [ParNew: 56238K->4437K(59008K), 0.0393639 secs] 10975254K->10932769K(25159296K), 0.0395847 secs] [Times: user=0.47 sys=0.00, real=0.04 secs] 
2014-04-09T14:18:12.881+0900: 312.530: [GC (Allocation Failure) 312.530: [ParNew: 56917K->5684K(59008K), 0.0394155 secs] 10985249K->10962714K(25159296K), 0.0396391 secs] [Times: user=0.49 sys=0.00, real=0.04 secs] 
2014-04-09T14:18:12.940+0900: 312.589: [GC (Allocation Failure) 312.589: [ParNew: 57747K->6528K(59008K), 0.0339447 secs] 11014777K->10986073K(25159296K), 0.0341708 secs] [Times: user=0.43 sys=0.00, real=0.03 secs] 
2014-04-09T14:18:12.996+0900: 312.645: [GC (Allocation Failure) 312.645: [ParNew: 59008K->5573K(59008K), 0.0369939 secs] 11038553K->11015734K(25159296K), 0.0372257 secs] [Times: user=0.46 sys=0.00, real=0.04 secs] 
2014-04-09T14:18:13.052+0900: 312.701: [GC (Allocation Failure) 312.701: [ParNew: 53405K->6528K(59008K), 0.0398670 secs] 11063567K->11039165K(25159296K), 0.0400879 secs] [Times: user=0.49 sys=0.01, real=0.04 secs] 
2014-04-09T14:18:13.115+0900: 312.764: [GC (Allocation Failure) 312.764: [ParNew: 59006K->6528K(59008K), 0.0449719 secs] 11091643K->11079817K(25159296K), 0.0451918 secs] [Times: user=0.55 sys=0.01, real=0.05 secs] 
2014-04-09T14:18:13.179+0900: 312.828: [GC (Allocation Failure) 312.828: [ParNew: 59008K->6528K(59008K), 0.0488025 secs] 11132297K->11108266K(25159296K), 0.0490257 secs] [Times: user=0.55 sys=0.01, real=0.05 secs] 
2014-04-09T14:18:13.251+0900: 312.900: [GC (Allocation Failure) 312.900: [ParNew: 59008K->6528K(59008K), 0.0441132 secs] 11160746K->11137236K(25159296K), 0.0443327 secs] [Times: user=0.53 sys=0.00, real=0.04 secs] 
2014-04-09T14:18:13.320+0900: 312.969: [GC (Allocation Failure) 312.969: [ParNew: 53289K->6528K(59008K), 0.0452959 secs] 11183998K->11164099K(25159296K), 0.0455186 secs] [Times: user=0.52 sys=0.01, real=0.04 secs] 
2014-04-09T14:18:13.384+0900: 313.033: [GC (Allocation Failure) 313.033: [ParNew: 59008K->6528K(59008K), 0.0439384 secs] 11216579K->11182929K(25159296K), 0.0441558 secs] [Times: user=0.55 sys=0.00, real=0.05 secs] 
2014-04-09T14:18:13.466+0900: 313.115: [GC (Allocation Failure) 313.115: [ParNew: 59008K->6528K(59008K), 0.0479250 secs] 11235409K->11194580K(25159296K), 0.0481451 secs] [Times: user=0.55 sys=0.01, real=0.05 secs] 
2014-04-09T14:18:13.555+0900: 313.204: [GC (Allocation Failure) 313.204: [ParNew: 57026K->6528K(59008K), 0.0445329 secs] 11245078K->11200927K(25159296K), 0.0447586 secs] [Times: user=0.55 sys=0.00, real=0.05 secs] 
2014-04-09T14:18:13.647+0900: 313.296: [GC (Allocation Failure) 313.297: [ParNew: 56051K->6151K(59008K), 0.0353895 secs] 11250451K->11208742K(25159296K), 0.0356051 secs] [Times: user=0.44 sys=0.01, real=0.03 secs] 
2014-04-09T14:18:13.717+0900: 313.366: [GC (Allocation Failure) 313.366: [ParNew: 58606K->3886K(59008K), 0.0344883 secs] 11261198K->11226125K(25159296K), 0.0347033 secs] [Times: user=0.42 sys=0.00, real=0.03 secs] 
2014-04-09T14:18:13.775+0900: 313.424: [GC (Allocation Failure) 313.424: [ParNew: 55468K->700K(59008K), 0.0335038 secs] 11277708K->11243445K(25159296K), 0.0337129 secs] [Times: user=0.42 sys=0.00, real=0.04 secs] 
2014-04-09T14:18:13.830+0900: 313.480: [GC (Allocation Failure) 313.480: [ParNew: 53179K->6508K(59008K), 0.0453055 secs] 11295924K->11272564K(25159296K), 0.0455154 secs] [Times: user=0.57 sys=0.00, real=0.04 secs] 
2014-04-09T14:18:13.896+0900: 313.545: [GC (Allocation Failure) 313.546: [ParNew: 58988K->5015K(59008K), 0.0415697 secs] 11325044K->11295942K(25159296K), 0.0417719 secs] [Times: user=0.51 sys=0.00, real=0.04 secs] 
2014-04-09T14:18:13.985+0900: 313.634: [GC (Allocation Failure) 313.634: [ParNew: 51911K->6528K(59008K), 0.0479525 secs] 11342837K->11315129K(25159296K), 0.0481618 secs] [Times: user=0.53 sys=0.02, real=0.05 secs] 
2014-04-09T14:18:14.075+0900: 313.724: [GC (Allocation Failure) 313.724: [ParNew: 59008K->6528K(59008K), 0.0451271 secs] 11367609K->11335723K(25159296K), 0.0453452 secs] [Times: user=0.53 sys=0.00, real=0.05 secs] 
2014-04-09T14:18:14.146+0900: 313.795: [GC (Allocation Failure) 313.795: [ParNew: 58999K->6528K(59008K), 0.0459765 secs] 11388195K->11359211K(25159296K), 0.0461927 secs] [Times: user=0.55 sys=0.01, real=0.05 secs] 
2014-04-09T14:18:14.213+0900: 313.862: [GC (Allocation Failure) 313.862: [ParNew: 59007K->4653K(59008K), 0.0358039 secs] 11411691K->11379866K(25159296K), 0.0360402 secs] [Times: user=0.43 sys=0.00, real=0.04 secs] 
2014-04-09T14:18:14.270+0900: 313.919: [GC (Allocation Failure) 313.919: [ParNew: 57133K->6528K(59008K), 0.0422023 secs] 11432346K->11404447K(25159296K), 0.0424080 secs] [Times: user=0.53 sys=0.00, real=0.04 secs] 
2014-04-09T14:18:14.339+0900: 313.988: [GC (Allocation Failure) 313.989: [ParNew: 59008K->6528K(59008K), 0.0464184 secs] 11456927K->11421491K(25159296K), 0.0466218 secs] [Times: user=0.54 sys=0.00, real=0.04 secs] 
2014-04-09T14:18:14.413+0900: 314.062: [GC (Allocation Failure) 314.062: [ParNew: 59008K->6528K(59008K), 0.0488259 secs] 11473971K->11444143K(25159296K), 0.0490304 secs] [Times: user=0.54 sys=0.00, real=0.05 secs] 
2014-04-09T14:18:14.490+0900: 314.139: [GC (Allocation Failure) 314.139: [ParNew: 59008K->6528K(59008K), 0.0512243 secs] 11496623K->11465842K(25159296K), 0.0514398 secs] [Times: user=0.60 sys=0.01, real=0.05 secs] 
2014-04-09T14:18:14.570+0900: 314.220: [GC (Allocation Failure) 314.220: [ParNew: 59008K->6522K(59008K), 0.0425364 secs] 11518322K->11484570K(25159296K), 0.0427409 secs] [Times: user=0.54 sys=0.00, real=0.04 secs] 
2014-04-09T14:18:14.661+0900: 314.310: [GC (Allocation Failure) 314.310: [ParNew: 58367K->5288K(59008K), 0.0369499 secs] 11536415K->11500645K(25159296K), 0.0371560 secs] [Times: user=0.44 sys=0.00, real=0.04 secs] 
2014-04-09T14:18:14.714+0900: 314.363: [GC (Allocation Failure) 314.363: [ParNew: 57768K->6528K(59008K), 0.0380920 secs] 11553125K->11523967K(25159296K), 0.0382990 secs] [Times: user=0.48 sys=0.01, real=0.04 secs] 
2014-04-09T14:18:14.774+0900: 314.423: [GC (Allocation Failure) 314.423: [ParNew: 59008K->4492K(59008K), 0.0427259 secs] 11576447K->11548205K(25159296K), 0.0429272 secs] [Times: user=0.54 sys=0.00, real=0.04 secs] 
2014-04-09T14:18:14.860+0900: 314.509: [GC (Allocation Failure) 314.509: [ParNew: 56972K->6528K(59008K), 0.0508844 secs] 11600684K->11560786K(25159296K), 0.0510868 secs] [Times: user=0.52 sys=0.01, real=0.05 secs] 
2014-04-09T14:18:14.968+0900: 314.617: [GC (Allocation Failure) 314.617: [ParNew: 59008K->6528K(59008K), 0.0433146 secs] 11613266K->11579914K(25159296K), 0.0435158 secs] [Times: user=0.41 sys=0.02, real=0.04 secs] 
2014-04-09T14:18:15.048+0900: 314.697: [GC (Allocation Failure) 314.697: [ParNew: 59008K->6528K(59008K), 0.0410739 secs] 11632394K->11601101K(25159296K), 0.0412762 secs] [Times: user=0.49 sys=0.00, real=0.04 secs] 
2014-04-09T14:18:15.122+0900: 314.771: [GC (Allocation Failure) 314.771: [ParNew: 59008K->4636K(59008K), 0.0317988 secs] 11653581K->11619530K(25159296K), 0.0320000 secs] [Times: user=0.40 sys=0.00, real=0.03 secs] 
2014-04-09T14:18:15.207+0900: 314.856: [CMS-concurrent-preclean: 1.755/4.732 secs] [Times: user=39.94 sys=0.73, real=4.73 secs] 
2014-04-09T14:18:15.208+0900: 314.857: [GC (Allocation Failure) 314.857: [ParNew: 57114K->6528K(59008K), 0.0593987 secs] 11672009K->11637129K(25159296K), 0.0595784 secs] [Times: user=0.57 sys=0.02, real=0.05 secs] 
2014-04-09T14:18:15.268+0900: 314.917: [GC (CMS Final Remark) [YG occupancy: 6703 K (59008 K)]314.917: [Rescan (parallel) , 0.0177283 secs]314.935: [weak refs processing, 0.0001112 secs]314.935: [class unloading, 0.0348456 secs]314.970: [scrub symbol table, 0.0039520 secs]314.974: [scrub string table, 0.0011856 secs][1 CMS-remark: 11630601K(25100288K)] 11637305K(25159296K), 0.0632575 secs] [Times: user=0.26 sys=0.00, real=0.06 secs] 
2014-04-09T14:18:15.332+0900: 314.981: [CMS-concurrent-sweep-start]
2014-04-09T14:18:15.382+0900: 315.031: [GC (Allocation Failure) 315.031: [ParNew: 49526K->4978K(59008K), 0.0384402 secs] 11677206K->11645164K(25159296K), 0.0386489 secs] [Times: user=0.48 sys=0.01, real=0.04 secs] 
2014-04-09T14:18:15.456+0900: 315.105: [GC (Allocation Failure) 315.105: [ParNew: 57450K->6519K(59008K), 0.0385577 secs] 11696482K->11669820K(25159296K), 0.0387578 secs] [Times: user=0.48 sys=0.01, real=0.04 secs] 
2014-04-09T14:18:15.515+0900: 315.164: [GC (Allocation Failure) 315.164: [ParNew: 58999K->6528K(59008K), 0.0387944 secs] 11721288K->11693810K(25159296K), 0.0390083 secs] [Times: user=0.47 sys=0.01, real=0.04 secs] 
2014-04-09T14:18:15.593+0900: 315.242: [GC (Allocation Failure) 315.243: [ParNew: 59008K->6528K(59008K), 0.0524726 secs] 11744739K->11712104K(25159296K), 0.0526749 secs] [Times: user=0.54 sys=0.01, real=0.05 secs] 
2014-04-09T14:18:15.749+0900: 315.398: [GC (Allocation Failure) 315.398: [ParNew: 59008K->6528K(59008K), 0.0469450 secs] 11759909K->11718611K(25159296K), 0.0471509 secs] [Times: user=0.53 sys=0.02, real=0.04 secs] 
2014-04-09T14:18:15.883+0900: 315.532: [GC (Allocation Failure) 315.532: [ParNew: 56087K->6528K(59008K), 0.0370937 secs] 11762766K->11729294K(25159296K), 0.0372937 secs] [Times: user=0.43 sys=0.00, real=0.04 secs] 
2014-04-09T14:18:15.998+0900: 315.647: [GC (Allocation Failure) 315.647: [ParNew: 59008K->6528K(59008K), 0.0369837 secs] 11767386K->11728836K(25159296K), 0.0371837 secs] [Times: user=0.43 sys=0.01, real=0.03 secs] 
2014-04-09T14:18:16.166+0900: 315.815: [GC (Allocation Failure) 315.815: [ParNew: 59008K->4586K(59008K), 0.0368677 secs] 11763852K->11715795K(25159296K), 0.0370714 secs] [Times: user=0.44 sys=0.01, real=0.04 secs] 
2014-04-09T14:18:16.235+0900: 315.884: [GC (Allocation Failure) 315.884: [ParNew: 51035K->1426K(59008K), 0.0304059 secs] 11757580K->11718131K(25159296K), 0.0306059 secs] [Times: user=0.38 sys=0.00, real=0.03 secs] 
2014-04-09T14:18:16.306+0900: 315.955: [GC (Allocation Failure) 315.955: [ParNew: 53904K->6527K(59008K), 0.0428685 secs] 11767204K->11745439K(25159296K), 0.0430637 secs] [Times: user=0.53 sys=0.00, real=0.05 secs] 
2014-04-09T14:18:16.394+0900: 316.043: [GC (Allocation Failure) 316.043: [ParNew: 49241K->6528K(59008K), 0.0420967 secs] 11785286K->11762186K(25159296K), 0.0422971 secs] [Times: user=0.50 sys=0.00, real=0.04 secs] 
2014-04-09T14:18:16.459+0900: 316.108: [GC (Allocation Failure) 316.108: [ParNew: 58563K->6528K(59008K), 0.0397196 secs] 11813073K->11783262K(25159296K), 0.0399189 secs] [Times: user=0.46 sys=0.01, real=0.04 secs] 
2014-04-09T14:18:16.536+0900: 316.185: [GC (Allocation Failure) 316.185: [ParNew: 58493K->6528K(59008K), 0.0362122 secs] 11832880K->11805682K(25159296K), 0.0364093 secs] [Times: user=0.45 sys=0.00, real=0.04 secs] 
2014-04-09T14:18:16.621+0900: 316.270: [GC (Allocation Failure) 316.270: [ParNew: 59008K->6528K(59008K), 0.0402203 secs] 11853534K->11822028K(25159296K), 0.0404179 secs] [Times: user=0.40 sys=0.01, real=0.04 secs] 
2014-04-09T14:18:16.695+0900: 316.344: [GC (Allocation Failure) 316.344: [ParNew: 59003K->6528K(59008K), 0.0404501 secs] 11872378K->11842502K(25159296K), 0.0406417 secs] [Times: user=0.49 sys=0.00, real=0.04 secs] 
2014-04-09T14:18:16.768+0900: 316.417: [GC (Allocation Failure) 316.417: [ParNew: 59008K->6528K(59008K), 0.0440522 secs] 11892699K->11863910K(25159296K), 0.0442536 secs] [Times: user=0.54 sys=0.01, real=0.04 secs] 
2014-04-09T14:18:16.857+0900: 316.506: [GC (Allocation Failure) 316.506: [ParNew: 59008K->6528K(59008K), 0.0405698 secs] 11913326K->11873225K(25159296K), 0.0407649 secs] [Times: user=0.40 sys=0.01, real=0.05 secs] 
2014-04-09T14:18:16.952+0900: 316.601: [GC (Allocation Failure) 316.601: [ParNew: 59008K->5878K(59008K), 0.0369232 secs] 11920219K->11873595K(25159296K), 0.0371226 secs] [Times: user=0.44 sys=0.00, real=0.04 secs] 
2014-04-09T14:18:17.050+0900: 316.699: [GC (Allocation Failure) 316.699: [ParNew: 55907K->5785K(59008K), 0.0319856 secs] 11910266K->11870384K(25159296K), 0.0321747 secs] [Times: user=0.40 sys=0.01, real=0.03 secs] 
2014-04-09T14:18:17.115+0900: 316.764: [GC (Allocation Failure) 316.764: [ParNew: 49343K->6528K(59008K), 0.0404562 secs] 11905695K->11883761K(25159296K), 0.0406435 secs] [Times: user=0.49 sys=0.01, real=0.04 secs] 
2014-04-09T14:18:17.180+0900: 316.829: [GC (Allocation Failure) 316.829: [ParNew: 59008K->3307K(59008K), 0.0353767 secs] 11931002K->11916161K(25159296K), 0.0355662 secs] [Times: user=0.43 sys=0.01, real=0.03 secs] 
2014-04-09T14:18:17.234+0900: 316.883: [GC (Allocation Failure) 316.883: [ParNew: 48613K->6528K(59008K), 0.0410514 secs] 11957461K->11929516K(25159296K), 0.0412520 secs] [Times: user=0.51 sys=0.01, real=0.04 secs] 
2014-04-09T14:18:17.302+0900: 316.951: [GC (Allocation Failure) 316.951: [ParNew: 59008K->6528K(59008K), 0.0479656 secs] 11977939K->11963478K(25159296K), 0.0481596 secs] [Times: user=0.53 sys=0.02, real=0.05 secs] 
2014-04-09T14:18:17.392+0900: 317.041: [GC (Allocation Failure) 317.042: [ParNew: 59008K->6528K(59008K), 0.0483676 secs] 12008845K->11968459K(25159296K), 0.0485533 secs] [Times: user=0.52 sys=0.00, real=0.05 secs] 
2014-04-09T14:18:17.490+0900: 317.140: [GC (Allocation Failure) 317.140: [ParNew: 55457K->6528K(59008K), 0.0387013 secs] 11993005K->11952702K(25159296K), 0.0388921 secs] [Times: user=0.45 sys=0.01, real=0.04 secs] 
2014-04-09T14:18:17.576+0900: 317.225: [GC (Allocation Failure) 317.225: [ParNew: 59004K->3420K(59008K), 0.0333528 secs] 11659483K->11615454K(25159296K), 0.0335491 secs] [Times: user=0.41 sys=0.00, real=0.04 secs] 
2014-04-09T14:18:17.613+0900: 317.262: [CMS-concurrent-sweep: 1.212/2.281 secs] [Times: user=15.43 sys=0.32, real=2.28 secs] 
2014-04-09T14:18:17.613+0900: 317.262: [CMS-concurrent-reset-start]
2014-04-09T14:18:17.631+0900: 317.280: [GC (Allocation Failure) 317.281: [ParNew: 48977K->768K(59008K), 0.0282543 secs] 10821455K->10783406K(25159296K), 0.0284436 secs] [Times: user=0.36 sys=0.00, real=0.03 secs] 
2014-04-09T14:18:17.706+0900: 317.355: [GC (Allocation Failure) 317.355: [ParNew: 53248K->6528K(59008K), 0.0433054 secs] 10835886K->10804959K(25159296K), 0.0435116 secs] [Times: user=0.47 sys=0.01, real=0.05 secs] 
2014-04-09T14:18:17.754+0900: 317.403: [CMS-concurrent-reset: 0.067/0.141 secs] [Times: user=1.03 sys=0.03, real=0.14 secs] 
2014-04-09T14:18:17.800+0900: 317.449: [GC (Allocation Failure) 317.449: [ParNew: 59008K->6528K(59008K), 0.0394945 secs] 10857439K->10820975K(25159296K), 0.0396931 secs] [Times: user=0.41 sys=0.00, real=0.04 secs] 
2014-04-09T14:18:17.841+0900: 317.490: [GC (CMS Initial Mark) [1 CMS-initial-mark: 10814447K(25100288K)] 10821187K(25159296K), 0.0015294 secs] [Times: user=0.01 sys=0.00, real=0.00 secs] 
2014-04-09T14:18:17.843+0900: 317.492: [CMS-concurrent-mark-start]
2014-04-09T14:18:17.912+0900: 317.561: [GC (Allocation Failure) 317.561: [ParNew: 56837K->6020K(59008K), 0.0348126 secs] 10871285K->10835161K(25159296K), 0.0350239 secs] [Times: user=0.41 sys=0.01, real=0.04 secs] 
2014-04-09T14:18:17.972+0900: 317.621: [GC (Allocation Failure) 317.621: [ParNew: 58500K->6528K(59008K), 0.0308151 secs] 10887641K->10857949K(25159296K), 0.0310243 secs] [Times: user=0.38 sys=0.01, real=0.03 secs] 
2014-04-09T14:18:18.036+0900: 317.685: [GC (Allocation Failure) 317.685: [ParNew: 51081K->6528K(59008K), 0.0364801 secs] 10902503K->10889027K(25159296K), 0.0366802 secs] [Times: user=0.46 sys=0.00, real=0.04 secs] 
2014-04-09T14:18:18.097+0900: 317.746: [GC (Allocation Failure) 317.746: [ParNew: 58991K->6528K(59008K), 0.0413583 secs] 10941490K->10915654K(25159296K), 0.0415609 secs] [Times: user=0.49 sys=0.01, real=0.05 secs] 
2014-04-09T14:18:18.169+0900: 317.818: [GC (Allocation Failure) 317.818: [ParNew: 59008K->6528K(59008K), 0.0466492 secs] 10968134K->10949737K(25159296K), 0.0468484 secs] [Times: user=0.44 sys=0.02, real=0.04 secs] 
2014-04-09T14:18:18.271+0900: 317.920: [GC (Allocation Failure) 317.920: [ParNew: 59008K->6528K(59008K), 0.0506916 secs] 11002217K->10965316K(25159296K), 0.0509021 secs] [Times: user=0.43 sys=0.02, real=0.05 secs] 
2014-04-09T14:18:18.378+0900: 318.028: [GC (Allocation Failure) 318.028: [ParNew: 59008K->6528K(59008K), 0.0465571 secs] 11017796K->10973443K(25159296K), 0.0467767 secs] [Times: user=0.57 sys=0.00, real=0.04 secs] 
2014-04-09T14:18:18.470+0900: 318.119: [GC (Allocation Failure) 318.119: [ParNew: 59008K->6528K(59008K), 0.0320732 secs] 11025923K->10981510K(25159296K), 0.0322879 secs] [Times: user=0.40 sys=0.00, real=0.03 secs] 
2014-04-09T14:18:18.584+0900: 318.233: [GC (Allocation Failure) 318.233: [ParNew: 49953K->6528K(59008K), 0.0406097 secs] 11024936K->10992032K(25159296K), 0.0408325 secs] [Times: user=0.50 sys=0.00, real=0.04 secs] 
2014-04-09T14:18:18.666+0900: 318.315: [GC (Allocation Failure) 318.315: [ParNew: 58160K->6528K(59008K), 0.0347946 secs] 11043665K->11014496K(25159296K), 0.0350108 secs] [Times: user=0.42 sys=0.00, real=0.04 secs] 
2014-04-09T14:18:18.763+0900: 318.412: [GC (Allocation Failure) 318.412: [ParNew: 59008K->6528K(59008K), 0.0442404 secs] 11066976K->11045202K(25159296K), 0.0444471 secs] [Times: user=0.54 sys=0.00, real=0.04 secs] 
2014-04-09T14:18:18.925+0900: 318.574: [GC (Allocation Failure) 318.574: [ParNew: 59008K->6528K(59008K), 0.0384618 secs] 11097682K->11053780K(25159296K), 0.0386741 secs] [Times: user=0.43 sys=0.01, real=0.04 secs] 
2014-04-09T14:18:19.076+0900: 318.725: [GC (Allocation Failure) 318.725: [ParNew: 59008K->3958K(59008K), 0.0433917 secs] 11106260K->11064699K(25159296K), 0.0436082 secs] [Times: user=0.53 sys=0.00, real=0.05 secs] 
2014-04-09T14:18:19.158+0900: 318.807: [GC (Allocation Failure) 318.808: [ParNew: 56437K->4091K(59008K), 0.0340447 secs] 11117179K->11085153K(25159296K), 0.0342530 secs] [Times: user=0.43 sys=0.01, real=0.03 secs] 
2014-04-09T14:18:19.288+0900: 318.937: [GC (Allocation Failure) 318.937: [ParNew: 56571K->6528K(59008K), 0.0575394 secs] 11137633K->11103047K(25159296K), 0.0577537 secs] [Times: user=0.50 sys=0.01, real=0.05 secs] 
2014-04-09T14:18:19.493+0900: 319.142: [GC (Allocation Failure) 319.142: [ParNew: 58468K->5575K(59008K), 0.0391096 secs] 11154988K->11116783K(25159296K), 0.0393308 secs] [Times: user=0.41 sys=0.01, real=0.04 secs] 
2014-04-09T14:18:19.577+0900: 319.226: [GC (Allocation Failure) 319.226: [ParNew: 57418K->6528K(59008K), 0.0345285 secs] 11168626K->11132158K(25159296K), 0.0347414 secs] [Times: user=0.44 sys=0.00, real=0.04 secs] 
2014-04-09T14:18:19.677+0900: 319.326: [GC (Allocation Failure) 319.326: [ParNew: 59008K->6528K(59008K), 0.0472380 secs] 11184638K->11163316K(25159296K), 0.0474569 secs] [Times: user=0.58 sys=0.00, real=0.05 secs] 
2014-04-09T14:18:19.824+0900: 319.473: [GC (Allocation Failure) 319.474: [ParNew: 59008K->6528K(59008K), 0.0417702 secs] 11215796K->11171124K(25159296K), 0.0419812 secs] [Times: user=0.48 sys=0.01, real=0.04 secs] 
2014-04-09T14:18:19.977+0900: 319.626: [GC (Allocation Failure) 319.626: [ParNew: 58992K->4573K(59008K), 0.0355305 secs] 11223588K->11183211K(25159296K), 0.0357440 secs] [Times: user=0.44 sys=0.00, real=0.04 secs] 
2014-04-09T14:18:20.052+0900: 319.701: [GC (Allocation Failure) 319.702: [ParNew: 57053K->4677K(59008K), 0.0333610 secs] 11235691K->11203636K(25159296K), 0.0335714 secs] [Times: user=0.42 sys=0.00, real=0.03 secs] 
2014-04-09T14:18:20.178+0900: 319.827: [GC (Allocation Failure) 319.827: [ParNew: 57157K->6528K(59008K), 0.0517715 secs] 11256116K->11220955K(25159296K), 0.0519798 secs] [Times: user=0.49 sys=0.01, real=0.05 secs] 
2014-04-09T14:18:20.359+0900: 320.008: [GC (Allocation Failure) 320.008: [ParNew: 56610K->4367K(59008K), 0.0357785 secs] 11271038K->11233484K(25159296K), 0.0359902 secs] [Times: user=0.41 sys=0.01, real=0.03 secs] 
2014-04-09T14:18:20.435+0900: 320.084: [GC (Allocation Failure) 320.084: [ParNew: 55984K->6528K(59008K), 0.0336295 secs] 11285101K->11250336K(25159296K), 0.0338349 secs] [Times: user=0.42 sys=0.00, real=0.04 secs] 
2014-04-09T14:18:20.527+0900: 320.176: [GC (Allocation Failure) 320.176: [ParNew: 59008K->6528K(59008K), 0.0428102 secs] 11302816K->11280654K(25159296K), 0.0430179 secs] [Times: user=0.52 sys=0.01, real=0.05 secs] 
2014-04-09T14:18:20.666+0900: 320.315: [GC (Allocation Failure) 320.315: [ParNew: 59008K->6528K(59008K), 0.0402760 secs] 11333134K->11287800K(25159296K), 0.0404910 secs] [Times: user=0.46 sys=0.00, real=0.04 secs] 
2014-04-09T14:18:20.807+0900: 320.456: [GC (Allocation Failure) 320.456: [ParNew: 59001K->5953K(59008K), 0.0338373 secs] 11340273K->11302227K(25159296K), 0.0340432 secs] [Times: user=0.41 sys=0.00, real=0.03 secs] 
2014-04-09T14:18:20.881+0900: 320.530: [GC (Allocation Failure) 320.530: [ParNew: 58433K->5143K(59008K), 0.0294527 secs] 11354707K->11321737K(25159296K), 0.0296636 secs] [Times: user=0.37 sys=0.00, real=0.03 secs] 
2014-04-09T14:18:21.021+0900: 320.670: [GC (Allocation Failure) 320.670: [ParNew: 57623K->6528K(59008K), 0.0475318 secs] 11374217K->11338573K(25159296K), 0.0477408 secs] [Times: user=0.46 sys=0.02, real=0.05 secs] 
2014-04-09T14:18:21.173+0900: 320.822: [GC (Allocation Failure) 320.822: [ParNew: 58994K->6528K(59008K), 0.0381047 secs] 11391040K->11352264K(25159296K), 0.0383051 secs] [Times: user=0.42 sys=0.01, real=0.04 secs] 
2014-04-09T14:18:21.262+0900: 320.911: [GC (Allocation Failure) 320.911: [ParNew: 59006K->6528K(59008K), 0.0360798 secs] 11404742K->11372035K(25159296K), 0.0362972 secs] [Times: user=0.45 sys=0.01, real=0.03 secs] 
2014-04-09T14:18:21.337+0900: 320.986: [CMS-concurrent-mark: 2.221/3.494 secs] [Times: user=25.17 sys=0.63, real=3.49 secs] 
2014-04-09T14:18:21.337+0900: 320.986: [CMS-concurrent-preclean-start]
2014-04-09T14:18:21.350+0900: 320.999: [GC (Allocation Failure) 320.999: [ParNew: 59008K->6528K(59008K), 0.0364249 secs] 11424515K->11377817K(25159296K), 0.0366448 secs] [Times: user=0.43 sys=0.01, real=0.03 secs] 
2014-04-09T14:18:21.419+0900: 321.068: [GC (Allocation Failure) 321.068: [ParNew: 59008K->3663K(59008K), 0.0332383 secs] 11430297K->11379210K(25159296K), 0.0334573 secs] [Times: user=0.41 sys=0.01, real=0.03 secs] 
2014-04-09T14:18:21.483+0900: 321.132: [GC (Allocation Failure) 321.133: [ParNew: 56143K->999K(59008K), 0.0304049 secs] 11431690K->11376546K(25159296K), 0.0306189 secs] [Times: user=0.38 sys=0.01, real=0.03 secs] 
2014-04-09T14:18:21.546+0900: 321.195: [GC (Allocation Failure) 321.195: [ParNew: 53479K->270K(59008K), 0.0318635 secs] 11429026K->11375817K(25159296K), 0.0320791 secs] [Times: user=0.40 sys=0.00, real=0.03 secs] 
2014-04-09T14:18:21.609+0900: 321.258: [GC (Allocation Failure) 321.258: [ParNew: 52750K->67K(59008K), 0.0301647 secs] 11428297K->11375614K(25159296K), 0.0303892 secs] [Times: user=0.38 sys=0.00, real=0.03 secs] 
2014-04-09T14:18:21.671+0900: 321.320: [GC (Allocation Failure) 321.321: [ParNew: 52547K->22K(59008K), 0.0281386 secs] 11428094K->11375568K(25159296K), 0.0283561 secs] [Times: user=0.35 sys=0.00, real=0.03 secs] 
2014-04-09T14:18:21.729+0900: 321.378: [GC (Allocation Failure) 321.379: [ParNew: 52502K->24K(59008K), 0.0298447 secs] 11428048K->11375570K(25159296K), 0.0300533 secs] [Times: user=0.38 sys=0.00, real=0.03 secs] 
2014-04-09T14:18:21.788+0900: 321.437: [GC (Allocation Failure) 321.437: [ParNew: 52504K->22K(59008K), 0.0314105 secs] 11428050K->11375568K(25159296K), 0.0316277 secs] [Times: user=0.39 sys=0.00, real=0.04 secs] 
2014-04-09T14:18:21.849+0900: 321.498: [GC (Allocation Failure) 321.498: [ParNew: 52502K->26K(59008K), 0.0297900 secs] 11428048K->11375573K(25159296K), 0.0299981 secs] [Times: user=0.38 sys=0.00, real=0.03 secs] 
2014-04-09T14:18:21.908+0900: 321.557: [GC (Allocation Failure) 321.557: [ParNew: 52506K->22K(59008K), 0.0277577 secs] 11428053K->11375569K(25159296K), 0.0279681 secs] [Times: user=0.35 sys=0.00, real=0.03 secs] 
2014-04-09T14:18:21.965+0900: 321.614: [GC (Allocation Failure) 321.614: [ParNew: 52502K->18K(59008K), 0.0291344 secs] 11428049K->11375566K(25159296K), 0.0293524 secs] [Times: user=0.36 sys=0.01, real=0.03 secs] 
2014-04-09T14:18:22.024+0900: 321.673: [GC (Allocation Failure) 321.673: [ParNew: 52498K->14K(59008K), 0.0300422 secs] 11428046K->11375563K(25159296K), 0.0302507 secs] [Times: user=0.38 sys=0.00, real=0.03 secs] 
2014-04-09T14:18:22.084+0900: 321.733: [GC (Allocation Failure) 321.733: [ParNew: 52494K->20K(59008K), 0.0325743 secs] 11428043K->11375569K(25159296K), 0.0327863 secs] [Times: user=0.41 sys=0.01, real=0.03 secs] 
2014-04-09T14:18:22.146+0900: 321.795: [GC (Allocation Failure) 321.795: [ParNew: 52500K->26K(59008K), 0.0306343 secs] 11428049K->11375575K(25159296K), 0.0308419 secs] [Times: user=0.38 sys=0.00, real=0.03 secs] 
2014-04-09T14:18:22.206+0900: 321.855: [GC (Allocation Failure) 321.855: [ParNew: 52506K->24K(59008K), 0.0317545 secs] 11428055K->11375573K(25159296K), 0.0319608 secs] [Times: user=0.40 sys=0.00, real=0.03 secs] 
2014-04-09T14:18:22.338+0900: 321.987: [CMS-concurrent-preclean: 0.465/1.001 secs] [Times: user=8.10 sys=0.05, real=1.00 secs] 
2014-04-09T14:18:22.339+0900: 321.988: [GC (Allocation Failure) 321.988: [ParNew: 52504K->22K(59008K), 0.0265663 secs] 11428053K->11375571K(25159296K), 0.0267504 secs] [Times: user=0.32 sys=0.01, real=0.02 secs] 
2014-04-09T14:18:22.367+0900: 322.016: [GC (CMS Final Remark) [YG occupancy: 520 K (59008 K)]322.016: [Rescan (parallel) , 0.0119196 secs]322.028: [weak refs processing, 0.0000580 secs]322.028: [class unloading, 0.0377645 secs]322.065: [scrub symbol table, 0.0042080 secs]322.070: [scrub string table, 0.0012534 secs][1 CMS-remark: 11375549K(25100288K)] 11376069K(25159296K), 0.0612343 secs] [Times: user=0.19 sys=0.00, real=0.06 secs] 
2014-04-09T14:18:22.429+0900: 322.078: [CMS-concurrent-sweep-start]
2014-04-09T14:18:22.457+0900: 322.106: [GC (Allocation Failure) 322.106: [ParNew: 52502K->26K(59008K), 0.0289373 secs] 11424902K->11372426K(25159296K), 0.0291465 secs] [Times: user=0.36 sys=0.01, real=0.03 secs] 
2014-04-09T14:18:22.525+0900: 322.174: [GC (Allocation Failure) 322.174: [ParNew: 52506K->24K(59008K), 0.0277431 secs] 11422229K->11369747K(25159296K), 0.0279473 secs] [Times: user=0.34 sys=0.00, real=0.03 secs] 
2014-04-09T14:18:23.735+0900: 323.384: [CMS-concurrent-sweep: 1.246/1.306 secs] [Times: user=2.27 sys=0.01, real=1.30 secs] 
2014-04-09T14:18:23.735+0900: 323.384: [CMS-concurrent-reset-start]
2014-04-09T14:18:23.800+0900: 323.449: [CMS-concurrent-reset: 0.065/0.065 secs] [Times: user=0.06 sys=0.00, real=0.07 secs] 
2014-04-09T14:18:25.800+0900: 325.449: [GC (CMS Initial Mark) [1 CMS-initial-mark: 9121221K(25100288K)] 9164242K(25159296K), 0.0078316 secs] [Times: user=0.09 sys=0.00, real=0.01 secs] 
2014-04-09T14:18:25.809+0900: 325.458: [CMS-concurrent-mark-start]
2014-04-09T14:18:27.419+0900: 327.068: [GC (Allocation Failure) 327.068: [ParNew: 52504K->144K(59008K), 0.0301763 secs] 9173725K->9121365K(25159296K), 0.0303926 secs] [Times: user=0.37 sys=0.00, real=0.03 secs] 
2014-04-09T14:18:27.488+0900: 327.137: [GC (Allocation Failure) 327.137: [ParNew: 52624K->178K(59008K), 0.0287065 secs] 9173845K->9121400K(25159296K), 0.0289172 secs] [Times: user=0.36 sys=0.00, real=0.03 secs] 
2014-04-09T14:18:27.556+0900: 327.205: [GC (Allocation Failure) 327.205: [ParNew: 52658K->195K(59008K), 0.0298927 secs] 9173880K->9121417K(25159296K), 0.0301201 secs] [Times: user=0.37 sys=0.00, real=0.03 secs] 
2014-04-09T14:18:27.626+0900: 327.275: [GC (Allocation Failure) 327.275: [ParNew: 52675K->212K(59008K), 0.0271270 secs] 9173897K->9121433K(25159296K), 0.0273331 secs] [Times: user=0.34 sys=0.00, real=0.03 secs] 
2014-04-09T14:18:27.692+0900: 327.341: [GC (Allocation Failure) 327.341: [ParNew: 52692K->173K(59008K), 0.0306261 secs] 9173913K->9121395K(25159296K), 0.0308469 secs] [Times: user=0.38 sys=0.01, real=0.03 secs] 
2014-04-09T14:18:27.767+0900: 327.416: [GC (Allocation Failure) 327.416: [ParNew: 52653K->200K(59008K), 0.0281801 secs] 9173875K->9121421K(25159296K), 0.0283910 secs] [Times: user=0.36 sys=0.00, real=0.03 secs] 
2014-04-09T14:18:27.836+0900: 327.485: [GC (Allocation Failure) 327.485: [ParNew: 52680K->102K(59008K), 0.0284085 secs] 9173901K->9121448K(25159296K), 0.0286135 secs] [Times: user=0.36 sys=0.00, real=0.03 secs] 
2014-04-09T14:18:27.905+0900: 327.554: [GC (Allocation Failure) 327.554: [ParNew: 52582K->32K(59008K), 0.0283772 secs] 9173928K->9121379K(25159296K), 0.0285819 secs] [Times: user=0.36 sys=0.00, real=0.03 secs] 
2014-04-09T14:18:27.974+0900: 327.623: [GC (Allocation Failure) 327.623: [ParNew: 52512K->30K(59008K), 0.0293012 secs] 9173859K->9121378K(25159296K), 0.0295171 secs] [Times: user=0.37 sys=0.00, real=0.03 secs] 
2014-04-09T14:18:28.045+0900: 327.694: [GC (Allocation Failure) 327.694: [ParNew: 52510K->30K(59008K), 0.0296338 secs] 9173858K->9121378K(25159296K), 0.0298385 secs] [Times: user=0.37 sys=0.00, real=0.03 secs] 
2014-04-09T14:18:28.117+0900: 327.766: [GC (Allocation Failure) 327.766: [ParNew: 52510K->28K(59008K), 0.0291168 secs] 9173858K->9121376K(25159296K), 0.0293002 secs] [Times: user=0.37 sys=0.00, real=0.03 secs] 
2014-04-09T14:18:28.187+0900: 327.836: [GC (Allocation Failure) 327.836: [ParNew: 52508K->26K(59008K), 0.0288308 secs] 9173856K->9121383K(25159296K), 0.0290104 secs] [Times: user=0.36 sys=0.00, real=0.03 secs] 
2014-04-09T14:18:28.256+0900: 327.905: [GC (Allocation Failure) 327.905: [ParNew: 52506K->26K(59008K), 0.0265311 secs] 9173863K->9121383K(25159296K), 0.0267093 secs] [Times: user=0.34 sys=0.00, real=0.03 secs] 
2014-04-09T14:18:28.321+0900: 327.970: [GC (Allocation Failure) 327.971: [ParNew: 52506K->24K(59008K), 0.0301235 secs] 9173863K->9121381K(25159296K), 0.0302974 secs] [Times: user=0.38 sys=0.00, real=0.03 secs] 
2014-04-09T14:18:28.391+0900: 328.040: [GC (Allocation Failure) 328.040: [ParNew: 52504K->38K(59008K), 0.0278702 secs] 9173861K->9121395K(25159296K), 0.0280492 secs] [Times: user=0.35 sys=0.00, real=0.02 secs] 
2014-04-09T14:18:28.461+0900: 328.110: [GC (Allocation Failure) 328.110: [ParNew: 52518K->45K(59008K), 0.0273430 secs] 9173875K->9121402K(25159296K), 0.0275226 secs] [Times: user=0.35 sys=0.00, real=0.02 secs] 
2014-04-09T14:18:28.532+0900: 328.181: [GC (Allocation Failure) 328.181: [ParNew: 52525K->44K(59008K), 0.0272105 secs] 9173882K->9121403K(25159296K), 0.0273866 secs] [Times: user=0.34 sys=0.01, real=0.02 secs] 
2014-04-09T14:18:28.602+0900: 328.251: [GC (Allocation Failure) 328.251: [ParNew: 52524K->49K(59008K), 0.0281430 secs] 9173883K->9121408K(25159296K), 0.0283200 secs] [Times: user=0.36 sys=0.00, real=0.03 secs] 
2014-04-09T14:18:28.674+0900: 328.323: [GC (Allocation Failure) 328.323: [ParNew: 52529K->48K(59008K), 0.0276942 secs] 9173888K->9121408K(25159296K), 0.0278691 secs] [Times: user=0.35 sys=0.00, real=0.03 secs] 
2014-04-09T14:18:28.744+0900: 328.393: [GC (Allocation Failure) 328.393: [ParNew: 52528K->46K(59008K), 0.0275284 secs] 9173888K->9121407K(25159296K), 0.0277115 secs] [Times: user=0.35 sys=0.01, real=0.03 secs] 
2014-04-09T14:18:28.815+0900: 328.464: [GC (Allocation Failure) 328.464: [ParNew: 52526K->30K(59008K), 0.0264995 secs] 9173887K->9121406K(25159296K), 0.0266842 secs] [Times: user=0.33 sys=0.00, real=0.03 secs] 
2014-04-09T14:18:28.886+0900: 328.535: [GC (Allocation Failure) 328.535: [ParNew: 52510K->24K(59008K), 0.0276189 secs] 9173886K->9121408K(25159296K), 0.0277953 secs] [Times: user=0.34 sys=0.01, real=0.03 secs] 
2014-04-09T14:18:28.962+0900: 328.611: [GC (Allocation Failure) 328.611: [ParNew: 52504K->26K(59008K), 0.0264964 secs] 9173888K->9121410K(25159296K), 0.0266730 secs] [Times: user=0.34 sys=0.00, real=0.02 secs] 
2014-04-09T14:18:29.036+0900: 328.685: [GC (Allocation Failure) 328.685: [ParNew: 52506K->26K(59008K), 0.0290135 secs] 9173890K->9121410K(25159296K), 0.0291926 secs] [Times: user=0.37 sys=0.01, real=0.03 secs] 
2014-04-09T14:18:29.113+0900: 328.762: [GC (Allocation Failure) 328.762: [ParNew: 52506K->26K(59008K), 0.0273621 secs] 9173890K->9121410K(25159296K), 0.0275373 secs] [Times: user=0.35 sys=0.00, real=0.03 secs] 
2014-04-09T14:18:29.188+0900: 328.837: [GC (Allocation Failure) 328.837: [ParNew: 52506K->26K(59008K), 0.0276996 secs] 9173890K->9121410K(25159296K), 0.0278777 secs] [Times: user=0.35 sys=0.00, real=0.03 secs] 
2014-04-09T14:18:29.236+0900: 328.885: [CMS-concurrent-mark: 2.654/3.427 secs] [Times: user=22.33 sys=0.45, real=3.42 secs] 
2014-04-09T14:18:29.236+0900: 328.885: [CMS-concurrent-preclean-start]
2014-04-09T14:18:29.274+0900: 328.923: [GC (Allocation Failure) 328.923: [ParNew: 52506K->4542K(59008K), 0.0275724 secs] 9173890K->9125927K(25159296K), 0.0277465 secs] [Times: user=0.35 sys=0.00, real=0.03 secs] 
2014-04-09T14:18:29.350+0900: 328.999: [CMS-concurrent-preclean: 0.085/0.114 secs] [Times: user=0.65 sys=0.00, real=0.12 secs] 
2014-04-09T14:18:29.351+0900: 329.000: [GC (Allocation Failure) 329.000: [ParNew: 57022K->516K(59008K), 0.0364875 secs] 9178407K->9132310K(25159296K), 0.0366484 secs] [Times: user=0.45 sys=0.01, real=0.03 secs] 
2014-04-09T14:18:29.389+0900: 329.038: [GC (CMS Final Remark) [YG occupancy: 833 K (59008 K)]329.038: [Rescan (parallel) , 0.0118451 secs]329.050: [weak refs processing, 0.0000699 secs]329.050: [class unloading, 0.0347007 secs]329.084: [scrub symbol table, 0.0039451 secs]329.088: [scrub string table, 0.0011849 secs][1 CMS-remark: 9131794K(25100288K)] 9132627K(25159296K), 0.0571589 secs] [Times: user=0.18 sys=0.00, real=0.06 secs] 
2014-04-09T14:18:29.446+0900: 329.095: [CMS-concurrent-sweep-start]
2014-04-09T14:18:29.465+0900: 329.114: [GC (Allocation Failure) 329.114: [ParNew: 52972K->6526K(59008K), 0.0306538 secs] 9184737K->9151219K(25159296K), 0.0308295 secs] [Times: user=0.38 sys=0.00, real=0.03 secs] 
2014-04-09T14:18:29.523+0900: 329.172: [GC (Allocation Failure) 329.172: [ParNew: 59006K->2349K(59008K), 0.0288354 secs] 9203608K->9167917K(25159296K), 0.0290104 secs] [Times: user=0.35 sys=0.01, real=0.03 secs] 
2014-04-09T14:18:29.585+0900: 329.234: [GC (Allocation Failure) 329.234: [ParNew: 54829K->6528K(59008K), 0.0481563 secs] 9220310K->9179683K(25159296K), 0.0483285 secs] [Times: user=0.49 sys=0.00, real=0.05 secs] 
2014-04-09T14:18:29.664+0900: 329.313: [GC (Allocation Failure) 329.313: [ParNew: 59008K->6528K(59008K), 0.0373465 secs] 9232098K->9196630K(25159296K), 0.0375211 secs] [Times: user=0.42 sys=0.01, real=0.04 secs] 
2014-04-09T14:18:29.746+0900: 329.395: [GC (Allocation Failure) 329.395: [ParNew: 55219K->5593K(59008K), 0.0393098 secs] 9245274K->9215196K(25159296K), 0.0395058 secs] [Times: user=0.48 sys=0.01, real=0.04 secs] 
2014-04-09T14:18:29.810+0900: 329.459: [GC (Allocation Failure) 329.459: [ParNew: 58048K->6528K(59008K), 0.0327238 secs] 9267619K->9242079K(25159296K), 0.0329193 secs] [Times: user=0.41 sys=0.00, real=0.03 secs] 
2014-04-09T14:18:29.874+0900: 329.523: [GC (Allocation Failure) 329.523: [ParNew: 59008K->5848K(59008K), 0.0374262 secs] 9294482K->9280780K(25159296K), 0.0376224 secs] [Times: user=0.45 sys=0.01, real=0.04 secs] 
2014-04-09T14:18:29.944+0900: 329.593: [GC (Allocation Failure) 329.593: [ParNew: 58328K->6528K(59008K), 0.0417346 secs] 9333194K->9315687K(25159296K), 0.0419394 secs] [Times: user=0.51 sys=0.01, real=0.04 secs] 
2014-04-09T14:18:30.004+0900: 329.653: [GC (Allocation Failure) 329.653: [ParNew: 59008K->6528K(59008K), 0.0457669 secs] 9368121K->9347786K(25159296K), 0.0459617 secs] [Times: user=0.56 sys=0.00, real=0.05 secs] 
2014-04-09T14:18:30.088+0900: 329.737: [GC (Allocation Failure) 329.737: [ParNew: 59008K->6528K(59008K), 0.0419135 secs] 9400177K->9369764K(25159296K), 0.0421105 secs] [Times: user=0.51 sys=0.00, real=0.05 secs] 
2014-04-09T14:18:30.188+0900: 329.837: [GC (Allocation Failure) 329.837: [ParNew: 57858K->6528K(59008K), 0.0479578 secs] 9420901K->9384592K(25159296K), 0.0481494 secs] [Times: user=0.44 sys=0.01, real=0.05 secs] 
2014-04-09T14:18:30.303+0900: 329.952: [GC (Allocation Failure) 329.952: [ParNew: 57458K->6528K(59008K), 0.0409036 secs] 9435251K->9399026K(25159296K), 0.0410929 secs] [Times: user=0.50 sys=0.01, real=0.04 secs] 
2014-04-09T14:18:30.371+0900: 330.020: [GC (Allocation Failure) 330.020: [ParNew: 59001K->6528K(59008K), 0.0366979 secs] 9451436K->9421859K(25159296K), 0.0368863 secs] [Times: user=0.46 sys=0.00, real=0.03 secs] 
2014-04-09T14:18:30.450+0900: 330.099: [GC (Allocation Failure) 330.099: [ParNew: 54834K->6528K(59008K), 0.0414186 secs] 9470004K->9455041K(25159296K), 0.0416066 secs] [Times: user=0.50 sys=0.00, real=0.04 secs] 
2014-04-09T14:18:30.515+0900: 330.164: [GC (Allocation Failure) 330.164: [ParNew: 59008K->6528K(59008K), 0.0426332 secs] 9507450K->9482580K(25159296K), 0.0428240 secs] [Times: user=0.49 sys=0.01, real=0.04 secs] 
2014-04-09T14:18:30.592+0900: 330.241: [GC (Allocation Failure) 330.241: [ParNew: 59008K->6528K(59008K), 0.0444348 secs] 9534839K->9513654K(25159296K), 0.0446291 secs] [Times: user=0.52 sys=0.00, real=0.04 secs] 
2014-04-09T14:18:30.687+0900: 330.336: [GC (Allocation Failure) 330.336: [ParNew: 59008K->6528K(59008K), 0.0513547 secs] 9565941K->9530560K(25159296K), 0.0515386 secs] [Times: user=0.59 sys=0.02, real=0.05 secs] 
2014-04-09T14:18:30.807+0900: 330.456: [GC (Allocation Failure) 330.456: [ParNew: 57534K->6528K(59008K), 0.0380002 secs] 9581328K->9542742K(25159296K), 0.0381914 secs] [Times: user=0.46 sys=0.00, real=0.04 secs] 
2014-04-09T14:18:30.884+0900: 330.533: [GC (Allocation Failure) 330.533: [ParNew: 58998K->6528K(59008K), 0.0404951 secs] 9592858K->9560364K(25159296K), 0.0406792 secs] [Times: user=0.51 sys=0.00, real=0.04 secs] 
2014-04-09T14:18:30.953+0900: 330.602: [GC (Allocation Failure) 330.602: [ParNew: 52283K->2890K(59008K), 0.0459550 secs] 9605085K->9587221K(25159296K), 0.0461387 secs] [Times: user=0.57 sys=0.00, real=0.04 secs] 
2014-04-09T14:18:31.022+0900: 330.671: [GC (Allocation Failure) 330.671: [ParNew: 55368K->6528K(59008K), 0.0409579 secs] 9638773K->9612263K(25159296K), 0.0411443 secs] [Times: user=0.50 sys=0.01, real=0.04 secs] 
2014-04-09T14:18:31.091+0900: 330.740: [GC (Allocation Failure) 330.740: [ParNew: 59008K->6528K(59008K), 0.0490027 secs] 9663948K->9645040K(25159296K), 0.0491892 secs] [Times: user=0.51 sys=0.01, real=0.05 secs] 
2014-04-09T14:18:31.185+0900: 330.834: [GC (Allocation Failure) 330.834: [ParNew: 59008K->6528K(59008K), 0.0615418 secs] 9696120K->9662181K(25159296K), 0.0617230 secs] [Times: user=0.58 sys=0.02, real=0.06 secs] 
2014-04-09T14:18:31.301+0900: 330.950: [GC (Allocation Failure) 330.950: [ParNew: 55285K->6528K(59008K), 0.0393607 secs] 9708914K->9668806K(25159296K), 0.0395409 secs] [Times: user=0.44 sys=0.01, real=0.04 secs] 
2014-04-09T14:18:31.407+0900: 331.056: [GC (Allocation Failure) 331.056: [ParNew: 50957K->1037K(59008K), 0.0357242 secs] 9709836K->9680889K(25159296K), 0.0359061 secs] [Times: user=0.45 sys=0.00, real=0.04 secs] 
2014-04-09T14:18:31.464+0900: 331.113: [GC (Allocation Failure) 331.113: [ParNew: 46448K->6526K(59008K), 0.0368684 secs] 9725551K->9708498K(25159296K), 0.0370479 secs] [Times: user=0.47 sys=0.00, real=0.04 secs] 
2014-04-09T14:18:31.518+0900: 331.167: [GC (Allocation Failure) 331.167: [ParNew: 59006K->5473K(59008K), 0.0350318 secs] 9760392K->9737490K(25159296K), 0.0352130 secs] [Times: user=0.44 sys=0.00, real=0.04 secs] 
2014-04-09T14:18:31.578+0900: 331.227: [GC (Allocation Failure) 331.227: [ParNew: 57953K->6526K(59008K), 0.0407142 secs] 9788974K->9759947K(25159296K), 0.0408959 secs] [Times: user=0.51 sys=0.00, real=0.04 secs] 
2014-04-09T14:18:31.665+0900: 331.314: [GC (Allocation Failure) 331.314: [ParNew: 59006K->6528K(59008K), 0.0729712 secs] 9810128K->9784099K(25159296K), 0.0731497 secs] [Times: user=0.60 sys=0.02, real=0.07 secs] 
2014-04-09T14:18:31.783+0900: 331.432: [GC (Allocation Failure) 331.432: [ParNew: 59008K->6528K(59008K), 0.0468183 secs] 9833114K->9790631K(25159296K), 0.0469999 secs] [Times: user=0.52 sys=0.01, real=0.05 secs] 
2014-04-09T14:18:31.888+0900: 331.537: [GC (Allocation Failure) 331.537: [ParNew: 52218K->6528K(59008K), 0.0419277 secs] 9829006K->9796952K(25159296K), 0.0421098 secs] [Times: user=0.49 sys=0.01, real=0.05 secs] 
2014-04-09T14:18:31.981+0900: 331.630: [GC (Allocation Failure) 331.630: [ParNew: 50502K->2504K(59008K), 0.0393714 secs] 9837176K->9809722K(25159296K), 0.0395632 secs] [Times: user=0.51 sys=0.00, real=0.04 secs] 
2014-04-09T14:18:32.037+0900: 331.686: [GC (Allocation Failure) 331.686: [ParNew: 54980K->6528K(59008K), 0.0404332 secs] 9862116K->9833237K(25159296K), 0.0406134 secs] [Times: user=0.50 sys=0.01, real=0.04 secs] 
2014-04-09T14:18:32.096+0900: 331.745: [GC (Allocation Failure) 331.745: [ParNew: 56649K->2610K(59008K), 0.0344418 secs] 9883164K->9859862K(25159296K), 0.0346211 secs] [Times: user=0.43 sys=0.00, real=0.04 secs] 
2014-04-09T14:18:32.169+0900: 331.818: [GC (Allocation Failure) 331.818: [ParNew: 55089K->6528K(59008K), 0.0493569 secs] 9912156K->9890895K(25159296K), 0.0495369 secs] [Times: user=0.51 sys=0.02, real=0.05 secs] 
2014-04-09T14:18:32.260+0900: 331.909: [GC (Allocation Failure) 331.909: [ParNew: 59008K->6528K(59008K), 0.0592742 secs] 9943301K->9909743K(25159296K), 0.0594489 secs] [Times: user=0.51 sys=0.03, real=0.06 secs] 
2014-04-09T14:18:32.373+0900: 332.022: [GC (Allocation Failure) 332.022: [ParNew: 54177K->6528K(59008K), 0.0449972 secs] 9943033K->9902338K(25159296K), 0.0451758 secs] [Times: user=0.51 sys=0.00, real=0.04 secs] 
2014-04-09T14:18:32.466+0900: 332.115: [CMS-concurrent-sweep: 1.392/3.020 secs] [Times: user=22.73 sys=0.48, real=3.02 secs] 
2014-04-09T14:18:32.467+0900: 332.116: [CMS-concurrent-reset-start]
2014-04-09T14:18:32.472+0900: 332.121: [GC (Allocation Failure) 332.121: [ParNew: 59007K->2487K(59008K), 0.0402943 secs] 9618461K->9581097K(25159296K), 0.0404714 secs] [Times: user=0.51 sys=0.00, real=0.04 secs] 
2014-04-09T14:18:32.546+0900: 332.195: [GC (Allocation Failure) 332.196: [ParNew: 51321K->693K(59008K), 0.0302760 secs] 9629931K->9599704K(25159296K), 0.0304588 secs] [Times: user=0.38 sys=0.01, real=0.03 secs] 
2014-04-09T14:18:32.606+0900: 332.255: [GC (Allocation Failure) 332.255: [ParNew: 53173K->6528K(59008K), 0.0374929 secs] 9652184K->9632632K(25159296K), 0.0376680 secs] [Times: user=0.46 sys=0.00, real=0.04 secs] 
2014-04-09T14:18:32.656+0900: 332.305: [CMS-concurrent-reset: 0.078/0.190 secs] [Times: user=1.61 sys=0.05, real=0.19 secs] 
2014-04-09T14:18:32.669+0900: 332.318: [GC (Allocation Failure) 332.318: [ParNew: 59008K->6528K(59008K), 0.0452255 secs] 9685112K->9663211K(25159296K), 0.0453895 secs] [Times: user=0.51 sys=0.01, real=0.05 secs] 
2014-04-09T14:18:32.715+0900: 332.364: [GC (CMS Initial Mark) [1 CMS-initial-mark: 9656683K(25100288K)] 9663461K(25159296K), 0.0011335 secs] [Times: user=0.01 sys=0.00, real=0.00 secs] 
2014-04-09T14:18:32.716+0900: 332.365: [CMS-concurrent-mark-start]
2014-04-09T14:18:32.759+0900: 332.408: [GC (Allocation Failure) 332.408: [ParNew: 59008K->6528K(59008K), 0.0542477 secs] 9715691K->9682144K(25159296K), 0.0544210 secs] [Times: user=0.54 sys=0.01, real=0.06 secs] 
2014-04-09T14:18:32.866+0900: 332.515: [GC (Allocation Failure) 332.515: [ParNew: 52372K->6528K(59008K), 0.0447249 secs] 9727989K->9694073K(25159296K), 0.0449002 secs] [Times: user=0.50 sys=0.01, real=0.05 secs] 
2014-04-09T14:18:32.962+0900: 332.611: [GC (Allocation Failure) 332.611: [ParNew: 58985K->3988K(59008K), 0.0369401 secs] 9746530K->9704054K(25159296K), 0.0371145 secs] [Times: user=0.46 sys=0.00, real=0.03 secs] 
2014-04-09T14:18:33.021+0900: 332.670: [GC (Allocation Failure) 332.670: [ParNew: 49501K->5444K(59008K), 0.0347384 secs] 9749567K->9715671K(25159296K), 0.0349154 secs] [Times: user=0.44 sys=0.00, real=0.03 secs] 
2014-04-09T14:18:33.110+0900: 332.759: [GC (Allocation Failure) 332.759: [ParNew: 57924K->6527K(59008K), 0.0434295 secs] 9768151K->9743366K(25159296K), 0.0436054 secs] [Times: user=0.54 sys=0.00, real=0.04 secs] 
2014-04-09T14:18:33.187+0900: 332.836: [GC (Allocation Failure) 332.836: [ParNew: 58985K->6528K(59008K), 0.0425824 secs] 9795824K->9770988K(25159296K), 0.0427552 secs] [Times: user=0.50 sys=0.01, real=0.05 secs] 
2014-04-09T14:18:33.261+0900: 332.910: [GC (Allocation Failure) 332.910: [ParNew: 59008K->6528K(59008K), 0.0429078 secs] 9823468K->9796849K(25159296K), 0.0430808 secs] [Times: user=0.53 sys=0.01, real=0.04 secs] 
2014-04-09T14:18:33.366+0900: 333.015: [GC (Allocation Failure) 333.015: [ParNew: 59007K->6528K(59008K), 0.0469013 secs] 9849329K->9815428K(25159296K), 0.0470768 secs] [Times: user=0.51 sys=0.01, real=0.05 secs] 
2014-04-09T14:18:33.450+0900: 333.099: [GC (Allocation Failure) 333.099: [ParNew: 59008K->6528K(59008K), 0.0425053 secs] 9867908K->9837870K(25159296K), 0.0426775 secs] [Times: user=0.47 sys=0.00, real=0.04 secs] 
2014-04-09T14:18:33.518+0900: 333.167: [GC (Allocation Failure) 333.167: [ParNew: 59008K->6053K(59008K), 0.0319590 secs] 9890350K->9859982K(25159296K), 0.0321309 secs] [Times: user=0.39 sys=0.00, real=0.04 secs] 
2014-04-09T14:18:33.587+0900: 333.237: [GC (Allocation Failure) 333.237: [ParNew: 58531K->6528K(59008K), 0.0415952 secs] 9912460K->9876086K(25159296K), 0.0417705 secs] [Times: user=0.51 sys=0.00, real=0.04 secs] 
2014-04-09T14:18:33.652+0900: 333.301: [GC (Allocation Failure) 333.301: [ParNew: 59008K->6528K(59008K), 0.0370685 secs] 9928566K->9911988K(25159296K), 0.0372431 secs] [Times: user=0.38 sys=0.01, real=0.03 secs] 
2014-04-09T14:18:33.732+0900: 333.381: [GC (Allocation Failure) 333.382: [ParNew: 59008K->6528K(59008K), 0.0449394 secs] 9964468K->9935174K(25159296K), 0.0451569 secs] [Times: user=0.54 sys=0.01, real=0.04 secs] 
2014-04-09T14:18:33.808+0900: 333.457: [GC (Allocation Failure) 333.457: [ParNew: 59008K->6528K(59008K), 0.0438017 secs] 9987654K->9958165K(25159296K), 0.0440022 secs] [Times: user=0.55 sys=0.00, real=0.05 secs] 
2014-04-09T14:18:33.921+0900: 333.570: [GC (Allocation Failure) 333.570: [ParNew: 49140K->6528K(59008K), 0.0423316 secs] 10000778K->9975922K(25159296K), 0.0425354 secs] [Times: user=0.51 sys=0.01, real=0.04 secs] 
2014-04-09T14:18:34.001+0900: 333.650: [GC (Allocation Failure) 333.650: [ParNew: 58980K->6528K(59008K), 0.0412020 secs] 10028374K->10003584K(25159296K), 0.0413967 secs] [Times: user=0.51 sys=0.00, real=0.04 secs] 
2014-04-09T14:18:34.075+0900: 333.724: [GC (Allocation Failure) 333.724: [ParNew: 59007K->3858K(59008K), 0.0325169 secs] 10056063K->10029663K(25159296K), 0.0327129 secs] [Times: user=0.41 sys=0.00, real=0.03 secs] 
2014-04-09T14:18:34.156+0900: 333.805: [GC (Allocation Failure) 333.805: [ParNew: 56338K->6528K(59008K), 0.0481184 secs] 10082143K->10065826K(25159296K), 0.0483210 secs] [Times: user=0.59 sys=0.00, real=0.05 secs] 
2014-04-09T14:18:34.232+0900: 333.881: [GC (Allocation Failure) 333.881: [ParNew: 51854K->6528K(59008K), 0.0588273 secs] 10111153K->10082788K(25159296K), 0.0590402 secs] [Times: user=0.59 sys=0.00, real=0.06 secs] 
2014-04-09T14:18:34.337+0900: 333.986: [GC (Allocation Failure) 333.986: [ParNew: 59006K->6528K(59008K), 0.0428434 secs] 10135266K->10102093K(25159296K), 0.0430354 secs] [Times: user=0.52 sys=0.00, real=0.04 secs] 
2014-04-09T14:18:34.456+0900: 334.105: [GC (Allocation Failure) 334.105: [ParNew: 59008K->6528K(59008K), 0.0404610 secs] 10154573K->10121390K(25159296K), 0.0406630 secs] [Times: user=0.47 sys=0.01, real=0.04 secs] 
2014-04-09T14:18:34.541+0900: 334.190: [GC (Allocation Failure) 334.190: [ParNew: 58624K->6528K(59008K), 0.0392882 secs] 10173486K->10139717K(25159296K), 0.0394833 secs] [Times: user=0.49 sys=0.00, real=0.04 secs] 
2014-04-09T14:18:34.604+0900: 334.253: [GC (Allocation Failure) 334.253: [ParNew: 51987K->6528K(59008K), 0.0401063 secs] 10185176K->10159186K(25159296K), 0.0403024 secs] [Times: user=0.51 sys=0.00, real=0.04 secs] 
2014-04-09T14:18:34.673+0900: 334.322: [GC (Allocation Failure) 334.322: [ParNew: 59008K->6528K(59008K), 0.0462366 secs] 10211666K->10194961K(25159296K), 0.0464323 secs] [Times: user=0.57 sys=0.00, real=0.04 secs] 
2014-04-09T14:18:34.748+0900: 334.397: [GC (Allocation Failure) 334.397: [ParNew: 59008K->6528K(59008K), 0.0589167 secs] 10247441K->10232581K(25159296K), 0.0591100 secs] [Times: user=0.63 sys=0.03, real=0.06 secs] 
2014-04-09T14:18:34.831+0900: 334.480: [GC (Allocation Failure) 334.480: [ParNew: 59008K->6528K(59008K), 0.0423332 secs] 10285061K->10253675K(25159296K), 0.0425258 secs] [Times: user=0.50 sys=0.02, real=0.04 secs] 
2014-04-09T14:18:34.899+0900: 334.548: [GC (Allocation Failure) 334.548: [ParNew: 59008K->6528K(59008K), 0.0442619 secs] 10306155K->10280882K(25159296K), 0.0444545 secs] [Times: user=0.54 sys=0.00, real=0.05 secs] 
2014-04-09T14:18:34.996+0900: 334.645: [GC (Allocation Failure) 334.646: [ParNew: 59008K->6528K(59008K), 0.0482621 secs] 10333362K->10286859K(25159296K), 0.0484588 secs] [Times: user=0.55 sys=0.01, real=0.05 secs] 
2014-04-09T14:18:35.101+0900: 334.750: [GC (Allocation Failure) 334.750: [ParNew: 52478K->6528K(59008K), 0.0580447 secs] 10332809K->10308691K(25159296K), 0.0582411 secs] [Times: user=0.58 sys=0.02, real=0.05 secs] 
2014-04-09T14:18:35.214+0900: 334.863: [GC (Allocation Failure) 334.863: [ParNew: 59008K->4830K(59008K), 0.0410886 secs] 10361171K->10329899K(25159296K), 0.0412880 secs] [Times: user=0.51 sys=0.00, real=0.04 secs] 
2014-04-09T14:18:35.287+0900: 334.936: [GC (Allocation Failure) 334.936: [ParNew: 57295K->6528K(59008K), 0.0443960 secs] 10382364K->10358014K(25159296K), 0.0445901 secs] [Times: user=0.56 sys=0.00, real=0.05 secs] 
2014-04-09T14:18:35.347+0900: 334.996: [GC (Allocation Failure) 334.996: [ParNew: 48924K->6528K(59008K), 0.0392105 secs] 10400411K->10372680K(25159296K), 0.0394292 secs] [Times: user=0.47 sys=0.00, real=0.04 secs] 
2014-04-09T14:18:35.407+0900: 335.056: [GC (Allocation Failure) 335.056: [ParNew: 59008K->2292K(59008K), 0.0361014 secs] 10425160K->10417578K(25159296K), 0.0362995 secs] [Times: user=0.45 sys=0.00, real=0.04 secs] 
2014-04-09T14:18:35.481+0900: 335.130: [GC (Allocation Failure) 335.130: [ParNew: 54755K->6528K(59008K), 0.0544750 secs] 10470042K->10447451K(25159296K), 0.0546828 secs] [Times: user=0.61 sys=0.02, real=0.05 secs] 
2014-04-09T14:18:35.554+0900: 335.203: [GC (Allocation Failure) 335.203: [ParNew: 58979K->6528K(59008K), 0.0442785 secs] 10499902K->10476684K(25159296K), 0.0444773 secs] [Times: user=0.50 sys=0.01, real=0.04 secs] 
2014-04-09T14:18:35.619+0900: 335.268: [GC (Allocation Failure) 335.268: [ParNew: 59007K->6528K(59008K), 0.0444740 secs] 10529163K->10505384K(25159296K), 0.0446695 secs] [Times: user=0.53 sys=0.01, real=0.05 secs] 
2014-04-09T14:18:35.705+0900: 335.355: [GC (Allocation Failure) 335.355: [ParNew: 59008K->6528K(59008K), 0.0540243 secs] 10557864K->10519859K(25159296K), 0.0542246 secs] [Times: user=0.62 sys=0.01, real=0.05 secs] 
2014-04-09T14:18:35.813+0900: 335.462: [GC (Allocation Failure) 335.463: [ParNew: 58554K->6528K(59008K), 0.0439314 secs] 10571886K->10532549K(25159296K), 0.0441500 secs] [Times: user=0.52 sys=0.00, real=0.04 secs] 
2014-04-09T14:18:35.907+0900: 335.556: [GC (Allocation Failure) 335.556: [ParNew: 59008K->3768K(59008K), 0.0326044 secs] 10585029K->10546173K(25159296K), 0.0328095 secs] [Times: user=0.41 sys=0.00, real=0.03 secs] 
2014-04-09T14:18:35.988+0900: 335.637: [GC (Allocation Failure) 335.637: [ParNew: 56246K->6528K(59008K), 0.0416172 secs] 10598652K->10574784K(25159296K), 0.0418168 secs] [Times: user=0.53 sys=0.01, real=0.04 secs] 
2014-04-09T14:18:36.050+0900: 335.699: [GC (Allocation Failure) 335.699: [ParNew: 58994K->6528K(59008K), 0.0399824 secs] 10627250K->10610254K(25159296K), 0.0401871 secs] [Times: user=0.50 sys=0.00, real=0.04 secs] 
2014-04-09T14:18:36.111+0900: 335.760: [GC (Allocation Failure) 335.760: [ParNew: 49947K->6528K(59008K), 0.0398653 secs] 10653674K->10626975K(25159296K), 0.0400653 secs] [Times: user=0.50 sys=0.00, real=0.04 secs] 
2014-04-09T14:18:36.177+0900: 335.826: [GC (Allocation Failure) 335.826: [ParNew: 59006K->6528K(59008K), 0.0455171 secs] 10679454K->10665824K(25159296K), 0.0457171 secs] [Times: user=0.55 sys=0.01, real=0.05 secs] 
2014-04-09T14:18:36.250+0900: 335.899: [GC (Allocation Failure) 335.899: [ParNew: 59008K->6528K(59008K), 0.0538470 secs] 10718304K->10694143K(25159296K), 0.0540462 secs] [Times: user=0.57 sys=0.02, real=0.06 secs] 
2014-04-09T14:18:36.321+0900: 335.970: [GC (Allocation Failure) 335.970: [ParNew: 49908K->6528K(59008K), 0.0418669 secs] 10737523K->10715195K(25159296K), 0.0420709 secs] [Times: user=0.51 sys=0.00, real=0.04 secs] 
2014-04-09T14:18:36.392+0900: 336.041: [GC (Allocation Failure) 336.041: [ParNew: 59008K->6528K(59008K), 0.0438623 secs] 10767675K->10736018K(25159296K), 0.0440720 secs] [Times: user=0.54 sys=0.00, real=0.04 secs] 
2014-04-09T14:18:36.462+0900: 336.111: [CMS-concurrent-mark: 1.681/3.746 secs] [Times: user=34.51 sys=0.75, real=3.75 secs] 
2014-04-09T14:18:36.462+0900: 336.111: [CMS-concurrent-preclean-start]
2014-04-09T14:18:36.479+0900: 336.128: [GC (Allocation Failure) 336.128: [ParNew: 58104K->6528K(59008K), 0.0461874 secs] 10787595K->10750545K(25159296K), 0.0463880 secs] [Times: user=0.56 sys=0.00, real=0.05 secs] 
2014-04-09T14:18:36.567+0900: 336.216: [GC (Allocation Failure) 336.216: [ParNew: 59008K->6528K(59008K), 0.0340972 secs] 10803025K->10761617K(25159296K), 0.0342994 secs] [Times: user=0.42 sys=0.00, real=0.04 secs] 
2014-04-09T14:18:36.648+0900: 336.297: [GC (Allocation Failure) 336.297: [ParNew: 58956K->5699K(59008K), 0.0434908 secs] 10814045K->10787137K(25159296K), 0.0436941 secs] [Times: user=0.53 sys=0.00, real=0.05 secs] 
2014-04-09T14:18:36.712+0900: 336.361: [GC (Allocation Failure) 336.361: [ParNew: 56209K->6528K(59008K), 0.0445278 secs] 10837647K->10815632K(25159296K), 0.0447286 secs] [Times: user=0.57 sys=0.00, real=0.04 secs] 
2014-04-09T14:18:36.782+0900: 336.431: [GC (Allocation Failure) 336.431: [ParNew: 59007K->6528K(59008K), 0.0338225 secs] 10868112K->10848579K(25159296K), 0.0340336 secs] [Times: user=0.42 sys=0.00, real=0.03 secs] 
2014-04-09T14:18:36.835+0900: 336.484: [GC (Allocation Failure) 336.484: [ParNew: 52040K->6452K(59008K), 0.0418753 secs] 10894092K->10872440K(25159296K), 0.0420763 secs] [Times: user=0.52 sys=0.01, real=0.04 secs] 
2014-04-09T14:18:36.901+0900: 336.550: [GC (Allocation Failure) 336.550: [ParNew: 58932K->6528K(59008K), 0.0571084 secs] 10924920K->10905286K(25159296K), 0.0573083 secs] [Times: user=0.58 sys=0.02, real=0.05 secs] 
2014-04-09T14:18:36.976+0900: 336.625: [GC (Allocation Failure) 336.625: [ParNew: 54743K->6528K(59008K), 0.0472119 secs] 10953501K->10925148K(25159296K), 0.0474236 secs] [Times: user=0.56 sys=0.00, real=0.05 secs] 
2014-04-09T14:18:37.052+0900: 336.701: [GC (Allocation Failure) 336.701: [ParNew: 59007K->6528K(59008K), 0.0509777 secs] 10977628K->10952706K(25159296K), 0.0511779 secs] [Times: user=0.56 sys=0.01, real=0.05 secs] 
2014-04-09T14:18:37.138+0900: 336.787: [GC (Allocation Failure) 336.787: [ParNew: 59008K->6528K(59008K), 0.0499804 secs] 11005186K->10968139K(25159296K), 0.0501853 secs] [Times: user=0.59 sys=0.02, real=0.05 secs] 
2014-04-09T14:18:37.230+0900: 336.880: [GC (Allocation Failure) 336.880: [ParNew: 57725K->6528K(59008K), 0.0443738 secs] 11019337K->10976630K(25159296K), 0.0445748 secs] [Times: user=0.52 sys=0.01, real=0.04 secs] 
2014-04-09T14:18:37.320+0900: 336.969: [GC (Allocation Failure) 336.969: [ParNew: 55294K->6528K(59008K), 0.0352954 secs] 11025397K->10990816K(25159296K), 0.0355070 secs] [Times: user=0.43 sys=0.00, real=0.04 secs] 
2014-04-09T14:18:37.386+0900: 337.035: [GC (Allocation Failure) 337.035: [ParNew: 59003K->6519K(59008K), 0.0396217 secs] 11043292K->11018711K(25159296K), 0.0398225 secs] [Times: user=0.50 sys=0.00, real=0.04 secs] 
2014-04-09T14:18:37.450+0900: 337.099: [GC (Allocation Failure) 337.099: [ParNew: 49310K->1569K(59008K), 0.0407152 secs] 11061502K->11044455K(25159296K), 0.0409147 secs] [Times: user=0.52 sys=0.00, real=0.05 secs] 
2014-04-09T14:18:37.511+0900: 337.160: [GC (Allocation Failure) 337.160: [ParNew: 54049K->6528K(59008K), 0.0411464 secs] 11096935K->11077595K(25159296K), 0.0413461 secs] [Times: user=0.52 sys=0.00, real=0.04 secs] 
2014-04-09T14:18:37.573+0900: 337.222: [GC (Allocation Failure) 337.222: [ParNew: 59004K->6528K(59008K), 0.0491858 secs] 11130072K->11116892K(25159296K), 0.0493834 secs] [Times: user=0.56 sys=0.01, real=0.05 secs] 
2014-04-09T14:18:37.648+0900: 337.297: [GC (Allocation Failure) 337.297: [ParNew: 59008K->6528K(59008K), 0.0543392 secs] 11169372K->11134930K(25159296K), 0.0545376 secs] [Times: user=0.55 sys=0.01, real=0.06 secs] 
2014-04-09T14:18:37.728+0900: 337.378: [GC (Allocation Failure) 337.378: [ParNew: 59008K->6528K(59008K), 0.0519396 secs] 11187410K->11164169K(25159296K), 0.0521201 secs] [Times: user=0.61 sys=0.02, real=0.06 secs] 
2014-04-09T14:18:37.815+0900: 337.464: [GC (Allocation Failure) 337.464: [ParNew: 59008K->6528K(59008K), 0.0609888 secs] 11216649K->11182419K(25159296K), 0.0611870 secs] [Times: user=0.61 sys=0.02, real=0.06 secs] 
2014-04-09T14:18:37.914+0900: 337.563: [GC (Allocation Failure) 337.563: [ParNew: 59008K->6528K(59008K), 0.0481516 secs] 11234899K->11197349K(25159296K), 0.0483506 secs] [Times: user=0.56 sys=0.01, real=0.05 secs] 
2014-04-09T14:18:38.007+0900: 337.656: [GC (Allocation Failure) 337.656: [ParNew: 52185K->5744K(59008K), 0.0440762 secs] 11243006K->11212425K(25159296K), 0.0442994 secs] [Times: user=0.54 sys=0.00, real=0.05 secs] 
2014-04-09T14:18:38.085+0900: 337.734: [GC (Allocation Failure) 337.735: [ParNew: 58208K->6528K(59008K), 0.0400730 secs] 11264889K->11244072K(25159296K), 0.0402849 secs] [Times: user=0.51 sys=0.00, real=0.04 secs] 
2014-04-09T14:18:38.149+0900: 337.798: [GC (Allocation Failure) 337.798: [ParNew: 57311K->561K(59008K), 0.0420218 secs] 11294855K->11267449K(25159296K), 0.0422208 secs] [Times: user=0.53 sys=0.00, real=0.05 secs] 
2014-04-09T14:18:38.221+0900: 337.870: [GC (Allocation Failure) 337.870: [ParNew: 53041K->6526K(59008K), 0.0425385 secs] 11319929K->11307443K(25159296K), 0.0427313 secs] [Times: user=0.54 sys=0.00, real=0.04 secs] 
2014-04-09T14:18:38.283+0900: 337.932: [GC (Allocation Failure) 337.932: [ParNew: 59006K->6528K(59008K), 0.0448494 secs] 11359923K->11338744K(25159296K), 0.0450440 secs] [Times: user=0.54 sys=0.01, real=0.04 secs] 
2014-04-09T14:18:38.348+0900: 337.997: [GC (Allocation Failure) 337.997: [ParNew: 59007K->6528K(59008K), 0.0454787 secs] 11391223K->11365057K(25159296K), 0.0456741 secs] [Times: user=0.54 sys=0.01, real=0.05 secs] 
2014-04-09T14:18:38.414+0900: 338.063: [GC (Allocation Failure) 338.064: [ParNew: 59006K->6528K(59008K), 0.0420720 secs] 11417535K->11397791K(25159296K), 0.0422653 secs] [Times: user=0.50 sys=0.01, real=0.04 secs] 
2014-04-09T14:18:38.488+0900: 338.137: [GC (Allocation Failure) 338.137: [ParNew: 59008K->6528K(59008K), 0.0557781 secs] 11450271K->11415892K(25159296K), 0.0559727 secs] [Times: user=0.59 sys=0.03, real=0.06 secs] 
2014-04-09T14:18:38.579+0900: 338.228: [GC (Allocation Failure) 338.228: [ParNew: 59008K->6528K(59008K), 0.0416587 secs] 11468372K->11430488K(25159296K), 0.0418606 secs] [Times: user=0.47 sys=0.01, real=0.05 secs] 
2014-04-09T14:18:38.664+0900: 338.313: [GC (Allocation Failure) 338.313: [ParNew: 59008K->6402K(59008K), 0.0433735 secs] 11482968K->11444517K(25159296K), 0.0435709 secs] [Times: user=0.53 sys=0.01, real=0.04 secs] 
2014-04-09T14:18:38.755+0900: 338.404: [GC (Allocation Failure) 338.404: [ParNew: 58882K->6528K(59008K), 0.0453370 secs] 11496997K->11473701K(25159296K), 0.0455319 secs] [Times: user=0.58 sys=0.00, real=0.05 secs] 
2014-04-09T14:18:38.819+0900: 338.468: [GC (Allocation Failure) 338.468: [ParNew: 53311K->6528K(59008K), 0.0475769 secs] 11520484K->11496770K(25159296K), 0.0477708 secs] [Times: user=0.60 sys=0.00, real=0.05 secs] 
2014-04-09T14:18:38.889+0900: 338.538: [GC (Allocation Failure) 338.538: [ParNew: 59006K->5584K(59008K), 0.0360583 secs] 11549248K->11536603K(25159296K), 0.0362525 secs] [Times: user=0.45 sys=0.00, real=0.04 secs] 
2014-04-09T14:18:38.946+0900: 338.595: [GC (Allocation Failure) 338.595: [ParNew: 50447K->6486K(59008K), 0.0383255 secs] 11581466K->11550309K(25159296K), 0.0385227 secs] [Times: user=0.48 sys=0.00, real=0.04 secs] 
2014-04-09T14:18:39.005+0900: 338.654: [GC (Allocation Failure) 338.654: [ParNew: 58964K->6528K(59008K), 0.0425212 secs] 11602787K->11585023K(25159296K), 0.0427167 secs] [Times: user=0.53 sys=0.00, real=0.04 secs] 
2014-04-09T14:18:39.071+0900: 338.720: [GC (Allocation Failure) 338.720: [ParNew: 59008K->6528K(59008K), 0.0399709 secs] 11637503K->11614595K(25159296K), 0.0401659 secs] [Times: user=0.49 sys=0.01, real=0.04 secs] 
2014-04-09T14:18:39.174+0900: 338.823: [CMS-concurrent-preclean: 0.929/2.712 secs] [Times: user=23.36 sys=0.47, real=2.71 secs] 
2014-04-09T14:18:39.175+0900: 338.824: [GC (Allocation Failure) 338.824: [ParNew: 59008K->6528K(59008K), 0.0538404 secs] 11667075K->11634984K(25159296K), 0.0540187 secs] [Times: user=0.51 sys=0.02, real=0.05 secs] 
2014-04-09T14:18:39.230+0900: 338.879: [GC (CMS Final Remark) [YG occupancy: 6689 K (59008 K)]338.879: [Rescan (parallel) , 0.0159059 secs]338.895: [weak refs processing, 0.0001016 secs]338.895: [class unloading, 0.0371152 secs]338.932: [scrub symbol table, 0.0038895 secs]338.936: [scrub string table, 0.0011100 secs][1 CMS-remark: 11628456K(25100288K)] 11635145K(25159296K), 0.0644278 secs] [Times: user=0.25 sys=0.00, real=0.07 secs] 
2014-04-09T14:18:39.295+0900: 338.944: [CMS-concurrent-sweep-start]
2014-04-09T14:18:39.329+0900: 338.978: [GC (Allocation Failure) 338.978: [ParNew: 59008K->6528K(59008K), 0.0427016 secs] 11663834K->11628282K(25159296K), 0.0428924 secs] [Times: user=0.51 sys=0.01, real=0.05 secs] 
2014-04-09T14:18:39.411+0900: 339.060: [GC (Allocation Failure) 339.060: [ParNew: 59008K->5629K(59008K), 0.0386399 secs] 11626954K->11581008K(25159296K), 0.0388293 secs] [Times: user=0.48 sys=0.00, real=0.03 secs] 
2014-04-09T14:18:39.500+0900: 339.149: [GC (Allocation Failure) 339.149: [ParNew: 58078K->5836K(59008K), 0.0405085 secs] 11562467K->11532838K(25159296K), 0.0406993 secs] [Times: user=0.50 sys=0.00, real=0.05 secs] 
2014-04-09T14:18:39.575+0900: 339.224: [GC (Allocation Failure) 339.224: [ParNew: 58309K->4243K(59008K), 0.0400978 secs] 11553693K->11538380K(25159296K), 0.0402902 secs] [Times: user=0.50 sys=0.01, real=0.04 secs] 
2014-04-09T14:18:39.640+0900: 339.289: [GC (Allocation Failure) 339.289: [ParNew: 47731K->6528K(59008K), 0.0344605 secs] 11557518K->11534443K(25159296K), 0.0346610 secs] [Times: user=0.44 sys=0.00, real=0.04 secs] 
2014-04-09T14:18:39.707+0900: 339.356: [GC (Allocation Failure) 339.356: [ParNew: 59008K->6527K(59008K), 0.0412367 secs] 11551660K->11534967K(25159296K), 0.0414382 secs] [Times: user=0.51 sys=0.01, real=0.04 secs] 
2014-04-09T14:18:39.773+0900: 339.422: [GC (Allocation Failure) 339.422: [ParNew: 55248K->6528K(59008K), 0.0390304 secs] 11557985K->11527646K(25159296K), 0.0392246 secs] [Times: user=0.49 sys=0.00, real=0.04 secs] 
2014-04-09T14:18:39.853+0900: 339.502: [GC (Allocation Failure) 339.502: [ParNew: 59008K->6528K(59008K), 0.0419635 secs] 11532421K->11508589K(25159296K), 0.0421585 secs] [Times: user=0.50 sys=0.00, real=0.04 secs] 
2014-04-09T14:18:39.950+0900: 339.599: [GC (Allocation Failure) 339.599: [ParNew: 58300K->6528K(59008K), 0.0409526 secs] 11497216K->11457471K(25159296K), 0.0411492 secs] [Times: user=0.49 sys=0.00, real=0.05 secs] 
2014-04-09T14:18:40.063+0900: 339.712: [GC (Allocation Failure) 339.712: [ParNew: 58767K->3550K(59008K), 0.0354209 secs] 11429681K->11392654K(25159296K), 0.0356204 secs] [Times: user=0.43 sys=0.00, real=0.03 secs] 
2014-04-09T14:18:40.128+0900: 339.777: [GC (Allocation Failure) 339.777: [ParNew: 53198K->6528K(59008K), 0.0364291 secs] 11412802K->11389212K(25159296K), 0.0366324 secs] [Times: user=0.45 sys=0.01, real=0.04 secs] 
2014-04-09T14:18:40.199+0900: 339.848: [GC (Allocation Failure) 339.848: [ParNew: 59008K->6528K(59008K), 0.0414769 secs] 11411536K->11400569K(25159296K), 0.0416714 secs] [Times: user=0.53 sys=0.00, real=0.05 secs] 
2014-04-09T14:18:40.270+0900: 339.919: [GC (Allocation Failure) 339.919: [ParNew: 49020K->6528K(59008K), 0.0406036 secs] 11413485K->11389131K(25159296K), 0.0408041 secs] [Times: user=0.50 sys=0.00, real=0.05 secs] 
2014-04-09T14:18:40.344+0900: 339.993: [GC (Allocation Failure) 339.993: [ParNew: 59008K->6528K(59008K), 0.0432187 secs] 11415537K->11397076K(25159296K), 0.0434066 secs] [Times: user=0.53 sys=0.00, real=0.04 secs] 
2014-04-09T14:18:40.435+0900: 340.084: [GC (Allocation Failure) 340.084: [ParNew: 59008K->6528K(59008K), 0.0415210 secs] 11398972K->11363516K(25159296K), 0.0417097 secs] [Times: user=0.49 sys=0.00, real=0.04 secs] 
2014-04-09T14:18:40.533+0900: 340.182: [GC (Allocation Failure) 340.182: [ParNew: 58480K->5093K(59008K), 0.0363287 secs] 11338123K->11295477K(25159296K), 0.0365188 secs] [Times: user=0.45 sys=0.00, real=0.03 secs] 
2014-04-09T14:18:40.602+0900: 340.251: [GC (Allocation Failure) 340.251: [ParNew: 51019K->6528K(59008K), 0.0391287 secs] 11304597K->11275474K(25159296K), 0.0393208 secs] [Times: user=0.50 sys=0.00, real=0.03 secs] 
2014-04-09T14:18:40.697+0900: 340.346: [GC (Allocation Failure) 340.346: [ParNew: 53043K->6528K(59008K), 0.0427102 secs] 11268911K->11238125K(25159296K), 0.0429000 secs] [Times: user=0.53 sys=0.00, real=0.04 secs] 
2014-04-09T14:18:40.764+0900: 340.413: [GC (Allocation Failure) 340.414: [ParNew: 58853K->6528K(59008K), 0.0432607 secs] 11269540K->11241295K(25159296K), 0.0434484 secs] [Times: user=0.53 sys=0.00, real=0.04 secs] 
2014-04-09T14:18:40.840+0900: 340.489: [GC (Allocation Failure) 340.489: [ParNew: 55362K->6528K(59008K), 0.0400603 secs] 11261026K->11237861K(25159296K), 0.0402637 secs] [Times: user=0.49 sys=0.00, real=0.04 secs] 
2014-04-09T14:18:40.925+0900: 340.574: [GC (Allocation Failure) 340.574: [ParNew: 59008K->6528K(59008K), 0.0381060 secs] 11245965K->11223645K(25159296K), 0.0382917 secs] [Times: user=0.46 sys=0.01, real=0.04 secs] 
2014-04-09T14:18:40.996+0900: 340.645: [GC (Allocation Failure) 340.646: [ParNew: 59008K->6528K(59008K), 0.0373732 secs] 11239800K->11207469K(25159296K), 0.0375599 secs] [Times: user=0.46 sys=0.00, real=0.04 secs] 
2014-04-09T14:18:41.065+0900: 340.714: [GC (Allocation Failure) 340.714: [ParNew: 57125K->6528K(59008K), 0.0397037 secs] 11225120K->11198859K(25159296K), 0.0398876 secs] [Times: user=0.49 sys=0.00, real=0.04 secs] 
2014-04-09T14:18:41.163+0900: 340.812: [GC (Allocation Failure) 340.812: [ParNew: 59008K->6528K(59008K), 0.0325721 secs] 11192487K->11161680K(25159296K), 0.0327592 secs] [Times: user=0.39 sys=0.00, real=0.03 secs] 
2014-04-09T14:18:41.234+0900: 340.883: [GC (Allocation Failure) 340.883: [ParNew: 59008K->6528K(59008K), 0.0393166 secs] 11163418K->11140709K(25159296K), 0.0395130 secs] [Times: user=0.48 sys=0.00, real=0.04 secs] 
2014-04-09T14:18:41.307+0900: 340.956: [GC (Allocation Failure) 340.956: [ParNew: 58081K->3985K(59008K), 0.0398513 secs] 11145173K->11111399K(25159296K), 0.0400339 secs] [Times: user=0.50 sys=0.00, real=0.04 secs] 
2014-04-09T14:18:41.406+0900: 341.055: [GC (Allocation Failure) 341.055: [ParNew: 50908K->6528K(59008K), 0.0403185 secs] 11073543K->11049307K(25159296K), 0.0405037 secs] [Times: user=0.49 sys=0.00, real=0.04 secs] 
2014-04-09T14:18:41.483+0900: 341.132: [GC (Allocation Failure) 341.132: [ParNew: 59001K->6528K(59008K), 0.0409665 secs] 11049388K->11018989K(25159296K), 0.0411497 secs] [Times: user=0.51 sys=0.00, real=0.04 secs] 
2014-04-09T14:18:41.556+0900: 341.205: [GC (Allocation Failure) 341.205: [ParNew: 59008K->3855K(59008K), 0.0410377 secs] 11040353K->11006920K(25159296K), 0.0412293 secs] [Times: user=0.52 sys=0.00, real=0.04 secs] 
2014-04-09T14:18:41.658+0900: 341.307: [GC (Allocation Failure) 341.307: [ParNew: 56335K->6528K(59008K), 0.0383108 secs] 11002595K->10973594K(25159296K), 0.0384992 secs] [Times: user=0.47 sys=0.01, real=0.04 secs] 
2014-04-09T14:18:41.748+0900: 341.398: [GC (Allocation Failure) 341.398: [ParNew: 59008K->6528K(59008K), 0.0412707 secs] 10981475K->10946933K(25159296K), 0.0414517 secs] [Times: user=0.51 sys=0.01, real=0.04 secs] 
2014-04-09T14:18:41.817+0900: 341.466: [GC (Allocation Failure) 341.466: [ParNew: 51887K->2906K(59008K), 0.0400870 secs] 10970763K->10933853K(25159296K), 0.0402659 secs] [Times: user=0.49 sys=0.01, real=0.04 secs] 
2014-04-09T14:18:41.899+0900: 341.548: [GC (Allocation Failure) 341.548: [ParNew: 55386K->6528K(59008K), 0.0383710 secs] 10946271K->10920161K(25159296K), 0.0385599 secs] [Times: user=0.47 sys=0.00, real=0.04 secs] 
2014-04-09T14:18:41.996+0900: 341.645: [GC (Allocation Failure) 341.645: [ParNew: 58035K->6528K(59008K), 0.0363580 secs] 10913973K->10881602K(25159296K), 0.0365380 secs] [Times: user=0.44 sys=0.00, real=0.04 secs] 
2014-04-09T14:18:42.066+0900: 341.715: [GC (Allocation Failure) 341.715: [ParNew: 58726K->6528K(59008K), 0.0340213 secs] 10905523K->10876796K(25159296K), 0.0342025 secs] [Times: user=0.41 sys=0.01, real=0.03 secs] 
2014-04-09T14:18:42.150+0900: 341.799: [GC (Allocation Failure) 341.800: [ParNew: 59006K->6528K(59008K), 0.0328377 secs] 10877414K->10859842K(25159296K), 0.0330223 secs] [Times: user=0.39 sys=0.00, real=0.04 secs] 
2014-04-09T14:18:42.226+0900: 341.875: [GC (Allocation Failure) 341.875: [ParNew: 59008K->6528K(59008K), 0.0395750 secs] 10865333K->10845718K(25159296K), 0.0397510 secs] [Times: user=0.49 sys=0.00, real=0.04 secs] 
2014-04-09T14:18:42.295+0900: 341.944: [GC (Allocation Failure) 341.944: [ParNew: 59008K->5395K(59008K), 0.0374804 secs] 10867224K->10839258K(25159296K), 0.0376550 secs] [Times: user=0.46 sys=0.01, real=0.04 secs] 
2014-04-09T14:18:42.387+0900: 342.036: [GC (Allocation Failure) 342.036: [ParNew: 57875K->6528K(59008K), 0.0351300 secs] 10828485K->10787932K(25159296K), 0.0353042 secs] [Times: user=0.43 sys=0.00, real=0.04 secs] 
2014-04-09T14:18:42.491+0900: 342.140: [GC (Allocation Failure) 342.140: [ParNew: 58565K->6528K(59008K), 0.0375137 secs] 10742440K->10708408K(25159296K), 0.0376894 secs] [Times: user=0.46 sys=0.01, real=0.04 secs] 
2014-04-09T14:18:42.571+0900: 342.220: [GC (Allocation Failure) 342.220: [ParNew: 58978K->6528K(59008K), 0.0361210 secs] 10641888K->10608769K(25159296K), 0.0362968 secs] [Times: user=0.44 sys=0.01, real=0.04 secs] 
2014-04-09T14:18:42.650+0900: 342.299: [GC (Allocation Failure) 342.299: [ParNew: 58723K->6518K(59008K), 0.0309503 secs] 10565909K->10542421K(25159296K), 0.0311264 secs] [Times: user=0.39 sys=0.00, real=0.03 secs] 
2014-04-09T14:18:42.719+0900: 342.368: [GC (Allocation Failure) 342.368: [ParNew: 58998K->6528K(59008K), 0.0433014 secs] 10470053K->10453522K(25159296K), 0.0434759 secs] [Times: user=0.53 sys=0.00, real=0.05 secs] 
2014-04-09T14:18:42.790+0900: 342.439: [GC (Allocation Failure) 342.439: [ParNew: 59008K->6528K(59008K), 0.0364576 secs] 10302086K->10277076K(25159296K), 0.0366268 secs] [Times: user=0.45 sys=0.00, real=0.04 secs] 
2014-04-09T14:18:42.834+0900: 342.483: [CMS-concurrent-sweep: 1.756/3.539 secs] [Times: user=26.65 sys=0.43, real=3.54 secs] 
2014-04-09T14:18:42.834+0900: 342.483: [CMS-concurrent-reset-start]
2014-04-09T14:18:42.880+0900: 342.529: [GC (Allocation Failure) 342.529: [ParNew: 59008K->6528K(59008K), 0.0343551 secs] 9928875K->9888105K(25159296K), 0.0345267 secs] [Times: user=0.42 sys=0.01, real=0.04 secs] 
2014-04-09T14:18:42.951+0900: 342.600: [CMS-concurrent-reset: 0.082/0.118 secs] [Times: user=0.67 sys=0.01, real=0.12 secs] 
2014-04-09T14:18:42.969+0900: 342.618: [GC (Allocation Failure) 342.618: [ParNew: 51302K->6528K(59008K), 0.0423559 secs] 9932880K->9899592K(25159296K), 0.0425023 secs] [Times: user=0.51 sys=0.00, real=0.05 secs] 
2014-04-09T14:18:43.014+0900: 342.663: [GC (CMS Initial Mark) [1 CMS-initial-mark: 9893064K(25100288K)] 9907786K(25159296K), 0.0015606 secs] [Times: user=0.00 sys=0.00, real=0.00 secs] 
2014-04-09T14:18:43.016+0900: 342.665: [CMS-concurrent-mark-start]
2014-04-09T14:18:43.084+0900: 342.733: [GC (Allocation Failure) 342.733: [ParNew: 57540K->6526K(59008K), 0.0345762 secs] 9950605K->9911544K(25159296K), 0.0347456 secs] [Times: user=0.44 sys=0.00, real=0.03 secs] 
2014-04-09T14:18:43.150+0900: 342.799: [GC (Allocation Failure) 342.799: [ParNew: 59004K->6528K(59008K), 0.0375756 secs] 9964022K->9929540K(25159296K), 0.0377525 secs] [Times: user=0.47 sys=0.01, real=0.04 secs] 
2014-04-09T14:18:43.270+0900: 342.919: [GC (Allocation Failure) 342.920: [ParNew: 58905K->6528K(59008K), 0.0426275 secs] 9981917K->9966981K(25159296K), 0.0427903 secs] [Times: user=0.54 sys=0.00, real=0.05 secs] 
2014-04-09T14:18:43.369+0900: 343.018: [GC (Allocation Failure) 343.018: [ParNew: 59008K->6528K(59008K), 0.0364991 secs] 10019461K->9992193K(25159296K), 0.0366624 secs] [Times: user=0.43 sys=0.00, real=0.04 secs] 
2014-04-09T14:18:43.535+0900: 343.184: [GC (Allocation Failure) 343.184: [ParNew: 49570K->5456K(59008K), 0.0414076 secs] 10035236K->10005062K(25159296K), 0.0415683 secs] [Times: user=0.50 sys=0.01, real=0.04 secs] 
2014-04-09T14:18:44.165+0900: 343.814: [GC (Allocation Failure) 343.814: [ParNew: 57928K->6528K(59008K), 0.0315736 secs] 10057534K->10021306K(25159296K), 0.0317859 secs] [Times: user=0.38 sys=0.01, real=0.03 secs] 
2014-04-09T14:18:44.213+0900: 343.862: [GC (Allocation Failure) 343.862: [ParNew: 54550K->6528K(59008K), 0.0368961 secs] 10069328K->10052443K(25159296K), 0.0371019 secs] [Times: user=0.46 sys=0.00, real=0.03 secs] 
2014-04-09T14:18:44.289+0900: 343.938: [GC (Allocation Failure) 343.938: [ParNew: 59008K->6528K(59008K), 0.0411015 secs] 10104923K->10082942K(25159296K), 0.0413040 secs] [Times: user=0.49 sys=0.00, real=0.04 secs] 
2014-04-09T14:18:44.374+0900: 344.023: [GC (Allocation Failure) 344.024: [ParNew: 59008K->6528K(59008K), 0.0387475 secs] 10135422K->10105147K(25159296K), 0.0389536 secs] [Times: user=0.42 sys=0.01, real=0.04 secs] 
2014-04-09T14:18:44.472+0900: 344.121: [GC (Allocation Failure) 344.121: [ParNew: 57565K->6528K(59008K), 0.0386707 secs] 10156184K->10111735K(25159296K), 0.0388689 secs] [Times: user=0.47 sys=0.00, real=0.03 secs] 
2014-04-09T14:18:44.589+0900: 344.238: [GC (Allocation Failure) 344.238: [ParNew: 52147K->1941K(59008K), 0.0323547 secs] 10157355K->10125580K(25159296K), 0.0325501 secs] [Times: user=0.42 sys=0.00, real=0.03 secs] 
2014-04-09T14:18:44.655+0900: 344.304: [GC (Allocation Failure) 344.304: [ParNew: 54421K->6528K(59008K), 0.0419836 secs] 10178060K->10152316K(25159296K), 0.0421927 secs] [Times: user=0.53 sys=0.00, real=0.04 secs] 
2014-04-09T14:18:45.204+0900: 344.853: [GC (Allocation Failure) 344.853: [ParNew: 59008K->6528K(59008K), 0.0396639 secs] 10204796K->10185874K(25159296K), 0.0398462 secs] [Times: user=0.48 sys=0.00, real=0.04 secs] 
2014-04-09T14:18:45.290+0900: 344.939: [CMS-concurrent-mark: 1.758/2.273 secs] [Times: user=13.98 sys=0.39, real=2.27 secs] 
2014-04-09T14:18:45.290+0900: 344.939: [CMS-concurrent-preclean-start]
2014-04-09T14:18:45.318+0900: 344.967: [GC (Allocation Failure) 344.967: [ParNew: 58003K->6528K(59008K), 0.0370687 secs] 10237350K->10199469K(25159296K), 0.0372415 secs] [Times: user=0.44 sys=0.02, real=0.04 secs] 
2014-04-09T14:18:45.425+0900: 345.074: [GC (Allocation Failure) 345.074: [ParNew: 58980K->6528K(59008K), 0.0278244 secs] 10251921K->10217328K(25159296K), 0.0279968 secs] [Times: user=0.34 sys=0.00, real=0.03 secs] 
2014-04-09T14:18:45.493+0900: 345.142: [GC (Allocation Failure) 345.142: [ParNew: 59008K->6528K(59008K), 0.0361009 secs] 10269808K->10241504K(25159296K), 0.0362718 secs] [Times: user=0.45 sys=0.00, real=0.03 secs] 
2014-04-09T14:18:45.615+0900: 345.264: [CMS-concurrent-preclean: 0.206/0.325 secs] [Times: user=1.67 sys=0.04, real=0.33 secs] 
2014-04-09T14:18:45.615+0900: 345.264: [GC (Allocation Failure) 345.265: [ParNew: 58427K->6528K(59008K), 0.0335681 secs] 10293404K->10255578K(25159296K), 0.0337176 secs] [Times: user=0.40 sys=0.00, real=0.03 secs] 
2014-04-09T14:18:45.650+0900: 345.299: [GC (CMS Final Remark) [YG occupancy: 7562 K (59008 K)]345.299: [Rescan (parallel) , 0.0127715 secs]345.312: [weak refs processing, 0.0000508 secs]345.312: [class unloading, 0.0287601 secs]345.341: [scrub symbol table, 0.0031462 secs]345.344: [scrub string table, 0.0008783 secs][1 CMS-remark: 10249050K(25100288K)] 10256612K(25159296K), 0.0503160 secs] [Times: user=0.18 sys=0.00, real=0.05 secs] 
2014-04-09T14:18:45.702+0900: 345.351: [CMS-concurrent-sweep-start]
2014-04-09T14:18:45.752+0900: 345.401: [GC (Allocation Failure) 345.401: [ParNew: 59008K->6528K(59008K), 0.0407201 secs] 10299202K->10285052K(25159296K), 0.0409088 secs] [Times: user=0.50 sys=0.00, real=0.04 secs] 
2014-04-09T14:18:45.827+0900: 345.476: [GC (Allocation Failure) 345.476: [ParNew: 59008K->6528K(59008K), 0.0415480 secs] 10333708K->10313861K(25159296K), 0.0417290 secs] [Times: user=0.51 sys=0.01, real=0.04 secs] 
2014-04-09T14:18:45.896+0900: 345.545: [GC (Allocation Failure) 345.545: [ParNew: 51569K->4852K(59008K), 0.0386687 secs] 10356353K->10325163K(25159296K), 0.0388488 secs] [Times: user=0.48 sys=0.00, real=0.04 secs] 
2014-04-09T14:18:45.990+0900: 345.639: [GC (Allocation Failure) 345.639: [ParNew: 57332K->6528K(59008K), 0.0407419 secs] 10373982K->10338673K(25159296K), 0.0409228 secs] [Times: user=0.51 sys=0.01, real=0.04 secs] 
2014-04-09T14:18:46.054+0900: 345.703: [GC (Allocation Failure) 345.703: [ParNew: 52242K->6528K(59008K), 0.0403145 secs] 10380537K->10353923K(25159296K), 0.0404956 secs] [Times: user=0.49 sys=0.00, real=0.04 secs] 
2014-04-09T14:18:46.125+0900: 345.774: [GC (Allocation Failure) 345.774: [ParNew: 59008K->6528K(59008K), 0.0336735 secs] 10403398K->10387251K(25159296K), 0.0338629 secs] [Times: user=0.41 sys=0.01, real=0.03 secs] 
2014-04-09T14:18:46.185+0900: 345.834: [GC (Allocation Failure) 345.834: [ParNew: 59008K->6528K(59008K), 0.0438244 secs] 10437701K->10416964K(25159296K), 0.0440047 secs] [Times: user=0.54 sys=0.00, real=0.04 secs] 
2014-04-09T14:18:46.245+0900: 345.894: [GC (Allocation Failure) 345.894: [ParNew: 49346K->6528K(59008K), 0.0358436 secs] 10458269K->10427020K(25159296K), 0.0360286 secs] [Times: user=0.43 sys=0.00, real=0.03 secs] 
2014-04-09T14:18:46.305+0900: 345.954: [GC (Allocation Failure) 345.954: [ParNew: 59008K->6528K(59008K), 0.0379725 secs] 10477697K->10451827K(25159296K), 0.0381748 secs] [Times: user=0.47 sys=0.00, real=0.04 secs] 
2014-04-09T14:18:46.376+0900: 346.025: [GC (Allocation Failure) 346.025: [ParNew: 59008K->6528K(59008K), 0.0424957 secs] 10501160K->10470689K(25159296K), 0.0426841 secs] [Times: user=0.52 sys=0.01, real=0.04 secs] 
2014-04-09T14:18:46.459+0900: 346.108: [GC (Allocation Failure) 346.109: [ParNew: 57454K->6528K(59008K), 0.0382555 secs] 10517461K->10484396K(25159296K), 0.0384388 secs] [Times: user=0.47 sys=0.00, real=0.04 secs] 
2014-04-09T14:18:46.520+0900: 346.169: [GC (Allocation Failure) 346.170: [ParNew: 59008K->6528K(59008K), 0.0394654 secs] 10533991K->10510906K(25159296K), 0.0396497 secs] [Times: user=0.49 sys=0.00, real=0.04 secs] 
2014-04-09T14:18:46.591+0900: 346.240: [GC (Allocation Failure) 346.240: [ParNew: 57771K->5593K(59008K), 0.0317051 secs] 10556618K->10526810K(25159296K), 0.0318891 secs] [Times: user=0.40 sys=0.00, real=0.04 secs] 
2014-04-09T14:18:46.654+0900: 346.303: [GC (Allocation Failure) 346.303: [ParNew: 58072K->6528K(59008K), 0.0415297 secs] 10572691K->10557890K(25159296K), 0.0417139 secs] [Times: user=0.52 sys=0.00, real=0.04 secs] 
2014-04-09T14:18:46.713+0900: 346.362: [GC (Allocation Failure) 346.362: [ParNew: 51561K->6528K(59008K), 0.0376294 secs] 10599661K->10577915K(25159296K), 0.0378238 secs] [Times: user=0.46 sys=0.01, real=0.03 secs] 
2014-04-09T14:18:46.774+0900: 346.423: [GC (Allocation Failure) 346.423: [ParNew: 59008K->6528K(59008K), 0.0430829 secs] 10626274K->10615025K(25159296K), 0.0432835 secs] [Times: user=0.52 sys=0.01, real=0.04 secs] 
2014-04-09T14:18:46.835+0900: 346.484: [GC (Allocation Failure) 346.484: [ParNew: 50099K->6528K(59008K), 0.0349131 secs] 10657146K->10625294K(25159296K), 0.0351125 secs] [Times: user=0.43 sys=0.00, real=0.03 secs] 
2014-04-09T14:18:46.895+0900: 346.544: [GC (Allocation Failure) 346.544: [ParNew: 59008K->6528K(59008K), 0.0378501 secs] 10674561K->10655144K(25159296K), 0.0380487 secs] [Times: user=0.45 sys=0.00, real=0.04 secs] 
2014-04-09T14:18:46.968+0900: 346.617: [GC (Allocation Failure) 346.617: [ParNew: 57025K->6528K(59008K), 0.0431451 secs] 10700587K->10667640K(25159296K), 0.0433442 secs] [Times: user=0.51 sys=0.01, real=0.05 secs] 
2014-04-09T14:18:47.052+0900: 346.701: [GC (Allocation Failure) 346.701: [ParNew: 59008K->6528K(59008K), 0.0384862 secs] 10715612K->10677707K(25159296K), 0.0386883 secs] [Times: user=0.47 sys=0.00, real=0.03 secs] 
2014-04-09T14:18:47.129+0900: 346.778: [GC (Allocation Failure) 346.778: [ParNew: 59008K->4557K(59008K), 0.0472851 secs] 10724106K->10699221K(25159296K), 0.0474870 secs] [Times: user=0.58 sys=0.01, real=0.05 secs] 
2014-04-09T14:18:47.198+0900: 346.847: [GC (Allocation Failure) 346.847: [ParNew: 50672K->6528K(59008K), 0.0330942 secs] 10741252K->10710152K(25159296K), 0.0332900 secs] [Times: user=0.41 sys=0.00, real=0.03 secs] 
2014-04-09T14:18:47.264+0900: 346.913: [GC (Allocation Failure) 346.913: [ParNew: 59006K->6528K(59008K), 0.0401611 secs] 10760180K->10742914K(25159296K), 0.0403628 secs] [Times: user=0.49 sys=0.01, real=0.04 secs] 
2014-04-09T14:18:47.338+0900: 346.987: [GC (Allocation Failure) 346.987: [ParNew: 59008K->6528K(59008K), 0.0419970 secs] 10792736K->10773581K(25159296K), 0.0421919 secs] [Times: user=0.51 sys=0.00, real=0.04 secs] 
2014-04-09T14:18:47.397+0900: 347.046: [GC (Allocation Failure) 347.047: [ParNew: 59008K->6528K(59008K), 0.0408389 secs] 10824479K->10806998K(25159296K), 0.0410355 secs] [Times: user=0.51 sys=0.01, real=0.04 secs] 
2014-04-09T14:18:47.461+0900: 347.110: [GC (Allocation Failure) 347.110: [ParNew: 59008K->6528K(59008K), 0.0384336 secs] 10857661K->10830928K(25159296K), 0.0386295 secs] [Times: user=0.46 sys=0.00, real=0.04 secs] 
2014-04-09T14:18:47.520+0900: 347.169: [GC (Allocation Failure) 347.170: [ParNew: 59008K->6528K(59008K), 0.0416072 secs] 10882058K->10855847K(25159296K), 0.0418050 secs] [Times: user=0.50 sys=0.01, real=0.04 secs] 
2014-04-09T14:18:47.604+0900: 347.253: [GC (Allocation Failure) 347.253: [ParNew: 59008K->6528K(59008K), 0.0404727 secs] 10906953K->10873044K(25159296K), 0.0406885 secs] [Times: user=0.46 sys=0.01, real=0.04 secs] 
2014-04-09T14:18:47.694+0900: 347.343: [GC (Allocation Failure) 347.343: [ParNew: 59008K->6528K(59008K), 0.0405590 secs] 10923196K->10891338K(25159296K), 0.0407550 secs] [Times: user=0.49 sys=0.00, real=0.04 secs] 
2014-04-09T14:18:47.771+0900: 347.420: [GC (Allocation Failure) 347.420: [ParNew: 58992K->6528K(59008K), 0.0462824 secs] 10941296K->10916771K(25159296K), 0.0464736 secs] [Times: user=0.58 sys=0.01, real=0.05 secs] 
2014-04-09T14:18:47.839+0900: 347.488: [GC (Allocation Failure) 347.488: [ParNew: 52144K->6528K(59008K), 0.0396885 secs] 10960679K->10933701K(25159296K), 0.0398790 secs] [Times: user=0.49 sys=0.00, real=0.04 secs] 
2014-04-09T14:18:47.926+0900: 347.575: [GC (Allocation Failure) 347.575: [ParNew: 59006K->6528K(59008K), 0.0433183 secs] 10979788K->10955820K(25159296K), 0.0435092 secs] [Times: user=0.54 sys=0.01, real=0.04 secs] 
2014-04-09T14:18:48.018+0900: 347.667: [GC (Allocation Failure) 347.667: [ParNew: 59008K->6528K(59008K), 0.0436581 secs] 11003362K->10983337K(25159296K), 0.0438492 secs] [Times: user=0.53 sys=0.01, real=0.04 secs] 
2014-04-09T14:18:48.082+0900: 347.731: [GC (Allocation Failure) 347.731: [ParNew: 52761K->6528K(59008K), 0.0393684 secs] 11028219K->11006068K(25159296K), 0.0395608 secs] [Times: user=0.49 sys=0.00, real=0.04 secs] 
2014-04-09T14:18:48.143+0900: 347.792: [GC (Allocation Failure) 347.792: [ParNew: 59008K->6528K(59008K), 0.0427977 secs] 11057844K->11031167K(25159296K), 0.0429940 secs] [Times: user=0.53 sys=0.00, real=0.04 secs] 
2014-04-09T14:18:48.229+0900: 347.878: [GC (Allocation Failure) 347.878: [ParNew: 59008K->6528K(59008K), 0.0397785 secs] 11081519K->11052417K(25159296K), 0.0399720 secs] [Times: user=0.49 sys=0.00, real=0.04 secs] 
2014-04-09T14:18:48.342+0900: 347.991: [GC (Allocation Failure) 347.991: [ParNew: 56286K->6528K(59008K), 0.0358143 secs] 11097459K->11071214K(25159296K), 0.0360040 secs] [Times: user=0.42 sys=0.00, real=0.04 secs] 
2014-04-09T14:18:48.415+0900: 348.064: [GC (Allocation Failure) 348.064: [ParNew: 58973K->6528K(59008K), 0.0360629 secs] 11116287K->11079951K(25159296K), 0.0362485 secs] [Times: user=0.45 sys=0.00, real=0.03 secs] 
2014-04-09T14:18:48.481+0900: 348.130: [GC (Allocation Failure) 348.130: [ParNew: 59008K->2937K(59008K), 0.0377978 secs] 11127314K->11092175K(25159296K), 0.0379833 secs] [Times: user=0.47 sys=0.00, real=0.04 secs] 
2014-04-09T14:18:48.577+0900: 348.226: [GC (Allocation Failure) 348.226: [ParNew: 53205K->6528K(59008K), 0.0410324 secs] 11131716K->11104725K(25159296K), 0.0412237 secs] [Times: user=0.50 sys=0.01, real=0.04 secs] 
2014-04-09T14:18:48.649+0900: 348.298: [GC (Allocation Failure) 348.298: [ParNew: 59008K->6528K(59008K), 0.0427244 secs] 11149757K->11119329K(25159296K), 0.0429134 secs] [Times: user=0.52 sys=0.01, real=0.04 secs] 
2014-04-09T14:18:48.727+0900: 348.376: [GC (Allocation Failure) 348.376: [ParNew: 59008K->4569K(59008K), 0.0391262 secs] 11165391K->11133785K(25159296K), 0.0393116 secs] [Times: user=0.48 sys=0.00, real=0.04 secs] 
2014-04-09T14:18:48.868+0900: 348.517: [GC (Allocation Failure) 348.517: [ParNew: 57048K->6528K(59008K), 0.0415292 secs] 11152218K->11121993K(25159296K), 0.0417115 secs] [Times: user=0.50 sys=0.01, real=0.04 secs] 
2014-04-09T14:18:48.962+0900: 348.611: [CMS-concurrent-sweep: 1.481/3.261 secs] [Times: user=26.50 sys=0.41, real=3.26 secs] 
2014-04-09T14:18:48.963+0900: 348.612: [CMS-concurrent-reset-start]
2014-04-09T14:18:48.973+0900: 348.622: [GC (Allocation Failure) 348.622: [ParNew: 59008K->6528K(59008K), 0.0396520 secs] 9237206K->9202654K(25159296K), 0.0398366 secs] [Times: user=0.47 sys=0.01, real=0.04 secs] 
2014-04-09T14:18:49.036+0900: 348.685: [GC (Allocation Failure) 348.685: [ParNew: 52061K->2375K(59008K), 0.0378513 secs] 9248187K->9212852K(25159296K), 0.0380350 secs] [Times: user=0.46 sys=0.00, real=0.04 secs] 
2014-04-09T14:18:49.104+0900: 348.753: [GC (Allocation Failure) 348.753: [ParNew: 50332K->6528K(59008K), 0.0309274 secs] 9260809K->9242131K(25159296K), 0.0311133 secs] [Times: user=0.39 sys=0.00, real=0.03 secs] 
2014-04-09T14:18:49.168+0900: 348.817: [CMS-concurrent-reset: 0.093/0.206 secs] [Times: user=1.64 sys=0.04, real=0.20 secs] 
2014-04-09T14:18:49.171+0900: 348.820: [GC (Allocation Failure) 348.820: [ParNew: 59008K->6528K(59008K), 0.0419606 secs] 9294611K->9277482K(25159296K), 0.0421201 secs] [Times: user=0.48 sys=0.01, real=0.05 secs] 
2014-04-09T14:18:49.214+0900: 348.863: [GC (CMS Initial Mark) [1 CMS-initial-mark: 9270954K(25100288K)] 9277628K(25159296K), 0.0013665 secs] [Times: user=0.01 sys=0.00, real=0.00 secs] 
2014-04-09T14:18:49.216+0900: 348.865: [CMS-concurrent-mark-start]
2014-04-09T14:18:49.252+0900: 348.901: [GC (Allocation Failure) 348.901: [ParNew: 59007K->6528K(59008K), 0.0539826 secs] 9329961K->9314254K(25159296K), 0.0541700 secs] [Times: user=0.57 sys=0.04, real=0.06 secs] 
2014-04-09T14:18:49.328+0900: 348.977: [GC (Allocation Failure) 348.977: [ParNew: 55618K->6528K(59008K), 0.0360219 secs] 9363345K->9330132K(25159296K), 0.0362112 secs] [Times: user=0.42 sys=0.01, real=0.04 secs] 
2014-04-09T14:18:49.391+0900: 349.040: [GC (Allocation Failure) 349.040: [ParNew: 59008K->6528K(59008K), 0.0435748 secs] 9382612K->9355603K(25159296K), 0.0437531 secs] [Times: user=0.53 sys=0.00, real=0.05 secs] 
2014-04-09T14:18:49.479+0900: 349.128: [GC (Allocation Failure) 349.128: [ParNew: 58776K->6528K(59008K), 0.0417059 secs] 9407851K->9369006K(25159296K), 0.0418839 secs] [Times: user=0.48 sys=0.00, real=0.04 secs] 
2014-04-09T14:18:49.572+0900: 349.221: [GC (Allocation Failure) 349.221: [ParNew: 51699K->6154K(59008K), 0.0372249 secs] 9414177K->9388686K(25159296K), 0.0374043 secs] [Times: user=0.47 sys=0.00, real=0.04 secs] 
2014-04-09T14:18:49.644+0900: 349.293: [GC (Allocation Failure) 349.293: [ParNew: 58634K->5929K(59008K), 0.0403060 secs] 9441166K->9422792K(25159296K), 0.0404890 secs] [Times: user=0.50 sys=0.00, real=0.04 secs] 
2014-04-09T14:18:49.710+0900: 349.359: [GC (Allocation Failure) 349.359: [ParNew: 58330K->2666K(59008K), 0.0355596 secs] 9475192K->9439849K(25159296K), 0.0357500 secs] [Times: user=0.45 sys=0.00, real=0.04 secs] 
2014-04-09T14:18:49.769+0900: 349.419: [GC (Allocation Failure) 349.419: [ParNew: 55145K->6528K(59008K), 0.0317930 secs] 9492329K->9464241K(25159296K), 0.0319777 secs] [Times: user=0.40 sys=0.00, real=0.03 secs] 
2014-04-09T14:18:49.825+0900: 349.474: [GC (Allocation Failure) 349.474: [ParNew: 59008K->6528K(59008K), 0.0394555 secs] 9516721K->9501264K(25159296K), 0.0396379 secs] [Times: user=0.47 sys=0.01, real=0.04 secs] 
2014-04-09T14:18:49.898+0900: 349.547: [GC (Allocation Failure) 349.547: [ParNew: 59008K->6528K(59008K), 0.0405163 secs] 9553744K->9535064K(25159296K), 0.0407070 secs] [Times: user=0.48 sys=0.00, real=0.04 secs] 
2014-04-09T14:18:49.959+0900: 349.608: [GC (Allocation Failure) 349.608: [ParNew: 59008K->6528K(59008K), 0.0352845 secs] 9587544K->9558003K(25159296K), 0.0354653 secs] [Times: user=0.44 sys=0.00, real=0.04 secs] 
2014-04-09T14:18:50.017+0900: 349.666: [GC (Allocation Failure) 349.666: [ParNew: 59008K->5612K(59008K), 0.0418212 secs] 9610483K->9582487K(25159296K), 0.0420033 secs] [Times: user=0.52 sys=0.00, real=0.04 secs] 
2014-04-09T14:18:50.102+0900: 349.751: [GC (Allocation Failure) 349.751: [ParNew: 58092K->6528K(59008K), 0.0344006 secs] 9634967K->9593434K(25159296K), 0.0345802 secs] [Times: user=0.43 sys=0.00, real=0.04 secs] 
2014-04-09T14:18:50.189+0900: 349.838: [GC (Allocation Failure) 349.838: [ParNew: 59008K->6526K(59008K), 0.0401491 secs] 9645914K->9622023K(25159296K), 0.0403262 secs] [Times: user=0.48 sys=0.00, real=0.04 secs] 
2014-04-09T14:18:50.264+0900: 349.913: [GC (Allocation Failure) 349.913: [ParNew: 51344K->6528K(59008K), 0.0369117 secs] 9666841K->9635135K(25159296K), 0.0370857 secs] [Times: user=0.46 sys=0.00, real=0.03 secs] 
2014-04-09T14:18:50.335+0900: 349.984: [GC (Allocation Failure) 349.984: [ParNew: 58984K->6528K(59008K), 0.0393539 secs] 9687591K->9663550K(25159296K), 0.0395289 secs] [Times: user=0.48 sys=0.01, real=0.04 secs] 
2014-04-09T14:18:50.405+0900: 350.054: [GC (Allocation Failure) 350.054: [ParNew: 59006K->2762K(59008K), 0.0395259 secs] 9716029K->9691181K(25159296K), 0.0397164 secs] [Times: user=0.49 sys=0.01, real=0.04 secs] 
2014-04-09T14:18:50.483+0900: 350.132: [GC (Allocation Failure) 350.132: [ParNew: 55242K->6528K(59008K), 0.0362485 secs] 9743660K->9714268K(25159296K), 0.0364234 secs] [Times: user=0.46 sys=0.00, real=0.03 secs] 
2014-04-09T14:18:50.543+0900: 350.192: [GC (Allocation Failure) 350.193: [ParNew: 59008K->6528K(59008K), 0.0376863 secs] 9766748K->9743550K(25159296K), 0.0378623 secs] [Times: user=0.46 sys=0.01, real=0.03 secs] 
2014-04-09T14:18:50.631+0900: 350.280: [GC (Allocation Failure) 350.280: [ParNew: 59008K->6528K(59008K), 0.0426690 secs] 9796030K->9763877K(25159296K), 0.0428430 secs] [Times: user=0.51 sys=0.00, real=0.05 secs] 
2014-04-09T14:18:50.727+0900: 350.376: [GC (Allocation Failure) 350.376: [ParNew: 56980K->6528K(59008K), 0.0320147 secs] 9814330K->9777002K(25159296K), 0.0322051 secs] [Times: user=0.38 sys=0.00, real=0.03 secs] 
2014-04-09T14:18:50.810+0900: 350.459: [GC (Allocation Failure) 350.459: [ParNew: 59008K->6528K(59008K), 0.0338680 secs] 9829482K->9780343K(25159296K), 0.0340535 secs] [Times: user=0.41 sys=0.00, real=0.04 secs] 
2014-04-09T14:18:50.878+0900: 350.527: [GC (Allocation Failure) 350.527: [ParNew: 59008K->6528K(59008K), 0.0396692 secs] 9832823K->9808531K(25159296K), 0.0398635 secs] [Times: user=0.48 sys=0.01, real=0.04 secs] 
2014-04-09T14:18:50.964+0900: 350.613: [GC (Allocation Failure) 350.613: [ParNew: 58844K->6528K(59008K), 0.0399657 secs] 9860848K->9831838K(25159296K), 0.0401532 secs] [Times: user=0.50 sys=0.01, real=0.04 secs] 
2014-04-09T14:18:51.037+0900: 350.686: [GC (Allocation Failure) 350.686: [ParNew: 59008K->6528K(59008K), 0.0371299 secs] 9884318K->9859605K(25159296K), 0.0373258 secs] [Times: user=0.46 sys=0.00, real=0.04 secs] 
2014-04-09T14:18:51.099+0900: 350.748: [GC (Allocation Failure) 350.748: [ParNew: 58816K->2431K(59008K), 0.0403828 secs] 9911893K->9877854K(25159296K), 0.0405753 secs] [Times: user=0.50 sys=0.01, real=0.04 secs] 
2014-04-09T14:18:51.159+0900: 350.808: [GC (Allocation Failure) 350.808: [ParNew: 54911K->6528K(59008K), 0.0297832 secs] 9930334K->9899903K(25159296K), 0.0299707 secs] [Times: user=0.37 sys=0.00, real=0.03 secs] 
2014-04-09T14:18:51.211+0900: 350.860: [GC (Allocation Failure) 350.861: [ParNew: 59008K->6528K(59008K), 0.0416206 secs] 9952383K->9929930K(25159296K), 0.0418075 secs] [Times: user=0.49 sys=0.01, real=0.05 secs] 
2014-04-09T14:18:51.287+0900: 350.936: [GC (Allocation Failure) 350.936: [ParNew: 59008K->6528K(59008K), 0.0409993 secs] 9982410K->9947433K(25159296K), 0.0411883 secs] [Times: user=0.47 sys=0.01, real=0.04 secs] 
2014-04-09T14:18:51.372+0900: 351.021: [GC (Allocation Failure) 351.021: [ParNew: 59008K->6528K(59008K), 0.0367172 secs] 9999913K->9962457K(25159296K), 0.0369118 secs] [Times: user=0.43 sys=0.01, real=0.04 secs] 
2014-04-09T14:18:51.453+0900: 351.102: [GC (Allocation Failure) 351.102: [ParNew: 52670K->6528K(59008K), 0.0423422 secs] 10008600K->9975429K(25159296K), 0.0425350 secs] [Times: user=0.53 sys=0.01, real=0.04 secs] 
2014-04-09T14:18:51.523+0900: 351.172: [GC (Allocation Failure) 351.172: [ParNew: 53123K->5749K(59008K), 0.0402036 secs] 10022024K->9998986K(25159296K), 0.0403930 secs] [Times: user=0.46 sys=0.01, real=0.04 secs] 
2014-04-09T14:18:51.578+0900: 351.227: [GC (Allocation Failure) 351.228: [ParNew: 56389K->6528K(59008K), 0.0328100 secs] 10049625K->10016497K(25159296K), 0.0330034 secs] [Times: user=0.42 sys=0.01, real=0.03 secs] 
2014-04-09T14:18:51.630+0900: 351.279: [GC (Allocation Failure) 351.279: [ParNew: 59006K->2185K(59008K), 0.0323411 secs] 10068976K->10046849K(25159296K), 0.0325433 secs] [Times: user=0.41 sys=0.00, real=0.04 secs] 
2014-04-09T14:18:51.700+0900: 351.349: [GC (Allocation Failure) 351.349: [ParNew: 54665K->6528K(59008K), 0.0482417 secs] 10099329K->10068745K(25159296K), 0.0484369 secs] [Times: user=0.50 sys=0.01, real=0.05 secs] 
2014-04-09T14:18:51.804+0900: 351.453: [GC (Allocation Failure) 351.453: [ParNew: 59006K->6528K(59008K), 0.0433327 secs] 10121224K->10094034K(25159296K), 0.0435370 secs] [Times: user=0.50 sys=0.01, real=0.04 secs] 
2014-04-09T14:18:51.881+0900: 351.530: [GC (Allocation Failure) 351.530: [ParNew: 59008K->6528K(59008K), 0.0428851 secs] 10146514K->10116877K(25159296K), 0.0430913 secs] [Times: user=0.54 sys=0.01, real=0.05 secs] 
2014-04-09T14:18:51.960+0900: 351.609: [GC (Allocation Failure) 351.609: [ParNew: 59008K->6528K(59008K), 0.0483648 secs] 10169357K->10146974K(25159296K), 0.0485652 secs] [Times: user=0.58 sys=0.00, real=0.05 secs] 
2014-04-09T14:18:52.063+0900: 351.712: [GC (Allocation Failure) 351.712: [ParNew: 59008K->6528K(59008K), 0.0426781 secs] 10199454K->10158222K(25159296K), 0.0428799 secs] [Times: user=0.41 sys=0.02, real=0.04 secs] 
2014-04-09T14:18:52.185+0900: 351.834: [GC (Allocation Failure) 351.834: [ParNew: 59008K->5537K(59008K), 0.0340693 secs] 10210702K->10165786K(25159296K), 0.0342729 secs] [Times: user=0.41 sys=0.01, real=0.03 secs] 
2014-04-09T14:18:52.327+0900: 351.976: [GC (Allocation Failure) 351.976: [ParNew: 51561K->5802K(59008K), 0.0304047 secs] 10211810K->10176291K(25159296K), 0.0306071 secs] [Times: user=0.38 sys=0.00, real=0.03 secs] 
2014-04-09T14:18:52.384+0900: 352.033: [GC (Allocation Failure) 352.033: [ParNew: 55841K->6528K(59008K), 0.0357251 secs] 10226330K->10200118K(25159296K), 0.0359402 secs] [Times: user=0.44 sys=0.00, real=0.03 secs] 
2014-04-09T14:18:52.462+0900: 352.111: [GC (Allocation Failure) 352.111: [ParNew: 59008K->6221K(59008K), 0.0441040 secs] 10252598K->10240706K(25159296K), 0.0443059 secs] [Times: user=0.56 sys=0.00, real=0.05 secs] 
2014-04-09T14:18:52.596+0900: 352.245: [CMS-concurrent-mark: 1.655/3.380 secs] [Times: user=30.75 sys=0.64, real=3.38 secs] 
2014-04-09T14:18:52.596+0900: 352.245: [CMS-concurrent-preclean-start]
2014-04-09T14:18:52.618+0900: 352.267: [GC (Allocation Failure) 352.267: [ParNew: 58701K->6528K(59008K), 0.0431150 secs] 10293186K->10259633K(25159296K), 0.0433196 secs] [Times: user=0.43 sys=0.01, real=0.04 secs] 
2014-04-09T14:18:52.787+0900: 352.436: [GC (Allocation Failure) 352.437: [ParNew: 58575K->6528K(59008K), 0.0386972 secs] 10311681K->10266137K(25159296K), 0.0389039 secs] [Times: user=0.44 sys=0.00, real=0.04 secs] 
2014-04-09T14:18:52.918+0900: 352.567: [GC (Allocation Failure) 352.567: [ParNew: 59008K->6528K(59008K), 0.0316541 secs] 10318617K->10276738K(25159296K), 0.0318589 secs] [Times: user=0.40 sys=0.00, real=0.03 secs] 
2014-04-09T14:18:52.999+0900: 352.648: [GC (Allocation Failure) 352.648: [ParNew: 59006K->6528K(59008K), 0.0415338 secs] 10329216K->10300422K(25159296K), 0.0417405 secs] [Times: user=0.51 sys=0.00, real=0.04 secs] 
2014-04-09T14:18:53.143+0900: 352.792: [GC (Allocation Failure) 352.792: [ParNew: 59008K->6528K(59008K), 0.0471564 secs] 10352902K->10313222K(25159296K), 0.0473708 secs] [Times: user=0.56 sys=0.01, real=0.04 secs] 
2014-04-09T14:18:53.333+0900: 352.982: [GC (Allocation Failure) 352.982: [ParNew: 53954K->3988K(59008K), 0.0375214 secs] 10360649K->10324970K(25159296K), 0.0377221 secs] [Times: user=0.42 sys=0.01, real=0.03 secs] 
2014-04-09T14:18:53.398+0900: 353.047: [GC (Allocation Failure) 353.047: [ParNew: 55848K->1460K(59008K), 0.0356186 secs] 10376830K->10342763K(25159296K), 0.0358213 secs] [Times: user=0.45 sys=0.00, real=0.04 secs] 
2014-04-09T14:18:53.453+0900: 353.102: [GC (Allocation Failure) 353.102: [ParNew: 49945K->6528K(59008K), 0.0330904 secs] 10391248K->10365800K(25159296K), 0.0333168 secs] [Times: user=0.41 sys=0.01, real=0.03 secs] 
2014-04-09T14:18:53.521+0900: 353.170: [GC (Allocation Failure) 353.170: [ParNew: 59008K->6528K(59008K), 0.0493765 secs] 10418280K->10399343K(25159296K), 0.0495757 secs] [Times: user=0.56 sys=0.01, real=0.05 secs] 
2014-04-09T14:18:53.618+0900: 353.267: [GC (Allocation Failure) 353.267: [ParNew: 59008K->6528K(59008K), 0.0515372 secs] 10451823K->10423479K(25159296K), 0.0517380 secs] [Times: user=0.55 sys=0.03, real=0.05 secs] 
2014-04-09T14:18:53.727+0900: 353.376: [GC (Allocation Failure) 353.376: [ParNew: 59008K->5565K(59008K), 0.0435150 secs] 10475959K->10427545K(25159296K), 0.0437354 secs] [Times: user=0.54 sys=0.00, real=0.04 secs] 
2014-04-09T14:18:53.839+0900: 353.488: [GC (Allocation Failure) 353.488: [ParNew: 55841K->6482K(59008K), 0.0351247 secs] 10477821K->10428461K(25159296K), 0.0353355 secs] [Times: user=0.43 sys=0.01, real=0.04 secs] 
2014-04-09T14:18:53.932+0900: 353.581: [GC (Allocation Failure) 353.581: [ParNew: 48944K->1083K(59008K), 0.0462127 secs] 10470923K->10443102K(25159296K), 0.0464168 secs] [Times: user=0.56 sys=0.00, real=0.05 secs] 
2014-04-09T14:18:54.033+0900: 353.682: [GC (Allocation Failure) 353.682: [ParNew: 51796K->6528K(59008K), 0.0354872 secs] 10493815K->10472627K(25159296K), 0.0357004 secs] [Times: user=0.45 sys=0.00, real=0.04 secs] 
2014-04-09T14:18:54.098+0900: 353.747: [GC (Allocation Failure) 353.747: [ParNew: 58198K->576K(59008K), 0.0397025 secs] 10524298K->10493218K(25159296K), 0.0399048 secs] [Times: user=0.49 sys=0.01, real=0.04 secs] 
2014-04-09T14:18:54.233+0900: 353.882: [GC (Allocation Failure) 353.882: [ParNew: 53055K->6528K(59008K), 0.0559946 secs] 10545697K->10524232K(25159296K), 0.0561584 secs] [Times: user=0.53 sys=0.01, real=0.05 secs] 
2014-04-09T14:18:54.391+0900: 354.040: [CMS-concurrent-preclean: 0.991/1.795 secs] [Times: user=10.33 sys=0.20, real=1.79 secs] 
2014-04-09T14:18:54.391+0900: 354.040: [CMS-concurrent-abortable-preclean-start]
2014-04-09T14:18:54.410+0900: 354.059: [GC (Allocation Failure) 354.059: [ParNew: 59008K->2582K(59008K), 0.0372646 secs] 10576712K->10526749K(25159296K), 0.0374589 secs] [Times: user=0.44 sys=0.01, real=0.04 secs] 
2014-04-09T14:18:54.628+0900: 354.277: [CMS-concurrent-abortable-preclean: 0.189/0.236 secs] [Times: user=0.78 sys=0.01, real=0.24 secs] 
2014-04-09T14:18:54.629+0900: 354.278: [GC (Allocation Failure) 354.278: [ParNew: 55062K->3462K(59008K), 0.0368485 secs] 10579229K->10537790K(25159296K), 0.0370425 secs] [Times: user=0.46 sys=0.00, real=0.04 secs] 
2014-04-09T14:18:54.667+0900: 354.316: [GC (CMS Final Remark) [YG occupancy: 3804 K (59008 K)]354.316: [Rescan (parallel) , 0.0167713 secs]354.333: [weak refs processing, 0.0000593 secs]354.333: [class unloading, 0.0419025 secs]354.375: [scrub symbol table, 0.0043115 secs]354.379: [scrub string table, 0.0012129 secs][1 CMS-remark: 10534327K(25100288K)] 10538132K(25159296K), 0.0714864 secs] [Times: user=0.26 sys=0.01, real=0.07 secs] 
2014-04-09T14:18:54.739+0900: 354.388: [CMS-concurrent-sweep-start]
2014-04-09T14:18:54.779+0900: 354.428: [GC (Allocation Failure) 354.429: [ParNew: 55942K->5370K(59008K), 0.0440263 secs] 10586866K->10556614K(25159296K), 0.0442298 secs] [Times: user=0.54 sys=0.01, real=0.05 secs] 
2014-04-09T14:18:54.924+0900: 354.573: [GC (Allocation Failure) 354.573: [ParNew: 57850K->6528K(59008K), 0.0530858 secs] 10601870K->10566351K(25159296K), 0.0532510 secs] [Times: user=0.53 sys=0.00, real=0.05 secs] 
2014-04-09T14:18:55.110+0900: 354.759: [GC (Allocation Failure) 354.759: [ParNew: 59008K->3155K(59008K), 0.0355051 secs] 10610528K->10568300K(25159296K), 0.0357054 secs] [Times: user=0.40 sys=0.02, real=0.04 secs] 
2014-04-09T14:18:55.196+0900: 354.845: [GC (Allocation Failure) 354.846: [ParNew: 55635K->6528K(59008K), 0.0388082 secs] 10617473K->10585417K(25159296K), 0.0390124 secs] [Times: user=0.49 sys=0.00, real=0.04 secs] 
2014-04-09T14:18:55.420+0900: 355.069: [GC (Allocation Failure) 355.069: [ParNew: 59006K->6528K(59008K), 0.0362945 secs] 10611747K->10589356K(25159296K), 0.0365087 secs] [Times: user=0.42 sys=0.01, real=0.04 secs] 
2014-04-09T14:18:55.553+0900: 355.202: [GC (Allocation Failure) 355.202: [ParNew: 59008K->6528K(59008K), 0.0478913 secs] 10628415K->10593803K(25159296K), 0.0480927 secs] [Times: user=0.51 sys=0.02, real=0.05 secs] 
2014-04-09T14:18:55.746+0900: 355.395: [GC (Allocation Failure) 355.395: [ParNew: 54754K->2894K(59008K), 0.0349358 secs] 10627771K->10590611K(25159296K), 0.0351445 secs] [Times: user=0.42 sys=0.01, real=0.03 secs] 
2014-04-09T14:18:55.824+0900: 355.473: [GC (Allocation Failure) 355.473: [ParNew: 54492K->6528K(59008K), 0.0347129 secs] 10639833K->10606769K(25159296K), 0.0349155 secs] [Times: user=0.44 sys=0.01, real=0.03 secs] 
2014-04-09T14:18:55.926+0900: 355.575: [GC (Allocation Failure) 355.576: [ParNew: 59008K->6528K(59008K), 0.0502312 secs] 10655931K->10633628K(25159296K), 0.0504421 secs] [Times: user=0.57 sys=0.01, real=0.05 secs] 
2014-04-09T14:18:56.088+0900: 355.737: [GC (Allocation Failure) 355.737: [ParNew: 59008K->6528K(59008K), 0.0420423 secs] 10678011K->10633217K(25159296K), 0.0422426 secs] [Times: user=0.52 sys=0.00, real=0.04 secs] 
2014-04-09T14:18:56.246+0900: 355.895: [GC (Allocation Failure) 355.895: [ParNew: 59006K->6528K(59008K), 0.0383433 secs] 10681619K->10643871K(25159296K), 0.0385449 secs] [Times: user=0.46 sys=0.01, real=0.04 secs] 
2014-04-09T14:18:56.326+0900: 355.975: [GC (Allocation Failure) 355.975: [ParNew: 59008K->6528K(59008K), 0.0375140 secs] 10694268K->10662659K(25159296K), 0.0377181 secs] [Times: user=0.47 sys=0.01, real=0.04 secs] 
2014-04-09T14:18:56.463+0900: 356.112: [GC (Allocation Failure) 356.112: [ParNew: 59008K->6528K(59008K), 0.0515825 secs] 10709877K->10672338K(25159296K), 0.0517865 secs] [Times: user=0.55 sys=0.02, real=0.06 secs] 
2014-04-09T14:18:56.649+0900: 356.298: [GC (Allocation Failure) 356.298: [ParNew: 50161K->916K(59008K), 0.0364422 secs] 10705431K->10670894K(25159296K), 0.0366461 secs] [Times: user=0.43 sys=0.00, real=0.04 secs] 
2014-04-09T14:18:56.729+0900: 356.378: [GC (Allocation Failure) 356.378: [ParNew: 52858K->6528K(59008K), 0.0369445 secs] 10702339K->10670985K(25159296K), 0.0371462 secs] [Times: user=0.47 sys=0.00, real=0.04 secs] 
2014-04-09T14:18:56.831+0900: 356.480: [GC (Allocation Failure) 356.480: [ParNew: 59008K->6528K(59008K), 0.0504567 secs] 10702646K->10680508K(25159296K), 0.0506554 secs] [Times: user=0.54 sys=0.01, real=0.05 secs] 
2014-04-09T14:18:56.908+0900: 356.557: [CMS-concurrent-sweep: 1.479/2.169 secs] [Times: user=10.67 sys=0.21, real=2.17 secs] 
2014-04-09T14:18:56.908+0900: 356.557: [CMS-concurrent-reset-start]
2014-04-09T14:18:56.979+0900: 356.628: [CMS-concurrent-reset: 0.071/0.071 secs] [Times: user=0.14 sys=0.00, real=0.07 secs] 
2014-04-09T14:18:56.996+0900: 356.645: [GC (Allocation Failure) 356.645: [ParNew: 59008K->6528K(59008K), 0.0429088 secs] 9831012K->9787512K(25159296K), 0.0431206 secs] [Times: user=0.53 sys=0.00, real=0.04 secs] 
2014-04-09T14:18:57.040+0900: 356.689: [GC (CMS Initial Mark) [1 CMS-initial-mark: 9780984K(25100288K)] 9787884K(25159296K), 0.0015160 secs] [Times: user=0.01 sys=0.00, real=0.00 secs] 
2014-04-09T14:18:57.042+0900: 356.691: [CMS-concurrent-mark-start]
2014-04-09T14:18:57.159+0900: 356.808: [GC (Allocation Failure) 356.808: [ParNew: 58989K->6528K(59008K), 0.0379256 secs] 9839974K->9798671K(25159296K), 0.0381265 secs] [Times: user=0.48 sys=0.00, real=0.04 secs] 
2014-04-09T14:18:57.242+0900: 356.891: [GC (Allocation Failure) 356.891: [ParNew: 59008K->6528K(59008K), 0.0476082 secs] 9851151K->9823795K(25159296K), 0.0478111 secs] [Times: user=0.57 sys=0.02, real=0.05 secs] 
2014-04-09T14:18:57.389+0900: 357.038: [GC (Allocation Failure) 357.038: [ParNew: 59008K->6528K(59008K), 0.0482875 secs] 9876275K->9837469K(25159296K), 0.0484918 secs] [Times: user=0.56 sys=0.01, real=0.05 secs] 
2014-04-09T14:18:57.570+0900: 357.220: [GC (Allocation Failure) 357.220: [ParNew: 49521K->5013K(59008K), 0.0441018 secs] 9880463K->9850642K(25159296K), 0.0443050 secs] [Times: user=0.51 sys=0.00, real=0.05 secs] 
2014-04-09T14:18:57.661+0900: 357.310: [GC (Allocation Failure) 357.310: [ParNew: 56938K->6528K(59008K), 0.0380416 secs] 9902567K->9867185K(25159296K), 0.0382458 secs] [Times: user=0.48 sys=0.01, real=0.04 secs] 
2014-04-09T14:18:57.762+0900: 357.411: [GC (Allocation Failure) 357.411: [ParNew: 59008K->6528K(59008K), 0.0574294 secs] 9919665K->9897491K(25159296K), 0.0576296 secs] [Times: user=0.61 sys=0.02, real=0.06 secs] 
2014-04-09T14:18:57.928+0900: 357.577: [GC (Allocation Failure) 357.577: [ParNew: 59008K->6528K(59008K), 0.0446391 secs] 9949971K->9904633K(25159296K), 0.0448365 secs] [Times: user=0.52 sys=0.01, real=0.04 secs] 
2014-04-09T14:18:58.078+0900: 357.727: [GC (Allocation Failure) 357.727: [ParNew: 58983K->6528K(59008K), 0.0416572 secs] 9957088K->9920547K(25159296K), 0.0418723 secs] [Times: user=0.49 sys=0.00, real=0.04 secs] 
2014-04-09T14:18:58.172+0900: 357.821: [GC (Allocation Failure) 357.821: [ParNew: 59008K->6528K(59008K), 0.0345945 secs] 9973027K->9923869K(25159296K), 0.0347938 secs] [Times: user=0.44 sys=0.00, real=0.04 secs] 
2014-04-09T14:18:58.269+0900: 357.918: [GC (Allocation Failure) 357.918: [ParNew: 59008K->3136K(59008K), 0.0316177 secs] 9976349K->9923063K(25159296K), 0.0318183 secs] [Times: user=0.39 sys=0.01, real=0.03 secs] 
2014-04-09T14:18:58.383+0900: 358.032: [GC (Allocation Failure) 358.032: [ParNew: 55616K->2813K(59008K), 0.0324249 secs] 9975543K->9922740K(25159296K), 0.0326172 secs] [Times: user=0.41 sys=0.00, real=0.03 secs] 
2014-04-09T14:18:58.476+0900: 358.125: [GC (Allocation Failure) 358.125: [ParNew: 55293K->2696K(59008K), 0.0335181 secs] 9975220K->9922624K(25159296K), 0.0337092 secs] [Times: user=0.43 sys=0.00, real=0.03 secs] 
2014-04-09T14:18:58.569+0900: 358.218: [GC (Allocation Failure) 358.218: [ParNew: 55176K->2556K(59008K), 0.0348056 secs] 9975104K->9922484K(25159296K), 0.0349960 secs] [Times: user=0.44 sys=0.00, real=0.04 secs] 
2014-04-09T14:18:58.663+0900: 358.312: [GC (Allocation Failure) 358.312: [ParNew: 55036K->2580K(59008K), 0.0324915 secs] 9974964K->9922508K(25159296K), 0.0326870 secs] [Times: user=0.41 sys=0.01, real=0.04 secs] 
2014-04-09T14:18:58.755+0900: 358.404: [GC (Allocation Failure) 358.404: [ParNew: 55060K->86K(59008K), 0.0314862 secs] 9974988K->9922474K(25159296K), 0.0316808 secs] [Times: user=0.40 sys=0.00, real=0.03 secs] 
2014-04-09T14:18:58.844+0900: 358.493: [GC (Allocation Failure) 358.493: [ParNew: 52566K->32K(59008K), 0.0311315 secs] 9974954K->9922420K(25159296K), 0.0313490 secs] [Times: user=0.41 sys=0.00, real=0.03 secs] 
2014-04-09T14:18:58.934+0900: 358.583: [GC (Allocation Failure) 358.583: [ParNew: 52512K->30K(59008K), 0.0338477 secs] 9974900K->9922420K(25159296K), 0.0340340 secs] [Times: user=0.42 sys=0.00, real=0.03 secs] 
2014-04-09T14:18:59.028+0900: 358.677: [GC (Allocation Failure) 358.677: [ParNew: 52510K->28K(59008K), 0.0310192 secs] 9974900K->9922418K(25159296K), 0.0312074 secs] [Times: user=0.39 sys=0.01, real=0.03 secs] 
2014-04-09T14:18:59.117+0900: 358.766: [GC (Allocation Failure) 358.766: [ParNew: 52508K->30K(59008K), 0.0331153 secs] 9974898K->9922420K(25159296K), 0.0333133 secs] [Times: user=0.42 sys=0.00, real=0.03 secs] 
2014-04-09T14:18:59.207+0900: 358.856: [GC (Allocation Failure) 358.856: [ParNew: 52510K->825K(59008K), 0.0362696 secs] 9974900K->9923222K(25159296K), 0.0364664 secs] [Times: user=0.46 sys=0.01, real=0.04 secs] 
2014-04-09T14:18:59.622+0900: 359.271: [CMS-concurrent-mark: 1.797/2.580 secs] [Times: user=18.63 sys=0.34, real=2.58 secs] 
2014-04-09T14:18:59.622+0900: 359.271: [CMS-concurrent-preclean-start]
2014-04-09T14:18:59.740+0900: 359.389: [GC (Allocation Failure) 359.389: [ParNew: 46274K->128K(59008K), 0.0350819 secs] 9968670K->9932345K(25159296K), 0.0352599 secs] [Times: user=0.43 sys=0.00, real=0.04 secs] 
2014-04-09T14:18:59.842+0900: 359.491: [GC (Allocation Failure) 359.491: [ParNew: 52608K->6526K(59008K), 0.0523107 secs] 9984825K->9952968K(25159296K), 0.0524735 secs] [Times: user=0.43 sys=0.01, real=0.06 secs] 
2014-04-09T14:18:59.959+0900: 359.608: [CMS-concurrent-preclean: 0.232/0.337 secs] [Times: user=1.21 sys=0.01, real=0.34 secs] 
2014-04-09T14:18:59.959+0900: 359.608: [CMS-concurrent-abortable-preclean-start]
2014-04-09T14:19:00.003+0900: 359.652: [GC (Allocation Failure) 359.652: [ParNew: 59006K->639K(59008K), 0.0365674 secs] 10005448K->9953478K(25159296K), 0.0367308 secs] [Times: user=0.44 sys=0.01, real=0.03 secs] 
2014-04-09T14:19:00.162+0900: 359.811: [CMS-concurrent-abortable-preclean: 0.159/0.202 secs] [Times: user=0.81 sys=0.01, real=0.20 secs] 
2014-04-09T14:19:00.162+0900: 359.811: [GC (Allocation Failure) 359.811: [ParNew: 53119K->743K(59008K), 0.0355573 secs] 10005958K->9953582K(25159296K), 0.0356949 secs] [Times: user=0.45 sys=0.00, real=0.04 secs] 
2014-04-09T14:19:00.199+0900: 359.848: [GC (CMS Final Remark) [YG occupancy: 1039 K (59008 K)]359.848: [Rescan (parallel) , 0.0146119 secs]359.862: [weak refs processing, 0.0000509 secs]359.862: [class unloading, 0.0387351 secs]359.901: [scrub symbol table, 0.0040824 secs]359.905: [scrub string table, 0.0011580 secs][1 CMS-remark: 9952838K(25100288K)] 9953878K(25159296K), 0.0654026 secs] [Times: user=0.22 sys=0.00, real=0.07 secs] 
2014-04-09T14:19:00.264+0900: 359.913: [CMS-concurrent-sweep-start]
2014-04-09T14:19:00.325+0900: 359.974: [GC (Allocation Failure) 359.974: [ParNew: 53223K->821K(59008K), 0.0350179 secs] 9960636K->9908234K(25159296K), 0.0351882 secs] [Times: user=0.44 sys=0.00, real=0.03 secs] 
2014-04-09T14:19:00.421+0900: 360.070: [GC (Allocation Failure) 360.071: [ParNew: 53301K->843K(59008K), 0.0337519 secs] 9913319K->9860861K(25159296K), 0.0339217 secs] [Times: user=0.42 sys=0.00, real=0.04 secs] 
2014-04-09T14:19:00.517+0900: 360.166: [GC (Allocation Failure) 360.166: [ParNew: 53323K->794K(59008K), 0.0369391 secs] 9850867K->9798338K(25159296K), 0.0371269 secs] [Times: user=0.47 sys=0.00, real=0.04 secs] 
2014-04-09T14:19:00.615+0900: 360.264: [GC (Allocation Failure) 360.264: [ParNew: 53274K->831K(59008K), 0.0335763 secs] 9785536K->9733094K(25159296K), 0.0337481 secs] [Times: user=0.42 sys=0.00, real=0.03 secs] 
2014-04-09T14:19:00.710+0900: 360.359: [GC (Allocation Failure) 360.359: [ParNew: 53311K->356K(59008K), 0.0349629 secs] 9728011K->9675568K(25159296K), 0.0351313 secs] [Times: user=0.43 sys=0.00, real=0.04 secs] 
2014-04-09T14:19:00.807+0900: 360.456: [GC (Allocation Failure) 360.456: [ParNew: 52836K->109K(59008K), 0.0325919 secs] 9690447K->9637720K(25159296K), 0.0327596 secs] [Times: user=0.42 sys=0.00, real=0.03 secs] 
2014-04-09T14:19:00.901+0900: 360.550: [GC (Allocation Failure) 360.551: [ParNew: 52589K->20K(59008K), 0.0336406 secs] 9661354K->9608785K(25159296K), 0.0338177 secs] [Times: user=0.42 sys=0.00, real=0.04 secs] 
2014-04-09T14:19:00.997+0900: 360.646: [GC (Allocation Failure) 360.646: [ParNew: 52500K->24K(59008K), 0.0326794 secs] 9626197K->9573721K(25159296K), 0.0328515 secs] [Times: user=0.41 sys=0.01, real=0.03 secs] 
2014-04-09T14:19:01.092+0900: 360.741: [GC (Allocation Failure) 360.741: [ParNew: 52504K->22K(59008K), 0.0326586 secs] 9603605K->9551123K(25159296K), 0.0328343 secs] [Times: user=0.41 sys=0.00, real=0.04 secs] 
2014-04-09T14:19:01.188+0900: 360.837: [GC (Allocation Failure) 360.837: [ParNew: 52502K->16K(59008K), 0.0356683 secs] 9580058K->9527574K(25159296K), 0.0358510 secs] [Times: user=0.46 sys=0.00, real=0.03 secs] 
2014-04-09T14:19:01.288+0900: 360.937: [GC (Allocation Failure) 360.937: [ParNew: 52496K->34K(59008K), 0.0332275 secs] 9555586K->9503124K(25159296K), 0.0334086 secs] [Times: user=0.42 sys=0.00, real=0.03 secs] 
2014-04-09T14:19:01.384+0900: 361.033: [GC (Allocation Failure) 361.033: [ParNew: 52514K->36K(59008K), 0.0332886 secs] 9532382K->9479904K(25159296K), 0.0334601 secs] [Times: user=0.42 sys=0.00, real=0.04 secs] 
2014-04-09T14:19:01.480+0900: 361.129: [GC (Allocation Failure) 361.129: [ParNew: 52516K->38K(59008K), 0.0319887 secs] 9503705K->9451227K(25159296K), 0.0321741 secs] [Times: user=0.41 sys=0.00, real=0.03 secs] 
2014-04-09T14:19:01.574+0900: 361.224: [GC (Allocation Failure) 361.224: [ParNew: 52518K->42K(59008K), 0.0331024 secs] 9470082K->9417607K(25159296K), 0.0332734 secs] [Times: user=0.42 sys=0.00, real=0.03 secs] 
2014-04-09T14:19:01.670+0900: 361.319: [GC (Allocation Failure) 361.319: [ParNew: 52522K->34K(59008K), 0.0328156 secs] 9444508K->9392019K(25159296K), 0.0329899 secs] [Times: user=0.41 sys=0.00, real=0.03 secs] 
2014-04-09T14:19:01.765+0900: 361.414: [GC (Allocation Failure) 361.414: [ParNew: 52514K->38K(59008K), 0.0332951 secs] 9417914K->9365438K(25159296K), 0.0334667 secs] [Times: user=0.41 sys=0.01, real=0.03 secs] 
2014-04-09T14:19:01.860+0900: 361.509: [GC (Allocation Failure) 361.509: [ParNew: 52518K->14K(59008K), 0.0337041 secs] 9396885K->9344400K(25159296K), 0.0338771 secs] [Times: user=0.41 sys=0.01, real=0.03 secs] 
2014-04-09T14:19:01.956+0900: 361.605: [GC (Allocation Failure) 361.605: [ParNew: 52494K->18K(59008K), 0.0326429 secs] 9369233K->9316757K(25159296K), 0.0328219 secs] [Times: user=0.41 sys=0.00, real=0.03 secs] 
2014-04-09T14:19:02.051+0900: 361.700: [GC (Allocation Failure) 361.701: [ParNew: 52498K->14K(59008K), 0.0338047 secs] 9342129K->9289646K(25159296K), 0.0339751 secs] [Times: user=0.43 sys=0.00, real=0.04 secs] 
2014-04-09T14:19:02.149+0900: 361.798: [GC (Allocation Failure) 361.798: [ParNew: 52494K->26K(59008K), 0.0347181 secs] 9311237K->9258769K(25159296K), 0.0348920 secs] [Times: user=0.43 sys=0.00, real=0.03 secs] 
2014-04-09T14:19:02.246+0900: 361.895: [GC (Allocation Failure) 361.895: [ParNew: 52506K->20K(59008K), 0.0342773 secs] 9287259K->9234773K(25159296K), 0.0344447 secs] [Times: user=0.43 sys=0.00, real=0.03 secs] 
2014-04-09T14:19:02.341+0900: 361.990: [GC (Allocation Failure) 361.990: [ParNew: 52500K->22K(59008K), 0.0334434 secs] 9252339K->9199861K(25159296K), 0.0336240 secs] [Times: user=0.43 sys=0.00, real=0.04 secs] 
2014-04-09T14:19:02.436+0900: 362.085: [GC (Allocation Failure) 362.085: [ParNew: 52502K->104K(59008K), 0.0333329 secs] 9222610K->9170212K(25159296K), 0.0335020 secs] [Times: user=0.42 sys=0.00, real=0.03 secs] 
2014-04-09T14:19:02.542+0900: 362.191: [GC (Allocation Failure) 362.191: [ParNew: 48980K->1358K(59008K), 0.0407699 secs] 9182888K->9153697K(25159296K), 0.0409497 secs] [Times: user=0.51 sys=0.00, real=0.04 secs] 
2014-04-09T14:19:02.614+0900: 362.263: [GC (Allocation Failure) 362.263: [ParNew: 53838K->6526K(59008K), 0.0403877 secs] 9191502K->9166687K(25159296K), 0.0405577 secs] [Times: user=0.51 sys=0.00, real=0.04 secs] 
2014-04-09T14:19:02.669+0900: 362.318: [GC (Allocation Failure) 362.319: [ParNew: 52372K->6528K(59008K), 0.0347062 secs] 9207443K->9175499K(25159296K), 0.0348910 secs] [Times: user=0.43 sys=0.01, real=0.04 secs] 
2014-04-09T14:19:02.730+0900: 362.379: [GC (Allocation Failure) 362.379: [ParNew: 59008K->6527K(59008K), 0.0364603 secs] 9212521K->9192790K(25159296K), 0.0366263 secs] [Times: user=0.45 sys=0.01, real=0.04 secs] 
2014-04-09T14:19:02.811+0900: 362.460: [GC (Allocation Failure) 362.460: [ParNew: 59007K->6528K(59008K), 0.0418434 secs] 9202694K->9176829K(25159296K), 0.0420085 secs] [Times: user=0.48 sys=0.01, real=0.04 secs] 
2014-04-09T14:19:02.902+0900: 362.551: [GC (Allocation Failure) 362.551: [ParNew: 57091K->6528K(59008K), 0.0429984 secs] 9152854K->9114095K(25159296K), 0.0431648 secs] [Times: user=0.52 sys=0.02, real=0.05 secs] 
2014-04-09T14:19:03.015+0900: 362.664: [GC (Allocation Failure) 362.664: [ParNew: 55054K->2543K(59008K), 0.0424931 secs] 9033587K->9002737K(25159296K), 0.0426597 secs] [Times: user=0.52 sys=0.00, real=0.04 secs] 
2014-04-09T14:19:03.080+0900: 362.729: [GC (Allocation Failure) 362.729: [ParNew: 54289K->6528K(59008K), 0.0442650 secs] 8642762K->8619921K(25159296K), 0.0444303 secs] [Times: user=0.56 sys=0.01, real=0.04 secs] 
2014-04-09T14:19:03.136+0900: 362.785: [CMS-concurrent-sweep: 1.723/2.872 secs] [Times: user=18.91 sys=0.18, real=2.87 secs] 
2014-04-09T14:19:03.136+0900: 362.785: [CMS-concurrent-reset-start]
2014-04-09T14:19:03.157+0900: 362.806: [GC (Allocation Failure) 362.806: [ParNew: 59006K->6528K(59008K), 0.0364433 secs] 8036679K->8018453K(25159296K), 0.0366102 secs] [Times: user=0.46 sys=0.00, real=0.03 secs] 
2014-04-09T14:19:03.215+0900: 362.864: [GC (Allocation Failure) 362.864: [ParNew: 50744K->6528K(59008K), 0.0396949 secs] 8062670K->8035923K(25159296K), 0.0398600 secs] [Times: user=0.49 sys=0.01, real=0.04 secs] 
2014-04-09T14:19:03.294+0900: 362.943: [GC (Allocation Failure) 362.943: [ParNew: 59008K->6528K(59008K), 0.0417596 secs] 8088403K->8065498K(25159296K), 0.0419226 secs] [Times: user=0.51 sys=0.00, real=0.05 secs] 
2014-04-09T14:19:03.349+0900: 362.998: [CMS-concurrent-reset: 0.091/0.212 secs] [Times: user=1.74 sys=0.02, real=0.21 secs] 
2014-04-09T14:19:03.388+0900: 363.037: [GC (Allocation Failure) 363.037: [ParNew: 56669K->6528K(59008K), 0.0373926 secs] 8115640K->8081020K(25159296K), 0.0375542 secs] [Times: user=0.46 sys=0.01, real=0.04 secs] 
2014-04-09T14:19:03.428+0900: 363.077: [GC (CMS Initial Mark) [1 CMS-initial-mark: 8074492K(25100288K)] 8089321K(25159296K), 0.0020259 secs] [Times: user=0.00 sys=0.00, real=0.00 secs] 
2014-04-09T14:19:03.431+0900: 363.080: [CMS-concurrent-mark-start]
2014-04-09T14:19:03.484+0900: 363.133: [GC (Allocation Failure) 363.133: [ParNew: 59008K->3883K(59008K), 0.0440361 secs] 8133500K->8089422K(25159296K), 0.0442003 secs] [Times: user=0.54 sys=0.01, real=0.05 secs] 
2014-04-09T14:19:03.553+0900: 363.202: [GC (Allocation Failure) 363.202: [ParNew: 56363K->4707K(59008K), 0.0408766 secs] 8141902K->8111149K(25159296K), 0.0410382 secs] [Times: user=0.51 sys=0.00, real=0.04 secs] 
2014-04-09T14:19:03.657+0900: 363.307: [GC (Allocation Failure) 363.307: [ParNew: 57187K->6527K(59008K), 0.0409143 secs] 8163629K->8136172K(25159296K), 0.0410756 secs] [Times: user=0.50 sys=0.01, real=0.04 secs] 
2014-04-09T14:19:03.743+0900: 363.392: [GC (Allocation Failure) 363.392: [ParNew: 58982K->6528K(59008K), 0.0505715 secs] 8188627K->8163589K(25159296K), 0.0507498 secs] [Times: user=0.63 sys=0.00, real=0.05 secs] 
2014-04-09T14:19:03.819+0900: 363.468: [GC (Allocation Failure) 363.468: [ParNew: 52925K->4595K(59008K), 0.0419759 secs] 8209986K->8182638K(25159296K), 0.0421512 secs] [Times: user=0.53 sys=0.00, real=0.04 secs] 
2014-04-09T14:19:03.927+0900: 363.576: [GC (Allocation Failure) 363.576: [ParNew: 57075K->6528K(59008K), 0.0443446 secs] 8235118K->8205537K(25159296K), 0.0445244 secs] [Times: user=0.55 sys=0.00, real=0.04 secs] 
2014-04-09T14:19:04.006+0900: 363.655: [GC (Allocation Failure) 363.655: [ParNew: 59008K->6528K(59008K), 0.0441016 secs] 8258017K->8230368K(25159296K), 0.0442792 secs] [Times: user=0.55 sys=0.01, real=0.04 secs] 
2014-04-09T14:19:04.092+0900: 363.741: [GC (Allocation Failure) 363.741: [ParNew: 58060K->6528K(59008K), 0.0357800 secs] 8281900K->8255763K(25159296K), 0.0359528 secs] [Times: user=0.43 sys=0.01, real=0.04 secs] 
2014-04-09T14:19:04.199+0900: 363.848: [GC (Allocation Failure) 363.848: [ParNew: 59008K->6528K(59008K), 0.0415644 secs] 8308243K->8275981K(25159296K), 0.0417421 secs] [Times: user=0.51 sys=0.00, real=0.04 secs] 
2014-04-09T14:19:04.303+0900: 363.952: [GC (Allocation Failure) 363.952: [ParNew: 58989K->6528K(59008K), 0.0436406 secs] 8328442K->8307949K(25159296K), 0.0438160 secs] [Times: user=0.54 sys=0.01, real=0.05 secs] 
2014-04-09T14:19:04.381+0900: 364.030: [GC (Allocation Failure) 364.030: [ParNew: 59008K->3518K(59008K), 0.0328911 secs] 8360429K->8333455K(25159296K), 0.0330664 secs] [Times: user=0.42 sys=0.00, real=0.03 secs] 
2014-04-09T14:19:04.471+0900: 364.120: [GC (Allocation Failure) 364.120: [ParNew: 55998K->6528K(59008K), 0.0415340 secs] 8385935K->8358989K(25159296K), 0.0417053 secs] [Times: user=0.50 sys=0.01, real=0.04 secs] 
2014-04-09T14:19:04.540+0900: 364.189: [GC (Allocation Failure) 364.189: [ParNew: 58131K->6528K(59008K), 0.0388218 secs] 8410593K->8375423K(25159296K), 0.0389945 secs] [Times: user=0.47 sys=0.00, real=0.04 secs] 
2014-04-09T14:19:04.628+0900: 364.277: [GC (Allocation Failure) 364.277: [ParNew: 59008K->6528K(59008K), 0.0418407 secs] 8427903K->8397087K(25159296K), 0.0420200 secs] [Times: user=0.51 sys=0.00, real=0.04 secs] 
2014-04-09T14:19:04.738+0900: 364.387: [GC (Allocation Failure) 364.387: [ParNew: 59008K->6528K(59008K), 0.0406725 secs] 8449567K->8413366K(25159296K), 0.0408400 secs] [Times: user=0.49 sys=0.00, real=0.04 secs] 
2014-04-09T14:19:04.844+0900: 364.493: [GC (Allocation Failure) 364.493: [ParNew: 50798K->5656K(59008K), 0.0441201 secs] 8457637K->8447328K(25159296K), 0.0442863 secs] [Times: user=0.55 sys=0.00, real=0.05 secs] 
2014-04-09T14:19:04.911+0900: 364.560: [GC (Allocation Failure) 364.561: [ParNew: 52213K->6528K(59008K), 0.0331335 secs] 8493885K->8463432K(25159296K), 0.0333035 secs] [Times: user=0.41 sys=0.00, real=0.04 secs] 
2014-04-09T14:19:04.967+0900: 364.617: [GC (Allocation Failure) 364.617: [ParNew: 59007K->6528K(59008K), 0.0332937 secs] 8515911K->8489207K(25159296K), 0.0334610 secs] [Times: user=0.42 sys=0.00, real=0.03 secs] 
2014-04-09T14:19:05.037+0900: 364.686: [GC (Allocation Failure) 364.686: [ParNew: 59007K->6528K(59008K), 0.0471973 secs] 8541686K->8520558K(25159296K), 0.0473607 secs] [Times: user=0.58 sys=0.00, real=0.05 secs] 
2014-04-09T14:19:05.133+0900: 364.782: [GC (Allocation Failure) 364.783: [ParNew: 58845K->6528K(59008K), 0.0494733 secs] 8572876K->8545831K(25159296K), 0.0496366 secs] [Times: user=0.58 sys=0.01, real=0.05 secs] 
2014-04-09T14:19:05.246+0900: 364.895: [GC (Allocation Failure) 364.895: [ParNew: 55924K->6528K(59008K), 0.0389583 secs] 8595228K->8552721K(25159296K), 0.0391219 secs] [Times: user=0.47 sys=0.00, real=0.04 secs] 
2014-04-09T14:19:05.340+0900: 364.989: [GC (Allocation Failure) 364.989: [ParNew: 55128K->6528K(59008K), 0.0346253 secs] 8601321K->8565655K(25159296K), 0.0347881 secs] [Times: user=0.43 sys=0.00, real=0.04 secs] 
2014-04-09T14:19:05.405+0900: 365.054: [GC (Allocation Failure) 365.054: [ParNew: 59008K->1876K(59008K), 0.0390370 secs] 8618135K->8589707K(25159296K), 0.0391981 secs] [Times: user=0.50 sys=0.00, real=0.03 secs] 
2014-04-09T14:19:05.492+0900: 365.141: [GC (Allocation Failure) 365.142: [ParNew: 45718K->6528K(59008K), 0.0420065 secs] 8633549K->8617071K(25159296K), 0.0421684 secs] [Times: user=0.51 sys=0.00, real=0.05 secs] 
2014-04-09T14:19:05.539+0900: 365.188: [CMS-concurrent-mark: 1.089/2.108 secs] [Times: user=18.73 sys=0.24, real=2.11 secs] 
2014-04-09T14:19:05.539+0900: 365.188: [CMS-concurrent-preclean-start]
2014-04-09T14:19:05.557+0900: 365.206: [GC (Allocation Failure) 365.206: [ParNew: 58998K->6528K(59008K), 0.0374908 secs] 8669542K->8642607K(25159296K), 0.0376523 secs] [Times: user=0.46 sys=0.00, real=0.04 secs] 
2014-04-09T14:19:05.627+0900: 365.276: [GC (Allocation Failure) 365.276: [ParNew: 59007K->6528K(59008K), 0.0428563 secs] 8695086K->8667814K(25159296K), 0.0430192 secs] [Times: user=0.53 sys=0.00, real=0.04 secs] 
2014-04-09T14:19:05.718+0900: 365.367: [GC (Allocation Failure) 365.367: [ParNew: 50037K->6528K(59008K), 0.0404001 secs] 8711323K->8692579K(25159296K), 0.0405615 secs] [Times: user=0.47 sys=0.01, real=0.04 secs] 
2014-04-09T14:19:05.793+0900: 365.442: [GC (Allocation Failure) 365.442: [ParNew: 59008K->6528K(59008K), 0.0399214 secs] 8745059K->8717331K(25159296K), 0.0400786 secs] [Times: user=0.49 sys=0.01, real=0.04 secs] 
2014-04-09T14:19:05.935+0900: 365.584: [GC (Allocation Failure) 365.584: [ParNew: 52486K->5034K(59008K), 0.0381570 secs] 8763290K->8730879K(25159296K), 0.0383240 secs] [Times: user=0.47 sys=0.00, real=0.03 secs] 
2014-04-09T14:19:06.011+0900: 365.660: [GC (Allocation Failure) 365.660: [ParNew: 56531K->510K(59008K), 0.0382044 secs] 8782377K->8751245K(25159296K), 0.0383831 secs] [Times: user=0.50 sys=0.01, real=0.04 secs] 
2014-04-09T14:19:06.152+0900: 365.801: [GC (Allocation Failure) 365.801: [ParNew: 52989K->6527K(59008K), 0.0479871 secs] 8803725K->8782332K(25159296K), 0.0481455 secs] [Times: user=0.56 sys=0.01, real=0.05 secs] 
2014-04-09T14:19:06.340+0900: 365.989: [GC (Allocation Failure) 365.989: [ParNew: 53916K->1854K(59008K), 0.0407085 secs] 8829721K->8794371K(25159296K), 0.0408827 secs] [Times: user=0.50 sys=0.01, real=0.04 secs] 
2014-04-09T14:19:06.449+0900: 366.098: [CMS-concurrent-preclean: 0.525/0.911 secs] [Times: user=5.31 sys=0.10, real=0.91 secs] 
2014-04-09T14:19:06.450+0900: 366.099: [GC (Allocation Failure) 366.099: [ParNew: 53432K->1266K(59008K), 0.0435039 secs] 8845949K->8814106K(25159296K), 0.0436521 secs] [Times: user=0.55 sys=0.00, real=0.04 secs] 
2014-04-09T14:19:06.494+0900: 366.143: [CMS-concurrent-abortable-preclean-start]
2014-04-09T14:19:06.586+0900: 366.235: [GC (Allocation Failure) 366.235: [ParNew: 53746K->6528K(59008K), 0.0501673 secs] 8866586K->8845203K(25159296K), 0.0503404 secs] [Times: user=0.59 sys=0.01, real=0.05 secs] 
2014-04-09T14:19:06.706+0900: 366.355: [CMS-concurrent-abortable-preclean: 0.158/0.212 secs] [Times: user=0.90 sys=0.01, real=0.21 secs] 
2014-04-09T14:19:06.707+0900: 366.356: [GC (Allocation Failure) 366.356: [ParNew: 59008K->6528K(59008K), 0.0431182 secs] 8897683K->8876251K(25159296K), 0.0432667 secs] [Times: user=0.51 sys=0.00, real=0.04 secs] 
2014-04-09T14:19:06.752+0900: 366.401: [GC (CMS Final Remark) [YG occupancy: 6690 K (59008 K)]366.401: [Rescan (parallel) , 0.0197597 secs]366.421: [weak refs processing, 0.0001115 secs]366.421: [class unloading, 0.0392661 secs]366.460: [scrub symbol table, 0.0040860 secs]366.464: [scrub string table, 0.0011552 secs][1 CMS-remark: 8869723K(25100288K)] 8876414K(25159296K), 0.0711368 secs] [Times: user=0.30 sys=0.00, real=0.07 secs] 
2014-04-09T14:19:06.824+0900: 366.473: [CMS-concurrent-sweep-start]
2014-04-09T14:19:06.881+0900: 366.530: [GC (Allocation Failure) 366.531: [ParNew: 59008K->6528K(59008K), 0.0370916 secs] 8912033K->8879144K(25159296K), 0.0372606 secs] [Times: user=0.42 sys=0.01, real=0.04 secs] 
2014-04-09T14:19:06.965+0900: 366.614: [GC (Allocation Failure) 366.614: [ParNew: 58978K->6528K(59008K), 0.0429495 secs] 8914002K->8881199K(25159296K), 0.0431344 secs] [Times: user=0.51 sys=0.00, real=0.05 secs] 
2014-04-09T14:19:07.036+0900: 366.685: [GC (Allocation Failure) 366.685: [ParNew: 52150K->5935K(59008K), 0.0406216 secs] 8912434K->8886541K(25159296K), 0.0407911 secs] [Times: user=0.51 sys=0.00, real=0.04 secs] 
2014-04-09T14:19:07.127+0900: 366.776: [GC (Allocation Failure) 366.776: [ParNew: 50940K->6528K(59008K), 0.0395017 secs] 8890913K->8864632K(25159296K), 0.0396704 secs] [Times: user=0.47 sys=0.00, real=0.04 secs] 
2014-04-09T14:19:07.194+0900: 366.843: [GC (Allocation Failure) 366.843: [ParNew: 59008K->6528K(59008K), 0.0417806 secs] 8895925K->8871956K(25159296K), 0.0419494 secs] [Times: user=0.50 sys=0.01, real=0.05 secs] 
2014-04-09T14:19:07.270+0900: 366.919: [GC (Allocation Failure) 366.919: [ParNew: 59008K->6528K(59008K), 0.0432679 secs] 8897790K->8872535K(25159296K), 0.0434412 secs] [Times: user=0.54 sys=0.00, real=0.04 secs] 
2014-04-09T14:19:07.370+0900: 367.019: [GC (Allocation Failure) 367.019: [ParNew: 59008K->6528K(59008K), 0.0453401 secs] 8891003K->8860709K(25159296K), 0.0455140 secs] [Times: user=0.53 sys=0.01, real=0.04 secs] 
2014-04-09T14:19:07.470+0900: 367.119: [GC (Allocation Failure) 367.119: [ParNew: 57547K->6528K(59008K), 0.0374137 secs] 8863354K->8828928K(25159296K), 0.0375882 secs] [Times: user=0.46 sys=0.00, real=0.04 secs] 
2014-04-09T14:19:07.536+0900: 367.185: [GC (Allocation Failure) 367.185: [ParNew: 55794K->5649K(59008K), 0.0395549 secs] 8859394K->8830278K(25159296K), 0.0397309 secs] [Times: user=0.48 sys=0.00, real=0.04 secs] 
2014-04-09T14:19:07.630+0900: 367.279: [GC (Allocation Failure) 367.279: [ParNew: 51053K->6528K(59008K), 0.0452911 secs] 8811631K->8784616K(25159296K), 0.0454629 secs] [Times: user=0.55 sys=0.00, real=0.05 secs] 
2014-04-09T14:19:07.703+0900: 367.352: [GC (Allocation Failure) 367.352: [ParNew: 59008K->6528K(59008K), 0.0447927 secs] 8817424K->8794746K(25159296K), 0.0449666 secs] [Times: user=0.54 sys=0.01, real=0.05 secs] 
2014-04-09T14:19:07.780+0900: 367.429: [GC (Allocation Failure) 367.429: [ParNew: 59008K->6528K(59008K), 0.0446686 secs] 8829804K->8801531K(25159296K), 0.0448515 secs] [Times: user=0.54 sys=0.00, real=0.04 secs] 
2014-04-09T14:19:07.877+0900: 367.526: [GC (Allocation Failure) 367.526: [ParNew: 59008K->6528K(59008K), 0.0493802 secs] 8796773K->8768328K(25159296K), 0.0495489 secs] [Times: user=0.59 sys=0.01, real=0.05 secs] 
2014-04-09T14:19:07.981+0900: 367.630: [GC (Allocation Failure) 367.630: [ParNew: 59006K->6528K(59008K), 0.0396934 secs] 8771125K->8736443K(25159296K), 0.0398676 secs] [Times: user=0.48 sys=0.01, real=0.04 secs] 
2014-04-09T14:19:08.051+0900: 367.700: [GC (Allocation Failure) 367.700: [ParNew: 53665K->6528K(59008K), 0.0368277 secs] 8760323K->8733545K(25159296K), 0.0370005 secs] [Times: user=0.45 sys=0.00, real=0.04 secs] 
2014-04-09T14:19:08.174+0900: 367.823: [GC (Allocation Failure) 367.823: [ParNew: 55161K->6528K(59008K), 0.0498918 secs] 8679743K->8651031K(25159296K), 0.0500589 secs] [Times: user=0.60 sys=0.00, real=0.05 secs] 
2014-04-09T14:19:08.252+0900: 367.901: [GC (Allocation Failure) 367.901: [ParNew: 58423K->6528K(59008K), 0.0430376 secs] 8677143K->8653016K(25159296K), 0.0432273 secs] [Times: user=0.53 sys=0.01, real=0.05 secs] 
2014-04-09T14:19:08.329+0900: 367.978: [GC (Allocation Failure) 367.978: [ParNew: 59008K->6528K(59008K), 0.0438915 secs] 8669849K->8646435K(25159296K), 0.0440530 secs] [Times: user=0.53 sys=0.00, real=0.04 secs] 
2014-04-09T14:19:08.421+0900: 368.070: [GC (Allocation Failure) 368.070: [ParNew: 59008K->6528K(59008K), 0.0364487 secs] 8652074K->8620346K(25159296K), 0.0366131 secs] [Times: user=0.42 sys=0.00, real=0.04 secs] 
2014-04-09T14:19:08.509+0900: 368.158: [GC (Allocation Failure) 368.158: [ParNew: 58978K->6528K(59008K), 0.0408322 secs] 8633185K->8599925K(25159296K), 0.0409974 secs] [Times: user=0.50 sys=0.01, real=0.04 secs] 
2014-04-09T14:19:08.575+0900: 368.224: [GC (Allocation Failure) 368.224: [ParNew: 48914K->2425K(59008K), 0.0335722 secs] 8617255K->8589119K(25159296K), 0.0337372 secs] [Times: user=0.42 sys=0.00, real=0.03 secs] 
2014-04-09T14:19:08.665+0900: 368.314: [GC (Allocation Failure) 368.314: [ParNew: 54905K->6528K(59008K), 0.0460053 secs] 8602071K->8584651K(25159296K), 0.0461749 secs] [Times: user=0.56 sys=0.00, real=0.05 secs] 
2014-04-09T14:19:08.742+0900: 368.391: [GC (Allocation Failure) 368.391: [ParNew: 59008K->6528K(59008K), 0.0411563 secs] 8617127K->8591769K(25159296K), 0.0413383 secs] [Times: user=0.50 sys=0.00, real=0.04 secs] 
2014-04-09T14:19:08.825+0900: 368.474: [GC (Allocation Failure) 368.475: [ParNew: 59008K->6528K(59008K), 0.0458285 secs] 8619010K->8589314K(25159296K), 0.0460056 secs] [Times: user=0.58 sys=0.01, real=0.04 secs] 
2014-04-09T14:19:08.946+0900: 368.595: [GC (Allocation Failure) 368.595: [ParNew: 53723K->6528K(59008K), 0.0420563 secs] 8600128K->8575176K(25159296K), 0.0422335 secs] [Times: user=0.50 sys=0.00, real=0.04 secs] 
2014-04-09T14:19:09.012+0900: 368.661: [GC (Allocation Failure) 368.661: [ParNew: 55726K->6528K(59008K), 0.0420106 secs] 8614117K->8590644K(25159296K), 0.0421877 secs] [Times: user=0.50 sys=0.01, real=0.04 secs] 
2014-04-09T14:19:09.092+0900: 368.741: [GC (Allocation Failure) 368.741: [ParNew: 59008K->6528K(59008K), 0.0445648 secs] 8619358K->8596303K(25159296K), 0.0447401 secs] [Times: user=0.54 sys=0.01, real=0.05 secs] 
2014-04-09T14:19:09.195+0900: 368.844: [GC (Allocation Failure) 368.844: [ParNew: 59008K->6528K(59008K), 0.0382667 secs] 8586296K->8553559K(25159296K), 0.0384468 secs] [Times: user=0.45 sys=0.00, real=0.04 secs] 
2014-04-09T14:19:09.285+0900: 368.934: [GC (Allocation Failure) 368.934: [ParNew: 59008K->6528K(59008K), 0.0414735 secs] 8566165K->8533558K(25159296K), 0.0416531 secs] [Times: user=0.51 sys=0.00, real=0.05 secs] 
2014-04-09T14:19:09.351+0900: 369.000: [GC (Allocation Failure) 369.000: [ParNew: 50915K->6428K(59008K), 0.0368555 secs] 8565570K->8541404K(25159296K), 0.0370344 secs] [Times: user=0.46 sys=0.00, real=0.04 secs] 
2014-04-09T14:19:09.441+0900: 369.090: [GC (Allocation Failure) 369.090: [ParNew: 53687K->6528K(59008K), 0.0419652 secs] 8552961K->8525134K(25159296K), 0.0421421 secs] [Times: user=0.50 sys=0.01, real=0.04 secs] 
2014-04-09T14:19:09.511+0900: 369.160: [GC (Allocation Failure) 369.160: [ParNew: 58981K->6528K(59008K), 0.0422733 secs] 8564115K->8540977K(25159296K), 0.0424524 secs] [Times: user=0.50 sys=0.01, real=0.04 secs] 
2014-04-09T14:19:09.588+0900: 369.237: [GC (Allocation Failure) 369.237: [ParNew: 59008K->6528K(59008K), 0.0420467 secs] 8563829K->8534061K(25159296K), 0.0422249 secs] [Times: user=0.51 sys=0.01, real=0.04 secs] 
2014-04-09T14:19:09.689+0900: 369.338: [GC (Allocation Failure) 369.338: [ParNew: 59008K->6528K(59008K), 0.0387448 secs] 8517929K->8489567K(25159296K), 0.0389217 secs] [Times: user=0.45 sys=0.00, real=0.04 secs] 
2014-04-09T14:19:09.775+0900: 369.424: [GC (Allocation Failure) 369.424: [ParNew: 58984K->6528K(59008K), 0.0400527 secs] 8511651K->8477046K(25159296K), 0.0402265 secs] [Times: user=0.50 sys=0.00, real=0.04 secs] 
2014-04-09T14:19:09.857+0900: 369.506: [GC (Allocation Failure) 369.506: [ParNew: 59008K->5367K(59008K), 0.0422275 secs] 8503615K->8474393K(25159296K), 0.0424319 secs] [Times: user=0.52 sys=0.01, real=0.04 secs] 
2014-04-09T14:19:09.985+0900: 369.634: [GC (Allocation Failure) 369.634: [ParNew: 55272K->6528K(59008K), 0.0419650 secs] 8449391K->8425033K(25159296K), 0.0421335 secs] [Times: user=0.49 sys=0.01, real=0.05 secs] 
2014-04-09T14:19:10.095+0900: 369.744: [GC (Allocation Failure) 369.744: [ParNew: 57245K->6528K(59008K), 0.0439948 secs] 8407357K->8376800K(25159296K), 0.0441647 secs] [Times: user=0.54 sys=0.01, real=0.04 secs] 
2014-04-09T14:19:10.225+0900: 369.874: [GC (Allocation Failure) 369.874: [ParNew: 59002K->6528K(59008K), 0.0377757 secs] 8354024K->8314943K(25159296K), 0.0379419 secs] [Times: user=0.47 sys=0.00, real=0.04 secs] 
2014-04-09T14:19:10.320+0900: 369.969: [GC (Allocation Failure) 369.970: [ParNew: 59008K->6528K(59008K), 0.0336369 secs] 8295951K->8268154K(25159296K), 0.0338042 secs] [Times: user=0.42 sys=0.00, real=0.03 secs] 
2014-04-09T14:19:10.461+0900: 370.110: [GC (Allocation Failure) 370.110: [ParNew: 57106K->6528K(59008K), 0.0424058 secs] 8071563K->8036772K(25159296K), 0.0425710 secs] [Times: user=0.51 sys=0.01, real=0.04 secs] 
2014-04-09T14:19:10.567+0900: 370.216: [CMS-concurrent-sweep: 1.976/3.743 secs] [Times: user=26.61 sys=0.46, real=3.75 secs] 
2014-04-09T14:19:10.567+0900: 370.216: [CMS-concurrent-reset-start]
2014-04-09T14:19:10.574+0900: 370.223: [GC (Allocation Failure) 370.223: [ParNew: 59000K->6528K(59008K), 0.0340147 secs] 7721428K->7684132K(25159296K), 0.0341793 secs] [Times: user=0.42 sys=0.00, real=0.04 secs] 
2014-04-09T14:19:10.669+0900: 370.318: [GC (Allocation Failure) 370.319: [ParNew: 59008K->6528K(59008K), 0.0396708 secs] 7736612K->7710977K(25159296K), 0.0398375 secs] [Times: user=0.49 sys=0.01, real=0.04 secs] 
2014-04-09T14:19:10.731+0900: 370.380: [CMS-concurrent-reset: 0.087/0.164 secs] [Times: user=1.10 sys=0.01, real=0.16 secs] 
2014-04-09T14:19:10.801+0900: 370.450: [GC (Allocation Failure) 370.450: [ParNew: 53015K->6528K(59008K), 0.0408961 secs] 7757465K->7724490K(25159296K), 0.0410568 secs] [Times: user=0.49 sys=0.01, real=0.04 secs] 
2014-04-09T14:19:10.844+0900: 370.493: [GC (CMS Initial Mark) [1 CMS-initial-mark: 7717962K(25100288K)] 7732684K(25159296K), 0.0020631 secs] [Times: user=0.01 sys=0.00, real=0.01 secs] 
2014-04-09T14:19:10.847+0900: 370.496: [CMS-concurrent-mark-start]
2014-04-09T14:19:10.903+0900: 370.552: [GC (Allocation Failure) 370.552: [ParNew: 58998K->6528K(59008K), 0.0329354 secs] 7776960K->7739648K(25159296K), 0.0330963 secs] [Times: user=0.41 sys=0.00, real=0.04 secs] 
2014-04-09T14:19:10.967+0900: 370.616: [GC (Allocation Failure) 370.616: [ParNew: 59008K->3265K(59008K), 0.0324292 secs] 7792128K->7761098K(25159296K), 0.0325956 secs] [Times: user=0.40 sys=0.01, real=0.03 secs] 
2014-04-09T14:19:11.076+0900: 370.725: [GC (Allocation Failure) 370.725: [ParNew: 55745K->6528K(59008K), 0.0463338 secs] 7813578K->7780013K(25159296K), 0.0464968 secs] [Times: user=0.55 sys=0.01, real=0.04 secs] 
2014-04-09T14:19:11.219+0900: 370.868: [GC (Allocation Failure) 370.868: [ParNew: 58988K->6528K(59008K), 0.0407972 secs] 7832473K->7797917K(25159296K), 0.0409644 secs] [Times: user=0.49 sys=0.01, real=0.04 secs] 
2014-04-09T14:19:11.304+0900: 370.953: [GC (Allocation Failure) 370.954: [ParNew: 59008K->6528K(59008K), 0.0398651 secs] 7850397K->7818706K(25159296K), 0.0400356 secs] [Times: user=0.50 sys=0.00, real=0.04 secs] 
2014-04-09T14:19:11.439+0900: 371.088: [GC (Allocation Failure) 371.088: [ParNew: 59003K->6528K(59008K), 0.0444627 secs] 7871181K->7834683K(25159296K), 0.0446328 secs] [Times: user=0.54 sys=0.00, real=0.04 secs] 
2014-04-09T14:19:11.575+0900: 371.224: [GC (Allocation Failure) 371.224: [ParNew: 59002K->6528K(59008K), 0.0415442 secs] 7887157K->7852363K(25159296K), 0.0417156 secs] [Times: user=0.51 sys=0.01, real=0.04 secs] 
2014-04-09T14:19:11.664+0900: 371.313: [GC (Allocation Failure) 371.313: [ParNew: 59008K->6528K(59008K), 0.0382380 secs] 7904843K->7877066K(25159296K), 0.0384074 secs] [Times: user=0.48 sys=0.00, real=0.04 secs] 
2014-04-09T14:19:11.794+0900: 371.443: [GC (Allocation Failure) 371.443: [ParNew: 55909K->6528K(59008K), 0.0445322 secs] 7926448K->7890368K(25159296K), 0.0447014 secs] [Times: user=0.55 sys=0.00, real=0.05 secs] 
2014-04-09T14:19:11.889+0900: 371.538: [GC (Allocation Failure) 371.538: [ParNew: 59006K->6528K(59008K), 0.0415771 secs] 7942847K->7925761K(25159296K), 0.0417433 secs] [Times: user=0.52 sys=0.00, real=0.04 secs] 
2014-04-09T14:19:11.966+0900: 371.615: [GC (Allocation Failure) 371.615: [ParNew: 59008K->6528K(59008K), 0.0424891 secs] 7978241K->7952623K(25159296K), 0.0426720 secs] [Times: user=0.51 sys=0.01, real=0.04 secs] 
2014-04-09T14:19:12.113+0900: 371.762: [GC (Allocation Failure) 371.762: [ParNew: 56237K->6528K(59008K), 0.0413339 secs] 8002333K->7964261K(25159296K), 0.0414987 secs] [Times: user=0.51 sys=0.00, real=0.04 secs] 
2014-04-09T14:19:12.222+0900: 371.871: [GC (Allocation Failure) 371.871: [ParNew: 58992K->6528K(59008K), 0.0343121 secs] 8016725K->7979042K(25159296K), 0.0344758 secs] [Times: user=0.43 sys=0.00, real=0.04 secs] 
2014-04-09T14:19:12.306+0900: 371.955: [GC (Allocation Failure) 371.955: [ParNew: 59008K->6528K(59008K), 0.0442234 secs] 8031522K->8005735K(25159296K), 0.0443842 secs] [Times: user=0.55 sys=0.00, real=0.04 secs] 
2014-04-09T14:19:12.450+0900: 372.099: [GC (Allocation Failure) 372.099: [ParNew: 54955K->6528K(59008K), 0.0405312 secs] 8054163K->8020016K(25159296K), 0.0406932 secs] [Times: user=0.49 sys=0.01, real=0.04 secs] 
2014-04-09T14:19:12.563+0900: 372.212: [GC (Allocation Failure) 372.212: [ParNew: 59008K->6528K(59008K), 0.0401106 secs] 8072496K->8033817K(25159296K), 0.0402810 secs] [Times: user=0.50 sys=0.00, real=0.04 secs] 
2014-04-09T14:19:12.658+0900: 372.307: [GC (Allocation Failure) 372.307: [ParNew: 59007K->6528K(59008K), 0.0404963 secs] 8086297K->8060418K(25159296K), 0.0406597 secs] [Times: user=0.50 sys=0.00, real=0.04 secs] 
2014-04-09T14:19:12.701+0900: 372.350: [CMS-concurrent-mark: 1.149/1.855 secs] [Times: user=14.31 sys=0.22, real=1.85 secs] 
2014-04-09T14:19:12.701+0900: 372.350: [CMS-concurrent-preclean-start]
2014-04-09T14:19:12.793+0900: 372.442: [GC (Allocation Failure) 372.442: [ParNew: 56993K->6528K(59008K), 0.0416199 secs] 8110884K->8074367K(25159296K), 0.0417819 secs] [Times: user=0.50 sys=0.01, real=0.04 secs] 
2014-04-09T14:19:12.932+0900: 372.581: [GC (Allocation Failure) 372.581: [ParNew: 58994K->6528K(59008K), 0.0414622 secs] 8126833K->8090060K(25159296K), 0.0416197 secs] [Times: user=0.52 sys=0.00, real=0.04 secs] 
2014-04-09T14:19:13.017+0900: 372.666: [GC (Allocation Failure) 372.666: [ParNew: 59008K->6528K(59008K), 0.0414337 secs] 8142540K->8115922K(25159296K), 0.0415899 secs] [Times: user=0.51 sys=0.01, real=0.04 secs] 
2014-04-09T14:19:13.160+0900: 372.809: [GC (Allocation Failure) 372.809: [ParNew: 55018K->6528K(59008K), 0.0396021 secs] 8164412K->8129064K(25159296K), 0.0397624 secs] [Times: user=0.48 sys=0.00, real=0.04 secs] 
2014-04-09T14:19:13.274+0900: 372.923: [CMS-concurrent-preclean: 0.374/0.573 secs] [Times: user=2.83 sys=0.03, real=0.57 secs] 
2014-04-09T14:19:13.274+0900: 372.923: [CMS-concurrent-abortable-preclean-start]
2014-04-09T14:19:13.302+0900: 372.951: [GC (Allocation Failure) 372.951: [ParNew: 58993K->6528K(59008K), 0.0420244 secs] 8181530K->8144865K(25159296K), 0.0421821 secs] [Times: user=0.52 sys=0.00, real=0.04 secs] 
2014-04-09T14:19:13.387+0900: 373.036: [GC (Allocation Failure) 373.037: [ParNew: 59008K->6528K(59008K), 0.0431190 secs] 8197345K->8169601K(25159296K), 0.0432753 secs] [Times: user=0.53 sys=0.00, real=0.04 secs] 
2014-04-09T14:19:13.505+0900: 373.154: [CMS-concurrent-abortable-preclean: 0.139/0.230 secs] [Times: user=1.36 sys=0.02, real=0.23 secs] 
2014-04-09T14:19:13.506+0900: 373.155: [GC (CMS Final Remark) [YG occupancy: 51405 K (59008 K)]373.155: [Rescan (parallel) , 0.0201374 secs]373.175: [weak refs processing, 0.0000483 secs]373.175: [class unloading, 0.0323963 secs]373.207: [scrub symbol table, 0.0034561 secs]373.211: [scrub string table, 0.0009855 secs][1 CMS-remark: 8163073K(25100288K)] 8214478K(25159296K), 0.0624128 secs] [Times: user=0.29 sys=0.00, real=0.06 secs] 
2014-04-09T14:19:13.569+0900: 373.218: [CMS-concurrent-sweep-start]
2014-04-09T14:19:13.589+0900: 373.239: [GC (Allocation Failure) 373.239: [ParNew: 57551K->6528K(59008K), 0.0442341 secs] 8219706K->8184281K(25159296K), 0.0443950 secs] [Times: user=0.53 sys=0.01, real=0.04 secs] 
2014-04-09T14:19:13.684+0900: 373.333: [GC (Allocation Failure) 373.333: [ParNew: 51495K->4239K(59008K), 0.0358068 secs] 8226510K->8201683K(25159296K), 0.0359658 secs] [Times: user=0.44 sys=0.00, real=0.04 secs] 
2014-04-09T14:19:13.738+0900: 373.387: [GC (Allocation Failure) 373.387: [ParNew: 56187K->4204K(59008K), 0.0361231 secs] 8252786K->8221126K(25159296K), 0.0362779 secs] [Times: user=0.46 sys=0.00, real=0.03 secs] 
2014-04-09T14:19:13.809+0900: 373.458: [GC (Allocation Failure) 373.458: [ParNew: 56682K->6528K(59008K), 0.0450458 secs] 8271573K->8250192K(25159296K), 0.0451997 secs] [Times: user=0.54 sys=0.01, real=0.04 secs] 
2014-04-09T14:19:13.899+0900: 373.548: [GC (Allocation Failure) 373.548: [ParNew: 59008K->6528K(59008K), 0.0397833 secs] 8300416K->8268029K(25159296K), 0.0399374 secs] [Times: user=0.47 sys=0.00, real=0.04 secs] 
2014-04-09T14:19:13.989+0900: 373.638: [GC (Allocation Failure) 373.638: [ParNew: 56469K->6528K(59008K), 0.0443812 secs] 8315371K->8282685K(25159296K), 0.0445373 secs] [Times: user=0.54 sys=0.00, real=0.04 secs] 
2014-04-09T14:19:14.087+0900: 373.736: [GC (Allocation Failure) 373.736: [ParNew: 58999K->1830K(59008K), 0.0396393 secs] 8333214K->8296685K(25159296K), 0.0397972 secs] [Times: user=0.50 sys=0.00, real=0.04 secs] 
2014-04-09T14:19:14.143+0900: 373.792: [GC (Allocation Failure) 373.792: [ParNew: 51617K->6528K(59008K), 0.0324101 secs] 8346105K->8312465K(25159296K), 0.0325683 secs] [Times: user=0.41 sys=0.00, real=0.03 secs] 
2014-04-09T14:19:14.194+0900: 373.843: [GC (Allocation Failure) 373.843: [ParNew: 59006K->1476K(59008K), 0.0340167 secs] 8364355K->8347808K(25159296K), 0.0341732 secs] [Times: user=0.43 sys=0.00, real=0.04 secs] 
2014-04-09T14:19:14.268+0900: 373.917: [GC (Allocation Failure) 373.917: [ParNew: 53955K->6528K(59008K), 0.0440092 secs] 8397736K->8371499K(25159296K), 0.0441628 secs] [Times: user=0.52 sys=0.01, real=0.04 secs] 
2014-04-09T14:19:14.358+0900: 374.007: [GC (Allocation Failure) 374.007: [ParNew: 59008K->6528K(59008K), 0.0454695 secs] 8416737K->8381580K(25159296K), 0.0456252 secs] [Times: user=0.54 sys=0.00, real=0.04 secs] 
2014-04-09T14:19:14.458+0900: 374.107: [GC (Allocation Failure) 374.107: [ParNew: 58190K->4879K(59008K), 0.0443281 secs] 8427170K->8395112K(25159296K), 0.0444824 secs] [Times: user=0.53 sys=0.00, real=0.04 secs] 
2014-04-09T14:19:14.538+0900: 374.187: [GC (Allocation Failure) 374.187: [ParNew: 52209K->6528K(59008K), 0.0369824 secs] 8438948K->8413783K(25159296K), 0.0371342 secs] [Times: user=0.47 sys=0.00, real=0.03 secs] 
2014-04-09T14:19:14.590+0900: 374.239: [GC (Allocation Failure) 374.239: [ParNew: 59004K->6528K(59008K), 0.0370611 secs] 8465508K->8444137K(25159296K), 0.0372212 secs] [Times: user=0.46 sys=0.00, real=0.04 secs] 
2014-04-09T14:19:14.654+0900: 374.303: [GC (Allocation Failure) 374.303: [ParNew: 59007K->4671K(59008K), 0.0366194 secs] 8494360K->8470770K(25159296K), 0.0367720 secs] [Times: user=0.47 sys=0.00, real=0.04 secs] 
2014-04-09T14:19:14.742+0900: 374.391: [GC (Allocation Failure) 374.391: [ParNew: 57150K->6528K(59008K), 0.0436731 secs] 8520224K->8494425K(25159296K), 0.0438238 secs] [Times: user=0.53 sys=0.00, real=0.04 secs] 
2014-04-09T14:19:14.831+0900: 374.480: [GC (Allocation Failure) 374.480: [ParNew: 59008K->6528K(59008K), 0.0372577 secs] 8545103K->8507405K(25159296K), 0.0374057 secs] [Times: user=0.45 sys=0.00, real=0.04 secs] 
2014-04-09T14:19:14.928+0900: 374.577: [GC (Allocation Failure) 374.578: [ParNew: 51939K->4318K(59008K), 0.0390600 secs] 8550677K->8523488K(25159296K), 0.0392145 secs] [Times: user=0.48 sys=0.01, real=0.04 secs] 
2014-04-09T14:19:14.996+0900: 374.645: [GC (Allocation Failure) 374.645: [ParNew: 56796K->5031K(59008K), 0.0387445 secs] 8574683K->8543241K(25159296K), 0.0389113 secs] [Times: user=0.48 sys=0.02, real=0.04 secs] 
2014-04-09T14:19:15.523+0900: 375.173: [CMS-concurrent-sweep: 1.175/1.955 secs] [Times: user=11.90 sys=0.21, real=1.95 secs] 
2014-04-09T14:19:15.524+0900: 375.173: [CMS-concurrent-reset-start]
2014-04-09T14:19:15.610+0900: 375.259: [CMS-concurrent-reset: 0.086/0.086 secs] [Times: user=0.08 sys=0.00, real=0.09 secs] 
2014-04-09T14:19:15.741+0900: 375.390: [GC (Allocation Failure) 375.390: [ParNew: 52250K->6528K(59008K), 0.0339892 secs] 7431427K->7398931K(25159296K), 0.0341671 secs] [Times: user=0.42 sys=0.00, real=0.03 secs] 
2014-04-09T14:19:15.797+0900: 375.446: [GC (Allocation Failure) 375.446: [ParNew: 59008K->4246K(59008K), 0.0360857 secs] 7451411K->7437508K(25159296K), 0.0362704 secs] [Times: user=0.45 sys=0.01, real=0.03 secs] 
2014-04-09T14:19:15.883+0900: 375.532: [GC (Allocation Failure) 375.532: [ParNew: 56725K->6528K(59008K), 0.0459573 secs] 7489987K->7464019K(25159296K), 0.0461304 secs] [Times: user=0.54 sys=0.00, real=0.05 secs] 
2014-04-09T14:19:15.978+0900: 375.627: [GC (Allocation Failure) 375.627: [ParNew: 59008K->6528K(59008K), 0.0455523 secs] 7516499K->7478269K(25159296K), 0.0457312 secs] [Times: user=0.54 sys=0.01, real=0.04 secs] 
2014-04-09T14:19:16.110+0900: 375.759: [GC (Allocation Failure) 375.759: [ParNew: 53252K->5158K(59008K), 0.0393270 secs] 7524994K->7498429K(25159296K), 0.0395040 secs] [Times: user=0.46 sys=0.01, real=0.04 secs] 
2014-04-09T14:19:16.184+0900: 375.833: [GC (Allocation Failure) 375.833: [ParNew: 57631K->5135K(59008K), 0.0414942 secs] 7550902K->7518728K(25159296K), 0.0416700 secs] [Times: user=0.52 sys=0.01, real=0.04 secs] 
2014-04-09T14:19:16.242+0900: 375.891: [GC (Allocation Failure) 375.891: [ParNew: 47570K->6528K(59008K), 0.0329442 secs] 7561163K->7532356K(25159296K), 0.0331179 secs] [Times: user=0.41 sys=0.00, real=0.03 secs] 
2014-04-09T14:19:16.294+0900: 375.943: [GC (Allocation Failure) 375.943: [ParNew: 59007K->2055K(59008K), 0.0353939 secs] 7584835K->7568651K(25159296K), 0.0355679 secs] [Times: user=0.44 sys=0.00, real=0.04 secs] 
2014-04-09T14:19:16.331+0900: 375.980: [GC (CMS Initial Mark) [1 CMS-initial-mark: 7566595K(25100288K)] 7568667K(25159296K), 0.0016464 secs] [Times: user=0.01 sys=0.00, real=0.00 secs] 
2014-04-09T14:19:16.333+0900: 375.982: [CMS-concurrent-mark-start]
2014-04-09T14:19:16.397+0900: 376.046: [GC (Allocation Failure) 376.047: [ParNew: 54535K->6528K(59008K), 0.0507302 secs] 7621131K->7594737K(25159296K), 0.0509093 secs] [Times: user=0.56 sys=0.01, real=0.05 secs] 
2014-04-09T14:19:16.487+0900: 376.136: [GC (Allocation Failure) 376.136: [ParNew: 46544K->6528K(59008K), 0.0448365 secs] 7634754K->7610910K(25159296K), 0.0450075 secs] [Times: user=0.55 sys=0.00, real=0.04 secs] 
2014-04-09T14:19:16.614+0900: 376.263: [GC (Allocation Failure) 376.263: [ParNew: 57205K->6528K(59008K), 0.1415005 secs] 7661588K->7633143K(25159296K), 0.1416760 secs] [Times: user=1.77 sys=0.00, real=0.14 secs] 
2014-04-09T14:19:16.830+0900: 376.479: [GC (Allocation Failure) 376.479: [ParNew: 58992K->6528K(59008K), 0.0483941 secs] 7685607K->7649219K(25159296K), 0.0485701 secs] [Times: user=0.56 sys=0.01, real=0.05 secs] 
2014-04-09T14:19:16.932+0900: 376.582: [GC (Allocation Failure) 376.582: [ParNew: 59008K->6528K(59008K), 0.0529827 secs] 7701699K->7678256K(25159296K), 0.0531606 secs] [Times: user=0.60 sys=0.00, real=0.05 secs] 
2014-04-09T14:19:17.106+0900: 376.755: [GC (Allocation Failure) 376.755: [ParNew: 58507K->6528K(59008K), 0.1435303 secs] 7730235K->7710773K(25159296K), 0.1437051 secs] [Times: user=1.76 sys=0.00, real=0.15 secs] 
2014-04-09T14:19:17.330+0900: 376.979: [GC (Allocation Failure) 376.979: [ParNew: 59002K->6528K(59008K), 0.0589734 secs] 7763247K->7728456K(25159296K), 0.0591441 secs] [Times: user=0.71 sys=0.00, real=0.06 secs] 
2014-04-09T14:19:17.461+0900: 377.110: [GC (Allocation Failure) 377.111: [ParNew: 59007K->6528K(59008K), 0.0440868 secs] 7780935K->7757117K(25159296K), 0.0442601 secs] [Times: user=0.51 sys=0.00, real=0.04 secs] 
2014-04-09T14:19:17.592+0900: 377.241: [GC (Allocation Failure) 377.241: [ParNew: 57150K->6528K(59008K), 0.0462137 secs] 7807739K->7771908K(25159296K), 0.0464000 secs] [Times: user=0.52 sys=0.00, real=0.05 secs] 
2014-04-09T14:19:17.710+0900: 377.359: [GC (Allocation Failure) 377.359: [ParNew: 55275K->6528K(59008K), 0.0459338 secs] 7820656K->7786827K(25159296K), 0.0461016 secs] [Times: user=0.57 sys=0.00, real=0.04 secs] 
2014-04-09T14:19:17.780+0900: 377.429: [GC (Allocation Failure) 377.430: [ParNew: 58985K->6528K(59008K), 0.0398778 secs] 7839284K->7809852K(25159296K), 0.0400436 secs] [Times: user=0.51 sys=0.00, real=0.04 secs] 
2014-04-09T14:19:17.866+0900: 377.515: [GC (Allocation Failure) 377.515: [ParNew: 59008K->6062K(59008K), 0.0450174 secs] 7862332K->7840472K(25159296K), 0.0451838 secs] [Times: user=0.55 sys=0.01, real=0.05 secs] 
2014-04-09T14:19:17.932+0900: 377.581: [CMS-concurrent-mark: 0.823/1.599 secs] [Times: user=14.10 sys=0.15, real=1.60 secs] 
2014-04-09T14:19:17.932+0900: 377.581: [CMS-concurrent-preclean-start]
2014-04-09T14:19:17.933+0900: 377.582: [GC (Allocation Failure) 377.582: [ParNew: 53813K->6528K(59008K), 0.0352177 secs] 7888223K->7856317K(25159296K), 0.0353626 secs] [Times: user=0.44 sys=0.00, real=0.04 secs] 
2014-04-09T14:19:18.007+0900: 377.656: [GC (Allocation Failure) 377.656: [ParNew: 59008K->6528K(59008K), 0.0424945 secs] 7908797K->7885311K(25159296K), 0.0426570 secs] [Times: user=0.51 sys=0.00, real=0.04 secs] 
2014-04-09T14:19:18.095+0900: 377.744: [GC (Allocation Failure) 377.744: [ParNew: 59008K->6528K(59008K), 0.0379850 secs] 7937791K->7901049K(25159296K), 0.0381557 secs] [Times: user=0.46 sys=0.00, real=0.04 secs] 
2014-04-09T14:19:18.208+0900: 377.857: [GC (Allocation Failure) 377.858: [ParNew: 55534K->6528K(59008K), 0.0434214 secs] 7950056K->7915182K(25159296K), 0.0436062 secs] [Times: user=0.53 sys=0.01, real=0.04 secs] 
2014-04-09T14:19:18.282+0900: 377.931: [GC (Allocation Failure) 377.931: [ParNew: 56159K->6528K(59008K), 0.0331258 secs] 7964814K->7938442K(25159296K), 0.0333037 secs] [Times: user=0.41 sys=0.01, real=0.03 secs] 
2014-04-09T14:19:18.363+0900: 378.012: [GC (Allocation Failure) 378.012: [ParNew: 57255K->6528K(59008K), 0.0422214 secs] 7989169K->7972770K(25159296K), 0.0423939 secs] [Times: user=0.52 sys=0.00, real=0.04 secs] 
2014-04-09T14:19:18.432+0900: 378.081: [GC (Allocation Failure) 378.081: [ParNew: 59008K->6528K(59008K), 0.0443676 secs] 8025250K->8002233K(25159296K), 0.0445513 secs] [Times: user=0.54 sys=0.00, real=0.05 secs] 
2014-04-09T14:19:18.512+0900: 378.161: [GC (Allocation Failure) 378.161: [ParNew: 59006K->6528K(59008K), 0.0446530 secs] 8054711K->8029755K(25159296K), 0.0448305 secs] [Times: user=0.54 sys=0.01, real=0.04 secs] 
2014-04-09T14:19:18.615+0900: 378.264: [GC (Allocation Failure) 378.264: [ParNew: 54657K->6528K(59008K), 0.0487407 secs] 8077884K->8049648K(25159296K), 0.0489198 secs] [Times: user=0.58 sys=0.01, real=0.05 secs] 
2014-04-09T14:19:18.722+0900: 378.371: [GC (Allocation Failure) 378.371: [ParNew: 58999K->3071K(59008K), 0.0410221 secs] 8102119K->8056790K(25159296K), 0.0411944 secs] [Times: user=0.51 sys=0.00, real=0.04 secs] 
2014-04-09T14:19:18.791+0900: 378.440: [GC (Allocation Failure) 378.440: [ParNew: 51513K->3207K(59008K), 0.0333330 secs] 8105233K->8071184K(25159296K), 0.0335047 secs] [Times: user=0.42 sys=0.00, real=0.03 secs] 
2014-04-09T14:19:18.889+0900: 378.538: [GC (Allocation Failure) 378.538: [ParNew: 55686K->6528K(59008K), 0.0467926 secs] 8123664K->8106255K(25159296K), 0.0469594 secs] [Times: user=0.58 sys=0.00, real=0.04 secs] 
2014-04-09T14:19:18.975+0900: 378.624: [GC (Allocation Failure) 378.624: [ParNew: 59008K->6528K(59008K), 0.0444599 secs] 8158735K->8126222K(25159296K), 0.0446265 secs] [Times: user=0.54 sys=0.00, real=0.05 secs] 
2014-04-09T14:19:19.047+0900: 378.696: [GC (Allocation Failure) 378.696: [ParNew: 57075K->5205K(59008K), 0.0352938 secs] 8176770K->8147509K(25159296K), 0.0354749 secs] [Times: user=0.43 sys=0.00, real=0.03 secs] 
2014-04-09T14:19:19.136+0900: 378.785: [GC (Allocation Failure) 378.785: [ParNew: 48263K->6528K(59008K), 0.0478555 secs] 8190567K->8165964K(25159296K), 0.0480221 secs] [Times: user=0.58 sys=0.01, real=0.04 secs] 
2014-04-09T14:19:19.218+0900: 378.867: [GC (Allocation Failure) 378.867: [ParNew: 59008K->6528K(59008K), 0.0406005 secs] 8218444K->8189533K(25159296K), 0.0407681 secs] [Times: user=0.50 sys=0.00, real=0.04 secs] 
2014-04-09T14:19:19.289+0900: 378.938: [GC (Allocation Failure) 378.939: [ParNew: 59008K->3992K(59008K), 0.0412396 secs] 8242013K->8209341K(25159296K), 0.0414064 secs] [Times: user=0.51 sys=0.01, real=0.04 secs] 
2014-04-09T14:19:19.390+0900: 379.039: [GC (Allocation Failure) 379.039: [ParNew: 55171K->6528K(59008K), 0.0514013 secs] 8260520K->8231264K(25159296K), 0.0515634 secs] [Times: user=0.58 sys=0.00, real=0.05 secs] 
2014-04-09T14:19:19.509+0900: 379.158: [GC (Allocation Failure) 379.158: [ParNew: 53983K->6254K(59008K), 0.0375219 secs] 8278720K->8243583K(25159296K), 0.0376867 secs] [Times: user=0.46 sys=0.01, real=0.04 secs] 
2014-04-09T14:19:19.574+0900: 379.223: [GC (Allocation Failure) 379.223: [ParNew: 55830K->6528K(59008K), 0.0349716 secs] 8293159K->8267118K(25159296K), 0.0351337 secs] [Times: user=0.43 sys=0.00, real=0.04 secs] 
2014-04-09T14:19:19.660+0900: 379.309: [GC (Allocation Failure) 379.309: [ParNew: 52261K->6528K(59008K), 0.0381668 secs] 8312852K->8298997K(25159296K), 0.0383279 secs] [Times: user=0.49 sys=0.00, real=0.04 secs] 
2014-04-09T14:19:19.726+0900: 379.375: [GC (Allocation Failure) 379.375: [ParNew: 58125K->6528K(59008K), 0.0370786 secs] 8350595K->8326667K(25159296K), 0.0372403 secs] [Times: user=0.45 sys=0.00, real=0.04 secs] 
2014-04-09T14:19:19.794+0900: 379.443: [GC (Allocation Failure) 379.444: [ParNew: 59008K->6528K(59008K), 0.0444150 secs] 8379147K->8359546K(25159296K), 0.0445766 secs] [Times: user=0.42 sys=0.00, real=0.05 secs] 
2014-04-09T14:19:19.883+0900: 379.532: [GC (Allocation Failure) 379.532: [ParNew: 59008K->6528K(59008K), 0.0482154 secs] 8412026K->8378004K(25159296K), 0.0483770 secs] [Times: user=0.44 sys=0.02, real=0.05 secs] 
2014-04-09T14:19:20.016+0900: 379.666: [GC (Allocation Failure) 379.666: [ParNew: 57039K->4091K(59008K), 0.0376782 secs] 8428515K->8393350K(25159296K), 0.0378457 secs] [Times: user=0.46 sys=0.00, real=0.03 secs] 
2014-04-09T14:19:20.095+0900: 379.744: [GC (Allocation Failure) 379.744: [ParNew: 52401K->6528K(59008K), 0.0395973 secs] 8441660K->8418712K(25159296K), 0.0397586 secs] [Times: user=0.51 sys=0.00, real=0.04 secs] 
2014-04-09T14:19:20.171+0900: 379.820: [GC (Allocation Failure) 379.820: [ParNew: 58061K->6528K(59008K), 0.0379669 secs] 8470246K->8439100K(25159296K), 0.0381272 secs] [Times: user=0.46 sys=0.01, real=0.04 secs] 
2014-04-09T14:19:20.267+0900: 379.916: [GC (Allocation Failure) 379.916: [ParNew: 59008K->6528K(59008K), 0.0567692 secs] 8491580K->8469479K(25159296K), 0.0569288 secs] [Times: user=0.60 sys=0.01, real=0.06 secs] 
2014-04-09T14:19:20.435+0900: 380.084: [GC (Allocation Failure) 380.084: [ParNew: 53401K->6528K(59008K), 0.0377377 secs] 8516352K->8486028K(25159296K), 0.0379124 secs] [Times: user=0.44 sys=0.01, real=0.04 secs] 
2014-04-09T14:19:20.509+0900: 380.158: [GC (Allocation Failure) 380.158: [ParNew: 58225K->6528K(59008K), 0.0368870 secs] 8537726K->8505077K(25159296K), 0.0370548 secs] [Times: user=0.44 sys=0.01, real=0.03 secs] 
2014-04-09T14:19:20.601+0900: 380.250: [GC (Allocation Failure) 380.250: [ParNew: 59008K->6528K(59008K), 0.0423890 secs] 8557557K->8535950K(25159296K), 0.0425477 secs] [Times: user=0.52 sys=0.00, real=0.04 secs] 
2014-04-09T14:19:20.753+0900: 380.402: [GC (Allocation Failure) 380.402: [ParNew: 53496K->6528K(59008K), 0.0398528 secs] 8582919K->8551210K(25159296K), 0.0400109 secs] [Times: user=0.49 sys=0.01, real=0.04 secs] 
2014-04-09T14:19:20.821+0900: 380.470: [GC (Allocation Failure) 380.470: [ParNew: 50112K->6528K(59008K), 0.0390245 secs] 8594795K->8577138K(25159296K), 0.0391827 secs] [Times: user=0.48 sys=0.00, real=0.04 secs] 
2014-04-09T14:19:20.881+0900: 380.530: [GC (Allocation Failure) 380.530: [ParNew: 53308K->4935K(59008K), 0.0320960 secs] 8623919K->8595867K(25159296K), 0.0322648 secs] [Times: user=0.41 sys=0.00, real=0.03 secs] 
2014-04-09T14:19:20.966+0900: 380.615: [GC (Allocation Failure) 380.616: [ParNew: 57415K->6528K(59008K), 0.0494366 secs] 8648347K->8626102K(25159296K), 0.0495947 secs] [Times: user=0.57 sys=0.01, real=0.05 secs] 
2014-04-09T14:19:21.067+0900: 380.716: [GC (Allocation Failure) 380.716: [ParNew: 59008K->6528K(59008K), 0.0448949 secs] 8678582K->8644512K(25159296K), 0.0450591 secs] [Times: user=0.45 sys=0.01, real=0.05 secs] 
2014-04-09T14:19:21.194+0900: 380.843: [GC (Allocation Failure) 380.843: [ParNew: 58386K->6528K(59008K), 0.0405175 secs] 8696371K->8659547K(25159296K), 0.0406739 secs] [Times: user=0.49 sys=0.01, real=0.04 secs] 
2014-04-09T14:19:21.296+0900: 380.945: [GC (Allocation Failure) 380.945: [ParNew: 58989K->5765K(59008K), 0.0356972 secs] 8712009K->8679509K(25159296K), 0.0358551 secs] [Times: user=0.45 sys=0.00, real=0.04 secs] 
2014-04-09T14:19:21.350+0900: 380.999: [GC (Allocation Failure) 380.999: [ParNew: 58245K->6528K(59008K), 0.0394663 secs] 8731989K->8706260K(25159296K), 0.0396214 secs] [Times: user=0.49 sys=0.00, real=0.04 secs] 
2014-04-09T14:19:21.426+0900: 381.075: [GC (Allocation Failure) 381.075: [ParNew: 59008K->3040K(59008K), 0.0330350 secs] 8758740K->8733385K(25159296K), 0.0331953 secs] [Times: user=0.42 sys=0.00, real=0.04 secs] 
2014-04-09T14:19:21.515+0900: 381.164: [GC (Allocation Failure) 381.164: [ParNew: 55519K->6528K(59008K), 0.0567222 secs] 8785864K->8759558K(25159296K), 0.0568779 secs] [Times: user=0.56 sys=0.02, real=0.06 secs] 
2014-04-09T14:19:21.615+0900: 381.264: [GC (Allocation Failure) 381.264: [ParNew: 59008K->6528K(59008K), 0.0443938 secs] 8812038K->8775762K(25159296K), 0.0445563 secs] [Times: user=0.47 sys=0.01, real=0.05 secs] 
2014-04-09T14:19:21.722+0900: 381.371: [GC (Allocation Failure) 381.371: [ParNew: 57163K->4850K(59008K), 0.0403242 secs] 8826398K->8795146K(25159296K), 0.0404861 secs] [Times: user=0.49 sys=0.00, real=0.04 secs] 
2014-04-09T14:19:21.794+0900: 381.443: [GC (Allocation Failure) 381.444: [ParNew: 57318K->6528K(59008K), 0.0343217 secs] 8847614K->8819043K(25159296K), 0.0344736 secs] [Times: user=0.43 sys=0.01, real=0.04 secs] 
2014-04-09T14:19:21.844+0900: 381.493: [GC (Allocation Failure) 381.493: [ParNew: 58985K->4520K(59008K), 0.0367420 secs] 8871501K->8847862K(25159296K), 0.0368960 secs] [Times: user=0.46 sys=0.00, real=0.04 secs] 
2014-04-09T14:19:21.927+0900: 381.576: [GC (Allocation Failure) 381.576: [ParNew: 56998K->6526K(59008K), 0.0563299 secs] 8900341K->8870614K(25159296K), 0.0564814 secs] [Times: user=0.58 sys=0.02, real=0.06 secs] 
2014-04-09T14:19:22.080+0900: 381.729: [GC (Allocation Failure) 381.729: [ParNew: 51870K->5728K(59008K), 0.0357344 secs] 8915959K->8884530K(25159296K), 0.0358850 secs] [Times: user=0.44 sys=0.00, real=0.03 secs] 
2014-04-09T14:19:22.148+0900: 381.797: [GC (Allocation Failure) 381.797: [ParNew: 57341K->6528K(59008K), 0.0407208 secs] 8936143K->8905616K(25159296K), 0.0408724 secs] [Times: user=0.49 sys=0.01, real=0.04 secs] 
2014-04-09T14:19:22.236+0900: 381.885: [GC (Allocation Failure) 381.885: [ParNew: 59008K->6528K(59008K), 0.0492060 secs] 8958096K->8937272K(25159296K), 0.0493550 secs] [Times: user=0.58 sys=0.00, real=0.05 secs] 
2014-04-09T14:19:22.381+0900: 382.030: [GC (Allocation Failure) 382.031: [ParNew: 53294K->6528K(59008K), 0.0396644 secs] 8984039K->8952028K(25159296K), 0.0398181 secs] [Times: user=0.48 sys=0.01, real=0.04 secs] 
2014-04-09T14:19:22.453+0900: 382.102: [GC (Allocation Failure) 382.102: [ParNew: 58367K->6528K(59008K), 0.0363184 secs] 9003868K->8971993K(25159296K), 0.0364678 secs] [Times: user=0.44 sys=0.01, real=0.04 secs] 
2014-04-09T14:19:22.577+0900: 382.226: [CMS-concurrent-preclean: 2.359/4.646 secs] [Times: user=31.61 sys=0.54, real=4.65 secs] 
2014-04-09T14:19:22.578+0900: 382.227: [GC (Allocation Failure) 382.227: [ParNew: 59008K->6528K(59008K), 0.0487702 secs] 9024473K->9003194K(25159296K), 0.0488968 secs] [Times: user=0.57 sys=0.01, real=0.04 secs] 
2014-04-09T14:19:22.628+0900: 382.277: [GC (CMS Final Remark) [YG occupancy: 6911 K (59008 K)]382.277: [Rescan (parallel) , 0.0229006 secs]382.300: [weak refs processing, 0.0000434 secs]382.300: [class unloading, 0.0298079 secs]382.330: [scrub symbol table, 0.0032258 secs]382.333: [scrub string table, 0.0009026 secs][1 CMS-remark: 8996666K(25100288K)] 9003578K(25159296K), 0.0618250 secs] [Times: user=0.33 sys=0.00, real=0.06 secs] 
2014-04-09T14:19:22.690+0900: 382.339: [CMS-concurrent-sweep-start]
2014-04-09T14:19:22.787+0900: 382.436: [GC (Allocation Failure) 382.436: [ParNew: 53543K->6528K(59008K), 0.0398092 secs] 9043435K->9013550K(25159296K), 0.0399602 secs] [Times: user=0.49 sys=0.00, real=0.04 secs] 
2014-04-09T14:19:22.855+0900: 382.504: [GC (Allocation Failure) 382.504: [ParNew: 50478K->6528K(59008K), 0.0355094 secs] 9055496K->9033094K(25159296K), 0.0356573 secs] [Times: user=0.45 sys=0.00, real=0.04 secs] 
2014-04-09T14:19:22.907+0900: 382.556: [GC (Allocation Failure) 382.556: [ParNew: 53061K->5616K(59008K), 0.0385398 secs] 9079036K->9054312K(25159296K), 0.0386925 secs] [Times: user=0.48 sys=0.00, real=0.04 secs] 
2014-04-09T14:19:22.973+0900: 382.622: [GC (Allocation Failure) 382.623: [ParNew: 58096K->6528K(59008K), 0.0539341 secs] 9104802K->9081984K(25159296K), 0.0540822 secs] [Times: user=0.60 sys=0.02, real=0.06 secs] 
2014-04-09T14:19:23.060+0900: 382.709: [GC (Allocation Failure) 382.709: [ParNew: 59008K->6528K(59008K), 0.0468923 secs] 9132086K->9098338K(25159296K), 0.0470556 secs] [Times: user=0.50 sys=0.02, real=0.05 secs] 
2014-04-09T14:19:23.164+0900: 382.813: [GC (Allocation Failure) 382.813: [ParNew: 57695K->6528K(59008K), 0.0437888 secs] 9145763K->9108941K(25159296K), 0.0439412 secs] [Times: user=0.54 sys=0.00, real=0.05 secs] 
2014-04-09T14:19:23.243+0900: 382.892: [GC (Allocation Failure) 382.892: [ParNew: 58983K->5344K(59008K), 0.0329434 secs] 9159038K->9126239K(25159296K), 0.0330945 secs] [Times: user=0.41 sys=0.01, real=0.03 secs] 
2014-04-09T14:19:23.292+0900: 382.941: [GC (Allocation Failure) 382.941: [ParNew: 49021K->2933K(59008K), 0.0351428 secs] 9168865K->9143215K(25159296K), 0.0353025 secs] [Times: user=0.45 sys=0.01, real=0.04 secs] 
2014-04-09T14:19:23.345+0900: 382.994: [GC (Allocation Failure) 382.994: [ParNew: 55059K->3851K(59008K), 0.0347987 secs] 9194210K->9163325K(25159296K), 0.0349486 secs] [Times: user=0.44 sys=0.00, real=0.04 secs] 
2014-04-09T14:19:23.412+0900: 383.061: [GC (Allocation Failure) 383.061: [ParNew: 56331K->6528K(59008K), 0.0450717 secs] 9210570K->9189564K(25159296K), 0.0452249 secs] [Times: user=0.52 sys=0.01, real=0.04 secs] 
2014-04-09T14:19:23.497+0900: 383.146: [GC (Allocation Failure) 383.147: [ParNew: 59008K->6528K(59008K), 0.0429368 secs] 9234584K->9200362K(25159296K), 0.0430885 secs] [Times: user=0.43 sys=0.00, real=0.04 secs] 
2014-04-09T14:19:23.594+0900: 383.243: [GC (Allocation Failure) 383.243: [ParNew: 58451K->6528K(59008K), 0.0403536 secs] 9244677K->9207634K(25159296K), 0.0405035 secs] [Times: user=0.49 sys=0.01, real=0.04 secs] 
2014-04-09T14:19:23.672+0900: 383.321: [GC (Allocation Failure) 383.321: [ParNew: 58998K->5710K(59008K), 0.0355623 secs] 9256126K->9223739K(25159296K), 0.0357099 secs] [Times: user=0.43 sys=0.01, real=0.04 secs] 
2014-04-09T14:19:23.725+0900: 383.374: [GC (Allocation Failure) 383.374: [ParNew: 54671K->4086K(59008K), 0.0342473 secs] 9271492K->9241315K(25159296K), 0.0343961 secs] [Times: user=0.43 sys=0.01, real=0.04 secs] 
2014-04-09T14:19:23.779+0900: 383.428: [GC (Allocation Failure) 383.428: [ParNew: 56566K->6332K(59008K), 0.0355008 secs] 9290954K->9261176K(25159296K), 0.0356510 secs] [Times: user=0.45 sys=0.00, real=0.03 secs] 
2014-04-09T14:19:23.847+0900: 383.496: [GC (Allocation Failure) 383.496: [ParNew: 58812K->6528K(59008K), 0.0536145 secs] 9311129K->9289955K(25159296K), 0.0537554 secs] [Times: user=0.54 sys=0.01, real=0.06 secs] 
2014-04-09T14:19:23.949+0900: 383.598: [GC (Allocation Failure) 383.598: [ParNew: 57989K->6528K(59008K), 0.0494462 secs] 9338294K->9303051K(25159296K), 0.0495985 secs] [Times: user=0.54 sys=0.01, real=0.05 secs] 
2014-04-09T14:19:24.044+0900: 383.693: [GC (Allocation Failure) 383.693: [ParNew: 57722K->6528K(59008K), 0.0364188 secs] 9352106K->9316762K(25159296K), 0.0365863 secs] [Times: user=0.44 sys=0.00, real=0.04 secs] 
2014-04-09T14:19:24.110+0900: 383.760: [GC (Allocation Failure) 383.760: [ParNew: 58988K->6528K(59008K), 0.0351599 secs] 9367455K->9338297K(25159296K), 0.0353092 secs] [Times: user=0.44 sys=0.00, real=0.03 secs] 
2014-04-09T14:19:24.176+0900: 383.825: [GC (Allocation Failure) 383.825: [ParNew: 59006K->5569K(59008K), 0.0385668 secs] 9388440K->9366718K(25159296K), 0.0387192 secs] [Times: user=0.48 sys=0.00, real=0.04 secs] 
2014-04-09T14:19:24.235+0900: 383.884: [GC (Allocation Failure) 383.884: [ParNew: 56902K->6528K(59008K), 0.0342238 secs] 9417080K->9381567K(25159296K), 0.0343755 secs] [Times: user=0.43 sys=0.00, real=0.04 secs] 
2014-04-09T14:19:24.311+0900: 383.960: [GC (Allocation Failure) 383.960: [ParNew: 59008K->6528K(59008K), 0.0518995 secs] 9431009K->9408357K(25159296K), 0.0520513 secs] [Times: user=0.55 sys=0.01, real=0.05 secs] 
2014-04-09T14:19:24.411+0900: 384.060: [GC (Allocation Failure) 384.060: [ParNew: 59008K->6528K(59008K), 0.0362943 secs] 9458849K->9421970K(25159296K), 0.0364448 secs] [Times: user=0.42 sys=0.01, real=0.03 secs] 
2014-04-09T14:19:24.500+0900: 384.150: [GC (Allocation Failure) 384.150: [ParNew: 56402K->6528K(59008K), 0.0376462 secs] 9467531K->9431725K(25159296K), 0.0377952 secs] [Times: user=0.46 sys=0.00, real=0.04 secs] 
2014-04-09T14:19:24.559+0900: 384.208: [GC (Allocation Failure) 384.208: [ParNew: 56206K->6528K(59008K), 0.0357793 secs] 9479583K->9453003K(25159296K), 0.0359295 secs] [Times: user=0.45 sys=0.00, real=0.03 secs] 
2014-04-09T14:19:24.622+0900: 384.271: [GC (Allocation Failure) 384.271: [ParNew: 59008K->6381K(59008K), 0.0385786 secs] 9503185K->9491402K(25159296K), 0.0387256 secs] [Times: user=0.49 sys=0.00, real=0.04 secs] 
2014-04-09T14:19:24.676+0900: 384.325: [GC (Allocation Failure) 384.325: [ParNew: 49466K->6528K(59008K), 0.0494170 secs] 9533771K->9507386K(25159296K), 0.0495664 secs] [Times: user=0.56 sys=0.00, real=0.05 secs] 
2014-04-09T14:19:24.751+0900: 384.400: [GC (Allocation Failure) 384.400: [ParNew: 59008K->6528K(59008K), 0.0385987 secs] 9557192K->9541482K(25159296K), 0.0387535 secs] [Times: user=0.44 sys=0.01, real=0.04 secs] 
2014-04-09T14:19:24.829+0900: 384.478: [GC (Allocation Failure) 384.478: [ParNew: 59008K->6528K(59008K), 0.0422150 secs] 9591698K->9551566K(25159296K), 0.0423609 secs] [Times: user=0.40 sys=0.01, real=0.04 secs] 
2014-04-09T14:19:24.924+0900: 384.573: [GC (Allocation Failure) 384.573: [ParNew: 57297K->6528K(59008K), 0.0412517 secs] 9600643K->9566775K(25159296K), 0.0414018 secs] [Times: user=0.50 sys=0.00, real=0.04 secs] 
2014-04-09T14:19:24.993+0900: 384.642: [GC (Allocation Failure) 384.642: [ParNew: 58993K->6528K(59008K), 0.0351064 secs] 9618273K->9589024K(25159296K), 0.0352653 secs] [Times: user=0.44 sys=0.00, real=0.04 secs] 
2014-04-09T14:19:25.053+0900: 384.702: [GC (Allocation Failure) 384.702: [ParNew: 49280K->6003K(59008K), 0.0397561 secs] 9620412K->9608107K(25159296K), 0.0399049 secs] [Times: user=0.50 sys=0.00, real=0.04 secs] 
2014-04-09T14:19:25.111+0900: 384.760: [GC (Allocation Failure) 384.760: [ParNew: 58483K->6528K(59008K), 0.0506454 secs] 9658564K->9632727K(25159296K), 0.0507957 secs] [Times: user=0.58 sys=0.01, real=0.05 secs] 
2014-04-09T14:19:25.186+0900: 384.835: [GC (Allocation Failure) 384.835: [ParNew: 59008K->6528K(59008K), 0.0365020 secs] 9680864K->9664584K(25159296K), 0.0366522 secs] [Times: user=0.42 sys=0.02, real=0.04 secs] 
2014-04-09T14:19:25.239+0900: 384.888: [CMS-concurrent-sweep: 1.140/2.549 secs] [Times: user=19.59 sys=0.36, real=2.55 secs] 
2014-04-09T14:19:25.239+0900: 384.888: [CMS-concurrent-reset-start]
2014-04-09T14:19:25.265+0900: 384.914: [GC (Allocation Failure) 384.914: [ParNew: 59008K->6528K(59008K), 0.0375197 secs] 9156248K->9117716K(25159296K), 0.0376689 secs] [Times: user=0.38 sys=0.01, real=0.04 secs] 
2014-04-09T14:19:25.368+0900: 385.017: [CMS-concurrent-reset: 0.091/0.130 secs] [Times: user=0.66 sys=0.01, real=0.13 secs] 
2014-04-09T14:19:25.372+0900: 385.021: [GC (Allocation Failure) 385.021: [ParNew: 59008K->5532K(59008K), 0.0429071 secs] 9170196K->9132805K(25159296K), 0.0430553 secs] [Times: user=0.52 sys=0.00, real=0.04 secs] 
2014-04-09T14:19:25.416+0900: 385.065: [GC (CMS Initial Mark) [1 CMS-initial-mark: 9127273K(25100288K)] 9132840K(25159296K), 0.0016721 secs] [Times: user=0.01 sys=0.00, real=0.01 secs] 
2014-04-09T14:19:25.418+0900: 385.067: [CMS-concurrent-mark-start]
2014-04-09T14:19:25.441+0900: 385.090: [GC (Allocation Failure) 385.090: [ParNew: 53679K->2691K(59008K), 0.0347837 secs] 9180952K->9140125K(25159296K), 0.0349355 secs] [Times: user=0.44 sys=0.00, real=0.03 secs] 
2014-04-09T14:19:25.541+0900: 385.190: [GC (Allocation Failure) 385.190: [ParNew: 55171K->6528K(59008K), 0.0485100 secs] 9192605K->9170337K(25159296K), 0.0486608 secs] [Times: user=0.58 sys=0.01, real=0.05 secs] 
2014-04-09T14:19:25.618+0900: 385.267: [GC (Allocation Failure) 385.267: [ParNew: 58988K->6528K(59008K), 0.0373273 secs] 9222798K->9195523K(25159296K), 0.0374774 secs] [Times: user=0.43 sys=0.00, real=0.03 secs] 
2014-04-09T14:19:25.688+0900: 385.337: [GC (Allocation Failure) 385.337: [ParNew: 59006K->4107K(59008K), 0.0360245 secs] 9248002K->9215393K(25159296K), 0.0361773 secs] [Times: user=0.45 sys=0.00, real=0.03 secs] 
2014-04-09T14:19:25.781+0900: 385.430: [GC (Allocation Failure) 385.430: [ParNew: 56586K->6528K(59008K), 0.0536434 secs] 9267872K->9236763K(25159296K), 0.0538002 secs] [Times: user=0.61 sys=0.01, real=0.05 secs] 
2014-04-09T14:19:25.868+0900: 385.517: [GC (Allocation Failure) 385.517: [ParNew: 59001K->6528K(59008K), 0.0399310 secs] 9289237K->9260038K(25159296K), 0.0400906 secs] [Times: user=0.48 sys=0.00, real=0.04 secs] 
2014-04-09T14:19:25.933+0900: 385.582: [GC (Allocation Failure) 385.582: [ParNew: 59008K->5860K(59008K), 0.0359946 secs] 9312518K->9279692K(25159296K), 0.0361472 secs] [Times: user=0.46 sys=0.00, real=0.04 secs] 
2014-04-09T14:19:26.012+0900: 385.661: [GC (Allocation Failure) 385.661: [ParNew: 58340K->6528K(59008K), 0.0543952 secs] 9332172K->9303781K(25159296K), 0.0545520 secs] [Times: user=0.60 sys=0.00, real=0.05 secs] 
2014-04-09T14:19:26.102+0900: 385.751: [GC (Allocation Failure) 385.751: [ParNew: 58998K->6528K(59008K), 0.0400184 secs] 9356252K->9324329K(25159296K), 0.0401683 secs] [Times: user=0.48 sys=0.00, real=0.04 secs] 
2014-04-09T14:19:26.168+0900: 385.817: [GC (Allocation Failure) 385.817: [ParNew: 55627K->6528K(59008K), 0.0350951 secs] 9373428K->9344906K(25159296K), 0.0352485 secs] [Times: user=0.45 sys=0.00, real=0.03 secs] 
2014-04-09T14:19:26.255+0900: 385.904: [GC (Allocation Failure) 385.904: [ParNew: 54666K->6528K(59008K), 0.0533798 secs] 9393045K->9365203K(25159296K), 0.0535354 secs] [Times: user=0.63 sys=0.00, real=0.06 secs] 
2014-04-09T14:19:26.332+0900: 385.981: [GC (Allocation Failure) 385.981: [ParNew: 59008K->6528K(59008K), 0.0529274 secs] 9417683K->9392364K(25159296K), 0.0530844 secs] [Times: user=0.62 sys=0.01, real=0.05 secs] 
2014-04-09T14:19:26.412+0900: 386.061: [GC (Allocation Failure) 386.061: [ParNew: 59008K->6528K(59008K), 0.0475719 secs] 9444844K->9422119K(25159296K), 0.0477271 secs] [Times: user=0.59 sys=0.02, real=0.05 secs] 
2014-04-09T14:19:26.506+0900: 386.155: [GC (Allocation Failure) 386.155: [ParNew: 57660K->6528K(59008K), 0.0434605 secs] 9473252K->9438940K(25159296K), 0.0436192 secs] [Times: user=0.44 sys=0.01, real=0.05 secs] 
2014-04-09T14:19:26.596+0900: 386.246: [GC (Allocation Failure) 386.246: [ParNew: 58994K->5691K(59008K), 0.0352327 secs] 9491407K->9450689K(25159296K), 0.0353877 secs] [Times: user=0.44 sys=0.01, real=0.04 secs] 
2014-04-09T14:19:26.658+0900: 386.307: [GC (Allocation Failure) 386.307: [ParNew: 56115K->505K(59008K), 0.0372154 secs] 9501113K->9464411K(25159296K), 0.0373803 secs] [Times: user=0.46 sys=0.00, real=0.03 secs] 
2014-04-09T14:19:26.732+0900: 386.381: [GC (Allocation Failure) 386.381: [ParNew: 52984K->6527K(59008K), 0.0378729 secs] 9516890K->9504559K(25159296K), 0.0380301 secs] [Times: user=0.48 sys=0.00, real=0.04 secs] 
2014-04-09T14:19:26.791+0900: 386.440: [GC (Allocation Failure) 386.440: [ParNew: 52434K->6528K(59008K), 0.0364434 secs] 9550466K->9521095K(25159296K), 0.0366006 secs] [Times: user=0.44 sys=0.01, real=0.03 secs] 
2014-04-09T14:19:26.862+0900: 386.511: [GC (Allocation Failure) 386.511: [ParNew: 59008K->6528K(59008K), 0.0510618 secs] 9573575K->9550135K(25159296K), 0.0512155 secs] [Times: user=0.45 sys=0.02, real=0.05 secs] 
2014-04-09T14:19:26.956+0900: 386.605: [GC (Allocation Failure) 386.605: [ParNew: 59008K->6528K(59008K), 0.0370170 secs] 9602615K->9565397K(25159296K), 0.0371741 secs] [Times: user=0.45 sys=0.00, real=0.04 secs] 
2014-04-09T14:19:27.049+0900: 386.698: [GC (Allocation Failure) 386.698: [ParNew: 56487K->2953K(59008K), 0.0372664 secs] 9615357K->9584099K(25159296K), 0.0374257 secs] [Times: user=0.47 sys=0.00, real=0.03 secs] 
2014-04-09T14:19:27.114+0900: 386.763: [GC (Allocation Failure) 386.763: [ParNew: 54628K->6528K(59008K), 0.0364956 secs] 9635774K->9612653K(25159296K), 0.0366542 secs] [Times: user=0.47 sys=0.00, real=0.04 secs] 
2014-04-09T14:19:27.180+0900: 386.829: [GC (Allocation Failure) 386.829: [ParNew: 59008K->6528K(59008K), 0.0339981 secs] 9665133K->9646703K(25159296K), 0.0341633 secs] [Times: user=0.43 sys=0.00, real=0.03 secs] 
2014-04-09T14:19:27.237+0900: 386.886: [GC (Allocation Failure) 386.886: [ParNew: 59008K->6528K(59008K), 0.0365907 secs] 9699183K->9674433K(25159296K), 0.0367427 secs] [Times: user=0.45 sys=0.01, real=0.04 secs] 
2014-04-09T14:19:27.307+0900: 386.956: [GC (Allocation Failure) 386.956: [ParNew: 59008K->6528K(59008K), 0.0620035 secs] 9726913K->9695594K(25159296K), 0.0621555 secs] [Times: user=0.60 sys=0.02, real=0.07 secs] 
2014-04-09T14:19:27.412+0900: 387.061: [GC (Allocation Failure) 387.061: [ParNew: 59008K->6528K(59008K), 0.0396692 secs] 9748074K->9710465K(25159296K), 0.0398224 secs] [Times: user=0.48 sys=0.01, real=0.04 secs] 
2014-04-09T14:19:27.499+0900: 387.148: [GC (Allocation Failure) 387.148: [ParNew: 49596K->4829K(59008K), 0.0359413 secs] 9753533K->9731661K(25159296K), 0.0360953 secs] [Times: user=0.44 sys=0.00, real=0.03 secs] 
2014-04-09T14:19:27.572+0900: 387.221: [GC (Allocation Failure) 387.221: [ParNew: 56179K->6528K(59008K), 0.0321050 secs] 9783011K->9758475K(25159296K), 0.0322601 secs] [Times: user=0.41 sys=0.00, real=0.03 secs] 
2014-04-09T14:19:27.631+0900: 387.280: [GC (Allocation Failure) 387.280: [ParNew: 58290K->601K(59008K), 0.0358570 secs] 9810238K->9778544K(25159296K), 0.0360124 secs] [Times: user=0.45 sys=0.00, real=0.03 secs] 
2014-04-09T14:19:27.723+0900: 387.372: [GC (Allocation Failure) 387.373: [ParNew: 53080K->6526K(59008K), 0.0447991 secs] 9831023K->9809538K(25159296K), 0.0449568 secs] [Times: user=0.52 sys=0.00, real=0.05 secs] 
2014-04-09T14:19:27.867+0900: 387.516: [GC (Allocation Failure) 387.517: [ParNew: 54089K->4677K(59008K), 0.0364772 secs] 9857100K->9824430K(25159296K), 0.0366268 secs] [Times: user=0.44 sys=0.01, real=0.04 secs] 
2014-04-09T14:19:27.931+0900: 387.580: [GC (Allocation Failure) 387.580: [ParNew: 56194K->1818K(59008K), 0.0344351 secs] 9875946K->9841892K(25159296K), 0.0345972 secs] [Times: user=0.45 sys=0.00, real=0.03 secs] 
2014-04-09T14:19:28.019+0900: 387.668: [GC (Allocation Failure) 387.668: [ParNew: 54298K->6528K(59008K), 0.0399251 secs] 9894372K->9862282K(25159296K), 0.0400767 secs] [Times: user=0.39 sys=0.01, real=0.04 secs] 
2014-04-09T14:19:28.156+0900: 387.805: [GC (Allocation Failure) 387.805: [ParNew: 53463K->5036K(59008K), 0.0372192 secs] 9909217K->9877317K(25159296K), 0.0373681 secs] [Times: user=0.45 sys=0.01, real=0.04 secs] 
2014-04-09T14:19:28.220+0900: 387.869: [GC (Allocation Failure) 387.869: [ParNew: 56899K->1768K(59008K), 0.0345548 secs] 9929180K->9894373K(25159296K), 0.0347062 secs] [Times: user=0.44 sys=0.00, real=0.03 secs] 
2014-04-09T14:19:28.307+0900: 387.956: [GC (Allocation Failure) 387.957: [ParNew: 54248K->6528K(59008K), 0.0440354 secs] 9946853K->9925006K(25159296K), 0.0441851 secs] [Times: user=0.52 sys=0.01, real=0.05 secs] 
2014-04-09T14:19:28.452+0900: 388.101: [GC (Allocation Failure) 388.101: [ParNew: 53896K->4894K(59008K), 0.0374819 secs] 9972375K->9939796K(25159296K), 0.0376505 secs] [Times: user=0.44 sys=0.00, real=0.04 secs] 
2014-04-09T14:19:28.511+0900: 388.160: [GC (Allocation Failure) 388.160: [ParNew: 57153K->6528K(59008K), 0.0335576 secs] 9992055K->9962332K(25159296K), 0.0337075 secs] [Times: user=0.42 sys=0.01, real=0.03 secs] 
2014-04-09T14:19:28.570+0900: 388.219: [GC (Allocation Failure) 388.219: [ParNew: 59008K->6528K(59008K), 0.0399544 secs] 10014812K->9998441K(25159296K), 0.0401042 secs] [Times: user=0.49 sys=0.00, real=0.04 secs] 
2014-04-09T14:19:28.641+0900: 388.290: [GC (Allocation Failure) 388.290: [ParNew: 59006K->6528K(59008K), 0.0588900 secs] 10050920K->10024661K(25159296K), 0.0590381 secs] [Times: user=0.57 sys=0.02, real=0.06 secs] 
2014-04-09T14:19:28.743+0900: 388.392: [GC (Allocation Failure) 388.392: [ParNew: 59003K->6528K(59008K), 0.0427359 secs] 10077136K->10033585K(25159296K), 0.0428844 secs] [Times: user=0.51 sys=0.01, real=0.04 secs] 
2014-04-09T14:19:28.836+0900: 388.485: [GC (Allocation Failure) 388.485: [ParNew: 50426K->1144K(59008K), 0.0368071 secs] 10077483K->10050437K(25159296K), 0.0369602 secs] [Times: user=0.46 sys=0.00, real=0.04 secs] 
2014-04-09T14:19:28.885+0900: 388.534: [CMS-concurrent-mark: 1.708/3.467 secs] [Times: user=29.68 sys=0.63, real=3.46 secs] 
2014-04-09T14:19:28.885+0900: 388.534: [CMS-concurrent-preclean-start]
2014-04-09T14:19:28.898+0900: 388.547: [GC (Allocation Failure) 388.547: [ParNew: 53608K->6528K(59008K), 0.0322988 secs] 10102900K->10077548K(25159296K), 0.0324488 secs] [Times: user=0.40 sys=0.01, real=0.04 secs] 
2014-04-09T14:19:28.947+0900: 388.596: [GC (Allocation Failure) 388.596: [ParNew: 56580K->6525K(59008K), 0.0347884 secs] 10127601K->10091633K(25159296K), 0.0349380 secs] [Times: user=0.44 sys=0.00, real=0.04 secs] 
2014-04-09T14:19:29.066+0900: 388.715: [GC (Allocation Failure) 388.715: [ParNew: 59003K->6527K(59008K), 0.0596183 secs] 10144111K->10122707K(25159296K), 0.0597827 secs] [Times: user=0.57 sys=0.01, real=0.06 secs] 
2014-04-09T14:19:29.278+0900: 388.927: [GC (Allocation Failure) 388.927: [ParNew: 56879K->1798K(59008K), 0.0405873 secs] 10173059K->10134737K(25159296K), 0.0407618 secs] [Times: user=0.49 sys=0.01, real=0.05 secs] 
2014-04-09T14:19:29.349+0900: 388.998: [GC (Allocation Failure) 388.998: [ParNew: 54278K->6528K(59008K), 0.0345670 secs] 10187217K->10153860K(25159296K), 0.0347392 secs] [Times: user=0.43 sys=0.01, real=0.03 secs] 
2014-04-09T14:19:29.409+0900: 389.058: [GC (Allocation Failure) 389.058: [ParNew: 59008K->3208K(59008K), 0.0409383 secs] 10206340K->10175796K(25159296K), 0.0411146 secs] [Times: user=0.51 sys=0.00, real=0.04 secs] 
2014-04-09T14:19:29.484+0900: 389.133: [GC (Allocation Failure) 389.133: [ParNew: 55688K->6528K(59008K), 0.0387390 secs] 10228276K->10192761K(25159296K), 0.0389207 secs] [Times: user=0.40 sys=0.01, real=0.04 secs] 
2014-04-09T14:19:29.554+0900: 389.203: [GC (Allocation Failure) 389.203: [ParNew: 56258K->6528K(59008K), 0.0429513 secs] 10242491K->10211354K(25159296K), 0.0431249 secs] [Times: user=0.47 sys=0.00, real=0.04 secs] 
2014-04-09T14:19:29.618+0900: 389.267: [GC (Allocation Failure) 389.267: [ParNew: 58989K->6528K(59008K), 0.0404756 secs] 10263815K->10232407K(25159296K), 0.0406601 secs] [Times: user=0.43 sys=0.01, real=0.05 secs] 
2014-04-09T14:19:29.685+0900: 389.334: [GC (Allocation Failure) 389.334: [ParNew: 59008K->6528K(59008K), 0.0369405 secs] 10284887K->10260677K(25159296K), 0.0371141 secs] [Times: user=0.47 sys=0.00, real=0.04 secs] 
2014-04-09T14:19:29.762+0900: 389.411: [GC (Allocation Failure) 389.411: [ParNew: 59008K->6528K(59008K), 0.0488971 secs] 10313157K->10267856K(25159296K), 0.0490668 secs] [Times: user=0.57 sys=0.02, real=0.05 secs] 
2014-04-09T14:19:29.857+0900: 389.506: [GC (Allocation Failure) 389.506: [ParNew: 59008K->6528K(59008K), 0.0395984 secs] 10320336K->10276782K(25159296K), 0.0397786 secs] [Times: user=0.43 sys=0.01, real=0.04 secs] 
2014-04-09T14:19:29.949+0900: 389.598: [GC (Allocation Failure) 389.599: [ParNew: 59008K->5116K(59008K), 0.0359520 secs] 10329262K->10280402K(25159296K), 0.0361400 secs] [Times: user=0.44 sys=0.01, real=0.03 secs] 
2014-04-09T14:19:30.055+0900: 389.704: [GC (Allocation Failure) 389.704: [ParNew: 57596K->1563K(59008K), 0.0322436 secs] 10332882K->10276849K(25159296K), 0.0324192 secs] [Times: user=0.41 sys=0.00, real=0.03 secs] 
2014-04-09T14:19:30.207+0900: 389.856: [GC (Allocation Failure) 389.856: [ParNew: 54043K->676K(59008K), 0.0320000 secs] 10329329K->10275962K(25159296K), 0.0321745 secs] [Times: user=0.41 sys=0.00, real=0.04 secs] 
2014-04-09T14:19:30.389+0900: 390.038: [CMS-concurrent-preclean: 0.801/1.504 secs] [Times: user=9.74 sys=0.17, real=1.51 secs] 
2014-04-09T14:19:30.390+0900: 390.039: [GC (Allocation Failure) 390.039: [ParNew: 53156K->703K(59008K), 0.0340788 secs] 10328442K->10275990K(25159296K), 0.0342280 secs] [Times: user=0.43 sys=0.00, real=0.03 secs] 
2014-04-09T14:19:30.425+0900: 390.074: [GC (CMS Final Remark) [YG occupancy: 1455 K (59008 K)]390.074: [Rescan (parallel) , 0.0138813 secs]390.088: [weak refs processing, 0.0000561 secs]390.088: [class unloading, 0.0394979 secs]390.128: [scrub symbol table, 0.0040754 secs]390.132: [scrub string table, 0.0011555 secs][1 CMS-remark: 10275286K(25100288K)] 10276741K(25159296K), 0.0654505 secs] [Times: user=0.23 sys=0.00, real=0.07 secs] 
2014-04-09T14:19:30.491+0900: 390.140: [CMS-concurrent-sweep-start]
2014-04-09T14:19:30.553+0900: 390.203: [GC (Allocation Failure) 390.203: [ParNew: 53181K->4069K(59008K), 0.0353381 secs] 10325100K->10296310K(25159296K), 0.0355133 secs] [Times: user=0.44 sys=0.00, real=0.04 secs] 
2014-04-09T14:19:30.644+0900: 390.293: [GC (Allocation Failure) 390.293: [ParNew: 56549K->6528K(59008K), 0.0445326 secs] 10344713K->10307632K(25159296K), 0.0446999 secs] [Times: user=0.53 sys=0.00, real=0.05 secs] 
2014-04-09T14:19:30.809+0900: 390.458: [GC (Allocation Failure) 390.458: [ParNew: 59008K->6528K(59008K), 0.0355524 secs] 10351462K->10305398K(25159296K), 0.0357242 secs] [Times: user=0.41 sys=0.01, real=0.03 secs] 
2014-04-09T14:19:30.976+0900: 390.625: [GC (Allocation Failure) 390.625: [ParNew: 59008K->4289K(59008K), 0.0305619 secs] 10350090K->10295372K(25159296K), 0.0307094 secs] [Times: user=0.38 sys=0.00, real=0.03 secs] 
2014-04-09T14:19:31.140+0900: 390.789: [GC (Allocation Failure) 390.789: [ParNew: 56769K->3816K(59008K), 0.0319346 secs] 10328036K->10275082K(25159296K), 0.0320904 secs] [Times: user=0.40 sys=0.01, real=0.03 secs] 
2014-04-09T14:19:31.321+0900: 390.970: [GC (Allocation Failure) 390.971: [ParNew: 56296K->4630K(59008K), 0.0308436 secs] 10312877K->10261210K(25159296K), 0.0309846 secs] [Times: user=0.39 sys=0.00, real=0.03 secs] 
2014-04-09T14:19:31.510+0900: 391.159: [GC (Allocation Failure) 391.159: [ParNew: 57110K->3915K(59008K), 0.0296528 secs] 10302689K->10249494K(25159296K), 0.0297908 secs] [Times: user=0.36 sys=0.01, real=0.03 secs] 
2014-04-09T14:19:31.696+0900: 391.345: [GC (Allocation Failure) 391.345: [ParNew: 56395K->4681K(59008K), 0.0306164 secs] 10296910K->10245196K(25159296K), 0.0307547 secs] [Times: user=0.39 sys=0.00, real=0.03 secs] 
2014-04-09T14:19:31.845+0900: 391.494: [GC (Allocation Failure) 391.494: [ParNew: 57161K->1503K(59008K), 0.0336978 secs] 10292152K->10238990K(25159296K), 0.0338260 secs] [Times: user=0.42 sys=0.00, real=0.04 secs] 
2014-04-09T14:19:32.003+0900: 391.652: [GC (Allocation Failure) 391.652: [ParNew: 53983K->232K(59008K), 0.0331042 secs] 10285411K->10231661K(25159296K), 0.0332271 secs] [Times: user=0.41 sys=0.00, real=0.03 secs] 
2014-04-09T14:19:32.159+0900: 391.808: [GC (Allocation Failure) 391.808: [ParNew: 52712K->81K(59008K), 0.0332063 secs] 10272427K->10219796K(25159296K), 0.0333287 secs] [Times: user=0.42 sys=0.00, real=0.03 secs] 
2014-04-09T14:19:32.310+0900: 391.959: [GC (Allocation Failure) 391.959: [ParNew: 52561K->18K(59008K), 0.0302904 secs] 10237936K->10185400K(25159296K), 0.0304119 secs] [Times: user=0.38 sys=0.00, real=0.03 secs] 
2014-04-09T14:19:32.430+0900: 392.079: [CMS-concurrent-sweep: 1.516/1.939 secs] [Times: user=8.09 sys=0.05, real=1.94 secs] 
2014-04-09T14:19:32.430+0900: 392.079: [CMS-concurrent-reset-start]
2014-04-09T14:19:32.487+0900: 392.136: [GC (Allocation Failure) 392.136: [ParNew: 52498K->18K(59008K), 0.0312279 secs] 8865417K->8812938K(25159296K), 0.0313505 secs] [Times: user=0.39 sys=0.00, real=0.04 secs] 
2014-04-09T14:19:32.546+0900: 392.195: [CMS-concurrent-reset: 0.084/0.116 secs] [Times: user=0.56 sys=0.00, real=0.11 secs] 
2014-04-09T14:19:34.546+0900: 394.195: [GC (CMS Initial Mark) [1 CMS-initial-mark: 8812919K(25100288K)] 8861261K(25159296K), 0.0092842 secs] [Times: user=0.09 sys=0.00, real=0.01 secs] 
2014-04-09T14:19:34.556+0900: 394.205: [CMS-concurrent-mark-start]
2014-04-09T14:19:35.239+0900: 394.888: [CMS-concurrent-mark: 0.683/0.683 secs] [Times: user=2.72 sys=0.00, real=0.68 secs] 
2014-04-09T14:19:35.239+0900: 394.888: [CMS-concurrent-preclean-start]
2014-04-09T14:19:35.307+0900: 394.956: [CMS-concurrent-preclean: 0.068/0.068 secs] [Times: user=0.07 sys=0.00, real=0.07 secs] 
2014-04-09T14:19:35.307+0900: 394.956: [CMS-concurrent-abortable-preclean-start]
 CMS: abort preclean due to time 2014-04-09T14:19:40.522+0900: 400.171: [CMS-concurrent-abortable-preclean: 2.810/5.214 secs] [Times: user=2.82 sys=0.01, real=5.22 secs] 
2014-04-09T14:19:40.523+0900: 400.172: [GC (CMS Final Remark) [YG occupancy: 48473 K (59008 K)]400.172: [Rescan (parallel) , 0.0211113 secs]400.193: [weak refs processing, 0.0001246 secs]400.193: [class unloading, 0.0416718 secs]400.235: [scrub symbol table, 0.0043177 secs]400.239: [scrub string table, 0.0012179 secs][1 CMS-remark: 8812919K(25100288K)] 8861393K(25159296K), 0.0755062 secs] [Times: user=0.32 sys=0.00, real=0.07 secs] 
2014-04-09T14:19:40.599+0900: 400.248: [CMS-concurrent-sweep-start]
2014-04-09T14:19:42.577+0900: 402.226: [CMS-concurrent-sweep: 1.978/1.978 secs] [Times: user=1.98 sys=0.00, real=1.98 secs] 
2014-04-09T14:19:42.577+0900: 402.226: [CMS-concurrent-reset-start]
2014-04-09T14:19:42.655+0900: 402.304: [CMS-concurrent-reset: 0.078/0.078 secs] [Times: user=0.08 sys=0.00, real=0.08 secs] 
2014-04-09T14:20:01.006+0900: 420.655: [GC (Allocation Failure) 420.655: [ParNew: 52498K->28K(59008K), 0.0323735 secs] 4172112K->4119641K(25159296K), 0.0325827 secs] [Times: user=0.40 sys=0.01, real=0.03 secs] 
Heap
 par new generation   total 59008K, used 3120K [0x00000001c0000000, 0x00000001c4000000, 0x00000001c4000000)
  eden space 52480K,   5% used [0x00000001c0000000, 0x00000001c0305088, 0x00000001c3340000)
  from space 6528K,   0% used [0x00000001c3340000, 0x00000001c3347000, 0x00000001c39a0000)
  to   space 6528K,   0% used [0x00000001c39a0000, 0x00000001c39a0000, 0x00000001c4000000)
 concurrent mark-sweep generation total 25100288K, used 4119613K [0x00000001c4000000, 0x00000007c0000000, 0x00000007c0000000)
 Metaspace       used 37918K, capacity 38810K, committed 38924K, reserved 1083392K
  class space    used 5734K, capacity 5923K, committed 5960K, reserved 1048576K
