Java HotSpot(TM) 64-Bit Server VM (25.0-b70) for linux-amd64 JRE (1.8.0-b132), built on Mar  4 2014 03:07:25 by "java_re" with gcc 4.3.0 20080428 (Red Hat 4.3.0-8)
Memory: 4k page, physical 32865776k(30158672k free), swap 2047992k(2047992k free)
CommandLine flags: -XX:CMSInitiatingOccupancyFraction=30 -XX:InitialHeapSize=25769803776 -XX:MaxHeapSize=25769803776 -XX:MaxNewSize=67108864 -XX:MaxTenuringThreshold=6 -XX:NewSize=67108864 -XX:OldPLABSize=16 -XX:+PrintGC -XX:+PrintGCDateStamps -XX:+PrintGCDetails -XX:+PrintGCTimeStamps -XX:ThreadStackSize=2048 -XX:+UseCompressedClassPointers -XX:+UseCompressedOops -XX:+UseConcMarkSweepGC -XX:+UseParNewGC 
2014-04-09T14:22:33.237+0900: 2.057: [GC (Allocation Failure) 2.057: [ParNew: 52480K->6528K(59008K), 0.0756395 secs] 52480K->8424K(25159296K), 0.0757837 secs] [Times: user=0.67 sys=0.02, real=0.07 secs] 
2014-04-09T14:22:33.315+0900: 2.134: [GC (CMS Initial Mark) [1 CMS-initial-mark: 1896K(25100288K)] 9422K(25159296K), 0.0037444 secs] [Times: user=0.03 sys=0.01, real=0.01 secs] 
2014-04-09T14:22:33.319+0900: 2.138: [CMS-concurrent-mark-start]
2014-04-09T14:22:33.327+0900: 2.147: [CMS-concurrent-mark: 0.008/0.008 secs] [Times: user=0.06 sys=0.00, real=0.01 secs] 
2014-04-09T14:22:33.327+0900: 2.147: [CMS-concurrent-preclean-start]
2014-04-09T14:22:33.449+0900: 2.269: [CMS-concurrent-preclean: 0.122/0.122 secs] [Times: user=0.60 sys=0.03, real=0.12 secs] 
2014-04-09T14:22:33.449+0900: 2.269: [CMS-concurrent-abortable-preclean-start]
2014-04-09T14:22:33.569+0900: 2.389: [CMS-concurrent-abortable-preclean: 0.119/0.120 secs] [Times: user=0.24 sys=0.01, real=0.12 secs] 
2014-04-09T14:22:33.569+0900: 2.389: [GC (CMS Final Remark) [YG occupancy: 34109 K (59008 K)]2.389: [Rescan (parallel) , 0.0139477 secs]2.403: [weak refs processing, 0.0000378 secs]2.403: [class unloading, 0.0208731 secs]2.424: [scrub symbol table, 0.0027000 secs]2.427: [scrub string table, 0.0008842 secs][1 CMS-remark: 1896K(25100288K)] 36006K(25159296K), 0.0430069 secs] [Times: user=0.20 sys=0.00, real=0.04 secs] 
2014-04-09T14:22:33.613+0900: 2.432: [CMS-concurrent-sweep-start]
2014-04-09T14:22:33.627+0900: 2.447: [CMS-concurrent-sweep: 0.015/0.015 secs] [Times: user=0.04 sys=0.00, real=0.02 secs] 
2014-04-09T14:22:33.628+0900: 2.447: [CMS-concurrent-reset-start]
2014-04-09T14:22:33.741+0900: 2.561: [CMS-concurrent-reset: 0.113/0.113 secs] [Times: user=0.30 sys=0.09, real=0.11 secs] 
2014-04-09T14:22:34.331+0900: 3.150: [GC (Allocation Failure) 3.150: [ParNew: 59008K->6528K(59008K), 0.0648331 secs] 60645K->18100K(25159296K), 0.0649409 secs] [Times: user=0.68 sys=0.00, real=0.06 secs] 
2014-04-09T14:22:38.554+0900: 7.373: [GC (Allocation Failure) 7.373: [ParNew: 59008K->6528K(59008K), 0.0587222 secs] 70580K->21559K(25159296K), 0.0588820 secs] [Times: user=0.70 sys=0.00, real=0.06 secs] 
2014-04-09T14:22:39.825+0900: 8.645: [GC (Allocation Failure) 8.645: [ParNew: 58974K->6528K(59008K), 0.0713555 secs] 74005K->30140K(25159296K), 0.0716128 secs] [Times: user=0.83 sys=0.01, real=0.07 secs] 
2014-04-09T14:22:40.512+0900: 9.331: [GC (Allocation Failure) 9.331: [ParNew: 59008K->6528K(59008K), 0.0642801 secs] 82620K->37230K(25159296K), 0.0645794 secs] [Times: user=0.77 sys=0.00, real=0.06 secs] 
2014-04-09T14:22:40.799+0900: 9.619: [GC (Allocation Failure) 9.619: [ParNew: 59008K->6528K(59008K), 0.0775385 secs] 89710K->44394K(25159296K), 0.0778710 secs] [Times: user=1.05 sys=0.03, real=0.07 secs] 
2014-04-09T14:22:40.995+0900: 9.814: [GC (Allocation Failure) 9.815: [ParNew: 59008K->6528K(59008K), 0.0700310 secs] 96874K->50745K(25159296K), 0.0703485 secs] [Times: user=0.93 sys=0.01, real=0.07 secs] 
2014-04-09T14:22:41.181+0900: 10.000: [GC (Allocation Failure) 10.001: [ParNew: 59008K->6528K(59008K), 0.0767956 secs] 103225K->59657K(25159296K), 0.0771193 secs] [Times: user=0.90 sys=0.01, real=0.08 secs] 
2014-04-09T14:22:41.383+0900: 10.202: [GC (Allocation Failure) 10.202: [ParNew: 59008K->6528K(59008K), 0.0873873 secs] 112137K->70118K(25159296K), 0.0877196 secs] [Times: user=1.12 sys=0.02, real=0.09 secs] 
2014-04-09T14:22:41.581+0900: 10.401: [GC (Allocation Failure) 10.401: [ParNew: 59008K->6528K(59008K), 0.0999935 secs] 122598K->82466K(25159296K), 0.1003476 secs] [Times: user=1.26 sys=0.02, real=0.10 secs] 
2014-04-09T14:22:41.787+0900: 10.607: [GC (Allocation Failure) 10.607: [ParNew: 59007K->6528K(59008K), 0.0884978 secs] 134945K->92959K(25159296K), 0.0888942 secs] [Times: user=1.23 sys=0.02, real=0.09 secs] 
2014-04-09T14:22:41.989+0900: 10.809: [GC (Allocation Failure) 10.809: [ParNew: 58892K->6528K(59008K), 0.1086303 secs] 145323K->104120K(25159296K), 0.1089702 secs] [Times: user=1.47 sys=0.01, real=0.11 secs] 
2014-04-09T14:22:42.204+0900: 11.023: [GC (Allocation Failure) 11.024: [ParNew: 59008K->6528K(59008K), 0.0899564 secs] 156600K->114702K(25159296K), 0.0902911 secs] [Times: user=1.18 sys=0.02, real=0.09 secs] 
2014-04-09T14:22:42.390+0900: 11.210: [GC (Allocation Failure) 11.210: [ParNew: 59008K->6528K(59008K), 0.0774185 secs] 167182K->127168K(25159296K), 0.0777628 secs] [Times: user=1.01 sys=0.01, real=0.08 secs] 
2014-04-09T14:22:42.574+0900: 11.394: [GC (Allocation Failure) 11.394: [ParNew: 59008K->6528K(59008K), 0.1222594 secs] 179648K->139351K(25159296K), 0.1226655 secs] [Times: user=1.59 sys=0.01, real=0.12 secs] 
2014-04-09T14:22:42.786+0900: 11.605: [GC (Allocation Failure) 11.606: [ParNew: 59008K->6528K(59008K), 0.1095713 secs] 191831K->153591K(25159296K), 0.1099396 secs] [Times: user=1.36 sys=0.01, real=0.11 secs] 
2014-04-09T14:22:42.968+0900: 11.788: [GC (Allocation Failure) 11.788: [ParNew: 59007K->6528K(59008K), 0.1182827 secs] 206070K->167010K(25159296K), 0.1186806 secs] [Times: user=1.47 sys=0.02, real=0.11 secs] 
2014-04-09T14:22:43.155+0900: 11.975: [GC (Allocation Failure) 11.975: [ParNew: 59008K->6528K(59008K), 0.0928812 secs] 219490K->181933K(25159296K), 0.0932279 secs] [Times: user=1.07 sys=0.01, real=0.10 secs] 
2014-04-09T14:22:43.314+0900: 12.134: [GC (Allocation Failure) 12.134: [ParNew: 59008K->6528K(59008K), 0.1032495 secs] 234413K->196659K(25159296K), 0.1036586 secs] [Times: user=1.28 sys=0.02, real=0.11 secs] 
2014-04-09T14:22:43.498+0900: 12.318: [GC (Allocation Failure) 12.318: [ParNew: 59008K->6528K(59008K), 0.1083256 secs] 249139K->212354K(25159296K), 0.1087455 secs] [Times: user=1.33 sys=0.02, real=0.10 secs] 
2014-04-09T14:22:43.660+0900: 12.480: [GC (Allocation Failure) 12.480: [ParNew: 59008K->6528K(59008K), 0.1310559 secs] 264834K->227796K(25159296K), 0.1314647 secs] [Times: user=1.66 sys=0.03, real=0.13 secs] 
2014-04-09T14:22:43.863+0900: 12.683: [GC (Allocation Failure) 12.683: [ParNew: 59008K->6528K(59008K), 0.0773724 secs] 280276K->241425K(25159296K), 0.0777326 secs] [Times: user=1.02 sys=0.02, real=0.08 secs] 
2014-04-09T14:22:43.999+0900: 12.818: [GC (Allocation Failure) 12.819: [ParNew: 59008K->6528K(59008K), 0.0958073 secs] 293905K->255796K(25159296K), 0.0962117 secs] [Times: user=1.22 sys=0.02, real=0.09 secs] 
2014-04-09T14:22:44.153+0900: 12.972: [GC (Allocation Failure) 12.973: [ParNew: 59008K->6528K(59008K), 0.1079713 secs] 308276K->271437K(25159296K), 0.1083514 secs] [Times: user=1.39 sys=0.01, real=0.11 secs] 
2014-04-09T14:22:44.316+0900: 13.136: [GC (Allocation Failure) 13.136: [ParNew: 59008K->6528K(59008K), 0.0972126 secs] 323917K->285433K(25159296K), 0.0975621 secs] [Times: user=1.27 sys=0.02, real=0.10 secs] 
2014-04-09T14:22:44.469+0900: 13.289: [GC (Allocation Failure) 13.289: [ParNew: 59008K->6528K(59008K), 0.1027026 secs] 337913K->301494K(25159296K), 0.1030554 secs] [Times: user=1.24 sys=0.01, real=0.10 secs] 
2014-04-09T14:22:44.616+0900: 13.436: [GC (Allocation Failure) 13.436: [ParNew: 59008K->6528K(59008K), 0.0825182 secs] 353974K->317110K(25159296K), 0.0828690 secs] [Times: user=1.09 sys=0.02, real=0.09 secs] 
2014-04-09T14:22:44.746+0900: 13.566: [GC (Allocation Failure) 13.566: [ParNew: 59008K->6528K(59008K), 0.0725948 secs] 369590K->331136K(25159296K), 0.0729739 secs] [Times: user=0.79 sys=0.01, real=0.08 secs] 
2014-04-09T14:22:44.872+0900: 13.691: [GC (Allocation Failure) 13.692: [ParNew: 59008K->6528K(59008K), 0.0817782 secs] 383616K->346167K(25159296K), 0.0821308 secs] [Times: user=1.10 sys=0.01, real=0.08 secs] 
2014-04-09T14:22:44.999+0900: 13.819: [GC (Allocation Failure) 13.819: [ParNew: 59008K->6528K(59008K), 0.0712110 secs] 398647K->360831K(25159296K), 0.0715666 secs] [Times: user=0.84 sys=0.03, real=0.07 secs] 
2014-04-09T14:22:45.120+0900: 13.940: [GC (Allocation Failure) 13.940: [ParNew: 59008K->6528K(59008K), 0.0973542 secs] 413311K->375717K(25159296K), 0.0977120 secs] [Times: user=1.31 sys=0.02, real=0.09 secs] 
2014-04-09T14:22:45.263+0900: 14.082: [GC (Allocation Failure) 14.082: [ParNew: 59008K->6528K(59008K), 0.0903466 secs] 428197K->389643K(25159296K), 0.0907001 secs] [Times: user=0.93 sys=0.01, real=0.09 secs] 
2014-04-09T14:22:45.400+0900: 14.219: [GC (Allocation Failure) 14.220: [ParNew: 59008K->6528K(59008K), 0.0906234 secs] 442123K->404553K(25159296K), 0.0909801 secs] [Times: user=1.11 sys=0.02, real=0.09 secs] 
2014-04-09T14:22:45.537+0900: 14.357: [GC (Allocation Failure) 14.357: [ParNew: 59008K->6528K(59008K), 0.1031433 secs] 457033K->419679K(25159296K), 0.1035887 secs] [Times: user=0.98 sys=0.02, real=0.11 secs] 
2014-04-09T14:22:45.692+0900: 14.511: [GC (Allocation Failure) 14.512: [ParNew: 59008K->6528K(59008K), 0.0859578 secs] 472159K->435531K(25159296K), 0.0863706 secs] [Times: user=0.99 sys=0.02, real=0.08 secs] 
2014-04-09T14:22:45.825+0900: 14.644: [GC (Allocation Failure) 14.644: [ParNew: 58849K->6528K(59008K), 0.0734482 secs] 487852K->450320K(25159296K), 0.0738063 secs] [Times: user=0.96 sys=0.00, real=0.08 secs] 
2014-04-09T14:22:45.945+0900: 14.765: [GC (Allocation Failure) 14.765: [ParNew: 59008K->6528K(59008K), 0.0993158 secs] 502800K->464565K(25159296K), 0.0997362 secs] [Times: user=1.21 sys=0.02, real=0.10 secs] 
2014-04-09T14:22:46.087+0900: 14.907: [GC (Allocation Failure) 14.907: [ParNew: 59008K->6528K(59008K), 0.0905865 secs] 517045K->479147K(25159296K), 0.0909425 secs] [Times: user=1.16 sys=0.02, real=0.09 secs] 
2014-04-09T14:22:46.220+0900: 15.040: [GC (Allocation Failure) 15.040: [ParNew: 59008K->6528K(59008K), 0.0835335 secs] 531627K->493624K(25159296K), 0.0838900 secs] [Times: user=1.02 sys=0.02, real=0.08 secs] 
2014-04-09T14:22:46.361+0900: 15.181: [GC (Allocation Failure) 15.181: [ParNew: 59008K->6528K(59008K), 0.0710317 secs] 546104K->504095K(25159296K), 0.0713926 secs] [Times: user=1.04 sys=0.01, real=0.07 secs] 
2014-04-09T14:22:46.485+0900: 15.304: [GC (Allocation Failure) 15.305: [ParNew: 59008K->6528K(59008K), 0.0654292 secs] 556575K->512607K(25159296K), 0.0657852 secs] [Times: user=0.84 sys=0.01, real=0.07 secs] 
2014-04-09T14:22:46.603+0900: 15.422: [GC (Allocation Failure) 15.422: [ParNew: 59008K->6528K(59008K), 0.0752570 secs] 565087K->521356K(25159296K), 0.0756638 secs] [Times: user=1.01 sys=0.01, real=0.07 secs] 
2014-04-09T14:22:46.721+0900: 15.541: [GC (Allocation Failure) 15.541: [ParNew: 59008K->6528K(59008K), 0.0725712 secs] 573836K->529325K(25159296K), 0.0729267 secs] [Times: user=0.93 sys=0.00, real=0.07 secs] 
2014-04-09T14:22:46.839+0900: 15.658: [GC (Allocation Failure) 15.659: [ParNew: 59008K->6528K(59008K), 0.0695560 secs] 581805K->538349K(25159296K), 0.0700014 secs] [Times: user=0.85 sys=0.01, real=0.07 secs] 
2014-04-09T14:22:46.952+0900: 15.772: [GC (Allocation Failure) 15.772: [ParNew: 59008K->6528K(59008K), 0.0659122 secs] 590829K->547554K(25159296K), 0.0662690 secs] [Times: user=0.80 sys=0.02, real=0.07 secs] 
2014-04-09T14:22:47.060+0900: 15.880: [GC (Allocation Failure) 15.880: [ParNew: 59008K->6528K(59008K), 0.0713495 secs] 600034K->555776K(25159296K), 0.0717095 secs] [Times: user=0.85 sys=0.01, real=0.07 secs] 
2014-04-09T14:22:47.182+0900: 16.001: [GC (Allocation Failure) 16.001: [ParNew: 59008K->6528K(59008K), 0.0651197 secs] 608256K->564884K(25159296K), 0.0654691 secs] [Times: user=0.75 sys=0.01, real=0.06 secs] 
2014-04-09T14:22:47.291+0900: 16.110: [GC (Allocation Failure) 16.111: [ParNew: 59008K->6528K(59008K), 0.0734438 secs] 617364K->573329K(25159296K), 0.0737963 secs] [Times: user=0.91 sys=0.01, real=0.07 secs] 
2014-04-09T14:22:47.407+0900: 16.227: [GC (Allocation Failure) 16.227: [ParNew: 59008K->6528K(59008K), 0.0654074 secs] 625809K->581867K(25159296K), 0.0657693 secs] [Times: user=0.76 sys=0.01, real=0.07 secs] 
2014-04-09T14:22:47.513+0900: 16.333: [GC (Allocation Failure) 16.333: [ParNew: 59008K->6528K(59008K), 0.0661001 secs] 634347K->591256K(25159296K), 0.0664619 secs] [Times: user=0.76 sys=0.02, real=0.07 secs] 
2014-04-09T14:22:47.625+0900: 16.445: [GC (Allocation Failure) 16.445: [ParNew: 59008K->6528K(59008K), 0.0609535 secs] 643736K->599828K(25159296K), 0.0613043 secs] [Times: user=0.70 sys=0.01, real=0.06 secs] 
2014-04-09T14:22:47.734+0900: 16.554: [GC (Allocation Failure) 16.554: [ParNew: 59008K->6528K(59008K), 0.0653123 secs] 652308K->608162K(25159296K), 0.0656702 secs] [Times: user=0.75 sys=0.01, real=0.07 secs] 
2014-04-09T14:22:47.845+0900: 16.665: [GC (Allocation Failure) 16.665: [ParNew: 59007K->6528K(59008K), 0.0757673 secs] 660642K->616889K(25159296K), 0.0761243 secs] [Times: user=0.97 sys=0.01, real=0.08 secs] 
2014-04-09T14:22:47.968+0900: 16.788: [GC (Allocation Failure) 16.788: [ParNew: 59008K->6528K(59008K), 0.0665749 secs] 669369K->626046K(25159296K), 0.0669279 secs] [Times: user=0.76 sys=0.02, real=0.06 secs] 
2014-04-09T14:22:48.082+0900: 16.902: [GC (Allocation Failure) 16.902: [ParNew: 59008K->6528K(59008K), 0.0734637 secs] 678526K->634631K(25159296K), 0.0738155 secs] [Times: user=0.86 sys=0.01, real=0.07 secs] 
2014-04-09T14:22:48.199+0900: 17.019: [GC (Allocation Failure) 17.019: [ParNew: 59008K->6528K(59008K), 0.0609297 secs] 687111K->643523K(25159296K), 0.0612889 secs] [Times: user=0.70 sys=0.01, real=0.06 secs] 
2014-04-09T14:22:48.300+0900: 17.119: [GC (Allocation Failure) 17.119: [ParNew: 59008K->6528K(59008K), 0.0703596 secs] 696003K->652038K(25159296K), 0.0707164 secs] [Times: user=0.81 sys=0.02, real=0.07 secs] 
2014-04-09T14:22:48.410+0900: 17.230: [GC (Allocation Failure) 17.230: [ParNew: 59008K->6528K(59008K), 0.0670615 secs] 704518K->661591K(25159296K), 0.0674257 secs] [Times: user=0.78 sys=0.01, real=0.06 secs] 
2014-04-09T14:22:48.518+0900: 17.337: [GC (Allocation Failure) 17.338: [ParNew: 59008K->6528K(59008K), 0.0733089 secs] 714071K->671484K(25159296K), 0.0736707 secs] [Times: user=0.87 sys=0.01, real=0.08 secs] 
2014-04-09T14:22:48.639+0900: 17.459: [GC (Allocation Failure) 17.459: [ParNew: 59008K->6528K(59008K), 0.0756714 secs] 723964K->679848K(25159296K), 0.0760473 secs] [Times: user=0.89 sys=0.01, real=0.07 secs] 
2014-04-09T14:22:48.757+0900: 17.577: [GC (Allocation Failure) 17.577: [ParNew: 59008K->6528K(59008K), 0.0706043 secs] 732328K->688253K(25159296K), 0.0709684 secs] [Times: user=0.83 sys=0.01, real=0.08 secs] 
2014-04-09T14:22:48.873+0900: 17.693: [GC (Allocation Failure) 17.693: [ParNew: 59008K->6528K(59008K), 0.0727460 secs] 740733K->697013K(25159296K), 0.0731589 secs] [Times: user=0.88 sys=0.00, real=0.07 secs] 
2014-04-09T14:22:48.986+0900: 17.806: [GC (Allocation Failure) 17.806: [ParNew: 59008K->6528K(59008K), 0.0709032 secs] 749493K->705947K(25159296K), 0.0712723 secs] [Times: user=0.83 sys=0.01, real=0.07 secs] 
2014-04-09T14:22:49.099+0900: 17.919: [GC (Allocation Failure) 17.919: [ParNew: 59008K->6528K(59008K), 0.0635474 secs] 758427K->714088K(25159296K), 0.0639071 secs] [Times: user=0.74 sys=0.02, real=0.06 secs] 
2014-04-09T14:22:49.203+0900: 18.022: [GC (Allocation Failure) 18.023: [ParNew: 59008K->6528K(59008K), 0.0612148 secs] 766568K->722444K(25159296K), 0.0615756 secs] [Times: user=0.73 sys=0.01, real=0.06 secs] 
2014-04-09T14:22:49.304+0900: 18.124: [GC (Allocation Failure) 18.124: [ParNew: 59008K->6528K(59008K), 0.0669855 secs] 774924K->731150K(25159296K), 0.0673408 secs] [Times: user=0.79 sys=0.01, real=0.07 secs] 
2014-04-09T14:22:49.410+0900: 18.230: [GC (Allocation Failure) 18.230: [ParNew: 59008K->6528K(59008K), 0.0657958 secs] 783630K->739846K(25159296K), 0.0661531 secs] [Times: user=0.77 sys=0.01, real=0.06 secs] 
2014-04-09T14:22:49.516+0900: 18.335: [GC (Allocation Failure) 18.336: [ParNew: 59008K->6528K(59008K), 0.0725480 secs] 792326K->749008K(25159296K), 0.0729034 secs] [Times: user=0.86 sys=0.01, real=0.08 secs] 
2014-04-09T14:22:49.628+0900: 18.448: [GC (Allocation Failure) 18.448: [ParNew: 59008K->6526K(59008K), 0.0604714 secs] 801488K->757109K(25159296K), 0.0608286 secs] [Times: user=0.71 sys=0.01, real=0.07 secs] 
2014-04-09T14:22:49.729+0900: 18.549: [GC (Allocation Failure) 18.549: [ParNew: 59006K->6528K(59008K), 0.0651368 secs] 809589K->766029K(25159296K), 0.0654912 secs] [Times: user=0.77 sys=0.00, real=0.06 secs] 
2014-04-09T14:22:49.838+0900: 18.658: [GC (Allocation Failure) 18.658: [ParNew: 59008K->6528K(59008K), 0.0674862 secs] 818509K->774662K(25159296K), 0.0678467 secs] [Times: user=0.80 sys=0.00, real=0.07 secs] 
2014-04-09T14:22:49.945+0900: 18.764: [GC (Allocation Failure) 18.765: [ParNew: 59008K->6528K(59008K), 0.0673672 secs] 827142K->782636K(25159296K), 0.0677281 secs] [Times: user=0.73 sys=0.00, real=0.07 secs] 
2014-04-09T14:22:50.051+0900: 18.871: [GC (Allocation Failure) 18.871: [ParNew: 59008K->6528K(59008K), 0.0655150 secs] 835116K->792408K(25159296K), 0.0658766 secs] [Times: user=0.75 sys=0.02, real=0.06 secs] 
2014-04-09T14:22:50.160+0900: 18.980: [GC (Allocation Failure) 18.980: [ParNew: 59008K->6528K(59008K), 0.0641652 secs] 844888K->800703K(25159296K), 0.0645287 secs] [Times: user=0.75 sys=0.01, real=0.06 secs] 
2014-04-09T14:22:50.264+0900: 19.084: [GC (Allocation Failure) 19.084: [ParNew: 59008K->6528K(59008K), 0.0705782 secs] 853183K->809850K(25159296K), 0.0709401 secs] [Times: user=0.85 sys=0.02, real=0.07 secs] 
2014-04-09T14:22:50.375+0900: 19.195: [GC (Allocation Failure) 19.195: [ParNew: 59008K->6528K(59008K), 0.0661381 secs] 862330K->817663K(25159296K), 0.0665048 secs] [Times: user=0.78 sys=0.01, real=0.07 secs] 
2014-04-09T14:22:50.480+0900: 19.300: [GC (Allocation Failure) 19.300: [ParNew: 59008K->6528K(59008K), 0.0698080 secs] 870143K->827288K(25159296K), 0.0701756 secs] [Times: user=0.82 sys=0.01, real=0.07 secs] 
2014-04-09T14:22:50.590+0900: 19.409: [GC (Allocation Failure) 19.410: [ParNew: 59008K->6528K(59008K), 0.0643213 secs] 879768K->836046K(25159296K), 0.0646760 secs] [Times: user=0.76 sys=0.01, real=0.06 secs] 
2014-04-09T14:22:50.694+0900: 19.514: [GC (Allocation Failure) 19.514: [ParNew: 59008K->6528K(59008K), 0.0736015 secs] 888526K->844646K(25159296K), 0.0739541 secs] [Times: user=0.87 sys=0.01, real=0.07 secs] 
2014-04-09T14:22:50.809+0900: 19.629: [GC (Allocation Failure) 19.629: [ParNew: 59008K->6528K(59008K), 0.0722668 secs] 897126K->852538K(25159296K), 0.0726194 secs] [Times: user=0.85 sys=0.01, real=0.08 secs] 
2014-04-09T14:22:50.921+0900: 19.741: [GC (Allocation Failure) 19.741: [ParNew: 59008K->6528K(59008K), 0.0624478 secs] 905018K->862000K(25159296K), 0.0628025 secs] [Times: user=0.72 sys=0.01, real=0.06 secs] 
2014-04-09T14:22:51.022+0900: 19.841: [GC (Allocation Failure) 19.842: [ParNew: 59008K->6528K(59008K), 0.0621817 secs] 914480K->870877K(25159296K), 0.0625366 secs] [Times: user=0.72 sys=0.01, real=0.06 secs] 
2014-04-09T14:22:51.123+0900: 19.943: [GC (Allocation Failure) 19.943: [ParNew: 59008K->6528K(59008K), 0.0710014 secs] 923357K->879517K(25159296K), 0.0713579 secs] [Times: user=0.76 sys=0.02, real=0.07 secs] 
2014-04-09T14:22:51.238+0900: 20.058: [GC (Allocation Failure) 20.058: [ParNew: 59008K->6528K(59008K), 0.0611235 secs] 931997K->888132K(25159296K), 0.0614790 secs] [Times: user=0.71 sys=0.01, real=0.07 secs] 
2014-04-09T14:22:51.338+0900: 20.158: [GC (Allocation Failure) 20.158: [ParNew: 59008K->6528K(59008K), 0.0681632 secs] 940612K->897351K(25159296K), 0.0685257 secs] [Times: user=0.80 sys=0.01, real=0.07 secs] 
2014-04-09T14:22:51.446+0900: 20.265: [GC (Allocation Failure) 20.266: [ParNew: 59008K->6528K(59008K), 0.0597257 secs] 949831K->905410K(25159296K), 0.0600828 secs] [Times: user=0.69 sys=0.01, real=0.06 secs] 
2014-04-09T14:22:51.544+0900: 20.364: [GC (Allocation Failure) 20.364: [ParNew: 59008K->6527K(59008K), 0.0737869 secs] 957890K->914784K(25159296K), 0.0741510 secs] [Times: user=0.86 sys=0.02, real=0.07 secs] 
2014-04-09T14:22:51.655+0900: 20.475: [GC (Allocation Failure) 20.475: [ParNew: 59007K->6528K(59008K), 0.0726515 secs] 967264K->923395K(25159296K), 0.0730329 secs] [Times: user=0.86 sys=0.01, real=0.07 secs] 
2014-04-09T14:22:51.768+0900: 20.588: [GC (Allocation Failure) 20.588: [ParNew: 59008K->6528K(59008K), 0.0692590 secs] 975875K->931542K(25159296K), 0.0696227 secs] [Times: user=0.82 sys=0.01, real=0.07 secs] 
2014-04-09T14:22:51.875+0900: 20.695: [GC (Allocation Failure) 20.695: [ParNew: 59008K->6528K(59008K), 0.0709014 secs] 984022K->940400K(25159296K), 0.0712582 secs] [Times: user=0.83 sys=0.02, real=0.07 secs] 
2014-04-09T14:22:51.985+0900: 20.804: [GC (Allocation Failure) 20.805: [ParNew: 59008K->6528K(59008K), 0.0702357 secs] 992880K->948655K(25159296K), 0.0705883 secs] [Times: user=0.83 sys=0.01, real=0.07 secs] 
2014-04-09T14:22:52.093+0900: 20.913: [GC (Allocation Failure) 20.913: [ParNew: 59008K->6528K(59008K), 0.0612257 secs] 1001135K->957391K(25159296K), 0.0615886 secs] [Times: user=0.72 sys=0.01, real=0.06 secs] 
2014-04-09T14:22:52.192+0900: 21.012: [GC (Allocation Failure) 21.012: [ParNew: 59008K->6528K(59008K), 0.0683711 secs] 1009871K->966291K(25159296K), 0.0687342 secs] [Times: user=0.80 sys=0.01, real=0.07 secs] 
2014-04-09T14:22:52.299+0900: 21.119: [GC (Allocation Failure) 21.119: [ParNew: 59008K->6528K(59008K), 0.0676889 secs] 1018771K->974594K(25159296K), 0.0680461 secs] [Times: user=0.78 sys=0.01, real=0.06 secs] 
2014-04-09T14:22:52.410+0900: 21.230: [GC (Allocation Failure) 21.230: [ParNew: 59008K->6528K(59008K), 0.0588630 secs] 1027074K->984072K(25159296K), 0.0592235 secs] [Times: user=0.68 sys=0.00, real=0.06 secs] 
2014-04-09T14:22:52.512+0900: 21.332: [GC (Allocation Failure) 21.332: [ParNew: 59008K->6528K(59008K), 0.0686202 secs] 1036552K->991955K(25159296K), 0.0689708 secs] [Times: user=0.81 sys=0.01, real=0.07 secs] 
2014-04-09T14:22:52.624+0900: 21.444: [GC (Allocation Failure) 21.444: [ParNew: 59008K->6528K(59008K), 0.0714904 secs] 1044435K->1001229K(25159296K), 0.0718432 secs] [Times: user=0.84 sys=0.01, real=0.07 secs] 
2014-04-09T14:22:52.733+0900: 21.552: [GC (Allocation Failure) 21.553: [ParNew: 59008K->6528K(59008K), 0.0620768 secs] 1053709K->1009358K(25159296K), 0.0624317 secs] [Times: user=0.72 sys=0.01, real=0.06 secs] 
2014-04-09T14:22:52.832+0900: 21.652: [GC (Allocation Failure) 21.652: [ParNew: 59008K->6528K(59008K), 0.0704223 secs] 1061838K->1018513K(25159296K), 0.0707857 secs] [Times: user=0.82 sys=0.01, real=0.07 secs] 
2014-04-09T14:22:52.941+0900: 21.761: [GC (Allocation Failure) 21.761: [ParNew: 59008K->6528K(59008K), 0.0653798 secs] 1070993K->1028740K(25159296K), 0.0657479 secs] [Times: user=0.77 sys=0.00, real=0.06 secs] 
2014-04-09T14:22:53.048+0900: 21.867: [GC (Allocation Failure) 21.867: [ParNew: 59008K->6528K(59008K), 0.0595328 secs] 1081220K->1038150K(25159296K), 0.0598995 secs] [Times: user=0.69 sys=0.02, real=0.06 secs] 
2014-04-09T14:22:53.148+0900: 21.968: [GC (Allocation Failure) 21.968: [ParNew: 59008K->6528K(59008K), 0.0637835 secs] 1090630K->1046731K(25159296K), 0.0641401 secs] [Times: user=0.78 sys=0.00, real=0.07 secs] 
2014-04-09T14:22:53.252+0900: 22.072: [GC (Allocation Failure) 22.072: [ParNew: 59008K->6528K(59008K), 0.0649849 secs] 1099211K->1055908K(25159296K), 0.0653419 secs] [Times: user=0.76 sys=0.01, real=0.06 secs] 
2014-04-09T14:22:53.355+0900: 22.175: [GC (Allocation Failure) 22.175: [ParNew: 59008K->6528K(59008K), 0.0592677 secs] 1108388K->1065023K(25159296K), 0.0596343 secs] [Times: user=0.68 sys=0.01, real=0.06 secs] 
2014-04-09T14:22:53.452+0900: 22.272: [GC (Allocation Failure) 22.272: [ParNew: 59008K->6528K(59008K), 0.0624943 secs] 1117503K->1073863K(25159296K), 0.0628495 secs] [Times: user=0.72 sys=0.02, real=0.06 secs] 
2014-04-09T14:22:53.554+0900: 22.374: [GC (Allocation Failure) 22.374: [ParNew: 59008K->6528K(59008K), 0.0675808 secs] 1126343K->1081959K(25159296K), 0.0679466 secs] [Times: user=0.79 sys=0.01, real=0.07 secs] 
2014-04-09T14:22:53.661+0900: 22.481: [GC (Allocation Failure) 22.481: [ParNew: 59008K->6528K(59008K), 0.0614839 secs] 1134439K->1090678K(25159296K), 0.0618488 secs] [Times: user=0.69 sys=0.01, real=0.06 secs] 
2014-04-09T14:22:53.762+0900: 22.582: [GC (Allocation Failure) 22.582: [ParNew: 59008K->6528K(59008K), 0.0648281 secs] 1143158K->1099869K(25159296K), 0.0651863 secs] [Times: user=0.76 sys=0.00, real=0.06 secs] 
2014-04-09T14:22:53.865+0900: 22.685: [GC (Allocation Failure) 22.685: [ParNew: 59008K->6528K(59008K), 0.0635868 secs] 1152349K->1108287K(25159296K), 0.0639500 secs] [Times: user=0.75 sys=0.01, real=0.07 secs] 
2014-04-09T14:22:53.970+0900: 22.789: [GC (Allocation Failure) 22.789: [ParNew: 59008K->6528K(59008K), 0.0667983 secs] 1160767K->1117154K(25159296K), 0.0671567 secs] [Times: user=0.78 sys=0.01, real=0.06 secs] 
2014-04-09T14:22:54.077+0900: 22.897: [GC (Allocation Failure) 22.897: [ParNew: 59008K->6528K(59008K), 0.0558026 secs] 1169634K->1125756K(25159296K), 0.0561619 secs] [Times: user=0.63 sys=0.01, real=0.06 secs] 
2014-04-09T14:22:54.174+0900: 22.994: [GC (Allocation Failure) 22.994: [ParNew: 59008K->6528K(59008K), 0.0707568 secs] 1178236K->1135263K(25159296K), 0.0711266 secs] [Times: user=0.83 sys=0.01, real=0.07 secs] 
2014-04-09T14:22:54.289+0900: 23.109: [GC (Allocation Failure) 23.109: [ParNew: 59008K->6528K(59008K), 0.0575630 secs] 1187743K->1143852K(25159296K), 0.0579191 secs] [Times: user=0.66 sys=0.01, real=0.06 secs] 
2014-04-09T14:22:54.395+0900: 23.215: [GC (Allocation Failure) 23.215: [ParNew: 59008K->6528K(59008K), 0.0563106 secs] 1196332K->1152044K(25159296K), 0.0566717 secs] [Times: user=0.65 sys=0.01, real=0.06 secs] 
2014-04-09T14:22:54.492+0900: 23.312: [GC (Allocation Failure) 23.312: [ParNew: 59007K->6528K(59008K), 0.0663701 secs] 1204524K->1161446K(25159296K), 0.0667364 secs] [Times: user=0.77 sys=0.02, real=0.06 secs] 
2014-04-09T14:22:54.598+0900: 23.417: [GC (Allocation Failure) 23.417: [ParNew: 59008K->6528K(59008K), 0.0624676 secs] 1213926K->1170024K(25159296K), 0.0628256 secs] [Times: user=0.71 sys=0.00, real=0.07 secs] 
2014-04-09T14:22:54.700+0900: 23.520: [GC (Allocation Failure) 23.520: [ParNew: 59008K->6528K(59008K), 0.0586142 secs] 1222504K->1178822K(25159296K), 0.0589792 secs] [Times: user=0.68 sys=0.00, real=0.06 secs] 
2014-04-09T14:22:54.798+0900: 23.618: [GC (Allocation Failure) 23.618: [ParNew: 59008K->6528K(59008K), 0.0610546 secs] 1231302K->1188135K(25159296K), 0.0614122 secs] [Times: user=0.70 sys=0.01, real=0.06 secs] 
2014-04-09T14:22:54.902+0900: 23.722: [GC (Allocation Failure) 23.722: [ParNew: 59008K->6528K(59008K), 0.0632966 secs] 1240615K->1196832K(25159296K), 0.0636548 secs] [Times: user=0.75 sys=0.00, real=0.06 secs] 
2014-04-09T14:22:55.009+0900: 23.829: [GC (Allocation Failure) 23.829: [ParNew: 59008K->6528K(59008K), 0.0620633 secs] 1249312K->1204897K(25159296K), 0.0624244 secs] [Times: user=0.81 sys=0.01, real=0.07 secs] 
2014-04-09T14:22:55.114+0900: 23.934: [GC (Allocation Failure) 23.934: [ParNew: 59008K->6528K(59008K), 0.0722704 secs] 1257377K->1213881K(25159296K), 0.0726254 secs] [Times: user=0.86 sys=0.01, real=0.07 secs] 
2014-04-09T14:22:55.230+0900: 24.050: [GC (Allocation Failure) 24.050: [ParNew: 59008K->6528K(59008K), 0.0643182 secs] 1266361K->1223931K(25159296K), 0.0646730 secs] [Times: user=0.74 sys=0.01, real=0.06 secs] 
2014-04-09T14:22:55.339+0900: 24.159: [GC (Allocation Failure) 24.159: [ParNew: 59007K->6528K(59008K), 0.0555188 secs] 1276411K->1232793K(25159296K), 0.0558696 secs] [Times: user=0.64 sys=0.01, real=0.06 secs] 
2014-04-09T14:22:55.436+0900: 24.256: [GC (Allocation Failure) 24.256: [ParNew: 59008K->6528K(59008K), 0.0585509 secs] 1285273K->1241894K(25159296K), 0.0589122 secs] [Times: user=0.67 sys=0.01, real=0.06 secs] 
2014-04-09T14:22:55.541+0900: 24.361: [GC (Allocation Failure) 24.361: [ParNew: 59008K->6528K(59008K), 0.0652542 secs] 1294374K->1250512K(25159296K), 0.0656085 secs] [Times: user=0.75 sys=0.01, real=0.06 secs] 
2014-04-09T14:22:55.647+0900: 24.467: [GC (Allocation Failure) 24.467: [ParNew: 59008K->6528K(59008K), 0.0589617 secs] 1302992K->1259332K(25159296K), 0.0593199 secs] [Times: user=0.68 sys=0.00, real=0.06 secs] 
2014-04-09T14:22:55.747+0900: 24.567: [GC (Allocation Failure) 24.567: [ParNew: 59008K->6528K(59008K), 0.0706986 secs] 1311812K->1267833K(25159296K), 0.0710750 secs] [Times: user=0.83 sys=0.01, real=0.07 secs] 
2014-04-09T14:22:55.856+0900: 24.676: [GC (Allocation Failure) 24.676: [ParNew: 59008K->6528K(59008K), 0.0696331 secs] 1320313K->1277538K(25159296K), 0.0699946 secs] [Times: user=0.81 sys=0.02, real=0.07 secs] 
2014-04-09T14:22:55.964+0900: 24.784: [GC (Allocation Failure) 24.784: [ParNew: 59008K->6528K(59008K), 0.0584022 secs] 1330018K->1285270K(25159296K), 0.0587595 secs] [Times: user=0.68 sys=0.01, real=0.06 secs] 
2014-04-09T14:22:56.064+0900: 24.884: [GC (Allocation Failure) 24.884: [ParNew: 59008K->6528K(59008K), 0.0664062 secs] 1337750K->1294810K(25159296K), 0.0667763 secs] [Times: user=0.78 sys=0.01, real=0.07 secs] 
2014-04-09T14:22:56.171+0900: 24.991: [GC (Allocation Failure) 24.991: [ParNew: 59008K->6528K(59008K), 0.0644986 secs] 1347290K->1302609K(25159296K), 0.0648666 secs] [Times: user=0.75 sys=0.02, real=0.06 secs] 
2014-04-09T14:22:56.276+0900: 25.096: [GC (Allocation Failure) 25.096: [ParNew: 59007K->6528K(59008K), 0.0633038 secs] 1355089K->1311540K(25159296K), 0.0636616 secs] [Times: user=0.74 sys=0.01, real=0.07 secs] 
2014-04-09T14:22:56.378+0900: 25.198: [GC (Allocation Failure) 25.198: [ParNew: 59008K->6528K(59008K), 0.0637749 secs] 1364020K->1320365K(25159296K), 0.0641307 secs] [Times: user=0.74 sys=0.00, real=0.07 secs] 
2014-04-09T14:22:56.487+0900: 25.306: [GC (Allocation Failure) 25.307: [ParNew: 59008K->6528K(59008K), 0.0714922 secs] 1372845K->1328886K(25159296K), 0.0718453 secs] [Times: user=0.84 sys=0.01, real=0.07 secs] 
2014-04-09T14:22:56.602+0900: 25.422: [GC (Allocation Failure) 25.422: [ParNew: 59008K->6528K(59008K), 0.0671046 secs] 1381366K->1338605K(25159296K), 0.0674682 secs] [Times: user=0.78 sys=0.01, real=0.07 secs] 
2014-04-09T14:22:56.714+0900: 25.533: [GC (Allocation Failure) 25.534: [ParNew: 59008K->6528K(59008K), 0.0666510 secs] 1391085K->1347726K(25159296K), 0.0670030 secs] [Times: user=0.78 sys=0.01, real=0.07 secs] 
2014-04-09T14:22:56.820+0900: 25.640: [GC (Allocation Failure) 25.640: [ParNew: 59008K->6528K(59008K), 0.0588350 secs] 1400206K->1356444K(25159296K), 0.0591903 secs] [Times: user=0.69 sys=0.01, real=0.06 secs] 
2014-04-09T14:22:56.918+0900: 25.738: [GC (Allocation Failure) 25.738: [ParNew: 59008K->6528K(59008K), 0.0585832 secs] 1408924K->1365657K(25159296K), 0.0589424 secs] [Times: user=0.67 sys=0.01, real=0.06 secs] 
2014-04-09T14:22:57.020+0900: 25.839: [GC (Allocation Failure) 25.840: [ParNew: 59008K->6528K(59008K), 0.0684506 secs] 1418137K->1373531K(25159296K), 0.0688124 secs] [Times: user=0.80 sys=0.01, real=0.06 secs] 
2014-04-09T14:22:57.128+0900: 25.947: [GC (Allocation Failure) 25.948: [ParNew: 59008K->6528K(59008K), 0.0611828 secs] 1426011K->1382571K(25159296K), 0.0615420 secs] [Times: user=0.71 sys=0.01, real=0.07 secs] 
2014-04-09T14:22:57.230+0900: 26.050: [GC (Allocation Failure) 26.050: [ParNew: 59008K->6528K(59008K), 0.0607839 secs] 1435051K->1391303K(25159296K), 0.0611392 secs] [Times: user=0.71 sys=0.02, real=0.07 secs] 
2014-04-09T14:22:57.331+0900: 26.151: [GC (Allocation Failure) 26.151: [ParNew: 59008K->6528K(59008K), 0.0614166 secs] 1443783K->1401022K(25159296K), 0.0617840 secs] [Times: user=0.72 sys=0.00, real=0.06 secs] 
2014-04-09T14:22:57.433+0900: 26.253: [GC (Allocation Failure) 26.253: [ParNew: 59008K->6528K(59008K), 0.0727374 secs] 1453502K->1409185K(25159296K), 0.0730945 secs] [Times: user=0.86 sys=0.01, real=0.07 secs] 
2014-04-09T14:22:57.546+0900: 26.366: [GC (Allocation Failure) 26.366: [ParNew: 59008K->6528K(59008K), 0.0631994 secs] 1461665K->1417358K(25159296K), 0.0635682 secs] [Times: user=0.73 sys=0.01, real=0.06 secs] 
2014-04-09T14:22:57.652+0900: 26.472: [GC (Allocation Failure) 26.472: [ParNew: 59008K->6528K(59008K), 0.0626176 secs] 1469838K->1425958K(25159296K), 0.0629824 secs] [Times: user=0.73 sys=0.01, real=0.06 secs] 
2014-04-09T14:22:57.756+0900: 26.575: [GC (Allocation Failure) 26.576: [ParNew: 59008K->6528K(59008K), 0.0620320 secs] 1478438K->1434448K(25159296K), 0.0623900 secs] [Times: user=0.71 sys=0.01, real=0.06 secs] 
2014-04-09T14:22:57.858+0900: 26.678: [GC (Allocation Failure) 26.678: [ParNew: 59008K->6528K(59008K), 0.0619206 secs] 1486928K->1443681K(25159296K), 0.0622812 secs] [Times: user=0.72 sys=0.01, real=0.07 secs] 
2014-04-09T14:22:57.964+0900: 26.783: [GC (Allocation Failure) 26.783: [ParNew: 59008K->6528K(59008K), 0.0676064 secs] 1496161K->1452212K(25159296K), 0.0679699 secs] [Times: user=0.80 sys=0.01, real=0.07 secs] 
2014-04-09T14:22:58.073+0900: 26.893: [GC (Allocation Failure) 26.893: [ParNew: 59008K->6528K(59008K), 0.0687569 secs] 1504692K->1460881K(25159296K), 0.0691139 secs] [Times: user=0.79 sys=0.02, real=0.07 secs] 
2014-04-09T14:22:58.182+0900: 27.002: [GC (Allocation Failure) 27.002: [ParNew: 59008K->6528K(59008K), 0.0648620 secs] 1513361K->1469832K(25159296K), 0.0652373 secs] [Times: user=0.76 sys=0.01, real=0.06 secs] 
2014-04-09T14:22:58.288+0900: 27.108: [GC (Allocation Failure) 27.108: [ParNew: 59008K->6528K(59008K), 0.0592340 secs] 1522312K->1477550K(25159296K), 0.0595913 secs] [Times: user=0.69 sys=0.01, real=0.06 secs] 
2014-04-09T14:22:58.387+0900: 27.207: [GC (Allocation Failure) 27.207: [ParNew: 59008K->6528K(59008K), 0.0638293 secs] 1530030K->1487212K(25159296K), 0.0641942 secs] [Times: user=0.73 sys=0.02, real=0.07 secs] 
2014-04-09T14:22:58.493+0900: 27.313: [GC (Allocation Failure) 27.313: [ParNew: 59008K->6528K(59008K), 0.0701342 secs] 1539692K->1495657K(25159296K), 0.0704914 secs] [Times: user=0.82 sys=0.01, real=0.07 secs] 
2014-04-09T14:22:58.606+0900: 27.426: [GC (Allocation Failure) 27.426: [ParNew: 59008K->6528K(59008K), 0.0624876 secs] 1548137K->1504653K(25159296K), 0.0628508 secs] [Times: user=0.73 sys=0.01, real=0.06 secs] 
2014-04-09T14:22:58.712+0900: 27.532: [GC (Allocation Failure) 27.532: [ParNew: 59008K->6528K(59008K), 0.0665127 secs] 1557133K->1512865K(25159296K), 0.0668696 secs] [Times: user=0.77 sys=0.00, real=0.06 secs] 
2014-04-09T14:22:58.821+0900: 27.640: [GC (Allocation Failure) 27.641: [ParNew: 59008K->6528K(59008K), 0.0615231 secs] 1565345K->1521961K(25159296K), 0.0618863 secs] [Times: user=0.73 sys=0.01, real=0.06 secs] 
2014-04-09T14:22:58.927+0900: 27.747: [GC (Allocation Failure) 27.747: [ParNew: 59008K->6528K(59008K), 0.0618780 secs] 1574441K->1530700K(25159296K), 0.0622355 secs] [Times: user=0.77 sys=0.01, real=0.06 secs] 
2014-04-09T14:22:59.032+0900: 27.852: [GC (Allocation Failure) 27.852: [ParNew: 59008K->6528K(59008K), 0.0704825 secs] 1583180K->1539495K(25159296K), 0.0708412 secs] [Times: user=0.89 sys=0.02, real=0.07 secs] 
2014-04-09T14:22:59.147+0900: 27.966: [GC (Allocation Failure) 27.966: [ParNew: 59008K->6528K(59008K), 0.0608174 secs] 1591975K->1547967K(25159296K), 0.0611747 secs] [Times: user=0.70 sys=0.01, real=0.06 secs] 
2014-04-09T14:22:59.249+0900: 28.069: [GC (Allocation Failure) 28.069: [ParNew: 59008K->6528K(59008K), 0.0622444 secs] 1600447K->1557166K(25159296K), 0.0626104 secs] [Times: user=0.72 sys=0.00, real=0.07 secs] 
2014-04-09T14:22:59.355+0900: 28.174: [GC (Allocation Failure) 28.175: [ParNew: 59008K->6528K(59008K), 0.0626887 secs] 1609646K->1565425K(25159296K), 0.0630431 secs] [Times: user=0.74 sys=0.01, real=0.06 secs] 
2014-04-09T14:22:59.457+0900: 28.277: [GC (Allocation Failure) 28.277: [ParNew: 59008K->6528K(59008K), 0.0588268 secs] 1617905K->1574031K(25159296K), 0.0591850 secs] [Times: user=0.68 sys=0.01, real=0.06 secs] 
2014-04-09T14:22:59.556+0900: 28.376: [GC (Allocation Failure) 28.376: [ParNew: 59008K->6528K(59008K), 0.0702663 secs] 1626511K->1583308K(25159296K), 0.0706331 secs] [Times: user=0.82 sys=0.00, real=0.07 secs] 
2014-04-09T14:22:59.668+0900: 28.487: [GC (Allocation Failure) 28.488: [ParNew: 59008K->6528K(59008K), 0.0614210 secs] 1635788K->1591688K(25159296K), 0.0617770 secs] [Times: user=0.72 sys=0.00, real=0.06 secs] 
2014-04-09T14:22:59.770+0900: 28.590: [GC (Allocation Failure) 28.590: [ParNew: 59008K->6528K(59008K), 0.0707164 secs] 1644168K->1601192K(25159296K), 0.0710733 secs] [Times: user=0.82 sys=0.03, real=0.08 secs] 
2014-04-09T14:22:59.883+0900: 28.703: [GC (Allocation Failure) 28.703: [ParNew: 59008K->6528K(59008K), 0.0611139 secs] 1653672K->1608993K(25159296K), 0.0614904 secs] [Times: user=0.70 sys=0.02, real=0.06 secs] 
2014-04-09T14:22:59.985+0900: 28.805: [GC (Allocation Failure) 28.805: [ParNew: 59008K->6528K(59008K), 0.0608132 secs] 1661473K->1617867K(25159296K), 0.0611827 secs] [Times: user=0.70 sys=0.00, real=0.06 secs] 
2014-04-09T14:23:00.091+0900: 28.910: [GC (Allocation Failure) 28.910: [ParNew: 59008K->6528K(59008K), 0.0586268 secs] 1670347K->1625960K(25159296K), 0.0589807 secs] [Times: user=0.68 sys=0.01, real=0.05 secs] 
2014-04-09T14:23:00.190+0900: 29.009: [GC (Allocation Failure) 29.009: [ParNew: 59008K->6528K(59008K), 0.0654602 secs] 1678440K->1635049K(25159296K), 0.0658301 secs] [Times: user=0.76 sys=0.01, real=0.07 secs] 
2014-04-09T14:23:00.296+0900: 29.116: [GC (Allocation Failure) 29.116: [ParNew: 59008K->6528K(59008K), 0.0570574 secs] 1687529K->1643733K(25159296K), 0.0574229 secs] [Times: user=0.66 sys=0.00, real=0.06 secs] 
2014-04-09T14:23:00.393+0900: 29.212: [GC (Allocation Failure) 29.213: [ParNew: 59008K->6528K(59008K), 0.0597358 secs] 1696213K->1652497K(25159296K), 0.0600940 secs] [Times: user=0.70 sys=0.00, real=0.06 secs] 
2014-04-09T14:23:00.493+0900: 29.312: [GC (Allocation Failure) 29.313: [ParNew: 59008K->6528K(59008K), 0.0669524 secs] 1704977K->1661713K(25159296K), 0.0673136 secs] [Times: user=0.78 sys=0.01, real=0.06 secs] 
2014-04-09T14:23:00.600+0900: 29.420: [GC (Allocation Failure) 29.420: [ParNew: 59008K->6528K(59008K), 0.0600401 secs] 1714193K->1670121K(25159296K), 0.0604161 secs] [Times: user=0.70 sys=0.01, real=0.07 secs] 
2014-04-09T14:23:00.701+0900: 29.521: [GC (Allocation Failure) 29.521: [ParNew: 59008K->6528K(59008K), 0.0688312 secs] 1722601K->1678647K(25159296K), 0.0692050 secs] [Times: user=0.81 sys=0.01, real=0.07 secs] 
2014-04-09T14:23:00.811+0900: 29.631: [GC (Allocation Failure) 29.631: [ParNew: 59008K->6528K(59008K), 0.0615499 secs] 1731127K->1687509K(25159296K), 0.0619114 secs] [Times: user=0.72 sys=0.00, real=0.06 secs] 
2014-04-09T14:23:00.913+0900: 29.733: [GC (Allocation Failure) 29.733: [ParNew: 59008K->6528K(59008K), 0.0604361 secs] 1739989K->1696872K(25159296K), 0.0607940 secs] [Times: user=0.69 sys=0.01, real=0.06 secs] 
2014-04-09T14:23:01.013+0900: 29.833: [GC (Allocation Failure) 29.833: [ParNew: 59008K->6528K(59008K), 0.0693462 secs] 1749352K->1705275K(25159296K), 0.0697048 secs] [Times: user=0.82 sys=0.01, real=0.07 secs] 
2014-04-09T14:23:01.122+0900: 29.942: [GC (Allocation Failure) 29.942: [ParNew: 59008K->6528K(59008K), 0.0579593 secs] 1757755K->1714988K(25159296K), 0.0583241 secs] [Times: user=0.66 sys=0.01, real=0.06 secs] 
2014-04-09T14:23:01.222+0900: 30.041: [GC (Allocation Failure) 30.042: [ParNew: 59008K->6528K(59008K), 0.0689909 secs] 1767468K->1723083K(25159296K), 0.0693493 secs] [Times: user=0.81 sys=0.01, real=0.07 secs] 
2014-04-09T14:23:01.338+0900: 30.157: [GC (Allocation Failure) 30.157: [ParNew: 59008K->6528K(59008K), 0.0699168 secs] 1775563K->1731841K(25159296K), 0.0702697 secs] [Times: user=0.82 sys=0.00, real=0.07 secs] 
2014-04-09T14:23:01.453+0900: 30.273: [GC (Allocation Failure) 30.273: [ParNew: 59008K->6528K(59008K), 0.0594670 secs] 1784321K->1739953K(25159296K), 0.0598211 secs] [Times: user=0.68 sys=0.01, real=0.06 secs] 
2014-04-09T14:23:01.553+0900: 30.373: [GC (Allocation Failure) 30.373: [ParNew: 59008K->6528K(59008K), 0.0736146 secs] 1792433K->1749090K(25159296K), 0.0739735 secs] [Times: user=0.85 sys=0.02, real=0.07 secs] 
2014-04-09T14:23:01.670+0900: 30.490: [GC (Allocation Failure) 30.490: [ParNew: 59008K->6528K(59008K), 0.0690008 secs] 1801570K->1757463K(25159296K), 0.0693531 secs] [Times: user=0.81 sys=0.01, real=0.06 secs] 
2014-04-09T14:23:01.786+0900: 30.605: [GC (Allocation Failure) 30.605: [ParNew: 59008K->6528K(59008K), 0.0620664 secs] 1809943K->1766993K(25159296K), 0.0624203 secs] [Times: user=0.72 sys=0.01, real=0.06 secs] 
2014-04-09T14:23:01.889+0900: 30.709: [GC (Allocation Failure) 30.709: [ParNew: 59008K->6528K(59008K), 0.0733595 secs] 1819473K->1778009K(25159296K), 0.0737167 secs] [Times: user=0.88 sys=0.01, real=0.08 secs] 
2014-04-09T14:23:02.004+0900: 30.823: [GC (Allocation Failure) 30.824: [ParNew: 59008K->6528K(59008K), 0.0656502 secs] 1830489K->1789119K(25159296K), 0.0660126 secs] [Times: user=0.78 sys=0.01, real=0.06 secs] 
2014-04-09T14:23:02.111+0900: 30.931: [GC (Allocation Failure) 30.931: [ParNew: 59008K->6528K(59008K), 0.0676147 secs] 1841599K->1797355K(25159296K), 0.0679736 secs] [Times: user=0.81 sys=0.01, real=0.06 secs] 
2014-04-09T14:23:02.223+0900: 31.042: [GC (Allocation Failure) 31.043: [ParNew: 59008K->6528K(59008K), 0.0616399 secs] 1849835K->1806300K(25159296K), 0.0619918 secs] [Times: user=0.74 sys=0.00, real=0.06 secs] 
2014-04-09T14:23:02.326+0900: 31.145: [GC (Allocation Failure) 31.146: [ParNew: 59008K->6528K(59008K), 0.0661535 secs] 1858780K->1815417K(25159296K), 0.0665212 secs] [Times: user=0.76 sys=0.01, real=0.07 secs] 
2014-04-09T14:23:02.432+0900: 31.252: [GC (Allocation Failure) 31.252: [ParNew: 59008K->6528K(59008K), 0.0640931 secs] 1867897K->1823556K(25159296K), 0.0644599 secs] [Times: user=0.75 sys=0.01, real=0.06 secs] 
2014-04-09T14:23:02.538+0900: 31.357: [GC (Allocation Failure) 31.358: [ParNew: 59008K->6528K(59008K), 0.0605016 secs] 1876036K->1833488K(25159296K), 0.0608581 secs] [Times: user=0.70 sys=0.01, real=0.06 secs] 
2014-04-09T14:23:02.638+0900: 31.458: [GC (Allocation Failure) 31.458: [ParNew: 59008K->6528K(59008K), 0.0584809 secs] 1885968K->1841483K(25159296K), 0.0588380 secs] [Times: user=0.68 sys=0.01, real=0.06 secs] 
2014-04-09T14:23:02.737+0900: 31.557: [GC (Allocation Failure) 31.557: [ParNew: 59008K->6528K(59008K), 0.0576071 secs] 1893963K->1850956K(25159296K), 0.0579704 secs] [Times: user=0.67 sys=0.01, real=0.06 secs] 
2014-04-09T14:23:02.835+0900: 31.654: [GC (Allocation Failure) 31.654: [ParNew: 59008K->6528K(59008K), 0.0546847 secs] 1903436K->1859359K(25159296K), 0.0550428 secs] [Times: user=0.64 sys=0.00, real=0.05 secs] 
2014-04-09T14:23:02.930+0900: 31.750: [GC (Allocation Failure) 31.750: [ParNew: 59008K->6528K(59008K), 0.0595582 secs] 1911839K->1868612K(25159296K), 0.0599166 secs] [Times: user=0.69 sys=0.02, real=0.06 secs] 
2014-04-09T14:23:03.029+0900: 31.849: [GC (Allocation Failure) 31.849: [ParNew: 59008K->6528K(59008K), 0.0539193 secs] 1921092K->1877107K(25159296K), 0.0542784 secs] [Times: user=0.63 sys=0.00, real=0.06 secs] 
2014-04-09T14:23:03.127+0900: 31.946: [GC (Allocation Failure) 31.946: [ParNew: 59008K->6528K(59008K), 0.0608880 secs] 1929587K->1886711K(25159296K), 0.0612417 secs] [Times: user=0.70 sys=0.01, real=0.06 secs] 
2014-04-09T14:23:03.231+0900: 32.050: [GC (Allocation Failure) 32.051: [ParNew: 59008K->6528K(59008K), 0.0623602 secs] 1939191K->1895920K(25159296K), 0.0627225 secs] [Times: user=0.71 sys=0.01, real=0.06 secs] 
2014-04-09T14:23:03.334+0900: 32.154: [GC (Allocation Failure) 32.154: [ParNew: 59008K->6528K(59008K), 0.0652150 secs] 1948400K->1904219K(25159296K), 0.0655727 secs] [Times: user=0.77 sys=0.00, real=0.06 secs] 
2014-04-09T14:23:03.439+0900: 32.259: [GC (Allocation Failure) 32.259: [ParNew: 59008K->6528K(59008K), 0.0552882 secs] 1956699K->1912856K(25159296K), 0.0556450 secs] [Times: user=0.63 sys=0.01, real=0.06 secs] 
2014-04-09T14:23:03.536+0900: 32.356: [GC (Allocation Failure) 32.356: [ParNew: 59008K->6528K(59008K), 0.0607466 secs] 1965336K->1921333K(25159296K), 0.0611063 secs] [Times: user=0.72 sys=0.01, real=0.06 secs] 
2014-04-09T14:23:03.636+0900: 32.456: [GC (Allocation Failure) 32.456: [ParNew: 59008K->6528K(59008K), 0.0620356 secs] 1973813K->1930094K(25159296K), 0.0624002 secs] [Times: user=0.73 sys=0.02, real=0.06 secs] 
2014-04-09T14:23:03.742+0900: 32.562: [GC (Allocation Failure) 32.562: [ParNew: 59008K->6528K(59008K), 0.0660732 secs] 1982574K->1939415K(25159296K), 0.0664335 secs] [Times: user=0.78 sys=0.00, real=0.06 secs] 
2014-04-09T14:23:03.848+0900: 32.668: [GC (Allocation Failure) 32.668: [ParNew: 59008K->6528K(59008K), 0.0592526 secs] 1991895K->1947936K(25159296K), 0.0596034 secs] [Times: user=0.70 sys=0.01, real=0.06 secs] 
2014-04-09T14:23:03.948+0900: 32.768: [GC (Allocation Failure) 32.768: [ParNew: 59008K->6528K(59008K), 0.0559123 secs] 2000416K->1957426K(25159296K), 0.0562967 secs] [Times: user=0.65 sys=0.00, real=0.06 secs] 
2014-04-09T14:23:04.043+0900: 32.863: [GC (Allocation Failure) 32.863: [ParNew: 59008K->6528K(59008K), 0.0574147 secs] 2009906K->1965690K(25159296K), 0.0577817 secs] [Times: user=0.67 sys=0.01, real=0.05 secs] 
2014-04-09T14:23:04.141+0900: 32.961: [GC (Allocation Failure) 32.961: [ParNew: 59008K->6528K(59008K), 0.0697725 secs] 2018170K->1975077K(25159296K), 0.0701309 secs] [Times: user=0.82 sys=0.01, real=0.07 secs] 
2014-04-09T14:23:04.250+0900: 33.070: [GC (Allocation Failure) 33.070: [ParNew: 59008K->6528K(59008K), 0.0562724 secs] 2027557K->1983776K(25159296K), 0.0566342 secs] [Times: user=0.65 sys=0.01, real=0.06 secs] 
2014-04-09T14:23:04.353+0900: 33.172: [GC (Allocation Failure) 33.172: [ParNew: 59008K->6528K(59008K), 0.0633509 secs] 2036256K->1992467K(25159296K), 0.0637080 secs] [Times: user=0.74 sys=0.01, real=0.06 secs] 
2014-04-09T14:23:04.455+0900: 33.275: [GC (Allocation Failure) 33.275: [ParNew: 58960K->6528K(59008K), 0.0539639 secs] 2044900K->2001095K(25159296K), 0.0543216 secs] [Times: user=0.62 sys=0.01, real=0.05 secs] 
2014-04-09T14:23:04.549+0900: 33.369: [GC (Allocation Failure) 33.369: [ParNew: 59008K->6528K(59008K), 0.0666399 secs] 2053575K->2009998K(25159296K), 0.0669971 secs] [Times: user=0.77 sys=0.02, real=0.07 secs] 
2014-04-09T14:23:04.655+0900: 33.475: [GC (Allocation Failure) 33.475: [ParNew: 59008K->6528K(59008K), 0.0537318 secs] 2062478K->2019414K(25159296K), 0.0540924 secs] [Times: user=0.61 sys=0.01, real=0.05 secs] 
2014-04-09T14:23:04.752+0900: 33.572: [GC (Allocation Failure) 33.572: [ParNew: 59008K->6528K(59008K), 0.0594328 secs] 2071894K->2027648K(25159296K), 0.0597946 secs] [Times: user=0.69 sys=0.02, real=0.06 secs] 
2014-04-09T14:23:04.851+0900: 33.670: [GC (Allocation Failure) 33.671: [ParNew: 59008K->6528K(59008K), 0.0644201 secs] 2080128K->2036339K(25159296K), 0.0647806 secs] [Times: user=0.75 sys=0.01, real=0.07 secs] 
2014-04-09T14:23:04.955+0900: 33.774: [GC (Allocation Failure) 33.775: [ParNew: 59008K->6528K(59008K), 0.0565338 secs] 2088819K->2045912K(25159296K), 0.0568988 secs] [Times: user=0.66 sys=0.00, real=0.06 secs] 
2014-04-09T14:23:05.053+0900: 33.873: [GC (Allocation Failure) 33.873: [ParNew: 59008K->6528K(59008K), 0.0579420 secs] 2098392K->2054465K(25159296K), 0.0583166 secs] [Times: user=0.67 sys=0.01, real=0.06 secs] 
2014-04-09T14:23:05.150+0900: 33.970: [GC (Allocation Failure) 33.970: [ParNew: 59008K->6528K(59008K), 0.0650813 secs] 2106945K->2062496K(25159296K), 0.0654398 secs] [Times: user=0.70 sys=0.00, real=0.07 secs] 
2014-04-09T14:23:05.261+0900: 34.080: [GC (Allocation Failure) 34.080: [ParNew: 59008K->6528K(59008K), 0.0649249 secs] 2114976K->2071824K(25159296K), 0.0652832 secs] [Times: user=0.77 sys=0.01, real=0.07 secs] 
2014-04-09T14:23:05.366+0900: 34.186: [GC (Allocation Failure) 34.186: [ParNew: 59008K->6528K(59008K), 0.0607435 secs] 2124304K->2079878K(25159296K), 0.0611049 secs] [Times: user=0.70 sys=0.01, real=0.06 secs] 
2014-04-09T14:23:05.466+0900: 34.286: [GC (Allocation Failure) 34.286: [ParNew: 59008K->6528K(59008K), 0.0624117 secs] 2132358K->2088838K(25159296K), 0.0627721 secs] [Times: user=0.73 sys=0.01, real=0.06 secs] 
2014-04-09T14:23:05.569+0900: 34.389: [GC (Allocation Failure) 34.389: [ParNew: 59008K->6528K(59008K), 0.0623667 secs] 2141318K->2097330K(25159296K), 0.0627379 secs] [Times: user=0.73 sys=0.01, real=0.07 secs] 
2014-04-09T14:23:05.672+0900: 34.492: [GC (Allocation Failure) 34.492: [ParNew: 59008K->6528K(59008K), 0.0633283 secs] 2149810K->2106051K(25159296K), 0.0636962 secs] [Times: user=0.74 sys=0.01, real=0.06 secs] 
2014-04-09T14:23:05.776+0900: 34.596: [GC (Allocation Failure) 34.596: [ParNew: 59008K->6528K(59008K), 0.0566931 secs] 2158531K->2115534K(25159296K), 0.0570634 secs] [Times: user=0.65 sys=0.01, real=0.06 secs] 
2014-04-09T14:23:05.873+0900: 34.692: [GC (Allocation Failure) 34.692: [ParNew: 59008K->6528K(59008K), 0.0621887 secs] 2168014K->2123245K(25159296K), 0.0625688 secs] [Times: user=0.73 sys=0.00, real=0.06 secs] 
2014-04-09T14:23:05.975+0900: 34.794: [GC (Allocation Failure) 34.795: [ParNew: 59008K->6528K(59008K), 0.0579037 secs] 2175725K->2132568K(25159296K), 0.0582656 secs] [Times: user=0.66 sys=0.01, real=0.06 secs] 
2014-04-09T14:23:06.072+0900: 34.892: [GC (Allocation Failure) 34.892: [ParNew: 59008K->6528K(59008K), 0.0671276 secs] 2185048K->2140606K(25159296K), 0.0674904 secs] [Times: user=0.80 sys=0.00, real=0.06 secs] 
2014-04-09T14:23:06.179+0900: 34.999: [GC (Allocation Failure) 34.999: [ParNew: 59008K->6528K(59008K), 0.0671112 secs] 2193086K->2148893K(25159296K), 0.0674717 secs] [Times: user=0.78 sys=0.01, real=0.07 secs] 
2014-04-09T14:23:06.286+0900: 35.105: [GC (Allocation Failure) 35.106: [ParNew: 59008K->6528K(59008K), 0.0592801 secs] 2201373K->2158621K(25159296K), 0.0596457 secs] [Times: user=0.67 sys=0.01, real=0.06 secs] 
2014-04-09T14:23:06.387+0900: 35.207: [GC (Allocation Failure) 35.207: [ParNew: 59008K->6528K(59008K), 0.0630544 secs] 2211101K->2166481K(25159296K), 0.0634139 secs] [Times: user=0.74 sys=0.01, real=0.06 secs] 
2014-04-09T14:23:06.491+0900: 35.311: [GC (Allocation Failure) 35.311: [ParNew: 59008K->6528K(59008K), 0.0598558 secs] 2218961K->2176114K(25159296K), 0.0602295 secs] [Times: user=0.70 sys=0.01, real=0.07 secs] 
2014-04-09T14:23:06.590+0900: 35.410: [GC (Allocation Failure) 35.410: [ParNew: 59008K->6528K(59008K), 0.0617709 secs] 2228594K->2184473K(25159296K), 0.0621293 secs] [Times: user=0.73 sys=0.00, real=0.07 secs] 
2014-04-09T14:23:06.693+0900: 35.512: [GC (Allocation Failure) 35.513: [ParNew: 59008K->6528K(59008K), 0.0658134 secs] 2236953K->2193539K(25159296K), 0.0661763 secs] [Times: user=0.78 sys=0.01, real=0.06 secs] 
2014-04-09T14:23:06.799+0900: 35.618: [GC (Allocation Failure) 35.619: [ParNew: 59008K->6528K(59008K), 0.0626027 secs] 2246019K->2202321K(25159296K), 0.0629650 secs] [Times: user=0.73 sys=0.01, real=0.07 secs] 
2014-04-09T14:23:06.902+0900: 35.722: [GC (Allocation Failure) 35.722: [ParNew: 59008K->6528K(59008K), 0.0592654 secs] 2254801K->2211176K(25159296K), 0.0596276 secs] [Times: user=0.68 sys=0.01, real=0.06 secs] 
2014-04-09T14:23:07.000+0900: 35.820: [GC (Allocation Failure) 35.820: [ParNew: 58955K->6528K(59008K), 0.0521770 secs] 2263604K->2219448K(25159296K), 0.0525424 secs] [Times: user=0.59 sys=0.02, real=0.06 secs] 
2014-04-09T14:23:07.091+0900: 35.911: [GC (Allocation Failure) 35.911: [ParNew: 59008K->6528K(59008K), 0.0540145 secs] 2271928K->2228540K(25159296K), 0.0543861 secs] [Times: user=0.63 sys=0.00, real=0.06 secs] 
2014-04-09T14:23:07.185+0900: 36.005: [GC (Allocation Failure) 36.005: [ParNew: 59008K->6528K(59008K), 0.0545579 secs] 2281020K->2237250K(25159296K), 0.0549164 secs] [Times: user=0.63 sys=0.00, real=0.05 secs] 
2014-04-09T14:23:07.278+0900: 36.097: [GC (Allocation Failure) 36.097: [ParNew: 59008K->6528K(59008K), 0.0558778 secs] 2289730K->2246199K(25159296K), 0.0562396 secs] [Times: user=0.65 sys=0.01, real=0.06 secs] 
2014-04-09T14:23:07.373+0900: 36.193: [GC (Allocation Failure) 36.193: [ParNew: 59008K->6528K(59008K), 0.0646890 secs] 2298679K->2255214K(25159296K), 0.0650506 secs] [Times: user=0.74 sys=0.02, real=0.06 secs] 
2014-04-09T14:23:07.478+0900: 36.298: [GC (Allocation Failure) 36.298: [ParNew: 59008K->6528K(59008K), 0.0616715 secs] 2307694K->2263982K(25159296K), 0.0620341 secs] [Times: user=0.72 sys=0.02, real=0.06 secs] 
2014-04-09T14:23:07.579+0900: 36.399: [GC (Allocation Failure) 36.399: [ParNew: 59007K->6528K(59008K), 0.0610621 secs] 2316462K->2272568K(25159296K), 0.0614280 secs] [Times: user=0.72 sys=0.00, real=0.06 secs] 
2014-04-09T14:23:07.679+0900: 36.499: [GC (Allocation Failure) 36.499: [ParNew: 59008K->6528K(59008K), 0.0637860 secs] 2325048K->2281263K(25159296K), 0.0641587 secs] [Times: user=0.74 sys=0.01, real=0.07 secs] 
2014-04-09T14:23:07.783+0900: 36.602: [GC (Allocation Failure) 36.602: [ParNew: 59008K->6528K(59008K), 0.0584239 secs] 2333743K->2288890K(25159296K), 0.0587909 secs] [Times: user=0.68 sys=0.01, real=0.06 secs] 
2014-04-09T14:23:07.881+0900: 36.701: [GC (Allocation Failure) 36.701: [ParNew: 59008K->6528K(59008K), 0.0600448 secs] 2341370K->2297063K(25159296K), 0.0604060 secs] [Times: user=0.70 sys=0.02, real=0.06 secs] 
2014-04-09T14:23:07.981+0900: 36.800: [GC (Allocation Failure) 36.800: [ParNew: 59008K->6528K(59008K), 0.0697460 secs] 2349543K->2306758K(25159296K), 0.0701030 secs] [Times: user=0.81 sys=0.01, real=0.07 secs] 
2014-04-09T14:23:08.091+0900: 36.911: [GC (Allocation Failure) 36.911: [ParNew: 59008K->6528K(59008K), 0.0656945 secs] 2359238K->2314890K(25159296K), 0.0660625 secs] [Times: user=0.77 sys=0.01, real=0.07 secs] 
2014-04-09T14:23:08.200+0900: 37.020: [GC (Allocation Failure) 37.020: [ParNew: 59007K->6528K(59008K), 0.0622412 secs] 2367370K->2322810K(25159296K), 0.0626040 secs] [Times: user=0.71 sys=0.00, real=0.07 secs] 
2014-04-09T14:23:08.301+0900: 37.120: [GC (Allocation Failure) 37.121: [ParNew: 59008K->6528K(59008K), 0.0623786 secs] 2375290K->2332376K(25159296K), 0.0627446 secs] [Times: user=0.72 sys=0.01, real=0.07 secs] 
2014-04-09T14:23:08.403+0900: 37.223: [GC (Allocation Failure) 37.223: [ParNew: 59008K->6528K(59008K), 0.0661541 secs] 2384856K->2341308K(25159296K), 0.0665124 secs] [Times: user=0.77 sys=0.01, real=0.06 secs] 
2014-04-09T14:23:08.509+0900: 37.329: [GC (Allocation Failure) 37.329: [ParNew: 58932K->6528K(59008K), 0.0604231 secs] 2393712K->2348856K(25159296K), 0.0607859 secs] [Times: user=0.70 sys=0.02, real=0.06 secs] 
2014-04-09T14:23:08.609+0900: 37.428: [GC (Allocation Failure) 37.428: [ParNew: 59008K->6528K(59008K), 0.0679341 secs] 2401336K->2358163K(25159296K), 0.0682932 secs] [Times: user=0.80 sys=0.01, real=0.07 secs] 
2014-04-09T14:23:08.715+0900: 37.535: [GC (Allocation Failure) 37.535: [ParNew: 59008K->6528K(59008K), 0.0567490 secs] 2410643K->2366302K(25159296K), 0.0571450 secs] [Times: user=0.66 sys=0.01, real=0.06 secs] 
2014-04-09T14:23:08.815+0900: 37.634: [GC (Allocation Failure) 37.635: [ParNew: 59008K->6528K(59008K), 0.0622807 secs] 2418782K->2376376K(25159296K), 0.0626397 secs] [Times: user=0.70 sys=0.02, real=0.06 secs] 
2014-04-09T14:23:08.916+0900: 37.736: [GC (Allocation Failure) 37.736: [ParNew: 59008K->6528K(59008K), 0.0634922 secs] 2428856K->2384605K(25159296K), 0.0638563 secs] [Times: user=0.74 sys=0.01, real=0.06 secs] 
2014-04-09T14:23:09.019+0900: 37.839: [GC (Allocation Failure) 37.839: [ParNew: 59008K->6528K(59008K), 0.0673330 secs] 2437085K->2393334K(25159296K), 0.0676909 secs] [Times: user=0.79 sys=0.02, real=0.07 secs] 
2014-04-09T14:23:09.126+0900: 37.946: [GC (Allocation Failure) 37.946: [ParNew: 59008K->6528K(59008K), 0.0590323 secs] 2445814K->2401644K(25159296K), 0.0594007 secs] [Times: user=0.70 sys=0.01, real=0.06 secs] 
2014-04-09T14:23:09.223+0900: 38.043: [GC (Allocation Failure) 38.043: [ParNew: 59007K->6528K(59008K), 0.0674372 secs] 2454124K->2410985K(25159296K), 0.0678051 secs] [Times: user=0.78 sys=0.01, real=0.06 secs] 
2014-04-09T14:23:09.332+0900: 38.152: [GC (Allocation Failure) 38.152: [ParNew: 59008K->6528K(59008K), 0.0670259 secs] 2463465K->2419223K(25159296K), 0.0673953 secs] [Times: user=0.79 sys=0.01, real=0.06 secs] 
2014-04-09T14:23:09.440+0900: 38.260: [GC (Allocation Failure) 38.260: [ParNew: 59008K->6528K(59008K), 0.0577940 secs] 2471703K->2428186K(25159296K), 0.0581507 secs] [Times: user=0.61 sys=0.00, real=0.06 secs] 
2014-04-09T14:23:09.538+0900: 38.358: [GC (Allocation Failure) 38.358: [ParNew: 59008K->6528K(59008K), 0.0623167 secs] 2480666K->2437488K(25159296K), 0.0626846 secs] [Times: user=0.73 sys=0.01, real=0.06 secs] 
2014-04-09T14:23:09.639+0900: 38.459: [GC (Allocation Failure) 38.459: [ParNew: 59008K->6528K(59008K), 0.0601498 secs] 2489968K->2445846K(25159296K), 0.0605150 secs] [Times: user=0.70 sys=0.02, real=0.06 secs] 
2014-04-09T14:23:09.740+0900: 38.559: [GC (Allocation Failure) 38.560: [ParNew: 59008K->6528K(59008K), 0.0634119 secs] 2498326K->2454932K(25159296K), 0.0637821 secs] [Times: user=0.74 sys=0.01, real=0.07 secs] 
2014-04-09T14:23:09.843+0900: 38.662: [GC (Allocation Failure) 38.663: [ParNew: 59008K->6528K(59008K), 0.0624840 secs] 2507412K->2464385K(25159296K), 0.0628600 secs] [Times: user=0.73 sys=0.00, real=0.06 secs] 
2014-04-09T14:23:09.944+0900: 38.764: [GC (Allocation Failure) 38.764: [ParNew: 59008K->6528K(59008K), 0.0586880 secs] 2516865K->2472411K(25159296K), 0.0590456 secs] [Times: user=0.69 sys=0.01, real=0.06 secs] 
2014-04-09T14:23:10.042+0900: 38.862: [GC (Allocation Failure) 38.862: [ParNew: 59008K->6528K(59008K), 0.0628552 secs] 2524891K->2481074K(25159296K), 0.0632122 secs] [Times: user=0.74 sys=0.01, real=0.06 secs] 
2014-04-09T14:23:10.147+0900: 38.967: [GC (Allocation Failure) 38.967: [ParNew: 59008K->6528K(59008K), 0.0540578 secs] 2533554K->2489193K(25159296K), 0.0544159 secs] [Times: user=0.63 sys=0.00, real=0.06 secs] 
2014-04-09T14:23:10.245+0900: 39.065: [GC (Allocation Failure) 39.065: [ParNew: 59008K->6528K(59008K), 0.0650483 secs] 2541673K->2499108K(25159296K), 0.0654077 secs] [Times: user=0.74 sys=0.02, real=0.06 secs] 
2014-04-09T14:23:10.352+0900: 39.171: [GC (Allocation Failure) 39.172: [ParNew: 59008K->6528K(59008K), 0.0606345 secs] 2551588K->2506978K(25159296K), 0.0609937 secs] [Times: user=0.70 sys=0.01, real=0.06 secs] 
2014-04-09T14:23:10.452+0900: 39.272: [GC (Allocation Failure) 39.272: [ParNew: 59008K->6527K(59008K), 0.0611751 secs] 2559458K->2515244K(25159296K), 0.0615412 secs] [Times: user=0.73 sys=0.00, real=0.07 secs] 
2014-04-09T14:23:10.551+0900: 39.371: [GC (Allocation Failure) 39.371: [ParNew: 59007K->6528K(59008K), 0.0678830 secs] 2567724K->2524189K(25159296K), 0.0682499 secs] [Times: user=0.80 sys=0.01, real=0.07 secs] 
2014-04-09T14:23:10.658+0900: 39.478: [GC (Allocation Failure) 39.478: [ParNew: 59008K->6528K(59008K), 0.0606516 secs] 2576669K->2533225K(25159296K), 0.0610146 secs] [Times: user=0.71 sys=0.00, real=0.06 secs] 
2014-04-09T14:23:10.759+0900: 39.579: [GC (Allocation Failure) 39.579: [ParNew: 59008K->6528K(59008K), 0.0604758 secs] 2585705K->2540687K(25159296K), 0.0608413 secs] [Times: user=0.72 sys=0.01, real=0.06 secs] 
2014-04-09T14:23:10.862+0900: 39.682: [GC (Allocation Failure) 39.682: [ParNew: 59008K->6528K(59008K), 0.0643730 secs] 2593167K->2550940K(25159296K), 0.0647280 secs] [Times: user=0.75 sys=0.01, real=0.07 secs] 
2014-04-09T14:23:10.966+0900: 39.785: [GC (Allocation Failure) 39.786: [ParNew: 59008K->6528K(59008K), 0.0605728 secs] 2603420K->2558710K(25159296K), 0.0609314 secs] [Times: user=0.71 sys=0.01, real=0.06 secs] 
2014-04-09T14:23:11.065+0900: 39.885: [GC (Allocation Failure) 39.885: [ParNew: 59008K->6528K(59008K), 0.0698646 secs] 2611190K->2568077K(25159296K), 0.0702215 secs] [Times: user=0.81 sys=0.01, real=0.07 secs] 
2014-04-09T14:23:11.175+0900: 39.995: [GC (Allocation Failure) 39.995: [ParNew: 59008K->6528K(59008K), 0.0574437 secs] 2620557K->2576198K(25159296K), 0.0578044 secs] [Times: user=0.67 sys=0.01, real=0.06 secs] 
2014-04-09T14:23:11.272+0900: 40.092: [GC (Allocation Failure) 40.092: [ParNew: 59008K->6528K(59008K), 0.0583103 secs] 2628678K->2585246K(25159296K), 0.0586698 secs] [Times: user=0.68 sys=0.01, real=0.06 secs] 
2014-04-09T14:23:11.370+0900: 40.190: [GC (Allocation Failure) 40.190: [ParNew: 59008K->6528K(59008K), 0.0669301 secs] 2637726K->2594342K(25159296K), 0.0672970 secs] [Times: user=0.79 sys=0.01, real=0.07 secs] 
2014-04-09T14:23:11.481+0900: 40.300: [GC (Allocation Failure) 40.300: [ParNew: 59008K->6528K(59008K), 0.0566906 secs] 2646822K->2602981K(25159296K), 0.0570474 secs] [Times: user=0.65 sys=0.01, real=0.06 secs] 
2014-04-09T14:23:11.576+0900: 40.396: [GC (Allocation Failure) 40.396: [ParNew: 58996K->6528K(59008K), 0.0553587 secs] 2655450K->2611511K(25159296K), 0.0557245 secs] [Times: user=0.64 sys=0.01, real=0.05 secs] 
2014-04-09T14:23:11.672+0900: 40.492: [GC (Allocation Failure) 40.492: [ParNew: 59008K->6528K(59008K), 0.0648236 secs] 2663991K->2620220K(25159296K), 0.0651815 secs] [Times: user=0.76 sys=0.00, real=0.07 secs] 
2014-04-09T14:23:11.775+0900: 40.594: [GC (Allocation Failure) 40.594: [ParNew: 59008K->6528K(59008K), 0.0665040 secs] 2672700K->2629168K(25159296K), 0.0668714 secs] [Times: user=0.77 sys=0.01, real=0.06 secs] 
2014-04-09T14:23:11.883+0900: 40.703: [GC (Allocation Failure) 40.703: [ParNew: 59008K->6528K(59008K), 0.0602721 secs] 2681648K->2637783K(25159296K), 0.0606293 secs] [Times: user=0.71 sys=0.01, real=0.06 secs] 
2014-04-09T14:23:11.984+0900: 40.803: [GC (Allocation Failure) 40.803: [ParNew: 59008K->6528K(59008K), 0.0590709 secs] 2690263K->2646541K(25159296K), 0.0594318 secs] [Times: user=0.67 sys=0.03, real=0.06 secs] 
2014-04-09T14:23:12.083+0900: 40.903: [GC (Allocation Failure) 40.903: [ParNew: 59008K->6528K(59008K), 0.0633320 secs] 2699021K->2654843K(25159296K), 0.0636999 secs] [Times: user=0.73 sys=0.02, real=0.06 secs] 
2014-04-09T14:23:12.186+0900: 41.006: [GC (Allocation Failure) 41.006: [ParNew: 59008K->6528K(59008K), 0.0601240 secs] 2707323K->2663481K(25159296K), 0.0604933 secs] [Times: user=0.71 sys=0.01, real=0.06 secs] 
2014-04-09T14:23:12.284+0900: 41.104: [GC (Allocation Failure) 41.104: [ParNew: 59008K->6528K(59008K), 0.0643709 secs] 2715961K->2672355K(25159296K), 0.0647326 secs] [Times: user=0.75 sys=0.01, real=0.06 secs] 
2014-04-09T14:23:12.392+0900: 41.212: [GC (Allocation Failure) 41.212: [ParNew: 59008K->6528K(59008K), 0.0657786 secs] 2724835K->2680722K(25159296K), 0.0661349 secs] [Times: user=0.77 sys=0.02, real=0.07 secs] 
2014-04-09T14:23:12.500+0900: 41.320: [GC (Allocation Failure) 41.320: [ParNew: 59008K->6528K(59008K), 0.0692214 secs] 2733202K->2688587K(25159296K), 0.0695868 secs] [Times: user=0.82 sys=0.01, real=0.07 secs] 
2014-04-09T14:23:12.612+0900: 41.432: [GC (Allocation Failure) 41.432: [ParNew: 59008K->6528K(59008K), 0.0666556 secs] 2741067K->2697505K(25159296K), 0.0670124 secs] [Times: user=0.78 sys=0.02, real=0.07 secs] 
2014-04-09T14:23:12.718+0900: 41.537: [GC (Allocation Failure) 41.537: [ParNew: 59008K->6528K(59008K), 0.0602767 secs] 2749985K->2706155K(25159296K), 0.0606349 secs] [Times: user=0.70 sys=0.01, real=0.06 secs] 
2014-04-09T14:23:12.819+0900: 41.639: [GC (Allocation Failure) 41.639: [ParNew: 59008K->6526K(59008K), 0.0645530 secs] 2758635K->2715742K(25159296K), 0.0649305 secs] [Times: user=0.75 sys=0.01, real=0.07 secs] 
2014-04-09T14:23:12.922+0900: 41.742: [GC (Allocation Failure) 41.742: [ParNew: 59006K->6528K(59008K), 0.0616056 secs] 2768222K->2724483K(25159296K), 0.0619623 secs] [Times: user=0.71 sys=0.00, real=0.07 secs] 
2014-04-09T14:23:13.022+0900: 41.841: [GC (Allocation Failure) 41.842: [ParNew: 59008K->6528K(59008K), 0.0563979 secs] 2776963K->2733119K(25159296K), 0.0567605 secs] [Times: user=0.66 sys=0.00, real=0.06 secs] 
2014-04-09T14:23:13.117+0900: 41.937: [GC (Allocation Failure) 41.937: [ParNew: 59008K->6528K(59008K), 0.0619982 secs] 2785599K->2741747K(25159296K), 0.0623641 secs] [Times: user=0.73 sys=0.00, real=0.06 secs] 
2014-04-09T14:23:13.219+0900: 42.039: [GC (Allocation Failure) 42.039: [ParNew: 59008K->6528K(59008K), 0.0645617 secs] 2794227K->2750698K(25159296K), 0.0649244 secs] [Times: user=0.76 sys=0.01, real=0.07 secs] 
2014-04-09T14:23:13.323+0900: 42.142: [GC (Allocation Failure) 42.143: [ParNew: 59008K->6528K(59008K), 0.0646489 secs] 2803178K->2759264K(25159296K), 0.0650079 secs] [Times: user=0.76 sys=0.01, real=0.06 secs] 
2014-04-09T14:23:13.426+0900: 42.246: [GC (Allocation Failure) 42.246: [ParNew: 59008K->6528K(59008K), 0.0643977 secs] 2811744K->2767802K(25159296K), 0.0647595 secs] [Times: user=0.76 sys=0.00, real=0.06 secs] 
2014-04-09T14:23:13.530+0900: 42.349: [GC (Allocation Failure) 42.349: [ParNew: 59008K->6528K(59008K), 0.0684747 secs] 2820282K->2776045K(25159296K), 0.0688423 secs] [Times: user=0.80 sys=0.01, real=0.07 secs] 
2014-04-09T14:23:13.636+0900: 42.456: [GC (Allocation Failure) 42.456: [ParNew: 59008K->6528K(59008K), 0.0655765 secs] 2828525K->2785644K(25159296K), 0.0659371 secs] [Times: user=0.76 sys=0.01, real=0.06 secs] 
2014-04-09T14:23:13.742+0900: 42.562: [GC (Allocation Failure) 42.562: [ParNew: 59008K->6528K(59008K), 0.0656359 secs] 2838124K->2794085K(25159296K), 0.0660004 secs] [Times: user=0.76 sys=0.02, real=0.07 secs] 
2014-04-09T14:23:13.847+0900: 42.667: [GC (Allocation Failure) 42.667: [ParNew: 59008K->6528K(59008K), 0.0610586 secs] 2846565K->2802744K(25159296K), 0.0614424 secs] [Times: user=0.70 sys=0.01, real=0.06 secs] 
2014-04-09T14:23:13.950+0900: 42.769: [GC (Allocation Failure) 42.769: [ParNew: 59008K->6528K(59008K), 0.0679369 secs] 2855224K->2811803K(25159296K), 0.0682973 secs] [Times: user=0.79 sys=0.01, real=0.07 secs] 
2014-04-09T14:23:14.057+0900: 42.876: [GC (Allocation Failure) 42.876: [ParNew: 59008K->6528K(59008K), 0.0611380 secs] 2864283K->2820219K(25159296K), 0.0614958 secs] [Times: user=0.71 sys=0.01, real=0.06 secs] 
2014-04-09T14:23:14.160+0900: 42.980: [GC (Allocation Failure) 42.980: [ParNew: 59008K->6528K(59008K), 0.0635636 secs] 2872699K->2829074K(25159296K), 0.0639291 secs] [Times: user=0.74 sys=0.02, real=0.07 secs] 
2014-04-09T14:23:14.263+0900: 43.083: [GC (Allocation Failure) 43.083: [ParNew: 59008K->6528K(59008K), 0.0640246 secs] 2881554K->2838010K(25159296K), 0.0643850 secs] [Times: user=0.74 sys=0.01, real=0.06 secs] 
2014-04-09T14:23:14.366+0900: 43.186: [GC (Allocation Failure) 43.186: [ParNew: 59008K->6528K(59008K), 0.0627367 secs] 2890490K->2845946K(25159296K), 0.0630978 secs] [Times: user=0.74 sys=0.01, real=0.06 secs] 
2014-04-09T14:23:14.468+0900: 43.288: [GC (Allocation Failure) 43.288: [ParNew: 59008K->6528K(59008K), 0.0549161 secs] 2898426K->2854455K(25159296K), 0.0552731 secs] [Times: user=0.61 sys=0.00, real=0.06 secs] 
2014-04-09T14:23:14.562+0900: 43.381: [GC (Allocation Failure) 43.382: [ParNew: 59008K->6528K(59008K), 0.0654278 secs] 2906935K->2863659K(25159296K), 0.0657969 secs] [Times: user=0.75 sys=0.01, real=0.07 secs] 
2014-04-09T14:23:14.669+0900: 43.489: [GC (Allocation Failure) 43.489: [ParNew: 59008K->6528K(59008K), 0.0669423 secs] 2916139K->2872976K(25159296K), 0.0672973 secs] [Times: user=0.78 sys=0.01, real=0.07 secs] 
2014-04-09T14:23:14.775+0900: 43.594: [GC (Allocation Failure) 43.595: [ParNew: 59008K->6528K(59008K), 0.0626684 secs] 2925456K->2881020K(25159296K), 0.0630279 secs] [Times: user=0.73 sys=0.00, real=0.06 secs] 
2014-04-09T14:23:14.876+0900: 43.696: [GC (Allocation Failure) 43.696: [ParNew: 59008K->6528K(59008K), 0.0658352 secs] 2933500K->2890484K(25159296K), 0.0661986 secs] [Times: user=0.70 sys=0.02, real=0.07 secs] 
2014-04-09T14:23:14.981+0900: 43.801: [GC (Allocation Failure) 43.801: [ParNew: 59008K->6528K(59008K), 0.0645986 secs] 2942964K->2899554K(25159296K), 0.0649621 secs] [Times: user=0.75 sys=0.01, real=0.07 secs] 
2014-04-09T14:23:15.089+0900: 43.909: [GC (Allocation Failure) 43.909: [ParNew: 59008K->6528K(59008K), 0.0572571 secs] 2952034K->2908131K(25159296K), 0.0576113 secs] [Times: user=0.66 sys=0.01, real=0.06 secs] 
2014-04-09T14:23:15.186+0900: 44.005: [GC (Allocation Failure) 44.005: [ParNew: 59008K->6528K(59008K), 0.0616768 secs] 2960611K->2917150K(25159296K), 0.0620389 secs] [Times: user=0.73 sys=0.00, real=0.06 secs] 
2014-04-09T14:23:15.286+0900: 44.106: [GC (Allocation Failure) 44.106: [ParNew: 59008K->6528K(59008K), 0.0637552 secs] 2969630K->2926342K(25159296K), 0.0641098 secs] [Times: user=0.71 sys=0.01, real=0.06 secs] 
2014-04-09T14:23:15.387+0900: 44.207: [GC (Allocation Failure) 44.207: [ParNew: 59008K->6528K(59008K), 0.0660348 secs] 2978822K->2934519K(25159296K), 0.0663924 secs] [Times: user=0.76 sys=0.02, real=0.07 secs] 
2014-04-09T14:23:15.492+0900: 44.312: [GC (Allocation Failure) 44.312: [ParNew: 59008K->6528K(59008K), 0.0611633 secs] 2986999K->2943796K(25159296K), 0.0615324 secs] [Times: user=0.70 sys=0.00, real=0.07 secs] 
2014-04-09T14:23:15.593+0900: 44.413: [GC (Allocation Failure) 44.413: [ParNew: 59008K->6528K(59008K), 0.0667185 secs] 2996276K->2951392K(25159296K), 0.0670789 secs] [Times: user=0.78 sys=0.02, real=0.06 secs] 
2014-04-09T14:23:15.698+0900: 44.518: [GC (Allocation Failure) 44.518: [ParNew: 59008K->6528K(59008K), 0.0675593 secs] 3003872K->2960696K(25159296K), 0.0679237 secs] [Times: user=0.78 sys=0.02, real=0.07 secs] 
2014-04-09T14:23:15.806+0900: 44.626: [GC (Allocation Failure) 44.626: [ParNew: 59008K->6528K(59008K), 0.0568844 secs] 3013176K->2969022K(25159296K), 0.0572628 secs] [Times: user=0.66 sys=0.01, real=0.06 secs] 
2014-04-09T14:23:15.902+0900: 44.721: [GC (Allocation Failure) 44.722: [ParNew: 59008K->6528K(59008K), 0.0612295 secs] 3021502K->2978266K(25159296K), 0.0615982 secs] [Times: user=0.72 sys=0.01, real=0.07 secs] 
2014-04-09T14:23:16.002+0900: 44.822: [GC (Allocation Failure) 44.822: [ParNew: 59008K->6528K(59008K), 0.0597090 secs] 3030746K->2987288K(25159296K), 0.0600798 secs] [Times: user=0.69 sys=0.01, real=0.07 secs] 
2014-04-09T14:23:16.100+0900: 44.920: [GC (Allocation Failure) 44.920: [ParNew: 59008K->6528K(59008K), 0.0640070 secs] 3039768K->2995872K(25159296K), 0.0643708 secs] [Times: user=0.74 sys=0.01, real=0.07 secs] 
2014-04-09T14:23:16.204+0900: 45.024: [GC (Allocation Failure) 45.024: [ParNew: 59008K->6528K(59008K), 0.0669211 secs] 3048352K->3004653K(25159296K), 0.0672814 secs] [Times: user=0.79 sys=0.01, real=0.06 secs] 
2014-04-09T14:23:16.310+0900: 45.130: [GC (Allocation Failure) 45.130: [ParNew: 59008K->6528K(59008K), 0.0610800 secs] 3057133K->3013483K(25159296K), 0.0614392 secs] [Times: user=0.70 sys=0.02, real=0.06 secs] 
2014-04-09T14:23:16.412+0900: 45.232: [GC (Allocation Failure) 45.232: [ParNew: 59008K->6528K(59008K), 0.0626066 secs] 3065963K->3022926K(25159296K), 0.0629658 secs] [Times: user=0.73 sys=0.00, real=0.07 secs] 
2014-04-09T14:23:16.516+0900: 45.335: [GC (Allocation Failure) 45.335: [ParNew: 59008K->6528K(59008K), 0.0614246 secs] 3075406K->3031542K(25159296K), 0.0617890 secs] [Times: user=0.69 sys=0.02, real=0.06 secs] 
2014-04-09T14:23:16.617+0900: 45.436: [GC (Allocation Failure) 45.437: [ParNew: 59008K->6528K(59008K), 0.0600626 secs] 3084022K->3040652K(25159296K), 0.0604231 secs] [Times: user=0.70 sys=0.01, real=0.06 secs] 
2014-04-09T14:23:16.715+0900: 45.535: [GC (Allocation Failure) 45.535: [ParNew: 59008K->6528K(59008K), 0.0536291 secs] 3093132K->3048393K(25159296K), 0.0539946 secs] [Times: user=0.63 sys=0.01, real=0.05 secs] 
2014-04-09T14:23:16.807+0900: 45.627: [GC (Allocation Failure) 45.627: [ParNew: 59008K->6528K(59008K), 0.0630637 secs] 3100873K->3057327K(25159296K), 0.0634249 secs] [Times: user=0.73 sys=0.01, real=0.06 secs] 
2014-04-09T14:23:16.910+0900: 45.729: [GC (Allocation Failure) 45.730: [ParNew: 59008K->6528K(59008K), 0.0578364 secs] 3109807K->3066710K(25159296K), 0.0581966 secs] [Times: user=0.68 sys=0.01, real=0.06 secs] 
2014-04-09T14:23:17.004+0900: 45.824: [GC (Allocation Failure) 45.824: [ParNew: 59008K->6528K(59008K), 0.0612760 secs] 3119190K->3075635K(25159296K), 0.0616434 secs] [Times: user=0.70 sys=0.01, real=0.06 secs] 
2014-04-09T14:23:17.105+0900: 45.925: [GC (Allocation Failure) 45.925: [ParNew: 59008K->6528K(59008K), 0.0590424 secs] 3128115K->3084998K(25159296K), 0.0594027 secs] [Times: user=0.69 sys=0.01, real=0.06 secs] 
2014-04-09T14:23:17.203+0900: 46.023: [GC (Allocation Failure) 46.023: [ParNew: 59008K->6528K(59008K), 0.0661265 secs] 3137478K->3094320K(25159296K), 0.0664828 secs] [Times: user=0.76 sys=0.02, real=0.06 secs] 
2014-04-09T14:23:17.313+0900: 46.132: [GC (Allocation Failure) 46.132: [ParNew: 59008K->6528K(59008K), 0.0624313 secs] 3146800K->3103013K(25159296K), 0.0627953 secs] [Times: user=0.71 sys=0.02, real=0.07 secs] 
2014-04-09T14:23:17.414+0900: 46.234: [GC (Allocation Failure) 46.234: [ParNew: 59008K->6528K(59008K), 0.0630387 secs] 3155493K->3111889K(25159296K), 0.0634027 secs] [Times: user=0.75 sys=0.00, real=0.06 secs] 
2014-04-09T14:23:17.516+0900: 46.336: [GC (Allocation Failure) 46.336: [ParNew: 59008K->6528K(59008K), 0.0627863 secs] 3164369K->3120388K(25159296K), 0.0631464 secs] [Times: user=0.72 sys=0.01, real=0.06 secs] 
2014-04-09T14:23:17.617+0900: 46.436: [GC (Allocation Failure) 46.437: [ParNew: 59008K->6528K(59008K), 0.0588284 secs] 3172868K->3128767K(25159296K), 0.0591905 secs] [Times: user=0.67 sys=0.01, real=0.06 secs] 
2014-04-09T14:23:17.714+0900: 46.534: [GC (Allocation Failure) 46.534: [ParNew: 59008K->6528K(59008K), 0.0638007 secs] 3181247K->3137568K(25159296K), 0.0641617 secs] [Times: user=0.74 sys=0.02, real=0.06 secs] 
2014-04-09T14:23:17.816+0900: 46.636: [GC (Allocation Failure) 46.636: [ParNew: 59008K->6528K(59008K), 0.0633212 secs] 3190048K->3145592K(25159296K), 0.0636775 secs] [Times: user=0.74 sys=0.01, real=0.06 secs] 
2014-04-09T14:23:17.918+0900: 46.737: [GC (Allocation Failure) 46.738: [ParNew: 59008K->6528K(59008K), 0.0611151 secs] 3198072K->3153937K(25159296K), 0.0614706 secs] [Times: user=0.71 sys=0.00, real=0.06 secs] 
2014-04-09T14:23:18.018+0900: 46.838: [GC (Allocation Failure) 46.838: [ParNew: 59008K->6528K(59008K), 0.0651608 secs] 3206417K->3162965K(25159296K), 0.0655186 secs] [Times: user=0.76 sys=0.01, real=0.07 secs] 
2014-04-09T14:23:18.121+0900: 46.941: [GC (Allocation Failure) 46.941: [ParNew: 59008K->6528K(59008K), 0.0641471 secs] 3215445K->3171337K(25159296K), 0.0645065 secs] [Times: user=0.75 sys=0.01, real=0.07 secs] 
2014-04-09T14:23:18.224+0900: 47.043: [GC (Allocation Failure) 47.044: [ParNew: 59008K->6528K(59008K), 0.0629921 secs] 3223817K->3180227K(25159296K), 0.0633484 secs] [Times: user=0.73 sys=0.02, real=0.06 secs] 
2014-04-09T14:23:18.327+0900: 47.146: [GC (Allocation Failure) 47.147: [ParNew: 59008K->6528K(59008K), 0.0628320 secs] 3232707K->3188218K(25159296K), 0.0631924 secs] [Times: user=0.73 sys=0.01, real=0.06 secs] 
2014-04-09T14:23:18.431+0900: 47.251: [GC (Allocation Failure) 47.251: [ParNew: 59008K->6528K(59008K), 0.0646647 secs] 3240698K->3197141K(25159296K), 0.0650192 secs] [Times: user=0.74 sys=0.02, real=0.07 secs] 
2014-04-09T14:23:18.534+0900: 47.354: [GC (Allocation Failure) 47.354: [ParNew: 59008K->6528K(59008K), 0.0606146 secs] 3249621K->3205679K(25159296K), 0.0609750 secs] [Times: user=0.70 sys=0.00, real=0.06 secs] 
2014-04-09T14:23:18.632+0900: 47.452: [GC (Allocation Failure) 47.452: [ParNew: 59008K->6528K(59008K), 0.0622217 secs] 3258159K->3214357K(25159296K), 0.0625803 secs] [Times: user=0.72 sys=0.01, real=0.07 secs] 
2014-04-09T14:23:18.734+0900: 47.554: [GC (Allocation Failure) 47.554: [ParNew: 59008K->6528K(59008K), 0.0633917 secs] 3266837K->3222809K(25159296K), 0.0637568 secs] [Times: user=0.74 sys=0.00, real=0.06 secs] 
2014-04-09T14:23:18.836+0900: 47.656: [GC (Allocation Failure) 47.656: [ParNew: 59008K->6528K(59008K), 0.0648087 secs] 3275289K->3231417K(25159296K), 0.0651829 secs] [Times: user=0.74 sys=0.01, real=0.06 secs] 
2014-04-09T14:23:18.940+0900: 47.760: [GC (Allocation Failure) 47.760: [ParNew: 59008K->6528K(59008K), 0.0587807 secs] 3283897K->3239544K(25159296K), 0.0591410 secs] [Times: user=0.68 sys=0.01, real=0.06 secs] 
2014-04-09T14:23:19.038+0900: 47.858: [GC (Allocation Failure) 47.858: [ParNew: 59008K->6528K(59008K), 0.0647762 secs] 3292024K->3248547K(25159296K), 0.0651519 secs] [Times: user=0.74 sys=0.01, real=0.07 secs] 
2014-04-09T14:23:19.142+0900: 47.962: [GC (Allocation Failure) 47.962: [ParNew: 59008K->6528K(59008K), 0.0648192 secs] 3301027K->3258944K(25159296K), 0.0651829 secs] [Times: user=0.75 sys=0.01, real=0.07 secs] 
2014-04-09T14:23:19.256+0900: 48.076: [GC (Allocation Failure) 48.076: [ParNew: 59008K->6528K(59008K), 0.0678273 secs] 3311424K->3273577K(25159296K), 0.0682031 secs] [Times: user=0.80 sys=0.00, real=0.07 secs] 
2014-04-09T14:23:19.376+0900: 48.196: [GC (Allocation Failure) 48.196: [ParNew: 59008K->6528K(59008K), 0.0613426 secs] 3326057K->3283585K(25159296K), 0.0617024 secs] [Times: user=0.72 sys=0.01, real=0.06 secs] 
2014-04-09T14:23:19.476+0900: 48.296: [GC (Allocation Failure) 48.296: [ParNew: 58930K->6528K(59008K), 0.0659001 secs] 3335988K->3293982K(25159296K), 0.0662571 secs] [Times: user=0.77 sys=0.01, real=0.06 secs] 
2014-04-09T14:23:19.583+0900: 48.403: [GC (Allocation Failure) 48.403: [ParNew: 59008K->6528K(59008K), 0.0634963 secs] 3346462K->3302593K(25159296K), 0.0638544 secs] [Times: user=0.75 sys=0.00, real=0.07 secs] 
2014-04-09T14:23:19.685+0900: 48.505: [GC (Allocation Failure) 48.505: [ParNew: 59008K->6528K(59008K), 0.0600772 secs] 3355073K->3310895K(25159296K), 0.0604355 secs] [Times: user=0.70 sys=0.01, real=0.06 secs] 
2014-04-09T14:23:19.785+0900: 48.605: [GC (Allocation Failure) 48.605: [ParNew: 59008K->6528K(59008K), 0.0626641 secs] 3363375K->3319305K(25159296K), 0.0630258 secs] [Times: user=0.74 sys=0.00, real=0.06 secs] 
2014-04-09T14:23:19.887+0900: 48.707: [GC (Allocation Failure) 48.707: [ParNew: 59008K->6528K(59008K), 0.0650760 secs] 3371785K->3327581K(25159296K), 0.0654369 secs] [Times: user=0.71 sys=0.01, real=0.06 secs] 
2014-04-09T14:23:19.991+0900: 48.811: [GC (Allocation Failure) 48.811: [ParNew: 59008K->6528K(59008K), 0.0647941 secs] 3380061K->3337294K(25159296K), 0.0651610 secs] [Times: user=0.74 sys=0.01, real=0.07 secs] 
2014-04-09T14:23:20.096+0900: 48.915: [GC (Allocation Failure) 48.916: [ParNew: 59008K->6528K(59008K), 0.0560780 secs] 3389774K->3345810K(25159296K), 0.0564385 secs] [Times: user=0.64 sys=0.01, real=0.05 secs] 
2014-04-09T14:23:20.192+0900: 49.012: [GC (Allocation Failure) 49.012: [ParNew: 59008K->6528K(59008K), 0.0624709 secs] 3398290K->3354332K(25159296K), 0.0628295 secs] [Times: user=0.74 sys=0.01, real=0.07 secs] 
2014-04-09T14:23:20.293+0900: 49.113: [GC (Allocation Failure) 49.113: [ParNew: 59008K->6528K(59008K), 0.0622867 secs] 3406812K->3362526K(25159296K), 0.0626494 secs] [Times: user=0.72 sys=0.01, real=0.06 secs] 
2014-04-09T14:23:20.397+0900: 49.217: [GC (Allocation Failure) 49.217: [ParNew: 59008K->6528K(59008K), 0.0608500 secs] 3415006K->3371324K(25159296K), 0.0612127 secs] [Times: user=0.71 sys=0.01, real=0.06 secs] 
2014-04-09T14:23:20.498+0900: 49.318: [GC (Allocation Failure) 49.318: [ParNew: 59008K->6528K(59008K), 0.0628081 secs] 3423804K->3380008K(25159296K), 0.0631746 secs] [Times: user=0.72 sys=0.02, real=0.06 secs] 
2014-04-09T14:23:20.600+0900: 49.420: [GC (Allocation Failure) 49.420: [ParNew: 59008K->6528K(59008K), 0.0499069 secs] 3432488K->3388185K(25159296K), 0.0502654 secs] [Times: user=0.55 sys=0.01, real=0.05 secs] 
2014-04-09T14:23:20.689+0900: 49.509: [GC (Allocation Failure) 49.509: [ParNew: 59008K->6528K(59008K), 0.0678282 secs] 3440665K->3396946K(25159296K), 0.0681975 secs] [Times: user=0.80 sys=0.01, real=0.07 secs] 
2014-04-09T14:23:20.795+0900: 49.615: [GC (Allocation Failure) 49.615: [ParNew: 59008K->6528K(59008K), 0.0669683 secs] 3449426K->3405531K(25159296K), 0.0673432 secs] [Times: user=0.66 sys=0.01, real=0.06 secs] 
2014-04-09T14:23:20.902+0900: 49.722: [GC (Allocation Failure) 49.722: [ParNew: 59008K->6528K(59008K), 0.0661105 secs] 3458011K->3413617K(25159296K), 0.0664689 secs] [Times: user=0.77 sys=0.01, real=0.07 secs] 
2014-04-09T14:23:21.007+0900: 49.827: [GC (Allocation Failure) 49.827: [ParNew: 59008K->6528K(59008K), 0.0599876 secs] 3466097K->3422024K(25159296K), 0.0603540 secs] [Times: user=0.70 sys=0.01, real=0.06 secs] 
2014-04-09T14:23:21.110+0900: 49.930: [GC (Allocation Failure) 49.930: [ParNew: 59008K->6528K(59008K), 0.0573044 secs] 3474504K->3430639K(25159296K), 0.0576652 secs] [Times: user=0.67 sys=0.01, real=0.06 secs] 
2014-04-09T14:23:21.206+0900: 50.026: [GC (Allocation Failure) 50.026: [ParNew: 59008K->6528K(59008K), 0.0626260 secs] 3483119K->3439426K(25159296K), 0.0629943 secs] [Times: user=0.73 sys=0.01, real=0.06 secs] 
2014-04-09T14:23:21.310+0900: 50.130: [GC (Allocation Failure) 50.130: [ParNew: 59008K->6528K(59008K), 0.0624358 secs] 3491906K->3448011K(25159296K), 0.0627953 secs] [Times: user=0.72 sys=0.01, real=0.06 secs] 
2014-04-09T14:23:21.412+0900: 50.232: [GC (Allocation Failure) 50.232: [ParNew: 59008K->6528K(59008K), 0.0602869 secs] 3500491K->3455773K(25159296K), 0.0606545 secs] [Times: user=0.71 sys=0.01, real=0.06 secs] 
2014-04-09T14:23:21.511+0900: 50.331: [GC (Allocation Failure) 50.331: [ParNew: 59008K->6528K(59008K), 0.0626088 secs] 3508253K->3464957K(25159296K), 0.0629674 secs] [Times: user=0.73 sys=0.00, real=0.07 secs] 
2014-04-09T14:23:21.612+0900: 50.432: [GC (Allocation Failure) 50.432: [ParNew: 59008K->6528K(59008K), 0.0656096 secs] 3517437K->3473501K(25159296K), 0.0659696 secs] [Times: user=0.75 sys=0.02, real=0.07 secs] 
2014-04-09T14:23:21.717+0900: 50.536: [GC (Allocation Failure) 50.536: [ParNew: 59008K->6528K(59008K), 0.0594385 secs] 3525981K->3482140K(25159296K), 0.0598043 secs] [Times: user=0.69 sys=0.01, real=0.06 secs] 
2014-04-09T14:23:21.816+0900: 50.636: [GC (Allocation Failure) 50.636: [ParNew: 59008K->6528K(59008K), 0.0605926 secs] 3534620K->3491122K(25159296K), 0.0609512 secs] [Times: user=0.71 sys=0.00, real=0.06 secs] 
2014-04-09T14:23:21.916+0900: 50.736: [GC (Allocation Failure) 50.736: [ParNew: 59008K->6528K(59008K), 0.0614637 secs] 3543602K->3499770K(25159296K), 0.0618210 secs] [Times: user=0.72 sys=0.01, real=0.06 secs] 
2014-04-09T14:23:22.015+0900: 50.835: [GC (Allocation Failure) 50.835: [ParNew: 59008K->6528K(59008K), 0.0585886 secs] 3552250K->3508239K(25159296K), 0.0589477 secs] [Times: user=0.68 sys=0.01, real=0.06 secs] 
2014-04-09T14:23:22.118+0900: 50.937: [GC (Allocation Failure) 50.938: [ParNew: 59008K->6528K(59008K), 0.0638933 secs] 3560719K->3516995K(25159296K), 0.0642523 secs] [Times: user=0.74 sys=0.01, real=0.06 secs] 
2014-04-09T14:23:22.223+0900: 51.042: [GC (Allocation Failure) 51.042: [ParNew: 59008K->6528K(59008K), 0.0579450 secs] 3569475K->3525314K(25159296K), 0.0583052 secs] [Times: user=0.67 sys=0.02, real=0.06 secs] 
2014-04-09T14:23:22.320+0900: 51.140: [GC (Allocation Failure) 51.140: [ParNew: 59008K->6528K(59008K), 0.0595977 secs] 3577794K->3534179K(25159296K), 0.0599650 secs] [Times: user=0.70 sys=0.01, real=0.06 secs] 
2014-04-09T14:23:22.419+0900: 51.239: [GC (Allocation Failure) 51.239: [ParNew: 59008K->6528K(59008K), 0.0655089 secs] 3586659K->3543017K(25159296K), 0.0658763 secs] [Times: user=0.75 sys=0.01, real=0.07 secs] 
2014-04-09T14:23:22.524+0900: 51.344: [GC (Allocation Failure) 51.344: [ParNew: 59008K->6528K(59008K), 0.0565360 secs] 3595497K->3551607K(25159296K), 0.0568959 secs] [Times: user=0.66 sys=0.00, real=0.05 secs] 
2014-04-09T14:23:22.619+0900: 51.439: [GC (Allocation Failure) 51.439: [ParNew: 59008K->6528K(59008K), 0.0621514 secs] 3604087K->3560592K(25159296K), 0.0625116 secs] [Times: user=0.72 sys=0.01, real=0.06 secs] 
2014-04-09T14:23:22.721+0900: 51.540: [GC (Allocation Failure) 51.541: [ParNew: 59008K->6528K(59008K), 0.0620568 secs] 3613072K->3568695K(25159296K), 0.0624175 secs] [Times: user=0.72 sys=0.01, real=0.06 secs] 
2014-04-09T14:23:22.821+0900: 51.641: [GC (Allocation Failure) 51.641: [ParNew: 59008K->6528K(59008K), 0.0619510 secs] 3621175K->3576702K(25159296K), 0.0623188 secs] [Times: user=0.73 sys=0.01, real=0.07 secs] 
2014-04-09T14:23:22.923+0900: 51.742: [GC (Allocation Failure) 51.743: [ParNew: 59008K->6528K(59008K), 0.0573033 secs] 3629182K->3585497K(25159296K), 0.0576632 secs] [Times: user=0.65 sys=0.02, real=0.06 secs] 
2014-04-09T14:23:23.020+0900: 51.840: [GC (Allocation Failure) 51.840: [ParNew: 59008K->6528K(59008K), 0.0570217 secs] 3637977K->3594613K(25159296K), 0.0573785 secs] [Times: user=0.65 sys=0.02, real=0.06 secs] 
2014-04-09T14:23:23.117+0900: 51.937: [GC (Allocation Failure) 51.937: [ParNew: 59008K->6528K(59008K), 0.0662287 secs] 3647093K->3603573K(25159296K), 0.0665851 secs] [Times: user=0.78 sys=0.01, real=0.07 secs] 
2014-04-09T14:23:23.222+0900: 52.042: [GC (Allocation Failure) 52.042: [ParNew: 59008K->6528K(59008K), 0.0609623 secs] 3656053K->3611889K(25159296K), 0.0613288 secs] [Times: user=0.72 sys=0.00, real=0.07 secs] 
2014-04-09T14:23:23.323+0900: 52.143: [GC (Allocation Failure) 52.143: [ParNew: 59008K->6528K(59008K), 0.0598420 secs] 3664369K->3621046K(25159296K), 0.0602180 secs] [Times: user=0.69 sys=0.00, real=0.07 secs] 
2014-04-09T14:23:23.422+0900: 52.242: [GC (Allocation Failure) 52.242: [ParNew: 59008K->6528K(59008K), 0.0594579 secs] 3673526K->3630005K(25159296K), 0.0598153 secs] [Times: user=0.70 sys=0.01, real=0.06 secs] 
2014-04-09T14:23:23.525+0900: 52.344: [GC (Allocation Failure) 52.344: [ParNew: 59008K->6528K(59008K), 0.0658532 secs] 3682485K->3638260K(25159296K), 0.0662124 secs] [Times: user=0.78 sys=0.01, real=0.06 secs] 
2014-04-09T14:23:23.630+0900: 52.449: [GC (Allocation Failure) 52.449: [ParNew: 59008K->6528K(59008K), 0.0612407 secs] 3690740K->3646706K(25159296K), 0.0616016 secs] [Times: user=0.72 sys=0.00, real=0.06 secs] 
2014-04-09T14:23:23.730+0900: 52.550: [GC (Allocation Failure) 52.550: [ParNew: 58988K->6528K(59008K), 0.0611444 secs] 3699166K->3655112K(25159296K), 0.0615233 secs] [Times: user=0.71 sys=0.01, real=0.06 secs] 
2014-04-09T14:23:23.830+0900: 52.650: [GC (Allocation Failure) 52.650: [ParNew: 59008K->6528K(59008K), 0.0646518 secs] 3707592K->3664224K(25159296K), 0.0650233 secs] [Times: user=0.75 sys=0.01, real=0.07 secs] 
2014-04-09T14:23:23.938+0900: 52.758: [GC (Allocation Failure) 52.758: [ParNew: 59008K->6528K(59008K), 0.0623464 secs] 3716704K->3671946K(25159296K), 0.0627009 secs] [Times: user=0.73 sys=0.01, real=0.06 secs] 
2014-04-09T14:23:24.039+0900: 52.859: [GC (Allocation Failure) 52.859: [ParNew: 59008K->6528K(59008K), 0.0585807 secs] 3724426K->3681294K(25159296K), 0.0589492 secs] [Times: user=0.68 sys=0.02, real=0.06 secs] 
2014-04-09T14:23:24.137+0900: 52.957: [GC (Allocation Failure) 52.957: [ParNew: 59008K->6528K(59008K), 0.0655488 secs] 3733774K->3689580K(25159296K), 0.0659074 secs] [Times: user=0.76 sys=0.01, real=0.06 secs] 
2014-04-09T14:23:24.243+0900: 53.063: [GC (Allocation Failure) 53.063: [ParNew: 59008K->6528K(59008K), 0.0604210 secs] 3742060K->3697869K(25159296K), 0.0607767 secs] [Times: user=0.70 sys=0.01, real=0.06 secs] 
2014-04-09T14:23:24.344+0900: 53.164: [GC (Allocation Failure) 53.164: [ParNew: 59008K->6528K(59008K), 0.0607494 secs] 3750349K->3706835K(25159296K), 0.0611231 secs] [Times: user=0.71 sys=0.01, real=0.07 secs] 
2014-04-09T14:23:24.442+0900: 53.261: [GC (Allocation Failure) 53.262: [ParNew: 59008K->6528K(59008K), 0.0609077 secs] 3759315K->3715042K(25159296K), 0.0612679 secs] [Times: user=0.71 sys=0.02, real=0.06 secs] 
2014-04-09T14:23:24.545+0900: 53.365: [GC (Allocation Failure) 53.365: [ParNew: 59008K->6528K(59008K), 0.0541976 secs] 3767522K->3723584K(25159296K), 0.0545533 secs] [Times: user=0.62 sys=0.01, real=0.05 secs] 
2014-04-09T14:23:24.637+0900: 53.457: [GC (Allocation Failure) 53.457: [ParNew: 59008K->6528K(59008K), 0.0626701 secs] 3776064K->3732984K(25159296K), 0.0630447 secs] [Times: user=0.72 sys=0.02, real=0.06 secs] 
2014-04-09T14:23:24.742+0900: 53.562: [GC (Allocation Failure) 53.562: [ParNew: 59008K->6528K(59008K), 0.0545324 secs] 3785464K->3741124K(25159296K), 0.0549038 secs] [Times: user=0.64 sys=0.01, real=0.06 secs] 
2014-04-09T14:23:24.836+0900: 53.656: [GC (Allocation Failure) 53.656: [ParNew: 59008K->6528K(59008K), 0.0623695 secs] 3793604K->3749718K(25159296K), 0.0627295 secs] [Times: user=0.72 sys=0.01, real=0.06 secs] 
2014-04-09T14:23:24.936+0900: 53.756: [GC (Allocation Failure) 53.756: [ParNew: 59008K->6528K(59008K), 0.0615118 secs] 3802198K->3757805K(25159296K), 0.0618744 secs] [Times: user=0.72 sys=0.01, real=0.06 secs] 
2014-04-09T14:23:25.035+0900: 53.855: [GC (Allocation Failure) 53.855: [ParNew: 59008K->6528K(59008K), 0.0594154 secs] 3810285K->3766795K(25159296K), 0.0597748 secs] [Times: user=0.68 sys=0.01, real=0.06 secs] 
2014-04-09T14:23:25.134+0900: 53.954: [GC (Allocation Failure) 53.954: [ParNew: 59008K->6528K(59008K), 0.0631928 secs] 3819275K->3775799K(25159296K), 0.0635550 secs] [Times: user=0.73 sys=0.01, real=0.06 secs] 
2014-04-09T14:23:25.238+0900: 54.057: [GC (Allocation Failure) 54.058: [ParNew: 59008K->6528K(59008K), 0.0630890 secs] 3828279K->3783639K(25159296K), 0.0634478 secs] [Times: user=0.74 sys=0.01, real=0.06 secs] 
2014-04-09T14:23:25.340+0900: 54.159: [GC (Allocation Failure) 54.160: [ParNew: 59008K->6528K(59008K), 0.0564248 secs] 3836119K->3792003K(25159296K), 0.0567911 secs] [Times: user=0.66 sys=0.00, real=0.06 secs] 
2014-04-09T14:23:25.439+0900: 54.259: [GC (Allocation Failure) 54.259: [ParNew: 59008K->6528K(59008K), 0.0579045 secs] 3844483K->3800520K(25159296K), 0.0582615 secs] [Times: user=0.67 sys=0.01, real=0.06 secs] 
2014-04-09T14:23:25.536+0900: 54.356: [GC (Allocation Failure) 54.356: [ParNew: 59008K->6528K(59008K), 0.0594666 secs] 3853000K->3809439K(25159296K), 0.0598372 secs] [Times: user=0.69 sys=0.01, real=0.06 secs] 
2014-04-09T14:23:25.633+0900: 54.453: [GC (Allocation Failure) 54.453: [ParNew: 59008K->6528K(59008K), 0.0658443 secs] 3861919K->3818126K(25159296K), 0.0662398 secs] [Times: user=0.76 sys=0.01, real=0.07 secs] 
2014-04-09T14:23:25.739+0900: 54.559: [GC (Allocation Failure) 54.559: [ParNew: 59008K->6528K(59008K), 0.0545315 secs] 3870606K->3826609K(25159296K), 0.0548920 secs] [Times: user=0.63 sys=0.00, real=0.05 secs] 
2014-04-09T14:23:25.832+0900: 54.652: [GC (Allocation Failure) 54.652: [ParNew: 59008K->6528K(59008K), 0.0662963 secs] 3879089K->3835497K(25159296K), 0.0666572 secs] [Times: user=0.78 sys=0.00, real=0.07 secs] 
2014-04-09T14:23:25.938+0900: 54.758: [GC (Allocation Failure) 54.758: [ParNew: 59008K->6528K(59008K), 0.0600997 secs] 3887977K->3844038K(25159296K), 0.0604613 secs] [Times: user=0.69 sys=0.01, real=0.06 secs] 
2014-04-09T14:23:26.037+0900: 54.857: [GC (Allocation Failure) 54.857: [ParNew: 59008K->6528K(59008K), 0.0598619 secs] 3896518K->3852541K(25159296K), 0.0602205 secs] [Times: user=0.70 sys=0.01, real=0.06 secs] 
2014-04-09T14:23:26.137+0900: 54.956: [GC (Allocation Failure) 54.957: [ParNew: 59008K->6528K(59008K), 0.0640652 secs] 3905021K->3860758K(25159296K), 0.0644277 secs] [Times: user=0.74 sys=0.01, real=0.06 secs] 
2014-04-09T14:23:26.240+0900: 55.059: [GC (Allocation Failure) 55.060: [ParNew: 59008K->6528K(59008K), 0.0593712 secs] 3913238K->3869752K(25159296K), 0.0597360 secs] [Times: user=0.69 sys=0.00, real=0.06 secs] 
2014-04-09T14:23:26.336+0900: 55.156: [GC (Allocation Failure) 55.156: [ParNew: 59008K->6528K(59008K), 0.0577271 secs] 3922232K->3877941K(25159296K), 0.0580928 secs] [Times: user=0.66 sys=0.00, real=0.06 secs] 
2014-04-09T14:23:26.438+0900: 55.257: [GC (Allocation Failure) 55.257: [ParNew: 59008K->6528K(59008K), 0.0580007 secs] 3930421K->3885830K(25159296K), 0.0583551 secs] [Times: user=0.66 sys=0.01, real=0.06 secs] 
2014-04-09T14:23:26.539+0900: 55.359: [GC (Allocation Failure) 55.359: [ParNew: 59008K->6528K(59008K), 0.0647009 secs] 3938310K->3894521K(25159296K), 0.0650528 secs] [Times: user=0.74 sys=0.00, real=0.07 secs] 
2014-04-09T14:23:26.643+0900: 55.463: [GC (Allocation Failure) 55.463: [ParNew: 59008K->6528K(59008K), 0.0621622 secs] 3947001K->3903401K(25159296K), 0.0625319 secs] [Times: user=0.72 sys=0.01, real=0.07 secs] 
2014-04-09T14:23:26.746+0900: 55.566: [GC (Allocation Failure) 55.566: [ParNew: 59008K->6528K(59008K), 0.0620225 secs] 3955881K->3911589K(25159296K), 0.0623801 secs] [Times: user=0.71 sys=0.01, real=0.06 secs] 
2014-04-09T14:23:26.848+0900: 55.667: [GC (Allocation Failure) 55.667: [ParNew: 58944K->6528K(59008K), 0.0628393 secs] 3964005K->3920198K(25159296K), 0.0631996 secs] [Times: user=0.72 sys=0.02, real=0.06 secs] 
2014-04-09T14:23:26.951+0900: 55.770: [GC (Allocation Failure) 55.771: [ParNew: 59008K->6528K(59008K), 0.0629925 secs] 3972678K->3928411K(25159296K), 0.0633522 secs] [Times: user=0.73 sys=0.01, real=0.06 secs] 
2014-04-09T14:23:27.053+0900: 55.873: [GC (Allocation Failure) 55.873: [ParNew: 59008K->6528K(59008K), 0.0628900 secs] 3980891K->3937304K(25159296K), 0.0632580 secs] [Times: user=0.72 sys=0.02, real=0.07 secs] 
2014-04-09T14:23:27.156+0900: 55.976: [GC (Allocation Failure) 55.976: [ParNew: 59008K->6528K(59008K), 0.0543197 secs] 3989784K->3946036K(25159296K), 0.0546896 secs] [Times: user=0.61 sys=0.01, real=0.05 secs] 
2014-04-09T14:23:27.250+0900: 56.069: [GC (Allocation Failure) 56.070: [ParNew: 59008K->6528K(59008K), 0.0647975 secs] 3998516K->3954698K(25159296K), 0.0651583 secs] [Times: user=0.75 sys=0.01, real=0.07 secs] 
2014-04-09T14:23:27.352+0900: 56.172: [GC (Allocation Failure) 56.172: [ParNew: 59008K->6528K(59008K), 0.0599201 secs] 4007178K->3963220K(25159296K), 0.0602882 secs] [Times: user=0.69 sys=0.01, real=0.06 secs] 
2014-04-09T14:23:27.452+0900: 56.271: [GC (Allocation Failure) 56.272: [ParNew: 58905K->6528K(59008K), 0.0620375 secs] 4015597K->3971683K(25159296K), 0.0623988 secs] [Times: user=0.72 sys=0.01, real=0.06 secs] 
2014-04-09T14:23:27.554+0900: 56.374: [GC (Allocation Failure) 56.374: [ParNew: 59008K->6528K(59008K), 0.0646962 secs] 4024163K->3980219K(25159296K), 0.0650716 secs] [Times: user=0.75 sys=0.01, real=0.07 secs] 
2014-04-09T14:23:27.659+0900: 56.478: [GC (Allocation Failure) 56.478: [ParNew: 59008K->6528K(59008K), 0.0525447 secs] 4032699K->3988659K(25159296K), 0.0529061 secs] [Times: user=0.59 sys=0.02, real=0.05 secs] 
2014-04-09T14:23:27.750+0900: 56.569: [GC (Allocation Failure) 56.569: [ParNew: 59007K->6528K(59008K), 0.0616105 secs] 4041139K->3998283K(25159296K), 0.0619715 secs] [Times: user=0.72 sys=0.01, real=0.06 secs] 
2014-04-09T14:23:27.851+0900: 56.671: [GC (Allocation Failure) 56.671: [ParNew: 59008K->6528K(59008K), 0.0626672 secs] 4050763K->4007145K(25159296K), 0.0630423 secs] [Times: user=0.73 sys=0.00, real=0.07 secs] 
2014-04-09T14:23:27.951+0900: 56.771: [GC (Allocation Failure) 56.771: [ParNew: 59008K->6528K(59008K), 0.0638335 secs] 4059625K->4016108K(25159296K), 0.0641941 secs] [Times: user=0.73 sys=0.01, real=0.07 secs] 
2014-04-09T14:23:28.053+0900: 56.873: [GC (Allocation Failure) 56.873: [ParNew: 59008K->6528K(59008K), 0.0580010 secs] 4068588K->4025398K(25159296K), 0.0583683 secs] [Times: user=0.67 sys=0.01, real=0.06 secs] 
2014-04-09T14:23:28.154+0900: 56.974: [GC (Allocation Failure) 56.974: [ParNew: 59008K->6528K(59008K), 0.0636287 secs] 4077878K->4034464K(25159296K), 0.0639994 secs] [Times: user=0.74 sys=0.00, real=0.07 secs] 
2014-04-09T14:23:28.258+0900: 57.078: [GC (Allocation Failure) 57.078: [ParNew: 59008K->6528K(59008K), 0.0613001 secs] 4086944K->4043194K(25159296K), 0.0616682 secs] [Times: user=0.71 sys=0.01, real=0.06 secs] 
2014-04-09T14:23:28.358+0900: 57.178: [GC (Allocation Failure) 57.178: [ParNew: 59008K->6528K(59008K), 0.0664325 secs] 4095674K->4052374K(25159296K), 0.0668017 secs] [Times: user=0.76 sys=0.02, real=0.07 secs] 
2014-04-09T14:23:28.464+0900: 57.284: [GC (Allocation Failure) 57.284: [ParNew: 59008K->6528K(59008K), 0.0619544 secs] 4104854K->4061545K(25159296K), 0.0623194 secs] [Times: user=0.70 sys=0.01, real=0.07 secs] 
2014-04-09T14:23:28.563+0900: 57.382: [GC (Allocation Failure) 57.383: [ParNew: 59008K->6528K(59008K), 0.0607512 secs] 4114025K->4069817K(25159296K), 0.0611100 secs] [Times: user=0.70 sys=0.01, real=0.06 secs] 
2014-04-09T14:23:28.665+0900: 57.485: [GC (Allocation Failure) 57.485: [ParNew: 59008K->6528K(59008K), 0.0505635 secs] 4122297K->4077875K(25159296K), 0.0509297 secs] [Times: user=0.54 sys=0.02, real=0.05 secs] 
2014-04-09T14:23:28.755+0900: 57.575: [GC (Allocation Failure) 57.575: [ParNew: 59008K->6528K(59008K), 0.0593244 secs] 4130355K->4086994K(25159296K), 0.0596900 secs] [Times: user=0.68 sys=0.01, real=0.06 secs] 
2014-04-09T14:23:28.854+0900: 57.674: [GC (Allocation Failure) 57.674: [ParNew: 59008K->6528K(59008K), 0.0621211 secs] 4139474K->4095958K(25159296K), 0.0624866 secs] [Times: user=0.71 sys=0.01, real=0.06 secs] 
2014-04-09T14:23:28.956+0900: 57.776: [GC (Allocation Failure) 57.776: [ParNew: 59008K->6528K(59008K), 0.0658924 secs] 4148438K->4104354K(25159296K), 0.0662532 secs] [Times: user=0.77 sys=0.01, real=0.06 secs] 
2014-04-09T14:23:29.060+0900: 57.880: [GC (Allocation Failure) 57.880: [ParNew: 59008K->6528K(59008K), 0.0621966 secs] 4156834K->4113016K(25159296K), 0.0625558 secs] [Times: user=0.71 sys=0.01, real=0.06 secs] 
2014-04-09T14:23:29.161+0900: 57.981: [GC (Allocation Failure) 57.981: [ParNew: 59008K->6528K(59008K), 0.0562323 secs] 4165496K->4122022K(25159296K), 0.0566008 secs] [Times: user=0.64 sys=0.01, real=0.06 secs] 
2014-04-09T14:23:29.258+0900: 58.078: [GC (Allocation Failure) 58.078: [ParNew: 59008K->6528K(59008K), 0.0684842 secs] 4174502K->4130179K(25159296K), 0.0688465 secs] [Times: user=0.79 sys=0.01, real=0.07 secs] 
2014-04-09T14:23:29.365+0900: 58.185: [GC (Allocation Failure) 58.185: [ParNew: 59008K->6528K(59008K), 0.0661306 secs] 4182659K->4139389K(25159296K), 0.0664910 secs] [Times: user=0.69 sys=0.01, real=0.06 secs] 
2014-04-09T14:23:29.474+0900: 58.294: [GC (Allocation Failure) 58.294: [ParNew: 59008K->6528K(59008K), 0.0595820 secs] 4191869K->4148018K(25159296K), 0.0599465 secs] [Times: user=0.67 sys=0.02, real=0.06 secs] 
2014-04-09T14:23:29.571+0900: 58.391: [GC (Allocation Failure) 58.391: [ParNew: 59008K->6528K(59008K), 0.0636589 secs] 4200498K->4157188K(25159296K), 0.0640384 secs] [Times: user=0.73 sys=0.01, real=0.07 secs] 
2014-04-09T14:23:29.673+0900: 58.493: [GC (Allocation Failure) 58.493: [ParNew: 59008K->6528K(59008K), 0.0619106 secs] 4209668K->4166020K(25159296K), 0.0622748 secs] [Times: user=0.71 sys=0.01, real=0.07 secs] 
2014-04-09T14:23:29.779+0900: 58.599: [GC (Allocation Failure) 58.599: [ParNew: 59008K->6528K(59008K), 0.0620578 secs] 4218500K->4174335K(25159296K), 0.0624176 secs] [Times: user=0.72 sys=0.01, real=0.06 secs] 
2014-04-09T14:23:29.881+0900: 58.701: [GC (Allocation Failure) 58.701: [ParNew: 59008K->6528K(59008K), 0.0630499 secs] 4226815K->4183020K(25159296K), 0.0634175 secs] [Times: user=0.73 sys=0.01, real=0.07 secs] 
2014-04-09T14:23:29.984+0900: 58.804: [GC (Allocation Failure) 58.804: [ParNew: 59008K->6528K(59008K), 0.0634039 secs] 4235500K->4191920K(25159296K), 0.0637629 secs] [Times: user=0.74 sys=0.01, real=0.07 secs] 
2014-04-09T14:23:30.087+0900: 58.907: [GC (Allocation Failure) 58.907: [ParNew: 59008K->6528K(59008K), 0.0609966 secs] 4244400K->4200177K(25159296K), 0.0613669 secs] [Times: user=0.71 sys=0.01, real=0.06 secs] 
2014-04-09T14:23:30.188+0900: 59.008: [GC (Allocation Failure) 59.008: [ParNew: 59008K->6528K(59008K), 0.0668722 secs] 4252657K->4209021K(25159296K), 0.0672418 secs] [Times: user=0.77 sys=0.02, real=0.07 secs] 
2014-04-09T14:23:30.295+0900: 59.115: [GC (Allocation Failure) 59.115: [ParNew: 59008K->6528K(59008K), 0.0612373 secs] 4261501K->4218126K(25159296K), 0.0615990 secs] [Times: user=0.70 sys=0.01, real=0.07 secs] 
2014-04-09T14:23:30.398+0900: 59.218: [GC (Allocation Failure) 59.218: [ParNew: 59008K->6528K(59008K), 0.0598157 secs] 4270606K->4226758K(25159296K), 0.0601738 secs] [Times: user=0.69 sys=0.00, real=0.06 secs] 
2014-04-09T14:23:30.504+0900: 59.323: [GC (Allocation Failure) 59.324: [ParNew: 59008K->6528K(59008K), 0.0574513 secs] 4279238K->4235213K(25159296K), 0.0578166 secs] [Times: user=0.68 sys=0.01, real=0.06 secs] 
2014-04-09T14:23:30.604+0900: 59.424: [GC (Allocation Failure) 59.424: [ParNew: 59008K->6528K(59008K), 0.0627950 secs] 4287693K->4244084K(25159296K), 0.0631542 secs] [Times: user=0.72 sys=0.01, real=0.07 secs] 
2014-04-09T14:23:30.705+0900: 59.525: [GC (Allocation Failure) 59.525: [ParNew: 59008K->6528K(59008K), 0.0619613 secs] 4296564K->4253150K(25159296K), 0.0623238 secs] [Times: user=0.71 sys=0.01, real=0.06 secs] 
2014-04-09T14:23:30.807+0900: 59.627: [GC (Allocation Failure) 59.627: [ParNew: 59008K->6528K(59008K), 0.0628380 secs] 4305630K->4262102K(25159296K), 0.0632163 secs] [Times: user=0.73 sys=0.01, real=0.06 secs] 
2014-04-09T14:23:30.909+0900: 59.729: [GC (Allocation Failure) 59.729: [ParNew: 59008K->6528K(59008K), 0.0582247 secs] 4314582K->4269577K(25159296K), 0.0585880 secs] [Times: user=0.67 sys=0.02, real=0.06 secs] 
2014-04-09T14:23:31.008+0900: 59.828: [GC (Allocation Failure) 59.828: [ParNew: 59008K->6528K(59008K), 0.0624628 secs] 4322057K->4278746K(25159296K), 0.0628263 secs] [Times: user=0.72 sys=0.01, real=0.06 secs] 
2014-04-09T14:23:31.114+0900: 59.934: [GC (Allocation Failure) 59.934: [ParNew: 59008K->6528K(59008K), 0.0674290 secs] 4331226K->4287341K(25159296K), 0.0677981 secs] [Times: user=0.77 sys=0.01, real=0.07 secs] 
2014-04-09T14:23:31.221+0900: 60.041: [GC (Allocation Failure) 60.041: [ParNew: 59008K->6528K(59008K), 0.0630235 secs] 4339821K->4296392K(25159296K), 0.0633847 secs] [Times: user=0.72 sys=0.02, real=0.06 secs] 
2014-04-09T14:23:31.324+0900: 60.144: [GC (Allocation Failure) 60.144: [ParNew: 59008K->6528K(59008K), 0.0621935 secs] 4348872K->4304650K(25159296K), 0.0625557 secs] [Times: user=0.72 sys=0.01, real=0.07 secs] 
2014-04-09T14:23:31.424+0900: 60.244: [GC (Allocation Failure) 60.244: [ParNew: 59008K->6528K(59008K), 0.0649204 secs] 4357130K->4313175K(25159296K), 0.0652812 secs] [Times: user=0.74 sys=0.01, real=0.07 secs] 
2014-04-09T14:23:31.529+0900: 60.348: [GC (Allocation Failure) 60.349: [ParNew: 59008K->6528K(59008K), 0.0594489 secs] 4365655K->4321771K(25159296K), 0.0598133 secs] [Times: user=0.68 sys=0.01, real=0.06 secs] 
2014-04-09T14:23:31.626+0900: 60.446: [GC (Allocation Failure) 60.446: [ParNew: 59008K->6528K(59008K), 0.0618366 secs] 4374251K->4330470K(25159296K), 0.0621980 secs] [Times: user=0.70 sys=0.01, real=0.06 secs] 
2014-04-09T14:23:31.729+0900: 60.549: [GC (Allocation Failure) 60.549: [ParNew: 59008K->6528K(59008K), 0.0605858 secs] 4382950K->4339239K(25159296K), 0.0609493 secs] [Times: user=0.70 sys=0.01, real=0.06 secs] 
2014-04-09T14:23:31.828+0900: 60.648: [GC (Allocation Failure) 60.648: [ParNew: 59008K->6528K(59008K), 0.0562042 secs] 4391719K->4347255K(25159296K), 0.0565662 secs] [Times: user=0.65 sys=0.01, real=0.05 secs] 
2014-04-09T14:23:31.923+0900: 60.743: [GC (Allocation Failure) 60.743: [ParNew: 59008K->6528K(59008K), 0.0635133 secs] 4399735K->4356294K(25159296K), 0.0638810 secs] [Times: user=0.73 sys=0.01, real=0.07 secs] 
2014-04-09T14:23:32.026+0900: 60.846: [GC (Allocation Failure) 60.846: [ParNew: 59008K->6528K(59008K), 0.0607290 secs] 4408774K->4365236K(25159296K), 0.0610910 secs] [Times: user=0.70 sys=0.01, real=0.06 secs] 
2014-04-09T14:23:32.126+0900: 60.946: [GC (Allocation Failure) 60.946: [ParNew: 59008K->6528K(59008K), 0.0562626 secs] 4417716K->4374101K(25159296K), 0.0566238 secs] [Times: user=0.64 sys=0.02, real=0.05 secs] 
2014-04-09T14:23:32.220+0900: 61.040: [GC (Allocation Failure) 61.040: [ParNew: 59008K->6528K(59008K), 0.0633098 secs] 4426581K->4383455K(25159296K), 0.0636703 secs] [Times: user=0.72 sys=0.01, real=0.06 secs] 
2014-04-09T14:23:32.324+0900: 61.143: [GC (Allocation Failure) 61.143: [ParNew: 59008K->6528K(59008K), 0.0552023 secs] 4435935K->4390926K(25159296K), 0.0555645 secs] [Times: user=0.63 sys=0.01, real=0.06 secs] 
2014-04-09T14:23:32.423+0900: 61.242: [GC (Allocation Failure) 61.243: [ParNew: 59008K->6528K(59008K), 0.0616422 secs] 4443406K->4399848K(25159296K), 0.0620006 secs] [Times: user=0.71 sys=0.01, real=0.06 secs] 
2014-04-09T14:23:32.528+0900: 61.348: [GC (Allocation Failure) 61.348: [ParNew: 59008K->6528K(59008K), 0.0586650 secs] 4452328K->4408653K(25159296K), 0.0590272 secs] [Times: user=0.66 sys=0.02, real=0.06 secs] 
2014-04-09T14:23:32.625+0900: 61.445: [GC (Allocation Failure) 61.445: [ParNew: 59008K->6528K(59008K), 0.0552106 secs] 4461133K->4417487K(25159296K), 0.0555817 secs] [Times: user=0.63 sys=0.01, real=0.06 secs] 
2014-04-09T14:23:32.717+0900: 61.537: [GC (Allocation Failure) 61.537: [ParNew: 59008K->6528K(59008K), 0.0630798 secs] 4469967K->4426615K(25159296K), 0.0634511 secs] [Times: user=0.73 sys=0.01, real=0.06 secs] 
2014-04-09T14:23:32.822+0900: 61.642: [GC (Allocation Failure) 61.642: [ParNew: 59008K->6528K(59008K), 0.0611148 secs] 4479095K->4434738K(25159296K), 0.0614835 secs] [Times: user=0.71 sys=0.01, real=0.06 secs] 
2014-04-09T14:23:32.922+0900: 61.742: [GC (Allocation Failure) 61.742: [ParNew: 59008K->6528K(59008K), 0.0647740 secs] 4487218K->4444372K(25159296K), 0.0651351 secs] [Times: user=0.73 sys=0.02, real=0.07 secs] 
2014-04-09T14:23:33.030+0900: 61.850: [GC (Allocation Failure) 61.850: [ParNew: 59008K->6528K(59008K), 0.0555843 secs] 4496852K->4452571K(25159296K), 0.0559443 secs] [Times: user=0.63 sys=0.01, real=0.06 secs] 
2014-04-09T14:23:33.129+0900: 61.948: [GC (Allocation Failure) 61.948: [ParNew: 59008K->6528K(59008K), 0.0658085 secs] 4505051K->4461398K(25159296K), 0.0661669 secs] [Times: user=0.70 sys=0.01, real=0.06 secs] 
2014-04-09T14:23:33.233+0900: 62.053: [GC (Allocation Failure) 62.053: [ParNew: 59008K->6528K(59008K), 0.0616603 secs] 4513878K->4470166K(25159296K), 0.0620368 secs] [Times: user=0.72 sys=0.01, real=0.07 secs] 
2014-04-09T14:23:33.332+0900: 62.152: [GC (Allocation Failure) 62.152: [ParNew: 59008K->6528K(59008K), 0.0643631 secs] 4522646K->4478510K(25159296K), 0.0647259 secs] [Times: user=0.74 sys=0.02, real=0.07 secs] 
2014-04-09T14:23:33.438+0900: 62.257: [GC (Allocation Failure) 62.257: [ParNew: 59008K->6528K(59008K), 0.0593731 secs] 4530990K->4487716K(25159296K), 0.0597298 secs] [Times: user=0.69 sys=0.02, real=0.06 secs] 
2014-04-09T14:23:33.535+0900: 62.354: [GC (Allocation Failure) 62.354: [ParNew: 59008K->6528K(59008K), 0.0533220 secs] 4540196K->4495808K(25159296K), 0.0537117 secs] [Times: user=0.60 sys=0.01, real=0.06 secs] 
2014-04-09T14:23:33.630+0900: 62.450: [GC (Allocation Failure) 62.450: [ParNew: 59008K->6528K(59008K), 0.0603902 secs] 4548288K->4505065K(25159296K), 0.0607600 secs] [Times: user=0.68 sys=0.01, real=0.06 secs] 
2014-04-09T14:23:33.729+0900: 62.548: [GC (Allocation Failure) 62.549: [ParNew: 59008K->6528K(59008K), 0.0607773 secs] 4557545K->4514227K(25159296K), 0.0611435 secs] [Times: user=0.71 sys=0.00, real=0.06 secs] 
2014-04-09T14:23:33.828+0900: 62.647: [GC (Allocation Failure) 62.647: [ParNew: 59008K->6528K(59008K), 0.0574026 secs] 4566707K->4522209K(25159296K), 0.0577691 secs] [Times: user=0.66 sys=0.01, real=0.06 secs] 
2014-04-09T14:23:33.924+0900: 62.744: [GC (Allocation Failure) 62.744: [ParNew: 59008K->6528K(59008K), 0.0563521 secs] 4574689K->4530672K(25159296K), 0.0567162 secs] [Times: user=0.66 sys=0.00, real=0.06 secs] 
2014-04-09T14:23:34.019+0900: 62.839: [GC (Allocation Failure) 62.839: [ParNew: 58910K->6528K(59008K), 0.0593820 secs] 4583054K->4539341K(25159296K), 0.0597438 secs] [Times: user=0.69 sys=0.00, real=0.06 secs] 
2014-04-09T14:23:34.117+0900: 62.937: [GC (Allocation Failure) 62.937: [ParNew: 59008K->6528K(59008K), 0.0584199 secs] 4591821K->4548491K(25159296K), 0.0587894 secs] [Times: user=0.67 sys=0.01, real=0.06 secs] 
2014-04-09T14:23:34.215+0900: 63.035: [GC (Allocation Failure) 63.035: [ParNew: 59008K->6528K(59008K), 0.0490387 secs] 4600971K->4556298K(25159296K), 0.0494086 secs] [Times: user=0.54 sys=0.01, real=0.05 secs] 
2014-04-09T14:23:34.303+0900: 63.123: [GC (Allocation Failure) 63.123: [ParNew: 59007K->6528K(59008K), 0.0564118 secs] 4608778K->4565474K(25159296K), 0.0567770 secs] [Times: user=0.66 sys=0.01, real=0.06 secs] 
2014-04-09T14:23:34.398+0900: 63.218: [GC (Allocation Failure) 63.218: [ParNew: 59008K->6528K(59008K), 0.0639233 secs] 4617954K->4573209K(25159296K), 0.0642847 secs] [Times: user=0.73 sys=0.02, real=0.06 secs] 
2014-04-09T14:23:34.506+0900: 63.326: [GC (Allocation Failure) 63.326: [ParNew: 59008K->6528K(59008K), 0.0512904 secs] 4625689K->4580745K(25159296K), 0.0516489 secs] [Times: user=0.56 sys=0.02, real=0.05 secs] 
2014-04-09T14:23:34.602+0900: 63.422: [GC (Allocation Failure) 63.422: [ParNew: 59008K->6528K(59008K), 0.0648704 secs] 4633225K->4589812K(25159296K), 0.0652318 secs] [Times: user=0.75 sys=0.01, real=0.07 secs] 
2014-04-09T14:23:34.707+0900: 63.527: [GC (Allocation Failure) 63.527: [ParNew: 59008K->6528K(59008K), 0.0554355 secs] 4642292K->4598851K(25159296K), 0.0558039 secs] [Times: user=0.64 sys=0.01, real=0.05 secs] 
2014-04-09T14:23:34.804+0900: 63.624: [GC (Allocation Failure) 63.624: [ParNew: 59008K->6528K(59008K), 0.0585589 secs] 4651331K->4606925K(25159296K), 0.0589219 secs] [Times: user=0.68 sys=0.01, real=0.06 secs] 
2014-04-09T14:23:34.906+0900: 63.726: [GC (Allocation Failure) 63.726: [ParNew: 59008K->6528K(59008K), 0.0616962 secs] 4659405K->4616096K(25159296K), 0.0620574 secs] [Times: user=0.72 sys=0.00, real=0.06 secs] 
2014-04-09T14:23:35.012+0900: 63.832: [GC (Allocation Failure) 63.832: [ParNew: 59008K->6528K(59008K), 0.0648191 secs] 4668576K->4623811K(25159296K), 0.0651810 secs] [Times: user=0.75 sys=0.01, real=0.07 secs] 
2014-04-09T14:23:35.119+0900: 63.938: [GC (Allocation Failure) 63.939: [ParNew: 59008K->6528K(59008K), 0.0575238 secs] 4676291K->4632660K(25159296K), 0.0578839 secs] [Times: user=0.66 sys=0.01, real=0.06 secs] 
2014-04-09T14:23:35.215+0900: 64.035: [GC (Allocation Failure) 64.035: [ParNew: 59008K->6528K(59008K), 0.0649015 secs] 4685140K->4642397K(25159296K), 0.0652731 secs] [Times: user=0.74 sys=0.01, real=0.07 secs] 
2014-04-09T14:23:35.319+0900: 64.139: [GC (Allocation Failure) 64.139: [ParNew: 59008K->6528K(59008K), 0.0548896 secs] 4694877K->4650227K(25159296K), 0.0552542 secs] [Times: user=0.63 sys=0.01, real=0.05 secs] 
2014-04-09T14:23:35.414+0900: 64.234: [GC (Allocation Failure) 64.234: [ParNew: 59000K->6528K(59008K), 0.0562730 secs] 4702699K->4658606K(25159296K), 0.0566348 secs] [Times: user=0.66 sys=0.01, real=0.06 secs] 
2014-04-09T14:23:35.509+0900: 64.329: [GC (Allocation Failure) 64.329: [ParNew: 59008K->6528K(59008K), 0.0615331 secs] 4711086K->4666540K(25159296K), 0.0618932 secs] [Times: user=0.69 sys=0.01, real=0.06 secs] 
2014-04-09T14:23:35.613+0900: 64.433: [GC (Allocation Failure) 64.433: [ParNew: 59008K->6528K(59008K), 0.0523327 secs] 4719020K->4675068K(25159296K), 0.0526897 secs] [Times: user=0.59 sys=0.01, real=0.06 secs] 
2014-04-09T14:23:35.704+0900: 64.524: [GC (Allocation Failure) 64.524: [ParNew: 59008K->6528K(59008K), 0.0613821 secs] 4727548K->4684833K(25159296K), 0.0617511 secs] [Times: user=0.72 sys=0.01, real=0.07 secs] 
2014-04-09T14:23:35.809+0900: 64.629: [GC (Allocation Failure) 64.629: [ParNew: 59008K->6528K(59008K), 0.0599042 secs] 4737313K->4693209K(25159296K), 0.0602650 secs] [Times: user=0.69 sys=0.01, real=0.06 secs] 
2014-04-09T14:23:35.908+0900: 64.728: [GC (Allocation Failure) 64.728: [ParNew: 59008K->6528K(59008K), 0.0607486 secs] 4745689K->4701876K(25159296K), 0.0611194 secs] [Times: user=0.70 sys=0.00, real=0.06 secs] 
2014-04-09T14:23:36.011+0900: 64.831: [GC (Allocation Failure) 64.831: [ParNew: 59008K->6528K(59008K), 0.0549152 secs] 4754356K->4709105K(25159296K), 0.0552881 secs] [Times: user=0.65 sys=0.00, real=0.06 secs] 
2014-04-09T14:23:36.105+0900: 64.925: [GC (Allocation Failure) 64.925: [ParNew: 59008K->6528K(59008K), 0.0658435 secs] 4761585K->4717775K(25159296K), 0.0662205 secs] [Times: user=0.77 sys=0.01, real=0.07 secs] 
2014-04-09T14:23:36.210+0900: 65.030: [GC (Allocation Failure) 65.030: [ParNew: 59008K->6528K(59008K), 0.0597465 secs] 4770255K->4727106K(25159296K), 0.0601076 secs] [Times: user=0.70 sys=0.01, real=0.06 secs] 
2014-04-09T14:23:36.308+0900: 65.128: [GC (Allocation Failure) 65.128: [ParNew: 59008K->6528K(59008K), 0.0500518 secs] 4779586K->4734283K(25159296K), 0.0504165 secs] [Times: user=0.58 sys=0.01, real=0.04 secs] 
2014-04-09T14:23:36.398+0900: 65.218: [GC (Allocation Failure) 65.218: [ParNew: 59008K->6528K(59008K), 0.0597215 secs] 4786763K->4743924K(25159296K), 0.0600823 secs] [Times: user=0.68 sys=0.01, real=0.06 secs] 
2014-04-09T14:23:36.496+0900: 65.316: [GC (Allocation Failure) 65.316: [ParNew: 59008K->6528K(59008K), 0.0667985 secs] 4796404K->4752372K(25159296K), 0.0671730 secs] [Times: user=0.77 sys=0.01, real=0.06 secs] 
2014-04-09T14:23:36.601+0900: 65.421: [GC (Allocation Failure) 65.421: [ParNew: 59008K->6528K(59008K), 0.0528755 secs] 4804852K->4761570K(25159296K), 0.0532369 secs] [Times: user=0.59 sys=0.01, real=0.05 secs] 
2014-04-09T14:23:36.696+0900: 65.516: [GC (Allocation Failure) 65.516: [ParNew: 59008K->6528K(59008K), 0.0595975 secs] 4814050K->4769839K(25159296K), 0.0599607 secs] [Times: user=0.69 sys=0.02, real=0.06 secs] 
2014-04-09T14:23:36.795+0900: 65.614: [GC (Allocation Failure) 65.614: [ParNew: 59008K->6528K(59008K), 0.0623198 secs] 4822319K->4779051K(25159296K), 0.0626852 secs] [Times: user=0.72 sys=0.02, real=0.07 secs] 
2014-04-09T14:23:36.896+0900: 65.715: [GC (Allocation Failure) 65.715: [ParNew: 59008K->6528K(59008K), 0.0585959 secs] 4831531K->4787458K(25159296K), 0.0589568 secs] [Times: user=0.69 sys=0.01, real=0.06 secs] 
2014-04-09T14:23:36.993+0900: 65.813: [GC (Allocation Failure) 65.813: [ParNew: 59008K->6528K(59008K), 0.0592276 secs] 4839938K->4796235K(25159296K), 0.0595893 secs] [Times: user=0.68 sys=0.01, real=0.06 secs] 
2014-04-09T14:23:37.096+0900: 65.916: [GC (Allocation Failure) 65.916: [ParNew: 59008K->6528K(59008K), 0.0558032 secs] 4848715K->4804485K(25159296K), 0.0561552 secs] [Times: user=0.64 sys=0.01, real=0.05 secs] 
2014-04-09T14:23:37.192+0900: 66.012: [GC (Allocation Failure) 66.012: [ParNew: 59007K->6528K(59008K), 0.0589603 secs] 4856965K->4812702K(25159296K), 0.0593283 secs] [Times: user=0.68 sys=0.01, real=0.06 secs] 
2014-04-09T14:23:37.291+0900: 66.111: [GC (Allocation Failure) 66.111: [ParNew: 59008K->6528K(59008K), 0.0574429 secs] 4865182K->4821688K(25159296K), 0.0578131 secs] [Times: user=0.67 sys=0.00, real=0.06 secs] 
2014-04-09T14:23:37.387+0900: 66.207: [GC (Allocation Failure) 66.207: [ParNew: 59008K->6528K(59008K), 0.0607652 secs] 4874168K->4830299K(25159296K), 0.0611585 secs] [Times: user=0.70 sys=0.01, real=0.06 secs] 
2014-04-09T14:23:37.487+0900: 66.306: [GC (Allocation Failure) 66.307: [ParNew: 59008K->6528K(59008K), 0.0591461 secs] 4882779K->4838803K(25159296K), 0.0595091 secs] [Times: user=0.67 sys=0.02, real=0.05 secs] 
2014-04-09T14:23:37.587+0900: 66.407: [GC (Allocation Failure) 66.407: [ParNew: 59008K->6528K(59008K), 0.0575217 secs] 4891283K->4847703K(25159296K), 0.0578833 secs] [Times: user=0.67 sys=0.01, real=0.05 secs] 
2014-04-09T14:23:37.686+0900: 66.506: [GC (Allocation Failure) 66.506: [ParNew: 59008K->6528K(59008K), 0.0610511 secs] 4900183K->4856085K(25159296K), 0.0614102 secs] [Times: user=0.72 sys=0.00, real=0.06 secs] 
2014-04-09T14:23:37.789+0900: 66.609: [GC (Allocation Failure) 66.609: [ParNew: 59008K->6528K(59008K), 0.0588255 secs] 4908565K->4864985K(25159296K), 0.0591883 secs] [Times: user=0.68 sys=0.01, real=0.06 secs] 
2014-04-09T14:23:37.886+0900: 66.705: [GC (Allocation Failure) 66.706: [ParNew: 59008K->6528K(59008K), 0.0610585 secs] 4917465K->4873910K(25159296K), 0.0614215 secs] [Times: user=0.70 sys=0.01, real=0.07 secs] 
2014-04-09T14:23:37.989+0900: 66.809: [GC (Allocation Failure) 66.809: [ParNew: 59008K->6528K(59008K), 0.0590544 secs] 4926390K->4882196K(25159296K), 0.0594226 secs] [Times: user=0.69 sys=0.01, real=0.06 secs] 
2014-04-09T14:23:38.090+0900: 66.910: [GC (Allocation Failure) 66.910: [ParNew: 59008K->6528K(59008K), 0.0576823 secs] 4934676K->4891633K(25159296K), 0.0580466 secs] [Times: user=0.67 sys=0.01, real=0.06 secs] 
2014-04-09T14:23:38.186+0900: 67.006: [GC (Allocation Failure) 67.006: [ParNew: 59008K->6528K(59008K), 0.0614556 secs] 4944113K->4899692K(25159296K), 0.0618255 secs] [Times: user=0.72 sys=0.02, real=0.07 secs] 
2014-04-09T14:23:38.285+0900: 67.105: [GC (Allocation Failure) 67.105: [ParNew: 59008K->6528K(59008K), 0.0616901 secs] 4952172K->4908945K(25159296K), 0.0620520 secs] [Times: user=0.72 sys=0.01, real=0.07 secs] 
2014-04-09T14:23:38.388+0900: 67.208: [GC (Allocation Failure) 67.208: [ParNew: 59008K->6528K(59008K), 0.0568504 secs] 4961425K->4916801K(25159296K), 0.0572119 secs] [Times: user=0.65 sys=0.02, real=0.05 secs] 
2014-04-09T14:23:38.483+0900: 67.303: [GC (Allocation Failure) 67.303: [ParNew: 59008K->6528K(59008K), 0.0592332 secs] 4969281K->4926414K(25159296K), 0.0596041 secs] [Times: user=0.70 sys=0.01, real=0.06 secs] 
2014-04-09T14:23:38.582+0900: 67.401: [GC (Allocation Failure) 67.401: [ParNew: 59008K->6528K(59008K), 0.0619239 secs] 4978894K->4935154K(25159296K), 0.0622840 secs] [Times: user=0.71 sys=0.02, real=0.06 secs] 
2014-04-09T14:23:38.682+0900: 67.501: [GC (Allocation Failure) 67.502: [ParNew: 59008K->6528K(59008K), 0.0652454 secs] 4987634K->4944046K(25159296K), 0.0656130 secs] [Times: user=0.75 sys=0.01, real=0.07 secs] 
2014-04-09T14:23:38.788+0900: 67.608: [GC (Allocation Failure) 67.608: [ParNew: 59008K->6528K(59008K), 0.0598341 secs] 4996526K->4953076K(25159296K), 0.0601968 secs] [Times: user=0.68 sys=0.01, real=0.06 secs] 
2014-04-09T14:23:38.889+0900: 67.708: [GC (Allocation Failure) 67.709: [ParNew: 59008K->6528K(59008K), 0.0537703 secs] 5005556K->4961615K(25159296K), 0.0541378 secs] [Times: user=0.62 sys=0.01, real=0.05 secs] 
2014-04-09T14:23:38.978+0900: 67.798: [GC (Allocation Failure) 67.798: [ParNew: 59008K->6528K(59008K), 0.0577753 secs] 5014095K->4970697K(25159296K), 0.0581351 secs] [Times: user=0.67 sys=0.01, real=0.06 secs] 
2014-04-09T14:23:39.079+0900: 67.899: [GC (Allocation Failure) 67.899: [ParNew: 59008K->6528K(59008K), 0.0580241 secs] 5023177K->4979241K(25159296K), 0.0583808 secs] [Times: user=0.68 sys=0.01, real=0.06 secs] 
2014-04-09T14:23:39.177+0900: 67.996: [GC (Allocation Failure) 67.997: [ParNew: 59008K->6528K(59008K), 0.0594298 secs] 5031721K->4987064K(25159296K), 0.0597979 secs] [Times: user=0.70 sys=0.01, real=0.06 secs] 
2014-04-09T14:23:39.275+0900: 68.095: [GC (Allocation Failure) 68.095: [ParNew: 59008K->6528K(59008K), 0.0615132 secs] 5039544K->4996403K(25159296K), 0.0618977 secs] [Times: user=0.72 sys=0.01, real=0.07 secs] 
2014-04-09T14:23:39.375+0900: 68.195: [GC (Allocation Failure) 68.195: [ParNew: 58975K->6528K(59008K), 0.0529870 secs] 5048851K->5003540K(25159296K), 0.0533497 secs] [Times: user=0.61 sys=0.02, real=0.06 secs] 
2014-04-09T14:23:39.469+0900: 68.289: [GC (Allocation Failure) 68.289: [ParNew: 59008K->6528K(59008K), 0.0606915 secs] 5056020K->5013091K(25159296K), 0.0610510 secs] [Times: user=0.70 sys=0.01, real=0.06 secs] 
2014-04-09T14:23:39.569+0900: 68.389: [GC (Allocation Failure) 68.389: [ParNew: 59008K->6528K(59008K), 0.0582416 secs] 5065571K->5021811K(25159296K), 0.0586132 secs] [Times: user=0.68 sys=0.00, real=0.06 secs] 
2014-04-09T14:23:39.668+0900: 68.487: [GC (Allocation Failure) 68.488: [ParNew: 59008K->6528K(59008K), 0.0555422 secs] 5074291K->5029559K(25159296K), 0.0559023 secs] [Times: user=0.64 sys=0.01, real=0.05 secs] 
2014-04-09T14:23:39.766+0900: 68.586: [GC (Allocation Failure) 68.586: [ParNew: 59008K->6528K(59008K), 0.0574195 secs] 5082039K->5039065K(25159296K), 0.0577801 secs] [Times: user=0.66 sys=0.02, real=0.05 secs] 
2014-04-09T14:23:39.868+0900: 68.688: [GC (Allocation Failure) 68.688: [ParNew: 59008K->6528K(59008K), 0.0650825 secs] 5091545K->5047379K(25159296K), 0.0654424 secs] [Times: user=0.76 sys=0.01, real=0.06 secs] 
2014-04-09T14:23:39.971+0900: 68.791: [GC (Allocation Failure) 68.791: [ParNew: 59008K->6528K(59008K), 0.0595240 secs] 5099859K->5056381K(25159296K), 0.0598847 secs] [Times: user=0.68 sys=0.02, real=0.06 secs] 
2014-04-09T14:23:40.073+0900: 68.893: [GC (Allocation Failure) 68.893: [ParNew: 59008K->6528K(59008K), 0.0560207 secs] 5108861K->5064410K(25159296K), 0.0563889 secs] [Times: user=0.65 sys=0.01, real=0.06 secs] 
2014-04-09T14:23:40.169+0900: 68.989: [GC (Allocation Failure) 68.989: [ParNew: 59008K->6528K(59008K), 0.0653402 secs] 5116890K->5073190K(25159296K), 0.0657133 secs] [Times: user=0.74 sys=0.02, real=0.06 secs] 
2014-04-09T14:23:40.274+0900: 69.094: [GC (Allocation Failure) 69.094: [ParNew: 59008K->6528K(59008K), 0.0644562 secs] 5125670K->5082103K(25159296K), 0.0648166 secs] [Times: user=0.76 sys=0.01, real=0.07 secs] 
2014-04-09T14:23:40.380+0900: 69.199: [GC (Allocation Failure) 69.200: [ParNew: 59008K->6528K(59008K), 0.0604005 secs] 5134583K->5090733K(25159296K), 0.0607675 secs] [Times: user=0.70 sys=0.00, real=0.06 secs] 
2014-04-09T14:23:40.478+0900: 69.298: [GC (Allocation Failure) 69.298: [ParNew: 59008K->6528K(59008K), 0.0568567 secs] 5143213K->5098870K(25159296K), 0.0572150 secs] [Times: user=0.66 sys=0.01, real=0.05 secs] 
2014-04-09T14:23:40.573+0900: 69.393: [GC (Allocation Failure) 69.393: [ParNew: 59008K->6528K(59008K), 0.0501257 secs] 5151350K->5106979K(25159296K), 0.0504841 secs] [Times: user=0.57 sys=0.00, real=0.05 secs] 
2014-04-09T14:23:40.662+0900: 69.482: [GC (Allocation Failure) 69.482: [ParNew: 59008K->6528K(59008K), 0.0563184 secs] 5159459K->5116003K(25159296K), 0.0566863 secs] [Times: user=0.64 sys=0.01, real=0.06 secs] 
2014-04-09T14:23:40.760+0900: 69.580: [GC (Allocation Failure) 69.580: [ParNew: 59008K->6528K(59008K), 0.0579419 secs] 5168483K->5124463K(25159296K), 0.0583010 secs] [Times: user=0.68 sys=0.00, real=0.06 secs] 
2014-04-09T14:23:40.856+0900: 69.676: [GC (Allocation Failure) 69.676: [ParNew: 59008K->6528K(59008K), 0.0612256 secs] 5176943K->5133688K(25159296K), 0.0615945 secs] [Times: user=0.72 sys=0.00, real=0.07 secs] 
2014-04-09T14:23:40.957+0900: 69.777: [GC (Allocation Failure) 69.777: [ParNew: 59008K->6528K(59008K), 0.0529694 secs] 5186168K->5141836K(25159296K), 0.0533315 secs] [Times: user=0.61 sys=0.01, real=0.05 secs] 
2014-04-09T14:23:41.053+0900: 69.873: [GC (Allocation Failure) 69.873: [ParNew: 59008K->6528K(59008K), 0.0604679 secs] 5194316K->5150723K(25159296K), 0.0608263 secs] [Times: user=0.64 sys=0.00, real=0.06 secs] 
2014-04-09T14:23:41.159+0900: 69.979: [GC (Allocation Failure) 69.979: [ParNew: 59008K->6528K(59008K), 0.0609420 secs] 5203203K->5159217K(25159296K), 0.0613090 secs] [Times: user=0.72 sys=0.00, real=0.06 secs] 
2014-04-09T14:23:41.259+0900: 70.078: [GC (Allocation Failure) 70.078: [ParNew: 59008K->6528K(59008K), 0.0648059 secs] 5211697K->5167491K(25159296K), 0.0651677 secs] [Times: user=0.77 sys=0.01, real=0.06 secs] 
2014-04-09T14:23:41.363+0900: 70.183: [GC (Allocation Failure) 70.183: [ParNew: 59008K->6528K(59008K), 0.0605232 secs] 5219971K->5177027K(25159296K), 0.0608856 secs] [Times: user=0.70 sys=0.00, real=0.06 secs] 
2014-04-09T14:23:41.467+0900: 70.287: [GC (Allocation Failure) 70.287: [ParNew: 59008K->6528K(59008K), 0.0602637 secs] 5229507K->5184982K(25159296K), 0.0606233 secs] [Times: user=0.71 sys=0.01, real=0.06 secs] 
2014-04-09T14:23:41.568+0900: 70.387: [GC (Allocation Failure) 70.388: [ParNew: 59008K->6528K(59008K), 0.0643369 secs] 5237462K->5193549K(25159296K), 0.0646956 secs] [Times: user=0.74 sys=0.01, real=0.06 secs] 
2014-04-09T14:23:41.674+0900: 70.494: [GC (Allocation Failure) 70.494: [ParNew: 59008K->6528K(59008K), 0.0566497 secs] 5246029K->5202137K(25159296K), 0.0570057 secs] [Times: user=0.66 sys=0.01, real=0.06 secs] 
2014-04-09T14:23:41.770+0900: 70.590: [GC (Allocation Failure) 70.590: [ParNew: 59008K->6528K(59008K), 0.0587830 secs] 5254617K->5210495K(25159296K), 0.0591547 secs] [Times: user=0.68 sys=0.01, real=0.06 secs] 
2014-04-09T14:23:41.869+0900: 70.688: [GC (Allocation Failure) 70.688: [ParNew: 59008K->6528K(59008K), 0.0620017 secs] 5262975K->5220291K(25159296K), 0.0623591 secs] [Times: user=0.71 sys=0.01, real=0.06 secs] 
2014-04-09T14:23:41.974+0900: 70.794: [GC (Allocation Failure) 70.794: [ParNew: 59007K->6528K(59008K), 0.0573350 secs] 5272771K->5228743K(25159296K), 0.0576972 secs] [Times: user=0.66 sys=0.01, real=0.06 secs] 
2014-04-09T14:23:42.071+0900: 70.891: [GC (Allocation Failure) 70.891: [ParNew: 59008K->6528K(59008K), 0.0504964 secs] 5281223K->5237221K(25159296K), 0.0508590 secs] [Times: user=0.57 sys=0.01, real=0.05 secs] 
2014-04-09T14:23:42.160+0900: 70.980: [GC (Allocation Failure) 70.980: [ParNew: 59008K->6528K(59008K), 0.0562937 secs] 5289701K->5245286K(25159296K), 0.0566499 secs] [Times: user=0.64 sys=0.01, real=0.06 secs] 
2014-04-09T14:23:42.257+0900: 71.077: [GC (Allocation Failure) 71.077: [ParNew: 59008K->6528K(59008K), 0.0587497 secs] 5297766K->5254668K(25159296K), 0.0591148 secs] [Times: user=0.65 sys=0.01, real=0.05 secs] 
2014-04-09T14:23:42.360+0900: 71.179: [GC (Allocation Failure) 71.180: [ParNew: 59008K->6528K(59008K), 0.0631688 secs] 5307148K->5263398K(25159296K), 0.0635332 secs] [Times: user=0.72 sys=0.03, real=0.06 secs] 
2014-04-09T14:23:42.462+0900: 71.281: [GC (Allocation Failure) 71.282: [ParNew: 59008K->6528K(59008K), 0.0572617 secs] 5315878K->5272100K(25159296K), 0.0576207 secs] [Times: user=0.68 sys=0.00, real=0.06 secs] 
2014-04-09T14:23:42.558+0900: 71.378: [GC (Allocation Failure) 71.378: [ParNew: 59008K->6528K(59008K), 0.0659677 secs] 5324580K->5280257K(25159296K), 0.0663432 secs] [Times: user=0.78 sys=0.00, real=0.06 secs] 
2014-04-09T14:23:42.666+0900: 71.486: [GC (Allocation Failure) 71.486: [ParNew: 59008K->6528K(59008K), 0.0526774 secs] 5332737K->5289245K(25159296K), 0.0530375 secs] [Times: user=0.59 sys=0.01, real=0.06 secs] 
2014-04-09T14:23:42.759+0900: 71.579: [GC (Allocation Failure) 71.579: [ParNew: 59008K->6528K(59008K), 0.0601739 secs] 5341725K->5297867K(25159296K), 0.0605345 secs] [Times: user=0.71 sys=0.01, real=0.06 secs] 
2014-04-09T14:23:42.859+0900: 71.679: [GC (Allocation Failure) 71.679: [ParNew: 59008K->6528K(59008K), 0.0608428 secs] 5350347K->5306454K(25159296K), 0.0612089 secs] [Times: user=0.70 sys=0.01, real=0.06 secs] 
2014-04-09T14:23:42.959+0900: 71.779: [GC (Allocation Failure) 71.779: [ParNew: 59008K->6528K(59008K), 0.0529463 secs] 5358934K->5314193K(25159296K), 0.0533086 secs] [Times: user=0.61 sys=0.00, real=0.05 secs] 
2014-04-09T14:23:43.051+0900: 71.871: [GC (Allocation Failure) 71.871: [ParNew: 59008K->6528K(59008K), 0.0601579 secs] 5366673K->5322834K(25159296K), 0.0605163 secs] [Times: user=0.70 sys=0.01, real=0.06 secs] 
2014-04-09T14:23:43.151+0900: 71.971: [GC (Allocation Failure) 71.971: [ParNew: 59008K->6528K(59008K), 0.0597208 secs] 5375314K->5331149K(25159296K), 0.0601037 secs] [Times: user=0.70 sys=0.01, real=0.06 secs] 
2014-04-09T14:23:43.250+0900: 72.069: [GC (Allocation Failure) 72.070: [ParNew: 59008K->6528K(59008K), 0.0650897 secs] 5383629K->5339886K(25159296K), 0.0654468 secs] [Times: user=0.74 sys=0.01, real=0.06 secs] 
2014-04-09T14:23:43.353+0900: 72.173: [GC (Allocation Failure) 72.173: [ParNew: 59008K->6528K(59008K), 0.0575424 secs] 5392366K->5348837K(25159296K), 0.0579076 secs] [Times: user=0.65 sys=0.02, real=0.06 secs] 
2014-04-09T14:23:43.450+0900: 72.270: [GC (Allocation Failure) 72.270: [ParNew: 59008K->6528K(59008K), 0.0566273 secs] 5401317K->5357347K(25159296K), 0.0569856 secs] [Times: user=0.66 sys=0.01, real=0.05 secs] 
2014-04-09T14:23:43.549+0900: 72.369: [GC (Allocation Failure) 72.369: [ParNew: 59008K->6528K(59008K), 0.0653813 secs] 5409827K->5365875K(25159296K), 0.0657427 secs] [Times: user=0.76 sys=0.01, real=0.06 secs] 
2014-04-09T14:23:43.653+0900: 72.473: [GC (Allocation Failure) 72.473: [ParNew: 59008K->6528K(59008K), 0.0589075 secs] 5418355K->5374401K(25159296K), 0.0592648 secs] [Times: user=0.68 sys=0.01, real=0.06 secs] 
2014-04-09T14:23:43.754+0900: 72.574: [GC (Allocation Failure) 72.574: [ParNew: 59008K->6528K(59008K), 0.0553569 secs] 5426881K->5382984K(25159296K), 0.0557206 secs] [Times: user=0.64 sys=0.01, real=0.06 secs] 
2014-04-09T14:23:43.848+0900: 72.668: [GC (Allocation Failure) 72.668: [ParNew: 59007K->6528K(59008K), 0.0569789 secs] 5435464K->5391879K(25159296K), 0.0573624 secs] [Times: user=0.66 sys=0.00, real=0.05 secs] 
2014-04-09T14:23:43.944+0900: 72.764: [GC (Allocation Failure) 72.764: [ParNew: 59008K->6528K(59008K), 0.0634721 secs] 5444359K->5400015K(25159296K), 0.0638346 secs] [Times: user=0.74 sys=0.01, real=0.07 secs] 
2014-04-09T14:23:44.047+0900: 72.867: [GC (Allocation Failure) 72.867: [ParNew: 59008K->6528K(59008K), 0.0557470 secs] 5452495K->5409373K(25159296K), 0.0561112 secs] [Times: user=0.66 sys=0.00, real=0.06 secs] 
2014-04-09T14:23:44.145+0900: 72.965: [GC (Allocation Failure) 72.965: [ParNew: 59008K->6528K(59008K), 0.0476493 secs] 5461853K->5416723K(25159296K), 0.0480087 secs] [Times: user=0.54 sys=0.01, real=0.05 secs] 
2014-04-09T14:23:44.235+0900: 73.055: [GC (Allocation Failure) 73.055: [ParNew: 59008K->6528K(59008K), 0.0581265 secs] 5469203K->5425991K(25159296K), 0.0584879 secs] [Times: user=0.67 sys=0.01, real=0.06 secs] 
2014-04-09T14:23:44.332+0900: 73.151: [GC (Allocation Failure) 73.152: [ParNew: 59008K->6528K(59008K), 0.0554497 secs] 5478471K->5434593K(25159296K), 0.0558147 secs] [Times: user=0.64 sys=0.01, real=0.06 secs] 
2014-04-09T14:23:44.427+0900: 73.247: [GC (Allocation Failure) 73.247: [ParNew: 59008K->6528K(59008K), 0.0584718 secs] 5487073K->5443660K(25159296K), 0.0588273 secs] [Times: user=0.68 sys=0.01, real=0.05 secs] 
2014-04-09T14:23:44.526+0900: 73.345: [GC (Allocation Failure) 73.346: [ParNew: 59008K->6528K(59008K), 0.0567475 secs] 5496140K->5452376K(25159296K), 0.0571029 secs] [Times: user=0.66 sys=0.01, real=0.06 secs] 
2014-04-09T14:23:44.620+0900: 73.440: [GC (Allocation Failure) 73.440: [ParNew: 59007K->6528K(59008K), 0.0585245 secs] 5504856K->5461164K(25159296K), 0.0588896 secs] [Times: user=0.67 sys=0.02, real=0.06 secs] 
2014-04-09T14:23:44.718+0900: 73.538: [GC (Allocation Failure) 73.538: [ParNew: 59008K->6528K(59008K), 0.0611287 secs] 5513644K->5469152K(25159296K), 0.0614938 secs] [Times: user=0.71 sys=0.00, real=0.06 secs] 
2014-04-09T14:23:44.819+0900: 73.639: [GC (Allocation Failure) 73.639: [ParNew: 59008K->6528K(59008K), 0.0524130 secs] 5521632K->5478011K(25159296K), 0.0527745 secs] [Times: user=0.60 sys=0.00, real=0.05 secs] 
2014-04-09T14:23:44.914+0900: 73.733: [GC (Allocation Failure) 73.733: [ParNew: 59008K->6528K(59008K), 0.0627673 secs] 5530491K->5487752K(25159296K), 0.0631280 secs] [Times: user=0.72 sys=0.01, real=0.06 secs] 
2014-04-09T14:23:45.016+0900: 73.835: [GC (Allocation Failure) 73.836: [ParNew: 59008K->6528K(59008K), 0.0568062 secs] 5540232K->5496075K(25159296K), 0.0571616 secs] [Times: user=0.65 sys=0.02, real=0.06 secs] 
2014-04-09T14:23:45.111+0900: 73.931: [GC (Allocation Failure) 73.931: [ParNew: 59008K->6528K(59008K), 0.0654306 secs] 5548555K->5505362K(25159296K), 0.0657948 secs] [Times: user=0.71 sys=0.01, real=0.06 secs] 
2014-04-09T14:23:45.215+0900: 74.035: [GC (Allocation Failure) 74.035: [ParNew: 59008K->6528K(59008K), 0.0559820 secs] 5557842K->5513027K(25159296K), 0.0563389 secs] [Times: user=0.64 sys=0.00, real=0.06 secs] 
2014-04-09T14:23:45.310+0900: 74.129: [GC (Allocation Failure) 74.129: [ParNew: 59008K->6528K(59008K), 0.0627506 secs] 5565507K->5521965K(25159296K), 0.0631042 secs] [Times: user=0.71 sys=0.01, real=0.06 secs] 
2014-04-09T14:23:45.418+0900: 74.238: [GC (Allocation Failure) 74.238: [ParNew: 59008K->6528K(59008K), 0.0657048 secs] 5574445K->5530426K(25159296K), 0.0660690 secs] [Times: user=0.75 sys=0.01, real=0.06 secs] 
2014-04-09T14:23:45.524+0900: 74.344: [GC (Allocation Failure) 74.344: [ParNew: 59008K->6528K(59008K), 0.0633564 secs] 5582906K->5539440K(25159296K), 0.0637082 secs] [Times: user=0.72 sys=0.02, real=0.07 secs] 
2014-04-09T14:23:45.627+0900: 74.447: [GC (Allocation Failure) 74.447: [ParNew: 59008K->6528K(59008K), 0.0564819 secs] 5591920K->5548256K(25159296K), 0.0568408 secs] [Times: user=0.66 sys=0.01, real=0.06 secs] 
2014-04-09T14:23:45.722+0900: 74.542: [GC (Allocation Failure) 74.542: [ParNew: 59008K->6528K(59008K), 0.0608291 secs] 5600736K->5557007K(25159296K), 0.0611807 secs] [Times: user=0.70 sys=0.01, real=0.06 secs] 
2014-04-09T14:23:45.823+0900: 74.642: [GC (Allocation Failure) 74.643: [ParNew: 59008K->6528K(59008K), 0.0572197 secs] 5609487K->5565275K(25159296K), 0.0575767 secs] [Times: user=0.67 sys=0.01, real=0.06 secs] 
2014-04-09T14:23:45.923+0900: 74.743: [GC (Allocation Failure) 74.743: [ParNew: 59008K->6528K(59008K), 0.0694343 secs] 5617755K->5574075K(25159296K), 0.0697841 secs] [Times: user=0.77 sys=0.01, real=0.07 secs] 
2014-04-09T14:23:46.037+0900: 74.856: [GC (Allocation Failure) 74.857: [ParNew: 59008K->6528K(59008K), 0.0548046 secs] 5626555K->5582642K(25159296K), 0.0551523 secs] [Times: user=0.62 sys=0.01, real=0.06 secs] 
2014-04-09T14:23:46.135+0900: 74.955: [GC (Allocation Failure) 74.955: [ParNew: 59008K->6528K(59008K), 0.0581664 secs] 5635122K->5590948K(25159296K), 0.0585204 secs] [Times: user=0.67 sys=0.02, real=0.06 secs] 
2014-04-09T14:23:46.237+0900: 75.057: [GC (Allocation Failure) 75.057: [ParNew: 59008K->6528K(59008K), 0.0616676 secs] 5643428K->5599570K(25159296K), 0.0620184 secs] [Times: user=0.70 sys=0.01, real=0.07 secs] 
2014-04-09T14:23:46.343+0900: 75.163: [GC (Allocation Failure) 75.163: [ParNew: 59008K->6528K(59008K), 0.0592867 secs] 5652050K->5607964K(25159296K), 0.0596440 secs] [Times: user=0.68 sys=0.02, real=0.06 secs] 
2014-04-09T14:23:46.444+0900: 75.264: [GC (Allocation Failure) 75.264: [ParNew: 59008K->6528K(59008K), 0.0606427 secs] 5660444K->5617421K(25159296K), 0.0609902 secs] [Times: user=0.68 sys=0.01, real=0.06 secs] 
2014-04-09T14:23:46.544+0900: 75.364: [GC (Allocation Failure) 75.364: [ParNew: 59008K->6528K(59008K), 0.0582984 secs] 5669901K->5625104K(25159296K), 0.0586538 secs] [Times: user=0.67 sys=0.02, real=0.06 secs] 
2014-04-09T14:23:46.645+0900: 75.465: [GC (Allocation Failure) 75.465: [ParNew: 59008K->6528K(59008K), 0.0520873 secs] 5677584K->5633502K(25159296K), 0.0524358 secs] [Times: user=0.56 sys=0.01, real=0.06 secs] 
2014-04-09T14:23:46.735+0900: 75.555: [GC (Allocation Failure) 75.555: [ParNew: 59008K->6528K(59008K), 0.0576868 secs] 5685982K->5641969K(25159296K), 0.0580381 secs] [Times: user=0.65 sys=0.01, real=0.06 secs] 
2014-04-09T14:23:46.832+0900: 75.652: [GC (Allocation Failure) 75.652: [ParNew: 59008K->6528K(59008K), 0.0612722 secs] 5694449K->5650876K(25159296K), 0.0616317 secs] [Times: user=0.69 sys=0.01, real=0.06 secs] 
2014-04-09T14:23:46.931+0900: 75.750: [GC (Allocation Failure) 75.751: [ParNew: 59008K->6528K(59008K), 0.0622403 secs] 5703356K->5659993K(25159296K), 0.0625908 secs] [Times: user=0.71 sys=0.01, real=0.06 secs] 
2014-04-09T14:23:47.034+0900: 75.854: [GC (Allocation Failure) 75.854: [ParNew: 59008K->6528K(59008K), 0.0609516 secs] 5712473K->5668663K(25159296K), 0.0613165 secs] [Times: user=0.68 sys=0.02, real=0.06 secs] 
2014-04-09T14:23:47.139+0900: 75.959: [GC (Allocation Failure) 75.959: [ParNew: 59008K->6528K(59008K), 0.0567072 secs] 5721143K->5676890K(25159296K), 0.0570534 secs] [Times: user=0.65 sys=0.02, real=0.05 secs] 
2014-04-09T14:23:47.237+0900: 76.057: [GC (Allocation Failure) 76.057: [ParNew: 59008K->6528K(59008K), 0.0640370 secs] 5729370K->5684739K(25159296K), 0.0643959 secs] [Times: user=0.74 sys=0.01, real=0.07 secs] 
2014-04-09T14:23:47.339+0900: 76.158: [GC (Allocation Failure) 76.159: [ParNew: 59008K->6528K(59008K), 0.0575318 secs] 5737219K->5694251K(25159296K), 0.0578876 secs] [Times: user=0.66 sys=0.01, real=0.05 secs] 
2014-04-09T14:23:47.435+0900: 76.255: [GC (Allocation Failure) 76.255: [ParNew: 59008K->6528K(59008K), 0.0582270 secs] 5746731K->5702993K(25159296K), 0.0585842 secs] [Times: user=0.67 sys=0.01, real=0.06 secs] 
2014-04-09T14:23:47.533+0900: 76.353: [GC (Allocation Failure) 76.353: [ParNew: 59008K->6528K(59008K), 0.0545107 secs] 5755473K->5710691K(25159296K), 0.0548691 secs] [Times: user=0.64 sys=0.00, real=0.06 secs] 
2014-04-09T14:23:47.626+0900: 76.446: [GC (Allocation Failure) 76.446: [ParNew: 59008K->6528K(59008K), 0.0614128 secs] 5763171K->5719315K(25159296K), 0.0617689 secs] [Times: user=0.70 sys=0.02, real=0.07 secs] 
2014-04-09T14:23:47.731+0900: 76.550: [GC (Allocation Failure) 76.551: [ParNew: 59008K->6528K(59008K), 0.0563247 secs] 5771795K->5727752K(25159296K), 0.0566798 secs] [Times: user=0.65 sys=0.01, real=0.06 secs] 
2014-04-09T14:23:47.826+0900: 76.645: [GC (Allocation Failure) 76.646: [ParNew: 59008K->6528K(59008K), 0.0607095 secs] 5780232K->5736735K(25159296K), 0.0610629 secs] [Times: user=0.71 sys=0.00, real=0.06 secs] 
2014-04-09T14:23:47.929+0900: 76.748: [GC (Allocation Failure) 76.749: [ParNew: 59008K->6528K(59008K), 0.0579731 secs] 5789215K->5744980K(25159296K), 0.0583215 secs] [Times: user=0.68 sys=0.01, real=0.05 secs] 
2014-04-09T14:23:48.026+0900: 76.846: [GC (Allocation Failure) 76.846: [ParNew: 59008K->6528K(59008K), 0.0569501 secs] 5797460K->5753669K(25159296K), 0.0573164 secs] [Times: user=0.66 sys=0.01, real=0.06 secs] 
2014-04-09T14:23:48.124+0900: 76.943: [GC (Allocation Failure) 76.944: [ParNew: 59008K->6528K(59008K), 0.0591146 secs] 5806149K->5762349K(25159296K), 0.0594661 secs] [Times: user=0.68 sys=0.02, real=0.06 secs] 
2014-04-09T14:23:48.225+0900: 77.045: [GC (Allocation Failure) 77.045: [ParNew: 59008K->6528K(59008K), 0.0637511 secs] 5814829K->5770221K(25159296K), 0.0640993 secs] [Times: user=0.72 sys=0.02, real=0.07 secs] 
2014-04-09T14:23:48.329+0900: 77.149: [GC (Allocation Failure) 77.149: [ParNew: 59008K->6528K(59008K), 0.0606362 secs] 5822701K->5778773K(25159296K), 0.0609832 secs] [Times: user=0.70 sys=0.01, real=0.06 secs] 
2014-04-09T14:23:48.432+0900: 77.252: [GC (Allocation Failure) 77.252: [ParNew: 59008K->6528K(59008K), 0.0628658 secs] 5831253K->5787456K(25159296K), 0.0632220 secs] [Times: user=0.74 sys=0.00, real=0.06 secs] 
2014-04-09T14:23:48.538+0900: 77.358: [GC (Allocation Failure) 77.358: [ParNew: 59008K->6528K(59008K), 0.0632007 secs] 5839936K->5795965K(25159296K), 0.0635475 secs] [Times: user=0.74 sys=0.01, real=0.06 secs] 
2014-04-09T14:23:48.645+0900: 77.465: [GC (Allocation Failure) 77.465: [ParNew: 59008K->6528K(59008K), 0.0573579 secs] 5848445K->5805576K(25159296K), 0.0577035 secs] [Times: user=0.66 sys=0.01, real=0.06 secs] 
2014-04-09T14:23:48.745+0900: 77.564: [GC (Allocation Failure) 77.565: [ParNew: 59008K->6528K(59008K), 0.0564760 secs] 5858056K->5813239K(25159296K), 0.0568244 secs] [Times: user=0.67 sys=0.01, real=0.06 secs] 
2014-04-09T14:23:48.844+0900: 77.664: [GC (Allocation Failure) 77.664: [ParNew: 59008K->6528K(59008K), 0.0592500 secs] 5865719K->5822005K(25159296K), 0.0595999 secs] [Times: user=0.68 sys=0.00, real=0.06 secs] 
2014-04-09T14:23:48.947+0900: 77.767: [GC (Allocation Failure) 77.767: [ParNew: 59008K->6528K(59008K), 0.0574745 secs] 5874485K->5830823K(25159296K), 0.0578459 secs] [Times: user=0.66 sys=0.01, real=0.06 secs] 
2014-04-09T14:23:49.048+0900: 77.868: [GC (Allocation Failure) 77.868: [ParNew: 59008K->6528K(59008K), 0.0635634 secs] 5883303K->5839122K(25159296K), 0.0639160 secs] [Times: user=0.73 sys=0.01, real=0.06 secs] 
2014-04-09T14:23:49.153+0900: 77.973: [GC (Allocation Failure) 77.973: [ParNew: 59008K->6528K(59008K), 0.0559886 secs] 5891602K->5848213K(25159296K), 0.0563454 secs] [Times: user=0.65 sys=0.01, real=0.06 secs] 
2014-04-09T14:23:49.252+0900: 78.071: [GC (Allocation Failure) 78.071: [ParNew: 59008K->6528K(59008K), 0.0592207 secs] 5900693K->5857063K(25159296K), 0.0595713 secs] [Times: user=0.69 sys=0.01, real=0.06 secs] 
2014-04-09T14:23:49.350+0900: 78.170: [GC (Allocation Failure) 78.170: [ParNew: 59008K->6528K(59008K), 0.0587046 secs] 5909543K->5865994K(25159296K), 0.0590598 secs] [Times: user=0.67 sys=0.01, real=0.06 secs] 
2014-04-09T14:23:49.450+0900: 78.270: [GC (Allocation Failure) 78.270: [ParNew: 59008K->6528K(59008K), 0.0570516 secs] 5918474K->5874585K(25159296K), 0.0574032 secs] [Times: user=0.67 sys=0.00, real=0.05 secs] 
2014-04-09T14:23:49.547+0900: 78.367: [GC (Allocation Failure) 78.367: [ParNew: 59008K->6528K(59008K), 0.0477309 secs] 5927065K->5882348K(25159296K), 0.0480956 secs] [Times: user=0.51 sys=0.01, real=0.04 secs] 
2014-04-09T14:23:49.640+0900: 78.460: [GC (Allocation Failure) 78.460: [ParNew: 59008K->6528K(59008K), 0.0670974 secs] 5934828K->5891329K(25159296K), 0.0674480 secs] [Times: user=0.80 sys=0.01, real=0.07 secs] 
2014-04-09T14:23:49.747+0900: 78.566: [GC (Allocation Failure) 78.567: [ParNew: 59008K->6528K(59008K), 0.0571018 secs] 5943809K->5900135K(25159296K), 0.0574530 secs] [Times: user=0.65 sys=0.01, real=0.06 secs] 
2014-04-09T14:23:49.842+0900: 78.662: [GC (Allocation Failure) 78.662: [ParNew: 58992K->6528K(59008K), 0.0572485 secs] 5952600K->5909117K(25159296K), 0.0576035 secs] [Times: user=0.67 sys=0.00, real=0.06 secs] 
2014-04-09T14:23:49.943+0900: 78.762: [GC (Allocation Failure) 78.763: [ParNew: 59008K->6528K(59008K), 0.0535398 secs] 5961597K->5917178K(25159296K), 0.0538899 secs] [Times: user=0.62 sys=0.00, real=0.05 secs] 
2014-04-09T14:23:50.034+0900: 78.854: [GC (Allocation Failure) 78.854: [ParNew: 59008K->6528K(59008K), 0.0558379 secs] 5969658K->5925507K(25159296K), 0.0561897 secs] [Times: user=0.65 sys=0.01, real=0.06 secs] 
2014-04-09T14:23:50.129+0900: 78.949: [GC (Allocation Failure) 78.949: [ParNew: 59008K->6528K(59008K), 0.0578094 secs] 5977987K->5934469K(25159296K), 0.0581633 secs] [Times: user=0.66 sys=0.01, real=0.05 secs] 
2014-04-09T14:23:50.229+0900: 79.049: [GC (Allocation Failure) 79.049: [ParNew: 59006K->6528K(59008K), 0.0544594 secs] 5986948K->5942865K(25159296K), 0.0548173 secs] [Times: user=0.63 sys=0.02, real=0.05 secs] 
2014-04-09T14:23:50.325+0900: 79.145: [GC (Allocation Failure) 79.145: [ParNew: 59008K->6528K(59008K), 0.0524749 secs] 5995345K->5951147K(25159296K), 0.0528267 secs] [Times: user=0.61 sys=0.01, real=0.06 secs] 
2014-04-09T14:23:50.418+0900: 79.238: [GC (Allocation Failure) 79.238: [ParNew: 59008K->6528K(59008K), 0.0539257 secs] 6003627K->5960158K(25159296K), 0.0542801 secs] [Times: user=0.63 sys=0.00, real=0.05 secs] 
2014-04-09T14:23:50.511+0900: 79.331: [GC (Allocation Failure) 79.331: [ParNew: 59008K->6528K(59008K), 0.0622619 secs] 6012638K->5968670K(25159296K), 0.0626161 secs] [Times: user=0.72 sys=0.01, real=0.06 secs] 
2014-04-09T14:23:50.612+0900: 79.431: [GC (Allocation Failure) 79.431: [ParNew: 59008K->6528K(59008K), 0.0552377 secs] 6021150K->5977260K(25159296K), 0.0555898 secs] [Times: user=0.64 sys=0.02, real=0.05 secs] 
2014-04-09T14:23:50.705+0900: 79.525: [GC (Allocation Failure) 79.525: [ParNew: 59008K->6528K(59008K), 0.0621250 secs] 6029740K->5985680K(25159296K), 0.0624775 secs] [Times: user=0.72 sys=0.01, real=0.06 secs] 
2014-04-09T14:23:50.810+0900: 79.630: [GC (Allocation Failure) 79.630: [ParNew: 59008K->6528K(59008K), 0.0534805 secs] 6038160K->5994247K(25159296K), 0.0538321 secs] [Times: user=0.62 sys=0.01, real=0.05 secs] 
2014-04-09T14:23:50.903+0900: 79.723: [GC (Allocation Failure) 79.723: [ParNew: 59008K->6528K(59008K), 0.0541925 secs] 6046727K->6002839K(25159296K), 0.0545450 secs] [Times: user=0.63 sys=0.01, real=0.05 secs] 
2014-04-09T14:23:50.996+0900: 79.815: [GC (Allocation Failure) 79.816: [ParNew: 59008K->6528K(59008K), 0.0549082 secs] 6055319K->6011700K(25159296K), 0.0552602 secs] [Times: user=0.63 sys=0.01, real=0.06 secs] 
2014-04-09T14:23:51.089+0900: 79.909: [GC (Allocation Failure) 79.909: [ParNew: 59008K->6528K(59008K), 0.0551378 secs] 6064180K->6020258K(25159296K), 0.0554976 secs] [Times: user=0.63 sys=0.01, real=0.05 secs] 
2014-04-09T14:23:51.183+0900: 80.003: [GC (Allocation Failure) 80.003: [ParNew: 59008K->6528K(59008K), 0.0492176 secs] 6072738K->6029106K(25159296K), 0.0495751 secs] [Times: user=0.56 sys=0.00, real=0.05 secs] 
2014-04-09T14:23:51.272+0900: 80.092: [GC (Allocation Failure) 80.092: [ParNew: 59008K->6528K(59008K), 0.0545584 secs] 6081586K->6037800K(25159296K), 0.0549177 secs] [Times: user=0.63 sys=0.00, real=0.05 secs] 
2014-04-09T14:23:51.364+0900: 80.184: [GC (Allocation Failure) 80.184: [ParNew: 59008K->6528K(59008K), 0.0589918 secs] 6090280K->6046450K(25159296K), 0.0593460 secs] [Times: user=0.67 sys=0.02, real=0.06 secs] 
2014-04-09T14:23:51.462+0900: 80.281: [GC (Allocation Failure) 80.282: [ParNew: 59008K->6528K(59008K), 0.0567271 secs] 6098930K->6055320K(25159296K), 0.0570822 secs] [Times: user=0.66 sys=0.02, real=0.06 secs] 
2014-04-09T14:23:51.562+0900: 80.382: [GC (Allocation Failure) 80.382: [ParNew: 59008K->6528K(59008K), 0.0573891 secs] 6107800K->6063592K(25159296K), 0.0577356 secs] [Times: user=0.68 sys=0.00, real=0.06 secs] 
2014-04-09T14:23:51.657+0900: 80.477: [GC (Allocation Failure) 80.477: [ParNew: 59008K->6528K(59008K), 0.0575439 secs] 6116072K->6072169K(25159296K), 0.0579026 secs] [Times: user=0.67 sys=0.01, real=0.06 secs] 
2014-04-09T14:23:51.753+0900: 80.573: [GC (Allocation Failure) 80.573: [ParNew: 59008K->6528K(59008K), 0.0540441 secs] 6124649K->6081860K(25159296K), 0.0543977 secs] [Times: user=0.62 sys=0.02, real=0.05 secs] 
2014-04-09T14:23:51.847+0900: 80.667: [GC (Allocation Failure) 80.667: [ParNew: 59008K->6528K(59008K), 0.0525553 secs] 6134340K->6090038K(25159296K), 0.0529152 secs] [Times: user=0.62 sys=0.00, real=0.06 secs] 
2014-04-09T14:23:51.939+0900: 80.759: [GC (Allocation Failure) 80.759: [ParNew: 59008K->6528K(59008K), 0.0594274 secs] 6142518K->6098782K(25159296K), 0.0597893 secs] [Times: user=0.69 sys=0.01, real=0.06 secs] 
2014-04-09T14:23:52.037+0900: 80.857: [GC (Allocation Failure) 80.857: [ParNew: 59008K->6528K(59008K), 0.0531636 secs] 6151262K->6106465K(25159296K), 0.0535232 secs] [Times: user=0.62 sys=0.01, real=0.06 secs] 
2014-04-09T14:23:52.134+0900: 80.953: [GC (Allocation Failure) 80.953: [ParNew: 59008K->6528K(59008K), 0.0620564 secs] 6158945K->6114963K(25159296K), 0.0624086 secs] [Times: user=0.72 sys=0.02, real=0.06 secs] 
2014-04-09T14:23:52.235+0900: 81.055: [GC (Allocation Failure) 81.055: [ParNew: 59008K->6528K(59008K), 0.0630864 secs] 6167443K->6123765K(25159296K), 0.0634367 secs] [Times: user=0.74 sys=0.01, real=0.07 secs] 
2014-04-09T14:23:52.338+0900: 81.157: [GC (Allocation Failure) 81.158: [ParNew: 59008K->6528K(59008K), 0.0553504 secs] 6176245K->6132275K(25159296K), 0.0557107 secs] [Times: user=0.65 sys=0.00, real=0.06 secs] 
2014-04-09T14:23:52.435+0900: 81.255: [GC (Allocation Failure) 81.255: [ParNew: 59008K->6528K(59008K), 0.0498781 secs] 6184755K->6140521K(25159296K), 0.0502283 secs] [Times: user=0.57 sys=0.01, real=0.05 secs] 
2014-04-09T14:23:52.527+0900: 81.347: [GC (Allocation Failure) 81.347: [ParNew: 59008K->6528K(59008K), 0.0547093 secs] 6193001K->6149531K(25159296K), 0.0550605 secs] [Times: user=0.63 sys=0.00, real=0.06 secs] 
2014-04-09T14:23:52.621+0900: 81.440: [GC (Allocation Failure) 81.441: [ParNew: 59008K->6528K(59008K), 0.0549253 secs] 6202011K->6157570K(25159296K), 0.0552783 secs] [Times: user=0.63 sys=0.01, real=0.05 secs] 
2014-04-09T14:23:52.716+0900: 81.536: [GC (Allocation Failure) 81.536: [ParNew: 59008K->6528K(59008K), 0.0489015 secs] 6210050K->6165762K(25159296K), 0.0492532 secs] [Times: user=0.55 sys=0.01, real=0.05 secs] 
2014-04-09T14:23:52.802+0900: 81.622: [GC (Allocation Failure) 81.622: [ParNew: 59008K->6528K(59008K), 0.0555249 secs] 6218242K->6175003K(25159296K), 0.0558771 secs] [Times: user=0.65 sys=0.01, real=0.05 secs] 
2014-04-09T14:23:52.897+0900: 81.717: [GC (Allocation Failure) 81.717: [ParNew: 59007K->6528K(59008K), 0.0635692 secs] 6227483K->6183671K(25159296K), 0.0639198 secs] [Times: user=0.75 sys=0.01, real=0.07 secs] 
2014-04-09T14:23:53.000+0900: 81.820: [GC (Allocation Failure) 81.820: [ParNew: 59008K->6528K(59008K), 0.0573595 secs] 6236151K->6192449K(25159296K), 0.0577104 secs] [Times: user=0.66 sys=0.02, real=0.05 secs] 
2014-04-09T14:23:53.100+0900: 81.920: [GC (Allocation Failure) 81.920: [ParNew: 59008K->6528K(59008K), 0.0623403 secs] 6244929K->6211123K(25159296K), 0.0627000 secs] [Times: user=0.72 sys=0.02, real=0.06 secs] 
2014-04-09T14:23:53.208+0900: 82.028: [GC (Allocation Failure) 82.028: [ParNew: 59008K->6528K(59008K), 0.0599928 secs] 6263603K->6221094K(25159296K), 0.0603546 secs] [Times: user=0.71 sys=0.01, real=0.06 secs] 
2014-04-09T14:23:53.311+0900: 82.131: [GC (Allocation Failure) 82.131: [ParNew: 59008K->6528K(59008K), 0.0652393 secs] 6273574K->6233087K(25159296K), 0.0656121 secs] [Times: user=0.76 sys=0.01, real=0.06 secs] 
2014-04-09T14:23:53.422+0900: 82.241: [GC (Allocation Failure) 82.242: [ParNew: 59008K->6528K(59008K), 0.0675465 secs] 6285567K->6247444K(25159296K), 0.0679068 secs] [Times: user=0.80 sys=0.01, real=0.07 secs] 
2014-04-09T14:23:53.531+0900: 82.351: [GC (Allocation Failure) 82.351: [ParNew: 59008K->6528K(59008K), 0.0625852 secs] 6299924K->6256008K(25159296K), 0.0629596 secs] [Times: user=0.73 sys=0.02, real=0.06 secs] 
2014-04-09T14:23:53.634+0900: 82.454: [GC (Allocation Failure) 82.454: [ParNew: 59008K->6528K(59008K), 0.0602556 secs] 6308488K->6264253K(25159296K), 0.0606161 secs] [Times: user=0.71 sys=0.00, real=0.06 secs] 
2014-04-09T14:23:53.735+0900: 82.555: [GC (Allocation Failure) 82.555: [ParNew: 59008K->6528K(59008K), 0.0565843 secs] 6316733K->6272854K(25159296K), 0.0569448 secs] [Times: user=0.65 sys=0.02, real=0.06 secs] 
2014-04-09T14:23:53.832+0900: 82.652: [GC (Allocation Failure) 82.652: [ParNew: 59008K->6528K(59008K), 0.0536767 secs] 6325334K->6281251K(25159296K), 0.0540403 secs] [Times: user=0.63 sys=0.01, real=0.05 secs] 
2014-04-09T14:23:53.927+0900: 82.747: [GC (Allocation Failure) 82.747: [ParNew: 59008K->6528K(59008K), 0.0550569 secs] 6333731K->6290518K(25159296K), 0.0554235 secs] [Times: user=0.63 sys=0.01, real=0.06 secs] 
2014-04-09T14:23:54.022+0900: 82.842: [GC (Allocation Failure) 82.842: [ParNew: 59008K->6528K(59008K), 0.0553416 secs] 6342998K->6298521K(25159296K), 0.0557013 secs] [Times: user=0.64 sys=0.01, real=0.05 secs] 
2014-04-09T14:23:54.118+0900: 82.938: [GC (Allocation Failure) 82.938: [ParNew: 59008K->6528K(59008K), 0.0626690 secs] 6351001K->6307205K(25159296K), 0.0630316 secs] [Times: user=0.72 sys=0.01, real=0.07 secs] 
2014-04-09T14:23:54.219+0900: 83.039: [GC (Allocation Failure) 83.039: [ParNew: 59008K->6528K(59008K), 0.0602648 secs] 6359685K->6316624K(25159296K), 0.0607394 secs] [Times: user=0.70 sys=0.01, real=0.06 secs] 
2014-04-09T14:23:54.317+0900: 83.137: [GC (Allocation Failure) 83.137: [ParNew: 59008K->6528K(59008K), 0.0506656 secs] 6369104K->6324986K(25159296K), 0.0510276 secs] [Times: user=0.58 sys=0.00, real=0.05 secs] 
2014-04-09T14:23:54.410+0900: 83.230: [GC (Allocation Failure) 83.230: [ParNew: 59008K->6528K(59008K), 0.0530094 secs] 6377466K->6333257K(25159296K), 0.0533684 secs] [Times: user=0.62 sys=0.00, real=0.05 secs] 
2014-04-09T14:23:54.507+0900: 83.327: [GC (Allocation Failure) 83.327: [ParNew: 59008K->6528K(59008K), 0.0614067 secs] 6385737K->6341920K(25159296K), 0.0617652 secs] [Times: user=0.72 sys=0.01, real=0.07 secs] 
2014-04-09T14:23:54.612+0900: 83.432: [GC (Allocation Failure) 83.432: [ParNew: 59008K->6528K(59008K), 0.0545944 secs] 6394400K->6350212K(25159296K), 0.0549569 secs] [Times: user=0.63 sys=0.01, real=0.05 secs] 
2014-04-09T14:23:54.713+0900: 83.533: [GC (Allocation Failure) 83.533: [ParNew: 59008K->6528K(59008K), 0.0545862 secs] 6402692K->6357793K(25159296K), 0.0549443 secs] [Times: user=0.63 sys=0.02, real=0.05 secs] 
2014-04-09T14:23:54.808+0900: 83.628: [GC (Allocation Failure) 83.628: [ParNew: 59008K->6528K(59008K), 0.0627417 secs] 6410273K->6366815K(25159296K), 0.0631106 secs] [Times: user=0.73 sys=0.01, real=0.07 secs] 
2014-04-09T14:23:54.918+0900: 83.738: [GC (Allocation Failure) 83.738: [ParNew: 59008K->6528K(59008K), 0.0645284 secs] 6419295K->6375479K(25159296K), 0.0648882 secs] [Times: user=0.79 sys=0.03, real=0.07 secs] 
2014-04-09T14:23:55.024+0900: 83.844: [GC (Allocation Failure) 83.844: [ParNew: 59008K->6528K(59008K), 0.0490657 secs] 6427959K->6383207K(25159296K), 0.0494469 secs] [Times: user=0.60 sys=0.01, real=0.05 secs] 
2014-04-09T14:23:55.114+0900: 83.933: [GC (Allocation Failure) 83.933: [ParNew: 59008K->6528K(59008K), 0.0542553 secs] 6435687K->6391901K(25159296K), 0.0546186 secs] [Times: user=0.67 sys=0.01, real=0.05 secs] 
2014-04-09T14:23:55.207+0900: 84.027: [GC (Allocation Failure) 84.027: [ParNew: 59008K->6528K(59008K), 0.0587558 secs] 6444381K->6400724K(25159296K), 0.0591278 secs] [Times: user=0.67 sys=0.01, real=0.06 secs] 
2014-04-09T14:23:55.304+0900: 84.124: [GC (Allocation Failure) 84.124: [ParNew: 59008K->6528K(59008K), 0.0626139 secs] 6453204K->6409523K(25159296K), 0.0629776 secs] [Times: user=0.72 sys=0.01, real=0.06 secs] 
2014-04-09T14:23:55.408+0900: 84.228: [GC (Allocation Failure) 84.228: [ParNew: 59008K->6528K(59008K), 0.0555820 secs] 6462003K->6417425K(25159296K), 0.0559405 secs] [Times: user=0.65 sys=0.01, real=0.06 secs] 
2014-04-09T14:23:55.504+0900: 84.324: [GC (Allocation Failure) 84.324: [ParNew: 59008K->6528K(59008K), 0.0544873 secs] 6469905K->6426723K(25159296K), 0.0548474 secs] [Times: user=0.62 sys=0.01, real=0.06 secs] 
2014-04-09T14:23:55.598+0900: 84.418: [GC (Allocation Failure) 84.418: [ParNew: 59008K->6528K(59008K), 0.0615761 secs] 6479203K->6435035K(25159296K), 0.0619383 secs] [Times: user=0.72 sys=0.01, real=0.07 secs] 
2014-04-09T14:23:55.701+0900: 84.521: [GC (Allocation Failure) 84.521: [ParNew: 59008K->6528K(59008K), 0.0548654 secs] 6487515K->6443314K(25159296K), 0.0552288 secs] [Times: user=0.63 sys=0.01, real=0.05 secs] 
2014-04-09T14:23:55.795+0900: 84.614: [GC (Allocation Failure) 84.614: [ParNew: 59008K->6528K(59008K), 0.0529941 secs] 6495794K->6452800K(25159296K), 0.0533537 secs] [Times: user=0.60 sys=0.02, real=0.05 secs] 
2014-04-09T14:23:55.886+0900: 84.706: [GC (Allocation Failure) 84.706: [ParNew: 59008K->6528K(59008K), 0.0629299 secs] 6505280K->6461171K(25159296K), 0.0632953 secs] [Times: user=0.73 sys=0.01, real=0.07 secs] 
2014-04-09T14:23:55.993+0900: 84.813: [GC (Allocation Failure) 84.813: [ParNew: 59008K->6528K(59008K), 0.0559602 secs] 6513651K->6469454K(25159296K), 0.0563129 secs] [Times: user=0.65 sys=0.00, real=0.06 secs] 
2014-04-09T14:23:56.089+0900: 84.909: [GC (Allocation Failure) 84.909: [ParNew: 59008K->6528K(59008K), 0.0502253 secs] 6521934K->6477798K(25159296K), 0.0505940 secs] [Times: user=0.58 sys=0.01, real=0.05 secs] 
2014-04-09T14:23:56.177+0900: 84.997: [GC (Allocation Failure) 84.997: [ParNew: 59008K->6528K(59008K), 0.0551724 secs] 6530278K->6486615K(25159296K), 0.0555338 secs] [Times: user=0.63 sys=0.01, real=0.06 secs] 
2014-04-09T14:23:56.272+0900: 85.092: [GC (Allocation Failure) 85.092: [ParNew: 59008K->6528K(59008K), 0.0544298 secs] 6539095K->6495907K(25159296K), 0.0547907 secs] [Times: user=0.62 sys=0.01, real=0.05 secs] 
2014-04-09T14:23:56.365+0900: 85.185: [GC (Allocation Failure) 85.185: [ParNew: 59008K->6528K(59008K), 0.0585903 secs] 6548387K->6503819K(25159296K), 0.0589485 secs] [Times: user=0.67 sys=0.01, real=0.06 secs] 
2014-04-09T14:23:56.462+0900: 85.281: [GC (Allocation Failure) 85.281: [ParNew: 59008K->6528K(59008K), 0.0530533 secs] 6556299K->6512250K(25159296K), 0.0534105 secs] [Times: user=0.61 sys=0.00, real=0.05 secs] 
2014-04-09T14:23:56.553+0900: 85.373: [GC (Allocation Failure) 85.373: [ParNew: 59008K->6528K(59008K), 0.0566258 secs] 6564730K->6521013K(25159296K), 0.0570099 secs] [Times: user=0.64 sys=0.01, real=0.06 secs] 
2014-04-09T14:23:56.648+0900: 85.467: [GC (Allocation Failure) 85.468: [ParNew: 59008K->6528K(59008K), 0.0615008 secs] 6573493K->6528535K(25159296K), 0.0618638 secs] [Times: user=0.72 sys=0.01, real=0.07 secs] 
2014-04-09T14:23:56.754+0900: 85.574: [GC (Allocation Failure) 85.574: [ParNew: 59008K->6528K(59008K), 0.0642954 secs] 6581015K->6536563K(25159296K), 0.0646490 secs] [Times: user=0.65 sys=0.01, real=0.06 secs] 
2014-04-09T14:23:56.858+0900: 85.677: [GC (Allocation Failure) 85.678: [ParNew: 59008K->6528K(59008K), 0.0622972 secs] 6589043K->6545638K(25159296K), 0.0626661 secs] [Times: user=0.71 sys=0.02, real=0.07 secs] 
2014-04-09T14:23:56.959+0900: 85.779: [GC (Allocation Failure) 85.779: [ParNew: 59008K->6528K(59008K), 0.0556584 secs] 6598118K->6553662K(25159296K), 0.0560288 secs] [Times: user=0.65 sys=0.01, real=0.06 secs] 
2014-04-09T14:23:57.052+0900: 85.872: [GC (Allocation Failure) 85.872: [ParNew: 59008K->6528K(59008K), 0.0550576 secs] 6606142K->6562923K(25159296K), 0.0554238 secs] [Times: user=0.62 sys=0.01, real=0.05 secs] 
2014-04-09T14:23:57.148+0900: 85.967: [GC (Allocation Failure) 85.967: [ParNew: 59008K->6528K(59008K), 0.0579536 secs] 6615403K->6571003K(25159296K), 0.0583156 secs] [Times: user=0.67 sys=0.02, real=0.06 secs] 
2014-04-09T14:23:57.244+0900: 86.063: [GC (Allocation Failure) 86.064: [ParNew: 59008K->6528K(59008K), 0.0586938 secs] 6623483K->6579478K(25159296K), 0.0590561 secs] [Times: user=0.68 sys=0.01, real=0.06 secs] 
2014-04-09T14:23:57.341+0900: 86.160: [GC (Allocation Failure) 86.161: [ParNew: 59008K->6528K(59008K), 0.0604972 secs] 6631958K->6588674K(25159296K), 0.0608621 secs] [Times: user=0.70 sys=0.01, real=0.06 secs] 
2014-04-09T14:23:57.439+0900: 86.258: [GC (Allocation Failure) 86.259: [ParNew: 59008K->6528K(59008K), 0.0585535 secs] 6641154K->6597355K(25159296K), 0.0589153 secs] [Times: user=0.68 sys=0.01, real=0.06 secs] 
2014-04-09T14:23:57.541+0900: 86.361: [GC (Allocation Failure) 86.361: [ParNew: 59008K->6528K(59008K), 0.0624110 secs] 6649835K->6605223K(25159296K), 0.0627699 secs] [Times: user=0.71 sys=0.02, real=0.06 secs] 
2014-04-09T14:23:57.642+0900: 86.462: [GC (Allocation Failure) 86.462: [ParNew: 59008K->6528K(59008K), 0.0588720 secs] 6657703K->6614490K(25159296K), 0.0592323 secs] [Times: user=0.67 sys=0.01, real=0.06 secs] 
2014-04-09T14:23:57.742+0900: 86.562: [GC (Allocation Failure) 86.562: [ParNew: 59008K->6528K(59008K), 0.0553283 secs] 6666970K->6623142K(25159296K), 0.0556841 secs] [Times: user=0.64 sys=0.00, real=0.05 secs] 
2014-04-09T14:23:57.836+0900: 86.656: [GC (Allocation Failure) 86.656: [ParNew: 59008K->6528K(59008K), 0.0491651 secs] 6675622K->6631571K(25159296K), 0.0495253 secs] [Times: user=0.56 sys=0.00, real=0.05 secs] 
2014-04-09T14:23:57.923+0900: 86.742: [GC (Allocation Failure) 86.742: [ParNew: 59008K->6528K(59008K), 0.0558243 secs] 6684051K->6641080K(25159296K), 0.0561883 secs] [Times: user=0.63 sys=0.01, real=0.05 secs] 
2014-04-09T14:23:58.022+0900: 86.842: [GC (Allocation Failure) 86.842: [ParNew: 59008K->6528K(59008K), 0.0542618 secs] 6693560K->6648730K(25159296K), 0.0546183 secs] [Times: user=0.63 sys=0.01, real=0.05 secs] 
2014-04-09T14:23:58.113+0900: 86.933: [GC (Allocation Failure) 86.933: [ParNew: 59008K->6528K(59008K), 0.0556785 secs] 6701210K->6657788K(25159296K), 0.0560477 secs] [Times: user=0.63 sys=0.01, real=0.06 secs] 
2014-04-09T14:23:58.207+0900: 87.027: [GC (Allocation Failure) 87.027: [ParNew: 59008K->6528K(59008K), 0.0569396 secs] 6710268K->6665813K(25159296K), 0.0573016 secs] [Times: user=0.67 sys=0.00, real=0.06 secs] 
2014-04-09T14:23:58.302+0900: 87.122: [GC (Allocation Failure) 87.122: [ParNew: 59008K->6528K(59008K), 0.0625270 secs] 6718293K->6674291K(25159296K), 0.0628937 secs] [Times: user=0.72 sys=0.00, real=0.06 secs] 
2014-04-09T14:23:58.405+0900: 87.225: [GC (Allocation Failure) 87.225: [ParNew: 59008K->6528K(59008K), 0.0566288 secs] 6726771K->6683465K(25159296K), 0.0569886 secs] [Times: user=0.65 sys=0.01, real=0.06 secs] 
2014-04-09T14:23:58.504+0900: 87.323: [GC (Allocation Failure) 87.324: [ParNew: 59008K->6528K(59008K), 0.0589719 secs] 6735945K->6691770K(25159296K), 0.0593296 secs] [Times: user=0.67 sys=0.02, real=0.06 secs] 
2014-04-09T14:23:58.602+0900: 87.421: [GC (Allocation Failure) 87.421: [ParNew: 59008K->6528K(59008K), 0.0536812 secs] 6744250K->6700559K(25159296K), 0.0540429 secs] [Times: user=0.61 sys=0.00, real=0.05 secs] 
2014-04-09T14:23:58.694+0900: 87.514: [GC (Allocation Failure) 87.514: [ParNew: 59008K->6528K(59008K), 0.0503417 secs] 6753039K->6708787K(25159296K), 0.0507019 secs] [Times: user=0.57 sys=0.01, real=0.05 secs] 
2014-04-09T14:23:58.784+0900: 87.604: [GC (Allocation Failure) 87.604: [ParNew: 59008K->6528K(59008K), 0.0521961 secs] 6761267K->6717772K(25159296K), 0.0525639 secs] [Times: user=0.60 sys=0.01, real=0.05 secs] 
2014-04-09T14:23:58.881+0900: 87.701: [GC (Allocation Failure) 87.701: [ParNew: 59008K->6527K(59008K), 0.0585502 secs] 6770252K->6726281K(25159296K), 0.0589068 secs] [Times: user=0.68 sys=0.02, real=0.06 secs] 
2014-04-09T14:23:58.977+0900: 87.797: [GC (Allocation Failure) 87.797: [ParNew: 59007K->6528K(59008K), 0.0549900 secs] 6778761K->6735387K(25159296K), 0.0553559 secs] [Times: user=0.63 sys=0.01, real=0.06 secs] 
2014-04-09T14:23:59.074+0900: 87.894: [GC (Allocation Failure) 87.894: [ParNew: 59008K->6528K(59008K), 0.0555342 secs] 6787867K->6744158K(25159296K), 0.0559043 secs] [Times: user=0.64 sys=0.01, real=0.06 secs] 
2014-04-09T14:23:59.168+0900: 87.988: [GC (Allocation Failure) 87.988: [ParNew: 59008K->6528K(59008K), 0.0604403 secs] 6796638K->6752165K(25159296K), 0.0608097 secs] [Times: user=0.70 sys=0.01, real=0.06 secs] 
2014-04-09T14:23:59.268+0900: 88.088: [GC (Allocation Failure) 88.088: [ParNew: 59008K->6528K(59008K), 0.0617501 secs] 6804645K->6760305K(25159296K), 0.0621122 secs] [Times: user=0.72 sys=0.01, real=0.07 secs] 
2014-04-09T14:23:59.368+0900: 88.188: [GC (Allocation Failure) 88.188: [ParNew: 59008K->6528K(59008K), 0.0557289 secs] 6812785K->6770049K(25159296K), 0.0560978 secs] [Times: user=0.63 sys=0.02, real=0.06 secs] 
2014-04-09T14:23:59.462+0900: 88.282: [GC (Allocation Failure) 88.282: [ParNew: 59008K->6528K(59008K), 0.0561315 secs] 6822529K->6778568K(25159296K), 0.0564905 secs] [Times: user=0.63 sys=0.03, real=0.05 secs] 
2014-04-09T14:23:59.560+0900: 88.380: [GC (Allocation Failure) 88.380: [ParNew: 59008K->6528K(59008K), 0.0623076 secs] 6831048K->6787285K(25159296K), 0.0626796 secs] [Times: user=0.72 sys=0.01, real=0.06 secs] 
2014-04-09T14:23:59.664+0900: 88.484: [GC (Allocation Failure) 88.484: [ParNew: 59008K->6528K(59008K), 0.0556730 secs] 6839765K->6796025K(25159296K), 0.0560310 secs] [Times: user=0.63 sys=0.01, real=0.06 secs] 
2014-04-09T14:23:59.757+0900: 88.577: [GC (Allocation Failure) 88.577: [ParNew: 59008K->6528K(59008K), 0.0552905 secs] 6848505K->6804395K(25159296K), 0.0556515 secs] [Times: user=0.64 sys=0.01, real=0.06 secs] 
2014-04-09T14:23:59.850+0900: 88.670: [GC (Allocation Failure) 88.670: [ParNew: 59008K->6528K(59008K), 0.0556187 secs] 6856875K->6813256K(25159296K), 0.0559881 secs] [Times: user=0.63 sys=0.01, real=0.05 secs] 
2014-04-09T14:23:59.945+0900: 88.764: [GC (Allocation Failure) 88.765: [ParNew: 59008K->6528K(59008K), 0.0547487 secs] 6865736K->6822671K(25159296K), 0.0551082 secs] [Times: user=0.63 sys=0.01, real=0.06 secs] 
2014-04-09T14:24:00.037+0900: 88.857: [GC (Allocation Failure) 88.857: [ParNew: 59008K->6528K(59008K), 0.0562230 secs] 6875151K->6830620K(25159296K), 0.0565830 secs] [Times: user=0.64 sys=0.01, real=0.06 secs] 
2014-04-09T14:24:00.132+0900: 88.951: [GC (Allocation Failure) 88.952: [ParNew: 59008K->6528K(59008K), 0.0624439 secs] 6883100K->6839282K(25159296K), 0.0628132 secs] [Times: user=0.72 sys=0.02, real=0.06 secs] 
2014-04-09T14:24:00.233+0900: 89.053: [GC (Allocation Failure) 89.053: [ParNew: 59008K->6528K(59008K), 0.0624043 secs] 6891762K->6848089K(25159296K), 0.0627637 secs] [Times: user=0.71 sys=0.01, real=0.06 secs] 
2014-04-09T14:24:00.334+0900: 89.153: [GC (Allocation Failure) 89.154: [ParNew: 59008K->6528K(59008K), 0.0622449 secs] 6900569K->6856896K(25159296K), 0.0626065 secs] [Times: user=0.73 sys=0.00, real=0.06 secs] 
2014-04-09T14:24:00.437+0900: 89.257: [GC (Allocation Failure) 89.257: [ParNew: 59008K->6528K(59008K), 0.0620412 secs] 6909376K->6865659K(25159296K), 0.0624031 secs] [Times: user=0.71 sys=0.01, real=0.07 secs] 
2014-04-09T14:24:00.542+0900: 89.362: [GC (Allocation Failure) 89.362: [ParNew: 59008K->6528K(59008K), 0.0580542 secs] 6918139K->6873527K(25159296K), 0.0584129 secs] [Times: user=0.66 sys=0.01, real=0.06 secs] 
2014-04-09T14:24:00.638+0900: 89.458: [GC (Allocation Failure) 89.458: [ParNew: 59008K->6528K(59008K), 0.0578839 secs] 6926007K->6881520K(25159296K), 0.0582470 secs] [Times: user=0.67 sys=0.01, real=0.06 secs] 
2014-04-09T14:24:00.734+0900: 89.554: [GC (Allocation Failure) 89.554: [ParNew: 59008K->6528K(59008K), 0.0626163 secs] 6934000K->6891593K(25159296K), 0.0629759 secs] [Times: user=0.72 sys=0.01, real=0.06 secs] 
2014-04-09T14:24:00.841+0900: 89.660: [GC (Allocation Failure) 89.661: [ParNew: 59007K->6528K(59008K), 0.0566161 secs] 6944073K->6899783K(25159296K), 0.0569730 secs] [Times: user=0.64 sys=0.02, real=0.05 secs] 
2014-04-09T14:24:00.935+0900: 89.755: [GC (Allocation Failure) 89.755: [ParNew: 59008K->6528K(59008K), 0.0547128 secs] 6952263K->6908915K(25159296K), 0.0550820 secs] [Times: user=0.61 sys=0.01, real=0.06 secs] 
2014-04-09T14:24:01.028+0900: 89.848: [GC (Allocation Failure) 89.848: [ParNew: 59008K->6528K(59008K), 0.0601936 secs] 6961395K->6917955K(25159296K), 0.0605560 secs] [Times: user=0.69 sys=0.01, real=0.06 secs] 
2014-04-09T14:24:01.126+0900: 89.946: [GC (Allocation Failure) 89.946: [ParNew: 59008K->6528K(59008K), 0.0581504 secs] 6970435K->6926381K(25159296K), 0.0585106 secs] [Times: user=0.67 sys=0.01, real=0.06 secs] 
2014-04-09T14:24:01.224+0900: 90.043: [GC (Allocation Failure) 90.043: [ParNew: 59008K->6528K(59008K), 0.0570306 secs] 6978861K->6934885K(25159296K), 0.0573902 secs] [Times: user=0.65 sys=0.02, real=0.06 secs] 
2014-04-09T14:24:01.319+0900: 90.139: [GC (Allocation Failure) 90.139: [ParNew: 59008K->6528K(59008K), 0.0560575 secs] 6987365K->6942394K(25159296K), 0.0564179 secs] [Times: user=0.64 sys=0.01, real=0.06 secs] 
2014-04-09T14:24:01.414+0900: 90.233: [GC (Allocation Failure) 90.234: [ParNew: 59008K->6528K(59008K), 0.0588088 secs] 6994874K->6951434K(25159296K), 0.0591693 secs] [Times: user=0.68 sys=0.01, real=0.06 secs] 
2014-04-09T14:24:01.510+0900: 90.329: [GC (Allocation Failure) 90.329: [ParNew: 59008K->6528K(59008K), 0.0576178 secs] 7003914K->6960821K(25159296K), 0.0579852 secs] [Times: user=0.67 sys=0.00, real=0.05 secs] 
2014-04-09T14:24:01.606+0900: 90.426: [GC (Allocation Failure) 90.426: [ParNew: 59008K->6528K(59008K), 0.0569784 secs] 7013301K->6968376K(25159296K), 0.0573398 secs] [Times: user=0.66 sys=0.01, real=0.06 secs] 
2014-04-09T14:24:01.701+0900: 90.521: [GC (Allocation Failure) 90.521: [ParNew: 59008K->6528K(59008K), 0.0545763 secs] 7020856K->6977111K(25159296K), 0.0549434 secs] [Times: user=0.62 sys=0.00, real=0.05 secs] 
2014-04-09T14:24:01.794+0900: 90.614: [GC (Allocation Failure) 90.614: [ParNew: 59008K->6528K(59008K), 0.0536794 secs] 7029591K->6985894K(25159296K), 0.0540560 secs] [Times: user=0.60 sys=0.02, real=0.05 secs] 
2014-04-09T14:24:01.886+0900: 90.706: [GC (Allocation Failure) 90.706: [ParNew: 59008K->6528K(59008K), 0.0561481 secs] 7038374K->6994268K(25159296K), 0.0565081 secs] [Times: user=0.64 sys=0.01, real=0.06 secs] 
2014-04-09T14:24:01.982+0900: 90.801: [GC (Allocation Failure) 90.802: [ParNew: 59008K->6528K(59008K), 0.0586317 secs] 7046748K->7003789K(25159296K), 0.0589927 secs] [Times: user=0.67 sys=0.00, real=0.06 secs] 
2014-04-09T14:24:02.080+0900: 90.900: [GC (Allocation Failure) 90.900: [ParNew: 59008K->6528K(59008K), 0.0544662 secs] 7056269K->7012090K(25159296K), 0.0548266 secs] [Times: user=0.63 sys=0.01, real=0.05 secs] 
2014-04-09T14:24:02.172+0900: 90.992: [GC (Allocation Failure) 90.992: [ParNew: 59008K->6528K(59008K), 0.0559682 secs] 7064570K->7020722K(25159296K), 0.0563535 secs] [Times: user=0.65 sys=0.01, real=0.05 secs] 
2014-04-09T14:24:02.267+0900: 91.087: [GC (Allocation Failure) 91.087: [ParNew: 59008K->6528K(59008K), 0.0547164 secs] 7073202K->7029231K(25159296K), 0.0550792 secs] [Times: user=0.63 sys=0.01, real=0.06 secs] 
2014-04-09T14:24:02.361+0900: 91.180: [GC (Allocation Failure) 91.180: [ParNew: 59008K->6528K(59008K), 0.0491950 secs] 7081711K->7037273K(25159296K), 0.0495568 secs] [Times: user=0.57 sys=0.00, real=0.05 secs] 
2014-04-09T14:24:02.451+0900: 91.270: [GC (Allocation Failure) 91.271: [ParNew: 59008K->6528K(59008K), 0.0586646 secs] 7089753K->7046472K(25159296K), 0.0590243 secs] [Times: user=0.67 sys=0.01, real=0.06 secs] 
2014-04-09T14:24:02.548+0900: 91.367: [GC (Allocation Failure) 91.367: [ParNew: 59008K->6528K(59008K), 0.0572906 secs] 7098952K->7055093K(25159296K), 0.0576512 secs] [Times: user=0.66 sys=0.00, real=0.06 secs] 
2014-04-09T14:24:02.643+0900: 91.462: [GC (Allocation Failure) 91.462: [ParNew: 59008K->6528K(59008K), 0.0559380 secs] 7107573K->7063771K(25159296K), 0.0562936 secs] [Times: user=0.65 sys=0.01, real=0.05 secs] 
2014-04-09T14:24:02.737+0900: 91.557: [GC (Allocation Failure) 91.557: [ParNew: 59008K->6528K(59008K), 0.0602587 secs] 7116251K->7072188K(25159296K), 0.0606175 secs] [Times: user=0.69 sys=0.00, real=0.06 secs] 
2014-04-09T14:24:02.837+0900: 91.656: [GC (Allocation Failure) 91.657: [ParNew: 59008K->6528K(59008K), 0.0540032 secs] 7124668K->7080861K(25159296K), 0.0543649 secs] [Times: user=0.62 sys=0.01, real=0.06 secs] 
2014-04-09T14:24:02.934+0900: 91.753: [GC (Allocation Failure) 91.754: [ParNew: 59008K->6528K(59008K), 0.0601836 secs] 7133341K->7089960K(25159296K), 0.0605375 secs] [Times: user=0.68 sys=0.01, real=0.06 secs] 
2014-04-09T14:24:03.032+0900: 91.852: [GC (Allocation Failure) 91.852: [ParNew: 59008K->6528K(59008K), 0.0607926 secs] 7142440K->7098600K(25159296K), 0.0611503 secs] [Times: user=0.70 sys=0.01, real=0.06 secs] 
2014-04-09T14:24:03.131+0900: 91.951: [GC (Allocation Failure) 91.951: [ParNew: 59008K->6528K(59008K), 0.0629965 secs] 7151080K->7106887K(25159296K), 0.0633535 secs] [Times: user=0.71 sys=0.02, real=0.06 secs] 
2014-04-09T14:24:03.233+0900: 92.053: [GC (Allocation Failure) 92.053: [ParNew: 59008K->6528K(59008K), 0.0558418 secs] 7159367K->7115144K(25159296K), 0.0562156 secs] [Times: user=0.65 sys=0.01, real=0.05 secs] 
2014-04-09T14:24:03.329+0900: 92.149: [GC (Allocation Failure) 92.149: [ParNew: 59008K->6528K(59008K), 0.0518734 secs] 7167624K->7124487K(25159296K), 0.0522333 secs] [Times: user=0.59 sys=0.01, real=0.06 secs] 
2014-04-09T14:24:03.420+0900: 92.239: [GC (Allocation Failure) 92.240: [ParNew: 59008K->6528K(59008K), 0.0577440 secs] 7176967K->7133141K(25159296K), 0.0581027 secs] [Times: user=0.67 sys=0.01, real=0.06 secs] 
2014-04-09T14:24:03.516+0900: 92.336: [GC (Allocation Failure) 92.336: [ParNew: 59008K->6528K(59008K), 0.0570220 secs] 7185621K->7141646K(25159296K), 0.0573832 secs] [Times: user=0.66 sys=0.01, real=0.06 secs] 
2014-04-09T14:24:03.612+0900: 92.431: [GC (Allocation Failure) 92.432: [ParNew: 59008K->6528K(59008K), 0.0543523 secs] 7194126K->7149794K(25159296K), 0.0547216 secs] [Times: user=0.63 sys=0.01, real=0.05 secs] 
2014-04-09T14:24:03.706+0900: 92.526: [GC (Allocation Failure) 92.526: [ParNew: 59008K->6528K(59008K), 0.0573699 secs] 7202274K->7158484K(25159296K), 0.0577287 secs] [Times: user=0.66 sys=0.01, real=0.06 secs] 
2014-04-09T14:24:03.801+0900: 92.621: [GC (Allocation Failure) 92.621: [ParNew: 59008K->6528K(59008K), 0.0634196 secs] 7210964K->7167185K(25159296K), 0.0637842 secs] [Times: user=0.73 sys=0.01, real=0.06 secs] 
2014-04-09T14:24:03.903+0900: 92.723: [GC (Allocation Failure) 92.723: [ParNew: 59008K->6528K(59008K), 0.0572537 secs] 7219665K->7175693K(25159296K), 0.0576286 secs] [Times: user=0.66 sys=0.01, real=0.06 secs] 
2014-04-09T14:24:03.998+0900: 92.818: [GC (Allocation Failure) 92.818: [ParNew: 59008K->6528K(59008K), 0.0544808 secs] 7228173K->7184697K(25159296K), 0.0548494 secs] [Times: user=0.62 sys=0.02, real=0.06 secs] 
2014-04-09T14:24:04.090+0900: 92.909: [GC (Allocation Failure) 92.909: [ParNew: 59008K->6528K(59008K), 0.0566865 secs] 7237177K->7193973K(25159296K), 0.0570501 secs] [Times: user=0.65 sys=0.00, real=0.06 secs] 
2014-04-09T14:24:04.187+0900: 93.007: [GC (Allocation Failure) 93.007: [ParNew: 59008K->6528K(59008K), 0.0572947 secs] 7246453K->7202717K(25159296K), 0.0576578 secs] [Times: user=0.67 sys=0.00, real=0.06 secs] 
2014-04-09T14:24:04.283+0900: 93.103: [GC (Allocation Failure) 93.103: [ParNew: 59008K->6528K(59008K), 0.0606093 secs] 7255197K->7210860K(25159296K), 0.0609741 secs] [Times: user=0.69 sys=0.00, real=0.06 secs] 
2014-04-09T14:24:04.380+0900: 93.200: [GC (Allocation Failure) 93.200: [ParNew: 58996K->6528K(59008K), 0.0570162 secs] 7263329K->7219866K(25159296K), 0.0573846 secs] [Times: user=0.66 sys=0.01, real=0.06 secs] 
2014-04-09T14:24:04.478+0900: 93.297: [GC (Allocation Failure) 93.298: [ParNew: 59008K->6528K(59008K), 0.0562926 secs] 7272346K->7227948K(25159296K), 0.0566551 secs] [Times: user=0.66 sys=0.00, real=0.06 secs] 
2014-04-09T14:24:04.574+0900: 93.394: [GC (Allocation Failure) 93.394: [ParNew: 59008K->6528K(59008K), 0.0571041 secs] 7280428K->7236723K(25159296K), 0.0574705 secs] [Times: user=0.66 sys=0.01, real=0.06 secs] 
2014-04-09T14:24:04.670+0900: 93.490: [GC (Allocation Failure) 93.490: [ParNew: 59008K->6528K(59008K), 0.0527573 secs] 7289203K->7244902K(25159296K), 0.0531163 secs] [Times: user=0.62 sys=0.00, real=0.05 secs] 
2014-04-09T14:24:04.763+0900: 93.583: [GC (Allocation Failure) 93.583: [ParNew: 59008K->6528K(59008K), 0.0634765 secs] 7297382K->7253977K(25159296K), 0.0638379 secs] [Times: user=0.72 sys=0.01, real=0.06 secs] 
2014-04-09T14:24:04.865+0900: 93.685: [GC (Allocation Failure) 93.685: [ParNew: 59008K->6528K(59008K), 0.0593606 secs] 7306457K->7262649K(25159296K), 0.0597160 secs] [Times: user=0.69 sys=0.01, real=0.06 secs] 
2014-04-09T14:24:04.964+0900: 93.783: [GC (Allocation Failure) 93.783: [ParNew: 59008K->6528K(59008K), 0.0553018 secs] 7315129K->7270371K(25159296K), 0.0556594 secs] [Times: user=0.64 sys=0.01, real=0.05 secs] 
2014-04-09T14:24:05.056+0900: 93.876: [GC (Allocation Failure) 93.876: [ParNew: 59008K->6528K(59008K), 0.0624716 secs] 7322851K->7280725K(25159296K), 0.0628443 secs] [Times: user=0.70 sys=0.01, real=0.06 secs] 
2014-04-09T14:24:05.160+0900: 93.980: [GC (Allocation Failure) 93.980: [ParNew: 59008K->6528K(59008K), 0.0560058 secs] 7333205K->7289135K(25159296K), 0.0563620 secs] [Times: user=0.65 sys=0.00, real=0.05 secs] 
2014-04-09T14:24:05.254+0900: 94.074: [GC (Allocation Failure) 94.074: [ParNew: 59008K->6528K(59008K), 0.0560521 secs] 7341615K->7296637K(25159296K), 0.0564113 secs] [Times: user=0.65 sys=0.02, real=0.06 secs] 
2014-04-09T14:24:05.348+0900: 94.168: [GC (Allocation Failure) 94.168: [ParNew: 59008K->6528K(59008K), 0.0501365 secs] 7349117K->7305142K(25159296K), 0.0504949 secs] [Times: user=0.55 sys=0.01, real=0.05 secs] 
2014-04-09T14:24:05.436+0900: 94.256: [GC (Allocation Failure) 94.256: [ParNew: 59008K->6528K(59008K), 0.0558800 secs] 7357622K->7315293K(25159296K), 0.0562400 secs] [Times: user=0.64 sys=0.00, real=0.06 secs] 
2014-04-09T14:24:05.530+0900: 94.350: [GC (Allocation Failure) 94.350: [ParNew: 59008K->6528K(59008K), 0.0568390 secs] 7367773K->7323461K(25159296K), 0.0572015 secs] [Times: user=0.67 sys=0.00, real=0.06 secs] 
2014-04-09T14:24:05.627+0900: 94.447: [GC (Allocation Failure) 94.447: [ParNew: 59008K->6528K(59008K), 0.0563558 secs] 7375941K->7332495K(25159296K), 0.0567198 secs] [Times: user=0.64 sys=0.01, real=0.06 secs] 
2014-04-09T14:24:05.726+0900: 94.546: [GC (Allocation Failure) 94.546: [ParNew: 59008K->6528K(59008K), 0.0567125 secs] 7384975K->7341233K(25159296K), 0.0570701 secs] [Times: user=0.65 sys=0.01, real=0.06 secs] 
2014-04-09T14:24:05.822+0900: 94.641: [GC (Allocation Failure) 94.641: [ParNew: 59008K->6528K(59008K), 0.0500498 secs] 7393713K->7349837K(25159296K), 0.0504082 secs] [Times: user=0.56 sys=0.02, real=0.05 secs] 
2014-04-09T14:24:05.910+0900: 94.730: [GC (Allocation Failure) 94.730: [ParNew: 59008K->6528K(59008K), 0.0586907 secs] 7402317K->7358843K(25159296K), 0.0590744 secs] [Times: user=0.68 sys=0.01, real=0.06 secs] 
2014-04-09T14:24:06.011+0900: 94.830: [GC (Allocation Failure) 94.831: [ParNew: 59008K->6528K(59008K), 0.0538818 secs] 7411323K->7367874K(25159296K), 0.0542366 secs] [Times: user=0.62 sys=0.01, real=0.05 secs] 
2014-04-09T14:24:06.103+0900: 94.923: [GC (Allocation Failure) 94.923: [ParNew: 59008K->6528K(59008K), 0.0577450 secs] 7420354K->7376405K(25159296K), 0.0581026 secs] [Times: user=0.67 sys=0.00, real=0.06 secs] 
2014-04-09T14:24:06.200+0900: 95.020: [GC (Allocation Failure) 95.020: [ParNew: 59008K->6528K(59008K), 0.0563437 secs] 7428885K->7385233K(25159296K), 0.0567125 secs] [Times: user=0.66 sys=0.00, real=0.06 secs] 
2014-04-09T14:24:06.294+0900: 95.114: [GC (Allocation Failure) 95.114: [ParNew: 59008K->6528K(59008K), 0.0548338 secs] 7437713K->7393682K(25159296K), 0.0552010 secs] [Times: user=0.65 sys=0.00, real=0.05 secs] 
2014-04-09T14:24:06.388+0900: 95.208: [GC (Allocation Failure) 95.208: [ParNew: 59008K->6528K(59008K), 0.0593402 secs] 7446162K->7402703K(25159296K), 0.0596986 secs] [Times: user=0.67 sys=0.00, real=0.06 secs] 
2014-04-09T14:24:06.489+0900: 95.309: [GC (Allocation Failure) 95.309: [ParNew: 59008K->6528K(59008K), 0.0549006 secs] 7455183K->7411511K(25159296K), 0.0552699 secs] [Times: user=0.63 sys=0.00, real=0.06 secs] 
2014-04-09T14:24:06.584+0900: 95.404: [GC (Allocation Failure) 95.404: [ParNew: 59008K->6528K(59008K), 0.0581274 secs] 7463991K->7420493K(25159296K), 0.0584931 secs] [Times: user=0.67 sys=0.01, real=0.06 secs] 
2014-04-09T14:24:06.681+0900: 95.501: [GC (Allocation Failure) 95.501: [ParNew: 59008K->6528K(59008K), 0.0568652 secs] 7472973K->7428552K(25159296K), 0.0572243 secs] [Times: user=0.66 sys=0.01, real=0.05 secs] 
2014-04-09T14:24:06.775+0900: 95.595: [GC (Allocation Failure) 95.595: [ParNew: 59008K->6528K(59008K), 0.0528970 secs] 7481032K->7437311K(25159296K), 0.0532569 secs] [Times: user=0.60 sys=0.00, real=0.05 secs] 
2014-04-09T14:24:06.867+0900: 95.686: [GC (Allocation Failure) 95.687: [ParNew: 59008K->6528K(59008K), 0.0544695 secs] 7489791K->7446684K(25159296K), 0.0548376 secs] [Times: user=0.62 sys=0.00, real=0.06 secs] 
2014-04-09T14:24:06.959+0900: 95.778: [GC (Allocation Failure) 95.779: [ParNew: 59008K->6528K(59008K), 0.0540639 secs] 7499164K->7455125K(25159296K), 0.0544225 secs] [Times: user=0.61 sys=0.02, real=0.06 secs] 
2014-04-09T14:24:07.057+0900: 95.877: [GC (Allocation Failure) 95.877: [ParNew: 59008K->6528K(59008K), 0.0552508 secs] 7507605K->7463034K(25159296K), 0.0556143 secs] [Times: user=0.63 sys=0.01, real=0.06 secs] 
2014-04-09T14:24:07.150+0900: 95.970: [GC (Allocation Failure) 95.970: [ParNew: 59008K->6528K(59008K), 0.0599580 secs] 7515514K->7471693K(25159296K), 0.0603170 secs] [Times: user=0.68 sys=0.01, real=0.07 secs] 
2014-04-09T14:24:07.248+0900: 96.068: [GC (Allocation Failure) 96.068: [ParNew: 59008K->6528K(59008K), 0.0522448 secs] 7524173K->7480992K(25159296K), 0.0526035 secs] [Times: user=0.57 sys=0.02, real=0.06 secs] 
2014-04-09T14:24:07.340+0900: 96.160: [GC (Allocation Failure) 96.160: [ParNew: 59008K->6528K(59008K), 0.0567917 secs] 7533472K->7489256K(25159296K), 0.0571644 secs] [Times: user=0.66 sys=0.01, real=0.06 secs] 
2014-04-09T14:24:07.435+0900: 96.255: [GC (Allocation Failure) 96.255: [ParNew: 59008K->6528K(59008K), 0.0597568 secs] 7541736K->7497912K(25159296K), 0.0601256 secs] [Times: user=0.69 sys=0.01, real=0.06 secs] 
2014-04-09T14:24:07.534+0900: 96.353: [GC (Allocation Failure) 96.354: [ParNew: 59008K->6528K(59008K), 0.0545684 secs] 7550392K->7507535K(25159296K), 0.0549303 secs] [Times: user=0.63 sys=0.01, real=0.05 secs] 
2014-04-09T14:24:07.629+0900: 96.448: [GC (Allocation Failure) 96.448: [ParNew: 59008K->6528K(59008K), 0.0567818 secs] 7560015K->7515442K(25159296K), 0.0571404 secs] [Times: user=0.66 sys=0.02, real=0.06 secs] 
2014-04-09T14:24:07.729+0900: 96.549: [GC (Allocation Failure) 96.549: [ParNew: 59008K->6528K(59008K), 0.0617582 secs] 7567922K->7524096K(25159296K), 0.0621146 secs] [Times: user=0.65 sys=0.01, real=0.07 secs] 
2014-04-09T14:24:07.828+0900: 96.648: [GC (Allocation Failure) 96.648: [ParNew: 59008K->6528K(59008K), 0.0559379 secs] 7576576K->7533283K(25159296K), 0.0562955 secs] [Times: user=0.65 sys=0.01, real=0.06 secs] 
2014-04-09T14:24:07.927+0900: 96.747: [GC (Allocation Failure) 96.747: [ParNew: 59008K->6528K(59008K), 0.0593489 secs] 7585763K->7540569K(25159296K), 0.0597056 secs] [Times: user=0.69 sys=0.01, real=0.06 secs] 
2014-04-09T14:24:07.988+0900: 96.808: [GC (CMS Initial Mark) [1 CMS-initial-mark: 7534041K(25100288K)] 7540597K(25159296K), 0.0020040 secs] [Times: user=0.01 sys=0.00, real=0.01 secs] 
2014-04-09T14:24:07.991+0900: 96.810: [CMS-concurrent-mark-start]
2014-04-09T14:24:08.041+0900: 96.860: [GC (Allocation Failure) 96.861: [ParNew: 59008K->6528K(59008K), 0.0577058 secs] 7593049K->7549767K(25159296K), 0.0580669 secs] [Times: user=0.67 sys=0.01, real=0.05 secs] 
2014-04-09T14:24:08.156+0900: 96.975: [GC (Allocation Failure) 96.976: [ParNew: 59008K->6528K(59008K), 0.0540885 secs] 7602247K->7558301K(25159296K), 0.0544451 secs] [Times: user=0.62 sys=0.00, real=0.05 secs] 
2014-04-09T14:24:08.266+0900: 97.086: [GC (Allocation Failure) 97.086: [ParNew: 59008K->6528K(59008K), 0.0538276 secs] 7610781K->7566825K(25159296K), 0.0541986 secs] [Times: user=0.63 sys=0.01, real=0.06 secs] 
2014-04-09T14:24:08.374+0900: 97.194: [GC (Allocation Failure) 97.194: [ParNew: 59008K->6528K(59008K), 0.0545263 secs] 7619305K->7575617K(25159296K), 0.0548850 secs] [Times: user=0.62 sys=0.01, real=0.05 secs] 
2014-04-09T14:24:08.479+0900: 97.299: [GC (Allocation Failure) 97.299: [ParNew: 59008K->6528K(59008K), 0.0539528 secs] 7628097K->7584155K(25159296K), 0.0543115 secs] [Times: user=0.62 sys=0.00, real=0.06 secs] 
2014-04-09T14:24:08.583+0900: 97.403: [GC (Allocation Failure) 97.403: [ParNew: 59008K->6528K(59008K), 0.0606498 secs] 7636635K->7593075K(25159296K), 0.0610243 secs] [Times: user=0.70 sys=0.02, real=0.06 secs] 
2014-04-09T14:24:08.692+0900: 97.512: [GC (Allocation Failure) 97.512: [ParNew: 59007K->6528K(59008K), 0.0624766 secs] 7645555K->7601964K(25159296K), 0.0628345 secs] [Times: user=0.73 sys=0.01, real=0.06 secs] 
2014-04-09T14:24:08.803+0900: 97.623: [GC (Allocation Failure) 97.623: [ParNew: 59008K->6528K(59008K), 0.0545972 secs] 7654444K->7611555K(25159296K), 0.0549560 secs] [Times: user=0.62 sys=0.01, real=0.05 secs] 
2014-04-09T14:24:08.909+0900: 97.729: [GC (Allocation Failure) 97.729: [ParNew: 59008K->6528K(59008K), 0.0566983 secs] 7664035K->7620264K(25159296K), 0.0570579 secs] [Times: user=0.66 sys=0.01, real=0.06 secs] 
2014-04-09T14:24:09.014+0900: 97.834: [GC (Allocation Failure) 97.834: [ParNew: 59008K->6528K(59008K), 0.0541462 secs] 7672744K->7628941K(25159296K), 0.0545075 secs] [Times: user=0.61 sys=0.01, real=0.05 secs] 
2014-04-09T14:24:09.125+0900: 97.945: [GC (Allocation Failure) 97.945: [ParNew: 59008K->6528K(59008K), 0.0547216 secs] 7681421K->7637517K(25159296K), 0.0550759 secs] [Times: user=0.63 sys=0.01, real=0.06 secs] 
2014-04-09T14:24:09.227+0900: 98.047: [GC (Allocation Failure) 98.047: [ParNew: 59008K->6528K(59008K), 0.0614615 secs] 7689997K->7646165K(25159296K), 0.0618219 secs] [Times: user=0.71 sys=0.01, real=0.06 secs] 
2014-04-09T14:24:09.346+0900: 98.166: [GC (Allocation Failure) 98.166: [ParNew: 59008K->6528K(59008K), 0.0603593 secs] 7698645K->7655824K(25159296K), 0.0607131 secs] [Times: user=0.68 sys=0.01, real=0.06 secs] 
2014-04-09T14:24:09.459+0900: 98.279: [GC (Allocation Failure) 98.279: [ParNew: 59008K->6528K(59008K), 0.0603584 secs] 7708304K->7664515K(25159296K), 0.0607120 secs] [Times: user=0.68 sys=0.01, real=0.06 secs] 
2014-04-09T14:24:09.570+0900: 98.389: [GC (Allocation Failure) 98.389: [ParNew: 59008K->6528K(59008K), 0.0582665 secs] 7716995K->7673461K(25159296K), 0.0586293 secs] [Times: user=0.68 sys=0.01, real=0.06 secs] 
2014-04-09T14:24:09.670+0900: 98.489: [CMS-concurrent-mark: 0.792/1.679 secs] [Times: user=18.64 sys=1.93, real=1.67 secs] 
2014-04-09T14:24:09.670+0900: 98.489: [CMS-concurrent-preclean-start]
2014-04-09T14:24:09.682+0900: 98.502: [GC (Allocation Failure) 98.502: [ParNew: 59008K->6528K(59008K), 0.0560542 secs] 7725941K->7682675K(25159296K), 0.0564322 secs] [Times: user=0.65 sys=0.01, real=0.05 secs] 
2014-04-09T14:24:09.778+0900: 98.598: [GC (Allocation Failure) 98.598: [ParNew: 59008K->6528K(59008K), 0.0542468 secs] 7735155K->7691864K(25159296K), 0.0546045 secs] [Times: user=0.62 sys=0.01, real=0.06 secs] 
2014-04-09T14:24:09.871+0900: 98.691: [GC (Allocation Failure) 98.691: [ParNew: 59008K->6528K(59008K), 0.0546801 secs] 7744344K->7701234K(25159296K), 0.0550555 secs] [Times: user=0.63 sys=0.01, real=0.06 secs] 
2014-04-09T14:24:09.966+0900: 98.786: [GC (Allocation Failure) 98.786: [ParNew: 59008K->6528K(59008K), 0.0618938 secs] 7753714K->7710733K(25159296K), 0.0622513 secs] [Times: user=0.71 sys=0.01, real=0.06 secs] 
2014-04-09T14:24:10.067+0900: 98.887: [GC (Allocation Failure) 98.887: [ParNew: 59008K->6528K(59008K), 0.0601291 secs] 7763213K->7720370K(25159296K), 0.0604950 secs] [Times: user=0.69 sys=0.01, real=0.06 secs] 
2014-04-09T14:24:10.166+0900: 98.986: [GC (Allocation Failure) 98.986: [ParNew: 59008K->6528K(59008K), 0.0615710 secs] 7772850K->7729619K(25159296K), 0.0619334 secs] [Times: user=0.71 sys=0.01, real=0.06 secs] 
2014-04-09T14:24:10.267+0900: 99.087: [GC (Allocation Failure) 99.087: [ParNew: 59008K->6528K(59008K), 0.0601531 secs] 7782099K->7738447K(25159296K), 0.0605125 secs] [Times: user=0.70 sys=0.01, real=0.06 secs] 
2014-04-09T14:24:10.367+0900: 99.187: [GC (Allocation Failure) 99.187: [ParNew: 59008K->6528K(59008K), 0.0615209 secs] 7790927K->7747180K(25159296K), 0.0618884 secs] [Times: user=0.72 sys=0.01, real=0.06 secs] 
2014-04-09T14:24:10.469+0900: 99.289: [GC (Allocation Failure) 99.289: [ParNew: 59008K->6528K(59008K), 0.0544110 secs] 7799660K->7755343K(25159296K), 0.0547808 secs] [Times: user=0.62 sys=0.02, real=0.06 secs] 
2014-04-09T14:24:10.564+0900: 99.383: [GC (Allocation Failure) 99.384: [ParNew: 59008K->6528K(59008K), 0.0560071 secs] 7807823K->7764333K(25159296K), 0.0563666 secs] [Times: user=0.64 sys=0.01, real=0.05 secs] 
2014-04-09T14:24:10.661+0900: 99.480: [GC (Allocation Failure) 99.480: [ParNew: 59008K->6528K(59008K), 0.0595335 secs] 7816813K->7773319K(25159296K), 0.0599005 secs] [Times: user=0.68 sys=0.01, real=0.06 secs] 
2014-04-09T14:24:10.759+0900: 99.579: [GC (Allocation Failure) 99.579: [ParNew: 59008K->6528K(59008K), 0.0538587 secs] 7825799K->7781203K(25159296K), 0.0542296 secs] [Times: user=0.63 sys=0.00, real=0.06 secs] 
2014-04-09T14:24:10.857+0900: 99.677: [GC (Allocation Failure) 99.677: [ParNew: 59008K->6528K(59008K), 0.0587645 secs] 7833683K->7790363K(25159296K), 0.0591402 secs] [Times: user=0.68 sys=0.01, real=0.06 secs] 
2014-04-09T14:24:10.957+0900: 99.777: [GC (Allocation Failure) 99.777: [ParNew: 59008K->6528K(59008K), 0.0595301 secs] 7842843K->7799104K(25159296K), 0.0598874 secs] [Times: user=0.69 sys=0.01, real=0.06 secs] 
2014-04-09T14:24:11.058+0900: 99.877: [GC (Allocation Failure) 99.877: [ParNew: 59008K->6528K(59008K), 0.0542816 secs] 7851584K->7807540K(25159296K), 0.0546418 secs] [Times: user=0.63 sys=0.01, real=0.06 secs] 
2014-04-09T14:24:11.152+0900: 99.972: [GC (Allocation Failure) 99.972: [ParNew: 59008K->6528K(59008K), 0.0572331 secs] 7860020K->7816121K(25159296K), 0.0575911 secs] [Times: user=0.66 sys=0.00, real=0.05 secs] 
2014-04-09T14:24:11.252+0900: 100.072: [GC (Allocation Failure) 100.072: [ParNew: 59008K->6528K(59008K), 0.0573877 secs] 7868601K->7824844K(25159296K), 0.0577441 secs] [Times: user=0.66 sys=0.01, real=0.05 secs] 
2014-04-09T14:24:11.351+0900: 100.170: [GC (Allocation Failure) 100.171: [ParNew: 59008K->6528K(59008K), 0.0576040 secs] 7877324K->7832913K(25159296K), 0.0579646 secs] [Times: user=0.67 sys=0.01, real=0.06 secs] 
2014-04-09T14:24:11.453+0900: 100.273: [GC (Allocation Failure) 100.273: [ParNew: 59008K->6528K(59008K), 0.0622444 secs] 7885393K->7841339K(25159296K), 0.0625967 secs] [Times: user=0.71 sys=0.01, real=0.06 secs] 
2014-04-09T14:24:11.562+0900: 100.381: [GC (Allocation Failure) 100.382: [ParNew: 59008K->6528K(59008K), 0.0563404 secs] 7893819K->7850180K(25159296K), 0.0567004 secs] [Times: user=0.66 sys=0.00, real=0.05 secs] 
2014-04-09T14:24:11.726+0900: 100.546: [CMS-concurrent-preclean: 0.799/2.056 secs] [Times: user=21.41 sys=2.45, real=2.06 secs] 
2014-04-09T14:24:11.727+0900: 100.547: [GC (Allocation Failure) 100.547: [ParNew: 59008K->6528K(59008K), 0.0584774 secs] 7902660K->7859101K(25159296K), 0.0588349 secs] [Times: user=0.67 sys=0.01, real=0.06 secs] 
2014-04-09T14:24:11.788+0900: 100.608: [GC (CMS Final Remark) [YG occupancy: 6839 K (59008 K)]100.608: [Rescan (parallel) , 0.0189368 secs]100.627: [weak refs processing, 0.0311268 secs]100.658: [class unloading, 0.0539790 secs]100.712: [scrub symbol table, 0.0043623 secs]100.717: [scrub string table, 0.0012329 secs][1 CMS-remark: 7852573K(25100288K)] 7859412K(25159296K), 0.1320145 secs] [Times: user=0.34 sys=0.00, real=0.13 secs] 
2014-04-09T14:24:11.921+0900: 100.741: [CMS-concurrent-sweep-start]
2014-04-09T14:24:11.970+0900: 100.790: [GC (Allocation Failure) 100.790: [ParNew: 59008K->6528K(59008K), 0.0494922 secs] 7886981K->7841467K(25159296K), 0.0498516 secs] [Times: user=0.61 sys=0.01, real=0.05 secs] 
2014-04-09T14:24:12.075+0900: 100.895: [GC (Allocation Failure) 100.895: [ParNew: 59008K->6528K(59008K), 0.0466587 secs] 7855736K->7810446K(25159296K), 0.0470191 secs] [Times: user=0.56 sys=0.00, real=0.05 secs] 
2014-04-09T14:24:12.159+0900: 100.979: [GC (Allocation Failure) 100.979: [ParNew: 59008K->6528K(59008K), 0.0607248 secs] 7835845K->7794562K(25159296K), 0.0610849 secs] [Times: user=0.72 sys=0.00, real=0.06 secs] 
2014-04-09T14:24:12.260+0900: 101.080: [GC (Allocation Failure) 101.080: [ParNew: 59008K->6528K(59008K), 0.0429857 secs] 7817960K->7773771K(25159296K), 0.0433452 secs] [Times: user=0.49 sys=0.01, real=0.05 secs] 
2014-04-09T14:24:12.342+0900: 101.161: [GC (Allocation Failure) 101.162: [ParNew: 59008K->6528K(59008K), 0.0434733 secs] 7798763K->7755077K(25159296K), 0.0438415 secs] [Times: user=0.50 sys=0.01, real=0.04 secs] 
2014-04-09T14:24:12.425+0900: 101.245: [GC (Allocation Failure) 101.245: [ParNew: 59008K->6528K(59008K), 0.0413834 secs] 7779143K->7734677K(25159296K), 0.0417515 secs] [Times: user=0.47 sys=0.00, real=0.04 secs] 
2014-04-09T14:24:12.511+0900: 101.331: [GC (Allocation Failure) 101.331: [ParNew: 59008K->6528K(59008K), 0.0428752 secs] 7754497K->7710813K(25159296K), 0.0432299 secs] [Times: user=0.50 sys=0.01, real=0.05 secs] 
2014-04-09T14:24:12.597+0900: 101.416: [GC (Allocation Failure) 101.417: [ParNew: 59008K->6528K(59008K), 0.0454817 secs] 7734056K->7689637K(25159296K), 0.0458493 secs] [Times: user=0.53 sys=0.01, real=0.05 secs] 
2014-04-09T14:24:12.684+0900: 101.503: [GC (Allocation Failure) 101.504: [ParNew: 59008K->6528K(59008K), 0.0426268 secs] 7714168K->7670652K(25159296K), 0.0429861 secs] [Times: user=0.49 sys=0.01, real=0.04 secs] 
2014-04-09T14:24:12.767+0900: 101.587: [GC (Allocation Failure) 101.587: [ParNew: 59008K->6528K(59008K), 0.0434380 secs] 7695022K->7650995K(25159296K), 0.0437971 secs] [Times: user=0.49 sys=0.01, real=0.04 secs] 
2014-04-09T14:24:12.849+0900: 101.669: [GC (Allocation Failure) 101.669: [ParNew: 59008K->6528K(59008K), 0.0552776 secs] 7676739K->7633086K(25159296K), 0.0556412 secs] [Times: user=0.66 sys=0.02, real=0.06 secs] 
2014-04-09T14:24:12.946+0900: 101.765: [GC (Allocation Failure) 101.765: [ParNew: 59008K->6528K(59008K), 0.0442209 secs] 7658735K->7613708K(25159296K), 0.0445844 secs] [Times: user=0.52 sys=0.00, real=0.04 secs] 
2014-04-09T14:24:13.030+0900: 101.850: [GC (Allocation Failure) 101.850: [ParNew: 59008K->6528K(59008K), 0.0527122 secs] 7641806K->7598852K(25159296K), 0.0530768 secs] [Times: user=0.62 sys=0.01, real=0.06 secs] 
2014-04-09T14:24:13.126+0900: 101.945: [GC (Allocation Failure) 101.946: [ParNew: 59008K->6528K(59008K), 0.0460248 secs] 7625637K->7580720K(25159296K), 0.0463825 secs] [Times: user=0.54 sys=0.01, real=0.05 secs] 
2014-04-09T14:24:13.210+0900: 102.030: [GC (Allocation Failure) 102.030: [ParNew: 59008K->6528K(59008K), 0.0439287 secs] 7609924K->7566290K(25159296K), 0.0442940 secs] [Times: user=0.49 sys=0.01, real=0.05 secs] 
2014-04-09T14:24:13.293+0900: 102.113: [GC (Allocation Failure) 102.113: [ParNew: 59008K->6528K(59008K), 0.0541109 secs] 7595637K->7552702K(25159296K), 0.0544718 secs] [Times: user=0.64 sys=0.02, real=0.05 secs] 
2014-04-09T14:24:13.388+0900: 102.208: [GC (Allocation Failure) 102.208: [ParNew: 59008K->6528K(59008K), 0.0433310 secs] 7579650K->7534998K(25159296K), 0.0437004 secs] [Times: user=0.50 sys=0.01, real=0.05 secs] 
2014-04-09T14:24:13.469+0900: 102.289: [GC (Allocation Failure) 102.289: [ParNew: 59008K->6528K(59008K), 0.0551559 secs] 7564620K->7521013K(25159296K), 0.0555238 secs] [Times: user=0.65 sys=0.02, real=0.06 secs] 
2014-04-09T14:24:13.566+0900: 102.386: [GC (Allocation Failure) 102.386: [ParNew: 59008K->6528K(59008K), 0.0578244 secs] 7548702K->7505287K(25159296K), 0.0581970 secs] [Times: user=0.71 sys=0.00, real=0.06 secs] 
2014-04-09T14:24:13.667+0900: 102.487: [GC (Allocation Failure) 102.487: [ParNew: 59008K->6528K(59008K), 0.0502202 secs] 7529505K->7485252K(25159296K), 0.0505806 secs] [Times: user=0.61 sys=0.00, real=0.05 secs] 
2014-04-09T14:24:13.756+0900: 102.576: [GC (Allocation Failure) 102.576: [ParNew: 59008K->6528K(59008K), 0.0441536 secs] 7514602K->7470425K(25159296K), 0.0445146 secs] [Times: user=0.53 sys=0.01, real=0.04 secs] 
2014-04-09T14:24:13.840+0900: 102.659: [GC (Allocation Failure) 102.660: [ParNew: 59008K->6528K(59008K), 0.0541193 secs] 7498976K->7456057K(25159296K), 0.0544857 secs] [Times: user=0.66 sys=0.00, real=0.06 secs] 
2014-04-09T14:24:13.935+0900: 102.754: [GC (Allocation Failure) 102.755: [ParNew: 59008K->6528K(59008K), 0.0434266 secs] 7483200K->7438374K(25159296K), 0.0437931 secs] [Times: user=0.51 sys=0.01, real=0.04 secs] 
2014-04-09T14:24:14.020+0900: 102.839: [GC (Allocation Failure) 102.840: [ParNew: 59008K->6528K(59008K), 0.0415871 secs] 7463907K->7419593K(25159296K), 0.0419475 secs] [Times: user=0.49 sys=0.01, real=0.05 secs] 
2014-04-09T14:24:14.102+0900: 102.922: [GC (Allocation Failure) 102.922: [ParNew: 59008K->6528K(59008K), 0.0521673 secs] 7448592K->7405551K(25159296K), 0.0525369 secs] [Times: user=0.63 sys=0.01, real=0.05 secs] 
2014-04-09T14:24:14.195+0900: 103.015: [GC (Allocation Failure) 103.015: [ParNew: 59008K->6528K(59008K), 0.0433506 secs] 7431970K->7387749K(25159296K), 0.0437112 secs] [Times: user=0.52 sys=0.01, real=0.04 secs] 
2014-04-09T14:24:14.278+0900: 103.098: [GC (Allocation Failure) 103.098: [ParNew: 59008K->6528K(59008K), 0.0554373 secs] 7415804K->7372259K(25159296K), 0.0557974 secs] [Times: user=0.69 sys=0.00, real=0.06 secs] 
2014-04-09T14:24:14.379+0900: 103.199: [GC (Allocation Failure) 103.199: [ParNew: 59008K->6528K(59008K), 0.0444422 secs] 7396560K->7351414K(25159296K), 0.0448001 secs] [Times: user=0.51 sys=0.01, real=0.05 secs] 
2014-04-09T14:24:14.464+0900: 103.284: [GC (Allocation Failure) 103.284: [ParNew: 59008K->6528K(59008K), 0.0445486 secs] 7381495K->7337858K(25159296K), 0.0449080 secs] [Times: user=0.51 sys=0.01, real=0.04 secs] 
2014-04-09T14:24:14.547+0900: 103.367: [GC (Allocation Failure) 103.367: [ParNew: 59008K->6528K(59008K), 0.0438758 secs] 7366697K->7322509K(25159296K), 0.0442369 secs] [Times: user=0.50 sys=0.01, real=0.05 secs] 
2014-04-09T14:24:14.635+0900: 103.455: [GC (Allocation Failure) 103.455: [ParNew: 59008K->6528K(59008K), 0.0439204 secs] 7347861K->7304054K(25159296K), 0.0442831 secs] [Times: user=0.52 sys=0.01, real=0.04 secs] 
2014-04-09T14:24:14.720+0900: 103.540: [GC (Allocation Failure) 103.540: [ParNew: 59008K->6528K(59008K), 0.0445105 secs] 7330600K->7286804K(25159296K), 0.0448732 secs] [Times: user=0.51 sys=0.02, real=0.05 secs] 
2014-04-09T14:24:14.804+0900: 103.624: [GC (Allocation Failure) 103.624: [ParNew: 59008K->6528K(59008K), 0.0519898 secs] 7314925K->7271656K(25159296K), 0.0523576 secs] [Times: user=0.63 sys=0.01, real=0.05 secs] 
2014-04-09T14:24:14.896+0900: 103.716: [GC (Allocation Failure) 103.716: [ParNew: 59008K->6528K(59008K), 0.0416308 secs] 7298987K->7254400K(25159296K), 0.0419989 secs] [Times: user=0.49 sys=0.00, real=0.04 secs] 
2014-04-09T14:24:14.977+0900: 103.797: [GC (Allocation Failure) 103.797: [ParNew: 59008K->6528K(59008K), 0.0451359 secs] 7283628K->7239349K(25159296K), 0.0454967 secs] [Times: user=0.52 sys=0.01, real=0.05 secs] 
2014-04-09T14:24:15.061+0900: 103.881: [GC (Allocation Failure) 103.881: [ParNew: 59008K->6528K(59008K), 0.0527794 secs] 7267831K->7225050K(25159296K), 0.0531399 secs] [Times: user=0.63 sys=0.01, real=0.06 secs] 
2014-04-09T14:24:15.152+0900: 103.972: [GC (Allocation Failure) 103.972: [ParNew: 59008K->6528K(59008K), 0.0456542 secs] 7252795K->7209247K(25159296K), 0.0460170 secs] [Times: user=0.54 sys=0.00, real=0.04 secs] 
2014-04-09T14:24:15.238+0900: 104.058: [GC (Allocation Failure) 104.058: [ParNew: 59008K->6528K(59008K), 0.0525984 secs] 7238061K->7194931K(25159296K), 0.0529574 secs] [Times: user=0.63 sys=0.00, real=0.05 secs] 
2014-04-09T14:24:15.334+0900: 104.154: [GC (Allocation Failure) 104.154: [ParNew: 59008K->6528K(59008K), 0.0451109 secs] 7222455K->7177280K(25159296K), 0.0454713 secs] [Times: user=0.53 sys=0.00, real=0.04 secs] 
2014-04-09T14:24:15.418+0900: 104.238: [GC (Allocation Failure) 104.238: [ParNew: 59007K->6528K(59008K), 0.0576114 secs] 7208004K->7165369K(25159296K), 0.0579692 secs] [Times: user=0.68 sys=0.02, real=0.06 secs] 
2014-04-09T14:24:15.520+0900: 104.339: [GC (Allocation Failure) 104.339: [ParNew: 59008K->6528K(59008K), 0.0438011 secs] 7192051K->7147057K(25159296K), 0.0441605 secs] [Times: user=0.52 sys=0.01, real=0.05 secs] 
2014-04-09T14:24:15.604+0900: 104.424: [GC (Allocation Failure) 104.424: [ParNew: 59008K->6528K(59008K), 0.0526283 secs] 7175538K->7132622K(25159296K), 0.0529888 secs] [Times: user=0.63 sys=0.01, real=0.05 secs] 
2014-04-09T14:24:15.696+0900: 104.516: [GC (Allocation Failure) 104.516: [ParNew: 59008K->6528K(59008K), 0.0434092 secs] 7162470K->7118506K(25159296K), 0.0437717 secs] [Times: user=0.51 sys=0.01, real=0.04 secs] 
2014-04-09T14:24:15.781+0900: 104.601: [GC (Allocation Failure) 104.601: [ParNew: 59008K->6528K(59008K), 0.0542287 secs] 7145852K->7101544K(25159296K), 0.0545859 secs] [Times: user=0.66 sys=0.00, real=0.05 secs] 
2014-04-09T14:24:15.877+0900: 104.696: [GC (Allocation Failure) 104.696: [ParNew: 59008K->6528K(59008K), 0.0464214 secs] 7128886K->7084901K(25159296K), 0.0467916 secs] [Times: user=0.55 sys=0.01, real=0.05 secs] 
2014-04-09T14:24:15.963+0900: 104.783: [GC (Allocation Failure) 104.783: [ParNew: 59008K->6528K(59008K), 0.0447936 secs] 7112824K->7069184K(25159296K), 0.0451548 secs] [Times: user=0.50 sys=0.02, real=0.04 secs] 
2014-04-09T14:24:16.048+0900: 104.868: [GC (Allocation Failure) 104.868: [ParNew: 59008K->6528K(59008K), 0.0510310 secs] 7097187K->7053699K(25159296K), 0.0513983 secs] [Times: user=0.62 sys=0.00, real=0.05 secs] 
2014-04-09T14:24:16.139+0900: 104.959: [GC (Allocation Failure) 104.959: [ParNew: 59008K->6528K(59008K), 0.0446303 secs] 7080373K->7035880K(25159296K), 0.0450002 secs] [Times: user=0.52 sys=0.01, real=0.05 secs] 
2014-04-09T14:24:16.224+0900: 105.044: [GC (Allocation Failure) 105.044: [ParNew: 59008K->6528K(59008K), 0.0565244 secs] 7063921K->7021448K(25159296K), 0.0568920 secs] [Times: user=0.68 sys=0.01, real=0.05 secs] 
2014-04-09T14:24:16.324+0900: 105.143: [GC (Allocation Failure) 105.143: [ParNew: 59008K->6528K(59008K), 0.0452091 secs] 7048290K->7003893K(25159296K), 0.0455710 secs] [Times: user=0.53 sys=0.00, real=0.04 secs] 
2014-04-09T14:24:16.409+0900: 105.229: [GC (Allocation Failure) 105.229: [ParNew: 59008K->6528K(59008K), 0.0582935 secs] 7031146K->6987793K(25159296K), 0.0586525 secs] [Times: user=0.72 sys=0.00, real=0.06 secs] 
2014-04-09T14:24:16.513+0900: 105.333: [GC (Allocation Failure) 105.333: [ParNew: 59008K->6528K(59008K), 0.0451057 secs] 7009875K->6964902K(25159296K), 0.0454684 secs] [Times: user=0.53 sys=0.01, real=0.04 secs] 
2014-04-09T14:24:16.598+0900: 105.418: [GC (Allocation Failure) 105.418: [ParNew: 59008K->6528K(59008K), 0.0448114 secs] 6992534K->6948963K(25159296K), 0.0451731 secs] [Times: user=0.53 sys=0.01, real=0.05 secs] 
2014-04-09T14:24:16.684+0900: 105.503: [GC (Allocation Failure) 105.503: [ParNew: 59008K->6528K(59008K), 0.0526219 secs] 6976542K->6933033K(25159296K), 0.0529985 secs] [Times: user=0.63 sys=0.01, real=0.05 secs] 
2014-04-09T14:24:16.779+0900: 105.598: [GC (Allocation Failure) 105.599: [ParNew: 59008K->6528K(59008K), 0.0422487 secs] 6959787K->6915427K(25159296K), 0.0426177 secs] [Times: user=0.50 sys=0.01, real=0.04 secs] 
2014-04-09T14:24:16.861+0900: 105.681: [GC (Allocation Failure) 105.681: [ParNew: 59008K->6528K(59008K), 0.0503714 secs] 6943744K->6899679K(25159296K), 0.0507332 secs] [Times: user=0.60 sys=0.01, real=0.05 secs] 
2014-04-09T14:24:16.951+0900: 105.771: [GC (Allocation Failure) 105.771: [ParNew: 59008K->6528K(59008K), 0.0554935 secs] 6927955K->6884801K(25159296K), 0.0558531 secs] [Times: user=0.66 sys=0.02, real=0.06 secs] 
2014-04-09T14:24:17.046+0900: 105.866: [GC (Allocation Failure) 105.866: [ParNew: 59008K->6528K(59008K), 0.0467473 secs] 6913107K->6868441K(25159296K), 0.0471083 secs] [Times: user=0.56 sys=0.02, real=0.05 secs] 
2014-04-09T14:24:17.134+0900: 105.954: [GC (Allocation Failure) 105.954: [ParNew: 59008K->6528K(59008K), 0.0586707 secs] 6893498K->6849672K(25159296K), 0.0590404 secs] [Times: user=0.63 sys=0.01, real=0.06 secs] 
2014-04-09T14:24:17.232+0900: 106.051: [GC (Allocation Failure) 106.052: [ParNew: 59008K->6528K(59008K), 0.0555845 secs] 6877363K->6833751K(25159296K), 0.0559457 secs] [Times: user=0.67 sys=0.01, real=0.06 secs] 
2014-04-09T14:24:17.328+0900: 106.148: [GC (Allocation Failure) 106.148: [ParNew: 59008K->6528K(59008K), 0.0448017 secs] 6860798K->6816477K(25159296K), 0.0451627 secs] [Times: user=0.51 sys=0.01, real=0.05 secs] 
2014-04-09T14:24:17.413+0900: 106.232: [GC (Allocation Failure) 106.232: [ParNew: 59008K->6528K(59008K), 0.0532447 secs] 6845425K->6802495K(25159296K), 0.0536048 secs] [Times: user=0.64 sys=0.00, real=0.05 secs] 
2014-04-09T14:24:17.507+0900: 106.326: [GC (Allocation Failure) 106.326: [ParNew: 59008K->6528K(59008K), 0.0424210 secs] 6829686K->6785555K(25159296K), 0.0427826 secs] [Times: user=0.48 sys=0.01, real=0.04 secs] 
2014-04-09T14:24:17.588+0900: 106.408: [GC (Allocation Failure) 106.408: [ParNew: 59008K->6528K(59008K), 0.0438783 secs] 6814288K->6769640K(25159296K), 0.0442378 secs] [Times: user=0.52 sys=0.01, real=0.05 secs] 
2014-04-09T14:24:17.673+0900: 106.492: [GC (Allocation Failure) 106.493: [ParNew: 59008K->6528K(59008K), 0.0449565 secs] 6797024K->6753270K(25159296K), 0.0453179 secs] [Times: user=0.49 sys=0.01, real=0.04 secs] 
2014-04-09T14:24:17.759+0900: 106.578: [GC (Allocation Failure) 106.579: [ParNew: 59008K->6528K(59008K), 0.0445095 secs] 6779981K->6736674K(25159296K), 0.0448670 secs] [Times: user=0.50 sys=0.01, real=0.05 secs] 
2014-04-09T14:24:17.845+0900: 106.665: [GC (Allocation Failure) 106.665: [ParNew: 59008K->6528K(59008K), 0.0538838 secs] 6762876K->6718696K(25159296K), 0.0542506 secs] [Times: user=0.65 sys=0.01, real=0.05 secs] 
2014-04-09T14:24:17.943+0900: 106.763: [GC (Allocation Failure) 106.763: [ParNew: 59008K->6528K(59008K), 0.0447483 secs] 6743862K->6699289K(25159296K), 0.0451024 secs] [Times: user=0.51 sys=0.01, real=0.04 secs] 
2014-04-09T14:24:18.027+0900: 106.847: [GC (Allocation Failure) 106.847: [ParNew: 59008K->6528K(59008K), 0.0565190 secs] 6728900K->6686033K(25159296K), 0.0568910 secs] [Times: user=0.68 sys=0.01, real=0.06 secs] 
2014-04-09T14:24:18.124+0900: 106.944: [GC (Allocation Failure) 106.944: [ParNew: 59008K->6528K(59008K), 0.0540371 secs] 6715368K->6670943K(25159296K), 0.0543954 secs] [Times: user=0.65 sys=0.00, real=0.05 secs] 
2014-04-09T14:24:18.221+0900: 107.041: [GC (Allocation Failure) 107.041: [ParNew: 59008K->6528K(59008K), 0.0447432 secs] 6700052K->6656033K(25159296K), 0.0451029 secs] [Times: user=0.49 sys=0.01, real=0.05 secs] 
2014-04-09T14:24:18.306+0900: 107.126: [GC (Allocation Failure) 107.126: [ParNew: 59008K->6528K(59008K), 0.0514588 secs] 6684018K->6641231K(25159296K), 0.0518164 secs] [Times: user=0.62 sys=0.00, real=0.05 secs] 
2014-04-09T14:24:18.398+0900: 107.217: [GC (Allocation Failure) 107.218: [ParNew: 59008K->6528K(59008K), 0.0526960 secs] 6667781K->6624241K(25159296K), 0.0530705 secs] [Times: user=0.62 sys=0.02, real=0.05 secs] 
2014-04-09T14:24:18.495+0900: 107.315: [GC (Allocation Failure) 107.315: [ParNew: 59008K->6528K(59008K), 0.0417912 secs] 6650304K->6605806K(25159296K), 0.0421481 secs] [Times: user=0.48 sys=0.00, real=0.04 secs] 
2014-04-09T14:24:18.578+0900: 107.397: [GC (Allocation Failure) 107.398: [ParNew: 59008K->6528K(59008K), 0.0544582 secs] 6631518K->6588289K(25159296K), 0.0548159 secs] [Times: user=0.64 sys=0.01, real=0.06 secs] 
2014-04-09T14:24:18.676+0900: 107.495: [GC (Allocation Failure) 107.496: [ParNew: 59008K->6528K(59008K), 0.0531566 secs] 6612461K->6567814K(25159296K), 0.0535132 secs] [Times: user=0.64 sys=0.00, real=0.05 secs] 
2014-04-09T14:24:18.768+0900: 107.588: [GC (Allocation Failure) 107.588: [ParNew: 59008K->6528K(59008K), 0.0557189 secs] 6595751K->6552109K(25159296K), 0.0560762 secs] [Times: user=0.67 sys=0.01, real=0.06 secs] 
2014-04-09T14:24:18.867+0900: 107.687: [GC (Allocation Failure) 107.687: [ParNew: 59008K->6528K(59008K), 0.0438498 secs] 6575567K->6530555K(25159296K), 0.0442031 secs] [Times: user=0.49 sys=0.01, real=0.04 secs] 
2014-04-09T14:24:18.952+0900: 107.772: [GC (Allocation Failure) 107.772: [ParNew: 59008K->6528K(59008K), 0.0556671 secs] 6556661K->6513257K(25159296K), 0.0560246 secs] [Times: user=0.66 sys=0.00, real=0.05 secs] 
2014-04-09T14:24:19.048+0900: 107.868: [GC (Allocation Failure) 107.868: [ParNew: 59008K->6528K(59008K), 0.0560389 secs] 6540713K->6497029K(25159296K), 0.0564064 secs] [Times: user=0.69 sys=0.00, real=0.06 secs] 
2014-04-09T14:24:19.145+0900: 107.965: [GC (Allocation Failure) 107.965: [ParNew: 59008K->6528K(59008K), 0.0505061 secs] 6526731K->6482333K(25159296K), 0.0508715 secs] [Times: user=0.61 sys=0.00, real=0.05 secs] 
2014-04-09T14:24:19.234+0900: 108.053: [GC (Allocation Failure) 108.054: [ParNew: 59008K->6528K(59008K), 0.0456135 secs] 6512367K->6467650K(25159296K), 0.0459709 secs] [Times: user=0.51 sys=0.02, real=0.04 secs] 
2014-04-09T14:24:19.319+0900: 108.139: [GC (Allocation Failure) 108.139: [ParNew: 59008K->6528K(59008K), 0.0443724 secs] 6495889K->6452824K(25159296K), 0.0447315 secs] [Times: user=0.49 sys=0.02, real=0.05 secs] 
2014-04-09T14:24:19.404+0900: 108.224: [GC (Allocation Failure) 108.224: [ParNew: 59008K->6528K(59008K), 0.0526968 secs] 6481212K->6437955K(25159296K), 0.0530612 secs] [Times: user=0.62 sys=0.01, real=0.05 secs] 
2014-04-09T14:24:19.494+0900: 108.314: [GC (Allocation Failure) 108.314: [ParNew: 59008K->6528K(59008K), 0.0556700 secs] 6468877K->6426092K(25159296K), 0.0560360 secs] [Times: user=0.67 sys=0.01, real=0.05 secs] 
2014-04-09T14:24:19.590+0900: 108.410: [GC (Allocation Failure) 108.410: [ParNew: 59008K->6528K(59008K), 0.0436041 secs] 6453537K->6408218K(25159296K), 0.0439723 secs] [Times: user=0.51 sys=0.01, real=0.05 secs] 
2014-04-09T14:24:19.673+0900: 108.493: [GC (Allocation Failure) 108.493: [ParNew: 59008K->6528K(59008K), 0.0448714 secs] 6436759K->6393119K(25159296K), 0.0452333 secs] [Times: user=0.50 sys=0.02, real=0.04 secs] 
2014-04-09T14:24:19.759+0900: 108.578: [GC (Allocation Failure) 108.579: [ParNew: 59008K->6528K(59008K), 0.0544018 secs] 6421728K->6378506K(25159296K), 0.0547695 secs] [Times: user=0.66 sys=0.00, real=0.06 secs] 
2014-04-09T14:24:19.853+0900: 108.672: [GC (Allocation Failure) 108.673: [ParNew: 59008K->6528K(59008K), 0.0431352 secs] 6407006K->6363457K(25159296K), 0.0434958 secs] [Times: user=0.50 sys=0.00, real=0.04 secs] 
2014-04-09T14:24:19.934+0900: 108.754: [GC (Allocation Failure) 108.754: [ParNew: 59008K->6528K(59008K), 0.0439537 secs] 6392616K->6348352K(25159296K), 0.0443269 secs] [Times: user=0.49 sys=0.01, real=0.04 secs] 
2014-04-09T14:24:20.022+0900: 108.841: [GC (Allocation Failure) 108.841: [ParNew: 59008K->6528K(59008K), 0.0515156 secs] 6375191K->6332416K(25159296K), 0.0518777 secs] [Times: user=0.62 sys=0.01, real=0.06 secs] 
2014-04-09T14:24:20.114+0900: 108.934: [GC (Allocation Failure) 108.934: [ParNew: 59008K->6528K(59008K), 0.0419538 secs] 6358320K->6313850K(25159296K), 0.0423392 secs] [Times: user=0.49 sys=0.01, real=0.04 secs] 
2014-04-09T14:24:20.196+0900: 109.016: [GC (Allocation Failure) 109.016: [ParNew: 59008K->6528K(59008K), 0.0565841 secs] 6342271K->6298848K(25159296K), 0.0569516 secs] [Times: user=0.68 sys=0.01, real=0.06 secs] 
2014-04-09T14:24:20.292+0900: 109.112: [GC (Allocation Failure) 109.112: [ParNew: 59008K->6528K(59008K), 0.0437331 secs] 6327194K->6282955K(25159296K), 0.0440987 secs] [Times: user=0.51 sys=0.00, real=0.04 secs] 
2014-04-09T14:24:20.375+0900: 109.195: [GC (Allocation Failure) 109.195: [ParNew: 59008K->6528K(59008K), 0.0550514 secs] 6313136K->6269902K(25159296K), 0.0554097 secs] [Times: user=0.67 sys=0.00, real=0.05 secs] 
2014-04-09T14:24:20.471+0900: 109.291: [GC (Allocation Failure) 109.291: [ParNew: 59008K->6528K(59008K), 0.0425990 secs] 6296710K->6252219K(25159296K), 0.0429557 secs] [Times: user=0.50 sys=0.01, real=0.05 secs] 
2014-04-09T14:24:20.555+0900: 109.375: [GC (Allocation Failure) 109.375: [ParNew: 59008K->6528K(59008K), 0.0549262 secs] 6278541K->6235242K(25159296K), 0.0552836 secs] [Times: user=0.66 sys=0.00, real=0.05 secs] 
2014-04-09T14:24:20.650+0900: 109.470: [GC (Allocation Failure) 109.470: [ParNew: 59008K->6528K(59008K), 0.0548449 secs] 6263165K->6219394K(25159296K), 0.0552016 secs] [Times: user=0.64 sys=0.01, real=0.06 secs] 
2014-04-09T14:24:20.744+0900: 109.564: [GC (Allocation Failure) 109.564: [ParNew: 59008K->6528K(59008K), 0.0430487 secs] 6247388K->6202947K(25159296K), 0.0434037 secs] [Times: user=0.50 sys=0.01, real=0.04 secs] 
2014-04-09T14:24:20.829+0900: 109.648: [GC (Allocation Failure) 109.648: [ParNew: 59008K->6528K(59008K), 0.0533551 secs] 6229223K->6185990K(25159296K), 0.0537322 secs] [Times: user=0.64 sys=0.00, real=0.06 secs] 
2014-04-09T14:24:20.922+0900: 109.742: [GC (Allocation Failure) 109.742: [ParNew: 59008K->6528K(59008K), 0.0536116 secs] 6213634K->6170274K(25159296K), 0.0539795 secs] [Times: user=0.65 sys=0.01, real=0.05 secs] 
2014-04-09T14:24:21.016+0900: 109.835: [GC (Allocation Failure) 109.836: [ParNew: 59008K->6528K(59008K), 0.0429500 secs] 6198128K->6153389K(25159296K), 0.0433092 secs] [Times: user=0.51 sys=0.00, real=0.04 secs] 
2014-04-09T14:24:21.098+0900: 109.918: [GC (Allocation Failure) 109.918: [ParNew: 59008K->6528K(59008K), 0.0478019 secs] 6181100K->6137639K(25159296K), 0.0481634 secs] [Times: user=0.57 sys=0.01, real=0.05 secs] 
2014-04-09T14:24:21.187+0900: 110.006: [GC (Allocation Failure) 110.007: [ParNew: 59008K->6528K(59008K), 0.0504366 secs] 6165777K->6122260K(25159296K), 0.0507957 secs] [Times: user=0.62 sys=0.00, real=0.05 secs] 
2014-04-09T14:24:21.276+0900: 110.096: [GC (Allocation Failure) 110.096: [ParNew: 59008K->6528K(59008K), 0.0420793 secs] 6151057K->6106263K(25159296K), 0.0424392 secs] [Times: user=0.49 sys=0.00, real=0.04 secs] 
2014-04-09T14:24:21.362+0900: 110.182: [GC (Allocation Failure) 110.182: [ParNew: 59008K->6528K(59008K), 0.0535835 secs] 6133717K->6090454K(25159296K), 0.0539492 secs] [Times: user=0.66 sys=0.01, real=0.05 secs] 
2014-04-09T14:24:21.455+0900: 110.275: [GC (Allocation Failure) 110.275: [ParNew: 59008K->6528K(59008K), 0.0566543 secs] 6120109K->6076847K(25159296K), 0.0570187 secs] [Times: user=0.68 sys=0.01, real=0.06 secs] 
2014-04-09T14:24:21.556+0900: 110.376: [GC (Allocation Failure) 110.376: [ParNew: 59008K->6528K(59008K), 0.0457802 secs] 6101473K->6057006K(25159296K), 0.0461365 secs] [Times: user=0.55 sys=0.01, real=0.05 secs] 
2014-04-09T14:24:21.642+0900: 110.461: [GC (Allocation Failure) 110.462: [ParNew: 59008K->6528K(59008K), 0.0524151 secs] 6089638K->6046812K(25159296K), 0.0527811 secs] [Times: user=0.63 sys=0.01, real=0.06 secs] 
2014-04-09T14:24:21.735+0900: 110.555: [GC (Allocation Failure) 110.555: [ParNew: 59008K->6528K(59008K), 0.0571389 secs] 6077802K->6033226K(25159296K), 0.0574971 secs] [Times: user=0.69 sys=0.01, real=0.06 secs] 
2014-04-09T14:24:21.833+0900: 110.653: [GC (Allocation Failure) 110.653: [ParNew: 59008K->6528K(59008K), 0.0452635 secs] 6062469K->6017971K(25159296K), 0.0456248 secs] [Times: user=0.52 sys=0.02, real=0.04 secs] 
2014-04-09T14:24:21.921+0900: 110.741: [GC (Allocation Failure) 110.741: [ParNew: 59007K->6528K(59008K), 0.0549008 secs] 6044557K->6001433K(25159296K), 0.0552567 secs] [Times: user=0.67 sys=0.01, real=0.06 secs] 
2014-04-09T14:24:22.018+0900: 110.838: [GC (Allocation Failure) 110.838: [ParNew: 59008K->6528K(59008K), 0.0428687 secs] 6028433K->5984658K(25159296K), 0.0432261 secs] [Times: user=0.50 sys=0.00, real=0.04 secs] 
2014-04-09T14:24:22.102+0900: 110.922: [GC (Allocation Failure) 110.922: [ParNew: 59008K->6528K(59008K), 0.0519971 secs] 6012904K->5969292K(25159296K), 0.0523562 secs] [Times: user=0.62 sys=0.01, real=0.05 secs] 
2014-04-09T14:24:22.197+0900: 111.016: [GC (Allocation Failure) 111.017: [ParNew: 58935K->6528K(59008K), 0.0570294 secs] 5997135K->5953582K(25159296K), 0.0573882 secs] [Times: user=0.68 sys=0.01, real=0.06 secs] 
2014-04-09T14:24:22.293+0900: 111.113: [GC (Allocation Failure) 111.113: [ParNew: 59008K->6528K(59008K), 0.0504179 secs] 5983787K->5940293K(25159296K), 0.0507763 secs] [Times: user=0.61 sys=0.01, real=0.05 secs] 
2014-04-09T14:24:22.383+0900: 111.202: [GC (Allocation Failure) 111.203: [ParNew: 59008K->6528K(59008K), 0.0541896 secs] 5970695K->5926414K(25159296K), 0.0545488 secs] [Times: user=0.66 sys=0.01, real=0.05 secs] 
2014-04-09T14:24:22.476+0900: 111.296: [GC (Allocation Failure) 111.296: [ParNew: 59008K->6528K(59008K), 0.0578578 secs] 5956245K->5912316K(25159296K), 0.0582272 secs] [Times: user=0.71 sys=0.00, real=0.06 secs] 
2014-04-09T14:24:22.576+0900: 111.396: [GC (Allocation Failure) 111.396: [ParNew: 59008K->6528K(59008K), 0.0542034 secs] 5941019K->5897456K(25159296K), 0.0545616 secs] [Times: user=0.65 sys=0.01, real=0.05 secs] 
2014-04-09T14:24:22.672+0900: 111.492: [GC (Allocation Failure) 111.492: [ParNew: 59008K->6528K(59008K), 0.0545351 secs] 5928149K->5884243K(25159296K), 0.0548995 secs] [Times: user=0.67 sys=0.01, real=0.05 secs] 
2014-04-09T14:24:22.769+0900: 111.589: [GC (Allocation Failure) 111.589: [ParNew: 59008K->6528K(59008K), 0.0518807 secs] 5911789K->5868412K(25159296K), 0.0522447 secs] [Times: user=0.63 sys=0.00, real=0.05 secs] 
2014-04-09T14:24:22.867+0900: 111.686: [GC (Allocation Failure) 111.686: [ParNew: 59008K->6528K(59008K), 0.0522757 secs] 5895702K->5851259K(25159296K), 0.0526331 secs] [Times: user=0.63 sys=0.01, real=0.05 secs] 
2014-04-09T14:24:22.960+0900: 111.779: [GC (Allocation Failure) 111.780: [ParNew: 59008K->6528K(59008K), 0.0579889 secs] 5892244K->5848398K(25159296K), 0.0583488 secs] [Times: user=0.69 sys=0.01, real=0.06 secs] 
2014-04-09T14:24:23.057+0900: 111.877: [GC (Allocation Failure) 111.877: [ParNew: 59008K->6528K(59008K), 0.0582321 secs] 5888542K->5844439K(25159296K), 0.0585901 secs] [Times: user=0.70 sys=0.01, real=0.06 secs] 
2014-04-09T14:24:23.156+0900: 111.976: [GC (Allocation Failure) 111.976: [ParNew: 59008K->6528K(59008K), 0.0553788 secs] 5884151K->5840467K(25159296K), 0.0557356 secs] [Times: user=0.65 sys=0.01, real=0.05 secs] 
2014-04-09T14:24:23.251+0900: 112.071: [GC (Allocation Failure) 112.071: [ParNew: 59008K->6528K(59008K), 0.0518666 secs] 5879950K->5836235K(25159296K), 0.0522308 secs] [Times: user=0.61 sys=0.01, real=0.06 secs] 
2014-04-09T14:24:23.343+0900: 112.163: [GC (Allocation Failure) 112.163: [ParNew: 59007K->6528K(59008K), 0.0453848 secs] 5875711K->5831065K(25159296K), 0.0457454 secs] [Times: user=0.52 sys=0.01, real=0.04 secs] 
2014-04-09T14:24:23.428+0900: 112.248: [GC (Allocation Failure) 112.248: [ParNew: 59008K->6528K(59008K), 0.0471011 secs] 5882385K->5838140K(25159296K), 0.0474591 secs] [Times: user=0.55 sys=0.01, real=0.05 secs] 
2014-04-09T14:24:23.515+0900: 112.335: [GC (Allocation Failure) 112.335: [ParNew: 59008K->6528K(59008K), 0.0583199 secs] 5890620K->5847954K(25159296K), 0.0586848 secs] [Times: user=0.69 sys=0.01, real=0.06 secs] 
2014-04-09T14:24:23.602+0900: 112.422: [CMS-concurrent-sweep: 5.054/11.681 secs] [Times: user=126.83 sys=15.78, real=11.68 secs] 
2014-04-09T14:24:23.603+0900: 112.422: [CMS-concurrent-reset-start]
2014-04-09T14:24:23.617+0900: 112.437: [GC (Allocation Failure) 112.437: [ParNew: 59008K->6528K(59008K), 0.0435962 secs] 5900434K->5855523K(25159296K), 0.0439713 secs] [Times: user=0.51 sys=0.01, real=0.04 secs] 
2014-04-09T14:24:23.706+0900: 112.526: [GC (Allocation Failure) 112.526: [ParNew: 59008K->6528K(59008K), 0.0523351 secs] 5908003K->5864554K(25159296K), 0.0526936 secs] [Times: user=0.62 sys=0.01, real=0.05 secs] 
2014-04-09T14:24:23.786+0900: 112.605: [CMS-concurrent-reset: 0.083/0.183 secs] [Times: user=1.92 sys=0.29, real=0.19 secs] 
2014-04-09T14:24:23.802+0900: 112.621: [GC (Allocation Failure) 112.622: [ParNew: 59008K->6528K(59008K), 0.0539395 secs] 5917034K->5873574K(25159296K), 0.0542935 secs] [Times: user=0.65 sys=0.01, real=0.06 secs] 
2014-04-09T14:24:23.895+0900: 112.714: [GC (Allocation Failure) 112.715: [ParNew: 59008K->6528K(59008K), 0.0515509 secs] 5926054K->5882123K(25159296K), 0.0519081 secs] [Times: user=0.62 sys=0.01, real=0.05 secs] 
2014-04-09T14:24:23.984+0900: 112.804: [GC (Allocation Failure) 112.804: [ParNew: 59008K->6528K(59008K), 0.0541500 secs] 5934603K->5890924K(25159296K), 0.0545180 secs] [Times: user=0.63 sys=0.01, real=0.05 secs] 
2014-04-09T14:24:24.080+0900: 112.900: [GC (Allocation Failure) 112.900: [ParNew: 59008K->6528K(59008K), 0.0509652 secs] 5943404K->5898640K(25159296K), 0.0513252 secs] [Times: user=0.60 sys=0.00, real=0.05 secs] 
2014-04-09T14:24:24.169+0900: 112.989: [GC (Allocation Failure) 112.989: [ParNew: 59008K->6528K(59008K), 0.0544532 secs] 5951120K->5907098K(25159296K), 0.0548094 secs] [Times: user=0.65 sys=0.00, real=0.06 secs] 
2014-04-09T14:24:24.261+0900: 113.080: [GC (Allocation Failure) 113.081: [ParNew: 59008K->6528K(59008K), 0.0517599 secs] 5959578K->5916062K(25159296K), 0.0521160 secs] [Times: user=0.62 sys=0.01, real=0.05 secs] 
2014-04-09T14:24:24.350+0900: 113.170: [GC (Allocation Failure) 113.170: [ParNew: 59008K->6528K(59008K), 0.0480081 secs] 5968542K->5925102K(25159296K), 0.0483719 secs] [Times: user=0.56 sys=0.01, real=0.05 secs] 
2014-04-09T14:24:24.435+0900: 113.255: [GC (Allocation Failure) 113.255: [ParNew: 59008K->6528K(59008K), 0.0455052 secs] 5977582K->5933624K(25159296K), 0.0458638 secs] [Times: user=0.54 sys=0.01, real=0.04 secs] 
2014-04-09T14:24:24.525+0900: 113.345: [GC (Allocation Failure) 113.345: [ParNew: 59008K->6528K(59008K), 0.0543657 secs] 5986104K->5942788K(25159296K), 0.0547227 secs] [Times: user=0.65 sys=0.01, real=0.05 secs] 
2014-04-09T14:24:24.617+0900: 113.437: [GC (Allocation Failure) 113.437: [ParNew: 59008K->6528K(59008K), 0.0534289 secs] 5995268K->5951199K(25159296K), 0.0537860 secs] [Times: user=0.64 sys=0.01, real=0.05 secs] 
2014-04-09T14:24:24.707+0900: 113.526: [GC (Allocation Failure) 113.527: [ParNew: 59008K->6528K(59008K), 0.0454759 secs] 6003679K->5959744K(25159296K), 0.0458409 secs] [Times: user=0.52 sys=0.01, real=0.04 secs] 
2014-04-09T14:24:24.789+0900: 113.609: [GC (Allocation Failure) 113.609: [ParNew: 59008K->6528K(59008K), 0.0450758 secs] 6012224K->5967995K(25159296K), 0.0454391 secs] [Times: user=0.52 sys=0.00, real=0.05 secs] 
2014-04-09T14:24:24.872+0900: 113.692: [GC (Allocation Failure) 113.692: [ParNew: 58973K->6528K(59008K), 0.0482348 secs] 6020441K->5977152K(25159296K), 0.0485930 secs] [Times: user=0.57 sys=0.01, real=0.05 secs] 
2014-04-09T14:24:24.959+0900: 113.779: [GC (Allocation Failure) 113.779: [ParNew: 59008K->6528K(59008K), 0.0453312 secs] 6029632K->5985775K(25159296K), 0.0456906 secs] [Times: user=0.54 sys=0.01, real=0.05 secs] 
2014-04-09T14:24:25.045+0900: 113.864: [GC (Allocation Failure) 113.865: [ParNew: 59008K->6528K(59008K), 0.0447768 secs] 6038255K->5994593K(25159296K), 0.0451335 secs] [Times: user=0.52 sys=0.01, real=0.04 secs] 
2014-04-09T14:24:25.127+0900: 113.946: [GC (Allocation Failure) 113.946: [ParNew: 59008K->6528K(59008K), 0.0552467 secs] 6047073K->6003727K(25159296K), 0.0556039 secs] [Times: user=0.63 sys=0.01, real=0.05 secs] 
2014-04-09T14:24:25.220+0900: 114.040: [GC (Allocation Failure) 114.040: [ParNew: 59008K->6528K(59008K), 0.0515496 secs] 6056207K->6012591K(25159296K), 0.0519106 secs] [Times: user=0.62 sys=0.01, real=0.05 secs] 
2014-04-09T14:24:25.308+0900: 114.127: [GC (Allocation Failure) 114.128: [ParNew: 59008K->6528K(59008K), 0.0521017 secs] 6065071K->6021243K(25159296K), 0.0524616 secs] [Times: user=0.63 sys=0.00, real=0.05 secs] 
2014-04-09T14:24:25.403+0900: 114.223: [GC (Allocation Failure) 114.223: [ParNew: 59008K->6528K(59008K), 0.0513582 secs] 6073723K->6030102K(25159296K), 0.0517192 secs] [Times: user=0.61 sys=0.01, real=0.06 secs] 
2014-04-09T14:24:25.493+0900: 114.313: [GC (Allocation Failure) 114.313: [ParNew: 59008K->6528K(59008K), 0.0579143 secs] 6082582K->6037917K(25159296K), 0.0582776 secs] [Times: user=0.70 sys=0.01, real=0.06 secs] 
2014-04-09T14:24:25.588+0900: 114.408: [GC (Allocation Failure) 114.408: [ParNew: 59008K->6528K(59008K), 0.0503046 secs] 6090397K->6047240K(25159296K), 0.0506681 secs] [Times: user=0.62 sys=0.00, real=0.05 secs] 
2014-04-09T14:24:25.676+0900: 114.496: [GC (Allocation Failure) 114.496: [ParNew: 59008K->6528K(59008K), 0.0500586 secs] 6099720K->6055723K(25159296K), 0.0504242 secs] [Times: user=0.59 sys=0.01, real=0.05 secs] 
2014-04-09T14:24:25.763+0900: 114.583: [GC (Allocation Failure) 114.583: [ParNew: 59008K->6528K(59008K), 0.0502736 secs] 6108203K->6065040K(25159296K), 0.0506323 secs] [Times: user=0.58 sys=0.02, real=0.05 secs] 
2014-04-09T14:24:25.852+0900: 114.672: [GC (Allocation Failure) 114.672: [ParNew: 59008K->6528K(59008K), 0.0519067 secs] 6117520K->6073527K(25159296K), 0.0522683 secs] [Times: user=0.63 sys=0.01, real=0.06 secs] 
2014-04-09T14:24:25.941+0900: 114.761: [GC (Allocation Failure) 114.761: [ParNew: 59008K->6528K(59008K), 0.0555991 secs] 6126007K->6082379K(25159296K), 0.0559518 secs] [Times: user=0.65 sys=0.02, real=0.06 secs] 
2014-04-09T14:24:26.035+0900: 114.855: [GC (Allocation Failure) 114.855: [ParNew: 59008K->6528K(59008K), 0.0453080 secs] 6134859K->6090392K(25159296K), 0.0456727 secs] [Times: user=0.54 sys=0.00, real=0.04 secs] 
2014-04-09T14:24:26.118+0900: 114.937: [GC (Allocation Failure) 114.938: [ParNew: 59008K->6528K(59008K), 0.0508442 secs] 6142872K->6099355K(25159296K), 0.0512026 secs] [Times: user=0.60 sys=0.01, real=0.05 secs] 
2014-04-09T14:24:26.209+0900: 115.029: [GC (Allocation Failure) 115.029: [ParNew: 59008K->6528K(59008K), 0.0578943 secs] 6151835K->6107397K(25159296K), 0.0582582 secs] [Times: user=0.69 sys=0.01, real=0.06 secs] 
2014-04-09T14:24:26.306+0900: 115.126: [GC (Allocation Failure) 115.126: [ParNew: 59007K->6528K(59008K), 0.0542664 secs] 6159877K->6116438K(25159296K), 0.0546255 secs] [Times: user=0.63 sys=0.01, real=0.05 secs] 
2014-04-09T14:24:26.399+0900: 115.219: [GC (Allocation Failure) 115.219: [ParNew: 59008K->6528K(59008K), 0.0492945 secs] 6168918K->6125276K(25159296K), 0.0496536 secs] [Times: user=0.59 sys=0.00, real=0.05 secs] 
2014-04-09T14:24:26.487+0900: 115.307: [GC (Allocation Failure) 115.307: [ParNew: 59008K->6528K(59008K), 0.0584380 secs] 6177756K->6134433K(25159296K), 0.0587938 secs] [Times: user=0.70 sys=0.01, real=0.06 secs] 
2014-04-09T14:24:26.590+0900: 115.410: [GC (Allocation Failure) 115.410: [ParNew: 59008K->6528K(59008K), 0.0526740 secs] 6186913K->6143301K(25159296K), 0.0530366 secs] [Times: user=0.63 sys=0.00, real=0.06 secs] 
2014-04-09T14:24:26.686+0900: 115.506: [GC (Allocation Failure) 115.506: [ParNew: 59008K->6528K(59008K), 0.0569691 secs] 6195781K->6150605K(25159296K), 0.0573313 secs] [Times: user=0.69 sys=0.01, real=0.06 secs] 
2014-04-09T14:24:26.782+0900: 115.602: [GC (Allocation Failure) 115.602: [ParNew: 59008K->6528K(59008K), 0.0441503 secs] 6203085K->6159194K(25159296K), 0.0445148 secs] [Times: user=0.48 sys=0.01, real=0.05 secs] 
2014-04-09T14:24:26.864+0900: 115.683: [GC (Allocation Failure) 115.683: [ParNew: 59008K->6528K(59008K), 0.0440238 secs] 6211674K->6168458K(25159296K), 0.0443817 secs] [Times: user=0.50 sys=0.01, real=0.04 secs] 
2014-04-09T14:24:26.950+0900: 115.770: [GC (Allocation Failure) 115.770: [ParNew: 59008K->6528K(59008K), 0.0523376 secs] 6220938K->6177373K(25159296K), 0.0526924 secs] [Times: user=0.62 sys=0.01, real=0.05 secs] 
2014-04-09T14:24:27.045+0900: 115.865: [GC (Allocation Failure) 115.865: [ParNew: 59008K->6528K(59008K), 0.0465822 secs] 6229853K->6185947K(25159296K), 0.0469393 secs] [Times: user=0.53 sys=0.01, real=0.04 secs] 
2014-04-09T14:24:27.128+0900: 115.948: [GC (Allocation Failure) 115.948: [ParNew: 59007K->6528K(59008K), 0.0502577 secs] 6238426K->6194713K(25159296K), 0.0506172 secs] [Times: user=0.61 sys=0.01, real=0.05 secs] 
2014-04-09T14:24:27.216+0900: 116.036: [GC (Allocation Failure) 116.036: [ParNew: 59008K->6528K(59008K), 0.0457849 secs] 6247193K->6202228K(25159296K), 0.0461415 secs] [Times: user=0.55 sys=0.00, real=0.04 secs] 
2014-04-09T14:24:27.300+0900: 116.119: [GC (Allocation Failure) 116.120: [ParNew: 59008K->6528K(59008K), 0.0597893 secs] 6254708K->6211270K(25159296K), 0.0601472 secs] [Times: user=0.70 sys=0.02, real=0.06 secs] 
2014-04-09T14:24:27.398+0900: 116.218: [GC (Allocation Failure) 116.218: [ParNew: 59008K->6528K(59008K), 0.0535192 secs] 6263750K->6220580K(25159296K), 0.0538751 secs] [Times: user=0.64 sys=0.01, real=0.05 secs] 
2014-04-09T14:24:27.490+0900: 116.310: [GC (Allocation Failure) 116.310: [ParNew: 59008K->6528K(59008K), 0.0444835 secs] 6273060K->6228724K(25159296K), 0.0448401 secs] [Times: user=0.51 sys=0.01, real=0.05 secs] 
2014-04-09T14:24:27.574+0900: 116.393: [GC (Allocation Failure) 116.394: [ParNew: 59008K->6528K(59008K), 0.0467446 secs] 6281204K->6237736K(25159296K), 0.0471041 secs] [Times: user=0.53 sys=0.01, real=0.04 secs] 
2014-04-09T14:24:27.659+0900: 116.479: [GC (Allocation Failure) 116.479: [ParNew: 59008K->6528K(59008K), 0.0447290 secs] 6290216K->6246661K(25159296K), 0.0450858 secs] [Times: user=0.53 sys=0.00, real=0.05 secs] 
2014-04-09T14:24:27.742+0900: 116.562: [GC (Allocation Failure) 116.562: [ParNew: 59008K->6528K(59008K), 0.0527807 secs] 6299141K->6255679K(25159296K), 0.0531447 secs] [Times: user=0.64 sys=0.00, real=0.06 secs] 
2014-04-09T14:24:27.832+0900: 116.652: [GC (Allocation Failure) 116.652: [ParNew: 59008K->6528K(59008K), 0.0502624 secs] 6308159K->6264516K(25159296K), 0.0506231 secs] [Times: user=0.61 sys=0.01, real=0.05 secs] 
2014-04-09T14:24:27.922+0900: 116.741: [GC (Allocation Failure) 116.741: [ParNew: 59008K->6528K(59008K), 0.0574425 secs] 6316996K->6273027K(25159296K), 0.0578084 secs] [Times: user=0.70 sys=0.01, real=0.06 secs] 
2014-04-09T14:24:28.019+0900: 116.838: [GC (Allocation Failure) 116.838: [ParNew: 59008K->6528K(59008K), 0.0456593 secs] 6325507K->6281588K(25159296K), 0.0460174 secs] [Times: user=0.53 sys=0.01, real=0.05 secs] 
2014-04-09T14:24:28.107+0900: 116.927: [GC (Allocation Failure) 116.927: [ParNew: 59008K->6528K(59008K), 0.0573097 secs] 6334068K->6290386K(25159296K), 0.0576681 secs] [Times: user=0.69 sys=0.01, real=0.06 secs] 
2014-04-09T14:24:28.201+0900: 117.021: [GC (Allocation Failure) 117.021: [ParNew: 59008K->6528K(59008K), 0.0532598 secs] 6342866K->6298819K(25159296K), 0.0536238 secs] [Times: user=0.64 sys=0.01, real=0.06 secs] 
2014-04-09T14:24:28.291+0900: 117.111: [GC (Allocation Failure) 117.111: [ParNew: 59008K->6528K(59008K), 0.0452499 secs] 6351299K->6306599K(25159296K), 0.0456073 secs] [Times: user=0.52 sys=0.00, real=0.05 secs] 
2014-04-09T14:24:28.374+0900: 117.194: [GC (Allocation Failure) 117.194: [ParNew: 59008K->6528K(59008K), 0.0524926 secs] 6359079K->6316461K(25159296K), 0.0528607 secs] [Times: user=0.62 sys=0.01, real=0.05 secs] 
2014-04-09T14:24:28.469+0900: 117.289: [GC (Allocation Failure) 117.289: [ParNew: 59008K->6528K(59008K), 0.0455738 secs] 6368941K->6324133K(25159296K), 0.0459291 secs] [Times: user=0.53 sys=0.02, real=0.05 secs] 
2014-04-09T14:24:28.553+0900: 117.373: [GC (Allocation Failure) 117.373: [ParNew: 59008K->6528K(59008K), 0.0458826 secs] 6376613K->6333204K(25159296K), 0.0462397 secs] [Times: user=0.51 sys=0.02, real=0.05 secs] 
2014-04-09T14:24:28.637+0900: 117.457: [GC (Allocation Failure) 117.457: [ParNew: 59008K->6528K(59008K), 0.0522527 secs] 6385684K->6342001K(25159296K), 0.0526122 secs] [Times: user=0.63 sys=0.01, real=0.05 secs] 
2014-04-09T14:24:28.727+0900: 117.547: [GC (Allocation Failure) 117.547: [ParNew: 59008K->6528K(59008K), 0.0554743 secs] 6394481K->6350967K(25159296K), 0.0558518 secs] [Times: user=0.66 sys=0.01, real=0.05 secs] 
2014-04-09T14:24:28.827+0900: 117.646: [GC (Allocation Failure) 117.646: [ParNew: 59008K->6528K(59008K), 0.0459429 secs] 6403447K->6358529K(25159296K), 0.0462977 secs] [Times: user=0.54 sys=0.01, real=0.04 secs] 
2014-04-09T14:24:28.915+0900: 117.735: [GC (Allocation Failure) 117.735: [ParNew: 59008K->6528K(59008K), 0.0543929 secs] 6411009K->6368143K(25159296K), 0.0547467 secs] [Times: user=0.66 sys=0.01, real=0.05 secs] 
2014-04-09T14:24:29.007+0900: 117.827: [GC (Allocation Failure) 117.827: [ParNew: 59008K->6528K(59008K), 0.0449471 secs] 6420623K->6375977K(25159296K), 0.0453071 secs] [Times: user=0.53 sys=0.00, real=0.04 secs] 
2014-04-09T14:24:29.089+0900: 117.909: [GC (Allocation Failure) 117.909: [ParNew: 59008K->6528K(59008K), 0.0546775 secs] 6428457K->6385268K(25159296K), 0.0550473 secs] [Times: user=0.65 sys=0.01, real=0.06 secs] 
2014-04-09T14:24:29.182+0900: 118.001: [GC (Allocation Failure) 118.002: [ParNew: 59008K->6528K(59008K), 0.0455630 secs] 6437748K->6393633K(25159296K), 0.0459211 secs] [Times: user=0.53 sys=0.00, real=0.05 secs] 
2014-04-09T14:24:29.263+0900: 118.083: [GC (Allocation Failure) 118.083: [ParNew: 59008K->6528K(59008K), 0.0556870 secs] 6446113K->6401862K(25159296K), 0.0560448 secs] [Times: user=0.68 sys=0.00, real=0.06 secs] 
2014-04-09T14:24:29.357+0900: 118.177: [GC (Allocation Failure) 118.177: [ParNew: 59008K->6528K(59008K), 0.0552624 secs] 6454342K->6410732K(25159296K), 0.0556231 secs] [Times: user=0.65 sys=0.01, real=0.05 secs] 
2014-04-09T14:24:29.450+0900: 118.270: [GC (Allocation Failure) 118.270: [ParNew: 59008K->6528K(59008K), 0.0518352 secs] 6463212K->6419948K(25159296K), 0.0522098 secs] [Times: user=0.63 sys=0.00, real=0.05 secs] 
2014-04-09T14:24:29.541+0900: 118.361: [GC (Allocation Failure) 118.361: [ParNew: 59008K->6528K(59008K), 0.0595111 secs] 6472428K->6428733K(25159296K), 0.0598671 secs] [Times: user=0.72 sys=0.01, real=0.06 secs] 
2014-04-09T14:24:29.639+0900: 118.458: [GC (Allocation Failure) 118.458: [ParNew: 59008K->6528K(59008K), 0.0474943 secs] 6481213K->6437315K(25159296K), 0.0478506 secs] [Times: user=0.55 sys=0.01, real=0.05 secs] 
2014-04-09T14:24:29.726+0900: 118.546: [GC (Allocation Failure) 118.546: [ParNew: 59008K->6528K(59008K), 0.0564926 secs] 6489795K->6446381K(25159296K), 0.0568469 secs] [Times: user=0.68 sys=0.01, real=0.05 secs] 
2014-04-09T14:24:29.826+0900: 118.645: [GC (Allocation Failure) 118.646: [ParNew: 59008K->6528K(59008K), 0.0458887 secs] 6498861K->6454837K(25159296K), 0.0462456 secs] [Times: user=0.52 sys=0.02, real=0.04 secs] 
2014-04-09T14:24:29.914+0900: 118.733: [GC (Allocation Failure) 118.733: [ParNew: 59008K->6528K(59008K), 0.0433047 secs] 6507317K->6462473K(25159296K), 0.0436583 secs] [Times: user=0.51 sys=0.00, real=0.05 secs] 
2014-04-09T14:24:29.994+0900: 118.813: [GC (Allocation Failure) 118.814: [ParNew: 59008K->6528K(59008K), 0.0465470 secs] 6514953K->6472064K(25159296K), 0.0469041 secs] [Times: user=0.54 sys=0.00, real=0.05 secs] 
2014-04-09T14:24:30.079+0900: 118.898: [GC (Allocation Failure) 118.899: [ParNew: 59008K->6528K(59008K), 0.0561097 secs] 6524544K->6480532K(25159296K), 0.0564689 secs] [Times: user=0.68 sys=0.01, real=0.06 secs] 
2014-04-09T14:24:30.174+0900: 118.993: [GC (Allocation Failure) 118.993: [ParNew: 59008K->6528K(59008K), 0.0540410 secs] 6533012K->6489263K(25159296K), 0.0544005 secs] [Times: user=0.65 sys=0.01, real=0.06 secs] 
2014-04-09T14:24:30.266+0900: 119.085: [GC (Allocation Failure) 119.086: [ParNew: 59008K->6528K(59008K), 0.0500960 secs] 6541743K->6497860K(25159296K), 0.0504543 secs] [Times: user=0.60 sys=0.01, real=0.05 secs] 
2014-04-09T14:24:30.353+0900: 119.173: [GC (Allocation Failure) 119.173: [ParNew: 59008K->6528K(59008K), 0.0532452 secs] 6550340K->6505989K(25159296K), 0.0536114 secs] [Times: user=0.64 sys=0.01, real=0.06 secs] 
2014-04-09T14:24:30.444+0900: 119.263: [GC (Allocation Failure) 119.263: [ParNew: 59008K->6528K(59008K), 0.0486179 secs] 6558469K->6515017K(25159296K), 0.0489829 secs] [Times: user=0.57 sys=0.01, real=0.05 secs] 
2014-04-09T14:24:30.530+0900: 119.350: [GC (Allocation Failure) 119.350: [ParNew: 59008K->6528K(59008K), 0.0464079 secs] 6567497K->6523484K(25159296K), 0.0467688 secs] [Times: user=0.54 sys=0.01, real=0.05 secs] 
2014-04-09T14:24:30.615+0900: 119.434: [GC (Allocation Failure) 119.435: [ParNew: 59008K->6528K(59008K), 0.0501557 secs] 6575964K->6532390K(25159296K), 0.0505152 secs] [Times: user=0.61 sys=0.00, real=0.05 secs] 
2014-04-09T14:24:30.702+0900: 119.521: [GC (Allocation Failure) 119.521: [ParNew: 59008K->6528K(59008K), 0.0450965 secs] 6584870K->6541364K(25159296K), 0.0454533 secs] [Times: user=0.52 sys=0.01, real=0.05 secs] 
2014-04-09T14:24:30.785+0900: 119.604: [GC (Allocation Failure) 119.605: [ParNew: 59008K->6528K(59008K), 0.0446799 secs] 6593844K->6550049K(25159296K), 0.0450375 secs] [Times: user=0.54 sys=0.00, real=0.04 secs] 
2014-04-09T14:24:30.867+0900: 119.687: [GC (Allocation Failure) 119.687: [ParNew: 59008K->6528K(59008K), 0.0445897 secs] 6602529K->6558926K(25159296K), 0.0449545 secs] [Times: user=0.52 sys=0.01, real=0.04 secs] 
2014-04-09T14:24:30.949+0900: 119.769: [GC (Allocation Failure) 119.769: [ParNew: 59008K->6528K(59008K), 0.0559691 secs] 6611406K->6567208K(25159296K), 0.0563284 secs] [Times: user=0.67 sys=0.01, real=0.06 secs] 
2014-04-09T14:24:31.046+0900: 119.866: [GC (Allocation Failure) 119.866: [ParNew: 59008K->6528K(59008K), 0.0527278 secs] 6619688K->6576027K(25159296K), 0.0530866 secs] [Times: user=0.63 sys=0.01, real=0.05 secs] 
2014-04-09T14:24:31.140+0900: 119.960: [GC (Allocation Failure) 119.960: [ParNew: 59008K->6528K(59008K), 0.0527395 secs] 6628507K->6584820K(25159296K), 0.0531083 secs] [Times: user=0.62 sys=0.01, real=0.05 secs] 
2014-04-09T14:24:31.231+0900: 120.051: [GC (Allocation Failure) 120.051: [ParNew: 59008K->6528K(59008K), 0.0451636 secs] 6637300K->6593180K(25159296K), 0.0455320 secs] [Times: user=0.51 sys=0.02, real=0.05 secs] 
2014-04-09T14:24:31.313+0900: 120.133: [GC (Allocation Failure) 120.133: [ParNew: 59008K->6528K(59008K), 0.0436192 secs] 6645660K->6601441K(25159296K), 0.0439788 secs] [Times: user=0.48 sys=0.02, real=0.05 secs] 
2014-04-09T14:24:31.394+0900: 120.214: [GC (Allocation Failure) 120.214: [ParNew: 59008K->6528K(59008K), 0.0500641 secs] 6653921K->6610496K(25159296K), 0.0504295 secs] [Times: user=0.59 sys=0.00, real=0.06 secs] 
2014-04-09T14:24:31.485+0900: 120.304: [GC (Allocation Failure) 120.305: [ParNew: 59008K->6528K(59008K), 0.0516887 secs] 6662976K->6619395K(25159296K), 0.0520477 secs] [Times: user=0.61 sys=0.02, real=0.05 secs] 
2014-04-09T14:24:31.578+0900: 120.398: [GC (Allocation Failure) 120.398: [ParNew: 59008K->6528K(59008K), 0.0463550 secs] 6671875K->6627138K(25159296K), 0.0467214 secs] [Times: user=0.55 sys=0.01, real=0.05 secs] 
2014-04-09T14:24:31.664+0900: 120.483: [GC (Allocation Failure) 120.484: [ParNew: 59008K->6528K(59008K), 0.0529504 secs] 6679618K->6636161K(25159296K), 0.0533090 secs] [Times: user=0.62 sys=0.01, real=0.06 secs] 
2014-04-09T14:24:31.754+0900: 120.574: [GC (Allocation Failure) 120.574: [ParNew: 59008K->6528K(59008K), 0.0529828 secs] 6688641K->6645064K(25159296K), 0.0533415 secs] [Times: user=0.63 sys=0.00, real=0.06 secs] 
2014-04-09T14:24:31.844+0900: 120.664: [GC (Allocation Failure) 120.664: [ParNew: 59008K->6528K(59008K), 0.0547470 secs] 6697544K->6655059K(25159296K), 0.0551158 secs] [Times: user=0.65 sys=0.01, real=0.06 secs] 
2014-04-09T14:24:31.937+0900: 120.757: [GC (Allocation Failure) 120.757: [ParNew: 59008K->6528K(59008K), 0.0566889 secs] 6707539K->6662936K(25159296K), 0.0570438 secs] [Times: user=0.68 sys=0.01, real=0.05 secs] 
2014-04-09T14:24:32.031+0900: 120.851: [GC (Allocation Failure) 120.851: [ParNew: 59008K->6528K(59008K), 0.0460609 secs] 6715416K->6671565K(25159296K), 0.0464204 secs] [Times: user=0.55 sys=0.01, real=0.05 secs] 
2014-04-09T14:24:32.115+0900: 120.935: [GC (Allocation Failure) 120.935: [ParNew: 59008K->6528K(59008K), 0.0525430 secs] 6724045K->6680542K(25159296K), 0.0529031 secs] [Times: user=0.62 sys=0.01, real=0.05 secs] 
2014-04-09T14:24:32.206+0900: 121.026: [GC (Allocation Failure) 121.026: [ParNew: 59008K->6528K(59008K), 0.0467650 secs] 6733022K->6688395K(25159296K), 0.0471242 secs] [Times: user=0.55 sys=0.00, real=0.04 secs] 
2014-04-09T14:24:32.291+0900: 121.110: [GC (Allocation Failure) 121.110: [ParNew: 59008K->6528K(59008K), 0.0508481 secs] 6740875K->6697694K(25159296K), 0.0512063 secs] [Times: user=0.61 sys=0.00, real=0.05 secs] 
2014-04-09T14:24:32.384+0900: 121.203: [GC (Allocation Failure) 121.204: [ParNew: 59008K->6528K(59008K), 0.0455681 secs] 6750174K->6705788K(25159296K), 0.0459247 secs] [Times: user=0.54 sys=0.01, real=0.05 secs] 
2014-04-09T14:24:32.471+0900: 121.290: [GC (Allocation Failure) 121.291: [ParNew: 59008K->6528K(59008K), 0.0436614 secs] 6758268K->6713316K(25159296K), 0.0440269 secs] [Times: user=0.50 sys=0.01, real=0.05 secs] 
2014-04-09T14:24:32.552+0900: 121.372: [GC (Allocation Failure) 121.372: [ParNew: 59008K->6528K(59008K), 0.0478545 secs] 6765796K->6722725K(25159296K), 0.0482134 secs] [Times: user=0.56 sys=0.01, real=0.05 secs] 
2014-04-09T14:24:32.642+0900: 121.462: [GC (Allocation Failure) 121.462: [ParNew: 59008K->6528K(59008K), 0.0457263 secs] 6775205K->6731486K(25159296K), 0.0460846 secs] [Times: user=0.53 sys=0.01, real=0.05 secs] 
2014-04-09T14:24:32.726+0900: 121.545: [GC (Allocation Failure) 121.545: [ParNew: 59008K->6528K(59008K), 0.0525636 secs] 6783966K->6740546K(25159296K), 0.0529288 secs] [Times: user=0.63 sys=0.01, real=0.05 secs] 
2014-04-09T14:24:32.815+0900: 121.634: [GC (Allocation Failure) 121.635: [ParNew: 59008K->6528K(59008K), 0.0577104 secs] 6793026K->6749256K(25159296K), 0.0580705 secs] [Times: user=0.70 sys=0.01, real=0.05 secs] 
2014-04-09T14:24:32.911+0900: 121.731: [GC (Allocation Failure) 121.731: [ParNew: 59008K->6528K(59008K), 0.0560967 secs] 6801736K->6758119K(25159296K), 0.0564556 secs] [Times: user=0.65 sys=0.00, real=0.06 secs] 
2014-04-09T14:24:33.009+0900: 121.828: [GC (Allocation Failure) 121.829: [ParNew: 59008K->6528K(59008K), 0.0449711 secs] 6810599K->6765623K(25159296K), 0.0453286 secs] [Times: user=0.52 sys=0.01, real=0.04 secs] 
2014-04-09T14:24:33.093+0900: 121.913: [GC (Allocation Failure) 121.913: [ParNew: 59008K->6528K(59008K), 0.0507187 secs] 6818103K->6774876K(25159296K), 0.0510934 secs] [Times: user=0.61 sys=0.01, real=0.06 secs] 
2014-04-09T14:24:33.187+0900: 122.006: [GC (Allocation Failure) 122.007: [ParNew: 59008K->6528K(59008K), 0.0445583 secs] 6827356K->6782521K(25159296K), 0.0449142 secs] [Times: user=0.53 sys=0.00, real=0.04 secs] 
2014-04-09T14:24:33.272+0900: 122.092: [GC (Allocation Failure) 122.092: [ParNew: 59008K->6528K(59008K), 0.0466632 secs] 6835001K->6791860K(25159296K), 0.0470246 secs] [Times: user=0.56 sys=0.00, real=0.05 secs] 
2014-04-09T14:24:33.363+0900: 122.182: [GC (Allocation Failure) 122.183: [ParNew: 59007K->6528K(59008K), 0.0459774 secs] 6844340K->6800056K(25159296K), 0.0463312 secs] [Times: user=0.55 sys=0.01, real=0.05 secs] 
2014-04-09T14:24:33.445+0900: 122.265: [GC (Allocation Failure) 122.265: [ParNew: 59008K->6527K(59008K), 0.0457588 secs] 6852536K->6809132K(25159296K), 0.0461239 secs] [Times: user=0.54 sys=0.01, real=0.04 secs] 
2014-04-09T14:24:33.531+0900: 122.350: [GC (Allocation Failure) 122.350: [ParNew: 59007K->6528K(59008K), 0.0449588 secs] 6861612K->6816873K(25159296K), 0.0453156 secs] [Times: user=0.53 sys=0.01, real=0.05 secs] 
2014-04-09T14:24:33.613+0900: 122.433: [GC (Allocation Failure) 122.433: [ParNew: 59008K->6528K(59008K), 0.0440275 secs] 6869353K->6825322K(25159296K), 0.0443880 secs] [Times: user=0.51 sys=0.01, real=0.05 secs] 
2014-04-09T14:24:33.694+0900: 122.514: [GC (Allocation Failure) 122.514: [ParNew: 59008K->6528K(59008K), 0.0519412 secs] 6877802K->6834497K(25159296K), 0.0523019 secs] [Times: user=0.61 sys=0.01, real=0.05 secs] 
2014-04-09T14:24:33.785+0900: 122.605: [GC (Allocation Failure) 122.605: [ParNew: 59008K->6528K(59008K), 0.0446019 secs] 6886977K->6842720K(25159296K), 0.0449671 secs] [Times: user=0.51 sys=0.01, real=0.04 secs] 
2014-04-09T14:24:33.870+0900: 122.690: [GC (Allocation Failure) 122.690: [ParNew: 59008K->6528K(59008K), 0.0535619 secs] 6895200K->6851943K(25159296K), 0.0539273 secs] [Times: user=0.65 sys=0.01, real=0.05 secs] 
2014-04-09T14:24:33.962+0900: 122.782: [GC (Allocation Failure) 122.782: [ParNew: 59008K->6528K(59008K), 0.0574654 secs] 6904423K->6861009K(25159296K), 0.0578236 secs] [Times: user=0.69 sys=0.01, real=0.06 secs] 
2014-04-09T14:24:34.061+0900: 122.881: [GC (Allocation Failure) 122.881: [ParNew: 59008K->6528K(59008K), 0.0505019 secs] 6913489K->6868897K(25159296K), 0.0508675 secs] [Times: user=0.61 sys=0.01, real=0.05 secs] 
2014-04-09T14:24:34.149+0900: 122.969: [GC (Allocation Failure) 122.969: [ParNew: 59008K->6528K(59008K), 0.0434420 secs] 6921377K->6877163K(25159296K), 0.0438071 secs] [Times: user=0.51 sys=0.01, real=0.04 secs] 
2014-04-09T14:24:34.230+0900: 123.050: [GC (Allocation Failure) 123.050: [ParNew: 59008K->6528K(59008K), 0.0563024 secs] 6929643K->6886951K(25159296K), 0.0566673 secs] [Times: user=0.67 sys=0.02, real=0.06 secs] 
2014-04-09T14:24:34.327+0900: 123.147: [GC (Allocation Failure) 123.147: [ParNew: 59008K->6528K(59008K), 0.0565348 secs] 6939431K->6895042K(25159296K), 0.0569023 secs] [Times: user=0.69 sys=0.00, real=0.05 secs] 
2014-04-09T14:24:34.424+0900: 123.244: [GC (Allocation Failure) 123.244: [ParNew: 59008K->6528K(59008K), 0.0510039 secs] 6947522K->6903744K(25159296K), 0.0513767 secs] [Times: user=0.62 sys=0.01, real=0.06 secs] 
2014-04-09T14:24:34.520+0900: 123.339: [GC (Allocation Failure) 123.340: [ParNew: 59008K->6528K(59008K), 0.0538803 secs] 6956224K->6912374K(25159296K), 0.0542357 secs] [Times: user=0.66 sys=0.00, real=0.05 secs] 
2014-04-09T14:24:34.612+0900: 123.432: [GC (Allocation Failure) 123.432: [ParNew: 59008K->6528K(59008K), 0.0436113 secs] 6964854K->6919512K(25159296K), 0.0439738 secs] [Times: user=0.51 sys=0.01, real=0.05 secs] 
2014-04-09T14:24:34.694+0900: 123.514: [GC (Allocation Failure) 123.514: [ParNew: 59008K->6528K(59008K), 0.0484795 secs] 6971992K->6928563K(25159296K), 0.0488399 secs] [Times: user=0.57 sys=0.02, real=0.05 secs] 
2014-04-09T14:24:34.781+0900: 123.600: [GC (Allocation Failure) 123.601: [ParNew: 59008K->6528K(59008K), 0.0517910 secs] 6981043K->6937930K(25159296K), 0.0521530 secs] [Times: user=0.60 sys=0.01, real=0.05 secs] 
2014-04-09T14:24:34.871+0900: 123.691: [GC (Allocation Failure) 123.691: [ParNew: 59008K->6528K(59008K), 0.0525492 secs] 6990410K->6946863K(25159296K), 0.0529078 secs] [Times: user=0.63 sys=0.01, real=0.05 secs] 
2014-04-09T14:24:34.962+0900: 123.782: [GC (Allocation Failure) 123.782: [ParNew: 59008K->6528K(59008K), 0.0436232 secs] 6999343K->6955247K(25159296K), 0.0439808 secs] [Times: user=0.52 sys=0.00, real=0.05 secs] 
2014-04-09T14:24:35.046+0900: 123.866: [GC (Allocation Failure) 123.866: [ParNew: 59008K->6528K(59008K), 0.0530489 secs] 7007727K->6964425K(25159296K), 0.0534147 secs] [Times: user=0.64 sys=0.01, real=0.05 secs] 
2014-04-09T14:24:35.143+0900: 123.962: [GC (Allocation Failure) 123.962: [ParNew: 59008K->6528K(59008K), 0.0511472 secs] 7016905K->6972748K(25159296K), 0.0515028 secs] [Times: user=0.62 sys=0.00, real=0.05 secs] 
2014-04-09T14:24:35.237+0900: 124.057: [GC (Allocation Failure) 124.057: [ParNew: 59008K->6528K(59008K), 0.0463642 secs] 7025228K->6981375K(25159296K), 0.0467185 secs] [Times: user=0.54 sys=0.02, real=0.04 secs] 
2014-04-09T14:24:35.322+0900: 124.141: [GC (Allocation Failure) 124.141: [ParNew: 59008K->6528K(59008K), 0.0452329 secs] 7033855K->6989658K(25159296K), 0.0455933 secs] [Times: user=0.53 sys=0.01, real=0.05 secs] 
2014-04-09T14:24:35.407+0900: 124.227: [GC (Allocation Failure) 124.227: [ParNew: 59008K->6528K(59008K), 0.0429851 secs] 7042138K->6998073K(25159296K), 0.0433431 secs] [Times: user=0.49 sys=0.00, real=0.04 secs] 
2014-04-09T14:24:35.487+0900: 124.307: [GC (Allocation Failure) 124.307: [ParNew: 59008K->6528K(59008K), 0.0493631 secs] 7050553K->7008095K(25159296K), 0.0497289 secs] [Times: user=0.57 sys=0.01, real=0.05 secs] 
2014-04-09T14:24:35.575+0900: 124.394: [GC (Allocation Failure) 124.395: [ParNew: 59008K->6528K(59008K), 0.0462789 secs] 7060575K->7016798K(25159296K), 0.0466573 secs] [Times: user=0.55 sys=0.01, real=0.04 secs] 
2014-04-09T14:24:35.661+0900: 124.480: [GC (Allocation Failure) 124.480: [ParNew: 59008K->6528K(59008K), 0.0467974 secs] 7069278K->7024051K(25159296K), 0.0471558 secs] [Times: user=0.61 sys=0.01, real=0.05 secs] 
2014-04-09T14:24:35.744+0900: 124.564: [GC (Allocation Failure) 124.564: [ParNew: 59008K->6528K(59008K), 0.0514089 secs] 7076531K->7032846K(25159296K), 0.0517754 secs] [Times: user=0.62 sys=0.01, real=0.06 secs] 
2014-04-09T14:24:35.834+0900: 124.654: [GC (Allocation Failure) 124.654: [ParNew: 59008K->6528K(59008K), 0.0475868 secs] 7085326K->7041609K(25159296K), 0.0479461 secs] [Times: user=0.56 sys=0.01, real=0.04 secs] 
2014-04-09T14:24:35.925+0900: 124.745: [GC (Allocation Failure) 124.745: [ParNew: 59008K->6528K(59008K), 0.0469193 secs] 7094089K->7051065K(25159296K), 0.0472841 secs] [Times: user=0.55 sys=0.01, real=0.05 secs] 
2014-04-09T14:24:36.014+0900: 124.833: [GC (Allocation Failure) 124.833: [ParNew: 59008K->6528K(59008K), 0.0539197 secs] 7103545K->7059871K(25159296K), 0.0542808 secs] [Times: user=0.65 sys=0.01, real=0.06 secs] 
2014-04-09T14:24:36.111+0900: 124.931: [GC (Allocation Failure) 124.931: [ParNew: 59008K->6528K(59008K), 0.0450652 secs] 7112351K->7068097K(25159296K), 0.0454415 secs] [Times: user=0.54 sys=0.01, real=0.05 secs] 
2014-04-09T14:24:36.199+0900: 125.018: [GC (Allocation Failure) 125.018: [ParNew: 59008K->6528K(59008K), 0.0502568 secs] 7120577K->7076501K(25159296K), 0.0506124 secs] [Times: user=0.61 sys=0.00, real=0.05 secs] 
2014-04-09T14:24:36.291+0900: 125.111: [GC (Allocation Failure) 125.111: [ParNew: 59008K->6528K(59008K), 0.0444959 secs] 7128981K->7084564K(25159296K), 0.0448551 secs] [Times: user=0.53 sys=0.01, real=0.05 secs] 
2014-04-09T14:24:36.374+0900: 125.194: [GC (Allocation Failure) 125.194: [ParNew: 59008K->6528K(59008K), 0.0469901 secs] 7137044K->7093781K(25159296K), 0.0473597 secs] [Times: user=0.56 sys=0.01, real=0.05 secs] 
2014-04-09T14:24:36.464+0900: 125.283: [GC (Allocation Failure) 125.283: [ParNew: 59008K->6528K(59008K), 0.0457422 secs] 7146261K->7101995K(25159296K), 0.0460984 secs] [Times: user=0.54 sys=0.01, real=0.05 secs] 
2014-04-09T14:24:36.550+0900: 125.370: [GC (Allocation Failure) 125.370: [ParNew: 59008K->6528K(59008K), 0.0533392 secs] 7154475K->7110671K(25159296K), 0.0536954 secs] [Times: user=0.65 sys=0.01, real=0.05 secs] 
2014-04-09T14:24:36.639+0900: 125.459: [GC (Allocation Failure) 125.459: [ParNew: 59008K->6528K(59008K), 0.0570469 secs] 7163151K->7119648K(25159296K), 0.0574130 secs] [Times: user=0.70 sys=0.01, real=0.06 secs] 
2014-04-09T14:24:36.735+0900: 125.555: [GC (Allocation Failure) 125.555: [ParNew: 59008K->6528K(59008K), 0.0517031 secs] 7172128K->7128294K(25159296K), 0.0520660 secs] [Times: user=0.61 sys=0.00, real=0.06 secs] 
2014-04-09T14:24:36.825+0900: 125.645: [GC (Allocation Failure) 125.645: [ParNew: 59008K->6528K(59008K), 0.0497750 secs] 7180774K->7136346K(25159296K), 0.0501315 secs] [Times: user=0.59 sys=0.01, real=0.05 secs] 
2014-04-09T14:24:36.915+0900: 125.734: [GC (Allocation Failure) 125.735: [ParNew: 59008K->6528K(59008K), 0.0532937 secs] 7188826K->7145426K(25159296K), 0.0536579 secs] [Times: user=0.64 sys=0.01, real=0.06 secs] 
2014-04-09T14:24:37.006+0900: 125.826: [GC (Allocation Failure) 125.826: [ParNew: 59008K->6528K(59008K), 0.0569196 secs] 7197906K->7153371K(25159296K), 0.0572876 secs] [Times: user=0.69 sys=0.01, real=0.05 secs] 
2014-04-09T14:24:37.105+0900: 125.925: [GC (Allocation Failure) 125.925: [ParNew: 59008K->6528K(59008K), 0.0593590 secs] 7205851K->7162434K(25159296K), 0.0597154 secs] [Times: user=0.70 sys=0.01, real=0.06 secs] 
2014-04-09T14:24:37.203+0900: 126.023: [GC (Allocation Failure) 126.023: [ParNew: 59008K->6528K(59008K), 0.0536019 secs] 7214914K->7170332K(25159296K), 0.0539698 secs] [Times: user=0.63 sys=0.02, real=0.06 secs] 
2014-04-09T14:24:37.296+0900: 126.116: [GC (Allocation Failure) 126.116: [ParNew: 59008K->6528K(59008K), 0.0544079 secs] 7222812K->7178363K(25159296K), 0.0547875 secs] [Times: user=0.63 sys=0.02, real=0.05 secs] 
2014-04-09T14:24:37.389+0900: 126.209: [GC (Allocation Failure) 126.209: [ParNew: 59008K->6528K(59008K), 0.0567648 secs] 7230843K->7187038K(25159296K), 0.0571233 secs] [Times: user=0.66 sys=0.02, real=0.06 secs] 
2014-04-09T14:24:37.485+0900: 126.304: [GC (Allocation Failure) 126.304: [ParNew: 59008K->6528K(59008K), 0.0558803 secs] 7239518K->7196059K(25159296K), 0.0562394 secs] [Times: user=0.66 sys=0.01, real=0.06 secs] 
2014-04-09T14:24:37.580+0900: 126.399: [GC (Allocation Failure) 126.400: [ParNew: 59008K->6528K(59008K), 0.0511016 secs] 7248539K->7204448K(25159296K), 0.0514593 secs] [Times: user=0.60 sys=0.01, real=0.05 secs] 
2014-04-09T14:24:37.673+0900: 126.492: [GC (Allocation Failure) 126.493: [ParNew: 59008K->6528K(59008K), 0.0593831 secs] 7256928K->7213663K(25159296K), 0.0597423 secs] [Times: user=0.71 sys=0.01, real=0.06 secs] 
2014-04-09T14:24:37.771+0900: 126.591: [GC (Allocation Failure) 126.591: [ParNew: 59008K->6528K(59008K), 0.0501517 secs] 7266143K->7221608K(25159296K), 0.0505195 secs] [Times: user=0.59 sys=0.01, real=0.05 secs] 
2014-04-09T14:24:37.858+0900: 126.678: [GC (Allocation Failure) 126.678: [ParNew: 59008K->6528K(59008K), 0.0547877 secs] 7274088K->7229988K(25159296K), 0.0551495 secs] [Times: user=0.64 sys=0.02, real=0.05 secs] 
2014-04-09T14:24:37.952+0900: 126.771: [GC (Allocation Failure) 126.771: [ParNew: 59008K->6528K(59008K), 0.0544570 secs] 7282468K->7239062K(25159296K), 0.0548241 secs] [Times: user=0.64 sys=0.01, real=0.06 secs] 
2014-04-09T14:24:38.048+0900: 126.868: [GC (Allocation Failure) 126.868: [ParNew: 59008K->6528K(59008K), 0.0587770 secs] 7291542K->7247730K(25159296K), 0.0591469 secs] [Times: user=0.70 sys=0.01, real=0.06 secs] 
2014-04-09T14:24:38.145+0900: 126.965: [GC (Allocation Failure) 126.965: [ParNew: 59008K->6528K(59008K), 0.0504403 secs] 7300210K->7256479K(25159296K), 0.0508001 secs] [Times: user=0.59 sys=0.01, real=0.06 secs] 
2014-04-09T14:24:38.241+0900: 127.060: [GC (Allocation Failure) 127.061: [ParNew: 59008K->6528K(59008K), 0.0486121 secs] 7308959K->7263583K(25159296K), 0.0489654 secs] [Times: user=0.57 sys=0.01, real=0.05 secs] 
2014-04-09T14:24:38.328+0900: 127.148: [GC (Allocation Failure) 127.148: [ParNew: 59008K->6528K(59008K), 0.0513338 secs] 7316063K->7272525K(25159296K), 0.0516903 secs] [Times: user=0.60 sys=0.01, real=0.05 secs] 
2014-04-09T14:24:38.420+0900: 127.240: [GC (Allocation Failure) 127.240: [ParNew: 59008K->6528K(59008K), 0.0473783 secs] 7325005K->7280597K(25159296K), 0.0477440 secs] [Times: user=0.56 sys=0.00, real=0.05 secs] 
2014-04-09T14:24:38.506+0900: 127.326: [GC (Allocation Failure) 127.326: [ParNew: 59008K->6528K(59008K), 0.0557237 secs] 7333077K->7290286K(25159296K), 0.0560838 secs] [Times: user=0.65 sys=0.01, real=0.05 secs] 
2014-04-09T14:24:38.599+0900: 127.419: [GC (Allocation Failure) 127.419: [ParNew: 59008K->6528K(59008K), 0.0479733 secs] 7342766K->7297835K(25159296K), 0.0483459 secs] [Times: user=0.56 sys=0.01, real=0.05 secs] 
2014-04-09T14:24:38.688+0900: 127.507: [GC (Allocation Failure) 127.507: [ParNew: 59008K->6528K(59008K), 0.0537727 secs] 7350315K->7307967K(25159296K), 0.0541286 secs] [Times: user=0.63 sys=0.01, real=0.05 secs] 
2014-04-09T14:24:38.779+0900: 127.598: [GC (Allocation Failure) 127.598: [ParNew: 59008K->6528K(59008K), 0.0551292 secs] 7360447K->7316282K(25159296K), 0.0554892 secs] [Times: user=0.64 sys=0.02, real=0.05 secs] 
2014-04-09T14:24:38.873+0900: 127.692: [GC (Allocation Failure) 127.693: [ParNew: 59008K->6528K(59008K), 0.0528042 secs] 7368762K->7324776K(25159296K), 0.0531543 secs] [Times: user=0.62 sys=0.02, real=0.06 secs] 
2014-04-09T14:24:38.965+0900: 127.785: [GC (Allocation Failure) 127.785: [ParNew: 59008K->6528K(59008K), 0.0480594 secs] 7377256K->7334374K(25159296K), 0.0484138 secs] [Times: user=0.56 sys=0.00, real=0.04 secs] 
2014-04-09T14:24:39.052+0900: 127.872: [GC (Allocation Failure) 127.872: [ParNew: 59008K->6528K(59008K), 0.0483829 secs] 7386854K->7343839K(25159296K), 0.0487588 secs] [Times: user=0.56 sys=0.01, real=0.05 secs] 
2014-04-09T14:24:39.140+0900: 127.960: [GC (Allocation Failure) 127.960: [ParNew: 59008K->6528K(59008K), 0.0596229 secs] 7396319K->7352035K(25159296K), 0.0599888 secs] [Times: user=0.71 sys=0.02, real=0.06 secs] 
2014-04-09T14:24:39.239+0900: 128.059: [GC (Allocation Failure) 128.059: [ParNew: 59008K->6528K(59008K), 0.0589230 secs] 7404515K->7361121K(25159296K), 0.0592811 secs] [Times: user=0.69 sys=0.02, real=0.06 secs] 
2014-04-09T14:24:39.336+0900: 128.156: [GC (Allocation Failure) 128.156: [ParNew: 59008K->6528K(59008K), 0.0579013 secs] 7413601K->7368653K(25159296K), 0.0582684 secs] [Times: user=0.70 sys=0.01, real=0.05 secs] 
2014-04-09T14:24:39.434+0900: 128.254: [GC (Allocation Failure) 128.254: [ParNew: 59008K->6528K(59008K), 0.0480935 secs] 7421133K->7377899K(25159296K), 0.0484595 secs] [Times: user=0.56 sys=0.00, real=0.05 secs] 
2014-04-09T14:24:39.520+0900: 128.339: [GC (Allocation Failure) 128.340: [ParNew: 59008K->6528K(59008K), 0.0611714 secs] 7430379K->7387297K(25159296K), 0.0615301 secs] [Times: user=0.70 sys=0.02, real=0.06 secs] 
2014-04-09T14:24:39.623+0900: 128.443: [GC (Allocation Failure) 128.443: [ParNew: 59008K->6528K(59008K), 0.0471516 secs] 7439777K->7395692K(25159296K), 0.0475098 secs] [Times: user=0.55 sys=0.01, real=0.05 secs] 
2014-04-09T14:24:39.709+0900: 128.528: [GC (Allocation Failure) 128.529: [ParNew: 59008K->6528K(59008K), 0.0492961 secs] 7448172K->7405180K(25159296K), 0.0496633 secs] [Times: user=0.58 sys=0.00, real=0.05 secs] 
2014-04-09T14:24:39.798+0900: 128.617: [GC (Allocation Failure) 128.618: [ParNew: 59008K->6528K(59008K), 0.0480316 secs] 7457660K->7413784K(25159296K), 0.0483898 secs] [Times: user=0.57 sys=0.01, real=0.05 secs] 
2014-04-09T14:24:39.886+0900: 128.706: [GC (Allocation Failure) 128.706: [ParNew: 59008K->6528K(59008K), 0.0475039 secs] 7466264K->7422086K(25159296K), 0.0478747 secs] [Times: user=0.55 sys=0.01, real=0.04 secs] 
2014-04-09T14:24:39.973+0900: 128.793: [GC (Allocation Failure) 128.793: [ParNew: 59008K->6528K(59008K), 0.0448304 secs] 7474566K->7430222K(25159296K), 0.0451916 secs] [Times: user=0.52 sys=0.01, real=0.05 secs] 
2014-04-09T14:24:40.056+0900: 128.876: [GC (Allocation Failure) 128.876: [ParNew: 59008K->6528K(59008K), 0.0530809 secs] 7482702K->7440047K(25159296K), 0.0534522 secs] [Times: user=0.64 sys=0.02, real=0.05 secs] 
2014-04-09T14:24:40.153+0900: 128.973: [GC (Allocation Failure) 128.973: [ParNew: 59008K->6528K(59008K), 0.0491921 secs] 7492527K->7448025K(25159296K), 0.0495619 secs] [Times: user=0.59 sys=0.01, real=0.05 secs] 
2014-04-09T14:24:40.243+0900: 129.062: [GC (Allocation Failure) 129.062: [ParNew: 59008K->6528K(59008K), 0.0502615 secs] 7500505K->7456654K(25159296K), 0.0506254 secs] [Times: user=0.58 sys=0.01, real=0.05 secs] 
2014-04-09T14:24:40.335+0900: 129.155: [GC (Allocation Failure) 129.155: [ParNew: 59008K->6528K(59008K), 0.0575675 secs] 7509134K->7465264K(25159296K), 0.0579268 secs] [Times: user=0.68 sys=0.02, real=0.06 secs] 
2014-04-09T14:24:40.431+0900: 129.251: [GC (Allocation Failure) 129.251: [ParNew: 59008K->6528K(59008K), 0.0488183 secs] 7517744K->7473717K(25159296K), 0.0491879 secs] [Times: user=0.57 sys=0.02, real=0.05 secs] 
2014-04-09T14:24:40.518+0900: 129.338: [GC (Allocation Failure) 129.338: [ParNew: 59007K->6528K(59008K), 0.0602403 secs] 7526196K->7483066K(25159296K), 0.0606051 secs] [Times: user=0.71 sys=0.01, real=0.06 secs] 
2014-04-09T14:24:40.620+0900: 129.440: [GC (Allocation Failure) 129.440: [ParNew: 59008K->6528K(59008K), 0.0504006 secs] 7535546K->7491266K(25159296K), 0.0507714 secs] [Times: user=0.60 sys=0.01, real=0.05 secs] 
2014-04-09T14:24:40.708+0900: 129.527: [GC (Allocation Failure) 129.528: [ParNew: 59008K->6528K(59008K), 0.0548780 secs] 7543746K->7500748K(25159296K), 0.0552399 secs] [Times: user=0.64 sys=0.02, real=0.05 secs] 
2014-04-09T14:24:40.802+0900: 129.622: [GC (Allocation Failure) 129.622: [ParNew: 59008K->6528K(59008K), 0.0467311 secs] 7553228K->7508808K(25159296K), 0.0471051 secs] [Times: user=0.54 sys=0.01, real=0.05 secs] 
2014-04-09T14:24:40.887+0900: 129.707: [GC (Allocation Failure) 129.707: [ParNew: 59008K->6528K(59008K), 0.0469599 secs] 7561288K->7518067K(25159296K), 0.0473227 secs] [Times: user=0.54 sys=0.01, real=0.04 secs] 
2014-04-09T14:24:40.976+0900: 129.795: [GC (Allocation Failure) 129.796: [ParNew: 59008K->6528K(59008K), 0.0543958 secs] 7570547K->7526419K(25159296K), 0.0547628 secs] [Times: user=0.64 sys=0.01, real=0.05 secs] 
2014-04-09T14:24:41.067+0900: 129.887: [GC (Allocation Failure) 129.887: [ParNew: 59008K->6528K(59008K), 0.0583753 secs] 7578899K->7535609K(25159296K), 0.0587373 secs] [Times: user=0.70 sys=0.00, real=0.06 secs] 
2014-04-09T14:24:41.163+0900: 129.983: [GC (Allocation Failure) 129.983: [ParNew: 59008K->6528K(59008K), 0.0592040 secs] 7588089K->7544007K(25159296K), 0.0595715 secs] [Times: user=0.71 sys=0.00, real=0.06 secs] 
2014-04-09T14:24:41.225+0900: 130.044: [GC (CMS Initial Mark) [1 CMS-initial-mark: 7537479K(25100288K)] 7544611K(25159296K), 0.0020604 secs] [Times: user=0.02 sys=0.00, real=0.01 secs] 
2014-04-09T14:24:41.227+0900: 130.047: [CMS-concurrent-mark-start]
2014-04-09T14:24:41.277+0900: 130.097: [GC (Allocation Failure) 130.097: [ParNew: 59008K->6528K(59008K), 0.0543463 secs] 7596487K->7553342K(25159296K), 0.0547064 secs] [Times: user=0.64 sys=0.02, real=0.05 secs] 
2014-04-09T14:24:41.384+0900: 130.204: [GC (Allocation Failure) 130.204: [ParNew: 59008K->6528K(59008K), 0.0573851 secs] 7605822K->7562604K(25159296K), 0.0577496 secs] [Times: user=0.67 sys=0.01, real=0.06 secs] 
2014-04-09T14:24:41.494+0900: 130.314: [GC (Allocation Failure) 130.314: [ParNew: 59008K->6528K(59008K), 0.0550844 secs] 7615084K->7570704K(25159296K), 0.0554504 secs] [Times: user=0.65 sys=0.01, real=0.06 secs] 
2014-04-09T14:24:41.604+0900: 130.423: [GC (Allocation Failure) 130.424: [ParNew: 59008K->6528K(59008K), 0.0482912 secs] 7623184K->7579643K(25159296K), 0.0486531 secs] [Times: user=0.55 sys=0.02, real=0.05 secs] 
2014-04-09T14:24:41.702+0900: 130.522: [GC (Allocation Failure) 130.522: [ParNew: 59008K->6528K(59008K), 0.0580322 secs] 7632123K->7588235K(25159296K), 0.0583981 secs] [Times: user=0.69 sys=0.01, real=0.06 secs] 
2014-04-09T14:24:41.807+0900: 130.627: [GC (Allocation Failure) 130.627: [ParNew: 59008K->6526K(59008K), 0.0552060 secs] 7640715K->7596914K(25159296K), 0.0555764 secs] [Times: user=0.65 sys=0.01, real=0.05 secs] 
2014-04-09T14:24:41.919+0900: 130.738: [GC (Allocation Failure) 130.738: [ParNew: 59006K->6528K(59008K), 0.0477786 secs] 7649394K->7605438K(25159296K), 0.0481392 secs] [Times: user=0.55 sys=0.02, real=0.05 secs] 
2014-04-09T14:24:42.015+0900: 130.835: [GC (Allocation Failure) 130.835: [ParNew: 58923K->6528K(59008K), 0.0596904 secs] 7657833K->7613474K(25159296K), 0.0600524 secs] [Times: user=0.71 sys=0.01, real=0.06 secs] 
2014-04-09T14:24:42.122+0900: 130.942: [GC (Allocation Failure) 130.942: [ParNew: 59008K->6528K(59008K), 0.0478756 secs] 7665954K->7621860K(25159296K), 0.0482474 secs] [Times: user=0.56 sys=0.01, real=0.05 secs] 
2014-04-09T14:24:42.216+0900: 131.036: [GC (Allocation Failure) 131.036: [ParNew: 59008K->6528K(59008K), 0.0476371 secs] 7674340K->7630601K(25159296K), 0.0480088 secs] [Times: user=0.55 sys=0.01, real=0.04 secs] 
2014-04-09T14:24:42.315+0900: 131.135: [GC (Allocation Failure) 131.135: [ParNew: 59008K->6528K(59008K), 0.0473402 secs] 7683081K->7639503K(25159296K), 0.0477067 secs] [Times: user=0.55 sys=0.01, real=0.05 secs] 
2014-04-09T14:24:42.411+0900: 131.231: [GC (Allocation Failure) 131.231: [ParNew: 59008K->6528K(59008K), 0.0565549 secs] 7691983K->7648593K(25159296K), 0.0569235 secs] [Times: user=0.67 sys=0.01, real=0.06 secs] 
2014-04-09T14:24:42.516+0900: 131.336: [GC (Allocation Failure) 131.336: [ParNew: 59008K->6528K(59008K), 0.0532564 secs] 7701073K->7656924K(25159296K), 0.0536304 secs] [Times: user=0.63 sys=0.01, real=0.06 secs] 
2014-04-09T14:24:42.624+0900: 131.443: [GC (Allocation Failure) 131.444: [ParNew: 59008K->6528K(59008K), 0.0484928 secs] 7709404K->7665728K(25159296K), 0.0488553 secs] [Times: user=0.56 sys=0.00, real=0.05 secs] 
2014-04-09T14:24:42.722+0900: 131.542: [GC (Allocation Failure) 131.542: [ParNew: 59008K->6528K(59008K), 0.0501583 secs] 7718208K->7674208K(25159296K), 0.0505277 secs] [Times: user=0.59 sys=0.01, real=0.05 secs] 
2014-04-09T14:24:42.821+0900: 131.640: [GC (Allocation Failure) 131.641: [ParNew: 59008K->6528K(59008K), 0.0586473 secs] 7726688K->7682944K(25159296K), 0.0590048 secs] [Times: user=0.69 sys=0.01, real=0.06 secs] 
2014-04-09T14:24:42.929+0900: 131.749: [GC (Allocation Failure) 131.749: [ParNew: 59008K->6528K(59008K), 0.0581787 secs] 7735424K->7692057K(25159296K), 0.0585413 secs] [Times: user=0.70 sys=0.00, real=0.06 secs] 
2014-04-09T14:24:43.041+0900: 131.861: [GC (Allocation Failure) 131.861: [ParNew: 59008K->6528K(59008K), 0.0547620 secs] 7744537K->7700537K(25159296K), 0.0551236 secs] [Times: user=0.65 sys=0.01, real=0.05 secs] 
2014-04-09T14:24:43.143+0900: 131.963: [GC (Allocation Failure) 131.963: [ParNew: 59008K->6528K(59008K), 0.0459244 secs] 7753017K->7709395K(25159296K), 0.0462840 secs] [Times: user=0.54 sys=0.01, real=0.05 secs] 
2014-04-09T14:24:43.237+0900: 132.057: [GC (Allocation Failure) 132.057: [ParNew: 59008K->6528K(59008K), 0.0518117 secs] 7761875K->7718319K(25159296K), 0.0521761 secs] [Times: user=0.61 sys=0.02, real=0.05 secs] 
2014-04-09T14:24:43.338+0900: 132.158: [GC (Allocation Failure) 132.158: [ParNew: 59007K->6528K(59008K), 0.0486619 secs] 7770799K->7726723K(25159296K), 0.0490247 secs] [Times: user=0.57 sys=0.01, real=0.05 secs] 
2014-04-09T14:24:43.434+0900: 132.254: [GC (Allocation Failure) 132.254: [ParNew: 59008K->6528K(59008K), 0.0585889 secs] 7779203K->7735150K(25159296K), 0.0589587 secs] [Times: user=0.70 sys=0.01, real=0.06 secs] 
2014-04-09T14:24:43.541+0900: 132.361: [GC (Allocation Failure) 132.361: [ParNew: 59008K->6528K(59008K), 0.0534089 secs] 7787630K->7743654K(25159296K), 0.0537738 secs] [Times: user=0.64 sys=0.01, real=0.05 secs] 
2014-04-09T14:24:43.629+0900: 132.449: [CMS-concurrent-mark: 1.141/2.402 secs] [Times: user=27.29 sys=2.95, real=2.40 secs] 
2014-04-09T14:24:43.629+0900: 132.449: [CMS-concurrent-preclean-start]
2014-04-09T14:24:43.641+0900: 132.461: [GC (Allocation Failure) 132.461: [ParNew: 59008K->6528K(59008K), 0.0555055 secs] 7796134K->7752341K(25159296K), 0.0558683 secs] [Times: user=0.67 sys=0.00, real=0.06 secs] 
2014-04-09T14:24:43.738+0900: 132.557: [GC (Allocation Failure) 132.558: [ParNew: 59008K->6528K(59008K), 0.0483574 secs] 7804821K->7761117K(25159296K), 0.0487264 secs] [Times: user=0.56 sys=0.01, real=0.05 secs] 
2014-04-09T14:24:43.826+0900: 132.646: [GC (Allocation Failure) 132.646: [ParNew: 59008K->6528K(59008K), 0.0573252 secs] 7813597K->7769657K(25159296K), 0.0576943 secs] [Times: user=0.68 sys=0.01, real=0.06 secs] 
2014-04-09T14:24:43.925+0900: 132.744: [GC (Allocation Failure) 132.744: [ParNew: 59008K->6528K(59008K), 0.0497850 secs] 7822137K->7778171K(25159296K), 0.0501483 secs] [Times: user=0.57 sys=0.01, real=0.05 secs] 
2014-04-09T14:24:44.014+0900: 132.834: [GC (Allocation Failure) 132.834: [ParNew: 59008K->6528K(59008K), 0.0469006 secs] 7830651K->7785833K(25159296K), 0.0472646 secs] [Times: user=0.54 sys=0.01, real=0.05 secs] 
2014-04-09T14:24:44.100+0900: 132.920: [GC (Allocation Failure) 132.920: [ParNew: 59008K->6528K(59008K), 0.0560125 secs] 7838313K->7795141K(25159296K), 0.0563834 secs] [Times: user=0.65 sys=0.02, real=0.06 secs] 
2014-04-09T14:24:44.195+0900: 133.015: [GC (Allocation Failure) 133.015: [ParNew: 59008K->6528K(59008K), 0.0474042 secs] 7847621K->7803691K(25159296K), 0.0477783 secs] [Times: user=0.54 sys=0.02, real=0.05 secs] 
2014-04-09T14:24:44.284+0900: 133.104: [GC (Allocation Failure) 133.104: [ParNew: 59008K->6528K(59008K), 0.0600196 secs] 7856171K->7812598K(25159296K), 0.0603853 secs] [Times: user=0.70 sys=0.01, real=0.06 secs] 
2014-04-09T14:24:44.384+0900: 133.204: [GC (Allocation Failure) 133.204: [ParNew: 59008K->6528K(59008K), 0.0547494 secs] 7865078K->7821507K(25159296K), 0.0551224 secs] [Times: user=0.65 sys=0.01, real=0.06 secs] 
2014-04-09T14:24:44.479+0900: 133.299: [GC (Allocation Failure) 133.299: [ParNew: 59008K->6528K(59008K), 0.0455431 secs] 7873987K->7831160K(25159296K), 0.0459204 secs] [Times: user=0.53 sys=0.01, real=0.04 secs] 
2014-04-09T14:24:44.564+0900: 133.384: [GC (Allocation Failure) 133.384: [ParNew: 59008K->6528K(59008K), 0.0464402 secs] 7883640K->7839043K(25159296K), 0.0468027 secs] [Times: user=0.53 sys=0.02, real=0.05 secs] 
2014-04-09T14:24:44.649+0900: 133.469: [GC (Allocation Failure) 133.469: [ParNew: 59008K->6528K(59008K), 0.0473523 secs] 7891523K->7848069K(25159296K), 0.0477216 secs] [Times: user=0.54 sys=0.02, real=0.05 secs] 
2014-04-09T14:24:44.737+0900: 133.557: [GC (Allocation Failure) 133.557: [ParNew: 59008K->6528K(59008K), 0.0581543 secs] 7900549K->7856969K(25159296K), 0.0585148 secs] [Times: user=0.69 sys=0.01, real=0.05 secs] 
2014-04-09T14:24:44.836+0900: 133.656: [GC (Allocation Failure) 133.656: [ParNew: 59008K->6528K(59008K), 0.0511414 secs] 7909449K->7865568K(25159296K), 0.0515042 secs] [Times: user=0.59 sys=0.01, real=0.06 secs] 
2014-04-09T14:24:44.928+0900: 133.748: [GC (Allocation Failure) 133.748: [ParNew: 59008K->6526K(59008K), 0.0595847 secs] 7918048K->7873847K(25159296K), 0.0599474 secs] [Times: user=0.70 sys=0.02, real=0.06 secs] 
2014-04-09T14:24:45.033+0900: 133.853: [GC (Allocation Failure) 133.853: [ParNew: 59006K->6528K(59008K), 0.0551247 secs] 7926327K->7881564K(25159296K), 0.0554949 secs] [Times: user=0.65 sys=0.01, real=0.06 secs] 
2014-04-09T14:24:45.130+0900: 133.950: [GC (Allocation Failure) 133.950: [ParNew: 59008K->6528K(59008K), 0.0494016 secs] 7934044K->7889746K(25159296K), 0.0497667 secs] [Times: user=0.55 sys=0.02, real=0.05 secs] 
2014-04-09T14:24:45.224+0900: 134.043: [GC (Allocation Failure) 134.044: [ParNew: 59008K->6528K(59008K), 0.0570850 secs] 7942226K->7898914K(25159296K), 0.0574450 secs] [Times: user=0.67 sys=0.01, real=0.06 secs] 
2014-04-09T14:24:45.322+0900: 134.142: [GC (Allocation Failure) 134.142: [ParNew: 59007K->6528K(59008K), 0.0575964 secs] 7951394K->7907686K(25159296K), 0.0579781 secs] [Times: user=0.67 sys=0.01, real=0.06 secs] 
2014-04-09T14:24:45.420+0900: 134.240: [GC (Allocation Failure) 134.240: [ParNew: 59008K->6528K(59008K), 0.0472569 secs] 7960166K->7915836K(25159296K), 0.0476266 secs] [Times: user=0.52 sys=0.01, real=0.05 secs] 
2014-04-09T14:24:45.509+0900: 134.329: [GC (Allocation Failure) 134.329: [ParNew: 59008K->6528K(59008K), 0.0485189 secs] 7968316K->7924772K(25159296K), 0.0488785 secs] [Times: user=0.51 sys=0.01, real=0.05 secs] 
2014-04-09T14:24:45.598+0900: 134.417: [GC (Allocation Failure) 134.418: [ParNew: 59008K->6528K(59008K), 0.0483323 secs] 7977252K->7933456K(25159296K), 0.0486992 secs] [Times: user=0.54 sys=0.02, real=0.05 secs] 
2014-04-09T14:24:45.687+0900: 134.507: [GC (Allocation Failure) 134.507: [ParNew: 59008K->6528K(59008K), 0.0497672 secs] 7985936K->7942076K(25159296K), 0.0501344 secs] [Times: user=0.55 sys=0.01, real=0.05 secs] 
2014-04-09T14:24:45.777+0900: 134.597: [GC (Allocation Failure) 134.597: [ParNew: 59008K->6528K(59008K), 0.0579512 secs] 7994556K->7951276K(25159296K), 0.0583196 secs] [Times: user=0.68 sys=0.01, real=0.05 secs] 
2014-04-09T14:24:45.876+0900: 134.695: [GC (Allocation Failure) 134.695: [ParNew: 59008K->6528K(59008K), 0.0464117 secs] 8003756K->7959390K(25159296K), 0.0467804 secs] [Times: user=0.51 sys=0.02, real=0.05 secs] 
2014-04-09T14:24:45.967+0900: 134.787: [GC (Allocation Failure) 134.787: [ParNew: 59008K->6528K(59008K), 0.0581723 secs] 8011870K->7969016K(25159296K), 0.0585269 secs] [Times: user=0.68 sys=0.01, real=0.05 secs] 
2014-04-09T14:24:46.068+0900: 134.888: [GC (Allocation Failure) 134.888: [ParNew: 59008K->6528K(59008K), 0.0451686 secs] 8021496K->7976063K(25159296K), 0.0455338 secs] [Times: user=0.50 sys=0.01, real=0.04 secs] 
2014-04-09T14:24:46.152+0900: 134.972: [GC (Allocation Failure) 134.972: [ParNew: 59008K->6528K(59008K), 0.0588475 secs] 8028543K->7985142K(25159296K), 0.0592080 secs] [Times: user=0.67 sys=0.01, real=0.06 secs] 
2014-04-09T14:24:46.251+0900: 135.071: [GC (Allocation Failure) 135.071: [ParNew: 59008K->6528K(59008K), 0.0588061 secs] 8037622K->7994178K(25159296K), 0.0591690 secs] [Times: user=0.68 sys=0.00, real=0.06 secs] 
2014-04-09T14:24:46.354+0900: 135.174: [GC (Allocation Failure) 135.174: [ParNew: 59008K->6528K(59008K), 0.0549750 secs] 8046658K->8002643K(25159296K), 0.0553335 secs] [Times: user=0.64 sys=0.00, real=0.06 secs] 
2014-04-09T14:24:46.507+0900: 135.327: [CMS-concurrent-preclean: 1.137/2.878 secs] [Times: user=30.33 sys=3.76, real=2.88 secs] 
2014-04-09T14:24:46.508+0900: 135.328: [GC (Allocation Failure) 135.328: [ParNew: 59008K->6528K(59008K), 0.0469915 secs] 8055123K->8011230K(25159296K), 0.0473445 secs] [Times: user=0.50 sys=0.01, real=0.04 secs] 
2014-04-09T14:24:46.557+0900: 135.377: [GC (CMS Final Remark) [YG occupancy: 6558 K (59008 K)]135.377: [Rescan (parallel) , 0.0193063 secs]135.396: [weak refs processing, 0.0106370 secs]135.407: [class unloading, 0.0432254 secs]135.450: [scrub symbol table, 0.0048375 secs]135.455: [scrub string table, 0.0013974 secs][1 CMS-remark: 8004702K(25100288K)] 8011260K(25159296K), 0.0922197 secs] [Times: user=0.32 sys=0.00, real=0.09 secs] 
2014-04-09T14:24:46.650+0900: 135.470: [CMS-concurrent-sweep-start]
2014-04-09T14:24:46.703+0900: 135.522: [GC (Allocation Failure) 135.523: [ParNew: 59008K->6528K(59008K), 0.0477995 secs] 8047417K->8002456K(25159296K), 0.0481639 secs] [Times: user=0.56 sys=0.00, real=0.05 secs] 
2014-04-09T14:24:46.788+0900: 135.608: [GC (Allocation Failure) 135.608: [ParNew: 59008K->6528K(59008K), 0.0423965 secs] 8036535K->7993404K(25159296K), 0.0427610 secs] [Times: user=0.48 sys=0.00, real=0.04 secs] 
2014-04-09T14:24:46.872+0900: 135.692: [GC (Allocation Failure) 135.692: [ParNew: 59008K->6528K(59008K), 0.0450075 secs] 8024832K->7981506K(25159296K), 0.0453773 secs] [Times: user=0.53 sys=0.00, real=0.05 secs] 
2014-04-09T14:24:46.956+0900: 135.776: [GC (Allocation Failure) 135.776: [ParNew: 59008K->6528K(59008K), 0.0499029 secs] 8016821K->7973953K(25159296K), 0.0502741 secs] [Times: user=0.60 sys=0.00, real=0.06 secs] 
2014-04-09T14:24:47.048+0900: 135.868: [GC (Allocation Failure) 135.868: [ParNew: 59008K->6528K(59008K), 0.0498677 secs] 8008506K->7964587K(25159296K), 0.0502300 secs] [Times: user=0.61 sys=0.01, real=0.05 secs] 
2014-04-09T14:24:47.144+0900: 135.963: [GC (Allocation Failure) 135.964: [ParNew: 59008K->6528K(59008K), 0.0511158 secs] 7994889K->7950888K(25159296K), 0.0514763 secs] [Times: user=0.62 sys=0.01, real=0.05 secs] 
2014-04-09T14:24:47.241+0900: 136.061: [GC (Allocation Failure) 136.061: [ParNew: 59008K->6528K(59008K), 0.0421382 secs] 7978207K->7933095K(25159296K), 0.0425042 secs] [Times: user=0.50 sys=0.00, real=0.04 secs] 
2014-04-09T14:24:47.330+0900: 136.150: [GC (Allocation Failure) 136.150: [ParNew: 59008K->6528K(59008K), 0.0455486 secs] 7962930K->7918851K(25159296K), 0.0459080 secs] [Times: user=0.52 sys=0.01, real=0.04 secs] 
2014-04-09T14:24:47.420+0900: 136.240: [GC (Allocation Failure) 136.240: [ParNew: 59008K->6528K(59008K), 0.0543178 secs] 7950586K->7907477K(25159296K), 0.0546726 secs] [Times: user=0.65 sys=0.01, real=0.05 secs] 
2014-04-09T14:24:47.515+0900: 136.335: [GC (Allocation Failure) 136.335: [ParNew: 59008K->6528K(59008K), 0.0442890 secs] 7941605K->7897099K(25159296K), 0.0446545 secs] [Times: user=0.52 sys=0.01, real=0.05 secs] 
2014-04-09T14:24:47.602+0900: 136.422: [GC (Allocation Failure) 136.422: [ParNew: 59008K->6528K(59008K), 0.0521078 secs] 7929535K->7886543K(25159296K), 0.0524672 secs] [Times: user=0.63 sys=0.01, real=0.05 secs] 
2014-04-09T14:24:47.694+0900: 136.514: [GC (Allocation Failure) 136.514: [ParNew: 59008K->6528K(59008K), 0.0429417 secs] 7921716K->7877464K(25159296K), 0.0433103 secs] [Times: user=0.49 sys=0.01, real=0.05 secs] 
2014-04-09T14:24:47.778+0900: 136.597: [GC (Allocation Failure) 136.598: [ParNew: 59008K->6528K(59008K), 0.0523681 secs] 7914288K->7870585K(25159296K), 0.0527263 secs] [Times: user=0.63 sys=0.00, real=0.05 secs] 
2014-04-09T14:24:47.870+0900: 136.690: [GC (Allocation Failure) 136.690: [ParNew: 59008K->6528K(59008K), 0.0486842 secs] 7904469K->7860670K(25159296K), 0.0490531 secs] [Times: user=0.58 sys=0.00, real=0.05 secs] 
2014-04-09T14:24:47.958+0900: 136.778: [GC (Allocation Failure) 136.778: [ParNew: 59008K->6528K(59008K), 0.0555736 secs] 7895054K->7852032K(25159296K), 0.0559398 secs] [Times: user=0.66 sys=0.02, real=0.05 secs] 
2014-04-09T14:24:48.058+0900: 136.877: [GC (Allocation Failure) 136.878: [ParNew: 59008K->6528K(59008K), 0.0427745 secs] 7883469K->7839116K(25159296K), 0.0431279 secs] [Times: user=0.48 sys=0.01, real=0.04 secs] 
2014-04-09T14:24:48.145+0900: 136.965: [GC (Allocation Failure) 136.965: [ParNew: 59008K->6528K(59008K), 0.0500313 secs] 7870918K->7827402K(25159296K), 0.0503937 secs] [Times: user=0.61 sys=0.00, real=0.05 secs] 
2014-04-09T14:24:48.234+0900: 137.054: [GC (Allocation Failure) 137.054: [ParNew: 59008K->6528K(59008K), 0.0523900 secs] 7862873K->7819103K(25159296K), 0.0527554 secs] [Times: user=0.64 sys=0.00, real=0.06 secs] 
2014-04-09T14:24:48.330+0900: 137.150: [GC (Allocation Failure) 137.150: [ParNew: 59008K->6528K(59008K), 0.0477739 secs] 7854341K->7809924K(25159296K), 0.0481340 secs] [Times: user=0.58 sys=0.00, real=0.05 secs] 
2014-04-09T14:24:48.417+0900: 137.237: [GC (Allocation Failure) 137.237: [ParNew: 59008K->6528K(59008K), 0.0537991 secs] 7844523K->7800567K(25159296K), 0.0541744 secs] [Times: user=0.65 sys=0.01, real=0.05 secs] 
2014-04-09T14:24:48.513+0900: 137.333: [GC (Allocation Failure) 137.333: [ParNew: 59008K->6528K(59008K), 0.0534182 secs] 7832087K->7788313K(25159296K), 0.0537796 secs] [Times: user=0.64 sys=0.01, real=0.06 secs] 
2014-04-09T14:24:48.608+0900: 137.428: [GC (Allocation Failure) 137.428: [ParNew: 59008K->6528K(59008K), 0.0514312 secs] 7821541K->7778325K(25159296K), 0.0517941 secs] [Times: user=0.62 sys=0.00, real=0.05 secs] 
2014-04-09T14:24:48.701+0900: 137.521: [GC (Allocation Failure) 137.521: [ParNew: 59008K->6528K(59008K), 0.0518533 secs] 7809450K->7766013K(25159296K), 0.0522326 secs] [Times: user=0.63 sys=0.00, real=0.05 secs] 
2014-04-09T14:24:48.793+0900: 137.613: [GC (Allocation Failure) 137.613: [ParNew: 59008K->6528K(59008K), 0.0425200 secs] 7799538K->7755543K(25159296K), 0.0428806 secs] [Times: user=0.47 sys=0.02, real=0.04 secs] 
2014-04-09T14:24:48.875+0900: 137.694: [GC (Allocation Failure) 137.694: [ParNew: 59008K->6528K(59008K), 0.0441002 secs] 7790514K->7746461K(25159296K), 0.0444640 secs] [Times: user=0.52 sys=0.00, real=0.05 secs] 
2014-04-09T14:24:48.959+0900: 137.778: [GC (Allocation Failure) 137.778: [ParNew: 59008K->6528K(59008K), 0.0557595 secs] 7780357K->7736641K(25159296K), 0.0561225 secs] [Times: user=0.67 sys=0.01, real=0.05 secs] 
2014-04-09T14:24:49.052+0900: 137.872: [GC (Allocation Failure) 137.872: [ParNew: 59008K->6528K(59008K), 0.0530668 secs] 7772758K->7730421K(25159296K), 0.0534283 secs] [Times: user=0.63 sys=0.01, real=0.05 secs] 
2014-04-09T14:24:49.148+0900: 137.967: [GC (Allocation Failure) 137.967: [ParNew: 59008K->6527K(59008K), 0.0423466 secs] 7764169K->7720267K(25159296K), 0.0427083 secs] [Times: user=0.49 sys=0.01, real=0.04 secs] 
2014-04-09T14:24:49.241+0900: 138.060: [GC (Allocation Failure) 138.060: [ParNew: 59007K->6528K(59008K), 0.0502464 secs] 7749918K->7707017K(25159296K), 0.0506145 secs] [Times: user=0.61 sys=0.01, real=0.05 secs] 
2014-04-09T14:24:49.331+0900: 138.150: [GC (Allocation Failure) 138.150: [ParNew: 59008K->6528K(59008K), 0.0437246 secs] 7741180K->7697080K(25159296K), 0.0440878 secs] [Times: user=0.50 sys=0.01, real=0.04 secs] 
2014-04-09T14:24:49.414+0900: 138.234: [GC (Allocation Failure) 138.234: [ParNew: 59008K->6528K(59008K), 0.0514110 secs] 7729680K->7686180K(25159296K), 0.0517679 secs] [Times: user=0.61 sys=0.01, real=0.05 secs] 
2014-04-09T14:24:49.507+0900: 138.326: [GC (Allocation Failure) 138.326: [ParNew: 59008K->6528K(59008K), 0.0537299 secs] 7718812K->7675322K(25159296K), 0.0540908 secs] [Times: user=0.65 sys=0.01, real=0.06 secs] 
2014-04-09T14:24:49.601+0900: 138.421: [GC (Allocation Failure) 138.421: [ParNew: 59008K->6528K(59008K), 0.0429502 secs] 7708947K->7664964K(25159296K), 0.0433116 secs] [Times: user=0.49 sys=0.00, real=0.04 secs] 
2014-04-09T14:24:49.686+0900: 138.505: [GC (Allocation Failure) 138.506: [ParNew: 59008K->6528K(59008K), 0.0471481 secs] 7698036K->7654245K(25159296K), 0.0475107 secs] [Times: user=0.54 sys=0.01, real=0.05 secs] 
2014-04-09T14:24:49.776+0900: 138.596: [GC (Allocation Failure) 138.596: [ParNew: 59008K->6528K(59008K), 0.0547382 secs] 7685520K->7642505K(25159296K), 0.0551004 secs] [Times: user=0.69 sys=0.00, real=0.06 secs] 
2014-04-09T14:24:49.873+0900: 138.693: [GC (Allocation Failure) 138.693: [ParNew: 59008K->6528K(59008K), 0.0519800 secs] 7674174K->7629614K(25159296K), 0.0523502 secs] [Times: user=0.63 sys=0.01, real=0.05 secs] 
2014-04-09T14:24:49.970+0900: 138.790: [GC (Allocation Failure) 138.790: [ParNew: 59008K->6528K(59008K), 0.0521125 secs] 7661276K->7617900K(25159296K), 0.0524804 secs] [Times: user=0.62 sys=0.00, real=0.05 secs] 
2014-04-09T14:24:50.063+0900: 138.883: [GC (Allocation Failure) 138.883: [ParNew: 59008K->6528K(59008K), 0.0574087 secs] 7654418K->7610375K(25159296K), 0.0577704 secs] [Times: user=0.68 sys=0.01, real=0.06 secs] 
2014-04-09T14:24:50.159+0900: 138.979: [GC (Allocation Failure) 138.979: [ParNew: 59007K->6528K(59008K), 0.0569060 secs] 7650928K->7606923K(25159296K), 0.0572768 secs] [Times: user=0.69 sys=0.01, real=0.05 secs] 
2014-04-09T14:24:50.258+0900: 139.078: [GC (Allocation Failure) 139.078: [ParNew: 59008K->6528K(59008K), 0.0521444 secs] 7647683K->7603509K(25159296K), 0.0525127 secs] [Times: user=0.63 sys=0.01, real=0.05 secs] 
2014-04-09T14:24:50.354+0900: 139.174: [GC (Allocation Failure) 139.174: [ParNew: 59008K->6528K(59008K), 0.0436418 secs] 7643384K->7597965K(25159296K), 0.0439986 secs] [Times: user=0.51 sys=0.01, real=0.05 secs] 
2014-04-09T14:24:50.438+0900: 139.258: [GC (Allocation Failure) 139.258: [ParNew: 59008K->6528K(59008K), 0.0552923 secs] 7639589K->7597100K(25159296K), 0.0556604 secs] [Times: user=0.65 sys=0.01, real=0.05 secs] 
2014-04-09T14:24:50.540+0900: 139.360: [GC (Allocation Failure) 139.360: [ParNew: 59008K->6528K(59008K), 0.0462009 secs] 7636669K->7591862K(25159296K), 0.0465645 secs] [Times: user=0.53 sys=0.01, real=0.04 secs] 
2014-04-09T14:24:50.630+0900: 139.450: [GC (Allocation Failure) 139.450: [ParNew: 59008K->6528K(59008K), 0.0501945 secs] 7633235K->7589845K(25159296K), 0.0505586 secs] [Times: user=0.60 sys=0.01, real=0.05 secs] 
2014-04-09T14:24:50.724+0900: 139.544: [GC (Allocation Failure) 139.544: [ParNew: 59008K->6528K(59008K), 0.0529957 secs] 7631648K->7588517K(25159296K), 0.0533597 secs] [Times: user=0.65 sys=0.00, real=0.06 secs] 
2014-04-09T14:24:50.816+0900: 139.636: [GC (Allocation Failure) 139.636: [ParNew: 59008K->6528K(59008K), 0.0488822 secs] 7631192K->7586765K(25159296K), 0.0492507 secs] [Times: user=0.59 sys=0.00, real=0.05 secs] 
2014-04-09T14:24:50.906+0900: 139.725: [GC (Allocation Failure) 139.725: [ParNew: 59008K->6528K(59008K), 0.0453932 secs] 7629645K->7585127K(25159296K), 0.0457530 secs] [Times: user=0.52 sys=0.01, real=0.05 secs] 
2014-04-09T14:24:50.992+0900: 139.811: [GC (Allocation Failure) 139.812: [ParNew: 59008K->6528K(59008K), 0.0440512 secs] 7626119K->7582291K(25159296K), 0.0444151 secs] [Times: user=0.50 sys=0.01, real=0.04 secs] 
2014-04-09T14:24:51.077+0900: 139.897: [GC (Allocation Failure) 139.897: [ParNew: 59008K->6528K(59008K), 0.0508784 secs] 7624333K->7581174K(25159296K), 0.0512389 secs] [Times: user=0.61 sys=0.01, real=0.06 secs] 
2014-04-09T14:24:51.173+0900: 139.992: [GC (Allocation Failure) 139.993: [ParNew: 59008K->6528K(59008K), 0.0478617 secs] 7622893K->7578543K(25159296K), 0.0482222 secs] [Times: user=0.58 sys=0.01, real=0.05 secs] 
2014-04-09T14:24:51.259+0900: 140.079: [GC (Allocation Failure) 140.079: [ParNew: 59008K->6528K(59008K), 0.0538300 secs] 7624041K->7580598K(25159296K), 0.0541916 secs] [Times: user=0.65 sys=0.01, real=0.05 secs] 
2014-04-09T14:24:51.352+0900: 140.171: [GC (Allocation Failure) 140.172: [ParNew: 59008K->6528K(59008K), 0.0428223 secs] 7624991K->7580735K(25159296K), 0.0431813 secs] [Times: user=0.48 sys=0.02, real=0.04 secs] 
2014-04-09T14:24:51.434+0900: 140.254: [GC (Allocation Failure) 140.254: [ParNew: 59008K->6528K(59008K), 0.0559593 secs] 7625551K->7581612K(25159296K), 0.0563451 secs] [Times: user=0.68 sys=0.00, real=0.06 secs] 
2014-04-09T14:24:51.536+0900: 140.355: [GC (Allocation Failure) 140.356: [ParNew: 59008K->6528K(59008K), 0.0485217 secs] 7623199K->7579699K(25159296K), 0.0488768 secs] [Times: user=0.59 sys=0.00, real=0.05 secs] 
2014-04-09T14:24:51.623+0900: 140.442: [GC (Allocation Failure) 140.443: [ParNew: 59008K->6528K(59008K), 0.0427769 secs] 7622633K->7577527K(25159296K), 0.0431380 secs] [Times: user=0.48 sys=0.02, real=0.04 secs] 
2014-04-09T14:24:51.704+0900: 140.523: [GC (Allocation Failure) 140.523: [ParNew: 59008K->6528K(59008K), 0.0526079 secs] 7620615K->7577581K(25159296K), 0.0529696 secs] [Times: user=0.63 sys=0.01, real=0.05 secs] 
2014-04-09T14:24:51.797+0900: 140.617: [GC (Allocation Failure) 140.617: [ParNew: 59008K->6528K(59008K), 0.0526232 secs] 7621822K->7578112K(25159296K), 0.0529882 secs] [Times: user=0.63 sys=0.02, real=0.06 secs] 
2014-04-09T14:24:51.891+0900: 140.711: [GC (Allocation Failure) 140.711: [ParNew: 59007K->6528K(59008K), 0.0436154 secs] 7622540K->7578189K(25159296K), 0.0439819 secs] [Times: user=0.50 sys=0.00, real=0.04 secs] 
2014-04-09T14:24:51.976+0900: 140.796: [GC (Allocation Failure) 140.796: [ParNew: 59008K->6528K(59008K), 0.0502542 secs] 7621935K->7578350K(25159296K), 0.0506158 secs] [Times: user=0.61 sys=0.00, real=0.05 secs] 
2014-04-09T14:24:52.072+0900: 140.891: [GC (Allocation Failure) 140.891: [ParNew: 59008K->6528K(59008K), 0.0529108 secs] 7621704K->7577440K(25159296K), 0.0532645 secs] [Times: user=0.63 sys=0.01, real=0.05 secs] 
2014-04-09T14:24:52.165+0900: 140.985: [GC (Allocation Failure) 140.985: [ParNew: 59008K->6528K(59008K), 0.0568593 secs] 7620480K->7577213K(25159296K), 0.0572223 secs] [Times: user=0.68 sys=0.01, real=0.06 secs] 
2014-04-09T14:24:52.261+0900: 141.080: [GC (Allocation Failure) 141.080: [ParNew: 59008K->6528K(59008K), 0.0545582 secs] 7622293K->7578443K(25159296K), 0.0549190 secs] [Times: user=0.66 sys=0.01, real=0.05 secs] 
2014-04-09T14:24:52.353+0900: 141.173: [GC (Allocation Failure) 141.173: [ParNew: 59008K->6528K(59008K), 0.0544442 secs] 7623309K->7579999K(25159296K), 0.0548170 secs] [Times: user=0.66 sys=0.01, real=0.06 secs] 
2014-04-09T14:24:52.449+0900: 141.269: [GC (Allocation Failure) 141.269: [ParNew: 59008K->6528K(59008K), 0.0530085 secs] 7624569K->7579760K(25159296K), 0.0533700 secs] [Times: user=0.63 sys=0.01, real=0.05 secs] 
2014-04-09T14:24:52.541+0900: 141.360: [GC (Allocation Failure) 141.360: [ParNew: 59008K->6528K(59008K), 0.0518786 secs] 7624431K->7580227K(25159296K), 0.0522413 secs] [Times: user=0.61 sys=0.01, real=0.05 secs] 
2014-04-09T14:24:52.637+0900: 141.456: [GC (Allocation Failure) 141.457: [ParNew: 59008K->6528K(59008K), 0.0458852 secs] 7625343K->7580645K(25159296K), 0.0462423 secs] [Times: user=0.53 sys=0.01, real=0.05 secs] 
2014-04-09T14:24:52.721+0900: 141.541: [GC (Allocation Failure) 141.541: [ParNew: 59008K->6528K(59008K), 0.0461316 secs] 7625975K->7582716K(25159296K), 0.0464945 secs] [Times: user=0.53 sys=0.00, real=0.05 secs] 
2014-04-09T14:24:52.808+0900: 141.628: [GC (Allocation Failure) 141.628: [ParNew: 59008K->6528K(59008K), 0.0576460 secs] 7627725K->7584246K(25159296K), 0.0580075 secs] [Times: user=0.69 sys=0.01, real=0.05 secs] 
2014-04-09T14:24:52.907+0900: 141.727: [GC (Allocation Failure) 141.727: [ParNew: 59008K->6528K(59008K), 0.0527017 secs] 7629060K->7585583K(25159296K), 0.0530718 secs] [Times: user=0.64 sys=0.01, real=0.06 secs] 
2014-04-09T14:24:52.999+0900: 141.818: [GC (Allocation Failure) 141.819: [ParNew: 59008K->6528K(59008K), 0.0487225 secs] 7630859K->7586348K(25159296K), 0.0490856 secs] [Times: user=0.59 sys=0.01, real=0.05 secs] 
2014-04-09T14:24:53.092+0900: 141.911: [GC (Allocation Failure) 141.912: [ParNew: 59008K->6528K(59008K), 0.0434923 secs] 7620661K->7575951K(25159296K), 0.0438575 secs] [Times: user=0.50 sys=0.02, real=0.04 secs] 
2014-04-09T14:24:53.178+0900: 141.997: [GC (Allocation Failure) 141.998: [ParNew: 59008K->6528K(59008K), 0.0495264 secs] 7609104K->7566255K(25159296K), 0.0499123 secs] [Times: user=0.60 sys=0.01, real=0.05 secs] 
2014-04-09T14:24:53.268+0900: 142.088: [GC (Allocation Failure) 142.088: [ParNew: 59008K->6528K(59008K), 0.0529766 secs] 7598820K->7554750K(25159296K), 0.0533390 secs] [Times: user=0.62 sys=0.00, real=0.05 secs] 
2014-04-09T14:24:53.363+0900: 142.183: [GC (Allocation Failure) 142.183: [ParNew: 59008K->6528K(59008K), 0.0522116 secs] 7587651K->7543629K(25159296K), 0.0525643 secs] [Times: user=0.64 sys=0.00, real=0.05 secs] 
2014-04-09T14:24:53.457+0900: 142.277: [GC (Allocation Failure) 142.277: [ParNew: 59008K->6528K(59008K), 0.0493701 secs] 7578052K->7534791K(25159296K), 0.0497282 secs] [Times: user=0.60 sys=0.01, real=0.05 secs] 
2014-04-09T14:24:53.545+0900: 142.365: [GC (Allocation Failure) 142.365: [ParNew: 59008K->6528K(59008K), 0.0559505 secs] 7570730K->7526131K(25159296K), 0.0563073 secs] [Times: user=0.68 sys=0.01, real=0.06 secs] 
2014-04-09T14:24:53.645+0900: 142.464: [GC (Allocation Failure) 142.465: [ParNew: 59008K->6528K(59008K), 0.0421552 secs] 7559124K->7514640K(25159296K), 0.0425047 secs] [Times: user=0.50 sys=0.01, real=0.05 secs] 
2014-04-09T14:24:53.735+0900: 142.554: [GC (Allocation Failure) 142.555: [ParNew: 59008K->6528K(59008K), 0.0491831 secs] 7543904K->7500786K(25159296K), 0.0495298 secs] [Times: user=0.51 sys=0.01, real=0.05 secs] 
2014-04-09T14:24:53.827+0900: 142.647: [GC (Allocation Failure) 142.647: [ParNew: 59008K->6528K(59008K), 0.0486672 secs] 7532071K->7488698K(25159296K), 0.0490236 secs] [Times: user=0.59 sys=0.01, real=0.04 secs] 
2014-04-09T14:24:53.922+0900: 142.742: [GC (Allocation Failure) 142.742: [ParNew: 59008K->6528K(59008K), 0.0489090 secs] 7511461K->7467591K(25159296K), 0.0492568 secs] [Times: user=0.60 sys=0.00, real=0.05 secs] 
2014-04-09T14:24:54.015+0900: 142.835: [GC (Allocation Failure) 142.835: [ParNew: 59008K->6528K(59008K), 0.0422168 secs] 7492663K->7446866K(25159296K), 0.0425632 secs] [Times: user=0.51 sys=0.00, real=0.05 secs] 
2014-04-09T14:24:54.100+0900: 142.920: [GC (Allocation Failure) 142.920: [ParNew: 59008K->6528K(59008K), 0.0429155 secs] 7470419K->7426579K(25159296K), 0.0432845 secs] [Times: user=0.50 sys=0.01, real=0.04 secs] 
2014-04-09T14:24:54.183+0900: 143.003: [GC (Allocation Failure) 143.003: [ParNew: 58994K->6528K(59008K), 0.0548848 secs] 7454741K->7411277K(25159296K), 0.0552481 secs] [Times: user=0.66 sys=0.00, real=0.06 secs] 
2014-04-09T14:24:54.279+0900: 143.099: [GC (Allocation Failure) 143.099: [ParNew: 59008K->6528K(59008K), 0.0530026 secs] 7438817K->7395465K(25159296K), 0.0533592 secs] [Times: user=0.64 sys=0.00, real=0.05 secs] 
2014-04-09T14:24:54.372+0900: 143.192: [GC (Allocation Failure) 143.192: [ParNew: 59008K->6528K(59008K), 0.0449036 secs] 7447549K->7403243K(25159296K), 0.0452543 secs] [Times: user=0.54 sys=0.01, real=0.04 secs] 
2014-04-09T14:24:54.438+0900: 143.257: [CMS-concurrent-sweep: 3.411/7.788 secs] [Times: user=83.97 sys=10.48, real=7.79 secs] 
2014-04-09T14:24:54.438+0900: 143.258: [CMS-concurrent-reset-start]
2014-04-09T14:24:54.458+0900: 143.277: [GC (Allocation Failure) 143.278: [ParNew: 59008K->6528K(59008K), 0.0538076 secs] 7455723K->7412667K(25159296K), 0.0541632 secs] [Times: user=0.64 sys=0.00, real=0.05 secs] 
2014-04-09T14:24:54.563+0900: 143.382: [GC (Allocation Failure) 143.383: [ParNew: 59008K->6528K(59008K), 0.0494921 secs] 7465147K->7421664K(25159296K), 0.0498479 secs] [Times: user=0.58 sys=0.01, real=0.05 secs] 
2014-04-09T14:24:54.627+0900: 143.447: [CMS-concurrent-reset: 0.082/0.189 secs] [Times: user=2.01 sys=0.24, real=0.19 secs] 
2014-04-09T14:24:54.651+0900: 143.471: [GC (Allocation Failure) 143.471: [ParNew: 59008K->6528K(59008K), 0.0550661 secs] 7474144K->7430442K(25159296K), 0.0554202 secs] [Times: user=0.67 sys=0.01, real=0.05 secs] 
2014-04-09T14:24:54.745+0900: 143.565: [GC (Allocation Failure) 143.565: [ParNew: 59008K->6528K(59008K), 0.0442430 secs] 7482922K->7438157K(25159296K), 0.0446020 secs] [Times: user=0.50 sys=0.01, real=0.05 secs] 
2014-04-09T14:24:54.829+0900: 143.649: [GC (Allocation Failure) 143.649: [ParNew: 59008K->6528K(59008K), 0.0562192 secs] 7490637K->7448121K(25159296K), 0.0565789 secs] [Times: user=0.67 sys=0.01, real=0.05 secs] 
2014-04-09T14:24:54.924+0900: 143.744: [GC (Allocation Failure) 143.744: [ParNew: 59007K->6528K(59008K), 0.0444456 secs] 7500601K->7456887K(25159296K), 0.0447960 secs] [Times: user=0.52 sys=0.00, real=0.04 secs] 
2014-04-09T14:24:55.007+0900: 143.826: [GC (Allocation Failure) 143.826: [ParNew: 59008K->6528K(59008K), 0.0487350 secs] 7509367K->7465764K(25159296K), 0.0490943 secs] [Times: user=0.58 sys=0.01, real=0.05 secs] 
2014-04-09T14:24:55.095+0900: 143.915: [GC (Allocation Failure) 143.915: [ParNew: 59008K->6528K(59008K), 0.0541355 secs] 7518244K->7474577K(25159296K), 0.0544929 secs] [Times: user=0.65 sys=0.01, real=0.06 secs] 
2014-04-09T14:24:55.187+0900: 144.007: [GC (Allocation Failure) 144.007: [ParNew: 59008K->6528K(59008K), 0.0463875 secs] 7527057K->7482027K(25159296K), 0.0467428 secs] [Times: user=0.54 sys=0.01, real=0.05 secs] 
2014-04-09T14:24:55.272+0900: 144.092: [GC (Allocation Failure) 144.092: [ParNew: 59008K->6528K(59008K), 0.0575657 secs] 7534507K->7491632K(25159296K), 0.0579285 secs] [Times: user=0.67 sys=0.01, real=0.06 secs] 
2014-04-09T14:24:55.367+0900: 144.187: [GC (Allocation Failure) 144.187: [ParNew: 59008K->6528K(59008K), 0.0545340 secs] 7544112K->7500739K(25159296K), 0.0548879 secs] [Times: user=0.65 sys=0.02, real=0.06 secs] 
2014-04-09T14:24:55.460+0900: 144.280: [GC (Allocation Failure) 144.280: [ParNew: 59008K->6528K(59008K), 0.0534513 secs] 7553219K->7509618K(25159296K), 0.0538014 secs] [Times: user=0.61 sys=0.01, real=0.05 secs] 
2014-04-09T14:24:55.552+0900: 144.372: [GC (Allocation Failure) 144.372: [ParNew: 59007K->6528K(59008K), 0.0453905 secs] 7562098K->7518474K(25159296K), 0.0457439 secs] [Times: user=0.54 sys=0.00, real=0.05 secs] 
2014-04-09T14:24:55.638+0900: 144.458: [GC (Allocation Failure) 144.458: [ParNew: 58945K->6528K(59008K), 0.0539407 secs] 7570892K->7527009K(25159296K), 0.0542970 secs] [Times: user=0.65 sys=0.01, real=0.06 secs] 
2014-04-09T14:24:55.730+0900: 144.550: [GC (Allocation Failure) 144.550: [ParNew: 59008K->6528K(59008K), 0.0516607 secs] 7579489K->7536667K(25159296K), 0.0520136 secs] [Times: user=0.61 sys=0.01, real=0.05 secs] 
2014-04-09T14:24:55.783+0900: 144.603: [GC (CMS Initial Mark) [1 CMS-initial-mark: 7530139K(25100288K)] 7536869K(25159296K), 0.0017361 secs] [Times: user=0.01 sys=0.00, real=0.00 secs] 
2014-04-09T14:24:55.785+0900: 144.605: [CMS-concurrent-mark-start]
2014-04-09T14:24:55.832+0900: 144.652: [GC (Allocation Failure) 144.652: [ParNew: 59008K->6528K(59008K), 0.0518069 secs] 7589147K->7545811K(25159296K), 0.0521561 secs] [Times: user=0.63 sys=0.01, real=0.05 secs] 
2014-04-09T14:24:55.936+0900: 144.756: [GC (Allocation Failure) 144.756: [ParNew: 59008K->6528K(59008K), 0.0549834 secs] 7598291K->7554127K(25159296K), 0.0553372 secs] [Times: user=0.67 sys=0.01, real=0.06 secs] 
2014-04-09T14:24:56.039+0900: 144.859: [GC (Allocation Failure) 144.859: [ParNew: 59008K->6528K(59008K), 0.0516914 secs] 7606607K->7563317K(25159296K), 0.0520409 secs] [Times: user=0.61 sys=0.02, real=0.05 secs] 
2014-04-09T14:24:56.137+0900: 144.956: [GC (Allocation Failure) 144.956: [ParNew: 59008K->6528K(59008K), 0.0574249 secs] 7615797K->7571166K(25159296K), 0.0577769 secs] [Times: user=0.68 sys=0.00, real=0.06 secs] 
2014-04-09T14:24:56.241+0900: 145.060: [GC (Allocation Failure) 145.060: [ParNew: 59008K->6528K(59008K), 0.0551119 secs] 7623646K->7580449K(25159296K), 0.0554593 secs] [Times: user=0.65 sys=0.01, real=0.05 secs] 
2014-04-09T14:24:56.341+0900: 145.161: [GC (Allocation Failure) 145.161: [ParNew: 59008K->6528K(59008K), 0.0470478 secs] 7632929K->7588180K(25159296K), 0.0474037 secs] [Times: user=0.55 sys=0.00, real=0.05 secs] 
2014-04-09T14:24:56.437+0900: 145.256: [GC (Allocation Failure) 145.257: [ParNew: 59008K->6528K(59008K), 0.0501575 secs] 7640660K->7597338K(25159296K), 0.0505053 secs] [Times: user=0.57 sys=0.01, real=0.05 secs] 
2014-04-09T14:24:56.540+0900: 145.360: [GC (Allocation Failure) 145.360: [ParNew: 59008K->6528K(59008K), 0.0563689 secs] 7649818K->7606104K(25159296K), 0.0567396 secs] [Times: user=0.67 sys=0.01, real=0.05 secs] 
2014-04-09T14:24:56.650+0900: 145.469: [GC (Allocation Failure) 145.470: [ParNew: 59008K->6528K(59008K), 0.0539045 secs] 7658584K->7614194K(25159296K), 0.0542506 secs] [Times: user=0.64 sys=0.01, real=0.05 secs] 
2014-04-09T14:24:56.749+0900: 145.569: [GC (Allocation Failure) 145.569: [ParNew: 59008K->6528K(59008K), 0.0536108 secs] 7666674K->7623053K(25159296K), 0.0539628 secs] [Times: user=0.64 sys=0.01, real=0.05 secs] 
2014-04-09T14:24:56.857+0900: 145.677: [GC (Allocation Failure) 145.677: [ParNew: 59008K->6528K(59008K), 0.0654363 secs] 7675533K->7636254K(25159296K), 0.0657954 secs] [Times: user=0.80 sys=0.00, real=0.07 secs] 
2014-04-09T14:24:56.966+0900: 145.785: [GC (Allocation Failure) 145.786: [ParNew: 59008K->6528K(59008K), 0.0658732 secs] 7688734K->7649111K(25159296K), 0.0662268 secs] [Times: user=0.81 sys=0.00, real=0.07 secs] 
2014-04-09T14:24:57.082+0900: 145.902: [GC (Allocation Failure) 145.902: [ParNew: 59008K->6528K(59008K), 0.0751002 secs] 7701591K->7671268K(25159296K), 0.0754710 secs] [Times: user=0.92 sys=0.01, real=0.07 secs] 
2014-04-09T14:24:57.230+0900: 146.050: [GC (Allocation Failure) 146.050: [ParNew: 59008K->6528K(59008K), 0.0892301 secs] 7723748K->7692711K(25159296K), 0.0896019 secs] [Times: user=1.08 sys=0.01, real=0.09 secs] 
2014-04-09T14:24:57.380+0900: 146.200: [GC (Allocation Failure) 146.200: [ParNew: 59008K->6528K(59008K), 0.0732502 secs] 7745191K->7707139K(25159296K), 0.0736131 secs] [Times: user=0.88 sys=0.02, real=0.07 secs] 
2014-04-09T14:24:57.500+0900: 146.320: [GC (Allocation Failure) 146.320: [ParNew: 59008K->6528K(59008K), 0.0619369 secs] 7759619K->7715792K(25159296K), 0.0622961 secs] [Times: user=0.73 sys=0.01, real=0.06 secs] 
2014-04-09T14:24:57.612+0900: 146.431: [GC (Allocation Failure) 146.432: [ParNew: 59008K->6528K(59008K), 0.0599328 secs] 7768272K->7724964K(25159296K), 0.0602929 secs] [Times: user=0.70 sys=0.01, real=0.06 secs] 
2014-04-09T14:24:57.723+0900: 146.542: [GC (Allocation Failure) 146.542: [ParNew: 59008K->6528K(59008K), 0.0519844 secs] 7777444K->7733420K(25159296K), 0.0523430 secs] [Times: user=0.63 sys=0.01, real=0.05 secs] 
2014-04-09T14:24:57.823+0900: 146.642: [GC (Allocation Failure) 146.643: [ParNew: 59008K->6528K(59008K), 0.0510977 secs] 7785900K->7742562K(25159296K), 0.0514592 secs] [Times: user=0.60 sys=0.01, real=0.05 secs] 
2014-04-09T14:24:57.922+0900: 146.742: [GC (Allocation Failure) 146.742: [ParNew: 59008K->6528K(59008K), 0.0503583 secs] 7795042K->7751400K(25159296K), 0.0507181 secs] [Times: user=0.59 sys=0.01, real=0.05 secs] 
2014-04-09T14:24:58.022+0900: 146.842: [GC (Allocation Failure) 146.842: [ParNew: 59008K->6528K(59008K), 0.0536481 secs] 7803880K->7759700K(25159296K), 0.0540072 secs] [Times: user=0.63 sys=0.01, real=0.05 secs] 
2014-04-09T14:24:58.128+0900: 146.948: [GC (Allocation Failure) 146.948: [ParNew: 59008K->6528K(59008K), 0.0511487 secs] 7812180K->7769063K(25159296K), 0.0515059 secs] [Times: user=0.59 sys=0.02, real=0.05 secs] 
2014-04-09T14:24:58.239+0900: 147.059: [GC (Allocation Failure) 147.059: [ParNew: 59008K->6528K(59008K), 0.0534105 secs] 7821543K->7777155K(25159296K), 0.0537676 secs] [Times: user=0.61 sys=0.01, real=0.05 secs] 
2014-04-09T14:24:58.348+0900: 147.168: [GC (Allocation Failure) 147.168: [ParNew: 59008K->6528K(59008K), 0.0506741 secs] 7829635K->7786148K(25159296K), 0.0510312 secs] [Times: user=0.60 sys=0.01, real=0.06 secs] 
2014-04-09T14:24:58.445+0900: 147.265: [GC (Allocation Failure) 147.265: [ParNew: 59008K->6528K(59008K), 0.0496054 secs] 7838628K->7793997K(25159296K), 0.0499743 secs] [Times: user=0.54 sys=0.01, real=0.05 secs] 
2014-04-09T14:24:58.550+0900: 147.369: [GC (Allocation Failure) 147.370: [ParNew: 59008K->6528K(59008K), 0.0513667 secs] 7846477K->7803223K(25159296K), 0.0517284 secs] [Times: user=0.60 sys=0.01, real=0.05 secs] 
2014-04-09T14:24:58.655+0900: 147.475: [GC (Allocation Failure) 147.475: [ParNew: 59008K->6528K(59008K), 0.0540897 secs] 7855703K->7811139K(25159296K), 0.0544780 secs] [Times: user=0.64 sys=0.02, real=0.06 secs] 
2014-04-09T14:24:58.735+0900: 147.555: [CMS-concurrent-mark: 1.359/2.950 secs] [Times: user=33.80 sys=3.34, real=2.95 secs] 
2014-04-09T14:24:58.736+0900: 147.555: [CMS-concurrent-preclean-start]
2014-04-09T14:24:58.760+0900: 147.580: [GC (Allocation Failure) 147.580: [ParNew: 59008K->6528K(59008K), 0.0582030 secs] 7863619K->7819396K(25159296K), 0.0585629 secs] [Times: user=0.61 sys=0.00, real=0.06 secs] 
2014-04-09T14:24:58.859+0900: 147.678: [GC (Allocation Failure) 147.679: [ParNew: 59008K->6528K(59008K), 0.0548615 secs] 7871876K->7828402K(25159296K), 0.0552169 secs] [Times: user=0.64 sys=0.02, real=0.05 secs] 
2014-04-09T14:24:58.956+0900: 147.776: [GC (Allocation Failure) 147.776: [ParNew: 59008K->6528K(59008K), 0.0496562 secs] 7880882K->7837830K(25159296K), 0.0500124 secs] [Times: user=0.57 sys=0.02, real=0.05 secs] 
2014-04-09T14:24:59.045+0900: 147.865: [GC (Allocation Failure) 147.865: [ParNew: 59008K->6528K(59008K), 0.0550742 secs] 7890310K->7846045K(25159296K), 0.0554432 secs] [Times: user=0.66 sys=0.01, real=0.06 secs] 
2014-04-09T14:24:59.140+0900: 147.959: [GC (Allocation Failure) 147.960: [ParNew: 59008K->6528K(59008K), 0.0587200 secs] 7898525K->7854555K(25159296K), 0.0590744 secs] [Times: user=0.69 sys=0.01, real=0.06 secs] 
2014-04-09T14:24:59.240+0900: 148.059: [GC (Allocation Failure) 148.059: [ParNew: 59008K->6528K(59008K), 0.0498565 secs] 7907035K->7863528K(25159296K), 0.0502148 secs] [Times: user=0.59 sys=0.01, real=0.05 secs] 
2014-04-09T14:24:59.330+0900: 148.150: [GC (Allocation Failure) 148.150: [ParNew: 59008K->6528K(59008K), 0.0511295 secs] 7916008K->7872219K(25159296K), 0.0515017 secs] [Times: user=0.61 sys=0.01, real=0.05 secs] 
2014-04-09T14:24:59.422+0900: 148.242: [GC (Allocation Failure) 148.242: [ParNew: 59008K->6528K(59008K), 0.0500140 secs] 7924699K->7881596K(25159296K), 0.0503807 secs] [Times: user=0.60 sys=0.01, real=0.05 secs] 
2014-04-09T14:24:59.512+0900: 148.331: [GC (Allocation Failure) 148.332: [ParNew: 59008K->6528K(59008K), 0.0525341 secs] 7934076K->7890399K(25159296K), 0.0528891 secs] [Times: user=0.62 sys=0.01, real=0.05 secs] 
2014-04-09T14:24:59.604+0900: 148.424: [GC (Allocation Failure) 148.424: [ParNew: 59008K->6528K(59008K), 0.0509971 secs] 7942879K->7899390K(25159296K), 0.0513625 secs] [Times: user=0.59 sys=0.02, real=0.05 secs] 
2014-04-09T14:24:59.695+0900: 148.515: [GC (Allocation Failure) 148.515: [ParNew: 59008K->6528K(59008K), 0.0525669 secs] 7951870K->7908222K(25159296K), 0.0529326 secs] [Times: user=0.62 sys=0.01, real=0.06 secs] 
2014-04-09T14:24:59.788+0900: 148.607: [GC (Allocation Failure) 148.608: [ParNew: 59008K->6528K(59008K), 0.0551023 secs] 7960702K->7915707K(25159296K), 0.0554607 secs] [Times: user=0.65 sys=0.00, real=0.06 secs] 
2014-04-09T14:24:59.887+0900: 148.707: [GC (Allocation Failure) 148.707: [ParNew: 59008K->6528K(59008K), 0.0567113 secs] 7968187K->7924217K(25159296K), 0.0570636 secs] [Times: user=0.67 sys=0.01, real=0.06 secs] 
2014-04-09T14:24:59.988+0900: 148.808: [GC (Allocation Failure) 148.808: [ParNew: 58919K->6528K(59008K), 0.0534267 secs] 7976608K->7933935K(25159296K), 0.0537784 secs] [Times: user=0.62 sys=0.01, real=0.06 secs] 
2014-04-09T14:25:00.091+0900: 148.910: [GC (Allocation Failure) 148.911: [ParNew: 59008K->6528K(59008K), 0.0456305 secs] 7986415K->7941285K(25159296K), 0.0459846 secs] [Times: user=0.54 sys=0.00, real=0.04 secs] 
2014-04-09T14:25:00.179+0900: 148.999: [GC (Allocation Failure) 148.999: [ParNew: 59008K->6528K(59008K), 0.0513179 secs] 7993765K->7951143K(25159296K), 0.0516721 secs] [Times: user=0.60 sys=0.01, real=0.05 secs] 
2014-04-09T14:25:00.274+0900: 149.093: [GC (Allocation Failure) 149.093: [ParNew: 59008K->6528K(59008K), 0.0500706 secs] 8003623K->7958355K(25159296K), 0.0504221 secs] [Times: user=0.59 sys=0.01, real=0.05 secs] 
2014-04-09T14:25:00.367+0900: 149.187: [GC (Allocation Failure) 149.187: [ParNew: 59008K->6528K(59008K), 0.0572738 secs] 8010835K->7967884K(25159296K), 0.0576264 secs] [Times: user=0.66 sys=0.01, real=0.06 secs] 
2014-04-09T14:25:00.469+0900: 149.289: [GC (Allocation Failure) 149.289: [ParNew: 59008K->6528K(59008K), 0.0555745 secs] 8020364K->7976021K(25159296K), 0.0559333 secs] [Times: user=0.65 sys=0.01, real=0.05 secs] 
2014-04-09T14:25:00.567+0900: 149.387: [GC (Allocation Failure) 149.387: [ParNew: 59008K->6528K(59008K), 0.0567752 secs] 8028501K->7985552K(25159296K), 0.0571278 secs] [Times: user=0.64 sys=0.01, real=0.06 secs] 
2014-04-09T14:25:00.664+0900: 149.483: [GC (Allocation Failure) 149.484: [ParNew: 59008K->6528K(59008K), 0.0542111 secs] 8038032K->7994353K(25159296K), 0.0545681 secs] [Times: user=0.63 sys=0.01, real=0.05 secs] 
2014-04-09T14:25:00.758+0900: 149.577: [GC (Allocation Failure) 149.577: [ParNew: 59008K->6528K(59008K), 0.0488989 secs] 8046833K->8001776K(25159296K), 0.0492545 secs] [Times: user=0.59 sys=0.00, real=0.05 secs] 
2014-04-09T14:25:00.847+0900: 149.667: [GC (Allocation Failure) 149.667: [ParNew: 59008K->6528K(59008K), 0.0534195 secs] 8054256K->8009617K(25159296K), 0.0537857 secs] [Times: user=0.63 sys=0.02, real=0.06 secs] 
2014-04-09T14:25:00.941+0900: 149.760: [GC (Allocation Failure) 149.760: [ParNew: 59008K->6528K(59008K), 0.0472436 secs] 8062097K->8018476K(25159296K), 0.0475994 secs] [Times: user=0.55 sys=0.02, real=0.04 secs] 
2014-04-09T14:25:01.028+0900: 149.848: [GC (Allocation Failure) 149.848: [ParNew: 59008K->6528K(59008K), 0.0493318 secs] 8070956K->8027751K(25159296K), 0.0496886 secs] [Times: user=0.58 sys=0.01, real=0.04 secs] 
2014-04-09T14:25:01.118+0900: 149.938: [GC (Allocation Failure) 149.938: [ParNew: 59008K->6528K(59008K), 0.0481001 secs] 8080231K->8036883K(25159296K), 0.0484657 secs] [Times: user=0.58 sys=0.01, real=0.05 secs] 
2014-04-09T14:25:01.218+0900: 150.037: [GC (Allocation Failure) 150.038: [ParNew: 59008K->6528K(59008K), 0.0513837 secs] 8089363K->8044601K(25159296K), 0.0517503 secs] [Times: user=0.61 sys=0.01, real=0.06 secs] 
2014-04-09T14:25:01.320+0900: 150.140: [GC (Allocation Failure) 150.140: [ParNew: 59008K->6528K(59008K), 0.0563908 secs] 8097081K->8052765K(25159296K), 0.0567482 secs] [Times: user=0.65 sys=0.02, real=0.05 secs] 
2014-04-09T14:25:01.429+0900: 150.249: [GC (Allocation Failure) 150.249: [ParNew: 59008K->6528K(59008K), 0.0496889 secs] 8105245K->8062362K(25159296K), 0.0500462 secs] [Times: user=0.57 sys=0.01, real=0.05 secs] 
2014-04-09T14:25:01.517+0900: 150.337: [GC (Allocation Failure) 150.337: [ParNew: 59008K->6528K(59008K), 0.0548018 secs] 8114842K->8070527K(25159296K), 0.0551578 secs] [Times: user=0.63 sys=0.01, real=0.06 secs] 
2014-04-09T14:25:01.615+0900: 150.435: [GC (Allocation Failure) 150.435: [ParNew: 59008K->6528K(59008K), 0.0493654 secs] 8123007K->8079067K(25159296K), 0.0497211 secs] [Times: user=0.58 sys=0.01, real=0.05 secs] 
2014-04-09T14:25:01.705+0900: 150.524: [GC (Allocation Failure) 150.525: [ParNew: 59008K->6528K(59008K), 0.0532230 secs] 8131547K->8087541K(25159296K), 0.0535867 secs] [Times: user=0.64 sys=0.00, real=0.06 secs] 
2014-04-09T14:25:01.799+0900: 150.618: [GC (Allocation Failure) 150.618: [ParNew: 59008K->6528K(59008K), 0.0488469 secs] 8140021K->8095682K(25159296K), 0.0492083 secs] [Times: user=0.56 sys=0.01, real=0.04 secs] 
2014-04-09T14:25:01.888+0900: 150.708: [GC (Allocation Failure) 150.708: [ParNew: 59008K->6528K(59008K), 0.0468786 secs] 8148162K->8103667K(25159296K), 0.0472372 secs] [Times: user=0.52 sys=0.01, real=0.04 secs] 
2014-04-09T14:25:01.975+0900: 150.794: [GC (Allocation Failure) 150.795: [ParNew: 59008K->6528K(59008K), 0.0562483 secs] 8156147K->8112669K(25159296K), 0.0566124 secs] [Times: user=0.66 sys=0.02, real=0.06 secs] 
2014-04-09T14:25:02.076+0900: 150.896: [GC (Allocation Failure) 150.896: [ParNew: 59008K->6528K(59008K), 0.0541309 secs] 8165149K->8121143K(25159296K), 0.0544919 secs] [Times: user=0.65 sys=0.01, real=0.06 secs] 
2014-04-09T14:25:02.170+0900: 150.990: [GC (Allocation Failure) 150.990: [ParNew: 59008K->6528K(59008K), 0.0493675 secs] 8173623K->8130893K(25159296K), 0.0497312 secs] [Times: user=0.60 sys=0.00, real=0.05 secs] 
2014-04-09T14:25:02.258+0900: 151.077: [GC (Allocation Failure) 151.078: [ParNew: 59008K->6528K(59008K), 0.0556596 secs] 8183373K->8139257K(25159296K), 0.0560146 secs] [Times: user=0.65 sys=0.02, real=0.06 secs] 
2014-04-09T14:25:02.357+0900: 151.177: [GC (Allocation Failure) 151.177: [ParNew: 59008K->6528K(59008K), 0.0480431 secs] 8191737K->8147012K(25159296K), 0.0484054 secs] [Times: user=0.58 sys=0.01, real=0.05 secs] 
2014-04-09T14:25:02.444+0900: 151.263: [GC (Allocation Failure) 151.263: [ParNew: 59008K->6528K(59008K), 0.0556838 secs] 8199492K->8155671K(25159296K), 0.0560408 secs] [Times: user=0.66 sys=0.00, real=0.06 secs] 
2014-04-09T14:25:02.543+0900: 151.363: [GC (Allocation Failure) 151.363: [ParNew: 59008K->6528K(59008K), 0.0490600 secs] 8208151K->8164559K(25159296K), 0.0494125 secs] [Times: user=0.57 sys=0.01, real=0.05 secs] 
2014-04-09T14:25:02.638+0900: 151.457: [GC (Allocation Failure) 151.457: [ParNew: 59008K->6528K(59008K), 0.0476381 secs] 8217039K->8173701K(25159296K), 0.0479888 secs] [Times: user=0.56 sys=0.01, real=0.05 secs] 
2014-04-09T14:25:02.726+0900: 151.545: [GC (Allocation Failure) 151.546: [ParNew: 59008K->6528K(59008K), 0.0514657 secs] 8226181K->8183472K(25159296K), 0.0518286 secs] [Times: user=0.60 sys=0.02, real=0.05 secs] 
2014-04-09T14:25:02.815+0900: 151.635: [GC (Allocation Failure) 151.635: [ParNew: 59008K->6528K(59008K), 0.0557769 secs] 8235952K->8192170K(25159296K), 0.0561418 secs] [Times: user=0.65 sys=0.01, real=0.06 secs] 
2014-04-09T14:25:02.952+0900: 151.772: [CMS-concurrent-preclean: 1.701/4.217 secs] [Times: user=44.44 sys=5.63, real=4.22 secs] 
2014-04-09T14:25:02.954+0900: 151.773: [GC (Allocation Failure) 151.773: [ParNew: 59008K->6528K(59008K), 0.0512103 secs] 8244650K->8200286K(25159296K), 0.0515608 secs] [Times: user=0.60 sys=0.01, real=0.05 secs] 
2014-04-09T14:25:03.007+0900: 151.826: [GC (CMS Final Remark) [YG occupancy: 6553 K (59008 K)]151.826: [Rescan (parallel) , 0.0191828 secs]151.846: [weak refs processing, 0.0022556 secs]151.848: [class unloading, 0.0432217 secs]151.891: [scrub symbol table, 0.0048121 secs]151.896: [scrub string table, 0.0014028 secs][1 CMS-remark: 8193758K(25100288K)] 8200312K(25159296K), 0.0788025 secs] [Times: user=0.30 sys=0.00, real=0.08 secs] 
2014-04-09T14:25:03.086+0900: 151.905: [CMS-concurrent-sweep-start]
2014-04-09T14:25:03.134+0900: 151.953: [GC (Allocation Failure) 151.953: [ParNew: 59008K->6528K(59008K), 0.0452912 secs] 8248763K->8204086K(25159296K), 0.0456470 secs] [Times: user=0.55 sys=0.00, real=0.04 secs] 
2014-04-09T14:25:03.219+0900: 152.038: [GC (Allocation Failure) 152.038: [ParNew: 59008K->6526K(59008K), 0.0455200 secs] 8249279K->8206494K(25159296K), 0.0458847 secs] [Times: user=0.53 sys=0.01, real=0.05 secs] 
2014-04-09T14:25:03.304+0900: 152.124: [GC (Allocation Failure) 152.124: [ParNew: 59006K->6528K(59008K), 0.0513661 secs] 8250031K->8206856K(25159296K), 0.0517240 secs] [Times: user=0.62 sys=0.01, real=0.05 secs] 
2014-04-09T14:25:03.404+0900: 152.223: [GC (Allocation Failure) 152.224: [ParNew: 59008K->6528K(59008K), 0.0446698 secs] 8251075K->8206212K(25159296K), 0.0450247 secs] [Times: user=0.53 sys=0.02, real=0.04 secs] 
2014-04-09T14:25:03.488+0900: 152.308: [GC (Allocation Failure) 152.308: [ParNew: 59008K->6528K(59008K), 0.0548323 secs] 8250882K->8206960K(25159296K), 0.0551961 secs] [Times: user=0.67 sys=0.01, real=0.06 secs] 
2014-04-09T14:25:03.582+0900: 152.402: [GC (Allocation Failure) 152.402: [ParNew: 59008K->6528K(59008K), 0.0420057 secs] 8255696K->8212086K(25159296K), 0.0423633 secs] [Times: user=0.49 sys=0.01, real=0.04 secs] 
2014-04-09T14:25:03.664+0900: 152.483: [GC (Allocation Failure) 152.484: [ParNew: 59008K->6528K(59008K), 0.0551240 secs] 8261081K->8217707K(25159296K), 0.0555883 secs] [Times: user=0.64 sys=0.02, real=0.06 secs] 
2014-04-09T14:25:03.757+0900: 152.576: [GC (Allocation Failure) 152.577: [ParNew: 59008K->6528K(59008K), 0.0444194 secs] 8267879K->8224397K(25159296K), 0.0447874 secs] [Times: user=0.52 sys=0.00, real=0.05 secs] 
2014-04-09T14:25:03.844+0900: 152.664: [GC (Allocation Failure) 152.664: [ParNew: 59008K->6528K(59008K), 0.0577734 secs] 8274156K->8230155K(25159296K), 0.0581616 secs] [Times: user=0.69 sys=0.01, real=0.06 secs] 
2014-04-09T14:25:03.942+0900: 152.762: [GC (Allocation Failure) 152.762: [ParNew: 59008K->6528K(59008K), 0.0500406 secs] 8280762K->8236885K(25159296K), 0.0504061 secs] [Times: user=0.59 sys=0.01, real=0.05 secs] 
2014-04-09T14:25:04.032+0900: 152.852: [GC (Allocation Failure) 152.852: [ParNew: 59008K->6528K(59008K), 0.0464349 secs] 8287010K->8242954K(25159296K), 0.0467996 secs] [Times: user=0.55 sys=0.01, real=0.04 secs] 
2014-04-09T14:25:04.124+0900: 152.943: [GC (Allocation Failure) 152.944: [ParNew: 59008K->6528K(59008K), 0.0538565 secs] 8292873K->8249049K(25159296K), 0.0542070 secs] [Times: user=0.64 sys=0.02, real=0.05 secs] 
2014-04-09T14:25:04.217+0900: 153.037: [GC (Allocation Failure) 153.037: [ParNew: 59008K->6528K(59008K), 0.0438733 secs] 8298311K->8254594K(25159296K), 0.0442310 secs] [Times: user=0.49 sys=0.01, real=0.05 secs] 
2014-04-09T14:25:04.301+0900: 153.121: [GC (Allocation Failure) 153.121: [ParNew: 59008K->6528K(59008K), 0.0530393 secs] 8304353K->8261097K(25159296K), 0.0534018 secs] [Times: user=0.63 sys=0.01, real=0.05 secs] 
2014-04-09T14:25:04.394+0900: 153.214: [GC (Allocation Failure) 153.214: [ParNew: 59008K->6528K(59008K), 0.0445765 secs] 8310160K->8266152K(25159296K), 0.0449461 secs] [Times: user=0.49 sys=0.02, real=0.04 secs] 
2014-04-09T14:25:04.479+0900: 153.299: [GC (Allocation Failure) 153.299: [ParNew: 59008K->6528K(59008K), 0.0484626 secs] 8315179K->8271408K(25159296K), 0.0488180 secs] [Times: user=0.54 sys=0.02, real=0.05 secs] 
2014-04-09T14:25:04.573+0900: 153.392: [GC (Allocation Failure) 153.392: [ParNew: 59008K->6528K(59008K), 0.0441135 secs] 8319731K->8275778K(25159296K), 0.0444673 secs] [Times: user=0.51 sys=0.01, real=0.04 secs] 
2014-04-09T14:25:04.655+0900: 153.475: [GC (Allocation Failure) 153.475: [ParNew: 59008K->6528K(59008K), 0.0490496 secs] 8325768K->8282606K(25159296K), 0.0494151 secs] [Times: user=0.58 sys=0.00, real=0.05 secs] 
2014-04-09T14:25:04.745+0900: 153.565: [GC (Allocation Failure) 153.565: [ParNew: 59008K->6528K(59008K), 0.0447554 secs] 8334071K->8290362K(25159296K), 0.0451152 secs] [Times: user=0.52 sys=0.02, real=0.05 secs] 
2014-04-09T14:25:04.831+0900: 153.650: [GC (Allocation Failure) 153.651: [ParNew: 59008K->6528K(59008K), 0.0475803 secs] 8340769K->8297164K(25159296K), 0.0479399 secs] [Times: user=0.57 sys=0.01, real=0.04 secs] 
2014-04-09T14:25:04.919+0900: 153.739: [GC (Allocation Failure) 153.739: [ParNew: 59008K->6528K(59008K), 0.0436633 secs] 8347649K->8303745K(25159296K), 0.0440219 secs] [Times: user=0.51 sys=0.01, real=0.05 secs] 
2014-04-09T14:25:05.002+0900: 153.821: [GC (Allocation Failure) 153.821: [ParNew: 59008K->6528K(59008K), 0.0561395 secs] 8353666K->8309410K(25159296K), 0.0564968 secs] [Times: user=0.68 sys=0.01, real=0.05 secs] 
2014-04-09T14:25:05.103+0900: 153.923: [GC (Allocation Failure) 153.923: [ParNew: 59008K->6528K(59008K), 0.0573280 secs] 8359204K->8315439K(25159296K), 0.0576822 secs] [Times: user=0.68 sys=0.02, real=0.06 secs] 
2014-04-09T14:25:05.201+0900: 154.020: [GC (Allocation Failure) 154.020: [ParNew: 59008K->6528K(59008K), 0.0543049 secs] 8364990K->8322267K(25159296K), 0.0546603 secs] [Times: user=0.64 sys=0.01, real=0.05 secs] 
2014-04-09T14:25:05.296+0900: 154.116: [GC (Allocation Failure) 154.116: [ParNew: 59008K->6528K(59008K), 0.0539935 secs] 8372506K->8328109K(25159296K), 0.0543522 secs] [Times: user=0.64 sys=0.01, real=0.06 secs] 
2014-04-09T14:25:05.390+0900: 154.210: [GC (Allocation Failure) 154.210: [ParNew: 59008K->6528K(59008K), 0.0555518 secs] 8378897K->8335379K(25159296K), 0.0559105 secs] [Times: user=0.64 sys=0.01, real=0.05 secs] 
2014-04-09T14:25:05.487+0900: 154.306: [GC (Allocation Failure) 154.307: [ParNew: 59008K->6528K(59008K), 0.0426149 secs] 8385232K->8340205K(25159296K), 0.0429720 secs] [Times: user=0.50 sys=0.01, real=0.05 secs] 
2014-04-09T14:25:05.568+0900: 154.388: [GC (Allocation Failure) 154.388: [ParNew: 59008K->6528K(59008K), 0.0434978 secs] 8390751K->8346927K(25159296K), 0.0438750 secs] [Times: user=0.47 sys=0.01, real=0.05 secs] 
2014-04-09T14:25:05.652+0900: 154.472: [GC (Allocation Failure) 154.472: [ParNew: 59008K->6528K(59008K), 0.0447614 secs] 8395846K->8352637K(25159296K), 0.0451279 secs] [Times: user=0.51 sys=0.01, real=0.04 secs] 
2014-04-09T14:25:05.741+0900: 154.561: [GC (Allocation Failure) 154.561: [ParNew: 59008K->6528K(59008K), 0.0514663 secs] 8394892K->8352030K(25159296K), 0.0518299 secs] [Times: user=0.61 sys=0.01, real=0.05 secs] 
2014-04-09T14:25:05.834+0900: 154.653: [GC (Allocation Failure) 154.654: [ParNew: 59008K->6528K(59008K), 0.0434717 secs] 8392442K->8348181K(25159296K), 0.0438340 secs] [Times: user=0.50 sys=0.01, real=0.04 secs] 
2014-04-09T14:25:05.917+0900: 154.736: [GC (Allocation Failure) 154.737: [ParNew: 59008K->6528K(59008K), 0.0464485 secs] 8387933K->8344283K(25159296K), 0.0468117 secs] [Times: user=0.52 sys=0.01, real=0.05 secs] 
2014-04-09T14:25:06.008+0900: 154.828: [GC (Allocation Failure) 154.828: [ParNew: 59008K->6528K(59008K), 0.0437103 secs] 8381077K->8336299K(25159296K), 0.0440738 secs] [Times: user=0.51 sys=0.01, real=0.05 secs] 
2014-04-09T14:25:06.098+0900: 154.918: [GC (Allocation Failure) 154.918: [ParNew: 59008K->6528K(59008K), 0.0458590 secs] 8375110K->8331852K(25159296K), 0.0462213 secs] [Times: user=0.52 sys=0.02, real=0.05 secs] 
2014-04-09T14:25:06.188+0900: 155.008: [GC (Allocation Failure) 155.008: [ParNew: 59008K->6528K(59008K), 0.0510934 secs] 8371736K->8328230K(25159296K), 0.0514469 secs] [Times: user=0.59 sys=0.02, real=0.06 secs] 
2014-04-09T14:25:06.278+0900: 155.098: [GC (Allocation Failure) 155.098: [ParNew: 59008K->6528K(59008K), 0.0531881 secs] 8369567K->8327013K(25159296K), 0.0535523 secs] [Times: user=0.63 sys=0.01, real=0.06 secs] 
2014-04-09T14:25:06.372+0900: 155.192: [GC (Allocation Failure) 155.192: [ParNew: 59008K->6528K(59008K), 0.0439570 secs] 8366277K->8322297K(25159296K), 0.0443150 secs] [Times: user=0.52 sys=0.00, real=0.04 secs] 
2014-04-09T14:25:06.455+0900: 155.275: [GC (Allocation Failure) 155.275: [ParNew: 59008K->6528K(59008K), 0.0461523 secs] 8362362K->8318415K(25159296K), 0.0465081 secs] [Times: user=0.53 sys=0.01, real=0.05 secs] 
2014-04-09T14:25:06.542+0900: 155.362: [GC (Allocation Failure) 155.362: [ParNew: 59008K->6528K(59008K), 0.0440454 secs] 8356470K->8312349K(25159296K), 0.0444039 secs] [Times: user=0.50 sys=0.01, real=0.04 secs] 
2014-04-09T14:25:06.627+0900: 155.447: [GC (Allocation Failure) 155.447: [ParNew: 59008K->6528K(59008K), 0.0572149 secs] 8352444K->8309331K(25159296K), 0.0575723 secs] [Times: user=0.68 sys=0.01, real=0.06 secs] 
2014-04-09T14:25:06.726+0900: 155.546: [GC (Allocation Failure) 155.546: [ParNew: 59008K->6528K(59008K), 0.0475190 secs] 8347551K->8303853K(25159296K), 0.0478735 secs] [Times: user=0.55 sys=0.01, real=0.05 secs] 
2014-04-09T14:25:06.814+0900: 155.633: [GC (Allocation Failure) 155.634: [ParNew: 59008K->6528K(59008K), 0.0443965 secs] 8343639K->8300359K(25159296K), 0.0447609 secs] [Times: user=0.51 sys=0.01, real=0.04 secs] 
2014-04-09T14:25:06.904+0900: 155.724: [GC (Allocation Failure) 155.724: [ParNew: 59008K->6528K(59008K), 0.0446997 secs] 8338039K->8294064K(25159296K), 0.0450517 secs] [Times: user=0.53 sys=0.01, real=0.04 secs] 
2014-04-09T14:25:06.990+0900: 155.810: [GC (Allocation Failure) 155.810: [ParNew: 59008K->6528K(59008K), 0.0452848 secs] 8334833K->8290989K(25159296K), 0.0456490 secs] [Times: user=0.53 sys=0.01, real=0.04 secs] 
2014-04-09T14:25:07.075+0900: 155.895: [GC (Allocation Failure) 155.895: [ParNew: 59008K->6528K(59008K), 0.0461580 secs] 8332407K->8288183K(25159296K), 0.0465156 secs] [Times: user=0.54 sys=0.01, real=0.05 secs] 
2014-04-09T14:25:07.164+0900: 155.984: [GC (Allocation Failure) 155.984: [ParNew: 59008K->6528K(59008K), 0.0564469 secs] 8334467K->8290419K(25159296K), 0.0568025 secs] [Times: user=0.67 sys=0.02, real=0.06 secs] 
2014-04-09T14:25:07.264+0900: 156.084: [GC (Allocation Failure) 156.084: [ParNew: 59008K->6528K(59008K), 0.0504281 secs] 8336120K->8292601K(25159296K), 0.0507989 secs] [Times: user=0.59 sys=0.01, real=0.05 secs] 
2014-04-09T14:25:07.358+0900: 156.178: [GC (Allocation Failure) 156.178: [ParNew: 59008K->6528K(59008K), 0.0479871 secs] 8338724K->8294742K(25159296K), 0.0483500 secs] [Times: user=0.54 sys=0.01, real=0.05 secs] 
2014-04-09T14:25:07.446+0900: 156.266: [GC (Allocation Failure) 156.266: [ParNew: 59008K->6528K(59008K), 0.0438868 secs] 8341236K->8296919K(25159296K), 0.0442501 secs] [Times: user=0.50 sys=0.01, real=0.05 secs] 
2014-04-09T14:25:07.529+0900: 156.349: [GC (Allocation Failure) 156.349: [ParNew: 59008K->6528K(59008K), 0.0445916 secs] 8343983K->8300222K(25159296K), 0.0449489 secs] [Times: user=0.49 sys=0.02, real=0.05 secs] 
2014-04-09T14:25:07.612+0900: 156.432: [GC (Allocation Failure) 156.432: [ParNew: 59008K->6528K(59008K), 0.0476006 secs] 8347738K->8303748K(25159296K), 0.0479533 secs] [Times: user=0.55 sys=0.01, real=0.05 secs] 
2014-04-09T14:25:07.701+0900: 156.521: [GC (Allocation Failure) 156.521: [ParNew: 59008K->6528K(59008K), 0.0458785 secs] 8351658K->8307722K(25159296K), 0.0462343 secs] [Times: user=0.50 sys=0.02, real=0.04 secs] 
2014-04-09T14:25:07.786+0900: 156.606: [GC (Allocation Failure) 156.606: [ParNew: 59008K->6528K(59008K), 0.0545926 secs] 8356020K->8313249K(25159296K), 0.0549503 secs] [Times: user=0.63 sys=0.02, real=0.06 secs] 
2014-04-09T14:25:07.882+0900: 156.702: [GC (Allocation Failure) 156.702: [ParNew: 59008K->6528K(59008K), 0.0480191 secs] 8361543K->8317527K(25159296K), 0.0483795 secs] [Times: user=0.53 sys=0.01, real=0.05 secs] 
2014-04-09T14:25:07.970+0900: 156.789: [GC (Allocation Failure) 156.790: [ParNew: 59008K->6528K(59008K), 0.0589389 secs] 8366026K->8322263K(25159296K), 0.0592950 secs] [Times: user=0.69 sys=0.02, real=0.05 secs] 
2014-04-09T14:25:08.068+0900: 156.888: [GC (Allocation Failure) 156.888: [ParNew: 59008K->6528K(59008K), 0.0494209 secs] 8371368K->8328359K(25159296K), 0.0497770 secs] [Times: user=0.57 sys=0.01, real=0.05 secs] 
2014-04-09T14:25:08.159+0900: 156.979: [GC (Allocation Failure) 156.979: [ParNew: 59008K->6528K(59008K), 0.0506341 secs] 8377165K->8332050K(25159296K), 0.0509987 secs] [Times: user=0.61 sys=0.01, real=0.06 secs] 
2014-04-09T14:25:08.252+0900: 157.072: [GC (Allocation Failure) 157.072: [ParNew: 59008K->6528K(59008K), 0.0533343 secs] 8382328K->8339548K(25159296K), 0.0536952 secs] [Times: user=0.63 sys=0.01, real=0.05 secs] 
2014-04-09T14:25:08.346+0900: 157.165: [GC (Allocation Failure) 157.166: [ParNew: 59008K->6528K(59008K), 0.0545189 secs] 8390984K->8346788K(25159296K), 0.0548830 secs] [Times: user=0.65 sys=0.01, real=0.06 secs] 
2014-04-09T14:25:08.441+0900: 157.261: [GC (Allocation Failure) 157.261: [ParNew: 59008K->6528K(59008K), 0.0435151 secs] 8397931K->8354165K(25159296K), 0.0438712 secs] [Times: user=0.50 sys=0.01, real=0.04 secs] 
2014-04-09T14:25:08.525+0900: 157.345: [GC (Allocation Failure) 157.345: [ParNew: 59008K->6528K(59008K), 0.0438199 secs] 8405264K->8361619K(25159296K), 0.0441913 secs] [Times: user=0.50 sys=0.01, real=0.05 secs] 
2014-04-09T14:25:08.609+0900: 157.429: [GC (Allocation Failure) 157.429: [ParNew: 59008K->6528K(59008K), 0.0474625 secs] 8412629K->8369017K(25159296K), 0.0478159 secs] [Times: user=0.56 sys=0.01, real=0.05 secs] 
2014-04-09T14:25:08.698+0900: 157.517: [GC (Allocation Failure) 157.518: [ParNew: 59008K->6528K(59008K), 0.0542014 secs] 8419848K->8375737K(25159296K), 0.0545758 secs] [Times: user=0.63 sys=0.01, real=0.06 secs] 
2014-04-09T14:25:08.794+0900: 157.614: [GC (Allocation Failure) 157.614: [ParNew: 59008K->6528K(59008K), 0.0557821 secs] 8426932K->8382693K(25159296K), 0.0561396 secs] [Times: user=0.67 sys=0.01, real=0.05 secs] 
2014-04-09T14:25:08.892+0900: 157.712: [GC (Allocation Failure) 157.712: [ParNew: 59008K->6528K(59008K), 0.0587437 secs] 8435117K->8391227K(25159296K), 0.0591037 secs] [Times: user=0.68 sys=0.01, real=0.06 secs] 
2014-04-09T14:25:08.992+0900: 157.812: [GC (Allocation Failure) 157.812: [ParNew: 59008K->6528K(59008K), 0.0592689 secs] 8443586K->8400366K(25159296K), 0.0596283 secs] [Times: user=0.69 sys=0.02, real=0.06 secs] 
2014-04-09T14:25:09.094+0900: 157.914: [GC (Allocation Failure) 157.914: [ParNew: 59008K->6528K(59008K), 0.0570731 secs] 8452799K->8409488K(25159296K), 0.0574317 secs] [Times: user=0.68 sys=0.01, real=0.06 secs] 
2014-04-09T14:25:09.191+0900: 158.010: [GC (Allocation Failure) 158.011: [ParNew: 59008K->6527K(59008K), 0.0574512 secs] 8461916K->8418103K(25159296K), 0.0578079 secs] [Times: user=0.68 sys=0.01, real=0.05 secs] 
2014-04-09T14:25:09.294+0900: 158.114: [GC (Allocation Failure) 158.114: [ParNew: 59007K->6528K(59008K), 0.0535861 secs] 8470529K->8426700K(25159296K), 0.0539376 secs] [Times: user=0.63 sys=0.02, real=0.05 secs] 
2014-04-09T14:25:09.386+0900: 158.206: [GC (Allocation Failure) 158.206: [ParNew: 59008K->6528K(59008K), 0.0586642 secs] 8478888K->8435043K(25159296K), 0.0590565 secs] [Times: user=0.70 sys=0.01, real=0.06 secs] 
2014-04-09T14:25:09.490+0900: 158.310: [GC (Allocation Failure) 158.310: [ParNew: 59008K->6528K(59008K), 0.0438971 secs] 8486692K->8442702K(25159296K), 0.0442608 secs] [Times: user=0.51 sys=0.01, real=0.05 secs] 
2014-04-09T14:25:09.573+0900: 158.393: [GC (Allocation Failure) 158.393: [ParNew: 59008K->6528K(59008K), 0.0420302 secs] 8451014K->8407994K(25159296K), 0.0423888 secs] [Times: user=0.51 sys=0.01, real=0.04 secs] 
2014-04-09T14:25:09.655+0900: 158.475: [GC (Allocation Failure) 158.475: [ParNew: 59008K->6528K(59008K), 0.0451349 secs] 8355537K->8312485K(25159296K), 0.0454971 secs] [Times: user=0.55 sys=0.00, real=0.05 secs] 
2014-04-09T14:25:09.744+0900: 158.564: [GC (Allocation Failure) 158.564: [ParNew: 59008K->6528K(59008K), 0.0415925 secs] 8315693K->8271178K(25159296K), 0.0419547 secs] [Times: user=0.51 sys=0.00, real=0.04 secs] 
2014-04-09T14:25:09.811+0900: 158.631: [CMS-concurrent-sweep: 2.938/6.725 secs] [Times: user=71.93 sys=9.41, real=6.73 secs] 
2014-04-09T14:25:09.811+0900: 158.631: [CMS-concurrent-reset-start]
2014-04-09T14:25:09.826+0900: 158.646: [GC (Allocation Failure) 158.646: [ParNew: 59008K->6528K(59008K), 0.0509691 secs] 8323658K->8279791K(25159296K), 0.0513266 secs] [Times: user=0.62 sys=0.00, real=0.05 secs] 
2014-04-09T14:25:09.921+0900: 158.741: [GC (Allocation Failure) 158.741: [ParNew: 59008K->6528K(59008K), 0.0533329 secs] 8332271K->8288277K(25159296K), 0.0536900 secs] [Times: user=0.65 sys=0.00, real=0.05 secs] 
2014-04-09T14:25:10.018+0900: 158.838: [GC (Allocation Failure) 158.838: [ParNew: 59008K->6528K(59008K), 0.0522288 secs] 8340757K->8296920K(25159296K), 0.0525890 secs] [Times: user=0.64 sys=0.01, real=0.06 secs] 
2014-04-09T14:25:10.074+0900: 158.894: [CMS-concurrent-reset: 0.100/0.263 secs] [Times: user=2.92 sys=0.32, real=0.26 secs] 
2014-04-09T14:25:10.110+0900: 158.930: [GC (Allocation Failure) 158.930: [ParNew: 59008K->6528K(59008K), 0.0457075 secs] 8349400K->8305867K(25159296K), 0.0460662 secs] [Times: user=0.54 sys=0.01, real=0.05 secs] 
2014-04-09T14:25:10.159+0900: 158.978: [GC (CMS Initial Mark) [1 CMS-initial-mark: 8299339K(25100288K)] 8307016K(25159296K), 0.0019955 secs] [Times: user=0.01 sys=0.00, real=0.01 secs] 
2014-04-09T14:25:10.161+0900: 158.980: [CMS-concurrent-mark-start]
2014-04-09T14:25:10.211+0900: 159.030: [GC (Allocation Failure) 159.031: [ParNew: 59008K->6528K(59008K), 0.0437955 secs] 8358347K->8313387K(25159296K), 0.0441493 secs] [Times: user=0.52 sys=0.01, real=0.04 secs] 
2014-04-09T14:25:10.305+0900: 159.125: [GC (Allocation Failure) 159.125: [ParNew: 59008K->6528K(59008K), 0.0429965 secs] 8365867K->8322298K(25159296K), 0.0433514 secs] [Times: user=0.51 sys=0.01, real=0.04 secs] 
2014-04-09T14:25:10.390+0900: 159.210: [GC (Allocation Failure) 159.210: [ParNew: 59008K->6528K(59008K), 0.0530327 secs] 8374778K->8330586K(25159296K), 0.0534066 secs] [Times: user=0.64 sys=0.01, real=0.06 secs] 
2014-04-09T14:25:10.487+0900: 159.306: [GC (Allocation Failure) 159.306: [ParNew: 59008K->6528K(59008K), 0.0550746 secs] 8383066K->8338965K(25159296K), 0.0554286 secs] [Times: user=0.66 sys=0.01, real=0.06 secs] 
2014-04-09T14:25:10.589+0900: 159.408: [GC (Allocation Failure) 159.409: [ParNew: 59008K->6528K(59008K), 0.0568200 secs] 8391445K->8347429K(25159296K), 0.0571909 secs] [Times: user=0.68 sys=0.01, real=0.06 secs] 
2014-04-09T14:25:10.690+0900: 159.510: [GC (Allocation Failure) 159.510: [ParNew: 59008K->6528K(59008K), 0.0565143 secs] 8399909K->8356523K(25159296K), 0.0568719 secs] [Times: user=0.68 sys=0.00, real=0.06 secs] 
2014-04-09T14:25:10.793+0900: 159.612: [GC (Allocation Failure) 159.613: [ParNew: 59008K->6528K(59008K), 0.0461184 secs] 8409003K->8364664K(25159296K), 0.0464733 secs] [Times: user=0.56 sys=0.00, real=0.04 secs] 
2014-04-09T14:25:10.886+0900: 159.705: [GC (Allocation Failure) 159.705: [ParNew: 59008K->6528K(59008K), 0.0561067 secs] 8417144K->8373443K(25159296K), 0.0564649 secs] [Times: user=0.68 sys=0.00, real=0.06 secs] 
2014-04-09T14:25:10.990+0900: 159.810: [GC (Allocation Failure) 159.810: [ParNew: 59008K->6528K(59008K), 0.0563080 secs] 8425923K->8382134K(25159296K), 0.0566709 secs] [Times: user=0.68 sys=0.01, real=0.06 secs] 
2014-04-09T14:25:11.100+0900: 159.920: [GC (Allocation Failure) 159.920: [ParNew: 59008K->6528K(59008K), 0.0520535 secs] 8434614K->8390793K(25159296K), 0.0524157 secs] [Times: user=0.63 sys=0.00, real=0.06 secs] 
2014-04-09T14:25:11.205+0900: 160.025: [GC (Allocation Failure) 160.025: [ParNew: 59008K->6528K(59008K), 0.0557111 secs] 8443273K->8399241K(25159296K), 0.0560823 secs] [Times: user=0.68 sys=0.01, real=0.06 secs] 
2014-04-09T14:25:11.316+0900: 160.136: [GC (Allocation Failure) 160.136: [ParNew: 59008K->6528K(59008K), 0.0425793 secs] 8451721K->8406785K(25159296K), 0.0429314 secs] [Times: user=0.50 sys=0.00, real=0.04 secs] 
2014-04-09T14:25:11.407+0900: 160.226: [GC (Allocation Failure) 160.226: [ParNew: 59008K->6528K(59008K), 0.0446952 secs] 8459265K->8415713K(25159296K), 0.0450538 secs] [Times: user=0.54 sys=0.00, real=0.05 secs] 
2014-04-09T14:25:11.500+0900: 160.320: [GC (Allocation Failure) 160.320: [ParNew: 59008K->6528K(59008K), 0.0515858 secs] 8468193K->8424783K(25159296K), 0.0519415 secs] [Times: user=0.61 sys=0.01, real=0.06 secs] 
2014-04-09T14:25:11.598+0900: 160.418: [GC (Allocation Failure) 160.418: [ParNew: 59008K->6528K(59008K), 0.0526915 secs] 8477263K->8433764K(25159296K), 0.0530490 secs] [Times: user=0.63 sys=0.01, real=0.06 secs] 
2014-04-09T14:25:11.697+0900: 160.517: [GC (Allocation Failure) 160.517: [ParNew: 59008K->6528K(59008K), 0.0542869 secs] 8486244K->8442448K(25159296K), 0.0546421 secs] [Times: user=0.64 sys=0.01, real=0.06 secs] 
2014-04-09T14:25:11.801+0900: 160.621: [GC (Allocation Failure) 160.621: [ParNew: 59008K->6528K(59008K), 0.0508305 secs] 8494928K->8449842K(25159296K), 0.0511876 secs] [Times: user=0.62 sys=0.00, real=0.05 secs] 
2014-04-09T14:25:11.898+0900: 160.718: [GC (Allocation Failure) 160.718: [ParNew: 59008K->6528K(59008K), 0.0444664 secs] 8502322K->8457920K(25159296K), 0.0448302 secs] [Times: user=0.52 sys=0.01, real=0.05 secs] 
2014-04-09T14:25:11.991+0900: 160.810: [GC (Allocation Failure) 160.810: [ParNew: 59008K->6528K(59008K), 0.0466095 secs] 8510400K->8467010K(25159296K), 0.0469704 secs] [Times: user=0.55 sys=0.01, real=0.04 secs] 
2014-04-09T14:25:12.081+0900: 160.900: [GC (Allocation Failure) 160.901: [ParNew: 59008K->6528K(59008K), 0.0448486 secs] 8519490K->8475744K(25159296K), 0.0452080 secs] [Times: user=0.55 sys=0.00, real=0.04 secs] 
2014-04-09T14:25:12.170+0900: 160.990: [GC (Allocation Failure) 160.990: [ParNew: 59008K->6528K(59008K), 0.0475060 secs] 8528224K->8485061K(25159296K), 0.0478621 secs] [Times: user=0.56 sys=0.01, real=0.05 secs] 
2014-04-09T14:25:12.261+0900: 161.081: [GC (Allocation Failure) 161.081: [ParNew: 59008K->6528K(59008K), 0.0519055 secs] 8537541K->8493733K(25159296K), 0.0522631 secs] [Times: user=0.62 sys=0.01, real=0.05 secs] 
2014-04-09T14:25:12.365+0900: 161.185: [GC (Allocation Failure) 161.185: [ParNew: 59008K->6528K(59008K), 0.0460560 secs] 8546213K->8501694K(25159296K), 0.0464233 secs] [Times: user=0.54 sys=0.00, real=0.05 secs] 
2014-04-09T14:25:12.460+0900: 161.280: [GC (Allocation Failure) 161.280: [ParNew: 59008K->6528K(59008K), 0.0469459 secs] 8554174K->8510332K(25159296K), 0.0473273 secs] [Times: user=0.55 sys=0.00, real=0.04 secs] 
2014-04-09T14:25:12.557+0900: 161.377: [GC (Allocation Failure) 161.377: [ParNew: 59008K->6528K(59008K), 0.0431643 secs] 8562812K->8518351K(25159296K), 0.0435297 secs] [Times: user=0.48 sys=0.02, real=0.05 secs] 
2014-04-09T14:25:12.650+0900: 161.469: [GC (Allocation Failure) 161.470: [ParNew: 59008K->6528K(59008K), 0.0567106 secs] 8570831K->8527510K(25159296K), 0.0570678 secs] [Times: user=0.67 sys=0.01, real=0.06 secs] 
2014-04-09T14:25:12.755+0900: 161.575: [GC (Allocation Failure) 161.575: [ParNew: 59008K->6528K(59008K), 0.0556089 secs] 8579990K->8537035K(25159296K), 0.0559758 secs] [Times: user=0.63 sys=0.02, real=0.06 secs] 
2014-04-09T14:25:12.864+0900: 161.683: [GC (Allocation Failure) 161.684: [ParNew: 59008K->6528K(59008K), 0.0543091 secs] 8589515K->8544043K(25159296K), 0.0546718 secs] [Times: user=0.64 sys=0.01, real=0.05 secs] 
2014-04-09T14:25:12.971+0900: 161.791: [GC (Allocation Failure) 161.791: [ParNew: 59008K->6528K(59008K), 0.0588071 secs] 8596523K->8553145K(25159296K), 0.0591704 secs] [Times: user=0.68 sys=0.01, real=0.06 secs] 
2014-04-09T14:25:13.077+0900: 161.897: [GC (Allocation Failure) 161.897: [ParNew: 59008K->6528K(59008K), 0.0450257 secs] 8605625K->8561741K(25159296K), 0.0453847 secs] [Times: user=0.52 sys=0.01, real=0.05 secs] 
2014-04-09T14:25:13.170+0900: 161.990: [GC (Allocation Failure) 161.990: [ParNew: 59008K->6528K(59008K), 0.0475173 secs] 8614221K->8570724K(25159296K), 0.0478785 secs] [Times: user=0.55 sys=0.01, real=0.05 secs] 
2014-04-09T14:25:13.271+0900: 162.090: [GC (Allocation Failure) 162.090: [ParNew: 59008K->6528K(59008K), 0.0491754 secs] 8623204K->8579619K(25159296K), 0.0495336 secs] [Times: user=0.57 sys=0.01, real=0.04 secs] 
2014-04-09T14:25:13.372+0900: 162.192: [GC (Allocation Failure) 162.192: [ParNew: 59008K->6528K(59008K), 0.0569446 secs] 8632099K->8587187K(25159296K), 0.0573055 secs] [Times: user=0.68 sys=0.02, real=0.05 secs] 
2014-04-09T14:25:13.476+0900: 162.296: [GC (Allocation Failure) 162.296: [ParNew: 59008K->6528K(59008K), 0.0527764 secs] 8639667K->8595757K(25159296K), 0.0531377 secs] [Times: user=0.61 sys=0.02, real=0.05 secs] 
2014-04-09T14:25:13.571+0900: 162.390: [CMS-concurrent-mark: 1.626/3.410 secs] [Times: user=38.56 sys=4.38, real=3.41 secs] 
2014-04-09T14:25:13.571+0900: 162.391: [CMS-concurrent-preclean-start]
2014-04-09T14:25:13.575+0900: 162.395: [GC (Allocation Failure) 162.395: [ParNew: 59008K->6528K(59008K), 0.0557394 secs] 8648237K->8604924K(25159296K), 0.0560933 secs] [Times: user=0.65 sys=0.01, real=0.06 secs] 
2014-04-09T14:25:13.670+0900: 162.490: [GC (Allocation Failure) 162.490: [ParNew: 59008K->6528K(59008K), 0.0560976 secs] 8657404K->8613602K(25159296K), 0.0564553 secs] [Times: user=0.66 sys=0.01, real=0.06 secs] 
2014-04-09T14:25:13.765+0900: 162.585: [GC (Allocation Failure) 162.585: [ParNew: 59008K->6528K(59008K), 0.0485132 secs] 8666082K->8622016K(25159296K), 0.0488807 secs] [Times: user=0.53 sys=0.03, real=0.05 secs] 
2014-04-09T14:25:13.852+0900: 162.672: [GC (Allocation Failure) 162.672: [ParNew: 59008K->6528K(59008K), 0.0538604 secs] 8674496K->8630469K(25159296K), 0.0542289 secs] [Times: user=0.62 sys=0.01, real=0.05 secs] 
2014-04-09T14:25:13.945+0900: 162.765: [GC (Allocation Failure) 162.765: [ParNew: 59008K->6528K(59008K), 0.0460483 secs] 8682949K->8639058K(25159296K), 0.0464072 secs] [Times: user=0.52 sys=0.02, real=0.05 secs] 
2014-04-09T14:25:14.031+0900: 162.850: [GC (Allocation Failure) 162.851: [ParNew: 59008K->6528K(59008K), 0.0459628 secs] 8691538K->8647735K(25159296K), 0.0463208 secs] [Times: user=0.53 sys=0.01, real=0.04 secs] 
2014-04-09T14:25:14.114+0900: 162.934: [GC (Allocation Failure) 162.934: [ParNew: 59008K->6528K(59008K), 0.0458516 secs] 8700215K->8656735K(25159296K), 0.0462088 secs] [Times: user=0.52 sys=0.01, real=0.04 secs] 
2014-04-09T14:25:14.198+0900: 163.018: [GC (Allocation Failure) 163.018: [ParNew: 59008K->6528K(59008K), 0.0517771 secs] 8709215K->8665480K(25159296K), 0.0521321 secs] [Times: user=0.61 sys=0.01, real=0.06 secs] 
2014-04-09T14:25:14.294+0900: 163.113: [GC (Allocation Failure) 163.114: [ParNew: 59008K->6528K(59008K), 0.0430844 secs] 8717960K->8673687K(25159296K), 0.0434376 secs] [Times: user=0.48 sys=0.01, real=0.04 secs] 
2014-04-09T14:25:14.378+0900: 163.197: [GC (Allocation Failure) 163.197: [ParNew: 59008K->6528K(59008K), 0.0548163 secs] 8726167K->8681979K(25159296K), 0.0551724 secs] [Times: user=0.64 sys=0.02, real=0.06 secs] 
2014-04-09T14:25:14.471+0900: 163.291: [GC (Allocation Failure) 163.291: [ParNew: 59008K->6528K(59008K), 0.0551855 secs] 8734459K->8690735K(25159296K), 0.0555457 secs] [Times: user=0.65 sys=0.01, real=0.05 secs] 
2014-04-09T14:25:14.565+0900: 163.385: [GC (Allocation Failure) 163.385: [ParNew: 59008K->6528K(59008K), 0.0593711 secs] 8743215K->8699742K(25159296K), 0.0597282 secs] [Times: user=0.70 sys=0.00, real=0.06 secs] 
2014-04-09T14:25:14.665+0900: 163.485: [GC (Allocation Failure) 163.485: [ParNew: 59008K->6528K(59008K), 0.0589264 secs] 8752222K->8708510K(25159296K), 0.0592840 secs] [Times: user=0.69 sys=0.01, real=0.06 secs] 
2014-04-09T14:25:14.763+0900: 163.583: [GC (Allocation Failure) 163.583: [ParNew: 59008K->6528K(59008K), 0.0553279 secs] 8760990K->8717720K(25159296K), 0.0556899 secs] [Times: user=0.64 sys=0.01, real=0.05 secs] 
2014-04-09T14:25:14.857+0900: 163.677: [GC (Allocation Failure) 163.677: [ParNew: 59008K->6528K(59008K), 0.0437721 secs] 8770200K->8724664K(25159296K), 0.0441307 secs] [Times: user=0.50 sys=0.01, real=0.05 secs] 
2014-04-09T14:25:14.941+0900: 163.761: [GC (Allocation Failure) 163.761: [ParNew: 59008K->6528K(59008K), 0.0445423 secs] 8777144K->8733380K(25159296K), 0.0448997 secs] [Times: user=0.48 sys=0.02, real=0.04 secs] 
2014-04-09T14:25:15.026+0900: 163.845: [GC (Allocation Failure) 163.846: [ParNew: 59008K->6528K(59008K), 0.0538826 secs] 8785860K->8743205K(25159296K), 0.0542393 secs] [Times: user=0.59 sys=0.01, real=0.05 secs] 
2014-04-09T14:25:15.124+0900: 163.944: [GC (Allocation Failure) 163.944: [ParNew: 59008K->6528K(59008K), 0.0565781 secs] 8795685K->8751391K(25159296K), 0.0569296 secs] [Times: user=0.65 sys=0.02, real=0.06 secs] 
2014-04-09T14:25:15.228+0900: 164.048: [GC (Allocation Failure) 164.048: [ParNew: 59008K->6528K(59008K), 0.0460924 secs] 8803871K->8759582K(25159296K), 0.0464458 secs] [Times: user=0.53 sys=0.02, real=0.05 secs] 
2014-04-09T14:25:15.318+0900: 164.138: [GC (Allocation Failure) 164.138: [ParNew: 59008K->6528K(59008K), 0.0463685 secs] 8812062K->8768043K(25159296K), 0.0467247 secs] [Times: user=0.53 sys=0.01, real=0.05 secs] 
2014-04-09T14:25:15.407+0900: 164.227: [GC (Allocation Failure) 164.227: [ParNew: 59008K->6528K(59008K), 0.0457249 secs] 8820523K->8776653K(25159296K), 0.0460769 secs] [Times: user=0.51 sys=0.00, real=0.05 secs] 
2014-04-09T14:25:15.493+0900: 164.313: [GC (Allocation Failure) 164.313: [ParNew: 59008K->6528K(59008K), 0.0487725 secs] 8829133K->8784878K(25159296K), 0.0491357 secs] [Times: user=0.55 sys=0.00, real=0.05 secs] 
2014-04-09T14:25:15.592+0900: 164.412: [GC (Allocation Failure) 164.412: [ParNew: 59008K->6528K(59008K), 0.0451709 secs] 8837358K->8793623K(25159296K), 0.0455209 secs] [Times: user=0.49 sys=0.01, real=0.04 secs] 
2014-04-09T14:25:15.679+0900: 164.498: [GC (Allocation Failure) 164.499: [ParNew: 59008K->6528K(59008K), 0.0491823 secs] 8846103K->8802066K(25159296K), 0.0495394 secs] [Times: user=0.55 sys=0.00, real=0.05 secs] 
2014-04-09T14:25:15.769+0900: 164.589: [GC (Allocation Failure) 164.589: [ParNew: 59008K->6528K(59008K), 0.0467137 secs] 8854546K->8811438K(25159296K), 0.0470764 secs] [Times: user=0.52 sys=0.02, real=0.05 secs] 
2014-04-09T14:25:15.855+0900: 164.674: [GC (Allocation Failure) 164.675: [ParNew: 59008K->6528K(59008K), 0.0551498 secs] 8863918K->8821406K(25159296K), 0.0555074 secs] [Times: user=0.63 sys=0.01, real=0.05 secs] 
2014-04-09T14:25:15.950+0900: 164.770: [GC (Allocation Failure) 164.770: [ParNew: 59008K->6528K(59008K), 0.0584338 secs] 8873886K->8829564K(25159296K), 0.0587914 secs] [Times: user=0.68 sys=0.01, real=0.06 secs] 
2014-04-09T14:25:16.049+0900: 164.868: [GC (Allocation Failure) 164.868: [ParNew: 59008K->6528K(59008K), 0.0537000 secs] 8882044K->8838026K(25159296K), 0.0540726 secs] [Times: user=0.60 sys=0.02, real=0.06 secs] 
2014-04-09T14:25:16.142+0900: 164.961: [GC (Allocation Failure) 164.962: [ParNew: 59008K->6528K(59008K), 0.0559675 secs] 8890506K->8847562K(25159296K), 0.0563237 secs] [Times: user=0.64 sys=0.01, real=0.05 secs] 
2014-04-09T14:25:16.238+0900: 165.058: [GC (Allocation Failure) 165.058: [ParNew: 59008K->6528K(59008K), 0.0532968 secs] 8900042K->8855693K(25159296K), 0.0536544 secs] [Times: user=0.63 sys=0.01, real=0.06 secs] 
2014-04-09T14:25:16.331+0900: 165.151: [GC (Allocation Failure) 165.151: [ParNew: 59008K->6528K(59008K), 0.0554889 secs] 8908173K->8864465K(25159296K), 0.0558461 secs] [Times: user=0.65 sys=0.01, real=0.06 secs] 
2014-04-09T14:25:16.426+0900: 165.246: [GC (Allocation Failure) 165.246: [ParNew: 59008K->6528K(59008K), 0.0487912 secs] 8916945K->8872257K(25159296K), 0.0491642 secs] [Times: user=0.56 sys=0.01, real=0.05 secs] 
2014-04-09T14:25:16.519+0900: 165.339: [GC (Allocation Failure) 165.339: [ParNew: 59008K->6528K(59008K), 0.0553176 secs] 8924737K->8881012K(25159296K), 0.0556806 secs] [Times: user=0.64 sys=0.02, real=0.06 secs] 
2014-04-09T14:25:16.613+0900: 165.433: [GC (Allocation Failure) 165.433: [ParNew: 59008K->6528K(59008K), 0.0489748 secs] 8933492K->8889079K(25159296K), 0.0493453 secs] [Times: user=0.56 sys=0.01, real=0.05 secs] 
2014-04-09T14:25:16.751+0900: 165.571: [CMS-concurrent-preclean: 1.245/3.180 secs] [Times: user=33.31 sys=4.33, real=3.17 secs] 
2014-04-09T14:25:16.753+0900: 165.572: [GC (Allocation Failure) 165.572: [ParNew: 59008K->6528K(59008K), 0.0574949 secs] 8941559K->8898042K(25159296K), 0.0578448 secs] [Times: user=0.66 sys=0.02, real=0.05 secs] 
2014-04-09T14:25:16.812+0900: 165.631: [GC (CMS Final Remark) [YG occupancy: 6567 K (59008 K)]165.632: [Rescan (parallel) , 0.0192803 secs]165.651: [weak refs processing, 0.0036789 secs]165.655: [class unloading, 0.0433031 secs]165.698: [scrub symbol table, 0.0048074 secs]165.703: [scrub string table, 0.0014029 secs][1 CMS-remark: 8891514K(25100288K)] 8898081K(25159296K), 0.0812822 secs] [Times: user=0.30 sys=0.00, real=0.08 secs] 
2014-04-09T14:25:16.893+0900: 165.713: [CMS-concurrent-sweep-start]
2014-04-09T14:25:16.936+0900: 165.756: [GC (Allocation Failure) 165.756: [ParNew: 59008K->6528K(59008K), 0.0531305 secs] 8948215K->8903305K(25159296K), 0.0534965 secs] [Times: user=0.63 sys=0.01, real=0.05 secs] 
2014-04-09T14:25:17.029+0900: 165.849: [GC (Allocation Failure) 165.849: [ParNew: 59008K->6528K(59008K), 0.0406610 secs] 8949933K->8905531K(25159296K), 0.0410156 secs] [Times: user=0.45 sys=0.01, real=0.04 secs] 
2014-04-09T14:25:17.109+0900: 165.928: [GC (Allocation Failure) 165.928: [ParNew: 59008K->6528K(59008K), 0.0429489 secs] 8952361K->8908351K(25159296K), 0.0433070 secs] [Times: user=0.49 sys=0.00, real=0.05 secs] 
2014-04-09T14:25:17.191+0900: 166.011: [GC (Allocation Failure) 166.011: [ParNew: 59008K->6528K(59008K), 0.0565324 secs] 8954214K->8910503K(25159296K), 0.0568916 secs] [Times: user=0.65 sys=0.02, real=0.05 secs] 
2014-04-09T14:25:17.286+0900: 166.106: [GC (Allocation Failure) 166.106: [ParNew: 59008K->6528K(59008K), 0.0432397 secs] 8959443K->8915354K(25159296K), 0.0436048 secs] [Times: user=0.48 sys=0.02, real=0.04 secs] 
2014-04-09T14:25:17.370+0900: 166.190: [GC (Allocation Failure) 166.190: [ParNew: 59008K->6528K(59008K), 0.0430690 secs] 8961966K->8919134K(25159296K), 0.0434263 secs] [Times: user=0.50 sys=0.00, real=0.05 secs] 
2014-04-09T14:25:17.454+0900: 166.273: [GC (Allocation Failure) 166.274: [ParNew: 59008K->6528K(59008K), 0.0440688 secs] 8969195K->8924419K(25159296K), 0.0444280 secs] [Times: user=0.52 sys=0.00, real=0.04 secs] 
2014-04-09T14:25:17.539+0900: 166.359: [GC (Allocation Failure) 166.359: [ParNew: 59008K->6528K(59008K), 0.0432330 secs] 8974325K->8930558K(25159296K), 0.0435925 secs] [Times: user=0.51 sys=0.01, real=0.05 secs] 
2014-04-09T14:25:17.622+0900: 166.442: [GC (Allocation Failure) 166.442: [ParNew: 59008K->6528K(59008K), 0.0549659 secs] 8979797K->8936381K(25159296K), 0.0553225 secs] [Times: user=0.66 sys=0.01, real=0.05 secs] 
2014-04-09T14:25:17.721+0900: 166.541: [GC (Allocation Failure) 166.541: [ParNew: 59008K->6528K(59008K), 0.0563014 secs] 8984859K->8941221K(25159296K), 0.0566550 secs] [Times: user=0.67 sys=0.01, real=0.06 secs] 
2014-04-09T14:25:17.821+0900: 166.641: [GC (Allocation Failure) 166.641: [ParNew: 59007K->6528K(59008K), 0.0505318 secs] 8989589K->8946338K(25159296K), 0.0508913 secs] [Times: user=0.59 sys=0.01, real=0.06 secs] 
2014-04-09T14:25:17.913+0900: 166.733: [GC (Allocation Failure) 166.733: [ParNew: 59008K->6528K(59008K), 0.0513063 secs] 8995524K->8951791K(25159296K), 0.0516628 secs] [Times: user=0.62 sys=0.00, real=0.05 secs] 
2014-04-09T14:25:18.010+0900: 166.829: [GC (Allocation Failure) 166.830: [ParNew: 59008K->6528K(59008K), 0.0421440 secs] 9000894K->8955864K(25159296K), 0.0424965 secs] [Times: user=0.48 sys=0.01, real=0.05 secs] 
2014-04-09T14:25:18.092+0900: 166.911: [GC (Allocation Failure) 166.912: [ParNew: 59008K->6528K(59008K), 0.0550000 secs] 9005267K->8962468K(25159296K), 0.0553552 secs] [Times: user=0.63 sys=0.01, real=0.05 secs] 
2014-04-09T14:25:18.191+0900: 167.010: [GC (Allocation Failure) 167.010: [ParNew: 59008K->6528K(59008K), 0.0532888 secs] 9011455K->8967762K(25159296K), 0.0536426 secs] [Times: user=0.64 sys=0.00, real=0.06 secs] 
2014-04-09T14:25:18.283+0900: 167.103: [GC (Allocation Failure) 167.103: [ParNew: 59008K->6528K(59008K), 0.0475092 secs] 9017459K->8973472K(25159296K), 0.0478692 secs] [Times: user=0.54 sys=0.02, real=0.04 secs] 
2014-04-09T14:25:18.374+0900: 167.194: [GC (Allocation Failure) 167.194: [ParNew: 59008K->6528K(59008K), 0.0571839 secs] 9021459K->8978060K(25159296K), 0.0575460 secs] [Times: user=0.67 sys=0.02, real=0.06 secs] 
2014-04-09T14:25:18.471+0900: 167.291: [GC (Allocation Failure) 167.291: [ParNew: 59008K->6528K(59008K), 0.0502888 secs] 9027754K->8983179K(25159296K), 0.0506446 secs] [Times: user=0.59 sys=0.01, real=0.06 secs] 
2014-04-09T14:25:18.562+0900: 167.382: [GC (Allocation Failure) 167.382: [ParNew: 59008K->6528K(59008K), 0.0538549 secs] 9032813K->8988475K(25159296K), 0.0542195 secs] [Times: user=0.65 sys=0.01, real=0.05 secs] 
2014-04-09T14:25:18.656+0900: 167.476: [GC (Allocation Failure) 167.476: [ParNew: 59008K->6528K(59008K), 0.0460515 secs] 9038970K->8994593K(25159296K), 0.0464143 secs] [Times: user=0.54 sys=0.00, real=0.05 secs] 
2014-04-09T14:25:18.742+0900: 167.562: [GC (Allocation Failure) 167.562: [ParNew: 59008K->6528K(59008K), 0.0459475 secs] 9045381K->9001895K(25159296K), 0.0463055 secs] [Times: user=0.54 sys=0.01, real=0.04 secs] 
2014-04-09T14:25:18.829+0900: 167.648: [GC (Allocation Failure) 167.649: [ParNew: 59008K->6528K(59008K), 0.0517518 secs] 9052865K->9010599K(25159296K), 0.0521086 secs] [Times: user=0.61 sys=0.01, real=0.05 secs] 
2014-04-09T14:25:18.925+0900: 167.744: [GC (Allocation Failure) 167.745: [ParNew: 59008K->6528K(59008K), 0.0433840 secs] 9061577K->9017029K(25159296K), 0.0437409 secs] [Times: user=0.51 sys=0.00, real=0.04 secs] 
2014-04-09T14:25:19.009+0900: 167.829: [GC (Allocation Failure) 167.829: [ParNew: 59008K->6528K(59008K), 0.0472388 secs] 9067919K->9024454K(25159296K), 0.0476086 secs] [Times: user=0.56 sys=0.00, real=0.05 secs] 
2014-04-09T14:25:19.097+0900: 167.917: [GC (Allocation Failure) 167.917: [ParNew: 59008K->6528K(59008K), 0.0543217 secs] 9075571K->9031837K(25159296K), 0.0546781 secs] [Times: user=0.64 sys=0.02, real=0.06 secs] 
2014-04-09T14:25:19.194+0900: 168.014: [GC (Allocation Failure) 168.014: [ParNew: 59008K->6528K(59008K), 0.0477818 secs] 9083158K->9039183K(25159296K), 0.0481470 secs] [Times: user=0.55 sys=0.01, real=0.05 secs] 
2014-04-09T14:25:19.282+0900: 168.102: [GC (Allocation Failure) 168.102: [ParNew: 59008K->6528K(59008K), 0.0430556 secs] 9090656K->9046871K(25159296K), 0.0434212 secs] [Times: user=0.47 sys=0.01, real=0.04 secs] 
2014-04-09T14:25:19.365+0900: 168.184: [GC (Allocation Failure) 168.185: [ParNew: 59008K->6528K(59008K), 0.0487101 secs] 9098045K->9054886K(25159296K), 0.0490890 secs] [Times: user=0.53 sys=0.01, real=0.05 secs] 
2014-04-09T14:25:19.457+0900: 168.277: [GC (Allocation Failure) 168.277: [ParNew: 59008K->6528K(59008K), 0.0491525 secs] 9105361K->9062630K(25159296K), 0.0495149 secs] [Times: user=0.57 sys=0.00, real=0.05 secs] 
2014-04-09T14:25:19.550+0900: 168.370: [GC (Allocation Failure) 168.370: [ParNew: 59008K->6528K(59008K), 0.0487705 secs] 9114358K->9069321K(25159296K), 0.0491224 secs] [Times: user=0.55 sys=0.02, real=0.05 secs] 
2014-04-09T14:25:19.638+0900: 168.458: [GC (Allocation Failure) 168.458: [ParNew: 59008K->6528K(59008K), 0.0480137 secs] 9121077K->9078242K(25159296K), 0.0483681 secs] [Times: user=0.57 sys=0.00, real=0.05 secs] 
2014-04-09T14:25:19.730+0900: 168.550: [GC (Allocation Failure) 168.550: [ParNew: 59008K->6528K(59008K), 0.0425453 secs] 9129918K->9085130K(25159296K), 0.0429002 secs] [Times: user=0.47 sys=0.01, real=0.05 secs] 
2014-04-09T14:25:19.812+0900: 168.632: [GC (Allocation Failure) 168.632: [ParNew: 59008K->6528K(59008K), 0.0543807 secs] 9135594K->9092775K(25159296K), 0.0547400 secs] [Times: user=0.62 sys=0.02, real=0.05 secs] 
2014-04-09T14:25:19.906+0900: 168.726: [GC (Allocation Failure) 168.726: [ParNew: 59007K->6528K(59008K), 0.0525894 secs] 9143019K->9098965K(25159296K), 0.0529473 secs] [Times: user=0.63 sys=0.01, real=0.05 secs] 
2014-04-09T14:25:20.003+0900: 168.823: [GC (Allocation Failure) 168.823: [ParNew: 59008K->6528K(59008K), 0.0428485 secs] 9148496K->9104066K(25159296K), 0.0432034 secs] [Times: user=0.50 sys=0.01, real=0.04 secs] 
2014-04-09T14:25:20.087+0900: 168.906: [GC (Allocation Failure) 168.907: [ParNew: 58953K->6528K(59008K), 0.0562781 secs] 9153005K->9108909K(25159296K), 0.0566367 secs] [Times: user=0.68 sys=0.01, real=0.06 secs] 
2014-04-09T14:25:20.184+0900: 169.004: [GC (Allocation Failure) 169.004: [ParNew: 59008K->6528K(59008K), 0.0589755 secs] 9158673K->9115013K(25159296K), 0.0593351 secs] [Times: user=0.70 sys=0.01, real=0.06 secs] 
2014-04-09T14:25:20.288+0900: 169.107: [GC (Allocation Failure) 169.108: [ParNew: 59008K->6528K(59008K), 0.0465047 secs] 9163790K->9120168K(25159296K), 0.0468600 secs] [Times: user=0.54 sys=0.01, real=0.05 secs] 
2014-04-09T14:25:20.377+0900: 169.196: [GC (Allocation Failure) 169.196: [ParNew: 59008K->6528K(59008K), 0.0470333 secs] 9168861K->9125816K(25159296K), 0.0473888 secs] [Times: user=0.55 sys=0.01, real=0.05 secs] 
2014-04-09T14:25:20.462+0900: 169.282: [GC (Allocation Failure) 169.282: [ParNew: 59008K->6528K(59008K), 0.0493805 secs] 9174746K->9131519K(25159296K), 0.0497369 secs] [Times: user=0.59 sys=0.00, real=0.05 secs] 
2014-04-09T14:25:20.552+0900: 169.372: [GC (Allocation Failure) 169.372: [ParNew: 59008K->6528K(59008K), 0.0435513 secs] 9179372K->9134289K(25159296K), 0.0439076 secs] [Times: user=0.51 sys=0.01, real=0.04 secs] 
2014-04-09T14:25:20.636+0900: 169.456: [GC (Allocation Failure) 169.456: [ParNew: 59008K->6528K(59008K), 0.0553959 secs] 9174204K->9130639K(25159296K), 0.0557609 secs] [Times: user=0.66 sys=0.01, real=0.06 secs] 
2014-04-09T14:25:20.732+0900: 169.551: [GC (Allocation Failure) 169.551: [ParNew: 59008K->6528K(59008K), 0.0567615 secs] 9172517K->9128688K(25159296K), 0.0571208 secs] [Times: user=0.68 sys=0.01, real=0.05 secs] 
2014-04-09T14:25:20.828+0900: 169.648: [GC (Allocation Failure) 169.648: [ParNew: 59008K->6528K(59008K), 0.0525294 secs] 9168425K->9125079K(25159296K), 0.0528925 secs] [Times: user=0.63 sys=0.01, real=0.06 secs] 
2014-04-09T14:25:20.923+0900: 169.743: [GC (Allocation Failure) 169.743: [ParNew: 59008K->6528K(59008K), 0.0532993 secs] 9164330K->9120526K(25159296K), 0.0536541 secs] [Times: user=0.64 sys=0.01, real=0.05 secs] 
2014-04-09T14:25:21.020+0900: 169.839: [GC (Allocation Failure) 169.840: [ParNew: 59008K->6528K(59008K), 0.0525049 secs] 9161071K->9116817K(25159296K), 0.0528627 secs] [Times: user=0.63 sys=0.00, real=0.06 secs] 
2014-04-09T14:25:21.119+0900: 169.938: [GC (Allocation Failure) 169.939: [ParNew: 59008K->6528K(59008K), 0.0497824 secs] 9152944K->9108004K(25159296K), 0.0501304 secs] [Times: user=0.60 sys=0.02, real=0.05 secs] 
2014-04-09T14:25:21.208+0900: 170.028: [GC (Allocation Failure) 170.028: [ParNew: 59008K->6528K(59008K), 0.0519960 secs] 9148138K->9104835K(25159296K), 0.0523614 secs] [Times: user=0.63 sys=0.01, real=0.05 secs] 
2014-04-09T14:25:21.300+0900: 170.120: [GC (Allocation Failure) 170.120: [ParNew: 59008K->6528K(59008K), 0.0416527 secs] 9144186K->9099439K(25159296K), 0.0420139 secs] [Times: user=0.49 sys=0.01, real=0.05 secs] 
2014-04-09T14:25:21.381+0900: 170.201: [GC (Allocation Failure) 170.201: [ParNew: 59008K->6528K(59008K), 0.0442278 secs] 9139968K->9096690K(25159296K), 0.0445858 secs] [Times: user=0.52 sys=0.01, real=0.05 secs] 
2014-04-09T14:25:21.465+0900: 170.285: [GC (Allocation Failure) 170.285: [ParNew: 59008K->6528K(59008K), 0.0493670 secs] 9136218K->9093513K(25159296K), 0.0497246 secs] [Times: user=0.58 sys=0.01, real=0.05 secs] 
2014-04-09T14:25:21.554+0900: 170.374: [GC (Allocation Failure) 170.374: [ParNew: 59008K->6528K(59008K), 0.0468097 secs] 9132980K->9089168K(25159296K), 0.0471681 secs] [Times: user=0.55 sys=0.01, real=0.04 secs] 
2014-04-09T14:25:21.641+0900: 170.461: [GC (Allocation Failure) 170.461: [ParNew: 59008K->6528K(59008K), 0.0471637 secs] 9127577K->9083084K(25159296K), 0.0475310 secs] [Times: user=0.58 sys=0.00, real=0.05 secs] 
2014-04-09T14:25:21.727+0900: 170.547: [GC (Allocation Failure) 170.547: [ParNew: 59008K->6528K(59008K), 0.0482168 secs] 9114668K->9071321K(25159296K), 0.0485849 secs] [Times: user=0.58 sys=0.01, real=0.05 secs] 
2014-04-09T14:25:21.816+0900: 170.636: [GC (Allocation Failure) 170.636: [ParNew: 59008K->6528K(59008K), 0.0489337 secs] 9104968K->9062147K(25159296K), 0.0492934 secs] [Times: user=0.59 sys=0.01, real=0.05 secs] 
2014-04-09T14:25:21.906+0900: 170.726: [GC (Allocation Failure) 170.726: [ParNew: 59008K->6528K(59008K), 0.0488708 secs] 9103278K->9058714K(25159296K), 0.0492259 secs] [Times: user=0.60 sys=0.00, real=0.05 secs] 
2014-04-09T14:25:21.994+0900: 170.814: [GC (Allocation Failure) 170.814: [ParNew: 59008K->6528K(59008K), 0.0540409 secs] 9104203K->9060571K(25159296K), 0.0544054 secs] [Times: user=0.65 sys=0.00, real=0.05 secs] 
2014-04-09T14:25:22.087+0900: 170.906: [GC (Allocation Failure) 170.906: [ParNew: 59008K->6528K(59008K), 0.0441601 secs] 9106979K->9062845K(25159296K), 0.0445197 secs] [Times: user=0.52 sys=0.01, real=0.04 secs] 
2014-04-09T14:25:22.177+0900: 170.996: [GC (Allocation Failure) 170.997: [ParNew: 59008K->6528K(59008K), 0.0495912 secs] 9107200K->9063851K(25159296K), 0.0499473 secs] [Times: user=0.59 sys=0.00, real=0.05 secs] 
2014-04-09T14:25:22.266+0900: 171.086: [GC (Allocation Failure) 171.086: [ParNew: 59008K->6528K(59008K), 0.0448020 secs] 9109185K->9064641K(25159296K), 0.0451634 secs] [Times: user=0.54 sys=0.00, real=0.04 secs] 
2014-04-09T14:25:22.351+0900: 171.171: [GC (Allocation Failure) 171.171: [ParNew: 59008K->6528K(59008K), 0.0471649 secs] 9110185K->9066894K(25159296K), 0.0475323 secs] [Times: user=0.57 sys=0.00, real=0.05 secs] 
2014-04-09T14:25:22.443+0900: 171.263: [GC (Allocation Failure) 171.263: [ParNew: 59008K->6528K(59008K), 0.0446395 secs] 9111866K->9067862K(25159296K), 0.0450065 secs] [Times: user=0.54 sys=0.00, real=0.04 secs] 
2014-04-09T14:25:22.527+0900: 171.347: [GC (Allocation Failure) 171.347: [ParNew: 59008K->6528K(59008K), 0.0439013 secs] 9109162K->9066051K(25159296K), 0.0442615 secs] [Times: user=0.53 sys=0.01, real=0.04 secs] 
2014-04-09T14:25:22.611+0900: 171.430: [GC (Allocation Failure) 171.430: [ParNew: 59008K->6528K(59008K), 0.0422313 secs] 9108699K->9064734K(25159296K), 0.0425908 secs] [Times: user=0.50 sys=0.01, real=0.05 secs] 
2014-04-09T14:25:22.696+0900: 171.516: [GC (Allocation Failure) 171.516: [ParNew: 59008K->6528K(59008K), 0.0467057 secs] 9105723K->9061016K(25159296K), 0.0470621 secs] [Times: user=0.57 sys=0.00, real=0.05 secs] 
2014-04-09T14:25:22.782+0900: 171.602: [GC (Allocation Failure) 171.602: [ParNew: 59008K->6528K(59008K), 0.0523959 secs] 9105325K->9061303K(25159296K), 0.0527533 secs] [Times: user=0.63 sys=0.00, real=0.06 secs] 
2014-04-09T14:25:22.875+0900: 171.694: [GC (Allocation Failure) 171.695: [ParNew: 59008K->6528K(59008K), 0.0507864 secs] 9104265K->9060590K(25159296K), 0.0511661 secs] [Times: user=0.62 sys=0.01, real=0.05 secs] 
2014-04-09T14:25:22.966+0900: 171.785: [GC (Allocation Failure) 171.786: [ParNew: 59008K->6528K(59008K), 0.0509652 secs] 9104652K->9060839K(25159296K), 0.0513205 secs] [Times: user=0.62 sys=0.01, real=0.05 secs] 
2014-04-09T14:25:23.056+0900: 171.876: [GC (Allocation Failure) 171.876: [ParNew: 59008K->6528K(59008K), 0.0484832 secs] 9104999K->9061554K(25159296K), 0.0488431 secs] [Times: user=0.58 sys=0.01, real=0.05 secs] 
2014-04-09T14:25:23.143+0900: 171.963: [GC (Allocation Failure) 171.963: [ParNew: 59008K->6528K(59008K), 0.0470984 secs] 9106180K->9062822K(25159296K), 0.0474618 secs] [Times: user=0.57 sys=0.00, real=0.04 secs] 
2014-04-09T14:25:23.229+0900: 172.049: [GC (Allocation Failure) 172.049: [ParNew: 59008K->6528K(59008K), 0.0533615 secs] 9114523K->9069887K(25159296K), 0.0537133 secs] [Times: user=0.63 sys=0.01, real=0.06 secs] 
2014-04-09T14:25:23.323+0900: 172.143: [GC (Allocation Failure) 172.143: [ParNew: 59008K->6528K(59008K), 0.0453930 secs] 9058804K->9016274K(25159296K), 0.0457515 secs] [Times: user=0.55 sys=0.00, real=0.04 secs] 
2014-04-09T14:25:23.409+0900: 172.229: [GC (Allocation Failure) 172.229: [ParNew: 59008K->6528K(59008K), 0.0468247 secs] 8975074K->8930281K(25159296K), 0.0471800 secs] [Times: user=0.58 sys=0.00, real=0.05 secs] 
2014-04-09T14:25:23.499+0900: 172.318: [GC (Allocation Failure) 172.318: [ParNew: 59008K->6528K(59008K), 0.0477901 secs] 8982723K->8939311K(25159296K), 0.0481467 secs] [Times: user=0.58 sys=0.00, real=0.05 secs] 
2014-04-09T14:25:23.549+0900: 172.369: [CMS-concurrent-sweep: 2.899/6.656 secs] [Times: user=71.76 sys=9.12, real=6.65 secs] 
2014-04-09T14:25:23.549+0900: 172.369: [CMS-concurrent-reset-start]
2014-04-09T14:25:23.593+0900: 172.413: [GC (Allocation Failure) 172.413: [ParNew: 59008K->6528K(59008K), 0.0494673 secs] 8991791K->8947478K(25159296K), 0.0498254 secs] [Times: user=0.61 sys=0.01, real=0.05 secs] 
2014-04-09T14:25:23.687+0900: 172.507: [GC (Allocation Failure) 172.507: [ParNew: 59008K->6528K(59008K), 0.0398077 secs] 8999958K->8956078K(25159296K), 0.0401665 secs] [Times: user=0.48 sys=0.01, real=0.04 secs] 
2014-04-09T14:25:23.742+0900: 172.562: [CMS-concurrent-reset: 0.100/0.193 secs] [Times: user=2.04 sys=0.32, real=0.19 secs] 
2014-04-09T14:25:23.777+0900: 172.596: [GC (Allocation Failure) 172.596: [ParNew: 59008K->6528K(59008K), 0.0421739 secs] 9008558K->8963299K(25159296K), 0.0425267 secs] [Times: user=0.52 sys=0.00, real=0.04 secs] 
2014-04-09T14:25:23.821+0900: 172.641: [GC (CMS Initial Mark) [1 CMS-initial-mark: 8956771K(25100288K)] 8963569K(25159296K), 0.0017550 secs] [Times: user=0.01 sys=0.00, real=0.01 secs] 
2014-04-09T14:25:23.823+0900: 172.643: [CMS-concurrent-mark-start]
2014-04-09T14:25:23.877+0900: 172.697: [GC (Allocation Failure) 172.697: [ParNew: 59008K->6528K(59008K), 0.0428860 secs] 9015779K->8969919K(25159296K), 0.0432435 secs] [Times: user=0.53 sys=0.00, real=0.04 secs] 
2014-04-09T14:25:23.972+0900: 172.791: [GC (Allocation Failure) 172.792: [ParNew: 59008K->6528K(59008K), 0.0418503 secs] 9022399K->8977259K(25159296K), 0.0422061 secs] [Times: user=0.51 sys=0.00, real=0.05 secs] 
2014-04-09T14:25:24.062+0900: 172.882: [GC (Allocation Failure) 172.882: [ParNew: 59008K->6528K(59008K), 0.0418266 secs] 9029739K->8983930K(25159296K), 0.0421981 secs] [Times: user=0.51 sys=0.00, real=0.05 secs] 
2014-04-09T14:25:24.152+0900: 172.972: [GC (Allocation Failure) 172.972: [ParNew: 59008K->6528K(59008K), 0.0448135 secs] 9036410K->8990131K(25159296K), 0.0451699 secs] [Times: user=0.54 sys=0.01, real=0.05 secs] 
2014-04-09T14:25:24.246+0900: 173.066: [GC (Allocation Failure) 173.066: [ParNew: 59008K->6528K(59008K), 0.0446456 secs] 9042611K->8995531K(25159296K), 0.0450190 secs] [Times: user=0.55 sys=0.00, real=0.04 secs] 
2014-04-09T14:25:24.343+0900: 173.162: [GC (Allocation Failure) 173.162: [ParNew: 59008K->6528K(59008K), 0.0391519 secs] 9048011K->9001860K(25159296K), 0.0395267 secs] [Times: user=0.47 sys=0.01, real=0.03 secs] 
2014-04-09T14:25:24.436+0900: 173.256: [GC (Allocation Failure) 173.256: [ParNew: 59008K->6528K(59008K), 0.0409185 secs] 9054340K->9008826K(25159296K), 0.0412743 secs] [Times: user=0.48 sys=0.01, real=0.04 secs] 
2014-04-09T14:25:24.529+0900: 173.349: [GC (Allocation Failure) 173.349: [ParNew: 59008K->6528K(59008K), 0.0445338 secs] 9061306K->9015978K(25159296K), 0.0449023 secs] [Times: user=0.53 sys=0.00, real=0.05 secs] 
2014-04-09T14:25:24.635+0900: 173.455: [GC (Allocation Failure) 173.455: [ParNew: 59008K->6528K(59008K), 0.0447971 secs] 9068458K->9022353K(25159296K), 0.0451527 secs] [Times: user=0.52 sys=0.02, real=0.04 secs] 
2014-04-09T14:25:24.733+0900: 173.553: [GC (Allocation Failure) 173.553: [ParNew: 59008K->6528K(59008K), 0.0439692 secs] 9074833K->9028571K(25159296K), 0.0443343 secs] [Times: user=0.53 sys=0.00, real=0.04 secs] 
2014-04-09T14:25:24.831+0900: 173.651: [GC (Allocation Failure) 173.651: [ParNew: 59008K->6528K(59008K), 0.0410008 secs] 9081051K->9034374K(25159296K), 0.0413612 secs] [Times: user=0.50 sys=0.00, real=0.05 secs] 
2014-04-09T14:25:24.923+0900: 173.742: [GC (Allocation Failure) 173.742: [ParNew: 59008K->6528K(59008K), 0.0421288 secs] 9086854K->9041599K(25159296K), 0.0424892 secs] [Times: user=0.50 sys=0.00, real=0.04 secs] 
2014-04-09T14:25:25.017+0900: 173.837: [GC (Allocation Failure) 173.837: [ParNew: 59008K->6528K(59008K), 0.0416317 secs] 9094079K->9048404K(25159296K), 0.0419916 secs] [Times: user=0.50 sys=0.01, real=0.04 secs] 
2014-04-09T14:25:25.112+0900: 173.932: [GC (Allocation Failure) 173.932: [ParNew: 59008K->6528K(59008K), 0.0421775 secs] 9100884K->9055153K(25159296K), 0.0425362 secs] [Times: user=0.52 sys=0.01, real=0.05 secs] 
2014-04-09T14:25:25.208+0900: 174.028: [GC (Allocation Failure) 174.028: [ParNew: 59008K->6528K(59008K), 0.0409408 secs] 9107633K->9060628K(25159296K), 0.0412971 secs] [Times: user=0.49 sys=0.01, real=0.04 secs] 
2014-04-09T14:25:25.301+0900: 174.121: [GC (Allocation Failure) 174.121: [ParNew: 59008K->6528K(59008K), 0.0413486 secs] 9113108K->9066309K(25159296K), 0.0417086 secs] [Times: user=0.49 sys=0.01, real=0.05 secs] 
2014-04-09T14:25:25.396+0900: 174.216: [GC (Allocation Failure) 174.216: [ParNew: 59008K->6528K(59008K), 0.0424147 secs] 9118789K->9073542K(25159296K), 0.0427722 secs] [Times: user=0.50 sys=0.01, real=0.04 secs] 
2014-04-09T14:25:25.502+0900: 174.322: [GC (Allocation Failure) 174.322: [ParNew: 59008K->6528K(59008K), 0.0407641 secs] 9126022K->9080046K(25159296K), 0.0411240 secs] [Times: user=0.49 sys=0.01, real=0.05 secs] 
2014-04-09T14:25:25.593+0900: 174.413: [GC (Allocation Failure) 174.413: [ParNew: 59008K->6528K(59008K), 0.0435671 secs] 9132526K->9086669K(25159296K), 0.0439331 secs] [Times: user=0.52 sys=0.01, real=0.04 secs] 
2014-04-09T14:25:25.688+0900: 174.507: [GC (Allocation Failure) 174.507: [ParNew: 59008K->6528K(59008K), 0.0434111 secs] 9139149K->9093007K(25159296K), 0.0437791 secs] [Times: user=0.53 sys=0.01, real=0.04 secs] 
2014-04-09T14:25:25.780+0900: 174.600: [GC (Allocation Failure) 174.600: [ParNew: 59008K->6528K(59008K), 0.0415037 secs] 9145487K->9098475K(25159296K), 0.0418682 secs] [Times: user=0.50 sys=0.01, real=0.04 secs] 
2014-04-09T14:25:25.873+0900: 174.693: [GC (Allocation Failure) 174.693: [ParNew: 59008K->6528K(59008K), 0.0404827 secs] 9150955K->9105122K(25159296K), 0.0408385 secs] [Times: user=0.48 sys=0.01, real=0.04 secs] 
2014-04-09T14:25:25.971+0900: 174.791: [GC (Allocation Failure) 174.791: [ParNew: 59008K->6528K(59008K), 0.0407689 secs] 9157602K->9112348K(25159296K), 0.0411284 secs] [Times: user=0.48 sys=0.02, real=0.05 secs] 
2014-04-09T14:25:26.068+0900: 174.888: [GC (Allocation Failure) 174.888: [ParNew: 59008K->6528K(59008K), 0.0415432 secs] 9164828K->9119590K(25159296K), 0.0419075 secs] [Times: user=0.50 sys=0.01, real=0.04 secs] 
2014-04-09T14:25:26.180+0900: 175.000: [GC (Allocation Failure) 175.000: [ParNew: 59008K->6528K(59008K), 0.0452038 secs] 9172070K->9125438K(25159296K), 0.0455644 secs] [Times: user=0.55 sys=0.01, real=0.05 secs] 
2014-04-09T14:25:26.279+0900: 175.099: [GC (Allocation Failure) 175.099: [ParNew: 59008K->6528K(59008K), 0.0386556 secs] 9177918K->9130752K(25159296K), 0.0390138 secs] [Times: user=0.46 sys=0.01, real=0.04 secs] 
2014-04-09T14:25:26.376+0900: 175.196: [GC (Allocation Failure) 175.196: [ParNew: 59008K->6528K(59008K), 0.0438955 secs] 9183232K->9136952K(25159296K), 0.0442467 secs] [Times: user=0.51 sys=0.02, real=0.04 secs] 
2014-04-09T14:25:26.478+0900: 175.298: [GC (Allocation Failure) 175.298: [ParNew: 59008K->6528K(59008K), 0.0445287 secs] 9189432K->9143371K(25159296K), 0.0448814 secs] [Times: user=0.54 sys=0.00, real=0.05 secs] 
2014-04-09T14:25:26.582+0900: 175.402: [GC (Allocation Failure) 175.402: [ParNew: 59008K->6528K(59008K), 0.0410243 secs] 9195851K->9149784K(25159296K), 0.0413806 secs] [Times: user=0.49 sys=0.00, real=0.05 secs] 
2014-04-09T14:25:26.684+0900: 175.504: [GC (Allocation Failure) 175.504: [ParNew: 59008K->6528K(59008K), 0.0448564 secs] 9202264K->9157131K(25159296K), 0.0452232 secs] [Times: user=0.53 sys=0.01, real=0.04 secs] 
2014-04-09T14:25:26.780+0900: 175.600: [GC (Allocation Failure) 175.600: [ParNew: 59008K->6528K(59008K), 0.0432139 secs] 9209611K->9161862K(25159296K), 0.0435712 secs] [Times: user=0.50 sys=0.01, real=0.05 secs] 
2014-04-09T14:25:26.878+0900: 175.698: [GC (Allocation Failure) 175.698: [ParNew: 59008K->6528K(59008K), 0.0436176 secs] 9214342K->9167486K(25159296K), 0.0439684 secs] [Times: user=0.51 sys=0.02, real=0.04 secs] 
2014-04-09T14:25:26.973+0900: 175.793: [GC (Allocation Failure) 175.793: [ParNew: 59008K->6528K(59008K), 0.0442741 secs] 9219966K->9175052K(25159296K), 0.0446275 secs] [Times: user=0.51 sys=0.01, real=0.04 secs] 
2014-04-09T14:25:27.071+0900: 175.890: [GC (Allocation Failure) 175.890: [ParNew: 59008K->6528K(59008K), 0.0432412 secs] 9227532K->9181602K(25159296K), 0.0435981 secs] [Times: user=0.48 sys=0.02, real=0.05 secs] 
2014-04-09T14:25:27.165+0900: 175.985: [GC (Allocation Failure) 175.985: [ParNew: 59008K->6528K(59008K), 0.0463137 secs] 9234082K->9188446K(25159296K), 0.0466756 secs] [Times: user=0.53 sys=0.01, real=0.04 secs] 
2014-04-09T14:25:27.225+0900: 176.045: [CMS-concurrent-mark: 1.845/3.403 secs] [Times: user=38.02 sys=4.88, real=3.40 secs] 
2014-04-09T14:25:27.226+0900: 176.045: [CMS-concurrent-preclean-start]
2014-04-09T14:25:27.264+0900: 176.084: [GC (Allocation Failure) 176.084: [ParNew: 59008K->6528K(59008K), 0.0431346 secs] 9240926K->9193338K(25159296K), 0.0434942 secs] [Times: user=0.51 sys=0.02, real=0.04 secs] 
2014-04-09T14:25:27.356+0900: 176.176: [GC (Allocation Failure) 176.176: [ParNew: 59008K->6528K(59008K), 0.0461655 secs] 9245818K->9199433K(25159296K), 0.0465249 secs] [Times: user=0.55 sys=0.01, real=0.05 secs] 
2014-04-09T14:25:27.446+0900: 176.266: [GC (Allocation Failure) 176.266: [ParNew: 59008K->6528K(59008K), 0.0477291 secs] 9251913K->9206828K(25159296K), 0.0480864 secs] [Times: user=0.56 sys=0.00, real=0.05 secs] 
2014-04-09T14:25:27.539+0900: 176.358: [GC (Allocation Failure) 176.358: [ParNew: 59008K->6528K(59008K), 0.0445959 secs] 9259308K->9213525K(25159296K), 0.0449502 secs] [Times: user=0.53 sys=0.01, real=0.05 secs] 
2014-04-09T14:25:27.627+0900: 176.447: [GC (Allocation Failure) 176.447: [ParNew: 59008K->6528K(59008K), 0.0406821 secs] 9266005K->9220406K(25159296K), 0.0410357 secs] [Times: user=0.48 sys=0.00, real=0.04 secs] 
2014-04-09T14:25:27.718+0900: 176.538: [GC (Allocation Failure) 176.538: [ParNew: 59008K->6528K(59008K), 0.0439453 secs] 9272886K->9226430K(25159296K), 0.0443073 secs] [Times: user=0.53 sys=0.01, real=0.05 secs] 
2014-04-09T14:25:27.808+0900: 176.628: [GC (Allocation Failure) 176.628: [ParNew: 59008K->6528K(59008K), 0.0436349 secs] 9278910K->9232178K(25159296K), 0.0439891 secs] [Times: user=0.52 sys=0.01, real=0.04 secs] 
2014-04-09T14:25:27.895+0900: 176.715: [GC (Allocation Failure) 176.715: [ParNew: 59008K->6526K(59008K), 0.0465741 secs] 9284658K->9238672K(25159296K), 0.0469346 secs] [Times: user=0.56 sys=0.01, real=0.04 secs] 
2014-04-09T14:25:27.987+0900: 176.806: [GC (Allocation Failure) 176.806: [ParNew: 59006K->6528K(59008K), 0.0444712 secs] 9291152K->9245987K(25159296K), 0.0448489 secs] [Times: user=0.51 sys=0.01, real=0.04 secs] 
2014-04-09T14:25:28.074+0900: 176.894: [GC (Allocation Failure) 176.894: [ParNew: 59008K->6528K(59008K), 0.0422990 secs] 9298467K->9252638K(25159296K), 0.0426538 secs] [Times: user=0.48 sys=0.01, real=0.04 secs] 
2014-04-09T14:25:28.167+0900: 176.987: [GC (Allocation Failure) 176.987: [ParNew: 59008K->6528K(59008K), 0.0441476 secs] 9305118K->9259700K(25159296K), 0.0445054 secs] [Times: user=0.50 sys=0.01, real=0.04 secs] 
2014-04-09T14:25:28.261+0900: 177.080: [GC (Allocation Failure) 177.081: [ParNew: 59008K->6528K(59008K), 0.0440409 secs] 9312180K->9266041K(25159296K), 0.0443975 secs] [Times: user=0.53 sys=0.01, real=0.05 secs] 
2014-04-09T14:25:28.348+0900: 177.168: [GC (Allocation Failure) 177.168: [ParNew: 59008K->6528K(59008K), 0.0473068 secs] 9318521K->9273120K(25159296K), 0.0476647 secs] [Times: user=0.54 sys=0.01, real=0.05 secs] 
2014-04-09T14:25:28.446+0900: 177.266: [GC (Allocation Failure) 177.266: [ParNew: 59008K->6528K(59008K), 0.0446481 secs] 9325600K->9280555K(25159296K), 0.0450000 secs] [Times: user=0.53 sys=0.01, real=0.04 secs] 
2014-04-09T14:25:28.540+0900: 177.360: [GC (Allocation Failure) 177.360: [ParNew: 59008K->6528K(59008K), 0.0428392 secs] 9333035K->9287610K(25159296K), 0.0432069 secs] [Times: user=0.52 sys=0.01, real=0.05 secs] 
2014-04-09T14:25:28.628+0900: 177.448: [GC (Allocation Failure) 177.448: [ParNew: 59008K->6528K(59008K), 0.0442724 secs] 9340090K->9295315K(25159296K), 0.0446288 secs] [Times: user=0.52 sys=0.00, real=0.04 secs] 
2014-04-09T14:25:28.717+0900: 177.537: [GC (Allocation Failure) 177.537: [ParNew: 59008K->6528K(59008K), 0.0463370 secs] 9347795K->9302381K(25159296K), 0.0466926 secs] [Times: user=0.56 sys=0.01, real=0.05 secs] 
2014-04-09T14:25:28.807+0900: 177.627: [GC (Allocation Failure) 177.627: [ParNew: 59007K->6528K(59008K), 0.0462990 secs] 9354861K->9308994K(25159296K), 0.0466572 secs] [Times: user=0.54 sys=0.00, real=0.05 secs] 
2014-04-09T14:25:28.902+0900: 177.721: [GC (Allocation Failure) 177.722: [ParNew: 59008K->6528K(59008K), 0.0509746 secs] 9361474K->9314667K(25159296K), 0.0513259 secs] [Times: user=0.58 sys=0.01, real=0.05 secs] 
2014-04-09T14:25:28.995+0900: 177.815: [GC (Allocation Failure) 177.815: [ParNew: 59008K->6528K(59008K), 0.0461019 secs] 9367147K->9321974K(25159296K), 0.0464681 secs] [Times: user=0.52 sys=0.02, real=0.04 secs] 
2014-04-09T14:25:29.130+0900: 177.950: [CMS-concurrent-preclean: 0.880/1.904 secs] [Times: user=19.45 sys=2.88, real=1.90 secs] 
2014-04-09T14:25:29.131+0900: 177.951: [GC (Allocation Failure) 177.951: [ParNew: 59008K->6528K(59008K), 0.0433299 secs] 9374454K->9328201K(25159296K), 0.0436788 secs] [Times: user=0.51 sys=0.00, real=0.05 secs] 
2014-04-09T14:25:29.176+0900: 177.996: [GC (CMS Final Remark) [YG occupancy: 6535 K (59008 K)]177.996: [Rescan (parallel) , 0.0174304 secs]178.013: [weak refs processing, 0.0040192 secs]178.017: [class unloading, 0.0436461 secs]178.061: [scrub symbol table, 0.0048085 secs]178.066: [scrub string table, 0.0014018 secs][1 CMS-remark: 9321673K(25100288K)] 9328208K(25159296K), 0.0803026 secs] [Times: user=0.28 sys=0.00, real=0.08 secs] 
2014-04-09T14:25:29.257+0900: 178.077: [CMS-concurrent-sweep-start]
2014-04-09T14:25:29.300+0900: 178.120: [GC (Allocation Failure) 178.120: [ParNew: 59008K->6528K(59008K), 0.0491191 secs] 9379803K->9334050K(25159296K), 0.0494878 secs] [Times: user=0.58 sys=0.01, real=0.05 secs] 
2014-04-09T14:25:29.397+0900: 178.217: [GC (Allocation Failure) 178.217: [ParNew: 59008K->6528K(59008K), 0.0447338 secs] 9385440K->9338506K(25159296K), 0.0450998 secs] [Times: user=0.53 sys=0.01, real=0.04 secs] 
2014-04-09T14:25:29.491+0900: 178.311: [GC (Allocation Failure) 178.311: [ParNew: 59008K->6528K(59008K), 0.0429473 secs] 9389557K->9344221K(25159296K), 0.0433058 secs] [Times: user=0.51 sys=0.01, real=0.05 secs] 
2014-04-09T14:25:29.578+0900: 178.398: [GC (Allocation Failure) 178.398: [ParNew: 59008K->6528K(59008K), 0.0437240 secs] 9393660K->9348257K(25159296K), 0.0440958 secs] [Times: user=0.53 sys=0.00, real=0.04 secs] 
2014-04-09T14:25:29.667+0900: 178.487: [GC (Allocation Failure) 178.487: [ParNew: 59008K->6528K(59008K), 0.0416951 secs] 9396950K->9350859K(25159296K), 0.0420537 secs] [Times: user=0.50 sys=0.00, real=0.04 secs] 
2014-04-09T14:25:29.755+0900: 178.575: [GC (Allocation Failure) 178.575: [ParNew: 59008K->6528K(59008K), 0.0428758 secs] 9396563K->9350370K(25159296K), 0.0432496 secs] [Times: user=0.53 sys=0.00, real=0.04 secs] 
2014-04-09T14:25:29.842+0900: 178.662: [GC (Allocation Failure) 178.662: [ParNew: 59008K->6528K(59008K), 0.0445173 secs] 9399211K->9353473K(25159296K), 0.0448729 secs] [Times: user=0.54 sys=0.01, real=0.05 secs] 
2014-04-09T14:25:29.929+0900: 178.749: [GC (Allocation Failure) 178.749: [ParNew: 59008K->6528K(59008K), 0.0430906 secs] 9400212K->9353462K(25159296K), 0.0434472 secs] [Times: user=0.51 sys=0.01, real=0.04 secs] 
2014-04-09T14:25:30.016+0900: 178.836: [GC (Allocation Failure) 178.836: [ParNew: 59008K->6528K(59008K), 0.0426138 secs] 9401834K->9356046K(25159296K), 0.0429796 secs] [Times: user=0.52 sys=0.01, real=0.04 secs] 
2014-04-09T14:25:30.109+0900: 178.929: [GC (Allocation Failure) 178.929: [ParNew: 59008K->6528K(59008K), 0.0404008 secs] 9401760K->9355957K(25159296K), 0.0407560 secs] [Times: user=0.48 sys=0.01, real=0.04 secs] 
2014-04-09T14:25:30.194+0900: 179.013: [GC (Allocation Failure) 179.013: [ParNew: 59008K->6528K(59008K), 0.0470539 secs] 9402919K->9357151K(25159296K), 0.0474120 secs] [Times: user=0.56 sys=0.01, real=0.04 secs] 
2014-04-09T14:25:30.285+0900: 179.105: [GC (Allocation Failure) 179.105: [ParNew: 59008K->6528K(59008K), 0.0452431 secs] 9402681K->9355567K(25159296K), 0.0456024 secs] [Times: user=0.55 sys=0.01, real=0.04 secs] 
2014-04-09T14:25:30.380+0900: 179.200: [GC (Allocation Failure) 179.200: [ParNew: 59008K->6528K(59008K), 0.0467027 secs] 9400945K->9354928K(25159296K), 0.0470614 secs] [Times: user=0.58 sys=0.00, real=0.05 secs] 
2014-04-09T14:25:30.472+0900: 179.292: [GC (Allocation Failure) 179.292: [ParNew: 59008K->6528K(59008K), 0.0401022 secs] 9400673K->9353693K(25159296K), 0.0404583 secs] [Times: user=0.48 sys=0.01, real=0.04 secs] 
2014-04-09T14:25:30.555+0900: 179.375: [GC (Allocation Failure) 179.375: [ParNew: 59008K->6528K(59008K), 0.0416849 secs] 9399821K->9354575K(25159296K), 0.0420408 secs] [Times: user=0.51 sys=0.00, real=0.04 secs] 
2014-04-09T14:25:30.641+0900: 179.461: [GC (Allocation Failure) 179.461: [ParNew: 59008K->6528K(59008K), 0.0425301 secs] 9400990K->9354690K(25159296K), 0.0428851 secs] [Times: user=0.52 sys=0.01, real=0.05 secs] 
2014-04-09T14:25:30.727+0900: 179.546: [GC (Allocation Failure) 179.547: [ParNew: 59008K->6528K(59008K), 0.0450548 secs] 9394040K->9347507K(25159296K), 0.0454138 secs] [Times: user=0.54 sys=0.02, real=0.04 secs] 
2014-04-09T14:25:30.819+0900: 179.639: [GC (Allocation Failure) 179.639: [ParNew: 59008K->6528K(59008K), 0.0431867 secs] 9386911K->9341506K(25159296K), 0.0435511 secs] [Times: user=0.52 sys=0.01, real=0.04 secs] 
2014-04-09T14:25:30.906+0900: 179.725: [GC (Allocation Failure) 179.725: [ParNew: 59008K->6528K(59008K), 0.0454180 secs] 9389600K->9343777K(25159296K), 0.0457820 secs] [Times: user=0.55 sys=0.01, real=0.04 secs] 
2014-04-09T14:25:32.308+0900: 181.128: [CMS-concurrent-sweep: 2.182/3.051 secs] [Times: user=19.60 sys=2.62, real=3.05 secs] 
2014-04-09T14:25:32.309+0900: 181.128: [CMS-concurrent-reset-start]
2014-04-09T14:25:32.386+0900: 181.206: [CMS-concurrent-reset: 0.078/0.078 secs] [Times: user=0.08 sys=0.00, real=0.08 secs] 
2014-04-09T14:25:34.387+0900: 183.207: [GC (CMS Initial Mark) [1 CMS-initial-mark: 8898709K(25100288K)] 8918233K(25159296K), 0.0038251 secs] [Times: user=0.03 sys=0.00, real=0.00 secs] 
2014-04-09T14:25:34.392+0900: 183.212: [CMS-concurrent-mark-start]
2014-04-09T14:25:36.583+0900: 185.402: [CMS-concurrent-mark: 2.191/2.191 secs] [Times: user=8.11 sys=0.28, real=2.19 secs] 
2014-04-09T14:25:36.583+0900: 185.403: [CMS-concurrent-preclean-start]
2014-04-09T14:25:36.677+0900: 185.497: [CMS-concurrent-preclean: 0.094/0.094 secs] [Times: user=0.10 sys=0.00, real=0.10 secs] 
2014-04-09T14:25:36.677+0900: 185.497: [CMS-concurrent-abortable-preclean-start]
 CMS: abort preclean due to time 2014-04-09T14:25:41.756+0900: 190.576: [CMS-concurrent-abortable-preclean: 3.676/5.079 secs] [Times: user=4.08 sys=0.01, real=5.08 secs] 
2014-04-09T14:25:41.758+0900: 190.578: [GC (CMS Final Remark) [YG occupancy: 20023 K (59008 K)]190.578: [Rescan (parallel) , 0.0181154 secs]190.596: [weak refs processing, 0.0010091 secs]190.597: [class unloading, 0.0415774 secs]190.639: [scrub symbol table, 0.0043213 secs]190.643: [scrub string table, 0.0012131 secs][1 CMS-remark: 8898709K(25100288K)] 8918733K(25159296K), 0.0739118 secs] [Times: user=0.27 sys=0.01, real=0.07 secs] 
2014-04-09T14:25:41.833+0900: 190.652: [CMS-concurrent-sweep-start]
2014-04-09T14:25:43.500+0900: 192.319: [CMS-concurrent-sweep: 1.667/1.667 secs] [Times: user=1.68 sys=0.00, real=1.67 secs] 
2014-04-09T14:25:43.500+0900: 192.319: [CMS-concurrent-reset-start]
2014-04-09T14:25:43.578+0900: 192.397: [CMS-concurrent-reset: 0.078/0.078 secs] [Times: user=0.08 sys=0.00, real=0.08 secs] 
2014-04-09T14:25:45.578+0900: 194.398: [GC (CMS Initial Mark) [1 CMS-initial-mark: 8701831K(25100288K)] 8722115K(25159296K), 0.0040002 secs] [Times: user=0.03 sys=0.00, real=0.00 secs] 
2014-04-09T14:25:45.583+0900: 194.403: [CMS-concurrent-mark-start]
2014-04-09T14:25:47.585+0900: 196.405: [CMS-concurrent-mark: 2.002/2.002 secs] [Times: user=7.38 sys=0.27, real=2.01 secs] 
2014-04-09T14:25:47.586+0900: 196.405: [CMS-concurrent-preclean-start]
2014-04-09T14:25:47.694+0900: 196.514: [CMS-concurrent-preclean: 0.108/0.109 secs] [Times: user=0.11 sys=0.00, real=0.10 secs] 
2014-04-09T14:25:47.695+0900: 196.514: [CMS-concurrent-abortable-preclean-start]
 CMS: abort preclean due to time 2014-04-09T14:25:52.780+0900: 201.599: [CMS-concurrent-abortable-preclean: 3.480/5.085 secs] [Times: user=3.52 sys=0.00, real=5.09 secs] 
2014-04-09T14:25:52.782+0900: 201.601: [GC (CMS Final Remark) [YG occupancy: 20675 K (59008 K)]201.602: [Rescan (parallel) , 0.0179887 secs]201.620: [weak refs processing, 0.0000644 secs]201.620: [class unloading, 0.0416094 secs]201.661: [scrub symbol table, 0.0043279 secs]201.666: [scrub string table, 0.0012129 secs][1 CMS-remark: 8701831K(25100288K)] 8722506K(25159296K), 0.0724178 secs] [Times: user=0.27 sys=0.01, real=0.07 secs] 
2014-04-09T14:25:52.855+0900: 201.675: [CMS-concurrent-sweep-start]
2014-04-09T14:25:53.821+0900: 202.641: [GC (Allocation Failure) 202.641: [ParNew: 59008K->5336K(59008K), 0.0395300 secs] 8760826K->8710557K(25159296K), 0.0398223 secs] [Times: user=0.49 sys=0.00, real=0.04 secs] 
2014-04-09T14:25:53.932+0900: 202.751: [GC (Allocation Failure) 202.751: [ParNew: 57816K->3100K(59008K), 0.0359062 secs] 8763037K->8708320K(25159296K), 0.0361832 secs] [Times: user=0.45 sys=0.00, real=0.04 secs] 
2014-04-09T14:25:53.986+0900: 202.806: [GC (Allocation Failure) 202.806: [ParNew: 55580K->2538K(59008K), 0.0354316 secs] 8760800K->8707758K(25159296K), 0.0357090 secs] [Times: user=0.44 sys=0.00, real=0.04 secs] 
2014-04-09T14:25:54.043+0900: 202.863: [GC (Allocation Failure) 202.863: [ParNew: 55018K->2811K(59008K), 0.0379924 secs] 8760238K->8708032K(25159296K), 0.0383357 secs] [Times: user=0.48 sys=0.00, real=0.04 secs] 
2014-04-09T14:25:54.098+0900: 202.918: [GC (Allocation Failure) 202.918: [ParNew: 55291K->2922K(59008K), 0.0358365 secs] 8760512K->8708142K(25159296K), 0.0361631 secs] [Times: user=0.46 sys=0.00, real=0.03 secs] 
2014-04-09T14:25:54.151+0900: 202.971: [GC (Allocation Failure) 202.971: [ParNew: 55402K->2578K(59008K), 0.0350642 secs] 8760622K->8707798K(25159296K), 0.0353871 secs] [Times: user=0.44 sys=0.00, real=0.04 secs] 
2014-04-09T14:25:54.203+0900: 203.023: [GC (Allocation Failure) 203.023: [ParNew: 55058K->1531K(59008K), 0.0373019 secs] 8760278K->8708417K(25159296K), 0.0376320 secs] [Times: user=0.47 sys=0.00, real=0.04 secs] 
2014-04-09T14:25:54.258+0900: 203.078: [GC (Allocation Failure) 203.078: [ParNew: 54011K->388K(59008K), 0.0355536 secs] 8760897K->8707276K(25159296K), 0.0358759 secs] [Times: user=0.45 sys=0.00, real=0.03 secs] 
2014-04-09T14:25:54.312+0900: 203.132: [GC (Allocation Failure) 203.132: [ParNew: 52868K->109K(59008K), 0.0359362 secs] 8759756K->8707002K(25159296K), 0.0362659 secs] [Times: user=0.45 sys=0.00, real=0.04 secs] 
2014-04-09T14:25:54.369+0900: 203.189: [GC (Allocation Failure) 203.189: [ParNew: 52589K->33K(59008K), 0.0357174 secs] 8759482K->8706947K(25159296K), 0.0360405 secs] [Times: user=0.45 sys=0.00, real=0.03 secs] 
2014-04-09T14:25:54.423+0900: 203.242: [GC (Allocation Failure) 203.243: [ParNew: 52513K->28K(59008K), 0.0358369 secs] 8759427K->8706942K(25159296K), 0.0361481 secs] [Times: user=0.46 sys=0.00, real=0.04 secs] 
2014-04-09T14:25:54.476+0900: 203.296: [GC (Allocation Failure) 203.296: [ParNew: 52508K->30K(59008K), 0.0370520 secs] 8759422K->8706944K(25159296K), 0.0373729 secs] [Times: user=0.46 sys=0.00, real=0.04 secs] 
2014-04-09T14:25:54.531+0900: 203.351: [GC (Allocation Failure) 203.351: [ParNew: 52510K->26K(59008K), 0.0353597 secs] 8759424K->8706940K(25159296K), 0.0356694 secs] [Times: user=0.45 sys=0.00, real=0.04 secs] 
2014-04-09T14:25:54.585+0900: 203.405: [GC (Allocation Failure) 203.405: [ParNew: 52506K->32K(59008K), 0.0371886 secs] 8759420K->8706946K(25159296K), 0.0374959 secs] [Times: user=0.47 sys=0.00, real=0.04 secs] 
2014-04-09T14:25:54.645+0900: 203.465: [GC (Allocation Failure) 203.465: [ParNew: 52512K->40K(59008K), 0.0356793 secs] 8759426K->8706955K(25159296K), 0.0359863 secs] [Times: user=0.45 sys=0.00, real=0.04 secs] 
2014-04-09T14:25:54.704+0900: 203.524: [GC (Allocation Failure) 203.524: [ParNew: 52520K->42K(59008K), 0.0347794 secs] 8759435K->8706962K(25159296K), 0.0351043 secs] [Times: user=0.43 sys=0.00, real=0.04 secs] 
2014-04-09T14:25:54.786+0900: 203.605: [GC (Allocation Failure) 203.606: [ParNew: 52522K->62K(59008K), 0.0375301 secs] 8759442K->8706983K(25159296K), 0.0378352 secs] [Times: user=0.50 sys=0.00, real=0.04 secs] 
2014-04-09T14:25:54.858+0900: 203.678: [GC (Allocation Failure) 203.678: [ParNew: 52542K->68K(59008K), 0.0339947 secs] 8759463K->8706990K(25159296K), 0.0343039 secs] [Times: user=0.42 sys=0.00, real=0.03 secs] 
2014-04-09T14:25:54.914+0900: 203.734: [GC (Allocation Failure) 203.734: [ParNew: 52548K->74K(59008K), 0.0359332 secs] 8759470K->8706996K(25159296K), 0.0362516 secs] [Times: user=0.45 sys=0.00, real=0.04 secs] 
2014-04-09T14:25:54.972+0900: 203.792: [GC (Allocation Failure) 203.792: [ParNew: 52554K->56K(59008K), 0.0352604 secs] 8759476K->8706984K(25159296K), 0.0355863 secs] [Times: user=0.45 sys=0.01, real=0.04 secs] 
2014-04-09T14:25:55.029+0900: 203.848: [GC (Allocation Failure) 203.848: [ParNew: 52536K->55K(59008K), 0.0374264 secs] 8759464K->8706989K(25159296K), 0.0377361 secs] [Times: user=0.51 sys=0.00, real=0.03 secs] 
2014-04-09T14:25:55.089+0900: 203.909: [GC (Allocation Failure) 203.909: [ParNew: 52535K->48K(59008K), 0.0353890 secs] 8759469K->8706987K(25159296K), 0.0357101 secs] [Times: user=0.45 sys=0.00, real=0.03 secs] 
2014-04-09T14:25:55.145+0900: 203.965: [GC (Allocation Failure) 203.965: [ParNew: 52528K->26K(59008K), 0.0360889 secs] 8759467K->8706989K(25159296K), 0.0364041 secs] [Times: user=0.46 sys=0.00, real=0.04 secs] 
2014-04-09T14:25:55.203+0900: 204.023: [GC (Allocation Failure) 204.023: [ParNew: 52506K->24K(59008K), 0.0351985 secs] 8759469K->8706987K(25159296K), 0.0354992 secs] [Times: user=0.44 sys=0.01, real=0.04 secs] 
2014-04-09T14:25:55.260+0900: 204.080: [GC (Allocation Failure) 204.080: [ParNew: 52504K->24K(59008K), 0.0350032 secs] 8759466K->8706987K(25159296K), 0.0353102 secs] [Times: user=0.45 sys=0.00, real=0.03 secs] 
2014-04-09T14:25:55.316+0900: 204.136: [GC (Allocation Failure) 204.136: [ParNew: 52504K->20K(59008K), 0.0334052 secs] 8759467K->8706984K(25159296K), 0.0337184 secs] [Times: user=0.42 sys=0.00, real=0.04 secs] 
2014-04-09T14:25:55.370+0900: 204.189: [GC (Allocation Failure) 204.190: [ParNew: 52500K->22K(59008K), 0.0353073 secs] 8759464K->8706986K(25159296K), 0.0356180 secs] [Times: user=0.44 sys=0.00, real=0.03 secs] 
2014-04-09T14:25:55.425+0900: 204.245: [GC (Allocation Failure) 204.245: [ParNew: 52502K->22K(59008K), 0.0328654 secs] 8759466K->8706986K(25159296K), 0.0331699 secs] [Times: user=0.41 sys=0.00, real=0.04 secs] 
2014-04-09T14:25:55.481+0900: 204.301: [GC (Allocation Failure) 204.301: [ParNew: 52502K->32K(59008K), 0.0351692 secs] 8759466K->8706997K(25159296K), 0.0354744 secs] [Times: user=0.44 sys=0.00, real=0.03 secs] 
2014-04-09T14:25:55.541+0900: 204.361: [GC (Allocation Failure) 204.361: [ParNew: 52512K->43K(59008K), 0.0353085 secs] 8759477K->8707007K(25159296K), 0.0356217 secs] [Times: user=0.44 sys=0.00, real=0.03 secs] 
2014-04-09T14:25:55.601+0900: 204.420: [CMS-concurrent-sweep: 1.588/2.745 secs] [Times: user=20.37 sys=0.07, real=2.75 secs] 
2014-04-09T14:25:55.602+0900: 204.422: [GC (Allocation Failure) 204.422: [ParNew: 52523K->61K(59008K), 0.0325919 secs] 8759487K->8707025K(25159296K), 0.0328725 secs] [Times: user=0.41 sys=0.01, real=0.03 secs] 
2014-04-09T14:25:55.636+0900: 204.455: [CMS-concurrent-reset-start]
2014-04-09T14:25:55.660+0900: 204.480: [GC (Allocation Failure) 204.480: [ParNew: 52541K->102K(59008K), 0.0329048 secs] 8759505K->8707067K(25159296K), 0.0332141 secs] [Times: user=0.41 sys=0.00, real=0.03 secs] 
2014-04-09T14:25:55.719+0900: 204.539: [GC (Allocation Failure) 204.539: [ParNew: 52582K->148K(59008K), 0.0343605 secs] 8759547K->8707113K(25159296K), 0.0347931 secs] [Times: user=0.43 sys=0.00, real=0.03 secs] 
2014-04-09T14:25:55.779+0900: 204.599: [GC (Allocation Failure) 204.599: [ParNew: 52628K->170K(59008K), 0.0334876 secs] 8759593K->8707135K(25159296K), 0.0337878 secs] [Times: user=0.42 sys=0.01, real=0.03 secs] 
2014-04-09T14:25:55.822+0900: 204.641: [CMS-concurrent-reset: 0.079/0.186 secs] [Times: user=2.01 sys=0.01, real=0.19 secs] 
2014-04-09T14:25:55.851+0900: 204.671: [GC (Allocation Failure) 204.671: [ParNew: 51079K->3534K(59008K), 0.0330475 secs] 8758044K->8710506K(25159296K), 0.0333594 secs] [Times: user=0.43 sys=0.00, real=0.03 secs] 
2014-04-09T14:25:55.886+0900: 204.706: [GC (CMS Initial Mark) [1 CMS-initial-mark: 8706972K(25100288K)] 8712554K(25159296K), 0.0016233 secs] [Times: user=0.01 sys=0.00, real=0.01 secs] 
2014-04-09T14:25:55.888+0900: 204.708: [CMS-concurrent-mark-start]
2014-04-09T14:25:55.916+0900: 204.736: [GC (Allocation Failure) 204.736: [ParNew: 56014K->4848K(59008K), 0.0362264 secs] 8762986K->8716197K(25159296K), 0.0365344 secs] [Times: user=0.49 sys=0.00, real=0.04 secs] 
2014-04-09T14:25:55.979+0900: 204.798: [GC (Allocation Failure) 204.798: [ParNew: 57328K->803K(59008K), 0.0439097 secs] 8768677K->8716768K(25159296K), 0.0442120 secs] [Times: user=0.54 sys=0.01, real=0.04 secs] 
2014-04-09T14:25:56.044+0900: 204.864: [GC (Allocation Failure) 204.864: [ParNew: 53283K->3007K(59008K), 0.0376623 secs] 8769248K->8735356K(25159296K), 0.0379705 secs] [Times: user=0.47 sys=0.01, real=0.04 secs] 
2014-04-09T14:25:56.114+0900: 204.934: [GC (Allocation Failure) 204.934: [ParNew: 54821K->6519K(59008K), 0.0423821 secs] 8787171K->8759555K(25159296K), 0.0426840 secs] [Times: user=0.53 sys=0.01, real=0.04 secs] 
2014-04-09T14:25:56.183+0900: 205.003: [GC (Allocation Failure) 205.003: [ParNew: 51626K->5760K(59008K), 0.0410731 secs] 8804662K->8795311K(25159296K), 0.0413727 secs] [Times: user=0.50 sys=0.02, real=0.04 secs] 
2014-04-09T14:25:56.247+0900: 205.067: [GC (Allocation Failure) 205.067: [ParNew: 58019K->768K(59008K), 0.0447189 secs] 8847570K->8847072K(25159296K), 0.0450225 secs] [Times: user=0.55 sys=0.01, real=0.04 secs] 
2014-04-09T14:25:56.323+0900: 205.143: [GC (Allocation Failure) 205.143: [ParNew: 53241K->1709K(59008K), 0.0420402 secs] 8899545K->8896848K(25159296K), 0.0423386 secs] [Times: user=0.52 sys=0.02, real=0.04 secs] 
2014-04-09T14:25:56.390+0900: 205.209: [GC (Allocation Failure) 205.210: [ParNew: 54189K->6528K(59008K), 0.0369600 secs] 8949328K->8922098K(25159296K), 0.0372766 secs] [Times: user=0.46 sys=0.00, real=0.03 secs] 
2014-04-09T14:25:56.448+0900: 205.268: [GC (Allocation Failure) 205.268: [ParNew: 54902K->6528K(59008K), 0.0369345 secs] 8970473K->8943722K(25159296K), 0.0372606 secs] [Times: user=0.49 sys=0.01, real=0.03 secs] 
2014-04-09T14:25:56.510+0900: 205.330: [GC (Allocation Failure) 205.330: [ParNew: 58995K->6528K(59008K), 0.0410697 secs] 8996189K->8974796K(25159296K), 0.0413909 secs] [Times: user=0.51 sys=0.01, real=0.04 secs] 
2014-04-09T14:25:57.015+0900: 205.834: [GC (Allocation Failure) 205.834: [ParNew: 50300K->6528K(59008K), 0.0412400 secs] 9018569K->8989493K(25159296K), 0.0415850 secs] [Times: user=0.54 sys=0.00, real=0.04 secs] 
2014-04-09T14:25:57.073+0900: 205.892: [GC (Allocation Failure) 205.893: [ParNew: 49568K->3963K(59008K), 0.0397231 secs] 9032534K->9023785K(25159296K), 0.0400563 secs] [Times: user=0.53 sys=0.02, real=0.04 secs] 
2014-04-09T14:25:57.155+0900: 205.975: [GC (Allocation Failure) 205.975: [ParNew: 56442K->6527K(59008K), 0.0567620 secs] 9076263K->9053715K(25159296K), 0.0570948 secs] [Times: user=0.58 sys=0.01, real=0.06 secs] 
2014-04-09T14:25:57.295+0900: 206.115: [GC (Allocation Failure) 206.115: [ParNew: 59007K->6528K(59008K), 0.0480702 secs] 9106195K->9079306K(25159296K), 0.0484080 secs] [Times: user=0.46 sys=0.01, real=0.05 secs] 
2014-04-09T14:25:57.509+0900: 206.328: [GC (Allocation Failure) 206.329: [ParNew: 52819K->4650K(59008K), 0.0626148 secs] 9125597K->9083763K(25159296K), 0.0629562 secs] [Times: user=0.78 sys=0.01, real=0.06 secs] 
2014-04-09T14:25:57.599+0900: 206.419: [GC (Allocation Failure) 206.419: [ParNew: 57130K->2993K(59008K), 0.0465627 secs] 9136243K->9122748K(25159296K), 0.0468971 secs] [Times: user=0.62 sys=0.02, real=0.04 secs] 
2014-04-09T14:25:57.688+0900: 206.508: [GC (Allocation Failure) 206.508: [ParNew: 55473K->6528K(59008K), 0.0731151 secs] 9175228K->9133579K(25159296K), 0.0734514 secs] [Times: user=0.82 sys=0.02, real=0.07 secs] 
2014-04-09T14:25:57.817+0900: 206.637: [GC (Allocation Failure) 206.637: [ParNew: 59008K->6528K(59008K), 0.0586237 secs] 9186059K->9151846K(25159296K), 0.0589604 secs] [Times: user=0.68 sys=0.02, real=0.06 secs] 
2014-04-09T14:25:57.921+0900: 206.741: [GC (Allocation Failure) 206.741: [ParNew: 53923K->6528K(59008K), 0.0596107 secs] 9199241K->9177883K(25159296K), 0.0599488 secs] [Times: user=0.71 sys=0.01, real=0.06 secs] 
2014-04-09T14:25:58.030+0900: 206.850: [GC (Allocation Failure) 206.850: [ParNew: 57363K->6528K(59008K), 0.0765715 secs] 9228718K->9209536K(25159296K), 0.0769388 secs] [Times: user=0.96 sys=0.03, real=0.07 secs] 
2014-04-09T14:25:58.146+0900: 206.965: [GC (Allocation Failure) 206.966: [ParNew: 58979K->6528K(59008K), 0.0967640 secs] 9261988K->9247613K(25159296K), 0.0971494 secs] [Times: user=1.45 sys=0.02, real=0.10 secs] 
2014-04-09T14:25:58.283+0900: 207.103: [GC (Allocation Failure) 207.103: [ParNew: 59008K->6528K(59008K), 0.0824594 secs] 9300093K->9267861K(25159296K), 0.0828283 secs] [Times: user=1.18 sys=0.02, real=0.08 secs] 
2014-04-09T14:25:58.423+0900: 207.243: [GC (Allocation Failure) 207.243: [ParNew: 59008K->6528K(59008K), 0.0642671 secs] 9320341K->9276986K(25159296K), 0.0646207 secs] [Times: user=0.96 sys=0.01, real=0.07 secs] 
2014-04-09T14:25:58.542+0900: 207.362: [GC (Allocation Failure) 207.362: [ParNew: 59008K->6528K(59008K), 0.0830570 secs] 9329466K->9282208K(25159296K), 0.0834200 secs] [Times: user=1.21 sys=0.00, real=0.08 secs] 
2014-04-09T14:25:58.693+0900: 207.513: [GC (Allocation Failure) 207.513: [ParNew: 59008K->6293K(59008K), 0.0709620 secs] 9334688K->9293113K(25159296K), 0.0713495 secs] [Times: user=1.05 sys=0.01, real=0.07 secs] 
2014-04-09T14:25:58.841+0900: 207.660: [GC (Allocation Failure) 207.660: [ParNew: 58758K->3083K(59008K), 0.0593184 secs] 9345579K->9318583K(25159296K), 0.0597244 secs] [Times: user=0.84 sys=0.01, real=0.06 secs] 
2014-04-09T14:25:58.924+0900: 207.744: [GC (Allocation Failure) 207.744: [ParNew: 47813K->6528K(59008K), 0.0551922 secs] 9363313K->9340518K(25159296K), 0.0555338 secs] [Times: user=0.70 sys=0.00, real=0.06 secs] 
2014-04-09T14:25:59.012+0900: 207.832: [GC (Allocation Failure) 207.832: [ParNew: 59008K->5463K(59008K), 0.0476645 secs] 9392998K->9378337K(25159296K), 0.0480187 secs] [Times: user=0.61 sys=0.01, real=0.05 secs] 
2014-04-09T14:25:59.092+0900: 207.912: [GC (Allocation Failure) 207.912: [ParNew: 57942K->4849K(59008K), 0.0438329 secs] 9430817K->9400810K(25159296K), 0.0441655 secs] [Times: user=0.58 sys=0.00, real=0.04 secs] 
2014-04-09T14:25:59.172+0900: 207.992: [GC (Allocation Failure) 207.992: [ParNew: 57329K->6528K(59008K), 0.0460435 secs] 9453290K->9436206K(25159296K), 0.0463813 secs] [Times: user=0.57 sys=0.01, real=0.05 secs] 
2014-04-09T14:25:59.243+0900: 208.063: [GC (Allocation Failure) 208.063: [ParNew: 58747K->6528K(59008K), 0.0430586 secs] 9488426K->9454162K(25159296K), 0.0433952 secs] [Times: user=0.49 sys=0.02, real=0.04 secs] 
2014-04-09T14:25:59.322+0900: 208.142: [GC (Allocation Failure) 208.142: [ParNew: 59008K->6528K(59008K), 0.0736794 secs] 9506642K->9484037K(25159296K), 0.0740108 secs] [Times: user=0.71 sys=0.02, real=0.07 secs] 
2014-04-09T14:25:59.439+0900: 208.259: [GC (Allocation Failure) 208.259: [ParNew: 59008K->6528K(59008K), 0.0539725 secs] 9536517K->9500535K(25159296K), 0.0543027 secs] [Times: user=0.66 sys=0.01, real=0.05 secs] 
2014-04-09T14:25:59.537+0900: 208.357: [GC (Allocation Failure) 208.357: [ParNew: 59008K->6528K(59008K), 0.0457973 secs] 9553015K->9506651K(25159296K), 0.0461455 secs] [Times: user=0.60 sys=0.00, real=0.04 secs] 
2014-04-09T14:25:59.633+0900: 208.453: [GC (Allocation Failure) 208.453: [ParNew: 59008K->2118K(59008K), 0.0404822 secs] 9559131K->9505887K(25159296K), 0.0408104 secs] [Times: user=0.53 sys=0.01, real=0.04 secs] 
2014-04-09T14:25:59.731+0900: 208.550: [GC (Allocation Failure) 208.551: [ParNew: 51784K->4559K(59008K), 0.0372060 secs] 9555553K->9512423K(25159296K), 0.0375343 secs] [Times: user=0.49 sys=0.01, real=0.04 secs] 
2014-04-09T14:25:59.797+0900: 208.617: [CMS-concurrent-mark: 1.911/3.909 secs] [Times: user=43.22 sys=0.88, real=3.90 secs] 
2014-04-09T14:25:59.797+0900: 208.617: [CMS-concurrent-preclean-start]
2014-04-09T14:25:59.829+0900: 208.649: [GC (Allocation Failure) 208.649: [ParNew: 57018K->5650K(59008K), 0.0372015 secs] 9564882K->9531955K(25159296K), 0.0375397 secs] [Times: user=0.47 sys=0.00, real=0.03 secs] 
2014-04-09T14:25:59.888+0900: 208.708: [GC (Allocation Failure) 208.708: [ParNew: 51719K->6528K(59008K), 0.0435919 secs] 9578024K->9555242K(25159296K), 0.0439205 secs] [Times: user=0.53 sys=0.00, real=0.04 secs] 
2014-04-09T14:25:59.970+0900: 208.790: [GC (Allocation Failure) 208.790: [ParNew: 59008K->6527K(59008K), 0.0494969 secs] 9607722K->9589566K(25159296K), 0.0498258 secs] [Times: user=0.60 sys=0.01, real=0.05 secs] 
2014-04-09T14:26:00.048+0900: 208.867: [GC (Allocation Failure) 208.867: [ParNew: 58981K->6528K(59008K), 0.0527089 secs] 9642020K->9617597K(25159296K), 0.0530484 secs] [Times: user=0.64 sys=0.01, real=0.05 secs] 
2014-04-09T14:26:00.119+0900: 208.939: [GC (Allocation Failure) 208.939: [ParNew: 56149K->6471K(59008K), 0.0474264 secs] 9667218K->9651435K(25159296K), 0.0477602 secs] [Times: user=0.58 sys=0.02, real=0.04 secs] 
2014-04-09T14:26:00.186+0900: 209.006: [GC (Allocation Failure) 209.006: [ParNew: 58951K->6528K(59008K), 0.0500340 secs] 9703915K->9683050K(25159296K), 0.0503738 secs] [Times: user=0.60 sys=0.02, real=0.05 secs] 
2014-04-09T14:26:00.259+0900: 209.078: [GC (Allocation Failure) 209.079: [ParNew: 59008K->6528K(59008K), 0.0590903 secs] 9735530K->9700561K(25159296K), 0.0594214 secs] [Times: user=0.67 sys=0.02, real=0.06 secs] 
2014-04-09T14:26:00.344+0900: 209.163: [GC (Allocation Failure) 209.164: [ParNew: 59006K->6528K(59008K), 0.0467336 secs] 9753040K->9730031K(25159296K), 0.0470662 secs] [Times: user=0.54 sys=0.01, real=0.05 secs] 
2014-04-09T14:26:00.429+0900: 209.249: [GC (Allocation Failure) 209.249: [ParNew: 57670K->6528K(59008K), 0.0621659 secs] 9781173K->9752471K(25159296K), 0.0625096 secs] [Times: user=0.66 sys=0.02, real=0.06 secs] 
2014-04-09T14:26:00.518+0900: 209.338: [GC (Allocation Failure) 209.338: [ParNew: 59008K->6528K(59008K), 0.0466507 secs] 9804951K->9767386K(25159296K), 0.0469814 secs] [Times: user=0.56 sys=0.00, real=0.04 secs] 
2014-04-09T14:26:00.599+0900: 209.418: [GC (Allocation Failure) 209.419: [ParNew: 59008K->6528K(59008K), 0.0479854 secs] 9819866K->9780806K(25159296K), 0.0483235 secs] [Times: user=0.58 sys=0.00, real=0.04 secs] 
2014-04-09T14:26:00.667+0900: 209.487: [GC (Allocation Failure) 209.487: [ParNew: 54013K->3556K(59008K), 0.0474701 secs] 9828291K->9789513K(25159296K), 0.0478068 secs] [Times: user=0.61 sys=0.02, real=0.05 secs] 
2014-04-09T14:26:00.742+0900: 209.561: [GC (Allocation Failure) 209.562: [ParNew: 56036K->6528K(59008K), 0.0378066 secs] 9841993K->9807301K(25159296K), 0.0381371 secs] [Times: user=0.49 sys=0.01, real=0.04 secs] 
2014-04-09T14:26:00.811+0900: 209.631: [GC (Allocation Failure) 209.631: [ParNew: 59008K->6528K(59008K), 0.0412875 secs] 9859781K->9825609K(25159296K), 0.0416186 secs] [Times: user=0.50 sys=0.02, real=0.04 secs] 
2014-04-09T14:26:00.882+0900: 209.702: [GC (Allocation Failure) 209.702: [ParNew: 58755K->6528K(59008K), 0.0520425 secs] 9877836K->9842877K(25159296K), 0.0523787 secs] [Times: user=0.61 sys=0.01, real=0.05 secs] 
2014-04-09T14:26:00.966+0900: 209.786: [GC (Allocation Failure) 209.786: [ParNew: 54455K->6528K(59008K), 0.0506091 secs] 9890805K->9856915K(25159296K), 0.0509545 secs] [Times: user=0.67 sys=0.01, real=0.05 secs] 
2014-04-09T14:26:01.052+0900: 209.872: [GC (Allocation Failure) 209.872: [ParNew: 57843K->2777K(59008K), 0.0420716 secs] 9908230K->9863084K(25159296K), 0.0424044 secs] [Times: user=0.56 sys=0.00, real=0.04 secs] 
2014-04-09T14:26:01.121+0900: 209.941: [GC (Allocation Failure) 209.941: [ParNew: 55257K->1923K(59008K), 0.0402415 secs] 9915564K->9882631K(25159296K), 0.0405883 secs] [Times: user=0.55 sys=0.01, real=0.04 secs] 
2014-04-09T14:26:01.185+0900: 210.005: [GC (Allocation Failure) 210.005: [ParNew: 54403K->6528K(59008K), 0.0378320 secs] 9935111K->9898670K(25159296K), 0.0381804 secs] [Times: user=0.50 sys=0.01, real=0.04 secs] 
2014-04-09T14:26:01.258+0900: 210.078: [GC (Allocation Failure) 210.078: [ParNew: 59008K->6430K(59008K), 0.0479265 secs] 9951150K->9916829K(25159296K), 0.0482602 secs] [Times: user=0.57 sys=0.01, real=0.04 secs] 
2014-04-09T14:26:01.339+0900: 210.159: [GC (Allocation Failure) 210.159: [ParNew: 50080K->5459K(59008K), 0.0383215 secs] 9960479K->9937715K(25159296K), 0.0386505 secs] [Times: user=0.46 sys=0.01, real=0.04 secs] 
2014-04-09T14:26:01.404+0900: 210.224: [GC (Allocation Failure) 210.224: [ParNew: 57919K->1828K(59008K), 0.0443942 secs] 9990176K->9973405K(25159296K), 0.0447282 secs] [Times: user=0.55 sys=0.01, real=0.05 secs] 
2014-04-09T14:26:01.473+0900: 210.293: [GC (Allocation Failure) 210.293: [ParNew: 54285K->6528K(59008K), 0.0392914 secs] 10025861K->9993972K(25159296K), 0.0396221 secs] [Times: user=0.50 sys=0.00, real=0.04 secs] 
2014-04-09T14:26:01.540+0900: 210.360: [GC (Allocation Failure) 210.360: [ParNew: 59006K->5768K(59008K), 0.0440120 secs] 10046450K->10029661K(25159296K), 0.0443530 secs] [Times: user=0.59 sys=0.01, real=0.04 secs] 
2014-04-09T14:26:01.609+0900: 210.429: [GC (Allocation Failure) 210.429: [ParNew: 51798K->6528K(59008K), 0.0491803 secs] 10075691K->10052385K(25159296K), 0.0495159 secs] [Times: user=0.48 sys=0.02, real=0.05 secs] 
2014-04-09T14:26:01.686+0900: 210.506: [GC (Allocation Failure) 210.506: [ParNew: 59006K->6528K(59008K), 0.0447421 secs] 10104863K->10088349K(25159296K), 0.0450895 secs] [Times: user=0.52 sys=0.02, real=0.05 secs] 
2014-04-09T14:26:01.762+0900: 210.581: [GC (Allocation Failure) 210.581: [ParNew: 59008K->6528K(59008K), 0.0584311 secs] 10140829K->10116476K(25159296K), 0.0587628 secs] [Times: user=0.46 sys=0.02, real=0.06 secs] 
2014-04-09T14:26:01.840+0900: 210.660: [GC (Allocation Failure) 210.660: [ParNew: 54218K->6528K(59008K), 0.0447007 secs] 10164166K->10134762K(25159296K), 0.0450325 secs] [Times: user=0.54 sys=0.00, real=0.04 secs] 
2014-04-09T14:26:01.916+0900: 210.736: [GC (Allocation Failure) 210.736: [ParNew: 59008K->6528K(59008K), 0.0469799 secs] 10187242K->10152353K(25159296K), 0.0473112 secs] [Times: user=0.57 sys=0.01, real=0.05 secs] 
2014-04-09T14:26:02.042+0900: 210.862: [CMS-concurrent-preclean: 0.747/2.245 secs] [Times: user=20.66 sys=0.54, real=2.25 secs] 
2014-04-09T14:26:02.043+0900: 210.863: [GC (Allocation Failure) 210.863: [ParNew: 59008K->6528K(59008K), 0.0473031 secs] 10204833K->10166935K(25159296K), 0.0476358 secs] [Times: user=0.53 sys=0.01, real=0.05 secs] 
2014-04-09T14:26:02.093+0900: 210.912: [GC (CMS Final Remark) [YG occupancy: 6765 K (59008 K)]210.912: [Rescan (parallel) , 0.0252721 secs]210.938: [weak refs processing, 0.0001264 secs]210.938: [class unloading, 0.0453801 secs]210.983: [scrub symbol table, 0.0048025 secs]210.988: [scrub string table, 0.0014121 secs][1 CMS-remark: 10160407K(25100288K)] 10167173K(25159296K), 0.0839847 secs] [Times: user=0.38 sys=0.00, real=0.08 secs] 
2014-04-09T14:26:02.177+0900: 210.997: [CMS-concurrent-sweep-start]
2014-04-09T14:26:02.208+0900: 211.028: [GC (Allocation Failure) 211.028: [ParNew: 59008K->6527K(59008K), 0.0391112 secs] 10208715K->10162939K(25159296K), 0.0394601 secs] [Times: user=0.47 sys=0.00, real=0.04 secs] 
2014-04-09T14:26:02.268+0900: 211.088: [GC (Allocation Failure) 211.088: [ParNew: 59007K->6503K(59008K), 0.0487161 secs] 10208828K->10180843K(25159296K), 0.0490526 secs] [Times: user=0.58 sys=0.01, real=0.04 secs] 
2014-04-09T14:26:02.368+0900: 211.188: [GC (Allocation Failure) 211.188: [ParNew: 56510K->6528K(59008K), 0.0413109 secs] 10215664K->10180515K(25159296K), 0.0416477 secs] [Times: user=0.50 sys=0.01, real=0.05 secs] 
2014-04-09T14:26:02.442+0900: 211.262: [GC (Allocation Failure) 211.262: [ParNew: 59008K->6528K(59008K), 0.0459090 secs] 10223089K->10199260K(25159296K), 0.0462552 secs] [Times: user=0.54 sys=0.01, real=0.05 secs] 
2014-04-09T14:26:02.512+0900: 211.331: [GC (Allocation Failure) 211.332: [ParNew: 53236K->6528K(59008K), 0.0363791 secs] 10237952K->10205988K(25159296K), 0.0367212 secs] [Times: user=0.45 sys=0.01, real=0.04 secs] 
2014-04-09T14:26:02.580+0900: 211.399: [GC (Allocation Failure) 211.399: [ParNew: 59008K->6528K(59008K), 0.0487956 secs] 10244748K->10222621K(25159296K), 0.0491276 secs] [Times: user=0.58 sys=0.01, real=0.05 secs] 
2014-04-09T14:26:02.673+0900: 211.493: [GC (Allocation Failure) 211.493: [ParNew: 59008K->6528K(59008K), 0.0479170 secs] 10252552K->10220221K(25159296K), 0.0482453 secs] [Times: user=0.58 sys=0.00, real=0.05 secs] 
2014-04-09T14:26:02.747+0900: 211.567: [GC (Allocation Failure) 211.567: [ParNew: 59008K->6528K(59008K), 0.0407951 secs] 10260990K->10229821K(25159296K), 0.0411444 secs] [Times: user=0.50 sys=0.01, real=0.05 secs] 
2014-04-09T14:26:02.813+0900: 211.633: [GC (Allocation Failure) 211.633: [ParNew: 59008K->4672K(59008K), 0.0418485 secs] 10273686K->10241710K(25159296K), 0.0421822 secs] [Times: user=0.53 sys=0.00, real=0.04 secs] 
2014-04-09T14:26:02.906+0900: 211.726: [GC (Allocation Failure) 211.726: [ParNew: 54950K->6528K(59008K), 0.0466643 secs] 10275120K->10234228K(25159296K), 0.0469932 secs] [Times: user=0.62 sys=0.01, real=0.05 secs] 
2014-04-09T14:26:03.002+0900: 211.822: [GC (Allocation Failure) 211.822: [ParNew: 59008K->6528K(59008K), 0.0437485 secs] 10263496K->10226053K(25159296K), 0.0440769 secs] [Times: user=0.54 sys=0.00, real=0.04 secs] 
2014-04-09T14:26:03.072+0900: 211.891: [GC (Allocation Failure) 211.892: [ParNew: 59008K->6528K(59008K), 0.0445855 secs] 10266316K->10241739K(25159296K), 0.0449151 secs] [Times: user=0.53 sys=0.01, real=0.04 secs] 
2014-04-09T14:26:03.144+0900: 211.964: [GC (Allocation Failure) 211.964: [ParNew: 59008K->4747K(59008K), 0.0461936 secs] 10285087K->10260572K(25159296K), 0.0465248 secs] [Times: user=0.56 sys=0.01, real=0.05 secs] 
2014-04-09T14:26:03.237+0900: 212.057: [GC (Allocation Failure) 212.057: [ParNew: 50148K->6528K(59008K), 0.0449405 secs] 10289111K->10261214K(25159296K), 0.0452831 secs] [Times: user=0.55 sys=0.00, real=0.05 secs] 
2014-04-09T14:26:03.305+0900: 212.125: [GC (Allocation Failure) 212.125: [ParNew: 59008K->6528K(59008K), 0.0443821 secs] 10301907K->10273975K(25159296K), 0.0447178 secs] [Times: user=0.53 sys=0.00, real=0.05 secs] 
2014-04-09T14:26:03.374+0900: 212.193: [GC (Allocation Failure) 212.194: [ParNew: 59008K->6528K(59008K), 0.0445320 secs] 10315364K->10289564K(25159296K), 0.0448824 secs] [Times: user=0.54 sys=0.01, real=0.05 secs] 
2014-04-09T14:26:03.454+0900: 212.274: [GC (Allocation Failure) 212.274: [ParNew: 52904K->6528K(59008K), 0.0423283 secs] 10316208K->10280766K(25159296K), 0.0426707 secs] [Times: user=0.51 sys=0.01, real=0.04 secs] 
2014-04-09T14:26:03.534+0900: 212.354: [GC (Allocation Failure) 212.354: [ParNew: 59008K->6528K(59008K), 0.0451690 secs] 10314128K->10276737K(25159296K), 0.0455086 secs] [Times: user=0.54 sys=0.00, real=0.05 secs] 
2014-04-09T14:26:03.610+0900: 212.430: [GC (Allocation Failure) 212.430: [ParNew: 58993K->6528K(59008K), 0.0423117 secs] 10313562K->10281200K(25159296K), 0.0426409 secs] [Times: user=0.51 sys=0.01, real=0.04 secs] 
2014-04-09T14:26:03.673+0900: 212.492: [GC (Allocation Failure) 212.493: [ParNew: 58303K->4669K(59008K), 0.0436231 secs] 10323816K->10292338K(25159296K), 0.0439552 secs] [Times: user=0.52 sys=0.01, real=0.04 secs] 
2014-04-09T14:26:03.748+0900: 212.568: [GC (Allocation Failure) 212.568: [ParNew: 57149K->6528K(59008K), 0.0409735 secs] 10328913K->10294641K(25159296K), 0.0413133 secs] [Times: user=0.51 sys=0.00, real=0.05 secs] 
2014-04-09T14:26:03.807+0900: 212.626: [GC (Allocation Failure) 212.627: [ParNew: 58938K->6528K(59008K), 0.0444188 secs] 10341597K->10323594K(25159296K), 0.0447626 secs] [Times: user=0.53 sys=0.02, real=0.05 secs] 
2014-04-09T14:26:03.864+0900: 212.684: [GC (Allocation Failure) 212.684: [ParNew: 48876K->6528K(59008K), 0.0433515 secs] 10362064K->10341792K(25159296K), 0.0436902 secs] [Times: user=0.53 sys=0.01, real=0.04 secs] 
2014-04-09T14:26:03.927+0900: 212.747: [GC (Allocation Failure) 212.747: [ParNew: 59007K->6528K(59008K), 0.0451629 secs] 10386632K->10375435K(25159296K), 0.0455044 secs] [Times: user=0.55 sys=0.01, real=0.05 secs] 
2014-04-09T14:26:03.988+0900: 212.808: [GC (Allocation Failure) 212.808: [ParNew: 59007K->6528K(59008K), 0.0458822 secs] 10420687K->10393220K(25159296K), 0.0462156 secs] [Times: user=0.56 sys=0.00, real=0.05 secs] 
2014-04-09T14:26:04.049+0900: 212.869: [GC (Allocation Failure) 212.869: [ParNew: 54648K->6528K(59008K), 0.0448346 secs] 10435402K->10410352K(25159296K), 0.0451858 secs] [Times: user=0.54 sys=0.00, real=0.04 secs] 
2014-04-09T14:26:04.113+0900: 212.932: [GC (Allocation Failure) 212.932: [ParNew: 59008K->6528K(59008K), 0.0470654 secs] 10453986K->10426164K(25159296K), 0.0473967 secs] [Times: user=0.56 sys=0.01, real=0.05 secs] 
2014-04-09T14:26:04.184+0900: 213.004: [GC (Allocation Failure) 213.004: [ParNew: 59008K->6528K(59008K), 0.0501495 secs] 10466157K->10434215K(25159296K), 0.0504838 secs] [Times: user=0.56 sys=0.02, real=0.05 secs] 
2014-04-09T14:26:04.262+0900: 213.082: [GC (Allocation Failure) 213.082: [ParNew: 59008K->6528K(59008K), 0.0464416 secs] 10472892K->10435442K(25159296K), 0.0467819 secs] [Times: user=0.55 sys=0.01, real=0.05 secs] 
2014-04-09T14:26:04.333+0900: 213.153: [GC (Allocation Failure) 213.153: [ParNew: 57069K->6528K(59008K), 0.0417236 secs] 10472843K->10433802K(25159296K), 0.0420653 secs] [Times: user=0.50 sys=0.00, real=0.04 secs] 
2014-04-09T14:26:04.400+0900: 213.220: [GC (Allocation Failure) 213.220: [ParNew: 59008K->6528K(59008K), 0.0437895 secs] 10474966K->10434881K(25159296K), 0.0441217 secs] [Times: user=0.52 sys=0.00, real=0.04 secs] 
2014-04-09T14:26:04.481+0900: 213.300: [GC (Allocation Failure) 213.300: [ParNew: 57980K->6528K(59008K), 0.0453848 secs] 10466456K->10423612K(25159296K), 0.0457306 secs] [Times: user=0.56 sys=0.00, real=0.04 secs] 
2014-04-09T14:26:04.546+0900: 213.365: [GC (Allocation Failure) 213.366: [ParNew: 59006K->6297K(59008K), 0.0390573 secs] 10466061K->10430387K(25159296K), 0.0393922 secs] [Times: user=0.49 sys=0.01, real=0.04 secs] 
2014-04-09T14:26:04.623+0900: 213.443: [GC (Allocation Failure) 213.443: [ParNew: 58777K->6528K(59008K), 0.0391867 secs] 10461105K->10426040K(25159296K), 0.0395251 secs] [Times: user=0.47 sys=0.01, real=0.04 secs] 
2014-04-09T14:26:04.704+0900: 213.523: [GC (Allocation Failure) 213.524: [ParNew: 54577K->4478K(59008K), 0.0437014 secs] 10451280K->10417331K(25159296K), 0.0440590 secs] [Times: user=0.52 sys=0.01, real=0.04 secs] 
2014-04-09T14:26:04.770+0900: 213.590: [GC (Allocation Failure) 213.590: [ParNew: 56934K->6528K(59008K), 0.0403593 secs] 10457633K->10420174K(25159296K), 0.0406953 secs] [Times: user=0.50 sys=0.01, real=0.04 secs] 
2014-04-09T14:26:04.824+0900: 213.644: [GC (Allocation Failure) 213.644: [ParNew: 59008K->6528K(59008K), 0.0388515 secs] 10467264K->10444996K(25159296K), 0.0391836 secs] [Times: user=0.48 sys=0.01, real=0.04 secs] 
2014-04-09T14:26:04.884+0900: 213.704: [GC (Allocation Failure) 213.704: [ParNew: 59008K->6203K(59008K), 0.0388548 secs] 10486264K->10464917K(25159296K), 0.0391862 secs] [Times: user=0.47 sys=0.01, real=0.04 secs] 
2014-04-09T14:26:04.947+0900: 213.767: [GC (Allocation Failure) 213.767: [ParNew: 50664K->6528K(59008K), 0.0416708 secs] 10495969K->10476112K(25159296K), 0.0419992 secs] [Times: user=0.48 sys=0.01, real=0.05 secs] 
2014-04-09T14:26:05.016+0900: 213.836: [GC (Allocation Failure) 213.836: [ParNew: 59008K->6528K(59008K), 0.0432522 secs] 10513014K->10487755K(25159296K), 0.0435886 secs] [Times: user=0.52 sys=0.00, real=0.05 secs] 
2014-04-09T14:26:05.080+0900: 213.900: [GC (Allocation Failure) 213.900: [ParNew: 57028K->6528K(59008K), 0.0471781 secs] 10527083K->10508289K(25159296K), 0.0475126 secs] [Times: user=0.57 sys=0.01, real=0.04 secs] 
2014-04-09T14:26:05.145+0900: 213.965: [GC (Allocation Failure) 213.965: [ParNew: 59008K->6528K(59008K), 0.0448141 secs] 10552640K->10529249K(25159296K), 0.0451456 secs] [Times: user=0.54 sys=0.02, real=0.05 secs] 
2014-04-09T14:26:05.206+0900: 214.026: [GC (Allocation Failure) 214.026: [ParNew: 59008K->6528K(59008K), 0.0432478 secs] 10575225K->10543003K(25159296K), 0.0435810 secs] [Times: user=0.52 sys=0.01, real=0.05 secs] 
2014-04-09T14:26:05.278+0900: 214.098: [GC (Allocation Failure) 214.098: [ParNew: 59008K->6528K(59008K), 0.0433467 secs] 10580024K->10543908K(25159296K), 0.0437245 secs] [Times: user=0.53 sys=0.01, real=0.05 secs] 
2014-04-09T14:26:05.354+0900: 214.173: [GC (Allocation Failure) 214.174: [ParNew: 59008K->6528K(59008K), 0.0407420 secs] 10578094K->10539480K(25159296K), 0.0410737 secs] [Times: user=0.48 sys=0.00, real=0.04 secs] 
2014-04-09T14:26:05.425+0900: 214.245: [GC (Allocation Failure) 214.245: [ParNew: 59008K->6528K(59008K), 0.0352850 secs] 10574853K->10533805K(25159296K), 0.0356288 secs] [Times: user=0.44 sys=0.00, real=0.04 secs] 
2014-04-09T14:26:05.491+0900: 214.310: [GC (Allocation Failure) 214.310: [ParNew: 48960K->6528K(59008K), 0.0360378 secs] 10559874K->10524562K(25159296K), 0.0363720 secs] [Times: user=0.43 sys=0.01, real=0.03 secs] 
2014-04-09T14:26:05.554+0900: 214.373: [GC (Allocation Failure) 214.373: [ParNew: 59008K->4464K(59008K), 0.0379274 secs] 10562428K->10536477K(25159296K), 0.0382614 secs] [Times: user=0.47 sys=0.00, real=0.04 secs] 
2014-04-09T14:26:05.619+0900: 214.439: [GC (Allocation Failure) 214.439: [ParNew: 54636K->6528K(59008K), 0.0401391 secs] 10570738K->10533855K(25159296K), 0.0404733 secs] [Times: user=0.48 sys=0.00, real=0.04 secs] 
2014-04-09T14:26:05.684+0900: 214.504: [GC (Allocation Failure) 214.504: [ParNew: 55725K->6135K(59008K), 0.0361846 secs] 10573608K->10555561K(25159296K), 0.0365264 secs] [Times: user=0.44 sys=0.02, real=0.04 secs] 
2014-04-09T14:26:05.744+0900: 214.564: [GC (Allocation Failure) 214.564: [ParNew: 58614K->6528K(59008K), 0.0434237 secs] 10598466K->10572692K(25159296K), 0.0437607 secs] [Times: user=0.53 sys=0.00, real=0.05 secs] 
2014-04-09T14:26:05.807+0900: 214.627: [GC (Allocation Failure) 214.627: [ParNew: 52215K->6528K(59008K), 0.0409237 secs] 10611621K->10595822K(25159296K), 0.0412620 secs] [Times: user=0.49 sys=0.01, real=0.05 secs] 
2014-04-09T14:26:05.871+0900: 214.691: [GC (Allocation Failure) 214.691: [ParNew: 59008K->6528K(59008K), 0.0477316 secs] 10636175K->10621429K(25159296K), 0.0480677 secs] [Times: user=0.58 sys=0.01, real=0.05 secs] 
2014-04-09T14:26:05.938+0900: 214.758: [GC (Allocation Failure) 214.758: [ParNew: 59008K->6528K(59008K), 0.0441891 secs] 10662796K->10638574K(25159296K), 0.0445364 secs] [Times: user=0.52 sys=0.01, real=0.04 secs] 
2014-04-09T14:26:06.002+0900: 214.821: [GC (Allocation Failure) 214.821: [ParNew: 59008K->6528K(59008K), 0.0413281 secs] 10681415K->10663389K(25159296K), 0.0416658 secs] [Times: user=0.51 sys=0.01, real=0.04 secs] 
2014-04-09T14:26:06.065+0900: 214.885: [GC (Allocation Failure) 214.885: [ParNew: 59008K->6528K(59008K), 0.0389869 secs] 10706808K->10669031K(25159296K), 0.0393263 secs] [Times: user=0.46 sys=0.01, real=0.04 secs] 
2014-04-09T14:26:06.123+0900: 214.943: [GC (Allocation Failure) 214.943: [ParNew: 59008K->6528K(59008K), 0.0408670 secs] 10711671K->10689491K(25159296K), 0.0412069 secs] [Times: user=0.48 sys=0.01, real=0.04 secs] 
2014-04-09T14:26:06.195+0900: 215.014: [GC (Allocation Failure) 215.015: [ParNew: 59008K->6528K(59008K), 0.0418147 secs] 10723774K->10689351K(25159296K), 0.0421439 secs] [Times: user=0.48 sys=0.00, real=0.04 secs] 
2014-04-09T14:26:06.267+0900: 215.087: [GC (Allocation Failure) 215.087: [ParNew: 59008K->6528K(59008K), 0.0471840 secs] 10724389K->10689207K(25159296K), 0.0475178 secs] [Times: user=0.55 sys=0.01, real=0.05 secs] 
2014-04-09T14:26:06.342+0900: 215.161: [GC (Allocation Failure) 215.161: [ParNew: 57375K->5833K(59008K), 0.0404982 secs] 10726603K->10679299K(25159296K), 0.0408407 secs] [Times: user=0.49 sys=0.01, real=0.04 secs] 
2014-04-09T14:26:06.410+0900: 215.230: [GC (Allocation Failure) 215.230: [ParNew: 58313K->2194K(59008K), 0.0362838 secs] 10718614K->10670687K(25159296K), 0.0366151 secs] [Times: user=0.45 sys=0.01, real=0.03 secs] 
2014-04-09T14:26:06.478+0900: 215.298: [GC (Allocation Failure) 215.298: [ParNew: 54114K->3330K(59008K), 0.0388245 secs] 10705358K->10668910K(25159296K), 0.0391620 secs] [Times: user=0.47 sys=0.01, real=0.03 secs] 
2014-04-09T14:26:06.542+0900: 215.362: [GC (Allocation Failure) 215.362: [ParNew: 53378K->6528K(59008K), 0.0439212 secs] 10706381K->10675332K(25159296K), 0.0442605 secs] [Times: user=0.55 sys=0.00, real=0.04 secs] 
2014-04-09T14:26:06.612+0900: 215.432: [GC (Allocation Failure) 215.432: [ParNew: 59007K->6528K(59008K), 0.0486149 secs] 10715122K->10690186K(25159296K), 0.0489464 secs] [Times: user=0.59 sys=0.01, real=0.05 secs] 
2014-04-09T14:26:06.687+0900: 215.507: [GC (Allocation Failure) 215.507: [ParNew: 59008K->6232K(59008K), 0.0404646 secs] 10729988K->10707257K(25159296K), 0.0407986 secs] [Times: user=0.48 sys=0.02, real=0.04 secs] 
2014-04-09T14:26:06.747+0900: 215.567: [GC (Allocation Failure) 215.567: [ParNew: 53280K->6528K(59008K), 0.0380452 secs] 10744951K->10717378K(25159296K), 0.0383871 secs] [Times: user=0.47 sys=0.01, real=0.04 secs] 
2014-04-09T14:26:06.810+0900: 215.630: [GC (Allocation Failure) 215.630: [ParNew: 59008K->5656K(59008K), 0.0420371 secs] 10757722K->10735044K(25159296K), 0.0423724 secs] [Times: user=0.51 sys=0.01, real=0.04 secs] 
2014-04-09T14:26:06.873+0900: 215.693: [GC (Allocation Failure) 215.693: [ParNew: 50929K->6528K(59008K), 0.0375657 secs] 10770019K->10739815K(25159296K), 0.0379091 secs] [Times: user=0.46 sys=0.00, real=0.04 secs] 
2014-04-09T14:26:06.936+0900: 215.755: [GC (Allocation Failure) 215.756: [ParNew: 59008K->6528K(59008K), 0.0429591 secs] 10766910K->10746719K(25159296K), 0.0432985 secs] [Times: user=0.51 sys=0.02, real=0.05 secs] 
2014-04-09T14:26:07.013+0900: 215.833: [GC (Allocation Failure) 215.833: [ParNew: 59008K->6528K(59008K), 0.0415778 secs] 10746166K->10714702K(25159296K), 0.0419144 secs] [Times: user=0.49 sys=0.00, real=0.04 secs] 
2014-04-09T14:26:07.092+0900: 215.912: [GC (Allocation Failure) 215.912: [ParNew: 58080K->6528K(59008K), 0.0405143 secs] 10700419K->10664166K(25159296K), 0.0408463 secs] [Times: user=0.49 sys=0.01, real=0.04 secs] 
2014-04-09T14:26:07.163+0900: 215.982: [GC (Allocation Failure) 215.983: [ParNew: 59006K->3066K(59008K), 0.0400968 secs] 10679154K->10651442K(25159296K), 0.0404273 secs] [Times: user=0.47 sys=0.01, real=0.04 secs] 
2014-04-09T14:26:07.221+0900: 216.041: [GC (Allocation Failure) 216.041: [ParNew: 51636K->6528K(59008K), 0.0369860 secs] 10679612K->10649990K(25159296K), 0.0373362 secs] [Times: user=0.46 sys=0.01, real=0.04 secs] 
2014-04-09T14:26:07.271+0900: 216.090: [CMS-concurrent-sweep: 1.821/5.093 secs] [Times: user=46.49 sys=1.01, real=5.10 secs] 
2014-04-09T14:26:07.271+0900: 216.091: [CMS-concurrent-reset-start]
2014-04-09T14:26:07.280+0900: 216.100: [GC (Allocation Failure) 216.100: [ParNew: 58844K->6527K(59008K), 0.0446437 secs] 10682781K->10660283K(25159296K), 0.0449772 secs] [Times: user=0.54 sys=0.01, real=0.04 secs] 
2014-04-09T14:26:07.367+0900: 216.187: [GC (Allocation Failure) 216.187: [ParNew: 59007K->6528K(59008K), 0.0479073 secs] 10712763K->10683968K(25159296K), 0.0482577 secs] [Times: user=0.56 sys=0.00, real=0.05 secs] 
2014-04-09T14:26:07.450+0900: 216.269: [GC (Allocation Failure) 216.269: [ParNew: 59007K->6528K(59008K), 0.0427446 secs] 10736447K->10719703K(25159296K), 0.0430846 secs] [Times: user=0.49 sys=0.02, real=0.04 secs] 
2014-04-09T14:26:07.503+0900: 216.323: [CMS-concurrent-reset: 0.090/0.232 secs] [Times: user=1.92 sys=0.05, real=0.23 secs] 
2014-04-09T14:26:07.536+0900: 216.355: [GC (Allocation Failure) 216.355: [ParNew: 59008K->6528K(59008K), 0.0464182 secs] 10772183K->10738553K(25159296K), 0.0467568 secs] [Times: user=0.54 sys=0.01, real=0.05 secs] 
2014-04-09T14:26:07.584+0900: 216.404: [GC (CMS Initial Mark) [1 CMS-initial-mark: 10732025K(25100288K)] 10738866K(25159296K), 0.0020649 secs] [Times: user=0.01 sys=0.00, real=0.00 secs] 
2014-04-09T14:26:07.587+0900: 216.406: [CMS-concurrent-mark-start]
2014-04-09T14:26:07.648+0900: 216.468: [GC (Allocation Failure) 216.468: [ParNew: 59008K->4634K(59008K), 0.0435750 secs] 10791033K->10740954K(25159296K), 0.0439110 secs] [Times: user=0.52 sys=0.01, real=0.05 secs] 
2014-04-09T14:26:07.757+0900: 216.577: [GC (Allocation Failure) 216.577: [ParNew: 56917K->5985K(59008K), 0.0361502 secs] 10793237K->10742305K(25159296K), 0.0364962 secs] [Times: user=0.45 sys=0.01, real=0.04 secs] 
2014-04-09T14:26:07.857+0900: 216.677: [GC (Allocation Failure) 216.677: [ParNew: 58462K->2857K(59008K), 0.0404916 secs] 10794782K->10758723K(25159296K), 0.0408326 secs] [Times: user=0.50 sys=0.00, real=0.04 secs] 
2014-04-09T14:26:07.917+0900: 216.737: [GC (Allocation Failure) 216.737: [ParNew: 55337K->6528K(59008K), 0.0367730 secs] 10811203K->10781907K(25159296K), 0.0371098 secs] [Times: user=0.46 sys=0.00, real=0.04 secs] 
2014-04-09T14:26:07.985+0900: 216.805: [GC (Allocation Failure) 216.805: [ParNew: 59006K->6528K(59008K), 0.0349827 secs] 10834386K->10818361K(25159296K), 0.0353153 secs] [Times: user=0.42 sys=0.01, real=0.04 secs] 
2014-04-09T14:26:08.048+0900: 216.868: [GC (Allocation Failure) 216.868: [ParNew: 59008K->6528K(59008K), 0.0427271 secs] 10870841K->10844066K(25159296K), 0.0430608 secs] [Times: user=0.51 sys=0.02, real=0.05 secs] 
2014-04-09T14:26:08.136+0900: 216.956: [GC (Allocation Failure) 216.956: [ParNew: 59006K->6528K(59008K), 0.0456957 secs] 10896545K->10869425K(25159296K), 0.0460264 secs] [Times: user=0.51 sys=0.01, real=0.05 secs] 
2014-04-09T14:26:08.234+0900: 217.053: [GC (Allocation Failure) 217.054: [ParNew: 59008K->6528K(59008K), 0.0493017 secs] 10921905K->10879091K(25159296K), 0.0496376 secs] [Times: user=0.60 sys=0.00, real=0.05 secs] 
2014-04-09T14:26:08.359+0900: 217.179: [GC (Allocation Failure) 217.179: [ParNew: 59008K->6031K(59008K), 0.0393327 secs] 10931571K->10882418K(25159296K), 0.0396750 secs] [Times: user=0.47 sys=0.00, real=0.04 secs] 
2014-04-09T14:26:08.445+0900: 217.264: [GC (Allocation Failure) 217.265: [ParNew: 54331K->6528K(59008K), 0.0358895 secs] 10930719K->10894899K(25159296K), 0.0362251 secs] [Times: user=0.43 sys=0.01, real=0.04 secs] 
2014-04-09T14:26:08.565+0900: 217.385: [GC (Allocation Failure) 217.385: [ParNew: 58980K->6528K(59008K), 0.0403558 secs] 10947351K->10909594K(25159296K), 0.0406882 secs] [Times: user=0.50 sys=0.00, real=0.04 secs] 
2014-04-09T14:26:08.969+0900: 217.789: [GC (Allocation Failure) 217.789: [ParNew: 59006K->6528K(59008K), 0.0567542 secs] 10962072K->10943611K(25159296K), 0.0570846 secs] [Times: user=0.62 sys=0.02, real=0.05 secs] 
2014-04-09T14:26:09.164+0900: 217.983: [GC (Allocation Failure) 217.984: [ParNew: 59008K->6528K(59008K), 0.0461010 secs] 10996091K->10953756K(25159296K), 0.0464299 secs] [Times: user=0.54 sys=0.01, real=0.05 secs] 
2014-04-09T14:26:09.329+0900: 218.149: [GC (Allocation Failure) 218.149: [ParNew: 51940K->1433K(59008K), 0.0414271 secs] 10999168K->10962715K(25159296K), 0.0417421 secs] [Times: user=0.51 sys=0.01, real=0.05 secs] 
2014-04-09T14:26:09.402+0900: 218.222: [GC (Allocation Failure) 218.222: [ParNew: 53355K->723K(59008K), 0.0354663 secs] 11014638K->10982327K(25159296K), 0.0357822 secs] [Times: user=0.45 sys=0.00, real=0.03 secs] 
2014-04-09T14:26:09.549+0900: 218.369: [GC (Allocation Failure) 218.369: [ParNew: 53203K->6528K(59008K), 0.0614360 secs] 11034807K->11013264K(25159296K), 0.0617556 secs] [Times: user=0.59 sys=0.01, real=0.06 secs] 
2014-04-09T14:26:09.700+0900: 218.520: [GC (Allocation Failure) 218.520: [ParNew: 58495K->5487K(59008K), 0.0459144 secs] 11065232K->11021867K(25159296K), 0.0462418 secs] [Times: user=0.56 sys=0.00, real=0.04 secs] 
2014-04-09T14:26:10.083+0900: 218.902: [CMS-concurrent-mark: 1.730/2.496 secs] [Times: user=16.96 sys=0.38, real=2.50 secs] 
2014-04-09T14:26:10.083+0900: 218.902: [CMS-concurrent-preclean-start]
2014-04-09T14:26:10.451+0900: 219.270: [CMS-concurrent-preclean: 0.339/0.368 secs] [Times: user=0.37 sys=0.00, real=0.37 secs] 
2014-04-09T14:26:10.451+0900: 219.271: [CMS-concurrent-abortable-preclean-start]
2014-04-09T14:26:11.985+0900: 220.805: [GC (Allocation Failure) 220.805: [ParNew: 57966K->6528K(59008K), 0.0456279 secs] 11074346K->11046093K(25159296K), 0.0459769 secs] [Times: user=0.54 sys=0.02, real=0.05 secs] 
2014-04-09T14:26:12.196+0900: 221.015: [CMS-concurrent-abortable-preclean: 1.291/1.745 secs] [Times: user=1.97 sys=0.03, real=1.74 secs] 
2014-04-09T14:26:12.197+0900: 221.017: [GC (Allocation Failure) 221.017: [ParNew: 59008K->6528K(59008K), 0.0497255 secs] 11098573K->11065962K(25159296K), 0.0500383 secs] [Times: user=0.50 sys=0.02, real=0.05 secs] 
2014-04-09T14:26:12.248+0900: 221.068: [GC (CMS Final Remark) [YG occupancy: 6736 K (59008 K)]221.068: [Rescan (parallel) , 0.0179964 secs]221.086: [weak refs processing, 0.0000665 secs]221.086: [class unloading, 0.0573575 secs]221.144: [scrub symbol table, 0.0048053 secs]221.149: [scrub string table, 0.0014054 secs][1 CMS-remark: 11059434K(25100288K)] 11066171K(25159296K), 0.0887594 secs] [Times: user=0.30 sys=0.00, real=0.09 secs] 
2014-04-09T14:26:12.338+0900: 221.157: [CMS-concurrent-sweep-start]
2014-04-09T14:26:12.452+0900: 221.271: [GC (Allocation Failure) 221.271: [ParNew: 55772K->6528K(59008K), 0.0441745 secs] 11108527K->11065836K(25159296K), 0.0445128 secs] [Times: user=0.51 sys=0.00, real=0.04 secs] 
2014-04-09T14:26:12.582+0900: 221.401: [GC (Allocation Failure) 221.402: [ParNew: 59001K->6528K(59008K), 0.0371373 secs] 11114694K->11073613K(25159296K), 0.0374758 secs] [Times: user=0.45 sys=0.01, real=0.03 secs] 
2014-04-09T14:26:12.674+0900: 221.494: [GC (Allocation Failure) 221.494: [ParNew: 59008K->6528K(59008K), 0.0461890 secs] 11124539K->11096853K(25159296K), 0.0465198 secs] [Times: user=0.56 sys=0.00, real=0.05 secs] 
2014-04-09T14:26:12.826+0900: 221.646: [GC (Allocation Failure) 221.646: [ParNew: 58393K->6528K(59008K), 0.0453784 secs] 11146327K->11106512K(25159296K), 0.0457205 secs] [Times: user=0.52 sys=0.01, real=0.05 secs] 
2014-04-09T14:26:12.954+0900: 221.773: [GC (Allocation Failure) 221.774: [ParNew: 59008K->6528K(59008K), 0.0439075 secs] 11147051K->11106651K(25159296K), 0.0442507 secs] [Times: user=0.50 sys=0.01, real=0.04 secs] 
2014-04-09T14:26:13.104+0900: 221.924: [GC (Allocation Failure) 221.924: [ParNew: 51015K->6528K(59008K), 0.0347807 secs] 11129562K->11089315K(25159296K), 0.0351241 secs] [Times: user=0.42 sys=0.00, real=0.04 secs] 
2014-04-09T14:26:13.215+0900: 222.035: [GC (Allocation Failure) 222.035: [ParNew: 58995K->6517K(59008K), 0.0318583 secs] 11130530K->11090362K(25159296K), 0.0321844 secs] [Times: user=0.40 sys=0.01, real=0.03 secs] 
2014-04-09T14:26:13.309+0900: 222.129: [GC (Allocation Failure) 222.129: [ParNew: 58996K->6528K(59008K), 0.0392667 secs] 11131269K->11105437K(25159296K), 0.0395969 secs] [Times: user=0.41 sys=0.01, real=0.04 secs] 
2014-04-09T14:26:13.456+0900: 222.276: [GC (Allocation Failure) 222.276: [ParNew: 59008K->6528K(59008K), 0.0450751 secs] 11146237K->11104581K(25159296K), 0.0454069 secs] [Times: user=0.51 sys=0.01, real=0.05 secs] 
2014-04-09T14:26:13.636+0900: 222.455: [GC (Allocation Failure) 222.455: [ParNew: 55492K->5355K(59008K), 0.0427617 secs] 11139612K->11105169K(25159296K), 0.0430909 secs] [Times: user=0.49 sys=0.01, real=0.04 secs] 
2014-04-09T14:26:13.709+0900: 222.529: [GC (Allocation Failure) 222.529: [ParNew: 56926K->1503K(59008K), 0.0362228 secs] 11155053K->11119952K(25159296K), 0.0365498 secs] [Times: user=0.44 sys=0.01, real=0.04 secs] 
2014-04-09T14:26:13.828+0900: 222.648: [GC (Allocation Failure) 222.648: [ParNew: 53982K->6528K(59008K), 0.0503481 secs] 11169061K->11146900K(25159296K), 0.0506670 secs] [Times: user=0.58 sys=0.02, real=0.05 secs] 
2014-04-09T14:26:13.992+0900: 222.812: [GC (Allocation Failure) 222.812: [ParNew: 59008K->4798K(59008K), 0.0413554 secs] 11189867K->11141902K(25159296K), 0.0416857 secs] [Times: user=0.51 sys=0.01, real=0.04 secs] 
2014-04-09T14:26:14.138+0900: 222.958: [GC (Allocation Failure) 222.958: [ParNew: 57261K->4878K(59008K), 0.0417927 secs] 11174640K->11132418K(25159296K), 0.0421367 secs] [Times: user=0.52 sys=0.01, real=0.05 secs] 
2014-04-09T14:26:14.229+0900: 223.049: [GC (Allocation Failure) 223.049: [ParNew: 57358K->6233K(59008K), 0.0410564 secs] 11175053K->11145020K(25159296K), 0.0413703 secs] [Times: user=0.49 sys=0.01, real=0.05 secs] 
2014-04-09T14:26:14.370+0900: 223.190: [GC (Allocation Failure) 223.190: [ParNew: 58713K->6528K(59008K), 0.0537816 secs] 11180313K->11143504K(25159296K), 0.0540926 secs] [Times: user=0.56 sys=0.01, real=0.05 secs] 
2014-04-09T14:26:14.505+0900: 223.325: [GC (Allocation Failure) 223.325: [ParNew: 59008K->6528K(59008K), 0.0430999 secs] 11163628K->11122923K(25159296K), 0.0434126 secs] [Times: user=0.48 sys=0.01, real=0.04 secs] 
2014-04-09T14:26:14.569+0900: 223.389: [GC (Allocation Failure) 223.389: [ParNew: 59008K->2197K(59008K), 0.0340880 secs] 11163465K->11110992K(25159296K), 0.0343997 secs] [Times: user=0.40 sys=0.01, real=0.04 secs] 
2014-04-09T14:26:14.609+0900: 223.429: [CMS-concurrent-sweep: 1.482/2.272 secs] [Times: user=12.04 sys=0.25, real=2.27 secs] 
2014-04-09T14:26:14.610+0900: 223.429: [CMS-concurrent-reset-start]
2014-04-09T14:26:14.625+0900: 223.444: [GC (Allocation Failure) 223.444: [ParNew: 54677K->641K(59008K), 0.0309463 secs] 9164405K->9110369K(25159296K), 0.0312502 secs] [Times: user=0.39 sys=0.01, real=0.03 secs] 
2014-04-09T14:26:14.677+0900: 223.497: [GC (Allocation Failure) 223.497: [ParNew: 53121K->160K(59008K), 0.0303256 secs] 9162849K->9109888K(25159296K), 0.0306317 secs] [Times: user=0.38 sys=0.00, real=0.03 secs] 
2014-04-09T14:26:14.729+0900: 223.549: [GC (Allocation Failure) 223.549: [ParNew: 52640K->51K(59008K), 0.0288247 secs] 9162368K->9109779K(25159296K), 0.0291226 secs] [Times: user=0.36 sys=0.00, real=0.03 secs] 
2014-04-09T14:26:14.779+0900: 223.599: [GC (Allocation Failure) 223.599: [ParNew: 52531K->22K(59008K), 0.0317397 secs] 9162259K->9109750K(25159296K), 0.0320386 secs] [Times: user=0.40 sys=0.01, real=0.04 secs] 
2014-04-09T14:26:14.811+0900: 223.631: [CMS-concurrent-reset: 0.073/0.202 secs] [Times: user=2.12 sys=0.02, real=0.21 secs] 
2014-04-09T14:26:14.829+0900: 223.649: [GC (Allocation Failure) 223.649: [ParNew: 52502K->22K(59008K), 0.0308483 secs] 9162230K->9109750K(25159296K), 0.0311515 secs] [Times: user=0.39 sys=0.00, real=0.03 secs] 
2014-04-09T14:26:14.861+0900: 223.681: [GC (CMS Initial Mark) [1 CMS-initial-mark: 9109728K(25100288K)] 9110485K(25159296K), 0.0011676 secs] [Times: user=0.01 sys=0.00, real=0.00 secs] 
2014-04-09T14:26:14.863+0900: 223.682: [CMS-concurrent-mark-start]
2014-04-09T14:26:14.881+0900: 223.701: [GC (Allocation Failure) 223.701: [ParNew: 52502K->22K(59008K), 0.0313603 secs] 9162230K->9109750K(25159296K), 0.0316692 secs] [Times: user=0.39 sys=0.01, real=0.03 secs] 
2014-04-09T14:26:14.932+0900: 223.752: [GC (Allocation Failure) 223.752: [ParNew: 52502K->26K(59008K), 0.0306235 secs] 9162230K->9109754K(25159296K), 0.0309279 secs] [Times: user=0.38 sys=0.00, real=0.03 secs] 
2014-04-09T14:26:14.982+0900: 223.802: [GC (Allocation Failure) 223.802: [ParNew: 52506K->26K(59008K), 0.0291180 secs] 9162234K->9109754K(25159296K), 0.0294231 secs] [Times: user=0.37 sys=0.00, real=0.03 secs] 
2014-04-09T14:26:15.030+0900: 223.850: [GC (Allocation Failure) 223.850: [ParNew: 52506K->26K(59008K), 0.0312238 secs] 9162234K->9109754K(25159296K), 0.0315313 secs] [Times: user=0.39 sys=0.00, real=0.03 secs] 
2014-04-09T14:26:15.080+0900: 223.900: [GC (Allocation Failure) 223.900: [ParNew: 52506K->26K(59008K), 0.0304662 secs] 9162234K->9109754K(25159296K), 0.0307671 secs] [Times: user=0.38 sys=0.00, real=0.04 secs] 
2014-04-09T14:26:15.129+0900: 223.949: [GC (Allocation Failure) 223.949: [ParNew: 52506K->24K(59008K), 0.0302136 secs] 9162234K->9109752K(25159296K), 0.0305228 secs] [Times: user=0.39 sys=0.00, real=0.03 secs] 
2014-04-09T14:26:15.178+0900: 223.997: [GC (Allocation Failure) 223.997: [ParNew: 52504K->26K(59008K), 0.0311297 secs] 9162232K->9109754K(25159296K), 0.0314284 secs] [Times: user=0.39 sys=0.01, real=0.03 secs] 
2014-04-09T14:26:15.227+0900: 224.047: [GC (Allocation Failure) 224.047: [ParNew: 52506K->20K(59008K), 0.0300897 secs] 9162234K->9109748K(25159296K), 0.0303928 secs] [Times: user=0.38 sys=0.00, real=0.03 secs] 
2014-04-09T14:26:15.275+0900: 224.095: [GC (Allocation Failure) 224.095: [ParNew: 52500K->18K(59008K), 0.0296488 secs] 9162228K->9109747K(25159296K), 0.0299421 secs] [Times: user=0.37 sys=0.01, real=0.03 secs] 
2014-04-09T14:26:15.324+0900: 224.143: [GC (Allocation Failure) 224.144: [ParNew: 52498K->16K(59008K), 0.0299606 secs] 9162227K->9109745K(25159296K), 0.0302552 secs] [Times: user=0.37 sys=0.01, real=0.03 secs] 
2014-04-09T14:26:15.374+0900: 224.194: [GC (Allocation Failure) 224.194: [ParNew: 52496K->16K(59008K), 0.0307157 secs] 9162225K->9109745K(25159296K), 0.0310145 secs] [Times: user=0.38 sys=0.00, real=0.03 secs] 
2014-04-09T14:26:15.441+0900: 224.260: [GC (Allocation Failure) 224.261: [ParNew: 52496K->26K(59008K), 0.0295943 secs] 9162225K->9109755K(25159296K), 0.0298899 secs] [Times: user=0.37 sys=0.00, real=0.03 secs] 
2014-04-09T14:26:16.804+0900: 225.623: [CMS-concurrent-mark: 1.557/1.941 secs] [Times: user=11.99 sys=0.17, real=1.94 secs] 
2014-04-09T14:26:16.804+0900: 225.624: [CMS-concurrent-preclean-start]
2014-04-09T14:26:16.874+0900: 225.694: [CMS-concurrent-preclean: 0.070/0.070 secs] [Times: user=0.07 sys=0.00, real=0.07 secs] 
2014-04-09T14:26:16.874+0900: 225.694: [CMS-concurrent-abortable-preclean-start]
 CMS: abort preclean due to time 2014-04-09T14:26:21.976+0900: 230.795: [CMS-concurrent-abortable-preclean: 2.996/5.102 secs] [Times: user=3.03 sys=0.01, real=5.10 secs] 
2014-04-09T14:26:21.978+0900: 230.798: [GC (CMS Final Remark) [YG occupancy: 22645 K (59008 K)]230.798: [Rescan (parallel) , 0.0182107 secs]230.816: [weak refs processing, 0.0000653 secs]230.816: [class unloading, 0.0443630 secs]230.860: [scrub symbol table, 0.0048225 secs]230.865: [scrub string table, 0.0014444 secs][1 CMS-remark: 9109729K(25100288K)] 9132374K(25159296K), 0.0760552 secs] [Times: user=0.28 sys=0.00, real=0.08 secs] 
2014-04-09T14:26:22.055+0900: 230.875: [CMS-concurrent-sweep-start]
2014-04-09T14:26:23.398+0900: 232.218: [CMS-concurrent-sweep: 1.343/1.343 secs] [Times: user=1.36 sys=0.00, real=1.34 secs] 
2014-04-09T14:26:23.399+0900: 232.218: [CMS-concurrent-reset-start]
2014-04-09T14:26:23.462+0900: 232.281: [CMS-concurrent-reset: 0.063/0.063 secs] [Times: user=0.06 sys=0.00, real=0.07 secs] 
2014-04-09T14:26:24.375+0900: 233.195: [GC (Allocation Failure) 233.195: [ParNew: 52506K->306K(59008K), 0.0340661 secs] 8765484K->8713284K(25159296K), 0.0344109 secs] [Times: user=0.41 sys=0.00, real=0.03 secs] 
2014-04-09T14:26:24.412+0900: 233.232: [GC (CMS Initial Mark) [1 CMS-initial-mark: 8712978K(25100288K)] 8713831K(25159296K), 0.0013850 secs] [Times: user=0.01 sys=0.00, real=0.00 secs] 
2014-04-09T14:26:24.414+0900: 233.234: [CMS-concurrent-mark-start]
2014-04-09T14:26:24.440+0900: 233.259: [GC (Allocation Failure) 233.260: [ParNew: 52786K->406K(59008K), 0.0342269 secs] 8765764K->8713384K(25159296K), 0.0345598 secs] [Times: user=0.42 sys=0.00, real=0.04 secs] 
2014-04-09T14:26:24.501+0900: 233.321: [GC (Allocation Failure) 233.321: [ParNew: 52886K->493K(59008K), 0.0360209 secs] 8765864K->8713471K(25159296K), 0.0363493 secs] [Times: user=0.46 sys=0.00, real=0.04 secs] 
2014-04-09T14:26:24.562+0900: 233.382: [GC (Allocation Failure) 233.382: [ParNew: 52973K->409K(59008K), 0.0329207 secs] 8765951K->8713387K(25159296K), 0.0332470 secs] [Times: user=0.41 sys=0.00, real=0.03 secs] 
2014-04-09T14:26:24.619+0900: 233.439: [GC (Allocation Failure) 233.439: [ParNew: 52889K->463K(59008K), 0.0338961 secs] 8765867K->8713441K(25159296K), 0.0342200 secs] [Times: user=0.43 sys=0.00, real=0.04 secs] 
2014-04-09T14:26:24.684+0900: 233.503: [GC (Allocation Failure) 233.504: [ParNew: 52943K->511K(59008K), 0.0338529 secs] 8765921K->8713489K(25159296K), 0.0341849 secs] [Times: user=0.42 sys=0.00, real=0.03 secs] 
2014-04-09T14:26:24.742+0900: 233.562: [GC (Allocation Failure) 233.562: [ParNew: 52991K->176K(59008K), 0.0347656 secs] 8765969K->8713438K(25159296K), 0.0350900 secs] [Times: user=0.43 sys=0.00, real=0.03 secs] 
2014-04-09T14:26:24.803+0900: 233.623: [GC (Allocation Failure) 233.623: [ParNew: 52656K->59K(59008K), 0.0335096 secs] 8765918K->8713321K(25159296K), 0.0338314 secs] [Times: user=0.42 sys=0.00, real=0.03 secs] 
2014-04-09T14:26:24.860+0900: 233.680: [GC (Allocation Failure) 233.680: [ParNew: 52539K->41K(59008K), 0.0331484 secs] 8765801K->8713303K(25159296K), 0.0334720 secs] [Times: user=0.41 sys=0.00, real=0.04 secs] 
2014-04-09T14:26:24.917+0900: 233.737: [GC (Allocation Failure) 233.737: [ParNew: 52521K->39K(59008K), 0.0342841 secs] 8765783K->8713303K(25159296K), 0.0346068 secs] [Times: user=0.43 sys=0.00, real=0.04 secs] 
2014-04-09T14:26:24.977+0900: 233.797: [GC (Allocation Failure) 233.797: [ParNew: 52519K->35K(59008K), 0.0335798 secs] 8765783K->8713302K(25159296K), 0.0338999 secs] [Times: user=0.42 sys=0.00, real=0.04 secs] 
2014-04-09T14:26:25.034+0900: 233.853: [GC (Allocation Failure) 233.854: [ParNew: 52515K->26K(59008K), 0.0361492 secs] 8765782K->8713309K(25159296K), 0.0364521 secs] [Times: user=0.45 sys=0.01, real=0.03 secs] 
2014-04-09T14:26:25.094+0900: 233.914: [GC (Allocation Failure) 233.914: [ParNew: 52506K->26K(59008K), 0.0327069 secs] 8765789K->8713309K(25159296K), 0.0330130 secs] [Times: user=0.41 sys=0.01, real=0.03 secs] 
2014-04-09T14:26:25.151+0900: 233.971: [GC (Allocation Failure) 233.971: [ParNew: 52506K->26K(59008K), 0.0339632 secs] 8765789K->8713309K(25159296K), 0.0342657 secs] [Times: user=0.42 sys=0.01, real=0.04 secs] 
2014-04-09T14:26:25.209+0900: 234.029: [GC (Allocation Failure) 234.029: [ParNew: 52506K->26K(59008K), 0.0329029 secs] 8765789K->8713309K(25159296K), 0.0332043 secs] [Times: user=0.41 sys=0.00, real=0.04 secs] 
2014-04-09T14:26:25.267+0900: 234.086: [GC (Allocation Failure) 234.086: [ParNew: 52506K->36K(59008K), 0.0333455 secs] 8765789K->8713319K(25159296K), 0.0336501 secs] [Times: user=0.42 sys=0.00, real=0.03 secs] 
2014-04-09T14:26:25.324+0900: 234.143: [GC (Allocation Failure) 234.144: [ParNew: 52516K->56K(59008K), 0.0315821 secs] 8765799K->8713341K(25159296K), 0.0318863 secs] [Times: user=0.40 sys=0.00, real=0.03 secs] 
2014-04-09T14:26:25.380+0900: 234.200: [GC (Allocation Failure) 234.200: [ParNew: 52536K->61K(59008K), 0.0342197 secs] 8765821K->8713347K(25159296K), 0.0345204 secs] [Times: user=0.43 sys=0.00, real=0.04 secs] 
2014-04-09T14:26:25.439+0900: 234.258: [GC (Allocation Failure) 234.258: [ParNew: 52541K->62K(59008K), 0.0340150 secs] 8765827K->8713349K(25159296K), 0.0343152 secs] [Times: user=0.43 sys=0.00, real=0.04 secs] 
2014-04-09T14:26:25.496+0900: 234.315: [GC (Allocation Failure) 234.315: [ParNew: 52542K->56K(59008K), 0.0341334 secs] 8765829K->8713343K(25159296K), 0.0344567 secs] [Times: user=0.43 sys=0.01, real=0.03 secs] 
2014-04-09T14:26:25.553+0900: 234.372: [GC (Allocation Failure) 234.373: [ParNew: 52536K->66K(59008K), 0.0354514 secs] 8765823K->8713353K(25159296K), 0.0357564 secs] [Times: user=0.45 sys=0.00, real=0.03 secs] 
2014-04-09T14:26:25.611+0900: 234.431: [GC (Allocation Failure) 234.431: [ParNew: 52546K->48K(59008K), 0.0324848 secs] 8765833K->8713346K(25159296K), 0.0327872 secs] [Times: user=0.41 sys=0.00, real=0.04 secs] 
2014-04-09T14:26:25.666+0900: 234.486: [GC (Allocation Failure) 234.486: [ParNew: 52528K->26K(59008K), 0.0345311 secs] 8765826K->8713349K(25159296K), 0.0348327 secs] [Times: user=0.43 sys=0.00, real=0.03 secs] 
2014-04-09T14:26:25.722+0900: 234.542: [GC (Allocation Failure) 234.542: [ParNew: 52506K->26K(59008K), 0.0338568 secs] 8765829K->8713349K(25159296K), 0.0341511 secs] [Times: user=0.42 sys=0.00, real=0.03 secs] 
2014-04-09T14:26:25.778+0900: 234.597: [GC (Allocation Failure) 234.597: [ParNew: 52506K->24K(59008K), 0.0352300 secs] 8765829K->8713347K(25159296K), 0.0355262 secs] [Times: user=0.44 sys=0.01, real=0.04 secs] 
2014-04-09T14:26:25.837+0900: 234.657: [GC (Allocation Failure) 234.657: [ParNew: 52504K->24K(59008K), 0.0332278 secs] 8765827K->8713348K(25159296K), 0.0335325 secs] [Times: user=0.42 sys=0.00, real=0.03 secs] 
2014-04-09T14:26:25.894+0900: 234.714: [GC (Allocation Failure) 234.714: [ParNew: 52504K->26K(59008K), 0.0333778 secs] 8765828K->8713350K(25159296K), 0.0336706 secs] [Times: user=0.42 sys=0.00, real=0.03 secs] 
2014-04-09T14:26:25.954+0900: 234.774: [GC (Allocation Failure) 234.774: [ParNew: 52506K->26K(59008K), 0.0318103 secs] 8765830K->8713350K(25159296K), 0.0321236 secs] [Times: user=0.41 sys=0.00, real=0.03 secs] 
2014-04-09T14:26:26.010+0900: 234.830: [GC (Allocation Failure) 234.830: [ParNew: 52506K->26K(59008K), 0.0360208 secs] 8765830K->8713350K(25159296K), 0.0363270 secs] [Times: user=0.45 sys=0.00, real=0.04 secs] 
2014-04-09T14:26:26.070+0900: 234.890: [GC (Allocation Failure) 234.890: [ParNew: 52506K->24K(59008K), 0.0325977 secs] 8765830K->8713348K(25159296K), 0.0328903 secs] [Times: user=0.41 sys=0.00, real=0.04 secs] 
2014-04-09T14:26:26.126+0900: 234.946: [GC (Allocation Failure) 234.946: [ParNew: 52504K->32K(59008K), 0.0328032 secs] 8765828K->8713358K(25159296K), 0.0330988 secs] [Times: user=0.40 sys=0.01, real=0.03 secs] 
2014-04-09T14:26:26.188+0900: 235.007: [GC (Allocation Failure) 235.008: [ParNew: 52512K->86K(59008K), 0.0337792 secs] 8765838K->8713412K(25159296K), 0.0340821 secs] [Times: user=0.42 sys=0.00, real=0.04 secs] 
2014-04-09T14:26:26.249+0900: 235.069: [GC (Allocation Failure) 235.069: [ParNew: 52566K->153K(59008K), 0.0320783 secs] 8765892K->8713479K(25159296K), 0.0323888 secs] [Times: user=0.41 sys=0.00, real=0.04 secs] 
2014-04-09T14:26:26.304+0900: 235.124: [GC (Allocation Failure) 235.124: [ParNew: 52633K->234K(59008K), 0.0341289 secs] 8765959K->8713559K(25159296K), 0.0344337 secs] [Times: user=0.43 sys=0.00, real=0.03 secs] 
2014-04-09T14:26:26.362+0900: 235.182: [GC (Allocation Failure) 235.182: [ParNew: 52714K->6494K(59008K), 0.0356324 secs] 8766039K->8719921K(25159296K), 0.0359420 secs] [Times: user=0.45 sys=0.00, real=0.03 secs] 
2014-04-09T14:26:26.421+0900: 235.241: [GC (Allocation Failure) 235.241: [ParNew: 56623K->5304K(59008K), 0.0339845 secs] 8770049K->8729170K(25159296K), 0.0343019 secs] [Times: user=0.43 sys=0.00, real=0.04 secs] 
2014-04-09T14:26:26.479+0900: 235.299: [GC (Allocation Failure) 235.299: [ParNew: 54844K->5148K(59008K), 0.0380892 secs] 8778710K->8754191K(25159296K), 0.0383944 secs] [Times: user=0.48 sys=0.01, real=0.04 secs] 
2014-04-09T14:26:26.547+0900: 235.367: [GC (Allocation Failure) 235.367: [ParNew: 57628K->5927K(59008K), 0.0412688 secs] 8806671K->8784154K(25159296K), 0.0415917 secs] [Times: user=0.52 sys=0.00, real=0.04 secs] 
2014-04-09T14:26:26.624+0900: 235.444: [GC (Allocation Failure) 235.444: [ParNew: 58407K->1196K(59008K), 0.0406386 secs] 8836634K->8819899K(25159296K), 0.0409525 secs] [Times: user=0.50 sys=0.01, real=0.04 secs] 
2014-04-09T14:26:26.684+0900: 235.504: [GC (Allocation Failure) 235.504: [ParNew: 53652K->6527K(59008K), 0.0432229 secs] 8872355K->8851560K(25159296K), 0.0435302 secs] [Times: user=0.54 sys=0.01, real=0.04 secs] 
2014-04-09T14:26:26.746+0900: 235.566: [GC (Allocation Failure) 235.566: [ParNew: 58986K->6526K(59008K), 0.0413541 secs] 8904019K->8883159K(25159296K), 0.0416622 secs] [Times: user=0.52 sys=0.00, real=0.04 secs] 
2014-04-09T14:26:26.805+0900: 235.624: [GC (Allocation Failure) 235.625: [ParNew: 58982K->6528K(59008K), 0.0389242 secs] 8935615K->8914230K(25159296K), 0.0392248 secs] [Times: user=0.49 sys=0.00, real=0.04 secs] 
2014-04-09T14:26:26.859+0900: 235.679: [GC (Allocation Failure) 235.679: [ParNew: 59007K->6528K(59008K), 0.0362915 secs] 8966710K->8943316K(25159296K), 0.0365908 secs] [Times: user=0.44 sys=0.01, real=0.04 secs] 
2014-04-09T14:26:26.923+0900: 235.743: [GC (Allocation Failure) 235.743: [ParNew: 59007K->6527K(59008K), 0.0458585 secs] 8995796K->8973605K(25159296K), 0.0461580 secs] [Times: user=0.57 sys=0.01, real=0.04 secs] 
2014-04-09T14:26:26.994+0900: 235.814: [GC (Allocation Failure) 235.814: [ParNew: 59005K->6528K(59008K), 0.0537697 secs] 9026083K->9009616K(25159296K), 0.0540848 secs] [Times: user=0.58 sys=0.01, real=0.05 secs] 
2014-04-09T14:26:27.065+0900: 235.885: [GC (Allocation Failure) 235.885: [ParNew: 50648K->6528K(59008K), 0.0460470 secs] 9053736K->9028830K(25159296K), 0.0463504 secs] [Times: user=0.55 sys=0.01, real=0.04 secs] 
2014-04-09T14:26:27.135+0900: 235.955: [GC (Allocation Failure) 235.955: [ParNew: 59008K->6528K(59008K), 0.0449824 secs] 9081310K->9057999K(25159296K), 0.0452873 secs] [Times: user=0.55 sys=0.01, real=0.04 secs] 
2014-04-09T14:26:27.214+0900: 236.034: [GC (Allocation Failure) 236.034: [ParNew: 59008K->6528K(59008K), 0.0475386 secs] 9110479K->9070507K(25159296K), 0.0478483 secs] [Times: user=0.57 sys=0.00, real=0.05 secs] 
2014-04-09T14:26:27.306+0900: 236.125: [GC (Allocation Failure) 236.125: [ParNew: 59008K->6528K(59008K), 0.0418028 secs] 9122987K->9077103K(25159296K), 0.0421100 secs] [Times: user=0.46 sys=0.01, real=0.04 secs] 
2014-04-09T14:26:27.398+0900: 236.217: [GC (Allocation Failure) 236.218: [ParNew: 59008K->4949K(59008K), 0.0399248 secs] 9129583K->9088923K(25159296K), 0.0402318 secs] [Times: user=0.48 sys=0.01, real=0.04 secs] 
2014-04-09T14:26:27.489+0900: 236.309: [GC (Allocation Failure) 236.309: [ParNew: 54678K->1326K(59008K), 0.0367970 secs] 9138652K->9103731K(25159296K), 0.0371227 secs] [Times: user=0.47 sys=0.00, real=0.04 secs] 
2014-04-09T14:26:27.553+0900: 236.373: [GC (Allocation Failure) 236.373: [ParNew: 53805K->6528K(59008K), 0.0374398 secs] 9156211K->9130166K(25159296K), 0.0377526 secs] [Times: user=0.47 sys=0.00, real=0.03 secs] 
2014-04-09T14:26:27.602+0900: 236.422: [GC (Allocation Failure) 236.422: [ParNew: 53186K->4813K(59008K), 0.0439235 secs] 9176825K->9165241K(25159296K), 0.0442365 secs] [Times: user=0.55 sys=0.00, real=0.04 secs] 
2014-04-09T14:26:27.671+0900: 236.490: [GC (Allocation Failure) 236.491: [ParNew: 57292K->6528K(59008K), 0.0484787 secs] 9217719K->9195061K(25159296K), 0.0487861 secs] [Times: user=0.60 sys=0.01, real=0.05 secs] 
2014-04-09T14:26:27.742+0900: 236.561: [GC (Allocation Failure) 236.561: [ParNew: 59008K->6528K(59008K), 0.0441231 secs] 9247541K->9226570K(25159296K), 0.0444234 secs] [Times: user=0.54 sys=0.00, real=0.05 secs] 
2014-04-09T14:26:27.829+0900: 236.649: [GC (Allocation Failure) 236.649: [ParNew: 59007K->6528K(59008K), 0.0570581 secs] 9279049K->9255979K(25159296K), 0.0573636 secs] [Times: user=0.59 sys=0.04, real=0.06 secs] 
2014-04-09T14:26:27.936+0900: 236.756: [GC (Allocation Failure) 236.756: [ParNew: 59008K->6528K(59008K), 0.0554354 secs] 9308459K->9287686K(25159296K), 0.0557348 secs] [Times: user=0.53 sys=0.04, real=0.05 secs] 
2014-04-09T14:26:28.017+0900: 236.837: [GC (Allocation Failure) 236.837: [ParNew: 59008K->6528K(59008K), 0.0434382 secs] 9340166K->9311287K(25159296K), 0.0437398 secs] [Times: user=0.51 sys=0.01, real=0.04 secs] 
2014-04-09T14:26:28.091+0900: 236.911: [GC (Allocation Failure) 236.911: [ParNew: 53841K->5344K(59008K), 0.0432718 secs] 9358600K->9324169K(25159296K), 0.0435879 secs] [Times: user=0.53 sys=0.00, real=0.05 secs] 
2014-04-09T14:26:28.167+0900: 236.987: [GC (Allocation Failure) 236.987: [ParNew: 57824K->6528K(59008K), 0.0443173 secs] 9376649K->9337166K(25159296K), 0.0446179 secs] [Times: user=0.56 sys=0.01, real=0.04 secs] 
2014-04-09T14:26:28.253+0900: 237.073: [GC (Allocation Failure) 237.073: [ParNew: 59008K->6528K(59008K), 0.0476823 secs] 9389646K->9348916K(25159296K), 0.0479921 secs] [Times: user=0.58 sys=0.00, real=0.04 secs] 
2014-04-09T14:26:28.335+0900: 237.155: [GC (Allocation Failure) 237.155: [ParNew: 59008K->6528K(59008K), 0.0437046 secs] 9401396K->9365559K(25159296K), 0.0440326 secs] [Times: user=0.53 sys=0.01, real=0.04 secs] 
2014-04-09T14:26:28.415+0900: 237.235: [GC (Allocation Failure) 237.235: [ParNew: 59008K->4901K(59008K), 0.0491079 secs] 9418039K->9385991K(25159296K), 0.0494156 secs] [Times: user=0.62 sys=0.00, real=0.05 secs] 
2014-04-09T14:26:28.493+0900: 237.312: [GC (Allocation Failure) 237.312: [ParNew: 57381K->6520K(59008K), 0.0475148 secs] 9438471K->9419715K(25159296K), 0.0478314 secs] [Times: user=0.58 sys=0.01, real=0.04 secs] 
2014-04-09T14:26:28.579+0900: 237.399: [GC (Allocation Failure) 237.399: [ParNew: 59000K->6521K(59008K), 0.0390642 secs] 9472195K->9443937K(25159296K), 0.0393870 secs] [Times: user=0.49 sys=0.00, real=0.04 secs] 
2014-04-09T14:26:28.627+0900: 237.447: [CMS-concurrent-mark: 1.597/4.213 secs] [Times: user=44.70 sys=0.60, real=4.21 secs] 
2014-04-09T14:26:28.627+0900: 237.447: [CMS-concurrent-preclean-start]
2014-04-09T14:26:28.642+0900: 237.462: [GC (Allocation Failure) 237.462: [ParNew: 58750K->475K(59008K), 0.0384857 secs] 9496166K->9461811K(25159296K), 0.0387998 secs] [Times: user=0.47 sys=0.00, real=0.03 secs] 
2014-04-09T14:26:28.709+0900: 237.529: [GC (Allocation Failure) 237.529: [ParNew: 52955K->6528K(59008K), 0.0367152 secs] 9514291K->9491317K(25159296K), 0.0370236 secs] [Times: user=0.46 sys=0.01, real=0.04 secs] 
2014-04-09T14:26:28.769+0900: 237.589: [GC (Allocation Failure) 237.589: [ParNew: 53367K->6311K(59008K), 0.0451644 secs] 9538157K->9507307K(25159296K), 0.0454806 secs] [Times: user=0.56 sys=0.00, real=0.05 secs] 
2014-04-09T14:26:28.844+0900: 237.664: [GC (Allocation Failure) 237.664: [ParNew: 58791K->6528K(59008K), 0.0472291 secs] 9559787K->9539699K(25159296K), 0.0475409 secs] [Times: user=0.57 sys=0.00, real=0.04 secs] 
2014-04-09T14:26:28.933+0900: 237.752: [GC (Allocation Failure) 237.752: [ParNew: 59008K->6528K(59008K), 0.0580324 secs] 9592179K->9565976K(25159296K), 0.0583403 secs] [Times: user=0.62 sys=0.02, real=0.05 secs] 
2014-04-09T14:26:29.016+0900: 237.835: [GC (Allocation Failure) 237.835: [ParNew: 59008K->6528K(59008K), 0.0504149 secs] 9618456K->9588234K(25159296K), 0.0507198 secs] [Times: user=0.60 sys=0.01, real=0.05 secs] 
2014-04-09T14:26:29.090+0900: 237.910: [GC (Allocation Failure) 237.910: [ParNew: 58923K->4777K(59008K), 0.0400086 secs] 9640629K->9607827K(25159296K), 0.0403216 secs] [Times: user=0.50 sys=0.00, real=0.04 secs] 
2014-04-09T14:26:29.152+0900: 237.971: [GC (Allocation Failure) 237.972: [ParNew: 54593K->5963K(59008K), 0.0456612 secs] 9657642K->9624591K(25159296K), 0.0459692 secs] [Times: user=0.57 sys=0.00, real=0.05 secs] 
2014-04-09T14:26:29.218+0900: 238.037: [GC (Allocation Failure) 238.037: [ParNew: 58443K->6528K(59008K), 0.0454392 secs] 9677071K->9654341K(25159296K), 0.0457406 secs] [Times: user=0.54 sys=0.02, real=0.05 secs] 
2014-04-09T14:26:29.289+0900: 238.109: [GC (Allocation Failure) 238.109: [ParNew: 59008K->6528K(59008K), 0.0466288 secs] 9706821K->9675302K(25159296K), 0.0469253 secs] [Times: user=0.56 sys=0.00, real=0.05 secs] 
2014-04-09T14:26:29.367+0900: 238.186: [GC (Allocation Failure) 238.187: [ParNew: 59007K->6528K(59008K), 0.0511414 secs] 9727782K->9689546K(25159296K), 0.0514411 secs] [Times: user=0.55 sys=0.02, real=0.05 secs] 
2014-04-09T14:26:29.453+0900: 238.272: [GC (Allocation Failure) 238.273: [ParNew: 59008K->6528K(59008K), 0.0474412 secs] 9742026K->9702165K(25159296K), 0.0477625 secs] [Times: user=0.56 sys=0.01, real=0.04 secs] 
2014-04-09T14:26:29.536+0900: 238.356: [GC (Allocation Failure) 238.356: [ParNew: 59008K->4324K(59008K), 0.0366717 secs] 9754645K->9712249K(25159296K), 0.0369663 secs] [Times: user=0.46 sys=0.00, real=0.04 secs] 
2014-04-09T14:26:29.598+0900: 238.418: [GC (Allocation Failure) 238.418: [ParNew: 47317K->4905K(59008K), 0.0383020 secs] 9755242K->9733754K(25159296K), 0.0386087 secs] [Times: user=0.47 sys=0.00, real=0.04 secs] 
2014-04-09T14:26:29.654+0900: 238.474: [GC (Allocation Failure) 238.474: [ParNew: 57385K->2095K(59008K), 0.0407151 secs] 9786234K->9771666K(25159296K), 0.0410125 secs] [Times: user=0.51 sys=0.01, real=0.04 secs] 
2014-04-09T14:26:29.715+0900: 238.534: [GC (Allocation Failure) 238.535: [ParNew: 54575K->6528K(59008K), 0.0393675 secs] 9824146K->9793497K(25159296K), 0.0396821 secs] [Times: user=0.49 sys=0.01, real=0.04 secs] 
2014-04-09T14:26:29.773+0900: 238.593: [GC (Allocation Failure) 238.593: [ParNew: 59006K->6528K(59008K), 0.0486908 secs] 9845976K->9812173K(25159296K), 0.0489893 secs] [Times: user=0.57 sys=0.01, real=0.04 secs] 
2014-04-09T14:26:29.834+0900: 238.654: [GC (Allocation Failure) 238.654: [ParNew: 55830K->6528K(59008K), 0.0463469 secs] 9861476K->9849611K(25159296K), 0.0466445 secs] [Times: user=0.58 sys=0.00, real=0.04 secs] 
2014-04-09T14:26:29.905+0900: 238.725: [GC (Allocation Failure) 238.725: [ParNew: 59008K->6528K(59008K), 0.0504487 secs] 9902091K->9877020K(25159296K), 0.0507514 secs] [Times: user=0.58 sys=0.01, real=0.05 secs] 
2014-04-09T14:26:29.982+0900: 238.801: [GC (Allocation Failure) 238.801: [ParNew: 59008K->6528K(59008K), 0.0496010 secs] 9929500K->9907642K(25159296K), 0.0499038 secs] [Times: user=0.58 sys=0.00, real=0.05 secs] 
2014-04-09T14:26:30.056+0900: 238.875: [GC (Allocation Failure) 238.876: [ParNew: 59008K->6528K(59008K), 0.0520281 secs] 9960122K->9935711K(25159296K), 0.0523278 secs] [Times: user=0.56 sys=0.03, real=0.05 secs] 
2014-04-09T14:26:30.125+0900: 238.945: [GC (Allocation Failure) 238.945: [ParNew: 59008K->6528K(59008K), 0.0485349 secs] 9988191K->9960872K(25159296K), 0.0488372 secs] [Times: user=0.57 sys=0.01, real=0.05 secs] 
2014-04-09T14:26:30.196+0900: 239.016: [GC (Allocation Failure) 239.016: [ParNew: 59008K->6528K(59008K), 0.0439820 secs] 10013352K->9986628K(25159296K), 0.0442840 secs] [Times: user=0.53 sys=0.00, real=0.04 secs] 
2014-04-09T14:26:30.263+0900: 239.083: [GC (Allocation Failure) 239.083: [ParNew: 59008K->6528K(59008K), 0.0418826 secs] 10039108K->10004174K(25159296K), 0.0421772 secs] [Times: user=0.49 sys=0.01, real=0.04 secs] 
2014-04-09T14:26:30.326+0900: 239.145: [GC (Allocation Failure) 239.146: [ParNew: 59008K->6528K(59008K), 0.0477064 secs] 10056654K->10028096K(25159296K), 0.0480033 secs] [Times: user=0.57 sys=0.01, real=0.05 secs] 
2014-04-09T14:26:30.405+0900: 239.225: [GC (Allocation Failure) 239.225: [ParNew: 59008K->6528K(59008K), 0.0402957 secs] 10080576K->10040683K(25159296K), 0.0405913 secs] [Times: user=0.40 sys=0.01, real=0.04 secs] 
2014-04-09T14:26:30.487+0900: 239.307: [GC (Allocation Failure) 239.307: [ParNew: 55219K->4664K(59008K), 0.0435532 secs] 10089374K->10061697K(25159296K), 0.0438493 secs] [Times: user=0.53 sys=0.01, real=0.04 secs] 
2014-04-09T14:26:30.550+0900: 239.370: [GC (Allocation Failure) 239.370: [ParNew: 57144K->6528K(59008K), 0.0387735 secs] 10114177K->10084859K(25159296K), 0.0390714 secs] [Times: user=0.49 sys=0.01, real=0.04 secs] 
2014-04-09T14:26:30.607+0900: 239.427: [GC (Allocation Failure) 239.427: [ParNew: 57758K->6528K(59008K), 0.0425163 secs] 10136090K->10115537K(25159296K), 0.0428201 secs] [Times: user=0.52 sys=0.00, real=0.04 secs] 
2014-04-09T14:26:30.674+0900: 239.494: [GC (Allocation Failure) 239.494: [ParNew: 59008K->6528K(59008K), 0.0475561 secs] 10168017K->10146473K(25159296K), 0.0478585 secs] [Times: user=0.58 sys=0.00, real=0.04 secs] 
2014-04-09T14:26:30.747+0900: 239.566: [GC (Allocation Failure) 239.566: [ParNew: 59008K->6528K(59008K), 0.0445349 secs] 10198953K->10168822K(25159296K), 0.0448445 secs] [Times: user=0.52 sys=0.00, real=0.04 secs] 
2014-04-09T14:26:30.812+0900: 239.632: [GC (Allocation Failure) 239.632: [ParNew: 59008K->6528K(59008K), 0.0470575 secs] 10221302K->10194460K(25159296K), 0.0473656 secs] [Times: user=0.53 sys=0.01, real=0.05 secs] 
2014-04-09T14:26:30.879+0900: 239.698: [GC (Allocation Failure) 239.698: [ParNew: 59008K->6528K(59008K), 0.0442983 secs] 10246940K->10213005K(25159296K), 0.0445985 secs] [Times: user=0.53 sys=0.00, real=0.05 secs] 
2014-04-09T14:26:30.948+0900: 239.768: [GC (Allocation Failure) 239.768: [ParNew: 59008K->6528K(59008K), 0.0450173 secs] 10265485K->10227995K(25159296K), 0.0453190 secs] [Times: user=0.55 sys=0.01, real=0.05 secs] 
2014-04-09T14:26:31.022+0900: 239.842: [GC (Allocation Failure) 239.842: [ParNew: 57470K->6528K(59008K), 0.0480864 secs] 10278937K->10239907K(25159296K), 0.0483797 secs] [Times: user=0.57 sys=0.01, real=0.05 secs] 
2014-04-09T14:26:31.099+0900: 239.919: [GC (Allocation Failure) 239.919: [ParNew: 59008K->6528K(59008K), 0.0442279 secs] 10292387K->10254153K(25159296K), 0.0445129 secs] [Times: user=0.55 sys=0.00, real=0.05 secs] 
2014-04-09T14:26:31.178+0900: 239.997: [GC (Allocation Failure) 239.997: [ParNew: 57820K->6528K(59008K), 0.0433803 secs] 10305445K->10279186K(25159296K), 0.0436757 secs] [Times: user=0.52 sys=0.01, real=0.04 secs] 
2014-04-09T14:26:31.252+0900: 240.072: [GC (Allocation Failure) 240.072: [ParNew: 59008K->3788K(59008K), 0.0396583 secs] 10331666K->10307033K(25159296K), 0.0399420 secs] [Times: user=0.48 sys=0.00, real=0.04 secs] 
2014-04-09T14:26:31.311+0900: 240.131: [GC (Allocation Failure) 240.131: [ParNew: 56268K->6528K(59008K), 0.0398886 secs] 10359513K->10334623K(25159296K), 0.0401735 secs] [Times: user=0.50 sys=0.00, real=0.04 secs] 
2014-04-09T14:26:31.379+0900: 240.199: [GC (Allocation Failure) 240.199: [ParNew: 52104K->5968K(59008K), 0.0418423 secs] 10380200K->10359102K(25159296K), 0.0421259 secs] [Times: user=0.53 sys=0.00, real=0.04 secs] 
2014-04-09T14:26:31.443+0900: 240.262: [GC (Allocation Failure) 240.263: [ParNew: 58448K->6528K(59008K), 0.0438666 secs] 10411582K->10391355K(25159296K), 0.0441572 secs] [Times: user=0.54 sys=0.00, real=0.04 secs] 
2014-04-09T14:26:31.511+0900: 240.331: [GC (Allocation Failure) 240.331: [ParNew: 49765K->6528K(59008K), 0.0462833 secs] 10434592K->10420363K(25159296K), 0.0465744 secs] [Times: user=0.56 sys=0.01, real=0.05 secs] 
2014-04-09T14:26:31.585+0900: 240.405: [GC (Allocation Failure) 240.405: [ParNew: 59008K->6528K(59008K), 0.0495098 secs] 10472843K->10452018K(25159296K), 0.0497981 secs] [Times: user=0.53 sys=0.02, real=0.05 secs] 
2014-04-09T14:26:31.655+0900: 240.474: [GC (Allocation Failure) 240.474: [ParNew: 59008K->6528K(59008K), 0.0477669 secs] 10504498K->10477595K(25159296K), 0.0480554 secs] [Times: user=0.56 sys=0.01, real=0.05 secs] 
2014-04-09T14:26:31.726+0900: 240.546: [GC (Allocation Failure) 240.546: [ParNew: 59008K->6528K(59008K), 0.0411398 secs] 10530075K->10512351K(25159296K), 0.0414389 secs] [Times: user=0.49 sys=0.01, real=0.04 secs] 
2014-04-09T14:26:31.808+0900: 240.627: [GC (Allocation Failure) 240.627: [ParNew: 59008K->6528K(59008K), 0.0473181 secs] 10564831K->10530291K(25159296K), 0.0476029 secs] [Times: user=0.48 sys=0.02, real=0.05 secs] 
2014-04-09T14:26:31.888+0900: 240.708: [GC (Allocation Failure) 240.708: [ParNew: 59008K->6528K(59008K), 0.0551229 secs] 10582771K->10548504K(25159296K), 0.0554146 secs] [Times: user=0.61 sys=0.01, real=0.06 secs] 
2014-04-09T14:26:32.027+0900: 240.846: [CMS-concurrent-preclean: 1.061/3.399 secs] [Times: user=31.09 sys=0.63, real=3.40 secs] 
2014-04-09T14:26:32.028+0900: 240.847: [GC (Allocation Failure) 240.848: [ParNew: 59008K->6528K(59008K), 0.0516605 secs] 10600984K->10564447K(25159296K), 0.0519355 secs] [Times: user=0.60 sys=0.01, real=0.05 secs] 
2014-04-09T14:26:32.081+0900: 240.901: [GC (CMS Final Remark) [YG occupancy: 6655 K (59008 K)]240.901: [Rescan (parallel) , 0.0281866 secs]240.929: [weak refs processing, 0.0000700 secs]240.929: [class unloading, 0.0427162 secs]240.972: [scrub symbol table, 0.0043305 secs]240.976: [scrub string table, 0.0012185 secs][1 CMS-remark: 10557919K(25100288K)] 10564575K(25159296K), 0.0835216 secs] [Times: user=0.42 sys=0.00, real=0.09 secs] 
2014-04-09T14:26:32.165+0900: 240.985: [CMS-concurrent-sweep-start]
2014-04-09T14:26:32.204+0900: 241.024: [GC (Allocation Failure) 241.024: [ParNew: 58505K->2873K(59008K), 0.0435663 secs] 10606748K->10563982K(25159296K), 0.0438597 secs] [Times: user=0.54 sys=0.00, real=0.04 secs] 
2014-04-09T14:26:32.275+0900: 241.095: [GC (Allocation Failure) 241.095: [ParNew: 55353K->3513K(59008K), 0.0458211 secs] 10600515K->10577269K(25159296K), 0.0461076 secs] [Times: user=0.57 sys=0.00, real=0.04 secs] 
2014-04-09T14:26:32.342+0900: 241.161: [GC (Allocation Failure) 241.162: [ParNew: 50763K->6528K(59008K), 0.0371110 secs] 10611608K->10573720K(25159296K), 0.0373973 secs] [Times: user=0.46 sys=0.02, real=0.04 secs] 
2014-04-09T14:26:32.402+0900: 241.222: [GC (Allocation Failure) 241.222: [ParNew: 59008K->6026K(59008K), 0.0433675 secs] 10611963K->10591667K(25159296K), 0.0436529 secs] [Times: user=0.53 sys=0.00, real=0.04 secs] 
2014-04-09T14:26:32.470+0900: 241.290: [GC (Allocation Failure) 241.290: [ParNew: 58498K->6528K(59008K), 0.0375420 secs] 10632862K->10606942K(25159296K), 0.0378430 secs] [Times: user=0.46 sys=0.00, real=0.04 secs] 
2014-04-09T14:26:32.528+0900: 241.348: [GC (Allocation Failure) 241.348: [ParNew: 50107K->6528K(59008K), 0.0457475 secs] 10638462K->10617010K(25159296K), 0.0460373 secs] [Times: user=0.56 sys=0.01, real=0.05 secs] 
2014-04-09T14:26:32.602+0900: 241.422: [GC (Allocation Failure) 241.422: [ParNew: 56026K->6528K(59008K), 0.0467511 secs] 10653533K->10640381K(25159296K), 0.0470340 secs] [Times: user=0.58 sys=0.00, real=0.04 secs] 
2014-04-09T14:26:32.670+0900: 241.490: [GC (Allocation Failure) 241.490: [ParNew: 59008K->6528K(59008K), 0.0449935 secs] 10685572K->10672658K(25159296K), 0.0452813 secs] [Times: user=0.56 sys=0.00, real=0.05 secs] 
2014-04-09T14:26:32.732+0900: 241.551: [GC (Allocation Failure) 241.551: [ParNew: 56390K->6528K(59008K), 0.0474350 secs] 10716413K->10679571K(25159296K), 0.0477355 secs] [Times: user=0.59 sys=0.00, real=0.05 secs] 
2014-04-09T14:26:32.793+0900: 241.613: [GC (Allocation Failure) 241.613: [ParNew: 51852K->6528K(59008K), 0.0457486 secs] 10720813K->10701920K(25159296K), 0.0460373 secs] [Times: user=0.56 sys=0.00, real=0.04 secs] 
2014-04-09T14:26:32.864+0900: 241.683: [GC (Allocation Failure) 241.683: [ParNew: 59008K->6528K(59008K), 0.0460921 secs] 10745198K->10719891K(25159296K), 0.0463745 secs] [Times: user=0.57 sys=0.01, real=0.04 secs] 
2014-04-09T14:26:32.945+0900: 241.764: [GC (Allocation Failure) 241.764: [ParNew: 59008K->6528K(59008K), 0.0461253 secs] 10758127K->10727020K(25159296K), 0.0464093 secs] [Times: user=0.55 sys=0.00, real=0.04 secs] 
2014-04-09T14:26:33.026+0900: 241.845: [GC (Allocation Failure) 241.845: [ParNew: 59008K->6528K(59008K), 0.0480264 secs] 10762946K->10731561K(25159296K), 0.0483132 secs] [Times: user=0.57 sys=0.00, real=0.05 secs] 
2014-04-09T14:26:33.111+0900: 241.931: [GC (Allocation Failure) 241.931: [ParNew: 59008K->6528K(59008K), 0.0491686 secs] 10764481K->10726213K(25159296K), 0.0494569 secs] [Times: user=0.61 sys=0.00, real=0.05 secs] 
2014-04-09T14:26:33.197+0900: 242.017: [GC (Allocation Failure) 242.017: [ParNew: 59008K->3491K(59008K), 0.0393456 secs] 10758026K->10720735K(25159296K), 0.0396477 secs] [Times: user=0.49 sys=0.01, real=0.04 secs] 
2014-04-09T14:26:33.266+0900: 242.086: [GC (Allocation Failure) 242.086: [ParNew: 55971K->5353K(59008K), 0.0434934 secs] 10751281K->10719016K(25159296K), 0.0437801 secs] [Times: user=0.55 sys=0.00, real=0.04 secs] 
2014-04-09T14:26:33.330+0900: 242.150: [GC (Allocation Failure) 242.150: [ParNew: 57833K->6528K(59008K), 0.0378015 secs] 10758263K->10723150K(25159296K), 0.0380871 secs] [Times: user=0.47 sys=0.00, real=0.04 secs] 
2014-04-09T14:26:33.395+0900: 242.215: [GC (Allocation Failure) 242.215: [ParNew: 59007K->3126K(59008K), 0.0352549 secs] 10758888K->10727496K(25159296K), 0.0355618 secs] [Times: user=0.44 sys=0.00, real=0.03 secs] 
2014-04-09T14:26:33.475+0900: 242.294: [GC (Allocation Failure) 242.294: [ParNew: 52600K->6528K(59008K), 0.0458556 secs] 10751947K->10740363K(25159296K), 0.0461451 secs] [Times: user=0.57 sys=0.01, real=0.04 secs] 
2014-04-09T14:26:33.552+0900: 242.372: [GC (Allocation Failure) 242.372: [ParNew: 59008K->6528K(59008K), 0.0418005 secs] 10776472K->10750842K(25159296K), 0.0420910 secs] [Times: user=0.52 sys=0.00, real=0.05 secs] 
2014-04-09T14:26:33.612+0900: 242.432: [GC (Allocation Failure) 242.432: [ParNew: 59008K->6528K(59008K), 0.0395913 secs] 10794230K->10754209K(25159296K), 0.0398755 secs] [Times: user=0.49 sys=0.00, real=0.04 secs] 
2014-04-09T14:26:33.669+0900: 242.489: [GC (Allocation Failure) 242.489: [ParNew: 53153K->1723K(59008K), 0.0439552 secs] 10792760K->10772077K(25159296K), 0.0442441 secs] [Times: user=0.55 sys=0.00, real=0.05 secs] 
2014-04-09T14:26:33.732+0900: 242.552: [GC (Allocation Failure) 242.552: [ParNew: 54203K->6528K(59008K), 0.0361290 secs] 10815742K->10786139K(25159296K), 0.0364283 secs] [Times: user=0.42 sys=0.01, real=0.03 secs] 
2014-04-09T14:26:33.787+0900: 242.607: [GC (Allocation Failure) 242.607: [ParNew: 59008K->6528K(59008K), 0.0363817 secs] 10829453K->10803755K(25159296K), 0.0366733 secs] [Times: user=0.43 sys=0.01, real=0.04 secs] 
2014-04-09T14:26:33.851+0900: 242.670: [GC (Allocation Failure) 242.671: [ParNew: 59006K->6528K(59008K), 0.0451358 secs] 10843013K->10810489K(25159296K), 0.0454263 secs] [Times: user=0.50 sys=0.00, real=0.05 secs] 
2014-04-09T14:26:33.925+0900: 242.745: [GC (Allocation Failure) 242.745: [ParNew: 59008K->6528K(59008K), 0.0446412 secs] 10847910K->10819457K(25159296K), 0.0449329 secs] [Times: user=0.51 sys=0.02, real=0.04 secs] 
2014-04-09T14:26:34.000+0900: 242.820: [GC (Allocation Failure) 242.820: [ParNew: 59008K->6528K(59008K), 0.0398047 secs] 10855809K->10821624K(25159296K), 0.0401045 secs] [Times: user=0.49 sys=0.00, real=0.04 secs] 
2014-04-09T14:26:34.070+0900: 242.890: [GC (Allocation Failure) 242.890: [ParNew: 57297K->5409K(59008K), 0.0401657 secs] 10856363K->10820185K(25159296K), 0.0404531 secs] [Times: user=0.49 sys=0.00, real=0.04 secs] 
2014-04-09T14:26:34.129+0900: 242.949: [GC (Allocation Failure) 242.949: [ParNew: 57889K->6528K(59008K), 0.0377314 secs] 10864320K->10830369K(25159296K), 0.0380183 secs] [Times: user=0.47 sys=0.01, real=0.04 secs] 
2014-04-09T14:26:34.193+0900: 243.012: [GC (Allocation Failure) 243.012: [ParNew: 57588K->6528K(59008K), 0.0413367 secs] 10868372K->10837036K(25159296K), 0.0416330 secs] [Times: user=0.50 sys=0.01, real=0.04 secs] 
2014-04-09T14:26:34.261+0900: 243.081: [GC (Allocation Failure) 243.081: [ParNew: 59008K->6528K(59008K), 0.0350367 secs] 10869311K->10840891K(25159296K), 0.0353259 secs] [Times: user=0.40 sys=0.01, real=0.04 secs] 
2014-04-09T14:26:34.333+0900: 243.152: [GC (Allocation Failure) 243.152: [ParNew: 59008K->6528K(59008K), 0.0349809 secs] 10871808K->10834747K(25159296K), 0.0352734 secs] [Times: user=0.43 sys=0.00, real=0.04 secs] 
2014-04-09T14:26:34.405+0900: 243.225: [GC (Allocation Failure) 243.225: [ParNew: 59008K->6528K(59008K), 0.0371520 secs] 10863627K->10836091K(25159296K), 0.0374409 secs] [Times: user=0.45 sys=0.00, real=0.03 secs] 
2014-04-09T14:26:34.477+0900: 243.296: [GC (Allocation Failure) 243.297: [ParNew: 52976K->6528K(59008K), 0.0470410 secs] 10858972K->10845504K(25159296K), 0.0473313 secs] [Times: user=0.57 sys=0.01, real=0.05 secs] 
2014-04-09T14:26:34.546+0900: 243.366: [GC (Allocation Failure) 243.366: [ParNew: 58994K->6528K(59008K), 0.0431668 secs] 10883841K->10855631K(25159296K), 0.0434594 secs] [Times: user=0.48 sys=0.01, real=0.04 secs] 
2014-04-09T14:26:34.606+0900: 243.426: [GC (Allocation Failure) 243.426: [ParNew: 57805K->6526K(59008K), 0.0413901 secs] 10897553K->10877709K(25159296K), 0.0416801 secs] [Times: user=0.51 sys=0.01, real=0.04 secs] 
2014-04-09T14:26:34.668+0900: 243.488: [GC (Allocation Failure) 243.488: [ParNew: 59006K->4304K(59008K), 0.0407782 secs] 10920181K->10906520K(25159296K), 0.0410946 secs] [Times: user=0.51 sys=0.00, real=0.04 secs] 
2014-04-09T14:26:34.730+0900: 243.550: [GC (Allocation Failure) 243.550: [ParNew: 56784K->6528K(59008K), 0.0423217 secs] 10947310K->10911592K(25159296K), 0.0426104 secs] [Times: user=0.52 sys=0.00, real=0.04 secs] 
2014-04-09T14:26:34.789+0900: 243.609: [GC (Allocation Failure) 243.609: [ParNew: 55125K->6528K(59008K), 0.0432228 secs] 10950664K->10919805K(25159296K), 0.0435164 secs] [Times: user=0.52 sys=0.01, real=0.04 secs] 
2014-04-09T14:26:34.852+0900: 243.672: [GC (Allocation Failure) 243.672: [ParNew: 59008K->6528K(59008K), 0.0441828 secs] 10960034K->10936941K(25159296K), 0.0444751 secs] [Times: user=0.56 sys=0.00, real=0.05 secs] 
2014-04-09T14:26:34.923+0900: 243.743: [GC (Allocation Failure) 243.743: [ParNew: 59008K->6528K(59008K), 0.0430367 secs] 10970526K->10939730K(25159296K), 0.0433228 secs] [Times: user=0.52 sys=0.00, real=0.05 secs] 
2014-04-09T14:26:34.994+0900: 243.814: [GC (Allocation Failure) 243.814: [ParNew: 59008K->6528K(59008K), 0.0482394 secs] 10972528K->10938894K(25159296K), 0.0485248 secs] [Times: user=0.58 sys=0.01, real=0.04 secs] 
2014-04-09T14:26:35.078+0900: 243.898: [GC (Allocation Failure) 243.898: [ParNew: 59008K->6528K(59008K), 0.0400798 secs] 10964869K->10926423K(25159296K), 0.0403647 secs] [Times: user=0.48 sys=0.00, real=0.04 secs] 
2014-04-09T14:26:35.152+0900: 243.972: [GC (Allocation Failure) 243.972: [ParNew: 59008K->6528K(59008K), 0.0374128 secs] 10956159K->10920101K(25159296K), 0.0377002 secs] [Times: user=0.46 sys=0.00, real=0.04 secs] 
2014-04-09T14:26:35.210+0900: 244.030: [GC (Allocation Failure) 244.030: [ParNew: 51863K->6527K(59008K), 0.0324085 secs] 10952173K->10913800K(25159296K), 0.0326935 secs] [Times: user=0.39 sys=0.01, real=0.03 secs] 
2014-04-09T14:26:35.266+0900: 244.086: [GC (Allocation Failure) 244.086: [ParNew: 57294K->5930K(59008K), 0.0359700 secs] 10948936K->10928212K(25159296K), 0.0362718 secs] [Times: user=0.45 sys=0.01, real=0.03 secs] 
2014-04-09T14:26:35.338+0900: 244.158: [GC (Allocation Failure) 244.158: [ParNew: 54243K->6528K(59008K), 0.0411032 secs] 10951285K->10930304K(25159296K), 0.0413975 secs] [Times: user=0.50 sys=0.01, real=0.04 secs] 
2014-04-09T14:26:35.397+0900: 244.216: [GC (Allocation Failure) 244.217: [ParNew: 56439K->6528K(59008K), 0.0374348 secs] 10969579K->10945915K(25159296K), 0.0377307 secs] [Times: user=0.46 sys=0.01, real=0.04 secs] 
2014-04-09T14:26:35.449+0900: 244.268: [GC (Allocation Failure) 244.268: [ParNew: 59007K->6528K(59008K), 0.0442261 secs] 10990967K->10973548K(25159296K), 0.0445135 secs] [Times: user=0.54 sys=0.00, real=0.05 secs] 
2014-04-09T14:26:35.507+0900: 244.327: [GC (Allocation Failure) 244.327: [ParNew: 49175K->6528K(59008K), 0.0392881 secs] 11009509K->10980116K(25159296K), 0.0395757 secs] [Times: user=0.48 sys=0.00, real=0.04 secs] 
2014-04-09T14:26:35.567+0900: 244.386: [GC (Allocation Failure) 244.387: [ParNew: 59008K->6528K(59008K), 0.0481624 secs] 11019388K->10995887K(25159296K), 0.0484531 secs] [Times: user=0.59 sys=0.00, real=0.05 secs] 
2014-04-09T14:26:35.641+0900: 244.461: [GC (Allocation Failure) 244.461: [ParNew: 59008K->6528K(59008K), 0.0365472 secs] 11029616K->10986090K(25159296K), 0.0368345 secs] [Times: user=0.44 sys=0.00, real=0.04 secs] 
2014-04-09T14:26:35.709+0900: 244.529: [GC (Allocation Failure) 244.529: [ParNew: 59008K->6528K(59008K), 0.0461055 secs] 11014898K->10974719K(25159296K), 0.0463922 secs] [Times: user=0.55 sys=0.00, real=0.05 secs] 
2014-04-09T14:26:35.786+0900: 244.606: [GC (Allocation Failure) 244.606: [ParNew: 56351K->6528K(59008K), 0.0399546 secs] 11008221K->10976358K(25159296K), 0.0402595 secs] [Times: user=0.51 sys=0.00, real=0.04 secs] 
2014-04-09T14:26:35.849+0900: 244.669: [GC (Allocation Failure) 244.669: [ParNew: 59008K->6528K(59008K), 0.0457520 secs] 11014260K->10995680K(25159296K), 0.0460477 secs] [Times: user=0.56 sys=0.01, real=0.05 secs] 
2014-04-09T14:26:35.913+0900: 244.733: [GC (Allocation Failure) 244.733: [ParNew: 59008K->6528K(59008K), 0.0431750 secs] 11040526K->11024900K(25159296K), 0.0434767 secs] [Times: user=0.53 sys=0.00, real=0.05 secs] 
2014-04-09T14:26:35.978+0900: 244.797: [GC (Allocation Failure) 244.798: [ParNew: 50259K->6528K(59008K), 0.0433401 secs] 11061149K->11038082K(25159296K), 0.0436428 secs] [Times: user=0.52 sys=0.00, real=0.04 secs] 
2014-04-09T14:26:36.037+0900: 244.857: [GC (Allocation Failure) 244.857: [ParNew: 59008K->6528K(59008K), 0.0394537 secs] 11083602K->11064134K(25159296K), 0.0397418 secs] [Times: user=0.49 sys=0.00, real=0.04 secs] 
2014-04-09T14:26:36.092+0900: 244.912: [GC (Allocation Failure) 244.912: [ParNew: 59008K->6528K(59008K), 0.0377552 secs] 11108687K->11077362K(25159296K), 0.0380441 secs] [Times: user=0.45 sys=0.00, real=0.04 secs] 
2014-04-09T14:26:36.147+0900: 244.967: [GC (Allocation Failure) 244.967: [ParNew: 59008K->6528K(59008K), 0.0384294 secs] 11121368K->11100818K(25159296K), 0.0387228 secs] [Times: user=0.47 sys=0.01, real=0.04 secs] 
2014-04-09T14:26:36.212+0900: 245.032: [GC (Allocation Failure) 245.032: [ParNew: 59008K->6528K(59008K), 0.0425389 secs] 11133284K->11097546K(25159296K), 0.0428282 secs] [Times: user=0.51 sys=0.00, real=0.05 secs] 
2014-04-09T14:26:36.286+0900: 245.106: [GC (Allocation Failure) 245.106: [ParNew: 59008K->6528K(59008K), 0.0433798 secs] 11127999K->11085863K(25159296K), 0.0436767 secs] [Times: user=0.53 sys=0.01, real=0.04 secs] 
2014-04-09T14:26:36.365+0900: 245.184: [GC (Allocation Failure) 245.184: [ParNew: 59008K->6528K(59008K), 0.0366138 secs] 11113517K->11065881K(25159296K), 0.0369033 secs] [Times: user=0.44 sys=0.01, real=0.03 secs] 
2014-04-09T14:26:36.437+0900: 245.257: [GC (Allocation Failure) 245.257: [ParNew: 59008K->6528K(59008K), 0.0322039 secs] 11092484K->11049487K(25159296K), 0.0325000 secs] [Times: user=0.39 sys=0.00, real=0.03 secs] 
2014-04-09T14:26:36.501+0900: 245.320: [GC (Allocation Failure) 245.320: [ParNew: 56378K->6528K(59008K), 0.0335230 secs] 11078242K->11042133K(25159296K), 0.0338181 secs] [Times: user=0.41 sys=0.00, real=0.04 secs] 
2014-04-09T14:26:36.563+0900: 245.382: [GC (Allocation Failure) 245.383: [ParNew: 59008K->1620K(59008K), 0.0357000 secs] 11075937K->11045173K(25159296K), 0.0359914 secs] [Times: user=0.44 sys=0.01, real=0.04 secs] 
2014-04-09T14:26:36.627+0900: 245.446: [GC (Allocation Failure) 245.447: [ParNew: 54100K->6528K(59008K), 0.0361319 secs] 11079402K->11045395K(25159296K), 0.0364172 secs] [Times: user=0.45 sys=0.00, real=0.03 secs] 
2014-04-09T14:26:36.690+0900: 245.510: [GC (Allocation Failure) 245.510: [ParNew: 54233K->4017K(59008K), 0.0353645 secs] 11074714K->11051146K(25159296K), 0.0356526 secs] [Times: user=0.43 sys=0.01, real=0.04 secs] 
2014-04-09T14:26:36.746+0900: 245.565: [GC (Allocation Failure) 245.565: [ParNew: 48675K->6528K(59008K), 0.0376127 secs] 11076400K->11053594K(25159296K), 0.0379030 secs] [Times: user=0.46 sys=0.01, real=0.04 secs] 
2014-04-09T14:26:36.807+0900: 245.626: [GC (Allocation Failure) 245.627: [ParNew: 51570K->6528K(59008K), 0.0403668 secs] 11069511K->11047243K(25159296K), 0.0406681 secs] [Times: user=0.50 sys=0.01, real=0.04 secs] 
2014-04-09T14:26:36.873+0900: 245.692: [GC (Allocation Failure) 245.693: [ParNew: 59008K->6423K(59008K), 0.0395797 secs] 11076794K->11065509K(25159296K), 0.0398658 secs] [Times: user=0.49 sys=0.01, real=0.04 secs] 
2014-04-09T14:26:36.939+0900: 245.759: [GC (Allocation Failure) 245.759: [ParNew: 58903K->6528K(59008K), 0.0472720 secs] 11088057K->11064342K(25159296K), 0.0475690 secs] [Times: user=0.57 sys=0.00, real=0.05 secs] 
2014-04-09T14:26:37.008+0900: 245.828: [GC (Allocation Failure) 245.828: [ParNew: 59008K->6528K(59008K), 0.0457464 secs] 11089190K->11066292K(25159296K), 0.0460349 secs] [Times: user=0.56 sys=0.00, real=0.05 secs] 
2014-04-09T14:26:37.096+0900: 245.915: [GC (Allocation Failure) 245.915: [ParNew: 59007K->6528K(59008K), 0.0470591 secs] 11045869K->11017325K(25159296K), 0.0473488 secs] [Times: user=0.56 sys=0.00, real=0.04 secs] 
2014-04-09T14:26:37.180+0900: 245.999: [GC (Allocation Failure) 245.999: [ParNew: 59008K->6528K(59008K), 0.0452801 secs] 11012118K->10973429K(25159296K), 0.0455753 secs] [Times: user=0.54 sys=0.00, real=0.05 secs] 
2014-04-09T14:26:37.237+0900: 246.057: [CMS-concurrent-sweep: 1.804/5.072 secs] [Times: user=47.05 sys=0.83, real=5.07 secs] 
2014-04-09T14:26:37.237+0900: 246.057: [CMS-concurrent-reset-start]
2014-04-09T14:26:37.266+0900: 246.086: [GC (Allocation Failure) 246.086: [ParNew: 59008K->5061K(59008K), 0.0434470 secs] 11005466K->10954823K(25159296K), 0.0437417 secs] [Times: user=0.52 sys=0.00, real=0.04 secs] 
2014-04-09T14:26:37.350+0900: 246.170: [GC (Allocation Failure) 246.170: [ParNew: 57541K->5645K(59008K), 0.0397672 secs] 11007303K->10978116K(25159296K), 0.0400571 secs] [Times: user=0.48 sys=0.00, real=0.04 secs] 
2014-04-09T14:26:37.402+0900: 246.222: [CMS-concurrent-reset: 0.075/0.165 secs] [Times: user=1.34 sys=0.01, real=0.16 secs] 
2014-04-09T14:26:37.437+0900: 246.257: [GC (Allocation Failure) 246.257: [ParNew: 58125K->6528K(59008K), 0.0376787 secs] 11030596K->10988434K(25159296K), 0.0379620 secs] [Times: user=0.47 sys=0.00, real=0.04 secs] 
2014-04-09T14:26:37.477+0900: 246.297: [GC (CMS Initial Mark) [1 CMS-initial-mark: 10981906K(25100288K)] 10988639K(25159296K), 0.0020949 secs] [Times: user=0.00 sys=0.00, real=0.00 secs] 
2014-04-09T14:26:37.480+0900: 246.299: [CMS-concurrent-mark-start]
2014-04-09T14:26:37.523+0900: 246.343: [GC (Allocation Failure) 246.343: [ParNew: 55066K->6528K(59008K), 0.0458873 secs] 11036972K->11010388K(25159296K), 0.0461772 secs] [Times: user=0.56 sys=0.00, real=0.05 secs] 
2014-04-09T14:26:37.604+0900: 246.424: [GC (Allocation Failure) 246.424: [ParNew: 59006K->6528K(59008K), 0.0437006 secs] 11062866K->11036495K(25159296K), 0.0439924 secs] [Times: user=0.53 sys=0.00, real=0.04 secs] 
2014-04-09T14:26:37.697+0900: 246.517: [GC (Allocation Failure) 246.517: [ParNew: 57531K->6528K(59008K), 0.0392760 secs] 11087498K->11060454K(25159296K), 0.0395780 secs] [Times: user=0.48 sys=0.01, real=0.04 secs] 
2014-04-09T14:26:37.767+0900: 246.587: [GC (Allocation Failure) 246.587: [ParNew: 59008K->5283K(59008K), 0.0435697 secs] 11112934K->11104118K(25159296K), 0.0438601 secs] [Times: user=0.53 sys=0.01, real=0.04 secs] 
2014-04-09T14:26:37.831+0900: 246.650: [GC (Allocation Failure) 246.650: [ParNew: 55829K->6528K(59008K), 0.0324962 secs] 11154665K->11114947K(25159296K), 0.0327877 secs] [Times: user=0.39 sys=0.01, real=0.04 secs] 
2014-04-09T14:26:37.880+0900: 246.700: [GC (Allocation Failure) 246.700: [ParNew: 59007K->6523K(59008K), 0.0493987 secs] 11167426K->11147150K(25159296K), 0.0496956 secs] [Times: user=0.61 sys=0.01, real=0.05 secs] 
2014-04-09T14:26:37.971+0900: 246.791: [GC (Allocation Failure) 246.791: [ParNew: 55481K->6528K(59008K), 0.0399296 secs] 11196108K->11170038K(25159296K), 0.0402329 secs] [Times: user=0.48 sys=0.00, real=0.04 secs] 
2014-04-09T14:26:38.049+0900: 246.868: [GC (Allocation Failure) 246.869: [ParNew: 59008K->6528K(59008K), 0.0452467 secs] 11222518K->11196063K(25159296K), 0.0455316 secs] [Times: user=0.52 sys=0.00, real=0.05 secs] 
2014-04-09T14:26:38.136+0900: 246.955: [GC (Allocation Failure) 246.956: [ParNew: 57612K->6528K(59008K), 0.0422356 secs] 11247148K->11216868K(25159296K), 0.0425234 secs] [Times: user=0.51 sys=0.01, real=0.04 secs] 
2014-04-09T14:26:38.204+0900: 247.024: [GC (Allocation Failure) 247.024: [ParNew: 59008K->6528K(59008K), 0.0428330 secs] 11269348K->11232176K(25159296K), 0.0431224 secs] [Times: user=0.54 sys=0.00, real=0.04 secs] 
2014-04-09T14:26:38.273+0900: 247.093: [GC (Allocation Failure) 247.093: [ParNew: 59008K->6528K(59008K), 0.0430007 secs] 11284656K->11254253K(25159296K), 0.0432944 secs] [Times: user=0.52 sys=0.02, real=0.04 secs] 
2014-04-09T14:26:38.342+0900: 247.162: [GC (Allocation Failure) 247.162: [ParNew: 59008K->6528K(59008K), 0.0432424 secs] 11306733K->11278677K(25159296K), 0.0435362 secs] [Times: user=0.53 sys=0.01, real=0.05 secs] 
2014-04-09T14:26:38.415+0900: 247.234: [GC (Allocation Failure) 247.234: [ParNew: 59008K->6528K(59008K), 0.0444819 secs] 11331157K->11302612K(25159296K), 0.0447755 secs] [Times: user=0.54 sys=0.00, real=0.04 secs] 
2014-04-09T14:26:38.487+0900: 247.307: [GC (Allocation Failure) 247.307: [ParNew: 59008K->6528K(59008K), 0.0437230 secs] 11355092K->11315152K(25159296K), 0.0440285 secs] [Times: user=0.53 sys=0.00, real=0.04 secs] 
2014-04-09T14:26:38.561+0900: 247.381: [GC (Allocation Failure) 247.381: [ParNew: 59008K->6528K(59008K), 0.0426794 secs] 11367632K->11332365K(25159296K), 0.0429672 secs] [Times: user=0.51 sys=0.01, real=0.05 secs] 
2014-04-09T14:26:38.646+0900: 247.466: [GC (Allocation Failure) 247.466: [ParNew: 59008K->6528K(59008K), 0.0404165 secs] 11384845K->11345943K(25159296K), 0.0407052 secs] [Times: user=0.51 sys=0.00, real=0.04 secs] 
2014-04-09T14:26:38.726+0900: 247.545: [GC (Allocation Failure) 247.546: [ParNew: 59008K->6528K(59008K), 0.0397731 secs] 11398423K->11365728K(25159296K), 0.0400515 secs] [Times: user=0.50 sys=0.01, real=0.04 secs] 
2014-04-09T14:26:38.804+0900: 247.623: [GC (Allocation Failure) 247.623: [ParNew: 59008K->6523K(59008K), 0.0465257 secs] 11418208K->11388115K(25159296K), 0.0468174 secs] [Times: user=0.56 sys=0.00, real=0.04 secs] 
2014-04-09T14:26:38.875+0900: 247.695: [GC (Allocation Failure) 247.695: [ParNew: 52626K->6528K(59008K), 0.0373474 secs] 11434218K->11410605K(25159296K), 0.0376314 secs] [Times: user=0.45 sys=0.01, real=0.03 secs] 
2014-04-09T14:26:38.939+0900: 247.759: [GC (Allocation Failure) 247.759: [ParNew: 58995K->6528K(59008K), 0.0370920 secs] 11463072K->11439082K(25159296K), 0.0373755 secs] [Times: user=0.44 sys=0.01, real=0.04 secs] 
2014-04-09T14:26:39.000+0900: 247.820: [GC (Allocation Failure) 247.820: [ParNew: 53667K->1689K(59008K), 0.0381292 secs] 11486221K->11463987K(25159296K), 0.0384225 secs] [Times: user=0.46 sys=0.02, real=0.04 secs] 
2014-04-09T14:26:39.075+0900: 247.895: [GC (Allocation Failure) 247.895: [ParNew: 54169K->6528K(59008K), 0.0467522 secs] 11516466K->11505318K(25159296K), 0.0470409 secs] [Times: user=0.58 sys=0.01, real=0.04 secs] 
2014-04-09T14:26:39.146+0900: 247.966: [GC (Allocation Failure) 247.966: [ParNew: 51654K->6528K(59008K), 0.0419056 secs] 11550445K->11523175K(25159296K), 0.0421876 secs] [Times: user=0.47 sys=0.01, real=0.04 secs] 
2014-04-09T14:26:39.217+0900: 248.037: [GC (Allocation Failure) 248.037: [ParNew: 59008K->6528K(59008K), 0.0507640 secs] 11575655K->11554693K(25159296K), 0.0510556 secs] [Times: user=0.63 sys=0.02, real=0.05 secs] 
2014-04-09T14:26:39.329+0900: 248.149: [GC (Allocation Failure) 248.149: [ParNew: 59008K->6528K(59008K), 0.0679045 secs] 11607173K->11579625K(25159296K), 0.0681984 secs] [Times: user=0.66 sys=0.01, real=0.07 secs] 
2014-04-09T14:26:39.455+0900: 248.275: [GC (Allocation Failure) 248.275: [ParNew: 59008K->6151K(59008K), 0.0454417 secs] 11632105K->11585748K(25159296K), 0.0457422 secs] [Times: user=0.54 sys=0.01, real=0.04 secs] 
2014-04-09T14:26:39.584+0900: 248.404: [GC (Allocation Failure) 248.404: [ParNew: 58631K->2682K(59008K), 0.0335207 secs] 11638228K->11586375K(25159296K), 0.0338153 secs] [Times: user=0.43 sys=0.01, real=0.03 secs] 
2014-04-09T14:26:39.682+0900: 248.501: [GC (Allocation Failure) 248.502: [ParNew: 55144K->4305K(59008K), 0.0468366 secs] 11638837K->11606351K(25159296K), 0.0471311 secs] [Times: user=0.59 sys=0.01, real=0.05 secs] 
2014-04-09T14:26:39.772+0900: 248.592: [GC (Allocation Failure) 248.592: [ParNew: 54090K->4472K(59008K), 0.0429339 secs] 11656136K->11628437K(25159296K), 0.0432268 secs] [Times: user=0.51 sys=0.02, real=0.05 secs] 
2014-04-09T14:26:39.856+0900: 248.676: [GC (Allocation Failure) 248.676: [ParNew: 56952K->6528K(59008K), 0.0529480 secs] 11680917K->11650988K(25159296K), 0.0532457 secs] [Times: user=0.59 sys=0.01, real=0.05 secs] 
2014-04-09T14:26:39.931+0900: 248.750: [GC (Allocation Failure) 248.751: [ParNew: 49027K->6528K(59008K), 0.0520005 secs] 11693488K->11670194K(25159296K), 0.0522948 secs] [Times: user=0.61 sys=0.01, real=0.05 secs] 
2014-04-09T14:26:40.009+0900: 248.828: [GC (Allocation Failure) 248.829: [ParNew: 59008K->6528K(59008K), 0.0382044 secs] 11722674K->11705210K(25159296K), 0.0384989 secs] [Times: user=0.43 sys=0.02, real=0.04 secs] 
2014-04-09T14:26:40.088+0900: 248.907: [GC (Allocation Failure) 248.908: [ParNew: 59008K->6528K(59008K), 0.0539273 secs] 11757690K->11723710K(25159296K), 0.0542372 secs] [Times: user=0.61 sys=0.01, real=0.05 secs] 
2014-04-09T14:26:40.172+0900: 248.992: [GC (Allocation Failure) 248.992: [ParNew: 53158K->6528K(59008K), 0.0500448 secs] 11770341K->11749650K(25159296K), 0.0503377 secs] [Times: user=0.60 sys=0.01, real=0.05 secs] 
2014-04-09T14:26:40.256+0900: 249.075: [GC (Allocation Failure) 249.076: [ParNew: 59008K->6528K(59008K), 0.0400784 secs] 11802130K->11768058K(25159296K), 0.0403637 secs] [Times: user=0.49 sys=0.00, real=0.04 secs] 
2014-04-09T14:26:40.336+0900: 249.156: [GC (Allocation Failure) 249.156: [ParNew: 59008K->6528K(59008K), 0.0491629 secs] 11820538K->11782225K(25159296K), 0.0494578 secs] [Times: user=0.60 sys=0.01, real=0.05 secs] 
2014-04-09T14:26:40.422+0900: 249.242: [GC (Allocation Failure) 249.242: [ParNew: 59008K->6528K(59008K), 0.0450120 secs] 11834705K->11799274K(25159296K), 0.0453015 secs] [Times: user=0.55 sys=0.01, real=0.05 secs] 
2014-04-09T14:26:40.507+0900: 249.327: [GC (Allocation Failure) 249.327: [ParNew: 56766K->6528K(59008K), 0.0455566 secs] 11849513K->11830426K(25159296K), 0.0458517 secs] [Times: user=0.54 sys=0.02, real=0.04 secs] 
2014-04-09T14:26:40.579+0900: 249.399: [GC (Allocation Failure) 249.399: [ParNew: 50343K->6528K(59008K), 0.0400918 secs] 11874242K->11840942K(25159296K), 0.0403834 secs] [Times: user=0.49 sys=0.00, real=0.04 secs] 
2014-04-09T14:26:40.644+0900: 249.464: [GC (Allocation Failure) 249.464: [ParNew: 59008K->6528K(59008K), 0.0480050 secs] 11893422K->11862845K(25159296K), 0.0482998 secs] [Times: user=0.58 sys=0.01, real=0.04 secs] 
2014-04-09T14:26:40.725+0900: 249.545: [GC (Allocation Failure) 249.545: [ParNew: 59008K->6528K(59008K), 0.0399815 secs] 11915325K->11888165K(25159296K), 0.0402787 secs] [Times: user=0.49 sys=0.01, real=0.04 secs] 
2014-04-09T14:26:40.816+0900: 249.636: [GC (Allocation Failure) 249.636: [ParNew: 59008K->6528K(59008K), 0.0518462 secs] 11940645K->11901569K(25159296K), 0.0521467 secs] [Times: user=0.56 sys=0.01, real=0.05 secs] 
2014-04-09T14:26:40.923+0900: 249.742: [GC (Allocation Failure) 249.742: [ParNew: 52090K->6528K(59008K), 0.0427740 secs] 11947131K->11912267K(25159296K), 0.0430646 secs] [Times: user=0.53 sys=0.00, real=0.05 secs] 
2014-04-09T14:26:41.024+0900: 249.844: [GC (Allocation Failure) 249.844: [ParNew: 59003K->6321K(59008K), 0.0387163 secs] 11964742K->11922639K(25159296K), 0.0390065 secs] [Times: user=0.48 sys=0.01, real=0.03 secs] 
2014-04-09T14:26:41.092+0900: 249.912: [GC (Allocation Failure) 249.912: [ParNew: 58792K->6507K(59008K), 0.0392989 secs] 11975110K->11939871K(25159296K), 0.0395862 secs] [Times: user=0.50 sys=0.00, real=0.04 secs] 
2014-04-09T14:26:41.158+0900: 249.977: [GC (Allocation Failure) 249.977: [ParNew: 58987K->5680K(59008K), 0.0370780 secs] 11992351K->11962274K(25159296K), 0.0373668 secs] [Times: user=0.46 sys=0.00, real=0.04 secs] 
2014-04-09T14:26:41.242+0900: 250.062: [GC (Allocation Failure) 250.062: [ParNew: 58160K->6528K(59008K), 0.0603033 secs] 12014754K->11987836K(25159296K), 0.0605924 secs] [Times: user=0.53 sys=0.03, real=0.06 secs] 
2014-04-09T14:26:41.384+0900: 250.204: [GC (Allocation Failure) 250.204: [ParNew: 59008K->6528K(59008K), 0.0472798 secs] 12040316K->11996210K(25159296K), 0.0475759 secs] [Times: user=0.57 sys=0.01, real=0.04 secs] 
2014-04-09T14:26:41.597+0900: 250.417: [GC (Allocation Failure) 250.417: [ParNew: 51796K->3689K(59008K), 0.0322684 secs] 12041478K->12001563K(25159296K), 0.0325653 secs] [Times: user=0.41 sys=0.00, real=0.03 secs] 
2014-04-09T14:26:41.682+0900: 250.502: [GC (Allocation Failure) 250.502: [ParNew: 55403K->6528K(59008K), 0.0363324 secs] 12053277K->12021203K(25159296K), 0.0366223 secs] [Times: user=0.43 sys=0.01, real=0.04 secs] 
2014-04-09T14:26:41.748+0900: 250.568: [CMS-concurrent-mark: 1.969/4.269 secs] [Times: user=39.56 sys=0.86, real=4.27 secs] 
2014-04-09T14:26:41.749+0900: 250.568: [CMS-concurrent-preclean-start]
2014-04-09T14:26:41.781+0900: 250.601: [GC (Allocation Failure) 250.601: [ParNew: 59008K->6528K(59008K), 0.0500259 secs] 12073683K->12056030K(25159296K), 0.0503331 secs] [Times: user=0.57 sys=0.02, real=0.05 secs] 
2014-04-09T14:26:41.936+0900: 250.756: [GC (Allocation Failure) 250.756: [ParNew: 55887K->6528K(59008K), 0.0427238 secs] 12105390K->12065272K(25159296K), 0.0430075 secs] [Times: user=0.51 sys=0.00, real=0.04 secs] 
2014-04-09T14:26:42.030+0900: 250.849: [GC (Allocation Failure) 250.850: [ParNew: 59008K->6528K(59008K), 0.0373677 secs] 12117752K->12070378K(25159296K), 0.0376617 secs] [Times: user=0.46 sys=0.01, real=0.04 secs] 
2014-04-09T14:26:42.093+0900: 250.912: [GC (Allocation Failure) 250.912: [ParNew: 59008K->2602K(59008K), 0.0368502 secs] 12122858K->12072750K(25159296K), 0.0371336 secs] [Times: user=0.45 sys=0.01, real=0.04 secs] 
2014-04-09T14:26:42.153+0900: 250.973: [GC (Allocation Failure) 250.973: [ParNew: 55082K->600K(59008K), 0.0323703 secs] 12125230K->12070749K(25159296K), 0.0326474 secs] [Times: user=0.42 sys=0.00, real=0.04 secs] 
2014-04-09T14:26:42.210+0900: 251.030: [GC (Allocation Failure) 251.030: [ParNew: 53080K->150K(59008K), 0.0332776 secs] 12123229K->12070299K(25159296K), 0.0335621 secs] [Times: user=0.42 sys=0.00, real=0.03 secs] 
2014-04-09T14:26:42.269+0900: 251.089: [GC (Allocation Failure) 251.089: [ParNew: 52630K->38K(59008K), 0.0393836 secs] 12122779K->12070186K(25159296K), 0.0396686 secs] [Times: user=0.48 sys=0.00, real=0.04 secs] 
2014-04-09T14:26:42.336+0900: 251.156: [GC (Allocation Failure) 251.156: [ParNew: 52518K->26K(59008K), 0.0333736 secs] 12122666K->12070174K(25159296K), 0.0336581 secs] [Times: user=0.42 sys=0.00, real=0.03 secs] 
2014-04-09T14:26:42.397+0900: 251.217: [GC (Allocation Failure) 251.217: [ParNew: 52506K->26K(59008K), 0.0338102 secs] 12122654K->12070175K(25159296K), 0.0340948 secs] [Times: user=0.42 sys=0.01, real=0.03 secs] 
2014-04-09T14:26:42.455+0900: 251.275: [GC (Allocation Failure) 251.275: [ParNew: 52506K->24K(59008K), 0.0336790 secs] 12122655K->12070175K(25159296K), 0.0339681 secs] [Times: user=0.42 sys=0.01, real=0.03 secs] 
2014-04-09T14:26:42.511+0900: 251.331: [GC (Allocation Failure) 251.331: [ParNew: 52504K->24K(59008K), 0.0331253 secs] 12122655K->12070175K(25159296K), 0.0334121 secs] [Times: user=0.42 sys=0.00, real=0.04 secs] 
2014-04-09T14:26:42.567+0900: 251.387: [GC (Allocation Failure) 251.387: [ParNew: 52504K->26K(59008K), 0.0326877 secs] 12122655K->12070177K(25159296K), 0.0329856 secs] [Times: user=0.40 sys=0.01, real=0.03 secs] 
2014-04-09T14:26:42.625+0900: 251.444: [GC (Allocation Failure) 251.444: [ParNew: 52506K->26K(59008K), 0.0336146 secs] 12122657K->12070178K(25159296K), 0.0339019 secs] [Times: user=0.42 sys=0.01, real=0.03 secs] 
2014-04-09T14:26:42.683+0900: 251.503: [GC (Allocation Failure) 251.503: [ParNew: 52506K->26K(59008K), 0.0339599 secs] 12122658K->12070178K(25159296K), 0.0342471 secs] [Times: user=0.42 sys=0.00, real=0.04 secs] 
2014-04-09T14:26:42.740+0900: 251.560: [GC (Allocation Failure) 251.560: [ParNew: 52506K->26K(59008K), 0.0314552 secs] 12122658K->12070178K(25159296K), 0.0317466 secs] [Times: user=0.40 sys=0.01, real=0.03 secs] 
2014-04-09T14:26:42.796+0900: 251.616: [GC (Allocation Failure) 251.616: [ParNew: 52506K->26K(59008K), 0.0318600 secs] 12122658K->12070178K(25159296K), 0.0321409 secs] [Times: user=0.40 sys=0.00, real=0.03 secs] 
2014-04-09T14:26:42.854+0900: 251.674: [GC (Allocation Failure) 251.674: [ParNew: 52506K->26K(59008K), 0.0312575 secs] 12122658K->12070178K(25159296K), 0.0315461 secs] [Times: user=0.40 sys=0.01, real=0.04 secs] 
2014-04-09T14:26:42.911+0900: 251.731: [GC (Allocation Failure) 251.731: [ParNew: 52506K->26K(59008K), 0.0313668 secs] 12122658K->12070178K(25159296K), 0.0316439 secs] [Times: user=0.38 sys=0.01, real=0.03 secs] 
2014-04-09T14:26:42.975+0900: 251.795: [GC (Allocation Failure) 251.795: [ParNew: 52506K->26K(59008K), 0.0323583 secs] 12122658K->12070179K(25159296K), 0.0326366 secs] [Times: user=0.41 sys=0.00, real=0.03 secs] 
2014-04-09T14:26:43.053+0900: 251.873: [GC (Allocation Failure) 251.873: [ParNew: 52506K->22K(59008K), 0.0301819 secs] 12122659K->12070175K(25159296K), 0.0304891 secs] [Times: user=0.38 sys=0.00, real=0.03 secs] 
2014-04-09T14:26:43.178+0900: 251.997: [GC (Allocation Failure) 251.997: [ParNew: 52502K->26K(59008K), 0.0316270 secs] 12122655K->12070179K(25159296K), 0.0319094 secs] [Times: user=0.39 sys=0.00, real=0.03 secs] 
2014-04-09T14:26:43.439+0900: 252.259: [CMS-concurrent-preclean: 0.833/1.690 secs] [Times: user=12.73 sys=0.12, real=1.69 secs] 
2014-04-09T14:26:43.439+0900: 252.259: [CMS-concurrent-abortable-preclean-start]
 CMS: abort preclean due to time 2014-04-09T14:26:48.613+0900: 257.432: [CMS-concurrent-abortable-preclean: 3.068/5.173 secs] [Times: user=3.12 sys=0.01, real=5.17 secs] 
2014-04-09T14:26:48.614+0900: 257.434: [GC (CMS Final Remark) [YG occupancy: 10774 K (59008 K)]257.434: [Rescan (parallel) , 0.0168026 secs]257.451: [weak refs processing, 0.0001456 secs]257.451: [class unloading, 0.0432370 secs]257.494: [scrub symbol table, 0.0043176 secs]257.499: [scrub string table, 0.0012200 secs][1 CMS-remark: 12070153K(25100288K)] 12080927K(25159296K), 0.0728347 secs] [Times: user=0.26 sys=0.01, real=0.08 secs] 
2014-04-09T14:26:48.688+0900: 257.507: [CMS-concurrent-sweep-start]
2014-04-09T14:26:49.946+0900: 258.765: [CMS-concurrent-sweep: 1.252/1.258 secs] [Times: user=1.26 sys=0.01, real=1.26 secs] 
2014-04-09T14:26:49.946+0900: 258.765: [CMS-concurrent-reset-start]
2014-04-09T14:26:50.023+0900: 258.843: [CMS-concurrent-reset: 0.078/0.078 secs] [Times: user=0.08 sys=0.00, real=0.07 secs] 
2014-04-09T14:26:52.025+0900: 260.844: [GC (CMS Initial Mark) [1 CMS-initial-mark: 9496065K(25100288K)] 9507426K(25159296K), 0.0037597 secs] [Times: user=0.02 sys=0.00, real=0.01 secs] 
2014-04-09T14:26:52.029+0900: 260.849: [CMS-concurrent-mark-start]
2014-04-09T14:26:53.944+0900: 262.763: [CMS-concurrent-mark: 1.915/1.915 secs] [Times: user=7.23 sys=0.19, real=1.91 secs] 
2014-04-09T14:26:53.944+0900: 262.764: [CMS-concurrent-preclean-start]
2014-04-09T14:26:54.013+0900: 262.833: [CMS-concurrent-preclean: 0.069/0.069 secs] [Times: user=0.07 sys=0.00, real=0.07 secs] 
2014-04-09T14:26:54.013+0900: 262.833: [CMS-concurrent-abortable-preclean-start]
2014-04-09T14:26:55.027+0900: 263.847: [GC (Allocation Failure) 263.847: [ParNew: 52506K->257K(59008K), 0.0328600 secs] 9548571K->9496322K(25159296K), 0.0331648 secs] [Times: user=0.40 sys=0.00, real=0.03 secs] 
2014-04-09T14:26:55.116+0900: 263.936: [GC (Allocation Failure) 263.936: [ParNew: 52737K->356K(59008K), 0.0330748 secs] 9548802K->9496421K(25159296K), 0.0333675 secs] [Times: user=0.41 sys=0.01, real=0.04 secs] 
2014-04-09T14:26:55.219+0900: 264.038: [CMS-concurrent-abortable-preclean: 0.733/1.205 secs] [Times: user=1.99 sys=0.02, real=1.21 secs] 
2014-04-09T14:26:55.220+0900: 264.040: [GC (Allocation Failure) 264.040: [ParNew: 52836K->403K(59008K), 0.0344115 secs] 9548901K->9496468K(25159296K), 0.0346808 secs] [Times: user=0.44 sys=0.00, real=0.03 secs] 
2014-04-09T14:26:55.257+0900: 264.077: [GC (CMS Final Remark) [YG occupancy: 553 K (59008 K)]264.077: [Rescan (parallel) , 0.0151176 secs]264.092: [weak refs processing, 0.0000631 secs]264.092: [class unloading, 0.0433817 secs]264.135: [scrub symbol table, 0.0043410 secs]264.140: [scrub string table, 0.0012188 secs][1 CMS-remark: 9496065K(25100288K)] 9496619K(25159296K), 0.0714246 secs] [Times: user=0.24 sys=0.00, real=0.07 secs] 
2014-04-09T14:26:55.329+0900: 264.149: [CMS-concurrent-sweep-start]
2014-04-09T14:26:55.369+0900: 264.189: [GC (Allocation Failure) 264.189: [ParNew: 52883K->359K(59008K), 0.0332855 secs] 9548919K->9496395K(25159296K), 0.0335788 secs] [Times: user=0.42 sys=0.00, real=0.03 secs] 
2014-04-09T14:26:55.430+0900: 264.250: [GC (Allocation Failure) 264.250: [ParNew: 52839K->434K(59008K), 0.0339556 secs] 9548874K->9496469K(25159296K), 0.0342634 secs] [Times: user=0.43 sys=0.00, real=0.03 secs] 
2014-04-09T14:26:55.490+0900: 264.310: [GC (Allocation Failure) 264.310: [ParNew: 52914K->364K(59008K), 0.0326524 secs] 9548948K->9496398K(25159296K), 0.0329517 secs] [Times: user=0.41 sys=0.00, real=0.03 secs] 
2014-04-09T14:26:55.549+0900: 264.369: [GC (Allocation Failure) 264.369: [ParNew: 52844K->197K(59008K), 0.0328018 secs] 9548877K->9496469K(25159296K), 0.0330870 secs] [Times: user=0.41 sys=0.01, real=0.03 secs] 
2014-04-09T14:26:55.608+0900: 264.428: [GC (Allocation Failure) 264.428: [ParNew: 52677K->61K(59008K), 0.0364984 secs] 9548948K->9496333K(25159296K), 0.0367866 secs] [Times: user=0.46 sys=0.00, real=0.03 secs] 
2014-04-09T14:26:55.674+0900: 264.494: [GC (Allocation Failure) 264.494: [ParNew: 52541K->38K(59008K), 0.0325775 secs] 9548811K->9496308K(25159296K), 0.0328527 secs] [Times: user=0.42 sys=0.00, real=0.04 secs] 
2014-04-09T14:26:55.733+0900: 264.553: [GC (Allocation Failure) 264.553: [ParNew: 52518K->26K(59008K), 0.0327054 secs] 9548780K->9496303K(25159296K), 0.0329755 secs] [Times: user=0.41 sys=0.00, real=0.03 secs] 
2014-04-09T14:26:55.792+0900: 264.611: [GC (Allocation Failure) 264.612: [ParNew: 52506K->26K(59008K), 0.0323741 secs] 9548776K->9496296K(25159296K), 0.0326511 secs] [Times: user=0.41 sys=0.00, real=0.03 secs] 
2014-04-09T14:26:55.850+0900: 264.670: [GC (Allocation Failure) 264.670: [ParNew: 52506K->26K(59008K), 0.0334769 secs] 9548714K->9496235K(25159296K), 0.0337517 secs] [Times: user=0.42 sys=0.00, real=0.03 secs] 
2014-04-09T14:26:55.910+0900: 264.729: [GC (Allocation Failure) 264.729: [ParNew: 52506K->26K(59008K), 0.0322647 secs] 9548714K->9496234K(25159296K), 0.0325336 secs] [Times: user=0.40 sys=0.01, real=0.03 secs] 
2014-04-09T14:26:55.968+0900: 264.788: [GC (Allocation Failure) 264.788: [ParNew: 52506K->26K(59008K), 0.0315108 secs] 9548710K->9496230K(25159296K), 0.0317808 secs] [Times: user=0.40 sys=0.00, real=0.03 secs] 
2014-04-09T14:26:56.026+0900: 264.845: [GC (Allocation Failure) 264.846: [ParNew: 52506K->30K(59008K), 0.0335223 secs] 9548707K->9496233K(25159296K), 0.0337886 secs] [Times: user=0.42 sys=0.00, real=0.04 secs] 
2014-04-09T14:26:56.088+0900: 264.908: [GC (Allocation Failure) 264.908: [ParNew: 52510K->36K(59008K), 0.0331013 secs] 9548697K->9496222K(25159296K), 0.0333723 secs] [Times: user=0.42 sys=0.00, real=0.03 secs] 
2014-04-09T14:26:56.151+0900: 264.970: [GC (Allocation Failure) 264.970: [ParNew: 52516K->54K(59008K), 0.0351735 secs] 9548614K->9496152K(25159296K), 0.0354423 secs] [Times: user=0.44 sys=0.00, real=0.03 secs] 
2014-04-09T14:26:56.217+0900: 265.037: [GC (Allocation Failure) 265.037: [ParNew: 52534K->58K(59008K), 0.0328441 secs] 9548488K->9496012K(25159296K), 0.0331072 secs] [Times: user=0.41 sys=0.00, real=0.03 secs] 
2014-04-09T14:26:56.279+0900: 265.098: [GC (Allocation Failure) 265.099: [ParNew: 52538K->64K(59008K), 0.0334244 secs] 9548336K->9495862K(25159296K), 0.0336960 secs] [Times: user=0.42 sys=0.00, real=0.03 secs] 
2014-04-09T14:26:56.342+0900: 265.162: [GC (Allocation Failure) 265.162: [ParNew: 52544K->56K(59008K), 0.0329192 secs] 9548213K->9495726K(25159296K), 0.0331792 secs] [Times: user=0.41 sys=0.00, real=0.03 secs] 
2014-04-09T14:26:56.402+0900: 265.222: [GC (Allocation Failure) 265.222: [ParNew: 52536K->54K(59008K), 0.0326485 secs] 9548135K->9495660K(25159296K), 0.0329048 secs] [Times: user=0.41 sys=0.00, real=0.03 secs] 
2014-04-09T14:26:56.472+0900: 265.292: [GC (Allocation Failure) 265.292: [ParNew: 52534K->42K(59008K), 0.0342514 secs] 9548010K->9495525K(25159296K), 0.0344950 secs] [Times: user=0.43 sys=0.00, real=0.04 secs] 
2014-04-09T14:26:56.536+0900: 265.356: [GC (Allocation Failure) 265.356: [ParNew: 52522K->22K(59008K), 0.0339449 secs] 9547907K->9495427K(25159296K), 0.0341922 secs] [Times: user=0.42 sys=0.01, real=0.04 secs] 
2014-04-09T14:26:56.596+0900: 265.416: [GC (Allocation Failure) 265.416: [ParNew: 52502K->22K(59008K), 0.0332140 secs] 9547888K->9495408K(25159296K), 0.0334632 secs] [Times: user=0.41 sys=0.01, real=0.04 secs] 
2014-04-09T14:26:56.655+0900: 265.475: [GC (Allocation Failure) 265.475: [ParNew: 52502K->24K(59008K), 0.0323525 secs] 9547831K->9495353K(25159296K), 0.0325883 secs] [Times: user=0.42 sys=0.00, real=0.04 secs] 
2014-04-09T14:26:56.713+0900: 265.533: [GC (Allocation Failure) 265.533: [ParNew: 52504K->18K(59008K), 0.0328710 secs] 9547821K->9495335K(25159296K), 0.0331038 secs] [Times: user=0.40 sys=0.01, real=0.04 secs] 
2014-04-09T14:26:56.771+0900: 265.591: [GC (Allocation Failure) 265.591: [ParNew: 52498K->20K(59008K), 0.0335801 secs] 9547791K->9495313K(25159296K), 0.0338206 secs] [Times: user=0.42 sys=0.00, real=0.03 secs] 
2014-04-09T14:26:56.835+0900: 265.655: [GC (Allocation Failure) 265.655: [ParNew: 52500K->24K(59008K), 0.0339131 secs] 9547620K->9495145K(25159296K), 0.0341511 secs] [Times: user=0.44 sys=0.00, real=0.04 secs] 
2014-04-09T14:26:56.899+0900: 265.719: [GC (Allocation Failure) 265.719: [ParNew: 52504K->18K(59008K), 0.0339552 secs] 9547542K->9495056K(25159296K), 0.0341872 secs] [Times: user=0.42 sys=0.00, real=0.03 secs] 
2014-04-09T14:26:56.963+0900: 265.783: [GC (Allocation Failure) 265.783: [ParNew: 52498K->20K(59008K), 0.0320352 secs] 9547476K->9494998K(25159296K), 0.0322764 secs] [Times: user=0.40 sys=0.01, real=0.03 secs] 
2014-04-09T14:26:57.025+0900: 265.844: [GC (Allocation Failure) 265.845: [ParNew: 52500K->55K(59008K), 0.0371546 secs] 9547380K->9494936K(25159296K), 0.0373957 secs] [Times: user=0.47 sys=0.00, real=0.04 secs] 
2014-04-09T14:26:57.090+0900: 265.909: [GC (Allocation Failure) 265.909: [ParNew: 52535K->118K(59008K), 0.0319825 secs] 9547226K->9494809K(25159296K), 0.0322228 secs] [Times: user=0.40 sys=0.00, real=0.03 secs] 
2014-04-09T14:26:57.148+0900: 265.968: [GC (Allocation Failure) 265.968: [ParNew: 52598K->183K(59008K), 0.0335450 secs] 9547176K->9494760K(25159296K), 0.0337891 secs] [Times: user=0.43 sys=0.01, real=0.03 secs] 
2014-04-09T14:26:57.209+0900: 266.029: [GC (Allocation Failure) 266.029: [ParNew: 52663K->3587K(59008K), 0.0333641 secs] 9547225K->9498149K(25159296K), 0.0336097 secs] [Times: user=0.43 sys=0.00, real=0.03 secs] 
2014-04-09T14:26:57.267+0900: 266.087: [GC (Allocation Failure) 266.087: [ParNew: 55261K->4900K(59008K), 0.0360479 secs] 9549759K->9520422K(25159296K), 0.0362855 secs] [Times: user=0.45 sys=0.00, real=0.03 secs] 
2014-04-09T14:26:57.333+0900: 266.152: [GC (Allocation Failure) 266.152: [ParNew: 52560K->1576K(59008K), 0.0356870 secs] 9567831K->9545555K(25159296K), 0.0359193 secs] [Times: user=0.45 sys=0.00, real=0.04 secs] 
2014-04-09T14:26:57.391+0900: 266.210: [GC (Allocation Failure) 266.211: [ParNew: 54056K->2273K(59008K), 0.0481961 secs] 9597911K->9586851K(25159296K), 0.0484379 secs] [Times: user=0.61 sys=0.01, real=0.05 secs] 
2014-04-09T14:26:57.458+0900: 266.277: [GC (Allocation Failure) 266.277: [ParNew: 54738K->6527K(59008K), 0.0347403 secs] 9639177K->9603714K(25159296K), 0.0349745 secs] [Times: user=0.43 sys=0.01, real=0.03 secs] 
2014-04-09T14:26:57.506+0900: 266.326: [GC (Allocation Failure) 266.326: [ParNew: 58814K->6528K(59008K), 0.0350971 secs] 9655928K->9624902K(25159296K), 0.0353407 secs] [Times: user=0.44 sys=0.01, real=0.04 secs] 
2014-04-09T14:26:57.561+0900: 266.380: [GC (Allocation Failure) 266.380: [ParNew: 57204K->6523K(59008K), 0.0471048 secs] 9675460K->9670149K(25159296K), 0.0473386 secs] [Times: user=0.60 sys=0.01, real=0.05 secs] 
2014-04-09T14:26:57.643+0900: 266.463: [GC (Allocation Failure) 266.463: [ParNew: 55858K->6528K(59008K), 0.0422736 secs] 9719186K->9698531K(25159296K), 0.0425161 secs] [Times: user=0.51 sys=0.00, real=0.04 secs] 
2014-04-09T14:26:57.707+0900: 266.527: [GC (Allocation Failure) 266.527: [ParNew: 50757K->6528K(59008K), 0.0466967 secs] 9742686K->9731337K(25159296K), 0.0469250 secs] [Times: user=0.56 sys=0.00, real=0.04 secs] 
2014-04-09T14:26:57.773+0900: 266.592: [GC (Allocation Failure) 266.593: [ParNew: 59008K->6528K(59008K), 0.0435605 secs] 9783743K->9767459K(25159296K), 0.0437877 secs] [Times: user=0.52 sys=0.02, real=0.05 secs] 
2014-04-09T14:26:57.859+0900: 266.679: [GC (Allocation Failure) 266.679: [ParNew: 59008K->6528K(59008K), 0.0391459 secs] 9819613K->9775862K(25159296K), 0.0393755 secs] [Times: user=0.51 sys=0.01, real=0.04 secs] 
2014-04-09T14:26:57.955+0900: 266.774: [GC (Allocation Failure) 266.774: [ParNew: 59008K->4730K(59008K), 0.0397225 secs] 9827643K->9782307K(25159296K), 0.0399500 secs] [Times: user=0.48 sys=0.00, real=0.04 secs] 
2014-04-09T14:26:58.047+0900: 266.867: [GC (Allocation Failure) 266.867: [ParNew: 57194K->1832K(59008K), 0.0368539 secs] 9834192K->9797183K(25159296K), 0.0370841 secs] [Times: user=0.46 sys=0.01, real=0.03 secs] 
2014-04-09T14:26:58.113+0900: 266.933: [GC (Allocation Failure) 266.933: [ParNew: 52596K->1357K(59008K), 0.0406879 secs] 9847889K->9816971K(25159296K), 0.0409251 secs] [Times: user=0.52 sys=0.00, real=0.04 secs] 
2014-04-09T14:26:58.189+0900: 267.009: [GC (Allocation Failure) 267.009: [ParNew: 53837K->6528K(59008K), 0.0426288 secs] 9868838K->9840069K(25159296K), 0.0428573 secs] [Times: user=0.53 sys=0.00, real=0.04 secs] 
2014-04-09T14:26:58.259+0900: 267.078: [GC (Allocation Failure) 267.079: [ParNew: 59008K->6528K(59008K), 0.0459000 secs] 9892448K->9870521K(25159296K), 0.0461261 secs] [Times: user=0.56 sys=0.00, real=0.04 secs] 
2014-04-09T14:26:58.355+0900: 267.175: [GC (Allocation Failure) 267.175: [ParNew: 59008K->6528K(59008K), 0.0456970 secs] 9921994K->9886789K(25159296K), 0.0459227 secs] [Times: user=0.54 sys=0.01, real=0.05 secs] 
2014-04-09T14:26:58.452+0900: 267.271: [GC (Allocation Failure) 267.271: [ParNew: 59008K->6528K(59008K), 0.0421073 secs] 9938004K->9895334K(25159296K), 0.0423314 secs] [Times: user=0.49 sys=0.00, real=0.04 secs] 
2014-04-09T14:26:58.549+0900: 267.368: [GC (Allocation Failure) 267.368: [ParNew: 55662K->4630K(59008K), 0.0433334 secs] 9942825K->9906447K(25159296K), 0.0435567 secs] [Times: user=0.53 sys=0.00, real=0.04 secs] 
2014-04-09T14:26:58.613+0900: 267.432: [GC (Allocation Failure) 267.432: [ParNew: 53131K->6528K(59008K), 0.0344136 secs] 9953575K->9924215K(25159296K), 0.0346451 secs] [Times: user=0.42 sys=0.01, real=0.04 secs] 
2014-04-09T14:26:58.696+0900: 267.516: [GC (Allocation Failure) 267.516: [ParNew: 59008K->6528K(59008K), 0.0451149 secs] 9969838K->9949857K(25159296K), 0.0453427 secs] [Times: user=0.56 sys=0.00, real=0.05 secs] 
2014-04-09T14:26:58.780+0900: 267.600: [GC (Allocation Failure) 267.600: [ParNew: 59008K->6528K(59008K), 0.0508823 secs] 9239610K->9222633K(25159296K), 0.0510997 secs] [Times: user=0.58 sys=0.00, real=0.05 secs] 
2014-04-09T14:26:58.831+0900: 267.651: [CMS-concurrent-sweep: 1.526/3.503 secs] [Times: user=31.33 sys=0.39, real=3.50 secs] 
2014-04-09T14:26:58.832+0900: 267.651: [CMS-concurrent-reset-start]
2014-04-09T14:26:58.861+0900: 267.680: [GC (Allocation Failure) 267.680: [ParNew: 59008K->6528K(59008K), 0.0369526 secs] 9275113K->9247280K(25159296K), 0.0371617 secs] [Times: user=0.45 sys=0.01, real=0.04 secs] 
2014-04-09T14:26:58.948+0900: 267.768: [GC (Allocation Failure) 267.768: [ParNew: 59008K->6528K(59008K), 0.0370693 secs] 9299760K->9258363K(25159296K), 0.0372859 secs] [Times: user=0.45 sys=0.00, real=0.03 secs] 
2014-04-09T14:26:58.996+0900: 267.816: [CMS-concurrent-reset: 0.088/0.165 secs] [Times: user=1.17 sys=0.03, real=0.17 secs] 
2014-04-09T14:26:59.039+0900: 267.859: [GC (Allocation Failure) 267.859: [ParNew: 55532K->6528K(59008K), 0.0372547 secs] 9307367K->9274947K(25159296K), 0.0374836 secs] [Times: user=0.45 sys=0.01, real=0.04 secs] 
2014-04-09T14:26:59.079+0900: 267.899: [GC (CMS Initial Mark) [1 CMS-initial-mark: 9268419K(25100288K)] 9285187K(25159296K), 0.0018600 secs] [Times: user=0.01 sys=0.00, real=0.00 secs] 
2014-04-09T14:26:59.082+0900: 267.901: [CMS-concurrent-mark-start]
2014-04-09T14:26:59.112+0900: 267.931: [GC (Allocation Failure) 267.932: [ParNew: 59008K->6528K(59008K), 0.0415345 secs] 9327427K->9294350K(25159296K), 0.0417512 secs] [Times: user=0.51 sys=0.00, real=0.04 secs] 
2014-04-09T14:26:59.186+0900: 268.006: [GC (Allocation Failure) 268.006: [ParNew: 59008K->4492K(59008K), 0.0320140 secs] 9346830K->9312635K(25159296K), 0.0322408 secs] [Times: user=0.41 sys=0.00, real=0.04 secs] 
2014-04-09T14:26:59.285+0900: 268.104: [GC (Allocation Failure) 268.104: [ParNew: 49334K->6528K(59008K), 0.0408445 secs] 9357477K->9333680K(25159296K), 0.0410517 secs] [Times: user=0.50 sys=0.00, real=0.04 secs] 
2014-04-09T14:26:59.365+0900: 268.185: [GC (Allocation Failure) 268.185: [ParNew: 59008K->6528K(59008K), 0.0421404 secs] 9386160K->9355959K(25159296K), 0.0423628 secs] [Times: user=0.45 sys=0.01, real=0.05 secs] 
2014-04-09T14:26:59.443+0900: 268.263: [GC (Allocation Failure) 268.263: [ParNew: 59008K->6528K(59008K), 0.0367263 secs] 9408439K->9382091K(25159296K), 0.0369135 secs] [Times: user=0.45 sys=0.00, real=0.04 secs] 
2014-04-09T14:26:59.534+0900: 268.354: [GC (Allocation Failure) 268.354: [ParNew: 59008K->6528K(59008K), 0.0387789 secs] 9434571K->9393391K(25159296K), 0.0390107 secs] [Times: user=0.47 sys=0.00, real=0.04 secs] 
2014-04-09T14:26:59.610+0900: 268.430: [GC (Allocation Failure) 268.430: [ParNew: 52880K->6528K(59008K), 0.0459301 secs] 9439744K->9416124K(25159296K), 0.0461663 secs] [Times: user=0.56 sys=0.00, real=0.05 secs] 
2014-04-09T14:26:59.672+0900: 268.492: [GC (Allocation Failure) 268.492: [ParNew: 49365K->5209K(59008K), 0.0426206 secs] 9458962K->9437120K(25159296K), 0.0428603 secs] [Times: user=0.54 sys=0.00, real=0.04 secs] 
2014-04-09T14:26:59.743+0900: 268.563: [GC (Allocation Failure) 268.563: [ParNew: 57689K->6528K(59008K), 0.0429945 secs] 9489600K->9468341K(25159296K), 0.0432294 secs] [Times: user=0.52 sys=0.01, real=0.04 secs] 
2014-04-09T14:26:59.822+0900: 268.642: [GC (Allocation Failure) 268.642: [ParNew: 54645K->6528K(59008K), 0.0404349 secs] 9516458K->9481336K(25159296K), 0.0406683 secs] [Times: user=0.44 sys=0.00, real=0.04 secs] 
2014-04-09T14:26:59.894+0900: 268.714: [GC (Allocation Failure) 268.714: [ParNew: 53198K->6528K(59008K), 0.0438221 secs] 9528007K->9505691K(25159296K), 0.0440555 secs] [Times: user=0.52 sys=0.01, real=0.05 secs] 
2014-04-09T14:26:59.960+0900: 268.779: [GC (Allocation Failure) 268.780: [ParNew: 59008K->6528K(59008K), 0.0419760 secs] 9558171K->9529296K(25159296K), 0.0422074 secs] [Times: user=0.54 sys=0.00, real=0.04 secs] 
2014-04-09T14:27:00.038+0900: 268.857: [GC (Allocation Failure) 268.857: [ParNew: 59008K->6528K(59008K), 0.0429982 secs] 9581776K->9548940K(25159296K), 0.0432364 secs] [Times: user=0.51 sys=0.01, real=0.04 secs] 
2014-04-09T14:27:00.114+0900: 268.933: [GC (Allocation Failure) 268.934: [ParNew: 59008K->6528K(59008K), 0.0420958 secs] 9601420K->9564333K(25159296K), 0.0423268 secs] [Times: user=0.52 sys=0.00, real=0.04 secs] 
2014-04-09T14:27:00.177+0900: 268.996: [GC (Allocation Failure) 268.997: [ParNew: 53338K->2518K(59008K), 0.0363027 secs] 9611144K->9575062K(25159296K), 0.0365417 secs] [Times: user=0.46 sys=0.00, real=0.03 secs] 
2014-04-09T14:27:00.252+0900: 269.072: [GC (Allocation Failure) 269.072: [ParNew: 49658K->6528K(59008K), 0.0356591 secs] 9622201K->9597996K(25159296K), 0.0358940 secs] [Times: user=0.45 sys=0.00, real=0.04 secs] 
2014-04-09T14:27:00.317+0900: 269.137: [GC (Allocation Failure) 269.137: [ParNew: 59008K->6528K(59008K), 0.0369811 secs] 9650476K->9619853K(25159296K), 0.0372190 secs] [Times: user=0.46 sys=0.00, real=0.03 secs] 
2014-04-09T14:27:00.419+0900: 269.239: [GC (Allocation Failure) 269.239: [ParNew: 59008K->6528K(59008K), 0.0392223 secs] 9672333K->9631439K(25159296K), 0.0394552 secs] [Times: user=0.40 sys=0.01, real=0.04 secs] 
2014-04-09T14:27:00.525+0900: 269.344: [GC (Allocation Failure) 269.345: [ParNew: 59008K->2497K(59008K), 0.0344775 secs] 9683919K->9642023K(25159296K), 0.0347198 secs] [Times: user=0.42 sys=0.01, real=0.04 secs] 
2014-04-09T14:27:00.595+0900: 269.414: [GC (Allocation Failure) 269.415: [ParNew: 54967K->6528K(59008K), 0.0426068 secs] 9694493K->9663776K(25159296K), 0.0428413 secs] [Times: user=0.55 sys=0.00, real=0.05 secs] 
2014-04-09T14:27:00.677+0900: 269.497: [GC (Allocation Failure) 269.497: [ParNew: 59006K->5448K(59008K), 0.0390979 secs] 9716254K->9693861K(25159296K), 0.0393322 secs] [Times: user=0.47 sys=0.01, real=0.04 secs] 
2014-04-09T14:27:00.739+0900: 269.559: [GC (Allocation Failure) 269.559: [ParNew: 57927K->6528K(59008K), 0.0396139 secs] 9746340K->9735002K(25159296K), 0.0398687 secs] [Times: user=0.49 sys=0.00, real=0.04 secs] 
2014-04-09T14:27:00.800+0900: 269.620: [GC (Allocation Failure) 269.620: [ParNew: 59008K->6528K(59008K), 0.0443818 secs] 9787482K->9758829K(25159296K), 0.0446526 secs] [Times: user=0.52 sys=0.00, real=0.04 secs] 
2014-04-09T14:27:00.874+0900: 269.693: [GC (Allocation Failure) 269.693: [ParNew: 59006K->6528K(59008K), 0.0507309 secs] 9811308K->9789232K(25159296K), 0.0509804 secs] [Times: user=0.45 sys=0.01, real=0.05 secs] 
2014-04-09T14:27:00.963+0900: 269.783: [GC (Allocation Failure) 269.783: [ParNew: 59008K->6528K(59008K), 0.0456407 secs] 9841712K->9807229K(25159296K), 0.0458970 secs] [Times: user=0.45 sys=0.02, real=0.05 secs] 
2014-04-09T14:27:01.052+0900: 269.871: [GC (Allocation Failure) 269.871: [ParNew: 59008K->6528K(59008K), 0.0460641 secs] 9859709K->9817216K(25159296K), 0.0463142 secs] [Times: user=0.55 sys=0.00, real=0.05 secs] 
2014-04-09T14:27:01.138+0900: 269.958: [GC (Allocation Failure) 269.958: [ParNew: 59008K->3426K(59008K), 0.0360369 secs] 9869696K->9814114K(25159296K), 0.0362862 secs] [Times: user=0.46 sys=0.01, real=0.03 secs] 
2014-04-09T14:27:01.215+0900: 270.035: [GC (Allocation Failure) 270.035: [ParNew: 55906K->3672K(59008K), 0.0374692 secs] 9866594K->9830744K(25159296K), 0.0377275 secs] [Times: user=0.47 sys=0.01, real=0.04 secs] 
2014-04-09T14:27:01.293+0900: 270.113: [GC (Allocation Failure) 270.113: [ParNew: 56045K->6528K(59008K), 0.0396470 secs] 9883117K->9857671K(25159296K), 0.0398987 secs] [Times: user=0.51 sys=0.01, real=0.04 secs] 
2014-04-09T14:27:01.358+0900: 270.177: [GC (Allocation Failure) 270.178: [ParNew: 59006K->6528K(59008K), 0.0501930 secs] 9910149K->9895442K(25159296K), 0.0504419 secs] [Times: user=0.61 sys=0.01, real=0.05 secs] 
2014-04-09T14:27:01.445+0900: 270.265: [GC (Allocation Failure) 270.265: [ParNew: 59007K->6528K(59008K), 0.0457962 secs] 9947922K->9923546K(25159296K), 0.0460526 secs] [Times: user=0.56 sys=0.00, real=0.05 secs] 
2014-04-09T14:27:01.535+0900: 270.354: [GC (Allocation Failure) 270.355: [ParNew: 59008K->6528K(59008K), 0.0379941 secs] 9976026K->9940988K(25159296K), 0.0382436 secs] [Times: user=0.48 sys=0.00, real=0.04 secs] 
2014-04-09T14:27:01.601+0900: 270.421: [GC (Allocation Failure) 270.421: [ParNew: 59008K->6501K(59008K), 0.0378691 secs] 9993468K->9963294K(25159296K), 0.0381196 secs] [Times: user=0.46 sys=0.00, real=0.04 secs] 
2014-04-09T14:27:01.662+0900: 270.482: [GC (Allocation Failure) 270.482: [ParNew: 58981K->6528K(59008K), 0.0377204 secs] 10015774K->9989837K(25159296K), 0.0379831 secs] [Times: user=0.46 sys=0.01, real=0.04 secs] 
2014-04-09T14:27:01.735+0900: 270.555: [GC (Allocation Failure) 270.555: [ParNew: 59008K->6528K(59008K), 0.0574272 secs] 10042317K->10014930K(25159296K), 0.0576769 secs] [Times: user=0.59 sys=0.02, real=0.06 secs] 
2014-04-09T14:27:01.830+0900: 270.649: [GC (Allocation Failure) 270.649: [ParNew: 50630K->6528K(59008K), 0.0424154 secs] 10059032K->10040586K(25159296K), 0.0426556 secs] [Times: user=0.51 sys=0.01, real=0.04 secs] 
2014-04-09T14:27:01.895+0900: 270.714: [GC (Allocation Failure) 270.714: [ParNew: 59008K->6528K(59008K), 0.0461259 secs] 10093066K->10061551K(25159296K), 0.0463648 secs] [Times: user=0.57 sys=0.00, real=0.05 secs] 
2014-04-09T14:27:02.008+0900: 270.827: [GC (Allocation Failure) 270.828: [ParNew: 55063K->6528K(59008K), 0.0467888 secs] 10110086K->10066416K(25159296K), 0.0470323 secs] [Times: user=0.58 sys=0.00, real=0.04 secs] 
2014-04-09T14:27:02.098+0900: 270.918: [GC (Allocation Failure) 270.918: [ParNew: 59008K->6528K(59008K), 0.0344545 secs] 10118896K->10074205K(25159296K), 0.0346982 secs] [Times: user=0.39 sys=0.01, real=0.03 secs] 
2014-04-09T14:27:02.169+0900: 270.989: [GC (Allocation Failure) 270.989: [ParNew: 56302K->2445K(59008K), 0.0372755 secs] 10123979K->10083426K(25159296K), 0.0375220 secs] [Times: user=0.46 sys=0.00, real=0.03 secs] 
2014-04-09T14:27:02.233+0900: 271.053: [GC (Allocation Failure) 271.053: [ParNew: 54925K->6528K(59008K), 0.0382386 secs] 10135906K->10108938K(25159296K), 0.0384828 secs] [Times: user=0.48 sys=0.00, real=0.04 secs] 
2014-04-09T14:27:02.305+0900: 271.124: [GC (Allocation Failure) 271.125: [ParNew: 58130K->6528K(59008K), 0.0453482 secs] 10160541K->10137141K(25159296K), 0.0456039 secs] [Times: user=0.51 sys=0.01, real=0.05 secs] 
2014-04-09T14:27:02.395+0900: 271.214: [GC (Allocation Failure) 271.214: [ParNew: 59008K->6528K(59008K), 0.0415318 secs] 10189621K->10161200K(25159296K), 0.0417653 secs] [Times: user=0.41 sys=0.01, real=0.04 secs] 
2014-04-09T14:27:02.477+0900: 271.297: [GC (Allocation Failure) 271.297: [ParNew: 59008K->6528K(59008K), 0.0435698 secs] 10213680K->10190768K(25159296K), 0.0438039 secs] [Times: user=0.52 sys=0.00, real=0.04 secs] 
2014-04-09T14:27:02.555+0900: 271.374: [GC (Allocation Failure) 271.375: [ParNew: 59008K->5804K(59008K), 0.0401092 secs] 10243248K->10210445K(25159296K), 0.0403442 secs] [Times: user=0.50 sys=0.00, real=0.04 secs] 
2014-04-09T14:27:02.621+0900: 271.440: [GC (Allocation Failure) 271.440: [ParNew: 58284K->6528K(59008K), 0.0440096 secs] 10262925K->10228169K(25159296K), 0.0442472 secs] [Times: user=0.55 sys=0.00, real=0.04 secs] 
2014-04-09T14:27:02.687+0900: 271.507: [GC (Allocation Failure) 271.507: [ParNew: 59007K->1812K(59008K), 0.0347076 secs] 10280649K->10245192K(25159296K), 0.0349466 secs] [Times: user=0.42 sys=0.01, real=0.03 secs] 
2014-04-09T14:27:02.754+0900: 271.573: [CMS-concurrent-mark: 1.662/3.672 secs] [Times: user=34.21 sys=0.70, real=3.67 secs] 
2014-04-09T14:27:02.754+0900: 271.573: [CMS-concurrent-preclean-start]
2014-04-09T14:27:02.756+0900: 271.575: [GC (Allocation Failure) 271.575: [ParNew: 54290K->6528K(59008K), 0.0364633 secs] 10297670K->10263330K(25159296K), 0.0366775 secs] [Times: user=0.45 sys=0.00, real=0.04 secs] 
2014-04-09T14:27:02.828+0900: 271.648: [GC (Allocation Failure) 271.648: [ParNew: 54185K->6528K(59008K), 0.0368956 secs] 10310987K->10289603K(25159296K), 0.0371237 secs] [Times: user=0.41 sys=0.01, real=0.03 secs] 
2014-04-09T14:27:02.893+0900: 271.712: [GC (Allocation Failure) 271.712: [ParNew: 58986K->6528K(59008K), 0.0396770 secs] 10342061K->10319139K(25159296K), 0.0399104 secs] [Times: user=0.48 sys=0.00, real=0.04 secs] 
2014-04-09T14:27:02.959+0900: 271.778: [GC (Allocation Failure) 271.778: [ParNew: 59008K->4794K(59008K), 0.0328606 secs] 10371619K->10337727K(25159296K), 0.0330887 secs] [Times: user=0.41 sys=0.01, real=0.03 secs] 
2014-04-09T14:27:03.043+0900: 271.863: [GC (Allocation Failure) 271.863: [ParNew: 57272K->6528K(59008K), 0.0509877 secs] 10390206K->10354709K(25159296K), 0.0512180 secs] [Times: user=0.40 sys=0.01, real=0.05 secs] 
2014-04-09T14:27:03.152+0900: 271.972: [GC (Allocation Failure) 271.972: [ParNew: 59008K->6528K(59008K), 0.0414577 secs] 10407189K->10367942K(25159296K), 0.0416881 secs] [Times: user=0.51 sys=0.00, real=0.04 secs] 
2014-04-09T14:27:03.224+0900: 272.044: [GC (Allocation Failure) 272.044: [ParNew: 58990K->6528K(59008K), 0.0432011 secs] 10420405K->10395593K(25159296K), 0.0434528 secs] [Times: user=0.52 sys=0.01, real=0.05 secs] 
2014-04-09T14:27:03.292+0900: 272.112: [GC (Allocation Failure) 272.112: [ParNew: 59008K->6528K(59008K), 0.0438168 secs] 10448073K->10424059K(25159296K), 0.0440683 secs] [Times: user=0.54 sys=0.02, real=0.04 secs] 
2014-04-09T14:27:03.392+0900: 272.212: [GC (Allocation Failure) 272.212: [ParNew: 59008K->6528K(59008K), 0.0602238 secs] 10476539K->10443122K(25159296K), 0.0604756 secs] [Times: user=0.59 sys=0.01, real=0.06 secs] 
2014-04-09T14:27:03.511+0900: 272.330: [GC (Allocation Failure) 272.330: [ParNew: 56624K->6528K(59008K), 0.0495017 secs] 10493219K->10452488K(25159296K), 0.0497520 secs] [Times: user=0.56 sys=0.01, real=0.05 secs] 
2014-04-09T14:27:03.623+0900: 272.443: [GC (Allocation Failure) 272.443: [ParNew: 56243K->4332K(59008K), 0.0438010 secs] 10502203K->10462365K(25159296K), 0.0440598 secs] [Times: user=0.55 sys=0.00, real=0.05 secs] 
2014-04-09T14:27:03.695+0900: 272.515: [GC (Allocation Failure) 272.515: [ParNew: 56812K->6528K(59008K), 0.0351935 secs] 10514845K->10487350K(25159296K), 0.0354458 secs] [Times: user=0.44 sys=0.00, real=0.04 secs] 
2014-04-09T14:27:03.808+0900: 272.628: [GC (Allocation Failure) 272.628: [ParNew: 59006K->6528K(59008K), 0.0449657 secs] 10539828K->10522509K(25159296K), 0.0452178 secs] [Times: user=0.55 sys=0.01, real=0.04 secs] 
2014-04-09T14:27:03.890+0900: 272.710: [GC (Allocation Failure) 272.710: [ParNew: 59008K->6528K(59008K), 0.0415539 secs] 10574989K->10551073K(25159296K), 0.0418021 secs] [Times: user=0.50 sys=0.01, real=0.04 secs] 
2014-04-09T14:27:03.967+0900: 272.787: [GC (Allocation Failure) 272.787: [ParNew: 59008K->6528K(59008K), 0.0509263 secs] 10603553K->10583007K(25159296K), 0.0511737 secs] [Times: user=0.61 sys=0.01, real=0.05 secs] 
2014-04-09T14:27:04.072+0900: 272.891: [GC (Allocation Failure) 272.892: [ParNew: 59008K->6528K(59008K), 0.0478644 secs] 10635487K->10595226K(25159296K), 0.0481186 secs] [Times: user=0.45 sys=0.01, real=0.05 secs] 
2014-04-09T14:27:04.178+0900: 272.997: [GC (Allocation Failure) 272.998: [ParNew: 52342K->6528K(59008K), 0.0439116 secs] 10641041K->10602001K(25159296K), 0.0441589 secs] [Times: user=0.50 sys=0.01, real=0.04 secs] 
2014-04-09T14:27:04.244+0900: 273.064: [GC (Allocation Failure) 273.064: [ParNew: 50104K->6528K(59008K), 0.0416698 secs] 10645577K->10614069K(25159296K), 0.0419288 secs] [Times: user=0.52 sys=0.00, real=0.04 secs] 
2014-04-09T14:27:04.301+0900: 273.121: [GC (Allocation Failure) 273.121: [ParNew: 54398K->611K(59008K), 0.0482881 secs] 10661940K->10649058K(25159296K), 0.0485397 secs] [Times: user=0.62 sys=0.01, real=0.05 secs] 
2014-04-09T14:27:04.374+0900: 273.194: [GC (Allocation Failure) 273.194: [ParNew: 53091K->6527K(59008K), 0.0431455 secs] 10701538K->10683812K(25159296K), 0.0433962 secs] [Times: user=0.54 sys=0.00, real=0.05 secs] 
2014-04-09T14:27:04.436+0900: 273.256: [GC (Allocation Failure) 273.256: [ParNew: 59007K->6528K(59008K), 0.0449035 secs] 10736291K->10710301K(25159296K), 0.0451504 secs] [Times: user=0.52 sys=0.01, real=0.05 secs] 
2014-04-09T14:27:04.504+0900: 273.324: [GC (Allocation Failure) 273.324: [ParNew: 59008K->6528K(59008K), 0.0478878 secs] 10762781K->10746971K(25159296K), 0.0481375 secs] [Times: user=0.57 sys=0.01, real=0.05 secs] 
2014-04-09T14:27:04.580+0900: 273.400: [GC (Allocation Failure) 273.400: [ParNew: 59008K->6528K(59008K), 0.0498115 secs] 10799451K->10774575K(25159296K), 0.0500606 secs] [Times: user=0.47 sys=0.00, real=0.05 secs] 
2014-04-09T14:27:04.655+0900: 273.475: [GC (Allocation Failure) 273.475: [ParNew: 59008K->6528K(59008K), 0.0493383 secs] 10827055K->10800245K(25159296K), 0.0495972 secs] [Times: user=0.59 sys=0.01, real=0.05 secs] 
2014-04-09T14:27:04.724+0900: 273.544: [GC (Allocation Failure) 273.544: [ParNew: 53367K->6528K(59008K), 0.0410273 secs] 10847084K->10807680K(25159296K), 0.0412918 secs] [Times: user=0.51 sys=0.01, real=0.04 secs] 
2014-04-09T14:27:04.787+0900: 273.607: [GC (Allocation Failure) 273.607: [ParNew: 59008K->6528K(59008K), 0.0466217 secs] 10860160K->10834201K(25159296K), 0.0468699 secs] [Times: user=0.51 sys=0.00, real=0.05 secs] 
2014-04-09T14:27:04.862+0900: 273.682: [GC (Allocation Failure) 273.682: [ParNew: 59008K->6528K(59008K), 0.0445154 secs] 10886681K->10840989K(25159296K), 0.0447653 secs] [Times: user=0.56 sys=0.00, real=0.04 secs] 
2014-04-09T14:27:04.927+0900: 273.747: [GC (Allocation Failure) 273.747: [ParNew: 59008K->6528K(59008K), 0.0495382 secs] 10893469K->10864735K(25159296K), 0.0497842 secs] [Times: user=0.60 sys=0.00, real=0.05 secs] 
2014-04-09T14:27:05.003+0900: 273.822: [GC (Allocation Failure) 273.823: [ParNew: 59008K->6528K(59008K), 0.0430315 secs] 10917215K->10877823K(25159296K), 0.0432742 secs] [Times: user=0.42 sys=0.01, real=0.04 secs] 
2014-04-09T14:27:05.072+0900: 273.892: [GC (Allocation Failure) 273.892: [ParNew: 59008K->6528K(59008K), 0.0543999 secs] 10930303K->10897695K(25159296K), 0.0546434 secs] [Times: user=0.60 sys=0.01, real=0.05 secs] 
2014-04-09T14:27:05.160+0900: 273.979: [GC (Allocation Failure) 273.979: [ParNew: 52766K->6528K(59008K), 0.0393145 secs] 10943934K->10902937K(25159296K), 0.0395630 secs] [Times: user=0.50 sys=0.00, real=0.04 secs] 
2014-04-09T14:27:05.232+0900: 274.051: [GC (Allocation Failure) 274.051: [ParNew: 59008K->1645K(59008K), 0.0432829 secs] 10955417K->10926425K(25159296K), 0.0435311 secs] [Times: user=0.53 sys=0.00, real=0.04 secs] 
2014-04-09T14:27:05.304+0900: 274.124: [GC (Allocation Failure) 274.124: [ParNew: 44569K->5196K(59008K), 0.0369110 secs] 10969350K->10950377K(25159296K), 0.0371596 secs] [Times: user=0.46 sys=0.01, real=0.04 secs] 
2014-04-09T14:27:05.357+0900: 274.177: [GC (Allocation Failure) 274.177: [ParNew: 57647K->6528K(59008K), 0.0371822 secs] 11002829K->10973562K(25159296K), 0.0374378 secs] [Times: user=0.47 sys=0.00, real=0.03 secs] 
2014-04-09T14:27:05.423+0900: 274.243: [GC (Allocation Failure) 274.243: [ParNew: 59008K->3123K(59008K), 0.0534569 secs] 11026042K->11007233K(25159296K), 0.0537069 secs] [Times: user=0.68 sys=0.00, real=0.05 secs] 
2014-04-09T14:27:05.520+0900: 274.340: [GC (Allocation Failure) 274.340: [ParNew: 54067K->6528K(59008K), 0.0408691 secs] 11058177K->11027493K(25159296K), 0.0411416 secs] [Times: user=0.51 sys=0.01, real=0.04 secs] 
2014-04-09T14:27:05.598+0900: 274.418: [GC (Allocation Failure) 274.418: [ParNew: 59008K->5697K(59008K), 0.0354245 secs] 11079973K->11055247K(25159296K), 0.0356745 secs] [Times: user=0.44 sys=0.01, real=0.03 secs] 
2014-04-09T14:27:05.679+0900: 274.499: [GC (Allocation Failure) 274.499: [ParNew: 58177K->6528K(59008K), 0.0548256 secs] 11107727K->11090899K(25159296K), 0.0550913 secs] [Times: user=0.60 sys=0.01, real=0.05 secs] 
2014-04-09T14:27:05.842+0900: 274.662: [GC (Allocation Failure) 274.662: [ParNew: 58586K->6528K(59008K), 0.0438406 secs] 11142958K->11098563K(25159296K), 0.0440938 secs] [Times: user=0.50 sys=0.01, real=0.04 secs] 
2014-04-09T14:27:05.961+0900: 274.780: [CMS-concurrent-preclean: 1.257/3.207 secs] [Times: user=25.44 sys=0.46, real=3.21 secs] 
2014-04-09T14:27:05.961+0900: 274.781: [CMS-concurrent-abortable-preclean-start]
2014-04-09T14:27:05.980+0900: 274.799: [GC (Allocation Failure) 274.800: [ParNew: 58993K->6528K(59008K), 0.0369476 secs] 11151029K->11112663K(25159296K), 0.0371973 secs] [Times: user=0.45 sys=0.00, real=0.03 secs] 
2014-04-09T14:27:06.071+0900: 274.890: [GC (Allocation Failure) 274.890: [ParNew: 59008K->6528K(59008K), 0.0475605 secs] 11165143K->11136037K(25159296K), 0.0478151 secs] [Times: user=0.60 sys=0.00, real=0.05 secs] 
2014-04-09T14:27:06.243+0900: 275.063: [CMS-concurrent-abortable-preclean: 0.188/0.283 secs] [Times: user=1.48 sys=0.03, real=0.28 secs] 
2014-04-09T14:27:06.245+0900: 275.064: [GC (Allocation Failure) 275.064: [ParNew: 59008K->6528K(59008K), 0.0596833 secs] 11188517K->11148417K(25159296K), 0.0599101 secs] [Times: user=0.58 sys=0.02, real=0.06 secs] 
2014-04-09T14:27:06.306+0900: 275.125: [GC (CMS Final Remark) [YG occupancy: 6682 K (59008 K)]275.125: [Rescan (parallel) , 0.0169648 secs]275.142: [weak refs processing, 0.0001291 secs]275.142: [class unloading, 0.0434182 secs]275.186: [scrub symbol table, 0.0043298 secs]275.190: [scrub string table, 0.0012196 secs][1 CMS-remark: 11141889K(25100288K)] 11148572K(25159296K), 0.0734276 secs] [Times: user=0.27 sys=0.00, real=0.08 secs] 
2014-04-09T14:27:06.379+0900: 275.199: [CMS-concurrent-sweep-start]
2014-04-09T14:27:06.462+0900: 275.282: [GC (Allocation Failure) 275.282: [ParNew: 57162K->6528K(59008K), 0.0389314 secs] 11152756K->11120365K(25159296K), 0.0391896 secs] [Times: user=0.47 sys=0.01, real=0.04 secs] 
2014-04-09T14:27:06.579+0900: 275.399: [GC (Allocation Failure) 275.399: [ParNew: 59008K->6528K(59008K), 0.0383745 secs] 11119915K->11083264K(25159296K), 0.0386226 secs] [Times: user=0.48 sys=0.00, real=0.04 secs] 
2014-04-09T14:27:06.734+0900: 275.554: [GC (Allocation Failure) 275.554: [ParNew: 59008K->5157K(59008K), 0.0360242 secs] 11042694K->10995020K(25159296K), 0.0362820 secs] [Times: user=0.43 sys=0.01, real=0.04 secs] 
2014-04-09T14:27:06.876+0900: 275.695: [GC (Allocation Failure) 275.696: [ParNew: 57628K->4744K(59008K), 0.0361100 secs] 10963617K->10920894K(25159296K), 0.0363612 secs] [Times: user=0.45 sys=0.00, real=0.04 secs] 
2014-04-09T14:27:06.957+0900: 275.777: [GC (Allocation Failure) 275.777: [ParNew: 57224K->5376K(59008K), 0.0329614 secs] 10939906K->10909078K(25159296K), 0.0332261 secs] [Times: user=0.41 sys=0.01, real=0.04 secs] 
2014-04-09T14:27:07.077+0900: 275.897: [GC (Allocation Failure) 275.897: [ParNew: 57856K->6528K(59008K), 0.0389298 secs] 10898801K->10864683K(25159296K), 0.0391866 secs] [Times: user=0.46 sys=0.01, real=0.04 secs] 
2014-04-09T14:27:07.231+0900: 276.051: [GC (Allocation Failure) 276.051: [ParNew: 59008K->5788K(59008K), 0.0357334 secs] 10825098K->10778379K(25159296K), 0.0359882 secs] [Times: user=0.43 sys=0.00, real=0.03 secs] 
2014-04-09T14:27:07.371+0900: 276.191: [GC (Allocation Failure) 276.191: [ParNew: 58268K->5795K(59008K), 0.0396234 secs] 10770310K->10727997K(25159296K), 0.0398791 secs] [Times: user=0.50 sys=0.00, real=0.04 secs] 
2014-04-09T14:27:07.450+0900: 276.269: [GC (Allocation Failure) 276.269: [ParNew: 52213K->6528K(59008K), 0.0347546 secs] 10754678K->10726819K(25159296K), 0.0350121 secs] [Times: user=0.43 sys=0.00, real=0.03 secs] 
2014-04-09T14:27:07.539+0900: 276.359: [GC (Allocation Failure) 276.359: [ParNew: 59007K->6528K(59008K), 0.0459843 secs] 10744562K->10720622K(25159296K), 0.0462389 secs] [Times: user=0.56 sys=0.00, real=0.04 secs] 
2014-04-09T14:27:07.699+0900: 276.519: [GC (Allocation Failure) 276.519: [ParNew: 59008K->6528K(59008K), 0.0356265 secs] 10706990K->10663498K(25159296K), 0.0358877 secs] [Times: user=0.44 sys=0.00, real=0.03 secs] 
2014-04-09T14:27:07.840+0900: 276.659: [GC (Allocation Failure) 276.659: [ParNew: 58981K->6528K(59008K), 0.0452708 secs] 10650598K->10615883K(25159296K), 0.0455225 secs] [Times: user=0.56 sys=0.00, real=0.04 secs] 
2014-04-09T14:27:07.931+0900: 276.751: [GC (Allocation Failure) 276.751: [ParNew: 59007K->6528K(59008K), 0.0434302 secs] 10644522K->10613001K(25159296K), 0.0436913 secs] [Times: user=0.54 sys=0.01, real=0.04 secs] 
2014-04-09T14:27:07.997+0900: 276.817: [GC (Allocation Failure) 276.817: [ParNew: 51038K->6528K(59008K), 0.0433560 secs] 10646012K->10618904K(25159296K), 0.0436066 secs] [Times: user=0.54 sys=0.00, real=0.05 secs] 
2014-04-09T14:27:08.084+0900: 276.904: [GC (Allocation Failure) 276.904: [ParNew: 59008K->6528K(59008K), 0.0428332 secs] 10642217K->10618570K(25159296K), 0.0430848 secs] [Times: user=0.51 sys=0.00, real=0.04 secs] 
2014-04-09T14:27:08.183+0900: 277.003: [GC (Allocation Failure) 277.003: [ParNew: 59008K->6528K(59008K), 0.0377607 secs] 10626137K->10586880K(25159296K), 0.0380115 secs] [Times: user=0.45 sys=0.00, real=0.04 secs] 
2014-04-09T14:27:08.282+0900: 277.101: [GC (Allocation Failure) 277.101: [ParNew: 59008K->4645K(59008K), 0.0386430 secs] 10581919K->10536182K(25159296K), 0.0388913 secs] [Times: user=0.47 sys=0.00, real=0.04 secs] 
2014-04-09T14:27:08.381+0900: 277.201: [GC (Allocation Failure) 277.201: [ParNew: 50254K->1234K(59008K), 0.0370073 secs] 10534558K->10495778K(25159296K), 0.0372548 secs] [Times: user=0.45 sys=0.01, real=0.04 secs] 
2014-04-09T14:27:08.443+0900: 277.263: [GC (Allocation Failure) 277.263: [ParNew: 51264K->6528K(59008K), 0.0368720 secs] 10530738K->10502815K(25159296K), 0.0371254 secs] [Times: user=0.45 sys=0.01, real=0.04 secs] 
2014-04-09T14:27:08.494+0900: 277.314: [GC (Allocation Failure) 277.314: [ParNew: 56532K->6128K(59008K), 0.0402638 secs] 10549403K->10540474K(25159296K), 0.0405135 secs] [Times: user=0.50 sys=0.00, real=0.04 secs] 
2014-04-09T14:27:08.561+0900: 277.381: [GC (Allocation Failure) 277.381: [ParNew: 58608K->6528K(59008K), 0.0453677 secs] 10580384K->10562515K(25159296K), 0.0456147 secs] [Times: user=0.56 sys=0.01, real=0.04 secs] 
2014-04-09T14:27:08.639+0900: 277.459: [GC (Allocation Failure) 277.459: [ParNew: 59006K->6528K(59008K), 0.0469059 secs] 10599123K->10579331K(25159296K), 0.0471516 secs] [Times: user=0.56 sys=0.00, real=0.04 secs] 
2014-04-09T14:27:08.710+0900: 277.530: [GC (Allocation Failure) 277.530: [ParNew: 59008K->6528K(59008K), 0.0414225 secs] 10623929K->10601859K(25159296K), 0.0416715 secs] [Times: user=0.50 sys=0.00, real=0.04 secs] 
2014-04-09T14:27:08.771+0900: 277.591: [GC (Allocation Failure) 277.591: [ParNew: 49810K->6528K(59008K), 0.0441237 secs] 10639294K->10610068K(25159296K), 0.0443772 secs] [Times: user=0.55 sys=0.00, real=0.04 secs] 
2014-04-09T14:27:08.838+0900: 277.657: [GC (Allocation Failure) 277.658: [ParNew: 59008K->6528K(59008K), 0.0462448 secs] 10652267K->10627943K(25159296K), 0.0464927 secs] [Times: user=0.57 sys=0.00, real=0.05 secs] 
2014-04-09T14:27:08.915+0900: 277.735: [GC (Allocation Failure) 277.735: [ParNew: 59008K->6528K(59008K), 0.0465648 secs] 10665632K->10624820K(25159296K), 0.0468138 secs] [Times: user=0.56 sys=0.00, real=0.05 secs] 
2014-04-09T14:27:08.991+0900: 277.811: [GC (Allocation Failure) 277.811: [ParNew: 59008K->6528K(59008K), 0.0437791 secs] 10659366K->10616643K(25159296K), 0.0440466 secs] [Times: user=0.53 sys=0.00, real=0.04 secs] 
2014-04-09T14:27:09.068+0900: 277.888: [GC (Allocation Failure) 277.888: [ParNew: 59008K->6528K(59008K), 0.0388500 secs] 10652312K->10604299K(25159296K), 0.0391022 secs] [Times: user=0.48 sys=0.00, real=0.04 secs] 
2014-04-09T14:27:09.143+0900: 277.963: [GC (Allocation Failure) 277.963: [ParNew: 59008K->3214K(59008K), 0.0384203 secs] 10639434K->10593259K(25159296K), 0.0386665 secs] [Times: user=0.47 sys=0.00, real=0.04 secs] 
2014-04-09T14:27:09.208+0900: 278.028: [GC (Allocation Failure) 278.028: [ParNew: 55694K->4682K(59008K), 0.0464211 secs] 10635496K->10617173K(25159296K), 0.0466776 secs] [Times: user=0.58 sys=0.00, real=0.05 secs] 
2014-04-09T14:27:09.278+0900: 278.098: [GC (Allocation Failure) 278.098: [ParNew: 55848K->6515K(59008K), 0.0421807 secs] 10659553K->10621256K(25159296K), 0.0424485 secs] [Times: user=0.53 sys=0.00, real=0.04 secs] 
2014-04-09T14:27:09.351+0900: 278.171: [GC (Allocation Failure) 278.171: [ParNew: 58159K->5208K(59008K), 0.0380583 secs] 10656162K->10631973K(25159296K), 0.0383112 secs] [Times: user=0.48 sys=0.00, real=0.04 secs] 
2014-04-09T14:27:09.411+0900: 278.230: [GC (Allocation Failure) 278.230: [ParNew: 57688K->6528K(59008K), 0.0438793 secs] 10673857K->10652306K(25159296K), 0.0441318 secs] [Times: user=0.54 sys=0.00, real=0.04 secs] 
2014-04-09T14:27:09.473+0900: 278.293: [GC (Allocation Failure) 278.293: [ParNew: 58980K->6528K(59008K), 0.0408165 secs] 10696485K->10670919K(25159296K), 0.0410871 secs] [Times: user=0.51 sys=0.00, real=0.04 secs] 
2014-04-09T14:27:09.564+0900: 278.383: [GC (Allocation Failure) 278.384: [ParNew: 59008K->6528K(59008K), 0.0413069 secs] 10699617K->10669086K(25159296K), 0.0415661 secs] [Times: user=0.50 sys=0.00, real=0.04 secs] 
2014-04-09T14:27:09.645+0900: 278.465: [GC (Allocation Failure) 278.465: [ParNew: 59008K->6528K(59008K), 0.0449845 secs] 10700688K->10675099K(25159296K), 0.0452389 secs] [Times: user=0.56 sys=0.00, real=0.05 secs] 
2014-04-09T14:27:09.806+0900: 278.626: [GC (Allocation Failure) 278.626: [ParNew: 51669K->5683K(59008K), 0.0354165 secs] 10557665K->10521919K(25159296K), 0.0356835 secs] [Times: user=0.44 sys=0.00, real=0.04 secs] 
2014-04-09T14:27:09.866+0900: 278.686: [GC (Allocation Failure) 278.686: [ParNew: 49705K->6528K(59008K), 0.0376280 secs] 10526740K->10503116K(25159296K), 0.0378824 secs] [Times: user=0.47 sys=0.01, real=0.04 secs] 
2014-04-09T14:27:09.925+0900: 278.745: [GC (Allocation Failure) 278.745: [ParNew: 59008K->2433K(59008K), 0.0382098 secs] 10529075K->10514763K(25159296K), 0.0384687 secs] [Times: user=0.48 sys=0.00, real=0.04 secs] 
2014-04-09T14:27:10.024+0900: 278.843: [GC (Allocation Failure) 278.844: [ParNew: 54913K->6528K(59008K), 0.0436911 secs] 10383987K->10358283K(25159296K), 0.0439471 secs] [Times: user=0.52 sys=0.00, real=0.04 secs] 
2014-04-09T14:27:10.072+0900: 278.892: [CMS-concurrent-sweep: 1.984/3.693 secs] [Times: user=25.69 sys=0.41, real=3.69 secs] 
2014-04-09T14:27:10.072+0900: 278.892: [CMS-concurrent-reset-start]
2014-04-09T14:27:10.126+0900: 278.945: [GC (Allocation Failure) 278.946: [ParNew: 55878K->6528K(59008K), 0.0394947 secs] 10201323K->10166461K(25159296K), 0.0397587 secs] [Times: user=0.46 sys=0.01, real=0.04 secs] 
2014-04-09T14:27:10.205+0900: 279.024: [CMS-concurrent-reset: 0.090/0.132 secs] [Times: user=0.73 sys=0.01, real=0.13 secs] 
2014-04-09T14:27:10.239+0900: 279.058: [GC (Allocation Failure) 279.058: [ParNew: 58016K->5766K(59008K), 0.0820181 secs] 10217949K->10186744K(25159296K), 0.0822725 secs] [Times: user=1.02 sys=0.00, real=0.08 secs] 
2014-04-09T14:27:10.323+0900: 279.143: [GC (CMS Initial Mark) [1 CMS-initial-mark: 10180977K(25100288K)] 10190115K(25159296K), 0.0029257 secs] [Times: user=0.02 sys=0.00, real=0.00 secs] 
2014-04-09T14:27:10.326+0900: 279.146: [CMS-concurrent-mark-start]
2014-04-09T14:27:10.406+0900: 279.225: [GC (Allocation Failure) 279.226: [ParNew: 58246K->6528K(59008K), 0.0503312 secs] 10239224K->10192624K(25159296K), 0.0505841 secs] [Times: user=0.62 sys=0.00, real=0.05 secs] 
2014-04-09T14:27:10.498+0900: 279.318: [GC (Allocation Failure) 279.318: [ParNew: 59008K->5718K(59008K), 0.0544429 secs] 10245104K->10218440K(25159296K), 0.0547061 secs] [Times: user=0.62 sys=0.00, real=0.06 secs] 
2014-04-09T14:27:10.604+0900: 279.424: [GC (Allocation Failure) 279.424: [ParNew: 55856K->6528K(59008K), 0.0406467 secs] 10268578K->10225826K(25159296K), 0.0408956 secs] [Times: user=0.51 sys=0.00, real=0.04 secs] 
2014-04-09T14:27:10.707+0900: 279.527: [GC (Allocation Failure) 279.527: [ParNew: 56047K->6528K(59008K), 0.0426484 secs] 10275345K->10252311K(25159296K), 0.0429069 secs] [Times: user=0.53 sys=0.00, real=0.05 secs] 
2014-04-09T14:27:10.777+0900: 279.596: [GC (Allocation Failure) 279.597: [ParNew: 58674K->6528K(59008K), 0.0376325 secs] 10304458K->10285708K(25159296K), 0.0378822 secs] [Times: user=0.46 sys=0.00, real=0.04 secs] 
2014-04-09T14:27:10.837+0900: 279.657: [GC (Allocation Failure) 279.657: [ParNew: 59008K->6528K(59008K), 0.0420476 secs] 10338188K->10310347K(25159296K), 0.0423165 secs] [Times: user=0.52 sys=0.00, real=0.05 secs] 
2014-04-09T14:27:10.923+0900: 279.743: [GC (Allocation Failure) 279.743: [ParNew: 59008K->6528K(59008K), 0.0355733 secs] 10362827K->10322316K(25159296K), 0.0358270 secs] [Times: user=0.42 sys=0.01, real=0.04 secs] 
2014-04-09T14:27:10.994+0900: 279.814: [GC (Allocation Failure) 279.814: [ParNew: 57369K->6528K(59008K), 0.0417388 secs] 10373157K->10349418K(25159296K), 0.0420022 secs] [Times: user=0.52 sys=0.00, real=0.04 secs] 
2014-04-09T14:27:11.087+0900: 279.907: [GC (Allocation Failure) 279.907: [ParNew: 48917K->6528K(59008K), 0.0520783 secs] 10391807K->10370420K(25159296K), 0.0523359 secs] [Times: user=0.64 sys=0.00, real=0.06 secs] 
2014-04-09T14:27:11.172+0900: 279.992: [GC (Allocation Failure) 279.992: [ParNew: 58987K->6528K(59008K), 0.0854259 secs] 10422879K->10409499K(25159296K), 0.0856725 secs] [Times: user=1.08 sys=0.01, real=0.08 secs] 
2014-04-09T14:27:11.310+0900: 280.129: [GC (Allocation Failure) 280.129: [ParNew: 59006K->6528K(59008K), 0.0503520 secs] 10461978K->10438292K(25159296K), 0.0505964 secs] [Times: user=0.63 sys=0.00, real=0.05 secs] 
2014-04-09T14:27:11.438+0900: 280.258: [GC (Allocation Failure) 280.258: [ParNew: 59008K->6528K(59008K), 0.0537330 secs] 10490772K->10452260K(25159296K), 0.0539763 secs] [Times: user=0.62 sys=0.02, real=0.06 secs] 
2014-04-09T14:27:11.555+0900: 280.374: [GC (Allocation Failure) 280.375: [ParNew: 58232K->6528K(59008K), 0.0403188 secs] 10503964K->10458794K(25159296K), 0.0405659 secs] [Times: user=0.48 sys=0.00, real=0.04 secs] 
2014-04-09T14:27:11.636+0900: 280.456: [GC (Allocation Failure) 280.456: [ParNew: 59008K->6528K(59008K), 0.0336343 secs] 10511274K->10477738K(25159296K), 0.0338773 secs] [Times: user=0.42 sys=0.00, real=0.04 secs] 
2014-04-09T14:27:11.720+0900: 280.539: [GC (Allocation Failure) 280.539: [ParNew: 58979K->6528K(59008K), 0.0366321 secs] 10530190K->10499231K(25159296K), 0.0368758 secs] [Times: user=0.46 sys=0.00, real=0.03 secs] 
2014-04-09T14:27:11.822+0900: 280.642: [GC (Allocation Failure) 280.642: [ParNew: 59008K->6528K(59008K), 0.0443662 secs] 10551711K->10528353K(25159296K), 0.0446034 secs] [Times: user=0.55 sys=0.00, real=0.04 secs] 
2014-04-09T14:27:11.973+0900: 280.793: [GC (Allocation Failure) 280.793: [ParNew: 58415K->6528K(59008K), 0.0355993 secs] 10580240K->10538909K(25159296K), 0.0358355 secs] [Times: user=0.43 sys=0.01, real=0.04 secs] 
2014-04-09T14:27:12.051+0900: 280.871: [GC (Allocation Failure) 280.871: [ParNew: 55412K->6528K(59008K), 0.0419616 secs] 10587793K->10555287K(25159296K), 0.0422199 secs] [Times: user=0.52 sys=0.00, real=0.04 secs] 
2014-04-09T14:27:12.172+0900: 280.992: [GC (Allocation Failure) 280.992: [ParNew: 59008K->6528K(59008K), 0.0377152 secs] 10607767K->10573009K(25159296K), 0.0379549 secs] [Times: user=0.46 sys=0.00, real=0.04 secs] 
2014-04-09T14:27:12.314+0900: 281.134: [GC (Allocation Failure) 281.134: [ParNew: 59008K->3688K(59008K), 0.0332861 secs] 10625489K->10576035K(25159296K), 0.0335162 secs] [Times: user=0.40 sys=0.01, real=0.03 secs] 
2014-04-09T14:27:12.407+0900: 281.227: [GC (Allocation Failure) 281.227: [ParNew: 55386K->6505K(59008K), 0.0399357 secs] 10627733K->10607878K(25159296K), 0.0401646 secs] [Times: user=0.50 sys=0.01, real=0.04 secs] 
2014-04-09T14:27:12.487+0900: 281.306: [GC (Allocation Failure) 281.307: [ParNew: 58985K->6528K(59008K), 0.0389294 secs] 10660358K->10633056K(25159296K), 0.0391613 secs] [Times: user=0.47 sys=0.00, real=0.04 secs] 
2014-04-09T14:27:12.551+0900: 281.371: [GC (Allocation Failure) 281.371: [ParNew: 59008K->6528K(59008K), 0.0403640 secs] 10685536K->10661606K(25159296K), 0.0405993 secs] [Times: user=0.50 sys=0.01, real=0.04 secs] 
2014-04-09T14:27:12.647+0900: 281.467: [GC (Allocation Failure) 281.467: [ParNew: 59008K->6528K(59008K), 0.0403492 secs] 10714086K->10672755K(25159296K), 0.0405840 secs] [Times: user=0.48 sys=0.01, real=0.04 secs] 
2014-04-09T14:27:12.747+0900: 281.567: [GC (Allocation Failure) 281.567: [ParNew: 59008K->6528K(59008K), 0.0356475 secs] 10725235K->10682684K(25159296K), 0.0358773 secs] [Times: user=0.42 sys=0.01, real=0.04 secs] 
2014-04-09T14:27:12.856+0900: 281.676: [GC (Allocation Failure) 281.676: [ParNew: 59008K->4078K(59008K), 0.0357382 secs] 10735164K->10688294K(25159296K), 0.0359743 secs] [Times: user=0.44 sys=0.00, real=0.04 secs] 
2014-04-09T14:27:12.933+0900: 281.752: [CMS-concurrent-mark: 1.445/2.606 secs] [Times: user=22.06 sys=0.30, real=2.61 secs] 
2014-04-09T14:27:12.933+0900: 281.752: [CMS-concurrent-preclean-start]
2014-04-09T14:27:12.958+0900: 281.778: [GC (Allocation Failure) 281.778: [ParNew: 49304K->1152K(59008K), 0.0324442 secs] 10733520K->10695608K(25159296K), 0.0326709 secs] [Times: user=0.41 sys=0.00, real=0.04 secs] 
2014-04-09T14:27:13.016+0900: 281.836: [GC (Allocation Failure) 281.836: [ParNew: 51824K->6528K(59008K), 0.0304668 secs] 10746280K->10715530K(25159296K), 0.0306914 secs] [Times: user=0.37 sys=0.01, real=0.03 secs] 
2014-04-09T14:27:13.078+0900: 281.898: [GC (Allocation Failure) 281.898: [ParNew: 52782K->6528K(59008K), 0.0413439 secs] 10761784K->10741985K(25159296K), 0.0415711 secs] [Times: user=0.51 sys=0.00, real=0.05 secs] 
2014-04-09T14:27:13.161+0900: 281.980: [GC (Allocation Failure) 281.981: [ParNew: 53992K->6528K(59008K), 0.0333974 secs] 10789450K->10761549K(25159296K), 0.0336247 secs] [Times: user=0.39 sys=0.00, real=0.03 secs] 
2014-04-09T14:27:13.215+0900: 282.034: [GC (Allocation Failure) 282.034: [ParNew: 58701K->6526K(59008K), 0.0401865 secs] 10813723K->10785261K(25159296K), 0.0404130 secs] [Times: user=0.49 sys=0.01, real=0.04 secs] 
2014-04-09T14:27:13.291+0900: 282.111: [GC (Allocation Failure) 282.111: [ParNew: 59006K->6528K(59008K), 0.0421813 secs] 10837741K->10808410K(25159296K), 0.0424086 secs] [Times: user=0.53 sys=0.01, real=0.04 secs] 
2014-04-09T14:27:13.382+0900: 282.202: [GC (Allocation Failure) 282.202: [ParNew: 59006K->6528K(59008K), 0.0398999 secs] 10860888K->10819888K(25159296K), 0.0401397 secs] [Times: user=0.48 sys=0.00, real=0.04 secs] 
2014-04-09T14:27:13.493+0900: 282.313: [GC (Allocation Failure) 282.313: [ParNew: 55151K->6528K(59008K), 0.0682192 secs] 10868511K->10836038K(25159296K), 0.0684511 secs] [Times: user=0.85 sys=0.00, real=0.07 secs] 
2014-04-09T14:27:13.629+0900: 282.449: [GC (Allocation Failure) 282.449: [ParNew: 59008K->6528K(59008K), 0.0420478 secs] 10888518K->10850400K(25159296K), 0.0422773 secs] [Times: user=0.50 sys=0.00, real=0.04 secs] 
2014-04-09T14:27:13.731+0900: 282.550: [GC (Allocation Failure) 282.550: [ParNew: 59008K->6528K(59008K), 0.0560547 secs] 10902880K->10875225K(25159296K), 0.0563026 secs] [Times: user=0.65 sys=0.00, real=0.05 secs] 
2014-04-09T14:27:13.837+0900: 282.657: [GC (Allocation Failure) 282.657: [ParNew: 59008K->6528K(59008K), 0.0393074 secs] 10927705K->10888738K(25159296K), 0.0395392 secs] [Times: user=0.46 sys=0.01, real=0.04 secs] 
2014-04-09T14:27:13.947+0900: 282.766: [GC (Allocation Failure) 282.767: [ParNew: 59008K->5247K(59008K), 0.0388308 secs] 10941218K->10894487K(25159296K), 0.0390572 secs] [Times: user=0.48 sys=0.00, real=0.04 secs] 
2014-04-09T14:27:14.081+0900: 282.901: [GC (Allocation Failure) 282.901: [ParNew: 57711K->5216K(59008K), 0.0421089 secs] 10946951K->10904617K(25159296K), 0.0423380 secs] [Times: user=0.53 sys=0.00, real=0.04 secs] 
2014-04-09T14:27:14.146+0900: 282.966: [GC (Allocation Failure) 282.966: [ParNew: 57696K->6528K(59008K), 0.0372473 secs] 10957097K->10924988K(25159296K), 0.0374731 secs] [Times: user=0.46 sys=0.00, real=0.04 secs] 
2014-04-09T14:27:14.238+0900: 283.058: [GC (Allocation Failure) 283.058: [ParNew: 59008K->6528K(59008K), 0.0375511 secs] 10977468K->10950761K(25159296K), 0.0377791 secs] [Times: user=0.45 sys=0.00, real=0.04 secs] 
2014-04-09T14:27:14.331+0900: 283.150: [GC (Allocation Failure) 283.151: [ParNew: 59008K->6528K(59008K), 0.0366939 secs] 11003241K->10967101K(25159296K), 0.0369273 secs] [Times: user=0.44 sys=0.00, real=0.03 secs] 
2014-04-09T14:27:14.427+0900: 283.247: [GC (Allocation Failure) 283.247: [ParNew: 56235K->6528K(59008K), 0.0388909 secs] 11016809K->10971455K(25159296K), 0.0391173 secs] [Times: user=0.49 sys=0.00, real=0.04 secs] 
2014-04-09T14:27:14.510+0900: 283.330: [GC (Allocation Failure) 283.330: [ParNew: 59008K->6102K(59008K), 0.0408911 secs] 11023935K->10988122K(25159296K), 0.0411208 secs] [Times: user=0.51 sys=0.01, real=0.04 secs] 
2014-04-09T14:27:14.595+0900: 283.415: [CMS-concurrent-preclean: 0.876/1.662 secs] [Times: user=11.84 sys=0.17, real=1.66 secs] 
2014-04-09T14:27:14.596+0900: 283.416: [GC (Allocation Failure) 283.416: [ParNew: 58582K->6528K(59008K), 0.0384561 secs] 11040602K->11019512K(25159296K), 0.0386642 secs] [Times: user=0.47 sys=0.01, real=0.04 secs] 
2014-04-09T14:27:14.636+0900: 283.456: [GC (CMS Final Remark) [YG occupancy: 6604 K (59008 K)]283.456: [Rescan (parallel) , 0.0166992 secs]283.472: [weak refs processing, 0.0000577 secs]283.472: [class unloading, 0.0353808 secs]283.508: [scrub symbol table, 0.0035947 secs]283.512: [scrub string table, 0.0010252 secs][1 CMS-remark: 11012984K(25100288K)] 11019589K(25159296K), 0.0625548 secs] [Times: user=0.26 sys=0.01, real=0.06 secs] 
2014-04-09T14:27:14.699+0900: 283.519: [CMS-concurrent-sweep-start]
2014-04-09T14:27:14.718+0900: 283.538: [GC (Allocation Failure) 283.538: [ParNew: 59006K->5933K(59008K), 0.0350335 secs] 11067119K->11047175K(25159296K), 0.0352730 secs] [Times: user=0.44 sys=0.01, real=0.04 secs] 
2014-04-09T14:27:14.806+0900: 283.626: [GC (Allocation Failure) 283.626: [ParNew: 58412K->6528K(59008K), 0.0529692 secs] 11094512K->11065616K(25159296K), 0.0532058 secs] [Times: user=0.60 sys=0.01, real=0.06 secs] 
2014-04-09T14:27:14.911+0900: 283.731: [GC (Allocation Failure) 283.731: [ParNew: 59008K->6528K(59008K), 0.0417093 secs] 11115587K->11078430K(25159296K), 0.0419451 secs] [Times: user=0.50 sys=0.00, real=0.04 secs] 
2014-04-09T14:27:15.027+0900: 283.846: [GC (Allocation Failure) 283.847: [ParNew: 58295K->6528K(59008K), 0.0369403 secs] 11123635K->11077323K(25159296K), 0.0371791 secs] [Times: user=0.44 sys=0.00, real=0.04 secs] 
2014-04-09T14:27:15.109+0900: 283.928: [GC (Allocation Failure) 283.928: [ParNew: 59006K->6528K(59008K), 0.0380895 secs] 11126054K->11089410K(25159296K), 0.0383249 secs] [Times: user=0.47 sys=0.01, real=0.04 secs] 
2014-04-09T14:27:15.198+0900: 284.018: [GC (Allocation Failure) 284.018: [ParNew: 49185K->2169K(59008K), 0.0431636 secs] 11128805K->11097580K(25159296K), 0.0434053 secs] [Times: user=0.55 sys=0.00, real=0.05 secs] 
2014-04-09T14:27:15.274+0900: 284.094: [GC (Allocation Failure) 284.094: [ParNew: 54649K->6528K(59008K), 0.0362306 secs] 11147339K->11112642K(25159296K), 0.0364742 secs] [Times: user=0.46 sys=0.01, real=0.04 secs] 
2014-04-09T14:27:15.342+0900: 284.161: [GC (Allocation Failure) 284.162: [ParNew: 59008K->6528K(59008K), 0.0395629 secs] 11162021K->11130673K(25159296K), 0.0397915 secs] [Times: user=0.49 sys=0.00, real=0.04 secs] 
2014-04-09T14:27:15.428+0900: 284.248: [GC (Allocation Failure) 284.248: [ParNew: 58757K->6528K(59008K), 0.0389699 secs] 11171094K->11138546K(25159296K), 0.0392027 secs] [Times: user=0.45 sys=0.01, real=0.04 secs] 
2014-04-09T14:27:15.514+0900: 284.334: [GC (Allocation Failure) 284.334: [ParNew: 59008K->4131K(59008K), 0.0346899 secs] 11177096K->11134441K(25159296K), 0.0349174 secs] [Times: user=0.43 sys=0.00, real=0.03 secs] 
2014-04-09T14:27:15.568+0900: 284.388: [GC (Allocation Failure) 284.388: [ParNew: 49305K->1636K(59008K), 0.0403461 secs] 11177014K->11139505K(25159296K), 0.0405747 secs] [Times: user=0.51 sys=0.00, real=0.04 secs] 
2014-04-09T14:27:15.650+0900: 284.469: [GC (Allocation Failure) 284.469: [ParNew: 54116K->6528K(59008K), 0.0413711 secs] 11182408K->11153592K(25159296K), 0.0416019 secs] [Times: user=0.51 sys=0.01, real=0.04 secs] 
2014-04-09T14:27:15.751+0900: 284.571: [GC (Allocation Failure) 284.571: [ParNew: 55435K->6528K(59008K), 0.0470954 secs] 11193988K->11162141K(25159296K), 0.0473280 secs] [Times: user=0.58 sys=0.01, real=0.04 secs] 
2014-04-09T14:27:15.833+0900: 284.653: [GC (Allocation Failure) 284.653: [ParNew: 59008K->6528K(59008K), 0.0449645 secs] 11205497K->11181435K(25159296K), 0.0451887 secs] [Times: user=0.55 sys=0.00, real=0.04 secs] 
2014-04-09T14:27:15.907+0900: 284.727: [GC (Allocation Failure) 284.727: [ParNew: 59008K->3930K(59008K), 0.0378743 secs] 11229281K->11194675K(25159296K), 0.0381009 secs] [Times: user=0.47 sys=0.01, real=0.04 secs] 
2014-04-09T14:27:15.988+0900: 284.808: [GC (Allocation Failure) 284.808: [ParNew: 56410K->6528K(59008K), 0.0349281 secs] 11243277K->11205234K(25159296K), 0.0351538 secs] [Times: user=0.42 sys=0.00, real=0.04 secs] 
2014-04-09T14:27:16.081+0900: 284.901: [GC (Allocation Failure) 284.901: [ParNew: 59008K->6528K(59008K), 0.0378190 secs] 11252288K->11214028K(25159296K), 0.0380548 secs] [Times: user=0.45 sys=0.00, real=0.04 secs] 
2014-04-09T14:27:16.149+0900: 284.969: [GC (Allocation Failure) 284.969: [ParNew: 59008K->6528K(59008K), 0.0425553 secs] 11263086K->11228477K(25159296K), 0.0427818 secs] [Times: user=0.51 sys=0.01, real=0.05 secs] 
2014-04-09T14:27:16.221+0900: 285.040: [GC (Allocation Failure) 285.041: [ParNew: 59008K->6528K(59008K), 0.0378960 secs] 11275181K->11243613K(25159296K), 0.0381145 secs] [Times: user=0.47 sys=0.00, real=0.03 secs] 
2014-04-09T14:27:16.307+0900: 285.127: [GC (Allocation Failure) 285.127: [ParNew: 59008K->6528K(59008K), 0.0429300 secs] 11291281K->11261605K(25159296K), 0.0431489 secs] [Times: user=0.40 sys=0.01, real=0.05 secs] 
2014-04-09T14:27:16.405+0900: 285.225: [GC (Allocation Failure) 285.225: [ParNew: 58989K->6528K(59008K), 0.0689011 secs] 11309612K->11285206K(25159296K), 0.0691204 secs] [Times: user=0.86 sys=0.00, real=0.07 secs] 
2014-04-09T14:27:16.527+0900: 285.347: [GC (Allocation Failure) 285.347: [ParNew: 59006K->6528K(59008K), 0.0468033 secs] 11332932K->11303987K(25159296K), 0.0470239 secs] [Times: user=0.58 sys=0.00, real=0.05 secs] 
2014-04-09T14:27:16.650+0900: 285.469: [GC (Allocation Failure) 285.469: [ParNew: 59008K->6528K(59008K), 0.0581116 secs] 11345798K->11309724K(25159296K), 0.0583330 secs] [Times: user=0.58 sys=0.02, real=0.05 secs] 
2014-04-09T14:27:16.764+0900: 285.584: [GC (Allocation Failure) 285.584: [ParNew: 59008K->6084K(59008K), 0.0445980 secs] 11352086K->11305464K(25159296K), 0.0448130 secs] [Times: user=0.49 sys=0.00, real=0.04 secs] 
2014-04-09T14:27:16.863+0900: 285.682: [GC (Allocation Failure) 285.682: [ParNew: 53504K->5708K(59008K), 0.0334907 secs] 11341072K->11297371K(25159296K), 0.0337069 secs] [Times: user=0.43 sys=0.00, real=0.03 secs] 
2014-04-09T14:27:16.944+0900: 285.764: [GC (Allocation Failure) 285.764: [ParNew: 58172K->2136K(59008K), 0.0357805 secs] 11341160K->11305813K(25159296K), 0.0359951 secs] [Times: user=0.45 sys=0.00, real=0.04 secs] 
2014-04-09T14:27:16.993+0900: 285.813: [GC (Allocation Failure) 285.813: [ParNew: 44566K->6528K(59008K), 0.0320195 secs] 11346556K->11324869K(25159296K), 0.0322437 secs] [Times: user=0.40 sys=0.00, real=0.03 secs] 
2014-04-09T14:27:17.044+0900: 285.863: [GC (Allocation Failure) 285.864: [ParNew: 54069K->6526K(59008K), 0.0325343 secs] 11366722K->11344592K(25159296K), 0.0327557 secs] [Times: user=0.40 sys=0.00, real=0.03 secs] 
2014-04-09T14:27:17.106+0900: 285.926: [GC (Allocation Failure) 285.926: [ParNew: 59006K->6528K(59008K), 0.0440313 secs] 11391126K->11370032K(25159296K), 0.0442456 secs] [Times: user=0.53 sys=0.00, real=0.05 secs] 
2014-04-09T14:27:17.191+0900: 286.010: [GC (Allocation Failure) 286.011: [ParNew: 59008K->6528K(59008K), 0.0475473 secs] 11392401K->11363568K(25159296K), 0.0477661 secs] [Times: user=0.47 sys=0.02, real=0.04 secs] 
2014-04-09T14:27:17.259+0900: 286.079: [CMS-concurrent-sweep: 1.262/2.560 secs] [Times: user=18.88 sys=0.31, real=2.56 secs] 
2014-04-09T14:27:17.259+0900: 286.079: [CMS-concurrent-reset-start]
2014-04-09T14:27:17.309+0900: 286.128: [GC (Allocation Failure) 286.128: [ParNew: 59008K->6528K(59008K), 0.0359698 secs] 9730968K->9685001K(25159296K), 0.0361880 secs] [Times: user=0.44 sys=0.00, real=0.04 secs] 
2014-04-09T14:27:17.382+0900: 286.201: [CMS-concurrent-reset: 0.085/0.122 secs] [Times: user=0.70 sys=0.00, real=0.13 secs] 
2014-04-09T14:27:17.389+0900: 286.209: [GC (Allocation Failure) 286.209: [ParNew: 58142K->4811K(59008K), 0.0391629 secs] 9736615K->9692524K(25159296K), 0.0393673 secs] [Times: user=0.50 sys=0.00, real=0.04 secs] 
2014-04-09T14:27:17.430+0900: 286.249: [GC (CMS Initial Mark) [1 CMS-initial-mark: 9687712K(25100288K)] 9694576K(25159296K), 0.0019632 secs] [Times: user=0.01 sys=0.00, real=0.00 secs] 
2014-04-09T14:27:17.432+0900: 286.252: [CMS-concurrent-mark-start]
2014-04-09T14:27:17.505+0900: 286.325: [GC (Allocation Failure) 286.325: [ParNew: 47533K->6528K(59008K), 0.0381285 secs] 9735246K->9707930K(25159296K), 0.0383431 secs] [Times: user=0.47 sys=0.00, real=0.04 secs] 
2014-04-09T14:27:17.573+0900: 286.392: [GC (Allocation Failure) 286.392: [ParNew: 58106K->3412K(59008K), 0.0381296 secs] 9759509K->9730820K(25159296K), 0.0383442 secs] [Times: user=0.47 sys=0.01, real=0.04 secs] 
2014-04-09T14:27:17.664+0900: 286.484: [GC (Allocation Failure) 286.484: [ParNew: 55892K->6528K(59008K), 0.0395391 secs] 9783300K->9748917K(25159296K), 0.0397571 secs] [Times: user=0.38 sys=0.01, real=0.04 secs] 
2014-04-09T14:27:17.926+0900: 286.746: [GC (Allocation Failure) 286.746: [ParNew: 57311K->6528K(59008K), 0.0695994 secs] 9799700K->9765138K(25159296K), 0.0698264 secs] [Times: user=0.85 sys=0.00, real=0.07 secs] 
2014-04-09T14:27:18.043+0900: 286.863: [GC (Allocation Failure) 286.863: [ParNew: 53086K->3154K(59008K), 0.0443989 secs] 9811697K->9777937K(25159296K), 0.0446290 secs] [Times: user=0.52 sys=0.00, real=0.04 secs] 
2014-04-09T14:27:18.155+0900: 286.975: [GC (Allocation Failure) 286.975: [ParNew: 55634K->6528K(59008K), 0.0423859 secs] 9830417K->9789534K(25159296K), 0.0426185 secs] [Times: user=0.48 sys=0.02, real=0.04 secs] 
2014-04-09T14:27:18.231+0900: 287.051: [GC (Allocation Failure) 287.051: [ParNew: 59008K->1546K(59008K), 0.0409995 secs] 9842014K->9790957K(25159296K), 0.0412632 secs] [Times: user=0.49 sys=0.00, real=0.04 secs] 
2014-04-09T14:27:18.304+0900: 287.124: [GC (Allocation Failure) 287.124: [ParNew: 54026K->483K(59008K), 0.0316759 secs] 9843437K->9789894K(25159296K), 0.0319357 secs] [Times: user=0.40 sys=0.00, real=0.03 secs] 
2014-04-09T14:27:18.368+0900: 287.188: [GC (Allocation Failure) 287.188: [ParNew: 52963K->144K(59008K), 0.0355907 secs] 9842374K->9789555K(25159296K), 0.0358489 secs] [Times: user=0.46 sys=0.00, real=0.04 secs] 
2014-04-09T14:27:18.437+0900: 287.256: [GC (Allocation Failure) 287.256: [ParNew: 52624K->48K(59008K), 0.0334414 secs] 9842035K->9789459K(25159296K), 0.0336910 secs] [Times: user=0.43 sys=0.01, real=0.04 secs] 
2014-04-09T14:27:18.503+0900: 287.323: [GC (Allocation Failure) 287.323: [ParNew: 52528K->26K(59008K), 0.0310675 secs] 9841939K->9789437K(25159296K), 0.0313438 secs] [Times: user=0.40 sys=0.00, real=0.03 secs] 
2014-04-09T14:27:18.567+0900: 287.386: [GC (Allocation Failure) 287.386: [ParNew: 52506K->26K(59008K), 0.0323193 secs] 9841917K->9789437K(25159296K), 0.0325701 secs] [Times: user=0.40 sys=0.01, real=0.03 secs] 
2014-04-09T14:27:18.631+0900: 287.451: [GC (Allocation Failure) 287.451: [ParNew: 52506K->44K(59008K), 0.0339210 secs] 9841917K->9789455K(25159296K), 0.0341757 secs] [Times: user=0.43 sys=0.00, real=0.03 secs] 
2014-04-09T14:27:18.697+0900: 287.517: [GC (Allocation Failure) 287.517: [ParNew: 52524K->44K(59008K), 0.0322879 secs] 9841935K->9789455K(25159296K), 0.0325442 secs] [Times: user=0.41 sys=0.00, real=0.04 secs] 
2014-04-09T14:27:18.762+0900: 287.581: [GC (Allocation Failure) 287.582: [ParNew: 52524K->44K(59008K), 0.0315928 secs] 9841935K->9789455K(25159296K), 0.0318456 secs] [Times: user=0.40 sys=0.00, real=0.03 secs] 
2014-04-09T14:27:18.826+0900: 287.645: [GC (Allocation Failure) 287.646: [ParNew: 52524K->44K(59008K), 0.0317186 secs] 9841935K->9789455K(25159296K), 0.0319698 secs] [Times: user=0.41 sys=0.00, real=0.03 secs] 
2014-04-09T14:27:18.890+0900: 287.709: [GC (Allocation Failure) 287.710: [ParNew: 52524K->44K(59008K), 0.0321814 secs] 9841935K->9789455K(25159296K), 0.0324332 secs] [Times: user=0.41 sys=0.01, real=0.03 secs] 
2014-04-09T14:27:18.954+0900: 287.774: [GC (Allocation Failure) 287.774: [ParNew: 52524K->42K(59008K), 0.0320803 secs] 9841935K->9789453K(25159296K), 0.0323421 secs] [Times: user=0.41 sys=0.00, real=0.03 secs] 
2014-04-09T14:27:19.019+0900: 287.838: [GC (Allocation Failure) 287.838: [ParNew: 52522K->26K(59008K), 0.0336218 secs] 9841933K->9789456K(25159296K), 0.0338769 secs] [Times: user=0.43 sys=0.00, real=0.04 secs] 
2014-04-09T14:27:19.084+0900: 287.904: [GC (Allocation Failure) 287.904: [ParNew: 52506K->24K(59008K), 0.0343309 secs] 9841936K->9789455K(25159296K), 0.0345886 secs] [Times: user=0.43 sys=0.01, real=0.03 secs] 
2014-04-09T14:27:19.151+0900: 287.970: [GC (Allocation Failure) 287.971: [ParNew: 52504K->20K(59008K), 0.0337346 secs] 9841935K->9789452K(25159296K), 0.0339933 secs] [Times: user=0.42 sys=0.00, real=0.03 secs] 
2014-04-09T14:27:19.216+0900: 288.036: [GC (Allocation Failure) 288.036: [ParNew: 52500K->26K(59008K), 0.0336208 secs] 9841932K->9789458K(25159296K), 0.0338809 secs] [Times: user=0.43 sys=0.00, real=0.04 secs] 
2014-04-09T14:27:19.286+0900: 288.106: [GC (Allocation Failure) 288.106: [ParNew: 52506K->26K(59008K), 0.0309579 secs] 9841938K->9789458K(25159296K), 0.0312064 secs] [Times: user=0.39 sys=0.00, real=0.03 secs] 
2014-04-09T14:27:19.401+0900: 288.221: [GC (Allocation Failure) 288.221: [ParNew: 52506K->26K(59008K), 0.0326605 secs] 9841938K->9789458K(25159296K), 0.0329140 secs] [Times: user=0.40 sys=0.01, real=0.03 secs] 
2014-04-09T14:27:20.032+0900: 288.851: [CMS-concurrent-mark: 1.694/2.600 secs] [Times: user=20.67 sys=0.26, real=2.60 secs] 
2014-04-09T14:27:20.032+0900: 288.851: [CMS-concurrent-preclean-start]
2014-04-09T14:27:20.350+0900: 289.169: [CMS-concurrent-preclean: 0.307/0.318 secs] [Times: user=0.32 sys=0.00, real=0.32 secs] 
2014-04-09T14:27:20.350+0900: 289.170: [CMS-concurrent-abortable-preclean-start]
 CMS: abort preclean due to time 2014-04-09T14:27:25.538+0900: 294.358: [CMS-concurrent-abortable-preclean: 2.984/5.188 secs] [Times: user=4.12 sys=0.04, real=5.18 secs] 
2014-04-09T14:27:25.540+0900: 294.359: [GC (CMS Final Remark) [YG occupancy: 17784 K (59008 K)]294.359: [Rescan (parallel) , 0.0179262 secs]294.377: [weak refs processing, 0.0000627 secs]294.377: [class unloading, 0.0439058 secs]294.421: [scrub symbol table, 0.0043299 secs]294.426: [scrub string table, 0.0012264 secs][1 CMS-remark: 9789432K(25100288K)] 9807216K(25159296K), 0.0748948 secs] [Times: user=0.27 sys=0.00, real=0.08 secs] 
2014-04-09T14:27:25.615+0900: 294.435: [CMS-concurrent-sweep-start]
2014-04-09T14:27:25.689+0900: 294.509: [GC (Allocation Failure) 294.509: [ParNew: 52506K->204K(59008K), 0.0337853 secs] 9839369K->9787067K(25159296K), 0.0340689 secs] [Times: user=0.41 sys=0.01, real=0.04 secs] 
2014-04-09T14:27:25.764+0900: 294.584: [GC (Allocation Failure) 294.584: [ParNew: 52684K->257K(59008K), 0.0337168 secs] 9838225K->9785798K(25159296K), 0.0339746 secs] [Times: user=0.41 sys=0.00, real=0.03 secs] 
2014-04-09T14:27:25.838+0900: 294.658: [GC (Allocation Failure) 294.658: [ParNew: 52737K->300K(59008K), 0.0327392 secs] 9836541K->9784104K(25159296K), 0.0330058 secs] [Times: user=0.41 sys=0.00, real=0.04 secs] 
2014-04-09T14:27:25.910+0900: 294.729: [GC (Allocation Failure) 294.730: [ParNew: 52780K->261K(59008K), 0.0312248 secs] 9832988K->9780469K(25159296K), 0.0314805 secs] [Times: user=0.39 sys=0.00, real=0.04 secs] 
2014-04-09T14:27:25.979+0900: 294.799: [GC (Allocation Failure) 294.799: [ParNew: 52741K->301K(59008K), 0.0324862 secs] 9830677K->9778236K(25159296K), 0.0327402 secs] [Times: user=0.40 sys=0.01, real=0.04 secs] 
2014-04-09T14:27:26.049+0900: 294.869: [GC (Allocation Failure) 294.869: [ParNew: 52781K->262K(59008K), 0.0338672 secs] 9829158K->9776640K(25159296K), 0.0341427 secs] [Times: user=0.42 sys=0.00, real=0.04 secs] 
2014-04-09T14:27:26.124+0900: 294.943: [GC (Allocation Failure) 294.944: [ParNew: 52742K->136K(59008K), 0.0323752 secs] 9828094K->9775671K(25159296K), 0.0326405 secs] [Times: user=0.41 sys=0.00, real=0.03 secs] 
2014-04-09T14:27:26.190+0900: 295.010: [GC (Allocation Failure) 295.010: [ParNew: 52616K->42K(59008K), 0.0315015 secs] 9826629K->9774056K(25159296K), 0.0317546 secs] [Times: user=0.38 sys=0.01, real=0.04 secs] 
2014-04-09T14:27:26.254+0900: 295.074: [GC (Allocation Failure) 295.074: [ParNew: 52522K->32K(59008K), 0.0308705 secs] 9824312K->9771822K(25159296K), 0.0311195 secs] [Times: user=0.39 sys=0.00, real=0.03 secs] 
2014-04-09T14:27:26.318+0900: 295.138: [GC (Allocation Failure) 295.138: [ParNew: 52512K->31K(59008K), 0.0333413 secs] 9821086K->9768606K(25159296K), 0.0335938 secs] [Times: user=0.41 sys=0.01, real=0.04 secs] 
2014-04-09T14:27:26.385+0900: 295.204: [GC (Allocation Failure) 295.204: [ParNew: 52511K->30K(59008K), 0.0320979 secs] 9818261K->9765781K(25159296K), 0.0323504 secs] [Times: user=0.40 sys=0.00, real=0.03 secs] 
2014-04-09T14:27:26.453+0900: 295.272: [GC (Allocation Failure) 295.272: [ParNew: 52510K->32K(59008K), 0.0317860 secs] 9813800K->9761321K(25159296K), 0.0320137 secs] [Times: user=0.39 sys=0.00, real=0.03 secs] 
2014-04-09T14:27:26.517+0900: 295.337: [GC (Allocation Failure) 295.337: [ParNew: 52512K->24K(59008K), 0.0316096 secs] 9807839K->9755360K(25159296K), 0.0318377 secs] [Times: user=0.39 sys=0.00, real=0.03 secs] 
2014-04-09T14:27:26.582+0900: 295.402: [GC (Allocation Failure) 295.402: [ParNew: 52504K->32K(59008K), 0.0323145 secs] 9803150K->9750678K(25159296K), 0.0325426 secs] [Times: user=0.40 sys=0.00, real=0.03 secs] 
2014-04-09T14:27:26.649+0900: 295.469: [GC (Allocation Failure) 295.469: [ParNew: 52512K->36K(59008K), 0.0307023 secs] 9800956K->9748480K(25159296K), 0.0309363 secs] [Times: user=0.39 sys=0.00, real=0.03 secs] 
2014-04-09T14:27:26.714+0900: 295.534: [GC (Allocation Failure) 295.534: [ParNew: 52516K->45K(59008K), 0.0315512 secs] 9800507K->9748036K(25159296K), 0.0317800 secs] [Times: user=0.40 sys=0.01, real=0.03 secs] 
2014-04-09T14:27:26.779+0900: 295.599: [GC (Allocation Failure) 295.599: [ParNew: 52525K->50K(59008K), 0.0302442 secs] 9799873K->9747399K(25159296K), 0.0304740 secs] [Times: user=0.37 sys=0.00, real=0.03 secs] 
2014-04-09T14:27:26.843+0900: 295.663: [GC (Allocation Failure) 295.663: [ParNew: 52530K->50K(59008K), 0.0303468 secs] 9799152K->9746673K(25159296K), 0.0305725 secs] [Times: user=0.39 sys=0.00, real=0.03 secs] 
2014-04-09T14:27:26.910+0900: 295.730: [GC (Allocation Failure) 295.730: [ParNew: 52530K->54K(59008K), 0.0296207 secs] 9798084K->9745609K(25159296K), 0.0298443 secs] [Times: user=0.36 sys=0.01, real=0.02 secs] 
2014-04-09T14:27:26.973+0900: 295.793: [GC (Allocation Failure) 295.793: [ParNew: 52534K->44K(59008K), 0.0309595 secs] 9796976K->9744493K(25159296K), 0.0311810 secs] [Times: user=0.38 sys=0.00, real=0.03 secs] 
2014-04-09T14:27:27.037+0900: 295.857: [GC (Allocation Failure) 295.857: [ParNew: 52524K->38K(59008K), 0.0330180 secs] 9796289K->9743810K(25159296K), 0.0332403 secs] [Times: user=0.41 sys=0.01, real=0.03 secs] 
2014-04-09T14:27:27.103+0900: 295.922: [GC (Allocation Failure) 295.922: [ParNew: 52518K->30K(59008K), 0.0312853 secs] 9795192K->9742711K(25159296K), 0.0315090 secs] [Times: user=0.39 sys=0.00, real=0.03 secs] 
2014-04-09T14:27:27.167+0900: 295.986: [GC (Allocation Failure) 295.986: [ParNew: 52510K->20K(59008K), 0.0298678 secs] 9794475K->9741992K(25159296K), 0.0300911 secs] [Times: user=0.37 sys=0.00, real=0.03 secs] 
2014-04-09T14:27:27.229+0900: 296.049: [GC (Allocation Failure) 296.049: [ParNew: 52500K->22K(59008K), 0.0305756 secs] 9793350K->9740873K(25159296K), 0.0307918 secs] [Times: user=0.38 sys=0.00, real=0.03 secs] 
2014-04-09T14:27:27.291+0900: 296.111: [GC (Allocation Failure) 296.111: [ParNew: 52502K->20K(59008K), 0.0298808 secs] 9792258K->9739776K(25159296K), 0.0300975 secs] [Times: user=0.37 sys=0.00, real=0.03 secs] 
2014-04-09T14:27:27.353+0900: 296.172: [GC (Allocation Failure) 296.173: [ParNew: 52500K->24K(59008K), 0.0303629 secs] 9791432K->9738956K(25159296K), 0.0305797 secs] [Times: user=0.37 sys=0.00, real=0.03 secs] 
2014-04-09T14:27:27.414+0900: 296.234: [GC (Allocation Failure) 296.234: [ParNew: 52504K->26K(59008K), 0.0284984 secs] 9790325K->9737847K(25159296K), 0.0287112 secs] [Times: user=0.36 sys=0.01, real=0.03 secs] 
2014-04-09T14:27:27.475+0900: 296.294: [GC (Allocation Failure) 296.295: [ParNew: 52506K->32K(59008K), 0.0303463 secs] 9789412K->9736939K(25159296K), 0.0305622 secs] [Times: user=0.39 sys=0.00, real=0.03 secs] 
2014-04-09T14:27:27.537+0900: 296.357: [GC (Allocation Failure) 296.357: [ParNew: 52512K->76K(59008K), 0.0286539 secs] 9788215K->9735778K(25159296K), 0.0288706 secs] [Times: user=0.36 sys=0.00, real=0.03 secs] 
2014-04-09T14:27:27.598+0900: 296.418: [GC (Allocation Failure) 296.418: [ParNew: 52556K->4468K(59008K), 0.0328747 secs] 9787441K->9739354K(25159296K), 0.0330933 secs] [Times: user=0.41 sys=0.00, real=0.03 secs] 
2014-04-09T14:27:27.666+0900: 296.486: [GC (Allocation Failure) 296.486: [ParNew: 56022K->6150K(59008K), 0.0323128 secs] 9789983K->9748480K(25159296K), 0.0325314 secs] [Times: user=0.40 sys=0.00, real=0.03 secs] 
2014-04-09T14:27:27.722+0900: 296.542: [GC (Allocation Failure) 296.542: [ParNew: 48916K->4624K(59008K), 0.0407013 secs] 9790482K->9773637K(25159296K), 0.0409130 secs] [Times: user=0.51 sys=0.00, real=0.04 secs] 
2014-04-09T14:27:27.788+0900: 296.607: [GC (Allocation Failure) 296.607: [ParNew: 57104K->6527K(59008K), 0.0397418 secs] 9825450K->9797486K(25159296K), 0.0399509 secs] [Times: user=0.51 sys=0.00, real=0.04 secs] 
2014-04-09T14:27:27.846+0900: 296.666: [GC (Allocation Failure) 296.666: [ParNew: 51794K->126K(59008K), 0.0398276 secs] 9842415K->9822398K(25159296K), 0.0400441 secs] [Times: user=0.51 sys=0.00, real=0.04 secs] 
2014-04-09T14:27:27.902+0900: 296.721: [GC (Allocation Failure) 296.721: [ParNew: 52606K->6526K(59008K), 0.0346707 secs] 9874542K->9852175K(25159296K), 0.0348894 secs] [Times: user=0.43 sys=0.00, real=0.03 secs] 
2014-04-09T14:27:27.950+0900: 296.770: [GC (Allocation Failure) 296.770: [ParNew: 59006K->6528K(59008K), 0.0353446 secs] 9904093K->9873789K(25159296K), 0.0355555 secs] [Times: user=0.44 sys=0.00, real=0.04 secs] 
2014-04-09T14:27:28.012+0900: 296.832: [GC (Allocation Failure) 296.832: [ParNew: 59008K->6528K(59008K), 0.0413179 secs] 9925779K->9896700K(25159296K), 0.0415300 secs] [Times: user=0.49 sys=0.00, real=0.04 secs] 
2014-04-09T14:27:28.088+0900: 296.908: [GC (Allocation Failure) 296.908: [ParNew: 59008K->6528K(59008K), 0.0476699 secs] 9948133K->9913005K(25159296K), 0.0478804 secs] [Times: user=0.54 sys=0.01, real=0.05 secs] 
2014-04-09T14:27:28.168+0900: 296.988: [GC (Allocation Failure) 296.988: [ParNew: 59008K->6528K(59008K), 0.0418555 secs] 9964077K->9930085K(25159296K), 0.0420682 secs] [Times: user=0.52 sys=0.00, real=0.04 secs] 
2014-04-09T14:27:28.251+0900: 297.071: [GC (Allocation Failure) 297.071: [ParNew: 52385K->4713K(59008K), 0.0381453 secs] 9974746K->9941446K(25159296K), 0.0383736 secs] [Times: user=0.47 sys=0.00, real=0.03 secs] 
2014-04-09T14:27:28.315+0900: 297.135: [GC (Allocation Failure) 297.135: [ParNew: 57193K->6528K(59008K), 0.0351909 secs] 9993032K->9955298K(25159296K), 0.0353967 secs] [Times: user=0.45 sys=0.00, real=0.03 secs] 
2014-04-09T14:27:28.376+0900: 297.196: [GC (Allocation Failure) 297.196: [ParNew: 56876K->5824K(59008K), 0.0341821 secs] 10003532K->9977826K(25159296K), 0.0343891 secs] [Times: user=0.42 sys=0.01, real=0.03 secs] 
2014-04-09T14:27:28.448+0900: 297.268: [GC (Allocation Failure) 297.268: [ParNew: 53495K->6528K(59008K), 0.0417481 secs] 10021067K->10000767K(25159296K), 0.0419517 secs] [Times: user=0.51 sys=0.00, real=0.04 secs] 
2014-04-09T14:27:28.519+0900: 297.338: [GC (Allocation Failure) 297.338: [ParNew: 58811K->6528K(59008K), 0.0361268 secs] 10051512K->10039385K(25159296K), 0.0363319 secs] [Times: user=0.43 sys=0.01, real=0.04 secs] 
2014-04-09T14:27:28.574+0900: 297.394: [GC (Allocation Failure) 297.394: [ParNew: 59008K->6528K(59008K), 0.0412397 secs] 10091057K->10058250K(25159296K), 0.0414471 secs] [Times: user=0.54 sys=0.00, real=0.04 secs] 
2014-04-09T14:27:28.643+0900: 297.462: [GC (Allocation Failure) 297.462: [ParNew: 59008K->3219K(59008K), 0.0333963 secs] 10109784K->10079175K(25159296K), 0.0336058 secs] [Times: user=0.42 sys=0.00, real=0.03 secs] 
2014-04-09T14:27:28.700+0900: 297.520: [GC (Allocation Failure) 297.520: [ParNew: 55699K->6528K(59008K), 0.0403860 secs] 10130889K->10109520K(25159296K), 0.0405921 secs] [Times: user=0.51 sys=0.00, real=0.04 secs] 
2014-04-09T14:27:28.774+0900: 297.594: [GC (Allocation Failure) 297.594: [ParNew: 58742K->6528K(59008K), 0.0606874 secs] 10158997K->10132481K(25159296K), 0.0608972 secs] [Times: user=0.65 sys=0.01, real=0.06 secs] 
2014-04-09T14:27:28.865+0900: 297.685: [GC (Allocation Failure) 297.685: [ParNew: 50861K->6528K(59008K), 0.0360776 secs] 10174641K->10145402K(25159296K), 0.0362814 secs] [Times: user=0.45 sys=0.01, real=0.04 secs] 
2014-04-09T14:27:28.930+0900: 297.749: [GC (Allocation Failure) 297.749: [ParNew: 59008K->6363K(59008K), 0.0394411 secs] 10196122K->10169458K(25159296K), 0.0396530 secs] [Times: user=0.48 sys=0.01, real=0.04 secs] 
2014-04-09T14:27:28.990+0900: 297.809: [GC (Allocation Failure) 297.809: [ParNew: 58843K->5381K(59008K), 0.0364374 secs] 10221623K->10178321K(25159296K), 0.0366522 secs] [Times: user=0.46 sys=0.01, real=0.04 secs] 
2014-04-09T14:27:29.057+0900: 297.876: [GC (Allocation Failure) 297.876: [ParNew: 57729K->6528K(59008K), 0.0400898 secs] 10228471K->10195765K(25159296K), 0.0402925 secs] [Times: user=0.50 sys=0.00, real=0.04 secs] 
2014-04-09T14:27:29.126+0900: 297.946: [GC (Allocation Failure) 297.946: [ParNew: 59008K->6528K(59008K), 0.0363605 secs] 10228612K->10197105K(25159296K), 0.0365631 secs] [Times: user=0.44 sys=0.01, real=0.04 secs] 
2014-04-09T14:27:29.186+0900: 298.006: [GC (Allocation Failure) 298.006: [ParNew: 52256K->6528K(59008K), 0.0363620 secs] 10240078K->10221498K(25159296K), 0.0365618 secs] [Times: user=0.45 sys=0.00, real=0.04 secs] 
2014-04-09T14:27:29.239+0900: 298.058: [GC (Allocation Failure) 298.058: [ParNew: 55099K->6528K(59008K), 0.0333421 secs] 10267988K->10244815K(25159296K), 0.0335383 secs] [Times: user=0.42 sys=0.01, real=0.04 secs] 
2014-04-09T14:27:29.295+0900: 298.114: [GC (Allocation Failure) 298.115: [ParNew: 59008K->6528K(59008K), 0.0400215 secs] 9459213K->9438095K(25159296K), 0.0402187 secs] [Times: user=0.48 sys=0.00, real=0.04 secs] 
2014-04-09T14:27:29.338+0900: 298.158: [CMS-concurrent-sweep: 1.657/3.723 secs] [Times: user=32.08 sys=0.43, real=3.72 secs] 
2014-04-09T14:27:29.338+0900: 298.158: [CMS-concurrent-reset-start]
2014-04-09T14:27:29.361+0900: 298.180: [GC (Allocation Failure) 298.180: [ParNew: 59008K->6528K(59008K), 0.0372953 secs] 9465107K->9438993K(25159296K), 0.0374922 secs] [Times: user=0.45 sys=0.00, real=0.04 secs] 
2014-04-09T14:27:29.423+0900: 298.242: [GC (Allocation Failure) 298.242: [ParNew: 59008K->6528K(59008K), 0.0435221 secs] 9491473K->9466129K(25159296K), 0.0437352 secs] [Times: user=0.49 sys=0.01, real=0.04 secs] 
2014-04-09T14:27:29.488+0900: 298.308: [GC (Allocation Failure) 298.308: [ParNew: 51490K->6528K(59008K), 0.0371574 secs] 9511092K->9481079K(25159296K), 0.0373604 secs] [Times: user=0.46 sys=0.01, real=0.04 secs] 
2014-04-09T14:27:29.554+0900: 298.374: [GC (Allocation Failure) 298.374: [ParNew: 59008K->5527K(59008K), 0.0389544 secs] 9533559K->9508592K(25159296K), 0.0391519 secs] [Times: user=0.50 sys=0.00, real=0.04 secs] 
2014-04-09T14:27:29.595+0900: 298.415: [CMS-concurrent-reset: 0.094/0.257 secs] [Times: user=2.39 sys=0.04, real=0.26 secs] 
2014-04-09T14:27:29.624+0900: 298.444: [GC (Allocation Failure) 298.444: [ParNew: 56391K->6528K(59008K), 0.0391805 secs] 9559456K->9528140K(25159296K), 0.0393767 secs] [Times: user=0.45 sys=0.01, real=0.04 secs] 
2014-04-09T14:27:29.665+0900: 298.484: [GC (CMS Initial Mark) [1 CMS-initial-mark: 9521612K(25100288K)] 9530188K(25159296K), 0.0017760 secs] [Times: user=0.01 sys=0.00, real=0.00 secs] 
2014-04-09T14:27:29.667+0900: 298.486: [CMS-concurrent-mark-start]
2014-04-09T14:27:29.694+0900: 298.513: [GC (Allocation Failure) 298.514: [ParNew: 59008K->6528K(59008K), 0.0366496 secs] 9580620K->9555457K(25159296K), 0.0368570 secs] [Times: user=0.44 sys=0.00, real=0.03 secs] 
2014-04-09T14:27:29.752+0900: 298.572: [GC (Allocation Failure) 298.572: [ParNew: 57089K->6528K(59008K), 0.0359506 secs] 9606018K->9581151K(25159296K), 0.0361663 secs] [Times: user=0.43 sys=0.01, real=0.03 secs] 
2014-04-09T14:27:29.811+0900: 298.630: [GC (Allocation Failure) 298.630: [ParNew: 59004K->3239K(59008K), 0.0414647 secs] 9633627K->9617417K(25159296K), 0.0416674 secs] [Times: user=0.51 sys=0.01, real=0.05 secs] 
2014-04-09T14:27:29.870+0900: 298.690: [GC (Allocation Failure) 298.690: [ParNew: 55719K->6528K(59008K), 0.0355187 secs] 9669897K->9634387K(25159296K), 0.0357251 secs] [Times: user=0.45 sys=0.00, real=0.04 secs] 
2014-04-09T14:27:29.931+0900: 298.751: [GC (Allocation Failure) 298.751: [ParNew: 59008K->6528K(59008K), 0.0420305 secs] 9686867K->9667044K(25159296K), 0.0422363 secs] [Times: user=0.50 sys=0.01, real=0.05 secs] 
2014-04-09T14:27:29.993+0900: 298.813: [GC (Allocation Failure) 298.813: [ParNew: 59008K->6528K(59008K), 0.0360912 secs] 9719524K->9691400K(25159296K), 0.0362937 secs] [Times: user=0.44 sys=0.01, real=0.03 secs] 
2014-04-09T14:27:30.047+0900: 298.867: [GC (Allocation Failure) 298.867: [ParNew: 55555K->6528K(59008K), 0.0383596 secs] 9740428K->9709784K(25159296K), 0.0385618 secs] [Times: user=0.47 sys=0.01, real=0.04 secs] 
2014-04-09T14:27:30.107+0900: 298.926: [GC (Allocation Failure) 298.926: [ParNew: 59008K->6528K(59008K), 0.0398838 secs] 9762264K->9734308K(25159296K), 0.0400895 secs] [Times: user=0.44 sys=0.02, real=0.04 secs] 
2014-04-09T14:27:30.185+0900: 299.005: [GC (Allocation Failure) 299.005: [ParNew: 59008K->6528K(59008K), 0.0473472 secs] 9786788K->9749847K(25159296K), 0.0475599 secs] [Times: user=0.55 sys=0.01, real=0.05 secs] 
2014-04-09T14:27:30.270+0900: 299.090: [GC (Allocation Failure) 299.090: [ParNew: 58781K->6528K(59008K), 0.0470569 secs] 9802101K->9770055K(25159296K), 0.0472982 secs] [Times: user=0.57 sys=0.00, real=0.05 secs] 
2014-04-09T14:27:30.347+0900: 299.167: [GC (Allocation Failure) 299.167: [ParNew: 59008K->1523K(59008K), 0.0418433 secs] 9822535K->9793643K(25159296K), 0.0420695 secs] [Times: user=0.52 sys=0.01, real=0.04 secs] 
2014-04-09T14:27:30.409+0900: 299.229: [GC (Allocation Failure) 299.229: [ParNew: 44462K->6528K(59008K), 0.0339507 secs] 9836582K->9805041K(25159296K), 0.0341762 secs] [Times: user=0.43 sys=0.01, real=0.04 secs] 
2014-04-09T14:27:30.470+0900: 299.290: [GC (Allocation Failure) 299.290: [ParNew: 55755K->6528K(59008K), 0.0406015 secs] 9854268K->9837492K(25159296K), 0.0408399 secs] [Times: user=0.48 sys=0.01, real=0.04 secs] 
2014-04-09T14:27:30.542+0900: 299.361: [GC (Allocation Failure) 299.361: [ParNew: 59008K->6528K(59008K), 0.0385340 secs] 9889972K->9863965K(25159296K), 0.0387675 secs] [Times: user=0.48 sys=0.00, real=0.03 secs] 
2014-04-09T14:27:30.598+0900: 299.418: [GC (Allocation Failure) 299.418: [ParNew: 59008K->6528K(59008K), 0.0437410 secs] 9916445K->9895998K(25159296K), 0.0439805 secs] [Times: user=0.54 sys=0.00, real=0.05 secs] 
2014-04-09T14:27:30.669+0900: 299.489: [GC (Allocation Failure) 299.489: [ParNew: 59008K->6528K(59008K), 0.0495875 secs] 9948478K->9935580K(25159296K), 0.0499305 secs] [Times: user=0.61 sys=0.00, real=0.05 secs] 
2014-04-09T14:27:30.740+0900: 299.560: [GC (Allocation Failure) 299.560: [ParNew: 59008K->6528K(59008K), 0.0410271 secs] 9988060K->9957684K(25159296K), 0.0412677 secs] [Times: user=0.52 sys=0.01, real=0.05 secs] 
2014-04-09T14:27:30.802+0900: 299.622: [GC (Allocation Failure) 299.622: [ParNew: 59008K->6528K(59008K), 0.0460678 secs] 10010164K->9993089K(25159296K), 0.0462975 secs] [Times: user=0.57 sys=0.00, real=0.04 secs] 
2014-04-09T14:27:30.869+0900: 299.689: [GC (Allocation Failure) 299.689: [ParNew: 56688K->6528K(59008K), 0.0429295 secs] 10043249K->10008939K(25159296K), 0.0431570 secs] [Times: user=0.53 sys=0.01, real=0.05 secs] 
2014-04-09T14:27:30.932+0900: 299.752: [GC (Allocation Failure) 299.752: [ParNew: 59008K->6528K(59008K), 0.0457899 secs] 10061419K->10042546K(25159296K), 0.0460158 secs] [Times: user=0.56 sys=0.00, real=0.04 secs] 
2014-04-09T14:27:31.011+0900: 299.831: [GC (Allocation Failure) 299.831: [ParNew: 59008K->6528K(59008K), 0.0472676 secs] 10095026K->10058166K(25159296K), 0.0474982 secs] [Times: user=0.54 sys=0.00, real=0.05 secs] 
2014-04-09T14:27:31.094+0900: 299.914: [GC (Allocation Failure) 299.914: [ParNew: 59008K->6528K(59008K), 0.0525194 secs] 10110646K->10078198K(25159296K), 0.0527496 secs] [Times: user=0.60 sys=0.00, real=0.05 secs] 
2014-04-09T14:27:31.184+0900: 300.004: [GC (Allocation Failure) 300.004: [ParNew: 59008K->6528K(59008K), 0.0371089 secs] 10130678K->10087456K(25159296K), 0.0373469 secs] [Times: user=0.47 sys=0.01, real=0.04 secs] 
2014-04-09T14:27:31.258+0900: 300.077: [GC (Allocation Failure) 300.077: [ParNew: 55250K->6528K(59008K), 0.0405186 secs] 10136179K->10108898K(25159296K), 0.0407483 secs] [Times: user=0.49 sys=0.00, real=0.04 secs] 
2014-04-09T14:27:31.324+0900: 300.143: [GC (Allocation Failure) 300.144: [ParNew: 56319K->6528K(59008K), 0.0464756 secs] 10158689K->10124669K(25159296K), 0.0467085 secs] [Times: user=0.56 sys=0.01, real=0.04 secs] 
2014-04-09T14:27:31.392+0900: 300.212: [GC (Allocation Failure) 300.212: [ParNew: 57934K->4803K(59008K), 0.0407486 secs] 10176075K->10153872K(25159296K), 0.0409775 secs] [Times: user=0.52 sys=0.00, real=0.04 secs] 
2014-04-09T14:27:31.454+0900: 300.274: [GC (Allocation Failure) 300.274: [ParNew: 57283K->6528K(59008K), 0.0360604 secs] 10206352K->10179882K(25159296K), 0.0363034 secs] [Times: user=0.44 sys=0.01, real=0.03 secs] 
2014-04-09T14:27:31.512+0900: 300.332: [GC (Allocation Failure) 300.332: [ParNew: 59008K->6528K(59008K), 0.0475141 secs] 10232362K->10220279K(25159296K), 0.0477409 secs] [Times: user=0.59 sys=0.01, real=0.04 secs] 
2014-04-09T14:27:31.599+0900: 300.419: [GC (Allocation Failure) 300.419: [ParNew: 53947K->6528K(59008K), 0.0494788 secs] 10267699K->10248172K(25159296K), 0.0497195 secs] [Times: user=0.56 sys=0.01, real=0.05 secs] 
2014-04-09T14:27:31.668+0900: 300.488: [GC (Allocation Failure) 300.488: [ParNew: 59008K->6528K(59008K), 0.0438592 secs] 10300652K->10283811K(25159296K), 0.0440877 secs] [Times: user=0.51 sys=0.01, real=0.05 secs] 
2014-04-09T14:27:31.735+0900: 300.555: [GC (Allocation Failure) 300.555: [ParNew: 59008K->6528K(59008K), 0.0425091 secs] 10336291K->10309681K(25159296K), 0.0427322 secs] [Times: user=0.52 sys=0.01, real=0.04 secs] 
2014-04-09T14:27:31.797+0900: 300.616: [GC (Allocation Failure) 300.616: [ParNew: 59008K->6528K(59008K), 0.0441896 secs] 10362161K->10331037K(25159296K), 0.0444118 secs] [Times: user=0.55 sys=0.00, real=0.04 secs] 
2014-04-09T14:27:31.876+0900: 300.696: [GC (Allocation Failure) 300.696: [ParNew: 59008K->6528K(59008K), 0.0480647 secs] 10383517K->10342350K(25159296K), 0.0482986 secs] [Times: user=0.57 sys=0.01, real=0.05 secs] 
2014-04-09T14:27:31.962+0900: 300.782: [GC (Allocation Failure) 300.782: [ParNew: 59008K->6528K(59008K), 0.0423094 secs] 10394830K->10353004K(25159296K), 0.0425318 secs] [Times: user=0.50 sys=0.01, real=0.04 secs] 
2014-04-09T14:27:32.050+0900: 300.870: [GC (Allocation Failure) 300.870: [ParNew: 59008K->6528K(59008K), 0.0422377 secs] 10405484K->10374060K(25159296K), 0.0424618 secs] [Times: user=0.51 sys=0.00, real=0.05 secs] 
2014-04-09T14:27:32.134+0900: 300.954: [GC (Allocation Failure) 300.954: [ParNew: 59008K->2916K(59008K), 0.0363061 secs] 10426540K->10391234K(25159296K), 0.0365284 secs] [Times: user=0.44 sys=0.01, real=0.03 secs] 
2014-04-09T14:27:32.191+0900: 301.011: [GC (Allocation Failure) 301.011: [ParNew: 53787K->5959K(59008K), 0.0398039 secs] 10442105K->10414598K(25159296K), 0.0400380 secs] [Times: user=0.50 sys=0.00, real=0.04 secs] 
2014-04-09T14:27:32.251+0900: 301.070: [GC (Allocation Failure) 301.070: [ParNew: 58439K->6528K(59008K), 0.0325235 secs] 10467078K->10436053K(25159296K), 0.0327650 secs] [Times: user=0.41 sys=0.00, real=0.04 secs] 
2014-04-09T14:27:32.318+0900: 301.138: [GC (Allocation Failure) 301.138: [ParNew: 53991K->6528K(59008K), 0.0461664 secs] 10483517K->10470519K(25159296K), 0.0463937 secs] [Times: user=0.57 sys=0.00, real=0.05 secs] 
2014-04-09T14:27:32.396+0900: 301.215: [GC (Allocation Failure) 301.216: [ParNew: 59008K->6528K(59008K), 0.0446426 secs] 10522999K->10505870K(25159296K), 0.0448674 secs] [Times: user=0.54 sys=0.00, real=0.04 secs] 
2014-04-09T14:27:32.460+0900: 301.279: [GC (Allocation Failure) 301.279: [ParNew: 49112K->6528K(59008K), 0.0429187 secs] 10548454K->10522599K(25159296K), 0.0431456 secs] [Times: user=0.53 sys=0.00, real=0.05 secs] 
2014-04-09T14:27:32.541+0900: 301.360: [GC (Allocation Failure) 301.361: [ParNew: 59008K->6528K(59008K), 0.0515804 secs] 10575079K->10550652K(25159296K), 0.0518080 secs] [Times: user=0.54 sys=0.02, real=0.06 secs] 
2014-04-09T14:27:32.648+0900: 301.467: [GC (Allocation Failure) 301.467: [ParNew: 59008K->6528K(59008K), 0.0459782 secs] 10603132K->10566579K(25159296K), 0.0462059 secs] [Times: user=0.54 sys=0.01, real=0.05 secs] 
2014-04-09T14:27:32.736+0900: 301.555: [GC (Allocation Failure) 301.555: [ParNew: 59008K->6528K(59008K), 0.0361047 secs] 10619059K->10568046K(25159296K), 0.0363273 secs] [Times: user=0.45 sys=0.00, real=0.04 secs] 
2014-04-09T14:27:32.797+0900: 301.617: [GC (Allocation Failure) 301.617: [ParNew: 59008K->6528K(59008K), 0.0488206 secs] 10620526K->10598906K(25159296K), 0.0490460 secs] [Times: user=0.58 sys=0.01, real=0.05 secs] 
2014-04-09T14:27:32.878+0900: 301.697: [GC (Allocation Failure) 301.698: [ParNew: 51005K->6528K(59008K), 0.0442209 secs] 10643384K->10621894K(25159296K), 0.0444420 secs] [Times: user=0.54 sys=0.00, real=0.05 secs] 
2014-04-09T14:27:32.946+0900: 301.766: [GC (Allocation Failure) 301.766: [ParNew: 59004K->6528K(59008K), 0.0411734 secs] 10674371K->10657070K(25159296K), 0.0414029 secs] [Times: user=0.52 sys=0.00, real=0.04 secs] 
2014-04-09T14:27:33.004+0900: 301.824: [GC (Allocation Failure) 301.824: [ParNew: 52807K->6528K(59008K), 0.0398406 secs] 10703349K->10677707K(25159296K), 0.0400635 secs] [Times: user=0.49 sys=0.00, real=0.04 secs] 
2014-04-09T14:27:33.076+0900: 301.896: [GC (Allocation Failure) 301.896: [ParNew: 59008K->6528K(59008K), 0.0438343 secs] 10730187K->10703379K(25159296K), 0.0440579 secs] [Times: user=0.49 sys=0.01, real=0.04 secs] 
2014-04-09T14:27:33.150+0900: 301.970: [GC (Allocation Failure) 301.970: [ParNew: 58986K->6528K(59008K), 0.0412840 secs] 10755838K->10734093K(25159296K), 0.0415031 secs] [Times: user=0.51 sys=0.00, real=0.05 secs] 
2014-04-09T14:27:33.215+0900: 302.035: [GC (Allocation Failure) 302.035: [ParNew: 50251K->6528K(59008K), 0.0408219 secs] 10777816K->10744200K(25159296K), 0.0410470 secs] [Times: user=0.49 sys=0.01, real=0.04 secs] 
2014-04-09T14:27:33.288+0900: 302.108: [GC (Allocation Failure) 302.108: [ParNew: 59008K->5934K(59008K), 0.0331182 secs] 10796680K->10763928K(25159296K), 0.0333574 secs] [Times: user=0.41 sys=0.01, real=0.04 secs] 
2014-04-09T14:27:33.369+0900: 302.188: [GC (Allocation Failure) 302.189: [ParNew: 57809K->6528K(59008K), 0.0456938 secs] 10815803K->10784952K(25159296K), 0.0459195 secs] [Times: user=0.55 sys=0.00, real=0.05 secs] 
2014-04-09T14:27:33.454+0900: 302.274: [GC (Allocation Failure) 302.274: [ParNew: 49383K->6528K(59008K), 0.0420607 secs] 10827808K->10807245K(25159296K), 0.0422887 secs] [Times: user=0.53 sys=0.01, real=0.04 secs] 
2014-04-09T14:27:33.519+0900: 302.339: [GC (Allocation Failure) 302.339: [ParNew: 59008K->6528K(59008K), 0.0462737 secs] 10859725K->10841005K(25159296K), 0.0465010 secs] [Times: user=0.56 sys=0.01, real=0.05 secs] 
2014-04-09T14:27:33.583+0900: 302.403: [GC (Allocation Failure) 302.403: [ParNew: 59004K->6528K(59008K), 0.0376927 secs] 10893482K->10861217K(25159296K), 0.0379321 secs] [Times: user=0.46 sys=0.00, real=0.03 secs] 
2014-04-09T14:27:33.646+0900: 302.466: [GC (Allocation Failure) 302.466: [ParNew: 59008K->6528K(59008K), 0.0454534 secs] 10913697K->10892475K(25159296K), 0.0456840 secs] [Times: user=0.56 sys=0.01, real=0.04 secs] 
2014-04-09T14:27:33.733+0900: 302.552: [GC (Allocation Failure) 302.552: [ParNew: 59008K->6528K(59008K), 0.0567967 secs] 10944955K->10910445K(25159296K), 0.0570166 secs] [Times: user=0.61 sys=0.01, real=0.05 secs] 
2014-04-09T14:27:33.827+0900: 302.647: [GC (Allocation Failure) 302.647: [ParNew: 59008K->6528K(59008K), 0.0591814 secs] 10962925K->10930618K(25159296K), 0.0594034 secs] [Times: user=0.61 sys=0.02, real=0.06 secs] 
2014-04-09T14:27:33.923+0900: 302.743: [GC (Allocation Failure) 302.743: [ParNew: 51227K->6528K(59008K), 0.0455918 secs] 10975318K->10946144K(25159296K), 0.0458144 secs] [Times: user=0.53 sys=0.01, real=0.04 secs] 
2014-04-09T14:27:34.000+0900: 302.820: [GC (Allocation Failure) 302.820: [ParNew: 59008K->6528K(59008K), 0.0347587 secs] 10998624K->10967779K(25159296K), 0.0349816 secs] [Times: user=0.44 sys=0.00, real=0.04 secs] 
2014-04-09T14:27:34.054+0900: 302.874: [GC (Allocation Failure) 302.874: [ParNew: 50368K->5641K(59008K), 0.0400084 secs] 11011620K->10979269K(25159296K), 0.0402376 secs] [Times: user=0.48 sys=0.01, real=0.04 secs] 
2014-04-09T14:27:34.128+0900: 302.947: [GC (Allocation Failure) 302.948: [ParNew: 50581K->6528K(59008K), 0.0413991 secs] 11024209K->11002834K(25159296K), 0.0416323 secs] [Times: user=0.52 sys=0.00, real=0.04 secs] 
2014-04-09T14:27:34.206+0900: 303.026: [GC (Allocation Failure) 303.026: [ParNew: 53687K->6528K(59008K), 0.0533769 secs] 11049993K->11038877K(25159296K), 0.0536060 secs] [Times: user=0.59 sys=0.01, real=0.05 secs] 
2014-04-09T14:27:34.286+0900: 303.106: [GC (Allocation Failure) 303.106: [ParNew: 58450K->6528K(59008K), 0.0382121 secs] 11090799K->11055740K(25159296K), 0.0384401 secs] [Times: user=0.47 sys=0.01, real=0.04 secs] 
2014-04-09T14:27:34.353+0900: 303.172: [GC (Allocation Failure) 303.172: [ParNew: 59008K->6528K(59008K), 0.0438438 secs] 11108220K->11090571K(25159296K), 0.0440732 secs] [Times: user=0.54 sys=0.00, real=0.04 secs] 
2014-04-09T14:27:34.431+0900: 303.251: [GC (Allocation Failure) 303.251: [ParNew: 59008K->6528K(59008K), 0.0432489 secs] 11143051K->11111665K(25159296K), 0.0434740 secs] [Times: user=0.53 sys=0.00, real=0.05 secs] 
2014-04-09T14:27:34.535+0900: 303.355: [GC (Allocation Failure) 303.355: [ParNew: 59008K->6528K(59008K), 0.0390081 secs] 11164145K->11130235K(25159296K), 0.0392377 secs] [Times: user=0.43 sys=0.00, real=0.04 secs] 
2014-04-09T14:27:34.612+0900: 303.432: [GC (Allocation Failure) 303.432: [ParNew: 59008K->6528K(59008K), 0.0372766 secs] 11182715K->11150512K(25159296K), 0.0375030 secs] [Times: user=0.45 sys=0.01, real=0.03 secs] 
2014-04-09T14:27:34.658+0900: 303.478: [CMS-concurrent-mark: 1.945/4.991 secs] [Times: user=49.60 sys=1.14, real=4.99 secs] 
2014-04-09T14:27:34.658+0900: 303.478: [CMS-concurrent-preclean-start]
2014-04-09T14:27:34.673+0900: 303.493: [GC (Allocation Failure) 303.493: [ParNew: 59008K->3553K(59008K), 0.0420575 secs] 11202992K->11178018K(25159296K), 0.0422921 secs] [Times: user=0.54 sys=0.01, real=0.04 secs] 
2014-04-09T14:27:34.750+0900: 303.570: [GC (Allocation Failure) 303.570: [ParNew: 56033K->6528K(59008K), 0.0480052 secs] 11230498K->11203626K(25159296K), 0.0482462 secs] [Times: user=0.58 sys=0.01, real=0.05 secs] 
2014-04-09T14:27:34.848+0900: 303.668: [GC (Allocation Failure) 303.668: [ParNew: 59006K->6528K(59008K), 0.0531649 secs] 11256105K->11230052K(25159296K), 0.0534011 secs] [Times: user=0.58 sys=0.01, real=0.05 secs] 
2014-04-09T14:27:34.947+0900: 303.766: [GC (Allocation Failure) 303.767: [ParNew: 59008K->6528K(59008K), 0.0415168 secs] 11282532K->11246091K(25159296K), 0.0417434 secs] [Times: user=0.51 sys=0.01, real=0.04 secs] 
2014-04-09T14:27:35.018+0900: 303.838: [GC (Allocation Failure) 303.838: [ParNew: 59008K->6528K(59008K), 0.0405795 secs] 11298571K->11262823K(25159296K), 0.0408077 secs] [Times: user=0.48 sys=0.00, real=0.04 secs] 
2014-04-09T14:27:35.087+0900: 303.906: [GC (Allocation Failure) 303.907: [ParNew: 58291K->4828K(59008K), 0.0411412 secs] 11314586K->11281637K(25159296K), 0.0413684 secs] [Times: user=0.52 sys=0.00, real=0.04 secs] 
2014-04-09T14:27:35.177+0900: 303.997: [GC (Allocation Failure) 303.997: [ParNew: 55590K->6528K(59008K), 0.0447654 secs] 11332399K->11303837K(25159296K), 0.0449872 secs] [Times: user=0.55 sys=0.00, real=0.04 secs] 
2014-04-09T14:27:35.254+0900: 304.074: [GC (Allocation Failure) 304.074: [ParNew: 59008K->6528K(59008K), 0.0386623 secs] 11356317K->11337430K(25159296K), 0.0388923 secs] [Times: user=0.47 sys=0.00, real=0.04 secs] 
2014-04-09T14:27:35.311+0900: 304.131: [GC (Allocation Failure) 304.131: [ParNew: 51349K->6528K(59008K), 0.0394068 secs] 11382251K->11358492K(25159296K), 0.0396304 secs] [Times: user=0.49 sys=0.00, real=0.04 secs] 
2014-04-09T14:27:35.374+0900: 304.193: [GC (Allocation Failure) 304.194: [ParNew: 59008K->6517K(59008K), 0.0432218 secs] 11410972K->11388950K(25159296K), 0.0434467 secs] [Times: user=0.54 sys=0.00, real=0.04 secs] 
2014-04-09T14:27:35.442+0900: 304.261: [GC (Allocation Failure) 304.261: [ParNew: 58997K->6528K(59008K), 0.0384343 secs] 11441430K->11406174K(25159296K), 0.0386565 secs] [Times: user=0.49 sys=0.00, real=0.04 secs] 
2014-04-09T14:27:35.516+0900: 304.336: [GC (Allocation Failure) 304.336: [ParNew: 59007K->6528K(59008K), 0.0503151 secs] 11458653K->11434458K(25159296K), 0.0505411 secs] [Times: user=0.59 sys=0.02, real=0.05 secs] 
2014-04-09T14:27:35.606+0900: 304.426: [GC (Allocation Failure) 304.426: [ParNew: 59006K->6528K(59008K), 0.0437797 secs] 11486937K->11459668K(25159296K), 0.0440068 secs] [Times: user=0.48 sys=0.00, real=0.04 secs] 
2014-04-09T14:27:35.680+0900: 304.500: [GC (Allocation Failure) 304.500: [ParNew: 59008K->6528K(59008K), 0.0474365 secs] 11512148K->11481229K(25159296K), 0.0476555 secs] [Times: user=0.58 sys=0.00, real=0.05 secs] 
2014-04-09T14:27:35.747+0900: 304.567: [GC (Allocation Failure) 304.567: [ParNew: 51042K->4468K(59008K), 0.0418560 secs] 11525743K->11492447K(25159296K), 0.0420697 secs] [Times: user=0.52 sys=0.00, real=0.04 secs] 
2014-04-09T14:27:35.823+0900: 304.643: [GC (Allocation Failure) 304.643: [ParNew: 56948K->6528K(59008K), 0.0381942 secs] 11544927K->11506546K(25159296K), 0.0384093 secs] [Times: user=0.48 sys=0.00, real=0.03 secs] 
2014-04-09T14:27:35.900+0900: 304.719: [GC (Allocation Failure) 304.719: [ParNew: 57185K->6528K(59008K), 0.0460467 secs] 11557203K->11525139K(25159296K), 0.0462632 secs] [Times: user=0.53 sys=0.01, real=0.05 secs] 
2014-04-09T14:27:35.983+0900: 304.802: [GC (Allocation Failure) 304.803: [ParNew: 59008K->5957K(59008K), 0.0325387 secs] 11577619K->11545177K(25159296K), 0.0327540 secs] [Times: user=0.40 sys=0.01, real=0.03 secs] 
2014-04-09T14:27:36.042+0900: 304.862: [GC (Allocation Failure) 304.862: [ParNew: 58437K->6528K(59008K), 0.0416196 secs] 11597657K->11574104K(25159296K), 0.0418430 secs] [Times: user=0.50 sys=0.02, real=0.05 secs] 
2014-04-09T14:27:36.107+0900: 304.927: [GC (Allocation Failure) 304.927: [ParNew: 58991K->2600K(59008K), 0.0438216 secs] 11626568K->11600921K(25159296K), 0.0440459 secs] [Times: user=0.55 sys=0.00, real=0.04 secs] 
2014-04-09T14:27:36.172+0900: 304.991: [GC (Allocation Failure) 304.992: [ParNew: 55080K->6528K(59008K), 0.0386591 secs] 11653401K->11624154K(25159296K), 0.0388943 secs] [Times: user=0.49 sys=0.00, real=0.04 secs] 
2014-04-09T14:27:36.239+0900: 305.059: [GC (Allocation Failure) 305.059: [ParNew: 52174K->6528K(59008K), 0.0520226 secs] 11669801K->11650403K(25159296K), 0.0522342 secs] [Times: user=0.57 sys=0.02, real=0.05 secs] 
2014-04-09T14:27:36.322+0900: 305.142: [GC (Allocation Failure) 305.142: [ParNew: 59008K->6528K(59008K), 0.0530805 secs] 11702883K->11671849K(25159296K), 0.0532897 secs] [Times: user=0.54 sys=0.02, real=0.06 secs] 
2014-04-09T14:27:36.402+0900: 305.221: [GC (Allocation Failure) 305.221: [ParNew: 58991K->6528K(59008K), 0.0510072 secs] 11724312K->11697684K(25159296K), 0.0512188 secs] [Times: user=0.59 sys=0.00, real=0.06 secs] 
2014-04-09T14:27:36.474+0900: 305.294: [GC (Allocation Failure) 305.294: [ParNew: 59008K->6528K(59008K), 0.0370416 secs] 11750164K->11722364K(25159296K), 0.0372515 secs] [Times: user=0.46 sys=0.00, real=0.03 secs] 
2014-04-09T14:27:36.547+0900: 305.367: [GC (Allocation Failure) 305.367: [ParNew: 59008K->6528K(59008K), 0.0473745 secs] 11774844K->11732116K(25159296K), 0.0475889 secs] [Times: user=0.58 sys=0.00, real=0.05 secs] 
2014-04-09T14:27:36.642+0900: 305.462: [GC (Allocation Failure) 305.462: [ParNew: 59008K->6528K(59008K), 0.0426578 secs] 11784596K->11745171K(25159296K), 0.0428653 secs] [Times: user=0.48 sys=0.01, real=0.05 secs] 
2014-04-09T14:27:36.728+0900: 305.548: [GC (Allocation Failure) 305.548: [ParNew: 59008K->6528K(59008K), 0.0436547 secs] 11797651K->11762930K(25159296K), 0.0438686 secs] [Times: user=0.54 sys=0.01, real=0.04 secs] 
2014-04-09T14:27:36.812+0900: 305.632: [GC (Allocation Failure) 305.632: [ParNew: 59008K->6528K(59008K), 0.0353609 secs] 11815410K->11792648K(25159296K), 0.0355719 secs] [Times: user=0.44 sys=0.00, real=0.04 secs] 
2014-04-09T14:27:36.866+0900: 305.685: [GC (Allocation Failure) 305.685: [ParNew: 49980K->6528K(59008K), 0.0334820 secs] 11836101K->11810175K(25159296K), 0.0336908 secs] [Times: user=0.41 sys=0.00, real=0.03 secs] 
2014-04-09T14:27:36.919+0900: 305.739: [GC (Allocation Failure) 305.739: [ParNew: 59008K->6528K(59008K), 0.0426069 secs] 11862655K->11841957K(25159296K), 0.0428274 secs] [Times: user=0.53 sys=0.01, real=0.05 secs] 
2014-04-09T14:27:36.976+0900: 305.796: [GC (Allocation Failure) 305.796: [ParNew: 55259K->6527K(59008K), 0.0411920 secs] 11890688K->11866849K(25159296K), 0.0414058 secs] [Times: user=0.51 sys=0.01, real=0.04 secs] 
2014-04-09T14:27:37.031+0900: 305.851: [GC (Allocation Failure) 305.851: [ParNew: 59007K->6528K(59008K), 0.0459642 secs] 11919329K->11909518K(25159296K), 0.0461799 secs] [Times: user=0.58 sys=0.00, real=0.05 secs] 
2014-04-09T14:27:37.109+0900: 305.929: [GC (Allocation Failure) 305.929: [ParNew: 59008K->6528K(59008K), 0.0607269 secs] 11961998K->11938147K(25159296K), 0.0609400 secs] [Times: user=0.58 sys=0.03, real=0.06 secs] 
2014-04-09T14:27:37.193+0900: 306.013: [GC (Allocation Failure) 306.013: [ParNew: 59008K->6528K(59008K), 0.0550960 secs] 11990627K->11968060K(25159296K), 0.0553057 secs] [Times: user=0.56 sys=0.04, real=0.05 secs] 
2014-04-09T14:27:37.263+0900: 306.083: [GC (Allocation Failure) 306.083: [ParNew: 59008K->6528K(59008K), 0.0409461 secs] 12020540K->11991478K(25159296K), 0.0411548 secs] [Times: user=0.49 sys=0.01, real=0.04 secs] 
2014-04-09T14:27:37.325+0900: 306.145: [GC (Allocation Failure) 306.145: [ParNew: 58646K->6528K(59008K), 0.0466957 secs] 12043597K->12011688K(25159296K), 0.0469037 secs] [Times: user=0.55 sys=0.02, real=0.04 secs] 
2014-04-09T14:27:37.396+0900: 306.215: [GC (Allocation Failure) 306.215: [ParNew: 59008K->6528K(59008K), 0.0557083 secs] 12064168K->12026404K(25159296K), 0.0559133 secs] [Times: user=0.62 sys=0.02, real=0.05 secs] 
2014-04-09T14:27:37.479+0900: 306.299: [GC (Allocation Failure) 306.299: [ParNew: 59008K->6528K(59008K), 0.0369925 secs] 12078884K->12036484K(25159296K), 0.0372087 secs] [Times: user=0.45 sys=0.01, real=0.04 secs] 
2014-04-09T14:27:37.548+0900: 306.368: [GC (Allocation Failure) 306.368: [ParNew: 59008K->3808K(59008K), 0.0377569 secs] 12088964K->12033765K(25159296K), 0.0379918 secs] [Times: user=0.48 sys=0.00, real=0.04 secs] 
2014-04-09T14:27:37.624+0900: 306.443: [GC (Allocation Failure) 306.443: [ParNew: 56288K->4528K(59008K), 0.0330856 secs] 12086245K->12038581K(25159296K), 0.0332895 secs] [Times: user=0.42 sys=0.00, real=0.03 secs] 
2014-04-09T14:27:37.696+0900: 306.515: [GC (Allocation Failure) 306.516: [ParNew: 57008K->4803K(59008K), 0.0354400 secs] 12091061K->12055240K(25159296K), 0.0356455 secs] [Times: user=0.43 sys=0.01, real=0.03 secs] 
2014-04-09T14:27:37.770+0900: 306.589: [GC (Allocation Failure) 306.589: [ParNew: 57257K->6528K(59008K), 0.0382461 secs] 12107694K->12080066K(25159296K), 0.0384812 secs] [Times: user=0.48 sys=0.01, real=0.04 secs] 
2014-04-09T14:27:37.825+0900: 306.645: [GC (Allocation Failure) 306.645: [ParNew: 56166K->6528K(59008K), 0.0427531 secs] 12129705K->12107174K(25159296K), 0.0429803 secs] [Times: user=0.53 sys=0.00, real=0.04 secs] 
2014-04-09T14:27:37.883+0900: 306.703: [GC (Allocation Failure) 306.703: [ParNew: 58990K->6154K(59008K), 0.0348556 secs] 12159637K->12144573K(25159296K), 0.0350850 secs] [Times: user=0.44 sys=0.00, real=0.03 secs] 
2014-04-09T14:27:37.942+0900: 306.762: [GC (Allocation Failure) 306.762: [ParNew: 58173K->6528K(59008K), 0.0420579 secs] 12196592K->12167426K(25159296K), 0.0422900 secs] [Times: user=0.53 sys=0.00, real=0.04 secs] 
2014-04-09T14:27:38.004+0900: 306.823: [GC (Allocation Failure) 306.823: [ParNew: 48981K->6528K(59008K), 0.0485448 secs] 12209880K->12201202K(25159296K), 0.0487694 secs] [Times: user=0.54 sys=0.01, real=0.04 secs] 
2014-04-09T14:27:38.067+0900: 306.887: [GC (Allocation Failure) 306.887: [ParNew: 59006K->6528K(59008K), 0.0408398 secs] 12253681K->12234979K(25159296K), 0.0410684 secs] [Times: user=0.50 sys=0.01, real=0.04 secs] 
2014-04-09T14:27:38.122+0900: 306.942: [GC (Allocation Failure) 306.942: [ParNew: 59008K->6528K(59008K), 0.0361166 secs] 12287459K->12253915K(25159296K), 0.0363432 secs] [Times: user=0.43 sys=0.01, real=0.03 secs] 
2014-04-09T14:27:38.175+0900: 306.994: [GC (Allocation Failure) 306.994: [ParNew: 59008K->6528K(59008K), 0.0426453 secs] 12306395K->12287416K(25159296K), 0.0428742 secs] [Times: user=0.53 sys=0.00, real=0.04 secs] 
2014-04-09T14:27:38.237+0900: 307.057: [GC (Allocation Failure) 307.057: [ParNew: 59008K->6528K(59008K), 0.0432141 secs] 12339896K->12312360K(25159296K), 0.0434490 secs] [Times: user=0.51 sys=0.00, real=0.04 secs] 
2014-04-09T14:27:38.304+0900: 307.123: [GC (Allocation Failure) 307.123: [ParNew: 59008K->6528K(59008K), 0.0408357 secs] 12364840K->12328715K(25159296K), 0.0410611 secs] [Times: user=0.47 sys=0.01, real=0.04 secs] 
2014-04-09T14:27:38.374+0900: 307.194: [GC (Allocation Failure) 307.194: [ParNew: 59008K->6528K(59008K), 0.0407945 secs] 12381195K->12343792K(25159296K), 0.0410212 secs] [Times: user=0.48 sys=0.00, real=0.04 secs] 
2014-04-09T14:27:38.446+0900: 307.265: [GC (Allocation Failure) 307.266: [ParNew: 59008K->6528K(59008K), 0.0380902 secs] 12396272K->12359005K(25159296K), 0.0383135 secs] [Times: user=0.47 sys=0.00, real=0.04 secs] 
2014-04-09T14:27:38.509+0900: 307.328: [GC (Allocation Failure) 307.329: [ParNew: 59008K->6528K(59008K), 0.0386261 secs] 12411485K->12374958K(25159296K), 0.0388536 secs] [Times: user=0.48 sys=0.00, real=0.04 secs] 
2014-04-09T14:27:38.564+0900: 307.384: [GC (Allocation Failure) 307.384: [ParNew: 59008K->6528K(59008K), 0.0367171 secs] 12427438K->12391556K(25159296K), 0.0369454 secs] [Times: user=0.45 sys=0.00, real=0.03 secs] 
2014-04-09T14:27:38.630+0900: 307.449: [GC (Allocation Failure) 307.449: [ParNew: 59008K->5302K(59008K), 0.0341473 secs] 12444036K->12404844K(25159296K), 0.0343766 secs] [Times: user=0.43 sys=0.00, real=0.04 secs] 
2014-04-09T14:27:38.696+0900: 307.515: [GC (Allocation Failure) 307.515: [ParNew: 57782K->6528K(59008K), 0.0390700 secs] 12457324K->12424572K(25159296K), 0.0392969 secs] [Times: user=0.48 sys=0.00, real=0.04 secs] 
2014-04-09T14:27:38.760+0900: 307.580: [GC (Allocation Failure) 307.580: [ParNew: 54939K->6528K(59008K), 0.0352200 secs] 12472983K->12448759K(25159296K), 0.0354705 secs] [Times: user=0.43 sys=0.00, real=0.04 secs] 
2014-04-09T14:27:38.815+0900: 307.635: [GC (Allocation Failure) 307.635: [ParNew: 59008K->6528K(59008K), 0.0409906 secs] 12501239K->12478441K(25159296K), 0.0412273 secs] [Times: user=0.49 sys=0.00, real=0.04 secs] 
2014-04-09T14:27:38.878+0900: 307.698: [GC (Allocation Failure) 307.698: [ParNew: 56887K->6528K(59008K), 0.0333844 secs] 12528800K->12493833K(25159296K), 0.0336197 secs] [Times: user=0.43 sys=0.00, real=0.03 secs] 
2014-04-09T14:27:38.930+0900: 307.750: [GC (Allocation Failure) 307.750: [ParNew: 59008K->6527K(59008K), 0.0417182 secs] 12546313K->12526052K(25159296K), 0.0419459 secs] [Times: user=0.52 sys=0.00, real=0.04 secs] 
2014-04-09T14:27:38.990+0900: 307.809: [GC (Allocation Failure) 307.810: [ParNew: 59007K->6528K(59008K), 0.0367611 secs] 12578532K->12550832K(25159296K), 0.0369866 secs] [Times: user=0.46 sys=0.00, real=0.04 secs] 
2014-04-09T14:27:39.048+0900: 307.868: [GC (Allocation Failure) 307.868: [ParNew: 59008K->6528K(59008K), 0.0508178 secs] 12603312K->12581360K(25159296K), 0.0510449 secs] [Times: user=0.59 sys=0.01, real=0.05 secs] 
2014-04-09T14:27:39.116+0900: 307.936: [GC (Allocation Failure) 307.936: [ParNew: 59008K->6528K(59008K), 0.0501670 secs] 12633840K->12602654K(25159296K), 0.0503975 secs] [Times: user=0.57 sys=0.01, real=0.05 secs] 
2014-04-09T14:27:39.184+0900: 308.004: [GC (Allocation Failure) 308.004: [ParNew: 59008K->6528K(59008K), 0.0557817 secs] 12655134K->12638763K(25159296K), 0.0560063 secs] [Times: user=0.62 sys=0.01, real=0.05 secs] 
2014-04-09T14:27:39.269+0900: 308.089: [GC (Allocation Failure) 308.089: [ParNew: 59008K->6528K(59008K), 0.0631563 secs] 12691243K->12661255K(25159296K), 0.0633880 secs] [Times: user=0.66 sys=0.02, real=0.07 secs] 
2014-04-09T14:27:39.377+0900: 308.196: [GC (Allocation Failure) 308.196: [ParNew: 58803K->6528K(59008K), 0.0517207 secs] 12713531K->12672596K(25159296K), 0.0519495 secs] [Times: user=0.60 sys=0.01, real=0.05 secs] 
2014-04-09T14:27:39.460+0900: 308.280: [GC (Allocation Failure) 308.280: [ParNew: 59008K->6528K(59008K), 0.0447628 secs] 12725076K->12693931K(25159296K), 0.0449871 secs] [Times: user=0.57 sys=0.01, real=0.05 secs] 
2014-04-09T14:27:39.529+0900: 308.349: [GC (Allocation Failure) 308.349: [ParNew: 58244K->6528K(59008K), 0.0450972 secs] 12745647K->12704993K(25159296K), 0.0453307 secs] [Times: user=0.54 sys=0.01, real=0.05 secs] 
2014-04-09T14:27:39.630+0900: 308.449: [GC (Allocation Failure) 308.450: [ParNew: 52758K->5918K(59008K), 0.0428091 secs] 12751223K->12718136K(25159296K), 0.0430416 secs] [Times: user=0.52 sys=0.01, real=0.05 secs] 
2014-04-09T14:27:39.709+0900: 308.529: [GC (Allocation Failure) 308.529: [ParNew: 58398K->6528K(59008K), 0.0434268 secs] 12770616K->12738323K(25159296K), 0.0436565 secs] [Times: user=0.54 sys=0.01, real=0.05 secs] 
2014-04-09T14:27:39.772+0900: 308.592: [GC (Allocation Failure) 308.592: [ParNew: 51605K->1050K(59008K), 0.0459052 secs] 12783401K->12755055K(25159296K), 0.0461367 secs] [Times: user=0.56 sys=0.00, real=0.04 secs] 
2014-04-09T14:27:39.856+0900: 308.675: [GC (Allocation Failure) 308.675: [ParNew: 53530K->6528K(59008K), 0.0445157 secs] 12807535K->12784807K(25159296K), 0.0447405 secs] [Times: user=0.55 sys=0.00, real=0.04 secs] 
2014-04-09T14:27:39.931+0900: 308.751: [GC (Allocation Failure) 308.751: [ParNew: 59008K->6528K(59008K), 0.0490631 secs] 12837287K->12802124K(25159296K), 0.0492892 secs] [Times: user=0.53 sys=0.01, real=0.05 secs] 
2014-04-09T14:27:40.037+0900: 308.857: [GC (Allocation Failure) 308.857: [ParNew: 59008K->6528K(59008K), 0.0418855 secs] 12854604K->12812957K(25159296K), 0.0421211 secs] [Times: user=0.51 sys=0.01, real=0.04 secs] 
2014-04-09T14:27:40.170+0900: 308.989: [CMS-concurrent-preclean: 1.903/5.512 secs] [Times: user=48.96 sys=0.92, real=5.51 secs] 
2014-04-09T14:27:40.171+0900: 308.991: [GC (Allocation Failure) 308.991: [ParNew: 59008K->2486K(59008K), 0.0450082 secs] 12865437K->12822843K(25159296K), 0.0452355 secs] [Times: user=0.55 sys=0.00, real=0.05 secs] 
2014-04-09T14:27:40.217+0900: 309.037: [GC (CMS Final Remark) [YG occupancy: 3067 K (59008 K)]309.037: [Rescan (parallel) , 0.0170037 secs]309.054: [weak refs processing, 0.0001234 secs]309.054: [class unloading, 0.0460046 secs]309.100: [scrub symbol table, 0.0048067 secs]309.105: [scrub string table, 0.0014047 secs][1 CMS-remark: 12820356K(25100288K)] 12823423K(25159296K), 0.0768219 secs] [Times: user=0.27 sys=0.00, real=0.08 secs] 
2014-04-09T14:27:40.295+0900: 309.115: [CMS-concurrent-sweep-start]
2014-04-09T14:27:40.334+0900: 309.153: [GC (Allocation Failure) 309.153: [ParNew: 47841K->6528K(59008K), 0.0335411 secs] 12858558K->12825670K(25159296K), 0.0337686 secs] [Times: user=0.41 sys=0.00, real=0.03 secs] 
2014-04-09T14:27:40.408+0900: 309.228: [GC (Allocation Failure) 309.228: [ParNew: 49528K->6528K(59008K), 0.0417905 secs] 12847458K->12834268K(25159296K), 0.0420128 secs] [Times: user=0.52 sys=0.01, real=0.04 secs] 
2014-04-09T14:27:40.485+0900: 309.305: [GC (Allocation Failure) 309.305: [ParNew: 59006K->6528K(59008K), 0.0472262 secs] 12867328K->12851167K(25159296K), 0.0474525 secs] [Times: user=0.56 sys=0.02, real=0.04 secs] 
2014-04-09T14:27:40.557+0900: 309.377: [GC (Allocation Failure) 309.377: [ParNew: 59008K->6528K(59008K), 0.0431595 secs] 12892479K->12865774K(25159296K), 0.0433971 secs] [Times: user=0.53 sys=0.01, real=0.04 secs] 
2014-04-09T14:27:40.619+0900: 309.438: [GC (Allocation Failure) 309.438: [ParNew: 59008K->5410K(59008K), 0.0453925 secs] 12910740K->12901707K(25159296K), 0.0456217 secs] [Times: user=0.56 sys=0.01, real=0.05 secs] 
2014-04-09T14:27:40.699+0900: 309.518: [GC (Allocation Failure) 309.518: [ParNew: 57890K->6528K(59008K), 0.0476677 secs] 12940828K->12906354K(25159296K), 0.0478912 secs] [Times: user=0.56 sys=0.01, real=0.05 secs] 
2014-04-09T14:27:40.779+0900: 309.599: [GC (Allocation Failure) 309.599: [ParNew: 59008K->6527K(59008K), 0.0510125 secs] 12933039K->12900587K(25159296K), 0.0512404 secs] [Times: user=0.61 sys=0.01, real=0.05 secs] 
2014-04-09T14:27:40.869+0900: 309.689: [GC (Allocation Failure) 309.689: [ParNew: 59007K->6528K(59008K), 0.0514891 secs] 12931505K->12897209K(25159296K), 0.0517173 secs] [Times: user=0.62 sys=0.00, real=0.05 secs] 
2014-04-09T14:27:40.954+0900: 309.774: [GC (Allocation Failure) 309.774: [ParNew: 59008K->6528K(59008K), 0.0431167 secs] 12929716K->12889596K(25159296K), 0.0433437 secs] [Times: user=0.51 sys=0.01, real=0.04 secs] 
2014-04-09T14:27:41.021+0900: 309.840: [GC (Allocation Failure) 309.840: [ParNew: 59008K->5707K(59008K), 0.0461167 secs] 12923297K->12882195K(25159296K), 0.0463441 secs] [Times: user=0.58 sys=0.00, real=0.05 secs] 
2014-04-09T14:27:41.100+0900: 309.920: [GC (Allocation Failure) 309.920: [ParNew: 58187K->6528K(59008K), 0.0372340 secs] 12907083K->12864209K(25159296K), 0.0374640 secs] [Times: user=0.46 sys=0.01, real=0.04 secs] 
2014-04-09T14:27:41.169+0900: 309.989: [GC (Allocation Failure) 309.989: [ParNew: 50843K->6230K(59008K), 0.0345504 secs] 12883348K->12850918K(25159296K), 0.0347768 secs] [Times: user=0.42 sys=0.00, real=0.04 secs] 
2014-04-09T14:27:41.230+0900: 310.050: [GC (Allocation Failure) 310.050: [ParNew: 58710K->2352K(59008K), 0.0379353 secs] 12887562K->12859887K(25159296K), 0.0381614 secs] [Times: user=0.47 sys=0.01, real=0.04 secs] 
2014-04-09T14:27:41.284+0900: 310.104: [GC (Allocation Failure) 310.104: [ParNew: 52948K->6528K(59008K), 0.0341034 secs] 12901571K->12870316K(25159296K), 0.0343294 secs] [Times: user=0.42 sys=0.01, real=0.03 secs] 
2014-04-09T14:27:41.331+0900: 310.151: [GC (Allocation Failure) 310.151: [ParNew: 54246K->4341K(59008K), 0.0370599 secs] 12912629K->12889910K(25159296K), 0.0373117 secs] [Times: user=0.46 sys=0.01, real=0.04 secs] 
2014-04-09T14:27:41.402+0900: 310.222: [GC (Allocation Failure) 310.222: [ParNew: 51023K->6526K(59008K), 0.0425305 secs] 12908659K->12888311K(25159296K), 0.0427561 secs] [Times: user=0.52 sys=0.01, real=0.05 secs] 
2014-04-09T14:27:41.469+0900: 310.288: [GC (Allocation Failure) 310.289: [ParNew: 59006K->6528K(59008K), 0.0445975 secs] 12925363K->12913875K(25159296K), 0.0448224 secs] [Times: user=0.53 sys=0.01, real=0.05 secs] 
2014-04-09T14:27:41.532+0900: 310.352: [GC (Allocation Failure) 310.352: [ParNew: 55765K->6528K(59008K), 0.0358878 secs] 12947561K->12917723K(25159296K), 0.0361297 secs] [Times: user=0.42 sys=0.01, real=0.04 secs] 
2014-04-09T14:27:41.587+0900: 310.407: [GC (Allocation Failure) 310.407: [ParNew: 59008K->6528K(59008K), 0.0464295 secs] 12953226K->12938053K(25159296K), 0.0466650 secs] [Times: user=0.57 sys=0.01, real=0.05 secs] 
2014-04-09T14:27:41.658+0900: 310.478: [GC (Allocation Failure) 310.478: [ParNew: 59008K->6528K(59008K), 0.0436442 secs] 12970625K->12938241K(25159296K), 0.0438742 secs] [Times: user=0.52 sys=0.01, real=0.04 secs] 
2014-04-09T14:27:41.725+0900: 310.545: [GC (Allocation Failure) 310.545: [ParNew: 59008K->6526K(59008K), 0.0392596 secs] 12970103K->12929839K(25159296K), 0.0394890 secs] [Times: user=0.47 sys=0.01, real=0.04 secs] 
2014-04-09T14:27:41.801+0900: 310.621: [GC (Allocation Failure) 310.621: [ParNew: 59006K->6528K(59008K), 0.0335051 secs] 12952960K->12907611K(25159296K), 0.0337245 secs] [Times: user=0.41 sys=0.01, real=0.04 secs] 
2014-04-09T14:27:41.878+0900: 310.698: [GC (Allocation Failure) 310.698: [ParNew: 59008K->4072K(59008K), 0.0330084 secs] 12922295K->12880486K(25159296K), 0.0332283 secs] [Times: user=0.41 sys=0.00, real=0.03 secs] 
2014-04-09T14:27:41.947+0900: 310.766: [GC (Allocation Failure) 310.766: [ParNew: 56528K->1861K(59008K), 0.0365323 secs] 12909730K->12875464K(25159296K), 0.0367628 secs] [Times: user=0.45 sys=0.01, real=0.04 secs] 
2014-04-09T14:27:42.005+0900: 310.825: [GC (Allocation Failure) 310.825: [ParNew: 46442K->6528K(59008K), 0.0314910 secs] 12902837K->12869691K(25159296K), 0.0317107 secs] [Times: user=0.39 sys=0.00, real=0.03 secs] 
2014-04-09T14:27:42.082+0900: 310.902: [GC (Allocation Failure) 310.902: [ParNew: 58771K->6528K(59008K), 0.0438121 secs] 12876724K->12857427K(25159296K), 0.0440342 secs] [Times: user=0.54 sys=0.01, real=0.05 secs] 
2014-04-09T14:27:42.159+0900: 310.979: [GC (Allocation Failure) 310.979: [ParNew: 58998K->6528K(59008K), 0.0422137 secs] 12874807K->12857021K(25159296K), 0.0424374 secs] [Times: user=0.52 sys=0.01, real=0.04 secs] 
2014-04-09T14:27:42.227+0900: 311.047: [GC (Allocation Failure) 311.047: [ParNew: 58237K->6528K(59008K), 0.0418134 secs] 12881632K->12856868K(25159296K), 0.0420301 secs] [Times: user=0.51 sys=0.01, real=0.04 secs] 
2014-04-09T14:27:42.301+0900: 311.121: [GC (Allocation Failure) 311.121: [ParNew: 59008K->6528K(59008K), 0.0430203 secs] 12877057K->12862239K(25159296K), 0.0432447 secs] [Times: user=0.50 sys=0.01, real=0.05 secs] 
2014-04-09T14:27:42.365+0900: 311.185: [GC (Allocation Failure) 311.185: [ParNew: 59008K->6528K(59008K), 0.0403389 secs] 12892864K->12857364K(25159296K), 0.0405518 secs] [Times: user=0.48 sys=0.01, real=0.04 secs] 
2014-04-09T14:27:42.434+0900: 311.254: [GC (Allocation Failure) 311.254: [ParNew: 59008K->6528K(59008K), 0.0337813 secs] 12878772K->12848993K(25159296K), 0.0340002 secs] [Times: user=0.40 sys=0.01, real=0.03 secs] 
2014-04-09T14:27:42.510+0900: 311.330: [GC (Allocation Failure) 311.330: [ParNew: 59008K->6528K(59008K), 0.0406653 secs] 12855855K->12816013K(25159296K), 0.0408869 secs] [Times: user=0.48 sys=0.01, real=0.04 secs] 
2014-04-09T14:27:42.590+0900: 311.409: [GC (Allocation Failure) 311.410: [ParNew: 59008K->6528K(59008K), 0.0446758 secs] 12837766K->12803703K(25159296K), 0.0448906 secs] [Times: user=0.54 sys=0.00, real=0.05 secs] 
2014-04-09T14:27:42.669+0900: 311.488: [GC (Allocation Failure) 311.488: [ParNew: 59008K->4115K(59008K), 0.0422078 secs] 12827539K->12805348K(25159296K), 0.0424240 secs] [Times: user=0.52 sys=0.01, real=0.04 secs] 
2014-04-09T14:27:42.731+0900: 311.551: [GC (Allocation Failure) 311.551: [ParNew: 56595K->6528K(59008K), 0.0418680 secs] 12842388K->12806547K(25159296K), 0.0420922 secs] [Times: user=0.53 sys=0.00, real=0.04 secs] 
2014-04-09T14:27:42.788+0900: 311.608: [GC (Allocation Failure) 311.608: [ParNew: 59008K->1604K(59008K), 0.0391670 secs] 12846836K->12823591K(25159296K), 0.0394035 secs] [Times: user=0.48 sys=0.00, real=0.04 secs] 
2014-04-09T14:27:42.862+0900: 311.681: [GC (Allocation Failure) 311.682: [ParNew: 54084K->6528K(59008K), 0.0381153 secs] 12837256K->12803895K(25159296K), 0.0383374 secs] [Times: user=0.46 sys=0.01, real=0.04 secs] 
2014-04-09T14:27:42.932+0900: 311.751: [GC (Allocation Failure) 311.752: [ParNew: 59008K->6528K(59008K), 0.0416779 secs] 12825610K->12790175K(25159296K), 0.0418973 secs] [Times: user=0.50 sys=0.00, real=0.05 secs] 
2014-04-09T14:27:43.009+0900: 311.829: [GC (Allocation Failure) 311.829: [ParNew: 59008K->4357K(59008K), 0.0370683 secs] 12809041K->12758673K(25159296K), 0.0372901 secs] [Times: user=0.46 sys=0.00, real=0.04 secs] 
2014-04-09T14:27:43.070+0900: 311.890: [GC (Allocation Failure) 311.890: [ParNew: 56837K->2508K(59008K), 0.0397691 secs] 12788709K->12754701K(25159296K), 0.0399897 secs] [Times: user=0.49 sys=0.01, real=0.04 secs] 
2014-04-09T14:27:43.138+0900: 311.958: [GC (Allocation Failure) 311.958: [ParNew: 54988K->6528K(59008K), 0.0362928 secs] 12779676K->12741530K(25159296K), 0.0365174 secs] [Times: user=0.45 sys=0.00, real=0.04 secs] 
2014-04-09T14:27:43.200+0900: 312.020: [GC (Allocation Failure) 312.020: [ParNew: 53549K->6528K(59008K), 0.0386410 secs] 12763833K->12738604K(25159296K), 0.0388663 secs] [Times: user=0.46 sys=0.01, real=0.04 secs] 
2014-04-09T14:27:43.268+0900: 312.087: [GC (Allocation Failure) 312.087: [ParNew: 57818K->2520K(59008K), 0.0388055 secs] 12759862K->12723891K(25159296K), 0.0390192 secs] [Times: user=0.48 sys=0.01, real=0.04 secs] 
2014-04-09T14:27:43.328+0900: 312.148: [GC (Allocation Failure) 312.148: [ParNew: 55000K->6528K(59008K), 0.0393660 secs] 12757089K->12734022K(25159296K), 0.0395833 secs] [Times: user=0.50 sys=0.01, real=0.04 secs] 
2014-04-09T14:27:43.385+0900: 312.204: [GC (Allocation Failure) 312.204: [ParNew: 59008K->6528K(59008K), 0.0403823 secs] 12771301K->12747279K(25159296K), 0.0406003 secs] [Times: user=0.48 sys=0.01, real=0.04 secs] 
2014-04-09T14:27:43.445+0900: 312.264: [GC (Allocation Failure) 312.264: [ParNew: 57179K->6528K(59008K), 0.0309421 secs] 12779262K->12754015K(25159296K), 0.0311586 secs] [Times: user=0.38 sys=0.00, real=0.03 secs] 
2014-04-09T14:27:43.493+0900: 312.312: [GC (Allocation Failure) 312.313: [ParNew: 50046K->3168K(59008K), 0.0318012 secs] 12785490K->12770167K(25159296K), 0.0320163 secs] [Times: user=0.39 sys=0.01, real=0.04 secs] 
2014-04-09T14:27:43.542+0900: 312.361: [GC (Allocation Failure) 312.361: [ParNew: 55648K->6528K(59008K), 0.0335600 secs] 12812674K->12785293K(25159296K), 0.0337750 secs] [Times: user=0.41 sys=0.00, real=0.04 secs] 
2014-04-09T14:27:43.594+0900: 312.414: [GC (Allocation Failure) 312.414: [ParNew: 59008K->6528K(59008K), 0.0416531 secs] 12828511K->12808923K(25159296K), 0.0418680 secs] [Times: user=0.50 sys=0.02, real=0.04 secs] 
2014-04-09T14:27:43.664+0900: 312.483: [GC (Allocation Failure) 312.483: [ParNew: 59007K->6528K(59008K), 0.0428995 secs] 12840429K->12817646K(25159296K), 0.0431172 secs] [Times: user=0.51 sys=0.01, real=0.04 secs] 
2014-04-09T14:27:43.734+0900: 312.554: [GC (Allocation Failure) 312.554: [ParNew: 59008K->6528K(59008K), 0.0406908 secs] 12854497K->12830168K(25159296K), 0.0409165 secs] [Times: user=0.48 sys=0.01, real=0.04 secs] 
2014-04-09T14:27:43.796+0900: 312.616: [GC (Allocation Failure) 312.616: [ParNew: 59008K->6528K(59008K), 0.0405953 secs] 12872756K->12840074K(25159296K), 0.0408235 secs] [Times: user=0.49 sys=0.02, real=0.04 secs] 
2014-04-09T14:27:43.864+0900: 312.684: [GC (Allocation Failure) 312.684: [ParNew: 59008K->6528K(59008K), 0.0428043 secs] 12870386K->12825550K(25159296K), 0.0430344 secs] [Times: user=0.52 sys=0.01, real=0.04 secs] 
2014-04-09T14:27:43.947+0900: 312.767: [GC (Allocation Failure) 312.767: [ParNew: 59008K->2626K(59008K), 0.0365518 secs] 12839053K->12787936K(25159296K), 0.0367811 secs] [Times: user=0.45 sys=0.01, real=0.04 secs] 
2014-04-09T14:27:44.023+0900: 312.842: [GC (Allocation Failure) 312.843: [ParNew: 55106K->963K(59008K), 0.0344252 secs] 12803078K->12757128K(25159296K), 0.0346803 secs] [Times: user=0.43 sys=0.01, real=0.04 secs] 
2014-04-09T14:27:44.096+0900: 312.916: [GC (Allocation Failure) 312.916: [ParNew: 47503K->806K(59008K), 0.0351866 secs] 12766699K->12730241K(25159296K), 0.0354087 secs] [Times: user=0.45 sys=0.00, real=0.03 secs] 
2014-04-09T14:27:44.152+0900: 312.972: [GC (Allocation Failure) 312.972: [ParNew: 53286K->6526K(59008K), 0.0321437 secs] 12761049K->12726267K(25159296K), 0.0323782 secs] [Times: user=0.41 sys=0.00, real=0.04 secs] 
2014-04-09T14:27:44.208+0900: 313.027: [GC (Allocation Failure) 313.027: [ParNew: 59006K->6528K(59008K), 0.0383427 secs] 12757750K->12730372K(25159296K), 0.0385692 secs] [Times: user=0.47 sys=0.00, real=0.04 secs] 
2014-04-09T14:27:44.279+0900: 313.098: [GC (Allocation Failure) 313.098: [ParNew: 54309K->6527K(59008K), 0.0383246 secs] 12748823K->12724550K(25159296K), 0.0385486 secs] [Times: user=0.47 sys=0.00, real=0.04 secs] 
2014-04-09T14:27:44.340+0900: 313.160: [GC (Allocation Failure) 313.160: [ParNew: 59007K->6527K(59008K), 0.0404138 secs] 12760406K->12746401K(25159296K), 0.0406410 secs] [Times: user=0.49 sys=0.01, real=0.04 secs] 
2014-04-09T14:27:44.399+0900: 313.218: [GC (Allocation Failure) 313.218: [ParNew: 52868K->3368K(59008K), 0.0370214 secs] 12781261K->12745636K(25159296K), 0.0372513 secs] [Times: user=0.46 sys=0.00, real=0.04 secs] 
2014-04-09T14:27:44.457+0900: 313.276: [GC (Allocation Failure) 313.276: [ParNew: 55848K->6528K(59008K), 0.0370720 secs] 12782132K->12757814K(25159296K), 0.0372970 secs] [Times: user=0.46 sys=0.01, real=0.04 secs] 
2014-04-09T14:27:44.514+0900: 313.334: [GC (Allocation Failure) 313.334: [ParNew: 59008K->6528K(59008K), 0.0375377 secs] 12780380K->12753153K(25159296K), 0.0377658 secs] [Times: user=0.45 sys=0.01, real=0.03 secs] 
2014-04-09T14:27:44.582+0900: 313.402: [GC (Allocation Failure) 313.402: [ParNew: 59008K->6528K(59008K), 0.0388885 secs] 12730858K->12701264K(25159296K), 0.0391120 secs] [Times: user=0.47 sys=0.01, real=0.04 secs] 
2014-04-09T14:27:44.658+0900: 313.477: [GC (Allocation Failure) 313.478: [ParNew: 59008K->6528K(59008K), 0.0421298 secs] 12622840K->12580971K(25159296K), 0.0423531 secs] [Times: user=0.51 sys=0.00, real=0.04 secs] 
2014-04-09T14:27:44.737+0900: 313.557: [GC (Allocation Failure) 313.557: [ParNew: 59008K->6528K(59008K), 0.0395765 secs] 12533958K->12487955K(25159296K), 0.0398051 secs] [Times: user=0.48 sys=0.00, real=0.04 secs] 
2014-04-09T14:27:44.820+0900: 313.639: [GC (Allocation Failure) 313.640: [ParNew: 59008K->4107K(59008K), 0.0359714 secs] 12016658K->11965764K(25159296K), 0.0361948 secs] [Times: user=0.44 sys=0.00, real=0.04 secs] 
2014-04-09T14:27:44.870+0900: 313.689: [CMS-concurrent-sweep: 1.808/4.574 secs] [Times: user=40.30 sys=0.88, real=4.57 secs] 
2014-04-09T14:27:44.870+0900: 313.689: [CMS-concurrent-reset-start]
2014-04-09T14:27:44.908+0900: 313.728: [GC (Allocation Failure) 313.728: [ParNew: 54507K->5910K(59008K), 0.0338081 secs] 11970179K->11925678K(25159296K), 0.0340359 secs] [Times: user=0.42 sys=0.00, real=0.03 secs] 
2014-04-09T14:27:44.992+0900: 313.811: [CMS-concurrent-reset: 0.086/0.122 secs] [Times: user=0.77 sys=0.00, real=0.12 secs] 
2014-04-09T14:27:44.994+0900: 313.814: [GC (Allocation Failure) 313.814: [ParNew: 58387K->5485K(59008K), 0.0374198 secs] 11978155K->11944126K(25159296K), 0.0376424 secs] [Times: user=0.46 sys=0.00, real=0.03 secs] 
2014-04-09T14:27:45.033+0900: 313.853: [GC (CMS Initial Mark) [1 CMS-initial-mark: 11938641K(25100288K)] 11944413K(25159296K), 0.0024352 secs] [Times: user=0.01 sys=0.00, real=0.01 secs] 
2014-04-09T14:27:45.036+0900: 313.856: [CMS-concurrent-mark-start]
2014-04-09T14:27:45.052+0900: 313.871: [GC (Allocation Failure) 313.871: [ParNew: 57964K->6528K(59008K), 0.0382774 secs] 11996605K->11969186K(25159296K), 0.0385059 secs] [Times: user=0.48 sys=0.00, real=0.04 secs] 
2014-04-09T14:27:45.114+0900: 313.934: [GC (Allocation Failure) 313.934: [ParNew: 59007K->6528K(59008K), 0.0410974 secs] 12021665K->12003052K(25159296K), 0.0413241 secs] [Times: user=0.52 sys=0.00, real=0.04 secs] 
2014-04-09T14:27:45.177+0900: 313.997: [GC (Allocation Failure) 313.997: [ParNew: 59008K->6528K(59008K), 0.0387679 secs] 12055532K->12022811K(25159296K), 0.0389952 secs] [Times: user=0.46 sys=0.00, real=0.04 secs] 
2014-04-09T14:27:45.238+0900: 314.058: [GC (Allocation Failure) 314.058: [ParNew: 52378K->6528K(59008K), 0.0419500 secs] 12068662K->12057383K(25159296K), 0.0421711 secs] [Times: user=0.51 sys=0.00, real=0.04 secs] 
2014-04-09T14:27:45.312+0900: 314.132: [GC (Allocation Failure) 314.132: [ParNew: 59008K->6528K(59008K), 0.0391871 secs] 12109863K->12088861K(25159296K), 0.0394074 secs] [Times: user=0.48 sys=0.00, real=0.04 secs] 
2014-04-09T14:27:45.390+0900: 314.210: [GC (Allocation Failure) 314.210: [ParNew: 59007K->6528K(59008K), 0.0372889 secs] 12141341K->12109395K(25159296K), 0.0375105 secs] [Times: user=0.44 sys=0.00, real=0.04 secs] 
2014-04-09T14:27:45.462+0900: 314.281: [GC (Allocation Failure) 314.281: [ParNew: 59008K->6528K(59008K), 0.0350698 secs] 12161875K->12118450K(25159296K), 0.0352878 secs] [Times: user=0.42 sys=0.00, real=0.04 secs] 
2014-04-09T14:27:45.523+0900: 314.343: [GC (Allocation Failure) 314.343: [ParNew: 59008K->4496K(59008K), 0.0349316 secs] 12170930K->12128942K(25159296K), 0.0351432 secs] [Times: user=0.42 sys=0.00, real=0.04 secs] 
2014-04-09T14:27:45.598+0900: 314.418: [GC (Allocation Failure) 314.418: [ParNew: 56976K->6528K(59008K), 0.0353781 secs] 12181422K->12133518K(25159296K), 0.0356020 secs] [Times: user=0.44 sys=0.00, real=0.04 secs] 
2014-04-09T14:27:45.701+0900: 314.521: [GC (Allocation Failure) 314.521: [ParNew: 58483K->6528K(59008K), 0.0356858 secs] 12185474K->12139818K(25159296K), 0.0359207 secs] [Times: user=0.43 sys=0.00, real=0.04 secs] 
2014-04-09T14:27:45.804+0900: 314.624: [GC (Allocation Failure) 314.624: [ParNew: 55326K->5509K(59008K), 0.0416146 secs] 12188617K->12149040K(25159296K), 0.0418417 secs] [Times: user=0.53 sys=0.00, real=0.04 secs] 
2014-04-09T14:27:45.871+0900: 314.691: [GC (Allocation Failure) 314.691: [ParNew: 55405K->6528K(59008K), 0.0392091 secs] 12198936K->12172668K(25159296K), 0.0394353 secs] [Times: user=0.50 sys=0.00, real=0.04 secs] 
2014-04-09T14:27:45.946+0900: 314.765: [GC (Allocation Failure) 314.765: [ParNew: 51256K->6527K(59008K), 0.0380200 secs] 12217397K->12203842K(25159296K), 0.0382430 secs] [Times: user=0.48 sys=0.00, real=0.04 secs] 
2014-04-09T14:27:46.010+0900: 314.829: [GC (Allocation Failure) 314.830: [ParNew: 59007K->6528K(59008K), 0.0421340 secs] 12256322K->12232481K(25159296K), 0.0423594 secs] [Times: user=0.52 sys=0.00, real=0.04 secs] 
2014-04-09T14:27:46.087+0900: 314.907: [GC (Allocation Failure) 314.907: [ParNew: 59007K->6528K(59008K), 0.0479298 secs] 12284960K->12265647K(25159296K), 0.0481459 secs] [Times: user=0.58 sys=0.01, real=0.05 secs] 
2014-04-09T14:27:46.187+0900: 315.006: [GC (Allocation Failure) 315.007: [ParNew: 59008K->6528K(59008K), 0.0458538 secs] 12318127K->12281763K(25159296K), 0.0460811 secs] [Times: user=0.55 sys=0.00, real=0.04 secs] 
2014-04-09T14:27:46.293+0900: 315.112: [GC (Allocation Failure) 315.113: [ParNew: 59008K->3651K(59008K), 0.0390814 secs] 12334243K->12282165K(25159296K), 0.0393055 secs] [Times: user=0.48 sys=0.01, real=0.04 secs] 
2014-04-09T14:27:46.404+0900: 315.223: [GC (Allocation Failure) 315.223: [ParNew: 52189K->1922K(59008K), 0.0423229 secs] 12330702K->12290675K(25159296K), 0.0425473 secs] [Times: user=0.54 sys=0.00, real=0.04 secs] 
2014-04-09T14:27:46.475+0900: 315.295: [GC (Allocation Failure) 315.295: [ParNew: 53014K->6528K(59008K), 0.0370631 secs] 12341767K->12311079K(25159296K), 0.0372916 secs] [Times: user=0.47 sys=0.00, real=0.03 secs] 
2014-04-09T14:27:46.553+0900: 315.373: [GC (Allocation Failure) 315.373: [ParNew: 59008K->6528K(59008K), 0.0416377 secs] 12363559K->12335976K(25159296K), 0.0418536 secs] [Times: user=0.52 sys=0.00, real=0.05 secs] 
2014-04-09T14:27:46.651+0900: 315.471: [GC (Allocation Failure) 315.471: [ParNew: 59008K->6528K(59008K), 0.0367742 secs] 12388456K->12354528K(25159296K), 0.0369949 secs] [Times: user=0.44 sys=0.01, real=0.04 secs] 
2014-04-09T14:27:46.752+0900: 315.572: [GC (Allocation Failure) 315.572: [ParNew: 59008K->4376K(59008K), 0.0336014 secs] 12407008K->12366600K(25159296K), 0.0338208 secs] [Times: user=0.41 sys=0.00, real=0.04 secs] 
2014-04-09T14:27:46.816+0900: 315.636: [GC (Allocation Failure) 315.636: [ParNew: 56319K->1136K(59008K), 0.0329049 secs] 12418542K->12373520K(25159296K), 0.0331196 secs] [Times: user=0.41 sys=0.00, real=0.03 secs] 
2014-04-09T14:27:46.901+0900: 315.721: [GC (Allocation Failure) 315.721: [ParNew: 53616K->6528K(59008K), 0.0394062 secs] 12426000K->12400802K(25159296K), 0.0396239 secs] [Times: user=0.48 sys=0.00, real=0.04 secs] 
2014-04-09T14:27:47.006+0900: 315.826: [GC (Allocation Failure) 315.826: [ParNew: 59008K->6528K(59008K), 0.0368163 secs] 12453282K->12420119K(25159296K), 0.0370318 secs] [Times: user=0.44 sys=0.00, real=0.03 secs] 
2014-04-09T14:27:47.075+0900: 315.895: [GC (Allocation Failure) 315.895: [ParNew: 58981K->6528K(59008K), 0.0371414 secs] 12472572K->12444465K(25159296K), 0.0373566 secs] [Times: user=0.45 sys=0.00, real=0.03 secs] 
2014-04-09T14:27:47.149+0900: 315.969: [GC (Allocation Failure) 315.969: [ParNew: 59008K->6528K(59008K), 0.0349410 secs] 12496945K->12473064K(25159296K), 0.0351549 secs] [Times: user=0.44 sys=0.00, real=0.04 secs] 
2014-04-09T14:27:47.233+0900: 316.052: [GC (Allocation Failure) 316.052: [ParNew: 59006K->6528K(59008K), 0.0411438 secs] 12525542K->12498148K(25159296K), 0.0413548 secs] [Times: user=0.50 sys=0.00, real=0.04 secs] 
2014-04-09T14:27:47.368+0900: 316.188: [GC (Allocation Failure) 316.188: [ParNew: 59008K->6528K(59008K), 0.0399258 secs] 12550628K->12503971K(25159296K), 0.0401393 secs] [Times: user=0.49 sys=0.00, real=0.04 secs] 
2014-04-09T14:27:47.562+0900: 316.382: [GC (Allocation Failure) 316.382: [ParNew: 58999K->3832K(59008K), 0.0413464 secs] 12556442K->12516083K(25159296K), 0.0415574 secs] [Times: user=0.51 sys=0.00, real=0.04 secs] 
2014-04-09T14:27:47.642+0900: 316.461: [GC (Allocation Failure) 316.462: [ParNew: 56312K->1909K(59008K), 0.0318478 secs] 12568563K->12534482K(25159296K), 0.0320589 secs] [Times: user=0.40 sys=0.00, real=0.03 secs] 
2014-04-09T14:27:47.762+0900: 316.582: [GC (Allocation Failure) 316.582: [ParNew: 54389K->6528K(59008K), 0.0380395 secs] 12586962K->12554525K(25159296K), 0.0382667 secs] [Times: user=0.44 sys=0.01, real=0.04 secs] 
2014-04-09T14:27:47.928+0900: 316.748: [GC (Allocation Failure) 316.748: [ParNew: 59008K->5005K(59008K), 0.0358644 secs] 12607005K->12566502K(25159296K), 0.0360932 secs] [Times: user=0.43 sys=0.01, real=0.04 secs] 
2014-04-09T14:27:48.022+0900: 316.841: [GC (Allocation Failure) 316.841: [ParNew: 57485K->6528K(59008K), 0.0332304 secs] 12618982K->12585262K(25159296K), 0.0334555 secs] [Times: user=0.41 sys=0.00, real=0.04 secs] 
2014-04-09T14:27:48.118+0900: 316.937: [GC (Allocation Failure) 316.937: [ParNew: 59008K->6528K(59008K), 0.0356097 secs] 12637742K->12592302K(25159296K), 0.0358477 secs] [Times: user=0.44 sys=0.01, real=0.03 secs] 
2014-04-09T14:27:48.187+0900: 317.007: [GC (Allocation Failure) 317.007: [ParNew: 59008K->395K(59008K), 0.0339526 secs] 12644782K->12591499K(25159296K), 0.0341764 secs] [Times: user=0.42 sys=0.00, real=0.03 secs] 
2014-04-09T14:27:48.253+0900: 317.073: [GC (Allocation Failure) 317.073: [ParNew: 52875K->1284K(59008K), 0.0304741 secs] 12643979K->12592388K(25159296K), 0.0307045 secs] [Times: user=0.38 sys=0.00, real=0.03 secs] 
2014-04-09T14:27:48.315+0900: 317.134: [GC (Allocation Failure) 317.135: [ParNew: 53764K->321K(59008K), 0.0294561 secs] 12644868K->12591425K(25159296K), 0.0296805 secs] [Times: user=0.37 sys=0.00, real=0.03 secs] 
2014-04-09T14:27:48.376+0900: 317.196: [GC (Allocation Failure) 317.196: [ParNew: 52801K->74K(59008K), 0.0299533 secs] 12643905K->12591179K(25159296K), 0.0301888 secs] [Times: user=0.38 sys=0.00, real=0.03 secs] 
2014-04-09T14:27:48.438+0900: 317.258: [GC (Allocation Failure) 317.258: [ParNew: 52554K->26K(59008K), 0.0304274 secs] 12643659K->12591130K(25159296K), 0.0306442 secs] [Times: user=0.38 sys=0.00, real=0.03 secs] 
2014-04-09T14:27:48.501+0900: 317.321: [GC (Allocation Failure) 317.321: [ParNew: 52506K->26K(59008K), 0.0312009 secs] 12643610K->12591130K(25159296K), 0.0314189 secs] [Times: user=0.40 sys=0.00, real=0.03 secs] 
2014-04-09T14:27:48.564+0900: 317.384: [GC (Allocation Failure) 317.384: [ParNew: 52506K->24K(59008K), 0.0314715 secs] 12643610K->12591128K(25159296K), 0.0316874 secs] [Times: user=0.40 sys=0.00, real=0.04 secs] 
2014-04-09T14:27:48.627+0900: 317.447: [GC (Allocation Failure) 317.447: [ParNew: 52504K->26K(59008K), 0.0300791 secs] 12643608K->12591130K(25159296K), 0.0303066 secs] [Times: user=0.39 sys=0.00, real=0.03 secs] 
2014-04-09T14:27:48.689+0900: 317.509: [GC (Allocation Failure) 317.509: [ParNew: 52506K->20K(59008K), 0.0314052 secs] 12643610K->12591127K(25159296K), 0.0316209 secs] [Times: user=0.40 sys=0.00, real=0.03 secs] 
2014-04-09T14:27:48.751+0900: 317.571: [GC (Allocation Failure) 317.571: [ParNew: 52500K->22K(59008K), 0.0294837 secs] 12643607K->12591129K(25159296K), 0.0297022 secs] [Times: user=0.37 sys=0.00, real=0.03 secs] 
2014-04-09T14:27:48.811+0900: 317.631: [GC (Allocation Failure) 317.631: [ParNew: 52502K->26K(59008K), 0.0319898 secs] 12643609K->12591133K(25159296K), 0.0322071 secs] [Times: user=0.40 sys=0.00, real=0.03 secs] 
2014-04-09T14:27:48.875+0900: 317.694: [GC (Allocation Failure) 317.694: [ParNew: 52506K->26K(59008K), 0.0304755 secs] 12643613K->12591133K(25159296K), 0.0306926 secs] [Times: user=0.39 sys=0.00, real=0.03 secs] 
2014-04-09T14:27:48.936+0900: 317.756: [GC (Allocation Failure) 317.756: [ParNew: 52506K->24K(59008K), 0.0291084 secs] 12643613K->12591131K(25159296K), 0.0293307 secs] [Times: user=0.37 sys=0.00, real=0.03 secs] 
2014-04-09T14:27:48.996+0900: 317.816: [GC (Allocation Failure) 317.816: [ParNew: 52504K->24K(59008K), 0.0314478 secs] 12643611K->12591131K(25159296K), 0.0316638 secs] [Times: user=0.39 sys=0.01, real=0.03 secs] 
2014-04-09T14:27:49.059+0900: 317.878: [GC (Allocation Failure) 317.878: [ParNew: 52504K->24K(59008K), 0.0305096 secs] 12643611K->12591131K(25159296K), 0.0307341 secs] [Times: user=0.38 sys=0.00, real=0.03 secs] 
2014-04-09T14:27:49.120+0900: 317.939: [GC (Allocation Failure) 317.940: [ParNew: 52504K->22K(59008K), 0.0285155 secs] 12643611K->12591130K(25159296K), 0.0287305 secs] [Times: user=0.36 sys=0.00, real=0.03 secs] 
2014-04-09T14:27:49.188+0900: 318.007: [GC (Allocation Failure) 318.007: [ParNew: 52502K->26K(59008K), 0.0304183 secs] 12643610K->12591134K(25159296K), 0.0306393 secs] [Times: user=0.39 sys=0.00, real=0.03 secs] 
2014-04-09T14:27:49.346+0900: 318.166: [CMS-concurrent-mark: 2.369/4.310 secs] [Times: user=37.18 sys=0.66, real=4.31 secs] 
2014-04-09T14:27:49.346+0900: 318.166: [CMS-concurrent-preclean-start]
2014-04-09T14:27:49.978+0900: 318.798: [CMS-concurrent-preclean: 0.575/0.632 secs] [Times: user=0.64 sys=0.00, real=0.63 secs] 
2014-04-09T14:27:49.978+0900: 318.798: [CMS-concurrent-abortable-preclean-start]
 CMS: abort preclean due to time 2014-04-09T14:27:55.009+0900: 323.828: [CMS-concurrent-abortable-preclean: 2.726/5.030 secs] [Times: user=2.74 sys=0.01, real=5.03 secs] 
2014-04-09T14:27:55.010+0900: 323.830: [GC (CMS Final Remark) [YG occupancy: 47115 K (59008 K)]323.830: [Rescan (parallel) , 0.0218480 secs]323.852: [weak refs processing, 0.0000689 secs]323.852: [class unloading, 0.0462388 secs]323.898: [scrub symbol table, 0.0048190 secs]323.903: [scrub string table, 0.0014136 secs][1 CMS-remark: 12591108K(25100288K)] 12638224K(25159296K), 0.0819241 secs] [Times: user=0.33 sys=0.00, real=0.08 secs] 
2014-04-09T14:27:55.093+0900: 323.912: [CMS-concurrent-sweep-start]
2014-04-09T14:27:56.430+0900: 325.250: [GC (Allocation Failure) 325.250: [ParNew: 52506K->146K(59008K), 0.0334465 secs] 12306831K->12254472K(25159296K), 0.0336671 secs] [Times: user=0.43 sys=0.00, real=0.03 secs] 
2014-04-09T14:27:56.496+0900: 325.316: [CMS-concurrent-sweep: 1.368/1.403 secs] [Times: user=1.97 sys=0.00, real=1.41 secs] 
2014-04-09T14:27:56.496+0900: 325.316: [CMS-concurrent-reset-start]
2014-04-09T14:27:56.505+0900: 325.325: [GC (Allocation Failure) 325.325: [ParNew: 52626K->181K(59008K), 0.0323744 secs] 9240796K->9188351K(25159296K), 0.0326292 secs] [Times: user=0.40 sys=0.00, real=0.04 secs] 
2014-04-09T14:27:56.581+0900: 325.401: [GC (Allocation Failure) 325.401: [ParNew: 52661K->198K(59008K), 0.0326605 secs] 9240831K->9188368K(25159296K), 0.0328887 secs] [Times: user=0.40 sys=0.00, real=0.03 secs] 
2014-04-09T14:27:56.655+0900: 325.475: [CMS-concurrent-reset: 0.089/0.159 secs] [Times: user=1.20 sys=0.01, real=0.15 secs] 
2014-04-09T14:27:56.657+0900: 325.477: [GC (Allocation Failure) 325.477: [ParNew: 52678K->171K(59008K), 0.0319071 secs] 9240848K->9188341K(25159296K), 0.0321312 secs] [Times: user=0.39 sys=0.01, real=0.03 secs] 
2014-04-09T14:27:56.728+0900: 325.548: [GC (Allocation Failure) 325.548: [ParNew: 52651K->197K(59008K), 0.0324309 secs] 9240821K->9188367K(25159296K), 0.0326614 secs] [Times: user=0.40 sys=0.00, real=0.03 secs] 
2014-04-09T14:27:56.763+0900: 325.582: [GC (CMS Initial Mark) [1 CMS-initial-mark: 9188170K(25100288K)] 9188643K(25159296K), 0.0016564 secs] [Times: user=0.00 sys=0.00, real=0.00 secs] 
2014-04-09T14:27:56.765+0900: 325.585: [CMS-concurrent-mark-start]
2014-04-09T14:27:56.809+0900: 325.629: [GC (Allocation Failure) 325.629: [ParNew: 52677K->177K(59008K), 0.0335116 secs] 9240847K->9188349K(25159296K), 0.0337387 secs] [Times: user=0.42 sys=0.00, real=0.03 secs] 
2014-04-09T14:27:56.883+0900: 325.702: [GC (Allocation Failure) 325.703: [ParNew: 52657K->80K(59008K), 0.0341432 secs] 9240829K->9188375K(25159296K), 0.0343715 secs] [Times: user=0.43 sys=0.00, real=0.04 secs] 
2014-04-09T14:27:56.958+0900: 325.778: [GC (Allocation Failure) 325.778: [ParNew: 52560K->33K(59008K), 0.0337755 secs] 9240855K->9188328K(25159296K), 0.0339830 secs] [Times: user=0.42 sys=0.01, real=0.03 secs] 
2014-04-09T14:27:57.030+0900: 325.850: [GC (Allocation Failure) 325.850: [ParNew: 52513K->30K(59008K), 0.0311644 secs] 9240808K->9188326K(25159296K), 0.0313775 secs] [Times: user=0.39 sys=0.00, real=0.03 secs] 
2014-04-09T14:27:57.100+0900: 325.919: [GC (Allocation Failure) 325.920: [ParNew: 52510K->30K(59008K), 0.0309242 secs] 9240806K->9188326K(25159296K), 0.0311221 secs] [Times: user=0.39 sys=0.00, real=0.03 secs] 
2014-04-09T14:27:57.169+0900: 325.989: [GC (Allocation Failure) 325.989: [ParNew: 52510K->32K(59008K), 0.0330323 secs] 9240806K->9188328K(25159296K), 0.0332425 secs] [Times: user=0.42 sys=0.00, real=0.03 secs] 
2014-04-09T14:27:57.240+0900: 326.060: [GC (Allocation Failure) 326.060: [ParNew: 52512K->30K(59008K), 0.0310421 secs] 9240808K->9188326K(25159296K), 0.0312386 secs] [Times: user=0.39 sys=0.01, real=0.03 secs] 
2014-04-09T14:27:57.316+0900: 326.136: [GC (Allocation Failure) 326.136: [ParNew: 52510K->40K(59008K), 0.0324937 secs] 9240806K->9188337K(25159296K), 0.0326923 secs] [Times: user=0.41 sys=0.01, real=0.03 secs] 
2014-04-09T14:27:57.386+0900: 326.206: [GC (Allocation Failure) 326.206: [ParNew: 52520K->30K(59008K), 0.0298839 secs] 9240817K->9188336K(25159296K), 0.0300808 secs] [Times: user=0.37 sys=0.01, real=0.03 secs] 
2014-04-09T14:27:57.456+0900: 326.276: [GC (Allocation Failure) 326.276: [ParNew: 52510K->30K(59008K), 0.0330274 secs] 9240816K->9188336K(25159296K), 0.0332227 secs] [Times: user=0.42 sys=0.00, real=0.03 secs] 
2014-04-09T14:27:57.535+0900: 326.354: [GC (Allocation Failure) 326.355: [ParNew: 52510K->36K(59008K), 0.0322262 secs] 9240816K->9188343K(25159296K), 0.0324212 secs] [Times: user=0.41 sys=0.00, real=0.04 secs] 
2014-04-09T14:27:57.614+0900: 326.433: [GC (Allocation Failure) 326.433: [ParNew: 52516K->45K(59008K), 0.0324141 secs] 9240823K->9188353K(25159296K), 0.0326112 secs] [Times: user=0.41 sys=0.00, real=0.04 secs] 
2014-04-09T14:27:57.690+0900: 326.510: [GC (Allocation Failure) 326.510: [ParNew: 52525K->42K(59008K), 0.0324194 secs] 9240833K->9188350K(25159296K), 0.0326180 secs] [Times: user=0.41 sys=0.00, real=0.03 secs] 
2014-04-09T14:27:57.763+0900: 326.582: [GC (Allocation Failure) 326.583: [ParNew: 52522K->34K(59008K), 0.0292637 secs] 9240830K->9188351K(25159296K), 0.0294604 secs] [Times: user=0.37 sys=0.00, real=0.03 secs] 
2014-04-09T14:27:57.831+0900: 326.651: [GC (Allocation Failure) 326.651: [ParNew: 52514K->36K(59008K), 0.0294111 secs] 9240831K->9188353K(25159296K), 0.0296143 secs] [Times: user=0.37 sys=0.00, real=0.03 secs] 
2014-04-09T14:27:57.903+0900: 326.722: [GC (Allocation Failure) 326.722: [ParNew: 52516K->36K(59008K), 0.0294811 secs] 9240833K->9188354K(25159296K), 0.0296743 secs] [Times: user=0.38 sys=0.00, real=0.03 secs] 
2014-04-09T14:27:57.974+0900: 326.794: [GC (Allocation Failure) 326.794: [ParNew: 52516K->30K(59008K), 0.0283472 secs] 9240834K->9188355K(25159296K), 0.0285377 secs] [Times: user=0.35 sys=0.01, real=0.03 secs] 
2014-04-09T14:27:58.042+0900: 326.862: [GC (Allocation Failure) 326.862: [ParNew: 52510K->24K(59008K), 0.0285824 secs] 9240835K->9188356K(25159296K), 0.0287744 secs] [Times: user=0.36 sys=0.00, real=0.03 secs] 
2014-04-09T14:27:58.111+0900: 326.930: [GC (Allocation Failure) 326.930: [ParNew: 52504K->22K(59008K), 0.0325059 secs] 9240836K->9188354K(25159296K), 0.0327021 secs] [Times: user=0.40 sys=0.01, real=0.03 secs] 
2014-04-09T14:27:58.183+0900: 327.003: [GC (Allocation Failure) 327.003: [ParNew: 52502K->24K(59008K), 0.0304806 secs] 9240834K->9188356K(25159296K), 0.0306693 secs] [Times: user=0.38 sys=0.00, real=0.03 secs] 
2014-04-09T14:27:58.255+0900: 327.075: [GC (Allocation Failure) 327.075: [ParNew: 52504K->72K(59008K), 0.0327594 secs] 9240836K->9188405K(25159296K), 0.0329584 secs] [Times: user=0.41 sys=0.01, real=0.04 secs] 
2014-04-09T14:27:58.330+0900: 327.150: [GC (Allocation Failure) 327.150: [ParNew: 52552K->699K(59008K), 0.0296811 secs] 9240885K->9197225K(25159296K), 0.0298668 secs] [Times: user=0.37 sys=0.00, real=0.03 secs] 
2014-04-09T14:27:58.399+0900: 327.218: [GC (Allocation Failure) 327.218: [ParNew: 53179K->634K(59008K), 0.0289546 secs] 9249705K->9207321K(25159296K), 0.0291431 secs] [Times: user=0.36 sys=0.00, real=0.03 secs] 
2014-04-09T14:27:58.445+0900: 327.265: [GC (Allocation Failure) 327.265: [ParNew: 46931K->6526K(59008K), 0.0300308 secs] 9253618K->9217727K(25159296K), 0.0302229 secs] [Times: user=0.37 sys=0.00, real=0.04 secs] 
2014-04-09T14:27:58.505+0900: 327.324: [GC (Allocation Failure) 327.325: [ParNew: 59006K->3620K(59008K), 0.0308266 secs] 9270207K->9235721K(25159296K), 0.0310187 secs] [Times: user=0.39 sys=0.00, real=0.04 secs] 
2014-04-09T14:27:58.576+0900: 327.396: [GC (Allocation Failure) 327.396: [ParNew: 56100K->6527K(59008K), 0.0365248 secs] 9288201K->9244220K(25159296K), 0.0367092 secs] [Times: user=0.45 sys=0.00, real=0.03 secs] 
2014-04-09T14:27:58.658+0900: 327.477: [GC (Allocation Failure) 327.478: [ParNew: 59007K->6528K(59008K), 0.0484880 secs] 9296700K->9257839K(25159296K), 0.0486830 secs] [Times: user=0.51 sys=0.01, real=0.05 secs] 
2014-04-09T14:27:58.746+0900: 327.565: [GC (Allocation Failure) 327.566: [ParNew: 59008K->3376K(59008K), 0.0354989 secs] 9310319K->9274358K(25159296K), 0.0356902 secs] [Times: user=0.44 sys=0.01, real=0.03 secs] 
2014-04-09T14:27:58.817+0900: 327.637: [GC (Allocation Failure) 327.637: [ParNew: 51110K->6528K(59008K), 0.0349025 secs] 9322092K->9309657K(25159296K), 0.0350858 secs] [Times: user=0.44 sys=0.00, real=0.03 secs] 
2014-04-09T14:27:58.874+0900: 327.693: [GC (Allocation Failure) 327.693: [ParNew: 51532K->703K(59008K), 0.0386017 secs] 9354661K->9324032K(25159296K), 0.0387969 secs] [Times: user=0.48 sys=0.00, real=0.04 secs] 
2014-04-09T14:27:58.932+0900: 327.751: [GC (Allocation Failure) 327.751: [ParNew: 46479K->6527K(59008K), 0.0328295 secs] 9369808K->9353742K(25159296K), 0.0330125 secs] [Times: user=0.41 sys=0.00, real=0.03 secs] 
2014-04-09T14:27:58.979+0900: 327.799: [GC (Allocation Failure) 327.799: [ParNew: 49487K->5809K(59008K), 0.0407903 secs] 9396702K->9377454K(25159296K), 0.0409797 secs] [Times: user=0.51 sys=0.00, real=0.04 secs] 
2014-04-09T14:27:59.041+0900: 327.861: [GC (Allocation Failure) 327.861: [ParNew: 58289K->6528K(59008K), 0.0419181 secs] 9429934K->9413103K(25159296K), 0.0420996 secs] [Times: user=0.51 sys=0.01, real=0.04 secs] 
2014-04-09T14:27:59.101+0900: 327.921: [GC (Allocation Failure) 327.921: [ParNew: 59008K->6528K(59008K), 0.0388892 secs] 9465583K->9436986K(25159296K), 0.0390836 secs] [Times: user=0.46 sys=0.01, real=0.04 secs] 
2014-04-09T14:27:59.166+0900: 327.986: [GC (Allocation Failure) 327.986: [ParNew: 59008K->6528K(59008K), 0.0444101 secs] 9489466K->9463423K(25159296K), 0.0445910 secs] [Times: user=0.51 sys=0.02, real=0.04 secs] 
2014-04-09T14:27:59.223+0900: 328.043: [CMS-concurrent-mark: 1.233/2.458 secs] [Times: user=23.14 sys=0.27, real=2.46 secs] 
2014-04-09T14:27:59.223+0900: 328.043: [CMS-concurrent-preclean-start]
2014-04-09T14:27:59.243+0900: 328.062: [GC (Allocation Failure) 328.062: [ParNew: 59008K->6528K(59008K), 0.0423614 secs] 9515903K->9476549K(25159296K), 0.0425400 secs] [Times: user=0.51 sys=0.00, real=0.04 secs] 
2014-04-09T14:27:59.320+0900: 328.140: [GC (Allocation Failure) 328.140: [ParNew: 58468K->6528K(59008K), 0.0396195 secs] 9528490K->9488550K(25159296K), 0.0398088 secs] [Times: user=0.47 sys=0.01, real=0.04 secs] 
2014-04-09T14:27:59.400+0900: 328.220: [GC (Allocation Failure) 328.220: [ParNew: 55886K->5325K(59008K), 0.0328055 secs] 9537908K->9509310K(25159296K), 0.0329949 secs] [Times: user=0.41 sys=0.00, real=0.03 secs] 
2014-04-09T14:27:59.456+0900: 328.276: [GC (Allocation Failure) 328.276: [ParNew: 57801K->6528K(59008K), 0.0393360 secs] 9561786K->9540034K(25159296K), 0.0395401 secs] [Times: user=0.49 sys=0.00, real=0.04 secs] 
2014-04-09T14:27:59.517+0900: 328.337: [GC (Allocation Failure) 328.337: [ParNew: 50071K->939K(59008K), 0.0313337 secs] 9583578K->9565291K(25159296K), 0.0315231 secs] [Times: user=0.38 sys=0.00, real=0.03 secs] 
2014-04-09T14:27:59.567+0900: 328.387: [GC (Allocation Failure) 328.387: [ParNew: 53417K->6528K(59008K), 0.0395856 secs] 9617770K->9598486K(25159296K), 0.0397675 secs] [Times: user=0.50 sys=0.00, real=0.04 secs] 
2014-04-09T14:27:59.621+0900: 328.441: [GC (Allocation Failure) 328.441: [ParNew: 59008K->6528K(59008K), 0.0385915 secs] 9650966K->9625727K(25159296K), 0.0387718 secs] [Times: user=0.47 sys=0.00, real=0.04 secs] 
2014-04-09T14:27:59.677+0900: 328.496: [GC (Allocation Failure) 328.497: [ParNew: 59006K->6528K(59008K), 0.0384908 secs] 9678205K->9661811K(25159296K), 0.0386807 secs] [Times: user=0.48 sys=0.00, real=0.04 secs] 
2014-04-09T14:27:59.744+0900: 328.564: [GC (Allocation Failure) 328.564: [ParNew: 59008K->6528K(59008K), 0.0434528 secs] 9714291K->9683858K(25159296K), 0.0436327 secs] [Times: user=0.51 sys=0.00, real=0.05 secs] 
2014-04-09T14:27:59.822+0900: 328.642: [GC (Allocation Failure) 328.642: [ParNew: 59008K->6528K(59008K), 0.0449023 secs] 9736338K->9706052K(25159296K), 0.0450842 secs] [Times: user=0.53 sys=0.00, real=0.05 secs] 
2014-04-09T14:27:59.910+0900: 328.729: [GC (Allocation Failure) 328.730: [ParNew: 59008K->6528K(59008K), 0.0385026 secs] 9758532K->9711824K(25159296K), 0.0386808 secs] [Times: user=0.47 sys=0.00, real=0.04 secs] 
2014-04-09T14:28:00.003+0900: 328.822: [CMS-concurrent-preclean: 0.306/0.780 secs] [Times: user=6.57 sys=0.10, real=0.78 secs] 
2014-04-09T14:28:00.004+0900: 328.823: [GC (Allocation Failure) 328.823: [ParNew: 59008K->2267K(59008K), 0.0393735 secs] 9764304K->9728367K(25159296K), 0.0395374 secs] [Times: user=0.48 sys=0.00, real=0.04 secs] 
2014-04-09T14:28:00.046+0900: 328.866: [GC (CMS Final Remark) [YG occupancy: 22815 K (59008 K)]328.866: [Rescan (parallel) , 0.0185530 secs]328.884: [weak refs processing, 0.0000511 secs]328.885: [class unloading, 0.0361392 secs]328.921: [scrub symbol table, 0.0039781 secs]328.925: [scrub string table, 0.0011833 secs][1 CMS-remark: 9726099K(25100288K)] 9748915K(25159296K), 0.0655148 secs] [Times: user=0.27 sys=0.00, real=0.07 secs] 
2014-04-09T14:28:00.113+0900: 328.932: [CMS-concurrent-sweep-start]
2014-04-09T14:28:00.127+0900: 328.947: [GC (Allocation Failure) 328.947: [ParNew: 49548K->6517K(59008K), 0.0363194 secs] 9773723K->9752177K(25159296K), 0.0364978 secs] [Times: user=0.46 sys=0.01, real=0.03 secs] 
2014-04-09T14:28:00.177+0900: 328.997: [GC (Allocation Failure) 328.997: [ParNew: 51886K->6043K(59008K), 0.0320993 secs] 9790440K->9765379K(25159296K), 0.0322946 secs] [Times: user=0.39 sys=0.00, real=0.03 secs] 
2014-04-09T14:28:00.228+0900: 329.047: [GC (Allocation Failure) 329.048: [ParNew: 57607K->6526K(59008K), 0.0341272 secs] 9808319K->9778719K(25159296K), 0.0343283 secs] [Times: user=0.43 sys=0.00, real=0.03 secs] 
2014-04-09T14:28:00.294+0900: 329.114: [GC (Allocation Failure) 329.114: [ParNew: 57493K->6528K(59008K), 0.0477929 secs] 9813232K->9793245K(25159296K), 0.0479950 secs] [Times: user=0.59 sys=0.00, real=0.05 secs] 
2014-04-09T14:28:00.368+0900: 329.188: [GC (Allocation Failure) 329.188: [ParNew: 59008K->6528K(59008K), 0.0468001 secs] 9831870K->9817148K(25159296K), 0.0470005 secs] [Times: user=0.57 sys=0.00, real=0.04 secs] 
2014-04-09T14:28:00.434+0900: 329.253: [GC (Allocation Failure) 329.253: [ParNew: 53188K->6528K(59008K), 0.0349048 secs] 9857521K->9825591K(25159296K), 0.0351035 secs] [Times: user=0.40 sys=0.00, real=0.04 secs] 
2014-04-09T14:28:00.494+0900: 329.314: [GC (Allocation Failure) 329.314: [ParNew: 59008K->6528K(59008K), 0.0423772 secs] 9864589K->9839964K(25159296K), 0.0425756 secs] [Times: user=0.52 sys=0.01, real=0.05 secs] 
2014-04-09T14:28:00.590+0900: 329.410: [GC (Allocation Failure) 329.410: [ParNew: 58441K->6528K(59008K), 0.0464703 secs] 9856013K->9814378K(25159296K), 0.0466709 secs] [Times: user=0.57 sys=0.00, real=0.05 secs] 
2014-04-09T14:28:00.689+0900: 329.508: [GC (Allocation Failure) 329.508: [ParNew: 59008K->6528K(59008K), 0.0447289 secs] 9825321K->9799970K(25159296K), 0.0449283 secs] [Times: user=0.53 sys=0.01, real=0.04 secs] 
2014-04-09T14:28:00.766+0900: 329.585: [GC (Allocation Failure) 329.585: [ParNew: 59008K->6528K(59008K), 0.0415624 secs] 9828485K->9800901K(25159296K), 0.0417710 secs] [Times: user=0.52 sys=0.00, real=0.05 secs] 
2014-04-09T14:28:00.841+0900: 329.660: [GC (Allocation Failure) 329.660: [ParNew: 59008K->6528K(59008K), 0.0459834 secs] 9832165K->9799987K(25159296K), 0.0461852 secs] [Times: user=0.57 sys=0.01, real=0.05 secs] 
2014-04-09T14:28:00.931+0900: 329.750: [GC (Allocation Failure) 329.750: [ParNew: 59006K->6528K(59008K), 0.0467678 secs] 9819454K->9793667K(25159296K), 0.0469685 secs] [Times: user=0.59 sys=0.00, real=0.05 secs] 
2014-04-09T14:28:01.033+0900: 329.853: [GC (Allocation Failure) 329.853: [ParNew: 54299K->6528K(59008K), 0.0426386 secs] 9805356K->9783293K(25159296K), 0.0428402 secs] [Times: user=0.52 sys=0.01, real=0.04 secs] 
2014-04-09T14:28:01.101+0900: 329.921: [GC (Allocation Failure) 329.921: [ParNew: 56383K->6528K(59008K), 0.0372703 secs] 9822732K->9793082K(25159296K), 0.0374703 secs] [Times: user=0.46 sys=0.00, real=0.04 secs] 
2014-04-09T14:28:01.183+0900: 330.003: [GC (Allocation Failure) 330.003: [ParNew: 59006K->6528K(59008K), 0.0479263 secs] 9809131K->9784427K(25159296K), 0.0481254 secs] [Times: user=0.58 sys=0.01, real=0.05 secs] 
2014-04-09T14:28:01.288+0900: 330.108: [GC (Allocation Failure) 330.108: [ParNew: 51938K->6528K(59008K), 0.0371467 secs] 9779954K->9752000K(25159296K), 0.0373501 secs] [Times: user=0.41 sys=0.01, real=0.03 secs] 
2014-04-09T14:28:01.362+0900: 330.182: [GC (Allocation Failure) 330.182: [ParNew: 59008K->6528K(59008K), 0.0468061 secs] 9779193K->9746987K(25159296K), 0.0470135 secs] [Times: user=0.57 sys=0.00, real=0.05 secs] 
2014-04-09T14:28:01.442+0900: 330.262: [GC (Allocation Failure) 330.262: [ParNew: 59008K->4879K(59008K), 0.0347520 secs] 9773100K->9739293K(25159296K), 0.0349623 secs] [Times: user=0.43 sys=0.01, real=0.04 secs] 
2014-04-09T14:28:01.537+0900: 330.356: [GC (Allocation Failure) 330.356: [ParNew: 54168K->6528K(59008K), 0.0461802 secs] 9730410K->9704827K(25159296K), 0.0463808 secs] [Times: user=0.56 sys=0.00, real=0.04 secs] 
2014-04-09T14:28:01.619+0900: 330.439: [GC (Allocation Failure) 330.439: [ParNew: 58979K->6528K(59008K), 0.0405372 secs] 9730972K->9708439K(25159296K), 0.0407376 secs] [Times: user=0.49 sys=0.00, real=0.04 secs] 
2014-04-09T14:28:01.696+0900: 330.515: [GC (Allocation Failure) 330.515: [ParNew: 59008K->6528K(59008K), 0.0438435 secs] 9735182K->9706086K(25159296K), 0.0440484 secs] [Times: user=0.54 sys=0.01, real=0.05 secs] 
2014-04-09T14:28:01.799+0900: 330.619: [GC (Allocation Failure) 330.619: [ParNew: 59008K->6528K(59008K), 0.0449516 secs] 9717081K->9685663K(25159296K), 0.0451563 secs] [Times: user=0.54 sys=0.01, real=0.04 secs] 
2014-04-09T14:28:01.888+0900: 330.708: [GC (Allocation Failure) 330.708: [ParNew: 59008K->6528K(59008K), 0.0447319 secs] 9703369K->9668621K(25159296K), 0.0449362 secs] [Times: user=0.55 sys=0.01, real=0.04 secs] 
2014-04-09T14:28:01.961+0900: 330.780: [GC (Allocation Failure) 330.781: [ParNew: 59008K->3904K(59008K), 0.0352018 secs] 9695546K->9662681K(25159296K), 0.0354049 secs] [Times: user=0.43 sys=0.01, real=0.03 secs] 
2014-04-09T14:28:02.054+0900: 330.873: [GC (Allocation Failure) 330.873: [ParNew: 56384K->6528K(59008K), 0.0448878 secs] 9668001K->9638202K(25159296K), 0.0450916 secs] [Times: user=0.55 sys=0.00, real=0.05 secs] 
2014-04-09T14:28:02.144+0900: 330.964: [GC (Allocation Failure) 330.964: [ParNew: 58982K->6528K(59008K), 0.0418573 secs] 9664467K->9631974K(25159296K), 0.0420577 secs] [Times: user=0.51 sys=0.00, real=0.05 secs] 
2014-04-09T14:28:02.214+0900: 331.033: [GC (Allocation Failure) 331.034: [ParNew: 59008K->1567K(59008K), 0.0410860 secs] 9669123K->9635318K(25159296K), 0.0412870 secs] [Times: user=0.50 sys=0.00, real=0.04 secs] 
2014-04-09T14:28:02.315+0900: 331.135: [GC (Allocation Failure) 331.135: [ParNew: 54047K->6527K(59008K), 0.0476521 secs] 9634282K->9606009K(25159296K), 0.0478559 secs] [Times: user=0.57 sys=0.00, real=0.05 secs] 
2014-04-09T14:28:02.404+0900: 331.224: [GC (Allocation Failure) 331.224: [ParNew: 59007K->6528K(59008K), 0.0404752 secs] 9627952K->9596270K(25159296K), 0.0406767 secs] [Times: user=0.49 sys=0.00, real=0.04 secs] 
2014-04-09T14:28:02.476+0900: 331.296: [GC (Allocation Failure) 331.296: [ParNew: 59008K->4246K(59008K), 0.0376252 secs] 9620180K->9587683K(25159296K), 0.0378347 secs] [Times: user=0.46 sys=0.00, real=0.04 secs] 
2014-04-09T14:28:02.569+0900: 331.389: [GC (Allocation Failure) 331.389: [ParNew: 56726K->6528K(59008K), 0.0434091 secs] 9592716K->9560215K(25159296K), 0.0436106 secs] [Times: user=0.52 sys=0.01, real=0.04 secs] 
2014-04-09T14:28:02.669+0900: 331.488: [GC (Allocation Failure) 331.488: [ParNew: 59008K->6528K(59008K), 0.0439298 secs] 9568989K->9536225K(25159296K), 0.0441287 secs] [Times: user=0.53 sys=0.00, real=0.04 secs] 
2014-04-09T14:28:02.736+0900: 331.556: [GC (Allocation Failure) 331.556: [ParNew: 50615K->3157K(59008K), 0.0358580 secs] 9570617K->9537654K(25159296K), 0.0360566 secs] [Times: user=0.44 sys=0.00, real=0.04 secs] 
2014-04-09T14:28:02.806+0900: 331.625: [GC (Allocation Failure) 331.626: [ParNew: 49079K->6404K(59008K), 0.0336145 secs] 9557747K->9535393K(25159296K), 0.0338190 secs] [Times: user=0.41 sys=0.01, real=0.04 secs] 
2014-04-09T14:28:02.885+0900: 331.704: [GC (Allocation Failure) 331.704: [ParNew: 58884K->6528K(59008K), 0.0449792 secs] 9547090K->9526312K(25159296K), 0.0451804 secs] [Times: user=0.54 sys=0.00, real=0.05 secs] 
2014-04-09T14:28:02.980+0900: 331.800: [GC (Allocation Failure) 331.800: [ParNew: 59008K->6528K(59008K), 0.0470892 secs] 9522960K->9496306K(25159296K), 0.0472913 secs] [Times: user=0.53 sys=0.01, real=0.05 secs] 
2014-04-09T14:28:03.059+0900: 331.879: [GC (Allocation Failure) 331.879: [ParNew: 59008K->6528K(59008K), 0.0427717 secs] 9520879K->9496926K(25159296K), 0.0429783 secs] [Times: user=0.51 sys=0.01, real=0.04 secs] 
2014-04-09T14:28:03.123+0900: 331.943: [GC (Allocation Failure) 331.943: [ParNew: 58629K->6035K(59008K), 0.0370363 secs] 9525568K->9483136K(25159296K), 0.0372368 secs] [Times: user=0.47 sys=0.00, real=0.04 secs] 
2014-04-09T14:28:03.194+0900: 332.013: [GC (Allocation Failure) 332.013: [ParNew: 57665K->6528K(59008K), 0.0407981 secs] 9495194K->9465860K(25159296K), 0.0409984 secs] [Times: user=0.50 sys=0.00, real=0.04 secs] 
2014-04-09T14:28:03.282+0900: 332.102: [GC (Allocation Failure) 332.102: [ParNew: 59008K->6528K(59008K), 0.0476136 secs] 9464778K->9444296K(25159296K), 0.0478134 secs] [Times: user=0.57 sys=0.01, real=0.05 secs] 
2014-04-09T14:28:03.354+0900: 332.174: [GC (Allocation Failure) 332.174: [ParNew: 59008K->6528K(59008K), 0.0426571 secs] 9478879K->9456340K(25159296K), 0.0428679 secs] [Times: user=0.53 sys=0.01, real=0.05 secs] 
2014-04-09T14:28:03.427+0900: 332.247: [GC (Allocation Failure) 332.247: [ParNew: 59006K->2641K(59008K), 0.0406199 secs] 9482254K->9457573K(25159296K), 0.0408242 secs] [Times: user=0.50 sys=0.01, real=0.04 secs] 
2014-04-09T14:28:03.494+0900: 332.314: [GC (Allocation Failure) 332.314: [ParNew: 51652K->6526K(59008K), 0.0360605 secs] 9487076K->9452308K(25159296K), 0.0362612 secs] [Times: user=0.45 sys=0.01, real=0.04 secs] 
2014-04-09T14:28:03.556+0900: 332.376: [GC (Allocation Failure) 332.376: [ParNew: 59006K->6528K(59008K), 0.0477110 secs] 9484219K->9469463K(25159296K), 0.0479101 secs] [Times: user=0.58 sys=0.00, real=0.04 secs] 
2014-04-09T14:28:03.644+0900: 332.463: [GC (Allocation Failure) 332.463: [ParNew: 59008K->6528K(59008K), 0.0495648 secs] 9492187K->9471649K(25159296K), 0.0497654 secs] [Times: user=0.60 sys=0.00, real=0.05 secs] 
2014-04-09T14:28:03.723+0900: 332.542: [GC (Allocation Failure) 332.542: [ParNew: 59008K->6528K(59008K), 0.0435159 secs] 9497989K->9468818K(25159296K), 0.0437166 secs] [Times: user=0.53 sys=0.00, real=0.04 secs] 
2014-04-09T14:28:03.792+0900: 332.611: [GC (Allocation Failure) 332.611: [ParNew: 59008K->6528K(59008K), 0.0426361 secs] 9503864K->9477205K(25159296K), 0.0428400 secs] [Times: user=0.52 sys=0.00, real=0.04 secs] 
2014-04-09T14:28:03.875+0900: 332.694: [GC (Allocation Failure) 332.694: [ParNew: 59008K->6528K(59008K), 0.0436404 secs] 9491522K->9449934K(25159296K), 0.0438439 secs] [Times: user=0.53 sys=0.01, real=0.05 secs] 
2014-04-09T14:28:03.963+0900: 332.783: [GC (Allocation Failure) 332.783: [ParNew: 59008K->6528K(59008K), 0.0369833 secs] 9457208K->9424557K(25159296K), 0.0371831 secs] [Times: user=0.44 sys=0.00, real=0.04 secs] 
2014-04-09T14:28:04.036+0900: 332.856: [GC (Allocation Failure) 332.856: [ParNew: 59008K->6528K(59008K), 0.0406379 secs] 9444380K->9428596K(25159296K), 0.0408376 secs] [Times: user=0.50 sys=0.00, real=0.05 secs] 
2014-04-09T14:28:04.099+0900: 332.918: [GC (Allocation Failure) 332.918: [ParNew: 57138K->3921K(59008K), 0.0346665 secs] 9468687K->9435871K(25159296K), 0.0348692 secs] [Times: user=0.43 sys=0.01, real=0.03 secs] 
2014-04-09T14:28:04.158+0900: 332.977: [GC (Allocation Failure) 332.977: [ParNew: 56401K->6528K(59008K), 0.0386594 secs] 9476508K->9457791K(25159296K), 0.0388666 secs] [Times: user=0.48 sys=0.00, real=0.04 secs] 
2014-04-09T14:28:04.217+0900: 333.037: [GC (Allocation Failure) 333.037: [ParNew: 49179K->6528K(59008K), 0.0376812 secs] 9492732K->9466869K(25159296K), 0.0378816 secs] [Times: user=0.45 sys=0.01, real=0.03 secs] 
2014-04-09T14:28:04.286+0900: 333.105: [GC (Allocation Failure) 333.105: [ParNew: 57593K->6528K(59008K), 0.0421249 secs] 9499389K->9483692K(25159296K), 0.0423246 secs] [Times: user=0.51 sys=0.01, real=0.05 secs] 
2014-04-09T14:28:04.354+0900: 333.173: [GC (Allocation Failure) 333.173: [ParNew: 59008K->6528K(59008K), 0.0434884 secs] 9518091K->9492350K(25159296K), 0.0436929 secs] [Times: user=0.53 sys=0.00, real=0.05 secs] 
2014-04-09T14:28:04.427+0900: 333.246: [GC (Allocation Failure) 333.246: [ParNew: 59008K->6528K(59008K), 0.0468737 secs] 9520295K->9494610K(25159296K), 0.0470752 secs] [Times: user=0.58 sys=0.00, real=0.04 secs] 
2014-04-09T14:28:04.511+0900: 333.331: [GC (Allocation Failure) 333.331: [ParNew: 59008K->6528K(59008K), 0.0445336 secs] 9519774K->9484549K(25159296K), 0.0447339 secs] [Times: user=0.54 sys=0.00, real=0.04 secs] 
2014-04-09T14:28:04.595+0900: 333.415: [GC (Allocation Failure) 333.415: [ParNew: 51293K->6528K(59008K), 0.0445214 secs] 9494455K->9460498K(25159296K), 0.0447251 secs] [Times: user=0.54 sys=0.00, real=0.05 secs] 
2014-04-09T14:28:04.687+0900: 333.506: [GC (Allocation Failure) 333.506: [ParNew: 59008K->5096K(59008K), 0.0369090 secs] 9474835K->9431809K(25159296K), 0.0371117 secs] [Times: user=0.45 sys=0.01, real=0.03 secs] 
2014-04-09T14:28:04.757+0900: 333.576: [GC (Allocation Failure) 333.576: [ParNew: 57576K->6528K(59008K), 0.0406407 secs] 9459245K->9432918K(25159296K), 0.0408545 secs] [Times: user=0.50 sys=0.00, real=0.04 secs] 
2014-04-09T14:28:04.835+0900: 333.655: [GC (Allocation Failure) 333.655: [ParNew: 59008K->4555K(59008K), 0.0409713 secs] 9440634K->9418998K(25159296K), 0.0411748 secs] [Times: user=0.51 sys=0.01, real=0.05 secs] 
2014-04-09T14:28:04.900+0900: 333.720: [GC (Allocation Failure) 333.720: [ParNew: 50718K->749K(59008K), 0.0415973 secs] 9411896K->9384374K(25159296K), 0.0417993 secs] [Times: user=0.52 sys=0.01, real=0.04 secs] 
2014-04-09T14:28:04.976+0900: 333.796: [GC (Allocation Failure) 333.796: [ParNew: 53228K->6527K(59008K), 0.0409811 secs] 9364384K->9338211K(25159296K), 0.0411953 secs] [Times: user=0.51 sys=0.00, real=0.05 secs] 
2014-04-09T14:28:05.122+0900: 333.942: [GC (Allocation Failure) 333.942: [ParNew: 59007K->6528K(59008K), 0.0488792 secs] 9162467K->9125358K(25159296K), 0.0491018 secs] [Times: user=0.57 sys=0.01, real=0.05 secs] 
2014-04-09T14:28:05.233+0900: 334.053: [CMS-concurrent-sweep: 2.327/5.121 secs] [Times: user=40.96 sys=0.72, real=5.12 secs] 
2014-04-09T14:28:05.234+0900: 334.053: [CMS-concurrent-reset-start]
2014-04-09T14:28:05.285+0900: 334.104: [GC (Allocation Failure) 334.104: [ParNew: 58999K->6528K(59008K), 0.0393584 secs] 8640779K->8605132K(25159296K), 0.0395544 secs] [Times: user=0.48 sys=0.00, real=0.04 secs] 
2014-04-09T14:28:05.352+0900: 334.171: [CMS-concurrent-reset: 0.077/0.118 secs] [Times: user=0.64 sys=0.03, real=0.12 secs] 
2014-04-09T14:28:05.370+0900: 334.190: [GC (Allocation Failure) 334.190: [ParNew: 59008K->6528K(59008K), 0.0392776 secs] 8657612K->8625581K(25159296K), 0.0394721 secs] [Times: user=0.49 sys=0.00, real=0.04 secs] 
2014-04-09T14:28:05.411+0900: 334.231: [GC (CMS Initial Mark) [1 CMS-initial-mark: 8619053K(25100288K)] 8625675K(25159296K), 0.0018213 secs] [Times: user=0.01 sys=0.00, real=0.00 secs] 
2014-04-09T14:28:05.413+0900: 334.233: [CMS-concurrent-mark-start]
2014-04-09T14:28:05.510+0900: 334.330: [GC (Allocation Failure) 334.330: [ParNew: 59008K->6528K(59008K), 0.0419947 secs] 8678061K->8641204K(25159296K), 0.0421895 secs] [Times: user=0.49 sys=0.01, real=0.04 secs] 
2014-04-09T14:28:05.632+0900: 334.452: [GC (Allocation Failure) 334.452: [ParNew: 59006K->6528K(59008K), 0.0450251 secs] 8693683K->8675578K(25159296K), 0.0452289 secs] [Times: user=0.55 sys=0.00, real=0.05 secs] 
2014-04-09T14:28:05.768+0900: 334.587: [GC (Allocation Failure) 334.587: [ParNew: 53741K->6528K(59008K), 0.0417701 secs] 8722791K->8697825K(25159296K), 0.0419702 secs] [Times: user=0.51 sys=0.01, real=0.04 secs] 
2014-04-09T14:28:05.836+0900: 334.655: [GC (Allocation Failure) 334.655: [ParNew: 58123K->6528K(59008K), 0.0404589 secs] 8749420K->8720241K(25159296K), 0.0406647 secs] [Times: user=0.50 sys=0.00, real=0.05 secs] 
2014-04-09T14:28:05.898+0900: 334.717: [GC (Allocation Failure) 334.717: [ParNew: 59008K->6528K(59008K), 0.0453007 secs] 8772721K->8761652K(25159296K), 0.0455020 secs] [Times: user=0.56 sys=0.00, real=0.04 secs] 
2014-04-09T14:28:05.985+0900: 334.804: [GC (Allocation Failure) 334.804: [ParNew: 58959K->6528K(59008K), 0.0453836 secs] 8814084K->8779220K(25159296K), 0.0455816 secs] [Times: user=0.55 sys=0.00, real=0.05 secs] 
2014-04-09T14:28:06.071+0900: 334.891: [GC (Allocation Failure) 334.891: [ParNew: 53717K->6528K(59008K), 0.0413461 secs] 8826410K->8799281K(25159296K), 0.0415584 secs] [Times: user=0.47 sys=0.00, real=0.04 secs] 
2014-04-09T14:28:06.149+0900: 334.968: [GC (Allocation Failure) 334.969: [ParNew: 59008K->5965K(59008K), 0.0411299 secs] 8851761K->8811380K(25159296K), 0.0413315 secs] [Times: user=0.52 sys=0.00, real=0.04 secs] 
2014-04-09T14:28:06.223+0900: 335.043: [GC (Allocation Failure) 335.043: [ParNew: 58445K->6528K(59008K), 0.0387713 secs] 8863860K->8829893K(25159296K), 0.0389708 secs] [Times: user=0.46 sys=0.00, real=0.04 secs] 
2014-04-09T14:28:06.288+0900: 335.107: [GC (Allocation Failure) 335.107: [ParNew: 58181K->6048K(59008K), 0.0334147 secs] 8881546K->8854143K(25159296K), 0.0336194 secs] [Times: user=0.41 sys=0.00, real=0.03 secs] 
2014-04-09T14:28:06.363+0900: 335.183: [GC (Allocation Failure) 335.183: [ParNew: 57230K->6528K(59008K), 0.0443503 secs] 8905325K->8880690K(25159296K), 0.0445565 secs] [Times: user=0.54 sys=0.00, real=0.05 secs] 
2014-04-09T14:28:06.432+0900: 335.251: [GC (Allocation Failure) 335.251: [ParNew: 55988K->6528K(59008K), 0.0428921 secs] 8930150K->8913555K(25159296K), 0.0430933 secs] [Times: user=0.52 sys=0.01, real=0.04 secs] 
2014-04-09T14:28:06.499+0900: 335.319: [GC (Allocation Failure) 335.319: [ParNew: 58978K->6528K(59008K), 0.0352516 secs] 8966006K->8937036K(25159296K), 0.0354523 secs] [Times: user=0.43 sys=0.00, real=0.03 secs] 
2014-04-09T14:28:06.569+0900: 335.389: [GC (Allocation Failure) 335.389: [ParNew: 59008K->5713K(59008K), 0.0399434 secs] 8989516K->8958990K(25159296K), 0.0401447 secs] [Times: user=0.49 sys=0.01, real=0.04 secs] 
2014-04-09T14:28:06.681+0900: 335.501: [GC (Allocation Failure) 335.501: [ParNew: 57575K->6528K(59008K), 0.0431435 secs] 9010852K->8979208K(25159296K), 0.0433155 secs] [Times: user=0.52 sys=0.00, real=0.04 secs] 
2014-04-09T14:28:06.760+0900: 335.579: [GC (Allocation Failure) 335.579: [ParNew: 59008K->6528K(59008K), 0.0475710 secs] 9031688K->9001096K(25159296K), 0.0477598 secs] [Times: user=0.57 sys=0.01, real=0.05 secs] 
2014-04-09T14:28:06.837+0900: 335.657: [GC (Allocation Failure) 335.657: [ParNew: 59008K->6164K(59008K), 0.0416098 secs] 9053576K->9023455K(25159296K), 0.0418130 secs] [Times: user=0.51 sys=0.01, real=0.04 secs] 
2014-04-09T14:28:06.935+0900: 335.755: [GC (Allocation Failure) 335.755: [ParNew: 58644K->6528K(59008K), 0.0408106 secs] 9075935K->9044041K(25159296K), 0.0410110 secs] [Times: user=0.48 sys=0.01, real=0.04 secs] 
2014-04-09T14:28:07.031+0900: 335.851: [GC (Allocation Failure) 335.851: [ParNew: 58991K->6528K(59008K), 0.0369424 secs] 9096505K->9062967K(25159296K), 0.0371477 secs] [Times: user=0.44 sys=0.00, real=0.04 secs] 
2014-04-09T14:28:07.102+0900: 335.921: [GC (Allocation Failure) 335.921: [ParNew: 59008K->5470K(59008K), 0.0349279 secs] 9115447K->9086623K(25159296K), 0.0351284 secs] [Times: user=0.42 sys=0.00, real=0.03 secs] 
2014-04-09T14:28:07.197+0900: 336.017: [GC (Allocation Failure) 336.017: [ParNew: 57950K->6528K(59008K), 0.0459119 secs] 9139103K->9106721K(25159296K), 0.0461101 secs] [Times: user=0.56 sys=0.00, real=0.05 secs] 
2014-04-09T14:28:07.286+0900: 336.106: [GC (Allocation Failure) 336.106: [ParNew: 59008K->6528K(59008K), 0.0401330 secs] 9159201K->9127287K(25159296K), 0.0403328 secs] [Times: user=0.49 sys=0.00, real=0.04 secs] 
2014-04-09T14:28:07.357+0900: 336.176: [GC (Allocation Failure) 336.176: [ParNew: 59008K->5098K(59008K), 0.0383216 secs] 9179767K->9150044K(25159296K), 0.0385263 secs] [Times: user=0.47 sys=0.00, real=0.04 secs] 
2014-04-09T14:28:07.459+0900: 336.279: [GC (Allocation Failure) 336.279: [ParNew: 57577K->6528K(59008K), 0.0439551 secs] 9202523K->9170889K(25159296K), 0.0441749 secs] [Times: user=0.54 sys=0.00, real=0.04 secs] 
2014-04-09T14:28:07.568+0900: 336.387: [GC (Allocation Failure) 336.388: [ParNew: 58985K->6528K(59008K), 0.0425598 secs] 9223346K->9190152K(25159296K), 0.0427607 secs] [Times: user=0.52 sys=0.01, real=0.04 secs] 
2014-04-09T14:28:07.640+0900: 336.460: [GC (Allocation Failure) 336.460: [ParNew: 59008K->5464K(59008K), 0.0354205 secs] 9242632K->9212536K(25159296K), 0.0356221 secs] [Times: user=0.42 sys=0.01, real=0.03 secs] 
2014-04-09T14:28:07.732+0900: 336.551: [GC (Allocation Failure) 336.551: [ParNew: 57944K->6528K(59008K), 0.0446059 secs] 9265016K->9232211K(25159296K), 0.0448042 secs] [Times: user=0.55 sys=0.00, real=0.04 secs] 
2014-04-09T14:28:07.827+0900: 336.647: [GC (Allocation Failure) 336.647: [ParNew: 59008K->6528K(59008K), 0.0376268 secs] 9284691K->9252876K(25159296K), 0.0378349 secs] [Times: user=0.45 sys=0.00, real=0.03 secs] 
2014-04-09T14:28:07.897+0900: 336.716: [GC (Allocation Failure) 336.716: [ParNew: 59008K->6528K(59008K), 0.0362027 secs] 9305356K->9281910K(25159296K), 0.0364062 secs] [Times: user=0.44 sys=0.00, real=0.04 secs] 
2014-04-09T14:28:07.990+0900: 336.810: [GC (Allocation Failure) 336.810: [ParNew: 59007K->6528K(59008K), 0.0450299 secs] 9334390K->9302945K(25159296K), 0.0452384 secs] [Times: user=0.53 sys=0.01, real=0.04 secs] 
2014-04-09T14:28:08.080+0900: 336.900: [GC (Allocation Failure) 336.900: [ParNew: 59008K->6528K(59008K), 0.0393711 secs] 9355425K->9321842K(25159296K), 0.0395714 secs] [Times: user=0.48 sys=0.00, real=0.04 secs] 
2014-04-09T14:28:08.245+0900: 337.064: [GC (Allocation Failure) 337.064: [ParNew: 52192K->5463K(59008K), 0.0357453 secs] 9367507K->9336774K(25159296K), 0.0359443 secs] [Times: user=0.43 sys=0.01, real=0.04 secs] 
2014-04-09T14:28:08.310+0900: 337.130: [GC (Allocation Failure) 337.130: [ParNew: 56966K->1813K(59008K), 0.0319421 secs] 9388277K->9353444K(25159296K), 0.0321416 secs] [Times: user=0.39 sys=0.00, real=0.03 secs] 
2014-04-09T14:28:08.418+0900: 337.238: [GC (Allocation Failure) 337.238: [ParNew: 54293K->6528K(59008K), 0.0411090 secs] 9405924K->9383896K(25159296K), 0.0413136 secs] [Times: user=0.49 sys=0.00, real=0.04 secs] 
2014-04-09T14:28:08.585+0900: 337.405: [GC (Allocation Failure) 337.405: [ParNew: 53218K->4801K(59008K), 0.0334928 secs] 9430586K->9396513K(25159296K), 0.0336927 secs] [Times: user=0.41 sys=0.00, real=0.04 secs] 
2014-04-09T14:28:08.621+0900: 337.441: [CMS-concurrent-mark: 1.750/3.208 secs] [Times: user=27.23 sys=0.52, real=3.21 secs] 
2014-04-09T14:28:08.621+0900: 337.441: [CMS-concurrent-preclean-start]
2014-04-09T14:28:08.660+0900: 337.479: [GC (Allocation Failure) 337.479: [ParNew: 56541K->6528K(59008K), 0.0350491 secs] 9448253K->9413848K(25159296K), 0.0352470 secs] [Times: user=0.45 sys=0.00, real=0.03 secs] 
2014-04-09T14:28:08.765+0900: 337.585: [GC (Allocation Failure) 337.585: [ParNew: 59006K->6527K(59008K), 0.0460052 secs] 9466326K->9444665K(25159296K), 0.0462151 secs] [Times: user=0.54 sys=0.00, real=0.05 secs] 
2014-04-09T14:28:08.932+0900: 337.751: [GC (Allocation Failure) 337.751: [ParNew: 54872K->6528K(59008K), 0.0458536 secs] 9493009K->9455755K(25159296K), 0.0460512 secs] [Times: user=0.54 sys=0.01, real=0.05 secs] 
2014-04-09T14:28:09.046+0900: 337.866: [GC (Allocation Failure) 337.866: [ParNew: 58989K->6528K(59008K), 0.0372889 secs] 9508217K->9469397K(25159296K), 0.0374871 secs] [Times: user=0.49 sys=0.00, real=0.04 secs] 
2014-04-09T14:28:09.142+0900: 337.962: [GC (Allocation Failure) 337.962: [ParNew: 58992K->6528K(59008K), 0.0428720 secs] 9521861K->9496077K(25159296K), 0.0430716 secs] [Times: user=0.53 sys=0.00, real=0.04 secs] 
2014-04-09T14:28:09.224+0900: 338.044: [GC (Allocation Failure) 338.044: [ParNew: 59008K->6528K(59008K), 0.0452261 secs] 9548557K->9533238K(25159296K), 0.0454245 secs] [Times: user=0.53 sys=0.01, real=0.05 secs] 
2014-04-09T14:28:09.326+0900: 338.146: [GC (Allocation Failure) 338.146: [ParNew: 59008K->6528K(59008K), 0.0480303 secs] 9585718K->9550245K(25159296K), 0.0482280 secs] [Times: user=0.57 sys=0.00, real=0.05 secs] 
2014-04-09T14:28:09.433+0900: 338.253: [GC (Allocation Failure) 338.253: [ParNew: 59008K->6528K(59008K), 0.0463409 secs] 9602725K->9556780K(25159296K), 0.0465422 secs] [Times: user=0.58 sys=0.00, real=0.05 secs] 
2014-04-09T14:28:09.523+0900: 338.342: [GC (Allocation Failure) 338.342: [ParNew: 59008K->6528K(59008K), 0.0457980 secs] 9609260K->9579681K(25159296K), 0.0459985 secs] [Times: user=0.54 sys=0.00, real=0.05 secs] 
2014-04-09T14:28:09.652+0900: 338.472: [GC (Allocation Failure) 338.472: [ParNew: 57720K->6528K(59008K), 0.0415123 secs] 9630874K->9593451K(25159296K), 0.0417155 secs] [Times: user=0.50 sys=0.00, real=0.04 secs] 
2014-04-09T14:28:09.737+0900: 338.557: [GC (Allocation Failure) 338.557: [ParNew: 59002K->6528K(59008K), 0.0466164 secs] 9645926K->9627073K(25159296K), 0.0468169 secs] [Times: user=0.57 sys=0.00, real=0.05 secs] 
2014-04-09T14:28:09.814+0900: 338.633: [GC (Allocation Failure) 338.634: [ParNew: 59007K->6528K(59008K), 0.0343110 secs] 9679553K->9657786K(25159296K), 0.0345162 secs] [Times: user=0.42 sys=0.01, real=0.04 secs] 
2014-04-09T14:28:09.886+0900: 338.705: [GC (Allocation Failure) 338.706: [ParNew: 59008K->6528K(59008K), 0.0438425 secs] 9710266K->9683101K(25159296K), 0.0440608 secs] [Times: user=0.53 sys=0.00, real=0.05 secs] 
2014-04-09T14:28:09.960+0900: 338.780: [GC (Allocation Failure) 338.780: [ParNew: 59008K->6528K(59008K), 0.0466896 secs] 9735581K->9715821K(25159296K), 0.0469021 secs] [Times: user=0.56 sys=0.00, real=0.04 secs] 
2014-04-09T14:28:10.059+0900: 338.879: [GC (Allocation Failure) 338.879: [ParNew: 59008K->6528K(59008K), 0.0430373 secs] 9768301K->9731723K(25159296K), 0.0432492 secs] [Times: user=0.50 sys=0.01, real=0.04 secs] 
2014-04-09T14:28:10.172+0900: 338.992: [GC (Allocation Failure) 338.992: [ParNew: 59008K->5076K(59008K), 0.0468839 secs] 9784203K->9742107K(25159296K), 0.0472632 secs] [Times: user=0.55 sys=0.01, real=0.05 secs] 
2014-04-09T14:28:10.259+0900: 339.079: [GC (Allocation Failure) 339.079: [ParNew: 57546K->6528K(59008K), 0.0382946 secs] 9794577K->9762021K(25159296K), 0.0385011 secs] [Times: user=0.45 sys=0.01, real=0.04 secs] 
2014-04-09T14:28:10.332+0900: 339.152: [GC (Allocation Failure) 339.152: [ParNew: 59008K->4585K(59008K), 0.0349226 secs] 9814501K->9788844K(25159296K), 0.0351261 secs] [Times: user=0.44 sys=0.00, real=0.03 secs] 
2014-04-09T14:28:10.410+0900: 339.229: [GC (Allocation Failure) 339.229: [ParNew: 57065K->6528K(59008K), 0.0447732 secs] 9841323K->9824111K(25159296K), 0.0449766 secs] [Times: user=0.54 sys=0.00, real=0.04 secs] 
2014-04-09T14:28:10.484+0900: 339.304: [GC (Allocation Failure) 339.304: [ParNew: 56994K->6528K(59008K), 0.0364520 secs] 9874577K->9840232K(25159296K), 0.0366545 secs] [Times: user=0.44 sys=0.00, real=0.04 secs] 
2014-04-09T14:28:10.566+0900: 339.386: [GC (Allocation Failure) 339.386: [ParNew: 59008K->6528K(59008K), 0.0457675 secs] 9892712K->9863925K(25159296K), 0.0459697 secs] [Times: user=0.55 sys=0.00, real=0.05 secs] 
2014-04-09T14:28:10.670+0900: 339.490: [GC (Allocation Failure) 339.490: [ParNew: 59008K->6528K(59008K), 0.0382665 secs] 9916405K->9878879K(25159296K), 0.0384657 secs] [Times: user=0.46 sys=0.01, real=0.04 secs] 
2014-04-09T14:28:10.810+0900: 339.630: [CMS-concurrent-preclean: 1.080/2.189 secs] [Times: user=14.63 sys=0.23, real=2.19 secs] 
2014-04-09T14:28:10.811+0900: 339.631: [GC (Allocation Failure) 339.631: [ParNew: 59008K->6528K(59008K), 0.0419438 secs] 9931359K->9898239K(25159296K), 0.0421267 secs] [Times: user=0.50 sys=0.00, real=0.04 secs] 
2014-04-09T14:28:10.854+0900: 339.674: [GC (CMS Final Remark) [YG occupancy: 6927 K (59008 K)]339.674: [Rescan (parallel) , 0.0203223 secs]339.694: [weak refs processing, 0.0001136 secs]339.694: [class unloading, 0.0461088 secs]339.741: [scrub symbol table, 0.0048116 secs]339.745: [scrub string table, 0.0014085 secs][1 CMS-remark: 9891711K(25100288K)] 9898638K(25159296K), 0.0800576 secs] [Times: user=0.31 sys=0.00, real=0.08 secs] 
2014-04-09T14:28:10.935+0900: 339.755: [CMS-concurrent-sweep-start]
2014-04-09T14:28:10.966+0900: 339.786: [GC (Allocation Failure) 339.786: [ParNew: 56380K->5197K(59008K), 0.0329980 secs] 9945472K->9914611K(25159296K), 0.0332017 secs] [Times: user=0.40 sys=0.01, real=0.04 secs] 
2014-04-09T14:28:11.055+0900: 339.874: [GC (Allocation Failure) 339.874: [ParNew: 57677K->6528K(59008K), 0.0366016 secs] 9966174K->9935513K(25159296K), 0.0368004 secs] [Times: user=0.41 sys=0.00, real=0.04 secs] 
2014-04-09T14:28:11.130+0900: 339.949: [GC (Allocation Failure) 339.949: [ParNew: 59008K->6528K(59008K), 0.0362724 secs] 9987325K->9959236K(25159296K), 0.0364732 secs] [Times: user=0.41 sys=0.00, real=0.03 secs] 
2014-04-09T14:28:11.276+0900: 340.096: [GC (Allocation Failure) 340.096: [ParNew: 49233K->6528K(59008K), 0.0397593 secs] 9998242K->9969988K(25159296K), 0.0399620 secs] [Times: user=0.49 sys=0.01, real=0.04 secs] 
2014-04-09T14:28:11.360+0900: 340.180: [GC (Allocation Failure) 340.180: [ParNew: 58122K->6528K(59008K), 0.0350724 secs] 10020314K->9985584K(25159296K), 0.0352731 secs] [Times: user=0.43 sys=0.00, real=0.03 secs] 
2014-04-09T14:28:11.459+0900: 340.279: [GC (Allocation Failure) 340.279: [ParNew: 59006K->6528K(59008K), 0.0442739 secs] 10035495K->10013590K(25159296K), 0.0444906 secs] [Times: user=0.53 sys=0.01, real=0.04 secs] 
2014-04-09T14:28:11.623+0900: 340.443: [GC (Allocation Failure) 340.443: [ParNew: 58466K->6528K(59008K), 0.0429443 secs] 10051070K->10011943K(25159296K), 0.0431459 secs] [Times: user=0.50 sys=0.01, real=0.04 secs] 
2014-04-09T14:28:11.737+0900: 340.557: [GC (Allocation Failure) 340.557: [ParNew: 59008K->6528K(59008K), 0.0426678 secs] 10053898K->10014817K(25159296K), 0.0428595 secs] [Times: user=0.53 sys=0.00, real=0.05 secs] 
2014-04-09T14:28:11.838+0900: 340.657: [GC (Allocation Failure) 340.657: [ParNew: 59008K->6528K(59008K), 0.0419604 secs] 10062030K->10036524K(25159296K), 0.0421571 secs] [Times: user=0.51 sys=0.00, real=0.04 secs] 
2014-04-09T14:28:11.984+0900: 340.804: [GC (Allocation Failure) 340.804: [ParNew: 57505K->6528K(59008K), 0.0433889 secs] 10075137K->10036813K(25159296K), 0.0435945 secs] [Times: user=0.50 sys=0.00, real=0.05 secs] 
2014-04-09T14:28:12.106+0900: 340.925: [GC (Allocation Failure) 340.925: [ParNew: 58990K->6528K(59008K), 0.0331999 secs] 10084851K->10048175K(25159296K), 0.0333938 secs] [Times: user=0.40 sys=0.00, real=0.04 secs] 
2014-04-09T14:28:12.192+0900: 341.012: [GC (Allocation Failure) 341.012: [ParNew: 59008K->6528K(59008K), 0.0420948 secs] 10097028K->10069282K(25159296K), 0.0422881 secs] [Times: user=0.52 sys=0.00, real=0.04 secs] 
2014-04-09T14:28:12.335+0900: 341.154: [GC (Allocation Failure) 341.155: [ParNew: 58242K->6528K(59008K), 0.0416134 secs] 10111609K->10073193K(25159296K), 0.0418039 secs] [Times: user=0.48 sys=0.02, real=0.04 secs] 
2014-04-09T14:28:12.458+0900: 341.277: [GC (Allocation Failure) 341.277: [ParNew: 58996K->6528K(59008K), 0.0370068 secs] 10121937K->10087137K(25159296K), 0.0372098 secs] [Times: user=0.46 sys=0.00, real=0.03 secs] 
2014-04-09T14:28:12.512+0900: 341.332: [GC (Allocation Failure) 341.332: [ParNew: 52923K->2327K(59008K), 0.0321176 secs] 10133047K->10112931K(25159296K), 0.0323187 secs] [Times: user=0.41 sys=0.00, real=0.03 secs] 
2014-04-09T14:28:12.585+0900: 341.405: [GC (Allocation Failure) 341.405: [ParNew: 54807K->6528K(59008K), 0.0435166 secs] 10164598K->10142454K(25159296K), 0.0437133 secs] [Times: user=0.52 sys=0.01, real=0.05 secs] 
2014-04-09T14:28:12.676+0900: 341.496: [GC (Allocation Failure) 341.496: [ParNew: 59008K->6528K(59008K), 0.0600139 secs] 10191728K->10159973K(25159296K), 0.0602160 secs] [Times: user=0.41 sys=0.03, real=0.06 secs] 
2014-04-09T14:28:12.806+0900: 341.626: [GC (Allocation Failure) 341.626: [ParNew: 58850K->6528K(59008K), 0.0380864 secs] 10203824K->10158076K(25159296K), 0.0382491 secs] [Times: user=0.45 sys=0.00, real=0.04 secs] 
2014-04-09T14:28:12.956+0900: 341.776: [GC (Allocation Failure) 341.776: [ParNew: 58039K->1850K(59008K), 0.0407976 secs] 10195412K->10159703K(25159296K), 0.0409615 secs] [Times: user=0.50 sys=0.01, real=0.04 secs] 
2014-04-09T14:28:13.017+0900: 341.837: [GC (Allocation Failure) 341.837: [ParNew: 54315K->6528K(59008K), 0.0387482 secs] 10211223K->10188794K(25159296K), 0.0389512 secs] [Times: user=0.49 sys=0.00, real=0.04 secs] 
2014-04-09T14:28:13.072+0900: 341.892: [GC (Allocation Failure) 341.892: [ParNew: 57526K->6528K(59008K), 0.0412969 secs] 10238717K->10209789K(25159296K), 0.0414944 secs] [Times: user=0.51 sys=0.01, real=0.04 secs] 
2014-04-09T14:28:13.147+0900: 341.967: [GC (Allocation Failure) 341.967: [ParNew: 59008K->6528K(59008K), 0.0422880 secs] 10258242K->10236220K(25159296K), 0.0424901 secs] [Times: user=0.51 sys=0.00, real=0.05 secs] 
2014-04-09T14:28:13.233+0900: 342.052: [GC (Allocation Failure) 342.052: [ParNew: 59008K->6528K(59008K), 0.0466975 secs] 10275745K->10246755K(25159296K), 0.0468932 secs] [Times: user=0.43 sys=0.02, real=0.05 secs] 
2014-04-09T14:28:13.326+0900: 342.145: [GC (Allocation Failure) 342.145: [ParNew: 59008K->6528K(59008K), 0.0391126 secs] 9267492K->9224013K(25159296K), 0.0392877 secs] [Times: user=0.46 sys=0.01, real=0.04 secs] 
2014-04-09T14:28:13.378+0900: 342.198: [CMS-concurrent-sweep: 1.429/2.443 secs] [Times: user=14.88 sys=0.32, real=2.45 secs] 
2014-04-09T14:28:13.378+0900: 342.198: [CMS-concurrent-reset-start]
2014-04-09T14:28:13.408+0900: 342.228: [GC (Allocation Failure) 342.228: [ParNew: 59008K->6528K(59008K), 0.0386553 secs] 9035555K->8991013K(25159296K), 0.0388523 secs] [Times: user=0.48 sys=0.00, real=0.04 secs] 
2014-04-09T14:28:13.493+0900: 342.313: [CMS-concurrent-reset: 0.075/0.115 secs] [Times: user=0.71 sys=0.01, real=0.11 secs] 
2014-04-09T14:28:13.498+0900: 342.318: [GC (Allocation Failure) 342.318: [ParNew: 59008K->5169K(59008K), 0.0312715 secs] 9043493K->9003581K(25159296K), 0.0314368 secs] [Times: user=0.38 sys=0.01, real=0.04 secs] 
2014-04-09T14:28:13.530+0900: 342.350: [GC (CMS Initial Mark) [1 CMS-initial-mark: 8998411K(25100288K)] 9003751K(25159296K), 0.0013423 secs] [Times: user=0.01 sys=0.00, real=0.00 secs] 
2014-04-09T14:28:13.532+0900: 342.352: [CMS-concurrent-mark-start]
2014-04-09T14:28:13.560+0900: 342.379: [GC (Allocation Failure) 342.379: [ParNew: 57637K->6528K(59008K), 0.0346152 secs] 9056048K->9023509K(25159296K), 0.0348157 secs] [Times: user=0.43 sys=0.01, real=0.03 secs] 
2014-04-09T14:28:13.637+0900: 342.457: [GC (Allocation Failure) 342.457: [ParNew: 58167K->6528K(59008K), 0.0466309 secs] 9075149K->9057205K(25159296K), 0.0468286 secs] [Times: user=0.58 sys=0.01, real=0.05 secs] 
2014-04-09T14:28:13.713+0900: 342.533: [GC (Allocation Failure) 342.533: [ParNew: 59008K->6528K(59008K), 0.0439034 secs] 9109685K->9092577K(25159296K), 0.0441013 secs] [Times: user=0.53 sys=0.01, real=0.04 secs] 
2014-04-09T14:28:13.784+0900: 342.603: [GC (Allocation Failure) 342.603: [ParNew: 59008K->6528K(59008K), 0.0446112 secs] 9145057K->9120318K(25159296K), 0.0448076 secs] [Times: user=0.53 sys=0.02, real=0.04 secs] 
2014-04-09T14:28:13.890+0900: 342.709: [GC (Allocation Failure) 342.710: [ParNew: 59008K->6528K(59008K), 0.0416219 secs] 9172798K->9129191K(25159296K), 0.0418193 secs] [Times: user=0.51 sys=0.01, real=0.04 secs] 
2014-04-09T14:28:13.991+0900: 342.810: [GC (Allocation Failure) 342.810: [ParNew: 59008K->6528K(59008K), 0.0372293 secs] 9181671K->9147597K(25159296K), 0.0374274 secs] [Times: user=0.43 sys=0.01, real=0.03 secs] 
2014-04-09T14:28:14.061+0900: 342.881: [GC (Allocation Failure) 342.881: [ParNew: 59008K->6528K(59008K), 0.0432428 secs] 9200077K->9168346K(25159296K), 0.0434506 secs] [Times: user=0.53 sys=0.00, real=0.04 secs] 
2014-04-09T14:28:14.144+0900: 342.964: [GC (Allocation Failure) 342.964: [ParNew: 59008K->6528K(59008K), 0.0386500 secs] 9220826K->9189929K(25159296K), 0.0388481 secs] [Times: user=0.48 sys=0.00, real=0.04 secs] 
2014-04-09T14:28:14.246+0900: 343.066: [GC (Allocation Failure) 343.066: [ParNew: 52784K->6528K(59008K), 0.0396698 secs] 9236186K->9210729K(25159296K), 0.0398589 secs] [Times: user=0.47 sys=0.00, real=0.04 secs] 
2014-04-09T14:28:14.319+0900: 343.139: [GC (Allocation Failure) 343.139: [ParNew: 58983K->6528K(59008K), 0.0374379 secs] 9263185K->9229597K(25159296K), 0.0376289 secs] [Times: user=0.45 sys=0.02, real=0.03 secs] 
2014-04-09T14:28:14.384+0900: 343.204: [GC (Allocation Failure) 343.204: [ParNew: 59008K->5324K(59008K), 0.0386806 secs] 9282077K->9251290K(25159296K), 0.0388763 secs] [Times: user=0.46 sys=0.01, real=0.04 secs] 
2014-04-09T14:28:14.473+0900: 343.293: [GC (Allocation Failure) 343.293: [ParNew: 57523K->6528K(59008K), 0.0428890 secs] 9303489K->9268262K(25159296K), 0.0430817 secs] [Times: user=0.50 sys=0.00, real=0.04 secs] 
2014-04-09T14:28:14.560+0900: 343.380: [GC (Allocation Failure) 343.380: [ParNew: 51832K->6528K(59008K), 0.0341426 secs] 9313567K->9280955K(25159296K), 0.0343406 secs] [Times: user=0.43 sys=0.00, real=0.03 secs] 
2014-04-09T14:28:14.617+0900: 343.437: [GC (Allocation Failure) 343.437: [ParNew: 57650K->6528K(59008K), 0.0380875 secs] 9332078K->9304533K(25159296K), 0.0382920 secs] [Times: user=0.45 sys=0.00, real=0.04 secs] 
2014-04-09T14:28:14.692+0900: 343.511: [GC (Allocation Failure) 343.512: [ParNew: 59008K->6528K(59008K), 0.0395856 secs] 9357013K->9328306K(25159296K), 0.0397865 secs] [Times: user=0.49 sys=0.01, real=0.04 secs] 
2014-04-09T14:28:14.779+0900: 343.599: [GC (Allocation Failure) 343.599: [ParNew: 59008K->6528K(59008K), 0.0394077 secs] 9380786K->9348217K(25159296K), 0.0396166 secs] [Times: user=0.39 sys=0.01, real=0.04 secs] 
2014-04-09T14:28:14.864+0900: 343.684: [GC (Allocation Failure) 343.684: [ParNew: 59008K->6528K(59008K), 0.0400413 secs] 9400697K->9365822K(25159296K), 0.0402309 secs] [Times: user=0.48 sys=0.01, real=0.04 secs] 
2014-04-09T14:28:14.928+0900: 343.748: [GC (Allocation Failure) 343.748: [ParNew: 55891K->4551K(59008K), 0.0355724 secs] 9415185K->9384167K(25159296K), 0.0357624 secs] [Times: user=0.45 sys=0.00, real=0.04 secs] 
2014-04-09T14:28:15.011+0900: 343.830: [GC (Allocation Failure) 343.830: [ParNew: 57030K->6528K(59008K), 0.0415630 secs] 9436646K->9405823K(25159296K), 0.0417546 secs] [Times: user=0.51 sys=0.01, real=0.04 secs] 
2014-04-09T14:28:15.100+0900: 343.920: [GC (Allocation Failure) 343.920: [ParNew: 59008K->6528K(59008K), 0.0396323 secs] 9458303K->9427990K(25159296K), 0.0398214 secs] [Times: user=0.47 sys=0.00, real=0.04 secs] 
2014-04-09T14:28:15.256+0900: 344.076: [GC (Allocation Failure) 344.076: [ParNew: 53842K->4883K(59008K), 0.0348559 secs] 9475304K->9439973K(25159296K), 0.0350626 secs] [Times: user=0.42 sys=0.00, real=0.04 secs] 
2014-04-09T14:28:15.327+0900: 344.147: [GC (Allocation Failure) 344.147: [ParNew: 56476K->6528K(59008K), 0.0294141 secs] 9491565K->9455940K(25159296K), 0.0296064 secs] [Times: user=0.36 sys=0.01, real=0.03 secs] 
2014-04-09T14:28:15.415+0900: 344.235: [GC (Allocation Failure) 344.235: [ParNew: 59006K->6528K(59008K), 0.0402731 secs] 9508418K->9486381K(25159296K), 0.0404608 secs] [Times: user=0.49 sys=0.00, real=0.04 secs] 
2014-04-09T14:28:15.498+0900: 344.318: [GC (Allocation Failure) 344.318: [ParNew: 59008K->6528K(59008K), 0.0411080 secs] 9538861K->9516867K(25159296K), 0.0413036 secs] [Times: user=0.48 sys=0.00, real=0.05 secs] 
2014-04-09T14:28:15.585+0900: 344.404: [GC (Allocation Failure) 344.404: [ParNew: 59008K->6528K(59008K), 0.0417540 secs] 9569347K->9530886K(25159296K), 0.0419398 secs] [Times: user=0.48 sys=0.01, real=0.04 secs] 
2014-04-09T14:28:15.696+0900: 344.516: [GC (Allocation Failure) 344.516: [ParNew: 58754K->6528K(59008K), 0.0394079 secs] 9583113K->9547471K(25159296K), 0.0395962 secs] [Times: user=0.47 sys=0.00, real=0.04 secs] 
2014-04-09T14:28:15.780+0900: 344.599: [GC (Allocation Failure) 344.599: [ParNew: 58997K->6528K(59008K), 0.0296289 secs] 9599941K->9567532K(25159296K), 0.0298209 secs] [Times: user=0.37 sys=0.01, real=0.03 secs] 
2014-04-09T14:28:15.838+0900: 344.658: [GC (Allocation Failure) 344.658: [ParNew: 59008K->5669K(59008K), 0.0390751 secs] 9620012K->9599356K(25159296K), 0.0392569 secs] [Times: user=0.48 sys=0.01, real=0.04 secs] 
2014-04-09T14:28:15.908+0900: 344.728: [GC (Allocation Failure) 344.728: [ParNew: 58149K->6528K(59008K), 0.0370408 secs] 9651836K->9627275K(25159296K), 0.0372240 secs] [Times: user=0.44 sys=0.01, real=0.04 secs] 
2014-04-09T14:28:15.977+0900: 344.797: [GC (Allocation Failure) 344.797: [ParNew: 59008K->6528K(59008K), 0.0421189 secs] 9679755K->9655160K(25159296K), 0.0423091 secs] [Times: user=0.51 sys=0.02, real=0.05 secs] 
2014-04-09T14:28:16.085+0900: 344.904: [GC (Allocation Failure) 344.905: [ParNew: 59006K->6528K(59008K), 0.0412869 secs] 9707638K->9669031K(25159296K), 0.0414701 secs] [Times: user=0.49 sys=0.00, real=0.04 secs] 
2014-04-09T14:28:16.177+0900: 344.996: [GC (Allocation Failure) 344.996: [ParNew: 51870K->6528K(59008K), 0.0388527 secs] 9714374K->9679303K(25159296K), 0.0390324 secs] [Times: user=0.45 sys=0.00, real=0.04 secs] 
2014-04-09T14:28:16.286+0900: 345.105: [GC (Allocation Failure) 345.105: [ParNew: 56711K->6158K(59008K), 0.0329401 secs] 9729487K->9690208K(25159296K), 0.0331168 secs] [Times: user=0.41 sys=0.00, real=0.04 secs] 
2014-04-09T14:28:16.341+0900: 345.161: [GC (Allocation Failure) 345.161: [ParNew: 53166K->514K(59008K), 0.0259753 secs] 9737216K->9703146K(25159296K), 0.0261548 secs] [Times: user=0.32 sys=0.00, real=0.02 secs] 
2014-04-09T14:28:16.393+0900: 345.213: [GC (Allocation Failure) 345.213: [ParNew: 52994K->6528K(59008K), 0.0369357 secs] 9755626K->9743378K(25159296K), 0.0371125 secs] [Times: user=0.46 sys=0.01, real=0.04 secs] 
2014-04-09T14:28:16.449+0900: 345.269: [GC (Allocation Failure) 345.269: [ParNew: 51095K->6528K(59008K), 0.0377581 secs] 9787946K->9760140K(25159296K), 0.0379373 secs] [Times: user=0.45 sys=0.00, real=0.03 secs] 
2014-04-09T14:28:16.494+0900: 345.313: [CMS-concurrent-mark: 1.530/2.962 secs] [Times: user=25.66 sys=0.44, real=2.96 secs] 
2014-04-09T14:28:16.494+0900: 345.313: [CMS-concurrent-preclean-start]
2014-04-09T14:28:16.517+0900: 345.336: [GC (Allocation Failure) 345.336: [ParNew: 59008K->6528K(59008K), 0.0382736 secs] 9812620K->9787127K(25159296K), 0.0384532 secs] [Times: user=0.42 sys=0.00, real=0.04 secs] 
2014-04-09T14:28:16.594+0900: 345.414: [GC (Allocation Failure) 345.414: [ParNew: 59008K->6528K(59008K), 0.0355633 secs] 9839607K->9799535K(25159296K), 0.0357093 secs] [Times: user=0.36 sys=0.01, real=0.04 secs] 
2014-04-09T14:28:16.679+0900: 345.499: [GC (Allocation Failure) 345.499: [ParNew: 55844K->6528K(59008K), 0.0344226 secs] 9848851K->9810437K(25159296K), 0.0345976 secs] [Times: user=0.40 sys=0.01, real=0.03 secs] 
2014-04-09T14:28:16.762+0900: 345.581: [GC (Allocation Failure) 345.582: [ParNew: 58529K->2861K(59008K), 0.0370226 secs] 9862438K->9827431K(25159296K), 0.0371795 secs] [Times: user=0.45 sys=0.00, real=0.04 secs] 
2014-04-09T14:28:16.816+0900: 345.636: [GC (Allocation Failure) 345.636: [ParNew: 55340K->6527K(59008K), 0.0348654 secs] 9879910K->9850811K(25159296K), 0.0350622 secs] [Times: user=0.43 sys=0.01, real=0.04 secs] 
2014-04-09T14:28:16.868+0900: 345.688: [GC (Allocation Failure) 345.688: [ParNew: 54092K->1395K(59008K), 0.0300309 secs] 9898375K->9876424K(25159296K), 0.0302290 secs] [Times: user=0.37 sys=0.00, real=0.03 secs] 
2014-04-09T14:28:16.933+0900: 345.752: [GC (Allocation Failure) 345.752: [ParNew: 53875K->6528K(59008K), 0.0438082 secs] 9928904K->9907668K(25159296K), 0.0440041 secs] [Times: user=0.51 sys=0.01, real=0.04 secs] 
2014-04-09T14:28:17.013+0900: 345.833: [GC (Allocation Failure) 345.833: [ParNew: 59008K->6528K(59008K), 0.0430811 secs] 9960148K->9930433K(25159296K), 0.0432953 secs] [Times: user=0.42 sys=0.02, real=0.04 secs] 
2014-04-09T14:28:17.077+0900: 345.896: [GC (Allocation Failure) 345.896: [ParNew: 59008K->6528K(59008K), 0.0380258 secs] 9982913K->9956626K(25159296K), 0.0382254 secs] [Times: user=0.45 sys=0.01, real=0.04 secs] 
2014-04-09T14:28:17.148+0900: 345.968: [GC (Allocation Failure) 345.968: [ParNew: 59008K->6528K(59008K), 0.0423647 secs] 10009106K->9963762K(25159296K), 0.0425619 secs] [Times: user=0.52 sys=0.00, real=0.04 secs] 
2014-04-09T14:28:17.229+0900: 346.049: [GC (Allocation Failure) 346.049: [ParNew: 59008K->6528K(59008K), 0.0464422 secs] 10016242K->9988228K(25159296K), 0.0466411 secs] [Times: user=0.54 sys=0.01, real=0.04 secs] 
2014-04-09T14:28:17.305+0900: 346.125: [GC (Allocation Failure) 346.125: [ParNew: 59008K->6528K(59008K), 0.0380565 secs] 10040708K->10021562K(25159296K), 0.0382261 secs] [Times: user=0.47 sys=0.00, real=0.04 secs] 
2014-04-09T14:28:17.368+0900: 346.188: [GC (Allocation Failure) 346.188: [ParNew: 59008K->3346K(59008K), 0.0389957 secs] 10074042K->10040195K(25159296K), 0.0391556 secs] [Times: user=0.48 sys=0.00, real=0.04 secs] 
2014-04-09T14:28:17.433+0900: 346.252: [GC (Allocation Failure) 346.252: [ParNew: 55826K->6528K(59008K), 0.0361025 secs] 10092675K->10066018K(25159296K), 0.0362809 secs] [Times: user=0.46 sys=0.00, real=0.04 secs] 
2014-04-09T14:28:17.487+0900: 346.307: [GC (Allocation Failure) 346.307: [ParNew: 49236K->6528K(59008K), 0.0398522 secs] 10108727K->10084217K(25159296K), 0.0400516 secs] [Times: user=0.48 sys=0.00, real=0.04 secs] 
2014-04-09T14:28:17.561+0900: 346.381: [GC (Allocation Failure) 346.381: [ParNew: 55438K->6528K(59008K), 0.0442113 secs] 10133128K->10115623K(25159296K), 0.0444098 secs] [Times: user=0.52 sys=0.01, real=0.04 secs] 
2014-04-09T14:28:17.631+0900: 346.451: [GC (Allocation Failure) 346.451: [ParNew: 59008K->6528K(59008K), 0.0504470 secs] 10168103K->10152276K(25159296K), 0.0506621 secs] [Times: user=0.57 sys=0.01, real=0.05 secs] 
2014-04-09T14:28:17.701+0900: 346.521: [GC (Allocation Failure) 346.521: [ParNew: 58822K->6528K(59008K), 0.0433805 secs] 10204570K->10169576K(25159296K), 0.0435785 secs] [Times: user=0.52 sys=0.01, real=0.04 secs] 
2014-04-09T14:28:17.785+0900: 346.604: [GC (Allocation Failure) 346.604: [ParNew: 59008K->6528K(59008K), 0.0432828 secs] 10222056K->10187218K(25159296K), 0.0434803 secs] [Times: user=0.53 sys=0.00, real=0.04 secs] 
2014-04-09T14:28:17.864+0900: 346.684: [GC (Allocation Failure) 346.684: [ParNew: 59008K->6528K(59008K), 0.0443570 secs] 10239698K->10199063K(25159296K), 0.0445544 secs] [Times: user=0.53 sys=0.00, real=0.05 secs] 
2014-04-09T14:28:17.961+0900: 346.781: [GC (Allocation Failure) 346.781: [ParNew: 59008K->6528K(59008K), 0.0380909 secs] 10251543K->10216946K(25159296K), 0.0382953 secs] [Times: user=0.47 sys=0.00, real=0.04 secs] 
2014-04-09T14:28:18.052+0900: 346.872: [GC (Allocation Failure) 346.872: [ParNew: 50220K->4132K(59008K), 0.0392746 secs] 10260638K->10242186K(25159296K), 0.0394359 secs] [Times: user=0.46 sys=0.00, real=0.04 secs] 
2014-04-09T14:28:18.117+0900: 346.936: [GC (Allocation Failure) 346.937: [ParNew: 56594K->6527K(59008K), 0.0417957 secs] 10294647K->10275243K(25159296K), 0.0419907 secs] [Times: user=0.53 sys=0.00, real=0.05 secs] 
2014-04-09T14:28:18.182+0900: 347.001: [GC (Allocation Failure) 347.001: [ParNew: 54054K->4260K(59008K), 0.0429885 secs] 10322771K->10303570K(25159296K), 0.0431883 secs] [Times: user=0.55 sys=0.00, real=0.04 secs] 
2014-04-09T14:28:18.246+0900: 347.066: [GC (Allocation Failure) 347.066: [ParNew: 56740K->6528K(59008K), 0.0463022 secs] 10356049K->10336283K(25159296K), 0.0465120 secs] [Times: user=0.57 sys=0.00, real=0.05 secs] 
2014-04-09T14:28:18.312+0900: 347.132: [GC (Allocation Failure) 347.132: [ParNew: 59008K->6528K(59008K), 0.0481462 secs] 10388763K->10370130K(25159296K), 0.0483447 secs] [Times: user=0.59 sys=0.00, real=0.05 secs] 
2014-04-09T14:28:18.380+0900: 347.199: [GC (Allocation Failure) 347.199: [ParNew: 52055K->6528K(59008K), 0.0431818 secs] 10415657K->10387963K(25159296K), 0.0433793 secs] [Times: user=0.53 sys=0.00, real=0.04 secs] 
2014-04-09T14:28:18.451+0900: 347.271: [GC (Allocation Failure) 347.271: [ParNew: 59008K->6528K(59008K), 0.0496658 secs] 10440443K->10416406K(25159296K), 0.0498627 secs] [Times: user=0.55 sys=0.03, real=0.05 secs] 
2014-04-09T14:28:18.536+0900: 347.355: [GC (Allocation Failure) 347.356: [ParNew: 59008K->6528K(59008K), 0.0446744 secs] 10468886K->10432774K(25159296K), 0.0448732 secs] [Times: user=0.47 sys=0.00, real=0.05 secs] 
2014-04-09T14:28:18.624+0900: 347.444: [GC (Allocation Failure) 347.444: [ParNew: 59008K->6528K(59008K), 0.0485706 secs] 10485254K->10446397K(25159296K), 0.0487316 secs] [Times: user=0.59 sys=0.01, real=0.05 secs] 
2014-04-09T14:28:18.734+0900: 347.554: [GC (Allocation Failure) 347.554: [ParNew: 57028K->6528K(59008K), 0.0333237 secs] 10496897K->10454589K(25159296K), 0.0334838 secs] [Times: user=0.42 sys=0.00, real=0.03 secs] 
2014-04-09T14:28:18.825+0900: 347.644: [GC (Allocation Failure) 347.644: [ParNew: 58998K->6004K(59008K), 0.0493921 secs] 10507059K->10479612K(25159296K), 0.0495547 secs] [Times: user=0.60 sys=0.00, real=0.05 secs] 
2014-04-09T14:28:18.900+0900: 347.720: [GC (Allocation Failure) 347.720: [ParNew: 55825K->1272K(59008K), 0.0389321 secs] 10529432K->10503925K(25159296K), 0.0390969 secs] [Times: user=0.48 sys=0.01, real=0.04 secs] 
2014-04-09T14:28:18.966+0900: 347.785: [GC (Allocation Failure) 347.785: [ParNew: 53752K->6528K(59008K), 0.0397659 secs] 10556405K->10541735K(25159296K), 0.0399278 secs] [Times: user=0.50 sys=0.00, real=0.04 secs] 
2014-04-09T14:28:19.037+0900: 347.857: [GC (Allocation Failure) 347.857: [ParNew: 59008K->6528K(59008K), 0.0446003 secs] 10594215K->10569840K(25159296K), 0.0447968 secs] [Times: user=0.54 sys=0.00, real=0.05 secs] 
2014-04-09T14:28:19.113+0900: 347.933: [GC (Allocation Failure) 347.933: [ParNew: 59007K->6528K(59008K), 0.0469030 secs] 10622319K->10599163K(25159296K), 0.0471157 secs] [Times: user=0.58 sys=0.00, real=0.05 secs] 
2014-04-09T14:28:19.212+0900: 348.032: [GC (Allocation Failure) 348.032: [ParNew: 59008K->6528K(59008K), 0.0440994 secs] 10651643K->10614711K(25159296K), 0.0442969 secs] [Times: user=0.53 sys=0.00, real=0.04 secs] 
2014-04-09T14:28:19.395+0900: 348.215: [CMS-concurrent-preclean: 1.177/2.901 secs] [Times: user=23.19 sys=0.38, real=2.90 secs] 
2014-04-09T14:28:19.396+0900: 348.215: [GC (Allocation Failure) 348.216: [ParNew: 52713K->5511K(59008K), 0.0430655 secs] 10660897K->10629657K(25159296K), 0.0432282 secs] [Times: user=0.51 sys=0.01, real=0.05 secs] 
2014-04-09T14:28:19.440+0900: 348.259: [CMS-concurrent-abortable-preclean-start]
2014-04-09T14:28:19.476+0900: 348.295: [GC (Allocation Failure) 348.295: [ParNew: 57115K->1814K(59008K), 0.0370408 secs] 10681261K->10646281K(25159296K), 0.0372023 secs] [Times: user=0.47 sys=0.00, real=0.04 secs] 
2014-04-09T14:28:19.587+0900: 348.406: [GC (Allocation Failure) 348.406: [ParNew: 54294K->6528K(59008K), 0.0465937 secs] 10698761K->10675751K(25159296K), 0.0467692 secs] [Times: user=0.54 sys=0.02, real=0.05 secs] 
2014-04-09T14:28:19.742+0900: 348.561: [CMS-concurrent-abortable-preclean: 0.207/0.302 secs] [Times: user=1.45 sys=0.05, real=0.30 secs] 
2014-04-09T14:28:19.743+0900: 348.562: [GC (CMS Final Remark) [YG occupancy: 55630 K (59008 K)]348.563: [Rescan (parallel) , 0.0244839 secs]348.587: [weak refs processing, 0.0000644 secs]348.587: [class unloading, 0.0442744 secs]348.631: [scrub symbol table, 0.0043416 secs]348.636: [scrub string table, 0.0012203 secs][1 CMS-remark: 10669223K(25100288K)] 10724854K(25159296K), 0.0819864 secs] [Times: user=0.37 sys=0.00, real=0.08 secs] 
2014-04-09T14:28:19.825+0900: 348.645: [CMS-concurrent-sweep-start]
2014-04-09T14:28:19.849+0900: 348.668: [GC (Allocation Failure) 348.669: [ParNew: 55632K->6528K(59008K), 0.0472894 secs] 10724379K->10690713K(25159296K), 0.0474685 secs] [Times: user=0.55 sys=0.01, real=0.05 secs] 
2014-04-09T14:28:19.947+0900: 348.767: [GC (Allocation Failure) 348.767: [ParNew: 58347K->6528K(59008K), 0.0355272 secs] 10741291K->10707635K(25159296K), 0.0356882 secs] [Times: user=0.44 sys=0.00, real=0.04 secs] 
2014-04-09T14:28:20.052+0900: 348.872: [GC (Allocation Failure) 348.872: [ParNew: 59008K->6528K(59008K), 0.0497465 secs] 10758796K->10741717K(25159296K), 0.0499082 secs] [Times: user=0.57 sys=0.02, real=0.05 secs] 
2014-04-09T14:28:20.211+0900: 349.030: [GC (Allocation Failure) 349.030: [ParNew: 51178K->6528K(59008K), 0.0429622 secs] 10781948K->10745821K(25159296K), 0.0431575 secs] [Times: user=0.51 sys=0.00, real=0.04 secs] 
2014-04-09T14:28:20.333+0900: 349.153: [GC (Allocation Failure) 349.153: [ParNew: 59001K->6522K(59008K), 0.0370145 secs] 10796286K->10757422K(25159296K), 0.0371888 secs] [Times: user=0.46 sys=0.00, real=0.04 secs] 
2014-04-09T14:28:20.431+0900: 349.251: [GC (Allocation Failure) 349.251: [ParNew: 59000K->6528K(59008K), 0.0438862 secs] 10806986K->10781153K(25159296K), 0.0440844 secs] [Times: user=0.54 sys=0.00, real=0.04 secs] 
2014-04-09T14:28:20.559+0900: 349.378: [GC (Allocation Failure) 349.378: [ParNew: 59008K->6528K(59008K), 0.0454277 secs] 10823164K->10785276K(25159296K), 0.0456279 secs] [Times: user=0.52 sys=0.02, real=0.05 secs] 
2014-04-09T14:28:20.644+0900: 349.463: [GC (Allocation Failure) 349.463: [ParNew: 54484K->6528K(59008K), 0.0477948 secs] 10829764K->10813342K(25159296K), 0.0479921 secs] [Times: user=0.58 sys=0.00, real=0.05 secs] 
2014-04-09T14:28:20.740+0900: 349.560: [GC (Allocation Failure) 349.560: [ParNew: 51173K->6528K(59008K), 0.0426268 secs] 10854260K->10828595K(25159296K), 0.0428240 secs] [Times: user=0.51 sys=0.01, real=0.04 secs] 
2014-04-09T14:28:20.814+0900: 349.633: [GC (Allocation Failure) 349.634: [ParNew: 58979K->6528K(59008K), 0.0428753 secs] 10880238K->10849517K(25159296K), 0.0430727 secs] [Times: user=0.52 sys=0.01, real=0.04 secs] 
2014-04-09T14:28:20.895+0900: 349.714: [GC (Allocation Failure) 349.714: [ParNew: 59008K->6528K(59008K), 0.0433495 secs] 10901148K->10874394K(25159296K), 0.0435473 secs] [Times: user=0.53 sys=0.00, real=0.04 secs] 
2014-04-09T14:28:20.991+0900: 349.811: [GC (Allocation Failure) 349.811: [ParNew: 59008K->6528K(59008K), 0.0458026 secs] 10925398K->10891800K(25159296K), 0.0460003 secs] [Times: user=0.41 sys=0.02, real=0.04 secs] 
2014-04-09T14:28:21.088+0900: 349.907: [GC (Allocation Failure) 349.908: [ParNew: 59008K->6528K(59008K), 0.0414816 secs] 10943067K->10909025K(25159296K), 0.0416900 secs] [Times: user=0.52 sys=0.01, real=0.05 secs] 
2014-04-09T14:28:21.157+0900: 349.977: [GC (Allocation Failure) 349.977: [ParNew: 59007K->6232K(59008K), 0.0334388 secs] 10961254K->10928800K(25159296K), 0.0336369 secs] [Times: user=0.43 sys=0.00, real=0.04 secs] 
2014-04-09T14:28:21.252+0900: 350.071: [GC (Allocation Failure) 350.071: [ParNew: 57118K->6528K(59008K), 0.0438610 secs] 10978172K->10949006K(25159296K), 0.0440226 secs] [Times: user=0.52 sys=0.00, real=0.04 secs] 
2014-04-09T14:28:21.326+0900: 350.146: [GC (Allocation Failure) 350.146: [ParNew: 59008K->6528K(59008K), 0.0379100 secs] 11000480K->10972163K(25159296K), 0.0381115 secs] [Times: user=0.44 sys=0.01, real=0.04 secs] 
2014-04-09T14:28:21.400+0900: 350.220: [GC (Allocation Failure) 350.220: [ParNew: 59008K->6528K(59008K), 0.0465614 secs] 11023479K->10999204K(25159296K), 0.0467605 secs] [Times: user=0.56 sys=0.00, real=0.04 secs] 
2014-04-09T14:28:21.503+0900: 350.323: [GC (Allocation Failure) 350.323: [ParNew: 59008K->6528K(59008K), 0.0457320 secs] 11050149K->11012902K(25159296K), 0.0459317 secs] [Times: user=0.41 sys=0.02, real=0.04 secs] 
2014-04-09T14:28:21.605+0900: 350.424: [GC (Allocation Failure) 350.425: [ParNew: 59008K->5339K(59008K), 0.0449920 secs] 11064196K->11027107K(25159296K), 0.0451965 secs] [Times: user=0.55 sys=0.00, real=0.05 secs] 
2014-04-09T14:28:21.676+0900: 350.495: [GC (Allocation Failure) 350.495: [ParNew: 55136K->5766K(59008K), 0.0405329 secs] 11076298K->11037089K(25159296K), 0.0407442 secs] [Times: user=0.51 sys=0.01, real=0.04 secs] 
2014-04-09T14:28:21.765+0900: 350.585: [GC (Allocation Failure) 350.585: [ParNew: 58246K->6528K(59008K), 0.0505160 secs] 11087726K->11062810K(25159296K), 0.0507179 secs] [Times: user=0.60 sys=0.01, real=0.05 secs] 
2014-04-09T14:28:21.850+0900: 350.670: [GC (Allocation Failure) 350.670: [ParNew: 59008K->6528K(59008K), 0.0464285 secs] 11113756K->11088348K(25159296K), 0.0466293 secs] [Times: user=0.53 sys=0.01, real=0.04 secs] 
2014-04-09T14:28:21.929+0900: 350.749: [GC (Allocation Failure) 350.749: [ParNew: 59008K->6528K(59008K), 0.0480140 secs] 11139359K->11116680K(25159296K), 0.0482161 secs] [Times: user=0.58 sys=0.01, real=0.04 secs] 
2014-04-09T14:28:22.030+0900: 350.850: [GC (Allocation Failure) 350.850: [ParNew: 57436K->6528K(59008K), 0.0466532 secs] 11164993K->11126219K(25159296K), 0.0468674 secs] [Times: user=0.58 sys=0.00, real=0.04 secs] 
2014-04-09T14:28:22.139+0900: 350.959: [GC (Allocation Failure) 350.959: [ParNew: 59008K->5295K(59008K), 0.0439366 secs] 11176447K->11137695K(25159296K), 0.0441411 secs] [Times: user=0.52 sys=0.00, real=0.05 secs] 
2014-04-09T14:28:22.214+0900: 351.034: [GC (Allocation Failure) 351.034: [ParNew: 56516K->6528K(59008K), 0.0402655 secs] 11187126K->11157953K(25159296K), 0.0404668 secs] [Times: user=0.51 sys=0.00, real=0.04 secs] 
2014-04-09T14:28:22.293+0900: 351.112: [GC (Allocation Failure) 351.112: [ParNew: 59008K->6528K(59008K), 0.0477320 secs] 11208396K->11198721K(25159296K), 0.0478989 secs] [Times: user=0.59 sys=0.00, real=0.05 secs] 
2014-04-09T14:28:22.381+0900: 351.200: [GC (Allocation Failure) 351.201: [ParNew: 59006K->6528K(59008K), 0.0430998 secs] 11249538K->11225033K(25159296K), 0.0432917 secs] [Times: user=0.50 sys=0.01, real=0.04 secs] 
2014-04-09T14:28:22.453+0900: 351.272: [GC (Allocation Failure) 351.272: [ParNew: 59008K->6528K(59008K), 0.0431625 secs] 11274331K->11247913K(25159296K), 0.0433658 secs] [Times: user=0.52 sys=0.01, real=0.04 secs] 
2014-04-09T14:28:22.548+0900: 351.368: [GC (Allocation Failure) 351.368: [ParNew: 59008K->6528K(59008K), 0.0446307 secs] 11274452K->11238786K(25159296K), 0.0448314 secs] [Times: user=0.52 sys=0.00, real=0.05 secs] 
2014-04-09T14:28:22.650+0900: 351.470: [CMS-concurrent-sweep: 1.472/2.825 secs] [Times: user=19.61 sys=0.41, real=2.83 secs] 
2014-04-09T14:28:22.650+0900: 351.470: [CMS-concurrent-reset-start]
2014-04-09T14:28:22.658+0900: 351.477: [GC (Allocation Failure) 351.477: [ParNew: 55486K->6528K(59008K), 0.0397343 secs] 10171561K->10132084K(25159296K), 0.0399363 secs] [Times: user=0.50 sys=0.01, real=0.04 secs] 
2014-04-09T14:28:22.734+0900: 351.553: [GC (Allocation Failure) 351.553: [ParNew: 59008K->6528K(59008K), 0.0462702 secs] 10184564K->10155134K(25159296K), 0.0464687 secs] [Times: user=0.54 sys=0.01, real=0.05 secs] 
2014-04-09T14:28:22.812+0900: 351.632: [CMS-concurrent-reset: 0.073/0.162 secs] [Times: user=1.27 sys=0.04, real=0.16 secs] 
2014-04-09T14:28:22.814+0900: 351.634: [GC (Allocation Failure) 351.634: [ParNew: 54749K->6528K(59008K), 0.0362674 secs] 10203356K->10183877K(25159296K), 0.0364601 secs] [Times: user=0.45 sys=0.00, real=0.04 secs] 
2014-04-09T14:28:22.853+0900: 351.673: [GC (CMS Initial Mark) [1 CMS-initial-mark: 10177349K(25100288K)] 10194199K(25159296K), 0.0013917 secs] [Times: user=0.00 sys=0.00, real=0.00 secs] 
2014-04-09T14:28:22.855+0900: 351.675: [CMS-concurrent-mark-start]
2014-04-09T14:28:22.892+0900: 351.711: [GC (Allocation Failure) 351.711: [ParNew: 59008K->6528K(59008K), 0.0414780 secs] 10236357K->10215978K(25159296K), 0.0416777 secs] [Times: user=0.51 sys=0.01, real=0.04 secs] 
2014-04-09T14:28:22.964+0900: 351.784: [GC (Allocation Failure) 351.784: [ParNew: 59008K->6528K(59008K), 0.0487307 secs] 10268458K->10246299K(25159296K), 0.0489341 secs] [Times: user=0.56 sys=0.00, real=0.05 secs] 
2014-04-09T14:28:23.060+0900: 351.880: [GC (Allocation Failure) 351.880: [ParNew: 59008K->6528K(59008K), 0.0482998 secs] 10298779K->10262832K(25159296K), 0.0485050 secs] [Times: user=0.55 sys=0.01, real=0.04 secs] 
2014-04-09T14:28:23.167+0900: 351.987: [GC (Allocation Failure) 351.987: [ParNew: 59008K->6528K(59008K), 0.0465080 secs] 10315312K->10274220K(25159296K), 0.0467102 secs] [Times: user=0.57 sys=0.01, real=0.05 secs] 
2014-04-09T14:28:23.276+0900: 352.095: [GC (Allocation Failure) 352.095: [ParNew: 58998K->6161K(59008K), 0.0365316 secs] 10326691K->10292206K(25159296K), 0.0367415 secs] [Times: user=0.46 sys=0.01, real=0.04 secs] 
2014-04-09T14:28:23.334+0900: 352.154: [GC (Allocation Failure) 352.154: [ParNew: 52413K->6528K(59008K), 0.0369950 secs] 10338458K->10312212K(25159296K), 0.0372124 secs] [Times: user=0.45 sys=0.01, real=0.04 secs] 
2014-04-09T14:28:23.396+0900: 352.216: [GC (Allocation Failure) 352.216: [ParNew: 59008K->3891K(59008K), 0.0347236 secs] 10364692K->10346133K(25159296K), 0.0349344 secs] [Times: user=0.43 sys=0.01, real=0.04 secs] 
2014-04-09T14:28:23.504+0900: 352.324: [GC (Allocation Failure) 352.324: [ParNew: 56371K->6528K(59008K), 0.0564158 secs] 10398613K->10370664K(25159296K), 0.0566166 secs] [Times: user=0.56 sys=0.02, real=0.06 secs] 
2014-04-09T14:28:23.626+0900: 352.445: [GC (Allocation Failure) 352.446: [ParNew: 59008K->6528K(59008K), 0.0462385 secs] 10423144K->10381805K(25159296K), 0.0464395 secs] [Times: user=0.52 sys=0.01, real=0.05 secs] 
2014-04-09T14:28:23.737+0900: 352.556: [GC (Allocation Failure) 352.556: [ParNew: 59008K->5339K(59008K), 0.0445574 secs] 10434285K->10394794K(25159296K), 0.0447628 secs] [Times: user=0.52 sys=0.01, real=0.05 secs] 
2014-04-09T14:28:23.814+0900: 352.633: [GC (Allocation Failure) 352.633: [ParNew: 54409K->1555K(59008K), 0.0354827 secs] 10443864K->10405241K(25159296K), 0.0356825 secs] [Times: user=0.45 sys=0.00, real=0.03 secs] 
2014-04-09T14:28:23.896+0900: 352.716: [GC (Allocation Failure) 352.716: [ParNew: 51235K->6528K(59008K), 0.0427202 secs] 10454922K->10429201K(25159296K), 0.0429207 secs] [Times: user=0.51 sys=0.02, real=0.04 secs] 
2014-04-09T14:28:23.998+0900: 352.817: [GC (Allocation Failure) 352.817: [ParNew: 58990K->6419K(59008K), 0.0371480 secs] 10481664K->10441432K(25159296K), 0.0373530 secs] [Times: user=0.47 sys=0.00, real=0.04 secs] 
2014-04-09T14:28:24.076+0900: 352.895: [GC (Allocation Failure) 352.895: [ParNew: 58899K->6528K(59008K), 0.0382258 secs] 10493912K->10464243K(25159296K), 0.0384451 secs] [Times: user=0.47 sys=0.00, real=0.04 secs] 
2014-04-09T14:28:24.208+0900: 353.028: [GC (Allocation Failure) 353.028: [ParNew: 59008K->6528K(59008K), 0.0504431 secs] 10516723K->10479582K(25159296K), 0.0506423 secs] [Times: user=0.57 sys=0.01, real=0.05 secs] 
2014-04-09T14:28:24.388+0900: 353.208: [GC (Allocation Failure) 353.208: [ParNew: 58295K->6397K(59008K), 0.0347681 secs] 10531350K->10485959K(25159296K), 0.0349629 secs] [Times: user=0.40 sys=0.00, real=0.04 secs] 
2014-04-09T14:28:24.485+0900: 353.304: [GC (Allocation Failure) 353.304: [ParNew: 58868K->6499K(59008K), 0.0347104 secs] 10538430K->10498372K(25159296K), 0.0349151 secs] [Times: user=0.44 sys=0.00, real=0.04 secs] 
2014-04-09T14:28:24.572+0900: 353.391: [GC (Allocation Failure) 353.391: [ParNew: 58979K->6528K(59008K), 0.0409711 secs] 10550852K->10525029K(25159296K), 0.0411630 secs] [Times: user=0.51 sys=0.00, real=0.04 secs] 
2014-04-09T14:28:24.713+0900: 353.532: [GC (Allocation Failure) 353.532: [ParNew: 59008K->6528K(59008K), 0.0425492 secs] 10577509K->10536345K(25159296K), 0.0427417 secs] [Times: user=0.48 sys=0.01, real=0.04 secs] 
2014-04-09T14:28:24.874+0900: 353.694: [GC (Allocation Failure) 353.694: [ParNew: 52023K->2395K(59008K), 0.0391487 secs] 10581840K->10544756K(25159296K), 0.0393372 secs] [Times: user=0.48 sys=0.01, real=0.04 secs] 
2014-04-09T14:28:24.950+0900: 353.770: [GC (Allocation Failure) 353.770: [ParNew: 54383K->6528K(59008K), 0.0314302 secs] 10596744K->10563612K(25159296K), 0.0316287 secs] [Times: user=0.40 sys=0.00, real=0.03 secs] 
2014-04-09T14:28:25.038+0900: 353.857: [GC (Allocation Failure) 353.857: [ParNew: 59008K->6528K(59008K), 0.0412061 secs] 10616092K->10594165K(25159296K), 0.0413935 secs] [Times: user=0.50 sys=0.01, real=0.04 secs] 
2014-04-09T14:28:25.180+0900: 354.000: [GC (Allocation Failure) 354.000: [ParNew: 59008K->6528K(59008K), 0.0448318 secs] 10646645K->10602202K(25159296K), 0.0450238 secs] [Times: user=0.51 sys=0.02, real=0.04 secs] 
2014-04-09T14:28:25.352+0900: 354.172: [GC (Allocation Failure) 354.172: [ParNew: 53523K->1469K(59008K), 0.0354950 secs] 10649197K->10611163K(25159296K), 0.0356977 secs] [Times: user=0.44 sys=0.00, real=0.03 secs] 
2014-04-09T14:28:25.417+0900: 354.237: [GC (Allocation Failure) 354.237: [ParNew: 53539K->637K(59008K), 0.0308583 secs] 10663233K->10630652K(25159296K), 0.0310573 secs] [Times: user=0.39 sys=0.01, real=0.03 secs] 
2014-04-09T14:28:25.510+0900: 354.329: [GC (Allocation Failure) 354.329: [ParNew: 53117K->6526K(59008K), 0.0625784 secs] 10683132K->10661586K(25159296K), 0.0627827 secs] [Times: user=0.61 sys=0.01, real=0.06 secs] 
2014-04-09T14:28:25.719+0900: 354.538: [GC (Allocation Failure) 354.539: [ParNew: 59006K->2059K(59008K), 0.0386898 secs] 10714066K->10663623K(25159296K), 0.0388859 secs] [Times: user=0.45 sys=0.01, real=0.04 secs] 
2014-04-09T14:28:25.795+0900: 354.615: [CMS-concurrent-mark: 1.787/2.940 secs] [Times: user=22.43 sys=0.51, real=2.94 secs] 
2014-04-09T14:28:25.796+0900: 354.615: [CMS-concurrent-preclean-start]
2014-04-09T14:28:25.924+0900: 354.744: [GC (Allocation Failure) 354.744: [ParNew: 54535K->2177K(59008K), 0.0347444 secs] 10716099K->10673901K(25159296K), 0.0349377 secs] [Times: user=0.44 sys=0.00, real=0.03 secs] 
2014-04-09T14:28:25.995+0900: 354.815: [GC (Allocation Failure) 354.815: [ParNew: 54655K->3385K(59008K), 0.0374423 secs] 10726379K->10695430K(25159296K), 0.0376362 secs] [Times: user=0.47 sys=0.00, real=0.04 secs] 
2014-04-09T14:28:26.125+0900: 354.945: [GC (Allocation Failure) 354.945: [ParNew: 55865K->6528K(59008K), 0.0566413 secs] 10747910K->10714665K(25159296K), 0.0568358 secs] [Times: user=0.49 sys=0.02, real=0.06 secs] 
2014-04-09T14:28:26.341+0900: 355.161: [GC (Allocation Failure) 355.161: [ParNew: 58520K->6491K(59008K), 0.0403499 secs] 10766657K->10721123K(25159296K), 0.0405460 secs] [Times: user=0.42 sys=0.01, real=0.04 secs] 
2014-04-09T14:28:26.489+0900: 355.309: [GC (Allocation Failure) 355.309: [ParNew: 58963K->6528K(59008K), 0.0335906 secs] 10773594K->10731910K(25159296K), 0.0337985 secs] [Times: user=0.42 sys=0.00, real=0.04 secs] 
2014-04-09T14:28:26.575+0900: 355.394: [GC (Allocation Failure) 355.394: [ParNew: 59008K->6528K(59008K), 0.0331639 secs] 10784390K->10755451K(25159296K), 0.0333547 secs] [Times: user=0.41 sys=0.00, real=0.03 secs] 
2014-04-09T14:28:26.716+0900: 355.536: [CMS-concurrent-preclean: 0.614/0.921 secs] [Times: user=4.05 sys=0.07, real=0.92 secs] 
2014-04-09T14:28:26.717+0900: 355.537: [GC (Allocation Failure) 355.537: [ParNew: 59008K->6528K(59008K), 0.0497564 secs] 10807931K->10767822K(25159296K), 0.0499287 secs] [Times: user=0.53 sys=0.00, real=0.05 secs] 
2014-04-09T14:28:26.768+0900: 355.588: [GC (CMS Final Remark) [YG occupancy: 6793 K (59008 K)]355.588: [Rescan (parallel) , 0.0173254 secs]355.605: [weak refs processing, 0.0000618 secs]355.605: [class unloading, 0.0442628 secs]355.649: [scrub symbol table, 0.0043294 secs]355.654: [scrub string table, 0.0012187 secs][1 CMS-remark: 10761294K(25100288K)] 10768087K(25159296K), 0.0747874 secs] [Times: user=0.28 sys=0.00, real=0.08 secs] 
2014-04-09T14:28:26.843+0900: 355.663: [CMS-concurrent-sweep-start]
2014-04-09T14:28:26.956+0900: 355.776: [GC (Allocation Failure) 355.776: [ParNew: 59007K->6528K(59008K), 0.0387057 secs] 10815863K->10777158K(25159296K), 0.0389056 secs] [Times: user=0.44 sys=0.01, real=0.04 secs] 
2014-04-09T14:28:27.022+0900: 355.842: [GC (Allocation Failure) 355.842: [ParNew: 59008K->3540K(59008K), 0.0328518 secs] 10829300K->10788068K(25159296K), 0.0330523 secs] [Times: user=0.41 sys=0.01, real=0.03 secs] 
2014-04-09T14:28:27.105+0900: 355.925: [GC (Allocation Failure) 355.925: [ParNew: 56020K->6528K(59008K), 0.0406588 secs] 10838814K->10793537K(25159296K), 0.0408537 secs] [Times: user=0.51 sys=0.00, real=0.04 secs] 
2014-04-09T14:28:27.185+0900: 356.005: [GC (Allocation Failure) 356.005: [ParNew: 59008K->6528K(59008K), 0.0399842 secs] 10844618K->10798721K(25159296K), 0.0401809 secs] [Times: user=0.49 sys=0.01, real=0.04 secs] 
2014-04-09T14:28:27.286+0900: 356.106: [GC (Allocation Failure) 356.106: [ParNew: 59008K->4607K(59008K), 0.0353363 secs] 10848349K->10798576K(25159296K), 0.0355438 secs] [Times: user=0.43 sys=0.00, real=0.04 secs] 
2014-04-09T14:28:27.385+0900: 356.204: [GC (Allocation Failure) 356.205: [ParNew: 57087K->1160K(59008K), 0.0300988 secs] 10847957K->10792030K(25159296K), 0.0302928 secs] [Times: user=0.37 sys=0.00, real=0.03 secs] 
2014-04-09T14:28:27.483+0900: 356.303: [GC (Allocation Failure) 356.303: [ParNew: 53640K->299K(59008K), 0.0309324 secs] 10840021K->10786680K(25159296K), 0.0311353 secs] [Times: user=0.39 sys=0.00, real=0.03 secs] 
2014-04-09T14:28:27.578+0900: 356.398: [GC (Allocation Failure) 356.398: [ParNew: 52779K->117K(59008K), 0.0316383 secs] 10829920K->10777259K(25159296K), 0.0318367 secs] [Times: user=0.39 sys=0.01, real=0.03 secs] 
2014-04-09T14:28:27.674+0900: 356.494: [GC (Allocation Failure) 356.494: [ParNew: 52597K->81K(59008K), 0.0323478 secs] 10817138K->10764622K(25159296K), 0.0325464 secs] [Times: user=0.40 sys=0.01, real=0.03 secs] 
2014-04-09T14:28:27.769+0900: 356.588: [GC (Allocation Failure) 356.588: [ParNew: 52561K->84K(59008K), 0.0299486 secs] 10806806K->10754328K(25159296K), 0.0301154 secs] [Times: user=0.38 sys=0.00, real=0.03 secs] 
2014-04-09T14:28:27.860+0900: 356.680: [GC (Allocation Failure) 356.680: [ParNew: 52564K->55K(59008K), 0.0286616 secs] 10799632K->10747171K(25159296K), 0.0288303 secs] [Times: user=0.37 sys=0.01, real=0.03 secs] 
2014-04-09T14:28:27.950+0900: 356.770: [GC (Allocation Failure) 356.770: [ParNew: 52535K->30K(59008K), 0.0313178 secs] 10789350K->10736846K(25159296K), 0.0314870 secs] [Times: user=0.39 sys=0.00, real=0.04 secs] 
2014-04-09T14:28:28.042+0900: 356.862: [GC (Allocation Failure) 356.862: [ParNew: 52510K->26K(59008K), 0.0315042 secs] 10784964K->10732485K(25159296K), 0.0316726 secs] [Times: user=0.39 sys=0.01, real=0.03 secs] 
2014-04-09T14:28:28.134+0900: 356.953: [GC (Allocation Failure) 356.954: [ParNew: 52506K->26K(59008K), 0.0294512 secs] 10780156K->10727677K(25159296K), 0.0296378 secs] [Times: user=0.37 sys=0.00, real=0.03 secs] 
2014-04-09T14:28:28.223+0900: 357.043: [GC (Allocation Failure) 357.043: [ParNew: 52506K->84K(59008K), 0.0292709 secs] 10770966K->10718545K(25159296K), 0.0294360 secs] [Times: user=0.36 sys=0.01, real=0.03 secs] 
2014-04-09T14:28:28.313+0900: 357.132: [GC (Allocation Failure) 357.133: [ParNew: 52564K->98K(59008K), 0.0276781 secs] 10765821K->10713356K(25159296K), 0.0278417 secs] [Times: user=0.35 sys=0.00, real=0.03 secs] 
2014-04-09T14:28:28.398+0900: 357.218: [GC (Allocation Failure) 357.218: [ParNew: 52578K->109K(59008K), 0.0300524 secs] 10761711K->10709242K(25159296K), 0.0302147 secs] [Times: user=0.37 sys=0.01, real=0.03 secs] 
2014-04-09T14:28:28.486+0900: 357.306: [GC (Allocation Failure) 357.306: [ParNew: 52589K->109K(59008K), 0.0306637 secs] 10757346K->10704866K(25159296K), 0.0308259 secs] [Times: user=0.39 sys=0.00, real=0.03 secs] 
2014-04-09T14:28:28.574+0900: 357.394: [GC (Allocation Failure) 357.394: [ParNew: 52589K->115K(59008K), 0.0292127 secs] 10750486K->10698013K(25159296K), 0.0293752 secs] [Times: user=0.36 sys=0.01, real=0.03 secs] 
2014-04-09T14:28:28.661+0900: 357.480: [GC (Allocation Failure) 357.480: [ParNew: 52595K->95K(59008K), 0.0271817 secs] 10741588K->10689088K(25159296K), 0.0273461 secs] [Times: user=0.34 sys=0.00, real=0.02 secs] 
2014-04-09T14:28:28.745+0900: 357.564: [GC (Allocation Failure) 357.565: [ParNew: 52575K->46K(59008K), 0.0316487 secs] 10733004K->10680525K(25159296K), 0.0318128 secs] [Times: user=0.40 sys=0.00, real=0.03 secs] 
2014-04-09T14:28:28.832+0900: 357.652: [GC (Allocation Failure) 357.652: [ParNew: 52526K->18K(59008K), 0.0311794 secs] 10724095K->10671598K(25159296K), 0.0313360 secs] [Times: user=0.39 sys=0.00, real=0.03 secs] 
2014-04-09T14:28:28.920+0900: 357.740: [GC (Allocation Failure) 357.740: [ParNew: 52498K->16K(59008K), 0.0305335 secs] 10716857K->10664375K(25159296K), 0.0306918 secs] [Times: user=0.38 sys=0.00, real=0.04 secs] 
2014-04-09T14:28:29.007+0900: 357.827: [GC (Allocation Failure) 357.827: [ParNew: 52496K->20K(59008K), 0.0306812 secs] 10692929K->10640453K(25159296K), 0.0308512 secs] [Times: user=0.38 sys=0.01, real=0.03 secs] 
2014-04-09T14:28:29.074+0900: 357.894: [CMS-concurrent-sweep: 1.428/2.231 secs] [Times: user=13.99 sys=0.15, real=2.23 secs] 
2014-04-09T14:28:29.074+0900: 357.894: [CMS-concurrent-reset-start]
2014-04-09T14:28:29.096+0900: 357.916: [GC (Allocation Failure) 357.916: [ParNew: 52500K->18K(59008K), 0.0323164 secs] 9208110K->9155628K(25159296K), 0.0324745 secs] [Times: user=0.41 sys=0.00, real=0.03 secs] 
2014-04-09T14:28:29.188+0900: 358.008: [GC (Allocation Failure) 358.008: [ParNew: 52498K->20K(59008K), 0.0313096 secs] 9208108K->9155630K(25159296K), 0.0314678 secs] [Times: user=0.39 sys=0.00, real=0.03 secs] 
2014-04-09T14:28:29.228+0900: 358.047: [CMS-concurrent-reset: 0.087/0.153 secs] [Times: user=1.06 sys=0.00, real=0.15 secs] 
2014-04-09T14:28:29.293+0900: 358.112: [GC (Allocation Failure) 358.113: [ParNew: 52500K->30K(59008K), 0.0354835 secs] 9208110K->9155640K(25159296K), 0.0356470 secs] [Times: user=0.44 sys=0.00, real=0.03 secs] 
2014-04-09T14:28:29.330+0900: 358.149: [GC (CMS Initial Mark) [1 CMS-initial-mark: 9155610K(25100288K)] 9156148K(25159296K), 0.0013261 secs] [Times: user=0.01 sys=0.00, real=0.01 secs] 
2014-04-09T14:28:29.332+0900: 358.151: [CMS-concurrent-mark-start]
2014-04-09T14:28:29.394+0900: 358.213: [GC (Allocation Failure) 358.213: [ParNew: 52510K->59K(59008K), 0.0320256 secs] 9208120K->9155670K(25159296K), 0.0321811 secs] [Times: user=0.39 sys=0.01, real=0.03 secs] 
2014-04-09T14:28:29.487+0900: 358.307: [GC (Allocation Failure) 358.307: [ParNew: 52539K->703K(59008K), 0.0323683 secs] 9208150K->9164506K(25159296K), 0.0325228 secs] [Times: user=0.41 sys=0.01, real=0.03 secs] 
2014-04-09T14:28:29.562+0900: 358.382: [GC (Allocation Failure) 358.382: [ParNew: 53183K->4410K(59008K), 0.0326631 secs] 9216986K->9178374K(25159296K), 0.0328162 secs] [Times: user=0.42 sys=0.00, real=0.03 secs] 
2014-04-09T14:28:29.622+0900: 358.441: [GC (Allocation Failure) 358.441: [ParNew: 56890K->954K(59008K), 0.0338086 secs] 9230854K->9195942K(25159296K), 0.0339726 secs] [Times: user=0.43 sys=0.00, real=0.03 secs] 
2014-04-09T14:28:29.720+0900: 358.540: [GC (Allocation Failure) 358.540: [ParNew: 53433K->6526K(59008K), 0.0415351 secs] 9248421K->9209804K(25159296K), 0.0416904 secs] [Times: user=0.49 sys=0.00, real=0.05 secs] 
2014-04-09T14:28:29.821+0900: 358.641: [GC (Allocation Failure) 358.641: [ParNew: 59006K->6528K(59008K), 0.0431805 secs] 9262284K->9217495K(25159296K), 0.0433365 secs] [Times: user=0.51 sys=0.01, real=0.04 secs] 
2014-04-09T14:28:29.919+0900: 358.739: [GC (Allocation Failure) 358.739: [ParNew: 51701K->6528K(59008K), 0.0375450 secs] 9262668K->9223409K(25159296K), 0.0376992 secs] [Times: user=0.44 sys=0.01, real=0.04 secs] 
2014-04-09T14:28:30.006+0900: 358.825: [GC (Allocation Failure) 358.825: [ParNew: 49513K->99K(59008K), 0.0317548 secs] 9266394K->9227381K(25159296K), 0.0319081 secs] [Times: user=0.41 sys=0.00, real=0.03 secs] 
2014-04-09T14:28:30.062+0900: 358.881: [GC (Allocation Failure) 358.882: [ParNew: 52579K->6528K(59008K), 0.0321328 secs] 9279861K->9247928K(25159296K), 0.0322869 secs] [Times: user=0.40 sys=0.00, real=0.03 secs] 
2014-04-09T14:28:30.132+0900: 358.952: [GC (Allocation Failure) 358.952: [ParNew: 59008K->6526K(59008K), 0.0363511 secs] 9300408K->9268443K(25159296K), 0.0365154 secs] [Times: user=0.46 sys=0.01, real=0.03 secs] 
2014-04-09T14:28:30.230+0900: 359.049: [GC (Allocation Failure) 359.049: [ParNew: 59006K->6528K(59008K), 0.0493917 secs] 9320923K->9282799K(25159296K), 0.0495447 secs] [Times: user=0.57 sys=0.01, real=0.05 secs] 
2014-04-09T14:28:30.332+0900: 359.152: [GC (Allocation Failure) 359.152: [ParNew: 59008K->5609K(59008K), 0.0376127 secs] 9335279K->9288206K(25159296K), 0.0377766 secs] [Times: user=0.45 sys=0.00, real=0.04 secs] 
2014-04-09T14:28:30.426+0900: 359.246: [GC (Allocation Failure) 359.246: [ParNew: 51340K->2211K(59008K), 0.0342801 secs] 9333938K->9293000K(25159296K), 0.0344298 secs] [Times: user=0.43 sys=0.00, real=0.04 secs] 
2014-04-09T14:28:30.494+0900: 359.314: [GC (Allocation Failure) 359.314: [ParNew: 54670K->6528K(59008K), 0.0341096 secs] 9345459K->9312964K(25159296K), 0.0342624 secs] [Times: user=0.43 sys=0.00, real=0.03 secs] 
2014-04-09T14:28:30.570+0900: 359.390: [GC (Allocation Failure) 359.390: [ParNew: 59008K->6246K(59008K), 0.0389990 secs] 9365444K->9342612K(25159296K), 0.0391617 secs] [Times: user=0.49 sys=0.00, real=0.04 secs] 
2014-04-09T14:28:30.655+0900: 359.475: [GC (Allocation Failure) 359.475: [ParNew: 58726K->6528K(59008K), 0.0396604 secs] 9395092K->9378335K(25159296K), 0.0398118 secs] [Times: user=0.48 sys=0.00, real=0.04 secs] 
2014-04-09T14:28:30.793+0900: 359.613: [GC (Allocation Failure) 359.613: [ParNew: 54102K->6528K(59008K), 0.0410177 secs] 9425910K->9388870K(25159296K), 0.0411690 secs] [Times: user=0.48 sys=0.01, real=0.04 secs] 
2014-04-09T14:28:30.903+0900: 359.722: [GC (Allocation Failure) 359.722: [ParNew: 58981K->6528K(59008K), 0.0338505 secs] 9441323K->9403573K(25159296K), 0.0339992 secs] [Times: user=0.42 sys=0.01, real=0.03 secs] 
2014-04-09T14:28:30.975+0900: 359.794: [CMS-concurrent-mark: 0.959/1.643 secs] [Times: user=13.67 sys=0.17, real=1.64 secs] 
2014-04-09T14:28:30.975+0900: 359.794: [CMS-concurrent-preclean-start]
2014-04-09T14:28:30.989+0900: 359.809: [GC (Allocation Failure) 359.809: [ParNew: 59008K->6528K(59008K), 0.0369105 secs] 9456053K->9430428K(25159296K), 0.0370588 secs] [Times: user=0.45 sys=0.01, real=0.04 secs] 
2014-04-09T14:28:31.130+0900: 359.950: [GC (Allocation Failure) 359.950: [ParNew: 56218K->6528K(59008K), 0.0397552 secs] 9480118K->9443941K(25159296K), 0.0399130 secs] [Times: user=0.43 sys=0.01, real=0.04 secs] 
2014-04-09T14:28:31.245+0900: 360.065: [GC (Allocation Failure) 360.065: [ParNew: 58981K->6526K(59008K), 0.0423112 secs] 9496395K->9459179K(25159296K), 0.0424945 secs] [Times: user=0.53 sys=0.01, real=0.04 secs] 
2014-04-09T14:28:31.325+0900: 360.144: [GC (Allocation Failure) 360.144: [ParNew: 59006K->6528K(59008K), 0.0429349 secs] 9511659K->9483261K(25159296K), 0.0431089 secs] [Times: user=0.55 sys=0.00, real=0.04 secs] 
2014-04-09T14:28:31.436+0900: 360.256: [CMS-concurrent-preclean: 0.276/0.461 secs] [Times: user=2.57 sys=0.05, real=0.46 secs] 
2014-04-09T14:28:31.437+0900: 360.256: [GC (Allocation Failure) 360.256: [ParNew: 59008K->6528K(59008K), 0.0498805 secs] 9535741K->9517186K(25159296K), 0.0500289 secs] [Times: user=0.59 sys=0.02, real=0.05 secs] 
2014-04-09T14:28:31.487+0900: 360.307: [GC (CMS Final Remark) [YG occupancy: 6579 K (59008 K)]360.307: [Rescan (parallel) , 0.0170259 secs]360.324: [weak refs processing, 0.0001197 secs]360.324: [class unloading, 0.0442318 secs]360.369: [scrub symbol table, 0.0043527 secs]360.373: [scrub string table, 0.0012260 secs][1 CMS-remark: 9510658K(25100288K)] 9517238K(25159296K), 0.0745447 secs] [Times: user=0.27 sys=0.00, real=0.08 secs] 
2014-04-09T14:28:31.562+0900: 360.382: [CMS-concurrent-sweep-start]
2014-04-09T14:28:31.611+0900: 360.431: [GC (Allocation Failure) 360.431: [ParNew: 59008K->6528K(59008K), 0.0466251 secs] 9527493K->9496357K(25159296K), 0.0468030 secs] [Times: user=0.51 sys=0.01, real=0.04 secs] 
2014-04-09T14:28:31.720+0900: 360.540: [GC (Allocation Failure) 360.540: [ParNew: 57229K->6528K(59008K), 0.0489752 secs] 9486052K->9446539K(25159296K), 0.0491461 secs] [Times: user=0.60 sys=0.00, real=0.05 secs] 
2014-04-09T14:28:31.826+0900: 360.646: [GC (Allocation Failure) 360.646: [ParNew: 58989K->1869K(59008K), 0.0324777 secs] 9432570K->9396408K(25159296K), 0.0326529 secs] [Times: user=0.40 sys=0.00, real=0.03 secs] 
2014-04-09T14:28:31.881+0900: 360.701: [GC (Allocation Failure) 360.701: [ParNew: 54342K->6528K(59008K), 0.0407561 secs] 9427649K->9405148K(25159296K), 0.0409280 secs] [Times: user=0.51 sys=0.00, real=0.04 secs] 
2014-04-09T14:28:31.940+0900: 360.760: [GC (Allocation Failure) 360.760: [ParNew: 50107K->6528K(59008K), 0.0341616 secs] 9423664K->9396596K(25159296K), 0.0343443 secs] [Times: user=0.42 sys=0.00, real=0.04 secs] 
2014-04-09T14:28:32.011+0900: 360.831: [GC (Allocation Failure) 360.831: [ParNew: 59006K->6528K(59008K), 0.0458033 secs] 9407903K->9387794K(25159296K), 0.0459710 secs] [Times: user=0.56 sys=0.00, real=0.04 secs] 
2014-04-09T14:28:32.105+0900: 360.924: [GC (Allocation Failure) 360.924: [ParNew: 59008K->6528K(59008K), 0.0497886 secs] 9378567K->9350479K(25159296K), 0.0499565 secs] [Times: user=0.58 sys=0.01, real=0.05 secs] 
2014-04-09T14:28:32.214+0900: 361.034: [GC (Allocation Failure) 361.034: [ParNew: 58539K->6528K(59008K), 0.0450049 secs] 9329039K->9286591K(25159296K), 0.0451749 secs] [Times: user=0.55 sys=0.01, real=0.04 secs] 
2014-04-09T14:28:32.321+0900: 361.140: [GC (Allocation Failure) 361.140: [ParNew: 49704K->2869K(59008K), 0.0343281 secs] 9228719K->9202364K(25159296K), 0.0345025 secs] [Times: user=0.43 sys=0.00, real=0.03 secs] 
2014-04-09T14:28:32.377+0900: 361.196: [GC (Allocation Failure) 361.196: [ParNew: 55345K->6528K(59008K), 0.0439098 secs] 9229564K->9207526K(25159296K), 0.0440826 secs] [Times: user=0.55 sys=0.00, real=0.05 secs] 
2014-04-09T14:28:32.439+0900: 361.259: [GC (Allocation Failure) 361.259: [ParNew: 57074K->6528K(59008K), 0.0381398 secs] 9247139K->9221075K(25159296K), 0.0383133 secs] [Times: user=0.47 sys=0.00, real=0.04 secs] 
2014-04-09T14:28:32.513+0900: 361.333: [GC (Allocation Failure) 361.333: [ParNew: 59008K->6528K(59008K), 0.0434144 secs] 9242608K->9220368K(25159296K), 0.0435855 secs] [Times: user=0.54 sys=0.00, real=0.04 secs] 
2014-04-09T14:28:32.604+0900: 361.423: [GC (Allocation Failure) 361.424: [ParNew: 59008K->6528K(59008K), 0.0437654 secs] 9226720K->9199590K(25159296K), 0.0439368 secs] [Times: user=0.47 sys=0.02, real=0.04 secs] 
2014-04-09T14:28:32.708+0900: 361.528: [GC (Allocation Failure) 361.528: [ParNew: 58520K->6528K(59008K), 0.0403156 secs] 9182150K->9139300K(25159296K), 0.0404861 secs] [Times: user=0.49 sys=0.00, real=0.04 secs] 
2014-04-09T14:28:32.817+0900: 361.636: [GC (Allocation Failure) 361.636: [ParNew: 53799K->2819K(59008K), 0.0348767 secs] 9109462K->9078962K(25159296K), 0.0350523 secs] [Times: user=0.45 sys=0.00, real=0.04 secs] 
2014-04-09T14:28:32.870+0900: 361.690: [GC (Allocation Failure) 361.690: [ParNew: 55299K->6528K(59008K), 0.0396999 secs] 9107491K->9085319K(25159296K), 0.0398715 secs] [Times: user=0.50 sys=0.00, real=0.04 secs] 
2014-04-09T14:28:32.926+0900: 361.746: [GC (Allocation Failure) 361.746: [ParNew: 57286K->6507K(59008K), 0.0387936 secs] 9116194K->9087584K(25159296K), 0.0389692 secs] [Times: user=0.48 sys=0.00, real=0.04 secs] 
2014-04-09T14:28:33.002+0900: 361.822: [GC (Allocation Failure) 361.822: [ParNew: 58986K->6528K(59008K), 0.0458410 secs] 9087918K->9066022K(25159296K), 0.0460151 secs] [Times: user=0.57 sys=0.01, real=0.04 secs] 
2014-04-09T14:28:33.095+0900: 361.914: [GC (Allocation Failure) 361.914: [ParNew: 59008K->6528K(59008K), 0.0434025 secs] 9049220K->9022844K(25159296K), 0.0435711 secs] [Times: user=0.47 sys=0.02, real=0.04 secs] 
2014-04-09T14:28:33.198+0900: 362.017: [GC (Allocation Failure) 362.017: [ParNew: 58020K->6323K(59008K), 0.0408018 secs] 9009944K->8966433K(25159296K), 0.0409730 secs] [Times: user=0.51 sys=0.01, real=0.04 secs] 
2014-04-09T14:28:33.307+0900: 362.127: [GC (Allocation Failure) 362.127: [ParNew: 54589K->2828K(59008K), 0.0397559 secs] 8952959K->8921677K(25159296K), 0.0399262 secs] [Times: user=0.50 sys=0.00, real=0.04 secs] 
2014-04-09T14:28:33.367+0900: 362.187: [GC (Allocation Failure) 362.187: [ParNew: 55303K->6528K(59008K), 0.0381352 secs] 8960720K->8938296K(25159296K), 0.0383062 secs] [Times: user=0.48 sys=0.01, real=0.04 secs] 
2014-04-09T14:28:33.428+0900: 362.248: [GC (Allocation Failure) 362.248: [ParNew: 57523K->6528K(59008K), 0.0422292 secs] 8971687K->8944266K(25159296K), 0.0423987 secs] [Times: user=0.50 sys=0.01, real=0.04 secs] 
2014-04-09T14:28:33.507+0900: 362.327: [GC (Allocation Failure) 362.327: [ParNew: 59008K->6528K(59008K), 0.0471893 secs] 8957254K->8935403K(25159296K), 0.0473607 secs] [Times: user=0.63 sys=0.00, real=0.05 secs] 
2014-04-09T14:28:33.603+0900: 362.423: [GC (Allocation Failure) 362.423: [ParNew: 59008K->6528K(59008K), 0.0427284 secs] 8935282K->8908323K(25159296K), 0.0428979 secs] [Times: user=0.48 sys=0.02, real=0.04 secs] 
2014-04-09T14:28:33.706+0900: 362.526: [GC (Allocation Failure) 362.526: [ParNew: 56943K->6528K(59008K), 0.0458408 secs] 8893811K->8850323K(25159296K), 0.0460141 secs] [Times: user=0.57 sys=0.00, real=0.05 secs] 
2014-04-09T14:28:33.815+0900: 362.635: [GC (Allocation Failure) 362.635: [ParNew: 54801K->814K(59008K), 0.0423579 secs] 8835760K->8804099K(25159296K), 0.0425356 secs] [Times: user=0.53 sys=0.00, real=0.04 secs] 
2014-04-09T14:28:33.881+0900: 362.701: [GC (Allocation Failure) 362.701: [ParNew: 53279K->6528K(59008K), 0.0373852 secs] 8837927K->8816023K(25159296K), 0.0375544 secs] [Times: user=0.47 sys=0.00, real=0.04 secs] 
2014-04-09T14:28:33.938+0900: 362.757: [GC (Allocation Failure) 362.757: [ParNew: 58355K->6528K(59008K), 0.0319135 secs] 8850422K->8823120K(25159296K), 0.0320835 secs] [Times: user=0.40 sys=0.00, real=0.03 secs] 
2014-04-09T14:28:34.006+0900: 362.826: [GC (Allocation Failure) 362.826: [ParNew: 59008K->6528K(59008K), 0.0463901 secs] 8845459K->8823775K(25159296K), 0.0465598 secs] [Times: user=0.57 sys=0.00, real=0.05 secs] 
2014-04-09T14:28:34.102+0900: 362.921: [GC (Allocation Failure) 362.921: [ParNew: 59008K->6528K(59008K), 0.0423505 secs] 8830197K->8802730K(25159296K), 0.0425221 secs] [Times: user=0.47 sys=0.01, real=0.04 secs] 
2014-04-09T14:28:34.203+0900: 363.023: [GC (Allocation Failure) 363.023: [ParNew: 56188K->6528K(59008K), 0.0474713 secs] 8789750K->8747117K(25159296K), 0.0476409 secs] [Times: user=0.59 sys=0.00, real=0.04 secs] 
2014-04-09T14:28:34.311+0900: 363.130: [GC (Allocation Failure) 363.130: [ParNew: 54799K->658K(59008K), 0.0445643 secs] 8730708K->8707073K(25159296K), 0.0447309 secs] [Times: user=0.56 sys=0.00, real=0.05 secs] 
2014-04-09T14:28:34.381+0900: 363.200: [GC (Allocation Failure) 363.200: [ParNew: 52228K->6528K(59008K), 0.0446824 secs] 8735513K->8714302K(25159296K), 0.0448627 secs] [Times: user=0.57 sys=0.00, real=0.05 secs] 
2014-04-09T14:28:34.458+0900: 363.278: [GC (Allocation Failure) 363.278: [ParNew: 58994K->6528K(59008K), 0.0333175 secs] 8729281K->8702916K(25159296K), 0.0334830 secs] [Times: user=0.42 sys=0.00, real=0.04 secs] 
2014-04-09T14:28:34.523+0900: 363.343: [GC (Allocation Failure) 363.343: [ParNew: 59007K->6528K(59008K), 0.0419448 secs] 8713157K->8692445K(25159296K), 0.0421103 secs] [Times: user=0.51 sys=0.00, real=0.04 secs] 
2014-04-09T14:28:34.612+0900: 363.432: [GC (Allocation Failure) 363.432: [ParNew: 59008K->6528K(59008K), 0.0404809 secs] 8683349K->8654536K(25159296K), 0.0406476 secs] [Times: user=0.47 sys=0.01, real=0.04 secs] 
2014-04-09T14:28:34.714+0900: 363.534: [GC (Allocation Failure) 363.534: [ParNew: 59008K->6528K(59008K), 0.0425765 secs] 8629147K->8586218K(25159296K), 0.0427448 secs] [Times: user=0.53 sys=0.00, real=0.04 secs] 
2014-04-09T14:28:34.811+0900: 363.630: [GC (Allocation Failure) 363.630: [ParNew: 58999K->4263K(59008K), 0.0439194 secs] 8581057K->8548030K(25159296K), 0.0440801 secs] [Times: user=0.54 sys=0.00, real=0.05 secs] 
2014-04-09T14:28:34.876+0900: 363.695: [GC (Allocation Failure) 363.695: [ParNew: 48887K->738K(59008K), 0.0397993 secs] 8568168K->8540420K(25159296K), 0.0399611 secs] [Times: user=0.50 sys=0.00, real=0.04 secs] 
2014-04-09T14:28:34.945+0900: 363.764: [GC (Allocation Failure) 363.764: [ParNew: 53216K->6526K(59008K), 0.0349201 secs] 8557307K->8537662K(25159296K), 0.0350820 secs] [Times: user=0.44 sys=0.00, real=0.03 secs] 
2014-04-09T14:28:35.007+0900: 363.826: [GC (Allocation Failure) 363.826: [ParNew: 59006K->6528K(59008K), 0.0357744 secs] 8566970K->8545535K(25159296K), 0.0359383 secs] [Times: user=0.43 sys=0.00, real=0.04 secs] 
2014-04-09T14:28:35.086+0900: 363.906: [GC (Allocation Failure) 363.906: [ParNew: 59006K->6528K(59008K), 0.0431958 secs] 8553981K->8525294K(25159296K), 0.0433542 secs] [Times: user=0.51 sys=0.01, real=0.04 secs] 
2014-04-09T14:28:35.184+0900: 364.004: [GC (Allocation Failure) 364.004: [ParNew: 56155K->6528K(59008K), 0.0385972 secs] 8512060K->8470556K(25159296K), 0.0387610 secs] [Times: user=0.46 sys=0.00, real=0.04 secs] 
2014-04-09T14:28:35.272+0900: 364.091: [GC (Allocation Failure) 364.091: [ParNew: 58995K->3172K(59008K), 0.0339631 secs] 8472051K->8436077K(25159296K), 0.0341221 secs] [Times: user=0.41 sys=0.00, real=0.03 secs] 
2014-04-09T14:28:35.331+0900: 364.151: [GC (Allocation Failure) 364.151: [ParNew: 51883K->1281K(59008K), 0.0330571 secs] 8461511K->8431231K(25159296K), 0.0332263 secs] [Times: user=0.42 sys=0.00, real=0.04 secs] 
2014-04-09T14:28:35.396+0900: 364.216: [GC (Allocation Failure) 364.216: [ParNew: 53760K->6528K(59008K), 0.0387963 secs] 8449658K->8421407K(25159296K), 0.0389577 secs] [Times: user=0.48 sys=0.01, real=0.04 secs] 
2014-04-09T14:28:35.459+0900: 364.278: [GC (Allocation Failure) 364.278: [ParNew: 59008K->6528K(59008K), 0.0429198 secs] 8450965K->8427399K(25159296K), 0.0430777 secs] [Times: user=0.52 sys=0.01, real=0.05 secs] 
2014-04-09T14:28:35.548+0900: 364.368: [GC (Allocation Failure) 364.368: [ParNew: 59008K->6528K(59008K), 0.0420934 secs] 8431230K->8394259K(25159296K), 0.0422514 secs] [Times: user=0.49 sys=0.01, real=0.04 secs] 
2014-04-09T14:28:35.649+0900: 364.469: [GC (Allocation Failure) 364.469: [ParNew: 56498K->6528K(59008K), 0.0440766 secs] 8220125K->8188646K(25159296K), 0.0442344 secs] [Times: user=0.53 sys=0.00, real=0.05 secs] 
2014-04-09T14:28:35.725+0900: 364.545: [GC (Allocation Failure) 364.545: [ParNew: 58999K->6528K(59008K), 0.0370808 secs] 8132383K->8098723K(25159296K), 0.0372539 secs] [Times: user=0.45 sys=0.01, real=0.04 secs] 
2014-04-09T14:28:35.793+0900: 364.613: [GC (Allocation Failure) 364.613: [ParNew: 59008K->4641K(59008K), 0.0351495 secs] 8063970K->8038729K(25159296K), 0.0353239 secs] [Times: user=0.44 sys=0.01, real=0.03 secs] 
2014-04-09T14:28:35.883+0900: 364.703: [GC (Allocation Failure) 364.703: [ParNew: 57121K->6528K(59008K), 0.0536863 secs] 7650956K->7633789K(25159296K), 0.0538584 secs] [Times: user=0.64 sys=0.00, real=0.05 secs] 
2014-04-09T14:28:35.960+0900: 364.779: [GC (Allocation Failure) 364.780: [ParNew: 56871K->6528K(59008K), 0.0328466 secs] 7499661K->7466181K(25159296K), 0.0330360 secs] [Times: user=0.40 sys=0.01, real=0.04 secs] 
2014-04-09T14:28:36.000+0900: 364.820: [CMS-concurrent-sweep: 2.150/4.438 secs] [Times: user=33.71 sys=0.59, real=4.43 secs] 
2014-04-09T14:28:36.000+0900: 364.820: [CMS-concurrent-reset-start]
2014-04-09T14:28:36.041+0900: 364.861: [GC (Allocation Failure) 364.861: [ParNew: 59008K->6528K(59008K), 0.0429804 secs] 7457464K->7425470K(25159296K), 0.0431507 secs] [Times: user=0.51 sys=0.00, real=0.05 secs] 
2014-04-09T14:28:36.137+0900: 364.956: [CMS-concurrent-reset: 0.092/0.136 secs] [Times: user=0.80 sys=0.00, real=0.14 secs] 
2014-04-09T14:28:36.143+0900: 364.963: [GC (Allocation Failure) 364.963: [ParNew: 51056K->6528K(59008K), 0.0420287 secs] 7469999K->7444944K(25159296K), 0.0421771 secs] [Times: user=0.50 sys=0.01, real=0.04 secs] 
2014-04-09T14:28:36.219+0900: 365.039: [GC (Allocation Failure) 365.039: [ParNew: 59002K->6528K(59008K), 0.0439817 secs] 7497419K->7472715K(25159296K), 0.0441526 secs] [Times: user=0.54 sys=0.00, real=0.05 secs] 
2014-04-09T14:28:36.294+0900: 365.114: [GC (Allocation Failure) 365.114: [ParNew: 52527K->6528K(59008K), 0.0351534 secs] 7518714K->7494531K(25159296K), 0.0353068 secs] [Times: user=0.43 sys=0.00, real=0.03 secs] 
2014-04-09T14:28:36.379+0900: 365.198: [GC (Allocation Failure) 365.198: [ParNew: 51074K->6528K(59008K), 0.0431067 secs] 7539078K->7513419K(25159296K), 0.0432423 secs] [Times: user=0.53 sys=0.01, real=0.05 secs] 
2014-04-09T14:28:36.447+0900: 365.267: [GC (Allocation Failure) 365.267: [ParNew: 58985K->6528K(59008K), 0.0407563 secs] 7565877K->7539830K(25159296K), 0.0409218 secs] [Times: user=0.48 sys=0.01, real=0.04 secs] 
2014-04-09T14:28:36.489+0900: 365.309: [GC (CMS Initial Mark) [1 CMS-initial-mark: 7533302K(25100288K)] 7539861K(25159296K), 0.0016834 secs] [Times: user=0.01 sys=0.00, real=0.00 secs] 
2014-04-09T14:28:36.491+0900: 365.311: [CMS-concurrent-mark-start]
2014-04-09T14:28:36.530+0900: 365.350: [GC (Allocation Failure) 365.350: [ParNew: 59008K->6528K(59008K), 0.0432395 secs] 7592310K->7568355K(25159296K), 0.0434118 secs] [Times: user=0.52 sys=0.00, real=0.05 secs] 
2014-04-09T14:28:36.632+0900: 365.452: [GC (Allocation Failure) 365.452: [ParNew: 59008K->6528K(59008K), 0.0441364 secs] 7620835K->7587158K(25159296K), 0.0443080 secs] [Times: user=0.53 sys=0.01, real=0.04 secs] 
2014-04-09T14:28:36.723+0900: 365.543: [GC (Allocation Failure) 365.543: [ParNew: 59008K->6528K(59008K), 0.0437231 secs] 7639638K->7605773K(25159296K), 0.0439065 secs] [Times: user=0.54 sys=0.01, real=0.04 secs] 
2014-04-09T14:28:36.803+0900: 365.623: [GC (Allocation Failure) 365.623: [ParNew: 59008K->4689K(59008K), 0.0344686 secs] 7658253K->7628352K(25159296K), 0.0346429 secs] [Times: user=0.43 sys=0.00, real=0.03 secs] 
2014-04-09T14:28:36.932+0900: 365.752: [GC (Allocation Failure) 365.752: [ParNew: 56120K->6528K(59008K), 0.0454372 secs] 7679782K->7654822K(25159296K), 0.0456123 secs] [Times: user=0.54 sys=0.02, real=0.04 secs] 
2014-04-09T14:28:37.007+0900: 365.826: [GC (Allocation Failure) 365.826: [ParNew: 58616K->6528K(59008K), 0.0404584 secs] 7706910K->7678385K(25159296K), 0.0406269 secs] [Times: user=0.49 sys=0.01, real=0.04 secs] 
2014-04-09T14:28:37.087+0900: 365.906: [GC (Allocation Failure) 365.906: [ParNew: 59008K->6528K(59008K), 0.0435212 secs] 7730865K->7705845K(25159296K), 0.0436935 secs] [Times: user=0.54 sys=0.00, real=0.04 secs] 
2014-04-09T14:28:37.188+0900: 366.008: [GC (Allocation Failure) 366.008: [ParNew: 53923K->6528K(59008K), 0.0373828 secs] 7753241K->7725258K(25159296K), 0.0375652 secs] [Times: user=0.41 sys=0.01, real=0.04 secs] 
2014-04-09T14:28:37.260+0900: 366.080: [GC (Allocation Failure) 366.080: [ParNew: 59008K->6528K(59008K), 0.0406862 secs] 7777738K->7746254K(25159296K), 0.0408541 secs] [Times: user=0.48 sys=0.01, real=0.05 secs] 
2014-04-09T14:28:37.384+0900: 366.203: [GC (Allocation Failure) 366.204: [ParNew: 51026K->6528K(59008K), 0.0331395 secs] 7790752K->7757681K(25159296K), 0.0333070 secs] [Times: user=0.41 sys=0.01, real=0.03 secs] 
2014-04-09T14:28:37.445+0900: 366.264: [GC (Allocation Failure) 366.265: [ParNew: 58157K->592K(59008K), 0.0334486 secs] 7809311K->7777152K(25159296K), 0.0336154 secs] [Times: user=0.42 sys=0.00, real=0.03 secs] 
2014-04-09T14:28:37.552+0900: 366.371: [GC (Allocation Failure) 366.371: [ParNew: 53072K->6527K(59008K), 0.0375337 secs] 7829632K->7798020K(25159296K), 0.0377061 secs] [Times: user=0.38 sys=0.01, real=0.03 secs] 
2014-04-09T14:28:37.714+0900: 366.534: [GC (Allocation Failure) 366.534: [ParNew: 56793K->3103K(59008K), 0.0375865 secs] 7848286K->7811298K(25159296K), 0.0377506 secs] [Times: user=0.47 sys=0.00, real=0.04 secs] 
2014-04-09T14:28:37.780+0900: 366.600: [GC (Allocation Failure) 366.600: [ParNew: 54942K->1320K(59008K), 0.0322724 secs] 7863136K->7829836K(25159296K), 0.0324358 secs] [Times: user=0.40 sys=0.00, real=0.04 secs] 
2014-04-09T14:28:37.866+0900: 366.685: [GC (Allocation Failure) 366.686: [ParNew: 52310K->6528K(59008K), 0.0401903 secs] 7880826K->7865069K(25159296K), 0.0403533 secs] [Times: user=0.49 sys=0.00, real=0.04 secs] 
2014-04-09T14:28:37.951+0900: 366.771: [GC (Allocation Failure) 366.771: [ParNew: 59008K->6528K(59008K), 0.0474296 secs] 7917549K->7891349K(25159296K), 0.0475904 secs] [Times: user=0.55 sys=0.01, real=0.05 secs] 
2014-04-09T14:28:38.060+0900: 366.879: [GC (Allocation Failure) 366.880: [ParNew: 59008K->6528K(59008K), 0.0359424 secs] 7943829K->7911727K(25159296K), 0.0361059 secs] [Times: user=0.40 sys=0.00, real=0.04 secs] 
2014-04-09T14:28:38.138+0900: 366.958: [GC (Allocation Failure) 366.958: [ParNew: 59008K->6528K(59008K), 0.0420607 secs] 7964207K->7930223K(25159296K), 0.0422238 secs] [Times: user=0.53 sys=0.00, real=0.04 secs] 
2014-04-09T14:28:38.209+0900: 367.028: [GC (Allocation Failure) 367.028: [ParNew: 59008K->3635K(59008K), 0.0356897 secs] 7982703K->7951747K(25159296K), 0.0358516 secs] [Times: user=0.46 sys=0.00, real=0.04 secs] 
2014-04-09T14:28:38.285+0900: 367.105: [GC (Allocation Failure) 367.105: [ParNew: 49273K->6528K(59008K), 0.0378349 secs] 7997385K->7975808K(25159296K), 0.0379921 secs] [Times: user=0.46 sys=0.00, real=0.04 secs] 
2014-04-09T14:28:38.348+0900: 367.167: [GC (Allocation Failure) 367.167: [ParNew: 59007K->6528K(59008K), 0.0328381 secs] 8028288K->7999638K(25159296K), 0.0329976 secs] [Times: user=0.37 sys=0.01, real=0.03 secs] 
2014-04-09T14:28:38.415+0900: 367.235: [GC (Allocation Failure) 367.235: [ParNew: 59008K->6528K(59008K), 0.0360445 secs] 8052118K->8029436K(25159296K), 0.0362049 secs] [Times: user=0.43 sys=0.00, real=0.04 secs] 
2014-04-09T14:28:38.503+0900: 367.323: [GC (Allocation Failure) 367.323: [ParNew: 59008K->6528K(59008K), 0.0348718 secs] 8081916K->8049057K(25159296K), 0.0350296 secs] [Times: user=0.38 sys=0.00, real=0.03 secs] 
2014-04-09T14:28:38.570+0900: 367.389: [CMS-concurrent-mark: 1.164/2.079 secs] [Times: user=17.31 sys=0.23, real=2.08 secs] 
2014-04-09T14:28:38.570+0900: 367.389: [CMS-concurrent-preclean-start]
2014-04-09T14:28:38.572+0900: 367.392: [GC (Allocation Failure) 367.392: [ParNew: 58992K->6528K(59008K), 0.0413149 secs] 8101521K->8068904K(25159296K), 0.0414579 secs] [Times: user=0.50 sys=0.00, real=0.04 secs] 
2014-04-09T14:28:38.641+0900: 367.461: [GC (Allocation Failure) 367.461: [ParNew: 59008K->6528K(59008K), 0.0357320 secs] 8121384K->8091900K(25159296K), 0.0358903 secs] [Times: user=0.44 sys=0.00, real=0.03 secs] 
2014-04-09T14:28:38.722+0900: 367.542: [GC (Allocation Failure) 367.542: [ParNew: 59008K->6528K(59008K), 0.0443793 secs] 8144380K->8117157K(25159296K), 0.0445539 secs] [Times: user=0.53 sys=0.00, real=0.04 secs] 
2014-04-09T14:28:38.806+0900: 367.626: [GC (Allocation Failure) 367.626: [ParNew: 58986K->6528K(59008K), 0.0380116 secs] 8169616K->8138072K(25159296K), 0.0381858 secs] [Times: user=0.46 sys=0.00, real=0.04 secs] 
2014-04-09T14:28:38.883+0900: 367.703: [GC (Allocation Failure) 367.703: [ParNew: 57518K->6528K(59008K), 0.0405061 secs] 8189063K->8163351K(25159296K), 0.0406810 secs] [Times: user=0.49 sys=0.00, real=0.04 secs] 
2014-04-09T14:28:38.981+0900: 367.801: [GC (Allocation Failure) 367.801: [ParNew: 59008K->6528K(59008K), 0.0376226 secs] 8215831K->8184793K(25159296K), 0.0377933 secs] [Times: user=0.41 sys=0.01, real=0.04 secs] 
2014-04-09T14:28:39.056+0900: 367.875: [GC (Allocation Failure) 367.875: [ParNew: 59008K->6528K(59008K), 0.0451435 secs] 8237273K->8207697K(25159296K), 0.0453127 secs] [Times: user=0.56 sys=0.00, real=0.04 secs] 
2014-04-09T14:28:39.135+0900: 367.955: [GC (Allocation Failure) 367.955: [ParNew: 55895K->6528K(59008K), 0.0366122 secs] 8257064K->8234950K(25159296K), 0.0367922 secs] [Times: user=0.43 sys=0.01, real=0.04 secs] 
2014-04-09T14:28:39.225+0900: 368.045: [GC (Allocation Failure) 368.045: [ParNew: 59008K->6528K(59008K), 0.0421433 secs] 8287430K->8255620K(25159296K), 0.0423144 secs] [Times: user=0.51 sys=0.01, real=0.04 secs] 
2014-04-09T14:28:39.306+0900: 368.125: [GC (Allocation Failure) 368.126: [ParNew: 59008K->6528K(59008K), 0.0420364 secs] 8308100K->8276950K(25159296K), 0.0422072 secs] [Times: user=0.52 sys=0.00, real=0.04 secs] 
2014-04-09T14:28:39.386+0900: 368.206: [GC (Allocation Failure) 368.206: [ParNew: 55829K->6528K(59008K), 0.0431861 secs] 8326252K->8302697K(25159296K), 0.0433583 secs] [Times: user=0.52 sys=0.01, real=0.04 secs] 
2014-04-09T14:28:39.484+0900: 368.304: [GC (Allocation Failure) 368.304: [ParNew: 59008K->6528K(59008K), 0.0466583 secs] 8355177K->8323301K(25159296K), 0.0468291 secs] [Times: user=0.56 sys=0.00, real=0.04 secs] 
2014-04-09T14:28:39.564+0900: 368.383: [GC (Allocation Failure) 368.384: [ParNew: 59008K->6528K(59008K), 0.0392701 secs] 8375781K->8347609K(25159296K), 0.0394417 secs] [Times: user=0.47 sys=0.00, real=0.04 secs] 
2014-04-09T14:28:39.641+0900: 368.460: [GC (Allocation Failure) 368.460: [ParNew: 57336K->6528K(59008K), 0.0428889 secs] 8398418K->8372980K(25159296K), 0.0430593 secs] [Times: user=0.53 sys=0.00, real=0.05 secs] 
2014-04-09T14:28:39.738+0900: 368.558: [GC (Allocation Failure) 368.558: [ParNew: 59008K->6528K(59008K), 0.0399847 secs] 8425460K->8394753K(25159296K), 0.0401566 secs] [Times: user=0.42 sys=0.01, real=0.04 secs] 
2014-04-09T14:28:39.815+0900: 368.635: [GC (Allocation Failure) 368.635: [ParNew: 59008K->6528K(59008K), 0.0386026 secs] 8447233K->8418413K(25159296K), 0.0387768 secs] [Times: user=0.46 sys=0.00, real=0.04 secs] 
2014-04-09T14:28:39.891+0900: 368.710: [GC (Allocation Failure) 368.710: [ParNew: 59008K->6528K(59008K), 0.0408320 secs] 8470893K->8444602K(25159296K), 0.0410061 secs] [Times: user=0.51 sys=0.01, real=0.04 secs] 
2014-04-09T14:28:39.989+0900: 368.808: [GC (Allocation Failure) 368.808: [ParNew: 57375K->6528K(59008K), 0.0480848 secs] 8495449K->8468998K(25159296K), 0.0482554 secs] [Times: user=0.55 sys=0.00, real=0.05 secs] 
2014-04-09T14:28:40.061+0900: 368.881: [GC (Allocation Failure) 368.881: [ParNew: 59008K->6528K(59008K), 0.0416466 secs] 8521478K->8493563K(25159296K), 0.0418294 secs] [Times: user=0.52 sys=0.00, real=0.05 secs] 
2014-04-09T14:28:40.142+0900: 368.962: [GC (Allocation Failure) 368.962: [ParNew: 59008K->6528K(59008K), 0.0453211 secs] 8546043K->8521054K(25159296K), 0.0454937 secs] [Times: user=0.56 sys=0.00, real=0.05 secs] 
2014-04-09T14:28:40.248+0900: 369.068: [GC (Allocation Failure) 369.068: [ParNew: 57959K->6528K(59008K), 0.0460550 secs] 8572486K->8545319K(25159296K), 0.0462274 secs] [Times: user=0.54 sys=0.01, real=0.05 secs] 
2014-04-09T14:28:40.326+0900: 369.145: [GC (Allocation Failure) 369.146: [ParNew: 59008K->6528K(59008K), 0.0389551 secs] 8597799K->8567309K(25159296K), 0.0391288 secs] [Times: user=0.47 sys=0.00, real=0.04 secs] 
2014-04-09T14:28:40.409+0900: 369.229: [GC (Allocation Failure) 369.229: [ParNew: 58981K->6528K(59008K), 0.0506196 secs] 8619763K->8596064K(25159296K), 0.0507952 secs] [Times: user=0.61 sys=0.01, real=0.05 secs] 
2014-04-09T14:28:40.510+0900: 369.330: [GC (Allocation Failure) 369.330: [ParNew: 52106K->6528K(59008K), 0.0430877 secs] 8641642K->8613966K(25159296K), 0.0432609 secs] [Times: user=0.43 sys=0.00, real=0.05 secs] 
2014-04-09T14:28:40.578+0900: 369.397: [GC (Allocation Failure) 369.397: [ParNew: 59008K->6528K(59008K), 0.0396777 secs] 8666446K->8636600K(25159296K), 0.0398754 secs] [Times: user=0.47 sys=0.01, real=0.04 secs] 
2014-04-09T14:28:40.655+0900: 369.475: [GC (Allocation Failure) 369.475: [ParNew: 55741K->6528K(59008K), 0.0436521 secs] 8685814K->8664674K(25159296K), 0.0438336 secs] [Times: user=0.53 sys=0.01, real=0.04 secs] 
2014-04-09T14:28:40.754+0900: 369.573: [GC (Allocation Failure) 369.574: [ParNew: 59008K->6528K(59008K), 0.0453322 secs] 8717154K->8682797K(25159296K), 0.0455050 secs] [Times: user=0.42 sys=0.00, real=0.04 secs] 
2014-04-09T14:28:40.835+0900: 369.655: [GC (Allocation Failure) 369.655: [ParNew: 59008K->6528K(59008K), 0.0467733 secs] 8735277K->8705189K(25159296K), 0.0469429 secs] [Times: user=0.55 sys=0.01, real=0.04 secs] 
2014-04-09T14:28:40.922+0900: 369.742: [GC (Allocation Failure) 369.742: [ParNew: 59008K->6528K(59008K), 0.0404678 secs] 8757669K->8733083K(25159296K), 0.0406402 secs] [Times: user=0.50 sys=0.00, real=0.05 secs] 
2014-04-09T14:28:41.013+0900: 369.833: [GC (Allocation Failure) 369.833: [ParNew: 53543K->6528K(59008K), 0.0509126 secs] 8780098K->8755286K(25159296K), 0.0510827 secs] [Times: user=0.41 sys=0.02, real=0.05 secs] 
2014-04-09T14:28:41.088+0900: 369.908: [GC (Allocation Failure) 369.908: [ParNew: 59008K->6528K(59008K), 0.0417639 secs] 8807766K->8779370K(25159296K), 0.0419455 secs] [Times: user=0.50 sys=0.01, real=0.04 secs] 
2014-04-09T14:28:41.212+0900: 370.031: [CMS-concurrent-preclean: 1.158/2.642 secs] [Times: user=19.56 sys=0.43, real=2.64 secs] 
2014-04-09T14:28:41.212+0900: 370.032: [GC (Allocation Failure) 370.032: [ParNew: 59008K->6528K(59008K), 0.0447418 secs] 8831850K->8808411K(25159296K), 0.0448914 secs] [Times: user=0.54 sys=0.00, real=0.05 secs] 
2014-04-09T14:28:41.258+0900: 370.077: [CMS-concurrent-abortable-preclean-start]
2014-04-09T14:28:41.301+0900: 370.121: [GC (Allocation Failure) 370.121: [ParNew: 43206K->6528K(59008K), 0.0432558 secs] 8845090K->8824806K(25159296K), 0.0434307 secs] [Times: user=0.40 sys=0.01, real=0.05 secs] 
2014-04-09T14:28:41.381+0900: 370.201: [GC (Allocation Failure) 370.201: [ParNew: 59006K->6528K(59008K), 0.1296789 secs] 8877285K->8869757K(25159296K), 0.1298468 secs] [Times: user=1.55 sys=0.01, real=0.13 secs] 
2014-04-09T14:28:41.560+0900: 370.380: [GC (Allocation Failure) 370.380: [ParNew: 59008K->6528K(59008K), 0.0443134 secs] 8922237K->8895485K(25159296K), 0.0444883 secs] [Times: user=0.54 sys=0.00, real=0.05 secs] 
2014-04-09T14:28:41.673+0900: 370.493: [CMS-concurrent-abortable-preclean: 0.189/0.416 secs] [Times: user=3.09 sys=0.05, real=0.42 secs] 
2014-04-09T14:28:41.674+0900: 370.494: [GC (CMS Final Remark) [YG occupancy: 47317 K (59008 K)]370.494: [Rescan (parallel) , 0.0385160 secs]370.532: [weak refs processing, 0.0000638 secs]370.532: [class unloading, 0.0444268 secs]370.577: [scrub symbol table, 0.0043272 secs]370.581: [scrub string table, 0.0012196 secs][1 CMS-remark: 8888957K(25100288K)] 8936275K(25159296K), 0.0959207 secs] [Times: user=0.54 sys=0.00, real=0.09 secs] 
2014-04-09T14:28:41.771+0900: 370.590: [CMS-concurrent-sweep-start]
2014-04-09T14:28:41.799+0900: 370.619: [GC (Allocation Failure) 370.619: [ParNew: 59008K->6528K(59008K), 0.0668663 secs] 8947536K->8910198K(25159296K), 0.0670413 secs] [Times: user=0.65 sys=0.01, real=0.07 secs] 
2014-04-09T14:28:41.958+0900: 370.777: [GC (Allocation Failure) 370.778: [ParNew: 59008K->6528K(59008K), 0.0530829 secs] 8959857K->8924925K(25159296K), 0.0532547 secs] [Times: user=0.60 sys=0.01, real=0.05 secs] 
2014-04-09T14:28:42.037+0900: 370.857: [GC (Allocation Failure) 370.857: [ParNew: 52784K->2756K(59008K), 0.0408051 secs] 8969914K->8932304K(25159296K), 0.0409797 secs] [Times: user=0.47 sys=0.01, real=0.04 secs] 
2014-04-09T14:28:42.125+0900: 370.945: [GC (Allocation Failure) 370.945: [ParNew: 51634K->6528K(59008K), 0.0432277 secs] 8978602K->8954270K(25159296K), 0.0433991 secs] [Times: user=0.53 sys=0.00, real=0.04 secs] 
2014-04-09T14:28:42.218+0900: 371.037: [GC (Allocation Failure) 371.037: [ParNew: 51894K->6528K(59008K), 0.0374820 secs] 8996489K->8966510K(25159296K), 0.0376568 secs] [Times: user=0.43 sys=0.01, real=0.04 secs] 
2014-04-09T14:28:42.280+0900: 371.099: [GC (Allocation Failure) 371.099: [ParNew: 57829K->6528K(59008K), 0.0425872 secs] 9016806K->8989226K(25159296K), 0.0427647 secs] [Times: user=0.51 sys=0.01, real=0.05 secs] 
2014-04-09T14:28:42.364+0900: 371.184: [GC (Allocation Failure) 371.184: [ParNew: 55745K->6528K(59008K), 0.0450588 secs] 9036831K->9016066K(25159296K), 0.0452287 secs] [Times: user=0.55 sys=0.01, real=0.04 secs] 
2014-04-09T14:28:42.458+0900: 371.277: [GC (Allocation Failure) 371.277: [ParNew: 51518K->6528K(59008K), 0.0406097 secs] 9057895K->9030942K(25159296K), 0.0407840 secs] [Times: user=0.50 sys=0.00, real=0.04 secs] 
2014-04-09T14:28:42.528+0900: 371.348: [GC (Allocation Failure) 371.348: [ParNew: 59008K->6528K(59008K), 0.0390354 secs] 9080937K->9051873K(25159296K), 0.0392178 secs] [Times: user=0.48 sys=0.00, real=0.04 secs] 
2014-04-09T14:28:42.682+0900: 371.501: [GC (Allocation Failure) 371.501: [ParNew: 58996K->6528K(59008K), 0.0360408 secs] 9087105K->9044859K(25159296K), 0.0362198 secs] [Times: user=0.45 sys=0.00, real=0.04 secs] 
2014-04-09T14:28:42.755+0900: 371.575: [GC (Allocation Failure) 371.575: [ParNew: 59008K->4639K(59008K), 0.0360981 secs] 9096041K->9064686K(25159296K), 0.0362716 secs] [Times: user=0.44 sys=0.00, real=0.03 secs] 
2014-04-09T14:28:42.890+0900: 371.709: [GC (Allocation Failure) 371.709: [ParNew: 57119K->6528K(59008K), 0.0503844 secs] 9109866K->9075111K(25159296K), 0.0505570 secs] [Times: user=0.57 sys=0.01, real=0.05 secs] 
2014-04-09T14:28:43.048+0900: 371.868: [GC (Allocation Failure) 371.868: [ParNew: 58996K->6528K(59008K), 0.0406778 secs] 9123696K->9088684K(25159296K), 0.0408517 secs] [Times: user=0.49 sys=0.01, real=0.04 secs] 
2014-04-09T14:28:43.129+0900: 371.949: [GC (Allocation Failure) 371.949: [ParNew: 59006K->6442K(59008K), 0.0318885 secs] 9137616K->9105375K(25159296K), 0.0320605 secs] [Times: user=0.39 sys=0.01, real=0.03 secs] 
2014-04-09T14:28:43.261+0900: 372.081: [GC (Allocation Failure) 372.081: [ParNew: 58922K->6528K(59008K), 0.0509935 secs] 9153713K->9116746K(25159296K), 0.0511650 secs] [Times: user=0.56 sys=0.02, real=0.06 secs] 
2014-04-09T14:28:43.420+0900: 372.239: [GC (Allocation Failure) 372.240: [ParNew: 58979K->6528K(59008K), 0.0419284 secs] 9163837K->9129091K(25159296K), 0.0420999 secs] [Times: user=0.51 sys=0.01, real=0.04 secs] 
2014-04-09T14:28:43.510+0900: 372.330: [GC (Allocation Failure) 372.330: [ParNew: 59007K->6528K(59008K), 0.0325324 secs] 9177550K->9146724K(25159296K), 0.0327074 secs] [Times: user=0.41 sys=0.00, real=0.04 secs] 
2014-04-09T14:28:43.589+0900: 372.409: [GC (Allocation Failure) 372.409: [ParNew: 59008K->6528K(59008K), 0.0506449 secs] 9194535K->9178177K(25159296K), 0.0508162 secs] [Times: user=0.58 sys=0.00, real=0.05 secs] 
2014-04-09T14:28:43.715+0900: 372.535: [GC (Allocation Failure) 372.535: [ParNew: 59007K->6528K(59008K), 0.0412319 secs] 9226647K->9190883K(25159296K), 0.0414138 secs] [Times: user=0.49 sys=0.01, real=0.04 secs] 
2014-04-09T14:28:43.827+0900: 372.646: [GC (Allocation Failure) 372.647: [ParNew: 58311K->6528K(59008K), 0.0451605 secs] 9237131K->9199536K(25159296K), 0.0453319 secs] [Times: user=0.55 sys=0.00, real=0.04 secs] 
2014-04-09T14:28:43.907+0900: 372.726: [GC (Allocation Failure) 372.726: [ParNew: 59001K->6528K(59008K), 0.0456599 secs] 9238689K->9213778K(25159296K), 0.0458418 secs] [Times: user=0.55 sys=0.01, real=0.05 secs] 
2014-04-09T14:28:43.985+0900: 372.805: [GC (Allocation Failure) 372.805: [ParNew: 59008K->4031K(59008K), 0.0415503 secs] 9266128K->9241714K(25159296K), 0.0417371 secs] [Times: user=0.52 sys=0.01, real=0.04 secs] 
2014-04-09T14:28:44.068+0900: 372.888: [GC (Allocation Failure) 372.888: [ParNew: 56511K->6528K(59008K), 0.0402439 secs] 8715118K->8690452K(25159296K), 0.0404254 secs] [Times: user=0.49 sys=0.01, real=0.04 secs] 
2014-04-09T14:28:44.119+0900: 372.939: [CMS-concurrent-sweep: 1.326/2.349 secs] [Times: user=15.13 sys=0.33, real=2.35 secs] 
2014-04-09T14:28:44.119+0900: 372.939: [CMS-concurrent-reset-start]
2014-04-09T14:28:44.155+0900: 372.975: [GC (Allocation Failure) 372.975: [ParNew: 59008K->6528K(59008K), 0.0442983 secs] 8311628K->8292019K(25159296K), 0.0444922 secs] [Times: user=0.52 sys=0.01, real=0.04 secs] 
2014-04-09T14:28:44.254+0900: 373.074: [GC (Allocation Failure) 373.074: [ParNew: 59008K->6528K(59008K), 0.0488340 secs] 8344499K->8306729K(25159296K), 0.0490066 secs] [Times: user=0.57 sys=0.02, real=0.05 secs] 
2014-04-09T14:28:44.304+0900: 373.123: [CMS-concurrent-reset: 0.089/0.184 secs] [Times: user=1.36 sys=0.03, real=0.19 secs] 
2014-04-09T14:28:44.365+0900: 373.185: [GC (Allocation Failure) 373.185: [ParNew: 51296K->6528K(59008K), 0.0434288 secs] 8351498K->8318715K(25159296K), 0.0436013 secs] [Times: user=0.54 sys=0.00, real=0.04 secs] 
2014-04-09T14:28:44.411+0900: 373.231: [GC (CMS Initial Mark) [1 CMS-initial-mark: 8312187K(25100288K)] 8329013K(25159296K), 0.0020714 secs] [Times: user=0.01 sys=0.00, real=0.01 secs] 
2014-04-09T14:28:44.414+0900: 373.234: [CMS-concurrent-mark-start]
2014-04-09T14:28:44.451+0900: 373.271: [GC (Allocation Failure) 373.271: [ParNew: 58978K->6528K(59008K), 0.0432131 secs] 8371166K->8342254K(25159296K), 0.0433948 secs] [Times: user=0.53 sys=0.00, real=0.05 secs] 
2014-04-09T14:28:44.551+0900: 373.370: [GC (Allocation Failure) 373.371: [ParNew: 59008K->6528K(59008K), 0.0453446 secs] 8394734K->8376237K(25159296K), 0.0455171 secs] [Times: user=0.56 sys=0.01, real=0.05 secs] 
2014-04-09T14:28:44.631+0900: 373.451: [GC (Allocation Failure) 373.451: [ParNew: 59008K->6528K(59008K), 0.0489360 secs] 8428717K->8402406K(25159296K), 0.0491248 secs] [Times: user=0.57 sys=0.00, real=0.05 secs] 
2014-04-09T14:28:44.753+0900: 373.573: [GC (Allocation Failure) 373.573: [ParNew: 56990K->6528K(59008K), 0.0425829 secs] 8452869K->8411405K(25159296K), 0.0427553 secs] [Times: user=0.52 sys=0.00, real=0.04 secs] 
2014-04-09T14:28:44.884+0900: 373.704: [GC (Allocation Failure) 373.704: [ParNew: 58981K->6528K(59008K), 0.0432843 secs] 8463858K->8426860K(25159296K), 0.0434603 secs] [Times: user=0.54 sys=0.00, real=0.04 secs] 
2014-04-09T14:28:44.998+0900: 373.818: [GC (Allocation Failure) 373.818: [ParNew: 59008K->6528K(59008K), 0.0352285 secs] 8479340K->8450156K(25159296K), 0.0354028 secs] [Times: user=0.44 sys=0.01, real=0.04 secs] 
2014-04-09T14:28:45.166+0900: 373.986: [GC (Allocation Failure) 373.986: [ParNew: 58144K->6528K(59008K), 0.0487356 secs] 8501772K->8466002K(25159296K), 0.0489122 secs] [Times: user=0.52 sys=0.02, real=0.05 secs] 
2014-04-09T14:28:45.297+0900: 374.116: [GC (Allocation Failure) 374.116: [ParNew: 58984K->6528K(59008K), 0.0395465 secs] 8518458K->8480938K(25159296K), 0.0397231 secs] [Times: user=0.49 sys=0.00, real=0.04 secs] 
2014-04-09T14:28:45.394+0900: 374.213: [GC (Allocation Failure) 374.214: [ParNew: 59006K->6528K(59008K), 0.0412587 secs] 8533417K->8505964K(25159296K), 0.0414407 secs] [Times: user=0.52 sys=0.00, real=0.04 secs] 
2014-04-09T14:28:45.542+0900: 374.361: [GC (Allocation Failure) 374.361: [ParNew: 55769K->6528K(59008K), 0.0432934 secs] 8555205K->8519766K(25159296K), 0.0434654 secs] [Times: user=0.48 sys=0.01, real=0.05 secs] 
2014-04-09T14:28:45.644+0900: 374.463: [GC (Allocation Failure) 374.463: [ParNew: 59007K->6528K(59008K), 0.0398322 secs] 8572246K->8554373K(25159296K), 0.0400071 secs] [Times: user=0.49 sys=0.00, real=0.04 secs] 
2014-04-09T14:28:45.712+0900: 374.532: [GC (Allocation Failure) 374.532: [ParNew: 59008K->6528K(59008K), 0.0423225 secs] 8606853K->8580079K(25159296K), 0.0424885 secs] [Times: user=0.52 sys=0.00, real=0.05 secs] 
2014-04-09T14:28:45.785+0900: 374.604: [GC (Allocation Failure) 374.605: [ParNew: 59008K->6528K(59008K), 0.0439094 secs] 8632559K->8611715K(25159296K), 0.0440721 secs] [Times: user=0.41 sys=0.01, real=0.04 secs] 
2014-04-09T14:28:45.871+0900: 374.691: [GC (Allocation Failure) 374.691: [ParNew: 59008K->6528K(59008K), 0.1385537 secs] 8664195K->8643775K(25159296K), 0.1387152 secs] [Times: user=1.76 sys=0.00, real=0.14 secs] 
2014-04-09T14:28:46.115+0900: 374.935: [GC (Allocation Failure) 374.935: [ParNew: 53228K->6528K(59008K), 0.0540481 secs] 8690476K->8653830K(25159296K), 0.0542301 secs] [Times: user=0.62 sys=0.01, real=0.05 secs] 
2014-04-09T14:28:46.235+0900: 375.055: [GC (Allocation Failure) 375.055: [ParNew: 59005K->6528K(59008K), 0.0501025 secs] 8706307K->8669702K(25159296K), 0.0502699 secs] [Times: user=0.59 sys=0.00, real=0.05 secs] 
2014-04-09T14:28:46.337+0900: 375.157: [GC (Allocation Failure) 375.157: [ParNew: 59008K->6528K(59008K), 0.0458589 secs] 8722182K->8697073K(25159296K), 0.0460195 secs] [Times: user=0.55 sys=0.00, real=0.04 secs] 
2014-04-09T14:28:46.438+0900: 375.258: [GC (Allocation Failure) 375.258: [ParNew: 54119K->6528K(59008K), 0.0462584 secs] 8744664K->8713208K(25159296K), 0.0464175 secs] [Times: user=0.52 sys=0.01, real=0.05 secs] 
2014-04-09T14:28:46.534+0900: 375.353: [GC (Allocation Failure) 375.353: [ParNew: 58660K->6014K(59008K), 0.0407948 secs] 8765340K->8724543K(25159296K), 0.0409527 secs] [Times: user=0.51 sys=0.00, real=0.04 secs] 
2014-04-09T14:28:46.598+0900: 375.417: [GC (Allocation Failure) 375.417: [ParNew: 54928K->712K(59008K), 0.0384167 secs] 8773457K->8737983K(25159296K), 0.0385771 secs] [Times: user=0.48 sys=0.00, real=0.04 secs] 
2014-04-09T14:28:46.675+0900: 375.495: [GC (Allocation Failure) 375.495: [ParNew: 44627K->6527K(59008K), 0.0399804 secs] 8781898K->8769691K(25159296K), 0.0401395 secs] [Times: user=0.50 sys=0.00, real=0.04 secs] 
2014-04-09T14:28:46.736+0900: 375.556: [GC (Allocation Failure) 375.556: [ParNew: 58999K->6528K(59008K), 0.0404325 secs] 8822163K->8796919K(25159296K), 0.0405974 secs] [Times: user=0.49 sys=0.01, real=0.04 secs] 
2014-04-09T14:28:46.806+0900: 375.626: [GC (Allocation Failure) 375.626: [ParNew: 59008K->6528K(59008K), 0.0448933 secs] 8849399K->8825953K(25159296K), 0.0450496 secs] [Times: user=0.55 sys=0.01, real=0.04 secs] 
2014-04-09T14:28:46.897+0900: 375.717: [GC (Allocation Failure) 375.717: [ParNew: 59008K->6528K(59008K), 0.0452941 secs] 8878433K->8848478K(25159296K), 0.0454546 secs] [Times: user=0.53 sys=0.01, real=0.04 secs] 
2014-04-09T14:28:47.003+0900: 375.823: [GC (Allocation Failure) 375.823: [ParNew: 58987K->6528K(59008K), 0.0358130 secs] 8900937K->8864158K(25159296K), 0.0359665 secs] [Times: user=0.44 sys=0.01, real=0.04 secs] 
2014-04-09T14:28:47.061+0900: 375.881: [CMS-concurrent-mark: 1.443/2.647 secs] [Times: user=22.10 sys=0.36, real=2.64 secs] 
2014-04-09T14:28:47.062+0900: 375.882: [GC (Allocation Failure) 375.882: [ParNew: 51273K->6528K(59008K), 0.0352331 secs] 8908903K->8877751K(25159296K), 0.0353628 secs] [Times: user=0.44 sys=0.00, real=0.04 secs] 
2014-04-09T14:28:47.097+0900: 375.917: [CMS-concurrent-preclean-start]
2014-04-09T14:28:47.143+0900: 375.962: [GC (Allocation Failure) 375.962: [ParNew: 57739K->6528K(59008K), 0.0365107 secs] 8928962K->8903424K(25159296K), 0.0366670 secs] [Times: user=0.45 sys=0.01, real=0.04 secs] 
2014-04-09T14:28:47.202+0900: 376.021: [GC (Allocation Failure) 376.021: [ParNew: 59008K->6528K(59008K), 0.0368404 secs] 8955904K->8931817K(25159296K), 0.0369927 secs] [Times: user=0.44 sys=0.00, real=0.04 secs] 
2014-04-09T14:28:47.272+0900: 376.092: [GC (Allocation Failure) 376.092: [ParNew: 59008K->6528K(59008K), 0.0418595 secs] 8984297K->8961004K(25159296K), 0.0420216 secs] [Times: user=0.51 sys=0.01, real=0.05 secs] 
2014-04-09T14:28:47.363+0900: 376.182: [GC (Allocation Failure) 376.182: [ParNew: 51376K->6528K(59008K), 0.0400825 secs] 9005852K->8977778K(25159296K), 0.0402437 secs] [Times: user=0.47 sys=0.01, real=0.04 secs] 
2014-04-09T14:28:47.449+0900: 376.269: [GC (Allocation Failure) 376.269: [ParNew: 58992K->4102K(59008K), 0.0367710 secs] 9030243K->8986633K(25159296K), 0.0369263 secs] [Times: user=0.46 sys=0.00, real=0.04 secs] 
2014-04-09T14:28:47.513+0900: 376.333: [GC (Allocation Failure) 376.333: [ParNew: 53590K->4821K(59008K), 0.0360104 secs] 9036120K->9000223K(25159296K), 0.0361692 secs] [Times: user=0.44 sys=0.00, real=0.04 secs] 
2014-04-09T14:28:47.596+0900: 376.416: [GC (Allocation Failure) 376.416: [ParNew: 57301K->6528K(59008K), 0.0403800 secs] 9052703K->9029186K(25159296K), 0.0405541 secs] [Times: user=0.48 sys=0.00, real=0.04 secs] 
2014-04-09T14:28:47.673+0900: 376.493: [GC (Allocation Failure) 376.493: [ParNew: 59008K->6528K(59008K), 0.0399093 secs] 9081666K->9060797K(25159296K), 0.0400684 secs] [Times: user=0.46 sys=0.02, real=0.04 secs] 
2014-04-09T14:28:47.739+0900: 376.558: [GC (Allocation Failure) 376.558: [ParNew: 59008K->4846K(59008K), 0.0387614 secs] 9113277K->9083171K(25159296K), 0.0389219 secs] [Times: user=0.48 sys=0.00, real=0.04 secs] 
2014-04-09T14:28:47.828+0900: 376.648: [GC (Allocation Failure) 376.648: [ParNew: 50884K->6528K(59008K), 0.0365505 secs] 9129209K->9101838K(25159296K), 0.0367024 secs] [Times: user=0.45 sys=0.00, real=0.04 secs] 
2014-04-09T14:28:47.895+0900: 376.714: [GC (Allocation Failure) 376.714: [ParNew: 58993K->6528K(59008K), 0.0377260 secs] 9154303K->9125525K(25159296K), 0.0378885 secs] [Times: user=0.42 sys=0.01, real=0.03 secs] 
2014-04-09T14:28:47.958+0900: 376.778: [GC (Allocation Failure) 376.778: [ParNew: 59008K->6528K(59008K), 0.0388293 secs] 9178005K->9148672K(25159296K), 0.0389845 secs] [Times: user=0.49 sys=0.00, real=0.04 secs] 
2014-04-09T14:28:48.044+0900: 376.864: [GC (Allocation Failure) 376.864: [ParNew: 59008K->6528K(59008K), 0.0490795 secs] 9201152K->9166677K(25159296K), 0.0492337 secs] [Times: user=0.53 sys=0.01, real=0.04 secs] 
2014-04-09T14:28:48.152+0900: 376.972: [GC (Allocation Failure) 376.972: [ParNew: 58764K->6230K(59008K), 0.0425253 secs] 9218913K->9187137K(25159296K), 0.0426821 secs] [Times: user=0.50 sys=0.01, real=0.05 secs] 
2014-04-09T14:28:48.219+0900: 377.039: [GC (Allocation Failure) 377.039: [ParNew: 55986K->6528K(59008K), 0.0350200 secs] 9236892K->9212936K(25159296K), 0.0351716 secs] [Times: user=0.44 sys=0.00, real=0.04 secs] 
2014-04-09T14:28:48.281+0900: 377.101: [GC (Allocation Failure) 377.101: [ParNew: 50058K->6528K(59008K), 0.0391448 secs] 9256467K->9246527K(25159296K), 0.0393017 secs] [Times: user=0.49 sys=0.00, real=0.04 secs] 
2014-04-09T14:28:48.344+0900: 377.164: [GC (Allocation Failure) 377.164: [ParNew: 59008K->6528K(59008K), 0.0432238 secs] 9299007K->9275532K(25159296K), 0.0433760 secs] [Times: user=0.51 sys=0.01, real=0.04 secs] 
2014-04-09T14:28:48.434+0900: 377.253: [GC (Allocation Failure) 377.253: [ParNew: 59008K->6528K(59008K), 0.0355161 secs] 9328012K->9303969K(25159296K), 0.0356689 secs] [Times: user=0.40 sys=0.01, real=0.03 secs] 
2014-04-09T14:28:48.526+0900: 377.345: [GC (Allocation Failure) 377.345: [ParNew: 58934K->6528K(59008K), 0.0438334 secs] 9356375K->9324747K(25159296K), 0.0439845 secs] [Times: user=0.50 sys=0.01, real=0.04 secs] 
2014-04-09T14:28:48.626+0900: 377.446: [GC (Allocation Failure) 377.446: [ParNew: 58645K->5902K(59008K), 0.0424560 secs] 9376865K->9336147K(25159296K), 0.0426084 secs] [Times: user=0.54 sys=0.00, real=0.04 secs] 
2014-04-09T14:28:48.695+0900: 377.515: [GC (Allocation Failure) 377.515: [ParNew: 57103K->6528K(59008K), 0.0420614 secs] 9387348K->9361435K(25159296K), 0.0422092 secs] [Times: user=0.53 sys=0.00, real=0.04 secs] 
2014-04-09T14:28:48.764+0900: 377.584: [GC (Allocation Failure) 377.584: [ParNew: 59008K->6528K(59008K), 0.0394195 secs] 9413915K->9401292K(25159296K), 0.0395681 secs] [Times: user=0.50 sys=0.00, real=0.04 secs] 
2014-04-09T14:28:48.824+0900: 377.644: [GC (Allocation Failure) 377.644: [ParNew: 54158K->6528K(59008K), 0.0359386 secs] 9448923K->9421582K(25159296K), 0.0360846 secs] [Times: user=0.43 sys=0.00, real=0.03 secs] 
2014-04-09T14:28:48.893+0900: 377.713: [GC (Allocation Failure) 377.713: [ParNew: 59008K->6528K(59008K), 0.0400301 secs] 9474062K->9454251K(25159296K), 0.0401772 secs] [Times: user=0.48 sys=0.01, real=0.04 secs] 
2014-04-09T14:28:49.034+0900: 377.853: [CMS-concurrent-preclean: 0.878/1.936 secs] [Times: user=14.24 sys=0.28, real=1.94 secs] 
2014-04-09T14:28:49.034+0900: 377.854: [GC (Allocation Failure) 377.854: [ParNew: 59008K->6528K(59008K), 0.0400017 secs] 9506731K->9466900K(25159296K), 0.0401255 secs] [Times: user=0.48 sys=0.01, real=0.04 secs] 
2014-04-09T14:28:49.075+0900: 377.895: [GC (CMS Final Remark) [YG occupancy: 6551 K (59008 K)]377.895: [Rescan (parallel) , 0.0145795 secs]377.910: [weak refs processing, 0.0000500 secs]377.910: [class unloading, 0.0326149 secs]377.942: [scrub symbol table, 0.0033232 secs]377.946: [scrub string table, 0.0009346 secs][1 CMS-remark: 9460372K(25100288K)] 9466924K(25159296K), 0.0568820 secs] [Times: user=0.22 sys=0.00, real=0.05 secs] 
2014-04-09T14:28:49.133+0900: 377.953: [CMS-concurrent-sweep-start]
2014-04-09T14:28:49.215+0900: 378.034: [GC (Allocation Failure) 378.034: [ParNew: 58985K->6528K(59008K), 0.0433574 secs] 9515881K->9482020K(25159296K), 0.0435173 secs] [Times: user=0.49 sys=0.01, real=0.04 secs] 
2014-04-09T14:28:49.308+0900: 378.128: [GC (Allocation Failure) 378.128: [ParNew: 59008K->6528K(59008K), 0.0323309 secs] 9531556K->9499794K(25159296K), 0.0325138 secs] [Times: user=0.41 sys=0.00, real=0.03 secs] 
2014-04-09T14:28:49.447+0900: 378.267: [GC (Allocation Failure) 378.267: [ParNew: 59008K->6528K(59008K), 0.0473882 secs] 9544446K->9507527K(25159296K), 0.0475583 secs] [Times: user=0.53 sys=0.01, real=0.05 secs] 
2014-04-09T14:28:49.605+0900: 378.425: [GC (Allocation Failure) 378.425: [ParNew: 58986K->6528K(59008K), 0.0369147 secs] 9551385K->9516078K(25159296K), 0.0370865 secs] [Times: user=0.43 sys=0.01, real=0.03 secs] 
2014-04-09T14:28:49.697+0900: 378.516: [GC (Allocation Failure) 378.517: [ParNew: 59008K->6528K(59008K), 0.0426176 secs] 9562567K->9534592K(25159296K), 0.0427859 secs] [Times: user=0.55 sys=0.01, real=0.04 secs] 
2014-04-09T14:28:49.848+0900: 378.668: [GC (Allocation Failure) 378.668: [ParNew: 58555K->6528K(59008K), 0.0427387 secs] 9565081K->9526733K(25159296K), 0.0429205 secs] [Times: user=0.49 sys=0.01, real=0.04 secs] 
2014-04-09T14:28:49.971+0900: 378.790: [GC (Allocation Failure) 378.790: [ParNew: 58995K->6528K(59008K), 0.0380673 secs] 9568041K->9533181K(25159296K), 0.0382370 secs] [Times: user=0.46 sys=0.01, real=0.04 secs] 
2014-04-09T14:28:50.064+0900: 378.883: [GC (Allocation Failure) 378.884: [ParNew: 59008K->6528K(59008K), 0.0419233 secs] 9577786K->9550843K(25159296K), 0.0420910 secs] [Times: user=0.52 sys=0.00, real=0.04 secs] 
2014-04-09T14:28:50.220+0900: 379.040: [GC (Allocation Failure) 379.040: [ParNew: 57822K->6528K(59008K), 0.0453604 secs] 9595305K->9559421K(25159296K), 0.0455231 secs] [Times: user=0.53 sys=0.00, real=0.05 secs] 
2014-04-09T14:28:50.330+0900: 379.150: [GC (Allocation Failure) 379.150: [ParNew: 59004K->6528K(59008K), 0.0410708 secs] 9605367K->9566999K(25159296K), 0.0412329 secs] [Times: user=0.51 sys=0.00, real=0.04 secs] 
2014-04-09T14:28:50.433+0900: 379.253: [GC (Allocation Failure) 379.253: [ParNew: 59008K->6528K(59008K), 0.0377203 secs] 9613965K->9588218K(25159296K), 0.0378778 secs] [Times: user=0.47 sys=0.00, real=0.03 secs] 
2014-04-09T14:28:50.575+0900: 379.395: [GC (Allocation Failure) 379.395: [ParNew: 54307K->6528K(59008K), 0.0425834 secs] 9629788K->9596317K(25159296K), 0.0427460 secs] [Times: user=0.46 sys=0.01, real=0.04 secs] 
2014-04-09T14:28:50.682+0900: 379.502: [GC (Allocation Failure) 379.502: [ParNew: 58999K->6528K(59008K), 0.0317564 secs] 9643948K->9604937K(25159296K), 0.0319180 secs] [Times: user=0.40 sys=0.00, real=0.04 secs] 
2014-04-09T14:28:50.776+0900: 379.596: [GC (Allocation Failure) 379.596: [ParNew: 59008K->6528K(59008K), 0.0384163 secs] 9652139K->9626384K(25159296K), 0.0385760 secs] [Times: user=0.47 sys=0.00, real=0.04 secs] 
2014-04-09T14:28:50.914+0900: 379.734: [GC (Allocation Failure) 379.734: [ParNew: 54057K->6528K(59008K), 0.0424358 secs] 9663816K->9630043K(25159296K), 0.0425961 secs] [Times: user=0.46 sys=0.02, real=0.04 secs] 
2014-04-09T14:28:51.020+0900: 379.839: [GC (Allocation Failure) 379.839: [ParNew: 58995K->6528K(59008K), 0.0334064 secs] 9646775K->9609224K(25159296K), 0.0335659 secs] [Times: user=0.41 sys=0.00, real=0.03 secs] 
2014-04-09T14:28:51.090+0900: 379.910: [CMS-concurrent-sweep: 1.299/1.957 secs] [Times: user=10.34 sys=0.25, real=1.96 secs] 
2014-04-09T14:28:51.090+0900: 379.910: [CMS-concurrent-reset-start]
2014-04-09T14:28:51.118+0900: 379.937: [GC (Allocation Failure) 379.937: [ParNew: 59007K->6528K(59008K), 0.0424455 secs] 8548982K->8523095K(25159296K), 0.0426296 secs] [Times: user=0.52 sys=0.00, real=0.04 secs] 
2014-04-09T14:28:51.219+0900: 380.039: [CMS-concurrent-reset: 0.085/0.128 secs] [Times: user=0.69 sys=0.00, real=0.13 secs] 
2014-04-09T14:28:51.262+0900: 380.081: [GC (Allocation Failure) 380.081: [ParNew: 54446K->6528K(59008K), 0.0404108 secs] 8571013K->8537303K(25159296K), 0.0405755 secs] [Times: user=0.45 sys=0.01, real=0.04 secs] 
2014-04-09T14:28:51.304+0900: 380.124: [GC (CMS Initial Mark) [1 CMS-initial-mark: 8530775K(25100288K)] 8545503K(25159296K), 0.0013170 secs] [Times: user=0.01 sys=0.00, real=0.00 secs] 
2014-04-09T14:28:51.306+0900: 380.125: [CMS-concurrent-mark-start]
2014-04-09T14:28:51.375+0900: 380.195: [GC (Allocation Failure) 380.195: [ParNew: 58990K->6528K(59008K), 0.0347347 secs] 8589765K->8551617K(25159296K), 0.0348916 secs] [Times: user=0.43 sys=0.00, real=0.03 secs] 
2014-04-09T14:28:51.477+0900: 380.297: [GC (Allocation Failure) 380.297: [ParNew: 59006K->6528K(59008K), 0.0379903 secs] 8604096K->8578368K(25159296K), 0.0381575 secs] [Times: user=0.48 sys=0.00, real=0.04 secs] 
2014-04-09T14:28:51.607+0900: 380.426: [GC (Allocation Failure) 380.426: [ParNew: 54306K->6528K(59008K), 0.0435339 secs] 8626147K->8592144K(25159296K), 0.0436982 secs] [Times: user=0.50 sys=0.01, real=0.04 secs] 
2014-04-09T14:28:51.706+0900: 380.526: [GC (Allocation Failure) 380.526: [ParNew: 59003K->6528K(59008K), 0.0347982 secs] 8644619K->8606792K(25159296K), 0.0349588 secs] [Times: user=0.43 sys=0.00, real=0.03 secs] 
2014-04-09T14:28:51.807+0900: 380.627: [GC (Allocation Failure) 380.627: [ParNew: 59008K->6528K(59008K), 0.0403492 secs] 8659272K->8633704K(25159296K), 0.0405086 secs] [Times: user=0.49 sys=0.00, real=0.04 secs] 
2014-04-09T14:28:51.954+0900: 380.773: [GC (Allocation Failure) 380.774: [ParNew: 54231K->6528K(59008K), 0.0483989 secs] 8681407K->8647282K(25159296K), 0.0485585 secs] [Times: user=0.57 sys=0.01, real=0.04 secs] 
2014-04-09T14:28:52.061+0900: 380.881: [GC (Allocation Failure) 380.881: [ParNew: 58992K->6528K(59008K), 0.0345277 secs] 8699746K->8662540K(25159296K), 0.0346860 secs] [Times: user=0.44 sys=0.00, real=0.04 secs] 
2014-04-09T14:28:52.185+0900: 381.005: [GC (Allocation Failure) 381.005: [ParNew: 59008K->6528K(59008K), 0.0390018 secs] 8715020K->8689626K(25159296K), 0.0391585 secs] [Times: user=0.48 sys=0.00, real=0.04 secs] 
2014-04-09T14:28:52.319+0900: 381.139: [GC (Allocation Failure) 381.139: [ParNew: 54018K->6528K(59008K), 0.0441456 secs] 8737116K->8702892K(25159296K), 0.0443054 secs] [Times: user=0.51 sys=0.01, real=0.04 secs] 
2014-04-09T14:28:52.419+0900: 381.239: [GC (Allocation Failure) 381.239: [ParNew: 58982K->6521K(59008K), 0.0349403 secs] 8755346K->8717346K(25159296K), 0.0350951 secs] [Times: user=0.44 sys=0.00, real=0.04 secs] 
2014-04-09T14:28:52.535+0900: 381.355: [GC (Allocation Failure) 381.355: [ParNew: 59001K->6528K(59008K), 0.0386046 secs] 8769826K->8744024K(25159296K), 0.0387614 secs] [Times: user=0.49 sys=0.00, real=0.03 secs] 
2014-04-09T14:28:52.683+0900: 381.503: [GC (Allocation Failure) 381.503: [ParNew: 54228K->6528K(59008K), 0.0424556 secs] 8791725K->8758351K(25159296K), 0.0426099 secs] [Times: user=0.50 sys=0.01, real=0.05 secs] 
2014-04-09T14:28:52.778+0900: 381.598: [GC (Allocation Failure) 381.598: [ParNew: 58991K->6528K(59008K), 0.0321637 secs] 8810815K->8772500K(25159296K), 0.0323188 secs] [Times: user=0.40 sys=0.00, real=0.03 secs] 
2014-04-09T14:28:52.865+0900: 381.684: [GC (Allocation Failure) 381.685: [ParNew: 59008K->6528K(59008K), 0.0383543 secs] 8824980K->8799274K(25159296K), 0.0385127 secs] [Times: user=0.48 sys=0.00, real=0.03 secs] 
2014-04-09T14:28:52.993+0900: 381.813: [GC (Allocation Failure) 381.813: [ParNew: 54421K->6528K(59008K), 0.0400214 secs] 8847168K->8812673K(25159296K), 0.0401784 secs] [Times: user=0.45 sys=0.01, real=0.04 secs] 
2014-04-09T14:28:53.090+0900: 381.910: [GC (Allocation Failure) 381.910: [ParNew: 59005K->6528K(59008K), 0.0408929 secs] 8865150K->8828305K(25159296K), 0.0410624 secs] [Times: user=0.51 sys=0.01, real=0.04 secs] 
2014-04-09T14:28:53.176+0900: 381.995: [GC (Allocation Failure) 381.995: [ParNew: 59008K->6528K(59008K), 0.0387765 secs] 8880785K->8855106K(25159296K), 0.0389287 secs] [Times: user=0.48 sys=0.00, real=0.04 secs] 
2014-04-09T14:28:53.287+0900: 382.107: [CMS-concurrent-mark: 1.302/1.982 secs] [Times: user=14.58 sys=0.19, real=1.98 secs] 
2014-04-09T14:28:53.287+0900: 382.107: [CMS-concurrent-preclean-start]
2014-04-09T14:28:53.295+0900: 382.114: [GC (Allocation Failure) 382.114: [ParNew: 54415K->6528K(59008K), 0.0422265 secs] 8902994K->8869622K(25159296K), 0.0423699 secs] [Times: user=0.46 sys=0.01, real=0.04 secs] 
2014-04-09T14:28:53.390+0900: 382.209: [GC (Allocation Failure) 382.209: [ParNew: 58990K->6528K(59008K), 0.0364400 secs] 8922085K->8883090K(25159296K), 0.0365870 secs] [Times: user=0.45 sys=0.01, real=0.04 secs] 
2014-04-09T14:28:53.469+0900: 382.289: [GC (Allocation Failure) 382.289: [ParNew: 59008K->6528K(59008K), 0.0402374 secs] 8935570K->8909693K(25159296K), 0.0403927 secs] [Times: user=0.49 sys=0.00, real=0.04 secs] 
2014-04-09T14:28:53.590+0900: 382.410: [GC (Allocation Failure) 382.410: [ParNew: 53886K->6528K(59008K), 0.0447363 secs] 8957052K->8923067K(25159296K), 0.0448895 secs] [Times: user=0.47 sys=0.01, real=0.05 secs] 
2014-04-09T14:28:53.688+0900: 382.508: [GC (Allocation Failure) 382.508: [ParNew: 59008K->6528K(59008K), 0.0339918 secs] 8975547K->8938706K(25159296K), 0.0341428 secs] [Times: user=0.43 sys=0.00, real=0.03 secs] 
2014-04-09T14:28:53.768+0900: 382.588: [GC (Allocation Failure) 382.588: [ParNew: 59008K->6528K(59008K), 0.0414477 secs] 8991186K->8965553K(25159296K), 0.0416029 secs] [Times: user=0.51 sys=0.00, real=0.04 secs] 
2014-04-09T14:28:53.930+0900: 382.749: [CMS-concurrent-preclean: 0.367/0.642 secs] [Times: user=3.61 sys=0.07, real=0.64 secs] 
2014-04-09T14:28:53.930+0900: 382.750: [GC (Allocation Failure) 382.750: [ParNew: 53809K->6528K(59008K), 0.0509376 secs] 9012834K->8978772K(25159296K), 0.0510743 secs] [Times: user=0.55 sys=0.01, real=0.05 secs] 
2014-04-09T14:28:53.982+0900: 382.801: [CMS-concurrent-abortable-preclean-start]
2014-04-09T14:28:54.035+0900: 382.855: [GC (Allocation Failure) 382.855: [ParNew: 58985K->6526K(59008K), 0.0343020 secs] 9031229K->8994003K(25159296K), 0.0344618 secs] [Times: user=0.42 sys=0.01, real=0.03 secs] 
2014-04-09T14:28:54.143+0900: 382.963: [CMS-concurrent-abortable-preclean: 0.123/0.162 secs] [Times: user=0.67 sys=0.02, real=0.16 secs] 
2014-04-09T14:28:54.144+0900: 382.964: [GC (Allocation Failure) 382.964: [ParNew: 59004K->6528K(59008K), 0.0419137 secs] 9046482K->9020771K(25159296K), 0.0420466 secs] [Times: user=0.52 sys=0.01, real=0.05 secs] 
2014-04-09T14:28:54.187+0900: 383.006: [GC (CMS Final Remark) [YG occupancy: 6567 K (59008 K)]383.006: [Rescan (parallel) , 0.0140901 secs]383.021: [weak refs processing, 0.0000532 secs]383.021: [class unloading, 0.0400959 secs]383.061: [scrub symbol table, 0.0043377 secs]383.065: [scrub string table, 0.0012188 secs][1 CMS-remark: 9014243K(25100288K)] 9020810K(25159296K), 0.0673666 secs] [Times: user=0.22 sys=0.00, real=0.06 secs] 
2014-04-09T14:28:54.255+0900: 383.074: [CMS-concurrent-sweep-start]
2014-04-09T14:28:54.369+0900: 383.189: [GC (Allocation Failure) 383.189: [ParNew: 54260K->6528K(59008K), 0.0506060 secs] 9063729K->9029974K(25159296K), 0.0507822 secs] [Times: user=0.56 sys=0.01, real=0.05 secs] 
2014-04-09T14:28:54.488+0900: 383.308: [GC (Allocation Failure) 383.308: [ParNew: 58984K->6528K(59008K), 0.0437677 secs] 9079162K->9041736K(25159296K), 0.0439416 secs] [Times: user=0.55 sys=0.00, real=0.04 secs] 
2014-04-09T14:28:54.590+0900: 383.409: [GC (Allocation Failure) 383.410: [ParNew: 59008K->6527K(59008K), 0.0395115 secs] 9090247K->9064473K(25159296K), 0.0396842 secs] [Times: user=0.49 sys=0.00, real=0.04 secs] 
2014-04-09T14:28:54.745+0900: 383.565: [GC (Allocation Failure) 383.565: [ParNew: 54542K->6528K(59008K), 0.0489390 secs] 9103833K->9069428K(25159296K), 0.0491154 secs] [Times: user=0.57 sys=0.00, real=0.05 secs] 
2014-04-09T14:28:54.864+0900: 383.684: [GC (Allocation Failure) 383.684: [ParNew: 58997K->6528K(59008K), 0.0358297 secs] 9113862K->9076960K(25159296K), 0.0360013 secs] [Times: user=0.44 sys=0.01, real=0.03 secs] 
2014-04-09T14:28:54.961+0900: 383.781: [GC (Allocation Failure) 383.781: [ParNew: 59008K->6528K(59008K), 0.0463496 secs] 9124604K->9098874K(25159296K), 0.0465350 secs] [Times: user=0.57 sys=0.00, real=0.05 secs] 
2014-04-09T14:28:55.121+0900: 383.941: [GC (Allocation Failure) 383.941: [ParNew: 54047K->6528K(59008K), 0.0464737 secs] 9140138K->9106449K(25159296K), 0.0466504 secs] [Times: user=0.53 sys=0.01, real=0.05 secs] 
2014-04-09T14:28:55.239+0900: 384.059: [GC (Allocation Failure) 384.059: [ParNew: 58995K->6528K(59008K), 0.0366314 secs] 9153987K->9116167K(25159296K), 0.0368016 secs] [Times: user=0.46 sys=0.00, real=0.04 secs] 
2014-04-09T14:28:55.337+0900: 384.157: [GC (Allocation Failure) 384.157: [ParNew: 59008K->6528K(59008K), 0.0466962 secs] 9165431K->9139453K(25159296K), 0.0468681 secs] [Times: user=0.56 sys=0.00, real=0.04 secs] 
2014-04-09T14:28:55.497+0900: 384.317: [GC (Allocation Failure) 384.317: [ParNew: 54492K->6528K(59008K), 0.0474436 secs] 9177451K->9143408K(25159296K), 0.0476217 secs] [Times: user=0.54 sys=0.00, real=0.05 secs] 
2014-04-09T14:28:55.611+0900: 384.431: [GC (Allocation Failure) 384.431: [ParNew: 59006K->6518K(59008K), 0.0434961 secs] 9191182K->9154117K(25159296K), 0.0436660 secs] [Times: user=0.55 sys=0.00, real=0.05 secs] 
2014-04-09T14:28:55.717+0900: 384.537: [GC (Allocation Failure) 384.537: [ParNew: 58997K->6528K(59008K), 0.0435773 secs] 9202830K->9176821K(25159296K), 0.0437469 secs] [Times: user=0.53 sys=0.01, real=0.04 secs] 
2014-04-09T14:28:55.876+0900: 384.696: [GC (Allocation Failure) 384.696: [ParNew: 54577K->6528K(59008K), 0.0481307 secs] 9214473K->9180665K(25159296K), 0.0483126 secs] [Times: user=0.55 sys=0.01, real=0.05 secs] 
2014-04-09T14:28:55.991+0900: 384.811: [GC (Allocation Failure) 384.811: [ParNew: 58993K->6528K(59008K), 0.0375185 secs] 9226658K->9188921K(25159296K), 0.0376883 secs] [Times: user=0.46 sys=0.02, real=0.04 secs] 
2014-04-09T14:28:56.118+0900: 384.938: [GC (Allocation Failure) 384.938: [ParNew: 59008K->6528K(59008K), 0.0405893 secs] 9235719K->9210134K(25159296K), 0.0407627 secs] [Times: user=0.49 sys=0.01, real=0.04 secs] 
2014-04-09T14:28:56.293+0900: 385.113: [GC (Allocation Failure) 385.113: [ParNew: 54178K->6528K(59008K), 0.0493794 secs] 9234472K->9200790K(25159296K), 0.0495541 secs] [Times: user=0.54 sys=0.02, real=0.05 secs] 
2014-04-09T14:28:56.409+0900: 385.228: [GC (Allocation Failure) 385.228: [ParNew: 58993K->6528K(59008K), 0.0421086 secs] 8415810K->8377281K(25159296K), 0.0422794 secs] [Times: user=0.53 sys=0.00, real=0.04 secs] 
2014-04-09T14:28:56.455+0900: 385.274: [CMS-concurrent-sweep: 1.432/2.200 secs] [Times: user=11.87 sys=0.23, real=2.20 secs] 
2014-04-09T14:28:56.455+0900: 385.274: [CMS-concurrent-reset-start]
2014-04-09T14:28:56.514+0900: 385.333: [GC (Allocation Failure) 385.333: [ParNew: 59008K->6528K(59008K), 0.0443633 secs] 8354695K->8328890K(25159296K), 0.0445378 secs] [Times: user=0.55 sys=0.00, real=0.05 secs] 
2014-04-09T14:28:56.589+0900: 385.409: [CMS-concurrent-reset: 0.089/0.135 secs] [Times: user=0.72 sys=0.00, real=0.13 secs] 
2014-04-09T14:28:56.672+0900: 385.491: [GC (Allocation Failure) 385.491: [ParNew: 54563K->6528K(59008K), 0.0481323 secs] 8376925K->8343344K(25159296K), 0.0483034 secs] [Times: user=0.55 sys=0.01, real=0.05 secs] 
2014-04-09T14:28:56.722+0900: 385.542: [GC (CMS Initial Mark) [1 CMS-initial-mark: 8336816K(25100288K)] 8351536K(25159296K), 0.0015106 secs] [Times: user=0.00 sys=0.00, real=0.00 secs] 
2014-04-09T14:28:56.724+0900: 385.544: [CMS-concurrent-mark-start]
2014-04-09T14:28:56.809+0900: 385.628: [GC (Allocation Failure) 385.628: [ParNew: 58987K->6528K(59008K), 0.0363506 secs] 8395803K->8357188K(25159296K), 0.0365232 secs] [Times: user=0.46 sys=0.01, real=0.04 secs] 
2014-04-09T14:28:56.920+0900: 385.740: [GC (Allocation Failure) 385.740: [ParNew: 59008K->6528K(59008K), 0.0416563 secs] 8409668K->8383890K(25159296K), 0.0418295 secs] [Times: user=0.51 sys=0.01, real=0.04 secs] 
2014-04-09T14:28:57.087+0900: 385.907: [GC (Allocation Failure) 385.907: [ParNew: 54433K->6528K(59008K), 0.0504838 secs] 8431795K->8397433K(25159296K), 0.0506545 secs] [Times: user=0.56 sys=0.02, real=0.05 secs] 
2014-04-09T14:28:57.204+0900: 386.024: [GC (Allocation Failure) 386.024: [ParNew: 59001K->6528K(59008K), 0.0377087 secs] 8449906K->8412581K(25159296K), 0.0378807 secs] [Times: user=0.47 sys=0.00, real=0.04 secs] 
2014-04-09T14:28:57.303+0900: 386.123: [GC (Allocation Failure) 386.123: [ParNew: 59008K->6528K(59008K), 0.0492792 secs] 8465061K->8439249K(25159296K), 0.0494526 secs] [Times: user=0.61 sys=0.00, real=0.05 secs] 
2014-04-09T14:28:57.466+0900: 386.285: [GC (Allocation Failure) 386.285: [ParNew: 54002K->6528K(59008K), 0.0509010 secs] 8486723K->8452852K(25159296K), 0.0510751 secs] [Times: user=0.58 sys=0.01, real=0.05 secs] 
2014-04-09T14:28:57.589+0900: 386.409: [GC (Allocation Failure) 386.409: [ParNew: 58998K->6528K(59008K), 0.0431919 secs] 8505322K->8468455K(25159296K), 0.0433622 secs] [Times: user=0.54 sys=0.01, real=0.04 secs] 
2014-04-09T14:28:57.697+0900: 386.517: [GC (Allocation Failure) 386.517: [ParNew: 59008K->6528K(59008K), 0.0470583 secs] 8520935K->8494935K(25159296K), 0.0472287 secs] [Times: user=0.57 sys=0.00, real=0.04 secs] 
2014-04-09T14:28:57.824+0900: 386.644: [GC (Allocation Failure) 386.644: [ParNew: 59008K->5095K(59008K), 0.0331612 secs] 8547415K->8499076K(25159296K), 0.0333379 secs] [Times: user=0.39 sys=0.02, real=0.04 secs] 
2014-04-09T14:28:57.931+0900: 386.751: [GC (Allocation Failure) 386.751: [ParNew: 57575K->1294K(59008K), 0.0309940 secs] 8551556K->8495275K(25159296K), 0.0311593 secs] [Times: user=0.40 sys=0.00, real=0.03 secs] 
2014-04-09T14:28:58.028+0900: 386.848: [GC (Allocation Failure) 386.848: [ParNew: 53774K->396K(59008K), 0.0331984 secs] 8547755K->8494377K(25159296K), 0.0333654 secs] [Times: user=0.42 sys=0.00, real=0.03 secs] 
2014-04-09T14:28:58.161+0900: 386.981: [GC (Allocation Failure) 386.981: [ParNew: 52876K->205K(59008K), 0.0358747 secs] 8546857K->8494186K(25159296K), 0.0360445 secs] [Times: user=0.45 sys=0.00, real=0.04 secs] 
2014-04-09T14:28:58.316+0900: 387.136: [GC (Allocation Failure) 387.136: [ParNew: 52685K->164K(59008K), 0.0313019 secs] 8546666K->8494144K(25159296K), 0.0314638 secs] [Times: user=0.40 sys=0.00, real=0.03 secs] 
2014-04-09T14:28:58.465+0900: 387.284: [GC (Allocation Failure) 387.285: [ParNew: 52644K->188K(59008K), 0.0330595 secs] 8546624K->8494168K(25159296K), 0.0332218 secs] [Times: user=0.41 sys=0.00, real=0.03 secs] 
2014-04-09T14:28:58.617+0900: 387.436: [GC (Allocation Failure) 387.436: [ParNew: 52668K->49K(59008K), 0.0301473 secs] 8546648K->8494140K(25159296K), 0.0303081 secs] [Times: user=0.38 sys=0.01, real=0.03 secs] 
2014-04-09T14:28:58.764+0900: 387.584: [GC (Allocation Failure) 387.584: [ParNew: 52529K->26K(59008K), 0.0307483 secs] 8546620K->8494117K(25159296K), 0.0308868 secs] [Times: user=0.38 sys=0.01, real=0.03 secs] 
2014-04-09T14:28:58.812+0900: 387.632: [CMS-concurrent-mark: 1.453/2.088 secs] [Times: user=15.36 sys=0.24, real=2.08 secs] 
2014-04-09T14:28:58.813+0900: 387.632: [CMS-concurrent-preclean-start]
2014-04-09T14:28:58.898+0900: 387.718: [GC (Allocation Failure) 387.718: [ParNew: 52506K->30K(59008K), 0.0338147 secs] 8546597K->8494121K(25159296K), 0.0339622 secs] [Times: user=0.42 sys=0.00, real=0.03 secs] 
2014-04-09T14:28:59.076+0900: 387.895: [CMS-concurrent-preclean: 0.210/0.263 secs] [Times: user=0.80 sys=0.01, real=0.27 secs] 
2014-04-09T14:28:59.076+0900: 387.895: [CMS-concurrent-abortable-preclean-start]
2014-04-09T14:28:59.191+0900: 388.011: [CMS-concurrent-abortable-preclean: 0.114/0.115 secs] [Times: user=0.11 sys=0.00, real=0.11 secs] 
2014-04-09T14:28:59.192+0900: 388.011: [GC (CMS Final Remark) [YG occupancy: 29489 K (59008 K)]388.012: [Rescan (parallel) , 0.0150627 secs]388.027: [weak refs processing, 0.0000523 secs]388.027: [class unloading, 0.0396828 secs]388.066: [scrub symbol table, 0.0043533 secs]388.071: [scrub string table, 0.0012235 secs][1 CMS-remark: 8494091K(25100288K)] 8523580K(25159296K), 0.0681318 secs] [Times: user=0.24 sys=0.00, real=0.07 secs] 
2014-04-09T14:28:59.262+0900: 388.082: [CMS-concurrent-sweep-start]
2014-04-09T14:29:00.801+0900: 389.621: [CMS-concurrent-sweep: 1.538/1.539 secs] [Times: user=1.55 sys=0.01, real=1.54 secs] 
2014-04-09T14:29:00.801+0900: 389.621: [CMS-concurrent-reset-start]
2014-04-09T14:29:00.879+0900: 389.699: [CMS-concurrent-reset: 0.078/0.078 secs] [Times: user=0.07 sys=0.00, real=0.08 secs] 
Heap
 par new generation   total 59008K, used 36299K [0x00000001c0000000, 0x00000001c4000000, 0x00000001c4000000)
  eden space 52480K,  69% used [0x00000001c0000000, 0x00000001c236b440, 0x00000001c3340000)
  from space 6528K,   0% used [0x00000001c39a0000, 0x00000001c39a7978, 0x00000001c4000000)
  to   space 6528K,   0% used [0x00000001c3340000, 0x00000001c3340000, 0x00000001c39a0000)
 concurrent mark-sweep generation total 25100288K, used 6754439K [0x00000001c4000000, 0x00000007c0000000, 0x00000007c0000000)
 Metaspace       used 38010K, capacity 38891K, committed 38988K, reserved 1083392K
  class space    used 5742K, capacity 5941K, committed 5964K, reserved 1048576K
