Java HotSpot(TM) 64-Bit Server VM (25.0-b70) for linux-amd64 JRE (1.8.0-b132), built on Mar  4 2014 03:07:25 by "java_re" with gcc 4.3.0 20080428 (Red Hat 4.3.0-8)
Memory: 4k page, physical 32865776k(30157044k free), swap 2047992k(2047992k free)
CommandLine flags: -XX:CMSInitiatingOccupancyFraction=30 -XX:InitialHeapSize=25769803776 -XX:MaxHeapSize=25769803776 -XX:MaxNewSize=67108864 -XX:MaxTenuringThreshold=6 -XX:NewSize=67108864 -XX:OldPLABSize=16 -XX:+PrintGC -XX:+PrintGCDateStamps -XX:+PrintGCDetails -XX:+PrintGCTimeStamps -XX:ThreadStackSize=2048 -XX:+UseCompressedClassPointers -XX:+UseCompressedOops -XX:+UseConcMarkSweepGC -XX:+UseParNewGC 
2014-04-09T14:32:01.786+0900: 2.243: [GC (CMS Initial Mark) [1 CMS-initial-mark: 0K(25100288K)] 50423K(25159296K), 0.0704824 secs] [Times: user=0.15 sys=0.00, real=0.07 secs] 
2014-04-09T14:32:01.857+0900: 2.314: [CMS-concurrent-mark-start]
2014-04-09T14:32:01.867+0900: 2.324: [CMS-concurrent-mark: 0.010/0.010 secs] [Times: user=0.05 sys=0.00, real=0.01 secs] 
2014-04-09T14:32:01.867+0900: 2.324: [CMS-concurrent-preclean-start]
2014-04-09T14:32:01.981+0900: 2.438: [CMS-concurrent-preclean: 0.114/0.114 secs] [Times: user=0.24 sys=0.02, real=0.11 secs] 
2014-04-09T14:32:01.982+0900: 2.438: [GC (Allocation Failure) 2.438: [ParNew: 52480K->6528K(59008K), 0.0628180 secs] 52480K->8444K(25159296K), 0.0629317 secs] [Times: user=0.71 sys=0.03, real=0.07 secs] 
2014-04-09T14:32:02.045+0900: 2.502: [GC (CMS Final Remark) [YG occupancy: 7514 K (59008 K)]2.502: [Rescan (parallel) , 0.0138010 secs]2.516: [weak refs processing, 0.0000399 secs]2.516: [class unloading, 0.0221028 secs]2.538: [scrub symbol table, 0.0027261 secs]2.541: [scrub string table, 0.0009109 secs][1 CMS-remark: 1916K(25100288K)] 9431K(25159296K), 0.0443699 secs] [Times: user=0.19 sys=0.00, real=0.04 secs] 
2014-04-09T14:32:02.090+0900: 2.547: [CMS-concurrent-sweep-start]
2014-04-09T14:32:02.092+0900: 2.549: [CMS-concurrent-sweep: 0.002/0.002 secs] [Times: user=0.01 sys=0.00, real=0.00 secs] 
2014-04-09T14:32:02.092+0900: 2.549: [CMS-concurrent-reset-start]
2014-04-09T14:32:02.207+0900: 2.664: [CMS-concurrent-reset: 0.115/0.115 secs] [Times: user=0.36 sys=0.12, real=0.12 secs] 
2014-04-09T14:32:03.101+0900: 3.558: [GC (Allocation Failure) 3.558: [ParNew: 59008K->6528K(59008K), 0.0765696 secs] 60924K->18160K(25159296K), 0.0766812 secs] [Times: user=0.87 sys=0.01, real=0.08 secs] 
2014-04-09T14:32:07.404+0900: 7.861: [GC (Allocation Failure) 7.861: [ParNew: 59008K->6527K(59008K), 0.0662597 secs] 70640K->21696K(25159296K), 0.0664118 secs] [Times: user=0.85 sys=0.00, real=0.06 secs] 
2014-04-09T14:32:08.643+0900: 9.100: [GC (Allocation Failure) 9.100: [ParNew: 58978K->6528K(59008K), 0.0715450 secs] 74146K->31545K(25159296K), 0.0718035 secs] [Times: user=0.84 sys=0.01, real=0.08 secs] 
2014-04-09T14:32:09.306+0900: 9.763: [GC (Allocation Failure) 9.763: [ParNew: 59008K->6528K(59008K), 0.0815610 secs] 84025K->37200K(25159296K), 0.0818885 secs] [Times: user=1.06 sys=0.02, real=0.08 secs] 
2014-04-09T14:32:09.584+0900: 10.041: [GC (Allocation Failure) 10.041: [ParNew: 59008K->6528K(59008K), 0.0757315 secs] 89680K->43860K(25159296K), 0.0760268 secs] [Times: user=0.98 sys=0.02, real=0.07 secs] 
2014-04-09T14:32:09.797+0900: 10.253: [GC (Allocation Failure) 10.254: [ParNew: 59008K->6528K(59008K), 0.0759390 secs] 96340K->52555K(25159296K), 0.0763000 secs] [Times: user=1.03 sys=0.02, real=0.07 secs] 
2014-04-09T14:32:09.986+0900: 10.443: [GC (Allocation Failure) 10.443: [ParNew: 59008K->6528K(59008K), 0.0698611 secs] 105035K->61256K(25159296K), 0.0701906 secs] [Times: user=0.91 sys=0.02, real=0.07 secs] 
2014-04-09T14:32:10.164+0900: 10.620: [GC (Allocation Failure) 10.620: [ParNew: 59008K->6528K(59008K), 0.1238771 secs] 113736K->71536K(25159296K), 0.1241980 secs] [Times: user=1.52 sys=0.04, real=0.13 secs] 
2014-04-09T14:32:10.397+0900: 10.854: [GC (Allocation Failure) 10.854: [ParNew: 59008K->6526K(59008K), 0.0908842 secs] 124016K->81664K(25159296K), 0.0912203 secs] [Times: user=1.22 sys=0.01, real=0.09 secs] 
2014-04-09T14:32:10.605+0900: 11.062: [GC (Allocation Failure) 11.062: [ParNew: 59006K->6528K(59008K), 0.0872029 secs] 134144K->92198K(25159296K), 0.0875507 secs] [Times: user=1.05 sys=0.01, real=0.08 secs] 
2014-04-09T14:32:10.805+0900: 11.262: [GC (Allocation Failure) 11.262: [ParNew: 59008K->6528K(59008K), 0.0890213 secs] 144678K->101509K(25159296K), 0.0893635 secs] [Times: user=1.25 sys=0.01, real=0.09 secs] 
2014-04-09T14:32:11.002+0900: 11.459: [GC (Allocation Failure) 11.459: [ParNew: 59008K->6528K(59008K), 0.1079462 secs] 153989K->113178K(25159296K), 0.1083628 secs] [Times: user=1.22 sys=0.03, real=0.11 secs] 
2014-04-09T14:32:11.216+0900: 11.673: [GC (Allocation Failure) 11.673: [ParNew: 59008K->6528K(59008K), 0.1499720 secs] 165658K->123999K(25159296K), 0.1503711 secs] [Times: user=1.92 sys=0.03, real=0.15 secs] 
2014-04-09T14:32:11.479+0900: 11.936: [GC (Allocation Failure) 11.936: [ParNew: 59008K->6528K(59008K), 0.1002218 secs] 176479K->135175K(25159296K), 0.1005747 secs] [Times: user=1.41 sys=0.02, real=0.10 secs] 
2014-04-09T14:32:11.687+0900: 12.143: [GC (Allocation Failure) 12.144: [ParNew: 59008K->6528K(59008K), 0.1039606 secs] 187655K->145778K(25159296K), 0.1043654 secs] [Times: user=1.28 sys=0.02, real=0.10 secs] 
2014-04-09T14:32:11.890+0900: 12.347: [GC (Allocation Failure) 12.347: [ParNew: 59008K->6528K(59008K), 0.0839238 secs] 198258K->157443K(25159296K), 0.0842726 secs] [Times: user=1.12 sys=0.02, real=0.08 secs] 
2014-04-09T14:32:12.065+0900: 12.522: [GC (Allocation Failure) 12.522: [ParNew: 58937K->6528K(59008K), 0.0919150 secs] 209852K->170334K(25159296K), 0.0922757 secs] [Times: user=1.24 sys=0.02, real=0.09 secs] 
2014-04-09T14:32:12.242+0900: 12.699: [GC (Allocation Failure) 12.699: [ParNew: 59008K->6528K(59008K), 0.1092367 secs] 222814K->184492K(25159296K), 0.1096112 secs] [Times: user=1.59 sys=0.01, real=0.11 secs] 
2014-04-09T14:32:12.431+0900: 12.888: [GC (Allocation Failure) 12.888: [ParNew: 59008K->6528K(59008K), 0.1069559 secs] 236972K->196198K(25159296K), 0.1073730 secs] [Times: user=1.44 sys=0.01, real=0.11 secs] 
2014-04-09T14:32:12.598+0900: 13.055: [GC (Allocation Failure) 13.055: [ParNew: 59008K->6528K(59008K), 0.0809024 secs] 248678K->209459K(25159296K), 0.0813038 secs] [Times: user=0.94 sys=0.01, real=0.08 secs] 
2014-04-09T14:32:12.732+0900: 13.189: [GC (Allocation Failure) 13.189: [ParNew: 59008K->6528K(59008K), 0.1187882 secs] 261939K->225216K(25159296K), 0.1191319 secs] [Times: user=1.14 sys=0.01, real=0.12 secs] 
2014-04-09T14:32:12.897+0900: 13.354: [GC (Allocation Failure) 13.354: [ParNew: 59008K->6528K(59008K), 0.1012930 secs] 277696K->242155K(25159296K), 0.1016344 secs] [Times: user=1.22 sys=0.02, real=0.10 secs] 
2014-04-09T14:32:13.047+0900: 13.504: [GC (Allocation Failure) 13.504: [ParNew: 59008K->6528K(59008K), 0.0969446 secs] 294635K->257686K(25159296K), 0.0972896 secs] [Times: user=1.08 sys=0.01, real=0.09 secs] 
2014-04-09T14:32:13.202+0900: 13.659: [GC (Allocation Failure) 13.659: [ParNew: 59008K->6528K(59008K), 0.1006941 secs] 310166K->272319K(25159296K), 0.1010404 secs] [Times: user=1.31 sys=0.01, real=0.10 secs] 
2014-04-09T14:32:13.360+0900: 13.817: [GC (Allocation Failure) 13.817: [ParNew: 59008K->6528K(59008K), 0.1030170 secs] 324799K->287644K(25159296K), 0.1033805 secs] [Times: user=1.22 sys=0.01, real=0.10 secs] 
2014-04-09T14:32:13.511+0900: 13.968: [GC (Allocation Failure) 13.968: [ParNew: 59008K->6528K(59008K), 0.1138972 secs] 340124K->303190K(25159296K), 0.1142401 secs] [Times: user=1.39 sys=0.02, real=0.12 secs] 
2014-04-09T14:32:13.672+0900: 14.129: [GC (Allocation Failure) 14.129: [ParNew: 59008K->6528K(59008K), 0.0941250 secs] 355670K->317565K(25159296K), 0.0944734 secs] [Times: user=0.96 sys=0.01, real=0.10 secs] 
2014-04-09T14:32:13.819+0900: 14.276: [GC (Allocation Failure) 14.276: [ParNew: 59008K->6528K(59008K), 0.1071849 secs] 370045K->333248K(25159296K), 0.1075903 secs] [Times: user=1.12 sys=0.02, real=0.11 secs] 
2014-04-09T14:32:13.973+0900: 14.430: [GC (Allocation Failure) 14.430: [ParNew: 59008K->6528K(59008K), 0.0912648 secs] 385728K->351125K(25159296K), 0.0916708 secs] [Times: user=1.20 sys=0.02, real=0.10 secs] 
2014-04-09T14:32:14.112+0900: 14.569: [GC (Allocation Failure) 14.569: [ParNew: 59008K->6528K(59008K), 0.0902626 secs] 403605K->364437K(25159296K), 0.0906190 secs] [Times: user=1.10 sys=0.01, real=0.09 secs] 
2014-04-09T14:32:14.253+0900: 14.710: [GC (Allocation Failure) 14.710: [ParNew: 59008K->6528K(59008K), 0.1022655 secs] 416917K->378756K(25159296K), 0.1026355 secs] [Times: user=1.26 sys=0.02, real=0.11 secs] 
2014-04-09T14:32:14.408+0900: 14.865: [GC (Allocation Failure) 14.865: [ParNew: 58819K->6528K(59008K), 0.1031996 secs] 431047K->393927K(25159296K), 0.1035636 secs] [Times: user=1.29 sys=0.02, real=0.10 secs] 
2014-04-09T14:32:14.560+0900: 15.017: [GC (Allocation Failure) 15.017: [ParNew: 59008K->6528K(59008K), 0.0906289 secs] 446407K->410788K(25159296K), 0.0909959 secs] [Times: user=1.05 sys=0.03, real=0.09 secs] 
2014-04-09T14:32:14.697+0900: 15.154: [GC (Allocation Failure) 15.154: [ParNew: 59008K->6528K(59008K), 0.1101301 secs] 463268K->427515K(25159296K), 0.1105315 secs] [Times: user=1.40 sys=0.02, real=0.11 secs] 
2014-04-09T14:32:14.855+0900: 15.312: [GC (Allocation Failure) 15.312: [ParNew: 59008K->6528K(59008K), 0.1089071 secs] 479995K->443101K(25159296K), 0.1093338 secs] [Times: user=1.40 sys=0.02, real=0.10 secs] 
2014-04-09T14:32:15.012+0900: 15.469: [GC (Allocation Failure) 15.469: [ParNew: 59008K->6528K(59008K), 0.0894063 secs] 495581K->458423K(25159296K), 0.0897765 secs] [Times: user=1.09 sys=0.03, real=0.09 secs] 
2014-04-09T14:32:15.146+0900: 15.603: [GC (Allocation Failure) 15.603: [ParNew: 59008K->6528K(59008K), 0.0983570 secs] 510903K->473974K(25159296K), 0.0987255 secs] [Times: user=1.31 sys=0.01, real=0.10 secs] 
2014-04-09T14:32:15.291+0900: 15.748: [GC (Allocation Failure) 15.748: [ParNew: 59008K->6528K(59008K), 0.0981575 secs] 526454K->488043K(25159296K), 0.0985181 secs] [Times: user=1.16 sys=0.02, real=0.10 secs] 
2014-04-09T14:32:15.432+0900: 15.889: [GC (Allocation Failure) 15.889: [ParNew: 59008K->6528K(59008K), 0.0817797 secs] 540523K->502869K(25159296K), 0.0821579 secs] [Times: user=1.00 sys=0.02, real=0.08 secs] 
2014-04-09T14:32:15.581+0900: 16.038: [GC (Allocation Failure) 16.038: [ParNew: 59008K->6528K(59008K), 0.0900710 secs] 555349K->512180K(25159296K), 0.0904891 secs] [Times: user=1.11 sys=0.02, real=0.09 secs] 
2014-04-09T14:32:15.733+0900: 16.190: [GC (Allocation Failure) 16.190: [ParNew: 59008K->6528K(59008K), 0.0724964 secs] 564660K->520541K(25159296K), 0.0728574 secs] [Times: user=1.06 sys=0.01, real=0.08 secs] 
2014-04-09T14:32:15.852+0900: 16.309: [GC (Allocation Failure) 16.309: [ParNew: 59008K->6528K(59008K), 0.0757871 secs] 573021K->530094K(25159296K), 0.0761505 secs] [Times: user=0.98 sys=0.01, real=0.08 secs] 
2014-04-09T14:32:15.974+0900: 16.431: [GC (Allocation Failure) 16.431: [ParNew: 59008K->6528K(59008K), 0.0611390 secs] 582574K->538679K(25159296K), 0.0615035 secs] [Times: user=0.78 sys=0.02, real=0.07 secs] 
2014-04-09T14:32:16.079+0900: 16.536: [GC (Allocation Failure) 16.536: [ParNew: 59008K->6528K(59008K), 0.0627869 secs] 591159K->547682K(25159296K), 0.0631450 secs] [Times: user=0.75 sys=0.01, real=0.06 secs] 
2014-04-09T14:32:16.184+0900: 16.641: [GC (Allocation Failure) 16.641: [ParNew: 59008K->6528K(59008K), 0.0609270 secs] 600162K->555393K(25159296K), 0.0612811 secs] [Times: user=0.73 sys=0.01, real=0.06 secs] 
2014-04-09T14:32:16.287+0900: 16.744: [GC (Allocation Failure) 16.744: [ParNew: 59008K->6528K(59008K), 0.0670387 secs] 607873K->564107K(25159296K), 0.0673982 secs] [Times: user=0.79 sys=0.01, real=0.07 secs] 
2014-04-09T14:32:16.402+0900: 16.858: [GC (Allocation Failure) 16.859: [ParNew: 59008K->6528K(59008K), 0.0631931 secs] 616587K->573258K(25159296K), 0.0635380 secs] [Times: user=0.74 sys=0.01, real=0.06 secs] 
2014-04-09T14:32:16.507+0900: 16.963: [GC (Allocation Failure) 16.964: [ParNew: 59008K->6528K(59008K), 0.0676189 secs] 625738K->582010K(25159296K), 0.0679797 secs] [Times: user=0.80 sys=0.00, real=0.06 secs] 
2014-04-09T14:32:16.621+0900: 17.078: [GC (Allocation Failure) 17.078: [ParNew: 59008K->6528K(59008K), 0.0609219 secs] 634490K->590717K(25159296K), 0.0612785 secs] [Times: user=0.71 sys=0.02, real=0.06 secs] 
2014-04-09T14:32:16.722+0900: 17.179: [GC (Allocation Failure) 17.179: [ParNew: 59008K->6528K(59008K), 0.0753918 secs] 643197K->598870K(25159296K), 0.0757500 secs] [Times: user=0.90 sys=0.01, real=0.08 secs] 
2014-04-09T14:32:16.845+0900: 17.302: [GC (Allocation Failure) 17.302: [ParNew: 59008K->6528K(59008K), 0.0676853 secs] 651350K->608218K(25159296K), 0.0680423 secs] [Times: user=0.79 sys=0.01, real=0.07 secs] 
2014-04-09T14:32:16.953+0900: 17.410: [GC (Allocation Failure) 17.410: [ParNew: 59008K->6528K(59008K), 0.0659713 secs] 660698K->617284K(25159296K), 0.0663233 secs] [Times: user=0.78 sys=0.00, real=0.07 secs] 
2014-04-09T14:32:17.062+0900: 17.519: [GC (Allocation Failure) 17.519: [ParNew: 59008K->6528K(59008K), 0.0750967 secs] 669764K->626113K(25159296K), 0.0754545 secs] [Times: user=0.90 sys=0.01, real=0.08 secs] 
2014-04-09T14:32:17.185+0900: 17.642: [GC (Allocation Failure) 17.642: [ParNew: 59008K->6528K(59008K), 0.0669135 secs] 678593K->634367K(25159296K), 0.0672585 secs] [Times: user=0.81 sys=0.00, real=0.07 secs] 
2014-04-09T14:32:17.295+0900: 17.751: [GC (Allocation Failure) 17.752: [ParNew: 59008K->6528K(59008K), 0.0660059 secs] 686847K->642810K(25159296K), 0.0663552 secs] [Times: user=0.78 sys=0.02, real=0.07 secs] 
2014-04-09T14:32:17.402+0900: 17.859: [GC (Allocation Failure) 17.859: [ParNew: 59008K->6528K(59008K), 0.0767661 secs] 695290K->651148K(25159296K), 0.0771205 secs] [Times: user=0.91 sys=0.01, real=0.08 secs] 
2014-04-09T14:32:17.523+0900: 17.979: [GC (Allocation Failure) 17.980: [ParNew: 59008K->6528K(59008K), 0.0695732 secs] 703628K->661465K(25159296K), 0.0699401 secs] [Times: user=0.82 sys=0.01, real=0.07 secs] 
2014-04-09T14:32:17.638+0900: 18.095: [GC (Allocation Failure) 18.095: [ParNew: 59008K->6528K(59008K), 0.0629971 secs] 713945K->669338K(25159296K), 0.0633598 secs] [Times: user=0.74 sys=0.01, real=0.06 secs] 
2014-04-09T14:32:17.746+0900: 18.203: [GC (Allocation Failure) 18.203: [ParNew: 59008K->6528K(59008K), 0.0631986 secs] 721818K->677647K(25159296K), 0.0635580 secs] [Times: user=0.75 sys=0.01, real=0.06 secs] 
2014-04-09T14:32:17.851+0900: 18.308: [GC (Allocation Failure) 18.308: [ParNew: 59008K->6528K(59008K), 0.0758039 secs] 730127K->686734K(25159296K), 0.0761669 secs] [Times: user=0.89 sys=0.01, real=0.08 secs] 
2014-04-09T14:32:17.970+0900: 18.426: [GC (Allocation Failure) 18.427: [ParNew: 59008K->6528K(59008K), 0.0645314 secs] 739214K->695761K(25159296K), 0.0648982 secs] [Times: user=0.74 sys=0.02, real=0.06 secs] 
2014-04-09T14:32:18.077+0900: 18.533: [GC (Allocation Failure) 18.534: [ParNew: 59008K->6528K(59008K), 0.0633319 secs] 748241K->704568K(25159296K), 0.0636995 secs] [Times: user=0.73 sys=0.02, real=0.06 secs] 
2014-04-09T14:32:18.181+0900: 18.638: [GC (Allocation Failure) 18.638: [ParNew: 59008K->6528K(59008K), 0.0681071 secs] 757048K->714297K(25159296K), 0.0684664 secs] [Times: user=0.79 sys=0.01, real=0.07 secs] 
2014-04-09T14:32:18.292+0900: 18.748: [GC (Allocation Failure) 18.749: [ParNew: 59008K->6528K(59008K), 0.0639639 secs] 766777K->721961K(25159296K), 0.0643170 secs] [Times: user=0.75 sys=0.01, real=0.07 secs] 
2014-04-09T14:32:18.397+0900: 18.854: [GC (Allocation Failure) 18.854: [ParNew: 59008K->6528K(59008K), 0.0686410 secs] 774441K->730960K(25159296K), 0.0690021 secs] [Times: user=0.80 sys=0.01, real=0.07 secs] 
2014-04-09T14:32:18.508+0900: 18.965: [GC (Allocation Failure) 18.965: [ParNew: 59008K->6528K(59008K), 0.0588426 secs] 783440K->739142K(25159296K), 0.0591951 secs] [Times: user=0.68 sys=0.02, real=0.06 secs] 
2014-04-09T14:32:18.607+0900: 19.063: [GC (Allocation Failure) 19.064: [ParNew: 59008K->6528K(59008K), 0.0606527 secs] 791622K->748911K(25159296K), 0.0610140 secs] [Times: user=0.68 sys=0.02, real=0.06 secs] 
2014-04-09T14:32:18.712+0900: 19.169: [GC (Allocation Failure) 19.169: [ParNew: 59008K->6527K(59008K), 0.0663973 secs] 801391K->756727K(25159296K), 0.0667631 secs] [Times: user=0.79 sys=0.01, real=0.07 secs] 
2014-04-09T14:32:18.822+0900: 19.279: [GC (Allocation Failure) 19.279: [ParNew: 59007K->6528K(59008K), 0.0601384 secs] 809207K->765629K(25159296K), 0.0605591 secs] [Times: user=0.70 sys=0.00, real=0.06 secs] 
2014-04-09T14:32:18.924+0900: 19.381: [GC (Allocation Failure) 19.381: [ParNew: 59007K->6528K(59008K), 0.0636803 secs] 818109K->774549K(25159296K), 0.0640489 secs] [Times: user=0.74 sys=0.01, real=0.07 secs] 
2014-04-09T14:32:19.036+0900: 19.492: [GC (Allocation Failure) 19.493: [ParNew: 59008K->6528K(59008K), 0.0644009 secs] 827029K->783657K(25159296K), 0.0647672 secs] [Times: user=0.76 sys=0.00, real=0.06 secs] 
2014-04-09T14:32:19.144+0900: 19.601: [GC (Allocation Failure) 19.601: [ParNew: 59008K->6528K(59008K), 0.0677603 secs] 836137K->792784K(25159296K), 0.0681353 secs] [Times: user=0.85 sys=0.02, real=0.07 secs] 
2014-04-09T14:32:19.255+0900: 19.711: [GC (Allocation Failure) 19.712: [ParNew: 58992K->6528K(59008K), 0.0734582 secs] 845248K->801366K(25159296K), 0.0738252 secs] [Times: user=0.87 sys=0.00, real=0.08 secs] 
2014-04-09T14:32:19.379+0900: 19.835: [GC (Allocation Failure) 19.836: [ParNew: 59008K->6528K(59008K), 0.0732450 secs] 853846K->809055K(25159296K), 0.0735994 secs] [Times: user=0.86 sys=0.01, real=0.07 secs] 
2014-04-09T14:32:19.502+0900: 19.959: [GC (Allocation Failure) 19.959: [ParNew: 59008K->6528K(59008K), 0.0750821 secs] 861535K->819052K(25159296K), 0.0754310 secs] [Times: user=0.89 sys=0.01, real=0.08 secs] 
2014-04-09T14:32:19.624+0900: 20.081: [GC (Allocation Failure) 20.081: [ParNew: 59008K->6528K(59008K), 0.0717258 secs] 871532K->827963K(25159296K), 0.0720827 secs] [Times: user=0.84 sys=0.02, real=0.08 secs] 
2014-04-09T14:32:19.739+0900: 20.196: [GC (Allocation Failure) 20.196: [ParNew: 59008K->6528K(59008K), 0.0667844 secs] 880443K->836311K(25159296K), 0.0671481 secs] [Times: user=0.78 sys=0.00, real=0.07 secs] 
2014-04-09T14:32:19.848+0900: 20.305: [GC (Allocation Failure) 20.305: [ParNew: 59008K->6528K(59008K), 0.0637451 secs] 888791K->844303K(25159296K), 0.0641077 secs] [Times: user=0.75 sys=0.01, real=0.06 secs] 
2014-04-09T14:32:19.952+0900: 20.408: [GC (Allocation Failure) 20.409: [ParNew: 59008K->6528K(59008K), 0.0719894 secs] 896783K->852428K(25159296K), 0.0723555 secs] [Times: user=0.84 sys=0.01, real=0.07 secs] 
2014-04-09T14:32:20.067+0900: 20.524: [GC (Allocation Failure) 20.524: [ParNew: 59008K->6528K(59008K), 0.0638780 secs] 904908K->861177K(25159296K), 0.0642369 secs] [Times: user=0.75 sys=0.00, real=0.06 secs] 
2014-04-09T14:32:20.173+0900: 20.630: [GC (Allocation Failure) 20.630: [ParNew: 59008K->6528K(59008K), 0.0641061 secs] 913657K->870828K(25159296K), 0.0644653 secs] [Times: user=0.74 sys=0.02, real=0.07 secs] 
2014-04-09T14:32:20.278+0900: 20.734: [GC (Allocation Failure) 20.735: [ParNew: 59008K->6528K(59008K), 0.0621062 secs] 923308K->880338K(25159296K), 0.0624707 secs] [Times: user=0.72 sys=0.01, real=0.06 secs] 
2014-04-09T14:32:20.388+0900: 20.845: [GC (Allocation Failure) 20.845: [ParNew: 59008K->6528K(59008K), 0.0596866 secs] 932818K->887705K(25159296K), 0.0600424 secs] [Times: user=0.69 sys=0.02, real=0.06 secs] 
2014-04-09T14:32:20.489+0900: 20.946: [GC (Allocation Failure) 20.946: [ParNew: 59008K->6528K(59008K), 0.0698275 secs] 940185K->897286K(25159296K), 0.0701990 secs] [Times: user=0.82 sys=0.00, real=0.07 secs] 
2014-04-09T14:32:20.600+0900: 21.057: [GC (Allocation Failure) 21.057: [ParNew: 59008K->6528K(59008K), 0.0633461 secs] 949766K->905833K(25159296K), 0.0637146 secs] [Times: user=0.73 sys=0.01, real=0.06 secs] 
2014-04-09T14:32:20.704+0900: 21.161: [GC (Allocation Failure) 21.161: [ParNew: 59008K->6528K(59008K), 0.0666691 secs] 958313K->915164K(25159296K), 0.0670385 secs] [Times: user=0.77 sys=0.01, real=0.07 secs] 
2014-04-09T14:32:20.815+0900: 21.271: [GC (Allocation Failure) 21.272: [ParNew: 59008K->6528K(59008K), 0.0662562 secs] 967644K->924453K(25159296K), 0.0666156 secs] [Times: user=0.78 sys=0.01, real=0.07 secs] 
2014-04-09T14:32:20.919+0900: 21.376: [GC (Allocation Failure) 21.376: [ParNew: 59008K->6528K(59008K), 0.0644975 secs] 976933K->932079K(25159296K), 0.0648757 secs] [Times: user=0.69 sys=0.01, real=0.06 secs] 
2014-04-09T14:32:21.023+0900: 21.480: [GC (Allocation Failure) 21.480: [ParNew: 59008K->6528K(59008K), 0.0582338 secs] 984559K->940678K(25159296K), 0.0585959 secs] [Times: user=0.67 sys=0.01, real=0.06 secs] 
2014-04-09T14:32:21.124+0900: 21.581: [GC (Allocation Failure) 21.581: [ParNew: 59008K->6528K(59008K), 0.0678179 secs] 993158K->950903K(25159296K), 0.0681778 secs] [Times: user=0.78 sys=0.00, real=0.07 secs] 
2014-04-09T14:32:21.232+0900: 21.689: [GC (Allocation Failure) 21.689: [ParNew: 59008K->6528K(59008K), 0.0623635 secs] 1003383K->959567K(25159296K), 0.0627330 secs] [Times: user=0.73 sys=0.01, real=0.06 secs] 
2014-04-09T14:32:21.335+0900: 21.792: [GC (Allocation Failure) 21.792: [ParNew: 59008K->6528K(59008K), 0.0734305 secs] 1012047K->968752K(25159296K), 0.0737940 secs] [Times: user=0.86 sys=0.01, real=0.08 secs] 
2014-04-09T14:32:21.450+0900: 21.907: [GC (Allocation Failure) 21.907: [ParNew: 59008K->6528K(59008K), 0.0665133 secs] 1021232K->977035K(25159296K), 0.0668795 secs] [Times: user=0.78 sys=0.01, real=0.07 secs] 
2014-04-09T14:32:21.560+0900: 22.017: [GC (Allocation Failure) 22.017: [ParNew: 59008K->6528K(59008K), 0.0602765 secs] 1029515K->985450K(25159296K), 0.0606361 secs] [Times: user=0.70 sys=0.01, real=0.06 secs] 
2014-04-09T14:32:21.665+0900: 22.122: [GC (Allocation Failure) 22.122: [ParNew: 59008K->6528K(59008K), 0.0599239 secs] 1037930K->994797K(25159296K), 0.0602862 secs] [Times: user=0.75 sys=0.01, real=0.06 secs] 
2014-04-09T14:32:21.769+0900: 22.226: [GC (Allocation Failure) 22.226: [ParNew: 59008K->6528K(59008K), 0.0586438 secs] 1047277K->1003341K(25159296K), 0.0590052 secs] [Times: user=0.68 sys=0.01, real=0.06 secs] 
2014-04-09T14:32:21.869+0900: 22.326: [GC (Allocation Failure) 22.326: [ParNew: 59008K->6528K(59008K), 0.0594593 secs] 1055821K->1011420K(25159296K), 0.0598214 secs] [Times: user=0.69 sys=0.01, real=0.06 secs] 
2014-04-09T14:32:21.970+0900: 22.427: [GC (Allocation Failure) 22.427: [ParNew: 59008K->6528K(59008K), 0.0590092 secs] 1063900K->1020016K(25159296K), 0.0593742 secs] [Times: user=0.68 sys=0.01, real=0.06 secs] 
2014-04-09T14:32:22.068+0900: 22.525: [GC (Allocation Failure) 22.525: [ParNew: 59008K->6528K(59008K), 0.0618440 secs] 1072496K->1030360K(25159296K), 0.0622070 secs] [Times: user=0.73 sys=0.00, real=0.06 secs] 
2014-04-09T14:32:22.174+0900: 22.631: [GC (Allocation Failure) 22.631: [ParNew: 59008K->6528K(59008K), 0.0630639 secs] 1082840K->1039919K(25159296K), 0.0634172 secs] [Times: user=0.74 sys=0.01, real=0.07 secs] 
2014-04-09T14:32:22.281+0900: 22.738: [GC (Allocation Failure) 22.738: [ParNew: 59008K->6528K(59008K), 0.0746099 secs] 1092399K->1049387K(25159296K), 0.0749664 secs] [Times: user=0.88 sys=0.01, real=0.08 secs] 
2014-04-09T14:32:22.397+0900: 22.853: [GC (Allocation Failure) 22.854: [ParNew: 59008K->6528K(59008K), 0.0731924 secs] 1101867K->1058226K(25159296K), 0.0735442 secs] [Times: user=0.86 sys=0.01, real=0.07 secs] 
2014-04-09T14:32:22.509+0900: 22.966: [GC (Allocation Failure) 22.966: [ParNew: 59008K->6528K(59008K), 0.0668927 secs] 1110706K->1066894K(25159296K), 0.0672528 secs] [Times: user=0.78 sys=0.00, real=0.07 secs] 
2014-04-09T14:32:22.615+0900: 23.072: [GC (Allocation Failure) 23.072: [ParNew: 59008K->6528K(59008K), 0.0731318 secs] 1119374K->1075741K(25159296K), 0.0734846 secs] [Times: user=0.86 sys=0.01, real=0.08 secs] 
2014-04-09T14:32:22.727+0900: 23.184: [GC (Allocation Failure) 23.184: [ParNew: 59008K->6528K(59008K), 0.0630814 secs] 1128221K->1083960K(25159296K), 0.0634333 secs] [Times: user=0.74 sys=0.01, real=0.06 secs] 
2014-04-09T14:32:22.831+0900: 23.288: [GC (Allocation Failure) 23.288: [ParNew: 59008K->6528K(59008K), 0.0737747 secs] 1136440K->1092753K(25159296K), 0.0741360 secs] [Times: user=0.85 sys=0.02, real=0.08 secs] 
2014-04-09T14:32:22.947+0900: 23.404: [GC (Allocation Failure) 23.404: [ParNew: 59007K->6528K(59008K), 0.0688517 secs] 1145233K->1101790K(25159296K), 0.0692147 secs] [Times: user=0.80 sys=0.01, real=0.06 secs] 
2014-04-09T14:32:23.057+0900: 23.514: [GC (Allocation Failure) 23.514: [ParNew: 59008K->6528K(59008K), 0.0629423 secs] 1154270K->1109616K(25159296K), 0.0633171 secs] [Times: user=0.72 sys=0.01, real=0.06 secs] 
2014-04-09T14:32:23.166+0900: 23.622: [GC (Allocation Failure) 23.623: [ParNew: 59008K->6528K(59008K), 0.0656286 secs] 1162096K->1118492K(25159296K), 0.0659827 secs] [Times: user=0.75 sys=0.01, real=0.07 secs] 
2014-04-09T14:32:23.271+0900: 23.728: [GC (Allocation Failure) 23.728: [ParNew: 59008K->6528K(59008K), 0.0745735 secs] 1170972K->1127314K(25159296K), 0.0749423 secs] [Times: user=0.86 sys=0.01, real=0.08 secs] 
2014-04-09T14:32:23.387+0900: 23.844: [GC (Allocation Failure) 23.844: [ParNew: 58991K->6528K(59008K), 0.0626073 secs] 1179778K->1136428K(25159296K), 0.0629741 secs] [Times: user=0.72 sys=0.00, real=0.06 secs] 
2014-04-09T14:32:23.491+0900: 23.948: [GC (Allocation Failure) 23.948: [ParNew: 59008K->6528K(59008K), 0.0696064 secs] 1188908K->1145610K(25159296K), 0.0699690 secs] [Times: user=0.81 sys=0.01, real=0.07 secs] 
2014-04-09T14:32:23.610+0900: 24.067: [GC (Allocation Failure) 24.067: [ParNew: 59008K->6528K(59008K), 0.0612131 secs] 1198090K->1154424K(25159296K), 0.0615780 secs] [Times: user=0.72 sys=0.01, real=0.06 secs] 
2014-04-09T14:32:23.724+0900: 24.181: [GC (Allocation Failure) 24.181: [ParNew: 59008K->6528K(59008K), 0.0714904 secs] 1206904K->1162837K(25159296K), 0.0718497 secs] [Times: user=0.89 sys=0.02, real=0.07 secs] 
2014-04-09T14:32:23.840+0900: 24.297: [GC (Allocation Failure) 24.297: [ParNew: 59008K->6528K(59008K), 0.0676866 secs] 1215317K->1171788K(25159296K), 0.0680463 secs] [Times: user=0.78 sys=0.01, real=0.07 secs] 
2014-04-09T14:32:23.948+0900: 24.405: [GC (Allocation Failure) 24.405: [ParNew: 59008K->6528K(59008K), 0.0712513 secs] 1224268K->1180727K(25159296K), 0.0716128 secs] [Times: user=0.82 sys=0.02, real=0.07 secs] 
2014-04-09T14:32:24.059+0900: 24.516: [GC (Allocation Failure) 24.516: [ParNew: 59008K->6528K(59008K), 0.0704153 secs] 1233207K->1189556K(25159296K), 0.0707768 secs] [Times: user=0.82 sys=0.02, real=0.07 secs] 
2014-04-09T14:32:24.172+0900: 24.628: [GC (Allocation Failure) 24.629: [ParNew: 59008K->6528K(59008K), 0.0704596 secs] 1242036K->1197670K(25159296K), 0.0708277 secs] [Times: user=0.82 sys=0.01, real=0.07 secs] 
2014-04-09T14:32:24.283+0900: 24.739: [GC (Allocation Failure) 24.740: [ParNew: 59008K->6528K(59008K), 0.0686577 secs] 1250150K->1206872K(25159296K), 0.0690201 secs] [Times: user=0.79 sys=0.01, real=0.07 secs] 
2014-04-09T14:32:24.391+0900: 24.848: [GC (Allocation Failure) 24.848: [ParNew: 59008K->6528K(59008K), 0.0658831 secs] 1259352K->1215772K(25159296K), 0.0662504 secs] [Times: user=0.75 sys=0.02, real=0.07 secs] 
2014-04-09T14:32:24.499+0900: 24.956: [GC (Allocation Failure) 24.956: [ParNew: 59008K->6528K(59008K), 0.0634036 secs] 1268252K->1225575K(25159296K), 0.0637615 secs] [Times: user=0.73 sys=0.01, real=0.06 secs] 
2014-04-09T14:32:24.607+0900: 25.064: [GC (Allocation Failure) 25.064: [ParNew: 59008K->6528K(59008K), 0.0643633 secs] 1278055K->1234367K(25159296K), 0.0647294 secs] [Times: user=0.74 sys=0.01, real=0.06 secs] 
2014-04-09T14:32:24.713+0900: 25.170: [GC (Allocation Failure) 25.170: [ParNew: 59008K->6528K(59008K), 0.0602755 secs] 1286847K->1243773K(25159296K), 0.0606460 secs] [Times: user=0.69 sys=0.00, real=0.06 secs] 
2014-04-09T14:32:24.814+0900: 25.270: [GC (Allocation Failure) 25.271: [ParNew: 59008K->6528K(59008K), 0.0619217 secs] 1296253K->1251978K(25159296K), 0.0622816 secs] [Times: user=0.71 sys=0.01, real=0.06 secs] 
2014-04-09T14:32:24.917+0900: 25.373: [GC (Allocation Failure) 25.374: [ParNew: 59008K->6528K(59008K), 0.0620516 secs] 1304458K->1260416K(25159296K), 0.0624117 secs] [Times: user=0.71 sys=0.02, real=0.06 secs] 
2014-04-09T14:32:25.020+0900: 25.477: [GC (Allocation Failure) 25.477: [ParNew: 59008K->6528K(59008K), 0.0666190 secs] 1312896K->1269354K(25159296K), 0.0669810 secs] [Times: user=0.77 sys=0.01, real=0.07 secs] 
2014-04-09T14:32:25.127+0900: 25.583: [GC (Allocation Failure) 25.584: [ParNew: 59008K->6528K(59008K), 0.0658621 secs] 1321834K->1278284K(25159296K), 0.0662395 secs] [Times: user=0.77 sys=0.01, real=0.06 secs] 
2014-04-09T14:32:25.237+0900: 25.694: [GC (Allocation Failure) 25.694: [ParNew: 59008K->6528K(59008K), 0.0712100 secs] 1330764K->1286551K(25159296K), 0.0715657 secs] [Times: user=0.83 sys=0.01, real=0.07 secs] 
2014-04-09T14:32:25.350+0900: 25.806: [GC (Allocation Failure) 25.807: [ParNew: 59008K->6528K(59008K), 0.0737176 secs] 1339031K->1295493K(25159296K), 0.0740860 secs] [Times: user=0.86 sys=0.00, real=0.07 secs] 
2014-04-09T14:32:25.465+0900: 25.921: [GC (Allocation Failure) 25.922: [ParNew: 59008K->6528K(59008K), 0.0629562 secs] 1347973K->1304307K(25159296K), 0.0633199 secs] [Times: user=0.71 sys=0.01, real=0.07 secs] 
2014-04-09T14:32:25.567+0900: 26.024: [GC (Allocation Failure) 26.024: [ParNew: 59008K->6528K(59008K), 0.0736221 secs] 1356787K->1312576K(25159296K), 0.0739838 secs] [Times: user=0.86 sys=0.01, real=0.07 secs] 
2014-04-09T14:32:25.683+0900: 26.140: [GC (Allocation Failure) 26.140: [ParNew: 59008K->6528K(59008K), 0.0631341 secs] 1365056K->1321940K(25159296K), 0.0634940 secs] [Times: user=0.71 sys=0.02, real=0.07 secs] 
2014-04-09T14:32:25.785+0900: 26.242: [GC (Allocation Failure) 26.242: [ParNew: 59008K->6528K(59008K), 0.0666880 secs] 1374420K->1329564K(25159296K), 0.0670474 secs] [Times: user=0.78 sys=0.00, real=0.07 secs] 
2014-04-09T14:32:25.892+0900: 26.349: [GC (Allocation Failure) 26.349: [ParNew: 59008K->6528K(59008K), 0.0572187 secs] 1382044K->1338205K(25159296K), 0.0575762 secs] [Times: user=0.64 sys=0.01, real=0.06 secs] 
2014-04-09T14:32:25.990+0900: 26.447: [GC (Allocation Failure) 26.447: [ParNew: 59008K->6528K(59008K), 0.0712169 secs] 1390685K->1347781K(25159296K), 0.0715774 secs] [Times: user=0.82 sys=0.01, real=0.07 secs] 
2014-04-09T14:32:26.102+0900: 26.559: [GC (Allocation Failure) 26.559: [ParNew: 59008K->6528K(59008K), 0.0606812 secs] 1400261K->1356618K(25159296K), 0.0610340 secs] [Times: user=0.70 sys=0.01, real=0.06 secs] 
2014-04-09T14:32:26.206+0900: 26.662: [GC (Allocation Failure) 26.663: [ParNew: 59008K->6528K(59008K), 0.0628646 secs] 1409098K->1365721K(25159296K), 0.0632154 secs] [Times: user=0.72 sys=0.01, real=0.07 secs] 
2014-04-09T14:32:26.310+0900: 26.767: [GC (Allocation Failure) 26.767: [ParNew: 59008K->6528K(59008K), 0.0716193 secs] 1418201K->1373578K(25159296K), 0.0719706 secs] [Times: user=0.84 sys=0.02, real=0.07 secs] 
2014-04-09T14:32:26.423+0900: 26.880: [GC (Allocation Failure) 26.880: [ParNew: 59008K->6528K(59008K), 0.0626263 secs] 1426058K->1382233K(25159296K), 0.0629781 secs] [Times: user=0.72 sys=0.01, real=0.06 secs] 
2014-04-09T14:32:26.525+0900: 26.982: [GC (Allocation Failure) 26.982: [ParNew: 59008K->6528K(59008K), 0.0627931 secs] 1434713K->1391505K(25159296K), 0.0631429 secs] [Times: user=0.73 sys=0.01, real=0.07 secs] 
2014-04-09T14:32:26.630+0900: 27.087: [GC (Allocation Failure) 27.087: [ParNew: 59008K->6528K(59008K), 0.0644314 secs] 1443985K->1399983K(25159296K), 0.0647906 secs] [Times: user=0.75 sys=0.01, real=0.06 secs] 
2014-04-09T14:32:26.734+0900: 27.190: [GC (Allocation Failure) 27.191: [ParNew: 59008K->6528K(59008K), 0.0699806 secs] 1452463K->1409683K(25159296K), 0.0703320 secs] [Times: user=0.81 sys=0.01, real=0.07 secs] 
2014-04-09T14:32:26.847+0900: 27.304: [GC (Allocation Failure) 27.304: [ParNew: 59008K->6528K(59008K), 0.0698344 secs] 1462163K->1417670K(25159296K), 0.0701852 secs] [Times: user=0.82 sys=0.01, real=0.07 secs] 
2014-04-09T14:32:26.955+0900: 27.412: [GC (Allocation Failure) 27.412: [ParNew: 59008K->6528K(59008K), 0.0706997 secs] 1470150K->1426292K(25159296K), 0.0710607 secs] [Times: user=0.73 sys=0.01, real=0.08 secs] 
2014-04-09T14:32:27.065+0900: 27.522: [GC (Allocation Failure) 27.522: [ParNew: 59008K->6528K(59008K), 0.0737756 secs] 1478772K->1435354K(25159296K), 0.0741264 secs] [Times: user=0.85 sys=0.01, real=0.08 secs] 
2014-04-09T14:32:27.179+0900: 27.636: [GC (Allocation Failure) 27.636: [ParNew: 59008K->6528K(59008K), 0.0637618 secs] 1487834K->1444222K(25159296K), 0.0641124 secs] [Times: user=0.73 sys=0.02, real=0.06 secs] 
2014-04-09T14:32:27.283+0900: 27.740: [GC (Allocation Failure) 27.740: [ParNew: 59008K->6528K(59008K), 0.0638977 secs] 1496702K->1452875K(25159296K), 0.0642548 secs] [Times: user=0.72 sys=0.01, real=0.07 secs] 
2014-04-09T14:32:27.388+0900: 27.845: [GC (Allocation Failure) 27.845: [ParNew: 59008K->6528K(59008K), 0.0626750 secs] 1505355K->1460383K(25159296K), 0.0630266 secs] [Times: user=0.72 sys=0.01, real=0.06 secs] 
2014-04-09T14:32:27.490+0900: 27.947: [GC (Allocation Failure) 27.947: [ParNew: 59008K->6528K(59008K), 0.0650292 secs] 1512863K->1469512K(25159296K), 0.0653976 secs] [Times: user=0.75 sys=0.01, real=0.06 secs] 
2014-04-09T14:32:27.597+0900: 28.054: [GC (Allocation Failure) 28.054: [ParNew: 59008K->6528K(59008K), 0.0684566 secs] 1521992K->1477875K(25159296K), 0.0688083 secs] [Times: user=0.79 sys=0.01, real=0.06 secs] 
2014-04-09T14:32:27.705+0900: 28.162: [GC (Allocation Failure) 28.162: [ParNew: 59008K->6528K(59008K), 0.0723090 secs] 1530355K->1486749K(25159296K), 0.0726631 secs] [Times: user=0.84 sys=0.00, real=0.08 secs] 
2014-04-09T14:32:27.818+0900: 28.275: [GC (Allocation Failure) 28.275: [ParNew: 59008K->6528K(59008K), 0.0688405 secs] 1539229K->1494991K(25159296K), 0.0692012 secs] [Times: user=0.79 sys=0.00, real=0.07 secs] 
2014-04-09T14:32:27.928+0900: 28.385: [GC (Allocation Failure) 28.385: [ParNew: 59008K->6528K(59008K), 0.0604935 secs] 1547471K->1502981K(25159296K), 0.0608553 secs] [Times: user=0.68 sys=0.01, real=0.06 secs] 
2014-04-09T14:32:28.031+0900: 28.487: [GC (Allocation Failure) 28.488: [ParNew: 59008K->6528K(59008K), 0.0693777 secs] 1555461K->1511973K(25159296K), 0.0697444 secs] [Times: user=0.80 sys=0.01, real=0.07 secs] 
2014-04-09T14:32:28.146+0900: 28.602: [GC (Allocation Failure) 28.603: [ParNew: 59008K->6528K(59008K), 0.0634087 secs] 1564453K->1520874K(25159296K), 0.0637662 secs] [Times: user=0.74 sys=0.01, real=0.07 secs] 
2014-04-09T14:32:28.252+0900: 28.709: [GC (Allocation Failure) 28.709: [ParNew: 59008K->6528K(59008K), 0.0637430 secs] 1573354K->1529349K(25159296K), 0.0641072 secs] [Times: user=0.73 sys=0.01, real=0.07 secs] 
2014-04-09T14:32:28.356+0900: 28.813: [GC (Allocation Failure) 28.813: [ParNew: 59008K->6528K(59008K), 0.0703948 secs] 1581829K->1538631K(25159296K), 0.0707481 secs] [Times: user=0.81 sys=0.01, real=0.08 secs] 
2014-04-09T14:32:28.468+0900: 28.925: [GC (Allocation Failure) 28.925: [ParNew: 59008K->6528K(59008K), 0.0663020 secs] 1591111K->1546308K(25159296K), 0.0666622 secs] [Times: user=0.77 sys=0.01, real=0.06 secs] 
2014-04-09T14:32:28.574+0900: 29.031: [GC (Allocation Failure) 29.031: [ParNew: 59008K->6528K(59008K), 0.0618008 secs] 1598788K->1555099K(25159296K), 0.0621527 secs] [Times: user=0.71 sys=0.01, real=0.06 secs] 
2014-04-09T14:32:28.679+0900: 29.136: [GC (Allocation Failure) 29.136: [ParNew: 59008K->6528K(59008K), 0.0653522 secs] 1607579K->1563399K(25159296K), 0.0657096 secs] [Times: user=0.77 sys=0.01, real=0.06 secs] 
2014-04-09T14:32:28.783+0900: 29.240: [GC (Allocation Failure) 29.240: [ParNew: 59008K->6528K(59008K), 0.0701309 secs] 1615879K->1572664K(25159296K), 0.0704810 secs] [Times: user=0.81 sys=0.00, real=0.07 secs] 
2014-04-09T14:32:28.894+0900: 29.351: [GC (Allocation Failure) 29.351: [ParNew: 59008K->6528K(59008K), 0.0671821 secs] 1625144K->1581388K(25159296K), 0.0675410 secs] [Times: user=0.79 sys=0.00, real=0.07 secs] 
2014-04-09T14:32:29.003+0900: 29.460: [GC (Allocation Failure) 29.460: [ParNew: 59008K->6528K(59008K), 0.0674384 secs] 1633868K->1589133K(25159296K), 0.0677903 secs] [Times: user=0.78 sys=0.01, real=0.07 secs] 
2014-04-09T14:32:29.111+0900: 29.568: [GC (Allocation Failure) 29.568: [ParNew: 59008K->6528K(59008K), 0.0700063 secs] 1641613K->1597848K(25159296K), 0.0703563 secs] [Times: user=0.78 sys=0.01, real=0.07 secs] 
2014-04-09T14:32:29.220+0900: 29.677: [GC (Allocation Failure) 29.677: [ParNew: 59008K->6528K(59008K), 0.0656859 secs] 1650328K->1606851K(25159296K), 0.0660450 secs] [Times: user=0.75 sys=0.01, real=0.07 secs] 
2014-04-09T14:32:29.331+0900: 29.788: [GC (Allocation Failure) 29.788: [ParNew: 59008K->6528K(59008K), 0.0641407 secs] 1659331K->1614907K(25159296K), 0.0645045 secs] [Times: user=0.74 sys=0.01, real=0.06 secs] 
2014-04-09T14:32:29.434+0900: 29.891: [GC (Allocation Failure) 29.891: [ParNew: 59008K->6528K(59008K), 0.0637329 secs] 1667387K->1623964K(25159296K), 0.0640850 secs] [Times: user=0.72 sys=0.01, real=0.07 secs] 
2014-04-09T14:32:29.536+0900: 29.993: [GC (Allocation Failure) 29.993: [ParNew: 59008K->6528K(59008K), 0.0604577 secs] 1676444K->1632098K(25159296K), 0.0608189 secs] [Times: user=0.69 sys=0.02, real=0.06 secs] 
2014-04-09T14:32:29.636+0900: 30.093: [GC (Allocation Failure) 30.093: [ParNew: 59008K->6528K(59008K), 0.0658819 secs] 1684578K->1640434K(25159296K), 0.0662349 secs] [Times: user=0.77 sys=0.00, real=0.07 secs] 
2014-04-09T14:32:29.743+0900: 30.200: [GC (Allocation Failure) 30.200: [ParNew: 59008K->6528K(59008K), 0.0684427 secs] 1692914K->1649903K(25159296K), 0.0687937 secs] [Times: user=0.78 sys=0.01, real=0.07 secs] 
2014-04-09T14:32:29.850+0900: 30.307: [GC (Allocation Failure) 30.307: [ParNew: 59008K->6528K(59008K), 0.0627455 secs] 1702383K->1658947K(25159296K), 0.0631026 secs] [Times: user=0.72 sys=0.01, real=0.06 secs] 
2014-04-09T14:32:29.952+0900: 30.409: [GC (Allocation Failure) 30.409: [ParNew: 59008K->6528K(59008K), 0.0707707 secs] 1711427K->1667847K(25159296K), 0.0711254 secs] [Times: user=0.81 sys=0.02, real=0.07 secs] 
2014-04-09T14:32:30.064+0900: 30.521: [GC (Allocation Failure) 30.521: [ParNew: 59008K->6528K(59008K), 0.0554071 secs] 1720327K->1675032K(25159296K), 0.0557594 secs] [Times: user=0.63 sys=0.01, real=0.06 secs] 
2014-04-09T14:32:30.159+0900: 30.616: [GC (Allocation Failure) 30.616: [ParNew: 59008K->6528K(59008K), 0.0569780 secs] 1727512K->1684822K(25159296K), 0.0573293 secs] [Times: user=0.66 sys=0.00, real=0.05 secs] 
2014-04-09T14:32:30.257+0900: 30.714: [GC (Allocation Failure) 30.714: [ParNew: 59008K->6528K(59008K), 0.0608214 secs] 1737302K->1693506K(25159296K), 0.0611744 secs] [Times: user=0.70 sys=0.01, real=0.07 secs] 
2014-04-09T14:32:30.362+0900: 30.819: [GC (Allocation Failure) 30.819: [ParNew: 59008K->6528K(59008K), 0.0588009 secs] 1745986K->1702503K(25159296K), 0.0591498 secs] [Times: user=0.67 sys=0.00, real=0.06 secs] 
2014-04-09T14:32:30.462+0900: 30.918: [GC (Allocation Failure) 30.919: [ParNew: 59008K->6528K(59008K), 0.0662673 secs] 1754983K->1711295K(25159296K), 0.0666189 secs] [Times: user=0.77 sys=0.01, real=0.07 secs] 
2014-04-09T14:32:30.568+0900: 31.024: [GC (Allocation Failure) 31.025: [ParNew: 59008K->6528K(59008K), 0.0613424 secs] 1763775K->1719505K(25159296K), 0.0616967 secs] [Times: user=0.71 sys=0.01, real=0.06 secs] 
2014-04-09T14:32:30.668+0900: 31.125: [GC (Allocation Failure) 31.125: [ParNew: 59008K->6528K(59008K), 0.0576653 secs] 1771985K->1728321K(25159296K), 0.0580208 secs] [Times: user=0.66 sys=0.01, real=0.05 secs] 
2014-04-09T14:32:30.767+0900: 31.224: [GC (Allocation Failure) 31.224: [ParNew: 59008K->6528K(59008K), 0.0628699 secs] 1780801K->1736941K(25159296K), 0.0632286 secs] [Times: user=0.72 sys=0.01, real=0.07 secs] 
2014-04-09T14:32:30.870+0900: 31.326: [GC (Allocation Failure) 31.327: [ParNew: 59008K->6528K(59008K), 0.0664104 secs] 1789421K->1745528K(25159296K), 0.0667745 secs] [Times: user=0.77 sys=0.00, real=0.06 secs] 
2014-04-09T14:32:30.977+0900: 31.434: [GC (Allocation Failure) 31.434: [ParNew: 59008K->6528K(59008K), 0.0709784 secs] 1798008K->1754615K(25159296K), 0.0713436 secs] [Times: user=0.83 sys=0.01, real=0.08 secs] 
2014-04-09T14:32:31.095+0900: 31.552: [GC (Allocation Failure) 31.552: [ParNew: 59008K->6528K(59008K), 0.0620873 secs] 1807095K->1762758K(25159296K), 0.0624545 secs] [Times: user=0.73 sys=0.00, real=0.07 secs] 
2014-04-09T14:32:31.197+0900: 31.654: [GC (Allocation Failure) 31.654: [ParNew: 59008K->6528K(59008K), 0.0635516 secs] 1815238K->1774612K(25159296K), 0.0639225 secs] [Times: user=0.74 sys=0.02, real=0.06 secs] 
2014-04-09T14:32:31.304+0900: 31.761: [GC (Allocation Failure) 31.761: [ParNew: 59008K->6528K(59008K), 0.0594866 secs] 1827092K->1784672K(25159296K), 0.0598510 secs] [Times: user=0.68 sys=0.02, real=0.06 secs] 
2014-04-09T14:32:31.407+0900: 31.864: [GC (Allocation Failure) 31.864: [ParNew: 59008K->6528K(59008K), 0.0603787 secs] 1837152K->1793994K(25159296K), 0.0607473 secs] [Times: user=0.71 sys=0.01, real=0.07 secs] 
2014-04-09T14:32:31.511+0900: 31.968: [GC (Allocation Failure) 31.968: [ParNew: 59008K->6528K(59008K), 0.0590941 secs] 1846474K->1803086K(25159296K), 0.0594562 secs] [Times: user=0.68 sys=0.00, real=0.06 secs] 
2014-04-09T14:32:31.614+0900: 32.071: [GC (Allocation Failure) 32.071: [ParNew: 59008K->6528K(59008K), 0.0618936 secs] 1855566K->1810646K(25159296K), 0.0622493 secs] [Times: user=0.71 sys=0.01, real=0.06 secs] 
2014-04-09T14:32:31.715+0900: 32.172: [GC (Allocation Failure) 32.172: [ParNew: 59008K->6528K(59008K), 0.0715495 secs] 1863126K->1819487K(25159296K), 0.0719106 secs] [Times: user=0.84 sys=0.00, real=0.07 secs] 
2014-04-09T14:32:31.825+0900: 32.282: [GC (Allocation Failure) 32.282: [ParNew: 59008K->6528K(59008K), 0.0562927 secs] 1871967K->1828266K(25159296K), 0.0566663 secs] [Times: user=0.63 sys=0.01, real=0.06 secs] 
2014-04-09T14:32:31.920+0900: 32.377: [GC (Allocation Failure) 32.377: [ParNew: 59008K->6528K(59008K), 0.0585126 secs] 1880746K->1837788K(25159296K), 0.0588750 secs] [Times: user=0.67 sys=0.00, real=0.06 secs] 
2014-04-09T14:32:32.018+0900: 32.474: [GC (Allocation Failure) 32.475: [ParNew: 59008K->6528K(59008K), 0.0603956 secs] 1890268K->1846356K(25159296K), 0.0607553 secs] [Times: user=0.70 sys=0.01, real=0.06 secs] 
2014-04-09T14:32:32.119+0900: 32.576: [GC (Allocation Failure) 32.576: [ParNew: 59008K->6528K(59008K), 0.0563268 secs] 1898836K->1854714K(25159296K), 0.0566866 secs] [Times: user=0.65 sys=0.00, real=0.05 secs] 
2014-04-09T14:32:32.216+0900: 32.673: [GC (Allocation Failure) 32.673: [ParNew: 59008K->6528K(59008K), 0.0697945 secs] 1907194K->1863450K(25159296K), 0.0701564 secs] [Times: user=0.80 sys=0.02, real=0.07 secs] 
2014-04-09T14:32:32.326+0900: 32.783: [GC (Allocation Failure) 32.783: [ParNew: 59008K->6528K(59008K), 0.0682506 secs] 1915930K->1872582K(25159296K), 0.0686153 secs] [Times: user=0.79 sys=0.02, real=0.07 secs] 
2014-04-09T14:32:32.437+0900: 32.894: [GC (Allocation Failure) 32.894: [ParNew: 59008K->6528K(59008K), 0.0623407 secs] 1925062K->1881746K(25159296K), 0.0627031 secs] [Times: user=0.72 sys=0.01, real=0.06 secs] 
2014-04-09T14:32:32.541+0900: 32.998: [GC (Allocation Failure) 32.998: [ParNew: 59008K->6528K(59008K), 0.0598712 secs] 1934226K->1890668K(25159296K), 0.0602405 secs] [Times: user=0.69 sys=0.02, real=0.06 secs] 
2014-04-09T14:32:32.644+0900: 33.101: [GC (Allocation Failure) 33.101: [ParNew: 59008K->6528K(59008K), 0.0638635 secs] 1943148K->1897953K(25159296K), 0.0642266 secs] [Times: user=0.75 sys=0.01, real=0.07 secs] 
2014-04-09T14:32:32.747+0900: 33.204: [GC (Allocation Failure) 33.204: [ParNew: 59008K->6528K(59008K), 0.0714270 secs] 1950433K->1907412K(25159296K), 0.0717890 secs] [Times: user=0.84 sys=0.01, real=0.08 secs] 
2014-04-09T14:32:32.857+0900: 33.314: [GC (Allocation Failure) 33.314: [ParNew: 59008K->6528K(59008K), 0.0630297 secs] 1959892K->1916236K(25159296K), 0.0633935 secs] [Times: user=0.73 sys=0.01, real=0.06 secs] 
2014-04-09T14:32:32.960+0900: 33.417: [GC (Allocation Failure) 33.417: [ParNew: 59008K->6528K(59008K), 0.0660013 secs] 1968716K->1925715K(25159296K), 0.0663704 secs] [Times: user=0.77 sys=0.01, real=0.06 secs] 
2014-04-09T14:32:33.066+0900: 33.523: [GC (Allocation Failure) 33.523: [ParNew: 59008K->6528K(59008K), 0.0613779 secs] 1978195K->1934423K(25159296K), 0.0617474 secs] [Times: user=0.72 sys=0.01, real=0.07 secs] 
2014-04-09T14:32:33.168+0900: 33.625: [GC (Allocation Failure) 33.625: [ParNew: 59008K->6528K(59008K), 0.0626097 secs] 1986903K->1942331K(25159296K), 0.0629725 secs] [Times: user=0.73 sys=0.01, real=0.06 secs] 
2014-04-09T14:32:33.270+0900: 33.727: [GC (Allocation Failure) 33.727: [ParNew: 59008K->6528K(59008K), 0.0607008 secs] 1994811K->1951791K(25159296K), 0.0610645 secs] [Times: user=0.71 sys=0.00, real=0.06 secs] 
2014-04-09T14:32:33.370+0900: 33.827: [GC (Allocation Failure) 33.827: [ParNew: 59008K->6528K(59008K), 0.0597529 secs] 2004271K->1960210K(25159296K), 0.0601315 secs] [Times: user=0.69 sys=0.01, real=0.06 secs] 
2014-04-09T14:32:33.470+0900: 33.927: [GC (Allocation Failure) 33.927: [ParNew: 59008K->6528K(59008K), 0.0582260 secs] 2012690K->1969598K(25159296K), 0.0585898 secs] [Times: user=0.66 sys=0.01, real=0.06 secs] 
2014-04-09T14:32:33.569+0900: 34.026: [GC (Allocation Failure) 34.026: [ParNew: 59008K->6528K(59008K), 0.0591789 secs] 2022078K->1978529K(25159296K), 0.0595320 secs] [Times: user=0.69 sys=0.01, real=0.06 secs] 
2014-04-09T14:32:33.669+0900: 34.126: [GC (Allocation Failure) 34.126: [ParNew: 59008K->6528K(59008K), 0.0664847 secs] 2031009K->1986343K(25159296K), 0.0668393 secs] [Times: user=0.78 sys=0.01, real=0.06 secs] 
2014-04-09T14:32:33.782+0900: 34.238: [GC (Allocation Failure) 34.239: [ParNew: 59008K->6528K(59008K), 0.0682934 secs] 2038823K->1994363K(25159296K), 0.0686450 secs] [Times: user=0.80 sys=0.01, real=0.07 secs] 
2014-04-09T14:32:33.894+0900: 34.351: [GC (Allocation Failure) 34.351: [ParNew: 59008K->6528K(59008K), 0.0640321 secs] 2046843K->2003292K(25159296K), 0.0643811 secs] [Times: user=0.75 sys=0.01, real=0.07 secs] 
2014-04-09T14:32:33.997+0900: 34.454: [GC (Allocation Failure) 34.454: [ParNew: 59008K->6528K(59008K), 0.0638771 secs] 2055772K->2012985K(25159296K), 0.0642344 secs] [Times: user=0.73 sys=0.02, real=0.07 secs] 
2014-04-09T14:32:34.100+0900: 34.557: [GC (Allocation Failure) 34.557: [ParNew: 59008K->6528K(59008K), 0.0670328 secs] 2065465K->2021623K(25159296K), 0.0673897 secs] [Times: user=0.77 sys=0.02, real=0.06 secs] 
2014-04-09T14:32:34.208+0900: 34.665: [GC (Allocation Failure) 34.665: [ParNew: 59008K->6528K(59008K), 0.0640945 secs] 2074103K->2030205K(25159296K), 0.0644584 secs] [Times: user=0.75 sys=0.00, real=0.06 secs] 
2014-04-09T14:32:34.316+0900: 34.773: [GC (Allocation Failure) 34.773: [ParNew: 59008K->6528K(59008K), 0.0693201 secs] 2082685K->2038591K(25159296K), 0.0696798 secs] [Times: user=0.81 sys=0.01, real=0.07 secs] 
2014-04-09T14:32:34.425+0900: 34.882: [GC (Allocation Failure) 34.882: [ParNew: 59008K->6528K(59008K), 0.0602602 secs] 2091071K->2048094K(25159296K), 0.0606137 secs] [Times: user=0.69 sys=0.02, real=0.06 secs] 
2014-04-09T14:32:34.526+0900: 34.982: [GC (Allocation Failure) 34.983: [ParNew: 59008K->6528K(59008K), 0.0603967 secs] 2100574K->2057216K(25159296K), 0.0607547 secs] [Times: user=0.71 sys=0.01, real=0.06 secs] 
2014-04-09T14:32:34.633+0900: 35.090: [GC (Allocation Failure) 35.090: [ParNew: 59008K->6528K(59008K), 0.0609171 secs] 2109696K->2065763K(25159296K), 0.0612893 secs] [Times: user=0.73 sys=0.01, real=0.06 secs] 
2014-04-09T14:32:34.737+0900: 35.194: [GC (Allocation Failure) 35.194: [ParNew: 59008K->6528K(59008K), 0.0550928 secs] 2118243K->2073933K(25159296K), 0.0554679 secs] [Times: user=0.63 sys=0.01, real=0.06 secs] 
2014-04-09T14:32:34.832+0900: 35.289: [GC (Allocation Failure) 35.289: [ParNew: 59008K->6528K(59008K), 0.0611563 secs] 2126413K->2082244K(25159296K), 0.0615212 secs] [Times: user=0.71 sys=0.01, real=0.06 secs] 
2014-04-09T14:32:34.932+0900: 35.389: [GC (Allocation Failure) 35.389: [ParNew: 59008K->6528K(59008K), 0.0598614 secs] 2134724K->2092307K(25159296K), 0.0602269 secs] [Times: user=0.70 sys=0.00, real=0.06 secs] 
2014-04-09T14:32:35.033+0900: 35.490: [GC (Allocation Failure) 35.490: [ParNew: 59008K->6528K(59008K), 0.0666096 secs] 2144787K->2101138K(25159296K), 0.0669772 secs] [Times: user=0.78 sys=0.00, real=0.07 secs] 
2014-04-09T14:32:35.141+0900: 35.598: [GC (Allocation Failure) 35.598: [ParNew: 59008K->6528K(59008K), 0.0639716 secs] 2153618K->2109506K(25159296K), 0.0643455 secs] [Times: user=0.73 sys=0.01, real=0.06 secs] 
2014-04-09T14:32:35.246+0900: 35.703: [GC (Allocation Failure) 35.703: [ParNew: 58949K->6528K(59008K), 0.0585907 secs] 2161928K->2117453K(25159296K), 0.0589565 secs] [Times: user=0.66 sys=0.01, real=0.06 secs] 
2014-04-09T14:32:35.344+0900: 35.801: [GC (Allocation Failure) 35.801: [ParNew: 59008K->6528K(59008K), 0.0691104 secs] 2169933K->2126389K(25159296K), 0.0695032 secs] [Times: user=0.82 sys=0.01, real=0.07 secs] 
2014-04-09T14:32:35.453+0900: 35.909: [GC (Allocation Failure) 35.909: [ParNew: 59008K->6528K(59008K), 0.0611318 secs] 2178869K->2135318K(25159296K), 0.0614954 secs] [Times: user=0.71 sys=0.00, real=0.06 secs] 
2014-04-09T14:32:35.553+0900: 36.010: [GC (Allocation Failure) 36.010: [ParNew: 59008K->6528K(59008K), 0.0665189 secs] 2187798K->2144225K(25159296K), 0.0668799 secs] [Times: user=0.78 sys=0.00, real=0.07 secs] 
2014-04-09T14:32:35.662+0900: 36.119: [GC (Allocation Failure) 36.119: [ParNew: 59008K->6528K(59008K), 0.0646598 secs] 2196705K->2153524K(25159296K), 0.0650219 secs] [Times: user=0.76 sys=0.00, real=0.06 secs] 
2014-04-09T14:32:35.766+0900: 36.223: [GC (Allocation Failure) 36.223: [ParNew: 59008K->6528K(59008K), 0.0692046 secs] 2206004K->2162133K(25159296K), 0.0695577 secs] [Times: user=0.80 sys=0.01, real=0.07 secs] 
2014-04-09T14:32:35.874+0900: 36.330: [GC (Allocation Failure) 36.331: [ParNew: 59008K->6528K(59008K), 0.0676786 secs] 2214613K->2171537K(25159296K), 0.0680355 secs] [Times: user=0.77 sys=0.01, real=0.07 secs] 
2014-04-09T14:32:35.979+0900: 36.436: [GC (Allocation Failure) 36.436: [ParNew: 59008K->6528K(59008K), 0.0635591 secs] 2224017K->2179615K(25159296K), 0.0639155 secs] [Times: user=0.75 sys=0.01, real=0.06 secs] 
2014-04-09T14:32:36.081+0900: 36.538: [GC (Allocation Failure) 36.538: [ParNew: 59008K->6528K(59008K), 0.0589488 secs] 2232095K->2188741K(25159296K), 0.0593102 secs] [Times: user=0.67 sys=0.02, real=0.06 secs] 
2014-04-09T14:32:36.178+0900: 36.635: [GC (Allocation Failure) 36.635: [ParNew: 59008K->6528K(59008K), 0.0606436 secs] 2241221K->2197653K(25159296K), 0.0610048 secs] [Times: user=0.71 sys=0.01, real=0.06 secs] 
2014-04-09T14:32:36.279+0900: 36.736: [GC (Allocation Failure) 36.736: [ParNew: 59008K->6528K(59008K), 0.0614441 secs] 2250133K->2206260K(25159296K), 0.0618050 secs] [Times: user=0.71 sys=0.01, real=0.06 secs] 
2014-04-09T14:32:36.379+0900: 36.836: [GC (Allocation Failure) 36.836: [ParNew: 59008K->6528K(59008K), 0.0612112 secs] 2258740K->2215461K(25159296K), 0.0615637 secs] [Times: user=0.71 sys=0.01, real=0.06 secs] 
2014-04-09T14:32:36.483+0900: 36.940: [GC (Allocation Failure) 36.940: [ParNew: 59008K->6528K(59008K), 0.0708662 secs] 2267941K->2223825K(25159296K), 0.0712154 secs] [Times: user=0.84 sys=0.01, real=0.07 secs] 
2014-04-09T14:32:36.595+0900: 37.052: [GC (Allocation Failure) 37.052: [ParNew: 59008K->6528K(59008K), 0.0604062 secs] 2276305K->2232704K(25159296K), 0.0607601 secs] [Times: user=0.70 sys=0.01, real=0.06 secs] 
2014-04-09T14:32:36.694+0900: 37.151: [GC (Allocation Failure) 37.151: [ParNew: 59008K->6528K(59008K), 0.0604404 secs] 2285184K->2241816K(25159296K), 0.0607953 secs] [Times: user=0.70 sys=0.01, real=0.06 secs] 
2014-04-09T14:32:36.793+0900: 37.250: [GC (Allocation Failure) 37.250: [ParNew: 59008K->6528K(59008K), 0.0701917 secs] 2294296K->2250124K(25159296K), 0.0705444 secs] [Times: user=0.82 sys=0.01, real=0.07 secs] 
2014-04-09T14:32:36.903+0900: 37.359: [GC (Allocation Failure) 37.360: [ParNew: 59008K->6528K(59008K), 0.0610224 secs] 2302604K->2258998K(25159296K), 0.0613784 secs] [Times: user=0.71 sys=0.01, real=0.06 secs] 
2014-04-09T14:32:37.005+0900: 37.461: [GC (Allocation Failure) 37.462: [ParNew: 59007K->6528K(59008K), 0.0649397 secs] 2311478K->2268126K(25159296K), 0.0652941 secs] [Times: user=0.69 sys=0.01, real=0.07 secs] 
2014-04-09T14:32:37.109+0900: 37.566: [GC (Allocation Failure) 37.566: [ParNew: 59008K->6528K(59008K), 0.0720136 secs] 2320606K->2277020K(25159296K), 0.0723673 secs] [Times: user=0.85 sys=0.01, real=0.07 secs] 
2014-04-09T14:32:37.220+0900: 37.677: [GC (Allocation Failure) 37.677: [ParNew: 59008K->6528K(59008K), 0.0604625 secs] 2329500K->2285800K(25159296K), 0.0608120 secs] [Times: user=0.71 sys=0.01, real=0.06 secs] 
2014-04-09T14:32:37.322+0900: 37.778: [GC (Allocation Failure) 37.779: [ParNew: 59008K->6528K(59008K), 0.0709670 secs] 2338280K->2294132K(25159296K), 0.0713189 secs] [Times: user=0.83 sys=0.01, real=0.07 secs] 
2014-04-09T14:32:37.432+0900: 37.889: [GC (Allocation Failure) 37.889: [ParNew: 59008K->6528K(59008K), 0.0599754 secs] 2346612K->2303171K(25159296K), 0.0603304 secs] [Times: user=0.69 sys=0.01, real=0.06 secs] 
2014-04-09T14:32:37.535+0900: 37.992: [GC (Allocation Failure) 37.992: [ParNew: 59008K->6528K(59008K), 0.0636092 secs] 2355651K->2311729K(25159296K), 0.0639624 secs] [Times: user=0.74 sys=0.01, real=0.07 secs] 
2014-04-09T14:32:37.637+0900: 38.094: [GC (Allocation Failure) 38.094: [ParNew: 59008K->6528K(59008K), 0.0617567 secs] 2364209K->2320800K(25159296K), 0.0621313 secs] [Times: user=0.72 sys=0.01, real=0.07 secs] 
2014-04-09T14:32:37.743+0900: 38.200: [GC (Allocation Failure) 38.200: [ParNew: 59008K->6528K(59008K), 0.0643854 secs] 2373280K->2330069K(25159296K), 0.0647343 secs] [Times: user=0.74 sys=0.01, real=0.06 secs] 
2014-04-09T14:32:37.849+0900: 38.306: [GC (Allocation Failure) 38.306: [ParNew: 59008K->6528K(59008K), 0.0583782 secs] 2382549K->2338113K(25159296K), 0.0587341 secs] [Times: user=0.68 sys=0.02, real=0.05 secs] 
2014-04-09T14:32:37.947+0900: 38.404: [GC (Allocation Failure) 38.404: [ParNew: 59008K->6528K(59008K), 0.0688933 secs] 2390593K->2346390K(25159296K), 0.0692453 secs] [Times: user=0.80 sys=0.02, real=0.07 secs] 
2014-04-09T14:32:38.060+0900: 38.516: [GC (Allocation Failure) 38.517: [ParNew: 59008K->6528K(59008K), 0.0635141 secs] 2398870K->2355647K(25159296K), 0.0638697 secs] [Times: user=0.74 sys=0.01, real=0.06 secs] 
2014-04-09T14:32:38.163+0900: 38.620: [GC (Allocation Failure) 38.620: [ParNew: 59008K->6528K(59008K), 0.0629987 secs] 2408127K->2364248K(25159296K), 0.0633503 secs] [Times: user=0.74 sys=0.01, real=0.06 secs] 
2014-04-09T14:32:38.266+0900: 38.722: [GC (Allocation Failure) 38.723: [ParNew: 59008K->6528K(59008K), 0.0664269 secs] 2416728K->2373441K(25159296K), 0.0667893 secs] [Times: user=0.78 sys=0.01, real=0.07 secs] 
2014-04-09T14:32:38.371+0900: 38.828: [GC (Allocation Failure) 38.828: [ParNew: 59008K->6528K(59008K), 0.0669717 secs] 2425921K->2380894K(25159296K), 0.0673254 secs] [Times: user=0.80 sys=0.01, real=0.06 secs] 
2014-04-09T14:32:38.478+0900: 38.935: [GC (Allocation Failure) 38.935: [ParNew: 59008K->6528K(59008K), 0.0635557 secs] 2433374K->2390099K(25159296K), 0.0639099 secs] [Times: user=0.74 sys=0.01, real=0.07 secs] 
2014-04-09T14:32:38.580+0900: 39.037: [GC (Allocation Failure) 39.037: [ParNew: 59008K->6528K(59008K), 0.0646980 secs] 2442579K->2399142K(25159296K), 0.0650551 secs] [Times: user=0.75 sys=0.01, real=0.06 secs] 
2014-04-09T14:32:38.683+0900: 39.140: [GC (Allocation Failure) 39.140: [ParNew: 59008K->6528K(59008K), 0.0543850 secs] 2451622K->2407631K(25159296K), 0.0547437 secs] [Times: user=0.62 sys=0.01, real=0.05 secs] 
2014-04-09T14:32:38.780+0900: 39.236: [GC (Allocation Failure) 39.237: [ParNew: 59008K->6528K(59008K), 0.0698163 secs] 2460111K->2416485K(25159296K), 0.0701628 secs] [Times: user=0.80 sys=0.01, real=0.07 secs] 
2014-04-09T14:32:38.896+0900: 39.353: [GC (Allocation Failure) 39.353: [ParNew: 59008K->6528K(59008K), 0.0629437 secs] 2468965K->2425044K(25159296K), 0.0632860 secs] [Times: user=0.73 sys=0.02, real=0.07 secs] 
2014-04-09T14:32:39.001+0900: 39.458: [GC (Allocation Failure) 39.458: [ParNew: 59008K->6528K(59008K), 0.0613561 secs] 2477524K->2433210K(25159296K), 0.0617051 secs] [Times: user=0.72 sys=0.01, real=0.06 secs] 
2014-04-09T14:32:39.107+0900: 39.563: [GC (Allocation Failure) 39.564: [ParNew: 59008K->6528K(59008K), 0.0634798 secs] 2485690K->2442462K(25159296K), 0.0638467 secs] [Times: user=0.74 sys=0.01, real=0.07 secs] 
2014-04-09T14:32:39.214+0900: 39.671: [GC (Allocation Failure) 39.671: [ParNew: 59008K->6528K(59008K), 0.0596119 secs] 2494942K->2452291K(25159296K), 0.0599705 secs] [Times: user=0.69 sys=0.01, real=0.06 secs] 
2014-04-09T14:32:39.313+0900: 39.770: [GC (Allocation Failure) 39.770: [ParNew: 59008K->6528K(59008K), 0.0637410 secs] 2504771K->2460563K(25159296K), 0.0641119 secs] [Times: user=0.75 sys=0.01, real=0.06 secs] 
2014-04-09T14:32:39.417+0900: 39.874: [GC (Allocation Failure) 39.874: [ParNew: 59008K->6528K(59008K), 0.0622097 secs] 2513043K->2467964K(25159296K), 0.0625947 secs] [Times: user=0.72 sys=0.01, real=0.07 secs] 
2014-04-09T14:32:39.518+0900: 39.974: [GC (Allocation Failure) 39.975: [ParNew: 59008K->6528K(59008K), 0.0656876 secs] 2520444K->2477376K(25159296K), 0.0660501 secs] [Times: user=0.75 sys=0.02, real=0.07 secs] 
2014-04-09T14:32:39.623+0900: 40.079: [GC (Allocation Failure) 40.080: [ParNew: 59008K->6528K(59008K), 0.0674456 secs] 2529856K->2485457K(25159296K), 0.0678078 secs] [Times: user=0.79 sys=0.02, real=0.07 secs] 
2014-04-09T14:32:39.730+0900: 40.187: [GC (Allocation Failure) 40.187: [ParNew: 59008K->6528K(59008K), 0.0562340 secs] 2537937K->2494187K(25159296K), 0.0565898 secs] [Times: user=0.66 sys=0.00, real=0.05 secs] 
2014-04-09T14:32:39.830+0900: 40.287: [GC (Allocation Failure) 40.287: [ParNew: 59008K->6528K(59008K), 0.0597728 secs] 2546667K->2502277K(25159296K), 0.0601260 secs] [Times: user=0.70 sys=0.01, real=0.06 secs] 
2014-04-09T14:32:39.930+0900: 40.387: [GC (Allocation Failure) 40.387: [ParNew: 59008K->6528K(59008K), 0.0604651 secs] 2554757K->2511054K(25159296K), 0.0608200 secs] [Times: user=0.64 sys=0.01, real=0.06 secs] 
2014-04-09T14:32:40.030+0900: 40.486: [GC (Allocation Failure) 40.486: [ParNew: 59008K->6528K(59008K), 0.0711747 secs] 2563534K->2519238K(25159296K), 0.0715282 secs] [Times: user=0.83 sys=0.02, real=0.07 secs] 
2014-04-09T14:32:40.141+0900: 40.598: [GC (Allocation Failure) 40.598: [ParNew: 59008K->6528K(59008K), 0.0595730 secs] 2571718K->2528778K(25159296K), 0.0599279 secs] [Times: user=0.69 sys=0.01, real=0.06 secs] 
2014-04-09T14:32:40.246+0900: 40.703: [GC (Allocation Failure) 40.703: [ParNew: 59008K->6528K(59008K), 0.0541061 secs] 2581258K->2537613K(25159296K), 0.0544576 secs] [Times: user=0.63 sys=0.01, real=0.06 secs] 
2014-04-09T14:32:40.345+0900: 40.802: [GC (Allocation Failure) 40.802: [ParNew: 59008K->6528K(59008K), 0.0633577 secs] 2590093K->2546676K(25159296K), 0.0637081 secs] [Times: user=0.72 sys=0.02, real=0.07 secs] 
2014-04-09T14:32:40.452+0900: 40.909: [GC (Allocation Failure) 40.909: [ParNew: 59008K->6528K(59008K), 0.0639514 secs] 2599156K->2554438K(25159296K), 0.0643073 secs] [Times: user=0.76 sys=0.01, real=0.06 secs] 
2014-04-09T14:32:40.558+0900: 41.015: [GC (Allocation Failure) 41.015: [ParNew: 59008K->6528K(59008K), 0.0600850 secs] 2606918K->2562888K(25159296K), 0.0604377 secs] [Times: user=0.70 sys=0.01, real=0.06 secs] 
2014-04-09T14:32:40.658+0900: 41.115: [GC (Allocation Failure) 41.115: [ParNew: 59008K->6528K(59008K), 0.0590176 secs] 2615368K->2571679K(25159296K), 0.0593665 secs] [Times: user=0.69 sys=0.00, real=0.05 secs] 
2014-04-09T14:32:40.756+0900: 41.213: [GC (Allocation Failure) 41.213: [ParNew: 59008K->6528K(59008K), 0.0610044 secs] 2624159K->2581029K(25159296K), 0.0613573 secs] [Times: user=0.72 sys=0.00, real=0.06 secs] 
2014-04-09T14:32:40.860+0900: 41.317: [GC (Allocation Failure) 41.317: [ParNew: 59008K->6528K(59008K), 0.0566223 secs] 2633509K->2589457K(25159296K), 0.0569765 secs] [Times: user=0.66 sys=0.01, real=0.05 secs] 
2014-04-09T14:32:40.956+0900: 41.413: [GC (Allocation Failure) 41.413: [ParNew: 59008K->6528K(59008K), 0.0633805 secs] 2641937K->2597968K(25159296K), 0.0637389 secs] [Times: user=0.74 sys=0.01, real=0.07 secs] 
2014-04-09T14:32:41.060+0900: 41.516: [GC (Allocation Failure) 41.517: [ParNew: 59008K->6528K(59008K), 0.0585867 secs] 2650448K->2606407K(25159296K), 0.0589404 secs] [Times: user=0.69 sys=0.00, real=0.06 secs] 
2014-04-09T14:32:41.161+0900: 41.618: [GC (Allocation Failure) 41.618: [ParNew: 59008K->6528K(59008K), 0.0655457 secs] 2658887K->2615794K(25159296K), 0.0658989 secs] [Times: user=0.77 sys=0.00, real=0.06 secs] 
2014-04-09T14:32:41.267+0900: 41.724: [GC (Allocation Failure) 41.724: [ParNew: 59008K->6528K(59008K), 0.0593330 secs] 2668274K->2624560K(25159296K), 0.0596856 secs] [Times: user=0.70 sys=0.01, real=0.06 secs] 
2014-04-09T14:32:41.366+0900: 41.823: [GC (Allocation Failure) 41.823: [ParNew: 59008K->6528K(59008K), 0.0689984 secs] 2677040K->2632755K(25159296K), 0.0693744 secs] [Times: user=0.81 sys=0.01, real=0.07 secs] 
2014-04-09T14:32:41.478+0900: 41.935: [GC (Allocation Failure) 41.935: [ParNew: 59008K->6528K(59008K), 0.0557340 secs] 2685235K->2641166K(25159296K), 0.0560965 secs] [Times: user=0.65 sys=0.00, real=0.06 secs] 
2014-04-09T14:32:41.577+0900: 42.033: [GC (Allocation Failure) 42.034: [ParNew: 59008K->6528K(59008K), 0.0702665 secs] 2693646K->2650126K(25159296K), 0.0706320 secs] [Times: user=0.82 sys=0.02, real=0.07 secs] 
2014-04-09T14:32:41.686+0900: 42.143: [GC (Allocation Failure) 42.143: [ParNew: 59008K->6528K(59008K), 0.0622829 secs] 2702606K->2658780K(25159296K), 0.0626483 secs] [Times: user=0.73 sys=0.01, real=0.07 secs] 
2014-04-09T14:32:41.791+0900: 42.248: [GC (Allocation Failure) 42.248: [ParNew: 59008K->6528K(59008K), 0.0594459 secs] 2711260K->2667480K(25159296K), 0.0598141 secs] [Times: user=0.70 sys=0.01, real=0.06 secs] 
2014-04-09T14:32:41.894+0900: 42.351: [GC (Allocation Failure) 42.351: [ParNew: 59008K->6528K(59008K), 0.0723094 secs] 2719960K->2676784K(25159296K), 0.0726690 secs] [Times: user=0.83 sys=0.01, real=0.07 secs] 
2014-04-09T14:32:42.006+0900: 42.463: [GC (Allocation Failure) 42.463: [ParNew: 59008K->6528K(59008K), 0.0566315 secs] 2729264K->2684338K(25159296K), 0.0569966 secs] [Times: user=0.67 sys=0.00, real=0.06 secs] 
2014-04-09T14:32:42.102+0900: 42.559: [GC (Allocation Failure) 42.559: [ParNew: 59008K->6528K(59008K), 0.0675287 secs] 2736818K->2693389K(25159296K), 0.0678953 secs] [Times: user=0.79 sys=0.01, real=0.07 secs] 
2014-04-09T14:32:42.209+0900: 42.665: [GC (Allocation Failure) 42.666: [ParNew: 59008K->6528K(59008K), 0.0603300 secs] 2745869K->2702638K(25159296K), 0.0607016 secs] [Times: user=0.69 sys=0.02, real=0.06 secs] 
2014-04-09T14:32:42.312+0900: 42.769: [GC (Allocation Failure) 42.769: [ParNew: 59008K->6528K(59008K), 0.0672681 secs] 2755118K->2711626K(25159296K), 0.0676273 secs] [Times: user=0.79 sys=0.01, real=0.07 secs] 
2014-04-09T14:32:42.422+0900: 42.879: [GC (Allocation Failure) 42.879: [ParNew: 59008K->6528K(59008K), 0.0588522 secs] 2764106K->2720262K(25159296K), 0.0592265 secs] [Times: user=0.68 sys=0.02, real=0.06 secs] 
2014-04-09T14:32:42.522+0900: 42.978: [GC (Allocation Failure) 42.979: [ParNew: 59008K->6528K(59008K), 0.0588738 secs] 2772742K->2729224K(25159296K), 0.0592400 secs] [Times: user=0.68 sys=0.00, real=0.06 secs] 
2014-04-09T14:32:42.621+0900: 43.078: [GC (Allocation Failure) 43.078: [ParNew: 59008K->6528K(59008K), 0.0605491 secs] 2781704K->2737641K(25159296K), 0.0609151 secs] [Times: user=0.70 sys=0.01, real=0.06 secs] 
2014-04-09T14:32:42.724+0900: 43.181: [GC (Allocation Failure) 43.181: [ParNew: 59008K->6528K(59008K), 0.0608152 secs] 2790121K->2746184K(25159296K), 0.0611783 secs] [Times: user=0.71 sys=0.01, real=0.06 secs] 
2014-04-09T14:32:42.824+0900: 43.281: [GC (Allocation Failure) 43.281: [ParNew: 59008K->6528K(59008K), 0.0654718 secs] 2798664K->2755957K(25159296K), 0.0658436 secs] [Times: user=0.75 sys=0.01, real=0.07 secs] 
2014-04-09T14:32:42.930+0900: 43.387: [GC (Allocation Failure) 43.387: [ParNew: 59008K->6528K(59008K), 0.0597568 secs] 2808437K->2764227K(25159296K), 0.0601194 secs] [Times: user=0.69 sys=0.01, real=0.06 secs] 
2014-04-09T14:32:43.029+0900: 43.486: [GC (Allocation Failure) 43.486: [ParNew: 59008K->6528K(59008K), 0.0695928 secs] 2816707K->2772959K(25159296K), 0.0699573 secs] [Times: user=0.81 sys=0.01, real=0.07 secs] 
2014-04-09T14:32:43.138+0900: 43.595: [GC (Allocation Failure) 43.595: [ParNew: 59008K->6528K(59008K), 0.0598302 secs] 2825439K->2782149K(25159296K), 0.0601910 secs] [Times: user=0.70 sys=0.02, real=0.06 secs] 
2014-04-09T14:32:43.236+0900: 43.693: [GC (Allocation Failure) 43.693: [ParNew: 59008K->6528K(59008K), 0.0558288 secs] 2834629K->2791147K(25159296K), 0.0561911 secs] [Times: user=0.65 sys=0.01, real=0.06 secs] 
2014-04-09T14:32:43.332+0900: 43.789: [GC (Allocation Failure) 43.789: [ParNew: 59008K->6528K(59008K), 0.0636425 secs] 2843627K->2800177K(25159296K), 0.0640037 secs] [Times: user=0.74 sys=0.01, real=0.06 secs] 
2014-04-09T14:32:43.435+0900: 43.892: [GC (Allocation Failure) 43.892: [ParNew: 59008K->6528K(59008K), 0.0654008 secs] 2852657K->2808760K(25159296K), 0.0657807 secs] [Times: user=0.77 sys=0.00, real=0.07 secs] 
2014-04-09T14:32:43.539+0900: 43.996: [GC (Allocation Failure) 43.996: [ParNew: 59008K->6528K(59008K), 0.0539703 secs] 2861240K->2816814K(25159296K), 0.0543425 secs] [Times: user=0.62 sys=0.01, real=0.06 secs] 
2014-04-09T14:32:43.631+0900: 44.088: [GC (Allocation Failure) 44.088: [ParNew: 59008K->6528K(59008K), 0.0584326 secs] 2869294K->2825669K(25159296K), 0.0587956 secs] [Times: user=0.68 sys=0.01, real=0.06 secs] 
2014-04-09T14:32:43.735+0900: 44.192: [GC (Allocation Failure) 44.192: [ParNew: 59008K->6528K(59008K), 0.0599195 secs] 2878149K->2834349K(25159296K), 0.0602788 secs] [Times: user=0.70 sys=0.00, real=0.06 secs] 
2014-04-09T14:32:43.835+0900: 44.292: [GC (Allocation Failure) 44.292: [ParNew: 59008K->6528K(59008K), 0.0644843 secs] 2886829K->2843745K(25159296K), 0.0648464 secs] [Times: user=0.75 sys=0.00, real=0.07 secs] 
2014-04-09T14:32:43.941+0900: 44.398: [GC (Allocation Failure) 44.398: [ParNew: 59008K->6528K(59008K), 0.0570496 secs] 2896225K->2851891K(25159296K), 0.0574177 secs] [Times: user=0.65 sys=0.01, real=0.05 secs] 
2014-04-09T14:32:44.038+0900: 44.495: [GC (Allocation Failure) 44.495: [ParNew: 59008K->6528K(59008K), 0.0585004 secs] 2904371K->2860227K(25159296K), 0.0588650 secs] [Times: user=0.68 sys=0.01, real=0.06 secs] 
2014-04-09T14:32:44.136+0900: 44.592: [GC (Allocation Failure) 44.593: [ParNew: 59008K->6528K(59008K), 0.0592331 secs] 2912707K->2869469K(25159296K), 0.0595951 secs] [Times: user=0.69 sys=0.00, real=0.06 secs] 
2014-04-09T14:32:44.239+0900: 44.696: [GC (Allocation Failure) 44.696: [ParNew: 59008K->6528K(59008K), 0.0579529 secs] 2921949K->2878004K(25159296K), 0.0583111 secs] [Times: user=0.67 sys=0.01, real=0.06 secs] 
2014-04-09T14:32:44.337+0900: 44.794: [GC (Allocation Failure) 44.794: [ParNew: 58957K->6528K(59008K), 0.0578713 secs] 2930433K->2887429K(25159296K), 0.0582434 secs] [Times: user=0.67 sys=0.01, real=0.06 secs] 
2014-04-09T14:32:44.433+0900: 44.890: [GC (Allocation Failure) 44.890: [ParNew: 59008K->6528K(59008K), 0.0680659 secs] 2939909K->2896666K(25159296K), 0.0684331 secs] [Times: user=0.79 sys=0.01, real=0.07 secs] 
2014-04-09T14:32:44.542+0900: 44.999: [GC (Allocation Failure) 44.999: [ParNew: 59008K->6528K(59008K), 0.0601539 secs] 2949146K->2904510K(25159296K), 0.0605245 secs] [Times: user=0.70 sys=0.01, real=0.06 secs] 
2014-04-09T14:32:44.642+0900: 45.098: [GC (Allocation Failure) 45.099: [ParNew: 59008K->6528K(59008K), 0.0530903 secs] 2956990K->2912296K(25159296K), 0.0534544 secs] [Times: user=0.60 sys=0.01, real=0.05 secs] 
2014-04-09T14:32:44.733+0900: 45.190: [GC (Allocation Failure) 45.190: [ParNew: 59008K->6528K(59008K), 0.0687082 secs] 2964776K->2921937K(25159296K), 0.0690810 secs] [Times: user=0.80 sys=0.02, real=0.07 secs] 
2014-04-09T14:32:44.841+0900: 45.298: [GC (Allocation Failure) 45.298: [ParNew: 59008K->6528K(59008K), 0.0549544 secs] 2974417K->2930579K(25159296K), 0.0553077 secs] [Times: user=0.64 sys=0.00, real=0.05 secs] 
2014-04-09T14:32:44.933+0900: 45.390: [GC (Allocation Failure) 45.390: [ParNew: 59008K->6528K(59008K), 0.0588351 secs] 2983059K->2939595K(25159296K), 0.0592021 secs] [Times: user=0.69 sys=0.00, real=0.06 secs] 
2014-04-09T14:32:45.032+0900: 45.489: [GC (Allocation Failure) 45.489: [ParNew: 59008K->6528K(59008K), 0.0564351 secs] 2992075K->2947141K(25159296K), 0.0567887 secs] [Times: user=0.66 sys=0.01, real=0.05 secs] 
2014-04-09T14:32:45.128+0900: 45.585: [GC (Allocation Failure) 45.585: [ParNew: 59008K->6528K(59008K), 0.0703802 secs] 2999621K->2956319K(25159296K), 0.0707309 secs] [Times: user=0.74 sys=0.00, real=0.07 secs] 
2014-04-09T14:32:45.238+0900: 45.695: [GC (Allocation Failure) 45.695: [ParNew: 59008K->6528K(59008K), 0.0582580 secs] 3008799K->2964930K(25159296K), 0.0586222 secs] [Times: user=0.68 sys=0.01, real=0.06 secs] 
2014-04-09T14:32:45.336+0900: 45.793: [GC (Allocation Failure) 45.793: [ParNew: 59008K->6528K(59008K), 0.0585996 secs] 3017410K->2974355K(25159296K), 0.0589753 secs] [Times: user=0.68 sys=0.01, real=0.06 secs] 
2014-04-09T14:32:45.433+0900: 45.890: [GC (Allocation Failure) 45.890: [ParNew: 59008K->6528K(59008K), 0.0644289 secs] 3026835K->2983211K(25159296K), 0.0647839 secs] [Times: user=0.74 sys=0.01, real=0.06 secs] 
2014-04-09T14:32:45.538+0900: 45.994: [GC (Allocation Failure) 45.995: [ParNew: 59008K->6528K(59008K), 0.0675987 secs] 3035691K->2991452K(25159296K), 0.0679594 secs] [Times: user=0.80 sys=0.01, real=0.07 secs] 
2014-04-09T14:32:45.649+0900: 46.106: [GC (Allocation Failure) 46.106: [ParNew: 59008K->6528K(59008K), 0.0653779 secs] 3043932K->3000145K(25159296K), 0.0657364 secs] [Times: user=0.76 sys=0.01, real=0.07 secs] 
2014-04-09T14:32:45.760+0900: 46.217: [GC (Allocation Failure) 46.217: [ParNew: 59007K->6528K(59008K), 0.0625028 secs] 3052625K->3008679K(25159296K), 0.0628611 secs] [Times: user=0.73 sys=0.01, real=0.06 secs] 
2014-04-09T14:32:45.861+0900: 46.317: [GC (Allocation Failure) 46.318: [ParNew: 59008K->6528K(59008K), 0.0674639 secs] 3061159K->3018044K(25159296K), 0.0678265 secs] [Times: user=0.80 sys=0.02, real=0.06 secs] 
2014-04-09T14:32:45.968+0900: 46.424: [GC (Allocation Failure) 46.425: [ParNew: 59008K->6528K(59008K), 0.0681200 secs] 3070524K->3026456K(25159296K), 0.0684720 secs] [Times: user=0.80 sys=0.01, real=0.07 secs] 
2014-04-09T14:32:46.078+0900: 46.535: [GC (Allocation Failure) 46.535: [ParNew: 59008K->6528K(59008K), 0.0688336 secs] 3078936K->3035237K(25159296K), 0.0691856 secs] [Times: user=0.82 sys=0.01, real=0.07 secs] 
2014-04-09T14:32:46.186+0900: 46.643: [GC (Allocation Failure) 46.643: [ParNew: 59008K->6528K(59008K), 0.0667677 secs] 3087717K->3043525K(25159296K), 0.0671293 secs] [Times: user=0.77 sys=0.02, real=0.07 secs] 
2014-04-09T14:32:46.297+0900: 46.754: [GC (Allocation Failure) 46.754: [ParNew: 59008K->6528K(59008K), 0.0625010 secs] 3096005K->3052474K(25159296K), 0.0628602 secs] [Times: user=0.72 sys=0.01, real=0.07 secs] 
2014-04-09T14:32:46.403+0900: 46.860: [GC (Allocation Failure) 46.860: [ParNew: 59008K->6528K(59008K), 0.0664337 secs] 3104954K->3060895K(25159296K), 0.0667965 secs] [Times: user=0.78 sys=0.01, real=0.07 secs] 
2014-04-09T14:32:46.509+0900: 46.966: [GC (Allocation Failure) 46.966: [ParNew: 59008K->6528K(59008K), 0.0530705 secs] 3113375K->3069864K(25159296K), 0.0534365 secs] [Times: user=0.61 sys=0.00, real=0.05 secs] 
2014-04-09T14:32:46.605+0900: 47.061: [GC (Allocation Failure) 47.061: [ParNew: 59008K->6528K(59008K), 0.0581446 secs] 3122344K->3078610K(25159296K), 0.0584987 secs] [Times: user=0.68 sys=0.01, real=0.06 secs] 
2014-04-09T14:32:46.704+0900: 47.161: [GC (Allocation Failure) 47.161: [ParNew: 59008K->6528K(59008K), 0.0709145 secs] 3131090K->3087992K(25159296K), 0.0712681 secs] [Times: user=0.90 sys=0.01, real=0.07 secs] 
2014-04-09T14:32:46.818+0900: 47.274: [GC (Allocation Failure) 47.275: [ParNew: 59008K->6528K(59008K), 0.0664723 secs] 3140472K->3096702K(25159296K), 0.0668414 secs] [Times: user=0.84 sys=0.02, real=0.07 secs] 
2014-04-09T14:32:46.928+0900: 47.385: [GC (Allocation Failure) 47.385: [ParNew: 59008K->6528K(59008K), 0.0623861 secs] 3149182K->3105326K(25159296K), 0.0627467 secs] [Times: user=0.74 sys=0.00, real=0.07 secs] 
2014-04-09T14:32:47.030+0900: 47.487: [GC (Allocation Failure) 47.487: [ParNew: 59008K->6528K(59008K), 0.0600904 secs] 3157806K->3114418K(25159296K), 0.0604554 secs] [Times: user=0.69 sys=0.01, real=0.06 secs] 
2014-04-09T14:32:47.130+0900: 47.587: [GC (Allocation Failure) 47.587: [ParNew: 59008K->6528K(59008K), 0.0670269 secs] 3166898K->3122746K(25159296K), 0.0673856 secs] [Times: user=0.79 sys=0.01, real=0.06 secs] 
2014-04-09T14:32:47.237+0900: 47.693: [GC (Allocation Failure) 47.694: [ParNew: 59008K->6528K(59008K), 0.0596978 secs] 3175226K->3131051K(25159296K), 0.0600530 secs] [Times: user=0.70 sys=0.01, real=0.06 secs] 
2014-04-09T14:32:47.337+0900: 47.794: [GC (Allocation Failure) 47.794: [ParNew: 59008K->6528K(59008K), 0.0576931 secs] 3183531K->3139597K(25159296K), 0.0580471 secs] [Times: user=0.67 sys=0.02, real=0.06 secs] 
2014-04-09T14:32:47.435+0900: 47.892: [GC (Allocation Failure) 47.892: [ParNew: 59008K->6528K(59008K), 0.0581507 secs] 3192077K->3148488K(25159296K), 0.0585127 secs] [Times: user=0.67 sys=0.01, real=0.06 secs] 
2014-04-09T14:32:47.533+0900: 47.990: [GC (Allocation Failure) 47.990: [ParNew: 59008K->6528K(59008K), 0.0619063 secs] 3200968K->3156873K(25159296K), 0.0622593 secs] [Times: user=0.72 sys=0.01, real=0.06 secs] 
2014-04-09T14:32:47.635+0900: 48.092: [GC (Allocation Failure) 48.092: [ParNew: 59008K->6528K(59008K), 0.0639824 secs] 3209353K->3165423K(25159296K), 0.0643632 secs] [Times: user=0.74 sys=0.01, real=0.07 secs] 
2014-04-09T14:32:47.740+0900: 48.197: [GC (Allocation Failure) 48.197: [ParNew: 59008K->6528K(59008K), 0.0599546 secs] 3217903K->3174671K(25159296K), 0.0603313 secs] [Times: user=0.70 sys=0.00, real=0.06 secs] 
2014-04-09T14:32:47.841+0900: 48.297: [GC (Allocation Failure) 48.298: [ParNew: 59008K->6528K(59008K), 0.0608936 secs] 3227151K->3182932K(25159296K), 0.0612552 secs] [Times: user=0.70 sys=0.01, real=0.06 secs] 
2014-04-09T14:32:47.944+0900: 48.401: [GC (Allocation Failure) 48.401: [ParNew: 58986K->6528K(59008K), 0.0657071 secs] 3235390K->3192727K(25159296K), 0.0660732 secs] [Times: user=0.75 sys=0.01, real=0.07 secs] 
2014-04-09T14:32:48.052+0900: 48.509: [GC (Allocation Failure) 48.509: [ParNew: 59008K->6528K(59008K), 0.0566833 secs] 3245207K->3200371K(25159296K), 0.0570500 secs] [Times: user=0.66 sys=0.01, real=0.05 secs] 
2014-04-09T14:32:48.149+0900: 48.606: [GC (Allocation Failure) 48.606: [ParNew: 59007K->6528K(59008K), 0.0592297 secs] 3252851K->3209067K(25159296K), 0.0595998 secs] [Times: user=0.69 sys=0.01, real=0.06 secs] 
2014-04-09T14:32:48.251+0900: 48.708: [GC (Allocation Failure) 48.708: [ParNew: 59008K->6528K(59008K), 0.0641258 secs] 3261547K->3218590K(25159296K), 0.0644864 secs] [Times: user=0.74 sys=0.01, real=0.06 secs] 
2014-04-09T14:32:48.359+0900: 48.816: [GC (Allocation Failure) 48.816: [ParNew: 59008K->6528K(59008K), 0.0615675 secs] 3271070K->3226839K(25159296K), 0.0619260 secs] [Times: user=0.71 sys=0.00, real=0.07 secs] 
2014-04-09T14:32:48.461+0900: 48.918: [GC (Allocation Failure) 48.918: [ParNew: 59008K->6528K(59008K), 0.0603345 secs] 3279319K->3234757K(25159296K), 0.0607050 secs] [Times: user=0.71 sys=0.00, real=0.06 secs] 
2014-04-09T14:32:48.561+0900: 49.018: [GC (Allocation Failure) 49.018: [ParNew: 59008K->6528K(59008K), 0.0583007 secs] 3287237K->3243439K(25159296K), 0.0586740 secs] [Times: user=0.68 sys=0.01, real=0.06 secs] 
2014-04-09T14:32:48.659+0900: 49.116: [GC (Allocation Failure) 49.116: [ParNew: 58538K->6528K(59008K), 0.0719827 secs] 3295449K->3254587K(25159296K), 0.0723501 secs] [Times: user=0.84 sys=0.01, real=0.07 secs] 
2014-04-09T14:32:48.771+0900: 49.228: [GC (Allocation Failure) 49.228: [ParNew: 59008K->6528K(59008K), 0.0583007 secs] 3307067K->3267248K(25159296K), 0.0586644 secs] [Times: user=0.67 sys=0.01, real=0.06 secs] 
2014-04-09T14:32:48.871+0900: 49.328: [GC (Allocation Failure) 49.328: [ParNew: 59008K->6528K(59008K), 0.0692398 secs] 3319728K->3278649K(25159296K), 0.0696020 secs] [Times: user=0.82 sys=0.01, real=0.07 secs] 
2014-04-09T14:32:48.980+0900: 49.437: [GC (Allocation Failure) 49.437: [ParNew: 59008K->6528K(59008K), 0.0619185 secs] 3331129K->3289157K(25159296K), 0.0622762 secs] [Times: user=0.71 sys=0.01, real=0.06 secs] 
2014-04-09T14:32:49.083+0900: 49.540: [GC (Allocation Failure) 49.540: [ParNew: 59008K->6528K(59008K), 0.0593889 secs] 3341637K->3297353K(25159296K), 0.0597500 secs] [Times: user=0.67 sys=0.02, real=0.06 secs] 
2014-04-09T14:32:49.182+0900: 49.639: [GC (Allocation Failure) 49.639: [ParNew: 59008K->6528K(59008K), 0.0626433 secs] 3349833K->3306016K(25159296K), 0.0630047 secs] [Times: user=0.71 sys=0.02, real=0.06 secs] 
2014-04-09T14:32:49.285+0900: 49.741: [GC (Allocation Failure) 49.742: [ParNew: 59008K->6528K(59008K), 0.0573154 secs] 3358496K->3314368K(25159296K), 0.0576775 secs] [Times: user=0.67 sys=0.00, real=0.06 secs] 
2014-04-09T14:32:49.386+0900: 49.843: [GC (Allocation Failure) 49.843: [ParNew: 59008K->6528K(59008K), 0.0595112 secs] 3366848K->3322864K(25159296K), 0.0598557 secs] [Times: user=0.69 sys=0.01, real=0.06 secs] 
2014-04-09T14:32:49.486+0900: 49.943: [GC (Allocation Failure) 49.943: [ParNew: 59008K->6528K(59008K), 0.0676831 secs] 3375344K->3332354K(25159296K), 0.0680437 secs] [Times: user=0.78 sys=0.02, real=0.07 secs] 
2014-04-09T14:32:49.595+0900: 50.052: [GC (Allocation Failure) 50.052: [ParNew: 59008K->6528K(59008K), 0.0549283 secs] 3384834K->3341636K(25159296K), 0.0552824 secs] [Times: user=0.62 sys=0.01, real=0.05 secs] 
2014-04-09T14:32:49.689+0900: 50.146: [GC (Allocation Failure) 50.146: [ParNew: 59008K->6528K(59008K), 0.0661579 secs] 3394116K->3349660K(25159296K), 0.0665107 secs] [Times: user=0.77 sys=0.01, real=0.07 secs] 
2014-04-09T14:32:49.794+0900: 50.250: [GC (Allocation Failure) 50.251: [ParNew: 59008K->6528K(59008K), 0.0618326 secs] 3402140K->3358376K(25159296K), 0.0621862 secs] [Times: user=0.71 sys=0.01, real=0.06 secs] 
2014-04-09T14:32:49.895+0900: 50.352: [GC (Allocation Failure) 50.352: [ParNew: 59008K->6528K(59008K), 0.0673421 secs] 3410856K->3367439K(25159296K), 0.0677076 secs] [Times: user=0.78 sys=0.01, real=0.07 secs] 
2014-04-09T14:32:50.003+0900: 50.460: [GC (Allocation Failure) 50.460: [ParNew: 59008K->6528K(59008K), 0.0620861 secs] 3419919K->3375800K(25159296K), 0.0624578 secs] [Times: user=0.73 sys=0.01, real=0.06 secs] 
2014-04-09T14:32:50.106+0900: 50.563: [GC (Allocation Failure) 50.563: [ParNew: 59008K->6528K(59008K), 0.0591616 secs] 3428280K->3385363K(25159296K), 0.0595160 secs] [Times: user=0.68 sys=0.01, real=0.06 secs] 
2014-04-09T14:32:50.207+0900: 50.664: [GC (Allocation Failure) 50.664: [ParNew: 59008K->6528K(59008K), 0.0580507 secs] 3437843K->3393148K(25159296K), 0.0584136 secs] [Times: user=0.69 sys=0.00, real=0.06 secs] 
2014-04-09T14:32:50.304+0900: 50.761: [GC (Allocation Failure) 50.761: [ParNew: 59008K->6528K(59008K), 0.0528707 secs] 3445628K->3401361K(25159296K), 0.0532322 secs] [Times: user=0.61 sys=0.01, real=0.05 secs] 
2014-04-09T14:32:50.394+0900: 50.851: [GC (Allocation Failure) 50.851: [ParNew: 59008K->6528K(59008K), 0.0586355 secs] 3453841K->3410746K(25159296K), 0.0590023 secs] [Times: user=0.67 sys=0.01, real=0.06 secs] 
2014-04-09T14:32:50.493+0900: 50.950: [GC (Allocation Failure) 50.950: [ParNew: 59008K->6528K(59008K), 0.0667606 secs] 3463226K->3419311K(25159296K), 0.0671230 secs] [Times: user=0.78 sys=0.00, real=0.06 secs] 
2014-04-09T14:32:50.602+0900: 51.059: [GC (Allocation Failure) 51.059: [ParNew: 59008K->6528K(59008K), 0.0592260 secs] 3471791K->3428493K(25159296K), 0.0595943 secs] [Times: user=0.69 sys=0.01, real=0.06 secs] 
2014-04-09T14:32:50.706+0900: 51.163: [GC (Allocation Failure) 51.163: [ParNew: 59008K->6528K(59008K), 0.0592288 secs] 3480973K->3435991K(25159296K), 0.0595946 secs] [Times: user=0.69 sys=0.00, real=0.06 secs] 
2014-04-09T14:32:50.803+0900: 51.260: [GC (Allocation Failure) 51.260: [ParNew: 59008K->6528K(59008K), 0.0692348 secs] 3488471K->3444682K(25159296K), 0.0696071 secs] [Times: user=0.81 sys=0.01, real=0.07 secs] 
2014-04-09T14:32:50.912+0900: 51.369: [GC (Allocation Failure) 51.369: [ParNew: 59008K->6528K(59008K), 0.0583654 secs] 3497162K->3453906K(25159296K), 0.0587308 secs] [Times: user=0.67 sys=0.01, real=0.06 secs] 
2014-04-09T14:32:51.009+0900: 51.465: [GC (Allocation Failure) 51.466: [ParNew: 59008K->6528K(59008K), 0.0557155 secs] 3506386K->3462030K(25159296K), 0.0560815 secs] [Times: user=0.65 sys=0.00, real=0.06 secs] 
2014-04-09T14:32:51.106+0900: 51.562: [GC (Allocation Failure) 51.563: [ParNew: 59008K->6528K(59008K), 0.0666269 secs] 3514510K->3471929K(25159296K), 0.0670014 secs] [Times: user=0.78 sys=0.01, real=0.07 secs] 
2014-04-09T14:32:51.212+0900: 51.669: [GC (Allocation Failure) 51.669: [ParNew: 59008K->6528K(59008K), 0.0621011 secs] 3524409K->3479758K(25159296K), 0.0624625 secs] [Times: user=0.73 sys=0.01, real=0.06 secs] 
2014-04-09T14:32:51.313+0900: 51.770: [GC (Allocation Failure) 51.770: [ParNew: 59008K->6528K(59008K), 0.0657879 secs] 3532238K->3488348K(25159296K), 0.0661530 secs] [Times: user=0.76 sys=0.01, real=0.06 secs] 
2014-04-09T14:32:51.421+0900: 51.878: [GC (Allocation Failure) 51.878: [ParNew: 59008K->6528K(59008K), 0.0590722 secs] 3540828K->3496718K(25159296K), 0.0594361 secs] [Times: user=0.69 sys=0.01, real=0.06 secs] 
2014-04-09T14:32:51.520+0900: 51.977: [GC (Allocation Failure) 51.977: [ParNew: 59008K->6528K(59008K), 0.0528658 secs] 3549198K->3506297K(25159296K), 0.0532327 secs] [Times: user=0.59 sys=0.02, real=0.06 secs] 
2014-04-09T14:32:51.616+0900: 52.073: [GC (Allocation Failure) 52.073: [ParNew: 59008K->6528K(59008K), 0.0539475 secs] 3558777K->3514253K(25159296K), 0.0543000 secs] [Times: user=0.62 sys=0.01, real=0.06 secs] 
2014-04-09T14:32:51.710+0900: 52.167: [GC (Allocation Failure) 52.167: [ParNew: 59008K->6528K(59008K), 0.0665092 secs] 3566733K->3522822K(25159296K), 0.0668701 secs] [Times: user=0.78 sys=0.01, real=0.07 secs] 
2014-04-09T14:32:51.821+0900: 52.278: [GC (Allocation Failure) 52.278: [ParNew: 59008K->6528K(59008K), 0.0596569 secs] 3575302K->3531359K(25159296K), 0.0600066 secs] [Times: user=0.69 sys=0.00, real=0.06 secs] 
2014-04-09T14:32:51.920+0900: 52.377: [GC (Allocation Failure) 52.377: [ParNew: 59008K->6528K(59008K), 0.0545123 secs] 3583839K->3539389K(25159296K), 0.0548683 secs] [Times: user=0.63 sys=0.00, real=0.06 secs] 
2014-04-09T14:32:52.013+0900: 52.470: [GC (Allocation Failure) 52.470: [ParNew: 59008K->6528K(59008K), 0.0572677 secs] 3591869K->3548583K(25159296K), 0.0576291 secs] [Times: user=0.65 sys=0.01, real=0.06 secs] 
2014-04-09T14:32:52.113+0900: 52.570: [GC (Allocation Failure) 52.570: [ParNew: 59008K->6528K(59008K), 0.0632323 secs] 3601063K->3557408K(25159296K), 0.0635917 secs] [Times: user=0.73 sys=0.01, real=0.06 secs] 
2014-04-09T14:32:52.215+0900: 52.672: [GC (Allocation Failure) 52.672: [ParNew: 59008K->6528K(59008K), 0.0600595 secs] 3609888K->3565265K(25159296K), 0.0604125 secs] [Times: user=0.70 sys=0.01, real=0.06 secs] 
2014-04-09T14:32:52.314+0900: 52.771: [GC (Allocation Failure) 52.771: [ParNew: 59008K->6528K(59008K), 0.0676648 secs] 3617745K->3574842K(25159296K), 0.0680266 secs] [Times: user=0.79 sys=0.01, real=0.07 secs] 
2014-04-09T14:32:52.422+0900: 52.879: [GC (Allocation Failure) 52.879: [ParNew: 59008K->6528K(59008K), 0.0629218 secs] 3627322K->3583628K(25159296K), 0.0632843 secs] [Times: user=0.73 sys=0.01, real=0.06 secs] 
2014-04-09T14:32:52.523+0900: 52.980: [GC (Allocation Failure) 52.980: [ParNew: 59008K->6528K(59008K), 0.0662341 secs] 3636108K->3592130K(25159296K), 0.0665909 secs] [Times: user=0.78 sys=0.01, real=0.06 secs] 
2014-04-09T14:32:52.630+0900: 53.087: [GC (Allocation Failure) 53.087: [ParNew: 59008K->6528K(59008K), 0.0545686 secs] 3644610K->3600308K(25159296K), 0.0549235 secs] [Times: user=0.62 sys=0.01, real=0.06 secs] 
2014-04-09T14:32:52.724+0900: 53.181: [GC (Allocation Failure) 53.181: [ParNew: 59008K->6528K(59008K), 0.0584816 secs] 3652788K->3608814K(25159296K), 0.0588408 secs] [Times: user=0.68 sys=0.02, real=0.06 secs] 
2014-04-09T14:32:52.824+0900: 53.281: [GC (Allocation Failure) 53.281: [ParNew: 59008K->6528K(59008K), 0.0545987 secs] 3661294K->3618059K(25159296K), 0.0549563 secs] [Times: user=0.64 sys=0.01, real=0.05 secs] 
2014-04-09T14:32:52.921+0900: 53.378: [GC (Allocation Failure) 53.378: [ParNew: 59008K->6528K(59008K), 0.0561786 secs] 3670539K->3627135K(25159296K), 0.0565391 secs] [Times: user=0.64 sys=0.01, real=0.05 secs] 
2014-04-09T14:32:53.016+0900: 53.473: [GC (Allocation Failure) 53.473: [ParNew: 59008K->6528K(59008K), 0.0571378 secs] 3679615K->3636024K(25159296K), 0.0574981 secs] [Times: user=0.66 sys=0.01, real=0.06 secs] 
2014-04-09T14:32:53.111+0900: 53.568: [GC (Allocation Failure) 53.568: [ParNew: 59008K->6528K(59008K), 0.0599383 secs] 3688504K->3644825K(25159296K), 0.0602929 secs] [Times: user=0.69 sys=0.01, real=0.06 secs] 
2014-04-09T14:32:53.209+0900: 53.665: [GC (Allocation Failure) 53.666: [ParNew: 59008K->6528K(59008K), 0.0618557 secs] 3697305K->3652807K(25159296K), 0.0622089 secs] [Times: user=0.72 sys=0.01, real=0.07 secs] 
2014-04-09T14:32:53.311+0900: 53.768: [GC (Allocation Failure) 53.768: [ParNew: 59008K->6528K(59008K), 0.0651718 secs] 3705287K->3661867K(25159296K), 0.0655513 secs] [Times: user=0.77 sys=0.01, real=0.06 secs] 
2014-04-09T14:32:53.415+0900: 53.871: [GC (Allocation Failure) 53.872: [ParNew: 59008K->6528K(59008K), 0.0571015 secs] 3714347K->3669651K(25159296K), 0.0574590 secs] [Times: user=0.67 sys=0.00, real=0.06 secs] 
2014-04-09T14:32:53.512+0900: 53.968: [GC (Allocation Failure) 53.969: [ParNew: 59008K->6528K(59008K), 0.0554110 secs] 3722131K->3679454K(25159296K), 0.0557640 secs] [Times: user=0.65 sys=0.00, real=0.05 secs] 
2014-04-09T14:32:53.611+0900: 54.068: [GC (Allocation Failure) 54.068: [ParNew: 59008K->6528K(59008K), 0.0575676 secs] 3731934K->3687678K(25159296K), 0.0579264 secs] [Times: user=0.66 sys=0.01, real=0.05 secs] 
2014-04-09T14:32:53.715+0900: 54.172: [GC (Allocation Failure) 54.172: [ParNew: 59008K->6528K(59008K), 0.0569410 secs] 3740158K->3695825K(25159296K), 0.0573050 secs] [Times: user=0.64 sys=0.01, real=0.06 secs] 
2014-04-09T14:32:53.811+0900: 54.268: [GC (Allocation Failure) 54.268: [ParNew: 59008K->6528K(59008K), 0.0667752 secs] 3748305K->3704671K(25159296K), 0.0671478 secs] [Times: user=0.78 sys=0.01, real=0.06 secs] 
2014-04-09T14:32:53.918+0900: 54.375: [GC (Allocation Failure) 54.375: [ParNew: 59008K->6528K(59008K), 0.0595276 secs] 3757151K->3713290K(25159296K), 0.0598893 secs] [Times: user=0.69 sys=0.01, real=0.06 secs] 
2014-04-09T14:32:54.018+0900: 54.475: [GC (Allocation Failure) 54.475: [ParNew: 59008K->6528K(59008K), 0.0604791 secs] 3765770K->3722841K(25159296K), 0.0608497 secs] [Times: user=0.70 sys=0.00, real=0.06 secs] 
2014-04-09T14:32:54.121+0900: 54.578: [GC (Allocation Failure) 54.578: [ParNew: 59008K->6528K(59008K), 0.0640677 secs] 3775321K->3731542K(25159296K), 0.0644359 secs] [Times: user=0.75 sys=0.01, real=0.06 secs] 
2014-04-09T14:32:54.223+0900: 54.680: [GC (Allocation Failure) 54.680: [ParNew: 59008K->6528K(59008K), 0.0544151 secs] 3784022K->3739651K(25159296K), 0.0547769 secs] [Times: user=0.63 sys=0.01, real=0.05 secs] 
2014-04-09T14:32:54.317+0900: 54.774: [GC (Allocation Failure) 54.774: [ParNew: 59008K->6528K(59008K), 0.0667188 secs] 3792131K->3748981K(25159296K), 0.0670818 secs] [Times: user=0.78 sys=0.01, real=0.07 secs] 
2014-04-09T14:32:54.427+0900: 54.884: [GC (Allocation Failure) 54.884: [ParNew: 59008K->6528K(59008K), 0.0625630 secs] 3801461K->3758202K(25159296K), 0.0629323 secs] [Times: user=0.72 sys=0.01, real=0.06 secs] 
2014-04-09T14:32:54.528+0900: 54.985: [GC (Allocation Failure) 54.985: [ParNew: 59008K->6528K(59008K), 0.0596106 secs] 3810682K->3766357K(25159296K), 0.0599774 secs] [Times: user=0.69 sys=0.01, real=0.06 secs] 
2014-04-09T14:32:54.626+0900: 55.083: [GC (Allocation Failure) 55.083: [ParNew: 59008K->6528K(59008K), 0.0533455 secs] 3818837K->3774645K(25159296K), 0.0537104 secs] [Times: user=0.60 sys=0.01, real=0.05 secs] 
2014-04-09T14:32:54.718+0900: 55.175: [GC (Allocation Failure) 55.175: [ParNew: 59008K->6528K(59008K), 0.0666122 secs] 3827125K->3783253K(25159296K), 0.0669779 secs] [Times: user=0.79 sys=0.01, real=0.07 secs] 
2014-04-09T14:32:54.826+0900: 55.283: [GC (Allocation Failure) 55.283: [ParNew: 59008K->6528K(59008K), 0.0616250 secs] 3835733K->3791846K(25159296K), 0.0619878 secs] [Times: user=0.71 sys=0.01, real=0.06 secs] 
2014-04-09T14:32:54.926+0900: 55.382: [GC (Allocation Failure) 55.383: [ParNew: 59008K->6528K(59008K), 0.0618656 secs] 3844326K->3800523K(25159296K), 0.0622301 secs] [Times: user=0.72 sys=0.01, real=0.06 secs] 
2014-04-09T14:32:55.027+0900: 55.484: [GC (Allocation Failure) 55.484: [ParNew: 59008K->6528K(59008K), 0.0580551 secs] 3853003K->3808899K(25159296K), 0.0584096 secs] [Times: user=0.68 sys=0.01, real=0.06 secs] 
2014-04-09T14:32:55.123+0900: 55.580: [GC (Allocation Failure) 55.580: [ParNew: 59008K->6528K(59008K), 0.0610320 secs] 3861379K->3818199K(25159296K), 0.0613857 secs] [Times: user=0.71 sys=0.01, real=0.06 secs] 
2014-04-09T14:32:55.227+0900: 55.684: [GC (Allocation Failure) 55.684: [ParNew: 59008K->6528K(59008K), 0.0587077 secs] 3870679K->3826475K(25159296K), 0.0590596 secs] [Times: user=0.67 sys=0.02, real=0.06 secs] 
2014-04-09T14:32:55.324+0900: 55.781: [GC (Allocation Failure) 55.781: [ParNew: 59008K->6528K(59008K), 0.0594582 secs] 3878955K->3835590K(25159296K), 0.0598135 secs] [Times: user=0.69 sys=0.02, real=0.06 secs] 
2014-04-09T14:32:55.427+0900: 55.884: [GC (Allocation Failure) 55.884: [ParNew: 59008K->6528K(59008K), 0.0572447 secs] 3888070K->3843798K(25159296K), 0.0575943 secs] [Times: user=0.66 sys=0.01, real=0.06 secs] 
2014-04-09T14:32:55.522+0900: 55.979: [GC (Allocation Failure) 55.979: [ParNew: 59008K->6528K(59008K), 0.0627090 secs] 3896278K->3852523K(25159296K), 0.0630619 secs] [Times: user=0.73 sys=0.01, real=0.06 secs] 
2014-04-09T14:32:55.625+0900: 56.082: [GC (Allocation Failure) 56.082: [ParNew: 59008K->6528K(59008K), 0.0645037 secs] 3905003K->3860970K(25159296K), 0.0648657 secs] [Times: user=0.75 sys=0.02, real=0.06 secs] 
2014-04-09T14:32:55.733+0900: 56.190: [GC (Allocation Failure) 56.190: [ParNew: 59008K->6528K(59008K), 0.0525388 secs] 3913450K->3868733K(25159296K), 0.0528892 secs] [Times: user=0.58 sys=0.01, real=0.05 secs] 
2014-04-09T14:32:55.826+0900: 56.283: [GC (Allocation Failure) 56.283: [ParNew: 59008K->6528K(59008K), 0.0661690 secs] 3921213K->3877237K(25159296K), 0.0665233 secs] [Times: user=0.78 sys=0.01, real=0.07 secs] 
2014-04-09T14:32:55.931+0900: 56.388: [GC (Allocation Failure) 56.388: [ParNew: 59008K->6528K(59008K), 0.0583999 secs] 3929717K->3886288K(25159296K), 0.0587543 secs] [Times: user=0.67 sys=0.01, real=0.06 secs] 
2014-04-09T14:32:56.029+0900: 56.485: [GC (Allocation Failure) 56.486: [ParNew: 59008K->6528K(59008K), 0.0599740 secs] 3938768K->3895399K(25159296K), 0.0603255 secs] [Times: user=0.69 sys=0.01, real=0.06 secs] 
2014-04-09T14:32:56.128+0900: 56.585: [GC (Allocation Failure) 56.585: [ParNew: 59008K->6528K(59008K), 0.0576468 secs] 3947879K->3904412K(25159296K), 0.0580082 secs] [Times: user=0.67 sys=0.01, real=0.06 secs] 
2014-04-09T14:32:56.227+0900: 56.684: [GC (Allocation Failure) 56.684: [ParNew: 59008K->6528K(59008K), 0.0565173 secs] 3956892K->3912520K(25159296K), 0.0568712 secs] [Times: user=0.66 sys=0.01, real=0.06 secs] 
2014-04-09T14:32:56.324+0900: 56.781: [GC (Allocation Failure) 56.781: [ParNew: 59008K->6528K(59008K), 0.0606402 secs] 3965000K->3920747K(25159296K), 0.0609945 secs] [Times: user=0.72 sys=0.01, real=0.06 secs] 
2014-04-09T14:32:56.427+0900: 56.884: [GC (Allocation Failure) 56.884: [ParNew: 59008K->6528K(59008K), 0.0582837 secs] 3973227K->3929756K(25159296K), 0.0586357 secs] [Times: user=0.68 sys=0.00, real=0.06 secs] 
2014-04-09T14:32:56.524+0900: 56.981: [GC (Allocation Failure) 56.981: [ParNew: 59008K->6528K(59008K), 0.0528776 secs] 3982236K->3938295K(25159296K), 0.0532304 secs] [Times: user=0.61 sys=0.01, real=0.05 secs] 
2014-04-09T14:32:56.614+0900: 57.071: [GC (Allocation Failure) 57.071: [ParNew: 59008K->6528K(59008K), 0.0620845 secs] 3990775K->3947449K(25159296K), 0.0624398 secs] [Times: user=0.72 sys=0.00, real=0.06 secs] 
2014-04-09T14:32:56.715+0900: 57.172: [GC (Allocation Failure) 57.172: [ParNew: 59008K->6528K(59008K), 0.0630185 secs] 3999929K->3954788K(25159296K), 0.0633823 secs] [Times: user=0.75 sys=0.01, real=0.06 secs] 
2014-04-09T14:32:56.817+0900: 57.274: [GC (Allocation Failure) 57.274: [ParNew: 59008K->6528K(59008K), 0.0577163 secs] 4007268K->3963766K(25159296K), 0.0580814 secs] [Times: user=0.68 sys=0.01, real=0.06 secs] 
2014-04-09T14:32:56.915+0900: 57.372: [GC (Allocation Failure) 57.372: [ParNew: 59008K->6528K(59008K), 0.0661380 secs] 4016246K->3973174K(25159296K), 0.0665106 secs] [Times: user=0.75 sys=0.03, real=0.07 secs] 
2014-04-09T14:32:57.025+0900: 57.482: [GC (Allocation Failure) 57.482: [ParNew: 59008K->6528K(59008K), 0.0654975 secs] 4025654K->3982291K(25159296K), 0.0658592 secs] [Times: user=0.76 sys=0.00, real=0.06 secs] 
2014-04-09T14:32:57.131+0900: 57.588: [GC (Allocation Failure) 57.588: [ParNew: 59008K->6528K(59008K), 0.0652152 secs] 4034771K->3990966K(25159296K), 0.0655768 secs] [Times: user=0.77 sys=0.01, real=0.07 secs] 
2014-04-09T14:32:57.244+0900: 57.701: [GC (Allocation Failure) 57.701: [ParNew: 59008K->6528K(59008K), 0.0640377 secs] 4043446K->3999252K(25159296K), 0.0643974 secs] [Times: user=0.75 sys=0.01, real=0.06 secs] 
2014-04-09T14:32:57.351+0900: 57.807: [GC (Allocation Failure) 57.808: [ParNew: 59008K->6528K(59008K), 0.0642950 secs] 4051732K->4008329K(25159296K), 0.0646618 secs] [Times: user=0.74 sys=0.02, real=0.07 secs] 
2014-04-09T14:32:57.453+0900: 57.910: [GC (Allocation Failure) 57.910: [ParNew: 59008K->6528K(59008K), 0.0670726 secs] 4060809K->4018467K(25159296K), 0.0674317 secs] [Times: user=0.75 sys=0.01, real=0.06 secs] 
2014-04-09T14:32:57.560+0900: 58.017: [GC (Allocation Failure) 58.017: [ParNew: 59007K->6528K(59008K), 0.0562881 secs] 4070946K->4027310K(25159296K), 0.0566507 secs] [Times: user=0.64 sys=0.01, real=0.06 secs] 
2014-04-09T14:32:57.655+0900: 58.112: [GC (Allocation Failure) 58.112: [ParNew: 59008K->6528K(59008K), 0.0530376 secs] 4079790K->4035946K(25159296K), 0.0534087 secs] [Times: user=0.58 sys=0.02, real=0.05 secs] 
2014-04-09T14:32:57.749+0900: 58.205: [GC (Allocation Failure) 58.206: [ParNew: 59008K->6528K(59008K), 0.0574095 secs] 4088426K->4044118K(25159296K), 0.0577852 secs] [Times: user=0.66 sys=0.00, real=0.06 secs] 
2014-04-09T14:32:57.844+0900: 58.301: [GC (Allocation Failure) 58.301: [ParNew: 59008K->6528K(59008K), 0.0601416 secs] 4096598K->4053257K(25159296K), 0.0605024 secs] [Times: user=0.69 sys=0.01, real=0.06 secs] 
2014-04-09T14:32:57.943+0900: 58.400: [GC (Allocation Failure) 58.400: [ParNew: 59008K->6528K(59008K), 0.0597863 secs] 4105737K->4063197K(25159296K), 0.0601684 secs] [Times: user=0.67 sys=0.02, real=0.06 secs] 
2014-04-09T14:32:58.042+0900: 58.499: [GC (Allocation Failure) 58.499: [ParNew: 59008K->6528K(59008K), 0.0584839 secs] 4115677K->4072102K(25159296K), 0.0588465 secs] [Times: user=0.67 sys=0.00, real=0.05 secs] 
2014-04-09T14:32:58.141+0900: 58.597: [GC (Allocation Failure) 58.598: [ParNew: 59008K->6528K(59008K), 0.0572579 secs] 4124582K->4080954K(25159296K), 0.0576192 secs] [Times: user=0.66 sys=0.00, real=0.06 secs] 
2014-04-09T14:32:58.240+0900: 58.697: [GC (Allocation Failure) 58.697: [ParNew: 59008K->6528K(59008K), 0.0552773 secs] 4133434K->4088046K(25159296K), 0.0556355 secs] [Times: user=0.64 sys=0.00, real=0.06 secs] 
2014-04-09T14:32:58.335+0900: 58.792: [GC (Allocation Failure) 58.792: [ParNew: 59008K->6528K(59008K), 0.0552186 secs] 4140526K->4096460K(25159296K), 0.0555807 secs] [Times: user=0.63 sys=0.01, real=0.05 secs] 
2014-04-09T14:32:58.428+0900: 58.885: [GC (Allocation Failure) 58.885: [ParNew: 59008K->6528K(59008K), 0.0562644 secs] 4148940K->4106533K(25159296K), 0.0566363 secs] [Times: user=0.65 sys=0.00, real=0.06 secs] 
2014-04-09T14:32:58.524+0900: 58.981: [GC (Allocation Failure) 58.981: [ParNew: 59008K->6528K(59008K), 0.0657045 secs] 4159013K->4114166K(25159296K), 0.0660669 secs] [Times: user=0.77 sys=0.01, real=0.06 secs] 
2014-04-09T14:32:58.628+0900: 59.085: [GC (Allocation Failure) 59.085: [ParNew: 59008K->6528K(59008K), 0.0611439 secs] 4166646K->4123348K(25159296K), 0.0615036 secs] [Times: user=0.71 sys=0.01, real=0.06 secs] 
2014-04-09T14:32:58.732+0900: 59.188: [GC (Allocation Failure) 59.189: [ParNew: 59008K->6528K(59008K), 0.0602172 secs] 4175828K->4131134K(25159296K), 0.0605700 secs] [Times: user=0.71 sys=0.01, real=0.06 secs] 
2014-04-09T14:32:58.831+0900: 59.288: [GC (Allocation Failure) 59.288: [ParNew: 59008K->6528K(59008K), 0.0520193 secs] 4183614K->4139282K(25159296K), 0.0523859 secs] [Times: user=0.58 sys=0.01, real=0.06 secs] 
2014-04-09T14:32:58.922+0900: 59.379: [GC (Allocation Failure) 59.379: [ParNew: 59008K->6528K(59008K), 0.0564730 secs] 4191762K->4148819K(25159296K), 0.0568328 secs] [Times: user=0.65 sys=0.01, real=0.05 secs] 
2014-04-09T14:32:59.017+0900: 59.474: [GC (Allocation Failure) 59.474: [ParNew: 59008K->6528K(59008K), 0.0619040 secs] 4201299K->4158269K(25159296K), 0.0622596 secs] [Times: user=0.72 sys=0.00, real=0.06 secs] 
2014-04-09T14:32:59.118+0900: 59.575: [GC (Allocation Failure) 59.575: [ParNew: 59008K->6528K(59008K), 0.0547977 secs] 4210749K->4166934K(25159296K), 0.0551865 secs] [Times: user=0.63 sys=0.00, real=0.06 secs] 
2014-04-09T14:32:59.211+0900: 59.668: [GC (Allocation Failure) 59.668: [ParNew: 59008K->6528K(59008K), 0.0573397 secs] 4219414K->4175409K(25159296K), 0.0577002 secs] [Times: user=0.67 sys=0.00, real=0.06 secs] 
2014-04-09T14:32:59.307+0900: 59.764: [GC (Allocation Failure) 59.764: [ParNew: 59008K->6528K(59008K), 0.0644244 secs] 4227889K->4184079K(25159296K), 0.0647854 secs] [Times: user=0.74 sys=0.00, real=0.07 secs] 
2014-04-09T14:32:59.411+0900: 59.868: [GC (Allocation Failure) 59.868: [ParNew: 59008K->6528K(59008K), 0.0566999 secs] 4236559K->4192683K(25159296K), 0.0570554 secs] [Times: user=0.66 sys=0.01, real=0.06 secs] 
2014-04-09T14:32:59.507+0900: 59.964: [GC (Allocation Failure) 59.964: [ParNew: 59008K->6528K(59008K), 0.0578267 secs] 4245163K->4202487K(25159296K), 0.0581938 secs] [Times: user=0.66 sys=0.01, real=0.06 secs] 
2014-04-09T14:32:59.603+0900: 60.060: [GC (Allocation Failure) 60.060: [ParNew: 59000K->6528K(59008K), 0.0628900 secs] 4254960K->4211796K(25159296K), 0.0632550 secs] [Times: user=0.73 sys=0.02, real=0.06 secs] 
2014-04-09T14:32:59.706+0900: 60.163: [GC (Allocation Failure) 60.163: [ParNew: 59008K->6528K(59008K), 0.0592024 secs] 4264276K->4221129K(25159296K), 0.0595646 secs] [Times: user=0.66 sys=0.02, real=0.06 secs] 
2014-04-09T14:32:59.809+0900: 60.266: [GC (Allocation Failure) 60.266: [ParNew: 59008K->6528K(59008K), 0.0597384 secs] 4273609K->4228531K(25159296K), 0.0600972 secs] [Times: user=0.70 sys=0.01, real=0.06 secs] 
2014-04-09T14:32:59.909+0900: 60.366: [GC (Allocation Failure) 60.366: [ParNew: 59008K->6528K(59008K), 0.0679720 secs] 4281011K->4237760K(25159296K), 0.0683312 secs] [Times: user=0.78 sys=0.02, real=0.07 secs] 
2014-04-09T14:33:00.021+0900: 60.478: [GC (Allocation Failure) 60.478: [ParNew: 59008K->6528K(59008K), 0.0543531 secs] 4290240K->4246046K(25159296K), 0.0547203 secs] [Times: user=0.62 sys=0.01, real=0.06 secs] 
2014-04-09T14:33:00.112+0900: 60.569: [GC (Allocation Failure) 60.569: [ParNew: 59008K->6528K(59008K), 0.0632893 secs] 4298526K->4255357K(25159296K), 0.0636531 secs] [Times: user=0.74 sys=0.01, real=0.06 secs] 
2014-04-09T14:33:00.217+0900: 60.674: [GC (Allocation Failure) 60.674: [ParNew: 59008K->6528K(59008K), 0.0529678 secs] 4307837K->4263903K(25159296K), 0.0533437 secs] [Times: user=0.60 sys=0.01, real=0.05 secs] 
2014-04-09T14:33:00.309+0900: 60.766: [GC (Allocation Failure) 60.766: [ParNew: 59008K->6528K(59008K), 0.0576156 secs] 4316383K->4271668K(25159296K), 0.0579859 secs] [Times: user=0.66 sys=0.02, real=0.06 secs] 
2014-04-09T14:33:00.410+0900: 60.867: [GC (Allocation Failure) 60.867: [ParNew: 59007K->6528K(59008K), 0.0665535 secs] 4324148K->4280263K(25159296K), 0.0669227 secs] [Times: user=0.77 sys=0.01, real=0.07 secs] 
2014-04-09T14:33:00.515+0900: 60.972: [GC (Allocation Failure) 60.972: [ParNew: 59008K->6528K(59008K), 0.0552773 secs] 4332743K->4289201K(25159296K), 0.0556399 secs] [Times: user=0.63 sys=0.01, real=0.05 secs] 
2014-04-09T14:33:00.610+0900: 61.067: [GC (Allocation Failure) 61.067: [ParNew: 59008K->6528K(59008K), 0.0680639 secs] 4341681K->4297819K(25159296K), 0.0684254 secs] [Times: user=0.79 sys=0.02, real=0.07 secs] 
2014-04-09T14:33:00.717+0900: 61.174: [GC (Allocation Failure) 61.174: [ParNew: 59008K->6528K(59008K), 0.0605311 secs] 4350299K->4307142K(25159296K), 0.0609008 secs] [Times: user=0.70 sys=0.01, real=0.06 secs] 
2014-04-09T14:33:00.817+0900: 61.274: [GC (Allocation Failure) 61.274: [ParNew: 59008K->6528K(59008K), 0.0579852 secs] 4359622K->4314582K(25159296K), 0.0583497 secs] [Times: user=0.67 sys=0.02, real=0.06 secs] 
2014-04-09T14:33:00.914+0900: 61.371: [GC (Allocation Failure) 61.371: [ParNew: 59008K->6528K(59008K), 0.0576020 secs] 4367062K->4323609K(25159296K), 0.0579665 secs] [Times: user=0.67 sys=0.01, real=0.06 secs] 
2014-04-09T14:33:01.009+0900: 61.466: [GC (Allocation Failure) 61.466: [ParNew: 59008K->6528K(59008K), 0.0603664 secs] 4376089K->4332063K(25159296K), 0.0607301 secs] [Times: user=0.71 sys=0.01, real=0.06 secs] 
2014-04-09T14:33:01.108+0900: 61.565: [GC (Allocation Failure) 61.565: [ParNew: 59008K->6528K(59008K), 0.0598985 secs] 4384543K->4341298K(25159296K), 0.0602620 secs] [Times: user=0.69 sys=0.01, real=0.06 secs] 
2014-04-09T14:33:01.208+0900: 61.665: [GC (Allocation Failure) 61.665: [ParNew: 59008K->6528K(59008K), 0.0568302 secs] 4393778K->4350294K(25159296K), 0.0571921 secs] [Times: user=0.64 sys=0.02, real=0.06 secs] 
2014-04-09T14:33:01.303+0900: 61.760: [GC (Allocation Failure) 61.760: [ParNew: 59008K->6528K(59008K), 0.0555880 secs] 4402774K->4358568K(25159296K), 0.0559511 secs] [Times: user=0.64 sys=0.01, real=0.05 secs] 
2014-04-09T14:33:01.396+0900: 61.853: [GC (Allocation Failure) 61.853: [ParNew: 59008K->6528K(59008K), 0.0582851 secs] 4411048K->4366731K(25159296K), 0.0586491 secs] [Times: user=0.67 sys=0.01, real=0.06 secs] 
2014-04-09T14:33:01.494+0900: 61.951: [GC (Allocation Failure) 61.951: [ParNew: 59008K->6528K(59008K), 0.0604264 secs] 4419211K->4376031K(25159296K), 0.0607882 secs] [Times: user=0.71 sys=0.00, real=0.06 secs] 
2014-04-09T14:33:01.593+0900: 62.050: [GC (Allocation Failure) 62.050: [ParNew: 59008K->6528K(59008K), 0.0660718 secs] 4428511K->4384294K(25159296K), 0.0664257 secs] [Times: user=0.77 sys=0.00, real=0.06 secs] 
2014-04-09T14:33:01.698+0900: 62.155: [GC (Allocation Failure) 62.155: [ParNew: 59008K->6528K(59008K), 0.0614863 secs] 4436774K->4393833K(25159296K), 0.0618513 secs] [Times: user=0.70 sys=0.01, real=0.06 secs] 
2014-04-09T14:33:01.799+0900: 62.256: [GC (Allocation Failure) 62.256: [ParNew: 59008K->6528K(59008K), 0.0521854 secs] 4446313K->4400776K(25159296K), 0.0525553 secs] [Times: user=0.60 sys=0.00, real=0.06 secs] 
2014-04-09T14:33:01.895+0900: 62.352: [GC (Allocation Failure) 62.352: [ParNew: 59008K->6528K(59008K), 0.0546025 secs] 4453256K->4410013K(25159296K), 0.0549675 secs] [Times: user=0.62 sys=0.01, real=0.05 secs] 
2014-04-09T14:33:01.989+0900: 62.446: [GC (Allocation Failure) 62.446: [ParNew: 59008K->6528K(59008K), 0.0567952 secs] 4462493K->4418823K(25159296K), 0.0571570 secs] [Times: user=0.66 sys=0.00, real=0.06 secs] 
2014-04-09T14:33:02.082+0900: 62.539: [GC (Allocation Failure) 62.539: [ParNew: 59008K->6528K(59008K), 0.0638341 secs] 4471303K->4427846K(25159296K), 0.0641969 secs] [Times: user=0.75 sys=0.01, real=0.06 secs] 
2014-04-09T14:33:02.187+0900: 62.643: [GC (Allocation Failure) 62.644: [ParNew: 59008K->6528K(59008K), 0.0586411 secs] 4480326K->4436689K(25159296K), 0.0590035 secs] [Times: user=0.69 sys=0.01, real=0.06 secs] 
2014-04-09T14:33:02.283+0900: 62.740: [GC (Allocation Failure) 62.740: [ParNew: 59008K->6528K(59008K), 0.0566824 secs] 4489169K->4444940K(25159296K), 0.0570497 secs] [Times: user=0.66 sys=0.00, real=0.05 secs] 
2014-04-09T14:33:02.381+0900: 62.838: [GC (Allocation Failure) 62.838: [ParNew: 59008K->6528K(59008K), 0.0628287 secs] 4497420K->4454193K(25159296K), 0.0631874 secs] [Times: user=0.73 sys=0.01, real=0.07 secs] 
2014-04-09T14:33:02.482+0900: 62.939: [GC (Allocation Failure) 62.939: [ParNew: 59008K->6528K(59008K), 0.0620524 secs] 4506673K->4461579K(25159296K), 0.0624148 secs] [Times: user=0.72 sys=0.00, real=0.07 secs] 
2014-04-09T14:33:02.581+0900: 63.038: [GC (Allocation Failure) 63.038: [ParNew: 59008K->6528K(59008K), 0.0630716 secs] 4514059K->4471275K(25159296K), 0.0634416 secs] [Times: user=0.72 sys=0.02, real=0.07 secs] 
2014-04-09T14:33:02.688+0900: 63.145: [GC (Allocation Failure) 63.145: [ParNew: 59008K->6528K(59008K), 0.0558471 secs] 4523755K->4479824K(25159296K), 0.0562072 secs] [Times: user=0.63 sys=0.02, real=0.06 secs] 
2014-04-09T14:33:02.783+0900: 63.240: [GC (Allocation Failure) 63.240: [ParNew: 59008K->6528K(59008K), 0.0596386 secs] 4532304K->4488719K(25159296K), 0.0600059 secs] [Times: user=0.68 sys=0.01, real=0.06 secs] 
2014-04-09T14:33:02.884+0900: 63.340: [GC (Allocation Failure) 63.341: [ParNew: 59008K->6528K(59008K), 0.0503041 secs] 4541199K->4496444K(25159296K), 0.0506693 secs] [Times: user=0.54 sys=0.02, real=0.05 secs] 
2014-04-09T14:33:02.972+0900: 63.429: [GC (Allocation Failure) 63.429: [ParNew: 59008K->6528K(59008K), 0.0622723 secs] 4548924K->4506158K(25159296K), 0.0626570 secs] [Times: user=0.72 sys=0.00, real=0.07 secs] 
2014-04-09T14:33:03.076+0900: 63.533: [GC (Allocation Failure) 63.533: [ParNew: 59008K->6528K(59008K), 0.0646818 secs] 4558638K->4514844K(25159296K), 0.0650391 secs] [Times: user=0.76 sys=0.01, real=0.06 secs] 
2014-04-09T14:33:03.185+0900: 63.641: [GC (Allocation Failure) 63.641: [ParNew: 59008K->6528K(59008K), 0.0526876 secs] 4567324K->4523506K(25159296K), 0.0530475 secs] [Times: user=0.59 sys=0.01, real=0.05 secs] 
2014-04-09T14:33:03.276+0900: 63.732: [GC (Allocation Failure) 63.733: [ParNew: 59008K->6528K(59008K), 0.0552891 secs] 4575986K->4532076K(25159296K), 0.0556420 secs] [Times: user=0.64 sys=0.00, real=0.05 secs] 
2014-04-09T14:33:03.370+0900: 63.827: [GC (Allocation Failure) 63.827: [ParNew: 59008K->6528K(59008K), 0.0576137 secs] 4584556K->4540434K(25159296K), 0.0579748 secs] [Times: user=0.67 sys=0.00, real=0.06 secs] 
2014-04-09T14:33:03.467+0900: 63.923: [GC (Allocation Failure) 63.924: [ParNew: 59008K->6528K(59008K), 0.0593785 secs] 4592914K->4549132K(25159296K), 0.0597326 secs] [Times: user=0.69 sys=0.01, real=0.06 secs] 
2014-04-09T14:33:03.564+0900: 64.021: [GC (Allocation Failure) 64.021: [ParNew: 59008K->6528K(59008K), 0.0568912 secs] 4601612K->4558456K(25159296K), 0.0572471 secs] [Times: user=0.66 sys=0.00, real=0.05 secs] 
2014-04-09T14:33:03.661+0900: 64.118: [GC (Allocation Failure) 64.118: [ParNew: 59008K->6528K(59008K), 0.0628754 secs] 4610936K->4567622K(25159296K), 0.0632311 secs] [Times: user=0.73 sys=0.00, real=0.07 secs] 
2014-04-09T14:33:03.763+0900: 64.220: [GC (Allocation Failure) 64.220: [ParNew: 59008K->6528K(59008K), 0.0613608 secs] 4620102K->4576872K(25159296K), 0.0617178 secs] [Times: user=0.70 sys=0.02, real=0.06 secs] 
2014-04-09T14:33:03.865+0900: 64.321: [GC (Allocation Failure) 64.322: [ParNew: 59008K->6528K(59008K), 0.0573792 secs] 4629352K->4584287K(25159296K), 0.0577424 secs] [Times: user=0.66 sys=0.01, real=0.06 secs] 
2014-04-09T14:33:03.960+0900: 64.417: [GC (Allocation Failure) 64.417: [ParNew: 59008K->6528K(59008K), 0.0536177 secs] 4636767K->4593153K(25159296K), 0.0539874 secs] [Times: user=0.59 sys=0.02, real=0.06 secs] 
2014-04-09T14:33:04.054+0900: 64.510: [GC (Allocation Failure) 64.511: [ParNew: 59008K->6528K(59008K), 0.0609604 secs] 4645633K->4601427K(25159296K), 0.0613276 secs] [Times: user=0.71 sys=0.00, real=0.06 secs] 
2014-04-09T14:33:04.155+0900: 64.612: [GC (Allocation Failure) 64.612: [ParNew: 59008K->6528K(59008K), 0.0570642 secs] 4653907K->4610592K(25159296K), 0.0574391 secs] [Times: user=0.66 sys=0.01, real=0.06 secs] 
2014-04-09T14:33:04.253+0900: 64.710: [GC (Allocation Failure) 64.710: [ParNew: 59008K->6528K(59008K), 0.0573863 secs] 4663072K->4619339K(25159296K), 0.0577600 secs] [Times: user=0.66 sys=0.00, real=0.05 secs] 
2014-04-09T14:33:04.350+0900: 64.807: [GC (Allocation Failure) 64.807: [ParNew: 59008K->6528K(59008K), 0.0561296 secs] 4671819K->4626680K(25159296K), 0.0564956 secs] [Times: user=0.66 sys=0.00, real=0.06 secs] 
2014-04-09T14:33:04.447+0900: 64.904: [GC (Allocation Failure) 64.904: [ParNew: 59008K->6528K(59008K), 0.0663521 secs] 4679160K->4635580K(25159296K), 0.0667206 secs] [Times: user=0.77 sys=0.01, real=0.07 secs] 
2014-04-09T14:33:04.553+0900: 65.010: [GC (Allocation Failure) 65.010: [ParNew: 59008K->6528K(59008K), 0.0650183 secs] 4688060K->4644262K(25159296K), 0.0653957 secs] [Times: user=0.75 sys=0.01, real=0.06 secs] 
2014-04-09T14:33:04.657+0900: 65.114: [GC (Allocation Failure) 65.114: [ParNew: 59008K->6528K(59008K), 0.0603739 secs] 4696742K->4653494K(25159296K), 0.0607410 secs] [Times: user=0.69 sys=0.01, real=0.06 secs] 
2014-04-09T14:33:04.761+0900: 65.217: [GC (Allocation Failure) 65.217: [ParNew: 59008K->6528K(59008K), 0.0531053 secs] 4705974K->4661580K(25159296K), 0.0534594 secs] [Times: user=0.62 sys=0.01, real=0.06 secs] 
2014-04-09T14:33:04.856+0900: 65.313: [GC (Allocation Failure) 65.313: [ParNew: 59008K->6528K(59008K), 0.0672981 secs] 4714060K->4669750K(25159296K), 0.0676648 secs] [Times: user=0.78 sys=0.01, real=0.07 secs] 
2014-04-09T14:33:04.967+0900: 65.424: [GC (Allocation Failure) 65.424: [ParNew: 59008K->6528K(59008K), 0.0591423 secs] 4722230K->4678888K(25159296K), 0.0595025 secs] [Times: user=0.68 sys=0.01, real=0.06 secs] 
2014-04-09T14:33:05.069+0900: 65.526: [GC (Allocation Failure) 65.526: [ParNew: 59008K->6528K(59008K), 0.0629773 secs] 4731368K->4687889K(25159296K), 0.0633373 secs] [Times: user=0.73 sys=0.00, real=0.07 secs] 
2014-04-09T14:33:05.169+0900: 65.626: [GC (Allocation Failure) 65.626: [ParNew: 59008K->6528K(59008K), 0.0628421 secs] 4740369K->4696463K(25159296K), 0.0631999 secs] [Times: user=0.73 sys=0.01, real=0.06 secs] 
2014-04-09T14:33:05.273+0900: 65.730: [GC (Allocation Failure) 65.730: [ParNew: 59008K->6528K(59008K), 0.0677570 secs] 4748943K->4705283K(25159296K), 0.0681224 secs] [Times: user=0.79 sys=0.01, real=0.06 secs] 
2014-04-09T14:33:05.382+0900: 65.839: [GC (Allocation Failure) 65.839: [ParNew: 59008K->6528K(59008K), 0.0656663 secs] 4757763K->4713412K(25159296K), 0.0660246 secs] [Times: user=0.77 sys=0.01, real=0.06 secs] 
2014-04-09T14:33:05.487+0900: 65.944: [GC (Allocation Failure) 65.944: [ParNew: 59008K->6528K(59008K), 0.0544205 secs] 4765892K->4722218K(25159296K), 0.0547763 secs] [Times: user=0.63 sys=0.01, real=0.05 secs] 
2014-04-09T14:33:05.585+0900: 66.042: [GC (Allocation Failure) 66.042: [ParNew: 59008K->6528K(59008K), 0.0634729 secs] 4774698K->4730248K(25159296K), 0.0638333 secs] [Times: user=0.73 sys=0.01, real=0.06 secs] 
2014-04-09T14:33:05.692+0900: 66.149: [GC (Allocation Failure) 66.149: [ParNew: 59008K->6528K(59008K), 0.0680486 secs] 4782728K->4739755K(25159296K), 0.0684047 secs] [Times: user=0.78 sys=0.02, real=0.07 secs] 
2014-04-09T14:33:05.800+0900: 66.256: [GC (Allocation Failure) 66.257: [ParNew: 59008K->6528K(59008K), 0.0609660 secs] 4792235K->4748450K(25159296K), 0.0613199 secs] [Times: user=0.71 sys=0.01, real=0.06 secs] 
2014-04-09T14:33:05.898+0900: 66.355: [GC (Allocation Failure) 66.355: [ParNew: 59008K->6528K(59008K), 0.0532696 secs] 4800930K->4756583K(25159296K), 0.0536232 secs] [Times: user=0.61 sys=0.01, real=0.05 secs] 
2014-04-09T14:33:05.991+0900: 66.448: [GC (Allocation Failure) 66.448: [ParNew: 59008K->6528K(59008K), 0.0566309 secs] 4809063K->4766160K(25159296K), 0.0569887 secs] [Times: user=0.66 sys=0.00, real=0.06 secs] 
2014-04-09T14:33:06.087+0900: 66.544: [GC (Allocation Failure) 66.544: [ParNew: 59008K->6528K(59008K), 0.0646564 secs] 4818640K->4775059K(25159296K), 0.0650107 secs] [Times: user=0.76 sys=0.01, real=0.06 secs] 
2014-04-09T14:33:06.191+0900: 66.648: [GC (Allocation Failure) 66.648: [ParNew: 59008K->6528K(59008K), 0.0666133 secs] 4827539K->4783580K(25159296K), 0.0669664 secs] [Times: user=0.78 sys=0.01, real=0.07 secs] 
2014-04-09T14:33:06.298+0900: 66.754: [GC (Allocation Failure) 66.755: [ParNew: 59008K->6528K(59008K), 0.0602062 secs] 4836060K->4792895K(25159296K), 0.0605593 secs] [Times: user=0.69 sys=0.01, real=0.06 secs] 
2014-04-09T14:33:06.396+0900: 66.852: [GC (Allocation Failure) 66.853: [ParNew: 59008K->6528K(59008K), 0.0551863 secs] 4845375K->4801062K(25159296K), 0.0555511 secs] [Times: user=0.61 sys=0.02, real=0.05 secs] 
2014-04-09T14:33:06.490+0900: 66.946: [GC (Allocation Failure) 66.947: [ParNew: 59008K->6528K(59008K), 0.0614630 secs] 4853542K->4810108K(25159296K), 0.0618178 secs] [Times: user=0.71 sys=0.00, real=0.06 secs] 
2014-04-09T14:33:06.595+0900: 67.051: [GC (Allocation Failure) 67.052: [ParNew: 59008K->6528K(59008K), 0.0610650 secs] 4862588K->4818768K(25159296K), 0.0614175 secs] [Times: user=0.70 sys=0.01, real=0.06 secs] 
2014-04-09T14:33:06.695+0900: 67.152: [GC (Allocation Failure) 67.152: [ParNew: 59007K->6528K(59008K), 0.0607976 secs] 4871248K->4827098K(25159296K), 0.0611533 secs] [Times: user=0.70 sys=0.01, real=0.06 secs] 
2014-04-09T14:33:06.796+0900: 67.253: [GC (Allocation Failure) 67.253: [ParNew: 59008K->6528K(59008K), 0.0646112 secs] 4879578K->4836026K(25159296K), 0.0649685 secs] [Times: user=0.75 sys=0.02, real=0.06 secs] 
2014-04-09T14:33:06.903+0900: 67.359: [GC (Allocation Failure) 67.360: [ParNew: 59008K->6528K(59008K), 0.0560293 secs] 4888506K->4844309K(25159296K), 0.0564167 secs] [Times: user=0.64 sys=0.01, real=0.05 secs] 
2014-04-09T14:33:06.995+0900: 67.452: [GC (Allocation Failure) 67.452: [ParNew: 59008K->6528K(59008K), 0.0600928 secs] 4896789K->4852812K(25159296K), 0.0604656 secs] [Times: user=0.69 sys=0.01, real=0.06 secs] 
2014-04-09T14:33:07.094+0900: 67.551: [GC (Allocation Failure) 67.551: [ParNew: 59008K->6528K(59008K), 0.0625865 secs] 4905292K->4861772K(25159296K), 0.0629501 secs] [Times: user=0.72 sys=0.01, real=0.06 secs] 
2014-04-09T14:33:07.197+0900: 67.654: [GC (Allocation Failure) 67.655: [ParNew: 59008K->6528K(59008K), 0.0581752 secs] 4914252K->4870871K(25159296K), 0.0585983 secs] [Times: user=0.68 sys=0.01, real=0.06 secs] 
2014-04-09T14:33:07.294+0900: 67.751: [GC (Allocation Failure) 67.751: [ParNew: 59008K->6528K(59008K), 0.0537402 secs] 4923351K->4878826K(25159296K), 0.0541068 secs] [Times: user=0.61 sys=0.01, real=0.05 secs] 
2014-04-09T14:33:07.387+0900: 67.844: [GC (Allocation Failure) 67.844: [ParNew: 59008K->6528K(59008K), 0.0613176 secs] 4931306K->4887607K(25159296K), 0.0616808 secs] [Times: user=0.71 sys=0.01, real=0.06 secs] 
2014-04-09T14:33:07.491+0900: 67.948: [GC (Allocation Failure) 67.948: [ParNew: 59008K->6528K(59008K), 0.0546923 secs] 4940087K->4895967K(25159296K), 0.0550540 secs] [Times: user=0.61 sys=0.00, real=0.06 secs] 
2014-04-09T14:33:07.589+0900: 68.045: [GC (Allocation Failure) 68.045: [ParNew: 59008K->6528K(59008K), 0.0612142 secs] 4948447K->4904838K(25159296K), 0.0615734 secs] [Times: user=0.71 sys=0.01, real=0.06 secs] 
2014-04-09T14:33:07.690+0900: 68.147: [GC (Allocation Failure) 68.147: [ParNew: 59008K->6528K(59008K), 0.0601720 secs] 4957318K->4912916K(25159296K), 0.0605326 secs] [Times: user=0.71 sys=0.00, real=0.06 secs] 
2014-04-09T14:33:07.790+0900: 68.247: [GC (Allocation Failure) 68.247: [ParNew: 59008K->6528K(59008K), 0.0591939 secs] 4965396K->4922176K(25159296K), 0.0595539 secs] [Times: user=0.69 sys=0.01, real=0.06 secs] 
2014-04-09T14:33:07.888+0900: 68.345: [GC (Allocation Failure) 68.345: [ParNew: 59008K->6528K(59008K), 0.0568778 secs] 4974656K->4929414K(25159296K), 0.0572466 secs] [Times: user=0.66 sys=0.00, real=0.06 secs] 
2014-04-09T14:33:07.984+0900: 68.441: [GC (Allocation Failure) 68.441: [ParNew: 59008K->6528K(59008K), 0.0565051 secs] 4981894K->4939199K(25159296K), 0.0568619 secs] [Times: user=0.63 sys=0.01, real=0.05 secs] 
2014-04-09T14:33:08.079+0900: 68.536: [GC (Allocation Failure) 68.536: [ParNew: 59008K->6528K(59008K), 0.0585930 secs] 4991679K->4947751K(25159296K), 0.0589494 secs] [Times: user=0.67 sys=0.02, real=0.06 secs] 
2014-04-09T14:33:08.176+0900: 68.633: [GC (Allocation Failure) 68.633: [ParNew: 59008K->6528K(59008K), 0.0664291 secs] 5000231K->4956580K(25159296K), 0.0667811 secs] [Times: user=0.78 sys=0.01, real=0.07 secs] 
2014-04-09T14:33:08.281+0900: 68.738: [GC (Allocation Failure) 68.738: [ParNew: 59008K->6528K(59008K), 0.0580747 secs] 5009060K->4965543K(25159296K), 0.0584387 secs] [Times: user=0.66 sys=0.01, real=0.06 secs] 
2014-04-09T14:33:08.376+0900: 68.832: [GC (Allocation Failure) 68.833: [ParNew: 59008K->6528K(59008K), 0.0583598 secs] 5018023K->4973865K(25159296K), 0.0587201 secs] [Times: user=0.68 sys=0.00, real=0.06 secs] 
2014-04-09T14:33:08.474+0900: 68.930: [GC (Allocation Failure) 68.931: [ParNew: 59008K->6528K(59008K), 0.0549595 secs] 5026345K->4981830K(25159296K), 0.0553143 secs] [Times: user=0.64 sys=0.01, real=0.05 secs] 
2014-04-09T14:33:08.566+0900: 69.022: [GC (Allocation Failure) 69.023: [ParNew: 59008K->6528K(59008K), 0.0572123 secs] 5034310K->4990729K(25159296K), 0.0575718 secs] [Times: user=0.65 sys=0.01, real=0.06 secs] 
2014-04-09T14:33:08.662+0900: 69.119: [GC (Allocation Failure) 69.119: [ParNew: 59008K->6528K(59008K), 0.0680391 secs] 5043209K->4999427K(25159296K), 0.0684026 secs] [Times: user=0.79 sys=0.01, real=0.06 secs] 
2014-04-09T14:33:08.770+0900: 69.227: [GC (Allocation Failure) 69.227: [ParNew: 59008K->6528K(59008K), 0.0576916 secs] 5051907K->5008443K(25159296K), 0.0580701 secs] [Times: user=0.66 sys=0.01, real=0.06 secs] 
2014-04-09T14:33:08.866+0900: 69.323: [GC (Allocation Failure) 69.323: [ParNew: 59008K->6528K(59008K), 0.0578753 secs] 5060923K->5017131K(25159296K), 0.0582352 secs] [Times: user=0.67 sys=0.00, real=0.06 secs] 
2014-04-09T14:33:08.964+0900: 69.421: [GC (Allocation Failure) 69.421: [ParNew: 59008K->6528K(59008K), 0.0527062 secs] 5069611K->5025299K(25159296K), 0.0530711 secs] [Times: user=0.61 sys=0.01, real=0.05 secs] 
2014-04-09T14:33:09.056+0900: 69.512: [GC (Allocation Failure) 69.513: [ParNew: 59008K->6528K(59008K), 0.0612018 secs] 5077779K->5033570K(25159296K), 0.0615644 secs] [Times: user=0.71 sys=0.01, real=0.06 secs] 
2014-04-09T14:33:09.156+0900: 69.613: [GC (Allocation Failure) 69.613: [ParNew: 59008K->6528K(59008K), 0.0664052 secs] 5086050K->5042593K(25159296K), 0.0667673 secs] [Times: user=0.76 sys=0.01, real=0.06 secs] 
2014-04-09T14:33:09.262+0900: 69.719: [GC (Allocation Failure) 69.719: [ParNew: 59008K->6528K(59008K), 0.0598558 secs] 5095073K->5051678K(25159296K), 0.0602199 secs] [Times: user=0.68 sys=0.01, real=0.06 secs] 
2014-04-09T14:33:09.365+0900: 69.822: [GC (Allocation Failure) 69.822: [ParNew: 59008K->6528K(59008K), 0.0620487 secs] 5104158K->5060720K(25159296K), 0.0624141 secs] [Times: user=0.72 sys=0.01, real=0.06 secs] 
2014-04-09T14:33:09.465+0900: 69.922: [GC (Allocation Failure) 69.922: [ParNew: 59008K->6528K(59008K), 0.0617328 secs] 5113200K->5069057K(25159296K), 0.0621040 secs] [Times: user=0.71 sys=0.01, real=0.06 secs] 
2014-04-09T14:33:09.569+0900: 70.026: [GC (Allocation Failure) 70.026: [ParNew: 59008K->6528K(59008K), 0.0574343 secs] 5121537K->5077093K(25159296K), 0.0577924 secs] [Times: user=0.65 sys=0.01, real=0.06 secs] 
2014-04-09T14:33:09.666+0900: 70.122: [GC (Allocation Failure) 70.123: [ParNew: 59008K->6528K(59008K), 0.0597270 secs] 5129573K->5086348K(25159296K), 0.0600765 secs] [Times: user=0.70 sys=0.00, real=0.06 secs] 
2014-04-09T14:33:09.766+0900: 70.222: [GC (Allocation Failure) 70.223: [ParNew: 59008K->6528K(59008K), 0.0569543 secs] 5138828K->5094894K(25159296K), 0.0573347 secs] [Times: user=0.66 sys=0.01, real=0.05 secs] 
2014-04-09T14:33:09.862+0900: 70.319: [GC (Allocation Failure) 70.319: [ParNew: 59008K->6528K(59008K), 0.0481570 secs] 5147374K->5103583K(25159296K), 0.0485271 secs] [Times: user=0.52 sys=0.01, real=0.05 secs] 
2014-04-09T14:33:09.950+0900: 70.407: [GC (Allocation Failure) 70.407: [ParNew: 59008K->6528K(59008K), 0.0527928 secs] 5156063K->5111488K(25159296K), 0.0531554 secs] [Times: user=0.59 sys=0.01, real=0.05 secs] 
2014-04-09T14:33:10.043+0900: 70.499: [GC (Allocation Failure) 70.500: [ParNew: 59008K->6528K(59008K), 0.0638996 secs] 5163968K->5120861K(25159296K), 0.0642648 secs] [Times: user=0.73 sys=0.01, real=0.07 secs] 
2014-04-09T14:33:10.145+0900: 70.602: [GC (Allocation Failure) 70.602: [ParNew: 59008K->6528K(59008K), 0.0613958 secs] 5173341K->5129497K(25159296K), 0.0617607 secs] [Times: user=0.71 sys=0.01, real=0.06 secs] 
2014-04-09T14:33:10.245+0900: 70.702: [GC (Allocation Failure) 70.702: [ParNew: 59008K->6528K(59008K), 0.0634337 secs] 5181977K->5138682K(25159296K), 0.0637936 secs] [Times: user=0.74 sys=0.01, real=0.06 secs] 
2014-04-09T14:33:10.347+0900: 70.804: [GC (Allocation Failure) 70.804: [ParNew: 59008K->6528K(59008K), 0.0570500 secs] 5191162K->5147082K(25159296K), 0.0574180 secs] [Times: user=0.65 sys=0.01, real=0.06 secs] 
2014-04-09T14:33:10.447+0900: 70.903: [GC (Allocation Failure) 70.904: [ParNew: 59008K->6528K(59008K), 0.0661961 secs] 5199562K->5155269K(25159296K), 0.0665539 secs] [Times: user=0.75 sys=0.02, real=0.07 secs] 
2014-04-09T14:33:10.555+0900: 71.011: [GC (Allocation Failure) 71.012: [ParNew: 59008K->6528K(59008K), 0.0536801 secs] 5207749K->5163476K(25159296K), 0.0540407 secs] [Times: user=0.62 sys=0.00, real=0.05 secs] 
2014-04-09T14:33:10.649+0900: 71.106: [GC (Allocation Failure) 71.106: [ParNew: 58953K->6528K(59008K), 0.0683271 secs] 5215901K->5172462K(25159296K), 0.0686866 secs] [Times: user=0.76 sys=0.02, real=0.07 secs] 
2014-04-09T14:33:10.756+0900: 71.212: [GC (Allocation Failure) 71.213: [ParNew: 59008K->6528K(59008K), 0.0601235 secs] 5224942K->5181850K(25159296K), 0.0604848 secs] [Times: user=0.70 sys=0.01, real=0.06 secs] 
2014-04-09T14:33:10.860+0900: 71.316: [GC (Allocation Failure) 71.317: [ParNew: 59008K->6528K(59008K), 0.0588907 secs] 5234330K->5190588K(25159296K), 0.0592383 secs] [Times: user=0.68 sys=0.01, real=0.06 secs] 
2014-04-09T14:33:10.962+0900: 71.419: [GC (Allocation Failure) 71.419: [ParNew: 59008K->6528K(59008K), 0.0602062 secs] 5243068K->5198039K(25159296K), 0.0605546 secs] [Times: user=0.69 sys=0.01, real=0.06 secs] 
2014-04-09T14:33:11.061+0900: 71.518: [GC (Allocation Failure) 71.518: [ParNew: 59008K->6528K(59008K), 0.0663334 secs] 5250519K->5207137K(25159296K), 0.0666831 secs] [Times: user=0.77 sys=0.01, real=0.07 secs] 
2014-04-09T14:33:11.167+0900: 71.623: [GC (Allocation Failure) 71.624: [ParNew: 59008K->6528K(59008K), 0.0557320 secs] 5259617K->5215439K(25159296K), 0.0560837 secs] [Times: user=0.64 sys=0.01, real=0.05 secs] 
2014-04-09T14:33:11.262+0900: 71.718: [GC (Allocation Failure) 71.719: [ParNew: 59008K->6528K(59008K), 0.0649469 secs] 5267919K->5224933K(25159296K), 0.0652980 secs] [Times: user=0.73 sys=0.01, real=0.07 secs] 
2014-04-09T14:33:11.368+0900: 71.824: [GC (Allocation Failure) 71.825: [ParNew: 59008K->6528K(59008K), 0.0613837 secs] 5277413K->5233556K(25159296K), 0.0617352 secs] [Times: user=0.70 sys=0.01, real=0.06 secs] 
2014-04-09T14:33:11.468+0900: 71.925: [GC (Allocation Failure) 71.925: [ParNew: 59008K->6528K(59008K), 0.0641739 secs] 5286036K->5241542K(25159296K), 0.0645270 secs] [Times: user=0.74 sys=0.01, real=0.06 secs] 
2014-04-09T14:33:11.572+0900: 72.029: [GC (Allocation Failure) 72.029: [ParNew: 59008K->6528K(59008K), 0.0604414 secs] 5294022K->5250080K(25159296K), 0.0607985 secs] [Times: user=0.70 sys=0.01, real=0.07 secs] 
2014-04-09T14:33:11.673+0900: 72.130: [GC (Allocation Failure) 72.130: [ParNew: 59008K->6528K(59008K), 0.0648378 secs] 5302560K->5259148K(25159296K), 0.0651923 secs] [Times: user=0.74 sys=0.01, real=0.07 secs] 
2014-04-09T14:33:11.779+0900: 72.236: [GC (Allocation Failure) 72.236: [ParNew: 59008K->6528K(59008K), 0.0605664 secs] 5311628K->5267976K(25159296K), 0.0609252 secs] [Times: user=0.70 sys=0.01, real=0.06 secs] 
2014-04-09T14:33:11.879+0900: 72.336: [GC (Allocation Failure) 72.336: [ParNew: 59008K->6528K(59008K), 0.0606742 secs] 5320456K->5276641K(25159296K), 0.0610416 secs] [Times: user=0.70 sys=0.01, real=0.06 secs] 
2014-04-09T14:33:11.983+0900: 72.440: [GC (Allocation Failure) 72.440: [ParNew: 59008K->6528K(59008K), 0.0670260 secs] 5329121K->5284367K(25159296K), 0.0673961 secs] [Times: user=0.77 sys=0.01, real=0.07 secs] 
2014-04-09T14:33:12.090+0900: 72.547: [GC (Allocation Failure) 72.547: [ParNew: 59008K->6528K(59008K), 0.0618316 secs] 5336847K->5293402K(25159296K), 0.0621812 secs] [Times: user=0.71 sys=0.01, real=0.06 secs] 
2014-04-09T14:33:12.189+0900: 72.646: [GC (Allocation Failure) 72.646: [ParNew: 59008K->6528K(59008K), 0.0598782 secs] 5345882K->5302020K(25159296K), 0.0602250 secs] [Times: user=0.68 sys=0.01, real=0.06 secs] 
2014-04-09T14:33:12.290+0900: 72.747: [GC (Allocation Failure) 72.747: [ParNew: 59008K->6528K(59008K), 0.0562787 secs] 5354500K->5310749K(25159296K), 0.0566278 secs] [Times: user=0.65 sys=0.01, real=0.06 secs] 
2014-04-09T14:33:12.385+0900: 72.842: [GC (Allocation Failure) 72.842: [ParNew: 59008K->6528K(59008K), 0.0626509 secs] 5363229K->5319185K(25159296K), 0.0630111 secs] [Times: user=0.72 sys=0.02, real=0.06 secs] 
2014-04-09T14:33:12.489+0900: 72.945: [GC (Allocation Failure) 72.946: [ParNew: 59008K->6528K(59008K), 0.0628501 secs] 5371665K->5328451K(25159296K), 0.0631989 secs] [Times: user=0.71 sys=0.01, real=0.06 secs] 
2014-04-09T14:33:12.591+0900: 73.048: [GC (Allocation Failure) 73.048: [ParNew: 59008K->6528K(59008K), 0.0567115 secs] 5380931K->5336928K(25159296K), 0.0570595 secs] [Times: user=0.65 sys=0.01, real=0.06 secs] 
2014-04-09T14:33:12.687+0900: 73.144: [GC (Allocation Failure) 73.144: [ParNew: 59008K->6528K(59008K), 0.0619532 secs] 5389408K->5345859K(25159296K), 0.0623310 secs] [Times: user=0.70 sys=0.01, real=0.06 secs] 
2014-04-09T14:33:12.787+0900: 73.244: [GC (Allocation Failure) 73.244: [ParNew: 59008K->6528K(59008K), 0.0569445 secs] 5398339K->5354048K(25159296K), 0.0573049 secs] [Times: user=0.66 sys=0.00, real=0.06 secs] 
2014-04-09T14:33:12.883+0900: 73.340: [GC (Allocation Failure) 73.340: [ParNew: 59008K->6528K(59008K), 0.0540808 secs] 5406528K->5363099K(25159296K), 0.0544364 secs] [Times: user=0.57 sys=0.01, real=0.06 secs] 
2014-04-09T14:33:12.976+0900: 73.433: [GC (Allocation Failure) 73.433: [ParNew: 59008K->6528K(59008K), 0.0601383 secs] 5415579K->5370852K(25159296K), 0.0604953 secs] [Times: user=0.69 sys=0.01, real=0.06 secs] 
2014-04-09T14:33:13.075+0900: 73.532: [GC (Allocation Failure) 73.532: [ParNew: 59008K->6528K(59008K), 0.0653296 secs] 5423332K->5379083K(25159296K), 0.0656785 secs] [Times: user=0.75 sys=0.01, real=0.06 secs] 
2014-04-09T14:33:13.180+0900: 73.637: [GC (Allocation Failure) 73.637: [ParNew: 59008K->6528K(59008K), 0.0580103 secs] 5431563K->5387706K(25159296K), 0.0583603 secs] [Times: user=0.65 sys=0.02, real=0.06 secs] 
2014-04-09T14:33:13.278+0900: 73.734: [GC (Allocation Failure) 73.735: [ParNew: 59008K->6528K(59008K), 0.0605416 secs] 5440186K->5396464K(25159296K), 0.0609063 secs] [Times: user=0.70 sys=0.00, real=0.06 secs] 
2014-04-09T14:33:13.376+0900: 73.833: [GC (Allocation Failure) 73.833: [ParNew: 59008K->6528K(59008K), 0.0609043 secs] 5448944K->5406004K(25159296K), 0.0612750 secs] [Times: user=0.69 sys=0.01, real=0.06 secs] 
2014-04-09T14:33:13.477+0900: 73.934: [GC (Allocation Failure) 73.934: [ParNew: 59008K->6528K(59008K), 0.0654556 secs] 5458484K->5413272K(25159296K), 0.0658189 secs] [Times: user=0.75 sys=0.01, real=0.06 secs] 
2014-04-09T14:33:13.584+0900: 74.041: [GC (Allocation Failure) 74.041: [ParNew: 59008K->6528K(59008K), 0.0622930 secs] 5465752K->5421802K(25159296K), 0.0626445 secs] [Times: user=0.71 sys=0.01, real=0.06 secs] 
2014-04-09T14:33:13.692+0900: 74.149: [GC (Allocation Failure) 74.149: [ParNew: 59008K->6528K(59008K), 0.0506335 secs] 5474282K->5430164K(25159296K), 0.0509754 secs] [Times: user=0.55 sys=0.01, real=0.05 secs] 
2014-04-09T14:33:13.783+0900: 74.240: [GC (Allocation Failure) 74.240: [ParNew: 59008K->6528K(59008K), 0.0584592 secs] 5482644K->5440191K(25159296K), 0.0588160 secs] [Times: user=0.65 sys=0.01, real=0.06 secs] 
2014-04-09T14:33:13.881+0900: 74.338: [GC (Allocation Failure) 74.338: [ParNew: 59008K->6528K(59008K), 0.0649542 secs] 5492671K->5449187K(25159296K), 0.0653003 secs] [Times: user=0.75 sys=0.01, real=0.07 secs] 
2014-04-09T14:33:13.986+0900: 74.443: [GC (Allocation Failure) 74.443: [ParNew: 59008K->6528K(59008K), 0.0615330 secs] 5501667K->5456734K(25159296K), 0.0618981 secs] [Times: user=0.71 sys=0.01, real=0.06 secs] 
2014-04-09T14:33:14.089+0900: 74.546: [GC (Allocation Failure) 74.546: [ParNew: 59008K->6528K(59008K), 0.0636886 secs] 5509214K->5465487K(25159296K), 0.0640441 secs] [Times: user=0.72 sys=0.01, real=0.06 secs] 
2014-04-09T14:33:14.191+0900: 74.648: [GC (Allocation Failure) 74.648: [ParNew: 59008K->6528K(59008K), 0.0632669 secs] 5517967K->5474588K(25159296K), 0.0636256 secs] [Times: user=0.73 sys=0.02, real=0.07 secs] 
2014-04-09T14:33:14.293+0900: 74.750: [GC (Allocation Failure) 74.750: [ParNew: 59008K->6528K(59008K), 0.0563203 secs] 5527068K->5483381K(25159296K), 0.0566783 secs] [Times: user=0.64 sys=0.01, real=0.05 secs] 
2014-04-09T14:33:14.390+0900: 74.846: [GC (Allocation Failure) 74.846: [ParNew: 59008K->6528K(59008K), 0.0643497 secs] 5535861K->5492919K(25159296K), 0.0647018 secs] [Times: user=0.72 sys=0.01, real=0.07 secs] 
2014-04-09T14:33:14.493+0900: 74.950: [GC (Allocation Failure) 74.950: [ParNew: 59008K->6528K(59008K), 0.0578974 secs] 5545399K->5501203K(25159296K), 0.0582577 secs] [Times: user=0.67 sys=0.00, real=0.06 secs] 
2014-04-09T14:33:14.597+0900: 75.054: [GC (Allocation Failure) 75.054: [ParNew: 59008K->6528K(59008K), 0.0588570 secs] 5553683K->5509802K(25159296K), 0.0591993 secs] [Times: user=0.68 sys=0.00, real=0.06 secs] 
2014-04-09T14:33:14.698+0900: 75.155: [GC (Allocation Failure) 75.155: [ParNew: 59008K->6528K(59008K), 0.0643950 secs] 5562282K->5519052K(25159296K), 0.0647376 secs] [Times: user=0.72 sys=0.02, real=0.06 secs] 
2014-04-09T14:33:14.801+0900: 75.257: [GC (Allocation Failure) 75.258: [ParNew: 59008K->6528K(59008K), 0.0566300 secs] 5571532K->5527500K(25159296K), 0.0569713 secs] [Times: user=0.65 sys=0.01, real=0.06 secs] 
2014-04-09T14:33:14.899+0900: 75.356: [GC (Allocation Failure) 75.356: [ParNew: 59007K->6528K(59008K), 0.0659024 secs] 5579980K->5535881K(25159296K), 0.0662453 secs] [Times: user=0.76 sys=0.01, real=0.07 secs] 
2014-04-09T14:33:15.009+0900: 75.466: [GC (Allocation Failure) 75.466: [ParNew: 59008K->6528K(59008K), 0.0603422 secs] 5588361K->5544279K(25159296K), 0.0606926 secs] [Times: user=0.67 sys=0.01, real=0.06 secs] 
2014-04-09T14:33:15.108+0900: 75.565: [GC (Allocation Failure) 75.565: [ParNew: 59008K->6528K(59008K), 0.0605967 secs] 5596759K->5553199K(25159296K), 0.0609528 secs] [Times: user=0.69 sys=0.01, real=0.06 secs] 
2014-04-09T14:33:15.210+0900: 75.667: [GC (Allocation Failure) 75.667: [ParNew: 59008K->6528K(59008K), 0.0587039 secs] 5605679K->5561953K(25159296K), 0.0590540 secs] [Times: user=0.65 sys=0.02, real=0.06 secs] 
2014-04-09T14:33:15.308+0900: 75.765: [GC (Allocation Failure) 75.765: [ParNew: 59008K->6528K(59008K), 0.0575460 secs] 5614433K->5570400K(25159296K), 0.0578947 secs] [Times: user=0.66 sys=0.01, real=0.06 secs] 
2014-04-09T14:33:15.405+0900: 75.862: [GC (Allocation Failure) 75.862: [ParNew: 59008K->6528K(59008K), 0.0638608 secs] 5622880K->5579883K(25159296K), 0.0642131 secs] [Times: user=0.72 sys=0.02, real=0.06 secs] 
2014-04-09T14:33:15.509+0900: 75.966: [GC (Allocation Failure) 75.966: [ParNew: 59008K->6528K(59008K), 0.0598963 secs] 5632363K->5588127K(25159296K), 0.0602460 secs] [Times: user=0.69 sys=0.01, real=0.06 secs] 
2014-04-09T14:33:15.610+0900: 76.067: [GC (Allocation Failure) 76.067: [ParNew: 59008K->6528K(59008K), 0.0637521 secs] 5640607K->5596924K(25159296K), 0.0641011 secs] [Times: user=0.73 sys=0.00, real=0.06 secs] 
2014-04-09T14:33:15.712+0900: 76.169: [GC (Allocation Failure) 76.169: [ParNew: 59008K->6528K(59008K), 0.0606717 secs] 5649404K->5605672K(25159296K), 0.0610226 secs] [Times: user=0.70 sys=0.01, real=0.06 secs] 
2014-04-09T14:33:15.816+0900: 76.273: [GC (Allocation Failure) 76.273: [ParNew: 59008K->6528K(59008K), 0.0586705 secs] 5658152K->5614874K(25159296K), 0.0590172 secs] [Times: user=0.67 sys=0.01, real=0.06 secs] 
2014-04-09T14:33:15.917+0900: 76.374: [GC (Allocation Failure) 76.374: [ParNew: 59008K->6528K(59008K), 0.0636420 secs] 5667354K->5623238K(25159296K), 0.0639921 secs] [Times: user=0.74 sys=0.01, real=0.06 secs] 
2014-04-09T14:33:16.018+0900: 76.475: [GC (Allocation Failure) 76.475: [ParNew: 59008K->6528K(59008K), 0.0613995 secs] 5675718K->5631305K(25159296K), 0.0617562 secs] [Times: user=0.71 sys=0.01, real=0.06 secs] 
2014-04-09T14:33:16.119+0900: 76.576: [GC (Allocation Failure) 76.576: [ParNew: 59008K->6528K(59008K), 0.0643503 secs] 5683785K->5639850K(25159296K), 0.0647046 secs] [Times: user=0.74 sys=0.00, real=0.06 secs] 
2014-04-09T14:33:16.223+0900: 76.680: [GC (Allocation Failure) 76.680: [ParNew: 59008K->6528K(59008K), 0.0579429 secs] 5692330K->5648741K(25159296K), 0.0582946 secs] [Times: user=0.65 sys=0.01, real=0.06 secs] 
2014-04-09T14:33:16.322+0900: 76.779: [GC (Allocation Failure) 76.779: [ParNew: 59008K->6528K(59008K), 0.0590956 secs] 5701221K->5657538K(25159296K), 0.0594454 secs] [Times: user=0.62 sys=0.01, real=0.06 secs] 
2014-04-09T14:33:16.420+0900: 76.877: [GC (Allocation Failure) 76.877: [ParNew: 59008K->6528K(59008K), 0.0646818 secs] 5710018K->5665972K(25159296K), 0.0650296 secs] [Times: user=0.73 sys=0.01, real=0.07 secs] 
2014-04-09T14:33:16.525+0900: 76.982: [GC (Allocation Failure) 76.982: [ParNew: 59008K->6528K(59008K), 0.0566812 secs] 5718452K->5673763K(25159296K), 0.0570459 secs] [Times: user=0.65 sys=0.01, real=0.05 secs] 
2014-04-09T14:33:16.622+0900: 77.078: [GC (Allocation Failure) 77.079: [ParNew: 59008K->6528K(59008K), 0.0582254 secs] 5726243K->5682482K(25159296K), 0.0585943 secs] [Times: user=0.66 sys=0.01, real=0.06 secs] 
2014-04-09T14:33:16.719+0900: 77.176: [GC (Allocation Failure) 77.176: [ParNew: 59008K->6528K(59008K), 0.0621534 secs] 5734962K->5691258K(25159296K), 0.0625057 secs] [Times: user=0.71 sys=0.01, real=0.06 secs] 
2014-04-09T14:33:16.821+0900: 77.277: [GC (Allocation Failure) 77.278: [ParNew: 59008K->6528K(59008K), 0.0597279 secs] 5743738K->5700396K(25159296K), 0.0600795 secs] [Times: user=0.69 sys=0.01, real=0.06 secs] 
2014-04-09T14:33:16.921+0900: 77.378: [GC (Allocation Failure) 77.378: [ParNew: 59008K->6528K(59008K), 0.0592732 secs] 5752876K->5708547K(25159296K), 0.0596229 secs] [Times: user=0.68 sys=0.01, real=0.06 secs] 
2014-04-09T14:33:17.021+0900: 77.478: [GC (Allocation Failure) 77.478: [ParNew: 59008K->6528K(59008K), 0.0629864 secs] 5761027K->5716612K(25159296K), 0.0633356 secs] [Times: user=0.71 sys=0.01, real=0.07 secs] 
2014-04-09T14:33:17.123+0900: 77.580: [GC (Allocation Failure) 77.580: [ParNew: 59008K->6528K(59008K), 0.0614181 secs] 5769092K->5725306K(25159296K), 0.0617742 secs] [Times: user=0.70 sys=0.02, real=0.07 secs] 
2014-04-09T14:33:17.225+0900: 77.682: [GC (Allocation Failure) 77.682: [ParNew: 59008K->6528K(59008K), 0.0615729 secs] 5777786K->5734380K(25159296K), 0.0619266 secs] [Times: user=0.70 sys=0.00, real=0.06 secs] 
2014-04-09T14:33:17.330+0900: 77.787: [GC (Allocation Failure) 77.787: [ParNew: 59008K->6528K(59008K), 0.0577401 secs] 5786860K->5742619K(25159296K), 0.0580792 secs] [Times: user=0.66 sys=0.01, real=0.06 secs] 
2014-04-09T14:33:17.428+0900: 77.885: [GC (Allocation Failure) 77.885: [ParNew: 59008K->6528K(59008K), 0.0591844 secs] 5795099K->5751801K(25159296K), 0.0595438 secs] [Times: user=0.67 sys=0.02, real=0.06 secs] 
2014-04-09T14:33:17.526+0900: 77.983: [GC (Allocation Failure) 77.983: [ParNew: 59008K->6528K(59008K), 0.0580539 secs] 5804281K->5759203K(25159296K), 0.0584086 secs] [Times: user=0.66 sys=0.01, real=0.06 secs] 
2014-04-09T14:33:17.623+0900: 78.080: [GC (Allocation Failure) 78.080: [ParNew: 59008K->6528K(59008K), 0.0626560 secs] 5811683K->5768438K(25159296K), 0.0630145 secs] [Times: user=0.72 sys=0.01, real=0.07 secs] 
2014-04-09T14:33:17.726+0900: 78.183: [GC (Allocation Failure) 78.183: [ParNew: 59008K->6528K(59008K), 0.0603359 secs] 5820918K->5777305K(25159296K), 0.0606883 secs] [Times: user=0.68 sys=0.01, real=0.06 secs] 
2014-04-09T14:33:17.826+0900: 78.283: [GC (Allocation Failure) 78.283: [ParNew: 59008K->6528K(59008K), 0.0607871 secs] 5829785K->5786251K(25159296K), 0.0611606 secs] [Times: user=0.71 sys=0.01, real=0.06 secs] 
2014-04-09T14:33:17.928+0900: 78.385: [GC (Allocation Failure) 78.385: [ParNew: 59008K->6528K(59008K), 0.0585625 secs] 5838731K->5795240K(25159296K), 0.0589132 secs] [Times: user=0.67 sys=0.01, real=0.06 secs] 
2014-04-09T14:33:18.027+0900: 78.484: [GC (Allocation Failure) 78.484: [ParNew: 59008K->6528K(59008K), 0.0567395 secs] 5847720K->5803557K(25159296K), 0.0570877 secs] [Times: user=0.65 sys=0.01, real=0.05 secs] 
2014-04-09T14:33:18.122+0900: 78.579: [GC (Allocation Failure) 78.579: [ParNew: 59008K->6528K(59008K), 0.0560408 secs] 5856037K->5812408K(25159296K), 0.0563988 secs] [Times: user=0.64 sys=0.02, real=0.06 secs] 
2014-04-09T14:33:18.218+0900: 78.675: [GC (Allocation Failure) 78.675: [ParNew: 59008K->6528K(59008K), 0.0613815 secs] 5864888K->5821348K(25159296K), 0.0617313 secs] [Times: user=0.72 sys=0.01, real=0.06 secs] 
2014-04-09T14:33:18.318+0900: 78.775: [GC (Allocation Failure) 78.775: [ParNew: 59008K->6528K(59008K), 0.0653388 secs] 5873828K->5829848K(25159296K), 0.0656972 secs] [Times: user=0.75 sys=0.01, real=0.06 secs] 
2014-04-09T14:33:18.423+0900: 78.880: [GC (Allocation Failure) 78.880: [ParNew: 59008K->6528K(59008K), 0.0619726 secs] 5882328K->5838065K(25159296K), 0.0623207 secs] [Times: user=0.70 sys=0.02, real=0.07 secs] 
2014-04-09T14:33:18.524+0900: 78.981: [GC (Allocation Failure) 78.981: [ParNew: 59008K->6528K(59008K), 0.0538615 secs] 5890545K->5846643K(25159296K), 0.0542250 secs] [Times: user=0.60 sys=0.01, real=0.06 secs] 
2014-04-09T14:33:18.618+0900: 79.074: [GC (Allocation Failure) 79.075: [ParNew: 59008K->6528K(59008K), 0.0554823 secs] 5899123K->5855362K(25159296K), 0.0558369 secs] [Times: user=0.63 sys=0.01, real=0.05 secs] 
2014-04-09T14:33:18.713+0900: 79.170: [GC (Allocation Failure) 79.170: [ParNew: 59008K->6528K(59008K), 0.0616655 secs] 5907842K->5865168K(25159296K), 0.0620169 secs] [Times: user=0.71 sys=0.01, real=0.07 secs] 
2014-04-09T14:33:18.813+0900: 79.270: [GC (Allocation Failure) 79.270: [ParNew: 59008K->6528K(59008K), 0.0549219 secs] 5917648K->5873179K(25159296K), 0.0552716 secs] [Times: user=0.63 sys=0.01, real=0.06 secs] 
2014-04-09T14:33:18.908+0900: 79.365: [GC (Allocation Failure) 79.365: [ParNew: 59008K->6528K(59008K), 0.0566036 secs] 5925659K->5882186K(25159296K), 0.0569552 secs] [Times: user=0.65 sys=0.01, real=0.06 secs] 
2014-04-09T14:33:19.004+0900: 79.461: [GC (Allocation Failure) 79.461: [ParNew: 59008K->6528K(59008K), 0.0597081 secs] 5934666K->5890553K(25159296K), 0.0600498 secs] [Times: user=0.69 sys=0.02, real=0.06 secs] 
2014-04-09T14:33:19.103+0900: 79.560: [GC (Allocation Failure) 79.560: [ParNew: 59008K->6528K(59008K), 0.0622508 secs] 5943033K->5898390K(25159296K), 0.0625978 secs] [Times: user=0.73 sys=0.01, real=0.07 secs] 
2014-04-09T14:33:19.205+0900: 79.662: [GC (Allocation Failure) 79.662: [ParNew: 59008K->6528K(59008K), 0.0588975 secs] 5950870K->5907922K(25159296K), 0.0592364 secs] [Times: user=0.68 sys=0.01, real=0.05 secs] 
2014-04-09T14:33:19.303+0900: 79.760: [GC (Allocation Failure) 79.760: [ParNew: 59008K->6528K(59008K), 0.0522656 secs] 5960402K->5915937K(25159296K), 0.0526063 secs] [Times: user=0.60 sys=0.01, real=0.06 secs] 
2014-04-09T14:33:19.395+0900: 79.852: [GC (Allocation Failure) 79.852: [ParNew: 59008K->6528K(59008K), 0.0569785 secs] 5968417K->5925718K(25159296K), 0.0573273 secs] [Times: user=0.65 sys=0.01, real=0.05 secs] 
2014-04-09T14:33:19.493+0900: 79.949: [GC (Allocation Failure) 79.950: [ParNew: 59008K->6528K(59008K), 0.0615236 secs] 5978198K->5934579K(25159296K), 0.0618789 secs] [Times: user=0.72 sys=0.01, real=0.07 secs] 
2014-04-09T14:33:19.598+0900: 80.054: [GC (Allocation Failure) 80.055: [ParNew: 59008K->6528K(59008K), 0.0585870 secs] 5987059K->5942186K(25159296K), 0.0589400 secs] [Times: user=0.70 sys=0.00, real=0.06 secs] 
2014-04-09T14:33:19.694+0900: 80.151: [GC (Allocation Failure) 80.151: [ParNew: 59008K->6528K(59008K), 0.0583842 secs] 5994666K->5951065K(25159296K), 0.0587335 secs] [Times: user=0.65 sys=0.02, real=0.05 secs] 
2014-04-09T14:33:19.792+0900: 80.248: [GC (Allocation Failure) 80.249: [ParNew: 59007K->6528K(59008K), 0.0576008 secs] 6003545K->5960589K(25159296K), 0.0579485 secs] [Times: user=0.65 sys=0.01, real=0.06 secs] 
2014-04-09T14:33:19.888+0900: 80.345: [GC (Allocation Failure) 80.345: [ParNew: 59008K->6528K(59008K), 0.0564411 secs] 6013069K->5969189K(25159296K), 0.0567921 secs] [Times: user=0.65 sys=0.01, real=0.06 secs] 
2014-04-09T14:33:19.984+0900: 80.441: [GC (Allocation Failure) 80.441: [ParNew: 59008K->6528K(59008K), 0.0613123 secs] 6021669K->5978006K(25159296K), 0.0616685 secs] [Times: user=0.72 sys=0.00, real=0.07 secs] 
2014-04-09T14:33:20.085+0900: 80.542: [GC (Allocation Failure) 80.542: [ParNew: 59008K->6528K(59008K), 0.0535477 secs] 6030486K->5985989K(25159296K), 0.0538971 secs] [Times: user=0.60 sys=0.01, real=0.05 secs] 
2014-04-09T14:33:20.177+0900: 80.634: [GC (Allocation Failure) 80.634: [ParNew: 59008K->6528K(59008K), 0.0609891 secs] 6038469K->5995303K(25159296K), 0.0613468 secs] [Times: user=0.70 sys=0.01, real=0.06 secs] 
2014-04-09T14:33:20.277+0900: 80.734: [GC (Allocation Failure) 80.734: [ParNew: 59008K->6528K(59008K), 0.0565894 secs] 6047783K->6003875K(25159296K), 0.0569403 secs] [Times: user=0.64 sys=0.00, real=0.05 secs] 
2014-04-09T14:33:20.373+0900: 80.829: [GC (Allocation Failure) 80.830: [ParNew: 59008K->6528K(59008K), 0.0586153 secs] 6056355K->6013087K(25159296K), 0.0589669 secs] [Times: user=0.69 sys=0.00, real=0.06 secs] 
2014-04-09T14:33:20.470+0900: 80.927: [GC (Allocation Failure) 80.927: [ParNew: 59008K->6528K(59008K), 0.0527563 secs] 6065567K->6022042K(25159296K), 0.0531037 secs] [Times: user=0.61 sys=0.01, real=0.05 secs] 
2014-04-09T14:33:20.562+0900: 81.019: [GC (Allocation Failure) 81.019: [ParNew: 59008K->6528K(59008K), 0.0588782 secs] 6074522K->6029823K(25159296K), 0.0592323 secs] [Times: user=0.69 sys=0.01, real=0.06 secs] 
2014-04-09T14:33:20.661+0900: 81.118: [GC (Allocation Failure) 81.118: [ParNew: 59008K->6528K(59008K), 0.0599118 secs] 6082303K->6038052K(25159296K), 0.0602638 secs] [Times: user=0.70 sys=0.00, real=0.06 secs] 
2014-04-09T14:33:20.761+0900: 81.218: [GC (Allocation Failure) 81.218: [ParNew: 59008K->6528K(59008K), 0.0635517 secs] 6090532K->6047158K(25159296K), 0.0639033 secs] [Times: user=0.74 sys=0.01, real=0.07 secs] 
2014-04-09T14:33:20.868+0900: 81.325: [GC (Allocation Failure) 81.325: [ParNew: 59008K->6528K(59008K), 0.0593046 secs] 6099638K->6055924K(25159296K), 0.0596459 secs] [Times: user=0.69 sys=0.01, real=0.06 secs] 
2014-04-09T14:33:20.968+0900: 81.425: [GC (Allocation Failure) 81.425: [ParNew: 59008K->6528K(59008K), 0.0629893 secs] 6108404K->6064806K(25159296K), 0.0633352 secs] [Times: user=0.74 sys=0.01, real=0.06 secs] 
2014-04-09T14:33:21.071+0900: 81.528: [GC (Allocation Failure) 81.528: [ParNew: 59008K->6528K(59008K), 0.0578081 secs] 6117286K->6073298K(25159296K), 0.0581513 secs] [Times: user=0.67 sys=0.01, real=0.06 secs] 
2014-04-09T14:33:21.166+0900: 81.623: [GC (Allocation Failure) 81.623: [ParNew: 59008K->6528K(59008K), 0.0570014 secs] 6125778K->6081779K(25159296K), 0.0573545 secs] [Times: user=0.67 sys=0.01, real=0.05 secs] 
2014-04-09T14:33:21.265+0900: 81.721: [GC (Allocation Failure) 81.722: [ParNew: 59008K->6528K(59008K), 0.0575262 secs] 6134259K->6090401K(25159296K), 0.0578667 secs] [Times: user=0.67 sys=0.01, real=0.05 secs] 
2014-04-09T14:33:21.361+0900: 81.818: [GC (Allocation Failure) 81.818: [ParNew: 59008K->6528K(59008K), 0.0584930 secs] 6142881K->6099514K(25159296K), 0.0588360 secs] [Times: user=0.67 sys=0.01, real=0.06 secs] 
2014-04-09T14:33:21.458+0900: 81.915: [GC (Allocation Failure) 81.915: [ParNew: 59008K->6528K(59008K), 0.0594562 secs] 6151994K->6108705K(25159296K), 0.0597974 secs] [Times: user=0.68 sys=0.01, real=0.06 secs] 
2014-04-09T14:33:21.556+0900: 82.013: [GC (Allocation Failure) 82.013: [ParNew: 58934K->6528K(59008K), 0.0569633 secs] 6161112K->6116740K(25159296K), 0.0573044 secs] [Times: user=0.66 sys=0.01, real=0.05 secs] 
2014-04-09T14:33:21.653+0900: 82.110: [GC (Allocation Failure) 82.110: [ParNew: 59008K->6527K(59008K), 0.0615167 secs] 6169220K->6125471K(25159296K), 0.0618643 secs] [Times: user=0.71 sys=0.02, real=0.07 secs] 
2014-04-09T14:33:21.756+0900: 82.213: [GC (Allocation Failure) 82.213: [ParNew: 59007K->6528K(59008K), 0.0555163 secs] 6177951K->6133831K(25159296K), 0.0558654 secs] [Times: user=0.65 sys=0.00, real=0.05 secs] 
2014-04-09T14:33:21.850+0900: 82.307: [GC (Allocation Failure) 82.307: [ParNew: 59008K->6528K(59008K), 0.0511223 secs] 6186311K->6143341K(25159296K), 0.0514893 secs] [Times: user=0.57 sys=0.00, real=0.05 secs] 
2014-04-09T14:33:21.940+0900: 82.397: [GC (Allocation Failure) 82.397: [ParNew: 59008K->6528K(59008K), 0.0560230 secs] 6195821K->6151812K(25159296K), 0.0563657 secs] [Times: user=0.65 sys=0.01, real=0.06 secs] 
2014-04-09T14:33:22.035+0900: 82.491: [GC (Allocation Failure) 82.492: [ParNew: 58993K->6528K(59008K), 0.0618589 secs] 6204277K->6161038K(25159296K), 0.0622001 secs] [Times: user=0.71 sys=0.01, real=0.06 secs] 
2014-04-09T14:33:22.137+0900: 82.593: [GC (Allocation Failure) 82.594: [ParNew: 59008K->6528K(59008K), 0.0558419 secs] 6213518K->6169314K(25159296K), 0.0561820 secs] [Times: user=0.64 sys=0.01, real=0.05 secs] 
2014-04-09T14:33:22.230+0900: 82.687: [GC (Allocation Failure) 82.687: [ParNew: 59008K->6528K(59008K), 0.0565115 secs] 6221794K->6177318K(25159296K), 0.0568607 secs] [Times: user=0.65 sys=0.00, real=0.06 secs] 
2014-04-09T14:33:22.326+0900: 82.783: [GC (Allocation Failure) 82.783: [ParNew: 59008K->6528K(59008K), 0.0617386 secs] 6229798K->6187304K(25159296K), 0.0620948 secs] [Times: user=0.70 sys=0.02, real=0.06 secs] 
2014-04-09T14:33:22.431+0900: 82.888: [GC (Allocation Failure) 82.888: [ParNew: 59008K->6528K(59008K), 0.0562841 secs] 6239784K->6195437K(25159296K), 0.0566455 secs] [Times: user=0.65 sys=0.01, real=0.06 secs] 
2014-04-09T14:33:22.527+0900: 82.983: [GC (Allocation Failure) 82.984: [ParNew: 59008K->6528K(59008K), 0.0554246 secs] 6247917K->6203705K(25159296K), 0.0557799 secs] [Times: user=0.64 sys=0.01, real=0.05 secs] 
2014-04-09T14:33:22.626+0900: 83.083: [GC (Allocation Failure) 83.083: [ParNew: 59008K->6528K(59008K), 0.0646040 secs] 6256185K->6223672K(25159296K), 0.0649711 secs] [Times: user=0.74 sys=0.01, real=0.06 secs] 
2014-04-09T14:33:22.740+0900: 83.197: [GC (Allocation Failure) 83.197: [ParNew: 59008K->6528K(59008K), 0.0672596 secs] 6276152K->6236609K(25159296K), 0.0676163 secs] [Times: user=0.79 sys=0.00, real=0.07 secs] 
2014-04-09T14:33:22.853+0900: 83.310: [GC (Allocation Failure) 83.310: [ParNew: 59008K->6528K(59008K), 0.0586528 secs] 6289089K->6244843K(25159296K), 0.0590302 secs] [Times: user=0.68 sys=0.01, real=0.06 secs] 
2014-04-09T14:33:22.963+0900: 83.420: [GC (Allocation Failure) 83.420: [ParNew: 59008K->6528K(59008K), 0.0689597 secs] 6297323K->6259292K(25159296K), 0.0693186 secs] [Times: user=0.80 sys=0.01, real=0.07 secs] 
2014-04-09T14:33:23.071+0900: 83.528: [GC (Allocation Failure) 83.528: [ParNew: 58977K->6528K(59008K), 0.0566731 secs] 6311742K->6268253K(25159296K), 0.0570368 secs] [Times: user=0.66 sys=0.01, real=0.06 secs] 
2014-04-09T14:33:23.169+0900: 83.626: [GC (Allocation Failure) 83.626: [ParNew: 59008K->6528K(59008K), 0.0578575 secs] 6320733K->6276031K(25159296K), 0.0582282 secs] [Times: user=0.68 sys=0.00, real=0.06 secs] 
2014-04-09T14:33:23.270+0900: 83.727: [GC (Allocation Failure) 83.727: [ParNew: 59008K->6528K(59008K), 0.0595782 secs] 6328511K->6285810K(25159296K), 0.0599433 secs] [Times: user=0.70 sys=0.01, real=0.06 secs] 
2014-04-09T14:33:23.369+0900: 83.826: [GC (Allocation Failure) 83.826: [ParNew: 59008K->6528K(59008K), 0.0512055 secs] 6338290K->6293724K(25159296K), 0.0515766 secs] [Times: user=0.59 sys=0.00, real=0.05 secs] 
2014-04-09T14:33:23.460+0900: 83.916: [GC (Allocation Failure) 83.917: [ParNew: 59008K->6528K(59008K), 0.0653772 secs] 6346204K->6303305K(25159296K), 0.0657368 secs] [Times: user=0.77 sys=0.01, real=0.07 secs] 
2014-04-09T14:33:23.564+0900: 84.021: [GC (Allocation Failure) 84.021: [ParNew: 59008K->6528K(59008K), 0.0530827 secs] 6355785K->6311774K(25159296K), 0.0534348 secs] [Times: user=0.61 sys=0.01, real=0.06 secs] 
2014-04-09T14:33:23.661+0900: 84.118: [GC (Allocation Failure) 84.118: [ParNew: 59008K->6528K(59008K), 0.0578943 secs] 6364254K->6319528K(25159296K), 0.0582444 secs] [Times: user=0.67 sys=0.00, real=0.06 secs] 
2014-04-09T14:33:23.759+0900: 84.216: [GC (Allocation Failure) 84.216: [ParNew: 59008K->6528K(59008K), 0.0639436 secs] 6372008K->6328045K(25159296K), 0.0643062 secs] [Times: user=0.73 sys=0.02, real=0.06 secs] 
2014-04-09T14:33:23.862+0900: 84.319: [GC (Allocation Failure) 84.319: [ParNew: 59008K->6528K(59008K), 0.0634338 secs] 6380525K->6337669K(25159296K), 0.0637947 secs] [Times: user=0.73 sys=0.01, real=0.07 secs] 
2014-04-09T14:33:23.968+0900: 84.425: [GC (Allocation Failure) 84.425: [ParNew: 59008K->6528K(59008K), 0.0600582 secs] 6390149K->6346317K(25159296K), 0.0604137 secs] [Times: user=0.70 sys=0.01, real=0.06 secs] 
2014-04-09T14:33:24.067+0900: 84.524: [GC (Allocation Failure) 84.524: [ParNew: 59008K->6528K(59008K), 0.0577886 secs] 6398797K->6354733K(25159296K), 0.0581528 secs] [Times: user=0.66 sys=0.00, real=0.06 secs] 
2014-04-09T14:33:24.164+0900: 84.620: [GC (Allocation Failure) 84.621: [ParNew: 59008K->6528K(59008K), 0.0560406 secs] 6407213K->6363538K(25159296K), 0.0564012 secs] [Times: user=0.64 sys=0.00, real=0.06 secs] 
2014-04-09T14:33:24.258+0900: 84.714: [GC (Allocation Failure) 84.715: [ParNew: 59008K->6528K(59008K), 0.0586692 secs] 6416018K->6371845K(25159296K), 0.0590338 secs] [Times: user=0.69 sys=0.00, real=0.06 secs] 
2014-04-09T14:33:24.357+0900: 84.814: [GC (Allocation Failure) 84.814: [ParNew: 59008K->6528K(59008K), 0.0600099 secs] 6424325K->6380551K(25159296K), 0.0603795 secs] [Times: user=0.66 sys=0.00, real=0.06 secs] 
2014-04-09T14:33:24.456+0900: 84.912: [GC (Allocation Failure) 84.913: [ParNew: 59008K->6528K(59008K), 0.0625415 secs] 6433031K->6390274K(25159296K), 0.0629027 secs] [Times: user=0.70 sys=0.00, real=0.06 secs] 
2014-04-09T14:33:24.558+0900: 85.014: [GC (Allocation Failure) 85.015: [ParNew: 59008K->6528K(59008K), 0.0633009 secs] 6442754K->6397906K(25159296K), 0.0636643 secs] [Times: user=0.73 sys=0.03, real=0.06 secs] 
2014-04-09T14:33:24.675+0900: 85.132: [GC (Allocation Failure) 85.132: [ParNew: 59008K->6528K(59008K), 0.0653570 secs] 6450386K->6406131K(25159296K), 0.0657218 secs] [Times: user=0.77 sys=0.02, real=0.06 secs] 
2014-04-09T14:33:24.783+0900: 85.239: [GC (Allocation Failure) 85.240: [ParNew: 59008K->6528K(59008K), 0.0557688 secs] 6458611K->6415269K(25159296K), 0.0561326 secs] [Times: user=0.64 sys=0.01, real=0.06 secs] 
2014-04-09T14:33:24.879+0900: 85.336: [GC (Allocation Failure) 85.336: [ParNew: 59008K->6528K(59008K), 0.0610515 secs] 6467749K->6423973K(25159296K), 0.0615020 secs] [Times: user=0.73 sys=0.02, real=0.06 secs] 
2014-04-09T14:33:24.981+0900: 85.438: [GC (Allocation Failure) 85.438: [ParNew: 59008K->6528K(59008K), 0.0608565 secs] 6476453K->6432803K(25159296K), 0.0612380 secs] [Times: user=0.75 sys=0.01, real=0.06 secs] 
2014-04-09T14:33:25.088+0900: 85.545: [GC (Allocation Failure) 85.545: [ParNew: 59008K->6528K(59008K), 0.0594226 secs] 6485283K->6441483K(25159296K), 0.0597813 secs] [Times: user=0.76 sys=0.01, real=0.06 secs] 
2014-04-09T14:33:25.190+0900: 85.647: [GC (Allocation Failure) 85.647: [ParNew: 59008K->6528K(59008K), 0.0599170 secs] 6493963K->6448910K(25159296K), 0.0602802 secs] [Times: user=0.74 sys=0.01, real=0.06 secs] 
2014-04-09T14:33:25.291+0900: 85.747: [GC (Allocation Failure) 85.748: [ParNew: 59008K->6528K(59008K), 0.0605207 secs] 6501390K->6457978K(25159296K), 0.0608867 secs] [Times: user=0.70 sys=0.02, real=0.06 secs] 
2014-04-09T14:33:25.394+0900: 85.850: [GC (Allocation Failure) 85.851: [ParNew: 59008K->6528K(59008K), 0.0600895 secs] 6510458K->6466857K(25159296K), 0.0604442 secs] [Times: user=0.69 sys=0.01, real=0.06 secs] 
2014-04-09T14:33:25.493+0900: 85.950: [GC (Allocation Failure) 85.950: [ParNew: 59008K->6528K(59008K), 0.0579051 secs] 6519337K->6475627K(25159296K), 0.0582573 secs] [Times: user=0.69 sys=0.00, real=0.06 secs] 
2014-04-09T14:33:25.594+0900: 86.051: [GC (Allocation Failure) 86.051: [ParNew: 59008K->6528K(59008K), 0.0606164 secs] 6528107K->6484039K(25159296K), 0.0609780 secs] [Times: user=0.71 sys=0.01, real=0.07 secs] 
2014-04-09T14:33:25.697+0900: 86.154: [GC (Allocation Failure) 86.154: [ParNew: 59008K->6528K(59008K), 0.0579074 secs] 6536519K->6492686K(25159296K), 0.0582601 secs] [Times: user=0.66 sys=0.02, real=0.05 secs] 
2014-04-09T14:33:25.793+0900: 86.250: [GC (Allocation Failure) 86.250: [ParNew: 59008K->6528K(59008K), 0.0520993 secs] 6545166K->6501468K(25159296K), 0.0524629 secs] [Times: user=0.58 sys=0.01, real=0.06 secs] 
2014-04-09T14:33:25.884+0900: 86.341: [GC (Allocation Failure) 86.341: [ParNew: 59008K->6528K(59008K), 0.0570952 secs] 6553948K->6510051K(25159296K), 0.0574643 secs] [Times: user=0.64 sys=0.02, real=0.06 secs] 
2014-04-09T14:33:25.985+0900: 86.442: [GC (Allocation Failure) 86.442: [ParNew: 59008K->6528K(59008K), 0.0527434 secs] 6562531K->6518509K(25159296K), 0.0531070 secs] [Times: user=0.60 sys=0.01, real=0.06 secs] 
2014-04-09T14:33:26.083+0900: 86.540: [GC (Allocation Failure) 86.540: [ParNew: 59008K->6528K(59008K), 0.0542960 secs] 6570989K->6527544K(25159296K), 0.0546523 secs] [Times: user=0.63 sys=0.01, real=0.06 secs] 
2014-04-09T14:33:26.176+0900: 86.633: [GC (Allocation Failure) 86.633: [ParNew: 59008K->6528K(59008K), 0.0598845 secs] 6580024K->6535389K(25159296K), 0.0602634 secs] [Times: user=0.70 sys=0.01, real=0.06 secs] 
2014-04-09T14:33:26.279+0900: 86.736: [GC (Allocation Failure) 86.736: [ParNew: 59008K->6528K(59008K), 0.0583232 secs] 6587869K->6543984K(25159296K), 0.0587014 secs] [Times: user=0.68 sys=0.00, real=0.06 secs] 
2014-04-09T14:33:26.380+0900: 86.837: [GC (Allocation Failure) 86.837: [ParNew: 59008K->6528K(59008K), 0.0574692 secs] 6596464K->6552571K(25159296K), 0.0578256 secs] [Times: user=0.66 sys=0.01, real=0.06 secs] 
2014-04-09T14:33:26.479+0900: 86.935: [GC (Allocation Failure) 86.936: [ParNew: 59008K->6528K(59008K), 0.0616733 secs] 6605051K->6561116K(25159296K), 0.0620309 secs] [Times: user=0.73 sys=0.00, real=0.06 secs] 
2014-04-09T14:33:26.579+0900: 87.036: [GC (Allocation Failure) 87.036: [ParNew: 59008K->6528K(59008K), 0.0591694 secs] 6613596K->6569724K(25159296K), 0.0595256 secs] [Times: user=0.68 sys=0.01, real=0.06 secs] 
2014-04-09T14:33:26.678+0900: 87.134: [GC (Allocation Failure) 87.135: [ParNew: 59008K->6528K(59008K), 0.0566917 secs] 6622204K->6577006K(25159296K), 0.0570477 secs] [Times: user=0.68 sys=0.01, real=0.05 secs] 
2014-04-09T14:33:26.774+0900: 87.231: [GC (Allocation Failure) 87.231: [ParNew: 59008K->6528K(59008K), 0.0567277 secs] 6629486K->6586145K(25159296K), 0.0570817 secs] [Times: user=0.66 sys=0.01, real=0.06 secs] 
2014-04-09T14:33:26.871+0900: 87.328: [GC (Allocation Failure) 87.328: [ParNew: 59008K->6528K(59008K), 0.0584752 secs] 6638625K->6594703K(25159296K), 0.0588410 secs] [Times: user=0.67 sys=0.02, real=0.06 secs] 
2014-04-09T14:33:26.972+0900: 87.429: [GC (Allocation Failure) 87.429: [ParNew: 59008K->6528K(59008K), 0.0593289 secs] 6647183K->6604024K(25159296K), 0.0596835 secs] [Times: user=0.68 sys=0.01, real=0.06 secs] 
2014-04-09T14:33:27.071+0900: 87.528: [GC (Allocation Failure) 87.528: [ParNew: 59008K->6528K(59008K), 0.0573001 secs] 6656504K->6612729K(25159296K), 0.0576561 secs] [Times: user=0.66 sys=0.01, real=0.06 secs] 
2014-04-09T14:33:27.168+0900: 87.625: [GC (Allocation Failure) 87.625: [ParNew: 59008K->6528K(59008K), 0.0540606 secs] 6665209K->6620010K(25159296K), 0.0544164 secs] [Times: user=0.62 sys=0.01, real=0.05 secs] 
2014-04-09T14:33:27.260+0900: 87.716: [GC (Allocation Failure) 87.717: [ParNew: 59008K->6528K(59008K), 0.0562659 secs] 6672490K->6629226K(25159296K), 0.0566289 secs] [Times: user=0.65 sys=0.01, real=0.06 secs] 
2014-04-09T14:33:27.354+0900: 87.810: [GC (Allocation Failure) 87.811: [ParNew: 59008K->6528K(59008K), 0.0617664 secs] 6681706K->6637651K(25159296K), 0.0621213 secs] [Times: user=0.72 sys=0.00, real=0.07 secs] 
2014-04-09T14:33:27.455+0900: 87.912: [GC (Allocation Failure) 87.912: [ParNew: 59008K->6528K(59008K), 0.0613784 secs] 6690131K->6647194K(25159296K), 0.0617333 secs] [Times: user=0.71 sys=0.02, real=0.07 secs] 
2014-04-09T14:33:27.554+0900: 88.011: [GC (Allocation Failure) 88.011: [ParNew: 59008K->6528K(59008K), 0.0597792 secs] 6699674K->6656411K(25159296K), 0.0601345 secs] [Times: user=0.68 sys=0.01, real=0.06 secs] 
2014-04-09T14:33:27.655+0900: 88.112: [GC (Allocation Failure) 88.112: [ParNew: 59008K->6528K(59008K), 0.0556371 secs] 6708891K->6665000K(25159296K), 0.0560210 secs] [Times: user=0.65 sys=0.00, real=0.06 secs] 
2014-04-09T14:33:27.750+0900: 88.207: [GC (Allocation Failure) 88.207: [ParNew: 59008K->6528K(59008K), 0.0620912 secs] 6717480K->6672914K(25159296K), 0.0624528 secs] [Times: user=0.73 sys=0.01, real=0.06 secs] 
2014-04-09T14:33:27.856+0900: 88.313: [GC (Allocation Failure) 88.313: [ParNew: 59008K->6528K(59008K), 0.0647339 secs] 6725394K->6682107K(25159296K), 0.0650925 secs] [Times: user=0.76 sys=0.02, real=0.06 secs] 
2014-04-09T14:33:27.963+0900: 88.419: [GC (Allocation Failure) 88.420: [ParNew: 59008K->6528K(59008K), 0.0554274 secs] 6734587K->6690805K(25159296K), 0.0557958 secs] [Times: user=0.65 sys=0.00, real=0.06 secs] 
2014-04-09T14:33:28.060+0900: 88.517: [GC (Allocation Failure) 88.517: [ParNew: 59007K->6528K(59008K), 0.0629670 secs] 6743285K->6699511K(25159296K), 0.0633188 secs] [Times: user=0.74 sys=0.00, real=0.06 secs] 
2014-04-09T14:33:28.163+0900: 88.619: [GC (Allocation Failure) 88.619: [ParNew: 59008K->6528K(59008K), 0.0629138 secs] 6751991K->6708258K(25159296K), 0.0632674 secs] [Times: user=0.74 sys=0.01, real=0.07 secs] 
2014-04-09T14:33:28.265+0900: 88.722: [GC (Allocation Failure) 88.722: [ParNew: 59008K->6528K(59008K), 0.0627364 secs] 6760738K->6716885K(25159296K), 0.0630932 secs] [Times: user=0.73 sys=0.01, real=0.06 secs] 
2014-04-09T14:33:28.369+0900: 88.825: [GC (Allocation Failure) 88.826: [ParNew: 59008K->6528K(59008K), 0.0562598 secs] 6769365K->6724907K(25159296K), 0.0566137 secs] [Times: user=0.65 sys=0.00, real=0.05 secs] 
2014-04-09T14:33:28.463+0900: 88.920: [GC (Allocation Failure) 88.920: [ParNew: 59008K->6528K(59008K), 0.0592470 secs] 6777387K->6734070K(25159296K), 0.0596110 secs] [Times: user=0.69 sys=0.01, real=0.06 secs] 
2014-04-09T14:33:28.562+0900: 89.018: [GC (Allocation Failure) 89.019: [ParNew: 59008K->6528K(59008K), 0.0582526 secs] 6786550K->6742734K(25159296K), 0.0586068 secs] [Times: user=0.67 sys=0.01, real=0.06 secs] 
2014-04-09T14:33:28.663+0900: 89.120: [GC (Allocation Failure) 89.120: [ParNew: 59008K->6528K(59008K), 0.0560538 secs] 6795214K->6751714K(25159296K), 0.0564218 secs] [Times: user=0.65 sys=0.01, real=0.06 secs] 
2014-04-09T14:33:28.759+0900: 89.216: [GC (Allocation Failure) 89.216: [ParNew: 59008K->6528K(59008K), 0.0621247 secs] 6804194K->6759446K(25159296K), 0.0624777 secs] [Times: user=0.73 sys=0.02, real=0.06 secs] 
2014-04-09T14:33:28.864+0900: 89.321: [GC (Allocation Failure) 89.321: [ParNew: 59008K->6528K(59008K), 0.0580017 secs] 6811926K->6768584K(25159296K), 0.0583619 secs] [Times: user=0.67 sys=0.01, real=0.06 secs] 
2014-04-09T14:33:28.961+0900: 89.418: [GC (Allocation Failure) 89.418: [ParNew: 59008K->6528K(59008K), 0.0623277 secs] 6821064K->6776856K(25159296K), 0.0626814 secs] [Times: user=0.72 sys=0.02, real=0.06 secs] 
2014-04-09T14:33:29.068+0900: 89.525: [GC (Allocation Failure) 89.525: [ParNew: 59008K->6528K(59008K), 0.0578628 secs] 6829336K->6786089K(25159296K), 0.0582271 secs] [Times: user=0.66 sys=0.01, real=0.06 secs] 
2014-04-09T14:33:29.165+0900: 89.622: [GC (Allocation Failure) 89.622: [ParNew: 59008K->6528K(59008K), 0.0557573 secs] 6838569K->6795402K(25159296K), 0.0561257 secs] [Times: user=0.64 sys=0.02, real=0.06 secs] 
2014-04-09T14:33:29.261+0900: 89.717: [GC (Allocation Failure) 89.718: [ParNew: 59008K->6528K(59008K), 0.0626261 secs] 6847882K->6804048K(25159296K), 0.0629775 secs] [Times: user=0.73 sys=0.01, real=0.06 secs] 
2014-04-09T14:33:29.363+0900: 89.820: [GC (Allocation Failure) 89.820: [ParNew: 59008K->6528K(59008K), 0.0561699 secs] 6856528K->6812603K(25159296K), 0.0565358 secs] [Times: user=0.64 sys=0.01, real=0.06 secs] 
2014-04-09T14:33:29.456+0900: 89.913: [GC (Allocation Failure) 89.913: [ParNew: 59008K->6528K(59008K), 0.0611155 secs] 6865083K->6822218K(25159296K), 0.0614778 secs] [Times: user=0.71 sys=0.01, real=0.06 secs] 
2014-04-09T14:33:29.557+0900: 90.014: [GC (Allocation Failure) 90.014: [ParNew: 59008K->6528K(59008K), 0.0590425 secs] 6874698K->6830648K(25159296K), 0.0594070 secs] [Times: user=0.69 sys=0.01, real=0.05 secs] 
2014-04-09T14:33:29.659+0900: 90.116: [GC (Allocation Failure) 90.116: [ParNew: 59008K->6528K(59008K), 0.0540714 secs] 6883128K->6839537K(25159296K), 0.0544401 secs] [Times: user=0.62 sys=0.01, real=0.05 secs] 
2014-04-09T14:33:29.753+0900: 90.210: [GC (Allocation Failure) 90.210: [ParNew: 58988K->6528K(59008K), 0.0503378 secs] 6891997K->6847086K(25159296K), 0.0506944 secs] [Times: user=0.57 sys=0.01, real=0.05 secs] 
2014-04-09T14:33:29.847+0900: 90.304: [GC (Allocation Failure) 90.304: [ParNew: 59008K->6528K(59008K), 0.0524577 secs] 6899566K->6855569K(25159296K), 0.0528077 secs] [Times: user=0.60 sys=0.01, real=0.05 secs] 
2014-04-09T14:33:29.940+0900: 90.396: [GC (Allocation Failure) 90.397: [ParNew: 59008K->6528K(59008K), 0.0588889 secs] 6908049K->6864959K(25159296K), 0.0592415 secs] [Times: user=0.67 sys=0.01, real=0.06 secs] 
2014-04-09T14:33:30.037+0900: 90.494: [GC (Allocation Failure) 90.494: [ParNew: 59008K->6528K(59008K), 0.0567375 secs] 6917439K->6872885K(25159296K), 0.0570918 secs] [Times: user=0.66 sys=0.01, real=0.05 secs] 
2014-04-09T14:33:30.135+0900: 90.592: [GC (Allocation Failure) 90.592: [ParNew: 59008K->6528K(59008K), 0.0589221 secs] 6925365K->6881978K(25159296K), 0.0592827 secs] [Times: user=0.68 sys=0.01, real=0.06 secs] 
2014-04-09T14:33:30.238+0900: 90.695: [GC (Allocation Failure) 90.695: [ParNew: 59008K->6528K(59008K), 0.0630300 secs] 6934458K->6889481K(25159296K), 0.0633857 secs] [Times: user=0.73 sys=0.01, real=0.06 secs] 
2014-04-09T14:33:30.341+0900: 90.797: [GC (Allocation Failure) 90.798: [ParNew: 59008K->6528K(59008K), 0.0616254 secs] 6941961K->6897940K(25159296K), 0.0619796 secs] [Times: user=0.71 sys=0.00, real=0.06 secs] 
2014-04-09T14:33:30.441+0900: 90.898: [GC (Allocation Failure) 90.898: [ParNew: 59008K->6528K(59008K), 0.0608573 secs] 6950420K->6907443K(25159296K), 0.0612142 secs] [Times: user=0.71 sys=0.00, real=0.06 secs] 
2014-04-09T14:33:30.545+0900: 91.002: [GC (Allocation Failure) 91.002: [ParNew: 59008K->6528K(59008K), 0.0618844 secs] 6959923K->6915718K(25159296K), 0.0622377 secs] [Times: user=0.71 sys=0.02, real=0.07 secs] 
2014-04-09T14:33:30.646+0900: 91.103: [GC (Allocation Failure) 91.103: [ParNew: 59008K->6528K(59008K), 0.0561731 secs] 6968198K->6923974K(25159296K), 0.0565400 secs] [Times: user=0.64 sys=0.01, real=0.06 secs] 
2014-04-09T14:33:30.746+0900: 91.203: [GC (Allocation Failure) 91.203: [ParNew: 59008K->6528K(59008K), 0.0633877 secs] 6976454K->6931656K(25159296K), 0.0637547 secs] [Times: user=0.74 sys=0.00, real=0.07 secs] 
2014-04-09T14:33:30.851+0900: 91.307: [GC (Allocation Failure) 91.308: [ParNew: 59008K->6528K(59008K), 0.0567964 secs] 6984136K->6941440K(25159296K), 0.0571543 secs] [Times: user=0.65 sys=0.01, real=0.06 secs] 
2014-04-09T14:33:30.947+0900: 91.404: [GC (Allocation Failure) 91.404: [ParNew: 59008K->6528K(59008K), 0.0561856 secs] 6993920K->6949597K(25159296K), 0.0565420 secs] [Times: user=0.65 sys=0.00, real=0.05 secs] 
2014-04-09T14:33:31.043+0900: 91.500: [GC (Allocation Failure) 91.500: [ParNew: 59008K->6528K(59008K), 0.0562876 secs] 7002077K->6958569K(25159296K), 0.0566501 secs] [Times: user=0.63 sys=0.01, real=0.06 secs] 
2014-04-09T14:33:31.139+0900: 91.596: [GC (Allocation Failure) 91.596: [ParNew: 59008K->6528K(59008K), 0.0586592 secs] 7011049K->6967809K(25159296K), 0.0590144 secs] [Times: user=0.67 sys=0.01, real=0.06 secs] 
2014-04-09T14:33:31.234+0900: 91.691: [GC (Allocation Failure) 91.691: [ParNew: 59008K->6528K(59008K), 0.0543678 secs] 7020289K->6976054K(25159296K), 0.0547310 secs] [Times: user=0.62 sys=0.02, real=0.06 secs] 
2014-04-09T14:33:31.330+0900: 91.787: [GC (Allocation Failure) 91.787: [ParNew: 59008K->6528K(59008K), 0.0530098 secs] 7028534K->6984344K(25159296K), 0.0533742 secs] [Times: user=0.60 sys=0.01, real=0.05 secs] 
2014-04-09T14:33:31.422+0900: 91.879: [GC (Allocation Failure) 91.879: [ParNew: 59008K->6528K(59008K), 0.0570728 secs] 7036824K->6993301K(25159296K), 0.0574261 secs] [Times: user=0.65 sys=0.01, real=0.06 secs] 
2014-04-09T14:33:31.519+0900: 91.976: [GC (Allocation Failure) 91.976: [ParNew: 59008K->6528K(59008K), 0.0639406 secs] 7045781K->7002528K(25159296K), 0.0642974 secs] [Times: user=0.74 sys=0.00, real=0.06 secs] 
2014-04-09T14:33:31.627+0900: 92.084: [GC (Allocation Failure) 92.084: [ParNew: 59008K->6528K(59008K), 0.0569077 secs] 7055008K->7012182K(25159296K), 0.0572605 secs] [Times: user=0.65 sys=0.01, real=0.05 secs] 
2014-04-09T14:33:31.727+0900: 92.184: [GC (Allocation Failure) 92.184: [ParNew: 59008K->6528K(59008K), 0.0548587 secs] 7064662K->7020687K(25159296K), 0.0552135 secs] [Times: user=0.63 sys=0.02, real=0.05 secs] 
2014-04-09T14:33:31.825+0900: 92.282: [GC (Allocation Failure) 92.282: [ParNew: 59008K->6528K(59008K), 0.0537342 secs] 7073167K->7028403K(25159296K), 0.0540872 secs] [Times: user=0.62 sys=0.01, real=0.06 secs] 
2014-04-09T14:33:31.919+0900: 92.376: [GC (Allocation Failure) 92.376: [ParNew: 59008K->6528K(59008K), 0.0646133 secs] 7080883K->7037105K(25159296K), 0.0649629 secs] [Times: user=0.74 sys=0.01, real=0.06 secs] 
2014-04-09T14:33:32.022+0900: 92.479: [GC (Allocation Failure) 92.479: [ParNew: 59007K->6528K(59008K), 0.0530098 secs] 7089585K->7045939K(25159296K), 0.0533804 secs] [Times: user=0.61 sys=0.00, real=0.05 secs] 
2014-04-09T14:33:32.113+0900: 92.570: [GC (Allocation Failure) 92.570: [ParNew: 59007K->6528K(59008K), 0.0537310 secs] 7098419K->7054769K(25159296K), 0.0540834 secs] [Times: user=0.60 sys=0.01, real=0.06 secs] 
2014-04-09T14:33:32.210+0900: 92.667: [GC (Allocation Failure) 92.667: [ParNew: 59008K->6528K(59008K), 0.0496852 secs] 7107249K->7063492K(25159296K), 0.0500540 secs] [Times: user=0.55 sys=0.02, real=0.05 secs] 
2014-04-09T14:33:32.304+0900: 92.761: [GC (Allocation Failure) 92.761: [ParNew: 59008K->6528K(59008K), 0.0554360 secs] 7115972K->7071935K(25159296K), 0.0558062 secs] [Times: user=0.63 sys=0.01, real=0.06 secs] 
2014-04-09T14:33:32.398+0900: 92.855: [GC (Allocation Failure) 92.855: [ParNew: 59008K->6528K(59008K), 0.0596409 secs] 7124415K->7080390K(25159296K), 0.0600062 secs] [Times: user=0.66 sys=0.02, real=0.06 secs] 
2014-04-09T14:33:32.496+0900: 92.953: [GC (Allocation Failure) 92.953: [ParNew: 58916K->6528K(59008K), 0.0631570 secs] 7132779K->7089620K(25159296K), 0.0635287 secs] [Times: user=0.73 sys=0.01, real=0.07 secs] 
2014-04-09T14:33:32.597+0900: 93.053: [GC (Allocation Failure) 93.054: [ParNew: 59008K->6528K(59008K), 0.0553067 secs] 7142100K->7097910K(25159296K), 0.0556739 secs] [Times: user=0.63 sys=0.01, real=0.05 secs] 
2014-04-09T14:33:32.692+0900: 93.148: [GC (Allocation Failure) 93.148: [ParNew: 59008K->6528K(59008K), 0.0590475 secs] 7150390K->7107564K(25159296K), 0.0594124 secs] [Times: user=0.68 sys=0.01, real=0.06 secs] 
2014-04-09T14:33:32.792+0900: 93.248: [GC (Allocation Failure) 93.249: [ParNew: 59008K->6528K(59008K), 0.0558388 secs] 7160044K->7114713K(25159296K), 0.0561949 secs] [Times: user=0.65 sys=0.01, real=0.06 secs] 
2014-04-09T14:33:32.886+0900: 93.343: [GC (Allocation Failure) 93.343: [ParNew: 59008K->6528K(59008K), 0.0547612 secs] 7167193K->7123971K(25159296K), 0.0551380 secs] [Times: user=0.64 sys=0.01, real=0.06 secs] 
2014-04-09T14:33:32.980+0900: 93.437: [GC (Allocation Failure) 93.437: [ParNew: 59008K->6528K(59008K), 0.0562773 secs] 7176451K->7132475K(25159296K), 0.0566304 secs] [Times: user=0.66 sys=0.00, real=0.06 secs] 
2014-04-09T14:33:33.076+0900: 93.532: [GC (Allocation Failure) 93.533: [ParNew: 59008K->6528K(59008K), 0.0559868 secs] 7184955K->7141595K(25159296K), 0.0563435 secs] [Times: user=0.64 sys=0.01, real=0.06 secs] 
2014-04-09T14:33:33.172+0900: 93.629: [GC (Allocation Failure) 93.629: [ParNew: 59008K->6528K(59008K), 0.0635621 secs] 7194075K->7150481K(25159296K), 0.0639174 secs] [Times: user=0.73 sys=0.02, real=0.06 secs] 
2014-04-09T14:33:33.276+0900: 93.733: [GC (Allocation Failure) 93.733: [ParNew: 59008K->6528K(59008K), 0.0577723 secs] 7202961K->7159528K(25159296K), 0.0581266 secs] [Times: user=0.68 sys=0.00, real=0.06 secs] 
2014-04-09T14:33:33.377+0900: 93.834: [GC (Allocation Failure) 93.834: [ParNew: 59008K->6528K(59008K), 0.0578891 secs] 7212008K->7168140K(25159296K), 0.0582567 secs] [Times: user=0.68 sys=0.01, real=0.05 secs] 
2014-04-09T14:33:33.475+0900: 93.932: [GC (Allocation Failure) 93.932: [ParNew: 58979K->6528K(59008K), 0.0587867 secs] 7220591K->7176235K(25159296K), 0.0591424 secs] [Times: user=0.69 sys=0.01, real=0.06 secs] 
2014-04-09T14:33:33.574+0900: 94.030: [GC (Allocation Failure) 94.031: [ParNew: 59008K->6528K(59008K), 0.0603348 secs] 7228715K->7186058K(25159296K), 0.0606974 secs] [Times: user=0.69 sys=0.02, real=0.06 secs] 
2014-04-09T14:33:33.678+0900: 94.135: [GC (Allocation Failure) 94.135: [ParNew: 59008K->6528K(59008K), 0.0588611 secs] 7238538K->7194820K(25159296K), 0.0592228 secs] [Times: user=0.68 sys=0.01, real=0.06 secs] 
2014-04-09T14:33:33.778+0900: 94.235: [GC (Allocation Failure) 94.235: [ParNew: 59008K->6528K(59008K), 0.0510071 secs] 7247300K->7203790K(25159296K), 0.0513883 secs] [Times: user=0.59 sys=0.00, real=0.05 secs] 
2014-04-09T14:33:33.868+0900: 94.324: [GC (Allocation Failure) 94.325: [ParNew: 59007K->6528K(59008K), 0.0510675 secs] 7256270K->7211639K(25159296K), 0.0514386 secs] [Times: user=0.57 sys=0.01, real=0.05 secs] 
2014-04-09T14:33:33.958+0900: 94.415: [GC (Allocation Failure) 94.415: [ParNew: 59008K->6528K(59008K), 0.0594970 secs] 7264119K->7220707K(25159296K), 0.0598637 secs] [Times: user=0.66 sys=0.01, real=0.06 secs] 
2014-04-09T14:33:34.057+0900: 94.514: [GC (Allocation Failure) 94.514: [ParNew: 59008K->6528K(59008K), 0.0570704 secs] 7273187K->7230088K(25159296K), 0.0574441 secs] [Times: user=0.66 sys=0.01, real=0.05 secs] 
2014-04-09T14:33:34.159+0900: 94.616: [GC (Allocation Failure) 94.616: [ParNew: 59008K->6528K(59008K), 0.0570572 secs] 7282568K->7239105K(25159296K), 0.0574170 secs] [Times: user=0.66 sys=0.01, real=0.05 secs] 
2014-04-09T14:33:34.258+0900: 94.715: [GC (Allocation Failure) 94.715: [ParNew: 59008K->6528K(59008K), 0.0623121 secs] 7291585K->7247663K(25159296K), 0.0626814 secs] [Times: user=0.72 sys=0.02, real=0.06 secs] 
2014-04-09T14:33:34.359+0900: 94.816: [GC (Allocation Failure) 94.816: [ParNew: 59008K->6528K(59008K), 0.0618605 secs] 7300143K->7255399K(25159296K), 0.0622339 secs] [Times: user=0.72 sys=0.01, real=0.06 secs] 
2014-04-09T14:33:34.459+0900: 94.915: [GC (Allocation Failure) 94.916: [ParNew: 59008K->6528K(59008K), 0.0538641 secs] 7307879K->7263854K(25159296K), 0.0542282 secs] [Times: user=0.63 sys=0.01, real=0.05 secs] 
2014-04-09T14:33:34.553+0900: 95.010: [GC (Allocation Failure) 95.010: [ParNew: 59008K->6528K(59008K), 0.0579004 secs] 7316334K->7272861K(25159296K), 0.0582568 secs] [Times: user=0.66 sys=0.02, real=0.06 secs] 
2014-04-09T14:33:34.649+0900: 95.106: [GC (Allocation Failure) 95.106: [ParNew: 59008K->6528K(59008K), 0.0558318 secs] 7325341K->7282151K(25159296K), 0.0561988 secs] [Times: user=0.65 sys=0.01, real=0.05 secs] 
2014-04-09T14:33:34.745+0900: 95.201: [GC (Allocation Failure) 95.202: [ParNew: 59008K->6528K(59008K), 0.0543406 secs] 7334631K->7291093K(25159296K), 0.0546929 secs] [Times: user=0.62 sys=0.01, real=0.06 secs] 
2014-04-09T14:33:34.843+0900: 95.300: [GC (Allocation Failure) 95.300: [ParNew: 58978K->6528K(59008K), 0.0545574 secs] 7343544K->7298565K(25159296K), 0.0549098 secs] [Times: user=0.64 sys=0.01, real=0.06 secs] 
2014-04-09T14:33:34.941+0900: 95.398: [GC (Allocation Failure) 95.398: [ParNew: 59008K->6528K(59008K), 0.0605627 secs] 7351045K->7307615K(25159296K), 0.0609143 secs] [Times: user=0.69 sys=0.01, real=0.06 secs] 
2014-04-09T14:33:35.042+0900: 95.499: [GC (Allocation Failure) 95.499: [ParNew: 59008K->6528K(59008K), 0.0571630 secs] 7360095K->7316444K(25159296K), 0.0575244 secs] [Times: user=0.66 sys=0.01, real=0.06 secs] 
2014-04-09T14:33:35.139+0900: 95.596: [GC (Allocation Failure) 95.596: [ParNew: 59008K->6528K(59008K), 0.0509969 secs] 7368924K->7324518K(25159296K), 0.0513668 secs] [Times: user=0.57 sys=0.01, real=0.05 secs] 
2014-04-09T14:33:35.231+0900: 95.687: [GC (Allocation Failure) 95.688: [ParNew: 59008K->6528K(59008K), 0.0540269 secs] 7376998K->7333719K(25159296K), 0.0543915 secs] [Times: user=0.61 sys=0.00, real=0.05 secs] 
2014-04-09T14:33:35.325+0900: 95.781: [GC (Allocation Failure) 95.782: [ParNew: 59008K->6528K(59008K), 0.0558156 secs] 7386199K->7342707K(25159296K), 0.0561817 secs] [Times: user=0.65 sys=0.01, real=0.06 secs] 
2014-04-09T14:33:35.418+0900: 95.875: [GC (Allocation Failure) 95.875: [ParNew: 59008K->6528K(59008K), 0.0583839 secs] 7395187K->7351713K(25159296K), 0.0587417 secs] [Times: user=0.68 sys=0.00, real=0.05 secs] 
2014-04-09T14:33:35.514+0900: 95.971: [GC (Allocation Failure) 95.971: [ParNew: 59008K->6528K(59008K), 0.0600172 secs] 7404193K->7360056K(25159296K), 0.0603739 secs] [Times: user=0.71 sys=0.01, real=0.06 secs] 
2014-04-09T14:33:35.617+0900: 96.074: [GC (Allocation Failure) 96.074: [ParNew: 59008K->6528K(59008K), 0.0614546 secs] 7412536K->7368954K(25159296K), 0.0618061 secs] [Times: user=0.71 sys=0.01, real=0.06 secs] 
2014-04-09T14:33:35.717+0900: 96.174: [GC (Allocation Failure) 96.174: [ParNew: 59008K->6528K(59008K), 0.0527135 secs] 7421434K->7377894K(25159296K), 0.0530780 secs] [Times: user=0.61 sys=0.01, real=0.05 secs] 
2014-04-09T14:33:35.809+0900: 96.266: [GC (Allocation Failure) 96.266: [ParNew: 59008K->6528K(59008K), 0.0565480 secs] 7430374K->7386918K(25159296K), 0.0569171 secs] [Times: user=0.65 sys=0.01, real=0.05 secs] 
2014-04-09T14:33:35.906+0900: 96.363: [GC (Allocation Failure) 96.363: [ParNew: 59008K->6528K(59008K), 0.0584331 secs] 7439398K->7395396K(25159296K), 0.0587903 secs] [Times: user=0.68 sys=0.01, real=0.06 secs] 
2014-04-09T14:33:36.003+0900: 96.460: [GC (Allocation Failure) 96.460: [ParNew: 59008K->6528K(59008K), 0.0567759 secs] 7447876K->7403611K(25159296K), 0.0571303 secs] [Times: user=0.65 sys=0.01, real=0.06 secs] 
2014-04-09T14:33:36.099+0900: 96.556: [GC (Allocation Failure) 96.556: [ParNew: 59008K->6528K(59008K), 0.0602019 secs] 7456091K->7412961K(25159296K), 0.0605642 secs] [Times: user=0.69 sys=0.02, real=0.06 secs] 
2014-04-09T14:33:36.203+0900: 96.660: [GC (Allocation Failure) 96.660: [ParNew: 59008K->6528K(59008K), 0.0579823 secs] 7465441K->7421883K(25159296K), 0.0583299 secs] [Times: user=0.67 sys=0.01, real=0.06 secs] 
2014-04-09T14:33:36.301+0900: 96.758: [GC (Allocation Failure) 96.758: [ParNew: 59008K->6528K(59008K), 0.0532221 secs] 7474363K->7430286K(25159296K), 0.0535756 secs] [Times: user=0.61 sys=0.01, real=0.05 secs] 
2014-04-09T14:33:36.395+0900: 96.851: [GC (Allocation Failure) 96.852: [ParNew: 59008K->6528K(59008K), 0.0513369 secs] 7482766K->7438620K(25159296K), 0.0516919 secs] [Times: user=0.60 sys=0.00, real=0.05 secs] 
2014-04-09T14:33:36.490+0900: 96.946: [GC (Allocation Failure) 96.947: [ParNew: 59008K->6528K(59008K), 0.0612776 secs] 7491100K->7446866K(25159296K), 0.0616259 secs] [Times: user=0.71 sys=0.01, real=0.06 secs] 
2014-04-09T14:33:36.591+0900: 97.047: [GC (Allocation Failure) 97.048: [ParNew: 59008K->6528K(59008K), 0.0574155 secs] 7499346K->7455752K(25159296K), 0.0577735 secs] [Times: user=0.66 sys=0.00, real=0.06 secs] 
2014-04-09T14:33:36.688+0900: 97.145: [GC (Allocation Failure) 97.145: [ParNew: 59008K->6528K(59008K), 0.0591156 secs] 7508232K->7464814K(25159296K), 0.0594846 secs] [Times: user=0.67 sys=0.02, real=0.06 secs] 
2014-04-09T14:33:36.791+0900: 97.248: [GC (Allocation Failure) 97.248: [ParNew: 59008K->6528K(59008K), 0.0601112 secs] 7517294K->7473174K(25159296K), 0.0604705 secs] [Times: user=0.71 sys=0.01, real=0.06 secs] 
2014-04-09T14:33:36.895+0900: 97.351: [GC (Allocation Failure) 97.352: [ParNew: 59008K->6528K(59008K), 0.0624507 secs] 7525654K->7481492K(25159296K), 0.0628169 secs] [Times: user=0.71 sys=0.02, real=0.07 secs] 
2014-04-09T14:33:36.996+0900: 97.452: [GC (Allocation Failure) 97.453: [ParNew: 59008K->6528K(59008K), 0.0550698 secs] 7533972K->7490479K(25159296K), 0.0554234 secs] [Times: user=0.64 sys=0.01, real=0.06 secs] 
2014-04-09T14:33:37.090+0900: 97.547: [GC (Allocation Failure) 97.547: [ParNew: 59008K->6528K(59008K), 0.0563087 secs] 7542959K->7498823K(25159296K), 0.0566722 secs] [Times: user=0.65 sys=0.01, real=0.05 secs] 
2014-04-09T14:33:37.185+0900: 97.642: [GC (Allocation Failure) 97.642: [ParNew: 59008K->6528K(59008K), 0.0624466 secs] 7551303K->7507696K(25159296K), 0.0628089 secs] [Times: user=0.71 sys=0.01, real=0.07 secs] 
2014-04-09T14:33:37.287+0900: 97.744: [GC (Allocation Failure) 97.744: [ParNew: 59008K->6528K(59008K), 0.0575272 secs] 7560176K->7516487K(25159296K), 0.0578717 secs] [Times: user=0.67 sys=0.00, real=0.06 secs] 
2014-04-09T14:33:37.383+0900: 97.840: [GC (Allocation Failure) 97.840: [ParNew: 59008K->6528K(59008K), 0.0533571 secs] 7568967K->7526303K(25159296K), 0.0537223 secs] [Times: user=0.61 sys=0.00, real=0.05 secs] 
2014-04-09T14:33:37.476+0900: 97.933: [GC (Allocation Failure) 97.933: [ParNew: 59008K->6528K(59008K), 0.0543314 secs] 7578783K->7534838K(25159296K), 0.0546978 secs] [Times: user=0.62 sys=0.01, real=0.06 secs] 
2014-04-09T14:33:37.569+0900: 98.026: [GC (Allocation Failure) 98.026: [ParNew: 59008K->6528K(59008K), 0.0534040 secs] 7587318K->7544479K(25159296K), 0.0537691 secs] [Times: user=0.61 sys=0.01, real=0.05 secs] 
2014-04-09T14:33:37.625+0900: 98.082: [GC (CMS Initial Mark) [1 CMS-initial-mark: 7537951K(25100288K)] 7544498K(25159296K), 0.0017652 secs] [Times: user=0.01 sys=0.00, real=0.00 secs] 
2014-04-09T14:33:37.627+0900: 98.084: [CMS-concurrent-mark-start]
2014-04-09T14:33:37.675+0900: 98.132: [GC (Allocation Failure) 98.132: [ParNew: 59008K->6528K(59008K), 0.0526366 secs] 7596959K->7552897K(25159296K), 0.0530082 secs] [Times: user=0.61 sys=0.01, real=0.06 secs] 
2014-04-09T14:33:37.792+0900: 98.249: [GC (Allocation Failure) 98.249: [ParNew: 59008K->6528K(59008K), 0.0570667 secs] 7605377K->7561458K(25159296K), 0.0574310 secs] [Times: user=0.68 sys=0.00, real=0.06 secs] 
2014-04-09T14:33:37.901+0900: 98.357: [GC (Allocation Failure) 98.358: [ParNew: 59008K->6528K(59008K), 0.0621285 secs] 7613938K->7570588K(25159296K), 0.0624987 secs] [Times: user=0.73 sys=0.01, real=0.06 secs] 
2014-04-09T14:33:38.013+0900: 98.470: [GC (Allocation Failure) 98.470: [ParNew: 59008K->6528K(59008K), 0.0612687 secs] 7623068K->7578813K(25159296K), 0.0616325 secs] [Times: user=0.71 sys=0.02, real=0.06 secs] 
2014-04-09T14:33:38.125+0900: 98.582: [GC (Allocation Failure) 98.582: [ParNew: 59008K->6528K(59008K), 0.0614671 secs] 7631293K->7587121K(25159296K), 0.0618331 secs] [Times: user=0.72 sys=0.01, real=0.06 secs] 
2014-04-09T14:33:38.236+0900: 98.693: [GC (Allocation Failure) 98.693: [ParNew: 59008K->6528K(59008K), 0.0608428 secs] 7639601K->7596033K(25159296K), 0.0612120 secs] [Times: user=0.70 sys=0.01, real=0.07 secs] 
2014-04-09T14:33:38.346+0900: 98.803: [GC (Allocation Failure) 98.803: [ParNew: 58975K->6528K(59008K), 0.0597663 secs] 7648481K->7604816K(25159296K), 0.0601450 secs] [Times: user=0.69 sys=0.02, real=0.06 secs] 
2014-04-09T14:33:38.457+0900: 98.914: [GC (Allocation Failure) 98.914: [ParNew: 59008K->6528K(59008K), 0.0631131 secs] 7657296K->7612698K(25159296K), 0.0634843 secs] [Times: user=0.73 sys=0.01, real=0.07 secs] 
2014-04-09T14:33:38.570+0900: 99.027: [GC (Allocation Failure) 99.027: [ParNew: 59004K->6528K(59008K), 0.0649811 secs] 7665175K->7621018K(25159296K), 0.0653508 secs] [Times: user=0.75 sys=0.01, real=0.06 secs] 
2014-04-09T14:33:38.682+0900: 99.139: [GC (Allocation Failure) 99.139: [ParNew: 59008K->6528K(59008K), 0.0632560 secs] 7673498K->7630497K(25159296K), 0.0636192 secs] [Times: user=0.72 sys=0.01, real=0.06 secs] 
2014-04-09T14:33:38.799+0900: 99.256: [GC (Allocation Failure) 99.256: [ParNew: 59008K->6528K(59008K), 0.0641490 secs] 7682977K->7639331K(25159296K), 0.0645062 secs] [Times: user=0.74 sys=0.02, real=0.06 secs] 
2014-04-09T14:33:38.915+0900: 99.372: [GC (Allocation Failure) 99.372: [ParNew: 59008K->6528K(59008K), 0.0624961 secs] 7691811K->7648631K(25159296K), 0.0628631 secs] [Times: user=0.72 sys=0.01, real=0.07 secs] 
2014-04-09T14:33:39.026+0900: 99.483: [GC (Allocation Failure) 99.483: [ParNew: 59008K->6528K(59008K), 0.0655561 secs] 7701111K->7657248K(25159296K), 0.0659202 secs] [Times: user=0.74 sys=0.01, real=0.07 secs] 
2014-04-09T14:33:39.141+0900: 99.598: [GC (Allocation Failure) 99.598: [ParNew: 59008K->6528K(59008K), 0.0613802 secs] 7709728K->7665535K(25159296K), 0.0617528 secs] [Times: user=0.70 sys=0.01, real=0.06 secs] 
2014-04-09T14:33:39.252+0900: 99.709: [GC (Allocation Failure) 99.709: [ParNew: 59008K->6528K(59008K), 0.0563997 secs] 7718015K->7674755K(25159296K), 0.0567599 secs] [Times: user=0.64 sys=0.00, real=0.06 secs] 
2014-04-09T14:33:39.363+0900: 99.820: [GC (Allocation Failure) 99.820: [ParNew: 59008K->6528K(59008K), 0.0612473 secs] 7727235K->7683694K(25159296K), 0.0616053 secs] [Times: user=0.71 sys=0.02, real=0.06 secs] 
2014-04-09T14:33:39.463+0900: 99.920: [CMS-concurrent-mark: 0.828/1.836 secs] [Times: user=20.75 sys=2.07, real=1.84 secs] 
2014-04-09T14:33:39.463+0900: 99.920: [CMS-concurrent-preclean-start]
2014-04-09T14:33:39.473+0900: 99.930: [GC (Allocation Failure) 99.930: [ParNew: 59008K->6528K(59008K), 0.0604605 secs] 7736174K->7692564K(25159296K), 0.0608119 secs] [Times: user=0.70 sys=0.01, real=0.06 secs] 
2014-04-09T14:33:39.577+0900: 100.034: [GC (Allocation Failure) 100.034: [ParNew: 59008K->6528K(59008K), 0.0598582 secs] 7745044K->7700923K(25159296K), 0.0602103 secs] [Times: user=0.70 sys=0.01, real=0.06 secs] 
2014-04-09T14:33:39.683+0900: 100.140: [GC (Allocation Failure) 100.140: [ParNew: 59008K->6528K(59008K), 0.0545429 secs] 7753403K->7709716K(25159296K), 0.0548967 secs] [Times: user=0.63 sys=0.01, real=0.06 secs] 
2014-04-09T14:33:39.783+0900: 100.240: [GC (Allocation Failure) 100.240: [ParNew: 59008K->6528K(59008K), 0.0611563 secs] 7762196K->7720297K(25159296K), 0.0615198 secs] [Times: user=0.69 sys=0.01, real=0.06 secs] 
2014-04-09T14:33:39.885+0900: 100.342: [GC (Allocation Failure) 100.342: [ParNew: 59008K->6528K(59008K), 0.0584366 secs] 7772777K->7729734K(25159296K), 0.0588045 secs] [Times: user=0.68 sys=0.00, real=0.06 secs] 
2014-04-09T14:33:39.984+0900: 100.441: [GC (Allocation Failure) 100.441: [ParNew: 59008K->6528K(59008K), 0.0597116 secs] 7782214K->7738680K(25159296K), 0.0600744 secs] [Times: user=0.68 sys=0.01, real=0.06 secs] 
2014-04-09T14:33:40.085+0900: 100.542: [GC (Allocation Failure) 100.542: [ParNew: 59008K->6528K(59008K), 0.0615275 secs] 7791160K->7747734K(25159296K), 0.0618887 secs] [Times: user=0.70 sys=0.00, real=0.07 secs] 
2014-04-09T14:33:40.187+0900: 100.644: [GC (Allocation Failure) 100.644: [ParNew: 59008K->6528K(59008K), 0.0604351 secs] 7800214K->7756148K(25159296K), 0.0607888 secs] [Times: user=0.70 sys=0.01, real=0.07 secs] 
2014-04-09T14:33:40.290+0900: 100.746: [GC (Allocation Failure) 100.747: [ParNew: 59008K->6528K(59008K), 0.0591331 secs] 7808628K->7764987K(25159296K), 0.0594908 secs] [Times: user=0.68 sys=0.01, real=0.06 secs] 
2014-04-09T14:33:40.389+0900: 100.845: [GC (Allocation Failure) 100.846: [ParNew: 59008K->6528K(59008K), 0.0581382 secs] 7817467K->7773732K(25159296K), 0.0584942 secs] [Times: user=0.67 sys=0.01, real=0.05 secs] 
2014-04-09T14:33:40.492+0900: 100.948: [GC (Allocation Failure) 100.949: [ParNew: 59008K->6528K(59008K), 0.0494068 secs] 7826212K->7782842K(25159296K), 0.0497675 secs] [Times: user=0.56 sys=0.01, real=0.05 secs] 
2014-04-09T14:33:40.587+0900: 101.044: [GC (Allocation Failure) 101.044: [ParNew: 59008K->6528K(59008K), 0.0526893 secs] 7835322K->7790751K(25159296K), 0.0530472 secs] [Times: user=0.61 sys=0.01, real=0.06 secs] 
2014-04-09T14:33:40.680+0900: 101.137: [GC (Allocation Failure) 101.137: [ParNew: 59008K->6528K(59008K), 0.0536728 secs] 7843231K->7799342K(25159296K), 0.0540308 secs] [Times: user=0.62 sys=0.01, real=0.05 secs] 
2014-04-09T14:33:40.775+0900: 101.232: [GC (Allocation Failure) 101.232: [ParNew: 59008K->6528K(59008K), 0.0622588 secs] 7851822K->7808148K(25159296K), 0.0626330 secs] [Times: user=0.71 sys=0.01, real=0.07 secs] 
2014-04-09T14:33:40.880+0900: 101.336: [GC (Allocation Failure) 101.337: [ParNew: 59008K->6528K(59008K), 0.0539132 secs] 7860628K->7817186K(25159296K), 0.0542768 secs] [Times: user=0.63 sys=0.00, real=0.05 secs] 
2014-04-09T14:33:40.973+0900: 101.430: [GC (Allocation Failure) 101.430: [ParNew: 59008K->6528K(59008K), 0.0533040 secs] 7869666K->7826504K(25159296K), 0.0536773 secs] [Times: user=0.62 sys=0.00, real=0.05 secs] 
2014-04-09T14:33:41.069+0900: 101.525: [GC (Allocation Failure) 101.526: [ParNew: 59008K->6528K(59008K), 0.0586623 secs] 7878984K->7833529K(25159296K), 0.0590164 secs] [Times: user=0.68 sys=0.01, real=0.06 secs] 
2014-04-09T14:33:41.168+0900: 101.625: [GC (Allocation Failure) 101.625: [ParNew: 59008K->6528K(59008K), 0.0548825 secs] 7886009K->7842544K(25159296K), 0.0552378 secs] [Times: user=0.63 sys=0.02, real=0.05 secs] 
2014-04-09T14:33:41.270+0900: 101.726: [GC (Allocation Failure) 101.727: [ParNew: 59008K->6528K(59008K), 0.0541496 secs] 7895024K->7851246K(25159296K), 0.0545008 secs] [Times: user=0.61 sys=0.01, real=0.05 secs] 
2014-04-09T14:33:41.436+0900: 101.893: [CMS-concurrent-preclean: 0.789/1.973 secs] [Times: user=20.34 sys=2.42, real=1.97 secs] 
2014-04-09T14:33:41.438+0900: 101.894: [GC (Allocation Failure) 101.895: [ParNew: 59008K->6528K(59008K), 0.0556963 secs] 7903726K->7860247K(25159296K), 0.0560451 secs] [Times: user=0.64 sys=0.01, real=0.05 secs] 
2014-04-09T14:33:41.495+0900: 101.952: [GC (CMS Final Remark) [YG occupancy: 6563 K (59008 K)]101.952: [Rescan (parallel) , 0.0173614 secs]101.969: [weak refs processing, 0.0386435 secs]102.008: [class unloading, 0.0555733 secs]102.064: [scrub symbol table, 0.0043570 secs]102.068: [scrub string table, 0.0012333 secs][1 CMS-remark: 7853719K(25100288K)] 7860283K(25159296K), 0.1430312 secs] [Times: user=0.34 sys=0.01, real=0.15 secs] 
2014-04-09T14:33:41.639+0900: 102.095: [CMS-concurrent-sweep-start]
2014-04-09T14:33:41.688+0900: 102.145: [GC (Allocation Failure) 102.145: [ParNew: 59008K->6528K(59008K), 0.0514163 secs] 7884543K->7838643K(25159296K), 0.0517810 secs] [Times: user=0.63 sys=0.00, real=0.05 secs] 
2014-04-09T14:33:41.788+0900: 102.245: [GC (Allocation Failure) 102.245: [ParNew: 59008K->6528K(59008K), 0.0495820 secs] 7854864K->7810303K(25159296K), 0.0499466 secs] [Times: user=0.61 sys=0.00, real=0.05 secs] 
2014-04-09T14:33:41.886+0900: 102.342: [GC (Allocation Failure) 102.343: [ParNew: 59008K->6528K(59008K), 0.0477977 secs] 7832971K->7789259K(25159296K), 0.0481539 secs] [Times: user=0.57 sys=0.01, real=0.05 secs] 
2014-04-09T14:33:41.972+0900: 102.429: [GC (Allocation Failure) 102.429: [ParNew: 59008K->6528K(59008K), 0.0580960 secs] 7813685K->7772160K(25159296K), 0.0584528 secs] [Times: user=0.70 sys=0.00, real=0.06 secs] 
2014-04-09T14:33:42.075+0900: 102.532: [GC (Allocation Failure) 102.532: [ParNew: 59008K->6528K(59008K), 0.0504359 secs] 7793274K->7748887K(25159296K), 0.0507949 secs] [Times: user=0.62 sys=0.01, real=0.05 secs] 
2014-04-09T14:33:42.166+0900: 102.623: [GC (Allocation Failure) 102.623: [ParNew: 59008K->6528K(59008K), 0.0572927 secs] 7772981K->7728126K(25159296K), 0.0576529 secs] [Times: user=0.70 sys=0.01, real=0.06 secs] 
2014-04-09T14:33:42.265+0900: 102.722: [GC (Allocation Failure) 102.722: [ParNew: 59008K->6528K(59008K), 0.0597301 secs] 7749656K->7705973K(25159296K), 0.0600982 secs] [Times: user=0.73 sys=0.01, real=0.06 secs] 
2014-04-09T14:33:42.366+0900: 102.823: [GC (Allocation Failure) 102.823: [ParNew: 58975K->6528K(59008K), 0.0573955 secs] 7730502K->7687019K(25159296K), 0.0577543 secs] [Times: user=0.70 sys=0.01, real=0.06 secs] 
2014-04-09T14:33:42.465+0900: 102.922: [GC (Allocation Failure) 102.922: [ParNew: 59008K->6528K(59008K), 0.0569786 secs] 7708125K->7663437K(25159296K), 0.0573336 secs] [Times: user=0.71 sys=0.00, real=0.06 secs] 
2014-04-09T14:33:42.569+0900: 103.026: [GC (Allocation Failure) 103.026: [ParNew: 59008K->6528K(59008K), 0.0479869 secs] 7676410K->7632831K(25159296K), 0.0483498 secs] [Times: user=0.58 sys=0.00, real=0.04 secs] 
2014-04-09T14:33:42.658+0900: 103.115: [GC (Allocation Failure) 103.115: [ParNew: 59008K->6528K(59008K), 0.0567185 secs] 7655883K->7611363K(25159296K), 0.0570886 secs] [Times: user=0.69 sys=0.01, real=0.06 secs] 
2014-04-09T14:33:42.756+0900: 103.212: [GC (Allocation Failure) 103.213: [ParNew: 59008K->6526K(59008K), 0.0476475 secs] 7636570K->7592258K(25159296K), 0.0480172 secs] [Times: user=0.58 sys=0.01, real=0.05 secs] 
2014-04-09T14:33:42.843+0900: 103.300: [GC (Allocation Failure) 103.300: [ParNew: 59006K->6528K(59008K), 0.0574702 secs] 7619504K->7575204K(25159296K), 0.0578373 secs] [Times: user=0.71 sys=0.00, real=0.06 secs] 
2014-04-09T14:33:42.948+0900: 103.405: [GC (Allocation Failure) 103.405: [ParNew: 59008K->6528K(59008K), 0.0453528 secs] 7599703K->7555645K(25159296K), 0.0457225 secs] [Times: user=0.54 sys=0.00, real=0.05 secs] 
2014-04-09T14:33:43.036+0900: 103.493: [GC (Allocation Failure) 103.493: [ParNew: 59008K->6528K(59008K), 0.0452893 secs] 7580170K->7536807K(25159296K), 0.0456505 secs] [Times: user=0.53 sys=0.01, real=0.05 secs] 
2014-04-09T14:33:43.125+0900: 103.582: [GC (Allocation Failure) 103.582: [ParNew: 59008K->6528K(59008K), 0.0467483 secs] 7558154K->7514725K(25159296K), 0.0471102 secs] [Times: user=0.55 sys=0.01, real=0.05 secs] 
2014-04-09T14:33:43.213+0900: 103.670: [GC (Allocation Failure) 103.670: [ParNew: 59008K->6528K(59008K), 0.0565926 secs] 7540030K->7496049K(25159296K), 0.0569651 secs] [Times: user=0.69 sys=0.01, real=0.06 secs] 
2014-04-09T14:33:43.310+0900: 103.767: [GC (Allocation Failure) 103.767: [ParNew: 59008K->6528K(59008K), 0.0495690 secs] 7523593K->7479645K(25159296K), 0.0499520 secs] [Times: user=0.57 sys=0.02, real=0.05 secs] 
2014-04-09T14:33:43.403+0900: 103.860: [GC (Allocation Failure) 103.860: [ParNew: 59008K->6528K(59008K), 0.0607108 secs] 7505334K->7461802K(25159296K), 0.0610772 secs] [Times: user=0.73 sys=0.01, real=0.06 secs] 
2014-04-09T14:33:43.505+0900: 103.962: [GC (Allocation Failure) 103.962: [ParNew: 59008K->6528K(59008K), 0.0583443 secs] 7490318K->7446392K(25159296K), 0.0587092 secs] [Times: user=0.72 sys=0.01, real=0.06 secs] 
2014-04-09T14:33:43.606+0900: 104.063: [GC (Allocation Failure) 104.063: [ParNew: 59008K->6528K(59008K), 0.0596356 secs] 7471650K->7427842K(25159296K), 0.0599985 secs] [Times: user=0.74 sys=0.01, real=0.06 secs] 
2014-04-09T14:33:43.707+0900: 104.164: [GC (Allocation Failure) 104.164: [ParNew: 59008K->6528K(59008K), 0.0587828 secs] 7453509K->7409307K(25159296K), 0.0591486 secs] [Times: user=0.72 sys=0.01, real=0.06 secs] 
2014-04-09T14:33:43.807+0900: 104.264: [GC (Allocation Failure) 104.264: [ParNew: 59008K->6528K(59008K), 0.0581604 secs] 7435120K->7391342K(25159296K), 0.0585344 secs] [Times: user=0.71 sys=0.01, real=0.06 secs] 
2014-04-09T14:33:43.905+0900: 104.362: [GC (Allocation Failure) 104.362: [ParNew: 59008K->6528K(59008K), 0.0570461 secs] 7418735K->7374629K(25159296K), 0.0574064 secs] [Times: user=0.70 sys=0.01, real=0.06 secs] 
2014-04-09T14:33:44.005+0900: 104.462: [GC (Allocation Failure) 104.462: [ParNew: 59008K->6528K(59008K), 0.0584878 secs] 7399772K->7356003K(25159296K), 0.0588502 secs] [Times: user=0.72 sys=0.00, real=0.06 secs] 
2014-04-09T14:33:44.105+0900: 104.562: [GC (Allocation Failure) 104.562: [ParNew: 59008K->6528K(59008K), 0.0450356 secs] 7380684K->7337310K(25159296K), 0.0454023 secs] [Times: user=0.55 sys=0.01, real=0.05 secs] 
2014-04-09T14:33:44.197+0900: 104.654: [GC (Allocation Failure) 104.654: [ParNew: 59008K->6528K(59008K), 0.0460683 secs] 7358915K->7313681K(25159296K), 0.0464313 secs] [Times: user=0.56 sys=0.00, real=0.05 secs] 
2014-04-09T14:33:44.289+0900: 104.746: [GC (Allocation Failure) 104.746: [ParNew: 59008K->6528K(59008K), 0.0482627 secs] 7335256K->7291698K(25159296K), 0.0486257 secs] [Times: user=0.59 sys=0.01, real=0.04 secs] 
2014-04-09T14:33:44.385+0900: 104.842: [GC (Allocation Failure) 104.842: [ParNew: 59008K->6528K(59008K), 0.0453688 secs] 7311746K->7267733K(25159296K), 0.0457393 secs] [Times: user=0.55 sys=0.00, real=0.05 secs] 
2014-04-09T14:33:44.474+0900: 104.931: [GC (Allocation Failure) 104.931: [ParNew: 59008K->6528K(59008K), 0.0563170 secs] 7290557K->7246351K(25159296K), 0.0566794 secs] [Times: user=0.69 sys=0.01, real=0.06 secs] 
2014-04-09T14:33:44.572+0900: 105.029: [GC (Allocation Failure) 105.029: [ParNew: 59008K->6528K(59008K), 0.0528415 secs] 7271641K->7228732K(25159296K), 0.0531974 secs] [Times: user=0.57 sys=0.00, real=0.05 secs] 
2014-04-09T14:33:44.665+0900: 105.121: [GC (Allocation Failure) 105.122: [ParNew: 59008K->6528K(59008K), 0.0462679 secs] 7255934K->7211503K(25159296K), 0.0466253 secs] [Times: user=0.56 sys=0.01, real=0.05 secs] 
2014-04-09T14:33:44.752+0900: 105.209: [GC (Allocation Failure) 105.209: [ParNew: 59008K->6528K(59008K), 0.0516163 secs] 7238884K->7193915K(25159296K), 0.0519727 secs] [Times: user=0.64 sys=0.00, real=0.05 secs] 
2014-04-09T14:33:44.845+0900: 105.302: [GC (Allocation Failure) 105.302: [ParNew: 59008K->6528K(59008K), 0.0467303 secs] 7219057K->7175032K(25159296K), 0.0470967 secs] [Times: user=0.58 sys=0.00, real=0.05 secs] 
2014-04-09T14:33:44.933+0900: 105.390: [GC (Allocation Failure) 105.390: [ParNew: 59008K->6528K(59008K), 0.0433465 secs] 7201831K->7157806K(25159296K), 0.0437040 secs] [Times: user=0.53 sys=0.01, real=0.04 secs] 
2014-04-09T14:33:45.023+0900: 105.480: [GC (Allocation Failure) 105.480: [ParNew: 59008K->6528K(59008K), 0.0532148 secs] 7182471K->7139267K(25159296K), 0.0535762 secs] [Times: user=0.65 sys=0.01, real=0.05 secs] 
2014-04-09T14:33:45.117+0900: 105.574: [GC (Allocation Failure) 105.574: [ParNew: 59008K->6528K(59008K), 0.0540171 secs] 7165752K->7123273K(25159296K), 0.0543747 secs] [Times: user=0.66 sys=0.00, real=0.06 secs] 
2014-04-09T14:33:45.211+0900: 105.668: [GC (Allocation Failure) 105.668: [ParNew: 59008K->6528K(59008K), 0.0584534 secs] 7149274K->7105758K(25159296K), 0.0588195 secs] [Times: user=0.72 sys=0.01, real=0.06 secs] 
2014-04-09T14:33:45.314+0900: 105.770: [GC (Allocation Failure) 105.771: [ParNew: 59008K->6528K(59008K), 0.0465344 secs] 7129039K->7084052K(25159296K), 0.0468965 secs] [Times: user=0.57 sys=0.00, real=0.05 secs] 
2014-04-09T14:33:45.402+0900: 105.859: [GC (Allocation Failure) 105.859: [ParNew: 59008K->6528K(59008K), 0.0436994 secs] 7109744K->7065852K(25159296K), 0.0440565 secs] [Times: user=0.53 sys=0.00, real=0.04 secs] 
2014-04-09T14:33:45.488+0900: 105.945: [GC (Allocation Failure) 105.945: [ParNew: 59008K->6528K(59008K), 0.0460650 secs] 7090921K->7047357K(25159296K), 0.0464198 secs] [Times: user=0.56 sys=0.00, real=0.05 secs] 
2014-04-09T14:33:45.575+0900: 106.032: [GC (Allocation Failure) 106.032: [ParNew: 59008K->6528K(59008K), 0.0531855 secs] 7073583K->7030568K(25159296K), 0.0535418 secs] [Times: user=0.64 sys=0.01, real=0.06 secs] 
2014-04-09T14:33:45.674+0900: 106.131: [GC (Allocation Failure) 106.131: [ParNew: 59008K->6528K(59008K), 0.0574885 secs] 7050545K->7006657K(25159296K), 0.0578511 secs] [Times: user=0.72 sys=0.00, real=0.06 secs] 
2014-04-09T14:33:45.773+0900: 106.230: [GC (Allocation Failure) 106.230: [ParNew: 59008K->6528K(59008K), 0.0530331 secs] 7033709K->6989125K(25159296K), 0.0533840 secs] [Times: user=0.65 sys=0.00, real=0.05 secs] 
2014-04-09T14:33:45.868+0900: 106.325: [GC (Allocation Failure) 106.325: [ParNew: 59008K->6528K(59008K), 0.0581555 secs] 7014493K->6970654K(25159296K), 0.0585221 secs] [Times: user=0.72 sys=0.00, real=0.06 secs] 
2014-04-09T14:33:45.968+0900: 106.424: [GC (Allocation Failure) 106.425: [ParNew: 59008K->6528K(59008K), 0.0454584 secs] 6995357K->6951102K(25159296K), 0.0458250 secs] [Times: user=0.56 sys=0.01, real=0.05 secs] 
2014-04-09T14:33:46.061+0900: 106.518: [GC (Allocation Failure) 106.518: [ParNew: 59008K->6528K(59008K), 0.0449252 secs] 6967582K->6923448K(25159296K), 0.0452984 secs] [Times: user=0.55 sys=0.00, real=0.04 secs] 
2014-04-09T14:33:46.154+0900: 106.610: [GC (Allocation Failure) 106.611: [ParNew: 59008K->6528K(59008K), 0.0471719 secs] 6941592K->6897344K(25159296K), 0.0475329 secs] [Times: user=0.57 sys=0.00, real=0.05 secs] 
2014-04-09T14:33:46.250+0900: 106.707: [GC (Allocation Failure) 106.707: [ParNew: 59008K->6528K(59008K), 0.0562192 secs] 6913606K->6871110K(25159296K), 0.0565802 secs] [Times: user=0.69 sys=0.01, real=0.05 secs] 
2014-04-09T14:33:46.348+0900: 106.805: [GC (Allocation Failure) 106.805: [ParNew: 59008K->6528K(59008K), 0.0581870 secs] 6896419K->6851944K(25159296K), 0.0585596 secs] [Times: user=0.71 sys=0.01, real=0.06 secs] 
2014-04-09T14:33:46.447+0900: 106.904: [GC (Allocation Failure) 106.904: [ParNew: 59008K->6528K(59008K), 0.0548735 secs] 6879121K->6835174K(25159296K), 0.0552482 secs] [Times: user=0.67 sys=0.00, real=0.06 secs] 
2014-04-09T14:33:46.543+0900: 107.000: [GC (Allocation Failure) 107.000: [ParNew: 59008K->6528K(59008K), 0.0579068 secs] 6861077K->6817008K(25159296K), 0.0582781 secs] [Times: user=0.71 sys=0.01, real=0.06 secs] 
2014-04-09T14:33:46.646+0900: 107.103: [GC (Allocation Failure) 107.103: [ParNew: 59008K->6528K(59008K), 0.0467646 secs] 6839353K->6795575K(25159296K), 0.0471294 secs] [Times: user=0.57 sys=0.00, real=0.05 secs] 
2014-04-09T14:33:46.736+0900: 107.193: [GC (Allocation Failure) 107.193: [ParNew: 59008K->6528K(59008K), 0.0469861 secs] 6821986K->6778410K(25159296K), 0.0473519 secs] [Times: user=0.57 sys=0.01, real=0.05 secs] 
2014-04-09T14:33:46.824+0900: 107.280: [GC (Allocation Failure) 107.281: [ParNew: 59008K->6528K(59008K), 0.0438290 secs] 6805571K->6760292K(25159296K), 0.0441973 secs] [Times: user=0.53 sys=0.00, real=0.04 secs] 
2014-04-09T14:33:46.908+0900: 107.365: [GC (Allocation Failure) 107.365: [ParNew: 59008K->6528K(59008K), 0.0488070 secs] 6787625K->6743936K(25159296K), 0.0491725 secs] [Times: user=0.59 sys=0.01, real=0.05 secs] 
2014-04-09T14:33:47.000+0900: 107.456: [GC (Allocation Failure) 107.457: [ParNew: 59008K->6528K(59008K), 0.0569327 secs] 6769390K->6725440K(25159296K), 0.0572965 secs] [Times: user=0.69 sys=0.01, real=0.05 secs] 
2014-04-09T14:33:47.097+0900: 107.554: [GC (Allocation Failure) 107.554: [ParNew: 59008K->6528K(59008K), 0.0589451 secs] 6752151K->6708651K(25159296K), 0.0593097 secs] [Times: user=0.72 sys=0.00, real=0.06 secs] 
2014-04-09T14:33:47.197+0900: 107.654: [GC (Allocation Failure) 107.654: [ParNew: 59008K->6528K(59008K), 0.0455101 secs] 6733946K->6690268K(25159296K), 0.0458763 secs] [Times: user=0.54 sys=0.01, real=0.05 secs] 
2014-04-09T14:33:47.284+0900: 107.741: [GC (Allocation Failure) 107.741: [ParNew: 59008K->6528K(59008K), 0.0500881 secs] 6715354K->6671578K(25159296K), 0.0504450 secs] [Times: user=0.60 sys=0.00, real=0.05 secs] 
2014-04-09T14:33:47.377+0900: 107.833: [GC (Allocation Failure) 107.834: [ParNew: 59008K->6528K(59008K), 0.0532475 secs] 6696476K->6652125K(25159296K), 0.0536054 secs] [Times: user=0.65 sys=0.00, real=0.06 secs] 
2014-04-09T14:33:47.474+0900: 107.931: [GC (Allocation Failure) 107.931: [ParNew: 59008K->6528K(59008K), 0.0464745 secs] 6675169K->6630567K(25159296K), 0.0468298 secs] [Times: user=0.57 sys=0.00, real=0.05 secs] 
2014-04-09T14:33:47.563+0900: 108.020: [GC (Allocation Failure) 108.020: [ParNew: 59008K->6528K(59008K), 0.0593775 secs] 6657266K->6614052K(25159296K), 0.0597424 secs] [Times: user=0.72 sys=0.01, real=0.06 secs] 
2014-04-09T14:33:47.668+0900: 108.125: [GC (Allocation Failure) 108.125: [ParNew: 59008K->6528K(59008K), 0.0448246 secs] 6640195K->6596318K(25159296K), 0.0451968 secs] [Times: user=0.55 sys=0.00, real=0.05 secs] 
2014-04-09T14:33:47.758+0900: 108.215: [GC (Allocation Failure) 108.215: [ParNew: 59008K->6528K(59008K), 0.0488474 secs] 6618066K->6574822K(25159296K), 0.0491993 secs] [Times: user=0.59 sys=0.01, real=0.05 secs] 
2014-04-09T14:33:47.848+0900: 108.305: [GC (Allocation Failure) 108.305: [ParNew: 59008K->6528K(59008K), 0.0460001 secs] 6599941K->6554448K(25159296K), 0.0463775 secs] [Times: user=0.57 sys=0.00, real=0.05 secs] 
2014-04-09T14:33:47.935+0900: 108.392: [GC (Allocation Failure) 108.392: [ParNew: 59008K->6528K(59008K), 0.0566292 secs] 6581437K->6537127K(25159296K), 0.0569912 secs] [Times: user=0.61 sys=0.01, real=0.06 secs] 
2014-04-09T14:33:48.033+0900: 108.490: [GC (Allocation Failure) 108.490: [ParNew: 59008K->6528K(59008K), 0.0483723 secs] 6564593K->6521290K(25159296K), 0.0487500 secs] [Times: user=0.58 sys=0.00, real=0.05 secs] 
2014-04-09T14:33:48.127+0900: 108.583: [GC (Allocation Failure) 108.584: [ParNew: 59008K->6528K(59008K), 0.0578140 secs] 6541973K->6497911K(25159296K), 0.0581749 secs] [Times: user=0.71 sys=0.01, real=0.06 secs] 
2014-04-09T14:33:48.229+0900: 108.686: [GC (Allocation Failure) 108.686: [ParNew: 59008K->6528K(59008K), 0.0475676 secs] 6521259K->6477214K(25159296K), 0.0479320 secs] [Times: user=0.56 sys=0.02, real=0.04 secs] 
2014-04-09T14:33:48.320+0900: 108.777: [GC (Allocation Failure) 108.777: [ParNew: 59008K->6528K(59008K), 0.0600373 secs] 6500681K->6457223K(25159296K), 0.0604021 secs] [Times: user=0.74 sys=0.00, real=0.06 secs] 
2014-04-09T14:33:48.422+0900: 108.879: [GC (Allocation Failure) 108.879: [ParNew: 59008K->6528K(59008K), 0.0537795 secs] 6483103K->6438756K(25159296K), 0.0541469 secs] [Times: user=0.66 sys=0.00, real=0.05 secs] 
2014-04-09T14:33:48.518+0900: 108.974: [GC (Allocation Failure) 108.975: [ParNew: 59008K->6528K(59008K), 0.0471460 secs] 6464433K->6420311K(25159296K), 0.0475101 secs] [Times: user=0.56 sys=0.01, real=0.05 secs] 
2014-04-09T14:33:48.609+0900: 109.066: [GC (Allocation Failure) 109.066: [ParNew: 59008K->6528K(59008K), 0.0456942 secs] 6447468K->6403003K(25159296K), 0.0460582 secs] [Times: user=0.54 sys=0.01, real=0.05 secs] 
2014-04-09T14:33:48.712+0900: 109.169: [GC (Allocation Failure) 109.169: [ParNew: 59008K->6528K(59008K), 0.0577175 secs] 6422585K->6379102K(25159296K), 0.0580786 secs] [Times: user=0.71 sys=0.00, real=0.06 secs] 
2014-04-09T14:33:48.814+0900: 109.271: [GC (Allocation Failure) 109.271: [ParNew: 59008K->6528K(59008K), 0.0552309 secs] 6401788K->6358497K(25159296K), 0.0556130 secs] [Times: user=0.67 sys=0.01, real=0.06 secs] 
2014-04-09T14:33:48.912+0900: 109.369: [GC (Allocation Failure) 109.369: [ParNew: 59008K->6528K(59008K), 0.0435364 secs] 6382903K->6337303K(25159296K), 0.0439046 secs] [Times: user=0.52 sys=0.01, real=0.04 secs] 
2014-04-09T14:33:49.001+0900: 109.458: [GC (Allocation Failure) 109.458: [ParNew: 59008K->6528K(59008K), 0.0431550 secs] 6364566K->6321241K(25159296K), 0.0435215 secs] [Times: user=0.51 sys=0.01, real=0.04 secs] 
2014-04-09T14:33:49.089+0900: 109.546: [GC (Allocation Failure) 109.546: [ParNew: 59008K->6528K(59008K), 0.0448028 secs] 6344351K->6300567K(25159296K), 0.0451607 secs] [Times: user=0.54 sys=0.00, real=0.05 secs] 
2014-04-09T14:33:49.175+0900: 109.632: [GC (Allocation Failure) 109.632: [ParNew: 59008K->6528K(59008K), 0.0475275 secs] 6327677K->6283781K(25159296K), 0.0478913 secs] [Times: user=0.58 sys=0.00, real=0.05 secs] 
2014-04-09T14:33:49.263+0900: 109.720: [GC (Allocation Failure) 109.720: [ParNew: 59008K->6528K(59008K), 0.0589167 secs] 6310607K->6266582K(25159296K), 0.0592736 secs] [Times: user=0.73 sys=0.01, real=0.06 secs] 
2014-04-09T14:33:49.364+0900: 109.821: [GC (Allocation Failure) 109.821: [ParNew: 59008K->6528K(59008K), 0.0577069 secs] 6292780K->6248914K(25159296K), 0.0580725 secs] [Times: user=0.71 sys=0.00, real=0.06 secs] 
2014-04-09T14:33:49.471+0900: 109.928: [GC (Allocation Failure) 109.928: [ParNew: 59008K->6528K(59008K), 0.0465205 secs] 6272374K->6228042K(25159296K), 0.0468864 secs] [Times: user=0.56 sys=0.01, real=0.04 secs] 
2014-04-09T14:33:49.567+0900: 110.024: [GC (Allocation Failure) 110.024: [ParNew: 59008K->6528K(59008K), 0.0511793 secs] 6251143K->6207014K(25159296K), 0.0515419 secs] [Times: user=0.62 sys=0.01, real=0.05 secs] 
2014-04-09T14:33:49.660+0900: 110.117: [GC (Allocation Failure) 110.117: [ParNew: 59008K->6528K(59008K), 0.0578769 secs] 6231716K->6187848K(25159296K), 0.0583532 secs] [Times: user=0.71 sys=0.01, real=0.05 secs] 
2014-04-09T14:33:49.759+0900: 110.216: [GC (Allocation Failure) 110.216: [ParNew: 59008K->6528K(59008K), 0.0456334 secs] 6215539K->6171174K(25159296K), 0.0460010 secs] [Times: user=0.53 sys=0.01, real=0.05 secs] 
2014-04-09T14:33:49.845+0900: 110.302: [GC (Allocation Failure) 110.302: [ParNew: 59008K->6528K(59008K), 0.0461165 secs] 6200030K->6156224K(25159296K), 0.0464795 secs] [Times: user=0.53 sys=0.00, real=0.05 secs] 
2014-04-09T14:33:49.933+0900: 110.390: [GC (Allocation Failure) 110.390: [ParNew: 59008K->6528K(59008K), 0.0476722 secs] 6181981K->6137476K(25159296K), 0.0480364 secs] [Times: user=0.55 sys=0.01, real=0.05 secs] 
2014-04-09T14:33:50.024+0900: 110.481: [GC (Allocation Failure) 110.481: [ParNew: 59007K->6528K(59008K), 0.0556421 secs] 6160617K->6117203K(25159296K), 0.0560043 secs] [Times: user=0.64 sys=0.01, real=0.06 secs] 
2014-04-09T14:33:50.124+0900: 110.581: [GC (Allocation Failure) 110.581: [ParNew: 59008K->6528K(59008K), 0.0583737 secs] 6144630K->6101128K(25159296K), 0.0587326 secs] [Times: user=0.72 sys=0.01, real=0.06 secs] 
2014-04-09T14:33:50.231+0900: 110.688: [GC (Allocation Failure) 110.688: [ParNew: 59008K->6528K(59008K), 0.0449215 secs] 6123040K->6078870K(25159296K), 0.0452730 secs] [Times: user=0.54 sys=0.01, real=0.04 secs] 
2014-04-09T14:33:50.318+0900: 110.775: [GC (Allocation Failure) 110.775: [ParNew: 59008K->6528K(59008K), 0.0484183 secs] 6105426K->6062530K(25159296K), 0.0487838 secs] [Times: user=0.57 sys=0.00, real=0.05 secs] 
2014-04-09T14:33:50.408+0900: 110.864: [GC (Allocation Failure) 110.865: [ParNew: 59008K->6528K(59008K), 0.0461916 secs] 6087602K->6043939K(25159296K), 0.0465501 secs] [Times: user=0.56 sys=0.00, real=0.05 secs] 
2014-04-09T14:33:50.499+0900: 110.956: [GC (Allocation Failure) 110.956: [ParNew: 59008K->6528K(59008K), 0.0437123 secs] 6066236K->6020974K(25159296K), 0.0440756 secs] [Times: user=0.53 sys=0.00, real=0.05 secs] 
2014-04-09T14:33:50.585+0900: 111.042: [GC (Allocation Failure) 111.042: [ParNew: 59008K->6528K(59008K), 0.0501760 secs] 6045277K->6002723K(25159296K), 0.0505509 secs] [Times: user=0.61 sys=0.01, real=0.05 secs] 
2014-04-09T14:33:50.677+0900: 111.133: [GC (Allocation Failure) 111.134: [ParNew: 59008K->6528K(59008K), 0.0541663 secs] 6029367K->5985304K(25159296K), 0.0545330 secs] [Times: user=0.66 sys=0.01, real=0.06 secs] 
2014-04-09T14:33:50.772+0900: 111.229: [GC (Allocation Failure) 111.229: [ParNew: 59008K->6528K(59008K), 0.0560849 secs] 6012933K->5969123K(25159296K), 0.0564497 secs] [Times: user=0.67 sys=0.00, real=0.05 secs] 
2014-04-09T14:33:50.869+0900: 111.326: [GC (Allocation Failure) 111.326: [ParNew: 59008K->6528K(59008K), 0.0571314 secs] 5995176K->5951327K(25159296K), 0.0575050 secs] [Times: user=0.69 sys=0.01, real=0.06 secs] 
2014-04-09T14:33:50.970+0900: 111.427: [GC (Allocation Failure) 111.427: [ParNew: 59008K->6528K(59008K), 0.0606002 secs] 5981847K->5937009K(25159296K), 0.0609643 secs] [Times: user=0.74 sys=0.01, real=0.06 secs] 
2014-04-09T14:33:51.075+0900: 111.532: [GC (Allocation Failure) 111.532: [ParNew: 59008K->6528K(59008K), 0.0440745 secs] 5961682K->5917065K(25159296K), 0.0444353 secs] [Times: user=0.53 sys=0.00, real=0.04 secs] 
2014-04-09T14:33:51.160+0900: 111.617: [GC (Allocation Failure) 111.617: [ParNew: 59008K->6528K(59008K), 0.0560887 secs] 5943312K->5900202K(25159296K), 0.0564530 secs] [Times: user=0.68 sys=0.00, real=0.05 secs] 
2014-04-09T14:33:51.257+0900: 111.713: [GC (Allocation Failure) 111.714: [ParNew: 59008K->6528K(59008K), 0.0559857 secs] 5926638K->5882925K(25159296K), 0.0563497 secs] [Times: user=0.68 sys=0.01, real=0.06 secs] 
2014-04-09T14:33:51.353+0900: 111.810: [GC (Allocation Failure) 111.810: [ParNew: 59008K->6528K(59008K), 0.0518827 secs] 5909938K->5865998K(25159296K), 0.0522670 secs] [Times: user=0.62 sys=0.01, real=0.05 secs] 
2014-04-09T14:33:51.448+0900: 111.905: [GC (Allocation Failure) 111.905: [ParNew: 59008K->6528K(59008K), 0.0573246 secs] 5891026K->5847139K(25159296K), 0.0576908 secs] [Times: user=0.70 sys=0.00, real=0.06 secs] 
2014-04-09T14:33:51.546+0900: 112.003: [GC (Allocation Failure) 112.003: [ParNew: 59008K->6528K(59008K), 0.0586758 secs] 5875161K->5830675K(25159296K), 0.0590447 secs] [Times: user=0.71 sys=0.01, real=0.06 secs] 
2014-04-09T14:33:51.648+0900: 112.104: [GC (Allocation Failure) 112.105: [ParNew: 59008K->6528K(59008K), 0.0544982 secs] 5858196K->5814308K(25159296K), 0.0548699 secs] [Times: user=0.66 sys=0.00, real=0.06 secs] 
2014-04-09T14:33:51.744+0900: 112.201: [GC (Allocation Failure) 112.201: [ParNew: 59008K->6528K(59008K), 0.0581945 secs] 5840947K->5797344K(25159296K), 0.0585584 secs] [Times: user=0.72 sys=0.00, real=0.06 secs] 
2014-04-09T14:33:51.844+0900: 112.301: [GC (Allocation Failure) 112.301: [ParNew: 59008K->6528K(59008K), 0.0485841 secs] 5823568K->5780117K(25159296K), 0.0489608 secs] [Times: user=0.57 sys=0.00, real=0.05 secs] 
2014-04-09T14:33:51.934+0900: 112.391: [GC (Allocation Failure) 112.391: [ParNew: 59008K->6528K(59008K), 0.0467708 secs] 5806084K->5762050K(25159296K), 0.0471379 secs] [Times: user=0.55 sys=0.01, real=0.05 secs] 
2014-04-09T14:33:52.025+0900: 112.481: [GC (Allocation Failure) 112.482: [ParNew: 59008K->6528K(59008K), 0.0506161 secs] 5786025K->5741565K(25159296K), 0.0509862 secs] [Times: user=0.61 sys=0.00, real=0.05 secs] 
2014-04-09T14:33:52.122+0900: 112.579: [GC (Allocation Failure) 112.579: [ParNew: 59008K->6528K(59008K), 0.0462961 secs] 5774601K->5730166K(25159296K), 0.0466633 secs] [Times: user=0.55 sys=0.01, real=0.04 secs] 
2014-04-09T14:33:52.215+0900: 112.672: [GC (Allocation Failure) 112.672: [ParNew: 59008K->6528K(59008K), 0.0542300 secs] 5764804K->5721251K(25159296K), 0.0545920 secs] [Times: user=0.66 sys=0.00, real=0.05 secs] 
2014-04-09T14:33:52.315+0900: 112.772: [GC (Allocation Failure) 112.772: [ParNew: 59008K->6528K(59008K), 0.0512386 secs] 5760661K->5716591K(25159296K), 0.0516042 secs] [Times: user=0.61 sys=0.02, real=0.05 secs] 
2014-04-09T14:33:52.415+0900: 112.871: [GC (Allocation Failure) 112.872: [ParNew: 59008K->6528K(59008K), 0.0465566 secs] 5752583K->5707778K(25159296K), 0.0469176 secs] [Times: user=0.55 sys=0.01, real=0.05 secs] 
2014-04-09T14:33:52.501+0900: 112.957: [GC (Allocation Failure) 112.958: [ParNew: 59008K->6528K(59008K), 0.0524091 secs] 5747659K->5704623K(25159296K), 0.0527658 secs] [Times: user=0.63 sys=0.00, real=0.05 secs] 
2014-04-09T14:33:52.594+0900: 113.051: [GC (Allocation Failure) 113.051: [ParNew: 59008K->6528K(59008K), 0.0491088 secs] 5757103K->5713277K(25159296K), 0.0494678 secs] [Times: user=0.60 sys=0.00, real=0.05 secs] 
2014-04-09T14:33:52.685+0900: 113.142: [GC (Allocation Failure) 113.142: [ParNew: 59008K->6528K(59008K), 0.0598794 secs] 5765757K->5721561K(25159296K), 0.0602519 secs] [Times: user=0.71 sys=0.02, real=0.06 secs] 
2014-04-09T14:33:52.757+0900: 113.214: [CMS-concurrent-sweep: 4.830/11.119 secs] [Times: user=121.34 sys=14.54, real=11.11 secs] 
2014-04-09T14:33:52.758+0900: 113.214: [CMS-concurrent-reset-start]
2014-04-09T14:33:52.798+0900: 113.254: [GC (Allocation Failure) 113.255: [ParNew: 59008K->6528K(59008K), 0.0532199 secs] 5774041K->5730558K(25159296K), 0.0535872 secs] [Times: user=0.64 sys=0.01, real=0.06 secs] 
2014-04-09T14:33:52.893+0900: 113.350: [CMS-concurrent-reset: 0.080/0.135 secs] [Times: user=1.25 sys=0.15, real=0.14 secs] 
2014-04-09T14:33:52.910+0900: 113.367: [GC (Allocation Failure) 113.367: [ParNew: 59008K->6528K(59008K), 0.0596084 secs] 5783038K->5739250K(25159296K), 0.0599691 secs] [Times: user=0.72 sys=0.00, real=0.06 secs] 
2014-04-09T14:33:53.007+0900: 113.464: [GC (Allocation Failure) 113.464: [ParNew: 59008K->6528K(59008K), 0.0536419 secs] 5791730K->5748120K(25159296K), 0.0540304 secs] [Times: user=0.64 sys=0.00, real=0.06 secs] 
2014-04-09T14:33:53.098+0900: 113.555: [GC (Allocation Failure) 113.555: [ParNew: 59008K->6528K(59008K), 0.0498416 secs] 5800600K->5756065K(25159296K), 0.0502051 secs] [Times: user=0.61 sys=0.00, real=0.05 secs] 
2014-04-09T14:33:53.190+0900: 113.646: [GC (Allocation Failure) 113.647: [ParNew: 59008K->6528K(59008K), 0.0609399 secs] 5808545K->5764870K(25159296K), 0.0613015 secs] [Times: user=0.73 sys=0.00, real=0.06 secs] 
2014-04-09T14:33:53.289+0900: 113.746: [GC (Allocation Failure) 113.746: [ParNew: 59008K->6528K(59008K), 0.0479076 secs] 5817350K->5773604K(25159296K), 0.0482730 secs] [Times: user=0.57 sys=0.00, real=0.05 secs] 
2014-04-09T14:33:53.381+0900: 113.838: [GC (Allocation Failure) 113.838: [ParNew: 59008K->6528K(59008K), 0.0573369 secs] 5826084K->5782326K(25159296K), 0.0576988 secs] [Times: user=0.69 sys=0.01, real=0.05 secs] 
2014-04-09T14:33:53.476+0900: 113.933: [GC (Allocation Failure) 113.933: [ParNew: 59008K->6528K(59008K), 0.0461830 secs] 5834806K->5791213K(25159296K), 0.0465408 secs] [Times: user=0.54 sys=0.01, real=0.05 secs] 
2014-04-09T14:33:53.561+0900: 114.018: [GC (Allocation Failure) 114.018: [ParNew: 59008K->6528K(59008K), 0.0482385 secs] 5843693K->5800506K(25159296K), 0.0486021 secs] [Times: user=0.57 sys=0.02, real=0.05 secs] 
2014-04-09T14:33:53.647+0900: 114.104: [GC (Allocation Failure) 114.104: [ParNew: 59008K->6528K(59008K), 0.0447430 secs] 5852986K->5807889K(25159296K), 0.0451175 secs] [Times: user=0.53 sys=0.02, real=0.05 secs] 
2014-04-09T14:33:53.732+0900: 114.189: [GC (Allocation Failure) 114.189: [ParNew: 59008K->6528K(59008K), 0.0480894 secs] 5860369K->5816960K(25159296K), 0.0484434 secs] [Times: user=0.57 sys=0.01, real=0.05 secs] 
2014-04-09T14:33:53.824+0900: 114.281: [GC (Allocation Failure) 114.281: [ParNew: 59008K->6528K(59008K), 0.0444595 secs] 5869440K->5825339K(25159296K), 0.0448238 secs] [Times: user=0.53 sys=0.00, real=0.04 secs] 
2014-04-09T14:33:53.909+0900: 114.366: [GC (Allocation Failure) 114.366: [ParNew: 59008K->6528K(59008K), 0.0466236 secs] 5877819K->5834441K(25159296K), 0.0469920 secs] [Times: user=0.55 sys=0.01, real=0.04 secs] 
2014-04-09T14:33:53.995+0900: 114.452: [GC (Allocation Failure) 114.452: [ParNew: 59008K->6528K(59008K), 0.0513891 secs] 5886921K->5843419K(25159296K), 0.0517630 secs] [Times: user=0.62 sys=0.00, real=0.05 secs] 
2014-04-09T14:33:54.086+0900: 114.543: [GC (Allocation Failure) 114.543: [ParNew: 59008K->6528K(59008K), 0.0520985 secs] 5895899K->5852156K(25159296K), 0.0524812 secs] [Times: user=0.62 sys=0.02, real=0.05 secs] 
2014-04-09T14:33:54.178+0900: 114.635: [GC (Allocation Failure) 114.635: [ParNew: 59008K->6528K(59008K), 0.0510315 secs] 5904636K->5860585K(25159296K), 0.0514038 secs] [Times: user=0.61 sys=0.00, real=0.06 secs] 
2014-04-09T14:33:54.269+0900: 114.726: [GC (Allocation Failure) 114.726: [ParNew: 59008K->6527K(59008K), 0.0479011 secs] 5913065K->5869305K(25159296K), 0.0482816 secs] [Times: user=0.57 sys=0.00, real=0.05 secs] 
2014-04-09T14:33:54.357+0900: 114.814: [GC (Allocation Failure) 114.814: [ParNew: 59007K->6528K(59008K), 0.0501318 secs] 5921785K->5877981K(25159296K), 0.0505067 secs] [Times: user=0.61 sys=0.00, real=0.05 secs] 
2014-04-09T14:33:54.446+0900: 114.903: [GC (Allocation Failure) 114.903: [ParNew: 59008K->6528K(59008K), 0.0541318 secs] 5930461K->5887047K(25159296K), 0.0544977 secs] [Times: user=0.65 sys=0.01, real=0.06 secs] 
2014-04-09T14:33:54.539+0900: 114.995: [GC (Allocation Failure) 114.996: [ParNew: 59008K->6528K(59008K), 0.0575542 secs] 5939527K->5895418K(25159296K), 0.0579162 secs] [Times: user=0.70 sys=0.00, real=0.06 secs] 
2014-04-09T14:33:54.635+0900: 115.092: [GC (Allocation Failure) 115.092: [ParNew: 59008K->6528K(59008K), 0.0579751 secs] 5947898K->5904743K(25159296K), 0.0583506 secs] [Times: user=0.69 sys=0.01, real=0.06 secs] 
2014-04-09T14:33:54.732+0900: 115.189: [GC (Allocation Failure) 115.189: [ParNew: 59008K->6528K(59008K), 0.0579244 secs] 5957223K->5912926K(25159296K), 0.0582836 secs] [Times: user=0.72 sys=0.00, real=0.06 secs] 
2014-04-09T14:33:54.829+0900: 115.286: [GC (Allocation Failure) 115.286: [ParNew: 59008K->6528K(59008K), 0.0580525 secs] 5965406K->5921242K(25159296K), 0.0584190 secs] [Times: user=0.71 sys=0.01, real=0.06 secs] 
2014-04-09T14:33:54.928+0900: 115.385: [GC (Allocation Failure) 115.385: [ParNew: 59008K->6528K(59008K), 0.0538334 secs] 5973722K->5930582K(25159296K), 0.0541916 secs] [Times: user=0.64 sys=0.01, real=0.06 secs] 
2014-04-09T14:33:55.023+0900: 115.480: [GC (Allocation Failure) 115.480: [ParNew: 59008K->6528K(59008K), 0.0479343 secs] 5983062K->5939107K(25159296K), 0.0482987 secs] [Times: user=0.60 sys=0.01, real=0.05 secs] 
2014-04-09T14:33:55.109+0900: 115.566: [GC (Allocation Failure) 115.566: [ParNew: 59008K->6528K(59008K), 0.0514689 secs] 5991587K->5947687K(25159296K), 0.0518341 secs] [Times: user=0.62 sys=0.01, real=0.06 secs] 
2014-04-09T14:33:55.205+0900: 115.662: [GC (Allocation Failure) 115.662: [ParNew: 59008K->6528K(59008K), 0.0585948 secs] 6000167K->5955337K(25159296K), 0.0589551 secs] [Times: user=0.71 sys=0.00, real=0.06 secs] 
2014-04-09T14:33:55.305+0900: 115.762: [GC (Allocation Failure) 115.762: [ParNew: 59008K->6528K(59008K), 0.0549243 secs] 6007817K->5963803K(25159296K), 0.0552884 secs] [Times: user=0.66 sys=0.00, real=0.06 secs] 
2014-04-09T14:33:55.400+0900: 115.857: [GC (Allocation Failure) 115.857: [ParNew: 59008K->6528K(59008K), 0.0475818 secs] 6016283K->5972830K(25159296K), 0.0479558 secs] [Times: user=0.57 sys=0.01, real=0.05 secs] 
2014-04-09T14:33:55.490+0900: 115.947: [GC (Allocation Failure) 115.947: [ParNew: 59008K->6528K(59008K), 0.0567744 secs] 6025310K->5981198K(25159296K), 0.0571368 secs] [Times: user=0.70 sys=0.00, real=0.06 secs] 
2014-04-09T14:33:55.586+0900: 116.043: [GC (Allocation Failure) 116.043: [ParNew: 59008K->6528K(59008K), 0.0477385 secs] 6033678K->5989581K(25159296K), 0.0481057 secs] [Times: user=0.57 sys=0.01, real=0.05 secs] 
2014-04-09T14:33:55.672+0900: 116.128: [GC (Allocation Failure) 116.129: [ParNew: 58987K->6528K(59008K), 0.0574312 secs] 6042041K->5998600K(25159296K), 0.0578047 secs] [Times: user=0.69 sys=0.01, real=0.05 secs] 
2014-04-09T14:33:55.768+0900: 116.225: [GC (Allocation Failure) 116.225: [ParNew: 59008K->6528K(59008K), 0.0477247 secs] 6051080K->6006320K(25159296K), 0.0480942 secs] [Times: user=0.57 sys=0.01, real=0.05 secs] 
2014-04-09T14:33:55.856+0900: 116.313: [GC (Allocation Failure) 116.313: [ParNew: 59008K->6528K(59008K), 0.0505963 secs] 6058800K->6014726K(25159296K), 0.0509763 secs] [Times: user=0.62 sys=0.01, real=0.05 secs] 
2014-04-09T14:33:55.946+0900: 116.403: [GC (Allocation Failure) 116.403: [ParNew: 59008K->6528K(59008K), 0.0531204 secs] 6067206K->6023789K(25159296K), 0.0534930 secs] [Times: user=0.64 sys=0.00, real=0.05 secs] 
2014-04-09T14:33:56.038+0900: 116.495: [GC (Allocation Failure) 116.495: [ParNew: 59008K->6528K(59008K), 0.0517821 secs] 6076269K->6032005K(25159296K), 0.0521474 secs] [Times: user=0.63 sys=0.00, real=0.05 secs] 
2014-04-09T14:33:56.130+0900: 116.587: [GC (Allocation Failure) 116.587: [ParNew: 59008K->6528K(59008K), 0.0590674 secs] 6084485K->6040938K(25159296K), 0.0594351 secs] [Times: user=0.73 sys=0.01, real=0.06 secs] 
2014-04-09T14:33:56.227+0900: 116.684: [GC (Allocation Failure) 116.684: [ParNew: 59008K->6528K(59008K), 0.0581233 secs] 6093418K->6049956K(25159296K), 0.0584896 secs] [Times: user=0.71 sys=0.00, real=0.06 secs] 
2014-04-09T14:33:56.326+0900: 116.782: [GC (Allocation Failure) 116.783: [ParNew: 59008K->6528K(59008K), 0.0576083 secs] 6102436K->6057990K(25159296K), 0.0579714 secs] [Times: user=0.69 sys=0.01, real=0.06 secs] 
2014-04-09T14:33:56.423+0900: 116.880: [GC (Allocation Failure) 116.880: [ParNew: 59008K->6528K(59008K), 0.0473177 secs] 6110470K->6066194K(25159296K), 0.0476891 secs] [Times: user=0.56 sys=0.01, real=0.05 secs] 
2014-04-09T14:33:56.510+0900: 116.966: [GC (Allocation Failure) 116.967: [ParNew: 59008K->6528K(59008K), 0.0472529 secs] 6118674K->6075616K(25159296K), 0.0476190 secs] [Times: user=0.56 sys=0.01, real=0.05 secs] 
2014-04-09T14:33:56.595+0900: 117.052: [GC (Allocation Failure) 117.052: [ParNew: 59008K->6528K(59008K), 0.0489637 secs] 6128096K->6083757K(25159296K), 0.0493390 secs] [Times: user=0.59 sys=0.01, real=0.05 secs] 
2014-04-09T14:33:56.683+0900: 117.139: [GC (Allocation Failure) 117.140: [ParNew: 59008K->6528K(59008K), 0.0508697 secs] 6136237K->6092398K(25159296K), 0.0512337 secs] [Times: user=0.61 sys=0.01, real=0.05 secs] 
2014-04-09T14:33:56.774+0900: 117.231: [GC (Allocation Failure) 117.231: [ParNew: 59008K->6528K(59008K), 0.0594989 secs] 6144878K->6101191K(25159296K), 0.0598643 secs] [Times: user=0.72 sys=0.01, real=0.06 secs] 
2014-04-09T14:33:56.874+0900: 117.331: [GC (Allocation Failure) 117.331: [ParNew: 59008K->6528K(59008K), 0.0485456 secs] 6153671K->6109115K(25159296K), 0.0489102 secs] [Times: user=0.56 sys=0.02, real=0.05 secs] 
2014-04-09T14:33:56.962+0900: 117.419: [GC (Allocation Failure) 117.419: [ParNew: 59008K->6528K(59008K), 0.0511900 secs] 6161595K->6117890K(25159296K), 0.0515621 secs] [Times: user=0.62 sys=0.00, real=0.05 secs] 
2014-04-09T14:33:57.054+0900: 117.511: [GC (Allocation Failure) 117.511: [ParNew: 59008K->6528K(59008K), 0.0514350 secs] 6170370K->6126347K(25159296K), 0.0518040 secs] [Times: user=0.63 sys=0.01, real=0.05 secs] 
2014-04-09T14:33:57.145+0900: 117.601: [GC (Allocation Failure) 117.602: [ParNew: 59008K->6528K(59008K), 0.0598028 secs] 6178827K->6136067K(25159296K), 0.0601679 secs] [Times: user=0.73 sys=0.00, real=0.06 secs] 
2014-04-09T14:33:57.245+0900: 117.702: [GC (Allocation Failure) 117.702: [ParNew: 59008K->6528K(59008K), 0.0469253 secs] 6188547K->6144170K(25159296K), 0.0472985 secs] [Times: user=0.56 sys=0.01, real=0.05 secs] 
2014-04-09T14:33:57.339+0900: 117.796: [GC (Allocation Failure) 117.796: [ParNew: 59008K->6528K(59008K), 0.0454552 secs] 6196650K->6152551K(25159296K), 0.0458242 secs] [Times: user=0.53 sys=0.01, real=0.05 secs] 
2014-04-09T14:33:57.429+0900: 117.886: [GC (Allocation Failure) 117.886: [ParNew: 59008K->6528K(59008K), 0.0493389 secs] 6205031K->6160933K(25159296K), 0.0496984 secs] [Times: user=0.58 sys=0.01, real=0.05 secs] 
2014-04-09T14:33:57.524+0900: 117.981: [GC (Allocation Failure) 117.981: [ParNew: 59008K->6528K(59008K), 0.0542020 secs] 6213413K->6169536K(25159296K), 0.0545678 secs] [Times: user=0.65 sys=0.01, real=0.05 secs] 
2014-04-09T14:33:57.617+0900: 118.074: [GC (Allocation Failure) 118.074: [ParNew: 59008K->6528K(59008K), 0.0576634 secs] 6222016K->6177768K(25159296K), 0.0580288 secs] [Times: user=0.69 sys=0.02, real=0.06 secs] 
2014-04-09T14:33:57.714+0900: 118.171: [GC (Allocation Failure) 118.171: [ParNew: 59008K->6528K(59008K), 0.0511576 secs] 6230248K->6186807K(25159296K), 0.0515294 secs] [Times: user=0.63 sys=0.01, real=0.05 secs] 
2014-04-09T14:33:57.803+0900: 118.260: [GC (Allocation Failure) 118.260: [ParNew: 58985K->6528K(59008K), 0.0531306 secs] 6239265K->6195953K(25159296K), 0.0534974 secs] [Times: user=0.64 sys=0.01, real=0.05 secs] 
2014-04-09T14:33:57.900+0900: 118.357: [GC (Allocation Failure) 118.357: [ParNew: 59008K->6528K(59008K), 0.0453374 secs] 6248433K->6203064K(25159296K), 0.0456981 secs] [Times: user=0.53 sys=0.01, real=0.05 secs] 
2014-04-09T14:33:57.985+0900: 118.442: [GC (Allocation Failure) 118.442: [ParNew: 59008K->6528K(59008K), 0.0545504 secs] 6255544K->6212570K(25159296K), 0.0549129 secs] [Times: user=0.65 sys=0.00, real=0.05 secs] 
2014-04-09T14:33:58.080+0900: 118.536: [GC (Allocation Failure) 118.537: [ParNew: 59008K->6528K(59008K), 0.0545182 secs] 6265050K->6221369K(25159296K), 0.0549159 secs] [Times: user=0.65 sys=0.00, real=0.06 secs] 
2014-04-09T14:33:58.173+0900: 118.630: [GC (Allocation Failure) 118.630: [ParNew: 59008K->6528K(59008K), 0.0598849 secs] 6273849K->6229914K(25159296K), 0.0602585 secs] [Times: user=0.74 sys=0.00, real=0.06 secs] 
2014-04-09T14:33:58.272+0900: 118.729: [GC (Allocation Failure) 118.729: [ParNew: 59008K->6528K(59008K), 0.0585448 secs] 6282394K->6238764K(25159296K), 0.0589110 secs] [Times: user=0.71 sys=0.00, real=0.06 secs] 
2014-04-09T14:33:58.376+0900: 118.833: [GC (Allocation Failure) 118.833: [ParNew: 59008K->6528K(59008K), 0.0445766 secs] 6291244K->6245252K(25159296K), 0.0449320 secs] [Times: user=0.53 sys=0.01, real=0.05 secs] 
2014-04-09T14:33:58.463+0900: 118.920: [GC (Allocation Failure) 118.920: [ParNew: 59008K->6528K(59008K), 0.0462977 secs] 6297732K->6254045K(25159296K), 0.0466709 secs] [Times: user=0.54 sys=0.01, real=0.04 secs] 
2014-04-09T14:33:58.549+0900: 119.006: [GC (Allocation Failure) 119.006: [ParNew: 59008K->6528K(59008K), 0.0510628 secs] 6306525K->6263406K(25159296K), 0.0514268 secs] [Times: user=0.60 sys=0.01, real=0.06 secs] 
2014-04-09T14:33:58.640+0900: 119.096: [GC (Allocation Failure) 119.097: [ParNew: 59008K->6528K(59008K), 0.0563589 secs] 6315886K->6272209K(25159296K), 0.0567156 secs] [Times: user=0.68 sys=0.01, real=0.06 secs] 
2014-04-09T14:33:58.735+0900: 119.192: [GC (Allocation Failure) 119.192: [ParNew: 59008K->6528K(59008K), 0.0539659 secs] 6324689K->6280866K(25159296K), 0.0543228 secs] [Times: user=0.64 sys=0.02, real=0.05 secs] 
2014-04-09T14:33:58.830+0900: 119.287: [GC (Allocation Failure) 119.287: [ParNew: 59008K->6528K(59008K), 0.0554523 secs] 6333346K->6290278K(25159296K), 0.0558097 secs] [Times: user=0.67 sys=0.00, real=0.05 secs] 
2014-04-09T14:33:58.925+0900: 119.382: [GC (Allocation Failure) 119.382: [ParNew: 59008K->6528K(59008K), 0.0517448 secs] 6342758K->6297640K(25159296K), 0.0521008 secs] [Times: user=0.64 sys=0.01, real=0.05 secs] 
2014-04-09T14:33:59.015+0900: 119.471: [GC (Allocation Failure) 119.472: [ParNew: 59008K->6528K(59008K), 0.0535702 secs] 6350120K->6306668K(25159296K), 0.0539333 secs] [Times: user=0.65 sys=0.00, real=0.05 secs] 
2014-04-09T14:33:59.112+0900: 119.569: [GC (Allocation Failure) 119.569: [ParNew: 59008K->6528K(59008K), 0.0563020 secs] 6359148K->6314593K(25159296K), 0.0566645 secs] [Times: user=0.68 sys=0.00, real=0.05 secs] 
2014-04-09T14:33:59.211+0900: 119.667: [GC (Allocation Failure) 119.668: [ParNew: 59008K->6528K(59008K), 0.0449289 secs] 6367073K->6323121K(25159296K), 0.0452853 secs] [Times: user=0.53 sys=0.01, real=0.04 secs] 
2014-04-09T14:33:59.295+0900: 119.752: [GC (Allocation Failure) 119.752: [ParNew: 59008K->6528K(59008K), 0.0561016 secs] 6375601K->6332597K(25159296K), 0.0564653 secs] [Times: user=0.68 sys=0.01, real=0.06 secs] 
2014-04-09T14:33:59.389+0900: 119.846: [GC (Allocation Failure) 119.846: [ParNew: 59008K->6528K(59008K), 0.0477292 secs] 6385077K->6340461K(25159296K), 0.0480930 secs] [Times: user=0.57 sys=0.01, real=0.05 secs] 
2014-04-09T14:33:59.477+0900: 119.934: [GC (Allocation Failure) 119.934: [ParNew: 59008K->6528K(59008K), 0.0514415 secs] 6392941K->6349262K(25159296K), 0.0517980 secs] [Times: user=0.61 sys=0.01, real=0.05 secs] 
2014-04-09T14:33:59.567+0900: 120.024: [GC (Allocation Failure) 120.024: [ParNew: 59008K->6528K(59008K), 0.0462771 secs] 6401742K->6357501K(25159296K), 0.0466434 secs] [Times: user=0.54 sys=0.01, real=0.05 secs] 
2014-04-09T14:33:59.653+0900: 120.110: [GC (Allocation Failure) 120.110: [ParNew: 59008K->6528K(59008K), 0.0529362 secs] 6409981K->6366009K(25159296K), 0.0532961 secs] [Times: user=0.64 sys=0.00, real=0.05 secs] 
2014-04-09T14:33:59.746+0900: 120.202: [GC (Allocation Failure) 120.203: [ParNew: 59008K->6528K(59008K), 0.0464582 secs] 6418489K->6374854K(25159296K), 0.0468221 secs] [Times: user=0.55 sys=0.01, real=0.05 secs] 
2014-04-09T14:33:59.832+0900: 120.288: [GC (Allocation Failure) 120.289: [ParNew: 59008K->6528K(59008K), 0.0475376 secs] 6427334K->6384084K(25159296K), 0.0479004 secs] [Times: user=0.57 sys=0.00, real=0.04 secs] 
2014-04-09T14:33:59.918+0900: 120.375: [GC (Allocation Failure) 120.375: [ParNew: 59008K->6528K(59008K), 0.0478039 secs] 6436564K->6392034K(25159296K), 0.0481759 secs] [Times: user=0.56 sys=0.00, real=0.05 secs] 
2014-04-09T14:34:00.005+0900: 120.462: [GC (Allocation Failure) 120.462: [ParNew: 59008K->6528K(59008K), 0.0468727 secs] 6444514K->6400525K(25159296K), 0.0472414 secs] [Times: user=0.55 sys=0.01, real=0.05 secs] 
2014-04-09T14:34:00.092+0900: 120.549: [GC (Allocation Failure) 120.549: [ParNew: 59008K->6528K(59008K), 0.0479399 secs] 6453005K->6410097K(25159296K), 0.0483084 secs] [Times: user=0.56 sys=0.01, real=0.05 secs] 
2014-04-09T14:34:00.179+0900: 120.636: [GC (Allocation Failure) 120.636: [ParNew: 59008K->6528K(59008K), 0.0453523 secs] 6462577K->6418481K(25159296K), 0.0457222 secs] [Times: user=0.54 sys=0.00, real=0.05 secs] 
2014-04-09T14:34:00.265+0900: 120.722: [GC (Allocation Failure) 120.722: [ParNew: 59008K->6528K(59008K), 0.0544288 secs] 6470961K->6428054K(25159296K), 0.0548038 secs] [Times: user=0.65 sys=0.00, real=0.05 secs] 
2014-04-09T14:34:00.358+0900: 120.814: [GC (Allocation Failure) 120.815: [ParNew: 59008K->6528K(59008K), 0.0574519 secs] 6480534K->6436658K(25159296K), 0.0578146 secs] [Times: user=0.70 sys=0.00, real=0.06 secs] 
2014-04-09T14:34:00.457+0900: 120.914: [GC (Allocation Failure) 120.914: [ParNew: 59008K->6528K(59008K), 0.0552702 secs] 6489138K->6444591K(25159296K), 0.0556434 secs] [Times: user=0.65 sys=0.01, real=0.06 secs] 
2014-04-09T14:34:00.551+0900: 121.008: [GC (Allocation Failure) 121.008: [ParNew: 59008K->6528K(59008K), 0.0477525 secs] 6497071K->6452913K(25159296K), 0.0481160 secs] [Times: user=0.56 sys=0.01, real=0.04 secs] 
2014-04-09T14:34:00.638+0900: 121.095: [GC (Allocation Failure) 121.095: [ParNew: 59008K->6528K(59008K), 0.0549983 secs] 6505393K->6462202K(25159296K), 0.0553663 secs] [Times: user=0.65 sys=0.00, real=0.06 secs] 
2014-04-09T14:34:00.737+0900: 121.194: [GC (Allocation Failure) 121.194: [ParNew: 59008K->6528K(59008K), 0.0446536 secs] 6514682K->6470198K(25159296K), 0.0450086 secs] [Times: user=0.51 sys=0.01, real=0.05 secs] 
2014-04-09T14:34:00.823+0900: 121.279: [GC (Allocation Failure) 121.280: [ParNew: 59008K->6528K(59008K), 0.0476300 secs] 6522678K->6479746K(25159296K), 0.0479871 secs] [Times: user=0.57 sys=0.01, real=0.05 secs] 
2014-04-09T14:34:00.910+0900: 121.367: [GC (Allocation Failure) 121.367: [ParNew: 59008K->6528K(59008K), 0.0532885 secs] 6532226K->6488456K(25159296K), 0.0536438 secs] [Times: user=0.64 sys=0.01, real=0.06 secs] 
2014-04-09T14:34:01.004+0900: 121.461: [GC (Allocation Failure) 121.461: [ParNew: 59008K->6528K(59008K), 0.0553201 secs] 6540936K->6496355K(25159296K), 0.0556804 secs] [Times: user=0.65 sys=0.01, real=0.05 secs] 
2014-04-09T14:34:01.098+0900: 121.555: [GC (Allocation Failure) 121.555: [ParNew: 59008K->6528K(59008K), 0.0591858 secs] 6548835K->6505021K(25159296K), 0.0595490 secs] [Times: user=0.72 sys=0.00, real=0.06 secs] 
2014-04-09T14:34:01.197+0900: 121.654: [GC (Allocation Failure) 121.654: [ParNew: 59008K->6528K(59008K), 0.0462078 secs] 6557501K->6513619K(25159296K), 0.0465906 secs] [Times: user=0.55 sys=0.01, real=0.05 secs] 
2014-04-09T14:34:01.280+0900: 121.737: [GC (Allocation Failure) 121.737: [ParNew: 59008K->6528K(59008K), 0.0467996 secs] 6566099K->6522335K(25159296K), 0.0471572 secs] [Times: user=0.55 sys=0.00, real=0.05 secs] 
2014-04-09T14:34:01.367+0900: 121.823: [GC (Allocation Failure) 121.824: [ParNew: 59008K->6528K(59008K), 0.0509622 secs] 6574815K->6531397K(25159296K), 0.0513184 secs] [Times: user=0.60 sys=0.01, real=0.05 secs] 
2014-04-09T14:34:01.458+0900: 121.915: [GC (Allocation Failure) 121.915: [ParNew: 59008K->6528K(59008K), 0.0548088 secs] 6583877K->6540760K(25159296K), 0.0551664 secs] [Times: user=0.66 sys=0.00, real=0.06 secs] 
2014-04-09T14:34:01.558+0900: 122.015: [GC (Allocation Failure) 122.015: [ParNew: 59008K->6528K(59008K), 0.0458927 secs] 6593240K->6548042K(25159296K), 0.0462620 secs] [Times: user=0.54 sys=0.02, real=0.05 secs] 
2014-04-09T14:34:01.644+0900: 122.101: [GC (Allocation Failure) 122.101: [ParNew: 58981K->6528K(59008K), 0.0520257 secs] 6600495K->6557225K(25159296K), 0.0523883 secs] [Times: user=0.62 sys=0.01, real=0.05 secs] 
2014-04-09T14:34:01.735+0900: 122.191: [GC (Allocation Failure) 122.192: [ParNew: 59008K->6528K(59008K), 0.0565146 secs] 6609705K->6566222K(25159296K), 0.0568721 secs] [Times: user=0.68 sys=0.01, real=0.06 secs] 
2014-04-09T14:34:01.833+0900: 122.290: [GC (Allocation Failure) 122.290: [ParNew: 59008K->6528K(59008K), 0.0518737 secs] 6618702K->6574876K(25159296K), 0.0522285 secs] [Times: user=0.62 sys=0.00, real=0.05 secs] 
2014-04-09T14:34:01.927+0900: 122.383: [GC (Allocation Failure) 122.384: [ParNew: 59008K->6528K(59008K), 0.0511380 secs] 6627356K->6583586K(25159296K), 0.0514956 secs] [Times: user=0.61 sys=0.01, real=0.05 secs] 
2014-04-09T14:34:02.018+0900: 122.474: [GC (Allocation Failure) 122.475: [ParNew: 59008K->6528K(59008K), 0.0589899 secs] 6636066K->6592395K(25159296K), 0.0593457 secs] [Times: user=0.72 sys=0.01, real=0.06 secs] 
2014-04-09T14:34:02.116+0900: 122.572: [GC (Allocation Failure) 122.573: [ParNew: 59008K->6528K(59008K), 0.0470622 secs] 6644875K->6599895K(25159296K), 0.0474199 secs] [Times: user=0.55 sys=0.01, real=0.05 secs] 
2014-04-09T14:34:02.206+0900: 122.663: [GC (Allocation Failure) 122.663: [ParNew: 59008K->6528K(59008K), 0.0514366 secs] 6652375K->6609293K(25159296K), 0.0517989 secs] [Times: user=0.62 sys=0.00, real=0.05 secs] 
2014-04-09T14:34:02.301+0900: 122.757: [GC (Allocation Failure) 122.758: [ParNew: 59008K->6528K(59008K), 0.0599316 secs] 6661773K->6617819K(25159296K), 0.0602866 secs] [Times: user=0.72 sys=0.01, real=0.06 secs] 
2014-04-09T14:34:02.400+0900: 122.857: [GC (Allocation Failure) 122.857: [ParNew: 59008K->6528K(59008K), 0.0601431 secs] 6670299K->6626722K(25159296K), 0.0604991 secs] [Times: user=0.73 sys=0.00, real=0.06 secs] 
2014-04-09T14:34:02.503+0900: 122.960: [GC (Allocation Failure) 122.960: [ParNew: 59008K->6528K(59008K), 0.0456345 secs] 6679202K->6635380K(25159296K), 0.0459885 secs] [Times: user=0.53 sys=0.01, real=0.04 secs] 
2014-04-09T14:34:02.591+0900: 123.048: [GC (Allocation Failure) 123.048: [ParNew: 59008K->6528K(59008K), 0.0474367 secs] 6687860K->6643178K(25159296K), 0.0477971 secs] [Times: user=0.56 sys=0.00, real=0.05 secs] 
2014-04-09T14:34:02.677+0900: 123.134: [GC (Allocation Failure) 123.134: [ParNew: 59008K->6528K(59008K), 0.0536138 secs] 6695658K->6651938K(25159296K), 0.0539771 secs] [Times: user=0.65 sys=0.00, real=0.06 secs] 
2014-04-09T14:34:02.770+0900: 123.227: [GC (Allocation Failure) 123.227: [ParNew: 59008K->6528K(59008K), 0.0450249 secs] 6704418K->6660138K(25159296K), 0.0453807 secs] [Times: user=0.52 sys=0.00, real=0.05 secs] 
2014-04-09T14:34:02.854+0900: 123.311: [GC (Allocation Failure) 123.311: [ParNew: 59008K->6528K(59008K), 0.0550377 secs] 6712618K->6670260K(25159296K), 0.0553921 secs] [Times: user=0.65 sys=0.01, real=0.05 secs] 
2014-04-09T14:34:02.947+0900: 123.404: [GC (Allocation Failure) 123.404: [ParNew: 59008K->6528K(59008K), 0.0491313 secs] 6722740K->6678202K(25159296K), 0.0495135 secs] [Times: user=0.57 sys=0.01, real=0.05 secs] 
2014-04-09T14:34:03.035+0900: 123.492: [GC (Allocation Failure) 123.492: [ParNew: 59008K->6528K(59008K), 0.0572044 secs] 6730682K->6687420K(25159296K), 0.0575954 secs] [Times: user=0.69 sys=0.01, real=0.06 secs] 
2014-04-09T14:34:03.132+0900: 123.588: [GC (Allocation Failure) 123.589: [ParNew: 59008K->6528K(59008K), 0.0535337 secs] 6739900K->6695508K(25159296K), 0.0538997 secs] [Times: user=0.66 sys=0.00, real=0.05 secs] 
2014-04-09T14:34:03.226+0900: 123.683: [GC (Allocation Failure) 123.683: [ParNew: 59008K->6528K(59008K), 0.0580258 secs] 6747988K->6703917K(25159296K), 0.0583901 secs] [Times: user=0.71 sys=0.01, real=0.06 secs] 
2014-04-09T14:34:03.324+0900: 123.781: [GC (Allocation Failure) 123.781: [ParNew: 59008K->6528K(59008K), 0.0446715 secs] 6756397K->6711901K(25159296K), 0.0450363 secs] [Times: user=0.51 sys=0.01, real=0.04 secs] 
2014-04-09T14:34:03.406+0900: 123.863: [GC (Allocation Failure) 123.863: [ParNew: 58955K->6528K(59008K), 0.0492209 secs] 6764328K->6721902K(25159296K), 0.0495883 secs] [Times: user=0.58 sys=0.02, real=0.05 secs] 
2014-04-09T14:34:03.494+0900: 123.951: [GC (Allocation Failure) 123.951: [ParNew: 59008K->6528K(59008K), 0.0495984 secs] 6774382K->6729891K(25159296K), 0.0499712 secs] [Times: user=0.60 sys=0.01, real=0.05 secs] 
2014-04-09T14:34:03.587+0900: 124.044: [GC (Allocation Failure) 124.044: [ParNew: 59008K->6528K(59008K), 0.0482239 secs] 6782371K->6739066K(25159296K), 0.0485857 secs] [Times: user=0.58 sys=0.00, real=0.05 secs] 
2014-04-09T14:34:03.675+0900: 124.131: [GC (Allocation Failure) 124.132: [ParNew: 59008K->6528K(59008K), 0.0445418 secs] 6791546K->6746835K(25159296K), 0.0449083 secs] [Times: user=0.51 sys=0.00, real=0.04 secs] 
2014-04-09T14:34:03.759+0900: 124.216: [GC (Allocation Failure) 124.216: [ParNew: 59008K->6528K(59008K), 0.0499271 secs] 6799315K->6755494K(25159296K), 0.0502953 secs] [Times: user=0.60 sys=0.01, real=0.05 secs] 
2014-04-09T14:34:03.848+0900: 124.305: [GC (Allocation Failure) 124.305: [ParNew: 59008K->6528K(59008K), 0.0538815 secs] 6807974K->6764966K(25159296K), 0.0542563 secs] [Times: user=0.65 sys=0.01, real=0.06 secs] 
2014-04-09T14:34:03.941+0900: 124.398: [GC (Allocation Failure) 124.398: [ParNew: 59008K->6528K(59008K), 0.0441430 secs] 6817446K->6772713K(25159296K), 0.0445108 secs] [Times: user=0.51 sys=0.01, real=0.05 secs] 
2014-04-09T14:34:04.024+0900: 124.481: [GC (Allocation Failure) 124.481: [ParNew: 59008K->6528K(59008K), 0.0604437 secs] 6825193K->6782077K(25159296K), 0.0608173 secs] [Times: user=0.72 sys=0.01, real=0.06 secs] 
2014-04-09T14:34:04.124+0900: 124.581: [GC (Allocation Failure) 124.581: [ParNew: 59008K->6528K(59008K), 0.0552204 secs] 6834557K->6790975K(25159296K), 0.0555894 secs] [Times: user=0.66 sys=0.01, real=0.05 secs] 
2014-04-09T14:34:04.219+0900: 124.676: [GC (Allocation Failure) 124.676: [ParNew: 59008K->6528K(59008K), 0.0548944 secs] 6843455K->6798840K(25159296K), 0.0552687 secs] [Times: user=0.66 sys=0.00, real=0.06 secs] 
2014-04-09T14:34:04.314+0900: 124.770: [GC (Allocation Failure) 124.771: [ParNew: 59008K->6528K(59008K), 0.0543274 secs] 6851320K->6807221K(25159296K), 0.0546912 secs] [Times: user=0.66 sys=0.01, real=0.05 secs] 
2014-04-09T14:34:04.407+0900: 124.864: [GC (Allocation Failure) 124.864: [ParNew: 59008K->6528K(59008K), 0.0554264 secs] 6859701K->6815449K(25159296K), 0.0557938 secs] [Times: user=0.67 sys=0.00, real=0.06 secs] 
2014-04-09T14:34:04.501+0900: 124.957: [GC (Allocation Failure) 124.958: [ParNew: 59008K->6528K(59008K), 0.0596321 secs] 6867929K->6824216K(25159296K), 0.0599998 secs] [Times: user=0.70 sys=0.00, real=0.06 secs] 
2014-04-09T14:34:04.599+0900: 125.056: [GC (Allocation Failure) 125.056: [ParNew: 59008K->6528K(59008K), 0.0549301 secs] 6876696K->6833785K(25159296K), 0.0552965 secs] [Times: user=0.65 sys=0.01, real=0.06 secs] 
2014-04-09T14:34:04.692+0900: 125.149: [GC (Allocation Failure) 125.149: [ParNew: 59008K->6528K(59008K), 0.0481685 secs] 6886265K->6839991K(25159296K), 0.0485443 secs] [Times: user=0.56 sys=0.01, real=0.04 secs] 
2014-04-09T14:34:04.780+0900: 125.237: [GC (Allocation Failure) 125.237: [ParNew: 59008K->6528K(59008K), 0.0573760 secs] 6892471K->6849424K(25159296K), 0.0577503 secs] [Times: user=0.69 sys=0.01, real=0.06 secs] 
2014-04-09T14:34:04.877+0900: 125.334: [GC (Allocation Failure) 125.334: [ParNew: 59008K->6528K(59008K), 0.0539270 secs] 6901904K->6858139K(25159296K), 0.0543024 secs] [Times: user=0.65 sys=0.01, real=0.06 secs] 
2014-04-09T14:34:04.971+0900: 125.428: [GC (Allocation Failure) 125.428: [ParNew: 59008K->6528K(59008K), 0.0554468 secs] 6910619K->6866750K(25159296K), 0.0558218 secs] [Times: user=0.66 sys=0.02, real=0.06 secs] 
2014-04-09T14:34:05.068+0900: 125.525: [GC (Allocation Failure) 125.525: [ParNew: 59008K->6528K(59008K), 0.0535852 secs] 6919230K->6875363K(25159296K), 0.0539546 secs] [Times: user=0.66 sys=0.00, real=0.06 secs] 
2014-04-09T14:34:05.160+0900: 125.617: [GC (Allocation Failure) 125.617: [ParNew: 59008K->6528K(59008K), 0.0475848 secs] 6927843K->6883796K(25159296K), 0.0479565 secs] [Times: user=0.53 sys=0.01, real=0.05 secs] 
2014-04-09T14:34:05.247+0900: 125.704: [GC (Allocation Failure) 125.704: [ParNew: 59008K->6528K(59008K), 0.0556371 secs] 6936276K->6892028K(25159296K), 0.0560016 secs] [Times: user=0.66 sys=0.01, real=0.06 secs] 
2014-04-09T14:34:05.341+0900: 125.798: [GC (Allocation Failure) 125.798: [ParNew: 59008K->6528K(59008K), 0.0553008 secs] 6944508K->6900509K(25159296K), 0.0556670 secs] [Times: user=0.65 sys=0.01, real=0.06 secs] 
2014-04-09T14:34:05.436+0900: 125.893: [GC (Allocation Failure) 125.893: [ParNew: 59008K->6528K(59008K), 0.0466755 secs] 6952989K->6909340K(25159296K), 0.0470495 secs] [Times: user=0.53 sys=0.01, real=0.05 secs] 
2014-04-09T14:34:05.521+0900: 125.978: [GC (Allocation Failure) 125.978: [ParNew: 59008K->6528K(59008K), 0.0551486 secs] 6961820K->6918138K(25159296K), 0.0555231 secs] [Times: user=0.66 sys=0.02, real=0.06 secs] 
2014-04-09T14:34:05.616+0900: 126.073: [GC (Allocation Failure) 126.073: [ParNew: 59008K->6528K(59008K), 0.0468241 secs] 6970618K->6926919K(25159296K), 0.0471891 secs] [Times: user=0.50 sys=0.01, real=0.05 secs] 
2014-04-09T14:34:05.702+0900: 126.159: [GC (Allocation Failure) 126.159: [ParNew: 59008K->6528K(59008K), 0.0492514 secs] 6979399K->6935470K(25159296K), 0.0496270 secs] [Times: user=0.54 sys=0.01, real=0.05 secs] 
2014-04-09T14:34:05.792+0900: 126.249: [GC (Allocation Failure) 126.249: [ParNew: 59008K->6528K(59008K), 0.0455434 secs] 6987950K->6943277K(25159296K), 0.0459084 secs] [Times: user=0.51 sys=0.00, real=0.04 secs] 
2014-04-09T14:34:05.877+0900: 126.334: [GC (Allocation Failure) 126.334: [ParNew: 59008K->6528K(59008K), 0.0496361 secs] 6995757K->6952373K(25159296K), 0.0499949 secs] [Times: user=0.57 sys=0.01, real=0.05 secs] 
2014-04-09T14:34:05.971+0900: 126.428: [GC (Allocation Failure) 126.428: [ParNew: 59008K->6528K(59008K), 0.0450981 secs] 7004853K->6961249K(25159296K), 0.0454604 secs] [Times: user=0.53 sys=0.00, real=0.05 secs] 
2014-04-09T14:34:06.061+0900: 126.518: [GC (Allocation Failure) 126.518: [ParNew: 59008K->6528K(59008K), 0.0447241 secs] 7013729K->6970241K(25159296K), 0.0450902 secs] [Times: user=0.52 sys=0.01, real=0.05 secs] 
2014-04-09T14:34:06.148+0900: 126.605: [GC (Allocation Failure) 126.605: [ParNew: 59008K->6528K(59008K), 0.0464057 secs] 7022721K->6978508K(25159296K), 0.0467612 secs] [Times: user=0.53 sys=0.02, real=0.05 secs] 
2014-04-09T14:34:06.232+0900: 126.689: [GC (Allocation Failure) 126.689: [ParNew: 59008K->6528K(59008K), 0.0486969 secs] 7030988K->6987045K(25159296K), 0.0490665 secs] [Times: user=0.56 sys=0.00, real=0.05 secs] 
2014-04-09T14:34:06.322+0900: 126.778: [GC (Allocation Failure) 126.779: [ParNew: 59008K->6528K(59008K), 0.0574111 secs] 7039525K->6996018K(25159296K), 0.0577810 secs] [Times: user=0.67 sys=0.01, real=0.05 secs] 
2014-04-09T14:34:06.418+0900: 126.875: [GC (Allocation Failure) 126.875: [ParNew: 59008K->6528K(59008K), 0.0451633 secs] 7048498K->7004140K(25159296K), 0.0455369 secs] [Times: user=0.52 sys=0.01, real=0.05 secs] 
2014-04-09T14:34:06.503+0900: 126.960: [GC (Allocation Failure) 126.960: [ParNew: 59008K->6528K(59008K), 0.0533582 secs] 7056620K->7013468K(25159296K), 0.0537224 secs] [Times: user=0.63 sys=0.00, real=0.05 secs] 
2014-04-09T14:34:06.598+0900: 127.055: [GC (Allocation Failure) 127.055: [ParNew: 59008K->6528K(59008K), 0.0452139 secs] 7065948K->7021568K(25159296K), 0.0455745 secs] [Times: user=0.51 sys=0.02, real=0.05 secs] 
2014-04-09T14:34:06.683+0900: 127.139: [GC (Allocation Failure) 127.140: [ParNew: 59008K->6528K(59008K), 0.0550190 secs] 7074048K->7030723K(25159296K), 0.0553875 secs] [Times: user=0.65 sys=0.02, real=0.05 secs] 
2014-04-09T14:34:06.781+0900: 127.237: [GC (Allocation Failure) 127.238: [ParNew: 59008K->6528K(59008K), 0.0482000 secs] 7083203K->7039080K(25159296K), 0.0485573 secs] [Times: user=0.55 sys=0.01, real=0.05 secs] 
2014-04-09T14:34:06.866+0900: 127.323: [GC (Allocation Failure) 127.323: [ParNew: 59008K->6528K(59008K), 0.0556796 secs] 7091560K->7048055K(25159296K), 0.0560425 secs] [Times: user=0.64 sys=0.02, real=0.06 secs] 
2014-04-09T14:34:06.961+0900: 127.418: [GC (Allocation Failure) 127.418: [ParNew: 59008K->6528K(59008K), 0.0550717 secs] 7100535K->7056557K(25159296K), 0.0554287 secs] [Times: user=0.66 sys=0.01, real=0.05 secs] 
2014-04-09T14:34:07.060+0900: 127.517: [GC (Allocation Failure) 127.517: [ParNew: 59008K->6528K(59008K), 0.0522726 secs] 7109037K->7064774K(25159296K), 0.0526408 secs] [Times: user=0.62 sys=0.02, real=0.06 secs] 
2014-04-09T14:34:07.152+0900: 127.609: [GC (Allocation Failure) 127.609: [ParNew: 59008K->6528K(59008K), 0.0463335 secs] 7117254K->7072968K(25159296K), 0.0466996 secs] [Times: user=0.51 sys=0.01, real=0.04 secs] 
2014-04-09T14:34:07.240+0900: 127.697: [GC (Allocation Failure) 127.697: [ParNew: 58989K->6528K(59008K), 0.0554629 secs] 7125429K->7082674K(25159296K), 0.0558282 secs] [Times: user=0.66 sys=0.01, real=0.06 secs] 
2014-04-09T14:34:07.336+0900: 127.793: [GC (Allocation Failure) 127.793: [ParNew: 59008K->6528K(59008K), 0.0450904 secs] 7135154K->7089462K(25159296K), 0.0454611 secs] [Times: user=0.52 sys=0.01, real=0.05 secs] 
2014-04-09T14:34:07.421+0900: 127.877: [GC (Allocation Failure) 127.878: [ParNew: 59008K->6528K(59008K), 0.0482374 secs] 7141942K->7098013K(25159296K), 0.0486004 secs] [Times: user=0.52 sys=0.01, real=0.05 secs] 
2014-04-09T14:34:07.509+0900: 127.966: [GC (Allocation Failure) 127.966: [ParNew: 59008K->6528K(59008K), 0.0581571 secs] 7150493K->7107292K(25159296K), 0.0585229 secs] [Times: user=0.69 sys=0.01, real=0.06 secs] 
2014-04-09T14:34:07.606+0900: 128.063: [GC (Allocation Failure) 128.063: [ParNew: 59008K->6528K(59008K), 0.0596912 secs] 7159772K->7116390K(25159296K), 0.0600546 secs] [Times: user=0.70 sys=0.00, real=0.06 secs] 
2014-04-09T14:34:07.709+0900: 128.166: [GC (Allocation Failure) 128.166: [ParNew: 59008K->6528K(59008K), 0.0493470 secs] 7168870K->7124297K(25159296K), 0.0497034 secs] [Times: user=0.54 sys=0.01, real=0.05 secs] 
2014-04-09T14:34:07.797+0900: 128.253: [GC (Allocation Failure) 128.254: [ParNew: 59008K->6528K(59008K), 0.0611625 secs] 7176777K->7133353K(25159296K), 0.0615196 secs] [Times: user=0.72 sys=0.01, real=0.06 secs] 
2014-04-09T14:34:07.900+0900: 128.357: [GC (Allocation Failure) 128.357: [ParNew: 59008K->6528K(59008K), 0.0560163 secs] 7185833K->7141201K(25159296K), 0.0563799 secs] [Times: user=0.65 sys=0.01, real=0.06 secs] 
2014-04-09T14:34:07.997+0900: 128.454: [GC (Allocation Failure) 128.454: [ParNew: 59008K->6528K(59008K), 0.0477266 secs] 7193681K->7149728K(25159296K), 0.0480849 secs] [Times: user=0.53 sys=0.01, real=0.05 secs] 
2014-04-09T14:34:08.084+0900: 128.541: [GC (Allocation Failure) 128.541: [ParNew: 59008K->6528K(59008K), 0.0563417 secs] 7202208K->7159407K(25159296K), 0.0567053 secs] [Times: user=0.67 sys=0.01, real=0.05 secs] 
2014-04-09T14:34:08.179+0900: 128.636: [GC (Allocation Failure) 128.636: [ParNew: 59008K->6528K(59008K), 0.0533069 secs] 7211887K->7167559K(25159296K), 0.0536700 secs] [Times: user=0.63 sys=0.01, real=0.06 secs] 
2014-04-09T14:34:08.271+0900: 128.728: [GC (Allocation Failure) 128.728: [ParNew: 59008K->6528K(59008K), 0.0499496 secs] 7220039K->7175937K(25159296K), 0.0503219 secs] [Times: user=0.58 sys=0.00, real=0.05 secs] 
2014-04-09T14:34:08.361+0900: 128.818: [GC (Allocation Failure) 128.818: [ParNew: 59008K->6528K(59008K), 0.0611886 secs] 7228417K->7185067K(25159296K), 0.0615523 secs] [Times: user=0.72 sys=0.01, real=0.07 secs] 
2014-04-09T14:34:08.461+0900: 128.918: [GC (Allocation Failure) 128.918: [ParNew: 59008K->6528K(59008K), 0.0578902 secs] 7237547K->7193213K(25159296K), 0.0582490 secs] [Times: user=0.68 sys=0.01, real=0.06 secs] 
2014-04-09T14:34:08.560+0900: 129.017: [GC (Allocation Failure) 129.017: [ParNew: 59008K->6528K(59008K), 0.0562291 secs] 7245693K->7202388K(25159296K), 0.0565963 secs] [Times: user=0.62 sys=0.02, real=0.06 secs] 
2014-04-09T14:34:08.660+0900: 129.117: [GC (Allocation Failure) 129.117: [ParNew: 59008K->6528K(59008K), 0.0524777 secs] 7254868K->7210674K(25159296K), 0.0528408 secs] [Times: user=0.64 sys=0.01, real=0.06 secs] 
2014-04-09T14:34:08.756+0900: 129.213: [GC (Allocation Failure) 129.213: [ParNew: 59008K->6528K(59008K), 0.0466404 secs] 7263154K->7218807K(25159296K), 0.0470053 secs] [Times: user=0.53 sys=0.01, real=0.05 secs] 
2014-04-09T14:34:08.842+0900: 129.299: [GC (Allocation Failure) 129.299: [ParNew: 58982K->6528K(59008K), 0.0484380 secs] 7271261K->7227563K(25159296K), 0.0488024 secs] [Times: user=0.56 sys=0.01, real=0.05 secs] 
2014-04-09T14:34:08.930+0900: 129.386: [GC (Allocation Failure) 129.387: [ParNew: 58992K->6528K(59008K), 0.0497312 secs] 7280028K->7236031K(25159296K), 0.0500964 secs] [Times: user=0.57 sys=0.01, real=0.05 secs] 
2014-04-09T14:34:09.021+0900: 129.478: [GC (Allocation Failure) 129.478: [ParNew: 59008K->6528K(59008K), 0.0533631 secs] 7288511K->7244567K(25159296K), 0.0537366 secs] [Times: user=0.63 sys=0.01, real=0.06 secs] 
2014-04-09T14:34:09.112+0900: 129.569: [GC (Allocation Failure) 129.569: [ParNew: 59008K->6528K(59008K), 0.0529133 secs] 7297047K->7254130K(25159296K), 0.0532863 secs] [Times: user=0.61 sys=0.01, real=0.06 secs] 
2014-04-09T14:34:09.211+0900: 129.667: [GC (Allocation Failure) 129.668: [ParNew: 59008K->6528K(59008K), 0.0602083 secs] 7306610K->7262276K(25159296K), 0.0605686 secs] [Times: user=0.71 sys=0.01, real=0.06 secs] 
2014-04-09T14:34:09.310+0900: 129.766: [GC (Allocation Failure) 129.767: [ParNew: 59008K->6528K(59008K), 0.0498894 secs] 7314756K->7271166K(25159296K), 0.0502477 secs] [Times: user=0.56 sys=0.01, real=0.05 secs] 
2014-04-09T14:34:09.404+0900: 129.860: [GC (Allocation Failure) 129.861: [ParNew: 59008K->6528K(59008K), 0.0552398 secs] 7323646K->7278713K(25159296K), 0.0555911 secs] [Times: user=0.66 sys=0.00, real=0.05 secs] 
2014-04-09T14:34:09.502+0900: 129.959: [GC (Allocation Failure) 129.959: [ParNew: 59008K->6528K(59008K), 0.0482806 secs] 7331193K->7286795K(25159296K), 0.0486318 secs] [Times: user=0.53 sys=0.02, real=0.05 secs] 
2014-04-09T14:34:09.587+0900: 130.044: [GC (Allocation Failure) 130.044: [ParNew: 59008K->6528K(59008K), 0.0554251 secs] 7339275K->7296363K(25159296K), 0.0557832 secs] [Times: user=0.65 sys=0.02, real=0.06 secs] 
2014-04-09T14:34:09.684+0900: 130.140: [GC (Allocation Failure) 130.141: [ParNew: 59008K->6528K(59008K), 0.0453268 secs] 7348843K->7304088K(25159296K), 0.0456829 secs] [Times: user=0.53 sys=0.01, real=0.04 secs] 
2014-04-09T14:34:09.768+0900: 130.225: [GC (Allocation Failure) 130.225: [ParNew: 59008K->6528K(59008K), 0.0505848 secs] 7356568K->7313876K(25159296K), 0.0509493 secs] [Times: user=0.59 sys=0.01, real=0.05 secs] 
2014-04-09T14:34:09.857+0900: 130.314: [GC (Allocation Failure) 130.314: [ParNew: 59008K->6528K(59008K), 0.0611587 secs] 7366356K->7322846K(25159296K), 0.0615126 secs] [Times: user=0.73 sys=0.01, real=0.06 secs] 
2014-04-09T14:34:09.957+0900: 130.414: [GC (Allocation Failure) 130.414: [ParNew: 59008K->6528K(59008K), 0.0492811 secs] 7375326K->7330574K(25159296K), 0.0496441 secs] [Times: user=0.56 sys=0.01, real=0.05 secs] 
2014-04-09T14:34:10.045+0900: 130.502: [GC (Allocation Failure) 130.502: [ParNew: 59008K->6528K(59008K), 0.0535713 secs] 7383054K->7339468K(25159296K), 0.0539281 secs] [Times: user=0.57 sys=0.02, real=0.05 secs] 
2014-04-09T14:34:10.138+0900: 130.595: [GC (Allocation Failure) 130.595: [ParNew: 59008K->6528K(59008K), 0.0483771 secs] 7391948K->7348407K(25159296K), 0.0487422 secs] [Times: user=0.56 sys=0.01, real=0.05 secs] 
2014-04-09T14:34:10.227+0900: 130.684: [GC (Allocation Failure) 130.684: [ParNew: 59008K->6528K(59008K), 0.0570533 secs] 7400887K->7357476K(25159296K), 0.0574084 secs] [Times: user=0.67 sys=0.01, real=0.06 secs] 
2014-04-09T14:34:10.324+0900: 130.781: [GC (Allocation Failure) 130.781: [ParNew: 59008K->6528K(59008K), 0.0489678 secs] 7409956K->7366382K(25159296K), 0.0493253 secs] [Times: user=0.55 sys=0.01, real=0.05 secs] 
2014-04-09T14:34:10.411+0900: 130.867: [GC (Allocation Failure) 130.868: [ParNew: 59008K->6528K(59008K), 0.0488038 secs] 7418862K->7376250K(25159296K), 0.0491585 secs] [Times: user=0.57 sys=0.01, real=0.05 secs] 
2014-04-09T14:34:10.499+0900: 130.956: [GC (Allocation Failure) 130.956: [ParNew: 59008K->6528K(59008K), 0.0594838 secs] 7428730K->7384540K(25159296K), 0.0598399 secs] [Times: user=0.71 sys=0.02, real=0.06 secs] 
2014-04-09T14:34:10.598+0900: 131.054: [GC (Allocation Failure) 131.055: [ParNew: 59008K->6528K(59008K), 0.0577222 secs] 7437020K->7393540K(25159296K), 0.0580783 secs] [Times: user=0.69 sys=0.01, real=0.06 secs] 
2014-04-09T14:34:10.694+0900: 131.151: [GC (Allocation Failure) 131.151: [ParNew: 59007K->6528K(59008K), 0.0518067 secs] 7446020K->7402489K(25159296K), 0.0521894 secs] [Times: user=0.59 sys=0.01, real=0.05 secs] 
2014-04-09T14:34:10.784+0900: 131.241: [GC (Allocation Failure) 131.241: [ParNew: 59008K->6528K(59008K), 0.0592266 secs] 7454969K->7411002K(25159296K), 0.0596003 secs] [Times: user=0.69 sys=0.02, real=0.06 secs] 
2014-04-09T14:34:10.881+0900: 131.338: [GC (Allocation Failure) 131.338: [ParNew: 59008K->6528K(59008K), 0.0503975 secs] 7463482K->7420047K(25159296K), 0.0507539 secs] [Times: user=0.58 sys=0.01, real=0.05 secs] 
2014-04-09T14:34:10.970+0900: 131.427: [GC (Allocation Failure) 131.427: [ParNew: 59008K->6528K(59008K), 0.0552849 secs] 7472527K->7428423K(25159296K), 0.0556454 secs] [Times: user=0.65 sys=0.00, real=0.06 secs] 
2014-04-09T14:34:11.064+0900: 131.521: [GC (Allocation Failure) 131.521: [ParNew: 59008K->6528K(59008K), 0.0496309 secs] 7480903K->7436221K(25159296K), 0.0499864 secs] [Times: user=0.58 sys=0.01, real=0.05 secs] 
2014-04-09T14:34:11.152+0900: 131.609: [GC (Allocation Failure) 131.609: [ParNew: 59008K->6528K(59008K), 0.0474078 secs] 7488701K->7444881K(25159296K), 0.0477666 secs] [Times: user=0.54 sys=0.01, real=0.05 secs] 
2014-04-09T14:34:11.240+0900: 131.697: [GC (Allocation Failure) 131.697: [ParNew: 58958K->6528K(59008K), 0.0492604 secs] 7497312K->7453812K(25159296K), 0.0496186 secs] [Times: user=0.56 sys=0.02, real=0.05 secs] 
2014-04-09T14:34:11.332+0900: 131.789: [GC (Allocation Failure) 131.789: [ParNew: 59008K->6528K(59008K), 0.0502809 secs] 7506292K->7462349K(25159296K), 0.0506461 secs] [Times: user=0.58 sys=0.01, real=0.06 secs] 
2014-04-09T14:34:11.423+0900: 131.879: [GC (Allocation Failure) 131.880: [ParNew: 59008K->6528K(59008K), 0.0581140 secs] 7514829K->7471703K(25159296K), 0.0584713 secs] [Times: user=0.68 sys=0.02, real=0.05 secs] 
2014-04-09T14:34:11.518+0900: 131.975: [GC (Allocation Failure) 131.975: [ParNew: 59008K->6528K(59008K), 0.0570892 secs] 7524183K->7480361K(25159296K), 0.0574469 secs] [Times: user=0.67 sys=0.01, real=0.06 secs] 
2014-04-09T14:34:11.615+0900: 132.072: [GC (Allocation Failure) 132.072: [ParNew: 59008K->6528K(59008K), 0.0481946 secs] 7532841K->7488957K(25159296K), 0.0485508 secs] [Times: user=0.54 sys=0.02, real=0.05 secs] 
2014-04-09T14:34:11.705+0900: 132.162: [GC (Allocation Failure) 132.162: [ParNew: 59008K->6528K(59008K), 0.0556683 secs] 7541437K->7498435K(25159296K), 0.0560267 secs] [Times: user=0.67 sys=0.01, real=0.05 secs] 
2014-04-09T14:34:11.797+0900: 132.254: [GC (Allocation Failure) 132.254: [ParNew: 59008K->6528K(59008K), 0.0476126 secs] 7550915K->7505902K(25159296K), 0.0479821 secs] [Times: user=0.56 sys=0.01, real=0.05 secs] 
2014-04-09T14:34:11.884+0900: 132.341: [GC (Allocation Failure) 132.341: [ParNew: 59008K->6526K(59008K), 0.0509279 secs] 7558382K->7514823K(25159296K), 0.0512829 secs] [Times: user=0.58 sys=0.01, real=0.05 secs] 
2014-04-09T14:34:11.976+0900: 132.432: [GC (Allocation Failure) 132.433: [ParNew: 59006K->6528K(59008K), 0.0510310 secs] 7567303K->7523685K(25159296K), 0.0513885 secs] [Times: user=0.59 sys=0.01, real=0.05 secs] 
2014-04-09T14:34:12.067+0900: 132.523: [GC (Allocation Failure) 132.524: [ParNew: 59008K->6528K(59008K), 0.0606559 secs] 7576165K->7532856K(25159296K), 0.0610086 secs] [Times: user=0.71 sys=0.02, real=0.06 secs] 
2014-04-09T14:34:12.167+0900: 132.624: [GC (Allocation Failure) 132.624: [ParNew: 59008K->6528K(59008K), 0.0489044 secs] 7585336K->7541412K(25159296K), 0.0492627 secs] [Times: user=0.56 sys=0.02, real=0.05 secs] 
2014-04-09T14:34:12.218+0900: 132.675: [GC (CMS Initial Mark) [1 CMS-initial-mark: 7534884K(25100288K)] 7541430K(25159296K), 0.0018864 secs] [Times: user=0.01 sys=0.00, real=0.00 secs] 
2014-04-09T14:34:12.220+0900: 132.677: [CMS-concurrent-mark-start]
2014-04-09T14:34:12.271+0900: 132.728: [GC (Allocation Failure) 132.728: [ParNew: 59008K->6528K(59008K), 0.0517016 secs] 7593892K->7550847K(25159296K), 0.0520695 secs] [Times: user=0.58 sys=0.01, real=0.06 secs] 
2014-04-09T14:34:12.373+0900: 132.830: [GC (Allocation Failure) 132.830: [ParNew: 59008K->6528K(59008K), 0.0475178 secs] 7603327K->7558749K(25159296K), 0.0478783 secs] [Times: user=0.53 sys=0.01, real=0.04 secs] 
2014-04-09T14:34:12.466+0900: 132.923: [GC (Allocation Failure) 132.923: [ParNew: 59008K->6528K(59008K), 0.0601812 secs] 7611229K->7568046K(25159296K), 0.0605377 secs] [Times: user=0.71 sys=0.00, real=0.06 secs] 
2014-04-09T14:34:12.576+0900: 133.033: [GC (Allocation Failure) 133.033: [ParNew: 59008K->6528K(59008K), 0.0625959 secs] 7620526K->7576378K(25159296K), 0.0629515 secs] [Times: user=0.73 sys=0.02, real=0.06 secs] 
2014-04-09T14:34:12.687+0900: 133.144: [GC (Allocation Failure) 133.144: [ParNew: 59008K->6528K(59008K), 0.0568819 secs] 7628858K->7585278K(25159296K), 0.0572403 secs] [Times: user=0.68 sys=0.00, real=0.06 secs] 
2014-04-09T14:34:12.799+0900: 133.256: [GC (Allocation Failure) 133.256: [ParNew: 59008K->6528K(59008K), 0.0514135 secs] 7637758K->7593530K(25159296K), 0.0517817 secs] [Times: user=0.58 sys=0.01, real=0.05 secs] 
2014-04-09T14:34:12.900+0900: 133.357: [GC (Allocation Failure) 133.357: [ParNew: 59008K->6528K(59008K), 0.0489024 secs] 7646010K->7602659K(25159296K), 0.0492593 secs] [Times: user=0.57 sys=0.01, real=0.05 secs] 
2014-04-09T14:34:12.997+0900: 133.454: [GC (Allocation Failure) 133.454: [ParNew: 59008K->6528K(59008K), 0.0594162 secs] 7655139K->7610761K(25159296K), 0.0597798 secs] [Times: user=0.71 sys=0.01, real=0.06 secs] 
2014-04-09T14:34:13.108+0900: 133.565: [GC (Allocation Failure) 133.565: [ParNew: 59008K->6528K(59008K), 0.0491812 secs] 7663241K->7618985K(25159296K), 0.0495483 secs] [Times: user=0.55 sys=0.01, real=0.05 secs] 
2014-04-09T14:34:13.206+0900: 133.663: [GC (Allocation Failure) 133.663: [ParNew: 59008K->6528K(59008K), 0.0486667 secs] 7671465K->7627732K(25159296K), 0.0490242 secs] [Times: user=0.56 sys=0.01, real=0.05 secs] 
2014-04-09T14:34:13.305+0900: 133.762: [GC (Allocation Failure) 133.762: [ParNew: 59008K->6528K(59008K), 0.0626321 secs] 7680212K->7637041K(25159296K), 0.0629910 secs] [Times: user=0.74 sys=0.02, real=0.06 secs] 
2014-04-09T14:34:13.422+0900: 133.878: [GC (Allocation Failure) 133.879: [ParNew: 59008K->6528K(59008K), 0.0577772 secs] 7689521K->7645776K(25159296K), 0.0581320 secs] [Times: user=0.67 sys=0.02, real=0.06 secs] 
2014-04-09T14:34:13.538+0900: 133.995: [GC (Allocation Failure) 133.995: [ParNew: 59008K->6528K(59008K), 0.0565180 secs] 7698256K->7654266K(25159296K), 0.0568704 secs] [Times: user=0.65 sys=0.02, real=0.06 secs] 
2014-04-09T14:34:13.644+0900: 134.100: [GC (Allocation Failure) 134.101: [ParNew: 59008K->6528K(59008K), 0.0475829 secs] 7706746K->7661983K(25159296K), 0.0479469 secs] [Times: user=0.53 sys=0.01, real=0.04 secs] 
2014-04-09T14:34:13.745+0900: 134.201: [GC (Allocation Failure) 134.202: [ParNew: 59008K->6528K(59008K), 0.0487514 secs] 7714463K->7670733K(25159296K), 0.0491089 secs] [Times: user=0.57 sys=0.01, real=0.05 secs] 
2014-04-09T14:34:13.849+0900: 134.306: [GC (Allocation Failure) 134.306: [ParNew: 59008K->6528K(59008K), 0.0501267 secs] 7723213K->7679970K(25159296K), 0.0504883 secs] [Times: user=0.57 sys=0.02, real=0.05 secs] 
2014-04-09T14:34:13.950+0900: 134.407: [GC (Allocation Failure) 134.407: [ParNew: 59008K->6528K(59008K), 0.0478159 secs] 7732450K->7688574K(25159296K), 0.0481750 secs] [Times: user=0.57 sys=0.00, real=0.05 secs] 
2014-04-09T14:34:14.048+0900: 134.505: [GC (Allocation Failure) 134.505: [ParNew: 59008K->6528K(59008K), 0.0520646 secs] 7741054K->7696967K(25159296K), 0.0524243 secs] [Times: user=0.61 sys=0.01, real=0.05 secs] 
2014-04-09T14:34:14.150+0900: 134.607: [GC (Allocation Failure) 134.607: [ParNew: 59008K->6528K(59008K), 0.0503562 secs] 7749447K->7705432K(25159296K), 0.0507244 secs] [Times: user=0.58 sys=0.01, real=0.05 secs] 
2014-04-09T14:34:14.250+0900: 134.707: [GC (Allocation Failure) 134.707: [ParNew: 59008K->6528K(59008K), 0.0549470 secs] 7757912K->7714859K(25159296K), 0.0553049 secs] [Times: user=0.63 sys=0.01, real=0.06 secs] 
2014-04-09T14:34:14.356+0900: 134.813: [GC (Allocation Failure) 134.813: [ParNew: 59008K->6528K(59008K), 0.0562174 secs] 7767339K->7723359K(25159296K), 0.0565761 secs] [Times: user=0.66 sys=0.02, real=0.06 secs] 
2014-04-09T14:34:14.464+0900: 134.921: [GC (Allocation Failure) 134.921: [ParNew: 59008K->6528K(59008K), 0.0556209 secs] 7775839K->7732560K(25159296K), 0.0559762 secs] [Times: user=0.67 sys=0.00, real=0.05 secs] 
2014-04-09T14:34:14.571+0900: 135.028: [GC (Allocation Failure) 135.028: [ParNew: 59008K->6528K(59008K), 0.0560909 secs] 7785040K->7741169K(25159296K), 0.0564569 secs] [Times: user=0.67 sys=0.01, real=0.06 secs] 
2014-04-09T14:34:14.658+0900: 135.115: [CMS-concurrent-mark: 1.161/2.438 secs] [Times: user=27.48 sys=3.04, real=2.44 secs] 
2014-04-09T14:34:14.658+0900: 135.115: [CMS-concurrent-preclean-start]
2014-04-09T14:34:14.674+0900: 135.131: [GC (Allocation Failure) 135.131: [ParNew: 59008K->6528K(59008K), 0.0489931 secs] 7793649K->7748858K(25159296K), 0.0493599 secs] [Times: user=0.57 sys=0.01, real=0.05 secs] 
2014-04-09T14:34:14.770+0900: 135.227: [GC (Allocation Failure) 135.227: [ParNew: 59008K->6528K(59008K), 0.0528110 secs] 7801338K->7757878K(25159296K), 0.0531768 secs] [Times: user=0.60 sys=0.01, real=0.06 secs] 
2014-04-09T14:34:14.868+0900: 135.325: [GC (Allocation Failure) 135.325: [ParNew: 59008K->6528K(59008K), 0.0607279 secs] 7810358K->7766791K(25159296K), 0.0610893 secs] [Times: user=0.72 sys=0.01, real=0.06 secs] 
2014-04-09T14:34:14.975+0900: 135.432: [GC (Allocation Failure) 135.432: [ParNew: 58985K->6528K(59008K), 0.0479079 secs] 7819248K->7775127K(25159296K), 0.0482620 secs] [Times: user=0.55 sys=0.02, real=0.05 secs] 
2014-04-09T14:34:15.072+0900: 135.529: [GC (Allocation Failure) 135.529: [ParNew: 59008K->6528K(59008K), 0.0562067 secs] 7827607K->7784351K(25159296K), 0.0565623 secs] [Times: user=0.66 sys=0.01, real=0.06 secs] 
2014-04-09T14:34:15.171+0900: 135.627: [GC (Allocation Failure) 135.628: [ParNew: 59008K->6528K(59008K), 0.0573203 secs] 7836831K->7792390K(25159296K), 0.0576784 secs] [Times: user=0.68 sys=0.01, real=0.06 secs] 
2014-04-09T14:34:15.269+0900: 135.726: [GC (Allocation Failure) 135.726: [ParNew: 59008K->6528K(59008K), 0.0467910 secs] 7844870K->7800547K(25159296K), 0.0471467 secs] [Times: user=0.50 sys=0.01, real=0.05 secs] 
2014-04-09T14:34:15.357+0900: 135.814: [GC (Allocation Failure) 135.814: [ParNew: 59008K->6528K(59008K), 0.0573377 secs] 7853027K->7809821K(25159296K), 0.0576951 secs] [Times: user=0.66 sys=0.01, real=0.06 secs] 
2014-04-09T14:34:15.455+0900: 135.912: [GC (Allocation Failure) 135.912: [ParNew: 59008K->6528K(59008K), 0.0520290 secs] 7862301K->7818973K(25159296K), 0.0523855 secs] [Times: user=0.60 sys=0.02, real=0.05 secs] 
2014-04-09T14:34:15.551+0900: 136.008: [GC (Allocation Failure) 136.008: [ParNew: 59008K->6528K(59008K), 0.0570156 secs] 7871453K->7827659K(25159296K), 0.0573706 secs] [Times: user=0.66 sys=0.01, real=0.06 secs] 
2014-04-09T14:34:15.649+0900: 136.106: [GC (Allocation Failure) 136.106: [ParNew: 59008K->6528K(59008K), 0.0561175 secs] 7880139K->7835672K(25159296K), 0.0564865 secs] [Times: user=0.66 sys=0.01, real=0.06 secs] 
2014-04-09T14:34:15.748+0900: 136.205: [GC (Allocation Failure) 136.205: [ParNew: 59008K->6528K(59008K), 0.0567178 secs] 7888152K->7844173K(25159296K), 0.0570732 secs] [Times: user=0.68 sys=0.01, real=0.06 secs] 
2014-04-09T14:34:15.847+0900: 136.304: [GC (Allocation Failure) 136.304: [ParNew: 59008K->6528K(59008K), 0.0485910 secs] 7896653K->7852402K(25159296K), 0.0489573 secs] [Times: user=0.55 sys=0.01, real=0.05 secs] 
2014-04-09T14:34:15.938+0900: 136.395: [GC (Allocation Failure) 136.395: [ParNew: 59008K->6528K(59008K), 0.0485780 secs] 7904882K->7861373K(25159296K), 0.0489361 secs] [Times: user=0.56 sys=0.02, real=0.05 secs] 
2014-04-09T14:34:16.027+0900: 136.484: [GC (Allocation Failure) 136.484: [ParNew: 59008K->6528K(59008K), 0.0496144 secs] 7913853K->7870568K(25159296K), 0.0499780 secs] [Times: user=0.57 sys=0.01, real=0.05 secs] 
2014-04-09T14:34:16.118+0900: 136.575: [GC (Allocation Failure) 136.575: [ParNew: 58976K->6528K(59008K), 0.0573846 secs] 7923017K->7879132K(25159296K), 0.0577418 secs] [Times: user=0.69 sys=0.02, real=0.06 secs] 
2014-04-09T14:34:16.218+0900: 136.675: [GC (Allocation Failure) 136.675: [ParNew: 59008K->6528K(59008K), 0.0478100 secs] 7931612K->7887246K(25159296K), 0.0481662 secs] [Times: user=0.56 sys=0.01, real=0.05 secs] 
2014-04-09T14:34:16.307+0900: 136.764: [GC (Allocation Failure) 136.764: [ParNew: 59008K->6528K(59008K), 0.0586055 secs] 7939726K->7895951K(25159296K), 0.0589620 secs] [Times: user=0.69 sys=0.00, real=0.06 secs] 
2014-04-09T14:34:16.411+0900: 136.868: [GC (Allocation Failure) 136.868: [ParNew: 59008K->6528K(59008K), 0.0462419 secs] 7948431K->7904140K(25159296K), 0.0465932 secs] [Times: user=0.55 sys=0.01, real=0.05 secs] 
2014-04-09T14:34:16.500+0900: 136.957: [GC (Allocation Failure) 136.957: [ParNew: 59008K->6528K(59008K), 0.0575630 secs] 7956620K->7913543K(25159296K), 0.0579240 secs] [Times: user=0.67 sys=0.01, real=0.06 secs] 
2014-04-09T14:34:16.598+0900: 137.055: [GC (Allocation Failure) 137.055: [ParNew: 59008K->6528K(59008K), 0.0485595 secs] 7966023K->7921980K(25159296K), 0.0489170 secs] [Times: user=0.55 sys=0.02, real=0.05 secs] 
2014-04-09T14:34:16.687+0900: 137.144: [GC (Allocation Failure) 137.144: [ParNew: 59008K->6528K(59008K), 0.0583871 secs] 7974460K->7929577K(25159296K), 0.0587465 secs] [Times: user=0.70 sys=0.01, real=0.06 secs] 
2014-04-09T14:34:16.789+0900: 137.245: [GC (Allocation Failure) 137.246: [ParNew: 59008K->6528K(59008K), 0.0471929 secs] 7982057K->7937838K(25159296K), 0.0475479 secs] [Times: user=0.55 sys=0.01, real=0.05 secs] 
2014-04-09T14:34:16.879+0900: 137.336: [GC (Allocation Failure) 137.336: [ParNew: 59008K->6528K(59008K), 0.0477658 secs] 7990318K->7946262K(25159296K), 0.0481227 secs] [Times: user=0.56 sys=0.00, real=0.05 secs] 
2014-04-09T14:34:16.965+0900: 137.422: [GC (Allocation Failure) 137.422: [ParNew: 59008K->6528K(59008K), 0.0487893 secs] 7998742K->7955818K(25159296K), 0.0491491 secs] [Times: user=0.57 sys=0.01, real=0.05 secs] 
2014-04-09T14:34:17.053+0900: 137.510: [GC (Allocation Failure) 137.510: [ParNew: 59008K->6528K(59008K), 0.0565770 secs] 8008298K->7964660K(25159296K), 0.0569429 secs] [Times: user=0.66 sys=0.01, real=0.05 secs] 
2014-04-09T14:34:17.150+0900: 137.607: [GC (Allocation Failure) 137.607: [ParNew: 59008K->6528K(59008K), 0.0541204 secs] 8017140K->7973274K(25159296K), 0.0544842 secs] [Times: user=0.65 sys=0.01, real=0.06 secs] 
2014-04-09T14:34:17.250+0900: 137.707: [GC (Allocation Failure) 137.707: [ParNew: 59008K->6528K(59008K), 0.0452034 secs] 8025754K->7981181K(25159296K), 0.0455639 secs] [Times: user=0.52 sys=0.01, real=0.05 secs] 
2014-04-09T14:34:17.404+0900: 137.861: [CMS-concurrent-preclean: 1.118/2.746 secs] [Times: user=28.87 sys=3.54, real=2.75 secs] 
2014-04-09T14:34:17.405+0900: 137.862: [GC (Allocation Failure) 137.862: [ParNew: 59008K->6528K(59008K), 0.0488057 secs] 8033661K->7990455K(25159296K), 0.0491541 secs] [Times: user=0.58 sys=0.01, real=0.05 secs] 
2014-04-09T14:34:17.456+0900: 137.913: [GC (CMS Final Remark) [YG occupancy: 6540 K (59008 K)]137.913: [Rescan (parallel) , 0.0186337 secs]137.931: [weak refs processing, 0.0115246 secs]137.943: [class unloading, 0.0422660 secs]137.985: [scrub symbol table, 0.0043389 secs]137.990: [scrub string table, 0.0012118 secs][1 CMS-remark: 7983927K(25100288K)] 7990467K(25159296K), 0.0908481 secs] [Times: user=0.31 sys=0.00, real=0.09 secs] 
2014-04-09T14:34:17.547+0900: 138.004: [CMS-concurrent-sweep-start]
2014-04-09T14:34:17.595+0900: 138.052: [GC (Allocation Failure) 138.052: [ParNew: 59008K->6528K(59008K), 0.0505422 secs] 8029885K->7985805K(25159296K), 0.0508985 secs] [Times: user=0.62 sys=0.00, real=0.05 secs] 
2014-04-09T14:34:17.686+0900: 138.143: [GC (Allocation Failure) 138.143: [ParNew: 59008K->6528K(59008K), 0.0483100 secs] 8021438K->7977606K(25159296K), 0.0486755 secs] [Times: user=0.58 sys=0.00, real=0.05 secs] 
2014-04-09T14:34:17.775+0900: 138.232: [GC (Allocation Failure) 138.232: [ParNew: 59008K->6528K(59008K), 0.0443015 secs] 8011185K->7967201K(25159296K), 0.0446604 secs] [Times: user=0.54 sys=0.00, real=0.04 secs] 
2014-04-09T14:34:17.861+0900: 138.318: [GC (Allocation Failure) 138.318: [ParNew: 59008K->6528K(59008K), 0.0461546 secs] 8000035K->7956487K(25159296K), 0.0465184 secs] [Times: user=0.56 sys=0.01, real=0.05 secs] 
2014-04-09T14:34:17.948+0900: 138.405: [GC (Allocation Failure) 138.405: [ParNew: 59008K->6528K(59008K), 0.0512876 secs] 7990747K->7947140K(25159296K), 0.0516654 secs] [Times: user=0.63 sys=0.01, real=0.05 secs] 
2014-04-09T14:34:18.040+0900: 138.497: [GC (Allocation Failure) 138.497: [ParNew: 59008K->6528K(59008K), 0.0513853 secs] 7980967K->7936661K(25159296K), 0.0517447 secs] [Times: user=0.63 sys=0.01, real=0.05 secs] 
2014-04-09T14:34:18.138+0900: 138.594: [GC (Allocation Failure) 138.595: [ParNew: 59008K->6528K(59008K), 0.0442973 secs] 7969742K->7925983K(25159296K), 0.0446585 secs] [Times: user=0.54 sys=0.00, real=0.04 secs] 
2014-04-09T14:34:18.224+0900: 138.681: [GC (Allocation Failure) 138.681: [ParNew: 59008K->6528K(59008K), 0.0492772 secs] 7958348K->7914647K(25159296K), 0.0496403 secs] [Times: user=0.60 sys=0.01, real=0.05 secs] 
2014-04-09T14:34:18.314+0900: 138.771: [GC (Allocation Failure) 138.771: [ParNew: 59008K->6528K(59008K), 0.0437658 secs] 7949126K->7904698K(25159296K), 0.0441256 secs] [Times: user=0.53 sys=0.00, real=0.04 secs] 
2014-04-09T14:34:18.398+0900: 138.854: [GC (Allocation Failure) 138.855: [ParNew: 59008K->6528K(59008K), 0.0509935 secs] 7939185K->7895581K(25159296K), 0.0513642 secs] [Times: user=0.62 sys=0.01, real=0.05 secs] 
2014-04-09T14:34:18.494+0900: 138.951: [GC (Allocation Failure) 138.951: [ParNew: 59008K->6528K(59008K), 0.0528807 secs] 7926403K->7882239K(25159296K), 0.0532578 secs] [Times: user=0.65 sys=0.00, real=0.05 secs] 
2014-04-09T14:34:18.589+0900: 139.045: [GC (Allocation Failure) 139.046: [ParNew: 59008K->6528K(59008K), 0.0491444 secs] 7913777K->7869528K(25159296K), 0.0495089 secs] [Times: user=0.59 sys=0.01, real=0.05 secs] 
2014-04-09T14:34:18.679+0900: 139.135: [GC (Allocation Failure) 139.136: [ParNew: 59008K->6528K(59008K), 0.0565357 secs] 7902455K->7859731K(25159296K), 0.0569014 secs] [Times: user=0.68 sys=0.00, real=0.06 secs] 
2014-04-09T14:34:18.776+0900: 139.233: [GC (Allocation Failure) 139.233: [ParNew: 59008K->6528K(59008K), 0.0475232 secs] 7893509K->7849333K(25159296K), 0.0478852 secs] [Times: user=0.57 sys=0.00, real=0.05 secs] 
2014-04-09T14:34:18.866+0900: 139.323: [GC (Allocation Failure) 139.323: [ParNew: 59008K->6528K(59008K), 0.0444331 secs] 7881068K->7836551K(25159296K), 0.0447994 secs] [Times: user=0.54 sys=0.00, real=0.04 secs] 
2014-04-09T14:34:18.950+0900: 139.406: [GC (Allocation Failure) 139.407: [ParNew: 59008K->6528K(59008K), 0.0576055 secs] 7870406K->7827155K(25159296K), 0.0579882 secs] [Times: user=0.70 sys=0.01, real=0.06 secs] 
2014-04-09T14:34:19.047+0900: 139.503: [GC (Allocation Failure) 139.504: [ParNew: 59008K->6528K(59008K), 0.0537919 secs] 7861164K->7817683K(25159296K), 0.0541596 secs] [Times: user=0.64 sys=0.00, real=0.05 secs] 
2014-04-09T14:34:19.142+0900: 139.599: [GC (Allocation Failure) 139.599: [ParNew: 59008K->6528K(59008K), 0.0469530 secs] 7849858K->7805844K(25159296K), 0.0473171 secs] [Times: user=0.56 sys=0.01, real=0.05 secs] 
2014-04-09T14:34:19.230+0900: 139.686: [GC (Allocation Failure) 139.687: [ParNew: 59008K->6528K(59008K), 0.0457281 secs] 7838851K->7795174K(25159296K), 0.0460943 secs] [Times: user=0.55 sys=0.01, real=0.05 secs] 
2014-04-09T14:34:19.319+0900: 139.775: [GC (Allocation Failure) 139.776: [ParNew: 59008K->6528K(59008K), 0.0519851 secs] 7829267K->7785263K(25159296K), 0.0523494 secs] [Times: user=0.63 sys=0.02, real=0.05 secs] 
2014-04-09T14:34:19.411+0900: 139.868: [GC (Allocation Failure) 139.868: [ParNew: 59008K->6528K(59008K), 0.0550372 secs] 7818223K->7774906K(25159296K), 0.0553989 secs] [Times: user=0.68 sys=0.01, real=0.06 secs] 
2014-04-09T14:34:19.515+0900: 139.972: [GC (Allocation Failure) 139.972: [ParNew: 59008K->6528K(59008K), 0.0483076 secs] 7805116K->7761489K(25159296K), 0.0486629 secs] [Times: user=0.58 sys=0.01, real=0.05 secs] 
2014-04-09T14:34:19.603+0900: 140.060: [GC (Allocation Failure) 140.060: [ParNew: 59008K->6528K(59008K), 0.0496813 secs] 7795000K->7751897K(25159296K), 0.0500459 secs] [Times: user=0.60 sys=0.01, real=0.05 secs] 
2014-04-09T14:34:19.693+0900: 140.150: [GC (Allocation Failure) 140.150: [ParNew: 59008K->6528K(59008K), 0.0477901 secs] 7785752K->7741974K(25159296K), 0.0481550 secs] [Times: user=0.58 sys=0.00, real=0.05 secs] 
2014-04-09T14:34:19.783+0900: 140.239: [GC (Allocation Failure) 140.240: [ParNew: 59008K->6528K(59008K), 0.0474872 secs] 7774132K->7729733K(25159296K), 0.0478573 secs] [Times: user=0.58 sys=0.00, real=0.05 secs] 
2014-04-09T14:34:19.873+0900: 140.329: [GC (Allocation Failure) 140.330: [ParNew: 59008K->6528K(59008K), 0.0456192 secs] 7761319K->7717866K(25159296K), 0.0459998 secs] [Times: user=0.55 sys=0.00, real=0.05 secs] 
2014-04-09T14:34:19.960+0900: 140.416: [GC (Allocation Failure) 140.417: [ParNew: 59008K->6528K(59008K), 0.0552884 secs] 7749234K->7705747K(25159296K), 0.0556561 secs] [Times: user=0.68 sys=0.01, real=0.06 secs] 
2014-04-09T14:34:20.056+0900: 140.513: [GC (Allocation Failure) 140.513: [ParNew: 59008K->6528K(59008K), 0.0437583 secs] 7737839K->7694178K(25159296K), 0.0441138 secs] [Times: user=0.53 sys=0.00, real=0.04 secs] 
2014-04-09T14:34:20.140+0900: 140.597: [GC (Allocation Failure) 140.597: [ParNew: 59008K->6528K(59008K), 0.0535192 secs] 7726631K->7684197K(25159296K), 0.0538783 secs] [Times: user=0.64 sys=0.01, real=0.06 secs] 
2014-04-09T14:34:20.233+0900: 140.690: [GC (Allocation Failure) 140.690: [ParNew: 59008K->6528K(59008K), 0.0513893 secs] 7717975K->7674088K(25159296K), 0.0517462 secs] [Times: user=0.63 sys=0.00, real=0.06 secs] 
2014-04-09T14:34:20.323+0900: 140.780: [GC (Allocation Failure) 140.780: [ParNew: 59008K->6528K(59008K), 0.0434806 secs] 7707935K->7663907K(25159296K), 0.0438364 secs] [Times: user=0.53 sys=0.00, real=0.04 secs] 
2014-04-09T14:34:20.411+0900: 140.868: [GC (Allocation Failure) 140.868: [ParNew: 59008K->6528K(59008K), 0.0483732 secs] 7697155K->7654434K(25159296K), 0.0487309 secs] [Times: user=0.58 sys=0.00, real=0.05 secs] 
2014-04-09T14:34:20.500+0900: 140.957: [GC (Allocation Failure) 140.957: [ParNew: 59008K->6528K(59008K), 0.0441539 secs] 7685433K->7640605K(25159296K), 0.0445131 secs] [Times: user=0.53 sys=0.01, real=0.05 secs] 
2014-04-09T14:34:20.585+0900: 141.041: [GC (Allocation Failure) 141.042: [ParNew: 59008K->6528K(59008K), 0.0458730 secs] 7673402K->7630710K(25159296K), 0.0462314 secs] [Times: user=0.55 sys=0.01, real=0.04 secs] 
2014-04-09T14:34:20.670+0900: 141.127: [GC (Allocation Failure) 141.127: [ParNew: 59008K->6528K(59008K), 0.0439611 secs] 7664573K->7620334K(25159296K), 0.0443249 secs] [Times: user=0.53 sys=0.01, real=0.05 secs] 
2014-04-09T14:34:20.757+0900: 141.214: [GC (Allocation Failure) 141.214: [ParNew: 59008K->6528K(59008K), 0.0428369 secs] 7653912K->7610435K(25159296K), 0.0432004 secs] [Times: user=0.52 sys=0.00, real=0.04 secs] 
2014-04-09T14:34:20.845+0900: 141.301: [GC (Allocation Failure) 141.302: [ParNew: 58998K->6528K(59008K), 0.0482565 secs] 7644519K->7599801K(25159296K), 0.0486194 secs] [Times: user=0.59 sys=0.00, real=0.04 secs] 
2014-04-09T14:34:20.935+0900: 141.392: [GC (Allocation Failure) 141.392: [ParNew: 59008K->6528K(59008K), 0.0466405 secs] 7637142K->7594077K(25159296K), 0.0470053 secs] [Times: user=0.57 sys=0.01, real=0.04 secs] 
2014-04-09T14:34:21.023+0900: 141.480: [GC (Allocation Failure) 141.480: [ParNew: 59008K->6528K(59008K), 0.0514711 secs] 7638519K->7594698K(25159296K), 0.0518504 secs] [Times: user=0.63 sys=0.00, real=0.06 secs] 
2014-04-09T14:34:21.122+0900: 141.579: [GC (Allocation Failure) 141.579: [ParNew: 59008K->6528K(59008K), 0.0503437 secs] 7636247K->7591955K(25159296K), 0.0507076 secs] [Times: user=0.60 sys=0.01, real=0.05 secs] 
2014-04-09T14:34:21.217+0900: 141.673: [GC (Allocation Failure) 141.674: [ParNew: 59008K->6528K(59008K), 0.0528091 secs] 7633541K->7589555K(25159296K), 0.0531723 secs] [Times: user=0.64 sys=0.01, real=0.05 secs] 
2014-04-09T14:34:21.310+0900: 141.766: [GC (Allocation Failure) 141.766: [ParNew: 58973K->6528K(59008K), 0.0434896 secs] 7632151K->7587819K(25159296K), 0.0438616 secs] [Times: user=0.52 sys=0.01, real=0.05 secs] 
2014-04-09T14:34:21.394+0900: 141.851: [GC (Allocation Failure) 141.851: [ParNew: 59008K->6527K(59008K), 0.0518596 secs] 7629512K->7586039K(25159296K), 0.0522279 secs] [Times: user=0.63 sys=0.01, real=0.05 secs] 
2014-04-09T14:34:21.488+0900: 141.945: [GC (Allocation Failure) 141.945: [ParNew: 59007K->6528K(59008K), 0.0523945 secs] 7627697K->7583916K(25159296K), 0.0527568 secs] [Times: user=0.64 sys=0.00, real=0.05 secs] 
2014-04-09T14:34:21.582+0900: 142.039: [GC (Allocation Failure) 142.039: [ParNew: 59008K->6528K(59008K), 0.0430620 secs] 7625145K->7581388K(25159296K), 0.0434358 secs] [Times: user=0.52 sys=0.01, real=0.05 secs] 
2014-04-09T14:34:21.666+0900: 142.123: [GC (Allocation Failure) 142.123: [ParNew: 59008K->6528K(59008K), 0.0489072 secs] 7623439K->7579687K(25159296K), 0.0492769 secs] [Times: user=0.60 sys=0.00, real=0.05 secs] 
2014-04-09T14:34:21.759+0900: 142.216: [GC (Allocation Failure) 142.216: [ParNew: 59008K->6528K(59008K), 0.0561817 secs] 7620662K->7576438K(25159296K), 0.0565479 secs] [Times: user=0.68 sys=0.01, real=0.06 secs] 
2014-04-09T14:34:21.855+0900: 142.312: [GC (Allocation Failure) 142.312: [ParNew: 59008K->6528K(59008K), 0.0445771 secs] 7619675K->7575250K(25159296K), 0.0449506 secs] [Times: user=0.53 sys=0.00, real=0.04 secs] 
2014-04-09T14:34:21.941+0900: 142.397: [GC (Allocation Failure) 142.398: [ParNew: 59008K->6528K(59008K), 0.0524401 secs] 7617651K->7574866K(25159296K), 0.0528158 secs] [Times: user=0.63 sys=0.01, real=0.05 secs] 
2014-04-09T14:34:22.033+0900: 142.490: [GC (Allocation Failure) 142.490: [ParNew: 59008K->6528K(59008K), 0.0502821 secs] 7617808K->7573328K(25159296K), 0.0506530 secs] [Times: user=0.61 sys=0.01, real=0.05 secs] 
2014-04-09T14:34:22.126+0900: 142.583: [GC (Allocation Failure) 142.583: [ParNew: 59007K->6528K(59008K), 0.0522636 secs] 7614783K->7570226K(25159296K), 0.0526364 secs] [Times: user=0.64 sys=0.01, real=0.05 secs] 
2014-04-09T14:34:22.220+0900: 142.677: [GC (Allocation Failure) 142.677: [ParNew: 59008K->6528K(59008K), 0.0438373 secs] 7612394K->7568753K(25159296K), 0.0442231 secs] [Times: user=0.53 sys=0.00, real=0.05 secs] 
2014-04-09T14:34:22.309+0900: 142.766: [GC (Allocation Failure) 142.766: [ParNew: 59008K->6528K(59008K), 0.0438205 secs] 7610593K->7566846K(25159296K), 0.0441886 secs] [Times: user=0.52 sys=0.01, real=0.04 secs] 
2014-04-09T14:34:22.399+0900: 142.856: [GC (Allocation Failure) 142.856: [ParNew: 59008K->6528K(59008K), 0.0542195 secs] 7608282K->7564068K(25159296K), 0.0545858 secs] [Times: user=0.66 sys=0.00, real=0.05 secs] 
2014-04-09T14:34:22.494+0900: 142.950: [GC (Allocation Failure) 142.951: [ParNew: 59007K->6528K(59008K), 0.0456997 secs] 7606435K->7562411K(25159296K), 0.0460650 secs] [Times: user=0.55 sys=0.01, real=0.05 secs] 
2014-04-09T14:34:22.580+0900: 143.037: [GC (Allocation Failure) 143.037: [ParNew: 59008K->6528K(59008K), 0.0504871 secs] 7606382K->7562317K(25159296K), 0.0508496 secs] [Times: user=0.61 sys=0.01, real=0.05 secs] 
2014-04-09T14:34:22.675+0900: 143.131: [GC (Allocation Failure) 143.132: [ParNew: 59008K->6528K(59008K), 0.0442286 secs] 7606401K->7561897K(25159296K), 0.0445853 secs] [Times: user=0.53 sys=0.00, real=0.04 secs] 
2014-04-09T14:34:22.761+0900: 143.218: [GC (Allocation Failure) 143.218: [ParNew: 59008K->6528K(59008K), 0.0551246 secs] 7606728K->7563307K(25159296K), 0.0554795 secs] [Times: user=0.68 sys=0.00, real=0.06 secs] 
2014-04-09T14:34:22.855+0900: 143.312: [GC (Allocation Failure) 143.312: [ParNew: 59008K->6528K(59008K), 0.0459621 secs] 7607664K->7564117K(25159296K), 0.0463207 secs] [Times: user=0.55 sys=0.01, real=0.04 secs] 
2014-04-09T14:34:22.943+0900: 143.399: [GC (Allocation Failure) 143.400: [ParNew: 59008K->6528K(59008K), 0.0445755 secs] 7608067K->7563903K(25159296K), 0.0449400 secs] [Times: user=0.54 sys=0.01, real=0.05 secs] 
2014-04-09T14:34:23.026+0900: 143.483: [GC (Allocation Failure) 143.483: [ParNew: 59008K->6528K(59008K), 0.0432463 secs] 7607442K->7563511K(25159296K), 0.0435966 secs] [Times: user=0.52 sys=0.01, real=0.04 secs] 
2014-04-09T14:34:23.115+0900: 143.572: [GC (Allocation Failure) 143.572: [ParNew: 59008K->6528K(59008K), 0.0505885 secs] 7606166K->7562444K(25159296K), 0.0509368 secs] [Times: user=0.63 sys=0.00, real=0.05 secs] 
2014-04-09T14:34:23.215+0900: 143.671: [GC (Allocation Failure) 143.671: [ParNew: 59007K->6528K(59008K), 0.0435725 secs] 7607311K->7563591K(25159296K), 0.0439393 secs] [Times: user=0.52 sys=0.00, real=0.04 secs] 
2014-04-09T14:34:23.305+0900: 143.762: [GC (Allocation Failure) 143.762: [ParNew: 59008K->6528K(59008K), 0.0440830 secs] 7605107K->7561172K(25159296K), 0.0444366 secs] [Times: user=0.53 sys=0.00, real=0.04 secs] 
2014-04-09T14:34:23.394+0900: 143.851: [GC (Allocation Failure) 143.851: [ParNew: 59008K->6528K(59008K), 0.0536904 secs] 7603682K->7559505K(25159296K), 0.0540431 secs] [Times: user=0.67 sys=0.00, real=0.05 secs] 
2014-04-09T14:34:23.489+0900: 143.945: [GC (Allocation Failure) 143.946: [ParNew: 59008K->6528K(59008K), 0.0457132 secs] 7603897K->7560000K(25159296K), 0.0460706 secs] [Times: user=0.55 sys=0.01, real=0.05 secs] 
2014-04-09T14:34:23.575+0900: 144.032: [GC (Allocation Failure) 144.032: [ParNew: 59008K->6528K(59008K), 0.0509446 secs] 7604014K->7560046K(25159296K), 0.0513024 secs] [Times: user=0.62 sys=0.00, real=0.05 secs] 
2014-04-09T14:34:23.667+0900: 144.123: [GC (Allocation Failure) 144.124: [ParNew: 59008K->6528K(59008K), 0.0475424 secs] 7604601K->7560633K(25159296K), 0.0479068 secs] [Times: user=0.57 sys=0.01, real=0.05 secs] 
2014-04-09T14:34:23.757+0900: 144.214: [GC (Allocation Failure) 144.214: [ParNew: 59008K->6528K(59008K), 0.0557437 secs] 7604218K->7560365K(25159296K), 0.0560922 secs] [Times: user=0.68 sys=0.01, real=0.05 secs] 
2014-04-09T14:34:23.855+0900: 144.312: [GC (Allocation Failure) 144.312: [ParNew: 59008K->6528K(59008K), 0.0509471 secs] 7595161K->7551770K(25159296K), 0.0512892 secs] [Times: user=0.62 sys=0.00, real=0.05 secs] 
2014-04-09T14:34:23.947+0900: 144.404: [GC (Allocation Failure) 144.404: [ParNew: 59008K->6528K(59008K), 0.0437259 secs] 7583737K->7539334K(25159296K), 0.0440912 secs] [Times: user=0.53 sys=0.01, real=0.04 secs] 
2014-04-09T14:34:24.035+0900: 144.492: [GC (Allocation Failure) 144.492: [ParNew: 59008K->6528K(59008K), 0.0465791 secs] 7571174K->7526719K(25159296K), 0.0469403 secs] [Times: user=0.57 sys=0.00, real=0.04 secs] 
2014-04-09T14:34:24.128+0900: 144.585: [GC (Allocation Failure) 144.585: [ParNew: 59007K->6528K(59008K), 0.0455036 secs] 7557428K->7512993K(25159296K), 0.0458555 secs] [Times: user=0.54 sys=0.01, real=0.04 secs] 
2014-04-09T14:34:24.220+0900: 144.676: [GC (Allocation Failure) 144.677: [ParNew: 59008K->6528K(59008K), 0.0510057 secs] 7545055K->7502172K(25159296K), 0.0513735 secs] [Times: user=0.61 sys=0.01, real=0.05 secs] 
2014-04-09T14:34:24.317+0900: 144.774: [GC (Allocation Failure) 144.774: [ParNew: 59008K->6528K(59008K), 0.0432008 secs] 7533983K->7489317K(25159296K), 0.0435560 secs] [Times: user=0.53 sys=0.00, real=0.04 secs] 
2014-04-09T14:34:24.406+0900: 144.863: [GC (Allocation Failure) 144.863: [ParNew: 59008K->6528K(59008K), 0.0453075 secs] 7520217K->7476386K(25159296K), 0.0456632 secs] [Times: user=0.55 sys=0.00, real=0.04 secs] 
2014-04-09T14:34:24.499+0900: 144.956: [GC (Allocation Failure) 144.956: [ParNew: 59008K->6528K(59008K), 0.0445827 secs] 7507121K->7462596K(25159296K), 0.0449346 secs] [Times: user=0.53 sys=0.01, real=0.04 secs] 
2014-04-09T14:34:24.590+0900: 145.046: [GC (Allocation Failure) 145.047: [ParNew: 59008K->6528K(59008K), 0.0488018 secs] 7488759K->7445133K(25159296K), 0.0491508 secs] [Times: user=0.58 sys=0.01, real=0.05 secs] 
2014-04-09T14:34:24.684+0900: 145.140: [GC (Allocation Failure) 145.141: [ParNew: 59008K->6528K(59008K), 0.0452845 secs] 7469968K->7425464K(25159296K), 0.0456381 secs] [Times: user=0.53 sys=0.01, real=0.05 secs] 
2014-04-09T14:34:24.775+0900: 145.232: [GC (Allocation Failure) 145.232: [ParNew: 59008K->6528K(59008K), 0.0513957 secs] 7450474K->7407081K(25159296K), 0.0517539 secs] [Times: user=0.63 sys=0.00, real=0.05 secs] 
2014-04-09T14:34:24.868+0900: 145.324: [GC (Allocation Failure) 145.325: [ParNew: 59008K->6528K(59008K), 0.0430647 secs] 7434310K->7390115K(25159296K), 0.0434210 secs] [Times: user=0.50 sys=0.01, real=0.04 secs] 
2014-04-09T14:34:24.954+0900: 145.411: [GC (Allocation Failure) 145.411: [ParNew: 59008K->6528K(59008K), 0.0435988 secs] 7416533K->7373213K(25159296K), 0.0439527 secs] [Times: user=0.53 sys=0.00, real=0.05 secs] 
2014-04-09T14:34:25.039+0900: 145.496: [GC (Allocation Failure) 145.496: [ParNew: 59008K->6528K(59008K), 0.0558589 secs] 7417411K->7373224K(25159296K), 0.0562109 secs] [Times: user=0.62 sys=0.02, real=0.06 secs] 
2014-04-09T14:34:25.118+0900: 145.575: [CMS-concurrent-sweep: 3.393/7.571 secs] [Times: user=82.72 sys=10.10, real=7.57 secs] 
2014-04-09T14:34:25.119+0900: 145.575: [CMS-concurrent-reset-start]
2014-04-09T14:34:25.137+0900: 145.594: [GC (Allocation Failure) 145.594: [ParNew: 59008K->6528K(59008K), 0.0518373 secs] 7425704K->7381884K(25159296K), 0.0521891 secs] [Times: user=0.62 sys=0.00, real=0.05 secs] 
2014-04-09T14:34:25.234+0900: 145.691: [GC (Allocation Failure) 145.691: [ParNew: 59008K->6528K(59008K), 0.0570216 secs] 7434364K->7389853K(25159296K), 0.0573696 secs] [Times: user=0.68 sys=0.01, real=0.06 secs] 
2014-04-09T14:34:25.331+0900: 145.788: [CMS-concurrent-reset: 0.100/0.213 secs] [Times: user=2.32 sys=0.32, real=0.21 secs] 
2014-04-09T14:34:25.333+0900: 145.790: [GC (Allocation Failure) 145.790: [ParNew: 59008K->6528K(59008K), 0.0437207 secs] 7442333K->7398147K(25159296K), 0.0440547 secs] [Times: user=0.48 sys=0.01, real=0.05 secs] 
2014-04-09T14:34:25.415+0900: 145.872: [GC (Allocation Failure) 145.872: [ParNew: 59008K->6528K(59008K), 0.0505965 secs] 7450627K->7407748K(25159296K), 0.0509443 secs] [Times: user=0.60 sys=0.02, real=0.05 secs] 
2014-04-09T14:34:25.503+0900: 145.959: [GC (Allocation Failure) 145.960: [ParNew: 59008K->6528K(59008K), 0.0540726 secs] 7460228K->7416044K(25159296K), 0.0544228 secs] [Times: user=0.64 sys=0.01, real=0.06 secs] 
2014-04-09T14:34:25.601+0900: 146.058: [GC (Allocation Failure) 146.058: [ParNew: 59008K->6528K(59008K), 0.0437036 secs] 7468524K->7423399K(25159296K), 0.0440560 secs] [Times: user=0.50 sys=0.01, real=0.05 secs] 
2014-04-09T14:34:25.690+0900: 146.147: [GC (Allocation Failure) 146.147: [ParNew: 59008K->6528K(59008K), 0.0504494 secs] 7475879K->7432808K(25159296K), 0.0507950 secs] [Times: user=0.60 sys=0.00, real=0.05 secs] 
2014-04-09T14:34:25.779+0900: 146.236: [GC (Allocation Failure) 146.236: [ParNew: 59008K->6528K(59008K), 0.0575404 secs] 7485288K->7441729K(25159296K), 0.0578877 secs] [Times: user=0.69 sys=0.01, real=0.06 secs] 
2014-04-09T14:34:25.881+0900: 146.338: [GC (Allocation Failure) 146.338: [ParNew: 59008K->6528K(59008K), 0.0491597 secs] 7494209K->7449979K(25159296K), 0.0495085 secs] [Times: user=0.58 sys=0.01, real=0.05 secs] 
2014-04-09T14:34:25.969+0900: 146.425: [GC (Allocation Failure) 146.426: [ParNew: 59008K->6528K(59008K), 0.0442571 secs] 7502459K->7458113K(25159296K), 0.0446071 secs] [Times: user=0.52 sys=0.01, real=0.04 secs] 
2014-04-09T14:34:26.052+0900: 146.508: [GC (Allocation Failure) 146.509: [ParNew: 59008K->6528K(59008K), 0.0466080 secs] 7510593K->7467005K(25159296K), 0.0469493 secs] [Times: user=0.53 sys=0.02, real=0.05 secs] 
2014-04-09T14:34:26.137+0900: 146.594: [GC (Allocation Failure) 146.594: [ParNew: 59008K->6528K(59008K), 0.0484462 secs] 7519485K->7475433K(25159296K), 0.0487954 secs] [Times: user=0.58 sys=0.01, real=0.05 secs] 
2014-04-09T14:34:26.224+0900: 146.681: [GC (Allocation Failure) 146.681: [ParNew: 58978K->6528K(59008K), 0.0458943 secs] 7527883K->7483022K(25159296K), 0.0462439 secs] [Times: user=0.53 sys=0.01, real=0.04 secs] 
2014-04-09T14:34:26.312+0900: 146.769: [GC (Allocation Failure) 146.769: [ParNew: 59008K->6528K(59008K), 0.0529353 secs] 7535502K->7493092K(25159296K), 0.0532805 secs] [Times: user=0.63 sys=0.00, real=0.06 secs] 
2014-04-09T14:34:26.403+0900: 146.860: [GC (Allocation Failure) 146.860: [ParNew: 59008K->6528K(59008K), 0.0447339 secs] 7545572K->7501079K(25159296K), 0.0450816 secs] [Times: user=0.53 sys=0.01, real=0.05 secs] 
2014-04-09T14:34:26.489+0900: 146.946: [GC (Allocation Failure) 146.946: [ParNew: 58958K->6528K(59008K), 0.0439102 secs] 7553510K->7509032K(25159296K), 0.0442628 secs] [Times: user=0.51 sys=0.01, real=0.04 secs] 
2014-04-09T14:34:26.572+0900: 147.029: [GC (Allocation Failure) 147.029: [ParNew: 59008K->6528K(59008K), 0.0508357 secs] 7561512K->7517913K(25159296K), 0.0511853 secs] [Times: user=0.61 sys=0.01, real=0.05 secs] 
2014-04-09T14:34:26.661+0900: 147.118: [GC (Allocation Failure) 147.118: [ParNew: 59008K->6528K(59008K), 0.0546412 secs] 7570393K->7526276K(25159296K), 0.0549977 secs] [Times: user=0.65 sys=0.01, real=0.06 secs] 
2014-04-09T14:34:26.755+0900: 147.212: [GC (Allocation Failure) 147.212: [ParNew: 59008K->6528K(59008K), 0.0440845 secs] 7578756K->7534248K(25159296K), 0.0444309 secs] [Times: user=0.51 sys=0.01, real=0.04 secs] 
2014-04-09T14:34:26.839+0900: 147.296: [GC (Allocation Failure) 147.296: [ParNew: 59008K->6528K(59008K), 0.0505129 secs] 7586728K->7543996K(25159296K), 0.0508636 secs] [Times: user=0.59 sys=0.01, real=0.05 secs] 
2014-04-09T14:34:26.891+0900: 147.348: [GC (CMS Initial Mark) [1 CMS-initial-mark: 7537468K(25100288K)] 7544014K(25159296K), 0.0017641 secs] [Times: user=0.01 sys=0.00, real=0.00 secs] 
2014-04-09T14:34:26.893+0900: 147.350: [CMS-concurrent-mark-start]
2014-04-09T14:34:26.948+0900: 147.405: [GC (Allocation Failure) 147.405: [ParNew: 59008K->6528K(59008K), 0.0486189 secs] 7596476K->7552029K(25159296K), 0.0489694 secs] [Times: user=0.58 sys=0.01, real=0.05 secs] 
2014-04-09T14:34:27.043+0900: 147.500: [GC (Allocation Failure) 147.500: [ParNew: 59008K->6528K(59008K), 0.0538632 secs] 7604509K->7560324K(25159296K), 0.0542109 secs] [Times: user=0.65 sys=0.00, real=0.06 secs] 
2014-04-09T14:34:27.145+0900: 147.602: [GC (Allocation Failure) 147.602: [ParNew: 59008K->6528K(59008K), 0.0471693 secs] 7612804K->7568192K(25159296K), 0.0475241 secs] [Times: user=0.57 sys=0.01, real=0.04 secs] 
2014-04-09T14:34:27.242+0900: 147.699: [GC (Allocation Failure) 147.699: [ParNew: 59007K->6528K(59008K), 0.0567352 secs] 7620672K->7577363K(25159296K), 0.0570849 secs] [Times: user=0.67 sys=0.01, real=0.06 secs] 
2014-04-09T14:34:27.350+0900: 147.807: [GC (Allocation Failure) 147.807: [ParNew: 59007K->6528K(59008K), 0.0422542 secs] 7629842K->7585212K(25159296K), 0.0426044 secs] [Times: user=0.48 sys=0.01, real=0.04 secs] 
2014-04-09T14:34:27.444+0900: 147.901: [GC (Allocation Failure) 147.901: [ParNew: 59008K->6528K(59008K), 0.0461442 secs] 7637692K->7594659K(25159296K), 0.0465108 secs] [Times: user=0.52 sys=0.01, real=0.05 secs] 
2014-04-09T14:34:27.548+0900: 148.005: [GC (Allocation Failure) 148.005: [ParNew: 59008K->6528K(59008K), 0.0556489 secs] 7647139K->7602609K(25159296K), 0.0560004 secs] [Times: user=0.67 sys=0.01, real=0.05 secs] 
2014-04-09T14:34:27.659+0900: 148.116: [GC (Allocation Failure) 148.116: [ParNew: 59008K->6528K(59008K), 0.0543012 secs] 7655089K->7610603K(25159296K), 0.0546513 secs] [Times: user=0.64 sys=0.01, real=0.05 secs] 
2014-04-09T14:34:27.769+0900: 148.226: [GC (Allocation Failure) 148.226: [ParNew: 59008K->6528K(59008K), 0.0646307 secs] 7663083K->7623541K(25159296K), 0.0649829 secs] [Times: user=0.79 sys=0.01, real=0.06 secs] 
2014-04-09T14:34:27.881+0900: 148.338: [GC (Allocation Failure) 148.338: [ParNew: 59008K->6528K(59008K), 0.0542822 secs] 7676021K->7633029K(25159296K), 0.0546326 secs] [Times: user=0.66 sys=0.01, real=0.06 secs] 
2014-04-09T14:34:27.989+0900: 148.445: [GC (Allocation Failure) 148.446: [ParNew: 57227K->6528K(59008K), 0.0832262 secs] 7683729K->7659830K(25159296K), 0.0835814 secs] [Times: user=0.99 sys=0.01, real=0.08 secs] 
2014-04-09T14:34:28.132+0900: 148.589: [GC (Allocation Failure) 148.589: [ParNew: 59008K->6528K(59008K), 0.0816837 secs] 7712310K->7684324K(25159296K), 0.0820413 secs] [Times: user=0.99 sys=0.01, real=0.08 secs] 
2014-04-09T14:34:28.268+0900: 148.724: [GC (Allocation Failure) 148.725: [ParNew: 59008K->6528K(59008K), 0.0645661 secs] 7736804K->7693547K(25159296K), 0.0649220 secs] [Times: user=0.79 sys=0.01, real=0.06 secs] 
2014-04-09T14:34:28.390+0900: 148.847: [GC (Allocation Failure) 148.847: [ParNew: 59008K->6528K(59008K), 0.0573947 secs] 7746027K->7703514K(25159296K), 0.0577448 secs] [Times: user=0.60 sys=0.02, real=0.06 secs] 
2014-04-09T14:34:28.502+0900: 148.959: [GC (Allocation Failure) 148.959: [ParNew: 59008K->6528K(59008K), 0.0605604 secs] 7755994K->7713023K(25159296K), 0.0609070 secs] [Times: user=0.73 sys=0.01, real=0.06 secs] 
2014-04-09T14:34:28.613+0900: 149.070: [GC (Allocation Failure) 149.070: [ParNew: 59008K->6528K(59008K), 0.0563520 secs] 7765503K->7720536K(25159296K), 0.0567085 secs] [Times: user=0.67 sys=0.01, real=0.06 secs] 
2014-04-09T14:34:28.720+0900: 149.176: [GC (Allocation Failure) 149.177: [ParNew: 59008K->6528K(59008K), 0.0519568 secs] 7773016K->7729754K(25159296K), 0.0523088 secs] [Times: user=0.61 sys=0.02, real=0.05 secs] 
2014-04-09T14:34:28.826+0900: 149.283: [GC (Allocation Failure) 149.283: [ParNew: 59008K->6528K(59008K), 0.0501258 secs] 7782234K->7738499K(25159296K), 0.0504786 secs] [Times: user=0.57 sys=0.03, real=0.05 secs] 
2014-04-09T14:34:28.927+0900: 149.384: [GC (Allocation Failure) 149.384: [ParNew: 59008K->6528K(59008K), 0.0554044 secs] 7790979K->7746891K(25159296K), 0.0557559 secs] [Times: user=0.66 sys=0.02, real=0.05 secs] 
2014-04-09T14:34:29.031+0900: 149.488: [GC (Allocation Failure) 149.488: [ParNew: 59008K->6528K(59008K), 0.0529335 secs] 7799371K->7755753K(25159296K), 0.0532849 secs] [Times: user=0.64 sys=0.01, real=0.05 secs] 
2014-04-09T14:34:29.132+0900: 149.588: [GC (Allocation Failure) 149.589: [ParNew: 59008K->6528K(59008K), 0.0498825 secs] 7808233K->7763666K(25159296K), 0.0502337 secs] [Times: user=0.60 sys=0.01, real=0.05 secs] 
2014-04-09T14:34:29.248+0900: 149.705: [GC (Allocation Failure) 149.705: [ParNew: 59008K->6528K(59008K), 0.0528236 secs] 7816146K->7772981K(25159296K), 0.0531784 secs] [Times: user=0.63 sys=0.01, real=0.05 secs] 
2014-04-09T14:34:29.351+0900: 149.807: [GC (Allocation Failure) 149.808: [ParNew: 59008K->6528K(59008K), 0.0478014 secs] 7825461K->7781094K(25159296K), 0.0481521 secs] [Times: user=0.57 sys=0.01, real=0.05 secs] 
2014-04-09T14:34:29.460+0900: 149.917: [GC (Allocation Failure) 149.917: [ParNew: 59008K->6528K(59008K), 0.0556632 secs] 7833574K->7790013K(25159296K), 0.0560160 secs] [Times: user=0.65 sys=0.01, real=0.06 secs] 
2014-04-09T14:34:29.571+0900: 150.028: [GC (Allocation Failure) 150.028: [ParNew: 59008K->6528K(59008K), 0.0503786 secs] 7842493K->7798167K(25159296K), 0.0507361 secs] [Times: user=0.59 sys=0.01, real=0.05 secs] 
2014-04-09T14:34:29.662+0900: 150.119: [CMS-concurrent-mark: 1.328/2.769 secs] [Times: user=31.57 sys=3.19, real=2.77 secs] 
2014-04-09T14:34:29.662+0900: 150.119: [CMS-concurrent-preclean-start]
2014-04-09T14:34:29.671+0900: 150.128: [GC (Allocation Failure) 150.128: [ParNew: 59008K->6528K(59008K), 0.0485437 secs] 7850647K->7806659K(25159296K), 0.0488891 secs] [Times: user=0.58 sys=0.01, real=0.05 secs] 
2014-04-09T14:34:29.763+0900: 150.220: [GC (Allocation Failure) 150.220: [ParNew: 59008K->6528K(59008K), 0.0530150 secs] 7859139K->7815402K(25159296K), 0.0533594 secs] [Times: user=0.63 sys=0.01, real=0.06 secs] 
2014-04-09T14:34:29.863+0900: 150.319: [GC (Allocation Failure) 150.319: [ParNew: 59008K->6528K(59008K), 0.0496569 secs] 7867882K->7823368K(25159296K), 0.0500044 secs] [Times: user=0.59 sys=0.01, real=0.05 secs] 
2014-04-09T14:34:29.952+0900: 150.409: [GC (Allocation Failure) 150.409: [ParNew: 58996K->6528K(59008K), 0.0472457 secs] 7875837K->7832097K(25159296K), 0.0476005 secs] [Times: user=0.55 sys=0.01, real=0.05 secs] 
2014-04-09T14:34:30.040+0900: 150.497: [GC (Allocation Failure) 150.497: [ParNew: 59008K->6528K(59008K), 0.0550659 secs] 7884577K->7841095K(25159296K), 0.0554225 secs] [Times: user=0.67 sys=0.01, real=0.06 secs] 
2014-04-09T14:34:30.136+0900: 150.592: [GC (Allocation Failure) 150.593: [ParNew: 59008K->6528K(59008K), 0.0527511 secs] 7893575K->7849013K(25159296K), 0.0531023 secs] [Times: user=0.62 sys=0.02, real=0.05 secs] 
2014-04-09T14:34:30.229+0900: 150.686: [GC (Allocation Failure) 150.686: [ParNew: 59008K->6528K(59008K), 0.0464575 secs] 7901493K->7856993K(25159296K), 0.0468141 secs] [Times: user=0.54 sys=0.02, real=0.05 secs] 
2014-04-09T14:34:30.316+0900: 150.773: [GC (Allocation Failure) 150.773: [ParNew: 59008K->6528K(59008K), 0.0526500 secs] 7909473K->7867059K(25159296K), 0.0529984 secs] [Times: user=0.61 sys=0.01, real=0.05 secs] 
2014-04-09T14:34:30.410+0900: 150.867: [GC (Allocation Failure) 150.867: [ParNew: 59008K->6528K(59008K), 0.0577336 secs] 7919539K->7874692K(25159296K), 0.0580941 secs] [Times: user=0.69 sys=0.01, real=0.06 secs] 
2014-04-09T14:34:30.517+0900: 150.973: [GC (Allocation Failure) 150.973: [ParNew: 59008K->6528K(59008K), 0.0541671 secs] 7927172K->7884369K(25159296K), 0.0545157 secs] [Times: user=0.63 sys=0.01, real=0.05 secs] 
2014-04-09T14:34:30.612+0900: 151.068: [GC (Allocation Failure) 151.069: [ParNew: 59008K->6528K(59008K), 0.0499717 secs] 7936849K->7893223K(25159296K), 0.0503231 secs] [Times: user=0.60 sys=0.01, real=0.05 secs] 
2014-04-09T14:34:30.708+0900: 151.165: [GC (Allocation Failure) 151.165: [ParNew: 59008K->6528K(59008K), 0.0555223 secs] 7945703K->7900787K(25159296K), 0.0558726 secs] [Times: user=0.67 sys=0.01, real=0.05 secs] 
2014-04-09T14:34:30.803+0900: 151.260: [GC (Allocation Failure) 151.260: [ParNew: 59008K->6528K(59008K), 0.0513604 secs] 7953267K->7910558K(25159296K), 0.0517084 secs] [Times: user=0.61 sys=0.02, real=0.05 secs] 
2014-04-09T14:34:30.902+0900: 151.358: [GC (Allocation Failure) 151.359: [ParNew: 59008K->6528K(59008K), 0.0553681 secs] 7963038K->7918718K(25159296K), 0.0557225 secs] [Times: user=0.67 sys=0.01, real=0.06 secs] 
2014-04-09T14:34:31.004+0900: 151.460: [GC (Allocation Failure) 151.461: [ParNew: 59008K->6528K(59008K), 0.0569885 secs] 7971198K->7926744K(25159296K), 0.0573341 secs] [Times: user=0.68 sys=0.02, real=0.06 secs] 
2014-04-09T14:34:31.105+0900: 151.562: [GC (Allocation Failure) 151.562: [ParNew: 59008K->6528K(59008K), 0.0560578 secs] 7979224K->7935286K(25159296K), 0.0564042 secs] [Times: user=0.67 sys=0.02, real=0.06 secs] 
2014-04-09T14:34:31.214+0900: 151.671: [GC (Allocation Failure) 151.671: [ParNew: 59008K->6528K(59008K), 0.0491060 secs] 7987766K->7943628K(25159296K), 0.0494606 secs] [Times: user=0.58 sys=0.01, real=0.05 secs] 
2014-04-09T14:34:31.310+0900: 151.767: [GC (Allocation Failure) 151.767: [ParNew: 59008K->6528K(59008K), 0.0650338 secs] 7996108K->7952229K(25159296K), 0.0653946 secs] [Times: user=0.65 sys=0.01, real=0.07 secs] 
2014-04-09T14:34:31.424+0900: 151.881: [GC (Allocation Failure) 151.881: [ParNew: 59008K->6528K(59008K), 0.0514592 secs] 8004709K->7961059K(25159296K), 0.0518316 secs] [Times: user=0.59 sys=0.01, real=0.06 secs] 
2014-04-09T14:34:31.523+0900: 151.980: [GC (Allocation Failure) 151.980: [ParNew: 59008K->6528K(59008K), 0.0523119 secs] 8013539K->7970386K(25159296K), 0.0526743 secs] [Times: user=0.60 sys=0.01, real=0.06 secs] 
2014-04-09T14:34:31.622+0900: 152.078: [GC (Allocation Failure) 152.079: [ParNew: 59008K->6528K(59008K), 0.0570344 secs] 8022866K->7978601K(25159296K), 0.0573891 secs] [Times: user=0.66 sys=0.01, real=0.06 secs] 
2014-04-09T14:34:31.719+0900: 152.176: [GC (Allocation Failure) 152.176: [ParNew: 59008K->6528K(59008K), 0.0595671 secs] 8031081K->7986692K(25159296K), 0.0599306 secs] [Times: user=0.70 sys=0.01, real=0.06 secs] 
2014-04-09T14:34:31.820+0900: 152.276: [GC (Allocation Failure) 152.277: [ParNew: 59008K->6528K(59008K), 0.0513032 secs] 8039172K->7995993K(25159296K), 0.0516643 secs] [Times: user=0.61 sys=0.01, real=0.05 secs] 
2014-04-09T14:34:31.912+0900: 152.369: [GC (Allocation Failure) 152.369: [ParNew: 59008K->6528K(59008K), 0.0531858 secs] 8048473K->8004569K(25159296K), 0.0535460 secs] [Times: user=0.61 sys=0.01, real=0.06 secs] 
2014-04-09T14:34:32.012+0900: 152.469: [GC (Allocation Failure) 152.469: [ParNew: 59008K->6528K(59008K), 0.0554828 secs] 8057049K->8014083K(25159296K), 0.0558334 secs] [Times: user=0.56 sys=0.01, real=0.06 secs] 
2014-04-09T14:34:32.122+0900: 152.579: [GC (Allocation Failure) 152.579: [ParNew: 59008K->6528K(59008K), 0.0504737 secs] 8066563K->8021707K(25159296K), 0.0508322 secs] [Times: user=0.61 sys=0.01, real=0.05 secs] 
2014-04-09T14:34:32.225+0900: 152.682: [GC (Allocation Failure) 152.682: [ParNew: 59008K->6528K(59008K), 0.0560945 secs] 8074187K->8030093K(25159296K), 0.0564428 secs] [Times: user=0.61 sys=0.01, real=0.06 secs] 
2014-04-09T14:34:32.335+0900: 152.792: [GC (Allocation Failure) 152.792: [ParNew: 59008K->6528K(59008K), 0.0543782 secs] 8082573K->8038369K(25159296K), 0.0547275 secs] [Times: user=0.64 sys=0.01, real=0.06 secs] 
2014-04-09T14:34:32.429+0900: 152.886: [GC (Allocation Failure) 152.886: [ParNew: 59008K->6528K(59008K), 0.0505337 secs] 8090849K->8047016K(25159296K), 0.0508914 secs] [Times: user=0.60 sys=0.00, real=0.05 secs] 
2014-04-09T14:34:32.519+0900: 152.975: [GC (Allocation Failure) 152.976: [ParNew: 59008K->6528K(59008K), 0.0509690 secs] 8099496K->8056159K(25159296K), 0.0513206 secs] [Times: user=0.59 sys=0.02, real=0.05 secs] 
2014-04-09T14:34:32.610+0900: 153.067: [GC (Allocation Failure) 153.067: [ParNew: 59008K->6528K(59008K), 0.0459163 secs] 8108639K->8064189K(25159296K), 0.0462661 secs] [Times: user=0.54 sys=0.01, real=0.05 secs] 
2014-04-09T14:34:32.697+0900: 153.154: [GC (Allocation Failure) 153.154: [ParNew: 59008K->6528K(59008K), 0.0533041 secs] 8116669K->8072684K(25159296K), 0.0536621 secs] [Times: user=0.64 sys=0.00, real=0.05 secs] 
2014-04-09T14:34:32.790+0900: 153.246: [GC (Allocation Failure) 153.247: [ParNew: 59008K->6528K(59008K), 0.0498331 secs] 8125164K->8081442K(25159296K), 0.0501803 secs] [Times: user=0.59 sys=0.01, real=0.05 secs] 
2014-04-09T14:34:32.880+0900: 153.337: [GC (Allocation Failure) 153.337: [ParNew: 59008K->6528K(59008K), 0.0572672 secs] 8133922K->8089814K(25159296K), 0.0576272 secs] [Times: user=0.67 sys=0.02, real=0.06 secs] 
2014-04-09T14:34:32.982+0900: 153.439: [GC (Allocation Failure) 153.439: [ParNew: 59008K->6528K(59008K), 0.0498546 secs] 8142294K->8098460K(25159296K), 0.0502058 secs] [Times: user=0.58 sys=0.01, real=0.05 secs] 
2014-04-09T14:34:33.077+0900: 153.534: [GC (Allocation Failure) 153.534: [ParNew: 59008K->6528K(59008K), 0.0532551 secs] 8150940K->8107394K(25159296K), 0.0536152 secs] [Times: user=0.63 sys=0.01, real=0.05 secs] 
2014-04-09T14:34:33.175+0900: 153.632: [GC (Allocation Failure) 153.632: [ParNew: 59008K->6528K(59008K), 0.0517773 secs] 8159874K->8115794K(25159296K), 0.0521302 secs] [Times: user=0.61 sys=0.02, real=0.05 secs] 
2014-04-09T14:34:33.269+0900: 153.726: [GC (Allocation Failure) 153.726: [ParNew: 59008K->6528K(59008K), 0.0497732 secs] 8168274K->8124659K(25159296K), 0.0501338 secs] [Times: user=0.60 sys=0.01, real=0.05 secs] 
2014-04-09T14:34:33.359+0900: 153.816: [GC (Allocation Failure) 153.816: [ParNew: 59008K->6528K(59008K), 0.0499324 secs] 8177139K->8132784K(25159296K), 0.0502915 secs] [Times: user=0.60 sys=0.01, real=0.05 secs] 
2014-04-09T14:34:33.449+0900: 153.906: [GC (Allocation Failure) 153.906: [ParNew: 59008K->6528K(59008K), 0.0577867 secs] 8185264K->8141184K(25159296K), 0.0581432 secs] [Times: user=0.62 sys=0.01, real=0.06 secs] 
2014-04-09T14:34:33.547+0900: 154.004: [GC (Allocation Failure) 154.004: [ParNew: 59008K->6528K(59008K), 0.0505518 secs] 8193664K->8150395K(25159296K), 0.0509114 secs] [Times: user=0.60 sys=0.01, real=0.05 secs] 
2014-04-09T14:34:33.638+0900: 154.095: [GC (Allocation Failure) 154.095: [ParNew: 59008K->6528K(59008K), 0.0504757 secs] 8202875K->8159389K(25159296K), 0.0508327 secs] [Times: user=0.61 sys=0.01, real=0.05 secs] 
2014-04-09T14:34:33.788+0900: 154.245: [CMS-concurrent-preclean: 1.701/4.126 secs] [Times: user=43.09 sys=5.36, real=4.13 secs] 
2014-04-09T14:34:33.789+0900: 154.246: [GC (Allocation Failure) 154.246: [ParNew: 59008K->6528K(59008K), 0.0484888 secs] 8211869K->8167973K(25159296K), 0.0488500 secs] [Times: user=0.59 sys=0.01, real=0.05 secs] 
2014-04-09T14:34:33.840+0900: 154.297: [GC (CMS Final Remark) [YG occupancy: 6578 K (59008 K)]154.297: [Rescan (parallel) , 0.0184825 secs]154.315: [weak refs processing, 0.0022561 secs]154.317: [class unloading, 0.0440872 secs]154.362: [scrub symbol table, 0.0048488 secs]154.366: [scrub string table, 0.0013976 secs][1 CMS-remark: 8161445K(25100288K)] 8168024K(25159296K), 0.0791101 secs] [Times: user=0.29 sys=0.00, real=0.08 secs] 
2014-04-09T14:34:33.920+0900: 154.376: [CMS-concurrent-sweep-start]
2014-04-09T14:34:33.965+0900: 154.422: [GC (Allocation Failure) 154.422: [ParNew: 59008K->6528K(59008K), 0.0513307 secs] 8217502K->8173827K(25159296K), 0.0516968 secs] [Times: user=0.61 sys=0.01, real=0.06 secs] 
2014-04-09T14:34:34.064+0900: 154.520: [GC (Allocation Failure) 154.520: [ParNew: 59008K->6528K(59008K), 0.0446688 secs] 8219733K->8175790K(25159296K), 0.0450257 secs] [Times: user=0.53 sys=0.00, real=0.05 secs] 
2014-04-09T14:34:34.154+0900: 154.611: [GC (Allocation Failure) 154.611: [ParNew: 59008K->6528K(59008K), 0.0449096 secs] 8219961K->8176016K(25159296K), 0.0452658 secs] [Times: user=0.53 sys=0.01, real=0.05 secs] 
2014-04-09T14:34:34.240+0900: 154.697: [GC (Allocation Failure) 154.697: [ParNew: 59008K->6528K(59008K), 0.0444436 secs] 8221689K->8176733K(25159296K), 0.0448010 secs] [Times: user=0.54 sys=0.00, real=0.04 secs] 
2014-04-09T14:34:34.330+0900: 154.786: [GC (Allocation Failure) 154.787: [ParNew: 59008K->6528K(59008K), 0.0417177 secs] 8222175K->8178000K(25159296K), 0.0420671 secs] [Times: user=0.50 sys=0.00, real=0.04 secs] 
2014-04-09T14:34:34.417+0900: 154.874: [GC (Allocation Failure) 154.874: [ParNew: 59008K->6528K(59008K), 0.0437655 secs] 8227311K->8184034K(25159296K), 0.0441114 secs] [Times: user=0.52 sys=0.00, real=0.04 secs] 
2014-04-09T14:34:34.503+0900: 154.959: [GC (Allocation Failure) 154.960: [ParNew: 59008K->6528K(59008K), 0.0476535 secs] 8233839K->8189496K(25159296K), 0.0480080 secs] [Times: user=0.58 sys=0.01, real=0.05 secs] 
2014-04-09T14:34:34.591+0900: 155.048: [GC (Allocation Failure) 155.048: [ParNew: 59008K->6528K(59008K), 0.0505217 secs] 8238513K->8195532K(25159296K), 0.0508819 secs] [Times: user=0.60 sys=0.01, real=0.05 secs] 
2014-04-09T14:34:34.682+0900: 155.139: [GC (Allocation Failure) 155.139: [ParNew: 59008K->6528K(59008K), 0.0505892 secs] 8245580K->8202612K(25159296K), 0.0509586 secs] [Times: user=0.60 sys=0.01, real=0.05 secs] 
2014-04-09T14:34:34.778+0900: 155.235: [GC (Allocation Failure) 155.235: [ParNew: 59008K->6528K(59008K), 0.0491008 secs] 8252146K->8206737K(25159296K), 0.0494629 secs] [Times: user=0.59 sys=0.02, real=0.05 secs] 
2014-04-09T14:34:34.868+0900: 155.325: [GC (Allocation Failure) 155.325: [ParNew: 59008K->6528K(59008K), 0.0478548 secs] 8256756K->8214232K(25159296K), 0.0482151 secs] [Times: user=0.57 sys=0.00, real=0.04 secs] 
2014-04-09T14:34:34.957+0900: 155.413: [GC (Allocation Failure) 155.414: [ParNew: 59008K->6528K(59008K), 0.0496700 secs] 8263566K->8219742K(25159296K), 0.0500276 secs] [Times: user=0.60 sys=0.01, real=0.05 secs] 
2014-04-09T14:34:35.047+0900: 155.504: [GC (Allocation Failure) 155.504: [ParNew: 59008K->6528K(59008K), 0.0487299 secs] 8269957K->8226239K(25159296K), 0.0490859 secs] [Times: user=0.59 sys=0.00, real=0.05 secs] 
2014-04-09T14:34:35.137+0900: 155.594: [GC (Allocation Failure) 155.594: [ParNew: 59008K->6528K(59008K), 0.0493660 secs] 8276523K->8232582K(25159296K), 0.0497308 secs] [Times: user=0.60 sys=0.00, real=0.05 secs] 
2014-04-09T14:34:35.232+0900: 155.689: [GC (Allocation Failure) 155.689: [ParNew: 59008K->6528K(59008K), 0.0503882 secs] 8282499K->8239093K(25159296K), 0.0507429 secs] [Times: user=0.61 sys=0.01, real=0.05 secs] 
2014-04-09T14:34:35.323+0900: 155.779: [GC (Allocation Failure) 155.780: [ParNew: 59008K->6528K(59008K), 0.0478783 secs] 8287409K->8242658K(25159296K), 0.0482366 secs] [Times: user=0.56 sys=0.01, real=0.05 secs] 
2014-04-09T14:34:35.410+0900: 155.867: [GC (Allocation Failure) 155.867: [ParNew: 59008K->6528K(59008K), 0.0466562 secs] 8293094K->8248877K(25159296K), 0.0470207 secs] [Times: user=0.56 sys=0.01, real=0.05 secs] 
2014-04-09T14:34:35.499+0900: 155.956: [GC (Allocation Failure) 155.956: [ParNew: 59008K->6528K(59008K), 0.0450748 secs] 8298920K->8255401K(25159296K), 0.0454432 secs] [Times: user=0.52 sys=0.01, real=0.04 secs] 
2014-04-09T14:34:35.591+0900: 156.048: [GC (Allocation Failure) 156.048: [ParNew: 59008K->6528K(59008K), 0.0483782 secs] 8303867K->8259539K(25159296K), 0.0487313 secs] [Times: user=0.57 sys=0.01, real=0.05 secs] 
2014-04-09T14:34:35.680+0900: 156.137: [GC (Allocation Failure) 156.137: [ParNew: 58993K->6528K(59008K), 0.0557090 secs] 8309649K->8266023K(25159296K), 0.0560797 secs] [Times: user=0.66 sys=0.01, real=0.06 secs] 
2014-04-09T14:34:35.778+0900: 156.235: [GC (Allocation Failure) 156.235: [ParNew: 59008K->6528K(59008K), 0.0468605 secs] 8315215K->8270825K(25159296K), 0.0472219 secs] [Times: user=0.57 sys=0.00, real=0.04 secs] 
2014-04-09T14:34:35.868+0900: 156.325: [GC (Allocation Failure) 156.325: [ParNew: 59008K->6528K(59008K), 0.0538375 secs] 8320588K->8277206K(25159296K), 0.0541871 secs] [Times: user=0.64 sys=0.00, real=0.05 secs] 
2014-04-09T14:34:35.961+0900: 156.418: [GC (Allocation Failure) 156.418: [ParNew: 59008K->6528K(59008K), 0.0573619 secs] 8326885K->8282979K(25159296K), 0.0577093 secs] [Times: user=0.68 sys=0.02, real=0.06 secs] 
2014-04-09T14:34:36.061+0900: 156.517: [GC (Allocation Failure) 156.518: [ParNew: 59008K->6528K(59008K), 0.0466355 secs] 8331905K->8288324K(25159296K), 0.0469848 secs] [Times: user=0.56 sys=0.01, real=0.05 secs] 
2014-04-09T14:34:36.147+0900: 156.604: [GC (Allocation Failure) 156.604: [ParNew: 59008K->6528K(59008K), 0.0444113 secs] 8337691K->8293586K(25159296K), 0.0447631 secs] [Times: user=0.53 sys=0.00, real=0.04 secs] 
2014-04-09T14:34:36.231+0900: 156.688: [GC (Allocation Failure) 156.688: [ParNew: 59007K->6528K(59008K), 0.0478630 secs] 8343156K->8299437K(25159296K), 0.0482204 secs] [Times: user=0.57 sys=0.01, real=0.05 secs] 
2014-04-09T14:34:36.319+0900: 156.776: [GC (Allocation Failure) 156.776: [ParNew: 59008K->6528K(59008K), 0.0585998 secs] 8349654K->8306591K(25159296K), 0.0589507 secs] [Times: user=0.70 sys=0.02, real=0.06 secs] 
2014-04-09T14:34:36.419+0900: 156.876: [GC (Allocation Failure) 156.876: [ParNew: 59008K->6528K(59008K), 0.0424611 secs] 8350502K->8305740K(25159296K), 0.0428208 secs] [Times: user=0.50 sys=0.01, real=0.04 secs] 
2014-04-09T14:34:36.505+0900: 156.962: [GC (Allocation Failure) 156.962: [ParNew: 59008K->6528K(59008K), 0.0440561 secs] 8343382K->8299783K(25159296K), 0.0444041 secs] [Times: user=0.52 sys=0.01, real=0.05 secs] 
2014-04-09T14:34:36.589+0900: 157.046: [GC (Allocation Failure) 157.046: [ParNew: 59008K->6528K(59008K), 0.0565797 secs] 8338671K->8294805K(25159296K), 0.0569465 secs] [Times: user=0.68 sys=0.02, real=0.05 secs] 
2014-04-09T14:34:36.686+0900: 157.143: [GC (Allocation Failure) 157.143: [ParNew: 59008K->6528K(59008K), 0.0555382 secs] 8334688K->8291385K(25159296K), 0.0559136 secs] [Times: user=0.67 sys=0.01, real=0.06 secs] 
2014-04-09T14:34:36.781+0900: 157.238: [GC (Allocation Failure) 157.238: [ParNew: 59008K->6528K(59008K), 0.0482246 secs] 8332361K->8288646K(25159296K), 0.0485828 secs] [Times: user=0.57 sys=0.00, real=0.05 secs] 
2014-04-09T14:34:36.868+0900: 157.325: [GC (Allocation Failure) 157.325: [ParNew: 59008K->6528K(59008K), 0.0485357 secs] 8328158K->8284637K(25159296K), 0.0488873 secs] [Times: user=0.58 sys=0.01, real=0.05 secs] 
2014-04-09T14:34:36.958+0900: 157.415: [GC (Allocation Failure) 157.415: [ParNew: 59008K->6528K(59008K), 0.0554450 secs] 8324356K->8280845K(25159296K), 0.0558049 secs] [Times: user=0.68 sys=0.01, real=0.05 secs] 
2014-04-09T14:34:37.053+0900: 157.510: [GC (Allocation Failure) 157.510: [ParNew: 59008K->6528K(59008K), 0.0432146 secs] 8321691K->8276857K(25159296K), 0.0435646 secs] [Times: user=0.53 sys=0.01, real=0.05 secs] 
2014-04-09T14:34:37.141+0900: 157.598: [GC (Allocation Failure) 157.598: [ParNew: 59008K->6528K(59008K), 0.0477477 secs] 8315855K->8272540K(25159296K), 0.0480960 secs] [Times: user=0.57 sys=0.01, real=0.05 secs] 
2014-04-09T14:34:37.230+0900: 157.686: [GC (Allocation Failure) 157.687: [ParNew: 59008K->6528K(59008K), 0.0543102 secs] 8311307K->8267431K(25159296K), 0.0546587 secs] [Times: user=0.66 sys=0.00, real=0.05 secs] 
2014-04-09T14:34:37.324+0900: 157.781: [GC (Allocation Failure) 157.781: [ParNew: 59008K->6528K(59008K), 0.0566610 secs] 8308872K->8265413K(25159296K), 0.0570114 secs] [Times: user=0.68 sys=0.01, real=0.06 secs] 
2014-04-09T14:34:37.421+0900: 157.878: [GC (Allocation Failure) 157.878: [ParNew: 59008K->6528K(59008K), 0.0450557 secs] 8304071K->8259963K(25159296K), 0.0454087 secs] [Times: user=0.53 sys=0.01, real=0.05 secs] 
2014-04-09T14:34:37.507+0900: 157.964: [GC (Allocation Failure) 157.964: [ParNew: 59008K->6528K(59008K), 0.0550475 secs] 8300645K->8256899K(25159296K), 0.0553968 secs] [Times: user=0.66 sys=0.01, real=0.05 secs] 
2014-04-09T14:34:37.603+0900: 158.059: [GC (Allocation Failure) 158.060: [ParNew: 59008K->6528K(59008K), 0.0472902 secs] 8297030K->8252595K(25159296K), 0.0476472 secs] [Times: user=0.57 sys=0.01, real=0.05 secs] 
2014-04-09T14:34:37.691+0900: 158.148: [GC (Allocation Failure) 158.148: [ParNew: 59007K->6528K(59008K), 0.0449520 secs] 8293031K->8249255K(25159296K), 0.0453032 secs] [Times: user=0.53 sys=0.01, real=0.05 secs] 
2014-04-09T14:34:37.776+0900: 158.233: [GC (Allocation Failure) 158.233: [ParNew: 59008K->6528K(59008K), 0.0442608 secs] 8292209K->8248969K(25159296K), 0.0446119 secs] [Times: user=0.52 sys=0.01, real=0.05 secs] 
2014-04-09T14:34:37.862+0900: 158.319: [GC (Allocation Failure) 158.319: [ParNew: 59008K->6528K(59008K), 0.0458645 secs] 8296011K->8251225K(25159296K), 0.0462223 secs] [Times: user=0.53 sys=0.01, real=0.05 secs] 
2014-04-09T14:34:37.950+0900: 158.407: [GC (Allocation Failure) 158.407: [ParNew: 59008K->6528K(59008K), 0.0624526 secs] 8298079K->8254201K(25159296K), 0.0627970 secs] [Times: user=0.75 sys=0.01, real=0.06 secs] 
2014-04-09T14:34:38.052+0900: 158.509: [GC (Allocation Failure) 158.509: [ParNew: 59008K->6528K(59008K), 0.0594435 secs] 8301428K->8257835K(25159296K), 0.0597934 secs] [Times: user=0.71 sys=0.01, real=0.06 secs] 
2014-04-09T14:34:38.158+0900: 158.615: [GC (Allocation Failure) 158.615: [ParNew: 59008K->6528K(59008K), 0.0542993 secs] 8303739K->8259776K(25159296K), 0.0546514 secs] [Times: user=0.64 sys=0.01, real=0.05 secs] 
2014-04-09T14:34:38.255+0900: 158.712: [GC (Allocation Failure) 158.712: [ParNew: 59008K->6528K(59008K), 0.0546792 secs] 8306599K->8262617K(25159296K), 0.0550332 secs] [Times: user=0.65 sys=0.01, real=0.06 secs] 
2014-04-09T14:34:38.350+0900: 158.807: [GC (Allocation Failure) 158.807: [ParNew: 59008K->6528K(59008K), 0.0478068 secs] 8309619K->8265246K(25159296K), 0.0481566 secs] [Times: user=0.56 sys=0.01, real=0.05 secs] 
2014-04-09T14:34:38.439+0900: 158.896: [GC (Allocation Failure) 158.896: [ParNew: 59008K->6528K(59008K), 0.0587090 secs] 8312346K->8268172K(25159296K), 0.0590883 secs] [Times: user=0.70 sys=0.00, real=0.06 secs] 
2014-04-09T14:34:38.540+0900: 158.997: [GC (Allocation Failure) 158.997: [ParNew: 59008K->6528K(59008K), 0.0541189 secs] 8316525K->8273559K(25159296K), 0.0544646 secs] [Times: user=0.65 sys=0.01, real=0.05 secs] 
2014-04-09T14:34:38.636+0900: 159.093: [GC (Allocation Failure) 159.093: [ParNew: 59008K->6528K(59008K), 0.0451595 secs] 8322085K->8277014K(25159296K), 0.0455217 secs] [Times: user=0.54 sys=0.01, real=0.05 secs] 
2014-04-09T14:34:38.723+0900: 159.180: [GC (Allocation Failure) 159.180: [ParNew: 59008K->6528K(59008K), 0.0571525 secs] 8325380K->8282540K(25159296K), 0.0575105 secs] [Times: user=0.68 sys=0.01, real=0.06 secs] 
2014-04-09T14:34:38.820+0900: 159.277: [GC (Allocation Failure) 159.277: [ParNew: 59008K->6528K(59008K), 0.0470172 secs] 8331364K->8287480K(25159296K), 0.0473751 secs] [Times: user=0.54 sys=0.02, real=0.05 secs] 
2014-04-09T14:34:38.907+0900: 159.364: [GC (Allocation Failure) 159.364: [ParNew: 59008K->6528K(59008K), 0.0503349 secs] 8336502K->8292893K(25159296K), 0.0506837 secs] [Times: user=0.60 sys=0.01, real=0.05 secs] 
2014-04-09T14:34:39.001+0900: 159.458: [GC (Allocation Failure) 159.458: [ParNew: 59008K->6528K(59008K), 0.0494776 secs] 8341745K->8297491K(25159296K), 0.0498262 secs] [Times: user=0.59 sys=0.01, real=0.05 secs] 
2014-04-09T14:34:39.091+0900: 159.547: [GC (Allocation Failure) 159.548: [ParNew: 59008K->6528K(59008K), 0.0498539 secs] 8346834K->8302061K(25159296K), 0.0502046 secs] [Times: user=0.58 sys=0.01, real=0.05 secs] 
2014-04-09T14:34:39.181+0900: 159.638: [GC (Allocation Failure) 159.638: [ParNew: 59008K->6528K(59008K), 0.0496527 secs] 8352690K->8309117K(25159296K), 0.0500014 secs] [Times: user=0.58 sys=0.01, real=0.05 secs] 
2014-04-09T14:34:39.272+0900: 159.728: [GC (Allocation Failure) 159.729: [ParNew: 59008K->6528K(59008K), 0.0500692 secs] 8360274K->8316229K(25159296K), 0.0504189 secs] [Times: user=0.57 sys=0.01, real=0.05 secs] 
2014-04-09T14:34:39.362+0900: 159.819: [GC (Allocation Failure) 159.819: [ParNew: 59008K->6528K(59008K), 0.0557077 secs] 8367736K->8324661K(25159296K), 0.0560795 secs] [Times: user=0.67 sys=0.01, real=0.06 secs] 
2014-04-09T14:34:39.462+0900: 159.919: [GC (Allocation Failure) 159.919: [ParNew: 58953K->6528K(59008K), 0.0602744 secs] 8375784K->8331343K(25159296K), 0.0606379 secs] [Times: user=0.71 sys=0.02, real=0.06 secs] 
2014-04-09T14:34:39.567+0900: 160.024: [GC (Allocation Failure) 160.024: [ParNew: 59008K->6528K(59008K), 0.0452424 secs] 8382536K->8337838K(25159296K), 0.0456047 secs] [Times: user=0.53 sys=0.01, real=0.04 secs] 
2014-04-09T14:34:39.657+0900: 160.114: [GC (Allocation Failure) 160.114: [ParNew: 59008K->6528K(59008K), 0.0592580 secs] 8388671K->8345054K(25159296K), 0.0596102 secs] [Times: user=0.71 sys=0.01, real=0.06 secs] 
2014-04-09T14:34:39.759+0900: 160.216: [GC (Allocation Failure) 160.216: [ParNew: 59008K->6528K(59008K), 0.0475816 secs] 8396981K->8353491K(25159296K), 0.0479387 secs] [Times: user=0.57 sys=0.00, real=0.05 secs] 
2014-04-09T14:34:39.849+0900: 160.306: [GC (Allocation Failure) 160.306: [ParNew: 59008K->6528K(59008K), 0.0494013 secs] 8405866K->8362403K(25159296K), 0.0497561 secs] [Times: user=0.59 sys=0.01, real=0.05 secs] 
2014-04-09T14:34:39.939+0900: 160.396: [GC (Allocation Failure) 160.396: [ParNew: 59008K->6528K(59008K), 0.0587409 secs] 8414753K->8371033K(25159296K), 0.0591072 secs] [Times: user=0.70 sys=0.01, real=0.06 secs] 
2014-04-09T14:34:40.041+0900: 160.497: [GC (Allocation Failure) 160.498: [ParNew: 59008K->6528K(59008K), 0.0493316 secs] 8423447K->8379282K(25159296K), 0.0496921 secs] [Times: user=0.57 sys=0.01, real=0.05 secs] 
2014-04-09T14:34:40.135+0900: 160.592: [GC (Allocation Failure) 160.592: [ParNew: 59008K->6528K(59008K), 0.0603061 secs] 8431685K->8387572K(25159296K), 0.0606595 secs] [Times: user=0.73 sys=0.01, real=0.06 secs] 
2014-04-09T14:34:40.239+0900: 160.696: [GC (Allocation Failure) 160.696: [ParNew: 59008K->6528K(59008K), 0.0486553 secs] 8439927K->8396440K(25159296K), 0.0490151 secs] [Times: user=0.56 sys=0.02, real=0.05 secs] 
2014-04-09T14:34:40.326+0900: 160.783: [GC (Allocation Failure) 160.783: [ParNew: 59008K->6528K(59008K), 0.0468676 secs] 8448090K->8404226K(25159296K), 0.0472255 secs] [Times: user=0.52 sys=0.02, real=0.05 secs] 
2014-04-09T14:34:40.416+0900: 160.873: [GC (Allocation Failure) 160.873: [ParNew: 59008K->6528K(59008K), 0.0563017 secs] 8456420K->8413719K(25159296K), 0.0566578 secs] [Times: user=0.67 sys=0.01, real=0.06 secs] 
2014-04-09T14:34:40.519+0900: 160.976: [GC (Allocation Failure) 160.976: [ParNew: 59008K->6528K(59008K), 0.0444991 secs] 8338192K->8293703K(25159296K), 0.0448498 secs] [Times: user=0.55 sys=0.00, real=0.04 secs] 
2014-04-09T14:34:40.604+0900: 161.061: [GC (Allocation Failure) 161.061: [ParNew: 59008K->6528K(59008K), 0.0535484 secs] 8270538K->8227780K(25159296K), 0.0539129 secs] [Times: user=0.65 sys=0.00, real=0.06 secs] 
2014-04-09T14:34:40.689+0900: 161.146: [CMS-concurrent-sweep: 2.952/6.769 secs] [Times: user=73.75 sys=9.13, real=6.77 secs] 
2014-04-09T14:34:40.689+0900: 161.146: [CMS-concurrent-reset-start]
2014-04-09T14:34:40.699+0900: 161.156: [GC (Allocation Failure) 161.156: [ParNew: 59008K->6528K(59008K), 0.0512724 secs] 8280260K->8236144K(25159296K), 0.0516368 secs] [Times: user=0.63 sys=0.01, real=0.05 secs] 
2014-04-09T14:34:40.797+0900: 161.254: [GC (Allocation Failure) 161.254: [ParNew: 59008K->6528K(59008K), 0.0489789 secs] 8288624K->8244942K(25159296K), 0.0493315 secs] [Times: user=0.59 sys=0.00, real=0.05 secs] 
2014-04-09T14:34:40.891+0900: 161.348: [GC (Allocation Failure) 161.348: [ParNew: 59008K->6528K(59008K), 0.0475705 secs] 8297422K->8253186K(25159296K), 0.0479300 secs] [Times: user=0.58 sys=0.00, real=0.05 secs] 
2014-04-09T14:34:40.942+0900: 161.399: [CMS-concurrent-reset: 0.100/0.253 secs] [Times: user=2.79 sys=0.30, real=0.25 secs] 
2014-04-09T14:34:40.982+0900: 161.438: [GC (Allocation Failure) 161.439: [ParNew: 59008K->6528K(59008K), 0.0520855 secs] 8305666K->8261826K(25159296K), 0.0524417 secs] [Times: user=0.63 sys=0.01, real=0.05 secs] 
2014-04-09T14:34:41.036+0900: 161.492: [GC (CMS Initial Mark) [1 CMS-initial-mark: 8255298K(25100288K)] 8261848K(25159296K), 0.0019395 secs] [Times: user=0.01 sys=0.00, real=0.01 secs] 
2014-04-09T14:34:41.038+0900: 161.494: [CMS-concurrent-mark-start]
2014-04-09T14:34:41.087+0900: 161.544: [GC (Allocation Failure) 161.544: [ParNew: 59008K->6528K(59008K), 0.0503295 secs] 8314306K->8270375K(25159296K), 0.0506846 secs] [Times: user=0.62 sys=0.00, real=0.05 secs] 
2014-04-09T14:34:41.186+0900: 161.643: [GC (Allocation Failure) 161.643: [ParNew: 59008K->6528K(59008K), 0.0528285 secs] 8322855K->8279187K(25159296K), 0.0531852 secs] [Times: user=0.64 sys=0.01, real=0.06 secs] 
2014-04-09T14:34:41.282+0900: 161.739: [GC (Allocation Failure) 161.739: [ParNew: 59008K->6528K(59008K), 0.0417735 secs] 8331667K->8287046K(25159296K), 0.0421325 secs] [Times: user=0.50 sys=0.01, real=0.04 secs] 
2014-04-09T14:34:41.380+0900: 161.837: [GC (Allocation Failure) 161.837: [ParNew: 59008K->6528K(59008K), 0.0497518 secs] 8339526K->8297161K(25159296K), 0.0501178 secs] [Times: user=0.59 sys=0.02, real=0.05 secs] 
2014-04-09T14:34:41.474+0900: 161.931: [GC (Allocation Failure) 161.931: [ParNew: 59008K->6528K(59008K), 0.0489821 secs] 8349641K->8304903K(25159296K), 0.0493448 secs] [Times: user=0.60 sys=0.01, real=0.05 secs] 
2014-04-09T14:34:41.569+0900: 162.026: [GC (Allocation Failure) 162.026: [ParNew: 59008K->6528K(59008K), 0.0428515 secs] 8357383K->8312792K(25159296K), 0.0432125 secs] [Times: user=0.52 sys=0.01, real=0.04 secs] 
2014-04-09T14:34:41.663+0900: 162.120: [GC (Allocation Failure) 162.120: [ParNew: 59008K->6528K(59008K), 0.0459986 secs] 8365272K->8322432K(25159296K), 0.0463630 secs] [Times: user=0.56 sys=0.01, real=0.05 secs] 
2014-04-09T14:34:41.759+0900: 162.215: [GC (Allocation Failure) 162.216: [ParNew: 59008K->6528K(59008K), 0.0440720 secs] 8374912K->8329782K(25159296K), 0.0444296 secs] [Times: user=0.53 sys=0.00, real=0.04 secs] 
2014-04-09T14:34:41.853+0900: 162.310: [GC (Allocation Failure) 162.310: [ParNew: 59008K->6528K(59008K), 0.0455898 secs] 8382262K->8339110K(25159296K), 0.0459679 secs] [Times: user=0.55 sys=0.01, real=0.05 secs] 
2014-04-09T14:34:41.950+0900: 162.407: [GC (Allocation Failure) 162.407: [ParNew: 59008K->6528K(59008K), 0.0540277 secs] 8391590K->8347586K(25159296K), 0.0543828 secs] [Times: user=0.65 sys=0.01, real=0.05 secs] 
2014-04-09T14:34:42.053+0900: 162.510: [GC (Allocation Failure) 162.510: [ParNew: 59008K->6528K(59008K), 0.0454465 secs] 8400066K->8354620K(25159296K), 0.0458008 secs] [Times: user=0.55 sys=0.01, real=0.05 secs] 
2014-04-09T14:34:42.149+0900: 162.606: [GC (Allocation Failure) 162.606: [ParNew: 59008K->6528K(59008K), 0.0487557 secs] 8407100K->8364025K(25159296K), 0.0491122 secs] [Times: user=0.58 sys=0.00, real=0.05 secs] 
2014-04-09T14:34:42.245+0900: 162.702: [GC (Allocation Failure) 162.702: [ParNew: 59008K->6528K(59008K), 0.0507295 secs] 8416505K->8372207K(25159296K), 0.0510837 secs] [Times: user=0.61 sys=0.00, real=0.05 secs] 
2014-04-09T14:34:42.344+0900: 162.801: [GC (Allocation Failure) 162.801: [ParNew: 58995K->6528K(59008K), 0.0558662 secs] 8424675K->8380901K(25159296K), 0.0562269 secs] [Times: user=0.68 sys=0.01, real=0.06 secs] 
2014-04-09T14:34:42.456+0900: 162.913: [GC (Allocation Failure) 162.913: [ParNew: 59008K->6528K(59008K), 0.0445764 secs] 8433381K->8389292K(25159296K), 0.0449280 secs] [Times: user=0.53 sys=0.01, real=0.05 secs] 
2014-04-09T14:34:42.551+0900: 163.007: [GC (Allocation Failure) 163.008: [ParNew: 59008K->6528K(59008K), 0.0419077 secs] 8441772K->8397169K(25159296K), 0.0422631 secs] [Times: user=0.50 sys=0.01, real=0.04 secs] 
2014-04-09T14:34:42.644+0900: 163.101: [GC (Allocation Failure) 163.101: [ParNew: 59008K->6528K(59008K), 0.0540188 secs] 8449649K->8405447K(25159296K), 0.0543813 secs] [Times: user=0.66 sys=0.00, real=0.06 secs] 
2014-04-09T14:34:42.744+0900: 163.201: [GC (Allocation Failure) 163.201: [ParNew: 59008K->6528K(59008K), 0.0484449 secs] 8457927K->8414647K(25159296K), 0.0487992 secs] [Times: user=0.58 sys=0.01, real=0.05 secs] 
2014-04-09T14:34:42.837+0900: 163.294: [GC (Allocation Failure) 163.294: [ParNew: 59008K->6528K(59008K), 0.0490425 secs] 8467127K->8422788K(25159296K), 0.0494015 secs] [Times: user=0.59 sys=0.00, real=0.05 secs] 
2014-04-09T14:34:42.936+0900: 163.393: [GC (Allocation Failure) 163.393: [ParNew: 59008K->6528K(59008K), 0.0452034 secs] 8475268K->8430900K(25159296K), 0.0455606 secs] [Times: user=0.54 sys=0.00, real=0.05 secs] 
2014-04-09T14:34:43.026+0900: 163.482: [GC (Allocation Failure) 163.483: [ParNew: 59008K->6528K(59008K), 0.0428807 secs] 8483380K->8440036K(25159296K), 0.0432381 secs] [Times: user=0.51 sys=0.00, real=0.05 secs] 
2014-04-09T14:34:43.122+0900: 163.579: [GC (Allocation Failure) 163.579: [ParNew: 59008K->6528K(59008K), 0.0513274 secs] 8492516K->8448136K(25159296K), 0.0516813 secs] [Times: user=0.62 sys=0.01, real=0.05 secs] 
2014-04-09T14:34:43.223+0900: 163.679: [GC (Allocation Failure) 163.680: [ParNew: 59008K->6528K(59008K), 0.0421503 secs] 8500616K->8456616K(25159296K), 0.0425064 secs] [Times: user=0.50 sys=0.01, real=0.04 secs] 
2014-04-09T14:34:43.314+0900: 163.771: [GC (Allocation Failure) 163.771: [ParNew: 59007K->6528K(59008K), 0.0457069 secs] 8509096K->8465294K(25159296K), 0.0460686 secs] [Times: user=0.54 sys=0.01, real=0.05 secs] 
2014-04-09T14:34:43.415+0900: 163.871: [GC (Allocation Failure) 163.872: [ParNew: 59008K->6528K(59008K), 0.0570094 secs] 8517774K->8474089K(25159296K), 0.0573658 secs] [Times: user=0.67 sys=0.01, real=0.06 secs] 
2014-04-09T14:34:43.519+0900: 163.976: [GC (Allocation Failure) 163.976: [ParNew: 59008K->6528K(59008K), 0.0556810 secs] 8526569K->8482946K(25159296K), 0.0560445 secs] [Times: user=0.66 sys=0.01, real=0.05 secs] 
2014-04-09T14:34:43.623+0900: 164.080: [GC (Allocation Failure) 164.080: [ParNew: 59008K->6528K(59008K), 0.0578594 secs] 8535426K->8490431K(25159296K), 0.0582150 secs] [Times: user=0.69 sys=0.01, real=0.06 secs] 
2014-04-09T14:34:43.732+0900: 164.188: [GC (Allocation Failure) 164.189: [ParNew: 59008K->6528K(59008K), 0.0461382 secs] 8542911K->8499567K(25159296K), 0.0465110 secs] [Times: user=0.53 sys=0.01, real=0.05 secs] 
2014-04-09T14:34:43.835+0900: 164.292: [GC (Allocation Failure) 164.292: [ParNew: 59008K->6528K(59008K), 0.0497906 secs] 8552047K->8508834K(25159296K), 0.0501496 secs] [Times: user=0.58 sys=0.00, real=0.05 secs] 
2014-04-09T14:34:43.936+0900: 164.393: [GC (Allocation Failure) 164.393: [ParNew: 59008K->6528K(59008K), 0.0551141 secs] 8561314K->8516774K(25159296K), 0.0554749 secs] [Times: user=0.65 sys=0.01, real=0.06 secs] 
2014-04-09T14:34:44.044+0900: 164.501: [GC (Allocation Failure) 164.501: [ParNew: 59008K->6528K(59008K), 0.0543454 secs] 8569254K->8525837K(25159296K), 0.0547023 secs] [Times: user=0.65 sys=0.01, real=0.06 secs] 
2014-04-09T14:34:44.146+0900: 164.603: [GC (Allocation Failure) 164.603: [ParNew: 59008K->6528K(59008K), 0.0482296 secs] 8578317K->8533608K(25159296K), 0.0485917 secs] [Times: user=0.57 sys=0.01, real=0.05 secs] 
2014-04-09T14:34:44.249+0900: 164.705: [GC (Allocation Failure) 164.706: [ParNew: 59008K->6528K(59008K), 0.0571420 secs] 8586088K->8542677K(25159296K), 0.0575010 secs] [Times: user=0.68 sys=0.01, real=0.05 secs] 
2014-04-09T14:34:44.353+0900: 164.810: [GC (Allocation Failure) 164.810: [ParNew: 59008K->6528K(59008K), 0.0530223 secs] 8595157K->8551082K(25159296K), 0.0533755 secs] [Times: user=0.62 sys=0.01, real=0.05 secs] 
2014-04-09T14:34:44.439+0900: 164.896: [CMS-concurrent-mark: 1.661/3.401 secs] [Times: user=38.81 sys=4.35, real=3.40 secs] 
2014-04-09T14:34:44.439+0900: 164.896: [CMS-concurrent-preclean-start]
2014-04-09T14:34:44.456+0900: 164.913: [GC (Allocation Failure) 164.913: [ParNew: 59007K->6528K(59008K), 0.0471716 secs] 8603562K->8559579K(25159296K), 0.0475283 secs] [Times: user=0.56 sys=0.01, real=0.05 secs] 
2014-04-09T14:34:44.542+0900: 164.999: [GC (Allocation Failure) 164.999: [ParNew: 59008K->6528K(59008K), 0.0564312 secs] 8612059K->8568462K(25159296K), 0.0567907 secs] [Times: user=0.67 sys=0.01, real=0.06 secs] 
2014-04-09T14:34:44.640+0900: 165.097: [GC (Allocation Failure) 165.097: [ParNew: 59008K->6528K(59008K), 0.0544227 secs] 8620942K->8576433K(25159296K), 0.0547794 secs] [Times: user=0.64 sys=0.02, real=0.05 secs] 
2014-04-09T14:34:44.746+0900: 165.203: [GC (Allocation Failure) 165.203: [ParNew: 59008K->6528K(59008K), 0.0499351 secs] 8628913K->8585220K(25159296K), 0.0502937 secs] [Times: user=0.60 sys=0.01, real=0.05 secs] 
2014-04-09T14:34:44.838+0900: 165.295: [GC (Allocation Failure) 165.295: [ParNew: 59008K->6528K(59008K), 0.0511078 secs] 8637700K->8594697K(25159296K), 0.0514650 secs] [Times: user=0.59 sys=0.01, real=0.05 secs] 
2014-04-09T14:34:44.932+0900: 165.389: [GC (Allocation Failure) 165.389: [ParNew: 59008K->6528K(59008K), 0.0453150 secs] 8647177K->8602305K(25159296K), 0.0456711 secs] [Times: user=0.53 sys=0.00, real=0.05 secs] 
2014-04-09T14:34:45.020+0900: 165.477: [GC (Allocation Failure) 165.477: [ParNew: 59008K->6528K(59008K), 0.0471155 secs] 8654785K->8612206K(25159296K), 0.0474695 secs] [Times: user=0.54 sys=0.02, real=0.05 secs] 
2014-04-09T14:34:45.108+0900: 165.564: [GC (Allocation Failure) 165.565: [ParNew: 59008K->6528K(59008K), 0.0447476 secs] 8664686K->8619579K(25159296K), 0.0450992 secs] [Times: user=0.55 sys=0.00, real=0.04 secs] 
2014-04-09T14:34:45.194+0900: 165.651: [GC (Allocation Failure) 165.651: [ParNew: 59008K->6528K(59008K), 0.0478648 secs] 8672059K->8627761K(25159296K), 0.0482381 secs] [Times: user=0.57 sys=0.01, real=0.05 secs] 
2014-04-09T14:34:45.289+0900: 165.746: [GC (Allocation Failure) 165.746: [ParNew: 59008K->6528K(59008K), 0.0477663 secs] 8680241K->8636467K(25159296K), 0.0481107 secs] [Times: user=0.58 sys=0.01, real=0.04 secs] 
2014-04-09T14:34:45.378+0900: 165.834: [GC (Allocation Failure) 165.835: [ParNew: 59008K->6528K(59008K), 0.0474358 secs] 8688947K->8645429K(25159296K), 0.0477907 secs] [Times: user=0.57 sys=0.01, real=0.04 secs] 
2014-04-09T14:34:45.466+0900: 165.923: [GC (Allocation Failure) 165.923: [ParNew: 59008K->6528K(59008K), 0.0454891 secs] 8697909K->8653724K(25159296K), 0.0458492 secs] [Times: user=0.53 sys=0.01, real=0.05 secs] 
2014-04-09T14:34:45.552+0900: 166.008: [GC (Allocation Failure) 166.009: [ParNew: 59008K->6528K(59008K), 0.0489270 secs] 8706204K->8662883K(25159296K), 0.0492785 secs] [Times: user=0.56 sys=0.02, real=0.05 secs] 
2014-04-09T14:34:45.645+0900: 166.102: [GC (Allocation Failure) 166.102: [ParNew: 59008K->6528K(59008K), 0.0453886 secs] 8715363K->8670423K(25159296K), 0.0457379 secs] [Times: user=0.54 sys=0.01, real=0.05 secs] 
2014-04-09T14:34:45.738+0900: 166.195: [GC (Allocation Failure) 166.195: [ParNew: 59008K->6528K(59008K), 0.0473973 secs] 8722903K->8679062K(25159296K), 0.0477517 secs] [Times: user=0.57 sys=0.00, real=0.04 secs] 
2014-04-09T14:34:45.830+0900: 166.286: [GC (Allocation Failure) 166.287: [ParNew: 59008K->6528K(59008K), 0.0464328 secs] 8731542K->8686641K(25159296K), 0.0467840 secs] [Times: user=0.54 sys=0.01, real=0.04 secs] 
2014-04-09T14:34:45.916+0900: 166.373: [GC (Allocation Failure) 166.373: [ParNew: 59008K->6528K(59008K), 0.0551082 secs] 8739121K->8696843K(25159296K), 0.0554624 secs] [Times: user=0.65 sys=0.00, real=0.06 secs] 
2014-04-09T14:34:46.015+0900: 166.471: [GC (Allocation Failure) 166.472: [ParNew: 59008K->6528K(59008K), 0.0488457 secs] 8749323K->8705116K(25159296K), 0.0491934 secs] [Times: user=0.57 sys=0.01, real=0.05 secs] 
2014-04-09T14:34:46.104+0900: 166.561: [GC (Allocation Failure) 166.561: [ParNew: 59008K->6528K(59008K), 0.0458537 secs] 8757596K->8713555K(25159296K), 0.0462095 secs] [Times: user=0.55 sys=0.00, real=0.05 secs] 
2014-04-09T14:34:46.191+0900: 166.648: [GC (Allocation Failure) 166.648: [ParNew: 59008K->6528K(59008K), 0.0471378 secs] 8766035K->8721260K(25159296K), 0.0475049 secs] [Times: user=0.56 sys=0.01, real=0.05 secs] 
2014-04-09T14:34:46.284+0900: 166.741: [GC (Allocation Failure) 166.741: [ParNew: 59008K->6528K(59008K), 0.0503277 secs] 8773740K->8730144K(25159296K), 0.0506823 secs] [Times: user=0.59 sys=0.01, real=0.05 secs] 
2014-04-09T14:34:46.377+0900: 166.834: [GC (Allocation Failure) 166.834: [ParNew: 59008K->6528K(59008K), 0.0456934 secs] 8782624K->8738480K(25159296K), 0.0460433 secs] [Times: user=0.53 sys=0.02, real=0.05 secs] 
2014-04-09T14:34:46.464+0900: 166.921: [GC (Allocation Failure) 166.921: [ParNew: 59008K->6528K(59008K), 0.0587371 secs] 8790960K->8747220K(25159296K), 0.0591041 secs] [Times: user=0.68 sys=0.01, real=0.06 secs] 
2014-04-09T14:34:46.563+0900: 167.020: [GC (Allocation Failure) 167.020: [ParNew: 59008K->6528K(59008K), 0.0469590 secs] 8799700K->8756392K(25159296K), 0.0473187 secs] [Times: user=0.54 sys=0.01, real=0.05 secs] 
2014-04-09T14:34:46.655+0900: 167.112: [GC (Allocation Failure) 167.112: [ParNew: 59008K->6528K(59008K), 0.0472390 secs] 8808872K->8764927K(25159296K), 0.0476002 secs] [Times: user=0.55 sys=0.01, real=0.05 secs] 
2014-04-09T14:34:46.743+0900: 167.200: [GC (Allocation Failure) 167.200: [ParNew: 59008K->6528K(59008K), 0.0488535 secs] 8817407K->8773296K(25159296K), 0.0492232 secs] [Times: user=0.57 sys=0.01, real=0.05 secs] 
2014-04-09T14:34:46.833+0900: 167.290: [GC (Allocation Failure) 167.290: [ParNew: 59008K->6528K(59008K), 0.0602098 secs] 8825776K->8781569K(25159296K), 0.0605745 secs] [Times: user=0.72 sys=0.00, real=0.06 secs] 
2014-04-09T14:34:46.936+0900: 167.393: [GC (Allocation Failure) 167.393: [ParNew: 59008K->6528K(59008K), 0.0488359 secs] 8834049K->8789636K(25159296K), 0.0491968 secs] [Times: user=0.57 sys=0.01, real=0.05 secs] 
2014-04-09T14:34:47.027+0900: 167.484: [GC (Allocation Failure) 167.484: [ParNew: 59008K->6528K(59008K), 0.0471682 secs] 8842116K->8799222K(25159296K), 0.0475244 secs] [Times: user=0.55 sys=0.02, real=0.05 secs] 
2014-04-09T14:34:47.115+0900: 167.572: [GC (Allocation Failure) 167.572: [ParNew: 59008K->6528K(59008K), 0.0520741 secs] 8851702K->8807642K(25159296K), 0.0524247 secs] [Times: user=0.62 sys=0.01, real=0.05 secs] 
2014-04-09T14:34:47.207+0900: 167.664: [GC (Allocation Failure) 167.664: [ParNew: 59008K->6528K(59008K), 0.0460916 secs] 8860122K->8815256K(25159296K), 0.0464498 secs] [Times: user=0.54 sys=0.01, real=0.05 secs] 
2014-04-09T14:34:47.293+0900: 167.750: [GC (Allocation Failure) 167.750: [ParNew: 59008K->6528K(59008K), 0.0514234 secs] 8867736K->8824195K(25159296K), 0.0517727 secs] [Times: user=0.60 sys=0.02, real=0.05 secs] 
2014-04-09T14:34:47.385+0900: 167.842: [GC (Allocation Failure) 167.842: [ParNew: 59008K->6528K(59008K), 0.0458646 secs] 8876675K->8832366K(25159296K), 0.0462248 secs] [Times: user=0.55 sys=0.01, real=0.05 secs] 
2014-04-09T14:34:47.473+0900: 167.930: [GC (Allocation Failure) 167.930: [ParNew: 59008K->6528K(59008K), 0.0466285 secs] 8884846K->8840745K(25159296K), 0.0470007 secs] [Times: user=0.55 sys=0.01, real=0.05 secs] 
2014-04-09T14:34:47.612+0900: 168.068: [CMS-concurrent-preclean: 1.358/3.173 secs] [Times: user=33.57 sys=4.33, real=3.17 secs] 
2014-04-09T14:34:47.613+0900: 168.070: [GC (Allocation Failure) 168.070: [ParNew: 59007K->6528K(59008K), 0.0593500 secs] 8893225K->8850625K(25159296K), 0.0596959 secs] [Times: user=0.69 sys=0.00, real=0.06 secs] 
2014-04-09T14:34:47.674+0900: 168.131: [GC (CMS Final Remark) [YG occupancy: 6581 K (59008 K)]168.131: [Rescan (parallel) , 0.0187738 secs]168.150: [weak refs processing, 0.0046792 secs]168.154: [class unloading, 0.0443262 secs]168.199: [scrub symbol table, 0.0048630 secs]168.204: [scrub string table, 0.0013982 secs][1 CMS-remark: 8844097K(25100288K)] 8850679K(25159296K), 0.0833130 secs] [Times: user=0.30 sys=0.00, real=0.08 secs] 
2014-04-09T14:34:47.758+0900: 168.215: [CMS-concurrent-sweep-start]
2014-04-09T14:34:47.804+0900: 168.261: [GC (Allocation Failure) 168.261: [ParNew: 59008K->6528K(59008K), 0.0465821 secs] 8899897K->8854771K(25159296K), 0.0469350 secs] [Times: user=0.56 sys=0.01, real=0.05 secs] 
2014-04-09T14:34:47.896+0900: 168.352: [GC (Allocation Failure) 168.353: [ParNew: 59008K->6528K(59008K), 0.0532272 secs] 8900544K->8857756K(25159296K), 0.0535791 secs] [Times: user=0.62 sys=0.01, real=0.06 secs] 
2014-04-09T14:34:47.990+0900: 168.447: [GC (Allocation Failure) 168.447: [ParNew: 59008K->6528K(59008K), 0.0468975 secs] 8905235K->8860647K(25159296K), 0.0472557 secs] [Times: user=0.56 sys=0.01, real=0.04 secs] 
2014-04-09T14:34:48.076+0900: 168.533: [GC (Allocation Failure) 168.533: [ParNew: 59008K->6528K(59008K), 0.0444188 secs] 8909529K->8865808K(25159296K), 0.0447761 secs] [Times: user=0.52 sys=0.00, real=0.05 secs] 
2014-04-09T14:34:48.166+0900: 168.622: [GC (Allocation Failure) 168.623: [ParNew: 59008K->6528K(59008K), 0.0443703 secs] 8911989K->8867992K(25159296K), 0.0447242 secs] [Times: user=0.52 sys=0.01, real=0.05 secs] 
2014-04-09T14:34:48.252+0900: 168.708: [GC (Allocation Failure) 168.709: [ParNew: 59008K->6528K(59008K), 0.0437449 secs] 8915297K->8871631K(25159296K), 0.0440976 secs] [Times: user=0.51 sys=0.02, real=0.04 secs] 
2014-04-09T14:34:48.342+0900: 168.799: [GC (Allocation Failure) 168.799: [ParNew: 59007K->6528K(59008K), 0.0574353 secs] 8917436K->8873124K(25159296K), 0.0577887 secs] [Times: user=0.68 sys=0.01, real=0.06 secs] 
2014-04-09T14:34:48.440+0900: 168.897: [GC (Allocation Failure) 168.897: [ParNew: 59008K->6528K(59008K), 0.0507683 secs] 8917538K->8873761K(25159296K), 0.0511299 secs] [Times: user=0.61 sys=0.00, real=0.05 secs] 
2014-04-09T14:34:48.530+0900: 168.987: [GC (Allocation Failure) 168.987: [ParNew: 59008K->6528K(59008K), 0.0428551 secs] 8921952K->8877630K(25159296K), 0.0432197 secs] [Times: user=0.51 sys=0.01, real=0.04 secs] 
2014-04-09T14:34:48.614+0900: 169.071: [GC (Allocation Failure) 169.071: [ParNew: 59008K->6528K(59008K), 0.0521905 secs] 8926411K->8883137K(25159296K), 0.0525550 secs] [Times: user=0.61 sys=0.01, real=0.05 secs] 
2014-04-09T14:34:48.709+0900: 169.165: [GC (Allocation Failure) 169.166: [ParNew: 59008K->6528K(59008K), 0.0437988 secs] 8931964K->8887919K(25159296K), 0.0441559 secs] [Times: user=0.52 sys=0.00, real=0.04 secs] 
2014-04-09T14:34:48.794+0900: 169.250: [GC (Allocation Failure) 169.251: [ParNew: 59008K->6528K(59008K), 0.0530179 secs] 8936828K->8892786K(25159296K), 0.0533850 secs] [Times: user=0.58 sys=0.01, real=0.05 secs] 
2014-04-09T14:34:48.888+0900: 169.345: [GC (Allocation Failure) 169.345: [ParNew: 59008K->6528K(59008K), 0.0531774 secs] 8942342K->8898602K(25159296K), 0.0535515 secs] [Times: user=0.64 sys=0.01, real=0.06 secs] 
2014-04-09T14:34:48.985+0900: 169.442: [GC (Allocation Failure) 169.442: [ParNew: 59008K->6528K(59008K), 0.0448808 secs] 8947788K->8904437K(25159296K), 0.0452514 secs] [Times: user=0.52 sys=0.02, real=0.05 secs] 
2014-04-09T14:34:49.078+0900: 169.535: [GC (Allocation Failure) 169.535: [ParNew: 59008K->6528K(59008K), 0.0442059 secs] 8954035K->8909405K(25159296K), 0.0445622 secs] [Times: user=0.53 sys=0.00, real=0.05 secs] 
2014-04-09T14:34:49.164+0900: 169.621: [GC (Allocation Failure) 169.621: [ParNew: 58943K->6528K(59008K), 0.0516494 secs] 8959003K->8915929K(25159296K), 0.0520157 secs] [Times: user=0.59 sys=0.02, real=0.05 secs] 
2014-04-09T14:34:49.257+0900: 169.713: [GC (Allocation Failure) 169.714: [ParNew: 59008K->6528K(59008K), 0.0436514 secs] 8964974K->8920492K(25159296K), 0.0440088 secs] [Times: user=0.52 sys=0.00, real=0.05 secs] 
2014-04-09T14:34:49.343+0900: 169.800: [GC (Allocation Failure) 169.800: [ParNew: 59008K->6528K(59008K), 0.0550773 secs] 8971062K->8927999K(25159296K), 0.0554403 secs] [Times: user=0.64 sys=0.01, real=0.06 secs] 
2014-04-09T14:34:49.438+0900: 169.895: [GC (Allocation Failure) 169.895: [ParNew: 59008K->6528K(59008K), 0.0412945 secs] 8978618K->8934006K(25159296K), 0.0416599 secs] [Times: user=0.50 sys=0.00, real=0.05 secs] 
2014-04-09T14:34:49.520+0900: 169.977: [GC (Allocation Failure) 169.977: [ParNew: 59008K->6528K(59008K), 0.0435600 secs] 8984529K->8940991K(25159296K), 0.0439337 secs] [Times: user=0.52 sys=0.01, real=0.04 secs] 
2014-04-09T14:34:49.611+0900: 170.068: [GC (Allocation Failure) 170.068: [ParNew: 59008K->6528K(59008K), 0.0530769 secs] 8991527K->8948071K(25159296K), 0.0534364 secs] [Times: user=0.63 sys=0.01, real=0.05 secs] 
2014-04-09T14:34:49.703+0900: 170.160: [GC (Allocation Failure) 170.160: [ParNew: 59007K->6528K(59008K), 0.0539450 secs] 8999094K->8955127K(25159296K), 0.0543184 secs] [Times: user=0.66 sys=0.00, real=0.05 secs] 
2014-04-09T14:34:49.798+0900: 170.255: [GC (Allocation Failure) 170.255: [ParNew: 59008K->6528K(59008K), 0.0498069 secs] 9005930K->8963046K(25159296K), 0.0501761 secs] [Times: user=0.59 sys=0.01, real=0.06 secs] 
2014-04-09T14:34:49.889+0900: 170.345: [GC (Allocation Failure) 170.346: [ParNew: 59008K->6528K(59008K), 0.0507555 secs] 9014120K->8970912K(25159296K), 0.0511108 secs] [Times: user=0.60 sys=0.01, real=0.05 secs] 
2014-04-09T14:34:49.982+0900: 170.438: [GC (Allocation Failure) 170.439: [ParNew: 59008K->6528K(59008K), 0.0573157 secs] 9021996K->8977406K(25159296K), 0.0576737 secs] [Times: user=0.69 sys=0.00, real=0.06 secs] 
2014-04-09T14:34:50.080+0900: 170.536: [GC (Allocation Failure) 170.537: [ParNew: 59008K->6528K(59008K), 0.0471842 secs] 9028641K->8984382K(25159296K), 0.0475339 secs] [Times: user=0.55 sys=0.02, real=0.04 secs] 
2014-04-09T14:34:50.169+0900: 170.626: [GC (Allocation Failure) 170.626: [ParNew: 59008K->6528K(59008K), 0.0550825 secs] 9035482K->8992731K(25159296K), 0.0554454 secs] [Times: user=0.65 sys=0.01, real=0.05 secs] 
2014-04-09T14:34:50.266+0900: 170.723: [GC (Allocation Failure) 170.723: [ParNew: 59008K->6528K(59008K), 0.0446808 secs] 9044326K->8999777K(25159296K), 0.0450483 secs] [Times: user=0.52 sys=0.01, real=0.05 secs] 
2014-04-09T14:34:50.352+0900: 170.809: [GC (Allocation Failure) 170.809: [ParNew: 59008K->6528K(59008K), 0.0479517 secs] 9051056K->9007245K(25159296K), 0.0483183 secs] [Times: user=0.56 sys=0.01, real=0.05 secs] 
2014-04-09T14:34:50.441+0900: 170.898: [GC (Allocation Failure) 170.898: [ParNew: 59008K->6528K(59008K), 0.0455588 secs] 9059221K->9016225K(25159296K), 0.0459161 secs] [Times: user=0.54 sys=0.01, real=0.04 secs] 
2014-04-09T14:34:50.528+0900: 170.985: [GC (Allocation Failure) 170.985: [ParNew: 59008K->6528K(59008K), 0.0475180 secs] 9068238K->9024072K(25159296K), 0.0478669 secs] [Times: user=0.56 sys=0.02, real=0.05 secs] 
2014-04-09T14:34:50.618+0900: 171.075: [GC (Allocation Failure) 171.075: [ParNew: 59008K->6528K(59008K), 0.0569193 secs] 9075744K->9031973K(25159296K), 0.0572896 secs] [Times: user=0.66 sys=0.02, real=0.05 secs] 
2014-04-09T14:34:50.722+0900: 171.179: [GC (Allocation Failure) 171.179: [ParNew: 59008K->6528K(59008K), 0.0483321 secs] 9083482K->9039853K(25159296K), 0.0486809 secs] [Times: user=0.56 sys=0.02, real=0.05 secs] 
2014-04-09T14:34:50.813+0900: 171.269: [GC (Allocation Failure) 171.270: [ParNew: 59008K->6528K(59008K), 0.0509462 secs] 9090983K->9047465K(25159296K), 0.0512964 secs] [Times: user=0.60 sys=0.01, real=0.05 secs] 
2014-04-09T14:34:50.903+0900: 171.360: [GC (Allocation Failure) 171.360: [ParNew: 59008K->6528K(59008K), 0.0426759 secs] 9096755K->9052274K(25159296K), 0.0430271 secs] [Times: user=0.48 sys=0.01, real=0.04 secs] 
2014-04-09T14:34:50.990+0900: 171.447: [GC (Allocation Failure) 171.447: [ParNew: 59008K->6528K(59008K), 0.0457693 secs] 9101761K->9057466K(25159296K), 0.0461253 secs] [Times: user=0.51 sys=0.02, real=0.04 secs] 
2014-04-09T14:34:51.077+0900: 171.534: [GC (Allocation Failure) 171.534: [ParNew: 58956K->6528K(59008K), 0.0548696 secs] 9105124K->9061546K(25159296K), 0.0552279 secs] [Times: user=0.65 sys=0.01, real=0.06 secs] 
2014-04-09T14:34:51.179+0900: 171.636: [GC (Allocation Failure) 171.636: [ParNew: 59008K->6528K(59008K), 0.0461572 secs] 9110830K->9066493K(25159296K), 0.0465534 secs] [Times: user=0.54 sys=0.01, real=0.04 secs] 
2014-04-09T14:34:51.267+0900: 171.723: [GC (Allocation Failure) 171.724: [ParNew: 59008K->6528K(59008K), 0.0469843 secs] 9114961K->9071959K(25159296K), 0.0473374 secs] [Times: user=0.57 sys=0.00, real=0.05 secs] 
2014-04-09T14:34:51.353+0900: 171.810: [GC (Allocation Failure) 171.810: [ParNew: 59008K->6528K(59008K), 0.0559902 secs] 9116763K->9073337K(25159296K), 0.0563396 secs] [Times: user=0.65 sys=0.01, real=0.06 secs] 
2014-04-09T14:34:51.450+0900: 171.907: [GC (Allocation Failure) 171.907: [ParNew: 59008K->6528K(59008K), 0.0424617 secs] 9113475K->9069042K(25159296K), 0.0428208 secs] [Times: user=0.50 sys=0.01, real=0.04 secs] 
2014-04-09T14:34:51.533+0900: 171.990: [GC (Allocation Failure) 171.990: [ParNew: 59008K->6528K(59008K), 0.0442513 secs] 9108733K->9065953K(25159296K), 0.0446105 secs] [Times: user=0.53 sys=0.00, real=0.04 secs] 
2014-04-09T14:34:51.617+0900: 172.074: [GC (Allocation Failure) 172.074: [ParNew: 59008K->6528K(59008K), 0.0443416 secs] 9107792K->9063752K(25159296K), 0.0447003 secs] [Times: user=0.53 sys=0.01, real=0.05 secs] 
2014-04-09T14:34:51.703+0900: 172.160: [GC (Allocation Failure) 172.160: [ParNew: 58935K->6528K(59008K), 0.0537052 secs] 9104226K->9060342K(25159296K), 0.0540574 secs] [Times: user=0.65 sys=0.01, real=0.05 secs] 
2014-04-09T14:34:51.798+0900: 172.255: [GC (Allocation Failure) 172.255: [ParNew: 59008K->6528K(59008K), 0.0441405 secs] 9100670K->9056370K(25159296K), 0.0444897 secs] [Times: user=0.52 sys=0.01, real=0.05 secs] 
2014-04-09T14:34:51.888+0900: 172.345: [GC (Allocation Failure) 172.345: [ParNew: 59008K->6528K(59008K), 0.0497803 secs] 9096727K->9054008K(25159296K), 0.0501281 secs] [Times: user=0.60 sys=0.01, real=0.05 secs] 
2014-04-09T14:34:51.977+0900: 172.434: [GC (Allocation Failure) 172.434: [ParNew: 59008K->6528K(59008K), 0.0536297 secs] 9094062K->9050321K(25159296K), 0.0539798 secs] [Times: user=0.64 sys=0.01, real=0.06 secs] 
2014-04-09T14:34:52.075+0900: 172.532: [GC (Allocation Failure) 172.532: [ParNew: 59008K->6528K(59008K), 0.0424222 secs] 9089101K->9043680K(25159296K), 0.0427682 secs] [Times: user=0.49 sys=0.01, real=0.04 secs] 
2014-04-09T14:34:52.158+0900: 172.615: [GC (Allocation Failure) 172.615: [ParNew: 59008K->6528K(59008K), 0.0434247 secs] 9082747K->9038845K(25159296K), 0.0437751 secs] [Times: user=0.49 sys=0.02, real=0.05 secs] 
2014-04-09T14:34:52.244+0900: 172.700: [GC (Allocation Failure) 172.701: [ParNew: 59008K->6528K(59008K), 0.0444913 secs] 9078681K->9034799K(25159296K), 0.0448392 secs] [Times: user=0.53 sys=0.01, real=0.05 secs] 
2014-04-09T14:34:52.330+0900: 172.786: [GC (Allocation Failure) 172.787: [ParNew: 59008K->6528K(59008K), 0.0588084 secs] 9074856K->9031532K(25159296K), 0.0591562 secs] [Times: user=0.71 sys=0.00, real=0.06 secs] 
2014-04-09T14:34:52.428+0900: 172.885: [GC (Allocation Failure) 172.885: [ParNew: 59008K->6528K(59008K), 0.0419337 secs] 9072460K->9028200K(25159296K), 0.0422832 secs] [Times: user=0.50 sys=0.01, real=0.05 secs] 
2014-04-09T14:34:52.511+0900: 172.968: [GC (Allocation Failure) 172.968: [ParNew: 59008K->6528K(59008K), 0.0547601 secs] 9076003K->9032950K(25159296K), 0.0551091 secs] [Times: user=0.65 sys=0.01, real=0.05 secs] 
2014-04-09T14:34:52.607+0900: 173.064: [GC (Allocation Failure) 173.064: [ParNew: 59008K->6528K(59008K), 0.0446532 secs] 9079097K->9034547K(25159296K), 0.0450047 secs] [Times: user=0.54 sys=0.00, real=0.05 secs] 
2014-04-09T14:34:52.692+0900: 173.149: [GC (Allocation Failure) 173.149: [ParNew: 59008K->6528K(59008K), 0.0446823 secs] 9080607K->9036981K(25159296K), 0.0450335 secs] [Times: user=0.54 sys=0.01, real=0.04 secs] 
2014-04-09T14:34:52.780+0900: 173.237: [GC (Allocation Failure) 173.237: [ParNew: 59008K->6528K(59008K), 0.0465896 secs] 9069524K->9026192K(25159296K), 0.0469365 secs] [Times: user=0.56 sys=0.01, real=0.04 secs] 
2014-04-09T14:34:52.868+0900: 173.325: [GC (Allocation Failure) 173.325: [ParNew: 59008K->6528K(59008K), 0.0494423 secs] 9070577K->9026680K(25159296K), 0.0497926 secs] [Times: user=0.59 sys=0.01, real=0.05 secs] 
2014-04-09T14:34:52.962+0900: 173.418: [GC (Allocation Failure) 173.419: [ParNew: 59008K->6528K(59008K), 0.0495953 secs] 9070756K->9027144K(25159296K), 0.0499436 secs] [Times: user=0.60 sys=0.01, real=0.05 secs] 
2014-04-09T14:34:53.054+0900: 173.511: [GC (Allocation Failure) 173.511: [ParNew: 59008K->6528K(59008K), 0.0433721 secs] 9071297K->9027523K(25159296K), 0.0437215 secs] [Times: user=0.52 sys=0.01, real=0.04 secs] 
2014-04-09T14:34:53.143+0900: 173.600: [GC (Allocation Failure) 173.600: [ParNew: 59008K->6528K(59008K), 0.0496119 secs] 9072041K->9028419K(25159296K), 0.0499615 secs] [Times: user=0.60 sys=0.01, real=0.05 secs] 
2014-04-09T14:34:53.234+0900: 173.691: [GC (Allocation Failure) 173.691: [ParNew: 59007K->6528K(59008K), 0.0413513 secs] 9073718K->9029584K(25159296K), 0.0417038 secs] [Times: user=0.50 sys=0.01, real=0.04 secs] 
2014-04-09T14:34:53.316+0900: 173.773: [GC (Allocation Failure) 173.773: [ParNew: 59008K->6528K(59008K), 0.0453146 secs] 9075542K->9031104K(25159296K), 0.0456715 secs] [Times: user=0.55 sys=0.00, real=0.05 secs] 
2014-04-09T14:34:53.410+0900: 173.866: [GC (Allocation Failure) 173.867: [ParNew: 59008K->6528K(59008K), 0.0440559 secs] 9075204K->9031915K(25159296K), 0.0444030 secs] [Times: user=0.51 sys=0.02, real=0.04 secs] 
2014-04-09T14:34:53.500+0900: 173.957: [GC (Allocation Failure) 173.957: [ParNew: 59008K->6528K(59008K), 0.0541661 secs] 9074825K->9031444K(25159296K), 0.0545211 secs] [Times: user=0.65 sys=0.01, real=0.05 secs] 
2014-04-09T14:34:53.602+0900: 174.059: [GC (Allocation Failure) 174.059: [ParNew: 59008K->6528K(59008K), 0.0513634 secs] 9072351K->9028414K(25159296K), 0.0517171 secs] [Times: user=0.62 sys=0.01, real=0.05 secs] 
2014-04-09T14:34:53.701+0900: 174.158: [GC (Allocation Failure) 174.158: [ParNew: 59008K->6528K(59008K), 0.0512192 secs] 9069586K->9025555K(25159296K), 0.0515805 secs] [Times: user=0.63 sys=0.01, real=0.05 secs] 
2014-04-09T14:34:53.796+0900: 174.253: [GC (Allocation Failure) 174.253: [ParNew: 59008K->6528K(59008K), 0.0408248 secs] 9068879K->9024836K(25159296K), 0.0411898 secs] [Times: user=0.49 sys=0.00, real=0.04 secs] 
2014-04-09T14:34:53.884+0900: 174.341: [GC (Allocation Failure) 174.341: [ParNew: 59008K->6528K(59008K), 0.0427718 secs] 9067670K->9023297K(25159296K), 0.0431245 secs] [Times: user=0.51 sys=0.01, real=0.04 secs] 
2014-04-09T14:34:53.973+0900: 174.430: [GC (Allocation Failure) 174.430: [ParNew: 59008K->6528K(59008K), 0.0421244 secs] 9065539K->9021264K(25159296K), 0.0424806 secs] [Times: user=0.51 sys=0.00, real=0.04 secs] 
2014-04-09T14:34:54.056+0900: 174.513: [GC (Allocation Failure) 174.513: [ParNew: 59008K->6528K(59008K), 0.0437971 secs] 9065805K->9021823K(25159296K), 0.0441667 secs] [Times: user=0.52 sys=0.00, real=0.05 secs] 
2014-04-09T14:34:54.147+0900: 174.604: [GC (Allocation Failure) 174.604: [ParNew: 59008K->6528K(59008K), 0.0431140 secs] 9072035K->9028012K(25159296K), 0.0434684 secs] [Times: user=0.51 sys=0.01, real=0.05 secs] 
2014-04-09T14:34:54.238+0900: 174.695: [GC (Allocation Failure) 174.695: [ParNew: 59008K->6528K(59008K), 0.0508655 secs] 9000095K->8956844K(25159296K), 0.0512203 secs] [Times: user=0.62 sys=0.00, real=0.06 secs] 
2014-04-09T14:34:54.337+0900: 174.793: [GC (Allocation Failure) 174.794: [ParNew: 59008K->6528K(59008K), 0.0439840 secs] 8954594K->8910075K(25159296K), 0.0443325 secs] [Times: user=0.54 sys=0.00, real=0.05 secs] 
2014-04-09T14:34:54.394+0900: 174.851: [CMS-concurrent-sweep: 3.000/6.636 secs] [Times: user=71.39 sys=9.01, real=6.64 secs] 
2014-04-09T14:34:54.395+0900: 174.851: [CMS-concurrent-reset-start]
2014-04-09T14:34:54.423+0900: 174.880: [GC (Allocation Failure) 174.880: [ParNew: 59008K->6528K(59008K), 0.0425762 secs] 8962555K->8919385K(25159296K), 0.0429276 secs] [Times: user=0.51 sys=0.00, real=0.04 secs] 
2014-04-09T14:34:54.511+0900: 174.968: [GC (Allocation Failure) 174.968: [ParNew: 59008K->6528K(59008K), 0.0461961 secs] 8971865K->8927558K(25159296K), 0.0465497 secs] [Times: user=0.57 sys=0.00, real=0.04 secs] 
2014-04-09T14:34:54.587+0900: 175.044: [CMS-concurrent-reset: 0.100/0.193 secs] [Times: user=2.07 sys=0.32, real=0.19 secs] 
2014-04-09T14:34:54.600+0900: 175.056: [GC (Allocation Failure) 175.057: [ParNew: 59008K->6528K(59008K), 0.0443872 secs] 8980038K->8935875K(25159296K), 0.0447301 secs] [Times: user=0.54 sys=0.00, real=0.04 secs] 
2014-04-09T14:34:54.647+0900: 175.103: [GC (CMS Initial Mark) [1 CMS-initial-mark: 8929347K(25100288K)] 8936993K(25159296K), 0.0022378 secs] [Times: user=0.02 sys=0.00, real=0.00 secs] 
2014-04-09T14:34:54.649+0900: 175.106: [CMS-concurrent-mark-start]
2014-04-09T14:34:54.705+0900: 175.162: [GC (Allocation Failure) 175.162: [ParNew: 59008K->6528K(59008K), 0.0408849 secs] 8988355K->8944287K(25159296K), 0.0412379 secs] [Times: user=0.49 sys=0.00, real=0.04 secs] 
2014-04-09T14:34:54.795+0900: 175.252: [GC (Allocation Failure) 175.252: [ParNew: 59008K->6528K(59008K), 0.0469701 secs] 8996767K->8952958K(25159296K), 0.0473258 secs] [Times: user=0.57 sys=0.01, real=0.05 secs] 
2014-04-09T14:34:54.885+0900: 175.342: [GC (Allocation Failure) 175.342: [ParNew: 59008K->6528K(59008K), 0.0517078 secs] 9005438K->8961330K(25159296K), 0.0520585 secs] [Times: user=0.62 sys=0.01, real=0.05 secs] 
2014-04-09T14:34:55.001+0900: 175.458: [GC (Allocation Failure) 175.458: [ParNew: 59008K->6528K(59008K), 0.0466705 secs] 9013810K->8969144K(25159296K), 0.0470204 secs] [Times: user=0.57 sys=0.01, real=0.04 secs] 
2014-04-09T14:34:55.109+0900: 175.565: [GC (Allocation Failure) 175.566: [ParNew: 59008K->6528K(59008K), 0.0433278 secs] 9021624K->8975834K(25159296K), 0.0436751 secs] [Times: user=0.51 sys=0.01, real=0.05 secs] 
2014-04-09T14:34:55.208+0900: 175.665: [GC (Allocation Failure) 175.665: [ParNew: 59008K->6528K(59008K), 0.0418101 secs] 9028314K->8981517K(25159296K), 0.0421580 secs] [Times: user=0.52 sys=0.00, real=0.05 secs] 
2014-04-09T14:34:55.302+0900: 175.759: [GC (Allocation Failure) 175.759: [ParNew: 59008K->6528K(59008K), 0.0419594 secs] 9033997K->8988026K(25159296K), 0.0423191 secs] [Times: user=0.52 sys=0.00, real=0.04 secs] 
2014-04-09T14:34:55.396+0900: 175.853: [GC (Allocation Failure) 175.853: [ParNew: 59008K->6528K(59008K), 0.0458077 secs] 9040506K->8994537K(25159296K), 0.0461727 secs] [Times: user=0.56 sys=0.00, real=0.05 secs] 
2014-04-09T14:34:55.511+0900: 175.968: [GC (Allocation Failure) 175.968: [ParNew: 59008K->6528K(59008K), 0.0423211 secs] 9047017K->9000793K(25159296K), 0.0426741 secs] [Times: user=0.52 sys=0.01, real=0.04 secs] 
2014-04-09T14:34:55.607+0900: 176.063: [GC (Allocation Failure) 176.064: [ParNew: 59008K->6528K(59008K), 0.0413650 secs] 9053273K->9007548K(25159296K), 0.0417150 secs] [Times: user=0.50 sys=0.00, real=0.04 secs] 
2014-04-09T14:34:55.708+0900: 176.165: [GC (Allocation Failure) 176.165: [ParNew: 59008K->6528K(59008K), 0.0409945 secs] 9060028K->9013356K(25159296K), 0.0413709 secs] [Times: user=0.50 sys=0.01, real=0.05 secs] 
2014-04-09T14:34:55.806+0900: 176.263: [GC (Allocation Failure) 176.263: [ParNew: 59008K->6528K(59008K), 0.0428295 secs] 9065836K->9019900K(25159296K), 0.0431805 secs] [Times: user=0.51 sys=0.01, real=0.04 secs] 
2014-04-09T14:34:55.906+0900: 176.363: [GC (Allocation Failure) 176.363: [ParNew: 59008K->6528K(59008K), 0.0463273 secs] 9072380K->9025993K(25159296K), 0.0466876 secs] [Times: user=0.57 sys=0.01, real=0.05 secs] 
2014-04-09T14:34:56.007+0900: 176.463: [GC (Allocation Failure) 176.464: [ParNew: 59008K->6528K(59008K), 0.0414536 secs] 9078473K->9031898K(25159296K), 0.0418089 secs] [Times: user=0.50 sys=0.00, real=0.04 secs] 
2014-04-09T14:34:56.102+0900: 176.559: [GC (Allocation Failure) 176.559: [ParNew: 59008K->6528K(59008K), 0.0415392 secs] 9084378K->9039092K(25159296K), 0.0418992 secs] [Times: user=0.51 sys=0.01, real=0.04 secs] 
2014-04-09T14:34:56.206+0900: 176.663: [GC (Allocation Failure) 176.663: [ParNew: 59008K->6528K(59008K), 0.0413902 secs] 9091572K->9045243K(25159296K), 0.0417405 secs] [Times: user=0.50 sys=0.00, real=0.04 secs] 
2014-04-09T14:34:56.302+0900: 176.759: [GC (Allocation Failure) 176.759: [ParNew: 59008K->6528K(59008K), 0.0415386 secs] 9097723K->9051235K(25159296K), 0.0418986 secs] [Times: user=0.52 sys=0.00, real=0.04 secs] 
2014-04-09T14:34:56.400+0900: 176.857: [GC (Allocation Failure) 176.857: [ParNew: 59008K->6528K(59008K), 0.0416198 secs] 9103715K->9057600K(25159296K), 0.0419782 secs] [Times: user=0.51 sys=0.01, real=0.04 secs] 
2014-04-09T14:34:56.493+0900: 176.950: [GC (Allocation Failure) 176.950: [ParNew: 59008K->6528K(59008K), 0.0453982 secs] 9110080K->9064174K(25159296K), 0.0457473 secs] [Times: user=0.56 sys=0.00, real=0.04 secs] 
2014-04-09T14:34:56.588+0900: 177.045: [GC (Allocation Failure) 177.045: [ParNew: 59007K->6528K(59008K), 0.0442927 secs] 9116654K->9070383K(25159296K), 0.0446431 secs] [Times: user=0.53 sys=0.02, real=0.05 secs] 
2014-04-09T14:34:56.686+0900: 177.142: [GC (Allocation Failure) 177.143: [ParNew: 59008K->6528K(59008K), 0.0429371 secs] 9122863K->9076683K(25159296K), 0.0432860 secs] [Times: user=0.51 sys=0.01, real=0.04 secs] 
2014-04-09T14:34:56.778+0900: 177.235: [GC (Allocation Failure) 177.235: [ParNew: 59008K->6528K(59008K), 0.0444155 secs] 9129163K->9082596K(25159296K), 0.0447672 secs] [Times: user=0.52 sys=0.01, real=0.05 secs] 
2014-04-09T14:34:56.875+0900: 177.332: [GC (Allocation Failure) 177.332: [ParNew: 59008K->6528K(59008K), 0.0478669 secs] 9135076K->9089738K(25159296K), 0.0482284 secs] [Times: user=0.57 sys=0.01, real=0.05 secs] 
2014-04-09T14:34:56.984+0900: 177.440: [GC (Allocation Failure) 177.441: [ParNew: 59008K->6528K(59008K), 0.0471753 secs] 9142218K->9095604K(25159296K), 0.0475222 secs] [Times: user=0.57 sys=0.01, real=0.05 secs] 
2014-04-09T14:34:57.084+0900: 177.541: [GC (Allocation Failure) 177.541: [ParNew: 59008K->6528K(59008K), 0.0444982 secs] 9148084K->9101865K(25159296K), 0.0448560 secs] [Times: user=0.54 sys=0.00, real=0.05 secs] 
2014-04-09T14:34:57.183+0900: 177.640: [GC (Allocation Failure) 177.640: [ParNew: 59008K->6528K(59008K), 0.0459033 secs] 9154345K->9108509K(25159296K), 0.0462546 secs] [Times: user=0.55 sys=0.01, real=0.04 secs] 
2014-04-09T14:34:57.281+0900: 177.738: [GC (Allocation Failure) 177.738: [ParNew: 59008K->6528K(59008K), 0.0484787 secs] 9160989K->9115288K(25159296K), 0.0488394 secs] [Times: user=0.57 sys=0.02, real=0.05 secs] 
2014-04-09T14:34:57.388+0900: 177.845: [GC (Allocation Failure) 177.845: [ParNew: 59008K->6528K(59008K), 0.0476990 secs] 9167768K->9121784K(25159296K), 0.0480477 secs] [Times: user=0.58 sys=0.01, real=0.05 secs] 
2014-04-09T14:34:57.493+0900: 177.949: [GC (Allocation Failure) 177.950: [ParNew: 59008K->6528K(59008K), 0.0461191 secs] 9174264K->9127945K(25159296K), 0.0464682 secs] [Times: user=0.55 sys=0.01, real=0.04 secs] 
2014-04-09T14:34:57.593+0900: 178.050: [GC (Allocation Failure) 178.050: [ParNew: 59008K->6528K(59008K), 0.0439195 secs] 9180425K->9133998K(25159296K), 0.0442738 secs] [Times: user=0.53 sys=0.01, real=0.04 secs] 
2014-04-09T14:34:57.693+0900: 178.150: [GC (Allocation Failure) 178.150: [ParNew: 59008K->6528K(59008K), 0.0465250 secs] 9186478K->9140090K(25159296K), 0.0468783 secs] [Times: user=0.56 sys=0.01, real=0.05 secs] 
2014-04-09T14:34:57.800+0900: 178.257: [GC (Allocation Failure) 178.257: [ParNew: 59008K->6528K(59008K), 0.0449000 secs] 9192570K->9147288K(25159296K), 0.0452450 secs] [Times: user=0.53 sys=0.01, real=0.04 secs] 
2014-04-09T14:34:57.910+0900: 178.367: [GC (Allocation Failure) 178.367: [ParNew: 59008K->6528K(59008K), 0.0439628 secs] 9199768K->9152727K(25159296K), 0.0443098 secs] [Times: user=0.54 sys=0.00, real=0.04 secs] 
2014-04-09T14:34:58.019+0900: 178.476: [GC (Allocation Failure) 178.476: [ParNew: 59008K->6528K(59008K), 0.0485180 secs] 9205207K->9159236K(25159296K), 0.0488630 secs] [Times: user=0.58 sys=0.00, real=0.05 secs] 
2014-04-09T14:34:58.093+0900: 178.550: [CMS-concurrent-mark: 1.867/3.444 secs] [Times: user=38.54 sys=4.84, real=3.45 secs] 
2014-04-09T14:34:58.093+0900: 178.550: [CMS-concurrent-preclean-start]
2014-04-09T14:34:58.123+0900: 178.580: [GC (Allocation Failure) 178.580: [ParNew: 59008K->6528K(59008K), 0.0452230 secs] 9211716K->9165833K(25159296K), 0.0455700 secs] [Times: user=0.54 sys=0.00, real=0.04 secs] 
2014-04-09T14:34:58.213+0900: 178.670: [GC (Allocation Failure) 178.670: [ParNew: 59008K->6528K(59008K), 0.0463572 secs] 9218313K->9172160K(25159296K), 0.0467040 secs] [Times: user=0.55 sys=0.02, real=0.05 secs] 
2014-04-09T14:34:58.305+0900: 178.762: [GC (Allocation Failure) 178.762: [ParNew: 59008K->6528K(59008K), 0.0442678 secs] 9224640K->9178831K(25159296K), 0.0446150 secs] [Times: user=0.53 sys=0.02, real=0.05 secs] 
2014-04-09T14:34:58.397+0900: 178.854: [GC (Allocation Failure) 178.854: [ParNew: 59008K->6528K(59008K), 0.0438179 secs] 9231311K->9184336K(25159296K), 0.0441696 secs] [Times: user=0.51 sys=0.02, real=0.05 secs] 
2014-04-09T14:34:58.485+0900: 178.942: [GC (Allocation Failure) 178.942: [ParNew: 59008K->6528K(59008K), 0.0457865 secs] 9236816K->9191244K(25159296K), 0.0461442 secs] [Times: user=0.53 sys=0.01, real=0.05 secs] 
2014-04-09T14:34:58.576+0900: 179.033: [GC (Allocation Failure) 179.033: [ParNew: 59008K->6528K(59008K), 0.0431575 secs] 9243724K->9197388K(25159296K), 0.0435126 secs] [Times: user=0.52 sys=0.00, real=0.05 secs] 
2014-04-09T14:34:58.667+0900: 179.123: [GC (Allocation Failure) 179.124: [ParNew: 59008K->6528K(59008K), 0.0434760 secs] 9249868K->9203989K(25159296K), 0.0438372 secs] [Times: user=0.52 sys=0.01, real=0.05 secs] 
2014-04-09T14:34:58.759+0900: 179.215: [GC (Allocation Failure) 179.216: [ParNew: 59008K->6528K(59008K), 0.0460821 secs] 9256469K->9210404K(25159296K), 0.0464347 secs] [Times: user=0.51 sys=0.02, real=0.05 secs] 
2014-04-09T14:34:58.850+0900: 179.307: [GC (Allocation Failure) 179.307: [ParNew: 59008K->6528K(59008K), 0.0429730 secs] 9262884K->9216409K(25159296K), 0.0433308 secs] [Times: user=0.52 sys=0.01, real=0.04 secs] 
2014-04-09T14:34:58.938+0900: 179.395: [GC (Allocation Failure) 179.395: [ParNew: 59008K->6528K(59008K), 0.0463507 secs] 9268889K->9222367K(25159296K), 0.0467066 secs] [Times: user=0.56 sys=0.01, real=0.05 secs] 
2014-04-09T14:34:59.031+0900: 179.488: [GC (Allocation Failure) 179.488: [ParNew: 59008K->6528K(59008K), 0.0440123 secs] 9274847K->9229259K(25159296K), 0.0443666 secs] [Times: user=0.52 sys=0.01, real=0.04 secs] 
2014-04-09T14:34:59.119+0900: 179.576: [GC (Allocation Failure) 179.576: [ParNew: 59008K->6528K(59008K), 0.0468342 secs] 9281739K->9235643K(25159296K), 0.0471907 secs] [Times: user=0.55 sys=0.01, real=0.05 secs] 
2014-04-09T14:34:59.212+0900: 179.669: [GC (Allocation Failure) 179.669: [ParNew: 59008K->6528K(59008K), 0.0427974 secs] 9288123K->9242711K(25159296K), 0.0431456 secs] [Times: user=0.50 sys=0.01, real=0.04 secs] 
2014-04-09T14:34:59.301+0900: 179.757: [GC (Allocation Failure) 179.758: [ParNew: 59008K->6528K(59008K), 0.0418441 secs] 9295191K->9249130K(25159296K), 0.0421952 secs] [Times: user=0.51 sys=0.00, real=0.04 secs] 
2014-04-09T14:34:59.387+0900: 179.844: [GC (Allocation Failure) 179.844: [ParNew: 59008K->6528K(59008K), 0.0421767 secs] 9301610K->9255350K(25159296K), 0.0425230 secs] [Times: user=0.51 sys=0.01, real=0.05 secs] 
2014-04-09T14:34:59.473+0900: 179.930: [GC (Allocation Failure) 179.930: [ParNew: 59008K->6528K(59008K), 0.0441788 secs] 9307830K->9262039K(25159296K), 0.0445264 secs] [Times: user=0.53 sys=0.01, real=0.04 secs] 
2014-04-09T14:34:59.568+0900: 180.025: [GC (Allocation Failure) 180.025: [ParNew: 59008K->6528K(59008K), 0.0439459 secs] 9314519K->9268152K(25159296K), 0.0442904 secs] [Times: user=0.52 sys=0.02, real=0.05 secs] 
2014-04-09T14:34:59.655+0900: 180.112: [GC (Allocation Failure) 180.112: [ParNew: 59008K->6528K(59008K), 0.0469670 secs] 9320632K->9276034K(25159296K), 0.0473227 secs] [Times: user=0.55 sys=0.01, real=0.05 secs] 
2014-04-09T14:34:59.755+0900: 180.212: [GC (Allocation Failure) 180.212: [ParNew: 59008K->6528K(59008K), 0.0468527 secs] 9328514K->9283515K(25159296K), 0.0472079 secs] [Times: user=0.56 sys=0.01, real=0.05 secs] 
2014-04-09T14:34:59.846+0900: 180.303: [GC (Allocation Failure) 180.303: [ParNew: 59008K->6528K(59008K), 0.0443939 secs] 9335995K->9289127K(25159296K), 0.0447573 secs] [Times: user=0.54 sys=0.00, real=0.05 secs] 
2014-04-09T14:34:59.937+0900: 180.394: [GC (Allocation Failure) 180.394: [ParNew: 59008K->6528K(59008K), 0.0460596 secs] 9341607K->9296252K(25159296K), 0.0464183 secs] [Times: user=0.54 sys=0.01, real=0.05 secs] 
2014-04-09T14:35:00.081+0900: 180.538: [CMS-concurrent-preclean: 0.920/1.989 secs] [Times: user=20.67 sys=3.11, real=1.99 secs] 
2014-04-09T14:35:00.083+0900: 180.539: [GC (Allocation Failure) 180.540: [ParNew: 59008K->6528K(59008K), 0.0443480 secs] 9348732K->9303129K(25159296K), 0.0446951 secs] [Times: user=0.53 sys=0.02, real=0.04 secs] 
2014-04-09T14:35:00.129+0900: 180.585: [GC (CMS Final Remark) [YG occupancy: 6552 K (59008 K)]180.586: [Rescan (parallel) , 0.0174428 secs]180.603: [weak refs processing, 0.0048935 secs]180.608: [class unloading, 0.0444049 secs]180.652: [scrub symbol table, 0.0048426 secs]180.657: [scrub string table, 0.0013979 secs][1 CMS-remark: 9296601K(25100288K)] 9303154K(25159296K), 0.0823708 secs] [Times: user=0.28 sys=0.00, real=0.09 secs] 
2014-04-09T14:35:00.212+0900: 180.668: [CMS-concurrent-sweep-start]
2014-04-09T14:35:00.256+0900: 180.712: [GC (Allocation Failure) 180.713: [ParNew: 59008K->6528K(59008K), 0.0468696 secs] 9354900K->9309696K(25159296K), 0.0472257 secs] [Times: user=0.56 sys=0.01, real=0.05 secs] 
2014-04-09T14:35:00.348+0900: 180.804: [GC (Allocation Failure) 180.805: [ParNew: 59008K->6528K(59008K), 0.0430570 secs] 9360822K->9314493K(25159296K), 0.0434078 secs] [Times: user=0.53 sys=0.01, real=0.05 secs] 
2014-04-09T14:35:00.437+0900: 180.894: [GC (Allocation Failure) 180.894: [ParNew: 59008K->6528K(59008K), 0.0432360 secs] 9363537K->9317872K(25159296K), 0.0435891 secs] [Times: user=0.52 sys=0.01, real=0.05 secs] 
2014-04-09T14:35:00.525+0900: 180.981: [GC (Allocation Failure) 180.982: [ParNew: 59008K->6528K(59008K), 0.0447184 secs] 9366582K->9320792K(25159296K), 0.0450748 secs] [Times: user=0.54 sys=0.01, real=0.05 secs] 
2014-04-09T14:35:00.616+0900: 181.073: [GC (Allocation Failure) 181.073: [ParNew: 59008K->6528K(59008K), 0.0444800 secs] 9370013K->9323604K(25159296K), 0.0448344 secs] [Times: user=0.53 sys=0.01, real=0.05 secs] 
2014-04-09T14:35:00.708+0900: 181.165: [GC (Allocation Failure) 181.165: [ParNew: 59008K->6528K(59008K), 0.0455490 secs] 9373331K->9327235K(25159296K), 0.0459053 secs] [Times: user=0.53 sys=0.00, real=0.05 secs] 
2014-04-09T14:35:00.804+0900: 181.261: [GC (Allocation Failure) 181.261: [ParNew: 59008K->6528K(59008K), 0.0467045 secs] 9377207K->9331842K(25159296K), 0.0470613 secs] [Times: user=0.57 sys=0.01, real=0.05 secs] 
2014-04-09T14:35:00.901+0900: 181.358: [GC (Allocation Failure) 181.358: [ParNew: 59008K->6528K(59008K), 0.0415668 secs] 9380135K->9333243K(25159296K), 0.0419215 secs] [Times: user=0.50 sys=0.00, real=0.04 secs] 
2014-04-09T14:35:00.987+0900: 181.444: [GC (Allocation Failure) 181.444: [ParNew: 59008K->6528K(59008K), 0.0415504 secs] 9378979K->9332662K(25159296K), 0.0419195 secs] [Times: user=0.51 sys=0.01, real=0.04 secs] 
2014-04-09T14:35:01.077+0900: 181.534: [GC (Allocation Failure) 181.534: [ParNew: 59008K->6528K(59008K), 0.0439459 secs] 9379427K->9333735K(25159296K), 0.0443124 secs] [Times: user=0.54 sys=0.01, real=0.05 secs] 
2014-04-09T14:35:01.171+0900: 181.627: [GC (Allocation Failure) 181.628: [ParNew: 59008K->6528K(59008K), 0.0421222 secs] 9379716K->9333808K(25159296K), 0.0424753 secs] [Times: user=0.52 sys=0.00, real=0.04 secs] 
2014-04-09T14:35:01.257+0900: 181.714: [GC (Allocation Failure) 181.714: [ParNew: 59008K->6528K(59008K), 0.0436910 secs] 9380121K->9334067K(25159296K), 0.0440458 secs] [Times: user=0.54 sys=0.01, real=0.05 secs] 
2014-04-09T14:35:01.347+0900: 181.804: [GC (Allocation Failure) 181.804: [ParNew: 59007K->6528K(59008K), 0.0417037 secs] 9378984K->9333052K(25159296K), 0.0420660 secs] [Times: user=0.51 sys=0.00, real=0.04 secs] 
2014-04-09T14:35:01.434+0900: 181.890: [GC (Allocation Failure) 181.891: [ParNew: 59008K->6528K(59008K), 0.0424594 secs] 9379451K->9332931K(25159296K), 0.0428153 secs] [Times: user=0.52 sys=0.01, real=0.04 secs] 
2014-04-09T14:35:01.523+0900: 181.980: [GC (Allocation Failure) 181.980: [ParNew: 59008K->6528K(59008K), 0.0460791 secs] 9378629K->9333091K(25159296K), 0.0464416 secs] [Times: user=0.58 sys=0.00, real=0.04 secs] 
2014-04-09T14:35:01.614+0900: 182.070: [GC (Allocation Failure) 182.071: [ParNew: 59008K->6528K(59008K), 0.0438789 secs] 9380608K->9334488K(25159296K), 0.0442263 secs] [Times: user=0.54 sys=0.00, real=0.04 secs] 
2014-04-09T14:35:01.701+0900: 182.158: [GC (Allocation Failure) 182.158: [ParNew: 59008K->6528K(59008K), 0.0454248 secs] 9380589K->9334149K(25159296K), 0.0457713 secs] [Times: user=0.56 sys=0.01, real=0.04 secs] 
2014-04-09T14:35:01.792+0900: 182.249: [GC (Allocation Failure) 182.249: [ParNew: 59008K->6528K(59008K), 0.0430065 secs] 9378871K->9333040K(25159296K), 0.0433622 secs] [Times: user=0.53 sys=0.00, real=0.04 secs] 
2014-04-09T14:35:01.882+0900: 182.339: [GC (Allocation Failure) 182.339: [ParNew: 59008K->6528K(59008K), 0.0431430 secs] 9380632K->9334426K(25159296K), 0.0434964 secs] [Times: user=0.51 sys=0.01, real=0.04 secs] 
2014-04-09T14:35:01.970+0900: 182.427: [GC (Allocation Failure) 182.427: [ParNew: 59008K->6528K(59008K), 0.0472891 secs] 9382173K->9336015K(25159296K), 0.0476512 secs] [Times: user=0.56 sys=0.01, real=0.05 secs] 
2014-04-09T14:35:02.069+0900: 182.526: [GC (Allocation Failure) 182.526: [ParNew: 59008K->6528K(59008K), 0.0425311 secs] 9383060K->9336383K(25159296K), 0.0428833 secs] [Times: user=0.50 sys=0.02, real=0.05 secs] 
2014-04-09T14:35:02.155+0900: 182.612: [GC (Allocation Failure) 182.612: [ParNew: 59008K->6528K(59008K), 0.0412627 secs] 9384475K->9338225K(25159296K), 0.0416267 secs] [Times: user=0.50 sys=0.00, real=0.04 secs] 
2014-04-09T14:35:02.242+0900: 182.699: [GC (Allocation Failure) 182.699: [ParNew: 59008K->6527K(59008K), 0.0474111 secs] 9386781K->9341721K(25159296K), 0.0477660 secs] [Times: user=0.57 sys=0.00, real=0.04 secs] 
2014-04-09T14:35:03.481+0900: 183.938: [CMS-concurrent-sweep: 2.215/3.269 secs] [Times: user=23.66 sys=3.21, real=3.27 secs] 
2014-04-09T14:35:03.481+0900: 183.938: [CMS-concurrent-reset-start]
2014-04-09T14:35:03.559+0900: 184.016: [CMS-concurrent-reset: 0.078/0.078 secs] [Times: user=0.08 sys=0.00, real=0.07 secs] 
2014-04-09T14:35:05.560+0900: 186.017: [GC (CMS Initial Mark) [1 CMS-initial-mark: 8912194K(25100288K)] 8938478K(25159296K), 0.0044937 secs] [Times: user=0.04 sys=0.00, real=0.01 secs] 
2014-04-09T14:35:05.565+0900: 186.022: [CMS-concurrent-mark-start]
2014-04-09T14:35:07.330+0900: 187.787: [CMS-concurrent-mark: 1.764/1.764 secs] [Times: user=6.76 sys=0.13, real=1.76 secs] 
2014-04-09T14:35:07.330+0900: 187.787: [CMS-concurrent-preclean-start]
2014-04-09T14:35:07.401+0900: 187.858: [CMS-concurrent-preclean: 0.071/0.071 secs] [Times: user=0.07 sys=0.00, real=0.08 secs] 
2014-04-09T14:35:07.401+0900: 187.858: [CMS-concurrent-abortable-preclean-start]
 CMS: abort preclean due to time 2014-04-09T14:35:12.433+0900: 192.890: [CMS-concurrent-abortable-preclean: 3.329/5.032 secs] [Times: user=3.63 sys=0.01, real=5.03 secs] 
2014-04-09T14:35:12.435+0900: 192.892: [GC (CMS Final Remark) [YG occupancy: 26827 K (59008 K)]192.892: [Rescan (parallel) , 0.0175914 secs]192.910: [weak refs processing, 0.0011810 secs]192.911: [class unloading, 0.0443096 secs]192.955: [scrub symbol table, 0.0048501 secs]192.960: [scrub string table, 0.0013992 secs][1 CMS-remark: 8912194K(25100288K)] 8939022K(25159296K), 0.0770507 secs] [Times: user=0.27 sys=0.00, real=0.08 secs] 
2014-04-09T14:35:12.513+0900: 192.969: [CMS-concurrent-sweep-start]
2014-04-09T14:35:14.139+0900: 194.596: [CMS-concurrent-sweep: 1.626/1.626 secs] [Times: user=1.64 sys=0.00, real=1.62 secs] 
2014-04-09T14:35:14.139+0900: 194.596: [CMS-concurrent-reset-start]
2014-04-09T14:35:14.217+0900: 194.674: [CMS-concurrent-reset: 0.078/0.078 secs] [Times: user=0.08 sys=0.00, real=0.08 secs] 
2014-04-09T14:35:16.218+0900: 196.675: [GC (CMS Initial Mark) [1 CMS-initial-mark: 8701278K(25100288K)] 8728219K(25159296K), 0.0042840 secs] [Times: user=0.03 sys=0.00, real=0.01 secs] 
2014-04-09T14:35:16.223+0900: 196.680: [CMS-concurrent-mark-start]
2014-04-09T14:35:18.234+0900: 198.691: [CMS-concurrent-mark: 2.011/2.011 secs] [Times: user=7.43 sys=0.25, real=2.01 secs] 
2014-04-09T14:35:18.235+0900: 198.691: [CMS-concurrent-preclean-start]
2014-04-09T14:35:18.307+0900: 198.763: [CMS-concurrent-preclean: 0.072/0.072 secs] [Times: user=0.07 sys=0.00, real=0.07 secs] 
2014-04-09T14:35:18.307+0900: 198.763: [CMS-concurrent-abortable-preclean-start]
 CMS: abort preclean due to time 2014-04-09T14:35:23.437+0900: 203.894: [CMS-concurrent-abortable-preclean: 3.426/5.131 secs] [Times: user=3.45 sys=0.01, real=5.13 secs] 
2014-04-09T14:35:23.439+0900: 203.896: [GC (CMS Final Remark) [YG occupancy: 27311 K (59008 K)]203.896: [Rescan (parallel) , 0.0174223 secs]203.913: [weak refs processing, 0.0000704 secs]203.913: [class unloading, 0.0442341 secs]203.958: [scrub symbol table, 0.0048415 secs]203.962: [scrub string table, 0.0013948 secs][1 CMS-remark: 8701278K(25100288K)] 8728589K(25159296K), 0.0750231 secs] [Times: user=0.27 sys=0.00, real=0.08 secs] 
2014-04-09T14:35:23.514+0900: 203.971: [CMS-concurrent-sweep-start]
2014-04-09T14:35:24.908+0900: 205.365: [CMS-concurrent-sweep: 1.393/1.393 secs] [Times: user=1.40 sys=0.00, real=1.39 secs] 
2014-04-09T14:35:24.908+0900: 205.365: [CMS-concurrent-reset-start]
2014-04-09T14:35:24.986+0900: 205.443: [CMS-concurrent-reset: 0.078/0.078 secs] [Times: user=0.09 sys=0.00, real=0.08 secs] 
2014-04-09T14:35:25.031+0900: 205.488: [GC (Allocation Failure) 205.488: [ParNew: 59007K->6328K(59008K), 0.0383607 secs] 8760279K->8711137K(25159296K), 0.0387216 secs] [Times: user=0.47 sys=0.01, real=0.04 secs] 
2014-04-09T14:35:25.072+0900: 205.528: [GC (CMS Initial Mark) [1 CMS-initial-mark: 8704809K(25100288K)] 8711205K(25159296K), 0.0016778 secs] [Times: user=0.01 sys=0.00, real=0.01 secs] 
2014-04-09T14:35:25.074+0900: 205.531: [CMS-concurrent-mark-start]
2014-04-09T14:35:25.161+0900: 205.618: [GC (Allocation Failure) 205.618: [ParNew: 58808K->3529K(59008K), 0.0365948 secs] 8763617K->8708339K(25159296K), 0.0369220 secs] [Times: user=0.45 sys=0.02, real=0.04 secs] 
2014-04-09T14:35:25.229+0900: 205.685: [GC (Allocation Failure) 205.686: [ParNew: 56009K->3728K(59008K), 0.0392451 secs] 8760819K->8708538K(25159296K), 0.0395807 secs] [Times: user=0.49 sys=0.01, real=0.04 secs] 
2014-04-09T14:35:25.286+0900: 205.743: [GC (Allocation Failure) 205.743: [ParNew: 56208K->3138K(59008K), 0.0374818 secs] 8761018K->8707948K(25159296K), 0.0378117 secs] [Times: user=0.46 sys=0.00, real=0.04 secs] 
2014-04-09T14:35:25.343+0900: 205.800: [GC (Allocation Failure) 205.800: [ParNew: 55618K->3856K(59008K), 0.0377466 secs] 8760428K->8708666K(25159296K), 0.0380709 secs] [Times: user=0.48 sys=0.00, real=0.04 secs] 
2014-04-09T14:35:25.399+0900: 205.856: [GC (Allocation Failure) 205.856: [ParNew: 56336K->3078K(59008K), 0.0363886 secs] 8761146K->8707887K(25159296K), 0.0367300 secs] [Times: user=0.46 sys=0.00, real=0.04 secs] 
2014-04-09T14:35:25.453+0900: 205.910: [GC (Allocation Failure) 205.910: [ParNew: 55558K->1998K(59008K), 0.0387023 secs] 8760367K->8709002K(25159296K), 0.0390313 secs] [Times: user=0.47 sys=0.01, real=0.04 secs] 
2014-04-09T14:35:25.509+0900: 205.966: [GC (Allocation Failure) 205.966: [ParNew: 54478K->505K(59008K), 0.0376265 secs] 8761482K->8707510K(25159296K), 0.0379660 secs] [Times: user=0.47 sys=0.00, real=0.04 secs] 
2014-04-09T14:35:25.568+0900: 206.025: [GC (Allocation Failure) 206.025: [ParNew: 52985K->131K(59008K), 0.0375942 secs] 8759990K->8707160K(25159296K), 0.0379062 secs] [Times: user=0.47 sys=0.00, real=0.04 secs] 
2014-04-09T14:35:25.624+0900: 206.081: [GC (Allocation Failure) 206.081: [ParNew: 52611K->34K(59008K), 0.0375152 secs] 8759640K->8707063K(25159296K), 0.0378248 secs] [Times: user=0.47 sys=0.00, real=0.03 secs] 
2014-04-09T14:35:25.680+0900: 206.137: [GC (Allocation Failure) 206.137: [ParNew: 52514K->26K(59008K), 0.0388086 secs] 8759543K->8707055K(25159296K), 0.0391188 secs] [Times: user=0.50 sys=0.00, real=0.04 secs] 
2014-04-09T14:35:25.739+0900: 206.195: [GC (Allocation Failure) 206.196: [ParNew: 52506K->26K(59008K), 0.0376110 secs] 8759535K->8707055K(25159296K), 0.0379178 secs] [Times: user=0.48 sys=0.00, real=0.04 secs] 
2014-04-09T14:35:25.798+0900: 206.255: [GC (Allocation Failure) 206.255: [ParNew: 52506K->28K(59008K), 0.0383170 secs] 8759535K->8707058K(25159296K), 0.0386252 secs] [Times: user=0.49 sys=0.00, real=0.04 secs] 
2014-04-09T14:35:25.863+0900: 206.320: [GC (Allocation Failure) 206.320: [ParNew: 52508K->44K(59008K), 0.0368490 secs] 8759538K->8707075K(25159296K), 0.0371595 secs] [Times: user=0.46 sys=0.00, real=0.04 secs] 
2014-04-09T14:35:25.931+0900: 206.387: [GC (Allocation Failure) 206.387: [ParNew: 52524K->42K(59008K), 0.0368330 secs] 8759555K->8707078K(25159296K), 0.0371432 secs] [Times: user=0.47 sys=0.00, real=0.04 secs] 
2014-04-09T14:35:25.999+0900: 206.456: [GC (Allocation Failure) 206.456: [ParNew: 52522K->42K(59008K), 0.0376626 secs] 8759558K->8707078K(25159296K), 0.0379751 secs] [Times: user=0.47 sys=0.00, real=0.04 secs] 
2014-04-09T14:35:26.070+0900: 206.527: [GC (Allocation Failure) 206.527: [ParNew: 52522K->54K(59008K), 0.0369963 secs] 8759558K->8707090K(25159296K), 0.0373086 secs] [Times: user=0.48 sys=0.00, real=0.04 secs] 
2014-04-09T14:35:26.143+0900: 206.600: [GC (Allocation Failure) 206.600: [ParNew: 52534K->54K(59008K), 0.0376182 secs] 8759570K->8707090K(25159296K), 0.0379328 secs] [Times: user=0.49 sys=0.00, real=0.04 secs] 
2014-04-09T14:35:26.205+0900: 206.662: [GC (Allocation Failure) 206.662: [ParNew: 52534K->67K(59008K), 0.0347901 secs] 8759570K->8707104K(25159296K), 0.0351011 secs] [Times: user=0.45 sys=0.00, real=0.03 secs] 
2014-04-09T14:35:26.269+0900: 206.725: [GC (Allocation Failure) 206.726: [ParNew: 52547K->67K(59008K), 0.0350011 secs] 8759584K->8707121K(25159296K), 0.0353094 secs] [Times: user=0.47 sys=0.00, real=0.04 secs] 
2014-04-09T14:35:26.327+0900: 206.784: [GC (Allocation Failure) 206.784: [ParNew: 52547K->66K(59008K), 0.0369181 secs] 8759601K->8707121K(25159296K), 0.0372278 secs] [Times: user=0.47 sys=0.00, real=0.04 secs] 
2014-04-09T14:35:26.386+0900: 206.843: [GC (Allocation Failure) 206.843: [ParNew: 52546K->77K(59008K), 0.0384431 secs] 8759601K->8707131K(25159296K), 0.0387496 secs] [Times: user=0.49 sys=0.00, real=0.04 secs] 
2014-04-09T14:35:26.448+0900: 206.905: [GC (Allocation Failure) 206.905: [ParNew: 52557K->78K(59008K), 0.0374837 secs] 8759611K->8707144K(25159296K), 0.0378039 secs] [Times: user=0.47 sys=0.00, real=0.04 secs] 
2014-04-09T14:35:26.508+0900: 206.965: [GC (Allocation Failure) 206.965: [ParNew: 52558K->95K(59008K), 0.0370146 secs] 8759624K->8707163K(25159296K), 0.0373343 secs] [Times: user=0.49 sys=0.00, real=0.04 secs] 
2014-04-09T14:35:26.568+0900: 207.025: [GC (Allocation Failure) 207.025: [ParNew: 51927K->2302K(59008K), 0.0360626 secs] 8758995K->8709380K(25159296K), 0.0363764 secs] [Times: user=0.50 sys=0.00, real=0.04 secs] 
2014-04-09T14:35:26.625+0900: 207.082: [GC (Allocation Failure) 207.082: [ParNew: 54782K->4476K(59008K), 0.0461410 secs] 8761860K->8719752K(25159296K), 0.0464517 secs] [Times: user=0.58 sys=0.00, real=0.04 secs] 
2014-04-09T14:35:26.697+0900: 207.153: [GC (Allocation Failure) 207.154: [ParNew: 56956K->520K(59008K), 0.0370015 secs] 8772232K->8715898K(25159296K), 0.0373138 secs] [Times: user=0.47 sys=0.00, real=0.04 secs] 
2014-04-09T14:35:26.757+0900: 207.213: [GC (Allocation Failure) 207.214: [ParNew: 53000K->526K(59008K), 0.0407397 secs] 8768378K->8726144K(25159296K), 0.0410484 secs] [Times: user=0.51 sys=0.01, real=0.04 secs] 
2014-04-09T14:35:26.822+0900: 207.279: [GC (Allocation Failure) 207.279: [ParNew: 53006K->532K(59008K), 0.0369826 secs] 8778624K->8726150K(25159296K), 0.0372955 secs] [Times: user=0.47 sys=0.00, real=0.04 secs] 
2014-04-09T14:35:26.881+0900: 207.338: [GC (Allocation Failure) 207.338: [ParNew: 53012K->1154K(59008K), 0.0436212 secs] 8778630K->8736933K(25159296K), 0.0439483 secs] [Times: user=0.57 sys=0.00, real=0.05 secs] 
2014-04-09T14:35:26.950+0900: 207.407: [GC (Allocation Failure) 207.407: [ParNew: 53634K->1486K(59008K), 0.0350789 secs] 8789413K->8737265K(25159296K), 0.0354009 secs] [Times: user=0.45 sys=0.00, real=0.04 secs] 
2014-04-09T14:35:27.010+0900: 207.467: [GC (Allocation Failure) 207.467: [ParNew: 53966K->1546K(59008K), 0.0355268 secs] 8789745K->8737325K(25159296K), 0.0358463 secs] [Times: user=0.49 sys=0.00, real=0.04 secs] 
2014-04-09T14:35:27.070+0900: 207.527: [GC (Allocation Failure) 207.527: [ParNew: 54026K->1093K(59008K), 0.0361307 secs] 8789805K->8737384K(25159296K), 0.0364482 secs] [Times: user=0.44 sys=0.01, real=0.04 secs] 
2014-04-09T14:35:27.130+0900: 207.587: [GC (Allocation Failure) 207.587: [ParNew: 53573K->6527K(59008K), 0.0382716 secs] 8789864K->8743740K(25159296K), 0.0386027 secs] [Times: user=0.48 sys=0.00, real=0.04 secs] 
2014-04-09T14:35:27.198+0900: 207.655: [GC (Allocation Failure) 207.655: [ParNew: 53551K->4755K(59008K), 0.0367387 secs] 8790763K->8746393K(25159296K), 0.0370691 secs] [Times: user=0.46 sys=0.00, real=0.04 secs] 
2014-04-09T14:35:27.272+0900: 207.729: [GC (Allocation Failure) 207.729: [ParNew: 57235K->5550K(59008K), 0.0389546 secs] 8798873K->8759674K(25159296K), 0.0392781 secs] [Times: user=0.48 sys=0.01, real=0.04 secs] 
2014-04-09T14:35:27.334+0900: 207.791: [GC (Allocation Failure) 207.791: [ParNew: 51677K->2209K(59008K), 0.0415798 secs] 8805802K->8784118K(25159296K), 0.0418979 secs] [Times: user=0.56 sys=0.01, real=0.05 secs] 
2014-04-09T14:35:27.404+0900: 207.861: [GC (Allocation Failure) 207.861: [ParNew: 54689K->6527K(59008K), 0.0451192 secs] 8836598K->8805584K(25159296K), 0.0454466 secs] [Times: user=0.62 sys=0.01, real=0.05 secs] 
2014-04-09T14:35:27.483+0900: 207.939: [GC (Allocation Failure) 207.939: [ParNew: 52164K->6527K(59008K), 0.0465880 secs] 8851220K->8831515K(25159296K), 0.0469114 secs] [Times: user=0.58 sys=0.01, real=0.05 secs] 
2014-04-09T14:35:27.569+0900: 208.026: [GC (Allocation Failure) 208.026: [ParNew: 51629K->5690K(59008K), 0.0422573 secs] 8876617K->8861303K(25159296K), 0.0425892 secs] [Times: user=0.53 sys=0.01, real=0.04 secs] 
2014-04-09T14:35:27.649+0900: 208.106: [GC (Allocation Failure) 208.106: [ParNew: 58151K->6521K(59008K), 0.0468628 secs] 8913764K->8893584K(25159296K), 0.0471887 secs] [Times: user=0.60 sys=0.01, real=0.05 secs] 
2014-04-09T14:35:27.733+0900: 208.190: [GC (Allocation Failure) 208.190: [ParNew: 58998K->3442K(59008K), 0.0458250 secs] 8946062K->8937808K(25159296K), 0.0461455 secs] [Times: user=0.58 sys=0.01, real=0.05 secs] 
2014-04-09T14:35:27.804+0900: 208.261: [GC (Allocation Failure) 208.261: [ParNew: 55912K->6528K(59008K), 0.0432834 secs] 8990278K->8962115K(25159296K), 0.0436028 secs] [Times: user=0.59 sys=0.00, real=0.05 secs] 
2014-04-09T14:35:27.879+0900: 208.336: [GC (Allocation Failure) 208.336: [ParNew: 58534K->4897K(59008K), 0.0457532 secs] 9014122K->8977075K(25159296K), 0.0460793 secs] [Times: user=0.62 sys=0.00, real=0.05 secs] 
2014-04-09T14:35:28.056+0900: 208.513: [GC (Allocation Failure) 208.513: [ParNew: 57376K->6528K(59008K), 0.0458996 secs] 9029554K->9008247K(25159296K), 0.0462349 secs] [Times: user=0.53 sys=0.02, real=0.04 secs] 
2014-04-09T14:35:28.413+0900: 208.870: [GC (Allocation Failure) 208.870: [ParNew: 59008K->1338K(59008K), 0.0596230 secs] 9060727K->9009579K(25159296K), 0.0599892 secs] [Times: user=0.74 sys=0.01, real=0.06 secs] 
2014-04-09T14:35:28.596+0900: 209.053: [GC (Allocation Failure) 209.053: [ParNew: 53818K->5833K(59008K), 0.0759077 secs] 9062059K->9024234K(25159296K), 0.0762406 secs] [Times: user=1.13 sys=0.01, real=0.07 secs] 
2014-04-09T14:35:28.822+0900: 209.278: [GC (Allocation Failure) 209.279: [ParNew: 58311K->6528K(59008K), 0.1108532 secs] 9076713K->9059295K(25159296K), 0.1111844 secs] [Times: user=1.48 sys=0.03, real=0.11 secs] 
2014-04-09T14:35:28.947+0900: 209.404: [CMS-concurrent-mark: 1.791/3.873 secs] [Times: user=44.67 sys=0.63, real=3.87 secs] 
2014-04-09T14:35:28.947+0900: 209.404: [CMS-concurrent-preclean-start]
2014-04-09T14:35:29.056+0900: 209.513: [GC (Allocation Failure) 209.513: [ParNew: 59008K->6528K(59008K), 0.0463651 secs] 9111775K->9070386K(25159296K), 0.0466962 secs] [Times: user=0.60 sys=0.01, real=0.04 secs] 
2014-04-09T14:35:29.130+0900: 209.587: [GC (Allocation Failure) 209.587: [ParNew: 59008K->6528K(59008K), 0.0462448 secs] 9122866K->9100368K(25159296K), 0.0466474 secs] [Times: user=0.60 sys=0.01, real=0.05 secs] 
2014-04-09T14:35:29.264+0900: 209.721: [CMS-concurrent-preclean: 0.208/0.317 secs] [Times: user=2.25 sys=0.06, real=0.31 secs] 
2014-04-09T14:35:29.266+0900: 209.723: [GC (Allocation Failure) 209.723: [ParNew: 59008K->6528K(59008K), 0.0399079 secs] 9152848K->9119208K(25159296K), 0.0402975 secs] [Times: user=0.50 sys=0.01, real=0.04 secs] 
2014-04-09T14:35:29.307+0900: 209.763: [CMS-concurrent-abortable-preclean-start]
2014-04-09T14:35:29.371+0900: 209.827: [GC (Allocation Failure) 209.828: [ParNew: 59007K->6528K(59008K), 0.0541369 secs] 9171688K->9150974K(25159296K), 0.0544972 secs] [Times: user=0.69 sys=0.01, real=0.06 secs] 
2014-04-09T14:35:29.555+0900: 210.011: [CMS-concurrent-abortable-preclean: 0.183/0.248 secs] [Times: user=1.64 sys=0.02, real=0.25 secs] 
2014-04-09T14:35:29.556+0900: 210.013: [GC (Allocation Failure) 210.013: [ParNew: 59008K->6528K(59008K), 0.0457782 secs] 9203454K->9177513K(25159296K), 0.0460786 secs] [Times: user=0.59 sys=0.01, real=0.04 secs] 
2014-04-09T14:35:29.605+0900: 210.062: [GC (CMS Final Remark) [YG occupancy: 16688 K (59008 K)]210.062: [Rescan (parallel) , 0.0172913 secs]210.079: [weak refs processing, 0.0000602 secs]210.079: [class unloading, 0.0481425 secs]210.127: [scrub symbol table, 0.0048554 secs]210.132: [scrub string table, 0.0013979 secs][1 CMS-remark: 9170985K(25100288K)] 9187673K(25159296K), 0.0790871 secs] [Times: user=0.35 sys=0.00, real=0.07 secs] 
2014-04-09T14:35:29.684+0900: 210.141: [CMS-concurrent-sweep-start]
2014-04-09T14:35:29.712+0900: 210.169: [GC (Allocation Failure) 210.169: [ParNew: 59008K->6528K(59008K), 0.0509475 secs] 9224614K->9198191K(25159296K), 0.0512757 secs] [Times: user=0.68 sys=0.01, real=0.05 secs] 
2014-04-09T14:35:29.797+0900: 210.253: [GC (Allocation Failure) 210.254: [ParNew: 59008K->6228K(59008K), 0.0429533 secs] 9240910K->9208451K(25159296K), 0.0432726 secs] [Times: user=0.57 sys=0.01, real=0.04 secs] 
2014-04-09T14:35:29.890+0900: 210.346: [GC (Allocation Failure) 210.347: [ParNew: 58708K->6528K(59008K), 0.0448996 secs] 9247452K->9203412K(25159296K), 0.0452183 secs] [Times: user=0.59 sys=0.01, real=0.05 secs] 
2014-04-09T14:35:29.989+0900: 210.446: [GC (Allocation Failure) 210.446: [ParNew: 59006K->6527K(59008K), 0.0436339 secs] 9235828K->9195624K(25159296K), 0.0439539 secs] [Times: user=0.56 sys=0.00, real=0.04 secs] 
2014-04-09T14:35:30.093+0900: 210.550: [GC (Allocation Failure) 210.550: [ParNew: 51876K->6528K(59008K), 0.0488369 secs] 9221232K->9197149K(25159296K), 0.0491602 secs] [Times: user=0.64 sys=0.02, real=0.05 secs] 
2014-04-09T14:35:30.177+0900: 210.634: [GC (Allocation Failure) 210.634: [ParNew: 59008K->6528K(59008K), 0.0415071 secs] 9238333K->9210805K(25159296K), 0.0418428 secs] [Times: user=0.55 sys=0.01, real=0.04 secs] 
2014-04-09T14:35:30.259+0900: 210.716: [GC (Allocation Failure) 210.716: [ParNew: 59008K->6528K(59008K), 0.0436691 secs] 9249871K->9214014K(25159296K), 0.0440507 secs] [Times: user=0.58 sys=0.00, real=0.04 secs] 
2014-04-09T14:35:30.404+0900: 210.861: [GC (Allocation Failure) 210.861: [ParNew: 53627K->5028K(59008K), 0.0370243 secs] 9210143K->9176505K(25159296K), 0.0373502 secs] [Times: user=0.45 sys=0.01, real=0.04 secs] 
2014-04-09T14:35:30.481+0900: 210.938: [GC (Allocation Failure) 210.938: [ParNew: 56528K->464K(59008K), 0.0501329 secs] 9208946K->9177799K(25159296K), 0.0504600 secs] [Times: user=0.61 sys=0.02, real=0.05 secs] 
2014-04-09T14:35:30.630+0900: 211.087: [GC (Allocation Failure) 211.087: [ParNew: 52944K->6526K(59008K), 0.0453978 secs] 9180102K->9158685K(25159296K), 0.0457177 secs] [Times: user=0.48 sys=0.01, real=0.05 secs] 
2014-04-09T14:35:30.754+0900: 211.211: [GC (Allocation Failure) 211.211: [ParNew: 59002K->6528K(59008K), 0.0382524 secs] 9170770K->9127722K(25159296K), 0.0385755 secs] [Times: user=0.48 sys=0.00, real=0.04 secs] 
2014-04-09T14:35:30.811+0900: 211.268: [GC (Allocation Failure) 211.268: [ParNew: 53474K->5569K(59008K), 0.0416264 secs] 9166950K->9150525K(25159296K), 0.0419376 secs] [Times: user=0.49 sys=0.01, real=0.04 secs] 
2014-04-09T14:35:30.877+0900: 211.334: [GC (Allocation Failure) 211.334: [ParNew: 58049K->6528K(59008K), 0.0389028 secs] 9191697K->9169369K(25159296K), 0.0392131 secs] [Times: user=0.46 sys=0.01, real=0.04 secs] 
2014-04-09T14:35:30.960+0900: 211.417: [GC (Allocation Failure) 211.417: [ParNew: 59008K->6528K(59008K), 0.0460432 secs] 9199936K->9172122K(25159296K), 0.0463609 secs] [Times: user=0.48 sys=0.01, real=0.05 secs] 
2014-04-09T14:35:31.047+0900: 211.504: [GC (Allocation Failure) 211.504: [ParNew: 59008K->6528K(59008K), 0.0513609 secs] 9204978K->9170241K(25159296K), 0.0516723 secs] [Times: user=0.62 sys=0.00, real=0.05 secs] 
2014-04-09T14:35:31.140+0900: 211.597: [GC (Allocation Failure) 211.597: [ParNew: 59008K->5565K(59008K), 0.0414386 secs] 9201975K->9154241K(25159296K), 0.0417492 secs] [Times: user=0.51 sys=0.00, real=0.04 secs] 
2014-04-09T14:35:31.240+0900: 211.697: [GC (Allocation Failure) 211.697: [ParNew: 58045K->6197K(59008K), 0.0377088 secs] 9177935K->9126087K(25159296K), 0.0380149 secs] [Times: user=0.47 sys=0.01, real=0.04 secs] 
2014-04-09T14:35:31.302+0900: 211.758: [GC (Allocation Failure) 211.758: [ParNew: 57147K->3629K(59008K), 0.0478147 secs] 9171803K->9147988K(25159296K), 0.0481188 secs] [Times: user=0.55 sys=0.01, real=0.05 secs] 
2014-04-09T14:35:31.380+0900: 211.837: [GC (Allocation Failure) 211.837: [ParNew: 55156K->6528K(59008K), 0.0397918 secs] 9183981K->9156469K(25159296K), 0.0401184 secs] [Times: user=0.48 sys=0.01, real=0.04 secs] 
2014-04-09T14:35:31.444+0900: 211.901: [GC (Allocation Failure) 211.901: [ParNew: 59008K->6528K(59008K), 0.0382358 secs] 9196881K->9171809K(25159296K), 0.0385452 secs] [Times: user=0.45 sys=0.01, real=0.04 secs] 
2014-04-09T14:35:31.499+0900: 211.956: [GC (Allocation Failure) 211.956: [ParNew: 49741K->6528K(59008K), 0.0453702 secs] 9206835K->9195128K(25159296K), 0.0456727 secs] [Times: user=0.56 sys=0.01, real=0.05 secs] 
2014-04-09T14:35:31.571+0900: 212.028: [GC (Allocation Failure) 212.028: [ParNew: 56930K->6528K(59008K), 0.0427975 secs] 9231994K->9210490K(25159296K), 0.0431158 secs] [Times: user=0.52 sys=0.01, real=0.05 secs] 
2014-04-09T14:35:31.634+0900: 212.091: [GC (Allocation Failure) 212.091: [ParNew: 53471K->6528K(59008K), 0.0434614 secs] 9246906K->9224233K(25159296K), 0.0437606 secs] [Times: user=0.53 sys=0.00, real=0.04 secs] 
2014-04-09T14:35:31.694+0900: 212.151: [GC (Allocation Failure) 212.151: [ParNew: 59008K->6504K(59008K), 0.0432171 secs] 9269908K->9251551K(25159296K), 0.0435166 secs] [Times: user=0.53 sys=0.00, real=0.05 secs] 
2014-04-09T14:35:31.757+0900: 212.214: [GC (Allocation Failure) 212.214: [ParNew: 53934K->6528K(59008K), 0.0353192 secs] 9288057K->9255067K(25159296K), 0.0356161 secs] [Times: user=0.44 sys=0.00, real=0.03 secs] 
2014-04-09T14:35:31.808+0900: 212.265: [GC (Allocation Failure) 212.265: [ParNew: 51295K->6528K(59008K), 0.0417997 secs] 9295320K->9280856K(25159296K), 0.0421067 secs] [Times: user=0.51 sys=0.01, real=0.04 secs] 
2014-04-09T14:35:31.870+0900: 212.326: [GC (Allocation Failure) 212.327: [ParNew: 59008K->6528K(59008K), 0.0388517 secs] 9325053K->9299891K(25159296K), 0.0391487 secs] [Times: user=0.47 sys=0.02, real=0.04 secs] 
2014-04-09T14:35:31.937+0900: 212.394: [GC (Allocation Failure) 212.394: [ParNew: 59008K->6528K(59008K), 0.0482925 secs] 9340667K->9302796K(25159296K), 0.0485888 secs] [Times: user=0.59 sys=0.01, real=0.05 secs] 
2014-04-09T14:35:32.018+0900: 212.475: [GC (Allocation Failure) 212.475: [ParNew: 59008K->6528K(59008K), 0.0438784 secs] 9341419K->9306928K(25159296K), 0.0441723 secs] [Times: user=0.53 sys=0.00, real=0.04 secs] 
2014-04-09T14:35:32.096+0900: 212.552: [GC (Allocation Failure) 212.553: [ParNew: 56248K->6528K(59008K), 0.0429329 secs] 9342725K->9310933K(25159296K), 0.0432237 secs] [Times: user=0.50 sys=0.00, real=0.04 secs] 
2014-04-09T14:35:32.174+0900: 212.630: [GC (Allocation Failure) 212.630: [ParNew: 59008K->6528K(59008K), 0.0412471 secs] 9348382K->9309159K(25159296K), 0.0415522 secs] [Times: user=0.52 sys=0.01, real=0.05 secs] 
2014-04-09T14:35:32.247+0900: 212.704: [GC (Allocation Failure) 212.704: [ParNew: 59008K->5422K(59008K), 0.0455614 secs] 9350977K->9318284K(25159296K), 0.0458893 secs] [Times: user=0.59 sys=0.01, real=0.04 secs] 
2014-04-09T14:35:32.320+0900: 212.777: [GC (Allocation Failure) 212.777: [ParNew: 57902K->5987K(59008K), 0.0456991 secs] 9358350K->9328193K(25159296K), 0.0460331 secs] [Times: user=0.62 sys=0.00, real=0.05 secs] 
2014-04-09T14:35:32.387+0900: 212.844: [GC (Allocation Failure) 212.844: [ParNew: 58467K->6528K(59008K), 0.0486064 secs] 9372452K->9334859K(25159296K), 0.0489660 secs] [Times: user=0.65 sys=0.00, real=0.05 secs] 
2014-04-09T14:35:32.464+0900: 212.921: [GC (Allocation Failure) 212.921: [ParNew: 51054K->6528K(59008K), 0.0478580 secs] 9366276K->9335865K(25159296K), 0.0481774 secs] [Times: user=0.68 sys=0.00, real=0.05 secs] 
2014-04-09T14:35:32.535+0900: 212.992: [GC (Allocation Failure) 212.992: [ParNew: 59008K->6528K(59008K), 0.0492079 secs] 9377852K->9345114K(25159296K), 0.0495463 secs] [Times: user=0.65 sys=0.01, real=0.05 secs] 
2014-04-09T14:35:32.622+0900: 213.079: [GC (Allocation Failure) 213.079: [ParNew: 59008K->6528K(59008K), 0.0429506 secs] 9379020K->9344990K(25159296K), 0.0432856 secs] [Times: user=0.57 sys=0.01, real=0.05 secs] 
2014-04-09T14:35:32.710+0900: 213.167: [GC (Allocation Failure) 213.167: [ParNew: 59008K->3084K(59008K), 0.0486490 secs] 9374373K->9347042K(25159296K), 0.0489735 secs] [Times: user=0.62 sys=0.01, real=0.05 secs] 
2014-04-09T14:35:32.784+0900: 213.240: [GC (Allocation Failure) 213.241: [ParNew: 55562K->6528K(59008K), 0.0365081 secs] 9388736K->9356203K(25159296K), 0.0368350 secs] [Times: user=0.44 sys=0.01, real=0.04 secs] 
2014-04-09T14:35:32.840+0900: 213.297: [GC (Allocation Failure) 213.297: [ParNew: 58987K->6528K(59008K), 0.0420523 secs] 9399289K->9371199K(25159296K), 0.0423810 secs] [Times: user=0.52 sys=0.00, real=0.04 secs] 
2014-04-09T14:35:32.899+0900: 213.356: [GC (Allocation Failure) 213.356: [ParNew: 49238K->6438K(59008K), 0.0367151 secs] 9405788K->9389197K(25159296K), 0.0370349 secs] [Times: user=0.45 sys=0.00, real=0.04 secs] 
2014-04-09T14:35:32.969+0900: 213.426: [GC (Allocation Failure) 213.426: [ParNew: 58917K->6528K(59008K), 0.0478043 secs] 9424630K->9407066K(25159296K), 0.0481248 secs] [Times: user=0.59 sys=0.01, real=0.05 secs] 
2014-04-09T14:35:33.052+0900: 213.508: [GC (Allocation Failure) 213.509: [ParNew: 59008K->6528K(59008K), 0.0523561 secs] 9440502K->9427425K(25159296K), 0.0526822 secs] [Times: user=0.62 sys=0.01, real=0.06 secs] 
2014-04-09T14:35:33.130+0900: 213.587: [GC (Allocation Failure) 213.587: [ParNew: 57648K->6528K(59008K), 0.0436483 secs] 9465305K->9432309K(25159296K), 0.0439727 secs] [Times: user=0.53 sys=0.00, real=0.04 secs] 
2014-04-09T14:35:33.209+0900: 213.666: [GC (Allocation Failure) 213.666: [ParNew: 59008K->6528K(59008K), 0.0464465 secs] 9471532K->9447210K(25159296K), 0.0467615 secs] [Times: user=0.56 sys=0.01, real=0.05 secs] 
2014-04-09T14:35:33.287+0900: 213.744: [GC (Allocation Failure) 213.744: [ParNew: 59008K->6528K(59008K), 0.0470836 secs] 9486705K->9452816K(25159296K), 0.0474225 secs] [Times: user=0.56 sys=0.01, real=0.05 secs] 
2014-04-09T14:35:33.350+0900: 213.806: [GC (Allocation Failure) 213.807: [ParNew: 50316K->5113K(59008K), 0.0446608 secs] 9493599K->9482935K(25159296K), 0.0449776 secs] [Times: user=0.55 sys=0.01, real=0.05 secs] 
2014-04-09T14:35:33.412+0900: 213.869: [GC (Allocation Failure) 213.869: [ParNew: 57593K->6528K(59008K), 0.0405522 secs] 9529865K->9505015K(25159296K), 0.0408712 secs] [Times: user=0.48 sys=0.02, real=0.04 secs] 
2014-04-09T14:35:33.474+0900: 213.931: [GC (Allocation Failure) 213.931: [ParNew: 59008K->6528K(59008K), 0.0452037 secs] 9549860K->9515050K(25159296K), 0.0455274 secs] [Times: user=0.55 sys=0.01, real=0.05 secs] 
2014-04-09T14:35:33.542+0900: 213.999: [GC (Allocation Failure) 213.999: [ParNew: 59008K->6528K(59008K), 0.0511208 secs] 9555441K->9522053K(25159296K), 0.0514443 secs] [Times: user=0.61 sys=0.00, real=0.05 secs] 
2014-04-09T14:35:33.613+0900: 214.070: [GC (Allocation Failure) 214.070: [ParNew: 59008K->6528K(59008K), 0.0467634 secs] 9565416K->9530512K(25159296K), 0.0470867 secs] [Times: user=0.56 sys=0.01, real=0.05 secs] 
2014-04-09T14:35:33.683+0900: 214.140: [GC (Allocation Failure) 214.140: [ParNew: 59008K->6528K(59008K), 0.0459697 secs] 9571304K->9545460K(25159296K), 0.0462970 secs] [Times: user=0.54 sys=0.01, real=0.05 secs] 
2014-04-09T14:35:33.751+0900: 214.208: [GC (Allocation Failure) 214.208: [ParNew: 51948K->6389K(59008K), 0.0428142 secs] 9581623K->9548006K(25159296K), 0.0431371 secs] [Times: user=0.53 sys=0.00, real=0.04 secs] 
2014-04-09T14:35:33.816+0900: 214.273: [GC (Allocation Failure) 214.273: [ParNew: 58869K->4271K(59008K), 0.0520619 secs] 9590047K->9560649K(25159296K), 0.0523882 secs] [Times: user=0.63 sys=0.01, real=0.05 secs] 
2014-04-09T14:35:33.888+0900: 214.345: [GC (Allocation Failure) 214.345: [ParNew: 56751K->6528K(59008K), 0.0415362 secs] 9604315K->9564334K(25159296K), 0.0418520 secs] [Times: user=0.52 sys=0.01, real=0.04 secs] 
2014-04-09T14:35:33.949+0900: 214.406: [GC (Allocation Failure) 214.406: [ParNew: 55142K->6507K(59008K), 0.0472502 secs] 9606104K->9574766K(25159296K), 0.0475784 secs] [Times: user=0.57 sys=0.01, real=0.05 secs] 
2014-04-09T14:35:34.010+0900: 214.467: [GC (Allocation Failure) 214.467: [ParNew: 58987K->6528K(59008K), 0.0407553 secs] 9621647K->9594510K(25159296K), 0.0410764 secs] [Times: user=0.53 sys=0.02, real=0.04 secs] 
2014-04-09T14:35:34.073+0900: 214.530: [GC (Allocation Failure) 214.530: [ParNew: 58567K->6387K(59008K), 0.0388006 secs] 9637038K->9603362K(25159296K), 0.0391231 secs] [Times: user=0.49 sys=0.01, real=0.04 secs] 
2014-04-09T14:35:34.128+0900: 214.585: [GC (Allocation Failure) 214.585: [ParNew: 58865K->6528K(59008K), 0.0419681 secs] 9648974K->9626291K(25159296K), 0.0422849 secs] [Times: user=0.50 sys=0.01, real=0.04 secs] 
2014-04-09T14:35:34.200+0900: 214.657: [GC (Allocation Failure) 214.657: [ParNew: 59008K->6528K(59008K), 0.0375929 secs] 9664971K->9626297K(25159296K), 0.0379164 secs] [Times: user=0.43 sys=0.01, real=0.04 secs] 
2014-04-09T14:35:34.261+0900: 214.718: [GC (Allocation Failure) 214.718: [ParNew: 59008K->6528K(59008K), 0.0506258 secs] 9668573K->9645995K(25159296K), 0.0509463 secs] [Times: user=0.61 sys=0.01, real=0.05 secs] 
2014-04-09T14:35:34.335+0900: 214.792: [GC (Allocation Failure) 214.792: [ParNew: 59008K->6528K(59008K), 0.0470356 secs] 9688709K->9671230K(25159296K), 0.0473710 secs] [Times: user=0.56 sys=0.01, real=0.05 secs] 
2014-04-09T14:35:34.408+0900: 214.865: [GC (Allocation Failure) 214.865: [ParNew: 59008K->6528K(59008K), 0.0456695 secs] 9709474K->9682345K(25159296K), 0.0459875 secs] [Times: user=0.55 sys=0.02, real=0.04 secs] 
2014-04-09T14:35:34.483+0900: 214.940: [GC (Allocation Failure) 214.940: [ParNew: 59002K->6528K(59008K), 0.0390715 secs] 9695450K->9660844K(25159296K), 0.0394128 secs] [Times: user=0.49 sys=0.01, real=0.04 secs] 
2014-04-09T14:35:34.541+0900: 214.997: [GC (Allocation Failure) 214.998: [ParNew: 59008K->6528K(59008K), 0.0454668 secs] 9694661K->9659037K(25159296K), 0.0457953 secs] [Times: user=0.55 sys=0.01, real=0.05 secs] 
2014-04-09T14:35:34.609+0900: 215.066: [GC (Allocation Failure) 215.066: [ParNew: 59008K->4923K(59008K), 0.0442899 secs] 9688686K->9655449K(25159296K), 0.0446199 secs] [Times: user=0.56 sys=0.00, real=0.04 secs] 
2014-04-09T14:35:34.677+0900: 215.134: [GC (Allocation Failure) 215.134: [ParNew: 57403K->6528K(59008K), 0.0451606 secs] 9674311K->9648098K(25159296K), 0.0454811 secs] [Times: user=0.55 sys=0.01, real=0.04 secs] 
2014-04-09T14:35:34.743+0900: 215.200: [GC (Allocation Failure) 215.200: [ParNew: 59008K->6528K(59008K), 0.0378525 secs] 9674218K->9647475K(25159296K), 0.0381724 secs] [Times: user=0.46 sys=0.01, real=0.04 secs] 
2014-04-09T14:35:34.805+0900: 215.262: [GC (Allocation Failure) 215.262: [ParNew: 59008K->6528K(59008K), 0.0481203 secs] 9670721K->9651762K(25159296K), 0.0484449 secs] [Times: user=0.57 sys=0.01, real=0.05 secs] 
2014-04-09T14:35:34.882+0900: 215.339: [GC (Allocation Failure) 215.339: [ParNew: 59008K->6528K(59008K), 0.0425254 secs] 9664865K->9634812K(25159296K), 0.0428519 secs] [Times: user=0.51 sys=0.01, real=0.04 secs] 
2014-04-09T14:35:34.926+0900: 215.383: [CMS-concurrent-sweep: 2.009/5.241 secs] [Times: user=48.94 sys=1.02, real=5.24 secs] 
2014-04-09T14:35:34.926+0900: 215.383: [CMS-concurrent-reset-start]
2014-04-09T14:35:34.953+0900: 215.410: [GC (Allocation Failure) 215.410: [ParNew: 59008K->6528K(59008K), 0.0407773 secs] 9687177K->9644272K(25159296K), 0.0411019 secs] [Times: user=0.48 sys=0.00, real=0.04 secs] 
2014-04-09T14:35:35.033+0900: 215.490: [GC (Allocation Failure) 215.490: [ParNew: 56628K->2923K(59008K), 0.0378515 secs] 9694372K->9644345K(25159296K), 0.0381883 secs] [Times: user=0.45 sys=0.00, real=0.04 secs] 
2014-04-09T14:35:35.080+0900: 215.537: [CMS-concurrent-reset: 0.072/0.154 secs] [Times: user=1.25 sys=0.01, real=0.15 secs] 
2014-04-09T14:35:35.101+0900: 215.558: [GC (Allocation Failure) 215.558: [ParNew: 53791K->6239K(59008K), 0.0328397 secs] 9695213K->9654351K(25159296K), 0.0331600 secs] [Times: user=0.41 sys=0.01, real=0.03 secs] 
2014-04-09T14:35:35.137+0900: 215.593: [GC (CMS Initial Mark) [1 CMS-initial-mark: 9648111K(25100288K)] 9656630K(25159296K), 0.0019992 secs] [Times: user=0.01 sys=0.00, real=0.00 secs] 
2014-04-09T14:35:35.139+0900: 215.595: [CMS-concurrent-mark-start]
2014-04-09T14:35:35.187+0900: 215.644: [GC (Allocation Failure) 215.644: [ParNew: 52195K->6528K(59008K), 0.0349053 secs] 9700307K->9668792K(25159296K), 0.0352268 secs] [Times: user=0.41 sys=0.02, real=0.03 secs] 
2014-04-09T14:35:35.266+0900: 215.722: [GC (Allocation Failure) 215.722: [ParNew: 58997K->6049K(59008K), 0.0424959 secs] 9721262K->9701297K(25159296K), 0.0428230 secs] [Times: user=0.52 sys=0.01, real=0.04 secs] 
2014-04-09T14:35:35.333+0900: 215.790: [GC (Allocation Failure) 215.790: [ParNew: 53771K->3532K(59008K), 0.0476485 secs] 9749019K->9719700K(25159296K), 0.0479679 secs] [Times: user=0.60 sys=0.01, real=0.05 secs] 
2014-04-09T14:35:35.403+0900: 215.859: [GC (Allocation Failure) 215.859: [ParNew: 52959K->4017K(59008K), 0.0421521 secs] 9769127K->9740507K(25159296K), 0.0424758 secs] [Times: user=0.53 sys=0.00, real=0.04 secs] 
2014-04-09T14:35:35.462+0900: 215.919: [GC (Allocation Failure) 215.919: [ParNew: 56497K->6528K(59008K), 0.0463284 secs] 9792987K->9765972K(25159296K), 0.0466704 secs] [Times: user=0.57 sys=0.01, real=0.05 secs] 
2014-04-09T14:35:35.541+0900: 215.998: [GC (Allocation Failure) 215.998: [ParNew: 59006K->6528K(59008K), 0.0515021 secs] 9818450K->9801255K(25159296K), 0.0518317 secs] [Times: user=0.63 sys=0.01, real=0.05 secs] 
2014-04-09T14:35:35.638+0900: 216.095: [GC (Allocation Failure) 216.095: [ParNew: 59008K->6528K(59008K), 0.0447796 secs] 9853735K->9825076K(25159296K), 0.0451086 secs] [Times: user=0.45 sys=0.02, real=0.04 secs] 
2014-04-09T14:35:35.727+0900: 216.184: [GC (Allocation Failure) 216.184: [ParNew: 59008K->6528K(59008K), 0.0499168 secs] 9877556K->9842113K(25159296K), 0.0502628 secs] [Times: user=0.59 sys=0.00, real=0.05 secs] 
2014-04-09T14:35:35.826+0900: 216.282: [GC (Allocation Failure) 216.282: [ParNew: 59008K->6138K(59008K), 0.0442460 secs] 9894593K->9847921K(25159296K), 0.0445729 secs] [Times: user=0.54 sys=0.00, real=0.04 secs] 
2014-04-09T14:35:35.905+0900: 216.362: [GC (Allocation Failure) 216.362: [ParNew: 48740K->2581K(59008K), 0.0398537 secs] 9890522K->9844364K(25159296K), 0.0401898 secs] [Times: user=0.50 sys=0.00, real=0.04 secs] 
2014-04-09T14:35:35.970+0900: 216.427: [GC (Allocation Failure) 216.427: [ParNew: 54827K->3875K(59008K), 0.0416375 secs] 9896610K->9865979K(25159296K), 0.0419759 secs] [Times: user=0.52 sys=0.02, real=0.04 secs] 
2014-04-09T14:35:36.049+0900: 216.505: [GC (Allocation Failure) 216.506: [ParNew: 55081K->6528K(59008K), 0.0541330 secs] 9917185K->9883524K(25159296K), 0.0544620 secs] [Times: user=0.64 sys=0.00, real=0.05 secs] 
2014-04-09T14:35:36.146+0900: 216.603: [GC (Allocation Failure) 216.603: [ParNew: 56900K->6528K(59008K), 0.0523033 secs] 9933896K->9916742K(25159296K), 0.0526313 secs] [Times: user=0.62 sys=0.02, real=0.05 secs] 
2014-04-09T14:35:36.227+0900: 216.684: [GC (Allocation Failure) 216.684: [ParNew: 59008K->6528K(59008K), 0.0419929 secs] 9969222K->9952657K(25159296K), 0.0423309 secs] [Times: user=0.50 sys=0.02, real=0.04 secs] 
2014-04-09T14:35:36.296+0900: 216.753: [GC (Allocation Failure) 216.753: [ParNew: 59008K->6528K(59008K), 0.0353572 secs] 10005137K->9969789K(25159296K), 0.0356993 secs] [Times: user=0.44 sys=0.01, real=0.03 secs] 
2014-04-09T14:35:36.355+0900: 216.812: [GC (Allocation Failure) 216.812: [ParNew: 59008K->6528K(59008K), 0.0446631 secs] 10022269K->9993527K(25159296K), 0.0449901 secs] [Times: user=0.53 sys=0.00, real=0.05 secs] 
2014-04-09T14:35:36.417+0900: 216.874: [GC (Allocation Failure) 216.874: [ParNew: 59008K->6526K(59008K), 0.0415211 secs] 10046007K->10019846K(25159296K), 0.0418541 secs] [Times: user=0.52 sys=0.01, real=0.04 secs] 
2014-04-09T14:35:36.491+0900: 216.948: [GC (Allocation Failure) 216.948: [ParNew: 59006K->6528K(59008K), 0.0505390 secs] 10072326K->10043440K(25159296K), 0.0508701 secs] [Times: user=0.61 sys=0.02, real=0.05 secs] 
2014-04-09T14:35:36.581+0900: 217.038: [GC (Allocation Failure) 217.038: [ParNew: 59008K->6528K(59008K), 0.0510643 secs] 10095920K->10069647K(25159296K), 0.0514008 secs] [Times: user=0.61 sys=0.00, real=0.05 secs] 
2014-04-09T14:35:36.679+0900: 217.136: [GC (Allocation Failure) 217.136: [ParNew: 58754K->6528K(59008K), 0.0415517 secs] 10121873K->10089271K(25159296K), 0.0418776 secs] [Times: user=0.47 sys=0.01, real=0.04 secs] 
2014-04-09T14:35:36.752+0900: 217.209: [GC (Allocation Failure) 217.209: [ParNew: 59008K->6528K(59008K), 0.0487311 secs] 10141751K->10116180K(25159296K), 0.0490731 secs] [Times: user=0.59 sys=0.00, real=0.05 secs] 
2014-04-09T14:35:36.826+0900: 217.283: [GC (Allocation Failure) 217.283: [ParNew: 50471K->6528K(59008K), 0.0375206 secs] 10160123K->10122082K(25159296K), 0.0378527 secs] [Times: user=0.47 sys=0.00, real=0.03 secs] 
2014-04-09T14:35:36.894+0900: 217.350: [GC (Allocation Failure) 217.351: [ParNew: 59008K->6528K(59008K), 0.0526035 secs] 10174562K->10146438K(25159296K), 0.0529317 secs] [Times: user=0.63 sys=0.01, real=0.06 secs] 
2014-04-09T14:35:36.973+0900: 217.429: [GC (Allocation Failure) 217.430: [ParNew: 59008K->6528K(59008K), 0.0465459 secs] 10198918K->10169965K(25159296K), 0.0468870 secs] [Times: user=0.57 sys=0.01, real=0.05 secs] 
2014-04-09T14:35:37.053+0900: 217.510: [GC (Allocation Failure) 217.510: [ParNew: 59008K->6528K(59008K), 0.0512995 secs] 10222445K->10199670K(25159296K), 0.0516228 secs] [Times: user=0.62 sys=0.01, real=0.05 secs] 
2014-04-09T14:35:37.149+0900: 217.606: [GC (Allocation Failure) 217.606: [ParNew: 59006K->6528K(59008K), 0.0517306 secs] 10252149K->10221622K(25159296K), 0.0520559 secs] [Times: user=0.62 sys=0.01, real=0.05 secs] 
2014-04-09T14:35:37.234+0900: 217.691: [GC (Allocation Failure) 217.691: [ParNew: 59008K->6528K(59008K), 0.0471129 secs] 10274102K->10244597K(25159296K), 0.0474413 secs] [Times: user=0.56 sys=0.01, real=0.05 secs] 
2014-04-09T14:35:37.303+0900: 217.759: [GC (Allocation Failure) 217.760: [ParNew: 59008K->6528K(59008K), 0.0397687 secs] 10297077K->10267606K(25159296K), 0.0400956 secs] [Times: user=0.48 sys=0.01, real=0.04 secs] 
2014-04-09T14:35:37.382+0900: 217.839: [GC (Allocation Failure) 217.839: [ParNew: 59008K->6528K(59008K), 0.0477079 secs] 10320086K->10278159K(25159296K), 0.0480426 secs] [Times: user=0.57 sys=0.01, real=0.05 secs] 
2014-04-09T14:35:37.470+0900: 217.926: [GC (Allocation Failure) 217.927: [ParNew: 50124K->6528K(59008K), 0.0439546 secs] 10321755K->10291269K(25159296K), 0.0442871 secs] [Times: user=0.54 sys=0.01, real=0.04 secs] 
2014-04-09T14:35:37.532+0900: 217.989: [GC (Allocation Failure) 217.989: [ParNew: 59008K->6528K(59008K), 0.0469469 secs] 10343749K->10333182K(25159296K), 0.0472773 secs] [Times: user=0.56 sys=0.02, real=0.05 secs] 
2014-04-09T14:35:37.612+0900: 218.069: [GC (Allocation Failure) 218.069: [ParNew: 48864K->6528K(59008K), 0.0500832 secs] 10375518K->10343865K(25159296K), 0.0504104 secs] [Times: user=0.57 sys=0.01, real=0.05 secs] 
2014-04-09T14:35:37.693+0900: 218.150: [GC (Allocation Failure) 218.150: [ParNew: 59008K->6528K(59008K), 0.0497075 secs] 10396345K->10374286K(25159296K), 0.0500467 secs] [Times: user=0.62 sys=0.02, real=0.05 secs] 
2014-04-09T14:35:37.768+0900: 218.225: [GC (Allocation Failure) 218.225: [ParNew: 59008K->6526K(59008K), 0.0394713 secs] 10426766K->10383373K(25159296K), 0.0398072 secs] [Times: user=0.42 sys=0.00, real=0.04 secs] 
2014-04-09T14:35:37.827+0900: 218.284: [GC (Allocation Failure) 218.284: [ParNew: 50795K->6241K(59008K), 0.0420783 secs] 10427643K->10402547K(25159296K), 0.0424080 secs] [Times: user=0.42 sys=0.02, real=0.04 secs] 
2014-04-09T14:35:37.891+0900: 218.348: [GC (Allocation Failure) 218.348: [ParNew: 57608K->4750K(59008K), 0.0432129 secs] 10453914K->10422235K(25159296K), 0.0435461 secs] [Times: user=0.47 sys=0.01, real=0.04 secs] 
2014-04-09T14:35:37.967+0900: 218.424: [GC (Allocation Failure) 218.424: [ParNew: 57230K->6528K(59008K), 0.0473362 secs] 10474715K->10438113K(25159296K), 0.0476715 secs] [Times: user=0.57 sys=0.01, real=0.04 secs] 
2014-04-09T14:35:38.037+0900: 218.493: [GC (Allocation Failure) 218.494: [ParNew: 55282K->6528K(59008K), 0.0483759 secs] 10486867K->10468096K(25159296K), 0.0487073 secs] [Times: user=0.56 sys=0.01, real=0.04 secs] 
2014-04-09T14:35:38.118+0900: 218.575: [GC (Allocation Failure) 218.575: [ParNew: 59008K->6528K(59008K), 0.0490394 secs] 10520576K->10487538K(25159296K), 0.0493746 secs] [Times: user=0.59 sys=0.01, real=0.05 secs] 
2014-04-09T14:35:38.197+0900: 218.654: [GC (Allocation Failure) 218.654: [ParNew: 59006K->6528K(59008K), 0.0458368 secs] 10540016K->10516806K(25159296K), 0.0461684 secs] [Times: user=0.52 sys=0.01, real=0.04 secs] 
2014-04-09T14:35:38.269+0900: 218.726: [GC (Allocation Failure) 218.726: [ParNew: 57347K->6528K(59008K), 0.0495896 secs] 10567625K->10535553K(25159296K), 0.0499241 secs] [Times: user=0.56 sys=0.01, real=0.05 secs] 
2014-04-09T14:35:38.345+0900: 218.802: [GC (Allocation Failure) 218.802: [ParNew: 52635K->6528K(59008K), 0.0455240 secs] 10581660K->10562008K(25159296K), 0.0458499 secs] [Times: user=0.54 sys=0.02, real=0.05 secs] 
2014-04-09T14:35:38.431+0900: 218.887: [GC (Allocation Failure) 218.887: [ParNew: 58949K->6528K(59008K), 0.0440901 secs] 10614430K->10572959K(25159296K), 0.0444270 secs] [Times: user=0.54 sys=0.00, real=0.04 secs] 
2014-04-09T14:35:38.507+0900: 218.964: [GC (Allocation Failure) 218.964: [ParNew: 57552K->6528K(59008K), 0.0474112 secs] 10623983K->10596354K(25159296K), 0.0477535 secs] [Times: user=0.55 sys=0.01, real=0.04 secs] 
2014-04-09T14:35:38.577+0900: 219.034: [GC (Allocation Failure) 219.034: [ParNew: 59008K->6528K(59008K), 0.0413485 secs] 10648834K->10609609K(25159296K), 0.0416766 secs] [Times: user=0.50 sys=0.02, real=0.04 secs] 
2014-04-09T14:35:38.676+0900: 219.133: [GC (Allocation Failure) 219.133: [ParNew: 58980K->6528K(59008K), 0.0399793 secs] 10662062K->10616364K(25159296K), 0.0403080 secs] [Times: user=0.48 sys=0.00, real=0.04 secs] 
2014-04-09T14:35:38.781+0900: 219.237: [GC (Allocation Failure) 219.238: [ParNew: 58499K->2353K(59008K), 0.0417318 secs] 10668335K->10625676K(25159296K), 0.0420618 secs] [Times: user=0.49 sys=0.02, real=0.04 secs] 
2014-04-09T14:35:38.849+0900: 219.305: [GC (Allocation Failure) 219.306: [ParNew: 54229K->6528K(59008K), 0.0420973 secs] 10677552K->10646337K(25159296K), 0.0424226 secs] [Times: user=0.51 sys=0.01, real=0.04 secs] 
2014-04-09T14:35:38.945+0900: 219.402: [GC (Allocation Failure) 219.402: [ParNew: 51347K->6528K(59008K), 0.0411141 secs] 10691157K->10675104K(25159296K), 0.0414435 secs] [Times: user=0.51 sys=0.00, real=0.05 secs] 
2014-04-09T14:35:39.024+0900: 219.481: [GC (Allocation Failure) 219.481: [ParNew: 59008K->6528K(59008K), 0.0464793 secs] 10727584K->10707532K(25159296K), 0.0468192 secs] [Times: user=0.47 sys=0.02, real=0.05 secs] 
2014-04-09T14:35:39.108+0900: 219.565: [GC (Allocation Failure) 219.565: [ParNew: 59006K->6528K(59008K), 0.0409098 secs] 10760010K->10736012K(25159296K), 0.0412403 secs] [Times: user=0.45 sys=0.01, real=0.04 secs] 
2014-04-09T14:35:39.219+0900: 219.676: [GC (Allocation Failure) 219.676: [ParNew: 59008K->6528K(59008K), 0.0552771 secs] 10788492K->10749961K(25159296K), 0.0556030 secs] [Times: user=0.64 sys=0.01, real=0.05 secs] 
2014-04-09T14:35:39.319+0900: 219.776: [GC (Allocation Failure) 219.776: [ParNew: 59008K->6528K(59008K), 0.0512874 secs] 10802441K->10772104K(25159296K), 0.0516248 secs] [Times: user=0.60 sys=0.01, real=0.05 secs] 
2014-04-09T14:35:39.427+0900: 219.884: [GC (Allocation Failure) 219.884: [ParNew: 59008K->6528K(59008K), 0.0401434 secs] 10824584K->10773952K(25159296K), 0.0404727 secs] [Times: user=0.50 sys=0.00, real=0.04 secs] 
2014-04-09T14:35:39.512+0900: 219.969: [GC (Allocation Failure) 219.969: [ParNew: 59008K->5305K(59008K), 0.0474634 secs] 10826432K->10788606K(25159296K), 0.0477970 secs] [Times: user=0.56 sys=0.01, real=0.05 secs] 
2014-04-09T14:35:39.602+0900: 220.059: [GC (Allocation Failure) 220.059: [ParNew: 54118K->6528K(59008K), 0.0384095 secs] 10837418K->10807622K(25159296K), 0.0387514 secs] [Times: user=0.47 sys=0.00, real=0.04 secs] 
2014-04-09T14:35:39.692+0900: 220.149: [GC (Allocation Failure) 220.149: [ParNew: 59008K->6528K(59008K), 0.0397559 secs] 10860102K->10831576K(25159296K), 0.0400893 secs] [Times: user=0.49 sys=0.00, real=0.04 secs] 
2014-04-09T14:35:39.757+0900: 220.214: [CMS-concurrent-mark: 1.919/4.619 secs] [Times: user=43.97 sys=1.09, real=4.62 secs] 
2014-04-09T14:35:39.759+0900: 220.215: [GC (Allocation Failure) 220.215: [ParNew: 59008K->6528K(59008K), 0.0425988 secs] 10884056K->10865340K(25159296K), 0.0428984 secs] [Times: user=0.50 sys=0.02, real=0.04 secs] 
2014-04-09T14:35:39.802+0900: 220.259: [CMS-concurrent-preclean-start]
2014-04-09T14:35:39.821+0900: 220.278: [GC (Allocation Failure) 220.278: [ParNew: 59008K->6528K(59008K), 0.0410789 secs] 10917820K->10885038K(25159296K), 0.0414027 secs] [Times: user=0.50 sys=0.01, real=0.04 secs] 
2014-04-09T14:35:39.907+0900: 220.364: [GC (Allocation Failure) 220.364: [ParNew: 59008K->6528K(59008K), 0.0476057 secs] 10937518K->10907890K(25159296K), 0.0479243 secs] [Times: user=0.56 sys=0.01, real=0.04 secs] 
2014-04-09T14:35:40.008+0900: 220.465: [GC (Allocation Failure) 220.465: [ParNew: 55587K->6528K(59008K), 0.0475716 secs] 10956950K->10922618K(25159296K), 0.0479042 secs] [Times: user=0.45 sys=0.01, real=0.05 secs] 
2014-04-09T14:35:40.098+0900: 220.555: [GC (Allocation Failure) 220.555: [ParNew: 59008K->6528K(59008K), 0.0396659 secs] 10975098K->10937600K(25159296K), 0.0399902 secs] [Times: user=0.48 sys=0.00, real=0.04 secs] 
2014-04-09T14:35:40.201+0900: 220.658: [GC (Allocation Failure) 220.658: [ParNew: 59007K->6528K(59008K), 0.0392934 secs] 10990079K->10953586K(25159296K), 0.0396273 secs] [Times: user=0.44 sys=0.01, real=0.04 secs] 
2014-04-09T14:35:40.359+0900: 220.815: [GC (Allocation Failure) 220.816: [ParNew: 58657K->6528K(59008K), 0.0400512 secs] 11005716K->10959629K(25159296K), 0.0403831 secs] [Times: user=0.48 sys=0.00, real=0.04 secs] 
2014-04-09T14:35:40.496+0900: 220.953: [GC (Allocation Failure) 220.953: [ParNew: 58981K->6528K(59008K), 0.0392899 secs] 11012082K->10971396K(25159296K), 0.0396287 secs] [Times: user=0.49 sys=0.01, real=0.04 secs] 
2014-04-09T14:35:40.556+0900: 221.013: [GC (Allocation Failure) 221.013: [ParNew: 55660K->3011K(59008K), 0.0415271 secs] 11020528K->11000271K(25159296K), 0.0418553 secs] [Times: user=0.49 sys=0.02, real=0.05 secs] 
2014-04-09T14:35:40.651+0900: 221.108: [GC (Allocation Failure) 221.108: [ParNew: 55491K->6528K(59008K), 0.0494872 secs] 11052751K->11030210K(25159296K), 0.0498182 secs] [Times: user=0.57 sys=0.01, real=0.05 secs] 
2014-04-09T14:35:40.757+0900: 221.214: [GC (Allocation Failure) 221.214: [ParNew: 59008K->6528K(59008K), 0.0608953 secs] 11082690K->11050691K(25159296K), 0.0612135 secs] [Times: user=0.48 sys=0.01, real=0.06 secs] 
2014-04-09T14:35:40.884+0900: 221.341: [GC (Allocation Failure) 221.341: [ParNew: 59008K->6118K(59008K), 0.0487053 secs] 11103171K->11056797K(25159296K), 0.0490269 secs] [Times: user=0.56 sys=0.01, real=0.05 secs] 
2014-04-09T14:35:40.993+0900: 221.449: [GC (Allocation Failure) 221.449: [ParNew: 58598K->3831K(59008K), 0.0351373 secs] 11109277K->11054510K(25159296K), 0.0354584 secs] [Times: user=0.44 sys=0.00, real=0.04 secs] 
2014-04-09T14:35:41.061+0900: 221.518: [GC (Allocation Failure) 221.518: [ParNew: 48910K->6528K(59008K), 0.0516347 secs] 11099589K->11077190K(25159296K), 0.0519645 secs] [Times: user=0.62 sys=0.01, real=0.05 secs] 
2014-04-09T14:35:41.161+0900: 221.618: [GC (Allocation Failure) 221.618: [ParNew: 58989K->4353K(59008K), 0.0415414 secs] 11129652K->11097729K(25159296K), 0.0418644 secs] [Times: user=0.50 sys=0.01, real=0.04 secs] 
2014-04-09T14:35:41.224+0900: 221.681: [GC (Allocation Failure) 221.681: [ParNew: 53095K->6528K(59008K), 0.0427877 secs] 11146471K->11119853K(25159296K), 0.0431157 secs] [Times: user=0.52 sys=0.01, real=0.05 secs] 
2014-04-09T14:35:41.288+0900: 221.745: [GC (Allocation Failure) 221.745: [ParNew: 59006K->6528K(59008K), 0.0424312 secs] 11172331K->11156139K(25159296K), 0.0427574 secs] [Times: user=0.51 sys=0.01, real=0.04 secs] 
2014-04-09T14:35:41.380+0900: 221.837: [GC (Allocation Failure) 221.837: [ParNew: 59007K->6528K(59008K), 0.0606859 secs] 11208618K->11183213K(25159296K), 0.0610059 secs] [Times: user=0.61 sys=0.02, real=0.06 secs] 
2014-04-09T14:35:41.494+0900: 221.951: [GC (Allocation Failure) 221.951: [ParNew: 59008K->6528K(59008K), 0.0548653 secs] 11235693K->11203020K(25159296K), 0.0551874 secs] [Times: user=0.57 sys=0.01, real=0.06 secs] 
2014-04-09T14:35:41.619+0900: 222.076: [GC (Allocation Failure) 222.076: [ParNew: 59008K->6274K(59008K), 0.0404827 secs] 11255500K->11209277K(25159296K), 0.0408082 secs] [Times: user=0.48 sys=0.00, real=0.04 secs] 
2014-04-09T14:35:41.728+0900: 222.185: [GC (Allocation Failure) 222.185: [ParNew: 55093K->5774K(59008K), 0.0374625 secs] 11258096K->11208777K(25159296K), 0.0377947 secs] [Times: user=0.46 sys=0.01, real=0.03 secs] 
2014-04-09T14:35:41.822+0900: 222.279: [GC (Allocation Failure) 222.279: [ParNew: 58234K->1016K(59008K), 0.0395969 secs] 11261237K->11222996K(25159296K), 0.0399264 secs] [Times: user=0.48 sys=0.00, real=0.04 secs] 
2014-04-09T14:35:41.893+0900: 222.350: [GC (Allocation Failure) 222.350: [ParNew: 51563K->439K(59008K), 0.0357403 secs] 11273543K->11242820K(25159296K), 0.0360710 secs] [Times: user=0.44 sys=0.01, real=0.04 secs] 
2014-04-09T14:35:41.966+0900: 222.422: [GC (Allocation Failure) 222.423: [ParNew: 52919K->6528K(59008K), 0.0489703 secs] 11295300K->11276180K(25159296K), 0.0493010 secs] [Times: user=0.59 sys=0.01, real=0.05 secs] 
2014-04-09T14:35:42.119+0900: 222.576: [GC (Allocation Failure) 222.576: [ParNew: 59008K->6528K(59008K), 0.0528662 secs] 11328660K->11291000K(25159296K), 0.0532017 secs] [Times: user=0.59 sys=0.01, real=0.05 secs] 
2014-04-09T14:35:42.262+0900: 222.718: [GC (Allocation Failure) 222.719: [ParNew: 59008K->6528K(59008K), 0.0418334 secs] 11343480K->11306009K(25159296K), 0.0421702 secs] [Times: user=0.46 sys=0.01, real=0.04 secs] 
2014-04-09T14:35:42.512+0900: 222.969: [CMS-concurrent-preclean: 1.353/2.710 secs] [Times: user=16.75 sys=0.36, real=2.71 secs] 
2014-04-09T14:35:42.512+0900: 222.969: [CMS-concurrent-abortable-preclean-start]
2014-04-09T14:35:44.590+0900: 225.047: [GC (Allocation Failure) 225.047: [ParNew: 59007K->6528K(59008K), 0.0536502 secs] 11358488K->11335402K(25159296K), 0.0540014 secs] [Times: user=0.63 sys=0.01, real=0.05 secs] 
2014-04-09T14:35:44.780+0900: 225.236: [CMS-concurrent-abortable-preclean: 1.508/2.268 secs] [Times: user=2.32 sys=0.03, real=2.27 secs] 
2014-04-09T14:35:44.781+0900: 225.238: [GC (Allocation Failure) 225.238: [ParNew: 59008K->6528K(59008K), 0.0464125 secs] 11387882K->11347449K(25159296K), 0.0467317 secs] [Times: user=0.55 sys=0.00, real=0.05 secs] 
2014-04-09T14:35:44.830+0900: 225.286: [GC (CMS Final Remark) [YG occupancy: 6621 K (59008 K)]225.287: [Rescan (parallel) , 0.0193932 secs]225.306: [weak refs processing, 0.0001327 secs]225.306: [class unloading, 0.0594750 secs]225.366: [scrub symbol table, 0.0048491 secs]225.371: [scrub string table, 0.0014023 secs][1 CMS-remark: 11340921K(25100288K)] 11347543K(25159296K), 0.0922869 secs] [Times: user=0.31 sys=0.00, real=0.09 secs] 
2014-04-09T14:35:44.923+0900: 225.380: [CMS-concurrent-sweep-start]
2014-04-09T14:35:45.016+0900: 225.473: [GC (Allocation Failure) 225.473: [ParNew: 59008K->6528K(59008K), 0.0515130 secs] 11398026K->11357622K(25159296K), 0.0518608 secs] [Times: user=0.58 sys=0.01, real=0.06 secs] 
2014-04-09T14:35:45.087+0900: 225.544: [GC (Allocation Failure) 225.544: [ParNew: 59008K->5071K(59008K), 0.0392708 secs] 11409773K->11360732K(25159296K), 0.0396049 secs] [Times: user=0.47 sys=0.01, real=0.04 secs] 
2014-04-09T14:35:45.148+0900: 225.604: [GC (Allocation Failure) 225.605: [ParNew: 57551K->1270K(59008K), 0.0343406 secs] 11412900K->11356620K(25159296K), 0.0347217 secs] [Times: user=0.43 sys=0.00, real=0.03 secs] 
2014-04-09T14:35:45.204+0900: 225.661: [GC (Allocation Failure) 225.661: [ParNew: 53750K->320K(59008K), 0.0339769 secs] 11408842K->11355412K(25159296K), 0.0343188 secs] [Times: user=0.43 sys=0.01, real=0.04 secs] 
2014-04-09T14:35:45.260+0900: 225.717: [GC (Allocation Failure) 225.717: [ParNew: 52800K->89K(59008K), 0.0348712 secs] 11407649K->11354938K(25159296K), 0.0352031 secs] [Times: user=0.45 sys=0.00, real=0.03 secs] 
2014-04-09T14:35:45.318+0900: 225.775: [GC (Allocation Failure) 225.775: [ParNew: 52569K->38K(59008K), 0.0354425 secs] 11407340K->11354809K(25159296K), 0.0357757 secs] [Times: user=0.45 sys=0.00, real=0.03 secs] 
2014-04-09T14:35:45.378+0900: 225.835: [GC (Allocation Failure) 225.835: [ParNew: 52518K->36K(59008K), 0.0356327 secs] 11406717K->11354235K(25159296K), 0.0359658 secs] [Times: user=0.45 sys=0.00, real=0.03 secs] 
2014-04-09T14:35:45.439+0900: 225.895: [GC (Allocation Failure) 225.896: [ParNew: 52516K->26K(59008K), 0.0339308 secs] 11406088K->11353612K(25159296K), 0.0342619 secs] [Times: user=0.42 sys=0.00, real=0.03 secs] 
2014-04-09T14:35:45.495+0900: 225.952: [GC (Allocation Failure) 225.952: [ParNew: 52506K->26K(59008K), 0.0341424 secs] 11405550K->11353071K(25159296K), 0.0344848 secs] [Times: user=0.43 sys=0.01, real=0.04 secs] 
2014-04-09T14:35:45.551+0900: 226.008: [GC (Allocation Failure) 226.008: [ParNew: 52506K->26K(59008K), 0.0332545 secs] 11405223K->11352744K(25159296K), 0.0335838 secs] [Times: user=0.40 sys=0.01, real=0.03 secs] 
2014-04-09T14:35:45.606+0900: 226.063: [GC (Allocation Failure) 226.063: [ParNew: 52506K->26K(59008K), 0.0339874 secs] 11404727K->11352247K(25159296K), 0.0343198 secs] [Times: user=0.42 sys=0.00, real=0.03 secs] 
2014-04-09T14:35:45.664+0900: 226.121: [GC (Allocation Failure) 226.121: [ParNew: 52506K->26K(59008K), 0.0351225 secs] 11404357K->11351877K(25159296K), 0.0354634 secs] [Times: user=0.44 sys=0.00, real=0.04 secs] 
2014-04-09T14:35:45.723+0900: 226.180: [GC (Allocation Failure) 226.180: [ParNew: 52506K->26K(59008K), 0.0343090 secs] 11403763K->11351283K(25159296K), 0.0346533 secs] [Times: user=0.43 sys=0.00, real=0.04 secs] 
2014-04-09T14:35:45.781+0900: 226.238: [GC (Allocation Failure) 226.238: [ParNew: 52506K->26K(59008K), 0.0356471 secs] 11403303K->11350823K(25159296K), 0.0359714 secs] [Times: user=0.45 sys=0.00, real=0.04 secs] 
2014-04-09T14:35:45.840+0900: 226.297: [GC (Allocation Failure) 226.297: [ParNew: 52506K->26K(59008K), 0.0332822 secs] 11402790K->11350310K(25159296K), 0.0336111 secs] [Times: user=0.42 sys=0.00, real=0.03 secs] 
2014-04-09T14:35:45.896+0900: 226.352: [GC (Allocation Failure) 226.353: [ParNew: 52506K->26K(59008K), 0.0326131 secs] 11402060K->11349580K(25159296K), 0.0329411 secs] [Times: user=0.41 sys=0.00, real=0.04 secs] 
2014-04-09T14:35:45.948+0900: 226.404: [GC (Allocation Failure) 226.405: [ParNew: 52506K->26K(59008K), 0.0352449 secs] 11401315K->11348836K(25159296K), 0.0355719 secs] [Times: user=0.44 sys=0.00, real=0.03 secs] 
2014-04-09T14:35:46.002+0900: 226.459: [GC (Allocation Failure) 226.459: [ParNew: 52506K->18K(59008K), 0.0329106 secs] 11398321K->11345834K(25159296K), 0.0332449 secs] [Times: user=0.42 sys=0.00, real=0.03 secs] 
2014-04-09T14:35:46.056+0900: 226.513: [GC (Allocation Failure) 226.513: [ParNew: 52498K->18K(59008K), 0.0341474 secs] 11392866K->11340386K(25159296K), 0.0344720 secs] [Times: user=0.43 sys=0.00, real=0.03 secs] 
2014-04-09T14:35:47.051+0900: 227.508: [CMS-concurrent-sweep: 1.410/2.128 secs] [Times: user=12.47 sys=0.07, real=2.13 secs] 
2014-04-09T14:35:47.051+0900: 227.508: [CMS-concurrent-reset-start]
2014-04-09T14:35:47.117+0900: 227.574: [CMS-concurrent-reset: 0.064/0.066 secs] [Times: user=0.06 sys=0.00, real=0.06 secs] 
2014-04-09T14:35:49.118+0900: 229.574: [GC (CMS Initial Mark) [1 CMS-initial-mark: 9928951K(25100288K)] 9954012K(25159296K), 0.0057800 secs] [Times: user=0.06 sys=0.00, real=0.00 secs] 
2014-04-09T14:35:49.124+0900: 229.581: [CMS-concurrent-mark-start]
2014-04-09T14:35:50.707+0900: 231.164: [CMS-concurrent-mark: 1.583/1.583 secs] [Times: user=6.01 sys=0.19, real=1.59 secs] 
2014-04-09T14:35:50.708+0900: 231.164: [CMS-concurrent-preclean-start]
2014-04-09T14:35:50.782+0900: 231.238: [CMS-concurrent-preclean: 0.074/0.074 secs] [Times: user=0.07 sys=0.00, real=0.07 secs] 
2014-04-09T14:35:50.782+0900: 231.239: [CMS-concurrent-abortable-preclean-start]
2014-04-09T14:35:55.611+0900: 236.068: [GC (Allocation Failure) 236.068: [ParNew: 52498K->307K(59008K), 0.0341771 secs] 9981449K->9929258K(25159296K), 0.0345123 secs] [Times: user=0.42 sys=0.00, real=0.03 secs] 
2014-04-09T14:35:55.671+0900: 236.128: [GC (Allocation Failure) 236.128: [ParNew: 52787K->424K(59008K), 0.0361263 secs] 9981738K->9929376K(25159296K), 0.0364537 secs] [Times: user=0.45 sys=0.00, real=0.03 secs] 
2014-04-09T14:35:55.737+0900: 236.194: [GC (Allocation Failure) 236.194: [ParNew: 52904K->489K(59008K), 0.0345146 secs] 9981856K->9929440K(25159296K), 0.0348409 secs] [Times: user=0.43 sys=0.00, real=0.04 secs] 
 CMS: abort preclean due to time 2014-04-09T14:35:55.866+0900: 236.323: [CMS-concurrent-abortable-preclean: 2.960/5.084 secs] [Times: user=4.84 sys=0.03, real=5.08 secs] 
2014-04-09T14:35:55.867+0900: 236.324: [GC (Allocation Failure) 236.324: [ParNew: 52969K->442K(59008K), 0.0346366 secs] 9981920K->9929394K(25159296K), 0.0349480 secs] [Times: user=0.43 sys=0.01, real=0.04 secs] 
2014-04-09T14:35:55.904+0900: 236.361: [GC (CMS Final Remark) [YG occupancy: 626 K (59008 K)]236.361: [Rescan (parallel) , 0.0149409 secs]236.376: [weak refs processing, 0.0000700 secs]236.376: [class unloading, 0.0455684 secs]236.422: [scrub symbol table, 0.0048632 secs]236.427: [scrub string table, 0.0014032 secs][1 CMS-remark: 9928951K(25100288K)] 9929578K(25159296K), 0.0738787 secs] [Times: user=0.24 sys=0.00, real=0.07 secs] 
2014-04-09T14:35:55.979+0900: 236.436: [CMS-concurrent-sweep-start]
2014-04-09T14:35:56.006+0900: 236.463: [GC (Allocation Failure) 236.463: [ParNew: 52922K->516K(59008K), 0.0338162 secs] 9981723K->9929316K(25159296K), 0.0341388 secs] [Times: user=0.42 sys=0.01, real=0.04 secs] 
2014-04-09T14:35:56.068+0900: 236.524: [GC (Allocation Failure) 236.525: [ParNew: 52996K->443K(59008K), 0.0344123 secs] 9981598K->9929045K(25159296K), 0.0347430 secs] [Times: user=0.44 sys=0.00, real=0.04 secs] 
2014-04-09T14:35:56.130+0900: 236.587: [GC (Allocation Failure) 236.587: [ParNew: 52923K->249K(59008K), 0.0336950 secs] 9981396K->9929003K(25159296K), 0.0339952 secs] [Times: user=0.41 sys=0.01, real=0.03 secs] 
2014-04-09T14:35:56.187+0900: 236.644: [GC (Allocation Failure) 236.644: [ParNew: 52729K->77K(59008K), 0.0338533 secs] 9981369K->9928719K(25159296K), 0.0341494 secs] [Times: user=0.41 sys=0.01, real=0.04 secs] 
2014-04-09T14:35:56.243+0900: 236.700: [GC (Allocation Failure) 236.700: [ParNew: 52557K->37K(59008K), 0.0381621 secs] 9981149K->9928632K(25159296K), 0.0384566 secs] [Times: user=0.47 sys=0.01, real=0.04 secs] 
2014-04-09T14:35:56.304+0900: 236.760: [GC (Allocation Failure) 236.760: [ParNew: 52517K->26K(59008K), 0.0349546 secs] 9980683K->9928208K(25159296K), 0.0352533 secs] [Times: user=0.43 sys=0.00, real=0.04 secs] 
2014-04-09T14:35:56.361+0900: 236.818: [GC (Allocation Failure) 236.818: [ParNew: 52506K->26K(59008K), 0.0347121 secs] 9980222K->9927742K(25159296K), 0.0350059 secs] [Times: user=0.44 sys=0.00, real=0.03 secs] 
2014-04-09T14:35:56.418+0900: 236.875: [GC (Allocation Failure) 236.875: [ParNew: 52506K->26K(59008K), 0.0329883 secs] 9980143K->9927663K(25159296K), 0.0332821 secs] [Times: user=0.41 sys=0.01, real=0.04 secs] 
2014-04-09T14:35:56.473+0900: 236.930: [GC (Allocation Failure) 236.930: [ParNew: 52506K->26K(59008K), 0.0354620 secs] 9980096K->9927618K(25159296K), 0.0357569 secs] [Times: user=0.45 sys=0.00, real=0.04 secs] 
2014-04-09T14:35:56.531+0900: 236.987: [GC (Allocation Failure) 236.987: [ParNew: 52506K->22K(59008K), 0.0342305 secs] 9980044K->9927560K(25159296K), 0.0345245 secs] [Times: user=0.43 sys=0.00, real=0.03 secs] 
2014-04-09T14:35:56.587+0900: 237.044: [GC (Allocation Failure) 237.044: [ParNew: 52502K->26K(59008K), 0.0340510 secs] 9979687K->9927211K(25159296K), 0.0343445 secs] [Times: user=0.42 sys=0.01, real=0.04 secs] 
2014-04-09T14:35:56.645+0900: 237.102: [GC (Allocation Failure) 237.102: [ParNew: 52506K->46K(59008K), 0.0339130 secs] 9978891K->9926431K(25159296K), 0.0342074 secs] [Times: user=0.42 sys=0.00, real=0.04 secs] 
2014-04-09T14:35:56.705+0900: 237.161: [GC (Allocation Failure) 237.161: [ParNew: 52526K->48K(59008K), 0.0345842 secs] 9978147K->9925670K(25159296K), 0.0348825 secs] [Times: user=0.43 sys=0.00, real=0.04 secs] 
2014-04-09T14:35:56.763+0900: 237.220: [GC (Allocation Failure) 237.220: [ParNew: 52528K->54K(59008K), 0.0336584 secs] 9977859K->9925385K(25159296K), 0.0339483 secs] [Times: user=0.42 sys=0.00, real=0.03 secs] 
2014-04-09T14:35:56.820+0900: 237.277: [GC (Allocation Failure) 237.277: [ParNew: 52534K->52K(59008K), 0.0315607 secs] 9977737K->9925255K(25159296K), 0.0318467 secs] [Times: user=0.40 sys=0.00, real=0.03 secs] 
2014-04-09T14:35:56.875+0900: 237.332: [GC (Allocation Failure) 237.332: [ParNew: 52532K->58K(59008K), 0.0334714 secs] 9977292K->9924817K(25159296K), 0.0337664 secs] [Times: user=0.42 sys=0.00, real=0.04 secs] 
2014-04-09T14:35:56.935+0900: 237.392: [GC (Allocation Failure) 237.392: [ParNew: 52538K->69K(59008K), 0.0328389 secs] 9976669K->9924201K(25159296K), 0.0331287 secs] [Times: user=0.40 sys=0.01, real=0.03 secs] 
2014-04-09T14:35:56.991+0900: 237.448: [GC (Allocation Failure) 237.448: [ParNew: 52549K->36K(59008K), 0.0333835 secs] 9975913K->9923423K(25159296K), 0.0336748 secs] [Times: user=0.41 sys=0.00, real=0.03 secs] 
2014-04-09T14:35:57.046+0900: 237.503: [GC (Allocation Failure) 237.503: [ParNew: 52516K->34K(59008K), 0.0326799 secs] 9974452K->9921970K(25159296K), 0.0329651 secs] [Times: user=0.40 sys=0.01, real=0.04 secs] 
2014-04-09T14:35:57.100+0900: 237.557: [GC (Allocation Failure) 237.557: [ParNew: 52514K->32K(59008K), 0.0358403 secs] 9973521K->9921046K(25159296K), 0.0361250 secs] [Times: user=0.45 sys=0.01, real=0.03 secs] 
2014-04-09T14:35:57.159+0900: 237.616: [GC (Allocation Failure) 237.616: [ParNew: 52512K->28K(59008K), 0.0349079 secs] 9971764K->9919280K(25159296K), 0.0352128 secs] [Times: user=0.43 sys=0.00, real=0.03 secs] 
2014-04-09T14:35:57.217+0900: 237.674: [GC (Allocation Failure) 237.674: [ParNew: 52508K->26K(59008K), 0.0336456 secs] 9969911K->9917435K(25159296K), 0.0339382 secs] [Times: user=0.41 sys=0.00, real=0.04 secs] 
2014-04-09T14:35:57.275+0900: 237.731: [GC (Allocation Failure) 237.732: [ParNew: 52506K->26K(59008K), 0.0316816 secs] 9968001K->9915521K(25159296K), 0.0319585 secs] [Times: user=0.39 sys=0.00, real=0.03 secs] 
2014-04-09T14:35:57.330+0900: 237.787: [GC (Allocation Failure) 237.787: [ParNew: 52506K->26K(59008K), 0.0328261 secs] 9966674K->9914194K(25159296K), 0.0331058 secs] [Times: user=0.41 sys=0.00, real=0.03 secs] 
2014-04-09T14:35:57.390+0900: 237.846: [GC (Allocation Failure) 237.847: [ParNew: 52506K->24K(59008K), 0.0324262 secs] 9964484K->9912002K(25159296K), 0.0327139 secs] [Times: user=0.40 sys=0.01, real=0.03 secs] 
2014-04-09T14:35:57.447+0900: 237.904: [GC (Allocation Failure) 237.904: [ParNew: 52504K->40K(59008K), 0.0333581 secs] 9962581K->9910118K(25159296K), 0.0336440 secs] [Times: user=0.42 sys=0.01, real=0.04 secs] 
2014-04-09T14:35:57.502+0900: 237.959: [GC (Allocation Failure) 237.959: [ParNew: 52520K->62K(59008K), 0.0328082 secs] 9960645K->9908188K(25159296K), 0.0330894 secs] [Times: user=0.41 sys=0.00, real=0.03 secs] 
2014-04-09T14:35:57.556+0900: 238.013: [GC (Allocation Failure) 238.013: [ParNew: 52542K->122K(59008K), 0.0317747 secs] 9958317K->9905898K(25159296K), 0.0320578 secs] [Times: user=0.40 sys=0.00, real=0.03 secs] 
2014-04-09T14:35:57.610+0900: 238.067: [GC (Allocation Failure) 238.067: [ParNew: 52602K->196K(59008K), 0.0328324 secs] 9957111K->9904706K(25159296K), 0.0331152 secs] [Times: user=0.41 sys=0.00, real=0.03 secs] 
2014-04-09T14:35:57.665+0900: 238.121: [GC (Allocation Failure) 238.121: [ParNew: 52676K->2568K(59008K), 0.0333083 secs] 9956284K->9906176K(25159296K), 0.0335948 secs] [Times: user=0.41 sys=0.01, real=0.03 secs] 
2014-04-09T14:35:57.722+0900: 238.179: [GC (Allocation Failure) 238.179: [ParNew: 50636K->5443K(59008K), 0.0313642 secs] 9953406K->9916405K(25159296K), 0.0316471 secs] [Times: user=0.40 sys=0.00, real=0.03 secs] 
2014-04-09T14:35:57.782+0900: 238.238: [GC (Allocation Failure) 238.239: [ParNew: 57923K->5897K(59008K), 0.0352136 secs] 9968001K->9941039K(25159296K), 0.0354910 secs] [Times: user=0.43 sys=0.00, real=0.03 secs] 
2014-04-09T14:35:57.839+0900: 238.296: [GC (Allocation Failure) 238.296: [ParNew: 58377K->1215K(59008K), 0.0429538 secs] 9992864K->9976150K(25159296K), 0.0432328 secs] [Times: user=0.55 sys=0.00, real=0.04 secs] 
2014-04-09T14:35:57.901+0900: 238.358: [GC (Allocation Failure) 238.358: [ParNew: 46639K->6520K(59008K), 0.0365380 secs] 10020621K->10002876K(25159296K), 0.0368146 secs] [Times: user=0.45 sys=0.00, real=0.03 secs] 
2014-04-09T14:35:57.954+0900: 238.411: [GC (Allocation Failure) 238.411: [ParNew: 58988K->6528K(59008K), 0.0416736 secs] 10055054K->10032173K(25159296K), 0.0419621 secs] [Times: user=0.52 sys=0.01, real=0.04 secs] 
2014-04-09T14:35:58.013+0900: 238.470: [GC (Allocation Failure) 238.470: [ParNew: 56973K->6528K(59008K), 0.0394640 secs] 10081912K->10051437K(25159296K), 0.0397460 secs] [Times: user=0.49 sys=0.01, real=0.04 secs] 
2014-04-09T14:35:58.073+0900: 238.529: [GC (Allocation Failure) 238.529: [ParNew: 59008K->6528K(59008K), 0.0390370 secs] 10103325K->10072366K(25159296K), 0.0393164 secs] [Times: user=0.49 sys=0.00, real=0.04 secs] 
2014-04-09T14:35:58.135+0900: 238.592: [GC (Allocation Failure) 238.592: [ParNew: 54148K->260K(59008K), 0.0355946 secs] 10119330K->10092231K(25159296K), 0.0358712 secs] [Times: user=0.44 sys=0.00, real=0.04 secs] 
2014-04-09T14:35:58.196+0900: 238.653: [GC (Allocation Failure) 238.653: [ParNew: 52282K->6528K(59008K), 0.0356568 secs] 10143821K->10121903K(25159296K), 0.0359434 secs] [Times: user=0.45 sys=0.00, real=0.04 secs] 
2014-04-09T14:35:58.254+0900: 238.711: [GC (Allocation Failure) 238.711: [ParNew: 55372K->6528K(59008K), 0.0442375 secs] 10169853K->10145960K(25159296K), 0.0445138 secs] [Times: user=0.54 sys=0.00, real=0.05 secs] 
2014-04-09T14:35:58.328+0900: 238.785: [GC (Allocation Failure) 238.785: [ParNew: 53768K->6528K(59008K), 0.0472284 secs] 10191804K->10174092K(25159296K), 0.0475037 secs] [Times: user=0.57 sys=0.00, real=0.05 secs] 
2014-04-09T14:35:58.402+0900: 238.859: [GC (Allocation Failure) 238.859: [ParNew: 59008K->6528K(59008K), 0.0483632 secs] 10224426K->10204886K(25159296K), 0.0486366 secs] [Times: user=0.58 sys=0.01, real=0.05 secs] 
2014-04-09T14:35:58.470+0900: 238.927: [GC (Allocation Failure) 238.927: [ParNew: 59008K->6528K(59008K), 0.0393723 secs] 10256746K->10222543K(25159296K), 0.0396517 secs] [Times: user=0.48 sys=0.01, real=0.04 secs] 
2014-04-09T14:35:58.539+0900: 238.996: [GC (Allocation Failure) 238.996: [ParNew: 59008K->6528K(59008K), 0.0446322 secs] 10274209K->10242384K(25159296K), 0.0449105 secs] [Times: user=0.54 sys=0.00, real=0.04 secs] 
2014-04-09T14:35:58.626+0900: 239.083: [GC (Allocation Failure) 239.083: [ParNew: 59008K->6528K(59008K), 0.0467355 secs] 10294126K->10251546K(25159296K), 0.0470182 secs] [Times: user=0.56 sys=0.01, real=0.05 secs] 
2014-04-09T14:35:58.720+0900: 239.177: [GC (Allocation Failure) 239.177: [ParNew: 59008K->6528K(59008K), 0.0438212 secs] 10303288K->10264469K(25159296K), 0.0441150 secs] [Times: user=0.54 sys=0.00, real=0.04 secs] 
2014-04-09T14:35:58.793+0900: 239.250: [GC (Allocation Failure) 239.250: [ParNew: 59008K->5507K(59008K), 0.0439953 secs] 10316657K->10298500K(25159296K), 0.0442832 secs] [Times: user=0.53 sys=0.01, real=0.04 secs] 
2014-04-09T14:35:58.860+0900: 239.317: [GC (Allocation Failure) 239.317: [ParNew: 57987K->3518K(59008K), 0.0448045 secs] 10350357K->10336610K(25159296K), 0.0450855 secs] [Times: user=0.56 sys=0.00, real=0.04 secs] 
2014-04-09T14:35:58.929+0900: 239.386: [GC (Allocation Failure) 239.386: [ParNew: 55998K->6528K(59008K), 0.0421685 secs] 10386742K->10360579K(25159296K), 0.0424454 secs] [Times: user=0.44 sys=0.02, real=0.04 secs] 
2014-04-09T14:35:58.987+0900: 239.444: [GC (Allocation Failure) 239.444: [ParNew: 59006K->6528K(59008K), 0.0461073 secs] 10412119K->10385216K(25159296K), 0.0463928 secs] [Times: user=0.54 sys=0.00, real=0.05 secs] 
2014-04-09T14:35:59.050+0900: 239.507: [GC (Allocation Failure) 239.507: [ParNew: 49115K->6528K(59008K), 0.0449297 secs] 10427091K->10404275K(25159296K), 0.0452091 secs] [Times: user=0.55 sys=0.00, real=0.04 secs] 
2014-04-09T14:35:59.115+0900: 239.572: [GC (Allocation Failure) 239.572: [ParNew: 59008K->6528K(59008K), 0.0462599 secs] 10454863K->10432974K(25159296K), 0.0465369 secs] [Times: user=0.49 sys=0.01, real=0.05 secs] 
2014-04-09T14:35:59.181+0900: 239.638: [GC (Allocation Failure) 239.638: [ParNew: 59008K->6528K(59008K), 0.0473466 secs] 10484782K->10458774K(25159296K), 0.0476313 secs] [Times: user=0.54 sys=0.01, real=0.05 secs] 
2014-04-09T14:35:59.244+0900: 239.701: [GC (Allocation Failure) 239.701: [ParNew: 55685K->6528K(59008K), 0.0426116 secs] 10507079K->10474270K(25159296K), 0.0429013 secs] [Times: user=0.49 sys=0.00, real=0.04 secs] 
2014-04-09T14:35:59.304+0900: 239.761: [GC (Allocation Failure) 239.761: [ParNew: 59008K->6528K(59008K), 0.0443678 secs] 10525715K->10501966K(25159296K), 0.0446577 secs] [Times: user=0.54 sys=0.01, real=0.05 secs] 
2014-04-09T14:35:59.371+0900: 239.828: [GC (Allocation Failure) 239.828: [ParNew: 59008K->6528K(59008K), 0.0502445 secs] 10553619K->10512491K(25159296K), 0.0505322 secs] [Times: user=0.62 sys=0.00, real=0.05 secs] 
2014-04-09T14:35:59.442+0900: 239.899: [GC (Allocation Failure) 239.899: [ParNew: 59008K->6528K(59008K), 0.0487217 secs] 10563741K->10528995K(25159296K), 0.0490080 secs] [Times: user=0.58 sys=0.01, real=0.05 secs] 
2014-04-09T14:35:59.519+0900: 239.976: [GC (Allocation Failure) 239.976: [ParNew: 57095K->6528K(59008K), 0.0466504 secs] 10578637K->10537126K(25159296K), 0.0469338 secs] [Times: user=0.57 sys=0.00, real=0.04 secs] 
2014-04-09T14:35:59.588+0900: 240.045: [GC (Allocation Failure) 240.045: [ParNew: 59008K->6528K(59008K), 0.0442334 secs] 10589109K->10562437K(25159296K), 0.0445351 secs] [Times: user=0.48 sys=0.00, real=0.05 secs] 
2014-04-09T14:35:59.653+0900: 240.110: [GC (Allocation Failure) 240.110: [ParNew: 58985K->6528K(59008K), 0.0464144 secs] 10614090K->10572713K(25159296K), 0.0466985 secs] [Times: user=0.57 sys=0.01, real=0.05 secs] 
2014-04-09T14:35:59.724+0900: 240.181: [GC (Allocation Failure) 240.181: [ParNew: 59008K->6528K(59008K), 0.0442258 secs] 10624234K->10588331K(25159296K), 0.0445383 secs] [Times: user=0.54 sys=0.01, real=0.05 secs] 
2014-04-09T14:35:59.805+0900: 240.262: [GC (Allocation Failure) 240.262: [ParNew: 59008K->3999K(59008K), 0.0393233 secs] 10638775K->10612260K(25159296K), 0.0396359 secs] [Times: user=0.48 sys=0.00, real=0.04 secs] 
2014-04-09T14:35:59.874+0900: 240.330: [GC (Allocation Failure) 240.331: [ParNew: 56479K->1006K(59008K), 0.0447331 secs] 10663424K->10638592K(25159296K), 0.0450321 secs] [Times: user=0.56 sys=0.00, real=0.05 secs] 
2014-04-09T14:35:59.937+0900: 240.394: [GC (Allocation Failure) 240.394: [ParNew: 53486K->6514K(59008K), 0.0383865 secs] 10688532K->10661989K(25159296K), 0.0386860 secs] [Times: user=0.49 sys=0.01, real=0.04 secs] 
2014-04-09T14:35:59.996+0900: 240.453: [GC (Allocation Failure) 240.453: [ParNew: 58991K->6522K(59008K), 0.0372009 secs] 10712675K->10679856K(25159296K), 0.0375051 secs] [Times: user=0.46 sys=0.00, real=0.04 secs] 
2014-04-09T14:36:00.055+0900: 240.512: [GC (Allocation Failure) 240.512: [ParNew: 59000K->6528K(59008K), 0.0410275 secs] 10730783K->10706555K(25159296K), 0.0413276 secs] [Times: user=0.49 sys=0.01, real=0.04 secs] 
2014-04-09T14:36:00.120+0900: 240.577: [GC (Allocation Failure) 240.577: [ParNew: 53672K->6528K(59008K), 0.0483397 secs] 10752677K->10732014K(25159296K), 0.0486479 secs] [Times: user=0.60 sys=0.01, real=0.04 secs] 
2014-04-09T14:36:00.203+0900: 240.660: [GC (Allocation Failure) 240.660: [ParNew: 58823K->6528K(59008K), 0.0507932 secs] 10783596K->10766561K(25159296K), 0.0511011 secs] [Times: user=0.49 sys=0.02, real=0.05 secs] 
2014-04-09T14:36:00.283+0900: 240.740: [GC (Allocation Failure) 240.740: [ParNew: 59006K->6528K(59008K), 0.0500663 secs] 10817750K->10807051K(25159296K), 0.0503674 secs] [Times: user=0.55 sys=0.01, real=0.05 secs] 
2014-04-09T14:36:00.352+0900: 240.809: [GC (Allocation Failure) 240.809: [ParNew: 59008K->6528K(59008K), 0.0495240 secs] 10855279K->10821383K(25159296K), 0.0498253 secs] [Times: user=0.56 sys=0.01, real=0.05 secs] 
2014-04-09T14:36:00.437+0900: 240.894: [GC (Allocation Failure) 240.894: [ParNew: 59008K->6528K(59008K), 0.0509846 secs] 10865316K->10829339K(25159296K), 0.0512821 secs] [Times: user=0.62 sys=0.01, real=0.05 secs] 
2014-04-09T14:36:00.522+0900: 240.979: [CMS-concurrent-sweep: 1.581/4.543 secs] [Times: user=43.94 sys=0.70, real=4.54 secs] 
2014-04-09T14:36:00.522+0900: 240.979: [CMS-concurrent-reset-start]
2014-04-09T14:36:00.549+0900: 241.005: [GC (Allocation Failure) 241.006: [ParNew: 59008K->5155K(59008K), 0.0379729 secs] 9744581K->9695512K(25159296K), 0.0382641 secs] [Times: user=0.47 sys=0.00, real=0.04 secs] 
2014-04-09T14:36:00.631+0900: 241.088: [CMS-concurrent-reset: 0.069/0.109 secs] [Times: user=0.67 sys=0.00, real=0.11 secs] 
2014-04-09T14:36:00.649+0900: 241.105: [GC (Allocation Failure) 241.106: [ParNew: 53890K->6220K(59008K), 0.0347600 secs] 9744247K->9704769K(25159296K), 0.0350278 secs] [Times: user=0.43 sys=0.00, real=0.04 secs] 
2014-04-09T14:36:00.687+0900: 241.144: [GC (CMS Initial Mark) [1 CMS-initial-mark: 9698548K(25100288K)] 9712961K(25159296K), 0.0022437 secs] [Times: user=0.01 sys=0.01, real=0.00 secs] 
2014-04-09T14:36:00.690+0900: 241.146: [CMS-concurrent-mark-start]
2014-04-09T14:36:00.747+0900: 241.203: [GC (Allocation Failure) 241.204: [ParNew: 58698K->1818K(59008K), 0.0441654 secs] 9757247K->9721854K(25159296K), 0.0444719 secs] [Times: user=0.54 sys=0.00, real=0.05 secs] 
2014-04-09T14:36:00.816+0900: 241.273: [GC (Allocation Failure) 241.273: [ParNew: 54298K->6528K(59008K), 0.0355949 secs] 9774334K->9738763K(25159296K), 0.0358882 secs] [Times: user=0.42 sys=0.01, real=0.04 secs] 
2014-04-09T14:36:00.875+0900: 241.332: [GC (Allocation Failure) 241.332: [ParNew: 59006K->2476K(59008K), 0.0383587 secs] 9791242K->9775775K(25159296K), 0.0386582 secs] [Times: user=0.49 sys=0.01, real=0.04 secs] 
2014-04-09T14:36:00.977+0900: 241.434: [GC (Allocation Failure) 241.434: [ParNew: 54956K->6528K(59008K), 0.0551967 secs] 9828255K->9800660K(25159296K), 0.0555031 secs] [Times: user=0.59 sys=0.01, real=0.06 secs] 
2014-04-09T14:36:01.090+0900: 241.547: [GC (Allocation Failure) 241.547: [ParNew: 59008K->6528K(59008K), 0.0579987 secs] 9853140K->9818901K(25159296K), 0.0583012 secs] [Times: user=0.48 sys=0.02, real=0.05 secs] 
2014-04-09T14:36:01.202+0900: 241.659: [GC (Allocation Failure) 241.659: [ParNew: 54773K->6143K(59008K), 0.0470275 secs] 9867146K->9826052K(25159296K), 0.0473245 secs] [Times: user=0.55 sys=0.00, real=0.05 secs] 
2014-04-09T14:36:01.265+0900: 241.722: [GC (Allocation Failure) 241.722: [ParNew: 55962K->4059K(59008K), 0.0447812 secs] 9875871K->9864611K(25159296K), 0.0450811 secs] [Times: user=0.56 sys=0.00, real=0.05 secs] 
2014-04-09T14:36:01.341+0900: 241.798: [GC (Allocation Failure) 241.798: [ParNew: 52710K->6528K(59008K), 0.0492750 secs] 9913262K->9898313K(25159296K), 0.0495700 secs] [Times: user=0.60 sys=0.01, real=0.05 secs] 
2014-04-09T14:36:01.414+0900: 241.870: [GC (Allocation Failure) 241.871: [ParNew: 55898K->6528K(59008K), 0.0495518 secs] 9947684K->9923828K(25159296K), 0.0498490 secs] [Times: user=0.59 sys=0.01, real=0.05 secs] 
2014-04-09T14:36:01.488+0900: 241.945: [GC (Allocation Failure) 241.945: [ParNew: 59008K->6528K(59008K), 0.0512030 secs] 9976308K->9957910K(25159296K), 0.0514962 secs] [Times: user=0.61 sys=0.00, real=0.06 secs] 
2014-04-09T14:36:01.564+0900: 242.021: [GC (Allocation Failure) 242.021: [ParNew: 59008K->6528K(59008K), 0.0648100 secs] 10010390K->9984998K(25159296K), 0.0651030 secs] [Times: user=0.67 sys=0.02, real=0.07 secs] 
2014-04-09T14:36:01.646+0900: 242.103: [GC (Allocation Failure) 242.103: [ParNew: 59008K->6528K(59008K), 0.0555590 secs] 10037478K->10012129K(25159296K), 0.0558621 secs] [Times: user=0.64 sys=0.01, real=0.06 secs] 
2014-04-09T14:36:01.727+0900: 242.183: [GC (Allocation Failure) 242.184: [ParNew: 59008K->6528K(59008K), 0.0478073 secs] 10064609K->10035039K(25159296K), 0.0481031 secs] [Times: user=0.57 sys=0.00, real=0.05 secs] 
2014-04-09T14:36:01.804+0900: 242.261: [GC (Allocation Failure) 242.261: [ParNew: 59008K->6528K(59008K), 0.0441636 secs] 10087519K->10037528K(25159296K), 0.0444521 secs] [Times: user=0.56 sys=0.00, real=0.04 secs] 
2014-04-09T14:36:01.879+0900: 242.335: [GC (Allocation Failure) 242.336: [ParNew: 59008K->6528K(59008K), 0.0490375 secs] 10090008K->10049774K(25159296K), 0.0493303 secs] [Times: user=0.59 sys=0.01, real=0.05 secs] 
2014-04-09T14:36:01.955+0900: 242.412: [GC (Allocation Failure) 242.412: [ParNew: 59008K->6528K(59008K), 0.0504681 secs] 10102254K->10071919K(25159296K), 0.0507626 secs] [Times: user=0.59 sys=0.01, real=0.05 secs] 
2014-04-09T14:36:02.026+0900: 242.482: [GC (Allocation Failure) 242.483: [ParNew: 59008K->6528K(59008K), 0.0399370 secs] 10124399K->10101098K(25159296K), 0.0402284 secs] [Times: user=0.49 sys=0.00, real=0.04 secs] 
2014-04-09T14:36:02.088+0900: 242.545: [GC (Allocation Failure) 242.545: [ParNew: 59008K->6528K(59008K), 0.0431648 secs] 10153578K->10120543K(25159296K), 0.0434589 secs] [Times: user=0.51 sys=0.01, real=0.05 secs] 
2014-04-09T14:36:02.154+0900: 242.611: [GC (Allocation Failure) 242.611: [ParNew: 59008K->6528K(59008K), 0.0488306 secs] 10173023K->10146306K(25159296K), 0.0491268 secs] [Times: user=0.59 sys=0.01, real=0.05 secs] 
2014-04-09T14:36:02.225+0900: 242.681: [GC (Allocation Failure) 242.682: [ParNew: 59008K->6528K(59008K), 0.0462478 secs] 10198786K->10169194K(25159296K), 0.0465285 secs] [Times: user=0.49 sys=0.01, real=0.05 secs] 
2014-04-09T14:36:02.302+0900: 242.758: [GC (Allocation Failure) 242.759: [ParNew: 59008K->6528K(59008K), 0.0468866 secs] 10221674K->10184567K(25159296K), 0.0471713 secs] [Times: user=0.56 sys=0.01, real=0.04 secs] 
2014-04-09T14:36:02.376+0900: 242.833: [GC (Allocation Failure) 242.833: [ParNew: 52055K->6528K(59008K), 0.0428990 secs] 10230095K->10199674K(25159296K), 0.0431741 secs] [Times: user=0.52 sys=0.01, real=0.05 secs] 
2014-04-09T14:36:02.452+0900: 242.909: [GC (Allocation Failure) 242.909: [ParNew: 53921K->3215K(59008K), 0.0416849 secs] 10247068K->10216826K(25159296K), 0.0419702 secs] [Times: user=0.51 sys=0.01, real=0.04 secs] 
2014-04-09T14:36:02.518+0900: 242.975: [GC (Allocation Failure) 242.975: [ParNew: 45810K->5359K(59008K), 0.0373394 secs] 10259420K->10239370K(25159296K), 0.0376121 secs] [Times: user=0.47 sys=0.00, real=0.04 secs] 
2014-04-09T14:36:02.572+0900: 243.028: [GC (Allocation Failure) 243.029: [ParNew: 57839K->6516K(59008K), 0.0450341 secs] 10291850K->10262068K(25159296K), 0.0453066 secs] [Times: user=0.56 sys=0.00, real=0.04 secs] 
2014-04-09T14:36:02.636+0900: 243.093: [GC (Allocation Failure) 243.093: [ParNew: 58996K->6526K(59008K), 0.0364401 secs] 10314548K->10280434K(25159296K), 0.0367144 secs] [Times: user=0.44 sys=0.01, real=0.04 secs] 
2014-04-09T14:36:02.703+0900: 243.160: [GC (Allocation Failure) 243.160: [ParNew: 56870K->5730K(59008K), 0.0392830 secs] 10330778K->10304878K(25159296K), 0.0395628 secs] [Times: user=0.48 sys=0.02, real=0.04 secs] 
2014-04-09T14:36:02.763+0900: 243.220: [GC (Allocation Failure) 243.220: [ParNew: 57051K->6528K(59008K), 0.0475535 secs] 10356199K->10337218K(25159296K), 0.0478272 secs] [Times: user=0.59 sys=0.00, real=0.05 secs] 
2014-04-09T14:36:02.836+0900: 243.293: [GC (Allocation Failure) 243.293: [ParNew: 55240K->6528K(59008K), 0.0440608 secs] 10385931K->10365938K(25159296K), 0.0443388 secs] [Times: user=0.54 sys=0.01, real=0.05 secs] 
2014-04-09T14:36:02.911+0900: 243.368: [GC (Allocation Failure) 243.368: [ParNew: 59008K->6528K(59008K), 0.0459740 secs] 10418418K->10403035K(25159296K), 0.0462482 secs] [Times: user=0.56 sys=0.01, real=0.04 secs] 
2014-04-09T14:36:02.985+0900: 243.442: [GC (Allocation Failure) 243.442: [ParNew: 59008K->6528K(59008K), 0.0485832 secs] 10455515K->10419961K(25159296K), 0.0488654 secs] [Times: user=0.56 sys=0.00, real=0.05 secs] 
2014-04-09T14:36:03.052+0900: 243.508: [GC (Allocation Failure) 243.508: [ParNew: 57324K->6528K(59008K), 0.0481876 secs] 10470757K->10452305K(25159296K), 0.0484598 secs] [Times: user=0.59 sys=0.00, real=0.05 secs] 
2014-04-09T14:36:03.119+0900: 243.576: [GC (Allocation Failure) 243.576: [ParNew: 59008K->6528K(59008K), 0.0427366 secs] 10504785K->10486419K(25159296K), 0.0430073 secs] [Times: user=0.54 sys=0.00, real=0.05 secs] 
2014-04-09T14:36:03.190+0900: 243.647: [GC (Allocation Failure) 243.647: [ParNew: 59008K->6528K(59008K), 0.0578813 secs] 10538899K->10510961K(25159296K), 0.0581510 secs] [Times: user=0.58 sys=0.02, real=0.05 secs] 
2014-04-09T14:36:03.268+0900: 243.725: [GC (Allocation Failure) 243.725: [ParNew: 59007K->6528K(59008K), 0.0486141 secs] 10563440K->10529948K(25159296K), 0.0488890 secs] [Times: user=0.57 sys=0.01, real=0.05 secs] 
2014-04-09T14:36:03.353+0900: 243.810: [GC (Allocation Failure) 243.810: [ParNew: 59008K->6528K(59008K), 0.0475193 secs] 10582428K->10547935K(25159296K), 0.0477916 secs] [Times: user=0.59 sys=0.00, real=0.05 secs] 
2014-04-09T14:36:03.443+0900: 243.900: [GC (Allocation Failure) 243.900: [ParNew: 59008K->6528K(59008K), 0.0496663 secs] 10600415K->10570115K(25159296K), 0.0499353 secs] [Times: user=0.58 sys=0.02, real=0.05 secs] 
2014-04-09T14:36:03.527+0900: 243.984: [GC (Allocation Failure) 243.984: [ParNew: 59008K->6528K(59008K), 0.0415963 secs] 10622595K->10585358K(25159296K), 0.0418661 secs] [Times: user=0.52 sys=0.00, real=0.04 secs] 
2014-04-09T14:36:03.592+0900: 244.049: [GC (Allocation Failure) 244.049: [ParNew: 59008K->6528K(59008K), 0.0406496 secs] 10637838K->10603616K(25159296K), 0.0409133 secs] [Times: user=0.50 sys=0.00, real=0.04 secs] 
2014-04-09T14:36:03.653+0900: 244.110: [GC (Allocation Failure) 244.110: [ParNew: 59008K->4597K(59008K), 0.0384073 secs] 10656096K->10634765K(25159296K), 0.0386715 secs] [Times: user=0.47 sys=0.00, real=0.04 secs] 
2014-04-09T14:36:03.721+0900: 244.178: [GC (Allocation Failure) 244.178: [ParNew: 57077K->6528K(59008K), 0.0418587 secs] 10687245K->10651334K(25159296K), 0.0421414 secs] [Times: user=0.53 sys=0.01, real=0.04 secs] 
2014-04-09T14:36:03.786+0900: 244.243: [GC (Allocation Failure) 244.243: [ParNew: 53772K->6528K(59008K), 0.0427884 secs] 10698579K->10669064K(25159296K), 0.0430596 secs] [Times: user=0.52 sys=0.01, real=0.05 secs] 
2014-04-09T14:36:03.850+0900: 244.307: [GC (Allocation Failure) 244.307: [ParNew: 53173K->6528K(59008K), 0.0450758 secs] 10715710K->10701864K(25159296K), 0.0453260 secs] [Times: user=0.56 sys=0.00, real=0.04 secs] 
2014-04-09T14:36:03.926+0900: 244.383: [GC (Allocation Failure) 244.383: [ParNew: 54823K->6528K(59008K), 0.0440116 secs] 10750160K->10729121K(25159296K), 0.0442683 secs] [Times: user=0.46 sys=0.02, real=0.05 secs] 
2014-04-09T14:36:03.991+0900: 244.447: [GC (Allocation Failure) 244.447: [ParNew: 56589K->6528K(59008K), 0.0494947 secs] 10779183K->10762158K(25159296K), 0.0497575 secs] [Times: user=0.59 sys=0.00, real=0.05 secs] 
2014-04-09T14:36:04.060+0900: 244.517: [GC (Allocation Failure) 244.517: [ParNew: 59008K->6528K(59008K), 0.0379850 secs] 10814638K->10782113K(25159296K), 0.0382443 secs] [Times: user=0.51 sys=0.01, real=0.03 secs] 
2014-04-09T14:36:04.121+0900: 244.577: [GC (Allocation Failure) 244.578: [ParNew: 59008K->6417K(59008K), 0.0417669 secs] 10834593K->10808036K(25159296K), 0.0420283 secs] [Times: user=0.43 sys=0.00, real=0.04 secs] 
2014-04-09T14:36:04.202+0900: 244.659: [GC (Allocation Failure) 244.659: [ParNew: 58897K->6528K(59008K), 0.0435192 secs] 10860516K->10824228K(25159296K), 0.0437855 secs] [Times: user=0.53 sys=0.00, real=0.04 secs] 
2014-04-09T14:36:04.273+0900: 244.730: [GC (Allocation Failure) 244.730: [ParNew: 54909K->6528K(59008K), 0.0423964 secs] 10872610K->10844525K(25159296K), 0.0426556 secs] [Times: user=0.52 sys=0.00, real=0.04 secs] 
2014-04-09T14:36:04.352+0900: 244.809: [GC (Allocation Failure) 244.809: [ParNew: 59008K->6528K(59008K), 0.0424695 secs] 10897005K->10870739K(25159296K), 0.0427288 secs] [Times: user=0.50 sys=0.01, real=0.04 secs] 
2014-04-09T14:36:04.437+0900: 244.894: [GC (Allocation Failure) 244.894: [ParNew: 59008K->6528K(59008K), 0.0406813 secs] 10923219K->10887393K(25159296K), 0.0409413 secs] [Times: user=0.48 sys=0.01, real=0.04 secs] 
2014-04-09T14:36:04.512+0900: 244.969: [GC (Allocation Failure) 244.969: [ParNew: 59008K->5257K(59008K), 0.0405619 secs] 10939873K->10911499K(25159296K), 0.0408209 secs] [Times: user=0.49 sys=0.00, real=0.04 secs] 
2014-04-09T14:36:04.580+0900: 245.036: [GC (Allocation Failure) 245.036: [ParNew: 57722K->6528K(59008K), 0.0321241 secs] 10963964K->10917228K(25159296K), 0.0323830 secs] [Times: user=0.40 sys=0.00, real=0.03 secs] 
2014-04-09T14:36:04.640+0900: 245.097: [GC (Allocation Failure) 245.097: [ParNew: 58309K->6422K(59008K), 0.0429571 secs] 10969010K->10937824K(25159296K), 0.0432208 secs] [Times: user=0.54 sys=0.00, real=0.04 secs] 
2014-04-09T14:36:04.728+0900: 245.184: [GC (Allocation Failure) 245.185: [ParNew: 58376K->6528K(59008K), 0.0412324 secs] 10989778K->10958611K(25159296K), 0.0415074 secs] [Times: user=0.49 sys=0.01, real=0.04 secs] 
2014-04-09T14:36:04.803+0900: 245.260: [GC (Allocation Failure) 245.260: [ParNew: 59008K->6528K(59008K), 0.0452412 secs] 11011091K->10991839K(25159296K), 0.0455219 secs] [Times: user=0.54 sys=0.01, real=0.04 secs] 
2014-04-09T14:36:04.891+0900: 245.348: [GC (Allocation Failure) 245.348: [ParNew: 59008K->6528K(59008K), 0.0424195 secs] 11044319K->11020340K(25159296K), 0.0426932 secs] [Times: user=0.53 sys=0.01, real=0.04 secs] 
2014-04-09T14:36:05.020+0900: 245.477: [GC (Allocation Failure) 245.477: [ParNew: 55126K->6528K(59008K), 0.0439374 secs] 11068938K->11031648K(25159296K), 0.0442173 secs] [Times: user=0.55 sys=0.00, real=0.04 secs] 
2014-04-09T14:36:05.117+0900: 245.574: [GC (Allocation Failure) 245.574: [ParNew: 57691K->6528K(59008K), 0.0368205 secs] 11082811K->11064218K(25159296K), 0.0370998 secs] [Times: user=0.46 sys=0.00, real=0.04 secs] 
2014-04-09T14:36:05.184+0900: 245.641: [GC (Allocation Failure) 245.641: [ParNew: 59007K->6528K(59008K), 0.0446564 secs] 11116697K->11089838K(25159296K), 0.0449409 secs] [Times: user=0.45 sys=0.01, real=0.04 secs] 
2014-04-09T14:36:05.250+0900: 245.706: [GC (Allocation Failure) 245.706: [ParNew: 56888K->6528K(59008K), 0.0361870 secs] 11140198K->11123282K(25159296K), 0.0364545 secs] [Times: user=0.45 sys=0.00, real=0.03 secs] 
2014-04-09T14:36:05.322+0900: 245.779: [GC (Allocation Failure) 245.779: [ParNew: 59006K->6528K(59008K), 0.0563868 secs] 11175760K->11150234K(25159296K), 0.0566597 secs] [Times: user=0.45 sys=0.02, real=0.05 secs] 
2014-04-09T14:36:05.414+0900: 245.871: [CMS-concurrent-mark: 1.816/4.724 secs] [Times: user=46.56 sys=1.00, real=4.72 secs] 
2014-04-09T14:36:05.414+0900: 245.871: [CMS-concurrent-preclean-start]
2014-04-09T14:36:05.417+0900: 245.874: [GC (Allocation Failure) 245.874: [ParNew: 59008K->6528K(59008K), 0.0617958 secs] 11202714K->11167908K(25159296K), 0.0620422 secs] [Times: user=0.62 sys=0.02, real=0.06 secs] 
2014-04-09T14:36:05.516+0900: 245.973: [GC (Allocation Failure) 245.973: [ParNew: 59008K->6528K(59008K), 0.0446812 secs] 11220388K->11182168K(25159296K), 0.0449498 secs] [Times: user=0.48 sys=0.01, real=0.05 secs] 
2014-04-09T14:36:05.596+0900: 246.053: [GC (Allocation Failure) 246.053: [ParNew: 59008K->6528K(59008K), 0.0439038 secs] 11234648K->11208163K(25159296K), 0.0441716 secs] [Times: user=0.52 sys=0.01, real=0.05 secs] 
2014-04-09T14:36:05.677+0900: 246.134: [GC (Allocation Failure) 246.134: [ParNew: 59008K->6528K(59008K), 0.0466493 secs] 11260643K->11221526K(25159296K), 0.0469178 secs] [Times: user=0.59 sys=0.01, real=0.05 secs] 
2014-04-09T14:36:05.763+0900: 246.220: [GC (Allocation Failure) 246.220: [ParNew: 59008K->6528K(59008K), 0.0568130 secs] 11274006K->11249164K(25159296K), 0.0570927 secs] [Times: user=0.61 sys=0.01, real=0.06 secs] 
2014-04-09T14:36:05.841+0900: 246.298: [GC (Allocation Failure) 246.298: [ParNew: 59003K->6528K(59008K), 0.0454579 secs] 11301640K->11281918K(25159296K), 0.0457411 secs] [Times: user=0.51 sys=0.01, real=0.04 secs] 
2014-04-09T14:36:05.911+0900: 246.368: [GC (Allocation Failure) 246.368: [ParNew: 58985K->6528K(59008K), 0.0454387 secs] 11334375K->11306519K(25159296K), 0.0457183 secs] [Times: user=0.57 sys=0.00, real=0.04 secs] 
2014-04-09T14:36:05.988+0900: 246.444: [GC (Allocation Failure) 246.445: [ParNew: 49871K->6528K(59008K), 0.0422168 secs] 11349863K->11331084K(25159296K), 0.0424915 secs] [Times: user=0.52 sys=0.00, real=0.05 secs] 
2014-04-09T14:36:06.053+0900: 246.510: [GC (Allocation Failure) 246.510: [ParNew: 59008K->6528K(59008K), 0.0437661 secs] 11383564K->11354939K(25159296K), 0.0440432 secs] [Times: user=0.53 sys=0.00, real=0.04 secs] 
2014-04-09T14:36:06.127+0900: 246.583: [GC (Allocation Failure) 246.583: [ParNew: 59008K->6528K(59008K), 0.0416630 secs] 11407419K->11364689K(25159296K), 0.0419518 secs] [Times: user=0.51 sys=0.00, real=0.04 secs] 
2014-04-09T14:36:06.217+0900: 246.674: [GC (Allocation Failure) 246.674: [ParNew: 59008K->6528K(59008K), 0.0404082 secs] 11417169K->11375772K(25159296K), 0.0406843 secs] [Times: user=0.50 sys=0.00, real=0.04 secs] 
2014-04-09T14:36:06.302+0900: 246.759: [GC (Allocation Failure) 246.759: [ParNew: 59008K->2318K(59008K), 0.0348950 secs] 11428252K->11383545K(25159296K), 0.0351668 secs] [Times: user=0.43 sys=0.00, real=0.03 secs] 
2014-04-09T14:36:06.374+0900: 246.830: [GC (Allocation Failure) 246.831: [ParNew: 54798K->2896K(59008K), 0.0441218 secs] 11436025K->11408619K(25159296K), 0.0443986 secs] [Times: user=0.55 sys=0.01, real=0.04 secs] 
2014-04-09T14:36:06.441+0900: 246.898: [GC (Allocation Failure) 246.898: [ParNew: 55092K->6333K(59008K), 0.0381461 secs] 11460815K->11430409K(25159296K), 0.0384182 secs] [Times: user=0.47 sys=0.00, real=0.03 secs] 
2014-04-09T14:36:06.517+0900: 246.974: [GC (Allocation Failure) 246.974: [ParNew: 53354K->6528K(59008K), 0.0482864 secs] 11477430K->11462047K(25159296K), 0.0485643 secs] [Times: user=0.59 sys=0.00, real=0.05 secs] 
2014-04-09T14:36:06.591+0900: 247.047: [GC (Allocation Failure) 247.047: [ParNew: 59008K->6528K(59008K), 0.0460299 secs] 11514527K->11496575K(25159296K), 0.0463211 secs] [Times: user=0.56 sys=0.00, real=0.04 secs] 
2014-04-09T14:36:06.675+0900: 247.132: [GC (Allocation Failure) 247.132: [ParNew: 59002K->6528K(59008K), 0.0426998 secs] 11549050K->11522502K(25159296K), 0.0429784 secs] [Times: user=0.51 sys=0.01, real=0.04 secs] 
2014-04-09T14:36:06.749+0900: 247.206: [GC (Allocation Failure) 247.206: [ParNew: 59008K->6528K(59008K), 0.0400509 secs] 11574982K->11547907K(25159296K), 0.0403145 secs] [Times: user=0.48 sys=0.00, real=0.04 secs] 
2014-04-09T14:36:06.844+0900: 247.301: [GC (Allocation Failure) 247.301: [ParNew: 59008K->6528K(59008K), 0.0475212 secs] 11600387K->11558330K(25159296K), 0.0477872 secs] [Times: user=0.55 sys=0.02, real=0.05 secs] 
2014-04-09T14:36:06.908+0900: 247.365: [GC (Allocation Failure) 247.365: [ParNew: 58997K->6528K(59008K), 0.0473577 secs] 11610800K->11590966K(25159296K), 0.0476275 secs] [Times: user=0.58 sys=0.00, real=0.05 secs] 
2014-04-09T14:36:06.976+0900: 247.433: [GC (Allocation Failure) 247.433: [ParNew: 59008K->6528K(59008K), 0.0470785 secs] 11643446K->11618971K(25159296K), 0.0473458 secs] [Times: user=0.58 sys=0.00, real=0.05 secs] 
2014-04-09T14:36:07.062+0900: 247.519: [GC (Allocation Failure) 247.519: [ParNew: 59006K->6528K(59008K), 0.0533520 secs] 11671449K->11638731K(25159296K), 0.0536197 secs] [Times: user=0.60 sys=0.01, real=0.05 secs] 
2014-04-09T14:36:07.149+0900: 247.605: [GC (Allocation Failure) 247.606: [ParNew: 59008K->6528K(59008K), 0.0438453 secs] 11691211K->11659472K(25159296K), 0.0441114 secs] [Times: user=0.49 sys=0.01, real=0.05 secs] 
2014-04-09T14:36:07.221+0900: 247.678: [GC (Allocation Failure) 247.678: [ParNew: 57403K->6528K(59008K), 0.0437142 secs] 11710347K->11690918K(25159296K), 0.0439833 secs] [Times: user=0.54 sys=0.00, real=0.04 secs] 
2014-04-09T14:36:07.288+0900: 247.744: [GC (Allocation Failure) 247.745: [ParNew: 52778K->6528K(59008K), 0.0403601 secs] 11737169K->11700398K(25159296K), 0.0406295 secs] [Times: user=0.50 sys=0.00, real=0.04 secs] 
2014-04-09T14:36:07.376+0900: 247.833: [GC (Allocation Failure) 247.833: [ParNew: 52983K->2765K(59008K), 0.0372931 secs] 11746854K->11706637K(25159296K), 0.0375642 secs] [Times: user=0.46 sys=0.00, real=0.04 secs] 
2014-04-09T14:36:07.447+0900: 247.904: [GC (Allocation Failure) 247.904: [ParNew: 55242K->6528K(59008K), 0.0426512 secs] 11759114K->11735052K(25159296K), 0.0429145 secs] [Times: user=0.54 sys=0.01, real=0.04 secs] 
2014-04-09T14:36:07.507+0900: 247.964: [GC (Allocation Failure) 247.964: [ParNew: 59008K->6528K(59008K), 0.0426097 secs] 11787532K->11770397K(25159296K), 0.0428751 secs] [Times: user=0.53 sys=0.01, real=0.04 secs] 
2014-04-09T14:36:07.595+0900: 248.052: [GC (Allocation Failure) 248.052: [ParNew: 50696K->6526K(59008K), 0.0452716 secs] 11814565K->11794407K(25159296K), 0.0455445 secs] [Times: user=0.56 sys=0.01, real=0.05 secs] 
2014-04-09T14:36:07.665+0900: 248.122: [GC (Allocation Failure) 248.122: [ParNew: 58605K->6528K(59008K), 0.0430056 secs] 11846487K->11821647K(25159296K), 0.0432730 secs] [Times: user=0.51 sys=0.00, real=0.04 secs] 
2014-04-09T14:36:07.748+0900: 248.205: [GC (Allocation Failure) 248.205: [ParNew: 59008K->6528K(59008K), 0.0551466 secs] 11874127K->11854560K(25159296K), 0.0554050 secs] [Times: user=0.44 sys=0.01, real=0.06 secs] 
2014-04-09T14:36:07.865+0900: 248.322: [GC (Allocation Failure) 248.322: [ParNew: 59008K->6528K(59008K), 0.0442298 secs] 11907040K->11866345K(25159296K), 0.0444988 secs] [Times: user=0.51 sys=0.01, real=0.04 secs] 
2014-04-09T14:36:07.967+0900: 248.424: [GC (Allocation Failure) 248.424: [ParNew: 59008K->6528K(59008K), 0.0506411 secs] 11918825K->11873689K(25159296K), 0.0509016 secs] [Times: user=0.59 sys=0.01, real=0.05 secs] 
2014-04-09T14:36:08.078+0900: 248.535: [GC (Allocation Failure) 248.535: [ParNew: 54354K->6528K(59008K), 0.0445054 secs] 11921516K->11893526K(25159296K), 0.0447654 secs] [Times: user=0.56 sys=0.00, real=0.05 secs] 
2014-04-09T14:36:08.154+0900: 248.611: [GC (Allocation Failure) 248.611: [ParNew: 53527K->6516K(59008K), 0.0382654 secs] 11940525K->11914028K(25159296K), 0.0385430 secs] [Times: user=0.48 sys=0.01, real=0.04 secs] 
2014-04-09T14:36:08.208+0900: 248.665: [GC (Allocation Failure) 248.665: [ParNew: 57543K->6510K(59008K), 0.0408440 secs] 11965056K->11947337K(25159296K), 0.0411105 secs] [Times: user=0.50 sys=0.01, real=0.04 secs] 
2014-04-09T14:36:08.283+0900: 248.739: [GC (Allocation Failure) 248.739: [ParNew: 58990K->6528K(59008K), 0.0509186 secs] 11999817K->11982547K(25159296K), 0.0511785 secs] [Times: user=0.62 sys=0.02, real=0.05 secs] 
2014-04-09T14:36:08.366+0900: 248.823: [GC (Allocation Failure) 248.823: [ParNew: 59008K->6528K(59008K), 0.0744803 secs] 12035027K->12011944K(25159296K), 0.0747433 secs] [Times: user=0.62 sys=0.03, real=0.08 secs] 
2014-04-09T14:36:08.474+0900: 248.931: [GC (Allocation Failure) 248.931: [ParNew: 59008K->6528K(59008K), 0.0633438 secs] 12064424K->12034895K(25159296K), 0.0636100 secs] [Times: user=0.48 sys=0.03, real=0.06 secs] 
2014-04-09T14:36:08.576+0900: 249.033: [GC (Allocation Failure) 249.033: [ParNew: 59008K->6528K(59008K), 0.0463730 secs] 12087375K->12043536K(25159296K), 0.0466368 secs] [Times: user=0.55 sys=0.01, real=0.05 secs] 
2014-04-09T14:36:08.722+0900: 249.179: [CMS-concurrent-preclean: 1.201/3.308 secs] [Times: user=27.34 sys=0.55, real=3.31 secs] 
2014-04-09T14:36:08.723+0900: 249.180: [GC (Allocation Failure) 249.180: [ParNew: 59008K->3888K(59008K), 0.0396884 secs] 12096016K->12044250K(25159296K), 0.0399460 secs] [Times: user=0.48 sys=0.01, real=0.04 secs] 
2014-04-09T14:36:08.765+0900: 249.221: [GC (CMS Final Remark) [YG occupancy: 5988 K (59008 K)]249.221: [Rescan (parallel) , 0.0213217 secs]249.243: [weak refs processing, 0.0001262 secs]249.243: [class unloading, 0.0458915 secs]249.289: [scrub symbol table, 0.0048464 secs]249.294: [scrub string table, 0.0014002 secs][1 CMS-remark: 12040362K(25100288K)] 12046350K(25159296K), 0.0806842 secs] [Times: user=0.33 sys=0.00, real=0.08 secs] 
2014-04-09T14:36:08.846+0900: 249.303: [CMS-concurrent-sweep-start]
2014-04-09T14:36:08.901+0900: 249.358: [GC (Allocation Failure) 249.358: [ParNew: 56368K->5329K(59008K), 0.0346653 secs] 12076034K->12033188K(25159296K), 0.0349557 secs] [Times: user=0.43 sys=0.01, real=0.03 secs] 
2014-04-09T14:36:08.992+0900: 249.449: [GC (Allocation Failure) 249.449: [ParNew: 55722K->6528K(59008K), 0.0382652 secs] 12052862K->12024428K(25159296K), 0.0385425 secs] [Times: user=0.46 sys=0.01, real=0.04 secs] 
2014-04-09T14:36:09.062+0900: 249.519: [GC (Allocation Failure) 249.519: [ParNew: 56167K->6528K(59008K), 0.0413930 secs] 12057523K->12032423K(25159296K), 0.0416656 secs] [Times: user=0.52 sys=0.00, real=0.04 secs] 
2014-04-09T14:36:09.141+0900: 249.597: [GC (Allocation Failure) 249.598: [ParNew: 59007K->5550K(59008K), 0.0502682 secs] 12062265K->12049718K(25159296K), 0.0505418 secs] [Times: user=0.63 sys=0.01, real=0.05 secs] 
2014-04-09T14:36:09.217+0900: 249.674: [GC (Allocation Failure) 249.674: [ParNew: 54620K->5590K(59008K), 0.0360568 secs] 12083743K->12049237K(25159296K), 0.0363329 secs] [Times: user=0.47 sys=0.02, real=0.04 secs] 
2014-04-09T14:36:09.287+0900: 249.744: [GC (Allocation Failure) 249.744: [ParNew: 58069K->6528K(59008K), 0.0499461 secs] 12084275K->12071910K(25159296K), 0.0502177 secs] [Times: user=0.63 sys=0.01, real=0.05 secs] 
2014-04-09T14:36:09.395+0900: 249.852: [GC (Allocation Failure) 249.852: [ParNew: 59008K->6528K(59008K), 0.0558230 secs] 12092998K->12066459K(25159296K), 0.0560972 secs] [Times: user=0.64 sys=0.01, real=0.06 secs] 
2014-04-09T14:36:09.495+0900: 249.952: [GC (Allocation Failure) 249.952: [ParNew: 59008K->6528K(59008K), 0.0507316 secs] 12091942K->12057810K(25159296K), 0.0510017 secs] [Times: user=0.60 sys=0.01, real=0.05 secs] 
2014-04-09T14:36:09.586+0900: 250.043: [GC (Allocation Failure) 250.043: [ParNew: 59008K->6528K(59008K), 0.0400789 secs] 12085310K->12036656K(25159296K), 0.0403600 secs] [Times: user=0.49 sys=0.00, real=0.04 secs] 
2014-04-09T14:36:09.665+0900: 250.122: [GC (Allocation Failure) 250.122: [ParNew: 59008K->6528K(59008K), 0.0403366 secs] 12062692K->12016628K(25159296K), 0.0406090 secs] [Times: user=0.49 sys=0.00, real=0.04 secs] 
2014-04-09T14:36:09.741+0900: 250.197: [GC (Allocation Failure) 250.198: [ParNew: 59008K->6528K(59008K), 0.0337510 secs] 12043727K->12003854K(25159296K), 0.0340206 secs] [Times: user=0.40 sys=0.01, real=0.03 secs] 
2014-04-09T14:36:09.830+0900: 250.287: [GC (Allocation Failure) 250.287: [ParNew: 48853K->3398K(59008K), 0.0427555 secs] 12006567K->11983109K(25159296K), 0.0430334 secs] [Times: user=0.53 sys=0.01, real=0.04 secs] 
2014-04-09T14:36:09.911+0900: 250.368: [GC (Allocation Failure) 250.368: [ParNew: 55307K->6528K(59008K), 0.0419852 secs] 12010621K->11995596K(25159296K), 0.0422530 secs] [Times: user=0.52 sys=0.01, real=0.04 secs] 
2014-04-09T14:36:09.974+0900: 250.430: [GC (Allocation Failure) 250.431: [ParNew: 59008K->5020K(59008K), 0.0365582 secs] 12035482K->12014152K(25159296K), 0.0368318 secs] [Times: user=0.45 sys=0.01, real=0.04 secs] 
2014-04-09T14:36:10.039+0900: 250.496: [GC (Allocation Failure) 250.496: [ParNew: 57499K->6528K(59008K), 0.0418957 secs] 12044337K->12014226K(25159296K), 0.0421613 secs] [Times: user=0.52 sys=0.01, real=0.05 secs] 
2014-04-09T14:36:10.139+0900: 250.596: [GC (Allocation Failure) 250.596: [ParNew: 59008K->6528K(59008K), 0.0556215 secs] 12029320K->12002629K(25159296K), 0.0558908 secs] [Times: user=0.60 sys=0.02, real=0.06 secs] 
2014-04-09T14:36:10.248+0900: 250.705: [GC (Allocation Failure) 250.705: [ParNew: 59008K->6528K(59008K), 0.0428102 secs] 12021086K->11980341K(25159296K), 0.0430718 secs] [Times: user=0.52 sys=0.00, real=0.05 secs] 
2014-04-09T14:36:10.353+0900: 250.810: [GC (Allocation Failure) 250.810: [ParNew: 57753K->6528K(59008K), 0.0404563 secs] 11988942K->11943627K(25159296K), 0.0407233 secs] [Times: user=0.49 sys=0.01, real=0.04 secs] 
2014-04-09T14:36:10.449+0900: 250.905: [GC (Allocation Failure) 250.906: [ParNew: 59008K->1918K(59008K), 0.0325963 secs] 11961058K->11914190K(25159296K), 0.0328615 secs] [Times: user=0.40 sys=0.01, real=0.04 secs] 
2014-04-09T14:36:10.505+0900: 250.962: [GC (Allocation Failure) 250.962: [ParNew: 50549K->4793K(59008K), 0.0338515 secs] 11951595K->11915999K(25159296K), 0.0341135 secs] [Times: user=0.42 sys=0.01, real=0.03 secs] 
2014-04-09T14:36:10.599+0900: 251.056: [GC (Allocation Failure) 251.056: [ParNew: 49590K->6527K(59008K), 0.0434476 secs] 11935902K->11915170K(25159296K), 0.0437062 secs] [Times: user=0.54 sys=0.00, real=0.05 secs] 
2014-04-09T14:36:10.684+0900: 251.141: [GC (Allocation Failure) 251.141: [ParNew: 59007K->6528K(59008K), 0.0481890 secs] 11949875K->11923949K(25159296K), 0.0484654 secs] [Times: user=0.59 sys=0.00, real=0.05 secs] 
2014-04-09T14:36:10.760+0900: 251.217: [GC (Allocation Failure) 251.217: [ParNew: 57503K->6528K(59008K), 0.0362598 secs] 11964700K->11941541K(25159296K), 0.0365523 secs] [Times: user=0.45 sys=0.01, real=0.04 secs] 
2014-04-09T14:36:10.828+0900: 251.285: [GC (Allocation Failure) 251.285: [ParNew: 59008K->6528K(59008K), 0.0521622 secs] 11973915K->11948260K(25159296K), 0.0524353 secs] [Times: user=0.62 sys=0.01, real=0.06 secs] 
2014-04-09T14:36:10.920+0900: 251.377: [GC (Allocation Failure) 251.377: [ParNew: 59008K->6528K(59008K), 0.0514106 secs] 11975371K->11940375K(25159296K), 0.0516881 secs] [Times: user=0.62 sys=0.00, real=0.06 secs] 
2014-04-09T14:36:11.011+0900: 251.468: [GC (Allocation Failure) 251.468: [ParNew: 59008K->6528K(59008K), 0.0401339 secs] 11968922K->11926218K(25159296K), 0.0404091 secs] [Times: user=0.48 sys=0.01, real=0.04 secs] 
2014-04-09T14:36:11.097+0900: 251.554: [GC (Allocation Failure) 251.554: [ParNew: 59008K->2686K(59008K), 0.0369878 secs] 11955637K->11907508K(25159296K), 0.0372623 secs] [Times: user=0.47 sys=0.00, real=0.04 secs] 
2014-04-09T14:36:11.170+0900: 251.627: [GC (Allocation Failure) 251.627: [ParNew: 55166K->2457K(59008K), 0.0424240 secs] 11944121K->11911812K(25159296K), 0.0426965 secs] [Times: user=0.53 sys=0.00, real=0.05 secs] 
2014-04-09T14:36:11.240+0900: 251.697: [GC (Allocation Failure) 251.697: [ParNew: 53153K->6528K(59008K), 0.0395136 secs] 11951158K->11915018K(25159296K), 0.0398055 secs] [Times: user=0.49 sys=0.01, real=0.04 secs] 
2014-04-09T14:36:11.316+0900: 251.773: [GC (Allocation Failure) 251.773: [ParNew: 59008K->6528K(59008K), 0.0497729 secs] 11951418K->11930471K(25159296K), 0.0500546 secs] [Times: user=0.60 sys=0.01, real=0.05 secs] 
2014-04-09T14:36:11.401+0900: 251.857: [GC (Allocation Failure) 251.858: [ParNew: 59007K->6528K(59008K), 0.0459049 secs] 11970095K->11950638K(25159296K), 0.0461803 secs] [Times: user=0.56 sys=0.01, real=0.04 secs] 
2014-04-09T14:36:11.464+0900: 251.921: [GC (Allocation Failure) 251.921: [ParNew: 59008K->6528K(59008K), 0.0475131 secs] 11997847K->11979065K(25159296K), 0.0477866 secs] [Times: user=0.58 sys=0.01, real=0.05 secs] 
2014-04-09T14:36:11.539+0900: 251.995: [GC (Allocation Failure) 251.996: [ParNew: 58102K->6528K(59008K), 0.0502758 secs] 12018552K->11999451K(25159296K), 0.0505478 secs] [Times: user=0.62 sys=0.00, real=0.05 secs] 
2014-04-09T14:36:11.634+0900: 252.091: [GC (Allocation Failure) 252.091: [ParNew: 59008K->6528K(59008K), 0.0488625 secs] 12033875K->12007504K(25159296K), 0.0491479 secs] [Times: user=0.59 sys=0.00, real=0.05 secs] 
2014-04-09T14:36:11.716+0900: 252.172: [GC (Allocation Failure) 252.173: [ParNew: 59008K->6528K(59008K), 0.0509618 secs] 12048071K->12018809K(25159296K), 0.0512293 secs] [Times: user=0.62 sys=0.00, real=0.05 secs] 
2014-04-09T14:36:11.792+0900: 252.249: [GC (Allocation Failure) 252.249: [ParNew: 59008K->6528K(59008K), 0.0460925 secs] 12062178K->12031163K(25159296K), 0.0463619 secs] [Times: user=0.57 sys=0.00, real=0.04 secs] 
2014-04-09T14:36:11.857+0900: 252.314: [GC (Allocation Failure) 252.314: [ParNew: 50334K->6528K(59008K), 0.0370588 secs] 12067181K->12033916K(25159296K), 0.0373421 secs] [Times: user=0.46 sys=0.00, real=0.04 secs] 
2014-04-09T14:36:11.924+0900: 252.381: [GC (Allocation Failure) 252.381: [ParNew: 59008K->4138K(59008K), 0.0442076 secs] 12068996K->12043256K(25159296K), 0.0444904 secs] [Times: user=0.55 sys=0.00, real=0.04 secs] 
2014-04-09T14:36:11.987+0900: 252.443: [GC (Allocation Failure) 252.444: [ParNew: 51191K->6528K(59008K), 0.0440408 secs] 12079929K->12050268K(25159296K), 0.0443128 secs] [Times: user=0.55 sys=0.00, real=0.05 secs] 
2014-04-09T14:36:12.057+0900: 252.514: [GC (Allocation Failure) 252.514: [ParNew: 59008K->6528K(59008K), 0.0471067 secs] 12085249K->12059725K(25159296K), 0.0473886 secs] [Times: user=0.57 sys=0.01, real=0.05 secs] 
2014-04-09T14:36:12.129+0900: 252.586: [GC (Allocation Failure) 252.586: [ParNew: 59008K->6528K(59008K), 0.0437748 secs] 12095957K->12064061K(25159296K), 0.0440482 secs] [Times: user=0.53 sys=0.00, real=0.05 secs] 
2014-04-09T14:36:12.210+0900: 252.667: [GC (Allocation Failure) 252.667: [ParNew: 59008K->6528K(59008K), 0.0435612 secs] 12091093K->12057881K(25159296K), 0.0438475 secs] [Times: user=0.53 sys=0.01, real=0.05 secs] 
2014-04-09T14:36:12.308+0900: 252.765: [GC (Allocation Failure) 252.765: [ParNew: 59008K->5952K(59008K), 0.0378896 secs] 12078966K->12041354K(25159296K), 0.0381737 secs] [Times: user=0.47 sys=0.01, real=0.04 secs] 
2014-04-09T14:36:12.379+0900: 252.836: [GC (Allocation Failure) 252.836: [ParNew: 58409K->6528K(59008K), 0.0457641 secs] 12068709K->12038767K(25159296K), 0.0460360 secs] [Times: user=0.57 sys=0.01, real=0.05 secs] 
2014-04-09T14:36:12.453+0900: 252.910: [GC (Allocation Failure) 252.910: [ParNew: 59008K->6527K(59008K), 0.0477967 secs] 12071963K->12049930K(25159296K), 0.0480683 secs] [Times: user=0.58 sys=0.01, real=0.05 secs] 
2014-04-09T14:36:12.557+0900: 253.014: [GC (Allocation Failure) 253.014: [ParNew: 59007K->6528K(59008K), 0.0469922 secs] 12064939K->12029165K(25159296K), 0.0472723 secs] [Times: user=0.57 sys=0.00, real=0.05 secs] 
2014-04-09T14:36:12.660+0900: 253.117: [GC (Allocation Failure) 253.117: [ParNew: 59008K->6528K(59008K), 0.0433495 secs] 12041886K->11998264K(25159296K), 0.0436198 secs] [Times: user=0.53 sys=0.00, real=0.05 secs] 
2014-04-09T14:36:12.786+0900: 253.242: [GC (Allocation Failure) 253.243: [ParNew: 53230K->6528K(59008K), 0.0360968 secs] 11988180K->11945382K(25159296K), 0.0363907 secs] [Times: user=0.44 sys=0.01, real=0.04 secs] 
2014-04-09T14:36:12.901+0900: 253.358: [GC (Allocation Failure) 253.358: [ParNew: 50938K->3209K(59008K), 0.0370910 secs] 11911952K->11874627K(25159296K), 0.0373765 secs] [Times: user=0.47 sys=0.00, real=0.03 secs] 
2014-04-09T14:36:12.969+0900: 253.426: [GC (Allocation Failure) 253.426: [ParNew: 49040K->6528K(59008K), 0.0406335 secs] 11868311K->11844763K(25159296K), 0.0409059 secs] [Times: user=0.51 sys=0.00, real=0.04 secs] 
2014-04-09T14:36:13.054+0900: 253.511: [GC (Allocation Failure) 253.511: [ParNew: 59008K->6527K(59008K), 0.0476875 secs] 11830477K->11809521K(25159296K), 0.0479606 secs] [Times: user=0.59 sys=0.02, real=0.05 secs] 
2014-04-09T14:36:13.137+0900: 253.594: [GC (Allocation Failure) 253.594: [ParNew: 59007K->6528K(59008K), 0.0463306 secs] 11809174K->11784076K(25159296K), 0.0465992 secs] [Times: user=0.57 sys=0.00, real=0.05 secs] 
2014-04-09T14:36:13.220+0900: 253.677: [GC (Allocation Failure) 253.677: [ParNew: 59008K->6528K(59008K), 0.0469671 secs] 11594063K->11577261K(25159296K), 0.0472372 secs] [Times: user=0.58 sys=0.00, real=0.05 secs] 
2014-04-09T14:36:13.279+0900: 253.735: [CMS-concurrent-sweep: 2.009/4.433 secs] [Times: user=35.76 sys=0.69, real=4.43 secs] 
2014-04-09T14:36:13.279+0900: 253.736: [CMS-concurrent-reset-start]
2014-04-09T14:36:13.324+0900: 253.781: [GC (Allocation Failure) 253.781: [ParNew: 59008K->6528K(59008K), 0.0468826 secs] 11231608K->11189574K(25159296K), 0.0471545 secs] [Times: user=0.58 sys=0.01, real=0.04 secs] 
2014-04-09T14:36:13.396+0900: 253.852: [CMS-concurrent-reset: 0.068/0.117 secs] [Times: user=0.78 sys=0.01, real=0.12 secs] 
2014-04-09T14:36:13.434+0900: 253.891: [GC (Allocation Failure) 253.891: [ParNew: 59008K->6347K(59008K), 0.0371271 secs] 11242054K->11195447K(25159296K), 0.0373942 secs] [Times: user=0.44 sys=0.01, real=0.04 secs] 
2014-04-09T14:36:13.473+0900: 253.930: [GC (CMS Initial Mark) [1 CMS-initial-mark: 11189099K(25100288K)] 11195843K(25159296K), 0.0021645 secs] [Times: user=0.01 sys=0.00, real=0.00 secs] 
2014-04-09T14:36:13.476+0900: 253.932: [CMS-concurrent-mark-start]
2014-04-09T14:36:13.567+0900: 254.024: [GC (Allocation Failure) 254.024: [ParNew: 58809K->6528K(59008K), 0.0346997 secs] 11247908K->11206151K(25159296K), 0.0349737 secs] [Times: user=0.43 sys=0.00, real=0.04 secs] 
2014-04-09T14:36:13.652+0900: 254.109: [GC (Allocation Failure) 254.109: [ParNew: 59008K->6528K(59008K), 0.0387271 secs] 11258631K->11226896K(25159296K), 0.0390154 secs] [Times: user=0.47 sys=0.01, real=0.04 secs] 
2014-04-09T14:36:13.719+0900: 254.176: [GC (Allocation Failure) 254.176: [ParNew: 51192K->5045K(59008K), 0.0378597 secs] 11271560K->11241627K(25159296K), 0.0381333 secs] [Times: user=0.47 sys=0.00, real=0.04 secs] 
2014-04-09T14:36:13.896+0900: 254.353: [GC (Allocation Failure) 254.353: [ParNew: 57525K->6528K(59008K), 0.0456326 secs] 11294107K->11268979K(25159296K), 0.0458665 secs] [Times: user=0.55 sys=0.00, real=0.05 secs] 
2014-04-09T14:36:14.053+0900: 254.510: [GC (Allocation Failure) 254.510: [ParNew: 59008K->4631K(59008K), 0.0382632 secs] 11321459K->11272622K(25159296K), 0.0385385 secs] [Times: user=0.47 sys=0.00, real=0.04 secs] 
2014-04-09T14:36:14.200+0900: 254.657: [GC (Allocation Failure) 254.657: [ParNew: 57086K->2841K(59008K), 0.0375905 secs] 11325078K->11280993K(25159296K), 0.0378740 secs] [Times: user=0.47 sys=0.01, real=0.04 secs] 
2014-04-09T14:36:14.284+0900: 254.741: [GC (Allocation Failure) 254.741: [ParNew: 55321K->3651K(59008K), 0.0451704 secs] 11333473K->11302124K(25159296K), 0.0454454 secs] [Times: user=0.58 sys=0.00, real=0.04 secs] 
2014-04-09T14:36:14.458+0900: 254.915: [GC (Allocation Failure) 254.915: [ParNew: 56131K->6528K(59008K), 0.0460918 secs] 11354604K->11321166K(25159296K), 0.0463719 secs] [Times: user=0.50 sys=0.02, real=0.05 secs] 
2014-04-09T14:36:14.617+0900: 255.073: [GC (Allocation Failure) 255.074: [ParNew: 59008K->6528K(59008K), 0.0444653 secs] 11373646K->11339201K(25159296K), 0.0447514 secs] [Times: user=0.54 sys=0.01, real=0.05 secs] 
2014-04-09T14:36:14.702+0900: 255.159: [GC (Allocation Failure) 255.159: [ParNew: 59008K->6465K(59008K), 0.0312977 secs] 11391681K->11339138K(25159296K), 0.0315713 secs] [Times: user=0.40 sys=0.00, real=0.03 secs] 
2014-04-09T14:36:14.755+0900: 255.212: [GC (Allocation Failure) 255.212: [ParNew: 58945K->5913K(59008K), 0.0325209 secs] 11391618K->11340968K(25159296K), 0.0327921 secs] [Times: user=0.41 sys=0.00, real=0.03 secs] 
2014-04-09T14:36:14.811+0900: 255.268: [GC (Allocation Failure) 255.268: [ParNew: 58393K->4278K(59008K), 0.0316811 secs] 11393448K->11339333K(25159296K), 0.0319488 secs] [Times: user=0.40 sys=0.00, real=0.04 secs] 
2014-04-09T14:36:14.865+0900: 255.322: [GC (Allocation Failure) 255.322: [ParNew: 56758K->4615K(59008K), 0.0309265 secs] 11391813K->11339670K(25159296K), 0.0311954 secs] [Times: user=0.39 sys=0.00, real=0.03 secs] 
2014-04-09T14:36:14.919+0900: 255.376: [GC (Allocation Failure) 255.376: [ParNew: 57095K->3857K(59008K), 0.0311194 secs] 11392150K->11338912K(25159296K), 0.0313936 secs] [Times: user=0.39 sys=0.00, real=0.03 secs] 
2014-04-09T14:36:14.973+0900: 255.430: [GC (Allocation Failure) 255.430: [ParNew: 56337K->4412K(59008K), 0.0333764 secs] 11391392K->11339467K(25159296K), 0.0336606 secs] [Times: user=0.43 sys=0.00, real=0.03 secs] 
2014-04-09T14:36:15.029+0900: 255.486: [GC (Allocation Failure) 255.486: [ParNew: 56892K->2583K(59008K), 0.0352930 secs] 11391947K->11340284K(25159296K), 0.0355769 secs] [Times: user=0.44 sys=0.00, real=0.04 secs] 
2014-04-09T14:36:15.087+0900: 255.544: [GC (Allocation Failure) 255.544: [ParNew: 55063K->646K(59008K), 0.0315391 secs] 11392764K->11338347K(25159296K), 0.0318169 secs] [Times: user=0.39 sys=0.01, real=0.03 secs] 
2014-04-09T14:36:15.142+0900: 255.599: [GC (Allocation Failure) 255.599: [ParNew: 53126K->162K(59008K), 0.0311077 secs] 11390827K->11337864K(25159296K), 0.0313903 secs] [Times: user=0.40 sys=0.01, real=0.03 secs] 
2014-04-09T14:36:15.196+0900: 255.653: [GC (Allocation Failure) 255.653: [ParNew: 52642K->41K(59008K), 0.0318739 secs] 11390344K->11337743K(25159296K), 0.0321442 secs] [Times: user=0.41 sys=0.00, real=0.03 secs] 
2014-04-09T14:36:15.250+0900: 255.707: [GC (Allocation Failure) 255.707: [ParNew: 52521K->24K(59008K), 0.0304223 secs] 11390223K->11337726K(25159296K), 0.0306821 secs] [Times: user=0.38 sys=0.00, real=0.03 secs] 
2014-04-09T14:36:15.305+0900: 255.762: [GC (Allocation Failure) 255.762: [ParNew: 52504K->31K(59008K), 0.0302451 secs] 11390206K->11337733K(25159296K), 0.0305142 secs] [Times: user=0.38 sys=0.01, real=0.03 secs] 
2014-04-09T14:36:15.358+0900: 255.815: [GC (Allocation Failure) 255.815: [ParNew: 52511K->26K(59008K), 0.0308457 secs] 11390213K->11337728K(25159296K), 0.0311200 secs] [Times: user=0.39 sys=0.00, real=0.03 secs] 
2014-04-09T14:36:15.412+0900: 255.869: [GC (Allocation Failure) 255.869: [ParNew: 52506K->26K(59008K), 0.0303463 secs] 11390208K->11337728K(25159296K), 0.0306190 secs] [Times: user=0.39 sys=0.00, real=0.03 secs] 
2014-04-09T14:36:15.466+0900: 255.922: [GC (Allocation Failure) 255.922: [ParNew: 52506K->24K(59008K), 0.0304960 secs] 11390208K->11337726K(25159296K), 0.0307744 secs] [Times: user=0.39 sys=0.00, real=0.03 secs] 
2014-04-09T14:36:15.521+0900: 255.978: [GC (Allocation Failure) 255.978: [ParNew: 52504K->24K(59008K), 0.0302745 secs] 11390206K->11337726K(25159296K), 0.0305483 secs] [Times: user=0.38 sys=0.00, real=0.04 secs] 
2014-04-09T14:36:15.577+0900: 256.034: [GC (Allocation Failure) 256.034: [ParNew: 52504K->24K(59008K), 0.0304624 secs] 11390206K->11337726K(25159296K), 0.0307243 secs] [Times: user=0.39 sys=0.01, real=0.03 secs] 
2014-04-09T14:36:15.642+0900: 256.099: [GC (Allocation Failure) 256.099: [ParNew: 52504K->26K(59008K), 0.0305647 secs] 11390206K->11337729K(25159296K), 0.0308287 secs] [Times: user=0.39 sys=0.00, real=0.03 secs] 
2014-04-09T14:36:16.322+0900: 256.778: [CMS-concurrent-mark: 1.864/2.846 secs] [Times: user=22.15 sys=0.30, real=2.85 secs] 
2014-04-09T14:36:16.322+0900: 256.779: [CMS-concurrent-preclean-start]
2014-04-09T14:36:16.509+0900: 256.965: [CMS-concurrent-preclean: 0.175/0.187 secs] [Times: user=0.19 sys=0.00, real=0.18 secs] 
2014-04-09T14:36:16.509+0900: 256.966: [CMS-concurrent-abortable-preclean-start]
 CMS: abort preclean due to time 2014-04-09T14:36:21.663+0900: 262.120: [CMS-concurrent-abortable-preclean: 3.248/5.154 secs] [Times: user=3.30 sys=0.01, real=5.16 secs] 
2014-04-09T14:36:21.664+0900: 262.121: [GC (CMS Final Remark) [YG occupancy: 34644 K (59008 K)]262.121: [Rescan (parallel) , 0.0200426 secs]262.141: [weak refs processing, 0.0000869 secs]262.141: [class unloading, 0.0445799 secs]262.186: [scrub symbol table, 0.0043592 secs]262.190: [scrub string table, 0.0012175 secs][1 CMS-remark: 11337703K(25100288K)] 11372348K(25159296K), 0.0775114 secs] [Times: user=0.30 sys=0.00, real=0.07 secs] 
2014-04-09T14:36:21.742+0900: 262.199: [CMS-concurrent-sweep-start]
2014-04-09T14:36:23.231+0900: 263.688: [CMS-concurrent-sweep: 1.489/1.489 secs] [Times: user=1.59 sys=0.00, real=1.49 secs] 
2014-04-09T14:36:23.231+0900: 263.688: [CMS-concurrent-reset-start]
2014-04-09T14:36:23.296+0900: 263.753: [CMS-concurrent-reset: 0.065/0.065 secs] [Times: user=0.07 sys=0.00, real=0.07 secs] 
2014-04-09T14:36:25.297+0900: 265.754: [GC (CMS Initial Mark) [1 CMS-initial-mark: 8814754K(25100288K)] 8849662K(25159296K), 0.0076415 secs] [Times: user=0.08 sys=0.00, real=0.01 secs] 
2014-04-09T14:36:25.305+0900: 265.762: [CMS-concurrent-mark-start]
2014-04-09T14:36:26.121+0900: 266.578: [GC (Allocation Failure) 266.578: [ParNew: 52506K->251K(59008K), 0.0367394 secs] 8867260K->8815005K(25159296K), 0.0370210 secs] [Times: user=0.47 sys=0.00, real=0.04 secs] 
2014-04-09T14:36:26.188+0900: 266.645: [GC (Allocation Failure) 266.645: [ParNew: 52731K->327K(59008K), 0.0343019 secs] 8867485K->8815081K(25159296K), 0.0345700 secs] [Times: user=0.44 sys=0.00, real=0.04 secs] 
2014-04-09T14:36:26.251+0900: 266.708: [GC (Allocation Failure) 266.708: [ParNew: 52807K->384K(59008K), 0.0340886 secs] 8867561K->8815139K(25159296K), 0.0343509 secs] [Times: user=0.43 sys=0.00, real=0.04 secs] 
2014-04-09T14:36:26.316+0900: 266.772: [GC (Allocation Failure) 266.773: [ParNew: 52864K->328K(59008K), 0.0377427 secs] 8867619K->8815082K(25159296K), 0.0380072 secs] [Times: user=0.47 sys=0.00, real=0.04 secs] 
2014-04-09T14:36:26.384+0900: 266.841: [GC (Allocation Failure) 266.841: [ParNew: 52808K->390K(59008K), 0.0347589 secs] 8867562K->8815145K(25159296K), 0.0350303 secs] [Times: user=0.44 sys=0.01, real=0.03 secs] 
2014-04-09T14:36:26.449+0900: 266.906: [GC (Allocation Failure) 266.906: [ParNew: 52870K->330K(59008K), 0.0359854 secs] 8867625K->8815085K(25159296K), 0.0362502 secs] [Times: user=0.45 sys=0.00, real=0.04 secs] 
2014-04-09T14:36:26.512+0900: 266.969: [GC (Allocation Failure) 266.969: [ParNew: 52810K->179K(59008K), 0.0363837 secs] 8867565K->8815167K(25159296K), 0.0366438 secs] [Times: user=0.46 sys=0.00, real=0.04 secs] 
2014-04-09T14:36:26.575+0900: 267.031: [GC (Allocation Failure) 267.032: [ParNew: 52659K->46K(59008K), 0.0337678 secs] 8867647K->8815034K(25159296K), 0.0340315 secs] [Times: user=0.42 sys=0.00, real=0.03 secs] 
2014-04-09T14:36:26.634+0900: 267.091: [GC (Allocation Failure) 267.091: [ParNew: 52526K->28K(59008K), 0.0338571 secs] 8867514K->8815017K(25159296K), 0.0341350 secs] [Times: user=0.42 sys=0.00, real=0.03 secs] 
2014-04-09T14:36:26.694+0900: 267.151: [GC (Allocation Failure) 267.151: [ParNew: 52508K->30K(59008K), 0.0344692 secs] 8867497K->8815021K(25159296K), 0.0347348 secs] [Times: user=0.43 sys=0.00, real=0.03 secs] 
2014-04-09T14:36:26.754+0900: 267.211: [GC (Allocation Failure) 267.211: [ParNew: 52510K->30K(59008K), 0.0350607 secs] 8867501K->8815021K(25159296K), 0.0353453 secs] [Times: user=0.45 sys=0.00, real=0.03 secs] 
2014-04-09T14:36:26.815+0900: 267.272: [GC (Allocation Failure) 267.272: [ParNew: 52510K->30K(59008K), 0.0356393 secs] 8867501K->8815022K(25159296K), 0.0359113 secs] [Times: user=0.45 sys=0.01, real=0.03 secs] 
2014-04-09T14:36:26.879+0900: 267.335: [GC (Allocation Failure) 267.335: [ParNew: 52510K->40K(59008K), 0.0346999 secs] 8867502K->8815032K(25159296K), 0.0350099 secs] [Times: user=0.44 sys=0.00, real=0.04 secs] 
2014-04-09T14:36:26.942+0900: 267.399: [GC (Allocation Failure) 267.399: [ParNew: 52520K->37K(59008K), 0.0383322 secs] 8867512K->8815032K(25159296K), 0.0386178 secs] [Times: user=0.49 sys=0.01, real=0.04 secs] 
2014-04-09T14:36:27.012+0900: 267.469: [GC (Allocation Failure) 267.469: [ParNew: 52517K->41K(59008K), 0.0343347 secs] 8867512K->8815036K(25159296K), 0.0346089 secs] [Times: user=0.44 sys=0.00, real=0.04 secs] 
2014-04-09T14:36:27.078+0900: 267.535: [GC (Allocation Failure) 267.535: [ParNew: 52521K->45K(59008K), 0.0351576 secs] 8867516K->8815043K(25159296K), 0.0354324 secs] [Times: user=0.44 sys=0.01, real=0.03 secs] 
2014-04-09T14:36:27.140+0900: 267.597: [GC (Allocation Failure) 267.597: [ParNew: 52525K->61K(59008K), 0.0335401 secs] 8867523K->8815058K(25159296K), 0.0338157 secs] [Times: user=0.43 sys=0.00, real=0.04 secs] 
2014-04-09T14:36:27.202+0900: 267.659: [GC (Allocation Failure) 267.659: [ParNew: 52541K->77K(59008K), 0.0342262 secs] 8867538K->8815075K(25159296K), 0.0344949 secs] [Times: user=0.43 sys=0.00, real=0.04 secs] 
2014-04-09T14:36:27.262+0900: 267.719: [GC (Allocation Failure) 267.719: [ParNew: 52557K->74K(59008K), 0.0369421 secs] 8867555K->8815087K(25159296K), 0.0372166 secs] [Times: user=0.47 sys=0.00, real=0.04 secs] 
2014-04-09T14:36:27.327+0900: 267.783: [GC (Allocation Failure) 267.784: [ParNew: 52554K->58K(59008K), 0.0364253 secs] 8867567K->8815070K(25159296K), 0.0366859 secs] [Times: user=0.46 sys=0.00, real=0.03 secs] 
2014-04-09T14:36:27.391+0900: 267.848: [GC (Allocation Failure) 267.848: [ParNew: 52538K->56K(59008K), 0.0338086 secs] 8867550K->8815075K(25159296K), 0.0340607 secs] [Times: user=0.43 sys=0.00, real=0.04 secs] 
2014-04-09T14:36:27.451+0900: 267.908: [GC (Allocation Failure) 267.908: [ParNew: 52536K->44K(59008K), 0.0342354 secs] 8867555K->8815070K(25159296K), 0.0344928 secs] [Times: user=0.43 sys=0.00, real=0.04 secs] 
2014-04-09T14:36:27.512+0900: 267.968: [GC (Allocation Failure) 267.969: [ParNew: 52524K->32K(59008K), 0.0339149 secs] 8867550K->8815071K(25159296K), 0.0341587 secs] [Times: user=0.43 sys=0.00, real=0.04 secs] 
2014-04-09T14:36:27.571+0900: 268.028: [GC (Allocation Failure) 268.028: [ParNew: 52512K->26K(59008K), 0.0335147 secs] 8867551K->8815073K(25159296K), 0.0337571 secs] [Times: user=0.42 sys=0.00, real=0.04 secs] 
2014-04-09T14:36:27.634+0900: 268.091: [GC (Allocation Failure) 268.091: [ParNew: 52506K->26K(59008K), 0.0355119 secs] 8867553K->8815073K(25159296K), 0.0357597 secs] [Times: user=0.45 sys=0.00, real=0.03 secs] 
2014-04-09T14:36:27.695+0900: 268.152: [GC (Allocation Failure) 268.152: [ParNew: 52506K->26K(59008K), 0.0356122 secs] 8867553K->8815073K(25159296K), 0.0358555 secs] [Times: user=0.45 sys=0.00, real=0.03 secs] 
2014-04-09T14:36:27.756+0900: 268.213: [GC (Allocation Failure) 268.213: [ParNew: 52506K->24K(59008K), 0.0345735 secs] 8867553K->8815073K(25159296K), 0.0348131 secs] [Times: user=0.44 sys=0.00, real=0.03 secs] 
2014-04-09T14:36:27.816+0900: 268.273: [GC (Allocation Failure) 268.273: [ParNew: 52504K->26K(59008K), 0.0317896 secs] 8867553K->8815075K(25159296K), 0.0320298 secs] [Times: user=0.39 sys=0.00, real=0.03 secs] 
2014-04-09T14:36:27.875+0900: 268.332: [GC (Allocation Failure) 268.332: [ParNew: 52506K->37K(59008K), 0.0334968 secs] 8867555K->8815087K(25159296K), 0.0337387 secs] [Times: user=0.43 sys=0.01, real=0.03 secs] 
2014-04-09T14:36:27.936+0900: 268.393: [GC (Allocation Failure) 268.393: [ParNew: 52517K->55K(59008K), 0.0331046 secs] 8867567K->8815105K(25159296K), 0.0333558 secs] [Times: user=0.43 sys=0.00, real=0.03 secs] 
2014-04-09T14:36:27.996+0900: 268.453: [GC (Allocation Failure) 268.453: [ParNew: 52535K->748K(59008K), 0.0342415 secs] 8867585K->8815798K(25159296K), 0.0344839 secs] [Times: user=0.44 sys=0.00, real=0.03 secs] 
2014-04-09T14:36:28.055+0900: 268.512: [GC (Allocation Failure) 268.512: [ParNew: 45796K->4582K(59008K), 0.0317804 secs] 8860846K->8819633K(25159296K), 0.0320268 secs] [Times: user=0.39 sys=0.01, real=0.03 secs] 
2014-04-09T14:36:28.115+0900: 268.572: [GC (Allocation Failure) 268.572: [ParNew: 57062K->2814K(59008K), 0.0378549 secs] 8872113K->8826233K(25159296K), 0.0381005 secs] [Times: user=0.47 sys=0.01, real=0.03 secs] 
2014-04-09T14:36:28.179+0900: 268.636: [GC (Allocation Failure) 268.636: [ParNew: 55294K->1015K(59008K), 0.0369383 secs] 8878713K->8842867K(25159296K), 0.0372068 secs] [Times: user=0.46 sys=0.01, real=0.04 secs] 
2014-04-09T14:36:28.240+0900: 268.697: [GC (Allocation Failure) 268.697: [ParNew: 53495K->5370K(59008K), 0.0347702 secs] 8895347K->8857382K(25159296K), 0.0350187 secs] [Times: user=0.43 sys=0.01, real=0.04 secs] 
2014-04-09T14:36:28.305+0900: 268.761: [GC (Allocation Failure) 268.761: [ParNew: 57850K->5136K(59008K), 0.0343085 secs] 8909862K->8874669K(25159296K), 0.0345514 secs] [Times: user=0.43 sys=0.01, real=0.03 secs] 
2014-04-09T14:36:28.359+0900: 268.816: [GC (Allocation Failure) 268.816: [ParNew: 57616K->6528K(59008K), 0.0378461 secs] 8927149K->8904236K(25159296K), 0.0380840 secs] [Times: user=0.48 sys=0.01, real=0.04 secs] 
2014-04-09T14:36:28.422+0900: 268.879: [GC (Allocation Failure) 268.879: [ParNew: 57275K->4492K(59008K), 0.0344644 secs] 8954984K->8930843K(25159296K), 0.0347052 secs] [Times: user=0.43 sys=0.00, real=0.04 secs] 
2014-04-09T14:36:28.489+0900: 268.945: [GC (Allocation Failure) 268.945: [ParNew: 51659K->6510K(59008K), 0.0433852 secs] 8978011K->8964209K(25159296K), 0.0436228 secs] [Times: user=0.55 sys=0.00, real=0.04 secs] 
2014-04-09T14:36:28.561+0900: 269.018: [GC (Allocation Failure) 269.018: [ParNew: 51484K->6528K(59008K), 0.0410635 secs] 9009183K->9002262K(25159296K), 0.0413077 secs] [Times: user=0.51 sys=0.00, real=0.04 secs] 
2014-04-09T14:36:28.622+0900: 269.078: [GC (Allocation Failure) 269.078: [ParNew: 59008K->6528K(59008K), 0.0421183 secs] 9054742K->9028852K(25159296K), 0.0423582 secs] [Times: user=0.52 sys=0.00, real=0.05 secs] 
2014-04-09T14:36:28.682+0900: 269.139: [GC (Allocation Failure) 269.139: [ParNew: 59008K->6528K(59008K), 0.0432037 secs] 9081332K->9058825K(25159296K), 0.0434615 secs] [Times: user=0.54 sys=0.00, real=0.05 secs] 
2014-04-09T14:36:28.803+0900: 269.260: [GC (Allocation Failure) 269.260: [ParNew: 59008K->6528K(59008K), 0.0462515 secs] 9111305K->9073381K(25159296K), 0.0465131 secs] [Times: user=0.56 sys=0.00, real=0.05 secs] 
2014-04-09T14:36:28.908+0900: 269.365: [GC (Allocation Failure) 269.365: [ParNew: 57887K->6528K(59008K), 0.0499263 secs] 9124740K->9084662K(25159296K), 0.0501842 secs] [Times: user=0.59 sys=0.00, real=0.05 secs] 
2014-04-09T14:36:29.024+0900: 269.481: [GC (Allocation Failure) 269.481: [ParNew: 59008K->3290K(59008K), 0.0378965 secs] 9137142K->9094432K(25159296K), 0.0381566 secs] [Times: user=0.46 sys=0.00, real=0.03 secs] 
2014-04-09T14:36:29.095+0900: 269.551: [GC (Allocation Failure) 269.552: [ParNew: 55770K->6528K(59008K), 0.0393128 secs] 9146912K->9112140K(25159296K), 0.0395721 secs] [Times: user=0.49 sys=0.01, real=0.04 secs] 
2014-04-09T14:36:29.247+0900: 269.704: [GC (Allocation Failure) 269.704: [ParNew: 59008K->2304K(59008K), 0.0374627 secs] 9164620K->9123937K(25159296K), 0.0377221 secs] [Times: user=0.47 sys=0.00, real=0.04 secs] 
2014-04-09T14:36:29.293+0900: 269.750: [CMS-concurrent-mark: 2.194/3.988 secs] [Times: user=35.51 sys=0.48, real=3.98 secs] 
2014-04-09T14:36:29.293+0900: 269.750: [CMS-concurrent-preclean-start]
2014-04-09T14:36:29.324+0900: 269.781: [GC (Allocation Failure) 269.781: [ParNew: 54782K->3153K(59008K), 0.0331309 secs] 9176416K->9145108K(25159296K), 0.0333906 secs] [Times: user=0.41 sys=0.01, real=0.03 secs] 
2014-04-09T14:36:29.385+0900: 269.842: [GC (Allocation Failure) 269.842: [ParNew: 55632K->6528K(59008K), 0.0433592 secs] 9197587K->9173052K(25159296K), 0.0436098 secs] [Times: user=0.54 sys=0.00, real=0.04 secs] 
2014-04-09T14:36:29.481+0900: 269.938: [GC (Allocation Failure) 269.938: [ParNew: 59008K->6528K(59008K), 0.0515813 secs] 9225532K->9196960K(25159296K), 0.0518310 secs] [Times: user=0.58 sys=0.01, real=0.05 secs] 
2014-04-09T14:36:29.590+0900: 270.047: [GC (Allocation Failure) 270.047: [ParNew: 59008K->6528K(59008K), 0.0448875 secs] 9249440K->9211008K(25159296K), 0.0451627 secs] [Times: user=0.54 sys=0.00, real=0.05 secs] 
2014-04-09T14:36:29.663+0900: 270.120: [GC (Allocation Failure) 270.120: [ParNew: 59008K->6528K(59008K), 0.0461196 secs] 9263488K->9231996K(25159296K), 0.0463681 secs] [Times: user=0.57 sys=0.01, real=0.04 secs] 
2014-04-09T14:36:29.756+0900: 270.213: [GC (Allocation Failure) 270.213: [ParNew: 59008K->6528K(59008K), 0.0457562 secs] 9284476K->9242008K(25159296K), 0.0459984 secs] [Times: user=0.54 sys=0.00, real=0.04 secs] 
2014-04-09T14:36:29.839+0900: 270.296: [GC (Allocation Failure) 270.296: [ParNew: 54195K->6528K(59008K), 0.0479031 secs] 9289676K->9262570K(25159296K), 0.0481556 secs] [Times: user=0.58 sys=0.01, real=0.05 secs] 
2014-04-09T14:36:29.929+0900: 270.386: [GC (Allocation Failure) 270.386: [ParNew: 56331K->3002K(59008K), 0.0456979 secs] 9312373K->9287950K(25159296K), 0.0459442 secs] [Times: user=0.57 sys=0.00, real=0.05 secs] 
2014-04-09T14:36:30.005+0900: 270.462: [GC (Allocation Failure) 270.462: [ParNew: 51700K->6528K(59008K), 0.0505372 secs] 9336647K->9316618K(25159296K), 0.0507796 secs] [Times: user=0.63 sys=0.00, real=0.05 secs] 
2014-04-09T14:36:30.076+0900: 270.533: [GC (Allocation Failure) 270.533: [ParNew: 59008K->6528K(59008K), 0.0483214 secs] 9369098K->9348685K(25159296K), 0.0485647 secs] [Times: user=0.59 sys=0.00, real=0.05 secs] 
2014-04-09T14:36:30.145+0900: 270.602: [GC (Allocation Failure) 270.602: [ParNew: 59007K->6528K(59008K), 0.0415064 secs] 9401164K->9364575K(25159296K), 0.0417841 secs] [Times: user=0.53 sys=0.01, real=0.04 secs] 
2014-04-09T14:36:30.214+0900: 270.671: [GC (Allocation Failure) 270.671: [ParNew: 52042K->6528K(59008K), 0.0443346 secs] 9410090K->9390677K(25159296K), 0.0446158 secs] [Times: user=0.57 sys=0.01, real=0.04 secs] 
2014-04-09T14:36:30.295+0900: 270.752: [GC (Allocation Failure) 270.752: [ParNew: 59008K->6528K(59008K), 0.0457863 secs] 9443157K->9405429K(25159296K), 0.0460250 secs] [Times: user=0.57 sys=0.00, real=0.04 secs] 
2014-04-09T14:36:30.382+0900: 270.839: [GC (Allocation Failure) 270.839: [ParNew: 59008K->6528K(59008K), 0.0456828 secs] 9457909K->9427756K(25159296K), 0.0459269 secs] [Times: user=0.56 sys=0.01, real=0.05 secs] 
2014-04-09T14:36:30.483+0900: 270.940: [CMS-concurrent-preclean: 0.481/1.190 secs] [Times: user=9.83 sys=0.14, real=1.19 secs] 
2014-04-09T14:36:30.484+0900: 270.941: [GC (Allocation Failure) 270.941: [ParNew: 59008K->6528K(59008K), 0.0466917 secs] 9480236K->9444273K(25159296K), 0.0469168 secs] [Times: user=0.58 sys=0.01, real=0.04 secs] 
2014-04-09T14:36:30.533+0900: 270.989: [GC (CMS Final Remark) [YG occupancy: 6713 K (59008 K)]270.989: [Rescan (parallel) , 0.0188147 secs]271.008: [weak refs processing, 0.0000527 secs]271.008: [class unloading, 0.0377235 secs]271.046: [scrub symbol table, 0.0037366 secs]271.050: [scrub string table, 0.0010599 secs][1 CMS-remark: 9437745K(25100288K)] 9444458K(25159296K), 0.0673929 secs] [Times: user=0.28 sys=0.00, real=0.07 secs] 
2014-04-09T14:36:30.601+0900: 271.057: [CMS-concurrent-sweep-start]
2014-04-09T14:36:30.635+0900: 271.091: [GC (Allocation Failure) 271.091: [ParNew: 59008K->6528K(59008K), 0.0426246 secs] 9496532K->9461638K(25159296K), 0.0428654 secs] [Times: user=0.52 sys=0.01, real=0.04 secs] 
2014-04-09T14:36:30.710+0900: 271.166: [GC (Allocation Failure) 271.166: [ParNew: 57936K->5636K(59008K), 0.0347570 secs] 9512743K->9480765K(25159296K), 0.0349954 secs] [Times: user=0.44 sys=0.00, real=0.04 secs] 
2014-04-09T14:36:30.818+0900: 271.275: [GC (Allocation Failure) 271.275: [ParNew: 54926K->6528K(59008K), 0.0409491 secs] 9528741K->9500470K(25159296K), 0.0411948 secs] [Times: user=0.49 sys=0.01, real=0.04 secs] 
2014-04-09T14:36:30.884+0900: 271.341: [GC (Allocation Failure) 271.341: [ParNew: 59000K->6528K(59008K), 0.0419527 secs] 9552879K->9527258K(25159296K), 0.0422054 secs] [Times: user=0.52 sys=0.00, real=0.04 secs] 
2014-04-09T14:36:30.947+0900: 271.404: [GC (Allocation Failure) 271.404: [ParNew: 59008K->6528K(59008K), 0.0374817 secs] 9578865K->9554670K(25159296K), 0.0377464 secs] [Times: user=0.44 sys=0.01, real=0.04 secs] 
2014-04-09T14:36:31.010+0900: 271.467: [GC (Allocation Failure) 271.467: [ParNew: 59008K->6528K(59008K), 0.0506968 secs] 9606395K->9587589K(25159296K), 0.0509367 secs] [Times: user=0.62 sys=0.01, real=0.05 secs] 
2014-04-09T14:36:31.098+0900: 271.554: [GC (Allocation Failure) 271.555: [ParNew: 59008K->6528K(59008K), 0.0517753 secs] 9639335K->9600774K(25159296K), 0.0520208 secs] [Times: user=0.63 sys=0.00, real=0.05 secs] 
2014-04-09T14:36:31.191+0900: 271.648: [GC (Allocation Failure) 271.648: [ParNew: 52970K->6528K(59008K), 0.0481237 secs] 9646300K->9617119K(25159296K), 0.0483775 secs] [Times: user=0.57 sys=0.01, real=0.05 secs] 
2014-04-09T14:36:31.293+0900: 271.750: [GC (Allocation Failure) 271.750: [ParNew: 59008K->4976K(59008K), 0.0488399 secs] 9669178K->9626009K(25159296K), 0.0490965 secs] [Times: user=0.61 sys=0.00, real=0.04 secs] 
2014-04-09T14:36:31.390+0900: 271.847: [GC (Allocation Failure) 271.847: [ParNew: 57227K->6527K(59008K), 0.0449594 secs] 9675904K->9641377K(25159296K), 0.0452156 secs] [Times: user=0.56 sys=0.00, real=0.05 secs] 
2014-04-09T14:36:31.509+0900: 271.965: [GC (Allocation Failure) 271.966: [ParNew: 59007K->5782K(59008K), 0.0382516 secs] 9692031K->9650715K(25159296K), 0.0385107 secs] [Times: user=0.48 sys=0.00, real=0.04 secs] 
2014-04-09T14:36:31.569+0900: 272.026: [GC (Allocation Failure) 272.026: [ParNew: 58262K->6528K(59008K), 0.0352915 secs] 9702829K->9666840K(25159296K), 0.0355482 secs] [Times: user=0.44 sys=0.00, real=0.04 secs] 
2014-04-09T14:36:31.645+0900: 272.102: [GC (Allocation Failure) 272.102: [ParNew: 59008K->6528K(59008K), 0.0430995 secs] 9719094K->9698200K(25159296K), 0.0433643 secs] [Times: user=0.52 sys=0.01, real=0.04 secs] 
2014-04-09T14:36:31.747+0900: 272.203: [GC (Allocation Failure) 272.204: [ParNew: 59008K->6528K(59008K), 0.0532936 secs] 9749199K->9711835K(25159296K), 0.0535500 secs] [Times: user=0.64 sys=0.00, real=0.05 secs] 
2014-04-09T14:36:31.881+0900: 272.337: [GC (Allocation Failure) 272.337: [ParNew: 59008K->5784K(59008K), 0.0440831 secs] 9761242K->9712703K(25159296K), 0.0443435 secs] [Times: user=0.54 sys=0.01, real=0.05 secs] 
2014-04-09T14:36:31.951+0900: 272.407: [GC (Allocation Failure) 272.407: [ParNew: 51726K->6528K(59008K), 0.0399851 secs] 9758063K->9735310K(25159296K), 0.0402422 secs] [Times: user=0.49 sys=0.01, real=0.04 secs] 
2014-04-09T14:36:32.034+0900: 272.491: [GC (Allocation Failure) 272.491: [ParNew: 58342K->6528K(59008K), 0.0504778 secs] 9786310K->9755662K(25159296K), 0.0507383 secs] [Times: user=0.61 sys=0.00, real=0.05 secs] 
2014-04-09T14:36:32.112+0900: 272.569: [GC (Allocation Failure) 272.569: [ParNew: 58998K->6528K(59008K), 0.0426745 secs] 9807917K->9782827K(25159296K), 0.0429315 secs] [Times: user=0.53 sys=0.00, real=0.05 secs] 
2014-04-09T14:36:32.183+0900: 272.639: [GC (Allocation Failure) 272.640: [ParNew: 59008K->6528K(59008K), 0.0483082 secs] 9835101K->9820289K(25159296K), 0.0485643 secs] [Times: user=0.59 sys=0.01, real=0.05 secs] 
2014-04-09T14:36:32.259+0900: 272.716: [GC (Allocation Failure) 272.716: [ParNew: 59008K->6528K(59008K), 0.0435409 secs] 9871743K->9840322K(25159296K), 0.0438127 secs] [Times: user=0.54 sys=0.01, real=0.04 secs] 
2014-04-09T14:36:32.328+0900: 272.785: [GC (Allocation Failure) 272.785: [ParNew: 59008K->6528K(59008K), 0.0495584 secs] 9892070K->9869950K(25159296K), 0.0498147 secs] [Times: user=0.60 sys=0.01, real=0.05 secs] 
2014-04-09T14:36:32.419+0900: 272.875: [GC (Allocation Failure) 272.876: [ParNew: 59008K->6528K(59008K), 0.0435839 secs] 9921792K->9883306K(25159296K), 0.0438423 secs] [Times: user=0.46 sys=0.01, real=0.04 secs] 
2014-04-09T14:36:32.502+0900: 272.959: [GC (Allocation Failure) 272.959: [ParNew: 59008K->6528K(59008K), 0.0474137 secs] 9935033K->9905321K(25159296K), 0.0476704 secs] [Times: user=0.56 sys=0.01, real=0.05 secs] 
2014-04-09T14:36:32.597+0900: 273.054: [GC (Allocation Failure) 273.054: [ParNew: 59008K->4120K(59008K), 0.0380303 secs] 9957158K->9912992K(25159296K), 0.0382897 secs] [Times: user=0.48 sys=0.00, real=0.04 secs] 
2014-04-09T14:36:32.661+0900: 273.118: [GC (Allocation Failure) 273.118: [ParNew: 56600K->6527K(59008K), 0.0460654 secs] 9964007K->9930563K(25159296K), 0.0463258 secs] [Times: user=0.56 sys=0.01, real=0.05 secs] 
2014-04-09T14:36:32.733+0900: 273.190: [GC (Allocation Failure) 273.190: [ParNew: 59007K->2186K(59008K), 0.0367320 secs] 9982832K->9946439K(25159296K), 0.0369804 secs] [Times: user=0.48 sys=0.02, real=0.03 secs] 
2014-04-09T14:36:32.812+0900: 273.269: [GC (Allocation Failure) 273.269: [ParNew: 54665K->6528K(59008K), 0.0448099 secs] 9997711K->9967142K(25159296K), 0.0450583 secs] [Times: user=0.56 sys=0.00, real=0.05 secs] 
2014-04-09T14:36:32.903+0900: 273.360: [GC (Allocation Failure) 273.360: [ParNew: 56615K->6528K(59008K), 0.0496531 secs] 10016442K->9999709K(25159296K), 0.0499115 secs] [Times: user=0.59 sys=0.01, real=0.05 secs] 
2014-04-09T14:36:32.974+0900: 273.431: [GC (Allocation Failure) 273.431: [ParNew: 59008K->6528K(59008K), 0.0433566 secs] 10052065K->10026243K(25159296K), 0.0436171 secs] [Times: user=0.54 sys=0.01, real=0.04 secs] 
2014-04-09T14:36:33.037+0900: 273.494: [GC (Allocation Failure) 273.494: [ParNew: 49117K->6528K(59008K), 0.0365821 secs] 10068586K->10037742K(25159296K), 0.0368320 secs] [Times: user=0.46 sys=0.00, real=0.03 secs] 
2014-04-09T14:36:33.117+0900: 273.573: [GC (Allocation Failure) 273.573: [ParNew: 59008K->6528K(59008K), 0.0481600 secs] 10087605K->10061019K(25159296K), 0.0484068 secs] [Times: user=0.60 sys=0.01, real=0.05 secs] 
2014-04-09T14:36:33.203+0900: 273.660: [GC (Allocation Failure) 273.660: [ParNew: 50063K->6528K(59008K), 0.0441981 secs] 10102342K->10076951K(25159296K), 0.0444484 secs] [Times: user=0.54 sys=0.01, real=0.05 secs] 
2014-04-09T14:36:33.279+0900: 273.736: [GC (Allocation Failure) 273.736: [ParNew: 59008K->6528K(59008K), 0.0507431 secs] 10128918K->10113632K(25159296K), 0.0509998 secs] [Times: user=0.63 sys=0.01, real=0.05 secs] 
2014-04-09T14:36:33.369+0900: 273.825: [GC (Allocation Failure) 273.826: [ParNew: 59008K->6528K(59008K), 0.0490973 secs] 10165262K->10142940K(25159296K), 0.0493507 secs] [Times: user=0.60 sys=0.00, real=0.05 secs] 
2014-04-09T14:36:33.446+0900: 273.903: [GC (Allocation Failure) 273.903: [ParNew: 59008K->6528K(59008K), 0.0430367 secs] 10194164K->10155141K(25159296K), 0.0432936 secs] [Times: user=0.54 sys=0.00, real=0.04 secs] 
2014-04-09T14:36:33.520+0900: 273.977: [GC (Allocation Failure) 273.977: [ParNew: 57583K->6528K(59008K), 0.0460268 secs] 10206001K->10182251K(25159296K), 0.0462830 secs] [Times: user=0.54 sys=0.01, real=0.05 secs] 
2014-04-09T14:36:33.618+0900: 274.075: [GC (Allocation Failure) 274.075: [ParNew: 59008K->6528K(59008K), 0.0446739 secs] 10234200K->10200388K(25159296K), 0.0449319 secs] [Times: user=0.55 sys=0.00, real=0.04 secs] 
2014-04-09T14:36:33.694+0900: 274.151: [GC (Allocation Failure) 274.151: [ParNew: 58746K->6528K(59008K), 0.0394368 secs] 10251625K->10225037K(25159296K), 0.0396828 secs] [Times: user=0.49 sys=0.00, real=0.04 secs] 
2014-04-09T14:36:33.754+0900: 274.211: [GC (Allocation Failure) 274.211: [ParNew: 51152K->6528K(59008K), 0.0486960 secs] 10269118K->10243787K(25159296K), 0.0489395 secs] [Times: user=0.61 sys=0.00, real=0.05 secs] 
2014-04-09T14:36:33.830+0900: 274.287: [GC (Allocation Failure) 274.287: [ParNew: 59008K->6528K(59008K), 0.0459740 secs] 10295538K->10277713K(25159296K), 0.0462143 secs] [Times: user=0.53 sys=0.00, real=0.05 secs] 
2014-04-09T14:36:33.901+0900: 274.358: [GC (Allocation Failure) 274.358: [ParNew: 59008K->6528K(59008K), 0.0507675 secs] 10329183K->10311138K(25159296K), 0.0510137 secs] [Times: user=0.62 sys=0.00, real=0.05 secs] 
2014-04-09T14:36:33.978+0900: 274.435: [GC (Allocation Failure) 274.435: [ParNew: 59008K->6528K(59008K), 0.0461219 secs] 10362803K->10331783K(25159296K), 0.0463610 secs] [Times: user=0.57 sys=0.01, real=0.04 secs] 
2014-04-09T14:36:34.044+0900: 274.501: [GC (Allocation Failure) 274.501: [ParNew: 59008K->6528K(59008K), 0.0462214 secs] 10384193K->10350553K(25159296K), 0.0464631 secs] [Times: user=0.53 sys=0.02, real=0.05 secs] 
2014-04-09T14:36:34.107+0900: 274.564: [GC (Allocation Failure) 274.564: [ParNew: 57733K->6528K(59008K), 0.0459082 secs] 10401624K->10371695K(25159296K), 0.0461511 secs] [Times: user=0.56 sys=0.00, real=0.04 secs] 
2014-04-09T14:36:34.175+0900: 274.632: [GC (Allocation Failure) 274.632: [ParNew: 59008K->6528K(59008K), 0.0476569 secs] 10423923K->10400439K(25159296K), 0.0478936 secs] [Times: user=0.59 sys=0.00, real=0.04 secs] 
2014-04-09T14:36:34.248+0900: 274.705: [GC (Allocation Failure) 274.705: [ParNew: 59008K->6528K(59008K), 0.0453747 secs] 10451377K->10422198K(25159296K), 0.0456109 secs] [Times: user=0.53 sys=0.00, real=0.04 secs] 
2014-04-09T14:36:34.323+0900: 274.779: [GC (Allocation Failure) 274.780: [ParNew: 59008K->6528K(59008K), 0.0470285 secs] 10473908K->10443506K(25159296K), 0.0472664 secs] [Times: user=0.56 sys=0.01, real=0.05 secs] 
2014-04-09T14:36:34.394+0900: 274.851: [GC (Allocation Failure) 274.851: [ParNew: 59008K->6528K(59008K), 0.0445388 secs] 10493637K->10460622K(25159296K), 0.0447730 secs] [Times: user=0.55 sys=0.00, real=0.05 secs] 
2014-04-09T14:36:34.459+0900: 274.916: [GC (Allocation Failure) 274.916: [ParNew: 57539K->6528K(59008K), 0.0451395 secs] 10510904K->10474165K(25159296K), 0.0453749 secs] [Times: user=0.55 sys=0.00, real=0.05 secs] 
2014-04-09T14:36:34.532+0900: 274.989: [GC (Allocation Failure) 274.989: [ParNew: 59008K->6311K(59008K), 0.0390980 secs] 10524372K->10483312K(25159296K), 0.0393316 secs] [Times: user=0.48 sys=0.01, real=0.04 secs] 
2014-04-09T14:36:34.599+0900: 275.056: [CMS-concurrent-sweep: 1.665/3.999 secs] [Times: user=34.08 sys=0.59, real=4.00 secs] 
2014-04-09T14:36:34.599+0900: 275.056: [CMS-concurrent-reset-start]
2014-04-09T14:36:34.607+0900: 275.064: [GC (Allocation Failure) 275.064: [ParNew: 58791K->850K(59008K), 0.0471529 secs] 10435068K->10396920K(25159296K), 0.0473885 secs] [Times: user=0.57 sys=0.01, real=0.05 secs] 
2014-04-09T14:36:34.681+0900: 275.138: [GC (Allocation Failure) 275.138: [ParNew: 53330K->3877K(59008K), 0.0420824 secs] 10449400K->10420348K(25159296K), 0.0423148 secs] [Times: user=0.53 sys=0.00, real=0.04 secs] 
2014-04-09T14:36:34.747+0900: 275.204: [GC (Allocation Failure) 275.204: [ParNew: 56357K->6526K(59008K), 0.0356300 secs] 10472828K->10440755K(25159296K), 0.0358603 secs] [Times: user=0.45 sys=0.00, real=0.03 secs] 
2014-04-09T14:36:34.802+0900: 275.258: [GC (Allocation Failure) 275.259: [ParNew: 59006K->6528K(59008K), 0.0356701 secs] 10493235K->10467009K(25159296K), 0.0358998 secs] [Times: user=0.45 sys=0.00, real=0.04 secs] 
2014-04-09T14:36:34.859+0900: 275.316: [GC (Allocation Failure) 275.316: [ParNew: 55233K->6259K(59008K), 0.0395851 secs] 10515715K->10495344K(25159296K), 0.0398136 secs] [Times: user=0.50 sys=0.00, real=0.04 secs] 
2014-04-09T14:36:34.911+0900: 275.368: [CMS-concurrent-reset: 0.100/0.311 secs] [Times: user=3.06 sys=0.06, real=0.31 secs] 
2014-04-09T14:36:34.930+0900: 275.387: [GC (Allocation Failure) 275.387: [ParNew: 58739K->6528K(59008K), 0.0493926 secs] 10547823K->10526821K(25159296K), 0.0496238 secs] [Times: user=0.58 sys=0.01, real=0.05 secs] 
2014-04-09T14:36:34.981+0900: 275.438: [GC (CMS Initial Mark) [1 CMS-initial-mark: 10520293K(25100288K)] 10526898K(25159296K), 0.0016109 secs] [Times: user=0.01 sys=0.00, real=0.00 secs] 
2014-04-09T14:36:34.983+0900: 275.440: [CMS-concurrent-mark-start]
2014-04-09T14:36:35.011+0900: 275.468: [GC (Allocation Failure) 275.468: [ParNew: 59007K->6528K(59008K), 0.0471736 secs] 10579300K->10563528K(25159296K), 0.0474100 secs] [Times: user=0.56 sys=0.01, real=0.05 secs] 
2014-04-09T14:36:35.077+0900: 275.534: [GC (Allocation Failure) 275.534: [ParNew: 59008K->6528K(59008K), 0.0431844 secs] 10616008K->10589688K(25159296K), 0.0434220 secs] [Times: user=0.52 sys=0.00, real=0.04 secs] 
2014-04-09T14:36:35.143+0900: 275.600: [GC (Allocation Failure) 275.600: [ParNew: 59007K->6528K(59008K), 0.0488065 secs] 10642168K->10618163K(25159296K), 0.0490423 secs] [Times: user=0.60 sys=0.00, real=0.05 secs] 
2014-04-09T14:36:35.227+0900: 275.683: [GC (Allocation Failure) 275.684: [ParNew: 59008K->6528K(59008K), 0.0520009 secs] 10670643K->10627506K(25159296K), 0.0522568 secs] [Times: user=0.64 sys=0.00, real=0.05 secs] 
2014-04-09T14:36:35.319+0900: 275.776: [GC (Allocation Failure) 275.776: [ParNew: 58035K->6528K(59008K), 0.0479633 secs] 10679014K->10642145K(25159296K), 0.0482052 secs] [Times: user=0.55 sys=0.01, real=0.05 secs] 
2014-04-09T14:36:35.397+0900: 275.854: [GC (Allocation Failure) 275.854: [ParNew: 59008K->5217K(59008K), 0.0363529 secs] 10694625K->10653147K(25159296K), 0.0365880 secs] [Times: user=0.46 sys=0.00, real=0.03 secs] 
2014-04-09T14:36:35.480+0900: 275.937: [GC (Allocation Failure) 275.937: [ParNew: 57690K->5372K(59008K), 0.0423722 secs] 10705619K->10668634K(25159296K), 0.0426172 secs] [Times: user=0.52 sys=0.01, real=0.04 secs] 
2014-04-09T14:36:35.546+0900: 276.003: [GC (Allocation Failure) 276.003: [ParNew: 54428K->6136K(59008K), 0.0350383 secs] 10717690K->10690690K(25159296K), 0.0352761 secs] [Times: user=0.43 sys=0.00, real=0.03 secs] 
2014-04-09T14:36:35.616+0900: 276.073: [GC (Allocation Failure) 276.073: [ParNew: 58616K->6528K(59008K), 0.0515614 secs] 10743170K->10720789K(25159296K), 0.0517967 secs] [Times: user=0.61 sys=0.01, real=0.05 secs] 
2014-04-09T14:36:35.731+0900: 276.188: [GC (Allocation Failure) 276.188: [ParNew: 59008K->6528K(59008K), 0.0511126 secs] 10773269K->10739055K(25159296K), 0.0513520 secs] [Times: user=0.58 sys=0.01, real=0.05 secs] 
2014-04-09T14:36:35.829+0900: 276.286: [GC (Allocation Failure) 276.286: [ParNew: 59008K->6528K(59008K), 0.0388001 secs] 10791535K->10753668K(25159296K), 0.0390581 secs] [Times: user=0.45 sys=0.01, real=0.04 secs] 
2014-04-09T14:36:35.921+0900: 276.378: [GC (Allocation Failure) 276.378: [ParNew: 59008K->5956K(59008K), 0.0428950 secs] 10806148K->10767040K(25159296K), 0.0431482 secs] [Times: user=0.51 sys=0.00, real=0.05 secs] 
2014-04-09T14:36:35.999+0900: 276.456: [GC (Allocation Failure) 276.456: [ParNew: 53733K->6434K(59008K), 0.0397928 secs] 10814817K->10787919K(25159296K), 0.0400524 secs] [Times: user=0.51 sys=0.00, real=0.04 secs] 
2014-04-09T14:36:36.070+0900: 276.527: [GC (Allocation Failure) 276.527: [ParNew: 56119K->6528K(59008K), 0.0423361 secs] 10837604K->10805520K(25159296K), 0.0425798 secs] [Times: user=0.53 sys=0.00, real=0.04 secs] 
2014-04-09T14:36:36.147+0900: 276.603: [GC (Allocation Failure) 276.603: [ParNew: 55831K->6518K(59008K), 0.0386804 secs] 10854824K->10836511K(25159296K), 0.0389389 secs] [Times: user=0.49 sys=0.01, real=0.04 secs] 
2014-04-09T14:36:36.212+0900: 276.669: [GC (Allocation Failure) 276.669: [ParNew: 55359K->156K(59008K), 0.0455885 secs] 10885352K->10862735K(25159296K), 0.0458355 secs] [Times: user=0.58 sys=0.00, real=0.05 secs] 
2014-04-09T14:36:36.283+0900: 276.740: [GC (Allocation Failure) 276.740: [ParNew: 49378K->6527K(59008K), 0.0463209 secs] 10911957K->10887204K(25159296K), 0.0465677 secs] [Times: user=0.59 sys=0.00, real=0.05 secs] 
2014-04-09T14:36:36.401+0900: 276.858: [GC (Allocation Failure) 276.858: [ParNew: 59007K->6528K(59008K), 0.0528725 secs] 10939684K->10921486K(25159296K), 0.0531365 secs] [Times: user=0.63 sys=0.01, real=0.06 secs] 
2014-04-09T14:36:36.513+0900: 276.969: [GC (Allocation Failure) 276.969: [ParNew: 59008K->6528K(59008K), 0.0700586 secs] 10973966K->10942816K(25159296K), 0.0703063 secs] [Times: user=0.69 sys=0.02, real=0.07 secs] 
2014-04-09T14:36:36.629+0900: 277.086: [GC (Allocation Failure) 277.086: [ParNew: 57222K->6528K(59008K), 0.0460069 secs] 10993510K->10956428K(25159296K), 0.0462729 secs] [Times: user=0.56 sys=0.00, real=0.05 secs] 
2014-04-09T14:36:36.713+0900: 277.170: [GC (Allocation Failure) 277.170: [ParNew: 58196K->6528K(59008K), 0.0469191 secs] 11008097K->10968838K(25159296K), 0.0471776 secs] [Times: user=0.58 sys=0.01, real=0.05 secs] 
2014-04-09T14:36:36.808+0900: 277.265: [GC (Allocation Failure) 277.265: [ParNew: 59008K->6528K(59008K), 0.0412555 secs] 11021318K->10992129K(25159296K), 0.0415029 secs] [Times: user=0.49 sys=0.01, real=0.04 secs] 
2014-04-09T14:36:36.873+0900: 277.330: [GC (Allocation Failure) 277.330: [ParNew: 55125K->6528K(59008K), 0.0443767 secs] 11040727K->11019467K(25159296K), 0.0446433 secs] [Times: user=0.54 sys=0.01, real=0.05 secs] 
2014-04-09T14:36:36.939+0900: 277.396: [GC (Allocation Failure) 277.396: [ParNew: 59008K->6528K(59008K), 0.0394399 secs] 11071947K->11046004K(25159296K), 0.0396951 secs] [Times: user=0.53 sys=0.00, real=0.04 secs] 
2014-04-09T14:36:36.998+0900: 277.454: [GC (Allocation Failure) 277.455: [ParNew: 51207K->6528K(59008K), 0.0421059 secs] 11090683K->11059433K(25159296K), 0.0423503 secs] [Times: user=0.53 sys=0.01, real=0.04 secs] 
2014-04-09T14:36:37.073+0900: 277.530: [GC (Allocation Failure) 277.530: [ParNew: 59006K->6528K(59008K), 0.0486752 secs] 11111912K->11080848K(25159296K), 0.0489232 secs] [Times: user=0.55 sys=0.01, real=0.05 secs] 
2014-04-09T14:36:37.159+0900: 277.616: [GC (Allocation Failure) 277.616: [ParNew: 59008K->6528K(59008K), 0.0602122 secs] 11133328K->11094152K(25159296K), 0.0604650 secs] [Times: user=0.65 sys=0.01, real=0.06 secs] 
2014-04-09T14:36:37.260+0900: 277.717: [GC (Allocation Failure) 277.717: [ParNew: 59008K->6528K(59008K), 0.0393133 secs] 11146632K->11106768K(25159296K), 0.0395599 secs] [Times: user=0.47 sys=0.01, real=0.04 secs] 
2014-04-09T14:36:37.341+0900: 277.797: [GC (Allocation Failure) 277.798: [ParNew: 52178K->5067K(59008K), 0.0467835 secs] 11152418K->11121842K(25159296K), 0.0470305 secs] [Times: user=0.58 sys=0.00, real=0.05 secs] 
2014-04-09T14:36:37.414+0900: 277.871: [GC (Allocation Failure) 277.871: [ParNew: 57547K->6528K(59008K), 0.0442239 secs] 11174322K->11135223K(25159296K), 0.0444814 secs] [Times: user=0.56 sys=0.01, real=0.05 secs] 
2014-04-09T14:36:37.542+0900: 277.999: [GC (Allocation Failure) 277.999: [ParNew: 53669K->2710K(59008K), 0.0392825 secs] 11182365K->11153414K(25159296K), 0.0395360 secs] [Times: user=0.48 sys=0.00, real=0.04 secs] 
2014-04-09T14:36:37.618+0900: 278.075: [GC (Allocation Failure) 278.075: [ParNew: 55188K->6528K(59008K), 0.0423401 secs] 11205892K->11180543K(25159296K), 0.0425922 secs] [Times: user=0.54 sys=0.00, real=0.04 secs] 
2014-04-09T14:36:37.693+0900: 278.149: [GC (Allocation Failure) 278.150: [ParNew: 59008K->4799K(59008K), 0.0381767 secs] 11233023K->11209909K(25159296K), 0.0384357 secs] [Times: user=0.48 sys=0.00, real=0.04 secs] 
2014-04-09T14:36:37.762+0900: 278.219: [GC (Allocation Failure) 278.219: [ParNew: 57278K->5669K(59008K), 0.0479741 secs] 11262388K->11232740K(25159296K), 0.0482247 secs] [Times: user=0.61 sys=0.00, real=0.05 secs] 
2014-04-09T14:36:37.865+0900: 278.322: [GC (Allocation Failure) 278.322: [ParNew: 58148K->6528K(59008K), 0.0718443 secs] 11285219K->11258788K(25159296K), 0.0721009 secs] [Times: user=0.71 sys=0.02, real=0.07 secs] 
2014-04-09T14:36:38.011+0900: 278.467: [GC (Allocation Failure) 278.467: [ParNew: 59008K->6528K(59008K), 0.0452350 secs] 11311268K->11270221K(25159296K), 0.0454828 secs] [Times: user=0.54 sys=0.01, real=0.05 secs] 
2014-04-09T14:36:38.095+0900: 278.552: [GC (Allocation Failure) 278.552: [ParNew: 57565K->5361K(59008K), 0.0477716 secs] 11321259K->11284998K(25159296K), 0.0480262 secs] [Times: user=0.55 sys=0.01, real=0.04 secs] 
2014-04-09T14:36:38.181+0900: 278.637: [GC (Allocation Failure) 278.637: [ParNew: 57841K->6528K(59008K), 0.0426767 secs] 11337477K->11302274K(25159296K), 0.0429345 secs] [Times: user=0.53 sys=0.01, real=0.04 secs] 
2014-04-09T14:36:38.246+0900: 278.703: [GC (Allocation Failure) 278.703: [ParNew: 59008K->6528K(59008K), 0.0486751 secs] 11354754K->11337846K(25159296K), 0.0489345 secs] [Times: user=0.60 sys=0.01, real=0.05 secs] 
2014-04-09T14:36:38.330+0900: 278.787: [GC (Allocation Failure) 278.787: [ParNew: 59008K->6528K(59008K), 0.0536224 secs] 11390326K->11361032K(25159296K), 0.0538695 secs] [Times: user=0.63 sys=0.00, real=0.05 secs] 
2014-04-09T14:36:38.408+0900: 278.865: [GC (Allocation Failure) 278.865: [ParNew: 59008K->6528K(59008K), 0.0462333 secs] 11413512K->11385075K(25159296K), 0.0464820 secs] [Times: user=0.56 sys=0.01, real=0.05 secs] 
2014-04-09T14:36:38.483+0900: 278.940: [GC (Allocation Failure) 278.940: [ParNew: 59008K->6528K(59008K), 0.0383259 secs] 11437555K->11401173K(25159296K), 0.0385730 secs] [Times: user=0.47 sys=0.00, real=0.04 secs] 
2014-04-09T14:36:38.577+0900: 279.034: [GC (Allocation Failure) 279.034: [ParNew: 59008K->5104K(59008K), 0.0421956 secs] 11453653K->11413391K(25159296K), 0.0424434 secs] [Times: user=0.52 sys=0.01, real=0.04 secs] 
2014-04-09T14:36:38.662+0900: 279.119: [GC (Allocation Failure) 279.119: [ParNew: 57584K->5624K(59008K), 0.0347260 secs] 11465871K->11434311K(25159296K), 0.0349845 secs] [Times: user=0.44 sys=0.00, real=0.04 secs] 
2014-04-09T14:36:38.717+0900: 279.173: [GC (Allocation Failure) 279.173: [ParNew: 58103K->6528K(59008K), 0.0501346 secs] 11486790K->11463205K(25159296K), 0.0503869 secs] [Times: user=0.63 sys=0.00, real=0.05 secs] 
2014-04-09T14:36:38.787+0900: 279.243: [CMS-concurrent-mark: 1.675/3.803 secs] [Times: user=35.91 sys=0.71, real=3.81 secs] 
2014-04-09T14:36:38.787+0900: 279.244: [CMS-concurrent-preclean-start]
2014-04-09T14:36:38.811+0900: 279.268: [GC (Allocation Failure) 279.268: [ParNew: 53414K->6528K(59008K), 0.0434812 secs] 11510092K->11480681K(25159296K), 0.0437291 secs] [Times: user=0.54 sys=0.00, real=0.05 secs] 
2014-04-09T14:36:38.884+0900: 279.341: [GC (Allocation Failure) 279.341: [ParNew: 59008K->6528K(59008K), 0.0524916 secs] 11533161K->11522313K(25159296K), 0.0527413 secs] [Times: user=0.63 sys=0.01, real=0.06 secs] 
2014-04-09T14:36:38.959+0900: 279.416: [GC (Allocation Failure) 279.416: [ParNew: 52831K->5912K(59008K), 0.0373290 secs] 11568617K->11532286K(25159296K), 0.0375829 secs] [Times: user=0.46 sys=0.02, real=0.04 secs] 
2014-04-09T14:36:39.026+0900: 279.483: [GC (Allocation Failure) 279.483: [ParNew: 51279K->6528K(59008K), 0.0489411 secs] 11577654K->11561659K(25159296K), 0.0491884 secs] [Times: user=0.61 sys=0.00, real=0.05 secs] 
2014-04-09T14:36:39.101+0900: 279.558: [GC (Allocation Failure) 279.558: [ParNew: 59008K->6528K(59008K), 0.0497139 secs] 11614139K->11585324K(25159296K), 0.0499656 secs] [Times: user=0.60 sys=0.01, real=0.05 secs] 
2014-04-09T14:36:39.212+0900: 279.668: [GC (Allocation Failure) 279.668: [ParNew: 59008K->6528K(59008K), 0.0462802 secs] 11637804K->11595454K(25159296K), 0.0465326 secs] [Times: user=0.57 sys=0.00, real=0.05 secs] 
2014-04-09T14:36:39.317+0900: 279.774: [GC (Allocation Failure) 279.774: [ParNew: 48913K->4626K(59008K), 0.0387906 secs] 11637839K->11606354K(25159296K), 0.0390390 secs] [Times: user=0.48 sys=0.00, real=0.04 secs] 
2014-04-09T14:36:39.393+0900: 279.849: [GC (Allocation Failure) 279.850: [ParNew: 53309K->6528K(59008K), 0.0414862 secs] 11655038K->11630328K(25159296K), 0.0417269 secs] [Times: user=0.52 sys=0.00, real=0.05 secs] 
2014-04-09T14:36:39.492+0900: 279.949: [GC (Allocation Failure) 279.949: [ParNew: 59008K->3312K(59008K), 0.0374485 secs] 11682808K->11661567K(25159296K), 0.0376973 secs] [Times: user=0.47 sys=0.00, real=0.04 secs] 
2014-04-09T14:36:39.562+0900: 280.019: [GC (Allocation Failure) 280.019: [ParNew: 55792K->6528K(59008K), 0.0467371 secs] 11714047K->11688488K(25159296K), 0.0469843 secs] [Times: user=0.59 sys=0.00, real=0.05 secs] 
2014-04-09T14:36:39.648+0900: 280.104: [GC (Allocation Failure) 280.105: [ParNew: 59008K->6528K(59008K), 0.0618822 secs] 11740968K->11723398K(25159296K), 0.0621323 secs] [Times: user=0.69 sys=0.01, real=0.06 secs] 
2014-04-09T14:36:39.752+0900: 280.208: [GC (Allocation Failure) 280.209: [ParNew: 59008K->6528K(59008K), 0.0619689 secs] 11775878K->11742056K(25159296K), 0.0622126 secs] [Times: user=0.69 sys=0.01, real=0.06 secs] 
2014-04-09T14:36:39.887+0900: 280.344: [GC (Allocation Failure) 280.344: [ParNew: 59008K->6528K(59008K), 0.0444237 secs] 11794536K->11750090K(25159296K), 0.0446679 secs] [Times: user=0.55 sys=0.00, real=0.04 secs] 
2014-04-09T14:36:39.999+0900: 280.456: [GC (Allocation Failure) 280.456: [ParNew: 54235K->4924K(59008K), 0.0450701 secs] 11797797K->11765399K(25159296K), 0.0453157 secs] [Times: user=0.55 sys=0.00, real=0.04 secs] 
2014-04-09T14:36:40.077+0900: 280.533: [GC (Allocation Failure) 280.533: [ParNew: 57379K->6528K(59008K), 0.0425231 secs] 11817854K->11784097K(25159296K), 0.0427896 secs] [Times: user=0.54 sys=0.00, real=0.04 secs] 
2014-04-09T14:36:40.149+0900: 280.605: [GC (Allocation Failure) 280.605: [ParNew: 59008K->6528K(59008K), 0.0349418 secs] 11836577K->11804130K(25159296K), 0.0351819 secs] [Times: user=0.44 sys=0.00, real=0.03 secs] 
2014-04-09T14:36:40.289+0900: 280.745: [GC (Allocation Failure) 280.745: [ParNew: 59008K->6528K(59008K), 0.0464469 secs] 11856610K->11815927K(25159296K), 0.0466870 secs] [Times: user=0.57 sys=0.00, real=0.05 secs] 
2014-04-09T14:36:40.447+0900: 280.904: [GC (Allocation Failure) 280.904: [ParNew: 52201K->6528K(59008K), 0.0396226 secs] 11861600K->11822497K(25159296K), 0.0398607 secs] [Times: user=0.46 sys=0.01, real=0.04 secs] 
2014-04-09T14:36:40.559+0900: 281.015: [GC (Allocation Failure) 281.015: [ParNew: 59007K->6528K(59008K), 0.0444222 secs] 11874977K->11835423K(25159296K), 0.0446567 secs] [Times: user=0.56 sys=0.00, real=0.04 secs] 
2014-04-09T14:36:40.687+0900: 281.143: [CMS-concurrent-preclean: 0.893/1.900 secs] [Times: user=13.35 sys=0.22, real=1.90 secs] 
2014-04-09T14:36:40.688+0900: 281.144: [GC (Allocation Failure) 281.144: [ParNew: 59007K->6528K(59008K), 0.0440454 secs] 11887903K->11862292K(25159296K), 0.0442550 secs] [Times: user=0.55 sys=0.01, real=0.04 secs] 
2014-04-09T14:36:40.733+0900: 281.190: [GC (CMS Final Remark) [YG occupancy: 6605 K (59008 K)]281.190: [Rescan (parallel) , 0.0132367 secs]281.203: [weak refs processing, 0.0001073 secs]281.203: [class unloading, 0.0378135 secs]281.241: [scrub symbol table, 0.0037395 secs]281.245: [scrub string table, 0.0010609 secs][1 CMS-remark: 11855764K(25100288K)] 11862370K(25159296K), 0.0619817 secs] [Times: user=0.21 sys=0.00, real=0.06 secs] 
2014-04-09T14:36:40.796+0900: 281.253: [CMS-concurrent-sweep-start]
2014-04-09T14:36:40.901+0900: 281.357: [GC (Allocation Failure) 281.358: [ParNew: 59008K->6528K(59008K), 0.0419111 secs] 11858639K->11817917K(25159296K), 0.0421460 secs] [Times: user=0.51 sys=0.01, real=0.04 secs] 
2014-04-09T14:36:41.016+0900: 281.473: [GC (Allocation Failure) 281.473: [ParNew: 50463K->3309K(59008K), 0.0388187 secs] 11801538K->11769330K(25159296K), 0.0390521 secs] [Times: user=0.47 sys=0.00, real=0.04 secs] 
2014-04-09T14:36:41.099+0900: 281.556: [GC (Allocation Failure) 281.556: [ParNew: 55788K->6528K(59008K), 0.0435072 secs] 11791249K->11769523K(25159296K), 0.0437437 secs] [Times: user=0.54 sys=0.00, real=0.04 secs] 
2014-04-09T14:36:41.201+0900: 281.658: [GC (Allocation Failure) 281.658: [ParNew: 59008K->6528K(59008K), 0.0388685 secs] 11782232K->11746830K(25159296K), 0.0391009 secs] [Times: user=0.47 sys=0.01, real=0.04 secs] 
2014-04-09T14:36:41.265+0900: 281.721: [GC (Allocation Failure) 281.722: [ParNew: 56588K->4806K(59008K), 0.0413389 secs] 11781787K->11745970K(25159296K), 0.0415719 secs] [Times: user=0.51 sys=0.01, real=0.05 secs] 
2014-04-09T14:36:41.343+0900: 281.800: [GC (Allocation Failure) 281.800: [ParNew: 56787K->6311K(59008K), 0.0390571 secs] 11775880K->11745725K(25159296K), 0.0392967 secs] [Times: user=0.50 sys=0.00, real=0.04 secs] 
2014-04-09T14:36:41.426+0900: 281.883: [GC (Allocation Failure) 281.883: [ParNew: 58790K->6528K(59008K), 0.0449595 secs] 11772199K->11747029K(25159296K), 0.0451958 secs] [Times: user=0.55 sys=0.00, real=0.04 secs] 
2014-04-09T14:36:41.523+0900: 281.980: [GC (Allocation Failure) 281.980: [ParNew: 59006K->6528K(59008K), 0.0454066 secs] 11768474K->11742602K(25159296K), 0.0456517 secs] [Times: user=0.54 sys=0.00, real=0.05 secs] 
2014-04-09T14:36:41.620+0900: 282.077: [GC (Allocation Failure) 282.077: [ParNew: 59008K->6528K(59008K), 0.0447966 secs] 11756463K->11720031K(25159296K), 0.0450334 secs] [Times: user=0.56 sys=0.01, real=0.04 secs] 
2014-04-09T14:36:41.695+0900: 282.152: [GC (Allocation Failure) 282.152: [ParNew: 59008K->6528K(59008K), 0.0475015 secs] 11747889K->11712972K(25159296K), 0.0477381 secs] [Times: user=0.59 sys=0.00, real=0.04 secs] 
2014-04-09T14:36:41.792+0900: 282.249: [GC (Allocation Failure) 282.249: [ParNew: 59008K->6528K(59008K), 0.0355169 secs] 11727805K->11683031K(25159296K), 0.0357459 secs] [Times: user=0.44 sys=0.01, real=0.04 secs] 
2014-04-09T14:36:41.891+0900: 282.348: [GC (Allocation Failure) 282.348: [ParNew: 50720K->3282K(59008K), 0.0355083 secs] 11674834K->11639972K(25159296K), 0.0357422 secs] [Times: user=0.44 sys=0.00, real=0.04 secs] 
2014-04-09T14:36:41.954+0900: 282.411: [GC (Allocation Failure) 282.411: [ParNew: 55745K->6527K(59008K), 0.0470903 secs] 11671525K->11648918K(25159296K), 0.0473315 secs] [Times: user=0.59 sys=0.01, real=0.05 secs] 
2014-04-09T14:36:42.085+0900: 282.542: [GC (Allocation Failure) 282.542: [ParNew: 59007K->6526K(59008K), 0.0435753 secs] 11639000K->11621066K(25159296K), 0.0438170 secs] [Times: user=0.55 sys=0.00, real=0.05 secs] 
2014-04-09T14:36:42.175+0900: 282.632: [GC (Allocation Failure) 282.632: [ParNew: 59006K->6528K(59008K), 0.0399689 secs] 11639724K->11614804K(25159296K), 0.0402019 secs] [Times: user=0.49 sys=0.00, real=0.04 secs] 
2014-04-09T14:36:42.254+0900: 282.710: [GC (Allocation Failure) 282.711: [ParNew: 59008K->6528K(59008K), 0.0377982 secs] 11637969K->11617687K(25159296K), 0.0380252 secs] [Times: user=0.45 sys=0.00, real=0.04 secs] 
2014-04-09T14:36:42.350+0900: 282.807: [GC (Allocation Failure) 282.807: [ParNew: 59008K->6528K(59008K), 0.0421408 secs] 11618605K->11580599K(25159296K), 0.0423681 secs] [Times: user=0.49 sys=0.01, real=0.04 secs] 
2014-04-09T14:36:42.408+0900: 282.865: [GC (Allocation Failure) 282.865: [ParNew: 49738K->4392K(59008K), 0.0368706 secs] 11615160K->11603665K(25159296K), 0.0370957 secs] [Times: user=0.45 sys=0.00, real=0.03 secs] 
2014-04-09T14:36:42.472+0900: 282.929: [GC (Allocation Failure) 282.929: [ParNew: 56851K->6528K(59008K), 0.0421396 secs] 11632403K->11599635K(25159296K), 0.0423720 secs] [Times: user=0.51 sys=0.01, real=0.04 secs] 
2014-04-09T14:36:42.540+0900: 282.997: [GC (Allocation Failure) 282.997: [ParNew: 59008K->6528K(59008K), 0.0436986 secs] 11634112K->11610730K(25159296K), 0.0439233 secs] [Times: user=0.53 sys=0.00, real=0.04 secs] 
2014-04-09T14:36:42.606+0900: 283.063: [GC (Allocation Failure) 283.063: [ParNew: 59008K->6528K(59008K), 0.0429284 secs] 11646225K->11623906K(25159296K), 0.0431551 secs] [Times: user=0.53 sys=0.00, real=0.04 secs] 
2014-04-09T14:36:42.673+0900: 283.130: [GC (Allocation Failure) 283.130: [ParNew: 59008K->6528K(59008K), 0.0423517 secs] 11661646K->11638110K(25159296K), 0.0425754 secs] [Times: user=0.52 sys=0.00, real=0.05 secs] 
2014-04-09T14:36:42.737+0900: 283.194: [GC (Allocation Failure) 283.194: [ParNew: 59008K->6528K(59008K), 0.0494037 secs] 11678497K->11652458K(25159296K), 0.0496516 secs] [Times: user=0.60 sys=0.00, real=0.05 secs] 
2014-04-09T14:36:42.806+0900: 283.263: [GC (Allocation Failure) 283.263: [ParNew: 59008K->6528K(59008K), 0.0410894 secs] 11694267K->11657664K(25159296K), 0.0413393 secs] [Times: user=0.51 sys=0.00, real=0.04 secs] 
2014-04-09T14:36:42.867+0900: 283.324: [GC (Allocation Failure) 283.324: [ParNew: 59008K->6528K(59008K), 0.0495434 secs] 11698702K->11676425K(25159296K), 0.0497951 secs] [Times: user=0.62 sys=0.00, real=0.05 secs] 
2014-04-09T14:36:42.945+0900: 283.402: [GC (Allocation Failure) 283.402: [ParNew: 59008K->6528K(59008K), 0.0831942 secs] 11710187K->11669580K(25159296K), 0.0834468 secs] [Times: user=1.06 sys=0.01, real=0.09 secs] 
2014-04-09T14:36:43.064+0900: 283.521: [GC (Allocation Failure) 283.521: [ParNew: 59008K->6528K(59008K), 0.0486127 secs] 11700167K->11656907K(25159296K), 0.0488629 secs] [Times: user=0.58 sys=0.01, real=0.05 secs] 
2014-04-09T14:36:43.148+0900: 283.604: [GC (Allocation Failure) 283.604: [ParNew: 55458K->6528K(59008K), 0.0428155 secs] 11684952K->11640980K(25159296K), 0.0430657 secs] [Times: user=0.52 sys=0.00, real=0.04 secs] 
2014-04-09T14:36:43.229+0900: 283.686: [GC (Allocation Failure) 283.686: [ParNew: 59008K->6528K(59008K), 0.0474878 secs] 11669312K->11631255K(25159296K), 0.0477400 secs] [Times: user=0.55 sys=0.01, real=0.05 secs] 
2014-04-09T14:36:43.307+0900: 283.764: [GC (Allocation Failure) 283.764: [ParNew: 59008K->5899K(59008K), 0.0433403 secs] 11664189K->11628082K(25159296K), 0.0435917 secs] [Times: user=0.52 sys=0.00, real=0.04 secs] 
2014-04-09T14:36:43.371+0900: 283.828: [GC (Allocation Failure) 283.828: [ParNew: 56841K->6528K(59008K), 0.0483350 secs] 11664400K->11629667K(25159296K), 0.0485843 secs] [Times: user=0.61 sys=0.00, real=0.05 secs] 
2014-04-09T14:36:43.438+0900: 283.895: [GC (Allocation Failure) 283.895: [ParNew: 51900K->6528K(59008K), 0.0404477 secs] 11663674K->11632025K(25159296K), 0.0406941 secs] [Times: user=0.49 sys=0.00, real=0.04 secs] 
2014-04-09T14:36:43.499+0900: 283.956: [GC (Allocation Failure) 283.956: [ParNew: 59008K->5949K(59008K), 0.0371875 secs] 11675794K->11653999K(25159296K), 0.0374335 secs] [Times: user=0.46 sys=0.00, real=0.04 secs] 
2014-04-09T14:36:43.565+0900: 284.022: [GC (Allocation Failure) 284.022: [ParNew: 58429K->6528K(59008K), 0.0405589 secs] 11685564K->11658539K(25159296K), 0.0408136 secs] [Times: user=0.50 sys=0.00, real=0.05 secs] 
2014-04-09T14:36:43.627+0900: 284.084: [GC (Allocation Failure) 284.084: [ParNew: 58995K->6528K(59008K), 0.0488097 secs] 11696490K->11677471K(25159296K), 0.0490767 secs] [Times: user=0.60 sys=0.01, real=0.05 secs] 
2014-04-09T14:36:43.703+0900: 284.160: [GC (Allocation Failure) 284.160: [ParNew: 56584K->6528K(59008K), 0.0441230 secs] 11707854K->11684891K(25159296K), 0.0443712 secs] [Times: user=0.55 sys=0.00, real=0.05 secs] 
2014-04-09T14:36:43.763+0900: 284.220: [GC (Allocation Failure) 284.220: [ParNew: 52913K->6528K(59008K), 0.0430805 secs] 11721127K->11697604K(25159296K), 0.0433343 secs] [Times: user=0.53 sys=0.01, real=0.05 secs] 
2014-04-09T14:36:43.837+0900: 284.294: [GC (Allocation Failure) 284.294: [ParNew: 56238K->6528K(59008K), 0.0492356 secs] 11724651K->11704995K(25159296K), 0.0494872 secs] [Times: user=0.60 sys=0.01, real=0.05 secs] 
2014-04-09T14:36:43.910+0900: 284.366: [GC (Allocation Failure) 284.367: [ParNew: 59008K->6528K(59008K), 0.0428923 secs] 11745747K->11715316K(25159296K), 0.0431457 secs] [Times: user=0.52 sys=0.01, real=0.04 secs] 
2014-04-09T14:36:43.982+0900: 284.439: [GC (Allocation Failure) 284.439: [ParNew: 58965K->6528K(59008K), 0.0446411 secs] 11751145K->11725721K(25159296K), 0.0448941 secs] [Times: user=0.55 sys=0.00, real=0.05 secs] 
2014-04-09T14:36:44.069+0900: 284.525: [GC (Allocation Failure) 284.526: [ParNew: 59008K->6528K(59008K), 0.0432771 secs] 11751772K->11719771K(25159296K), 0.0435297 secs] [Times: user=0.52 sys=0.01, real=0.04 secs] 
2014-04-09T14:36:44.151+0900: 284.608: [GC (Allocation Failure) 284.608: [ParNew: 59008K->6528K(59008K), 0.0425163 secs] 11747527K->11709450K(25159296K), 0.0427699 secs] [Times: user=0.51 sys=0.00, real=0.04 secs] 
2014-04-09T14:36:44.233+0900: 284.690: [GC (Allocation Failure) 284.690: [ParNew: 57447K->6528K(59008K), 0.0395063 secs] 11735115K->11695260K(25159296K), 0.0397591 secs] [Times: user=0.48 sys=0.01, real=0.04 secs] 
2014-04-09T14:36:44.304+0900: 284.761: [GC (Allocation Failure) 284.761: [ParNew: 59008K->6323K(59008K), 0.0356693 secs] 11728362K->11681837K(25159296K), 0.0359202 secs] [Times: user=0.44 sys=0.00, real=0.04 secs] 
2014-04-09T14:36:44.389+0900: 284.846: [GC (Allocation Failure) 284.846: [ParNew: 58803K->6528K(59008K), 0.0367025 secs] 11715857K->11666974K(25159296K), 0.0369640 secs] [Times: user=0.44 sys=0.01, real=0.04 secs] 
2014-04-09T14:36:44.470+0900: 284.927: [GC (Allocation Failure) 284.927: [ParNew: 54951K->6528K(59008K), 0.0344712 secs] 11655086K->11616232K(25159296K), 0.0347382 secs] [Times: user=0.42 sys=0.01, real=0.03 secs] 
2014-04-09T14:36:44.541+0900: 284.998: [GC (Allocation Failure) 284.998: [ParNew: 49596K->1009K(59008K), 0.0404664 secs] 11591046K->11561010K(25159296K), 0.0407192 secs] [Times: user=0.51 sys=0.00, real=0.04 secs] 
2014-04-09T14:36:44.610+0900: 285.067: [GC (Allocation Failure) 285.067: [ParNew: 53489K->4508K(59008K), 0.0437427 secs] 11565512K->11547093K(25159296K), 0.0440163 secs] [Times: user=0.55 sys=0.01, real=0.04 secs] 
2014-04-09T14:36:44.671+0900: 285.128: [GC (Allocation Failure) 285.128: [ParNew: 56988K->6528K(59008K), 0.0342274 secs] 11559146K->11521837K(25159296K), 0.0344790 secs] [Times: user=0.43 sys=0.00, real=0.04 secs] 
2014-04-09T14:36:44.745+0900: 285.202: [GC (Allocation Failure) 285.202: [ParNew: 59008K->5391K(59008K), 0.0440261 secs] 11471345K->11441897K(25159296K), 0.0442730 secs] [Times: user=0.55 sys=0.00, real=0.04 secs] 
2014-04-09T14:36:44.827+0900: 285.283: [CMS-concurrent-sweep: 1.767/4.031 secs] [Times: user=33.69 sys=0.48, real=4.03 secs] 
2014-04-09T14:36:44.827+0900: 285.284: [CMS-concurrent-reset-start]
2014-04-09T14:36:44.854+0900: 285.311: [GC (Allocation Failure) 285.311: [ParNew: 57871K->6528K(59008K), 0.0475485 secs] 10275297K->10248736K(25159296K), 0.0478087 secs] [Times: user=0.58 sys=0.01, real=0.05 secs] 
2014-04-09T14:36:44.935+0900: 285.392: [GC (Allocation Failure) 285.392: [ParNew: 58996K->6528K(59008K), 0.0779178 secs] 10301204K->10280142K(25159296K), 0.0781804 secs] [Times: user=0.98 sys=0.00, real=0.08 secs] 
2014-04-09T14:36:45.056+0900: 285.513: [CMS-concurrent-reset: 0.099/0.229 secs] [Times: user=1.88 sys=0.03, real=0.23 secs] 
2014-04-09T14:36:45.100+0900: 285.557: [GC (Allocation Failure) 285.557: [ParNew: 59007K->6528K(59008K), 0.0531827 secs] 10332621K->10309650K(25159296K), 0.0534385 secs] [Times: user=0.64 sys=0.00, real=0.05 secs] 
2014-04-09T14:36:45.156+0900: 285.613: [GC (CMS Initial Mark) [1 CMS-initial-mark: 10303122K(25100288K)] 10309963K(25159296K), 0.0027357 secs] [Times: user=0.02 sys=0.00, real=0.00 secs] 
2014-04-09T14:36:45.159+0900: 285.616: [CMS-concurrent-mark-start]
2014-04-09T14:36:45.222+0900: 285.679: [GC (Allocation Failure) 285.679: [ParNew: 59008K->6528K(59008K), 0.0489562 secs] 10362130K->10326685K(25159296K), 0.0492117 secs] [Times: user=0.54 sys=0.01, real=0.05 secs] 
2014-04-09T14:36:45.363+0900: 285.820: [GC (Allocation Failure) 285.820: [ParNew: 55236K->4463K(59008K), 0.0482089 secs] 10375393K->10336948K(25159296K), 0.0484296 secs] [Times: user=0.58 sys=0.01, real=0.05 secs] 
2014-04-09T14:36:45.456+0900: 285.912: [GC (Allocation Failure) 285.913: [ParNew: 51068K->6260K(59008K), 0.0362125 secs] 10383552K->10355415K(25159296K), 0.0364681 secs] [Times: user=0.46 sys=0.01, real=0.03 secs] 
2014-04-09T14:36:45.555+0900: 286.011: [GC (Allocation Failure) 286.012: [ParNew: 58740K->6528K(59008K), 0.0498052 secs] 10407895K->10374968K(25159296K), 0.0500537 secs] [Times: user=0.61 sys=0.00, real=0.05 secs] 
2014-04-09T14:36:45.673+0900: 286.130: [GC (Allocation Failure) 286.130: [ParNew: 57605K->6528K(59008K), 0.0465524 secs] 10426046K->10391725K(25159296K), 0.0467995 secs] [Times: user=0.57 sys=0.00, real=0.05 secs] 
2014-04-09T14:36:45.780+0900: 286.237: [GC (Allocation Failure) 286.237: [ParNew: 59008K->3629K(59008K), 0.0439775 secs] 10444205K->10400061K(25159296K), 0.0442282 secs] [Times: user=0.56 sys=0.00, real=0.04 secs] 
2014-04-09T14:36:45.853+0900: 286.309: [GC (Allocation Failure) 286.310: [ParNew: 46509K->811K(59008K), 0.0349452 secs] 10442941K->10407404K(25159296K), 0.0351983 secs] [Times: user=0.44 sys=0.00, real=0.04 secs] 
2014-04-09T14:36:45.941+0900: 286.397: [GC (Allocation Failure) 286.398: [ParNew: 53291K->6528K(59008K), 0.0409956 secs] 10459884K->10429163K(25159296K), 0.0412478 secs] [Times: user=0.51 sys=0.00, real=0.04 secs] 
2014-04-09T14:36:46.013+0900: 286.469: [GC (Allocation Failure) 286.470: [ParNew: 59007K->6528K(59008K), 0.0451143 secs] 10481642K->10462653K(25159296K), 0.0453692 secs] [Times: user=0.55 sys=0.01, real=0.05 secs] 
2014-04-09T14:36:46.097+0900: 286.554: [GC (Allocation Failure) 286.554: [ParNew: 51486K->6528K(59008K), 0.0418158 secs] 10507611K->10470462K(25159296K), 0.0420648 secs] [Times: user=0.51 sys=0.01, real=0.04 secs] 
2014-04-09T14:36:46.203+0900: 286.660: [GC (Allocation Failure) 286.660: [ParNew: 52797K->6528K(59008K), 0.0836455 secs] 10516731K->10497982K(25159296K), 0.0838887 secs] [Times: user=1.03 sys=0.01, real=0.09 secs] 
2014-04-09T14:36:46.332+0900: 286.788: [GC (Allocation Failure) 286.789: [ParNew: 59008K->6528K(59008K), 0.0528016 secs] 10550462K->10519456K(25159296K), 0.0530457 secs] [Times: user=0.65 sys=0.00, real=0.05 secs] 
2014-04-09T14:36:46.421+0900: 286.878: [GC (Allocation Failure) 286.878: [ParNew: 59007K->6528K(59008K), 0.0471278 secs] 10571936K->10543661K(25159296K), 0.0474452 secs] [Times: user=0.56 sys=0.01, real=0.05 secs] 
2014-04-09T14:36:46.512+0900: 286.969: [GC (Allocation Failure) 286.969: [ParNew: 59008K->6526K(59008K), 0.0470200 secs] 10596141K->10553732K(25159296K), 0.0472712 secs] [Times: user=0.58 sys=0.00, real=0.05 secs] 
2014-04-09T14:36:46.591+0900: 287.047: [GC (Allocation Failure) 287.048: [ParNew: 54514K->6528K(59008K), 0.0424029 secs] 10601720K->10569492K(25159296K), 0.0426478 secs] [Times: user=0.52 sys=0.00, real=0.04 secs] 
2014-04-09T14:36:46.664+0900: 287.120: [GC (Allocation Failure) 287.121: [ParNew: 59008K->6528K(59008K), 0.0448207 secs] 10621972K->10579652K(25159296K), 0.0450622 secs] [Times: user=0.56 sys=0.01, real=0.05 secs] 
2014-04-09T14:36:46.745+0900: 287.202: [GC (Allocation Failure) 287.202: [ParNew: 59008K->6528K(59008K), 0.0378368 secs] 10632132K->10589961K(25159296K), 0.0381099 secs] [Times: user=0.46 sys=0.00, real=0.04 secs] 
2014-04-09T14:36:46.827+0900: 287.284: [GC (Allocation Failure) 287.284: [ParNew: 59008K->2547K(59008K), 0.0368677 secs] 10642441K->10593474K(25159296K), 0.0371293 secs] [Times: user=0.46 sys=0.00, real=0.03 secs] 
2014-04-09T14:36:46.918+0900: 287.375: [GC (Allocation Failure) 287.375: [ParNew: 55027K->1965K(59008K), 0.0341332 secs] 10645954K->10603132K(25159296K), 0.0343975 secs] [Times: user=0.43 sys=0.00, real=0.03 secs] 
2014-04-09T14:36:46.985+0900: 287.442: [GC (Allocation Failure) 287.442: [ParNew: 54436K->6528K(59008K), 0.0405028 secs] 10655603K->10627035K(25159296K), 0.0407519 secs] [Times: user=0.51 sys=0.01, real=0.04 secs] 
2014-04-09T14:36:47.067+0900: 287.524: [GC (Allocation Failure) 287.524: [ParNew: 59006K->3927K(59008K), 0.0416439 secs] 10679513K->10661754K(25159296K), 0.0418918 secs] [Times: user=0.51 sys=0.00, real=0.04 secs] 
2014-04-09T14:36:47.163+0900: 287.620: [GC (Allocation Failure) 287.620: [ParNew: 49282K->6528K(59008K), 0.0420313 secs] 10707110K->10695177K(25159296K), 0.0422819 secs] [Times: user=0.51 sys=0.00, real=0.04 secs] 
2014-04-09T14:36:47.231+0900: 287.688: [GC (Allocation Failure) 287.688: [ParNew: 59008K->6528K(59008K), 0.0420611 secs] 10747657K->10729792K(25159296K), 0.0423106 secs] [Times: user=0.51 sys=0.00, real=0.04 secs] 
2014-04-09T14:36:47.294+0900: 287.750: [GC (Allocation Failure) 287.751: [ParNew: 59008K->6000K(59008K), 0.0412736 secs] 10782272K->10752239K(25159296K), 0.0415147 secs] [Times: user=0.52 sys=0.00, real=0.04 secs] 
2014-04-09T14:36:47.395+0900: 287.852: [GC (Allocation Failure) 287.852: [ParNew: 58480K->6528K(59008K), 0.0513505 secs] 10804719K->10766016K(25159296K), 0.0515920 secs] [Times: user=0.63 sys=0.00, real=0.06 secs] 
2014-04-09T14:36:47.501+0900: 287.958: [GC (Allocation Failure) 287.958: [ParNew: 59008K->6528K(59008K), 0.0439068 secs] 10818496K->10789884K(25159296K), 0.0441505 secs] [Times: user=0.54 sys=0.01, real=0.04 secs] 
2014-04-09T14:36:47.598+0900: 288.055: [GC (Allocation Failure) 288.055: [ParNew: 59008K->6528K(59008K), 0.0390723 secs] 10842364K->10798917K(25159296K), 0.0393185 secs] [Times: user=0.49 sys=0.00, real=0.04 secs] 
2014-04-09T14:36:47.720+0900: 288.177: [GC (Allocation Failure) 288.177: [ParNew: 57583K->6528K(59008K), 0.0400581 secs] 10849972K->10809058K(25159296K), 0.0402986 secs] [Times: user=0.49 sys=0.01, real=0.04 secs] 
2014-04-09T14:36:47.814+0900: 288.270: [GC (Allocation Failure) 288.271: [ParNew: 49330K->6528K(59008K), 0.0402979 secs] 10851861K->10831287K(25159296K), 0.0405365 secs] [Times: user=0.49 sys=0.00, real=0.04 secs] 
2014-04-09T14:36:47.910+0900: 288.367: [GC (Allocation Failure) 288.367: [ParNew: 59008K->6528K(59008K), 0.0386841 secs] 10883767K->10862037K(25159296K), 0.0389329 secs] [Times: user=0.48 sys=0.00, real=0.04 secs] 
2014-04-09T14:36:48.025+0900: 288.482: [GC (Allocation Failure) 288.482: [ParNew: 59008K->6528K(59008K), 0.0419610 secs] 10914517K->10891457K(25159296K), 0.0422101 secs] [Times: user=0.51 sys=0.01, real=0.05 secs] 
2014-04-09T14:36:48.312+0900: 288.769: [GC (Allocation Failure) 288.769: [ParNew: 59008K->6528K(59008K), 0.0818113 secs] 10943937K->10910495K(25159296K), 0.0820768 secs] [Times: user=1.02 sys=0.00, real=0.08 secs] 
2014-04-09T14:36:48.509+0900: 288.966: [GC (Allocation Failure) 288.966: [ParNew: 59006K->6528K(59008K), 0.0521438 secs] 10962974K->10930975K(25159296K), 0.0523832 secs] [Times: user=0.62 sys=0.00, real=0.05 secs] 
2014-04-09T14:36:48.568+0900: 289.025: [CMS-concurrent-mark: 1.850/3.409 secs] [Times: user=30.02 sys=0.42, real=3.41 secs] 
2014-04-09T14:36:48.568+0900: 289.025: [CMS-concurrent-preclean-start]
2014-04-09T14:36:49.349+0900: 289.806: [CMS-concurrent-preclean: 0.715/0.781 secs] [Times: user=0.80 sys=0.01, real=0.78 secs] 
2014-04-09T14:36:49.349+0900: 289.806: [CMS-concurrent-abortable-preclean-start]
2014-04-09T14:36:49.518+0900: 289.975: [GC (Allocation Failure) 289.975: [ParNew2014-04-09T14:36:49.521+0900: 289.978: [CMS-concurrent-abortable-preclean: 0.072/0.172 secs] [Times: user=0.14 sys=0.00, real=0.17 secs] 
: 59008K->6528K(59008K), 0.0360923 secs] 10983455K->10952194K(25159296K), 0.0363099 secs] [Times: user=0.45 sys=0.00, real=0.03 secs] 
2014-04-09T14:36:49.555+0900: 290.012: [GC (CMS Final Remark) [YG occupancy: 6682 K (59008 K)]290.012: [Rescan (parallel) , 0.0128472 secs]290.025: [weak refs processing, 0.0000522 secs]290.025: [class unloading, 0.0309005 secs]290.056: [scrub symbol table, 0.0031507 secs]290.059: [scrub string table, 0.0008802 secs][1 CMS-remark: 10945666K(25100288K)] 10952348K(25159296K), 0.0526286 secs] [Times: user=0.19 sys=0.01, real=0.06 secs] 
2014-04-09T14:36:49.609+0900: 290.066: [CMS-concurrent-sweep-start]
2014-04-09T14:36:49.766+0900: 290.222: [GC (Allocation Failure) 290.222: [ParNew: 59008K->6528K(59008K), 0.0811270 secs] 10991072K->10968442K(25159296K), 0.0813856 secs] [Times: user=0.93 sys=0.00, real=0.09 secs] 
2014-04-09T14:36:49.956+0900: 290.413: [GC (Allocation Failure) 290.413: [ParNew: 58952K->6528K(59008K), 0.0455330 secs] 11014527K->10973410K(25159296K), 0.0457848 secs] [Times: user=0.54 sys=0.00, real=0.05 secs] 
2014-04-09T14:36:50.058+0900: 290.515: [GC (Allocation Failure) 290.515: [ParNew: 59008K->6528K(59008K), 0.0381204 secs] 11022328K->10971397K(25159296K), 0.0383761 secs] [Times: user=0.48 sys=0.00, real=0.04 secs] 
2014-04-09T14:36:50.127+0900: 290.584: [GC (Allocation Failure) 290.584: [ParNew: 59008K->1848K(59008K), 0.0384179 secs] 11021660K->10970232K(25159296K), 0.0386738 secs] [Times: user=0.47 sys=0.00, real=0.03 secs] 
2014-04-09T14:36:50.197+0900: 290.653: [GC (Allocation Failure) 290.654: [ParNew: 54328K->924K(59008K), 0.0332950 secs] 11020189K->10966785K(25159296K), 0.0335488 secs] [Times: user=0.43 sys=0.00, real=0.03 secs] 
2014-04-09T14:36:50.261+0900: 290.717: [GC (Allocation Failure) 290.717: [ParNew: 53404K->207K(59008K), 0.0325962 secs] 11013843K->10960647K(25159296K), 0.0328566 secs] [Times: user=0.41 sys=0.00, real=0.03 secs] 
2014-04-09T14:36:50.324+0900: 290.781: [GC (Allocation Failure) 290.781: [ParNew: 52687K->57K(59008K), 0.0326721 secs] 11003847K->10951217K(25159296K), 0.0329253 secs] [Times: user=0.41 sys=0.01, real=0.04 secs] 
2014-04-09T14:36:50.388+0900: 290.844: [GC (Allocation Failure) 290.845: [ParNew: 52537K->24K(59008K), 0.0333883 secs] 10996586K->10944072K(25159296K), 0.0336352 secs] [Times: user=0.42 sys=0.00, real=0.03 secs] 
2014-04-09T14:36:50.451+0900: 290.908: [GC (Allocation Failure) 290.908: [ParNew: 52504K->22K(59008K), 0.0333991 secs] 10992194K->10939712K(25159296K), 0.0336505 secs] [Times: user=0.42 sys=0.00, real=0.03 secs] 
2014-04-09T14:36:50.516+0900: 290.972: [GC (Allocation Failure) 290.972: [ParNew: 52502K->22K(59008K), 0.0347344 secs] 10985058K->10932578K(25159296K), 0.0349846 secs] [Times: user=0.44 sys=0.00, real=0.04 secs] 
2014-04-09T14:36:50.581+0900: 291.038: [GC (Allocation Failure) 291.038: [ParNew: 52502K->24K(59008K), 0.0333347 secs] 10977076K->10924599K(25159296K), 0.0335949 secs] [Times: user=0.41 sys=0.00, real=0.03 secs] 
2014-04-09T14:36:50.646+0900: 291.103: [GC (Allocation Failure) 291.103: [ParNew: 52504K->26K(59008K), 0.0335872 secs] 10970293K->10917814K(25159296K), 0.0338346 secs] [Times: user=0.42 sys=0.00, real=0.04 secs] 
2014-04-09T14:36:50.710+0900: 291.167: [GC (Allocation Failure) 291.167: [ParNew: 52506K->24K(59008K), 0.0359917 secs] 10965839K->10913357K(25159296K), 0.0362345 secs] [Times: user=0.45 sys=0.01, real=0.04 secs] 
2014-04-09T14:36:50.776+0900: 291.233: [GC (Allocation Failure) 291.233: [ParNew: 52504K->26K(59008K), 0.0370987 secs] 10960787K->10908309K(25159296K), 0.0373377 secs] [Times: user=0.46 sys=0.00, real=0.04 secs] 
2014-04-09T14:36:50.843+0900: 291.300: [GC (Allocation Failure) 291.300: [ParNew: 52506K->26K(59008K), 0.0330646 secs] 10957645K->10905165K(25159296K), 0.0333039 secs] [Times: user=0.42 sys=0.01, real=0.03 secs] 
2014-04-09T14:36:50.905+0900: 291.362: [GC (Allocation Failure) 291.362: [ParNew: 52506K->26K(59008K), 0.0335870 secs] 10955249K->10902770K(25159296K), 0.0338269 secs] [Times: user=0.42 sys=0.00, real=0.04 secs] 
2014-04-09T14:36:50.968+0900: 291.425: [GC (Allocation Failure) 291.425: [ParNew: 52506K->26K(59008K), 0.0344748 secs] 10952749K->10900269K(25159296K), 0.0347167 secs] [Times: user=0.43 sys=0.00, real=0.03 secs] 
2014-04-09T14:36:51.032+0900: 291.489: [GC (Allocation Failure) 291.489: [ParNew: 52506K->24K(59008K), 0.0343369 secs] 10949939K->10897457K(25159296K), 0.0345798 secs] [Times: user=0.44 sys=0.00, real=0.04 secs] 
2014-04-09T14:36:51.110+0900: 291.567: [GC (Allocation Failure) 291.567: [ParNew: 52504K->24K(59008K), 0.0328819 secs] 10946736K->10894256K(25159296K), 0.0331230 secs] [Times: user=0.41 sys=0.00, real=0.03 secs] 
2014-04-09T14:36:51.231+0900: 291.687: [GC (Allocation Failure) 291.687: [ParNew: 52504K->26K(59008K), 0.0328744 secs] 10936775K->10884298K(25159296K), 0.0331131 secs] [Times: user=0.42 sys=0.00, real=0.03 secs] 
2014-04-09T14:36:51.826+0900: 292.283: [CMS-concurrent-sweep: 1.432/2.217 secs] [Times: user=13.66 sys=0.07, real=2.21 secs] 
2014-04-09T14:36:51.826+0900: 292.283: [CMS-concurrent-reset-start]
2014-04-09T14:36:51.904+0900: 292.361: [CMS-concurrent-reset: 0.078/0.078 secs] [Times: user=0.08 sys=0.00, real=0.07 secs] 
2014-04-09T14:36:53.905+0900: 294.362: [GC (CMS Initial Mark) [1 CMS-initial-mark: 9279760K(25100288K)] 9328323K(25159296K), 0.0094844 secs] [Times: user=0.12 sys=0.00, real=0.01 secs] 
2014-04-09T14:36:53.915+0900: 294.372: [CMS-concurrent-mark-start]
2014-04-09T14:36:56.199+0900: 296.655: [CMS-concurrent-mark: 2.283/2.283 secs] [Times: user=8.67 sys=0.32, real=2.29 secs] 
2014-04-09T14:36:56.199+0900: 296.655: [CMS-concurrent-preclean-start]
2014-04-09T14:36:56.267+0900: 296.724: [CMS-concurrent-preclean: 0.069/0.069 secs] [Times: user=0.06 sys=0.00, real=0.07 secs] 
2014-04-09T14:36:56.268+0900: 296.724: [CMS-concurrent-abortable-preclean-start]
2014-04-09T14:36:57.383+0900: 297.839: [GC (Allocation Failure) 297.840: [ParNew: 52506K->193K(59008K), 0.0335401 secs] 9332266K->9279954K(25159296K), 0.0338102 secs] [Times: user=0.41 sys=0.00, real=0.03 secs] 
2014-04-09T14:36:57.526+0900: 297.983: [GC (Allocation Failure) 297.983: [ParNew: 52673K->239K(59008K), 0.0332480 secs] 9332434K->9280000K(25159296K), 0.0334979 secs] [Times: user=0.42 sys=0.00, real=0.04 secs] 
2014-04-09T14:36:57.613+0900: 298.070: [GC (Allocation Failure) 298.070: [ParNew: 52719K->280K(59008K), 0.0351404 secs] 9332480K->9280041K(25159296K), 0.0353951 secs] [Times: user=0.44 sys=0.00, real=0.04 secs] 
2014-04-09T14:36:57.718+0900: 298.175: [CMS-concurrent-abortable-preclean: 0.809/1.450 secs] [Times: user=2.67 sys=0.02, real=1.45 secs] 
2014-04-09T14:36:57.719+0900: 298.176: [GC (Allocation Failure) 298.176: [ParNew: 52760K->252K(59008K), 0.0327078 secs] 9332521K->9280012K(25159296K), 0.0329359 secs] [Times: user=0.41 sys=0.01, real=0.03 secs] 
2014-04-09T14:36:57.754+0900: 298.211: [GC (CMS Final Remark) [YG occupancy: 434 K (59008 K)]298.211: [Rescan (parallel) , 0.0155885 secs]298.226: [weak refs processing, 0.0000602 secs]298.226: [class unloading, 0.0452576 secs]298.272: [scrub symbol table, 0.0043384 secs]298.276: [scrub string table, 0.0012365 secs][1 CMS-remark: 9279760K(25100288K)] 9280195K(25159296K), 0.0738615 secs] [Times: user=0.24 sys=0.00, real=0.08 secs] 
2014-04-09T14:36:57.829+0900: 298.286: [CMS-concurrent-sweep-start]
2014-04-09T14:36:57.862+0900: 298.319: [GC (Allocation Failure) 298.319: [ParNew: 52732K->282K(59008K), 0.0344110 secs] 9331643K->9279194K(25159296K), 0.0346659 secs] [Times: user=0.42 sys=0.00, real=0.03 secs] 
2014-04-09T14:36:57.931+0900: 298.388: [GC (Allocation Failure) 298.388: [ParNew: 52762K->247K(59008K), 0.0330922 secs] 9331323K->9278808K(25159296K), 0.0333511 secs] [Times: user=0.42 sys=0.01, real=0.03 secs] 
2014-04-09T14:36:58.000+0900: 298.457: [GC (Allocation Failure) 298.457: [ParNew: 52727K->133K(59008K), 0.0332803 secs] 9330756K->9278332K(25159296K), 0.0335346 secs] [Times: user=0.42 sys=0.00, real=0.03 secs] 
2014-04-09T14:36:58.067+0900: 298.524: [GC (Allocation Failure) 298.524: [ParNew: 52613K->45K(59008K), 0.0334995 secs] 9330501K->9277934K(25159296K), 0.0337480 secs] [Times: user=0.42 sys=0.00, real=0.03 secs] 
2014-04-09T14:36:58.134+0900: 298.591: [GC (Allocation Failure) 298.591: [ParNew: 52525K->34K(59008K), 0.0339803 secs] 9329827K->9277337K(25159296K), 0.0342266 secs] [Times: user=0.41 sys=0.00, real=0.04 secs] 
2014-04-09T14:36:58.202+0900: 298.659: [GC (Allocation Failure) 298.659: [ParNew: 52514K->32K(59008K), 0.0335319 secs] 9329610K->9277132K(25159296K), 0.0337789 secs] [Times: user=0.42 sys=0.00, real=0.03 secs] 
2014-04-09T14:36:58.269+0900: 298.726: [GC (Allocation Failure) 298.726: [ParNew: 52512K->30K(59008K), 0.0329759 secs] 9329320K->9276838K(25159296K), 0.0332249 secs] [Times: user=0.42 sys=0.00, real=0.03 secs] 
2014-04-09T14:36:58.336+0900: 298.793: [GC (Allocation Failure) 298.793: [ParNew: 52510K->32K(59008K), 0.0329815 secs] 9329081K->9276603K(25159296K), 0.0332292 secs] [Times: user=0.42 sys=0.00, real=0.04 secs] 
2014-04-09T14:36:58.405+0900: 298.862: [GC (Allocation Failure) 298.862: [ParNew: 52512K->26K(59008K), 0.0368128 secs] 9328899K->9276421K(25159296K), 0.0370637 secs] [Times: user=0.46 sys=0.01, real=0.04 secs] 
2014-04-09T14:36:58.475+0900: 298.932: [GC (Allocation Failure) 298.932: [ParNew: 52506K->28K(59008K), 0.0335725 secs] 9328700K->9276222K(25159296K), 0.0338260 secs] [Times: user=0.42 sys=0.00, real=0.04 secs] 
2014-04-09T14:36:58.543+0900: 299.000: [GC (Allocation Failure) 299.000: [ParNew: 52508K->24K(59008K), 0.0337604 secs] 9328474K->9275990K(25159296K), 0.0340060 secs] [Times: user=0.42 sys=0.01, real=0.03 secs] 
2014-04-09T14:36:58.614+0900: 299.071: [GC (Allocation Failure) 299.071: [ParNew: 52504K->42K(59008K), 0.0334526 secs] 9328055K->9275594K(25159296K), 0.0337025 secs] [Times: user=0.41 sys=0.00, real=0.04 secs] 
2014-04-09T14:36:58.682+0900: 299.138: [GC (Allocation Failure) 299.138: [ParNew: 52522K->48K(59008K), 0.0339671 secs] 9327823K->9275350K(25159296K), 0.0342109 secs] [Times: user=0.42 sys=0.00, real=0.03 secs] 
2014-04-09T14:36:58.752+0900: 299.208: [GC (Allocation Failure) 299.209: [ParNew: 52528K->50K(59008K), 0.0339699 secs] 9327322K->9274845K(25159296K), 0.0341901 secs] [Times: user=0.43 sys=0.00, real=0.03 secs] 
2014-04-09T14:36:58.832+0900: 299.289: [GC (Allocation Failure) 299.289: [ParNew: 52530K->54K(59008K), 0.0333762 secs] 9326441K->9273965K(25159296K), 0.0336021 secs] [Times: user=0.42 sys=0.01, real=0.03 secs] 
2014-04-09T14:36:58.899+0900: 299.355: [GC (Allocation Failure) 299.355: [ParNew: 52534K->53K(59008K), 0.0329518 secs] 9325741K->9273260K(25159296K), 0.0331664 secs] [Times: user=0.42 sys=0.00, real=0.03 secs] 
2014-04-09T14:36:58.965+0900: 299.422: [GC (Allocation Failure) 299.422: [ParNew: 52533K->54K(59008K), 0.0335733 secs] 9324815K->9272336K(25159296K), 0.0337912 secs] [Times: user=0.42 sys=0.00, real=0.04 secs] 
2014-04-09T14:36:59.032+0900: 299.489: [GC (Allocation Failure) 299.489: [ParNew: 52534K->38K(59008K), 0.0327245 secs] 9324063K->9271581K(25159296K), 0.0329431 secs] [Times: user=0.42 sys=0.00, real=0.03 secs] 
2014-04-09T14:36:59.097+0900: 299.554: [GC (Allocation Failure) 299.554: [ParNew: 52518K->26K(59008K), 0.0333854 secs] 9323438K->9270959K(25159296K), 0.0336131 secs] [Times: user=0.42 sys=0.00, real=0.04 secs] 
2014-04-09T14:36:59.163+0900: 299.620: [GC (Allocation Failure) 299.620: [ParNew: 52506K->24K(59008K), 0.0360461 secs] 9322663K->9270183K(25159296K), 0.0362619 secs] [Times: user=0.45 sys=0.00, real=0.04 secs] 
2014-04-09T14:36:59.231+0900: 299.688: [GC (Allocation Failure) 299.688: [ParNew: 52504K->24K(59008K), 0.0333066 secs] 9322114K->9269634K(25159296K), 0.0335323 secs] [Times: user=0.42 sys=0.00, real=0.03 secs] 
2014-04-09T14:36:59.297+0900: 299.754: [GC (Allocation Failure) 299.754: [ParNew: 52504K->24K(59008K), 0.0334893 secs] 9321630K->9269150K(25159296K), 0.0337021 secs] [Times: user=0.42 sys=0.00, real=0.04 secs] 
2014-04-09T14:36:59.363+0900: 299.820: [GC (Allocation Failure) 299.820: [ParNew: 52504K->24K(59008K), 0.0330864 secs] 9321175K->9268695K(25159296K), 0.0333064 secs] [Times: user=0.42 sys=0.00, real=0.03 secs] 
2014-04-09T14:36:59.429+0900: 299.885: [GC (Allocation Failure) 299.886: [ParNew: 52504K->26K(59008K), 0.0337744 secs] 9320387K->9267909K(25159296K), 0.0339868 secs] [Times: user=0.42 sys=0.00, real=0.03 secs] 
2014-04-09T14:36:59.494+0900: 299.951: [GC (Allocation Failure) 299.951: [ParNew: 52506K->24K(59008K), 0.0334646 secs] 9319857K->9267375K(25159296K), 0.0336754 secs] [Times: user=0.42 sys=0.00, real=0.03 secs] 
2014-04-09T14:36:59.568+0900: 300.025: [GC (Allocation Failure) 300.025: [ParNew: 52504K->46K(59008K), 0.0331492 secs] 9319286K->9266829K(25159296K), 0.0333604 secs] [Times: user=0.42 sys=0.00, real=0.03 secs] 
2014-04-09T14:36:59.636+0900: 300.092: [GC (Allocation Failure) 300.093: [ParNew: 52526K->88K(59008K), 0.0353542 secs] 9319064K->9266626K(25159296K), 0.0355705 secs] [Times: user=0.44 sys=0.00, real=0.04 secs] 
2014-04-09T14:36:59.704+0900: 300.161: [GC (Allocation Failure) 300.161: [ParNew: 52568K->2411K(59008K), 0.0334908 secs] 9318766K->9268609K(25159296K), 0.0336998 secs] [Times: user=0.42 sys=0.00, real=0.03 secs] 
2014-04-09T14:36:59.768+0900: 300.225: [GC (Allocation Failure) 300.225: [ParNew: 54891K->539K(59008K), 0.0338337 secs] 9320812K->9274652K(25159296K), 0.0340455 secs] [Times: user=0.42 sys=0.01, real=0.04 secs] 
2014-04-09T14:36:59.832+0900: 300.289: [GC (Allocation Failure) 300.289: [ParNew: 53019K->813K(59008K), 0.0341713 secs] 9326799K->9284834K(25159296K), 0.0343807 secs] [Times: user=0.43 sys=0.00, real=0.03 secs] 
2014-04-09T14:36:59.896+0900: 300.353: [GC (Allocation Failure) 300.353: [ParNew: 53265K->6526K(59008K), 0.0382867 secs] 9336904K->9304297K(25159296K), 0.0385031 secs] [Times: user=0.49 sys=0.00, real=0.04 secs] 
2014-04-09T14:36:59.954+0900: 300.411: [GC (Allocation Failure) 300.411: [ParNew: 51569K->6526K(59008K), 0.0376017 secs] 9349193K->9328449K(25159296K), 0.0378237 secs] [Times: user=0.48 sys=0.00, real=0.04 secs] 
2014-04-09T14:37:00.023+0900: 300.480: [GC (Allocation Failure) 300.480: [ParNew: 59005K->4383K(59008K), 0.0411790 secs] 9380750K->9371143K(25159296K), 0.0413863 secs] [Times: user=0.51 sys=0.00, real=0.04 secs] 
2014-04-09T14:37:00.096+0900: 300.553: [GC (Allocation Failure) 300.553: [ParNew: 56863K->6528K(59008K), 0.0427523 secs] 9423452K->9411131K(25159296K), 0.0429629 secs] [Times: user=0.54 sys=0.00, real=0.05 secs] 
2014-04-09T14:37:00.159+0900: 300.616: [GC (Allocation Failure) 300.616: [ParNew: 51376K->6528K(59008K), 0.0429066 secs] 9455896K->9442965K(25159296K), 0.0431246 secs] [Times: user=0.54 sys=0.00, real=0.04 secs] 
2014-04-09T14:37:00.217+0900: 300.673: [GC (Allocation Failure) 300.673: [ParNew: 59006K->6528K(59008K), 0.0346161 secs] 9495395K->9472325K(25159296K), 0.0348279 secs] [Times: user=0.43 sys=0.01, real=0.04 secs] 
2014-04-09T14:37:00.267+0900: 300.724: [GC (Allocation Failure) 300.724: [ParNew: 59006K->6528K(59008K), 0.0373853 secs] 9524644K->9492255K(25159296K), 0.0375914 secs] [Times: user=0.46 sys=0.01, real=0.04 secs] 
2014-04-09T14:37:00.330+0900: 300.787: [GC (Allocation Failure) 300.787: [ParNew: 59008K->6528K(59008K), 0.0521584 secs] 9544349K->9520925K(25159296K), 0.0523729 secs] [Times: user=0.59 sys=0.02, real=0.05 secs] 
2014-04-09T14:37:00.417+0900: 300.873: [GC (Allocation Failure) 300.874: [ParNew: 59007K->6528K(59008K), 0.0609957 secs] 9571001K->9538358K(25159296K), 0.0612018 secs] [Times: user=0.63 sys=0.02, real=0.06 secs] 
2014-04-09T14:37:00.514+0900: 300.971: [GC (Allocation Failure) 300.971: [ParNew: 59008K->6528K(59008K), 0.0412886 secs] 9586954K->9545186K(25159296K), 0.0414951 secs] [Times: user=0.48 sys=0.01, real=0.04 secs] 
2014-04-09T14:37:00.597+0900: 301.054: [GC (Allocation Failure) 301.054: [ParNew: 58746K->3133K(59008K), 0.0388191 secs] 9594258K->9542098K(25159296K), 0.0390281 secs] [Times: user=0.48 sys=0.00, real=0.04 secs] 
2014-04-09T14:37:00.679+0900: 301.135: [GC (Allocation Failure) 301.136: [ParNew: 55613K->872K(59008K), 0.0385212 secs] 9593659K->9547110K(25159296K), 0.0387379 secs] [Times: user=0.49 sys=0.00, real=0.03 secs] 
2014-04-09T14:37:00.758+0900: 301.215: [GC (Allocation Failure) 301.215: [ParNew: 49784K->1788K(59008K), 0.0373090 secs] 9592657K->9563092K(25159296K), 0.0375109 secs] [Times: user=0.47 sys=0.00, real=0.03 secs] 
2014-04-09T14:37:00.820+0900: 301.277: [GC (Allocation Failure) 301.277: [ParNew: 54246K->6528K(59008K), 0.0380653 secs] 9612046K->9585969K(25159296K), 0.0382727 secs] [Times: user=0.46 sys=0.00, real=0.04 secs] 
2014-04-09T14:37:00.885+0900: 301.342: [GC (Allocation Failure) 301.342: [ParNew: 55479K->2516K(59008K), 0.0417087 secs] 9632529K->9620995K(25159296K), 0.0419133 secs] [Times: user=0.53 sys=0.00, real=0.04 secs] 
2014-04-09T14:37:00.947+0900: 301.404: [GC (Allocation Failure) 301.404: [ParNew: 54995K->6528K(59008K), 0.0361852 secs] 9671394K->9651878K(25159296K), 0.0363974 secs] [Times: user=0.46 sys=0.00, real=0.04 secs] 
2014-04-09T14:37:00.999+0900: 301.455: [GC (Allocation Failure) 301.456: [ParNew: 58998K->6528K(59008K), 0.0411363 secs] 9703952K->9682176K(25159296K), 0.0413396 secs] [Times: user=0.51 sys=0.00, real=0.04 secs] 
2014-04-09T14:37:01.063+0900: 301.520: [GC (Allocation Failure) 301.520: [ParNew: 59007K->6528K(59008K), 0.0460962 secs] 9734408K->9708931K(25159296K), 0.0463047 secs] [Times: user=0.55 sys=0.01, real=0.05 secs] 
2014-04-09T14:37:01.141+0900: 301.597: [GC (Allocation Failure) 301.597: [ParNew: 59008K->6528K(59008K), 0.0745934 secs] 9761338K->9734532K(25159296K), 0.0747949 secs] [Times: user=0.63 sys=0.03, real=0.07 secs] 
2014-04-09T14:37:01.240+0900: 301.697: [GC (Allocation Failure) 301.697: [ParNew: 59008K->6528K(59008K), 0.0443078 secs] 9786957K->9761806K(25159296K), 0.0445130 secs] [Times: user=0.50 sys=0.02, real=0.04 secs] 
2014-04-09T14:37:01.308+0900: 301.765: [GC (Allocation Failure) 301.765: [ParNew: 59008K->6528K(59008K), 0.0447476 secs] 9797872K->9766677K(25159296K), 0.0449477 secs] [Times: user=0.53 sys=0.01, real=0.05 secs] 
2014-04-09T14:37:01.381+0900: 301.838: [GC (Allocation Failure) 301.838: [ParNew: 59008K->6528K(59008K), 0.0398592 secs] 9809727K->9763019K(25159296K), 0.0400612 secs] [Times: user=0.50 sys=0.01, real=0.04 secs] 
2014-04-09T14:37:01.449+0900: 301.906: [GC (Allocation Failure) 301.906: [ParNew: 59008K->6528K(59008K), 0.0421604 secs] 9756596K->9714691K(25159296K), 0.0423590 secs] [Times: user=0.47 sys=0.01, real=0.04 secs] 
2014-04-09T14:37:01.509+0900: 301.965: [CMS-concurrent-sweep: 1.573/3.680 secs] [Times: user=32.08 sys=0.44, real=3.68 secs] 
2014-04-09T14:37:01.509+0900: 301.965: [CMS-concurrent-reset-start]
2014-04-09T14:37:01.521+0900: 301.978: [GC (Allocation Failure) 301.978: [ParNew: 59008K->5691K(59008K), 0.0360094 secs] 9347779K->9297943K(25159296K), 0.0362187 secs] [Times: user=0.44 sys=0.00, real=0.03 secs] 
2014-04-09T14:37:01.590+0900: 302.047: [GC (Allocation Failure) 302.047: [ParNew: 58171K->122K(59008K), 0.0389740 secs] 9350423K->9309456K(25159296K), 0.0391747 secs] [Times: user=0.46 sys=0.02, real=0.04 secs] 
2014-04-09T14:37:01.670+0900: 302.126: [GC (Allocation Failure) 302.126: [ParNew: 51108K->2243K(59008K), 0.0395646 secs] 9360442K->9332056K(25159296K), 0.0397668 secs] [Times: user=0.50 sys=0.00, real=0.04 secs] 
2014-04-09T14:37:01.719+0900: 302.176: [CMS-concurrent-reset: 0.092/0.211 secs] [Times: user=1.87 sys=0.03, real=0.21 secs] 
2014-04-09T14:37:01.731+0900: 302.188: [GC (Allocation Failure) 302.188: [ParNew: 54695K->4226K(59008K), 0.0392356 secs] 9384509K->9362554K(25159296K), 0.0394305 secs] [Times: user=0.50 sys=0.00, real=0.04 secs] 
2014-04-09T14:37:01.771+0900: 302.228: [GC (CMS Initial Mark) [1 CMS-initial-mark: 9358327K(25100288K)] 9362823K(25159296K), 0.0015673 secs] [Times: user=0.00 sys=0.00, real=0.00 secs] 
2014-04-09T14:37:01.773+0900: 302.229: [CMS-concurrent-mark-start]
2014-04-09T14:37:01.804+0900: 302.260: [GC (Allocation Failure) 302.261: [ParNew: 56026K->6528K(59008K), 0.0332715 secs] 9414353K->9382644K(25159296K), 0.0334695 secs] [Times: user=0.41 sys=0.01, real=0.03 secs] 
2014-04-09T14:37:01.858+0900: 302.315: [GC (Allocation Failure) 302.315: [ParNew: 56257K->6528K(59008K), 0.0340252 secs] 9432373K->9403279K(25159296K), 0.0342277 secs] [Times: user=0.43 sys=0.00, real=0.04 secs] 
2014-04-09T14:37:01.928+0900: 302.385: [GC (Allocation Failure) 302.385: [ParNew: 53134K->6526K(59008K), 0.0385850 secs] 9449886K->9430125K(25159296K), 0.0387794 secs] [Times: user=0.48 sys=0.00, real=0.04 secs] 
2014-04-09T14:37:02.021+0900: 302.478: [GC (Allocation Failure) 302.478: [ParNew: 58715K->6526K(59008K), 0.0354496 secs] 9482314K->9449482K(25159296K), 0.0356429 secs] [Times: user=0.44 sys=0.00, real=0.03 secs] 
2014-04-09T14:37:02.088+0900: 302.544: [GC (Allocation Failure) 302.544: [ParNew: 58983K->6528K(59008K), 0.0382022 secs] 9501939K->9472601K(25159296K), 0.0383966 secs] [Times: user=0.47 sys=0.00, real=0.04 secs] 
2014-04-09T14:37:02.158+0900: 302.615: [GC (Allocation Failure) 302.615: [ParNew: 58235K->6528K(59008K), 0.0372370 secs] 9524309K->9495651K(25159296K), 0.0374327 secs] [Times: user=0.46 sys=0.00, real=0.04 secs] 
2014-04-09T14:37:02.227+0900: 302.684: [GC (Allocation Failure) 302.684: [ParNew: 59008K->6528K(59008K), 0.0416792 secs] 9548131K->9519075K(25159296K), 0.0418744 secs] [Times: user=0.51 sys=0.00, real=0.05 secs] 
2014-04-09T14:37:02.333+0900: 302.790: [GC (Allocation Failure) 302.790: [ParNew: 59008K->6528K(59008K), 0.0395478 secs] 9571555K->9527913K(25159296K), 0.0397466 secs] [Times: user=0.48 sys=0.00, real=0.04 secs] 
2014-04-09T14:37:02.456+0900: 302.913: [GC (Allocation Failure) 302.913: [ParNew: 59008K->5378K(59008K), 0.0373072 secs] 9580393K->9537270K(25159296K), 0.0374738 secs] [Times: user=0.44 sys=0.01, real=0.04 secs] 
2014-04-09T14:37:02.550+0900: 303.007: [GC (Allocation Failure) 303.007: [ParNew: 47895K->1998K(59008K), 0.0343572 secs] 9579787K->9544130K(25159296K), 0.0345069 secs] [Times: user=0.44 sys=0.00, real=0.03 secs] 
2014-04-09T14:37:02.611+0900: 303.068: [GC (Allocation Failure) 303.068: [ParNew: 53715K->6528K(59008K), 0.0335371 secs] 9595847K->9567829K(25159296K), 0.0337112 secs] [Times: user=0.43 sys=0.00, real=0.03 secs] 
2014-04-09T14:37:02.687+0900: 303.143: [GC (Allocation Failure) 303.143: [ParNew: 59008K->6527K(59008K), 0.0384079 secs] 9620309K->9601974K(25159296K), 0.0386140 secs] [Times: user=0.47 sys=0.01, real=0.04 secs] 
2014-04-09T14:37:02.755+0900: 303.212: [GC (Allocation Failure) 303.212: [ParNew: 52442K->6528K(59008K), 0.0427201 secs] 9647889K->9640673K(25159296K), 0.0429543 secs] [Times: user=0.52 sys=0.01, real=0.04 secs] 
2014-04-09T14:37:02.824+0900: 303.281: [GC (Allocation Failure) 303.281: [ParNew: 59008K->6528K(59008K), 0.0370925 secs] 9693153K->9665621K(25159296K), 0.0373068 secs] [Times: user=0.46 sys=0.00, real=0.04 secs] 
2014-04-09T14:37:02.891+0900: 303.347: [GC (Allocation Failure) 303.347: [ParNew: 59008K->6528K(59008K), 0.0490439 secs] 9718101K->9693639K(25159296K), 0.0492258 secs] [Times: user=0.60 sys=0.00, real=0.05 secs] 
2014-04-09T14:37:02.986+0900: 303.443: [GC (Allocation Failure) 303.443: [ParNew: 59007K->6528K(59008K), 0.0459518 secs] 9746119K->9709865K(25159296K), 0.0461402 secs] [Times: user=0.55 sys=0.00, real=0.05 secs] 
2014-04-09T14:37:03.077+0900: 303.534: [GC (Allocation Failure) 303.534: [ParNew: 59008K->6528K(59008K), 0.0418313 secs] 9762345K->9735455K(25159296K), 0.0420679 secs] [Times: user=0.49 sys=0.01, real=0.05 secs] 
2014-04-09T14:37:03.157+0900: 303.613: [GC (Allocation Failure) 303.613: [ParNew: 49875K->4602K(59008K), 0.0467207 secs] 9778803K->9747779K(25159296K), 0.0469556 secs] [Times: user=0.58 sys=0.01, real=0.05 secs] 
2014-04-09T14:37:03.234+0900: 303.690: [GC (Allocation Failure) 303.690: [ParNew: 57082K->6528K(59008K), 0.0382172 secs] 9800259K->9762719K(25159296K), 0.0384270 secs] [Times: user=0.48 sys=0.01, real=0.04 secs] 
2014-04-09T14:37:03.297+0900: 303.754: [GC (Allocation Failure) 303.754: [ParNew: 59008K->4373K(59008K), 0.0480243 secs] 9815199K->9782164K(25159296K), 0.0482393 secs] [Times: user=0.58 sys=0.01, real=0.05 secs] 
2014-04-09T14:37:03.368+0900: 303.825: [GC (Allocation Failure) 303.825: [ParNew: 56852K->4468K(59008K), 0.0429275 secs] 9834643K->9806677K(25159296K), 0.0431560 secs] [Times: user=0.53 sys=0.01, real=0.05 secs] 
2014-04-09T14:37:03.438+0900: 303.895: [GC (Allocation Failure) 303.895: [ParNew: 56948K->6528K(59008K), 0.0457528 secs] 9859157K->9833497K(25159296K), 0.0459764 secs] [Times: user=0.55 sys=0.00, real=0.05 secs] 
2014-04-09T14:37:03.517+0900: 303.974: [GC (Allocation Failure) 303.974: [ParNew: 59008K->6528K(59008K), 0.0670634 secs] 9885977K->9860170K(25159296K), 0.0672868 secs] [Times: user=0.66 sys=0.02, real=0.07 secs] 
2014-04-09T14:37:03.624+0900: 304.081: [GC (Allocation Failure) 304.081: [ParNew: 58345K->6528K(59008K), 0.0460606 secs] 9911988K->9875790K(25159296K), 0.0462864 secs] [Times: user=0.52 sys=0.00, real=0.05 secs] 
2014-04-09T14:37:03.701+0900: 304.158: [GC (Allocation Failure) 304.158: [ParNew: 55255K->6528K(59008K), 0.0470606 secs] 9924518K->9891317K(25159296K), 0.0472914 secs] [Times: user=0.57 sys=0.01, real=0.05 secs] 
2014-04-09T14:37:03.771+0900: 304.228: [GC (Allocation Failure) 304.228: [ParNew: 59008K->6528K(59008K), 0.0452631 secs] 9943797K->9910556K(25159296K), 0.0454897 secs] [Times: user=0.58 sys=0.01, real=0.04 secs] 
2014-04-09T14:37:03.842+0900: 304.299: [GC (Allocation Failure) 304.299: [ParNew: 59008K->2112K(59008K), 0.0430044 secs] 9963036K->9927320K(25159296K), 0.0432291 secs] [Times: user=0.52 sys=0.00, real=0.04 secs] 
2014-04-09T14:37:03.912+0900: 304.369: [GC (Allocation Failure) 304.369: [ParNew: 54592K->6528K(59008K), 0.0391772 secs] 9979800K->9956956K(25159296K), 0.0394001 secs] [Times: user=0.49 sys=0.01, real=0.04 secs] 
2014-04-09T14:37:03.972+0900: 304.428: [GC (Allocation Failure) 304.428: [ParNew: 59007K->6528K(59008K), 0.0424411 secs] 10009435K->9984450K(25159296K), 0.0426683 secs] [Times: user=0.52 sys=0.00, real=0.04 secs] 
2014-04-09T14:37:04.041+0900: 304.498: [GC (Allocation Failure) 304.498: [ParNew: 54680K->6528K(59008K), 0.0437266 secs] 10032603K->10018864K(25159296K), 0.0439509 secs] [Times: user=0.53 sys=0.01, real=0.04 secs] 
2014-04-09T14:37:04.113+0900: 304.569: [GC (Allocation Failure) 304.569: [ParNew: 59008K->6528K(59008K), 0.0518053 secs] 10071344K->10060513K(25159296K), 0.0520286 secs] [Times: user=0.64 sys=0.00, real=0.05 secs] 
2014-04-09T14:37:04.192+0900: 304.648: [GC (Allocation Failure) 304.648: [ParNew: 57335K->6528K(59008K), 0.0431477 secs] 10111321K->10082283K(25159296K), 0.0433779 secs] [Times: user=0.52 sys=0.00, real=0.04 secs] 
2014-04-09T14:37:04.255+0900: 304.712: [GC (Allocation Failure) 304.712: [ParNew: 59008K->6528K(59008K), 0.0431140 secs] 10134763K->10115543K(25159296K), 0.0433504 secs] [Times: user=0.55 sys=0.00, real=0.05 secs] 
2014-04-09T14:37:04.323+0900: 304.779: [GC (Allocation Failure) 304.780: [ParNew: 59008K->6528K(59008K), 0.0432167 secs] 10168023K->10139121K(25159296K), 0.0434463 secs] [Times: user=0.52 sys=0.00, real=0.04 secs] 
2014-04-09T14:37:04.398+0900: 304.854: [GC (Allocation Failure) 304.855: [ParNew: 59008K->6528K(59008K), 0.0389557 secs] 10191601K->10157080K(25159296K), 0.0391807 secs] [Times: user=0.46 sys=0.01, real=0.04 secs] 
2014-04-09T14:37:04.469+0900: 304.926: [GC (Allocation Failure) 304.926: [ParNew: 59008K->6528K(59008K), 0.0478125 secs] 10209560K->10172554K(25159296K), 0.0480382 secs] [Times: user=0.55 sys=0.01, real=0.04 secs] 
2014-04-09T14:37:04.553+0900: 305.009: [GC (Allocation Failure) 305.009: [ParNew: 59008K->6528K(59008K), 0.0439984 secs] 10225034K->10188489K(25159296K), 0.0442234 secs] [Times: user=0.52 sys=0.01, real=0.04 secs] 
2014-04-09T14:37:04.630+0900: 305.087: [GC (Allocation Failure) 305.087: [ParNew: 48786K->6528K(59008K), 0.0421144 secs] 10230747K->10212844K(25159296K), 0.0423505 secs] [Times: user=0.51 sys=0.00, real=0.04 secs] 
2014-04-09T14:37:04.704+0900: 305.161: [GC (Allocation Failure) 305.161: [ParNew: 59008K->4756K(59008K), 0.0456554 secs] 10265324K->10241713K(25159296K), 0.0458751 secs] [Times: user=0.58 sys=0.00, real=0.05 secs] 
2014-04-09T14:37:04.778+0900: 305.235: [GC (Allocation Failure) 305.235: [ParNew: 57236K->6528K(59008K), 0.0440858 secs] 10294193K->10259811K(25159296K), 0.0443068 secs] [Times: user=0.54 sys=0.01, real=0.05 secs] 
2014-04-09T14:37:04.846+0900: 305.303: [GC (Allocation Failure) 305.303: [ParNew: 59008K->5975K(59008K), 0.0430438 secs] 10312291K->10280836K(25159296K), 0.0432627 secs] [Times: user=0.54 sys=0.00, real=0.05 secs] 
2014-04-09T14:37:04.931+0900: 305.388: [GC (Allocation Failure) 305.388: [ParNew: 51180K->6528K(59008K), 0.0380714 secs] 10326041K->10296205K(25159296K), 0.0382972 secs] [Times: user=0.47 sys=0.01, real=0.04 secs] 
2014-04-09T14:37:04.998+0900: 305.454: [GC (Allocation Failure) 305.455: [ParNew: 59008K->6528K(59008K), 0.0414361 secs] 10348685K->10334726K(25159296K), 0.0416580 secs] [Times: user=0.50 sys=0.00, real=0.05 secs] 
2014-04-09T14:37:05.069+0900: 305.525: [GC (Allocation Failure) 305.525: [ParNew: 59008K->6528K(59008K), 0.0389761 secs] 10387206K->10349572K(25159296K), 0.0391967 secs] [Times: user=0.48 sys=0.01, real=0.03 secs] 
2014-04-09T14:37:05.153+0900: 305.610: [GC (Allocation Failure) 305.610: [ParNew: 57486K->6528K(59008K), 0.0422510 secs] 10400531K->10373867K(25159296K), 0.0424711 secs] [Times: user=0.52 sys=0.00, real=0.04 secs] 
2014-04-09T14:37:05.224+0900: 305.681: [GC (Allocation Failure) 305.681: [ParNew: 59008K->6528K(59008K), 0.0406565 secs] 10426347K->10397429K(25159296K), 0.0408758 secs] [Times: user=0.49 sys=0.00, real=0.04 secs] 
2014-04-09T14:37:05.289+0900: 305.745: [GC (Allocation Failure) 305.745: [ParNew: 51342K->6528K(59008K), 0.0418912 secs] 10442244K->10427795K(25159296K), 0.0421118 secs] [Times: user=0.53 sys=0.00, real=0.04 secs] 
2014-04-09T14:37:05.367+0900: 305.824: [GC (Allocation Failure) 305.824: [ParNew: 59008K->6528K(59008K), 0.0443643 secs] 10480275K->10452317K(25159296K), 0.0445797 secs] [Times: user=0.53 sys=0.01, real=0.05 secs] 
2014-04-09T14:37:05.442+0900: 305.898: [GC (Allocation Failure) 305.899: [ParNew: 59008K->6528K(59008K), 0.0460583 secs] 10504797K->10476789K(25159296K), 0.0462771 secs] [Times: user=0.56 sys=0.01, real=0.04 secs] 
2014-04-09T14:37:05.513+0900: 305.970: [GC (Allocation Failure) 305.970: [ParNew: 55316K->5919K(59008K), 0.0373735 secs] 10525578K->10489346K(25159296K), 0.0375928 secs] [Times: user=0.45 sys=0.00, real=0.04 secs] 
2014-04-09T14:37:05.586+0900: 306.042: [GC (Allocation Failure) 306.043: [ParNew: 58399K->6528K(59008K), 0.0425193 secs] 10541826K->10509436K(25159296K), 0.0427409 secs] [Times: user=0.51 sys=0.01, real=0.05 secs] 
2014-04-09T14:37:05.671+0900: 306.128: [GC (Allocation Failure) 306.128: [ParNew: 59008K->6528K(59008K), 0.0393871 secs] 10561916K->10525705K(25159296K), 0.0396048 secs] [Times: user=0.48 sys=0.00, real=0.04 secs] 
2014-04-09T14:37:05.744+0900: 306.201: [GC (Allocation Failure) 306.201: [ParNew: 59008K->6528K(59008K), 0.0416516 secs] 10578185K->10556877K(25159296K), 0.0418664 secs] [Times: user=0.51 sys=0.02, real=0.04 secs] 
2014-04-09T14:37:05.806+0900: 306.263: [GC (Allocation Failure) 306.263: [ParNew: 48965K->6528K(59008K), 0.0400459 secs] 10599315K->10567890K(25159296K), 0.0402610 secs] [Times: user=0.51 sys=0.01, real=0.04 secs] 
2014-04-09T14:37:05.881+0900: 306.338: [GC (Allocation Failure) 306.338: [ParNew: 59008K->6528K(59008K), 0.0413676 secs] 10620370K->10601055K(25159296K), 0.0415808 secs] [Times: user=0.51 sys=0.00, real=0.04 secs] 
2014-04-09T14:37:05.958+0900: 306.414: [GC (Allocation Failure) 306.415: [ParNew: 59004K->6528K(59008K), 0.0430145 secs] 10653531K->10632716K(25159296K), 0.0432273 secs] [Times: user=0.53 sys=0.01, real=0.05 secs] 
2014-04-09T14:37:06.038+0900: 306.495: [GC (Allocation Failure) 306.495: [ParNew: 53788K->6528K(59008K), 0.0405224 secs] 10679976K->10656621K(25159296K), 0.0407456 secs] [Times: user=0.50 sys=0.00, real=0.04 secs] 
2014-04-09T14:37:06.113+0900: 306.570: [GC (Allocation Failure) 306.570: [ParNew: 58983K->6528K(59008K), 0.0427027 secs] 10709076K->10687707K(25159296K), 0.0429179 secs] [Times: user=0.53 sys=0.01, real=0.04 secs] 
2014-04-09T14:37:06.190+0900: 306.647: [GC (Allocation Failure) 306.647: [ParNew: 59008K->6528K(59008K), 0.0393152 secs] 10740187K->10710062K(25159296K), 0.0395293 secs] [Times: user=0.50 sys=0.00, real=0.04 secs] 
2014-04-09T14:37:06.289+0900: 306.745: [GC (Allocation Failure) 306.746: [ParNew: 54289K->6528K(59008K), 0.0466241 secs] 10757824K->10726828K(25159296K), 0.0468378 secs] [Times: user=0.53 sys=0.01, real=0.05 secs] 
2014-04-09T14:37:06.382+0900: 306.838: [GC (Allocation Failure) 306.839: [ParNew: 59008K->5680K(59008K), 0.0393750 secs] 10779308K->10736721K(25159296K), 0.0395870 secs] [Times: user=0.50 sys=0.01, real=0.04 secs] 
2014-04-09T14:37:06.449+0900: 306.906: [GC (Allocation Failure) 306.906: [ParNew: 56693K->4092K(59008K), 0.0402088 secs] 10787734K->10750319K(25159296K), 0.0404187 secs] [Times: user=0.49 sys=0.00, real=0.04 secs] 
2014-04-09T14:37:06.510+0900: 306.967: [CMS-concurrent-mark: 2.041/4.738 secs] [Times: user=45.39 sys=0.99, real=4.74 secs] 
2014-04-09T14:37:06.510+0900: 306.967: [CMS-concurrent-preclean-start]
2014-04-09T14:37:06.540+0900: 306.997: [GC (Allocation Failure) 306.997: [ParNew: 54469K->6528K(59008K), 0.0392223 secs] 10800695K->10771370K(25159296K), 0.0394332 secs] [Times: user=0.48 sys=0.01, real=0.04 secs] 
2014-04-09T14:37:06.642+0900: 307.099: [GC (Allocation Failure) 307.099: [ParNew: 53071K->6528K(59008K), 0.0416567 secs] 10817914K->10787028K(25159296K), 0.0418659 secs] [Times: user=0.51 sys=0.00, real=0.04 secs] 
2014-04-09T14:37:06.722+0900: 307.179: [GC (Allocation Failure) 307.179: [ParNew: 59008K->6528K(59008K), 0.0458301 secs] 10839508K->10814378K(25159296K), 0.0460329 secs] [Times: user=0.54 sys=0.01, real=0.04 secs] 
2014-04-09T14:37:06.797+0900: 307.254: [GC (Allocation Failure) 307.254: [ParNew: 59008K->5995K(59008K), 0.0401880 secs] 10866858K->10838294K(25159296K), 0.0403973 secs] [Times: user=0.51 sys=0.01, real=0.04 secs] 
2014-04-09T14:37:06.880+0900: 307.337: [GC (Allocation Failure) 307.337: [ParNew: 50527K->6528K(59008K), 0.0442919 secs] 10882826K->10858532K(25159296K), 0.0444962 secs] [Times: user=0.54 sys=0.00, real=0.04 secs] 
2014-04-09T14:37:06.948+0900: 307.405: [GC (Allocation Failure) 307.405: [ParNew: 59008K->6528K(59008K), 0.0385102 secs] 10911012K->10883635K(25159296K), 0.0387147 secs] [Times: user=0.40 sys=0.00, real=0.04 secs] 
2014-04-09T14:37:07.018+0900: 307.475: [GC (Allocation Failure) 307.475: [ParNew: 59008K->6528K(59008K), 0.0426741 secs] 10936115K->10913074K(25159296K), 0.0428806 secs] [Times: user=0.52 sys=0.01, real=0.05 secs] 
2014-04-09T14:37:07.116+0900: 307.573: [GC (Allocation Failure) 307.573: [ParNew: 58920K->6528K(59008K), 0.0416457 secs] 10965467K->10923986K(25159296K), 0.0418485 secs] [Times: user=0.41 sys=0.00, real=0.04 secs] 
2014-04-09T14:37:07.232+0900: 307.689: [GC (Allocation Failure) 307.689: [ParNew: 58125K->4904K(59008K), 0.0431371 secs] 10975584K->10938590K(25159296K), 0.0433410 secs] [Times: user=0.52 sys=0.01, real=0.04 secs] 
2014-04-09T14:37:07.304+0900: 307.761: [GC (Allocation Failure) 307.761: [ParNew: 57376K->6526K(59008K), 0.0406881 secs] 10991062K->10969823K(25159296K), 0.0408977 secs] [Times: user=0.51 sys=0.00, real=0.04 secs] 
2014-04-09T14:37:07.364+0900: 307.820: [GC (Allocation Failure) 307.821: [ParNew: 57103K->6508K(59008K), 0.0388009 secs] 11020401K->10983505K(25159296K), 0.0390067 secs] [Times: user=0.49 sys=0.00, real=0.04 secs] 
2014-04-09T14:37:07.442+0900: 307.899: [GC (Allocation Failure) 307.899: [ParNew: 58984K->6528K(59008K), 0.0422762 secs] 11035982K->11024508K(25159296K), 0.0424796 secs] [Times: user=0.52 sys=0.01, real=0.04 secs] 
2014-04-09T14:37:07.508+0900: 307.965: [GC (Allocation Failure) 307.965: [ParNew: 59008K->6528K(59008K), 0.0388591 secs] 11076988K->11044347K(25159296K), 0.0390686 secs] [Times: user=0.45 sys=0.01, real=0.04 secs] 
2014-04-09T14:37:07.598+0900: 308.055: [GC (Allocation Failure) 308.055: [ParNew: 59008K->6528K(59008K), 0.0410213 secs] 11096827K->11067960K(25159296K), 0.0412258 secs] [Times: user=0.49 sys=0.01, real=0.04 secs] 
2014-04-09T14:37:07.705+0900: 308.162: [GC (Allocation Failure) 308.162: [ParNew: 59008K->6528K(59008K), 0.0408038 secs] 11120440K->11079959K(25159296K), 0.0410053 secs] [Times: user=0.45 sys=0.00, real=0.04 secs] 
2014-04-09T14:37:07.776+0900: 308.233: [GC (Allocation Failure) 308.233: [ParNew: 59008K->6528K(59008K), 0.0421907 secs] 11132439K->11110497K(25159296K), 0.0423909 secs] [Times: user=0.51 sys=0.01, real=0.04 secs] 
2014-04-09T14:37:07.847+0900: 308.304: [GC (Allocation Failure) 308.304: [ParNew: 53158K->6528K(59008K), 0.0397684 secs] 11157127K->11132531K(25159296K), 0.0399727 secs] [Times: user=0.50 sys=0.00, real=0.04 secs] 
2014-04-09T14:37:07.918+0900: 308.375: [GC (Allocation Failure) 308.375: [ParNew: 59006K->6528K(59008K), 0.0435580 secs] 11185010K->11163781K(25159296K), 0.0437591 secs] [Times: user=0.51 sys=0.01, real=0.05 secs] 
2014-04-09T14:37:07.989+0900: 308.445: [GC (Allocation Failure) 308.446: [ParNew: 59008K->6528K(59008K), 0.0404855 secs] 11216261K->11202846K(25159296K), 0.0406891 secs] [Times: user=0.46 sys=0.01, real=0.05 secs] 
2014-04-09T14:37:08.049+0900: 308.506: [GC (Allocation Failure) 308.506: [ParNew: 59008K->6528K(59008K), 0.0414722 secs] 11255326K->11228812K(25159296K), 0.0416717 secs] [Times: user=0.51 sys=0.01, real=0.05 secs] 
2014-04-09T14:37:08.107+0900: 308.564: [GC (Allocation Failure) 308.564: [ParNew: 59008K->6528K(59008K), 0.0333486 secs] 11281292K->11253801K(25159296K), 0.0335520 secs] [Times: user=0.42 sys=0.00, real=0.04 secs] 
2014-04-09T14:37:08.156+0900: 308.613: [GC (Allocation Failure) 308.613: [ParNew: 51244K->6528K(59008K), 0.0351406 secs] 11298518K->11270972K(25159296K), 0.0353419 secs] [Times: user=0.42 sys=0.00, real=0.04 secs] 
2014-04-09T14:37:08.215+0900: 308.671: [GC (Allocation Failure) 308.671: [ParNew: 59008K->6528K(59008K), 0.0430731 secs] 11323452K->11295363K(25159296K), 0.0432727 secs] [Times: user=0.50 sys=0.01, real=0.04 secs] 
2014-04-09T14:37:08.286+0900: 308.743: [GC (Allocation Failure) 308.743: [ParNew: 59008K->6528K(59008K), 0.0426407 secs] 11347843K->11315073K(25159296K), 0.0428416 secs] [Times: user=0.51 sys=0.01, real=0.04 secs] 
2014-04-09T14:37:08.362+0900: 308.819: [GC (Allocation Failure) 308.819: [ParNew: 59008K->6528K(59008K), 0.0454578 secs] 11367553K->11329875K(25159296K), 0.0456615 secs] [Times: user=0.56 sys=0.00, real=0.04 secs] 
2014-04-09T14:37:08.427+0900: 308.884: [GC (Allocation Failure) 308.884: [ParNew: 59008K->6528K(59008K), 0.0389926 secs] 11382355K->11341737K(25159296K), 0.0392025 secs] [Times: user=0.48 sys=0.00, real=0.04 secs] 
2014-04-09T14:37:08.493+0900: 308.950: [GC (Allocation Failure) 308.950: [ParNew: 59008K->6528K(59008K), 0.0407784 secs] 11394217K->11355865K(25159296K), 0.0409797 secs] [Times: user=0.48 sys=0.01, real=0.04 secs] 
2014-04-09T14:37:08.561+0900: 309.018: [GC (Allocation Failure) 309.018: [ParNew: 59008K->6528K(59008K), 0.0471621 secs] 11408345K->11371072K(25159296K), 0.0473699 secs] [Times: user=0.54 sys=0.01, real=0.04 secs] 
2014-04-09T14:37:08.643+0900: 309.100: [GC (Allocation Failure) 309.100: [ParNew: 52411K->4951K(59008K), 0.0427101 secs] 11416956K->11391196K(25159296K), 0.0429127 secs] [Times: user=0.52 sys=0.01, real=0.04 secs] 
2014-04-09T14:37:08.710+0900: 309.167: [GC (Allocation Failure) 309.167: [ParNew: 57431K->3998K(59008K), 0.0356817 secs] 11443676K->11424979K(25159296K), 0.0358812 secs] [Times: user=0.45 sys=0.00, real=0.03 secs] 
2014-04-09T14:37:08.763+0900: 309.220: [GC (Allocation Failure) 309.220: [ParNew: 56478K->6528K(59008K), 0.0346852 secs] 11477459K->11452470K(25159296K), 0.0348823 secs] [Times: user=0.43 sys=0.00, real=0.03 secs] 
2014-04-09T14:37:08.814+0900: 309.271: [GC (Allocation Failure) 309.271: [ParNew: 59008K->6528K(59008K), 0.0412180 secs] 11504950K->11479341K(25159296K), 0.0414162 secs] [Times: user=0.51 sys=0.00, real=0.04 secs] 
2014-04-09T14:37:08.877+0900: 309.334: [GC (Allocation Failure) 309.334: [ParNew: 56382K->6528K(59008K), 0.0388964 secs] 11529195K->11508622K(25159296K), 0.0390947 secs] [Times: user=0.50 sys=0.00, real=0.04 secs] 
2014-04-09T14:37:08.937+0900: 309.394: [GC (Allocation Failure) 309.394: [ParNew: 59008K->6528K(59008K), 0.0437758 secs] 11561102K->11550000K(25159296K), 0.0439740 secs] [Times: user=0.51 sys=0.02, real=0.05 secs] 
2014-04-09T14:37:08.997+0900: 309.454: [GC (Allocation Failure) 309.454: [ParNew: 55074K->6528K(59008K), 0.0347663 secs] 11598546K->11568536K(25159296K), 0.0349593 secs] [Times: user=0.42 sys=0.00, real=0.04 secs] 
2014-04-09T14:37:09.049+0900: 309.506: [GC (Allocation Failure) 309.506: [ParNew: 59008K->6528K(59008K), 0.0459364 secs] 11621016K->11610835K(25159296K), 0.0461297 secs] [Times: user=0.56 sys=0.01, real=0.05 secs] 
2014-04-09T14:37:09.119+0900: 309.576: [GC (Allocation Failure) 309.576: [ParNew: 59008K->6528K(59008K), 0.0378348 secs] 11663315K->11634434K(25159296K), 0.0380387 secs] [Times: user=0.45 sys=0.00, real=0.03 secs] 
2014-04-09T14:37:09.192+0900: 309.649: [GC (Allocation Failure) 309.649: [ParNew: 59008K->6528K(59008K), 0.0379174 secs] 11686914K->11645762K(25159296K), 0.0381139 secs] [Times: user=0.45 sys=0.00, real=0.04 secs] 
2014-04-09T14:37:09.270+0900: 309.726: [GC (Allocation Failure) 309.726: [ParNew: 58394K->6528K(59008K), 0.0397713 secs] 11697628K->11650363K(25159296K), 0.0399646 secs] [Times: user=0.49 sys=0.00, real=0.04 secs] 
2014-04-09T14:37:09.349+0900: 309.806: [GC (Allocation Failure) 309.806: [ParNew: 53891K->4357K(59008K), 0.0382271 secs] 11697726K->11666712K(25159296K), 0.0384155 secs] [Times: user=0.47 sys=0.01, real=0.04 secs] 
2014-04-09T14:37:09.409+0900: 309.866: [GC (Allocation Failure) 309.866: [ParNew: 56837K->6528K(59008K), 0.0393890 secs] 11719192K->11698175K(25159296K), 0.0395908 secs] [Times: user=0.50 sys=0.00, real=0.04 secs] 
2014-04-09T14:37:09.466+0900: 309.923: [GC (Allocation Failure) 309.923: [ParNew: 59008K->6528K(59008K), 0.0371994 secs] 11750655K->11718519K(25159296K), 0.0373917 secs] [Times: user=0.46 sys=0.00, real=0.04 secs] 
2014-04-09T14:37:09.526+0900: 309.983: [GC (Allocation Failure) 309.983: [ParNew: 59008K->6528K(59008K), 0.0381961 secs] 11770999K->11742942K(25159296K), 0.0383856 secs] [Times: user=0.48 sys=0.00, real=0.04 secs] 
2014-04-09T14:37:09.594+0900: 310.051: [GC (Allocation Failure) 310.051: [ParNew: 59008K->6528K(59008K), 0.0513512 secs] 11795422K->11770273K(25159296K), 0.0515436 secs] [Times: user=0.43 sys=0.02, real=0.05 secs] 
2014-04-09T14:37:09.680+0900: 310.137: [GC (Allocation Failure) 310.137: [ParNew: 49453K->6528K(59008K), 0.0447640 secs] 11813199K->11786204K(25159296K), 0.0449895 secs] [Times: user=0.56 sys=0.00, real=0.04 secs] 
2014-04-09T14:37:09.750+0900: 310.206: [GC (Allocation Failure) 310.207: [ParNew: 59008K->6528K(59008K), 0.0367813 secs] 11838684K->11807433K(25159296K), 0.0370068 secs] [Times: user=0.44 sys=0.00, real=0.03 secs] 
2014-04-09T14:37:09.810+0900: 310.267: [GC (Allocation Failure) 310.267: [ParNew: 55495K->6528K(59008K), 0.0370651 secs] 11856400K->11831116K(25159296K), 0.0372902 secs] [Times: user=0.45 sys=0.00, real=0.03 secs] 
2014-04-09T14:37:09.894+0900: 310.350: [GC (Allocation Failure) 310.351: [ParNew: 59008K->6528K(59008K), 0.0449307 secs] 11883596K->11845751K(25159296K), 0.0451574 secs] [Times: user=0.56 sys=0.00, real=0.04 secs] 
2014-04-09T14:37:09.970+0900: 310.427: [GC (Allocation Failure) 310.427: [ParNew: 59008K->6528K(59008K), 0.0454931 secs] 11898231K->11872757K(25159296K), 0.0457202 secs] [Times: user=0.53 sys=0.00, real=0.04 secs] 
2014-04-09T14:37:10.034+0900: 310.491: [GC (Allocation Failure) 310.491: [ParNew: 58062K->6528K(59008K), 0.0355493 secs] 11924292K->11890545K(25159296K), 0.0357869 secs] [Times: user=0.42 sys=0.00, real=0.04 secs] 
2014-04-09T14:37:10.099+0900: 310.555: [GC (Allocation Failure) 310.556: [ParNew: 59008K->6528K(59008K), 0.0378263 secs] 11943025K->11927110K(25159296K), 0.0380520 secs] [Times: user=0.46 sys=0.00, real=0.04 secs] 
2014-04-09T14:37:10.169+0900: 310.626: [GC (Allocation Failure) 310.626: [ParNew: 59008K->6528K(59008K), 0.0432271 secs] 11979590K->11948680K(25159296K), 0.0434618 secs] [Times: user=0.54 sys=0.00, real=0.05 secs] 
2014-04-09T14:37:10.238+0900: 310.695: [GC (Allocation Failure) 310.695: [ParNew: 59008K->6528K(59008K), 0.0464986 secs] 12001160K->11976538K(25159296K), 0.0467194 secs] [Times: user=0.56 sys=0.00, real=0.05 secs] 
2014-04-09T14:37:10.323+0900: 310.780: [GC (Allocation Failure) 310.780: [ParNew: 59008K->6528K(59008K), 0.0432431 secs] 12029018K->11993327K(25159296K), 0.0434615 secs] [Times: user=0.44 sys=0.01, real=0.04 secs] 
2014-04-09T14:37:10.419+0900: 310.876: [GC (Allocation Failure) 310.876: [ParNew: 59008K->6528K(59008K), 0.0452182 secs] 12045807K->12009332K(25159296K), 0.0454489 secs] [Times: user=0.52 sys=0.02, real=0.05 secs] 
2014-04-09T14:37:10.505+0900: 310.961: [GC (Allocation Failure) 310.961: [ParNew: 59008K->3996K(59008K), 0.0438379 secs] 12061812K->12020916K(25159296K), 0.0440573 secs] [Times: user=0.54 sys=0.00, real=0.04 secs] 
2014-04-09T14:37:10.579+0900: 311.036: [GC (Allocation Failure) 311.036: [ParNew: 56461K->6528K(59008K), 0.0377343 secs] 12073380K->12041830K(25159296K), 0.0379525 secs] [Times: user=0.48 sys=0.00, real=0.04 secs] 
2014-04-09T14:37:10.645+0900: 311.101: [GC (Allocation Failure) 311.101: [ParNew: 52681K->1155K(59008K), 0.0356359 secs] 12087983K->12057444K(25159296K), 0.0358601 secs] [Times: user=0.43 sys=0.01, real=0.04 secs] 
2014-04-09T14:37:10.712+0900: 311.168: [GC (Allocation Failure) 311.169: [ParNew: 53635K->6528K(59008K), 0.0356365 secs] 12109924K->12087092K(25159296K), 0.0358458 secs] [Times: user=0.44 sys=0.01, real=0.03 secs] 
2014-04-09T14:37:10.770+0900: 311.226: [GC (Allocation Failure) 311.226: [ParNew: 53363K->6528K(59008K), 0.0445422 secs] 12133928K->12106868K(25159296K), 0.0447451 secs] [Times: user=0.55 sys=0.00, real=0.04 secs] 
2014-04-09T14:37:10.856+0900: 311.313: [GC (Allocation Failure) 311.313: [ParNew: 59008K->6528K(59008K), 0.0479830 secs] 12159348K->12137893K(25159296K), 0.0482021 secs] [Times: user=0.58 sys=0.01, real=0.05 secs] 
2014-04-09T14:37:10.982+0900: 311.439: [CMS-concurrent-preclean: 1.706/4.472 secs] [Times: user=37.85 sys=0.72, real=4.47 secs] 
2014-04-09T14:37:10.983+0900: 311.440: [GC (Allocation Failure) 311.440: [ParNew: 59008K->6528K(59008K), 0.0439584 secs] 12190373K->12164246K(25159296K), 0.0441556 secs] [Times: user=0.52 sys=0.01, real=0.04 secs] 
2014-04-09T14:37:11.028+0900: 311.485: [CMS-concurrent-abortable-preclean-start]
2014-04-09T14:37:11.050+0900: 311.506: [GC (Allocation Failure) 311.506: [ParNew: 59008K->6528K(59008K), 0.0466891 secs] 12216726K->12185377K(25159296K), 0.0469044 secs] [Times: user=0.57 sys=0.00, real=0.04 secs] 
2014-04-09T14:37:11.124+0900: 311.581: [GC (Allocation Failure) 311.581: [ParNew: 59008K->6013K(59008K), 0.0430430 secs] 12237857K->12208547K(25159296K), 0.0432572 secs] [Times: user=0.52 sys=0.01, real=0.04 secs] 
2014-04-09T14:37:11.196+0900: 311.653: [GC (Allocation Failure) 311.653: [ParNew: 58493K->6528K(59008K), 0.0423185 secs] 12261027K->12232902K(25159296K), 0.0425389 secs] [Times: user=0.53 sys=0.00, real=0.04 secs] 
2014-04-09T14:37:11.273+0900: 311.729: [GC (Allocation Failure) 311.730: [ParNew: 57548K->6528K(59008K), 0.0520673 secs] 12283923K->12247800K(25159296K), 0.0522756 secs] [Times: user=0.56 sys=0.02, real=0.05 secs] 
2014-04-09T14:37:11.363+0900: 311.819: [GC (Allocation Failure) 311.820: [ParNew: 59008K->6528K(59008K), 0.0480627 secs] 12300280K->12274922K(25159296K), 0.0482698 secs] [Times: user=0.53 sys=0.02, real=0.05 secs] 
2014-04-09T14:37:11.444+0900: 311.901: [GC (Allocation Failure) 311.901: [ParNew: 56784K->6528K(59008K), 0.0414443 secs] 12325178K->12301430K(25159296K), 0.0416752 secs] [Times: user=0.51 sys=0.00, real=0.04 secs] 
2014-04-09T14:37:11.545+0900: 312.002: [CMS-concurrent-abortable-preclean: 0.223/0.517 secs] [Times: user=4.20 sys=0.08, real=0.52 secs] 
2014-04-09T14:37:11.546+0900: 312.003: [GC (Allocation Failure) 312.003: [ParNew: 59008K->6528K(59008K), 0.0468334 secs] 12353910K->12325952K(25159296K), 0.0470241 secs] [Times: user=0.57 sys=0.01, real=0.05 secs] 
2014-04-09T14:37:11.595+0900: 312.052: [GC (CMS Final Remark) [YG occupancy: 16716 K (59008 K)]312.052: [Rescan (parallel) , 0.0183482 secs]312.071: [weak refs processing, 0.0001013 secs]312.071: [class unloading, 0.0383652 secs]312.109: [scrub symbol table, 0.0037438 secs]312.113: [scrub string table, 0.0010609 secs][1 CMS-remark: 12319424K(25100288K)] 12336140K(25159296K), 0.0678021 secs] [Times: user=0.28 sys=0.00, real=0.07 secs] 
2014-04-09T14:37:11.664+0900: 312.120: [CMS-concurrent-sweep-start]
2014-04-09T14:37:11.680+0900: 312.137: [GC (Allocation Failure) 312.137: [ParNew: 59008K->6528K(59008K), 0.0407263 secs] 12371924K->12339158K(25159296K), 0.0409383 secs] [Times: user=0.50 sys=0.02, real=0.04 secs] 
2014-04-09T14:37:11.775+0900: 312.232: [GC (Allocation Failure) 312.232: [ParNew: 58511K->5006K(59008K), 0.0415141 secs] 12335307K->12287627K(25159296K), 0.0417327 secs] [Times: user=0.53 sys=0.00, real=0.04 secs] 
2014-04-09T14:37:11.887+0900: 312.344: [GC (Allocation Failure) 312.344: [ParNew: 49018K->167K(59008K), 0.0329539 secs] 12267019K->12240006K(25159296K), 0.0331782 secs] [Times: user=0.41 sys=0.01, real=0.04 secs] 
2014-04-09T14:37:11.950+0900: 312.406: [GC (Allocation Failure) 312.407: [ParNew: 52629K->6523K(59008K), 0.0436407 secs] 12265376K->12240500K(25159296K), 0.0438566 secs] [Times: user=0.55 sys=0.00, real=0.04 secs] 
2014-04-09T14:37:12.017+0900: 312.473: [GC (Allocation Failure) 312.474: [ParNew: 58974K->6528K(59008K), 0.0363786 secs] 12274225K->12243463K(25159296K), 0.0365933 secs] [Times: user=0.46 sys=0.00, real=0.04 secs] 
2014-04-09T14:37:12.087+0900: 312.544: [GC (Allocation Failure) 312.544: [ParNew: 59008K->6528K(59008K), 0.0377894 secs] 12263603K->12237031K(25159296K), 0.0380114 secs] [Times: user=0.46 sys=0.01, real=0.04 secs] 
2014-04-09T14:37:12.177+0900: 312.634: [GC (Allocation Failure) 312.634: [ParNew: 59008K->6528K(59008K), 0.0481076 secs] 12237744K->12212694K(25159296K), 0.0483200 secs] [Times: user=0.57 sys=0.00, real=0.05 secs] 
2014-04-09T14:37:12.282+0900: 312.739: [GC (Allocation Failure) 312.739: [ParNew: 59008K->6528K(59008K), 0.0423359 secs] 12209837K->12163882K(25159296K), 0.0425543 secs] [Times: user=0.52 sys=0.01, real=0.04 secs] 
2014-04-09T14:37:12.391+0900: 312.848: [GC (Allocation Failure) 312.848: [ParNew: 59008K->3131K(59008K), 0.0403009 secs] 12157409K->12110003K(25159296K), 0.0405167 secs] [Times: user=0.49 sys=0.00, real=0.04 secs] 
2014-04-09T14:37:12.472+0900: 312.929: [GC (Allocation Failure) 312.929: [ParNew: 52798K->1951K(59008K), 0.0420108 secs] 12131726K->12117586K(25159296K), 0.0422234 secs] [Times: user=0.53 sys=0.01, real=0.04 secs] 
2014-04-09T14:37:12.549+0900: 313.006: [GC (Allocation Failure) 313.006: [ParNew: 54431K->6528K(59008K), 0.0394761 secs] 12144025K->12121339K(25159296K), 0.0396899 secs] [Times: user=0.49 sys=0.00, real=0.04 secs] 
2014-04-09T14:37:12.613+0900: 313.070: [GC (Allocation Failure) 313.070: [ParNew: 53998K->6528K(59008K), 0.0406750 secs] 12147047K->12126119K(25159296K), 0.0408881 secs] [Times: user=0.50 sys=0.00, real=0.04 secs] 
2014-04-09T14:37:12.675+0900: 313.132: [GC (Allocation Failure) 313.132: [ParNew: 59008K->6528K(59008K), 0.0355523 secs] 12161288K->12139316K(25159296K), 0.0357607 secs] [Times: user=0.44 sys=0.00, real=0.04 secs] 
2014-04-09T14:37:12.734+0900: 313.191: [GC (Allocation Failure) 313.191: [ParNew: 59008K->6528K(59008K), 0.0413693 secs] 12172376K->12148788K(25159296K), 0.0415828 secs] [Times: user=0.51 sys=0.00, real=0.04 secs] 
2014-04-09T14:37:12.813+0900: 313.270: [GC (Allocation Failure) 313.270: [ParNew: 59008K->6528K(59008K), 0.0407565 secs] 12167053K->12134007K(25159296K), 0.0409766 secs] [Times: user=0.49 sys=0.00, real=0.04 secs] 
2014-04-09T14:37:12.890+0900: 313.347: [GC (Allocation Failure) 313.347: [ParNew: 59008K->6528K(59008K), 0.0452741 secs] 12155698K->12117798K(25159296K), 0.0454787 secs] [Times: user=0.55 sys=0.01, real=0.05 secs] 
2014-04-09T14:37:12.960+0900: 313.416: [GC (Allocation Failure) 313.416: [ParNew: 59008K->5412K(59008K), 0.0381169 secs] 12144448K->12116629K(25159296K), 0.0383226 secs] [Times: user=0.47 sys=0.00, real=0.04 secs] 
2014-04-09T14:37:13.027+0900: 313.483: [GC (Allocation Failure) 313.484: [ParNew: 51120K->6528K(59008K), 0.0390511 secs] 12129446K->12090951K(25159296K), 0.0392524 secs] [Times: user=0.48 sys=0.01, real=0.04 secs] 
2014-04-09T14:37:13.096+0900: 313.552: [GC (Allocation Failure) 313.552: [ParNew: 59008K->6528K(59008K), 0.0398824 secs] 12113555K->12073965K(25159296K), 0.0400865 secs] [Times: user=0.50 sys=0.00, real=0.04 secs] 
2014-04-09T14:37:13.159+0900: 313.616: [GC (Allocation Failure) 313.616: [ParNew: 59008K->6528K(59008K), 0.0428211 secs] 12108806K->12084234K(25159296K), 0.0430228 secs] [Times: user=0.52 sys=0.00, real=0.05 secs] 
2014-04-09T14:37:13.220+0900: 313.677: [GC (Allocation Failure) 313.677: [ParNew: 56557K->4257K(59008K), 0.0341300 secs] 12120234K->12087029K(25159296K), 0.0343518 secs] [Times: user=0.43 sys=0.01, real=0.04 secs] 
2014-04-09T14:37:13.284+0900: 313.741: [GC (Allocation Failure) 313.741: [ParNew: 50906K->6528K(59008K), 0.0412844 secs] 12109350K->12081315K(25159296K), 0.0415042 secs] [Times: user=0.51 sys=0.00, real=0.04 secs] 
2014-04-09T14:37:13.350+0900: 313.807: [GC (Allocation Failure) 313.807: [ParNew: 59008K->6528K(59008K), 0.0473389 secs] 12110739K->12094498K(25159296K), 0.0475553 secs] [Times: user=0.59 sys=0.00, real=0.05 secs] 
2014-04-09T14:37:13.429+0900: 313.886: [GC (Allocation Failure) 313.886: [ParNew: 56278K->6528K(59008K), 0.0417733 secs] 12116513K->12079769K(25159296K), 0.0419923 secs] [Times: user=0.50 sys=0.01, real=0.05 secs] 
2014-04-09T14:37:13.514+0900: 313.971: [GC (Allocation Failure) 313.971: [ParNew: 59008K->6528K(59008K), 0.0460441 secs] 12101825K->12079802K(25159296K), 0.0462637 secs] [Times: user=0.57 sys=0.01, real=0.05 secs] 
2014-04-09T14:37:13.589+0900: 314.046: [GC (Allocation Failure) 314.046: [ParNew: 58603K->2623K(59008K), 0.0404840 secs] 12109034K->12073440K(25159296K), 0.0407041 secs] [Times: user=0.50 sys=0.00, real=0.04 secs] 
2014-04-09T14:37:13.659+0900: 314.116: [GC (Allocation Failure) 314.116: [ParNew: 55103K->6339K(59008K), 0.0447668 secs] 12105110K->12086907K(25159296K), 0.0449841 secs] [Times: user=0.56 sys=0.01, real=0.05 secs] 
2014-04-09T14:37:13.729+0900: 314.186: [GC (Allocation Failure) 314.186: [ParNew: 58819K->6528K(59008K), 0.0407083 secs] 12117619K->12083217K(25159296K), 0.0409212 secs] [Times: user=0.50 sys=0.00, real=0.04 secs] 
2014-04-09T14:37:13.808+0900: 314.265: [GC (Allocation Failure) 314.265: [ParNew: 59007K->6528K(59008K), 0.0412762 secs] 12116218K->12094791K(25159296K), 0.0414882 secs] [Times: user=0.51 sys=0.00, real=0.04 secs] 
2014-04-09T14:37:13.888+0900: 314.345: [GC (Allocation Failure) 314.345: [ParNew: 59008K->6528K(59008K), 0.0438521 secs] 12116210K->12084813K(25159296K), 0.0440914 secs] [Times: user=0.51 sys=0.01, real=0.05 secs] 
2014-04-09T14:37:13.969+0900: 314.426: [GC (Allocation Failure) 314.426: [ParNew: 51191K->6528K(59008K), 0.0386274 secs] 12095162K->12067412K(25159296K), 0.0388543 secs] [Times: user=0.47 sys=0.00, real=0.04 secs] 
2014-04-09T14:37:14.030+0900: 314.487: [GC (Allocation Failure) 314.487: [ParNew: 59008K->6528K(59008K), 0.0391938 secs] 12103547K->12071031K(25159296K), 0.0394215 secs] [Times: user=0.47 sys=0.01, real=0.03 secs] 
2014-04-09T14:37:14.102+0900: 314.559: [GC (Allocation Failure) 314.559: [ParNew: 59008K->3702K(59008K), 0.0353996 secs] 12096955K->12061970K(25159296K), 0.0356281 secs] [Times: user=0.43 sys=0.01, real=0.03 secs] 
2014-04-09T14:37:14.197+0900: 314.653: [GC (Allocation Failure) 314.653: [ParNew: 53249K->6528K(59008K), 0.0376667 secs] 12064228K->12030109K(25159296K), 0.0379111 secs] [Times: user=0.46 sys=0.00, real=0.04 secs] 
2014-04-09T14:37:14.290+0900: 314.747: [GC (Allocation Failure) 314.747: [ParNew: 59008K->6528K(59008K), 0.0355771 secs] 12040030K->12009098K(25159296K), 0.0358032 secs] [Times: user=0.43 sys=0.00, real=0.04 secs] 
2014-04-09T14:37:14.353+0900: 314.810: [GC (Allocation Failure) 314.810: [ParNew: 56192K->6528K(59008K), 0.0356383 secs] 12036840K->12005203K(25159296K), 0.0358675 secs] [Times: user=0.43 sys=0.00, real=0.03 secs] 
2014-04-09T14:37:14.431+0900: 314.888: [GC (Allocation Failure) 314.888: [ParNew: 55399K->6528K(59008K), 0.0474120 secs] 12018818K->11996512K(25159296K), 0.0476389 secs] [Times: user=0.59 sys=0.01, real=0.04 secs] 
2014-04-09T14:37:14.500+0900: 314.957: [GC (Allocation Failure) 314.957: [ParNew: 59008K->6528K(59008K), 0.0478057 secs] 12031944K->12003375K(25159296K), 0.0480348 secs] [Times: user=0.56 sys=0.01, real=0.05 secs] 
2014-04-09T14:37:14.574+0900: 315.030: [GC (Allocation Failure) 315.031: [ParNew: 59008K->6528K(59008K), 0.0466175 secs] 12040290K->12017055K(25159296K), 0.0468528 secs] [Times: user=0.57 sys=0.01, real=0.05 secs] 
2014-04-09T14:37:14.657+0900: 315.114: [GC (Allocation Failure) 315.114: [ParNew: 59008K->6528K(59008K), 0.0429241 secs] 12049265K->12007560K(25159296K), 0.0431170 secs] [Times: user=0.52 sys=0.01, real=0.04 secs] 
2014-04-09T14:37:14.744+0900: 315.201: [GC (Allocation Failure) 315.201: [ParNew: 56533K->6528K(59008K), 0.0462354 secs] 12029276K->11992773K(25159296K), 0.0464644 secs] [Times: user=0.55 sys=0.01, real=0.04 secs] 
2014-04-09T14:37:14.840+0900: 315.297: [GC (Allocation Failure) 315.297: [ParNew: 55961K->5711K(59008K), 0.0381849 secs] 12013910K->11973185K(25159296K), 0.0384151 secs] [Times: user=0.47 sys=0.01, real=0.04 secs] 
2014-04-09T14:37:14.928+0900: 315.384: [GC (Allocation Failure) 315.385: [ParNew: 54116K->240K(59008K), 0.0429843 secs] 11994397K->11961466K(25159296K), 0.0432124 secs] [Times: user=0.50 sys=0.00, real=0.05 secs] 
2014-04-09T14:37:14.998+0900: 315.454: [GC (Allocation Failure) 315.455: [ParNew: 52703K->6527K(59008K), 0.0437809 secs] 12001296K->11979195K(25159296K), 0.0440107 secs] [Times: user=0.56 sys=0.00, real=0.05 secs] 
2014-04-09T14:37:15.061+0900: 315.518: [GC (Allocation Failure) 315.518: [ParNew: 59005K->6528K(59008K), 0.0448723 secs] 12022158K->11994629K(25159296K), 0.0451045 secs] [Times: user=0.56 sys=0.01, real=0.04 secs] 
2014-04-09T14:37:15.164+0900: 315.621: [GC (Allocation Failure) 315.621: [ParNew: 59008K->6527K(59008K), 0.0498995 secs] 12006691K->11979746K(25159296K), 0.0501293 secs] [Times: user=0.60 sys=0.00, real=0.05 secs] 
2014-04-09T14:37:15.246+0900: 315.703: [GC (Allocation Failure) 315.703: [ParNew: 59003K->6528K(59008K), 0.0436350 secs] 12011449K->11985961K(25159296K), 0.0438646 secs] [Times: user=0.53 sys=0.00, real=0.04 secs] 
2014-04-09T14:37:15.330+0900: 315.787: [GC (Allocation Failure) 315.787: [ParNew: 59008K->6528K(59008K), 0.0458405 secs] 12012005K->11991235K(25159296K), 0.0460779 secs] [Times: user=0.55 sys=0.01, real=0.04 secs] 
2014-04-09T14:37:15.439+0900: 315.896: [GC (Allocation Failure) 315.896: [ParNew: 59008K->6528K(59008K), 0.0414201 secs] 11994125K->11954442K(25159296K), 0.0416431 secs] [Times: user=0.49 sys=0.00, real=0.05 secs] 
2014-04-09T14:37:15.507+0900: 315.964: [GC (Allocation Failure) 315.964: [ParNew: 59008K->5383K(59008K), 0.0400145 secs] 11989169K->11964598K(25159296K), 0.0402422 secs] [Times: user=0.47 sys=0.02, real=0.04 secs] 
2014-04-09T14:37:15.591+0900: 316.047: [GC (Allocation Failure) 316.048: [ParNew: 51714K->6528K(59008K), 0.0383303 secs] 11923457K->11895479K(25159296K), 0.0385617 secs] [Times: user=0.47 sys=0.00, real=0.03 secs] 
2014-04-09T14:37:15.659+0900: 316.116: [GC (Allocation Failure) 316.116: [ParNew: 59008K->6528K(59008K), 0.0470086 secs] 11884615K->11852193K(25159296K), 0.0472362 secs] [Times: user=0.57 sys=0.00, real=0.05 secs] 
2014-04-09T14:37:15.729+0900: 316.186: [GC (Allocation Failure) 316.186: [ParNew: 58649K->6528K(59008K), 0.0372900 secs] 11861183K->11825152K(25159296K), 0.0375388 secs] [Times: user=0.46 sys=0.00, real=0.04 secs] 
2014-04-09T14:37:15.801+0900: 316.258: [GC (Allocation Failure) 316.258: [ParNew: 53669K->6528K(59008K), 0.0464683 secs] 11797210K->11777960K(25159296K), 0.0466932 secs] [Times: user=0.57 sys=0.00, real=0.04 secs] 
2014-04-09T14:37:15.867+0900: 316.324: [GC (Allocation Failure) 316.324: [ParNew: 54114K->6528K(59008K), 0.0461498 secs] 11782409K->11749773K(25159296K), 0.0463750 secs] [Times: user=0.58 sys=0.01, real=0.05 secs] 
2014-04-09T14:37:15.950+0900: 316.407: [GC (Allocation Failure) 316.407: [ParNew: 59008K->6528K(59008K), 0.0441840 secs] 11424596K->11396003K(25159296K), 0.0444198 secs] [Times: user=0.53 sys=0.00, real=0.05 secs] 
2014-04-09T14:37:16.000+0900: 316.457: [CMS-concurrent-sweep: 1.896/4.337 secs] [Times: user=36.05 sys=0.63, real=4.33 secs] 
2014-04-09T14:37:16.000+0900: 316.457: [CMS-concurrent-reset-start]
2014-04-09T14:37:16.041+0900: 316.497: [GC (Allocation Failure) 316.497: [ParNew: 59008K->6528K(59008K), 0.0436409 secs] 11393686K->11356580K(25159296K), 0.0438776 secs] [Times: user=0.53 sys=0.01, real=0.04 secs] 
2014-04-09T14:37:16.125+0900: 316.582: [GC (Allocation Failure) 316.582: [ParNew: 57265K->4854K(59008K), 0.0464899 secs] 11407317K->11391127K(25159296K), 0.0467200 secs] [Times: user=0.57 sys=0.01, real=0.05 secs] 
2014-04-09T14:37:16.179+0900: 316.636: [CMS-concurrent-reset: 0.084/0.178 secs] [Times: user=1.46 sys=0.02, real=0.17 secs] 
2014-04-09T14:37:16.197+0900: 316.654: [GC (Allocation Failure) 316.654: [ParNew: 57334K->6528K(59008K), 0.0418450 secs] 11443607K->11410875K(25159296K), 0.0420730 secs] [Times: user=0.52 sys=0.00, real=0.04 secs] 
2014-04-09T14:37:16.240+0900: 316.697: [GC (CMS Initial Mark) [1 CMS-initial-mark: 11404347K(25100288K)] 11411308K(25159296K), 0.0017926 secs] [Times: user=0.00 sys=0.00, real=0.01 secs] 
2014-04-09T14:37:16.243+0900: 316.699: [CMS-concurrent-mark-start]
2014-04-09T14:37:16.275+0900: 316.732: [GC (Allocation Failure) 316.732: [ParNew: 59007K->6528K(59008K), 0.0464164 secs] 11463354K->11443838K(25159296K), 0.0466433 secs] [Times: user=0.57 sys=0.00, real=0.05 secs] 
2014-04-09T14:37:16.372+0900: 316.829: [GC (Allocation Failure) 316.829: [ParNew: 59008K->6528K(59008K), 0.0500870 secs] 11496318K->11471581K(25159296K), 0.0503135 secs] [Times: user=0.59 sys=0.00, real=0.05 secs] 
2014-04-09T14:37:16.478+0900: 316.935: [GC (Allocation Failure) 316.935: [ParNew: 52390K->6528K(59008K), 0.0453373 secs] 11517444K->11494403K(25159296K), 0.0455722 secs] [Times: user=0.55 sys=0.01, real=0.05 secs] 
2014-04-09T14:37:16.552+0900: 317.009: [GC (Allocation Failure) 317.009: [ParNew: 59008K->6528K(59008K), 0.0441907 secs] 11546883K->11510501K(25159296K), 0.0444147 secs] [Times: user=0.57 sys=0.00, real=0.04 secs] 
2014-04-09T14:37:16.626+0900: 317.082: [GC (Allocation Failure) 317.082: [ParNew: 59008K->6193K(59008K), 0.0468879 secs] 11562981K->11533638K(25159296K), 0.0471164 secs] [Times: user=0.59 sys=0.00, real=0.05 secs] 
2014-04-09T14:37:16.721+0900: 317.178: [GC (Allocation Failure) 317.178: [ParNew: 58673K->6528K(59008K), 0.0420297 secs] 11586118K->11549040K(25159296K), 0.0422664 secs] [Times: user=0.51 sys=0.00, real=0.04 secs] 
2014-04-09T14:37:16.801+0900: 317.258: [GC (Allocation Failure) 317.258: [ParNew: 59008K->6528K(59008K), 0.0434180 secs] 11601520K->11573424K(25159296K), 0.0436506 secs] [Times: user=0.52 sys=0.01, real=0.04 secs] 
2014-04-09T14:37:16.874+0900: 317.331: [GC (Allocation Failure) 317.331: [ParNew: 59008K->6528K(59008K), 0.0446614 secs] 11625904K->11598839K(25159296K), 0.0448900 secs] [Times: user=0.56 sys=0.01, real=0.04 secs] 
2014-04-09T14:37:16.967+0900: 317.423: [GC (Allocation Failure) 317.424: [ParNew: 59008K->6528K(59008K), 0.0457610 secs] 11651319K->11619960K(25159296K), 0.0459899 secs] [Times: user=0.56 sys=0.01, real=0.05 secs] 
2014-04-09T14:37:17.037+0900: 317.494: [GC (Allocation Failure) 317.494: [ParNew: 52116K->6528K(59008K), 0.0403563 secs] 11665549K->11634558K(25159296K), 0.0406002 secs] [Times: user=0.50 sys=0.00, real=0.04 secs] 
2014-04-09T14:37:17.123+0900: 317.580: [GC (Allocation Failure) 317.580: [ParNew: 55508K->6528K(59008K), 0.0445504 secs] 11683539K->11657035K(25159296K), 0.0447774 secs] [Times: user=0.54 sys=0.00, real=0.04 secs] 
2014-04-09T14:37:17.241+0900: 317.697: [GC (Allocation Failure) 317.698: [ParNew: 59008K->6528K(59008K), 0.0437582 secs] 11709515K->11675498K(25159296K), 0.0439822 secs] [Times: user=0.53 sys=0.00, real=0.04 secs] 
2014-04-09T14:37:17.313+0900: 317.770: [GC (Allocation Failure) 317.770: [ParNew: 59008K->6528K(59008K), 0.0388446 secs] 11727978K->11699709K(25159296K), 0.0390704 secs] [Times: user=0.47 sys=0.00, real=0.04 secs] 
2014-04-09T14:37:17.396+0900: 317.853: [GC (Allocation Failure) 317.853: [ParNew: 59008K->6528K(59008K), 0.0365580 secs] 11752189K->11722254K(25159296K), 0.0367818 secs] [Times: user=0.46 sys=0.00, real=0.04 secs] 
2014-04-09T14:37:17.495+0900: 317.952: [GC (Allocation Failure) 317.952: [ParNew: 52854K->6528K(59008K), 0.0378410 secs] 11768580K->11744524K(25159296K), 0.0380680 secs] [Times: user=0.43 sys=0.00, real=0.04 secs] 
2014-04-09T14:37:17.571+0900: 318.028: [GC (Allocation Failure) 318.028: [ParNew: 59008K->6528K(59008K), 0.0408051 secs] 11797004K->11763784K(25159296K), 0.0410364 secs] [Times: user=0.50 sys=0.00, real=0.04 secs] 
2014-04-09T14:37:17.657+0900: 318.114: [GC (Allocation Failure) 318.114: [ParNew: 59008K->3958K(59008K), 0.0432922 secs] 11816264K->11781536K(25159296K), 0.0435325 secs] [Times: user=0.54 sys=0.01, real=0.05 secs] 
2014-04-09T14:37:17.776+0900: 318.233: [GC (Allocation Failure) 318.233: [ParNew: 56438K->6528K(59008K), 0.0424721 secs] 11834016K->11803134K(25159296K), 0.0427015 secs] [Times: user=0.51 sys=0.00, real=0.04 secs] 
2014-04-09T14:37:17.891+0900: 318.348: [GC (Allocation Failure) 318.348: [ParNew: 56971K->6528K(59008K), 0.0387163 secs] 11853578K->11816337K(25159296K), 0.0389462 secs] [Times: user=0.48 sys=0.00, real=0.03 secs] 
2014-04-09T14:37:17.956+0900: 318.412: [GC (Allocation Failure) 318.413: [ParNew: 55476K->6528K(59008K), 0.0363020 secs] 11865286K->11836590K(25159296K), 0.0365297 secs] [Times: user=0.45 sys=0.00, real=0.04 secs] 
2014-04-09T14:37:18.031+0900: 318.487: [GC (Allocation Failure) 318.488: [ParNew: 53907K->6528K(59008K), 0.0449012 secs] 11883970K->11866711K(25159296K), 0.0451294 secs] [Times: user=0.54 sys=0.00, real=0.04 secs] 
2014-04-09T14:37:18.125+0900: 318.582: [GC (Allocation Failure) 318.582: [ParNew: 51489K->6528K(59008K), 0.0352402 secs] 11911672K->11883804K(25159296K), 0.0354722 secs] [Times: user=0.42 sys=0.00, real=0.03 secs] 
2014-04-09T14:37:18.186+0900: 318.643: [GC (Allocation Failure) 318.643: [ParNew: 55007K->6528K(59008K), 0.0442880 secs] 11932284K->11906854K(25159296K), 0.0445141 secs] [Times: user=0.54 sys=0.01, real=0.05 secs] 
2014-04-09T14:37:18.276+0900: 318.733: [GC (Allocation Failure) 318.733: [ParNew: 59008K->6528K(59008K), 0.0429574 secs] 11959334K->11931604K(25159296K), 0.0431786 secs] [Times: user=0.54 sys=0.00, real=0.04 secs] 
2014-04-09T14:37:18.379+0900: 318.836: [GC (Allocation Failure) 318.836: [ParNew: 59008K->6528K(59008K), 0.0373556 secs] 11984084K->11944476K(25159296K), 0.0375731 secs] [Times: user=0.45 sys=0.01, real=0.04 secs] 
2014-04-09T14:37:18.505+0900: 318.961: [GC (Allocation Failure) 318.961: [ParNew: 59008K->4543K(59008K), 0.0365495 secs] 11996956K->11947204K(25159296K), 0.0367685 secs] [Times: user=0.46 sys=0.00, real=0.04 secs] 
2014-04-09T14:37:18.638+0900: 319.094: [GC (Allocation Failure) 319.095: [ParNew: 52035K->5830K(59008K), 0.0399499 secs] 11994697K->11956683K(25159296K), 0.0401711 secs] [Times: user=0.50 sys=0.00, real=0.04 secs] 
2014-04-09T14:37:18.761+0900: 319.218: [GC (Allocation Failure) 319.218: [ParNew: 51326K->2918K(59008K), 0.0436424 secs] 12002180K->11974835K(25159296K), 0.0438603 secs] [Times: user=0.54 sys=0.01, real=0.04 secs] 
2014-04-09T14:37:18.828+0900: 319.285: [GC (Allocation Failure) 319.285: [ParNew: 55380K->6528K(59008K), 0.0381535 secs] 12027297K->11998809K(25159296K), 0.0383712 secs] [Times: user=0.48 sys=0.01, real=0.04 secs] 
2014-04-09T14:37:18.884+0900: 319.341: [GC (Allocation Failure) 319.341: [ParNew: 53049K->1163K(59008K), 0.0332970 secs] 12045330K->12024563K(25159296K), 0.0335162 secs] [Times: user=0.41 sys=0.01, real=0.03 secs] 
2014-04-09T14:37:18.967+0900: 319.424: [GC (Allocation Failure) 319.424: [ParNew: 53643K->6528K(59008K), 0.0480945 secs] 12077043K->12056238K(25159296K), 0.0483066 secs] [Times: user=0.55 sys=0.01, real=0.05 secs] 
2014-04-09T14:37:19.074+0900: 319.530: [GC (Allocation Failure) 319.530: [ParNew: 59008K->6528K(59008K), 0.0438062 secs] 12108718K->12075906K(25159296K), 0.0440209 secs] [Times: user=0.52 sys=0.01, real=0.04 secs] 
2014-04-09T14:37:19.177+0900: 319.634: [GC (Allocation Failure) 319.634: [ParNew: 57125K->6528K(59008K), 0.0402461 secs] 12126503K->12079757K(25159296K), 0.0404629 secs] [Times: user=0.49 sys=0.01, real=0.04 secs] 
2014-04-09T14:37:19.303+0900: 319.760: [GC (Allocation Failure) 319.760: [ParNew: 59008K->1785K(59008K), 0.0388895 secs] 12132237K->12089544K(25159296K), 0.0391105 secs] [Times: user=0.47 sys=0.00, real=0.04 secs] 
2014-04-09T14:37:19.385+0900: 319.842: [GC (Allocation Failure) 319.842: [ParNew: 54244K->6528K(59008K), 0.0406883 secs] 12142003K->12108056K(25159296K), 0.0409141 secs] [Times: user=0.51 sys=0.00, real=0.04 secs] 
2014-04-09T14:37:19.473+0900: 319.930: [GC (Allocation Failure) 319.930: [ParNew: 59006K->5856K(59008K), 0.0365449 secs] 12160534K->12127853K(25159296K), 0.0367583 secs] [Times: user=0.46 sys=0.00, real=0.03 secs] 
2014-04-09T14:37:19.574+0900: 320.030: [GC (Allocation Failure) 320.030: [ParNew: 48503K->6528K(59008K), 0.0358582 secs] 12170500K->12147135K(25159296K), 0.0360719 secs] [Times: user=0.43 sys=0.01, real=0.03 secs] 
2014-04-09T14:37:19.647+0900: 320.104: [GC (Allocation Failure) 320.104: [ParNew: 59008K->6528K(59008K), 0.0370188 secs] 12199615K->12169484K(25159296K), 0.0372442 secs] [Times: user=0.44 sys=0.01, real=0.04 secs] 
2014-04-09T14:37:19.717+0900: 320.173: [GC (Allocation Failure) 320.174: [ParNew: 58491K->6528K(59008K), 0.0391059 secs] 12221447K->12193081K(25159296K), 0.0393283 secs] [Times: user=0.48 sys=0.01, real=0.04 secs] 
2014-04-09T14:37:19.806+0900: 320.263: [GC (Allocation Failure) 320.263: [ParNew: 59008K->6528K(59008K), 0.0386794 secs] 12245561K->12202675K(25159296K), 0.0389091 secs] [Times: user=0.48 sys=0.01, real=0.04 secs] 
2014-04-09T14:37:19.898+0900: 320.355: [GC (Allocation Failure) 320.355: [ParNew: 59008K->6528K(59008K), 0.0395330 secs] 12255155K->12213657K(25159296K), 0.0397589 secs] [Times: user=0.48 sys=0.00, real=0.04 secs] 
2014-04-09T14:37:20.003+0900: 320.460: [GC (Allocation Failure) 320.460: [ParNew: 58758K->4750K(59008K), 0.0392787 secs] 12265888K->12216059K(25159296K), 0.0395200 secs] [Times: user=0.48 sys=0.00, real=0.04 secs] 
2014-04-09T14:37:20.110+0900: 320.566: [GC (Allocation Failure) 320.566: [ParNew: 57230K->1660K(59008K), 0.0396694 secs] 12268539K->12223209K(25159296K), 0.0399060 secs] [Times: user=0.50 sys=0.00, real=0.04 secs] 
2014-04-09T14:37:20.179+0900: 320.636: [CMS-concurrent-mark: 2.106/3.936 secs] [Times: user=34.23 sys=0.72, real=3.93 secs] 
2014-04-09T14:37:20.179+0900: 320.636: [CMS-concurrent-preclean-start]
2014-04-09T14:37:20.218+0900: 320.674: [GC (Allocation Failure) 320.674: [ParNew: 54025K->6011K(59008K), 0.0351668 secs] 12275573K->12237720K(25159296K), 0.0353992 secs] [Times: user=0.45 sys=0.00, real=0.04 secs] 
2014-04-09T14:37:20.352+0900: 320.808: [GC (Allocation Failure) 320.808: [ParNew: 58471K->5444K(59008K), 0.0360250 secs] 12290180K->12253093K(25159296K), 0.0362492 secs] [Times: user=0.45 sys=0.00, real=0.03 secs] 
2014-04-09T14:37:20.447+0900: 320.904: [GC (Allocation Failure) 320.904: [ParNew: 57924K->6528K(59008K), 0.0336941 secs] 12305573K->12277047K(25159296K), 0.0339193 secs] [Times: user=0.40 sys=0.02, real=0.03 secs] 
2014-04-09T14:37:20.599+0900: 321.056: [GC (Allocation Failure) 321.056: [ParNew: 59008K->6528K(59008K), 0.0414438 secs] 12329527K->12290365K(25159296K), 0.0416712 secs] [Times: user=0.49 sys=0.00, real=0.04 secs] 
2014-04-09T14:37:20.734+0900: 321.191: [GC (Allocation Failure) 321.191: [ParNew: 59007K->6528K(59008K), 0.0374818 secs] 12342844K->12308974K(25159296K), 0.0377065 secs] [Times: user=0.44 sys=0.01, real=0.04 secs] 
2014-04-09T14:37:21.110+0900: 321.567: [CMS-concurrent-preclean: 0.660/0.931 secs] [Times: user=3.41 sys=0.07, real=0.93 secs] 
2014-04-09T14:37:21.110+0900: 321.567: [CMS-concurrent-abortable-preclean-start]
2014-04-09T14:37:22.585+0900: 323.042: [GC (Allocation Failure) 323.042: [ParNew: 59006K->6528K(59008K), 0.0375091 secs] 12361452K->12331673K(25159296K), 0.0377451 secs] [Times: user=0.46 sys=0.01, real=0.04 secs] 
2014-04-09T14:37:22.768+0900: 323.224: [CMS-concurrent-abortable-preclean: 0.977/1.658 secs] [Times: user=1.60 sys=0.02, real=1.66 secs] 
2014-04-09T14:37:22.769+0900: 323.226: [GC (Allocation Failure) 323.226: [ParNew: 59008K->6528K(59008K), 0.0470127 secs] 12384153K->12349702K(25159296K), 0.0472239 secs] [Times: user=0.55 sys=0.01, real=0.05 secs] 
2014-04-09T14:37:22.817+0900: 323.274: [GC (CMS Final Remark) [YG occupancy: 6617 K (59008 K)]323.274: [Rescan (parallel) , 0.0193154 secs]323.293: [weak refs processing, 0.0000601 secs]323.294: [class unloading, 0.0474804 secs]323.341: [scrub symbol table, 0.0048701 secs]323.346: [scrub string table, 0.0014023 secs][1 CMS-remark: 12343174K(25100288K)] 12349792K(25159296K), 0.0805563 secs] [Times: user=0.30 sys=0.00, real=0.08 secs] 
2014-04-09T14:37:22.898+0900: 323.355: [CMS-concurrent-sweep-start]
2014-04-09T14:37:23.022+0900: 323.479: [GC (Allocation Failure) 323.479: [ParNew: 59008K->470K(59008K), 0.0362097 secs] 12388745K->12336716K(25159296K), 0.0364355 secs] [Times: user=0.43 sys=0.00, real=0.03 secs] 
2014-04-09T14:37:23.183+0900: 323.640: [GC (Allocation Failure) 323.640: [ParNew: 45724K->1474K(59008K), 0.0438387 secs] 12372200K->12338190K(25159296K), 0.0440768 secs] [Times: user=0.55 sys=0.00, real=0.04 secs] 
2014-04-09T14:37:23.257+0900: 323.713: [GC (Allocation Failure) 323.714: [ParNew: 53534K->571K(59008K), 0.0373929 secs] 12388479K->12355838K(25159296K), 0.0376191 secs] [Times: user=0.47 sys=0.00, real=0.04 secs] 
2014-04-09T14:37:23.392+0900: 323.849: [GC (Allocation Failure) 323.849: [ParNew: 53051K->6526K(59008K), 0.0523948 secs] 12402541K->12381180K(25159296K), 0.0526190 secs] [Times: user=0.57 sys=0.01, real=0.05 secs] 
2014-04-09T14:37:23.566+0900: 324.023: [GC (Allocation Failure) 324.023: [ParNew: 59006K->1032K(59008K), 0.0377864 secs] 12412978K->12361513K(25159296K), 0.0380138 secs] [Times: user=0.47 sys=0.00, real=0.04 secs] 
2014-04-09T14:37:23.721+0900: 324.178: [GC (Allocation Failure) 324.178: [ParNew: 45581K->4982K(59008K), 0.0335604 secs] 12380460K->12339862K(25159296K), 0.0337823 secs] [Times: user=0.42 sys=0.00, real=0.04 secs] 
2014-04-09T14:37:23.819+0900: 324.276: [GC (Allocation Failure) 324.276: [ParNew: 57435K->6513K(59008K), 0.0461731 secs] 12378949K->12340415K(25159296K), 0.0463992 secs] [Times: user=0.56 sys=0.01, real=0.05 secs] 
2014-04-09T14:37:23.930+0900: 324.387: [GC (Allocation Failure) 324.387: [ParNew: 58992K->6528K(59008K), 0.0455083 secs] 12385526K->12359753K(25159296K), 0.0457333 secs] [Times: user=0.53 sys=0.01, real=0.05 secs] 
2014-04-09T14:37:24.086+0900: 324.543: [GC (Allocation Failure) 324.543: [ParNew: 59008K->6528K(59008K), 0.0447561 secs] 12401565K->12359229K(25159296K), 0.0449809 secs] [Times: user=0.53 sys=0.00, real=0.04 secs] 
2014-04-09T14:37:24.217+0900: 324.674: [GC (Allocation Failure) 324.674: [ParNew: 59008K->6528K(59008K), 0.0488276 secs] 12402074K->12370481K(25159296K), 0.0490555 secs] [Times: user=0.55 sys=0.02, real=0.05 secs] 
2014-04-09T14:37:24.305+0900: 324.762: [GC (Allocation Failure) 324.762: [ParNew: 59008K->2577K(59008K), 0.0365107 secs] 12420058K->12366936K(25159296K), 0.0367299 secs] [Times: user=0.45 sys=0.01, real=0.04 secs] 
2014-04-09T14:37:24.372+0900: 324.829: [GC (Allocation Failure) 324.829: [ParNew: 55057K->944K(59008K), 0.0295254 secs] 12417618K->12363506K(25159296K), 0.0297439 secs] [Times: user=0.37 sys=0.00, real=0.03 secs] 
2014-04-09T14:37:24.434+0900: 324.890: [GC (Allocation Failure) 324.890: [ParNew: 53424K->627K(59008K), 0.0323657 secs] 12414581K->12361785K(25159296K), 0.0325797 secs] [Times: user=0.41 sys=0.00, real=0.03 secs] 
2014-04-09T14:37:24.498+0900: 324.955: [GC (Allocation Failure) 324.955: [ParNew: 53107K->640K(59008K), 0.0316954 secs] 12412918K->12360451K(25159296K), 0.0319140 secs] [Times: user=0.39 sys=0.00, real=0.03 secs] 
2014-04-09T14:37:24.563+0900: 325.019: [GC (Allocation Failure) 325.019: [ParNew: 53120K->652K(59008K), 0.0311821 secs] 12410988K->12358520K(25159296K), 0.0313993 secs] [Times: user=0.39 sys=0.01, real=0.03 secs] 
2014-04-09T14:37:24.626+0900: 325.082: [GC (Allocation Failure) 325.082: [ParNew: 53132K->671K(59008K), 0.0299461 secs] 12405825K->12353364K(25159296K), 0.0301605 secs] [Times: user=0.37 sys=0.00, real=0.03 secs] 
2014-04-09T14:37:24.688+0900: 325.144: [GC (Allocation Failure) 325.144: [ParNew: 53151K->382K(59008K), 0.0327907 secs] 12397798K->12345444K(25159296K), 0.0330105 secs] [Times: user=0.41 sys=0.00, real=0.03 secs] 
2014-04-09T14:37:24.753+0900: 325.210: [GC (Allocation Failure) 325.210: [ParNew: 52862K->104K(59008K), 0.0342795 secs] 12390570K->12337812K(25159296K), 0.0345022 secs] [Times: user=0.44 sys=0.00, real=0.03 secs] 
2014-04-09T14:37:24.820+0900: 325.277: [GC (Allocation Failure) 325.277: [ParNew: 52584K->24K(59008K), 0.0333088 secs] 12381036K->12328477K(25159296K), 0.0335326 secs] [Times: user=0.42 sys=0.00, real=0.04 secs] 
2014-04-09T14:37:24.886+0900: 325.343: [GC (Allocation Failure) 325.343: [ParNew: 52504K->24K(59008K), 0.0321949 secs] 12371871K->12319391K(25159296K), 0.0324161 secs] [Times: user=0.40 sys=0.00, real=0.03 secs] 
2014-04-09T14:37:24.951+0900: 325.408: [GC (Allocation Failure) 325.408: [ParNew: 52504K->26K(59008K), 0.0321035 secs] 12365031K->12312553K(25159296K), 0.0323271 secs] [Times: user=0.41 sys=0.00, real=0.03 secs] 
2014-04-09T14:37:25.016+0900: 325.473: [GC (Allocation Failure) 325.473: [ParNew: 52506K->24K(59008K), 0.0326095 secs] 12360098K->12307616K(25159296K), 0.0328318 secs] [Times: user=0.41 sys=0.00, real=0.03 secs] 
2014-04-09T14:37:25.082+0900: 325.539: [GC (Allocation Failure) 325.539: [ParNew: 52504K->18K(59008K), 0.0317809 secs] 12352025K->12299539K(25159296K), 0.0320023 secs] [Times: user=0.39 sys=0.00, real=0.03 secs] 
2014-04-09T14:37:25.147+0900: 325.603: [GC (Allocation Failure) 325.603: [ParNew: 52498K->16K(59008K), 0.0319469 secs] 12343666K->12291184K(25159296K), 0.0321705 secs] [Times: user=0.40 sys=0.00, real=0.03 secs] 
2014-04-09T14:37:25.212+0900: 325.668: [GC (Allocation Failure) 325.669: [ParNew: 52496K->22K(59008K), 0.0310499 secs] 12337499K->12285025K(25159296K), 0.0312720 secs] [Times: user=0.39 sys=0.01, real=0.03 secs] 
2014-04-09T14:37:25.275+0900: 325.732: [GC (Allocation Failure) 325.732: [ParNew: 52502K->26K(59008K), 0.0310979 secs] 12329912K->12277436K(25159296K), 0.0313184 secs] [Times: user=0.40 sys=0.00, real=0.03 secs] 
2014-04-09T14:37:25.338+0900: 325.795: [GC (Allocation Failure) 325.795: [ParNew: 52506K->22K(59008K), 0.0310052 secs] 12323935K->12271452K(25159296K), 0.0312317 secs] [Times: user=0.39 sys=0.00, real=0.03 secs] 
2014-04-09T14:37:25.402+0900: 325.859: [GC (Allocation Failure) 325.859: [ParNew: 52502K->22K(59008K), 0.0307343 secs] 12318975K->12266496K(25159296K), 0.0309518 secs] [Times: user=0.38 sys=0.01, real=0.03 secs] 
2014-04-09T14:37:25.550+0900: 326.007: [CMS-concurrent-sweep: 1.601/2.652 secs] [Times: user=17.21 sys=0.18, real=2.65 secs] 
2014-04-09T14:37:25.550+0900: 326.007: [CMS-concurrent-reset-start]
2014-04-09T14:37:25.619+0900: 326.076: [CMS-concurrent-reset: 0.069/0.069 secs] [Times: user=0.07 sys=0.00, real=0.07 secs] 
2014-04-09T14:37:27.620+0900: 328.077: [GC (CMS Initial Mark) [1 CMS-initial-mark: 9490335K(25100288K)] 9521738K(25159296K), 0.0063448 secs] [Times: user=0.07 sys=0.00, real=0.01 secs] 
2014-04-09T14:37:27.627+0900: 328.083: [CMS-concurrent-mark-start]
2014-04-09T14:37:28.743+0900: 329.200: [GC (Allocation Failure) 329.200: [ParNew: 52502K->144K(59008K), 0.0316928 secs] 9542837K->9490480K(25159296K), 0.0319176 secs] [Times: user=0.39 sys=0.01, real=0.03 secs] 
2014-04-09T14:37:28.824+0900: 329.281: [GC (Allocation Failure) 329.281: [ParNew: 52624K->178K(59008K), 0.0314788 secs] 9542960K->9490514K(25159296K), 0.0316924 secs] [Times: user=0.40 sys=0.00, real=0.03 secs] 
2014-04-09T14:37:28.904+0900: 329.361: [GC (Allocation Failure) 329.361: [ParNew: 52658K->201K(59008K), 0.0312256 secs] 9542994K->9490536K(25159296K), 0.0314406 secs] [Times: user=0.40 sys=0.00, real=0.03 secs] 
2014-04-09T14:37:28.984+0900: 329.441: [GC (Allocation Failure) 329.441: [ParNew: 52681K->221K(59008K), 0.0308328 secs] 9543016K->9490556K(25159296K), 0.0310612 secs] [Times: user=0.39 sys=0.00, real=0.03 secs] 
2014-04-09T14:37:29.058+0900: 329.515: [GC (Allocation Failure) 329.515: [ParNew: 52701K->184K(59008K), 0.0317465 secs] 9543036K->9490519K(25159296K), 0.0319688 secs] [Times: user=0.39 sys=0.01, real=0.03 secs] 
2014-04-09T14:37:29.134+0900: 329.590: [GC (Allocation Failure) 329.590: [ParNew: 52664K->205K(59008K), 0.0306621 secs] 9542999K->9490540K(25159296K), 0.0308867 secs] [Times: user=0.39 sys=0.00, real=0.03 secs] 
2014-04-09T14:37:29.205+0900: 329.662: [GC (Allocation Failure) 329.662: [ParNew: 52685K->58K(59008K), 0.0320118 secs] 9543020K->9490518K(25159296K), 0.0322371 secs] [Times: user=0.40 sys=0.00, real=0.03 secs] 
2014-04-09T14:37:29.280+0900: 329.737: [GC (Allocation Failure) 329.737: [ParNew: 52538K->31K(59008K), 0.0332942 secs] 9542998K->9490491K(25159296K), 0.0335199 secs] [Times: user=0.42 sys=0.01, real=0.04 secs] 
2014-04-09T14:37:29.357+0900: 329.814: [GC (Allocation Failure) 329.814: [ParNew: 52511K->30K(59008K), 0.0320539 secs] 9542971K->9490491K(25159296K), 0.0322788 secs] [Times: user=0.39 sys=0.01, real=0.03 secs] 
2014-04-09T14:37:29.433+0900: 329.890: [GC (Allocation Failure) 329.890: [ParNew: 52510K->31K(59008K), 0.0326490 secs] 9542971K->9490493K(25159296K), 0.0328824 secs] [Times: user=0.41 sys=0.01, real=0.03 secs] 
2014-04-09T14:37:29.510+0900: 329.967: [GC (Allocation Failure) 329.967: [ParNew: 52511K->32K(59008K), 0.0317510 secs] 9542973K->9490494K(25159296K), 0.0319780 secs] [Times: user=0.40 sys=0.01, real=0.03 secs] 
2014-04-09T14:37:29.587+0900: 330.043: [GC (Allocation Failure) 330.043: [ParNew: 52512K->30K(59008K), 0.0335041 secs] 9542974K->9490493K(25159296K), 0.0337273 secs] [Times: user=0.42 sys=0.00, real=0.03 secs] 
2014-04-09T14:37:29.663+0900: 330.120: [GC (Allocation Failure) 330.120: [ParNew: 52510K->30K(59008K), 0.0324596 secs] 9542973K->9490493K(25159296K), 0.0326908 secs] [Times: user=0.41 sys=0.00, real=0.03 secs] 
2014-04-09T14:37:29.739+0900: 330.195: [GC (Allocation Failure) 330.195: [ParNew: 52510K->34K(59008K), 0.0328500 secs] 9542973K->9490500K(25159296K), 0.0330695 secs] [Times: user=0.42 sys=0.00, real=0.03 secs] 
2014-04-09T14:37:29.813+0900: 330.269: [GC (Allocation Failure) 330.269: [ParNew: 52514K->44K(59008K), 0.0312620 secs] 9542980K->9490510K(25159296K), 0.0314787 secs] [Times: user=0.39 sys=0.01, real=0.03 secs] 
2014-04-09T14:37:29.886+0900: 330.343: [GC (Allocation Failure) 330.343: [ParNew: 52524K->46K(59008K), 0.0305415 secs] 9542990K->9490517K(25159296K), 0.0307465 secs] [Times: user=0.39 sys=0.00, real=0.03 secs] 
2014-04-09T14:37:29.957+0900: 330.414: [GC (Allocation Failure) 330.414: [ParNew: 52526K->47K(59008K), 0.0308126 secs] 9542997K->9490519K(25159296K), 0.0310024 secs] [Times: user=0.38 sys=0.01, real=0.03 secs] 
2014-04-09T14:37:30.029+0900: 330.485: [GC (Allocation Failure) 330.485: [ParNew: 52527K->47K(59008K), 0.0297507 secs] 9542999K->9490519K(25159296K), 0.0299478 secs] [Times: user=0.38 sys=0.00, real=0.03 secs] 
2014-04-09T14:37:30.099+0900: 330.556: [GC (Allocation Failure) 330.556: [ParNew: 52527K->48K(59008K), 0.0343586 secs] 9542999K->9490520K(25159296K), 0.0345592 secs] [Times: user=0.44 sys=0.00, real=0.04 secs] 
2014-04-09T14:37:30.173+0900: 330.630: [GC (Allocation Failure) 330.630: [ParNew: 52528K->40K(59008K), 0.0297596 secs] 9543000K->9490519K(25159296K), 0.0299627 secs] [Times: user=0.38 sys=0.00, real=0.03 secs] 
2014-04-09T14:37:30.251+0900: 330.708: [GC (Allocation Failure) 330.708: [ParNew: 52520K->32K(59008K), 0.0290334 secs] 9542999K->9490519K(25159296K), 0.0292196 secs] [Times: user=0.37 sys=0.00, real=0.03 secs] 
2014-04-09T14:37:30.327+0900: 330.784: [GC (Allocation Failure) 330.784: [ParNew: 52512K->26K(59008K), 0.0313663 secs] 9542999K->9490523K(25159296K), 0.0315616 secs] [Times: user=0.39 sys=0.01, real=0.03 secs] 
2014-04-09T14:37:30.409+0900: 330.866: [GC (Allocation Failure) 330.866: [ParNew: 52506K->24K(59008K), 0.0313499 secs] 9543003K->9490521K(25159296K), 0.0315323 secs] [Times: user=0.40 sys=0.00, real=0.03 secs] 
2014-04-09T14:37:30.485+0900: 330.942: [GC (Allocation Failure) 330.942: [ParNew: 52504K->26K(59008K), 0.0298518 secs] 9543001K->9490523K(25159296K), 0.0300363 secs] [Times: user=0.38 sys=0.00, real=0.03 secs] 
2014-04-09T14:37:30.554+0900: 331.011: [GC (Allocation Failure) 331.011: [ParNew: 52506K->22K(59008K), 0.0308536 secs] 9543003K->9490519K(25159296K), 0.0310390 secs] [Times: user=0.40 sys=0.00, real=0.03 secs] 
2014-04-09T14:37:30.624+0900: 331.081: [GC (Allocation Failure) 331.081: [ParNew: 52502K->22K(59008K), 0.0292064 secs] 9542999K->9490519K(25159296K), 0.0294004 secs] [Times: user=0.37 sys=0.00, real=0.03 secs] 
2014-04-09T14:37:30.692+0900: 331.149: [GC (Allocation Failure) 331.149: [ParNew: 52502K->18K(59008K), 0.0292238 secs] 9542999K->9490515K(25159296K), 0.0294167 secs] [Times: user=0.37 sys=0.00, real=0.03 secs] 
2014-04-09T14:37:30.759+0900: 331.216: [GC (Allocation Failure) 331.216: [ParNew: 50802K->1289K(59008K), 0.0314443 secs] 9541300K->9491787K(25159296K), 0.0316259 secs] [Times: user=0.39 sys=0.01, real=0.03 secs] 
2014-04-09T14:37:30.832+0900: 331.288: [GC (Allocation Failure) 331.288: [ParNew: 52254K->3042K(59008K), 0.0295216 secs] 9542752K->9501732K(25159296K), 0.0297052 secs] [Times: user=0.38 sys=0.00, real=0.03 secs] 
2014-04-09T14:37:30.890+0900: 331.347: [GC (Allocation Failure) 331.347: [ParNew: 55511K->3123K(59008K), 0.0387208 secs] 9554201K->9520166K(25159296K), 0.0389021 secs] [Times: user=0.49 sys=0.00, real=0.04 secs] 
2014-04-09T14:37:30.971+0900: 331.428: [GC (Allocation Failure) 331.428: [ParNew: 55603K->6526K(59008K), 0.0383610 secs] 9572646K->9534701K(25159296K), 0.0385458 secs] [Times: user=0.49 sys=0.01, real=0.04 secs] 
2014-04-09T14:37:31.036+0900: 331.492: [GC (Allocation Failure) 331.492: [ParNew: 58723K->2533K(59008K), 0.0313386 secs] 9586899K->9553837K(25159296K), 0.0315221 secs] [Times: user=0.39 sys=0.00, real=0.03 secs] 
2014-04-09T14:37:31.108+0900: 331.565: [CMS-concurrent-mark: 2.423/3.481 secs] [Times: user=25.82 sys=0.49, real=3.48 secs] 
2014-04-09T14:37:31.108+0900: 331.565: [CMS-concurrent-preclean-start]
2014-04-09T14:37:31.114+0900: 331.570: [GC (Allocation Failure) 331.570: [ParNew: 55012K->6528K(59008K), 0.0530269 secs] 9606317K->9577052K(25159296K), 0.0531876 secs] [Times: user=0.58 sys=0.00, real=0.05 secs] 
2014-04-09T14:37:31.195+0900: 331.652: [GC (Allocation Failure) 331.652: [ParNew: 59008K->6528K(59008K), 0.0396845 secs] 9629532K->9603019K(25159296K), 0.0398764 secs] [Times: user=0.42 sys=0.00, real=0.04 secs] 
2014-04-09T14:37:31.268+0900: 331.725: [GC (Allocation Failure) 331.725: [ParNew: 59008K->6528K(59008K), 0.0469603 secs] 9655499K->9631127K(25159296K), 0.0471584 secs] [Times: user=0.57 sys=0.01, real=0.05 secs] 
2014-04-09T14:37:31.384+0900: 331.841: [CMS-concurrent-preclean: 0.131/0.276 secs] [Times: user=1.96 sys=0.03, real=0.28 secs] 
2014-04-09T14:37:31.385+0900: 331.842: [GC (Allocation Failure) 331.842: [ParNew: 59008K->6528K(59008K), 0.0435025 secs] 9683607K->9646863K(25159296K), 0.0436776 secs] [Times: user=0.41 sys=0.01, real=0.04 secs] 
2014-04-09T14:37:31.431+0900: 331.888: [GC (CMS Final Remark) [YG occupancy: 14818 K (59008 K)]331.888: [Rescan (parallel) , 0.0173876 secs]331.905: [weak refs processing, 0.0000595 secs]331.905: [class unloading, 0.0474715 secs]331.953: [scrub symbol table, 0.0048622 secs]331.958: [scrub string table, 0.0014002 secs][1 CMS-remark: 9640335K(25100288K)] 9655154K(25159296K), 0.0786090 secs] [Times: user=0.28 sys=0.00, real=0.08 secs] 
2014-04-09T14:37:31.510+0900: 331.967: [CMS-concurrent-sweep-start]
2014-04-09T14:37:31.557+0900: 332.014: [GC (Allocation Failure) 332.014: [ParNew: 51361K->2431K(59008K), 0.0381281 secs] 9685852K->9649562K(25159296K), 0.0383241 secs] [Times: user=0.47 sys=0.00, real=0.04 secs] 
2014-04-09T14:37:31.621+0900: 332.078: [GC (Allocation Failure) 332.078: [ParNew: 54158K->6528K(59008K), 0.0354293 secs] 9696073K->9663257K(25159296K), 0.0356248 secs] [Times: user=0.45 sys=0.00, real=0.04 secs] 
2014-04-09T14:37:31.693+0900: 332.150: [GC (Allocation Failure) 332.150: [ParNew: 59007K->6528K(59008K), 0.0433471 secs] 9709256K->9687379K(25159296K), 0.0435434 secs] [Times: user=0.53 sys=0.00, real=0.04 secs] 
2014-04-09T14:37:31.774+0900: 332.231: [GC (Allocation Failure) 332.231: [ParNew: 57345K->6528K(59008K), 0.0454151 secs] 9733142K->9710951K(25159296K), 0.0456133 secs] [Times: user=0.55 sys=0.01, real=0.04 secs] 
2014-04-09T14:37:31.842+0900: 332.299: [GC (Allocation Failure) 332.299: [ParNew: 59008K->6528K(59008K), 0.0384939 secs] 9760572K->9745434K(25159296K), 0.0386927 secs] [Times: user=0.48 sys=0.01, real=0.03 secs] 
2014-04-09T14:37:31.903+0900: 332.359: [GC (Allocation Failure) 332.359: [ParNew: 59008K->6528K(59008K), 0.0417777 secs] 9794245K->9756762K(25159296K), 0.0419736 secs] [Times: user=0.52 sys=0.00, real=0.04 secs] 
2014-04-09T14:37:31.983+0900: 332.440: [GC (Allocation Failure) 332.440: [ParNew: 59008K->6528K(59008K), 0.0488187 secs] 9801286K->9775195K(25159296K), 0.0490153 secs] [Times: user=0.58 sys=0.00, real=0.04 secs] 
2014-04-09T14:37:32.071+0900: 332.528: [GC (Allocation Failure) 332.528: [ParNew: 59006K->6528K(59008K), 0.0433127 secs] 9819709K->9786395K(25159296K), 0.0435082 secs] [Times: user=0.49 sys=0.01, real=0.05 secs] 
2014-04-09T14:37:32.160+0900: 332.617: [GC (Allocation Failure) 332.617: [ParNew: 49201K->6528K(59008K), 0.0379592 secs] 9821775K->9793559K(25159296K), 0.0381548 secs] [Times: user=0.46 sys=0.00, real=0.04 secs] 
2014-04-09T14:37:32.228+0900: 332.685: [GC (Allocation Failure) 332.685: [ParNew: 59008K->6528K(59008K), 0.0427047 secs] 9844118K->9818332K(25159296K), 0.0428958 secs] [Times: user=0.52 sys=0.00, real=0.04 secs] 
2014-04-09T14:37:32.292+0900: 332.748: [GC (Allocation Failure) 332.748: [ParNew: 52505K->5512K(59008K), 0.0330998 secs] 9862315K->9825796K(25159296K), 0.0332934 secs] [Times: user=0.41 sys=0.00, real=0.04 secs] 
2014-04-09T14:37:32.359+0900: 332.815: [GC (Allocation Failure) 332.815: [ParNew: 48634K->6526K(59008K), 0.0434953 secs] 9861835K->9839597K(25159296K), 0.0436857 secs] [Times: user=0.55 sys=0.00, real=0.04 secs] 
2014-04-09T14:37:32.430+0900: 332.887: [GC (Allocation Failure) 332.887: [ParNew: 59005K->6528K(59008K), 0.0407101 secs] 9883821K->9869539K(25159296K), 0.0409085 secs] [Times: user=0.50 sys=0.00, real=0.04 secs] 
2014-04-09T14:37:32.495+0900: 332.951: [GC (Allocation Failure) 332.951: [ParNew: 54172K->6528K(59008K), 0.0421064 secs] 9911900K->9881880K(25159296K), 0.0423018 secs] [Times: user=0.52 sys=0.00, real=0.04 secs] 
2014-04-09T14:37:32.564+0900: 333.021: [GC (Allocation Failure) 333.021: [ParNew: 59008K->6528K(59008K), 0.0454336 secs] 9929092K->9912510K(25159296K), 0.0456307 secs] [Times: user=0.56 sys=0.01, real=0.04 secs] 
2014-04-09T14:37:32.633+0900: 333.090: [GC (Allocation Failure) 333.090: [ParNew: 59008K->6528K(59008K), 0.0455360 secs] 9958534K->9923575K(25159296K), 0.0457293 secs] [Times: user=0.55 sys=0.01, real=0.05 secs] 
2014-04-09T14:37:32.706+0900: 333.163: [GC (Allocation Failure) 333.163: [ParNew: 59008K->6528K(59008K), 0.0462755 secs] 9969865K->9946845K(25159296K), 0.0464616 secs] [Times: user=0.57 sys=0.00, real=0.04 secs] 
2014-04-09T14:37:32.788+0900: 333.244: [GC (Allocation Failure) 333.244: [ParNew: 52452K->6528K(59008K), 0.0430187 secs] 9984598K->9953155K(25159296K), 0.0432052 secs] [Times: user=0.51 sys=0.00, real=0.04 secs] 
2014-04-09T14:37:32.870+0900: 333.326: [GC (Allocation Failure) 333.327: [ParNew: 59008K->6528K(59008K), 0.0348752 secs] 9998619K->9961197K(25159296K), 0.0350801 secs] [Times: user=0.40 sys=0.00, real=0.04 secs] 
2014-04-09T14:37:32.934+0900: 333.390: [GC (Allocation Failure) 333.391: [ParNew: 59008K->6528K(59008K), 0.0449740 secs] 10008900K->9981839K(25159296K), 0.0451597 secs] [Times: user=0.59 sys=0.00, real=0.04 secs] 
2014-04-09T14:37:33.008+0900: 333.465: [GC (Allocation Failure) 333.465: [ParNew: 59008K->6528K(59008K), 0.0393254 secs] 10026571K->10003911K(25159296K), 0.0395124 secs] [Times: user=0.48 sys=0.01, real=0.04 secs] 
2014-04-09T14:37:33.093+0900: 333.550: [GC (Allocation Failure) 333.550: [ParNew: 58208K->6528K(59008K), 0.0420986 secs] 10043317K->10013856K(25159296K), 0.0422871 secs] [Times: user=0.51 sys=0.01, real=0.04 secs] 
2014-04-09T14:37:33.156+0900: 333.613: [GC (Allocation Failure) 333.613: [ParNew: 58983K->6528K(59008K), 0.0408489 secs] 10062144K->10034486K(25159296K), 0.0410536 secs] [Times: user=0.49 sys=0.01, real=0.04 secs] 
2014-04-09T14:37:33.222+0900: 333.679: [GC (Allocation Failure) 333.679: [ParNew: 54784K->6528K(59008K), 0.0343255 secs] 10074134K->10052333K(25159296K), 0.0345117 secs] [Times: user=0.41 sys=0.00, real=0.04 secs] 
2014-04-09T14:37:33.295+0900: 333.752: [GC (Allocation Failure) 333.752: [ParNew: 59008K->6528K(59008K), 0.0437754 secs] 10096804K->10058290K(25159296K), 0.0439638 secs] [Times: user=0.55 sys=0.00, real=0.04 secs] 
2014-04-09T14:37:33.369+0900: 333.826: [GC (Allocation Failure) 333.826: [ParNew: 59008K->6528K(59008K), 0.0451934 secs] 10107533K->10083832K(25159296K), 0.0453826 secs] [Times: user=0.55 sys=0.00, real=0.05 secs] 
2014-04-09T14:37:33.443+0900: 333.899: [GC (Allocation Failure) 333.899: [ParNew: 56312K->6528K(59008K), 0.0335538 secs] 10126808K->10106709K(25159296K), 0.0337382 secs] [Times: user=0.41 sys=0.00, real=0.04 secs] 
2014-04-09T14:37:33.504+0900: 333.961: [GC (Allocation Failure) 333.961: [ParNew: 59008K->6528K(59008K), 0.0486584 secs] 10151175K->10129833K(25159296K), 0.0488469 secs] [Times: user=0.61 sys=0.00, real=0.04 secs] 
2014-04-09T14:37:33.573+0900: 334.030: [GC (Allocation Failure) 334.030: [ParNew: 57780K->6528K(59008K), 0.0427736 secs] 10178800K->10141747K(25159296K), 0.0429638 secs] [Times: user=0.53 sys=0.00, real=0.05 secs] 
2014-04-09T14:37:33.668+0900: 334.125: [GC (Allocation Failure) 334.125: [ParNew: 59008K->6528K(59008K), 0.0464964 secs] 10186183K->10161222K(25159296K), 0.0466908 secs] [Times: user=0.55 sys=0.01, real=0.05 secs] 
2014-04-09T14:37:33.767+0900: 334.224: [GC (Allocation Failure) 334.224: [ParNew: 59008K->6528K(59008K), 0.0440632 secs] 10205914K->10173622K(25159296K), 0.0442500 secs] [Times: user=0.52 sys=0.01, real=0.04 secs] 
2014-04-09T14:37:33.847+0900: 334.304: [GC (Allocation Failure) 334.304: [ParNew: 59008K->6528K(59008K), 0.0462980 secs] 10222136K->10195219K(25159296K), 0.0464897 secs] [Times: user=0.57 sys=0.01, real=0.05 secs] 
2014-04-09T14:37:33.918+0900: 334.375: [GC (Allocation Failure) 334.375: [ParNew: 54463K->6528K(59008K), 0.0369557 secs] 10238998K->10201894K(25159296K), 0.0371413 secs] [Times: user=0.45 sys=0.01, real=0.04 secs] 
2014-04-09T14:37:33.985+0900: 334.442: [GC (Allocation Failure) 334.442: [ParNew: 59008K->5196K(59008K), 0.0385795 secs] 10244455K->10219725K(25159296K), 0.0387630 secs] [Times: user=0.48 sys=0.00, real=0.04 secs] 
2014-04-09T14:37:34.074+0900: 334.531: [GC (Allocation Failure) 334.531: [ParNew: 57675K->6528K(59008K), 0.0470526 secs] 10261579K->10244655K(25159296K), 0.0472400 secs] [Times: user=0.58 sys=0.00, real=0.04 secs] 
2014-04-09T14:37:34.144+0900: 334.601: [GC (Allocation Failure) 334.601: [ParNew: 55859K->6528K(59008K), 0.0363795 secs] 10286353K->10259566K(25159296K), 0.0365652 secs] [Times: user=0.45 sys=0.00, real=0.03 secs] 
2014-04-09T14:37:34.222+0900: 334.679: [GC (Allocation Failure) 334.679: [ParNew: 59008K->6528K(59008K), 0.0417168 secs] 10297906K->10284671K(25159296K), 0.0418980 secs] [Times: user=0.51 sys=0.01, real=0.05 secs] 
2014-04-09T14:37:34.297+0900: 334.754: [GC (Allocation Failure) 334.754: [ParNew: 59008K->6528K(59008K), 0.0393201 secs] 10324851K->10291826K(25159296K), 0.0395142 secs] [Times: user=0.49 sys=0.01, real=0.04 secs] 
2014-04-09T14:37:34.367+0900: 334.824: [GC (Allocation Failure) 334.824: [ParNew: 58830K->6528K(59008K), 0.0453773 secs] 10328341K->10306676K(25159296K), 0.0455577 secs] [Times: user=0.54 sys=0.01, real=0.04 secs] 
2014-04-09T14:37:34.451+0900: 334.908: [GC (Allocation Failure) 334.908: [ParNew: 52100K->6528K(59008K), 0.0416876 secs] 10335612K->10310547K(25159296K), 0.0418711 secs] [Times: user=0.48 sys=0.01, real=0.04 secs] 
2014-04-09T14:37:34.525+0900: 334.982: [GC (Allocation Failure) 334.982: [ParNew: 59008K->6526K(59008K), 0.0437195 secs] 10350821K->10320471K(25159296K), 0.0438963 secs] [Times: user=0.54 sys=0.01, real=0.04 secs] 
2014-04-09T14:37:34.613+0900: 335.070: [GC (Allocation Failure) 335.070: [ParNew: 59006K->6528K(59008K), 0.0409391 secs] 10360663K->10324953K(25159296K), 0.0411289 secs] [Times: user=0.48 sys=0.01, real=0.05 secs] 
2014-04-09T14:37:34.676+0900: 335.133: [GC (Allocation Failure) 335.133: [ParNew: 50216K->3380K(59008K), 0.0323857 secs] 10365555K->10328880K(25159296K), 0.0325761 secs] [Times: user=0.39 sys=0.01, real=0.03 secs] 
2014-04-09T14:37:34.745+0900: 335.202: [GC (Allocation Failure) 335.202: [ParNew: 55860K->6528K(59008K), 0.0448609 secs] 10370712K->10349292K(25159296K), 0.0450405 secs] [Times: user=0.56 sys=0.00, real=0.04 secs] 
2014-04-09T14:37:34.840+0900: 335.297: [GC (Allocation Failure) 335.297: [ParNew: 59008K->6528K(59008K), 0.0430508 secs] 10388988K->10365563K(25159296K), 0.0432392 secs] [Times: user=0.52 sys=0.00, real=0.05 secs] 
2014-04-09T14:37:34.910+0900: 335.367: [GC (Allocation Failure) 335.367: [ParNew: 58994K->6528K(59008K), 0.0430154 secs] 10414963K->10393768K(25159296K), 0.0431941 secs] [Times: user=0.52 sys=0.01, real=0.04 secs] 
2014-04-09T14:37:34.966+0900: 335.423: [GC (Allocation Failure) 335.423: [ParNew: 50323K->6528K(59008K), 0.0343197 secs] 10434969K->10402914K(25159296K), 0.0344955 secs] [Times: user=0.43 sys=0.00, real=0.03 secs] 
2014-04-09T14:37:35.017+0900: 335.473: [GC (Allocation Failure) 335.474: [ParNew: 49229K->5084K(59008K), 0.0330060 secs] 10444044K->10430782K(25159296K), 0.0331834 secs] [Times: user=0.41 sys=0.00, real=0.03 secs] 
2014-04-09T14:37:35.081+0900: 335.538: [GC (Allocation Failure) 335.538: [ParNew: 54555K->6528K(59008K), 0.0431791 secs] 10474392K->10448132K(25159296K), 0.0433534 secs] [Times: user=0.53 sys=0.00, real=0.05 secs] 
2014-04-09T14:37:35.164+0900: 335.620: [GC (Allocation Failure) 335.620: [ParNew: 59008K->6528K(59008K), 0.0464712 secs] 10493431K->10467285K(25159296K), 0.0466459 secs] [Times: user=0.56 sys=0.00, real=0.04 secs] 
2014-04-09T14:37:35.242+0900: 335.699: [GC (Allocation Failure) 335.699: [ParNew: 59008K->6528K(59008K), 0.0401178 secs] 10509596K->10486237K(25159296K), 0.0402949 secs] [Times: user=0.47 sys=0.01, real=0.04 secs] 
2014-04-09T14:37:35.306+0900: 335.763: [GC (Allocation Failure) 335.763: [ParNew: 59008K->6528K(59008K), 0.0394180 secs] 10533649K->10495279K(25159296K), 0.0395897 secs] [Times: user=0.48 sys=0.00, real=0.04 secs] 
2014-04-09T14:37:35.374+0900: 335.831: [GC (Allocation Failure) 335.831: [ParNew: 59008K->6288K(59008K), 0.0365666 secs] 10545479K->10513082K(25159296K), 0.0367372 secs] [Times: user=0.47 sys=0.00, real=0.03 secs] 
2014-04-09T14:37:35.451+0900: 335.908: [GC (Allocation Failure) 335.908: [ParNew: 56334K->6528K(59008K), 0.0435818 secs] 10545186K->10515952K(25159296K), 0.0437511 secs] [Times: user=0.52 sys=0.00, real=0.05 secs] 
2014-04-09T14:37:35.528+0900: 335.985: [GC (Allocation Failure) 335.985: [ParNew: 51040K->6308K(59008K), 0.0409639 secs] 10539703K->10523109K(25159296K), 0.0411362 secs] [Times: user=0.52 sys=0.00, real=0.04 secs] 
2014-04-09T14:37:35.598+0900: 336.055: [GC (Allocation Failure) 336.055: [ParNew: 58788K->6528K(59008K), 0.0345222 secs] 10558623K->10541642K(25159296K), 0.0346926 secs] [Times: user=0.42 sys=0.00, real=0.03 secs] 
2014-04-09T14:37:35.647+0900: 336.104: [GC (Allocation Failure) 336.104: [ParNew: 56261K->6528K(59008K), 0.0315134 secs] 10585267K->10548099K(25159296K), 0.0316967 secs] [Times: user=0.39 sys=0.00, real=0.03 secs] 
2014-04-09T14:37:35.695+0900: 336.152: [GC (Allocation Failure) 336.152: [ParNew: 49306K->3751K(59008K), 0.0325453 secs] 10581844K->10567040K(25159296K), 0.0327148 secs] [Times: user=0.41 sys=0.00, real=0.03 secs] 
2014-04-09T14:37:35.758+0900: 336.215: [GC (Allocation Failure) 336.215: [ParNew: 56231K->6528K(59008K), 0.0442217 secs] 10461096K->10438917K(25159296K), 0.0443893 secs] [Times: user=0.55 sys=0.00, real=0.04 secs] 
2014-04-09T14:37:35.829+0900: 336.286: [CMS-concurrent-sweep: 1.815/4.319 secs] [Times: user=37.01 sys=0.58, real=4.32 secs] 
2014-04-09T14:37:35.829+0900: 336.286: [CMS-concurrent-reset-start]
2014-04-09T14:37:35.836+0900: 336.292: [GC (Allocation Failure) 336.292: [ParNew: 53921K->6528K(59008K), 0.0438813 secs] 9894554K->9877386K(25159296K), 0.0440508 secs] [Times: user=0.52 sys=0.00, real=0.04 secs] 
2014-04-09T14:37:35.899+0900: 336.356: [GC (Allocation Failure) 336.356: [ParNew: 59008K->6528K(59008K), 0.0399158 secs] 9929866K->9901076K(25159296K), 0.0400837 secs] [Times: user=0.48 sys=0.01, real=0.04 secs] 
2014-04-09T14:37:35.967+0900: 336.424: [GC (Allocation Failure) 336.424: [ParNew: 59008K->6528K(59008K), 0.0404132 secs] 9953556K->9926158K(25159296K), 0.0405824 secs] [Times: user=0.50 sys=0.00, real=0.04 secs] 
2014-04-09T14:37:36.026+0900: 336.483: [CMS-concurrent-reset: 0.069/0.197 secs] [Times: user=1.79 sys=0.04, real=0.20 secs] 
2014-04-09T14:37:36.057+0900: 336.514: [GC (Allocation Failure) 336.514: [ParNew: 53720K->6528K(59008K), 0.0419150 secs] 9973350K->9935342K(25159296K), 0.0420966 secs] [Times: user=0.52 sys=0.00, real=0.04 secs] 
2014-04-09T14:37:36.102+0900: 336.559: [GC (CMS Initial Mark) [1 CMS-initial-mark: 9928814K(25100288K)] 9943736K(25159296K), 0.0019770 secs] [Times: user=0.01 sys=0.00, real=0.01 secs] 
2014-04-09T14:37:36.104+0900: 336.561: [CMS-concurrent-mark-start]
2014-04-09T14:37:36.140+0900: 336.597: [GC (Allocation Failure) 336.597: [ParNew: 56401K->6528K(59008K), 0.0381727 secs] 9985215K->9949648K(25159296K), 0.0383404 secs] [Times: user=0.46 sys=0.00, real=0.04 secs] 
2014-04-09T14:37:36.198+0900: 336.655: [GC (Allocation Failure) 336.655: [ParNew: 59008K->6528K(59008K), 0.0378535 secs] 10002128K->9975040K(25159296K), 0.0380273 secs] [Times: user=0.47 sys=0.00, real=0.04 secs] 
2014-04-09T14:37:36.263+0900: 336.720: [GC (Allocation Failure) 336.720: [ParNew: 59008K->6352K(59008K), 0.0356218 secs] 10027520K->10002506K(25159296K), 0.0357988 secs] [Times: user=0.44 sys=0.00, real=0.03 secs] 
2014-04-09T14:37:36.336+0900: 336.793: [GC (Allocation Failure) 336.793: [ParNew: 52425K->6528K(59008K), 0.0408683 secs] 10048579K->10020485K(25159296K), 0.0410463 secs] [Times: user=0.41 sys=0.01, real=0.04 secs] 
2014-04-09T14:37:36.405+0900: 336.862: [GC (Allocation Failure) 336.862: [ParNew: 55211K->6528K(59008K), 0.0429456 secs] 10069168K->10052887K(25159296K), 0.0431243 secs] [Times: user=0.44 sys=0.01, real=0.04 secs] 
2014-04-09T14:37:36.465+0900: 336.922: [GC (Allocation Failure) 336.922: [ParNew: 50809K->6528K(59008K), 0.0381951 secs] 10097168K->10068425K(25159296K), 0.0383725 secs] [Times: user=0.48 sys=0.00, real=0.03 secs] 
2014-04-09T14:37:36.534+0900: 336.991: [GC (Allocation Failure) 336.991: [ParNew: 52247K->6292K(59008K), 0.0440234 secs] 10114145K->10088938K(25159296K), 0.0442093 secs] [Times: user=0.55 sys=0.00, real=0.04 secs] 
2014-04-09T14:37:36.608+0900: 337.065: [GC (Allocation Failure) 337.065: [ParNew: 58772K->6528K(59008K), 0.0450514 secs] 10141418K->10124405K(25159296K), 0.0452301 secs] [Times: user=0.55 sys=0.00, real=0.05 secs] 
2014-04-09T14:37:36.676+0900: 337.133: [GC (Allocation Failure) 337.133: [ParNew: 53822K->6528K(59008K), 0.0380688 secs] 10171699K->10147408K(25159296K), 0.0382536 secs] [Times: user=0.45 sys=0.00, real=0.04 secs] 
2014-04-09T14:37:36.742+0900: 337.199: [GC (Allocation Failure) 337.199: [ParNew: 51435K->6528K(59008K), 0.0443725 secs] 10192315K->10178845K(25159296K), 0.0445696 secs] [Times: user=0.56 sys=0.00, real=0.05 secs] 
2014-04-09T14:37:36.813+0900: 337.270: [GC (Allocation Failure) 337.270: [ParNew: 59008K->6528K(59008K), 0.0440710 secs] 10231325K->10200521K(25159296K), 0.0442686 secs] [Times: user=0.54 sys=0.01, real=0.05 secs] 
2014-04-09T14:37:36.885+0900: 337.342: [GC (Allocation Failure) 337.342: [ParNew: 59008K->6528K(59008K), 0.0470962 secs] 10253001K->10230112K(25159296K), 0.0473045 secs] [Times: user=0.57 sys=0.01, real=0.04 secs] 
2014-04-09T14:37:36.971+0900: 337.427: [GC (Allocation Failure) 337.428: [ParNew: 59008K->6528K(59008K), 0.0422196 secs] 10282592K->10245471K(25159296K), 0.0424206 secs] [Times: user=0.42 sys=0.01, real=0.04 secs] 
2014-04-09T14:37:37.061+0900: 337.518: [GC (Allocation Failure) 337.518: [ParNew: 59008K->6528K(59008K), 0.0424369 secs] 10297951K->10265978K(25159296K), 0.0426454 secs] [Times: user=0.48 sys=0.00, real=0.05 secs] 
2014-04-09T14:37:37.150+0900: 337.607: [GC (Allocation Failure) 337.607: [ParNew: 50279K->5542K(59008K), 0.0453086 secs] 10309730K->10282861K(25159296K), 0.0455058 secs] [Times: user=0.55 sys=0.00, real=0.05 secs] 
2014-04-09T14:37:37.231+0900: 337.688: [GC (Allocation Failure) 337.688: [ParNew: 56639K->6528K(59008K), 0.0409065 secs] 10333958K->10302743K(25159296K), 0.0410985 secs] [Times: user=0.50 sys=0.01, real=0.04 secs] 
2014-04-09T14:37:37.300+0900: 337.757: [GC (Allocation Failure) 337.757: [ParNew: 59008K->2837K(59008K), 0.0365140 secs] 10355223K->10336593K(25159296K), 0.0367071 secs] [Times: user=0.44 sys=0.00, real=0.04 secs] 
2014-04-09T14:37:37.367+0900: 337.823: [GC (Allocation Failure) 337.823: [ParNew: 55317K->6528K(59008K), 0.0400260 secs] 10389073K->10377401K(25159296K), 0.0402222 secs] [Times: user=0.50 sys=0.01, real=0.04 secs] 
2014-04-09T14:37:37.428+0900: 337.884: [GC (Allocation Failure) 337.885: [ParNew: 59008K->6528K(59008K), 0.0439408 secs] 10429881K->10411054K(25159296K), 0.0441361 secs] [Times: user=0.53 sys=0.01, real=0.04 secs] 
2014-04-09T14:37:37.495+0900: 337.952: [GC (Allocation Failure) 337.952: [ParNew: 59007K->6528K(59008K), 0.0382795 secs] 10463534K->10437279K(25159296K), 0.0384733 secs] [Times: user=0.46 sys=0.01, real=0.04 secs] 
2014-04-09T14:37:37.561+0900: 338.018: [GC (Allocation Failure) 338.018: [ParNew: 59008K->6528K(59008K), 0.0523399 secs] 10489759K->10467992K(25159296K), 0.0525359 secs] [Times: user=0.62 sys=0.01, real=0.06 secs] 
2014-04-09T14:37:37.648+0900: 338.105: [GC (Allocation Failure) 338.105: [ParNew: 59008K->6528K(59008K), 0.0654063 secs] 10520472K->10485846K(25159296K), 0.0656039 secs] [Times: user=0.64 sys=0.02, real=0.07 secs] 
2014-04-09T14:37:37.760+0900: 338.217: [GC (Allocation Failure) 338.217: [ParNew: 59008K->6528K(59008K), 0.0450194 secs] 10538326K->10499374K(25159296K), 0.0452121 secs] [Times: user=0.49 sys=0.01, real=0.05 secs] 
2014-04-09T14:37:37.848+0900: 338.305: [GC (Allocation Failure) 338.305: [ParNew: 56955K->6528K(59008K), 0.0443958 secs] 10549801K->10506781K(25159296K), 0.0445903 secs] [Times: user=0.50 sys=0.02, real=0.04 secs] 
2014-04-09T14:37:37.936+0900: 338.393: [GC (Allocation Failure) 338.393: [ParNew: 55230K->5163K(59008K), 0.0332025 secs] 10555483K->10524200K(25159296K), 0.0333968 secs] [Times: user=0.41 sys=0.01, real=0.03 secs] 
2014-04-09T14:37:37.991+0900: 338.447: [GC (Allocation Failure) 338.447: [ParNew: 57625K->6528K(59008K), 0.0401406 secs] 10576663K->10555709K(25159296K), 0.0403376 secs] [Times: user=0.51 sys=0.00, real=0.04 secs] 
2014-04-09T14:37:38.053+0900: 338.510: [GC (Allocation Failure) 338.510: [ParNew: 59008K->2495K(59008K), 0.0428285 secs] 10608189K->10591793K(25159296K), 0.0430267 secs] [Times: user=0.53 sys=0.01, real=0.05 secs] 
2014-04-09T14:37:38.121+0900: 338.577: [GC (Allocation Failure) 338.577: [ParNew: 54973K->6527K(59008K), 0.0416881 secs] 10644271K->10616822K(25159296K), 0.0418808 secs] [Times: user=0.53 sys=0.00, real=0.04 secs] 
2014-04-09T14:37:38.182+0900: 338.639: [GC (Allocation Failure) 338.639: [ParNew: 59006K->6528K(59008K), 0.0380707 secs] 10669301K->10641043K(25159296K), 0.0382688 secs] [Times: user=0.46 sys=0.01, real=0.04 secs] 
2014-04-09T14:37:38.246+0900: 338.703: [GC (Allocation Failure) 338.703: [ParNew: 59008K->6528K(59008K), 0.0523986 secs] 10693523K->10676873K(25159296K), 0.0525978 secs] [Times: user=0.60 sys=0.01, real=0.05 secs] 
2014-04-09T14:37:38.334+0900: 338.791: [GC (Allocation Failure) 338.791: [ParNew: 59008K->6528K(59008K), 0.0631761 secs] 10729353K->10702628K(25159296K), 0.0633717 secs] [Times: user=0.61 sys=0.02, real=0.06 secs] 
2014-04-09T14:37:38.434+0900: 338.890: [GC (Allocation Failure) 338.891: [ParNew: 59008K->6528K(59008K), 0.0448152 secs] 10755108K->10715711K(25159296K), 0.0450169 secs] [Times: user=0.50 sys=0.02, real=0.04 secs] 
2014-04-09T14:37:38.521+0900: 338.978: [GC (Allocation Failure) 338.978: [ParNew: 58037K->6528K(59008K), 0.0456484 secs] 10767221K->10724224K(25159296K), 0.0458483 secs] [Times: user=0.53 sys=0.00, real=0.05 secs] 
2014-04-09T14:37:38.616+0900: 339.073: [GC (Allocation Failure) 339.073: [ParNew: 57287K->4234K(59008K), 0.0443981 secs] 10774984K->10742737K(25159296K), 0.0446078 secs] [Times: user=0.54 sys=0.00, real=0.04 secs] 
2014-04-09T14:37:38.682+0900: 339.138: [GC (Allocation Failure) 339.139: [ParNew: 56687K->6528K(59008K), 0.0377167 secs] 10795190K->10773265K(25159296K), 0.0379160 secs] [Times: user=0.47 sys=0.00, real=0.04 secs] 
2014-04-09T14:37:38.748+0900: 339.205: [GC (Allocation Failure) 339.205: [ParNew: 59006K->4494K(59008K), 0.0355863 secs] 10825743K->10810761K(25159296K), 0.0357854 secs] [Times: user=0.45 sys=0.00, real=0.04 secs] 
2014-04-09T14:37:38.804+0900: 339.261: [GC (Allocation Failure) 339.261: [ParNew: 49876K->6528K(59008K), 0.0434300 secs] 10856143K->10834259K(25159296K), 0.0436292 secs] [Times: user=0.54 sys=0.00, real=0.05 secs] 
2014-04-09T14:37:38.870+0900: 339.327: [GC (Allocation Failure) 339.327: [ParNew: 59008K->6528K(59008K), 0.0453442 secs] 10886739K->10874887K(25159296K), 0.0455416 secs] [Times: user=0.56 sys=0.00, real=0.05 secs] 
2014-04-09T14:37:38.938+0900: 339.395: [GC (Allocation Failure) 339.395: [ParNew: 59008K->6528K(59008K), 0.0484979 secs] 10927367K->10900911K(25159296K), 0.0486974 secs] [Times: user=0.57 sys=0.01, real=0.05 secs] 
2014-04-09T14:37:39.023+0900: 339.480: [GC (Allocation Failure) 339.480: [ParNew: 59008K->6528K(59008K), 0.0561929 secs] 10953391K->10926726K(25159296K), 0.0563888 secs] [Times: user=0.61 sys=0.03, real=0.06 secs] 
2014-04-09T14:37:39.125+0900: 339.582: [GC (Allocation Failure) 339.582: [ParNew: 59008K->6528K(59008K), 0.0564439 secs] 10979206K->10940753K(25159296K), 0.0566425 secs] [Times: user=0.64 sys=0.01, real=0.05 secs] 
2014-04-09T14:37:39.243+0900: 339.700: [GC (Allocation Failure) 339.700: [ParNew: 56033K->6528K(59008K), 0.0599744 secs] 10990259K->10956512K(25159296K), 0.0601711 secs] [Times: user=0.67 sys=0.01, real=0.06 secs] 
2014-04-09T14:37:39.353+0900: 339.810: [GC (Allocation Failure) 339.810: [ParNew: 59008K->2674K(59008K), 0.0377475 secs] 11008992K->10972388K(25159296K), 0.0379443 secs] [Times: user=0.47 sys=0.01, real=0.04 secs] 
2014-04-09T14:37:39.422+0900: 339.879: [GC (Allocation Failure) 339.879: [ParNew: 55128K->6528K(59008K), 0.0409790 secs] 11024842K->10993276K(25159296K), 0.0412029 secs] [Times: user=0.51 sys=0.01, real=0.04 secs] 
2014-04-09T14:37:39.492+0900: 339.949: [GC (Allocation Failure) 339.949: [ParNew: 59008K->3479K(59008K), 0.0438419 secs] 11045756K->11036782K(25159296K), 0.0440410 secs] [Times: user=0.53 sys=0.01, real=0.05 secs] 
2014-04-09T14:37:39.562+0900: 340.019: [GC (Allocation Failure) 340.019: [ParNew: 50148K->6528K(59008K), 0.0380970 secs] 11083450K->11058097K(25159296K), 0.0383044 secs] [Times: user=0.47 sys=0.00, real=0.04 secs] 
2014-04-09T14:37:39.628+0900: 340.085: [GC (Allocation Failure) 340.085: [ParNew: 52116K->6528K(59008K), 0.0518606 secs] 11103685K->11096154K(25159296K), 0.0520569 secs] [Times: user=0.61 sys=0.01, real=0.05 secs] 
2014-04-09T14:37:39.702+0900: 340.159: [GC (Allocation Failure) 340.159: [ParNew: 59008K->6528K(59008K), 0.0509040 secs] 11148634K->11123668K(25159296K), 0.0510982 secs] [Times: user=0.58 sys=0.01, real=0.05 secs] 
2014-04-09T14:37:39.776+0900: 340.232: [GC (Allocation Failure) 340.233: [ParNew: 59008K->6528K(59008K), 0.0503086 secs] 11176148K->11155425K(25159296K), 0.0505167 secs] [Times: user=0.60 sys=0.01, real=0.05 secs] 
2014-04-09T14:37:39.862+0900: 340.319: [GC (Allocation Failure) 340.319: [ParNew: 59008K->6528K(59008K), 0.0469175 secs] 11207905K->11173190K(25159296K), 0.0471108 secs] [Times: user=0.50 sys=0.02, real=0.05 secs] 
2014-04-09T14:37:39.949+0900: 340.406: [GC (Allocation Failure) 340.406: [ParNew: 58472K->6528K(59008K), 0.0535218 secs] 11225135K->11186540K(25159296K), 0.0537170 secs] [Times: user=0.60 sys=0.01, real=0.05 secs] 
2014-04-09T14:37:40.052+0900: 340.509: [GC (Allocation Failure) 340.509: [ParNew: 59008K->3990K(59008K), 0.0374893 secs] 11239020K->11199563K(25159296K), 0.0376808 secs] [Times: user=0.47 sys=0.00, real=0.04 secs] 
2014-04-09T14:37:40.127+0900: 340.584: [GC (Allocation Failure) 340.584: [ParNew: 56455K->6528K(59008K), 0.0408739 secs] 11252028K->11232741K(25159296K), 0.0410646 secs] [Times: user=0.50 sys=0.01, real=0.04 secs] 
2014-04-09T14:37:40.195+0900: 340.652: [GC (Allocation Failure) 340.652: [ParNew: 50633K->6528K(59008K), 0.0423548 secs] 11276847K->11257796K(25159296K), 0.0425479 secs] [Times: user=0.51 sys=0.00, real=0.04 secs] 
2014-04-09T14:37:40.262+0900: 340.719: [GC (Allocation Failure) 340.719: [ParNew: 58170K->6528K(59008K), 0.0342707 secs] 11309438K->11288934K(25159296K), 0.0344565 secs] [Times: user=0.43 sys=0.00, real=0.04 secs] 
2014-04-09T14:37:40.312+0900: 340.768: [CMS-concurrent-mark: 1.709/4.207 secs] [Times: user=40.48 sys=0.94, real=4.20 secs] 
2014-04-09T14:37:40.312+0900: 340.769: [CMS-concurrent-preclean-start]
2014-04-09T14:37:40.325+0900: 340.782: [GC (Allocation Failure) 340.782: [ParNew: 59008K->6528K(59008K), 0.0450041 secs] 11341414K->11323275K(25159296K), 0.0451910 secs] [Times: user=0.57 sys=0.00, real=0.04 secs] 
2014-04-09T14:37:40.399+0900: 340.856: [GC (Allocation Failure) 340.856: [ParNew: 59008K->6528K(59008K), 0.0493395 secs] 11375755K->11351735K(25159296K), 0.0495315 secs] [Times: user=0.59 sys=0.01, real=0.05 secs] 
2014-04-09T14:37:40.502+0900: 340.959: [GC (Allocation Failure) 340.959: [ParNew: 59008K->6528K(59008K), 0.0522019 secs] 11404215K->11373337K(25159296K), 0.0523914 secs] [Times: user=0.45 sys=0.02, real=0.06 secs] 
2014-04-09T14:37:40.609+0900: 341.066: [GC (Allocation Failure) 341.066: [ParNew: 59008K->6528K(59008K), 0.0455171 secs] 11425817K->11384253K(25159296K), 0.0457046 secs] [Times: user=0.53 sys=0.01, real=0.05 secs] 
2014-04-09T14:37:40.719+0900: 341.176: [GC (Allocation Failure) 341.176: [ParNew: 54576K->6528K(59008K), 0.0388379 secs] 11432301K->11399127K(25159296K), 0.0390257 secs] [Times: user=0.45 sys=0.01, real=0.04 secs] 
2014-04-09T14:37:40.787+0900: 341.244: [GC (Allocation Failure) 341.244: [ParNew: 59000K->6528K(59008K), 0.0385265 secs] 11451600K->11429973K(25159296K), 0.0387177 secs] [Times: user=0.49 sys=0.00, real=0.04 secs] 
2014-04-09T14:37:40.856+0900: 341.313: [GC (Allocation Failure) 341.313: [ParNew: 59006K->6528K(59008K), 0.0369769 secs] 11482451K->11460565K(25159296K), 0.0371631 secs] [Times: user=0.46 sys=0.01, real=0.03 secs] 
2014-04-09T14:37:40.913+0900: 341.370: [GC (Allocation Failure) 341.370: [ParNew: 49733K->6528K(59008K), 0.0387915 secs] 11503770K->11474147K(25159296K), 0.0389834 secs] [Times: user=0.48 sys=0.00, real=0.04 secs] 
2014-04-09T14:37:40.996+0900: 341.453: [GC (Allocation Failure) 341.453: [ParNew: 59008K->6528K(59008K), 0.0530921 secs] 11526627K->11504376K(25159296K), 0.0532805 secs] [Times: user=0.55 sys=0.01, real=0.05 secs] 
2014-04-09T14:37:41.102+0900: 341.558: [GC (Allocation Failure) 341.558: [ParNew: 59008K->6528K(59008K), 0.0467876 secs] 11556856K->11520354K(25159296K), 0.0469726 secs] [Times: user=0.54 sys=0.01, real=0.05 secs] 
2014-04-09T14:37:41.219+0900: 341.675: [GC (Allocation Failure) 341.675: [ParNew: 56443K->6528K(59008K), 0.0389071 secs] 11570269K->11532858K(25159296K), 0.0390919 secs] [Times: user=0.46 sys=0.00, real=0.04 secs] 
2014-04-09T14:37:41.287+0900: 341.744: [GC (Allocation Failure) 341.744: [ParNew: 59001K->6528K(59008K), 0.0376190 secs] 11585331K->11550448K(25159296K), 0.0378175 secs] [Times: user=0.48 sys=0.00, real=0.04 secs] 
2014-04-09T14:37:41.340+0900: 341.797: [GC (Allocation Failure) 341.797: [ParNew: 57114K->6528K(59008K), 0.0306109 secs] 11601035K->11568996K(25159296K), 0.0307948 secs] [Times: user=0.38 sys=0.00, real=0.03 secs] 
2014-04-09T14:37:41.408+0900: 341.864: [GC (Allocation Failure) 341.864: [ParNew: 59008K->6528K(59008K), 0.0517418 secs] 11621476K->11599323K(25159296K), 0.0519279 secs] [Times: user=0.58 sys=0.01, real=0.05 secs] 
2014-04-09T14:37:41.487+0900: 341.943: [GC (Allocation Failure) 341.943: [ParNew: 59006K->6528K(59008K), 0.0533657 secs] 11651801K->11637472K(25159296K), 0.0535485 secs] [Times: user=0.59 sys=0.01, real=0.05 secs] 
2014-04-09T14:37:41.581+0900: 342.038: [GC (Allocation Failure) 342.038: [ParNew: 59008K->6528K(59008K), 0.0452342 secs] 11689952K->11652133K(25159296K), 0.0454172 secs] [Times: user=0.46 sys=0.02, real=0.05 secs] 
2014-04-09T14:37:41.663+0900: 342.119: [GC (Allocation Failure) 342.119: [ParNew: 59008K->6528K(59008K), 0.0460127 secs] 11704613K->11666948K(25159296K), 0.0461976 secs] [Times: user=0.55 sys=0.01, real=0.05 secs] 
2014-04-09T14:37:41.754+0900: 342.211: [GC (Allocation Failure) 342.211: [ParNew: 59008K->5041K(59008K), 0.0346282 secs] 11719428K->11677749K(25159296K), 0.0348074 secs] [Times: user=0.43 sys=0.00, real=0.04 secs] 
2014-04-09T14:37:41.818+0900: 342.275: [GC (Allocation Failure) 342.275: [ParNew: 57499K->6528K(59008K), 0.0424788 secs] 11730207K->11705241K(25159296K), 0.0426687 secs] [Times: user=0.53 sys=0.00, real=0.04 secs] 
2014-04-09T14:37:41.879+0900: 342.336: [GC (Allocation Failure) 342.336: [ParNew: 54545K->1053K(59008K), 0.0365180 secs] 11753258K->11729461K(25159296K), 0.0367016 secs] [Times: user=0.46 sys=0.00, real=0.04 secs] 
2014-04-09T14:37:41.940+0900: 342.397: [GC (Allocation Failure) 342.397: [ParNew: 53533K->6528K(59008K), 0.0375668 secs] 11781941K->11761702K(25159296K), 0.0377456 secs] [Times: user=0.47 sys=0.00, real=0.04 secs] 
2014-04-09T14:37:42.001+0900: 342.458: [GC (Allocation Failure) 342.458: [ParNew: 59006K->6528K(59008K), 0.0450074 secs] 11814181K->11799721K(25159296K), 0.0451956 secs] [Times: user=0.56 sys=0.00, real=0.05 secs] 
2014-04-09T14:37:42.066+0900: 342.523: [GC (Allocation Failure) 342.523: [ParNew: 59008K->6528K(59008K), 0.0389122 secs] 11852201K->11825578K(25159296K), 0.0390922 secs] [Times: user=0.46 sys=0.01, real=0.04 secs] 
2014-04-09T14:37:42.126+0900: 342.583: [GC (Allocation Failure) 342.583: [ParNew: 59008K->6528K(59008K), 0.0420402 secs] 11878058K->11855561K(25159296K), 0.0422192 secs] [Times: user=0.50 sys=0.00, real=0.04 secs] 
2014-04-09T14:37:42.201+0900: 342.658: [GC (Allocation Failure) 342.658: [ParNew: 59008K->6528K(59008K), 0.0517988 secs] 11908041K->11875417K(25159296K), 0.0519759 secs] [Times: user=0.55 sys=0.03, real=0.05 secs] 
2014-04-09T14:37:42.287+0900: 342.744: [GC (Allocation Failure) 342.744: [ParNew: 59008K->6528K(59008K), 0.0454167 secs] 11927897K->11887486K(25159296K), 0.0455929 secs] [Times: user=0.54 sys=0.01, real=0.04 secs] 
2014-04-09T14:37:42.367+0900: 342.824: [GC (Allocation Failure) 342.824: [ParNew: 59008K->5871K(59008K), 0.0443956 secs] 11939966K->11898675K(25159296K), 0.0445749 secs] [Times: user=0.55 sys=0.00, real=0.04 secs] 
2014-04-09T14:37:42.455+0900: 342.912: [GC (Allocation Failure) 342.912: [ParNew: 58347K->4456K(59008K), 0.0390792 secs] 11951151K->11918823K(25159296K), 0.0392556 secs] [Times: user=0.48 sys=0.01, real=0.03 secs] 
2014-04-09T14:37:42.510+0900: 342.967: [GC (Allocation Failure) 342.967: [ParNew: 47791K->6528K(59008K), 0.0343370 secs] 11962158K->11939490K(25159296K), 0.0345144 secs] [Times: user=0.43 sys=0.00, real=0.04 secs] 
2014-04-09T14:37:42.568+0900: 343.024: [GC (Allocation Failure) 343.025: [ParNew: 58997K->6378K(59008K), 0.0448880 secs] 11991960K->11978122K(25159296K), 0.0450655 secs] [Times: user=0.56 sys=0.00, real=0.04 secs] 
2014-04-09T14:37:42.632+0900: 343.089: [GC (Allocation Failure) 343.089: [ParNew: 50871K->6528K(59008K), 0.0364795 secs] 12022615K->12000930K(25159296K), 0.0366734 secs] [Times: user=0.44 sys=0.01, real=0.04 secs] 
2014-04-09T14:37:42.691+0900: 343.147: [GC (Allocation Failure) 343.147: [ParNew: 59008K->6528K(59008K), 0.0450602 secs] 12053410K->12042967K(25159296K), 0.0452359 secs] [Times: user=0.55 sys=0.01, real=0.05 secs] 
2014-04-09T14:37:42.781+0900: 343.238: [GC (Allocation Failure) 343.238: [ParNew: 59008K->6528K(59008K), 0.0499239 secs] 12095447K->12060085K(25159296K), 0.0501022 secs] [Times: user=0.57 sys=0.01, real=0.05 secs] 
2014-04-09T14:37:42.885+0900: 343.342: [GC (Allocation Failure) 343.342: [ParNew: 55981K->6528K(59008K), 0.0448063 secs] 12109538K->12071453K(25159296K), 0.0449844 secs] [Times: user=0.53 sys=0.01, real=0.04 secs] 
2014-04-09T14:37:42.980+0900: 343.436: [GC (Allocation Failure) 343.436: [ParNew: 49239K->5677K(59008K), 0.0378404 secs] 12114164K->12083818K(25159296K), 0.0380253 secs] [Times: user=0.47 sys=0.00, real=0.04 secs] 
2014-04-09T14:37:43.039+0900: 343.496: [GC (Allocation Failure) 343.496: [ParNew: 58153K->6528K(59008K), 0.0399784 secs] 12136293K->12107129K(25159296K), 0.0401540 secs] [Times: user=0.51 sys=0.00, real=0.04 secs] 
2014-04-09T14:37:43.124+0900: 343.581: [GC (Allocation Failure) 343.581: [ParNew: 59008K->6528K(59008K), 0.0381780 secs] 12159609K->12142637K(25159296K), 0.0383587 secs] [Times: user=0.47 sys=0.00, real=0.04 secs] 
2014-04-09T14:37:43.186+0900: 343.643: [GC (Allocation Failure) 343.643: [ParNew: 59008K->6528K(59008K), 0.0396089 secs] 12195117K->12169517K(25159296K), 0.0397833 secs] [Times: user=0.48 sys=0.00, real=0.04 secs] 
2014-04-09T14:37:43.257+0900: 343.714: [GC (Allocation Failure) 343.714: [ParNew: 59008K->6528K(59008K), 0.0435415 secs] 12221997K->12200904K(25159296K), 0.0437122 secs] [Times: user=0.53 sys=0.00, real=0.04 secs] 
2014-04-09T14:37:43.373+0900: 343.829: [CMS-concurrent-preclean: 1.202/3.061 secs] [Times: user=24.42 sys=0.42, real=3.06 secs] 
2014-04-09T14:37:43.373+0900: 343.830: [GC (Allocation Failure) 343.830: [ParNew: 59008K->6528K(59008K), 0.0458642 secs] 12253384K->12213518K(25159296K), 0.0460322 secs] [Times: user=0.51 sys=0.01, real=0.05 secs] 
2014-04-09T14:37:43.420+0900: 343.877: [GC (CMS Final Remark) [YG occupancy: 6816 K (59008 K)]343.877: [Rescan (parallel) , 0.0146118 secs]343.892: [weak refs processing, 0.0000950 secs]343.892: [class unloading, 0.0356646 secs]343.928: [scrub symbol table, 0.0039373 secs]343.932: [scrub string table, 0.0011440 secs][1 CMS-remark: 12206990K(25100288K)] 12213807K(25159296K), 0.0607175 secs] [Times: user=0.23 sys=0.00, real=0.06 secs] 
2014-04-09T14:37:43.481+0900: 343.938: [CMS-concurrent-sweep-start]
2014-04-09T14:37:43.537+0900: 343.994: [GC (Allocation Failure) 343.994: [ParNew: 57547K->5197K(59008K), 0.0387951 secs] 12229674K->12192865K(25159296K), 0.0389718 secs] [Times: user=0.48 sys=0.00, real=0.04 secs] 
2014-04-09T14:37:43.598+0900: 344.055: [GC (Allocation Failure) 344.055: [ParNew: 56478K->6528K(59008K), 0.0351791 secs] 12231887K->12204085K(25159296K), 0.0353514 secs] [Times: user=0.43 sys=0.01, real=0.03 secs] 
2014-04-09T14:37:43.668+0900: 344.124: [GC (Allocation Failure) 344.124: [ParNew: 59008K->6528K(59008K), 0.0360529 secs] 12231270K->12212589K(25159296K), 0.0362229 secs] [Times: user=0.43 sys=0.01, real=0.03 secs] 
2014-04-09T14:37:43.728+0900: 344.185: [GC (Allocation Failure) 344.185: [ParNew: 59007K->6528K(59008K), 0.0384702 secs] 12239395K->12218530K(25159296K), 0.0386662 secs] [Times: user=0.48 sys=0.00, real=0.04 secs] 
2014-04-09T14:37:43.796+0900: 344.253: [GC (Allocation Failure) 344.253: [ParNew: 59008K->6528K(59008K), 0.0504780 secs] 12244227K->12221111K(25159296K), 0.0506811 secs] [Times: user=0.60 sys=0.01, real=0.05 secs] 
2014-04-09T14:37:43.866+0900: 344.323: [GC (Allocation Failure) 344.323: [ParNew: 59008K->6528K(59008K), 0.0435495 secs] 12261997K->12238486K(25159296K), 0.0437462 secs] [Times: user=0.54 sys=0.00, real=0.04 secs] 
2014-04-09T14:37:43.949+0900: 344.406: [GC (Allocation Failure) 344.406: [ParNew: 59008K->6528K(59008K), 0.0439072 secs] 12260048K->12225890K(25159296K), 0.0441032 secs] [Times: user=0.51 sys=0.02, real=0.04 secs] 
2014-04-09T14:37:44.035+0900: 344.491: [GC (Allocation Failure) 344.491: [ParNew: 59008K->6528K(59008K), 0.0441298 secs] 12256247K->12215873K(25159296K), 0.0443282 secs] [Times: user=0.54 sys=0.00, real=0.04 secs] 
2014-04-09T14:37:44.119+0900: 344.576: [GC (Allocation Failure) 344.576: [ParNew: 59008K->6528K(59008K), 0.0422752 secs] 12242277K->12202879K(25159296K), 0.0424761 secs] [Times: user=0.52 sys=0.00, real=0.04 secs] 
2014-04-09T14:37:44.213+0900: 344.669: [GC (Allocation Failure) 344.670: [ParNew: 57830K->4158K(59008K), 0.0432016 secs] 12216909K->12184396K(25159296K), 0.0433987 secs] [Times: user=0.53 sys=0.00, real=0.05 secs] 
2014-04-09T14:37:44.276+0900: 344.733: [GC (Allocation Failure) 344.733: [ParNew: 56638K->6528K(59008K), 0.0390033 secs] 12218407K->12190642K(25159296K), 0.0391977 secs] [Times: user=0.49 sys=0.00, real=0.04 secs] 
2014-04-09T14:37:44.349+0900: 344.805: [GC (Allocation Failure) 344.805: [ParNew: 58992K->6528K(59008K), 0.0350547 secs] 12211202K->12189559K(25159296K), 0.0352481 secs] [Times: user=0.42 sys=0.00, real=0.03 secs] 
2014-04-09T14:37:44.413+0900: 344.870: [GC (Allocation Failure) 344.870: [ParNew: 59004K->6527K(59008K), 0.0418149 secs] 12215770K->12195707K(25159296K), 0.0420058 secs] [Times: user=0.52 sys=0.00, real=0.05 secs] 
2014-04-09T14:37:44.485+0900: 344.941: [GC (Allocation Failure) 344.941: [ParNew: 59007K->6528K(59008K), 0.0464935 secs] 12224955K->12198600K(25159296K), 0.0466881 secs] [Times: user=0.58 sys=0.00, real=0.04 secs] 
2014-04-09T14:37:44.587+0900: 345.043: [GC (Allocation Failure) 345.044: [ParNew: 59008K->6528K(59008K), 0.0437304 secs] 12211769K->12184280K(25159296K), 0.0439266 secs] [Times: user=0.49 sys=0.01, real=0.04 secs] 
2014-04-09T14:37:44.686+0900: 345.143: [GC (Allocation Failure) 345.143: [ParNew: 59008K->6528K(59008K), 0.0451191 secs] 12190467K->12147676K(25159296K), 0.0453106 secs] [Times: user=0.55 sys=0.00, real=0.04 secs] 
2014-04-09T14:37:44.793+0900: 345.250: [GC (Allocation Failure) 345.250: [ParNew: 50488K->1651K(59008K), 0.0354621 secs] 12123905K->12094741K(25159296K), 0.0356499 secs] [Times: user=0.42 sys=0.00, real=0.04 secs] 
2014-04-09T14:37:44.866+0900: 345.323: [GC (Allocation Failure) 345.323: [ParNew: 54130K->6528K(59008K), 0.0420162 secs] 12112039K->12086274K(25159296K), 0.0422044 secs] [Times: user=0.53 sys=0.00, real=0.04 secs] 
2014-04-09T14:37:44.931+0900: 345.388: [GC (Allocation Failure) 345.388: [ParNew: 59008K->4680K(59008K), 0.0416855 secs] 12124371K->12100770K(25159296K), 0.0418762 secs] [Times: user=0.52 sys=0.00, real=0.04 secs] 
2014-04-09T14:37:44.999+0900: 345.456: [GC (Allocation Failure) 345.456: [ParNew: 57160K->6528K(59008K), 0.0429749 secs] 12132974K->12103467K(25159296K), 0.0431621 secs] [Times: user=0.55 sys=0.00, real=0.04 secs] 
2014-04-09T14:37:45.079+0900: 345.536: [GC (Allocation Failure) 345.536: [ParNew: 59007K->6528K(59008K), 0.0462892 secs] 12128250K->12114615K(25159296K), 0.0464792 secs] [Times: user=0.56 sys=0.00, real=0.05 secs] 
2014-04-09T14:37:45.175+0900: 345.631: [GC (Allocation Failure) 345.632: [ParNew: 59008K->6528K(59008K), 0.0464446 secs] 12129167K->12099016K(25159296K), 0.0466321 secs] [Times: user=0.53 sys=0.01, real=0.04 secs] 
2014-04-09T14:37:45.254+0900: 345.711: [GC (Allocation Failure) 345.711: [ParNew: 59008K->6528K(59008K), 0.0442892 secs] 12123429K->12086508K(25159296K), 0.0444728 secs] [Times: user=0.54 sys=0.00, real=0.05 secs] 
2014-04-09T14:37:45.336+0900: 345.793: [GC (Allocation Failure) 345.793: [ParNew: 59008K->6526K(59008K), 0.0388723 secs] 12102950K->12058412K(25159296K), 0.0390564 secs] [Times: user=0.46 sys=0.01, real=0.03 secs] 
2014-04-09T14:37:45.420+0900: 345.876: [GC (Allocation Failure) 345.877: [ParNew: 50222K->4406K(59008K), 0.0374015 secs] 12061274K->12036813K(25159296K), 0.0375836 secs] [Times: user=0.46 sys=0.01, real=0.04 secs] 
2014-04-09T14:37:45.487+0900: 345.944: [GC (Allocation Failure) 345.944: [ParNew: 56870K->6509K(59008K), 0.0419126 secs] 12068902K->12057902K(25159296K), 0.0421109 secs] [Times: user=0.53 sys=0.01, real=0.04 secs] 
2014-04-09T14:37:45.555+0900: 346.012: [GC (Allocation Failure) 346.012: [ParNew: 58902K->6528K(59008K), 0.0404232 secs] 12094130K->12061153K(25159296K), 0.0406203 secs] [Times: user=0.51 sys=0.00, real=0.05 secs] 
2014-04-09T14:37:45.615+0900: 346.072: [GC (Allocation Failure) 346.072: [ParNew: 51602K->240K(59008K), 0.0421009 secs] 12094953K->12074924K(25159296K), 0.0422863 secs] [Times: user=0.53 sys=0.00, real=0.05 secs] 
2014-04-09T14:37:45.681+0900: 346.138: [GC (Allocation Failure) 346.138: [ParNew: 50222K->6526K(59008K), 0.0416013 secs] 12109129K->12083966K(25159296K), 0.0417848 secs] [Times: user=0.53 sys=0.00, real=0.04 secs] 
2014-04-09T14:37:45.760+0900: 346.217: [GC (Allocation Failure) 346.217: [ParNew: 59006K->6528K(59008K), 0.0445844 secs] 12099312K->12081225K(25159296K), 0.0447612 secs] [Times: user=0.54 sys=0.00, real=0.04 secs] 
2014-04-09T14:37:45.855+0900: 346.312: [GC (Allocation Failure) 346.312: [ParNew: 59008K->6528K(59008K), 0.0465523 secs] 12079329K->12049204K(25159296K), 0.0467342 secs] [Times: user=0.52 sys=0.01, real=0.05 secs] 
2014-04-09T14:37:45.958+0900: 346.415: [GC (Allocation Failure) 346.415: [ParNew: 57086K->6528K(59008K), 0.0381360 secs] 12047014K->12003067K(25159296K), 0.0383166 secs] [Times: user=0.46 sys=0.00, real=0.04 secs] 
2014-04-09T14:37:46.060+0900: 346.517: [GC (Allocation Failure) 346.517: [ParNew: 58537K->1846K(59008K), 0.0393897 secs] 11992809K->11956598K(25159296K), 0.0395715 secs] [Times: user=0.50 sys=0.00, real=0.04 secs] 
2014-04-09T14:37:46.122+0900: 346.578: [GC (Allocation Failure) 346.579: [ParNew: 54321K->6528K(59008K), 0.0440994 secs] 11987276K->11965095K(25159296K), 0.0442807 secs] [Times: user=0.56 sys=0.01, real=0.05 secs] 
2014-04-09T14:37:46.222+0900: 346.679: [GC (Allocation Failure) 346.679: [ParNew: 59008K->6528K(59008K), 0.0484373 secs] 11967841K->11944503K(25159296K), 0.0486176 secs] [Times: user=0.60 sys=0.00, real=0.05 secs] 
2014-04-09T14:37:46.385+0900: 346.842: [GC (Allocation Failure) 346.842: [ParNew: 57675K->6528K(59008K), 0.0415426 secs] 11896278K->11858065K(25159296K), 0.0417283 secs] [Times: user=0.50 sys=0.00, real=0.05 secs] 
2014-04-09T14:37:46.517+0900: 346.974: [GC (Allocation Failure) 346.974: [ParNew: 58998K->6528K(59008K), 0.0353337 secs] 11828895K->11794560K(25159296K), 0.0355127 secs] [Times: user=0.43 sys=0.00, real=0.03 secs] 
2014-04-09T14:37:46.603+0900: 347.060: [GC (Allocation Failure) 347.060: [ParNew: 59008K->6528K(59008K), 0.0407100 secs] 11797907K->11770651K(25159296K), 0.0408894 secs] [Times: user=0.51 sys=0.00, real=0.04 secs] 
2014-04-09T14:37:46.749+0900: 347.205: [GC (Allocation Failure) 347.205: [ParNew: 58704K->6528K(59008K), 0.0385578 secs] 11706622K->11667115K(25159296K), 0.0387327 secs] [Times: user=0.45 sys=0.01, real=0.04 secs] 
2014-04-09T14:37:46.876+0900: 347.333: [GC (Allocation Failure) 347.333: [ParNew: 58984K->6528K(59008K), 0.0386304 secs] 11505596K->11471133K(25159296K), 0.0388025 secs] [Times: user=0.47 sys=0.01, real=0.03 secs] 
2014-04-09T14:37:46.950+0900: 347.407: [GC (Allocation Failure) 347.407: [ParNew: 51201K->6528K(59008K), 0.0365646 secs] 11438098K->11413802K(25159296K), 0.0367331 secs] [Times: user=0.45 sys=0.00, real=0.04 secs] 
2014-04-09T14:37:47.020+0900: 347.476: [GC (Allocation Failure) 347.476: [ParNew: 59007K->6528K(59008K), 0.0453808 secs] 11065795K->11049148K(25159296K), 0.0455489 secs] [Times: user=0.55 sys=0.00, real=0.04 secs] 
2014-04-09T14:37:47.087+0900: 347.543: [CMS-concurrent-sweep: 1.792/3.605 secs] [Times: user=26.91 sys=0.48, real=3.61 secs] 
2014-04-09T14:37:47.087+0900: 347.543: [CMS-concurrent-reset-start]
2014-04-09T14:37:47.100+0900: 347.557: [GC (Allocation Failure) 347.557: [ParNew: 59008K->6528K(59008K), 0.0441836 secs] 10381687K->10352852K(25159296K), 0.0443577 secs] [Times: user=0.53 sys=0.00, real=0.04 secs] 
2014-04-09T14:37:47.169+0900: 347.626: [GC (Allocation Failure) 347.626: [ParNew: 59008K->6528K(59008K), 0.0388692 secs] 10405332K->10376548K(25159296K), 0.0390631 secs] [Times: user=0.48 sys=0.00, real=0.04 secs] 
2014-04-09T14:37:47.246+0900: 347.702: [GC (Allocation Failure) 347.702: [ParNew: 59008K->6528K(59008K), 0.0450088 secs] 10429028K->10391907K(25159296K), 0.0451780 secs] [Times: user=0.54 sys=0.00, real=0.04 secs] 
2014-04-09T14:37:47.295+0900: 347.752: [CMS-concurrent-reset: 0.076/0.209 secs] [Times: user=1.87 sys=0.03, real=0.20 secs] 
2014-04-09T14:37:47.330+0900: 347.787: [GC (Allocation Failure) 347.787: [ParNew: 59008K->6528K(59008K), 0.0333117 secs] 10444387K->10410782K(25159296K), 0.0334811 secs] [Times: user=0.40 sys=0.00, real=0.03 secs] 
2014-04-09T14:37:47.365+0900: 347.821: [GC (CMS Initial Mark) [1 CMS-initial-mark: 10404254K(25100288K)] 10410948K(25159296K), 0.0018683 secs] [Times: user=0.01 sys=0.00, real=0.01 secs] 
2014-04-09T14:37:47.367+0900: 347.823: [CMS-concurrent-mark-start]
2014-04-09T14:37:47.402+0900: 347.859: [GC (Allocation Failure) 347.859: [ParNew: 59008K->6528K(59008K), 0.0442767 secs] 10463262K->10435654K(25159296K), 0.0444507 secs] [Times: user=0.55 sys=0.00, real=0.05 secs] 
2014-04-09T14:37:47.479+0900: 347.935: [GC (Allocation Failure) 347.936: [ParNew: 56683K->6528K(59008K), 0.0362533 secs] 10485810K->10454836K(25159296K), 0.0364263 secs] [Times: user=0.45 sys=0.01, real=0.03 secs] 
2014-04-09T14:37:47.560+0900: 348.017: [GC (Allocation Failure) 348.017: [ParNew: 57280K->6528K(59008K), 0.0427641 secs] 10505589K->10481605K(25159296K), 0.0429382 secs] [Times: user=0.53 sys=0.00, real=0.04 secs] 
2014-04-09T14:37:47.629+0900: 348.086: [GC (Allocation Failure) 348.086: [ParNew: 58152K->897K(59008K), 0.0349291 secs] 10533229K->10502319K(25159296K), 0.0351036 secs] [Times: user=0.44 sys=0.00, real=0.03 secs] 
2014-04-09T14:37:47.740+0900: 348.197: [GC (Allocation Failure) 348.197: [ParNew: 53376K->6528K(59008K), 0.0443206 secs] 10554798K->10533093K(25159296K), 0.0445246 secs] [Times: user=0.53 sys=0.00, real=0.04 secs] 
2014-04-09T14:37:47.922+0900: 348.379: [GC (Allocation Failure) 348.379: [ParNew: 54889K->3203K(59008K), 0.0432277 secs] 10581455K->10544382K(25159296K), 0.0434255 secs] [Times: user=0.54 sys=0.00, real=0.05 secs] 
2014-04-09T14:37:48.008+0900: 348.465: [GC (Allocation Failure) 348.465: [ParNew: 54887K->6528K(59008K), 0.0371652 secs] 10596066K->10563055K(25159296K), 0.0373631 secs] [Times: user=0.46 sys=0.00, real=0.03 secs] 
2014-04-09T14:37:48.125+0900: 348.581: [GC (Allocation Failure) 348.581: [ParNew: 59008K->6528K(59008K), 0.0399894 secs] 10615535K->10593926K(25159296K), 0.0401859 secs] [Times: user=0.46 sys=0.00, real=0.04 secs] 
2014-04-09T14:37:48.293+0900: 348.750: [GC (Allocation Failure) 348.750: [ParNew: 58232K->6528K(59008K), 0.0414996 secs] 10645630K->10606178K(25159296K), 0.0417025 secs] [Times: user=0.51 sys=0.00, real=0.04 secs] 
2014-04-09T14:37:48.408+0900: 348.865: [GC (Allocation Failure) 348.865: [ParNew: 59008K->6528K(59008K), 0.0376679 secs] 10658658K->10619244K(25159296K), 0.0378654 secs] [Times: user=0.47 sys=0.00, real=0.04 secs] 
2014-04-09T14:37:48.516+0900: 348.973: [GC (Allocation Failure) 348.973: [ParNew: 59008K->6528K(59008K), 0.0447766 secs] 10671724K->10645577K(25159296K), 0.0449746 secs] [Times: user=0.56 sys=0.00, real=0.04 secs] 
2014-04-09T14:37:48.624+0900: 349.081: [GC (Allocation Failure) 349.081: [ParNew: 59008K->6528K(59008K), 0.0477566 secs] 10698057K->10676942K(25159296K), 0.0479543 secs] [Times: user=0.58 sys=0.01, real=0.05 secs] 
2014-04-09T14:37:48.749+0900: 349.206: [GC (Allocation Failure) 349.206: [ParNew: 59007K->6528K(59008K), 0.0434161 secs] 10729421K->10698258K(25159296K), 0.0436227 secs] [Times: user=0.52 sys=0.00, real=0.04 secs] 
2014-04-09T14:37:48.830+0900: 349.287: [GC (Allocation Failure) 349.287: [ParNew: 59008K->6528K(59008K), 0.0424660 secs] 10750738K->10729695K(25159296K), 0.0426662 secs] [Times: user=0.53 sys=0.00, real=0.04 secs] 
2014-04-09T14:37:48.904+0900: 349.360: [GC (Allocation Failure) 349.360: [ParNew: 59008K->6528K(59008K), 0.0450332 secs] 10782175K->10752822K(25159296K), 0.0452333 secs] [Times: user=0.55 sys=0.00, real=0.05 secs] 
2014-04-09T14:37:48.971+0900: 349.428: [GC (Allocation Failure) 349.428: [ParNew: 59008K->6528K(59008K), 0.0412286 secs] 10805302K->10775090K(25159296K), 0.0414286 secs] [Times: user=0.52 sys=0.00, real=0.04 secs] 
2014-04-09T14:37:49.054+0900: 349.511: [GC (Allocation Failure) 349.511: [ParNew: 59008K->6528K(59008K), 0.0472601 secs] 10827570K->10802543K(25159296K), 0.0474655 secs] [Times: user=0.56 sys=0.01, real=0.05 secs] 
2014-04-09T14:37:49.146+0900: 349.603: [GC (Allocation Failure) 349.603: [ParNew: 59008K->6528K(59008K), 0.0486447 secs] 10855023K->10823178K(25159296K), 0.0488406 secs] [Times: user=0.60 sys=0.00, real=0.04 secs] 
2014-04-09T14:37:49.222+0900: 349.679: [GC (Allocation Failure) 349.679: [ParNew: 59008K->6528K(59008K), 0.0469022 secs] 10875658K->10841291K(25159296K), 0.0470969 secs] [Times: user=0.58 sys=0.00, real=0.05 secs] 
2014-04-09T14:37:49.300+0900: 349.757: [GC (Allocation Failure) 349.757: [ParNew: 59008K->6528K(59008K), 0.0389116 secs] 10893771K->10862438K(25159296K), 0.0391222 secs] [Times: user=0.49 sys=0.00, real=0.04 secs] 
2014-04-09T14:37:49.389+0900: 349.846: [GC (Allocation Failure) 349.846: [ParNew: 59008K->6528K(59008K), 0.0437715 secs] 10914918K->10885406K(25159296K), 0.0439662 secs] [Times: user=0.52 sys=0.01, real=0.04 secs] 
2014-04-09T14:37:49.474+0900: 349.931: [GC (Allocation Failure) 349.931: [ParNew: 59008K->5265K(59008K), 0.0466730 secs] 10937886K->10917267K(25159296K), 0.0468715 secs] [Times: user=0.58 sys=0.00, real=0.05 secs] 
2014-04-09T14:37:49.540+0900: 349.997: [GC (Allocation Failure) 349.997: [ParNew: 51699K->6528K(59008K), 0.0456797 secs] 10963700K->10933444K(25159296K), 0.0458757 secs] [Times: user=0.58 sys=0.00, real=0.05 secs] 
2014-04-09T14:37:49.610+0900: 350.067: [GC (Allocation Failure) 350.067: [ParNew: 59008K->6348K(59008K), 0.0413363 secs] 10985924K->10964128K(25159296K), 0.0415350 secs] [Times: user=0.52 sys=0.00, real=0.04 secs] 
2014-04-09T14:37:49.672+0900: 350.129: [GC (Allocation Failure) 350.129: [ParNew: 52896K->5764K(59008K), 0.0341465 secs] 11010676K->10975940K(25159296K), 0.0343455 secs] [Times: user=0.42 sys=0.00, real=0.04 secs] 
2014-04-09T14:37:49.747+0900: 350.204: [GC (Allocation Failure) 350.204: [ParNew: 58244K->6528K(59008K), 0.0472945 secs] 11028419K->10999468K(25159296K), 0.0474898 secs] [Times: user=0.58 sys=0.01, real=0.04 secs] 
2014-04-09T14:37:49.849+0900: 350.306: [GC (Allocation Failure) 350.306: [ParNew: 59008K->6528K(59008K), 0.0505902 secs] 11051948K->11025243K(25159296K), 0.0507845 secs] [Times: user=0.61 sys=0.00, real=0.05 secs] 
2014-04-09T14:37:49.949+0900: 350.406: [CMS-concurrent-mark: 1.386/2.582 secs] [Times: user=22.50 sys=0.25, real=2.58 secs] 
2014-04-09T14:37:49.949+0900: 350.406: [CMS-concurrent-preclean-start]
2014-04-09T14:37:49.962+0900: 350.419: [GC (Allocation Failure) 350.419: [ParNew: 59008K->6528K(59008K), 0.0382595 secs] 11077723K->11040624K(25159296K), 0.0384526 secs] [Times: user=0.47 sys=0.00, real=0.04 secs] 
2014-04-09T14:37:50.032+0900: 350.489: [GC (Allocation Failure) 350.489: [ParNew: 59008K->6528K(59008K), 0.0422750 secs] 11093104K->11055132K(25159296K), 0.0424754 secs] [Times: user=0.53 sys=0.00, real=0.04 secs] 
2014-04-09T14:37:50.101+0900: 350.557: [GC (Allocation Failure) 350.557: [ParNew: 58361K->4594K(59008K), 0.0422433 secs] 11106965K->11080508K(25159296K), 0.0424408 secs] [Times: user=0.51 sys=0.00, real=0.04 secs] 
2014-04-09T14:37:50.184+0900: 350.641: [GC (Allocation Failure) 350.641: [ParNew: 47532K->6527K(59008K), 0.0450091 secs] 11123446K->11104855K(25159296K), 0.0452102 secs] [Times: user=0.56 sys=0.00, real=0.05 secs] 
2014-04-09T14:37:50.261+0900: 350.718: [GC (Allocation Failure) 350.718: [ParNew: 59007K->6528K(59008K), 0.0436974 secs] 11157335K->11135919K(25159296K), 0.0438935 secs] [Times: user=0.54 sys=0.00, real=0.04 secs] 
2014-04-09T14:37:50.325+0900: 350.782: [GC (Allocation Failure) 350.782: [ParNew: 59008K->6528K(59008K), 0.0425723 secs] 11188399K->11166656K(25159296K), 0.0427706 secs] [Times: user=0.52 sys=0.00, real=0.05 secs] 
2014-04-09T14:37:50.393+0900: 350.849: [GC (Allocation Failure) 350.850: [ParNew: 59008K->6528K(59008K), 0.0464353 secs] 11219136K->11186179K(25159296K), 0.0466334 secs] [Times: user=0.58 sys=0.00, real=0.05 secs] 
2014-04-09T14:37:50.470+0900: 350.927: [GC (Allocation Failure) 350.927: [ParNew: 59008K->6528K(59008K), 0.0461196 secs] 11238659K->11211926K(25159296K), 0.0463277 secs] [Times: user=0.57 sys=0.00, real=0.05 secs] 
2014-04-09T14:37:50.557+0900: 351.014: [GC (Allocation Failure) 351.014: [ParNew: 59008K->6528K(59008K), 0.0485781 secs] 11264406K->11231776K(25159296K), 0.0487741 secs] [Times: user=0.57 sys=0.01, real=0.05 secs] 
2014-04-09T14:37:50.651+0900: 351.108: [GC (Allocation Failure) 351.108: [ParNew: 59008K->6528K(59008K), 0.0421776 secs] 11284256K->11244180K(25159296K), 0.0423758 secs] [Times: user=0.50 sys=0.00, real=0.04 secs] 
2014-04-09T14:37:50.745+0900: 351.202: [GC (Allocation Failure) 351.202: [ParNew: 59008K->4777K(59008K), 0.0383065 secs] 11296660K->11256173K(25159296K), 0.0384986 secs] [Times: user=0.48 sys=0.01, real=0.04 secs] 
2014-04-09T14:37:50.826+0900: 351.283: [GC (Allocation Failure) 351.283: [ParNew: 57072K->6408K(59008K), 0.0357659 secs] 11308468K->11267965K(25159296K), 0.0359576 secs] [Times: user=0.45 sys=0.00, real=0.03 secs] 
2014-04-09T14:37:50.882+0900: 351.339: [GC (Allocation Failure) 351.339: [ParNew: 54100K->6528K(59008K), 0.0372920 secs] 11315657K->11285955K(25159296K), 0.0374859 secs] [Times: user=0.45 sys=0.01, real=0.04 secs] 
2014-04-09T14:37:50.959+0900: 351.416: [GC (Allocation Failure) 351.416: [ParNew: 59007K->6528K(59008K), 0.0429034 secs] 11338435K->11325626K(25159296K), 0.0430943 secs] [Times: user=0.54 sys=0.00, real=0.04 secs] 
2014-04-09T14:37:51.021+0900: 351.478: [GC (Allocation Failure) 351.478: [ParNew: 53105K->6528K(59008K), 0.0442229 secs] 11372204K->11357926K(25159296K), 0.0444254 secs] [Times: user=0.55 sys=0.00, real=0.05 secs] 
2014-04-09T14:37:51.081+0900: 351.538: [GC (Allocation Failure) 351.538: [ParNew: 58986K->6528K(59008K), 0.0415580 secs] 11410384K->11385151K(25159296K), 0.0417516 secs] [Times: user=0.52 sys=0.00, real=0.04 secs] 
2014-04-09T14:37:51.140+0900: 351.597: [GC (Allocation Failure) 351.597: [ParNew: 59008K->6528K(59008K), 0.0441442 secs] 11437631K->11415817K(25159296K), 0.0443407 secs] [Times: user=0.55 sys=0.01, real=0.04 secs] 
2014-04-09T14:37:51.220+0900: 351.677: [GC (Allocation Failure) 351.677: [ParNew: 59008K->6528K(59008K), 0.0476000 secs] 11468297K->11441221K(25159296K), 0.0477919 secs] [Times: user=0.57 sys=0.00, real=0.05 secs] 
2014-04-09T14:37:51.311+0900: 351.768: [GC (Allocation Failure) 351.768: [ParNew: 59008K->6528K(59008K), 0.0475517 secs] 11493701K->11461691K(25159296K), 0.0477415 secs] [Times: user=0.56 sys=0.00, real=0.05 secs] 
2014-04-09T14:37:51.401+0900: 351.858: [GC (Allocation Failure) 351.858: [ParNew: 59008K->6528K(59008K), 0.0492699 secs] 11514171K->11466639K(25159296K), 0.0494581 secs] [Times: user=0.61 sys=0.00, real=0.05 secs] 
2014-04-09T14:37:51.493+0900: 351.949: [GC (Allocation Failure) 351.950: [ParNew: 59008K->6528K(59008K), 0.0423868 secs] 11519119K->11476730K(25159296K), 0.0425723 secs] [Times: user=0.51 sys=0.01, real=0.04 secs] 
2014-04-09T14:37:51.577+0900: 352.034: [GC (Allocation Failure) 352.034: [ParNew: 48891K->5237K(59008K), 0.0432565 secs] 11519093K->11491824K(25159296K), 0.0434422 secs] [Times: user=0.54 sys=0.00, real=0.04 secs] 
2014-04-09T14:37:51.653+0900: 352.110: [GC (Allocation Failure) 352.110: [ParNew: 52529K->6528K(59008K), 0.0449283 secs] 11539115K->11518785K(25159296K), 0.0451165 secs] [Times: user=0.55 sys=0.01, real=0.05 secs] 
2014-04-09T14:37:51.715+0900: 352.172: [GC (Allocation Failure) 352.172: [ParNew: 49007K->6528K(59008K), 0.0338397 secs] 11561265K->11539595K(25159296K), 0.0340338 secs] [Times: user=0.42 sys=0.00, real=0.04 secs] 
2014-04-09T14:37:51.766+0900: 352.223: [GC (Allocation Failure) 352.223: [ParNew: 58980K->6528K(59008K), 0.0391281 secs] 11592047K->11571104K(25159296K), 0.0393250 secs] [Times: user=0.49 sys=0.01, real=0.04 secs] 
2014-04-09T14:37:51.839+0900: 352.296: [GC (Allocation Failure) 352.296: [ParNew: 59008K->6528K(59008K), 0.0440898 secs] 11623584K->11597946K(25159296K), 0.0443013 secs] [Times: user=0.55 sys=0.01, real=0.04 secs] 
2014-04-09T14:37:51.915+0900: 352.372: [GC (Allocation Failure) 352.372: [ParNew: 59006K->6528K(59008K), 0.0440857 secs] 11650424K->11629964K(25159296K), 0.0442853 secs] [Times: user=0.54 sys=0.00, real=0.05 secs] 
2014-04-09T14:37:52.017+0900: 352.473: [GC (Allocation Failure) 352.474: [ParNew: 59006K->6528K(59008K), 0.0524083 secs] 11682443K->11648846K(25159296K), 0.0526052 secs] [Times: user=0.63 sys=0.00, real=0.05 secs] 
2014-04-09T14:37:52.155+0900: 352.611: [CMS-concurrent-preclean: 0.851/2.205 secs] [Times: user=18.60 sys=0.27, real=2.20 secs] 
2014-04-09T14:37:52.156+0900: 352.612: [GC (Allocation Failure) 352.612: [ParNew: 59008K->6528K(59008K), 0.0488010 secs] 11701326K->11660026K(25159296K), 0.0489794 secs] [Times: user=0.59 sys=0.00, real=0.05 secs] 
2014-04-09T14:37:52.206+0900: 352.663: [GC (CMS Final Remark) [YG occupancy: 6567 K (59008 K)]352.663: [Rescan (parallel) , 0.0213058 secs]352.684: [weak refs processing, 0.0000574 secs]352.684: [class unloading, 0.0448069 secs]352.729: [scrub symbol table, 0.0046350 secs]352.734: [scrub string table, 0.0013387 secs][1 CMS-remark: 11653498K(25100288K)] 11660066K(25159296K), 0.0791016 secs] [Times: user=0.32 sys=0.01, real=0.08 secs] 
2014-04-09T14:37:52.286+0900: 352.742: [CMS-concurrent-sweep-start]
2014-04-09T14:37:52.341+0900: 352.798: [GC (Allocation Failure) 352.798: [ParNew: 58994K->6230K(59008K), 0.0332618 secs] 11704316K->11662718K(25159296K), 0.0334676 secs] [Times: user=0.41 sys=0.00, real=0.03 secs] 
2014-04-09T14:37:52.400+0900: 352.856: [GC (Allocation Failure) 352.857: [ParNew: 54215K->468K(59008K), 0.0321330 secs] 11708756K->11673590K(25159296K), 0.0323269 secs] [Times: user=0.41 sys=0.00, real=0.03 secs] 
2014-04-09T14:37:52.476+0900: 352.933: [GC (Allocation Failure) 352.933: [ParNew: 52948K->6526K(59008K), 0.0481669 secs] 11721406K->11709506K(25159296K), 0.0483705 secs] [Times: user=0.61 sys=0.01, real=0.04 secs] 
2014-04-09T14:37:52.551+0900: 353.008: [GC (Allocation Failure) 353.008: [ParNew: 55689K->6528K(59008K), 0.0427967 secs] 11754905K->11723579K(25159296K), 0.0429908 secs] [Times: user=0.51 sys=0.01, real=0.04 secs] 
2014-04-09T14:37:52.641+0900: 353.098: [GC (Allocation Failure) 353.098: [ParNew: 59008K->6528K(59008K), 0.0504873 secs] 11772345K->11746096K(25159296K), 0.0506846 secs] [Times: user=0.57 sys=0.02, real=0.05 secs] 
2014-04-09T14:37:52.751+0900: 353.208: [GC (Allocation Failure) 353.208: [ParNew: 59008K->6528K(59008K), 0.0436844 secs] 11791752K->11753034K(25159296K), 0.0438995 secs] [Times: user=0.49 sys=0.01, real=0.04 secs] 
2014-04-09T14:37:52.833+0900: 353.290: [GC (Allocation Failure) 353.290: [ParNew: 59008K->6528K(59008K), 0.0424972 secs] 11801641K->11783500K(25159296K), 0.0427135 secs] [Times: user=0.51 sys=0.00, real=0.04 secs] 
2014-04-09T14:37:52.912+0900: 353.369: [GC (Allocation Failure) 353.369: [ParNew: 59008K->6528K(59008K), 0.0450894 secs] 11831671K->11809682K(25159296K), 0.0452892 secs] [Times: user=0.57 sys=0.01, real=0.05 secs] 
2014-04-09T14:37:52.974+0900: 353.431: [GC (Allocation Failure) 353.431: [ParNew: 50620K->6528K(59008K), 0.0468268 secs] 11852168K->11830617K(25159296K), 0.0470258 secs] [Times: user=0.57 sys=0.01, real=0.05 secs] 
2014-04-09T14:37:53.045+0900: 353.501: [GC (Allocation Failure) 353.501: [ParNew: 59001K->6528K(59008K), 0.0482171 secs] 11881027K->11866097K(25159296K), 0.0484160 secs] [Times: user=0.59 sys=0.00, real=0.05 secs] 
2014-04-09T14:37:53.123+0900: 353.580: [GC (Allocation Failure) 353.580: [ParNew: 59006K->6528K(59008K), 0.0416662 secs] 11916226K->11885281K(25159296K), 0.0418648 secs] [Times: user=0.51 sys=0.00, real=0.04 secs] 
2014-04-09T14:37:53.210+0900: 353.667: [GC (Allocation Failure) 353.667: [ParNew: 59008K->6528K(59008K), 0.0527561 secs] 11935436K->11901489K(25159296K), 0.0529602 secs] [Times: user=0.62 sys=0.01, real=0.05 secs] 
2014-04-09T14:37:53.310+0900: 353.766: [GC (Allocation Failure) 353.766: [ParNew: 59008K->6528K(59008K), 0.0440148 secs] 11948893K->11902758K(25159296K), 0.0442248 secs] [Times: user=0.55 sys=0.00, real=0.04 secs] 
2014-04-09T14:37:53.420+0900: 353.877: [GC (Allocation Failure) 353.877: [ParNew: 57792K->6528K(59008K), 0.0371332 secs] 11938336K->11896530K(25159296K), 0.0373368 secs] [Times: user=0.45 sys=0.01, real=0.04 secs] 
2014-04-09T14:37:53.512+0900: 353.969: [GC (Allocation Failure) 353.969: [ParNew: 57584K->2172K(59008K), 0.0406054 secs] 11936770K->11902036K(25159296K), 0.0407973 secs] [Times: user=0.50 sys=0.00, real=0.04 secs] 
2014-04-09T14:37:53.571+0900: 354.028: [GC (Allocation Failure) 354.028: [ParNew: 54631K->6528K(59008K), 0.0410098 secs] 11950453K->11921633K(25159296K), 0.0412026 secs] [Times: user=0.51 sys=0.01, real=0.04 secs] 
2014-04-09T14:37:53.631+0900: 354.088: [GC (Allocation Failure) 354.088: [ParNew: 53514K->318K(59008K), 0.0334686 secs] 11964964K->11942486K(25159296K), 0.0336666 secs] [Times: user=0.42 sys=0.00, real=0.03 secs] 
2014-04-09T14:37:53.712+0900: 354.168: [GC (Allocation Failure) 354.168: [ParNew: 52798K->6526K(59008K), 0.0466784 secs] 11986072K->11964873K(25159296K), 0.0468670 secs] [Times: user=0.54 sys=0.01, real=0.05 secs] 
2014-04-09T14:37:53.808+0900: 354.265: [GC (Allocation Failure) 354.265: [ParNew: 59006K->6528K(59008K), 0.0546249 secs] 12008095K->11977505K(25159296K), 0.0548175 secs] [Times: user=0.44 sys=0.03, real=0.05 secs] 
2014-04-09T14:37:53.922+0900: 354.379: [GC (Allocation Failure) 354.379: [ParNew: 58308K->5368K(59008K), 0.0378196 secs] 12022692K->11976068K(25159296K), 0.0380127 secs] [Times: user=0.46 sys=0.00, real=0.04 secs] 
2014-04-09T14:37:54.027+0900: 354.483: [GC (Allocation Failure) 354.483: [ParNew: 57848K->1688K(59008K), 0.0318258 secs] 12021106K->11975185K(25159296K), 0.0320200 secs] [Times: user=0.40 sys=0.00, real=0.03 secs] 
2014-04-09T14:37:54.092+0900: 354.549: [GC (Allocation Failure) 354.549: [ParNew: 54108K->6528K(59008K), 0.0388133 secs] 12024189K->11995888K(25159296K), 0.0390039 secs] [Times: user=0.50 sys=0.00, real=0.04 secs] 
2014-04-09T14:37:54.169+0900: 354.626: [GC (Allocation Failure) 354.626: [ParNew: 59008K->6528K(59008K), 0.0461911 secs] 12043795K->12031680K(25159296K), 0.0463827 secs] [Times: user=0.56 sys=0.00, real=0.04 secs] 
2014-04-09T14:37:54.251+0900: 354.708: [GC (Allocation Failure) 354.708: [ParNew: 59008K->6528K(59008K), 0.0436210 secs] 12081581K->12056901K(25159296K), 0.0438162 secs] [Times: user=0.53 sys=0.01, real=0.04 secs] 
2014-04-09T14:37:54.327+0900: 354.784: [GC (Allocation Failure) 354.784: [ParNew: 59008K->6528K(59008K), 0.0447241 secs] 12106441K->12084914K(25159296K), 0.0449165 secs] [Times: user=0.55 sys=0.01, real=0.04 secs] 
2014-04-09T14:37:54.428+0900: 354.885: [GC (Allocation Failure) 354.885: [ParNew: 59008K->6528K(59008K), 0.0529956 secs] 12134378K->12094207K(25159296K), 0.0531921 secs] [Times: user=0.61 sys=0.00, real=0.05 secs] 
2014-04-09T14:37:54.541+0900: 354.998: [GC (Allocation Failure) 354.998: [ParNew: 59008K->6528K(59008K), 0.0379732 secs] 12142152K->12107343K(25159296K), 0.0381702 secs] [Times: user=0.45 sys=0.02, real=0.04 secs] 
2014-04-09T14:37:54.617+0900: 355.074: [GC (Allocation Failure) 355.074: [ParNew: 59008K->6528K(59008K), 0.0433959 secs] 12153928K->12117899K(25159296K), 0.0435944 secs] [Times: user=0.55 sys=0.00, real=0.04 secs] 
2014-04-09T14:37:54.700+0900: 355.156: [GC (Allocation Failure) 355.157: [ParNew: 59008K->6528K(59008K), 0.0433992 secs] 12163962K->12136750K(25159296K), 0.0435903 secs] [Times: user=0.53 sys=0.00, real=0.04 secs] 
2014-04-09T14:37:54.798+0900: 355.254: [GC (Allocation Failure) 355.254: [ParNew: 59008K->6528K(59008K), 0.0440776 secs] 12177961K->12146637K(25159296K), 0.0442638 secs] [Times: user=0.41 sys=0.01, real=0.04 secs] 
2014-04-09T14:37:54.889+0900: 355.346: [GC (Allocation Failure) 355.346: [ParNew: 59008K->6528K(59008K), 0.0404867 secs] 12190870K->12155255K(25159296K), 0.0406757 secs] [Times: user=0.49 sys=0.01, real=0.04 secs] 
2014-04-09T14:37:54.959+0900: 355.416: [GC (Allocation Failure) 355.416: [ParNew: 57478K->4145K(59008K), 0.0429979 secs] 12201440K->12169041K(25159296K), 0.0432112 secs] [Times: user=0.54 sys=0.01, real=0.04 secs] 
2014-04-09T14:37:55.066+0900: 355.523: [GC (Allocation Failure) 355.523: [ParNew: 56625K->6528K(59008K), 0.0421365 secs] 12209323K->12178537K(25159296K), 0.0423245 secs] [Times: user=0.52 sys=0.01, real=0.05 secs] 
2014-04-09T14:37:55.132+0900: 355.588: [GC (Allocation Failure) 355.589: [ParNew: 58991K->6528K(59008K), 0.0421967 secs] 12227975K->12203500K(25159296K), 0.0423860 secs] [Times: user=0.51 sys=0.01, real=0.04 secs] 
2014-04-09T14:37:55.211+0900: 355.668: [GC (Allocation Failure) 355.668: [ParNew: 59008K->6528K(59008K), 0.0471156 secs] 12249697K->12225887K(25159296K), 0.0472990 secs] [Times: user=0.56 sys=0.01, real=0.05 secs] 
2014-04-09T14:37:55.311+0900: 355.768: [GC (Allocation Failure) 355.768: [ParNew: 59008K->6528K(59008K), 0.0423875 secs] 12252689K->12212117K(25159296K), 0.0425744 secs] [Times: user=0.41 sys=0.01, real=0.04 secs] 
2014-04-09T14:37:55.416+0900: 355.873: [GC (Allocation Failure) 355.873: [ParNew: 57541K->6528K(59008K), 0.0391262 secs] 11714292K->11678003K(25159296K), 0.0393156 secs] [Times: user=0.48 sys=0.00, real=0.04 secs] 
2014-04-09T14:37:55.467+0900: 355.924: [CMS-concurrent-sweep: 1.544/3.182 secs] [Times: user=23.95 sys=0.43, real=3.19 secs] 
2014-04-09T14:37:55.468+0900: 355.924: [CMS-concurrent-reset-start]
2014-04-09T14:37:55.486+0900: 355.943: [GC (Allocation Failure) 355.943: [ParNew: 57164K->1898K(59008K), 0.0337759 secs] 10141586K->10108747K(25159296K), 0.0339610 secs] [Times: user=0.43 sys=0.00, real=0.03 secs] 
2014-04-09T14:37:55.571+0900: 356.028: [GC (Allocation Failure) 356.028: [ParNew: 54377K->6528K(59008K), 0.0463074 secs] 10161226K->10136921K(25159296K), 0.0464910 secs] [Times: user=0.57 sys=0.00, real=0.05 secs] 
2014-04-09T14:37:55.618+0900: 356.075: [CMS-concurrent-reset: 0.068/0.151 secs] [Times: user=1.21 sys=0.02, real=0.15 secs] 
2014-04-09T14:37:55.642+0900: 356.099: [GC (Allocation Failure) 356.099: [ParNew: 54890K->6528K(59008K), 0.0409801 secs] 10185283K->10153637K(25159296K), 0.0411624 secs] [Times: user=0.49 sys=0.01, real=0.04 secs] 
2014-04-09T14:37:55.686+0900: 356.142: [GC (CMS Initial Mark) [1 CMS-initial-mark: 10147109K(25100288K)] 10163983K(25159296K), 0.0013863 secs] [Times: user=0.01 sys=0.00, real=0.01 secs] 
2014-04-09T14:37:55.687+0900: 356.144: [CMS-concurrent-mark-start]
2014-04-09T14:37:55.752+0900: 356.209: [GC (Allocation Failure) 356.209: [ParNew: 59006K->6528K(59008K), 0.0452997 secs] 10206116K->10177725K(25159296K), 0.0454888 secs] [Times: user=0.55 sys=0.00, real=0.05 secs] 
2014-04-09T14:37:55.905+0900: 356.362: [GC (Allocation Failure) 356.362: [ParNew: 53435K->6528K(59008K), 0.0405705 secs] 10224632K->10187675K(25159296K), 0.0407588 secs] [Times: user=0.47 sys=0.00, real=0.04 secs] 
2014-04-09T14:37:56.015+0900: 356.472: [GC (Allocation Failure) 356.472: [ParNew: 59005K->6528K(59008K), 0.0408917 secs] 10240153K->10201511K(25159296K), 0.0410744 secs] [Times: user=0.51 sys=0.00, real=0.04 secs] 
2014-04-09T14:37:56.118+0900: 356.574: [GC (Allocation Failure) 356.575: [ParNew: 59005K->6528K(59008K), 0.0461682 secs] 10253989K->10228009K(25159296K), 0.0463527 secs] [Times: user=0.55 sys=0.00, real=0.04 secs] 
2014-04-09T14:37:56.268+0900: 356.725: [GC (Allocation Failure) 356.725: [ParNew: 57440K->6528K(59008K), 0.0457260 secs] 10278922K->10240199K(25159296K), 0.0459147 secs] [Times: user=0.53 sys=0.00, real=0.04 secs] 
2014-04-09T14:37:56.388+0900: 356.845: [GC (Allocation Failure) 356.845: [ParNew: 58996K->6528K(59008K), 0.0428683 secs] 10292668K->10257314K(25159296K), 0.0430605 secs] [Times: user=0.52 sys=0.00, real=0.04 secs] 
2014-04-09T14:37:56.487+0900: 356.944: [GC (Allocation Failure) 356.944: [ParNew: 59008K->6528K(59008K), 0.0404074 secs] 10309794K->10282648K(25159296K), 0.0406058 secs] [Times: user=0.49 sys=0.01, real=0.04 secs] 
2014-04-09T14:37:56.634+0900: 357.091: [GC (Allocation Failure) 357.091: [ParNew: 58596K->6528K(59008K), 0.0437443 secs] 10334716K->10294555K(25159296K), 0.0439521 secs] [Times: user=0.52 sys=0.01, real=0.05 secs] 
2014-04-09T14:37:56.762+0900: 357.219: [GC (Allocation Failure) 357.219: [ParNew: 59004K->6528K(59008K), 0.0445419 secs] 10347032K->10312097K(25159296K), 0.0447543 secs] [Times: user=0.55 sys=0.01, real=0.05 secs] 
2014-04-09T14:37:56.865+0900: 357.322: [GC (Allocation Failure) 357.322: [ParNew: 59008K->6528K(59008K), 0.0441065 secs] 10364577K->10336222K(25159296K), 0.0443095 secs] [Times: user=0.55 sys=0.00, real=0.05 secs] 
2014-04-09T14:37:57.018+0900: 357.475: [GC (Allocation Failure) 357.475: [ParNew: 55490K->6528K(59008K), 0.0505590 secs] 10385184K->10350162K(25159296K), 0.0507606 secs] [Times: user=0.53 sys=0.02, real=0.05 secs] 
2014-04-09T14:37:57.144+0900: 357.600: [GC (Allocation Failure) 357.600: [ParNew: 59008K->6528K(59008K), 0.0479395 secs] 10402642K->10359986K(25159296K), 0.0481415 secs] [Times: user=0.58 sys=0.00, real=0.05 secs] 
2014-04-09T14:37:57.235+0900: 357.692: [GC (Allocation Failure) 357.692: [ParNew: 59008K->3537K(59008K), 0.0420511 secs] 10412466K->10361658K(25159296K), 0.0422545 secs] [Times: user=0.52 sys=0.01, real=0.05 secs] 
2014-04-09T14:37:57.320+0900: 357.777: [GC (Allocation Failure) 357.777: [ParNew: 56017K->1149K(59008K), 0.0300276 secs] 10414138K->10359271K(25159296K), 0.0302223 secs] [Times: user=0.37 sys=0.01, real=0.03 secs] 
2014-04-09T14:37:57.392+0900: 357.849: [GC (Allocation Failure) 357.849: [ParNew: 53629K->243K(59008K), 0.0320070 secs] 10411751K->10358364K(25159296K), 0.0322083 secs] [Times: user=0.41 sys=0.00, real=0.03 secs] 
2014-04-09T14:37:57.467+0900: 357.923: [GC (Allocation Failure) 357.924: [ParNew: 52723K->61K(59008K), 0.0310657 secs] 10410844K->10358182K(25159296K), 0.0312546 secs] [Times: user=0.39 sys=0.00, real=0.03 secs] 
2014-04-09T14:37:57.540+0900: 357.997: [GC (Allocation Failure) 357.997: [ParNew: 52541K->24K(59008K), 0.0299777 secs] 10410662K->10358145K(25159296K), 0.0301679 secs] [Times: user=0.38 sys=0.00, real=0.03 secs] 
2014-04-09T14:37:57.613+0900: 358.070: [GC (Allocation Failure) 358.070: [ParNew: 52504K->24K(59008K), 0.0312427 secs] 10410625K->10358145K(25159296K), 0.0314333 secs] [Times: user=0.40 sys=0.00, real=0.03 secs] 
2014-04-09T14:37:57.687+0900: 358.144: [GC (Allocation Failure) 358.144: [ParNew: 52504K->22K(59008K), 0.0342291 secs] 10410625K->10358143K(25159296K), 0.0344202 secs] [Times: user=0.44 sys=0.00, real=0.03 secs] 
2014-04-09T14:37:57.763+0900: 358.220: [GC (Allocation Failure) 358.220: [ParNew: 52502K->24K(59008K), 0.0294439 secs] 10410623K->10358145K(25159296K), 0.0296345 secs] [Times: user=0.37 sys=0.00, real=0.03 secs] 
2014-04-09T14:37:57.834+0900: 358.290: [GC (Allocation Failure) 358.291: [ParNew: 52504K->26K(59008K), 0.0341500 secs] 10410625K->10358147K(25159296K), 0.0343368 secs] [Times: user=0.43 sys=0.00, real=0.04 secs] 
2014-04-09T14:37:57.909+0900: 358.366: [GC (Allocation Failure) 358.366: [ParNew: 52506K->22K(59008K), 0.0340973 secs] 10410627K->10358143K(25159296K), 0.0342927 secs] [Times: user=0.43 sys=0.00, real=0.03 secs] 
2014-04-09T14:37:57.985+0900: 358.442: [GC (Allocation Failure) 358.442: [ParNew: 52502K->22K(59008K), 0.0296829 secs] 10410623K->10358143K(25159296K), 0.0298681 secs] [Times: user=0.38 sys=0.00, real=0.03 secs] 
2014-04-09T14:37:58.053+0900: 358.510: [GC (Allocation Failure) 358.510: [ParNew: 52502K->20K(59008K), 0.0316212 secs] 10410623K->10358141K(25159296K), 0.0318069 secs] [Times: user=0.40 sys=0.00, real=0.03 secs] 
2014-04-09T14:37:58.122+0900: 358.579: [GC (Allocation Failure) 358.579: [ParNew: 52500K->22K(59008K), 0.0294857 secs] 10410621K->10358145K(25159296K), 0.0296712 secs] [Times: user=0.37 sys=0.00, real=0.03 secs] 
2014-04-09T14:37:58.190+0900: 358.647: [GC (Allocation Failure) 358.647: [ParNew: 52502K->18K(59008K), 0.0345130 secs] 10410625K->10358140K(25159296K), 0.0346984 secs] [Times: user=0.44 sys=0.00, real=0.03 secs] 
2014-04-09T14:37:58.261+0900: 358.718: [GC (Allocation Failure) 358.718: [ParNew: 52498K->16K(59008K), 0.0317203 secs] 10410620K->10358139K(25159296K), 0.0319029 secs] [Times: user=0.41 sys=0.00, real=0.03 secs] 
2014-04-09T14:37:58.330+0900: 358.786: [GC (Allocation Failure) 358.787: [ParNew: 52496K->18K(59008K), 0.0286636 secs] 10410619K->10358141K(25159296K), 0.0288523 secs] [Times: user=0.36 sys=0.00, real=0.03 secs] 
2014-04-09T14:37:58.399+0900: 358.856: [GC (Allocation Failure) 358.856: [ParNew: 52498K->22K(59008K), 0.0300554 secs] 10410621K->10358145K(25159296K), 0.0302395 secs] [Times: user=0.37 sys=0.01, real=0.03 secs] 
2014-04-09T14:37:58.488+0900: 358.944: [GC (Allocation Failure) 358.945: [ParNew: 52502K->22K(59008K), 0.0307137 secs] 10410625K->10358145K(25159296K), 0.0308963 secs] [Times: user=0.39 sys=0.00, real=0.03 secs] 
2014-04-09T14:37:58.530+0900: 358.987: [CMS-concurrent-mark: 1.699/2.843 secs] [Times: user=23.52 sys=0.24, real=2.84 secs] 
2014-04-09T14:37:58.530+0900: 358.987: [CMS-concurrent-preclean-start]
2014-04-09T14:37:58.815+0900: 359.272: [CMS-concurrent-preclean: 0.266/0.285 secs] [Times: user=0.30 sys=0.00, real=0.28 secs] 
2014-04-09T14:37:58.815+0900: 359.272: [CMS-concurrent-abortable-preclean-start]
2014-04-09T14:37:59.904+0900: 360.360: [GC (Allocation Failure) 360.360: [ParNew: 52502K->95K(59008K), 0.0339778 secs] 10410625K->10358218K(25159296K), 0.0341866 secs] [Times: user=0.41 sys=0.01, real=0.04 secs] 
2014-04-09T14:38:00.034+0900: 360.491: [GC (Allocation Failure) 360.491: [ParNew: 52575K->102K(59008K), 0.0333262 secs] 10410698K->10358225K(25159296K), 0.0335310 secs] [Times: user=0.42 sys=0.00, real=0.04 secs] 
2014-04-09T14:38:00.184+0900: 360.641: [CMS-concurrent-abortable-preclean: 0.796/1.369 secs] [Times: user=2.12 sys=0.01, real=1.37 secs] 
2014-04-09T14:38:00.185+0900: 360.642: [GC (Allocation Failure) 360.642: [ParNew: 52582K->115K(59008K), 0.0375028 secs] 10410705K->10358238K(25159296K), 0.0377002 secs] [Times: user=0.46 sys=0.00, real=0.04 secs] 
2014-04-09T14:38:00.224+0900: 360.681: [GC (CMS Final Remark) [YG occupancy: 667 K (59008 K)]360.681: [Rescan (parallel) , 0.0153019 secs]360.697: [weak refs processing, 0.0000607 secs]360.697: [class unloading, 0.0475315 secs]360.744: [scrub symbol table, 0.0048455 secs]360.749: [scrub string table, 0.0014035 secs][1 CMS-remark: 10358123K(25100288K)] 10358790K(25159296K), 0.0766020 secs] [Times: user=0.24 sys=0.00, real=0.08 secs] 
2014-04-09T14:38:00.302+0900: 360.759: [CMS-concurrent-sweep-start]
2014-04-09T14:38:00.365+0900: 360.821: [GC (Allocation Failure) 360.822: [ParNew: 52595K->101K(59008K), 0.0333021 secs] 10408244K->10355750K(25159296K), 0.0335104 secs] [Times: user=0.41 sys=0.01, real=0.04 secs] 
2014-04-09T14:38:00.464+0900: 360.921: [GC (Allocation Failure) 360.921: [ParNew: 52581K->116K(59008K), 0.0328721 secs] 10405881K->10353416K(25159296K), 0.0330792 secs] [Times: user=0.40 sys=0.00, real=0.03 secs] 
2014-04-09T14:38:00.565+0900: 361.021: [GC (Allocation Failure) 361.021: [ParNew: 52596K->129K(59008K), 0.0362032 secs] 10402562K->10350094K(25159296K), 0.0364080 secs] [Times: user=0.45 sys=0.00, real=0.04 secs] 
2014-04-09T14:38:00.666+0900: 361.123: [GC (Allocation Failure) 361.123: [ParNew: 52609K->38K(59008K), 0.0323382 secs] 10398949K->10346450K(25159296K), 0.0325410 secs] [Times: user=0.40 sys=0.00, real=0.04 secs] 
2014-04-09T14:38:00.763+0900: 361.220: [GC (Allocation Failure) 361.220: [ParNew: 52518K->28K(59008K), 0.0338596 secs] 10396700K->10344211K(25159296K), 0.0340622 secs] [Times: user=0.43 sys=0.00, real=0.03 secs] 
2014-04-09T14:38:00.861+0900: 361.318: [GC (Allocation Failure) 361.318: [ParNew: 52508K->30K(59008K), 0.0341969 secs] 10392751K->10340274K(25159296K), 0.0343804 secs] [Times: user=0.44 sys=0.00, real=0.03 secs] 
2014-04-09T14:38:00.959+0900: 361.416: [GC (Allocation Failure) 361.416: [ParNew: 52510K->28K(59008K), 0.0324894 secs] 10386801K->10334321K(25159296K), 0.0326649 secs] [Times: user=0.41 sys=0.00, real=0.03 secs] 
2014-04-09T14:38:01.056+0900: 361.513: [GC (Allocation Failure) 361.513: [ParNew: 52508K->26K(59008K), 0.0331583 secs] 10372839K->10320357K(25159296K), 0.0333353 secs] [Times: user=0.41 sys=0.00, real=0.04 secs] 
2014-04-09T14:38:01.153+0900: 361.610: [GC (Allocation Failure) 361.610: [ParNew: 52506K->24K(59008K), 0.0322126 secs] 10362967K->10310489K(25159296K), 0.0324039 secs] [Times: user=0.41 sys=0.00, real=0.03 secs] 
2014-04-09T14:38:01.249+0900: 361.706: [GC (Allocation Failure) 361.706: [ParNew: 52504K->34K(59008K), 0.0320569 secs] 10351384K->10298914K(25159296K), 0.0322244 secs] [Times: user=0.41 sys=0.00, real=0.03 secs] 
2014-04-09T14:38:01.344+0900: 361.801: [GC (Allocation Failure) 361.801: [ParNew: 52514K->42K(59008K), 0.0317544 secs] 10341126K->10288654K(25159296K), 0.0319220 secs] [Times: user=0.39 sys=0.00, real=0.03 secs] 
2014-04-09T14:38:01.438+0900: 361.895: [GC (Allocation Failure) 361.895: [ParNew: 52522K->38K(59008K), 0.0324611 secs] 10335773K->10283290K(25159296K), 0.0326261 secs] [Times: user=0.41 sys=0.00, real=0.03 secs] 
2014-04-09T14:38:01.533+0900: 361.990: [GC (Allocation Failure) 361.990: [ParNew: 52518K->36K(59008K), 0.0334919 secs] 10333487K->10281006K(25159296K), 0.0336566 secs] [Times: user=0.42 sys=0.00, real=0.03 secs] 
2014-04-09T14:38:01.630+0900: 362.087: [GC (Allocation Failure) 362.087: [ParNew: 52516K->38K(59008K), 0.0311605 secs] 10330271K->10277793K(25159296K), 0.0313254 secs] [Times: user=0.38 sys=0.01, real=0.03 secs] 
2014-04-09T14:38:01.724+0900: 362.180: [GC (Allocation Failure) 362.181: [ParNew: 52518K->32K(59008K), 0.0313597 secs] 10327141K->10274655K(25159296K), 0.0315213 secs] [Times: user=0.38 sys=0.01, real=0.03 secs] 
2014-04-09T14:38:01.815+0900: 362.272: [GC (Allocation Failure) 362.272: [ParNew: 52512K->28K(59008K), 0.0315298 secs] 10325116K->10272641K(25159296K), 0.0316997 secs] [Times: user=0.39 sys=0.01, real=0.03 secs] 
2014-04-09T14:38:01.908+0900: 362.365: [GC (Allocation Failure) 362.365: [ParNew: 52508K->20K(59008K), 0.0321817 secs] 10323748K->10271269K(25159296K), 0.0323449 secs] [Times: user=0.40 sys=0.01, real=0.03 secs] 
2014-04-09T14:38:02.002+0900: 362.459: [GC (Allocation Failure) 362.459: [ParNew: 52500K->16K(59008K), 0.0321865 secs] 10319904K->10267420K(25159296K), 0.0323467 secs] [Times: user=0.41 sys=0.00, real=0.03 secs] 
2014-04-09T14:38:02.097+0900: 362.554: [GC (Allocation Failure) 362.554: [ParNew: 52496K->24K(59008K), 0.0298613 secs] 10309414K->10256942K(25159296K), 0.0300221 secs] [Times: user=0.37 sys=0.00, real=0.03 secs] 
2014-04-09T14:38:02.189+0900: 362.646: [GC (Allocation Failure) 362.646: [ParNew: 52504K->18K(59008K), 0.0311373 secs] 10298021K->10245535K(25159296K), 0.0312967 secs] [Times: user=0.39 sys=0.00, real=0.03 secs] 
2014-04-09T14:38:02.281+0900: 362.738: [GC (Allocation Failure) 362.738: [ParNew: 52498K->22K(59008K), 0.0320917 secs] 10289403K->10236927K(25159296K), 0.0322470 secs] [Times: user=0.39 sys=0.01, real=0.03 secs] 
2014-04-09T14:38:02.378+0900: 362.835: [GC (Allocation Failure) 362.835: [ParNew: 52502K->4527K(59008K), 0.0330054 secs] 10277407K->10229433K(25159296K), 0.0331646 secs] [Times: user=0.42 sys=0.00, real=0.03 secs] 
2014-04-09T14:38:02.462+0900: 362.919: [GC (Allocation Failure) 362.919: [ParNew: 56998K->5218K(59008K), 0.0403421 secs] 10275436K->10233912K(25159296K), 0.0405005 secs] [Times: user=0.51 sys=0.00, real=0.04 secs] 
2014-04-09T14:38:02.525+0900: 362.982: [GC (Allocation Failure) 362.982: [ParNew: 54416K->383K(59008K), 0.0309793 secs] 10280129K->10245236K(25159296K), 0.0311408 secs] [Times: user=0.38 sys=0.01, real=0.03 secs] 
2014-04-09T14:38:02.604+0900: 363.061: [GC (Allocation Failure) 363.061: [ParNew: 52863K->6526K(59008K), 0.0453371 secs] 10277351K->10266065K(25159296K), 0.0454997 secs] [Times: user=0.57 sys=0.00, real=0.05 secs] 
2014-04-09T14:38:02.673+0900: 363.130: [GC (Allocation Failure) 363.130: [ParNew: 55896K->5836K(59008K), 0.0444647 secs] 10303163K->10269766K(25159296K), 0.0446234 secs] [Times: user=0.55 sys=0.00, real=0.04 secs] 
2014-04-09T14:38:02.761+0900: 363.218: [GC (Allocation Failure) 363.218: [ParNew: 58316K->6528K(59008K), 0.0510921 secs] 9030353K->9005258K(25159296K), 0.0512538 secs] [Times: user=0.49 sys=0.01, real=0.05 secs] 
2014-04-09T14:38:02.813+0900: 363.270: [CMS-concurrent-sweep: 1.590/2.511 secs] [Times: user=16.10 sys=0.17, real=2.51 secs] 
2014-04-09T14:38:02.813+0900: 363.270: [CMS-concurrent-reset-start]
2014-04-09T14:38:02.868+0900: 363.325: [GC (Allocation Failure) 363.325: [ParNew: 58937K->6528K(59008K), 0.0425862 secs] 9057667K->9020660K(25159296K), 0.0427431 secs] [Times: user=0.43 sys=0.02, real=0.04 secs] 
2014-04-09T14:38:02.928+0900: 363.384: [CMS-concurrent-reset: 0.071/0.115 secs] [Times: user=0.65 sys=0.02, real=0.12 secs] 
2014-04-09T14:38:02.961+0900: 363.418: [GC (Allocation Failure) 363.418: [ParNew: 59008K->4582K(59008K), 0.0332384 secs] 9073140K->9035334K(25159296K), 0.0333933 secs] [Times: user=0.41 sys=0.00, real=0.03 secs] 
2014-04-09T14:38:02.995+0900: 363.452: [GC (CMS Initial Mark) [1 CMS-initial-mark: 9030751K(25100288K)] 9035391K(25159296K), 0.0014038 secs] [Times: user=0.00 sys=0.00, real=0.00 secs] 
2014-04-09T14:38:02.996+0900: 363.453: [CMS-concurrent-mark-start]
2014-04-09T14:38:03.014+0900: 363.471: [GC (Allocation Failure) 363.471: [ParNew: 48041K->1168K(59008K), 0.0306372 secs] 9078792K->9050272K(25159296K), 0.0307910 secs] [Times: user=0.38 sys=0.01, real=0.03 secs] 
2014-04-09T14:38:03.094+0900: 363.551: [GC (Allocation Failure) 363.551: [ParNew: 53648K->6528K(59008K), 0.0413596 secs] 9102752K->9080418K(25159296K), 0.0415120 secs] [Times: user=0.52 sys=0.00, real=0.04 secs] 
2014-04-09T14:38:03.159+0900: 363.615: [GC (Allocation Failure) 363.615: [ParNew: 54470K->6528K(59008K), 0.0413749 secs] 9128360K->9097758K(25159296K), 0.0415301 secs] [Times: user=0.52 sys=0.00, real=0.04 secs] 
2014-04-09T14:38:03.244+0900: 363.700: [GC (Allocation Failure) 363.700: [ParNew: 59008K->6528K(59008K), 0.0553745 secs] 9150238K->9123781K(25159296K), 0.0555360 secs] [Times: user=0.60 sys=0.01, real=0.06 secs] 
2014-04-09T14:38:03.356+0900: 363.813: [GC (Allocation Failure) 363.813: [ParNew: 59008K->6528K(59008K), 0.0440128 secs] 9176261K->9139310K(25159296K), 0.0441762 secs] [Times: user=0.51 sys=0.01, real=0.05 secs] 
2014-04-09T14:38:03.457+0900: 363.914: [GC (Allocation Failure) 363.914: [ParNew: 52027K->6362K(59008K), 0.0403138 secs] 9184810K->9164057K(25159296K), 0.0404828 secs] [Times: user=0.48 sys=0.00, real=0.05 secs] 
2014-04-09T14:38:03.526+0900: 363.983: [GC (Allocation Failure) 363.983: [ParNew: 57864K->1897K(59008K), 0.0379001 secs] 9215559K->9179912K(25159296K), 0.0380630 secs] [Times: user=0.47 sys=0.01, real=0.04 secs] 
2014-04-09T14:38:03.596+0900: 364.053: [GC (Allocation Failure) 364.053: [ParNew: 54376K->6528K(59008K), 0.0378831 secs] 9232391K->9208488K(25159296K), 0.0380548 secs] [Times: user=0.47 sys=0.01, real=0.04 secs] 
2014-04-09T14:38:03.660+0900: 364.116: [GC (Allocation Failure) 364.116: [ParNew: 59008K->6528K(59008K), 0.0408486 secs] 9260968K->9236303K(25159296K), 0.0410105 secs] [Times: user=0.50 sys=0.00, real=0.04 secs] 
2014-04-09T14:38:03.754+0900: 364.211: [GC (Allocation Failure) 364.211: [ParNew: 59007K->6528K(59008K), 0.0432946 secs] 9288782K->9256896K(25159296K), 0.0434635 secs] [Times: user=0.46 sys=0.02, real=0.05 secs] 
2014-04-09T14:38:03.864+0900: 364.321: [GC (Allocation Failure) 364.321: [ParNew: 59008K->6528K(59008K), 0.0487753 secs] 9309376K->9271868K(25159296K), 0.0489468 secs] [Times: user=0.57 sys=0.01, real=0.05 secs] 
2014-04-09T14:38:03.982+0900: 364.439: [GC (Allocation Failure) 364.439: [ParNew: 58996K->5192K(59008K), 0.0452855 secs] 9324336K->9293819K(25159296K), 0.0454645 secs] [Times: user=0.54 sys=0.02, real=0.05 secs] 
2014-04-09T14:38:04.051+0900: 364.508: [GC (Allocation Failure) 364.508: [ParNew: 55956K->6528K(59008K), 0.0481229 secs] 9344583K->9320426K(25159296K), 0.0482953 secs] [Times: user=0.61 sys=0.01, real=0.05 secs] 
2014-04-09T14:38:04.122+0900: 364.579: [GC (Allocation Failure) 364.579: [ParNew: 59008K->6528K(59008K), 0.0334478 secs] 9372906K->9346409K(25159296K), 0.0336216 secs] [Times: user=0.42 sys=0.00, real=0.03 secs] 
2014-04-09T14:38:04.193+0900: 364.650: [GC (Allocation Failure) 364.650: [ParNew: 59007K->6528K(59008K), 0.0504975 secs] 9398889K->9376911K(25159296K), 0.0506686 secs] [Times: user=0.57 sys=0.01, real=0.05 secs] 
2014-04-09T14:38:04.295+0900: 364.752: [GC (Allocation Failure) 364.752: [ParNew: 59008K->6526K(59008K), 0.0683723 secs] 9429391K->9398927K(25159296K), 0.0685515 secs] [Times: user=0.66 sys=0.01, real=0.07 secs] 
2014-04-09T14:38:04.445+0900: 364.902: [GC (Allocation Failure) 364.902: [ParNew: 55594K->6528K(59008K), 0.0463240 secs] 9447995K->9409331K(25159296K), 0.0465010 secs] [Times: user=0.53 sys=0.02, real=0.05 secs] 
2014-04-09T14:38:04.548+0900: 365.005: [GC (Allocation Failure) 365.005: [ParNew: 51098K->0K(59008K), 0.0354385 secs] 9453901K->9422470K(25159296K), 0.0356105 secs] [Times: user=0.44 sys=0.00, real=0.03 secs] 
2014-04-09T14:38:04.608+0900: 365.064: [GC (Allocation Failure) 365.065: [ParNew: 52460K->6528K(59008K), 0.0363993 secs] 9474930K->9453919K(25159296K), 0.0365742 secs] [Times: user=0.46 sys=0.00, real=0.03 secs] 
2014-04-09T14:38:04.666+0900: 365.122: [GC (Allocation Failure) 365.122: [ParNew: 59008K->6528K(59008K), 0.0369623 secs] 9506399K->9479475K(25159296K), 0.0371332 secs] [Times: user=0.46 sys=0.00, real=0.04 secs] 
2014-04-09T14:38:04.797+0900: 365.253: [GC (Allocation Failure) 365.253: [ParNew: 59008K->6528K(59008K), 0.0592518 secs] 9531955K->9499572K(25159296K), 0.0594231 secs] [Times: user=0.59 sys=0.01, real=0.06 secs] 
2014-04-09T14:38:04.938+0900: 365.394: [CMS-concurrent-mark: 0.995/1.941 secs] [Times: user=16.67 sys=0.31, real=1.95 secs] 
2014-04-09T14:38:04.938+0900: 365.394: [CMS-concurrent-preclean-start]
2014-04-09T14:38:04.975+0900: 365.432: [GC (Allocation Failure) 365.432: [ParNew: 58989K->6528K(59008K), 0.0421045 secs] 9552034K->9516887K(25159296K), 0.0422779 secs] [Times: user=0.49 sys=0.01, real=0.04 secs] 
2014-04-09T14:38:05.056+0900: 365.513: [GC (Allocation Failure) 365.513: [ParNew: 59008K->6412K(59008K), 0.0327275 secs] 9569367K->9537094K(25159296K), 0.0328967 secs] [Times: user=0.42 sys=0.00, real=0.04 secs] 
2014-04-09T14:38:05.187+0900: 365.644: [GC (Allocation Failure) 365.644: [ParNew: 58892K->6528K(59008K), 0.0607193 secs] 9589574K->9552470K(25159296K), 0.0608907 secs] [Times: user=0.59 sys=0.01, real=0.06 secs] 
2014-04-09T14:38:05.350+0900: 365.807: [GC (Allocation Failure) 365.807: [ParNew: 58985K->6528K(59008K), 0.0449021 secs] 9604927K->9571537K(25159296K), 0.0450724 secs] [Times: user=0.53 sys=0.00, real=0.04 secs] 
2014-04-09T14:38:05.458+0900: 365.915: [GC (Allocation Failure) 365.915: [ParNew: 59008K->6528K(59008K), 0.0424006 secs] 9624017K->9594402K(25159296K), 0.0425735 secs] [Times: user=0.53 sys=0.00, real=0.04 secs] 
2014-04-09T14:38:05.589+0900: 366.045: [CMS-concurrent-preclean: 0.379/0.651 secs] [Times: user=3.42 sys=0.07, real=0.65 secs] 
2014-04-09T14:38:05.589+0900: 366.045: [CMS-concurrent-abortable-preclean-start]
2014-04-09T14:38:05.617+0900: 366.074: [GC (Allocation Failure) 366.074: [ParNew: 57805K->6528K(59008K), 0.0627914 secs] 9645679K->9609503K(25159296K), 0.0629656 secs] [Times: user=0.61 sys=0.03, real=0.07 secs] 
2014-04-09T14:38:05.781+0900: 366.238: [CMS-concurrent-abortable-preclean: 0.128/0.193 secs] [Times: user=0.85 sys=0.05, real=0.19 secs] 
2014-04-09T14:38:05.782+0900: 366.239: [GC (Allocation Failure) 366.239: [ParNew: 58982K->6528K(59008K), 0.0485010 secs] 9661957K->9627728K(25159296K), 0.0486546 secs] [Times: user=0.60 sys=0.00, real=0.05 secs] 
2014-04-09T14:38:05.831+0900: 366.288: [GC (CMS Final Remark) [YG occupancy: 6730 K (59008 K)]366.288: [Rescan (parallel) , 0.0172636 secs]366.306: [weak refs processing, 0.0001127 secs]366.306: [class unloading, 0.0447037 secs]366.350: [scrub symbol table, 0.0046181 secs]366.355: [scrub string table, 0.0013386 secs][1 CMS-remark: 9621200K(25100288K)] 9627930K(25159296K), 0.0749889 secs] [Times: user=0.27 sys=0.00, real=0.07 secs] 
2014-04-09T14:38:05.907+0900: 366.364: [CMS-concurrent-sweep-start]
2014-04-09T14:38:05.968+0900: 366.424: [GC (Allocation Failure) 366.425: [ParNew: 59008K->6528K(59008K), 0.0421845 secs] 9638772K->9611892K(25159296K), 0.0423524 secs] [Times: user=0.53 sys=0.00, real=0.05 secs] 
2014-04-09T14:38:06.127+0900: 366.583: [GC (Allocation Failure) 366.584: [ParNew: 57007K->6528K(59008K), 0.0468845 secs] 9543675K->9508079K(25159296K), 0.0470688 secs] [Times: user=0.56 sys=0.00, real=0.05 secs] 
2014-04-09T14:38:06.241+0900: 366.698: [GC (Allocation Failure) 366.698: [ParNew: 59007K->6528K(59008K), 0.0436423 secs] 9494217K->9456817K(25159296K), 0.0438124 secs] [Times: user=0.54 sys=0.01, real=0.04 secs] 
2014-04-09T14:38:06.353+0900: 366.810: [GC (Allocation Failure) 366.810: [ParNew: 59007K->6528K(59008K), 0.0460508 secs] 9446809K->9421048K(25159296K), 0.0462294 secs] [Times: user=0.57 sys=0.00, real=0.05 secs] 
2014-04-09T14:38:06.488+0900: 366.944: [GC (Allocation Failure) 366.945: [ParNew: 58515K->6528K(59008K), 0.0462920 secs] 9382341K->9353055K(25159296K), 0.0464674 secs] [Times: user=0.57 sys=0.00, real=0.05 secs] 
2014-04-09T14:38:06.591+0900: 367.048: [GC (Allocation Failure) 367.048: [ParNew: 55995K->6528K(59008K), 0.0483308 secs] 9340495K->9320377K(25159296K), 0.0485032 secs] [Times: user=0.57 sys=0.01, real=0.05 secs] 
2014-04-09T14:38:06.675+0900: 367.131: [GC (Allocation Failure) 367.132: [ParNew: 59008K->6528K(59008K), 0.0479534 secs] 9334113K->9317579K(25159296K), 0.0481201 secs] [Times: user=0.58 sys=0.01, real=0.05 secs] 
2014-04-09T14:38:06.749+0900: 367.206: [GC (Allocation Failure) 367.206: [ParNew: 59008K->4748K(59008K), 0.0343761 secs] 9338089K->9304653K(25159296K), 0.0345423 secs] [Times: user=0.43 sys=0.00, real=0.03 secs] 
2014-04-09T14:38:06.842+0900: 367.299: [GC (Allocation Failure) 367.299: [ParNew: 57226K->6528K(59008K), 0.0416696 secs] 9288968K->9256232K(25159296K), 0.0418337 secs] [Times: user=0.51 sys=0.01, real=0.04 secs] 
2014-04-09T14:38:06.939+0900: 367.396: [GC (Allocation Failure) 367.396: [ParNew: 59002K->6528K(59008K), 0.0461125 secs] 9244188K->9211412K(25159296K), 0.0462805 secs] [Times: user=0.55 sys=0.02, real=0.04 secs] 
2014-04-09T14:38:07.007+0900: 367.464: [GC (Allocation Failure) 367.464: [ParNew: 49457K->5515K(59008K), 0.0353988 secs] 9233189K->9203183K(25159296K), 0.0355640 secs] [Times: user=0.43 sys=0.01, real=0.04 secs] 
2014-04-09T14:38:07.103+0900: 367.559: [GC (Allocation Failure) 367.559: [ParNew: 57824K->6528K(59008K), 0.0425775 secs] 9197485K->9171875K(25159296K), 0.0427397 secs] [Times: user=0.52 sys=0.01, real=0.04 secs] 
2014-04-09T14:38:07.180+0900: 367.636: [GC (Allocation Failure) 367.636: [ParNew: 59008K->6528K(59008K), 0.0435437 secs] 9194553K->9168124K(25159296K), 0.0437072 secs] [Times: user=0.52 sys=0.00, real=0.04 secs] 
2014-04-09T14:38:07.251+0900: 367.708: [GC (Allocation Failure) 367.708: [ParNew: 59008K->5238K(59008K), 0.0343691 secs] 9188238K->9154790K(25159296K), 0.0345316 secs] [Times: user=0.43 sys=0.00, real=0.03 secs] 
2014-04-09T14:38:07.341+0900: 367.798: [GC (Allocation Failure) 367.798: [ParNew: 54278K->6528K(59008K), 0.0460318 secs] 9127702K->9097322K(25159296K), 0.0461949 secs] [Times: user=0.54 sys=0.01, real=0.04 secs] 
2014-04-09T14:38:07.439+0900: 367.896: [GC (Allocation Failure) 367.896: [ParNew: 50345K->6319K(59008K), 0.0427492 secs] 9072997K->9040269K(25159296K), 0.0429101 secs] [Times: user=0.52 sys=0.00, real=0.04 secs] 
2014-04-09T14:38:07.506+0900: 367.963: [GC (Allocation Failure) 367.963: [ParNew: 57034K->6528K(59008K), 0.0454137 secs] 9059886K->9032810K(25159296K), 0.0455802 secs] [Times: user=0.55 sys=0.00, real=0.05 secs] 
2014-04-09T14:38:07.603+0900: 368.060: [GC (Allocation Failure) 368.060: [ParNew: 59006K->6528K(59008K), 0.0439124 secs] 9023491K->9004549K(25159296K), 0.0440872 secs] [Times: user=0.54 sys=0.01, real=0.04 secs] 
2014-04-09T14:38:07.691+0900: 368.148: [GC (Allocation Failure) 368.148: [ParNew: 58991K->6528K(59008K), 0.0436367 secs] 9008649K->8991193K(25159296K), 0.0437938 secs] [Times: user=0.52 sys=0.01, real=0.04 secs] 
2014-04-09T14:38:07.757+0900: 368.213: [GC (Allocation Failure) 368.213: [ParNew: 59008K->4982K(59008K), 0.0380813 secs] 9021264K->8991086K(25159296K), 0.0382408 secs] [Times: user=0.47 sys=0.01, real=0.04 secs] 
2014-04-09T14:38:07.854+0900: 368.311: [GC (Allocation Failure) 368.311: [ParNew: 51953K->6528K(59008K), 0.0426300 secs] 8964074K->8930951K(25159296K), 0.0428059 secs] [Times: user=0.51 sys=0.01, real=0.04 secs] 
2014-04-09T14:38:07.947+0900: 368.404: [GC (Allocation Failure) 368.404: [ParNew: 59008K->6528K(59008K), 0.0460146 secs] 8913917K->8885963K(25159296K), 0.0461792 secs] [Times: user=0.56 sys=0.00, real=0.05 secs] 
2014-04-09T14:38:08.020+0900: 368.477: [GC (Allocation Failure) 368.477: [ParNew: 59008K->6528K(59008K), 0.0440454 secs] 8908091K->8875348K(25159296K), 0.0442020 secs] [Times: user=0.53 sys=0.02, real=0.04 secs] 
2014-04-09T14:38:08.117+0900: 368.574: [GC (Allocation Failure) 368.574: [ParNew: 59006K->6528K(59008K), 0.0471717 secs] 8849464K->8822374K(25159296K), 0.0473271 secs] [Times: user=0.58 sys=0.00, real=0.05 secs] 
2014-04-09T14:38:08.199+0900: 368.655: [GC (Allocation Failure) 368.656: [ParNew: 59008K->6528K(59008K), 0.0416755 secs] 8823666K->8796110K(25159296K), 0.0418310 secs] [Times: user=0.50 sys=0.00, real=0.04 secs] 
2014-04-09T14:38:08.263+0900: 368.719: [GC (Allocation Failure) 368.719: [ParNew: 59008K->5159K(59008K), 0.0372885 secs] 8816142K->8786455K(25159296K), 0.0374437 secs] [Times: user=0.47 sys=0.00, real=0.04 secs] 
2014-04-09T14:38:08.359+0900: 368.816: [GC (Allocation Failure) 368.816: [ParNew: 57638K->6528K(59008K), 0.0447954 secs] 8757205K->8723011K(25159296K), 0.0449493 secs] [Times: user=0.56 sys=0.00, real=0.04 secs] 
2014-04-09T14:38:08.457+0900: 368.913: [GC (Allocation Failure) 368.913: [ParNew: 58985K->6528K(59008K), 0.0424908 secs] 8706611K->8675171K(25159296K), 0.0426461 secs] [Times: user=0.50 sys=0.00, real=0.05 secs] 
2014-04-09T14:38:08.521+0900: 368.978: [GC (Allocation Failure) 368.978: [ParNew: 50013K->4958K(59008K), 0.0335031 secs] 8698483K->8666571K(25159296K), 0.0336590 secs] [Times: user=0.41 sys=0.00, real=0.03 secs] 
2014-04-09T14:38:08.607+0900: 369.064: [GC (Allocation Failure) 369.064: [ParNew: 48965K->6528K(59008K), 0.0408181 secs] 8662480K->8641279K(25159296K), 0.0409714 secs] [Times: user=0.51 sys=0.00, real=0.04 secs] 
2014-04-09T14:38:08.680+0900: 369.137: [GC (Allocation Failure) 369.137: [ParNew: 58985K->6528K(59008K), 0.0450081 secs] 8661079K->8633145K(25159296K), 0.0451613 secs] [Times: user=0.54 sys=0.00, real=0.04 secs] 
2014-04-09T14:38:08.758+0900: 369.214: [GC (Allocation Failure) 369.215: [ParNew: 59008K->6528K(59008K), 0.0443863 secs] 8649836K->8626946K(25159296K), 0.0445381 secs] [Times: user=0.54 sys=0.00, real=0.05 secs] 
2014-04-09T14:38:08.857+0900: 369.313: [GC (Allocation Failure) 369.313: [ParNew: 58838K->6528K(59008K), 0.0444722 secs] 8583760K->8548756K(25159296K), 0.0446229 secs] [Times: user=0.54 sys=0.00, real=0.05 secs] 
2014-04-09T14:38:08.961+0900: 369.417: [GC (Allocation Failure) 369.418: [ParNew: 59008K->5363K(59008K), 0.0390194 secs] 8531288K->8490259K(25159296K), 0.0391725 secs] [Times: user=0.47 sys=0.00, real=0.04 secs] 
2014-04-09T14:38:09.038+0900: 369.494: [GC (Allocation Failure) 369.494: [ParNew: 57835K->6528K(59008K), 0.0408972 secs] 8501868K->8477996K(25159296K), 0.0410522 secs] [Times: user=0.50 sys=0.00, real=0.05 secs] 
2014-04-09T14:38:09.107+0900: 369.564: [GC (Allocation Failure) 369.564: [ParNew: 48923K->6174K(59008K), 0.0427374 secs] 8484321K->8472377K(25159296K), 0.0428904 secs] [Times: user=0.54 sys=0.00, real=0.05 secs] 
2014-04-09T14:38:09.171+0900: 369.628: [GC (Allocation Failure) 369.628: [ParNew: 57251K->6528K(59008K), 0.0419085 secs] 8497929K->8469256K(25159296K), 0.0420603 secs] [Times: user=0.50 sys=0.00, real=0.04 secs] 
2014-04-09T14:38:09.253+0900: 369.710: [GC (Allocation Failure) 369.710: [ParNew: 59006K->6528K(59008K), 0.0396556 secs] 8467905K->8447413K(25159296K), 0.0398007 secs] [Times: user=0.46 sys=0.00, real=0.04 secs] 
2014-04-09T14:38:09.345+0900: 369.802: [GC (Allocation Failure) 369.802: [ParNew: 59008K->6528K(59008K), 0.0459109 secs] 8429542K->8395677K(25159296K), 0.0460590 secs] [Times: user=0.55 sys=0.01, real=0.05 secs] 
2014-04-09T14:38:09.456+0900: 369.913: [GC (Allocation Failure) 369.913: [ParNew: 55324K->6528K(59008K), 0.0405176 secs] 8369980K->8335234K(25159296K), 0.0406993 secs] [Times: user=0.50 sys=0.00, real=0.04 secs] 
2014-04-09T14:38:09.531+0900: 369.988: [GC (Allocation Failure) 369.988: [ParNew: 51287K->5123K(59008K), 0.0392798 secs] 8338225K->8312312K(25159296K), 0.0394277 secs] [Times: user=0.50 sys=0.00, real=0.04 secs] 
2014-04-09T14:38:09.595+0900: 370.052: [GC (Allocation Failure) 370.052: [ParNew: 54893K->490K(59008K), 0.0352048 secs] 8331318K->8307560K(25159296K), 0.0353533 secs] [Times: user=0.45 sys=0.00, real=0.04 secs] 
2014-04-09T14:38:09.651+0900: 370.108: [GC (Allocation Failure) 370.108: [ParNew: 47360K->6528K(59008K), 0.0351175 secs] 8330073K->8306335K(25159296K), 0.0352662 secs] [Times: user=0.44 sys=0.01, real=0.03 secs] 
2014-04-09T14:38:09.721+0900: 370.178: [GC (Allocation Failure) 370.178: [ParNew: 59008K->6528K(59008K), 0.0449999 secs] 8250442K->8231133K(25159296K), 0.0451424 secs] [Times: user=0.54 sys=0.01, real=0.04 secs] 
2014-04-09T14:38:09.811+0900: 370.268: [GC (Allocation Failure) 370.268: [ParNew: 59008K->6528K(59008K), 0.0409568 secs] 8118907K->8090120K(25159296K), 0.0411001 secs] [Times: user=0.46 sys=0.00, real=0.04 secs] 
2014-04-09T14:38:09.906+0900: 370.362: [GC (Allocation Failure) 370.362: [ParNew: 56968K->6528K(59008K), 0.0334939 secs] 7971300K->7931547K(25159296K), 0.0336402 secs] [Times: user=0.41 sys=0.00, real=0.04 secs] 
2014-04-09T14:38:09.990+0900: 370.446: [GC (Allocation Failure) 370.447: [ParNew: 58978K->2776K(59008K), 0.0373779 secs] 7626169K->7590367K(25159296K), 0.0375217 secs] [Times: user=0.47 sys=0.00, real=0.03 secs] 
2014-04-09T14:38:10.040+0900: 370.497: [CMS-concurrent-sweep: 2.100/4.134 secs] [Times: user=30.51 sys=0.47, real=4.14 secs] 
2014-04-09T14:38:10.041+0900: 370.497: [CMS-concurrent-reset-start]
2014-04-09T14:38:10.050+0900: 370.507: [GC (Allocation Failure) 370.507: [ParNew: 53776K->1822K(59008K), 0.0359727 secs] 7604859K->7573226K(25159296K), 0.0361235 secs] [Times: user=0.46 sys=0.00, real=0.03 secs] 
2014-04-09T14:38:10.106+0900: 370.563: [GC (Allocation Failure) 370.563: [ParNew: 48650K->6526K(59008K), 0.0348188 secs] 7620054K->7596476K(25159296K), 0.0349654 secs] [Times: user=0.43 sys=0.01, real=0.04 secs] 
2014-04-09T14:38:10.181+0900: 370.637: [GC (Allocation Failure) 370.638: [ParNew: 59006K->6528K(59008K), 0.0486814 secs] 7648956K->7631446K(25159296K), 0.0488268 secs] [Times: user=0.59 sys=0.00, real=0.05 secs] 
2014-04-09T14:38:10.231+0900: 370.688: [CMS-concurrent-reset: 0.068/0.190 secs] [Times: user=1.70 sys=0.03, real=0.19 secs] 
2014-04-09T14:38:10.295+0900: 370.752: [GC (Allocation Failure) 370.752: [ParNew: 59008K->6528K(59008K), 0.0481126 secs] 7683926K->7653405K(25159296K), 0.0482242 secs] [Times: user=0.52 sys=0.01, real=0.05 secs] 
2014-04-09T14:38:10.344+0900: 370.801: [GC (CMS Initial Mark) [1 CMS-initial-mark: 7646877K(25100288K)] 7653879K(25159296K), 0.0015155 secs] [Times: user=0.00 sys=0.00, real=0.00 secs] 
2014-04-09T14:38:10.346+0900: 370.802: [CMS-concurrent-mark-start]
2014-04-09T14:38:10.407+0900: 370.863: [GC (Allocation Failure) 370.864: [ParNew: 59008K->6528K(59008K), 0.0414111 secs] 7705885K->7668104K(25159296K), 0.0415594 secs] [Times: user=0.52 sys=0.00, real=0.04 secs] 
2014-04-09T14:38:10.495+0900: 370.952: [GC (Allocation Failure) 370.952: [ParNew: 58985K->6518K(59008K), 0.0337030 secs] 7720561K->7687415K(25159296K), 0.0338497 secs] [Times: user=0.42 sys=0.01, real=0.04 secs] 
2014-04-09T14:38:10.560+0900: 371.017: [GC (Allocation Failure) 371.017: [ParNew: 58998K->4381K(59008K), 0.0430877 secs] 7739895K->7717959K(25159296K), 0.0432416 secs] [Times: user=0.54 sys=0.00, real=0.04 secs] 
2014-04-09T14:38:10.639+0900: 371.096: [GC (Allocation Failure) 371.096: [ParNew: 56861K->6528K(59008K), 0.0402474 secs] 7770439K->7743449K(25159296K), 0.0403928 secs] [Times: user=0.51 sys=0.00, real=0.04 secs] 
2014-04-09T14:38:10.782+0900: 371.238: [GC (Allocation Failure) 371.239: [ParNew: 57093K->6528K(59008K), 0.0403638 secs] 7794015K->7758918K(25159296K), 0.0405350 secs] [Times: user=0.48 sys=0.00, real=0.04 secs] 
2014-04-09T14:38:10.902+0900: 371.359: [GC (Allocation Failure) 371.359: [ParNew: 58980K->6528K(59008K), 0.0376104 secs] 7811371K->7774624K(25159296K), 0.0377953 secs] [Times: user=0.46 sys=0.00, real=0.04 secs] 
2014-04-09T14:38:11.546+0900: 372.003: [GC (Allocation Failure) 372.003: [ParNew: 59008K->6528K(59008K), 0.0365326 secs] 7827104K->7800952K(25159296K), 0.0366992 secs] [Times: user=0.46 sys=0.00, real=0.04 secs] 
2014-04-09T14:38:11.697+0900: 372.154: [GC (Allocation Failure) 372.154: [ParNew: 57630K->6528K(59008K), 0.0436572 secs] 7852054K->7814898K(25159296K), 0.0438123 secs] [Times: user=0.53 sys=0.00, real=0.05 secs] 
2014-04-09T14:38:11.756+0900: 372.212: [CMS-concurrent-mark: 1.083/1.410 secs] [Times: user=8.99 sys=0.10, real=1.41 secs] 
2014-04-09T14:38:11.756+0900: 372.212: [CMS-concurrent-preclean-start]
2014-04-09T14:38:11.778+0900: 372.235: [GC (Allocation Failure) 372.235: [ParNew: 52396K->4999K(59008K), 0.0467511 secs] 7860766K->7846013K(25159296K), 0.0468960 secs] [Times: user=0.52 sys=0.01, real=0.05 secs] 
2014-04-09T14:38:11.846+0900: 372.303: [GC (Allocation Failure) 372.303: [ParNew: 54829K->6528K(59008K), 0.0403722 secs] 7895843K->7869943K(25159296K), 0.0405175 secs] [Times: user=0.50 sys=0.00, real=0.04 secs] 
2014-04-09T14:38:11.926+0900: 372.383: [GC (Allocation Failure) 372.383: [ParNew: 59008K->6528K(59008K), 0.0451607 secs] 7922423K->7904563K(25159296K), 0.0453061 secs] [Times: user=0.54 sys=0.01, real=0.05 secs] 
2014-04-09T14:38:12.012+0900: 372.469: [GC (Allocation Failure) 372.469: [ParNew: 59008K->6528K(59008K), 0.0414726 secs] 7957043K->7926791K(25159296K), 0.0416188 secs] [Times: user=0.49 sys=0.00, real=0.04 secs] 
2014-04-09T14:38:12.120+0900: 372.577: [CMS-concurrent-preclean: 0.173/0.364 secs] [Times: user=2.63 sys=0.04, real=0.37 secs] 
2014-04-09T14:38:12.120+0900: 372.577: [CMS-concurrent-abortable-preclean-start]
2014-04-09T14:38:12.131+0900: 372.588: [GC (Allocation Failure) 372.588: [ParNew: 56039K->6528K(59008K), 0.0347839 secs] 7976303K->7935711K(25159296K), 0.0349281 secs] [Times: user=0.43 sys=0.00, real=0.03 secs] 
2014-04-09T14:38:12.234+0900: 372.690: [GC (Allocation Failure) 372.690: [ParNew: 59008K->6526K(59008K), 0.0405023 secs] 7988191K->7959075K(25159296K), 0.0406753 secs] [Times: user=0.48 sys=0.01, real=0.04 secs] 
2014-04-09T14:38:12.350+0900: 372.806: [CMS-concurrent-abortable-preclean: 0.148/0.230 secs] [Times: user=1.25 sys=0.03, real=0.23 secs] 
2014-04-09T14:38:12.350+0900: 372.807: [GC (Allocation Failure) 372.807: [ParNew: 50071K->6528K(59008K), 0.0393628 secs] 8002620K->7978520K(25159296K), 0.0395160 secs] [Times: user=0.49 sys=0.01, real=0.04 secs] 
2014-04-09T14:38:12.393+0900: 372.849: [GC (CMS Final Remark) [YG occupancy: 16689 K (59008 K)]372.849: [Rescan (parallel) , 0.0178683 secs]372.867: [weak refs processing, 0.0000590 secs]372.867: [class unloading, 0.0475437 secs]372.915: [scrub symbol table, 0.0048578 secs]372.920: [scrub string table, 0.0014009 secs][1 CMS-remark: 7971992K(25100288K)] 7988682K(25159296K), 0.0791951 secs] [Times: user=0.28 sys=0.00, real=0.08 secs] 
2014-04-09T14:38:12.472+0900: 372.929: [CMS-concurrent-sweep-start]
2014-04-09T14:38:12.548+0900: 373.005: [GC (Allocation Failure) 373.005: [ParNew: 59008K->6528K(59008K), 0.0462770 secs] 8027853K->8009285K(25159296K), 0.0464619 secs] [Times: user=0.56 sys=0.00, real=0.05 secs] 
2014-04-09T14:38:12.724+0900: 373.181: [GC (Allocation Failure) 373.181: [ParNew: 53507K->6528K(59008K), 0.0430652 secs] 8052817K->8021291K(25159296K), 0.0432372 secs] [Times: user=0.53 sys=0.01, real=0.04 secs] 
2014-04-09T14:38:12.811+0900: 373.268: [GC (Allocation Failure) 373.268: [ParNew: 58351K->6528K(59008K), 0.0391939 secs] 8072046K->8042061K(25159296K), 0.0393791 secs] [Times: user=0.47 sys=0.00, real=0.04 secs] 
2014-04-09T14:38:12.929+0900: 373.386: [GC (Allocation Failure) 373.386: [ParNew: 59008K->6528K(59008K), 0.0555637 secs] 8092776K->8070583K(25159296K), 0.0557408 secs] [Times: user=0.67 sys=0.01, real=0.06 secs] 
2014-04-09T14:38:13.115+0900: 373.572: [GC (Allocation Failure) 373.572: [ParNew: 53753K->6528K(59008K), 0.0448276 secs] 8112498K->8082697K(25159296K), 0.0450192 secs] [Times: user=0.55 sys=0.00, real=0.05 secs] 
2014-04-09T14:38:13.205+0900: 373.662: [GC (Allocation Failure) 373.662: [ParNew: 58227K->6528K(59008K), 0.0360243 secs] 8130992K->8096987K(25159296K), 0.0361973 secs] [Times: user=0.45 sys=0.00, real=0.04 secs] 
2014-04-09T14:38:13.317+0900: 373.774: [GC (Allocation Failure) 373.774: [ParNew: 59008K->6528K(59008K), 0.0573544 secs] 8145046K->8127093K(25159296K), 0.0575286 secs] [Times: user=0.69 sys=0.01, real=0.06 secs] 
2014-04-09T14:38:13.467+0900: 373.924: [GC (Allocation Failure) 373.924: [ParNew: 59008K->6528K(59008K), 0.0426749 secs] 8174307K->8137051K(25159296K), 0.0428516 secs] [Times: user=0.52 sys=0.00, real=0.05 secs] 
2014-04-09T14:38:13.548+0900: 374.004: [GC (Allocation Failure) 374.004: [ParNew: 51792K->6528K(59008K), 0.0469553 secs] 8181004K->8170329K(25159296K), 0.0471272 secs] [Times: user=0.57 sys=0.00, real=0.05 secs] 
2014-04-09T14:38:13.630+0900: 374.086: [GC (Allocation Failure) 374.086: [ParNew: 59008K->6528K(59008K), 0.0464584 secs] 8221842K->8200473K(25159296K), 0.0466326 secs] [Times: user=0.58 sys=0.01, real=0.04 secs] 
2014-04-09T14:38:13.704+0900: 374.161: [GC (Allocation Failure) 374.161: [ParNew: 59008K->6528K(59008K), 0.0468240 secs] 8252784K->8231034K(25159296K), 0.0469986 secs] [Times: user=0.57 sys=0.00, real=0.05 secs] 
2014-04-09T14:38:13.809+0900: 374.266: [GC (Allocation Failure) 374.266: [ParNew: 59008K->6528K(59008K), 0.0493104 secs] 8282885K->8244873K(25159296K), 0.0494823 secs] [Times: user=0.60 sys=0.00, real=0.05 secs] 
2014-04-09T14:38:13.928+0900: 374.385: [GC (Allocation Failure) 374.385: [ParNew: 49378K->6528K(59008K), 0.0464287 secs] 8286326K->8258600K(25159296K), 0.0465980 secs] [Times: user=0.50 sys=0.01, real=0.05 secs] 
2014-04-09T14:38:14.031+0900: 374.488: [GC (Allocation Failure) 374.488: [ParNew: 59007K->6528K(59008K), 0.1435471 secs] 8308204K->8289178K(25159296K), 0.1437256 secs] [Times: user=1.83 sys=0.00, real=0.14 secs] 
2014-04-09T14:38:14.228+0900: 374.684: [GC (Allocation Failure) 374.684: [ParNew: 59008K->6528K(59008K), 0.0566457 secs] 8340268K->8312075K(25159296K), 0.0568189 secs] [Times: user=0.65 sys=0.01, real=0.06 secs] 
2014-04-09T14:38:14.389+0900: 374.846: [GC (Allocation Failure) 374.846: [ParNew: 59008K->6528K(59008K), 0.0639813 secs] 8353181K->8318555K(25159296K), 0.0641560 secs] [Times: user=0.62 sys=0.00, real=0.07 secs] 
2014-04-09T14:38:14.542+0900: 374.999: [GC (Allocation Failure) 374.999: [ParNew: 52353K->6082K(59008K), 0.0470377 secs] 8352875K->8327455K(25159296K), 0.0472133 secs] [Times: user=0.51 sys=0.00, real=0.04 secs] 
2014-04-09T14:38:14.627+0900: 375.084: [GC (Allocation Failure) 375.084: [ParNew: 55674K->6528K(59008K), 0.0384169 secs] 8372287K->8347407K(25159296K), 0.0385899 secs] [Times: user=0.48 sys=0.00, real=0.04 secs] 
2014-04-09T14:38:14.699+0900: 375.156: [GC (Allocation Failure) 375.156: [ParNew: 59008K->6528K(59008K), 0.0495964 secs] 8395434K->8375253K(25159296K), 0.0497693 secs] [Times: user=0.59 sys=0.01, real=0.05 secs] 
2014-04-09T14:38:14.773+0900: 375.230: [GC (Allocation Failure) 375.230: [ParNew: 57926K->6528K(59008K), 0.0434956 secs] 8423290K->8389211K(25159296K), 0.0436685 secs] [Times: user=0.53 sys=0.00, real=0.04 secs] 
2014-04-09T14:38:14.863+0900: 375.320: [GC (Allocation Failure) 375.320: [ParNew: 59008K->6528K(59008K), 0.0526931 secs] 8435717K->8412329K(25159296K), 0.0528742 secs] [Times: user=0.63 sys=0.01, real=0.05 secs] 
2014-04-09T14:38:14.985+0900: 375.441: [GC (Allocation Failure) 375.441: [ParNew: 59008K->6528K(59008K), 0.0469918 secs] 8455002K->8418187K(25159296K), 0.0471602 secs] [Times: user=0.58 sys=0.00, real=0.05 secs] 
2014-04-09T14:38:15.099+0900: 375.556: [GC (Allocation Failure) 375.556: [ParNew: 52853K->6528K(59008K), 0.0437779 secs] 8455004K->8422762K(25159296K), 0.0439632 secs] [Times: user=0.52 sys=0.01, real=0.05 secs] 
2014-04-09T14:38:15.166+0900: 375.623: [CMS-concurrent-sweep: 1.474/2.693 secs] [Times: user=18.06 sys=0.25, real=2.69 secs] 
2014-04-09T14:38:15.166+0900: 375.623: [CMS-concurrent-reset-start]
2014-04-09T14:38:15.176+0900: 375.633: [GC (Allocation Failure) 375.633: [ParNew: 53510K->6528K(59008K), 0.0402210 secs] 7434485K->7409495K(25159296K), 0.0404063 secs] [Times: user=0.50 sys=0.00, real=0.04 secs] 
2014-04-09T14:38:15.266+0900: 375.722: [GC (Allocation Failure) 375.722: [ParNew: 59005K->6528K(59008K), 0.0445996 secs] 7461972K->7440369K(25159296K), 0.0447729 secs] [Times: user=0.55 sys=0.01, real=0.05 secs] 
2014-04-09T14:38:15.329+0900: 375.785: [CMS-concurrent-reset: 0.075/0.163 secs] [Times: user=1.23 sys=0.05, real=0.16 secs] 
2014-04-09T14:38:15.385+0900: 375.842: [GC (Allocation Failure) 375.842: [ParNew: 59008K->6526K(59008K), 0.0520243 secs] 7492849K->7470291K(25159296K), 0.0521868 secs] [Times: user=0.63 sys=0.01, real=0.05 secs] 
2014-04-09T14:38:15.566+0900: 376.023: [GC (Allocation Failure) 376.023: [ParNew: 54231K->6528K(59008K), 0.0450721 secs] 7517996K->7486302K(25159296K), 0.0452377 secs] [Times: user=0.55 sys=0.00, real=0.05 secs] 
2014-04-09T14:38:15.655+0900: 376.111: [GC (Allocation Failure) 376.111: [ParNew: 58182K->6528K(59008K), 0.0456153 secs] 7537957K->7507326K(25159296K), 0.0457920 secs] [Times: user=0.55 sys=0.00, real=0.05 secs] 
2014-04-09T14:38:15.782+0900: 376.238: [GC (Allocation Failure) 376.238: [ParNew: 59006K->6528K(59008K), 0.0515305 secs] 7559805K->7537472K(25159296K), 0.0517111 secs] [Times: user=0.61 sys=0.01, real=0.05 secs] 
2014-04-09T14:38:15.834+0900: 376.291: [GC (CMS Initial Mark) [1 CMS-initial-mark: 7530944K(25100288K)] 7537496K(25159296K), 0.0014837 secs] [Times: user=0.01 sys=0.00, real=0.00 secs] 
2014-04-09T14:38:15.836+0900: 376.293: [CMS-concurrent-mark-start]
2014-04-09T14:38:15.969+0900: 376.426: [GC (Allocation Failure) 376.426: [ParNew: 53482K->6528K(59008K), 0.0407617 secs] 7584426K->7556038K(25159296K), 0.0409362 secs] [Times: user=0.50 sys=0.01, real=0.05 secs] 
2014-04-09T14:38:16.055+0900: 376.512: [GC (Allocation Failure) 376.512: [ParNew: 58322K->6528K(59008K), 0.0382313 secs] 7607832K->7572704K(25159296K), 0.0384019 secs] [Times: user=0.48 sys=0.01, real=0.04 secs] 
2014-04-09T14:38:16.173+0900: 376.629: [GC (Allocation Failure) 376.629: [ParNew: 59008K->6528K(59008K), 0.0487121 secs] 7625184K->7605061K(25159296K), 0.0488816 secs] [Times: user=0.58 sys=0.00, real=0.05 secs] 
2014-04-09T14:38:16.309+0900: 376.766: [GC (Allocation Failure) 376.766: [ParNew: 56923K->6528K(59008K), 0.0436170 secs] 7655457K->7627545K(25159296K), 0.0438007 secs] [Times: user=0.54 sys=0.00, real=0.05 secs] 
2014-04-09T14:38:16.408+0900: 376.864: [GC (Allocation Failure) 376.864: [ParNew: 59006K->6528K(59008K), 0.0514916 secs] 7680023K->7657908K(25159296K), 0.0516580 secs] [Times: user=0.62 sys=0.01, real=0.05 secs] 
2014-04-09T14:38:16.491+0900: 376.947: [GC (Allocation Failure) 376.947: [ParNew: 59008K->6528K(59008K), 0.0470651 secs] 7710388K->7686367K(25159296K), 0.0472343 secs] [Times: user=0.58 sys=0.01, real=0.04 secs] 
2014-04-09T14:38:16.584+0900: 377.040: [GC (Allocation Failure) 377.040: [ParNew: 59008K->6528K(59008K), 0.0465408 secs] 7738847K->7713183K(25159296K), 0.0466865 secs] [Times: user=0.58 sys=0.00, real=0.05 secs] 
2014-04-09T14:38:16.706+0900: 377.163: [GC (Allocation Failure) 377.163: [ParNew: 50178K->6528K(59008K), 0.0458166 secs] 7756834K->7730258K(25159296K), 0.0459937 secs] [Times: user=0.55 sys=0.01, real=0.05 secs] 
2014-04-09T14:38:16.793+0900: 377.250: [GC (Allocation Failure) 377.250: [ParNew: 59008K->6528K(59008K), 0.0435992 secs] 7782738K->7754980K(25159296K), 0.0437676 secs] [Times: user=0.53 sys=0.00, real=0.04 secs] 
2014-04-09T14:38:16.870+0900: 377.327: [GC (Allocation Failure) 377.327: [ParNew: 59008K->6528K(59008K), 0.0430902 secs] 7807460K->7777096K(25159296K), 0.0432622 secs] [Times: user=0.54 sys=0.00, real=0.04 secs] 
2014-04-09T14:38:16.974+0900: 377.431: [GC (Allocation Failure) 377.431: [ParNew: 59008K->6528K(59008K), 0.0530923 secs] 7829576K->7798335K(25159296K), 0.0532765 secs] [Times: user=0.63 sys=0.01, real=0.05 secs] 
2014-04-09T14:38:17.103+0900: 377.560: [GC (Allocation Failure) 377.560: [ParNew: 59008K->6528K(59008K), 0.0413601 secs] 7850815K->7816532K(25159296K), 0.0415462 secs] [Times: user=0.52 sys=0.00, real=0.04 secs] 
2014-04-09T14:38:17.171+0900: 377.628: [GC (Allocation Failure) 377.628: [ParNew: 49565K->4666K(59008K), 0.0467433 secs] 7859570K->7828535K(25159296K), 0.0469139 secs] [Times: user=0.57 sys=0.01, real=0.04 secs] 
2014-04-09T14:38:17.271+0900: 377.728: [GC (Allocation Failure) 377.728: [ParNew: 50220K->6528K(59008K), 0.0394359 secs] 7874089K->7854072K(25159296K), 0.0396038 secs] [Times: user=0.48 sys=0.00, real=0.04 secs] 
2014-04-09T14:38:17.347+0900: 377.804: [GC (Allocation Failure) 377.804: [ParNew: 59008K->6528K(59008K), 0.0447455 secs] 7906552K->7890189K(25159296K), 0.0449123 secs] [Times: user=0.54 sys=0.00, real=0.05 secs] 
2014-04-09T14:38:17.421+0900: 377.878: [GC (Allocation Failure) 377.878: [ParNew: 59008K->6528K(59008K), 0.0425048 secs] 7942669K->7914578K(25159296K), 0.0426740 secs] [Times: user=0.53 sys=0.00, real=0.04 secs] 
2014-04-09T14:38:17.520+0900: 377.977: [GC (Allocation Failure) 377.977: [ParNew: 59008K->6528K(59008K), 0.0507145 secs] 7967058K->7933485K(25159296K), 0.0508849 secs] [Times: user=0.63 sys=0.01, real=0.05 secs] 
2014-04-09T14:38:17.649+0900: 378.106: [GC (Allocation Failure) 378.106: [ParNew: 58992K->6528K(59008K), 0.0429469 secs] 7985949K->7954294K(25159296K), 0.0431172 secs] [Times: user=0.51 sys=0.01, real=0.04 secs] 
2014-04-09T14:38:17.718+0900: 378.175: [GC (Allocation Failure) 378.175: [ParNew: 59008K->4201K(59008K), 0.0459916 secs] 8006774K->7976247K(25159296K), 0.0461631 secs] [Times: user=0.57 sys=0.01, real=0.05 secs] 
2014-04-09T14:38:17.831+0900: 378.288: [GC (Allocation Failure) 378.288: [ParNew: 54359K->6528K(59008K), 0.0413502 secs] 8026405K->7996992K(25159296K), 0.0415301 secs] [Times: user=0.50 sys=0.00, real=0.04 secs] 
2014-04-09T14:38:17.907+0900: 378.364: [GC (Allocation Failure) 378.364: [ParNew: 59008K->6528K(59008K), 0.0398997 secs] 8049472K->8020819K(25159296K), 0.0400859 secs] [Times: user=0.49 sys=0.00, real=0.04 secs] 
2014-04-09T14:38:18.068+0900: 378.524: [GC (Allocation Failure) 378.524: [ParNew: 50909K->5661K(59008K), 0.0420098 secs] 8065201K->8030192K(25159296K), 0.0421522 secs] [Times: user=0.53 sys=0.00, real=0.05 secs] 
2014-04-09T14:38:18.140+0900: 378.597: [GC (Allocation Failure) 378.597: [ParNew: 57409K->1908K(59008K), 0.0380836 secs] 8081941K->8049861K(25159296K), 0.0382670 secs] [Times: user=0.48 sys=0.01, real=0.03 secs] 
2014-04-09T14:38:18.270+0900: 378.727: [GC (Allocation Failure) 378.727: [ParNew: 54388K->6528K(59008K), 0.0379246 secs] 8102341K->8070315K(25159296K), 0.0380945 secs] [Times: user=0.43 sys=0.00, real=0.04 secs] 
2014-04-09T14:38:18.316+0900: 378.773: [CMS-concurrent-mark: 1.394/2.480 secs] [Times: user=20.71 sys=0.33, real=2.48 secs] 
2014-04-09T14:38:18.316+0900: 378.773: [CMS-concurrent-preclean-start]
2014-04-09T14:38:18.433+0900: 378.890: [GC (Allocation Failure) 378.890: [ParNew: 53632K->4576K(59008K), 0.0418129 secs] 8117419K->8084841K(25159296K), 0.0419935 secs] [Times: user=0.51 sys=0.01, real=0.04 secs] 
2014-04-09T14:38:18.506+0900: 378.963: [GC (Allocation Failure) 378.963: [ParNew: 56294K->1812K(59008K), 0.0382678 secs] 8136559K->8102399K(25159296K), 0.0384402 secs] [Times: user=0.48 sys=0.00, real=0.04 secs] 
2014-04-09T14:38:18.644+0900: 379.101: [GC (Allocation Failure) 379.101: [ParNew: 54292K->6528K(59008K), 0.0545820 secs] 8154879K->8122675K(25159296K), 0.0547545 secs] [Times: user=0.45 sys=0.02, real=0.05 secs] 
2014-04-09T14:38:18.826+0900: 379.282: [GC (Allocation Failure) 379.282: [ParNew: 53444K->5005K(59008K), 0.0448583 secs] 8169591K->8137703K(25159296K), 0.0450324 secs] [Times: user=0.54 sys=0.00, real=0.05 secs] 
2014-04-09T14:38:18.900+0900: 379.357: [GC (Allocation Failure) 379.357: [ParNew: 56691K->1917K(59008K), 0.0417855 secs] 8189389K->8154937K(25159296K), 0.0419532 secs] [Times: user=0.52 sys=0.00, real=0.05 secs] 
2014-04-09T14:38:19.038+0900: 379.495: [GC (Allocation Failure) 379.495: [ParNew: 54395K->6528K(59008K), 0.0699051 secs] 8207415K->8185441K(25159296K), 0.0700909 secs] [Times: user=0.69 sys=0.01, real=0.07 secs] 
2014-04-09T14:38:19.238+0900: 379.694: [GC (Allocation Failure) 379.694: [ParNew: 53762K->4874K(59008K), 0.0428271 secs] 8232675K->8200195K(25159296K), 0.0429920 secs] [Times: user=0.52 sys=0.00, real=0.05 secs] 
2014-04-09T14:38:19.358+0900: 379.815: [CMS-concurrent-preclean: 0.622/1.042 secs] [Times: user=5.11 sys=0.11, real=1.04 secs] 
2014-04-09T14:38:19.358+0900: 379.815: [GC (Allocation Failure) 379.815: [ParNew: 56347K->1777K(59008K), 0.0385207 secs] 8251669K->8217420K(25159296K), 0.0386640 secs] [Times: user=0.48 sys=0.01, real=0.04 secs] 
2014-04-09T14:38:19.397+0900: 379.854: [CMS-concurrent-abortable-preclean-start]
2014-04-09T14:38:19.484+0900: 379.940: [GC (Allocation Failure) 379.940: [ParNew: 54257K->6528K(59008K), 0.0691818 secs] 8269900K->8248098K(25159296K), 0.0693474 secs] [Times: user=0.69 sys=0.02, real=0.07 secs] 
2014-04-09T14:38:19.627+0900: 380.083: [CMS-concurrent-abortable-preclean: 0.156/0.229 secs] [Times: user=0.99 sys=0.02, real=0.23 secs] 
2014-04-09T14:38:19.627+0900: 380.084: [GC (Allocation Failure) 380.084: [ParNew: 59008K->6417K(59008K), 0.0450134 secs] 8300578K->8274635K(25159296K), 0.0451635 secs] [Times: user=0.55 sys=0.01, real=0.05 secs] 
2014-04-09T14:38:19.673+0900: 380.130: [GC (CMS Final Remark) [YG occupancy: 6465 K (59008 K)]380.130: [Rescan (parallel) , 0.0204523 secs]380.150: [weak refs processing, 0.0000563 secs]380.151: [class unloading, 0.0430282 secs]380.194: [scrub symbol table, 0.0040907 secs]380.198: [scrub string table, 0.0011544 secs][1 CMS-remark: 8268218K(25100288K)] 8274683K(25159296K), 0.0758023 secs] [Times: user=0.30 sys=0.00, real=0.07 secs] 
2014-04-09T14:38:19.750+0900: 380.207: [CMS-concurrent-sweep-start]
2014-04-09T14:38:19.807+0900: 380.264: [GC (Allocation Failure) 380.264: [ParNew: 58897K->6528K(59008K), 0.0633005 secs] 8324915K->8291480K(25159296K), 0.0634706 secs] [Times: user=0.65 sys=0.01, real=0.07 secs] 
2014-04-09T14:38:19.941+0900: 380.398: [GC (Allocation Failure) 380.398: [ParNew: 58996K->6528K(59008K), 0.0455822 secs] 8339762K->8308530K(25159296K), 0.0457484 secs] [Times: user=0.52 sys=0.01, real=0.04 secs] 
2014-04-09T14:38:20.013+0900: 380.470: [GC (Allocation Failure) 380.470: [ParNew: 59008K->2692K(59008K), 0.0394090 secs] 8359428K->8325532K(25159296K), 0.0395868 secs] [Times: user=0.49 sys=0.01, real=0.04 secs] 
2014-04-09T14:38:20.113+0900: 380.570: [GC (Allocation Failure) 380.570: [ParNew: 54244K->6528K(59008K), 0.0605011 secs] 8374455K->8344420K(25159296K), 0.0606654 secs] [Times: user=0.65 sys=0.01, real=0.06 secs] 
2014-04-09T14:38:20.208+0900: 380.665: [GC (Allocation Failure) 380.665: [ParNew: 59008K->6528K(59008K), 0.0456907 secs] 8395490K->8367319K(25159296K), 0.0458551 secs] [Times: user=0.56 sys=0.00, real=0.05 secs] 
2014-04-09T14:38:20.282+0900: 380.739: [GC (Allocation Failure) 380.739: [ParNew: 59008K->5626K(59008K), 0.0407269 secs] 8419220K->8386162K(25159296K), 0.0408955 secs] [Times: user=0.51 sys=0.01, real=0.04 secs] 
2014-04-09T14:38:20.389+0900: 380.846: [GC (Allocation Failure) 380.846: [ParNew: 57962K->6528K(59008K), 0.0635408 secs] 8435807K->8407388K(25159296K), 0.0637054 secs] [Times: user=0.66 sys=0.01, real=0.07 secs] 
2014-04-09T14:38:20.498+0900: 380.955: [GC (Allocation Failure) 380.955: [ParNew: 59008K->6528K(59008K), 0.0415552 secs] 8457694K->8428099K(25159296K), 0.0417210 secs] [Times: user=0.50 sys=0.00, real=0.04 secs] 
2014-04-09T14:38:20.570+0900: 381.027: [GC (Allocation Failure) 381.027: [ParNew: 59008K->5496K(59008K), 0.0430616 secs] 8477533K->8444343K(25159296K), 0.0432390 secs] [Times: user=0.53 sys=0.00, real=0.05 secs] 
2014-04-09T14:38:20.673+0900: 381.129: [GC (Allocation Failure) 381.129: [ParNew: 53357K->6528K(59008K), 0.0579409 secs] 8486855K->8461457K(25159296K), 0.0581025 secs] [Times: user=0.67 sys=0.02, real=0.06 secs] 
2014-04-09T14:38:20.763+0900: 381.219: [GC (Allocation Failure) 381.219: [ParNew: 59008K->6528K(59008K), 0.0412094 secs] 8511711K->8482315K(25159296K), 0.0413695 secs] [Times: user=0.51 sys=0.00, real=0.04 secs] 
2014-04-09T14:38:21.522+0900: 381.979: [CMS-concurrent-sweep: 1.219/1.773 secs] [Times: user=8.54 sys=0.17, real=1.78 secs] 
2014-04-09T14:38:21.523+0900: 381.979: [CMS-concurrent-reset-start]
2014-04-09T14:38:21.600+0900: 382.057: [CMS-concurrent-reset: 0.078/0.078 secs] [Times: user=0.07 sys=0.00, real=0.07 secs] 
2014-04-09T14:38:22.411+0900: 382.868: [GC (Allocation Failure) 382.868: [ParNew: 59008K->6127K(59008K), 0.0352616 secs] 7859889K->7827331K(25159296K), 0.0354436 secs] [Times: user=0.44 sys=0.00, real=0.03 secs] 
2014-04-09T14:38:22.448+0900: 382.904: [GC (CMS Initial Mark) [1 CMS-initial-mark: 7821203K(25100288K)] 7827460K(25159296K), 0.0016697 secs] [Times: user=0.01 sys=0.00, real=0.00 secs] 
2014-04-09T14:38:22.450+0900: 382.907: [CMS-concurrent-mark-start]
2014-04-09T14:38:22.508+0900: 382.964: [GC (Allocation Failure) 382.965: [ParNew: 48742K->6528K(59008K), 0.0591110 secs] 7869946K->7847021K(25159296K), 0.0592810 secs] [Times: user=0.65 sys=0.00, real=0.06 secs] 
2014-04-09T14:38:22.611+0900: 383.068: [GC (Allocation Failure) 383.068: [ParNew: 59008K->6528K(59008K), 0.0441428 secs] 7899501K->7881509K(25159296K), 0.0443230 secs] [Times: user=0.54 sys=0.01, real=0.04 secs] 
2014-04-09T14:38:22.690+0900: 383.147: [GC (Allocation Failure) 383.147: [ParNew: 59008K->6528K(59008K), 0.0432218 secs] 7933989K->7903538K(25159296K), 0.0433899 secs] [Times: user=0.55 sys=0.00, real=0.05 secs] 
2014-04-09T14:38:22.815+0900: 383.272: [GC (Allocation Failure) 383.272: [ParNew: 56211K->6528K(59008K), 0.0497630 secs] 7953221K->7925288K(25159296K), 0.0499335 secs] [Times: user=0.60 sys=0.01, real=0.05 secs] 
2014-04-09T14:38:22.907+0900: 383.364: [GC (Allocation Failure) 383.364: [ParNew: 58997K->6528K(59008K), 0.0384961 secs] 7977758K->7944425K(25159296K), 0.0386799 secs] [Times: user=0.46 sys=0.02, real=0.04 secs] 
2014-04-09T14:38:22.974+0900: 383.431: [GC (Allocation Failure) 383.431: [ParNew: 59008K->5880K(59008K), 0.0400282 secs] 7996905K->7967337K(25159296K), 0.0402094 secs] [Times: user=0.50 sys=0.00, real=0.04 secs] 
2014-04-09T14:38:23.073+0900: 383.529: [GC (Allocation Failure) 383.530: [ParNew: 58360K->6528K(59008K), 0.0585053 secs] 8019817K->7996612K(25159296K), 0.0586845 secs] [Times: user=0.67 sys=0.01, real=0.06 secs] 
2014-04-09T14:38:23.235+0900: 383.692: [GC (Allocation Failure) 383.692: [ParNew: 59008K->6528K(59008K), 0.0469876 secs] 8049092K->8017645K(25159296K), 0.0471629 secs] [Times: user=0.56 sys=0.00, real=0.05 secs] 
2014-04-09T14:38:23.388+0900: 383.845: [GC (Allocation Failure) 383.845: [ParNew: 59005K->6528K(59008K), 0.0351803 secs] 8070122K->8034010K(25159296K), 0.0353646 secs] [Times: user=0.43 sys=0.01, real=0.04 secs] 
2014-04-09T14:38:23.476+0900: 383.932: [GC (Allocation Failure) 383.932: [ParNew: 59008K->6528K(59008K), 0.0447971 secs] 8086490K->8057333K(25159296K), 0.0449685 secs] [Times: user=0.56 sys=0.01, real=0.05 secs] 
2014-04-09T14:38:23.637+0900: 384.094: [GC (Allocation Failure) 384.094: [ParNew: 57862K->6528K(59008K), 0.0511980 secs] 8108667K->8070921K(25159296K), 0.0513791 secs] [Times: user=0.59 sys=0.00, real=0.05 secs] 
2014-04-09T14:38:23.777+0900: 384.234: [GC (Allocation Failure) 384.234: [ParNew: 58980K->6528K(59008K), 0.0383781 secs] 8123374K->8089524K(25159296K), 0.0385560 secs] [Times: user=0.45 sys=0.02, real=0.04 secs] 
2014-04-09T14:38:23.846+0900: 384.302: [GC (Allocation Failure) 384.302: [ParNew: 59008K->6528K(59008K), 0.0404821 secs] 8142004K->8112004K(25159296K), 0.0406529 secs] [Times: user=0.51 sys=0.01, real=0.04 secs] 
2014-04-09T14:38:23.917+0900: 384.373: [GC (Allocation Failure) 384.373: [ParNew: 59008K->6528K(59008K), 0.0512201 secs] 8164484K->8141141K(25159296K), 0.0513894 secs] [Times: user=0.61 sys=0.02, real=0.05 secs] 
2014-04-09T14:38:24.015+0900: 384.472: [GC (Allocation Failure) 384.472: [ParNew: 51521K->6528K(59008K), 0.0690769 secs] 8186135K->8161829K(25159296K), 0.0692468 secs] [Times: user=0.63 sys=0.02, real=0.07 secs] 
2014-04-09T14:38:24.160+0900: 384.617: [GC (Allocation Failure) 384.617: [ParNew: 58953K->6528K(59008K), 0.1383740 secs] 8214254K->8189094K(25159296K), 0.1385632 secs] [Times: user=1.73 sys=0.00, real=0.14 secs] 
2014-04-09T14:38:24.394+0900: 384.851: [GC (Allocation Failure) 384.851: [ParNew: 58984K->6528K(59008K), 0.0537242 secs] 8241550K->8206198K(25159296K), 0.0538943 secs] [Times: user=0.62 sys=0.00, real=0.05 secs] 
2014-04-09T14:38:24.496+0900: 384.953: [GC (Allocation Failure) 384.953: [ParNew: 59008K->6528K(59008K), 0.0580549 secs] 8258678K->8232362K(25159296K), 0.0582247 secs] [Times: user=0.69 sys=0.00, real=0.06 secs] 
2014-04-09T14:38:24.663+0900: 385.120: [GC (Allocation Failure) 385.120: [ParNew: 59008K->6528K(59008K), 0.0569378 secs] 8284842K->8248190K(25159296K), 0.0571157 secs] [Times: user=0.64 sys=0.00, real=0.06 secs] 
2014-04-09T14:38:24.734+0900: 385.191: [CMS-concurrent-mark: 1.246/2.284 secs] [Times: user=19.02 sys=0.26, real=2.29 secs] 
2014-04-09T14:38:24.734+0900: 385.191: [CMS-concurrent-preclean-start]
2014-04-09T14:38:24.797+0900: 385.253: [GC (Allocation Failure) 385.253: [ParNew: 58280K->6528K(59008K), 0.0503115 secs] 8299942K->8264946K(25159296K), 0.0504795 secs] [Times: user=0.58 sys=0.01, real=0.05 secs] 
2014-04-09T14:38:24.874+0900: 385.331: [GC (Allocation Failure) 385.331: [ParNew: 59008K->6526K(59008K), 0.0428130 secs] 8317426K->8287769K(25159296K), 0.0429839 secs] [Times: user=0.54 sys=0.00, real=0.04 secs] 
2014-04-09T14:38:24.964+0900: 385.421: [GC (Allocation Failure) 385.421: [ParNew: 57737K->6528K(59008K), 0.0498764 secs] 8338980K->8321587K(25159296K), 0.0500438 secs] [Times: user=0.62 sys=0.00, real=0.05 secs] 
2014-04-09T14:38:25.044+0900: 385.501: [GC (Allocation Failure) 385.501: [ParNew: 58996K->6528K(59008K), 0.0524336 secs] 8374055K->8349977K(25159296K), 0.0526008 secs] [Times: user=0.61 sys=0.01, real=0.05 secs] 
2014-04-09T14:38:25.135+0900: 385.592: [GC (Allocation Failure) 385.592: [ParNew: 59007K->6528K(59008K), 0.0406369 secs] 8402457K->8376896K(25159296K), 0.0408093 secs] [Times: user=0.49 sys=0.01, real=0.04 secs] 
2014-04-09T14:38:25.241+0900: 385.698: [GC (Allocation Failure) 385.698: [ParNew: 57081K->6528K(59008K), 0.0486517 secs] 8427450K->8396631K(25159296K), 0.0488209 secs] [Times: user=0.55 sys=0.01, real=0.05 secs] 
2014-04-09T14:38:25.347+0900: 385.804: [GC (Allocation Failure) 385.804: [ParNew: 59008K->3022K(59008K), 0.0367613 secs] 8449111K->8404347K(25159296K), 0.0369307 secs] [Times: user=0.47 sys=0.00, real=0.04 secs] 
2014-04-09T14:38:25.410+0900: 385.866: [GC (Allocation Failure) 385.866: [ParNew: 54399K->3473K(59008K), 0.0334281 secs] 8455724K->8419055K(25159296K), 0.0335989 secs] [Times: user=0.42 sys=0.01, real=0.04 secs] 
2014-04-09T14:38:25.500+0900: 385.957: [GC (Allocation Failure) 385.957: [ParNew: 55953K->6528K(59008K), 0.0437642 secs] 8471535K->8451020K(25159296K), 0.0439323 secs] [Times: user=0.53 sys=0.00, real=0.05 secs] 
2014-04-09T14:38:25.572+0900: 386.028: [GC (Allocation Failure) 386.028: [ParNew: 59008K->6528K(59008K), 0.0432130 secs] 8503500K->8478211K(25159296K), 0.0433819 secs] [Times: user=0.52 sys=0.00, real=0.04 secs] 
2014-04-09T14:38:25.654+0900: 386.111: [GC (Allocation Failure) 386.111: [ParNew: 59008K->6528K(59008K), 0.0468853 secs] 8530691K->8509095K(25159296K), 0.0470546 secs] [Times: user=0.57 sys=0.01, real=0.04 secs] 
2014-04-09T14:38:25.763+0900: 386.220: [GC (Allocation Failure) 386.220: [ParNew: 59008K->6528K(59008K), 0.0459175 secs] 8561575K->8530439K(25159296K), 0.0460846 secs] [Times: user=0.54 sys=0.00, real=0.04 secs] 
2014-04-09T14:38:25.864+0900: 386.321: [GC (Allocation Failure) 386.321: [ParNew: 58989K->6528K(59008K), 0.0435588 secs] 8582901K->8546030K(25159296K), 0.0437296 secs] [Times: user=0.54 sys=0.00, real=0.04 secs] 
2014-04-09T14:38:25.933+0900: 386.390: [GC (Allocation Failure) 386.390: [ParNew: 55928K->4330K(59008K), 0.0425307 secs] 8595430K->8565757K(25159296K), 0.0426952 secs] [Times: user=0.52 sys=0.00, real=0.04 secs] 
2014-04-09T14:38:26.034+0900: 386.491: [GC (Allocation Failure) 386.491: [ParNew: 56810K->6528K(59008K), 0.0566992 secs] 8618237K->8587602K(25159296K), 0.0568613 secs] [Times: user=0.65 sys=0.01, real=0.05 secs] 
2014-04-09T14:38:26.128+0900: 386.585: [GC (Allocation Failure) 386.585: [ParNew: 59008K->6528K(59008K), 0.0398093 secs] 8640082K->8614744K(25159296K), 0.0399747 secs] [Times: user=0.48 sys=0.00, real=0.04 secs] 
2014-04-09T14:38:26.205+0900: 386.662: [GC (Allocation Failure) 386.662: [ParNew: 58798K->6528K(59008K), 0.0421287 secs] 8667014K->8637702K(25159296K), 0.0422915 secs] [Times: user=0.51 sys=0.01, real=0.04 secs] 
2014-04-09T14:38:26.307+0900: 386.763: [GC (Allocation Failure) 386.764: [ParNew: 53711K->6528K(59008K), 0.0583144 secs] 8684886K->8659935K(25159296K), 0.0584743 secs] [Times: user=0.61 sys=0.02, real=0.06 secs] 
2014-04-09T14:38:26.404+0900: 386.860: [GC (Allocation Failure) 386.860: [ParNew: 59008K->6528K(59008K), 0.0399726 secs] 8712415K->8689301K(25159296K), 0.0401297 secs] [Times: user=0.50 sys=0.01, real=0.04 secs] 
2014-04-09T14:38:26.573+0900: 387.030: [GC (Allocation Failure) 387.030: [ParNew: 58997K->6513K(59008K), 0.0401713 secs] 8741771K->8700386K(25159296K), 0.0403354 secs] [Times: user=0.50 sys=0.01, real=0.04 secs] 
2014-04-09T14:38:26.662+0900: 387.119: [GC (Allocation Failure) 387.119: [ParNew: 58993K->6528K(59008K), 0.0396692 secs] 8752866K->8723363K(25159296K), 0.0398300 secs] [Times: user=0.49 sys=0.00, real=0.04 secs] 
2014-04-09T14:38:26.805+0900: 387.262: [GC (Allocation Failure) 387.262: [ParNew: 59008K->6528K(59008K), 0.0534208 secs] 8775843K->8739088K(25159296K), 0.0535770 secs] [Times: user=0.62 sys=0.01, real=0.05 secs] 
2014-04-09T14:38:27.004+0900: 387.461: [CMS-concurrent-preclean: 1.134/2.270 secs] [Times: user=15.25 sys=0.30, real=2.27 secs] 
2014-04-09T14:38:27.004+0900: 387.461: [GC (Allocation Failure) 387.461: [ParNew: 59008K->6528K(59008K), 0.0398871 secs] 8791568K->8758512K(25159296K), 0.0400196 secs] [Times: user=0.47 sys=0.01, real=0.04 secs] 
2014-04-09T14:38:27.045+0900: 387.502: [GC (CMS Final Remark) [YG occupancy: 6717 K (59008 K)]387.502: [Rescan (parallel) , 0.0150065 secs]387.517: [weak refs processing, 0.0000522 secs]387.517: [class unloading, 0.0385449 secs]387.556: [scrub symbol table, 0.0037493 secs]387.559: [scrub string table, 0.0010597 secs][1 CMS-remark: 8751984K(25100288K)] 8758701K(25159296K), 0.0646384 secs] [Times: user=0.24 sys=0.00, real=0.06 secs] 
2014-04-09T14:38:27.110+0900: 387.567: [CMS-concurrent-sweep-start]
2014-04-09T14:38:27.164+0900: 387.621: [GC (Allocation Failure) 387.621: [ParNew: 59008K->6528K(59008K), 0.0364652 secs] 8809532K->8779483K(25159296K), 0.0366233 secs] [Times: user=0.46 sys=0.00, real=0.03 secs] 
2014-04-09T14:38:27.319+0900: 387.776: [GC (Allocation Failure) 387.776: [ParNew: 58282K->6528K(59008K), 0.0518092 secs] 8827594K->8789831K(25159296K), 0.0519674 secs] [Times: user=0.58 sys=0.01, real=0.05 secs] 
2014-04-09T14:38:27.466+0900: 387.923: [GC (Allocation Failure) 387.923: [ParNew: 59003K->6528K(59008K), 0.0422666 secs] 8839792K->8806154K(25159296K), 0.0424293 secs] [Times: user=0.52 sys=0.01, real=0.04 secs] 
2014-04-09T14:38:27.521+0900: 387.977: [GC (Allocation Failure) 387.978: [ParNew: 49197K->6528K(59008K), 0.0354701 secs] 8848516K->8824483K(25159296K), 0.0356285 secs] [Times: user=0.45 sys=0.00, real=0.04 secs] 
2014-04-09T14:38:27.589+0900: 388.046: [GC (Allocation Failure) 388.046: [ParNew: 59007K->6528K(59008K), 0.0450348 secs] 8875692K->8858615K(25159296K), 0.0451936 secs] [Times: user=0.56 sys=0.00, real=0.05 secs] 
2014-04-09T14:38:27.680+0900: 388.137: [GC (Allocation Failure) 388.137: [ParNew: 59008K->6528K(59008K), 0.0700879 secs] 8907830K->8881468K(25159296K), 0.0702550 secs] [Times: user=0.63 sys=0.02, real=0.07 secs] 
2014-04-09T14:38:27.811+0900: 388.267: [GC (Allocation Failure) 388.268: [ParNew: 59008K->6528K(59008K), 0.0423977 secs] 8931077K->8887871K(25159296K), 0.0425639 secs] [Times: user=0.51 sys=0.01, real=0.05 secs] 
2014-04-09T14:38:27.920+0900: 388.377: [GC (Allocation Failure) 388.377: [ParNew: 50391K->2501K(59008K), 0.0421851 secs] 8931006K->8905697K(25159296K), 0.0423615 secs] [Times: user=0.51 sys=0.00, real=0.05 secs] 
2014-04-09T14:38:27.992+0900: 388.449: [GC (Allocation Failure) 388.449: [ParNew: 54963K->6528K(59008K), 0.0428478 secs] 8957739K->8931330K(25159296K), 0.0430232 secs] [Times: user=0.54 sys=0.00, real=0.04 secs] 
2014-04-09T14:38:28.051+0900: 388.508: [GC (Allocation Failure) 388.508: [ParNew: 54901K->6528K(59008K), 0.0349222 secs] 8979542K->8944869K(25159296K), 0.0351092 secs] [Times: user=0.43 sys=0.01, real=0.04 secs] 
2014-04-09T14:38:28.117+0900: 388.574: [GC (Allocation Failure) 388.574: [ParNew: 59008K->6526K(59008K), 0.0427688 secs] 8997098K->8978553K(25159296K), 0.0429336 secs] [Times: user=0.54 sys=0.00, real=0.04 secs] 
2014-04-09T14:38:28.215+0900: 388.672: [GC (Allocation Failure) 388.672: [ParNew: 59006K->6528K(59008K), 0.0752229 secs] 9030508K->9004377K(25159296K), 0.0753840 secs] [Times: user=0.63 sys=0.03, real=0.07 secs] 
2014-04-09T14:38:28.349+0900: 388.806: [GC (Allocation Failure) 388.806: [ParNew: 58140K->6528K(59008K), 0.0452975 secs] 9055379K->9014414K(25159296K), 0.0454615 secs] [Times: user=0.49 sys=0.01, real=0.05 secs] 
2014-04-09T14:38:28.469+0900: 388.926: [GC (Allocation Failure) 388.926: [ParNew: 54137K->2107K(59008K), 0.0430451 secs] 9061105K->9031002K(25159296K), 0.0432058 secs] [Times: user=0.52 sys=0.01, real=0.05 secs] 
2014-04-09T14:38:28.540+0900: 388.997: [GC (Allocation Failure) 388.997: [ParNew: 53876K->6528K(59008K), 0.0342768 secs] 9082514K->9060073K(25159296K), 0.0344374 secs] [Times: user=0.43 sys=0.01, real=0.04 secs] 
2014-04-09T14:38:28.597+0900: 389.054: [GC (Allocation Failure) 389.054: [ParNew: 59008K->6528K(59008K), 0.0369731 secs] 9112299K->9092465K(25159296K), 0.0371339 secs] [Times: user=0.47 sys=0.00, real=0.04 secs] 
2014-04-09T14:38:28.662+0900: 389.119: [GC (Allocation Failure) 389.119: [ParNew: 59008K->6528K(59008K), 0.0492946 secs] 9144631K->9118350K(25159296K), 0.0494559 secs] [Times: user=0.60 sys=0.01, real=0.04 secs] 
2014-04-09T14:38:28.764+0900: 389.221: [GC (Allocation Failure) 389.221: [ParNew: 59008K->6528K(59008K), 0.0529504 secs] 9170258K->9140844K(25159296K), 0.0531180 secs] [Times: user=0.47 sys=0.01, real=0.05 secs] 
2014-04-09T14:38:28.878+0900: 389.335: [GC (Allocation Failure) 389.335: [ParNew: 59008K->6528K(59008K), 0.0497729 secs] 9187338K->9151192K(25159296K), 0.0499384 secs] [Times: user=0.59 sys=0.01, real=0.05 secs] 
2014-04-09T14:38:28.986+0900: 389.443: [GC (Allocation Failure) 389.443: [ParNew: 49870K->6528K(59008K), 0.0426453 secs] 9189082K->9165340K(25159296K), 0.0428072 secs] [Times: user=0.54 sys=0.00, real=0.04 secs] 
2014-04-09T14:38:29.059+0900: 389.515: [GC (Allocation Failure) 389.515: [ParNew: 58184K->1326K(59008K), 0.0395339 secs] 9216488K->9181590K(25159296K), 0.0397058 secs] [Times: user=0.49 sys=0.00, real=0.04 secs] 
2014-04-09T14:38:29.130+0900: 389.586: [GC (Allocation Failure) 389.586: [ParNew: 53786K->6528K(59008K), 0.0466099 secs] 9233658K->9220873K(25159296K), 0.0467724 secs] [Times: user=0.58 sys=0.00, real=0.05 secs] 
2014-04-09T14:38:29.197+0900: 389.654: [GC (Allocation Failure) 389.654: [ParNew: 51448K->6528K(59008K), 0.0482198 secs] 9263391K->9237596K(25159296K), 0.0483829 secs] [Times: user=0.58 sys=0.01, real=0.05 secs] 
2014-04-09T14:38:29.290+0900: 389.747: [GC (Allocation Failure) 389.747: [ParNew: 59008K->6528K(59008K), 0.0424730 secs] 9283906K->9256145K(25159296K), 0.0426324 secs] [Times: user=0.52 sys=0.00, real=0.05 secs] 
2014-04-09T14:38:29.396+0900: 389.853: [GC (Allocation Failure) 389.853: [ParNew: 57132K->6528K(59008K), 0.0420075 secs] 9301531K->9267849K(25159296K), 0.0421670 secs] [Times: user=0.45 sys=0.01, real=0.04 secs] 
2014-04-09T14:38:29.497+0900: 389.953: [GC (Allocation Failure) 389.954: [ParNew: 59006K->5249K(59008K), 0.0372680 secs] 9234304K->9192554K(25159296K), 0.0374261 secs] [Times: user=0.47 sys=0.00, real=0.04 secs] 
2014-04-09T14:38:29.551+0900: 390.007: [CMS-concurrent-sweep: 1.242/2.440 secs] [Times: user=17.16 sys=0.33, real=2.44 secs] 
2014-04-09T14:38:29.551+0900: 390.007: [CMS-concurrent-reset-start]
2014-04-09T14:38:29.559+0900: 390.016: [GC (Allocation Failure) 390.016: [ParNew: 56932K->1257K(59008K), 0.0380482 secs] 8708179K->8670856K(25159296K), 0.0382274 secs] [Times: user=0.48 sys=0.00, real=0.04 secs] 
2014-04-09T14:38:29.647+0900: 390.104: [GC (Allocation Failure) 390.104: [ParNew: 53737K->6528K(59008K), 0.0516299 secs] 8723336K->8701700K(25159296K), 0.0517894 secs] [Times: user=0.64 sys=0.01, real=0.05 secs] 
2014-04-09T14:38:29.721+0900: 390.178: [GC (Allocation Failure) 390.178: [ParNew: 59008K->6528K(59008K), 0.0483305 secs] 8754180K->8729104K(25159296K), 0.0484845 secs] [Times: user=0.57 sys=0.02, real=0.04 secs] 
2014-04-09T14:38:29.787+0900: 390.244: [CMS-concurrent-reset: 0.092/0.236 secs] [Times: user=1.99 sys=0.04, real=0.24 secs] 
2014-04-09T14:38:29.818+0900: 390.274: [GC (Allocation Failure) 390.275: [ParNew: 59008K->6528K(59008K), 0.0444713 secs] 8781584K->8754300K(25159296K), 0.0446067 secs] [Times: user=0.51 sys=0.01, real=0.05 secs] 
2014-04-09T14:38:29.863+0900: 390.320: [GC (CMS Initial Mark) [1 CMS-initial-mark: 8747772K(25100288K)] 8754527K(25159296K), 0.0013088 secs] [Times: user=0.01 sys=0.00, real=0.00 secs] 
2014-04-09T14:38:29.864+0900: 390.321: [CMS-concurrent-mark-start]
2014-04-09T14:38:29.977+0900: 390.434: [GC (Allocation Failure) 390.434: [ParNew: 59008K->6528K(59008K), 0.0404159 secs] 8806780K->8773631K(25159296K), 0.0405747 secs] [Times: user=0.48 sys=0.01, real=0.04 secs] 
2014-04-09T14:38:30.067+0900: 390.524: [GC (Allocation Failure) 390.524: [ParNew: 59008K->6528K(59008K), 0.0397339 secs] 8826111K->8792287K(25159296K), 0.0398883 secs] [Times: user=0.48 sys=0.00, real=0.04 secs] 
2014-04-09T14:38:30.140+0900: 390.597: [GC (Allocation Failure) 390.597: [ParNew: 59008K->6322K(59008K), 0.0411021 secs] 8844767K->8816497K(25159296K), 0.0412594 secs] [Times: user=0.52 sys=0.01, real=0.04 secs] 
2014-04-09T14:38:30.240+0900: 390.697: [GC (Allocation Failure) 390.697: [ParNew: 58802K->6528K(59008K), 0.0482701 secs] 8868977K->8842254K(25159296K), 0.0484378 secs] [Times: user=0.46 sys=0.01, real=0.05 secs] 
2014-04-09T14:38:30.324+0900: 390.781: [GC (Allocation Failure) 390.781: [ParNew: 58532K->6528K(59008K), 0.0414317 secs] 8894259K->8867835K(25159296K), 0.0415989 secs] [Times: user=0.48 sys=0.00, real=0.04 secs] 
2014-04-09T14:38:30.411+0900: 390.868: [GC (Allocation Failure) 390.868: [ParNew: 56904K->6528K(59008K), 0.0480881 secs] 8918212K->8893555K(25159296K), 0.0482590 secs] [Times: user=0.59 sys=0.00, real=0.05 secs] 
2014-04-09T14:38:30.525+0900: 390.982: [GC (Allocation Failure) 390.982: [ParNew: 58358K->6528K(59008K), 0.0430048 secs] 8945386K->8914125K(25159296K), 0.0431788 secs] [Times: user=0.44 sys=0.01, real=0.04 secs] 
2014-04-09T14:38:30.594+0900: 391.051: [GC (Allocation Failure) 391.051: [ParNew: 55785K->6528K(59008K), 0.0441972 secs] 8963383K->8939083K(25159296K), 0.0443680 secs] [Times: user=0.54 sys=0.01, real=0.04 secs] 
2014-04-09T14:38:30.685+0900: 391.141: [GC (Allocation Failure) 391.141: [ParNew: 59008K->6528K(59008K), 0.0484990 secs] 8991563K->8964540K(25159296K), 0.0486790 secs] [Times: user=0.61 sys=0.00, real=0.05 secs] 
2014-04-09T14:38:30.793+0900: 391.250: [GC (Allocation Failure) 391.250: [ParNew: 59008K->6528K(59008K), 0.0467695 secs] 9017020K->8986618K(25159296K), 0.0469499 secs] [Times: user=0.50 sys=0.01, real=0.04 secs] 
2014-04-09T14:38:30.911+0900: 391.368: [GC (Allocation Failure) 391.368: [ParNew: 59008K->5783K(59008K), 0.0333883 secs] 9039098K->8991991K(25159296K), 0.0335644 secs] [Times: user=0.41 sys=0.01, real=0.04 secs] 
2014-04-09T14:38:31.003+0900: 391.460: [GC (Allocation Failure) 391.460: [ParNew: 58263K->1452K(59008K), 0.0329930 secs] 9044471K->8987660K(25159296K), 0.0331754 secs] [Times: user=0.42 sys=0.00, real=0.03 secs] 
2014-04-09T14:38:31.131+0900: 391.588: [GC (Allocation Failure) 391.588: [ParNew: 53932K->372K(59008K), 0.0341241 secs] 9040140K->8986581K(25159296K), 0.0343083 secs] [Times: user=0.44 sys=0.00, real=0.04 secs] 
2014-04-09T14:38:31.166+0900: 391.622: [CMS-concurrent-mark: 0.743/1.301 secs] [Times: user=10.99 sys=0.16, real=1.30 secs] 
2014-04-09T14:38:31.166+0900: 391.622: [CMS-concurrent-preclean-start]
2014-04-09T14:38:31.251+0900: 391.708: [GC (Allocation Failure) 391.708: [ParNew: 52852K->141K(59008K), 0.0343043 secs] 9039061K->8986349K(25159296K), 0.0344947 secs] [Times: user=0.44 sys=0.00, real=0.03 secs] 
2014-04-09T14:38:31.422+0900: 391.878: [GC (Allocation Failure) 391.878: [ParNew: 52621K->81K(59008K), 0.0337253 secs] 9038829K->8986289K(25159296K), 0.0339019 secs] [Times: user=0.42 sys=0.00, real=0.03 secs] 
2014-04-09T14:38:31.530+0900: 391.987: [CMS-concurrent-preclean: 0.264/0.364 secs] [Times: user=1.49 sys=0.01, real=0.36 secs] 
2014-04-09T14:38:31.530+0900: 391.987: [CMS-concurrent-abortable-preclean-start]
2014-04-09T14:38:31.645+0900: 392.102: [CMS-concurrent-abortable-preclean: 0.115/0.115 secs] [Times: user=0.17 sys=0.00, real=0.12 secs] 
2014-04-09T14:38:31.646+0900: 392.103: [GC (Allocation Failure) 392.103: [ParNew: 52561K->93K(59008K), 0.0330786 secs] 9038769K->8986301K(25159296K), 0.0332250 secs] [Times: user=0.42 sys=0.00, real=0.03 secs] 
2014-04-09T14:38:31.681+0900: 392.138: [GC (CMS Final Remark) [YG occupancy: 877 K (59008 K)]392.138: [Rescan (parallel) , 0.0149565 secs]392.153: [weak refs processing, 0.0000597 secs]392.153: [class unloading, 0.0459825 secs]392.199: [scrub symbol table, 0.0043427 secs]392.203: [scrub string table, 0.0012384 secs][1 CMS-remark: 8986208K(25100288K)] 8987085K(25159296K), 0.0741348 secs] [Times: user=0.24 sys=0.00, real=0.08 secs] 
2014-04-09T14:38:31.756+0900: 392.213: [CMS-concurrent-sweep-start]
2014-04-09T14:38:31.886+0900: 392.342: [GC (Allocation Failure) 392.342: [ParNew: 52573K->37K(59008K), 0.0351923 secs] 8906251K->8853759K(25159296K), 0.0353426 secs] [Times: user=0.44 sys=0.00, real=0.03 secs] 
2014-04-09T14:38:32.058+0900: 392.515: [GC (Allocation Failure) 392.515: [ParNew: 52517K->31K(59008K), 0.0327828 secs] 8748725K->8696239K(25159296K), 0.0329431 secs] [Times: user=0.41 sys=0.00, real=0.03 secs] 
2014-04-09T14:38:32.229+0900: 392.686: [GC (Allocation Failure) 392.686: [ParNew: 52511K->31K(59008K), 0.0323484 secs] 8563128K->8510649K(25159296K), 0.0324955 secs] [Times: user=0.41 sys=0.01, real=0.03 secs] 
2014-04-09T14:38:32.403+0900: 392.859: [GC (Allocation Failure) 392.859: [ParNew: 52511K->26K(59008K), 0.0324690 secs] 8365807K->8313325K(25159296K), 0.0326167 secs] [Times: user=0.41 sys=0.00, real=0.03 secs] 
2014-04-09T14:38:32.581+0900: 393.037: [GC (Allocation Failure) 393.038: [ParNew: 52506K->33K(59008K), 0.0325639 secs] 8176552K->8124081K(25159296K), 0.0327110 secs] [Times: user=0.40 sys=0.01, real=0.04 secs] 
2014-04-09T14:38:32.746+0900: 393.203: [GC (Allocation Failure) 393.203: [ParNew: 52513K->32K(59008K), 0.0323883 secs] 7995206K->7942725K(25159296K), 0.0325316 secs] [Times: user=0.40 sys=0.00, real=0.03 secs] 
2014-04-09T14:38:32.906+0900: 393.363: [GC (Allocation Failure) 393.363: [ParNew: 52512K->28K(59008K), 0.0345045 secs] 7805972K->7753490K(25159296K), 0.0346482 secs] [Times: user=0.43 sys=0.00, real=0.03 secs] 
2014-04-09T14:38:33.071+0900: 393.528: [GC (Allocation Failure) 393.528: [ParNew: 52508K->28K(59008K), 0.0310623 secs] 7592162K->7539682K(25159296K), 0.0312108 secs] [Times: user=0.39 sys=0.00, real=0.03 secs] 
2014-04-09T14:38:33.228+0900: 393.684: [GC (Allocation Failure) 393.684: [ParNew: 52508K->26K(59008K), 0.0291995 secs] 7397266K->7344784K(25159296K), 0.0293417 secs] [Times: user=0.37 sys=0.01, real=0.03 secs] 
2014-04-09T14:38:33.361+0900: 393.818: [GC (Allocation Failure) 393.818: [ParNew: 52506K->27K(59008K), 0.0281257 secs] 7201600K->7149121K(25159296K), 0.0282665 secs] [Times: user=0.35 sys=0.00, real=0.03 secs] 
2014-04-09T14:38:33.493+0900: 393.949: [GC (Allocation Failure) 393.949: [ParNew: 52507K->12K(59008K), 0.0292994 secs] 7029137K->6976650K(25159296K), 0.0294397 secs] [Times: user=0.36 sys=0.00, real=0.02 secs] 
2014-04-09T14:38:34.252+0900: 394.709: [CMS-concurrent-sweep: 2.129/2.496 secs] [Times: user=8.02 sys=0.06, real=2.49 secs] 
2014-04-09T14:38:34.252+0900: 394.709: [CMS-concurrent-reset-start]
2014-04-09T14:38:34.330+0900: 394.787: [CMS-concurrent-reset: 0.078/0.078 secs] [Times: user=0.08 sys=0.00, real=0.08 secs] 
2014-04-09T14:39:01.913+0900: 422.370: [GC (Allocation Failure) 422.370: [ParNew: 52492K->26K(59008K), 0.0332748 secs] 4168882K->4116416K(25159296K), 0.0334046 secs] [Times: user=0.42 sys=0.00, real=0.04 secs] 
Heap
 par new generation   total 59008K, used 4329K [0x00000001c0000000, 0x00000001c4000000, 0x00000001c4000000)
  eden space 52480K,   8% used [0x00000001c0000000, 0x00000001c0433cc0, 0x00000001c3340000)
  from space 6528K,   0% used [0x00000001c39a0000, 0x00000001c39a6800, 0x00000001c4000000)
  to   space 6528K,   0% used [0x00000001c3340000, 0x00000001c3340000, 0x00000001c39a0000)
 concurrent mark-sweep generation total 25100288K, used 4116390K [0x00000001c4000000, 0x00000007c0000000, 0x00000007c0000000)
 Metaspace       used 37920K, capacity 38723K, committed 38984K, reserved 1083392K
  class space    used 5737K, capacity 5923K, committed 5960K, reserved 1048576K
