Java HotSpot(TM) 64-Bit Server VM (25.0-b70) for linux-amd64 JRE (1.8.0-b132), built on Mar  4 2014 03:07:25 by "java_re" with gcc 4.3.0 20080428 (Red Hat 4.3.0-8)
Memory: 4k page, physical 32865776k(30164768k free), swap 2047992k(2047992k free)
CommandLine flags: -XX:G1HeapRegionSize=16777216 -XX:InitialHeapSize=25769803776 -XX:InitiatingHeapOccupancyPercent=30 -XX:MaxGCPauseMillis=50 -XX:MaxHeapSize=25769803776 -XX:+PrintGC -XX:+PrintGCDateStamps -XX:+PrintGCDetails -XX:+PrintGCTimeStamps -XX:ThreadStackSize=2048 -XX:+UseCompressedClassPointers -XX:+UseCompressedOops -XX:+UseG1GC 
2014-04-09T13:53:26.822+0900: 1.762: [Full GC (Metadata GC Threshold)  21M->7331K(24G), 0.2866938 secs]
   [Eden: 32.0M(1216.0M)->0.0B(1216.0M) Survivors: 0.0B->0.0B Heap: 21.1M(24.0G)->7331.2K(24.0G)], [Metaspace: 21234K->21234K(1067008K)]
 [Times: user=0.38 sys=0.07, real=0.28 secs] 
2014-04-09T13:53:32.450+0900: 7.390: [Full GC (Metadata GC Threshold)  111M->17M(24G), 0.3374929 secs]
   [Eden: 112.0M(1216.0M)->0.0B(1216.0M) Survivors: 0.0B->0.0B Heap: 111.7M(24.0G)->17.4M(24.0G)], [Metaspace: 34857K->34853K(1079296K)]
 [Times: user=0.34 sys=0.01, real=0.34 secs] 
2014-04-09T13:53:37.108+0900: 12.048: [GC pause (G1 Evacuation Pause) (young), 0.3517143 secs]
   [Parallel Time: 285.4 ms, GC Workers: 13]
      [GC Worker Start (ms): Min: 12048.1, Avg: 12048.2, Max: 12048.3, Diff: 0.2]
      [Ext Root Scanning (ms): Min: 1.7, Avg: 2.0, Max: 3.0, Diff: 1.3, Sum: 26.0]
      [Update RS (ms): Min: 0.0, Avg: 4.4, Max: 11.8, Diff: 11.8, Sum: 57.5]
         [Processed Buffers: Min: 0, Avg: 5.3, Max: 22, Diff: 22, Sum: 69]
      [Scan RS (ms): Min: 0.0, Avg: 0.1, Max: 0.1, Diff: 0.1, Sum: 0.7]
      [Code Root Scanning (ms): Min: 0.0, Avg: 0.1, Max: 0.8, Diff: 0.8, Sum: 1.8]
      [Object Copy (ms): Min: 250.2, Avg: 271.1, Max: 280.8, Diff: 30.6, Sum: 3523.7]
      [Termination (ms): Min: 1.9, Avg: 7.5, Max: 21.5, Diff: 19.6, Sum: 97.1]
      [GC Worker Other (ms): Min: 0.0, Avg: 0.0, Max: 0.0, Diff: 0.0, Sum: 0.3]
      [GC Worker Total (ms): Min: 285.0, Avg: 285.2, Max: 285.3, Diff: 0.2, Sum: 3707.1]
      [GC Worker End (ms): Min: 12333.3, Avg: 12333.3, Max: 12333.4, Diff: 0.0]
   [Code Root Fixup: 2.3 ms]
   [Code Root Migration: 6.9 ms]
   [Clear CT: 0.5 ms]
   [Other: 56.6 ms]
      [Choose CSet: 0.0 ms]
      [Ref Proc: 50.9 ms]
      [Ref Enq: 4.3 ms]
      [Free CSet: 0.2 ms]
   [Eden: 1216.0M(1216.0M)->0.0B(1056.0M) Survivors: 0.0B->160.0M Heap: 1233.4M(24.0G)->300.8M(24.0G)]
 [Times: user=2.98 sys=1.57, real=0.35 secs] 
2014-04-09T13:53:39.335+0900: 14.275: [GC pause (G1 Evacuation Pause) (young), 0.1774175 secs]
   [Parallel Time: 158.5 ms, GC Workers: 13]
      [GC Worker Start (ms): Min: 14275.0, Avg: 14275.1, Max: 14275.2, Diff: 0.2]
      [Ext Root Scanning (ms): Min: 1.1, Avg: 3.3, Max: 13.6, Diff: 12.6, Sum: 42.7]
      [Update RS (ms): Min: 0.0, Avg: 0.5, Max: 1.0, Diff: 1.0, Sum: 5.9]
         [Processed Buffers: Min: 0, Avg: 2.7, Max: 14, Diff: 14, Sum: 35]
      [Scan RS (ms): Min: 4.4, Avg: 16.0, Max: 32.7, Diff: 28.3, Sum: 207.9]
      [Code Root Scanning (ms): Min: 0.0, Avg: 0.1, Max: 1.3, Diff: 1.3, Sum: 1.3]
      [Object Copy (ms): Min: 123.3, Avg: 138.4, Max: 141.6, Diff: 18.3, Sum: 1798.9]
      [Termination (ms): Min: 0.0, Avg: 0.0, Max: 0.0, Diff: 0.0, Sum: 0.2]
      [GC Worker Other (ms): Min: 0.0, Avg: 0.0, Max: 0.1, Diff: 0.1, Sum: 0.6]
      [GC Worker Total (ms): Min: 158.2, Avg: 158.3, Max: 158.4, Diff: 0.2, Sum: 2057.5]
      [GC Worker End (ms): Min: 14433.4, Avg: 14433.4, Max: 14433.4, Diff: 0.1]
   [Code Root Fixup: 1.2 ms]
   [Code Root Migration: 2.5 ms]
   [Clear CT: 0.6 ms]
   [Other: 14.6 ms]
      [Choose CSet: 0.0 ms]
      [Ref Proc: 12.1 ms]
      [Ref Enq: 1.0 ms]
      [Free CSet: 0.2 ms]
   [Eden: 1056.0M(1056.0M)->0.0B(1056.0M) Survivors: 160.0M->160.0M Heap: 1356.8M(24.0G)->505.4M(24.0G)]
 [Times: user=1.79 sys=0.43, real=0.18 secs] 
2014-04-09T13:53:40.478+0900: 15.417: [GC pause (G1 Evacuation Pause) (young), 0.1167121 secs]
   [Parallel Time: 106.8 ms, GC Workers: 13]
      [GC Worker Start (ms): Min: 15417.7, Avg: 15417.7, Max: 15417.8, Diff: 0.2]
      [Ext Root Scanning (ms): Min: 0.8, Avg: 1.2, Max: 3.1, Diff: 2.3, Sum: 15.3]
      [Update RS (ms): Min: 2.4, Avg: 3.3, Max: 4.1, Diff: 1.7, Sum: 42.5]
         [Processed Buffers: Min: 1, Avg: 15.8, Max: 27, Diff: 26, Sum: 206]
      [Scan RS (ms): Min: 5.1, Avg: 5.9, Max: 6.3, Diff: 1.2, Sum: 77.3]
      [Code Root Scanning (ms): Min: 0.0, Avg: 0.0, Max: 0.0, Diff: 0.0, Sum: 0.0]
      [Object Copy (ms): Min: 95.2, Avg: 96.0, Max: 96.4, Diff: 1.2, Sum: 1248.2]
      [Termination (ms): Min: 0.0, Avg: 0.2, Max: 0.3, Diff: 0.3, Sum: 3.2]
      [GC Worker Other (ms): Min: 0.0, Avg: 0.0, Max: 0.1, Diff: 0.0, Sum: 0.3]
      [GC Worker Total (ms): Min: 106.6, Avg: 106.7, Max: 106.7, Diff: 0.1, Sum: 1386.8]
      [GC Worker End (ms): Min: 15524.4, Avg: 15524.4, Max: 15524.4, Diff: 0.1]
   [Code Root Fixup: 0.4 ms]
   [Code Root Migration: 0.0 ms]
   [Clear CT: 0.4 ms]
   [Other: 9.0 ms]
      [Choose CSet: 0.0 ms]
      [Ref Proc: 6.6 ms]
      [Ref Enq: 0.5 ms]
      [Free CSet: 0.3 ms]
   [Eden: 1056.0M(1056.0M)->0.0B(1056.0M) Survivors: 160.0M->160.0M Heap: 1561.4M(24.0G)->732.9M(24.0G)]
 [Times: user=1.28 sys=0.14, real=0.12 secs] 
2014-04-09T13:53:41.471+0900: 16.411: [GC pause (G1 Evacuation Pause) (young), 0.1023629 secs]
   [Parallel Time: 92.9 ms, GC Workers: 13]
      [GC Worker Start (ms): Min: 16411.0, Avg: 16411.0, Max: 16411.1, Diff: 0.2]
      [Ext Root Scanning (ms): Min: 0.8, Avg: 1.2, Max: 1.8, Diff: 0.9, Sum: 15.2]
      [Update RS (ms): Min: 3.6, Avg: 3.9, Max: 4.9, Diff: 1.3, Sum: 51.1]
         [Processed Buffers: Min: 6, Avg: 15.5, Max: 29, Diff: 23, Sum: 202]
      [Scan RS (ms): Min: 2.9, Avg: 4.8, Max: 5.3, Diff: 2.4, Sum: 61.8]
      [Code Root Scanning (ms): Min: 0.0, Avg: 0.0, Max: 0.0, Diff: 0.0, Sum: 0.0]
      [Object Copy (ms): Min: 82.5, Avg: 82.7, Max: 83.0, Diff: 0.6, Sum: 1075.1]
      [Termination (ms): Min: 0.0, Avg: 0.0, Max: 0.0, Diff: 0.0, Sum: 0.1]
      [GC Worker Other (ms): Min: 0.0, Avg: 0.0, Max: 0.1, Diff: 0.1, Sum: 0.6]
      [GC Worker Total (ms): Min: 92.5, Avg: 92.6, Max: 92.7, Diff: 0.2, Sum: 1204.0]
      [GC Worker End (ms): Min: 16503.6, Avg: 16503.7, Max: 16503.7, Diff: 0.1]
   [Code Root Fixup: 0.3 ms]
   [Code Root Migration: 0.0 ms]
   [Clear CT: 0.5 ms]
   [Other: 8.7 ms]
      [Choose CSet: 0.0 ms]
      [Ref Proc: 6.4 ms]
      [Ref Enq: 0.5 ms]
      [Free CSet: 0.3 ms]
   [Eden: 1056.0M(1056.0M)->0.0B(1056.0M) Survivors: 160.0M->160.0M Heap: 1788.9M(24.0G)->945.4M(24.0G)]
 [Times: user=1.16 sys=0.05, real=0.11 secs] 
2014-04-09T13:53:42.522+0900: 17.461: [GC pause (G1 Evacuation Pause) (young), 0.1591174 secs]
   [Parallel Time: 148.9 ms, GC Workers: 13]
      [GC Worker Start (ms): Min: 17461.7, Avg: 17461.8, Max: 17461.9, Diff: 0.1]
      [Ext Root Scanning (ms): Min: 0.8, Avg: 1.2, Max: 1.5, Diff: 0.6, Sum: 15.4]
      [Update RS (ms): Min: 6.1, Avg: 7.2, Max: 9.6, Diff: 3.5, Sum: 93.8]
         [Processed Buffers: Min: 8, Avg: 16.3, Max: 31, Diff: 23, Sum: 212]
      [Scan RS (ms): Min: 3.8, Avg: 6.1, Max: 7.2, Diff: 3.4, Sum: 78.9]
      [Code Root Scanning (ms): Min: 0.0, Avg: 0.0, Max: 0.0, Diff: 0.0, Sum: 0.0]
      [Object Copy (ms): Min: 133.4, Avg: 133.7, Max: 134.1, Diff: 0.7, Sum: 1737.9]
      [Termination (ms): Min: 0.2, Avg: 0.5, Max: 0.5, Diff: 0.4, Sum: 5.9]
      [GC Worker Other (ms): Min: 0.0, Avg: 0.1, Max: 0.1, Diff: 0.1, Sum: 0.7]
      [GC Worker Total (ms): Min: 148.6, Avg: 148.7, Max: 148.7, Diff: 0.2, Sum: 1932.5]
      [GC Worker End (ms): Min: 17610.4, Avg: 17610.4, Max: 17610.5, Diff: 0.1]
   [Code Root Fixup: 0.4 ms]
   [Code Root Migration: 0.0 ms]
   [Clear CT: 0.5 ms]
   [Other: 9.3 ms]
      [Choose CSet: 0.0 ms]
      [Ref Proc: 6.7 ms]
      [Ref Enq: 0.5 ms]
      [Free CSet: 0.4 ms]
   [Eden: 1056.0M(1056.0M)->0.0B(1056.0M) Survivors: 160.0M->160.0M Heap: 2001.4M(24.0G)->1169.4M(24.0G)]
 [Times: user=1.88 sys=0.06, real=0.16 secs] 
2014-04-09T13:53:43.569+0900: 18.509: [GC pause (G1 Evacuation Pause) (young), 0.1314716 secs]
   [Parallel Time: 120.2 ms, GC Workers: 13]
      [GC Worker Start (ms): Min: 18508.9, Avg: 18509.0, Max: 18509.1, Diff: 0.1]
      [Ext Root Scanning (ms): Min: 0.8, Avg: 1.2, Max: 1.8, Diff: 1.0, Sum: 16.0]
      [Update RS (ms): Min: 4.1, Avg: 5.2, Max: 7.3, Diff: 3.1, Sum: 67.5]
         [Processed Buffers: Min: 5, Avg: 17.3, Max: 28, Diff: 23, Sum: 225]
      [Scan RS (ms): Min: 3.3, Avg: 5.2, Max: 5.9, Diff: 2.6, Sum: 67.3]
      [Code Root Scanning (ms): Min: 0.0, Avg: 0.0, Max: 0.0, Diff: 0.0, Sum: 0.0]
      [Object Copy (ms): Min: 107.9, Avg: 108.2, Max: 109.1, Diff: 1.2, Sum: 1406.7]
      [Termination (ms): Min: 0.0, Avg: 0.1, Max: 0.1, Diff: 0.1, Sum: 1.5]
      [GC Worker Other (ms): Min: 0.0, Avg: 0.0, Max: 0.1, Diff: 0.1, Sum: 0.5]
      [GC Worker Total (ms): Min: 119.9, Avg: 120.0, Max: 120.0, Diff: 0.2, Sum: 1559.7]
      [GC Worker End (ms): Min: 18629.0, Avg: 18629.0, Max: 18629.0, Diff: 0.1]
   [Code Root Fixup: 0.4 ms]
   [Code Root Migration: 0.0 ms]
   [Clear CT: 0.6 ms]
   [Other: 10.2 ms]
      [Choose CSet: 0.0 ms]
      [Ref Proc: 7.5 ms]
      [Ref Enq: 0.6 ms]
      [Free CSet: 0.4 ms]
   [Eden: 1056.0M(1056.0M)->0.0B(1056.0M) Survivors: 160.0M->160.0M Heap: 2225.4M(24.0G)->1409.4M(24.0G)]
 [Times: user=1.51 sys=0.06, real=0.13 secs] 
2014-04-09T13:53:44.574+0900: 19.513: [GC pause (G1 Evacuation Pause) (young), 0.1198789 secs]
   [Parallel Time: 109.5 ms, GC Workers: 13]
      [GC Worker Start (ms): Min: 19513.6, Avg: 19513.7, Max: 19513.7, Diff: 0.1]
      [Ext Root Scanning (ms): Min: 0.7, Avg: 1.2, Max: 2.2, Diff: 1.5, Sum: 15.8]
      [Update RS (ms): Min: 6.1, Avg: 6.9, Max: 9.4, Diff: 3.3, Sum: 89.2]
         [Processed Buffers: Min: 4, Avg: 15.4, Max: 26, Diff: 22, Sum: 200]
      [Scan RS (ms): Min: 4.4, Avg: 6.7, Max: 7.7, Diff: 3.3, Sum: 87.2]
      [Code Root Scanning (ms): Min: 0.0, Avg: 0.0, Max: 0.0, Diff: 0.0, Sum: 0.0]
      [Object Copy (ms): Min: 94.1, Avg: 94.4, Max: 95.2, Diff: 1.2, Sum: 1227.8]
      [Termination (ms): Min: 0.0, Avg: 0.1, Max: 0.1, Diff: 0.1, Sum: 1.0]
      [GC Worker Other (ms): Min: 0.0, Avg: 0.0, Max: 0.1, Diff: 0.1, Sum: 0.5]
      [GC Worker Total (ms): Min: 109.3, Avg: 109.3, Max: 109.5, Diff: 0.2, Sum: 1421.5]
      [GC Worker End (ms): Min: 19623.0, Avg: 19623.0, Max: 19623.0, Diff: 0.1]
   [Code Root Fixup: 0.4 ms]
   [Code Root Migration: 0.0 ms]
   [Clear CT: 0.6 ms]
   [Other: 9.4 ms]
      [Choose CSet: 0.0 ms]
      [Ref Proc: 6.4 ms]
      [Ref Enq: 0.5 ms]
      [Free CSet: 0.5 ms]
   [Eden: 1056.0M(1056.0M)->0.0B(1056.0M) Survivors: 160.0M->160.0M Heap: 2465.4M(24.0G)->1673.4M(24.0G)]
 [Times: user=1.37 sys=0.07, real=0.12 secs] 
2014-04-09T13:53:45.536+0900: 20.476: [GC pause (G1 Evacuation Pause) (young), 0.1113902 secs]
   [Parallel Time: 100.6 ms, GC Workers: 13]
      [GC Worker Start (ms): Min: 20476.0, Avg: 20476.0, Max: 20476.1, Diff: 0.1]
      [Ext Root Scanning (ms): Min: 0.9, Avg: 1.3, Max: 1.8, Diff: 0.9, Sum: 16.7]
      [Update RS (ms): Min: 5.4, Avg: 5.9, Max: 6.3, Diff: 0.9, Sum: 76.8]
         [Processed Buffers: Min: 2, Avg: 14.9, Max: 22, Diff: 20, Sum: 194]
      [Scan RS (ms): Min: 7.4, Avg: 7.8, Max: 8.3, Diff: 0.9, Sum: 101.6]
      [Code Root Scanning (ms): Min: 0.0, Avg: 0.0, Max: 0.0, Diff: 0.0, Sum: 0.0]
      [Object Copy (ms): Min: 84.7, Avg: 85.1, Max: 85.5, Diff: 0.8, Sum: 1105.7]
      [Termination (ms): Min: 0.0, Avg: 0.3, Max: 0.3, Diff: 0.3, Sum: 3.9]
      [GC Worker Other (ms): Min: 0.0, Avg: 0.0, Max: 0.1, Diff: 0.0, Sum: 0.4]
      [GC Worker Total (ms): Min: 100.3, Avg: 100.4, Max: 100.4, Diff: 0.1, Sum: 1305.1]
      [GC Worker End (ms): Min: 20576.4, Avg: 20576.4, Max: 20576.5, Diff: 0.1]
   [Code Root Fixup: 0.4 ms]
   [Code Root Migration: 0.0 ms]
   [Clear CT: 0.7 ms]
   [Other: 9.7 ms]
      [Choose CSet: 0.0 ms]
      [Ref Proc: 6.5 ms]
      [Ref Enq: 0.6 ms]
      [Free CSet: 0.5 ms]
   [Eden: 1056.0M(1056.0M)->0.0B(1056.0M) Survivors: 160.0M->160.0M Heap: 2729.4M(24.0G)->1921.4M(24.0G)]
 [Times: user=1.25 sys=0.06, real=0.11 secs] 
2014-04-09T13:53:46.522+0900: 21.462: [GC pause (G1 Evacuation Pause) (young), 0.1651869 secs]
   [Parallel Time: 154.2 ms, GC Workers: 13]
      [GC Worker Start (ms): Min: 21462.0, Avg: 21462.1, Max: 21462.2, Diff: 0.1]
      [Ext Root Scanning (ms): Min: 0.8, Avg: 1.2, Max: 1.7, Diff: 0.8, Sum: 15.8]
      [Update RS (ms): Min: 8.2, Avg: 9.5, Max: 12.5, Diff: 4.3, Sum: 123.7]
         [Processed Buffers: Min: 1, Avg: 15.5, Max: 30, Diff: 29, Sum: 202]
      [Scan RS (ms): Min: 8.8, Avg: 11.8, Max: 13.1, Diff: 4.3, Sum: 153.8]
      [Code Root Scanning (ms): Min: 0.0, Avg: 0.0, Max: 0.0, Diff: 0.0, Sum: 0.1]
      [Object Copy (ms): Min: 131.0, Avg: 131.2, Max: 131.5, Diff: 0.5, Sum: 1705.4]
      [Termination (ms): Min: 0.0, Avg: 0.0, Max: 0.1, Diff: 0.1, Sum: 0.5]
      [GC Worker Other (ms): Min: 0.0, Avg: 0.0, Max: 0.1, Diff: 0.1, Sum: 0.6]
      [GC Worker Total (ms): Min: 153.7, Avg: 153.8, Max: 154.0, Diff: 0.2, Sum: 1999.9]
      [GC Worker End (ms): Min: 21615.9, Avg: 21615.9, Max: 21616.0, Diff: 0.1]
   [Code Root Fixup: 0.4 ms]
   [Code Root Migration: 0.0 ms]
   [Clear CT: 0.8 ms]
   [Other: 9.9 ms]
      [Choose CSet: 0.0 ms]
      [Ref Proc: 6.4 ms]
      [Ref Enq: 0.5 ms]
      [Free CSet: 0.5 ms]
   [Eden: 1056.0M(1056.0M)->0.0B(1056.0M) Survivors: 160.0M->160.0M Heap: 2977.4M(24.0G)->2137.4M(24.0G)]
 [Times: user=1.96 sys=0.05, real=0.17 secs] 
2014-04-09T13:53:47.517+0900: 22.457: [GC pause (G1 Evacuation Pause) (young), 0.1399262 secs]
   [Parallel Time: 127.9 ms, GC Workers: 13]
      [GC Worker Start (ms): Min: 22457.2, Avg: 22457.3, Max: 22457.3, Diff: 0.1]
      [Ext Root Scanning (ms): Min: 0.8, Avg: 1.3, Max: 1.7, Diff: 0.9, Sum: 17.1]
      [Update RS (ms): Min: 2.6, Avg: 3.4, Max: 5.3, Diff: 2.7, Sum: 43.9]
         [Processed Buffers: Min: 0, Avg: 16.2, Max: 27, Diff: 27, Sum: 210]
      [Scan RS (ms): Min: 6.9, Avg: 8.7, Max: 9.1, Diff: 2.2, Sum: 113.1]
      [Code Root Scanning (ms): Min: 0.0, Avg: 0.0, Max: 0.0, Diff: 0.0, Sum: 0.0]
      [Object Copy (ms): Min: 113.0, Avg: 113.2, Max: 113.8, Diff: 0.7, Sum: 1472.1]
      [Termination (ms): Min: 0.4, Avg: 0.9, Max: 1.0, Diff: 0.6, Sum: 12.0]
      [GC Worker Other (ms): Min: 0.0, Avg: 0.0, Max: 0.1, Diff: 0.1, Sum: 0.4]
      [GC Worker Total (ms): Min: 127.5, Avg: 127.6, Max: 127.7, Diff: 0.1, Sum: 1658.6]
      [GC Worker End (ms): Min: 22584.8, Avg: 22584.9, Max: 22584.9, Diff: 0.1]
   [Code Root Fixup: 0.4 ms]
   [Code Root Migration: 0.0 ms]
   [Clear CT: 0.8 ms]
   [Other: 10.9 ms]
      [Choose CSet: 0.0 ms]
      [Ref Proc: 7.3 ms]
      [Ref Enq: 0.6 ms]
      [Free CSet: 0.5 ms]
   [Eden: 1056.0M(1056.0M)->0.0B(1056.0M) Survivors: 160.0M->160.0M Heap: 3193.4M(24.0G)->2369.4M(24.0G)]
 [Times: user=1.62 sys=0.05, real=0.14 secs] 
2014-04-09T13:53:48.539+0900: 23.479: [GC pause (G1 Evacuation Pause) (young), 0.1072562 secs]
   [Parallel Time: 96.8 ms, GC Workers: 13]
      [GC Worker Start (ms): Min: 23479.3, Avg: 23479.4, Max: 23479.4, Diff: 0.1]
      [Ext Root Scanning (ms): Min: 0.9, Avg: 1.3, Max: 1.9, Diff: 1.0, Sum: 17.0]
      [Update RS (ms): Min: 4.9, Avg: 5.9, Max: 6.6, Diff: 1.7, Sum: 77.1]
         [Processed Buffers: Min: 0, Avg: 15.4, Max: 28, Diff: 28, Sum: 200]
      [Scan RS (ms): Min: 8.4, Avg: 9.0, Max: 9.7, Diff: 1.2, Sum: 117.5]
      [Code Root Scanning (ms): Min: 0.0, Avg: 0.0, Max: 0.0, Diff: 0.0, Sum: 0.0]
      [Object Copy (ms): Min: 79.8, Avg: 80.2, Max: 80.9, Diff: 1.1, Sum: 1042.0]
      [Termination (ms): Min: 0.0, Avg: 0.0, Max: 0.0, Diff: 0.0, Sum: 0.4]
      [GC Worker Other (ms): Min: 0.0, Avg: 0.1, Max: 0.1, Diff: 0.1, Sum: 0.7]
      [GC Worker Total (ms): Min: 96.4, Avg: 96.5, Max: 96.6, Diff: 0.2, Sum: 1254.6]
      [GC Worker End (ms): Min: 23575.9, Avg: 23575.9, Max: 23575.9, Diff: 0.1]
   [Code Root Fixup: 0.4 ms]
   [Code Root Migration: 0.0 ms]
   [Clear CT: 0.8 ms]
   [Other: 9.3 ms]
      [Choose CSet: 0.0 ms]
      [Ref Proc: 6.0 ms]
      [Ref Enq: 0.6 ms]
      [Free CSet: 0.5 ms]
   [Eden: 1056.0M(1056.0M)->0.0B(1056.0M) Survivors: 160.0M->160.0M Heap: 3425.4M(24.0G)->2609.4M(24.0G)]
 [Times: user=1.21 sys=0.06, real=0.11 secs] 
2014-04-09T13:53:49.497+0900: 24.436: [GC pause (G1 Evacuation Pause) (young), 0.1183854 secs]
   [Parallel Time: 107.1 ms, GC Workers: 13]
      [GC Worker Start (ms): Min: 24436.7, Avg: 24436.8, Max: 24436.9, Diff: 0.1]
      [Ext Root Scanning (ms): Min: 1.2, Avg: 1.3, Max: 1.9, Diff: 0.7, Sum: 17.3]
      [Update RS (ms): Min: 5.3, Avg: 6.7, Max: 12.0, Diff: 6.7, Sum: 87.6]
         [Processed Buffers: Min: 6, Avg: 15.7, Max: 41, Diff: 35, Sum: 204]
      [Scan RS (ms): Min: 3.9, Avg: 9.0, Max: 10.1, Diff: 6.2, Sum: 116.6]
      [Code Root Scanning (ms): Min: 0.0, Avg: 0.0, Max: 0.0, Diff: 0.0, Sum: 0.0]
      [Object Copy (ms): Min: 89.3, Avg: 89.7, Max: 90.1, Diff: 0.8, Sum: 1165.6]
      [Termination (ms): Min: 0.0, Avg: 0.1, Max: 0.2, Diff: 0.2, Sum: 1.4]
      [GC Worker Other (ms): Min: 0.0, Avg: 0.0, Max: 0.1, Diff: 0.0, Sum: 0.3]
      [GC Worker Total (ms): Min: 106.8, Avg: 106.8, Max: 106.9, Diff: 0.2, Sum: 1388.8]
      [GC Worker End (ms): Min: 24543.6, Avg: 24543.6, Max: 24543.7, Diff: 0.0]
   [Code Root Fixup: 0.3 ms]
   [Code Root Migration: 0.0 ms]
   [Clear CT: 0.8 ms]
   [Other: 10.1 ms]
      [Choose CSet: 0.0 ms]
      [Ref Proc: 6.7 ms]
      [Ref Enq: 0.6 ms]
      [Free CSet: 0.6 ms]
   [Eden: 1056.0M(1056.0M)->0.0B(1056.0M) Survivors: 160.0M->160.0M Heap: 3665.4M(24.0G)->2849.4M(24.0G)]
 [Times: user=1.34 sys=0.05, real=0.12 secs] 
2014-04-09T13:53:50.479+0900: 25.419: [GC pause (G1 Evacuation Pause) (young), 0.1128451 secs]
   [Parallel Time: 101.4 ms, GC Workers: 13]
      [GC Worker Start (ms): Min: 25418.9, Avg: 25419.0, Max: 25419.1, Diff: 0.1]
      [Ext Root Scanning (ms): Min: 0.8, Avg: 1.3, Max: 1.9, Diff: 1.1, Sum: 16.5]
      [Update RS (ms): Min: 4.1, Avg: 5.8, Max: 11.4, Diff: 7.3, Sum: 74.8]
         [Processed Buffers: Min: 4, Avg: 15.5, Max: 26, Diff: 22, Sum: 202]
      [Scan RS (ms): Min: 3.8, Avg: 9.3, Max: 10.6, Diff: 6.8, Sum: 121.3]
      [Code Root Scanning (ms): Min: 0.0, Avg: 0.0, Max: 0.0, Diff: 0.0, Sum: 0.0]
      [Object Copy (ms): Min: 84.3, Avg: 84.7, Max: 85.2, Diff: 0.9, Sum: 1101.2]
      [Termination (ms): Min: 0.0, Avg: 0.0, Max: 0.0, Diff: 0.0, Sum: 0.4]
      [GC Worker Other (ms): Min: 0.0, Avg: 0.0, Max: 0.1, Diff: 0.0, Sum: 0.5]
      [GC Worker Total (ms): Min: 101.1, Avg: 101.1, Max: 101.2, Diff: 0.1, Sum: 1314.8]
      [GC Worker End (ms): Min: 25520.1, Avg: 25520.1, Max: 25520.2, Diff: 0.0]
   [Code Root Fixup: 0.3 ms]
   [Code Root Migration: 0.0 ms]
   [Clear CT: 0.9 ms]
   [Other: 10.2 ms]
      [Choose CSet: 0.0 ms]
      [Ref Proc: 6.8 ms]
      [Ref Enq: 0.6 ms]
      [Free CSet: 0.6 ms]
   [Eden: 1056.0M(1056.0M)->0.0B(1056.0M) Survivors: 160.0M->160.0M Heap: 3905.4M(24.0G)->3065.4M(24.0G)]
 [Times: user=1.27 sys=0.06, real=0.11 secs] 
2014-04-09T13:53:51.465+0900: 26.405: [GC pause (G1 Evacuation Pause) (young), 0.1167250 secs]
   [Parallel Time: 105.6 ms, GC Workers: 13]
      [GC Worker Start (ms): Min: 26404.9, Avg: 26405.0, Max: 26405.1, Diff: 0.1]
      [Ext Root Scanning (ms): Min: 0.8, Avg: 1.3, Max: 1.5, Diff: 0.7, Sum: 16.6]
      [Update RS (ms): Min: 5.7, Avg: 7.5, Max: 10.7, Diff: 4.9, Sum: 97.9]
         [Processed Buffers: Min: 3, Avg: 15.1, Max: 37, Diff: 34, Sum: 196]
      [Scan RS (ms): Min: 6.7, Avg: 9.9, Max: 11.4, Diff: 4.7, Sum: 128.3]
      [Code Root Scanning (ms): Min: 0.0, Avg: 0.0, Max: 0.0, Diff: 0.0, Sum: 0.0]
      [Object Copy (ms): Min: 86.2, Avg: 86.6, Max: 87.6, Diff: 1.4, Sum: 1125.6]
      [Termination (ms): Min: 0.0, Avg: 0.0, Max: 0.0, Diff: 0.0, Sum: 0.0]
      [GC Worker Other (ms): Min: 0.0, Avg: 0.0, Max: 0.1, Diff: 0.1, Sum: 0.6]
      [GC Worker Total (ms): Min: 105.2, Avg: 105.3, Max: 105.4, Diff: 0.2, Sum: 1369.0]
      [GC Worker End (ms): Min: 26510.3, Avg: 26510.3, Max: 26510.3, Diff: 0.1]
   [Code Root Fixup: 0.3 ms]
   [Code Root Migration: 0.0 ms]
   [Clear CT: 0.8 ms]
   [Other: 10.0 ms]
      [Choose CSet: 0.0 ms]
      [Ref Proc: 6.4 ms]
      [Ref Enq: 0.6 ms]
      [Free CSet: 0.6 ms]
   [Eden: 1056.0M(1056.0M)->0.0B(1056.0M) Survivors: 160.0M->160.0M Heap: 4121.4M(24.0G)->3305.4M(24.0G)]
 [Times: user=1.33 sys=0.07, real=0.11 secs] 
2014-04-09T13:53:52.458+0900: 27.397: [GC pause (G1 Evacuation Pause) (young), 0.1154292 secs]
   [Parallel Time: 103.6 ms, GC Workers: 13]
      [GC Worker Start (ms): Min: 27397.8, Avg: 27397.9, Max: 27397.9, Diff: 0.1]
      [Ext Root Scanning (ms): Min: 1.0, Avg: 1.4, Max: 1.9, Diff: 0.9, Sum: 17.8]
      [Update RS (ms): Min: 5.6, Avg: 6.8, Max: 11.5, Diff: 5.9, Sum: 87.8]
         [Processed Buffers: Min: 5, Avg: 14.5, Max: 29, Diff: 24, Sum: 189]
      [Scan RS (ms): Min: 4.8, Avg: 9.5, Max: 10.4, Diff: 5.6, Sum: 123.5]
      [Code Root Scanning (ms): Min: 0.0, Avg: 0.0, Max: 0.0, Diff: 0.0, Sum: 0.0]
      [Object Copy (ms): Min: 85.4, Avg: 85.7, Max: 86.1, Diff: 0.7, Sum: 1113.5]
      [Termination (ms): Min: 0.0, Avg: 0.0, Max: 0.0, Diff: 0.0, Sum: 0.2]
      [GC Worker Other (ms): Min: 0.0, Avg: 0.0, Max: 0.1, Diff: 0.1, Sum: 0.5]
      [GC Worker Total (ms): Min: 103.2, Avg: 103.3, Max: 103.4, Diff: 0.2, Sum: 1343.3]
      [GC Worker End (ms): Min: 27501.2, Avg: 27501.2, Max: 27501.2, Diff: 0.1]
   [Code Root Fixup: 0.3 ms]
   [Code Root Migration: 0.0 ms]
   [Clear CT: 1.0 ms]
   [Other: 10.5 ms]
      [Choose CSet: 0.0 ms]
      [Ref Proc: 6.8 ms]
      [Ref Enq: 0.6 ms]
      [Free CSet: 0.6 ms]
   [Eden: 1056.0M(1056.0M)->0.0B(1056.0M) Survivors: 160.0M->160.0M Heap: 4361.4M(24.0G)->3553.4M(24.0G)]
 [Times: user=1.30 sys=0.05, real=0.11 secs] 
2014-04-09T13:53:53.444+0900: 28.383: [GC pause (G1 Evacuation Pause) (young), 0.1119031 secs]
   [Parallel Time: 100.6 ms, GC Workers: 13]
      [GC Worker Start (ms): Min: 28383.6, Avg: 28383.7, Max: 28383.8, Diff: 0.1]
      [Ext Root Scanning (ms): Min: 1.3, Avg: 1.4, Max: 1.9, Diff: 0.7, Sum: 17.8]
      [Update RS (ms): Min: 6.0, Avg: 7.5, Max: 10.8, Diff: 4.9, Sum: 97.0]
         [Processed Buffers: Min: 1, Avg: 15.4, Max: 30, Diff: 29, Sum: 200]
      [Scan RS (ms): Min: 7.0, Avg: 10.2, Max: 11.4, Diff: 4.4, Sum: 133.2]
      [Code Root Scanning (ms): Min: 0.0, Avg: 0.0, Max: 0.0, Diff: 0.0, Sum: 0.0]
      [Object Copy (ms): Min: 79.9, Avg: 80.2, Max: 80.7, Diff: 0.8, Sum: 1042.5]
      [Termination (ms): Min: 0.5, Avg: 1.1, Max: 1.2, Diff: 0.7, Sum: 14.1]
      [GC Worker Other (ms): Min: 0.0, Avg: 0.0, Max: 0.0, Diff: 0.0, Sum: 0.3]
      [GC Worker Total (ms): Min: 100.3, Avg: 100.4, Max: 100.4, Diff: 0.1, Sum: 1305.0]
      [GC Worker End (ms): Min: 28484.0, Avg: 28484.1, Max: 28484.1, Diff: 0.0]
   [Code Root Fixup: 0.4 ms]
   [Code Root Migration: 0.0 ms]
   [Clear CT: 1.0 ms]
   [Other: 9.9 ms]
      [Choose CSet: 0.0 ms]
      [Ref Proc: 6.1 ms]
      [Ref Enq: 0.6 ms]
      [Free CSet: 0.6 ms]
   [Eden: 1056.0M(1056.0M)->0.0B(1056.0M) Survivors: 160.0M->160.0M Heap: 4609.4M(24.0G)->3793.4M(24.0G)]
 [Times: user=1.27 sys=0.05, real=0.12 secs] 
2014-04-09T13:53:54.443+0900: 29.383: [GC pause (G1 Evacuation Pause) (young), 0.1140996 secs]
   [Parallel Time: 102.2 ms, GC Workers: 13]
      [GC Worker Start (ms): Min: 29383.0, Avg: 29383.1, Max: 29383.1, Diff: 0.1]
      [Ext Root Scanning (ms): Min: 0.8, Avg: 1.3, Max: 1.8, Diff: 1.0, Sum: 16.3]
      [Update RS (ms): Min: 7.1, Avg: 7.9, Max: 11.5, Diff: 4.4, Sum: 102.8]
         [Processed Buffers: Min: 0, Avg: 14.8, Max: 34, Diff: 34, Sum: 192]
      [Scan RS (ms): Min: 6.1, Avg: 9.7, Max: 10.9, Diff: 4.7, Sum: 126.7]
      [Code Root Scanning (ms): Min: 0.0, Avg: 0.0, Max: 0.0, Diff: 0.0, Sum: 0.0]
      [Object Copy (ms): Min: 82.4, Avg: 83.0, Max: 83.4, Diff: 1.0, Sum: 1078.5]
      [Termination (ms): Min: 0.0, Avg: 0.1, Max: 0.1, Diff: 0.0, Sum: 0.7]
      [GC Worker Other (ms): Min: 0.0, Avg: 0.0, Max: 0.1, Diff: 0.1, Sum: 0.5]
      [GC Worker Total (ms): Min: 101.9, Avg: 102.0, Max: 102.1, Diff: 0.2, Sum: 1325.6]
      [GC Worker End (ms): Min: 29485.0, Avg: 29485.0, Max: 29485.1, Diff: 0.1]
   [Code Root Fixup: 0.4 ms]
   [Code Root Migration: 0.0 ms]
   [Clear CT: 1.0 ms]
   [Other: 10.4 ms]
      [Choose CSet: 0.0 ms]
      [Ref Proc: 6.6 ms]
      [Ref Enq: 0.6 ms]
      [Free CSet: 0.6 ms]
   [Eden: 1056.0M(1056.0M)->0.0B(1056.0M) Survivors: 160.0M->160.0M Heap: 4849.4M(24.0G)->4033.4M(24.0G)]
 [Times: user=1.30 sys=0.04, real=0.12 secs] 
2014-04-09T13:53:55.437+0900: 30.376: [GC pause (G1 Evacuation Pause) (young), 0.1752285 secs]
   [Parallel Time: 163.1 ms, GC Workers: 13]
      [GC Worker Start (ms): Min: 30376.4, Avg: 30376.5, Max: 30376.6, Diff: 0.1]
      [Ext Root Scanning (ms): Min: 0.9, Avg: 1.3, Max: 1.6, Diff: 0.7, Sum: 16.9]
      [Update RS (ms): Min: 5.5, Avg: 5.8, Max: 6.3, Diff: 0.8, Sum: 74.9]
         [Processed Buffers: Min: 3, Avg: 14.1, Max: 30, Diff: 27, Sum: 183]
      [Scan RS (ms): Min: 12.3, Avg: 12.9, Max: 13.5, Diff: 1.2, Sum: 168.2]
      [Code Root Scanning (ms): Min: 0.0, Avg: 0.0, Max: 0.0, Diff: 0.0, Sum: 0.0]
      [Object Copy (ms): Min: 141.1, Avg: 141.7, Max: 142.5, Diff: 1.4, Sum: 1842.1]
      [Termination (ms): Min: 0.5, Avg: 1.1, Max: 1.4, Diff: 0.9, Sum: 13.8]
      [GC Worker Other (ms): Min: 0.0, Avg: 0.0, Max: 0.1, Diff: 0.1, Sum: 0.5]
      [GC Worker Total (ms): Min: 162.7, Avg: 162.8, Max: 162.9, Diff: 0.2, Sum: 2116.4]
      [GC Worker End (ms): Min: 30539.3, Avg: 30539.3, Max: 30539.3, Diff: 0.1]
   [Code Root Fixup: 0.4 ms]
   [Code Root Migration: 0.0 ms]
   [Clear CT: 1.2 ms]
   [Other: 10.5 ms]
      [Choose CSet: 0.0 ms]
      [Ref Proc: 6.7 ms]
      [Ref Enq: 0.6 ms]
      [Free CSet: 0.5 ms]
   [Eden: 1056.0M(1056.0M)->0.0B(1056.0M) Survivors: 160.0M->160.0M Heap: 5089.4M(24.0G)->4249.4M(24.0G)]
 [Times: user=2.08 sys=0.05, real=0.17 secs] 
2014-04-09T13:53:56.479+0900: 31.418: [GC pause (G1 Evacuation Pause) (young), 0.1223957 secs]
   [Parallel Time: 109.8 ms, GC Workers: 13]
      [GC Worker Start (ms): Min: 31418.4, Avg: 31418.5, Max: 31418.5, Diff: 0.1]
      [Ext Root Scanning (ms): Min: 0.9, Avg: 1.3, Max: 1.5, Diff: 0.6, Sum: 16.7]
      [Update RS (ms): Min: 3.0, Avg: 3.5, Max: 4.5, Diff: 1.5, Sum: 45.3]
         [Processed Buffers: Min: 2, Avg: 14.7, Max: 34, Diff: 32, Sum: 191]
      [Scan RS (ms): Min: 9.2, Avg: 10.2, Max: 10.7, Diff: 1.5, Sum: 132.5]
      [Code Root Scanning (ms): Min: 0.0, Avg: 0.0, Max: 0.0, Diff: 0.0, Sum: 0.0]
      [Object Copy (ms): Min: 94.2, Avg: 94.5, Max: 94.7, Diff: 0.5, Sum: 1228.8]
      [Termination (ms): Min: 0.0, Avg: 0.0, Max: 0.0, Diff: 0.0, Sum: 0.1]
      [GC Worker Other (ms): Min: 0.0, Avg: 0.0, Max: 0.1, Diff: 0.1, Sum: 0.5]
      [GC Worker Total (ms): Min: 109.5, Avg: 109.5, Max: 109.6, Diff: 0.1, Sum: 1423.9]
      [GC Worker End (ms): Min: 31528.0, Avg: 31528.0, Max: 31528.0, Diff: 0.1]
   [Code Root Fixup: 0.4 ms]
   [Code Root Migration: 0.0 ms]
   [Clear CT: 0.9 ms]
   [Other: 11.3 ms]
      [Choose CSet: 0.0 ms]
      [Ref Proc: 7.4 ms]
      [Ref Enq: 0.6 ms]
      [Free CSet: 0.5 ms]
   [Eden: 1056.0M(1056.0M)->0.0B(1056.0M) Survivors: 160.0M->160.0M Heap: 5305.4M(24.0G)->4489.4M(24.0G)]
 [Times: user=1.39 sys=0.05, real=0.12 secs] 
2014-04-09T13:53:57.477+0900: 32.417: [GC pause (G1 Evacuation Pause) (young), 0.1121422 secs]
   [Parallel Time: 99.9 ms, GC Workers: 13]
      [GC Worker Start (ms): Min: 32417.3, Avg: 32417.4, Max: 32417.5, Diff: 0.1]
      [Ext Root Scanning (ms): Min: 0.8, Avg: 1.3, Max: 1.8, Diff: 1.0, Sum: 16.9]
      [Update RS (ms): Min: 4.8, Avg: 5.7, Max: 6.7, Diff: 1.9, Sum: 74.2]
         [Processed Buffers: Min: 8, Avg: 15.8, Max: 24, Diff: 16, Sum: 205]
      [Scan RS (ms): Min: 9.3, Avg: 10.2, Max: 10.7, Diff: 1.4, Sum: 132.7]
      [Code Root Scanning (ms): Min: 0.0, Avg: 0.0, Max: 0.0, Diff: 0.0, Sum: 0.0]
      [Object Copy (ms): Min: 81.5, Avg: 81.8, Max: 82.1, Diff: 0.6, Sum: 1063.4]
      [Termination (ms): Min: 0.1, Avg: 0.5, Max: 0.6, Diff: 0.5, Sum: 6.8]
      [GC Worker Other (ms): Min: 0.0, Avg: 0.0, Max: 0.0, Diff: 0.0, Sum: 0.3]
      [GC Worker Total (ms): Min: 99.5, Avg: 99.6, Max: 99.6, Diff: 0.1, Sum: 1294.3]
      [GC Worker End (ms): Min: 32516.9, Avg: 32517.0, Max: 32517.0, Diff: 0.0]
   [Code Root Fixup: 0.4 ms]
   [Code Root Migration: 0.0 ms]
   [Clear CT: 1.1 ms]
   [Other: 10.7 ms]
      [Choose CSet: 0.0 ms]
      [Ref Proc: 6.9 ms]
      [Ref Enq: 0.6 ms]
      [Free CSet: 0.6 ms]
   [Eden: 1056.0M(1056.0M)->0.0B(1056.0M) Survivors: 160.0M->160.0M Heap: 5545.4M(24.0G)->4729.4M(24.0G)]
 [Times: user=1.26 sys=0.05, real=0.11 secs] 
2014-04-09T13:53:58.461+0900: 33.400: [GC pause (G1 Evacuation Pause) (young), 0.1103305 secs]
   [Parallel Time: 98.1 ms, GC Workers: 13]
      [GC Worker Start (ms): Min: 33400.5, Avg: 33400.6, Max: 33400.6, Diff: 0.1]
      [Ext Root Scanning (ms): Min: 0.8, Avg: 1.3, Max: 1.8, Diff: 1.1, Sum: 16.5]
      [Update RS (ms): Min: 5.2, Avg: 5.5, Max: 6.4, Diff: 1.1, Sum: 71.4]
         [Processed Buffers: Min: 6, Avg: 14.9, Max: 22, Diff: 16, Sum: 194]
      [Scan RS (ms): Min: 9.7, Avg: 10.5, Max: 11.0, Diff: 1.3, Sum: 136.6]
      [Code Root Scanning (ms): Min: 0.0, Avg: 0.0, Max: 0.0, Diff: 0.0, Sum: 0.0]
      [Object Copy (ms): Min: 80.3, Avg: 80.6, Max: 81.3, Diff: 0.9, Sum: 1047.2]
      [Termination (ms): Min: 0.0, Avg: 0.0, Max: 0.0, Diff: 0.0, Sum: 0.0]
      [GC Worker Other (ms): Min: 0.0, Avg: 0.0, Max: 0.1, Diff: 0.1, Sum: 0.5]
      [GC Worker Total (ms): Min: 97.8, Avg: 97.9, Max: 98.0, Diff: 0.2, Sum: 1272.3]
      [GC Worker End (ms): Min: 33498.4, Avg: 33498.4, Max: 33498.5, Diff: 0.1]
   [Code Root Fixup: 0.4 ms]
   [Code Root Migration: 0.0 ms]
   [Clear CT: 1.0 ms]
   [Other: 10.8 ms]
      [Choose CSet: 0.0 ms]
      [Ref Proc: 6.9 ms]
      [Ref Enq: 0.6 ms]
      [Free CSet: 0.6 ms]
   [Eden: 1056.0M(1056.0M)->0.0B(1056.0M) Survivors: 160.0M->160.0M Heap: 5785.4M(24.0G)->4969.4M(24.0G)]
 [Times: user=1.23 sys=0.06, real=0.11 secs] 
2014-04-09T13:53:59.426+0900: 34.365: [GC pause (G1 Evacuation Pause) (young), 0.1143456 secs]
   [Parallel Time: 102.1 ms, GC Workers: 13]
      [GC Worker Start (ms): Min: 34365.5, Avg: 34365.6, Max: 34365.7, Diff: 0.1]
      [Ext Root Scanning (ms): Min: 3.9, Avg: 4.7, Max: 4.8, Diff: 0.9, Sum: 61.2]
      [Update RS (ms): Min: 5.4, Avg: 5.7, Max: 7.0, Diff: 1.6, Sum: 74.7]
         [Processed Buffers: Min: 7, Avg: 14.3, Max: 31, Diff: 24, Sum: 186]
      [Scan RS (ms): Min: 8.9, Avg: 10.4, Max: 10.9, Diff: 1.9, Sum: 135.8]
      [Code Root Scanning (ms): Min: 0.0, Avg: 0.0, Max: 0.0, Diff: 0.0, Sum: 0.0]
      [Object Copy (ms): Min: 80.5, Avg: 80.8, Max: 81.4, Diff: 0.9, Sum: 1049.9]
      [Termination (ms): Min: 0.0, Avg: 0.1, Max: 0.1, Diff: 0.1, Sum: 1.0]
      [GC Worker Other (ms): Min: 0.0, Avg: 0.0, Max: 0.1, Diff: 0.1, Sum: 0.5]
      [GC Worker Total (ms): Min: 101.7, Avg: 101.8, Max: 101.9, Diff: 0.2, Sum: 1323.1]
      [GC Worker End (ms): Min: 34467.4, Avg: 34467.4, Max: 34467.4, Diff: 0.1]
   [Code Root Fixup: 0.4 ms]
   [Code Root Migration: 0.0 ms]
   [Clear CT: 1.2 ms]
   [Other: 10.6 ms]
      [Choose CSet: 0.0 ms]
      [Ref Proc: 6.6 ms]
      [Ref Enq: 0.6 ms]
      [Free CSet: 0.5 ms]
   [Eden: 1056.0M(1056.0M)->0.0B(1056.0M) Survivors: 160.0M->160.0M Heap: 6025.4M(24.0G)->5209.4M(24.0G)]
 [Times: user=1.23 sys=0.06, real=0.11 secs] 
2014-04-09T13:54:00.406+0900: 35.345: [GC pause (G1 Evacuation Pause) (young), 0.1120957 secs]
   [Parallel Time: 99.7 ms, GC Workers: 13]
      [GC Worker Start (ms): Min: 35345.8, Avg: 35345.8, Max: 35345.9, Diff: 0.1]
      [Ext Root Scanning (ms): Min: 0.8, Avg: 1.3, Max: 1.8, Diff: 1.0, Sum: 17.5]
      [Update RS (ms): Min: 5.0, Avg: 5.5, Max: 6.1, Diff: 1.1, Sum: 72.1]
         [Processed Buffers: Min: 7, Avg: 15.2, Max: 30, Diff: 23, Sum: 197]
      [Scan RS (ms): Min: 10.5, Avg: 10.9, Max: 11.3, Diff: 0.7, Sum: 141.9]
      [Code Root Scanning (ms): Min: 0.0, Avg: 0.0, Max: 0.0, Diff: 0.0, Sum: 0.0]
      [Object Copy (ms): Min: 81.3, Avg: 81.5, Max: 82.6, Diff: 1.3, Sum: 1060.1]
      [Termination (ms): Min: 0.0, Avg: 0.0, Max: 0.0, Diff: 0.0, Sum: 0.1]
      [GC Worker Other (ms): Min: 0.0, Avg: 0.0, Max: 0.1, Diff: 0.1, Sum: 0.6]
      [GC Worker Total (ms): Min: 99.3, Avg: 99.4, Max: 99.5, Diff: 0.2, Sum: 1292.4]
      [GC Worker End (ms): Min: 35445.2, Avg: 35445.2, Max: 35445.3, Diff: 0.1]
   [Code Root Fixup: 0.3 ms]
   [Code Root Migration: 0.0 ms]
   [Clear CT: 1.3 ms]
   [Other: 10.8 ms]
      [Choose CSet: 0.0 ms]
      [Ref Proc: 6.6 ms]
      [Ref Enq: 0.6 ms]
      [Free CSet: 0.5 ms]
   [Eden: 1056.0M(1056.0M)->0.0B(1056.0M) Survivors: 160.0M->160.0M Heap: 6265.4M(24.0G)->5465.4M(24.0G)]
 [Times: user=1.26 sys=0.05, real=0.12 secs] 
2014-04-09T13:54:01.390+0900: 36.329: [GC pause (G1 Evacuation Pause) (young), 0.1139621 secs]
   [Parallel Time: 101.0 ms, GC Workers: 13]
      [GC Worker Start (ms): Min: 36329.7, Avg: 36329.8, Max: 36329.8, Diff: 0.2]
      [Ext Root Scanning (ms): Min: 0.5, Avg: 1.3, Max: 1.9, Diff: 1.4, Sum: 17.2]
      [Update RS (ms): Min: 6.1, Avg: 6.9, Max: 11.2, Diff: 5.2, Sum: 89.6]
         [Processed Buffers: Min: 6, Avg: 15.4, Max: 31, Diff: 25, Sum: 200]
      [Scan RS (ms): Min: 6.5, Avg: 10.6, Max: 11.4, Diff: 4.9, Sum: 138.3]
      [Code Root Scanning (ms): Min: 0.0, Avg: 0.0, Max: 0.0, Diff: 0.0, Sum: 0.0]
      [Object Copy (ms): Min: 81.6, Avg: 81.9, Max: 82.5, Diff: 0.9, Sum: 1064.1]
      [Termination (ms): Min: 0.0, Avg: 0.0, Max: 0.0, Diff: 0.0, Sum: 0.1]
      [GC Worker Other (ms): Min: 0.0, Avg: 0.0, Max: 0.1, Diff: 0.1, Sum: 0.5]
      [GC Worker Total (ms): Min: 100.7, Avg: 100.8, Max: 100.8, Diff: 0.1, Sum: 1309.9]
      [GC Worker End (ms): Min: 36430.5, Avg: 36430.5, Max: 36430.6, Diff: 0.1]
   [Code Root Fixup: 0.4 ms]
   [Code Root Migration: 0.0 ms]
   [Clear CT: 1.3 ms]
   [Other: 11.2 ms]
      [Choose CSet: 0.0 ms]
      [Ref Proc: 7.0 ms]
      [Ref Enq: 0.6 ms]
      [Free CSet: 0.6 ms]
   [Eden: 1056.0M(1056.0M)->0.0B(1056.0M) Survivors: 160.0M->160.0M Heap: 6521.4M(24.0G)->5705.4M(24.0G)]
 [Times: user=1.28 sys=0.05, real=0.11 secs] 
2014-04-09T13:54:02.377+0900: 37.316: [GC pause (G1 Evacuation Pause) (young), 0.1119907 secs]
   [Parallel Time: 99.6 ms, GC Workers: 13]
      [GC Worker Start (ms): Min: 37316.8, Avg: 37316.8, Max: 37316.9, Diff: 0.1]
      [Ext Root Scanning (ms): Min: 0.8, Avg: 1.3, Max: 1.7, Diff: 1.0, Sum: 17.5]
      [Update RS (ms): Min: 5.9, Avg: 6.4, Max: 8.4, Diff: 2.5, Sum: 83.1]
         [Processed Buffers: Min: 6, Avg: 14.3, Max: 28, Diff: 22, Sum: 186]
      [Scan RS (ms): Min: 8.0, Avg: 10.3, Max: 10.9, Diff: 2.9, Sum: 133.6]
      [Code Root Scanning (ms): Min: 0.0, Avg: 0.0, Max: 0.0, Diff: 0.0, Sum: 0.0]
      [Object Copy (ms): Min: 81.0, Avg: 81.3, Max: 82.2, Diff: 1.2, Sum: 1056.4]
      [Termination (ms): Min: 0.0, Avg: 0.0, Max: 0.0, Diff: 0.0, Sum: 0.1]
      [GC Worker Other (ms): Min: 0.0, Avg: 0.0, Max: 0.1, Diff: 0.1, Sum: 0.5]
      [GC Worker Total (ms): Min: 99.2, Avg: 99.3, Max: 99.4, Diff: 0.2, Sum: 1291.3]
      [GC Worker End (ms): Min: 37416.1, Avg: 37416.2, Max: 37416.2, Diff: 0.1]
   [Code Root Fixup: 0.4 ms]
   [Code Root Migration: 0.0 ms]
   [Clear CT: 1.2 ms]
   [Other: 10.8 ms]
      [Choose CSet: 0.0 ms]
      [Ref Proc: 6.7 ms]
      [Ref Enq: 0.5 ms]
      [Free CSet: 0.6 ms]
   [Eden: 1056.0M(1056.0M)->0.0B(1056.0M) Survivors: 160.0M->160.0M Heap: 6761.4M(24.0G)->5953.4M(24.0G)]
 [Times: user=1.26 sys=0.05, real=0.11 secs] 
2014-04-09T13:54:03.369+0900: 38.309: [GC pause (G1 Evacuation Pause) (young), 0.1149198 secs]
   [Parallel Time: 102.3 ms, GC Workers: 13]
      [GC Worker Start (ms): Min: 38308.9, Avg: 38308.9, Max: 38309.0, Diff: 0.1]
      [Ext Root Scanning (ms): Min: 1.0, Avg: 1.3, Max: 1.9, Diff: 0.9, Sum: 17.1]
      [Update RS (ms): Min: 5.3, Avg: 6.1, Max: 6.6, Diff: 1.3, Sum: 79.4]
         [Processed Buffers: Min: 6, Avg: 13.7, Max: 27, Diff: 21, Sum: 178]
      [Scan RS (ms): Min: 10.3, Avg: 10.9, Max: 11.3, Diff: 1.0, Sum: 141.4]
      [Code Root Scanning (ms): Min: 0.0, Avg: 0.0, Max: 0.0, Diff: 0.0, Sum: 0.0]
      [Object Copy (ms): Min: 83.3, Avg: 83.6, Max: 84.4, Diff: 1.1, Sum: 1087.4]
      [Termination (ms): Min: 0.0, Avg: 0.0, Max: 0.0, Diff: 0.0, Sum: 0.4]
      [GC Worker Other (ms): Min: 0.0, Avg: 0.1, Max: 0.1, Diff: 0.1, Sum: 0.7]
      [GC Worker Total (ms): Min: 101.9, Avg: 102.0, Max: 102.1, Diff: 0.2, Sum: 1326.4]
      [GC Worker End (ms): Min: 38410.9, Avg: 38411.0, Max: 38411.0, Diff: 0.1]
   [Code Root Fixup: 0.4 ms]
   [Code Root Migration: 0.0 ms]
   [Clear CT: 1.5 ms]
   [Other: 10.8 ms]
      [Choose CSet: 0.0 ms]
      [Ref Proc: 6.7 ms]
      [Ref Enq: 0.6 ms]
      [Free CSet: 0.6 ms]
   [Eden: 1056.0M(1056.0M)->0.0B(1056.0M) Survivors: 160.0M->160.0M Heap: 7009.4M(24.0G)->6185.4M(24.0G)]
 [Times: user=1.29 sys=0.06, real=0.11 secs] 
2014-04-09T13:54:04.358+0900: 39.297: [GC pause (G1 Evacuation Pause) (young), 0.1153594 secs]
   [Parallel Time: 102.4 ms, GC Workers: 13]
      [GC Worker Start (ms): Min: 39297.5, Avg: 39297.6, Max: 39297.7, Diff: 0.1]
      [Ext Root Scanning (ms): Min: 1.2, Avg: 1.3, Max: 1.9, Diff: 0.7, Sum: 17.5]
      [Update RS (ms): Min: 5.4, Avg: 5.8, Max: 8.1, Diff: 2.7, Sum: 75.5]
         [Processed Buffers: Min: 2, Avg: 14.8, Max: 25, Diff: 23, Sum: 193]
      [Scan RS (ms): Min: 8.0, Avg: 10.2, Max: 10.8, Diff: 2.9, Sum: 132.4]
      [Code Root Scanning (ms): Min: 0.0, Avg: 0.0, Max: 0.0, Diff: 0.0, Sum: 0.0]
      [Object Copy (ms): Min: 84.5, Avg: 84.7, Max: 85.1, Diff: 0.6, Sum: 1101.3]
      [Termination (ms): Min: 0.0, Avg: 0.0, Max: 0.0, Diff: 0.0, Sum: 0.1]
      [GC Worker Other (ms): Min: 0.0, Avg: 0.1, Max: 0.1, Diff: 0.1, Sum: 0.7]
      [GC Worker Total (ms): Min: 102.0, Avg: 102.1, Max: 102.2, Diff: 0.2, Sum: 1327.6]
      [GC Worker End (ms): Min: 39399.7, Avg: 39399.7, Max: 39399.8, Diff: 0.1]
   [Code Root Fixup: 0.4 ms]
   [Code Root Migration: 0.0 ms]
   [Clear CT: 1.5 ms]
   [Other: 11.1 ms]
      [Choose CSet: 0.0 ms]
      [Ref Proc: 6.9 ms]
      [Ref Enq: 0.6 ms]
      [Free CSet: 0.6 ms]
   [Eden: 1056.0M(1056.0M)->0.0B(1056.0M) Survivors: 160.0M->160.0M Heap: 7241.4M(24.0G)->6417.4M(24.0G)]
 [Times: user=1.28 sys=0.06, real=0.11 secs] 
2014-04-09T13:54:05.361+0900: 40.301: [GC pause (G1 Evacuation Pause) (young), 0.1160097 secs]
   [Parallel Time: 102.4 ms, GC Workers: 13]
      [GC Worker Start (ms): Min: 40301.2, Avg: 40301.2, Max: 40301.3, Diff: 0.1]
      [Ext Root Scanning (ms): Min: 1.0, Avg: 1.3, Max: 1.9, Diff: 0.9, Sum: 17.4]
      [Update RS (ms): Min: 6.1, Avg: 7.9, Max: 14.6, Diff: 8.4, Sum: 103.2]
         [Processed Buffers: Min: 0, Avg: 14.8, Max: 29, Diff: 29, Sum: 193]
      [Scan RS (ms): Min: 5.0, Avg: 11.5, Max: 13.4, Diff: 8.4, Sum: 149.1]
      [Code Root Scanning (ms): Min: 0.0, Avg: 0.0, Max: 0.0, Diff: 0.0, Sum: 0.0]
      [Object Copy (ms): Min: 81.0, Avg: 81.2, Max: 81.4, Diff: 0.4, Sum: 1055.7]
      [Termination (ms): Min: 0.0, Avg: 0.2, Max: 0.2, Diff: 0.2, Sum: 2.3]
      [GC Worker Other (ms): Min: 0.0, Avg: 0.0, Max: 0.1, Diff: 0.1, Sum: 0.4]
      [GC Worker Total (ms): Min: 102.1, Avg: 102.2, Max: 102.2, Diff: 0.2, Sum: 1328.0]
      [GC Worker End (ms): Min: 40403.4, Avg: 40403.4, Max: 40403.4, Diff: 0.1]
   [Code Root Fixup: 0.3 ms]
   [Code Root Migration: 0.0 ms]
   [Clear CT: 1.5 ms]
   [Other: 11.8 ms]
      [Choose CSet: 0.0 ms]
      [Ref Proc: 7.3 ms]
      [Ref Enq: 0.8 ms]
      [Free CSet: 0.7 ms]
   [Eden: 1056.0M(1056.0M)->0.0B(1056.0M) Survivors: 160.0M->160.0M Heap: 7473.4M(24.0G)->6665.4M(24.0G)]
 [Times: user=1.30 sys=0.06, real=0.12 secs] 
2014-04-09T13:54:06.335+0900: 41.274: [GC pause (G1 Evacuation Pause) (young), 0.1147311 secs]
   [Parallel Time: 101.1 ms, GC Workers: 13]
      [GC Worker Start (ms): Min: 41274.4, Avg: 41274.5, Max: 41274.6, Diff: 0.1]
      [Ext Root Scanning (ms): Min: 0.9, Avg: 1.4, Max: 1.7, Diff: 0.7, Sum: 17.9]
      [Update RS (ms): Min: 5.7, Avg: 6.0, Max: 6.9, Diff: 1.2, Sum: 78.6]
         [Processed Buffers: Min: 8, Avg: 14.8, Max: 27, Diff: 19, Sum: 192]
      [Scan RS (ms): Min: 10.5, Avg: 11.2, Max: 11.6, Diff: 1.1, Sum: 146.0]
      [Code Root Scanning (ms): Min: 0.0, Avg: 0.0, Max: 0.0, Diff: 0.0, Sum: 0.0]
      [Object Copy (ms): Min: 81.9, Avg: 82.1, Max: 82.4, Diff: 0.6, Sum: 1066.9]
      [Termination (ms): Min: 0.0, Avg: 0.0, Max: 0.0, Diff: 0.0, Sum: 0.2]
      [GC Worker Other (ms): Min: 0.0, Avg: 0.0, Max: 0.1, Diff: 0.1, Sum: 0.6]
      [GC Worker Total (ms): Min: 100.7, Avg: 100.8, Max: 100.9, Diff: 0.1, Sum: 1310.2]
      [GC Worker End (ms): Min: 41375.3, Avg: 41375.3, Max: 41375.3, Diff: 0.1]
   [Code Root Fixup: 0.4 ms]
   [Code Root Migration: 0.0 ms]
   [Clear CT: 1.7 ms]
   [Other: 11.5 ms]
      [Choose CSet: 0.0 ms]
      [Ref Proc: 6.9 ms]
      [Ref Enq: 0.8 ms]
      [Free CSet: 0.7 ms]
   [Eden: 1056.0M(1056.0M)->0.0B(1056.0M) Survivors: 160.0M->160.0M Heap: 7721.4M(24.0G)->6889.4M(24.0G)]
 [Times: user=1.27 sys=0.06, real=0.12 secs] 
2014-04-09T13:54:07.331+0900: 42.270: [GC pause (G1 Evacuation Pause) (young), 0.1165050 secs]
   [Parallel Time: 102.5 ms, GC Workers: 13]
      [GC Worker Start (ms): Min: 42270.6, Avg: 42270.7, Max: 42270.8, Diff: 0.1]
      [Ext Root Scanning (ms): Min: 0.9, Avg: 1.3, Max: 1.8, Diff: 0.9, Sum: 17.3]
      [Update RS (ms): Min: 5.5, Avg: 5.8, Max: 6.6, Diff: 1.1, Sum: 75.4]
         [Processed Buffers: Min: 7, Avg: 13.8, Max: 28, Diff: 21, Sum: 180]
      [Scan RS (ms): Min: 11.0, Avg: 11.7, Max: 12.1, Diff: 1.1, Sum: 152.3]
      [Code Root Scanning (ms): Min: 0.0, Avg: 0.0, Max: 0.0, Diff: 0.0, Sum: 0.0]
      [Object Copy (ms): Min: 83.2, Avg: 83.3, Max: 83.7, Diff: 0.6, Sum: 1083.5]
      [Termination (ms): Min: 0.0, Avg: 0.0, Max: 0.0, Diff: 0.0, Sum: 0.0]
      [GC Worker Other (ms): Min: 0.0, Avg: 0.0, Max: 0.1, Diff: 0.1, Sum: 0.5]
      [GC Worker Total (ms): Min: 102.1, Avg: 102.2, Max: 102.3, Diff: 0.2, Sum: 1329.0]
      [GC Worker End (ms): Min: 42372.9, Avg: 42372.9, Max: 42373.0, Diff: 0.1]
   [Code Root Fixup: 0.4 ms]
   [Code Root Migration: 0.0 ms]
   [Clear CT: 1.7 ms]
   [Other: 11.8 ms]
      [Choose CSet: 0.0 ms]
      [Ref Proc: 7.1 ms]
      [Ref Enq: 0.8 ms]
      [Free CSet: 0.7 ms]
   [Eden: 1056.0M(1056.0M)->0.0B(1056.0M) Survivors: 160.0M->160.0M Heap: 7945.4M(24.0G)->7121.4M(24.0G)]
 [Times: user=1.30 sys=0.06, real=0.12 secs] 
2014-04-09T13:54:08.320+0900: 43.260: [GC pause (G1 Evacuation Pause) (young), 0.1133360 secs]
   [Parallel Time: 100.1 ms, GC Workers: 13]
      [GC Worker Start (ms): Min: 43260.1, Avg: 43260.2, Max: 43260.3, Diff: 0.1]
      [Ext Root Scanning (ms): Min: 1.2, Avg: 1.3, Max: 1.9, Diff: 0.7, Sum: 17.3]
      [Update RS (ms): Min: 5.4, Avg: 6.0, Max: 6.4, Diff: 1.0, Sum: 78.3]
         [Processed Buffers: Min: 6, Avg: 13.8, Max: 24, Diff: 18, Sum: 179]
      [Scan RS (ms): Min: 11.7, Avg: 12.0, Max: 12.5, Diff: 0.9, Sum: 155.7]
      [Code Root Scanning (ms): Min: 0.0, Avg: 0.0, Max: 0.0, Diff: 0.0, Sum: 0.0]
      [Object Copy (ms): Min: 80.0, Avg: 80.2, Max: 80.4, Diff: 0.4, Sum: 1042.7]
      [Termination (ms): Min: 0.0, Avg: 0.2, Max: 0.3, Diff: 0.3, Sum: 3.1]
      [GC Worker Other (ms): Min: 0.0, Avg: 0.0, Max: 0.0, Diff: 0.0, Sum: 0.3]
      [GC Worker Total (ms): Min: 99.7, Avg: 99.8, Max: 99.9, Diff: 0.1, Sum: 1297.3]
      [GC Worker End (ms): Min: 43360.0, Avg: 43360.0, Max: 43360.0, Diff: 0.0]
   [Code Root Fixup: 0.4 ms]
   [Code Root Migration: 0.0 ms]
   [Clear CT: 1.6 ms]
   [Other: 11.2 ms]
      [Choose CSet: 0.0 ms]
      [Ref Proc: 6.6 ms]
      [Ref Enq: 0.6 ms]
      [Free CSet: 0.6 ms]
   [Eden: 1056.0M(1056.0M)->0.0B(1056.0M) Survivors: 160.0M->160.0M Heap: 8177.4M(24.0G)->7353.4M(24.0G)]
 [Times: user=1.25 sys=0.07, real=0.11 secs] 
2014-04-09T13:54:09.294+0900: 44.234: [GC pause (G1 Evacuation Pause) (young), 0.1172910 secs]
   [Parallel Time: 103.6 ms, GC Workers: 13]
      [GC Worker Start (ms): Min: 44234.3, Avg: 44234.3, Max: 44234.4, Diff: 0.1]
      [Ext Root Scanning (ms): Min: 0.9, Avg: 1.3, Max: 1.7, Diff: 0.8, Sum: 17.0]
      [Update RS (ms): Min: 4.8, Avg: 5.3, Max: 6.8, Diff: 1.9, Sum: 68.4]
         [Processed Buffers: Min: 6, Avg: 15.2, Max: 30, Diff: 24, Sum: 197]
      [Scan RS (ms): Min: 10.4, Avg: 12.0, Max: 12.5, Diff: 2.0, Sum: 155.6]
      [Code Root Scanning (ms): Min: 0.0, Avg: 0.0, Max: 0.0, Diff: 0.0, Sum: 0.0]
      [Object Copy (ms): Min: 84.6, Avg: 84.7, Max: 85.1, Diff: 0.6, Sum: 1101.3]
      [Termination (ms): Min: 0.0, Avg: 0.0, Max: 0.0, Diff: 0.0, Sum: 0.0]
      [GC Worker Other (ms): Min: 0.0, Avg: 0.0, Max: 0.1, Diff: 0.0, Sum: 0.4]
      [GC Worker Total (ms): Min: 103.2, Avg: 103.3, Max: 103.4, Diff: 0.1, Sum: 1342.7]
      [GC Worker End (ms): Min: 44337.6, Avg: 44337.6, Max: 44337.6, Diff: 0.0]
   [Code Root Fixup: 0.4 ms]
   [Code Root Migration: 0.0 ms]
   [Clear CT: 1.8 ms]
   [Other: 11.4 ms]
      [Choose CSet: 0.0 ms]
      [Ref Proc: 6.8 ms]
      [Ref Enq: 0.7 ms]
      [Free CSet: 0.7 ms]
   [Eden: 1056.0M(1056.0M)->0.0B(1056.0M) Survivors: 160.0M->160.0M Heap: 8409.4M(24.0G)->7585.4M(24.0G)]
 [Times: user=1.31 sys=0.05, real=0.12 secs] 
2014-04-09T13:54:10.307+0900: 45.246: [GC pause (G1 Evacuation Pause) (young) (initial-mark), 0.1151253 secs]
   [Parallel Time: 101.0 ms, GC Workers: 13]
      [GC Worker Start (ms): Min: 45246.6, Avg: 45246.6, Max: 45246.7, Diff: 0.1]
      [Ext Root Scanning (ms): Min: 0.8, Avg: 1.3, Max: 3.7, Diff: 2.9, Sum: 16.9]
      [Code Root Marking (ms): Min: 0.0, Avg: 0.7, Max: 6.5, Diff: 6.5, Sum: 8.8]
      [Update RS (ms): Min: 0.0, Avg: 5.6, Max: 7.4, Diff: 7.4, Sum: 73.1]
         [Processed Buffers: Min: 0, Avg: 13.8, Max: 30, Diff: 30, Sum: 179]
      [Scan RS (ms): Min: 11.0, Avg: 11.9, Max: 12.3, Diff: 1.3, Sum: 154.5]
      [Code Root Scanning (ms): Min: 0.0, Avg: 0.0, Max: 0.0, Diff: 0.0, Sum: 0.0]
      [Object Copy (ms): Min: 80.7, Avg: 81.2, Max: 81.4, Diff: 0.6, Sum: 1055.3]
      [Termination (ms): Min: 0.0, Avg: 0.0, Max: 0.0, Diff: 0.0, Sum: 0.2]
      [GC Worker Other (ms): Min: 0.0, Avg: 0.0, Max: 0.1, Diff: 0.1, Sum: 0.5]
      [GC Worker Total (ms): Min: 100.6, Avg: 100.7, Max: 100.8, Diff: 0.1, Sum: 1309.4]
      [GC Worker End (ms): Min: 45347.3, Avg: 45347.4, Max: 45347.4, Diff: 0.1]
   [Code Root Fixup: 0.4 ms]
   [Code Root Migration: 0.0 ms]
   [Clear CT: 1.9 ms]
   [Other: 11.8 ms]
      [Choose CSet: 0.0 ms]
      [Ref Proc: 6.5 ms]
      [Ref Enq: 0.7 ms]
      [Free CSet: 0.7 ms]
   [Eden: 1056.0M(1056.0M)->0.0B(1056.0M) Survivors: 160.0M->160.0M Heap: 8641.4M(24.0G)->7809.4M(24.0G)]
 [Times: user=1.29 sys=0.06, real=0.12 secs] 
2014-04-09T13:54:10.422+0900: 45.361: [GC concurrent-root-region-scan-start]
2014-04-09T13:54:10.470+0900: 45.409: [GC concurrent-root-region-scan-end, 0.0477312 secs]
2014-04-09T13:54:10.470+0900: 45.409: [GC concurrent-mark-start]
2014-04-09T13:54:11.360+0900: 46.299: [GC concurrent-mark-end, 0.8900433 secs]
2014-04-09T13:54:11.361+0900: 46.301: [GC remark 46.352: [GC ref-proc, 0.0117622 secs], 0.0822101 secs]
 [Times: user=0.83 sys=0.00, real=0.08 secs] 
2014-04-09T13:54:11.445+0900: 46.384: [GC cleanup 8665M->8665M(24G), 0.0144761 secs]
 [Times: user=0.17 sys=0.00, real=0.02 secs] 
2014-04-09T13:54:11.634+0900: 46.574: [GC pause (G1 Evacuation Pause) (young), 0.1167673 secs]
   [Parallel Time: 103.3 ms, GC Workers: 13]
      [GC Worker Start (ms): Min: 46574.0, Avg: 46574.1, Max: 46574.2, Diff: 0.2]
      [Ext Root Scanning (ms): Min: 1.3, Avg: 1.4, Max: 2.1, Diff: 0.8, Sum: 18.3]
      [Update RS (ms): Min: 5.0, Avg: 5.6, Max: 6.7, Diff: 1.8, Sum: 73.1]
         [Processed Buffers: Min: 7, Avg: 15.3, Max: 31, Diff: 24, Sum: 199]
      [Scan RS (ms): Min: 10.9, Avg: 12.1, Max: 12.8, Diff: 1.8, Sum: 156.8]
      [Code Root Scanning (ms): Min: 0.0, Avg: 0.0, Max: 0.0, Diff: 0.0, Sum: 0.0]
      [Object Copy (ms): Min: 83.5, Avg: 83.9, Max: 84.0, Diff: 0.5, Sum: 1090.5]
      [Termination (ms): Min: 0.0, Avg: 0.0, Max: 0.0, Diff: 0.0, Sum: 0.2]
      [GC Worker Other (ms): Min: 0.0, Avg: 0.0, Max: 0.1, Diff: 0.1, Sum: 0.5]
      [GC Worker Total (ms): Min: 102.9, Avg: 103.0, Max: 103.1, Diff: 0.2, Sum: 1339.4]
      [GC Worker End (ms): Min: 46677.1, Avg: 46677.1, Max: 46677.2, Diff: 0.1]
   [Code Root Fixup: 0.3 ms]
   [Code Root Migration: 0.0 ms]
   [Clear CT: 1.8 ms]
   [Other: 11.3 ms]
      [Choose CSet: 0.0 ms]
      [Ref Proc: 6.4 ms]
      [Ref Enq: 0.7 ms]
      [Free CSet: 0.7 ms]
   [Eden: 1056.0M(1056.0M)->0.0B(1056.0M) Survivors: 160.0M->160.0M Heap: 8865.4M(24.0G)->8041.4M(24.0G)]
 [Times: user=1.31 sys=0.06, real=0.12 secs] 
2014-04-09T13:54:12.623+0900: 47.563: [GC pause (G1 Evacuation Pause) (mixed), 0.2343692 secs]
   [Parallel Time: 218.5 ms, GC Workers: 13]
      [GC Worker Start (ms): Min: 47563.4, Avg: 47563.5, Max: 47563.6, Diff: 0.1]
      [Ext Root Scanning (ms): Min: 0.9, Avg: 1.4, Max: 2.4, Diff: 1.5, Sum: 17.7]
      [Update RS (ms): Min: 8.2, Avg: 9.2, Max: 10.4, Diff: 2.2, Sum: 120.1]
         [Processed Buffers: Min: 6, Avg: 16.2, Max: 30, Diff: 24, Sum: 211]
      [Scan RS (ms): Min: 43.9, Avg: 45.0, Max: 45.8, Diff: 1.9, Sum: 585.3]
      [Code Root Scanning (ms): Min: 0.0, Avg: 0.0, Max: 0.1, Diff: 0.1, Sum: 0.2]
      [Object Copy (ms): Min: 161.4, Avg: 162.1, Max: 163.2, Diff: 1.8, Sum: 2107.0]
      [Termination (ms): Min: 0.0, Avg: 0.5, Max: 0.7, Diff: 0.6, Sum: 6.6]
      [GC Worker Other (ms): Min: 0.0, Avg: 0.0, Max: 0.1, Diff: 0.1, Sum: 0.5]
      [GC Worker Total (ms): Min: 218.2, Avg: 218.3, Max: 218.4, Diff: 0.2, Sum: 2837.5]
      [GC Worker End (ms): Min: 47781.8, Avg: 47781.8, Max: 47781.8, Diff: 0.1]
   [Code Root Fixup: 0.5 ms]
   [Code Root Migration: 0.4 ms]
   [Clear CT: 2.2 ms]
   [Other: 12.8 ms]
      [Choose CSet: 0.2 ms]
      [Ref Proc: 7.0 ms]
      [Ref Enq: 0.7 ms]
      [Free CSet: 1.4 ms]
   [Eden: 1056.0M(1056.0M)->0.0B(1056.0M) Survivors: 160.0M->160.0M Heap: 9097.4M(24.0G)->7632.0M(24.0G)]
 [Times: user=2.56 sys=0.10, real=0.24 secs] 
2014-04-09T13:54:13.736+0900: 48.676: [GC pause (G1 Evacuation Pause) (mixed), 0.1635039 secs]
   [Parallel Time: 146.7 ms, GC Workers: 13]
      [GC Worker Start (ms): Min: 48676.4, Avg: 48676.5, Max: 48676.6, Diff: 0.1]
      [Ext Root Scanning (ms): Min: 1.3, Avg: 1.4, Max: 2.3, Diff: 1.0, Sum: 18.8]
      [Update RS (ms): Min: 1.9, Avg: 3.1, Max: 5.0, Diff: 3.1, Sum: 40.4]
         [Processed Buffers: Min: 9, Avg: 14.8, Max: 23, Diff: 14, Sum: 192]
      [Scan RS (ms): Min: 26.1, Avg: 28.0, Max: 28.4, Diff: 2.3, Sum: 363.8]
      [Code Root Scanning (ms): Min: 0.0, Avg: 0.0, Max: 0.0, Diff: 0.0, Sum: 0.1]
      [Object Copy (ms): Min: 113.5, Avg: 113.6, Max: 113.9, Diff: 0.4, Sum: 1477.2]
      [Termination (ms): Min: 0.0, Avg: 0.2, Max: 0.2, Diff: 0.2, Sum: 2.6]
      [GC Worker Other (ms): Min: 0.0, Avg: 0.0, Max: 0.1, Diff: 0.1, Sum: 0.5]
      [GC Worker Total (ms): Min: 146.4, Avg: 146.4, Max: 146.5, Diff: 0.2, Sum: 1903.3]
      [GC Worker End (ms): Min: 48822.9, Avg: 48822.9, Max: 48823.0, Diff: 0.1]
   [Code Root Fixup: 0.4 ms]
   [Code Root Migration: 0.1 ms]
   [Clear CT: 2.2 ms]
   [Other: 14.1 ms]
      [Choose CSet: 0.2 ms]
      [Ref Proc: 7.7 ms]
      [Ref Enq: 0.9 ms]
      [Free CSet: 1.4 ms]
   [Eden: 1056.0M(1056.0M)->0.0B(1056.0M) Survivors: 160.0M->160.0M Heap: 8688.0M(24.0G)->7192.0M(24.0G)]
 [Times: user=1.89 sys=0.05, real=0.17 secs] 
2014-04-09T13:54:14.852+0900: 49.792: [GC pause (G1 Evacuation Pause) (mixed), 0.1184408 secs]
   [Parallel Time: 104.1 ms, GC Workers: 13]
      [GC Worker Start (ms): Min: 49792.1, Avg: 49792.1, Max: 49792.2, Diff: 0.1]
      [Ext Root Scanning (ms): Min: 1.2, Avg: 1.3, Max: 1.8, Diff: 0.5, Sum: 17.4]
      [Update RS (ms): Min: 4.8, Avg: 5.8, Max: 7.6, Diff: 2.8, Sum: 75.1]
         [Processed Buffers: Min: 6, Avg: 14.6, Max: 29, Diff: 23, Sum: 190]
      [Scan RS (ms): Min: 10.6, Avg: 12.3, Max: 12.9, Diff: 2.3, Sum: 160.0]
      [Code Root Scanning (ms): Min: 0.0, Avg: 0.0, Max: 0.0, Diff: 0.0, Sum: 0.0]
      [Object Copy (ms): Min: 84.3, Avg: 84.4, Max: 84.7, Diff: 0.4, Sum: 1097.3]
      [Termination (ms): Min: 0.0, Avg: 0.0, Max: 0.0, Diff: 0.0, Sum: 0.2]
      [GC Worker Other (ms): Min: 0.0, Avg: 0.0, Max: 0.1, Diff: 0.1, Sum: 0.6]
      [GC Worker Total (ms): Min: 103.8, Avg: 103.9, Max: 104.0, Diff: 0.2, Sum: 1350.6]
      [GC Worker End (ms): Min: 49896.0, Avg: 49896.0, Max: 49896.1, Diff: 0.1]
   [Code Root Fixup: 0.2 ms]
   [Code Root Migration: 0.0 ms]
   [Clear CT: 2.2 ms]
   [Other: 11.9 ms]
      [Choose CSet: 0.1 ms]
      [Ref Proc: 7.3 ms]
      [Ref Enq: 0.8 ms]
      [Free CSet: 0.8 ms]
   [Eden: 1056.0M(1056.0M)->0.0B(1056.0M) Survivors: 160.0M->160.0M Heap: 8248.0M(24.0G)->7288.0M(24.0G)]
 [Times: user=1.35 sys=0.03, real=0.12 secs] 
2014-04-09T13:54:15.842+0900: 50.782: [GC pause (G1 Evacuation Pause) (young), 0.1126534 secs]
   [Parallel Time: 98.9 ms, GC Workers: 13]
      [GC Worker Start (ms): Min: 50781.9, Avg: 50782.0, Max: 50782.1, Diff: 0.1]
      [Ext Root Scanning (ms): Min: 1.2, Avg: 1.3, Max: 1.7, Diff: 0.5, Sum: 17.3]
      [Update RS (ms): Min: 5.7, Avg: 6.1, Max: 6.7, Diff: 1.0, Sum: 79.6]
         [Processed Buffers: Min: 3, Avg: 14.7, Max: 26, Diff: 23, Sum: 191]
      [Scan RS (ms): Min: 9.3, Avg: 10.0, Max: 10.5, Diff: 1.3, Sum: 129.4]
      [Code Root Scanning (ms): Min: 0.0, Avg: 0.0, Max: 0.0, Diff: 0.0, Sum: 0.0]
      [Object Copy (ms): Min: 81.0, Avg: 81.2, Max: 81.3, Diff: 0.3, Sum: 1055.4]
      [Termination (ms): Min: 0.0, Avg: 0.0, Max: 0.0, Diff: 0.0, Sum: 0.0]
      [GC Worker Other (ms): Min: 0.0, Avg: 0.1, Max: 0.1, Diff: 0.1, Sum: 0.7]
      [GC Worker Total (ms): Min: 98.5, Avg: 98.7, Max: 98.8, Diff: 0.2, Sum: 1282.5]
      [GC Worker End (ms): Min: 50880.6, Avg: 50880.6, Max: 50880.7, Diff: 0.1]
   [Code Root Fixup: 0.4 ms]
   [Code Root Migration: 0.0 ms]
   [Clear CT: 2.0 ms]
   [Other: 11.3 ms]
      [Choose CSet: 0.0 ms]
      [Ref Proc: 7.3 ms]
      [Ref Enq: 0.8 ms]
      [Free CSet: 0.7 ms]
   [Eden: 1056.0M(1056.0M)->0.0B(1056.0M) Survivors: 160.0M->160.0M Heap: 8344.0M(24.0G)->7536.0M(24.0G)]
 [Times: user=1.30 sys=0.01, real=0.11 secs] 
2014-04-09T13:54:16.823+0900: 51.762: [GC pause (G1 Evacuation Pause) (young) (initial-mark), 0.1141291 secs]
   [Parallel Time: 100.2 ms, GC Workers: 13]
      [GC Worker Start (ms): Min: 51762.6, Avg: 51762.7, Max: 51762.8, Diff: 0.1]
      [Ext Root Scanning (ms): Min: 1.2, Avg: 1.4, Max: 3.6, Diff: 2.4, Sum: 18.1]
      [Code Root Marking (ms): Min: 0.0, Avg: 0.7, Max: 6.1, Diff: 6.1, Sum: 8.5]
      [Update RS (ms): Min: 0.0, Avg: 5.2, Max: 7.0, Diff: 7.0, Sum: 67.0]
         [Processed Buffers: Min: 0, Avg: 14.8, Max: 31, Diff: 31, Sum: 193]
      [Scan RS (ms): Min: 9.4, Avg: 10.5, Max: 11.1, Diff: 1.7, Sum: 136.2]
      [Code Root Scanning (ms): Min: 0.0, Avg: 0.0, Max: 0.0, Diff: 0.0, Sum: 0.0]
      [Object Copy (ms): Min: 81.8, Avg: 82.1, Max: 82.6, Diff: 0.8, Sum: 1067.9]
      [Termination (ms): Min: 0.0, Avg: 0.0, Max: 0.0, Diff: 0.0, Sum: 0.1]
      [GC Worker Other (ms): Min: 0.0, Avg: 0.0, Max: 0.1, Diff: 0.1, Sum: 0.6]
      [GC Worker Total (ms): Min: 99.8, Avg: 99.9, Max: 100.0, Diff: 0.2, Sum: 1298.4]
      [GC Worker End (ms): Min: 51862.5, Avg: 51862.6, Max: 51862.6, Diff: 0.1]
   [Code Root Fixup: 0.4 ms]
   [Code Root Migration: 0.0 ms]
   [Clear CT: 2.1 ms]
   [Other: 11.5 ms]
      [Choose CSet: 0.0 ms]
      [Ref Proc: 6.8 ms]
      [Ref Enq: 0.7 ms]
      [Free CSet: 0.7 ms]
   [Eden: 1056.0M(1056.0M)->0.0B(1056.0M) Survivors: 160.0M->160.0M Heap: 8592.0M(24.0G)->7768.0M(24.0G)]
 [Times: user=1.30 sys=0.03, real=0.11 secs] 
2014-04-09T13:54:16.937+0900: 51.876: [GC concurrent-root-region-scan-start]
2014-04-09T13:54:16.988+0900: 51.928: [GC concurrent-root-region-scan-end, 0.0511793 secs]
2014-04-09T13:54:16.988+0900: 51.928: [GC concurrent-mark-start]
2014-04-09T13:54:18.097+0900: 53.037: [GC pause (G1 Evacuation Pause) (young), 0.1100134 secs]
   [Parallel Time: 96.6 ms, GC Workers: 13]
      [GC Worker Start (ms): Min: 53037.0, Avg: 53037.0, Max: 53037.1, Diff: 0.1]
      [Ext Root Scanning (ms): Min: 1.3, Avg: 1.4, Max: 1.6, Diff: 0.4, Sum: 17.7]
      [SATB Filtering (ms): Min: 0.0, Avg: 0.2, Max: 2.5, Diff: 2.5, Sum: 2.5]
      [Update RS (ms): Min: 2.5, Avg: 4.8, Max: 7.2, Diff: 4.6, Sum: 62.8]
         [Processed Buffers: Min: 7, Avg: 13.9, Max: 20, Diff: 13, Sum: 181]
      [Scan RS (ms): Min: 9.1, Avg: 11.1, Max: 11.6, Diff: 2.5, Sum: 144.2]
      [Code Root Scanning (ms): Min: 0.0, Avg: 0.0, Max: 0.0, Diff: 0.0, Sum: 0.0]
      [Object Copy (ms): Min: 78.3, Avg: 78.8, Max: 79.1, Diff: 0.8, Sum: 1024.8]
      [Termination (ms): Min: 0.0, Avg: 0.0, Max: 0.0, Diff: 0.0, Sum: 0.0]
      [GC Worker Other (ms): Min: 0.0, Avg: 0.0, Max: 0.1, Diff: 0.1, Sum: 0.5]
      [GC Worker Total (ms): Min: 96.3, Avg: 96.4, Max: 96.4, Diff: 0.2, Sum: 1252.6]
      [GC Worker End (ms): Min: 53133.4, Avg: 53133.4, Max: 53133.4, Diff: 0.1]
   [Code Root Fixup: 0.3 ms]
   [Code Root Migration: 0.0 ms]
   [Clear CT: 2.2 ms]
   [Other: 10.9 ms]
      [Choose CSet: 0.0 ms]
      [Ref Proc: 6.8 ms]
      [Ref Enq: 0.7 ms]
      [Free CSet: 0.7 ms]
   [Eden: 1056.0M(1056.0M)->0.0B(1056.0M) Survivors: 160.0M->160.0M Heap: 8824.0M(24.0G)->7992.0M(24.0G)]
 [Times: user=1.26 sys=0.01, real=0.11 secs] 
2014-04-09T13:54:18.231+0900: 53.170: [GC concurrent-mark-end, 1.2424296 secs]
2014-04-09T13:54:18.232+0900: 53.172: [GC remark 53.173: [GC ref-proc, 0.0109158 secs], 0.0317078 secs]
 [Times: user=0.19 sys=0.00, real=0.03 secs] 
2014-04-09T13:54:18.267+0900: 53.206: [GC cleanup 8038M->8038M(24G), 0.0177500 secs]
 [Times: user=0.22 sys=0.00, real=0.02 secs] 
2014-04-09T13:54:19.145+0900: 54.084: [GC pause (G1 Evacuation Pause) (young), 0.1126721 secs]
   [Parallel Time: 99.2 ms, GC Workers: 13]
      [GC Worker Start (ms): Min: 54084.7, Avg: 54084.8, Max: 54084.9, Diff: 0.1]
      [Ext Root Scanning (ms): Min: 1.3, Avg: 1.4, Max: 1.7, Diff: 0.5, Sum: 18.0]
      [Update RS (ms): Min: 4.6, Avg: 5.1, Max: 6.0, Diff: 1.4, Sum: 66.0]
         [Processed Buffers: Min: 6, Avg: 14.5, Max: 30, Diff: 24, Sum: 189]
      [Scan RS (ms): Min: 9.9, Avg: 10.7, Max: 11.3, Diff: 1.5, Sum: 138.6]
      [Code Root Scanning (ms): Min: 0.0, Avg: 0.0, Max: 0.0, Diff: 0.0, Sum: 0.0]
      [Object Copy (ms): Min: 81.5, Avg: 81.7, Max: 81.9, Diff: 0.3, Sum: 1062.5]
      [Termination (ms): Min: 0.0, Avg: 0.0, Max: 0.0, Diff: 0.0, Sum: 0.1]
      [GC Worker Other (ms): Min: 0.0, Avg: 0.0, Max: 0.1, Diff: 0.1, Sum: 0.6]
      [GC Worker Total (ms): Min: 98.8, Avg: 98.9, Max: 99.0, Diff: 0.2, Sum: 1285.8]
      [GC Worker End (ms): Min: 54183.7, Avg: 54183.7, Max: 54183.8, Diff: 0.1]
   [Code Root Fixup: 0.4 ms]
   [Code Root Migration: 0.0 ms]
   [Clear CT: 2.1 ms]
   [Other: 10.9 ms]
      [Choose CSet: 0.0 ms]
      [Ref Proc: 6.7 ms]
      [Ref Enq: 0.7 ms]
      [Free CSet: 0.8 ms]
   [Eden: 1056.0M(1056.0M)->0.0B(1056.0M) Survivors: 160.0M->160.0M Heap: 9048.0M(24.0G)->8248.0M(24.0G)]
 [Times: user=1.30 sys=0.02, real=0.11 secs] 
2014-04-09T13:54:20.139+0900: 55.078: [GC pause (G1 Evacuation Pause) (mixed), 0.1349625 secs]
   [Parallel Time: 118.4 ms, GC Workers: 13]
      [GC Worker Start (ms): Min: 55078.8, Avg: 55078.9, Max: 55079.0, Diff: 0.1]
      [Ext Root Scanning (ms): Min: 1.2, Avg: 1.4, Max: 2.1, Diff: 0.9, Sum: 17.9]
      [Update RS (ms): Min: 4.9, Avg: 5.6, Max: 6.4, Diff: 1.5, Sum: 72.6]
         [Processed Buffers: Min: 6, Avg: 14.2, Max: 33, Diff: 27, Sum: 185]
      [Scan RS (ms): Min: 18.1, Avg: 18.9, Max: 19.4, Diff: 1.3, Sum: 245.4]
      [Code Root Scanning (ms): Min: 0.0, Avg: 0.0, Max: 0.0, Diff: 0.0, Sum: 0.0]
      [Object Copy (ms): Min: 92.1, Avg: 92.3, Max: 92.5, Diff: 0.3, Sum: 1199.7]
      [Termination (ms): Min: 0.0, Avg: 0.1, Max: 0.1, Diff: 0.1, Sum: 1.2]
      [GC Worker Other (ms): Min: 0.0, Avg: 0.0, Max: 0.1, Diff: 0.0, Sum: 0.4]
      [GC Worker Total (ms): Min: 118.2, Avg: 118.3, Max: 118.4, Diff: 0.2, Sum: 1537.3]
      [GC Worker End (ms): Min: 55197.1, Avg: 55197.2, Max: 55197.2, Diff: 0.1]
   [Code Root Fixup: 0.3 ms]
   [Code Root Migration: 0.0 ms]
   [Clear CT: 2.1 ms]
   [Other: 14.1 ms]
      [Choose CSet: 0.2 ms]
      [Ref Proc: 8.0 ms]
      [Ref Enq: 1.0 ms]
      [Free CSet: 1.4 ms]
   [Eden: 1056.0M(1056.0M)->0.0B(1056.0M) Survivors: 160.0M->160.0M Heap: 9304.0M(24.0G)->7888.0M(24.0G)]
 [Times: user=1.51 sys=0.06, real=0.14 secs] 
2014-04-09T13:54:21.159+0900: 56.098: [GC pause (G1 Evacuation Pause) (mixed), 0.1253597 secs]
   [Parallel Time: 109.3 ms, GC Workers: 13]
      [GC Worker Start (ms): Min: 56098.5, Avg: 56098.6, Max: 56098.7, Diff: 0.1]
      [Ext Root Scanning (ms): Min: 1.3, Avg: 1.4, Max: 1.7, Diff: 0.4, Sum: 17.8]
      [Update RS (ms): Min: 5.0, Avg: 5.6, Max: 6.3, Diff: 1.3, Sum: 72.2]
         [Processed Buffers: Min: 4, Avg: 15.5, Max: 26, Diff: 22, Sum: 201]
      [Scan RS (ms): Min: 15.4, Avg: 16.1, Max: 16.5, Diff: 1.1, Sum: 209.0]
      [Code Root Scanning (ms): Min: 0.0, Avg: 0.0, Max: 0.0, Diff: 0.0, Sum: 0.1]
      [Object Copy (ms): Min: 85.8, Avg: 85.9, Max: 86.1, Diff: 0.4, Sum: 1116.7]
      [Termination (ms): Min: 0.0, Avg: 0.1, Max: 0.2, Diff: 0.2, Sum: 1.8]
      [GC Worker Other (ms): Min: 0.0, Avg: 0.0, Max: 0.1, Diff: 0.0, Sum: 0.4]
      [GC Worker Total (ms): Min: 109.0, Avg: 109.1, Max: 109.1, Diff: 0.2, Sum: 1417.9]
      [GC Worker End (ms): Min: 56207.6, Avg: 56207.7, Max: 56207.7, Diff: 0.1]
   [Code Root Fixup: 0.4 ms]
   [Code Root Migration: 0.0 ms]
   [Clear CT: 2.4 ms]
   [Other: 13.2 ms]
      [Choose CSet: 0.1 ms]
      [Ref Proc: 7.6 ms]
      [Ref Enq: 1.1 ms]
      [Free CSet: 1.1 ms]
   [Eden: 1056.0M(1056.0M)->0.0B(1056.0M) Survivors: 160.0M->160.0M Heap: 8944.0M(24.0G)->7920.0M(24.0G)]
 [Times: user=1.42 sys=0.04, real=0.13 secs] 
2014-04-09T13:54:22.152+0900: 57.092: [GC pause (G1 Evacuation Pause) (young), 0.1080443 secs]
   [Parallel Time: 93.9 ms, GC Workers: 13]
      [GC Worker Start (ms): Min: 57092.1, Avg: 57092.2, Max: 57092.3, Diff: 0.1]
      [Ext Root Scanning (ms): Min: 1.3, Avg: 1.4, Max: 1.9, Diff: 0.6, Sum: 18.0]
      [Update RS (ms): Min: 4.3, Avg: 5.2, Max: 6.2, Diff: 1.9, Sum: 67.3]
         [Processed Buffers: Min: 2, Avg: 15.7, Max: 32, Diff: 30, Sum: 204]
      [Scan RS (ms): Min: 9.7, Avg: 10.7, Max: 11.1, Diff: 1.5, Sum: 139.2]
      [Code Root Scanning (ms): Min: 0.0, Avg: 0.0, Max: 0.0, Diff: 0.0, Sum: 0.0]
      [Object Copy (ms): Min: 76.1, Avg: 76.3, Max: 76.4, Diff: 0.3, Sum: 992.1]
      [Termination (ms): Min: 0.0, Avg: 0.0, Max: 0.0, Diff: 0.0, Sum: 0.1]
      [GC Worker Other (ms): Min: 0.0, Avg: 0.0, Max: 0.1, Diff: 0.0, Sum: 0.4]
      [GC Worker Total (ms): Min: 93.5, Avg: 93.6, Max: 93.7, Diff: 0.2, Sum: 1217.1]
      [GC Worker End (ms): Min: 57185.8, Avg: 57185.8, Max: 57185.8, Diff: 0.0]
   [Code Root Fixup: 0.3 ms]
   [Code Root Migration: 0.0 ms]
   [Clear CT: 2.2 ms]
   [Other: 11.6 ms]
      [Choose CSet: 0.0 ms]
      [Ref Proc: 7.1 ms]
      [Ref Enq: 0.8 ms]
      [Free CSet: 0.8 ms]
   [Eden: 1056.0M(1056.0M)->0.0B(1056.0M) Survivors: 160.0M->160.0M Heap: 8976.0M(24.0G)->8160.0M(24.0G)]
 [Times: user=1.23 sys=0.02, real=0.11 secs] 
2014-04-09T13:54:23.119+0900: 58.058: [GC pause (G1 Evacuation Pause) (young) (initial-mark), 0.1138806 secs]
   [Parallel Time: 99.3 ms, GC Workers: 13]
      [GC Worker Start (ms): Min: 58059.0, Avg: 58059.1, Max: 58059.2, Diff: 0.1]
      [Ext Root Scanning (ms): Min: 1.1, Avg: 1.3, Max: 2.6, Diff: 1.5, Sum: 17.1]
      [Code Root Marking (ms): Min: 0.0, Avg: 0.7, Max: 6.5, Diff: 6.4, Sum: 9.3]
      [Update RS (ms): Min: 0.0, Avg: 5.4, Max: 6.8, Diff: 6.8, Sum: 70.6]
         [Processed Buffers: Min: 0, Avg: 15.6, Max: 26, Diff: 26, Sum: 203]
      [Scan RS (ms): Min: 10.3, Avg: 11.0, Max: 11.3, Diff: 1.0, Sum: 143.3]
      [Code Root Scanning (ms): Min: 0.0, Avg: 0.0, Max: 0.0, Diff: 0.0, Sum: 0.0]
      [Object Copy (ms): Min: 80.3, Avg: 80.5, Max: 80.7, Diff: 0.5, Sum: 1046.5]
      [Termination (ms): Min: 0.0, Avg: 0.0, Max: 0.0, Diff: 0.0, Sum: 0.0]
      [GC Worker Other (ms): Min: 0.0, Avg: 0.0, Max: 0.1, Diff: 0.1, Sum: 0.5]
      [GC Worker Total (ms): Min: 98.9, Avg: 99.0, Max: 99.1, Diff: 0.2, Sum: 1287.3]
      [GC Worker End (ms): Min: 58158.1, Avg: 58158.1, Max: 58158.2, Diff: 0.1]
   [Code Root Fixup: 0.3 ms]
   [Code Root Migration: 0.0 ms]
   [Clear CT: 2.2 ms]
   [Other: 12.1 ms]
      [Choose CSet: 0.0 ms]
      [Ref Proc: 7.1 ms]
      [Ref Enq: 0.7 ms]
      [Free CSet: 0.7 ms]
   [Eden: 1056.0M(1056.0M)->0.0B(1056.0M) Survivors: 160.0M->160.0M Heap: 9216.0M(24.0G)->8392.0M(24.0G)]
 [Times: user=1.30 sys=0.02, real=0.12 secs] 
2014-04-09T13:54:23.233+0900: 58.173: [GC concurrent-root-region-scan-start]
2014-04-09T13:54:23.272+0900: 58.212: [GC concurrent-root-region-scan-end, 0.0390870 secs]
2014-04-09T13:54:23.272+0900: 58.212: [GC concurrent-mark-start]
2014-04-09T13:54:24.391+0900: 59.331: [GC pause (G1 Evacuation Pause) (young), 0.1110225 secs]
   [Parallel Time: 96.9 ms, GC Workers: 13]
      [GC Worker Start (ms): Min: 59330.9, Avg: 59331.0, Max: 59331.1, Diff: 0.1]
      [Ext Root Scanning (ms): Min: 1.2, Avg: 1.3, Max: 1.5, Diff: 0.3, Sum: 17.4]
      [SATB Filtering (ms): Min: 0.0, Avg: 0.2, Max: 2.4, Diff: 2.4, Sum: 2.4]
      [Update RS (ms): Min: 2.5, Avg: 4.8, Max: 5.5, Diff: 3.0, Sum: 62.6]
         [Processed Buffers: Min: 5, Avg: 14.4, Max: 32, Diff: 27, Sum: 187]
      [Scan RS (ms): Min: 10.6, Avg: 11.0, Max: 11.3, Diff: 0.7, Sum: 143.4]
      [Code Root Scanning (ms): Min: 0.0, Avg: 0.0, Max: 0.0, Diff: 0.0, Sum: 0.0]
      [Object Copy (ms): Min: 79.0, Avg: 79.2, Max: 79.3, Diff: 0.2, Sum: 1029.2]
      [Termination (ms): Min: 0.0, Avg: 0.0, Max: 0.0, Diff: 0.0, Sum: 0.1]
      [GC Worker Other (ms): Min: 0.0, Avg: 0.1, Max: 0.1, Diff: 0.1, Sum: 0.7]
      [GC Worker Total (ms): Min: 96.5, Avg: 96.6, Max: 96.7, Diff: 0.2, Sum: 1255.9]
      [GC Worker End (ms): Min: 59427.6, Avg: 59427.6, Max: 59427.7, Diff: 0.1]
   [Code Root Fixup: 0.2 ms]
   [Code Root Migration: 0.0 ms]
   [Clear CT: 2.3 ms]
   [Other: 11.5 ms]
      [Choose CSet: 0.0 ms]
      [Ref Proc: 6.9 ms]
      [Ref Enq: 0.8 ms]
      [Free CSet: 0.7 ms]
   [Eden: 1056.0M(1056.0M)->0.0B(1056.0M) Survivors: 160.0M->160.0M Heap: 9448.0M(24.0G)->8648.0M(24.0G)]
 [Times: user=1.26 sys=0.03, real=0.11 secs] 
2014-04-09T13:54:24.555+0900: 59.495: [GC concurrent-mark-end, 1.2831786 secs]
2014-04-09T13:54:24.557+0900: 59.497: [GC remark 59.546: [GC ref-proc, 0.0116104 secs], 0.0830747 secs]
 [Times: user=0.85 sys=0.00, real=0.09 secs] 
2014-04-09T13:54:24.644+0900: 59.584: [GC cleanup 8705M->8705M(24G), 0.0186206 secs]
 [Times: user=0.23 sys=0.00, real=0.02 secs] 
2014-04-09T13:54:25.511+0900: 60.450: [GC pause (G1 Evacuation Pause) (young), 0.1159181 secs]
   [Parallel Time: 101.3 ms, GC Workers: 13]
      [GC Worker Start (ms): Min: 60450.6, Avg: 60450.7, Max: 60450.8, Diff: 0.1]
      [Ext Root Scanning (ms): Min: 0.9, Avg: 1.3, Max: 1.7, Diff: 0.7, Sum: 17.3]
      [Update RS (ms): Min: 5.0, Avg: 7.6, Max: 30.8, Diff: 25.8, Sum: 99.1]
         [Processed Buffers: Min: 4, Avg: 15.6, Max: 27, Diff: 23, Sum: 203]
      [Scan RS (ms): Min: 0.0, Avg: 11.0, Max: 12.5, Diff: 12.5, Sum: 143.1]
      [Code Root Scanning (ms): Min: 0.0, Avg: 0.0, Max: 0.0, Diff: 0.0, Sum: 0.0]
      [Object Copy (ms): Min: 68.8, Avg: 81.0, Max: 82.6, Diff: 13.8, Sum: 1053.0]
      [Termination (ms): Min: 0.0, Avg: 0.0, Max: 0.0, Diff: 0.0, Sum: 0.1]
      [GC Worker Other (ms): Min: 0.0, Avg: 0.0, Max: 0.1, Diff: 0.1, Sum: 0.5]
      [GC Worker Total (ms): Min: 100.9, Avg: 101.0, Max: 101.1, Diff: 0.2, Sum: 1313.0]
      [GC Worker End (ms): Min: 60551.7, Avg: 60551.7, Max: 60551.7, Diff: 0.1]
   [Code Root Fixup: 0.4 ms]
   [Code Root Migration: 0.0 ms]
   [Clear CT: 2.4 ms]
   [Other: 11.8 ms]
      [Choose CSet: 0.0 ms]
      [Ref Proc: 7.1 ms]
      [Ref Enq: 0.8 ms]
      [Free CSet: 0.7 ms]
   [Eden: 1056.0M(1056.0M)->0.0B(1056.0M) Survivors: 160.0M->160.0M Heap: 9704.0M(24.0G)->8896.0M(24.0G)]
 [Times: user=1.29 sys=0.05, real=0.11 secs] 
2014-04-09T13:54:26.492+0900: 61.431: [GC pause (G1 Evacuation Pause) (mixed), 0.1527693 secs]
   [Parallel Time: 133.9 ms, GC Workers: 13]
      [GC Worker Start (ms): Min: 61431.9, Avg: 61432.0, Max: 61432.0, Diff: 0.2]
      [Ext Root Scanning (ms): Min: 0.9, Avg: 1.4, Max: 2.3, Diff: 1.4, Sum: 18.0]
      [Update RS (ms): Min: 5.3, Avg: 10.1, Max: 31.7, Diff: 26.3, Sum: 131.9]
         [Processed Buffers: Min: 6, Avg: 14.7, Max: 28, Diff: 22, Sum: 191]
      [Scan RS (ms): Min: 0.0, Avg: 19.9, Max: 24.5, Diff: 24.4, Sum: 258.4]
      [Code Root Scanning (ms): Min: 0.0, Avg: 0.0, Max: 0.0, Diff: 0.0, Sum: 0.0]
      [Object Copy (ms): Min: 100.2, Avg: 101.8, Max: 102.6, Diff: 2.4, Sum: 1323.8]
      [Termination (ms): Min: 0.0, Avg: 0.4, Max: 0.4, Diff: 0.4, Sum: 5.2]
      [GC Worker Other (ms): Min: 0.0, Avg: 0.0, Max: 0.1, Diff: 0.1, Sum: 0.6]
      [GC Worker Total (ms): Min: 133.6, Avg: 133.7, Max: 133.8, Diff: 0.2, Sum: 1737.9]
      [GC Worker End (ms): Min: 61565.6, Avg: 61565.6, Max: 61565.7, Diff: 0.1]
   [Code Root Fixup: 0.4 ms]
   [Code Root Migration: 0.0 ms]
   [Clear CT: 2.6 ms]
   [Other: 15.8 ms]
      [Choose CSet: 0.2 ms]
      [Ref Proc: 8.6 ms]
      [Ref Enq: 1.3 ms]
      [Free CSet: 1.4 ms]
   [Eden: 1056.0M(1056.0M)->0.0B(1056.0M) Survivors: 160.0M->160.0M Heap: 9952.0M(24.0G)->8528.0M(24.0G)]
 [Times: user=1.69 sys=0.08, real=0.15 secs] 
2014-04-09T13:54:27.534+0900: 62.473: [GC pause (G1 Evacuation Pause) (mixed), 0.1282241 secs]
   [Parallel Time: 112.6 ms, GC Workers: 13]
      [GC Worker Start (ms): Min: 62474.0, Avg: 62474.1, Max: 62474.1, Diff: 0.2]
      [Ext Root Scanning (ms): Min: 1.3, Avg: 1.4, Max: 2.0, Diff: 0.6, Sum: 18.7]
      [Update RS (ms): Min: 4.9, Avg: 5.6, Max: 7.0, Diff: 2.1, Sum: 72.9]
         [Processed Buffers: Min: 6, Avg: 14.5, Max: 26, Diff: 20, Sum: 189]
      [Scan RS (ms): Min: 14.9, Avg: 16.2, Max: 16.6, Diff: 1.7, Sum: 211.0]
      [Code Root Scanning (ms): Min: 0.0, Avg: 0.0, Max: 0.0, Diff: 0.0, Sum: 0.0]
      [Object Copy (ms): Min: 88.8, Avg: 89.0, Max: 89.1, Diff: 0.3, Sum: 1156.5]
      [Termination (ms): Min: 0.0, Avg: 0.0, Max: 0.0, Diff: 0.0, Sum: 0.0]
      [GC Worker Other (ms): Min: 0.0, Avg: 0.0, Max: 0.1, Diff: 0.0, Sum: 0.4]
      [GC Worker Total (ms): Min: 112.2, Avg: 112.3, Max: 112.4, Diff: 0.2, Sum: 1459.6]
      [GC Worker End (ms): Min: 62586.3, Avg: 62586.3, Max: 62586.4, Diff: 0.0]
   [Code Root Fixup: 0.4 ms]
   [Code Root Migration: 0.0 ms]
   [Clear CT: 2.4 ms]
   [Other: 12.9 ms]
      [Choose CSet: 0.1 ms]
      [Ref Proc: 7.1 ms]
      [Ref Enq: 0.9 ms]
      [Free CSet: 1.0 ms]
   [Eden: 1056.0M(1056.0M)->0.0B(1056.0M) Survivors: 160.0M->160.0M Heap: 9584.0M(24.0G)->8608.0M(24.0G)]
 [Times: user=1.47 sys=0.03, real=0.13 secs] 
2014-04-09T13:54:28.523+0900: 63.463: [GC pause (G1 Evacuation Pause) (young), 0.1198176 secs]
   [Parallel Time: 105.8 ms, GC Workers: 13]
      [GC Worker Start (ms): Min: 63463.3, Avg: 63463.4, Max: 63463.4, Diff: 0.1]
      [Ext Root Scanning (ms): Min: 1.3, Avg: 1.3, Max: 1.7, Diff: 0.4, Sum: 17.3]
      [Update RS (ms): Min: 5.2, Avg: 5.6, Max: 6.4, Diff: 1.2, Sum: 73.2]
         [Processed Buffers: Min: 6, Avg: 15.1, Max: 40, Diff: 34, Sum: 196]
      [Scan RS (ms): Min: 10.7, Avg: 11.3, Max: 11.7, Diff: 1.0, Sum: 147.0]
      [Code Root Scanning (ms): Min: 0.0, Avg: 0.0, Max: 0.0, Diff: 0.0, Sum: 0.0]
      [Object Copy (ms): Min: 87.0, Avg: 87.2, Max: 87.4, Diff: 0.5, Sum: 1133.2]
      [Termination (ms): Min: 0.0, Avg: 0.0, Max: 0.0, Diff: 0.0, Sum: 0.3]
      [GC Worker Other (ms): Min: 0.0, Avg: 0.0, Max: 0.1, Diff: 0.1, Sum: 0.5]
      [GC Worker Total (ms): Min: 105.4, Avg: 105.5, Max: 105.6, Diff: 0.2, Sum: 1371.4]
      [GC Worker End (ms): Min: 63568.9, Avg: 63568.9, Max: 63568.9, Diff: 0.1]
   [Code Root Fixup: 0.4 ms]
   [Code Root Migration: 0.0 ms]
   [Clear CT: 2.2 ms]
   [Other: 11.5 ms]
      [Choose CSet: 0.0 ms]
      [Ref Proc: 6.8 ms]
      [Ref Enq: 0.6 ms]
      [Free CSet: 0.8 ms]
   [Eden: 1056.0M(1056.0M)->0.0B(1056.0M) Survivors: 160.0M->160.0M Heap: 9664.0M(24.0G)->8856.0M(24.0G)]
 [Times: user=1.39 sys=0.00, real=0.12 secs] 
2014-04-09T13:54:29.520+0900: 64.459: [GC pause (G1 Evacuation Pause) (young) (initial-mark), 0.1124969 secs]
   [Parallel Time: 98.4 ms, GC Workers: 13]
      [GC Worker Start (ms): Min: 64459.6, Avg: 64459.6, Max: 64459.7, Diff: 0.1]
      [Ext Root Scanning (ms): Min: 1.0, Avg: 1.3, Max: 3.0, Diff: 2.1, Sum: 16.3]
      [Code Root Marking (ms): Min: 0.0, Avg: 0.5, Max: 4.3, Diff: 4.3, Sum: 7.0]
      [Update RS (ms): Min: 2.6, Avg: 5.7, Max: 7.2, Diff: 4.6, Sum: 74.1]
         [Processed Buffers: Min: 3, Avg: 14.0, Max: 23, Diff: 20, Sum: 182]
      [Scan RS (ms): Min: 11.2, Avg: 12.0, Max: 12.5, Diff: 1.3, Sum: 155.8]
      [Code Root Scanning (ms): Min: 0.0, Avg: 0.0, Max: 0.0, Diff: 0.0, Sum: 0.0]
      [Object Copy (ms): Min: 78.3, Avg: 78.6, Max: 79.0, Diff: 0.7, Sum: 1022.4]
      [Termination (ms): Min: 0.0, Avg: 0.0, Max: 0.0, Diff: 0.0, Sum: 0.1]
      [GC Worker Other (ms): Min: 0.0, Avg: 0.0, Max: 0.1, Diff: 0.1, Sum: 0.6]
      [GC Worker Total (ms): Min: 98.1, Avg: 98.2, Max: 98.2, Diff: 0.1, Sum: 1276.3]
      [GC Worker End (ms): Min: 64557.8, Avg: 64557.8, Max: 64557.9, Diff: 0.1]
   [Code Root Fixup: 0.4 ms]
   [Code Root Migration: 0.0 ms]
   [Clear CT: 2.5 ms]
   [Other: 11.2 ms]
      [Choose CSet: 0.0 ms]
      [Ref Proc: 6.6 ms]
      [Ref Enq: 0.6 ms]
      [Free CSet: 0.6 ms]
   [Eden: 1056.0M(1056.0M)->0.0B(1056.0M) Survivors: 160.0M->160.0M Heap: 9912.0M(24.0G)->9072.0M(24.0G)]
 [Times: user=1.31 sys=0.01, real=0.12 secs] 
2014-04-09T13:54:29.632+0900: 64.572: [GC concurrent-root-region-scan-start]
2014-04-09T13:54:29.672+0900: 64.611: [GC concurrent-root-region-scan-end, 0.0393483 secs]
2014-04-09T13:54:29.672+0900: 64.611: [GC concurrent-mark-start]
2014-04-09T13:54:30.801+0900: 65.740: [GC pause (G1 Evacuation Pause) (young), 0.1159377 secs]
   [Parallel Time: 102.0 ms, GC Workers: 13]
      [GC Worker Start (ms): Min: 65740.6, Avg: 65740.7, Max: 65740.8, Diff: 0.1]
      [Ext Root Scanning (ms): Min: 1.2, Avg: 1.3, Max: 1.8, Diff: 0.6, Sum: 17.1]
      [SATB Filtering (ms): Min: 0.0, Avg: 0.2, Max: 2.6, Diff: 2.6, Sum: 2.6]
      [Update RS (ms): Min: 3.0, Avg: 5.3, Max: 6.5, Diff: 3.6, Sum: 69.3]
         [Processed Buffers: Min: 5, Avg: 15.0, Max: 28, Diff: 23, Sum: 195]
      [Scan RS (ms): Min: 10.9, Avg: 12.0, Max: 12.4, Diff: 1.5, Sum: 156.3]
      [Code Root Scanning (ms): Min: 0.0, Avg: 0.0, Max: 0.0, Diff: 0.0, Sum: 0.0]
      [Object Copy (ms): Min: 82.5, Avg: 82.7, Max: 82.9, Diff: 0.4, Sum: 1075.2]
      [Termination (ms): Min: 0.0, Avg: 0.1, Max: 0.1, Diff: 0.1, Sum: 1.0]
      [GC Worker Other (ms): Min: 0.0, Avg: 0.0, Max: 0.1, Diff: 0.1, Sum: 0.6]
      [GC Worker Total (ms): Min: 101.6, Avg: 101.7, Max: 101.8, Diff: 0.2, Sum: 1322.2]
      [GC Worker End (ms): Min: 65842.4, Avg: 65842.4, Max: 65842.4, Diff: 0.1]
   [Code Root Fixup: 0.4 ms]
   [Code Root Migration: 0.0 ms]
   [Clear CT: 2.3 ms]
   [Other: 11.3 ms]
      [Choose CSet: 0.0 ms]
      [Ref Proc: 6.7 ms]
      [Ref Enq: 0.7 ms]
      [Free CSet: 0.7 ms]
   [Eden: 1056.0M(1056.0M)->0.0B(1056.0M) Survivors: 160.0M->160.0M Heap: 10128.0M(24.0G)->9312.0M(24.0G)]
 [Times: user=1.32 sys=0.03, real=0.11 secs] 
2014-04-09T13:54:31.213+0900: 66.153: [GC concurrent-mark-end, 1.5416034 secs]
2014-04-09T13:54:31.215+0900: 66.154: [GC remark 66.199: [GC ref-proc, 0.0117966 secs], 0.0799782 secs]
 [Times: user=0.82 sys=0.00, real=0.08 secs] 
2014-04-09T13:54:31.298+0900: 66.237: [GC cleanup 9600M->9600M(24G), 0.0199914 secs]
 [Times: user=0.25 sys=0.00, real=0.02 secs] 
2014-04-09T13:54:31.967+0900: 66.906: [GC pause (G1 Evacuation Pause) (young), 0.1235805 secs]
   [Parallel Time: 109.3 ms, GC Workers: 13]
      [GC Worker Start (ms): Min: 66906.6, Avg: 66906.7, Max: 66906.7, Diff: 0.2]
      [Ext Root Scanning (ms): Min: 1.3, Avg: 1.4, Max: 1.9, Diff: 0.6, Sum: 18.1]
      [Update RS (ms): Min: 5.1, Avg: 8.0, Max: 32.7, Diff: 27.6, Sum: 104.3]
         [Processed Buffers: Min: 1, Avg: 14.9, Max: 27, Diff: 26, Sum: 194]
      [Scan RS (ms): Min: 0.0, Avg: 12.0, Max: 13.4, Diff: 13.4, Sum: 155.7]
      [Code Root Scanning (ms): Min: 0.0, Avg: 0.0, Max: 0.0, Diff: 0.0, Sum: 0.0]
      [Object Copy (ms): Min: 74.8, Avg: 87.6, Max: 88.8, Diff: 14.0, Sum: 1138.2]
      [Termination (ms): Min: 0.0, Avg: 0.0, Max: 0.0, Diff: 0.0, Sum: 0.1]
      [GC Worker Other (ms): Min: 0.0, Avg: 0.0, Max: 0.1, Diff: 0.1, Sum: 0.6]
      [GC Worker Total (ms): Min: 108.9, Avg: 109.0, Max: 109.1, Diff: 0.2, Sum: 1417.0]
      [GC Worker End (ms): Min: 67015.6, Avg: 67015.7, Max: 67015.7, Diff: 0.1]
   [Code Root Fixup: 0.4 ms]
   [Code Root Migration: 0.0 ms]
   [Clear CT: 2.3 ms]
   [Other: 11.5 ms]
      [Choose CSet: 0.0 ms]
      [Ref Proc: 7.0 ms]
      [Ref Enq: 0.6 ms]
      [Free CSet: 0.7 ms]
   [Eden: 1056.0M(1056.0M)->0.0B(1056.0M) Survivors: 160.0M->160.0M Heap: 10.1G(24.0G)->9560.0M(24.0G)]
 [Times: user=1.40 sys=0.06, real=0.13 secs] 
2014-04-09T13:54:32.971+0900: 67.911: [GC pause (G1 Evacuation Pause) (mixed), 0.1446524 secs]
   [Parallel Time: 127.2 ms, GC Workers: 13]
      [GC Worker Start (ms): Min: 67911.4, Avg: 67911.5, Max: 67911.5, Diff: 0.1]
      [Ext Root Scanning (ms): Min: 0.8, Avg: 1.4, Max: 2.2, Diff: 1.4, Sum: 18.4]
      [Update RS (ms): Min: 5.2, Avg: 6.5, Max: 7.5, Diff: 2.3, Sum: 84.3]
         [Processed Buffers: Min: 5, Avg: 14.8, Max: 27, Diff: 22, Sum: 193]
      [Scan RS (ms): Min: 20.9, Avg: 22.0, Max: 22.5, Diff: 1.6, Sum: 285.9]
      [Code Root Scanning (ms): Min: 0.0, Avg: 0.0, Max: 0.0, Diff: 0.0, Sum: 0.0]
      [Object Copy (ms): Min: 96.7, Avg: 97.1, Max: 97.6, Diff: 0.9, Sum: 1261.9]
      [Termination (ms): Min: 0.0, Avg: 0.0, Max: 0.0, Diff: 0.0, Sum: 0.1]
      [GC Worker Other (ms): Min: 0.0, Avg: 0.0, Max: 0.1, Diff: 0.0, Sum: 0.4]
      [GC Worker Total (ms): Min: 126.9, Avg: 127.0, Max: 127.1, Diff: 0.1, Sum: 1651.0]
      [GC Worker End (ms): Min: 68038.5, Avg: 68038.5, Max: 68038.5, Diff: 0.0]
   [Code Root Fixup: 0.4 ms]
   [Code Root Migration: 0.0 ms]
   [Clear CT: 2.7 ms]
   [Other: 14.3 ms]
      [Choose CSet: 0.2 ms]
      [Ref Proc: 7.7 ms]
      [Ref Enq: 0.9 ms]
      [Free CSet: 1.3 ms]
   [Eden: 1056.0M(1056.0M)->0.0B(1056.0M) Survivors: 160.0M->160.0M Heap: 10.4G(24.0G)->9184.0M(24.0G)]
 [Times: user=1.62 sys=0.08, real=0.14 secs] 
2014-04-09T13:54:34.004+0900: 68.943: [GC pause (G1 Evacuation Pause) (mixed), 0.1373304 secs]
   [Parallel Time: 121.1 ms, GC Workers: 13]
      [GC Worker Start (ms): Min: 68943.9, Avg: 68944.0, Max: 68944.0, Diff: 0.2]
      [Ext Root Scanning (ms): Min: 1.2, Avg: 1.3, Max: 1.9, Diff: 0.7, Sum: 17.4]
      [Update RS (ms): Min: 5.8, Avg: 10.9, Max: 35.5, Diff: 29.7, Sum: 142.3]
         [Processed Buffers: Min: 2, Avg: 14.5, Max: 24, Diff: 22, Sum: 188]
      [Scan RS (ms): Min: 0.0, Avg: 16.5, Max: 19.8, Diff: 19.8, Sum: 214.2]
      [Code Root Scanning (ms): Min: 0.0, Avg: 0.0, Max: 0.0, Diff: 0.0, Sum: 0.0]
      [Object Copy (ms): Min: 84.0, Avg: 92.0, Max: 93.4, Diff: 9.4, Sum: 1196.5]
      [Termination (ms): Min: 0.0, Avg: 0.0, Max: 0.0, Diff: 0.0, Sum: 0.1]
      [GC Worker Other (ms): Min: 0.0, Avg: 0.0, Max: 0.1, Diff: 0.1, Sum: 0.6]
      [GC Worker Total (ms): Min: 120.8, Avg: 120.9, Max: 120.9, Diff: 0.1, Sum: 1571.1]
      [GC Worker End (ms): Min: 69064.8, Avg: 69064.8, Max: 69064.9, Diff: 0.1]
   [Code Root Fixup: 0.4 ms]
   [Code Root Migration: 0.0 ms]
   [Clear CT: 2.5 ms]
   [Other: 13.3 ms]
      [Choose CSet: 0.1 ms]
      [Ref Proc: 7.5 ms]
      [Ref Enq: 0.9 ms]
      [Free CSet: 0.9 ms]
   [Eden: 1056.0M(1056.0M)->0.0B(1056.0M) Survivors: 160.0M->160.0M Heap: 10.0G(24.0G)->9248.0M(24.0G)]
 [Times: user=1.58 sys=0.03, real=0.14 secs] 
2014-04-09T13:54:35.043+0900: 69.982: [GC pause (G1 Evacuation Pause) (young), 0.1141599 secs]
   [Parallel Time: 99.9 ms, GC Workers: 13]
      [GC Worker Start (ms): Min: 69982.5, Avg: 69982.6, Max: 69982.7, Diff: 0.2]
      [Ext Root Scanning (ms): Min: 1.3, Avg: 1.4, Max: 1.9, Diff: 0.6, Sum: 18.5]
      [Update RS (ms): Min: 4.3, Avg: 5.3, Max: 6.4, Diff: 2.0, Sum: 69.3]
         [Processed Buffers: Min: 3, Avg: 15.7, Max: 28, Diff: 25, Sum: 204]
      [Scan RS (ms): Min: 11.4, Avg: 12.3, Max: 12.8, Diff: 1.4, Sum: 160.5]
      [Code Root Scanning (ms): Min: 0.0, Avg: 0.0, Max: 0.0, Diff: 0.0, Sum: 0.0]
      [Object Copy (ms): Min: 79.9, Avg: 80.1, Max: 80.5, Diff: 0.7, Sum: 1040.7]
      [Termination (ms): Min: 0.0, Avg: 0.4, Max: 0.4, Diff: 0.4, Sum: 5.1]
      [GC Worker Other (ms): Min: 0.0, Avg: 0.0, Max: 0.1, Diff: 0.1, Sum: 0.6]
      [GC Worker Total (ms): Min: 99.5, Avg: 99.6, Max: 99.7, Diff: 0.2, Sum: 1294.8]
      [GC Worker End (ms): Min: 70082.1, Avg: 70082.2, Max: 70082.2, Diff: 0.1]
   [Code Root Fixup: 0.4 ms]
   [Code Root Migration: 0.0 ms]
   [Clear CT: 2.5 ms]
   [Other: 11.4 ms]
      [Choose CSet: 0.0 ms]
      [Ref Proc: 6.6 ms]
      [Ref Enq: 0.7 ms]
      [Free CSet: 0.8 ms]
   [Eden: 1056.0M(1056.0M)->0.0B(1056.0M) Survivors: 160.0M->160.0M Heap: 10.1G(24.0G)->9472.0M(24.0G)]
 [Times: user=1.31 sys=0.02, real=0.11 secs] 
2014-04-09T13:54:36.051+0900: 70.990: [GC pause (G1 Evacuation Pause) (young) (initial-mark), 0.1245134 secs]
   [Parallel Time: 109.0 ms, GC Workers: 13]
      [GC Worker Start (ms): Min: 70990.9, Avg: 70991.0, Max: 70991.0, Diff: 0.1]
      [Ext Root Scanning (ms): Min: 1.1, Avg: 1.3, Max: 2.6, Diff: 1.5, Sum: 17.0]
      [Code Root Marking (ms): Min: 0.0, Avg: 0.7, Max: 6.4, Diff: 6.4, Sum: 9.3]
      [Update RS (ms): Min: 0.0, Avg: 12.1, Max: 36.8, Diff: 36.8, Sum: 156.7]
         [Processed Buffers: Min: 1, Avg: 14.2, Max: 35, Diff: 34, Sum: 184]
      [Scan RS (ms): Min: 0.0, Avg: 12.1, Max: 16.1, Diff: 16.1, Sum: 157.3]
      [Code Root Scanning (ms): Min: 0.0, Avg: 0.0, Max: 0.0, Diff: 0.0, Sum: 0.0]
      [Object Copy (ms): Min: 70.6, Avg: 82.6, Max: 85.3, Diff: 14.7, Sum: 1073.2]
      [Termination (ms): Min: 0.0, Avg: 0.0, Max: 0.0, Diff: 0.0, Sum: 0.1]
      [GC Worker Other (ms): Min: 0.0, Avg: 0.1, Max: 0.1, Diff: 0.1, Sum: 0.7]
      [GC Worker Total (ms): Min: 108.7, Avg: 108.8, Max: 108.8, Diff: 0.2, Sum: 1414.1]
      [GC Worker End (ms): Min: 71099.7, Avg: 71099.7, Max: 71099.8, Diff: 0.1]
   [Code Root Fixup: 0.4 ms]
   [Code Root Migration: 0.0 ms]
   [Clear CT: 2.5 ms]
   [Other: 12.6 ms]
      [Choose CSet: 0.0 ms]
      [Ref Proc: 7.4 ms]
      [Ref Enq: 0.9 ms]
      [Free CSet: 0.7 ms]
   [Eden: 1056.0M(1056.0M)->0.0B(1056.0M) Survivors: 160.0M->160.0M Heap: 10.3G(24.0G)->9704.0M(24.0G)]
 [Times: user=1.43 sys=0.01, real=0.13 secs] 
2014-04-09T13:54:36.176+0900: 71.115: [GC concurrent-root-region-scan-start]
2014-04-09T13:54:36.221+0900: 71.161: [GC concurrent-root-region-scan-end, 0.0457010 secs]
2014-04-09T13:54:36.221+0900: 71.161: [GC concurrent-mark-start]
2014-04-09T13:54:37.331+0900: 72.270: [GC pause (G1 Evacuation Pause) (young), 0.1160865 secs]
   [Parallel Time: 101.3 ms, GC Workers: 13]
      [GC Worker Start (ms): Min: 72270.5, Avg: 72270.6, Max: 72270.6, Diff: 0.1]
      [Ext Root Scanning (ms): Min: 1.3, Avg: 1.4, Max: 1.7, Diff: 0.4, Sum: 17.9]
      [SATB Filtering (ms): Min: 0.0, Avg: 0.2, Max: 2.3, Diff: 2.3, Sum: 2.3]
      [Update RS (ms): Min: 3.6, Avg: 5.3, Max: 5.8, Diff: 2.3, Sum: 68.9]
         [Processed Buffers: Min: 7, Avg: 14.4, Max: 26, Diff: 19, Sum: 187]
      [Scan RS (ms): Min: 13.0, Avg: 13.6, Max: 14.0, Diff: 1.0, Sum: 176.2]
      [Code Root Scanning (ms): Min: 0.0, Avg: 0.0, Max: 0.0, Diff: 0.0, Sum: 0.0]
      [Object Copy (ms): Min: 80.0, Avg: 80.2, Max: 80.7, Diff: 0.7, Sum: 1042.7]
      [Termination (ms): Min: 0.0, Avg: 0.4, Max: 0.4, Diff: 0.4, Sum: 5.1]
      [GC Worker Other (ms): Min: 0.0, Avg: 0.0, Max: 0.1, Diff: 0.1, Sum: 0.5]
      [GC Worker Total (ms): Min: 101.0, Avg: 101.0, Max: 101.1, Diff: 0.1, Sum: 1313.6]
      [GC Worker End (ms): Min: 72371.6, Avg: 72371.6, Max: 72371.7, Diff: 0.1]
   [Code Root Fixup: 0.4 ms]
   [Code Root Migration: 0.0 ms]
   [Clear CT: 2.5 ms]
   [Other: 11.9 ms]
      [Choose CSet: 0.0 ms]
      [Ref Proc: 7.1 ms]
      [Ref Enq: 0.7 ms]
      [Free CSet: 0.7 ms]
   [Eden: 1056.0M(1056.0M)->0.0B(1056.0M) Survivors: 160.0M->160.0M Heap: 10.5G(24.0G)->9928.0M(24.0G)]
 [Times: user=1.32 sys=0.03, real=0.12 secs] 
2014-04-09T13:54:37.870+0900: 72.810: [GC concurrent-mark-end, 1.6486898 secs]
2014-04-09T13:54:37.872+0900: 72.811: [GC remark 72.854: [GC ref-proc, 0.0108222 secs], 0.0790320 secs]
 [Times: user=0.81 sys=0.00, real=0.07 secs] 
2014-04-09T13:54:37.952+0900: 72.892: [GC cleanup 10G->10G(24G), 0.0215438 secs]
 [Times: user=0.27 sys=0.00, real=0.02 secs] 
2014-04-09T13:54:38.561+0900: 73.501: [GC pause (G1 Evacuation Pause) (young), 0.1187360 secs]
   [Parallel Time: 104.5 ms, GC Workers: 13]
      [GC Worker Start (ms): Min: 73501.2, Avg: 73501.2, Max: 73501.3, Diff: 0.1]
      [Ext Root Scanning (ms): Min: 1.0, Avg: 1.4, Max: 1.7, Diff: 0.7, Sum: 17.6]
      [Update RS (ms): Min: 5.5, Avg: 6.2, Max: 6.9, Diff: 1.3, Sum: 80.0]
         [Processed Buffers: Min: 8, Avg: 14.6, Max: 31, Diff: 23, Sum: 190]
      [Scan RS (ms): Min: 11.3, Avg: 12.2, Max: 12.7, Diff: 1.5, Sum: 158.5]
      [Code Root Scanning (ms): Min: 0.0, Avg: 0.0, Max: 0.0, Diff: 0.0, Sum: 0.0]
      [Object Copy (ms): Min: 84.2, Avg: 84.4, Max: 84.8, Diff: 0.6, Sum: 1096.7]
      [Termination (ms): Min: 0.0, Avg: 0.1, Max: 0.1, Diff: 0.1, Sum: 1.2]
      [GC Worker Other (ms): Min: 0.0, Avg: 0.0, Max: 0.1, Diff: 0.1, Sum: 0.5]
      [GC Worker Total (ms): Min: 104.1, Avg: 104.2, Max: 104.3, Diff: 0.2, Sum: 1354.5]
      [GC Worker End (ms): Min: 73605.4, Avg: 73605.4, Max: 73605.5, Diff: 0.1]
   [Code Root Fixup: 0.4 ms]
   [Code Root Migration: 0.0 ms]
   [Clear CT: 2.4 ms]
   [Other: 11.4 ms]
      [Choose CSet: 0.0 ms]
      [Ref Proc: 6.6 ms]
      [Ref Enq: 0.8 ms]
      [Free CSet: 0.7 ms]
   [Eden: 1056.0M(1056.0M)->0.0B(1056.0M) Survivors: 160.0M->160.0M Heap: 10.7G(24.0G)->10160.0M(24.0G)]
 [Times: user=1.34 sys=0.04, real=0.12 secs] 
2014-04-09T13:54:39.565+0900: 74.504: [GC pause (G1 Evacuation Pause) (mixed), 0.1506289 secs]
   [Parallel Time: 132.5 ms, GC Workers: 13]
      [GC Worker Start (ms): Min: 74504.8, Avg: 74504.9, Max: 74505.0, Diff: 0.1]
      [Ext Root Scanning (ms): Min: 0.9, Avg: 1.4, Max: 2.3, Diff: 1.4, Sum: 18.0]
      [Update RS (ms): Min: 4.7, Avg: 5.6, Max: 7.7, Diff: 3.0, Sum: 72.8]
         [Processed Buffers: Min: 4, Avg: 14.8, Max: 30, Diff: 26, Sum: 192]
      [Scan RS (ms): Min: 24.4, Avg: 26.5, Max: 27.6, Diff: 3.2, Sum: 344.6]
      [Code Root Scanning (ms): Min: 0.0, Avg: 0.0, Max: 0.0, Diff: 0.0, Sum: 0.1]
      [Object Copy (ms): Min: 97.9, Avg: 98.6, Max: 99.4, Diff: 1.5, Sum: 1282.2]
      [Termination (ms): Min: 0.0, Avg: 0.1, Max: 0.1, Diff: 0.1, Sum: 1.2]
      [GC Worker Other (ms): Min: 0.0, Avg: 0.0, Max: 0.1, Diff: 0.0, Sum: 0.4]
      [GC Worker Total (ms): Min: 132.2, Avg: 132.3, Max: 132.3, Diff: 0.1, Sum: 1719.3]
      [GC Worker End (ms): Min: 74637.1, Avg: 74637.2, Max: 74637.2, Diff: 0.1]
   [Code Root Fixup: 0.4 ms]
   [Code Root Migration: 0.0 ms]
   [Clear CT: 2.7 ms]
   [Other: 15.0 ms]
      [Choose CSet: 0.2 ms]
      [Ref Proc: 7.5 ms]
      [Ref Enq: 0.9 ms]
      [Free CSet: 1.4 ms]
   [Eden: 1056.0M(1056.0M)->0.0B(1056.0M) Survivors: 160.0M->160.0M Heap: 11.0G(24.0G)->9800.0M(24.0G)]
 [Times: user=1.68 sys=0.08, real=0.15 secs] 
2014-04-09T13:54:40.609+0900: 75.549: [GC pause (G1 Evacuation Pause) (mixed), 0.1275563 secs]
   [Parallel Time: 111.8 ms, GC Workers: 13]
      [GC Worker Start (ms): Min: 75549.1, Avg: 75549.1, Max: 75549.2, Diff: 0.1]
      [Ext Root Scanning (ms): Min: 0.8, Avg: 1.4, Max: 2.3, Diff: 1.4, Sum: 18.0]
      [Update RS (ms): Min: 4.3, Avg: 5.6, Max: 6.2, Diff: 2.0, Sum: 72.2]
         [Processed Buffers: Min: 7, Avg: 15.8, Max: 26, Diff: 19, Sum: 205]
      [Scan RS (ms): Min: 15.9, Avg: 16.5, Max: 17.0, Diff: 1.1, Sum: 215.1]
      [Code Root Scanning (ms): Min: 0.0, Avg: 0.0, Max: 0.0, Diff: 0.0, Sum: 0.1]
      [Object Copy (ms): Min: 87.7, Avg: 88.0, Max: 88.5, Diff: 0.7, Sum: 1143.6]
      [Termination (ms): Min: 0.0, Avg: 0.0, Max: 0.0, Diff: 0.0, Sum: 0.0]
      [GC Worker Other (ms): Min: 0.0, Avg: 0.0, Max: 0.1, Diff: 0.1, Sum: 0.6]
      [GC Worker Total (ms): Min: 111.4, Avg: 111.5, Max: 111.6, Diff: 0.2, Sum: 1449.6]
      [GC Worker End (ms): Min: 75660.6, Avg: 75660.6, Max: 75660.7, Diff: 0.1]
   [Code Root Fixup: 0.3 ms]
   [Code Root Migration: 0.0 ms]
   [Clear CT: 2.7 ms]
   [Other: 12.7 ms]
      [Choose CSet: 0.1 ms]
      [Ref Proc: 7.0 ms]
      [Ref Enq: 0.7 ms]
      [Free CSet: 0.9 ms]
   [Eden: 1056.0M(1056.0M)->0.0B(1056.0M) Survivors: 160.0M->160.0M Heap: 10.6G(24.0G)->9912.0M(24.0G)]
 [Times: user=1.45 sys=0.04, real=0.13 secs] 
2014-04-09T13:54:41.615+0900: 76.555: [GC pause (G1 Evacuation Pause) (young), 0.1162133 secs]
   [Parallel Time: 100.8 ms, GC Workers: 13]
      [GC Worker Start (ms): Min: 76555.1, Avg: 76555.1, Max: 76555.2, Diff: 0.1]
      [Ext Root Scanning (ms): Min: 1.3, Avg: 1.4, Max: 1.6, Diff: 0.3, Sum: 17.7]
      [Update RS (ms): Min: 5.4, Avg: 5.9, Max: 6.9, Diff: 1.5, Sum: 76.5]
         [Processed Buffers: Min: 6, Avg: 15.2, Max: 26, Diff: 20, Sum: 198]
      [Scan RS (ms): Min: 12.1, Avg: 12.8, Max: 13.7, Diff: 1.6, Sum: 166.7]
      [Code Root Scanning (ms): Min: 0.0, Avg: 0.0, Max: 0.0, Diff: 0.0, Sum: 0.0]
      [Object Copy (ms): Min: 79.9, Avg: 80.4, Max: 80.6, Diff: 0.7, Sum: 1045.3]
      [Termination (ms): Min: 0.0, Avg: 0.0, Max: 0.0, Diff: 0.0, Sum: 0.0]
      [GC Worker Other (ms): Min: 0.0, Avg: 0.0, Max: 0.1, Diff: 0.1, Sum: 0.6]
      [GC Worker Total (ms): Min: 100.5, Avg: 100.5, Max: 100.6, Diff: 0.2, Sum: 1306.9]
      [GC Worker End (ms): Min: 76655.6, Avg: 76655.6, Max: 76655.7, Diff: 0.1]
   [Code Root Fixup: 0.4 ms]
   [Code Root Migration: 0.0 ms]
   [Clear CT: 2.8 ms]
   [Other: 12.2 ms]
      [Choose CSet: 0.0 ms]
      [Ref Proc: 7.1 ms]
      [Ref Enq: 0.8 ms]
      [Free CSet: 0.7 ms]
   [Eden: 1056.0M(1056.0M)->0.0B(1056.0M) Survivors: 160.0M->160.0M Heap: 10.7G(24.0G)->10144.0M(24.0G)]
 [Times: user=1.34 sys=0.00, real=0.11 secs] 
2014-04-09T13:54:42.614+0900: 77.553: [GC pause (G1 Evacuation Pause) (young) (initial-mark), 0.1170527 secs]
   [Parallel Time: 101.8 ms, GC Workers: 13]
      [GC Worker Start (ms): Min: 77553.9, Avg: 77553.9, Max: 77554.0, Diff: 0.1]
      [Ext Root Scanning (ms): Min: 1.1, Avg: 1.4, Max: 3.6, Diff: 2.5, Sum: 18.1]
      [Code Root Marking (ms): Min: 0.0, Avg: 0.7, Max: 6.2, Diff: 6.2, Sum: 9.2]
      [Update RS (ms): Min: 0.8, Avg: 5.8, Max: 7.6, Diff: 6.8, Sum: 75.4]
         [Processed Buffers: Min: 1, Avg: 16.1, Max: 41, Diff: 40, Sum: 209]
      [Scan RS (ms): Min: 11.6, Avg: 12.6, Max: 13.1, Diff: 1.6, Sum: 163.7]
      [Code Root Scanning (ms): Min: 0.0, Avg: 0.0, Max: 0.0, Diff: 0.0, Sum: 0.0]
      [Object Copy (ms): Min: 80.8, Avg: 81.0, Max: 81.5, Diff: 0.7, Sum: 1052.4]
      [Termination (ms): Min: 0.0, Avg: 0.0, Max: 0.0, Diff: 0.0, Sum: 0.1]
      [GC Worker Other (ms): Min: 0.0, Avg: 0.0, Max: 0.1, Diff: 0.1, Sum: 0.5]
      [GC Worker Total (ms): Min: 101.4, Avg: 101.5, Max: 101.6, Diff: 0.2, Sum: 1319.4]
      [GC Worker End (ms): Min: 77655.4, Avg: 77655.4, Max: 77655.5, Diff: 0.1]
   [Code Root Fixup: 0.4 ms]
   [Code Root Migration: 0.0 ms]
   [Clear CT: 2.7 ms]
   [Other: 12.2 ms]
      [Choose CSet: 0.0 ms]
      [Ref Proc: 6.8 ms]
      [Ref Enq: 0.9 ms]
      [Free CSet: 0.7 ms]
   [Eden: 1056.0M(1056.0M)->0.0B(1056.0M) Survivors: 160.0M->160.0M Heap: 10.9G(24.0G)->10.1G(24.0G)]
 [Times: user=1.33 sys=0.02, real=0.11 secs] 
2014-04-09T13:54:42.731+0900: 77.671: [GC concurrent-root-region-scan-start]
2014-04-09T13:54:42.781+0900: 77.720: [GC concurrent-root-region-scan-end, 0.0496464 secs]
2014-04-09T13:54:42.781+0900: 77.720: [GC concurrent-mark-start]
2014-04-09T13:54:43.866+0900: 78.805: [GC pause (G1 Evacuation Pause) (young), 0.1148730 secs]
   [Parallel Time: 100.3 ms, GC Workers: 13]
      [GC Worker Start (ms): Min: 78805.6, Avg: 78805.6, Max: 78805.7, Diff: 0.1]
      [Ext Root Scanning (ms): Min: 1.3, Avg: 1.4, Max: 1.6, Diff: 0.3, Sum: 17.7]
      [SATB Filtering (ms): Min: 0.0, Avg: 0.2, Max: 2.4, Diff: 2.4, Sum: 2.4]
      [Update RS (ms): Min: 3.2, Avg: 5.7, Max: 6.7, Diff: 3.5, Sum: 74.3]
         [Processed Buffers: Min: 6, Avg: 15.2, Max: 22, Diff: 16, Sum: 197]
      [Scan RS (ms): Min: 12.2, Avg: 12.9, Max: 13.2, Diff: 1.0, Sum: 167.2]
      [Code Root Scanning (ms): Min: 0.0, Avg: 0.0, Max: 0.0, Diff: 0.0, Sum: 0.0]
      [Object Copy (ms): Min: 79.7, Avg: 79.9, Max: 80.2, Diff: 0.5, Sum: 1038.8]
      [Termination (ms): Min: 0.0, Avg: 0.0, Max: 0.0, Diff: 0.0, Sum: 0.1]
      [GC Worker Other (ms): Min: 0.0, Avg: 0.0, Max: 0.1, Diff: 0.1, Sum: 0.5]
      [GC Worker Total (ms): Min: 100.0, Avg: 100.1, Max: 100.1, Diff: 0.1, Sum: 1300.9]
      [GC Worker End (ms): Min: 78905.7, Avg: 78905.7, Max: 78905.8, Diff: 0.1]
   [Code Root Fixup: 0.3 ms]
   [Code Root Migration: 0.0 ms]
   [Clear CT: 2.6 ms]
   [Other: 11.7 ms]
      [Choose CSet: 0.0 ms]
      [Ref Proc: 6.7 ms]
      [Ref Enq: 0.7 ms]
      [Free CSet: 0.7 ms]
   [Eden: 1056.0M(1056.0M)->0.0B(1056.0M) Survivors: 160.0M->160.0M Heap: 11.2G(24.0G)->10.3G(24.0G)]
 [Times: user=1.31 sys=0.03, real=0.11 secs] 
2014-04-09T13:54:44.815+0900: 79.754: [GC concurrent-mark-end, 2.0340142 secs]
2014-04-09T13:54:44.816+0900: 79.756: [GC remark 79.792: [GC ref-proc, 0.0119135 secs], 0.0758844 secs]
 [Times: user=0.75 sys=0.00, real=0.07 secs] 
2014-04-09T13:54:44.894+0900: 79.833: [GC cleanup 11G->11G(24G), 0.0230964 secs]
 [Times: user=0.29 sys=0.00, real=0.02 secs] 
2014-04-09T13:54:45.200+0900: 80.140: [GC pause (G1 Evacuation Pause) (young), 0.1197579 secs]
   [Parallel Time: 103.9 ms, GC Workers: 13]
      [GC Worker Start (ms): Min: 80140.0, Avg: 80140.1, Max: 80140.2, Diff: 0.1]
      [Ext Root Scanning (ms): Min: 1.1, Avg: 1.4, Max: 2.0, Diff: 0.9, Sum: 18.5]
      [Update RS (ms): Min: 5.4, Avg: 5.7, Max: 6.6, Diff: 1.2, Sum: 74.7]
         [Processed Buffers: Min: 4, Avg: 14.9, Max: 27, Diff: 23, Sum: 194]
      [Scan RS (ms): Min: 11.9, Avg: 12.7, Max: 13.2, Diff: 1.3, Sum: 164.9]
      [Code Root Scanning (ms): Min: 0.0, Avg: 0.0, Max: 0.0, Diff: 0.0, Sum: 0.0]
      [Object Copy (ms): Min: 83.6, Avg: 83.7, Max: 84.0, Diff: 0.4, Sum: 1088.3]
      [Termination (ms): Min: 0.0, Avg: 0.0, Max: 0.0, Diff: 0.0, Sum: 0.0]
      [GC Worker Other (ms): Min: 0.0, Avg: 0.1, Max: 0.1, Diff: 0.1, Sum: 0.7]
      [GC Worker Total (ms): Min: 103.5, Avg: 103.6, Max: 103.8, Diff: 0.2, Sum: 1347.2]
      [GC Worker End (ms): Min: 80243.7, Avg: 80243.7, Max: 80243.8, Diff: 0.1]
   [Code Root Fixup: 0.4 ms]
   [Code Root Migration: 0.0 ms]
   [Clear CT: 2.8 ms]
   [Other: 12.6 ms]
      [Choose CSet: 0.0 ms]
      [Ref Proc: 6.9 ms]
      [Ref Enq: 0.9 ms]
      [Free CSet: 0.8 ms]
   [Eden: 1056.0M(1056.0M)->0.0B(1056.0M) Survivors: 160.0M->160.0M Heap: 11.4G(24.0G)->10.6G(24.0G)]
 [Times: user=1.34 sys=0.05, real=0.12 secs] 
2014-04-09T13:54:46.177+0900: 81.116: [GC pause (G1 Evacuation Pause) (mixed), 0.1640006 secs]
   [Parallel Time: 143.3 ms, GC Workers: 13]
      [GC Worker Start (ms): Min: 81117.0, Avg: 81117.0, Max: 81117.1, Diff: 0.1]
      [Ext Root Scanning (ms): Min: 1.1, Avg: 1.5, Max: 2.5, Diff: 1.4, Sum: 19.9]
      [Update RS (ms): Min: 5.6, Avg: 5.9, Max: 6.7, Diff: 1.1, Sum: 76.7]
         [Processed Buffers: Min: 3, Avg: 14.8, Max: 34, Diff: 31, Sum: 193]
      [Scan RS (ms): Min: 28.2, Avg: 29.8, Max: 30.5, Diff: 2.4, Sum: 387.8]
      [Code Root Scanning (ms): Min: 0.0, Avg: 0.0, Max: 0.0, Diff: 0.0, Sum: 0.0]
      [Object Copy (ms): Min: 105.3, Avg: 105.7, Max: 106.4, Diff: 1.1, Sum: 1373.6]
      [Termination (ms): Min: 0.0, Avg: 0.0, Max: 0.0, Diff: 0.0, Sum: 0.0]
      [GC Worker Other (ms): Min: 0.0, Avg: 0.0, Max: 0.1, Diff: 0.0, Sum: 0.4]
      [GC Worker Total (ms): Min: 142.9, Avg: 143.0, Max: 143.1, Diff: 0.2, Sum: 1858.6]
      [GC Worker End (ms): Min: 81260.0, Avg: 81260.0, Max: 81260.0, Diff: 0.0]
   [Code Root Fixup: 0.4 ms]
   [Code Root Migration: 0.0 ms]
   [Clear CT: 3.1 ms]
   [Other: 17.2 ms]
      [Choose CSet: 0.3 ms]
      [Ref Proc: 7.8 ms]
      [Ref Enq: 1.1 ms]
      [Free CSet: 1.6 ms]
   [Eden: 1056.0M(1056.0M)->0.0B(1056.0M) Survivors: 160.0M->160.0M Heap: 11.6G(24.0G)->10.2G(24.0G)]
 [Times: user=1.82 sys=0.09, real=0.16 secs] 
2014-04-09T13:54:47.252+0900: 82.192: [GC pause (G1 Evacuation Pause) (mixed), 0.1318862 secs]
   [Parallel Time: 113.4 ms, GC Workers: 13]
      [GC Worker Start (ms): Min: 82192.2, Avg: 82192.2, Max: 82192.3, Diff: 0.1]
      [Ext Root Scanning (ms): Min: 1.0, Avg: 1.4, Max: 1.9, Diff: 0.9, Sum: 17.9]
      [Update RS (ms): Min: 4.4, Avg: 5.2, Max: 6.2, Diff: 1.8, Sum: 67.4]
         [Processed Buffers: Min: 5, Avg: 15.8, Max: 28, Diff: 23, Sum: 205]
      [Scan RS (ms): Min: 17.3, Avg: 18.3, Max: 18.8, Diff: 1.5, Sum: 237.5]
      [Code Root Scanning (ms): Min: 0.0, Avg: 0.0, Max: 0.0, Diff: 0.0, Sum: 0.0]
      [Object Copy (ms): Min: 88.1, Avg: 88.3, Max: 88.8, Diff: 0.6, Sum: 1147.4]
      [Termination (ms): Min: 0.0, Avg: 0.0, Max: 0.0, Diff: 0.0, Sum: 0.1]
      [GC Worker Other (ms): Min: 0.0, Avg: 0.0, Max: 0.1, Diff: 0.1, Sum: 0.5]
      [GC Worker Total (ms): Min: 113.1, Avg: 113.2, Max: 113.2, Diff: 0.1, Sum: 1471.0]
      [GC Worker End (ms): Min: 82305.3, Avg: 82305.4, Max: 82305.4, Diff: 0.1]
   [Code Root Fixup: 0.3 ms]
   [Code Root Migration: 0.0 ms]
   [Clear CT: 2.9 ms]
   [Other: 15.2 ms]
      [Choose CSet: 0.1 ms]
      [Ref Proc: 7.8 ms]
      [Ref Enq: 1.1 ms]
      [Free CSet: 1.1 ms]
   [Eden: 1056.0M(1056.0M)->0.0B(1056.0M) Survivors: 160.0M->160.0M Heap: 11.3G(24.0G)->10.3G(24.0G)]
 [Times: user=1.48 sys=0.04, real=0.14 secs] 
2014-04-09T13:54:48.274+0900: 83.214: [GC pause (G1 Evacuation Pause) (young), 0.1160040 secs]
   [Parallel Time: 99.9 ms, GC Workers: 13]
      [GC Worker Start (ms): Min: 83214.0, Avg: 83214.0, Max: 83214.1, Diff: 0.1]
      [Ext Root Scanning (ms): Min: 1.3, Avg: 1.4, Max: 1.6, Diff: 0.3, Sum: 17.7]
      [Update RS (ms): Min: 4.9, Avg: 5.5, Max: 6.2, Diff: 1.4, Sum: 71.7]
         [Processed Buffers: Min: 8, Avg: 15.3, Max: 26, Diff: 18, Sum: 199]
      [Scan RS (ms): Min: 11.4, Avg: 12.1, Max: 12.8, Diff: 1.4, Sum: 157.6]
      [Code Root Scanning (ms): Min: 0.0, Avg: 0.0, Max: 0.0, Diff: 0.0, Sum: 0.0]
      [Object Copy (ms): Min: 80.3, Avg: 80.5, Max: 80.7, Diff: 0.4, Sum: 1047.0]
      [Termination (ms): Min: 0.0, Avg: 0.0, Max: 0.0, Diff: 0.0, Sum: 0.0]
      [GC Worker Other (ms): Min: 0.0, Avg: 0.0, Max: 0.1, Diff: 0.0, Sum: 0.4]
      [GC Worker Total (ms): Min: 99.5, Avg: 99.6, Max: 99.6, Diff: 0.1, Sum: 1294.5]
      [GC Worker End (ms): Min: 83313.6, Avg: 83313.6, Max: 83313.7, Diff: 0.0]
   [Code Root Fixup: 0.4 ms]
   [Code Root Migration: 0.0 ms]
   [Clear CT: 2.9 ms]
   [Other: 12.8 ms]
      [Choose CSet: 0.0 ms]
      [Ref Proc: 7.0 ms]
      [Ref Enq: 0.9 ms]
      [Free CSet: 0.8 ms]
   [Eden: 1056.0M(1056.0M)->0.0B(1056.0M) Survivors: 160.0M->160.0M Heap: 11.4G(24.0G)->10.6G(24.0G)]
 [Times: user=1.33 sys=0.01, real=0.11 secs] 
2014-04-09T13:54:49.324+0900: 84.263: [GC pause (G1 Evacuation Pause) (young) (initial-mark), 0.3002935 secs]
   [Parallel Time: 284.2 ms, GC Workers: 13]
      [GC Worker Start (ms): Min: 84264.0, Avg: 84264.0, Max: 84264.1, Diff: 0.1]
      [Ext Root Scanning (ms): Min: 1.1, Avg: 1.3, Max: 2.6, Diff: 1.5, Sum: 16.6]
      [Code Root Marking (ms): Min: 0.0, Avg: 0.8, Max: 6.8, Diff: 6.7, Sum: 9.9]
      [Update RS (ms): Min: 3.5, Avg: 15.7, Max: 100.0, Diff: 96.6, Sum: 204.4]
         [Processed Buffers: Min: 2, Avg: 18.2, Max: 45, Diff: 43, Sum: 236]
      [Scan RS (ms): Min: 0.0, Avg: 65.4, Max: 71.8, Diff: 71.8, Sum: 850.7]
      [Code Root Scanning (ms): Min: 0.0, Avg: 0.0, Max: 0.0, Diff: 0.0, Sum: 0.1]
      [Object Copy (ms): Min: 182.4, Avg: 200.6, Max: 202.9, Diff: 20.5, Sum: 2608.3]
      [Termination (ms): Min: 0.0, Avg: 0.1, Max: 0.1, Diff: 0.1, Sum: 1.2]
      [GC Worker Other (ms): Min: 0.0, Avg: 0.0, Max: 0.1, Diff: 0.1, Sum: 0.5]
      [GC Worker Total (ms): Min: 283.9, Avg: 284.0, Max: 284.1, Diff: 0.2, Sum: 3691.7]
      [GC Worker End (ms): Min: 84548.0, Avg: 84548.0, Max: 84548.1, Diff: 0.1]
   [Code Root Fixup: 0.4 ms]
   [Code Root Migration: 0.0 ms]
   [Clear CT: 3.0 ms]
   [Other: 12.7 ms]
      [Choose CSet: 0.0 ms]
      [Ref Proc: 6.7 ms]
      [Ref Enq: 0.8 ms]
      [Free CSet: 0.7 ms]
   [Eden: 1056.0M(1056.0M)->0.0B(1056.0M) Survivors: 160.0M->160.0M Heap: 11.6G(24.0G)->10.9G(24.0G)]
 [Times: user=3.19 sys=0.07, real=0.30 secs] 
2014-04-09T13:54:49.624+0900: 84.564: [GC concurrent-root-region-scan-start]
2014-04-09T13:54:49.945+0900: 84.885: [GC concurrent-root-region-scan-end, 0.3206011 secs]
2014-04-09T13:54:49.945+0900: 84.885: [GC concurrent-mark-start]
2014-04-09T13:54:50.788+0900: 85.727: [GC pause (G1 Evacuation Pause) (young), 0.1780198 secs]
   [Parallel Time: 160.3 ms, GC Workers: 13]
      [GC Worker Start (ms): Min: 85727.9, Avg: 85727.9, Max: 85728.0, Diff: 0.1]
      [Ext Root Scanning (ms): Min: 1.3, Avg: 1.4, Max: 1.7, Diff: 0.4, Sum: 17.8]
      [SATB Filtering (ms): Min: 0.0, Avg: 0.2, Max: 2.4, Diff: 2.4, Sum: 2.4]
      [Update RS (ms): Min: 3.1, Avg: 3.3, Max: 3.6, Diff: 0.5, Sum: 42.5]
         [Processed Buffers: Min: 7, Avg: 14.5, Max: 27, Diff: 20, Sum: 189]
      [Scan RS (ms): Min: 23.8, Avg: 26.3, Max: 26.9, Diff: 3.1, Sum: 342.1]
      [Code Root Scanning (ms): Min: 0.0, Avg: 0.0, Max: 0.0, Diff: 0.0, Sum: 0.0]
      [Object Copy (ms): Min: 128.2, Avg: 128.4, Max: 128.7, Diff: 0.4, Sum: 1669.1]
      [Termination (ms): Min: 0.0, Avg: 0.5, Max: 0.6, Diff: 0.6, Sum: 6.3]
      [GC Worker Other (ms): Min: 0.0, Avg: 0.0, Max: 0.1, Diff: 0.1, Sum: 0.6]
      [GC Worker Total (ms): Min: 160.0, Avg: 160.1, Max: 160.2, Diff: 0.2, Sum: 2081.0]
      [GC Worker End (ms): Min: 85888.0, Avg: 85888.0, Max: 85888.1, Diff: 0.1]
   [Code Root Fixup: 0.4 ms]
   [Code Root Migration: 0.0 ms]
   [Clear CT: 3.1 ms]
   [Other: 14.1 ms]
      [Choose CSet: 0.0 ms]
      [Ref Proc: 8.3 ms]
      [Ref Enq: 1.2 ms]
      [Free CSet: 0.7 ms]
   [Eden: 1056.0M(1056.0M)->0.0B(1056.0M) Survivors: 160.0M->160.0M Heap: 11.9G(24.0G)->11.1G(24.0G)]
 [Times: user=2.10 sys=0.04, real=0.18 secs] 
2014-04-09T13:54:51.754+0900: 86.694: [GC concurrent-mark-end, 1.8093783 secs]
2014-04-09T13:54:51.756+0900: 86.695: [GC remark 86.735: [GC ref-proc, 0.0213965 secs], 0.0925590 secs]
 [Times: user=0.84 sys=0.00, real=0.09 secs] 
2014-04-09T13:54:51.850+0900: 86.790: [GC cleanup 11G->11G(24G), 0.0292546 secs]
 [Times: user=0.36 sys=0.00, real=0.03 secs] 
2014-04-09T13:54:52.299+0900: 87.239: [GC pause (G1 Evacuation Pause) (young), 0.1143497 secs]
   [Parallel Time: 99.3 ms, GC Workers: 13]
      [GC Worker Start (ms): Min: 87239.1, Avg: 87239.2, Max: 87239.2, Diff: 0.1]
      [Ext Root Scanning (ms): Min: 1.0, Avg: 1.4, Max: 2.2, Diff: 1.2, Sum: 18.3]
      [Update RS (ms): Min: 4.3, Avg: 4.9, Max: 5.8, Diff: 1.4, Sum: 64.2]
         [Processed Buffers: Min: 7, Avg: 14.3, Max: 28, Diff: 21, Sum: 186]
      [Scan RS (ms): Min: 8.9, Avg: 9.6, Max: 10.1, Diff: 1.3, Sum: 125.0]
      [Code Root Scanning (ms): Min: 0.0, Avg: 0.0, Max: 0.0, Diff: 0.0, Sum: 0.0]
      [Object Copy (ms): Min: 82.8, Avg: 83.0, Max: 83.8, Diff: 1.0, Sum: 1079.0]
      [Termination (ms): Min: 0.0, Avg: 0.0, Max: 0.0, Diff: 0.0, Sum: 0.0]
      [GC Worker Other (ms): Min: 0.0, Avg: 0.0, Max: 0.1, Diff: 0.1, Sum: 0.6]
      [GC Worker Total (ms): Min: 98.9, Avg: 99.0, Max: 99.1, Diff: 0.2, Sum: 1287.2]
      [GC Worker End (ms): Min: 87338.2, Avg: 87338.2, Max: 87338.2, Diff: 0.1]
   [Code Root Fixup: 0.4 ms]
   [Code Root Migration: 0.0 ms]
   [Clear CT: 3.1 ms]
   [Other: 11.5 ms]
      [Choose CSet: 0.0 ms]
      [Ref Proc: 7.0 ms]
      [Ref Enq: 0.8 ms]
      [Free CSet: 0.8 ms]
   [Eden: 1056.0M(1056.0M)->0.0B(1056.0M) Survivors: 160.0M->160.0M Heap: 12.1G(24.0G)->11.3G(24.0G)]
 [Times: user=1.27 sys=0.07, real=0.12 secs] 
2014-04-09T13:54:53.313+0900: 88.252: [GC pause (G1 Evacuation Pause) (mixed), 0.1732357 secs]
   [Parallel Time: 152.0 ms, GC Workers: 13]
      [GC Worker Start (ms): Min: 88252.8, Avg: 88252.8, Max: 88252.9, Diff: 0.1]
      [Ext Root Scanning (ms): Min: 0.9, Avg: 1.4, Max: 2.3, Diff: 1.4, Sum: 18.3]
      [Update RS (ms): Min: 5.1, Avg: 5.7, Max: 6.9, Diff: 1.8, Sum: 74.3]
         [Processed Buffers: Min: 8, Avg: 14.2, Max: 29, Diff: 21, Sum: 184]
      [Scan RS (ms): Min: 30.3, Avg: 31.5, Max: 32.2, Diff: 1.9, Sum: 409.5]
      [Code Root Scanning (ms): Min: 0.0, Avg: 0.0, Max: 0.0, Diff: 0.0, Sum: 0.1]
      [Object Copy (ms): Min: 112.7, Avg: 113.0, Max: 113.7, Diff: 1.0, Sum: 1469.2]
      [Termination (ms): Min: 0.0, Avg: 0.0, Max: 0.0, Diff: 0.0, Sum: 0.1]
      [GC Worker Other (ms): Min: 0.0, Avg: 0.0, Max: 0.1, Diff: 0.1, Sum: 0.5]
      [GC Worker Total (ms): Min: 151.6, Avg: 151.7, Max: 151.8, Diff: 0.2, Sum: 1971.8]
      [GC Worker End (ms): Min: 88404.5, Avg: 88404.5, Max: 88404.6, Diff: 0.1]
   [Code Root Fixup: 0.5 ms]
   [Code Root Migration: 0.0 ms]
   [Clear CT: 3.3 ms]
   [Other: 17.4 ms]
      [Choose CSet: 0.3 ms]
      [Ref Proc: 8.9 ms]
      [Ref Enq: 1.5 ms]
      [Free CSet: 1.6 ms]
   [Eden: 1056.0M(1056.0M)->0.0B(1056.0M) Survivors: 160.0M->160.0M Heap: 12.4G(24.0G)->11.0G(24.0G)]
 [Times: user=1.91 sys=0.11, real=0.18 secs] 
2014-04-09T13:54:54.410+0900: 89.350: [GC pause (G1 Evacuation Pause) (mixed), 0.1418687 secs]
   [Parallel Time: 124.1 ms, GC Workers: 13]
      [GC Worker Start (ms): Min: 89350.2, Avg: 89350.2, Max: 89350.3, Diff: 0.1]
      [Ext Root Scanning (ms): Min: 1.4, Avg: 1.5, Max: 2.1, Diff: 0.7, Sum: 19.0]
      [Update RS (ms): Min: 4.8, Avg: 5.4, Max: 6.7, Diff: 1.9, Sum: 70.4]
         [Processed Buffers: Min: 6, Avg: 14.0, Max: 33, Diff: 27, Sum: 182]
      [Scan RS (ms): Min: 21.5, Avg: 22.7, Max: 23.3, Diff: 1.9, Sum: 295.5]
      [Code Root Scanning (ms): Min: 0.0, Avg: 0.0, Max: 0.0, Diff: 0.0, Sum: 0.0]
      [Object Copy (ms): Min: 93.7, Avg: 94.0, Max: 94.2, Diff: 0.5, Sum: 1222.6]
      [Termination (ms): Min: 0.0, Avg: 0.2, Max: 0.2, Diff: 0.2, Sum: 2.3]
      [GC Worker Other (ms): Min: 0.0, Avg: 0.0, Max: 0.1, Diff: 0.0, Sum: 0.3]
      [GC Worker Total (ms): Min: 123.8, Avg: 123.9, Max: 123.9, Diff: 0.2, Sum: 1610.1]
      [GC Worker End (ms): Min: 89474.1, Avg: 89474.1, Max: 89474.1, Diff: 0.0]
   [Code Root Fixup: 0.4 ms]
   [Code Root Migration: 0.0 ms]
   [Clear CT: 3.2 ms]
   [Other: 14.1 ms]
      [Choose CSet: 0.2 ms]
      [Ref Proc: 7.5 ms]
      [Ref Enq: 1.0 ms]
      [Free CSet: 1.2 ms]
   [Eden: 1056.0M(1056.0M)->0.0B(1056.0M) Survivors: 160.0M->160.0M Heap: 12.0G(24.0G)->11.0G(24.0G)]
 [Times: user=1.62 sys=0.04, real=0.14 secs] 
2014-04-09T13:54:55.440+0900: 90.380: [GC pause (G1 Evacuation Pause) (young), 0.1154027 secs]
   [Parallel Time: 100.8 ms, GC Workers: 13]
      [GC Worker Start (ms): Min: 90380.1, Avg: 90380.2, Max: 90380.3, Diff: 0.1]
      [Ext Root Scanning (ms): Min: 1.3, Avg: 1.4, Max: 1.8, Diff: 0.5, Sum: 18.3]
      [Update RS (ms): Min: 5.1, Avg: 5.8, Max: 6.7, Diff: 1.5, Sum: 75.5]
         [Processed Buffers: Min: 8, Avg: 15.8, Max: 26, Diff: 18, Sum: 206]
      [Scan RS (ms): Min: 10.3, Avg: 11.2, Max: 11.5, Diff: 1.2, Sum: 145.1]
      [Code Root Scanning (ms): Min: 0.0, Avg: 0.0, Max: 0.0, Diff: 0.0, Sum: 0.0]
      [Object Copy (ms): Min: 81.9, Avg: 82.1, Max: 82.2, Diff: 0.3, Sum: 1066.9]
      [Termination (ms): Min: 0.0, Avg: 0.0, Max: 0.0, Diff: 0.0, Sum: 0.1]
      [GC Worker Other (ms): Min: 0.0, Avg: 0.0, Max: 0.1, Diff: 0.0, Sum: 0.5]
      [GC Worker Total (ms): Min: 100.4, Avg: 100.5, Max: 100.6, Diff: 0.2, Sum: 1306.3]
      [GC Worker End (ms): Min: 90480.7, Avg: 90480.7, Max: 90480.7, Diff: 0.0]
   [Code Root Fixup: 0.4 ms]
   [Code Root Migration: 0.0 ms]
   [Clear CT: 3.0 ms]
   [Other: 11.2 ms]
      [Choose CSet: 0.0 ms]
      [Ref Proc: 6.8 ms]
      [Ref Enq: 0.6 ms]
      [Free CSet: 0.7 ms]
   [Eden: 1056.0M(1056.0M)->0.0B(1056.0M) Survivors: 160.0M->160.0M Heap: 12.0G(24.0G)->11.2G(24.0G)]
 [Times: user=1.34 sys=0.01, real=0.12 secs] 
2014-04-09T13:54:56.426+0900: 91.366: [GC pause (G1 Evacuation Pause) (young) (initial-mark), 0.1114086 secs]
   [Parallel Time: 96.7 ms, GC Workers: 13]
      [GC Worker Start (ms): Min: 91366.4, Avg: 91366.5, Max: 91366.6, Diff: 0.1]
      [Ext Root Scanning (ms): Min: 1.1, Avg: 1.4, Max: 3.6, Diff: 2.5, Sum: 18.5]
      [Code Root Marking (ms): Min: 0.0, Avg: 0.5, Max: 4.5, Diff: 4.5, Sum: 7.1]
      [Update RS (ms): Min: 2.6, Avg: 5.7, Max: 7.3, Diff: 4.7, Sum: 74.5]
         [Processed Buffers: Min: 6, Avg: 14.2, Max: 34, Diff: 28, Sum: 185]
      [Scan RS (ms): Min: 10.8, Avg: 11.7, Max: 12.2, Diff: 1.4, Sum: 151.6]
      [Code Root Scanning (ms): Min: 0.0, Avg: 0.0, Max: 0.0, Diff: 0.0, Sum: 0.0]
      [Object Copy (ms): Min: 76.8, Avg: 77.0, Max: 77.3, Diff: 0.5, Sum: 1001.6]
      [Termination (ms): Min: 0.0, Avg: 0.0, Max: 0.0, Diff: 0.0, Sum: 0.0]
      [GC Worker Other (ms): Min: 0.0, Avg: 0.0, Max: 0.1, Diff: 0.1, Sum: 0.5]
      [GC Worker Total (ms): Min: 96.4, Avg: 96.5, Max: 96.5, Diff: 0.1, Sum: 1253.9]
      [GC Worker End (ms): Min: 91462.9, Avg: 91462.9, Max: 91463.0, Diff: 0.1]
   [Code Root Fixup: 0.4 ms]
   [Code Root Migration: 0.0 ms]
   [Clear CT: 2.7 ms]
   [Other: 11.5 ms]
      [Choose CSet: 0.0 ms]
      [Ref Proc: 6.7 ms]
      [Ref Enq: 0.7 ms]
      [Free CSet: 0.8 ms]
   [Eden: 1056.0M(1056.0M)->0.0B(1056.0M) Survivors: 160.0M->160.0M Heap: 12.3G(24.0G)->11.5G(24.0G)]
 [Times: user=1.28 sys=0.01, real=0.11 secs] 
2014-04-09T13:54:56.538+0900: 91.477: [GC concurrent-root-region-scan-start]
2014-04-09T13:54:56.578+0900: 91.517: [GC concurrent-root-region-scan-end, 0.0396501 secs]
2014-04-09T13:54:56.578+0900: 91.517: [GC concurrent-mark-start]
2014-04-09T13:54:57.748+0900: 92.687: [GC pause (G1 Evacuation Pause) (young), 0.1152460 secs]
   [Parallel Time: 100.1 ms, GC Workers: 13]
      [GC Worker Start (ms): Min: 92687.8, Avg: 92688.0, Max: 92688.1, Diff: 0.3]
      [Ext Root Scanning (ms): Min: 1.5, Avg: 1.7, Max: 1.9, Diff: 0.4, Sum: 21.7]
      [SATB Filtering (ms): Min: 0.0, Avg: 0.1, Max: 1.7, Diff: 1.7, Sum: 1.7]
      [Update RS (ms): Min: 3.1, Avg: 4.9, Max: 5.8, Diff: 2.7, Sum: 63.6]
         [Processed Buffers: Min: 8, Avg: 15.0, Max: 24, Diff: 16, Sum: 195]
      [Scan RS (ms): Min: 10.6, Avg: 11.2, Max: 11.7, Diff: 1.1, Sum: 145.4]
      [Code Root Scanning (ms): Min: 0.0, Avg: 0.0, Max: 0.0, Diff: 0.0, Sum: 0.0]
      [Object Copy (ms): Min: 81.2, Avg: 81.4, Max: 81.6, Diff: 0.4, Sum: 1058.3]
      [Termination (ms): Min: 0.0, Avg: 0.0, Max: 0.0, Diff: 0.0, Sum: 0.1]
      [GC Worker Other (ms): Min: 0.0, Avg: 0.0, Max: 0.1, Diff: 0.1, Sum: 0.6]
      [GC Worker Total (ms): Min: 99.2, Avg: 99.3, Max: 99.5, Diff: 0.3, Sum: 1291.4]
      [GC Worker End (ms): Min: 92787.3, Avg: 92787.3, Max: 92787.4, Diff: 0.1]
   [Code Root Fixup: 0.4 ms]
   [Code Root Migration: 0.0 ms]
   [Clear CT: 3.0 ms]
   [Other: 11.7 ms]
      [Choose CSet: 0.0 ms]
      [Ref Proc: 6.9 ms]
      [Ref Enq: 0.7 ms]
      [Free CSet: 1.0 ms]
   [Eden: 1056.0M(1056.0M)->0.0B(1056.0M) Survivors: 160.0M->160.0M Heap: 12.5G(24.0G)->11.7G(24.0G)]
 [Times: user=1.33 sys=0.00, real=0.11 secs] 
2014-04-09T13:54:58.704+0900: 93.643: [GC concurrent-mark-end, 2.1262390 secs]
2014-04-09T13:54:58.705+0900: 93.645: [GC remark 93.681: [GC ref-proc, 0.0119536 secs], 0.0810882 secs]
 [Times: user=0.81 sys=0.00, real=0.08 secs] 
2014-04-09T13:54:58.789+0900: 93.728: [GC cleanup 12G->12G(24G), 0.0304904 secs]
 [Times: user=0.37 sys=0.00, real=0.03 secs] 
2014-04-09T13:54:59.107+0900: 94.046: [GC pause (G1 Evacuation Pause) (young), 0.1174264 secs]
   [Parallel Time: 102.3 ms, GC Workers: 13]
      [GC Worker Start (ms): Min: 94046.7, Avg: 94046.8, Max: 94046.9, Diff: 0.2]
      [Ext Root Scanning (ms): Min: 1.0, Avg: 1.4, Max: 1.6, Diff: 0.6, Sum: 17.7]
      [Update RS (ms): Min: 4.0, Avg: 4.6, Max: 5.7, Diff: 1.7, Sum: 60.2]
         [Processed Buffers: Min: 5, Avg: 14.8, Max: 30, Diff: 25, Sum: 193]
      [Scan RS (ms): Min: 10.5, Avg: 11.5, Max: 12.0, Diff: 1.5, Sum: 149.6]
      [Code Root Scanning (ms): Min: 0.0, Avg: 0.0, Max: 0.0, Diff: 0.0, Sum: 0.0]
      [Object Copy (ms): Min: 84.0, Avg: 84.4, Max: 85.4, Diff: 1.4, Sum: 1097.2]
      [Termination (ms): Min: 0.0, Avg: 0.1, Max: 0.1, Diff: 0.1, Sum: 0.9]
      [GC Worker Other (ms): Min: 0.0, Avg: 0.0, Max: 0.1, Diff: 0.1, Sum: 0.5]
      [GC Worker Total (ms): Min: 101.9, Avg: 102.0, Max: 102.1, Diff: 0.2, Sum: 1326.1]
      [GC Worker End (ms): Min: 94148.8, Avg: 94148.8, Max: 94148.8, Diff: 0.1]
   [Code Root Fixup: 0.3 ms]
   [Code Root Migration: 0.0 ms]
   [Clear CT: 3.0 ms]
   [Other: 11.8 ms]
      [Choose CSet: 0.0 ms]
      [Ref Proc: 7.1 ms]
      [Ref Enq: 0.8 ms]
      [Free CSet: 0.8 ms]
   [Eden: 1056.0M(1056.0M)->0.0B(1056.0M) Survivors: 160.0M->160.0M Heap: 12.7G(24.0G)->11.9G(24.0G)]
 [Times: user=1.32 sys=0.05, real=0.12 secs] 
2014-04-09T13:55:00.092+0900: 95.031: [GC pause (G1 Evacuation Pause) (mixed), 0.1676417 secs]
   [Parallel Time: 146.7 ms, GC Workers: 13]
      [GC Worker Start (ms): Min: 95031.7, Avg: 95031.8, Max: 95031.8, Diff: 0.1]
      [Ext Root Scanning (ms): Min: 1.3, Avg: 1.4, Max: 1.9, Diff: 0.7, Sum: 18.0]
      [Update RS (ms): Min: 5.0, Avg: 5.6, Max: 6.8, Diff: 1.9, Sum: 72.8]
         [Processed Buffers: Min: 6, Avg: 15.5, Max: 27, Diff: 21, Sum: 202]
      [Scan RS (ms): Min: 29.1, Avg: 30.2, Max: 30.6, Diff: 1.6, Sum: 392.0]
      [Code Root Scanning (ms): Min: 0.0, Avg: 0.0, Max: 0.0, Diff: 0.0, Sum: 0.1]
      [Object Copy (ms): Min: 108.8, Avg: 109.3, Max: 109.6, Diff: 0.7, Sum: 1420.8]
      [Termination (ms): Min: 0.0, Avg: 0.0, Max: 0.0, Diff: 0.0, Sum: 0.2]
      [GC Worker Other (ms): Min: 0.0, Avg: 0.0, Max: 0.1, Diff: 0.1, Sum: 0.6]
      [GC Worker Total (ms): Min: 146.4, Avg: 146.5, Max: 146.6, Diff: 0.2, Sum: 1904.4]
      [GC Worker End (ms): Min: 95178.2, Avg: 95178.3, Max: 95178.3, Diff: 0.1]
   [Code Root Fixup: 0.3 ms]
   [Code Root Migration: 0.0 ms]
   [Clear CT: 3.6 ms]
   [Other: 16.9 ms]
      [Choose CSet: 0.3 ms]
      [Ref Proc: 8.3 ms]
      [Ref Enq: 1.4 ms]
      [Free CSet: 1.5 ms]
   [Eden: 1056.0M(1056.0M)->0.0B(1056.0M) Survivors: 160.0M->160.0M Heap: 12.9G(24.0G)->11.5G(24.0G)]
 [Times: user=1.86 sys=0.10, real=0.17 secs] 
2014-04-09T13:55:01.158+0900: 96.097: [GC pause (G1 Evacuation Pause) (mixed), 0.1382008 secs]
   [Parallel Time: 121.2 ms, GC Workers: 13]
      [GC Worker Start (ms): Min: 96098.0, Avg: 96098.1, Max: 96098.1, Diff: 0.1]
      [Ext Root Scanning (ms): Min: 0.9, Avg: 1.4, Max: 2.0, Diff: 1.1, Sum: 18.8]
      [Update RS (ms): Min: 5.0, Avg: 5.9, Max: 7.7, Diff: 2.7, Sum: 76.7]
         [Processed Buffers: Min: 4, Avg: 14.2, Max: 27, Diff: 23, Sum: 184]
      [Scan RS (ms): Min: 17.4, Avg: 19.4, Max: 19.9, Diff: 2.5, Sum: 251.8]
      [Code Root Scanning (ms): Min: 0.0, Avg: 0.0, Max: 0.0, Diff: 0.0, Sum: 0.0]
      [Object Copy (ms): Min: 94.0, Avg: 94.1, Max: 94.6, Diff: 0.6, Sum: 1223.7]
      [Termination (ms): Min: 0.0, Avg: 0.0, Max: 0.0, Diff: 0.0, Sum: 0.0]
      [GC Worker Other (ms): Min: 0.0, Avg: 0.0, Max: 0.1, Diff: 0.1, Sum: 0.5]
      [GC Worker Total (ms): Min: 120.8, Avg: 120.9, Max: 121.0, Diff: 0.2, Sum: 1571.5]
      [GC Worker End (ms): Min: 96218.9, Avg: 96219.0, Max: 96219.0, Diff: 0.1]
   [Code Root Fixup: 0.4 ms]
   [Code Root Migration: 0.0 ms]
   [Clear CT: 3.3 ms]
   [Other: 13.3 ms]
      [Choose CSet: 0.1 ms]
      [Ref Proc: 7.2 ms]
      [Ref Enq: 0.9 ms]
      [Free CSet: 1.0 ms]
   [Eden: 1056.0M(1056.0M)->0.0B(1056.0M) Survivors: 160.0M->160.0M Heap: 12.5G(24.0G)->11.6G(24.0G)]
 [Times: user=1.58 sys=0.03, real=0.14 secs] 
2014-04-09T13:55:02.189+0900: 97.128: [GC pause (G1 Evacuation Pause) (young), 0.1118715 secs]
   [Parallel Time: 97.0 ms, GC Workers: 13]
      [GC Worker Start (ms): Min: 97128.7, Avg: 97128.7, Max: 97128.8, Diff: 0.1]
      [Ext Root Scanning (ms): Min: 1.3, Avg: 1.4, Max: 1.9, Diff: 0.6, Sum: 18.0]
      [Update RS (ms): Min: 4.4, Avg: 5.3, Max: 6.6, Diff: 2.2, Sum: 68.7]
         [Processed Buffers: Min: 2, Avg: 14.8, Max: 28, Diff: 26, Sum: 192]
      [Scan RS (ms): Min: 10.7, Avg: 11.9, Max: 12.4, Diff: 1.7, Sum: 154.9]
      [Code Root Scanning (ms): Min: 0.0, Avg: 0.0, Max: 0.0, Diff: 0.0, Sum: 0.0]
      [Object Copy (ms): Min: 77.9, Avg: 78.1, Max: 78.4, Diff: 0.4, Sum: 1015.1]
      [Termination (ms): Min: 0.0, Avg: 0.0, Max: 0.0, Diff: 0.0, Sum: 0.1]
      [GC Worker Other (ms): Min: 0.0, Avg: 0.0, Max: 0.1, Diff: 0.1, Sum: 0.5]
      [GC Worker Total (ms): Min: 96.6, Avg: 96.7, Max: 96.8, Diff: 0.2, Sum: 1257.3]
      [GC Worker End (ms): Min: 97225.4, Avg: 97225.5, Max: 97225.5, Diff: 0.1]
   [Code Root Fixup: 0.4 ms]
   [Code Root Migration: 0.0 ms]
   [Clear CT: 3.5 ms]
   [Other: 11.0 ms]
      [Choose CSet: 0.0 ms]
      [Ref Proc: 6.7 ms]
      [Ref Enq: 1.0 ms]
      [Free CSet: 0.7 ms]
   [Eden: 1056.0M(1056.0M)->0.0B(1056.0M) Survivors: 160.0M->160.0M Heap: 12.6G(24.0G)->11.8G(24.0G)]
 [Times: user=1.30 sys=0.01, real=0.11 secs] 
2014-04-09T13:55:03.175+0900: 98.114: [GC pause (G1 Evacuation Pause) (young) (initial-mark), 0.1173980 secs]
   [Parallel Time: 102.0 ms, GC Workers: 13]
      [GC Worker Start (ms): Min: 98114.6, Avg: 98114.7, Max: 98114.7, Diff: 0.1]
      [Ext Root Scanning (ms): Min: 1.1, Avg: 1.4, Max: 3.1, Diff: 2.0, Sum: 17.6]
      [Code Root Marking (ms): Min: 0.0, Avg: 0.7, Max: 6.6, Diff: 6.5, Sum: 9.3]
      [Update RS (ms): Min: 0.0, Avg: 4.8, Max: 6.2, Diff: 6.2, Sum: 62.4]
         [Processed Buffers: Min: 0, Avg: 15.1, Max: 27, Diff: 27, Sum: 196]
      [Scan RS (ms): Min: 9.9, Avg: 10.7, Max: 11.4, Diff: 1.5, Sum: 139.0]
      [Code Root Scanning (ms): Min: 0.0, Avg: 0.0, Max: 0.0, Diff: 0.0, Sum: 0.0]
      [Object Copy (ms): Min: 83.9, Avg: 84.1, Max: 84.4, Diff: 0.5, Sum: 1093.1]
      [Termination (ms): Min: 0.0, Avg: 0.0, Max: 0.0, Diff: 0.0, Sum: 0.1]
      [GC Worker Other (ms): Min: 0.0, Avg: 0.1, Max: 0.1, Diff: 0.1, Sum: 0.7]
      [GC Worker Total (ms): Min: 101.7, Avg: 101.7, Max: 101.8, Diff: 0.1, Sum: 1322.3]
      [GC Worker End (ms): Min: 98216.3, Avg: 98216.4, Max: 98216.4, Diff: 0.1]
   [Code Root Fixup: 0.3 ms]
   [Code Root Migration: 0.0 ms]
   [Clear CT: 3.2 ms]
   [Other: 12.0 ms]
      [Choose CSet: 0.0 ms]
      [Ref Proc: 7.4 ms]
      [Ref Enq: 0.9 ms]
      [Free CSet: 0.6 ms]
   [Eden: 1056.0M(1056.0M)->0.0B(1056.0M) Survivors: 160.0M->160.0M Heap: 12.9G(24.0G)->12.1G(24.0G)]
 [Times: user=1.36 sys=0.01, real=0.12 secs] 
2014-04-09T13:55:03.292+0900: 98.232: [GC concurrent-root-region-scan-start]
2014-04-09T13:55:03.340+0900: 98.279: [GC concurrent-root-region-scan-end, 0.0474730 secs]
2014-04-09T13:55:03.340+0900: 98.279: [GC concurrent-mark-start]
2014-04-09T13:55:04.449+0900: 99.389: [GC pause (G1 Evacuation Pause) (young), 0.1129169 secs]
   [Parallel Time: 97.3 ms, GC Workers: 13]
      [GC Worker Start (ms): Min: 99389.0, Avg: 99389.1, Max: 99389.1, Diff: 0.2]
      [Ext Root Scanning (ms): Min: 1.4, Avg: 1.5, Max: 2.0, Diff: 0.5, Sum: 19.6]
      [SATB Filtering (ms): Min: 0.0, Avg: 0.2, Max: 2.2, Diff: 2.2, Sum: 2.2]
      [Update RS (ms): Min: 4.5, Avg: 5.3, Max: 6.1, Diff: 1.6, Sum: 69.2]
         [Processed Buffers: Min: 8, Avg: 14.1, Max: 26, Diff: 18, Sum: 183]
      [Scan RS (ms): Min: 9.7, Avg: 10.8, Max: 11.2, Diff: 1.5, Sum: 140.0]
      [Code Root Scanning (ms): Min: 0.0, Avg: 0.0, Max: 0.0, Diff: 0.0, Sum: 0.0]
      [Object Copy (ms): Min: 79.1, Avg: 79.3, Max: 79.4, Diff: 0.3, Sum: 1030.5]
      [Termination (ms): Min: 0.0, Avg: 0.0, Max: 0.0, Diff: 0.0, Sum: 0.0]
      [GC Worker Other (ms): Min: 0.0, Avg: 0.0, Max: 0.1, Diff: 0.1, Sum: 0.6]
      [GC Worker Total (ms): Min: 97.0, Avg: 97.1, Max: 97.2, Diff: 0.2, Sum: 1262.1]
      [GC Worker End (ms): Min: 99486.1, Avg: 99486.1, Max: 99486.2, Diff: 0.1]
   [Code Root Fixup: 0.3 ms]
   [Code Root Migration: 0.0 ms]
   [Clear CT: 3.5 ms]
   [Other: 11.7 ms]
      [Choose CSet: 0.0 ms]
      [Ref Proc: 7.0 ms]
      [Ref Enq: 0.8 ms]
      [Free CSet: 0.7 ms]
   [Eden: 1056.0M(1056.0M)->0.0B(1056.0M) Survivors: 160.0M->160.0M Heap: 13.1G(24.0G)->12.3G(24.0G)]
 [Times: user=1.30 sys=0.02, real=0.11 secs] 
2014-04-09T13:55:05.609+0900: 100.548: [GC concurrent-mark-end, 2.2692010 secs]
2014-04-09T13:55:05.610+0900: 100.550: [GC remark 100.581: [GC ref-proc, 0.0116946 secs], 0.0780672 secs]
 [Times: user=0.78 sys=0.00, real=0.08 secs] 
2014-04-09T13:55:05.690+0900: 100.630: [GC cleanup 13G->13G(24G), 0.0363411 secs]
 [Times: user=0.38 sys=0.00, real=0.04 secs] 
2014-04-09T13:55:05.880+0900: 100.819: [GC pause (G1 Evacuation Pause) (young), 0.0853689 secs]
   [Parallel Time: 74.6 ms, GC Workers: 13]
      [GC Worker Start (ms): Min: 100819.4, Avg: 100819.4, Max: 100819.5, Diff: 0.1]
      [Ext Root Scanning (ms): Min: 1.3, Avg: 1.4, Max: 2.0, Diff: 0.7, Sum: 18.8]
      [Update RS (ms): Min: 5.9, Avg: 6.5, Max: 6.9, Diff: 1.1, Sum: 83.9]
         [Processed Buffers: Min: 8, Avg: 14.7, Max: 24, Diff: 16, Sum: 191]
      [Scan RS (ms): Min: 10.1, Avg: 10.5, Max: 11.0, Diff: 0.8, Sum: 136.9]
      [Code Root Scanning (ms): Min: 0.0, Avg: 0.0, Max: 0.0, Diff: 0.0, Sum: 0.0]
      [Object Copy (ms): Min: 55.6, Avg: 55.8, Max: 55.9, Diff: 0.3, Sum: 725.7]
      [Termination (ms): Min: 0.0, Avg: 0.0, Max: 0.0, Diff: 0.0, Sum: 0.0]
      [GC Worker Other (ms): Min: 0.0, Avg: 0.0, Max: 0.1, Diff: 0.1, Sum: 0.6]
      [GC Worker Total (ms): Min: 74.2, Avg: 74.3, Max: 74.4, Diff: 0.1, Sum: 966.0]
      [GC Worker End (ms): Min: 100893.7, Avg: 100893.8, Max: 100893.8, Diff: 0.1]
   [Code Root Fixup: 0.3 ms]
   [Code Root Migration: 0.0 ms]
   [Clear CT: 3.4 ms]
   [Other: 7.0 ms]
      [Choose CSet: 0.0 ms]
      [Ref Proc: 2.9 ms]
      [Ref Enq: 0.3 ms]
      [Free CSet: 0.7 ms]
   [Eden: 1056.0M(1056.0M)->0.0B(1056.0M) Survivors: 160.0M->160.0M Heap: 13.3G(24.0G)->12.5G(24.0G)]
 [Times: user=0.96 sys=0.05, real=0.08 secs] 
2014-04-09T13:55:06.918+0900: 101.857: [GC pause (G1 Evacuation Pause) (mixed), 0.1251322 secs]
   [Parallel Time: 112.3 ms, GC Workers: 13]
      [GC Worker Start (ms): Min: 101857.6, Avg: 101857.7, Max: 101857.8, Diff: 0.1]
      [Ext Root Scanning (ms): Min: 2.2, Avg: 4.1, Max: 4.5, Diff: 2.3, Sum: 52.8]
      [Update RS (ms): Min: 6.6, Avg: 9.2, Max: 36.2, Diff: 29.6, Sum: 119.4]
         [Processed Buffers: Min: 0, Avg: 15.9, Max: 31, Diff: 31, Sum: 207]
      [Scan RS (ms): Min: 5.0, Avg: 30.9, Max: 33.6, Diff: 28.7, Sum: 402.1]
      [Code Root Scanning (ms): Min: 0.0, Avg: 0.0, Max: 0.0, Diff: 0.0, Sum: 0.1]
      [Object Copy (ms): Min: 67.4, Avg: 67.8, Max: 68.6, Diff: 1.2, Sum: 881.7]
      [Termination (ms): Min: 0.0, Avg: 0.0, Max: 0.0, Diff: 0.0, Sum: 0.1]
      [GC Worker Other (ms): Min: 0.0, Avg: 0.0, Max: 0.1, Diff: 0.1, Sum: 0.5]
      [GC Worker Total (ms): Min: 112.0, Avg: 112.0, Max: 112.1, Diff: 0.2, Sum: 1456.6]
      [GC Worker End (ms): Min: 101969.7, Avg: 101969.7, Max: 101969.8, Diff: 0.1]
   [Code Root Fixup: 0.4 ms]
   [Code Root Migration: 0.1 ms]
   [Clear CT: 3.7 ms]
   [Other: 8.7 ms]
      [Choose CSet: 0.3 ms]
      [Ref Proc: 1.5 ms]
      [Ref Enq: 0.0 ms]
      [Free CSet: 1.6 ms]
   [Eden: 1056.0M(1056.0M)->0.0B(1056.0M) Survivors: 160.0M->160.0M Heap: 13.5G(24.0G)->12.1G(24.0G)]
 [Times: user=1.35 sys=0.12, real=0.12 secs] 
2014-04-09T13:55:08.014+0900: 102.953: [GC pause (G1 Evacuation Pause) (mixed), 0.0752310 secs]
   [Parallel Time: 66.5 ms, GC Workers: 13]
      [GC Worker Start (ms): Min: 102953.6, Avg: 102953.7, Max: 102953.7, Diff: 0.1]
      [Ext Root Scanning (ms): Min: 1.2, Avg: 1.4, Max: 2.0, Diff: 0.7, Sum: 18.5]
      [Update RS (ms): Min: 5.8, Avg: 6.0, Max: 6.4, Diff: 0.6, Sum: 77.6]
         [Processed Buffers: Min: 3, Avg: 15.3, Max: 28, Diff: 25, Sum: 199]
      [Scan RS (ms): Min: 13.1, Avg: 13.8, Max: 14.2, Diff: 1.1, Sum: 180.0]
      [Code Root Scanning (ms): Min: 0.0, Avg: 0.0, Max: 0.0, Diff: 0.0, Sum: 0.0]
      [Object Copy (ms): Min: 44.8, Avg: 45.0, Max: 45.3, Diff: 0.4, Sum: 584.8]
      [Termination (ms): Min: 0.0, Avg: 0.0, Max: 0.0, Diff: 0.0, Sum: 0.2]
      [GC Worker Other (ms): Min: 0.0, Avg: 0.0, Max: 0.1, Diff: 0.1, Sum: 0.6]
      [GC Worker Total (ms): Min: 66.2, Avg: 66.3, Max: 66.4, Diff: 0.2, Sum: 861.8]
      [GC Worker End (ms): Min: 103019.9, Avg: 103020.0, Max: 103020.0, Diff: 0.1]
   [Code Root Fixup: 0.4 ms]
   [Code Root Migration: 0.0 ms]
   [Clear CT: 3.8 ms]
   [Other: 4.5 ms]
      [Choose CSet: 0.1 ms]
      [Ref Proc: 0.3 ms]
      [Ref Enq: 0.0 ms]
      [Free CSet: 0.9 ms]
   [Eden: 1056.0M(1056.0M)->0.0B(1056.0M) Survivors: 160.0M->160.0M Heap: 13.1G(24.0G)->12.2G(24.0G)]
 [Times: user=0.88 sys=0.03, real=0.08 secs] 
2014-04-09T13:55:09.060+0900: 104.000: [GC pause (G1 Evacuation Pause) (young), 0.0595713 secs]
   [Parallel Time: 52.0 ms, GC Workers: 13]
      [GC Worker Start (ms): Min: 104000.2, Avg: 104000.2, Max: 104000.3, Diff: 0.2]
      [Ext Root Scanning (ms): Min: 1.1, Avg: 1.3, Max: 1.7, Diff: 0.6, Sum: 17.2]
      [Update RS (ms): Min: 4.6, Avg: 5.2, Max: 5.6, Diff: 0.9, Sum: 67.7]
         [Processed Buffers: Min: 7, Avg: 14.2, Max: 19, Diff: 12, Sum: 185]
      [Scan RS (ms): Min: 9.2, Avg: 9.7, Max: 9.9, Diff: 0.7, Sum: 125.9]
      [Code Root Scanning (ms): Min: 0.0, Avg: 0.0, Max: 0.0, Diff: 0.0, Sum: 0.0]
      [Object Copy (ms): Min: 35.3, Avg: 35.5, Max: 35.9, Diff: 0.6, Sum: 460.9]
      [Termination (ms): Min: 0.0, Avg: 0.0, Max: 0.0, Diff: 0.0, Sum: 0.1]
      [GC Worker Other (ms): Min: 0.0, Avg: 0.0, Max: 0.1, Diff: 0.1, Sum: 0.6]
      [GC Worker Total (ms): Min: 51.6, Avg: 51.7, Max: 51.8, Diff: 0.2, Sum: 672.5]
      [GC Worker End (ms): Min: 104051.9, Avg: 104052.0, Max: 104052.0, Diff: 0.1]
   [Code Root Fixup: 0.4 ms]
   [Code Root Migration: 0.0 ms]
   [Clear CT: 3.2 ms]
   [Other: 3.9 ms]
      [Choose CSet: 0.0 ms]
      [Ref Proc: 0.3 ms]
      [Ref Enq: 0.0 ms]
      [Free CSet: 0.7 ms]
   [Eden: 1056.0M(1056.0M)->0.0B(1056.0M) Survivors: 160.0M->160.0M Heap: 13.2G(24.0G)->12.4G(24.0G)]
 [Times: user=0.70 sys=0.01, real=0.06 secs] 
2014-04-09T13:55:35.462+0900: 130.401: [GC pause (G1 Evacuation Pause) (young) (initial-mark), 0.0399264 secs]
   [Parallel Time: 32.2 ms, GC Workers: 13]
      [GC Worker Start (ms): Min: 130402.1, Avg: 130402.4, Max: 130402.7, Diff: 0.5]
      [Ext Root Scanning (ms): Min: 1.2, Avg: 1.7, Max: 3.4, Diff: 2.2, Sum: 22.2]
      [Code Root Marking (ms): Min: 0.0, Avg: 0.7, Max: 6.5, Diff: 6.5, Sum: 9.0]
      [Update RS (ms): Min: 0.0, Avg: 4.0, Max: 5.0, Diff: 5.0, Sum: 52.0]
         [Processed Buffers: Min: 0, Avg: 14.8, Max: 28, Diff: 28, Sum: 193]
      [Scan RS (ms): Min: 5.0, Avg: 6.5, Max: 6.9, Diff: 1.9, Sum: 83.9]
      [Code Root Scanning (ms): Min: 0.0, Avg: 0.0, Max: 0.0, Diff: 0.0, Sum: 0.0]
      [Object Copy (ms): Min: 17.9, Avg: 18.4, Max: 18.8, Diff: 0.9, Sum: 239.2]
      [Termination (ms): Min: 0.0, Avg: 0.0, Max: 0.0, Diff: 0.0, Sum: 0.0]
      [GC Worker Other (ms): Min: 0.0, Avg: 0.1, Max: 0.1, Diff: 0.1, Sum: 0.7]
      [GC Worker Total (ms): Min: 31.0, Avg: 31.3, Max: 31.5, Diff: 0.5, Sum: 407.0]
      [GC Worker End (ms): Min: 130433.6, Avg: 130433.7, Max: 130433.7, Diff: 0.1]
   [Code Root Fixup: 0.1 ms]
   [Code Root Migration: 0.0 ms]
   [Clear CT: 3.6 ms]
   [Other: 4.0 ms]
      [Choose CSet: 0.0 ms]
      [Ref Proc: 0.8 ms]
      [Ref Enq: 0.0 ms]
      [Free CSet: 0.7 ms]
   [Eden: 1056.0M(1056.0M)->0.0B(1104.0M) Survivors: 160.0M->112.0M Heap: 13.4G(24.0G)->12.4G(24.0G)]
 [Times: user=0.47 sys=0.01, real=0.04 secs] 
2014-04-09T13:55:35.502+0900: 130.442: [GC concurrent-root-region-scan-start]
2014-04-09T13:55:35.510+0900: 130.450: [GC concurrent-root-region-scan-end, 0.0081870 secs]
2014-04-09T13:55:35.510+0900: 130.450: [GC concurrent-mark-start]
2014-04-09T13:55:36.192+0900: 131.132: [GC pause (G1 Evacuation Pause) (young), 0.0161744 secs]
   [Parallel Time: 11.4 ms, GC Workers: 13]
      [GC Worker Start (ms): Min: 131132.8, Avg: 131133.0, Max: 131133.2, Diff: 0.4]
      [Ext Root Scanning (ms): Min: 1.5, Avg: 1.6, Max: 2.1, Diff: 0.7, Sum: 21.3]
      [SATB Filtering (ms): Min: 0.0, Avg: 0.0, Max: 0.6, Diff: 0.6, Sum: 0.6]
      [Update RS (ms): Min: 3.0, Avg: 3.4, Max: 3.6, Diff: 0.6, Sum: 44.8]
         [Processed Buffers: Min: 9, Avg: 14.0, Max: 24, Diff: 15, Sum: 182]
      [Scan RS (ms): Min: 1.1, Avg: 1.4, Max: 2.5, Diff: 1.4, Sum: 17.8]
      [Code Root Scanning (ms): Min: 0.0, Avg: 0.0, Max: 0.0, Diff: 0.0, Sum: 0.0]
      [Object Copy (ms): Min: 2.5, Avg: 3.6, Max: 3.8, Diff: 1.3, Sum: 46.5]
      [Termination (ms): Min: 0.1, Avg: 0.1, Max: 0.1, Diff: 0.0, Sum: 1.0]
      [GC Worker Other (ms): Min: 0.0, Avg: 0.0, Max: 0.1, Diff: 0.1, Sum: 0.5]
      [GC Worker Total (ms): Min: 10.0, Avg: 10.2, Max: 10.4, Diff: 0.4, Sum: 132.5]
      [GC Worker End (ms): Min: 131143.2, Avg: 131143.2, Max: 131143.3, Diff: 0.1]
   [Code Root Fixup: 0.2 ms]
   [Code Root Migration: 0.0 ms]
   [Clear CT: 2.2 ms]
   [Other: 2.4 ms]
      [Choose CSet: 0.0 ms]
      [Ref Proc: 0.8 ms]
      [Ref Enq: 0.0 ms]
      [Free CSet: 0.4 ms]
   [Eden: 1104.0M(1104.0M)->0.0B(1168.0M) Survivors: 112.0M->48.0M Heap: 13.5G(24.0G)->12.4G(24.0G)]
 [Times: user=0.17 sys=0.00, real=0.01 secs] 
2014-04-09T13:55:37.332+0900: 132.272: [GC pause (G1 Evacuation Pause) (young), 0.0803548 secs]
   [Parallel Time: 72.0 ms, GC Workers: 13]
      [GC Worker Start (ms): Min: 132272.3, Avg: 132272.5, Max: 132272.6, Diff: 0.3]
      [Ext Root Scanning (ms): Min: 1.8, Avg: 3.9, Max: 12.6, Diff: 10.8, Sum: 50.5]
      [SATB Filtering (ms): Min: 0.0, Avg: 0.1, Max: 0.8, Diff: 0.8, Sum: 0.8]
      [Update RS (ms): Min: 0.0, Avg: 1.4, Max: 2.2, Diff: 2.2, Sum: 17.9]
         [Processed Buffers: Min: 0, Avg: 8.1, Max: 19, Diff: 19, Sum: 105]
      [Scan RS (ms): Min: 1.5, Avg: 8.7, Max: 12.0, Diff: 10.5, Sum: 112.6]
      [Code Root Scanning (ms): Min: 0.0, Avg: 0.0, Max: 0.1, Diff: 0.1, Sum: 0.1]
      [Object Copy (ms): Min: 55.6, Avg: 57.3, Max: 57.8, Diff: 2.2, Sum: 744.9]
      [Termination (ms): Min: 0.0, Avg: 0.3, Max: 0.3, Diff: 0.3, Sum: 3.6]
      [GC Worker Other (ms): Min: 0.0, Avg: 0.0, Max: 0.0, Diff: 0.0, Sum: 0.3]
      [GC Worker Total (ms): Min: 71.4, Avg: 71.6, Max: 71.8, Diff: 0.3, Sum: 930.6]
      [GC Worker End (ms): Min: 132344.0, Avg: 132344.1, Max: 132344.1, Diff: 0.1]
   [Code Root Fixup: 0.4 ms]
   [Code Root Migration: 0.1 ms]
   [Clear CT: 4.0 ms]
   [Other: 3.8 ms]
      [Choose CSet: 0.0 ms]
      [Ref Proc: 0.6 ms]
      [Ref Enq: 0.0 ms]
      [Free CSet: 0.5 ms]
   [Eden: 1168.0M(1168.0M)->0.0B(1056.0M) Survivors: 48.0M->160.0M Heap: 14.0G(24.0G)->13.1G(24.0G)]
 [Times: user=0.87 sys=0.27, real=0.08 secs] 
2014-04-09T13:55:37.709+0900: 132.649: [GC concurrent-mark-end, 2.1989656 secs]
2014-04-09T13:55:37.711+0900: 132.650: [GC remark 132.652: [GC ref-proc, 0.0383825 secs], 0.0716775 secs]
 [Times: user=0.51 sys=0.01, real=0.07 secs] 
2014-04-09T13:55:37.785+0900: 132.724: [GC cleanup 13G->13G(24G), 0.0333344 secs]
 [Times: user=0.45 sys=0.00, real=0.03 secs] 
2014-04-09T13:55:38.748+0900: 133.688: [GC pause (G1 Evacuation Pause) (young), 0.1495854 secs]
   [Parallel Time: 139.3 ms, GC Workers: 13]
      [GC Worker Start (ms): Min: 133687.9, Avg: 133688.1, Max: 133688.3, Diff: 0.4]
      [Ext Root Scanning (ms): Min: 0.8, Avg: 1.5, Max: 3.3, Diff: 2.5, Sum: 19.0]
      [Update RS (ms): Min: 0.0, Avg: 1.2, Max: 2.1, Diff: 2.1, Sum: 15.7]
         [Processed Buffers: Min: 0, Avg: 6.4, Max: 11, Diff: 11, Sum: 83]
      [Scan RS (ms): Min: 14.4, Avg: 15.1, Max: 15.4, Diff: 1.0, Sum: 195.7]
      [Code Root Scanning (ms): Min: 0.0, Avg: 0.0, Max: 0.1, Diff: 0.1, Sum: 0.1]
      [Object Copy (ms): Min: 118.5, Avg: 120.0, Max: 121.4, Diff: 2.9, Sum: 1560.2]
      [Termination (ms): Min: 0.0, Avg: 0.4, Max: 0.5, Diff: 0.5, Sum: 5.6]
      [GC Worker Other (ms): Min: 0.0, Avg: 0.0, Max: 0.0, Diff: 0.0, Sum: 0.3]
      [GC Worker Total (ms): Min: 138.0, Avg: 138.2, Max: 138.4, Diff: 0.4, Sum: 1796.6]
      [GC Worker End (ms): Min: 133826.3, Avg: 133826.3, Max: 133826.3, Diff: 0.0]
   [Code Root Fixup: 0.4 ms]
   [Code Root Migration: 0.1 ms]
   [Clear CT: 4.8 ms]
   [Other: 5.1 ms]
      [Choose CSet: 0.0 ms]
      [Ref Proc: 1.1 ms]
      [Ref Enq: 0.0 ms]
      [Free CSet: 0.7 ms]
   [Eden: 1056.0M(1056.0M)->0.0B(1056.0M) Survivors: 160.0M->160.0M Heap: 14.4G(24.0G)->13.7G(24.0G)]
 [Times: user=1.16 sys=0.66, real=0.15 secs] 
2014-04-09T13:55:40.217+0900: 135.157: [GC pause (G1 Evacuation Pause) (mixed), 0.2156944 secs]
   [Parallel Time: 199.4 ms, GC Workers: 13]
      [GC Worker Start (ms): Min: 135157.7, Avg: 135158.0, Max: 135158.2, Diff: 0.5]
      [Ext Root Scanning (ms): Min: 0.8, Avg: 1.5, Max: 3.9, Diff: 3.1, Sum: 19.8]
      [Update RS (ms): Min: 0.3, Avg: 7.4, Max: 78.6, Diff: 78.3, Sum: 96.7]
         [Processed Buffers: Min: 1, Avg: 7.4, Max: 16, Diff: 15, Sum: 96]
      [Scan RS (ms): Min: 0.1, Avg: 34.9, Max: 38.2, Diff: 38.1, Sum: 454.0]
      [Code Root Scanning (ms): Min: 0.0, Avg: 0.0, Max: 0.0, Diff: 0.0, Sum: 0.0]
      [Object Copy (ms): Min: 118.4, Avg: 154.2, Max: 158.4, Diff: 39.9, Sum: 2004.8]
      [Termination (ms): Min: 0.0, Avg: 0.5, Max: 0.6, Diff: 0.6, Sum: 6.1]
      [GC Worker Other (ms): Min: 0.0, Avg: 0.0, Max: 0.0, Diff: 0.0, Sum: 0.3]
      [GC Worker Total (ms): Min: 198.3, Avg: 198.6, Max: 198.9, Diff: 0.5, Sum: 2581.6]
      [GC Worker End (ms): Min: 135356.5, Avg: 135356.6, Max: 135356.6, Diff: 0.0]
   [Code Root Fixup: 0.2 ms]
   [Code Root Migration: 0.0 ms]
   [Clear CT: 5.6 ms]
   [Other: 10.5 ms]
      [Choose CSet: 0.4 ms]
      [Ref Proc: 1.1 ms]
      [Ref Enq: 0.0 ms]
      [Free CSet: 2.2 ms]
   [Eden: 1056.0M(1056.0M)->0.0B(1056.0M) Survivors: 160.0M->160.0M Heap: 15.0G(24.0G)->13.4G(24.0G)]
 [Times: user=2.13 sys=0.51, real=0.22 secs] 
2014-04-09T13:55:42.244+0900: 137.184: [GC pause (G1 Evacuation Pause) (mixed), 0.2059719 secs]
   [Parallel Time: 189.0 ms, GC Workers: 13]
      [GC Worker Start (ms): Min: 137184.6, Avg: 137184.8, Max: 137185.0, Diff: 0.5]
      [Ext Root Scanning (ms): Min: 1.2, Avg: 1.6, Max: 2.5, Diff: 1.3, Sum: 20.7]
      [Update RS (ms): Min: 0.0, Avg: 1.1, Max: 2.0, Diff: 1.9, Sum: 14.6]
         [Processed Buffers: Min: 0, Avg: 6.4, Max: 29, Diff: 29, Sum: 83]
      [Scan RS (ms): Min: 44.5, Avg: 45.4, Max: 45.8, Diff: 1.3, Sum: 589.6]
      [Code Root Scanning (ms): Min: 0.0, Avg: 0.0, Max: 0.0, Diff: 0.0, Sum: 0.1]
      [Object Copy (ms): Min: 139.7, Avg: 140.1, Max: 140.6, Diff: 0.8, Sum: 1820.8]
      [Termination (ms): Min: 0.0, Avg: 0.0, Max: 0.0, Diff: 0.0, Sum: 0.0]
      [GC Worker Other (ms): Min: 0.0, Avg: 0.0, Max: 0.1, Diff: 0.1, Sum: 0.6]
      [GC Worker Total (ms): Min: 188.0, Avg: 188.2, Max: 188.5, Diff: 0.5, Sum: 2446.5]
      [GC Worker End (ms): Min: 137373.0, Avg: 137373.0, Max: 137373.1, Diff: 0.1]
   [Code Root Fixup: 0.3 ms]
   [Code Root Migration: 0.1 ms]
   [Clear CT: 4.6 ms]
   [Other: 12.0 ms]
      [Choose CSet: 0.6 ms]
      [Ref Proc: 0.8 ms]
      [Ref Enq: 0.0 ms]
      [Free CSet: 2.4 ms]
   [Eden: 1056.0M(1056.0M)->0.0B(1056.0M) Survivors: 160.0M->160.0M Heap: 14.8G(24.0G)->13.5G(24.0G)]
 [Times: user=2.32 sys=0.18, real=0.20 secs] 
2014-04-09T13:55:45.162+0900: 140.101: [GC pause (G1 Evacuation Pause) (mixed), 0.1476323 secs]
   [Parallel Time: 132.1 ms, GC Workers: 13]
      [GC Worker Start (ms): Min: 140102.2, Avg: 140102.5, Max: 140102.8, Diff: 0.6]
      [Ext Root Scanning (ms): Min: 1.1, Avg: 1.5, Max: 2.3, Diff: 1.2, Sum: 19.4]
      [Update RS (ms): Min: 0.9, Avg: 2.1, Max: 3.0, Diff: 2.0, Sum: 26.8]
         [Processed Buffers: Min: 0, Avg: 6.9, Max: 22, Diff: 22, Sum: 90]
      [Scan RS (ms): Min: 35.2, Avg: 36.1, Max: 36.9, Diff: 1.7, Sum: 468.7]
      [Code Root Scanning (ms): Min: 0.0, Avg: 0.0, Max: 0.0, Diff: 0.0, Sum: 0.1]
      [Object Copy (ms): Min: 90.4, Avg: 90.8, Max: 91.1, Diff: 0.6, Sum: 1180.1]
      [Termination (ms): Min: 0.0, Avg: 0.0, Max: 0.0, Diff: 0.0, Sum: 0.0]
      [GC Worker Other (ms): Min: 0.0, Avg: 0.0, Max: 0.1, Diff: 0.1, Sum: 0.6]
      [GC Worker Total (ms): Min: 130.1, Avg: 130.4, Max: 130.8, Diff: 0.8, Sum: 1695.8]
      [GC Worker End (ms): Min: 140232.9, Avg: 140232.9, Max: 140233.0, Diff: 0.1]
   [Code Root Fixup: 0.1 ms]
   [Code Root Migration: 0.1 ms]
   [Clear CT: 4.6 ms]
   [Other: 10.7 ms]
      [Choose CSet: 0.4 ms]
      [Ref Proc: 1.3 ms]
      [Ref Enq: 0.0 ms]
      [Free CSet: 2.0 ms]
   [Eden: 1056.0M(1056.0M)->0.0B(1056.0M) Survivors: 160.0M->160.0M Heap: 14.7G(24.0G)->13.6G(24.0G)]
 [Times: user=1.69 sys=0.06, real=0.14 secs] 
2014-04-09T13:55:45.427+0900: 140.366: [GC pause (G1 Humongous Allocation) (young) (initial-mark), 0.0507694 secs]
   [Parallel Time: 42.2 ms, GC Workers: 13]
      [GC Worker Start (ms): Min: 140366.7, Avg: 140366.9, Max: 140367.1, Diff: 0.4]
      [Ext Root Scanning (ms): Min: 1.0, Avg: 1.5, Max: 4.0, Diff: 3.0, Sum: 20.0]
      [Code Root Marking (ms): Min: 0.0, Avg: 0.7, Max: 5.1, Diff: 5.0, Sum: 8.6]
      [Update RS (ms): Min: 0.0, Avg: 2.3, Max: 6.8, Diff: 6.8, Sum: 29.3]
         [Processed Buffers: Min: 0, Avg: 0.8, Max: 4, Diff: 4, Sum: 11]
      [Scan RS (ms): Min: 5.0, Avg: 9.0, Max: 10.3, Diff: 5.3, Sum: 116.4]
      [Code Root Scanning (ms): Min: 0.0, Avg: 0.0, Max: 0.0, Diff: 0.0, Sum: 0.0]
      [Object Copy (ms): Min: 27.1, Avg: 27.4, Max: 28.5, Diff: 1.5, Sum: 356.2]
      [Termination (ms): Min: 0.0, Avg: 0.0, Max: 0.0, Diff: 0.0, Sum: 0.0]
      [GC Worker Other (ms): Min: 0.0, Avg: 0.0, Max: 0.0, Diff: 0.0, Sum: 0.4]
      [GC Worker Total (ms): Min: 40.6, Avg: 40.8, Max: 41.0, Diff: 0.4, Sum: 530.8]
      [GC Worker End (ms): Min: 140407.7, Avg: 140407.8, Max: 140407.8, Diff: 0.0]
   [Code Root Fixup: 0.2 ms]
   [Code Root Migration: 0.0 ms]
   [Clear CT: 3.9 ms]
   [Other: 4.4 ms]
      [Choose CSet: 0.0 ms]
      [Ref Proc: 1.1 ms]
      [Ref Enq: 0.0 ms]
      [Free CSet: 0.6 ms]
   [Eden: 32.0M(1056.0M)->0.0B(1168.0M) Survivors: 160.0M->48.0M Heap: 13.7G(24.0G)->13.7G(24.0G)]
 [Times: user=0.56 sys=0.01, real=0.05 secs] 
2014-04-09T13:55:45.478+0900: 140.417: [GC concurrent-root-region-scan-start]
2014-04-09T13:55:45.481+0900: 140.420: [GC concurrent-root-region-scan-end, 0.0029215 secs]
2014-04-09T13:55:45.481+0900: 140.420: [GC concurrent-mark-start]
2014-04-09T13:55:47.041+0900: 141.980: [GC concurrent-mark-end, 1.5601766 secs]
2014-04-09T13:55:47.043+0900: 141.982: [GC remark 141.984: [GC ref-proc, 0.0080201 secs], 0.0334376 secs]
 [Times: user=0.24 sys=0.01, real=0.03 secs] 
2014-04-09T13:55:47.078+0900: 142.017: [GC cleanup 15G->13G(24G), 0.0269802 secs]
 [Times: user=0.30 sys=0.00, real=0.03 secs] 
2014-04-09T13:55:47.105+0900: 142.045: [GC concurrent-cleanup-start]
2014-04-09T13:55:47.107+0900: 142.047: [GC concurrent-cleanup-end, 0.0016931 secs]
2014-04-09T13:55:47.227+0900: 142.166: [GC pause (G1 Evacuation Pause) (young), 0.0590630 secs]
   [Parallel Time: 50.6 ms, GC Workers: 13]
      [GC Worker Start (ms): Min: 142166.5, Avg: 142166.8, Max: 142167.1, Diff: 0.5]
      [Ext Root Scanning (ms): Min: 0.8, Avg: 1.2, Max: 1.9, Diff: 1.1, Sum: 15.0]
      [Update RS (ms): Min: 1.3, Avg: 2.2, Max: 3.2, Diff: 1.8, Sum: 28.4]
         [Processed Buffers: Min: 1, Avg: 5.9, Max: 21, Diff: 20, Sum: 77]
      [Scan RS (ms): Min: 8.4, Avg: 9.3, Max: 9.9, Diff: 1.4, Sum: 120.3]
      [Code Root Scanning (ms): Min: 0.0, Avg: 0.0, Max: 0.0, Diff: 0.0, Sum: 0.0]
      [Object Copy (ms): Min: 36.3, Avg: 36.8, Max: 37.4, Diff: 1.1, Sum: 478.9]
      [Termination (ms): Min: 0.0, Avg: 0.0, Max: 0.0, Diff: 0.0, Sum: 0.0]
      [GC Worker Other (ms): Min: 0.0, Avg: 0.0, Max: 0.1, Diff: 0.1, Sum: 0.5]
      [GC Worker Total (ms): Min: 49.2, Avg: 49.5, Max: 49.8, Diff: 0.5, Sum: 643.1]
      [GC Worker End (ms): Min: 142216.3, Avg: 142216.3, Max: 142216.4, Diff: 0.1]
   [Code Root Fixup: 0.2 ms]
   [Code Root Migration: 0.0 ms]
   [Clear CT: 3.7 ms]
   [Other: 4.5 ms]
      [Choose CSet: 0.0 ms]
      [Ref Proc: 1.1 ms]
      [Ref Enq: 0.0 ms]
      [Free CSet: 1.0 ms]
   [Eden: 1168.0M(1168.0M)->0.0B(1056.0M) Survivors: 48.0M->160.0M Heap: 13.5G(24.0G)->12.6G(24.0G)]
 [Times: user=0.65 sys=0.02, real=0.06 secs] 
2014-04-09T13:55:48.022+0900: 142.962: [GC pause (G1 Evacuation Pause) (mixed), 0.1078842 secs]
   [Parallel Time: 94.4 ms, GC Workers: 13]
      [GC Worker Start (ms): Min: 142962.2, Avg: 142962.5, Max: 142962.8, Diff: 0.6]
      [Ext Root Scanning (ms): Min: 1.1, Avg: 1.4, Max: 2.2, Diff: 1.1, Sum: 18.3]
      [Update RS (ms): Min: 1.1, Avg: 7.6, Max: 72.4, Diff: 71.4, Sum: 98.2]
         [Processed Buffers: Min: 0, Avg: 4.1, Max: 12, Diff: 12, Sum: 53]
      [Scan RS (ms): Min: 0.0, Avg: 24.1, Max: 27.0, Diff: 26.9, Sum: 313.2]
      [Code Root Scanning (ms): Min: 0.0, Avg: 0.0, Max: 0.0, Diff: 0.0, Sum: 0.0]
      [Object Copy (ms): Min: 18.9, Avg: 59.7, Max: 63.5, Diff: 44.6, Sum: 775.9]
      [Termination (ms): Min: 0.0, Avg: 0.0, Max: 0.0, Diff: 0.0, Sum: 0.0]
      [GC Worker Other (ms): Min: 0.0, Avg: 0.1, Max: 0.2, Diff: 0.2, Sum: 1.0]
      [GC Worker Total (ms): Min: 92.5, Avg: 92.8, Max: 93.2, Diff: 0.8, Sum: 1206.7]
      [GC Worker End (ms): Min: 143055.2, Avg: 143055.3, Max: 143055.5, Diff: 0.2]
   [Code Root Fixup: 0.1 ms]
   [Code Root Migration: 0.0 ms]
   [Clear CT: 4.8 ms]
   [Other: 8.6 ms]
      [Choose CSet: 0.2 ms]
      [Ref Proc: 0.8 ms]
      [Ref Enq: 0.0 ms]
      [Free CSet: 1.8 ms]
   [Eden: 1056.0M(1056.0M)->0.0B(1104.0M) Survivors: 160.0M->112.0M Heap: 13.7G(24.0G)->12.4G(24.0G)]
 [Times: user=1.25 sys=0.00, real=0.11 secs] 
2014-04-09T13:56:05.912+0900: 160.852: [GC pause (G1 Evacuation Pause) (young), 0.0163814 secs]
   [Parallel Time: 10.3 ms, GC Workers: 13]
      [GC Worker Start (ms): Min: 160851.9, Avg: 160852.2, Max: 160852.6, Diff: 0.7]
      [Ext Root Scanning (ms): Min: 0.7, Avg: 1.1, Max: 1.3, Diff: 0.6, Sum: 14.0]
      [Update RS (ms): Min: 0.7, Avg: 1.1, Max: 1.4, Diff: 0.7, Sum: 13.7]
         [Processed Buffers: Min: 0, Avg: 6.0, Max: 20, Diff: 20, Sum: 78]
      [Scan RS (ms): Min: 1.9, Avg: 2.2, Max: 2.4, Diff: 0.5, Sum: 28.3]
      [Code Root Scanning (ms): Min: 0.0, Avg: 0.0, Max: 0.0, Diff: 0.0, Sum: 0.0]
      [Object Copy (ms): Min: 4.6, Avg: 4.7, Max: 4.8, Diff: 0.2, Sum: 61.4]
      [Termination (ms): Min: 0.0, Avg: 0.0, Max: 0.0, Diff: 0.0, Sum: 0.0]
      [GC Worker Other (ms): Min: 0.0, Avg: 0.0, Max: 0.1, Diff: 0.1, Sum: 0.5]
      [GC Worker Total (ms): Min: 8.7, Avg: 9.1, Max: 9.4, Diff: 0.7, Sum: 117.9]
      [GC Worker End (ms): Min: 160861.3, Avg: 160861.3, Max: 160861.4, Diff: 0.1]
   [Code Root Fixup: 0.1 ms]
   [Code Root Migration: 0.0 ms]
   [Clear CT: 3.7 ms]
   [Other: 2.3 ms]
      [Choose CSet: 0.0 ms]
      [Ref Proc: 1.1 ms]
      [Ref Enq: 0.0 ms]
      [Free CSet: 0.4 ms]
   [Eden: 1104.0M(1104.0M)->0.0B(1152.0M) Survivors: 112.0M->64.0M Heap: 13.5G(24.0G)->12.3G(24.0G)]
 [Times: user=0.16 sys=0.00, real=0.02 secs] 
2014-04-09T13:56:05.996+0900: 160.936: [GC pause (G1 Humongous Allocation) (young) (initial-mark), 0.0167638 secs]
   [Parallel Time: 11.7 ms, GC Workers: 13]
      [GC Worker Start (ms): Min: 160936.4, Avg: 160936.7, Max: 160937.0, Diff: 0.6]
      [Ext Root Scanning (ms): Min: 0.8, Avg: 1.2, Max: 2.8, Diff: 2.0, Sum: 15.5]
      [Code Root Marking (ms): Min: 0.0, Avg: 0.8, Max: 7.4, Diff: 7.4, Sum: 10.4]
      [Update RS (ms): Min: 0.0, Avg: 1.0, Max: 2.1, Diff: 2.1, Sum: 12.5]
         [Processed Buffers: Min: 0, Avg: 1.6, Max: 9, Diff: 9, Sum: 21]
      [Scan RS (ms): Min: 0.0, Avg: 2.1, Max: 2.6, Diff: 2.6, Sum: 27.7]
      [Code Root Scanning (ms): Min: 0.0, Avg: 0.0, Max: 0.0, Diff: 0.0, Sum: 0.0]
      [Object Copy (ms): Min: 1.7, Avg: 5.1, Max: 6.4, Diff: 4.7, Sum: 66.8]
      [Termination (ms): Min: 0.0, Avg: 0.0, Max: 0.0, Diff: 0.0, Sum: 0.0]
      [GC Worker Other (ms): Min: 0.0, Avg: 0.0, Max: 0.0, Diff: 0.0, Sum: 0.3]
      [GC Worker Total (ms): Min: 9.9, Avg: 10.3, Max: 10.5, Diff: 0.6, Sum: 133.4]
      [GC Worker End (ms): Min: 160946.9, Avg: 160946.9, Max: 160946.9, Diff: 0.0]
   [Code Root Fixup: 0.2 ms]
   [Code Root Migration: 0.0 ms]
   [Clear CT: 2.6 ms]
   [Other: 2.2 ms]
      [Choose CSet: 0.0 ms]
      [Ref Proc: 1.0 ms]
      [Ref Enq: 0.0 ms]
      [Free CSet: 0.1 ms]
   [Eden: 176.0M(1152.0M)->0.0B(1152.0M) Survivors: 64.0M->64.0M Heap: 12.5G(24.0G)->12.3G(24.0G)]
 [Times: user=0.16 sys=0.01, real=0.01 secs] 
2014-04-09T13:56:06.014+0900: 160.953: [GC concurrent-root-region-scan-start]
2014-04-09T13:56:06.022+0900: 160.961: [GC concurrent-root-region-scan-end, 0.0084073 secs]
2014-04-09T13:56:06.022+0900: 160.961: [GC concurrent-mark-start]
2014-04-09T13:56:06.793+0900: 161.732: [GC pause (G1 Evacuation Pause) (young), 0.0469222 secs]
   [Parallel Time: 40.1 ms, GC Workers: 13]
      [GC Worker Start (ms): Min: 161732.5, Avg: 161732.8, Max: 161733.0, Diff: 0.4]
      [Ext Root Scanning (ms): Min: 0.9, Avg: 1.1, Max: 1.3, Diff: 0.4, Sum: 14.2]
      [SATB Filtering (ms): Min: 0.0, Avg: 0.0, Max: 0.5, Diff: 0.5, Sum: 0.5]
      [Update RS (ms): Min: 1.8, Avg: 2.9, Max: 4.3, Diff: 2.4, Sum: 37.7]
         [Processed Buffers: Min: 1, Avg: 6.5, Max: 39, Diff: 38, Sum: 84]
      [Scan RS (ms): Min: 5.0, Avg: 6.3, Max: 6.9, Diff: 1.9, Sum: 82.0]
      [Code Root Scanning (ms): Min: 0.0, Avg: 0.0, Max: 0.0, Diff: 0.0, Sum: 0.0]
      [Object Copy (ms): Min: 28.5, Avg: 28.6, Max: 29.0, Diff: 0.5, Sum: 372.1]
      [Termination (ms): Min: 0.0, Avg: 0.0, Max: 0.0, Diff: 0.0, Sum: 0.1]
      [GC Worker Other (ms): Min: 0.0, Avg: 0.0, Max: 0.1, Diff: 0.1, Sum: 0.5]
      [GC Worker Total (ms): Min: 38.8, Avg: 39.0, Max: 39.2, Diff: 0.4, Sum: 507.0]
      [GC Worker End (ms): Min: 161771.7, Avg: 161771.8, Max: 161771.8, Diff: 0.1]
   [Code Root Fixup: 0.3 ms]
   [Code Root Migration: 0.0 ms]
   [Clear CT: 3.6 ms]
   [Other: 3.0 ms]
      [Choose CSet: 0.0 ms]
      [Ref Proc: 0.9 ms]
      [Ref Enq: 0.0 ms]
      [Free CSet: 0.4 ms]
   [Eden: 1152.0M(1152.0M)->0.0B(1056.0M) Survivors: 64.0M->160.0M Heap: 13.8G(24.0G)->12.8G(24.0G)]
 [Times: user=0.52 sys=0.03, real=0.05 secs] 
2014-04-09T13:56:07.803+0900: 162.743: [GC pause (G1 Evacuation Pause) (young), 0.0753532 secs]
   [Parallel Time: 66.1 ms, GC Workers: 13]
      [GC Worker Start (ms): Min: 162743.0, Avg: 162743.3, Max: 162743.5, Diff: 0.4]
      [Ext Root Scanning (ms): Min: 0.3, Avg: 0.9, Max: 1.5, Diff: 1.2, Sum: 11.7]
      [SATB Filtering (ms): Min: 0.0, Avg: 0.0, Max: 0.5, Diff: 0.5, Sum: 0.5]
      [Update RS (ms): Min: 0.8, Avg: 6.4, Max: 52.7, Diff: 51.9, Sum: 83.5]
         [Processed Buffers: Min: 2, Avg: 10.7, Max: 16, Diff: 14, Sum: 139]
      [Scan RS (ms): Min: 0.0, Avg: 10.6, Max: 11.6, Diff: 11.6, Sum: 138.0]
      [Code Root Scanning (ms): Min: 0.0, Avg: 0.0, Max: 0.0, Diff: 0.0, Sum: 0.0]
      [Object Copy (ms): Min: 11.2, Avg: 47.0, Max: 52.6, Diff: 41.4, Sum: 610.4]
      [Termination (ms): Min: 0.0, Avg: 0.0, Max: 0.0, Diff: 0.0, Sum: 0.3]
      [GC Worker Other (ms): Min: 0.0, Avg: 0.1, Max: 0.2, Diff: 0.2, Sum: 0.8]
      [GC Worker Total (ms): Min: 64.8, Avg: 65.0, Max: 65.2, Diff: 0.4, Sum: 845.1]
      [GC Worker End (ms): Min: 162808.3, Avg: 162808.3, Max: 162808.5, Diff: 0.2]
   [Code Root Fixup: 0.2 ms]
   [Code Root Migration: 0.0 ms]
   [Clear CT: 3.6 ms]
   [Other: 5.5 ms]
      [Choose CSet: 0.0 ms]
      [Ref Proc: 1.3 ms]
      [Ref Enq: 0.0 ms]
      [Free CSet: 0.9 ms]
   [Eden: 1056.0M(1056.0M)->0.0B(1056.0M) Survivors: 160.0M->160.0M Heap: 14.1G(24.0G)->13.3G(24.0G)]
 [Times: user=0.87 sys=0.01, real=0.08 secs] 
2014-04-09T13:56:07.969+0900: 162.909: [GC concurrent-mark-end, 1.9471888 secs]
2014-04-09T13:56:07.987+0900: 162.927: [GC remark 162.928: [GC ref-proc, 0.0061544 secs], 0.0298206 secs]
 [Times: user=0.23 sys=0.00, real=0.03 secs] 
2014-04-09T13:56:08.020+0900: 162.960: [GC cleanup 13G->13G(24G), 0.0268293 secs]
 [Times: user=0.30 sys=0.00, real=0.03 secs] 
2014-04-09T13:56:08.048+0900: 162.987: [GC concurrent-cleanup-start]
2014-04-09T13:56:08.049+0900: 162.988: [GC concurrent-cleanup-end, 0.0007784 secs]
2014-04-09T13:56:09.077+0900: 164.016: [GC pause (G1 Evacuation Pause) (young), 0.0809159 secs]
   [Parallel Time: 70.3 ms, GC Workers: 13]
      [GC Worker Start (ms): Min: 164016.9, Avg: 164017.2, Max: 164017.4, Diff: 0.6]
      [Ext Root Scanning (ms): Min: 0.7, Avg: 0.9, Max: 1.1, Diff: 0.5, Sum: 11.7]
      [Update RS (ms): Min: 2.6, Avg: 3.6, Max: 6.3, Diff: 3.7, Sum: 46.5]
         [Processed Buffers: Min: 5, Avg: 10.8, Max: 22, Diff: 17, Sum: 140]
      [Scan RS (ms): Min: 13.3, Avg: 16.0, Max: 16.8, Diff: 3.5, Sum: 208.3]
      [Code Root Scanning (ms): Min: 0.0, Avg: 0.0, Max: 0.0, Diff: 0.0, Sum: 0.0]
      [Object Copy (ms): Min: 48.5, Avg: 48.6, Max: 48.7, Diff: 0.2, Sum: 631.9]
      [Termination (ms): Min: 0.0, Avg: 0.0, Max: 0.0, Diff: 0.0, Sum: 0.4]
      [GC Worker Other (ms): Min: 0.0, Avg: 0.0, Max: 0.1, Diff: 0.1, Sum: 0.5]
      [GC Worker Total (ms): Min: 68.9, Avg: 69.2, Max: 69.5, Diff: 0.6, Sum: 899.4]
      [GC Worker End (ms): Min: 164086.4, Avg: 164086.4, Max: 164086.4, Diff: 0.1]
   [Code Root Fixup: 0.3 ms]
   [Code Root Migration: 0.0 ms]
   [Clear CT: 4.2 ms]
   [Other: 6.1 ms]
      [Choose CSet: 0.0 ms]
      [Ref Proc: 1.0 ms]
      [Ref Enq: 0.0 ms]
      [Free CSet: 1.1 ms]
   [Eden: 1056.0M(1056.0M)->0.0B(1056.0M) Survivors: 160.0M->160.0M Heap: 14.4G(24.0G)->13.6G(24.0G)]
 [Times: user=0.94 sys=0.01, real=0.08 secs] 
2014-04-09T13:56:09.859+0900: 164.798: [GC pause (G1 Evacuation Pause) (mixed), 0.1864961 secs]
   [Parallel Time: 169.5 ms, GC Workers: 13]
      [GC Worker Start (ms): Min: 164799.6, Avg: 164799.8, Max: 164799.9, Diff: 0.4]
      [Ext Root Scanning (ms): Min: 0.7, Avg: 0.9, Max: 1.9, Diff: 1.2, Sum: 12.1]
      [Update RS (ms): Min: 2.3, Avg: 3.5, Max: 5.7, Diff: 3.4, Sum: 44.9]
         [Processed Buffers: Min: 7, Avg: 12.5, Max: 21, Diff: 14, Sum: 162]
      [Scan RS (ms): Min: 38.7, Avg: 40.9, Max: 41.7, Diff: 3.0, Sum: 531.8]
      [Code Root Scanning (ms): Min: 0.0, Avg: 0.0, Max: 0.0, Diff: 0.0, Sum: 0.1]
      [Object Copy (ms): Min: 123.1, Avg: 123.3, Max: 123.6, Diff: 0.5, Sum: 1603.5]
      [Termination (ms): Min: 0.0, Avg: 0.2, Max: 0.2, Diff: 0.2, Sum: 2.6]
      [GC Worker Other (ms): Min: 0.0, Avg: 0.1, Max: 0.2, Diff: 0.1, Sum: 0.8]
      [GC Worker Total (ms): Min: 168.8, Avg: 168.9, Max: 169.2, Diff: 0.5, Sum: 2195.8]
      [GC Worker End (ms): Min: 164968.6, Avg: 164968.7, Max: 164968.8, Diff: 0.2]
   [Code Root Fixup: 0.4 ms]
   [Code Root Migration: 0.1 ms]
   [Clear CT: 4.8 ms]
   [Other: 11.8 ms]
      [Choose CSet: 0.4 ms]
      [Ref Proc: 0.8 ms]
      [Ref Enq: 0.0 ms]
      [Free CSet: 2.3 ms]
   [Eden: 1056.0M(1056.0M)->0.0B(1056.0M) Survivors: 160.0M->160.0M Heap: 15.0G(24.0G)->13.6G(24.0G)]
 [Times: user=2.21 sys=0.06, real=0.19 secs] 
2014-04-09T13:56:10.962+0900: 165.901: [GC pause (G1 Evacuation Pause) (mixed), 0.2068750 secs]
   [Parallel Time: 188.4 ms, GC Workers: 13]
      [GC Worker Start (ms): Min: 165902.4, Avg: 165902.7, Max: 165902.9, Diff: 0.5]
      [Ext Root Scanning (ms): Min: 0.7, Avg: 0.9, Max: 1.4, Diff: 0.8, Sum: 11.8]
      [Update RS (ms): Min: 0.8, Avg: 1.7, Max: 3.9, Diff: 3.1, Sum: 21.6]
         [Processed Buffers: Min: 0, Avg: 6.4, Max: 18, Diff: 18, Sum: 83]
      [Scan RS (ms): Min: 45.0, Avg: 47.0, Max: 47.5, Diff: 2.6, Sum: 610.4]
      [Code Root Scanning (ms): Min: 0.0, Avg: 0.0, Max: 0.0, Diff: 0.0, Sum: 0.1]
      [Object Copy (ms): Min: 137.7, Avg: 137.9, Max: 138.4, Diff: 0.7, Sum: 1793.3]
      [Termination (ms): Min: 0.0, Avg: 0.3, Max: 0.3, Diff: 0.3, Sum: 3.7]
      [GC Worker Other (ms): Min: 0.0, Avg: 0.0, Max: 0.1, Diff: 0.0, Sum: 0.4]
      [GC Worker Total (ms): Min: 187.5, Avg: 187.8, Max: 188.0, Diff: 0.5, Sum: 2441.3]
      [GC Worker End (ms): Min: 166090.4, Avg: 166090.5, Max: 166090.5, Diff: 0.1]
   [Code Root Fixup: 0.3 ms]
   [Code Root Migration: 0.1 ms]
   [Clear CT: 5.0 ms]
   [Other: 13.0 ms]
      [Choose CSet: 0.6 ms]
      [Ref Proc: 0.9 ms]
      [Ref Enq: 0.0 ms]
      [Free CSet: 2.4 ms]
   [Eden: 1056.0M(1056.0M)->0.0B(1056.0M) Survivors: 160.0M->160.0M Heap: 14.9G(24.0G)->13.6G(24.0G)]
 [Times: user=2.37 sys=0.14, real=0.21 secs] 
2014-04-09T13:56:13.761+0900: 168.701: [GC pause (G1 Evacuation Pause) (mixed), 0.1416224 secs]
   [Parallel Time: 126.3 ms, GC Workers: 13]
      [GC Worker Start (ms): Min: 168701.2, Avg: 168701.4, Max: 168701.6, Diff: 0.4]
      [Ext Root Scanning (ms): Min: 0.7, Avg: 0.9, Max: 1.5, Diff: 0.8, Sum: 11.6]
      [Update RS (ms): Min: 0.7, Avg: 7.0, Max: 70.4, Diff: 69.7, Sum: 90.5]
         [Processed Buffers: Min: 1, Avg: 6.5, Max: 17, Diff: 16, Sum: 85]
      [Scan RS (ms): Min: 0.0, Avg: 32.3, Max: 35.4, Diff: 35.4, Sum: 420.4]
      [Code Root Scanning (ms): Min: 0.0, Avg: 0.0, Max: 0.0, Diff: 0.0, Sum: 0.1]
      [Object Copy (ms): Min: 53.6, Avg: 84.7, Max: 87.4, Diff: 33.8, Sum: 1100.5]
      [Termination (ms): Min: 0.0, Avg: 0.1, Max: 0.1, Diff: 0.1, Sum: 0.7]
      [GC Worker Other (ms): Min: 0.0, Avg: 0.0, Max: 0.1, Diff: 0.0, Sum: 0.4]
      [GC Worker Total (ms): Min: 124.8, Avg: 124.9, Max: 125.2, Diff: 0.4, Sum: 1624.2]
      [GC Worker End (ms): Min: 168826.3, Avg: 168826.4, Max: 168826.4, Diff: 0.0]
   [Code Root Fixup: 0.3 ms]
   [Code Root Migration: 0.0 ms]
   [Clear CT: 5.3 ms]
   [Other: 9.7 ms]
      [Choose CSet: 0.2 ms]
      [Ref Proc: 1.0 ms]
      [Ref Enq: 0.0 ms]
      [Free CSet: 1.8 ms]
   [Eden: 1056.0M(1056.0M)->0.0B(1056.0M) Survivors: 160.0M->160.0M Heap: 14.9G(24.0G)->13.9G(24.0G)]
 [Times: user=1.67 sys=0.01, real=0.14 secs] 
2014-04-09T13:56:14.095+0900: 169.034: [GC pause (G1 Humongous Allocation) (young) (initial-mark), 0.0568482 secs]
   [Parallel Time: 48.4 ms, GC Workers: 13]
      [GC Worker Start (ms): Min: 169035.0, Avg: 169035.2, Max: 169035.5, Diff: 0.5]
      [Ext Root Scanning (ms): Min: 0.4, Avg: 0.8, Max: 3.0, Diff: 2.5, Sum: 10.5]
      [Code Root Marking (ms): Min: 0.0, Avg: 0.6, Max: 4.7, Diff: 4.6, Sum: 8.1]
      [Update RS (ms): Min: 0.0, Avg: 2.7, Max: 5.7, Diff: 5.7, Sum: 35.1]
         [Processed Buffers: Min: 0, Avg: 2.3, Max: 10, Diff: 10, Sum: 30]
      [Scan RS (ms): Min: 8.6, Avg: 10.9, Max: 11.9, Diff: 3.2, Sum: 141.5]
      [Code Root Scanning (ms): Min: 0.0, Avg: 0.0, Max: 0.0, Diff: 0.0, Sum: 0.0]
      [Object Copy (ms): Min: 31.4, Avg: 31.8, Max: 33.3, Diff: 1.9, Sum: 413.3]
      [Termination (ms): Min: 0.0, Avg: 0.0, Max: 0.0, Diff: 0.0, Sum: 0.1]
      [GC Worker Other (ms): Min: 0.0, Avg: 0.0, Max: 0.0, Diff: 0.0, Sum: 0.3]
      [GC Worker Total (ms): Min: 46.6, Avg: 46.8, Max: 47.1, Diff: 0.5, Sum: 609.0]
      [GC Worker End (ms): Min: 169082.1, Avg: 169082.1, Max: 169082.1, Diff: 0.0]
   [Code Root Fixup: 0.3 ms]
   [Code Root Migration: 0.0 ms]
   [Clear CT: 4.0 ms]
   [Other: 4.2 ms]
      [Choose CSet: 0.0 ms]
      [Ref Proc: 1.1 ms]
      [Ref Enq: 0.0 ms]
      [Free CSet: 0.3 ms]
   [Eden: 160.0M(1056.0M)->0.0B(1104.0M) Survivors: 160.0M->112.0M Heap: 14.1G(24.0G)->14.1G(24.0G)]
 [Times: user=0.65 sys=0.00, real=0.06 secs] 
2014-04-09T13:56:14.152+0900: 169.092: [GC concurrent-root-region-scan-start]
2014-04-09T13:56:14.159+0900: 169.099: [GC concurrent-root-region-scan-end, 0.0068936 secs]
2014-04-09T13:56:14.159+0900: 169.099: [GC concurrent-mark-start]
2014-04-09T13:56:15.296+0900: 170.236: [GC pause (G1 Evacuation Pause) (young), 0.0922986 secs]
   [Parallel Time: 83.2 ms, GC Workers: 13]
      [GC Worker Start (ms): Min: 170235.9, Avg: 170236.2, Max: 170236.3, Diff: 0.5]
      [Ext Root Scanning (ms): Min: 0.2, Avg: 0.5, Max: 1.5, Diff: 1.2, Sum: 6.5]
      [SATB Filtering (ms): Min: 0.0, Avg: 0.0, Max: 0.2, Diff: 0.2, Sum: 0.2]
      [Update RS (ms): Min: 0.0, Avg: 1.4, Max: 2.7, Diff: 2.7, Sum: 18.0]
         [Processed Buffers: Min: 0, Avg: 5.2, Max: 19, Diff: 19, Sum: 67]
      [Scan RS (ms): Min: 7.0, Avg: 7.4, Max: 7.7, Diff: 0.7, Sum: 96.4]
      [Code Root Scanning (ms): Min: 0.0, Avg: 0.0, Max: 0.0, Diff: 0.0, Sum: 0.0]
      [Object Copy (ms): Min: 70.7, Avg: 72.0, Max: 73.5, Diff: 2.8, Sum: 936.1]
      [Termination (ms): Min: 0.0, Avg: 0.7, Max: 0.8, Diff: 0.8, Sum: 8.9]
      [GC Worker Other (ms): Min: 0.0, Avg: 0.0, Max: 0.1, Diff: 0.0, Sum: 0.4]
      [GC Worker Total (ms): Min: 81.9, Avg: 82.0, Max: 82.4, Diff: 0.5, Sum: 1066.5]
      [GC Worker End (ms): Min: 170318.2, Avg: 170318.2, Max: 170318.2, Diff: 0.0]
   [Code Root Fixup: 0.2 ms]
   [Code Root Migration: 0.0 ms]
   [Clear CT: 4.7 ms]
   [Other: 4.2 ms]
      [Choose CSet: 0.0 ms]
      [Ref Proc: 1.3 ms]
      [Ref Enq: 0.0 ms]
      [Free CSet: 0.9 ms]
   [Eden: 1104.0M(1104.0M)->0.0B(1056.0M) Survivors: 112.0M->160.0M Heap: 15.5G(24.0G)->14.7G(24.0G)]
 [Times: user=0.83 sys=0.27, real=0.10 secs] 
2014-04-09T13:56:15.859+0900: 170.798: [GC concurrent-mark-end, 1.6997481 secs]
2014-04-09T13:56:15.861+0900: 170.800: [GC remark 170.801: [GC ref-proc, 0.0079138 secs], 0.0429079 secs]
 [Times: user=0.36 sys=0.00, real=0.04 secs] 
2014-04-09T13:56:15.906+0900: 170.845: [GC cleanup 14G->13G(24G), 0.0336079 secs]
 [Times: user=0.38 sys=0.00, real=0.04 secs] 
2014-04-09T13:56:15.940+0900: 170.879: [GC concurrent-cleanup-start]
2014-04-09T13:56:15.942+0900: 170.882: [GC concurrent-cleanup-end, 0.0020467 secs]
2014-04-09T13:56:18.533+0900: 173.473: [GC pause (G1 Evacuation Pause) (young), 0.0871813 secs]
   [Parallel Time: 76.8 ms, GC Workers: 13]
      [GC Worker Start (ms): Min: 173473.0, Avg: 173473.3, Max: 173473.6, Diff: 0.5]
      [Ext Root Scanning (ms): Min: 0.3, Avg: 0.7, Max: 1.1, Diff: 0.7, Sum: 8.6]
      [Update RS (ms): Min: 2.9, Avg: 6.7, Max: 49.8, Diff: 47.0, Sum: 87.6]
         [Processed Buffers: Min: 1, Avg: 6.2, Max: 39, Diff: 38, Sum: 80]
      [Scan RS (ms): Min: 0.0, Avg: 14.5, Max: 15.9, Diff: 15.9, Sum: 188.3]
      [Code Root Scanning (ms): Min: 0.0, Avg: 0.0, Max: 0.0, Diff: 0.0, Sum: 0.0]
      [Object Copy (ms): Min: 25.3, Avg: 54.2, Max: 56.9, Diff: 31.6, Sum: 704.9]
      [Termination (ms): Min: 0.0, Avg: 0.0, Max: 0.0, Diff: 0.0, Sum: 0.0]
      [GC Worker Other (ms): Min: 0.0, Avg: 0.0, Max: 0.1, Diff: 0.1, Sum: 0.6]
      [GC Worker Total (ms): Min: 75.9, Avg: 76.1, Max: 76.5, Diff: 0.6, Sum: 989.9]
      [GC Worker End (ms): Min: 173549.5, Avg: 173549.5, Max: 173549.6, Diff: 0.1]
   [Code Root Fixup: 0.1 ms]
   [Code Root Migration: 0.0 ms]
   [Clear CT: 4.2 ms]
   [Other: 6.1 ms]
      [Choose CSet: 0.0 ms]
      [Ref Proc: 1.3 ms]
      [Ref Enq: 0.0 ms]
      [Free CSet: 1.1 ms]
   [Eden: 1056.0M(1056.0M)->0.0B(1056.0M) Survivors: 160.0M->160.0M Heap: 14.0G(24.0G)->13.1G(24.0G)]
 [Times: user=1.03 sys=0.01, real=0.09 secs] 
2014-04-09T13:56:36.185+0900: 191.124: [GC pause (G1 Evacuation Pause) (mixed), 0.1147339 secs]
   [Parallel Time: 99.4 ms, GC Workers: 13]
      [GC Worker Start (ms): Min: 191124.8, Avg: 191125.1, Max: 191125.4, Diff: 0.6]
      [Ext Root Scanning (ms): Min: 0.5, Avg: 0.8, Max: 2.0, Diff: 1.5, Sum: 10.9]
      [Update RS (ms): Min: 1.0, Avg: 1.6, Max: 2.0, Diff: 1.0, Sum: 21.1]
         [Processed Buffers: Min: 1, Avg: 5.7, Max: 18, Diff: 17, Sum: 74]
      [Scan RS (ms): Min: 27.6, Avg: 27.9, Max: 28.4, Diff: 0.8, Sum: 362.2]
      [Code Root Scanning (ms): Min: 0.0, Avg: 0.0, Max: 0.0, Diff: 0.0, Sum: 0.1]
      [Object Copy (ms): Min: 67.0, Avg: 67.4, Max: 67.7, Diff: 0.7, Sum: 876.3]
      [Termination (ms): Min: 0.0, Avg: 0.0, Max: 0.0, Diff: 0.0, Sum: 0.0]
      [GC Worker Other (ms): Min: 0.0, Avg: 0.0, Max: 0.1, Diff: 0.1, Sum: 0.5]
      [GC Worker Total (ms): Min: 97.5, Avg: 97.8, Max: 98.2, Diff: 0.7, Sum: 1271.1]
      [GC Worker End (ms): Min: 191222.9, Avg: 191222.9, Max: 191223.0, Diff: 0.1]
   [Code Root Fixup: 0.2 ms]
   [Code Root Migration: 0.1 ms]
   [Clear CT: 5.9 ms]
   [Other: 9.2 ms]
      [Choose CSet: 0.3 ms]
      [Ref Proc: 0.9 ms]
      [Ref Enq: 0.0 ms]
      [Free CSet: 2.1 ms]
   [Eden: 1056.0M(1056.0M)->0.0B(1120.0M) Survivors: 160.0M->96.0M Heap: 14.2G(24.0G)->12.7G(24.0G)]
 [Times: user=1.34 sys=0.00, real=0.12 secs] 
2014-04-09T13:56:36.820+0900: 191.760: [GC pause (G1 Evacuation Pause) (young), 0.0074481 secs]
   [Parallel Time: 3.9 ms, GC Workers: 13]
      [GC Worker Start (ms): Min: 191760.2, Avg: 191760.4, Max: 191760.7, Diff: 0.5]
      [Ext Root Scanning (ms): Min: 0.6, Avg: 0.8, Max: 1.3, Diff: 0.7, Sum: 10.7]
      [Update RS (ms): Min: 1.0, Avg: 1.1, Max: 1.3, Diff: 0.3, Sum: 14.8]
         [Processed Buffers: Min: 0, Avg: 3.5, Max: 18, Diff: 18, Sum: 46]
      [Scan RS (ms): Min: 0.0, Avg: 0.1, Max: 0.5, Diff: 0.5, Sum: 1.8]
      [Code Root Scanning (ms): Min: 0.0, Avg: 0.0, Max: 0.0, Diff: 0.0, Sum: 0.0]
      [Object Copy (ms): Min: 0.0, Avg: 0.3, Max: 0.4, Diff: 0.3, Sum: 3.7]
      [Termination (ms): Min: 0.0, Avg: 0.4, Max: 0.5, Diff: 0.5, Sum: 5.5]
      [GC Worker Other (ms): Min: 0.0, Avg: 0.0, Max: 0.1, Diff: 0.1, Sum: 0.4]
      [GC Worker Total (ms): Min: 2.6, Avg: 2.8, Max: 3.1, Diff: 0.5, Sum: 37.0]
      [GC Worker End (ms): Min: 191763.2, Avg: 191763.3, Max: 191763.3, Diff: 0.1]
   [Code Root Fixup: 0.1 ms]
   [Code Root Migration: 0.0 ms]
   [Clear CT: 2.0 ms]
   [Other: 1.5 ms]
      [Choose CSet: 0.0 ms]
      [Ref Proc: 0.8 ms]
      [Ref Enq: 0.0 ms]
      [Free CSet: 0.3 ms]
   [Eden: 1120.0M(1120.0M)->0.0B(1168.0M) Survivors: 96.0M->48.0M Heap: 13.8G(24.0G)->12.6G(24.0G)]
 [Times: user=0.04 sys=0.00, real=0.00 secs] 
2014-04-09T13:56:36.955+0900: 191.894: [GC pause (G1 Humongous Allocation) (young) (initial-mark), 0.0099786 secs]
   [Parallel Time: 6.1 ms, GC Workers: 13]
      [GC Worker Start (ms): Min: 191894.5, Avg: 191894.8, Max: 191895.1, Diff: 0.5]
      [Ext Root Scanning (ms): Min: 0.4, Avg: 0.8, Max: 2.9, Diff: 2.5, Sum: 10.1]
      [Code Root Marking (ms): Min: 0.0, Avg: 0.6, Max: 4.5, Diff: 4.5, Sum: 7.9]
      [Update RS (ms): Min: 0.0, Avg: 0.2, Max: 0.4, Diff: 0.4, Sum: 2.4]
         [Processed Buffers: Min: 0, Avg: 2.2, Max: 8, Diff: 8, Sum: 28]
      [Scan RS (ms): Min: 0.0, Avg: 0.0, Max: 0.0, Diff: 0.0, Sum: 0.3]
      [Code Root Scanning (ms): Min: 0.0, Avg: 0.0, Max: 0.0, Diff: 0.0, Sum: 0.0]
      [Object Copy (ms): Min: 0.4, Avg: 1.1, Max: 2.6, Diff: 2.2, Sum: 14.2]
      [Termination (ms): Min: 0.0, Avg: 2.9, Max: 3.5, Diff: 3.5, Sum: 38.0]
      [GC Worker Other (ms): Min: 0.0, Avg: 0.0, Max: 0.0, Diff: 0.0, Sum: 0.2]
      [GC Worker Total (ms): Min: 5.3, Avg: 5.6, Max: 5.9, Diff: 0.6, Sum: 73.1]
      [GC Worker End (ms): Min: 191900.4, Avg: 191900.4, Max: 191900.4, Diff: 0.0]
   [Code Root Fixup: 0.2 ms]
   [Code Root Migration: 0.0 ms]
   [Clear CT: 1.8 ms]
   [Other: 1.9 ms]
      [Choose CSet: 0.0 ms]
      [Ref Proc: 1.0 ms]
      [Ref Enq: 0.0 ms]
      [Free CSet: 0.1 ms]
   [Eden: 304.0M(1168.0M)->0.0B(1200.0M) Survivors: 48.0M->16.0M Heap: 12.9G(24.0G)->12.6G(24.0G)]
 [Times: user=0.08 sys=0.00, real=0.01 secs] 
2014-04-09T13:56:36.965+0900: 191.904: [GC concurrent-root-region-scan-start]
2014-04-09T13:56:36.972+0900: 191.911: [GC concurrent-root-region-scan-end, 0.0067745 secs]
2014-04-09T13:56:36.972+0900: 191.911: [GC concurrent-mark-start]
2014-04-09T13:56:38.203+0900: 193.143: [GC pause (G1 Evacuation Pause) (young), 0.0631394 secs]
   [Parallel Time: 56.1 ms, GC Workers: 13]
      [GC Worker Start (ms): Min: 193143.0, Avg: 193143.4, Max: 193143.6, Diff: 0.6]
      [Ext Root Scanning (ms): Min: 0.4, Avg: 0.7, Max: 0.9, Diff: 0.5, Sum: 9.2]
      [SATB Filtering (ms): Min: 0.0, Avg: 0.0, Max: 0.4, Diff: 0.4, Sum: 0.4]
      [Update RS (ms): Min: 2.1, Avg: 2.6, Max: 3.1, Diff: 1.1, Sum: 33.5]
         [Processed Buffers: Min: 1, Avg: 5.3, Max: 16, Diff: 15, Sum: 69]
      [Scan RS (ms): Min: 6.1, Avg: 6.6, Max: 6.8, Diff: 0.7, Sum: 86.2]
      [Code Root Scanning (ms): Min: 0.0, Avg: 0.0, Max: 0.0, Diff: 0.0, Sum: 0.0]
      [Object Copy (ms): Min: 44.5, Avg: 44.8, Max: 44.9, Diff: 0.5, Sum: 581.8]
      [Termination (ms): Min: 0.0, Avg: 0.0, Max: 0.0, Diff: 0.0, Sum: 0.0]
      [GC Worker Other (ms): Min: 0.0, Avg: 0.0, Max: 0.1, Diff: 0.1, Sum: 0.5]
      [GC Worker Total (ms): Min: 54.5, Avg: 54.7, Max: 55.1, Diff: 0.6, Sum: 711.7]
      [GC Worker End (ms): Min: 193198.1, Avg: 193198.1, Max: 193198.2, Diff: 0.1]
   [Code Root Fixup: 0.3 ms]
   [Code Root Migration: 0.0 ms]
   [Clear CT: 3.8 ms]
   [Other: 3.0 ms]
      [Choose CSet: 0.0 ms]
      [Ref Proc: 0.7 ms]
      [Ref Enq: 0.0 ms]
      [Free CSet: 0.4 ms]
   [Eden: 1200.0M(1200.0M)->0.0B(1056.0M) Survivors: 16.0M->160.0M Heap: 14.2G(24.0G)->13.3G(24.0G)]
 [Times: user=0.66 sys=0.10, real=0.06 secs] 
2014-04-09T13:56:38.571+0900: 193.510: [GC concurrent-mark-end, 1.5990725 secs]
2014-04-09T13:56:38.572+0900: 193.512: [GC remark 193.513: [GC ref-proc, 0.0048006 secs], 0.0301605 secs]
 [Times: user=0.24 sys=0.00, real=0.03 secs] 
2014-04-09T13:56:38.604+0900: 193.543: [GC cleanup 13G->12G(24G), 0.0261533 secs]
 [Times: user=0.29 sys=0.00, real=0.02 secs] 
2014-04-09T13:56:38.631+0900: 193.570: [GC concurrent-cleanup-start]
2014-04-09T13:56:38.632+0900: 193.571: [GC concurrent-cleanup-end, 0.0007892 secs]
2014-04-09T13:56:39.458+0900: 194.398: [GC pause (G1 Evacuation Pause) (young), 0.0948795 secs]
   [Parallel Time: 84.0 ms, GC Workers: 13]
      [GC Worker Start (ms): Min: 194398.2, Avg: 194398.5, Max: 194398.7, Diff: 0.5]
      [Ext Root Scanning (ms): Min: 0.6, Avg: 0.9, Max: 1.5, Diff: 0.9, Sum: 11.1]
      [Update RS (ms): Min: 2.0, Avg: 2.9, Max: 4.5, Diff: 2.5, Sum: 37.7]
         [Processed Buffers: Min: 1, Avg: 11.1, Max: 19, Diff: 18, Sum: 144]
      [Scan RS (ms): Min: 16.2, Avg: 17.7, Max: 18.1, Diff: 2.0, Sum: 229.7]
      [Code Root Scanning (ms): Min: 0.0, Avg: 0.0, Max: 0.0, Diff: 0.0, Sum: 0.1]
      [Object Copy (ms): Min: 60.6, Avg: 60.8, Max: 61.0, Diff: 0.4, Sum: 790.3]
      [Termination (ms): Min: 0.0, Avg: 0.3, Max: 0.3, Diff: 0.3, Sum: 3.9]
      [GC Worker Other (ms): Min: 0.0, Avg: 0.0, Max: 0.1, Diff: 0.1, Sum: 0.5]
      [GC Worker Total (ms): Min: 82.3, Avg: 82.6, Max: 82.8, Diff: 0.5, Sum: 1073.2]
      [GC Worker End (ms): Min: 194481.0, Avg: 194481.0, Max: 194481.1, Diff: 0.1]
   [Code Root Fixup: 0.2 ms]
   [Code Root Migration: 0.0 ms]
   [Clear CT: 3.9 ms]
   [Other: 6.7 ms]
      [Choose CSet: 0.0 ms]
      [Ref Proc: 1.2 ms]
      [Ref Enq: 0.0 ms]
      [Free CSet: 1.1 ms]
   [Eden: 1056.0M(1056.0M)->0.0B(1056.0M) Survivors: 160.0M->160.0M Heap: 14.0G(24.0G)->13.2G(24.0G)]
 [Times: user=1.11 sys=0.00, real=0.10 secs] 
2014-04-09T13:56:40.443+0900: 195.382: [GC pause (G1 Evacuation Pause) (mixed), 0.1817232 secs]
   [Parallel Time: 163.7 ms, GC Workers: 13]
      [GC Worker Start (ms): Min: 195382.7, Avg: 195382.9, Max: 195383.2, Diff: 0.4]
      [Ext Root Scanning (ms): Min: 0.6, Avg: 0.9, Max: 1.4, Diff: 0.8, Sum: 12.2]
      [Update RS (ms): Min: 2.0, Avg: 6.3, Max: 49.7, Diff: 47.8, Sum: 81.7]
         [Processed Buffers: Min: 1, Avg: 5.8, Max: 17, Diff: 16, Sum: 76]
      [Scan RS (ms): Min: 0.0, Avg: 41.6, Max: 45.8, Diff: 45.8, Sum: 540.7]
      [Code Root Scanning (ms): Min: 0.0, Avg: 0.0, Max: 0.1, Diff: 0.1, Sum: 0.2]
      [Object Copy (ms): Min: 112.2, Avg: 114.0, Max: 115.1, Diff: 3.0, Sum: 1482.2]
      [Termination (ms): Min: 0.0, Avg: 0.0, Max: 0.0, Diff: 0.0, Sum: 0.0]
      [GC Worker Other (ms): Min: 0.0, Avg: 0.0, Max: 0.1, Diff: 0.1, Sum: 0.5]
      [GC Worker Total (ms): Min: 162.6, Avg: 162.9, Max: 163.1, Diff: 0.4, Sum: 2117.5]
      [GC Worker End (ms): Min: 195545.8, Avg: 195545.8, Max: 195545.9, Diff: 0.1]
   [Code Root Fixup: 0.2 ms]
   [Code Root Migration: 0.2 ms]
   [Clear CT: 4.9 ms]
   [Other: 12.7 ms]
      [Choose CSet: 0.5 ms]
      [Ref Proc: 1.2 ms]
      [Ref Enq: 0.0 ms]
      [Free CSet: 2.4 ms]
   [Eden: 1056.0M(1056.0M)->0.0B(1056.0M) Survivors: 160.0M->160.0M Heap: 14.5G(24.0G)->13.1G(24.0G)]
 [Times: user=2.17 sys=0.02, real=0.18 secs] 
2014-04-09T13:56:41.642+0900: 196.582: [GC pause (G1 Evacuation Pause) (mixed), 0.1907879 secs]
   [Parallel Time: 171.9 ms, GC Workers: 13]
      [GC Worker Start (ms): Min: 196583.2, Avg: 196583.4, Max: 196583.6, Diff: 0.4]
      [Ext Root Scanning (ms): Min: 0.7, Avg: 0.9, Max: 1.7, Diff: 1.0, Sum: 11.9]
      [Update RS (ms): Min: 2.1, Avg: 3.0, Max: 4.1, Diff: 2.0, Sum: 38.7]
         [Processed Buffers: Min: 4, Avg: 10.4, Max: 16, Diff: 12, Sum: 135]
      [Scan RS (ms): Min: 47.8, Avg: 49.0, Max: 49.4, Diff: 1.5, Sum: 636.4]
      [Code Root Scanning (ms): Min: 0.0, Avg: 0.0, Max: 0.0, Diff: 0.0, Sum: 0.1]
      [Object Copy (ms): Min: 117.9, Avg: 118.1, Max: 118.3, Diff: 0.4, Sum: 1535.7]
      [Termination (ms): Min: 0.0, Avg: 0.0, Max: 0.0, Diff: 0.0, Sum: 0.0]
      [GC Worker Other (ms): Min: 0.0, Avg: 0.0, Max: 0.1, Diff: 0.1, Sum: 0.5]
      [GC Worker Total (ms): Min: 170.8, Avg: 171.0, Max: 171.2, Diff: 0.4, Sum: 2223.3]
      [GC Worker End (ms): Min: 196754.4, Avg: 196754.5, Max: 196754.5, Diff: 0.1]
   [Code Root Fixup: 0.2 ms]
   [Code Root Migration: 0.1 ms]
   [Clear CT: 4.7 ms]
   [Other: 13.9 ms]
      [Choose CSet: 0.7 ms]
      [Ref Proc: 0.8 ms]
      [Ref Enq: 0.0 ms]
      [Free CSet: 2.5 ms]
   [Eden: 1056.0M(1056.0M)->0.0B(1056.0M) Survivors: 160.0M->160.0M Heap: 14.5G(24.0G)->13.1G(24.0G)]
 [Times: user=2.28 sys=0.00, real=0.19 secs] 
2014-04-09T13:56:42.817+0900: 197.756: [GC pause (G1 Evacuation Pause) (mixed), 0.1930839 secs]
   [Parallel Time: 174.0 ms, GC Workers: 13]
      [GC Worker Start (ms): Min: 197757.3, Avg: 197757.5, Max: 197757.8, Diff: 0.5]
      [Ext Root Scanning (ms): Min: 0.7, Avg: 0.9, Max: 1.7, Diff: 1.0, Sum: 11.5]
      [Update RS (ms): Min: 2.1, Avg: 3.0, Max: 4.0, Diff: 1.8, Sum: 39.6]
         [Processed Buffers: Min: 6, Avg: 11.1, Max: 18, Diff: 12, Sum: 144]
      [Scan RS (ms): Min: 48.4, Avg: 49.4, Max: 49.9, Diff: 1.5, Sum: 641.8]
      [Code Root Scanning (ms): Min: 0.0, Avg: 0.0, Max: 0.0, Diff: 0.0, Sum: 0.1]
      [Object Copy (ms): Min: 119.2, Avg: 119.5, Max: 119.7, Diff: 0.5, Sum: 1553.6]
      [Termination (ms): Min: 0.0, Avg: 0.0, Max: 0.0, Diff: 0.0, Sum: 0.0]
      [GC Worker Other (ms): Min: 0.0, Avg: 0.0, Max: 0.1, Diff: 0.1, Sum: 0.6]
      [GC Worker Total (ms): Min: 172.7, Avg: 172.9, Max: 173.1, Diff: 0.4, Sum: 2247.3]
      [GC Worker End (ms): Min: 197930.4, Avg: 197930.4, Max: 197930.5, Diff: 0.1]
   [Code Root Fixup: 0.3 ms]
   [Code Root Migration: 0.0 ms]
   [Clear CT: 4.9 ms]
   [Other: 13.8 ms]
      [Choose CSet: 0.6 ms]
      [Ref Proc: 0.7 ms]
      [Ref Enq: 0.0 ms]
      [Free CSet: 2.6 ms]
   [Eden: 1056.0M(1056.0M)->0.0B(1056.0M) Survivors: 160.0M->160.0M Heap: 14.5G(24.0G)->13.1G(24.0G)]
 [Times: user=2.31 sys=0.01, real=0.19 secs] 
2014-04-09T13:56:43.015+0900: 197.955: [GC pause (G1 Humongous Allocation) (young) (initial-mark), 0.1744848 secs]
   [Parallel Time: 169.5 ms, GC Workers: 13]
      [GC Worker Start (ms): Min: 197954.9, Avg: 197955.1, Max: 197955.3, Diff: 0.4]
      [Ext Root Scanning (ms): Min: 0.6, Avg: 0.9, Max: 3.3, Diff: 2.7, Sum: 11.3]
      [Code Root Marking (ms): Min: 0.0, Avg: 0.7, Max: 6.3, Diff: 6.3, Sum: 9.5]
      [Update RS (ms): Min: 118.2, Avg: 127.3, Max: 167.5, Diff: 49.3, Sum: 1655.5]
         [Processed Buffers: Min: 29, Avg: 76.8, Max: 110, Diff: 81, Sum: 999]
      [Scan RS (ms): Min: 0.0, Avg: 0.0, Max: 0.2, Diff: 0.2, Sum: 0.3]
      [Code Root Scanning (ms): Min: 0.0, Avg: 0.0, Max: 0.0, Diff: 0.0, Sum: 0.0]
      [Object Copy (ms): Min: 0.5, Avg: 25.8, Max: 28.6, Diff: 28.1, Sum: 336.0]
      [Termination (ms): Min: 0.0, Avg: 14.0, Max: 15.1, Diff: 15.1, Sum: 181.4]
      [GC Worker Other (ms): Min: 0.0, Avg: 0.0, Max: 0.0, Diff: 0.0, Sum: 0.3]
      [GC Worker Total (ms): Min: 168.6, Avg: 168.8, Max: 169.0, Diff: 0.4, Sum: 2194.3]
      [GC Worker End (ms): Min: 198123.9, Avg: 198123.9, Max: 198124.0, Diff: 0.0]
   [Code Root Fixup: 0.3 ms]
   [Code Root Migration: 0.0 ms]
   [Clear CT: 0.4 ms]
   [Other: 4.3 ms]
      [Choose CSet: 0.0 ms]
      [Ref Proc: 0.3 ms]
      [Ref Enq: 0.0 ms]
      [Free CSet: 0.1 ms]
   [Eden: 16.0M(1056.0M)->0.0B(1136.0M) Survivors: 160.0M->80.0M Heap: 13.1G(24.0G)->13.2G(24.0G)]
 [Times: user=2.20 sys=0.00, real=0.17 secs] 
2014-04-09T13:56:43.190+0900: 198.129: [GC concurrent-root-region-scan-start]
2014-04-09T13:56:43.190+0900: 198.130: [GC concurrent-root-region-scan-end, 0.0004845 secs]
2014-04-09T13:56:43.190+0900: 198.130: [GC concurrent-mark-start]
2014-04-09T13:56:44.629+0900: 199.568: [GC pause (G1 Evacuation Pause) (young), 0.0608689 secs]
   [Parallel Time: 53.6 ms, GC Workers: 13]
      [GC Worker Start (ms): Min: 199568.7, Avg: 199568.8, Max: 199569.0, Diff: 0.3]
      [Ext Root Scanning (ms): Min: 0.6, Avg: 0.7, Max: 1.2, Diff: 0.6, Sum: 9.7]
      [SATB Filtering (ms): Min: 0.0, Avg: 0.0, Max: 0.6, Diff: 0.6, Sum: 0.6]
      [Update RS (ms): Min: 1.8, Avg: 2.6, Max: 3.7, Diff: 1.9, Sum: 33.4]
         [Processed Buffers: Min: 1, Avg: 6.1, Max: 30, Diff: 29, Sum: 79]
      [Scan RS (ms): Min: 12.0, Avg: 13.1, Max: 13.5, Diff: 1.5, Sum: 169.9]
      [Code Root Scanning (ms): Min: 0.0, Avg: 0.0, Max: 0.0, Diff: 0.0, Sum: 0.0]
      [Object Copy (ms): Min: 35.8, Avg: 35.9, Max: 36.0, Diff: 0.2, Sum: 467.0]
      [Termination (ms): Min: 0.0, Avg: 0.0, Max: 0.0, Diff: 0.0, Sum: 0.0]
      [GC Worker Other (ms): Min: 0.0, Avg: 0.0, Max: 0.1, Diff: 0.1, Sum: 0.5]
      [GC Worker Total (ms): Min: 52.2, Avg: 52.4, Max: 52.6, Diff: 0.4, Sum: 681.2]
      [GC Worker End (ms): Min: 199621.2, Avg: 199621.2, Max: 199621.3, Diff: 0.1]
   [Code Root Fixup: 0.2 ms]
   [Code Root Migration: 0.0 ms]
   [Clear CT: 3.4 ms]
   [Other: 3.7 ms]
      [Choose CSet: 0.0 ms]
      [Ref Proc: 0.9 ms]
      [Ref Enq: 0.0 ms]
      [Free CSet: 0.5 ms]
   [Eden: 1136.0M(1136.0M)->0.0B(1056.0M) Survivors: 80.0M->160.0M Heap: 14.7G(24.0G)->13.7G(24.0G)]
 [Times: user=0.72 sys=0.00, real=0.06 secs] 
2014-04-09T13:56:44.812+0900: 199.752: [GC concurrent-mark-end, 1.6216729 secs]
2014-04-09T13:56:44.813+0900: 199.753: [GC remark 199.754: [GC ref-proc, 0.0051356 secs], 0.0316418 secs]
 [Times: user=0.26 sys=0.00, real=0.03 secs] 
2014-04-09T13:56:44.846+0900: 199.786: [GC cleanup 13G->12G(24G), 0.0231871 secs]
 [Times: user=0.28 sys=0.00, real=0.02 secs] 
2014-04-09T13:56:44.870+0900: 199.809: [GC concurrent-cleanup-start]
2014-04-09T13:56:44.872+0900: 199.811: [GC concurrent-cleanup-end, 0.0016299 secs]
2014-04-09T13:56:46.556+0900: 201.495: [GC pause (G1 Evacuation Pause) (young), 0.1072665 secs]
   [Parallel Time: 96.5 ms, GC Workers: 13]
      [GC Worker Start (ms): Min: 201495.7, Avg: 201496.0, Max: 201496.2, Diff: 0.5]
      [Ext Root Scanning (ms): Min: 0.6, Avg: 0.9, Max: 1.2, Diff: 0.6, Sum: 11.1]
      [Update RS (ms): Min: 2.0, Avg: 2.8, Max: 3.5, Diff: 1.5, Sum: 36.7]
         [Processed Buffers: Min: 6, Avg: 10.2, Max: 22, Diff: 16, Sum: 132]
      [Scan RS (ms): Min: 31.3, Avg: 31.9, Max: 32.2, Diff: 0.9, Sum: 414.5]
      [Code Root Scanning (ms): Min: 0.0, Avg: 0.0, Max: 0.0, Diff: 0.0, Sum: 0.0]
      [Object Copy (ms): Min: 59.7, Avg: 59.8, Max: 59.8, Diff: 0.2, Sum: 777.0]
      [Termination (ms): Min: 0.0, Avg: 0.0, Max: 0.0, Diff: 0.0, Sum: 0.1]
      [GC Worker Other (ms): Min: 0.0, Avg: 0.0, Max: 0.1, Diff: 0.1, Sum: 0.5]
      [GC Worker Total (ms): Min: 95.2, Avg: 95.4, Max: 95.7, Diff: 0.5, Sum: 1240.0]
      [GC Worker End (ms): Min: 201591.4, Avg: 201591.4, Max: 201591.4, Diff: 0.1]
   [Code Root Fixup: 0.3 ms]
   [Code Root Migration: 0.0 ms]
   [Clear CT: 3.6 ms]
   [Other: 6.8 ms]
      [Choose CSet: 0.0 ms]
      [Ref Proc: 1.4 ms]
      [Ref Enq: 0.0 ms]
      [Free CSet: 0.7 ms]
   [Eden: 1056.0M(1056.0M)->0.0B(1056.0M) Survivors: 160.0M->160.0M Heap: 13.4G(24.0G)->12.7G(24.0G)]
 [Times: user=1.28 sys=0.00, real=0.11 secs] 
2014-04-09T13:56:49.613+0900: 204.552: [GC pause (G1 Evacuation Pause) (mixed), 0.1922212 secs]
   [Parallel Time: 176.2 ms, GC Workers: 13]
      [GC Worker Start (ms): Min: 204552.7, Avg: 204553.1, Max: 204553.4, Diff: 0.7]
      [Ext Root Scanning (ms): Min: 0.5, Avg: 0.8, Max: 1.6, Diff: 1.2, Sum: 10.5]
      [Update RS (ms): Min: 2.1, Avg: 2.7, Max: 3.3, Diff: 1.2, Sum: 35.4]
         [Processed Buffers: Min: 1, Avg: 5.8, Max: 12, Diff: 11, Sum: 75]
      [Scan RS (ms): Min: 56.3, Avg: 56.8, Max: 57.1, Diff: 0.8, Sum: 738.2]
      [Code Root Scanning (ms): Min: 0.0, Avg: 0.0, Max: 0.0, Diff: 0.0, Sum: 0.1]
      [Object Copy (ms): Min: 114.1, Avg: 114.4, Max: 114.8, Diff: 0.6, Sum: 1487.3]
      [Termination (ms): Min: 0.0, Avg: 0.4, Max: 0.5, Diff: 0.5, Sum: 4.6]
      [GC Worker Other (ms): Min: 0.0, Avg: 0.1, Max: 0.2, Diff: 0.1, Sum: 0.7]
      [GC Worker Total (ms): Min: 174.8, Avg: 175.1, Max: 175.6, Diff: 0.8, Sum: 2276.9]
      [GC Worker End (ms): Min: 204728.2, Avg: 204728.2, Max: 204728.3, Diff: 0.1]
   [Code Root Fixup: 0.2 ms]
   [Code Root Migration: 0.0 ms]
   [Clear CT: 5.2 ms]
   [Other: 10.6 ms]
      [Choose CSet: 0.2 ms]
      [Ref Proc: 1.0 ms]
      [Ref Enq: 0.0 ms]
      [Free CSet: 1.4 ms]
   [Eden: 1056.0M(1056.0M)->0.0B(1056.0M) Survivors: 160.0M->160.0M Heap: 13.9G(24.0G)->12.7G(24.0G)]
 [Times: user=2.32 sys=0.01, real=0.19 secs] 
2014-04-09T13:56:49.999+0900: 204.938: [GC pause (G1 Humongous Allocation) (young) (initial-mark), 0.0831320 secs]
   [Parallel Time: 74.9 ms, GC Workers: 13]
      [GC Worker Start (ms): Min: 204938.6, Avg: 204939.6, Max: 204942.9, Diff: 4.3]
      [Ext Root Scanning (ms): Min: 0.0, Avg: 0.6, Max: 2.3, Diff: 2.2, Sum: 8.3]
      [Code Root Marking (ms): Min: 0.0, Avg: 0.7, Max: 6.8, Diff: 6.8, Sum: 9.2]
      [Update RS (ms): Min: 0.0, Avg: 7.8, Max: 67.0, Diff: 67.0, Sum: 100.9]
         [Processed Buffers: Min: 0, Avg: 1.9, Max: 8, Diff: 8, Sum: 25]
      [Scan RS (ms): Min: 0.0, Avg: 24.7, Max: 27.4, Diff: 27.4, Sum: 320.7]
      [Code Root Scanning (ms): Min: 0.0, Avg: 0.0, Max: 0.0, Diff: 0.0, Sum: 0.0]
      [Object Copy (ms): Min: 5.5, Avg: 38.9, Max: 43.1, Diff: 37.6, Sum: 505.5]
      [Termination (ms): Min: 0.0, Avg: 0.2, Max: 0.2, Diff: 0.2, Sum: 2.3]
      [GC Worker Other (ms): Min: 0.0, Avg: 0.0, Max: 0.0, Diff: 0.0, Sum: 0.3]
      [GC Worker Total (ms): Min: 69.5, Avg: 72.9, Max: 73.8, Diff: 4.3, Sum: 947.2]
      [GC Worker End (ms): Min: 205012.4, Avg: 205012.4, Max: 205012.4, Diff: 0.0]
   [Code Root Fixup: 0.2 ms]
   [Code Root Migration: 0.0 ms]
   [Clear CT: 3.3 ms]
   [Other: 4.7 ms]
      [Choose CSet: 0.0 ms]
      [Ref Proc: 1.0 ms]
      [Ref Enq: 0.0 ms]
      [Free CSet: 0.7 ms]
   [Eden: 80.0M(1056.0M)->0.0B(1120.0M) Survivors: 160.0M->96.0M Heap: 12.8G(24.0G)->12.9G(24.0G)]
 [Times: user=0.98 sys=0.00, real=0.09 secs] 
2014-04-09T13:56:50.082+0900: 205.022: [GC concurrent-root-region-scan-start]
2014-04-09T13:56:50.086+0900: 205.025: [GC concurrent-root-region-scan-end, 0.0036836 secs]
2014-04-09T13:56:50.086+0900: 205.025: [GC concurrent-mark-start]
2014-04-09T13:56:51.573+0900: 206.513: [GC pause (G1 Evacuation Pause) (young), 0.0424516 secs]
   [Parallel Time: 36.8 ms, GC Workers: 13]
      [GC Worker Start (ms): Min: 206512.9, Avg: 206513.1, Max: 206513.2, Diff: 0.3]
      [Ext Root Scanning (ms): Min: 0.5, Avg: 0.7, Max: 1.2, Diff: 0.7, Sum: 9.0]
      [SATB Filtering (ms): Min: 0.0, Avg: 0.0, Max: 0.2, Diff: 0.2, Sum: 0.2]
      [Update RS (ms): Min: 2.0, Avg: 2.6, Max: 3.5, Diff: 1.5, Sum: 34.0]
         [Processed Buffers: Min: 1, Avg: 4.6, Max: 11, Diff: 10, Sum: 60]
      [Scan RS (ms): Min: 7.3, Avg: 8.2, Max: 8.6, Diff: 1.3, Sum: 107.2]
      [Code Root Scanning (ms): Min: 0.0, Avg: 0.0, Max: 0.0, Diff: 0.0, Sum: 0.0]
      [Object Copy (ms): Min: 23.7, Avg: 23.9, Max: 24.1, Diff: 0.4, Sum: 310.9]
      [Termination (ms): Min: 0.0, Avg: 0.1, Max: 0.1, Diff: 0.1, Sum: 1.2]
      [GC Worker Other (ms): Min: 0.0, Avg: 0.0, Max: 0.1, Diff: 0.1, Sum: 0.5]
      [GC Worker Total (ms): Min: 35.5, Avg: 35.6, Max: 35.8, Diff: 0.3, Sum: 463.1]
      [GC Worker End (ms): Min: 206548.7, Avg: 206548.7, Max: 206548.8, Diff: 0.1]
   [Code Root Fixup: 0.1 ms]
   [Code Root Migration: 0.0 ms]
   [Clear CT: 3.5 ms]
   [Other: 2.1 ms]
      [Choose CSet: 0.0 ms]
      [Ref Proc: 0.6 ms]
      [Ref Enq: 0.0 ms]
      [Free CSet: 0.4 ms]
   [Eden: 1120.0M(1120.0M)->0.0B(1088.0M) Survivors: 96.0M->128.0M Heap: 14.1G(24.0G)->13.1G(24.0G)]
 [Times: user=0.53 sys=0.00, real=0.04 secs] 
2014-04-09T13:56:51.823+0900: 206.762: [GC concurrent-mark-end, 1.7370428 secs]
2014-04-09T13:56:51.824+0900: 206.763: [GC remark 206.764: [GC ref-proc, 0.0050836 secs], 0.0304791 secs]
 [Times: user=0.26 sys=0.00, real=0.03 secs] 
2014-04-09T13:56:51.856+0900: 206.795: [GC cleanup 13G->12G(24G), 0.0271591 secs]
 [Times: user=0.32 sys=0.00, real=0.03 secs] 
2014-04-09T13:56:51.883+0900: 206.823: [GC concurrent-cleanup-start]
2014-04-09T13:56:51.884+0900: 206.824: [GC concurrent-cleanup-end, 0.0009958 secs]
2014-04-09T13:57:07.047+0900: 221.987: [GC pause (G1 Evacuation Pause) (young), 0.0992271 secs]
   [Parallel Time: 93.0 ms, GC Workers: 13]
      [GC Worker Start (ms): Min: 221987.2, Avg: 221987.5, Max: 221987.7, Diff: 0.6]
      [Ext Root Scanning (ms): Min: 0.5, Avg: 0.8, Max: 1.1, Diff: 0.6, Sum: 9.8]
      [Update RS (ms): Min: 1.3, Avg: 6.5, Max: 62.5, Diff: 61.2, Sum: 84.2]
         [Processed Buffers: Min: 0, Avg: 5.2, Max: 15, Diff: 15, Sum: 68]
      [Scan RS (ms): Min: 0.0, Avg: 11.7, Max: 13.1, Diff: 13.0, Sum: 152.0]
      [Code Root Scanning (ms): Min: 0.0, Avg: 0.0, Max: 0.0, Diff: 0.0, Sum: 0.0]
      [Object Copy (ms): Min: 28.6, Avg: 71.1, Max: 75.0, Diff: 46.4, Sum: 924.8]
      [Termination (ms): Min: 0.0, Avg: 1.7, Max: 2.1, Diff: 2.1, Sum: 22.5]
      [GC Worker Other (ms): Min: 0.0, Avg: 0.0, Max: 0.1, Diff: 0.1, Sum: 0.4]
      [GC Worker Total (ms): Min: 91.6, Avg: 91.8, Max: 92.2, Diff: 0.6, Sum: 1193.7]
      [GC Worker End (ms): Min: 222079.3, Avg: 222079.3, Max: 222079.4, Diff: 0.1]
   [Code Root Fixup: 0.1 ms]
   [Code Root Migration: 0.0 ms]
   [Clear CT: 2.9 ms]
   [Other: 3.2 ms]
      [Choose CSet: 0.0 ms]
      [Ref Proc: 1.5 ms]
      [Ref Enq: 0.0 ms]
      [Free CSet: 0.4 ms]
   [Eden: 1088.0M(1088.0M)->0.0B(1104.0M) Survivors: 128.0M->112.0M Heap: 13.1G(24.0G)->12.0G(24.0G)]
 [Times: user=1.23 sys=0.00, real=0.10 secs] 
2014-04-09T13:57:07.781+0900: 222.720: [GC pause (G1 Evacuation Pause) (mixed), 0.1602663 secs]
   [Parallel Time: 149.4 ms, GC Workers: 13]
      [GC Worker Start (ms): Min: 222720.5, Avg: 222720.6, Max: 222720.8, Diff: 0.3]
      [Ext Root Scanning (ms): Min: 0.7, Avg: 0.8, Max: 1.5, Diff: 0.8, Sum: 10.9]
      [Update RS (ms): Min: 0.4, Avg: 6.4, Max: 69.5, Diff: 69.1, Sum: 82.6]
         [Processed Buffers: Min: 0, Avg: 4.8, Max: 10, Diff: 10, Sum: 62]
      [Scan RS (ms): Min: 0.0, Avg: 20.6, Max: 23.1, Diff: 23.1, Sum: 268.0]
      [Code Root Scanning (ms): Min: 0.0, Avg: 0.0, Max: 0.0, Diff: 0.0, Sum: 0.0]
      [Object Copy (ms): Min: 78.1, Avg: 117.0, Max: 120.9, Diff: 42.7, Sum: 1521.0]
      [Termination (ms): Min: 0.0, Avg: 3.6, Max: 4.3, Diff: 4.3, Sum: 47.1]
      [GC Worker Other (ms): Min: 0.0, Avg: 0.1, Max: 0.2, Diff: 0.1, Sum: 0.8]
      [GC Worker Total (ms): Min: 148.3, Avg: 148.5, Max: 148.7, Diff: 0.4, Sum: 1930.4]
      [GC Worker End (ms): Min: 222869.1, Avg: 222869.1, Max: 222869.2, Diff: 0.1]
   [Code Root Fixup: 0.3 ms]
   [Code Root Migration: 0.0 ms]
   [Clear CT: 4.9 ms]
   [Other: 5.6 ms]
      [Choose CSet: 0.2 ms]
      [Ref Proc: 0.9 ms]
      [Ref Enq: 0.0 ms]
      [Free CSet: 1.3 ms]
   [Eden: 1104.0M(1104.0M)->0.0B(1056.0M) Survivors: 112.0M->160.0M Heap: 13.2G(24.0G)->12.0G(24.0G)]
 [Times: user=1.98 sys=0.00, real=0.16 secs] 
2014-04-09T13:57:07.943+0900: 222.883: [GC pause (G1 Humongous Allocation) (young) (initial-mark), 0.1484662 secs]
   [Parallel Time: 145.2 ms, GC Workers: 13]
      [GC Worker Start (ms): Min: 222882.8, Avg: 222883.1, Max: 222883.3, Diff: 0.5]
      [Ext Root Scanning (ms): Min: 0.3, Avg: 0.6, Max: 2.0, Diff: 1.7, Sum: 7.6]
      [Code Root Marking (ms): Min: 0.0, Avg: 0.7, Max: 7.0, Diff: 7.0, Sum: 9.3]
      [Update RS (ms): Min: 50.4, Avg: 59.6, Max: 101.3, Diff: 50.9, Sum: 775.4]
         [Processed Buffers: Min: 22, Avg: 33.5, Max: 48, Diff: 26, Sum: 435]
      [Scan RS (ms): Min: 0.0, Avg: 3.1, Max: 5.0, Diff: 5.0, Sum: 39.9]
      [Code Root Scanning (ms): Min: 0.0, Avg: 0.0, Max: 0.0, Diff: 0.0, Sum: 0.0]
      [Object Copy (ms): Min: 42.6, Avg: 80.4, Max: 83.9, Diff: 41.3, Sum: 1045.7]
      [Termination (ms): Min: 0.0, Avg: 0.1, Max: 0.2, Diff: 0.2, Sum: 1.8]
      [GC Worker Other (ms): Min: 0.0, Avg: 0.0, Max: 0.1, Diff: 0.0, Sum: 0.3]
      [GC Worker Total (ms): Min: 144.4, Avg: 144.6, Max: 144.9, Diff: 0.5, Sum: 1879.8]
      [GC Worker End (ms): Min: 223027.7, Avg: 223027.7, Max: 223027.7, Diff: 0.0]
   [Code Root Fixup: 0.3 ms]
   [Code Root Migration: 0.0 ms]
   [Clear CT: 0.2 ms]
   [Other: 2.8 ms]
      [Choose CSet: 0.0 ms]
      [Ref Proc: 0.3 ms]
      [Ref Enq: 0.0 ms]
      [Free CSet: 0.1 ms]
   [Eden: 16.0M(1056.0M)->0.0B(1104.0M) Survivors: 160.0M->112.0M Heap: 12.0G(24.0G)->12.0G(24.0G)]
 [Times: user=1.87 sys=0.00, real=0.15 secs] 
2014-04-09T13:57:08.092+0900: 223.031: [GC concurrent-root-region-scan-start]
2014-04-09T13:57:08.097+0900: 223.037: [GC concurrent-root-region-scan-end, 0.0057010 secs]
2014-04-09T13:57:08.097+0900: 223.037: [GC concurrent-mark-start]
2014-04-09T13:57:09.119+0900: 224.058: [GC pause (G1 Evacuation Pause) (young), 0.0473187 secs]
   [Parallel Time: 40.5 ms, GC Workers: 13]
      [GC Worker Start (ms): Min: 224058.6, Avg: 224058.7, Max: 224058.9, Diff: 0.3]
      [Ext Root Scanning (ms): Min: 0.5, Avg: 0.7, Max: 1.0, Diff: 0.5, Sum: 8.8]
      [SATB Filtering (ms): Min: 0.0, Avg: 0.0, Max: 0.2, Diff: 0.2, Sum: 0.2]
      [Update RS (ms): Min: 1.6, Avg: 2.1, Max: 2.8, Diff: 1.1, Sum: 27.3]
         [Processed Buffers: Min: 6, Avg: 8.7, Max: 13, Diff: 7, Sum: 113]
      [Scan RS (ms): Min: 6.5, Avg: 7.2, Max: 7.4, Diff: 0.9, Sum: 93.1]
      [Code Root Scanning (ms): Min: 0.0, Avg: 0.0, Max: 0.0, Diff: 0.0, Sum: 0.0]
      [Object Copy (ms): Min: 29.8, Avg: 29.9, Max: 30.0, Diff: 0.2, Sum: 388.7]
      [Termination (ms): Min: 0.0, Avg: 0.0, Max: 0.0, Diff: 0.0, Sum: 0.0]
      [GC Worker Other (ms): Min: 0.0, Avg: 0.0, Max: 0.1, Diff: 0.1, Sum: 0.5]
      [GC Worker Total (ms): Min: 39.7, Avg: 39.9, Max: 40.1, Diff: 0.4, Sum: 518.8]
      [GC Worker End (ms): Min: 224098.6, Avg: 224098.6, Max: 224098.7, Diff: 0.1]
   [Code Root Fixup: 0.3 ms]
   [Code Root Migration: 0.0 ms]
   [Clear CT: 3.4 ms]
   [Other: 3.0 ms]
      [Choose CSet: 0.0 ms]
      [Ref Proc: 0.9 ms]
      [Ref Enq: 0.0 ms]
      [Free CSet: 0.4 ms]
   [Eden: 1104.0M(1104.0M)->0.0B(1056.0M) Survivors: 112.0M->160.0M Heap: 13.5G(24.0G)->12.5G(24.0G)]
 [Times: user=0.57 sys=0.00, real=0.05 secs] 
2014-04-09T13:57:09.498+0900: 224.438: [GC concurrent-mark-end, 1.4005620 secs]
2014-04-09T13:57:09.500+0900: 224.439: [GC remark 224.441: [GC ref-proc, 0.0057714 secs], 0.0332395 secs]
 [Times: user=0.26 sys=0.00, real=0.03 secs] 
2014-04-09T13:57:09.534+0900: 224.474: [GC cleanup 12G->12G(24G), 0.0316820 secs]
 [Times: user=0.38 sys=0.00, real=0.03 secs] 
2014-04-09T13:57:09.567+0900: 224.506: [GC concurrent-cleanup-start]
2014-04-09T13:57:09.567+0900: 224.507: [GC concurrent-cleanup-end, 0.0002689 secs]
2014-04-09T13:57:10.375+0900: 225.314: [GC pause (G1 Evacuation Pause) (young), 0.0825823 secs]
   [Parallel Time: 74.2 ms, GC Workers: 13]
      [GC Worker Start (ms): Min: 225314.3, Avg: 225314.5, Max: 225314.7, Diff: 0.4]
      [Ext Root Scanning (ms): Min: 0.7, Avg: 0.9, Max: 1.2, Diff: 0.5, Sum: 11.8]
      [Update RS (ms): Min: 3.5, Avg: 3.6, Max: 4.1, Diff: 0.6, Sum: 47.4]
         [Processed Buffers: Min: 2, Avg: 5.7, Max: 12, Diff: 10, Sum: 74]
      [Scan RS (ms): Min: 15.5, Avg: 16.0, Max: 16.2, Diff: 0.7, Sum: 207.5]
      [Code Root Scanning (ms): Min: 0.0, Avg: 0.0, Max: 0.0, Diff: 0.0, Sum: 0.0]
      [Object Copy (ms): Min: 53.2, Avg: 53.3, Max: 53.4, Diff: 0.2, Sum: 692.6]
      [Termination (ms): Min: 0.0, Avg: 0.0, Max: 0.0, Diff: 0.0, Sum: 0.1]
      [GC Worker Other (ms): Min: 0.0, Avg: 0.0, Max: 0.1, Diff: 0.1, Sum: 0.6]
      [GC Worker Total (ms): Min: 73.6, Avg: 73.8, Max: 74.0, Diff: 0.4, Sum: 960.0]
      [GC Worker End (ms): Min: 225388.3, Avg: 225388.4, Max: 225388.4, Diff: 0.1]
   [Code Root Fixup: 0.3 ms]
   [Code Root Migration: 0.0 ms]
   [Clear CT: 3.8 ms]
   [Other: 4.3 ms]
      [Choose CSet: 0.0 ms]
      [Ref Proc: 0.9 ms]
      [Ref Enq: 0.0 ms]
      [Free CSet: 0.9 ms]
   [Eden: 1056.0M(1056.0M)->0.0B(1056.0M) Survivors: 160.0M->160.0M Heap: 13.6G(24.0G)->12.9G(24.0G)]
 [Times: user=1.01 sys=0.00, real=0.08 secs] 
2014-04-09T13:57:11.501+0900: 226.441: [GC pause (G1 Evacuation Pause) (mixed), 0.1717484 secs]
   [Parallel Time: 156.7 ms, GC Workers: 13]
      [GC Worker Start (ms): Min: 226441.5, Avg: 226441.8, Max: 226442.0, Diff: 0.5]
      [Ext Root Scanning (ms): Min: 0.6, Avg: 0.8, Max: 1.6, Diff: 1.0, Sum: 10.8]
      [Update RS (ms): Min: 0.4, Avg: 1.6, Max: 3.1, Diff: 2.7, Sum: 20.7]
         [Processed Buffers: Min: 1, Avg: 4.2, Max: 10, Diff: 9, Sum: 54]
      [Scan RS (ms): Min: 46.1, Avg: 47.8, Max: 48.4, Diff: 2.3, Sum: 621.0]
      [Code Root Scanning (ms): Min: 0.0, Avg: 0.0, Max: 0.1, Diff: 0.1, Sum: 0.2]
      [Object Copy (ms): Min: 105.5, Avg: 105.7, Max: 106.0, Diff: 0.5, Sum: 1374.3]
      [Termination (ms): Min: 0.0, Avg: 0.0, Max: 0.0, Diff: 0.0, Sum: 0.1]
      [GC Worker Other (ms): Min: 0.0, Avg: 0.0, Max: 0.1, Diff: 0.1, Sum: 0.6]
      [GC Worker Total (ms): Min: 155.7, Avg: 156.0, Max: 156.2, Diff: 0.5, Sum: 2027.7]
      [GC Worker End (ms): Min: 226597.7, Avg: 226597.8, Max: 226597.8, Diff: 0.1]
   [Code Root Fixup: 0.4 ms]
   [Code Root Migration: 0.4 ms]
   [Clear CT: 4.7 ms]
   [Other: 9.4 ms]
      [Choose CSet: 0.6 ms]
      [Ref Proc: 0.9 ms]
      [Ref Enq: 0.0 ms]
      [Free CSet: 2.3 ms]
   [Eden: 1056.0M(1056.0M)->0.0B(1056.0M) Survivors: 160.0M->160.0M Heap: 14.3G(24.0G)->12.8G(24.0G)]
 [Times: user=2.10 sys=0.00, real=0.17 secs] 
2014-04-09T13:57:12.573+0900: 227.513: [GC pause (G1 Evacuation Pause) (mixed), 0.1944912 secs]
   [Parallel Time: 177.6 ms, GC Workers: 13]
      [GC Worker Start (ms): Min: 227514.0, Avg: 227514.3, Max: 227514.5, Diff: 0.5]
      [Ext Root Scanning (ms): Min: 0.6, Avg: 0.9, Max: 1.5, Diff: 0.9, Sum: 11.2]
      [Update RS (ms): Min: 0.9, Avg: 1.5, Max: 2.3, Diff: 1.4, Sum: 19.7]
         [Processed Buffers: Min: 0, Avg: 4.5, Max: 12, Diff: 12, Sum: 59]
      [Scan RS (ms): Min: 54.4, Avg: 55.4, Max: 55.8, Diff: 1.4, Sum: 719.8]
      [Code Root Scanning (ms): Min: 0.0, Avg: 0.0, Max: 0.0, Diff: 0.0, Sum: 0.1]
      [Object Copy (ms): Min: 118.9, Avg: 119.1, Max: 119.4, Diff: 0.5, Sum: 1548.2]
      [Termination (ms): Min: 0.0, Avg: 0.0, Max: 0.0, Diff: 0.0, Sum: 0.0]
      [GC Worker Other (ms): Min: 0.0, Avg: 0.1, Max: 0.2, Diff: 0.1, Sum: 0.7]
      [GC Worker Total (ms): Min: 176.7, Avg: 176.9, Max: 177.3, Diff: 0.6, Sum: 2299.7]
      [GC Worker End (ms): Min: 227691.1, Avg: 227691.2, Max: 227691.3, Diff: 0.1]
   [Code Root Fixup: 0.3 ms]
   [Code Root Migration: 0.1 ms]
   [Clear CT: 5.4 ms]
   [Other: 11.1 ms]
      [Choose CSet: 0.8 ms]
      [Ref Proc: 1.1 ms]
      [Ref Enq: 0.0 ms]
      [Free CSet: 2.6 ms]
   [Eden: 1056.0M(1056.0M)->0.0B(1056.0M) Survivors: 160.0M->160.0M Heap: 14.2G(24.0G)->12.8G(24.0G)]
 [Times: user=2.36 sys=0.01, real=0.20 secs] 
2014-04-09T13:57:15.377+0900: 230.317: [GC pause (G1 Evacuation Pause) (mixed), 0.1904124 secs]
   [Parallel Time: 174.3 ms, GC Workers: 13]
      [GC Worker Start (ms): Min: 230317.6, Avg: 230317.9, Max: 230318.0, Diff: 0.4]
      [Ext Root Scanning (ms): Min: 0.7, Avg: 0.8, Max: 1.3, Diff: 0.7, Sum: 10.8]
      [Update RS (ms): Min: 1.0, Avg: 1.7, Max: 2.7, Diff: 1.7, Sum: 22.7]
         [Processed Buffers: Min: 2, Avg: 4.8, Max: 11, Diff: 9, Sum: 62]
      [Scan RS (ms): Min: 51.7, Avg: 52.8, Max: 53.3, Diff: 1.6, Sum: 686.7]
      [Code Root Scanning (ms): Min: 0.0, Avg: 0.0, Max: 0.0, Diff: 0.0, Sum: 0.1]
      [Object Copy (ms): Min: 117.5, Avg: 117.7, Max: 118.0, Diff: 0.6, Sum: 1530.4]
      [Termination (ms): Min: 0.0, Avg: 0.0, Max: 0.0, Diff: 0.0, Sum: 0.0]
      [GC Worker Other (ms): Min: 0.0, Avg: 0.0, Max: 0.1, Diff: 0.1, Sum: 0.6]
      [GC Worker Total (ms): Min: 173.0, Avg: 173.2, Max: 173.4, Diff: 0.4, Sum: 2251.2]
      [GC Worker End (ms): Min: 230491.0, Avg: 230491.0, Max: 230491.1, Diff: 0.1]
   [Code Root Fixup: 0.3 ms]
   [Code Root Migration: 0.1 ms]
   [Clear CT: 5.4 ms]
   [Other: 10.4 ms]
      [Choose CSet: 0.6 ms]
      [Ref Proc: 1.2 ms]
      [Ref Enq: 0.0 ms]
      [Free CSet: 1.9 ms]
   [Eden: 1056.0M(1056.0M)->0.0B(1056.0M) Survivors: 160.0M->160.0M Heap: 14.3G(24.0G)->13.0G(24.0G)]
 [Times: user=2.32 sys=0.00, real=0.19 secs] 
2014-04-09T13:57:15.575+0900: 230.515: [GC pause (G1 Humongous Allocation) (young) (initial-mark), 0.1493876 secs]
   [Parallel Time: 145.4 ms, GC Workers: 13]
      [GC Worker Start (ms): Min: 230514.9, Avg: 230515.0, Max: 230515.1, Diff: 0.3]
      [Ext Root Scanning (ms): Min: 0.6, Avg: 0.9, Max: 3.3, Diff: 2.7, Sum: 11.8]
      [Code Root Marking (ms): Min: 0.0, Avg: 0.6, Max: 4.6, Diff: 4.6, Sum: 7.6]
      [Update RS (ms): Min: 113.7, Avg: 117.6, Max: 119.7, Diff: 6.0, Sum: 1528.9]
         [Processed Buffers: Min: 59, Avg: 68.7, Max: 84, Diff: 25, Sum: 893]
      [Scan RS (ms): Min: 0.0, Avg: 0.0, Max: 0.1, Diff: 0.1, Sum: 0.3]
      [Code Root Scanning (ms): Min: 0.0, Avg: 0.0, Max: 0.0, Diff: 0.0, Sum: 0.0]
      [Object Copy (ms): Min: 24.2, Avg: 25.5, Max: 26.5, Diff: 2.4, Sum: 331.8]
      [Termination (ms): Min: 0.0, Avg: 0.0, Max: 0.0, Diff: 0.0, Sum: 0.1]
      [GC Worker Other (ms): Min: 0.0, Avg: 0.0, Max: 0.1, Diff: 0.1, Sum: 0.4]
      [GC Worker Total (ms): Min: 144.6, Avg: 144.7, Max: 144.8, Diff: 0.3, Sum: 1880.9]
      [GC Worker End (ms): Min: 230659.7, Avg: 230659.7, Max: 230659.8, Diff: 0.1]
   [Code Root Fixup: 0.3 ms]
   [Code Root Migration: 0.0 ms]
   [Clear CT: 0.8 ms]
   [Other: 2.9 ms]
      [Choose CSet: 0.0 ms]
      [Ref Proc: 0.9 ms]
      [Ref Enq: 0.0 ms]
      [Free CSet: 0.1 ms]
   [Eden: 16.0M(1056.0M)->0.0B(1104.0M) Survivors: 160.0M->112.0M Heap: 13.0G(24.0G)->13.2G(24.0G)]
 [Times: user=1.88 sys=0.00, real=0.15 secs] 
2014-04-09T13:57:15.725+0900: 230.664: [GC concurrent-root-region-scan-start]
2014-04-09T13:57:15.726+0900: 230.665: [GC concurrent-root-region-scan-end, 0.0008005 secs]
2014-04-09T13:57:15.726+0900: 230.665: [GC concurrent-mark-start]
2014-04-09T13:57:16.956+0900: 231.896: [GC pause (G1 Evacuation Pause) (young), 0.0631778 secs]
   [Parallel Time: 55.7 ms, GC Workers: 13]
      [GC Worker Start (ms): Min: 231895.9, Avg: 231896.1, Max: 231896.4, Diff: 0.4]
      [Ext Root Scanning (ms): Min: 0.6, Avg: 0.8, Max: 1.5, Diff: 1.0, Sum: 10.7]
      [SATB Filtering (ms): Min: 0.0, Avg: 0.0, Max: 0.3, Diff: 0.3, Sum: 0.3]
      [Update RS (ms): Min: 0.3, Avg: 1.2, Max: 1.8, Diff: 1.5, Sum: 15.7]
         [Processed Buffers: Min: 0, Avg: 4.8, Max: 17, Diff: 17, Sum: 63]
      [Scan RS (ms): Min: 7.7, Avg: 8.4, Max: 8.8, Diff: 1.1, Sum: 109.2]
      [Code Root Scanning (ms): Min: 0.0, Avg: 0.0, Max: 0.0, Diff: 0.0, Sum: 0.0]
      [Object Copy (ms): Min: 43.9, Avg: 44.2, Max: 44.4, Diff: 0.5, Sum: 574.1]
      [Termination (ms): Min: 0.0, Avg: 0.1, Max: 0.1, Diff: 0.1, Sum: 1.4]
      [GC Worker Other (ms): Min: 0.0, Avg: 0.0, Max: 0.1, Diff: 0.1, Sum: 0.5]
      [GC Worker Total (ms): Min: 54.5, Avg: 54.8, Max: 55.0, Diff: 0.5, Sum: 712.0]
      [GC Worker End (ms): Min: 231950.9, Avg: 231950.9, Max: 231951.0, Diff: 0.1]
   [Code Root Fixup: 0.3 ms]
   [Code Root Migration: 0.0 ms]
   [Clear CT: 3.4 ms]
   [Other: 3.8 ms]
      [Choose CSet: 0.0 ms]
      [Ref Proc: 1.0 ms]
      [Ref Enq: 0.0 ms]
      [Free CSet: 0.9 ms]
   [Eden: 1104.0M(1104.0M)->0.0B(1056.0M) Survivors: 112.0M->160.0M Heap: 14.7G(24.0G)->13.8G(24.0G)]
 [Times: user=0.74 sys=0.01, real=0.06 secs] 
2014-04-09T13:57:17.400+0900: 232.339: [GC concurrent-mark-end, 1.6743389 secs]
2014-04-09T13:57:17.401+0900: 232.341: [GC remark 232.343: [GC ref-proc, 0.0041509 secs], 0.0333482 secs]
 [Times: user=0.30 sys=0.00, real=0.03 secs] 
2014-04-09T13:57:17.436+0900: 232.375: [GC cleanup 14G->12G(24G), 0.0289223 secs]
 [Times: user=0.35 sys=0.00, real=0.02 secs] 
2014-04-09T13:57:17.465+0900: 232.405: [GC concurrent-cleanup-start]
2014-04-09T13:57:17.467+0900: 232.407: [GC concurrent-cleanup-end, 0.0016946 secs]
2014-04-09T13:57:18.084+0900: 233.023: [GC pause (G1 Evacuation Pause) (young), 0.0816177 secs]
   [Parallel Time: 72.6 ms, GC Workers: 13]
      [GC Worker Start (ms): Min: 233023.4, Avg: 233023.6, Max: 233023.9, Diff: 0.5]
      [Ext Root Scanning (ms): Min: 0.5, Avg: 0.8, Max: 1.0, Diff: 0.5, Sum: 10.0]
      [Update RS (ms): Min: 2.3, Avg: 2.8, Max: 3.2, Diff: 0.9, Sum: 36.9]
         [Processed Buffers: Min: 1, Avg: 4.3, Max: 12, Diff: 11, Sum: 56]
      [Scan RS (ms): Min: 15.7, Avg: 16.1, Max: 16.3, Diff: 0.7, Sum: 208.8]
      [Code Root Scanning (ms): Min: 0.0, Avg: 0.0, Max: 0.0, Diff: 0.0, Sum: 0.0]
      [Object Copy (ms): Min: 52.2, Avg: 52.3, Max: 52.4, Diff: 0.2, Sum: 679.4]
      [Termination (ms): Min: 0.0, Avg: 0.0, Max: 0.0, Diff: 0.0, Sum: 0.2]
      [GC Worker Other (ms): Min: 0.0, Avg: 0.0, Max: 0.1, Diff: 0.0, Sum: 0.4]
      [GC Worker Total (ms): Min: 71.7, Avg: 72.0, Max: 72.3, Diff: 0.5, Sum: 935.8]
      [GC Worker End (ms): Min: 233095.6, Avg: 233095.6, Max: 233095.6, Diff: 0.0]
   [Code Root Fixup: 0.2 ms]
   [Code Root Migration: 0.0 ms]
   [Clear CT: 4.2 ms]
   [Other: 4.6 ms]
      [Choose CSet: 0.0 ms]
      [Ref Proc: 1.0 ms]
      [Ref Enq: 0.0 ms]
      [Free CSet: 0.6 ms]
   [Eden: 1056.0M(1056.0M)->0.0B(1056.0M) Survivors: 160.0M->160.0M Heap: 13.4G(24.0G)->12.7G(24.0G)]
 [Times: user=0.98 sys=0.00, real=0.08 secs] 
2014-04-09T13:57:20.305+0900: 235.245: [GC pause (G1 Evacuation Pause) (mixed), 0.1259276 secs]
   [Parallel Time: 112.5 ms, GC Workers: 13]
      [GC Worker Start (ms): Min: 235245.2, Avg: 235245.6, Max: 235245.8, Diff: 0.6]
      [Ext Root Scanning (ms): Min: 0.5, Avg: 0.8, Max: 1.3, Diff: 0.8, Sum: 9.9]
      [Update RS (ms): Min: 3.9, Avg: 4.5, Max: 5.1, Diff: 1.2, Sum: 58.4]
         [Processed Buffers: Min: 10, Avg: 16.0, Max: 23, Diff: 13, Sum: 208]
      [Scan RS (ms): Min: 27.8, Avg: 28.4, Max: 29.1, Diff: 1.3, Sum: 369.5]
      [Code Root Scanning (ms): Min: 0.0, Avg: 0.0, Max: 0.0, Diff: 0.0, Sum: 0.0]
      [Object Copy (ms): Min: 77.0, Avg: 77.4, Max: 77.5, Diff: 0.6, Sum: 1006.0]
      [Termination (ms): Min: 0.0, Avg: 0.0, Max: 0.0, Diff: 0.0, Sum: 0.0]
      [GC Worker Other (ms): Min: 0.0, Avg: 0.0, Max: 0.1, Diff: 0.1, Sum: 0.6]
      [GC Worker Total (ms): Min: 110.9, Avg: 111.1, Max: 111.5, Diff: 0.6, Sum: 1444.3]
      [GC Worker End (ms): Min: 235356.7, Avg: 235356.7, Max: 235356.8, Diff: 0.1]
   [Code Root Fixup: 0.3 ms]
   [Code Root Migration: 0.0 ms]
   [Clear CT: 4.7 ms]
   [Other: 8.4 ms]
      [Choose CSet: 0.1 ms]
      [Ref Proc: 1.4 ms]
      [Ref Enq: 0.0 ms]
      [Free CSet: 1.7 ms]
   [Eden: 1056.0M(1056.0M)->0.0B(1056.0M) Survivors: 160.0M->160.0M Heap: 14.1G(24.0G)->12.9G(24.0G)]
 [Times: user=1.51 sys=0.00, real=0.13 secs] 
2014-04-09T13:57:20.525+0900: 235.465: [GC pause (G1 Humongous Allocation) (young) (initial-mark), 0.0462840 secs]
   [Parallel Time: 40.0 ms, GC Workers: 13]
      [GC Worker Start (ms): Min: 235465.2, Avg: 235465.6, Max: 235465.8, Diff: 0.6]
      [Ext Root Scanning (ms): Min: 0.4, Avg: 0.7, Max: 3.0, Diff: 2.7, Sum: 9.6]
      [Code Root Marking (ms): Min: 0.0, Avg: 0.8, Max: 6.8, Diff: 6.7, Sum: 9.8]
      [Update RS (ms): Min: 0.0, Avg: 3.8, Max: 6.7, Diff: 6.7, Sum: 49.0]
         [Processed Buffers: Min: 0, Avg: 1.7, Max: 5, Diff: 5, Sum: 22]
      [Scan RS (ms): Min: 2.7, Avg: 7.1, Max: 8.5, Diff: 5.8, Sum: 91.9]
      [Code Root Scanning (ms): Min: 0.0, Avg: 0.0, Max: 0.0, Diff: 0.0, Sum: 0.0]
      [Object Copy (ms): Min: 25.7, Avg: 26.1, Max: 27.5, Diff: 1.9, Sum: 339.5]
      [Termination (ms): Min: 0.0, Avg: 0.2, Max: 0.2, Diff: 0.2, Sum: 2.2]
      [GC Worker Other (ms): Min: 0.0, Avg: 0.0, Max: 0.1, Diff: 0.1, Sum: 0.5]
      [GC Worker Total (ms): Min: 38.4, Avg: 38.7, Max: 39.0, Diff: 0.6, Sum: 502.6]
      [GC Worker End (ms): Min: 235504.2, Avg: 235504.2, Max: 235504.3, Diff: 0.1]
   [Code Root Fixup: 0.3 ms]
   [Code Root Migration: 0.0 ms]
   [Clear CT: 2.9 ms]
   [Other: 3.1 ms]
      [Choose CSet: 0.0 ms]
      [Ref Proc: 1.2 ms]
      [Ref Enq: 0.0 ms]
      [Free CSet: 0.2 ms]
   [Eden: 64.0M(1056.0M)->0.0B(1152.0M) Survivors: 160.0M->64.0M Heap: 12.9G(24.0G)->13.0G(24.0G)]
 [Times: user=0.54 sys=0.00, real=0.05 secs] 
2014-04-09T13:57:20.572+0900: 235.511: [GC concurrent-root-region-scan-start]
2014-04-09T13:57:20.579+0900: 235.519: [GC concurrent-root-region-scan-end, 0.0074521 secs]
2014-04-09T13:57:20.579+0900: 235.519: [GC concurrent-mark-start]
2014-04-09T13:57:22.175+0900: 237.115: [GC concurrent-mark-end, 1.5959985 secs]
2014-04-09T13:57:22.177+0900: 237.116: [GC remark 237.118: [GC ref-proc, 0.0040776 secs], 0.0329901 secs]
 [Times: user=0.30 sys=0.00, real=0.03 secs] 
2014-04-09T13:57:22.211+0900: 237.151: [GC cleanup 14G->12G(24G), 0.0295710 secs]
 [Times: user=0.34 sys=0.01, real=0.03 secs] 
2014-04-09T13:57:22.241+0900: 237.181: [GC concurrent-cleanup-start]
2014-04-09T13:57:22.242+0900: 237.182: [GC concurrent-cleanup-end, 0.0010436 secs]
2014-04-09T13:57:23.430+0900: 238.369: [GC pause (G1 Evacuation Pause) (young), 0.0529625 secs]
   [Parallel Time: 44.3 ms, GC Workers: 13]
      [GC Worker Start (ms): Min: 238369.6, Avg: 238369.9, Max: 238370.2, Diff: 0.6]
      [Ext Root Scanning (ms): Min: 0.5, Avg: 0.8, Max: 1.0, Diff: 0.5, Sum: 9.9]
      [Update RS (ms): Min: 2.2, Avg: 4.0, Max: 4.9, Diff: 2.7, Sum: 51.8]
         [Processed Buffers: Min: 2, Avg: 4.7, Max: 11, Diff: 9, Sum: 61]
      [Scan RS (ms): Min: 8.3, Avg: 9.1, Max: 9.4, Diff: 1.1, Sum: 118.8]
      [Code Root Scanning (ms): Min: 0.0, Avg: 0.0, Max: 0.0, Diff: 0.0, Sum: 0.0]
      [Object Copy (ms): Min: 28.8, Avg: 29.0, Max: 30.5, Diff: 1.6, Sum: 377.2]
      [Termination (ms): Min: 0.0, Avg: 0.0, Max: 0.0, Diff: 0.0, Sum: 0.1]
      [GC Worker Other (ms): Min: 0.0, Avg: 0.1, Max: 0.2, Diff: 0.2, Sum: 0.7]
      [GC Worker Total (ms): Min: 42.7, Avg: 43.0, Max: 43.3, Diff: 0.6, Sum: 558.6]
      [GC Worker End (ms): Min: 238412.8, Avg: 238412.9, Max: 238413.0, Diff: 0.2]
   [Code Root Fixup: 0.2 ms]
   [Code Root Migration: 0.0 ms]
   [Clear CT: 4.4 ms]
   [Other: 4.1 ms]
      [Choose CSet: 0.0 ms]
      [Ref Proc: 1.7 ms]
      [Ref Enq: 0.0 ms]
      [Free CSet: 0.5 ms]
   [Eden: 1152.0M(1152.0M)->0.0B(1056.0M) Survivors: 64.0M->160.0M Heap: 13.2G(24.0G)->12.3G(24.0G)]
 [Times: user=0.60 sys=0.00, real=0.05 secs] 
2014-04-09T13:57:25.209+0900: 240.149: [GC pause (G1 Evacuation Pause) (mixed), 0.0794685 secs]
   [Parallel Time: 68.6 ms, GC Workers: 13]
      [GC Worker Start (ms): Min: 240149.3, Avg: 240149.6, Max: 240149.9, Diff: 0.6]
      [Ext Root Scanning (ms): Min: 0.4, Avg: 0.8, Max: 1.9, Diff: 1.4, Sum: 10.0]
      [Update RS (ms): Min: 2.9, Avg: 3.4, Max: 4.4, Diff: 1.4, Sum: 44.5]
         [Processed Buffers: Min: 1, Avg: 4.9, Max: 25, Diff: 24, Sum: 64]
      [Scan RS (ms): Min: 16.4, Avg: 17.3, Max: 17.8, Diff: 1.4, Sum: 224.8]
      [Code Root Scanning (ms): Min: 0.0, Avg: 0.0, Max: 0.0, Diff: 0.0, Sum: 0.0]
      [Object Copy (ms): Min: 45.3, Avg: 45.6, Max: 45.8, Diff: 0.5, Sum: 593.3]
      [Termination (ms): Min: 0.0, Avg: 0.0, Max: 0.0, Diff: 0.0, Sum: 0.0]
      [GC Worker Other (ms): Min: 0.0, Avg: 0.0, Max: 0.1, Diff: 0.1, Sum: 0.5]
      [GC Worker Total (ms): Min: 66.9, Avg: 67.2, Max: 67.5, Diff: 0.7, Sum: 873.3]
      [GC Worker End (ms): Min: 240216.8, Avg: 240216.8, Max: 240216.9, Diff: 0.1]
   [Code Root Fixup: 0.1 ms]
   [Code Root Migration: 0.0 ms]
   [Clear CT: 5.0 ms]
   [Other: 5.7 ms]
      [Choose CSet: 0.1 ms]
      [Ref Proc: 1.6 ms]
      [Ref Enq: 0.0 ms]
      [Free CSet: 0.8 ms]
   [Eden: 1056.0M(1056.0M)->0.0B(1072.0M) Survivors: 160.0M->144.0M Heap: 13.5G(24.0G)->12.4G(24.0G)]
 [Times: user=0.93 sys=0.00, real=0.08 secs] 
2014-04-09T13:57:37.699+0900: 252.638: [GC pause (G1 Evacuation Pause) (young), 0.0269469 secs]
   [Parallel Time: 21.5 ms, GC Workers: 13]
      [GC Worker Start (ms): Min: 252638.6, Avg: 252638.9, Max: 252639.2, Diff: 0.6]
      [Ext Root Scanning (ms): Min: 0.5, Avg: 0.8, Max: 1.5, Diff: 1.0, Sum: 10.7]
      [Update RS (ms): Min: 2.1, Avg: 2.4, Max: 3.3, Diff: 1.2, Sum: 31.1]
         [Processed Buffers: Min: 1, Avg: 4.9, Max: 11, Diff: 10, Sum: 64]
      [Scan RS (ms): Min: 3.2, Avg: 4.1, Max: 4.5, Diff: 1.3, Sum: 53.5]
      [Code Root Scanning (ms): Min: 0.0, Avg: 0.0, Max: 0.0, Diff: 0.0, Sum: 0.0]
      [Object Copy (ms): Min: 12.3, Avg: 12.4, Max: 12.6, Diff: 0.3, Sum: 161.0]
      [Termination (ms): Min: 0.0, Avg: 0.0, Max: 0.0, Diff: 0.0, Sum: 0.0]
      [GC Worker Other (ms): Min: 0.0, Avg: 0.1, Max: 0.2, Diff: 0.1, Sum: 0.7]
      [GC Worker Total (ms): Min: 19.4, Avg: 19.8, Max: 20.1, Diff: 0.6, Sum: 256.9]
      [GC Worker End (ms): Min: 252658.7, Avg: 252658.7, Max: 252658.8, Diff: 0.1]
   [Code Root Fixup: 0.2 ms]
   [Code Root Migration: 0.0 ms]
   [Clear CT: 3.3 ms]
   [Other: 2.0 ms]
      [Choose CSet: 0.0 ms]
      [Ref Proc: 0.7 ms]
      [Ref Enq: 0.0 ms]
      [Free CSet: 0.4 ms]
   [Eden: 1072.0M(1072.0M)->0.0B(1104.0M) Survivors: 144.0M->112.0M Heap: 13.4G(24.0G)->12.4G(24.0G)]
 [Times: user=0.29 sys=0.01, real=0.03 secs] 
2014-04-09T13:57:38.216+0900: 253.156: [GC pause (G1 Humongous Allocation) (young) (initial-mark), 0.0258481 secs]
   [Parallel Time: 20.0 ms, GC Workers: 13]
      [GC Worker Start (ms): Min: 253155.9, Avg: 253156.2, Max: 253156.5, Diff: 0.5]
      [Ext Root Scanning (ms): Min: 0.4, Avg: 0.8, Max: 2.9, Diff: 2.4, Sum: 9.9]
      [Code Root Marking (ms): Min: 0.0, Avg: 0.7, Max: 6.4, Diff: 6.4, Sum: 9.5]
      [Update RS (ms): Min: 0.0, Avg: 3.3, Max: 5.5, Diff: 5.5, Sum: 43.1]
         [Processed Buffers: Min: 0, Avg: 3.3, Max: 9, Diff: 9, Sum: 43]
      [Scan RS (ms): Min: 0.0, Avg: 2.9, Max: 4.1, Diff: 4.1, Sum: 38.3]
      [Code Root Scanning (ms): Min: 0.0, Avg: 0.0, Max: 0.0, Diff: 0.0, Sum: 0.0]
      [Object Copy (ms): Min: 10.8, Avg: 11.0, Max: 12.5, Diff: 1.8, Sum: 142.8]
      [Termination (ms): Min: 0.0, Avg: 0.0, Max: 0.0, Diff: 0.0, Sum: 0.0]
      [GC Worker Other (ms): Min: 0.0, Avg: 0.0, Max: 0.1, Diff: 0.1, Sum: 0.5]
      [GC Worker Total (ms): Min: 18.5, Avg: 18.8, Max: 19.1, Diff: 0.6, Sum: 244.2]
      [GC Worker End (ms): Min: 253175.0, Avg: 253175.0, Max: 253175.0, Diff: 0.1]
   [Code Root Fixup: 0.3 ms]
   [Code Root Migration: 0.0 ms]
   [Clear CT: 3.0 ms]
   [Other: 2.5 ms]
      [Choose CSet: 0.0 ms]
      [Ref Proc: 1.2 ms]
      [Ref Enq: 0.0 ms]
      [Free CSet: 0.3 ms]
   [Eden: 752.0M(1104.0M)->0.0B(1072.0M) Survivors: 112.0M->144.0M Heap: 13.1G(24.0G)->12.4G(24.0G)]
 [Times: user=0.28 sys=0.00, real=0.03 secs] 
2014-04-09T13:57:38.242+0900: 253.182: [GC concurrent-root-region-scan-start]
2014-04-09T13:57:38.254+0900: 253.194: [GC concurrent-root-region-scan-end, 0.0120242 secs]
2014-04-09T13:57:38.254+0900: 253.194: [GC concurrent-mark-start]
2014-04-09T13:57:39.362+0900: 254.302: [GC pause (G1 Evacuation Pause) (young), 0.0599637 secs]
   [Parallel Time: 51.8 ms, GC Workers: 13]
      [GC Worker Start (ms): Min: 254301.9, Avg: 254302.1, Max: 254302.3, Diff: 0.4]
      [Ext Root Scanning (ms): Min: 0.4, Avg: 0.7, Max: 1.3, Diff: 0.9, Sum: 8.8]
      [SATB Filtering (ms): Min: 0.0, Avg: 0.0, Max: 0.2, Diff: 0.2, Sum: 0.2]
      [Update RS (ms): Min: 1.3, Avg: 1.9, Max: 4.4, Diff: 3.0, Sum: 24.4]
         [Processed Buffers: Min: 2, Avg: 5.6, Max: 12, Diff: 10, Sum: 73]
      [Scan RS (ms): Min: 5.3, Avg: 7.8, Max: 8.5, Diff: 3.2, Sum: 101.8]
      [Code Root Scanning (ms): Min: 0.0, Avg: 0.0, Max: 0.0, Diff: 0.0, Sum: 0.0]
      [Object Copy (ms): Min: 40.1, Avg: 40.3, Max: 40.5, Diff: 0.5, Sum: 523.9]
      [Termination (ms): Min: 0.0, Avg: 0.0, Max: 0.1, Diff: 0.1, Sum: 0.5]
      [GC Worker Other (ms): Min: 0.0, Avg: 0.0, Max: 0.0, Diff: 0.0, Sum: 0.3]
      [GC Worker Total (ms): Min: 50.6, Avg: 50.8, Max: 51.0, Diff: 0.4, Sum: 659.9]
      [GC Worker End (ms): Min: 254352.9, Avg: 254352.9, Max: 254352.9, Diff: 0.0]
   [Code Root Fixup: 0.3 ms]
   [Code Root Migration: 0.0 ms]
   [Clear CT: 3.8 ms]
   [Other: 4.0 ms]
      [Choose CSet: 0.0 ms]
      [Ref Proc: 1.3 ms]
      [Ref Enq: 0.0 ms]
      [Free CSet: 0.8 ms]
   [Eden: 1072.0M(1072.0M)->0.0B(1056.0M) Survivors: 144.0M->160.0M Heap: 13.9G(24.0G)->13.1G(24.0G)]
 [Times: user=0.71 sys=0.00, real=0.06 secs] 
2014-04-09T13:57:39.659+0900: 254.598: [GC concurrent-mark-end, 1.4045783 secs]
2014-04-09T13:57:39.660+0900: 254.600: [GC remark 254.601: [GC ref-proc, 0.0032674 secs], 0.0236760 secs]
 [Times: user=0.21 sys=0.00, real=0.02 secs] 
2014-04-09T13:57:39.685+0900: 254.625: [GC cleanup 13G->12G(24G), 0.0256500 secs]
 [Times: user=0.30 sys=0.00, real=0.03 secs] 
2014-04-09T13:57:39.711+0900: 254.651: [GC concurrent-cleanup-start]
2014-04-09T13:57:39.712+0900: 254.651: [GC concurrent-cleanup-end, 0.0004868 secs]
2014-04-09T13:57:40.568+0900: 255.508: [GC pause (G1 Evacuation Pause) (young), 0.0710796 secs]
   [Parallel Time: 61.6 ms, GC Workers: 13]
      [GC Worker Start (ms): Min: 255508.0, Avg: 255508.3, Max: 255508.5, Diff: 0.5]
      [Ext Root Scanning (ms): Min: 0.5, Avg: 0.7, Max: 1.3, Diff: 0.8, Sum: 9.2]
      [Update RS (ms): Min: 0.6, Avg: 1.3, Max: 3.2, Diff: 2.7, Sum: 17.1]
         [Processed Buffers: Min: 2, Avg: 4.5, Max: 8, Diff: 6, Sum: 58]
      [Scan RS (ms): Min: 10.6, Avg: 12.5, Max: 13.0, Diff: 2.5, Sum: 162.5]
      [Code Root Scanning (ms): Min: 0.0, Avg: 0.0, Max: 0.0, Diff: 0.0, Sum: 0.0]
      [Object Copy (ms): Min: 46.0, Avg: 46.2, Max: 46.3, Diff: 0.3, Sum: 600.6]
      [Termination (ms): Min: 0.0, Avg: 0.0, Max: 0.0, Diff: 0.0, Sum: 0.0]
      [GC Worker Other (ms): Min: 0.0, Avg: 0.0, Max: 0.1, Diff: 0.1, Sum: 0.5]
      [GC Worker Total (ms): Min: 60.5, Avg: 60.8, Max: 61.0, Diff: 0.5, Sum: 790.0]
      [GC Worker End (ms): Min: 255569.0, Avg: 255569.0, Max: 255569.1, Diff: 0.1]
   [Code Root Fixup: 0.2 ms]
   [Code Root Migration: 0.0 ms]
   [Clear CT: 4.6 ms]
   [Other: 4.6 ms]
      [Choose CSet: 0.0 ms]
      [Ref Proc: 1.1 ms]
      [Ref Enq: 0.0 ms]
      [Free CSet: 0.9 ms]
   [Eden: 1056.0M(1056.0M)->0.0B(1056.0M) Survivors: 160.0M->160.0M Heap: 14.0G(24.0G)->13.2G(24.0G)]
 [Times: user=0.84 sys=0.00, real=0.08 secs] 
2014-04-09T13:57:43.267+0900: 258.207: [GC pause (G1 Evacuation Pause) (mixed), 0.1574580 secs]
   [Parallel Time: 143.4 ms, GC Workers: 13]
      [GC Worker Start (ms): Min: 258207.4, Avg: 258207.7, Max: 258208.0, Diff: 0.5]
      [Ext Root Scanning (ms): Min: 0.5, Avg: 0.7, Max: 1.1, Diff: 0.6, Sum: 9.3]
      [Update RS (ms): Min: 2.2, Avg: 2.8, Max: 3.4, Diff: 1.2, Sum: 36.9]
         [Processed Buffers: Min: 1, Avg: 5.3, Max: 13, Diff: 12, Sum: 69]
      [Scan RS (ms): Min: 42.4, Avg: 43.0, Max: 43.3, Diff: 0.9, Sum: 558.8]
      [Code Root Scanning (ms): Min: 0.0, Avg: 0.0, Max: 0.0, Diff: 0.0, Sum: 0.1]
      [Object Copy (ms): Min: 95.3, Avg: 95.5, Max: 95.7, Diff: 0.4, Sum: 1241.8]
      [Termination (ms): Min: 0.0, Avg: 0.0, Max: 0.0, Diff: 0.0, Sum: 0.0]
      [GC Worker Other (ms): Min: 0.0, Avg: 0.0, Max: 0.2, Diff: 0.2, Sum: 0.6]
      [GC Worker Total (ms): Min: 141.8, Avg: 142.1, Max: 142.4, Diff: 0.6, Sum: 1847.5]
      [GC Worker End (ms): Min: 258349.8, Avg: 258349.8, Max: 258350.0, Diff: 0.2]
   [Code Root Fixup: 0.2 ms]
   [Code Root Migration: 0.0 ms]
   [Clear CT: 5.2 ms]
   [Other: 8.6 ms]
      [Choose CSet: 0.5 ms]
      [Ref Proc: 0.7 ms]
      [Ref Enq: 0.0 ms]
      [Free CSet: 1.8 ms]
   [Eden: 1056.0M(1056.0M)->0.0B(1056.0M) Survivors: 160.0M->160.0M Heap: 14.6G(24.0G)->13.1G(24.0G)]
 [Times: user=1.91 sys=0.00, real=0.16 secs] 
2014-04-09T13:57:45.975+0900: 260.915: [GC pause (G1 Evacuation Pause) (mixed), 0.1990405 secs]
   [Parallel Time: 182.5 ms, GC Workers: 13]
      [GC Worker Start (ms): Min: 260915.6, Avg: 260915.9, Max: 260916.1, Diff: 0.5]
      [Ext Root Scanning (ms): Min: 0.5, Avg: 0.8, Max: 1.8, Diff: 1.3, Sum: 9.9]
      [Update RS (ms): Min: 0.4, Avg: 1.3, Max: 1.7, Diff: 1.3, Sum: 16.3]
         [Processed Buffers: Min: 2, Avg: 5.1, Max: 9, Diff: 7, Sum: 66]
      [Scan RS (ms): Min: 50.6, Avg: 50.9, Max: 51.3, Diff: 0.8, Sum: 661.7]
      [Code Root Scanning (ms): Min: 0.0, Avg: 0.0, Max: 0.0, Diff: 0.0, Sum: 0.1]
      [Object Copy (ms): Min: 127.9, Avg: 128.3, Max: 128.4, Diff: 0.5, Sum: 1668.0]
      [Termination (ms): Min: 0.0, Avg: 0.0, Max: 0.0, Diff: 0.0, Sum: 0.0]
      [GC Worker Other (ms): Min: 0.0, Avg: 0.0, Max: 0.1, Diff: 0.1, Sum: 0.5]
      [GC Worker Total (ms): Min: 181.0, Avg: 181.3, Max: 181.6, Diff: 0.6, Sum: 2356.5]
      [GC Worker End (ms): Min: 261097.1, Avg: 261097.2, Max: 261097.2, Diff: 0.1]
   [Code Root Fixup: 0.2 ms]
   [Code Root Migration: 0.1 ms]
   [Clear CT: 5.5 ms]
   [Other: 10.7 ms]
      [Choose CSet: 0.7 ms]
      [Ref Proc: 1.0 ms]
      [Ref Enq: 0.0 ms]
      [Free CSet: 2.5 ms]
   [Eden: 1056.0M(1056.0M)->0.0B(1056.0M) Survivors: 160.0M->160.0M Heap: 14.6G(24.0G)->13.1G(24.0G)]
 [Times: user=2.43 sys=0.00, real=0.20 secs] 
2014-04-09T13:57:47.300+0900: 262.239: [GC pause (G1 Evacuation Pause) (mixed), 0.1999966 secs]
   [Parallel Time: 182.9 ms, GC Workers: 13]
      [GC Worker Start (ms): Min: 262240.3, Avg: 262240.5, Max: 262240.8, Diff: 0.5]
      [Ext Root Scanning (ms): Min: 0.5, Avg: 0.8, Max: 1.7, Diff: 1.1, Sum: 10.7]
      [Update RS (ms): Min: 1.5, Avg: 2.4, Max: 3.4, Diff: 1.8, Sum: 31.8]
         [Processed Buffers: Min: 2, Avg: 5.9, Max: 17, Diff: 15, Sum: 77]
      [Scan RS (ms): Min: 56.4, Avg: 57.3, Max: 57.7, Diff: 1.3, Sum: 744.4]
      [Code Root Scanning (ms): Min: 0.0, Avg: 0.0, Max: 0.1, Diff: 0.0, Sum: 0.1]
      [Object Copy (ms): Min: 120.8, Avg: 121.1, Max: 121.2, Diff: 0.4, Sum: 1574.2]
      [Termination (ms): Min: 0.0, Avg: 0.0, Max: 0.0, Diff: 0.0, Sum: 0.0]
      [GC Worker Other (ms): Min: 0.0, Avg: 0.0, Max: 0.1, Diff: 0.1, Sum: 0.4]
      [GC Worker Total (ms): Min: 181.5, Avg: 181.7, Max: 181.9, Diff: 0.4, Sum: 2361.7]
      [GC Worker End (ms): Min: 262422.2, Avg: 262422.2, Max: 262422.3, Diff: 0.1]
   [Code Root Fixup: 0.4 ms]
   [Code Root Migration: 0.2 ms]
   [Clear CT: 4.9 ms]
   [Other: 11.6 ms]
      [Choose CSet: 0.9 ms]
      [Ref Proc: 0.9 ms]
      [Ref Enq: 0.0 ms]
      [Free CSet: 2.7 ms]
   [Eden: 1056.0M(1056.0M)->0.0B(1056.0M) Survivors: 160.0M->160.0M Heap: 14.6G(24.0G)->13.2G(24.0G)]
 [Times: user=2.43 sys=0.00, real=0.20 secs] 
2014-04-09T13:57:48.773+0900: 263.712: [GC pause (G1 Evacuation Pause) (mixed), 0.1385456 secs]
   [Parallel Time: 124.4 ms, GC Workers: 13]
      [GC Worker Start (ms): Min: 263713.1, Avg: 263713.4, Max: 263713.6, Diff: 0.6]
      [Ext Root Scanning (ms): Min: 0.4, Avg: 0.7, Max: 1.1, Diff: 0.7, Sum: 9.3]
      [Update RS (ms): Min: 5.3, Avg: 5.7, Max: 6.0, Diff: 0.7, Sum: 74.3]
         [Processed Buffers: Min: 7, Avg: 10.5, Max: 14, Diff: 7, Sum: 136]
      [Scan RS (ms): Min: 33.6, Avg: 33.9, Max: 34.1, Diff: 0.5, Sum: 441.1]
      [Code Root Scanning (ms): Min: 0.0, Avg: 0.0, Max: 0.0, Diff: 0.0, Sum: 0.1]
      [Object Copy (ms): Min: 82.4, Avg: 82.5, Max: 82.6, Diff: 0.3, Sum: 1072.4]
      [Termination (ms): Min: 0.0, Avg: 0.0, Max: 0.0, Diff: 0.0, Sum: 0.0]
      [GC Worker Other (ms): Min: 0.0, Avg: 0.1, Max: 0.2, Diff: 0.1, Sum: 0.7]
      [GC Worker Total (ms): Min: 122.6, Avg: 122.9, Max: 123.2, Diff: 0.6, Sum: 1597.9]
      [GC Worker End (ms): Min: 263836.3, Avg: 263836.3, Max: 263836.4, Diff: 0.2]
   [Code Root Fixup: 0.3 ms]
   [Code Root Migration: 0.0 ms]
   [Clear CT: 5.7 ms]
   [Other: 8.1 ms]
      [Choose CSet: 0.3 ms]
      [Ref Proc: 1.2 ms]
      [Ref Enq: 0.0 ms]
      [Free CSet: 1.2 ms]
   [Eden: 1056.0M(1056.0M)->0.0B(1056.0M) Survivors: 160.0M->160.0M Heap: 14.6G(24.0G)->13.6G(24.0G)]
 [Times: user=1.66 sys=0.00, real=0.14 secs] 
2014-04-09T13:57:48.948+0900: 263.888: [GC pause (G1 Humongous Allocation) (young) (initial-mark), 0.0745419 secs]
   [Parallel Time: 69.9 ms, GC Workers: 13]
      [GC Worker Start (ms): Min: 263888.1, Avg: 263888.3, Max: 263888.5, Diff: 0.4]
      [Ext Root Scanning (ms): Min: 0.4, Avg: 0.7, Max: 3.3, Diff: 2.9, Sum: 9.5]
      [Code Root Marking (ms): Min: 0.0, Avg: 0.8, Max: 6.9, Diff: 6.9, Sum: 10.0]
      [Update RS (ms): Min: 36.5, Avg: 43.4, Max: 47.2, Diff: 10.7, Sum: 564.1]
         [Processed Buffers: Min: 24, Avg: 29.0, Max: 38, Diff: 14, Sum: 377]
      [Scan RS (ms): Min: 0.0, Avg: 0.2, Max: 0.6, Diff: 0.6, Sum: 2.7]
      [Code Root Scanning (ms): Min: 0.0, Avg: 0.0, Max: 0.0, Diff: 0.0, Sum: 0.0]
      [Object Copy (ms): Min: 19.2, Avg: 23.5, Max: 25.0, Diff: 5.8, Sum: 305.8]
      [Termination (ms): Min: 0.0, Avg: 0.0, Max: 0.0, Diff: 0.0, Sum: 0.1]
      [GC Worker Other (ms): Min: 0.0, Avg: 0.0, Max: 0.0, Diff: 0.0, Sum: 0.3]
      [GC Worker Total (ms): Min: 68.4, Avg: 68.7, Max: 68.9, Diff: 0.5, Sum: 892.6]
      [GC Worker End (ms): Min: 263956.9, Avg: 263956.9, Max: 263957.0, Diff: 0.0]
   [Code Root Fixup: 0.3 ms]
   [Code Root Migration: 0.0 ms]
   [Clear CT: 1.1 ms]
   [Other: 3.4 ms]
      [Choose CSet: 0.0 ms]
      [Ref Proc: 1.0 ms]
      [Ref Enq: 0.0 ms]
      [Free CSet: 0.1 ms]
   [Eden: 16.0M(1056.0M)->0.0B(1136.0M) Survivors: 160.0M->80.0M Heap: 13.6G(24.0G)->13.7G(24.0G)]
 [Times: user=0.90 sys=0.00, real=0.08 secs] 
2014-04-09T13:57:49.023+0900: 263.963: [GC concurrent-root-region-scan-start]
2014-04-09T13:57:49.028+0900: 263.967: [GC concurrent-root-region-scan-end, 0.0044843 secs]
2014-04-09T13:57:49.028+0900: 263.967: [GC concurrent-mark-start]
2014-04-09T13:57:50.514+0900: 265.454: [GC concurrent-mark-end, 1.4865089 secs]
2014-04-09T13:57:50.515+0900: 265.455: [GC remark 265.456: [GC ref-proc, 0.0030566 secs], 0.0253758 secs]
 [Times: user=0.23 sys=0.00, real=0.03 secs] 
2014-04-09T13:57:50.542+0900: 265.482: [GC cleanup 15G->12G(24G), 0.0238284 secs]
 [Times: user=0.27 sys=0.00, real=0.02 secs] 
2014-04-09T13:57:50.567+0900: 265.506: [GC concurrent-cleanup-start]
2014-04-09T13:57:50.569+0900: 265.508: [GC concurrent-cleanup-end, 0.0019600 secs]
2014-04-09T13:57:50.672+0900: 265.612: [GC pause (G1 Evacuation Pause) (young), 0.0552128 secs]
   [Parallel Time: 48.4 ms, GC Workers: 13]
      [GC Worker Start (ms): Min: 265612.0, Avg: 265612.4, Max: 265612.6, Diff: 0.6]
      [Ext Root Scanning (ms): Min: 0.4, Avg: 0.6, Max: 1.3, Diff: 0.9, Sum: 8.4]
      [Update RS (ms): Min: 2.0, Avg: 2.2, Max: 2.4, Diff: 0.4, Sum: 28.9]
         [Processed Buffers: Min: 6, Avg: 10.2, Max: 14, Diff: 8, Sum: 132]
      [Scan RS (ms): Min: 5.9, Avg: 6.1, Max: 6.2, Diff: 0.3, Sum: 79.3]
      [Code Root Scanning (ms): Min: 0.0, Avg: 0.0, Max: 0.0, Diff: 0.0, Sum: 0.0]
      [Object Copy (ms): Min: 38.4, Avg: 38.5, Max: 38.5, Diff: 0.2, Sum: 500.0]
      [Termination (ms): Min: 0.0, Avg: 0.0, Max: 0.0, Diff: 0.0, Sum: 0.0]
      [GC Worker Other (ms): Min: 0.0, Avg: 0.0, Max: 0.1, Diff: 0.1, Sum: 0.5]
      [GC Worker Total (ms): Min: 47.2, Avg: 47.5, Max: 47.8, Diff: 0.6, Sum: 617.1]
      [GC Worker End (ms): Min: 265659.8, Avg: 265659.8, Max: 265659.9, Diff: 0.1]
   [Code Root Fixup: 0.2 ms]
   [Code Root Migration: 0.0 ms]
   [Clear CT: 3.2 ms]
   [Other: 3.5 ms]
      [Choose CSet: 0.0 ms]
      [Ref Proc: 1.0 ms]
      [Ref Enq: 0.0 ms]
      [Free CSet: 0.5 ms]
   [Eden: 1136.0M(1136.0M)->0.0B(1056.0M) Survivors: 80.0M->160.0M Heap: 12.9G(24.0G)->12.0G(24.0G)]
 [Times: user=0.65 sys=0.00, real=0.05 secs] 
2014-04-09T13:57:53.059+0900: 267.998: [GC pause (G1 Evacuation Pause) (mixed), 0.1378287 secs]
   [Parallel Time: 125.3 ms, GC Workers: 13]
      [GC Worker Start (ms): Min: 267998.8, Avg: 267999.0, Max: 267999.2, Diff: 0.4]
      [Ext Root Scanning (ms): Min: 0.6, Avg: 0.8, Max: 1.2, Diff: 0.7, Sum: 10.1]
      [Update RS (ms): Min: 1.1, Avg: 1.5, Max: 2.1, Diff: 1.1, Sum: 19.8]
         [Processed Buffers: Min: 1, Avg: 5.5, Max: 12, Diff: 11, Sum: 72]
      [Scan RS (ms): Min: 29.6, Avg: 30.3, Max: 30.9, Diff: 1.3, Sum: 393.5]
      [Code Root Scanning (ms): Min: 0.0, Avg: 0.0, Max: 0.0, Diff: 0.0, Sum: 0.0]
      [Object Copy (ms): Min: 91.4, Avg: 91.9, Max: 92.2, Diff: 0.8, Sum: 1194.2]
      [Termination (ms): Min: 0.0, Avg: 0.0, Max: 0.0, Diff: 0.0, Sum: 0.0]
      [GC Worker Other (ms): Min: 0.0, Avg: 0.0, Max: 0.1, Diff: 0.1, Sum: 0.5]
      [GC Worker Total (ms): Min: 124.2, Avg: 124.5, Max: 124.7, Diff: 0.5, Sum: 1618.1]
      [GC Worker End (ms): Min: 268123.5, Avg: 268123.5, Max: 268123.5, Diff: 0.1]
   [Code Root Fixup: 0.3 ms]
   [Code Root Migration: 0.0 ms]
   [Clear CT: 4.7 ms]
   [Other: 7.6 ms]
      [Choose CSet: 0.2 ms]
      [Ref Proc: 0.5 ms]
      [Ref Enq: 0.0 ms]
      [Free CSet: 1.7 ms]
   [Eden: 1056.0M(1056.0M)->0.0B(1056.0M) Survivors: 160.0M->160.0M Heap: 13.5G(24.0G)->12.2G(24.0G)]
 [Times: user=1.68 sys=0.00, real=0.14 secs] 
2014-04-09T13:57:53.228+0900: 268.168: [GC pause (G1 Humongous Allocation) (young) (initial-mark), 0.0791480 secs]
   [Parallel Time: 75.7 ms, GC Workers: 13]
      [GC Worker Start (ms): Min: 268168.0, Avg: 268168.2, Max: 268168.4, Diff: 0.4]
      [Ext Root Scanning (ms): Min: 0.5, Avg: 0.8, Max: 3.2, Diff: 2.7, Sum: 10.9]
      [Code Root Marking (ms): Min: 0.0, Avg: 0.6, Max: 4.5, Diff: 4.5, Sum: 7.5]
      [Update RS (ms): Min: 43.8, Avg: 48.3, Max: 51.6, Diff: 7.7, Sum: 628.2]
         [Processed Buffers: Min: 24, Avg: 32.3, Max: 44, Diff: 20, Sum: 420]
      [Scan RS (ms): Min: 0.0, Avg: 0.4, Max: 1.1, Diff: 1.1, Sum: 5.8]
      [Code Root Scanning (ms): Min: 0.0, Avg: 0.0, Max: 0.0, Diff: 0.0, Sum: 0.0]
      [Object Copy (ms): Min: 22.8, Avg: 25.0, Max: 27.0, Diff: 4.2, Sum: 325.6]
      [Termination (ms): Min: 0.0, Avg: 0.0, Max: 0.0, Diff: 0.0, Sum: 0.0]
      [GC Worker Other (ms): Min: 0.0, Avg: 0.0, Max: 0.0, Diff: 0.0, Sum: 0.3]
      [GC Worker Total (ms): Min: 75.1, Avg: 75.3, Max: 75.5, Diff: 0.4, Sum: 978.4]
      [GC Worker End (ms): Min: 268243.5, Avg: 268243.5, Max: 268243.5, Diff: 0.0]
   [Code Root Fixup: 0.2 ms]
   [Code Root Migration: 0.0 ms]
   [Clear CT: 0.5 ms]
   [Other: 2.7 ms]
      [Choose CSet: 0.0 ms]
      [Ref Proc: 0.5 ms]
      [Ref Enq: 0.0 ms]
      [Free CSet: 0.1 ms]
   [Eden: 32.0M(1056.0M)->0.0B(1120.0M) Survivors: 160.0M->96.0M Heap: 12.3G(24.0G)->12.4G(24.0G)]
 [Times: user=0.98 sys=0.00, real=0.08 secs] 
2014-04-09T13:57:53.308+0900: 268.247: [GC concurrent-root-region-scan-start]
2014-04-09T13:57:53.308+0900: 268.247: [GC concurrent-root-region-scan-end, 0.0001569 secs]
2014-04-09T13:57:53.308+0900: 268.247: [GC concurrent-mark-start]
2014-04-09T13:57:54.672+0900: 269.611: [GC concurrent-mark-end, 1.3638217 secs]
2014-04-09T13:57:54.673+0900: 269.612: [GC remark 269.613: [GC ref-proc, 0.0031114 secs], 0.0269150 secs]
 [Times: user=0.23 sys=0.00, real=0.02 secs] 
2014-04-09T13:57:54.701+0900: 269.641: [GC cleanup 12G->11G(24G), 0.0225379 secs]
 [Times: user=0.26 sys=0.00, real=0.03 secs] 
2014-04-09T13:57:54.724+0900: 269.664: [GC concurrent-cleanup-start]
2014-04-09T13:57:54.725+0900: 269.665: [GC concurrent-cleanup-end, 0.0010088 secs]
2014-04-09T13:57:56.608+0900: 271.547: [GC pause (G1 Evacuation Pause) (young), 0.0576135 secs]
   [Parallel Time: 50.9 ms, GC Workers: 13]
      [GC Worker Start (ms): Min: 271547.3, Avg: 271547.6, Max: 271547.8, Diff: 0.5]
      [Ext Root Scanning (ms): Min: 0.5, Avg: 0.8, Max: 1.3, Diff: 0.8, Sum: 9.8]
      [Update RS (ms): Min: 0.6, Avg: 1.3, Max: 1.5, Diff: 0.9, Sum: 16.5]
         [Processed Buffers: Min: 2, Avg: 5.2, Max: 11, Diff: 9, Sum: 67]
      [Scan RS (ms): Min: 8.0, Avg: 8.2, Max: 8.5, Diff: 0.5, Sum: 106.0]
      [Code Root Scanning (ms): Min: 0.0, Avg: 0.0, Max: 0.0, Diff: 0.0, Sum: 0.0]
      [Object Copy (ms): Min: 39.4, Avg: 39.7, Max: 39.9, Diff: 0.5, Sum: 516.0]
      [Termination (ms): Min: 0.0, Avg: 0.0, Max: 0.0, Diff: 0.0, Sum: 0.0]
      [GC Worker Other (ms): Min: 0.0, Avg: 0.1, Max: 0.2, Diff: 0.2, Sum: 0.7]
      [GC Worker Total (ms): Min: 49.7, Avg: 49.9, Max: 50.2, Diff: 0.5, Sum: 649.2]
      [GC Worker End (ms): Min: 271597.5, Avg: 271597.5, Max: 271597.6, Diff: 0.2]
   [Code Root Fixup: 0.2 ms]
   [Code Root Migration: 0.0 ms]
   [Clear CT: 3.2 ms]
   [Other: 3.3 ms]
      [Choose CSet: 0.0 ms]
      [Ref Proc: 1.1 ms]
      [Ref Enq: 0.0 ms]
      [Free CSet: 0.5 ms]
   [Eden: 1120.0M(1120.0M)->0.0B(1056.0M) Survivors: 96.0M->160.0M Heap: 13.0G(24.0G)->12.1G(24.0G)]
 [Times: user=0.68 sys=0.00, real=0.06 secs] 
2014-04-09T13:58:01.053+0900: 275.992: [GC pause (G1 Evacuation Pause) (mixed), 0.0966825 secs]
   [Parallel Time: 86.4 ms, GC Workers: 13]
      [GC Worker Start (ms): Min: 275992.4, Avg: 275992.6, Max: 275992.9, Diff: 0.5]
      [Ext Root Scanning (ms): Min: 0.5, Avg: 0.8, Max: 1.6, Diff: 1.1, Sum: 10.1]
      [Update RS (ms): Min: 0.3, Avg: 1.2, Max: 1.3, Diff: 1.0, Sum: 15.0]
         [Processed Buffers: Min: 2, Avg: 4.8, Max: 9, Diff: 7, Sum: 63]
      [Scan RS (ms): Min: 18.6, Avg: 18.8, Max: 19.2, Diff: 0.6, Sum: 243.8]
      [Code Root Scanning (ms): Min: 0.0, Avg: 0.0, Max: 0.0, Diff: 0.0, Sum: 0.0]
      [Object Copy (ms): Min: 64.0, Avg: 64.4, Max: 64.5, Diff: 0.5, Sum: 836.9]
      [Termination (ms): Min: 0.0, Avg: 0.0, Max: 0.0, Diff: 0.0, Sum: 0.0]
      [GC Worker Other (ms): Min: 0.0, Avg: 0.1, Max: 0.1, Diff: 0.1, Sum: 0.7]
      [GC Worker Total (ms): Min: 84.9, Avg: 85.1, Max: 85.4, Diff: 0.5, Sum: 1106.6]
      [GC Worker End (ms): Min: 276077.7, Avg: 276077.8, Max: 276077.8, Diff: 0.1]
   [Code Root Fixup: 0.2 ms]
   [Code Root Migration: 0.0 ms]
   [Clear CT: 4.6 ms]
   [Other: 5.5 ms]
      [Choose CSet: 0.1 ms]
      [Ref Proc: 1.1 ms]
      [Ref Enq: 0.0 ms]
      [Free CSet: 0.8 ms]
   [Eden: 1056.0M(1056.0M)->0.0B(1056.0M) Survivors: 160.0M->160.0M Heap: 13.5G(24.0G)->12.6G(24.0G)]
 [Times: user=1.16 sys=0.00, real=0.09 secs] 
2014-04-09T13:58:04.305+0900: 279.245: [GC pause (G1 Humongous Allocation) (young) (initial-mark), 0.0454734 secs]
   [Parallel Time: 39.0 ms, GC Workers: 13]
      [GC Worker Start (ms): Min: 279245.1, Avg: 279245.5, Max: 279245.8, Diff: 0.6]
      [Ext Root Scanning (ms): Min: 0.3, Avg: 0.7, Max: 2.9, Diff: 2.6, Sum: 8.9]
      [Code Root Marking (ms): Min: 0.0, Avg: 0.8, Max: 6.9, Diff: 6.8, Sum: 10.4]
      [Update RS (ms): Min: 0.0, Avg: 4.6, Max: 6.5, Diff: 6.5, Sum: 60.3]
         [Processed Buffers: Min: 0, Avg: 3.9, Max: 9, Diff: 9, Sum: 51]
      [Scan RS (ms): Min: 5.4, Avg: 6.8, Max: 7.4, Diff: 2.1, Sum: 88.6]
      [Code Root Scanning (ms): Min: 0.0, Avg: 0.0, Max: 0.0, Diff: 0.0, Sum: 0.0]
      [Object Copy (ms): Min: 24.4, Avg: 24.6, Max: 25.0, Diff: 0.7, Sum: 320.4]
      [Termination (ms): Min: 0.0, Avg: 0.0, Max: 0.0, Diff: 0.0, Sum: 0.0]
      [GC Worker Other (ms): Min: 0.0, Avg: 0.0, Max: 0.1, Diff: 0.1, Sum: 0.5]
      [GC Worker Total (ms): Min: 37.3, Avg: 37.6, Max: 38.0, Diff: 0.6, Sum: 489.1]
      [GC Worker End (ms): Min: 279283.1, Avg: 279283.1, Max: 279283.1, Diff: 0.1]
   [Code Root Fixup: 0.2 ms]
   [Code Root Migration: 0.0 ms]
   [Clear CT: 3.7 ms]
   [Other: 2.6 ms]
      [Choose CSet: 0.0 ms]
      [Ref Proc: 0.7 ms]
      [Ref Enq: 0.0 ms]
      [Free CSet: 0.2 ms]
   [Eden: 16.0M(1056.0M)->0.0B(1120.0M) Survivors: 160.0M->96.0M Heap: 12.6G(24.0G)->12.8G(24.0G)]
 [Times: user=0.52 sys=0.00, real=0.04 secs] 
2014-04-09T13:58:04.351+0900: 279.290: [GC concurrent-root-region-scan-start]
2014-04-09T13:58:04.351+0900: 279.291: [GC concurrent-root-region-scan-end, 0.0004125 secs]
2014-04-09T13:58:04.351+0900: 279.291: [GC concurrent-mark-start]
2014-04-09T13:58:05.939+0900: 280.879: [GC concurrent-mark-end, 1.5876538 secs]
2014-04-09T13:58:05.940+0900: 280.880: [GC remark 280.881: [GC ref-proc, 0.0030527 secs], 0.0281439 secs]
 [Times: user=0.25 sys=0.00, real=0.03 secs] 
2014-04-09T13:58:05.970+0900: 280.910: [GC cleanup 13G->12G(24G), 0.0236874 secs]
 [Times: user=0.28 sys=0.00, real=0.03 secs] 
2014-04-09T13:58:05.994+0900: 280.934: [GC concurrent-cleanup-start]
2014-04-09T13:58:05.995+0900: 280.935: [GC concurrent-cleanup-end, 0.0008963 secs]
2014-04-09T13:58:07.133+0900: 282.072: [GC pause (G1 Evacuation Pause) (young), 0.0400645 secs]
   [Parallel Time: 34.3 ms, GC Workers: 13]
      [GC Worker Start (ms): Min: 282072.7, Avg: 282073.0, Max: 282073.2, Diff: 0.6]
      [Ext Root Scanning (ms): Min: 0.5, Avg: 0.7, Max: 1.0, Diff: 0.5, Sum: 8.7]
      [Update RS (ms): Min: 3.1, Avg: 3.4, Max: 4.3, Diff: 1.2, Sum: 43.7]
         [Processed Buffers: Min: 1, Avg: 5.2, Max: 10, Diff: 9, Sum: 68]
      [Scan RS (ms): Min: 4.0, Avg: 5.0, Max: 5.4, Diff: 1.4, Sum: 65.1]
      [Code Root Scanning (ms): Min: 0.0, Avg: 0.0, Max: 0.0, Diff: 0.0, Sum: 0.0]
      [Object Copy (ms): Min: 23.5, Avg: 24.0, Max: 24.2, Diff: 0.7, Sum: 312.4]
      [Termination (ms): Min: 0.0, Avg: 0.0, Max: 0.0, Diff: 0.0, Sum: 0.0]
      [GC Worker Other (ms): Min: 0.0, Avg: 0.1, Max: 0.2, Diff: 0.2, Sum: 0.8]
      [GC Worker Total (ms): Min: 32.9, Avg: 33.1, Max: 33.4, Diff: 0.6, Sum: 430.8]
      [GC Worker End (ms): Min: 282106.1, Avg: 282106.1, Max: 282106.3, Diff: 0.2]
   [Code Root Fixup: 0.1 ms]
   [Code Root Migration: 0.0 ms]
   [Clear CT: 3.5 ms]
   [Other: 2.1 ms]
      [Choose CSet: 0.0 ms]
      [Ref Proc: 0.6 ms]
      [Ref Enq: 0.0 ms]
      [Free CSet: 0.4 ms]
   [Eden: 1120.0M(1120.0M)->0.0B(1056.0M) Survivors: 96.0M->160.0M Heap: 13.3G(24.0G)->12.3G(24.0G)]
 [Times: user=0.46 sys=0.01, real=0.04 secs] 
2014-04-09T13:58:09.986+0900: 284.925: [GC pause (G1 Evacuation Pause) (mixed), 0.0771911 secs]
   [Parallel Time: 67.3 ms, GC Workers: 13]
      [GC Worker Start (ms): Min: 284925.7, Avg: 284926.0, Max: 284926.2, Diff: 0.5]
      [Ext Root Scanning (ms): Min: 0.5, Avg: 0.7, Max: 1.3, Diff: 0.8, Sum: 9.3]
      [Update RS (ms): Min: 3.4, Avg: 4.2, Max: 5.0, Diff: 1.6, Sum: 54.1]
         [Processed Buffers: Min: 1, Avg: 4.3, Max: 8, Diff: 7, Sum: 56]
      [Scan RS (ms): Min: 11.4, Avg: 12.3, Max: 12.7, Diff: 1.3, Sum: 159.8]
      [Code Root Scanning (ms): Min: 0.0, Avg: 0.0, Max: 0.0, Diff: 0.0, Sum: 0.0]
      [Object Copy (ms): Min: 48.7, Avg: 48.9, Max: 49.2, Diff: 0.4, Sum: 635.6]
      [Termination (ms): Min: 0.0, Avg: 0.0, Max: 0.0, Diff: 0.0, Sum: 0.0]
      [GC Worker Other (ms): Min: 0.0, Avg: 0.0, Max: 0.1, Diff: 0.1, Sum: 0.6]
      [GC Worker Total (ms): Min: 65.9, Avg: 66.1, Max: 66.4, Diff: 0.5, Sum: 859.5]
      [GC Worker End (ms): Min: 284992.1, Avg: 284992.1, Max: 284992.2, Diff: 0.1]
   [Code Root Fixup: 0.2 ms]
   [Code Root Migration: 0.0 ms]
   [Clear CT: 4.8 ms]
   [Other: 4.9 ms]
      [Choose CSet: 0.1 ms]
      [Ref Proc: 1.6 ms]
      [Ref Enq: 0.0 ms]
      [Free CSet: 0.7 ms]
   [Eden: 1056.0M(1056.0M)->0.0B(1120.0M) Survivors: 160.0M->96.0M Heap: 13.3G(24.0G)->12.1G(24.0G)]
 [Times: user=0.91 sys=0.00, real=0.07 secs] 
2014-04-09T13:58:10.791+0900: 285.731: [GC pause (G1 Humongous Allocation) (young) (initial-mark), 0.0112304 secs]
   [Parallel Time: 8.1 ms, GC Workers: 13]
      [GC Worker Start (ms): Min: 285730.9, Avg: 285731.2, Max: 285731.4, Diff: 0.5]
      [Ext Root Scanning (ms): Min: 0.3, Avg: 0.5, Max: 1.8, Diff: 1.5, Sum: 7.1]
      [Code Root Marking (ms): Min: 0.0, Avg: 0.6, Max: 4.8, Diff: 4.8, Sum: 7.3]
      [Update RS (ms): Min: 0.0, Avg: 3.9, Max: 4.9, Diff: 4.9, Sum: 50.9]
         [Processed Buffers: Min: 0, Avg: 4.4, Max: 14, Diff: 14, Sum: 57]
      [Scan RS (ms): Min: 0.0, Avg: 0.0, Max: 0.1, Diff: 0.1, Sum: 0.4]
      [Code Root Scanning (ms): Min: 0.0, Avg: 0.0, Max: 0.0, Diff: 0.0, Sum: 0.0]
      [Object Copy (ms): Min: 0.5, Avg: 1.2, Max: 2.4, Diff: 1.9, Sum: 15.2]
      [Termination (ms): Min: 0.0, Avg: 0.9, Max: 1.0, Diff: 1.0, Sum: 11.2]
      [GC Worker Other (ms): Min: 0.0, Avg: 0.0, Max: 0.0, Diff: 0.0, Sum: 0.2]
      [GC Worker Total (ms): Min: 6.9, Avg: 7.1, Max: 7.4, Diff: 0.5, Sum: 92.4]
      [GC Worker End (ms): Min: 285738.3, Avg: 285738.3, Max: 285738.3, Diff: 0.0]
   [Code Root Fixup: 0.2 ms]
   [Code Root Migration: 0.0 ms]
   [Clear CT: 1.1 ms]
   [Other: 1.9 ms]
      [Choose CSet: 0.0 ms]
      [Ref Proc: 1.2 ms]
      [Ref Enq: 0.0 ms]
      [Free CSet: 0.2 ms]
   [Eden: 752.0M(1120.0M)->0.0B(1168.0M) Survivors: 96.0M->48.0M Heap: 12.9G(24.0G)->12.1G(24.0G)]
 [Times: user=0.10 sys=0.00, real=0.01 secs] 
2014-04-09T13:58:10.803+0900: 285.742: [GC concurrent-root-region-scan-start]
2014-04-09T13:58:10.806+0900: 285.745: [GC concurrent-root-region-scan-end, 0.0032570 secs]
2014-04-09T13:58:10.806+0900: 285.745: [GC concurrent-mark-start]
2014-04-09T13:58:11.745+0900: 286.685: [GC concurrent-mark-end, 0.9395336 secs]
2014-04-09T13:58:11.747+0900: 286.686: [GC remark 286.688: [GC ref-proc, 0.0018710 secs], 0.0223202 secs]
 [Times: user=0.18 sys=0.00, real=0.02 secs] 
2014-04-09T13:58:11.770+0900: 286.710: [GC cleanup 12G->11G(24G), 0.0239235 secs]
 [Times: user=0.27 sys=0.00, real=0.02 secs] 
2014-04-09T13:58:11.795+0900: 286.734: [GC concurrent-cleanup-start]
2014-04-09T13:58:11.795+0900: 286.735: [GC concurrent-cleanup-end, 0.0003509 secs]
2014-04-09T13:58:16.777+0900: 291.716: [GC pause (G1 Evacuation Pause) (young), 0.0615971 secs]
   [Parallel Time: 54.6 ms, GC Workers: 13]
      [GC Worker Start (ms): Min: 291716.6, Avg: 291716.9, Max: 291717.1, Diff: 0.5]
      [Ext Root Scanning (ms): Min: 0.5, Avg: 0.7, Max: 0.9, Diff: 0.4, Sum: 8.8]
      [Update RS (ms): Min: 1.9, Avg: 2.3, Max: 2.5, Diff: 0.6, Sum: 29.3]
         [Processed Buffers: Min: 4, Avg: 7.2, Max: 10, Diff: 6, Sum: 93]
      [Scan RS (ms): Min: 7.0, Avg: 7.2, Max: 7.4, Diff: 0.4, Sum: 93.7]
      [Code Root Scanning (ms): Min: 0.0, Avg: 0.0, Max: 0.0, Diff: 0.0, Sum: 0.0]
      [Object Copy (ms): Min: 43.6, Avg: 43.8, Max: 44.0, Diff: 0.4, Sum: 570.0]
      [Termination (ms): Min: 0.0, Avg: 0.0, Max: 0.0, Diff: 0.0, Sum: 0.0]
      [GC Worker Other (ms): Min: 0.0, Avg: 0.0, Max: 0.1, Diff: 0.0, Sum: 0.4]
      [GC Worker Total (ms): Min: 53.8, Avg: 54.0, Max: 54.3, Diff: 0.5, Sum: 702.2]
      [GC Worker End (ms): Min: 291770.9, Avg: 291770.9, Max: 291770.9, Diff: 0.0]
   [Code Root Fixup: 0.2 ms]
   [Code Root Migration: 0.0 ms]
   [Clear CT: 3.3 ms]
   [Other: 3.5 ms]
      [Choose CSet: 0.0 ms]
      [Ref Proc: 1.7 ms]
      [Ref Enq: 0.0 ms]
      [Free CSet: 0.5 ms]
   [Eden: 1168.0M(1168.0M)->0.0B(1056.0M) Survivors: 48.0M->160.0M Heap: 13.5G(24.0G)->12.6G(24.0G)]
 [Times: user=0.74 sys=0.00, real=0.06 secs] 
2014-04-09T13:58:21.265+0900: 296.205: [GC pause (G1 Evacuation Pause) (mixed), 0.1486587 secs]
   [Parallel Time: 134.3 ms, GC Workers: 13]
      [GC Worker Start (ms): Min: 296205.5, Avg: 296205.8, Max: 296206.0, Diff: 0.6]
      [Ext Root Scanning (ms): Min: 0.4, Avg: 0.7, Max: 1.5, Diff: 1.1, Sum: 9.4]
      [Update RS (ms): Min: 3.4, Avg: 3.7, Max: 6.3, Diff: 2.9, Sum: 47.5]
         [Processed Buffers: Min: 7, Avg: 10.8, Max: 16, Diff: 9, Sum: 141]
      [Scan RS (ms): Min: 31.0, Avg: 34.4, Max: 34.8, Diff: 3.8, Sum: 447.7]
      [Code Root Scanning (ms): Min: 0.0, Avg: 0.0, Max: 0.0, Diff: 0.0, Sum: 0.1]
      [Object Copy (ms): Min: 94.2, Avg: 94.3, Max: 94.4, Diff: 0.2, Sum: 1226.0]
      [Termination (ms): Min: 0.0, Avg: 0.0, Max: 0.0, Diff: 0.0, Sum: 0.0]
      [GC Worker Other (ms): Min: 0.0, Avg: 0.0, Max: 0.2, Diff: 0.1, Sum: 0.6]
      [GC Worker Total (ms): Min: 132.9, Avg: 133.2, Max: 133.5, Diff: 0.6, Sum: 1731.3]
      [GC Worker End (ms): Min: 296338.9, Avg: 296338.9, Max: 296339.0, Diff: 0.1]
   [Code Root Fixup: 0.3 ms]
   [Code Root Migration: 0.1 ms]
   [Clear CT: 5.8 ms]
   [Other: 8.2 ms]
      [Choose CSet: 0.4 ms]
      [Ref Proc: 1.3 ms]
      [Ref Enq: 0.0 ms]
      [Free CSet: 1.8 ms]
   [Eden: 1056.0M(1056.0M)->0.0B(1056.0M) Survivors: 160.0M->160.0M Heap: 14.1G(24.0G)->12.4G(24.0G)]
 [Times: user=1.80 sys=0.00, real=0.15 secs] 
2014-04-09T13:58:22.900+0900: 297.839: [GC pause (G1 Evacuation Pause) (mixed), 0.1848113 secs]
   [Parallel Time: 168.6 ms, GC Workers: 13]
      [GC Worker Start (ms): Min: 297840.0, Avg: 297840.3, Max: 297840.5, Diff: 0.5]
      [Ext Root Scanning (ms): Min: 0.4, Avg: 0.7, Max: 1.9, Diff: 1.4, Sum: 9.6]
      [Update RS (ms): Min: 0.8, Avg: 1.9, Max: 2.6, Diff: 1.8, Sum: 25.2]
         [Processed Buffers: Min: 2, Avg: 5.8, Max: 11, Diff: 9, Sum: 75]
      [Scan RS (ms): Min: 46.4, Avg: 46.9, Max: 47.2, Diff: 0.8, Sum: 609.9]
      [Code Root Scanning (ms): Min: 0.0, Avg: 0.0, Max: 0.0, Diff: 0.0, Sum: 0.1]
      [Object Copy (ms): Min: 117.9, Avg: 118.0, Max: 118.2, Diff: 0.3, Sum: 1534.2]
      [Termination (ms): Min: 0.0, Avg: 0.0, Max: 0.0, Diff: 0.0, Sum: 0.0]
      [GC Worker Other (ms): Min: 0.0, Avg: 0.1, Max: 0.2, Diff: 0.2, Sum: 0.9]
      [GC Worker Total (ms): Min: 167.4, Avg: 167.7, Max: 167.9, Diff: 0.5, Sum: 2179.8]
      [GC Worker End (ms): Min: 298007.9, Avg: 298008.0, Max: 298008.2, Diff: 0.2]
   [Code Root Fixup: 0.3 ms]
   [Code Root Migration: 0.1 ms]
   [Clear CT: 5.8 ms]
   [Other: 10.1 ms]
      [Choose CSet: 0.6 ms]
      [Ref Proc: 0.9 ms]
      [Ref Enq: 0.0 ms]
      [Free CSet: 2.5 ms]
   [Eden: 1056.0M(1056.0M)->0.0B(1056.0M) Survivors: 160.0M->160.0M Heap: 13.9G(24.0G)->12.3G(24.0G)]
 [Times: user=2.25 sys=0.00, real=0.18 secs] 
2014-04-09T13:58:27.329+0900: 302.268: [GC pause (G1 Evacuation Pause) (mixed), 0.2416211 secs]
   [Parallel Time: 223.8 ms, GC Workers: 13]
      [GC Worker Start (ms): Min: 302269.3, Avg: 302269.7, Max: 302270.0, Diff: 0.6]
      [Ext Root Scanning (ms): Min: 0.4, Avg: 0.7, Max: 1.3, Diff: 1.0, Sum: 8.8]
      [Update RS (ms): Min: 2.2, Avg: 2.7, Max: 3.0, Diff: 0.9, Sum: 35.1]
         [Processed Buffers: Min: 9, Avg: 11.3, Max: 14, Diff: 5, Sum: 147]
      [Scan RS (ms): Min: 65.7, Avg: 66.0, Max: 66.1, Diff: 0.4, Sum: 857.6]
      [Code Root Scanning (ms): Min: 0.0, Avg: 0.0, Max: 0.0, Diff: 0.0, Sum: 0.1]
      [Object Copy (ms): Min: 153.3, Avg: 153.4, Max: 153.6, Diff: 0.2, Sum: 1994.8]
      [Termination (ms): Min: 0.0, Avg: 0.1, Max: 0.1, Diff: 0.1, Sum: 1.5]
      [GC Worker Other (ms): Min: 0.0, Avg: 0.0, Max: 0.1, Diff: 0.1, Sum: 0.5]
      [GC Worker Total (ms): Min: 222.7, Avg: 223.0, Max: 223.3, Diff: 0.7, Sum: 2898.4]
      [GC Worker End (ms): Min: 302492.6, Avg: 302492.6, Max: 302492.7, Diff: 0.1]
   [Code Root Fixup: 0.2 ms]
   [Code Root Migration: 0.1 ms]
   [Clear CT: 5.4 ms]
   [Other: 12.2 ms]
      [Choose CSet: 0.7 ms]
      [Ref Proc: 1.7 ms]
      [Ref Enq: 0.0 ms]
      [Free CSet: 2.7 ms]
   [Eden: 1056.0M(1056.0M)->0.0B(1056.0M) Survivors: 160.0M->160.0M Heap: 13.9G(24.0G)->12.4G(24.0G)]
 [Times: user=2.97 sys=0.00, real=0.24 secs] 
2014-04-09T13:58:29.339+0900: 304.278: [GC pause (G1 Evacuation Pause) (mixed), 0.2277847 secs]
   [Parallel Time: 210.2 ms, GC Workers: 13]
      [GC Worker Start (ms): Min: 304279.1, Avg: 304279.3, Max: 304279.6, Diff: 0.5]
      [Ext Root Scanning (ms): Min: 0.4, Avg: 0.7, Max: 1.4, Diff: 1.0, Sum: 9.5]
      [Update RS (ms): Min: 1.1, Avg: 1.9, Max: 3.8, Diff: 2.7, Sum: 25.0]
         [Processed Buffers: Min: 2, Avg: 6.1, Max: 11, Diff: 9, Sum: 79]
      [Scan RS (ms): Min: 64.4, Avg: 66.0, Max: 66.7, Diff: 2.3, Sum: 857.5]
      [Code Root Scanning (ms): Min: 0.0, Avg: 0.0, Max: 0.0, Diff: 0.0, Sum: 0.1]
      [Object Copy (ms): Min: 140.1, Avg: 140.7, Max: 141.0, Diff: 0.9, Sum: 1828.6]
      [Termination (ms): Min: 0.0, Avg: 0.0, Max: 0.0, Diff: 0.0, Sum: 0.0]
      [GC Worker Other (ms): Min: 0.0, Avg: 0.1, Max: 0.2, Diff: 0.2, Sum: 1.0]
      [GC Worker Total (ms): Min: 209.0, Avg: 209.4, Max: 209.6, Diff: 0.5, Sum: 2721.7]
      [GC Worker End (ms): Min: 304488.6, Avg: 304488.7, Max: 304488.8, Diff: 0.2]
   [Code Root Fixup: 0.3 ms]
   [Code Root Migration: 0.1 ms]
   [Clear CT: 5.2 ms]
   [Other: 11.9 ms]
      [Choose CSet: 0.7 ms]
      [Ref Proc: 1.2 ms]
      [Ref Enq: 0.0 ms]
      [Free CSet: 2.7 ms]
   [Eden: 1056.0M(1056.0M)->0.0B(1056.0M) Survivors: 160.0M->160.0M Heap: 13.9G(24.0G)->12.5G(24.0G)]
 [Times: user=2.79 sys=0.01, real=0.23 secs] 
2014-04-09T13:58:29.750+0900: 304.689: [GC pause (G1 Humongous Allocation) (young) (initial-mark), 0.0523203 secs]
   [Parallel Time: 46.4 ms, GC Workers: 13]
      [GC Worker Start (ms): Min: 304689.6, Avg: 304689.9, Max: 304690.2, Diff: 0.5]
      [Ext Root Scanning (ms): Min: 0.3, Avg: 0.7, Max: 2.8, Diff: 2.5, Sum: 9.0]
      [Code Root Marking (ms): Min: 0.0, Avg: 0.8, Max: 7.1, Diff: 7.1, Sum: 10.3]
      [Update RS (ms): Min: 2.5, Avg: 9.1, Max: 12.6, Diff: 10.0, Sum: 118.2]
         [Processed Buffers: Min: 4, Avg: 6.1, Max: 8, Diff: 4, Sum: 79]
      [Scan RS (ms): Min: 1.7, Avg: 4.3, Max: 5.1, Diff: 3.4, Sum: 56.1]
      [Code Root Scanning (ms): Min: 0.0, Avg: 0.0, Max: 0.0, Diff: 0.0, Sum: 0.0]
      [Object Copy (ms): Min: 30.0, Avg: 30.4, Max: 31.9, Diff: 1.8, Sum: 395.1]
      [Termination (ms): Min: 0.0, Avg: 0.0, Max: 0.0, Diff: 0.0, Sum: 0.3]
      [GC Worker Other (ms): Min: 0.0, Avg: 0.0, Max: 0.1, Diff: 0.1, Sum: 0.5]
      [GC Worker Total (ms): Min: 45.1, Avg: 45.3, Max: 45.6, Diff: 0.6, Sum: 589.5]
      [GC Worker End (ms): Min: 304735.2, Avg: 304735.3, Max: 304735.3, Diff: 0.1]
   [Code Root Fixup: 0.2 ms]
   [Code Root Migration: 0.0 ms]
   [Clear CT: 3.2 ms]
   [Other: 2.5 ms]
      [Choose CSet: 0.0 ms]
      [Ref Proc: 0.7 ms]
      [Ref Enq: 0.0 ms]
      [Free CSet: 0.2 ms]
   [Eden: 80.0M(1056.0M)->0.0B(1120.0M) Survivors: 160.0M->96.0M Heap: 12.6G(24.0G)->12.7G(24.0G)]
 [Times: user=0.62 sys=0.00, real=0.05 secs] 
2014-04-09T13:58:29.802+0900: 304.742: [GC concurrent-root-region-scan-start]
2014-04-09T13:58:29.806+0900: 304.746: [GC concurrent-root-region-scan-end, 0.0037449 secs]
2014-04-09T13:58:29.806+0900: 304.746: [GC concurrent-mark-start]
2014-04-09T13:58:31.255+0900: 306.194: [GC concurrent-mark-end, 1.4487432 secs]
2014-04-09T13:58:31.256+0900: 306.195: [GC remark 306.196: [GC ref-proc, 0.0020222 secs], 0.0236837 secs]
 [Times: user=0.21 sys=0.00, real=0.03 secs] 
2014-04-09T13:58:31.281+0900: 306.220: [GC cleanup 13G->11G(24G), 0.0223533 secs]
 [Times: user=0.26 sys=0.00, real=0.02 secs] 
2014-04-09T13:58:31.304+0900: 306.243: [GC concurrent-cleanup-start]
2014-04-09T13:58:31.306+0900: 306.245: [GC concurrent-cleanup-end, 0.0023527 secs]
2014-04-09T13:58:32.229+0900: 307.169: [GC pause (G1 Evacuation Pause) (young), 0.0967935 secs]
   [Parallel Time: 90.8 ms, GC Workers: 13]
      [GC Worker Start (ms): Min: 307169.4, Avg: 307169.6, Max: 307169.9, Diff: 0.5]
      [Ext Root Scanning (ms): Min: 0.5, Avg: 0.8, Max: 1.4, Diff: 0.8, Sum: 10.0]
      [Update RS (ms): Min: 3.1, Avg: 3.7, Max: 4.2, Diff: 1.2, Sum: 48.7]
         [Processed Buffers: Min: 7, Avg: 12.7, Max: 18, Diff: 11, Sum: 165]
      [Scan RS (ms): Min: 20.8, Avg: 21.1, Max: 21.3, Diff: 0.5, Sum: 274.6]
      [Code Root Scanning (ms): Min: 0.0, Avg: 0.0, Max: 0.0, Diff: 0.0, Sum: 0.0]
      [Object Copy (ms): Min: 64.4, Avg: 64.6, Max: 64.9, Diff: 0.6, Sum: 840.0]
      [Termination (ms): Min: 0.0, Avg: 0.0, Max: 0.0, Diff: 0.0, Sum: 0.1]
      [GC Worker Other (ms): Min: 0.0, Avg: 0.1, Max: 0.2, Diff: 0.2, Sum: 0.7]
      [GC Worker Total (ms): Min: 90.1, Avg: 90.3, Max: 90.7, Diff: 0.6, Sum: 1174.1]
      [GC Worker End (ms): Min: 307259.9, Avg: 307260.0, Max: 307260.1, Diff: 0.1]
   [Code Root Fixup: 0.3 ms]
   [Code Root Migration: 0.0 ms]
   [Clear CT: 2.0 ms]
   [Other: 3.7 ms]
      [Choose CSet: 0.0 ms]
      [Ref Proc: 1.1 ms]
      [Ref Enq: 0.0 ms]
      [Free CSet: 0.5 ms]
   [Eden: 1120.0M(1120.0M)->0.0B(1056.0M) Survivors: 96.0M->160.0M Heap: 11.9G(24.0G)->11.0G(24.0G)]
 [Times: user=1.20 sys=0.00, real=0.09 secs] 
2014-04-09T13:58:35.523+0900: 310.462: [GC pause (G1 Evacuation Pause) (mixed), 0.1501263 secs]
   [Parallel Time: 137.5 ms, GC Workers: 13]
      [GC Worker Start (ms): Min: 310462.6, Avg: 310462.8, Max: 310463.1, Diff: 0.5]
      [Ext Root Scanning (ms): Min: 0.5, Avg: 0.7, Max: 1.5, Diff: 1.0, Sum: 9.6]
      [Update RS (ms): Min: 1.2, Avg: 1.8, Max: 2.1, Diff: 0.9, Sum: 23.0]
         [Processed Buffers: Min: 3, Avg: 6.8, Max: 13, Diff: 10, Sum: 88]
      [Scan RS (ms): Min: 41.7, Avg: 42.0, Max: 42.1, Diff: 0.4, Sum: 545.6]
      [Code Root Scanning (ms): Min: 0.0, Avg: 0.0, Max: 0.0, Diff: 0.0, Sum: 0.1]
      [Object Copy (ms): Min: 91.8, Avg: 91.8, Max: 92.0, Diff: 0.3, Sum: 1193.9]
      [Termination (ms): Min: 0.0, Avg: 0.0, Max: 0.0, Diff: 0.0, Sum: 0.1]
      [GC Worker Other (ms): Min: 0.0, Avg: 0.0, Max: 0.1, Diff: 0.1, Sum: 0.4]
      [GC Worker Total (ms): Min: 136.1, Avg: 136.4, Max: 136.6, Diff: 0.5, Sum: 1772.7]
      [GC Worker End (ms): Min: 310599.1, Avg: 310599.2, Max: 310599.2, Diff: 0.1]
   [Code Root Fixup: 0.2 ms]
   [Code Root Migration: 0.0 ms]
   [Clear CT: 5.5 ms]
   [Other: 6.8 ms]
      [Choose CSet: 0.3 ms]
      [Ref Proc: 1.3 ms]
      [Ref Enq: 0.0 ms]
      [Free CSet: 1.2 ms]
   [Eden: 1056.0M(1056.0M)->0.0B(1056.0M) Survivors: 160.0M->160.0M Heap: 12.5G(24.0G)->11.5G(24.0G)]
 [Times: user=1.80 sys=0.04, real=0.15 secs] 
2014-04-09T13:58:35.696+0900: 310.635: [GC pause (G1 Humongous Allocation) (young) (initial-mark), 0.1182827 secs]
   [Parallel Time: 114.5 ms, GC Workers: 13]
      [GC Worker Start (ms): Min: 310635.6, Avg: 310635.9, Max: 310636.0, Diff: 0.4]
      [Ext Root Scanning (ms): Min: 0.4, Avg: 0.7, Max: 2.6, Diff: 2.2, Sum: 8.9]
      [Code Root Marking (ms): Min: 0.0, Avg: 0.6, Max: 4.6, Diff: 4.6, Sum: 7.5]
      [Update RS (ms): Min: 81.7, Avg: 84.3, Max: 86.9, Diff: 5.2, Sum: 1095.5]
         [Processed Buffers: Min: 36, Avg: 46.0, Max: 65, Diff: 29, Sum: 598]
      [Scan RS (ms): Min: 0.0, Avg: 0.0, Max: 0.1, Diff: 0.1, Sum: 0.2]
      [Code Root Scanning (ms): Min: 0.0, Avg: 0.0, Max: 0.0, Diff: 0.0, Sum: 0.0]
      [Object Copy (ms): Min: 25.9, Avg: 27.9, Max: 29.2, Diff: 3.3, Sum: 362.8]
      [Termination (ms): Min: 0.0, Avg: 0.0, Max: 0.0, Diff: 0.0, Sum: 0.1]
      [GC Worker Other (ms): Min: 0.0, Avg: 0.0, Max: 0.1, Diff: 0.1, Sum: 0.4]
      [GC Worker Total (ms): Min: 113.3, Avg: 113.5, Max: 113.7, Diff: 0.4, Sum: 1475.4]
      [GC Worker End (ms): Min: 310749.3, Avg: 310749.4, Max: 310749.4, Diff: 0.1]
   [Code Root Fixup: 0.2 ms]
   [Code Root Migration: 0.0 ms]
   [Clear CT: 1.2 ms]
   [Other: 2.4 ms]
      [Choose CSet: 0.0 ms]
      [Ref Proc: 0.7 ms]
      [Ref Enq: 0.0 ms]
      [Free CSet: 0.1 ms]
   [Eden: 16.0M(1056.0M)->0.0B(1120.0M) Survivors: 160.0M->96.0M Heap: 11.5G(24.0G)->11.6G(24.0G)]
 [Times: user=1.48 sys=0.00, real=0.12 secs] 
2014-04-09T13:58:35.814+0900: 310.754: [GC concurrent-root-region-scan-start]
2014-04-09T13:58:35.815+0900: 310.754: [GC concurrent-root-region-scan-end, 0.0003493 secs]
2014-04-09T13:58:35.815+0900: 310.754: [GC concurrent-mark-start]
2014-04-09T13:58:37.219+0900: 312.159: [GC concurrent-mark-end, 1.4044531 secs]
2014-04-09T13:58:37.220+0900: 312.160: [GC remark 312.161: [GC ref-proc, 0.0018587 secs], 0.0253003 secs]
 [Times: user=0.22 sys=0.00, real=0.02 secs] 
2014-04-09T13:58:37.247+0900: 312.187: [GC cleanup 12G->11G(24G), 0.0239620 secs]
 [Times: user=0.28 sys=0.00, real=0.03 secs] 
2014-04-09T13:58:37.272+0900: 312.211: [GC concurrent-cleanup-start]
2014-04-09T13:58:37.273+0900: 312.212: [GC concurrent-cleanup-end, 0.0011574 secs]
2014-04-09T13:58:37.633+0900: 312.572: [GC pause (G1 Evacuation Pause) (young), 0.0571925 secs]
   [Parallel Time: 51.7 ms, GC Workers: 13]
      [GC Worker Start (ms): Min: 312572.4, Avg: 312572.7, Max: 312572.9, Diff: 0.4]
      [Ext Root Scanning (ms): Min: 0.4, Avg: 0.6, Max: 0.9, Diff: 0.4, Sum: 7.9]
      [Update RS (ms): Min: 1.6, Avg: 2.3, Max: 3.3, Diff: 1.7, Sum: 29.4]
         [Processed Buffers: Min: 3, Avg: 7.1, Max: 10, Diff: 7, Sum: 92]
      [Scan RS (ms): Min: 3.0, Avg: 3.9, Max: 4.3, Diff: 1.3, Sum: 50.9]
      [Code Root Scanning (ms): Min: 0.0, Avg: 0.0, Max: 0.0, Diff: 0.0, Sum: 0.0]
      [Object Copy (ms): Min: 43.8, Avg: 43.8, Max: 43.9, Diff: 0.2, Sum: 570.0]
      [Termination (ms): Min: 0.0, Avg: 0.0, Max: 0.0, Diff: 0.0, Sum: 0.1]
      [GC Worker Other (ms): Min: 0.0, Avg: 0.0, Max: 0.1, Diff: 0.1, Sum: 0.6]
      [GC Worker Total (ms): Min: 50.5, Avg: 50.7, Max: 51.0, Diff: 0.5, Sum: 658.9]
      [GC Worker End (ms): Min: 312623.4, Avg: 312623.4, Max: 312623.5, Diff: 0.1]
   [Code Root Fixup: 0.2 ms]
   [Code Root Migration: 0.0 ms]
   [Clear CT: 2.8 ms]
   [Other: 2.5 ms]
      [Choose CSet: 0.0 ms]
      [Ref Proc: 1.0 ms]
      [Ref Enq: 0.0 ms]
      [Free CSet: 0.4 ms]
   [Eden: 1120.0M(1120.0M)->0.0B(1056.0M) Survivors: 96.0M->160.0M Heap: 12.1G(24.0G)->11.3G(24.0G)]
 [Times: user=0.68 sys=0.00, real=0.06 secs] 
2014-04-09T13:58:41.234+0900: 316.173: [GC pause (G1 Evacuation Pause) (mixed), 0.0930837 secs]
   [Parallel Time: 84.3 ms, GC Workers: 13]
      [GC Worker Start (ms): Min: 316173.9, Avg: 316174.2, Max: 316174.5, Diff: 0.6]
      [Ext Root Scanning (ms): Min: 0.4, Avg: 0.7, Max: 1.5, Diff: 1.1, Sum: 9.4]
      [Update RS (ms): Min: 3.3, Avg: 4.0, Max: 4.7, Diff: 1.3, Sum: 52.2]
         [Processed Buffers: Min: 7, Avg: 13.0, Max: 23, Diff: 16, Sum: 169]
      [Scan RS (ms): Min: 12.2, Avg: 12.7, Max: 12.9, Diff: 0.7, Sum: 164.9]
      [Code Root Scanning (ms): Min: 0.0, Avg: 0.0, Max: 0.0, Diff: 0.0, Sum: 0.0]
      [Object Copy (ms): Min: 65.0, Avg: 65.2, Max: 65.4, Diff: 0.4, Sum: 847.4]
      [Termination (ms): Min: 0.0, Avg: 0.0, Max: 0.0, Diff: 0.0, Sum: 0.0]
      [GC Worker Other (ms): Min: 0.0, Avg: 0.0, Max: 0.1, Diff: 0.1, Sum: 0.5]
      [GC Worker Total (ms): Min: 82.3, Avg: 82.6, Max: 82.9, Diff: 0.6, Sum: 1074.4]
      [GC Worker End (ms): Min: 316256.8, Avg: 316256.8, Max: 316256.9, Diff: 0.1]
   [Code Root Fixup: 0.2 ms]
   [Code Root Migration: 0.0 ms]
   [Clear CT: 3.6 ms]
   [Other: 4.9 ms]
      [Choose CSet: 0.1 ms]
      [Ref Proc: 1.6 ms]
      [Ref Enq: 0.0 ms]
      [Free CSet: 0.8 ms]
   [Eden: 1056.0M(1056.0M)->0.0B(1056.0M) Survivors: 160.0M->160.0M Heap: 12.8G(24.0G)->11.8G(24.0G)]
 [Times: user=1.12 sys=0.00, real=0.09 secs] 
2014-04-09T13:58:41.379+0900: 316.319: [GC pause (G1 Humongous Allocation) (young) (initial-mark), 0.0405831 secs]
   [Parallel Time: 35.0 ms, GC Workers: 13]
      [GC Worker Start (ms): Min: 316318.9, Avg: 316319.2, Max: 316319.4, Diff: 0.5]
      [Ext Root Scanning (ms): Min: 0.3, Avg: 0.6, Max: 1.9, Diff: 1.6, Sum: 7.5]
      [Code Root Marking (ms): Min: 0.0, Avg: 0.6, Max: 4.6, Diff: 4.6, Sum: 8.0]
      [Update RS (ms): Min: 3.2, Avg: 7.2, Max: 8.0, Diff: 4.8, Sum: 93.4]
         [Processed Buffers: Min: 4, Avg: 5.6, Max: 9, Diff: 5, Sum: 73]
      [Scan RS (ms): Min: 2.5, Avg: 2.8, Max: 3.0, Diff: 0.5, Sum: 36.5]
      [Code Root Scanning (ms): Min: 0.0, Avg: 0.0, Max: 0.0, Diff: 0.0, Sum: 0.0]
      [Object Copy (ms): Min: 22.3, Avg: 22.5, Max: 22.8, Diff: 0.4, Sum: 293.1]
      [Termination (ms): Min: 0.0, Avg: 0.0, Max: 0.0, Diff: 0.0, Sum: 0.3]
      [GC Worker Other (ms): Min: 0.0, Avg: 0.0, Max: 0.0, Diff: 0.0, Sum: 0.3]
      [GC Worker Total (ms): Min: 33.6, Avg: 33.8, Max: 34.1, Diff: 0.5, Sum: 439.1]
      [GC Worker End (ms): Min: 316353.0, Avg: 316353.0, Max: 316353.0, Diff: 0.0]
   [Code Root Fixup: 0.2 ms]
   [Code Root Migration: 0.0 ms]
   [Clear CT: 2.8 ms]
   [Other: 2.6 ms]
      [Choose CSet: 0.0 ms]
      [Ref Proc: 1.2 ms]
      [Ref Enq: 0.0 ms]
      [Free CSet: 0.2 ms]
   [Eden: 48.0M(1056.0M)->0.0B(1184.0M) Survivors: 160.0M->32.0M Heap: 11.8G(24.0G)->11.9G(24.0G)]
 [Times: user=0.47 sys=0.00, real=0.04 secs] 
2014-04-09T13:58:41.420+0900: 316.359: [GC concurrent-root-region-scan-start]
2014-04-09T13:58:41.423+0900: 316.363: [GC concurrent-root-region-scan-end, 0.0034075 secs]
2014-04-09T13:58:41.423+0900: 316.363: [GC concurrent-mark-start]
2014-04-09T13:58:42.592+0900: 317.531: [GC concurrent-mark-end, 1.1683657 secs]
2014-04-09T13:58:42.593+0900: 317.532: [GC remark 317.534: [GC ref-proc, 0.0017122 secs], 0.0209625 secs]
 [Times: user=0.18 sys=0.00, real=0.02 secs] 
2014-04-09T13:58:42.615+0900: 317.555: [GC cleanup 12G->11G(24G), 0.0249002 secs]
 [Times: user=0.28 sys=0.00, real=0.03 secs] 
2014-04-09T13:58:42.641+0900: 317.580: [GC concurrent-cleanup-start]
2014-04-09T13:58:42.641+0900: 317.581: [GC concurrent-cleanup-end, 0.0008487 secs]
Heap
 garbage-first heap   total 25165824K, used 12475861K [0x00000001c0000000, 0x00000007c0000000, 0x00000007c0000000)
  region size 16384K, 62 young (1015808K), 2 survivors (32768K)
 Metaspace       used 38021K, capacity 38886K, committed 39088K, reserved 1083392K
  class space    used 5749K, capacity 5950K, committed 6064K, reserved 1048576K
