Java HotSpot(TM) 64-Bit Server VM (25.0-b70) for linux-amd64 JRE (1.8.0-b132), built on Mar  4 2014 03:07:25 by "java_re" with gcc 4.3.0 20080428 (Red Hat 4.3.0-8)
Memory: 4k page, physical 32865776k(30164728k free), swap 2047992k(2047992k free)
CommandLine flags: -XX:G1HeapRegionSize=16777216 -XX:InitialHeapSize=25769803776 -XX:InitiatingHeapOccupancyPercent=30 -XX:MaxGCPauseMillis=50 -XX:MaxHeapSize=25769803776 -XX:+PrintGC -XX:+PrintGCDateStamps -XX:+PrintGCDetails -XX:+PrintGCTimeStamps -XX:ThreadStackSize=2048 -XX:+UseCompressedClassPointers -XX:+UseCompressedOops -XX:+UseG1GC 
2014-04-09T13:45:06.594+0900: 1.601: [Full GC (Metadata GC Threshold)  21M->7331K(24G), 0.2871344 secs]
   [Eden: 32.0M(1216.0M)->0.0B(1216.0M) Survivors: 0.0B->0.0B Heap: 21.1M(24.0G)->7331.5K(24.0G)], [Metaspace: 21233K->21233K(1067008K)]
 [Times: user=0.21 sys=0.09, real=0.29 secs] 
2014-04-09T13:45:12.087+0900: 7.093: [Full GC (Metadata GC Threshold)  111M->17M(24G), 0.3391806 secs]
   [Eden: 112.0M(1216.0M)->0.0B(1216.0M) Survivors: 0.0B->0.0B Heap: 112.0M(24.0G)->17.4M(24.0G)], [Metaspace: 34825K->34821K(1079296K)]
 [Times: user=0.34 sys=0.00, real=0.34 secs] 
2014-04-09T13:45:17.921+0900: 12.928: [GC pause (G1 Evacuation Pause) (young), 0.3196095 secs]
   [Parallel Time: 284.2 ms, GC Workers: 13]
      [GC Worker Start (ms): Min: 12928.1, Avg: 12928.3, Max: 12928.4, Diff: 0.3]
      [Ext Root Scanning (ms): Min: 1.7, Avg: 5.2, Max: 14.9, Diff: 13.2, Sum: 67.5]
      [Update RS (ms): Min: 0.0, Avg: 1.1, Max: 10.8, Diff: 10.8, Sum: 14.9]
         [Processed Buffers: Min: 0, Avg: 4.7, Max: 20, Diff: 20, Sum: 61]
      [Scan RS (ms): Min: 0.0, Avg: 0.0, Max: 0.2, Diff: 0.2, Sum: 0.6]
      [Code Root Scanning (ms): Min: 0.0, Avg: 0.1, Max: 0.8, Diff: 0.8, Sum: 1.3]
      [Object Copy (ms): Min: 239.1, Avg: 270.2, Max: 276.9, Diff: 37.8, Sum: 3512.8]
      [Termination (ms): Min: 1.3, Avg: 7.0, Max: 31.1, Diff: 29.8, Sum: 90.7]
      [GC Worker Other (ms): Min: 0.0, Avg: 0.2, Max: 0.8, Diff: 0.7, Sum: 2.8]
      [GC Worker Total (ms): Min: 283.8, Avg: 283.9, Max: 284.1, Diff: 0.3, Sum: 3690.8]
      [GC Worker End (ms): Min: 13212.1, Avg: 13212.2, Max: 13212.2, Diff: 0.0]
   [Code Root Fixup: 1.3 ms]
   [Code Root Migration: 3.5 ms]
   [Clear CT: 0.6 ms]
   [Other: 30.0 ms]
      [Choose CSet: 0.0 ms]
      [Ref Proc: 26.8 ms]
      [Ref Enq: 2.3 ms]
      [Free CSet: 0.2 ms]
   [Eden: 1216.0M(1216.0M)->0.0B(1056.0M) Survivors: 0.0B->160.0M Heap: 1233.4M(24.0G)->289.0M(24.0G)]
 [Times: user=2.83 sys=1.68, real=0.32 secs] 
2014-04-09T13:45:19.996+0900: 15.002: [GC pause (G1 Evacuation Pause) (young), 0.2046828 secs]
   [Parallel Time: 183.0 ms, GC Workers: 13]
      [GC Worker Start (ms): Min: 15002.5, Avg: 15002.6, Max: 15002.7, Diff: 0.2]
      [Ext Root Scanning (ms): Min: 1.9, Avg: 6.5, Max: 16.7, Diff: 14.8, Sum: 84.9]
      [Update RS (ms): Min: 0.0, Avg: 0.3, Max: 1.2, Diff: 1.2, Sum: 3.5]
         [Processed Buffers: Min: 0, Avg: 2.5, Max: 19, Diff: 19, Sum: 33]
      [Scan RS (ms): Min: 2.9, Avg: 15.1, Max: 25.7, Diff: 22.8, Sum: 196.8]
      [Code Root Scanning (ms): Min: 0.0, Avg: 0.1, Max: 1.5, Diff: 1.5, Sum: 1.5]
      [Object Copy (ms): Min: 153.6, Avg: 160.6, Max: 164.1, Diff: 10.5, Sum: 2087.6]
      [Termination (ms): Min: 0.0, Avg: 0.0, Max: 0.0, Diff: 0.0, Sum: 0.1]
      [GC Worker Other (ms): Min: 0.0, Avg: 0.0, Max: 0.1, Diff: 0.1, Sum: 0.5]
      [GC Worker Total (ms): Min: 182.6, Avg: 182.7, Max: 182.8, Diff: 0.2, Sum: 2374.9]
      [GC Worker End (ms): Min: 15185.3, Avg: 15185.3, Max: 15185.3, Diff: 0.1]
   [Code Root Fixup: 1.5 ms]
   [Code Root Migration: 3.2 ms]
   [Clear CT: 0.6 ms]
   [Other: 16.4 ms]
      [Choose CSet: 0.0 ms]
      [Ref Proc: 13.8 ms]
      [Ref Enq: 1.1 ms]
      [Free CSet: 0.2 ms]
   [Eden: 1056.0M(1056.0M)->0.0B(1056.0M) Survivors: 160.0M->160.0M Heap: 1345.0M(24.0G)->489.4M(24.0G)]
 [Times: user=2.04 sys=0.50, real=0.21 secs] 
2014-04-09T13:45:21.310+0900: 16.317: [GC pause (G1 Evacuation Pause) (young), 0.1116331 secs]
   [Parallel Time: 101.7 ms, GC Workers: 13]
      [GC Worker Start (ms): Min: 16316.9, Avg: 16317.0, Max: 16317.1, Diff: 0.2]
      [Ext Root Scanning (ms): Min: 0.9, Avg: 1.4, Max: 3.4, Diff: 2.5, Sum: 18.7]
      [Update RS (ms): Min: 2.0, Avg: 3.2, Max: 5.0, Diff: 3.0, Sum: 41.8]
         [Processed Buffers: Min: 6, Avg: 17.5, Max: 32, Diff: 26, Sum: 227]
      [Scan RS (ms): Min: 5.9, Avg: 7.5, Max: 7.8, Diff: 1.9, Sum: 98.0]
      [Code Root Scanning (ms): Min: 0.0, Avg: 0.0, Max: 0.0, Diff: 0.0, Sum: 0.1]
      [Object Copy (ms): Min: 88.3, Avg: 89.2, Max: 89.7, Diff: 1.4, Sum: 1159.3]
      [Termination (ms): Min: 0.0, Avg: 0.0, Max: 0.0, Diff: 0.0, Sum: 0.1]
      [GC Worker Other (ms): Min: 0.0, Avg: 0.0, Max: 0.1, Diff: 0.1, Sum: 0.5]
      [GC Worker Total (ms): Min: 101.3, Avg: 101.4, Max: 101.5, Diff: 0.2, Sum: 1318.4]
      [GC Worker End (ms): Min: 16418.4, Avg: 16418.4, Max: 16418.5, Diff: 0.1]
   [Code Root Fixup: 0.4 ms]
   [Code Root Migration: 0.0 ms]
   [Clear CT: 0.4 ms]
   [Other: 9.0 ms]
      [Choose CSet: 0.0 ms]
      [Ref Proc: 6.7 ms]
      [Ref Enq: 0.6 ms]
      [Free CSet: 0.3 ms]
   [Eden: 1056.0M(1056.0M)->0.0B(1056.0M) Survivors: 160.0M->160.0M Heap: 1545.4M(24.0G)->737.4M(24.0G)]
 [Times: user=1.27 sys=0.15, real=0.11 secs] 
2014-04-09T13:45:22.324+0900: 17.331: [GC pause (G1 Evacuation Pause) (young), 0.1047999 secs]
   [Parallel Time: 94.7 ms, GC Workers: 13]
      [GC Worker Start (ms): Min: 17330.9, Avg: 17331.0, Max: 17331.0, Diff: 0.1]
      [Ext Root Scanning (ms): Min: 0.8, Avg: 1.3, Max: 2.3, Diff: 1.4, Sum: 16.3]
      [Update RS (ms): Min: 3.1, Avg: 3.8, Max: 5.1, Diff: 2.0, Sum: 50.0]
         [Processed Buffers: Min: 8, Avg: 16.5, Max: 30, Diff: 22, Sum: 214]
      [Scan RS (ms): Min: 2.9, Avg: 3.8, Max: 4.2, Diff: 1.3, Sum: 49.6]
      [Code Root Scanning (ms): Min: 0.0, Avg: 0.0, Max: 0.0, Diff: 0.0, Sum: 0.0]
      [Object Copy (ms): Min: 84.9, Avg: 85.4, Max: 86.2, Diff: 1.4, Sum: 1110.3]
      [Termination (ms): Min: 0.0, Avg: 0.2, Max: 0.2, Diff: 0.2, Sum: 2.1]
      [GC Worker Other (ms): Min: 0.0, Avg: 0.0, Max: 0.1, Diff: 0.0, Sum: 0.4]
      [GC Worker Total (ms): Min: 94.4, Avg: 94.5, Max: 94.6, Diff: 0.2, Sum: 1228.8]
      [GC Worker End (ms): Min: 17425.5, Avg: 17425.5, Max: 17425.5, Diff: 0.0]
   [Code Root Fixup: 0.3 ms]
   [Code Root Migration: 0.0 ms]
   [Clear CT: 0.5 ms]
   [Other: 9.2 ms]
      [Choose CSet: 0.0 ms]
      [Ref Proc: 7.0 ms]
      [Ref Enq: 0.6 ms]
      [Free CSet: 0.3 ms]
   [Eden: 1056.0M(1056.0M)->0.0B(1056.0M) Survivors: 160.0M->160.0M Heap: 1793.4M(24.0G)->993.4M(24.0G)]
 [Times: user=1.17 sys=0.07, real=0.11 secs] 
2014-04-09T13:45:23.308+0900: 18.315: [GC pause (G1 Evacuation Pause) (young), 0.1429902 secs]
   [Parallel Time: 132.7 ms, GC Workers: 13]
      [GC Worker Start (ms): Min: 18315.4, Avg: 18315.5, Max: 18315.6, Diff: 0.2]
      [Ext Root Scanning (ms): Min: 1.0, Avg: 1.4, Max: 2.1, Diff: 1.1, Sum: 17.6]
      [Update RS (ms): Min: 5.9, Avg: 7.3, Max: 9.5, Diff: 3.7, Sum: 94.9]
         [Processed Buffers: Min: 2, Avg: 15.5, Max: 30, Diff: 28, Sum: 202]
      [Scan RS (ms): Min: 4.9, Avg: 7.0, Max: 7.8, Diff: 2.9, Sum: 90.5]
      [Code Root Scanning (ms): Min: 0.0, Avg: 0.0, Max: 0.0, Diff: 0.0, Sum: 0.0]
      [Object Copy (ms): Min: 116.7, Avg: 116.8, Max: 117.3, Diff: 0.6, Sum: 1518.7]
      [Termination (ms): Min: 0.0, Avg: 0.0, Max: 0.0, Diff: 0.0, Sum: 0.1]
      [GC Worker Other (ms): Min: 0.0, Avg: 0.0, Max: 0.1, Diff: 0.1, Sum: 0.5]
      [GC Worker Total (ms): Min: 132.4, Avg: 132.5, Max: 132.6, Diff: 0.2, Sum: 1722.3]
      [GC Worker End (ms): Min: 18448.0, Avg: 18448.0, Max: 18448.0, Diff: 0.1]
   [Code Root Fixup: 0.4 ms]
   [Code Root Migration: 0.0 ms]
   [Clear CT: 0.5 ms]
   [Other: 9.3 ms]
      [Choose CSet: 0.0 ms]
      [Ref Proc: 6.7 ms]
      [Ref Enq: 0.5 ms]
      [Free CSet: 0.4 ms]
   [Eden: 1056.0M(1056.0M)->0.0B(1056.0M) Survivors: 160.0M->160.0M Heap: 2049.4M(24.0G)->1201.4M(24.0G)]
 [Times: user=1.79 sys=0.06, real=0.14 secs] 
2014-04-09T13:45:24.305+0900: 19.311: [GC pause (G1 Evacuation Pause) (young), 0.1102561 secs]
   [Parallel Time: 99.6 ms, GC Workers: 13]
      [GC Worker Start (ms): Min: 19311.7, Avg: 19311.8, Max: 19311.9, Diff: 0.1]
      [Ext Root Scanning (ms): Min: 1.1, Avg: 1.3, Max: 1.8, Diff: 0.7, Sum: 16.3]
      [Update RS (ms): Min: 3.3, Avg: 4.4, Max: 6.8, Diff: 3.5, Sum: 57.1]
         [Processed Buffers: Min: 7, Avg: 16.8, Max: 24, Diff: 17, Sum: 219]
      [Scan RS (ms): Min: 2.8, Avg: 5.1, Max: 5.9, Diff: 3.1, Sum: 66.7]
      [Code Root Scanning (ms): Min: 0.0, Avg: 0.0, Max: 0.0, Diff: 0.0, Sum: 0.0]
      [Object Copy (ms): Min: 88.4, Avg: 88.6, Max: 89.0, Diff: 0.5, Sum: 1151.5]
      [Termination (ms): Min: 0.0, Avg: 0.0, Max: 0.0, Diff: 0.0, Sum: 0.1]
      [GC Worker Other (ms): Min: 0.0, Avg: 0.0, Max: 0.1, Diff: 0.1, Sum: 0.6]
      [GC Worker Total (ms): Min: 99.3, Avg: 99.4, Max: 99.5, Diff: 0.2, Sum: 1292.3]
      [GC Worker End (ms): Min: 19411.2, Avg: 19411.2, Max: 19411.3, Diff: 0.1]
   [Code Root Fixup: 0.4 ms]
   [Code Root Migration: 0.0 ms]
   [Clear CT: 0.6 ms]
   [Other: 9.7 ms]
      [Choose CSet: 0.0 ms]
      [Ref Proc: 7.0 ms]
      [Ref Enq: 0.5 ms]
      [Free CSet: 0.4 ms]
   [Eden: 1056.0M(1056.0M)->0.0B(1056.0M) Survivors: 160.0M->160.0M Heap: 2257.4M(24.0G)->1449.4M(24.0G)]
 [Times: user=1.24 sys=0.07, real=0.11 secs] 
2014-04-09T13:45:25.268+0900: 20.275: [GC pause (G1 Evacuation Pause) (young), 0.1099055 secs]
   [Parallel Time: 99.9 ms, GC Workers: 13]
      [GC Worker Start (ms): Min: 20275.6, Avg: 20275.6, Max: 20275.7, Diff: 0.1]
      [Ext Root Scanning (ms): Min: 0.7, Avg: 1.3, Max: 2.0, Diff: 1.3, Sum: 17.3]
      [Update RS (ms): Min: 6.5, Avg: 7.1, Max: 8.2, Diff: 1.8, Sum: 92.8]
         [Processed Buffers: Min: 3, Avg: 16.6, Max: 27, Diff: 24, Sum: 216]
      [Scan RS (ms): Min: 4.8, Avg: 6.3, Max: 7.0, Diff: 2.2, Sum: 82.0]
      [Code Root Scanning (ms): Min: 0.0, Avg: 0.0, Max: 0.0, Diff: 0.0, Sum: 0.0]
      [Object Copy (ms): Min: 84.5, Avg: 84.8, Max: 85.5, Diff: 1.0, Sum: 1101.9]
      [Termination (ms): Min: 0.0, Avg: 0.0, Max: 0.1, Diff: 0.0, Sum: 0.5]
      [GC Worker Other (ms): Min: 0.0, Avg: 0.0, Max: 0.1, Diff: 0.1, Sum: 0.5]
      [GC Worker Total (ms): Min: 99.5, Avg: 99.6, Max: 99.7, Diff: 0.1, Sum: 1294.9]
      [GC Worker End (ms): Min: 20375.2, Avg: 20375.2, Max: 20375.3, Diff: 0.1]
   [Code Root Fixup: 0.4 ms]
   [Code Root Migration: 0.0 ms]
   [Clear CT: 0.6 ms]
   [Other: 9.0 ms]
      [Choose CSet: 0.0 ms]
      [Ref Proc: 6.1 ms]
      [Ref Enq: 0.5 ms]
      [Free CSet: 0.5 ms]
   [Eden: 1056.0M(1056.0M)->0.0B(1056.0M) Survivors: 160.0M->160.0M Heap: 2505.4M(24.0G)->1713.4M(24.0G)]
 [Times: user=1.24 sys=0.07, real=0.11 secs] 
2014-04-09T13:45:26.227+0900: 21.234: [GC pause (G1 Evacuation Pause) (young), 0.1178358 secs]
   [Parallel Time: 107.2 ms, GC Workers: 13]
      [GC Worker Start (ms): Min: 21234.6, Avg: 21234.7, Max: 21234.7, Diff: 0.1]
      [Ext Root Scanning (ms): Min: 1.0, Avg: 1.3, Max: 1.7, Diff: 0.7, Sum: 16.9]
      [Update RS (ms): Min: 5.5, Avg: 6.5, Max: 8.8, Diff: 3.3, Sum: 84.6]
         [Processed Buffers: Min: 4, Avg: 16.2, Max: 36, Diff: 32, Sum: 211]
      [Scan RS (ms): Min: 4.3, Avg: 6.9, Max: 7.5, Diff: 3.2, Sum: 90.0]
      [Code Root Scanning (ms): Min: 0.0, Avg: 0.0, Max: 0.0, Diff: 0.0, Sum: 0.0]
      [Object Copy (ms): Min: 91.6, Avg: 92.1, Max: 93.0, Diff: 1.5, Sum: 1197.2]
      [Termination (ms): Min: 0.0, Avg: 0.0, Max: 0.0, Diff: 0.0, Sum: 0.3]
      [GC Worker Other (ms): Min: 0.0, Avg: 0.0, Max: 0.1, Diff: 0.0, Sum: 0.4]
      [GC Worker Total (ms): Min: 106.8, Avg: 106.9, Max: 106.9, Diff: 0.1, Sum: 1389.5]
      [GC Worker End (ms): Min: 21341.5, Avg: 21341.6, Max: 21341.6, Diff: 0.0]
   [Code Root Fixup: 0.3 ms]
   [Code Root Migration: 0.0 ms]
   [Clear CT: 0.7 ms]
   [Other: 9.7 ms]
      [Choose CSet: 0.0 ms]
      [Ref Proc: 6.4 ms]
      [Ref Enq: 0.5 ms]
      [Free CSet: 0.5 ms]
   [Eden: 1056.0M(1056.0M)->0.0B(1056.0M) Survivors: 160.0M->160.0M Heap: 2769.4M(24.0G)->1961.4M(24.0G)]
 [Times: user=1.34 sys=0.06, real=0.11 secs] 
2014-04-09T13:45:27.259+0900: 22.266: [GC pause (G1 Evacuation Pause) (young), 0.1833702 secs]
   [Parallel Time: 172.2 ms, GC Workers: 13]
      [GC Worker Start (ms): Min: 22266.2, Avg: 22266.3, Max: 22266.4, Diff: 0.1]
      [Ext Root Scanning (ms): Min: 1.2, Avg: 1.3, Max: 1.5, Diff: 0.3, Sum: 16.9]
      [Update RS (ms): Min: 8.3, Avg: 11.1, Max: 15.4, Diff: 7.1, Sum: 144.2]
         [Processed Buffers: Min: 7, Avg: 17.2, Max: 30, Diff: 23, Sum: 224]
      [Scan RS (ms): Min: 8.1, Avg: 11.8, Max: 14.5, Diff: 6.3, Sum: 153.8]
      [Code Root Scanning (ms): Min: 0.0, Avg: 0.0, Max: 0.0, Diff: 0.0, Sum: 0.1]
      [Object Copy (ms): Min: 144.9, Avg: 146.4, Max: 147.9, Diff: 3.0, Sum: 1902.6]
      [Termination (ms): Min: 0.0, Avg: 1.4, Max: 1.8, Diff: 1.8, Sum: 17.8]
      [GC Worker Other (ms): Min: 0.0, Avg: 0.0, Max: 0.1, Diff: 0.0, Sum: 0.4]
      [GC Worker Total (ms): Min: 171.9, Avg: 172.0, Max: 172.0, Diff: 0.1, Sum: 2235.7]
      [GC Worker End (ms): Min: 22438.3, Avg: 22438.3, Max: 22438.3, Diff: 0.0]
   [Code Root Fixup: 0.3 ms]
   [Code Root Migration: 0.0 ms]
   [Clear CT: 0.8 ms]
   [Other: 10.0 ms]
      [Choose CSet: 0.0 ms]
      [Ref Proc: 6.5 ms]
      [Ref Enq: 0.5 ms]
      [Free CSet: 0.5 ms]
   [Eden: 1056.0M(1056.0M)->0.0B(1056.0M) Survivors: 160.0M->160.0M Heap: 3017.4M(24.0G)->2169.4M(24.0G)]
 [Times: user=2.17 sys=0.07, real=0.18 secs] 
2014-04-09T13:45:28.324+0900: 23.330: [GC pause (G1 Evacuation Pause) (young), 0.1259149 secs]
   [Parallel Time: 114.1 ms, GC Workers: 13]
      [GC Worker Start (ms): Min: 23330.8, Avg: 23330.8, Max: 23330.9, Diff: 0.1]
      [Ext Root Scanning (ms): Min: 0.7, Avg: 1.3, Max: 2.1, Diff: 1.4, Sum: 17.1]
      [Update RS (ms): Min: 2.9, Avg: 4.0, Max: 5.4, Diff: 2.4, Sum: 51.6]
         [Processed Buffers: Min: 3, Avg: 15.8, Max: 30, Diff: 27, Sum: 205]
      [Scan RS (ms): Min: 7.4, Avg: 8.9, Max: 9.4, Diff: 2.0, Sum: 116.3]
      [Code Root Scanning (ms): Min: 0.0, Avg: 0.0, Max: 0.0, Diff: 0.0, Sum: 0.0]
      [Object Copy (ms): Min: 98.5, Avg: 98.9, Max: 99.3, Diff: 0.8, Sum: 1285.4]
      [Termination (ms): Min: 0.4, Avg: 0.7, Max: 0.8, Diff: 0.4, Sum: 9.2]
      [GC Worker Other (ms): Min: 0.0, Avg: 0.0, Max: 0.1, Diff: 0.1, Sum: 0.4]
      [GC Worker Total (ms): Min: 113.8, Avg: 113.8, Max: 113.9, Diff: 0.2, Sum: 1480.0]
      [GC Worker End (ms): Min: 23444.7, Avg: 23444.7, Max: 23444.7, Diff: 0.0]
   [Code Root Fixup: 0.4 ms]
   [Code Root Migration: 0.0 ms]
   [Clear CT: 0.8 ms]
   [Other: 10.6 ms]
      [Choose CSet: 0.0 ms]
      [Ref Proc: 7.0 ms]
      [Ref Enq: 0.5 ms]
      [Free CSet: 0.5 ms]
   [Eden: 1056.0M(1056.0M)->0.0B(1056.0M) Survivors: 160.0M->160.0M Heap: 3225.4M(24.0G)->2417.4M(24.0G)]
 [Times: user=1.44 sys=0.06, real=0.13 secs] 
2014-04-09T13:45:29.351+0900: 24.358: [GC pause (G1 Evacuation Pause) (young), 0.1162976 secs]
   [Parallel Time: 104.8 ms, GC Workers: 13]
      [GC Worker Start (ms): Min: 24358.5, Avg: 24358.6, Max: 24358.6, Diff: 0.1]
      [Ext Root Scanning (ms): Min: 1.2, Avg: 1.3, Max: 2.0, Diff: 0.8, Sum: 16.9]
      [Update RS (ms): Min: 5.7, Avg: 6.2, Max: 7.9, Diff: 2.3, Sum: 80.2]
         [Processed Buffers: Min: 7, Avg: 16.6, Max: 32, Diff: 25, Sum: 216]
      [Scan RS (ms): Min: 7.0, Avg: 8.6, Max: 9.3, Diff: 2.2, Sum: 112.2]
      [Code Root Scanning (ms): Min: 0.0, Avg: 0.0, Max: 0.0, Diff: 0.0, Sum: 0.0]
      [Object Copy (ms): Min: 88.1, Avg: 88.3, Max: 88.5, Diff: 0.4, Sum: 1147.8]
      [Termination (ms): Min: 0.0, Avg: 0.2, Max: 0.2, Diff: 0.2, Sum: 2.0]
      [GC Worker Other (ms): Min: 0.0, Avg: 0.0, Max: 0.1, Diff: 0.1, Sum: 0.5]
      [GC Worker Total (ms): Min: 104.5, Avg: 104.6, Max: 104.7, Diff: 0.2, Sum: 1359.7]
      [GC Worker End (ms): Min: 24463.1, Avg: 24463.1, Max: 24463.2, Diff: 0.1]
   [Code Root Fixup: 0.4 ms]
   [Code Root Migration: 0.0 ms]
   [Clear CT: 0.8 ms]
   [Other: 10.3 ms]
      [Choose CSet: 0.0 ms]
      [Ref Proc: 6.8 ms]
      [Ref Enq: 0.6 ms]
      [Free CSet: 0.6 ms]
   [Eden: 1056.0M(1056.0M)->0.0B(1056.0M) Survivors: 160.0M->160.0M Heap: 3473.4M(24.0G)->2657.4M(24.0G)]
 [Times: user=1.31 sys=0.06, real=0.11 secs] 
2014-04-09T13:45:30.368+0900: 25.374: [GC pause (G1 Evacuation Pause) (young), 0.1146807 secs]
   [Parallel Time: 104.0 ms, GC Workers: 13]
      [GC Worker Start (ms): Min: 25374.7, Avg: 25374.7, Max: 25374.8, Diff: 0.1]
      [Ext Root Scanning (ms): Min: 0.8, Avg: 1.2, Max: 1.5, Diff: 0.7, Sum: 15.9]
      [Update RS (ms): Min: 5.6, Avg: 6.1, Max: 7.8, Diff: 2.2, Sum: 78.8]
         [Processed Buffers: Min: 1, Avg: 15.3, Max: 29, Diff: 28, Sum: 199]
      [Scan RS (ms): Min: 8.2, Avg: 9.9, Max: 10.5, Diff: 2.3, Sum: 129.3]
      [Code Root Scanning (ms): Min: 0.0, Avg: 0.0, Max: 0.0, Diff: 0.0, Sum: 0.0]
      [Object Copy (ms): Min: 85.1, Avg: 85.6, Max: 86.2, Diff: 1.1, Sum: 1113.0]
      [Termination (ms): Min: 0.6, Avg: 0.9, Max: 1.1, Diff: 0.5, Sum: 11.6]
      [GC Worker Other (ms): Min: 0.0, Avg: 0.0, Max: 0.1, Diff: 0.0, Sum: 0.4]
      [GC Worker Total (ms): Min: 103.7, Avg: 103.8, Max: 103.8, Diff: 0.1, Sum: 1349.1]
      [GC Worker End (ms): Min: 25478.5, Avg: 25478.5, Max: 25478.5, Diff: 0.0]
   [Code Root Fixup: 0.3 ms]
   [Code Root Migration: 0.0 ms]
   [Clear CT: 0.7 ms]
   [Other: 9.6 ms]
      [Choose CSet: 0.0 ms]
      [Ref Proc: 6.0 ms]
      [Ref Enq: 0.6 ms]
      [Free CSet: 0.5 ms]
   [Eden: 1056.0M(1056.0M)->0.0B(1056.0M) Survivors: 160.0M->160.0M Heap: 3713.4M(24.0G)->2881.4M(24.0G)]
 [Times: user=1.30 sys=0.06, real=0.12 secs] 
2014-04-09T13:45:31.385+0900: 26.392: [GC pause (G1 Evacuation Pause) (young), 0.1146522 secs]
   [Parallel Time: 103.1 ms, GC Workers: 13]
      [GC Worker Start (ms): Min: 26392.2, Avg: 26392.2, Max: 26392.3, Diff: 0.1]
      [Ext Root Scanning (ms): Min: 0.8, Avg: 1.2, Max: 1.8, Diff: 1.0, Sum: 15.7]
      [Update RS (ms): Min: 5.8, Avg: 6.9, Max: 9.9, Diff: 4.1, Sum: 89.7]
         [Processed Buffers: Min: 1, Avg: 14.8, Max: 43, Diff: 42, Sum: 193]
      [Scan RS (ms): Min: 5.9, Avg: 9.0, Max: 9.6, Diff: 3.8, Sum: 116.9]
      [Code Root Scanning (ms): Min: 0.0, Avg: 0.0, Max: 0.0, Diff: 0.0, Sum: 0.0]
      [Object Copy (ms): Min: 85.4, Avg: 85.7, Max: 86.0, Diff: 0.6, Sum: 1113.7]
      [Termination (ms): Min: 0.0, Avg: 0.0, Max: 0.0, Diff: 0.0, Sum: 0.1]
      [GC Worker Other (ms): Min: 0.0, Avg: 0.0, Max: 0.1, Diff: 0.1, Sum: 0.6]
      [GC Worker Total (ms): Min: 102.7, Avg: 102.8, Max: 102.9, Diff: 0.2, Sum: 1336.7]
      [GC Worker End (ms): Min: 26495.0, Avg: 26495.1, Max: 26495.1, Diff: 0.1]
   [Code Root Fixup: 0.4 ms]
   [Code Root Migration: 0.0 ms]
   [Clear CT: 0.9 ms]
   [Other: 10.2 ms]
      [Choose CSet: 0.0 ms]
      [Ref Proc: 6.6 ms]
      [Ref Enq: 0.5 ms]
      [Free CSet: 0.5 ms]
   [Eden: 1056.0M(1056.0M)->0.0B(1056.0M) Survivors: 160.0M->160.0M Heap: 3937.4M(24.0G)->3113.4M(24.0G)]
 [Times: user=1.29 sys=0.06, real=0.12 secs] 
2014-04-09T13:45:32.392+0900: 27.398: [GC pause (G1 Evacuation Pause) (young), 0.1201456 secs]
   [Parallel Time: 108.4 ms, GC Workers: 13]
      [GC Worker Start (ms): Min: 27398.9, Avg: 27398.9, Max: 27399.0, Diff: 0.1]
      [Ext Root Scanning (ms): Min: 0.8, Avg: 1.3, Max: 2.0, Diff: 1.2, Sum: 17.2]
      [Update RS (ms): Min: 6.3, Avg: 7.9, Max: 12.5, Diff: 6.2, Sum: 102.2]
         [Processed Buffers: Min: 7, Avg: 16.2, Max: 38, Diff: 31, Sum: 211]
      [Scan RS (ms): Min: 4.1, Avg: 9.3, Max: 11.0, Diff: 6.9, Sum: 120.7]
      [Code Root Scanning (ms): Min: 0.0, Avg: 0.0, Max: 0.0, Diff: 0.0, Sum: 0.0]
      [Object Copy (ms): Min: 89.5, Avg: 89.7, Max: 90.0, Diff: 0.5, Sum: 1165.7]
      [Termination (ms): Min: 0.0, Avg: 0.0, Max: 0.0, Diff: 0.0, Sum: 0.1]
      [GC Worker Other (ms): Min: 0.0, Avg: 0.0, Max: 0.1, Diff: 0.1, Sum: 0.6]
      [GC Worker Total (ms): Min: 108.1, Avg: 108.2, Max: 108.3, Diff: 0.2, Sum: 1406.4]
      [GC Worker End (ms): Min: 27507.1, Avg: 27507.1, Max: 27507.2, Diff: 0.1]
   [Code Root Fixup: 0.4 ms]
   [Code Root Migration: 0.0 ms]
   [Clear CT: 0.7 ms]
   [Other: 10.6 ms]
      [Choose CSet: 0.0 ms]
      [Ref Proc: 6.9 ms]
      [Ref Enq: 0.6 ms]
      [Free CSet: 0.5 ms]
   [Eden: 1056.0M(1056.0M)->0.0B(1056.0M) Survivors: 160.0M->160.0M Heap: 4169.4M(24.0G)->3353.4M(24.0G)]
 [Times: user=1.36 sys=0.06, real=0.12 secs] 
2014-04-09T13:45:33.398+0900: 28.404: [GC pause (G1 Evacuation Pause) (young), 0.1167398 secs]
   [Parallel Time: 105.0 ms, GC Workers: 13]
      [GC Worker Start (ms): Min: 28404.7, Avg: 28404.8, Max: 28404.9, Diff: 0.1]
      [Ext Root Scanning (ms): Min: 1.2, Avg: 1.3, Max: 1.6, Diff: 0.4, Sum: 16.5]
      [Update RS (ms): Min: 7.9, Avg: 9.2, Max: 13.7, Diff: 5.9, Sum: 119.5]
         [Processed Buffers: Min: 1, Avg: 15.8, Max: 32, Diff: 31, Sum: 205]
      [Scan RS (ms): Min: 4.8, Avg: 10.0, Max: 11.5, Diff: 6.7, Sum: 129.5]
      [Code Root Scanning (ms): Min: 0.0, Avg: 0.0, Max: 0.0, Diff: 0.0, Sum: 0.0]
      [Object Copy (ms): Min: 84.0, Avg: 84.3, Max: 84.6, Diff: 0.6, Sum: 1095.5]
      [Termination (ms): Min: 0.0, Avg: 0.0, Max: 0.0, Diff: 0.0, Sum: 0.1]
      [GC Worker Other (ms): Min: 0.0, Avg: 0.0, Max: 0.1, Diff: 0.1, Sum: 0.6]
      [GC Worker Total (ms): Min: 104.7, Avg: 104.8, Max: 104.8, Diff: 0.2, Sum: 1361.8]
      [GC Worker End (ms): Min: 28509.5, Avg: 28509.5, Max: 28509.6, Diff: 0.1]
   [Code Root Fixup: 0.4 ms]
   [Code Root Migration: 0.0 ms]
   [Clear CT: 0.9 ms]
   [Other: 10.4 ms]
      [Choose CSet: 0.0 ms]
      [Ref Proc: 6.5 ms]
      [Ref Enq: 0.5 ms]
      [Free CSet: 0.5 ms]
   [Eden: 1056.0M(1056.0M)->0.0B(1056.0M) Survivors: 160.0M->160.0M Heap: 4409.4M(24.0G)->3593.4M(24.0G)]
 [Times: user=1.33 sys=0.05, real=0.12 secs] 
2014-04-09T13:45:34.410+0900: 29.417: [GC pause (G1 Evacuation Pause) (young), 0.1165853 secs]
   [Parallel Time: 104.6 ms, GC Workers: 13]
      [GC Worker Start (ms): Min: 29417.6, Avg: 29417.6, Max: 29417.7, Diff: 0.1]
      [Ext Root Scanning (ms): Min: 0.8, Avg: 1.3, Max: 1.5, Diff: 0.7, Sum: 16.5]
      [Update RS (ms): Min: 7.0, Avg: 8.3, Max: 10.9, Diff: 3.9, Sum: 108.4]
         [Processed Buffers: Min: 1, Avg: 15.4, Max: 39, Diff: 38, Sum: 200]
      [Scan RS (ms): Min: 7.9, Avg: 10.3, Max: 11.5, Diff: 3.6, Sum: 133.9]
      [Code Root Scanning (ms): Min: 0.0, Avg: 0.0, Max: 0.0, Diff: 0.0, Sum: 0.0]
      [Object Copy (ms): Min: 84.0, Avg: 84.4, Max: 85.3, Diff: 1.3, Sum: 1096.8]
      [Termination (ms): Min: 0.0, Avg: 0.0, Max: 0.0, Diff: 0.0, Sum: 0.3]
      [GC Worker Other (ms): Min: 0.0, Avg: 0.0, Max: 0.1, Diff: 0.1, Sum: 0.6]
      [GC Worker Total (ms): Min: 104.2, Avg: 104.3, Max: 104.4, Diff: 0.2, Sum: 1356.5]
      [GC Worker End (ms): Min: 29522.0, Avg: 29522.0, Max: 29522.0, Diff: 0.1]
   [Code Root Fixup: 0.4 ms]
   [Code Root Migration: 0.0 ms]
   [Clear CT: 1.0 ms]
   [Other: 10.6 ms]
      [Choose CSet: 0.0 ms]
      [Ref Proc: 6.6 ms]
      [Ref Enq: 0.6 ms]
      [Free CSet: 0.6 ms]
   [Eden: 1056.0M(1056.0M)->0.0B(1056.0M) Survivors: 160.0M->160.0M Heap: 4649.4M(24.0G)->3825.4M(24.0G)]
 [Times: user=1.30 sys=0.07, real=0.11 secs] 
2014-04-09T13:45:35.419+0900: 30.425: [GC pause (G1 Evacuation Pause) (young), 0.1172370 secs]
   [Parallel Time: 105.2 ms, GC Workers: 13]
      [GC Worker Start (ms): Min: 30425.8, Avg: 30425.9, Max: 30426.0, Diff: 0.1]
      [Ext Root Scanning (ms): Min: 1.2, Avg: 1.4, Max: 1.7, Diff: 0.5, Sum: 17.6]
      [Update RS (ms): Min: 5.9, Avg: 6.7, Max: 9.4, Diff: 3.5, Sum: 87.2]
         [Processed Buffers: Min: 0, Avg: 15.9, Max: 26, Diff: 26, Sum: 207]
      [Scan RS (ms): Min: 7.9, Avg: 10.9, Max: 11.9, Diff: 4.0, Sum: 141.3]
      [Code Root Scanning (ms): Min: 0.0, Avg: 0.0, Max: 0.0, Diff: 0.0, Sum: 0.0]
      [Object Copy (ms): Min: 85.6, Avg: 86.0, Max: 86.2, Diff: 0.6, Sum: 1117.4]
      [Termination (ms): Min: 0.0, Avg: 0.0, Max: 0.0, Diff: 0.0, Sum: 0.2]
      [GC Worker Other (ms): Min: 0.0, Avg: 0.0, Max: 0.1, Diff: 0.1, Sum: 0.6]
      [GC Worker Total (ms): Min: 104.9, Avg: 105.0, Max: 105.0, Diff: 0.2, Sum: 1364.5]
      [GC Worker End (ms): Min: 30530.8, Avg: 30530.9, Max: 30530.9, Diff: 0.1]
   [Code Root Fixup: 0.3 ms]
   [Code Root Migration: 0.0 ms]
   [Clear CT: 1.1 ms]
   [Other: 10.5 ms]
      [Choose CSet: 0.0 ms]
      [Ref Proc: 6.5 ms]
      [Ref Enq: 0.5 ms]
      [Free CSet: 0.6 ms]
   [Eden: 1056.0M(1056.0M)->0.0B(1056.0M) Survivors: 160.0M->160.0M Heap: 4881.4M(24.0G)->4065.4M(24.0G)]
 [Times: user=1.33 sys=0.05, real=0.12 secs] 
2014-04-09T13:45:36.466+0900: 31.473: [GC pause (G1 Evacuation Pause) (young), 0.2028092 secs]
   [Parallel Time: 191.1 ms, GC Workers: 13]
      [GC Worker Start (ms): Min: 31472.9, Avg: 31473.0, Max: 31473.1, Diff: 0.1]
      [Ext Root Scanning (ms): Min: 1.2, Avg: 1.3, Max: 1.5, Diff: 0.3, Sum: 16.6]
      [Update RS (ms): Min: 5.2, Avg: 5.9, Max: 7.0, Diff: 1.8, Sum: 77.1]
         [Processed Buffers: Min: 4, Avg: 15.6, Max: 29, Diff: 25, Sum: 203]
      [Scan RS (ms): Min: 12.0, Avg: 13.2, Max: 13.7, Diff: 1.7, Sum: 171.0]
      [Code Root Scanning (ms): Min: 0.0, Avg: 0.0, Max: 0.0, Diff: 0.0, Sum: 0.0]
      [Object Copy (ms): Min: 168.8, Avg: 169.1, Max: 170.2, Diff: 1.4, Sum: 2198.6]
      [Termination (ms): Min: 0.0, Avg: 1.3, Max: 1.5, Diff: 1.5, Sum: 16.6]
      [GC Worker Other (ms): Min: 0.0, Avg: 0.0, Max: 0.1, Diff: 0.1, Sum: 0.6]
      [GC Worker Total (ms): Min: 190.7, Avg: 190.8, Max: 190.9, Diff: 0.2, Sum: 2480.5]
      [GC Worker End (ms): Min: 31663.8, Avg: 31663.8, Max: 31663.9, Diff: 0.1]
   [Code Root Fixup: 0.4 ms]
   [Code Root Migration: 0.0 ms]
   [Clear CT: 1.2 ms]
   [Other: 10.1 ms]
      [Choose CSet: 0.0 ms]
      [Ref Proc: 6.3 ms]
      [Ref Enq: 0.6 ms]
      [Free CSet: 0.5 ms]
   [Eden: 1056.0M(1056.0M)->0.0B(1056.0M) Survivors: 160.0M->160.0M Heap: 5121.4M(24.0G)->4289.4M(24.0G)]
 [Times: user=2.44 sys=0.06, real=0.20 secs] 
2014-04-09T13:45:37.559+0900: 32.566: [GC pause (G1 Evacuation Pause) (young), 0.1298847 secs]
   [Parallel Time: 117.1 ms, GC Workers: 13]
      [GC Worker Start (ms): Min: 32566.6, Avg: 32566.6, Max: 32566.7, Diff: 0.1]
      [Ext Root Scanning (ms): Min: 0.9, Avg: 1.3, Max: 2.2, Diff: 1.3, Sum: 17.2]
      [Update RS (ms): Min: 2.8, Avg: 3.8, Max: 4.5, Diff: 1.7, Sum: 50.0]
         [Processed Buffers: Min: 6, Avg: 15.3, Max: 28, Diff: 22, Sum: 199]
      [Scan RS (ms): Min: 9.9, Avg: 10.7, Max: 11.0, Diff: 1.1, Sum: 138.7]
      [Code Root Scanning (ms): Min: 0.0, Avg: 0.0, Max: 0.0, Diff: 0.0, Sum: 0.0]
      [Object Copy (ms): Min: 100.5, Avg: 100.8, Max: 102.2, Diff: 1.7, Sum: 1310.8]
      [Termination (ms): Min: 0.0, Avg: 0.2, Max: 0.2, Diff: 0.2, Sum: 2.6]
      [GC Worker Other (ms): Min: 0.0, Avg: 0.0, Max: 0.1, Diff: 0.1, Sum: 0.6]
      [GC Worker Total (ms): Min: 116.8, Avg: 116.9, Max: 117.0, Diff: 0.1, Sum: 1519.9]
      [GC Worker End (ms): Min: 32683.5, Avg: 32683.5, Max: 32683.6, Diff: 0.1]
   [Code Root Fixup: 0.4 ms]
   [Code Root Migration: 0.0 ms]
   [Clear CT: 1.2 ms]
   [Other: 11.2 ms]
      [Choose CSet: 0.0 ms]
      [Ref Proc: 7.2 ms]
      [Ref Enq: 0.6 ms]
      [Free CSet: 0.5 ms]
   [Eden: 1056.0M(1056.0M)->0.0B(1056.0M) Survivors: 160.0M->160.0M Heap: 5345.4M(24.0G)->4537.4M(24.0G)]
 [Times: user=1.48 sys=0.05, real=0.13 secs] 
2014-04-09T13:45:38.621+0900: 33.628: [GC pause (G1 Evacuation Pause) (young), 0.1157910 secs]
   [Parallel Time: 104.0 ms, GC Workers: 13]
      [GC Worker Start (ms): Min: 33628.1, Avg: 33628.2, Max: 33628.2, Diff: 0.1]
      [Ext Root Scanning (ms): Min: 0.7, Avg: 1.3, Max: 1.7, Diff: 1.0, Sum: 16.7]
      [Update RS (ms): Min: 4.8, Avg: 5.4, Max: 6.3, Diff: 1.5, Sum: 69.6]
         [Processed Buffers: Min: 4, Avg: 14.9, Max: 23, Diff: 19, Sum: 194]
      [Scan RS (ms): Min: 9.5, Avg: 10.4, Max: 11.1, Diff: 1.6, Sum: 135.4]
      [Code Root Scanning (ms): Min: 0.0, Avg: 0.0, Max: 0.0, Diff: 0.0, Sum: 0.0]
      [Object Copy (ms): Min: 86.3, Avg: 86.6, Max: 87.5, Diff: 1.2, Sum: 1126.3]
      [Termination (ms): Min: 0.0, Avg: 0.0, Max: 0.0, Diff: 0.0, Sum: 0.4]
      [GC Worker Other (ms): Min: 0.0, Avg: 0.0, Max: 0.1, Diff: 0.1, Sum: 0.5]
      [GC Worker Total (ms): Min: 103.7, Avg: 103.8, Max: 103.8, Diff: 0.1, Sum: 1348.9]
      [GC Worker End (ms): Min: 33731.9, Avg: 33731.9, Max: 33732.0, Diff: 0.1]
   [Code Root Fixup: 0.3 ms]
   [Code Root Migration: 0.0 ms]
   [Clear CT: 1.2 ms]
   [Other: 10.2 ms]
      [Choose CSet: 0.0 ms]
      [Ref Proc: 6.4 ms]
      [Ref Enq: 0.6 ms]
      [Free CSet: 0.5 ms]
   [Eden: 1056.0M(1056.0M)->0.0B(1056.0M) Survivors: 160.0M->160.0M Heap: 5593.4M(24.0G)->4769.4M(24.0G)]
 [Times: user=1.30 sys=0.06, real=0.11 secs] 
2014-04-09T13:45:39.600+0900: 34.606: [GC pause (G1 Evacuation Pause) (young), 0.1161863 secs]
   [Parallel Time: 104.4 ms, GC Workers: 13]
      [GC Worker Start (ms): Min: 34606.7, Avg: 34606.8, Max: 34606.9, Diff: 0.1]
      [Ext Root Scanning (ms): Min: 1.2, Avg: 1.3, Max: 1.5, Diff: 0.3, Sum: 17.5]
      [Update RS (ms): Min: 4.9, Avg: 5.5, Max: 6.4, Diff: 1.5, Sum: 71.8]
         [Processed Buffers: Min: 4, Avg: 15.5, Max: 26, Diff: 22, Sum: 201]
      [Scan RS (ms): Min: 9.9, Avg: 10.7, Max: 11.2, Diff: 1.3, Sum: 139.1]
      [Code Root Scanning (ms): Min: 0.0, Avg: 0.0, Max: 0.0, Diff: 0.0, Sum: 0.0]
      [Object Copy (ms): Min: 86.4, Avg: 86.5, Max: 86.7, Diff: 0.3, Sum: 1124.4]
      [Termination (ms): Min: 0.0, Avg: 0.0, Max: 0.0, Diff: 0.0, Sum: 0.1]
      [GC Worker Other (ms): Min: 0.0, Avg: 0.0, Max: 0.1, Diff: 0.1, Sum: 0.5]
      [GC Worker Total (ms): Min: 104.0, Avg: 104.1, Max: 104.2, Diff: 0.2, Sum: 1353.4]
      [GC Worker End (ms): Min: 34710.9, Avg: 34710.9, Max: 34711.0, Diff: 0.1]
   [Code Root Fixup: 0.4 ms]
   [Code Root Migration: 0.0 ms]
   [Clear CT: 1.2 ms]
   [Other: 10.1 ms]
      [Choose CSet: 0.0 ms]
      [Ref Proc: 6.2 ms]
      [Ref Enq: 0.6 ms]
      [Free CSet: 0.6 ms]
   [Eden: 1056.0M(1056.0M)->0.0B(1056.0M) Survivors: 160.0M->160.0M Heap: 5825.4M(24.0G)->4985.4M(24.0G)]
 [Times: user=1.32 sys=0.06, real=0.11 secs] 
2014-04-09T13:45:40.592+0900: 35.599: [GC pause (G1 Evacuation Pause) (young), 0.1162444 secs]
   [Parallel Time: 104.0 ms, GC Workers: 13]
      [GC Worker Start (ms): Min: 35599.4, Avg: 35599.4, Max: 35599.5, Diff: 0.1]
      [Ext Root Scanning (ms): Min: 0.8, Avg: 1.3, Max: 2.0, Diff: 1.3, Sum: 16.9]
      [Update RS (ms): Min: 5.0, Avg: 5.6, Max: 5.9, Diff: 1.0, Sum: 73.2]
         [Processed Buffers: Min: 10, Avg: 14.8, Max: 27, Diff: 17, Sum: 193]
      [Scan RS (ms): Min: 10.0, Avg: 10.3, Max: 10.5, Diff: 0.5, Sum: 134.1]
      [Code Root Scanning (ms): Min: 0.0, Avg: 0.0, Max: 0.0, Diff: 0.0, Sum: 0.0]
      [Object Copy (ms): Min: 85.7, Avg: 86.0, Max: 87.0, Diff: 1.3, Sum: 1118.5]
      [Termination (ms): Min: 0.0, Avg: 0.4, Max: 0.4, Diff: 0.4, Sum: 4.6]
      [GC Worker Other (ms): Min: 0.0, Avg: 0.0, Max: 0.0, Diff: 0.0, Sum: 0.3]
      [GC Worker Total (ms): Min: 103.6, Avg: 103.7, Max: 103.7, Diff: 0.1, Sum: 1347.7]
      [GC Worker End (ms): Min: 35703.1, Avg: 35703.1, Max: 35703.1, Diff: 0.0]
   [Code Root Fixup: 0.4 ms]
   [Code Root Migration: 0.0 ms]
   [Clear CT: 1.2 ms]
   [Other: 10.7 ms]
      [Choose CSet: 0.0 ms]
      [Ref Proc: 6.6 ms]
      [Ref Enq: 0.5 ms]
      [Free CSet: 0.6 ms]
   [Eden: 1056.0M(1056.0M)->0.0B(1056.0M) Survivors: 160.0M->160.0M Heap: 6041.4M(24.0G)->5225.4M(24.0G)]
 [Times: user=1.32 sys=0.05, real=0.11 secs] 
2014-04-09T13:45:41.570+0900: 36.577: [GC pause (G1 Evacuation Pause) (young), 0.1148354 secs]
   [Parallel Time: 102.6 ms, GC Workers: 13]
      [GC Worker Start (ms): Min: 36577.6, Avg: 36577.6, Max: 36577.7, Diff: 0.1]
      [Ext Root Scanning (ms): Min: 0.9, Avg: 1.3, Max: 2.0, Diff: 1.1, Sum: 17.2]
      [Update RS (ms): Min: 5.5, Avg: 6.2, Max: 7.3, Diff: 1.8, Sum: 81.0]
         [Processed Buffers: Min: 7, Avg: 15.8, Max: 32, Diff: 25, Sum: 205]
      [Scan RS (ms): Min: 10.4, Avg: 11.4, Max: 11.8, Diff: 1.4, Sum: 148.4]
      [Code Root Scanning (ms): Min: 0.0, Avg: 0.0, Max: 0.0, Diff: 0.0, Sum: 0.0]
      [Object Copy (ms): Min: 82.9, Avg: 83.3, Max: 83.7, Diff: 0.8, Sum: 1082.5]
      [Termination (ms): Min: 0.0, Avg: 0.1, Max: 0.2, Diff: 0.2, Sum: 1.6]
      [GC Worker Other (ms): Min: 0.0, Avg: 0.0, Max: 0.0, Diff: 0.0, Sum: 0.3]
      [GC Worker Total (ms): Min: 102.3, Avg: 102.4, Max: 102.4, Diff: 0.1, Sum: 1331.0]
      [GC Worker End (ms): Min: 36680.0, Avg: 36680.0, Max: 36680.1, Diff: 0.1]
   [Code Root Fixup: 0.4 ms]
   [Code Root Migration: 0.0 ms]
   [Clear CT: 1.3 ms]
   [Other: 10.5 ms]
      [Choose CSet: 0.0 ms]
      [Ref Proc: 6.5 ms]
      [Ref Enq: 0.5 ms]
      [Free CSet: 0.6 ms]
   [Eden: 1056.0M(1056.0M)->0.0B(1056.0M) Survivors: 160.0M->160.0M Heap: 6281.4M(24.0G)->5465.4M(24.0G)]
 [Times: user=1.30 sys=0.05, real=0.11 secs] 
2014-04-09T13:45:42.571+0900: 37.578: [GC pause (G1 Evacuation Pause) (young), 0.1137912 secs]
   [Parallel Time: 101.2 ms, GC Workers: 13]
      [GC Worker Start (ms): Min: 37578.2, Avg: 37578.3, Max: 37578.3, Diff: 0.1]
      [Ext Root Scanning (ms): Min: 0.7, Avg: 1.3, Max: 1.5, Diff: 0.7, Sum: 16.4]
      [Update RS (ms): Min: 4.5, Avg: 5.5, Max: 7.8, Diff: 3.3, Sum: 71.0]
         [Processed Buffers: Min: 5, Avg: 15.1, Max: 37, Diff: 32, Sum: 196]
      [Scan RS (ms): Min: 7.9, Avg: 10.1, Max: 10.5, Diff: 2.6, Sum: 131.1]
      [Code Root Scanning (ms): Min: 0.0, Avg: 0.0, Max: 0.0, Diff: 0.0, Sum: 0.0]
      [Object Copy (ms): Min: 83.6, Avg: 83.8, Max: 84.7, Diff: 1.1, Sum: 1089.3]
      [Termination (ms): Min: 0.0, Avg: 0.2, Max: 0.3, Diff: 0.3, Sum: 3.2]
      [GC Worker Other (ms): Min: 0.0, Avg: 0.0, Max: 0.0, Diff: 0.0, Sum: 0.3]
      [GC Worker Total (ms): Min: 100.8, Avg: 100.9, Max: 100.9, Diff: 0.1, Sum: 1311.3]
      [GC Worker End (ms): Min: 37679.1, Avg: 37679.1, Max: 37679.2, Diff: 0.0]
   [Code Root Fixup: 0.3 ms]
   [Code Root Migration: 0.0 ms]
   [Clear CT: 1.4 ms]
   [Other: 10.9 ms]
      [Choose CSet: 0.0 ms]
      [Ref Proc: 6.8 ms]
      [Ref Enq: 0.6 ms]
      [Free CSet: 0.6 ms]
   [Eden: 1056.0M(1056.0M)->0.0B(1056.0M) Survivors: 160.0M->160.0M Heap: 6521.4M(24.0G)->5689.4M(24.0G)]
 [Times: user=1.28 sys=0.05, real=0.11 secs] 
2014-04-09T13:45:43.554+0900: 38.561: [GC pause (G1 Evacuation Pause) (young), 0.1184070 secs]
   [Parallel Time: 105.8 ms, GC Workers: 13]
      [GC Worker Start (ms): Min: 38561.3, Avg: 38561.4, Max: 38561.4, Diff: 0.1]
      [Ext Root Scanning (ms): Min: 0.8, Avg: 1.3, Max: 2.0, Diff: 1.1, Sum: 17.5]
      [Update RS (ms): Min: 5.3, Avg: 6.3, Max: 8.4, Diff: 3.1, Sum: 82.0]
         [Processed Buffers: Min: 8, Avg: 16.3, Max: 24, Diff: 16, Sum: 212]
      [Scan RS (ms): Min: 8.9, Avg: 10.8, Max: 11.3, Diff: 2.4, Sum: 140.4]
      [Code Root Scanning (ms): Min: 0.0, Avg: 0.0, Max: 0.0, Diff: 0.0, Sum: 0.0]
      [Object Copy (ms): Min: 86.7, Avg: 86.9, Max: 87.4, Diff: 0.7, Sum: 1129.8]
      [Termination (ms): Min: 0.1, Avg: 0.2, Max: 0.2, Diff: 0.1, Sum: 2.6]
      [GC Worker Other (ms): Min: 0.0, Avg: 0.0, Max: 0.1, Diff: 0.0, Sum: 0.4]
      [GC Worker Total (ms): Min: 105.5, Avg: 105.6, Max: 105.7, Diff: 0.2, Sum: 1372.7]
      [GC Worker End (ms): Min: 38666.9, Avg: 38667.0, Max: 38667.0, Diff: 0.1]
   [Code Root Fixup: 0.4 ms]
   [Code Root Migration: 0.0 ms]
   [Clear CT: 1.3 ms]
   [Other: 10.8 ms]
      [Choose CSet: 0.0 ms]
      [Ref Proc: 6.6 ms]
      [Ref Enq: 0.5 ms]
      [Free CSet: 0.6 ms]
   [Eden: 1056.0M(1056.0M)->0.0B(1056.0M) Survivors: 160.0M->160.0M Heap: 6745.4M(24.0G)->5937.4M(24.0G)]
 [Times: user=1.33 sys=0.06, real=0.12 secs] 
2014-04-09T13:45:44.543+0900: 39.550: [GC pause (G1 Evacuation Pause) (young), 0.1126645 secs]
   [Parallel Time: 100.0 ms, GC Workers: 13]
      [GC Worker Start (ms): Min: 39550.6, Avg: 39550.6, Max: 39550.7, Diff: 0.1]
      [Ext Root Scanning (ms): Min: 0.8, Avg: 1.3, Max: 2.1, Diff: 1.3, Sum: 17.0]
      [Update RS (ms): Min: 5.7, Avg: 6.6, Max: 7.7, Diff: 2.0, Sum: 86.4]
         [Processed Buffers: Min: 6, Avg: 15.5, Max: 23, Diff: 17, Sum: 201]
      [Scan RS (ms): Min: 10.2, Avg: 11.1, Max: 11.5, Diff: 1.3, Sum: 143.8]
      [Code Root Scanning (ms): Min: 0.0, Avg: 0.0, Max: 0.0, Diff: 0.0, Sum: 0.0]
      [Object Copy (ms): Min: 80.4, Avg: 80.7, Max: 81.7, Diff: 1.4, Sum: 1049.5]
      [Termination (ms): Min: 0.0, Avg: 0.1, Max: 0.2, Diff: 0.2, Sum: 1.9]
      [GC Worker Other (ms): Min: 0.0, Avg: 0.0, Max: 0.0, Diff: 0.0, Sum: 0.3]
      [GC Worker Total (ms): Min: 99.8, Avg: 99.9, Max: 100.0, Diff: 0.1, Sum: 1298.9]
      [GC Worker End (ms): Min: 39650.5, Avg: 39650.5, Max: 39650.6, Diff: 0.0]
   [Code Root Fixup: 0.5 ms]
   [Code Root Migration: 0.0 ms]
   [Clear CT: 1.5 ms]
   [Other: 10.6 ms]
      [Choose CSet: 0.0 ms]
      [Ref Proc: 6.5 ms]
      [Ref Enq: 0.7 ms]
      [Free CSet: 0.7 ms]
   [Eden: 1056.0M(1056.0M)->0.0B(1056.0M) Survivors: 160.0M->160.0M Heap: 6993.4M(24.0G)->6177.4M(24.0G)]
 [Times: user=1.26 sys=0.07, real=0.11 secs] 
2014-04-09T13:45:45.531+0900: 40.538: [GC pause (G1 Evacuation Pause) (young), 0.1189489 secs]
   [Parallel Time: 106.3 ms, GC Workers: 13]
      [GC Worker Start (ms): Min: 40538.2, Avg: 40538.3, Max: 40538.3, Diff: 0.1]
      [Ext Root Scanning (ms): Min: 0.9, Avg: 1.3, Max: 1.6, Diff: 0.7, Sum: 16.8]
      [Update RS (ms): Min: 6.1, Avg: 6.3, Max: 6.9, Diff: 0.8, Sum: 82.4]
         [Processed Buffers: Min: 11, Avg: 15.9, Max: 27, Diff: 16, Sum: 207]
      [Scan RS (ms): Min: 9.9, Avg: 10.5, Max: 10.9, Diff: 1.0, Sum: 136.8]
      [Code Root Scanning (ms): Min: 0.0, Avg: 0.0, Max: 0.0, Diff: 0.0, Sum: 0.0]
      [Object Copy (ms): Min: 87.6, Avg: 87.8, Max: 88.2, Diff: 0.7, Sum: 1141.3]
      [Termination (ms): Min: 0.0, Avg: 0.0, Max: 0.0, Diff: 0.0, Sum: 0.1]
      [GC Worker Other (ms): Min: 0.0, Avg: 0.1, Max: 0.1, Diff: 0.1, Sum: 0.7]
      [GC Worker Total (ms): Min: 105.9, Avg: 106.0, Max: 106.1, Diff: 0.2, Sum: 1378.1]
      [GC Worker End (ms): Min: 40644.2, Avg: 40644.3, Max: 40644.3, Diff: 0.1]
   [Code Root Fixup: 0.3 ms]
   [Code Root Migration: 0.0 ms]
   [Clear CT: 1.6 ms]
   [Other: 10.7 ms]
      [Choose CSet: 0.0 ms]
      [Ref Proc: 6.5 ms]
      [Ref Enq: 0.7 ms]
      [Free CSet: 0.7 ms]
   [Eden: 1056.0M(1056.0M)->0.0B(1056.0M) Survivors: 160.0M->160.0M Heap: 7233.4M(24.0G)->6417.4M(24.0G)]
 [Times: user=1.35 sys=0.05, real=0.11 secs] 
2014-04-09T13:45:46.526+0900: 41.533: [GC pause (G1 Evacuation Pause) (young), 0.1190419 secs]
   [Parallel Time: 105.9 ms, GC Workers: 13]
      [GC Worker Start (ms): Min: 41533.2, Avg: 41533.3, Max: 41533.4, Diff: 0.1]
      [Ext Root Scanning (ms): Min: 1.0, Avg: 1.3, Max: 1.6, Diff: 0.7, Sum: 17.5]
      [Update RS (ms): Min: 5.7, Avg: 6.1, Max: 7.0, Diff: 1.3, Sum: 79.7]
         [Processed Buffers: Min: 5, Avg: 15.5, Max: 29, Diff: 24, Sum: 201]
      [Scan RS (ms): Min: 10.4, Avg: 11.5, Max: 12.0, Diff: 1.6, Sum: 149.4]
      [Code Root Scanning (ms): Min: 0.0, Avg: 0.0, Max: 0.0, Diff: 0.0, Sum: 0.0]
      [Object Copy (ms): Min: 85.5, Avg: 85.8, Max: 86.4, Diff: 0.8, Sum: 1115.1]
      [Termination (ms): Min: 0.4, Avg: 0.8, Max: 0.9, Diff: 0.5, Sum: 10.7]
      [GC Worker Other (ms): Min: 0.0, Avg: 0.1, Max: 0.1, Diff: 0.1, Sum: 0.7]
      [GC Worker Total (ms): Min: 105.5, Avg: 105.6, Max: 105.7, Diff: 0.1, Sum: 1373.1]
      [GC Worker End (ms): Min: 41638.9, Avg: 41638.9, Max: 41638.9, Diff: 0.1]
   [Code Root Fixup: 0.4 ms]
   [Code Root Migration: 0.0 ms]
   [Clear CT: 1.6 ms]
   [Other: 11.1 ms]
      [Choose CSet: 0.0 ms]
      [Ref Proc: 6.7 ms]
      [Ref Enq: 0.7 ms]
      [Free CSet: 0.7 ms]
   [Eden: 1056.0M(1056.0M)->0.0B(1056.0M) Survivors: 160.0M->160.0M Heap: 7473.4M(24.0G)->6657.4M(24.0G)]
 [Times: user=1.35 sys=0.05, real=0.12 secs] 
2014-04-09T13:45:47.544+0900: 42.551: [GC pause (G1 Evacuation Pause) (young), 0.1162184 secs]
   [Parallel Time: 103.0 ms, GC Workers: 13]
      [GC Worker Start (ms): Min: 42550.9, Avg: 42551.0, Max: 42551.1, Diff: 0.1]
      [Ext Root Scanning (ms): Min: 1.0, Avg: 1.3, Max: 2.0, Diff: 0.9, Sum: 17.2]
      [Update RS (ms): Min: 5.8, Avg: 7.0, Max: 16.7, Diff: 10.9, Sum: 90.9]
         [Processed Buffers: Min: 3, Avg: 15.5, Max: 37, Diff: 34, Sum: 202]
      [Scan RS (ms): Min: 2.0, Avg: 11.6, Max: 12.8, Diff: 10.8, Sum: 151.0]
      [Code Root Scanning (ms): Min: 0.0, Avg: 0.0, Max: 0.0, Diff: 0.0, Sum: 0.0]
      [Object Copy (ms): Min: 82.4, Avg: 82.6, Max: 82.9, Diff: 0.5, Sum: 1074.0]
      [Termination (ms): Min: 0.0, Avg: 0.1, Max: 0.2, Diff: 0.2, Sum: 1.9]
      [GC Worker Other (ms): Min: 0.0, Avg: 0.0, Max: 0.1, Diff: 0.1, Sum: 0.6]
      [GC Worker Total (ms): Min: 102.7, Avg: 102.7, Max: 102.8, Diff: 0.1, Sum: 1335.6]
      [GC Worker End (ms): Min: 42653.7, Avg: 42653.7, Max: 42653.8, Diff: 0.1]
   [Code Root Fixup: 0.4 ms]
   [Code Root Migration: 0.0 ms]
   [Clear CT: 1.6 ms]
   [Other: 11.2 ms]
      [Choose CSet: 0.0 ms]
      [Ref Proc: 6.7 ms]
      [Ref Enq: 0.7 ms]
      [Free CSet: 0.7 ms]
   [Eden: 1056.0M(1056.0M)->0.0B(1056.0M) Survivors: 160.0M->160.0M Heap: 7713.4M(24.0G)->6897.4M(24.0G)]
 [Times: user=1.30 sys=0.06, real=0.11 secs] 
2014-04-09T13:45:48.556+0900: 43.563: [GC pause (G1 Evacuation Pause) (young), 0.1138716 secs]
   [Parallel Time: 100.4 ms, GC Workers: 13]
      [GC Worker Start (ms): Min: 43563.5, Avg: 43563.5, Max: 43563.6, Diff: 0.1]
      [Ext Root Scanning (ms): Min: 1.0, Avg: 1.4, Max: 2.0, Diff: 1.1, Sum: 17.8]
      [Update RS (ms): Min: 5.5, Avg: 6.6, Max: 7.7, Diff: 2.2, Sum: 85.7]
         [Processed Buffers: Min: 8, Avg: 14.7, Max: 24, Diff: 16, Sum: 191]
      [Scan RS (ms): Min: 10.9, Avg: 11.9, Max: 12.4, Diff: 1.6, Sum: 154.7]
      [Code Root Scanning (ms): Min: 0.0, Avg: 0.0, Max: 0.0, Diff: 0.0, Sum: 0.0]
      [Object Copy (ms): Min: 79.9, Avg: 80.2, Max: 81.2, Diff: 1.3, Sum: 1042.4]
      [Termination (ms): Min: 0.0, Avg: 0.0, Max: 0.0, Diff: 0.0, Sum: 0.0]
      [GC Worker Other (ms): Min: 0.0, Avg: 0.0, Max: 0.1, Diff: 0.1, Sum: 0.5]
      [GC Worker Total (ms): Min: 100.0, Avg: 100.1, Max: 100.2, Diff: 0.1, Sum: 1301.1]
      [GC Worker End (ms): Min: 43663.6, Avg: 43663.6, Max: 43663.7, Diff: 0.1]
   [Code Root Fixup: 0.4 ms]
   [Code Root Migration: 0.0 ms]
   [Clear CT: 1.7 ms]
   [Other: 11.4 ms]
      [Choose CSet: 0.0 ms]
      [Ref Proc: 6.8 ms]
      [Ref Enq: 0.7 ms]
      [Free CSet: 0.7 ms]
   [Eden: 1056.0M(1056.0M)->0.0B(1056.0M) Survivors: 160.0M->160.0M Heap: 7953.4M(24.0G)->7137.4M(24.0G)]
 [Times: user=1.27 sys=0.06, real=0.11 secs] 
2014-04-09T13:45:49.553+0900: 44.560: [GC pause (G1 Evacuation Pause) (young), 0.1145707 secs]
   [Parallel Time: 101.0 ms, GC Workers: 13]
      [GC Worker Start (ms): Min: 44560.3, Avg: 44560.3, Max: 44560.4, Diff: 0.1]
      [Ext Root Scanning (ms): Min: 1.0, Avg: 1.4, Max: 2.1, Diff: 1.1, Sum: 18.1]
      [Update RS (ms): Min: 4.7, Avg: 5.9, Max: 7.0, Diff: 2.2, Sum: 76.8]
         [Processed Buffers: Min: 8, Avg: 16.2, Max: 30, Diff: 22, Sum: 211]
      [Scan RS (ms): Min: 10.9, Avg: 12.1, Max: 12.5, Diff: 1.6, Sum: 156.8]
      [Code Root Scanning (ms): Min: 0.0, Avg: 0.0, Max: 0.0, Diff: 0.0, Sum: 0.0]
      [Object Copy (ms): Min: 81.2, Avg: 81.3, Max: 81.7, Diff: 0.5, Sum: 1057.4]
      [Termination (ms): Min: 0.0, Avg: 0.0, Max: 0.1, Diff: 0.1, Sum: 0.4]
      [GC Worker Other (ms): Min: 0.0, Avg: 0.0, Max: 0.1, Diff: 0.1, Sum: 0.5]
      [GC Worker Total (ms): Min: 100.7, Avg: 100.8, Max: 100.8, Diff: 0.1, Sum: 1310.0]
      [GC Worker End (ms): Min: 44661.1, Avg: 44661.1, Max: 44661.1, Diff: 0.1]
   [Code Root Fixup: 0.3 ms]
   [Code Root Migration: 0.0 ms]
   [Clear CT: 1.8 ms]
   [Other: 11.4 ms]
      [Choose CSet: 0.0 ms]
      [Ref Proc: 6.8 ms]
      [Ref Enq: 0.7 ms]
      [Free CSet: 0.7 ms]
   [Eden: 1056.0M(1056.0M)->0.0B(1056.0M) Survivors: 160.0M->160.0M Heap: 8193.4M(24.0G)->7385.4M(24.0G)]
 [Times: user=1.28 sys=0.06, real=0.11 secs] 
2014-04-09T13:45:50.529+0900: 45.536: [GC pause (G1 Evacuation Pause) (young), 0.1152347 secs]
   [Parallel Time: 101.3 ms, GC Workers: 13]
      [GC Worker Start (ms): Min: 45536.5, Avg: 45536.6, Max: 45536.7, Diff: 0.1]
      [Ext Root Scanning (ms): Min: 1.0, Avg: 1.4, Max: 1.7, Diff: 0.7, Sum: 17.8]
      [Update RS (ms): Min: 5.5, Avg: 5.9, Max: 6.4, Diff: 0.8, Sum: 76.7]
         [Processed Buffers: Min: 6, Avg: 15.3, Max: 27, Diff: 21, Sum: 199]
      [Scan RS (ms): Min: 12.2, Avg: 12.6, Max: 13.1, Diff: 0.9, Sum: 164.0]
      [Code Root Scanning (ms): Min: 0.0, Avg: 0.0, Max: 0.0, Diff: 0.0, Sum: 0.0]
      [Object Copy (ms): Min: 80.9, Avg: 81.1, Max: 81.7, Diff: 0.8, Sum: 1054.4]
      [Termination (ms): Min: 0.0, Avg: 0.0, Max: 0.1, Diff: 0.1, Sum: 0.6]
      [GC Worker Other (ms): Min: 0.0, Avg: 0.0, Max: 0.1, Diff: 0.1, Sum: 0.6]
      [GC Worker Total (ms): Min: 101.0, Avg: 101.1, Max: 101.1, Diff: 0.1, Sum: 1314.0]
      [GC Worker End (ms): Min: 45637.6, Avg: 45637.7, Max: 45637.7, Diff: 0.1]
   [Code Root Fixup: 0.4 ms]
   [Code Root Migration: 0.0 ms]
   [Clear CT: 1.9 ms]
   [Other: 11.6 ms]
      [Choose CSet: 0.0 ms]
      [Ref Proc: 6.8 ms]
      [Ref Enq: 0.7 ms]
      [Free CSet: 0.7 ms]
   [Eden: 1056.0M(1056.0M)->0.0B(1056.0M) Survivors: 160.0M->160.0M Heap: 8441.4M(24.0G)->7609.4M(24.0G)]
 [Times: user=1.29 sys=0.05, real=0.12 secs] 
2014-04-09T13:45:51.513+0900: 46.520: [GC pause (G1 Evacuation Pause) (young) (initial-mark), 0.1174174 secs]
   [Parallel Time: 102.7 ms, GC Workers: 13]
      [GC Worker Start (ms): Min: 46520.4, Avg: 46520.4, Max: 46520.5, Diff: 0.1]
      [Ext Root Scanning (ms): Min: 0.8, Avg: 1.4, Max: 3.8, Diff: 3.0, Sum: 17.6]
      [Code Root Marking (ms): Min: 0.0, Avg: 0.5, Max: 4.3, Diff: 4.2, Sum: 7.0]
      [Update RS (ms): Min: 1.7, Avg: 5.4, Max: 6.8, Diff: 5.1, Sum: 70.8]
         [Processed Buffers: Min: 6, Avg: 14.8, Max: 24, Diff: 18, Sum: 193]
      [Scan RS (ms): Min: 11.6, Avg: 11.9, Max: 12.3, Diff: 0.7, Sum: 155.1]
      [Code Root Scanning (ms): Min: 0.0, Avg: 0.0, Max: 0.0, Diff: 0.0, Sum: 0.0]
      [Object Copy (ms): Min: 82.1, Avg: 83.1, Max: 83.7, Diff: 1.5, Sum: 1080.7]
      [Termination (ms): Min: 0.0, Avg: 0.0, Max: 0.0, Diff: 0.0, Sum: 0.1]
      [GC Worker Other (ms): Min: 0.0, Avg: 0.0, Max: 0.1, Diff: 0.1, Sum: 0.6]
      [GC Worker Total (ms): Min: 102.4, Avg: 102.5, Max: 102.6, Diff: 0.2, Sum: 1332.0]
      [GC Worker End (ms): Min: 46622.9, Avg: 46622.9, Max: 46622.9, Diff: 0.1]
   [Code Root Fixup: 0.4 ms]
   [Code Root Migration: 0.0 ms]
   [Clear CT: 1.9 ms]
   [Other: 12.3 ms]
      [Choose CSet: 0.0 ms]
      [Ref Proc: 6.9 ms]
      [Ref Enq: 0.8 ms]
      [Free CSet: 0.7 ms]
   [Eden: 1056.0M(1056.0M)->0.0B(1056.0M) Survivors: 160.0M->160.0M Heap: 8665.4M(24.0G)->7849.4M(24.0G)]
 [Times: user=1.30 sys=0.06, real=0.11 secs] 
2014-04-09T13:45:51.631+0900: 46.637: [GC concurrent-root-region-scan-start]
2014-04-09T13:45:51.682+0900: 46.689: [GC concurrent-root-region-scan-end, 0.0513124 secs]
2014-04-09T13:45:51.682+0900: 46.689: [GC concurrent-mark-start]
2014-04-09T13:45:52.586+0900: 47.593: [GC concurrent-mark-end, 0.9043085 secs]
2014-04-09T13:45:52.588+0900: 47.595: [GC remark 47.647: [GC ref-proc, 0.0136356 secs], 0.0850145 secs]
 [Times: user=0.85 sys=0.00, real=0.09 secs] 
2014-04-09T13:45:52.675+0900: 47.682: [GC cleanup 8723M->8723M(24G), 0.0145928 secs]
 [Times: user=0.17 sys=0.00, real=0.01 secs] 
2014-04-09T13:45:52.860+0900: 47.866: [GC pause (G1 Evacuation Pause) (young), 0.1183760 secs]
   [Parallel Time: 104.2 ms, GC Workers: 13]
      [GC Worker Start (ms): Min: 47866.7, Avg: 47866.8, Max: 47866.9, Diff: 0.1]
      [Ext Root Scanning (ms): Min: 0.9, Avg: 1.4, Max: 2.1, Diff: 1.2, Sum: 18.3]
      [Update RS (ms): Min: 5.3, Avg: 5.6, Max: 6.2, Diff: 1.0, Sum: 72.5]
         [Processed Buffers: Min: 10, Avg: 15.5, Max: 24, Diff: 14, Sum: 202]
      [Scan RS (ms): Min: 12.0, Avg: 12.5, Max: 13.2, Diff: 1.2, Sum: 163.0]
      [Code Root Scanning (ms): Min: 0.0, Avg: 0.0, Max: 0.0, Diff: 0.0, Sum: 0.0]
      [Object Copy (ms): Min: 83.6, Avg: 84.0, Max: 84.4, Diff: 0.8, Sum: 1092.1]
      [Termination (ms): Min: 0.0, Avg: 0.4, Max: 0.4, Diff: 0.4, Sum: 5.1]
      [GC Worker Other (ms): Min: 0.0, Avg: 0.0, Max: 0.1, Diff: 0.0, Sum: 0.4]
      [GC Worker Total (ms): Min: 103.9, Avg: 103.9, Max: 104.0, Diff: 0.2, Sum: 1351.3]
      [GC Worker End (ms): Min: 47970.7, Avg: 47970.8, Max: 47970.8, Diff: 0.1]
   [Code Root Fixup: 0.4 ms]
   [Code Root Migration: 0.0 ms]
   [Clear CT: 2.0 ms]
   [Other: 11.8 ms]
      [Choose CSet: 0.0 ms]
      [Ref Proc: 6.8 ms]
      [Ref Enq: 0.7 ms]
      [Free CSet: 0.8 ms]
   [Eden: 1056.0M(1056.0M)->0.0B(1056.0M) Survivors: 160.0M->160.0M Heap: 8905.4M(24.0G)->8089.4M(24.0G)]
 [Times: user=1.30 sys=0.07, real=0.12 secs] 
2014-04-09T13:45:53.857+0900: 48.863: [GC pause (G1 Evacuation Pause) (mixed), 0.2421702 secs]
   [Parallel Time: 226.4 ms, GC Workers: 13]
      [GC Worker Start (ms): Min: 48863.9, Avg: 48863.9, Max: 48864.0, Diff: 0.1]
      [Ext Root Scanning (ms): Min: 0.9, Avg: 1.4, Max: 2.6, Diff: 1.7, Sum: 18.3]
      [Update RS (ms): Min: 9.4, Avg: 11.0, Max: 12.9, Diff: 3.5, Sum: 142.8]
         [Processed Buffers: Min: 7, Avg: 17.0, Max: 30, Diff: 23, Sum: 221]
      [Scan RS (ms): Min: 45.6, Avg: 47.3, Max: 48.8, Diff: 3.2, Sum: 614.8]
      [Code Root Scanning (ms): Min: 0.0, Avg: 0.0, Max: 0.1, Diff: 0.1, Sum: 0.2]
      [Object Copy (ms): Min: 165.0, Avg: 166.2, Max: 167.4, Diff: 2.4, Sum: 2160.6]
      [Termination (ms): Min: 0.1, Avg: 0.2, Max: 0.3, Diff: 0.2, Sum: 2.6]
      [GC Worker Other (ms): Min: 0.0, Avg: 0.0, Max: 0.1, Diff: 0.1, Sum: 0.5]
      [GC Worker Total (ms): Min: 226.1, Avg: 226.1, Max: 226.2, Diff: 0.1, Sum: 2939.9]
      [GC Worker End (ms): Min: 49090.1, Avg: 49090.1, Max: 49090.1, Diff: 0.1]
   [Code Root Fixup: 0.5 ms]
   [Code Root Migration: 0.4 ms]
   [Clear CT: 2.4 ms]
   [Other: 12.6 ms]
      [Choose CSet: 0.2 ms]
      [Ref Proc: 6.9 ms]
      [Ref Enq: 0.7 ms]
      [Free CSet: 1.3 ms]
   [Eden: 1056.0M(1056.0M)->0.0B(1056.0M) Survivors: 160.0M->160.0M Heap: 9145.4M(24.0G)->7688.0M(24.0G)]
 [Times: user=2.64 sys=0.09, real=0.24 secs] 
2014-04-09T13:45:54.971+0900: 49.977: [GC pause (G1 Evacuation Pause) (mixed), 0.1688396 secs]
   [Parallel Time: 152.1 ms, GC Workers: 13]
      [GC Worker Start (ms): Min: 49978.0, Avg: 49978.1, Max: 49978.2, Diff: 0.1]
      [Ext Root Scanning (ms): Min: 1.3, Avg: 1.4, Max: 2.3, Diff: 1.0, Sum: 18.7]
      [Update RS (ms): Min: 1.9, Avg: 3.1, Max: 3.6, Diff: 1.6, Sum: 39.8]
         [Processed Buffers: Min: 7, Avg: 15.1, Max: 30, Diff: 23, Sum: 196]
      [Scan RS (ms): Min: 25.6, Avg: 25.9, Max: 26.2, Diff: 0.6, Sum: 336.2]
      [Code Root Scanning (ms): Min: 0.0, Avg: 0.0, Max: 0.0, Diff: 0.0, Sum: 0.1]
      [Object Copy (ms): Min: 120.6, Avg: 120.9, Max: 121.5, Diff: 0.9, Sum: 1572.1]
      [Termination (ms): Min: 0.0, Avg: 0.5, Max: 0.6, Diff: 0.6, Sum: 6.3]
      [GC Worker Other (ms): Min: 0.0, Avg: 0.0, Max: 0.1, Diff: 0.1, Sum: 0.6]
      [GC Worker Total (ms): Min: 151.8, Avg: 151.8, Max: 151.9, Diff: 0.1, Sum: 1973.9]
      [GC Worker End (ms): Min: 50129.9, Avg: 50129.9, Max: 50130.0, Diff: 0.1]
   [Code Root Fixup: 0.4 ms]
   [Code Root Migration: 0.1 ms]
   [Clear CT: 2.2 ms]
   [Other: 14.0 ms]
      [Choose CSet: 0.2 ms]
      [Ref Proc: 7.3 ms]
      [Ref Enq: 1.2 ms]
      [Free CSet: 1.4 ms]
   [Eden: 1056.0M(1056.0M)->0.0B(1056.0M) Survivors: 160.0M->160.0M Heap: 8744.0M(24.0G)->7288.0M(24.0G)]
 [Times: user=1.97 sys=0.03, real=0.17 secs] 
2014-04-09T13:45:56.090+0900: 51.097: [GC pause (G1 Evacuation Pause) (mixed), 0.1175256 secs]
   [Parallel Time: 103.0 ms, GC Workers: 13]
      [GC Worker Start (ms): Min: 51097.7, Avg: 51097.7, Max: 51097.8, Diff: 0.1]
      [Ext Root Scanning (ms): Min: 1.3, Avg: 1.4, Max: 2.4, Diff: 1.2, Sum: 18.6]
      [Update RS (ms): Min: 3.8, Avg: 5.3, Max: 6.4, Diff: 2.6, Sum: 68.4]
         [Processed Buffers: Min: 4, Avg: 14.8, Max: 22, Diff: 18, Sum: 192]
      [Scan RS (ms): Min: 11.9, Avg: 12.9, Max: 13.4, Diff: 1.5, Sum: 167.3]
      [Code Root Scanning (ms): Min: 0.0, Avg: 0.0, Max: 0.0, Diff: 0.0, Sum: 0.0]
      [Object Copy (ms): Min: 83.0, Avg: 83.1, Max: 83.3, Diff: 0.3, Sum: 1080.7]
      [Termination (ms): Min: 0.0, Avg: 0.0, Max: 0.0, Diff: 0.0, Sum: 0.1]
      [GC Worker Other (ms): Min: 0.0, Avg: 0.1, Max: 0.1, Diff: 0.1, Sum: 0.8]
      [GC Worker Total (ms): Min: 102.7, Avg: 102.8, Max: 102.8, Diff: 0.2, Sum: 1335.9]
      [GC Worker End (ms): Min: 51200.5, Avg: 51200.5, Max: 51200.6, Diff: 0.1]
   [Code Root Fixup: 0.4 ms]
   [Code Root Migration: 0.0 ms]
   [Clear CT: 2.2 ms]
   [Other: 11.8 ms]
      [Choose CSet: 0.1 ms]
      [Ref Proc: 7.2 ms]
      [Ref Enq: 0.9 ms]
      [Free CSet: 0.9 ms]
   [Eden: 1056.0M(1056.0M)->0.0B(1056.0M) Survivors: 160.0M->160.0M Heap: 8344.0M(24.0G)->7328.0M(24.0G)]
 [Times: user=1.34 sys=0.04, real=0.12 secs] 
2014-04-09T13:45:57.084+0900: 52.090: [GC pause (G1 Evacuation Pause) (young), 0.1143554 secs]
   [Parallel Time: 101.3 ms, GC Workers: 13]
      [GC Worker Start (ms): Min: 52090.7, Avg: 52090.8, Max: 52090.8, Diff: 0.1]
      [Ext Root Scanning (ms): Min: 1.3, Avg: 1.4, Max: 1.7, Diff: 0.4, Sum: 18.0]
      [Update RS (ms): Min: 4.7, Avg: 5.2, Max: 5.8, Diff: 1.2, Sum: 67.0]
         [Processed Buffers: Min: 7, Avg: 14.2, Max: 39, Diff: 32, Sum: 185]
      [Scan RS (ms): Min: 9.8, Avg: 10.3, Max: 11.0, Diff: 1.2, Sum: 134.1]
      [Code Root Scanning (ms): Min: 0.0, Avg: 0.0, Max: 0.0, Diff: 0.0, Sum: 0.0]
      [Object Copy (ms): Min: 83.9, Avg: 84.1, Max: 84.4, Diff: 0.5, Sum: 1093.9]
      [Termination (ms): Min: 0.0, Avg: 0.0, Max: 0.0, Diff: 0.0, Sum: 0.0]
      [GC Worker Other (ms): Min: 0.0, Avg: 0.0, Max: 0.1, Diff: 0.1, Sum: 0.5]
      [GC Worker Total (ms): Min: 101.0, Avg: 101.1, Max: 101.1, Diff: 0.2, Sum: 1313.7]
      [GC Worker End (ms): Min: 52191.8, Avg: 52191.8, Max: 52191.9, Diff: 0.1]
   [Code Root Fixup: 0.3 ms]
   [Code Root Migration: 0.0 ms]
   [Clear CT: 2.0 ms]
   [Other: 10.7 ms]
      [Choose CSet: 0.0 ms]
      [Ref Proc: 6.6 ms]
      [Ref Enq: 0.7 ms]
      [Free CSet: 0.7 ms]
   [Eden: 1056.0M(1056.0M)->0.0B(1056.0M) Survivors: 160.0M->160.0M Heap: 8384.0M(24.0G)->7568.0M(24.0G)]
 [Times: user=1.32 sys=0.01, real=0.11 secs] 
2014-04-09T13:45:58.070+0900: 53.077: [GC pause (G1 Evacuation Pause) (young) (initial-mark), 0.1130602 secs]
   [Parallel Time: 99.4 ms, GC Workers: 13]
      [GC Worker Start (ms): Min: 53077.5, Avg: 53077.5, Max: 53077.6, Diff: 0.1]
      [Ext Root Scanning (ms): Min: 1.1, Avg: 1.4, Max: 3.1, Diff: 2.0, Sum: 17.6]
      [Code Root Marking (ms): Min: 0.0, Avg: 0.7, Max: 6.1, Diff: 6.1, Sum: 8.9]
      [Update RS (ms): Min: 0.0, Avg: 5.3, Max: 6.8, Diff: 6.8, Sum: 68.6]
         [Processed Buffers: Min: 0, Avg: 15.2, Max: 23, Diff: 23, Sum: 197]
      [Scan RS (ms): Min: 8.5, Avg: 9.9, Max: 10.7, Diff: 2.2, Sum: 129.2]
      [Code Root Scanning (ms): Min: 0.0, Avg: 0.0, Max: 0.0, Diff: 0.0, Sum: 0.0]
      [Object Copy (ms): Min: 81.6, Avg: 81.8, Max: 82.1, Diff: 0.4, Sum: 1064.0]
      [Termination (ms): Min: 0.0, Avg: 0.0, Max: 0.0, Diff: 0.0, Sum: 0.0]
      [GC Worker Other (ms): Min: 0.0, Avg: 0.0, Max: 0.1, Diff: 0.1, Sum: 0.6]
      [GC Worker Total (ms): Min: 99.0, Avg: 99.1, Max: 99.3, Diff: 0.2, Sum: 1288.9]
      [GC Worker End (ms): Min: 53176.7, Avg: 53176.7, Max: 53176.7, Diff: 0.1]
   [Code Root Fixup: 0.3 ms]
   [Code Root Migration: 0.0 ms]
   [Clear CT: 2.0 ms]
   [Other: 11.3 ms]
      [Choose CSet: 0.0 ms]
      [Ref Proc: 6.6 ms]
      [Ref Enq: 0.7 ms]
      [Free CSet: 0.7 ms]
   [Eden: 1056.0M(1056.0M)->0.0B(1056.0M) Survivors: 160.0M->160.0M Heap: 8624.0M(24.0G)->7816.0M(24.0G)]
 [Times: user=1.29 sys=0.03, real=0.12 secs] 
2014-04-09T13:45:58.183+0900: 53.190: [GC concurrent-root-region-scan-start]
2014-04-09T13:45:58.230+0900: 53.236: [GC concurrent-root-region-scan-end, 0.0460719 secs]
2014-04-09T13:45:58.230+0900: 53.236: [GC concurrent-mark-start]
2014-04-09T13:45:59.289+0900: 54.296: [GC concurrent-mark-end, 1.0594082 secs]
2014-04-09T13:45:59.290+0900: 54.297: [GC remark 54.349: [GC ref-proc, 0.0114249 secs], 0.0835874 secs]
 [Times: user=0.85 sys=0.00, real=0.09 secs] 
2014-04-09T13:45:59.376+0900: 54.382: [GC cleanup 8809M->8809M(24G), 0.0174460 secs]
 [Times: user=0.22 sys=0.00, real=0.02 secs] 
2014-04-09T13:45:59.448+0900: 54.455: [GC pause (G1 Evacuation Pause) (young), 0.1097854 secs]
   [Parallel Time: 95.9 ms, GC Workers: 13]
      [GC Worker Start (ms): Min: 54455.1, Avg: 54455.2, Max: 54455.2, Diff: 0.2]
      [Ext Root Scanning (ms): Min: 1.2, Avg: 1.3, Max: 1.5, Diff: 0.2, Sum: 17.2]
      [Update RS (ms): Min: 5.1, Avg: 5.5, Max: 6.5, Diff: 1.4, Sum: 70.9]
         [Processed Buffers: Min: 9, Avg: 15.3, Max: 24, Diff: 15, Sum: 199]
      [Scan RS (ms): Min: 9.7, Avg: 10.7, Max: 11.2, Diff: 1.5, Sum: 139.7]
      [Code Root Scanning (ms): Min: 0.0, Avg: 0.0, Max: 0.0, Diff: 0.0, Sum: 0.0]
      [Object Copy (ms): Min: 77.8, Avg: 78.0, Max: 78.2, Diff: 0.4, Sum: 1014.6]
      [Termination (ms): Min: 0.0, Avg: 0.0, Max: 0.0, Diff: 0.0, Sum: 0.1]
      [GC Worker Other (ms): Min: 0.0, Avg: 0.0, Max: 0.1, Diff: 0.1, Sum: 0.5]
      [GC Worker Total (ms): Min: 95.5, Avg: 95.6, Max: 95.7, Diff: 0.2, Sum: 1243.1]
      [GC Worker End (ms): Min: 54550.8, Avg: 54550.8, Max: 54550.8, Diff: 0.1]
   [Code Root Fixup: 0.4 ms]
   [Code Root Migration: 0.0 ms]
   [Clear CT: 2.4 ms]
   [Other: 11.1 ms]
      [Choose CSet: 0.0 ms]
      [Ref Proc: 6.9 ms]
      [Ref Enq: 0.7 ms]
      [Free CSet: 0.7 ms]
   [Eden: 1056.0M(1056.0M)->0.0B(1056.0M) Survivors: 160.0M->160.0M Heap: 8872.0M(24.0G)->8024.0M(24.0G)]
 [Times: user=1.25 sys=0.03, real=0.11 secs] 
2014-04-09T13:46:00.396+0900: 55.402: [GC pause (G1 Evacuation Pause) (mixed), 0.1403280 secs]
   [Parallel Time: 123.6 ms, GC Workers: 13]
      [GC Worker Start (ms): Min: 55402.9, Avg: 55403.0, Max: 55403.1, Diff: 0.2]
      [Ext Root Scanning (ms): Min: 1.3, Avg: 1.4, Max: 1.8, Diff: 0.5, Sum: 18.3]
      [Update RS (ms): Min: 4.9, Avg: 5.5, Max: 6.3, Diff: 1.4, Sum: 71.6]
         [Processed Buffers: Min: 10, Avg: 15.3, Max: 24, Diff: 14, Sum: 199]
      [Scan RS (ms): Min: 20.8, Avg: 21.6, Max: 22.1, Diff: 1.2, Sum: 280.7]
      [Code Root Scanning (ms): Min: 0.0, Avg: 0.0, Max: 0.0, Diff: 0.0, Sum: 0.1]
      [Object Copy (ms): Min: 94.6, Avg: 94.7, Max: 94.7, Diff: 0.1, Sum: 1231.1]
      [Termination (ms): Min: 0.0, Avg: 0.0, Max: 0.1, Diff: 0.1, Sum: 0.6]
      [GC Worker Other (ms): Min: 0.0, Avg: 0.0, Max: 0.1, Diff: 0.0, Sum: 0.4]
      [GC Worker Total (ms): Min: 123.2, Avg: 123.3, Max: 123.4, Diff: 0.1, Sum: 1602.7]
      [GC Worker End (ms): Min: 55526.3, Avg: 55526.3, Max: 55526.3, Diff: 0.0]
   [Code Root Fixup: 0.4 ms]
   [Code Root Migration: 0.0 ms]
   [Clear CT: 2.2 ms]
   [Other: 14.2 ms]
      [Choose CSet: 0.2 ms]
      [Ref Proc: 7.8 ms]
      [Ref Enq: 1.0 ms]
      [Free CSet: 1.4 ms]
   [Eden: 1056.0M(1056.0M)->0.0B(1056.0M) Survivors: 160.0M->160.0M Heap: 9080.0M(24.0G)->7680.0M(24.0G)]
 [Times: user=1.59 sys=0.05, real=0.14 secs] 
2014-04-09T13:46:01.423+0900: 56.430: [GC pause (G1 Evacuation Pause) (mixed), 0.1264748 secs]
   [Parallel Time: 110.0 ms, GC Workers: 13]
      [GC Worker Start (ms): Min: 56430.1, Avg: 56430.1, Max: 56430.2, Diff: 0.1]
      [Ext Root Scanning (ms): Min: 1.2, Avg: 1.4, Max: 2.2, Diff: 1.0, Sum: 17.7]
      [Update RS (ms): Min: 5.0, Avg: 5.9, Max: 6.9, Diff: 2.0, Sum: 76.3]
         [Processed Buffers: Min: 8, Avg: 16.3, Max: 29, Diff: 21, Sum: 212]
      [Scan RS (ms): Min: 15.6, Avg: 16.5, Max: 17.0, Diff: 1.4, Sum: 215.0]
      [Code Root Scanning (ms): Min: 0.0, Avg: 0.0, Max: 0.0, Diff: 0.0, Sum: 0.1]
      [Object Copy (ms): Min: 85.7, Avg: 85.9, Max: 86.2, Diff: 0.5, Sum: 1116.3]
      [Termination (ms): Min: 0.0, Avg: 0.0, Max: 0.0, Diff: 0.0, Sum: 0.1]
      [GC Worker Other (ms): Min: 0.0, Avg: 0.1, Max: 0.1, Diff: 0.1, Sum: 0.7]
      [GC Worker Total (ms): Min: 109.6, Avg: 109.7, Max: 109.8, Diff: 0.1, Sum: 1426.3]
      [GC Worker End (ms): Min: 56539.8, Avg: 56539.8, Max: 56539.9, Diff: 0.1]
   [Code Root Fixup: 0.4 ms]
   [Code Root Migration: 0.0 ms]
   [Clear CT: 2.4 ms]
   [Other: 13.7 ms]
      [Choose CSet: 0.1 ms]
      [Ref Proc: 8.1 ms]
      [Ref Enq: 1.1 ms]
      [Free CSet: 1.1 ms]
   [Eden: 1056.0M(1056.0M)->0.0B(1056.0M) Survivors: 160.0M->160.0M Heap: 8736.0M(24.0G)->7704.0M(24.0G)]
 [Times: user=1.43 sys=0.04, real=0.13 secs] 
2014-04-09T13:46:02.415+0900: 57.422: [GC pause (G1 Evacuation Pause) (young), 0.1133545 secs]
   [Parallel Time: 99.8 ms, GC Workers: 13]
      [GC Worker Start (ms): Min: 57422.4, Avg: 57422.5, Max: 57422.6, Diff: 0.1]
      [Ext Root Scanning (ms): Min: 1.3, Avg: 1.4, Max: 1.7, Diff: 0.4, Sum: 17.8]
      [Update RS (ms): Min: 4.9, Avg: 5.7, Max: 6.7, Diff: 1.8, Sum: 74.3]
         [Processed Buffers: Min: 6, Avg: 14.6, Max: 25, Diff: 19, Sum: 190]
      [Scan RS (ms): Min: 9.9, Avg: 10.8, Max: 11.4, Diff: 1.5, Sum: 140.4]
      [Code Root Scanning (ms): Min: 0.0, Avg: 0.0, Max: 0.0, Diff: 0.0, Sum: 0.1]
      [Object Copy (ms): Min: 81.4, Avg: 81.6, Max: 81.8, Diff: 0.4, Sum: 1060.7]
      [Termination (ms): Min: 0.0, Avg: 0.0, Max: 0.0, Diff: 0.0, Sum: 0.1]
      [GC Worker Other (ms): Min: 0.0, Avg: 0.0, Max: 0.1, Diff: 0.1, Sum: 0.5]
      [GC Worker Total (ms): Min: 99.4, Avg: 99.5, Max: 99.6, Diff: 0.1, Sum: 1293.9]
      [GC Worker End (ms): Min: 57522.0, Avg: 57522.0, Max: 57522.1, Diff: 0.1]
   [Code Root Fixup: 0.4 ms]
   [Code Root Migration: 0.0 ms]
   [Clear CT: 2.1 ms]
   [Other: 11.0 ms]
      [Choose CSet: 0.0 ms]
      [Ref Proc: 6.9 ms]
      [Ref Enq: 0.7 ms]
      [Free CSet: 0.7 ms]
   [Eden: 1056.0M(1056.0M)->0.0B(1056.0M) Survivors: 160.0M->160.0M Heap: 8760.0M(24.0G)->7944.0M(24.0G)]
 [Times: user=1.31 sys=0.02, real=0.11 secs] 
2014-04-09T13:46:03.393+0900: 58.400: [GC pause (G1 Evacuation Pause) (young) (initial-mark), 0.1150305 secs]
   [Parallel Time: 101.0 ms, GC Workers: 13]
      [GC Worker Start (ms): Min: 58400.5, Avg: 58400.6, Max: 58400.7, Diff: 0.1]
      [Ext Root Scanning (ms): Min: 1.1, Avg: 1.3, Max: 2.6, Diff: 1.6, Sum: 16.6]
      [Code Root Marking (ms): Min: 0.0, Avg: 0.6, Max: 4.3, Diff: 4.3, Sum: 7.3]
      [Update RS (ms): Min: 1.5, Avg: 5.6, Max: 7.1, Diff: 5.5, Sum: 73.1]
         [Processed Buffers: Min: 6, Avg: 14.8, Max: 26, Diff: 20, Sum: 192]
      [Scan RS (ms): Min: 10.3, Avg: 11.2, Max: 11.8, Diff: 1.5, Sum: 145.7]
      [Code Root Scanning (ms): Min: 0.0, Avg: 0.0, Max: 0.0, Diff: 0.0, Sum: 0.0]
      [Object Copy (ms): Min: 81.4, Avg: 81.7, Max: 82.4, Diff: 1.0, Sum: 1061.8]
      [Termination (ms): Min: 0.0, Avg: 0.4, Max: 0.5, Diff: 0.4, Sum: 5.2]
      [GC Worker Other (ms): Min: 0.0, Avg: 0.0, Max: 0.1, Diff: 0.1, Sum: 0.6]
      [GC Worker Total (ms): Min: 100.7, Avg: 100.8, Max: 100.9, Diff: 0.2, Sum: 1310.4]
      [GC Worker End (ms): Min: 58501.4, Avg: 58501.4, Max: 58501.4, Diff: 0.1]
   [Code Root Fixup: 0.3 ms]
   [Code Root Migration: 0.0 ms]
   [Clear CT: 2.1 ms]
   [Other: 11.5 ms]
      [Choose CSet: 0.0 ms]
      [Ref Proc: 6.8 ms]
      [Ref Enq: 0.6 ms]
      [Free CSet: 0.7 ms]
   [Eden: 1056.0M(1056.0M)->0.0B(1056.0M) Survivors: 160.0M->160.0M Heap: 9000.0M(24.0G)->8176.0M(24.0G)]
 [Times: user=1.33 sys=0.01, real=0.12 secs] 
2014-04-09T13:46:03.508+0900: 58.515: [GC concurrent-root-region-scan-start]
2014-04-09T13:46:03.543+0900: 58.550: [GC concurrent-root-region-scan-end, 0.0343925 secs]
2014-04-09T13:46:03.543+0900: 58.550: [GC concurrent-mark-start]
2014-04-09T13:46:04.649+0900: 59.656: [GC pause (G1 Evacuation Pause) (young), 0.1143209 secs]
   [Parallel Time: 100.1 ms, GC Workers: 13]
      [GC Worker Start (ms): Min: 59656.4, Avg: 59656.5, Max: 59656.6, Diff: 0.2]
      [Ext Root Scanning (ms): Min: 1.3, Avg: 1.4, Max: 1.8, Diff: 0.5, Sum: 18.6]
      [SATB Filtering (ms): Min: 0.0, Avg: 0.2, Max: 2.4, Diff: 2.4, Sum: 2.4]
      [Update RS (ms): Min: 3.1, Avg: 5.3, Max: 6.6, Diff: 3.5, Sum: 69.0]
         [Processed Buffers: Min: 6, Avg: 15.8, Max: 33, Diff: 27, Sum: 205]
      [Scan RS (ms): Min: 10.3, Avg: 11.3, Max: 11.6, Diff: 1.3, Sum: 146.6]
      [Code Root Scanning (ms): Min: 0.0, Avg: 0.0, Max: 0.0, Diff: 0.0, Sum: 0.0]
      [Object Copy (ms): Min: 81.0, Avg: 81.2, Max: 81.6, Diff: 0.6, Sum: 1055.9]
      [Termination (ms): Min: 0.0, Avg: 0.3, Max: 0.4, Diff: 0.3, Sum: 4.1]
      [GC Worker Other (ms): Min: 0.0, Avg: 0.0, Max: 0.1, Diff: 0.1, Sum: 0.5]
      [GC Worker Total (ms): Min: 99.7, Avg: 99.8, Max: 99.9, Diff: 0.2, Sum: 1297.2]
      [GC Worker End (ms): Min: 59756.2, Avg: 59756.3, Max: 59756.3, Diff: 0.1]
   [Code Root Fixup: 0.4 ms]
   [Code Root Migration: 0.0 ms]
   [Clear CT: 2.2 ms]
   [Other: 11.6 ms]
      [Choose CSet: 0.0 ms]
      [Ref Proc: 7.0 ms]
      [Ref Enq: 0.8 ms]
      [Free CSet: 0.8 ms]
   [Eden: 1056.0M(1056.0M)->0.0B(1056.0M) Survivors: 160.0M->160.0M Heap: 9232.0M(24.0G)->8408.0M(24.0G)]
 [Times: user=1.31 sys=0.01, real=0.12 secs] 
2014-04-09T13:46:04.845+0900: 59.852: [GC concurrent-mark-end, 1.3023925 secs]
2014-04-09T13:46:04.847+0900: 59.854: [GC remark 59.901: [GC ref-proc, 0.0118259 secs], 0.0805689 secs]
 [Times: user=0.81 sys=0.00, real=0.08 secs] 
2014-04-09T13:46:04.929+0900: 59.936: [GC cleanup 8483M->8483M(24G), 0.0189104 secs]
 [Times: user=0.23 sys=0.01, real=0.02 secs] 
2014-04-09T13:46:05.761+0900: 60.768: [GC pause (G1 Evacuation Pause) (young), 0.1179110 secs]
   [Parallel Time: 104.0 ms, GC Workers: 13]
      [GC Worker Start (ms): Min: 60768.5, Avg: 60768.6, Max: 60768.6, Diff: 0.1]
      [Ext Root Scanning (ms): Min: 0.8, Avg: 1.3, Max: 1.8, Diff: 1.0, Sum: 17.0]
      [Update RS (ms): Min: 5.2, Avg: 5.8, Max: 6.6, Diff: 1.4, Sum: 74.9]
         [Processed Buffers: Min: 8, Avg: 15.2, Max: 23, Diff: 15, Sum: 198]
      [Scan RS (ms): Min: 10.9, Avg: 11.4, Max: 11.8, Diff: 0.9, Sum: 148.5]
      [Code Root Scanning (ms): Min: 0.0, Avg: 0.0, Max: 0.0, Diff: 0.0, Sum: 0.0]
      [Object Copy (ms): Min: 84.3, Avg: 84.8, Max: 86.2, Diff: 1.8, Sum: 1102.5]
      [Termination (ms): Min: 0.0, Avg: 0.4, Max: 0.5, Diff: 0.4, Sum: 5.1]
      [GC Worker Other (ms): Min: 0.0, Avg: 0.0, Max: 0.1, Diff: 0.0, Sum: 0.5]
      [GC Worker Total (ms): Min: 103.7, Avg: 103.7, Max: 103.8, Diff: 0.1, Sum: 1348.6]
      [GC Worker End (ms): Min: 60872.3, Avg: 60872.3, Max: 60872.3, Diff: 0.1]
   [Code Root Fixup: 0.4 ms]
   [Code Root Migration: 0.0 ms]
   [Clear CT: 2.2 ms]
   [Other: 11.3 ms]
      [Choose CSet: 0.0 ms]
      [Ref Proc: 6.6 ms]
      [Ref Enq: 0.7 ms]
      [Free CSet: 0.8 ms]
   [Eden: 1056.0M(1056.0M)->0.0B(1056.0M) Survivors: 160.0M->160.0M Heap: 9464.0M(24.0G)->8656.0M(24.0G)]
 [Times: user=1.33 sys=0.06, real=0.12 secs] 
2014-04-09T13:46:06.764+0900: 61.771: [GC pause (G1 Evacuation Pause) (mixed), 0.1497179 secs]
   [Parallel Time: 131.9 ms, GC Workers: 13]
      [GC Worker Start (ms): Min: 61771.5, Avg: 61771.6, Max: 61771.6, Diff: 0.1]
      [Ext Root Scanning (ms): Min: 1.3, Avg: 1.4, Max: 1.9, Diff: 0.5, Sum: 18.6]
      [Update RS (ms): Min: 5.0, Avg: 9.4, Max: 31.6, Diff: 26.6, Sum: 121.6]
         [Processed Buffers: Min: 5, Avg: 14.9, Max: 32, Diff: 27, Sum: 194]
      [Scan RS (ms): Min: 0.0, Avg: 21.7, Max: 25.7, Diff: 25.7, Sum: 281.9]
      [Code Root Scanning (ms): Min: 0.0, Avg: 0.0, Max: 0.0, Diff: 0.0, Sum: 0.0]
      [Object Copy (ms): Min: 98.2, Avg: 99.2, Max: 99.4, Diff: 1.2, Sum: 1289.0]
      [Termination (ms): Min: 0.0, Avg: 0.1, Max: 0.1, Diff: 0.1, Sum: 1.2]
      [GC Worker Other (ms): Min: 0.0, Avg: 0.0, Max: 0.1, Diff: 0.0, Sum: 0.3]
      [GC Worker Total (ms): Min: 131.7, Avg: 131.8, Max: 131.8, Diff: 0.2, Sum: 1712.8]
      [GC Worker End (ms): Min: 61903.3, Avg: 61903.3, Max: 61903.3, Diff: 0.1]
   [Code Root Fixup: 0.4 ms]
   [Code Root Migration: 0.0 ms]
   [Clear CT: 2.5 ms]
   [Other: 14.9 ms]
      [Choose CSet: 0.2 ms]
      [Ref Proc: 7.7 ms]
      [Ref Enq: 1.0 ms]
      [Free CSet: 1.5 ms]
   [Eden: 1056.0M(1056.0M)->0.0B(1056.0M) Survivors: 160.0M->160.0M Heap: 9712.0M(24.0G)->8352.0M(24.0G)]
 [Times: user=1.67 sys=0.07, real=0.15 secs] 
2014-04-09T13:46:07.820+0900: 62.826: [GC pause (G1 Evacuation Pause) (young), 0.1196830 secs]
   [Parallel Time: 105.0 ms, GC Workers: 13]
      [GC Worker Start (ms): Min: 62826.8, Avg: 62826.8, Max: 62826.9, Diff: 0.1]
      [Ext Root Scanning (ms): Min: 1.3, Avg: 1.4, Max: 1.6, Diff: 0.3, Sum: 17.6]
      [Update RS (ms): Min: 5.8, Avg: 9.9, Max: 31.9, Diff: 26.1, Sum: 128.4]
         [Processed Buffers: Min: 1, Avg: 15.5, Max: 29, Diff: 28, Sum: 202]
      [Scan RS (ms): Min: 0.0, Avg: 10.6, Max: 12.9, Diff: 12.8, Sum: 138.0]
      [Code Root Scanning (ms): Min: 0.0, Avg: 0.0, Max: 0.0, Diff: 0.0, Sum: 0.0]
      [Object Copy (ms): Min: 71.4, Avg: 82.8, Max: 84.9, Diff: 13.5, Sum: 1076.4]
      [Termination (ms): Min: 0.0, Avg: 0.0, Max: 0.0, Diff: 0.0, Sum: 0.4]
      [GC Worker Other (ms): Min: 0.0, Avg: 0.0, Max: 0.1, Diff: 0.1, Sum: 0.5]
      [GC Worker Total (ms): Min: 104.6, Avg: 104.7, Max: 104.8, Diff: 0.2, Sum: 1361.5]
      [GC Worker End (ms): Min: 62931.5, Avg: 62931.6, Max: 62931.6, Diff: 0.1]
   [Code Root Fixup: 0.3 ms]
   [Code Root Migration: 0.0 ms]
   [Clear CT: 2.2 ms]
   [Other: 12.2 ms]
      [Choose CSet: 0.0 ms]
      [Ref Proc: 7.4 ms]
      [Ref Enq: 0.9 ms]
      [Free CSet: 0.8 ms]
   [Eden: 1056.0M(1056.0M)->0.0B(1056.0M) Survivors: 160.0M->160.0M Heap: 9408.0M(24.0G)->8600.0M(24.0G)]
 [Times: user=1.38 sys=0.01, real=0.12 secs] 
2014-04-09T13:46:08.799+0900: 63.806: [GC pause (G1 Evacuation Pause) (young) (initial-mark), 0.1164628 secs]
   [Parallel Time: 102.0 ms, GC Workers: 13]
      [GC Worker Start (ms): Min: 63806.7, Avg: 63806.7, Max: 63806.8, Diff: 0.1]
      [Ext Root Scanning (ms): Min: 1.1, Avg: 1.3, Max: 3.1, Diff: 2.1, Sum: 17.5]
      [Code Root Marking (ms): Min: 0.0, Avg: 0.7, Max: 6.2, Diff: 6.2, Sum: 8.7]
      [Update RS (ms): Min: 0.6, Avg: 6.1, Max: 7.4, Diff: 6.8, Sum: 79.1]
         [Processed Buffers: Min: 4, Avg: 16.9, Max: 29, Diff: 25, Sum: 220]
      [Scan RS (ms): Min: 11.1, Avg: 11.7, Max: 11.9, Diff: 0.9, Sum: 151.7]
      [Code Root Scanning (ms): Min: 0.0, Avg: 0.0, Max: 0.0, Diff: 0.0, Sum: 0.0]
      [Object Copy (ms): Min: 81.6, Avg: 81.9, Max: 82.5, Diff: 1.0, Sum: 1064.8]
      [Termination (ms): Min: 0.0, Avg: 0.0, Max: 0.0, Diff: 0.0, Sum: 0.2]
      [GC Worker Other (ms): Min: 0.0, Avg: 0.0, Max: 0.1, Diff: 0.1, Sum: 0.6]
      [GC Worker Total (ms): Min: 101.7, Avg: 101.7, Max: 101.8, Diff: 0.2, Sum: 1322.7]
      [GC Worker End (ms): Min: 63908.5, Avg: 63908.5, Max: 63908.5, Diff: 0.1]
   [Code Root Fixup: 0.4 ms]
   [Code Root Migration: 0.0 ms]
   [Clear CT: 2.3 ms]
   [Other: 11.7 ms]
      [Choose CSet: 0.0 ms]
      [Ref Proc: 6.7 ms]
      [Ref Enq: 0.7 ms]
      [Free CSet: 0.8 ms]
   [Eden: 1056.0M(1056.0M)->0.0B(1056.0M) Survivors: 160.0M->160.0M Heap: 9656.0M(24.0G)->8824.0M(24.0G)]
 [Times: user=1.35 sys=0.01, real=0.12 secs] 
2014-04-09T13:46:08.916+0900: 63.923: [GC concurrent-root-region-scan-start]
2014-04-09T13:46:08.960+0900: 63.966: [GC concurrent-root-region-scan-end, 0.0436732 secs]
2014-04-09T13:46:08.960+0900: 63.967: [GC concurrent-mark-start]
2014-04-09T13:46:10.074+0900: 65.080: [GC pause (G1 Evacuation Pause) (young), 0.1125285 secs]
   [Parallel Time: 98.4 ms, GC Workers: 13]
      [GC Worker Start (ms): Min: 65080.6, Avg: 65080.7, Max: 65080.8, Diff: 0.1]
      [Ext Root Scanning (ms): Min: 1.2, Avg: 1.4, Max: 2.0, Diff: 0.7, Sum: 18.3]
      [SATB Filtering (ms): Min: 0.0, Avg: 0.2, Max: 2.4, Diff: 2.4, Sum: 2.4]
      [Update RS (ms): Min: 2.9, Avg: 5.3, Max: 6.5, Diff: 3.6, Sum: 68.7]
         [Processed Buffers: Min: 5, Avg: 14.3, Max: 31, Diff: 26, Sum: 186]
      [Scan RS (ms): Min: 10.4, Avg: 11.5, Max: 12.0, Diff: 1.6, Sum: 149.3]
      [Code Root Scanning (ms): Min: 0.0, Avg: 0.0, Max: 0.0, Diff: 0.0, Sum: 0.0]
      [Object Copy (ms): Min: 79.6, Avg: 79.7, Max: 79.9, Diff: 0.3, Sum: 1036.1]
      [Termination (ms): Min: 0.0, Avg: 0.0, Max: 0.0, Diff: 0.0, Sum: 0.1]
      [GC Worker Other (ms): Min: 0.0, Avg: 0.0, Max: 0.1, Diff: 0.1, Sum: 0.6]
      [GC Worker Total (ms): Min: 98.0, Avg: 98.1, Max: 98.2, Diff: 0.2, Sum: 1275.6]
      [GC Worker End (ms): Min: 65178.8, Avg: 65178.8, Max: 65178.9, Diff: 0.1]
   [Code Root Fixup: 0.5 ms]
   [Code Root Migration: 0.0 ms]
   [Clear CT: 2.5 ms]
   [Other: 11.2 ms]
      [Choose CSet: 0.0 ms]
      [Ref Proc: 6.5 ms]
      [Ref Enq: 0.7 ms]
      [Free CSet: 0.8 ms]
   [Eden: 1056.0M(1056.0M)->0.0B(1056.0M) Survivors: 160.0M->160.0M Heap: 9880.0M(24.0G)->9056.0M(24.0G)]
 [Times: user=1.28 sys=0.03, real=0.12 secs] 
2014-04-09T13:46:10.462+0900: 65.469: [GC concurrent-mark-end, 1.5026779 secs]
2014-04-09T13:46:10.464+0900: 65.471: [GC remark 65.516: [GC ref-proc, 0.0128967 secs], 0.0815732 secs]
 [Times: user=0.81 sys=0.00, real=0.09 secs] 
2014-04-09T13:46:10.547+0900: 65.554: [GC cleanup 9320M->9320M(24G), 0.0193571 secs]
 [Times: user=0.24 sys=0.00, real=0.02 secs] 
2014-04-09T13:46:11.241+0900: 66.248: [GC pause (G1 Evacuation Pause) (young), 0.1195746 secs]
   [Parallel Time: 104.9 ms, GC Workers: 13]
      [GC Worker Start (ms): Min: 66248.6, Avg: 66248.7, Max: 66248.7, Diff: 0.1]
      [Ext Root Scanning (ms): Min: 1.4, Avg: 1.5, Max: 2.1, Diff: 0.7, Sum: 19.2]
      [Update RS (ms): Min: 5.0, Avg: 5.7, Max: 6.9, Diff: 1.8, Sum: 74.0]
         [Processed Buffers: Min: 10, Avg: 16.8, Max: 35, Diff: 25, Sum: 219]
      [Scan RS (ms): Min: 10.5, Avg: 11.5, Max: 11.7, Diff: 1.2, Sum: 148.9]
      [Code Root Scanning (ms): Min: 0.0, Avg: 0.0, Max: 0.0, Diff: 0.0, Sum: 0.0]
      [Object Copy (ms): Min: 85.6, Avg: 85.9, Max: 86.1, Diff: 0.5, Sum: 1116.9]
      [Termination (ms): Min: 0.0, Avg: 0.0, Max: 0.0, Diff: 0.0, Sum: 0.0]
      [GC Worker Other (ms): Min: 0.0, Avg: 0.0, Max: 0.1, Diff: 0.1, Sum: 0.5]
      [GC Worker Total (ms): Min: 104.5, Avg: 104.6, Max: 104.7, Diff: 0.2, Sum: 1359.6]
      [GC Worker End (ms): Min: 66353.2, Avg: 66353.2, Max: 66353.3, Diff: 0.1]
   [Code Root Fixup: 0.3 ms]
   [Code Root Migration: 0.0 ms]
   [Clear CT: 2.5 ms]
   [Other: 11.9 ms]
      [Choose CSet: 0.0 ms]
      [Ref Proc: 6.9 ms]
      [Ref Enq: 0.9 ms]
      [Free CSet: 0.8 ms]
   [Eden: 1056.0M(1056.0M)->0.0B(1056.0M) Survivors: 160.0M->160.0M Heap: 10112.0M(24.0G)->9296.0M(24.0G)]
 [Times: user=1.33 sys=0.06, real=0.12 secs] 
2014-04-09T13:46:12.218+0900: 67.224: [GC pause (G1 Evacuation Pause) (mixed), 0.1445147 secs]
   [Parallel Time: 124.7 ms, GC Workers: 13]
      [GC Worker Start (ms): Min: 67224.8, Avg: 67224.9, Max: 67225.0, Diff: 0.1]
      [Ext Root Scanning (ms): Min: 0.9, Avg: 1.4, Max: 2.9, Diff: 2.0, Sum: 18.6]
      [Update RS (ms): Min: 4.4, Avg: 5.8, Max: 6.5, Diff: 2.1, Sum: 75.7]
         [Processed Buffers: Min: 4, Avg: 15.2, Max: 38, Diff: 34, Sum: 198]
      [Scan RS (ms): Min: 22.1, Avg: 22.4, Max: 22.8, Diff: 0.7, Sum: 291.5]
      [Code Root Scanning (ms): Min: 0.0, Avg: 0.0, Max: 0.0, Diff: 0.0, Sum: 0.0]
      [Object Copy (ms): Min: 94.2, Avg: 94.8, Max: 95.9, Diff: 1.7, Sum: 1231.8]
      [Termination (ms): Min: 0.0, Avg: 0.0, Max: 0.0, Diff: 0.0, Sum: 0.0]
      [GC Worker Other (ms): Min: 0.0, Avg: 0.0, Max: 0.1, Diff: 0.1, Sum: 0.6]
      [GC Worker Total (ms): Min: 124.4, Avg: 124.5, Max: 124.6, Diff: 0.2, Sum: 1618.3]
      [GC Worker End (ms): Min: 67349.4, Avg: 67349.4, Max: 67349.4, Diff: 0.1]
   [Code Root Fixup: 0.4 ms]
   [Code Root Migration: 0.0 ms]
   [Clear CT: 2.9 ms]
   [Other: 16.4 ms]
      [Choose CSet: 0.2 ms]
      [Ref Proc: 8.6 ms]
      [Ref Enq: 1.4 ms]
      [Free CSet: 1.5 ms]
   [Eden: 1056.0M(1056.0M)->0.0B(1056.0M) Survivors: 160.0M->160.0M Heap: 10.1G(24.0G)->8984.0M(24.0G)]
 [Times: user=1.57 sys=0.09, real=0.14 secs] 
2014-04-09T13:46:13.261+0900: 68.268: [GC pause (G1 Evacuation Pause) (mixed), 0.1225688 secs]
   [Parallel Time: 107.9 ms, GC Workers: 13]
      [GC Worker Start (ms): Min: 68268.3, Avg: 68268.3, Max: 68268.4, Diff: 0.1]
      [Ext Root Scanning (ms): Min: 1.0, Avg: 1.5, Max: 1.9, Diff: 0.9, Sum: 18.9]
      [Update RS (ms): Min: 5.0, Avg: 5.7, Max: 6.2, Diff: 1.2, Sum: 73.8]
         [Processed Buffers: Min: 5, Avg: 15.8, Max: 25, Diff: 20, Sum: 205]
      [Scan RS (ms): Min: 14.9, Avg: 15.5, Max: 15.9, Diff: 1.0, Sum: 201.7]
      [Code Root Scanning (ms): Min: 0.0, Avg: 0.0, Max: 0.0, Diff: 0.0, Sum: 0.0]
      [Object Copy (ms): Min: 84.6, Avg: 84.8, Max: 85.3, Diff: 0.7, Sum: 1102.8]
      [Termination (ms): Min: 0.0, Avg: 0.1, Max: 0.1, Diff: 0.1, Sum: 0.8]
      [GC Worker Other (ms): Min: 0.0, Avg: 0.0, Max: 0.1, Diff: 0.1, Sum: 0.6]
      [GC Worker Total (ms): Min: 107.5, Avg: 107.6, Max: 107.7, Diff: 0.1, Sum: 1398.6]
      [GC Worker End (ms): Min: 68375.9, Avg: 68375.9, Max: 68376.0, Diff: 0.1]
   [Code Root Fixup: 0.4 ms]
   [Code Root Migration: 0.0 ms]
   [Clear CT: 2.5 ms]
   [Other: 11.7 ms]
      [Choose CSet: 0.0 ms]
      [Ref Proc: 6.7 ms]
      [Ref Enq: 0.8 ms]
      [Free CSet: 0.8 ms]
   [Eden: 1056.0M(1056.0M)->0.0B(1056.0M) Survivors: 160.0M->160.0M Heap: 10040.0M(24.0G)->9160.0M(24.0G)]
 [Times: user=1.41 sys=0.03, real=0.12 secs] 
2014-04-09T13:46:14.290+0900: 69.297: [GC pause (G1 Evacuation Pause) (young), 0.1145958 secs]
   [Parallel Time: 100.3 ms, GC Workers: 13]
      [GC Worker Start (ms): Min: 69297.4, Avg: 69297.5, Max: 69297.6, Diff: 0.1]
      [Ext Root Scanning (ms): Min: 1.3, Avg: 1.4, Max: 1.6, Diff: 0.3, Sum: 18.0]
      [Update RS (ms): Min: 5.8, Avg: 6.1, Max: 6.6, Diff: 0.8, Sum: 79.1]
         [Processed Buffers: Min: 6, Avg: 15.0, Max: 39, Diff: 33, Sum: 195]
      [Scan RS (ms): Min: 11.5, Avg: 12.0, Max: 12.5, Diff: 1.0, Sum: 156.5]
      [Code Root Scanning (ms): Min: 0.0, Avg: 0.0, Max: 0.0, Diff: 0.0, Sum: 0.0]
      [Object Copy (ms): Min: 79.9, Avg: 80.3, Max: 80.7, Diff: 0.8, Sum: 1043.3]
      [Termination (ms): Min: 0.0, Avg: 0.2, Max: 0.3, Diff: 0.3, Sum: 3.2]
      [GC Worker Other (ms): Min: 0.0, Avg: 0.0, Max: 0.1, Diff: 0.0, Sum: 0.4]
      [GC Worker Total (ms): Min: 100.0, Avg: 100.0, Max: 100.1, Diff: 0.1, Sum: 1300.5]
      [GC Worker End (ms): Min: 69397.5, Avg: 69397.5, Max: 69397.6, Diff: 0.0]
   [Code Root Fixup: 0.4 ms]
   [Code Root Migration: 0.0 ms]
   [Clear CT: 2.5 ms]
   [Other: 11.4 ms]
      [Choose CSet: 0.0 ms]
      [Ref Proc: 6.8 ms]
      [Ref Enq: 0.8 ms]
      [Free CSet: 0.7 ms]
   [Eden: 1056.0M(1056.0M)->0.0B(1056.0M) Survivors: 160.0M->160.0M Heap: 10216.0M(24.0G)->9432.0M(24.0G)]
 [Times: user=1.32 sys=0.02, real=0.11 secs] 
2014-04-09T13:46:15.293+0900: 70.300: [GC pause (G1 Evacuation Pause) (young) (initial-mark), 0.1207467 secs]
   [Parallel Time: 106.3 ms, GC Workers: 13]
      [GC Worker Start (ms): Min: 70300.4, Avg: 70300.5, Max: 70300.5, Diff: 0.1]
      [Ext Root Scanning (ms): Min: 1.1, Avg: 1.3, Max: 3.0, Diff: 1.9, Sum: 16.9]
      [Code Root Marking (ms): Min: 0.0, Avg: 0.5, Max: 4.4, Diff: 4.4, Sum: 7.0]
      [Update RS (ms): Min: 3.8, Avg: 8.7, Max: 35.3, Diff: 31.5, Sum: 113.4]
         [Processed Buffers: Min: 7, Avg: 16.2, Max: 28, Diff: 21, Sum: 211]
      [Scan RS (ms): Min: 0.0, Avg: 11.5, Max: 12.9, Diff: 12.8, Sum: 149.4]
      [Code Root Scanning (ms): Min: 0.0, Avg: 0.0, Max: 0.0, Diff: 0.0, Sum: 0.0]
      [Object Copy (ms): Min: 69.4, Avg: 84.0, Max: 85.6, Diff: 16.2, Sum: 1091.5]
      [Termination (ms): Min: 0.0, Avg: 0.0, Max: 0.0, Diff: 0.0, Sum: 0.0]
      [GC Worker Other (ms): Min: 0.0, Avg: 0.0, Max: 0.1, Diff: 0.1, Sum: 0.6]
      [GC Worker Total (ms): Min: 106.0, Avg: 106.1, Max: 106.1, Diff: 0.1, Sum: 1378.8]
      [GC Worker End (ms): Min: 70406.5, Avg: 70406.5, Max: 70406.6, Diff: 0.1]
   [Code Root Fixup: 0.4 ms]
   [Code Root Migration: 0.0 ms]
   [Clear CT: 2.5 ms]
   [Other: 11.5 ms]
      [Choose CSet: 0.0 ms]
      [Ref Proc: 6.7 ms]
      [Ref Enq: 0.7 ms]
      [Free CSet: 0.7 ms]
   [Eden: 1056.0M(1056.0M)->0.0B(1056.0M) Survivors: 160.0M->160.0M Heap: 10.2G(24.0G)->9656.0M(24.0G)]
 [Times: user=1.40 sys=0.02, real=0.12 secs] 
2014-04-09T13:46:15.414+0900: 70.421: [GC concurrent-root-region-scan-start]
2014-04-09T13:46:15.465+0900: 70.472: [GC concurrent-root-region-scan-end, 0.0506544 secs]
2014-04-09T13:46:15.465+0900: 70.472: [GC concurrent-mark-start]
2014-04-09T13:46:16.593+0900: 71.599: [GC pause (G1 Evacuation Pause) (young), 0.1178253 secs]
   [Parallel Time: 103.5 ms, GC Workers: 13]
      [GC Worker Start (ms): Min: 71599.7, Avg: 71599.7, Max: 71599.8, Diff: 0.1]
      [Ext Root Scanning (ms): Min: 0.8, Avg: 1.3, Max: 1.6, Diff: 0.8, Sum: 17.4]
      [SATB Filtering (ms): Min: 0.0, Avg: 0.1, Max: 1.7, Diff: 1.7, Sum: 1.7]
      [Update RS (ms): Min: 4.2, Avg: 6.1, Max: 6.9, Diff: 2.7, Sum: 79.7]
         [Processed Buffers: Min: 7, Avg: 14.5, Max: 25, Diff: 18, Sum: 189]
      [Scan RS (ms): Min: 11.3, Avg: 11.9, Max: 12.5, Diff: 1.2, Sum: 154.9]
      [Code Root Scanning (ms): Min: 0.0, Avg: 0.0, Max: 0.0, Diff: 0.0, Sum: 0.0]
      [Object Copy (ms): Min: 82.8, Avg: 83.3, Max: 84.3, Diff: 1.4, Sum: 1082.4]
      [Termination (ms): Min: 0.0, Avg: 0.4, Max: 0.4, Diff: 0.4, Sum: 5.1]
      [GC Worker Other (ms): Min: 0.0, Avg: 0.0, Max: 0.1, Diff: 0.1, Sum: 0.5]
      [GC Worker Total (ms): Min: 103.1, Avg: 103.2, Max: 103.3, Diff: 0.2, Sum: 1341.8]
      [GC Worker End (ms): Min: 71702.9, Avg: 71703.0, Max: 71703.0, Diff: 0.1]
   [Code Root Fixup: 0.4 ms]
   [Code Root Migration: 0.0 ms]
   [Clear CT: 2.5 ms]
   [Other: 11.5 ms]
      [Choose CSet: 0.0 ms]
      [Ref Proc: 6.9 ms]
      [Ref Enq: 0.7 ms]
      [Free CSet: 0.7 ms]
   [Eden: 1056.0M(1056.0M)->0.0B(1056.0M) Survivors: 160.0M->160.0M Heap: 10.5G(24.0G)->9896.0M(24.0G)]
 [Times: user=1.32 sys=0.06, real=0.12 secs] 
2014-04-09T13:46:17.294+0900: 72.301: [GC concurrent-mark-end, 1.8289880 secs]
2014-04-09T13:46:17.295+0900: 72.302: [GC remark 72.342: [GC ref-proc, 0.0119426 secs], 0.0761934 secs]
 [Times: user=0.76 sys=0.00, real=0.07 secs] 
2014-04-09T13:46:17.373+0900: 72.380: [GC cleanup 10G->10G(24G), 0.0212518 secs]
 [Times: user=0.26 sys=0.00, real=0.02 secs] 
2014-04-09T13:46:17.842+0900: 72.849: [GC pause (G1 Evacuation Pause) (young), 0.1216700 secs]
   [Parallel Time: 106.5 ms, GC Workers: 13]
      [GC Worker Start (ms): Min: 72849.4, Avg: 72849.4, Max: 72849.5, Diff: 0.1]
      [Ext Root Scanning (ms): Min: 0.9, Avg: 1.3, Max: 1.9, Diff: 1.0, Sum: 17.5]
      [Update RS (ms): Min: 5.7, Avg: 6.1, Max: 6.8, Diff: 1.1, Sum: 79.9]
         [Processed Buffers: Min: 6, Avg: 14.8, Max: 36, Diff: 30, Sum: 193]
      [Scan RS (ms): Min: 11.4, Avg: 11.9, Max: 12.4, Diff: 1.0, Sum: 154.4]
      [Code Root Scanning (ms): Min: 0.0, Avg: 0.0, Max: 0.0, Diff: 0.0, Sum: 0.0]
      [Object Copy (ms): Min: 86.0, Avg: 86.2, Max: 86.8, Diff: 0.8, Sum: 1121.0]
      [Termination (ms): Min: 0.3, Avg: 0.7, Max: 0.7, Diff: 0.5, Sum: 8.6]
      [GC Worker Other (ms): Min: 0.0, Avg: 0.0, Max: 0.0, Diff: 0.0, Sum: 0.3]
      [GC Worker Total (ms): Min: 106.2, Avg: 106.3, Max: 106.4, Diff: 0.2, Sum: 1381.7]
      [GC Worker End (ms): Min: 72955.7, Avg: 72955.7, Max: 72955.7, Diff: 0.1]
   [Code Root Fixup: 0.4 ms]
   [Code Root Migration: 0.0 ms]
   [Clear CT: 2.7 ms]
   [Other: 12.1 ms]
      [Choose CSet: 0.0 ms]
      [Ref Proc: 7.0 ms]
      [Ref Enq: 0.7 ms]
      [Free CSet: 0.8 ms]
   [Eden: 1056.0M(1056.0M)->0.0B(1056.0M) Survivors: 160.0M->160.0M Heap: 10.7G(24.0G)->10128.0M(24.0G)]
 [Times: user=1.36 sys=0.06, real=0.12 secs] 
2014-04-09T13:46:18.842+0900: 73.849: [GC pause (G1 Evacuation Pause) (mixed), 0.1501900 secs]
   [Parallel Time: 130.4 ms, GC Workers: 13]
      [GC Worker Start (ms): Min: 73849.4, Avg: 73849.5, Max: 73849.6, Diff: 0.1]
      [Ext Root Scanning (ms): Min: 0.9, Avg: 1.3, Max: 1.9, Diff: 1.1, Sum: 17.0]
      [Update RS (ms): Min: 4.7, Avg: 5.5, Max: 6.2, Diff: 1.5, Sum: 71.6]
         [Processed Buffers: Min: 8, Avg: 14.7, Max: 25, Diff: 17, Sum: 191]
      [Scan RS (ms): Min: 26.4, Avg: 27.1, Max: 27.8, Diff: 1.4, Sum: 352.4]
      [Code Root Scanning (ms): Min: 0.0, Avg: 0.0, Max: 0.0, Diff: 0.0, Sum: 0.0]
      [Object Copy (ms): Min: 96.0, Avg: 96.2, Max: 96.6, Diff: 0.6, Sum: 1250.0]
      [Termination (ms): Min: 0.0, Avg: 0.0, Max: 0.0, Diff: 0.0, Sum: 0.1]
      [GC Worker Other (ms): Min: 0.0, Avg: 0.0, Max: 0.1, Diff: 0.1, Sum: 0.5]
      [GC Worker Total (ms): Min: 130.0, Avg: 130.1, Max: 130.2, Diff: 0.2, Sum: 1691.7]
      [GC Worker End (ms): Min: 73979.6, Avg: 73979.6, Max: 73979.7, Diff: 0.1]
   [Code Root Fixup: 0.4 ms]
   [Code Root Migration: 0.0 ms]
   [Clear CT: 3.0 ms]
   [Other: 16.5 ms]
      [Choose CSet: 0.2 ms]
      [Ref Proc: 8.4 ms]
      [Ref Enq: 1.3 ms]
      [Free CSet: 1.5 ms]
   [Eden: 1056.0M(1056.0M)->0.0B(1056.0M) Survivors: 160.0M->160.0M Heap: 10.9G(24.0G)->9752.0M(24.0G)]
 [Times: user=1.66 sys=0.07, real=0.15 secs] 
2014-04-09T13:46:19.865+0900: 74.872: [GC pause (G1 Evacuation Pause) (mixed), 0.1343661 secs]
   [Parallel Time: 117.7 ms, GC Workers: 13]
      [GC Worker Start (ms): Min: 74872.8, Avg: 74872.8, Max: 74872.9, Diff: 0.1]
      [Ext Root Scanning (ms): Min: 0.9, Avg: 1.4, Max: 2.0, Diff: 1.0, Sum: 18.0]
      [Update RS (ms): Min: 6.0, Avg: 7.0, Max: 8.3, Diff: 2.3, Sum: 91.3]
         [Processed Buffers: Min: 7, Avg: 16.5, Max: 27, Diff: 20, Sum: 214]
      [Scan RS (ms): Min: 16.6, Avg: 17.9, Max: 18.4, Diff: 1.7, Sum: 232.5]
      [Code Root Scanning (ms): Min: 0.0, Avg: 0.0, Max: 0.0, Diff: 0.0, Sum: 0.1]
      [Object Copy (ms): Min: 91.0, Avg: 91.1, Max: 91.5, Diff: 0.5, Sum: 1183.9]
      [Termination (ms): Min: 0.0, Avg: 0.0, Max: 0.0, Diff: 0.0, Sum: 0.1]
      [GC Worker Other (ms): Min: 0.0, Avg: 0.0, Max: 0.1, Diff: 0.1, Sum: 0.6]
      [GC Worker Total (ms): Min: 117.3, Avg: 117.4, Max: 117.5, Diff: 0.2, Sum: 1526.4]
      [GC Worker End (ms): Min: 74990.2, Avg: 74990.2, Max: 74990.3, Diff: 0.1]
   [Code Root Fixup: 0.4 ms]
   [Code Root Migration: 0.0 ms]
   [Clear CT: 2.9 ms]
   [Other: 13.3 ms]
      [Choose CSet: 0.1 ms]
      [Ref Proc: 7.0 ms]
      [Ref Enq: 0.8 ms]
      [Free CSet: 1.0 ms]
   [Eden: 1056.0M(1056.0M)->0.0B(1056.0M) Survivors: 160.0M->160.0M Heap: 10.6G(24.0G)->9824.0M(24.0G)]
 [Times: user=1.54 sys=0.04, real=0.14 secs] 
2014-04-09T13:46:20.893+0900: 75.900: [GC pause (G1 Evacuation Pause) (young), 0.1119776 secs]
   [Parallel Time: 96.8 ms, GC Workers: 13]
      [GC Worker Start (ms): Min: 75900.2, Avg: 75900.2, Max: 75900.3, Diff: 0.1]
      [Ext Root Scanning (ms): Min: 1.3, Avg: 1.4, Max: 2.0, Diff: 0.7, Sum: 18.8]
      [Update RS (ms): Min: 5.2, Avg: 5.8, Max: 6.3, Diff: 1.1, Sum: 76.0]
         [Processed Buffers: Min: 7, Avg: 15.3, Max: 35, Diff: 28, Sum: 199]
      [Scan RS (ms): Min: 12.4, Avg: 12.8, Max: 13.3, Diff: 0.9, Sum: 166.7]
      [Code Root Scanning (ms): Min: 0.0, Avg: 0.0, Max: 0.0, Diff: 0.0, Sum: 0.1]
      [Object Copy (ms): Min: 76.0, Avg: 76.3, Max: 76.6, Diff: 0.6, Sum: 991.7]
      [Termination (ms): Min: 0.0, Avg: 0.3, Max: 0.3, Diff: 0.3, Sum: 3.3]
      [GC Worker Other (ms): Min: 0.0, Avg: 0.0, Max: 0.1, Diff: 0.0, Sum: 0.4]
      [GC Worker Total (ms): Min: 96.6, Avg: 96.7, Max: 96.8, Diff: 0.1, Sum: 1257.0]
      [GC Worker End (ms): Min: 75996.9, Avg: 75996.9, Max: 75997.0, Diff: 0.1]
   [Code Root Fixup: 0.4 ms]
   [Code Root Migration: 0.0 ms]
   [Clear CT: 2.8 ms]
   [Other: 11.9 ms]
      [Choose CSet: 0.0 ms]
      [Ref Proc: 6.6 ms]
      [Ref Enq: 0.9 ms]
      [Free CSet: 0.8 ms]
   [Eden: 1056.0M(1056.0M)->0.0B(1056.0M) Survivors: 160.0M->160.0M Heap: 10.6G(24.0G)->10080.0M(24.0G)]
 [Times: user=1.29 sys=0.02, real=0.11 secs] 
2014-04-09T13:46:21.888+0900: 76.895: [GC pause (G1 Evacuation Pause) (young) (initial-mark), 0.1171454 secs]
   [Parallel Time: 101.5 ms, GC Workers: 13]
      [GC Worker Start (ms): Min: 76895.6, Avg: 76895.6, Max: 76895.7, Diff: 0.1]
      [Ext Root Scanning (ms): Min: 1.1, Avg: 1.3, Max: 2.5, Diff: 1.5, Sum: 17.1]
      [Code Root Marking (ms): Min: 0.0, Avg: 0.7, Max: 6.2, Diff: 6.2, Sum: 8.7]
      [Update RS (ms): Min: 0.0, Avg: 5.6, Max: 6.9, Diff: 6.9, Sum: 72.9]
         [Processed Buffers: Min: 0, Avg: 15.3, Max: 29, Diff: 29, Sum: 199]
      [Scan RS (ms): Min: 12.1, Avg: 13.0, Max: 13.5, Diff: 1.4, Sum: 168.4]
      [Code Root Scanning (ms): Min: 0.0, Avg: 0.0, Max: 0.0, Diff: 0.0, Sum: 0.0]
      [Object Copy (ms): Min: 80.4, Avg: 80.6, Max: 81.1, Diff: 0.7, Sum: 1048.4]
      [Termination (ms): Min: 0.0, Avg: 0.0, Max: 0.0, Diff: 0.0, Sum: 0.1]
      [GC Worker Other (ms): Min: 0.0, Avg: 0.0, Max: 0.1, Diff: 0.1, Sum: 0.6]
      [GC Worker Total (ms): Min: 101.2, Avg: 101.2, Max: 101.4, Diff: 0.2, Sum: 1316.2]
      [GC Worker End (ms): Min: 76996.9, Avg: 76996.9, Max: 76996.9, Diff: 0.1]
   [Code Root Fixup: 0.4 ms]
   [Code Root Migration: 0.0 ms]
   [Clear CT: 2.5 ms]
   [Other: 12.7 ms]
      [Choose CSet: 0.0 ms]
      [Ref Proc: 6.9 ms]
      [Ref Enq: 0.8 ms]
      [Free CSet: 0.8 ms]
   [Eden: 1056.0M(1056.0M)->0.0B(1056.0M) Survivors: 160.0M->160.0M Heap: 10.9G(24.0G)->10.1G(24.0G)]
 [Times: user=1.34 sys=0.01, real=0.11 secs] 
2014-04-09T13:46:22.006+0900: 77.012: [GC concurrent-root-region-scan-start]
2014-04-09T13:46:22.054+0900: 77.061: [GC concurrent-root-region-scan-end, 0.0485734 secs]
2014-04-09T13:46:22.054+0900: 77.061: [GC concurrent-mark-start]
2014-04-09T13:46:23.201+0900: 78.207: [GC pause (G1 Evacuation Pause) (young), 0.1205332 secs]
   [Parallel Time: 103.9 ms, GC Workers: 13]
      [GC Worker Start (ms): Min: 78207.9, Avg: 78208.0, Max: 78208.1, Diff: 0.2]
      [Ext Root Scanning (ms): Min: 1.2, Avg: 1.4, Max: 1.8, Diff: 0.6, Sum: 17.8]
      [SATB Filtering (ms): Min: 0.0, Avg: 0.1, Max: 1.7, Diff: 1.7, Sum: 1.7]
      [Update RS (ms): Min: 4.6, Avg: 5.9, Max: 7.0, Diff: 2.4, Sum: 77.1]
         [Processed Buffers: Min: 6, Avg: 15.9, Max: 39, Diff: 33, Sum: 207]
      [Scan RS (ms): Min: 12.6, Avg: 13.4, Max: 13.8, Diff: 1.2, Sum: 173.8]
      [Code Root Scanning (ms): Min: 0.0, Avg: 0.0, Max: 0.0, Diff: 0.0, Sum: 0.0]
      [Object Copy (ms): Min: 82.0, Avg: 82.1, Max: 82.5, Diff: 0.5, Sum: 1067.8]
      [Termination (ms): Min: 0.2, Avg: 0.5, Max: 0.6, Diff: 0.4, Sum: 6.9]
      [GC Worker Other (ms): Min: 0.0, Avg: 0.0, Max: 0.0, Diff: 0.0, Sum: 0.3]
      [GC Worker Total (ms): Min: 103.4, Avg: 103.5, Max: 103.6, Diff: 0.2, Sum: 1345.5]
      [GC Worker End (ms): Min: 78311.5, Avg: 78311.5, Max: 78311.5, Diff: 0.0]
   [Code Root Fixup: 0.4 ms]
   [Code Root Migration: 0.0 ms]
   [Clear CT: 3.1 ms]
   [Other: 13.1 ms]
      [Choose CSet: 0.0 ms]
      [Ref Proc: 7.2 ms]
      [Ref Enq: 0.9 ms]
      [Free CSet: 1.2 ms]
   [Eden: 1056.0M(1056.0M)->0.0B(1056.0M) Survivors: 160.0M->160.0M Heap: 11.1G(24.0G)->10.3G(24.0G)]
 [Times: user=1.35 sys=0.03, real=0.12 secs] 
2014-04-09T13:46:23.876+0900: 78.883: [GC concurrent-mark-end, 1.8215598 secs]
2014-04-09T13:46:23.877+0900: 78.884: [GC remark 78.925: [GC ref-proc, 0.0129982 secs], 0.0799695 secs]
 [Times: user=0.79 sys=0.00, real=0.08 secs] 
2014-04-09T13:46:23.959+0900: 78.966: [GC cleanup 10G->10G(24G), 0.0230604 secs]
 [Times: user=0.28 sys=0.00, real=0.02 secs] 
2014-04-09T13:46:24.447+0900: 79.453: [GC pause (G1 Evacuation Pause) (young), 0.1192387 secs]
   [Parallel Time: 103.6 ms, GC Workers: 13]
      [GC Worker Start (ms): Min: 79453.9, Avg: 79454.0, Max: 79454.0, Diff: 0.2]
      [Ext Root Scanning (ms): Min: 0.8, Avg: 1.4, Max: 1.6, Diff: 0.8, Sum: 17.8]
      [Update RS (ms): Min: 5.4, Avg: 6.1, Max: 7.0, Diff: 1.7, Sum: 79.8]
         [Processed Buffers: Min: 7, Avg: 16.5, Max: 30, Diff: 23, Sum: 215]
      [Scan RS (ms): Min: 12.3, Avg: 13.1, Max: 13.6, Diff: 1.3, Sum: 170.1]
      [Code Root Scanning (ms): Min: 0.0, Avg: 0.0, Max: 0.0, Diff: 0.0, Sum: 0.0]
      [Object Copy (ms): Min: 81.9, Avg: 82.1, Max: 82.4, Diff: 0.6, Sum: 1067.2]
      [Termination (ms): Min: 0.3, Avg: 0.7, Max: 0.8, Diff: 0.5, Sum: 9.0]
      [GC Worker Other (ms): Min: 0.0, Avg: 0.0, Max: 0.1, Diff: 0.1, Sum: 0.4]
      [GC Worker Total (ms): Min: 103.3, Avg: 103.4, Max: 103.5, Diff: 0.2, Sum: 1344.4]
      [GC Worker End (ms): Min: 79557.3, Avg: 79557.4, Max: 79557.4, Diff: 0.1]
   [Code Root Fixup: 0.4 ms]
   [Code Root Migration: 0.0 ms]
   [Clear CT: 2.9 ms]
   [Other: 12.4 ms]
      [Choose CSet: 0.0 ms]
      [Ref Proc: 6.8 ms]
      [Ref Enq: 0.8 ms]
      [Free CSet: 0.8 ms]
   [Eden: 1056.0M(1056.0M)->0.0B(1056.0M) Survivors: 160.0M->160.0M Heap: 11.3G(24.0G)->10.5G(24.0G)]
 [Times: user=1.32 sys=0.06, real=0.11 secs] 
2014-04-09T13:46:25.436+0900: 80.443: [GC pause (G1 Evacuation Pause) (mixed), 0.1545915 secs]
   [Parallel Time: 134.4 ms, GC Workers: 13]
      [GC Worker Start (ms): Min: 80443.2, Avg: 80443.3, Max: 80443.3, Diff: 0.1]
      [Ext Root Scanning (ms): Min: 1.0, Avg: 1.4, Max: 2.3, Diff: 1.3, Sum: 18.3]
      [Update RS (ms): Min: 5.8, Avg: 6.7, Max: 9.0, Diff: 3.2, Sum: 87.5]
         [Processed Buffers: Min: 5, Avg: 16.5, Max: 34, Diff: 29, Sum: 215]
      [Scan RS (ms): Min: 25.9, Avg: 27.8, Max: 28.4, Diff: 2.5, Sum: 360.9]
      [Code Root Scanning (ms): Min: 0.0, Avg: 0.0, Max: 0.0, Diff: 0.0, Sum: 0.1]
      [Object Copy (ms): Min: 97.8, Avg: 98.2, Max: 99.2, Diff: 1.3, Sum: 1276.6]
      [Termination (ms): Min: 0.0, Avg: 0.0, Max: 0.0, Diff: 0.0, Sum: 0.1]
      [GC Worker Other (ms): Min: 0.0, Avg: 0.0, Max: 0.1, Diff: 0.1, Sum: 0.6]
      [GC Worker Total (ms): Min: 134.1, Avg: 134.2, Max: 134.3, Diff: 0.2, Sum: 1744.0]
      [GC Worker End (ms): Min: 80577.4, Avg: 80577.4, Max: 80577.5, Diff: 0.1]
   [Code Root Fixup: 0.4 ms]
   [Code Root Migration: 0.0 ms]
   [Clear CT: 3.2 ms]
   [Other: 16.6 ms]
      [Choose CSet: 0.2 ms]
      [Ref Proc: 7.6 ms]
      [Ref Enq: 1.1 ms]
      [Free CSet: 1.6 ms]
   [Eden: 1056.0M(1056.0M)->0.0B(1056.0M) Survivors: 160.0M->160.0M Heap: 11.6G(24.0G)->10.2G(24.0G)]
 [Times: user=1.71 sys=0.09, real=0.16 secs] 
2014-04-09T13:46:26.492+0900: 81.498: [GC pause (G1 Evacuation Pause) (mixed), 0.1364957 secs]
   [Parallel Time: 118.6 ms, GC Workers: 13]
      [GC Worker Start (ms): Min: 81498.8, Avg: 81498.9, Max: 81499.0, Diff: 0.1]
      [Ext Root Scanning (ms): Min: 1.3, Avg: 1.4, Max: 2.0, Diff: 0.7, Sum: 18.8]
      [Update RS (ms): Min: 5.3, Avg: 6.2, Max: 7.2, Diff: 1.9, Sum: 81.0]
         [Processed Buffers: Min: 7, Avg: 15.4, Max: 28, Diff: 21, Sum: 200]
      [Scan RS (ms): Min: 17.7, Avg: 18.5, Max: 19.1, Diff: 1.4, Sum: 241.0]
      [Code Root Scanning (ms): Min: 0.0, Avg: 0.0, Max: 0.0, Diff: 0.0, Sum: 0.1]
      [Object Copy (ms): Min: 91.5, Avg: 91.7, Max: 92.0, Diff: 0.5, Sum: 1192.4]
      [Termination (ms): Min: 0.0, Avg: 0.3, Max: 0.3, Diff: 0.3, Sum: 3.8]
      [GC Worker Other (ms): Min: 0.0, Avg: 0.0, Max: 0.1, Diff: 0.1, Sum: 0.5]
      [GC Worker Total (ms): Min: 118.2, Avg: 118.3, Max: 118.4, Diff: 0.2, Sum: 1537.5]
      [GC Worker End (ms): Min: 81617.2, Avg: 81617.2, Max: 81617.2, Diff: 0.1]
   [Code Root Fixup: 0.4 ms]
   [Code Root Migration: 0.0 ms]
   [Clear CT: 3.0 ms]
   [Other: 14.5 ms]
      [Choose CSet: 0.1 ms]
      [Ref Proc: 7.5 ms]
      [Ref Enq: 0.9 ms]
      [Free CSet: 1.0 ms]
   [Eden: 1056.0M(1056.0M)->0.0B(1056.0M) Survivors: 160.0M->160.0M Heap: 11.2G(24.0G)->10.3G(24.0G)]
 [Times: user=1.54 sys=0.03, real=0.14 secs] 
2014-04-09T13:46:27.520+0900: 82.526: [GC pause (G1 Evacuation Pause) (young), 0.1183672 secs]
   [Parallel Time: 102.3 ms, GC Workers: 13]
      [GC Worker Start (ms): Min: 82526.9, Avg: 82527.0, Max: 82527.0, Diff: 0.1]
      [Ext Root Scanning (ms): Min: 1.4, Avg: 1.4, Max: 1.8, Diff: 0.4, Sum: 18.8]
      [Update RS (ms): Min: 4.9, Avg: 5.4, Max: 6.4, Diff: 1.6, Sum: 70.8]
         [Processed Buffers: Min: 5, Avg: 14.6, Max: 23, Diff: 18, Sum: 190]
      [Scan RS (ms): Min: 13.0, Avg: 14.1, Max: 14.6, Diff: 1.6, Sum: 183.1]
      [Code Root Scanning (ms): Min: 0.0, Avg: 0.0, Max: 0.0, Diff: 0.0, Sum: 0.0]
      [Object Copy (ms): Min: 80.7, Avg: 81.0, Max: 81.2, Diff: 0.5, Sum: 1053.1]
      [Termination (ms): Min: 0.0, Avg: 0.0, Max: 0.0, Diff: 0.0, Sum: 0.4]
      [GC Worker Other (ms): Min: 0.0, Avg: 0.0, Max: 0.1, Diff: 0.1, Sum: 0.6]
      [GC Worker Total (ms): Min: 102.0, Avg: 102.1, Max: 102.2, Diff: 0.2, Sum: 1326.8]
      [GC Worker End (ms): Min: 82629.0, Avg: 82629.0, Max: 82629.1, Diff: 0.1]
   [Code Root Fixup: 0.4 ms]
   [Code Root Migration: 0.0 ms]
   [Clear CT: 2.9 ms]
   [Other: 12.6 ms]
      [Choose CSet: 0.0 ms]
      [Ref Proc: 6.8 ms]
      [Ref Enq: 0.8 ms]
      [Free CSet: 0.9 ms]
   [Eden: 1056.0M(1056.0M)->0.0B(1056.0M) Survivors: 160.0M->160.0M Heap: 11.3G(24.0G)->10.5G(24.0G)]
 [Times: user=1.35 sys=0.01, real=0.12 secs] 
2014-04-09T13:46:28.544+0900: 83.551: [GC pause (G1 Evacuation Pause) (young) (initial-mark), 0.1218153 secs]
   [Parallel Time: 105.3 ms, GC Workers: 13]
      [GC Worker Start (ms): Min: 83551.1, Avg: 83551.2, Max: 83551.3, Diff: 0.1]
      [Ext Root Scanning (ms): Min: 1.0, Avg: 1.4, Max: 3.1, Diff: 2.2, Sum: 17.6]
      [Code Root Marking (ms): Min: 0.0, Avg: 0.7, Max: 6.2, Diff: 6.1, Sum: 9.0]
      [Update RS (ms): Min: 0.5, Avg: 5.9, Max: 7.3, Diff: 6.8, Sum: 76.8]
         [Processed Buffers: Min: 2, Avg: 14.7, Max: 29, Diff: 27, Sum: 191]
      [Scan RS (ms): Min: 13.1, Avg: 13.7, Max: 14.1, Diff: 1.0, Sum: 177.6]
      [Code Root Scanning (ms): Min: 0.0, Avg: 0.0, Max: 0.0, Diff: 0.0, Sum: 0.0]
      [Object Copy (ms): Min: 83.2, Avg: 83.4, Max: 83.7, Diff: 0.5, Sum: 1083.6]
      [Termination (ms): Min: 0.0, Avg: 0.0, Max: 0.0, Diff: 0.0, Sum: 0.3]
      [GC Worker Other (ms): Min: 0.0, Avg: 0.0, Max: 0.1, Diff: 0.1, Sum: 0.6]
      [GC Worker Total (ms): Min: 105.0, Avg: 105.0, Max: 105.1, Diff: 0.1, Sum: 1365.5]
      [GC Worker End (ms): Min: 83656.2, Avg: 83656.2, Max: 83656.3, Diff: 0.1]
   [Code Root Fixup: 0.4 ms]
   [Code Root Migration: 0.0 ms]
   [Clear CT: 3.1 ms]
   [Other: 13.0 ms]
      [Choose CSet: 0.0 ms]
      [Ref Proc: 6.9 ms]
      [Ref Enq: 0.7 ms]
      [Free CSet: 0.8 ms]
   [Eden: 1056.0M(1056.0M)->0.0B(1056.0M) Survivors: 160.0M->160.0M Heap: 11.5G(24.0G)->10.7G(24.0G)]
 [Times: user=1.40 sys=0.00, real=0.12 secs] 
2014-04-09T13:46:28.666+0900: 83.673: [GC concurrent-root-region-scan-start]
2014-04-09T13:46:28.701+0900: 83.708: [GC concurrent-root-region-scan-end, 0.0351081 secs]
2014-04-09T13:46:28.701+0900: 83.708: [GC concurrent-mark-start]
2014-04-09T13:46:29.844+0900: 84.851: [GC pause (G1 Evacuation Pause) (young), 0.1217636 secs]
   [Parallel Time: 105.6 ms, GC Workers: 13]
      [GC Worker Start (ms): Min: 84851.1, Avg: 84851.2, Max: 84851.2, Diff: 0.1]
      [Ext Root Scanning (ms): Min: 1.2, Avg: 1.4, Max: 1.9, Diff: 0.7, Sum: 17.9]
      [SATB Filtering (ms): Min: 0.0, Avg: 0.2, Max: 2.5, Diff: 2.5, Sum: 2.5]
      [Update RS (ms): Min: 3.9, Avg: 6.2, Max: 7.4, Diff: 3.5, Sum: 81.1]
         [Processed Buffers: Min: 4, Avg: 15.2, Max: 22, Diff: 18, Sum: 197]
      [Scan RS (ms): Min: 12.3, Avg: 13.3, Max: 14.0, Diff: 1.7, Sum: 173.3]
      [Code Root Scanning (ms): Min: 0.0, Avg: 0.0, Max: 0.0, Diff: 0.0, Sum: 0.0]
      [Object Copy (ms): Min: 83.9, Avg: 84.1, Max: 84.4, Diff: 0.5, Sum: 1093.2]
      [Termination (ms): Min: 0.0, Avg: 0.0, Max: 0.0, Diff: 0.0, Sum: 0.1]
      [GC Worker Other (ms): Min: 0.0, Avg: 0.0, Max: 0.1, Diff: 0.1, Sum: 0.6]
      [GC Worker Total (ms): Min: 105.2, Avg: 105.3, Max: 105.4, Diff: 0.1, Sum: 1368.8]
      [GC Worker End (ms): Min: 84956.4, Avg: 84956.5, Max: 84956.5, Diff: 0.1]
   [Code Root Fixup: 0.4 ms]
   [Code Root Migration: 0.0 ms]
   [Clear CT: 3.0 ms]
   [Other: 12.8 ms]
      [Choose CSet: 0.0 ms]
      [Ref Proc: 7.0 ms]
      [Ref Enq: 0.7 ms]
      [Free CSet: 0.8 ms]
   [Eden: 1056.0M(1056.0M)->0.0B(1056.0M) Survivors: 160.0M->160.0M Heap: 11.8G(24.0G)->11.0G(24.0G)]
 [Times: user=1.37 sys=0.03, real=0.12 secs] 
2014-04-09T13:46:30.590+0900: 85.597: [GC concurrent-mark-end, 1.8889092 secs]
2014-04-09T13:46:30.591+0900: 85.598: [GC remark 85.640: [GC ref-proc, 0.0130403 secs], 0.0830226 secs]
 [Times: user=0.83 sys=0.00, real=0.08 secs] 
2014-04-09T13:46:30.677+0900: 85.683: [GC cleanup 11G->11G(24G), 0.0241298 secs]
 [Times: user=0.29 sys=0.00, real=0.03 secs] 
2014-04-09T13:46:31.173+0900: 86.179: [GC pause (G1 Evacuation Pause) (young), 0.2855069 secs]
   [Parallel Time: 269.8 ms, GC Workers: 13]
      [GC Worker Start (ms): Min: 86179.8, Avg: 86179.9, Max: 86180.0, Diff: 0.1]
      [Ext Root Scanning (ms): Min: 1.1, Avg: 1.5, Max: 2.2, Diff: 1.1, Sum: 19.6]
      [Update RS (ms): Min: 8.0, Avg: 8.6, Max: 9.5, Diff: 1.5, Sum: 111.6]
         [Processed Buffers: Min: 3, Avg: 16.5, Max: 27, Diff: 24, Sum: 214]
      [Scan RS (ms): Min: 55.1, Avg: 57.0, Max: 58.1, Diff: 3.0, Sum: 741.4]
      [Code Root Scanning (ms): Min: 0.0, Avg: 0.0, Max: 0.0, Diff: 0.0, Sum: 0.1]
      [Object Copy (ms): Min: 201.8, Avg: 202.2, Max: 203.0, Diff: 1.2, Sum: 2629.2]
      [Termination (ms): Min: 0.0, Avg: 0.2, Max: 0.2, Diff: 0.2, Sum: 2.8]
      [GC Worker Other (ms): Min: 0.0, Avg: 0.1, Max: 0.1, Diff: 0.1, Sum: 0.7]
      [GC Worker Total (ms): Min: 269.6, Avg: 269.6, Max: 269.7, Diff: 0.1, Sum: 3505.3]
      [GC Worker End (ms): Min: 86449.5, Avg: 86449.5, Max: 86449.6, Diff: 0.1]
   [Code Root Fixup: 0.3 ms]
   [Code Root Migration: 0.0 ms]
   [Clear CT: 3.3 ms]
   [Other: 12.0 ms]
      [Choose CSet: 0.0 ms]
      [Ref Proc: 6.6 ms]
      [Ref Enq: 0.7 ms]
      [Free CSet: 0.8 ms]
   [Eden: 1056.0M(1056.0M)->0.0B(1056.0M) Survivors: 160.0M->160.0M Heap: 12.0G(24.0G)->11.2G(24.0G)]
 [Times: user=3.13 sys=0.12, real=0.29 secs] 
2014-04-09T13:46:32.357+0900: 87.364: [GC pause (G1 Evacuation Pause) (mixed), 0.2479426 secs]
   [Parallel Time: 226.1 ms, GC Workers: 13]
      [GC Worker Start (ms): Min: 87364.6, Avg: 87364.7, Max: 87364.7, Diff: 0.1]
      [Ext Root Scanning (ms): Min: 1.0, Avg: 1.5, Max: 2.6, Diff: 1.6, Sum: 19.4]
      [Update RS (ms): Min: 2.3, Avg: 3.4, Max: 5.3, Diff: 3.0, Sum: 44.2]
         [Processed Buffers: Min: 10, Avg: 15.5, Max: 26, Diff: 16, Sum: 201]
      [Scan RS (ms): Min: 43.8, Avg: 45.4, Max: 45.8, Diff: 2.0, Sum: 590.5]
      [Code Root Scanning (ms): Min: 0.0, Avg: 0.0, Max: 0.0, Diff: 0.0, Sum: 0.1]
      [Object Copy (ms): Min: 174.3, Avg: 174.7, Max: 175.6, Diff: 1.3, Sum: 2271.6]
      [Termination (ms): Min: 0.0, Avg: 0.7, Max: 0.9, Diff: 0.9, Sum: 9.5]
      [GC Worker Other (ms): Min: 0.0, Avg: 0.0, Max: 0.1, Diff: 0.1, Sum: 0.5]
      [GC Worker Total (ms): Min: 225.7, Avg: 225.8, Max: 225.9, Diff: 0.2, Sum: 2935.8]
      [GC Worker End (ms): Min: 87590.5, Avg: 87590.5, Max: 87590.5, Diff: 0.1]
   [Code Root Fixup: 0.4 ms]
   [Code Root Migration: 0.0 ms]
   [Clear CT: 3.4 ms]
   [Other: 18.0 ms]
      [Choose CSet: 0.3 ms]
      [Ref Proc: 8.6 ms]
      [Ref Enq: 1.4 ms]
      [Free CSet: 1.4 ms]
   [Eden: 1056.0M(1056.0M)->0.0B(1056.0M) Survivors: 160.0M->160.0M Heap: 12.3G(24.0G)->10.9G(24.0G)]
 [Times: user=2.89 sys=0.10, real=0.25 secs] 
2014-04-09T13:46:33.653+0900: 88.660: [GC pause (G1 Evacuation Pause) (mixed), 0.1341063 secs]
   [Parallel Time: 116.8 ms, GC Workers: 13]
      [GC Worker Start (ms): Min: 88660.2, Avg: 88660.2, Max: 88660.3, Diff: 0.1]
      [Ext Root Scanning (ms): Min: 1.0, Avg: 1.4, Max: 2.0, Diff: 1.0, Sum: 18.2]
      [Update RS (ms): Min: 4.1, Avg: 5.3, Max: 7.1, Diff: 3.0, Sum: 69.2]
         [Processed Buffers: Min: 2, Avg: 15.8, Max: 29, Diff: 27, Sum: 205]
      [Scan RS (ms): Min: 18.3, Avg: 20.0, Max: 20.5, Diff: 2.3, Sum: 260.0]
      [Code Root Scanning (ms): Min: 0.0, Avg: 0.0, Max: 0.0, Diff: 0.0, Sum: 0.0]
      [Object Copy (ms): Min: 89.4, Avg: 89.8, Max: 90.1, Diff: 0.6, Sum: 1166.9]
      [Termination (ms): Min: 0.0, Avg: 0.0, Max: 0.1, Diff: 0.1, Sum: 0.6]
      [GC Worker Other (ms): Min: 0.0, Avg: 0.0, Max: 0.1, Diff: 0.1, Sum: 0.5]
      [GC Worker Total (ms): Min: 116.5, Avg: 116.6, Max: 116.7, Diff: 0.2, Sum: 1515.4]
      [GC Worker End (ms): Min: 88776.8, Avg: 88776.8, Max: 88776.8, Diff: 0.1]
   [Code Root Fixup: 0.4 ms]
   [Code Root Migration: 0.0 ms]
   [Clear CT: 3.3 ms]
   [Other: 13.6 ms]
      [Choose CSet: 0.1 ms]
      [Ref Proc: 7.4 ms]
      [Ref Enq: 0.9 ms]
      [Free CSet: 1.0 ms]
   [Eden: 1056.0M(1056.0M)->0.0B(1056.0M) Survivors: 160.0M->160.0M Heap: 11.9G(24.0G)->11.0G(24.0G)]
 [Times: user=1.52 sys=0.04, real=0.13 secs] 
2014-04-09T13:46:34.685+0900: 89.692: [GC pause (G1 Evacuation Pause) (young), 0.1146366 secs]
   [Parallel Time: 100.1 ms, GC Workers: 13]
      [GC Worker Start (ms): Min: 89692.2, Avg: 89692.2, Max: 89692.3, Diff: 0.1]
      [Ext Root Scanning (ms): Min: 1.4, Avg: 1.4, Max: 1.7, Diff: 0.3, Sum: 18.8]
      [Update RS (ms): Min: 6.0, Avg: 14.1, Max: 55.2, Diff: 49.2, Sum: 182.7]
         [Processed Buffers: Min: 5, Avg: 16.3, Max: 29, Diff: 24, Sum: 212]
      [Scan RS (ms): Min: 0.0, Avg: 9.8, Max: 12.3, Diff: 12.3, Sum: 127.7]
      [Code Root Scanning (ms): Min: 0.0, Avg: 0.0, Max: 0.0, Diff: 0.0, Sum: 0.0]
      [Object Copy (ms): Min: 43.2, Avg: 74.5, Max: 80.3, Diff: 37.1, Sum: 967.9]
      [Termination (ms): Min: 0.0, Avg: 0.0, Max: 0.0, Diff: 0.0, Sum: 0.1]
      [GC Worker Other (ms): Min: 0.0, Avg: 0.0, Max: 0.1, Diff: 0.1, Sum: 0.5]
      [GC Worker Total (ms): Min: 99.7, Avg: 99.8, Max: 99.9, Diff: 0.2, Sum: 1297.7]
      [GC Worker End (ms): Min: 89792.0, Avg: 89792.0, Max: 89792.1, Diff: 0.1]
   [Code Root Fixup: 0.4 ms]
   [Code Root Migration: 0.0 ms]
   [Clear CT: 3.1 ms]
   [Other: 11.0 ms]
      [Choose CSet: 0.0 ms]
      [Ref Proc: 6.8 ms]
      [Ref Enq: 0.7 ms]
      [Free CSet: 0.7 ms]
   [Eden: 1056.0M(1056.0M)->0.0B(1056.0M) Survivors: 160.0M->160.0M Heap: 12.0G(24.0G)->11.2G(24.0G)]
 [Times: user=1.33 sys=0.01, real=0.12 secs] 
2014-04-09T13:46:35.679+0900: 90.686: [GC pause (G1 Evacuation Pause) (young) (initial-mark), 0.1149939 secs]
   [Parallel Time: 99.6 ms, GC Workers: 13]
      [GC Worker Start (ms): Min: 90686.7, Avg: 90686.7, Max: 90686.8, Diff: 0.1]
      [Ext Root Scanning (ms): Min: 1.2, Avg: 1.5, Max: 3.8, Diff: 2.7, Sum: 19.0]
      [Code Root Marking (ms): Min: 0.0, Avg: 0.5, Max: 4.3, Diff: 4.2, Sum: 7.0]
      [Update RS (ms): Min: 2.6, Avg: 5.5, Max: 7.4, Diff: 4.7, Sum: 71.3]
         [Processed Buffers: Min: 4, Avg: 15.0, Max: 31, Diff: 27, Sum: 195]
      [Scan RS (ms): Min: 9.4, Avg: 10.6, Max: 11.3, Diff: 1.9, Sum: 137.9]
      [Code Root Scanning (ms): Min: 0.0, Avg: 0.0, Max: 0.0, Diff: 0.0, Sum: 0.0]
      [Object Copy (ms): Min: 80.8, Avg: 81.1, Max: 81.8, Diff: 1.0, Sum: 1054.8]
      [Termination (ms): Min: 0.0, Avg: 0.0, Max: 0.0, Diff: 0.0, Sum: 0.1]
      [GC Worker Other (ms): Min: 0.0, Avg: 0.1, Max: 0.1, Diff: 0.1, Sum: 1.0]
      [GC Worker Total (ms): Min: 99.2, Avg: 99.3, Max: 99.4, Diff: 0.2, Sum: 1291.1]
      [GC Worker End (ms): Min: 90786.0, Avg: 90786.1, Max: 90786.1, Diff: 0.1]
   [Code Root Fixup: 0.3 ms]
   [Code Root Migration: 0.0 ms]
   [Clear CT: 3.0 ms]
   [Other: 12.1 ms]
      [Choose CSet: 0.0 ms]
      [Ref Proc: 7.2 ms]
      [Ref Enq: 0.8 ms]
      [Free CSet: 0.8 ms]
   [Eden: 1056.0M(1056.0M)->0.0B(1056.0M) Survivors: 160.0M->160.0M Heap: 12.2G(24.0G)->11.4G(24.0G)]
 [Times: user=1.31 sys=0.02, real=0.11 secs] 
2014-04-09T13:46:35.795+0900: 90.801: [GC concurrent-root-region-scan-start]
2014-04-09T13:46:35.849+0900: 90.856: [GC concurrent-root-region-scan-end, 0.0547646 secs]
2014-04-09T13:46:35.849+0900: 90.856: [GC concurrent-mark-start]
2014-04-09T13:46:36.976+0900: 91.983: [GC pause (G1 Evacuation Pause) (young), 0.1133445 secs]
   [Parallel Time: 98.5 ms, GC Workers: 13]
      [GC Worker Start (ms): Min: 91983.0, Avg: 91983.0, Max: 91983.1, Diff: 0.1]
      [Ext Root Scanning (ms): Min: 1.4, Avg: 1.5, Max: 2.1, Diff: 0.7, Sum: 20.1]
      [SATB Filtering (ms): Min: 0.0, Avg: 0.2, Max: 2.2, Diff: 2.2, Sum: 2.2]
      [Update RS (ms): Min: 4.3, Avg: 5.1, Max: 6.5, Diff: 2.2, Sum: 66.4]
         [Processed Buffers: Min: 7, Avg: 14.7, Max: 30, Diff: 23, Sum: 191]
      [Scan RS (ms): Min: 10.4, Avg: 11.8, Max: 12.3, Diff: 1.9, Sum: 153.6]
      [Code Root Scanning (ms): Min: 0.0, Avg: 0.0, Max: 0.0, Diff: 0.0, Sum: 0.0]
      [Object Copy (ms): Min: 79.4, Avg: 79.6, Max: 79.7, Diff: 0.3, Sum: 1034.2]
      [Termination (ms): Min: 0.0, Avg: 0.0, Max: 0.0, Diff: 0.0, Sum: 0.0]
      [GC Worker Other (ms): Min: 0.0, Avg: 0.0, Max: 0.1, Diff: 0.1, Sum: 0.6]
      [GC Worker Total (ms): Min: 98.2, Avg: 98.2, Max: 98.3, Diff: 0.1, Sum: 1277.2]
      [GC Worker End (ms): Min: 92081.2, Avg: 92081.3, Max: 92081.3, Diff: 0.1]
   [Code Root Fixup: 0.4 ms]
   [Code Root Migration: 0.0 ms]
   [Clear CT: 3.2 ms]
   [Other: 11.3 ms]
      [Choose CSet: 0.0 ms]
      [Ref Proc: 6.9 ms]
      [Ref Enq: 0.7 ms]
      [Free CSet: 0.8 ms]
   [Eden: 1056.0M(1056.0M)->0.0B(1056.0M) Survivors: 160.0M->160.0M Heap: 12.5G(24.0G)->11.7G(24.0G)]
 [Times: user=1.30 sys=0.02, real=0.12 secs] 
2014-04-09T13:46:37.906+0900: 92.912: [GC concurrent-mark-end, 2.0561730 secs]
2014-04-09T13:46:37.907+0900: 92.914: [GC remark 92.948: [GC ref-proc, 0.0122823 secs], 0.0791167 secs]
 [Times: user=0.79 sys=0.00, real=0.08 secs] 
2014-04-09T13:46:37.988+0900: 92.995: [GC cleanup 12G->12G(24G), 0.0309111 secs]
 [Times: user=0.39 sys=0.00, real=0.04 secs] 
2014-04-09T13:46:38.280+0900: 93.287: [GC pause (G1 Evacuation Pause) (young), 0.1135561 secs]
   [Parallel Time: 98.4 ms, GC Workers: 13]
      [GC Worker Start (ms): Min: 93286.9, Avg: 93287.0, Max: 93287.1, Diff: 0.1]
      [Ext Root Scanning (ms): Min: 1.0, Avg: 1.5, Max: 2.0, Diff: 1.1, Sum: 19.1]
      [Update RS (ms): Min: 3.7, Avg: 4.9, Max: 5.5, Diff: 1.8, Sum: 63.1]
         [Processed Buffers: Min: 7, Avg: 14.8, Max: 26, Diff: 19, Sum: 192]
      [Scan RS (ms): Min: 10.5, Avg: 11.1, Max: 11.8, Diff: 1.3, Sum: 144.1]
      [Code Root Scanning (ms): Min: 0.0, Avg: 0.0, Max: 0.0, Diff: 0.0, Sum: 0.0]
      [Object Copy (ms): Min: 80.5, Avg: 80.7, Max: 81.0, Diff: 0.5, Sum: 1049.5]
      [Termination (ms): Min: 0.0, Avg: 0.0, Max: 0.0, Diff: 0.0, Sum: 0.1]
      [GC Worker Other (ms): Min: 0.0, Avg: 0.0, Max: 0.1, Diff: 0.1, Sum: 0.6]
      [GC Worker Total (ms): Min: 98.1, Avg: 98.2, Max: 98.3, Diff: 0.2, Sum: 1276.5]
      [GC Worker End (ms): Min: 93385.2, Avg: 93385.2, Max: 93385.2, Diff: 0.1]
   [Code Root Fixup: 0.4 ms]
   [Code Root Migration: 0.0 ms]
   [Clear CT: 3.4 ms]
   [Other: 11.3 ms]
      [Choose CSet: 0.0 ms]
      [Ref Proc: 6.8 ms]
      [Ref Enq: 0.7 ms]
      [Free CSet: 0.8 ms]
   [Eden: 1056.0M(1056.0M)->0.0B(1056.0M) Survivors: 160.0M->160.0M Heap: 12.7G(24.0G)->11.9G(24.0G)]
 [Times: user=1.26 sys=0.05, real=0.11 secs] 
2014-04-09T13:46:39.292+0900: 94.299: [GC pause (G1 Evacuation Pause) (mixed), 0.1561549 secs]
   [Parallel Time: 136.5 ms, GC Workers: 13]
      [GC Worker Start (ms): Min: 94299.8, Avg: 94299.9, Max: 94299.9, Diff: 0.2]
      [Ext Root Scanning (ms): Min: 1.3, Avg: 1.4, Max: 1.7, Diff: 0.5, Sum: 17.8]
      [Update RS (ms): Min: 5.1, Avg: 5.7, Max: 6.3, Diff: 1.3, Sum: 73.5]
         [Processed Buffers: Min: 7, Avg: 14.6, Max: 24, Diff: 17, Sum: 190]
      [Scan RS (ms): Min: 27.2, Avg: 28.0, Max: 29.3, Diff: 2.1, Sum: 364.2]
      [Code Root Scanning (ms): Min: 0.0, Avg: 0.0, Max: 0.0, Diff: 0.0, Sum: 0.1]
      [Object Copy (ms): Min: 99.8, Avg: 101.2, Max: 101.6, Diff: 1.8, Sum: 1315.8]
      [Termination (ms): Min: 0.0, Avg: 0.0, Max: 0.0, Diff: 0.0, Sum: 0.1]
      [GC Worker Other (ms): Min: 0.0, Avg: 0.0, Max: 0.1, Diff: 0.0, Sum: 0.4]
      [GC Worker Total (ms): Min: 136.2, Avg: 136.3, Max: 136.4, Diff: 0.2, Sum: 1771.8]
      [GC Worker End (ms): Min: 94436.1, Avg: 94436.2, Max: 94436.2, Diff: 0.0]
   [Code Root Fixup: 0.4 ms]
   [Code Root Migration: 0.0 ms]
   [Clear CT: 3.5 ms]
   [Other: 15.7 ms]
      [Choose CSet: 0.3 ms]
      [Ref Proc: 7.7 ms]
      [Ref Enq: 1.2 ms]
      [Free CSet: 1.6 ms]
   [Eden: 1056.0M(1056.0M)->0.0B(1056.0M) Survivors: 160.0M->160.0M Heap: 12.9G(24.0G)->11.5G(24.0G)]
 [Times: user=1.73 sys=0.09, real=0.16 secs] 
2014-04-09T13:46:40.357+0900: 95.363: [GC pause (G1 Evacuation Pause) (mixed), 0.1412937 secs]
   [Parallel Time: 124.1 ms, GC Workers: 13]
      [GC Worker Start (ms): Min: 95364.0, Avg: 95364.0, Max: 95364.1, Diff: 0.1]
      [Ext Root Scanning (ms): Min: 0.9, Avg: 1.3, Max: 1.9, Diff: 1.0, Sum: 17.5]
      [Update RS (ms): Min: 5.2, Avg: 9.9, Max: 58.2, Diff: 53.0, Sum: 128.1]
         [Processed Buffers: Min: 4, Avg: 15.8, Max: 24, Diff: 20, Sum: 206]
      [Scan RS (ms): Min: 0.0, Avg: 21.3, Max: 23.5, Diff: 23.5, Sum: 277.3]
      [Code Root Scanning (ms): Min: 0.0, Avg: 0.0, Max: 0.0, Diff: 0.0, Sum: 0.0]
      [Object Copy (ms): Min: 64.2, Avg: 91.2, Max: 94.0, Diff: 29.8, Sum: 1186.0]
      [Termination (ms): Min: 0.0, Avg: 0.0, Max: 0.0, Diff: 0.0, Sum: 0.2]
      [GC Worker Other (ms): Min: 0.0, Avg: 0.0, Max: 0.1, Diff: 0.1, Sum: 0.5]
      [GC Worker Total (ms): Min: 123.7, Avg: 123.8, Max: 123.9, Diff: 0.2, Sum: 1609.6]
      [GC Worker End (ms): Min: 95487.8, Avg: 95487.8, Max: 95487.9, Diff: 0.1]
   [Code Root Fixup: 0.4 ms]
   [Code Root Migration: 0.0 ms]
   [Clear CT: 3.4 ms]
   [Other: 13.5 ms]
      [Choose CSet: 0.1 ms]
      [Ref Proc: 7.2 ms]
      [Ref Enq: 0.9 ms]
      [Free CSet: 1.1 ms]
   [Eden: 1056.0M(1056.0M)->0.0B(1056.0M) Survivors: 160.0M->160.0M Heap: 12.5G(24.0G)->11.6G(24.0G)]
 [Times: user=1.63 sys=0.03, real=0.14 secs] 
2014-04-09T13:46:41.417+0900: 96.423: [GC pause (G1 Evacuation Pause) (young), 0.1178681 secs]
   [Parallel Time: 102.5 ms, GC Workers: 13]
      [GC Worker Start (ms): Min: 96423.8, Avg: 96423.8, Max: 96423.9, Diff: 0.1]
      [Ext Root Scanning (ms): Min: 1.3, Avg: 1.4, Max: 1.6, Diff: 0.4, Sum: 17.9]
      [Update RS (ms): Min: 5.6, Avg: 6.0, Max: 7.1, Diff: 1.5, Sum: 77.6]
         [Processed Buffers: Min: 6, Avg: 15.3, Max: 29, Diff: 23, Sum: 199]
      [Scan RS (ms): Min: 9.6, Avg: 10.9, Max: 11.4, Diff: 1.8, Sum: 142.0]
      [Code Root Scanning (ms): Min: 0.0, Avg: 0.0, Max: 0.0, Diff: 0.0, Sum: 0.0]
      [Object Copy (ms): Min: 83.7, Avg: 84.0, Max: 84.2, Diff: 0.5, Sum: 1092.2]
      [Termination (ms): Min: 0.0, Avg: 0.0, Max: 0.0, Diff: 0.0, Sum: 0.1]
      [GC Worker Other (ms): Min: 0.0, Avg: 0.0, Max: 0.1, Diff: 0.1, Sum: 0.5]
      [GC Worker Total (ms): Min: 102.2, Avg: 102.3, Max: 102.4, Diff: 0.2, Sum: 1330.4]
      [GC Worker End (ms): Min: 96526.2, Avg: 96526.2, Max: 96526.2, Diff: 0.1]
   [Code Root Fixup: 0.3 ms]
   [Code Root Migration: 0.0 ms]
   [Clear CT: 3.3 ms]
   [Other: 11.7 ms]
      [Choose CSet: 0.0 ms]
      [Ref Proc: 7.0 ms]
      [Ref Enq: 0.7 ms]
      [Free CSet: 0.8 ms]
   [Eden: 1056.0M(1056.0M)->0.0B(1056.0M) Survivors: 160.0M->160.0M Heap: 12.6G(24.0G)->11.8G(24.0G)]
 [Times: user=1.37 sys=0.01, real=0.12 secs] 
2014-04-09T13:46:42.426+0900: 97.432: [GC pause (G1 Evacuation Pause) (young) (initial-mark), 0.1165536 secs]
   [Parallel Time: 100.9 ms, GC Workers: 13]
      [GC Worker Start (ms): Min: 97433.0, Avg: 97433.1, Max: 97433.2, Diff: 0.1]
      [Ext Root Scanning (ms): Min: 1.1, Avg: 1.4, Max: 3.2, Diff: 2.1, Sum: 17.6]
      [Code Root Marking (ms): Min: 0.0, Avg: 0.7, Max: 6.2, Diff: 6.2, Sum: 9.0]
      [Update RS (ms): Min: 1.1, Avg: 6.3, Max: 7.6, Diff: 6.5, Sum: 82.5]
         [Processed Buffers: Min: 3, Avg: 15.2, Max: 26, Diff: 23, Sum: 198]
      [Scan RS (ms): Min: 10.9, Avg: 11.5, Max: 11.8, Diff: 0.9, Sum: 149.3]
      [Code Root Scanning (ms): Min: 0.0, Avg: 0.0, Max: 0.0, Diff: 0.0, Sum: 0.0]
      [Object Copy (ms): Min: 80.3, Avg: 80.5, Max: 80.9, Diff: 0.6, Sum: 1046.4]
      [Termination (ms): Min: 0.0, Avg: 0.2, Max: 0.3, Diff: 0.3, Sum: 3.2]
      [GC Worker Other (ms): Min: 0.0, Avg: 0.0, Max: 0.0, Diff: 0.0, Sum: 0.3]
      [GC Worker Total (ms): Min: 100.6, Avg: 100.6, Max: 100.7, Diff: 0.2, Sum: 1308.3]
      [GC Worker End (ms): Min: 97533.7, Avg: 97533.8, Max: 97533.8, Diff: 0.1]
   [Code Root Fixup: 0.3 ms]
   [Code Root Migration: 0.0 ms]
   [Clear CT: 3.2 ms]
   [Other: 12.1 ms]
      [Choose CSet: 0.0 ms]
      [Ref Proc: 7.0 ms]
      [Ref Enq: 0.8 ms]
      [Free CSet: 0.8 ms]
   [Eden: 1056.0M(1056.0M)->0.0B(1056.0M) Survivors: 160.0M->160.0M Heap: 12.9G(24.0G)->12.0G(24.0G)]
 [Times: user=1.34 sys=0.02, real=0.12 secs] 
2014-04-09T13:46:42.543+0900: 97.549: [GC concurrent-root-region-scan-start]
2014-04-09T13:46:42.587+0900: 97.594: [GC concurrent-root-region-scan-end, 0.0446197 secs]
2014-04-09T13:46:42.587+0900: 97.594: [GC concurrent-mark-start]
2014-04-09T13:46:43.827+0900: 98.834: [GC pause (G1 Evacuation Pause) (young), 0.1196752 secs]
   [Parallel Time: 102.6 ms, GC Workers: 13]
      [GC Worker Start (ms): Min: 98834.3, Avg: 98834.5, Max: 98834.8, Diff: 0.5]
      [Ext Root Scanning (ms): Min: 1.6, Avg: 1.8, Max: 2.1, Diff: 0.5, Sum: 23.8]
      [SATB Filtering (ms): Min: 0.0, Avg: 0.2, Max: 2.4, Diff: 2.4, Sum: 2.4]
      [Update RS (ms): Min: 2.6, Avg: 5.3, Max: 6.1, Diff: 3.5, Sum: 68.9]
         [Processed Buffers: Min: 3, Avg: 13.8, Max: 31, Diff: 28, Sum: 180]
      [Scan RS (ms): Min: 10.9, Avg: 11.9, Max: 12.8, Diff: 1.8, Sum: 154.7]
      [Code Root Scanning (ms): Min: 0.0, Avg: 0.0, Max: 0.0, Diff: 0.0, Sum: 0.0]
      [Object Copy (ms): Min: 82.0, Avg: 82.2, Max: 82.8, Diff: 0.8, Sum: 1069.1]
      [Termination (ms): Min: 0.0, Avg: 0.3, Max: 0.4, Diff: 0.4, Sum: 4.2]
      [GC Worker Other (ms): Min: 0.0, Avg: 0.0, Max: 0.1, Diff: 0.1, Sum: 0.4]
      [GC Worker Total (ms): Min: 101.6, Avg: 101.8, Max: 102.1, Diff: 0.5, Sum: 1323.5]
      [GC Worker End (ms): Min: 98936.3, Avg: 98936.3, Max: 98936.3, Diff: 0.1]
   [Code Root Fixup: 0.3 ms]
   [Code Root Migration: 0.0 ms]
   [Clear CT: 4.2 ms]
   [Other: 12.5 ms]
      [Choose CSet: 0.0 ms]
      [Ref Proc: 7.3 ms]
      [Ref Enq: 0.9 ms]
      [Free CSet: 1.2 ms]
   [Eden: 1056.0M(1056.0M)->0.0B(1056.0M) Survivors: 160.0M->160.0M Heap: 13.1G(24.0G)->12.3G(24.0G)]
 [Times: user=1.35 sys=0.02, real=0.12 secs] 
2014-04-09T13:46:45.033+0900: 100.039: [GC concurrent-mark-end, 2.4454919 secs]
2014-04-09T13:46:45.034+0900: 100.041: [GC remark 100.072: [GC ref-proc, 0.0120697 secs], 0.0769288 secs]
 [Times: user=0.76 sys=0.00, real=0.08 secs] 
2014-04-09T13:46:45.113+0900: 100.120: [GC cleanup 13G->13G(24G), 0.0325618 secs]
 [Times: user=0.41 sys=0.00, real=0.03 secs] 
2014-04-09T13:46:45.206+0900: 100.212: [GC pause (G1 Evacuation Pause) (young), 0.1171484 secs]
   [Parallel Time: 101.7 ms, GC Workers: 13]
      [GC Worker Start (ms): Min: 100212.8, Avg: 100212.9, Max: 100213.0, Diff: 0.1]
      [Ext Root Scanning (ms): Min: 1.3, Avg: 1.4, Max: 1.6, Diff: 0.3, Sum: 17.7]
      [Update RS (ms): Min: 5.1, Avg: 5.5, Max: 7.1, Diff: 2.1, Sum: 71.7]
         [Processed Buffers: Min: 5, Avg: 15.5, Max: 23, Diff: 18, Sum: 201]
      [Scan RS (ms): Min: 9.2, Avg: 10.8, Max: 11.3, Diff: 2.2, Sum: 140.2]
      [Code Root Scanning (ms): Min: 0.0, Avg: 0.0, Max: 0.0, Diff: 0.0, Sum: 0.0]
      [Object Copy (ms): Min: 83.5, Avg: 83.7, Max: 83.8, Diff: 0.3, Sum: 1088.2]
      [Termination (ms): Min: 0.0, Avg: 0.0, Max: 0.0, Diff: 0.0, Sum: 0.3]
      [GC Worker Other (ms): Min: 0.0, Avg: 0.0, Max: 0.1, Diff: 0.1, Sum: 0.6]
      [GC Worker Total (ms): Min: 101.3, Avg: 101.4, Max: 101.6, Diff: 0.2, Sum: 1318.8]
      [GC Worker End (ms): Min: 100314.3, Avg: 100314.3, Max: 100314.4, Diff: 0.1]
   [Code Root Fixup: 0.4 ms]
   [Code Root Migration: 0.0 ms]
   [Clear CT: 3.5 ms]
   [Other: 11.5 ms]
      [Choose CSet: 0.0 ms]
      [Ref Proc: 6.9 ms]
      [Ref Enq: 0.8 ms]
      [Free CSet: 0.8 ms]
   [Eden: 1056.0M(1056.0M)->0.0B(1056.0M) Survivors: 160.0M->160.0M Heap: 13.3G(24.0G)->12.5G(24.0G)]
 [Times: user=1.30 sys=0.06, real=0.12 secs] 
2014-04-09T13:46:46.214+0900: 101.221: [GC pause (G1 Evacuation Pause) (mixed), 0.1604701 secs]
   [Parallel Time: 139.7 ms, GC Workers: 13]
      [GC Worker Start (ms): Min: 101221.8, Avg: 101221.8, Max: 101221.9, Diff: 0.2]
      [Ext Root Scanning (ms): Min: 0.9, Avg: 1.4, Max: 1.7, Diff: 0.8, Sum: 17.8]
      [Update RS (ms): Min: 4.5, Avg: 5.3, Max: 7.2, Diff: 2.7, Sum: 68.9]
         [Processed Buffers: Min: 9, Avg: 15.2, Max: 27, Diff: 18, Sum: 198]
      [Scan RS (ms): Min: 25.8, Avg: 27.7, Max: 28.3, Diff: 2.5, Sum: 360.7]
      [Code Root Scanning (ms): Min: 0.0, Avg: 0.0, Max: 0.0, Diff: 0.0, Sum: 0.1]
      [Object Copy (ms): Min: 103.9, Avg: 105.0, Max: 106.0, Diff: 2.1, Sum: 1365.2]
      [Termination (ms): Min: 0.0, Avg: 0.0, Max: 0.0, Diff: 0.0, Sum: 0.0]
      [GC Worker Other (ms): Min: 0.0, Avg: 0.0, Max: 0.1, Diff: 0.1, Sum: 0.6]
      [GC Worker Total (ms): Min: 139.4, Avg: 139.5, Max: 139.6, Diff: 0.2, Sum: 1813.3]
      [GC Worker End (ms): Min: 101361.3, Avg: 101361.3, Max: 101361.4, Diff: 0.1]
   [Code Root Fixup: 0.4 ms]
   [Code Root Migration: 0.0 ms]
   [Clear CT: 3.7 ms]
   [Other: 16.6 ms]
      [Choose CSet: 0.2 ms]
      [Ref Proc: 8.4 ms]
      [Ref Enq: 1.3 ms]
      [Free CSet: 1.6 ms]
   [Eden: 1056.0M(1056.0M)->0.0B(1056.0M) Survivors: 160.0M->160.0M Heap: 13.5G(24.0G)->12.1G(24.0G)]
 [Times: user=1.77 sys=0.10, real=0.16 secs] 
2014-04-09T13:46:47.312+0900: 102.318: [GC pause (G1 Evacuation Pause) (mixed), 0.1033887 secs]
   [Parallel Time: 91.4 ms, GC Workers: 13]
      [GC Worker Start (ms): Min: 102318.8, Avg: 102318.9, Max: 102319.0, Diff: 0.1]
      [Ext Root Scanning (ms): Min: 1.3, Avg: 1.4, Max: 1.8, Diff: 0.4, Sum: 18.8]
      [Update RS (ms): Min: 5.4, Avg: 6.4, Max: 7.1, Diff: 1.8, Sum: 82.9]
         [Processed Buffers: Min: 8, Avg: 15.1, Max: 28, Diff: 20, Sum: 196]
      [Scan RS (ms): Min: 16.3, Avg: 17.1, Max: 17.4, Diff: 1.1, Sum: 221.8]
      [Code Root Scanning (ms): Min: 0.0, Avg: 0.0, Max: 0.0, Diff: 0.0, Sum: 0.0]
      [Object Copy (ms): Min: 66.0, Avg: 66.2, Max: 66.6, Diff: 0.6, Sum: 860.0]
      [Termination (ms): Min: 0.0, Avg: 0.0, Max: 0.0, Diff: 0.0, Sum: 0.0]
      [GC Worker Other (ms): Min: 0.0, Avg: 0.0, Max: 0.1, Diff: 0.0, Sum: 0.4]
      [GC Worker Total (ms): Min: 91.0, Avg: 91.1, Max: 91.1, Diff: 0.1, Sum: 1184.0]
      [GC Worker End (ms): Min: 102409.9, Avg: 102410.0, Max: 102410.0, Diff: 0.0]
   [Code Root Fixup: 0.2 ms]
   [Code Root Migration: 0.0 ms]
   [Clear CT: 3.6 ms]
   [Other: 8.1 ms]
      [Choose CSet: 0.1 ms]
      [Ref Proc: 2.6 ms]
      [Ref Enq: 0.4 ms]
      [Free CSet: 1.0 ms]
   [Eden: 1056.0M(1056.0M)->0.0B(1056.0M) Survivors: 160.0M->160.0M Heap: 13.1G(24.0G)->12.2G(24.0G)]
 [Times: user=1.20 sys=0.02, real=0.10 secs] 
2014-04-09T13:46:48.414+0900: 103.421: [GC pause (G1 Evacuation Pause) (young), 0.0712433 secs]
   [Parallel Time: 62.0 ms, GC Workers: 13]
      [GC Worker Start (ms): Min: 103420.9, Avg: 103421.0, Max: 103421.1, Diff: 0.1]
      [Ext Root Scanning (ms): Min: 1.3, Avg: 1.4, Max: 1.7, Diff: 0.3, Sum: 18.0]
      [Update RS (ms): Min: 5.2, Avg: 14.0, Max: 59.8, Diff: 54.6, Sum: 182.4]
         [Processed Buffers: Min: 4, Avg: 14.3, Max: 22, Diff: 18, Sum: 186]
      [Scan RS (ms): Min: 0.0, Avg: 9.5, Max: 11.6, Diff: 11.6, Sum: 123.2]
      [Code Root Scanning (ms): Min: 0.0, Avg: 0.0, Max: 0.0, Diff: 0.0, Sum: 0.0]
      [Object Copy (ms): Min: 0.6, Avg: 36.8, Max: 43.3, Diff: 42.7, Sum: 477.9]
      [Termination (ms): Min: 0.0, Avg: 0.0, Max: 0.0, Diff: 0.0, Sum: 0.3]
      [GC Worker Other (ms): Min: 0.0, Avg: 0.0, Max: 0.1, Diff: 0.1, Sum: 0.5]
      [GC Worker Total (ms): Min: 61.6, Avg: 61.7, Max: 61.8, Diff: 0.2, Sum: 802.4]
      [GC Worker End (ms): Min: 103482.7, Avg: 103482.7, Max: 103482.8, Diff: 0.1]
   [Code Root Fixup: 0.4 ms]
   [Code Root Migration: 0.0 ms]
   [Clear CT: 3.4 ms]
   [Other: 5.4 ms]
      [Choose CSet: 0.0 ms]
      [Ref Proc: 1.9 ms]
      [Ref Enq: 0.0 ms]
      [Free CSet: 0.7 ms]
   [Eden: 1056.0M(1056.0M)->0.0B(1056.0M) Survivors: 160.0M->160.0M Heap: 13.3G(24.0G)->12.4G(24.0G)]
 [Times: user=0.84 sys=0.01, real=0.07 secs] 
2014-04-09T13:46:49.446+0900: 104.453: [GC pause (G1 Evacuation Pause) (young) (initial-mark), 0.0603289 secs]
   [Parallel Time: 52.4 ms, GC Workers: 13]
      [GC Worker Start (ms): Min: 104453.8, Avg: 104453.9, Max: 104454.0, Diff: 0.1]
      [Ext Root Scanning (ms): Min: 1.2, Avg: 1.3, Max: 2.5, Diff: 1.4, Sum: 17.5]
      [Code Root Marking (ms): Min: 0.0, Avg: 0.6, Max: 4.3, Diff: 4.3, Sum: 7.3]
      [Update RS (ms): Min: 2.0, Avg: 5.6, Max: 6.5, Diff: 4.5, Sum: 73.1]
         [Processed Buffers: Min: 6, Avg: 15.3, Max: 29, Diff: 23, Sum: 199]
      [Scan RS (ms): Min: 9.2, Avg: 9.5, Max: 9.8, Diff: 0.6, Sum: 123.8]
      [Code Root Scanning (ms): Min: 0.0, Avg: 0.0, Max: 0.0, Diff: 0.0, Sum: 0.0]
      [Object Copy (ms): Min: 34.9, Avg: 35.0, Max: 35.3, Diff: 0.4, Sum: 455.2]
      [Termination (ms): Min: 0.0, Avg: 0.0, Max: 0.0, Diff: 0.0, Sum: 0.1]
      [GC Worker Other (ms): Min: 0.0, Avg: 0.1, Max: 0.1, Diff: 0.1, Sum: 0.7]
      [GC Worker Total (ms): Min: 52.0, Avg: 52.1, Max: 52.2, Diff: 0.2, Sum: 677.6]
      [GC Worker End (ms): Min: 104506.0, Avg: 104506.0, Max: 104506.1, Diff: 0.1]
   [Code Root Fixup: 0.4 ms]
   [Code Root Migration: 0.0 ms]
   [Clear CT: 3.3 ms]
   [Other: 4.3 ms]
      [Choose CSet: 0.0 ms]
      [Ref Proc: 0.3 ms]
      [Ref Enq: 0.0 ms]
      [Free CSet: 0.7 ms]
   [Eden: 1056.0M(1056.0M)->0.0B(1056.0M) Survivors: 160.0M->160.0M Heap: 13.4G(24.0G)->12.6G(24.0G)]
 [Times: user=0.70 sys=0.02, real=0.06 secs] 
2014-04-09T13:46:49.507+0900: 104.514: [GC concurrent-root-region-scan-start]
2014-04-09T13:46:49.525+0900: 104.531: [GC concurrent-root-region-scan-end, 0.0175230 secs]
2014-04-09T13:46:49.525+0900: 104.531: [GC concurrent-mark-start]
2014-04-09T13:46:50.756+0900: 105.763: [GC pause (G1 Evacuation Pause) (young), 0.0556398 secs]
   [Parallel Time: 48.3 ms, GC Workers: 13]
      [GC Worker Start (ms): Min: 105763.3, Avg: 105763.4, Max: 105763.4, Diff: 0.1]
      [Ext Root Scanning (ms): Min: 1.4, Avg: 1.5, Max: 2.1, Diff: 0.7, Sum: 19.1]
      [SATB Filtering (ms): Min: 0.0, Avg: 0.2, Max: 2.5, Diff: 2.5, Sum: 2.5]
      [Update RS (ms): Min: 2.8, Avg: 5.1, Max: 5.9, Diff: 3.1, Sum: 66.5]
         [Processed Buffers: Min: 11, Avg: 15.2, Max: 32, Diff: 21, Sum: 198]
      [Scan RS (ms): Min: 8.7, Avg: 9.2, Max: 9.5, Diff: 0.8, Sum: 119.8]
      [Code Root Scanning (ms): Min: 0.0, Avg: 0.0, Max: 0.0, Diff: 0.0, Sum: 0.0]
      [Object Copy (ms): Min: 31.8, Avg: 32.0, Max: 32.1, Diff: 0.3, Sum: 415.9]
      [Termination (ms): Min: 0.0, Avg: 0.0, Max: 0.0, Diff: 0.0, Sum: 0.1]
      [GC Worker Other (ms): Min: 0.0, Avg: 0.0, Max: 0.1, Diff: 0.1, Sum: 0.5]
      [GC Worker Total (ms): Min: 48.0, Avg: 48.0, Max: 48.1, Diff: 0.1, Sum: 624.5]
      [GC Worker End (ms): Min: 105811.4, Avg: 105811.4, Max: 105811.4, Diff: 0.1]
   [Code Root Fixup: 0.3 ms]
   [Code Root Migration: 0.0 ms]
   [Clear CT: 3.2 ms]
   [Other: 3.7 ms]
      [Choose CSet: 0.0 ms]
      [Ref Proc: 0.6 ms]
      [Ref Enq: 0.0 ms]
      [Free CSet: 0.6 ms]
   [Eden: 1056.0M(1056.0M)->0.0B(1056.0M) Survivors: 160.0M->160.0M Heap: 13.6G(24.0G)->12.7G(24.0G)]
 [Times: user=0.65 sys=0.01, real=0.06 secs] 
2014-04-09T13:46:51.814+0900: 106.821: [GC concurrent-mark-end, 2.2897613 secs]
2014-04-09T13:46:51.816+0900: 106.823: [GC remark 106.825: [GC ref-proc, 0.0835701 secs], 0.1142296 secs]
 [Times: user=0.38 sys=0.00, real=0.11 secs] 
2014-04-09T13:46:51.932+0900: 106.939: [GC cleanup 13G->13G(24G), 0.0313043 secs]
 [Times: user=0.36 sys=0.01, real=0.03 secs] 
2014-04-09T13:47:17.171+0900: 132.177: [GC pause (G1 Evacuation Pause) (young), 0.0390375 secs]
   [Parallel Time: 31.4 ms, GC Workers: 13]
      [GC Worker Start (ms): Min: 132177.8, Avg: 132178.1, Max: 132178.3, Diff: 0.5]
      [Ext Root Scanning (ms): Min: 1.5, Avg: 1.8, Max: 2.4, Diff: 0.9, Sum: 23.4]
      [Update RS (ms): Min: 3.8, Avg: 4.6, Max: 5.1, Diff: 1.3, Sum: 59.3]
         [Processed Buffers: Min: 9, Avg: 14.6, Max: 22, Diff: 13, Sum: 190]
      [Scan RS (ms): Min: 5.9, Avg: 6.3, Max: 6.6, Diff: 0.7, Sum: 81.8]
      [Code Root Scanning (ms): Min: 0.0, Avg: 0.0, Max: 0.0, Diff: 0.0, Sum: 0.0]
      [Object Copy (ms): Min: 17.6, Avg: 17.7, Max: 18.0, Diff: 0.4, Sum: 230.3]
      [Termination (ms): Min: 0.0, Avg: 0.0, Max: 0.0, Diff: 0.0, Sum: 0.0]
      [GC Worker Other (ms): Min: 0.0, Avg: 0.0, Max: 0.1, Diff: 0.1, Sum: 0.5]
      [GC Worker Total (ms): Min: 30.2, Avg: 30.4, Max: 30.7, Diff: 0.5, Sum: 395.4]
      [GC Worker End (ms): Min: 132208.5, Avg: 132208.5, Max: 132208.5, Diff: 0.1]
   [Code Root Fixup: 0.1 ms]
   [Code Root Migration: 0.0 ms]
   [Clear CT: 3.6 ms]
   [Other: 3.9 ms]
      [Choose CSet: 0.0 ms]
      [Ref Proc: 1.1 ms]
      [Ref Enq: 0.0 ms]
      [Free CSet: 0.7 ms]
   [Eden: 1056.0M(1056.0M)->0.0B(1104.0M) Survivors: 160.0M->112.0M Heap: 13.8G(24.0G)->12.8G(24.0G)]
 [Times: user=0.43 sys=0.01, real=0.04 secs] 
2014-04-09T13:47:17.764+0900: 132.770: [GC pause (G1 Evacuation Pause) (mixed), 0.0509757 secs]
   [Parallel Time: 41.1 ms, GC Workers: 13]
      [GC Worker Start (ms): Min: 132770.9, Avg: 132771.1, Max: 132771.3, Diff: 0.5]
      [Ext Root Scanning (ms): Min: 0.9, Avg: 1.4, Max: 2.1, Diff: 1.2, Sum: 17.6]
      [Update RS (ms): Min: 1.2, Avg: 1.3, Max: 1.5, Diff: 0.3, Sum: 16.5]
         [Processed Buffers: Min: 0, Avg: 5.8, Max: 21, Diff: 21, Sum: 75]
      [Scan RS (ms): Min: 13.9, Avg: 14.2, Max: 14.5, Diff: 0.6, Sum: 184.8]
      [Code Root Scanning (ms): Min: 0.0, Avg: 0.0, Max: 0.0, Diff: 0.0, Sum: 0.1]
      [Object Copy (ms): Min: 22.9, Avg: 23.2, Max: 23.5, Diff: 0.6, Sum: 301.6]
      [Termination (ms): Min: 0.0, Avg: 0.3, Max: 0.4, Diff: 0.4, Sum: 4.1]
      [GC Worker Other (ms): Min: 0.0, Avg: 0.0, Max: 0.0, Diff: 0.0, Sum: 0.3]
      [GC Worker Total (ms): Min: 40.1, Avg: 40.4, Max: 40.6, Diff: 0.5, Sum: 525.0]
      [GC Worker End (ms): Min: 132811.4, Avg: 132811.5, Max: 132811.5, Diff: 0.0]
   [Code Root Fixup: 0.1 ms]
   [Code Root Migration: 0.1 ms]
   [Clear CT: 4.1 ms]
   [Other: 5.6 ms]
      [Choose CSet: 0.2 ms]
      [Ref Proc: 1.1 ms]
      [Ref Enq: 0.0 ms]
      [Free CSet: 1.4 ms]
   [Eden: 1104.0M(1104.0M)->0.0B(1152.0M) Survivors: 112.0M->64.0M Heap: 13.9G(24.0G)->12.2G(24.0G)]
 [Times: user=0.53 sys=0.03, real=0.06 secs] 
2014-04-09T13:47:18.913+0900: 133.920: [GC pause (G1 Evacuation Pause) (mixed), 0.1038078 secs]
   [Parallel Time: 94.6 ms, GC Workers: 13]
      [GC Worker Start (ms): Min: 133920.1, Avg: 133920.3, Max: 133920.4, Diff: 0.3]
      [Ext Root Scanning (ms): Min: 2.1, Avg: 8.7, Max: 18.0, Diff: 15.9, Sum: 112.7]
      [Update RS (ms): Min: 0.0, Avg: 1.6, Max: 4.8, Diff: 4.8, Sum: 20.4]
         [Processed Buffers: Min: 0, Avg: 7.9, Max: 32, Diff: 32, Sum: 103]
      [Scan RS (ms): Min: 11.3, Avg: 19.5, Max: 23.0, Diff: 11.7, Sum: 254.1]
      [Code Root Scanning (ms): Min: 0.0, Avg: 0.0, Max: 0.0, Diff: 0.0, Sum: 0.1]
      [Object Copy (ms): Min: 63.5, Avg: 63.9, Max: 64.5, Diff: 1.0, Sum: 831.3]
      [Termination (ms): Min: 0.0, Avg: 0.3, Max: 0.3, Diff: 0.3, Sum: 3.5]
      [GC Worker Other (ms): Min: 0.0, Avg: 0.1, Max: 0.2, Diff: 0.2, Sum: 0.7]
      [GC Worker Total (ms): Min: 93.9, Avg: 94.1, Max: 94.2, Diff: 0.4, Sum: 1222.8]
      [GC Worker End (ms): Min: 134014.3, Avg: 134014.3, Max: 134014.4, Diff: 0.2]
   [Code Root Fixup: 0.2 ms]
   [Code Root Migration: 0.1 ms]
   [Clear CT: 4.1 ms]
   [Other: 5.0 ms]
      [Choose CSet: 0.1 ms]
      [Ref Proc: 0.8 ms]
      [Ref Enq: 0.0 ms]
      [Free CSet: 1.0 ms]
   [Eden: 1152.0M(1152.0M)->0.0B(1056.0M) Survivors: 64.0M->160.0M Heap: 13.8G(24.0G)->12.8G(24.0G)]
 [Times: user=1.09 sys=0.20, real=0.11 secs] 
2014-04-09T13:47:19.113+0900: 134.120: [GC pause (G1 Humongous Allocation) (young) (initial-mark), 0.0535507 secs]
   [Parallel Time: 46.8 ms, GC Workers: 13]
      [GC Worker Start (ms): Min: 134120.0, Avg: 134120.2, Max: 134120.3, Diff: 0.3]
      [Ext Root Scanning (ms): Min: 1.1, Avg: 1.7, Max: 7.2, Diff: 6.2, Sum: 22.1]
      [Code Root Marking (ms): Min: 0.0, Avg: 0.8, Max: 6.3, Diff: 6.2, Sum: 10.2]
      [Update RS (ms): Min: 3.5, Avg: 10.0, Max: 16.7, Diff: 13.2, Sum: 130.4]
         [Processed Buffers: Min: 2, Avg: 4.5, Max: 8, Diff: 6, Sum: 59]
      [Scan RS (ms): Min: 2.0, Avg: 8.2, Max: 17.0, Diff: 14.9, Sum: 106.0]
      [Code Root Scanning (ms): Min: 0.0, Avg: 0.0, Max: 0.0, Diff: 0.0, Sum: 0.0]
      [Object Copy (ms): Min: 18.0, Avg: 24.8, Max: 26.5, Diff: 8.5, Sum: 322.7]
      [Termination (ms): Min: 0.0, Avg: 0.6, Max: 0.7, Diff: 0.7, Sum: 7.8]
      [GC Worker Other (ms): Min: 0.0, Avg: 0.0, Max: 0.1, Diff: 0.0, Sum: 0.4]
      [GC Worker Total (ms): Min: 46.0, Avg: 46.1, Max: 46.3, Diff: 0.3, Sum: 599.6]
      [GC Worker End (ms): Min: 134166.3, Avg: 134166.3, Max: 134166.3, Diff: 0.0]
   [Code Root Fixup: 0.2 ms]
   [Code Root Migration: 0.0 ms]
   [Clear CT: 3.5 ms]
   [Other: 3.1 ms]
      [Choose CSet: 0.0 ms]
      [Ref Proc: 0.5 ms]
      [Ref Enq: 0.0 ms]
      [Free CSet: 0.2 ms]
   [Eden: 96.0M(1056.0M)->0.0B(1104.0M) Survivors: 160.0M->112.0M Heap: 12.9G(24.0G)->13.0G(24.0G)]
 [Times: user=0.69 sys=0.00, real=0.06 secs] 
2014-04-09T13:47:19.167+0900: 134.173: [GC concurrent-root-region-scan-start]
2014-04-09T13:47:19.183+0900: 134.189: [GC concurrent-root-region-scan-end, 0.0157878 secs]
2014-04-09T13:47:19.183+0900: 134.189: [GC concurrent-mark-start]
2014-04-09T13:47:20.618+0900: 135.625: [GC concurrent-mark-end, 1.4352111 secs]
2014-04-09T13:47:20.619+0900: 135.626: [GC remark 135.628: [GC ref-proc, 0.0332189 secs], 0.0652158 secs]
 [Times: user=0.33 sys=0.00, real=0.06 secs] 
2014-04-09T13:47:20.686+0900: 135.693: [GC cleanup 14G->13G(24G), 0.0361938 secs]
 [Times: user=0.39 sys=0.00, real=0.03 secs] 
2014-04-09T13:47:20.723+0900: 135.730: [GC concurrent-cleanup-start]
2014-04-09T13:47:20.724+0900: 135.730: [GC concurrent-cleanup-end, 0.0005948 secs]
2014-04-09T13:47:20.888+0900: 135.895: [GC pause (G1 Evacuation Pause) (young), 0.0493755 secs]
   [Parallel Time: 42.9 ms, GC Workers: 13]
      [GC Worker Start (ms): Min: 135895.5, Avg: 135895.6, Max: 135895.7, Diff: 0.3]
      [Ext Root Scanning (ms): Min: 1.2, Avg: 1.3, Max: 1.7, Diff: 0.5, Sum: 16.8]
      [Update RS (ms): Min: 1.3, Avg: 1.7, Max: 2.2, Diff: 1.0, Sum: 21.5]
         [Processed Buffers: Min: 1, Avg: 7.9, Max: 18, Diff: 17, Sum: 103]
      [Scan RS (ms): Min: 6.2, Avg: 6.8, Max: 7.2, Diff: 1.0, Sum: 88.1]
      [Code Root Scanning (ms): Min: 0.0, Avg: 0.0, Max: 0.0, Diff: 0.0, Sum: 0.0]
      [Object Copy (ms): Min: 32.2, Avg: 32.4, Max: 32.6, Diff: 0.4, Sum: 421.2]
      [Termination (ms): Min: 0.0, Avg: 0.0, Max: 0.0, Diff: 0.0, Sum: 0.1]
      [GC Worker Other (ms): Min: 0.0, Avg: 0.0, Max: 0.1, Diff: 0.0, Sum: 0.4]
      [GC Worker Total (ms): Min: 42.1, Avg: 42.2, Max: 42.3, Diff: 0.3, Sum: 548.1]
      [GC Worker End (ms): Min: 135937.8, Avg: 135937.8, Max: 135937.8, Diff: 0.0]
   [Code Root Fixup: 0.2 ms]
   [Code Root Migration: 0.0 ms]
   [Clear CT: 3.4 ms]
   [Other: 2.9 ms]
      [Choose CSet: 0.0 ms]
      [Ref Proc: 0.5 ms]
      [Ref Enq: 0.0 ms]
      [Free CSet: 0.6 ms]
   [Eden: 1104.0M(1104.0M)->0.0B(1056.0M) Survivors: 112.0M->160.0M Heap: 14.0G(24.0G)->13.0G(24.0G)]
 [Times: user=0.57 sys=0.01, real=0.05 secs] 
2014-04-09T13:47:22.218+0900: 137.225: [GC pause (G1 Evacuation Pause) (mixed), 0.1834155 secs]
   [Parallel Time: 166.6 ms, GC Workers: 13]
      [GC Worker Start (ms): Min: 137225.8, Avg: 137226.1, Max: 137226.4, Diff: 0.5]
      [Ext Root Scanning (ms): Min: 1.1, Avg: 1.4, Max: 1.8, Diff: 0.7, Sum: 18.6]
      [Update RS (ms): Min: 0.8, Avg: 1.8, Max: 3.1, Diff: 2.3, Sum: 23.6]
         [Processed Buffers: Min: 1, Avg: 5.3, Max: 12, Diff: 11, Sum: 69]
      [Scan RS (ms): Min: 43.7, Avg: 44.9, Max: 45.4, Diff: 1.7, Sum: 584.3]
      [Code Root Scanning (ms): Min: 0.0, Avg: 0.0, Max: 0.0, Diff: 0.0, Sum: 0.1]
      [Object Copy (ms): Min: 117.5, Avg: 117.6, Max: 118.0, Diff: 0.5, Sum: 1528.6]
      [Termination (ms): Min: 0.0, Avg: 0.4, Max: 0.5, Diff: 0.5, Sum: 5.1]
      [GC Worker Other (ms): Min: 0.0, Avg: 0.0, Max: 0.1, Diff: 0.0, Sum: 0.4]
      [GC Worker Total (ms): Min: 165.9, Avg: 166.2, Max: 166.4, Diff: 0.5, Sum: 2160.6]
      [GC Worker End (ms): Min: 137392.3, Avg: 137392.3, Max: 137392.3, Diff: 0.0]
   [Code Root Fixup: 0.2 ms]
   [Code Root Migration: 0.1 ms]
   [Clear CT: 4.4 ms]
   [Other: 12.1 ms]
      [Choose CSet: 0.4 ms]
      [Ref Proc: 1.4 ms]
      [Ref Enq: 0.0 ms]
      [Free CSet: 2.5 ms]
   [Eden: 1056.0M(1056.0M)->0.0B(1056.0M) Survivors: 160.0M->160.0M Heap: 14.4G(24.0G)->12.9G(24.0G)]
 [Times: user=1.93 sys=0.31, real=0.18 secs] 
2014-04-09T13:47:23.968+0900: 138.975: [GC pause (G1 Evacuation Pause) (mixed), 0.1996687 secs]
   [Parallel Time: 181.9 ms, GC Workers: 13]
      [GC Worker Start (ms): Min: 138976.3, Avg: 138976.6, Max: 138976.9, Diff: 0.6]
      [Ext Root Scanning (ms): Min: 0.9, Avg: 1.5, Max: 2.0, Diff: 1.1, Sum: 19.0]
      [Update RS (ms): Min: 2.0, Avg: 10.9, Max: 60.0, Diff: 57.9, Sum: 142.1]
         [Processed Buffers: Min: 3, Avg: 12.5, Max: 24, Diff: 21, Sum: 162]
      [Scan RS (ms): Min: 0.0, Avg: 47.4, Max: 55.2, Diff: 55.2, Sum: 615.8]
      [Code Root Scanning (ms): Min: 0.0, Avg: 0.0, Max: 0.0, Diff: 0.0, Sum: 0.1]
      [Object Copy (ms): Min: 119.0, Avg: 120.6, Max: 122.5, Diff: 3.5, Sum: 1567.7]
      [Termination (ms): Min: 0.0, Avg: 0.3, Max: 0.3, Diff: 0.3, Sum: 4.0]
      [GC Worker Other (ms): Min: 0.0, Avg: 0.0, Max: 0.1, Diff: 0.1, Sum: 0.5]
      [GC Worker Total (ms): Min: 180.4, Avg: 180.7, Max: 181.0, Diff: 0.6, Sum: 2349.2]
      [GC Worker End (ms): Min: 139157.2, Avg: 139157.3, Max: 139157.4, Diff: 0.1]
   [Code Root Fixup: 0.2 ms]
   [Code Root Migration: 0.1 ms]
   [Clear CT: 4.0 ms]
   [Other: 13.4 ms]
      [Choose CSet: 0.6 ms]
      [Ref Proc: 0.7 ms]
      [Ref Enq: 0.0 ms]
      [Free CSet: 2.5 ms]
   [Eden: 1056.0M(1056.0M)->0.0B(1056.0M) Survivors: 160.0M->160.0M Heap: 14.2G(24.0G)->12.9G(24.0G)]
 [Times: user=2.28 sys=0.10, real=0.20 secs] 
2014-04-09T13:47:25.563+0900: 140.570: [GC pause (G1 Evacuation Pause) (mixed), 0.1279955 secs]
   [Parallel Time: 115.7 ms, GC Workers: 13]
      [GC Worker Start (ms): Min: 140570.4, Avg: 140570.6, Max: 140570.9, Diff: 0.5]
      [Ext Root Scanning (ms): Min: 1.1, Avg: 1.5, Max: 1.9, Diff: 0.9, Sum: 18.9]
      [Update RS (ms): Min: 1.0, Avg: 7.2, Max: 67.3, Diff: 66.3, Sum: 93.1]
         [Processed Buffers: Min: 1, Avg: 5.6, Max: 20, Diff: 19, Sum: 73]
      [Scan RS (ms): Min: 0.0, Avg: 29.5, Max: 32.8, Diff: 32.7, Sum: 382.9]
      [Code Root Scanning (ms): Min: 0.0, Avg: 0.0, Max: 0.0, Diff: 0.0, Sum: 0.1]
      [Object Copy (ms): Min: 46.1, Avg: 76.7, Max: 79.6, Diff: 33.6, Sum: 997.4]
      [Termination (ms): Min: 0.0, Avg: 0.0, Max: 0.0, Diff: 0.0, Sum: 0.0]
      [GC Worker Other (ms): Min: 0.0, Avg: 0.0, Max: 0.1, Diff: 0.1, Sum: 0.5]
      [GC Worker Total (ms): Min: 114.6, Avg: 114.8, Max: 115.1, Diff: 0.5, Sum: 1492.9]
      [GC Worker End (ms): Min: 140685.4, Avg: 140685.5, Max: 140685.5, Diff: 0.1]
   [Code Root Fixup: 0.1 ms]
   [Code Root Migration: 0.1 ms]
   [Clear CT: 3.7 ms]
   [Other: 8.5 ms]
      [Choose CSet: 0.2 ms]
      [Ref Proc: 0.7 ms]
      [Ref Enq: 0.0 ms]
      [Free CSet: 1.6 ms]
   [Eden: 1056.0M(1056.0M)->0.0B(1056.0M) Survivors: 160.0M->160.0M Heap: 14.2G(24.0G)->13.2G(24.0G)]
 [Times: user=1.50 sys=0.03, real=0.13 secs] 
2014-04-09T13:47:25.780+0900: 140.787: [GC pause (G1 Humongous Allocation) (young) (initial-mark), 0.0749090 secs]
   [Parallel Time: 68.3 ms, GC Workers: 13]
      [GC Worker Start (ms): Min: 140787.5, Avg: 140787.8, Max: 140788.1, Diff: 0.6]
      [Ext Root Scanning (ms): Min: 1.0, Avg: 1.3, Max: 2.7, Diff: 1.8, Sum: 17.3]
      [Code Root Marking (ms): Min: 0.0, Avg: 0.8, Max: 7.3, Diff: 7.2, Sum: 10.9]
      [Update RS (ms): Min: 23.3, Avg: 31.5, Max: 58.7, Diff: 35.4, Sum: 409.8]
         [Processed Buffers: Min: 10, Avg: 16.3, Max: 26, Diff: 16, Sum: 212]
      [Scan RS (ms): Min: 0.0, Avg: 4.0, Max: 5.5, Diff: 5.5, Sum: 52.6]
      [Code Root Scanning (ms): Min: 0.0, Avg: 0.0, Max: 0.0, Diff: 0.0, Sum: 0.0]
      [Object Copy (ms): Min: 6.9, Avg: 29.1, Max: 31.9, Diff: 25.0, Sum: 377.7]
      [Termination (ms): Min: 0.0, Avg: 0.2, Max: 0.2, Diff: 0.2, Sum: 2.3]
      [GC Worker Other (ms): Min: 0.0, Avg: 0.0, Max: 0.0, Diff: 0.0, Sum: 0.3]
      [GC Worker Total (ms): Min: 66.7, Avg: 67.0, Max: 67.3, Diff: 0.5, Sum: 870.9]
      [GC Worker End (ms): Min: 140854.8, Avg: 140854.8, Max: 140854.8, Diff: 0.0]
   [Code Root Fixup: 0.2 ms]
   [Code Root Migration: 0.0 ms]
   [Clear CT: 3.1 ms]
   [Other: 3.3 ms]
      [Choose CSet: 0.0 ms]
      [Ref Proc: 0.9 ms]
      [Ref Enq: 0.0 ms]
      [Free CSet: 0.1 ms]
   [Eden: 48.0M(1056.0M)->0.0B(1152.0M) Survivors: 160.0M->64.0M Heap: 13.3G(24.0G)->13.4G(24.0G)]
 [Times: user=0.89 sys=0.00, real=0.07 secs] 
2014-04-09T13:47:25.856+0900: 140.862: [GC concurrent-root-region-scan-start]
2014-04-09T13:47:25.858+0900: 140.865: [GC concurrent-root-region-scan-end, 0.0028842 secs]
2014-04-09T13:47:25.858+0900: 140.865: [GC concurrent-mark-start]
2014-04-09T13:47:27.473+0900: 142.480: [GC concurrent-mark-end, 1.6147145 secs]
2014-04-09T13:47:27.475+0900: 142.482: [GC remark 142.483: [GC ref-proc, 0.0087587 secs], 0.0378801 secs]
 [Times: user=0.30 sys=0.00, real=0.04 secs] 
2014-04-09T13:47:27.514+0900: 142.521: [GC cleanup 14G->13G(24G), 0.0307531 secs]
 [Times: user=0.37 sys=0.00, real=0.03 secs] 
2014-04-09T13:47:27.546+0900: 142.552: [GC concurrent-cleanup-start]
2014-04-09T13:47:27.547+0900: 142.554: [GC concurrent-cleanup-end, 0.0012594 secs]
2014-04-09T13:47:28.074+0900: 143.081: [GC pause (G1 Evacuation Pause) (young), 0.0725182 secs]
   [Parallel Time: 64.7 ms, GC Workers: 13]
      [GC Worker Start (ms): Min: 143081.1, Avg: 143081.5, Max: 143081.8, Diff: 0.7]
      [Ext Root Scanning (ms): Min: 1.1, Avg: 1.4, Max: 2.0, Diff: 1.0, Sum: 18.6]
      [Update RS (ms): Min: 1.0, Avg: 6.4, Max: 62.0, Diff: 61.0, Sum: 82.6]
         [Processed Buffers: Min: 0, Avg: 6.2, Max: 22, Diff: 22, Sum: 81]
      [Scan RS (ms): Min: 0.0, Avg: 10.2, Max: 11.5, Diff: 11.5, Sum: 132.1]
      [Code Root Scanning (ms): Min: 0.0, Avg: 0.0, Max: 0.0, Diff: 0.0, Sum: 0.0]
      [Object Copy (ms): Min: 0.1, Avg: 32.1, Max: 35.1, Diff: 35.0, Sum: 417.9]
      [Termination (ms): Min: 0.0, Avg: 13.5, Max: 14.7, Diff: 14.7, Sum: 175.0]
      [GC Worker Other (ms): Min: 0.0, Avg: 0.0, Max: 0.0, Diff: 0.0, Sum: 0.3]
      [GC Worker Total (ms): Min: 63.2, Avg: 63.6, Max: 63.9, Diff: 0.7, Sum: 826.4]
      [GC Worker End (ms): Min: 143145.0, Avg: 143145.0, Max: 143145.1, Diff: 0.0]
   [Code Root Fixup: 0.1 ms]
   [Code Root Migration: 0.0 ms]
   [Clear CT: 3.7 ms]
   [Other: 4.0 ms]
      [Choose CSet: 0.0 ms]
      [Ref Proc: 0.7 ms]
      [Ref Enq: 0.0 ms]
      [Free CSet: 0.9 ms]
   [Eden: 1152.0M(1152.0M)->0.0B(1056.0M) Survivors: 64.0M->160.0M Heap: 13.6G(24.0G)->12.6G(24.0G)]
 [Times: user=0.87 sys=0.00, real=0.08 secs] 
2014-04-09T13:47:28.917+0900: 143.924: [GC pause (G1 Evacuation Pause) (mixed), 0.0927353 secs]
   [Parallel Time: 81.4 ms, GC Workers: 13]
      [GC Worker Start (ms): Min: 143924.3, Avg: 143924.6, Max: 143924.9, Diff: 0.6]
      [Ext Root Scanning (ms): Min: 1.0, Avg: 1.4, Max: 1.7, Diff: 0.7, Sum: 17.8]
      [Update RS (ms): Min: 1.1, Avg: 4.5, Max: 44.0, Diff: 42.9, Sum: 58.3]
         [Processed Buffers: Min: 0, Avg: 4.5, Max: 22, Diff: 22, Sum: 59]
      [Scan RS (ms): Min: 0.0, Avg: 23.3, Max: 25.4, Diff: 25.3, Sum: 302.9]
      [Code Root Scanning (ms): Min: 0.0, Avg: 0.0, Max: 0.0, Diff: 0.0, Sum: 0.1]
      [Object Copy (ms): Min: 34.2, Avg: 50.9, Max: 52.4, Diff: 18.2, Sum: 661.9]
      [Termination (ms): Min: 0.0, Avg: 0.0, Max: 0.0, Diff: 0.0, Sum: 0.1]
      [GC Worker Other (ms): Min: 0.0, Avg: 0.0, Max: 0.1, Diff: 0.1, Sum: 0.6]
      [GC Worker Total (ms): Min: 79.8, Avg: 80.1, Max: 80.4, Diff: 0.6, Sum: 1041.6]
      [GC Worker End (ms): Min: 144004.7, Avg: 144004.7, Max: 144004.8, Diff: 0.1]
   [Code Root Fixup: 0.1 ms]
   [Code Root Migration: 0.1 ms]
   [Clear CT: 4.1 ms]
   [Other: 7.0 ms]
      [Choose CSet: 0.2 ms]
      [Ref Proc: 1.4 ms]
      [Ref Enq: 0.0 ms]
      [Free CSet: 1.5 ms]
   [Eden: 1056.0M(1056.0M)->0.0B(1088.0M) Survivors: 160.0M->128.0M Heap: 13.7G(24.0G)->12.5G(24.0G)]
 [Times: user=1.08 sys=0.00, real=0.09 secs] 
2014-04-09T13:47:47.718+0900: 162.724: [GC pause (G1 Evacuation Pause) (young), 0.0132474 secs]
   [Parallel Time: 7.9 ms, GC Workers: 13]
      [GC Worker Start (ms): Min: 162724.6, Avg: 162724.9, Max: 162725.2, Diff: 0.6]
      [Ext Root Scanning (ms): Min: 1.0, Avg: 1.3, Max: 1.6, Diff: 0.6, Sum: 16.3]
      [Update RS (ms): Min: 1.1, Avg: 1.4, Max: 1.7, Diff: 0.6, Sum: 18.5]
         [Processed Buffers: Min: 1, Avg: 6.0, Max: 17, Diff: 16, Sum: 78]
      [Scan RS (ms): Min: 1.4, Avg: 1.7, Max: 1.8, Diff: 0.4, Sum: 22.3]
      [Code Root Scanning (ms): Min: 0.0, Avg: 0.0, Max: 0.0, Diff: 0.0, Sum: 0.0]
      [Object Copy (ms): Min: 1.7, Avg: 1.8, Max: 1.9, Diff: 0.2, Sum: 23.0]
      [Termination (ms): Min: 0.0, Avg: 0.0, Max: 0.0, Diff: 0.0, Sum: 0.1]
      [GC Worker Other (ms): Min: 0.0, Avg: 0.0, Max: 0.1, Diff: 0.1, Sum: 0.6]
      [GC Worker Total (ms): Min: 6.0, Avg: 6.2, Max: 6.6, Diff: 0.6, Sum: 80.8]
      [GC Worker End (ms): Min: 162731.1, Avg: 162731.1, Max: 162731.2, Diff: 0.1]
   [Code Root Fixup: 0.1 ms]
   [Code Root Migration: 0.0 ms]
   [Clear CT: 2.8 ms]
   [Other: 2.4 ms]
      [Choose CSet: 0.0 ms]
      [Ref Proc: 1.3 ms]
      [Ref Enq: 0.0 ms]
      [Free CSet: 0.4 ms]
   [Eden: 1088.0M(1088.0M)->0.0B(1152.0M) Survivors: 128.0M->64.0M Heap: 13.6G(24.0G)->12.4G(24.0G)]
 [Times: user=0.09 sys=0.01, real=0.02 secs] 
2014-04-09T13:47:48.027+0900: 163.034: [GC pause (G1 Humongous Allocation) (young) (initial-mark), 0.0134827 secs]
   [Parallel Time: 7.7 ms, GC Workers: 13]
      [GC Worker Start (ms): Min: 163034.6, Avg: 163034.9, Max: 163035.2, Diff: 0.6]
      [Ext Root Scanning (ms): Min: 0.7, Avg: 1.1, Max: 3.1, Diff: 2.4, Sum: 14.8]
      [Code Root Marking (ms): Min: 0.0, Avg: 0.7, Max: 5.1, Diff: 5.0, Sum: 8.9]
      [Update RS (ms): Min: 0.0, Avg: 0.6, Max: 1.2, Diff: 1.2, Sum: 8.4]
         [Processed Buffers: Min: 0, Avg: 2.9, Max: 11, Diff: 11, Sum: 38]
      [Scan RS (ms): Min: 0.0, Avg: 1.0, Max: 2.4, Diff: 2.4, Sum: 13.1]
      [Code Root Scanning (ms): Min: 0.0, Avg: 0.0, Max: 0.0, Diff: 0.0, Sum: 0.0]
      [Object Copy (ms): Min: 0.4, Avg: 2.7, Max: 3.8, Diff: 3.4, Sum: 34.5]
      [Termination (ms): Min: 0.0, Avg: 0.6, Max: 0.7, Diff: 0.7, Sum: 7.3]
      [GC Worker Other (ms): Min: 0.0, Avg: 0.0, Max: 0.0, Diff: 0.0, Sum: 0.3]
      [GC Worker Total (ms): Min: 6.4, Avg: 6.7, Max: 7.0, Diff: 0.6, Sum: 87.3]
      [GC Worker End (ms): Min: 163041.6, Avg: 163041.6, Max: 163041.6, Diff: 0.0]
   [Code Root Fixup: 0.2 ms]
   [Code Root Migration: 0.0 ms]
   [Clear CT: 3.0 ms]
   [Other: 2.6 ms]
      [Choose CSet: 0.0 ms]
      [Ref Proc: 1.2 ms]
      [Ref Enq: 0.0 ms]
      [Free CSet: 0.3 ms]
   [Eden: 832.0M(1152.0M)->0.0B(1184.0M) Survivors: 64.0M->32.0M Heap: 13.2G(24.0G)->12.4G(24.0G)]
 [Times: user=0.11 sys=0.01, real=0.02 secs] 
2014-04-09T13:47:48.041+0900: 163.048: [GC concurrent-root-region-scan-start]
2014-04-09T13:47:48.053+0900: 163.060: [GC concurrent-root-region-scan-end, 0.0119816 secs]
2014-04-09T13:47:48.053+0900: 163.060: [GC concurrent-mark-start]
2014-04-09T13:47:48.872+0900: 163.878: [GC pause (G1 Evacuation Pause) (young), 0.0659099 secs]
   [Parallel Time: 57.3 ms, GC Workers: 13]
      [GC Worker Start (ms): Min: 163879.1, Avg: 163879.3, Max: 163879.5, Diff: 0.4]
      [Ext Root Scanning (ms): Min: 0.9, Avg: 1.2, Max: 1.6, Diff: 0.7, Sum: 15.6]
      [SATB Filtering (ms): Min: 0.0, Avg: 0.0, Max: 0.4, Diff: 0.4, Sum: 0.4]
      [Update RS (ms): Min: 2.8, Avg: 3.2, Max: 3.8, Diff: 1.1, Sum: 41.0]
         [Processed Buffers: Min: 1, Avg: 10.2, Max: 20, Diff: 19, Sum: 132]
      [Scan RS (ms): Min: 8.4, Avg: 9.4, Max: 10.0, Diff: 1.6, Sum: 122.6]
      [Code Root Scanning (ms): Min: 0.0, Avg: 0.0, Max: 0.0, Diff: 0.0, Sum: 0.0]
      [Object Copy (ms): Min: 42.1, Avg: 42.3, Max: 42.8, Diff: 0.7, Sum: 550.2]
      [Termination (ms): Min: 0.0, Avg: 0.0, Max: 0.0, Diff: 0.0, Sum: 0.1]
      [GC Worker Other (ms): Min: 0.0, Avg: 0.1, Max: 0.2, Diff: 0.2, Sum: 0.9]
      [GC Worker Total (ms): Min: 56.0, Avg: 56.2, Max: 56.6, Diff: 0.6, Sum: 730.9]
      [GC Worker End (ms): Min: 163935.5, Avg: 163935.5, Max: 163935.7, Diff: 0.2]
   [Code Root Fixup: 0.2 ms]
   [Code Root Migration: 0.0 ms]
   [Clear CT: 3.8 ms]
   [Other: 4.6 ms]
      [Choose CSet: 0.0 ms]
      [Ref Proc: 0.8 ms]
      [Ref Enq: 0.0 ms]
      [Free CSet: 0.9 ms]
   [Eden: 1184.0M(1184.0M)->0.0B(1056.0M) Survivors: 32.0M->160.0M Heap: 14.1G(24.0G)->13.1G(24.0G)]
 [Times: user=0.73 sys=0.03, real=0.06 secs] 
2014-04-09T13:47:49.929+0900: 164.936: [GC concurrent-mark-end, 1.8761868 secs]
2014-04-09T13:47:49.931+0900: 164.937: [GC remark 164.938: [GC ref-proc, 0.0060081 secs], 0.0288607 secs]
 [Times: user=0.22 sys=0.00, real=0.03 secs] 
2014-04-09T13:47:49.961+0900: 164.968: [GC cleanup 14G->13G(24G), 0.0285478 secs]
 [Times: user=0.33 sys=0.00, real=0.03 secs] 
2014-04-09T13:47:49.990+0900: 164.997: [GC concurrent-cleanup-start]
2014-04-09T13:47:49.991+0900: 164.998: [GC concurrent-cleanup-end, 0.0005390 secs]
2014-04-09T13:47:50.117+0900: 165.123: [GC pause (G1 Evacuation Pause) (young), 0.0789637 secs]
   [Parallel Time: 70.7 ms, GC Workers: 13]
      [GC Worker Start (ms): Min: 165123.9, Avg: 165124.2, Max: 165124.3, Diff: 0.4]
      [Ext Root Scanning (ms): Min: 0.8, Avg: 1.0, Max: 1.1, Diff: 0.3, Sum: 12.4]
      [Update RS (ms): Min: 2.4, Avg: 2.8, Max: 4.0, Diff: 1.5, Sum: 36.2]
         [Processed Buffers: Min: 5, Avg: 12.1, Max: 20, Diff: 15, Sum: 157]
      [Scan RS (ms): Min: 10.5, Avg: 11.7, Max: 12.0, Diff: 1.5, Sum: 152.4]
      [Code Root Scanning (ms): Min: 0.0, Avg: 0.0, Max: 0.0, Diff: 0.0, Sum: 0.0]
      [Object Copy (ms): Min: 54.2, Avg: 54.3, Max: 54.4, Diff: 0.2, Sum: 706.2]
      [Termination (ms): Min: 0.0, Avg: 0.0, Max: 0.0, Diff: 0.0, Sum: 0.4]
      [GC Worker Other (ms): Min: 0.0, Avg: 0.1, Max: 0.1, Diff: 0.1, Sum: 0.8]
      [GC Worker Total (ms): Min: 69.7, Avg: 69.9, Max: 70.1, Diff: 0.3, Sum: 908.3]
      [GC Worker End (ms): Min: 165194.0, Avg: 165194.0, Max: 165194.1, Diff: 0.1]
   [Code Root Fixup: 0.2 ms]
   [Code Root Migration: 0.0 ms]
   [Clear CT: 3.6 ms]
   [Other: 4.4 ms]
      [Choose CSet: 0.0 ms]
      [Ref Proc: 0.5 ms]
      [Ref Enq: 0.0 ms]
      [Free CSet: 0.7 ms]
   [Eden: 1056.0M(1056.0M)->0.0B(1056.0M) Survivors: 160.0M->160.0M Heap: 14.1G(24.0G)->13.3G(24.0G)]
 [Times: user=0.92 sys=0.02, real=0.08 secs] 
2014-04-09T13:47:51.084+0900: 166.091: [GC pause (G1 Evacuation Pause) (mixed), 0.1953743 secs]
   [Parallel Time: 180.5 ms, GC Workers: 13]
      [GC Worker Start (ms): Min: 166091.5, Avg: 166091.7, Max: 166091.8, Diff: 0.4]
      [Ext Root Scanning (ms): Min: 0.9, Avg: 1.1, Max: 2.0, Diff: 1.1, Sum: 14.6]
      [Update RS (ms): Min: 0.8, Avg: 1.8, Max: 2.6, Diff: 1.8, Sum: 23.9]
         [Processed Buffers: Min: 3, Avg: 6.8, Max: 14, Diff: 11, Sum: 89]
      [Scan RS (ms): Min: 44.8, Avg: 45.6, Max: 46.5, Diff: 1.7, Sum: 593.4]
      [Code Root Scanning (ms): Min: 0.0, Avg: 0.0, Max: 0.0, Diff: 0.0, Sum: 0.1]
      [Object Copy (ms): Min: 130.1, Avg: 130.8, Max: 131.2, Diff: 1.1, Sum: 1700.9]
      [Termination (ms): Min: 0.0, Avg: 0.3, Max: 0.4, Diff: 0.4, Sum: 4.2]
      [GC Worker Other (ms): Min: 0.0, Avg: 0.0, Max: 0.0, Diff: 0.0, Sum: 0.3]
      [GC Worker Total (ms): Min: 179.6, Avg: 179.8, Max: 180.0, Diff: 0.4, Sum: 2337.3]
      [GC Worker End (ms): Min: 166271.5, Avg: 166271.5, Max: 166271.5, Diff: 0.0]
   [Code Root Fixup: 0.3 ms]
   [Code Root Migration: 0.0 ms]
   [Clear CT: 3.9 ms]
   [Other: 10.6 ms]
      [Choose CSet: 0.5 ms]
      [Ref Proc: 1.0 ms]
      [Ref Enq: 0.0 ms]
      [Free CSet: 2.2 ms]
   [Eden: 1056.0M(1056.0M)->0.0B(1056.0M) Survivors: 160.0M->160.0M Heap: 14.7G(24.0G)->13.2G(24.0G)]
 [Times: user=2.19 sys=0.19, real=0.20 secs] 
2014-04-09T13:47:52.477+0900: 167.484: [GC pause (G1 Evacuation Pause) (mixed), 0.1860686 secs]
   [Parallel Time: 169.8 ms, GC Workers: 13]
      [GC Worker Start (ms): Min: 167485.1, Avg: 167485.4, Max: 167485.7, Diff: 0.6]
      [Ext Root Scanning (ms): Min: 0.8, Avg: 1.1, Max: 1.6, Diff: 0.8, Sum: 13.9]
      [Update RS (ms): Min: 0.7, Avg: 1.6, Max: 3.0, Diff: 2.3, Sum: 20.5]
         [Processed Buffers: Min: 0, Avg: 5.7, Max: 16, Diff: 16, Sum: 74]
      [Scan RS (ms): Min: 48.6, Avg: 49.9, Max: 50.4, Diff: 1.8, Sum: 648.8]
      [Code Root Scanning (ms): Min: 0.0, Avg: 0.0, Max: 0.0, Diff: 0.0, Sum: 0.1]
      [Object Copy (ms): Min: 115.7, Avg: 115.9, Max: 116.2, Diff: 0.4, Sum: 1506.8]
      [Termination (ms): Min: 0.0, Avg: 0.0, Max: 0.0, Diff: 0.0, Sum: 0.0]
      [GC Worker Other (ms): Min: 0.0, Avg: 0.1, Max: 0.2, Diff: 0.1, Sum: 0.7]
      [GC Worker Total (ms): Min: 168.2, Avg: 168.5, Max: 168.9, Diff: 0.7, Sum: 2190.8]
      [GC Worker End (ms): Min: 167653.9, Avg: 167654.0, Max: 167654.1, Diff: 0.2]
   [Code Root Fixup: 0.3 ms]
   [Code Root Migration: 0.1 ms]
   [Clear CT: 4.1 ms]
   [Other: 11.9 ms]
      [Choose CSet: 0.7 ms]
      [Ref Proc: 1.3 ms]
      [Ref Enq: 0.0 ms]
      [Free CSet: 2.5 ms]
   [Eden: 1056.0M(1056.0M)->0.0B(1056.0M) Survivors: 160.0M->160.0M Heap: 14.6G(24.0G)->13.2G(24.0G)]
 [Times: user=2.17 sys=0.08, real=0.19 secs] 
2014-04-09T13:47:54.742+0900: 169.749: [GC pause (G1 Evacuation Pause) (mixed), 0.1753946 secs]
   [Parallel Time: 161.3 ms, GC Workers: 13]
      [GC Worker Start (ms): Min: 169749.9, Avg: 169750.2, Max: 169750.5, Diff: 0.6]
      [Ext Root Scanning (ms): Min: 0.7, Avg: 1.0, Max: 1.2, Diff: 0.6, Sum: 13.1]
      [Update RS (ms): Min: 1.0, Avg: 7.1, Max: 72.1, Diff: 71.1, Sum: 91.8]
         [Processed Buffers: Min: 0, Avg: 6.9, Max: 14, Diff: 14, Sum: 90]
      [Scan RS (ms): Min: 0.0, Avg: 42.4, Max: 46.5, Diff: 46.5, Sum: 551.3]
      [Code Root Scanning (ms): Min: 0.0, Avg: 0.0, Max: 0.0, Diff: 0.0, Sum: 0.0]
      [Object Copy (ms): Min: 87.2, Avg: 109.9, Max: 112.1, Diff: 24.8, Sum: 1428.3]
      [Termination (ms): Min: 0.0, Avg: 0.3, Max: 0.3, Diff: 0.3, Sum: 3.8]
      [GC Worker Other (ms): Min: 0.0, Avg: 0.0, Max: 0.1, Diff: 0.1, Sum: 0.4]
      [GC Worker Total (ms): Min: 160.3, Avg: 160.7, Max: 161.0, Diff: 0.7, Sum: 2088.8]
      [GC Worker End (ms): Min: 169910.8, Avg: 169910.9, Max: 169910.9, Diff: 0.1]
   [Code Root Fixup: 0.3 ms]
   [Code Root Migration: 0.0 ms]
   [Clear CT: 4.1 ms]
   [Other: 9.6 ms]
      [Choose CSet: 0.5 ms]
      [Ref Proc: 0.7 ms]
      [Ref Enq: 0.0 ms]
      [Free CSet: 2.0 ms]
   [Eden: 1056.0M(1056.0M)->0.0B(1056.0M) Survivors: 160.0M->160.0M Heap: 14.6G(24.0G)->13.5G(24.0G)]
 [Times: user=2.03 sys=0.10, real=0.17 secs] 
2014-04-09T13:47:55.168+0900: 170.175: [GC pause (G1 Humongous Allocation) (young) (initial-mark), 0.0619208 secs]
   [Parallel Time: 53.2 ms, GC Workers: 13]
      [GC Worker Start (ms): Min: 170175.4, Avg: 170175.7, Max: 170175.9, Diff: 0.5]
      [Ext Root Scanning (ms): Min: 0.5, Avg: 1.0, Max: 3.3, Diff: 2.8, Sum: 12.9]
      [Code Root Marking (ms): Min: 0.0, Avg: 0.7, Max: 5.0, Diff: 4.9, Sum: 9.0]
      [Update RS (ms): Min: 0.0, Avg: 3.5, Max: 6.9, Diff: 6.9, Sum: 45.9]
         [Processed Buffers: Min: 0, Avg: 2.8, Max: 9, Diff: 9, Sum: 36]
      [Scan RS (ms): Min: 8.7, Avg: 11.5, Max: 12.7, Diff: 4.0, Sum: 149.3]
      [Code Root Scanning (ms): Min: 0.0, Avg: 0.0, Max: 0.0, Diff: 0.0, Sum: 0.0]
      [Object Copy (ms): Min: 35.0, Avg: 35.4, Max: 36.9, Diff: 1.9, Sum: 459.8]
      [Termination (ms): Min: 0.0, Avg: 0.0, Max: 0.0, Diff: 0.0, Sum: 0.0]
      [GC Worker Other (ms): Min: 0.0, Avg: 0.0, Max: 0.1, Diff: 0.0, Sum: 0.4]
      [GC Worker Total (ms): Min: 51.9, Avg: 52.1, Max: 52.4, Diff: 0.5, Sum: 677.3]
      [GC Worker End (ms): Min: 170227.8, Avg: 170227.8, Max: 170227.8, Diff: 0.0]
   [Code Root Fixup: 0.2 ms]
   [Code Root Migration: 0.0 ms]
   [Clear CT: 3.8 ms]
   [Other: 4.7 ms]
      [Choose CSet: 0.0 ms]
      [Ref Proc: 1.7 ms]
      [Ref Enq: 0.0 ms]
      [Free CSet: 0.3 ms]
   [Eden: 336.0M(1056.0M)->0.0B(1056.0M) Survivors: 160.0M->160.0M Heap: 13.8G(24.0G)->13.6G(24.0G)]
 [Times: user=0.72 sys=0.00, real=0.07 secs] 
2014-04-09T13:47:55.230+0900: 170.237: [GC concurrent-root-region-scan-start]
2014-04-09T13:47:55.242+0900: 170.249: [GC concurrent-root-region-scan-end, 0.0118456 secs]
2014-04-09T13:47:55.242+0900: 170.249: [GC concurrent-mark-start]
2014-04-09T13:47:56.698+0900: 171.705: [GC concurrent-mark-end, 1.4553847 secs]
2014-04-09T13:47:56.699+0900: 171.706: [GC remark 171.708: [GC ref-proc, 0.0062631 secs], 0.0300051 secs]
 [Times: user=0.23 sys=0.00, real=0.03 secs] 
2014-04-09T13:47:56.731+0900: 171.738: [GC cleanup 14G->12G(24G), 0.0263508 secs]
 [Times: user=0.31 sys=0.00, real=0.02 secs] 
2014-04-09T13:47:56.758+0900: 171.765: [GC concurrent-cleanup-start]
2014-04-09T13:47:56.760+0900: 171.767: [GC concurrent-cleanup-end, 0.0018068 secs]
2014-04-09T13:47:57.041+0900: 172.047: [GC pause (G1 Evacuation Pause) (young), 0.0632377 secs]
   [Parallel Time: 54.7 ms, GC Workers: 13]
      [GC Worker Start (ms): Min: 172048.0, Avg: 172048.3, Max: 172048.5, Diff: 0.6]
      [Ext Root Scanning (ms): Min: 0.3, Avg: 0.7, Max: 1.5, Diff: 1.1, Sum: 8.6]
      [Update RS (ms): Min: 1.8, Avg: 2.4, Max: 5.1, Diff: 3.3, Sum: 31.4]
         [Processed Buffers: Min: 2, Avg: 11.1, Max: 20, Diff: 18, Sum: 144]
      [Scan RS (ms): Min: 6.8, Avg: 9.5, Max: 10.1, Diff: 3.3, Sum: 123.9]
      [Code Root Scanning (ms): Min: 0.0, Avg: 0.0, Max: 0.0, Diff: 0.0, Sum: 0.0]
      [Object Copy (ms): Min: 40.7, Avg: 41.0, Max: 41.3, Diff: 0.6, Sum: 533.1]
      [Termination (ms): Min: 0.0, Avg: 0.0, Max: 0.0, Diff: 0.0, Sum: 0.0]
      [GC Worker Other (ms): Min: 0.0, Avg: 0.0, Max: 0.1, Diff: 0.0, Sum: 0.4]
      [GC Worker Total (ms): Min: 53.4, Avg: 53.7, Max: 54.0, Diff: 0.5, Sum: 697.5]
      [GC Worker End (ms): Min: 172101.9, Avg: 172102.0, Max: 172102.0, Diff: 0.0]
   [Code Root Fixup: 0.2 ms]
   [Code Root Migration: 0.0 ms]
   [Clear CT: 3.6 ms]
   [Other: 4.7 ms]
      [Choose CSet: 0.0 ms]
      [Ref Proc: 1.1 ms]
      [Ref Enq: 0.0 ms]
      [Free CSet: 1.0 ms]
   [Eden: 1056.0M(1056.0M)->0.0B(1056.0M) Survivors: 160.0M->160.0M Heap: 13.3G(24.0G)->12.5G(24.0G)]
 [Times: user=0.73 sys=0.01, real=0.06 secs] 
2014-04-09T13:48:01.473+0900: 176.480: [GC pause (G1 Evacuation Pause) (mixed), 0.1211783 secs]
   [Parallel Time: 107.9 ms, GC Workers: 13]
      [GC Worker Start (ms): Min: 176480.6, Avg: 176480.9, Max: 176481.2, Diff: 0.6]
      [Ext Root Scanning (ms): Min: 0.6, Avg: 0.9, Max: 1.3, Diff: 0.6, Sum: 12.3]
      [Update RS (ms): Min: 1.7, Avg: 8.1, Max: 74.4, Diff: 72.7, Sum: 105.2]
         [Processed Buffers: Min: 1, Avg: 5.5, Max: 24, Diff: 23, Sum: 71]
      [Scan RS (ms): Min: 0.0, Avg: 27.3, Max: 30.1, Diff: 30.0, Sum: 354.5]
      [Code Root Scanning (ms): Min: 0.0, Avg: 0.0, Max: 0.0, Diff: 0.0, Sum: 0.1]
      [Object Copy (ms): Min: 31.2, Avg: 70.2, Max: 73.6, Diff: 42.5, Sum: 912.7]
      [Termination (ms): Min: 0.0, Avg: 0.0, Max: 0.0, Diff: 0.0, Sum: 0.1]
      [GC Worker Other (ms): Min: 0.0, Avg: 0.0, Max: 0.1, Diff: 0.1, Sum: 0.6]
      [GC Worker Total (ms): Min: 106.3, Avg: 106.6, Max: 106.9, Diff: 0.6, Sum: 1385.5]
      [GC Worker End (ms): Min: 176587.5, Avg: 176587.5, Max: 176587.6, Diff: 0.1]
   [Code Root Fixup: 0.1 ms]
   [Code Root Migration: 0.0 ms]
   [Clear CT: 4.8 ms]
   [Other: 8.3 ms]
      [Choose CSet: 0.1 ms]
      [Ref Proc: 1.1 ms]
      [Ref Enq: 0.0 ms]
      [Free CSet: 1.8 ms]
   [Eden: 1056.0M(1056.0M)->0.0B(1056.0M) Survivors: 160.0M->160.0M Heap: 13.8G(24.0G)->12.7G(24.0G)]
 [Times: user=1.44 sys=0.00, real=0.12 secs] 
2014-04-09T13:48:01.702+0900: 176.709: [GC pause (G1 Humongous Allocation) (young) (initial-mark), 0.0441010 secs]
   [Parallel Time: 36.8 ms, GC Workers: 13]
      [GC Worker Start (ms): Min: 176709.4, Avg: 176709.7, Max: 176709.9, Diff: 0.5]
      [Ext Root Scanning (ms): Min: 0.4, Avg: 0.8, Max: 2.7, Diff: 2.3, Sum: 10.9]
      [Code Root Marking (ms): Min: 0.0, Avg: 0.8, Max: 7.2, Diff: 7.2, Sum: 11.0]
      [Update RS (ms): Min: 0.0, Avg: 1.4, Max: 3.2, Diff: 3.2, Sum: 18.1]
         [Processed Buffers: Min: 0, Avg: 1.7, Max: 13, Diff: 13, Sum: 22]
      [Scan RS (ms): Min: 4.6, Avg: 9.0, Max: 9.9, Diff: 5.3, Sum: 117.0]
      [Code Root Scanning (ms): Min: 0.0, Avg: 0.0, Max: 0.0, Diff: 0.0, Sum: 0.0]
      [Object Copy (ms): Min: 23.0, Avg: 23.7, Max: 24.9, Diff: 1.9, Sum: 307.8]
      [Termination (ms): Min: 0.0, Avg: 0.0, Max: 0.0, Diff: 0.0, Sum: 0.0]
      [GC Worker Other (ms): Min: 0.0, Avg: 0.0, Max: 0.1, Diff: 0.0, Sum: 0.4]
      [GC Worker Total (ms): Min: 35.6, Avg: 35.8, Max: 36.1, Diff: 0.5, Sum: 465.2]
      [GC Worker End (ms): Min: 176745.5, Avg: 176745.5, Max: 176745.5, Diff: 0.0]
   [Code Root Fixup: 0.2 ms]
   [Code Root Migration: 0.0 ms]
   [Clear CT: 3.6 ms]
   [Other: 3.5 ms]
      [Choose CSet: 0.0 ms]
      [Ref Proc: 0.6 ms]
      [Ref Enq: 0.0 ms]
      [Free CSet: 0.6 ms]
   [Eden: 32.0M(1056.0M)->0.0B(1136.0M) Survivors: 160.0M->80.0M Heap: 12.7G(24.0G)->12.8G(24.0G)]
 [Times: user=0.51 sys=0.00, real=0.04 secs] 
2014-04-09T13:48:01.747+0900: 176.753: [GC concurrent-root-region-scan-start]
2014-04-09T13:48:01.750+0900: 176.757: [GC concurrent-root-region-scan-end, 0.0036591 secs]
2014-04-09T13:48:01.750+0900: 176.757: [GC concurrent-mark-start]
2014-04-09T13:48:03.350+0900: 178.357: [GC concurrent-mark-end, 1.5995509 secs]
2014-04-09T13:48:03.351+0900: 178.358: [GC remark 178.359: [GC ref-proc, 0.0059377 secs], 0.0343209 secs]
 [Times: user=0.23 sys=0.00, real=0.03 secs] 
2014-04-09T13:48:03.387+0900: 178.394: [GC cleanup 13G->13G(24G), 0.0308408 secs]
 [Times: user=0.26 sys=0.00, real=0.03 secs] 
2014-04-09T13:48:03.419+0900: 178.426: [GC concurrent-cleanup-start]
2014-04-09T13:48:03.420+0900: 178.427: [GC concurrent-cleanup-end, 0.0008070 secs]
2014-04-09T13:48:17.821+0900: 192.828: [GC pause (G1 Evacuation Pause) (young), 0.0242298 secs]
   [Parallel Time: 19.0 ms, GC Workers: 13]
      [GC Worker Start (ms): Min: 192827.9, Avg: 192829.1, Max: 192839.2, Diff: 11.3]
      [Ext Root Scanning (ms): Min: 0.1, Avg: 0.8, Max: 1.3, Diff: 1.2, Sum: 10.2]
      [Update RS (ms): Min: 0.0, Avg: 2.4, Max: 3.1, Diff: 3.1, Sum: 31.3]
         [Processed Buffers: Min: 0, Avg: 5.5, Max: 25, Diff: 25, Sum: 71]
      [Scan RS (ms): Min: 0.0, Avg: 1.3, Max: 1.9, Diff: 1.8, Sum: 16.6]
      [Code Root Scanning (ms): Min: 0.0, Avg: 0.0, Max: 0.0, Diff: 0.0, Sum: 0.0]
      [Object Copy (ms): Min: 0.5, Avg: 6.7, Max: 12.9, Diff: 12.3, Sum: 87.3]
      [Termination (ms): Min: 0.0, Avg: 5.6, Max: 6.1, Diff: 6.1, Sum: 73.4]
      [GC Worker Other (ms): Min: 0.0, Avg: 0.0, Max: 0.1, Diff: 0.1, Sum: 0.5]
      [GC Worker Total (ms): Min: 6.8, Avg: 16.9, Max: 18.1, Diff: 11.3, Sum: 219.4]
      [GC Worker End (ms): Min: 192846.0, Avg: 192846.0, Max: 192846.1, Diff: 0.1]
   [Code Root Fixup: 0.1 ms]
   [Code Root Migration: 0.0 ms]
   [Clear CT: 2.7 ms]
   [Other: 2.4 ms]
      [Choose CSet: 0.0 ms]
      [Ref Proc: 1.4 ms]
      [Ref Enq: 0.0 ms]
      [Free CSet: 0.4 ms]
   [Eden: 1136.0M(1136.0M)->0.0B(1152.0M) Survivors: 80.0M->64.0M Heap: 13.3G(24.0G)->12.1G(24.0G)]
 [Times: user=0.23 sys=0.00, real=0.03 secs] 
2014-04-09T13:48:18.341+0900: 193.348: [GC pause (G1 Evacuation Pause) (mixed), 0.0511421 secs]
   [Parallel Time: 40.8 ms, GC Workers: 13]
      [GC Worker Start (ms): Min: 193348.5, Avg: 193348.8, Max: 193349.1, Diff: 0.6]
      [Ext Root Scanning (ms): Min: 0.5, Avg: 0.8, Max: 1.4, Diff: 0.9, Sum: 10.2]
      [Update RS (ms): Min: 0.0, Avg: 0.4, Max: 0.7, Diff: 0.7, Sum: 5.7]
         [Processed Buffers: Min: 0, Avg: 3.9, Max: 8, Diff: 8, Sum: 51]
      [Scan RS (ms): Min: 11.6, Avg: 11.9, Max: 12.4, Diff: 0.8, Sum: 154.5]
      [Code Root Scanning (ms): Min: 0.0, Avg: 0.0, Max: 0.0, Diff: 0.0, Sum: 0.0]
      [Object Copy (ms): Min: 25.9, Avg: 26.3, Max: 26.5, Diff: 0.5, Sum: 342.0]
      [Termination (ms): Min: 0.0, Avg: 0.0, Max: 0.0, Diff: 0.0, Sum: 0.0]
      [GC Worker Other (ms): Min: 0.0, Avg: 0.1, Max: 0.2, Diff: 0.2, Sum: 0.9]
      [GC Worker Total (ms): Min: 39.2, Avg: 39.5, Max: 39.8, Diff: 0.6, Sum: 513.4]
      [GC Worker End (ms): Min: 193388.3, Avg: 193388.3, Max: 193388.5, Diff: 0.2]
   [Code Root Fixup: 0.1 ms]
   [Code Root Migration: 0.0 ms]
   [Clear CT: 4.7 ms]
   [Other: 5.5 ms]
      [Choose CSet: 0.2 ms]
      [Ref Proc: 1.5 ms]
      [Ref Enq: 0.0 ms]
      [Free CSet: 0.9 ms]
   [Eden: 1152.0M(1152.0M)->0.0B(1168.0M) Survivors: 64.0M->48.0M Heap: 13.3G(24.0G)->11.8G(24.0G)]
 [Times: user=0.57 sys=0.00, real=0.05 secs] 
2014-04-09T13:48:18.677+0900: 193.684: [GC pause (G1 Humongous Allocation) (young) (initial-mark), 0.0177061 secs]
   [Parallel Time: 11.8 ms, GC Workers: 13]
      [GC Worker Start (ms): Min: 193684.3, Avg: 193684.6, Max: 193684.9, Diff: 0.6]
      [Ext Root Scanning (ms): Min: 0.4, Avg: 0.8, Max: 2.4, Diff: 2.0, Sum: 9.8]
      [Code Root Marking (ms): Min: 0.0, Avg: 0.7, Max: 4.9, Diff: 4.9, Sum: 8.8]
      [Update RS (ms): Min: 0.0, Avg: 1.8, Max: 3.1, Diff: 3.1, Sum: 23.2]
         [Processed Buffers: Min: 0, Avg: 2.8, Max: 6, Diff: 6, Sum: 37]
      [Scan RS (ms): Min: 0.0, Avg: 1.3, Max: 1.7, Diff: 1.7, Sum: 17.4]
      [Code Root Scanning (ms): Min: 0.0, Avg: 0.0, Max: 0.0, Diff: 0.0, Sum: 0.0]
      [Object Copy (ms): Min: 4.3, Avg: 5.4, Max: 6.7, Diff: 2.3, Sum: 70.1]
      [Termination (ms): Min: 0.0, Avg: 0.3, Max: 0.3, Diff: 0.3, Sum: 3.9]
      [GC Worker Other (ms): Min: 0.0, Avg: 0.0, Max: 0.1, Diff: 0.1, Sum: 0.5]
      [GC Worker Total (ms): Min: 10.0, Avg: 10.3, Max: 10.6, Diff: 0.6, Sum: 133.7]
      [GC Worker End (ms): Min: 193694.9, Avg: 193694.9, Max: 193695.0, Diff: 0.1]
   [Code Root Fixup: 0.2 ms]
   [Code Root Migration: 0.0 ms]
   [Clear CT: 3.4 ms]
   [Other: 2.3 ms]
      [Choose CSet: 0.0 ms]
      [Ref Proc: 1.0 ms]
      [Ref Enq: 0.0 ms]
      [Free CSet: 0.3 ms]
   [Eden: 656.0M(1168.0M)->0.0B(1152.0M) Survivors: 48.0M->64.0M Heap: 12.5G(24.0G)->11.8G(24.0G)]
 [Times: user=0.17 sys=0.00, real=0.02 secs] 
2014-04-09T13:48:18.695+0900: 193.702: [GC concurrent-root-region-scan-start]
2014-04-09T13:48:18.708+0900: 193.715: [GC concurrent-root-region-scan-end, 0.0130564 secs]
2014-04-09T13:48:18.708+0900: 193.715: [GC concurrent-mark-start]
2014-04-09T13:48:19.821+0900: 194.828: [GC pause (G1 Evacuation Pause) (young), 0.0516084 secs]
   [Parallel Time: 43.1 ms, GC Workers: 13]
      [GC Worker Start (ms): Min: 194828.2, Avg: 194828.4, Max: 194828.5, Diff: 0.3]
      [Ext Root Scanning (ms): Min: 0.6, Avg: 0.7, Max: 1.4, Diff: 0.8, Sum: 9.6]
      [SATB Filtering (ms): Min: 0.0, Avg: 0.0, Max: 0.4, Diff: 0.4, Sum: 0.4]
      [Update RS (ms): Min: 0.8, Avg: 1.2, Max: 1.8, Diff: 1.0, Sum: 15.5]
         [Processed Buffers: Min: 0, Avg: 5.3, Max: 10, Diff: 10, Sum: 69]
      [Scan RS (ms): Min: 6.9, Avg: 7.5, Max: 7.7, Diff: 0.8, Sum: 97.6]
      [Code Root Scanning (ms): Min: 0.0, Avg: 0.0, Max: 0.0, Diff: 0.0, Sum: 0.0]
      [Object Copy (ms): Min: 32.7, Avg: 32.8, Max: 32.9, Diff: 0.2, Sum: 426.3]
      [Termination (ms): Min: 0.0, Avg: 0.0, Max: 0.0, Diff: 0.0, Sum: 0.0]
      [GC Worker Other (ms): Min: 0.0, Avg: 0.1, Max: 0.3, Diff: 0.3, Sum: 1.2]
      [GC Worker Total (ms): Min: 42.2, Avg: 42.4, Max: 42.5, Diff: 0.3, Sum: 550.7]
      [GC Worker End (ms): Min: 194870.6, Avg: 194870.7, Max: 194870.9, Diff: 0.3]
   [Code Root Fixup: 0.2 ms]
   [Code Root Migration: 0.0 ms]
   [Clear CT: 4.0 ms]
   [Other: 4.3 ms]
      [Choose CSet: 0.0 ms]
      [Ref Proc: 1.0 ms]
      [Ref Enq: 0.0 ms]
      [Free CSet: 0.9 ms]
   [Eden: 1152.0M(1152.0M)->0.0B(1056.0M) Survivors: 64.0M->160.0M Heap: 13.4G(24.0G)->12.4G(24.0G)]
 [Times: user=0.60 sys=0.00, real=0.05 secs] 
2014-04-09T13:48:20.096+0900: 195.102: [GC concurrent-mark-end, 1.3875699 secs]
2014-04-09T13:48:20.097+0900: 195.103: [GC remark 195.105: [GC ref-proc, 0.0050954 secs], 0.0264874 secs]
 [Times: user=0.20 sys=0.00, real=0.02 secs] 
2014-04-09T13:48:20.125+0900: 195.131: [GC cleanup 12G->12G(24G), 0.0240616 secs]
 [Times: user=0.29 sys=0.00, real=0.02 secs] 
2014-04-09T13:48:20.149+0900: 195.156: [GC concurrent-cleanup-start]
2014-04-09T13:48:20.149+0900: 195.156: [GC concurrent-cleanup-end, 0.0001383 secs]
2014-04-09T13:48:20.888+0900: 195.894: [GC pause (G1 Evacuation Pause) (young), 0.1068624 secs]
   [Parallel Time: 97.4 ms, GC Workers: 13]
      [GC Worker Start (ms): Min: 195895.0, Avg: 195895.2, Max: 195895.3, Diff: 0.3]
      [Ext Root Scanning (ms): Min: 0.7, Avg: 0.9, Max: 1.4, Diff: 0.6, Sum: 11.7]
      [Update RS (ms): Min: 2.7, Avg: 4.3, Max: 8.1, Diff: 5.4, Sum: 56.4]
         [Processed Buffers: Min: 1, Avg: 12.3, Max: 22, Diff: 21, Sum: 160]
      [Scan RS (ms): Min: 13.1, Avg: 16.8, Max: 18.1, Diff: 5.0, Sum: 218.4]
      [Code Root Scanning (ms): Min: 0.0, Avg: 0.0, Max: 0.0, Diff: 0.0, Sum: 0.0]
      [Object Copy (ms): Min: 74.3, Avg: 74.4, Max: 74.5, Diff: 0.3, Sum: 967.1]
      [Termination (ms): Min: 0.0, Avg: 0.0, Max: 0.0, Diff: 0.0, Sum: 0.1]
      [GC Worker Other (ms): Min: 0.0, Avg: 0.1, Max: 0.2, Diff: 0.2, Sum: 0.8]
      [GC Worker Total (ms): Min: 96.3, Avg: 96.5, Max: 96.6, Diff: 0.3, Sum: 1254.6]
      [GC Worker End (ms): Min: 195991.6, Avg: 195991.7, Max: 195991.8, Diff: 0.2]
   [Code Root Fixup: 0.3 ms]
   [Code Root Migration: 0.0 ms]
   [Clear CT: 3.5 ms]
   [Other: 5.7 ms]
      [Choose CSet: 0.0 ms]
      [Ref Proc: 1.0 ms]
      [Ref Enq: 0.0 ms]
      [Free CSet: 0.8 ms]
   [Eden: 1056.0M(1056.0M)->0.0B(1056.0M) Survivors: 160.0M->160.0M Heap: 13.8G(24.0G)->13.1G(24.0G)]
 [Times: user=1.13 sys=0.16, real=0.11 secs] 
2014-04-09T13:48:22.459+0900: 197.466: [GC pause (G1 Evacuation Pause) (mixed), 0.1922402 secs]
   [Parallel Time: 172.7 ms, GC Workers: 13]
      [GC Worker Start (ms): Min: 197466.7, Avg: 197467.0, Max: 197467.2, Diff: 0.6]
      [Ext Root Scanning (ms): Min: 0.6, Avg: 0.8, Max: 1.7, Diff: 1.1, Sum: 10.9]
      [Update RS (ms): Min: 2.0, Avg: 9.1, Max: 78.8, Diff: 76.8, Sum: 117.8]
         [Processed Buffers: Min: 1, Avg: 5.5, Max: 17, Diff: 16, Sum: 72]
      [Scan RS (ms): Min: 0.0, Avg: 43.2, Max: 47.4, Diff: 47.3, Sum: 561.5]
      [Code Root Scanning (ms): Min: 0.0, Avg: 0.0, Max: 0.0, Diff: 0.0, Sum: 0.1]
      [Object Copy (ms): Min: 91.4, Avg: 118.0, Max: 121.4, Diff: 30.0, Sum: 1534.1]
      [Termination (ms): Min: 0.0, Avg: 0.2, Max: 0.3, Diff: 0.2, Sum: 2.6]
      [GC Worker Other (ms): Min: 0.0, Avg: 0.1, Max: 0.2, Diff: 0.2, Sum: 1.0]
      [GC Worker Total (ms): Min: 171.1, Avg: 171.4, Max: 171.7, Diff: 0.7, Sum: 2228.0]
      [GC Worker End (ms): Min: 197638.3, Avg: 197638.4, Max: 197638.5, Diff: 0.2]
   [Code Root Fixup: 0.2 ms]
   [Code Root Migration: 0.1 ms]
   [Clear CT: 5.5 ms]
   [Other: 13.8 ms]
      [Choose CSet: 0.6 ms]
      [Ref Proc: 1.3 ms]
      [Ref Enq: 0.0 ms]
      [Free CSet: 2.7 ms]
   [Eden: 1056.0M(1056.0M)->0.0B(1056.0M) Survivors: 160.0M->160.0M Heap: 14.4G(24.0G)->13.0G(24.0G)]
 [Times: user=2.29 sys=0.00, real=0.19 secs] 
2014-04-09T13:48:23.653+0900: 198.660: [GC pause (G1 Evacuation Pause) (mixed), 0.1908125 secs]
   [Parallel Time: 171.6 ms, GC Workers: 13]
      [GC Worker Start (ms): Min: 198661.3, Avg: 198661.6, Max: 198661.8, Diff: 0.5]
      [Ext Root Scanning (ms): Min: 0.6, Avg: 0.8, Max: 1.3, Diff: 0.7, Sum: 10.4]
      [Update RS (ms): Min: 2.8, Avg: 3.2, Max: 4.2, Diff: 1.5, Sum: 42.2]
         [Processed Buffers: Min: 8, Avg: 11.3, Max: 19, Diff: 11, Sum: 147]
      [Scan RS (ms): Min: 48.3, Avg: 49.3, Max: 49.6, Diff: 1.3, Sum: 641.0]
      [Code Root Scanning (ms): Min: 0.0, Avg: 0.0, Max: 0.0, Diff: 0.0, Sum: 0.1]
      [Object Copy (ms): Min: 116.6, Avg: 116.8, Max: 117.0, Diff: 0.4, Sum: 1518.2]
      [Termination (ms): Min: 0.2, Avg: 0.4, Max: 0.5, Diff: 0.3, Sum: 4.8]
      [GC Worker Other (ms): Min: 0.0, Avg: 0.0, Max: 0.1, Diff: 0.1, Sum: 0.5]
      [GC Worker Total (ms): Min: 170.3, Avg: 170.6, Max: 170.8, Diff: 0.5, Sum: 2217.2]
      [GC Worker End (ms): Min: 198832.1, Avg: 198832.1, Max: 198832.2, Diff: 0.1]
   [Code Root Fixup: 0.2 ms]
   [Code Root Migration: 0.0 ms]
   [Clear CT: 4.5 ms]
   [Other: 14.4 ms]
      [Choose CSet: 0.7 ms]
      [Ref Proc: 1.1 ms]
      [Ref Enq: 0.0 ms]
      [Free CSet: 2.7 ms]
   [Eden: 1056.0M(1056.0M)->0.0B(1056.0M) Survivors: 160.0M->160.0M Heap: 14.4G(24.0G)->13.0G(24.0G)]
 [Times: user=2.28 sys=0.00, real=0.19 secs] 
2014-04-09T13:48:24.970+0900: 199.977: [GC pause (G1 Evacuation Pause) (mixed), 0.1816987 secs]
   [Parallel Time: 162.8 ms, GC Workers: 13]
      [GC Worker Start (ms): Min: 199978.2, Avg: 199978.5, Max: 199978.8, Diff: 0.6]
      [Ext Root Scanning (ms): Min: 0.6, Avg: 0.9, Max: 1.6, Diff: 0.9, Sum: 11.4]
      [Update RS (ms): Min: 2.7, Avg: 3.3, Max: 5.5, Diff: 2.8, Sum: 42.5]
         [Processed Buffers: Min: 6, Avg: 12.5, Max: 18, Diff: 12, Sum: 162]
      [Scan RS (ms): Min: 49.7, Avg: 51.8, Max: 52.8, Diff: 3.1, Sum: 673.7]
      [Code Root Scanning (ms): Min: 0.0, Avg: 0.0, Max: 0.0, Diff: 0.0, Sum: 0.1]
      [Object Copy (ms): Min: 105.0, Avg: 105.3, Max: 105.5, Diff: 0.6, Sum: 1369.0]
      [Termination (ms): Min: 0.0, Avg: 0.0, Max: 0.0, Diff: 0.0, Sum: 0.0]
      [GC Worker Other (ms): Min: 0.0, Avg: 0.0, Max: 0.1, Diff: 0.1, Sum: 0.5]
      [GC Worker Total (ms): Min: 161.0, Avg: 161.3, Max: 161.7, Diff: 0.6, Sum: 2097.1]
      [GC Worker End (ms): Min: 200139.8, Avg: 200139.8, Max: 200139.9, Diff: 0.1]
   [Code Root Fixup: 0.4 ms]
   [Code Root Migration: 0.1 ms]
   [Clear CT: 5.4 ms]
   [Other: 13.1 ms]
      [Choose CSet: 0.6 ms]
      [Ref Proc: 1.3 ms]
      [Ref Enq: 0.0 ms]
      [Free CSet: 2.5 ms]
   [Eden: 1056.0M(1056.0M)->0.0B(1056.0M) Survivors: 160.0M->160.0M Heap: 14.3G(24.0G)->13.2G(24.0G)]
 [Times: user=2.16 sys=0.01, real=0.18 secs] 
2014-04-09T13:48:25.196+0900: 200.203: [GC pause (G1 Humongous Allocation) (young) (initial-mark), 0.2653036 secs]
   [Parallel Time: 259.1 ms, GC Workers: 13]
      [GC Worker Start (ms): Min: 200203.1, Avg: 200203.4, Max: 200203.7, Diff: 0.6]
      [Ext Root Scanning (ms): Min: 0.4, Avg: 0.8, Max: 2.5, Diff: 2.1, Sum: 10.0]
      [Code Root Marking (ms): Min: 0.0, Avg: 0.8, Max: 6.9, Diff: 6.9, Sum: 10.9]
      [Update RS (ms): Min: 135.4, Avg: 147.4, Max: 202.1, Diff: 66.7, Sum: 1916.7]
         [Processed Buffers: Min: 38, Avg: 70.2, Max: 103, Diff: 65, Sum: 913]
      [Scan RS (ms): Min: 0.0, Avg: 1.5, Max: 2.3, Diff: 2.3, Sum: 19.1]
      [Code Root Scanning (ms): Min: 0.0, Avg: 0.0, Max: 0.0, Diff: 0.0, Sum: 0.0]
      [Object Copy (ms): Min: 55.4, Avg: 107.3, Max: 113.6, Diff: 58.2, Sum: 1395.3]
      [Termination (ms): Min: 0.0, Avg: 0.4, Max: 0.5, Diff: 0.5, Sum: 4.6]
      [GC Worker Other (ms): Min: 0.0, Avg: 0.0, Max: 0.0, Diff: 0.0, Sum: 0.3]
      [GC Worker Total (ms): Min: 257.9, Avg: 258.2, Max: 258.5, Diff: 0.6, Sum: 3357.0]
      [GC Worker End (ms): Min: 200461.7, Avg: 200461.7, Max: 200461.7, Diff: 0.0]
   [Code Root Fixup: 0.3 ms]
   [Code Root Migration: 0.0 ms]
   [Clear CT: 1.1 ms]
   [Other: 4.9 ms]
      [Choose CSet: 0.0 ms]
      [Ref Proc: 0.5 ms]
      [Ref Enq: 0.0 ms]
      [Free CSet: 0.1 ms]
   [Eden: 16.0M(1056.0M)->0.0B(1120.0M) Survivors: 160.0M->96.0M Heap: 13.2G(24.0G)->13.3G(24.0G)]
 [Times: user=3.34 sys=0.02, real=0.26 secs] 
2014-04-09T13:48:25.462+0900: 200.468: [GC concurrent-root-region-scan-start]
2014-04-09T13:48:25.464+0900: 200.471: [GC concurrent-root-region-scan-end, 0.0024941 secs]
2014-04-09T13:48:25.464+0900: 200.471: [GC concurrent-mark-start]
2014-04-09T13:48:26.640+0900: 201.647: [GC pause (G1 Evacuation Pause) (young), 0.0492235 secs]
   [Parallel Time: 41.6 ms, GC Workers: 13]
      [GC Worker Start (ms): Min: 201647.5, Avg: 201647.8, Max: 201647.9, Diff: 0.4]
      [Ext Root Scanning (ms): Min: 0.5, Avg: 0.7, Max: 1.2, Diff: 0.7, Sum: 9.1]
      [SATB Filtering (ms): Min: 0.0, Avg: 0.0, Max: 0.4, Diff: 0.4, Sum: 0.4]
      [Update RS (ms): Min: 1.0, Avg: 1.6, Max: 1.7, Diff: 0.8, Sum: 20.3]
         [Processed Buffers: Min: 1, Avg: 5.5, Max: 14, Diff: 13, Sum: 72]
      [Scan RS (ms): Min: 7.2, Avg: 7.3, Max: 7.4, Diff: 0.3, Sum: 95.0]
      [Code Root Scanning (ms): Min: 0.0, Avg: 0.0, Max: 0.0, Diff: 0.0, Sum: 0.0]
      [Object Copy (ms): Min: 30.7, Avg: 30.8, Max: 31.0, Diff: 0.3, Sum: 400.6]
      [Termination (ms): Min: 0.0, Avg: 0.2, Max: 0.2, Diff: 0.2, Sum: 2.3]
      [GC Worker Other (ms): Min: 0.0, Avg: 0.0, Max: 0.1, Diff: 0.1, Sum: 0.5]
      [GC Worker Total (ms): Min: 40.4, Avg: 40.6, Max: 40.9, Diff: 0.4, Sum: 528.3]
      [GC Worker End (ms): Min: 201688.4, Avg: 201688.4, Max: 201688.5, Diff: 0.1]
   [Code Root Fixup: 0.2 ms]
   [Code Root Migration: 0.0 ms]
   [Clear CT: 3.6 ms]
   [Other: 3.7 ms]
      [Choose CSet: 0.0 ms]
      [Ref Proc: 0.8 ms]
      [Ref Enq: 0.0 ms]
      [Free CSet: 0.5 ms]
   [Eden: 1120.0M(1120.0M)->0.0B(1056.0M) Survivors: 96.0M->160.0M Heap: 14.7G(24.0G)->13.8G(24.0G)]
 [Times: user=0.56 sys=0.01, real=0.05 secs] 
2014-04-09T13:48:27.124+0900: 202.131: [GC concurrent-mark-end, 1.6601899 secs]
2014-04-09T13:48:27.129+0900: 202.135: [GC remark 202.137: [GC ref-proc, 0.0052384 secs], 0.0287558 secs]
 [Times: user=0.22 sys=0.00, real=0.03 secs] 
2014-04-09T13:48:27.159+0900: 202.166: [GC cleanup 14G->12G(24G), 0.0260653 secs]
 [Times: user=0.30 sys=0.00, real=0.02 secs] 
2014-04-09T13:48:27.186+0900: 202.192: [GC concurrent-cleanup-start]
2014-04-09T13:48:27.188+0900: 202.194: [GC concurrent-cleanup-end, 0.0019841 secs]
2014-04-09T13:48:27.915+0900: 202.922: [GC pause (G1 Evacuation Pause) (young), 0.0980229 secs]
   [Parallel Time: 86.8 ms, GC Workers: 13]
      [GC Worker Start (ms): Min: 202922.0, Avg: 202922.2, Max: 202922.4, Diff: 0.4]
      [Ext Root Scanning (ms): Min: 0.7, Avg: 0.9, Max: 1.2, Diff: 0.6, Sum: 11.6]
      [Update RS (ms): Min: 1.0, Avg: 1.6, Max: 5.6, Diff: 4.6, Sum: 20.2]
         [Processed Buffers: Min: 2, Avg: 4.6, Max: 11, Diff: 9, Sum: 60]
      [Scan RS (ms): Min: 21.0, Avg: 25.7, Max: 26.3, Diff: 5.3, Sum: 333.8]
      [Code Root Scanning (ms): Min: 0.0, Avg: 0.0, Max: 0.0, Diff: 0.0, Sum: 0.0]
      [Object Copy (ms): Min: 56.5, Avg: 56.7, Max: 57.6, Diff: 1.1, Sum: 737.5]
      [Termination (ms): Min: 0.0, Avg: 0.9, Max: 1.0, Diff: 1.0, Sum: 12.1]
      [GC Worker Other (ms): Min: 0.0, Avg: 0.0, Max: 0.0, Diff: 0.0, Sum: 0.3]
      [GC Worker Total (ms): Min: 85.6, Avg: 85.8, Max: 86.0, Diff: 0.4, Sum: 1115.6]
      [GC Worker End (ms): Min: 203008.0, Avg: 203008.0, Max: 203008.0, Diff: 0.0]
   [Code Root Fixup: 0.2 ms]
   [Code Root Migration: 0.0 ms]
   [Clear CT: 4.1 ms]
   [Other: 7.0 ms]
      [Choose CSet: 0.0 ms]
      [Ref Proc: 1.4 ms]
      [Ref Enq: 0.0 ms]
      [Free CSet: 0.7 ms]
   [Eden: 1056.0M(1056.0M)->0.0B(1056.0M) Survivors: 160.0M->160.0M Heap: 13.5G(24.0G)->12.7G(24.0G)]
 [Times: user=1.16 sys=0.01, real=0.10 secs] 
2014-04-09T13:48:31.665+0900: 206.671: [GC pause (G1 Evacuation Pause) (mixed), 0.1950906 secs]
   [Parallel Time: 180.2 ms, GC Workers: 13]
      [GC Worker Start (ms): Min: 206671.9, Avg: 206672.1, Max: 206672.4, Diff: 0.5]
      [Ext Root Scanning (ms): Min: 0.6, Avg: 0.8, Max: 1.3, Diff: 0.8, Sum: 11.0]
      [Update RS (ms): Min: 1.0, Avg: 1.2, Max: 2.1, Diff: 1.1, Sum: 15.2]
         [Processed Buffers: Min: 0, Avg: 5.5, Max: 18, Diff: 18, Sum: 72]
      [Scan RS (ms): Min: 59.5, Avg: 60.7, Max: 61.2, Diff: 1.7, Sum: 789.4]
      [Code Root Scanning (ms): Min: 0.0, Avg: 0.0, Max: 0.0, Diff: 0.0, Sum: 0.1]
      [Object Copy (ms): Min: 116.3, Avg: 116.7, Max: 117.0, Diff: 0.7, Sum: 1516.6]
      [Termination (ms): Min: 0.0, Avg: 0.3, Max: 0.4, Diff: 0.4, Sum: 4.0]
      [GC Worker Other (ms): Min: 0.0, Avg: 0.0, Max: 0.1, Diff: 0.0, Sum: 0.4]
      [GC Worker Total (ms): Min: 179.5, Avg: 179.7, Max: 180.0, Diff: 0.5, Sum: 2336.7]
      [GC Worker End (ms): Min: 206851.8, Avg: 206851.8, Max: 206851.9, Diff: 0.0]
   [Code Root Fixup: 0.2 ms]
   [Code Root Migration: 0.0 ms]
   [Clear CT: 4.5 ms]
   [Other: 10.2 ms]
      [Choose CSet: 0.3 ms]
      [Ref Proc: 0.7 ms]
      [Ref Enq: 0.0 ms]
      [Free CSet: 1.7 ms]
   [Eden: 1056.0M(1056.0M)->0.0B(1056.0M) Survivors: 160.0M->160.0M Heap: 14.1G(24.0G)->12.9G(24.0G)]
 [Times: user=2.38 sys=0.02, real=0.20 secs] 
2014-04-09T13:48:32.539+0900: 207.546: [GC pause (G1 Humongous Allocation) (young) (initial-mark), 0.0832333 secs]
   [Parallel Time: 73.8 ms, GC Workers: 13]
      [GC Worker Start (ms): Min: 207546.0, Avg: 207546.4, Max: 207546.7, Diff: 0.6]
      [Ext Root Scanning (ms): Min: 0.4, Avg: 0.8, Max: 3.3, Diff: 2.9, Sum: 10.2]
      [Code Root Marking (ms): Min: 0.0, Avg: 0.7, Max: 4.9, Diff: 4.9, Sum: 8.9]
      [Update RS (ms): Min: 0.0, Avg: 2.9, Max: 7.1, Diff: 7.1, Sum: 38.0]
         [Processed Buffers: Min: 0, Avg: 3.1, Max: 18, Diff: 18, Sum: 40]
      [Scan RS (ms): Min: 21.0, Avg: 24.5, Max: 25.5, Diff: 4.4, Sum: 318.9]
      [Code Root Scanning (ms): Min: 0.0, Avg: 0.0, Max: 0.0, Diff: 0.0, Sum: 0.0]
      [Object Copy (ms): Min: 42.8, Avg: 43.0, Max: 43.7, Diff: 0.9, Sum: 558.5]
      [Termination (ms): Min: 0.0, Avg: 0.0, Max: 0.1, Diff: 0.1, Sum: 0.5]
      [GC Worker Other (ms): Min: 0.0, Avg: 0.0, Max: 0.0, Diff: 0.0, Sum: 0.3]
      [GC Worker Total (ms): Min: 71.7, Avg: 71.9, Max: 72.3, Diff: 0.6, Sum: 935.3]
      [GC Worker End (ms): Min: 207618.3, Avg: 207618.3, Max: 207618.3, Diff: 0.0]
   [Code Root Fixup: 0.2 ms]
   [Code Root Migration: 0.0 ms]
   [Clear CT: 4.2 ms]
   [Other: 5.0 ms]
      [Choose CSet: 0.0 ms]
      [Ref Proc: 1.5 ms]
      [Ref Enq: 0.0 ms]
      [Free CSet: 0.2 ms]
   [Eden: 32.0M(1056.0M)->0.0B(1120.0M) Survivors: 160.0M->96.0M Heap: 12.9G(24.0G)->13.0G(24.0G)]
 [Times: user=0.97 sys=0.00, real=0.08 secs] 
2014-04-09T13:48:32.622+0900: 207.629: [GC concurrent-root-region-scan-start]
2014-04-09T13:48:32.623+0900: 207.629: [GC concurrent-root-region-scan-end, 0.0002850 secs]
2014-04-09T13:48:32.623+0900: 207.629: [GC concurrent-mark-start]
2014-04-09T13:48:34.141+0900: 209.147: [GC concurrent-mark-end, 1.5181065 secs]
2014-04-09T13:48:34.142+0900: 209.149: [GC remark 209.150: [GC ref-proc, 0.0052670 secs], 0.0305259 secs]
 [Times: user=0.25 sys=0.00, real=0.03 secs] 
2014-04-09T13:48:34.174+0900: 209.181: [GC cleanup 13G->12G(24G), 0.0307561 secs]
 [Times: user=0.34 sys=0.00, real=0.03 secs] 
2014-04-09T13:48:34.206+0900: 209.213: [GC concurrent-cleanup-start]
2014-04-09T13:48:34.207+0900: 209.214: [GC concurrent-cleanup-end, 0.0010595 secs]
2014-04-09T13:48:36.898+0900: 211.905: [GC pause (G1 Evacuation Pause) (young), 0.0521186 secs]
   [Parallel Time: 45.2 ms, GC Workers: 13]
      [GC Worker Start (ms): Min: 211905.0, Avg: 211905.4, Max: 211905.6, Diff: 0.6]
      [Ext Root Scanning (ms): Min: 0.5, Avg: 0.8, Max: 1.3, Diff: 0.8, Sum: 10.0]
      [Update RS (ms): Min: 2.0, Avg: 2.6, Max: 3.1, Diff: 1.2, Sum: 34.0]
         [Processed Buffers: Min: 1, Avg: 4.8, Max: 19, Diff: 18, Sum: 62]
      [Scan RS (ms): Min: 11.1, Avg: 11.6, Max: 11.9, Diff: 0.8, Sum: 151.3]
      [Code Root Scanning (ms): Min: 0.0, Avg: 0.0, Max: 0.0, Diff: 0.0, Sum: 0.0]
      [Object Copy (ms): Min: 28.3, Avg: 28.4, Max: 28.6, Diff: 0.3, Sum: 368.8]
      [Termination (ms): Min: 0.0, Avg: 0.1, Max: 0.2, Diff: 0.2, Sum: 1.8]
      [GC Worker Other (ms): Min: 0.0, Avg: 0.0, Max: 0.1, Diff: 0.1, Sum: 0.6]
      [GC Worker Total (ms): Min: 43.3, Avg: 43.6, Max: 43.9, Diff: 0.6, Sum: 566.5]
      [GC Worker End (ms): Min: 211948.9, Avg: 211948.9, Max: 211949.0, Diff: 0.1]
   [Code Root Fixup: 0.1 ms]
   [Code Root Migration: 0.0 ms]
   [Clear CT: 3.7 ms]
   [Other: 3.0 ms]
      [Choose CSet: 0.0 ms]
      [Ref Proc: 1.3 ms]
      [Ref Enq: 0.0 ms]
      [Free CSet: 0.4 ms]
   [Eden: 1120.0M(1120.0M)->0.0B(1088.0M) Survivors: 96.0M->128.0M Heap: 13.2G(24.0G)->12.2G(24.0G)]
 [Times: user=0.60 sys=0.00, real=0.05 secs] 
2014-04-09T13:48:48.744+0900: 223.751: [GC pause (G1 Evacuation Pause) (mixed), 0.1031732 secs]
   [Parallel Time: 90.7 ms, GC Workers: 13]
      [GC Worker Start (ms): Min: 223751.4, Avg: 223751.7, Max: 223751.9, Diff: 0.5]
      [Ext Root Scanning (ms): Min: 0.6, Avg: 0.8, Max: 1.3, Diff: 0.7, Sum: 10.3]
      [Update RS (ms): Min: 1.5, Avg: 2.4, Max: 4.8, Diff: 3.3, Sum: 30.9]
         [Processed Buffers: Min: 0, Avg: 5.5, Max: 19, Diff: 19, Sum: 71]
      [Scan RS (ms): Min: 26.7, Avg: 29.1, Max: 29.6, Diff: 2.8, Sum: 378.9]
      [Code Root Scanning (ms): Min: 0.0, Avg: 0.0, Max: 0.0, Diff: 0.0, Sum: 0.0]
      [Object Copy (ms): Min: 56.9, Avg: 57.1, Max: 57.2, Diff: 0.3, Sum: 741.8]
      [Termination (ms): Min: 0.0, Avg: 0.1, Max: 0.1, Diff: 0.1, Sum: 1.2]
      [GC Worker Other (ms): Min: 0.0, Avg: 0.0, Max: 0.1, Diff: 0.1, Sum: 0.5]
      [GC Worker Total (ms): Min: 89.3, Avg: 89.5, Max: 89.8, Diff: 0.4, Sum: 1163.7]
      [GC Worker End (ms): Min: 223841.2, Avg: 223841.2, Max: 223841.2, Diff: 0.1]
   [Code Root Fixup: 0.1 ms]
   [Code Root Migration: 0.0 ms]
   [Clear CT: 5.3 ms]
   [Other: 6.9 ms]
      [Choose CSet: 0.3 ms]
      [Ref Proc: 1.2 ms]
      [Ref Enq: 0.0 ms]
      [Free CSet: 1.6 ms]
   [Eden: 1088.0M(1088.0M)->0.0B(1104.0M) Survivors: 128.0M->112.0M Heap: 13.2G(24.0G)->12.0G(24.0G)]
 [Times: user=1.22 sys=0.01, real=0.10 secs] 
2014-04-09T13:48:49.334+0900: 224.341: [GC pause (G1 Humongous Allocation) (young) (initial-mark), 0.0115246 secs]
   [Parallel Time: 7.4 ms, GC Workers: 13]
      [GC Worker Start (ms): Min: 224341.7, Avg: 224342.0, Max: 224342.2, Diff: 0.5]
      [Ext Root Scanning (ms): Min: 0.4, Avg: 1.0, Max: 2.5, Diff: 2.0, Sum: 13.4]
      [Code Root Marking (ms): Min: 0.0, Avg: 0.7, Max: 4.7, Diff: 4.7, Sum: 8.6]
      [Update RS (ms): Min: 0.0, Avg: 0.8, Max: 1.4, Diff: 1.4, Sum: 9.9]
         [Processed Buffers: Min: 0, Avg: 3.7, Max: 12, Diff: 12, Sum: 48]
      [Scan RS (ms): Min: 0.0, Avg: 0.1, Max: 0.3, Diff: 0.3, Sum: 1.2]
      [Code Root Scanning (ms): Min: 0.0, Avg: 0.0, Max: 0.0, Diff: 0.0, Sum: 0.0]
      [Object Copy (ms): Min: 0.5, Avg: 1.2, Max: 2.2, Diff: 1.7, Sum: 16.0]
      [Termination (ms): Min: 0.0, Avg: 2.4, Max: 2.6, Diff: 2.6, Sum: 30.8]
      [GC Worker Other (ms): Min: 0.0, Avg: 0.0, Max: 0.0, Diff: 0.0, Sum: 0.2]
      [GC Worker Total (ms): Min: 5.9, Avg: 6.2, Max: 6.5, Diff: 0.6, Sum: 80.1]
      [GC Worker End (ms): Min: 224348.1, Avg: 224348.1, Max: 224348.2, Diff: 0.0]
   [Code Root Fixup: 0.2 ms]
   [Code Root Migration: 0.0 ms]
   [Clear CT: 1.4 ms]
   [Other: 2.5 ms]
      [Choose CSet: 0.0 ms]
      [Ref Proc: 1.2 ms]
      [Ref Enq: 0.0 ms]
      [Free CSet: 0.3 ms]
   [Eden: 816.0M(1104.0M)->0.0B(1184.0M) Survivors: 112.0M->32.0M Heap: 12.7G(24.0G)->11.9G(24.0G)]
 [Times: user=0.09 sys=0.00, real=0.01 secs] 
2014-04-09T13:48:49.346+0900: 224.353: [GC concurrent-root-region-scan-start]
2014-04-09T13:48:49.350+0900: 224.357: [GC concurrent-root-region-scan-end, 0.0044645 secs]
2014-04-09T13:48:49.351+0900: 224.357: [GC concurrent-mark-start]
2014-04-09T13:48:50.648+0900: 225.655: [GC pause (G1 Evacuation Pause) (young), 0.0542987 secs]
   [Parallel Time: 45.9 ms, GC Workers: 13]
      [GC Worker Start (ms): Min: 225654.7, Avg: 225655.0, Max: 225655.3, Diff: 0.6]
      [Ext Root Scanning (ms): Min: 0.4, Avg: 0.6, Max: 1.3, Diff: 0.9, Sum: 8.3]
      [SATB Filtering (ms): Min: 0.0, Avg: 0.0, Max: 0.3, Diff: 0.3, Sum: 0.3]
      [Update RS (ms): Min: 2.4, Avg: 3.0, Max: 3.9, Diff: 1.5, Sum: 39.1]
         [Processed Buffers: Min: 2, Avg: 5.2, Max: 17, Diff: 15, Sum: 67]
      [Scan RS (ms): Min: 5.1, Avg: 5.9, Max: 6.4, Diff: 1.3, Sum: 77.2]
      [Code Root Scanning (ms): Min: 0.0, Avg: 0.0, Max: 0.0, Diff: 0.0, Sum: 0.0]
      [Object Copy (ms): Min: 34.5, Avg: 34.5, Max: 34.6, Diff: 0.1, Sum: 449.1]
      [Termination (ms): Min: 0.0, Avg: 0.0, Max: 0.0, Diff: 0.0, Sum: 0.0]
      [GC Worker Other (ms): Min: 0.0, Avg: 0.0, Max: 0.1, Diff: 0.1, Sum: 0.5]
      [GC Worker Total (ms): Min: 44.0, Avg: 44.2, Max: 44.5, Diff: 0.5, Sum: 574.6]
      [GC Worker End (ms): Min: 225699.2, Avg: 225699.2, Max: 225699.3, Diff: 0.1]
   [Code Root Fixup: 0.1 ms]
   [Code Root Migration: 0.0 ms]
   [Clear CT: 3.6 ms]
   [Other: 4.6 ms]
      [Choose CSet: 0.0 ms]
      [Ref Proc: 2.0 ms]
      [Ref Enq: 0.0 ms]
      [Free CSet: 1.0 ms]
   [Eden: 1184.0M(1184.0M)->0.0B(1056.0M) Survivors: 32.0M->160.0M Heap: 13.5G(24.0G)->12.5G(24.0G)]
 [Times: user=0.59 sys=0.02, real=0.06 secs] 
2014-04-09T13:48:50.855+0900: 225.862: [GC concurrent-mark-end, 1.5048141 secs]
2014-04-09T13:48:50.857+0900: 225.863: [GC remark 225.865: [GC ref-proc, 0.0045611 secs], 0.0269457 secs]
 [Times: user=0.22 sys=0.00, real=0.03 secs] 
2014-04-09T13:48:50.885+0900: 225.892: [GC cleanup 12G->12G(24G), 0.0298456 secs]
 [Times: user=0.35 sys=0.00, real=0.03 secs] 
2014-04-09T13:48:50.915+0900: 225.922: [GC concurrent-cleanup-start]
2014-04-09T13:48:50.915+0900: 225.922: [GC concurrent-cleanup-end, 0.0002001 secs]
2014-04-09T13:48:51.618+0900: 226.624: [GC pause (G1 Evacuation Pause) (young), 0.0879752 secs]
   [Parallel Time: 78.3 ms, GC Workers: 13]
      [GC Worker Start (ms): Min: 226625.0, Avg: 226625.3, Max: 226625.5, Diff: 0.5]
      [Ext Root Scanning (ms): Min: 0.5, Avg: 0.8, Max: 1.1, Diff: 0.5, Sum: 10.0]
      [Update RS (ms): Min: 2.5, Avg: 3.1, Max: 4.4, Diff: 1.9, Sum: 40.1]
         [Processed Buffers: Min: 8, Avg: 11.4, Max: 17, Diff: 9, Sum: 148]
      [Scan RS (ms): Min: 15.2, Avg: 16.4, Max: 16.8, Diff: 1.6, Sum: 213.8]
      [Code Root Scanning (ms): Min: 0.0, Avg: 0.0, Max: 0.0, Diff: 0.0, Sum: 0.0]
      [Object Copy (ms): Min: 56.3, Avg: 56.5, Max: 56.6, Diff: 0.3, Sum: 734.2]
      [Termination (ms): Min: 0.0, Avg: 0.1, Max: 0.1, Diff: 0.1, Sum: 1.2]
      [GC Worker Other (ms): Min: 0.0, Avg: 0.0, Max: 0.1, Diff: 0.1, Sum: 0.6]
      [GC Worker Total (ms): Min: 76.7, Avg: 76.9, Max: 77.2, Diff: 0.5, Sum: 999.9]
      [GC Worker End (ms): Min: 226702.2, Avg: 226702.2, Max: 226702.3, Diff: 0.1]
   [Code Root Fixup: 0.3 ms]
   [Code Root Migration: 0.0 ms]
   [Clear CT: 3.7 ms]
   [Other: 5.7 ms]
      [Choose CSet: 0.0 ms]
      [Ref Proc: 1.1 ms]
      [Ref Enq: 0.0 ms]
      [Free CSet: 1.2 ms]
   [Eden: 1056.0M(1056.0M)->0.0B(1056.0M) Survivors: 160.0M->160.0M Heap: 13.7G(24.0G)->12.9G(24.0G)]
 [Times: user=1.04 sys=0.00, real=0.09 secs] 
2014-04-09T13:48:52.575+0900: 227.582: [GC pause (G1 Evacuation Pause) (mixed), 0.1589138 secs]
   [Parallel Time: 142.7 ms, GC Workers: 13]
      [GC Worker Start (ms): Min: 227583.3, Avg: 227583.5, Max: 227583.7, Diff: 0.4]
      [Ext Root Scanning (ms): Min: 0.6, Avg: 0.8, Max: 1.6, Diff: 1.0, Sum: 10.7]
      [Update RS (ms): Min: 2.5, Avg: 3.3, Max: 4.5, Diff: 2.1, Sum: 43.1]
         [Processed Buffers: Min: 8, Avg: 11.4, Max: 18, Diff: 10, Sum: 148]
      [Scan RS (ms): Min: 49.9, Avg: 51.0, Max: 51.3, Diff: 1.4, Sum: 662.6]
      [Code Root Scanning (ms): Min: 0.0, Avg: 0.0, Max: 0.0, Diff: 0.0, Sum: 0.1]
      [Object Copy (ms): Min: 86.6, Avg: 86.8, Max: 87.1, Diff: 0.4, Sum: 1128.1]
      [Termination (ms): Min: 0.0, Avg: 0.0, Max: 0.0, Diff: 0.0, Sum: 0.0]
      [GC Worker Other (ms): Min: 0.0, Avg: 0.0, Max: 0.1, Diff: 0.1, Sum: 0.5]
      [GC Worker Total (ms): Min: 141.7, Avg: 141.9, Max: 142.1, Diff: 0.4, Sum: 1845.2]
      [GC Worker End (ms): Min: 227725.5, Avg: 227725.5, Max: 227725.6, Diff: 0.1]
   [Code Root Fixup: 0.4 ms]
   [Code Root Migration: 0.1 ms]
   [Clear CT: 4.7 ms]
   [Other: 11.0 ms]
      [Choose CSet: 0.7 ms]
      [Ref Proc: 0.9 ms]
      [Ref Enq: 0.0 ms]
      [Free CSet: 2.5 ms]
   [Eden: 1056.0M(1056.0M)->0.0B(1056.0M) Survivors: 160.0M->160.0M Heap: 14.3G(24.0G)->12.8G(24.0G)]
 [Times: user=1.91 sys=0.00, real=0.16 secs] 
2014-04-09T13:48:53.743+0900: 228.750: [GC pause (G1 Evacuation Pause) (mixed), 0.1913500 secs]
   [Parallel Time: 174.3 ms, GC Workers: 13]
      [GC Worker Start (ms): Min: 228750.5, Avg: 228750.8, Max: 228751.0, Diff: 0.6]
      [Ext Root Scanning (ms): Min: 0.5, Avg: 0.8, Max: 1.2, Diff: 0.7, Sum: 10.5]
      [Update RS (ms): Min: 1.1, Avg: 1.5, Max: 5.5, Diff: 4.4, Sum: 20.1]
         [Processed Buffers: Min: 1, Avg: 5.5, Max: 12, Diff: 11, Sum: 71]
      [Scan RS (ms): Min: 51.2, Avg: 55.1, Max: 55.9, Diff: 4.7, Sum: 716.7]
      [Code Root Scanning (ms): Min: 0.0, Avg: 0.0, Max: 0.0, Diff: 0.0, Sum: 0.1]
      [Object Copy (ms): Min: 115.1, Avg: 115.4, Max: 115.7, Diff: 0.7, Sum: 1499.9]
      [Termination (ms): Min: 0.0, Avg: 0.2, Max: 0.2, Diff: 0.2, Sum: 2.5]
      [GC Worker Other (ms): Min: 0.0, Avg: 0.0, Max: 0.1, Diff: 0.1, Sum: 0.5]
      [GC Worker Total (ms): Min: 172.8, Avg: 173.1, Max: 173.4, Diff: 0.6, Sum: 2250.2]
      [GC Worker End (ms): Min: 228923.9, Avg: 228923.9, Max: 228923.9, Diff: 0.1]
   [Code Root Fixup: 0.3 ms]
   [Code Root Migration: 0.1 ms]
   [Clear CT: 4.7 ms]
   [Other: 12.0 ms]
      [Choose CSet: 0.7 ms]
      [Ref Proc: 0.9 ms]
      [Ref Enq: 0.0 ms]
      [Free CSet: 2.6 ms]
   [Eden: 1056.0M(1056.0M)->0.0B(1056.0M) Survivors: 160.0M->160.0M Heap: 14.2G(24.0G)->12.9G(24.0G)]
 [Times: user=2.31 sys=0.00, real=0.19 secs] 
2014-04-09T13:48:55.322+0900: 230.328: [GC pause (G1 Evacuation Pause) (mixed), 0.1834785 secs]
   [Parallel Time: 165.7 ms, GC Workers: 13]
      [GC Worker Start (ms): Min: 230330.3, Avg: 230330.5, Max: 230330.7, Diff: 0.4]
      [Ext Root Scanning (ms): Min: 0.7, Avg: 0.9, Max: 1.9, Diff: 1.2, Sum: 11.6]
      [Update RS (ms): Min: 5.6, Avg: 5.9, Max: 7.0, Diff: 1.4, Sum: 77.3]
         [Processed Buffers: Min: 17, Avg: 23.0, Max: 31, Diff: 14, Sum: 299]
      [Scan RS (ms): Min: 54.0, Avg: 55.0, Max: 55.7, Diff: 1.8, Sum: 715.2]
      [Code Root Scanning (ms): Min: 0.0, Avg: 0.0, Max: 0.0, Diff: 0.0, Sum: 0.1]
      [Object Copy (ms): Min: 102.7, Avg: 102.9, Max: 103.1, Diff: 0.5, Sum: 1338.2]
      [Termination (ms): Min: 0.0, Avg: 0.0, Max: 0.0, Diff: 0.0, Sum: 0.0]
      [GC Worker Other (ms): Min: 0.0, Avg: 0.0, Max: 0.1, Diff: 0.1, Sum: 0.6]
      [GC Worker Total (ms): Min: 164.7, Avg: 164.8, Max: 165.0, Diff: 0.3, Sum: 2143.0]
      [GC Worker End (ms): Min: 230495.3, Avg: 230495.3, Max: 230495.4, Diff: 0.1]
   [Code Root Fixup: 0.3 ms]
   [Code Root Migration: 0.1 ms]
   [Clear CT: 5.0 ms]
   [Other: 12.3 ms]
      [Choose CSet: 0.8 ms]
      [Ref Proc: 1.1 ms]
      [Ref Enq: 0.0 ms]
      [Free CSet: 2.1 ms]
   [Eden: 1056.0M(1056.0M)->0.0B(1056.0M) Survivors: 160.0M->160.0M Heap: 14.2G(24.0G)->12.9G(24.0G)]
 [Times: user=2.21 sys=0.00, real=0.18 secs] 
2014-04-09T13:48:55.526+0900: 230.533: [GC pause (G1 Humongous Allocation) (young) (initial-mark), 0.1387983 secs]
   [Parallel Time: 133.7 ms, GC Workers: 13]
      [GC Worker Start (ms): Min: 230533.0, Avg: 230533.3, Max: 230533.5, Diff: 0.5]
      [Ext Root Scanning (ms): Min: 0.4, Avg: 0.8, Max: 3.0, Diff: 2.6, Sum: 10.5]
      [Code Root Marking (ms): Min: 0.0, Avg: 0.8, Max: 7.1, Diff: 7.0, Sum: 11.0]
      [Update RS (ms): Min: 100.8, Avg: 106.0, Max: 107.8, Diff: 7.0, Sum: 1378.1]
         [Processed Buffers: Min: 52, Avg: 60.8, Max: 78, Diff: 26, Sum: 790]
      [Scan RS (ms): Min: 0.0, Avg: 0.0, Max: 0.1, Diff: 0.1, Sum: 0.4]
      [Code Root Scanning (ms): Min: 0.0, Avg: 0.0, Max: 0.0, Diff: 0.0, Sum: 0.0]
      [Object Copy (ms): Min: 24.3, Avg: 25.2, Max: 25.9, Diff: 1.6, Sum: 328.2]
      [Termination (ms): Min: 0.0, Avg: 0.0, Max: 0.0, Diff: 0.0, Sum: 0.3]
      [GC Worker Other (ms): Min: 0.0, Avg: 0.0, Max: 0.0, Diff: 0.0, Sum: 0.3]
      [GC Worker Total (ms): Min: 132.8, Avg: 133.0, Max: 133.3, Diff: 0.5, Sum: 1728.7]
      [GC Worker End (ms): Min: 230666.3, Avg: 230666.3, Max: 230666.3, Diff: 0.0]
   [Code Root Fixup: 0.3 ms]
   [Code Root Migration: 0.0 ms]
   [Clear CT: 0.7 ms]
   [Other: 4.0 ms]
      [Choose CSet: 0.0 ms]
      [Ref Proc: 0.5 ms]
      [Ref Enq: 0.0 ms]
      [Free CSet: 0.1 ms]
   [Eden: 32.0M(1056.0M)->0.0B(1120.0M) Survivors: 160.0M->96.0M Heap: 12.9G(24.0G)->13.1G(24.0G)]
 [Times: user=1.73 sys=0.00, real=0.14 secs] 
2014-04-09T13:48:55.665+0900: 230.672: [GC concurrent-root-region-scan-start]
2014-04-09T13:48:55.666+0900: 230.673: [GC concurrent-root-region-scan-end, 0.0013109 secs]
2014-04-09T13:48:55.666+0900: 230.673: [GC concurrent-mark-start]
2014-04-09T13:48:56.620+0900: 231.626: [GC pause (G1 Evacuation Pause) (young), 0.0525420 secs]
   [Parallel Time: 46.7 ms, GC Workers: 13]
      [GC Worker Start (ms): Min: 231626.9, Avg: 231627.0, Max: 231627.2, Diff: 0.3]
      [Ext Root Scanning (ms): Min: 0.6, Avg: 0.7, Max: 1.1, Diff: 0.5, Sum: 9.6]
      [SATB Filtering (ms): Min: 0.0, Avg: 0.0, Max: 0.2, Diff: 0.2, Sum: 0.2]
      [Update RS (ms): Min: 2.5, Avg: 2.9, Max: 3.7, Diff: 1.2, Sum: 37.2]
         [Processed Buffers: Min: 0, Avg: 11.3, Max: 27, Diff: 27, Sum: 147]
      [Scan RS (ms): Min: 6.1, Avg: 6.9, Max: 7.2, Diff: 1.1, Sum: 90.3]
      [Code Root Scanning (ms): Min: 0.0, Avg: 0.0, Max: 0.0, Diff: 0.0, Sum: 0.0]
      [Object Copy (ms): Min: 34.3, Avg: 34.5, Max: 35.5, Diff: 1.2, Sum: 448.2]
      [Termination (ms): Min: 0.0, Avg: 1.2, Max: 1.3, Diff: 1.3, Sum: 15.1]
      [GC Worker Other (ms): Min: 0.0, Avg: 0.0, Max: 0.0, Diff: 0.0, Sum: 0.3]
      [GC Worker Total (ms): Min: 46.1, Avg: 46.2, Max: 46.3, Diff: 0.3, Sum: 600.8]
      [GC Worker End (ms): Min: 231673.2, Avg: 231673.2, Max: 231673.3, Diff: 0.0]
   [Code Root Fixup: 0.2 ms]
   [Code Root Migration: 0.0 ms]
   [Clear CT: 2.8 ms]
   [Other: 2.8 ms]
      [Choose CSet: 0.0 ms]
      [Ref Proc: 0.2 ms]
      [Ref Enq: 0.0 ms]
      [Free CSet: 0.5 ms]
   [Eden: 1120.0M(1120.0M)->0.0B(1056.0M) Survivors: 96.0M->160.0M Heap: 14.5G(24.0G)->13.6G(24.0G)]
 [Times: user=0.63 sys=0.00, real=0.05 secs] 
2014-04-09T13:48:57.295+0900: 232.301: [GC concurrent-mark-end, 1.6283633 secs]
2014-04-09T13:48:57.296+0900: 232.303: [GC remark 232.304: [GC ref-proc, 0.0045759 secs], 0.0286404 secs]
 [Times: user=0.22 sys=0.00, real=0.03 secs] 
2014-04-09T13:48:57.326+0900: 232.333: [GC cleanup 14G->12G(24G), 0.0288832 secs]
 [Times: user=0.34 sys=0.00, real=0.03 secs] 
2014-04-09T13:48:57.356+0900: 232.362: [GC concurrent-cleanup-start]
2014-04-09T13:48:57.358+0900: 232.364: [GC concurrent-cleanup-end, 0.0020747 secs]
2014-04-09T13:48:57.793+0900: 232.800: [GC pause (G1 Evacuation Pause) (young), 0.0860390 secs]
   [Parallel Time: 76.1 ms, GC Workers: 13]
      [GC Worker Start (ms): Min: 232799.8, Avg: 232800.2, Max: 232800.4, Diff: 0.6]
      [Ext Root Scanning (ms): Min: 0.5, Avg: 0.7, Max: 1.3, Diff: 0.7, Sum: 9.6]
      [Update RS (ms): Min: 3.4, Avg: 4.0, Max: 4.6, Diff: 1.2, Sum: 52.1]
         [Processed Buffers: Min: 2, Avg: 5.5, Max: 12, Diff: 10, Sum: 72]
      [Scan RS (ms): Min: 15.8, Avg: 16.4, Max: 16.8, Diff: 1.0, Sum: 213.2]
      [Code Root Scanning (ms): Min: 0.0, Avg: 0.0, Max: 0.0, Diff: 0.0, Sum: 0.0]
      [Object Copy (ms): Min: 53.3, Avg: 53.4, Max: 53.6, Diff: 0.4, Sum: 694.5]
      [Termination (ms): Min: 0.0, Avg: 0.0, Max: 0.0, Diff: 0.0, Sum: 0.0]
      [GC Worker Other (ms): Min: 0.0, Avg: 0.1, Max: 0.2, Diff: 0.2, Sum: 0.7]
      [GC Worker Total (ms): Min: 74.4, Avg: 74.6, Max: 75.0, Diff: 0.6, Sum: 970.1]
      [GC Worker End (ms): Min: 232874.8, Avg: 232874.8, Max: 232874.9, Diff: 0.2]
   [Code Root Fixup: 0.3 ms]
   [Code Root Migration: 0.0 ms]
   [Clear CT: 4.5 ms]
   [Other: 5.1 ms]
      [Choose CSet: 0.0 ms]
      [Ref Proc: 1.3 ms]
      [Ref Enq: 0.0 ms]
      [Free CSet: 0.6 ms]
   [Eden: 1056.0M(1056.0M)->0.0B(1056.0M) Survivors: 160.0M->160.0M Heap: 13.3G(24.0G)->12.5G(24.0G)]
 [Times: user=1.02 sys=0.00, real=0.08 secs] 
2014-04-09T13:48:59.069+0900: 234.075: [GC pause (G1 Evacuation Pause) (mixed), 0.1268894 secs]
   [Parallel Time: 113.9 ms, GC Workers: 13]
      [GC Worker Start (ms): Min: 234075.8, Avg: 234076.0, Max: 234076.1, Diff: 0.4]
      [Ext Root Scanning (ms): Min: 0.8, Avg: 1.0, Max: 1.7, Diff: 0.9, Sum: 12.7]
      [Update RS (ms): Min: 0.0, Avg: 1.1, Max: 2.0, Diff: 2.0, Sum: 14.5]
         [Processed Buffers: Min: 0, Avg: 5.0, Max: 8, Diff: 8, Sum: 65]
      [Scan RS (ms): Min: 28.6, Avg: 29.3, Max: 29.7, Diff: 1.1, Sum: 380.6]
      [Code Root Scanning (ms): Min: 0.0, Avg: 0.0, Max: 0.0, Diff: 0.0, Sum: 0.0]
      [Object Copy (ms): Min: 81.7, Avg: 81.8, Max: 82.0, Diff: 0.3, Sum: 1063.8]
      [Termination (ms): Min: 0.0, Avg: 0.1, Max: 0.1, Diff: 0.1, Sum: 0.9]
      [GC Worker Other (ms): Min: 0.0, Avg: 0.0, Max: 0.1, Diff: 0.1, Sum: 0.6]
      [GC Worker Total (ms): Min: 113.2, Avg: 113.3, Max: 113.5, Diff: 0.4, Sum: 1473.2]
      [GC Worker End (ms): Min: 234189.3, Avg: 234189.3, Max: 234189.3, Diff: 0.1]
   [Code Root Fixup: 0.3 ms]
   [Code Root Migration: 0.0 ms]
   [Clear CT: 4.4 ms]
   [Other: 8.2 ms]
      [Choose CSet: 0.2 ms]
      [Ref Proc: 0.8 ms]
      [Ref Enq: 0.0 ms]
      [Free CSet: 1.6 ms]
   [Eden: 1056.0M(1056.0M)->0.0B(1056.0M) Survivors: 160.0M->160.0M Heap: 14.0G(24.0G)->12.9G(24.0G)]
 [Times: user=1.52 sys=0.00, real=0.13 secs] 
2014-04-09T13:48:59.220+0900: 234.227: [GC pause (G1 Humongous Allocation) (young) (initial-mark), 0.0912495 secs]
   [Parallel Time: 85.9 ms, GC Workers: 13]
      [GC Worker Start (ms): Min: 234226.9, Avg: 234227.1, Max: 234227.3, Diff: 0.4]
      [Ext Root Scanning (ms): Min: 0.4, Avg: 0.8, Max: 2.7, Diff: 2.3, Sum: 10.2]
      [Code Root Marking (ms): Min: 0.0, Avg: 0.6, Max: 4.9, Diff: 4.9, Sum: 8.4]
      [Update RS (ms): Min: 56.5, Avg: 60.9, Max: 62.4, Diff: 5.9, Sum: 791.6]
         [Processed Buffers: Min: 25, Avg: 34.8, Max: 47, Diff: 22, Sum: 453]
      [Scan RS (ms): Min: 0.0, Avg: 0.0, Max: 0.2, Diff: 0.2, Sum: 0.6]
      [Code Root Scanning (ms): Min: 0.0, Avg: 0.0, Max: 0.0, Diff: 0.0, Sum: 0.0]
      [Object Copy (ms): Min: 21.9, Avg: 22.8, Max: 23.2, Diff: 1.3, Sum: 296.4]
      [Termination (ms): Min: 0.0, Avg: 0.0, Max: 0.0, Diff: 0.0, Sum: 0.0]
      [GC Worker Other (ms): Min: 0.0, Avg: 0.0, Max: 0.1, Diff: 0.0, Sum: 0.3]
      [GC Worker Total (ms): Min: 85.0, Avg: 85.2, Max: 85.4, Diff: 0.4, Sum: 1107.5]
      [GC Worker End (ms): Min: 234312.3, Avg: 234312.3, Max: 234312.3, Diff: 0.0]
   [Code Root Fixup: 0.3 ms]
   [Code Root Migration: 0.0 ms]
   [Clear CT: 0.8 ms]
   [Other: 4.2 ms]
      [Choose CSet: 0.0 ms]
      [Ref Proc: 1.0 ms]
      [Ref Enq: 0.0 ms]
      [Free CSet: 0.1 ms]
   [Eden: 32.0M(1056.0M)->0.0B(1104.0M) Survivors: 160.0M->112.0M Heap: 12.9G(24.0G)->13.0G(24.0G)]
 [Times: user=1.11 sys=0.00, real=0.10 secs] 
2014-04-09T13:48:59.311+0900: 234.318: [GC concurrent-root-region-scan-start]
2014-04-09T13:48:59.313+0900: 234.320: [GC concurrent-root-region-scan-end, 0.0020849 secs]
2014-04-09T13:48:59.313+0900: 234.320: [GC concurrent-mark-start]
2014-04-09T13:49:00.427+0900: 235.434: [GC pause (G1 Evacuation Pause) (young), 0.0629038 secs]
   [Parallel Time: 55.9 ms, GC Workers: 13]
      [GC Worker Start (ms): Min: 235434.6, Avg: 235434.8, Max: 235434.9, Diff: 0.3]
      [Ext Root Scanning (ms): Min: 0.5, Avg: 0.7, Max: 0.8, Diff: 0.3, Sum: 8.7]
      [SATB Filtering (ms): Min: 0.0, Avg: 0.0, Max: 0.3, Diff: 0.3, Sum: 0.3]
      [Update RS (ms): Min: 2.5, Avg: 3.1, Max: 4.7, Diff: 2.2, Sum: 40.1]
         [Processed Buffers: Min: 0, Avg: 11.5, Max: 28, Diff: 28, Sum: 149]
      [Scan RS (ms): Min: 5.6, Avg: 7.3, Max: 7.8, Diff: 2.2, Sum: 95.0]
      [Code Root Scanning (ms): Min: 0.0, Avg: 0.0, Max: 0.0, Diff: 0.0, Sum: 0.0]
      [Object Copy (ms): Min: 42.1, Avg: 42.4, Max: 44.0, Diff: 1.9, Sum: 550.8]
      [Termination (ms): Min: 0.0, Avg: 1.7, Max: 1.8, Diff: 1.8, Sum: 21.6]
      [GC Worker Other (ms): Min: 0.0, Avg: 0.0, Max: 0.1, Diff: 0.0, Sum: 0.4]
      [GC Worker Total (ms): Min: 55.0, Avg: 55.2, Max: 55.3, Diff: 0.3, Sum: 717.0]
      [GC Worker End (ms): Min: 235489.9, Avg: 235489.9, Max: 235490.0, Diff: 0.0]
   [Code Root Fixup: 0.2 ms]
   [Code Root Migration: 0.0 ms]
   [Clear CT: 3.3 ms]
   [Other: 3.5 ms]
      [Choose CSet: 0.0 ms]
      [Ref Proc: 0.7 ms]
      [Ref Enq: 0.0 ms]
      [Free CSet: 0.5 ms]
   [Eden: 1104.0M(1104.0M)->0.0B(1056.0M) Survivors: 112.0M->160.0M Heap: 14.5G(24.0G)->13.5G(24.0G)]
 [Times: user=0.76 sys=0.00, real=0.07 secs] 
2014-04-09T13:49:00.987+0900: 235.994: [GC concurrent-mark-end, 1.6737385 secs]
2014-04-09T13:49:00.989+0900: 235.996: [GC remark 235.997: [GC ref-proc, 0.0061402 secs], 0.0416649 secs]
 [Times: user=0.37 sys=0.00, real=0.05 secs] 
2014-04-09T13:49:01.032+0900: 236.039: [GC cleanup 14G->13G(24G), 0.0360797 secs]
 [Times: user=0.43 sys=0.00, real=0.03 secs] 
2014-04-09T13:49:01.069+0900: 236.076: [GC concurrent-cleanup-start]
2014-04-09T13:49:01.070+0900: 236.077: [GC concurrent-cleanup-end, 0.0014458 secs]
2014-04-09T13:49:02.077+0900: 237.084: [GC pause (G1 Evacuation Pause) (young), 0.0730246 secs]
   [Parallel Time: 64.3 ms, GC Workers: 13]
      [GC Worker Start (ms): Min: 237084.1, Avg: 237084.5, Max: 237084.7, Diff: 0.6]
      [Ext Root Scanning (ms): Min: 0.5, Avg: 0.8, Max: 1.3, Diff: 0.8, Sum: 9.8]
      [Update RS (ms): Min: 2.8, Avg: 3.4, Max: 4.5, Diff: 1.7, Sum: 44.7]
         [Processed Buffers: Min: 2, Avg: 5.8, Max: 22, Diff: 20, Sum: 75]
      [Scan RS (ms): Min: 12.9, Avg: 13.8, Max: 14.2, Diff: 1.3, Sum: 180.0]
      [Code Root Scanning (ms): Min: 0.0, Avg: 0.0, Max: 0.0, Diff: 0.0, Sum: 0.0]
      [Object Copy (ms): Min: 44.7, Avg: 44.9, Max: 45.1, Diff: 0.4, Sum: 583.3]
      [Termination (ms): Min: 0.0, Avg: 0.0, Max: 0.0, Diff: 0.0, Sum: 0.0]
      [GC Worker Other (ms): Min: 0.0, Avg: 0.1, Max: 0.2, Diff: 0.1, Sum: 0.7]
      [GC Worker Total (ms): Min: 62.6, Avg: 63.0, Max: 63.3, Diff: 0.6, Sum: 818.5]
      [GC Worker End (ms): Min: 237147.4, Avg: 237147.4, Max: 237147.5, Diff: 0.1]
   [Code Root Fixup: 0.1 ms]
   [Code Root Migration: 0.0 ms]
   [Clear CT: 3.7 ms]
   [Other: 5.0 ms]
      [Choose CSet: 0.0 ms]
      [Ref Proc: 1.6 ms]
      [Ref Enq: 0.0 ms]
      [Free CSet: 0.6 ms]
   [Eden: 1056.0M(1056.0M)->0.0B(1072.0M) Survivors: 160.0M->144.0M Heap: 13.6G(24.0G)->12.7G(24.0G)]
 [Times: user=0.87 sys=0.00, real=0.08 secs] 
2014-04-09T13:49:19.265+0900: 254.272: [GC pause (G1 Evacuation Pause) (mixed), 0.0680300 secs]
   [Parallel Time: 56.7 ms, GC Workers: 13]
      [GC Worker Start (ms): Min: 254272.6, Avg: 254272.9, Max: 254273.2, Diff: 0.6]
      [Ext Root Scanning (ms): Min: 0.5, Avg: 0.8, Max: 1.5, Diff: 1.0, Sum: 10.7]
      [Update RS (ms): Min: 1.5, Avg: 2.3, Max: 4.7, Diff: 3.2, Sum: 29.6]
         [Processed Buffers: Min: 1, Avg: 5.2, Max: 16, Diff: 15, Sum: 67]
      [Scan RS (ms): Min: 15.7, Avg: 18.0, Max: 18.5, Diff: 2.8, Sum: 233.9]
      [Code Root Scanning (ms): Min: 0.0, Avg: 0.0, Max: 0.0, Diff: 0.0, Sum: 0.0]
      [Object Copy (ms): Min: 33.6, Avg: 34.0, Max: 34.3, Diff: 0.7, Sum: 441.4]
      [Termination (ms): Min: 0.0, Avg: 0.0, Max: 0.0, Diff: 0.0, Sum: 0.1]
      [GC Worker Other (ms): Min: 0.0, Avg: 0.0, Max: 0.1, Diff: 0.1, Sum: 0.5]
      [GC Worker Total (ms): Min: 54.8, Avg: 55.1, Max: 55.5, Diff: 0.7, Sum: 716.2]
      [GC Worker End (ms): Min: 254328.0, Avg: 254328.0, Max: 254328.1, Diff: 0.1]
   [Code Root Fixup: 0.2 ms]
   [Code Root Migration: 0.0 ms]
   [Clear CT: 5.1 ms]
   [Other: 6.0 ms]
      [Choose CSet: 0.2 ms]
      [Ref Proc: 1.4 ms]
      [Ref Enq: 0.0 ms]
      [Free CSet: 1.0 ms]
   [Eden: 1072.0M(1072.0M)->0.0B(1120.0M) Survivors: 144.0M->96.0M Heap: 13.8G(24.0G)->12.5G(24.0G)]
 [Times: user=0.78 sys=0.00, real=0.07 secs] 
2014-04-09T13:49:19.967+0900: 254.974: [GC pause (G1 Humongous Allocation) (young) (initial-mark), 0.0129027 secs]
   [Parallel Time: 8.7 ms, GC Workers: 13]
      [GC Worker Start (ms): Min: 254974.1, Avg: 254974.4, Max: 254974.7, Diff: 0.6]
      [Ext Root Scanning (ms): Min: 0.4, Avg: 0.9, Max: 3.3, Diff: 2.9, Sum: 11.2]
      [Code Root Marking (ms): Min: 0.1, Avg: 0.8, Max: 7.1, Diff: 7.1, Sum: 10.8]
      [Update RS (ms): Min: 0.0, Avg: 4.0, Max: 5.4, Diff: 5.4, Sum: 52.0]
         [Processed Buffers: Min: 0, Avg: 4.3, Max: 11, Diff: 11, Sum: 56]
      [Scan RS (ms): Min: 0.0, Avg: 0.1, Max: 0.2, Diff: 0.2, Sum: 1.0]
      [Code Root Scanning (ms): Min: 0.0, Avg: 0.0, Max: 0.0, Diff: 0.0, Sum: 0.0]
      [Object Copy (ms): Min: 0.4, Avg: 1.2, Max: 3.6, Diff: 3.3, Sum: 15.4]
      [Termination (ms): Min: 0.0, Avg: 1.3, Max: 1.5, Diff: 1.5, Sum: 16.9]
      [GC Worker Other (ms): Min: 0.0, Avg: 0.0, Max: 0.0, Diff: 0.0, Sum: 0.3]
      [GC Worker Total (ms): Min: 8.0, Avg: 8.3, Max: 8.6, Diff: 0.6, Sum: 107.6]
      [GC Worker End (ms): Min: 254982.7, Avg: 254982.7, Max: 254982.7, Diff: 0.0]
   [Code Root Fixup: 0.3 ms]
   [Code Root Migration: 0.0 ms]
   [Clear CT: 1.4 ms]
   [Other: 2.5 ms]
      [Choose CSet: 0.0 ms]
      [Ref Proc: 1.4 ms]
      [Ref Enq: 0.0 ms]
      [Free CSet: 0.3 ms]
   [Eden: 912.0M(1120.0M)->0.0B(1168.0M) Survivors: 96.0M->48.0M Heap: 13.4G(24.0G)->12.4G(24.0G)]
 [Times: user=0.12 sys=0.00, real=0.01 secs] 
2014-04-09T13:49:19.980+0900: 254.987: [GC concurrent-root-region-scan-start]
2014-04-09T13:49:19.983+0900: 254.990: [GC concurrent-root-region-scan-end, 0.0030803 secs]
2014-04-09T13:49:19.983+0900: 254.990: [GC concurrent-mark-start]
2014-04-09T13:49:21.438+0900: 256.445: [GC concurrent-mark-end, 1.4548869 secs]
2014-04-09T13:49:21.439+0900: 256.446: [GC remark 256.447: [GC ref-proc, 0.0033392 secs], 0.0244818 secs]
 [Times: user=0.20 sys=0.00, real=0.03 secs] 
2014-04-09T13:49:21.465+0900: 256.472: [GC cleanup 13G->13G(24G), 0.0264101 secs]
 [Times: user=0.32 sys=0.00, real=0.02 secs] 
2014-04-09T13:49:21.492+0900: 256.499: [GC concurrent-cleanup-start]
2014-04-09T13:49:21.493+0900: 256.499: [GC concurrent-cleanup-end, 0.0007287 secs]
2014-04-09T13:49:21.740+0900: 256.747: [GC pause (G1 Evacuation Pause) (young), 0.0563282 secs]
   [Parallel Time: 48.8 ms, GC Workers: 13]
      [GC Worker Start (ms): Min: 256747.2, Avg: 256747.5, Max: 256747.8, Diff: 0.6]
      [Ext Root Scanning (ms): Min: 0.5, Avg: 0.8, Max: 1.0, Diff: 0.5, Sum: 10.3]
      [Update RS (ms): Min: 1.5, Avg: 1.9, Max: 2.6, Diff: 1.1, Sum: 25.0]
         [Processed Buffers: Min: 2, Avg: 5.6, Max: 10, Diff: 8, Sum: 73]
      [Scan RS (ms): Min: 8.7, Avg: 9.6, Max: 9.9, Diff: 1.2, Sum: 124.6]
      [Code Root Scanning (ms): Min: 0.0, Avg: 0.0, Max: 0.0, Diff: 0.0, Sum: 0.0]
      [Object Copy (ms): Min: 35.2, Avg: 35.4, Max: 35.6, Diff: 0.5, Sum: 460.0]
      [Termination (ms): Min: 0.0, Avg: 0.0, Max: 0.0, Diff: 0.0, Sum: 0.0]
      [GC Worker Other (ms): Min: 0.0, Avg: 0.0, Max: 0.1, Diff: 0.1, Sum: 0.4]
      [GC Worker Total (ms): Min: 47.4, Avg: 47.7, Max: 48.0, Diff: 0.6, Sum: 620.4]
      [GC Worker End (ms): Min: 256795.2, Avg: 256795.2, Max: 256795.3, Diff: 0.1]
   [Code Root Fixup: 0.3 ms]
   [Code Root Migration: 0.0 ms]
   [Clear CT: 3.8 ms]
   [Other: 3.4 ms]
      [Choose CSet: 0.0 ms]
      [Ref Proc: 0.9 ms]
      [Ref Enq: 0.0 ms]
      [Free CSet: 0.5 ms]
   [Eden: 1168.0M(1168.0M)->0.0B(1056.0M) Survivors: 48.0M->160.0M Heap: 13.4G(24.0G)->12.4G(24.0G)]
 [Times: user=0.67 sys=0.00, real=0.06 secs] 
2014-04-09T13:49:23.676+0900: 258.683: [GC pause (G1 Evacuation Pause) (mixed), 0.1709303 secs]
   [Parallel Time: 154.0 ms, GC Workers: 13]
      [GC Worker Start (ms): Min: 258684.0, Avg: 258684.4, Max: 258684.6, Diff: 0.5]
      [Ext Root Scanning (ms): Min: 0.5, Avg: 0.7, Max: 1.6, Diff: 1.0, Sum: 9.7]
      [Update RS (ms): Min: 3.9, Avg: 4.7, Max: 5.6, Diff: 1.7, Sum: 60.7]
         [Processed Buffers: Min: 2, Avg: 10.5, Max: 19, Diff: 17, Sum: 136]
      [Scan RS (ms): Min: 41.8, Avg: 42.6, Max: 43.7, Diff: 2.0, Sum: 554.1]
      [Code Root Scanning (ms): Min: 0.0, Avg: 0.0, Max: 0.0, Diff: 0.0, Sum: 0.1]
      [Object Copy (ms): Min: 103.6, Avg: 104.5, Max: 104.7, Diff: 1.1, Sum: 1358.6]
      [Termination (ms): Min: 0.0, Avg: 0.0, Max: 0.0, Diff: 0.0, Sum: 0.1]
      [GC Worker Other (ms): Min: 0.0, Avg: 0.0, Max: 0.1, Diff: 0.1, Sum: 0.5]
      [GC Worker Total (ms): Min: 152.4, Avg: 152.6, Max: 152.9, Diff: 0.6, Sum: 1983.8]
      [GC Worker End (ms): Min: 258836.9, Avg: 258837.0, Max: 258837.0, Diff: 0.1]
   [Code Root Fixup: 0.3 ms]
   [Code Root Migration: 0.1 ms]
   [Clear CT: 5.2 ms]
   [Other: 11.5 ms]
      [Choose CSet: 0.5 ms]
      [Ref Proc: 0.7 ms]
      [Ref Enq: 0.0 ms]
      [Free CSet: 2.6 ms]
   [Eden: 1056.0M(1056.0M)->0.0B(1056.0M) Survivors: 160.0M->160.0M Heap: 13.8G(24.0G)->12.3G(24.0G)]
 [Times: user=2.05 sys=0.00, real=0.17 secs] 
2014-04-09T13:49:25.045+0900: 260.052: [GC pause (G1 Evacuation Pause) (mixed), 0.1819106 secs]
   [Parallel Time: 164.6 ms, GC Workers: 13]
      [GC Worker Start (ms): Min: 260052.5, Avg: 260052.7, Max: 260052.9, Diff: 0.4]
      [Ext Root Scanning (ms): Min: 0.6, Avg: 0.8, Max: 1.2, Diff: 0.7, Sum: 10.4]
      [Update RS (ms): Min: 2.0, Avg: 2.4, Max: 2.7, Diff: 0.7, Sum: 31.0]
         [Processed Buffers: Min: 1, Avg: 5.6, Max: 19, Diff: 18, Sum: 73]
      [Scan RS (ms): Min: 51.8, Avg: 52.2, Max: 52.6, Diff: 0.7, Sum: 678.1]
      [Code Root Scanning (ms): Min: 0.0, Avg: 0.0, Max: 0.0, Diff: 0.0, Sum: 0.1]
      [Object Copy (ms): Min: 108.6, Avg: 108.9, Max: 109.1, Diff: 0.5, Sum: 1415.7]
      [Termination (ms): Min: 0.0, Avg: 0.0, Max: 0.0, Diff: 0.0, Sum: 0.1]
      [GC Worker Other (ms): Min: 0.0, Avg: 0.0, Max: 0.1, Diff: 0.1, Sum: 0.4]
      [GC Worker Total (ms): Min: 164.0, Avg: 164.3, Max: 164.4, Diff: 0.4, Sum: 2135.7]
      [GC Worker End (ms): Min: 260217.0, Avg: 260217.0, Max: 260217.0, Diff: 0.1]
   [Code Root Fixup: 0.2 ms]
   [Code Root Migration: 0.1 ms]
   [Clear CT: 4.7 ms]
   [Other: 12.3 ms]
      [Choose CSet: 0.7 ms]
      [Ref Proc: 1.0 ms]
      [Ref Enq: 0.0 ms]
      [Free CSet: 2.8 ms]
   [Eden: 1056.0M(1056.0M)->0.0B(1056.0M) Survivors: 160.0M->160.0M Heap: 13.8G(24.0G)->12.3G(24.0G)]
 [Times: user=2.20 sys=0.00, real=0.18 secs] 
2014-04-09T13:49:27.999+0900: 263.005: [GC pause (G1 Evacuation Pause) (mixed), 0.1997519 secs]
   [Parallel Time: 180.6 ms, GC Workers: 13]
      [GC Worker Start (ms): Min: 263006.6, Avg: 263007.0, Max: 263007.2, Diff: 0.6]
      [Ext Root Scanning (ms): Min: 0.5, Avg: 1.8, Max: 7.5, Diff: 7.0, Sum: 23.1]
      [Update RS (ms): Min: 0.0, Avg: 4.4, Max: 5.5, Diff: 5.5, Sum: 57.3]
         [Processed Buffers: Min: 0, Avg: 6.7, Max: 15, Diff: 15, Sum: 87]
      [Scan RS (ms): Min: 54.6, Avg: 55.9, Max: 56.4, Diff: 1.8, Sum: 727.0]
      [Code Root Scanning (ms): Min: 0.0, Avg: 0.0, Max: 0.0, Diff: 0.0, Sum: 0.1]
      [Object Copy (ms): Min: 117.0, Avg: 117.4, Max: 117.6, Diff: 0.6, Sum: 1526.5]
      [Termination (ms): Min: 0.0, Avg: 0.0, Max: 0.0, Diff: 0.0, Sum: 0.0]
      [GC Worker Other (ms): Min: 0.0, Avg: 0.0, Max: 0.1, Diff: 0.1, Sum: 0.5]
      [GC Worker Total (ms): Min: 179.3, Avg: 179.6, Max: 179.9, Diff: 0.6, Sum: 2334.4]
      [GC Worker End (ms): Min: 263186.5, Avg: 263186.5, Max: 263186.6, Diff: 0.1]
   [Code Root Fixup: 0.2 ms]
   [Code Root Migration: 0.1 ms]
   [Clear CT: 5.1 ms]
   [Other: 13.7 ms]
      [Choose CSet: 0.9 ms]
      [Ref Proc: 1.2 ms]
      [Ref Enq: 0.0 ms]
      [Free CSet: 3.1 ms]
   [Eden: 1056.0M(1056.0M)->0.0B(1056.0M) Survivors: 160.0M->160.0M Heap: 13.8G(24.0G)->12.4G(24.0G)]
 [Times: user=2.39 sys=0.00, real=0.20 secs] 
2014-04-09T13:49:30.606+0900: 265.612: [GC pause (G1 Evacuation Pause) (mixed), 0.1325932 secs]
   [Parallel Time: 118.6 ms, GC Workers: 13]
      [GC Worker Start (ms): Min: 265613.3, Avg: 265613.6, Max: 265613.8, Diff: 0.5]
      [Ext Root Scanning (ms): Min: 0.6, Avg: 0.9, Max: 1.2, Diff: 0.6, Sum: 11.1]
      [Update RS (ms): Min: 3.6, Avg: 4.2, Max: 6.5, Diff: 2.9, Sum: 54.9]
         [Processed Buffers: Min: 4, Avg: 11.2, Max: 24, Diff: 20, Sum: 146]
      [Scan RS (ms): Min: 32.3, Avg: 34.4, Max: 34.9, Diff: 2.6, Sum: 447.8]
      [Code Root Scanning (ms): Min: 0.0, Avg: 0.0, Max: 0.0, Diff: 0.0, Sum: 0.1]
      [Object Copy (ms): Min: 78.0, Avg: 78.1, Max: 79.0, Diff: 1.0, Sum: 1015.8]
      [Termination (ms): Min: 0.0, Avg: 0.0, Max: 0.0, Diff: 0.0, Sum: 0.3]
      [GC Worker Other (ms): Min: 0.0, Avg: 0.0, Max: 0.1, Diff: 0.1, Sum: 0.4]
      [GC Worker Total (ms): Min: 117.5, Avg: 117.7, Max: 118.0, Diff: 0.5, Sum: 1530.4]
      [GC Worker End (ms): Min: 265731.3, Avg: 265731.3, Max: 265731.3, Diff: 0.1]
   [Code Root Fixup: 0.4 ms]
   [Code Root Migration: 0.1 ms]
   [Clear CT: 4.9 ms]
   [Other: 8.7 ms]
      [Choose CSet: 0.4 ms]
      [Ref Proc: 0.8 ms]
      [Ref Enq: 0.0 ms]
      [Free CSet: 1.7 ms]
   [Eden: 1056.0M(1056.0M)->0.0B(1056.0M) Survivors: 160.0M->160.0M Heap: 13.9G(24.0G)->13.0G(24.0G)]
 [Times: user=1.59 sys=0.00, real=0.13 secs] 
2014-04-09T13:49:30.758+0900: 265.765: [GC pause (G1 Humongous Allocation) (young) (initial-mark), 0.0882228 secs]
   [Parallel Time: 83.8 ms, GC Workers: 13]
      [GC Worker Start (ms): Min: 265765.6, Avg: 265765.8, Max: 265765.9, Diff: 0.3]
      [Ext Root Scanning (ms): Min: 0.5, Avg: 0.9, Max: 3.0, Diff: 2.5, Sum: 11.2]
      [Code Root Marking (ms): Min: 0.0, Avg: 0.8, Max: 7.1, Diff: 7.1, Sum: 10.4]
      [Update RS (ms): Min: 51.9, Avg: 59.1, Max: 64.8, Diff: 12.9, Sum: 768.4]
         [Processed Buffers: Min: 28, Avg: 37.1, Max: 53, Diff: 25, Sum: 482]
      [Scan RS (ms): Min: 0.0, Avg: 0.0, Max: 0.3, Diff: 0.3, Sum: 0.4]
      [Code Root Scanning (ms): Min: 0.0, Avg: 0.0, Max: 0.0, Diff: 0.0, Sum: 0.0]
      [Object Copy (ms): Min: 17.6, Avg: 22.4, Max: 23.3, Diff: 5.7, Sum: 290.6]
      [Termination (ms): Min: 0.0, Avg: 0.0, Max: 0.0, Diff: 0.0, Sum: 0.2]
      [GC Worker Other (ms): Min: 0.0, Avg: 0.0, Max: 0.0, Diff: 0.0, Sum: 0.3]
      [GC Worker Total (ms): Min: 83.0, Avg: 83.2, Max: 83.4, Diff: 0.3, Sum: 1081.5]
      [GC Worker End (ms): Min: 265849.0, Avg: 265849.0, Max: 265849.0, Diff: 0.0]
   [Code Root Fixup: 0.3 ms]
   [Code Root Migration: 0.0 ms]
   [Clear CT: 0.5 ms]
   [Other: 3.6 ms]
      [Choose CSet: 0.0 ms]
      [Ref Proc: 0.6 ms]
      [Ref Enq: 0.0 ms]
      [Free CSet: 0.1 ms]
   [Eden: 16.0M(1056.0M)->0.0B(1152.0M) Survivors: 160.0M->64.0M Heap: 13.0G(24.0G)->13.1G(24.0G)]
 [Times: user=1.09 sys=0.00, real=0.09 secs] 
2014-04-09T13:49:30.847+0900: 265.854: [GC concurrent-root-region-scan-start]
2014-04-09T13:49:30.848+0900: 265.855: [GC concurrent-root-region-scan-end, 0.0013578 secs]
2014-04-09T13:49:30.848+0900: 265.855: [GC concurrent-mark-start]
2014-04-09T13:49:32.302+0900: 267.309: [GC concurrent-mark-end, 1.4534354 secs]
2014-04-09T13:49:32.303+0900: 267.310: [GC remark 267.311: [GC ref-proc, 0.0031561 secs], 0.0265094 secs]
 [Times: user=0.22 sys=0.00, real=0.03 secs] 
2014-04-09T13:49:32.331+0900: 267.338: [GC cleanup 13G->11G(24G), 0.0250000 secs]
 [Times: user=0.28 sys=0.00, real=0.03 secs] 
2014-04-09T13:49:32.356+0900: 267.363: [GC concurrent-cleanup-start]
2014-04-09T13:49:32.358+0900: 267.365: [GC concurrent-cleanup-end, 0.0020003 secs]
2014-04-09T13:49:34.175+0900: 269.181: [GC pause (G1 Evacuation Pause) (young), 0.0578974 secs]
   [Parallel Time: 49.5 ms, GC Workers: 13]
      [GC Worker Start (ms): Min: 269181.6, Avg: 269181.9, Max: 269182.2, Diff: 0.6]
      [Ext Root Scanning (ms): Min: 0.5, Avg: 0.7, Max: 1.0, Diff: 0.5, Sum: 9.7]
      [Update RS (ms): Min: 2.2, Avg: 2.6, Max: 3.3, Diff: 1.1, Sum: 34.4]
         [Processed Buffers: Min: 1, Avg: 7.0, Max: 17, Diff: 16, Sum: 91]
      [Scan RS (ms): Min: 7.8, Avg: 8.5, Max: 8.9, Diff: 1.1, Sum: 110.1]
      [Code Root Scanning (ms): Min: 0.0, Avg: 0.0, Max: 0.0, Diff: 0.0, Sum: 0.0]
      [Object Copy (ms): Min: 36.2, Avg: 36.3, Max: 36.4, Diff: 0.2, Sum: 471.9]
      [Termination (ms): Min: 0.0, Avg: 0.0, Max: 0.0, Diff: 0.0, Sum: 0.1]
      [GC Worker Other (ms): Min: 0.0, Avg: 0.0, Max: 0.1, Diff: 0.1, Sum: 0.5]
      [GC Worker Total (ms): Min: 47.9, Avg: 48.2, Max: 48.5, Diff: 0.6, Sum: 626.6]
      [GC Worker End (ms): Min: 269230.1, Avg: 269230.1, Max: 269230.2, Diff: 0.1]
   [Code Root Fixup: 0.3 ms]
   [Code Root Migration: 0.0 ms]
   [Clear CT: 3.5 ms]
   [Other: 4.6 ms]
      [Choose CSet: 0.0 ms]
      [Ref Proc: 2.0 ms]
      [Ref Enq: 0.0 ms]
      [Free CSet: 0.6 ms]
   [Eden: 1152.0M(1152.0M)->0.0B(1056.0M) Survivors: 64.0M->160.0M Heap: 12.6G(24.0G)->11.7G(24.0G)]
 [Times: user=0.67 sys=0.00, real=0.06 secs] 
2014-04-09T13:49:36.693+0900: 271.699: [GC pause (G1 Evacuation Pause) (mixed), 0.1277915 secs]
   [Parallel Time: 114.5 ms, GC Workers: 13]
      [GC Worker Start (ms): Min: 271699.8, Avg: 271700.2, Max: 271700.4, Diff: 0.6]
      [Ext Root Scanning (ms): Min: 0.5, Avg: 0.7, Max: 1.6, Diff: 1.2, Sum: 9.5]
      [Update RS (ms): Min: 2.2, Avg: 3.1, Max: 3.6, Diff: 1.4, Sum: 40.2]
         [Processed Buffers: Min: 1, Avg: 6.0, Max: 15, Diff: 14, Sum: 78]
      [Scan RS (ms): Min: 27.2, Avg: 27.7, Max: 28.1, Diff: 0.9, Sum: 359.5]
      [Code Root Scanning (ms): Min: 0.0, Avg: 0.0, Max: 0.2, Diff: 0.2, Sum: 0.2]
      [Object Copy (ms): Min: 81.1, Avg: 81.4, Max: 81.6, Diff: 0.5, Sum: 1058.5]
      [Termination (ms): Min: 0.0, Avg: 0.0, Max: 0.0, Diff: 0.0, Sum: 0.0]
      [GC Worker Other (ms): Min: 0.0, Avg: 0.1, Max: 0.2, Diff: 0.2, Sum: 0.7]
      [GC Worker Total (ms): Min: 112.7, Avg: 113.0, Max: 113.3, Diff: 0.5, Sum: 1468.7]
      [GC Worker End (ms): Min: 271813.1, Avg: 271813.1, Max: 271813.3, Diff: 0.2]
   [Code Root Fixup: 0.4 ms]
   [Code Root Migration: 0.5 ms]
   [Clear CT: 4.6 ms]
   [Other: 7.9 ms]
      [Choose CSet: 0.2 ms]
      [Ref Proc: 0.7 ms]
      [Ref Enq: 0.0 ms]
      [Free CSet: 1.4 ms]
   [Eden: 1056.0M(1056.0M)->0.0B(1056.0M) Survivors: 160.0M->160.0M Heap: 13.2G(24.0G)->12.0G(24.0G)]
 [Times: user=1.53 sys=0.00, real=0.13 secs] 
2014-04-09T13:49:36.825+0900: 271.832: [GC pause (G1 Humongous Allocation) (young) (initial-mark), 0.0972678 secs]
   [Parallel Time: 92.9 ms, GC Workers: 13]
      [GC Worker Start (ms): Min: 271832.5, Avg: 271832.8, Max: 271833.0, Diff: 0.5]
      [Ext Root Scanning (ms): Min: 0.5, Avg: 0.8, Max: 2.7, Diff: 2.3, Sum: 11.0]
      [Code Root Marking (ms): Min: 0.0, Avg: 0.6, Max: 4.9, Diff: 4.9, Sum: 8.2]
      [Update RS (ms): Min: 63.5, Avg: 67.9, Max: 69.3, Diff: 5.8, Sum: 882.5]
         [Processed Buffers: Min: 36, Avg: 45.5, Max: 59, Diff: 23, Sum: 591]
      [Scan RS (ms): Min: 0.0, Avg: 0.0, Max: 0.1, Diff: 0.1, Sum: 0.1]
      [Code Root Scanning (ms): Min: 0.0, Avg: 0.0, Max: 0.0, Diff: 0.0, Sum: 0.0]
      [Object Copy (ms): Min: 21.6, Avg: 22.9, Max: 23.5, Diff: 1.9, Sum: 298.0]
      [Termination (ms): Min: 0.0, Avg: 0.0, Max: 0.0, Diff: 0.0, Sum: 0.1]
      [GC Worker Other (ms): Min: 0.0, Avg: 0.0, Max: 0.0, Diff: 0.0, Sum: 0.3]
      [GC Worker Total (ms): Min: 92.1, Avg: 92.3, Max: 92.5, Diff: 0.5, Sum: 1200.1]
      [GC Worker End (ms): Min: 271925.1, Avg: 271925.1, Max: 271925.1, Diff: 0.0]
   [Code Root Fixup: 0.3 ms]
   [Code Root Migration: 0.0 ms]
   [Clear CT: 0.4 ms]
   [Other: 3.6 ms]
      [Choose CSet: 0.0 ms]
      [Ref Proc: 0.5 ms]
      [Ref Enq: 0.0 ms]
      [Free CSet: 0.1 ms]
   [Eden: 16.0M(1056.0M)->0.0B(1152.0M) Survivors: 160.0M->64.0M Heap: 12.0G(24.0G)->12.2G(24.0G)]
 [Times: user=1.19 sys=0.01, real=0.09 secs] 
2014-04-09T13:49:36.923+0900: 271.930: [GC concurrent-root-region-scan-start]
2014-04-09T13:49:36.923+0900: 271.930: [GC concurrent-root-region-scan-end, 0.0001665 secs]
2014-04-09T13:49:36.923+0900: 271.930: [GC concurrent-mark-start]
2014-04-09T13:49:38.458+0900: 273.465: [GC concurrent-mark-end, 1.5352261 secs]
2014-04-09T13:49:38.460+0900: 273.466: [GC remark 273.467: [GC ref-proc, 0.0031566 secs], 0.0265023 secs]
 [Times: user=0.22 sys=0.00, real=0.02 secs] 
2014-04-09T13:49:38.487+0900: 273.494: [GC cleanup 13G->12G(24G), 0.0245994 secs]
 [Times: user=0.29 sys=0.00, real=0.02 secs] 
2014-04-09T13:49:38.512+0900: 273.519: [GC concurrent-cleanup-start]
2014-04-09T13:49:38.513+0900: 273.520: [GC concurrent-cleanup-end, 0.0010370 secs]
2014-04-09T13:49:38.953+0900: 273.960: [GC pause (G1 Evacuation Pause) (young), 0.0584613 secs]
   [Parallel Time: 51.7 ms, GC Workers: 13]
      [GC Worker Start (ms): Min: 273960.1, Avg: 273960.4, Max: 273960.6, Diff: 0.6]
      [Ext Root Scanning (ms): Min: 0.5, Avg: 0.7, Max: 1.1, Diff: 0.7, Sum: 9.4]
      [Update RS (ms): Min: 0.8, Avg: 1.3, Max: 1.9, Diff: 1.1, Sum: 17.4]
         [Processed Buffers: Min: 2, Avg: 5.8, Max: 9, Diff: 7, Sum: 76]
      [Scan RS (ms): Min: 8.3, Avg: 8.9, Max: 9.2, Diff: 0.9, Sum: 115.9]
      [Code Root Scanning (ms): Min: 0.0, Avg: 0.0, Max: 0.0, Diff: 0.0, Sum: 0.0]
      [Object Copy (ms): Min: 39.1, Avg: 39.4, Max: 39.5, Diff: 0.3, Sum: 511.6]
      [Termination (ms): Min: 0.0, Avg: 0.0, Max: 0.0, Diff: 0.0, Sum: 0.3]
      [GC Worker Other (ms): Min: 0.0, Avg: 0.0, Max: 0.1, Diff: 0.1, Sum: 0.6]
      [GC Worker Total (ms): Min: 50.2, Avg: 50.4, Max: 50.8, Diff: 0.6, Sum: 655.1]
      [GC Worker End (ms): Min: 274010.8, Avg: 274010.8, Max: 274010.9, Diff: 0.1]
   [Code Root Fixup: 0.3 ms]
   [Code Root Migration: 0.0 ms]
   [Clear CT: 3.1 ms]
   [Other: 3.3 ms]
      [Choose CSet: 0.0 ms]
      [Ref Proc: 0.6 ms]
      [Ref Enq: 0.0 ms]
      [Free CSet: 0.6 ms]
   [Eden: 1152.0M(1152.0M)->0.0B(1056.0M) Survivors: 64.0M->160.0M Heap: 12.8G(24.0G)->11.9G(24.0G)]
 [Times: user=0.69 sys=0.00, real=0.06 secs] 
2014-04-09T13:49:41.564+0900: 276.571: [GC pause (G1 Evacuation Pause) (mixed), 0.1063747 secs]
   [Parallel Time: 95.2 ms, GC Workers: 13]
      [GC Worker Start (ms): Min: 276571.4, Avg: 276571.5, Max: 276571.7, Diff: 0.4]
      [Ext Root Scanning (ms): Min: 0.6, Avg: 0.8, Max: 1.5, Diff: 0.9, Sum: 10.8]
      [Update RS (ms): Min: 1.5, Avg: 2.4, Max: 3.3, Diff: 1.8, Sum: 31.0]
         [Processed Buffers: Min: 3, Avg: 6.5, Max: 11, Diff: 8, Sum: 84]
      [Scan RS (ms): Min: 19.4, Avg: 20.3, Max: 20.8, Diff: 1.5, Sum: 264.0]
      [Code Root Scanning (ms): Min: 0.0, Avg: 0.0, Max: 0.0, Diff: 0.0, Sum: 0.0]
      [Object Copy (ms): Min: 70.9, Avg: 71.1, Max: 71.3, Diff: 0.4, Sum: 924.3]
      [Termination (ms): Min: 0.0, Avg: 0.0, Max: 0.0, Diff: 0.0, Sum: 0.1]
      [GC Worker Other (ms): Min: 0.0, Avg: 0.1, Max: 0.3, Diff: 0.3, Sum: 1.3]
      [GC Worker Total (ms): Min: 94.6, Avg: 94.7, Max: 95.0, Diff: 0.4, Sum: 1231.5]
      [GC Worker End (ms): Min: 276666.2, Avg: 276666.3, Max: 276666.5, Diff: 0.3]
   [Code Root Fixup: 0.3 ms]
   [Code Root Migration: 0.0 ms]
   [Clear CT: 4.1 ms]
   [Other: 6.7 ms]
      [Choose CSet: 0.1 ms]
      [Ref Proc: 1.0 ms]
      [Ref Enq: 0.0 ms]
      [Free CSet: 1.0 ms]
   [Eden: 1056.0M(1056.0M)->0.0B(1056.0M) Survivors: 160.0M->160.0M Heap: 13.4G(24.0G)->12.6G(24.0G)]
 [Times: user=1.28 sys=0.00, real=0.11 secs] 
2014-04-09T13:49:41.763+0900: 276.769: [GC pause (G1 Humongous Allocation) (young) (initial-mark), 0.0468667 secs]
   [Parallel Time: 40.9 ms, GC Workers: 13]
      [GC Worker Start (ms): Min: 276769.8, Avg: 276770.1, Max: 276770.3, Diff: 0.5]
      [Ext Root Scanning (ms): Min: 0.4, Avg: 0.8, Max: 3.3, Diff: 2.9, Sum: 10.1]
      [Code Root Marking (ms): Min: 0.0, Avg: 0.8, Max: 7.1, Diff: 7.1, Sum: 10.8]
      [Update RS (ms): Min: 0.0, Avg: 6.6, Max: 8.7, Diff: 8.7, Sum: 85.8]
         [Processed Buffers: Min: 0, Avg: 4.6, Max: 11, Diff: 11, Sum: 60]
      [Scan RS (ms): Min: 5.0, Avg: 6.7, Max: 7.7, Diff: 2.7, Sum: 87.4]
      [Code Root Scanning (ms): Min: 0.0, Avg: 0.0, Max: 0.0, Diff: 0.0, Sum: 0.0]
      [Object Copy (ms): Min: 24.0, Avg: 24.4, Max: 26.0, Diff: 2.1, Sum: 317.4]
      [Termination (ms): Min: 0.0, Avg: 0.0, Max: 0.0, Diff: 0.0, Sum: 0.1]
      [GC Worker Other (ms): Min: 0.0, Avg: 0.0, Max: 0.1, Diff: 0.0, Sum: 0.4]
      [GC Worker Total (ms): Min: 39.2, Avg: 39.4, Max: 39.7, Diff: 0.5, Sum: 511.9]
      [GC Worker End (ms): Min: 276809.5, Avg: 276809.5, Max: 276809.5, Diff: 0.0]
   [Code Root Fixup: 0.2 ms]
   [Code Root Migration: 0.0 ms]
   [Clear CT: 2.3 ms]
   [Other: 3.3 ms]
      [Choose CSet: 0.0 ms]
      [Ref Proc: 0.8 ms]
      [Ref Enq: 0.0 ms]
      [Free CSet: 0.2 ms]
   [Eden: 80.0M(1056.0M)->0.0B(1104.0M) Survivors: 160.0M->112.0M Heap: 12.6G(24.0G)->12.7G(24.0G)]
 [Times: user=0.54 sys=0.00, real=0.05 secs] 
2014-04-09T13:49:41.810+0900: 276.817: [GC concurrent-root-region-scan-start]
2014-04-09T13:49:41.816+0900: 276.823: [GC concurrent-root-region-scan-end, 0.0065987 secs]
2014-04-09T13:49:41.816+0900: 276.823: [GC concurrent-mark-start]
2014-04-09T13:49:43.523+0900: 278.529: [GC concurrent-mark-end, 1.7062973 secs]
2014-04-09T13:49:43.524+0900: 278.531: [GC remark 278.532: [GC ref-proc, 0.0031023 secs], 0.0278650 secs]
 [Times: user=0.24 sys=0.00, real=0.03 secs] 
2014-04-09T13:49:43.553+0900: 278.560: [GC cleanup 14G->13G(24G), 0.0248860 secs]
 [Times: user=0.29 sys=0.00, real=0.03 secs] 
2014-04-09T13:49:43.579+0900: 278.585: [GC concurrent-cleanup-start]
2014-04-09T13:49:43.580+0900: 278.586: [GC concurrent-cleanup-end, 0.0009857 secs]
2014-04-09T13:49:44.704+0900: 279.711: [GC pause (G1 Evacuation Pause) (young), 0.0576419 secs]
   [Parallel Time: 50.4 ms, GC Workers: 13]
      [GC Worker Start (ms): Min: 279711.4, Avg: 279711.6, Max: 279711.9, Diff: 0.5]
      [Ext Root Scanning (ms): Min: 0.5, Avg: 0.8, Max: 1.2, Diff: 0.7, Sum: 10.3]
      [Update RS (ms): Min: 1.2, Avg: 1.5, Max: 2.0, Diff: 0.8, Sum: 19.9]
         [Processed Buffers: Min: 4, Avg: 5.9, Max: 8, Diff: 4, Sum: 77]
      [Scan RS (ms): Min: 8.3, Avg: 8.8, Max: 9.3, Diff: 1.0, Sum: 114.6]
      [Code Root Scanning (ms): Min: 0.0, Avg: 0.0, Max: 0.0, Diff: 0.0, Sum: 0.0]
      [Object Copy (ms): Min: 38.1, Avg: 38.4, Max: 38.5, Diff: 0.4, Sum: 499.6]
      [Termination (ms): Min: 0.0, Avg: 0.0, Max: 0.0, Diff: 0.0, Sum: 0.0]
      [GC Worker Other (ms): Min: 0.0, Avg: 0.0, Max: 0.1, Diff: 0.1, Sum: 0.4]
      [GC Worker Total (ms): Min: 49.3, Avg: 49.6, Max: 49.8, Diff: 0.5, Sum: 644.9]
      [GC Worker End (ms): Min: 279761.2, Avg: 279761.2, Max: 279761.2, Diff: 0.1]
   [Code Root Fixup: 0.2 ms]
   [Code Root Migration: 0.0 ms]
   [Clear CT: 3.3 ms]
   [Other: 3.7 ms]
      [Choose CSet: 0.0 ms]
      [Ref Proc: 1.0 ms]
      [Ref Enq: 0.0 ms]
      [Free CSet: 0.6 ms]
   [Eden: 1104.0M(1104.0M)->0.0B(1056.0M) Survivors: 112.0M->160.0M Heap: 13.3G(24.0G)->12.5G(24.0G)]
 [Times: user=0.69 sys=0.00, real=0.06 secs] 
2014-04-09T13:49:46.481+0900: 281.487: [GC pause (G1 Evacuation Pause) (mixed), 0.0837558 secs]
   [Parallel Time: 72.3 ms, GC Workers: 13]
      [GC Worker Start (ms): Min: 281487.7, Avg: 281488.0, Max: 281488.3, Diff: 0.6]
      [Ext Root Scanning (ms): Min: 0.4, Avg: 0.7, Max: 1.4, Diff: 0.9, Sum: 9.4]
      [Update RS (ms): Min: 2.3, Avg: 3.0, Max: 4.0, Diff: 1.7, Sum: 38.9]
         [Processed Buffers: Min: 3, Avg: 7.0, Max: 12, Diff: 9, Sum: 91]
      [Scan RS (ms): Min: 15.0, Avg: 16.0, Max: 16.7, Diff: 1.7, Sum: 208.6]
      [Code Root Scanning (ms): Min: 0.0, Avg: 0.0, Max: 0.0, Diff: 0.0, Sum: 0.0]
      [Object Copy (ms): Min: 50.6, Avg: 51.0, Max: 51.2, Diff: 0.6, Sum: 662.7]
      [Termination (ms): Min: 0.0, Avg: 0.0, Max: 0.0, Diff: 0.0, Sum: 0.0]
      [GC Worker Other (ms): Min: 0.0, Avg: 0.1, Max: 0.2, Diff: 0.2, Sum: 0.8]
      [GC Worker Total (ms): Min: 70.5, Avg: 70.8, Max: 71.2, Diff: 0.7, Sum: 920.4]
      [GC Worker End (ms): Min: 281558.8, Avg: 281558.8, Max: 281559.0, Diff: 0.2]
   [Code Root Fixup: 0.1 ms]
   [Code Root Migration: 0.0 ms]
   [Clear CT: 4.8 ms]
   [Other: 6.5 ms]
      [Choose CSet: 0.1 ms]
      [Ref Proc: 2.1 ms]
      [Ref Enq: 0.0 ms]
      [Free CSet: 0.9 ms]
   [Eden: 1056.0M(1056.0M)->0.0B(1056.0M) Survivors: 160.0M->160.0M Heap: 13.6G(24.0G)->12.5G(24.0G)]
 [Times: user=0.98 sys=0.00, real=0.08 secs] 
2014-04-09T13:49:51.885+0900: 286.892: [GC pause (G1 Evacuation Pause) (young), 0.0271528 secs]
   [Parallel Time: 22.0 ms, GC Workers: 13]
      [GC Worker Start (ms): Min: 286892.0, Avg: 286892.3, Max: 286892.5, Diff: 0.6]
      [Ext Root Scanning (ms): Min: 0.4, Avg: 0.7, Max: 1.1, Diff: 0.7, Sum: 9.1]
      [Update RS (ms): Min: 3.9, Avg: 4.3, Max: 5.1, Diff: 1.1, Sum: 55.7]
         [Processed Buffers: Min: 2, Avg: 5.7, Max: 22, Diff: 20, Sum: 74]
      [Scan RS (ms): Min: 0.7, Avg: 2.0, Max: 2.4, Diff: 1.7, Sum: 25.6]
      [Code Root Scanning (ms): Min: 0.0, Avg: 0.0, Max: 0.0, Diff: 0.0, Sum: 0.0]
      [Object Copy (ms): Min: 13.5, Avg: 13.6, Max: 13.7, Diff: 0.3, Sum: 177.1]
      [Termination (ms): Min: 0.0, Avg: 0.0, Max: 0.0, Diff: 0.0, Sum: 0.0]
      [GC Worker Other (ms): Min: 0.0, Avg: 0.1, Max: 0.2, Diff: 0.1, Sum: 0.7]
      [GC Worker Total (ms): Min: 20.4, Avg: 20.6, Max: 20.9, Diff: 0.6, Sum: 268.2]
      [GC Worker End (ms): Min: 286912.9, Avg: 286912.9, Max: 286913.0, Diff: 0.1]
   [Code Root Fixup: 0.2 ms]
   [Code Root Migration: 0.0 ms]
   [Clear CT: 3.1 ms]
   [Other: 1.8 ms]
      [Choose CSet: 0.0 ms]
      [Ref Proc: 0.6 ms]
      [Ref Enq: 0.0 ms]
      [Free CSet: 0.4 ms]
   [Eden: 1056.0M(1056.0M)->0.0B(1104.0M) Survivors: 160.0M->112.0M Heap: 13.5G(24.0G)->12.6G(24.0G)]
 [Times: user=0.30 sys=0.00, real=0.03 secs] 
2014-04-09T13:49:52.492+0900: 287.499: [GC pause (G1 Humongous Allocation) (young) (initial-mark), 0.0164942 secs]
   [Parallel Time: 12.0 ms, GC Workers: 13]
      [GC Worker Start (ms): Min: 287499.4, Avg: 287499.7, Max: 287499.9, Diff: 0.5]
      [Ext Root Scanning (ms): Min: 0.4, Avg: 0.7, Max: 3.4, Diff: 3.0, Sum: 9.6]
      [Code Root Marking (ms): Min: 0.0, Avg: 0.8, Max: 6.4, Diff: 6.4, Sum: 10.0]
      [Update RS (ms): Min: 2.6, Avg: 7.9, Max: 10.3, Diff: 7.6, Sum: 102.7]
         [Processed Buffers: Min: 2, Avg: 5.0, Max: 10, Diff: 8, Sum: 65]
      [Scan RS (ms): Min: 0.0, Avg: 0.0, Max: 0.1, Diff: 0.1, Sum: 0.3]
      [Code Root Scanning (ms): Min: 0.0, Avg: 0.0, Max: 0.0, Diff: 0.0, Sum: 0.0]
      [Object Copy (ms): Min: 0.5, Avg: 0.8, Max: 1.9, Diff: 1.4, Sum: 9.9]
      [Termination (ms): Min: 0.0, Avg: 1.4, Max: 1.7, Diff: 1.7, Sum: 17.8]
      [GC Worker Other (ms): Min: 0.0, Avg: 0.0, Max: 0.0, Diff: 0.0, Sum: 0.2]
      [GC Worker Total (ms): Min: 11.3, Avg: 11.6, Max: 11.8, Diff: 0.5, Sum: 150.4]
      [GC Worker End (ms): Min: 287511.2, Avg: 287511.2, Max: 287511.3, Diff: 0.0]
   [Code Root Fixup: 0.3 ms]
   [Code Root Migration: 0.0 ms]
   [Clear CT: 2.6 ms]
   [Other: 1.6 ms]
      [Choose CSet: 0.0 ms]
      [Ref Proc: 0.7 ms]
      [Ref Enq: 0.0 ms]
      [Free CSet: 0.2 ms]
   [Eden: 528.0M(1104.0M)->0.0B(1184.0M) Survivors: 112.0M->32.0M Heap: 13.1G(24.0G)->12.5G(24.0G)]
 [Times: user=0.15 sys=0.00, real=0.02 secs] 
2014-04-09T13:49:52.509+0900: 287.516: [GC concurrent-root-region-scan-start]
2014-04-09T13:49:52.510+0900: 287.517: [GC concurrent-root-region-scan-end, 0.0013144 secs]
2014-04-09T13:49:52.510+0900: 287.517: [GC concurrent-mark-start]
2014-04-09T13:49:53.664+0900: 288.671: [GC concurrent-mark-end, 1.1535408 secs]
2014-04-09T13:49:53.665+0900: 288.672: [GC remark 288.673: [GC ref-proc, 0.0015584 secs], 0.0222983 secs]
 [Times: user=0.18 sys=0.00, real=0.02 secs] 
2014-04-09T13:49:53.688+0900: 288.695: [GC cleanup 13G->12G(24G), 0.0267628 secs]
 [Times: user=0.31 sys=0.00, real=0.03 secs] 
2014-04-09T13:49:53.716+0900: 288.722: [GC concurrent-cleanup-start]
2014-04-09T13:49:53.716+0900: 288.723: [GC concurrent-cleanup-end, 0.0007176 secs]
2014-04-09T13:49:55.454+0900: 290.461: [GC pause (G1 Evacuation Pause) (young), 0.0620654 secs]
   [Parallel Time: 54.5 ms, GC Workers: 13]
      [GC Worker Start (ms): Min: 290461.4, Avg: 290461.6, Max: 290461.7, Diff: 0.3]
      [Ext Root Scanning (ms): Min: 0.6, Avg: 0.7, Max: 0.9, Diff: 0.4, Sum: 9.2]
      [Update RS (ms): Min: 2.5, Avg: 2.9, Max: 3.1, Diff: 0.6, Sum: 37.7]
         [Processed Buffers: Min: 8, Avg: 12.2, Max: 20, Diff: 12, Sum: 158]
      [Scan RS (ms): Min: 7.8, Avg: 8.0, Max: 8.2, Diff: 0.4, Sum: 103.4]
      [Code Root Scanning (ms): Min: 0.0, Avg: 0.0, Max: 0.0, Diff: 0.0, Sum: 0.0]
      [Object Copy (ms): Min: 41.6, Avg: 41.7, Max: 41.9, Diff: 0.3, Sum: 542.1]
      [Termination (ms): Min: 0.0, Avg: 0.0, Max: 0.0, Diff: 0.0, Sum: 0.4]
      [GC Worker Other (ms): Min: 0.0, Avg: 0.1, Max: 0.2, Diff: 0.1, Sum: 0.7]
      [GC Worker Total (ms): Min: 53.2, Avg: 53.4, Max: 53.6, Diff: 0.4, Sum: 693.6]
      [GC Worker End (ms): Min: 290514.9, Avg: 290514.9, Max: 290515.0, Diff: 0.1]
   [Code Root Fixup: 0.3 ms]
   [Code Root Migration: 0.0 ms]
   [Clear CT: 3.3 ms]
   [Other: 4.0 ms]
      [Choose CSet: 0.0 ms]
      [Ref Proc: 1.3 ms]
      [Ref Enq: 0.0 ms]
      [Free CSet: 0.9 ms]
   [Eden: 1184.0M(1184.0M)->0.0B(1056.0M) Survivors: 32.0M->160.0M Heap: 13.6G(24.0G)->12.6G(24.0G)]
 [Times: user=0.73 sys=0.00, real=0.06 secs] 
2014-04-09T13:49:56.860+0900: 291.867: [GC pause (G1 Evacuation Pause) (mixed), 0.1545025 secs]
   [Parallel Time: 139.6 ms, GC Workers: 13]
      [GC Worker Start (ms): Min: 291867.7, Avg: 291867.9, Max: 291868.1, Diff: 0.4]
      [Ext Root Scanning (ms): Min: 0.5, Avg: 0.7, Max: 1.2, Diff: 0.7, Sum: 9.6]
      [Update RS (ms): Min: 0.5, Avg: 1.2, Max: 1.5, Diff: 0.9, Sum: 15.1]
         [Processed Buffers: Min: 4, Avg: 5.4, Max: 8, Diff: 4, Sum: 70]
      [Scan RS (ms): Min: 40.2, Avg: 40.5, Max: 40.7, Diff: 0.5, Sum: 526.9]
      [Code Root Scanning (ms): Min: 0.0, Avg: 0.0, Max: 0.0, Diff: 0.0, Sum: 0.1]
      [Object Copy (ms): Min: 96.4, Avg: 96.5, Max: 96.7, Diff: 0.2, Sum: 1255.1]
      [Termination (ms): Min: 0.0, Avg: 0.0, Max: 0.0, Diff: 0.0, Sum: 0.0]
      [GC Worker Other (ms): Min: 0.0, Avg: 0.0, Max: 0.1, Diff: 0.1, Sum: 0.6]
      [GC Worker Total (ms): Min: 138.8, Avg: 139.0, Max: 139.4, Diff: 0.5, Sum: 1807.5]
      [GC Worker End (ms): Min: 292006.9, Avg: 292006.9, Max: 292007.0, Diff: 0.1]
   [Code Root Fixup: 0.3 ms]
   [Code Root Migration: 0.1 ms]
   [Clear CT: 5.1 ms]
   [Other: 9.4 ms]
      [Choose CSet: 0.5 ms]
      [Ref Proc: 1.3 ms]
      [Ref Enq: 0.0 ms]
      [Free CSet: 2.1 ms]
   [Eden: 1056.0M(1056.0M)->0.0B(1056.0M) Survivors: 160.0M->160.0M Heap: 14.1G(24.0G)->12.5G(24.0G)]
 [Times: user=1.87 sys=0.00, real=0.15 secs] 
2014-04-09T13:50:01.561+0900: 296.568: [GC pause (G1 Evacuation Pause) (mixed), 0.1796859 secs]
   [Parallel Time: 163.9 ms, GC Workers: 13]
      [GC Worker Start (ms): Min: 296568.4, Avg: 296568.7, Max: 296569.0, Diff: 0.6]
      [Ext Root Scanning (ms): Min: 0.4, Avg: 0.7, Max: 1.8, Diff: 1.4, Sum: 9.4]
      [Update RS (ms): Min: 0.9, Avg: 1.8, Max: 3.2, Diff: 2.3, Sum: 23.5]
         [Processed Buffers: Min: 0, Avg: 5.8, Max: 11, Diff: 11, Sum: 76]
      [Scan RS (ms): Min: 51.5, Avg: 52.8, Max: 53.1, Diff: 1.6, Sum: 686.2]
      [Code Root Scanning (ms): Min: 0.0, Avg: 0.0, Max: 0.0, Diff: 0.0, Sum: 0.1]
      [Object Copy (ms): Min: 106.5, Avg: 106.6, Max: 106.9, Diff: 0.5, Sum: 1386.1]
      [Termination (ms): Min: 0.0, Avg: 0.0, Max: 0.0, Diff: 0.0, Sum: 0.0]
      [GC Worker Other (ms): Min: 0.0, Avg: 0.0, Max: 0.2, Diff: 0.1, Sum: 0.6]
      [GC Worker Total (ms): Min: 161.7, Avg: 162.0, Max: 162.3, Diff: 0.5, Sum: 2105.9]
      [GC Worker End (ms): Min: 296730.7, Avg: 296730.7, Max: 296730.8, Diff: 0.1]
   [Code Root Fixup: 0.4 ms]
   [Code Root Migration: 0.1 ms]
   [Clear CT: 4.4 ms]
   [Other: 11.0 ms]
      [Choose CSet: 0.7 ms]
      [Ref Proc: 0.7 ms]
      [Ref Enq: 0.0 ms]
      [Free CSet: 2.9 ms]
   [Eden: 1056.0M(1056.0M)->0.0B(1056.0M) Survivors: 160.0M->160.0M Heap: 14.0G(24.0G)->12.4G(24.0G)]
 [Times: user=2.17 sys=0.00, real=0.18 secs] 
2014-04-09T13:50:03.130+0900: 298.137: [GC pause (G1 Evacuation Pause) (mixed), 0.1994366 secs]
   [Parallel Time: 181.1 ms, GC Workers: 13]
      [GC Worker Start (ms): Min: 298138.0, Avg: 298138.3, Max: 298138.5, Diff: 0.5]
      [Ext Root Scanning (ms): Min: 0.5, Avg: 0.7, Max: 1.5, Diff: 1.1, Sum: 9.2]
      [Update RS (ms): Min: 1.7, Avg: 2.8, Max: 4.3, Diff: 2.7, Sum: 36.2]
         [Processed Buffers: Min: 5, Avg: 7.1, Max: 11, Diff: 6, Sum: 92]
      [Scan RS (ms): Min: 53.6, Avg: 55.0, Max: 55.6, Diff: 1.9, Sum: 715.1]
      [Code Root Scanning (ms): Min: 0.0, Avg: 0.0, Max: 0.0, Diff: 0.0, Sum: 0.1]
      [Object Copy (ms): Min: 121.4, Avg: 121.6, Max: 121.8, Diff: 0.3, Sum: 1580.4]
      [Termination (ms): Min: 0.0, Avg: 0.0, Max: 0.0, Diff: 0.0, Sum: 0.0]
      [GC Worker Other (ms): Min: 0.0, Avg: 0.0, Max: 0.1, Diff: 0.1, Sum: 0.5]
      [GC Worker Total (ms): Min: 179.9, Avg: 180.1, Max: 180.5, Diff: 0.5, Sum: 2341.5]
      [GC Worker End (ms): Min: 298318.4, Avg: 298318.5, Max: 298318.5, Diff: 0.1]
   [Code Root Fixup: 0.3 ms]
   [Code Root Migration: 0.0 ms]
   [Clear CT: 5.4 ms]
   [Other: 12.7 ms]
      [Choose CSet: 0.9 ms]
      [Ref Proc: 0.9 ms]
      [Ref Enq: 0.0 ms]
      [Free CSet: 3.1 ms]
   [Eden: 1056.0M(1056.0M)->0.0B(1056.0M) Survivors: 160.0M->160.0M Heap: 13.9G(24.0G)->12.4G(24.0G)]
 [Times: user=2.41 sys=0.00, real=0.20 secs] 
2014-04-09T13:50:06.809+0900: 301.816: [GC pause (G1 Evacuation Pause) (mixed), 0.2583294 secs]
   [Parallel Time: 241.4 ms, GC Workers: 13]
      [GC Worker Start (ms): Min: 301817.0, Avg: 301817.2, Max: 301817.4, Diff: 0.4]
      [Ext Root Scanning (ms): Min: 0.5, Avg: 0.7, Max: 1.5, Diff: 1.0, Sum: 9.7]
      [Update RS (ms): Min: 0.8, Avg: 1.8, Max: 4.0, Diff: 3.1, Sum: 23.3]
         [Processed Buffers: Min: 4, Avg: 6.6, Max: 9, Diff: 5, Sum: 86]
      [Scan RS (ms): Min: 87.8, Avg: 90.0, Max: 90.3, Diff: 2.6, Sum: 1169.4]
      [Code Root Scanning (ms): Min: 0.0, Avg: 0.0, Max: 0.0, Diff: 0.0, Sum: 0.2]
      [Object Copy (ms): Min: 148.2, Avg: 148.3, Max: 148.4, Diff: 0.2, Sum: 1928.4]
      [Termination (ms): Min: 0.0, Avg: 0.0, Max: 0.0, Diff: 0.0, Sum: 0.1]
      [GC Worker Other (ms): Min: 0.0, Avg: 0.0, Max: 0.1, Diff: 0.0, Sum: 0.4]
      [GC Worker Total (ms): Min: 240.7, Avg: 240.9, Max: 241.1, Diff: 0.4, Sum: 3131.4]
      [GC Worker End (ms): Min: 302058.0, Avg: 302058.1, Max: 302058.1, Diff: 0.0]
   [Code Root Fixup: 0.3 ms]
   [Code Root Migration: 0.1 ms]
   [Clear CT: 4.0 ms]
   [Other: 12.5 ms]
      [Choose CSet: 0.8 ms]
      [Ref Proc: 0.4 ms]
      [Ref Enq: 0.0 ms]
      [Free CSet: 2.5 ms]
   [Eden: 1056.0M(1056.0M)->0.0B(1056.0M) Survivors: 160.0M->160.0M Heap: 14.0G(24.0G)->12.7G(24.0G)]
 [Times: user=3.12 sys=0.04, real=0.26 secs] 
2014-04-09T13:50:07.237+0900: 302.244: [GC pause (G1 Humongous Allocation) (young) (initial-mark), 0.1323435 secs]
   [Parallel Time: 126.6 ms, GC Workers: 13]
      [GC Worker Start (ms): Min: 302244.7, Avg: 302244.8, Max: 302245.0, Diff: 0.3]
      [Ext Root Scanning (ms): Min: 0.4, Avg: 0.7, Max: 2.4, Diff: 2.0, Sum: 8.9]
      [Code Root Marking (ms): Min: 0.0, Avg: 0.8, Max: 7.3, Diff: 7.3, Sum: 10.2]
      [Update RS (ms): Min: 7.0, Avg: 13.1, Max: 14.8, Diff: 7.8, Sum: 169.7]
         [Processed Buffers: Min: 4, Avg: 8.3, Max: 13, Diff: 9, Sum: 108]
      [Scan RS (ms): Min: 40.2, Avg: 41.5, Max: 42.2, Diff: 2.0, Sum: 539.3]
      [Code Root Scanning (ms): Min: 0.0, Avg: 0.0, Max: 0.0, Diff: 0.0, Sum: 0.0]
      [Object Copy (ms): Min: 68.9, Avg: 69.6, Max: 71.1, Diff: 2.2, Sum: 904.7]
      [Termination (ms): Min: 0.0, Avg: 0.5, Max: 0.5, Diff: 0.5, Sum: 5.9]
      [GC Worker Other (ms): Min: 0.0, Avg: 0.0, Max: 0.0, Diff: 0.0, Sum: 0.3]
      [GC Worker Total (ms): Min: 126.0, Avg: 126.1, Max: 126.3, Diff: 0.3, Sum: 1639.1]
      [GC Worker End (ms): Min: 302370.9, Avg: 302370.9, Max: 302370.9, Diff: 0.0]
   [Code Root Fixup: 0.2 ms]
   [Code Root Migration: 0.0 ms]
   [Clear CT: 2.0 ms]
   [Other: 3.6 ms]
      [Choose CSet: 0.0 ms]
      [Ref Proc: 0.4 ms]
      [Ref Enq: 0.0 ms]
      [Free CSet: 0.2 ms]
   [Eden: 64.0M(1056.0M)->0.0B(1104.0M) Survivors: 160.0M->112.0M Heap: 12.7G(24.0G)->12.8G(24.0G)]
 [Times: user=1.65 sys=0.01, real=0.13 secs] 
2014-04-09T13:50:07.370+0900: 302.377: [GC concurrent-root-region-scan-start]
2014-04-09T13:50:07.374+0900: 302.381: [GC concurrent-root-region-scan-end, 0.0043425 secs]
2014-04-09T13:50:07.374+0900: 302.381: [GC concurrent-mark-start]
2014-04-09T13:50:08.757+0900: 303.764: [GC concurrent-mark-end, 1.3823139 secs]
2014-04-09T13:50:08.758+0900: 303.764: [GC remark 303.765: [GC ref-proc, 0.0016146 secs], 0.0229630 secs]
 [Times: user=0.20 sys=0.00, real=0.03 secs] 
2014-04-09T13:50:08.782+0900: 303.789: [GC cleanup 13G->11G(24G), 0.0241344 secs]
 [Times: user=0.29 sys=0.00, real=0.02 secs] 
2014-04-09T13:50:08.807+0900: 303.813: [GC concurrent-cleanup-start]
2014-04-09T13:50:08.809+0900: 303.815: [GC concurrent-cleanup-end, 0.0021971 secs]
2014-04-09T13:50:09.609+0900: 304.616: [GC pause (G1 Evacuation Pause) (young), 0.0549088 secs]
   [Parallel Time: 49.3 ms, GC Workers: 13]
      [GC Worker Start (ms): Min: 304615.8, Avg: 304616.0, Max: 304616.3, Diff: 0.4]
      [Ext Root Scanning (ms): Min: 0.5, Avg: 0.7, Max: 1.1, Diff: 0.6, Sum: 9.4]
      [Update RS (ms): Min: 1.2, Avg: 1.9, Max: 3.0, Diff: 1.8, Sum: 24.1]
         [Processed Buffers: Min: 5, Avg: 6.9, Max: 12, Diff: 7, Sum: 90]
      [Scan RS (ms): Min: 4.5, Avg: 5.7, Max: 6.1, Diff: 1.7, Sum: 73.9]
      [Code Root Scanning (ms): Min: 0.0, Avg: 0.0, Max: 0.0, Diff: 0.0, Sum: 0.0]
      [Object Copy (ms): Min: 40.2, Avg: 40.3, Max: 40.5, Diff: 0.3, Sum: 523.7]
      [Termination (ms): Min: 0.0, Avg: 0.0, Max: 0.0, Diff: 0.0, Sum: 0.3]
      [GC Worker Other (ms): Min: 0.0, Avg: 0.0, Max: 0.1, Diff: 0.1, Sum: 0.5]
      [GC Worker Total (ms): Min: 48.4, Avg: 48.6, Max: 48.9, Diff: 0.5, Sum: 632.0]
      [GC Worker End (ms): Min: 304664.6, Avg: 304664.6, Max: 304664.7, Diff: 0.1]
   [Code Root Fixup: 0.3 ms]
   [Code Root Migration: 0.0 ms]
   [Clear CT: 2.3 ms]
   [Other: 3.0 ms]
      [Choose CSet: 0.0 ms]
      [Ref Proc: 0.9 ms]
      [Ref Enq: 0.0 ms]
      [Free CSet: 1.0 ms]
   [Eden: 1104.0M(1104.0M)->0.0B(1056.0M) Survivors: 112.0M->160.0M Heap: 11.9G(24.0G)->11.1G(24.0G)]
 [Times: user=0.65 sys=0.00, real=0.06 secs] 
2014-04-09T13:50:11.980+0900: 306.986: [GC pause (G1 Evacuation Pause) (mixed), 0.1303744 secs]
   [Parallel Time: 113.7 ms, GC Workers: 13]
      [GC Worker Start (ms): Min: 306987.0, Avg: 306987.2, Max: 306987.3, Diff: 0.4]
      [Ext Root Scanning (ms): Min: 0.6, Avg: 0.8, Max: 2.0, Diff: 1.5, Sum: 10.1]
      [Update RS (ms): Min: 0.7, Avg: 2.5, Max: 3.3, Diff: 2.6, Sum: 31.9]
         [Processed Buffers: Min: 3, Avg: 7.8, Max: 20, Diff: 17, Sum: 101]
      [Scan RS (ms): Min: 30.8, Avg: 31.7, Max: 32.4, Diff: 1.6, Sum: 412.1]
      [Code Root Scanning (ms): Min: 0.0, Avg: 0.1, Max: 1.2, Diff: 1.2, Sum: 1.3]
      [Object Copy (ms): Min: 76.7, Avg: 77.5, Max: 77.8, Diff: 1.1, Sum: 1007.5]
      [Termination (ms): Min: 0.0, Avg: 0.0, Max: 0.0, Diff: 0.0, Sum: 0.2]
      [GC Worker Other (ms): Min: 0.0, Avg: 0.1, Max: 0.2, Diff: 0.1, Sum: 0.7]
      [GC Worker Total (ms): Min: 112.4, Avg: 112.6, Max: 112.8, Diff: 0.4, Sum: 1463.8]
      [GC Worker End (ms): Min: 307099.8, Avg: 307099.8, Max: 307099.9, Diff: 0.1]
   [Code Root Fixup: 1.1 ms]
   [Code Root Migration: 2.9 ms]
   [Clear CT: 5.3 ms]
   [Other: 7.4 ms]
      [Choose CSet: 0.4 ms]
      [Ref Proc: 1.2 ms]
      [Ref Enq: 0.0 ms]
      [Free CSet: 1.9 ms]
   [Eden: 1056.0M(1056.0M)->0.0B(1056.0M) Survivors: 160.0M->160.0M Heap: 12.6G(24.0G)->11.5G(24.0G)]
 [Times: user=1.53 sys=0.00, real=0.13 secs] 
2014-04-09T13:50:12.176+0900: 307.182: [GC pause (G1 Humongous Allocation) (young) (initial-mark), 0.0527477 secs]
   [Parallel Time: 46.8 ms, GC Workers: 13]
      [GC Worker Start (ms): Min: 307182.8, Avg: 307183.1, Max: 307183.3, Diff: 0.5]
      [Ext Root Scanning (ms): Min: 0.3, Avg: 0.7, Max: 3.2, Diff: 2.9, Sum: 9.3]
      [Code Root Marking (ms): Min: 0.0, Avg: 0.8, Max: 7.0, Diff: 7.0, Sum: 11.0]
      [Update RS (ms): Min: 7.4, Avg: 13.0, Max: 14.7, Diff: 7.3, Sum: 168.9]
         [Processed Buffers: Min: 3, Avg: 7.9, Max: 11, Diff: 8, Sum: 103]
      [Scan RS (ms): Min: 2.4, Avg: 3.2, Max: 3.6, Diff: 1.2, Sum: 41.4]
      [Code Root Scanning (ms): Min: 0.0, Avg: 0.0, Max: 0.0, Diff: 0.0, Sum: 0.0]
      [Object Copy (ms): Min: 27.4, Avg: 27.8, Max: 29.1, Diff: 1.7, Sum: 360.9]
      [Termination (ms): Min: 0.0, Avg: 0.0, Max: 0.0, Diff: 0.0, Sum: 0.1]
      [GC Worker Other (ms): Min: 0.0, Avg: 0.0, Max: 0.0, Diff: 0.0, Sum: 0.3]
      [GC Worker Total (ms): Min: 45.3, Avg: 45.5, Max: 45.8, Diff: 0.5, Sum: 592.0]
      [GC Worker End (ms): Min: 307228.6, Avg: 307228.6, Max: 307228.6, Diff: 0.0]
   [Code Root Fixup: 0.3 ms]
   [Code Root Migration: 0.0 ms]
   [Clear CT: 2.4 ms]
   [Other: 3.2 ms]
      [Choose CSet: 0.0 ms]
      [Ref Proc: 1.1 ms]
      [Ref Enq: 0.0 ms]
      [Free CSet: 0.2 ms]
   [Eden: 64.0M(1056.0M)->0.0B(1104.0M) Survivors: 160.0M->112.0M Heap: 11.5G(24.0G)->11.6G(24.0G)]
 [Times: user=0.62 sys=0.00, real=0.05 secs] 
2014-04-09T13:50:12.229+0900: 307.235: [GC concurrent-root-region-scan-start]
2014-04-09T13:50:12.233+0900: 307.240: [GC concurrent-root-region-scan-end, 0.0045615 secs]
2014-04-09T13:50:12.233+0900: 307.240: [GC concurrent-mark-start]
2014-04-09T13:50:13.602+0900: 308.609: [GC concurrent-mark-end, 1.3685722 secs]
2014-04-09T13:50:13.603+0900: 308.609: [GC remark 308.611: [GC ref-proc, 0.0017033 secs], 0.0258911 secs]
 [Times: user=0.21 sys=0.00, real=0.02 secs] 
2014-04-09T13:50:13.631+0900: 308.638: [GC cleanup 12G->11G(24G), 0.0240273 secs]
 [Times: user=0.27 sys=0.00, real=0.03 secs] 
2014-04-09T13:50:13.656+0900: 308.662: [GC concurrent-cleanup-start]
2014-04-09T13:50:13.657+0900: 308.664: [GC concurrent-cleanup-end, 0.0013629 secs]
2014-04-09T13:50:13.994+0900: 309.000: [GC pause (G1 Evacuation Pause) (young), 0.0528786 secs]
   [Parallel Time: 46.0 ms, GC Workers: 13]
      [GC Worker Start (ms): Min: 309000.6, Avg: 309000.8, Max: 309001.0, Diff: 0.5]
      [Ext Root Scanning (ms): Min: 0.4, Avg: 0.7, Max: 1.2, Diff: 0.8, Sum: 8.5]
      [Update RS (ms): Min: 1.4, Avg: 2.4, Max: 3.7, Diff: 2.2, Sum: 31.6]
         [Processed Buffers: Min: 3, Avg: 7.9, Max: 14, Diff: 11, Sum: 103]
      [Scan RS (ms): Min: 3.0, Avg: 4.1, Max: 4.5, Diff: 1.5, Sum: 53.7]
      [Code Root Scanning (ms): Min: 0.0, Avg: 0.0, Max: 0.0, Diff: 0.0, Sum: 0.0]
      [Object Copy (ms): Min: 38.3, Avg: 38.4, Max: 38.4, Diff: 0.1, Sum: 498.6]
      [Termination (ms): Min: 0.0, Avg: 0.0, Max: 0.0, Diff: 0.0, Sum: 0.0]
      [GC Worker Other (ms): Min: 0.0, Avg: 0.0, Max: 0.1, Diff: 0.0, Sum: 0.4]
      [GC Worker Total (ms): Min: 45.4, Avg: 45.6, Max: 45.8, Diff: 0.5, Sum: 592.8]
      [GC Worker End (ms): Min: 309046.4, Avg: 309046.4, Max: 309046.4, Diff: 0.0]
   [Code Root Fixup: 0.2 ms]
   [Code Root Migration: 0.0 ms]
   [Clear CT: 3.1 ms]
   [Other: 3.5 ms]
      [Choose CSet: 0.0 ms]
      [Ref Proc: 1.3 ms]
      [Ref Enq: 0.0 ms]
      [Free CSet: 1.0 ms]
   [Eden: 1104.0M(1104.0M)->0.0B(1056.0M) Survivors: 112.0M->160.0M Heap: 12.2G(24.0G)->11.4G(24.0G)]
 [Times: user=0.62 sys=0.00, real=0.05 secs] 
2014-04-09T13:50:16.972+0900: 311.979: [GC pause (G1 Evacuation Pause) (mixed), 0.1050120 secs]
   [Parallel Time: 94.6 ms, GC Workers: 13]
      [GC Worker Start (ms): Min: 311979.5, Avg: 311979.7, Max: 311979.9, Diff: 0.4]
      [Ext Root Scanning (ms): Min: 0.5, Avg: 0.7, Max: 1.4, Diff: 0.8, Sum: 9.7]
      [Update RS (ms): Min: 1.5, Avg: 2.2, Max: 2.7, Diff: 1.2, Sum: 28.0]
         [Processed Buffers: Min: 4, Avg: 7.5, Max: 11, Diff: 7, Sum: 97]
      [Scan RS (ms): Min: 15.4, Avg: 15.9, Max: 16.4, Diff: 1.0, Sum: 207.0]
      [Code Root Scanning (ms): Min: 0.0, Avg: 0.0, Max: 0.1, Diff: 0.1, Sum: 0.1]
      [Object Copy (ms): Min: 74.2, Avg: 74.5, Max: 74.6, Diff: 0.5, Sum: 968.3]
      [Termination (ms): Min: 0.0, Avg: 0.1, Max: 0.2, Diff: 0.2, Sum: 1.9]
      [GC Worker Other (ms): Min: 0.0, Avg: 0.0, Max: 0.2, Diff: 0.1, Sum: 0.6]
      [GC Worker Total (ms): Min: 93.3, Avg: 93.5, Max: 93.8, Diff: 0.5, Sum: 1215.5]
      [GC Worker End (ms): Min: 312073.2, Avg: 312073.2, Max: 312073.4, Diff: 0.1]
   [Code Root Fixup: 0.4 ms]
   [Code Root Migration: 0.3 ms]
   [Clear CT: 4.6 ms]
   [Other: 5.2 ms]
      [Choose CSet: 0.1 ms]
      [Ref Proc: 0.8 ms]
      [Ref Enq: 0.0 ms]
      [Free CSet: 1.5 ms]
   [Eden: 1056.0M(1056.0M)->0.0B(1056.0M) Survivors: 160.0M->160.0M Heap: 12.9G(24.0G)->12.1G(24.0G)]
 [Times: user=1.27 sys=0.00, real=0.11 secs] 
2014-04-09T13:50:17.176+0900: 312.183: [GC pause (G1 Humongous Allocation) (young) (initial-mark), 0.0484857 secs]
   [Parallel Time: 42.1 ms, GC Workers: 13]
      [GC Worker Start (ms): Min: 312183.0, Avg: 312183.3, Max: 312183.6, Diff: 0.6]
      [Ext Root Scanning (ms): Min: 0.3, Avg: 0.7, Max: 3.2, Diff: 2.8, Sum: 9.3]
      [Code Root Marking (ms): Min: 0.1, Avg: 0.9, Max: 7.1, Diff: 7.0, Sum: 11.1]
      [Update RS (ms): Min: 4.8, Avg: 11.1, Max: 12.4, Diff: 7.6, Sum: 143.9]
         [Processed Buffers: Min: 3, Avg: 7.1, Max: 17, Diff: 14, Sum: 92]
      [Scan RS (ms): Min: 2.7, Avg: 3.6, Max: 4.2, Diff: 1.5, Sum: 47.2]
      [Code Root Scanning (ms): Min: 0.0, Avg: 0.0, Max: 0.0, Diff: 0.0, Sum: 0.0]
      [Object Copy (ms): Min: 24.3, Avg: 24.6, Max: 26.5, Diff: 2.2, Sum: 319.8]
      [Termination (ms): Min: 0.0, Avg: 0.0, Max: 0.0, Diff: 0.0, Sum: 0.1]
      [GC Worker Other (ms): Min: 0.0, Avg: 0.0, Max: 0.0, Diff: 0.0, Sum: 0.3]
      [GC Worker Total (ms): Min: 40.7, Avg: 40.9, Max: 41.2, Diff: 0.6, Sum: 531.8]
      [GC Worker End (ms): Min: 312224.2, Avg: 312224.2, Max: 312224.3, Diff: 0.0]
   [Code Root Fixup: 0.2 ms]
   [Code Root Migration: 0.0 ms]
   [Clear CT: 2.6 ms]
   [Other: 3.5 ms]
      [Choose CSet: 0.0 ms]
      [Ref Proc: 1.3 ms]
      [Ref Enq: 0.0 ms]
      [Free CSet: 0.6 ms]
   [Eden: 48.0M(1056.0M)->0.0B(1104.0M) Survivors: 160.0M->112.0M Heap: 12.1G(24.0G)->12.2G(24.0G)]
 [Times: user=0.56 sys=0.00, real=0.05 secs] 
2014-04-09T13:50:17.225+0900: 312.231: [GC concurrent-root-region-scan-start]
2014-04-09T13:50:17.229+0900: 312.236: [GC concurrent-root-region-scan-end, 0.0046259 secs]
2014-04-09T13:50:17.229+0900: 312.236: [GC concurrent-mark-start]
2014-04-09T13:50:18.635+0900: 313.642: [GC concurrent-mark-end, 1.4061183 secs]
2014-04-09T13:50:18.638+0900: 313.645: [GC remark 313.646: [GC ref-proc, 0.0017305 secs], 0.0257479 secs]
 [Times: user=0.23 sys=0.00, real=0.03 secs] 
2014-04-09T13:50:18.665+0900: 313.672: [GC cleanup 13G->12G(24G), 0.0248936 secs]
 [Times: user=0.27 sys=0.00, real=0.02 secs] 
2014-04-09T13:50:18.691+0900: 313.698: [GC concurrent-cleanup-start]
2014-04-09T13:50:18.692+0900: 313.699: [GC concurrent-cleanup-end, 0.0012226 secs]
2014-04-09T13:50:20.217+0900: 315.224: [GC pause (G1 Evacuation Pause) (young), 0.0564293 secs]
   [Parallel Time: 49.8 ms, GC Workers: 13]
      [GC Worker Start (ms): Min: 315223.8, Avg: 315224.1, Max: 315224.3, Diff: 0.4]
      [Ext Root Scanning (ms): Min: 0.5, Avg: 0.7, Max: 1.0, Diff: 0.5, Sum: 9.5]
      [Update RS (ms): Min: 1.8, Avg: 2.4, Max: 3.9, Diff: 2.1, Sum: 31.1]
         [Processed Buffers: Min: 3, Avg: 7.5, Max: 11, Diff: 8, Sum: 97]
      [Scan RS (ms): Min: 4.9, Avg: 6.5, Max: 6.9, Diff: 1.9, Sum: 84.4]
      [Code Root Scanning (ms): Min: 0.0, Avg: 0.0, Max: 0.0, Diff: 0.0, Sum: 0.0]
      [Object Copy (ms): Min: 39.0, Avg: 39.2, Max: 39.9, Diff: 0.9, Sum: 509.0]
      [Termination (ms): Min: 0.0, Avg: 0.0, Max: 0.0, Diff: 0.0, Sum: 0.0]
      [GC Worker Other (ms): Min: 0.0, Avg: 0.0, Max: 0.1, Diff: 0.0, Sum: 0.4]
      [GC Worker Total (ms): Min: 48.6, Avg: 48.8, Max: 49.0, Diff: 0.4, Sum: 634.5]
      [GC Worker End (ms): Min: 315272.8, Avg: 315272.9, Max: 315272.9, Diff: 0.0]
   [Code Root Fixup: 0.3 ms]
   [Code Root Migration: 0.0 ms]
   [Clear CT: 2.8 ms]
   [Other: 3.6 ms]
      [Choose CSet: 0.0 ms]
      [Ref Proc: 1.1 ms]
      [Ref Enq: 0.0 ms]
      [Free CSet: 1.2 ms]
   [Eden: 1104.0M(1104.0M)->0.0B(1056.0M) Survivors: 112.0M->160.0M Heap: 12.8G(24.0G)->12.0G(24.0G)]
 [Times: user=0.67 sys=0.00, real=0.06 secs] 
2014-04-09T13:50:21.814+0900: 316.821: [GC pause (G1 Evacuation Pause) (mixed), 0.0936478 secs]
   [Parallel Time: 83.6 ms, GC Workers: 13]
      [GC Worker Start (ms): Min: 316821.1, Avg: 316821.3, Max: 316821.5, Diff: 0.5]
      [Ext Root Scanning (ms): Min: 0.5, Avg: 0.7, Max: 1.1, Diff: 0.7, Sum: 9.3]
      [Update RS (ms): Min: 1.7, Avg: 2.6, Max: 4.0, Diff: 2.3, Sum: 34.3]
         [Processed Buffers: Min: 4, Avg: 8.2, Max: 14, Diff: 10, Sum: 107]
      [Scan RS (ms): Min: 14.9, Avg: 16.2, Max: 16.7, Diff: 1.9, Sum: 210.6]
      [Code Root Scanning (ms): Min: 0.0, Avg: 0.0, Max: 0.0, Diff: 0.0, Sum: 0.0]
      [Object Copy (ms): Min: 62.6, Avg: 62.7, Max: 62.8, Diff: 0.2, Sum: 815.2]
      [Termination (ms): Min: 0.0, Avg: 0.0, Max: 0.0, Diff: 0.0, Sum: 0.0]
      [GC Worker Other (ms): Min: 0.0, Avg: 0.0, Max: 0.1, Diff: 0.1, Sum: 0.5]
      [GC Worker Total (ms): Min: 82.1, Avg: 82.3, Max: 82.5, Diff: 0.4, Sum: 1070.0]
      [GC Worker End (ms): Min: 316903.6, Avg: 316903.6, Max: 316903.6, Diff: 0.1]
   [Code Root Fixup: 0.2 ms]
   [Code Root Migration: 0.0 ms]
   [Clear CT: 4.6 ms]
   [Other: 5.2 ms]
      [Choose CSet: 0.1 ms]
      [Ref Proc: 1.1 ms]
      [Ref Enq: 0.0 ms]
      [Free CSet: 1.6 ms]
   [Eden: 1056.0M(1056.0M)->0.0B(1056.0M) Survivors: 160.0M->160.0M Heap: 13.4G(24.0G)->12.5G(24.0G)]
 [Times: user=1.12 sys=0.00, real=0.09 secs] 
2014-04-09T13:50:21.994+0900: 317.001: [GC pause (G1 Humongous Allocation) (young) (initial-mark), 0.0480789 secs]
   [Parallel Time: 42.3 ms, GC Workers: 13]
      [GC Worker Start (ms): Min: 317000.9, Avg: 317001.2, Max: 317001.6, Diff: 0.6]
      [Ext Root Scanning (ms): Min: 0.3, Avg: 0.6, Max: 2.6, Diff: 2.3, Sum: 8.1]
      [Code Root Marking (ms): Min: 0.0, Avg: 0.8, Max: 7.0, Diff: 6.9, Sum: 10.5]
      [Update RS (ms): Min: 6.7, Avg: 12.6, Max: 14.4, Diff: 7.7, Sum: 164.4]
         [Processed Buffers: Min: 4, Avg: 6.9, Max: 10, Diff: 6, Sum: 90]
      [Scan RS (ms): Min: 1.6, Avg: 3.1, Max: 4.0, Diff: 2.5, Sum: 40.6]
      [Code Root Scanning (ms): Min: 0.0, Avg: 0.0, Max: 0.0, Diff: 0.0, Sum: 0.0]
      [Object Copy (ms): Min: 22.7, Avg: 23.0, Max: 24.2, Diff: 1.4, Sum: 299.4]
      [Termination (ms): Min: 0.0, Avg: 0.0, Max: 0.0, Diff: 0.0, Sum: 0.1]
      [GC Worker Other (ms): Min: 0.0, Avg: 0.0, Max: 0.0, Diff: 0.0, Sum: 0.3]
      [GC Worker Total (ms): Min: 39.9, Avg: 40.3, Max: 40.6, Diff: 0.6, Sum: 523.4]
      [GC Worker End (ms): Min: 317041.5, Avg: 317041.5, Max: 317041.5, Diff: 0.0]
   [Code Root Fixup: 0.2 ms]
   [Code Root Migration: 0.0 ms]
   [Clear CT: 1.7 ms]
   [Other: 3.8 ms]
      [Choose CSet: 0.0 ms]
      [Ref Proc: 2.2 ms]
      [Ref Enq: 0.0 ms]
      [Free CSet: 0.2 ms]
   [Eden: 32.0M(1056.0M)->0.0B(1104.0M) Survivors: 160.0M->112.0M Heap: 12.6G(24.0G)->12.7G(24.0G)]
 [Times: user=0.55 sys=0.00, real=0.04 secs] 
2014-04-09T13:50:22.042+0900: 317.049: [GC concurrent-root-region-scan-start]
2014-04-09T13:50:22.045+0900: 317.051: [GC concurrent-root-region-scan-end, 0.0024401 secs]
2014-04-09T13:50:22.045+0900: 317.051: [GC concurrent-mark-start]
2014-04-09T13:50:23.531+0900: 318.538: [GC concurrent-mark-end, 1.4861260 secs]
2014-04-09T13:50:23.532+0900: 318.539: [GC remark 318.540: [GC ref-proc, 0.0017652 secs], 0.0261365 secs]
 [Times: user=0.23 sys=0.00, real=0.03 secs] 
2014-04-09T13:50:23.559+0900: 318.566: [GC cleanup 13G->12G(24G), 0.0239716 secs]
 [Times: user=0.27 sys=0.00, real=0.02 secs] 
2014-04-09T13:50:23.584+0900: 318.591: [GC concurrent-cleanup-start]
2014-04-09T13:50:23.585+0900: 318.592: [GC concurrent-cleanup-end, 0.0010041 secs]
2014-04-09T13:50:24.247+0900: 319.254: [GC pause (G1 Evacuation Pause) (young), 0.0373204 secs]
   [Parallel Time: 31.2 ms, GC Workers: 13]
      [GC Worker Start (ms): Min: 319254.1, Avg: 319254.4, Max: 319254.7, Diff: 0.6]
      [Ext Root Scanning (ms): Min: 0.4, Avg: 0.7, Max: 1.0, Diff: 0.6, Sum: 8.9]
      [Update RS (ms): Min: 2.3, Avg: 2.9, Max: 3.4, Diff: 1.1, Sum: 37.6]
         [Processed Buffers: Min: 5, Avg: 8.5, Max: 17, Diff: 12, Sum: 111]
      [Scan RS (ms): Min: 2.7, Avg: 3.2, Max: 3.6, Diff: 0.9, Sum: 42.0]
      [Code Root Scanning (ms): Min: 0.0, Avg: 0.0, Max: 0.0, Diff: 0.0, Sum: 0.0]
      [Object Copy (ms): Min: 22.7, Avg: 22.8, Max: 22.9, Diff: 0.2, Sum: 296.6]
      [Termination (ms): Min: 0.0, Avg: 0.0, Max: 0.0, Diff: 0.0, Sum: 0.0]
      [GC Worker Other (ms): Min: 0.0, Avg: 0.1, Max: 0.2, Diff: 0.1, Sum: 0.7]
      [GC Worker Total (ms): Min: 29.4, Avg: 29.7, Max: 30.0, Diff: 0.6, Sum: 385.9]
      [GC Worker End (ms): Min: 319284.1, Avg: 319284.1, Max: 319284.2, Diff: 0.1]
   [Code Root Fixup: 0.2 ms]
   [Code Root Migration: 0.0 ms]
   [Clear CT: 3.3 ms]
   [Other: 2.7 ms]
      [Choose CSet: 0.0 ms]
      [Ref Proc: 1.5 ms]
      [Ref Enq: 0.0 ms]
      [Free CSet: 0.4 ms]
   [Eden: 1104.0M(1104.0M)->0.0B(1056.0M) Survivors: 112.0M->160.0M Heap: 13.1G(24.0G)->12.2G(24.0G)]
 [Times: user=0.42 sys=0.00, real=0.04 secs] 
Heap
 garbage-first heap   total 25165824K, used 13390450K [0x00000001c0000000, 0x00000007c0000000, 0x00000007c0000000)
  region size 16384K, 48 young (786432K), 10 survivors (163840K)
 Metaspace       used 38089K, capacity 38982K, committed 39088K, reserved 1083392K
  class space    used 5761K, capacity 5966K, committed 6064K, reserved 1048576K
