Java HotSpot(TM) 64-Bit Server VM (25.0-b70) for linux-amd64 JRE (1.8.0-b132), built on Mar  4 2014 03:07:25 by "java_re" with gcc 4.3.0 20080428 (Red Hat 4.3.0-8)
Memory: 4k page, physical 32865776k(30159916k free), swap 2047992k(2047992k free)
CommandLine flags: -XX:G1HeapRegionSize=16777216 -XX:InitialHeapSize=25769803776 -XX:InitiatingHeapOccupancyPercent=30 -XX:MaxGCPauseMillis=50 -XX:MaxHeapSize=25769803776 -XX:+PrintGC -XX:+PrintGCDateStamps -XX:+PrintGCDetails -XX:+PrintGCTimeStamps -XX:ThreadStackSize=2048 -XX:+UseCompressedClassPointers -XX:+UseCompressedOops -XX:+UseG1GC 
2014-04-09T14:01:45.800+0900: 1.715: [Full GC (Metadata GC Threshold)  21M->7320K(24G), 0.2862408 secs]
   [Eden: 32.0M(1216.0M)->0.0B(1216.0M) Survivors: 0.0B->0.0B Heap: 21.1M(24.0G)->7320.2K(24.0G)], [Metaspace: 21110K->21110K(1067008K)]
 [Times: user=0.48 sys=0.09, real=0.28 secs] 
2014-04-09T14:01:51.496+0900: 7.411: [Full GC (Metadata GC Threshold)  110M->17M(24G), 0.3373343 secs]
   [Eden: 112.0M(1216.0M)->0.0B(1216.0M) Survivors: 0.0B->0.0B Heap: 110.6M(24.0G)->17.2M(24.0G)], [Metaspace: 34726K->34721K(1079296K)]
 [Times: user=0.34 sys=0.00, real=0.34 secs] 
2014-04-09T14:01:56.220+0900: 12.136: [GC pause (G1 Evacuation Pause) (young), 0.3712241 secs]
   [Parallel Time: 323.4 ms, GC Workers: 13]
      [GC Worker Start (ms): Min: 12135.8, Avg: 12135.9, Max: 12136.0, Diff: 0.2]
      [Ext Root Scanning (ms): Min: 1.9, Avg: 5.1, Max: 11.9, Diff: 10.0, Sum: 66.1]
      [Update RS (ms): Min: 0.0, Avg: 0.4, Max: 1.3, Diff: 1.3, Sum: 5.4]
         [Processed Buffers: Min: 0, Avg: 5.2, Max: 17, Diff: 17, Sum: 68]
      [Scan RS (ms): Min: 0.0, Avg: 0.1, Max: 0.2, Diff: 0.2, Sum: 0.7]
      [Code Root Scanning (ms): Min: 0.0, Avg: 0.1, Max: 0.7, Diff: 0.7, Sum: 1.7]
      [Object Copy (ms): Min: 283.9, Avg: 304.5, Max: 315.7, Diff: 31.8, Sum: 3958.2]
      [Termination (ms): Min: 4.6, Avg: 12.9, Max: 36.4, Diff: 31.8, Sum: 167.7]
      [GC Worker Other (ms): Min: 0.0, Avg: 0.1, Max: 0.1, Diff: 0.1, Sum: 0.7]
      [GC Worker Total (ms): Min: 323.0, Avg: 323.1, Max: 323.2, Diff: 0.2, Sum: 4200.4]
      [GC Worker End (ms): Min: 12459.0, Avg: 12459.0, Max: 12459.1, Diff: 0.1]
   [Code Root Fixup: 1.5 ms]
   [Code Root Migration: 4.5 ms]
   [Clear CT: 0.5 ms]
   [Other: 41.4 ms]
      [Choose CSet: 0.0 ms]
      [Ref Proc: 37.0 ms]
      [Ref Enq: 3.2 ms]
      [Free CSet: 0.2 ms]
   [Eden: 1216.0M(1216.0M)->0.0B(1056.0M) Survivors: 0.0B->160.0M Heap: 1233.2M(24.0G)->321.8M(24.0G)]
 [Times: user=3.63 sys=1.55, real=0.37 secs] 
2014-04-09T14:01:58.516+0900: 14.431: [GC pause (G1 Evacuation Pause) (young), 0.1562860 secs]
   [Parallel Time: 140.5 ms, GC Workers: 13]
      [GC Worker Start (ms): Min: 14431.6, Avg: 14431.7, Max: 14431.8, Diff: 0.2]
      [Ext Root Scanning (ms): Min: 1.1, Avg: 1.3, Max: 2.0, Diff: 1.0, Sum: 16.4]
      [Update RS (ms): Min: 0.0, Avg: 0.6, Max: 1.0, Diff: 1.0, Sum: 7.6]
         [Processed Buffers: Min: 0, Avg: 2.8, Max: 20, Diff: 20, Sum: 37]
      [Scan RS (ms): Min: 13.5, Avg: 13.9, Max: 14.1, Diff: 0.5, Sum: 180.4]
      [Code Root Scanning (ms): Min: 0.0, Avg: 0.1, Max: 0.9, Diff: 0.9, Sum: 0.9]
      [Object Copy (ms): Min: 123.4, Avg: 124.3, Max: 124.7, Diff: 1.2, Sum: 1616.4]
      [Termination (ms): Min: 0.0, Avg: 0.0, Max: 0.0, Diff: 0.0, Sum: 0.0]
      [GC Worker Other (ms): Min: 0.0, Avg: 0.0, Max: 0.1, Diff: 0.1, Sum: 0.5]
      [GC Worker Total (ms): Min: 140.1, Avg: 140.2, Max: 140.3, Diff: 0.2, Sum: 1822.2]
      [GC Worker End (ms): Min: 14571.8, Avg: 14571.9, Max: 14571.9, Diff: 0.1]
   [Code Root Fixup: 1.3 ms]
   [Code Root Migration: 2.6 ms]
   [Clear CT: 0.4 ms]
   [Other: 11.5 ms]
      [Choose CSet: 0.0 ms]
      [Ref Proc: 9.2 ms]
      [Ref Enq: 0.8 ms]
      [Free CSet: 0.2 ms]
   [Eden: 1056.0M(1056.0M)->0.0B(1056.0M) Survivors: 160.0M->160.0M Heap: 1377.8M(24.0G)->513.2M(24.0G)]
 [Times: user=1.59 sys=0.45, real=0.16 secs] 
2014-04-09T14:01:59.665+0900: 15.581: [GC pause (G1 Evacuation Pause) (young), 0.1176783 secs]
   [Parallel Time: 107.5 ms, GC Workers: 13]
      [GC Worker Start (ms): Min: 15581.0, Avg: 15581.1, Max: 15581.1, Diff: 0.2]
      [Ext Root Scanning (ms): Min: 1.1, Avg: 1.2, Max: 1.7, Diff: 0.6, Sum: 15.8]
      [Update RS (ms): Min: 2.6, Avg: 3.3, Max: 4.6, Diff: 1.9, Sum: 42.4]
         [Processed Buffers: Min: 2, Avg: 17.2, Max: 33, Diff: 31, Sum: 224]
      [Scan RS (ms): Min: 3.8, Avg: 5.0, Max: 5.4, Diff: 1.6, Sum: 65.5]
      [Code Root Scanning (ms): Min: 0.0, Avg: 0.0, Max: 0.0, Diff: 0.0, Sum: 0.0]
      [Object Copy (ms): Min: 96.7, Avg: 96.9, Max: 97.3, Diff: 0.6, Sum: 1260.1]
      [Termination (ms): Min: 0.4, Avg: 0.8, Max: 0.8, Diff: 0.5, Sum: 10.0]
      [GC Worker Other (ms): Min: 0.0, Avg: 0.0, Max: 0.1, Diff: 0.0, Sum: 0.3]
      [GC Worker Total (ms): Min: 107.1, Avg: 107.2, Max: 107.3, Diff: 0.2, Sum: 1394.2]
      [GC Worker End (ms): Min: 15688.3, Avg: 15688.3, Max: 15688.3, Diff: 0.1]
   [Code Root Fixup: 0.4 ms]
   [Code Root Migration: 0.0 ms]
   [Clear CT: 0.4 ms]
   [Other: 9.4 ms]
      [Choose CSet: 0.0 ms]
      [Ref Proc: 7.2 ms]
      [Ref Enq: 0.6 ms]
      [Free CSet: 0.3 ms]
   [Eden: 1056.0M(1056.0M)->0.0B(1056.0M) Survivors: 160.0M->160.0M Heap: 1569.2M(24.0G)->721.2M(24.0G)]
 [Times: user=1.36 sys=0.13, real=0.12 secs] 
2014-04-09T14:02:00.653+0900: 16.568: [GC pause (G1 Evacuation Pause) (young), 0.1118774 secs]
   [Parallel Time: 101.7 ms, GC Workers: 13]
      [GC Worker Start (ms): Min: 16568.5, Avg: 16568.6, Max: 16568.6, Diff: 0.2]
      [Ext Root Scanning (ms): Min: 0.9, Avg: 1.2, Max: 1.5, Diff: 0.6, Sum: 15.8]
      [Update RS (ms): Min: 3.2, Avg: 4.0, Max: 5.0, Diff: 1.8, Sum: 51.7]
         [Processed Buffers: Min: 7, Avg: 16.5, Max: 23, Diff: 16, Sum: 214]
      [Scan RS (ms): Min: 3.7, Avg: 4.7, Max: 5.0, Diff: 1.3, Sum: 61.3]
      [Code Root Scanning (ms): Min: 0.0, Avg: 0.0, Max: 0.0, Diff: 0.0, Sum: 0.0]
      [Object Copy (ms): Min: 91.0, Avg: 91.4, Max: 92.0, Diff: 1.0, Sum: 1188.2]
      [Termination (ms): Min: 0.0, Avg: 0.0, Max: 0.1, Diff: 0.1, Sum: 0.6]
      [GC Worker Other (ms): Min: 0.0, Avg: 0.0, Max: 0.1, Diff: 0.1, Sum: 0.6]
      [GC Worker Total (ms): Min: 101.3, Avg: 101.4, Max: 101.5, Diff: 0.2, Sum: 1318.2]
      [GC Worker End (ms): Min: 16669.9, Avg: 16670.0, Max: 16670.0, Diff: 0.1]
   [Code Root Fixup: 0.4 ms]
   [Code Root Migration: 0.0 ms]
   [Clear CT: 0.5 ms]
   [Other: 9.3 ms]
      [Choose CSet: 0.0 ms]
      [Ref Proc: 6.9 ms]
      [Ref Enq: 0.6 ms]
      [Free CSet: 0.3 ms]
   [Eden: 1056.0M(1056.0M)->0.0B(1056.0M) Survivors: 160.0M->160.0M Heap: 1777.2M(24.0G)->969.2M(24.0G)]
 [Times: user=1.26 sys=0.07, real=0.11 secs] 
2014-04-09T14:02:01.652+0900: 17.568: [GC pause (G1 Evacuation Pause) (young), 0.1445877 secs]
   [Parallel Time: 134.5 ms, GC Workers: 13]
      [GC Worker Start (ms): Min: 17568.3, Avg: 17568.4, Max: 17568.4, Diff: 0.1]
      [Ext Root Scanning (ms): Min: 1.0, Avg: 1.4, Max: 1.8, Diff: 0.8, Sum: 17.6]
      [Update RS (ms): Min: 6.5, Avg: 7.7, Max: 10.0, Diff: 3.5, Sum: 100.0]
         [Processed Buffers: Min: 7, Avg: 16.2, Max: 35, Diff: 28, Sum: 211]
      [Scan RS (ms): Min: 3.9, Avg: 6.1, Max: 7.1, Diff: 3.2, Sum: 79.4]
      [Code Root Scanning (ms): Min: 0.0, Avg: 0.0, Max: 0.0, Diff: 0.0, Sum: 0.1]
      [Object Copy (ms): Min: 118.4, Avg: 119.0, Max: 119.9, Diff: 1.5, Sum: 1546.9]
      [Termination (ms): Min: 0.0, Avg: 0.1, Max: 0.1, Diff: 0.1, Sum: 1.0]
      [GC Worker Other (ms): Min: 0.0, Avg: 0.0, Max: 0.1, Diff: 0.1, Sum: 0.6]
      [GC Worker Total (ms): Min: 134.2, Avg: 134.3, Max: 134.4, Diff: 0.2, Sum: 1745.7]
      [GC Worker End (ms): Min: 17702.6, Avg: 17702.6, Max: 17702.7, Diff: 0.1]
   [Code Root Fixup: 0.2 ms]
   [Code Root Migration: 0.0 ms]
   [Clear CT: 0.5 ms]
   [Other: 9.3 ms]
      [Choose CSet: 0.0 ms]
      [Ref Proc: 6.6 ms]
      [Ref Enq: 0.6 ms]
      [Free CSet: 0.4 ms]
   [Eden: 1056.0M(1056.0M)->0.0B(1056.0M) Survivors: 160.0M->160.0M Heap: 2025.2M(24.0G)->1193.2M(24.0G)]
 [Times: user=1.71 sys=0.06, real=0.14 secs] 
2014-04-09T14:02:02.657+0900: 18.572: [GC pause (G1 Evacuation Pause) (young), 0.1182643 secs]
   [Parallel Time: 106.6 ms, GC Workers: 13]
      [GC Worker Start (ms): Min: 18572.4, Avg: 18572.5, Max: 18572.6, Diff: 0.1]
      [Ext Root Scanning (ms): Min: 1.0, Avg: 1.3, Max: 1.9, Diff: 1.0, Sum: 17.1]
      [Update RS (ms): Min: 3.7, Avg: 4.2, Max: 5.4, Diff: 1.8, Sum: 55.0]
         [Processed Buffers: Min: 4, Avg: 16.9, Max: 34, Diff: 30, Sum: 220]
      [Scan RS (ms): Min: 5.3, Avg: 6.4, Max: 6.8, Diff: 1.5, Sum: 83.5]
      [Code Root Scanning (ms): Min: 0.0, Avg: 0.0, Max: 0.0, Diff: 0.0, Sum: 0.0]
      [Object Copy (ms): Min: 93.9, Avg: 94.2, Max: 94.7, Diff: 0.8, Sum: 1224.6]
      [Termination (ms): Min: 0.0, Avg: 0.1, Max: 0.2, Diff: 0.2, Sum: 1.9]
      [GC Worker Other (ms): Min: 0.0, Avg: 0.0, Max: 0.1, Diff: 0.0, Sum: 0.3]
      [GC Worker Total (ms): Min: 106.3, Avg: 106.3, Max: 106.4, Diff: 0.2, Sum: 1382.5]
      [GC Worker End (ms): Min: 18678.8, Avg: 18678.9, Max: 18678.9, Diff: 0.1]
   [Code Root Fixup: 0.3 ms]
   [Code Root Migration: 0.0 ms]
   [Clear CT: 0.5 ms]
   [Other: 10.8 ms]
      [Choose CSet: 0.0 ms]
      [Ref Proc: 7.9 ms]
      [Ref Enq: 0.6 ms]
      [Free CSet: 0.4 ms]
   [Eden: 1056.0M(1056.0M)->0.0B(1056.0M) Survivors: 160.0M->160.0M Heap: 2249.2M(24.0G)->1441.2M(24.0G)]
 [Times: user=1.36 sys=0.06, real=0.12 secs] 
2014-04-09T14:02:03.647+0900: 19.562: [GC pause (G1 Evacuation Pause) (young), 0.1111483 secs]
   [Parallel Time: 100.3 ms, GC Workers: 13]
      [GC Worker Start (ms): Min: 19562.7, Avg: 19562.8, Max: 19562.9, Diff: 0.1]
      [Ext Root Scanning (ms): Min: 0.9, Avg: 1.3, Max: 1.8, Diff: 0.9, Sum: 16.7]
      [Update RS (ms): Min: 5.2, Avg: 5.9, Max: 6.6, Diff: 1.5, Sum: 76.4]
         [Processed Buffers: Min: 6, Avg: 16.0, Max: 33, Diff: 27, Sum: 208]
      [Scan RS (ms): Min: 5.9, Avg: 6.9, Max: 7.3, Diff: 1.4, Sum: 89.2]
      [Code Root Scanning (ms): Min: 0.0, Avg: 0.0, Max: 0.0, Diff: 0.0, Sum: 0.0]
      [Object Copy (ms): Min: 85.3, Avg: 85.7, Max: 86.4, Diff: 1.1, Sum: 1113.6]
      [Termination (ms): Min: 0.0, Avg: 0.4, Max: 0.4, Diff: 0.4, Sum: 4.6]
      [GC Worker Other (ms): Min: 0.0, Avg: 0.0, Max: 0.1, Diff: 0.0, Sum: 0.4]
      [GC Worker Total (ms): Min: 100.0, Avg: 100.1, Max: 100.1, Diff: 0.2, Sum: 1300.9]
      [GC Worker End (ms): Min: 19662.8, Avg: 19662.9, Max: 19662.9, Diff: 0.1]
   [Code Root Fixup: 0.4 ms]
   [Code Root Migration: 0.0 ms]
   [Clear CT: 0.6 ms]
   [Other: 9.9 ms]
      [Choose CSet: 0.0 ms]
      [Ref Proc: 6.9 ms]
      [Ref Enq: 0.6 ms]
      [Free CSet: 0.5 ms]
   [Eden: 1056.0M(1056.0M)->0.0B(1056.0M) Survivors: 160.0M->160.0M Heap: 2497.2M(24.0G)->1697.2M(24.0G)]
 [Times: user=1.26 sys=0.06, real=0.11 secs] 
2014-04-09T14:02:04.620+0900: 20.535: [GC pause (G1 Evacuation Pause) (young), 0.1168301 secs]
   [Parallel Time: 105.5 ms, GC Workers: 13]
      [GC Worker Start (ms): Min: 20535.7, Avg: 20535.7, Max: 20535.8, Diff: 0.1]
      [Ext Root Scanning (ms): Min: 1.3, Avg: 2.1, Max: 11.1, Diff: 9.9, Sum: 27.4]
      [Update RS (ms): Min: 0.0, Avg: 5.5, Max: 6.3, Diff: 6.3, Sum: 71.4]
         [Processed Buffers: Min: 0, Avg: 16.8, Max: 39, Diff: 39, Sum: 218]
      [Scan RS (ms): Min: 3.2, Avg: 8.6, Max: 21.8, Diff: 18.6, Sum: 112.0]
      [Code Root Scanning (ms): Min: 0.0, Avg: 0.0, Max: 0.0, Diff: 0.0, Sum: 0.0]
      [Object Copy (ms): Min: 75.7, Avg: 86.0, Max: 87.6, Diff: 11.9, Sum: 1118.6]
      [Termination (ms): Min: 0.0, Avg: 3.0, Max: 3.3, Diff: 3.3, Sum: 39.0]
      [GC Worker Other (ms): Min: 0.0, Avg: 0.0, Max: 0.1, Diff: 0.1, Sum: 0.6]
      [GC Worker Total (ms): Min: 105.2, Avg: 105.3, Max: 105.4, Diff: 0.2, Sum: 1368.9]
      [GC Worker End (ms): Min: 20641.0, Avg: 20641.0, Max: 20641.1, Diff: 0.1]
   [Code Root Fixup: 0.3 ms]
   [Code Root Migration: 0.0 ms]
   [Clear CT: 0.6 ms]
   [Other: 10.3 ms]
      [Choose CSet: 0.0 ms]
      [Ref Proc: 7.0 ms]
      [Ref Enq: 0.6 ms]
      [Free CSet: 0.5 ms]
   [Eden: 1056.0M(1056.0M)->0.0B(1056.0M) Survivors: 160.0M->160.0M Heap: 2753.2M(24.0G)->1945.2M(24.0G)]
 [Times: user=1.22 sys=0.05, real=0.11 secs] 
2014-04-09T14:02:05.607+0900: 21.522: [GC pause (G1 Evacuation Pause) (young), 0.1719782 secs]
   [Parallel Time: 161.1 ms, GC Workers: 13]
      [GC Worker Start (ms): Min: 21522.2, Avg: 21522.3, Max: 21522.4, Diff: 0.1]
      [Ext Root Scanning (ms): Min: 0.9, Avg: 1.3, Max: 1.6, Diff: 0.7, Sum: 16.6]
      [Update RS (ms): Min: 7.7, Avg: 9.8, Max: 15.8, Diff: 8.1, Sum: 127.5]
         [Processed Buffers: Min: 1, Avg: 16.4, Max: 59, Diff: 58, Sum: 213]
      [Scan RS (ms): Min: 5.0, Avg: 10.8, Max: 12.7, Diff: 7.7, Sum: 140.2]
      [Code Root Scanning (ms): Min: 0.0, Avg: 0.0, Max: 0.0, Diff: 0.0, Sum: 0.1]
      [Object Copy (ms): Min: 138.5, Avg: 138.8, Max: 139.4, Diff: 0.9, Sum: 1804.6]
      [Termination (ms): Min: 0.0, Avg: 0.1, Max: 0.1, Diff: 0.1, Sum: 1.1]
      [GC Worker Other (ms): Min: 0.0, Avg: 0.0, Max: 0.1, Diff: 0.1, Sum: 0.6]
      [GC Worker Total (ms): Min: 160.7, Avg: 160.8, Max: 160.9, Diff: 0.1, Sum: 2090.5]
      [GC Worker End (ms): Min: 21683.1, Avg: 21683.1, Max: 21683.2, Diff: 0.1]
   [Code Root Fixup: 0.4 ms]
   [Code Root Migration: 0.0 ms]
   [Clear CT: 0.7 ms]
   [Other: 9.8 ms]
      [Choose CSet: 0.0 ms]
      [Ref Proc: 6.4 ms]
      [Ref Enq: 0.6 ms]
      [Free CSet: 0.5 ms]
   [Eden: 1056.0M(1056.0M)->0.0B(1056.0M) Survivors: 160.0M->160.0M Heap: 3001.2M(24.0G)->2153.2M(24.0G)]
 [Times: user=2.05 sys=0.05, real=0.17 secs] 
2014-04-09T14:02:06.651+0900: 22.566: [GC pause (G1 Evacuation Pause) (young), 0.1438476 secs]
   [Parallel Time: 131.3 ms, GC Workers: 13]
      [GC Worker Start (ms): Min: 22566.5, Avg: 22566.6, Max: 22566.6, Diff: 0.1]
      [Ext Root Scanning (ms): Min: 0.9, Avg: 1.3, Max: 2.0, Diff: 1.0, Sum: 17.5]
      [Update RS (ms): Min: 2.9, Avg: 3.6, Max: 5.0, Diff: 2.1, Sum: 46.5]
         [Processed Buffers: Min: 6, Avg: 14.6, Max: 22, Diff: 16, Sum: 190]
      [Scan RS (ms): Min: 7.9, Avg: 9.3, Max: 9.7, Diff: 1.9, Sum: 120.9]
      [Code Root Scanning (ms): Min: 0.0, Avg: 0.0, Max: 0.0, Diff: 0.0, Sum: 0.0]
      [Object Copy (ms): Min: 115.6, Avg: 116.0, Max: 117.2, Diff: 1.6, Sum: 1508.0]
      [Termination (ms): Min: 0.0, Avg: 0.8, Max: 0.9, Diff: 0.9, Sum: 10.4]
      [GC Worker Other (ms): Min: 0.0, Avg: 0.1, Max: 0.1, Diff: 0.1, Sum: 0.8]
      [GC Worker Total (ms): Min: 131.0, Avg: 131.1, Max: 131.2, Diff: 0.2, Sum: 1704.2]
      [GC Worker End (ms): Min: 22697.6, Avg: 22697.7, Max: 22697.7, Diff: 0.1]
   [Code Root Fixup: 0.4 ms]
   [Code Root Migration: 0.0 ms]
   [Clear CT: 0.7 ms]
   [Other: 11.3 ms]
      [Choose CSet: 0.0 ms]
      [Ref Proc: 7.6 ms]
      [Ref Enq: 0.6 ms]
      [Free CSet: 0.5 ms]
   [Eden: 1056.0M(1056.0M)->0.0B(1056.0M) Survivors: 160.0M->160.0M Heap: 3209.2M(24.0G)->2393.2M(24.0G)]
 [Times: user=1.67 sys=0.05, real=0.14 secs] 
2014-04-09T14:02:07.683+0900: 23.598: [GC pause (G1 Evacuation Pause) (young), 0.1147332 secs]
   [Parallel Time: 103.0 ms, GC Workers: 13]
      [GC Worker Start (ms): Min: 23598.8, Avg: 23598.9, Max: 23599.0, Diff: 0.1]
      [Ext Root Scanning (ms): Min: 0.9, Avg: 1.3, Max: 1.6, Diff: 0.6, Sum: 16.5]
      [Update RS (ms): Min: 5.6, Avg: 6.1, Max: 6.5, Diff: 1.0, Sum: 79.7]
         [Processed Buffers: Min: 5, Avg: 15.1, Max: 23, Diff: 18, Sum: 196]
      [Scan RS (ms): Min: 8.8, Avg: 9.6, Max: 10.1, Diff: 1.3, Sum: 124.4]
      [Code Root Scanning (ms): Min: 0.0, Avg: 0.0, Max: 0.0, Diff: 0.0, Sum: 0.0]
      [Object Copy (ms): Min: 85.0, Avg: 85.3, Max: 86.1, Diff: 1.1, Sum: 1109.3]
      [Termination (ms): Min: 0.0, Avg: 0.4, Max: 0.5, Diff: 0.5, Sum: 5.6]
      [GC Worker Other (ms): Min: 0.0, Avg: 0.0, Max: 0.1, Diff: 0.1, Sum: 0.6]
      [GC Worker Total (ms): Min: 102.7, Avg: 102.8, Max: 102.9, Diff: 0.2, Sum: 1336.1]
      [GC Worker End (ms): Min: 23701.7, Avg: 23701.7, Max: 23701.7, Diff: 0.1]
   [Code Root Fixup: 0.3 ms]
   [Code Root Migration: 0.0 ms]
   [Clear CT: 0.8 ms]
   [Other: 10.6 ms]
      [Choose CSet: 0.0 ms]
      [Ref Proc: 7.1 ms]
      [Ref Enq: 0.6 ms]
      [Free CSet: 0.5 ms]
   [Eden: 1056.0M(1056.0M)->0.0B(1056.0M) Survivors: 160.0M->160.0M Heap: 3449.2M(24.0G)->2633.2M(24.0G)]
 [Times: user=1.29 sys=0.06, real=0.11 secs] 
2014-04-09T14:02:08.658+0900: 24.573: [GC pause (G1 Evacuation Pause) (young), 0.1138180 secs]
   [Parallel Time: 101.9 ms, GC Workers: 13]
      [GC Worker Start (ms): Min: 24573.5, Avg: 24573.5, Max: 24573.6, Diff: 0.1]
      [Ext Root Scanning (ms): Min: 0.9, Avg: 1.3, Max: 1.6, Diff: 0.7, Sum: 17.0]
      [Update RS (ms): Min: 5.4, Avg: 6.0, Max: 8.1, Diff: 2.7, Sum: 78.3]
         [Processed Buffers: Min: 3, Avg: 16.1, Max: 43, Diff: 40, Sum: 209]
      [Scan RS (ms): Min: 6.5, Avg: 8.9, Max: 9.7, Diff: 3.1, Sum: 115.9]
      [Code Root Scanning (ms): Min: 0.0, Avg: 0.0, Max: 0.0, Diff: 0.0, Sum: 0.0]
      [Object Copy (ms): Min: 85.2, Avg: 85.4, Max: 85.7, Diff: 0.5, Sum: 1110.2]
      [Termination (ms): Min: 0.0, Avg: 0.0, Max: 0.0, Diff: 0.0, Sum: 0.1]
      [GC Worker Other (ms): Min: 0.0, Avg: 0.0, Max: 0.1, Diff: 0.1, Sum: 0.5]
      [GC Worker Total (ms): Min: 101.6, Avg: 101.7, Max: 101.8, Diff: 0.2, Sum: 1321.9]
      [GC Worker End (ms): Min: 24675.2, Avg: 24675.2, Max: 24675.3, Diff: 0.1]
   [Code Root Fixup: 0.4 ms]
   [Code Root Migration: 0.0 ms]
   [Clear CT: 0.8 ms]
   [Other: 10.7 ms]
      [Choose CSet: 0.0 ms]
      [Ref Proc: 7.0 ms]
      [Ref Enq: 0.6 ms]
      [Free CSet: 0.5 ms]
   [Eden: 1056.0M(1056.0M)->0.0B(1056.0M) Survivors: 160.0M->160.0M Heap: 3689.2M(24.0G)->2881.2M(24.0G)]
 [Times: user=1.28 sys=0.05, real=0.12 secs] 
2014-04-09T14:02:09.636+0900: 25.552: [GC pause (G1 Evacuation Pause) (young), 0.1158139 secs]
   [Parallel Time: 104.4 ms, GC Workers: 13]
      [GC Worker Start (ms): Min: 25551.9, Avg: 25552.0, Max: 25552.0, Diff: 0.1]
      [Ext Root Scanning (ms): Min: 0.9, Avg: 1.4, Max: 1.8, Diff: 0.9, Sum: 17.7]
      [Update RS (ms): Min: 5.5, Avg: 7.7, Max: 12.7, Diff: 7.1, Sum: 99.8]
         [Processed Buffers: Min: 3, Avg: 15.2, Max: 26, Diff: 23, Sum: 197]
      [Scan RS (ms): Min: 4.3, Avg: 9.3, Max: 11.4, Diff: 7.1, Sum: 121.0]
      [Code Root Scanning (ms): Min: 0.0, Avg: 0.0, Max: 0.0, Diff: 0.0, Sum: 0.0]
      [Object Copy (ms): Min: 85.1, Avg: 85.4, Max: 86.0, Diff: 0.9, Sum: 1109.7]
      [Termination (ms): Min: 0.0, Avg: 0.4, Max: 0.5, Diff: 0.5, Sum: 5.2]
      [GC Worker Other (ms): Min: 0.0, Avg: 0.0, Max: 0.1, Diff: 0.1, Sum: 0.5]
      [GC Worker Total (ms): Min: 104.1, Avg: 104.1, Max: 104.2, Diff: 0.2, Sum: 1353.9]
      [GC Worker End (ms): Min: 25656.1, Avg: 25656.1, Max: 25656.1, Diff: 0.1]
   [Code Root Fixup: 0.4 ms]
   [Code Root Migration: 0.0 ms]
   [Clear CT: 0.9 ms]
   [Other: 10.1 ms]
      [Choose CSet: 0.0 ms]
      [Ref Proc: 6.6 ms]
      [Ref Enq: 0.6 ms]
      [Free CSet: 0.6 ms]
   [Eden: 1056.0M(1056.0M)->0.0B(1056.0M) Survivors: 160.0M->160.0M Heap: 3937.2M(24.0G)->3129.2M(24.0G)]
 [Times: user=1.32 sys=0.04, real=0.12 secs] 
2014-04-09T14:02:10.609+0900: 26.524: [GC pause (G1 Evacuation Pause) (young), 0.1164650 secs]
   [Parallel Time: 105.1 ms, GC Workers: 13]
      [GC Worker Start (ms): Min: 26524.2, Avg: 26524.3, Max: 26524.4, Diff: 0.1]
      [Ext Root Scanning (ms): Min: 1.3, Avg: 1.4, Max: 1.9, Diff: 0.6, Sum: 18.1]
      [Update RS (ms): Min: 5.8, Avg: 7.5, Max: 10.3, Diff: 4.5, Sum: 97.3]
         [Processed Buffers: Min: 2, Avg: 14.9, Max: 23, Diff: 21, Sum: 194]
      [Scan RS (ms): Min: 6.4, Avg: 9.2, Max: 10.1, Diff: 3.7, Sum: 120.0]
      [Code Root Scanning (ms): Min: 0.0, Avg: 0.0, Max: 0.0, Diff: 0.0, Sum: 0.0]
      [Object Copy (ms): Min: 86.4, Avg: 86.7, Max: 87.1, Diff: 0.7, Sum: 1127.2]
      [Termination (ms): Min: 0.0, Avg: 0.0, Max: 0.0, Diff: 0.0, Sum: 0.1]
      [GC Worker Other (ms): Min: 0.0, Avg: 0.0, Max: 0.1, Diff: 0.1, Sum: 0.5]
      [GC Worker Total (ms): Min: 104.8, Avg: 104.9, Max: 105.0, Diff: 0.2, Sum: 1363.2]
      [GC Worker End (ms): Min: 26629.1, Avg: 26629.2, Max: 26629.2, Diff: 0.1]
   [Code Root Fixup: 0.4 ms]
   [Code Root Migration: 0.0 ms]
   [Clear CT: 0.9 ms]
   [Other: 9.9 ms]
      [Choose CSet: 0.0 ms]
      [Ref Proc: 6.3 ms]
      [Ref Enq: 0.6 ms]
      [Free CSet: 0.6 ms]
   [Eden: 1056.0M(1056.0M)->0.0B(1056.0M) Survivors: 160.0M->160.0M Heap: 4185.2M(24.0G)->3385.2M(24.0G)]
 [Times: user=1.31 sys=0.07, real=0.12 secs] 
2014-04-09T14:02:11.588+0900: 27.503: [GC pause (G1 Evacuation Pause) (young), 0.1184243 secs]
   [Parallel Time: 106.7 ms, GC Workers: 13]
      [GC Worker Start (ms): Min: 27503.7, Avg: 27503.7, Max: 27503.8, Diff: 0.1]
      [Ext Root Scanning (ms): Min: 1.0, Avg: 1.4, Max: 1.7, Diff: 0.7, Sum: 18.2]
      [Update RS (ms): Min: 6.0, Avg: 8.1, Max: 12.8, Diff: 6.8, Sum: 105.4]
         [Processed Buffers: Min: 4, Avg: 15.2, Max: 34, Diff: 30, Sum: 197]
      [Scan RS (ms): Min: 5.4, Avg: 10.1, Max: 11.8, Diff: 6.4, Sum: 131.8]
      [Code Root Scanning (ms): Min: 0.0, Avg: 0.0, Max: 0.0, Diff: 0.0, Sum: 0.0]
      [Object Copy (ms): Min: 86.1, Avg: 86.3, Max: 86.8, Diff: 0.7, Sum: 1122.5]
      [Termination (ms): Min: 0.0, Avg: 0.4, Max: 0.4, Diff: 0.4, Sum: 5.1]
      [GC Worker Other (ms): Min: 0.0, Avg: 0.0, Max: 0.1, Diff: 0.0, Sum: 0.3]
      [GC Worker Total (ms): Min: 106.3, Avg: 106.4, Max: 106.5, Diff: 0.1, Sum: 1383.4]
      [GC Worker End (ms): Min: 27610.1, Avg: 27610.2, Max: 27610.2, Diff: 0.0]
   [Code Root Fixup: 0.4 ms]
   [Code Root Migration: 0.0 ms]
   [Clear CT: 0.9 ms]
   [Other: 10.4 ms]
      [Choose CSet: 0.0 ms]
      [Ref Proc: 6.7 ms]
      [Ref Enq: 0.6 ms]
      [Free CSet: 0.6 ms]
   [Eden: 1056.0M(1056.0M)->0.0B(1056.0M) Survivors: 160.0M->160.0M Heap: 4441.2M(24.0G)->3633.2M(24.0G)]
 [Times: user=1.33 sys=0.07, real=0.12 secs] 
2014-04-09T14:02:12.574+0900: 28.489: [GC pause (G1 Evacuation Pause) (young), 0.1122893 secs]
   [Parallel Time: 100.1 ms, GC Workers: 13]
      [GC Worker Start (ms): Min: 28489.8, Avg: 28489.8, Max: 28489.9, Diff: 0.1]
      [Ext Root Scanning (ms): Min: 1.3, Avg: 1.4, Max: 1.7, Diff: 0.4, Sum: 17.9]
      [Update RS (ms): Min: 6.4, Avg: 7.8, Max: 13.5, Diff: 7.2, Sum: 101.6]
         [Processed Buffers: Min: 6, Avg: 16.2, Max: 33, Diff: 27, Sum: 211]
      [Scan RS (ms): Min: 5.1, Avg: 10.5, Max: 12.0, Diff: 7.0, Sum: 137.1]
      [Code Root Scanning (ms): Min: 0.0, Avg: 0.0, Max: 0.0, Diff: 0.0, Sum: 0.0]
      [Object Copy (ms): Min: 79.8, Avg: 80.1, Max: 80.4, Diff: 0.5, Sum: 1040.9]
      [Termination (ms): Min: 0.0, Avg: 0.0, Max: 0.0, Diff: 0.0, Sum: 0.0]
      [GC Worker Other (ms): Min: 0.0, Avg: 0.1, Max: 0.1, Diff: 0.1, Sum: 0.7]
      [GC Worker Total (ms): Min: 99.8, Avg: 99.9, Max: 100.0, Diff: 0.2, Sum: 1298.4]
      [GC Worker End (ms): Min: 28589.7, Avg: 28589.7, Max: 28589.8, Diff: 0.1]
   [Code Root Fixup: 0.4 ms]
   [Code Root Migration: 0.0 ms]
   [Clear CT: 1.1 ms]
   [Other: 10.7 ms]
      [Choose CSet: 0.0 ms]
      [Ref Proc: 6.7 ms]
      [Ref Enq: 0.7 ms]
      [Free CSet: 0.6 ms]
   [Eden: 1056.0M(1056.0M)->0.0B(1056.0M) Survivors: 160.0M->160.0M Heap: 4689.2M(24.0G)->3865.2M(24.0G)]
 [Times: user=1.26 sys=0.05, real=0.11 secs] 
2014-04-09T14:02:13.550+0900: 29.466: [GC pause (G1 Evacuation Pause) (young), 0.1171665 secs]
   [Parallel Time: 105.5 ms, GC Workers: 13]
      [GC Worker Start (ms): Min: 29466.0, Avg: 29466.1, Max: 29466.2, Diff: 0.1]
      [Ext Root Scanning (ms): Min: 0.9, Avg: 1.3, Max: 1.7, Diff: 0.9, Sum: 16.7]
      [Update RS (ms): Min: 7.8, Avg: 8.1, Max: 9.0, Diff: 1.3, Sum: 105.8]
         [Processed Buffers: Min: 2, Avg: 15.1, Max: 28, Diff: 26, Sum: 196]
      [Scan RS (ms): Min: 9.4, Avg: 10.2, Max: 10.5, Diff: 1.1, Sum: 132.8]
      [Code Root Scanning (ms): Min: 0.0, Avg: 0.0, Max: 0.0, Diff: 0.0, Sum: 0.0]
      [Object Copy (ms): Min: 85.2, Avg: 85.6, Max: 86.1, Diff: 0.9, Sum: 1112.5]
      [Termination (ms): Min: 0.0, Avg: 0.0, Max: 0.0, Diff: 0.0, Sum: 0.2]
      [GC Worker Other (ms): Min: 0.0, Avg: 0.0, Max: 0.1, Diff: 0.1, Sum: 0.5]
      [GC Worker Total (ms): Min: 105.2, Avg: 105.3, Max: 105.3, Diff: 0.1, Sum: 1368.4]
      [GC Worker End (ms): Min: 29571.3, Avg: 29571.4, Max: 29571.4, Diff: 0.1]
   [Code Root Fixup: 0.4 ms]
   [Code Root Migration: 0.0 ms]
   [Clear CT: 1.0 ms]
   [Other: 10.2 ms]
      [Choose CSet: 0.0 ms]
      [Ref Proc: 6.3 ms]
      [Ref Enq: 0.7 ms]
      [Free CSet: 0.6 ms]
   [Eden: 1056.0M(1056.0M)->0.0B(1056.0M) Survivors: 160.0M->160.0M Heap: 4921.2M(24.0G)->4113.2M(24.0G)]
 [Times: user=1.32 sys=0.06, real=0.12 secs] 
2014-04-09T14:02:14.558+0900: 30.473: [GC pause (G1 Evacuation Pause) (young), 0.1711538 secs]
   [Parallel Time: 159.2 ms, GC Workers: 13]
      [GC Worker Start (ms): Min: 30473.7, Avg: 30473.8, Max: 30473.8, Diff: 0.1]
      [Ext Root Scanning (ms): Min: 1.0, Avg: 1.4, Max: 1.7, Diff: 0.7, Sum: 18.2]
      [Update RS (ms): Min: 4.8, Avg: 5.6, Max: 6.6, Diff: 1.8, Sum: 72.6]
         [Processed Buffers: Min: 6, Avg: 15.1, Max: 29, Diff: 23, Sum: 196]
      [Scan RS (ms): Min: 12.6, Avg: 13.4, Max: 14.0, Diff: 1.4, Sum: 173.9]
      [Code Root Scanning (ms): Min: 0.0, Avg: 0.0, Max: 0.0, Diff: 0.0, Sum: 0.0]
      [Object Copy (ms): Min: 138.2, Avg: 138.5, Max: 138.8, Diff: 0.6, Sum: 1799.9]
      [Termination (ms): Min: 0.0, Avg: 0.1, Max: 0.1, Diff: 0.1, Sum: 1.0]
      [GC Worker Other (ms): Min: 0.0, Avg: 0.0, Max: 0.1, Diff: 0.1, Sum: 0.5]
      [GC Worker Total (ms): Min: 158.9, Avg: 158.9, Max: 159.0, Diff: 0.1, Sum: 2066.2]
      [GC Worker End (ms): Min: 30632.7, Avg: 30632.7, Max: 30632.8, Diff: 0.1]
   [Code Root Fixup: 0.4 ms]
   [Code Root Migration: 0.0 ms]
   [Clear CT: 1.1 ms]
   [Other: 10.4 ms]
      [Choose CSet: 0.0 ms]
      [Ref Proc: 6.7 ms]
      [Ref Enq: 0.6 ms]
      [Free CSet: 0.6 ms]
   [Eden: 1056.0M(1056.0M)->0.0B(1056.0M) Survivors: 160.0M->160.0M Heap: 5169.2M(24.0G)->4369.2M(24.0G)]
 [Times: user=2.02 sys=0.06, real=0.17 secs] 
2014-04-09T14:02:15.601+0900: 31.516: [GC pause (G1 Evacuation Pause) (young), 0.1227489 secs]
   [Parallel Time: 110.1 ms, GC Workers: 13]
      [GC Worker Start (ms): Min: 31516.5, Avg: 31516.6, Max: 31516.7, Diff: 0.1]
      [Ext Root Scanning (ms): Min: 1.0, Avg: 1.4, Max: 2.1, Diff: 1.1, Sum: 18.6]
      [Update RS (ms): Min: 2.2, Avg: 3.0, Max: 3.3, Diff: 1.1, Sum: 39.4]
         [Processed Buffers: Min: 8, Avg: 14.9, Max: 24, Diff: 16, Sum: 194]
      [Scan RS (ms): Min: 10.5, Avg: 10.8, Max: 11.0, Diff: 0.4, Sum: 139.9]
      [Code Root Scanning (ms): Min: 0.0, Avg: 0.0, Max: 0.0, Diff: 0.0, Sum: 0.0]
      [Object Copy (ms): Min: 94.5, Avg: 94.6, Max: 94.9, Diff: 0.4, Sum: 1229.8]
      [Termination (ms): Min: 0.0, Avg: 0.0, Max: 0.0, Diff: 0.0, Sum: 0.0]
      [GC Worker Other (ms): Min: 0.0, Avg: 0.0, Max: 0.1, Diff: 0.1, Sum: 0.5]
      [GC Worker Total (ms): Min: 109.8, Avg: 109.9, Max: 110.0, Diff: 0.2, Sum: 1428.2]
      [GC Worker End (ms): Min: 31626.4, Avg: 31626.5, Max: 31626.5, Diff: 0.1]
   [Code Root Fixup: 0.4 ms]
   [Code Root Migration: 0.0 ms]
   [Clear CT: 1.0 ms]
   [Other: 11.2 ms]
      [Choose CSet: 0.0 ms]
      [Ref Proc: 7.1 ms]
      [Ref Enq: 0.7 ms]
      [Free CSet: 0.7 ms]
   [Eden: 1056.0M(1056.0M)->0.0B(1056.0M) Survivors: 160.0M->160.0M Heap: 5425.2M(24.0G)->4609.2M(24.0G)]
 [Times: user=1.39 sys=0.05, real=0.13 secs] 
2014-04-09T14:02:16.640+0900: 32.555: [GC pause (G1 Evacuation Pause) (young), 0.1117978 secs]
   [Parallel Time: 99.6 ms, GC Workers: 13]
      [GC Worker Start (ms): Min: 32555.5, Avg: 32555.6, Max: 32555.7, Diff: 0.1]
      [Ext Root Scanning (ms): Min: 0.8, Avg: 1.3, Max: 1.9, Diff: 1.0, Sum: 17.5]
      [Update RS (ms): Min: 4.9, Avg: 5.5, Max: 6.4, Diff: 1.5, Sum: 72.0]
         [Processed Buffers: Min: 8, Avg: 14.8, Max: 26, Diff: 18, Sum: 192]
      [Scan RS (ms): Min: 9.9, Avg: 10.6, Max: 11.3, Diff: 1.4, Sum: 137.5]
      [Code Root Scanning (ms): Min: 0.0, Avg: 0.0, Max: 0.0, Diff: 0.0, Sum: 0.0]
      [Object Copy (ms): Min: 81.5, Avg: 81.9, Max: 82.6, Diff: 1.0, Sum: 1064.4]
      [Termination (ms): Min: 0.0, Avg: 0.0, Max: 0.0, Diff: 0.0, Sum: 0.2]
      [GC Worker Other (ms): Min: 0.0, Avg: 0.0, Max: 0.1, Diff: 0.1, Sum: 0.5]
      [GC Worker Total (ms): Min: 99.3, Avg: 99.4, Max: 99.4, Diff: 0.1, Sum: 1292.1]
      [GC Worker End (ms): Min: 32655.0, Avg: 32655.0, Max: 32655.0, Diff: 0.1]
   [Code Root Fixup: 0.3 ms]
   [Code Root Migration: 0.0 ms]
   [Clear CT: 1.2 ms]
   [Other: 10.6 ms]
      [Choose CSet: 0.0 ms]
      [Ref Proc: 6.8 ms]
      [Ref Enq: 0.7 ms]
      [Free CSet: 0.6 ms]
   [Eden: 1056.0M(1056.0M)->0.0B(1056.0M) Survivors: 160.0M->160.0M Heap: 5665.2M(24.0G)->4865.2M(24.0G)]
 [Times: user=1.25 sys=0.05, real=0.12 secs] 
2014-04-09T14:02:17.630+0900: 33.546: [GC pause (G1 Evacuation Pause) (young), 0.1128533 secs]
   [Parallel Time: 100.5 ms, GC Workers: 13]
      [GC Worker Start (ms): Min: 33546.1, Avg: 33546.1, Max: 33546.2, Diff: 0.1]
      [Ext Root Scanning (ms): Min: 1.1, Avg: 1.4, Max: 1.9, Diff: 0.8, Sum: 18.7]
      [Update RS (ms): Min: 4.8, Avg: 5.3, Max: 6.3, Diff: 1.6, Sum: 69.2]
         [Processed Buffers: Min: 5, Avg: 15.2, Max: 27, Diff: 22, Sum: 198]
      [Scan RS (ms): Min: 9.6, Avg: 10.8, Max: 11.3, Diff: 1.6, Sum: 140.0]
      [Code Root Scanning (ms): Min: 0.0, Avg: 0.0, Max: 0.0, Diff: 0.0, Sum: 0.0]
      [Object Copy (ms): Min: 82.3, Avg: 82.5, Max: 82.9, Diff: 0.6, Sum: 1072.5]
      [Termination (ms): Min: 0.0, Avg: 0.1, Max: 0.2, Diff: 0.2, Sum: 1.9]
      [GC Worker Other (ms): Min: 0.0, Avg: 0.0, Max: 0.1, Diff: 0.1, Sum: 0.6]
      [GC Worker Total (ms): Min: 100.2, Avg: 100.2, Max: 100.3, Diff: 0.1, Sum: 1302.8]
      [GC Worker End (ms): Min: 33646.3, Avg: 33646.3, Max: 33646.4, Diff: 0.1]
   [Code Root Fixup: 0.3 ms]
   [Code Root Migration: 0.0 ms]
   [Clear CT: 1.2 ms]
   [Other: 10.8 ms]
      [Choose CSet: 0.0 ms]
      [Ref Proc: 7.0 ms]
      [Ref Enq: 0.7 ms]
      [Free CSet: 0.6 ms]
   [Eden: 1056.0M(1056.0M)->0.0B(1056.0M) Survivors: 160.0M->160.0M Heap: 5921.2M(24.0G)->5129.2M(24.0G)]
 [Times: user=1.26 sys=0.06, real=0.12 secs] 
2014-04-09T14:02:18.653+0900: 34.568: [GC pause (G1 Evacuation Pause) (young), 0.1114286 secs]
   [Parallel Time: 99.5 ms, GC Workers: 13]
      [GC Worker Start (ms): Min: 34568.4, Avg: 34568.5, Max: 34568.6, Diff: 0.1]
      [Ext Root Scanning (ms): Min: 0.8, Avg: 1.4, Max: 2.0, Diff: 1.1, Sum: 18.5]
      [Update RS (ms): Min: 5.2, Avg: 5.9, Max: 6.2, Diff: 1.0, Sum: 76.2]
         [Processed Buffers: Min: 4, Avg: 14.3, Max: 23, Diff: 19, Sum: 186]
      [Scan RS (ms): Min: 10.1, Avg: 10.7, Max: 11.0, Diff: 0.8, Sum: 139.6]
      [Code Root Scanning (ms): Min: 0.0, Avg: 0.0, Max: 0.0, Diff: 0.0, Sum: 0.0]
      [Object Copy (ms): Min: 80.7, Avg: 81.0, Max: 81.8, Diff: 1.2, Sum: 1053.3]
      [Termination (ms): Min: 0.0, Avg: 0.2, Max: 0.2, Diff: 0.2, Sum: 2.6]
      [GC Worker Other (ms): Min: 0.0, Avg: 0.0, Max: 0.1, Diff: 0.0, Sum: 0.3]
      [GC Worker Total (ms): Min: 99.2, Avg: 99.3, Max: 99.3, Diff: 0.1, Sum: 1290.6]
      [GC Worker End (ms): Min: 34667.7, Avg: 34667.8, Max: 34667.8, Diff: 0.0]
   [Code Root Fixup: 0.4 ms]
   [Code Root Migration: 0.0 ms]
   [Clear CT: 1.2 ms]
   [Other: 10.3 ms]
      [Choose CSet: 0.0 ms]
      [Ref Proc: 6.4 ms]
      [Ref Enq: 0.7 ms]
      [Free CSet: 0.6 ms]
   [Eden: 1056.0M(1056.0M)->0.0B(1056.0M) Survivors: 160.0M->160.0M Heap: 6185.2M(24.0G)->5353.2M(24.0G)]
 [Times: user=1.25 sys=0.06, real=0.11 secs] 
2014-04-09T14:02:19.622+0900: 35.538: [GC pause (G1 Evacuation Pause) (young), 0.1142802 secs]
   [Parallel Time: 101.8 ms, GC Workers: 13]
      [GC Worker Start (ms): Min: 35538.0, Avg: 35538.0, Max: 35538.1, Diff: 0.1]
      [Ext Root Scanning (ms): Min: 1.0, Avg: 1.4, Max: 1.9, Diff: 0.8, Sum: 17.9]
      [Update RS (ms): Min: 6.2, Avg: 9.1, Max: 17.8, Diff: 11.6, Sum: 117.9]
         [Processed Buffers: Min: 4, Avg: 15.6, Max: 29, Diff: 25, Sum: 203]
      [Scan RS (ms): Min: 2.7, Avg: 11.5, Max: 14.8, Diff: 12.1, Sum: 149.0]
      [Code Root Scanning (ms): Min: 0.0, Avg: 0.0, Max: 0.0, Diff: 0.0, Sum: 0.0]
      [Object Copy (ms): Min: 79.2, Avg: 79.6, Max: 80.2, Diff: 1.0, Sum: 1034.8]
      [Termination (ms): Min: 0.0, Avg: 0.0, Max: 0.0, Diff: 0.0, Sum: 0.2]
      [GC Worker Other (ms): Min: 0.0, Avg: 0.0, Max: 0.1, Diff: 0.1, Sum: 0.5]
      [GC Worker Total (ms): Min: 101.5, Avg: 101.6, Max: 101.7, Diff: 0.2, Sum: 1320.3]
      [GC Worker End (ms): Min: 35639.6, Avg: 35639.6, Max: 35639.6, Diff: 0.1]
   [Code Root Fixup: 0.4 ms]
   [Code Root Migration: 0.0 ms]
   [Clear CT: 1.3 ms]
   [Other: 10.7 ms]
      [Choose CSet: 0.0 ms]
      [Ref Proc: 6.7 ms]
      [Ref Enq: 0.7 ms]
      [Free CSet: 0.6 ms]
   [Eden: 1056.0M(1056.0M)->0.0B(1056.0M) Survivors: 160.0M->160.0M Heap: 6409.2M(24.0G)->5585.2M(24.0G)]
 [Times: user=1.27 sys=0.07, real=0.11 secs] 
2014-04-09T14:02:20.593+0900: 36.509: [GC pause (G1 Evacuation Pause) (young), 0.1160176 secs]
   [Parallel Time: 103.5 ms, GC Workers: 13]
      [GC Worker Start (ms): Min: 36509.1, Avg: 36509.2, Max: 36509.3, Diff: 0.1]
      [Ext Root Scanning (ms): Min: 1.0, Avg: 1.4, Max: 2.3, Diff: 1.3, Sum: 18.4]
      [Update RS (ms): Min: 5.3, Avg: 6.2, Max: 6.7, Diff: 1.4, Sum: 80.4]
         [Processed Buffers: Min: 5, Avg: 14.7, Max: 30, Diff: 25, Sum: 191]
      [Scan RS (ms): Min: 9.3, Avg: 10.3, Max: 10.9, Diff: 1.6, Sum: 134.5]
      [Code Root Scanning (ms): Min: 0.0, Avg: 0.0, Max: 0.0, Diff: 0.0, Sum: 0.0]
      [Object Copy (ms): Min: 84.8, Avg: 85.2, Max: 86.4, Diff: 1.6, Sum: 1108.1]
      [Termination (ms): Min: 0.0, Avg: 0.0, Max: 0.0, Diff: 0.0, Sum: 0.1]
      [GC Worker Other (ms): Min: 0.0, Avg: 0.0, Max: 0.1, Diff: 0.1, Sum: 0.5]
      [GC Worker Total (ms): Min: 103.1, Avg: 103.2, Max: 103.3, Diff: 0.2, Sum: 1342.1]
      [GC Worker End (ms): Min: 36612.4, Avg: 36612.4, Max: 36612.5, Diff: 0.1]
   [Code Root Fixup: 0.4 ms]
   [Code Root Migration: 0.0 ms]
   [Clear CT: 1.4 ms]
   [Other: 10.7 ms]
      [Choose CSet: 0.0 ms]
      [Ref Proc: 6.7 ms]
      [Ref Enq: 0.7 ms]
      [Free CSet: 0.6 ms]
   [Eden: 1056.0M(1056.0M)->0.0B(1056.0M) Survivors: 160.0M->160.0M Heap: 6641.2M(24.0G)->5817.2M(24.0G)]
 [Times: user=1.30 sys=0.06, real=0.11 secs] 
2014-04-09T14:02:21.565+0900: 37.481: [GC pause (G1 Evacuation Pause) (young), 0.1097450 secs]
   [Parallel Time: 97.6 ms, GC Workers: 13]
      [GC Worker Start (ms): Min: 37481.2, Avg: 37481.3, Max: 37481.3, Diff: 0.1]
      [Ext Root Scanning (ms): Min: 0.9, Avg: 1.4, Max: 2.1, Diff: 1.2, Sum: 18.7]
      [Update RS (ms): Min: 5.3, Avg: 6.0, Max: 6.9, Diff: 1.6, Sum: 77.9]
         [Processed Buffers: Min: 6, Avg: 15.2, Max: 31, Diff: 25, Sum: 198]
      [Scan RS (ms): Min: 10.3, Avg: 11.1, Max: 11.4, Diff: 1.2, Sum: 144.7]
      [Code Root Scanning (ms): Min: 0.0, Avg: 0.0, Max: 0.0, Diff: 0.0, Sum: 0.0]
      [Object Copy (ms): Min: 78.5, Avg: 78.7, Max: 79.2, Diff: 0.7, Sum: 1023.1]
      [Termination (ms): Min: 0.0, Avg: 0.0, Max: 0.0, Diff: 0.0, Sum: 0.1]
      [GC Worker Other (ms): Min: 0.0, Avg: 0.0, Max: 0.1, Diff: 0.1, Sum: 0.5]
      [GC Worker Total (ms): Min: 97.2, Avg: 97.3, Max: 97.4, Diff: 0.1, Sum: 1265.0]
      [GC Worker End (ms): Min: 37578.6, Avg: 37578.6, Max: 37578.6, Diff: 0.1]
   [Code Root Fixup: 0.4 ms]
   [Code Root Migration: 0.0 ms]
   [Clear CT: 1.3 ms]
   [Other: 10.4 ms]
      [Choose CSet: 0.0 ms]
      [Ref Proc: 6.4 ms]
      [Ref Enq: 0.7 ms]
      [Free CSet: 0.6 ms]
   [Eden: 1056.0M(1056.0M)->0.0B(1056.0M) Survivors: 160.0M->160.0M Heap: 6873.2M(24.0G)->6065.2M(24.0G)]
 [Times: user=1.22 sys=0.06, real=0.11 secs] 
2014-04-09T14:02:22.527+0900: 38.442: [GC pause (G1 Evacuation Pause) (young), 0.1184374 secs]
   [Parallel Time: 105.2 ms, GC Workers: 13]
      [GC Worker Start (ms): Min: 38442.3, Avg: 38442.4, Max: 38442.4, Diff: 0.1]
      [Ext Root Scanning (ms): Min: 0.9, Avg: 1.4, Max: 1.7, Diff: 0.8, Sum: 17.7]
      [Update RS (ms): Min: 5.8, Avg: 7.5, Max: 16.2, Diff: 10.4, Sum: 97.4]
         [Processed Buffers: Min: 0, Avg: 15.3, Max: 34, Diff: 34, Sum: 199]
      [Scan RS (ms): Min: 2.5, Avg: 11.1, Max: 12.7, Diff: 10.2, Sum: 144.9]
      [Code Root Scanning (ms): Min: 0.0, Avg: 0.0, Max: 0.0, Diff: 0.0, Sum: 0.0]
      [Object Copy (ms): Min: 84.7, Avg: 85.0, Max: 85.6, Diff: 1.0, Sum: 1104.5]
      [Termination (ms): Min: 0.0, Avg: 0.0, Max: 0.0, Diff: 0.0, Sum: 0.0]
      [GC Worker Other (ms): Min: 0.0, Avg: 0.0, Max: 0.1, Diff: 0.1, Sum: 0.5]
      [GC Worker Total (ms): Min: 104.9, Avg: 105.0, Max: 105.1, Diff: 0.2, Sum: 1365.1]
      [GC Worker End (ms): Min: 38547.4, Avg: 38547.4, Max: 38547.4, Diff: 0.1]
   [Code Root Fixup: 0.3 ms]
   [Code Root Migration: 0.0 ms]
   [Clear CT: 1.4 ms]
   [Other: 11.4 ms]
      [Choose CSet: 0.0 ms]
      [Ref Proc: 7.2 ms]
      [Ref Enq: 0.7 ms]
      [Free CSet: 0.6 ms]
   [Eden: 1056.0M(1056.0M)->0.0B(1056.0M) Survivors: 160.0M->160.0M Heap: 7121.2M(24.0G)->6313.2M(24.0G)]
 [Times: user=1.34 sys=0.06, real=0.12 secs] 
2014-04-09T14:02:23.516+0900: 39.432: [GC pause (G1 Evacuation Pause) (young), 0.1120557 secs]
   [Parallel Time: 99.4 ms, GC Workers: 13]
      [GC Worker Start (ms): Min: 39432.1, Avg: 39432.2, Max: 39432.2, Diff: 0.1]
      [Ext Root Scanning (ms): Min: 1.0, Avg: 1.4, Max: 2.0, Diff: 1.0, Sum: 18.3]
      [Update RS (ms): Min: 5.2, Avg: 5.6, Max: 6.4, Diff: 1.2, Sum: 73.0]
         [Processed Buffers: Min: 7, Avg: 15.3, Max: 27, Diff: 20, Sum: 199]
      [Scan RS (ms): Min: 10.8, Avg: 11.4, Max: 11.8, Diff: 1.0, Sum: 148.8]
      [Code Root Scanning (ms): Min: 0.0, Avg: 0.0, Max: 0.0, Diff: 0.0, Sum: 0.0]
      [Object Copy (ms): Min: 80.5, Avg: 80.7, Max: 81.3, Diff: 0.9, Sum: 1049.3]
      [Termination (ms): Min: 0.0, Avg: 0.0, Max: 0.0, Diff: 0.0, Sum: 0.1]
      [GC Worker Other (ms): Min: 0.0, Avg: 0.1, Max: 0.1, Diff: 0.1, Sum: 0.7]
      [GC Worker Total (ms): Min: 99.1, Avg: 99.2, Max: 99.4, Diff: 0.2, Sum: 1290.2]
      [GC Worker End (ms): Min: 39531.4, Avg: 39531.4, Max: 39531.5, Diff: 0.1]
   [Code Root Fixup: 0.3 ms]
   [Code Root Migration: 0.0 ms]
   [Clear CT: 1.4 ms]
   [Other: 10.8 ms]
      [Choose CSet: 0.0 ms]
      [Ref Proc: 6.5 ms]
      [Ref Enq: 0.8 ms]
      [Free CSet: 0.7 ms]
   [Eden: 1056.0M(1056.0M)->0.0B(1056.0M) Survivors: 160.0M->160.0M Heap: 7369.2M(24.0G)->6553.2M(24.0G)]
 [Times: user=1.26 sys=0.06, real=0.11 secs] 
2014-04-09T14:02:24.508+0900: 40.423: [GC pause (G1 Evacuation Pause) (young), 0.1138756 secs]
   [Parallel Time: 100.9 ms, GC Workers: 13]
      [GC Worker Start (ms): Min: 40423.2, Avg: 40423.3, Max: 40423.4, Diff: 0.1]
      [Ext Root Scanning (ms): Min: 1.0, Avg: 1.5, Max: 2.1, Diff: 1.0, Sum: 19.2]
      [Update RS (ms): Min: 4.5, Avg: 5.5, Max: 6.2, Diff: 1.7, Sum: 71.2]
         [Processed Buffers: Min: 5, Avg: 14.5, Max: 31, Diff: 26, Sum: 189]
      [Scan RS (ms): Min: 11.1, Avg: 11.7, Max: 12.4, Diff: 1.3, Sum: 152.7]
      [Code Root Scanning (ms): Min: 0.0, Avg: 0.0, Max: 0.0, Diff: 0.0, Sum: 0.0]
      [Object Copy (ms): Min: 81.6, Avg: 81.8, Max: 82.4, Diff: 0.7, Sum: 1063.7]
      [Termination (ms): Min: 0.0, Avg: 0.0, Max: 0.0, Diff: 0.0, Sum: 0.1]
      [GC Worker Other (ms): Min: 0.0, Avg: 0.0, Max: 0.1, Diff: 0.1, Sum: 0.5]
      [GC Worker Total (ms): Min: 100.5, Avg: 100.6, Max: 100.7, Diff: 0.2, Sum: 1307.4]
      [GC Worker End (ms): Min: 40523.9, Avg: 40523.9, Max: 40523.9, Diff: 0.1]
   [Code Root Fixup: 0.3 ms]
   [Code Root Migration: 0.0 ms]
   [Clear CT: 1.6 ms]
   [Other: 11.1 ms]
      [Choose CSet: 0.0 ms]
      [Ref Proc: 6.6 ms]
      [Ref Enq: 0.7 ms]
      [Free CSet: 0.7 ms]
   [Eden: 1056.0M(1056.0M)->0.0B(1056.0M) Survivors: 160.0M->160.0M Heap: 7609.2M(24.0G)->6801.2M(24.0G)]
 [Times: user=1.27 sys=0.06, real=0.11 secs] 
2014-04-09T14:02:25.482+0900: 41.398: [GC pause (G1 Evacuation Pause) (young), 0.1177302 secs]
   [Parallel Time: 104.0 ms, GC Workers: 13]
      [GC Worker Start (ms): Min: 41397.9, Avg: 41398.0, Max: 41398.0, Diff: 0.1]
      [Ext Root Scanning (ms): Min: 1.0, Avg: 1.4, Max: 1.7, Diff: 0.7, Sum: 18.5]
      [Update RS (ms): Min: 5.5, Avg: 5.8, Max: 6.3, Diff: 0.8, Sum: 75.2]
         [Processed Buffers: Min: 8, Avg: 14.9, Max: 26, Diff: 18, Sum: 194]
      [Scan RS (ms): Min: 11.4, Avg: 12.0, Max: 12.4, Diff: 1.0, Sum: 156.3]
      [Code Root Scanning (ms): Min: 0.0, Avg: 0.0, Max: 0.0, Diff: 0.0, Sum: 0.0]
      [Object Copy (ms): Min: 84.2, Avg: 84.3, Max: 84.7, Diff: 0.5, Sum: 1096.5]
      [Termination (ms): Min: 0.0, Avg: 0.1, Max: 0.1, Diff: 0.1, Sum: 1.4]
      [GC Worker Other (ms): Min: 0.0, Avg: 0.0, Max: 0.0, Diff: 0.0, Sum: 0.3]
      [GC Worker Total (ms): Min: 103.7, Avg: 103.7, Max: 103.8, Diff: 0.1, Sum: 1348.3]
      [GC Worker End (ms): Min: 41501.7, Avg: 41501.7, Max: 41501.7, Diff: 0.0]
   [Code Root Fixup: 0.4 ms]
   [Code Root Migration: 0.0 ms]
   [Clear CT: 1.7 ms]
   [Other: 11.6 ms]
      [Choose CSet: 0.0 ms]
      [Ref Proc: 7.0 ms]
      [Ref Enq: 0.8 ms]
      [Free CSet: 0.7 ms]
   [Eden: 1056.0M(1056.0M)->0.0B(1056.0M) Survivors: 160.0M->160.0M Heap: 7857.2M(24.0G)->7033.2M(24.0G)]
 [Times: user=1.32 sys=0.06, real=0.12 secs] 
2014-04-09T14:02:26.480+0900: 42.395: [GC pause (G1 Evacuation Pause) (young), 0.1145518 secs]
   [Parallel Time: 100.7 ms, GC Workers: 13]
      [GC Worker Start (ms): Min: 42395.6, Avg: 42395.7, Max: 42395.8, Diff: 0.1]
      [Ext Root Scanning (ms): Min: 1.3, Avg: 1.4, Max: 1.6, Diff: 0.3, Sum: 17.6]
      [Update RS (ms): Min: 4.6, Avg: 5.9, Max: 6.6, Diff: 2.0, Sum: 76.4]
         [Processed Buffers: Min: 6, Avg: 14.9, Max: 31, Diff: 25, Sum: 194]
      [Scan RS (ms): Min: 11.4, Avg: 12.1, Max: 12.5, Diff: 1.1, Sum: 156.7]
      [Code Root Scanning (ms): Min: 0.0, Avg: 0.0, Max: 0.0, Diff: 0.0, Sum: 0.0]
      [Object Copy (ms): Min: 80.6, Avg: 81.1, Max: 81.6, Diff: 1.0, Sum: 1054.7]
      [Termination (ms): Min: 0.0, Avg: 0.0, Max: 0.0, Diff: 0.0, Sum: 0.0]
      [GC Worker Other (ms): Min: 0.0, Avg: 0.0, Max: 0.1, Diff: 0.0, Sum: 0.5]
      [GC Worker Total (ms): Min: 100.4, Avg: 100.5, Max: 100.5, Diff: 0.1, Sum: 1306.0]
      [GC Worker End (ms): Min: 42496.2, Avg: 42496.2, Max: 42496.2, Diff: 0.1]
   [Code Root Fixup: 0.4 ms]
   [Code Root Migration: 0.0 ms]
   [Clear CT: 1.7 ms]
   [Other: 11.7 ms]
      [Choose CSet: 0.0 ms]
      [Ref Proc: 7.0 ms]
      [Ref Enq: 0.8 ms]
      [Free CSet: 0.7 ms]
   [Eden: 1056.0M(1056.0M)->0.0B(1056.0M) Survivors: 160.0M->160.0M Heap: 8089.2M(24.0G)->7273.2M(24.0G)]
 [Times: user=1.28 sys=0.06, real=0.12 secs] 
2014-04-09T14:02:27.472+0900: 43.387: [GC pause (G1 Evacuation Pause) (young), 0.1147057 secs]
   [Parallel Time: 101.0 ms, GC Workers: 13]
      [GC Worker Start (ms): Min: 43387.5, Avg: 43387.5, Max: 43387.6, Diff: 0.1]
      [Ext Root Scanning (ms): Min: 0.9, Avg: 1.4, Max: 2.0, Diff: 1.1, Sum: 18.4]
      [Update RS (ms): Min: 4.7, Avg: 5.3, Max: 5.6, Diff: 0.9, Sum: 68.3]
         [Processed Buffers: Min: 9, Avg: 14.8, Max: 30, Diff: 21, Sum: 192]
      [Scan RS (ms): Min: 11.9, Avg: 12.2, Max: 12.5, Diff: 0.6, Sum: 158.8]
      [Code Root Scanning (ms): Min: 0.0, Avg: 0.0, Max: 0.0, Diff: 0.0, Sum: 0.0]
      [Object Copy (ms): Min: 81.0, Avg: 81.5, Max: 81.8, Diff: 0.9, Sum: 1059.1]
      [Termination (ms): Min: 0.0, Avg: 0.4, Max: 0.4, Diff: 0.4, Sum: 5.2]
      [GC Worker Other (ms): Min: 0.0, Avg: 0.0, Max: 0.1, Diff: 0.1, Sum: 0.5]
      [GC Worker Total (ms): Min: 100.7, Avg: 100.8, Max: 100.8, Diff: 0.1, Sum: 1310.3]
      [GC Worker End (ms): Min: 43488.3, Avg: 43488.3, Max: 43488.4, Diff: 0.1]
   [Code Root Fixup: 0.4 ms]
   [Code Root Migration: 0.0 ms]
   [Clear CT: 1.6 ms]
   [Other: 11.6 ms]
      [Choose CSet: 0.0 ms]
      [Ref Proc: 6.9 ms]
      [Ref Enq: 0.8 ms]
      [Free CSet: 0.7 ms]
   [Eden: 1056.0M(1056.0M)->0.0B(1056.0M) Survivors: 160.0M->160.0M Heap: 8329.2M(24.0G)->7505.2M(24.0G)]
 [Times: user=1.27 sys=0.06, real=0.12 secs] 
2014-04-09T14:02:28.466+0900: 44.381: [GC pause (G1 Evacuation Pause) (young), 0.1190688 secs]
   [Parallel Time: 105.3 ms, GC Workers: 13]
      [GC Worker Start (ms): Min: 44381.5, Avg: 44381.5, Max: 44381.6, Diff: 0.1]
      [Ext Root Scanning (ms): Min: 0.9, Avg: 1.3, Max: 1.8, Diff: 0.8, Sum: 17.5]
      [Update RS (ms): Min: 5.0, Avg: 5.8, Max: 6.5, Diff: 1.5, Sum: 75.5]
         [Processed Buffers: Min: 6, Avg: 14.3, Max: 27, Diff: 21, Sum: 186]
      [Scan RS (ms): Min: 11.7, Avg: 12.1, Max: 12.6, Diff: 0.9, Sum: 157.9]
      [Code Root Scanning (ms): Min: 0.0, Avg: 0.0, Max: 0.0, Diff: 0.0, Sum: 0.0]
      [Object Copy (ms): Min: 85.3, Avg: 85.7, Max: 86.6, Diff: 1.3, Sum: 1113.7]
      [Termination (ms): Min: 0.0, Avg: 0.0, Max: 0.0, Diff: 0.0, Sum: 0.1]
      [GC Worker Other (ms): Min: 0.0, Avg: 0.0, Max: 0.1, Diff: 0.1, Sum: 0.5]
      [GC Worker Total (ms): Min: 105.0, Avg: 105.0, Max: 105.1, Diff: 0.1, Sum: 1365.2]
      [GC Worker End (ms): Min: 44486.5, Avg: 44486.5, Max: 44486.6, Diff: 0.1]
   [Code Root Fixup: 0.4 ms]
   [Code Root Migration: 0.0 ms]
   [Clear CT: 1.8 ms]
   [Other: 11.6 ms]
      [Choose CSet: 0.0 ms]
      [Ref Proc: 6.8 ms]
      [Ref Enq: 0.8 ms]
      [Free CSet: 0.7 ms]
   [Eden: 1056.0M(1056.0M)->0.0B(1056.0M) Survivors: 160.0M->160.0M Heap: 8561.2M(24.0G)->7745.2M(24.0G)]
 [Times: user=1.33 sys=0.06, real=0.12 secs] 
2014-04-09T14:02:29.456+0900: 45.371: [GC pause (G1 Evacuation Pause) (young) (initial-mark), 0.1184976 secs]
   [Parallel Time: 104.1 ms, GC Workers: 13]
      [GC Worker Start (ms): Min: 45371.9, Avg: 45372.0, Max: 45372.1, Diff: 0.1]
      [Ext Root Scanning (ms): Min: 0.9, Avg: 1.4, Max: 3.3, Diff: 2.4, Sum: 17.7]
      [Code Root Marking (ms): Min: 0.0, Avg: 0.7, Max: 6.4, Diff: 6.3, Sum: 8.9]
      [Update RS (ms): Min: 0.0, Avg: 4.9, Max: 6.2, Diff: 6.2, Sum: 63.3]
         [Processed Buffers: Min: 0, Avg: 14.2, Max: 25, Diff: 25, Sum: 184]
      [Scan RS (ms): Min: 11.7, Avg: 12.4, Max: 12.8, Diff: 1.0, Sum: 161.3]
      [Code Root Scanning (ms): Min: 0.0, Avg: 0.0, Max: 0.0, Diff: 0.0, Sum: 0.0]
      [Object Copy (ms): Min: 83.9, Avg: 84.1, Max: 84.5, Diff: 0.6, Sum: 1093.5]
      [Termination (ms): Min: 0.0, Avg: 0.4, Max: 0.4, Diff: 0.4, Sum: 4.7]
      [GC Worker Other (ms): Min: 0.0, Avg: 0.0, Max: 0.0, Diff: 0.0, Sum: 0.3]
      [GC Worker Total (ms): Min: 103.8, Avg: 103.8, Max: 103.9, Diff: 0.2, Sum: 1349.7]
      [GC Worker End (ms): Min: 45475.8, Avg: 45475.8, Max: 45475.9, Diff: 0.0]
   [Code Root Fixup: 0.4 ms]
   [Code Root Migration: 0.0 ms]
   [Clear CT: 1.8 ms]
   [Other: 12.2 ms]
      [Choose CSet: 0.0 ms]
      [Ref Proc: 6.9 ms]
      [Ref Enq: 0.8 ms]
      [Free CSet: 0.7 ms]
   [Eden: 1056.0M(1056.0M)->0.0B(1056.0M) Survivors: 160.0M->160.0M Heap: 8801.2M(24.0G)->7977.2M(24.0G)]
 [Times: user=1.32 sys=0.06, real=0.12 secs] 
2014-04-09T14:02:29.575+0900: 45.490: [GC concurrent-root-region-scan-start]
2014-04-09T14:02:29.621+0900: 45.536: [GC concurrent-root-region-scan-end, 0.0459902 secs]
2014-04-09T14:02:29.621+0900: 45.536: [GC concurrent-mark-start]
2014-04-09T14:02:30.775+0900: 46.691: [GC pause (G1 Evacuation Pause) (young), 0.1138066 secs]
   [Parallel Time: 100.1 ms, GC Workers: 13]
      [GC Worker Start (ms): Min: 46691.1, Avg: 46691.1, Max: 46691.2, Diff: 0.1]
      [Ext Root Scanning (ms): Min: 1.0, Avg: 1.4, Max: 1.9, Diff: 0.9, Sum: 18.4]
      [SATB Filtering (ms): Min: 0.0, Avg: 0.2, Max: 2.6, Diff: 2.6, Sum: 2.6]
      [Update RS (ms): Min: 2.9, Avg: 4.9, Max: 5.5, Diff: 2.6, Sum: 63.4]
         [Processed Buffers: Min: 3, Avg: 14.8, Max: 30, Diff: 27, Sum: 192]
      [Scan RS (ms): Min: 10.9, Avg: 11.4, Max: 12.0, Diff: 1.1, Sum: 148.5]
      [Code Root Scanning (ms): Min: 0.0, Avg: 0.0, Max: 0.0, Diff: 0.0, Sum: 0.0]
      [Object Copy (ms): Min: 81.6, Avg: 81.8, Max: 82.4, Diff: 0.8, Sum: 1063.7]
      [Termination (ms): Min: 0.0, Avg: 0.0, Max: 0.0, Diff: 0.0, Sum: 0.4]
      [GC Worker Other (ms): Min: 0.0, Avg: 0.0, Max: 0.1, Diff: 0.1, Sum: 0.5]
      [GC Worker Total (ms): Min: 99.7, Avg: 99.8, Max: 99.9, Diff: 0.1, Sum: 1297.5]
      [GC Worker End (ms): Min: 46790.9, Avg: 46790.9, Max: 46791.0, Diff: 0.1]
   [Code Root Fixup: 0.4 ms]
   [Code Root Migration: 0.0 ms]
   [Clear CT: 1.8 ms]
   [Other: 11.6 ms]
      [Choose CSet: 0.0 ms]
      [Ref Proc: 6.7 ms]
      [Ref Enq: 0.7 ms]
      [Free CSet: 0.7 ms]
   [Eden: 1056.0M(1056.0M)->0.0B(1056.0M) Survivors: 160.0M->160.0M Heap: 9033.2M(24.0G)->8233.2M(24.0G)]
 [Times: user=1.27 sys=0.05, real=0.11 secs] 
2014-04-09T14:02:30.921+0900: 46.836: [GC concurrent-mark-end, 1.3000231 secs]
2014-04-09T14:02:30.922+0900: 46.838: [GC remark 46.839: [GC ref-proc, 0.0137815 secs], 0.0327082 secs]
 [Times: user=0.17 sys=0.01, real=0.04 secs] 
2014-04-09T14:02:30.957+0900: 46.873: [GC cleanup 8263M->8247M(24G), 0.0143479 secs]
 [Times: user=0.17 sys=0.00, real=0.01 secs] 
2014-04-09T14:02:30.972+0900: 46.888: [GC concurrent-cleanup-start]
2014-04-09T14:02:30.972+0900: 46.888: [GC concurrent-cleanup-end, 0.0000524 secs]
2014-04-09T14:02:31.868+0900: 47.784: [GC pause (G1 Evacuation Pause) (young), 0.2401631 secs]
   [Parallel Time: 226.4 ms, GC Workers: 13]
      [GC Worker Start (ms): Min: 47784.0, Avg: 47784.1, Max: 47784.1, Diff: 0.1]
      [Ext Root Scanning (ms): Min: 1.0, Avg: 1.4, Max: 1.8, Diff: 0.9, Sum: 17.9]
      [Update RS (ms): Min: 9.6, Avg: 10.1, Max: 11.3, Diff: 1.7, Sum: 131.7]
         [Processed Buffers: Min: 4, Avg: 17.2, Max: 29, Diff: 25, Sum: 223]
      [Scan RS (ms): Min: 44.1, Avg: 45.4, Max: 46.8, Diff: 2.7, Sum: 590.8]
      [Code Root Scanning (ms): Min: 0.0, Avg: 0.0, Max: 0.0, Diff: 0.0, Sum: 0.1]
      [Object Copy (ms): Min: 167.6, Avg: 168.6, Max: 169.6, Diff: 2.0, Sum: 2192.0]
      [Termination (ms): Min: 0.1, Avg: 0.6, Max: 0.8, Diff: 0.7, Sum: 8.3]
      [GC Worker Other (ms): Min: 0.0, Avg: 0.0, Max: 0.0, Diff: 0.0, Sum: 0.3]
      [GC Worker Total (ms): Min: 226.2, Avg: 226.2, Max: 226.3, Diff: 0.2, Sum: 2941.1]
      [GC Worker End (ms): Min: 48010.3, Avg: 48010.3, Max: 48010.3, Diff: 0.1]
   [Code Root Fixup: 0.4 ms]
   [Code Root Migration: 0.0 ms]
   [Clear CT: 1.9 ms]
   [Other: 11.4 ms]
      [Choose CSet: 0.0 ms]
      [Ref Proc: 6.9 ms]
      [Ref Enq: 0.7 ms]
      [Free CSet: 0.7 ms]
   [Eden: 1056.0M(1056.0M)->0.0B(1056.0M) Survivors: 160.0M->160.0M Heap: 9273.2M(24.0G)->8481.2M(24.0G)]
 [Times: user=2.57 sys=0.09, real=0.24 secs] 
2014-04-09T14:02:32.985+0900: 48.900: [GC pause (G1 Evacuation Pause) (mixed), 0.1645519 secs]
   [Parallel Time: 147.2 ms, GC Workers: 13]
      [GC Worker Start (ms): Min: 48900.9, Avg: 48901.0, Max: 48901.1, Diff: 0.1]
      [Ext Root Scanning (ms): Min: 1.0, Avg: 1.5, Max: 2.5, Diff: 1.5, Sum: 18.9]
      [Update RS (ms): Min: 2.1, Avg: 3.0, Max: 3.8, Diff: 1.7, Sum: 38.6]
         [Processed Buffers: Min: 6, Avg: 14.7, Max: 23, Diff: 17, Sum: 191]
      [Scan RS (ms): Min: 21.1, Avg: 21.8, Max: 22.0, Diff: 1.0, Sum: 283.2]
      [Code Root Scanning (ms): Min: 0.0, Avg: 0.0, Max: 0.2, Diff: 0.2, Sum: 0.2]
      [Object Copy (ms): Min: 119.6, Avg: 120.1, Max: 121.2, Diff: 1.6, Sum: 1561.0]
      [Termination (ms): Min: 0.0, Avg: 0.6, Max: 0.7, Diff: 0.7, Sum: 7.5]
      [GC Worker Other (ms): Min: 0.0, Avg: 0.0, Max: 0.1, Diff: 0.1, Sum: 0.5]
      [GC Worker Total (ms): Min: 146.8, Avg: 146.9, Max: 147.0, Diff: 0.2, Sum: 1909.8]
      [GC Worker End (ms): Min: 49047.9, Avg: 49047.9, Max: 49047.9, Diff: 0.1]
   [Code Root Fixup: 0.5 ms]
   [Code Root Migration: 0.4 ms]
   [Clear CT: 2.5 ms]
   [Other: 14.0 ms]
      [Choose CSet: 0.2 ms]
      [Ref Proc: 7.9 ms]
      [Ref Enq: 1.2 ms]
      [Free CSet: 1.3 ms]
   [Eden: 1056.0M(1056.0M)->0.0B(1056.0M) Survivors: 160.0M->160.0M Heap: 9537.2M(24.0G)->8048.0M(24.0G)]
 [Times: user=1.89 sys=0.06, real=0.16 secs] 
2014-04-09T14:02:34.089+0900: 50.005: [GC pause (G1 Evacuation Pause) (mixed), 0.1319598 secs]
   [Parallel Time: 115.1 ms, GC Workers: 13]
      [GC Worker Start (ms): Min: 50005.3, Avg: 50005.4, Max: 50005.4, Diff: 0.1]
      [Ext Root Scanning (ms): Min: 1.3, Avg: 1.4, Max: 2.0, Diff: 0.7, Sum: 18.4]
      [Update RS (ms): Min: 5.5, Avg: 5.9, Max: 6.4, Diff: 0.9, Sum: 76.8]
         [Processed Buffers: Min: 7, Avg: 15.2, Max: 24, Diff: 17, Sum: 198]
      [Scan RS (ms): Min: 17.8, Avg: 18.2, Max: 18.6, Diff: 0.8, Sum: 236.9]
      [Code Root Scanning (ms): Min: 0.0, Avg: 0.0, Max: 0.0, Diff: 0.0, Sum: 0.0]
      [Object Copy (ms): Min: 89.2, Avg: 89.3, Max: 89.4, Diff: 0.2, Sum: 1161.0]
      [Termination (ms): Min: 0.0, Avg: 0.0, Max: 0.0, Diff: 0.0, Sum: 0.1]
      [GC Worker Other (ms): Min: 0.0, Avg: 0.0, Max: 0.1, Diff: 0.1, Sum: 0.5]
      [GC Worker Total (ms): Min: 114.8, Avg: 114.9, Max: 115.0, Diff: 0.2, Sum: 1493.7]
      [GC Worker End (ms): Min: 50120.2, Avg: 50120.3, Max: 50120.3, Diff: 0.1]
   [Code Root Fixup: 0.4 ms]
   [Code Root Migration: 0.0 ms]
   [Clear CT: 2.3 ms]
   [Other: 14.0 ms]
      [Choose CSet: 0.2 ms]
      [Ref Proc: 8.1 ms]
      [Ref Enq: 1.2 ms]
      [Free CSet: 1.4 ms]
   [Eden: 1056.0M(1056.0M)->0.0B(1056.0M) Survivors: 160.0M->160.0M Heap: 9104.0M(24.0G)->7616.0M(24.0G)]
 [Times: user=1.49 sys=0.04, real=0.13 secs] 
2014-04-09T14:02:35.102+0900: 51.017: [GC pause (G1 Evacuation Pause) (mixed), 0.1305760 secs]
   [Parallel Time: 114.4 ms, GC Workers: 13]
      [GC Worker Start (ms): Min: 51017.5, Avg: 51017.5, Max: 51017.6, Diff: 0.1]
      [Ext Root Scanning (ms): Min: 1.3, Avg: 1.4, Max: 2.2, Diff: 0.9, Sum: 18.8]
      [Update RS (ms): Min: 4.1, Avg: 5.2, Max: 6.2, Diff: 2.1, Sum: 68.1]
         [Processed Buffers: Min: 2, Avg: 14.5, Max: 29, Diff: 27, Sum: 188]
      [Scan RS (ms): Min: 14.4, Avg: 15.4, Max: 15.9, Diff: 1.4, Sum: 199.7]
      [Code Root Scanning (ms): Min: 0.0, Avg: 0.0, Max: 0.0, Diff: 0.0, Sum: 0.0]
      [Object Copy (ms): Min: 91.9, Avg: 92.0, Max: 92.2, Diff: 0.3, Sum: 1196.3]
      [Termination (ms): Min: 0.0, Avg: 0.0, Max: 0.0, Diff: 0.0, Sum: 0.1]
      [GC Worker Other (ms): Min: 0.0, Avg: 0.0, Max: 0.1, Diff: 0.1, Sum: 0.5]
      [GC Worker Total (ms): Min: 114.0, Avg: 114.1, Max: 114.2, Diff: 0.2, Sum: 1483.5]
      [GC Worker End (ms): Min: 51131.6, Avg: 51131.7, Max: 51131.7, Diff: 0.1]
   [Code Root Fixup: 0.3 ms]
   [Code Root Migration: 0.0 ms]
   [Clear CT: 2.4 ms]
   [Other: 13.5 ms]
      [Choose CSet: 0.1 ms]
      [Ref Proc: 8.1 ms]
      [Ref Enq: 1.1 ms]
      [Free CSet: 1.1 ms]
   [Eden: 1056.0M(1056.0M)->0.0B(1056.0M) Survivors: 160.0M->160.0M Heap: 8672.0M(24.0G)->7568.0M(24.0G)]
 [Times: user=1.49 sys=0.03, real=0.13 secs] 
2014-04-09T14:02:36.097+0900: 52.012: [GC pause (G1 Evacuation Pause) (young), 0.1085532 secs]
   [Parallel Time: 95.6 ms, GC Workers: 13]
      [GC Worker Start (ms): Min: 52012.8, Avg: 52012.8, Max: 52012.9, Diff: 0.1]
      [Ext Root Scanning (ms): Min: 1.3, Avg: 1.4, Max: 1.6, Diff: 0.3, Sum: 18.1]
      [Update RS (ms): Min: 5.3, Avg: 5.9, Max: 6.6, Diff: 1.3, Sum: 76.6]
         [Processed Buffers: Min: 8, Avg: 16.1, Max: 24, Diff: 16, Sum: 209]
      [Scan RS (ms): Min: 10.6, Avg: 11.4, Max: 12.0, Diff: 1.4, Sum: 148.1]
      [Code Root Scanning (ms): Min: 0.0, Avg: 0.0, Max: 0.0, Diff: 0.0, Sum: 0.0]
      [Object Copy (ms): Min: 76.6, Avg: 76.8, Max: 77.0, Diff: 0.4, Sum: 998.1]
      [Termination (ms): Min: 0.0, Avg: 0.0, Max: 0.0, Diff: 0.0, Sum: 0.1]
      [GC Worker Other (ms): Min: 0.0, Avg: 0.0, Max: 0.1, Diff: 0.0, Sum: 0.4]
      [GC Worker Total (ms): Min: 95.4, Avg: 95.5, Max: 95.6, Diff: 0.2, Sum: 1241.5]
      [GC Worker End (ms): Min: 52108.3, Avg: 52108.3, Max: 52108.4, Diff: 0.0]
   [Code Root Fixup: 0.4 ms]
   [Code Root Migration: 0.0 ms]
   [Clear CT: 1.7 ms]
   [Other: 10.7 ms]
      [Choose CSet: 0.0 ms]
      [Ref Proc: 6.4 ms]
      [Ref Enq: 0.6 ms]
      [Free CSet: 0.7 ms]
   [Eden: 1056.0M(1056.0M)->0.0B(1056.0M) Survivors: 160.0M->160.0M Heap: 8624.0M(24.0G)->7808.0M(24.0G)]
 [Times: user=1.24 sys=0.03, real=0.11 secs] 
2014-04-09T14:02:37.069+0900: 52.985: [GC pause (G1 Evacuation Pause) (young) (initial-mark), 0.1160936 secs]
   [Parallel Time: 101.8 ms, GC Workers: 13]
      [GC Worker Start (ms): Min: 52985.3, Avg: 52985.4, Max: 52985.5, Diff: 0.1]
      [Ext Root Scanning (ms): Min: 1.2, Avg: 1.5, Max: 3.7, Diff: 2.6, Sum: 18.9]
      [Code Root Marking (ms): Min: 0.0, Avg: 0.5, Max: 4.4, Diff: 4.3, Sum: 6.6]
      [Update RS (ms): Min: 2.8, Avg: 5.5, Max: 6.7, Diff: 4.0, Sum: 70.9]
         [Processed Buffers: Min: 6, Avg: 14.7, Max: 28, Diff: 22, Sum: 191]
      [Scan RS (ms): Min: 10.6, Avg: 11.8, Max: 12.3, Diff: 1.7, Sum: 153.2]
      [Code Root Scanning (ms): Min: 0.0, Avg: 0.0, Max: 0.0, Diff: 0.0, Sum: 0.0]
      [Object Copy (ms): Min: 81.9, Avg: 82.3, Max: 82.9, Diff: 1.0, Sum: 1069.3]
      [Termination (ms): Min: 0.0, Avg: 0.0, Max: 0.0, Diff: 0.0, Sum: 0.1]
      [GC Worker Other (ms): Min: 0.0, Avg: 0.0, Max: 0.1, Diff: 0.1, Sum: 0.5]
      [GC Worker Total (ms): Min: 101.4, Avg: 101.5, Max: 101.6, Diff: 0.2, Sum: 1319.4]
      [GC Worker End (ms): Min: 53086.9, Avg: 53086.9, Max: 53087.0, Diff: 0.1]
   [Code Root Fixup: 0.3 ms]
   [Code Root Migration: 0.0 ms]
   [Clear CT: 2.3 ms]
   [Other: 11.7 ms]
      [Choose CSet: 0.0 ms]
      [Ref Proc: 6.9 ms]
      [Ref Enq: 0.8 ms]
      [Free CSet: 0.7 ms]
   [Eden: 1056.0M(1056.0M)->0.0B(1056.0M) Survivors: 160.0M->160.0M Heap: 8864.0M(24.0G)->8032.0M(24.0G)]
 [Times: user=1.33 sys=0.01, real=0.12 secs] 
2014-04-09T14:02:37.186+0900: 53.101: [GC concurrent-root-region-scan-start]
2014-04-09T14:02:37.236+0900: 53.152: [GC concurrent-root-region-scan-end, 0.0505137 secs]
2014-04-09T14:02:37.236+0900: 53.152: [GC concurrent-mark-start]
2014-04-09T14:02:38.349+0900: 54.264: [GC pause (G1 Evacuation Pause) (young), 0.1117081 secs]
   [Parallel Time: 98.0 ms, GC Workers: 13]
      [GC Worker Start (ms): Min: 54264.3, Avg: 54264.4, Max: 54264.5, Diff: 0.1]
      [Ext Root Scanning (ms): Min: 1.3, Avg: 1.4, Max: 1.7, Diff: 0.4, Sum: 18.0]
      [SATB Filtering (ms): Min: 0.0, Avg: 0.2, Max: 2.6, Diff: 2.6, Sum: 2.6]
      [Update RS (ms): Min: 3.0, Avg: 5.3, Max: 6.3, Diff: 3.3, Sum: 69.2]
         [Processed Buffers: Min: 5, Avg: 14.1, Max: 33, Diff: 28, Sum: 183]
      [Scan RS (ms): Min: 10.1, Avg: 10.9, Max: 11.5, Diff: 1.4, Sum: 141.4]
      [Code Root Scanning (ms): Min: 0.0, Avg: 0.0, Max: 0.0, Diff: 0.0, Sum: 0.0]
      [Object Copy (ms): Min: 79.7, Avg: 79.9, Max: 80.1, Diff: 0.4, Sum: 1038.8]
      [Termination (ms): Min: 0.0, Avg: 0.0, Max: 0.0, Diff: 0.0, Sum: 0.1]
      [GC Worker Other (ms): Min: 0.0, Avg: 0.0, Max: 0.1, Diff: 0.1, Sum: 0.5]
      [GC Worker Total (ms): Min: 97.7, Avg: 97.7, Max: 97.8, Diff: 0.1, Sum: 1270.6]
      [GC Worker End (ms): Min: 54362.1, Avg: 54362.1, Max: 54362.2, Diff: 0.1]
   [Code Root Fixup: 0.3 ms]
   [Code Root Migration: 0.0 ms]
   [Clear CT: 2.1 ms]
   [Other: 11.2 ms]
      [Choose CSet: 0.0 ms]
      [Ref Proc: 7.0 ms]
      [Ref Enq: 0.8 ms]
      [Free CSet: 0.7 ms]
   [Eden: 1056.0M(1056.0M)->0.0B(1056.0M) Survivors: 160.0M->160.0M Heap: 9088.0M(24.0G)->8264.0M(24.0G)]
 [Times: user=1.28 sys=0.01, real=0.11 secs] 
2014-04-09T14:02:38.503+0900: 54.418: [GC concurrent-mark-end, 1.2662897 secs]
2014-04-09T14:02:38.504+0900: 54.419: [GC remark 54.466: [GC ref-proc, 0.0125270 secs], 0.0785038 secs]
 [Times: user=0.78 sys=0.00, real=0.08 secs] 
2014-04-09T14:02:38.587+0900: 54.503: [GC cleanup 8330M->8330M(24G), 0.0176557 secs]
 [Times: user=0.21 sys=0.00, real=0.02 secs] 
2014-04-09T14:02:39.441+0900: 55.356: [GC pause (G1 Evacuation Pause) (young), 0.1149839 secs]
   [Parallel Time: 101.5 ms, GC Workers: 13]
      [GC Worker Start (ms): Min: 55356.9, Avg: 55356.9, Max: 55357.0, Diff: 0.1]
      [Ext Root Scanning (ms): Min: 1.3, Avg: 1.4, Max: 1.9, Diff: 0.6, Sum: 18.8]
      [Update RS (ms): Min: 4.9, Avg: 5.5, Max: 6.1, Diff: 1.2, Sum: 71.3]
         [Processed Buffers: Min: 5, Avg: 14.9, Max: 28, Diff: 23, Sum: 194]
      [Scan RS (ms): Min: 10.1, Avg: 10.6, Max: 11.2, Diff: 1.1, Sum: 137.4]
      [Code Root Scanning (ms): Min: 0.0, Avg: 0.0, Max: 0.0, Diff: 0.0, Sum: 0.0]
      [Object Copy (ms): Min: 83.5, Avg: 83.7, Max: 83.9, Diff: 0.4, Sum: 1088.6]
      [Termination (ms): Min: 0.0, Avg: 0.0, Max: 0.0, Diff: 0.0, Sum: 0.0]
      [GC Worker Other (ms): Min: 0.0, Avg: 0.0, Max: 0.1, Diff: 0.1, Sum: 0.5]
      [GC Worker Total (ms): Min: 101.2, Avg: 101.3, Max: 101.4, Diff: 0.2, Sum: 1316.6]
      [GC Worker End (ms): Min: 55458.2, Avg: 55458.2, Max: 55458.2, Diff: 0.1]
   [Code Root Fixup: 0.4 ms]
   [Code Root Migration: 0.0 ms]
   [Clear CT: 2.1 ms]
   [Other: 10.9 ms]
      [Choose CSet: 0.0 ms]
      [Ref Proc: 7.1 ms]
      [Ref Enq: 0.6 ms]
      [Free CSet: 0.7 ms]
   [Eden: 1056.0M(1056.0M)->0.0B(1056.0M) Survivors: 160.0M->160.0M Heap: 9320.0M(24.0G)->8488.0M(24.0G)]
 [Times: user=1.31 sys=0.03, real=0.12 secs] 
2014-04-09T14:02:40.418+0900: 56.333: [GC pause (G1 Evacuation Pause) (mixed), 0.1427258 secs]
   [Parallel Time: 125.9 ms, GC Workers: 13]
      [GC Worker Start (ms): Min: 56333.6, Avg: 56333.7, Max: 56333.7, Diff: 0.2]
      [Ext Root Scanning (ms): Min: 1.3, Avg: 1.4, Max: 2.0, Diff: 0.8, Sum: 18.3]
      [Update RS (ms): Min: 4.7, Avg: 5.8, Max: 6.3, Diff: 1.6, Sum: 74.9]
         [Processed Buffers: Min: 6, Avg: 14.5, Max: 25, Diff: 19, Sum: 188]
      [Scan RS (ms): Min: 17.0, Avg: 17.6, Max: 18.0, Diff: 1.0, Sum: 228.4]
      [Code Root Scanning (ms): Min: 0.0, Avg: 0.0, Max: 0.0, Diff: 0.0, Sum: 0.0]
      [Object Copy (ms): Min: 100.7, Avg: 100.8, Max: 100.9, Diff: 0.1, Sum: 1310.3]
      [Termination (ms): Min: 0.0, Avg: 0.0, Max: 0.0, Diff: 0.0, Sum: 0.3]
      [GC Worker Other (ms): Min: 0.0, Avg: 0.0, Max: 0.1, Diff: 0.1, Sum: 0.6]
      [GC Worker Total (ms): Min: 125.5, Avg: 125.6, Max: 125.7, Diff: 0.2, Sum: 1632.9]
      [GC Worker End (ms): Min: 56459.3, Avg: 56459.3, Max: 56459.3, Diff: 0.1]
   [Code Root Fixup: 0.4 ms]
   [Code Root Migration: 0.0 ms]
   [Clear CT: 2.3 ms]
   [Other: 14.1 ms]
      [Choose CSet: 0.2 ms]
      [Ref Proc: 7.9 ms]
      [Ref Enq: 1.2 ms]
      [Free CSet: 1.4 ms]
   [Eden: 1056.0M(1056.0M)->0.0B(1056.0M) Survivors: 160.0M->160.0M Heap: 9544.0M(24.0G)->8104.0M(24.0G)]
 [Times: user=1.62 sys=0.05, real=0.14 secs] 
2014-04-09T14:02:41.418+0900: 57.333: [GC pause (G1 Evacuation Pause) (mixed), 0.1381485 secs]
   [Parallel Time: 121.9 ms, GC Workers: 13]
      [GC Worker Start (ms): Min: 57333.4, Avg: 57333.5, Max: 57333.6, Diff: 0.1]
      [Ext Root Scanning (ms): Min: 1.0, Avg: 1.5, Max: 2.4, Diff: 1.4, Sum: 18.9]
      [Update RS (ms): Min: 4.1, Avg: 5.3, Max: 6.1, Diff: 2.1, Sum: 68.3]
         [Processed Buffers: Min: 6, Avg: 15.4, Max: 26, Diff: 20, Sum: 200]
      [Scan RS (ms): Min: 18.4, Avg: 19.4, Max: 19.9, Diff: 1.5, Sum: 252.0]
      [Code Root Scanning (ms): Min: 0.0, Avg: 0.0, Max: 0.0, Diff: 0.0, Sum: 0.0]
      [Object Copy (ms): Min: 95.3, Avg: 95.6, Max: 96.0, Diff: 0.7, Sum: 1242.4]
      [Termination (ms): Min: 0.0, Avg: 0.0, Max: 0.0, Diff: 0.0, Sum: 0.1]
      [GC Worker Other (ms): Min: 0.0, Avg: 0.0, Max: 0.1, Diff: 0.0, Sum: 0.4]
      [GC Worker Total (ms): Min: 121.6, Avg: 121.7, Max: 121.8, Diff: 0.1, Sum: 1582.1]
      [GC Worker End (ms): Min: 57455.2, Avg: 57455.2, Max: 57455.2, Diff: 0.0]
   [Code Root Fixup: 0.4 ms]
   [Code Root Migration: 0.0 ms]
   [Clear CT: 2.3 ms]
   [Other: 13.4 ms]
      [Choose CSet: 0.1 ms]
      [Ref Proc: 7.5 ms]
      [Ref Enq: 0.9 ms]
      [Free CSet: 1.1 ms]
   [Eden: 1056.0M(1056.0M)->0.0B(1056.0M) Survivors: 160.0M->160.0M Heap: 9160.0M(24.0G)->8040.0M(24.0G)]
 [Times: user=1.57 sys=0.04, real=0.14 secs] 
2014-04-09T14:02:42.442+0900: 58.358: [GC pause (G1 Evacuation Pause) (young), 0.1159788 secs]
   [Parallel Time: 101.9 ms, GC Workers: 13]
      [GC Worker Start (ms): Min: 58358.0, Avg: 58358.1, Max: 58358.2, Diff: 0.1]
      [Ext Root Scanning (ms): Min: 1.3, Avg: 1.5, Max: 2.0, Diff: 0.6, Sum: 19.0]
      [Update RS (ms): Min: 5.3, Avg: 5.8, Max: 6.2, Diff: 0.9, Sum: 75.1]
         [Processed Buffers: Min: 6, Avg: 15.1, Max: 34, Diff: 28, Sum: 196]
      [Scan RS (ms): Min: 10.8, Avg: 11.4, Max: 11.7, Diff: 0.9, Sum: 148.1]
      [Code Root Scanning (ms): Min: 0.0, Avg: 0.0, Max: 0.0, Diff: 0.0, Sum: 0.0]
      [Object Copy (ms): Min: 82.7, Avg: 83.0, Max: 83.2, Diff: 0.6, Sum: 1078.5]
      [Termination (ms): Min: 0.0, Avg: 0.0, Max: 0.0, Diff: 0.0, Sum: 0.1]
      [GC Worker Other (ms): Min: 0.0, Avg: 0.0, Max: 0.1, Diff: 0.1, Sum: 0.6]
      [GC Worker Total (ms): Min: 101.6, Avg: 101.6, Max: 101.7, Diff: 0.2, Sum: 1321.4]
      [GC Worker End (ms): Min: 58459.7, Avg: 58459.7, Max: 58459.8, Diff: 0.1]
   [Code Root Fixup: 0.3 ms]
   [Code Root Migration: 0.0 ms]
   [Clear CT: 2.2 ms]
   [Other: 11.4 ms]
      [Choose CSet: 0.0 ms]
      [Ref Proc: 6.9 ms]
      [Ref Enq: 0.7 ms]
      [Free CSet: 0.7 ms]
   [Eden: 1056.0M(1056.0M)->0.0B(1056.0M) Survivors: 160.0M->160.0M Heap: 9096.0M(24.0G)->8272.0M(24.0G)]
 [Times: user=1.34 sys=0.02, real=0.12 secs] 
2014-04-09T14:02:43.408+0900: 59.324: [GC pause (G1 Evacuation Pause) (young) (initial-mark), 0.1124891 secs]
   [Parallel Time: 97.8 ms, GC Workers: 13]
      [GC Worker Start (ms): Min: 59324.0, Avg: 59324.1, Max: 59324.2, Diff: 0.1]
      [Ext Root Scanning (ms): Min: 1.1, Avg: 1.4, Max: 3.1, Diff: 2.0, Sum: 17.8]
      [Code Root Marking (ms): Min: 0.0, Avg: 0.5, Max: 4.5, Diff: 4.5, Sum: 7.0]
      [Update RS (ms): Min: 1.0, Avg: 4.8, Max: 5.9, Diff: 4.9, Sum: 62.4]
         [Processed Buffers: Min: 7, Avg: 15.2, Max: 24, Diff: 17, Sum: 197]
      [Scan RS (ms): Min: 11.7, Avg: 12.4, Max: 12.6, Diff: 0.9, Sum: 160.6]
      [Code Root Scanning (ms): Min: 0.0, Avg: 0.0, Max: 0.0, Diff: 0.0, Sum: 0.0]
      [Object Copy (ms): Min: 78.1, Avg: 78.4, Max: 78.7, Diff: 0.7, Sum: 1019.4]
      [Termination (ms): Min: 0.0, Avg: 0.0, Max: 0.0, Diff: 0.0, Sum: 0.1]
      [GC Worker Other (ms): Min: 0.0, Avg: 0.0, Max: 0.1, Diff: 0.1, Sum: 0.5]
      [GC Worker Total (ms): Min: 97.4, Avg: 97.5, Max: 97.6, Diff: 0.2, Sum: 1267.8]
      [GC Worker End (ms): Min: 59421.6, Avg: 59421.6, Max: 59421.7, Diff: 0.1]
   [Code Root Fixup: 0.4 ms]
   [Code Root Migration: 0.0 ms]
   [Clear CT: 2.2 ms]
   [Other: 12.1 ms]
      [Choose CSet: 0.0 ms]
      [Ref Proc: 7.3 ms]
      [Ref Enq: 0.8 ms]
      [Free CSet: 0.7 ms]
   [Eden: 1056.0M(1056.0M)->0.0B(1056.0M) Survivors: 160.0M->160.0M Heap: 9328.0M(24.0G)->8504.0M(24.0G)]
 [Times: user=1.28 sys=0.02, real=0.11 secs] 
2014-04-09T14:02:43.521+0900: 59.436: [GC concurrent-root-region-scan-start]
2014-04-09T14:02:43.556+0900: 59.472: [GC concurrent-root-region-scan-end, 0.0353359 secs]
2014-04-09T14:02:43.556+0900: 59.472: [GC concurrent-mark-start]
2014-04-09T14:02:44.680+0900: 60.595: [GC pause (G1 Evacuation Pause) (young), 0.1144573 secs]
   [Parallel Time: 100.5 ms, GC Workers: 13]
      [GC Worker Start (ms): Min: 60595.8, Avg: 60595.9, Max: 60596.0, Diff: 0.1]
      [Ext Root Scanning (ms): Min: 1.3, Avg: 1.4, Max: 1.8, Diff: 0.6, Sum: 18.3]
      [SATB Filtering (ms): Min: 0.0, Avg: 0.2, Max: 2.5, Diff: 2.5, Sum: 2.5]
      [Update RS (ms): Min: 3.2, Avg: 7.5, Max: 30.9, Diff: 27.7, Sum: 97.8]
         [Processed Buffers: Min: 1, Avg: 13.6, Max: 31, Diff: 30, Sum: 177]
      [Scan RS (ms): Min: 0.0, Avg: 10.9, Max: 12.2, Diff: 12.2, Sum: 141.3]
      [Code Root Scanning (ms): Min: 0.0, Avg: 0.0, Max: 0.0, Diff: 0.0, Sum: 0.0]
      [Object Copy (ms): Min: 67.9, Avg: 80.2, Max: 81.3, Diff: 13.4, Sum: 1042.3]
      [Termination (ms): Min: 0.0, Avg: 0.0, Max: 0.0, Diff: 0.0, Sum: 0.1]
      [GC Worker Other (ms): Min: 0.0, Avg: 0.0, Max: 0.1, Diff: 0.1, Sum: 0.5]
      [GC Worker Total (ms): Min: 100.1, Avg: 100.2, Max: 100.3, Diff: 0.1, Sum: 1302.7]
      [GC Worker End (ms): Min: 60696.1, Avg: 60696.1, Max: 60696.2, Diff: 0.1]
   [Code Root Fixup: 0.4 ms]
   [Code Root Migration: 0.0 ms]
   [Clear CT: 2.4 ms]
   [Other: 11.1 ms]
      [Choose CSet: 0.0 ms]
      [Ref Proc: 6.6 ms]
      [Ref Enq: 0.7 ms]
      [Free CSet: 0.7 ms]
   [Eden: 1056.0M(1056.0M)->0.0B(1056.0M) Survivors: 160.0M->160.0M Heap: 9560.0M(24.0G)->8752.0M(24.0G)]
 [Times: user=1.33 sys=0.01, real=0.11 secs] 
2014-04-09T14:02:44.884+0900: 60.800: [GC concurrent-mark-end, 1.3281084 secs]
2014-04-09T14:02:44.901+0900: 60.817: [GC remark 60.864: [GC ref-proc, 0.0129235 secs], 0.0823562 secs]
 [Times: user=0.82 sys=0.00, real=0.08 secs] 
2014-04-09T14:02:44.986+0900: 60.901: [GC cleanup 8848M->8848M(24G), 0.0187864 secs]
 [Times: user=0.23 sys=0.00, real=0.01 secs] 
2014-04-09T14:02:45.800+0900: 61.716: [GC pause (G1 Evacuation Pause) (young), 0.1198159 secs]
   [Parallel Time: 105.4 ms, GC Workers: 13]
      [GC Worker Start (ms): Min: 61715.9, Avg: 61716.0, Max: 61716.1, Diff: 0.1]
      [Ext Root Scanning (ms): Min: 1.3, Avg: 1.4, Max: 1.7, Diff: 0.5, Sum: 18.0]
      [Update RS (ms): Min: 5.5, Avg: 7.2, Max: 24.0, Diff: 18.5, Sum: 94.1]
         [Processed Buffers: Min: 11, Avg: 16.1, Max: 22, Diff: 11, Sum: 209]
      [Scan RS (ms): Min: 0.0, Avg: 11.2, Max: 12.4, Diff: 12.4, Sum: 145.5]
      [Code Root Scanning (ms): Min: 0.0, Avg: 0.0, Max: 0.0, Diff: 0.0, Sum: 0.0]
      [Object Copy (ms): Min: 79.7, Avg: 85.3, Max: 85.9, Diff: 6.2, Sum: 1108.5]
      [Termination (ms): Min: 0.0, Avg: 0.0, Max: 0.0, Diff: 0.0, Sum: 0.1]
      [GC Worker Other (ms): Min: 0.0, Avg: 0.0, Max: 0.1, Diff: 0.1, Sum: 0.5]
      [GC Worker Total (ms): Min: 105.1, Avg: 105.1, Max: 105.2, Diff: 0.2, Sum: 1366.7]
      [GC Worker End (ms): Min: 61821.1, Avg: 61821.1, Max: 61821.2, Diff: 0.1]
   [Code Root Fixup: 0.4 ms]
   [Code Root Migration: 0.0 ms]
   [Clear CT: 2.1 ms]
   [Other: 11.9 ms]
      [Choose CSet: 0.0 ms]
      [Ref Proc: 7.4 ms]
      [Ref Enq: 0.8 ms]
      [Free CSet: 0.7 ms]
   [Eden: 1056.0M(1056.0M)->0.0B(1056.0M) Survivors: 160.0M->160.0M Heap: 9808.0M(24.0G)->9016.0M(24.0G)]
 [Times: user=1.34 sys=0.06, real=0.12 secs] 
2014-04-09T14:02:46.798+0900: 62.713: [GC pause (G1 Evacuation Pause) (mixed), 0.1463342 secs]
   [Parallel Time: 127.9 ms, GC Workers: 13]
      [GC Worker Start (ms): Min: 62713.9, Avg: 62714.0, Max: 62714.0, Diff: 0.1]
      [Ext Root Scanning (ms): Min: 1.0, Avg: 1.4, Max: 2.0, Diff: 1.1, Sum: 18.8]
      [Update RS (ms): Min: 4.6, Avg: 5.4, Max: 6.3, Diff: 1.7, Sum: 70.2]
         [Processed Buffers: Min: 8, Avg: 14.2, Max: 25, Diff: 17, Sum: 184]
      [Scan RS (ms): Min: 23.1, Avg: 24.0, Max: 24.3, Diff: 1.2, Sum: 311.9]
      [Code Root Scanning (ms): Min: 0.0, Avg: 0.0, Max: 0.0, Diff: 0.0, Sum: 0.1]
      [Object Copy (ms): Min: 96.6, Avg: 96.8, Max: 97.2, Diff: 0.6, Sum: 1258.0]
      [Termination (ms): Min: 0.0, Avg: 0.0, Max: 0.0, Diff: 0.0, Sum: 0.0]
      [GC Worker Other (ms): Min: 0.0, Avg: 0.0, Max: 0.1, Diff: 0.0, Sum: 0.5]
      [GC Worker Total (ms): Min: 127.6, Avg: 127.6, Max: 127.7, Diff: 0.1, Sum: 1659.4]
      [GC Worker End (ms): Min: 62841.6, Avg: 62841.6, Max: 62841.6, Diff: 0.0]
   [Code Root Fixup: 0.4 ms]
   [Code Root Migration: 0.0 ms]
   [Clear CT: 2.4 ms]
   [Other: 15.5 ms]
      [Choose CSet: 0.2 ms]
      [Ref Proc: 8.0 ms]
      [Ref Enq: 1.2 ms]
      [Free CSet: 1.5 ms]
   [Eden: 1056.0M(1056.0M)->0.0B(1056.0M) Survivors: 160.0M->160.0M Heap: 10072.0M(24.0G)->8656.0M(24.0G)]
 [Times: user=1.62 sys=0.08, real=0.14 secs] 
2014-04-09T14:02:47.810+0900: 63.725: [GC pause (G1 Evacuation Pause) (mixed), 0.1280978 secs]
   [Parallel Time: 111.6 ms, GC Workers: 13]
      [GC Worker Start (ms): Min: 63725.6, Avg: 63725.6, Max: 63725.7, Diff: 0.1]
      [Ext Root Scanning (ms): Min: 1.2, Avg: 1.4, Max: 1.9, Diff: 0.7, Sum: 17.6]
      [Update RS (ms): Min: 5.2, Avg: 5.9, Max: 6.9, Diff: 1.7, Sum: 76.4]
         [Processed Buffers: Min: 5, Avg: 15.0, Max: 23, Diff: 18, Sum: 195]
      [Scan RS (ms): Min: 15.3, Avg: 16.1, Max: 16.5, Diff: 1.2, Sum: 209.8]
      [Code Root Scanning (ms): Min: 0.0, Avg: 0.0, Max: 0.0, Diff: 0.0, Sum: 0.0]
      [Object Copy (ms): Min: 87.2, Avg: 87.5, Max: 87.8, Diff: 0.6, Sum: 1136.9]
      [Termination (ms): Min: 0.0, Avg: 0.4, Max: 0.5, Diff: 0.5, Sum: 5.6]
      [GC Worker Other (ms): Min: 0.0, Avg: 0.0, Max: 0.1, Diff: 0.1, Sum: 0.6]
      [GC Worker Total (ms): Min: 111.2, Avg: 111.3, Max: 111.4, Diff: 0.2, Sum: 1447.0]
      [GC Worker End (ms): Min: 63836.9, Avg: 63837.0, Max: 63837.0, Diff: 0.1]
   [Code Root Fixup: 0.4 ms]
   [Code Root Migration: 0.0 ms]
   [Clear CT: 2.5 ms]
   [Other: 13.7 ms]
      [Choose CSet: 0.1 ms]
      [Ref Proc: 7.6 ms]
      [Ref Enq: 1.0 ms]
      [Free CSet: 1.0 ms]
   [Eden: 1056.0M(1056.0M)->0.0B(1056.0M) Survivors: 160.0M->160.0M Heap: 9712.0M(24.0G)->8720.0M(24.0G)]
 [Times: user=1.46 sys=0.02, real=0.13 secs] 
2014-04-09T14:02:48.793+0900: 64.708: [GC pause (G1 Evacuation Pause) (young), 0.1158245 secs]
   [Parallel Time: 101.2 ms, GC Workers: 13]
      [GC Worker Start (ms): Min: 64708.7, Avg: 64708.8, Max: 64708.9, Diff: 0.2]
      [Ext Root Scanning (ms): Min: 1.3, Avg: 1.4, Max: 1.9, Diff: 0.6, Sum: 18.5]
      [Update RS (ms): Min: 5.2, Avg: 5.7, Max: 6.7, Diff: 1.5, Sum: 74.6]
         [Processed Buffers: Min: 6, Avg: 15.1, Max: 31, Diff: 25, Sum: 196]
      [Scan RS (ms): Min: 10.2, Avg: 11.3, Max: 11.7, Diff: 1.5, Sum: 146.3]
      [Code Root Scanning (ms): Min: 0.0, Avg: 0.0, Max: 0.0, Diff: 0.0, Sum: 0.0]
      [Object Copy (ms): Min: 82.3, Avg: 82.6, Max: 82.8, Diff: 0.5, Sum: 1073.8]
      [Termination (ms): Min: 0.0, Avg: 0.0, Max: 0.0, Diff: 0.0, Sum: 0.0]
      [GC Worker Other (ms): Min: 0.0, Avg: 0.0, Max: 0.1, Diff: 0.1, Sum: 0.5]
      [GC Worker Total (ms): Min: 101.0, Avg: 101.1, Max: 101.1, Diff: 0.2, Sum: 1313.7]
      [GC Worker End (ms): Min: 64809.9, Avg: 64809.9, Max: 64809.9, Diff: 0.1]
   [Code Root Fixup: 0.3 ms]
   [Code Root Migration: 0.0 ms]
   [Clear CT: 2.6 ms]
   [Other: 11.7 ms]
      [Choose CSet: 0.0 ms]
      [Ref Proc: 6.9 ms]
      [Ref Enq: 0.7 ms]
      [Free CSet: 0.8 ms]
   [Eden: 1056.0M(1056.0M)->0.0B(1056.0M) Survivors: 160.0M->160.0M Heap: 9776.0M(24.0G)->8944.0M(24.0G)]
 [Times: user=1.34 sys=0.02, real=0.12 secs] 
2014-04-09T14:02:49.793+0900: 65.709: [GC pause (G1 Evacuation Pause) (young) (initial-mark), 0.1149391 secs]
   [Parallel Time: 99.7 ms, GC Workers: 13]
      [GC Worker Start (ms): Min: 65709.2, Avg: 65709.3, Max: 65709.4, Diff: 0.1]
      [Ext Root Scanning (ms): Min: 1.0, Avg: 1.4, Max: 3.6, Diff: 2.6, Sum: 17.8]
      [Code Root Marking (ms): Min: 0.0, Avg: 0.7, Max: 6.3, Diff: 6.2, Sum: 8.5]
      [Update RS (ms): Min: 0.0, Avg: 5.1, Max: 6.1, Diff: 6.1, Sum: 65.9]
         [Processed Buffers: Min: 0, Avg: 14.1, Max: 29, Diff: 29, Sum: 183]
      [Scan RS (ms): Min: 12.2, Avg: 12.7, Max: 13.1, Diff: 0.8, Sum: 164.7]
      [Code Root Scanning (ms): Min: 0.0, Avg: 0.0, Max: 0.0, Diff: 0.0, Sum: 0.0]
      [Object Copy (ms): Min: 79.3, Avg: 79.7, Max: 80.3, Diff: 0.9, Sum: 1035.5]
      [Termination (ms): Min: 0.0, Avg: 0.0, Max: 0.0, Diff: 0.0, Sum: 0.0]
      [GC Worker Other (ms): Min: 0.0, Avg: 0.0, Max: 0.1, Diff: 0.0, Sum: 0.6]
      [GC Worker Total (ms): Min: 99.4, Avg: 99.5, Max: 99.5, Diff: 0.2, Sum: 1293.1]
      [GC Worker End (ms): Min: 65808.7, Avg: 65808.8, Max: 65808.8, Diff: 0.1]
   [Code Root Fixup: 0.4 ms]
   [Code Root Migration: 0.0 ms]
   [Clear CT: 2.5 ms]
   [Other: 12.3 ms]
      [Choose CSet: 0.0 ms]
      [Ref Proc: 6.9 ms]
      [Ref Enq: 0.8 ms]
      [Free CSet: 0.8 ms]
   [Eden: 1056.0M(1056.0M)->0.0B(1056.0M) Survivors: 160.0M->160.0M Heap: 10000.0M(24.0G)->9168.0M(24.0G)]
 [Times: user=1.31 sys=0.02, real=0.12 secs] 
2014-04-09T14:02:49.909+0900: 65.824: [GC concurrent-root-region-scan-start]
2014-04-09T14:02:49.951+0900: 65.866: [GC concurrent-root-region-scan-end, 0.0421444 secs]
2014-04-09T14:02:49.951+0900: 65.866: [GC concurrent-mark-start]
2014-04-09T14:02:51.092+0900: 67.007: [GC pause (G1 Evacuation Pause) (young), 0.1172157 secs]
   [Parallel Time: 102.3 ms, GC Workers: 13]
      [GC Worker Start (ms): Min: 67007.3, Avg: 67007.4, Max: 67007.5, Diff: 0.1]
      [Ext Root Scanning (ms): Min: 1.4, Avg: 1.5, Max: 1.9, Diff: 0.6, Sum: 18.9]
      [SATB Filtering (ms): Min: 0.0, Avg: 0.2, Max: 2.4, Diff: 2.4, Sum: 2.4]
      [Update RS (ms): Min: 2.7, Avg: 5.1, Max: 5.8, Diff: 3.1, Sum: 66.8]
         [Processed Buffers: Min: 3, Avg: 13.7, Max: 31, Diff: 28, Sum: 178]
      [Scan RS (ms): Min: 12.6, Avg: 13.1, Max: 13.4, Diff: 0.7, Sum: 169.9]
      [Code Root Scanning (ms): Min: 0.0, Avg: 0.0, Max: 0.0, Diff: 0.0, Sum: 0.0]
      [Object Copy (ms): Min: 82.0, Avg: 82.1, Max: 82.2, Diff: 0.2, Sum: 1067.6]
      [Termination (ms): Min: 0.0, Avg: 0.0, Max: 0.0, Diff: 0.0, Sum: 0.1]
      [GC Worker Other (ms): Min: 0.0, Avg: 0.0, Max: 0.1, Diff: 0.1, Sum: 0.6]
      [GC Worker Total (ms): Min: 101.9, Avg: 102.0, Max: 102.1, Diff: 0.2, Sum: 1326.2]
      [GC Worker End (ms): Min: 67109.4, Avg: 67109.4, Max: 67109.5, Diff: 0.1]
   [Code Root Fixup: 0.4 ms]
   [Code Root Migration: 0.0 ms]
   [Clear CT: 2.4 ms]
   [Other: 12.1 ms]
      [Choose CSet: 0.0 ms]
      [Ref Proc: 7.1 ms]
      [Ref Enq: 0.8 ms]
      [Free CSet: 0.8 ms]
   [Eden: 1056.0M(1056.0M)->0.0B(1056.0M) Survivors: 160.0M->160.0M Heap: 10224.0M(24.0G)->9408.0M(24.0G)]
 [Times: user=1.33 sys=0.03, real=0.12 secs] 
2014-04-09T14:02:51.443+0900: 67.359: [GC concurrent-mark-end, 1.4924743 secs]
2014-04-09T14:02:51.445+0900: 67.360: [GC remark 67.406: [GC ref-proc, 0.0123576 secs], 0.0816157 secs]
 [Times: user=0.82 sys=0.00, real=0.09 secs] 
2014-04-09T14:02:51.528+0900: 67.444: [GC cleanup 9620M->9620M(24G), 0.0198940 secs]
 [Times: user=0.24 sys=0.00, real=0.02 secs] 
2014-04-09T14:02:52.275+0900: 68.190: [GC pause (G1 Evacuation Pause) (young), 0.1335008 secs]
   [Parallel Time: 118.0 ms, GC Workers: 13]
      [GC Worker Start (ms): Min: 68190.7, Avg: 68190.8, Max: 68190.9, Diff: 0.1]
      [Ext Root Scanning (ms): Min: 1.4, Avg: 1.5, Max: 1.8, Diff: 0.4, Sum: 19.6]
      [Update RS (ms): Min: 7.0, Avg: 16.4, Max: 38.4, Diff: 31.4, Sum: 212.7]
         [Processed Buffers: Min: 0, Avg: 15.7, Max: 30, Diff: 30, Sum: 204]
      [Scan RS (ms): Min: 0.0, Avg: 12.7, Max: 20.3, Diff: 20.3, Sum: 165.5]
      [Code Root Scanning (ms): Min: 0.0, Avg: 0.0, Max: 0.0, Diff: 0.0, Sum: 0.0]
      [Object Copy (ms): Min: 77.4, Avg: 87.0, Max: 89.0, Diff: 11.6, Sum: 1131.4]
      [Termination (ms): Min: 0.0, Avg: 0.0, Max: 0.0, Diff: 0.0, Sum: 0.0]
      [GC Worker Other (ms): Min: 0.0, Avg: 0.0, Max: 0.1, Diff: 0.1, Sum: 0.6]
      [GC Worker Total (ms): Min: 117.6, Avg: 117.7, Max: 117.8, Diff: 0.2, Sum: 1529.8]
      [GC Worker End (ms): Min: 68308.5, Avg: 68308.5, Max: 68308.5, Diff: 0.1]
   [Code Root Fixup: 0.4 ms]
   [Code Root Migration: 0.0 ms]
   [Clear CT: 2.4 ms]
   [Other: 12.7 ms]
      [Choose CSet: 0.0 ms]
      [Ref Proc: 7.6 ms]
      [Ref Enq: 1.0 ms]
      [Free CSet: 0.8 ms]
   [Eden: 1056.0M(1056.0M)->0.0B(1056.0M) Survivors: 160.0M->160.0M Heap: 10.2G(24.0G)->9648.0M(24.0G)]
 [Times: user=1.51 sys=0.06, real=0.14 secs] 
2014-04-09T14:02:53.310+0900: 69.226: [GC pause (G1 Evacuation Pause) (mixed), 0.1483724 secs]
   [Parallel Time: 129.7 ms, GC Workers: 13]
      [GC Worker Start (ms): Min: 69226.1, Avg: 69226.2, Max: 69226.2, Diff: 0.1]
      [Ext Root Scanning (ms): Min: 1.0, Avg: 1.4, Max: 2.2, Diff: 1.2, Sum: 18.7]
      [Update RS (ms): Min: 4.5, Avg: 5.7, Max: 6.8, Diff: 2.3, Sum: 74.4]
         [Processed Buffers: Min: 5, Avg: 14.7, Max: 30, Diff: 25, Sum: 191]
      [Scan RS (ms): Min: 26.6, Avg: 27.4, Max: 27.7, Diff: 1.1, Sum: 356.6]
      [Code Root Scanning (ms): Min: 0.0, Avg: 0.0, Max: 0.0, Diff: 0.0, Sum: 0.1]
      [Object Copy (ms): Min: 94.4, Avg: 94.8, Max: 96.2, Diff: 1.8, Sum: 1233.0]
      [Termination (ms): Min: 0.0, Avg: 0.0, Max: 0.0, Diff: 0.0, Sum: 0.1]
      [GC Worker Other (ms): Min: 0.0, Avg: 0.0, Max: 0.1, Diff: 0.1, Sum: 0.5]
      [GC Worker Total (ms): Min: 129.4, Avg: 129.5, Max: 129.6, Diff: 0.1, Sum: 1683.3]
      [GC Worker End (ms): Min: 69355.6, Avg: 69355.7, Max: 69355.7, Diff: 0.1]
   [Code Root Fixup: 0.4 ms]
   [Code Root Migration: 0.1 ms]
   [Clear CT: 2.7 ms]
   [Other: 15.5 ms]
      [Choose CSet: 0.2 ms]
      [Ref Proc: 7.5 ms]
      [Ref Enq: 1.2 ms]
      [Free CSet: 1.5 ms]
   [Eden: 1056.0M(1056.0M)->0.0B(1056.0M) Survivors: 160.0M->160.0M Heap: 10.5G(24.0G)->9304.0M(24.0G)]
 [Times: user=1.65 sys=0.08, real=0.15 secs] 
2014-04-09T14:02:54.378+0900: 70.293: [GC pause (G1 Evacuation Pause) (mixed), 0.1242428 secs]
   [Parallel Time: 108.8 ms, GC Workers: 13]
      [GC Worker Start (ms): Min: 70293.4, Avg: 70293.5, Max: 70293.6, Diff: 0.1]
      [Ext Root Scanning (ms): Min: 1.0, Avg: 1.4, Max: 2.1, Diff: 1.1, Sum: 18.6]
      [Update RS (ms): Min: 5.9, Avg: 6.2, Max: 6.7, Diff: 0.9, Sum: 80.1]
         [Processed Buffers: Min: 6, Avg: 15.5, Max: 29, Diff: 23, Sum: 202]
      [Scan RS (ms): Min: 14.9, Avg: 15.8, Max: 16.2, Diff: 1.3, Sum: 205.9]
      [Code Root Scanning (ms): Min: 0.0, Avg: 0.0, Max: 0.0, Diff: 0.0, Sum: 0.0]
      [Object Copy (ms): Min: 84.9, Avg: 85.0, Max: 85.4, Diff: 0.5, Sum: 1105.6]
      [Termination (ms): Min: 0.0, Avg: 0.0, Max: 0.0, Diff: 0.0, Sum: 0.1]
      [GC Worker Other (ms): Min: 0.0, Avg: 0.0, Max: 0.1, Diff: 0.1, Sum: 0.5]
      [GC Worker Total (ms): Min: 108.4, Avg: 108.5, Max: 108.6, Diff: 0.1, Sum: 1410.8]
      [GC Worker End (ms): Min: 70402.0, Avg: 70402.0, Max: 70402.1, Diff: 0.1]
   [Code Root Fixup: 0.4 ms]
   [Code Root Migration: 0.0 ms]
   [Clear CT: 2.8 ms]
   [Other: 12.3 ms]
      [Choose CSet: 0.1 ms]
      [Ref Proc: 6.5 ms]
      [Ref Enq: 0.7 ms]
      [Free CSet: 1.0 ms]
   [Eden: 1056.0M(1056.0M)->0.0B(1056.0M) Survivors: 160.0M->160.0M Heap: 10.1G(24.0G)->9424.0M(24.0G)]
 [Times: user=1.41 sys=0.03, real=0.12 secs] 
2014-04-09T14:02:55.376+0900: 71.291: [GC pause (G1 Evacuation Pause) (young), 0.1170061 secs]
   [Parallel Time: 101.9 ms, GC Workers: 13]
      [GC Worker Start (ms): Min: 71291.3, Avg: 71291.4, Max: 71291.5, Diff: 0.1]
      [Ext Root Scanning (ms): Min: 1.3, Avg: 1.4, Max: 1.7, Diff: 0.4, Sum: 18.7]
      [Update RS (ms): Min: 5.9, Avg: 8.8, Max: 40.3, Diff: 34.4, Sum: 114.7]
         [Processed Buffers: Min: 8, Avg: 16.1, Max: 24, Diff: 16, Sum: 209]
      [Scan RS (ms): Min: 0.0, Avg: 11.7, Max: 13.0, Diff: 13.0, Sum: 152.5]
      [Code Root Scanning (ms): Min: 0.0, Avg: 0.0, Max: 0.0, Diff: 0.0, Sum: 0.0]
      [Object Copy (ms): Min: 59.9, Avg: 79.6, Max: 81.4, Diff: 21.5, Sum: 1035.4]
      [Termination (ms): Min: 0.0, Avg: 0.0, Max: 0.0, Diff: 0.0, Sum: 0.1]
      [GC Worker Other (ms): Min: 0.0, Avg: 0.0, Max: 0.1, Diff: 0.1, Sum: 0.5]
      [GC Worker Total (ms): Min: 101.6, Avg: 101.7, Max: 101.8, Diff: 0.2, Sum: 1321.9]
      [GC Worker End (ms): Min: 71393.1, Avg: 71393.1, Max: 71393.1, Diff: 0.1]
   [Code Root Fixup: 0.3 ms]
   [Code Root Migration: 0.0 ms]
   [Clear CT: 2.6 ms]
   [Other: 12.1 ms]
      [Choose CSet: 0.0 ms]
      [Ref Proc: 6.9 ms]
      [Ref Enq: 0.8 ms]
      [Free CSet: 0.8 ms]
   [Eden: 1056.0M(1056.0M)->0.0B(1056.0M) Survivors: 160.0M->160.0M Heap: 10.2G(24.0G)->9656.0M(24.0G)]
 [Times: user=1.36 sys=0.00, real=0.12 secs] 
2014-04-09T14:02:56.378+0900: 72.293: [GC pause (G1 Evacuation Pause) (young) (initial-mark), 0.1173842 secs]
   [Parallel Time: 101.8 ms, GC Workers: 13]
      [GC Worker Start (ms): Min: 72293.9, Avg: 72294.0, Max: 72294.0, Diff: 0.1]
      [Ext Root Scanning (ms): Min: 1.1, Avg: 1.4, Max: 3.2, Diff: 2.1, Sum: 18.3]
      [Code Root Marking (ms): Min: 0.0, Avg: 0.7, Max: 6.2, Diff: 6.2, Sum: 8.8]
      [Update RS (ms): Min: 1.1, Avg: 5.9, Max: 6.9, Diff: 5.8, Sum: 76.3]
         [Processed Buffers: Min: 1, Avg: 13.9, Max: 29, Diff: 28, Sum: 181]
      [Scan RS (ms): Min: 12.3, Avg: 13.1, Max: 13.8, Diff: 1.5, Sum: 170.1]
      [Code Root Scanning (ms): Min: 0.0, Avg: 0.0, Max: 0.0, Diff: 0.0, Sum: 0.0]
      [Object Copy (ms): Min: 80.1, Avg: 80.5, Max: 81.0, Diff: 0.9, Sum: 1046.3]
      [Termination (ms): Min: 0.0, Avg: 0.0, Max: 0.0, Diff: 0.0, Sum: 0.1]
      [GC Worker Other (ms): Min: 0.0, Avg: 0.0, Max: 0.1, Diff: 0.1, Sum: 0.5]
      [GC Worker Total (ms): Min: 101.5, Avg: 101.6, Max: 101.6, Diff: 0.1, Sum: 1320.4]
      [GC Worker End (ms): Min: 72395.5, Avg: 72395.5, Max: 72395.6, Diff: 0.1]
   [Code Root Fixup: 0.4 ms]
   [Code Root Migration: 0.0 ms]
   [Clear CT: 2.6 ms]
   [Other: 12.5 ms]
      [Choose CSet: 0.0 ms]
      [Ref Proc: 6.9 ms]
      [Ref Enq: 0.7 ms]
      [Free CSet: 0.8 ms]
   [Eden: 1056.0M(1056.0M)->0.0B(1056.0M) Survivors: 160.0M->160.0M Heap: 10.5G(24.0G)->9904.0M(24.0G)]
 [Times: user=1.35 sys=0.01, real=0.11 secs] 
2014-04-09T14:02:56.496+0900: 72.411: [GC concurrent-root-region-scan-start]
2014-04-09T14:02:56.546+0900: 72.462: [GC concurrent-root-region-scan-end, 0.0507209 secs]
2014-04-09T14:02:56.546+0900: 72.462: [GC concurrent-mark-start]
2014-04-09T14:02:57.635+0900: 73.551: [GC pause (G1 Evacuation Pause) (young), 0.1157304 secs]
   [Parallel Time: 100.7 ms, GC Workers: 13]
      [GC Worker Start (ms): Min: 73551.0, Avg: 73551.0, Max: 73551.1, Diff: 0.1]
      [Ext Root Scanning (ms): Min: 1.3, Avg: 1.4, Max: 2.0, Diff: 0.7, Sum: 18.6]
      [SATB Filtering (ms): Min: 0.0, Avg: 0.2, Max: 2.5, Diff: 2.5, Sum: 2.5]
      [Update RS (ms): Min: 4.1, Avg: 5.6, Max: 6.3, Diff: 2.2, Sum: 73.3]
         [Processed Buffers: Min: 5, Avg: 14.2, Max: 26, Diff: 21, Sum: 184]
      [Scan RS (ms): Min: 12.8, Avg: 13.3, Max: 13.8, Diff: 1.0, Sum: 172.8]
      [Code Root Scanning (ms): Min: 0.0, Avg: 0.0, Max: 0.0, Diff: 0.0, Sum: 0.0]
      [Object Copy (ms): Min: 79.6, Avg: 79.8, Max: 80.1, Diff: 0.5, Sum: 1037.8]
      [Termination (ms): Min: 0.0, Avg: 0.0, Max: 0.0, Diff: 0.0, Sum: 0.0]
      [GC Worker Other (ms): Min: 0.0, Avg: 0.1, Max: 0.1, Diff: 0.1, Sum: 0.7]
      [GC Worker Total (ms): Min: 100.3, Avg: 100.4, Max: 100.5, Diff: 0.2, Sum: 1305.7]
      [GC Worker End (ms): Min: 73651.4, Avg: 73651.5, Max: 73651.5, Diff: 0.1]
   [Code Root Fixup: 0.4 ms]
   [Code Root Migration: 0.0 ms]
   [Clear CT: 2.5 ms]
   [Other: 12.2 ms]
      [Choose CSet: 0.0 ms]
      [Ref Proc: 7.3 ms]
      [Ref Enq: 0.8 ms]
      [Free CSet: 0.7 ms]
   [Eden: 1056.0M(1056.0M)->0.0B(1056.0M) Survivors: 160.0M->160.0M Heap: 10.7G(24.0G)->10152.0M(24.0G)]
 [Times: user=1.31 sys=0.04, real=0.12 secs] 
2014-04-09T14:02:58.198+0900: 74.113: [GC concurrent-mark-end, 1.6516340 secs]
2014-04-09T14:02:58.199+0900: 74.115: [GC remark 74.158: [GC ref-proc, 0.0123620 secs], 0.0798097 secs]
 [Times: user=0.81 sys=0.00, real=0.08 secs] 
2014-04-09T14:02:58.281+0900: 74.197: [GC cleanup 10G->10G(24G), 0.0216887 secs]
 [Times: user=0.27 sys=0.00, real=0.02 secs] 
2014-04-09T14:02:58.864+0900: 74.779: [GC pause (G1 Evacuation Pause) (young), 0.1184201 secs]
   [Parallel Time: 103.6 ms, GC Workers: 13]
      [GC Worker Start (ms): Min: 74779.3, Avg: 74779.4, Max: 74779.5, Diff: 0.1]
      [Ext Root Scanning (ms): Min: 1.0, Avg: 1.3, Max: 1.8, Diff: 0.8, Sum: 17.5]
      [Update RS (ms): Min: 5.4, Avg: 5.8, Max: 6.3, Diff: 0.9, Sum: 75.1]
         [Processed Buffers: Min: 7, Avg: 15.0, Max: 21, Diff: 14, Sum: 195]
      [Scan RS (ms): Min: 12.8, Avg: 13.4, Max: 13.9, Diff: 1.1, Sum: 173.8]
      [Code Root Scanning (ms): Min: 0.0, Avg: 0.0, Max: 0.0, Diff: 0.0, Sum: 0.0]
      [Object Copy (ms): Min: 82.5, Avg: 82.8, Max: 83.2, Diff: 0.8, Sum: 1076.7]
      [Termination (ms): Min: 0.0, Avg: 0.0, Max: 0.0, Diff: 0.0, Sum: 0.0]
      [GC Worker Other (ms): Min: 0.0, Avg: 0.0, Max: 0.1, Diff: 0.1, Sum: 0.6]
      [GC Worker Total (ms): Min: 103.3, Avg: 103.4, Max: 103.5, Diff: 0.2, Sum: 1343.7]
      [GC Worker End (ms): Min: 74882.7, Avg: 74882.8, Max: 74882.8, Diff: 0.1]
   [Code Root Fixup: 0.3 ms]
   [Code Root Migration: 0.0 ms]
   [Clear CT: 2.6 ms]
   [Other: 11.9 ms]
      [Choose CSet: 0.0 ms]
      [Ref Proc: 7.1 ms]
      [Ref Enq: 0.8 ms]
      [Free CSet: 0.7 ms]
   [Eden: 1056.0M(1056.0M)->0.0B(1056.0M) Survivors: 160.0M->160.0M Heap: 10.9G(24.0G)->10.1G(24.0G)]
 [Times: user=1.32 sys=0.06, real=0.12 secs] 
2014-04-09T14:02:59.848+0900: 75.763: [GC pause (G1 Evacuation Pause) (mixed), 0.1606184 secs]
   [Parallel Time: 141.1 ms, GC Workers: 13]
      [GC Worker Start (ms): Min: 75763.5, Avg: 75763.6, Max: 75763.6, Diff: 0.1]
      [Ext Root Scanning (ms): Min: 1.0, Avg: 1.4, Max: 2.0, Diff: 1.0, Sum: 18.8]
      [Update RS (ms): Min: 4.5, Avg: 5.3, Max: 5.8, Diff: 1.4, Sum: 69.1]
         [Processed Buffers: Min: 6, Avg: 15.2, Max: 31, Diff: 25, Sum: 197]
      [Scan RS (ms): Min: 29.0, Avg: 29.6, Max: 29.9, Diff: 0.9, Sum: 385.1]
      [Code Root Scanning (ms): Min: 0.0, Avg: 0.0, Max: 0.0, Diff: 0.0, Sum: 0.1]
      [Object Copy (ms): Min: 104.4, Avg: 104.5, Max: 104.9, Diff: 0.6, Sum: 1358.1]
      [Termination (ms): Min: 0.0, Avg: 0.0, Max: 0.0, Diff: 0.0, Sum: 0.0]
      [GC Worker Other (ms): Min: 0.0, Avg: 0.0, Max: 0.1, Diff: 0.1, Sum: 0.5]
      [GC Worker Total (ms): Min: 140.8, Avg: 140.9, Max: 141.0, Diff: 0.2, Sum: 1831.7]
      [GC Worker End (ms): Min: 75904.5, Avg: 75904.5, Max: 75904.5, Diff: 0.1]
   [Code Root Fixup: 0.4 ms]
   [Code Root Migration: 0.1 ms]
   [Clear CT: 2.6 ms]
   [Other: 16.5 ms]
      [Choose CSet: 0.2 ms]
      [Ref Proc: 8.5 ms]
      [Ref Enq: 1.3 ms]
      [Free CSet: 1.4 ms]
   [Eden: 1056.0M(1056.0M)->0.0B(1056.0M) Survivors: 160.0M->160.0M Heap: 11.2G(24.0G)->10016.0M(24.0G)]
 [Times: user=1.79 sys=0.09, real=0.17 secs] 
2014-04-09T14:03:00.902+0900: 76.818: [GC pause (G1 Evacuation Pause) (mixed), 0.1387673 secs]
   [Parallel Time: 121.1 ms, GC Workers: 13]
      [GC Worker Start (ms): Min: 76818.0, Avg: 76818.1, Max: 76818.2, Diff: 0.1]
      [Ext Root Scanning (ms): Min: 1.3, Avg: 1.5, Max: 2.4, Diff: 1.0, Sum: 19.1]
      [Update RS (ms): Min: 5.5, Avg: 5.8, Max: 6.7, Diff: 1.2, Sum: 75.4]
         [Processed Buffers: Min: 8, Avg: 15.4, Max: 24, Diff: 16, Sum: 200]
      [Scan RS (ms): Min: 19.7, Avg: 20.6, Max: 21.0, Diff: 1.3, Sum: 267.2]
      [Code Root Scanning (ms): Min: 0.0, Avg: 0.0, Max: 0.0, Diff: 0.0, Sum: 0.0]
      [Object Copy (ms): Min: 92.8, Avg: 93.0, Max: 93.2, Diff: 0.3, Sum: 1208.5]
      [Termination (ms): Min: 0.0, Avg: 0.0, Max: 0.0, Diff: 0.0, Sum: 0.1]
      [GC Worker Other (ms): Min: 0.0, Avg: 0.0, Max: 0.1, Diff: 0.1, Sum: 0.6]
      [GC Worker Total (ms): Min: 120.8, Avg: 120.8, Max: 120.9, Diff: 0.1, Sum: 1571.0]
      [GC Worker End (ms): Min: 76938.9, Avg: 76938.9, Max: 76939.0, Diff: 0.1]
   [Code Root Fixup: 0.4 ms]
   [Code Root Migration: 0.0 ms]
   [Clear CT: 2.7 ms]
   [Other: 14.6 ms]
      [Choose CSet: 0.1 ms]
      [Ref Proc: 7.9 ms]
      [Ref Enq: 1.1 ms]
      [Free CSet: 1.0 ms]
   [Eden: 1056.0M(1056.0M)->0.0B(1056.0M) Survivors: 160.0M->160.0M Heap: 10.8G(24.0G)->10080.0M(24.0G)]
 [Times: user=1.58 sys=0.03, real=0.14 secs] 
2014-04-09T14:03:01.955+0900: 77.870: [GC pause (G1 Evacuation Pause) (young), 0.1178916 secs]
   [Parallel Time: 102.6 ms, GC Workers: 13]
      [GC Worker Start (ms): Min: 77870.5, Avg: 77870.5, Max: 77870.6, Diff: 0.1]
      [Ext Root Scanning (ms): Min: 1.4, Avg: 1.5, Max: 1.8, Diff: 0.4, Sum: 19.7]
      [Update RS (ms): Min: 5.2, Avg: 5.6, Max: 6.5, Diff: 1.3, Sum: 72.4]
         [Processed Buffers: Min: 4, Avg: 14.7, Max: 23, Diff: 19, Sum: 191]
      [Scan RS (ms): Min: 12.7, Avg: 13.6, Max: 14.0, Diff: 1.2, Sum: 176.6]
      [Code Root Scanning (ms): Min: 0.0, Avg: 0.0, Max: 0.0, Diff: 0.0, Sum: 0.0]
      [Object Copy (ms): Min: 81.6, Avg: 81.6, Max: 81.7, Diff: 0.2, Sum: 1061.4]
      [Termination (ms): Min: 0.0, Avg: 0.0, Max: 0.0, Diff: 0.0, Sum: 0.0]
      [GC Worker Other (ms): Min: 0.0, Avg: 0.0, Max: 0.1, Diff: 0.1, Sum: 0.5]
      [GC Worker Total (ms): Min: 102.3, Avg: 102.4, Max: 102.5, Diff: 0.2, Sum: 1330.7]
      [GC Worker End (ms): Min: 77972.9, Avg: 77972.9, Max: 77972.9, Diff: 0.1]
   [Code Root Fixup: 0.3 ms]
   [Code Root Migration: 0.0 ms]
   [Clear CT: 2.8 ms]
   [Other: 12.1 ms]
      [Choose CSet: 0.0 ms]
      [Ref Proc: 7.1 ms]
      [Ref Enq: 0.8 ms]
      [Free CSet: 0.7 ms]
   [Eden: 1056.0M(1056.0M)->0.0B(1056.0M) Survivors: 160.0M->160.0M Heap: 10.9G(24.0G)->10.1G(24.0G)]
 [Times: user=1.37 sys=0.00, real=0.12 secs] 
2014-04-09T14:03:02.943+0900: 78.858: [GC pause (G1 Evacuation Pause) (young) (initial-mark), 0.1157319 secs]
   [Parallel Time: 100.0 ms, GC Workers: 13]
      [GC Worker Start (ms): Min: 78858.4, Avg: 78858.5, Max: 78858.6, Diff: 0.1]
      [Ext Root Scanning (ms): Min: 1.1, Avg: 1.4, Max: 3.1, Diff: 2.0, Sum: 18.4]
      [Code Root Marking (ms): Min: 0.0, Avg: 0.7, Max: 6.4, Diff: 6.3, Sum: 9.0]
      [Update RS (ms): Min: 0.0, Avg: 5.7, Max: 7.3, Diff: 7.3, Sum: 74.5]
         [Processed Buffers: Min: 0, Avg: 15.6, Max: 31, Diff: 31, Sum: 203]
      [Scan RS (ms): Min: 12.7, Avg: 13.4, Max: 14.0, Diff: 1.3, Sum: 174.0]
      [Code Root Scanning (ms): Min: 0.0, Avg: 0.0, Max: 0.0, Diff: 0.0, Sum: 0.0]
      [Object Copy (ms): Min: 78.2, Avg: 78.5, Max: 78.6, Diff: 0.5, Sum: 1020.5]
      [Termination (ms): Min: 0.0, Avg: 0.0, Max: 0.0, Diff: 0.0, Sum: 0.1]
      [GC Worker Other (ms): Min: 0.0, Avg: 0.0, Max: 0.1, Diff: 0.1, Sum: 0.6]
      [GC Worker Total (ms): Min: 99.7, Avg: 99.8, Max: 99.9, Diff: 0.1, Sum: 1297.2]
      [GC Worker End (ms): Min: 78958.3, Avg: 78958.3, Max: 78958.3, Diff: 0.1]
   [Code Root Fixup: 0.4 ms]
   [Code Root Migration: 0.0 ms]
   [Clear CT: 2.7 ms]
   [Other: 12.5 ms]
      [Choose CSet: 0.0 ms]
      [Ref Proc: 7.0 ms]
      [Ref Enq: 0.8 ms]
      [Free CSet: 0.7 ms]
   [Eden: 1056.0M(1056.0M)->0.0B(1056.0M) Survivors: 160.0M->160.0M Heap: 11.1G(24.0G)->10.3G(24.0G)]
 [Times: user=1.32 sys=0.02, real=0.12 secs] 
2014-04-09T14:03:03.059+0900: 78.974: [GC concurrent-root-region-scan-start]
2014-04-09T14:03:03.102+0900: 79.018: [GC concurrent-root-region-scan-end, 0.0433965 secs]
2014-04-09T14:03:03.102+0900: 79.018: [GC concurrent-mark-start]
2014-04-09T14:03:04.222+0900: 80.137: [GC pause (G1 Evacuation Pause) (young), 0.1175101 secs]
   [Parallel Time: 102.2 ms, GC Workers: 13]
      [GC Worker Start (ms): Min: 80137.7, Avg: 80137.7, Max: 80137.8, Diff: 0.1]
      [Ext Root Scanning (ms): Min: 1.4, Avg: 1.5, Max: 2.0, Diff: 0.6, Sum: 20.0]
      [SATB Filtering (ms): Min: 0.0, Avg: 0.2, Max: 2.6, Diff: 2.6, Sum: 2.6]
      [Update RS (ms): Min: 2.6, Avg: 5.3, Max: 6.3, Diff: 3.7, Sum: 68.9]
         [Processed Buffers: Min: 6, Avg: 15.4, Max: 31, Diff: 25, Sum: 200]
      [Scan RS (ms): Min: 13.8, Avg: 14.5, Max: 14.9, Diff: 1.1, Sum: 188.3]
      [Code Root Scanning (ms): Min: 0.0, Avg: 0.0, Max: 0.0, Diff: 0.0, Sum: 0.0]
      [Object Copy (ms): Min: 80.4, Avg: 80.5, Max: 80.6, Diff: 0.2, Sum: 1045.9]
      [Termination (ms): Min: 0.0, Avg: 0.0, Max: 0.0, Diff: 0.0, Sum: 0.0]
      [GC Worker Other (ms): Min: 0.0, Avg: 0.0, Max: 0.1, Diff: 0.1, Sum: 0.5]
      [GC Worker Total (ms): Min: 101.9, Avg: 102.0, Max: 102.1, Diff: 0.2, Sum: 1326.2]
      [GC Worker End (ms): Min: 80239.7, Avg: 80239.8, Max: 80239.8, Diff: 0.1]
   [Code Root Fixup: 0.4 ms]
   [Code Root Migration: 0.0 ms]
   [Clear CT: 2.9 ms]
   [Other: 12.0 ms]
      [Choose CSet: 0.0 ms]
      [Ref Proc: 6.9 ms]
      [Ref Enq: 0.7 ms]
      [Free CSet: 0.8 ms]
   [Eden: 1056.0M(1056.0M)->0.0B(1056.0M) Survivors: 160.0M->160.0M Heap: 11.4G(24.0G)->10.5G(24.0G)]
 [Times: user=1.34 sys=0.02, real=0.12 secs] 
2014-04-09T14:03:04.948+0900: 80.864: [GC concurrent-mark-end, 1.8460598 secs]
2014-04-09T14:03:04.950+0900: 80.865: [GC remark 80.903: [GC ref-proc, 0.0117624 secs], 0.0762975 secs]
 [Times: user=0.77 sys=0.00, real=0.07 secs] 
2014-04-09T14:03:05.028+0900: 80.943: [GC cleanup 11G->11G(24G), 0.0235509 secs]
 [Times: user=0.29 sys=0.00, real=0.03 secs] 
2014-04-09T14:03:05.474+0900: 81.389: [GC pause (G1 Evacuation Pause) (young), 0.1204446 secs]
   [Parallel Time: 104.6 ms, GC Workers: 13]
      [GC Worker Start (ms): Min: 81389.2, Avg: 81389.3, Max: 81389.4, Diff: 0.1]
      [Ext Root Scanning (ms): Min: 0.8, Avg: 1.4, Max: 1.9, Diff: 1.1, Sum: 17.8]
      [Update RS (ms): Min: 5.1, Avg: 5.8, Max: 6.9, Diff: 1.8, Sum: 75.2]
         [Processed Buffers: Min: 10, Avg: 15.6, Max: 23, Diff: 13, Sum: 203]
      [Scan RS (ms): Min: 13.1, Avg: 14.5, Max: 14.9, Diff: 1.9, Sum: 188.0]
      [Code Root Scanning (ms): Min: 0.0, Avg: 0.0, Max: 0.0, Diff: 0.0, Sum: 0.0]
      [Object Copy (ms): Min: 82.1, Avg: 82.3, Max: 83.1, Diff: 1.1, Sum: 1070.2]
      [Termination (ms): Min: 0.0, Avg: 0.4, Max: 0.4, Diff: 0.4, Sum: 4.6]
      [GC Worker Other (ms): Min: 0.0, Avg: 0.0, Max: 0.1, Diff: 0.0, Sum: 0.4]
      [GC Worker Total (ms): Min: 104.3, Avg: 104.3, Max: 104.4, Diff: 0.1, Sum: 1356.2]
      [GC Worker End (ms): Min: 81493.6, Avg: 81493.6, Max: 81493.6, Diff: 0.0]
   [Code Root Fixup: 0.3 ms]
   [Code Root Migration: 0.0 ms]
   [Clear CT: 3.0 ms]
   [Other: 12.4 ms]
      [Choose CSet: 0.0 ms]
      [Ref Proc: 6.7 ms]
      [Ref Enq: 0.7 ms]
      [Free CSet: 0.9 ms]
   [Eden: 1056.0M(1056.0M)->0.0B(1056.0M) Survivors: 160.0M->160.0M Heap: 11.6G(24.0G)->10.8G(24.0G)]
 [Times: user=1.33 sys=0.06, real=0.12 secs] 
2014-04-09T14:03:06.485+0900: 82.400: [GC pause (G1 Evacuation Pause) (mixed), 0.1674232 secs]
   [Parallel Time: 145.7 ms, GC Workers: 13]
      [GC Worker Start (ms): Min: 82400.7, Avg: 82400.8, Max: 82400.9, Diff: 0.1]
      [Ext Root Scanning (ms): Min: 1.4, Avg: 1.5, Max: 2.1, Diff: 0.8, Sum: 19.3]
      [Update RS (ms): Min: 5.4, Avg: 8.7, Max: 36.7, Diff: 31.3, Sum: 112.9]
         [Processed Buffers: Min: 5, Avg: 15.1, Max: 30, Diff: 25, Sum: 196]
      [Scan RS (ms): Min: 1.5, Avg: 29.6, Max: 32.9, Diff: 31.3, Sum: 384.8]
      [Code Root Scanning (ms): Min: 0.0, Avg: 0.0, Max: 0.0, Diff: 0.0, Sum: 0.0]
      [Object Copy (ms): Min: 104.6, Avg: 105.7, Max: 105.8, Diff: 1.2, Sum: 1373.6]
      [Termination (ms): Min: 0.0, Avg: 0.0, Max: 0.0, Diff: 0.0, Sum: 0.1]
      [GC Worker Other (ms): Min: 0.0, Avg: 0.0, Max: 0.1, Diff: 0.1, Sum: 0.5]
      [GC Worker Total (ms): Min: 145.4, Avg: 145.5, Max: 145.6, Diff: 0.2, Sum: 1891.2]
      [GC Worker End (ms): Min: 82546.3, Avg: 82546.3, Max: 82546.3, Diff: 0.1]
   [Code Root Fixup: 0.4 ms]
   [Code Root Migration: 0.0 ms]
   [Clear CT: 3.2 ms]
   [Other: 18.1 ms]
      [Choose CSet: 0.3 ms]
      [Ref Proc: 8.2 ms]
      [Ref Enq: 1.6 ms]
      [Free CSet: 1.7 ms]
   [Eden: 1056.0M(1056.0M)->0.0B(1056.0M) Survivors: 160.0M->160.0M Heap: 11.8G(24.0G)->10.4G(24.0G)]
 [Times: user=1.84 sys=0.09, real=0.17 secs] 
2014-04-09T14:03:07.568+0900: 83.483: [GC pause (G1 Evacuation Pause) (mixed), 0.1769722 secs]
   [Parallel Time: 158.3 ms, GC Workers: 13]
      [GC Worker Start (ms): Min: 83484.0, Avg: 83484.0, Max: 83484.1, Diff: 0.1]
      [Ext Root Scanning (ms): Min: 1.1, Avg: 1.5, Max: 2.4, Diff: 1.3, Sum: 19.1]
      [Update RS (ms): Min: 6.3, Avg: 9.6, Max: 31.6, Diff: 25.3, Sum: 124.7]
         [Processed Buffers: Min: 4, Avg: 17.0, Max: 42, Diff: 38, Sum: 221]
      [Scan RS (ms): Min: 1.5, Avg: 22.7, Max: 25.3, Diff: 23.9, Sum: 295.0]
      [Code Root Scanning (ms): Min: 0.0, Avg: 0.0, Max: 0.0, Diff: 0.0, Sum: 0.1]
      [Object Copy (ms): Min: 123.0, Avg: 123.8, Max: 125.7, Diff: 2.7, Sum: 1610.0]
      [Termination (ms): Min: 0.0, Avg: 0.4, Max: 0.5, Diff: 0.5, Sum: 5.6]
      [GC Worker Other (ms): Min: 0.0, Avg: 0.0, Max: 0.1, Diff: 0.1, Sum: 0.5]
      [GC Worker Total (ms): Min: 158.0, Avg: 158.1, Max: 158.1, Diff: 0.1, Sum: 2055.0]
      [GC Worker End (ms): Min: 83642.1, Avg: 83642.1, Max: 83642.2, Diff: 0.1]
   [Code Root Fixup: 0.3 ms]
   [Code Root Migration: 0.0 ms]
   [Clear CT: 3.2 ms]
   [Other: 15.1 ms]
      [Choose CSet: 0.1 ms]
      [Ref Proc: 7.7 ms]
      [Ref Enq: 1.1 ms]
      [Free CSet: 1.0 ms]
   [Eden: 1056.0M(1056.0M)->0.0B(1056.0M) Survivors: 160.0M->160.0M Heap: 11.4G(24.0G)->10.5G(24.0G)]
 [Times: user=2.08 sys=0.02, real=0.18 secs] 
2014-04-09T14:03:08.709+0900: 84.624: [GC pause (G1 Evacuation Pause) (young), 0.2549073 secs]
   [Parallel Time: 239.3 ms, GC Workers: 13]
      [GC Worker Start (ms): Min: 84624.4, Avg: 84624.5, Max: 84624.5, Diff: 0.1]
      [Ext Root Scanning (ms): Min: 1.4, Avg: 1.5, Max: 1.9, Diff: 0.5, Sum: 20.0]
      [Update RS (ms): Min: 5.1, Avg: 5.4, Max: 6.1, Diff: 0.9, Sum: 70.4]
         [Processed Buffers: Min: 1, Avg: 16.4, Max: 48, Diff: 47, Sum: 213]
      [Scan RS (ms): Min: 50.7, Avg: 51.5, Max: 52.5, Diff: 1.8, Sum: 669.9]
      [Code Root Scanning (ms): Min: 0.0, Avg: 0.0, Max: 0.0, Diff: 0.0, Sum: 0.0]
      [Object Copy (ms): Min: 178.6, Avg: 179.4, Max: 180.4, Diff: 1.8, Sum: 2332.8]
      [Termination (ms): Min: 0.0, Avg: 1.1, Max: 1.3, Diff: 1.3, Sum: 14.6]
      [GC Worker Other (ms): Min: 0.0, Avg: 0.0, Max: 0.1, Diff: 0.1, Sum: 0.5]
      [GC Worker Total (ms): Min: 239.0, Avg: 239.1, Max: 239.2, Diff: 0.2, Sum: 3108.2]
      [GC Worker End (ms): Min: 84863.5, Avg: 84863.6, Max: 84863.6, Diff: 0.1]
   [Code Root Fixup: 0.4 ms]
   [Code Root Migration: 0.0 ms]
   [Clear CT: 2.8 ms]
   [Other: 12.4 ms]
      [Choose CSet: 0.0 ms]
      [Ref Proc: 7.0 ms]
      [Ref Enq: 0.8 ms]
      [Free CSet: 0.8 ms]
   [Eden: 1056.0M(1056.0M)->0.0B(1056.0M) Survivors: 160.0M->160.0M Heap: 11.6G(24.0G)->10.8G(24.0G)]
 [Times: user=2.82 sys=0.07, real=0.26 secs] 
2014-04-09T14:03:09.880+0900: 85.795: [GC pause (G1 Evacuation Pause) (young) (initial-mark), 0.2292597 secs]
   [Parallel Time: 211.6 ms, GC Workers: 13]
      [GC Worker Start (ms): Min: 85795.9, Avg: 85795.9, Max: 85796.0, Diff: 0.1]
      [Ext Root Scanning (ms): Min: 1.1, Avg: 1.4, Max: 3.1, Diff: 2.1, Sum: 17.9]
      [Code Root Marking (ms): Min: 0.0, Avg: 0.6, Max: 4.5, Diff: 4.5, Sum: 7.2]
      [Update RS (ms): Min: 0.0, Avg: 3.6, Max: 4.7, Diff: 4.7, Sum: 46.2]
         [Processed Buffers: Min: 0, Avg: 14.6, Max: 26, Diff: 26, Sum: 190]
      [Scan RS (ms): Min: 24.5, Avg: 25.0, Max: 25.4, Diff: 0.9, Sum: 324.4]
      [Code Root Scanning (ms): Min: 0.0, Avg: 0.0, Max: 0.0, Diff: 0.0, Sum: 0.0]
      [Object Copy (ms): Min: 180.3, Avg: 180.4, Max: 180.9, Diff: 0.6, Sum: 2345.8]
      [Termination (ms): Min: 0.0, Avg: 0.4, Max: 0.5, Diff: 0.5, Sum: 5.6]
      [GC Worker Other (ms): Min: 0.0, Avg: 0.0, Max: 0.1, Diff: 0.1, Sum: 0.5]
      [GC Worker Total (ms): Min: 211.3, Avg: 211.4, Max: 211.4, Diff: 0.2, Sum: 2747.6]
      [GC Worker End (ms): Min: 86007.3, Avg: 86007.3, Max: 86007.3, Diff: 0.1]
   [Code Root Fixup: 0.4 ms]
   [Code Root Migration: 0.0 ms]
   [Clear CT: 2.9 ms]
   [Other: 14.2 ms]
      [Choose CSet: 0.0 ms]
      [Ref Proc: 8.2 ms]
      [Ref Enq: 1.1 ms]
      [Free CSet: 0.7 ms]
   [Eden: 1056.0M(1056.0M)->0.0B(1056.0M) Survivors: 160.0M->160.0M Heap: 11.9G(24.0G)->11.1G(24.0G)]
 [Times: user=2.78 sys=0.01, real=0.23 secs] 
2014-04-09T14:03:10.109+0900: 86.025: [GC concurrent-root-region-scan-start]
2014-04-09T14:03:10.145+0900: 86.061: [GC concurrent-root-region-scan-end, 0.0360060 secs]
2014-04-09T14:03:10.145+0900: 86.061: [GC concurrent-mark-start]
2014-04-09T14:03:11.453+0900: 87.368: [GC pause (G1 Evacuation Pause) (young), 0.1363131 secs]
   [Parallel Time: 120.2 ms, GC Workers: 13]
      [GC Worker Start (ms): Min: 87368.3, Avg: 87368.4, Max: 87368.5, Diff: 0.2]
      [Ext Root Scanning (ms): Min: 1.5, Avg: 1.6, Max: 2.0, Diff: 0.6, Sum: 20.8]
      [SATB Filtering (ms): Min: 0.0, Avg: 0.2, Max: 2.2, Diff: 2.2, Sum: 2.2]
      [Update RS (ms): Min: 4.0, Avg: 20.7, Max: 54.2, Diff: 50.2, Sum: 268.6]
         [Processed Buffers: Min: 1, Avg: 15.1, Max: 34, Diff: 33, Sum: 196]
      [Scan RS (ms): Min: 0.0, Avg: 10.3, Max: 17.2, Diff: 17.1, Sum: 133.5]
      [Code Root Scanning (ms): Min: 0.0, Avg: 0.0, Max: 0.0, Diff: 0.0, Sum: 0.0]
      [Object Copy (ms): Min: 63.5, Avg: 86.6, Max: 95.2, Diff: 31.8, Sum: 1125.2]
      [Termination (ms): Min: 0.0, Avg: 0.4, Max: 0.5, Diff: 0.5, Sum: 5.2]
      [GC Worker Other (ms): Min: 0.0, Avg: 0.0, Max: 0.1, Diff: 0.1, Sum: 0.6]
      [GC Worker Total (ms): Min: 119.6, Avg: 119.7, Max: 119.8, Diff: 0.3, Sum: 1556.2]
      [GC Worker End (ms): Min: 87488.1, Avg: 87488.1, Max: 87488.2, Diff: 0.1]
   [Code Root Fixup: 0.4 ms]
   [Code Root Migration: 0.0 ms]
   [Clear CT: 3.4 ms]
   [Other: 12.3 ms]
      [Choose CSet: 0.0 ms]
      [Ref Proc: 7.8 ms]
      [Ref Enq: 0.9 ms]
      [Free CSet: 0.7 ms]
   [Eden: 1056.0M(1056.0M)->0.0B(1056.0M) Survivors: 160.0M->160.0M Heap: 12.1G(24.0G)->11.3G(24.0G)]
 [Times: user=1.56 sys=0.03, real=0.13 secs] 
2014-04-09T14:03:12.226+0900: 88.141: [GC concurrent-mark-end, 2.0805322 secs]
2014-04-09T14:03:12.228+0900: 88.143: [GC remark 88.183: [GC ref-proc, 0.0121986 secs], 0.0829092 secs]
 [Times: user=0.84 sys=0.00, real=0.09 secs] 
2014-04-09T14:03:12.312+0900: 88.227: [GC cleanup 11G->11G(24G), 0.0293346 secs]
 [Times: user=0.36 sys=0.00, real=0.03 secs] 
2014-04-09T14:03:12.767+0900: 88.682: [GC pause (G1 Evacuation Pause) (young), 0.1141853 secs]
   [Parallel Time: 99.2 ms, GC Workers: 13]
      [GC Worker Start (ms): Min: 88682.6, Avg: 88682.7, Max: 88682.8, Diff: 0.1]
      [Ext Root Scanning (ms): Min: 1.0, Avg: 1.4, Max: 1.7, Diff: 0.7, Sum: 17.9]
      [Update RS (ms): Min: 4.9, Avg: 5.7, Max: 6.6, Diff: 1.6, Sum: 74.4]
         [Processed Buffers: Min: 3, Avg: 14.6, Max: 30, Diff: 27, Sum: 190]
      [Scan RS (ms): Min: 10.2, Avg: 10.8, Max: 11.1, Diff: 1.0, Sum: 140.0]
      [Code Root Scanning (ms): Min: 0.0, Avg: 0.0, Max: 0.0, Diff: 0.0, Sum: 0.0]
      [Object Copy (ms): Min: 80.7, Avg: 81.0, Max: 81.6, Diff: 0.8, Sum: 1053.6]
      [Termination (ms): Min: 0.0, Avg: 0.1, Max: 0.2, Diff: 0.2, Sum: 1.9]
      [GC Worker Other (ms): Min: 0.0, Avg: 0.0, Max: 0.1, Diff: 0.0, Sum: 0.4]
      [GC Worker Total (ms): Min: 99.0, Avg: 99.1, Max: 99.2, Diff: 0.2, Sum: 1288.2]
      [GC Worker End (ms): Min: 88781.7, Avg: 88781.8, Max: 88781.8, Diff: 0.1]
   [Code Root Fixup: 0.4 ms]
   [Code Root Migration: 0.0 ms]
   [Clear CT: 3.1 ms]
   [Other: 11.5 ms]
      [Choose CSet: 0.0 ms]
      [Ref Proc: 7.0 ms]
      [Ref Enq: 0.9 ms]
      [Free CSet: 0.8 ms]
   [Eden: 1056.0M(1056.0M)->0.0B(1056.0M) Survivors: 160.0M->160.0M Heap: 12.4G(24.0G)->11.5G(24.0G)]
 [Times: user=1.28 sys=0.05, real=0.12 secs] 
2014-04-09T14:03:13.764+0900: 89.679: [GC pause (G1 Evacuation Pause) (mixed), 0.1643622 secs]
   [Parallel Time: 144.5 ms, GC Workers: 13]
      [GC Worker Start (ms): Min: 89679.5, Avg: 89679.6, Max: 89679.7, Diff: 0.1]
      [Ext Root Scanning (ms): Min: 1.3, Avg: 1.4, Max: 2.0, Diff: 0.7, Sum: 18.8]
      [Update RS (ms): Min: 4.7, Avg: 5.0, Max: 5.7, Diff: 1.0, Sum: 64.9]
         [Processed Buffers: Min: 7, Avg: 15.4, Max: 24, Diff: 17, Sum: 200]
      [Scan RS (ms): Min: 29.9, Avg: 30.9, Max: 31.3, Diff: 1.4, Sum: 401.1]
      [Code Root Scanning (ms): Min: 0.0, Avg: 0.0, Max: 0.0, Diff: 0.0, Sum: 0.1]
      [Object Copy (ms): Min: 106.7, Avg: 106.9, Max: 107.0, Diff: 0.3, Sum: 1389.1]
      [Termination (ms): Min: 0.0, Avg: 0.0, Max: 0.0, Diff: 0.0, Sum: 0.1]
      [GC Worker Other (ms): Min: 0.0, Avg: 0.0, Max: 0.1, Diff: 0.1, Sum: 0.5]
      [GC Worker Total (ms): Min: 144.1, Avg: 144.2, Max: 144.3, Diff: 0.2, Sum: 1874.5]
      [GC Worker End (ms): Min: 89823.8, Avg: 89823.8, Max: 89823.8, Diff: 0.1]
   [Code Root Fixup: 0.4 ms]
   [Code Root Migration: 0.0 ms]
   [Clear CT: 3.3 ms]
   [Other: 16.2 ms]
      [Choose CSet: 0.3 ms]
      [Ref Proc: 7.9 ms]
      [Ref Enq: 1.4 ms]
      [Free CSet: 1.6 ms]
   [Eden: 1056.0M(1056.0M)->0.0B(1056.0M) Survivors: 160.0M->160.0M Heap: 12.6G(24.0G)->11.2G(24.0G)]
 [Times: user=1.82 sys=0.11, real=0.16 secs] 
2014-04-09T14:03:14.862+0900: 90.777: [GC pause (G1 Evacuation Pause) (mixed), 0.1433236 secs]
   [Parallel Time: 126.2 ms, GC Workers: 13]
      [GC Worker Start (ms): Min: 90777.5, Avg: 90777.5, Max: 90777.6, Diff: 0.1]
      [Ext Root Scanning (ms): Min: 1.0, Avg: 1.4, Max: 2.1, Diff: 1.0, Sum: 18.6]
      [Update RS (ms): Min: 4.7, Avg: 5.7, Max: 6.7, Diff: 2.0, Sum: 73.7]
         [Processed Buffers: Min: 7, Avg: 14.7, Max: 25, Diff: 18, Sum: 191]
      [Scan RS (ms): Min: 21.1, Avg: 22.1, Max: 22.5, Diff: 1.4, Sum: 287.4]
      [Code Root Scanning (ms): Min: 0.0, Avg: 0.0, Max: 0.0, Diff: 0.0, Sum: 0.0]
      [Object Copy (ms): Min: 96.5, Avg: 96.7, Max: 97.1, Diff: 0.6, Sum: 1257.1]
      [Termination (ms): Min: 0.0, Avg: 0.0, Max: 0.0, Diff: 0.0, Sum: 0.0]
      [GC Worker Other (ms): Min: 0.0, Avg: 0.0, Max: 0.1, Diff: 0.1, Sum: 0.5]
      [GC Worker Total (ms): Min: 125.9, Avg: 126.0, Max: 126.0, Diff: 0.1, Sum: 1637.5]
      [GC Worker End (ms): Min: 90903.5, Avg: 90903.5, Max: 90903.5, Diff: 0.1]
   [Code Root Fixup: 0.4 ms]
   [Code Root Migration: 0.0 ms]
   [Clear CT: 3.0 ms]
   [Other: 13.6 ms]
      [Choose CSet: 0.1 ms]
      [Ref Proc: 7.3 ms]
      [Ref Enq: 0.9 ms]
      [Free CSet: 1.1 ms]
   [Eden: 1056.0M(1056.0M)->0.0B(1056.0M) Survivors: 160.0M->160.0M Heap: 12.2G(24.0G)->11.2G(24.0G)]
 [Times: user=1.64 sys=0.03, real=0.14 secs] 
2014-04-09T14:03:15.892+0900: 91.808: [GC pause (G1 Evacuation Pause) (young), 0.1157075 secs]
   [Parallel Time: 101.1 ms, GC Workers: 13]
      [GC Worker Start (ms): Min: 91808.1, Avg: 91808.2, Max: 91808.2, Diff: 0.1]
      [Ext Root Scanning (ms): Min: 1.3, Avg: 1.4, Max: 1.7, Diff: 0.4, Sum: 18.1]
      [Update RS (ms): Min: 4.9, Avg: 5.5, Max: 6.4, Diff: 1.5, Sum: 71.1]
         [Processed Buffers: Min: 8, Avg: 14.3, Max: 24, Diff: 16, Sum: 186]
      [Scan RS (ms): Min: 9.8, Avg: 10.7, Max: 11.3, Diff: 1.5, Sum: 138.8]
      [Code Root Scanning (ms): Min: 0.0, Avg: 0.0, Max: 0.0, Diff: 0.0, Sum: 0.0]
      [Object Copy (ms): Min: 83.3, Avg: 83.4, Max: 83.5, Diff: 0.2, Sum: 1083.9]
      [Termination (ms): Min: 0.0, Avg: 0.0, Max: 0.0, Diff: 0.0, Sum: 0.0]
      [GC Worker Other (ms): Min: 0.0, Avg: 0.0, Max: 0.1, Diff: 0.0, Sum: 0.5]
      [GC Worker Total (ms): Min: 100.9, Avg: 101.0, Max: 101.0, Diff: 0.1, Sum: 1312.5]
      [GC Worker End (ms): Min: 91909.1, Avg: 91909.1, Max: 91909.1, Diff: 0.0]
   [Code Root Fixup: 0.3 ms]
   [Code Root Migration: 0.0 ms]
   [Clear CT: 3.1 ms]
   [Other: 11.2 ms]
      [Choose CSet: 0.0 ms]
      [Ref Proc: 6.7 ms]
      [Ref Enq: 0.6 ms]
      [Free CSet: 0.7 ms]
   [Eden: 1056.0M(1056.0M)->0.0B(1056.0M) Survivors: 160.0M->160.0M Heap: 12.3G(24.0G)->11.5G(24.0G)]
 [Times: user=1.35 sys=0.01, real=0.11 secs] 
2014-04-09T14:03:16.866+0900: 92.781: [GC pause (G1 Evacuation Pause) (young) (initial-mark), 0.1163248 secs]
   [Parallel Time: 100.2 ms, GC Workers: 13]
      [GC Worker Start (ms): Min: 92781.6, Avg: 92781.7, Max: 92781.8, Diff: 0.2]
      [Ext Root Scanning (ms): Min: 1.1, Avg: 1.5, Max: 3.8, Diff: 2.7, Sum: 19.2]
      [Code Root Marking (ms): Min: 0.0, Avg: 0.5, Max: 4.4, Diff: 4.4, Sum: 7.0]
      [Update RS (ms): Min: 1.5, Avg: 5.5, Max: 7.2, Diff: 5.6, Sum: 71.8]
         [Processed Buffers: Min: 5, Avg: 15.5, Max: 30, Diff: 25, Sum: 201]
      [Scan RS (ms): Min: 10.3, Avg: 11.2, Max: 11.7, Diff: 1.4, Sum: 145.4]
      [Code Root Scanning (ms): Min: 0.0, Avg: 0.0, Max: 0.0, Diff: 0.0, Sum: 0.0]
      [Object Copy (ms): Min: 80.9, Avg: 81.1, Max: 81.5, Diff: 0.7, Sum: 1054.5]
      [Termination (ms): Min: 0.0, Avg: 0.0, Max: 0.0, Diff: 0.0, Sum: 0.0]
      [GC Worker Other (ms): Min: 0.0, Avg: 0.0, Max: 0.1, Diff: 0.0, Sum: 0.5]
      [GC Worker Total (ms): Min: 99.8, Avg: 99.9, Max: 100.0, Diff: 0.2, Sum: 1298.6]
      [GC Worker End (ms): Min: 92881.6, Avg: 92881.6, Max: 92881.6, Diff: 0.0]
   [Code Root Fixup: 0.3 ms]
   [Code Root Migration: 0.0 ms]
   [Clear CT: 3.2 ms]
   [Other: 12.6 ms]
      [Choose CSet: 0.0 ms]
      [Ref Proc: 7.4 ms]
      [Ref Enq: 1.0 ms]
      [Free CSet: 0.7 ms]
   [Eden: 1056.0M(1056.0M)->0.0B(1056.0M) Survivors: 160.0M->160.0M Heap: 12.5G(24.0G)->11.7G(24.0G)]
 [Times: user=1.32 sys=0.02, real=0.12 secs] 
2014-04-09T14:03:16.982+0900: 92.898: [GC concurrent-root-region-scan-start]
2014-04-09T14:03:17.026+0900: 92.941: [GC concurrent-root-region-scan-end, 0.0438448 secs]
2014-04-09T14:03:17.026+0900: 92.941: [GC concurrent-mark-start]
2014-04-09T14:03:18.200+0900: 94.116: [GC pause (G1 Evacuation Pause) (young), 0.1214694 secs]
   [Parallel Time: 104.7 ms, GC Workers: 13]
      [GC Worker Start (ms): Min: 94116.1, Avg: 94116.4, Max: 94116.5, Diff: 0.4]
      [Ext Root Scanning (ms): Min: 1.4, Avg: 1.5, Max: 1.8, Diff: 0.4, Sum: 20.0]
      [SATB Filtering (ms): Min: 0.0, Avg: 0.1, Max: 1.7, Diff: 1.7, Sum: 1.7]
      [Update RS (ms): Min: 3.9, Avg: 11.7, Max: 55.2, Diff: 51.3, Sum: 151.6]
         [Processed Buffers: Min: 8, Avg: 14.3, Max: 21, Diff: 13, Sum: 186]
      [Scan RS (ms): Min: 0.0, Avg: 11.3, Max: 13.8, Diff: 13.8, Sum: 146.9]
      [Code Root Scanning (ms): Min: 0.0, Avg: 0.0, Max: 0.0, Diff: 0.0, Sum: 0.0]
      [Object Copy (ms): Min: 47.2, Avg: 79.2, Max: 83.8, Diff: 36.6, Sum: 1030.1]
      [Termination (ms): Min: 0.0, Avg: 0.0, Max: 0.0, Diff: 0.0, Sum: 0.4]
      [GC Worker Other (ms): Min: 0.0, Avg: 0.0, Max: 0.1, Diff: 0.1, Sum: 0.6]
      [GC Worker Total (ms): Min: 103.8, Avg: 103.9, Max: 104.1, Diff: 0.3, Sum: 1351.3]
      [GC Worker End (ms): Min: 94220.3, Avg: 94220.3, Max: 94220.3, Diff: 0.1]
   [Code Root Fixup: 0.4 ms]
   [Code Root Migration: 0.0 ms]
   [Clear CT: 3.7 ms]
   [Other: 12.7 ms]
      [Choose CSet: 0.0 ms]
      [Ref Proc: 7.9 ms]
      [Ref Enq: 1.0 ms]
      [Free CSet: 0.7 ms]
   [Eden: 1056.0M(1056.0M)->0.0B(1056.0M) Survivors: 160.0M->160.0M Heap: 12.8G(24.0G)->12.0G(24.0G)]
 [Times: user=1.39 sys=0.01, real=0.13 secs] 
2014-04-09T14:03:19.213+0900: 95.129: [GC concurrent-mark-end, 2.1870929 secs]
2014-04-09T14:03:19.215+0900: 95.130: [GC remark 95.165: [GC ref-proc, 0.0118795 secs], 0.0793424 secs]
 [Times: user=0.80 sys=0.00, real=0.08 secs] 
2014-04-09T14:03:19.296+0900: 95.211: [GC cleanup 12G->12G(24G), 0.0305555 secs]
 [Times: user=0.38 sys=0.00, real=0.03 secs] 
2014-04-09T14:03:19.558+0900: 95.473: [GC pause (G1 Evacuation Pause) (young), 0.1205375 secs]
   [Parallel Time: 104.2 ms, GC Workers: 13]
      [GC Worker Start (ms): Min: 95473.6, Avg: 95473.7, Max: 95473.8, Diff: 0.1]
      [Ext Root Scanning (ms): Min: 1.1, Avg: 1.5, Max: 1.9, Diff: 0.8, Sum: 19.5]
      [Update RS (ms): Min: 5.3, Avg: 5.8, Max: 6.7, Diff: 1.5, Sum: 75.6]
         [Processed Buffers: Min: 9, Avg: 15.4, Max: 25, Diff: 16, Sum: 200]
      [Scan RS (ms): Min: 10.2, Avg: 11.1, Max: 11.4, Diff: 1.2, Sum: 144.1]
      [Code Root Scanning (ms): Min: 0.0, Avg: 0.0, Max: 0.0, Diff: 0.0, Sum: 0.0]
      [Object Copy (ms): Min: 85.3, Avg: 85.5, Max: 86.0, Diff: 0.7, Sum: 1111.8]
      [Termination (ms): Min: 0.0, Avg: 0.0, Max: 0.0, Diff: 0.0, Sum: 0.1]
      [GC Worker Other (ms): Min: 0.0, Avg: 0.0, Max: 0.1, Diff: 0.1, Sum: 0.5]
      [GC Worker Total (ms): Min: 103.9, Avg: 104.0, Max: 104.0, Diff: 0.2, Sum: 1351.5]
      [GC Worker End (ms): Min: 95577.6, Avg: 95577.7, Max: 95577.7, Diff: 0.1]
   [Code Root Fixup: 0.3 ms]
   [Code Root Migration: 0.0 ms]
   [Clear CT: 3.5 ms]
   [Other: 12.4 ms]
      [Choose CSet: 0.0 ms]
      [Ref Proc: 7.4 ms]
      [Ref Enq: 1.1 ms]
      [Free CSet: 0.8 ms]
   [Eden: 1056.0M(1056.0M)->0.0B(1056.0M) Survivors: 160.0M->160.0M Heap: 13.0G(24.0G)->12.2G(24.0G)]
 [Times: user=1.34 sys=0.06, real=0.12 secs] 
2014-04-09T14:03:20.547+0900: 96.463: [GC pause (G1 Evacuation Pause) (mixed), 0.1701694 secs]
   [Parallel Time: 150.0 ms, GC Workers: 13]
      [GC Worker Start (ms): Min: 96463.5, Avg: 96463.5, Max: 96463.6, Diff: 0.1]
      [Ext Root Scanning (ms): Min: 1.0, Avg: 1.4, Max: 2.6, Diff: 1.6, Sum: 18.7]
      [Update RS (ms): Min: 4.5, Avg: 9.3, Max: 54.4, Diff: 49.9, Sum: 120.7]
         [Processed Buffers: Min: 4, Avg: 14.8, Max: 24, Diff: 20, Sum: 192]
      [Scan RS (ms): Min: 0.0, Avg: 33.6, Max: 37.0, Diff: 37.0, Sum: 437.2]
      [Code Root Scanning (ms): Min: 0.0, Avg: 0.0, Max: 0.0, Diff: 0.0, Sum: 0.1]
      [Object Copy (ms): Min: 93.5, Avg: 105.1, Max: 107.6, Diff: 14.1, Sum: 1366.0]
      [Termination (ms): Min: 0.0, Avg: 0.4, Max: 0.5, Diff: 0.5, Sum: 5.3]
      [GC Worker Other (ms): Min: 0.0, Avg: 0.0, Max: 0.1, Diff: 0.1, Sum: 0.5]
      [GC Worker Total (ms): Min: 149.8, Avg: 149.9, Max: 150.0, Diff: 0.2, Sum: 1948.5]
      [GC Worker End (ms): Min: 96613.4, Avg: 96613.4, Max: 96613.4, Diff: 0.1]
   [Code Root Fixup: 0.4 ms]
   [Code Root Migration: 0.0 ms]
   [Clear CT: 3.7 ms]
   [Other: 16.0 ms]
      [Choose CSet: 0.3 ms]
      [Ref Proc: 7.2 ms]
      [Ref Enq: 1.0 ms]
      [Free CSet: 1.6 ms]
   [Eden: 1056.0M(1056.0M)->0.0B(1056.0M) Survivors: 160.0M->160.0M Heap: 13.2G(24.0G)->11.8G(24.0G)]
 [Times: user=1.90 sys=0.10, real=0.17 secs] 
2014-04-09T14:03:21.652+0900: 97.568: [GC pause (G1 Evacuation Pause) (mixed), 0.1512719 secs]
   [Parallel Time: 132.7 ms, GC Workers: 13]
      [GC Worker Start (ms): Min: 97568.3, Avg: 97568.4, Max: 97568.4, Diff: 0.1]
      [Ext Root Scanning (ms): Min: 1.3, Avg: 1.4, Max: 2.0, Diff: 0.7, Sum: 18.3]
      [Update RS (ms): Min: 5.2, Avg: 5.6, Max: 6.7, Diff: 1.6, Sum: 72.9]
         [Processed Buffers: Min: 6, Avg: 14.1, Max: 22, Diff: 16, Sum: 183]
      [Scan RS (ms): Min: 23.3, Avg: 24.2, Max: 24.7, Diff: 1.4, Sum: 314.4]
      [Code Root Scanning (ms): Min: 0.0, Avg: 0.0, Max: 0.0, Diff: 0.0, Sum: 0.0]
      [Object Copy (ms): Min: 101.0, Avg: 101.2, Max: 101.3, Diff: 0.4, Sum: 1315.2]
      [Termination (ms): Min: 0.0, Avg: 0.0, Max: 0.0, Diff: 0.0, Sum: 0.1]
      [GC Worker Other (ms): Min: 0.0, Avg: 0.0, Max: 0.1, Diff: 0.1, Sum: 0.5]
      [GC Worker Total (ms): Min: 132.3, Avg: 132.4, Max: 132.5, Diff: 0.2, Sum: 1721.4]
      [GC Worker End (ms): Min: 97700.8, Avg: 97700.8, Max: 97700.8, Diff: 0.1]
   [Code Root Fixup: 0.4 ms]
   [Code Root Migration: 0.0 ms]
   [Clear CT: 3.4 ms]
   [Other: 14.8 ms]
      [Choose CSet: 0.2 ms]
      [Ref Proc: 7.7 ms]
      [Ref Enq: 1.1 ms]
      [Free CSet: 1.2 ms]
   [Eden: 1056.0M(1056.0M)->0.0B(1056.0M) Survivors: 160.0M->160.0M Heap: 12.8G(24.0G)->11.9G(24.0G)]
 [Times: user=1.74 sys=0.03, real=0.15 secs] 
2014-04-09T14:03:22.697+0900: 98.613: [GC pause (G1 Evacuation Pause) (young), 0.1120990 secs]
   [Parallel Time: 97.6 ms, GC Workers: 13]
      [GC Worker Start (ms): Min: 98613.1, Avg: 98613.2, Max: 98613.3, Diff: 0.1]
      [Ext Root Scanning (ms): Min: 1.4, Avg: 1.5, Max: 1.8, Diff: 0.4, Sum: 19.4]
      [Update RS (ms): Min: 4.9, Avg: 5.2, Max: 5.9, Diff: 1.1, Sum: 67.8]
         [Processed Buffers: Min: 7, Avg: 16.2, Max: 38, Diff: 31, Sum: 210]
      [Scan RS (ms): Min: 10.9, Avg: 11.5, Max: 12.0, Diff: 1.1, Sum: 150.1]
      [Code Root Scanning (ms): Min: 0.0, Avg: 0.0, Max: 0.0, Diff: 0.0, Sum: 0.0]
      [Object Copy (ms): Min: 78.9, Avg: 79.0, Max: 79.2, Diff: 0.3, Sum: 1027.5]
      [Termination (ms): Min: 0.0, Avg: 0.0, Max: 0.0, Diff: 0.0, Sum: 0.3]
      [GC Worker Other (ms): Min: 0.0, Avg: 0.0, Max: 0.1, Diff: 0.1, Sum: 0.5]
      [GC Worker Total (ms): Min: 97.3, Avg: 97.4, Max: 97.5, Diff: 0.2, Sum: 1265.7]
      [GC Worker End (ms): Min: 98710.5, Avg: 98710.6, Max: 98710.6, Diff: 0.1]
   [Code Root Fixup: 0.3 ms]
   [Code Root Migration: 0.0 ms]
   [Clear CT: 3.2 ms]
   [Other: 10.9 ms]
      [Choose CSet: 0.0 ms]
      [Ref Proc: 6.6 ms]
      [Ref Enq: 0.7 ms]
      [Free CSet: 0.7 ms]
   [Eden: 1056.0M(1056.0M)->0.0B(1056.0M) Survivors: 160.0M->160.0M Heap: 12.9G(24.0G)->12.1G(24.0G)]
 [Times: user=1.30 sys=0.01, real=0.11 secs] 
2014-04-09T14:03:23.669+0900: 99.585: [GC pause (G1 Evacuation Pause) (young) (initial-mark), 0.1175819 secs]
   [Parallel Time: 100.8 ms, GC Workers: 13]
      [GC Worker Start (ms): Min: 99585.4, Avg: 99585.5, Max: 99585.5, Diff: 0.1]
      [Ext Root Scanning (ms): Min: 1.1, Avg: 1.4, Max: 3.7, Diff: 2.6, Sum: 18.5]
      [Code Root Marking (ms): Min: 0.0, Avg: 0.7, Max: 6.3, Diff: 6.3, Sum: 9.1]
      [Update RS (ms): Min: 0.0, Avg: 5.5, Max: 7.0, Diff: 7.0, Sum: 71.9]
         [Processed Buffers: Min: 0, Avg: 14.8, Max: 29, Diff: 29, Sum: 192]
      [Scan RS (ms): Min: 11.0, Avg: 11.7, Max: 12.1, Diff: 1.1, Sum: 152.3]
      [Code Root Scanning (ms): Min: 0.0, Avg: 0.0, Max: 0.0, Diff: 0.0, Sum: 0.0]
      [Object Copy (ms): Min: 80.6, Avg: 80.8, Max: 81.3, Diff: 0.7, Sum: 1050.8]
      [Termination (ms): Min: 0.0, Avg: 0.4, Max: 0.4, Diff: 0.4, Sum: 5.0]
      [GC Worker Other (ms): Min: 0.0, Avg: 0.0, Max: 0.0, Diff: 0.0, Sum: 0.3]
      [GC Worker Total (ms): Min: 100.5, Avg: 100.6, Max: 100.7, Diff: 0.1, Sum: 1307.9]
      [GC Worker End (ms): Min: 99686.0, Avg: 99686.1, Max: 99686.1, Diff: 0.1]
   [Code Root Fixup: 0.4 ms]
   [Code Root Migration: 0.0 ms]
   [Clear CT: 3.4 ms]
   [Other: 12.9 ms]
      [Choose CSet: 0.0 ms]
      [Ref Proc: 7.5 ms]
      [Ref Enq: 0.9 ms]
      [Free CSet: 0.8 ms]
   [Eden: 1056.0M(1056.0M)->0.0B(1056.0M) Survivors: 160.0M->160.0M Heap: 13.1G(24.0G)->12.3G(24.0G)]
 [Times: user=1.35 sys=0.01, real=0.12 secs] 
2014-04-09T14:03:23.787+0900: 99.703: [GC concurrent-root-region-scan-start]
2014-04-09T14:03:23.841+0900: 99.757: [GC concurrent-root-region-scan-end, 0.0539916 secs]
2014-04-09T14:03:23.841+0900: 99.757: [GC concurrent-mark-start]
2014-04-09T14:03:25.078+0900: 100.994: [GC pause (G1 Evacuation Pause) (young), 0.0696964 secs]
   [Parallel Time: 61.5 ms, GC Workers: 13]
      [GC Worker Start (ms): Min: 100994.1, Avg: 100994.2, Max: 100994.2, Diff: 0.1]
      [Ext Root Scanning (ms): Min: 1.4, Avg: 1.5, Max: 1.8, Diff: 0.3, Sum: 19.6]
      [SATB Filtering (ms): Min: 0.0, Avg: 0.2, Max: 2.5, Diff: 2.5, Sum: 2.5]
      [Update RS (ms): Min: 3.9, Avg: 5.3, Max: 5.7, Diff: 1.7, Sum: 68.6]
         [Processed Buffers: Min: 4, Avg: 14.3, Max: 26, Diff: 22, Sum: 186]
      [Scan RS (ms): Min: 10.6, Avg: 11.5, Max: 11.9, Diff: 1.2, Sum: 149.8]
      [Code Root Scanning (ms): Min: 0.0, Avg: 0.0, Max: 0.0, Diff: 0.0, Sum: 0.0]
      [Object Copy (ms): Min: 42.6, Avg: 42.7, Max: 42.8, Diff: 0.2, Sum: 555.5]
      [Termination (ms): Min: 0.0, Avg: 0.0, Max: 0.0, Diff: 0.0, Sum: 0.1]
      [GC Worker Other (ms): Min: 0.0, Avg: 0.0, Max: 0.1, Diff: 0.1, Sum: 0.5]
      [GC Worker Total (ms): Min: 61.2, Avg: 61.3, Max: 61.4, Diff: 0.2, Sum: 796.6]
      [GC Worker End (ms): Min: 101055.4, Avg: 101055.4, Max: 101055.5, Diff: 0.1]
   [Code Root Fixup: 0.4 ms]
   [Code Root Migration: 0.0 ms]
   [Clear CT: 3.4 ms]
   [Other: 4.3 ms]
      [Choose CSet: 0.0 ms]
      [Ref Proc: 0.5 ms]
      [Ref Enq: 0.1 ms]
      [Free CSet: 0.8 ms]
   [Eden: 1056.0M(1056.0M)->0.0B(1056.0M) Survivors: 160.0M->160.0M Heap: 13.4G(24.0G)->12.5G(24.0G)]
 [Times: user=0.82 sys=0.01, real=0.07 secs] 
2014-04-09T14:03:26.194+0900: 102.109: [GC concurrent-mark-end, 2.3527422 secs]
2014-04-09T14:03:26.195+0900: 102.111: [GC remark 102.138: [GC ref-proc, 0.0125466 secs], 0.0738457 secs]
 [Times: user=0.72 sys=0.00, real=0.07 secs] 
2014-04-09T14:03:26.271+0900: 102.186: [GC cleanup 13G->13G(24G), 0.0311709 secs]
 [Times: user=0.38 sys=0.00, real=0.03 secs] 
2014-04-09T14:03:26.476+0900: 102.391: [GC pause (G1 Evacuation Pause) (young), 0.0633593 secs]
   [Parallel Time: 55.3 ms, GC Workers: 13]
      [GC Worker Start (ms): Min: 102391.7, Avg: 102391.8, Max: 102391.8, Diff: 0.2]
      [Ext Root Scanning (ms): Min: 1.3, Avg: 1.4, Max: 1.9, Diff: 0.5, Sum: 18.6]
      [Update RS (ms): Min: 5.4, Avg: 5.9, Max: 6.3, Diff: 0.9, Sum: 76.1]
         [Processed Buffers: Min: 7, Avg: 14.1, Max: 23, Diff: 16, Sum: 183]
      [Scan RS (ms): Min: 9.9, Avg: 10.3, Max: 10.5, Diff: 0.7, Sum: 134.0]
      [Code Root Scanning (ms): Min: 0.0, Avg: 0.0, Max: 0.0, Diff: 0.0, Sum: 0.0]
      [Object Copy (ms): Min: 37.0, Avg: 37.1, Max: 37.4, Diff: 0.5, Sum: 482.6]
      [Termination (ms): Min: 0.0, Avg: 0.3, Max: 0.3, Diff: 0.3, Sum: 3.7]
      [GC Worker Other (ms): Min: 0.0, Avg: 0.0, Max: 0.1, Diff: 0.1, Sum: 0.4]
      [GC Worker Total (ms): Min: 54.9, Avg: 55.0, Max: 55.2, Diff: 0.2, Sum: 715.6]
      [GC Worker End (ms): Min: 102446.7, Avg: 102446.8, Max: 102446.8, Diff: 0.1]
   [Code Root Fixup: 0.4 ms]
   [Code Root Migration: 0.0 ms]
   [Clear CT: 3.4 ms]
   [Other: 4.2 ms]
      [Choose CSet: 0.0 ms]
      [Ref Proc: 0.7 ms]
      [Ref Enq: 0.0 ms]
      [Free CSet: 0.7 ms]
   [Eden: 1056.0M(1056.0M)->0.0B(1056.0M) Survivors: 160.0M->160.0M Heap: 13.6G(24.0G)->12.7G(24.0G)]
 [Times: user=0.70 sys=0.05, real=0.06 secs] 
2014-04-09T14:03:27.489+0900: 103.405: [GC pause (G1 Evacuation Pause) (mixed), 0.1191971 secs]
   [Parallel Time: 107.5 ms, GC Workers: 13]
      [GC Worker Start (ms): Min: 103405.2, Avg: 103405.3, Max: 103405.4, Diff: 0.1]
      [Ext Root Scanning (ms): Min: 1.2, Avg: 1.4, Max: 2.0, Diff: 0.8, Sum: 18.2]
      [Update RS (ms): Min: 5.0, Avg: 6.1, Max: 6.8, Diff: 1.8, Sum: 78.9]
         [Processed Buffers: Min: 7, Avg: 15.4, Max: 27, Diff: 20, Sum: 200]
      [Scan RS (ms): Min: 29.2, Avg: 29.9, Max: 30.5, Diff: 1.3, Sum: 389.1]
      [Code Root Scanning (ms): Min: 0.0, Avg: 0.0, Max: 0.0, Diff: 0.0, Sum: 0.1]
      [Object Copy (ms): Min: 69.4, Avg: 69.9, Max: 70.1, Diff: 0.7, Sum: 908.9]
      [Termination (ms): Min: 0.0, Avg: 0.0, Max: 0.0, Diff: 0.0, Sum: 0.0]
      [GC Worker Other (ms): Min: 0.0, Avg: 0.0, Max: 0.1, Diff: 0.1, Sum: 0.5]
      [GC Worker Total (ms): Min: 107.3, Avg: 107.4, Max: 107.4, Diff: 0.1, Sum: 1395.8]
      [GC Worker End (ms): Min: 103512.6, Avg: 103512.7, Max: 103512.7, Diff: 0.1]
   [Code Root Fixup: 0.3 ms]
   [Code Root Migration: 0.0 ms]
   [Clear CT: 3.6 ms]
   [Other: 7.8 ms]
      [Choose CSet: 0.3 ms]
      [Ref Proc: 0.3 ms]
      [Ref Enq: 0.0 ms]
      [Free CSet: 1.6 ms]
   [Eden: 1056.0M(1056.0M)->0.0B(1056.0M) Survivors: 160.0M->160.0M Heap: 13.7G(24.0G)->12.3G(24.0G)]
 [Times: user=1.31 sys=0.13, real=0.12 secs] 
2014-04-09T14:03:54.079+0900: 129.995: [GC pause (G1 Evacuation Pause) (mixed), 0.0791285 secs]
   [Parallel Time: 68.3 ms, GC Workers: 13]
      [GC Worker Start (ms): Min: 129995.3, Avg: 129995.6, Max: 129995.9, Diff: 0.7]
      [Ext Root Scanning (ms): Min: 1.1, Avg: 1.5, Max: 2.2, Diff: 1.1, Sum: 20.0]
      [Update RS (ms): Min: 4.5, Avg: 5.1, Max: 5.7, Diff: 1.2, Sum: 66.9]
         [Processed Buffers: Min: 5, Avg: 15.4, Max: 39, Diff: 34, Sum: 200]
      [Scan RS (ms): Min: 17.4, Avg: 17.8, Max: 18.1, Diff: 0.6, Sum: 231.7]
      [Code Root Scanning (ms): Min: 0.0, Avg: 0.0, Max: 0.1, Diff: 0.1, Sum: 0.1]
      [Object Copy (ms): Min: 42.5, Avg: 42.7, Max: 43.2, Diff: 0.7, Sum: 554.9]
      [Termination (ms): Min: 0.0, Avg: 0.0, Max: 0.0, Diff: 0.0, Sum: 0.0]
      [GC Worker Other (ms): Min: 0.0, Avg: 0.1, Max: 0.1, Diff: 0.1, Sum: 0.7]
      [GC Worker Total (ms): Min: 66.9, Avg: 67.3, Max: 67.6, Diff: 0.7, Sum: 874.3]
      [GC Worker End (ms): Min: 130062.8, Avg: 130062.9, Max: 130062.9, Diff: 0.1]
   [Code Root Fixup: 0.2 ms]
   [Code Root Migration: 0.1 ms]
   [Clear CT: 4.0 ms]
   [Other: 6.5 ms]
      [Choose CSet: 0.1 ms]
      [Ref Proc: 1.0 ms]
      [Ref Enq: 0.0 ms]
      [Free CSet: 1.4 ms]
   [Eden: 1056.0M(1056.0M)->0.0B(1072.0M) Survivors: 160.0M->144.0M Heap: 13.3G(24.0G)->12.2G(24.0G)]
 [Times: user=0.89 sys=0.04, real=0.08 secs] 
2014-04-09T14:03:54.653+0900: 130.569: [GC pause (G1 Evacuation Pause) (young), 0.0309787 secs]
   [Parallel Time: 23.9 ms, GC Workers: 13]
      [GC Worker Start (ms): Min: 130568.9, Avg: 130569.1, Max: 130569.3, Diff: 0.4]
      [Ext Root Scanning (ms): Min: 1.2, Avg: 1.4, Max: 1.6, Diff: 0.4, Sum: 18.6]
      [Update RS (ms): Min: 0.9, Avg: 1.2, Max: 1.5, Diff: 0.6, Sum: 15.3]
         [Processed Buffers: Min: 0, Avg: 4.7, Max: 14, Diff: 14, Sum: 61]
      [Scan RS (ms): Min: 5.7, Avg: 5.9, Max: 6.2, Diff: 0.5, Sum: 77.2]
      [Code Root Scanning (ms): Min: 0.0, Avg: 0.0, Max: 0.1, Diff: 0.1, Sum: 0.1]
      [Object Copy (ms): Min: 14.0, Avg: 14.2, Max: 14.3, Diff: 0.3, Sum: 184.9]
      [Termination (ms): Min: 0.0, Avg: 0.0, Max: 0.0, Diff: 0.0, Sum: 0.0]
      [GC Worker Other (ms): Min: 0.0, Avg: 0.0, Max: 0.1, Diff: 0.1, Sum: 0.4]
      [GC Worker Total (ms): Min: 22.6, Avg: 22.8, Max: 23.0, Diff: 0.5, Sum: 296.6]
      [GC Worker End (ms): Min: 130591.9, Avg: 130591.9, Max: 130592.0, Diff: 0.1]
   [Code Root Fixup: 0.2 ms]
   [Code Root Migration: 0.2 ms]
   [Clear CT: 4.0 ms]
   [Other: 2.7 ms]
      [Choose CSet: 0.0 ms]
      [Ref Proc: 0.9 ms]
      [Ref Enq: 0.0 ms]
      [Free CSet: 0.3 ms]
   [Eden: 1072.0M(1072.0M)->0.0B(1104.0M) Survivors: 144.0M->112.0M Heap: 13.3G(24.0G)->12.3G(24.0G)]
 [Times: user=0.36 sys=0.00, real=0.03 secs] 
2014-04-09T14:03:55.046+0900: 130.961: [GC pause (G1 Humongous Allocation) (young) (initial-mark), 0.0117395 secs]
   [Parallel Time: 9.5 ms, GC Workers: 13]
      [GC Worker Start (ms): Min: 130961.7, Avg: 130961.8, Max: 130961.9, Diff: 0.3]
      [Ext Root Scanning (ms): Min: 1.3, Avg: 1.8, Max: 4.0, Diff: 2.7, Sum: 23.8]
      [Code Root Marking (ms): Min: 0.0, Avg: 0.7, Max: 6.7, Diff: 6.6, Sum: 9.7]
      [Update RS (ms): Min: 0.0, Avg: 1.1, Max: 2.4, Diff: 2.4, Sum: 13.8]
         [Processed Buffers: Min: 0, Avg: 3.8, Max: 14, Diff: 14, Sum: 50]
      [Scan RS (ms): Min: 0.0, Avg: 0.1, Max: 0.3, Diff: 0.3, Sum: 1.3]
      [Code Root Scanning (ms): Min: 0.0, Avg: 0.0, Max: 0.0, Diff: 0.0, Sum: 0.0]
      [Object Copy (ms): Min: 0.7, Avg: 2.6, Max: 4.3, Diff: 3.5, Sum: 34.0]
      [Termination (ms): Min: 0.0, Avg: 2.6, Max: 4.1, Diff: 4.1, Sum: 33.9]
      [GC Worker Other (ms): Min: 0.0, Avg: 0.0, Max: 0.0, Diff: 0.0, Sum: 0.3]
      [GC Worker Total (ms): Min: 8.8, Avg: 9.0, Max: 9.1, Diff: 0.3, Sum: 116.9]
      [GC Worker End (ms): Min: 130970.8, Avg: 130970.8, Max: 130970.8, Diff: 0.0]
   [Code Root Fixup: 0.1 ms]
   [Code Root Migration: 0.0 ms]
   [Clear CT: 0.6 ms]
   [Other: 1.5 ms]
      [Choose CSet: 0.0 ms]
      [Ref Proc: 0.5 ms]
      [Ref Enq: 0.0 ms]
      [Free CSet: 0.2 ms]
   [Eden: 784.0M(1104.0M)->0.0B(1152.0M) Survivors: 112.0M->64.0M Heap: 13.1G(24.0G)->12.3G(24.0G)]
 [Times: user=0.13 sys=0.00, real=0.02 secs] 
2014-04-09T14:03:55.058+0900: 130.973: [GC concurrent-root-region-scan-start]
2014-04-09T14:03:55.079+0900: 130.994: [GC concurrent-root-region-scan-end, 0.0206100 secs]
2014-04-09T14:03:55.079+0900: 130.994: [GC concurrent-mark-start]
2014-04-09T14:03:56.273+0900: 132.188: [GC pause (G1 Evacuation Pause) (young), 0.1087335 secs]
   [Parallel Time: 100.9 ms, GC Workers: 13]
      [GC Worker Start (ms): Min: 132188.8, Avg: 132189.0, Max: 132189.2, Diff: 0.4]
      [Ext Root Scanning (ms): Min: 1.4, Avg: 7.1, Max: 11.9, Diff: 10.5, Sum: 92.3]
      [SATB Filtering (ms): Min: 0.0, Avg: 0.1, Max: 0.8, Diff: 0.8, Sum: 0.8]
      [Update RS (ms): Min: 0.0, Avg: 2.8, Max: 6.8, Diff: 6.8, Sum: 36.4]
         [Processed Buffers: Min: 0, Avg: 11.5, Max: 58, Diff: 58, Sum: 150]
      [Scan RS (ms): Min: 7.8, Avg: 10.4, Max: 14.6, Diff: 6.8, Sum: 134.8]
      [Code Root Scanning (ms): Min: 0.0, Avg: 0.0, Max: 0.0, Diff: 0.0, Sum: 0.1]
      [Object Copy (ms): Min: 77.3, Avg: 79.5, Max: 80.4, Diff: 3.1, Sum: 1033.6]
      [Termination (ms): Min: 0.0, Avg: 0.5, Max: 0.8, Diff: 0.8, Sum: 6.5]
      [GC Worker Other (ms): Min: 0.0, Avg: 0.0, Max: 0.0, Diff: 0.0, Sum: 0.3]
      [GC Worker Total (ms): Min: 100.2, Avg: 100.4, Max: 100.6, Diff: 0.4, Sum: 1304.8]
      [GC Worker End (ms): Min: 132289.3, Avg: 132289.4, Max: 132289.4, Diff: 0.0]
   [Code Root Fixup: 0.3 ms]
   [Code Root Migration: 0.1 ms]
   [Clear CT: 3.9 ms]
   [Other: 3.5 ms]
      [Choose CSet: 0.0 ms]
      [Ref Proc: 0.7 ms]
      [Ref Enq: 0.0 ms]
      [Free CSet: 0.6 ms]
   [Eden: 1152.0M(1152.0M)->0.0B(1056.0M) Survivors: 64.0M->160.0M Heap: 13.9G(24.0G)->13.0G(24.0G)]
 [Times: user=1.11 sys=0.46, real=0.11 secs] 
2014-04-09T14:03:57.311+0900: 133.226: [GC concurrent-mark-end, 2.2320418 secs]
2014-04-09T14:03:57.312+0900: 133.228: [GC remark 133.228: [GC ref-proc, 0.0178306 secs], 0.0442182 secs]
 [Times: user=0.28 sys=0.00, real=0.05 secs] 
2014-04-09T14:03:57.358+0900: 133.274: [GC cleanup 13G->13G(24G), 0.0288401 secs]
 [Times: user=0.35 sys=0.00, real=0.03 secs] 
2014-04-09T14:03:58.447+0900: 134.362: [GC pause (G1 Evacuation Pause) (young), 0.1433243 secs]
   [Parallel Time: 133.7 ms, GC Workers: 13]
      [GC Worker Start (ms): Min: 134362.3, Avg: 134362.5, Max: 134362.7, Diff: 0.3]
      [Ext Root Scanning (ms): Min: 0.8, Avg: 1.2, Max: 2.5, Diff: 1.7, Sum: 15.2]
      [Update RS (ms): Min: 0.5, Avg: 1.7, Max: 3.4, Diff: 2.9, Sum: 22.7]
         [Processed Buffers: Min: 0, Avg: 7.6, Max: 18, Diff: 18, Sum: 99]
      [Scan RS (ms): Min: 14.9, Avg: 15.8, Max: 16.2, Diff: 1.3, Sum: 205.6]
      [Code Root Scanning (ms): Min: 0.0, Avg: 0.0, Max: 0.0, Diff: 0.0, Sum: 0.1]
      [Object Copy (ms): Min: 112.2, Avg: 114.1, Max: 115.2, Diff: 3.0, Sum: 1482.7]
      [Termination (ms): Min: 0.0, Avg: 0.2, Max: 0.3, Diff: 0.3, Sum: 3.0]
      [GC Worker Other (ms): Min: 0.0, Avg: 0.0, Max: 0.1, Diff: 0.0, Sum: 0.3]
      [GC Worker Total (ms): Min: 132.9, Avg: 133.0, Max: 133.2, Diff: 0.4, Sum: 1729.6]
      [GC Worker End (ms): Min: 134495.5, Avg: 134495.6, Max: 134495.6, Diff: 0.1]
   [Code Root Fixup: 0.3 ms]
   [Code Root Migration: 0.1 ms]
   [Clear CT: 4.6 ms]
   [Other: 4.7 ms]
      [Choose CSet: 0.0 ms]
      [Ref Proc: 0.8 ms]
      [Ref Enq: 0.0 ms]
      [Free CSet: 0.9 ms]
   [Eden: 1056.0M(1056.0M)->0.0B(1056.0M) Survivors: 160.0M->160.0M Heap: 14.4G(24.0G)->13.6G(24.0G)]
 [Times: user=1.10 sys=0.65, real=0.14 secs] 
2014-04-09T14:04:00.025+0900: 135.940: [GC pause (G1 Evacuation Pause) (mixed), 0.2249876 secs]
   [Parallel Time: 210.0 ms, GC Workers: 13]
      [GC Worker Start (ms): Min: 135941.3, Avg: 135941.5, Max: 135941.7, Diff: 0.4]
      [Ext Root Scanning (ms): Min: 0.6, Avg: 1.3, Max: 4.8, Diff: 4.2, Sum: 16.4]
      [Update RS (ms): Min: 0.0, Avg: 1.6, Max: 3.4, Diff: 3.4, Sum: 20.7]
         [Processed Buffers: Min: 0, Avg: 6.8, Max: 17, Diff: 17, Sum: 88]
      [Scan RS (ms): Min: 35.3, Avg: 36.6, Max: 37.1, Diff: 1.7, Sum: 475.5]
      [Code Root Scanning (ms): Min: 0.0, Avg: 0.0, Max: 0.0, Diff: 0.0, Sum: 0.1]
      [Object Copy (ms): Min: 167.2, Avg: 169.6, Max: 170.9, Diff: 3.7, Sum: 2205.1]
      [Termination (ms): Min: 0.0, Avg: 0.0, Max: 0.0, Diff: 0.0, Sum: 0.1]
      [GC Worker Other (ms): Min: 0.0, Avg: 0.0, Max: 0.1, Diff: 0.1, Sum: 0.6]
      [GC Worker Total (ms): Min: 208.9, Avg: 209.1, Max: 209.4, Diff: 0.5, Sum: 2718.5]
      [GC Worker End (ms): Min: 136150.6, Avg: 136150.6, Max: 136150.7, Diff: 0.1]
   [Code Root Fixup: 0.3 ms]
   [Code Root Migration: 0.0 ms]
   [Clear CT: 5.2 ms]
   [Other: 9.5 ms]
      [Choose CSet: 0.5 ms]
      [Ref Proc: 0.8 ms]
      [Ref Enq: 0.0 ms]
      [Free CSet: 2.0 ms]
   [Eden: 1056.0M(1056.0M)->0.0B(1056.0M) Survivors: 160.0M->160.0M Heap: 14.9G(24.0G)->13.4G(24.0G)]
 [Times: user=2.25 sys=0.54, real=0.23 secs] 
2014-04-09T14:04:01.145+0900: 137.061: [GC pause (G1 Evacuation Pause) (mixed), 0.1987390 secs]
   [Parallel Time: 182.8 ms, GC Workers: 13]
      [GC Worker Start (ms): Min: 137061.5, Avg: 137061.7, Max: 137061.9, Diff: 0.4]
      [Ext Root Scanning (ms): Min: 1.1, Avg: 1.7, Max: 2.4, Diff: 1.3, Sum: 21.6]
      [Update RS (ms): Min: 1.5, Avg: 2.3, Max: 4.3, Diff: 2.7, Sum: 29.4]
         [Processed Buffers: Min: 1, Avg: 5.5, Max: 16, Diff: 15, Sum: 72]
      [Scan RS (ms): Min: 44.4, Avg: 46.5, Max: 47.5, Diff: 3.1, Sum: 603.9]
      [Code Root Scanning (ms): Min: 0.0, Avg: 0.0, Max: 0.0, Diff: 0.0, Sum: 0.1]
      [Object Copy (ms): Min: 131.2, Avg: 131.6, Max: 132.3, Diff: 1.0, Sum: 1710.4]
      [Termination (ms): Min: 0.0, Avg: 0.0, Max: 0.0, Diff: 0.0, Sum: 0.1]
      [GC Worker Other (ms): Min: 0.0, Avg: 0.0, Max: 0.1, Diff: 0.1, Sum: 0.4]
      [GC Worker Total (ms): Min: 181.8, Avg: 182.0, Max: 182.2, Diff: 0.4, Sum: 2365.8]
      [GC Worker End (ms): Min: 137243.6, Avg: 137243.7, Max: 137243.7, Diff: 0.1]
   [Code Root Fixup: 0.3 ms]
   [Code Root Migration: 0.1 ms]
   [Clear CT: 5.1 ms]
   [Other: 10.5 ms]
      [Choose CSet: 0.6 ms]
      [Ref Proc: 0.8 ms]
      [Ref Enq: 0.0 ms]
      [Free CSet: 2.1 ms]
   [Eden: 1056.0M(1056.0M)->0.0B(1056.0M) Survivors: 160.0M->160.0M Heap: 14.7G(24.0G)->13.3G(24.0G)]
 [Times: user=2.31 sys=0.11, real=0.20 secs] 
2014-04-09T14:04:02.152+0900: 138.068: [GC pause (G1 Evacuation Pause) (mixed), 0.1499539 secs]
   [Parallel Time: 135.9 ms, GC Workers: 13]
      [GC Worker Start (ms): Min: 138068.8, Avg: 138069.1, Max: 138069.4, Diff: 0.6]
      [Ext Root Scanning (ms): Min: 0.7, Avg: 1.5, Max: 2.4, Diff: 1.7, Sum: 19.8]
      [Update RS (ms): Min: 1.7, Avg: 8.0, Max: 71.4, Diff: 69.7, Sum: 103.6]
         [Processed Buffers: Min: 5, Avg: 11.6, Max: 19, Diff: 14, Sum: 151]
      [Scan RS (ms): Min: 0.0, Avg: 32.9, Max: 36.1, Diff: 36.1, Sum: 427.2]
      [Code Root Scanning (ms): Min: 0.0, Avg: 0.0, Max: 0.0, Diff: 0.0, Sum: 0.0]
      [Object Copy (ms): Min: 61.8, Avg: 92.4, Max: 96.3, Diff: 34.5, Sum: 1201.7]
      [Termination (ms): Min: 0.0, Avg: 0.0, Max: 0.0, Diff: 0.0, Sum: 0.0]
      [GC Worker Other (ms): Min: 0.0, Avg: 0.0, Max: 0.1, Diff: 0.1, Sum: 0.5]
      [GC Worker Total (ms): Min: 134.5, Avg: 134.8, Max: 135.1, Diff: 0.6, Sum: 1752.9]
      [GC Worker End (ms): Min: 138203.9, Avg: 138203.9, Max: 138204.0, Diff: 0.1]
   [Code Root Fixup: 0.2 ms]
   [Code Root Migration: 0.0 ms]
   [Clear CT: 4.7 ms]
   [Other: 9.1 ms]
      [Choose CSet: 0.3 ms]
      [Ref Proc: 1.2 ms]
      [Ref Enq: 0.0 ms]
      [Free CSet: 1.7 ms]
   [Eden: 1056.0M(1056.0M)->0.0B(1056.0M) Survivors: 160.0M->160.0M Heap: 14.7G(24.0G)->13.6G(24.0G)]
 [Times: user=1.73 sys=0.07, real=0.15 secs] 
2014-04-09T14:04:02.381+0900: 138.296: [GC pause (G1 Humongous Allocation) (young) (initial-mark), 0.1082417 secs]
   [Parallel Time: 100.8 ms, GC Workers: 13]
      [GC Worker Start (ms): Min: 138296.9, Avg: 138297.2, Max: 138297.5, Diff: 0.6]
      [Ext Root Scanning (ms): Min: 0.7, Avg: 1.1, Max: 3.0, Diff: 2.3, Sum: 13.9]
      [Code Root Marking (ms): Min: 0.0, Avg: 0.7, Max: 5.0, Diff: 5.0, Sum: 8.6]
      [Update RS (ms): Min: 49.4, Avg: 57.8, Max: 97.6, Diff: 48.2, Sum: 751.3]
         [Processed Buffers: Min: 22, Avg: 29.7, Max: 39, Diff: 17, Sum: 386]
      [Scan RS (ms): Min: 0.0, Avg: 3.3, Max: 4.7, Diff: 4.7, Sum: 42.6]
      [Code Root Scanning (ms): Min: 0.0, Avg: 0.0, Max: 0.0, Diff: 0.0, Sum: 0.0]
      [Object Copy (ms): Min: 0.6, Avg: 29.5, Max: 37.2, Diff: 36.6, Sum: 383.5]
      [Termination (ms): Min: 0.0, Avg: 7.1, Max: 7.9, Diff: 7.9, Sum: 92.7]
      [GC Worker Other (ms): Min: 0.0, Avg: 0.0, Max: 0.0, Diff: 0.0, Sum: 0.3]
      [GC Worker Total (ms): Min: 99.2, Avg: 99.5, Max: 99.8, Diff: 0.6, Sum: 1292.9]
      [GC Worker End (ms): Min: 138396.7, Avg: 138396.7, Max: 138396.7, Diff: 0.0]
   [Code Root Fixup: 0.2 ms]
   [Code Root Migration: 0.0 ms]
   [Clear CT: 3.7 ms]
   [Other: 3.5 ms]
      [Choose CSet: 0.0 ms]
      [Ref Proc: 1.1 ms]
      [Ref Enq: 0.0 ms]
      [Free CSet: 0.1 ms]
   [Eden: 32.0M(1056.0M)->0.0B(1120.0M) Survivors: 160.0M->96.0M Heap: 13.7G(24.0G)->13.8G(24.0G)]
 [Times: user=1.32 sys=0.01, real=0.11 secs] 
2014-04-09T14:04:02.490+0900: 138.405: [GC concurrent-root-region-scan-start]
2014-04-09T14:04:02.492+0900: 138.407: [GC concurrent-root-region-scan-end, 0.0021317 secs]
2014-04-09T14:04:02.492+0900: 138.407: [GC concurrent-mark-start]
2014-04-09T14:04:04.088+0900: 140.003: [GC concurrent-mark-end, 1.5962086 secs]
2014-04-09T14:04:04.090+0900: 140.005: [GC remark 140.007: [GC ref-proc, 0.0084438 secs], 0.0324869 secs]
 [Times: user=0.24 sys=0.00, real=0.03 secs] 
2014-04-09T14:04:04.125+0900: 140.040: [GC cleanup 15G->13G(24G), 0.0279137 secs]
 [Times: user=0.31 sys=0.00, real=0.03 secs] 
2014-04-09T14:04:04.153+0900: 140.069: [GC concurrent-cleanup-start]
2014-04-09T14:04:04.155+0900: 140.070: [GC concurrent-cleanup-end, 0.0017299 secs]
2014-04-09T14:04:04.272+0900: 140.187: [GC pause (G1 Evacuation Pause) (young), 0.0615179 secs]
   [Parallel Time: 53.5 ms, GC Workers: 13]
      [GC Worker Start (ms): Min: 140187.7, Avg: 140187.8, Max: 140188.0, Diff: 0.3]
      [Ext Root Scanning (ms): Min: 1.0, Avg: 1.3, Max: 1.7, Diff: 0.7, Sum: 16.3]
      [Update RS (ms): Min: 0.4, Avg: 5.0, Max: 51.5, Diff: 51.0, Sum: 64.5]
         [Processed Buffers: Min: 2, Avg: 7.1, Max: 21, Diff: 19, Sum: 92]
      [Scan RS (ms): Min: 0.0, Avg: 8.8, Max: 9.9, Diff: 9.8, Sum: 114.2]
      [Code Root Scanning (ms): Min: 0.0, Avg: 0.0, Max: 0.0, Diff: 0.0, Sum: 0.0]
      [Object Copy (ms): Min: 0.1, Avg: 36.6, Max: 39.8, Diff: 39.7, Sum: 476.1]
      [Termination (ms): Min: 0.0, Avg: 1.2, Max: 1.3, Diff: 1.3, Sum: 15.1]
      [GC Worker Other (ms): Min: 0.0, Avg: 0.0, Max: 0.0, Diff: 0.0, Sum: 0.2]
      [GC Worker Total (ms): Min: 52.7, Avg: 52.8, Max: 52.9, Diff: 0.3, Sum: 686.4]
      [GC Worker End (ms): Min: 140240.6, Avg: 140240.6, Max: 140240.6, Diff: 0.0]
   [Code Root Fixup: 0.3 ms]
   [Code Root Migration: 0.0 ms]
   [Clear CT: 4.0 ms]
   [Other: 3.7 ms]
      [Choose CSet: 0.0 ms]
      [Ref Proc: 0.8 ms]
      [Ref Enq: 0.0 ms]
      [Free CSet: 0.7 ms]
   [Eden: 1120.0M(1120.0M)->0.0B(1056.0M) Survivors: 96.0M->160.0M Heap: 13.5G(24.0G)->12.6G(24.0G)]
 [Times: user=0.71 sys=0.02, real=0.06 secs] 
2014-04-09T14:04:06.472+0900: 142.387: [GC pause (G1 Evacuation Pause) (mixed), 0.1034525 secs]
   [Parallel Time: 91.8 ms, GC Workers: 13]
      [GC Worker Start (ms): Min: 142387.6, Avg: 142387.9, Max: 142388.2, Diff: 0.6]
      [Ext Root Scanning (ms): Min: 0.8, Avg: 1.2, Max: 1.8, Diff: 1.0, Sum: 15.2]
      [Update RS (ms): Min: 1.5, Avg: 7.9, Max: 73.9, Diff: 72.5, Sum: 102.4]
         [Processed Buffers: Min: 1, Avg: 5.8, Max: 21, Diff: 20, Sum: 76]
      [Scan RS (ms): Min: 0.0, Avg: 22.0, Max: 24.9, Diff: 24.9, Sum: 286.4]
      [Code Root Scanning (ms): Min: 0.0, Avg: 0.0, Max: 0.0, Diff: 0.0, Sum: 0.0]
      [Object Copy (ms): Min: 15.5, Avg: 59.5, Max: 63.3, Diff: 47.7, Sum: 773.5]
      [Termination (ms): Min: 0.0, Avg: 0.0, Max: 0.0, Diff: 0.0, Sum: 0.0]
      [GC Worker Other (ms): Min: 0.0, Avg: 0.0, Max: 0.1, Diff: 0.1, Sum: 0.6]
      [GC Worker Total (ms): Min: 90.4, Avg: 90.6, Max: 91.0, Diff: 0.6, Sum: 1178.3]
      [GC Worker End (ms): Min: 142478.6, Avg: 142478.6, Max: 142478.7, Diff: 0.1]
   [Code Root Fixup: 0.1 ms]
   [Code Root Migration: 0.0 ms]
   [Clear CT: 4.7 ms]
   [Other: 6.8 ms]
      [Choose CSet: 0.2 ms]
      [Ref Proc: 1.3 ms]
      [Ref Enq: 0.0 ms]
      [Free CSet: 1.4 ms]
   [Eden: 1056.0M(1056.0M)->0.0B(1088.0M) Survivors: 160.0M->128.0M Heap: 13.6G(24.0G)->12.4G(24.0G)]
 [Times: user=1.22 sys=0.01, real=0.10 secs] 
2014-04-09T14:04:24.865+0900: 160.781: [GC pause (G1 Evacuation Pause) (young), 0.0236439 secs]
   [Parallel Time: 15.8 ms, GC Workers: 13]
      [GC Worker Start (ms): Min: 160780.9, Avg: 160781.2, Max: 160781.6, Diff: 0.6]
      [Ext Root Scanning (ms): Min: 0.8, Avg: 1.2, Max: 1.8, Diff: 0.9, Sum: 15.6]
      [Update RS (ms): Min: 1.1, Avg: 1.2, Max: 1.5, Diff: 0.5, Sum: 15.6]
         [Processed Buffers: Min: 0, Avg: 6.3, Max: 17, Diff: 17, Sum: 82]
      [Scan RS (ms): Min: 3.6, Avg: 4.0, Max: 4.2, Diff: 0.6, Sum: 52.4]
      [Code Root Scanning (ms): Min: 0.0, Avg: 0.0, Max: 0.0, Diff: 0.0, Sum: 0.0]
      [Object Copy (ms): Min: 7.8, Avg: 7.9, Max: 8.1, Diff: 0.3, Sum: 102.9]
      [Termination (ms): Min: 0.0, Avg: 0.0, Max: 0.0, Diff: 0.0, Sum: 0.0]
      [GC Worker Other (ms): Min: 0.0, Avg: 0.1, Max: 0.2, Diff: 0.1, Sum: 0.7]
      [GC Worker Total (ms): Min: 14.1, Avg: 14.4, Max: 14.7, Diff: 0.5, Sum: 187.2]
      [GC Worker End (ms): Min: 160795.6, Avg: 160795.6, Max: 160795.7, Diff: 0.1]
   [Code Root Fixup: 0.1 ms]
   [Code Root Migration: 0.0 ms]
   [Clear CT: 4.1 ms]
   [Other: 3.6 ms]
      [Choose CSet: 0.0 ms]
      [Ref Proc: 1.4 ms]
      [Ref Enq: 0.0 ms]
      [Free CSet: 1.0 ms]
   [Eden: 1088.0M(1088.0M)->0.0B(1120.0M) Survivors: 128.0M->96.0M Heap: 13.5G(24.0G)->12.4G(24.0G)]
 [Times: user=0.22 sys=0.01, real=0.02 secs] 
2014-04-09T14:04:25.228+0900: 161.143: [GC pause (G1 Humongous Allocation) (young) (initial-mark), 0.0207799 secs]
   [Parallel Time: 14.8 ms, GC Workers: 13]
      [GC Worker Start (ms): Min: 161143.3, Avg: 161143.6, Max: 161143.9, Diff: 0.5]
      [Ext Root Scanning (ms): Min: 1.1, Avg: 1.4, Max: 2.8, Diff: 1.6, Sum: 18.0]
      [Code Root Marking (ms): Min: 0.0, Avg: 0.8, Max: 7.2, Diff: 7.2, Sum: 10.1]
      [Update RS (ms): Min: 0.0, Avg: 0.9, Max: 1.6, Diff: 1.6, Sum: 11.3]
         [Processed Buffers: Min: 0, Avg: 3.2, Max: 11, Diff: 11, Sum: 41]
      [Scan RS (ms): Min: 0.0, Avg: 3.3, Max: 3.9, Diff: 3.8, Sum: 43.2]
      [Code Root Scanning (ms): Min: 0.0, Avg: 0.0, Max: 0.0, Diff: 0.0, Sum: 0.0]
      [Object Copy (ms): Min: 5.5, Avg: 7.5, Max: 8.7, Diff: 3.2, Sum: 97.7]
      [Termination (ms): Min: 0.0, Avg: 0.5, Max: 0.5, Diff: 0.5, Sum: 5.9]
      [GC Worker Other (ms): Min: 0.0, Avg: 0.0, Max: 0.1, Diff: 0.0, Sum: 0.4]
      [GC Worker Total (ms): Min: 14.1, Avg: 14.3, Max: 14.7, Diff: 0.6, Sum: 186.5]
      [GC Worker End (ms): Min: 161158.0, Avg: 161158.0, Max: 161158.0, Diff: 0.0]
   [Code Root Fixup: 0.2 ms]
   [Code Root Migration: 0.0 ms]
   [Clear CT: 2.7 ms]
   [Other: 3.2 ms]
      [Choose CSet: 0.0 ms]
      [Ref Proc: 0.9 ms]
      [Ref Enq: 0.0 ms]
      [Free CSet: 0.8 ms]
   [Eden: 880.0M(1120.0M)->0.0B(1120.0M) Survivors: 96.0M->96.0M Heap: 13.2G(24.0G)->12.4G(24.0G)]
 [Times: user=0.22 sys=0.00, real=0.02 secs] 
2014-04-09T14:04:25.249+0900: 161.164: [GC concurrent-root-region-scan-start]
2014-04-09T14:04:25.262+0900: 161.178: [GC concurrent-root-region-scan-end, 0.0136459 secs]
2014-04-09T14:04:25.262+0900: 161.178: [GC concurrent-mark-start]
2014-04-09T14:04:26.345+0900: 162.261: [GC pause (G1 Evacuation Pause) (young), 0.0567049 secs]
   [Parallel Time: 49.4 ms, GC Workers: 13]
      [GC Worker Start (ms): Min: 162261.0, Avg: 162261.1, Max: 162261.4, Diff: 0.4]
      [Ext Root Scanning (ms): Min: 0.8, Avg: 1.1, Max: 1.4, Diff: 0.5, Sum: 13.8]
      [SATB Filtering (ms): Min: 0.0, Avg: 0.0, Max: 0.3, Diff: 0.3, Sum: 0.3]
      [Update RS (ms): Min: 2.0, Avg: 2.8, Max: 4.8, Diff: 2.7, Sum: 36.6]
         [Processed Buffers: Min: 1, Avg: 6.0, Max: 19, Diff: 18, Sum: 78]
      [Scan RS (ms): Min: 7.4, Avg: 9.2, Max: 10.1, Diff: 2.6, Sum: 119.1]
      [Code Root Scanning (ms): Min: 0.0, Avg: 0.0, Max: 0.0, Diff: 0.0, Sum: 0.0]
      [Object Copy (ms): Min: 35.2, Avg: 35.5, Max: 35.7, Diff: 0.5, Sum: 461.7]
      [Termination (ms): Min: 0.0, Avg: 0.0, Max: 0.0, Diff: 0.0, Sum: 0.0]
      [GC Worker Other (ms): Min: 0.0, Avg: 0.0, Max: 0.1, Diff: 0.0, Sum: 0.4]
      [GC Worker Total (ms): Min: 48.4, Avg: 48.6, Max: 48.8, Diff: 0.4, Sum: 632.0]
      [GC Worker End (ms): Min: 162309.7, Avg: 162309.8, Max: 162309.8, Diff: 0.0]
   [Code Root Fixup: 0.2 ms]
   [Code Root Migration: 0.0 ms]
   [Clear CT: 3.4 ms]
   [Other: 3.6 ms]
      [Choose CSet: 0.0 ms]
      [Ref Proc: 0.4 ms]
      [Ref Enq: 0.0 ms]
      [Free CSet: 0.8 ms]
   [Eden: 1120.0M(1120.0M)->0.0B(1056.0M) Survivors: 96.0M->160.0M Heap: 13.9G(24.0G)->13.0G(24.0G)]
 [Times: user=0.67 sys=0.00, real=0.06 secs] 
2014-04-09T14:04:27.004+0900: 162.919: [GC concurrent-mark-end, 1.7412607 secs]
2014-04-09T14:04:27.005+0900: 162.921: [GC remark 162.922: [GC ref-proc, 0.0079801 secs], 0.0374926 secs]
 [Times: user=0.29 sys=0.00, real=0.04 secs] 
2014-04-09T14:04:27.044+0900: 162.960: [GC cleanup 13G->13G(24G), 0.0325222 secs]
 [Times: user=0.39 sys=0.00, real=0.03 secs] 
2014-04-09T14:04:27.078+0900: 162.993: [GC concurrent-cleanup-start]
2014-04-09T14:04:27.078+0900: 162.993: [GC concurrent-cleanup-end, 0.0005573 secs]
2014-04-09T14:04:27.397+0900: 163.312: [GC pause (G1 Evacuation Pause) (young), 0.0828622 secs]
   [Parallel Time: 72.7 ms, GC Workers: 13]
      [GC Worker Start (ms): Min: 163312.5, Avg: 163312.7, Max: 163312.9, Diff: 0.4]
      [Ext Root Scanning (ms): Min: 0.9, Avg: 1.2, Max: 1.3, Diff: 0.3, Sum: 15.0]
      [Update RS (ms): Min: 2.7, Avg: 3.0, Max: 3.4, Diff: 0.8, Sum: 38.7]
         [Processed Buffers: Min: 5, Avg: 11.0, Max: 19, Diff: 14, Sum: 143]
      [Scan RS (ms): Min: 14.2, Avg: 14.9, Max: 15.7, Diff: 1.5, Sum: 194.2]
      [Code Root Scanning (ms): Min: 0.0, Avg: 0.0, Max: 0.0, Diff: 0.0, Sum: 0.0]
      [Object Copy (ms): Min: 51.9, Avg: 52.4, Max: 52.5, Diff: 0.6, Sum: 681.2]
      [Termination (ms): Min: 0.0, Avg: 0.0, Max: 0.0, Diff: 0.0, Sum: 0.0]
      [GC Worker Other (ms): Min: 0.0, Avg: 0.0, Max: 0.1, Diff: 0.1, Sum: 0.5]
      [GC Worker Total (ms): Min: 71.3, Avg: 71.5, Max: 71.7, Diff: 0.5, Sum: 929.7]
      [GC Worker End (ms): Min: 163384.2, Avg: 163384.2, Max: 163384.3, Diff: 0.1]
   [Code Root Fixup: 0.3 ms]
   [Code Root Migration: 0.0 ms]
   [Clear CT: 4.1 ms]
   [Other: 5.7 ms]
      [Choose CSet: 0.0 ms]
      [Ref Proc: 1.1 ms]
      [Ref Enq: 0.0 ms]
      [Free CSet: 1.1 ms]
   [Eden: 1056.0M(1056.0M)->0.0B(1056.0M) Survivors: 160.0M->160.0M Heap: 14.0G(24.0G)->13.2G(24.0G)]
 [Times: user=0.94 sys=0.03, real=0.08 secs] 
2014-04-09T14:04:28.314+0900: 164.229: [GC pause (G1 Evacuation Pause) (mixed), 0.1853818 secs]
   [Parallel Time: 167.6 ms, GC Workers: 13]
      [GC Worker Start (ms): Min: 164229.8, Avg: 164230.1, Max: 164230.2, Diff: 0.4]
      [Ext Root Scanning (ms): Min: 0.6, Avg: 0.9, Max: 2.1, Diff: 1.5, Sum: 12.0]
      [Update RS (ms): Min: 0.0, Avg: 2.6, Max: 5.4, Diff: 5.4, Sum: 34.3]
         [Processed Buffers: Min: 0, Avg: 5.1, Max: 17, Diff: 17, Sum: 66]
      [Scan RS (ms): Min: 43.9, Avg: 45.9, Max: 46.8, Diff: 2.9, Sum: 596.5]
      [Code Root Scanning (ms): Min: 0.0, Avg: 0.0, Max: 0.0, Diff: 0.0, Sum: 0.1]
      [Object Copy (ms): Min: 116.3, Avg: 117.2, Max: 119.9, Diff: 3.7, Sum: 1523.8]
      [Termination (ms): Min: 0.0, Avg: 0.0, Max: 0.0, Diff: 0.0, Sum: 0.0]
      [GC Worker Other (ms): Min: 0.0, Avg: 0.0, Max: 0.1, Diff: 0.1, Sum: 0.6]
      [GC Worker Total (ms): Min: 166.6, Avg: 166.7, Max: 167.1, Diff: 0.5, Sum: 2167.5]
      [GC Worker End (ms): Min: 164396.8, Avg: 164396.8, Max: 164396.9, Diff: 0.1]
   [Code Root Fixup: 0.4 ms]
   [Code Root Migration: 0.2 ms]
   [Clear CT: 4.7 ms]
   [Other: 12.6 ms]
      [Choose CSet: 0.6 ms]
      [Ref Proc: 0.8 ms]
      [Ref Enq: 0.0 ms]
      [Free CSet: 2.7 ms]
   [Eden: 1056.0M(1056.0M)->0.0B(1056.0M) Survivors: 160.0M->160.0M Heap: 14.5G(24.0G)->13.2G(24.0G)]
 [Times: user=2.20 sys=0.02, real=0.18 secs] 
2014-04-09T14:04:29.219+0900: 165.134: [GC pause (G1 Evacuation Pause) (mixed), 0.2083997 secs]
   [Parallel Time: 190.6 ms, GC Workers: 13]
      [GC Worker Start (ms): Min: 165135.0, Avg: 165135.2, Max: 165135.4, Diff: 0.4]
      [Ext Root Scanning (ms): Min: 0.8, Avg: 0.9, Max: 1.4, Diff: 0.7, Sum: 12.3]
      [Update RS (ms): Min: 1.5, Avg: 7.1, Max: 63.2, Diff: 61.7, Sum: 92.9]
         [Processed Buffers: Min: 0, Avg: 6.6, Max: 16, Diff: 16, Sum: 86]
      [Scan RS (ms): Min: 0.0, Avg: 47.4, Max: 52.1, Diff: 52.0, Sum: 615.6]
      [Code Root Scanning (ms): Min: 0.0, Avg: 0.0, Max: 0.0, Diff: 0.0, Sum: 0.1]
      [Object Copy (ms): Min: 125.0, Avg: 133.7, Max: 134.9, Diff: 10.0, Sum: 1738.4]
      [Termination (ms): Min: 0.0, Avg: 0.4, Max: 0.5, Diff: 0.5, Sum: 5.8]
      [GC Worker Other (ms): Min: 0.0, Avg: 0.1, Max: 0.1, Diff: 0.1, Sum: 0.8]
      [GC Worker Total (ms): Min: 189.5, Avg: 189.7, Max: 189.9, Diff: 0.4, Sum: 2465.8]
      [GC Worker End (ms): Min: 165324.9, Avg: 165324.9, Max: 165325.0, Diff: 0.1]
   [Code Root Fixup: 0.3 ms]
   [Code Root Migration: 0.1 ms]
   [Clear CT: 4.9 ms]
   [Other: 12.6 ms]
      [Choose CSet: 0.6 ms]
      [Ref Proc: 0.8 ms]
      [Ref Enq: 0.0 ms]
      [Free CSet: 2.5 ms]
   [Eden: 1056.0M(1056.0M)->0.0B(1056.0M) Survivors: 160.0M->160.0M Heap: 14.6G(24.0G)->13.3G(24.0G)]
 [Times: user=2.47 sys=0.05, real=0.21 secs] 
2014-04-09T14:04:30.177+0900: 166.092: [GC pause (G1 Evacuation Pause) (mixed), 0.1413625 secs]
   [Parallel Time: 126.7 ms, GC Workers: 13]
      [GC Worker Start (ms): Min: 166092.7, Avg: 166092.9, Max: 166093.1, Diff: 0.5]
      [Ext Root Scanning (ms): Min: 0.6, Avg: 0.9, Max: 1.6, Diff: 0.9, Sum: 11.4]
      [Update RS (ms): Min: 1.1, Avg: 1.8, Max: 2.4, Diff: 1.3, Sum: 23.9]
         [Processed Buffers: Min: 2, Avg: 6.2, Max: 15, Diff: 13, Sum: 80]
      [Scan RS (ms): Min: 34.2, Avg: 35.1, Max: 35.9, Diff: 1.7, Sum: 456.3]
      [Code Root Scanning (ms): Min: 0.0, Avg: 0.0, Max: 0.3, Diff: 0.3, Sum: 0.3]
      [Object Copy (ms): Min: 86.9, Avg: 87.3, Max: 87.8, Diff: 0.9, Sum: 1135.4]
      [Termination (ms): Min: 0.1, Avg: 0.2, Max: 0.3, Diff: 0.1, Sum: 2.3]
      [GC Worker Other (ms): Min: 0.0, Avg: 0.0, Max: 0.1, Diff: 0.1, Sum: 0.4]
      [GC Worker Total (ms): Min: 125.2, Avg: 125.4, Max: 125.6, Diff: 0.4, Sum: 1630.1]
      [GC Worker End (ms): Min: 166218.3, Avg: 166218.3, Max: 166218.4, Diff: 0.1]
   [Code Root Fixup: 0.5 ms]
   [Code Root Migration: 0.4 ms]
   [Clear CT: 4.2 ms]
   [Other: 9.7 ms]
      [Choose CSet: 0.3 ms]
      [Ref Proc: 0.6 ms]
      [Ref Enq: 0.0 ms]
      [Free CSet: 1.7 ms]
   [Eden: 1056.0M(1056.0M)->0.0B(1056.0M) Survivors: 160.0M->160.0M Heap: 14.7G(24.0G)->13.6G(24.0G)]
 [Times: user=1.68 sys=0.01, real=0.14 secs] 
2014-04-09T14:04:30.436+0900: 166.352: [GC pause (G1 Humongous Allocation) (young) (initial-mark), 0.0590330 secs]
   [Parallel Time: 50.8 ms, GC Workers: 13]
      [GC Worker Start (ms): Min: 166352.0, Avg: 166352.1, Max: 166352.3, Diff: 0.4]
      [Ext Root Scanning (ms): Min: 0.6, Avg: 0.9, Max: 2.7, Diff: 2.2, Sum: 11.8]
      [Code Root Marking (ms): Min: 0.0, Avg: 0.8, Max: 6.9, Diff: 6.9, Sum: 10.0]
      [Update RS (ms): Min: 6.5, Avg: 15.1, Max: 47.2, Diff: 40.7, Sum: 195.9]
         [Processed Buffers: Min: 1, Avg: 6.5, Max: 11, Diff: 10, Sum: 84]
      [Scan RS (ms): Min: 0.0, Avg: 8.3, Max: 9.9, Diff: 9.9, Sum: 108.5]
      [Code Root Scanning (ms): Min: 0.0, Avg: 0.0, Max: 0.0, Diff: 0.0, Sum: 0.0]
      [Object Copy (ms): Min: 1.7, Avg: 24.8, Max: 27.7, Diff: 26.0, Sum: 321.9]
      [Termination (ms): Min: 0.0, Avg: 0.0, Max: 0.0, Diff: 0.0, Sum: 0.2]
      [GC Worker Other (ms): Min: 0.0, Avg: 0.0, Max: 0.0, Diff: 0.0, Sum: 0.4]
      [GC Worker Total (ms): Min: 49.7, Avg: 49.9, Max: 50.1, Diff: 0.4, Sum: 648.7]
      [GC Worker End (ms): Min: 166402.0, Avg: 166402.0, Max: 166402.1, Diff: 0.0]
   [Code Root Fixup: 0.2 ms]
   [Code Root Migration: 0.0 ms]
   [Clear CT: 3.5 ms]
   [Other: 4.6 ms]
      [Choose CSet: 0.0 ms]
      [Ref Proc: 1.1 ms]
      [Ref Enq: 0.0 ms]
      [Free CSet: 0.7 ms]
   [Eden: 112.0M(1056.0M)->0.0B(1120.0M) Survivors: 160.0M->96.0M Heap: 13.7G(24.0G)->13.8G(24.0G)]
 [Times: user=0.69 sys=0.00, real=0.06 secs] 
2014-04-09T14:04:30.495+0900: 166.411: [GC concurrent-root-region-scan-start]
2014-04-09T14:04:30.501+0900: 166.417: [GC concurrent-root-region-scan-end, 0.0058522 secs]
2014-04-09T14:04:30.501+0900: 166.417: [GC concurrent-mark-start]
2014-04-09T14:04:31.685+0900: 167.600: [GC pause (G1 Evacuation Pause) (young), 0.0819005 secs]
   [Parallel Time: 74.1 ms, GC Workers: 13]
      [GC Worker Start (ms): Min: 167600.5, Avg: 167600.7, Max: 167600.9, Diff: 0.4]
      [Ext Root Scanning (ms): Min: 0.3, Avg: 0.7, Max: 2.4, Diff: 2.1, Sum: 8.8]
      [SATB Filtering (ms): Min: 0.0, Avg: 0.0, Max: 0.4, Diff: 0.4, Sum: 0.4]
      [Update RS (ms): Min: 0.0, Avg: 3.9, Max: 31.2, Diff: 31.2, Sum: 51.3]
         [Processed Buffers: Min: 0, Avg: 6.2, Max: 16, Diff: 16, Sum: 81]
      [Scan RS (ms): Min: 0.0, Avg: 8.8, Max: 9.9, Diff: 9.8, Sum: 114.5]
      [Code Root Scanning (ms): Min: 0.0, Avg: 0.0, Max: 0.0, Diff: 0.0, Sum: 0.0]
      [Object Copy (ms): Min: 41.2, Avg: 59.9, Max: 63.5, Diff: 22.3, Sum: 779.2]
      [Termination (ms): Min: 0.0, Avg: 0.0, Max: 0.0, Diff: 0.0, Sum: 0.0]
      [GC Worker Other (ms): Min: 0.0, Avg: 0.1, Max: 0.2, Diff: 0.2, Sum: 0.7]
      [GC Worker Total (ms): Min: 73.3, Avg: 73.5, Max: 73.7, Diff: 0.4, Sum: 955.0]
      [GC Worker End (ms): Min: 167674.1, Avg: 167674.2, Max: 167674.3, Diff: 0.2]
   [Code Root Fixup: 0.3 ms]
   [Code Root Migration: 0.0 ms]
   [Clear CT: 4.1 ms]
   [Other: 3.4 ms]
      [Choose CSet: 0.0 ms]
      [Ref Proc: 0.6 ms]
      [Ref Enq: 0.0 ms]
      [Free CSet: 0.7 ms]
   [Eden: 1120.0M(1120.0M)->0.0B(1056.0M) Survivors: 96.0M->160.0M Heap: 15.2G(24.0G)->14.2G(24.0G)]
 [Times: user=0.79 sys=0.17, real=0.08 secs] 
2014-04-09T14:04:32.169+0900: 168.084: [GC concurrent-mark-end, 1.6673936 secs]
2014-04-09T14:04:32.170+0900: 168.086: [GC remark 168.087: [GC ref-proc, 0.0082369 secs], 0.0364735 secs]
 [Times: user=0.28 sys=0.00, real=0.04 secs] 
2014-04-09T14:04:32.209+0900: 168.125: [GC cleanup 14G->12G(24G), 0.0301987 secs]
 [Times: user=0.36 sys=0.00, real=0.03 secs] 
2014-04-09T14:04:32.240+0900: 168.156: [GC concurrent-cleanup-start]
2014-04-09T14:04:32.242+0900: 168.157: [GC concurrent-cleanup-end, 0.0018357 secs]
2014-04-09T14:04:33.868+0900: 169.783: [GC pause (G1 Evacuation Pause) (young), 0.1052900 secs]
   [Parallel Time: 95.0 ms, GC Workers: 13]
      [GC Worker Start (ms): Min: 169783.4, Avg: 169783.7, Max: 169784.0, Diff: 0.6]
      [Ext Root Scanning (ms): Min: 0.4, Avg: 0.7, Max: 1.2, Diff: 0.9, Sum: 8.8]
      [Update RS (ms): Min: 2.0, Avg: 13.6, Max: 71.8, Diff: 69.8, Sum: 176.8]
         [Processed Buffers: Min: 1, Avg: 6.2, Max: 17, Diff: 16, Sum: 80]
      [Scan RS (ms): Min: 0.0, Avg: 17.6, Max: 21.2, Diff: 21.2, Sum: 229.3]
      [Code Root Scanning (ms): Min: 0.0, Avg: 0.0, Max: 0.0, Diff: 0.0, Sum: 0.0]
      [Object Copy (ms): Min: 20.7, Avg: 61.5, Max: 69.2, Diff: 48.4, Sum: 799.3]
      [Termination (ms): Min: 0.0, Avg: 0.0, Max: 0.0, Diff: 0.0, Sum: 0.1]
      [GC Worker Other (ms): Min: 0.0, Avg: 0.0, Max: 0.1, Diff: 0.1, Sum: 0.5]
      [GC Worker Total (ms): Min: 93.2, Avg: 93.4, Max: 93.8, Diff: 0.6, Sum: 1214.7]
      [GC Worker End (ms): Min: 169877.1, Avg: 169877.1, Max: 169877.2, Diff: 0.1]
   [Code Root Fixup: 0.2 ms]
   [Code Root Migration: 0.0 ms]
   [Clear CT: 4.3 ms]
   [Other: 5.8 ms]
      [Choose CSet: 0.0 ms]
      [Ref Proc: 1.1 ms]
      [Ref Enq: 0.0 ms]
      [Free CSet: 1.1 ms]
   [Eden: 1056.0M(1056.0M)->0.0B(1056.0M) Survivors: 160.0M->160.0M Heap: 13.8G(24.0G)->13.1G(24.0G)]
 [Times: user=1.26 sys=0.00, real=0.11 secs] 
2014-04-09T14:04:35.630+0900: 171.545: [GC pause (G1 Evacuation Pause) (mixed), 0.1193818 secs]
   [Parallel Time: 105.6 ms, GC Workers: 13]
      [GC Worker Start (ms): Min: 171545.8, Avg: 171546.1, Max: 171546.3, Diff: 0.5]
      [Ext Root Scanning (ms): Min: 0.6, Avg: 0.8, Max: 1.6, Diff: 1.1, Sum: 11.0]
      [Update RS (ms): Min: 1.2, Avg: 10.4, Max: 66.8, Diff: 65.6, Sum: 135.5]
         [Processed Buffers: Min: 1, Avg: 5.4, Max: 23, Diff: 22, Sum: 70]
      [Scan RS (ms): Min: 0.0, Avg: 28.5, Max: 34.2, Diff: 34.1, Sum: 370.4]
      [Code Root Scanning (ms): Min: 0.0, Avg: 0.0, Max: 0.0, Diff: 0.0, Sum: 0.1]
      [Object Copy (ms): Min: 36.9, Avg: 64.7, Max: 68.0, Diff: 31.1, Sum: 841.1]
      [Termination (ms): Min: 0.0, Avg: 0.0, Max: 0.0, Diff: 0.0, Sum: 0.1]
      [GC Worker Other (ms): Min: 0.0, Avg: 0.0, Max: 0.2, Diff: 0.1, Sum: 0.6]
      [GC Worker Total (ms): Min: 104.3, Avg: 104.5, Max: 104.8, Diff: 0.5, Sum: 1358.8]
      [GC Worker End (ms): Min: 171650.6, Avg: 171650.6, Max: 171650.8, Diff: 0.1]
   [Code Root Fixup: 0.1 ms]
   [Code Root Migration: 0.0 ms]
   [Clear CT: 5.3 ms]
   [Other: 8.3 ms]
      [Choose CSet: 0.2 ms]
      [Ref Proc: 1.4 ms]
      [Ref Enq: 0.0 ms]
      [Free CSet: 1.7 ms]
   [Eden: 1056.0M(1056.0M)->0.0B(1072.0M) Survivors: 160.0M->144.0M Heap: 14.2G(24.0G)->12.9G(24.0G)]
 [Times: user=1.42 sys=0.00, real=0.12 secs] 
2014-04-09T14:04:55.294+0900: 191.209: [GC pause (G1 Evacuation Pause) (young), 0.0314156 secs]
   [Parallel Time: 23.6 ms, GC Workers: 13]
      [GC Worker Start (ms): Min: 191209.7, Avg: 191210.0, Max: 191210.2, Diff: 0.5]
      [Ext Root Scanning (ms): Min: 0.6, Avg: 0.8, Max: 1.1, Diff: 0.6, Sum: 10.3]
      [Update RS (ms): Min: 1.2, Avg: 1.5, Max: 1.9, Diff: 0.7, Sum: 19.5]
         [Processed Buffers: Min: 1, Avg: 6.2, Max: 18, Diff: 17, Sum: 80]
      [Scan RS (ms): Min: 5.0, Avg: 5.4, Max: 5.7, Diff: 0.7, Sum: 70.4]
      [Code Root Scanning (ms): Min: 0.0, Avg: 0.0, Max: 0.0, Diff: 0.0, Sum: 0.0]
      [Object Copy (ms): Min: 14.5, Avg: 14.6, Max: 14.8, Diff: 0.2, Sum: 190.0]
      [Termination (ms): Min: 0.0, Avg: 0.0, Max: 0.0, Diff: 0.0, Sum: 0.0]
      [GC Worker Other (ms): Min: 0.0, Avg: 0.0, Max: 0.1, Diff: 0.1, Sum: 0.6]
      [GC Worker Total (ms): Min: 22.2, Avg: 22.4, Max: 22.7, Diff: 0.5, Sum: 290.8]
      [GC Worker End (ms): Min: 191232.3, Avg: 191232.4, Max: 191232.5, Diff: 0.1]
   [Code Root Fixup: 0.1 ms]
   [Code Root Migration: 0.0 ms]
   [Clear CT: 4.3 ms]
   [Other: 3.4 ms]
      [Choose CSet: 0.0 ms]
      [Ref Proc: 1.4 ms]
      [Ref Enq: 0.0 ms]
      [Free CSet: 0.8 ms]
   [Eden: 1072.0M(1072.0M)->0.0B(1088.0M) Survivors: 144.0M->128.0M Heap: 14.0G(24.0G)->12.9G(24.0G)]
 [Times: user=0.34 sys=0.00, real=0.04 secs] 
2014-04-09T14:04:55.781+0900: 191.696: [GC pause (G1 Humongous Allocation) (young) (initial-mark), 0.0345063 secs]
   [Parallel Time: 27.0 ms, GC Workers: 13]
      [GC Worker Start (ms): Min: 191696.5, Avg: 191696.9, Max: 191697.2, Diff: 0.7]
      [Ext Root Scanning (ms): Min: 0.4, Avg: 0.7, Max: 2.4, Diff: 2.1, Sum: 9.5]
      [Code Root Marking (ms): Min: 0.0, Avg: 0.8, Max: 6.9, Diff: 6.9, Sum: 10.2]
      [Update RS (ms): Min: 0.0, Avg: 1.1, Max: 1.9, Diff: 1.9, Sum: 13.7]
         [Processed Buffers: Min: 0, Avg: 4.2, Max: 14, Diff: 14, Sum: 54]
      [Scan RS (ms): Min: 0.0, Avg: 4.6, Max: 5.4, Diff: 5.4, Sum: 60.2]
      [Code Root Scanning (ms): Min: 0.0, Avg: 0.0, Max: 0.0, Diff: 0.0, Sum: 0.0]
      [Object Copy (ms): Min: 17.6, Avg: 18.0, Max: 19.4, Diff: 1.8, Sum: 233.8]
      [Termination (ms): Min: 0.0, Avg: 0.0, Max: 0.0, Diff: 0.0, Sum: 0.0]
      [GC Worker Other (ms): Min: 0.0, Avg: 0.0, Max: 0.1, Diff: 0.1, Sum: 0.5]
      [GC Worker Total (ms): Min: 24.9, Avg: 25.2, Max: 25.6, Diff: 0.7, Sum: 328.0]
      [GC Worker End (ms): Min: 191722.1, Avg: 191722.1, Max: 191722.1, Diff: 0.1]
   [Code Root Fixup: 0.2 ms]
   [Code Root Migration: 0.0 ms]
   [Clear CT: 3.8 ms]
   [Other: 3.5 ms]
      [Choose CSet: 0.0 ms]
      [Ref Proc: 1.2 ms]
      [Ref Enq: 0.0 ms]
      [Free CSet: 0.9 ms]
   [Eden: 1088.0M(1088.0M)->0.0B(1056.0M) Survivors: 128.0M->160.0M Heap: 14.0G(24.0G)->13.0G(24.0G)]
 [Times: user=0.38 sys=0.00, real=0.04 secs] 
2014-04-09T14:04:55.816+0900: 191.731: [GC concurrent-root-region-scan-start]
2014-04-09T14:04:55.832+0900: 191.747: [GC concurrent-root-region-scan-end, 0.0162953 secs]
2014-04-09T14:04:55.832+0900: 191.747: [GC concurrent-mark-start]
2014-04-09T14:04:57.290+0900: 193.206: [GC pause (G1 Evacuation Pause) (young), 0.0657643 secs]
   [Parallel Time: 56.5 ms, GC Workers: 13]
      [GC Worker Start (ms): Min: 193205.8, Avg: 193206.1, Max: 193206.3, Diff: 0.5]
      [Ext Root Scanning (ms): Min: 0.4, Avg: 0.6, Max: 1.1, Diff: 0.7, Sum: 8.3]
      [SATB Filtering (ms): Min: 0.0, Avg: 0.0, Max: 0.3, Diff: 0.3, Sum: 0.3]
      [Update RS (ms): Min: 1.3, Avg: 1.7, Max: 2.2, Diff: 1.0, Sum: 22.7]
         [Processed Buffers: Min: 1, Avg: 5.6, Max: 29, Diff: 28, Sum: 73]
      [Scan RS (ms): Min: 8.6, Avg: 9.0, Max: 9.3, Diff: 0.7, Sum: 116.7]
      [Code Root Scanning (ms): Min: 0.0, Avg: 0.0, Max: 0.0, Diff: 0.0, Sum: 0.0]
      [Object Copy (ms): Min: 44.4, Avg: 44.5, Max: 44.6, Diff: 0.2, Sum: 577.9]
      [Termination (ms): Min: 0.0, Avg: 0.1, Max: 0.1, Diff: 0.1, Sum: 0.8]
      [GC Worker Other (ms): Min: 0.0, Avg: 0.1, Max: 0.2, Diff: 0.2, Sum: 0.7]
      [GC Worker Total (ms): Min: 55.7, Avg: 56.0, Max: 56.2, Diff: 0.5, Sum: 727.5]
      [GC Worker End (ms): Min: 193262.0, Avg: 193262.1, Max: 193262.2, Diff: 0.2]
   [Code Root Fixup: 0.2 ms]
   [Code Root Migration: 0.0 ms]
   [Clear CT: 4.1 ms]
   [Other: 4.9 ms]
      [Choose CSet: 0.0 ms]
      [Ref Proc: 1.3 ms]
      [Ref Enq: 0.0 ms]
      [Free CSet: 1.0 ms]
   [Eden: 1056.0M(1056.0M)->0.0B(1056.0M) Survivors: 160.0M->160.0M Heap: 14.4G(24.0G)->13.6G(24.0G)]
 [Times: user=0.78 sys=0.00, real=0.07 secs] 
2014-04-09T14:04:57.473+0900: 193.389: [GC concurrent-mark-end, 1.6414180 secs]
2014-04-09T14:04:57.475+0900: 193.390: [GC remark 193.392: [GC ref-proc, 0.0050464 secs], 0.0270614 secs]
 [Times: user=0.21 sys=0.00, real=0.03 secs] 
2014-04-09T14:04:57.504+0900: 193.419: [GC cleanup 13G->12G(24G), 0.0264787 secs]
 [Times: user=0.30 sys=0.00, real=0.03 secs] 
2014-04-09T14:04:57.531+0900: 193.446: [GC concurrent-cleanup-start]
2014-04-09T14:04:57.532+0900: 193.447: [GC concurrent-cleanup-end, 0.0010852 secs]
2014-04-09T14:04:58.300+0900: 194.215: [GC pause (G1 Evacuation Pause) (young), 0.0829563 secs]
   [Parallel Time: 73.3 ms, GC Workers: 13]
      [GC Worker Start (ms): Min: 194215.4, Avg: 194215.7, Max: 194216.0, Diff: 0.5]
      [Ext Root Scanning (ms): Min: 0.5, Avg: 0.8, Max: 1.4, Diff: 0.9, Sum: 10.6]
      [Update RS (ms): Min: 2.1, Avg: 8.0, Max: 70.8, Diff: 68.7, Sum: 104.6]
         [Processed Buffers: Min: 1, Avg: 5.2, Max: 16, Diff: 15, Sum: 67]
      [Scan RS (ms): Min: 0.0, Avg: 14.7, Max: 16.4, Diff: 16.4, Sum: 191.0]
      [Code Root Scanning (ms): Min: 0.0, Avg: 0.0, Max: 0.0, Diff: 0.0, Sum: 0.0]
      [Object Copy (ms): Min: 1.1, Avg: 45.4, Max: 49.2, Diff: 48.0, Sum: 590.3]
      [Termination (ms): Min: 0.0, Avg: 3.3, Max: 3.6, Diff: 3.6, Sum: 42.9]
      [GC Worker Other (ms): Min: 0.0, Avg: 0.0, Max: 0.0, Diff: 0.0, Sum: 0.3]
      [GC Worker Total (ms): Min: 72.0, Avg: 72.3, Max: 72.5, Diff: 0.5, Sum: 939.7]
      [GC Worker End (ms): Min: 194288.0, Avg: 194288.0, Max: 194288.0, Diff: 0.0]
   [Code Root Fixup: 0.3 ms]
   [Code Root Migration: 0.0 ms]
   [Clear CT: 4.3 ms]
   [Other: 5.0 ms]
      [Choose CSet: 0.0 ms]
      [Ref Proc: 0.9 ms]
      [Ref Enq: 0.0 ms]
      [Free CSet: 1.2 ms]
   [Eden: 1056.0M(1056.0M)->0.0B(1056.0M) Survivors: 160.0M->160.0M Heap: 14.2G(24.0G)->13.4G(24.0G)]
 [Times: user=0.98 sys=0.01, real=0.08 secs] 
2014-04-09T14:04:59.505+0900: 195.421: [GC pause (G1 Evacuation Pause) (mixed), 0.1808229 secs]
   [Parallel Time: 163.8 ms, GC Workers: 13]
      [GC Worker Start (ms): Min: 195421.5, Avg: 195421.8, Max: 195422.1, Diff: 0.6]
      [Ext Root Scanning (ms): Min: 0.3, Avg: 0.8, Max: 1.6, Diff: 1.2, Sum: 10.1]
      [Update RS (ms): Min: 0.0, Avg: 1.1, Max: 2.5, Diff: 2.5, Sum: 14.5]
         [Processed Buffers: Min: 0, Avg: 5.5, Max: 18, Diff: 18, Sum: 71]
      [Scan RS (ms): Min: 44.1, Avg: 45.3, Max: 45.7, Diff: 1.6, Sum: 589.5]
      [Code Root Scanning (ms): Min: 0.0, Avg: 0.0, Max: 0.0, Diff: 0.0, Sum: 0.1]
      [Object Copy (ms): Min: 115.4, Avg: 115.7, Max: 115.9, Diff: 0.5, Sum: 1503.9]
      [Termination (ms): Min: 0.0, Avg: 0.0, Max: 0.0, Diff: 0.0, Sum: 0.1]
      [GC Worker Other (ms): Min: 0.0, Avg: 0.0, Max: 0.1, Diff: 0.1, Sum: 0.4]
      [GC Worker Total (ms): Min: 162.7, Avg: 163.0, Max: 163.3, Diff: 0.5, Sum: 2118.6]
      [GC Worker End (ms): Min: 195584.8, Avg: 195584.8, Max: 195584.9, Diff: 0.1]
   [Code Root Fixup: 0.3 ms]
   [Code Root Migration: 0.0 ms]
   [Clear CT: 5.2 ms]
   [Other: 11.5 ms]
      [Choose CSet: 0.5 ms]
      [Ref Proc: 1.4 ms]
      [Ref Enq: 0.0 ms]
      [Free CSet: 2.5 ms]
   [Eden: 1056.0M(1056.0M)->0.0B(1056.0M) Survivors: 160.0M->160.0M Heap: 14.8G(24.0G)->13.4G(24.0G)]
 [Times: user=2.15 sys=0.02, real=0.19 secs] 
2014-04-09T14:05:00.640+0900: 196.555: [GC pause (G1 Evacuation Pause) (mixed), 0.2008080 secs]
   [Parallel Time: 183.8 ms, GC Workers: 13]
      [GC Worker Start (ms): Min: 196556.3, Avg: 196556.5, Max: 196556.6, Diff: 0.3]
      [Ext Root Scanning (ms): Min: 0.8, Avg: 0.9, Max: 1.6, Diff: 0.9, Sum: 12.0]
      [Update RS (ms): Min: 1.2, Avg: 2.0, Max: 3.8, Diff: 2.6, Sum: 25.9]
         [Processed Buffers: Min: 0, Avg: 5.1, Max: 10, Diff: 10, Sum: 66]
      [Scan RS (ms): Min: 50.5, Avg: 52.0, Max: 52.3, Diff: 1.8, Sum: 675.7]
      [Code Root Scanning (ms): Min: 0.0, Avg: 0.0, Max: 0.0, Diff: 0.0, Sum: 0.1]
      [Object Copy (ms): Min: 127.5, Avg: 127.8, Max: 127.9, Diff: 0.4, Sum: 1661.2]
      [Termination (ms): Min: 0.0, Avg: 0.2, Max: 0.2, Diff: 0.2, Sum: 2.2]
      [GC Worker Other (ms): Min: 0.0, Avg: 0.0, Max: 0.1, Diff: 0.1, Sum: 0.5]
      [GC Worker Total (ms): Min: 182.7, Avg: 182.9, Max: 183.1, Diff: 0.4, Sum: 2377.6]
      [GC Worker End (ms): Min: 196739.4, Avg: 196739.4, Max: 196739.4, Diff: 0.1]
   [Code Root Fixup: 0.3 ms]
   [Code Root Migration: 0.1 ms]
   [Clear CT: 4.7 ms]
   [Other: 11.9 ms]
      [Choose CSet: 0.7 ms]
      [Ref Proc: 1.0 ms]
      [Ref Enq: 0.0 ms]
      [Free CSet: 2.5 ms]
   [Eden: 1056.0M(1056.0M)->0.0B(1056.0M) Survivors: 160.0M->160.0M Heap: 14.8G(24.0G)->13.4G(24.0G)]
 [Times: user=2.49 sys=0.01, real=0.20 secs] 
2014-04-09T14:05:01.943+0900: 197.858: [GC pause (G1 Evacuation Pause) (mixed), 0.2085676 secs]
   [Parallel Time: 190.9 ms, GC Workers: 13]
      [GC Worker Start (ms): Min: 197859.0, Avg: 197859.3, Max: 197859.5, Diff: 0.5]
      [Ext Root Scanning (ms): Min: 0.6, Avg: 0.8, Max: 1.3, Diff: 0.8, Sum: 10.8]
      [Update RS (ms): Min: 0.2, Avg: 1.0, Max: 3.6, Diff: 3.4, Sum: 13.6]
         [Processed Buffers: Min: 2, Avg: 5.4, Max: 14, Diff: 12, Sum: 70]
      [Scan RS (ms): Min: 47.8, Avg: 50.3, Max: 51.0, Diff: 3.1, Sum: 654.4]
      [Code Root Scanning (ms): Min: 0.0, Avg: 0.0, Max: 0.0, Diff: 0.0, Sum: 0.1]
      [Object Copy (ms): Min: 137.2, Avg: 137.5, Max: 137.7, Diff: 0.5, Sum: 1787.2]
      [Termination (ms): Min: 0.0, Avg: 0.0, Max: 0.0, Diff: 0.0, Sum: 0.2]
      [GC Worker Other (ms): Min: 0.0, Avg: 0.0, Max: 0.1, Diff: 0.1, Sum: 0.6]
      [GC Worker Total (ms): Min: 189.5, Avg: 189.8, Max: 190.1, Diff: 0.5, Sum: 2467.0]
      [GC Worker End (ms): Min: 198049.0, Avg: 198049.0, Max: 198049.1, Diff: 0.1]
   [Code Root Fixup: 0.3 ms]
   [Code Root Migration: 0.1 ms]
   [Clear CT: 4.9 ms]
   [Other: 12.3 ms]
      [Choose CSet: 0.6 ms]
      [Ref Proc: 0.6 ms]
      [Ref Enq: 0.0 ms]
      [Free CSet: 2.4 ms]
   [Eden: 1056.0M(1056.0M)->0.0B(1056.0M) Survivors: 160.0M->160.0M Heap: 14.7G(24.0G)->13.4G(24.0G)]
 [Times: user=2.53 sys=0.00, real=0.21 secs] 
2014-04-09T14:05:03.493+0900: 199.409: [GC pause (G1 Evacuation Pause) (mixed), 0.1042050 secs]
   [Parallel Time: 92.5 ms, GC Workers: 13]
      [GC Worker Start (ms): Min: 199409.6, Avg: 199409.9, Max: 199410.1, Diff: 0.5]
      [Ext Root Scanning (ms): Min: 0.6, Avg: 0.9, Max: 1.6, Diff: 0.9, Sum: 11.3]
      [Update RS (ms): Min: 5.0, Avg: 5.3, Max: 6.8, Diff: 1.9, Sum: 69.5]
         [Processed Buffers: Min: 2, Avg: 10.2, Max: 20, Diff: 18, Sum: 133]
      [Scan RS (ms): Min: 23.5, Avg: 25.0, Max: 25.5, Diff: 2.0, Sum: 324.7]
      [Code Root Scanning (ms): Min: 0.0, Avg: 0.0, Max: 0.0, Diff: 0.0, Sum: 0.0]
      [Object Copy (ms): Min: 59.9, Avg: 60.1, Max: 60.3, Diff: 0.4, Sum: 781.4]
      [Termination (ms): Min: 0.0, Avg: 0.0, Max: 0.0, Diff: 0.0, Sum: 0.0]
      [GC Worker Other (ms): Min: 0.0, Avg: 0.0, Max: 0.1, Diff: 0.1, Sum: 0.6]
      [GC Worker Total (ms): Min: 91.1, Avg: 91.4, Max: 91.6, Diff: 0.5, Sum: 1187.6]
      [GC Worker End (ms): Min: 199501.2, Avg: 199501.2, Max: 199501.3, Diff: 0.1]
   [Code Root Fixup: 0.4 ms]
   [Code Root Migration: 0.0 ms]
   [Clear CT: 4.7 ms]
   [Other: 6.6 ms]
      [Choose CSet: 0.0 ms]
      [Ref Proc: 0.6 ms]
      [Ref Enq: 0.0 ms]
      [Free CSet: 1.2 ms]
   [Eden: 1056.0M(1056.0M)->0.0B(1056.0M) Survivors: 160.0M->160.0M Heap: 14.8G(24.0G)->14.0G(24.0G)]
 [Times: user=1.24 sys=0.01, real=0.11 secs] 
2014-04-09T14:05:03.607+0900: 199.522: [GC pause (G1 Humongous Allocation) (young) (initial-mark), 0.1859319 secs]
   [Parallel Time: 181.0 ms, GC Workers: 13]
      [GC Worker Start (ms): Min: 199522.2, Avg: 199522.4, Max: 199522.7, Diff: 0.5]
      [Ext Root Scanning (ms): Min: 0.6, Avg: 0.9, Max: 2.5, Diff: 1.9, Sum: 12.2]
      [Code Root Marking (ms): Min: 0.0, Avg: 0.8, Max: 7.1, Diff: 7.1, Sum: 10.4]
      [Update RS (ms): Min: 59.2, Avg: 70.6, Max: 139.9, Diff: 80.7, Sum: 917.6]
         [Processed Buffers: Min: 26, Avg: 35.6, Max: 49, Diff: 23, Sum: 463]
      [Scan RS (ms): Min: 0.0, Avg: 1.3, Max: 2.7, Diff: 2.7, Sum: 16.5]
      [Code Root Scanning (ms): Min: 0.0, Avg: 0.0, Max: 0.0, Diff: 0.0, Sum: 0.0]
      [Object Copy (ms): Min: 39.3, Avg: 103.5, Max: 109.3, Diff: 70.1, Sum: 1345.7]
      [Termination (ms): Min: 0.0, Avg: 3.0, Max: 3.5, Diff: 3.5, Sum: 39.2]
      [GC Worker Other (ms): Min: 0.0, Avg: 0.0, Max: 0.0, Diff: 0.0, Sum: 0.3]
      [GC Worker Total (ms): Min: 179.9, Avg: 180.2, Max: 180.4, Diff: 0.5, Sum: 2342.0]
      [GC Worker End (ms): Min: 199702.6, Avg: 199702.6, Max: 199702.6, Diff: 0.0]
   [Code Root Fixup: 0.3 ms]
   [Code Root Migration: 0.0 ms]
   [Clear CT: 0.8 ms]
   [Other: 3.8 ms]
      [Choose CSet: 0.0 ms]
      [Ref Proc: 0.7 ms]
      [Ref Enq: 0.0 ms]
      [Free CSet: 0.1 ms]
   [Eden: 16.0M(1056.0M)->0.0B(1104.0M) Survivors: 160.0M->112.0M Heap: 14.0G(24.0G)->14.2G(24.0G)]
 [Times: user=2.34 sys=0.00, real=0.18 secs] 
2014-04-09T14:05:03.793+0900: 199.708: [GC concurrent-root-region-scan-start]
2014-04-09T14:05:03.794+0900: 199.709: [GC concurrent-root-region-scan-end, 0.0010895 secs]
2014-04-09T14:05:03.794+0900: 199.709: [GC concurrent-mark-start]
2014-04-09T14:05:05.338+0900: 201.254: [GC concurrent-mark-end, 1.5445536 secs]
2014-04-09T14:05:05.340+0900: 201.255: [GC remark 201.256: [GC ref-proc, 0.0050027 secs], 0.0264057 secs]
 [Times: user=0.22 sys=0.00, real=0.02 secs] 
2014-04-09T14:05:05.368+0900: 201.283: [GC cleanup 15G->13G(24G), 0.0264357 secs]
 [Times: user=0.32 sys=0.00, real=0.02 secs] 
2014-04-09T14:05:05.395+0900: 201.310: [GC concurrent-cleanup-start]
2014-04-09T14:05:05.397+0900: 201.312: [GC concurrent-cleanup-end, 0.0021802 secs]
2014-04-09T14:05:05.585+0900: 201.500: [GC pause (G1 Evacuation Pause) (young), 0.0716381 secs]
   [Parallel Time: 63.2 ms, GC Workers: 13]
      [GC Worker Start (ms): Min: 201500.5, Avg: 201500.7, Max: 201500.9, Diff: 0.4]
      [Ext Root Scanning (ms): Min: 0.5, Avg: 0.7, Max: 1.1, Diff: 0.6, Sum: 9.5]
      [Update RS (ms): Min: 1.8, Avg: 2.1, Max: 2.6, Diff: 0.7, Sum: 27.7]
         [Processed Buffers: Min: 1, Avg: 5.6, Max: 25, Diff: 24, Sum: 73]
      [Scan RS (ms): Min: 17.0, Avg: 17.6, Max: 18.0, Diff: 1.1, Sum: 229.1]
      [Code Root Scanning (ms): Min: 0.0, Avg: 0.0, Max: 0.0, Diff: 0.0, Sum: 0.0]
      [Object Copy (ms): Min: 41.4, Avg: 41.5, Max: 41.8, Diff: 0.4, Sum: 539.9]
      [Termination (ms): Min: 0.0, Avg: 0.0, Max: 0.0, Diff: 0.0, Sum: 0.1]
      [GC Worker Other (ms): Min: 0.0, Avg: 0.1, Max: 0.2, Diff: 0.1, Sum: 0.7]
      [GC Worker Total (ms): Min: 61.9, Avg: 62.1, Max: 62.3, Diff: 0.4, Sum: 807.0]
      [GC Worker End (ms): Min: 201562.8, Avg: 201562.8, Max: 201562.9, Diff: 0.1]
   [Code Root Fixup: 0.2 ms]
   [Code Root Migration: 0.0 ms]
   [Clear CT: 4.0 ms]
   [Other: 4.3 ms]
      [Choose CSet: 0.0 ms]
      [Ref Proc: 1.1 ms]
      [Ref Enq: 0.0 ms]
      [Free CSet: 0.9 ms]
   [Eden: 1104.0M(1104.0M)->0.0B(1056.0M) Survivors: 112.0M->160.0M Heap: 13.4G(24.0G)->12.5G(24.0G)]
 [Times: user=0.85 sys=0.00, real=0.07 secs] 
2014-04-09T14:05:09.621+0900: 205.536: [GC pause (G1 Evacuation Pause) (mixed), 0.2113063 secs]
   [Parallel Time: 197.3 ms, GC Workers: 13]
      [GC Worker Start (ms): Min: 205536.4, Avg: 205536.7, Max: 205536.9, Diff: 0.5]
      [Ext Root Scanning (ms): Min: 0.6, Avg: 0.8, Max: 1.3, Diff: 0.8, Sum: 10.5]
      [Update RS (ms): Min: 1.9, Avg: 3.0, Max: 3.5, Diff: 1.6, Sum: 39.0]
         [Processed Buffers: Min: 1, Avg: 5.5, Max: 19, Diff: 18, Sum: 71]
      [Scan RS (ms): Min: 62.3, Avg: 62.9, Max: 63.4, Diff: 1.1, Sum: 817.1]
      [Code Root Scanning (ms): Min: 0.0, Avg: 0.0, Max: 0.0, Diff: 0.0, Sum: 0.1]
      [Object Copy (ms): Min: 129.4, Avg: 129.6, Max: 130.1, Diff: 0.8, Sum: 1685.1]
      [Termination (ms): Min: 0.0, Avg: 0.5, Max: 0.7, Diff: 0.7, Sum: 6.1]
      [GC Worker Other (ms): Min: 0.0, Avg: 0.0, Max: 0.1, Diff: 0.1, Sum: 0.5]
      [GC Worker Total (ms): Min: 196.6, Avg: 196.8, Max: 197.0, Diff: 0.5, Sum: 2558.3]
      [GC Worker End (ms): Min: 205733.4, Avg: 205733.5, Max: 205733.5, Diff: 0.1]
   [Code Root Fixup: 0.1 ms]
   [Code Root Migration: 0.0 ms]
   [Clear CT: 4.3 ms]
   [Other: 9.5 ms]
      [Choose CSet: 0.3 ms]
      [Ref Proc: 0.5 ms]
      [Ref Enq: 0.0 ms]
      [Free CSet: 1.6 ms]
   [Eden: 1056.0M(1056.0M)->0.0B(1056.0M) Survivors: 160.0M->160.0M Heap: 13.8G(24.0G)->12.5G(24.0G)]
 [Times: user=2.60 sys=0.01, real=0.21 secs] 
2014-04-09T14:05:11.551+0900: 207.466: [GC pause (G1 Evacuation Pause) (mixed), 0.1388132 secs]
   [Parallel Time: 128.4 ms, GC Workers: 13]
      [GC Worker Start (ms): Min: 207466.7, Avg: 207466.8, Max: 207467.1, Diff: 0.4]
      [Ext Root Scanning (ms): Min: 0.6, Avg: 0.9, Max: 1.6, Diff: 1.0, Sum: 11.8]
      [Update RS (ms): Min: 2.4, Avg: 3.4, Max: 4.4, Diff: 2.1, Sum: 43.8]
         [Processed Buffers: Min: 1, Avg: 4.2, Max: 29, Diff: 28, Sum: 55]
      [Scan RS (ms): Min: 34.3, Avg: 35.2, Max: 36.1, Diff: 1.8, Sum: 458.0]
      [Code Root Scanning (ms): Min: 0.0, Avg: 0.0, Max: 0.0, Diff: 0.0, Sum: 0.0]
      [Object Copy (ms): Min: 87.6, Avg: 87.8, Max: 88.3, Diff: 0.8, Sum: 1140.8]
      [Termination (ms): Min: 0.0, Avg: 0.1, Max: 0.1, Diff: 0.1, Sum: 0.8]
      [GC Worker Other (ms): Min: 0.0, Avg: 0.1, Max: 0.2, Diff: 0.2, Sum: 0.9]
      [GC Worker Total (ms): Min: 127.1, Avg: 127.4, Max: 127.7, Diff: 0.6, Sum: 1656.2]
      [GC Worker End (ms): Min: 207594.2, Avg: 207594.2, Max: 207594.4, Diff: 0.2]
   [Code Root Fixup: 0.1 ms]
   [Code Root Migration: 0.0 ms]
   [Clear CT: 4.4 ms]
   [Other: 5.9 ms]
      [Choose CSet: 0.2 ms]
      [Ref Proc: 0.6 ms]
      [Ref Enq: 0.0 ms]
      [Free CSet: 1.3 ms]
   [Eden: 1056.0M(1056.0M)->0.0B(1088.0M) Survivors: 160.0M->128.0M Heap: 13.7G(24.0G)->12.7G(24.0G)]
 [Times: user=1.72 sys=0.00, real=0.14 secs] 
2014-04-09T14:05:25.792+0900: 221.707: [GC pause (G1 Evacuation Pause) (young), 0.0518739 secs]
   [Parallel Time: 44.3 ms, GC Workers: 13]
      [GC Worker Start (ms): Min: 221707.7, Avg: 221707.9, Max: 221708.2, Diff: 0.6]
      [Ext Root Scanning (ms): Min: 0.5, Avg: 0.8, Max: 1.3, Diff: 0.8, Sum: 10.6]
      [Update RS (ms): Min: 1.8, Avg: 2.8, Max: 3.5, Diff: 1.7, Sum: 36.1]
         [Processed Buffers: Min: 1, Avg: 5.4, Max: 20, Diff: 19, Sum: 70]
      [Scan RS (ms): Min: 11.9, Avg: 12.6, Max: 13.3, Diff: 1.4, Sum: 164.1]
      [Code Root Scanning (ms): Min: 0.0, Avg: 0.0, Max: 0.0, Diff: 0.0, Sum: 0.0]
      [Object Copy (ms): Min: 26.2, Avg: 26.8, Max: 26.9, Diff: 0.7, Sum: 348.3]
      [Termination (ms): Min: 0.0, Avg: 0.0, Max: 0.1, Diff: 0.1, Sum: 0.6]
      [GC Worker Other (ms): Min: 0.0, Avg: 0.1, Max: 0.3, Diff: 0.2, Sum: 0.9]
      [GC Worker Total (ms): Min: 42.8, Avg: 43.1, Max: 43.4, Diff: 0.6, Sum: 560.6]
      [GC Worker End (ms): Min: 221751.0, Avg: 221751.1, Max: 221751.3, Diff: 0.2]
   [Code Root Fixup: 0.1 ms]
   [Code Root Migration: 0.0 ms]
   [Clear CT: 3.8 ms]
   [Other: 3.7 ms]
      [Choose CSet: 0.0 ms]
      [Ref Proc: 1.3 ms]
      [Ref Enq: 0.0 ms]
      [Free CSet: 0.8 ms]
   [Eden: 1088.0M(1088.0M)->0.0B(1120.0M) Survivors: 128.0M->96.0M Heap: 13.8G(24.0G)->12.8G(24.0G)]
 [Times: user=0.59 sys=0.01, real=0.05 secs] 
2014-04-09T14:05:26.435+0900: 222.351: [GC pause (G1 Humongous Allocation) (young) (initial-mark), 0.0116740 secs]
   [Parallel Time: 8.9 ms, GC Workers: 13]
      [GC Worker Start (ms): Min: 222351.0, Avg: 222351.2, Max: 222351.5, Diff: 0.5]
      [Ext Root Scanning (ms): Min: 0.4, Avg: 0.9, Max: 3.2, Diff: 2.8, Sum: 11.1]
      [Code Root Marking (ms): Min: 0.0, Avg: 0.8, Max: 6.7, Diff: 6.7, Sum: 10.1]
      [Update RS (ms): Min: 0.0, Avg: 0.8, Max: 1.3, Diff: 1.3, Sum: 10.0]
         [Processed Buffers: Min: 0, Avg: 3.6, Max: 12, Diff: 12, Sum: 47]
      [Scan RS (ms): Min: 0.0, Avg: 0.1, Max: 0.7, Diff: 0.7, Sum: 1.5]
      [Code Root Scanning (ms): Min: 0.0, Avg: 0.0, Max: 0.0, Diff: 0.0, Sum: 0.0]
      [Object Copy (ms): Min: 0.5, Avg: 1.1, Max: 2.3, Diff: 1.8, Sum: 14.1]
      [Termination (ms): Min: 0.0, Avg: 4.4, Max: 4.8, Diff: 4.8, Sum: 56.7]
      [GC Worker Other (ms): Min: 0.0, Avg: 0.0, Max: 0.0, Diff: 0.0, Sum: 0.2]
      [GC Worker Total (ms): Min: 7.7, Avg: 8.0, Max: 8.3, Diff: 0.5, Sum: 103.8]
      [GC Worker End (ms): Min: 222359.2, Avg: 222359.2, Max: 222359.3, Diff: 0.0]
   [Code Root Fixup: 0.2 ms]
   [Code Root Migration: 0.0 ms]
   [Clear CT: 0.9 ms]
   [Other: 1.6 ms]
      [Choose CSet: 0.0 ms]
      [Ref Proc: 0.8 ms]
      [Ref Enq: 0.0 ms]
      [Free CSet: 0.3 ms]
   [Eden: 1104.0M(1120.0M)->0.0B(1184.0M) Survivors: 96.0M->32.0M Heap: 13.9G(24.0G)->12.8G(24.0G)]
 [Times: user=0.11 sys=0.00, real=0.01 secs] 
2014-04-09T14:05:26.447+0900: 222.363: [GC concurrent-root-region-scan-start]
2014-04-09T14:05:26.452+0900: 222.367: [GC concurrent-root-region-scan-end, 0.0048953 secs]
2014-04-09T14:05:26.452+0900: 222.367: [GC concurrent-mark-start]
2014-04-09T14:05:27.898+0900: 223.814: [GC concurrent-mark-end, 1.4462500 secs]
2014-04-09T14:05:27.900+0900: 223.815: [GC remark 223.817: [GC ref-proc, 0.0043541 secs], 0.0301037 secs]
 [Times: user=0.26 sys=0.00, real=0.03 secs] 
2014-04-09T14:05:27.932+0900: 223.847: [GC cleanup 14G->13G(24G), 0.0350717 secs]
 [Times: user=0.40 sys=0.00, real=0.03 secs] 
2014-04-09T14:05:27.968+0900: 223.883: [GC concurrent-cleanup-start]
2014-04-09T14:05:27.968+0900: 223.884: [GC concurrent-cleanup-end, 0.0009190 secs]
2014-04-09T14:05:28.426+0900: 224.342: [GC pause (G1 Evacuation Pause) (young), 0.0585934 secs]
   [Parallel Time: 50.2 ms, GC Workers: 13]
      [GC Worker Start (ms): Min: 224341.9, Avg: 224342.2, Max: 224342.4, Diff: 0.6]
      [Ext Root Scanning (ms): Min: 0.5, Avg: 0.8, Max: 1.6, Diff: 1.0, Sum: 10.8]
      [Update RS (ms): Min: 2.6, Avg: 3.4, Max: 3.9, Diff: 1.3, Sum: 44.2]
         [Processed Buffers: Min: 1, Avg: 4.7, Max: 9, Diff: 8, Sum: 61]
      [Scan RS (ms): Min: 8.3, Avg: 8.8, Max: 9.1, Diff: 0.8, Sum: 114.6]
      [Code Root Scanning (ms): Min: 0.0, Avg: 0.0, Max: 0.0, Diff: 0.0, Sum: 0.0]
      [Object Copy (ms): Min: 35.9, Avg: 36.0, Max: 36.1, Diff: 0.2, Sum: 467.9]
      [Termination (ms): Min: 0.0, Avg: 0.0, Max: 0.0, Diff: 0.0, Sum: 0.0]
      [GC Worker Other (ms): Min: 0.0, Avg: 0.0, Max: 0.1, Diff: 0.1, Sum: 0.6]
      [GC Worker Total (ms): Min: 48.8, Avg: 49.1, Max: 49.4, Diff: 0.6, Sum: 638.1]
      [GC Worker End (ms): Min: 224391.2, Avg: 224391.3, Max: 224391.4, Diff: 0.1]
   [Code Root Fixup: 0.3 ms]
   [Code Root Migration: 0.0 ms]
   [Clear CT: 3.9 ms]
   [Other: 4.2 ms]
      [Choose CSet: 0.0 ms]
      [Ref Proc: 1.7 ms]
      [Ref Enq: 0.0 ms]
      [Free CSet: 0.9 ms]
   [Eden: 1184.0M(1184.0M)->0.0B(1056.0M) Survivors: 32.0M->160.0M Heap: 13.6G(24.0G)->12.6G(24.0G)]
 [Times: user=0.68 sys=0.00, real=0.06 secs] 
2014-04-09T14:05:30.152+0900: 226.067: [GC pause (G1 Evacuation Pause) (mixed), 0.1864720 secs]
   [Parallel Time: 171.4 ms, GC Workers: 13]
      [GC Worker Start (ms): Min: 226068.0, Avg: 226068.2, Max: 226068.4, Diff: 0.3]
      [Ext Root Scanning (ms): Min: 0.8, Avg: 0.9, Max: 1.1, Diff: 0.2, Sum: 11.9]
      [Update RS (ms): Min: 2.7, Avg: 3.3, Max: 4.4, Diff: 1.7, Sum: 43.0]
         [Processed Buffers: Min: 1, Avg: 11.2, Max: 18, Diff: 17, Sum: 146]
      [Scan RS (ms): Min: 48.8, Avg: 49.8, Max: 50.1, Diff: 1.4, Sum: 647.8]
      [Code Root Scanning (ms): Min: 0.0, Avg: 0.0, Max: 0.0, Diff: 0.0, Sum: 0.1]
      [Object Copy (ms): Min: 115.6, Avg: 116.3, Max: 116.6, Diff: 0.9, Sum: 1512.5]
      [Termination (ms): Min: 0.0, Avg: 0.0, Max: 0.0, Diff: 0.0, Sum: 0.0]
      [GC Worker Other (ms): Min: 0.0, Avg: 0.0, Max: 0.1, Diff: 0.1, Sum: 0.6]
      [GC Worker Total (ms): Min: 170.3, Avg: 170.5, Max: 170.7, Diff: 0.4, Sum: 2215.9]
      [GC Worker End (ms): Min: 226238.6, Avg: 226238.7, Max: 226238.7, Diff: 0.1]
   [Code Root Fixup: 0.3 ms]
   [Code Root Migration: 0.1 ms]
   [Clear CT: 5.0 ms]
   [Other: 9.8 ms]
      [Choose CSet: 0.5 ms]
      [Ref Proc: 0.5 ms]
      [Ref Enq: 0.0 ms]
      [Free CSet: 2.2 ms]
   [Eden: 1056.0M(1056.0M)->0.0B(1056.0M) Survivors: 160.0M->160.0M Heap: 14.1G(24.0G)->12.6G(24.0G)]
 [Times: user=2.27 sys=0.00, real=0.18 secs] 
2014-04-09T14:05:31.723+0900: 227.638: [GC pause (G1 Evacuation Pause) (mixed), 0.1995501 secs]
   [Parallel Time: 183.2 ms, GC Workers: 13]
      [GC Worker Start (ms): Min: 227639.2, Avg: 227639.5, Max: 227639.7, Diff: 0.4]
      [Ext Root Scanning (ms): Min: 0.7, Avg: 0.9, Max: 1.6, Diff: 0.9, Sum: 12.0]
      [Update RS (ms): Min: 0.9, Avg: 1.6, Max: 2.5, Diff: 1.6, Sum: 20.4]
         [Processed Buffers: Min: 0, Avg: 5.0, Max: 12, Diff: 12, Sum: 65]
      [Scan RS (ms): Min: 55.2, Avg: 56.0, Max: 56.3, Diff: 1.1, Sum: 728.4]
      [Code Root Scanning (ms): Min: 0.0, Avg: 0.0, Max: 0.0, Diff: 0.0, Sum: 0.1]
      [Object Copy (ms): Min: 123.5, Avg: 123.7, Max: 123.8, Diff: 0.3, Sum: 1607.8]
      [Termination (ms): Min: 0.0, Avg: 0.0, Max: 0.0, Diff: 0.0, Sum: 0.1]
      [GC Worker Other (ms): Min: 0.0, Avg: 0.0, Max: 0.1, Diff: 0.1, Sum: 0.6]
      [GC Worker Total (ms): Min: 182.0, Avg: 182.3, Max: 182.5, Diff: 0.4, Sum: 2369.4]
      [GC Worker End (ms): Min: 227821.7, Avg: 227821.7, Max: 227821.8, Diff: 0.1]
   [Code Root Fixup: 0.2 ms]
   [Code Root Migration: 0.1 ms]
   [Clear CT: 5.2 ms]
   [Other: 10.9 ms]
      [Choose CSet: 0.8 ms]
      [Ref Proc: 0.9 ms]
      [Ref Enq: 0.0 ms]
      [Free CSet: 2.5 ms]
   [Eden: 1056.0M(1056.0M)->0.0B(1056.0M) Survivors: 160.0M->160.0M Heap: 13.9G(24.0G)->12.6G(24.0G)]
 [Times: user=2.43 sys=0.00, real=0.20 secs] 
2014-04-09T14:05:33.324+0900: 229.239: [GC pause (G1 Evacuation Pause) (mixed), 0.2046171 secs]
   [Parallel Time: 187.0 ms, GC Workers: 13]
      [GC Worker Start (ms): Min: 229240.5, Avg: 229240.8, Max: 229241.0, Diff: 0.5]
      [Ext Root Scanning (ms): Min: 0.6, Avg: 0.8, Max: 1.5, Diff: 0.9, Sum: 10.6]
      [Update RS (ms): Min: 3.0, Avg: 3.8, Max: 5.4, Diff: 2.4, Sum: 49.6]
         [Processed Buffers: Min: 3, Avg: 11.4, Max: 17, Diff: 14, Sum: 148]
      [Scan RS (ms): Min: 59.0, Avg: 60.6, Max: 61.0, Diff: 2.0, Sum: 787.9]
      [Code Root Scanning (ms): Min: 0.0, Avg: 0.0, Max: 0.0, Diff: 0.0, Sum: 0.1]
      [Object Copy (ms): Min: 120.4, Avg: 120.7, Max: 120.8, Diff: 0.4, Sum: 1568.8]
      [Termination (ms): Min: 0.0, Avg: 0.0, Max: 0.0, Diff: 0.0, Sum: 0.0]
      [GC Worker Other (ms): Min: 0.0, Avg: 0.0, Max: 0.1, Diff: 0.1, Sum: 0.5]
      [GC Worker Total (ms): Min: 185.7, Avg: 186.0, Max: 186.3, Diff: 0.6, Sum: 2417.6]
      [GC Worker End (ms): Min: 229426.7, Avg: 229426.7, Max: 229426.8, Diff: 0.1]
   [Code Root Fixup: 0.3 ms]
   [Code Root Migration: 0.1 ms]
   [Clear CT: 5.3 ms]
   [Other: 11.9 ms]
      [Choose CSet: 0.9 ms]
      [Ref Proc: 1.0 ms]
      [Ref Enq: 0.0 ms]
      [Free CSet: 2.8 ms]
   [Eden: 1056.0M(1056.0M)->0.0B(1056.0M) Survivors: 160.0M->160.0M Heap: 14.0G(24.0G)->12.5G(24.0G)]
 [Times: user=2.48 sys=0.00, real=0.20 secs] 
2014-04-09T14:05:34.554+0900: 230.469: [GC pause (G1 Evacuation Pause) (mixed), 0.1108963 secs]
   [Parallel Time: 99.7 ms, GC Workers: 13]
      [GC Worker Start (ms): Min: 230470.0, Avg: 230470.3, Max: 230470.5, Diff: 0.5]
      [Ext Root Scanning (ms): Min: 0.5, Avg: 0.8, Max: 1.5, Diff: 1.0, Sum: 10.2]
      [Update RS (ms): Min: 2.8, Avg: 3.9, Max: 5.1, Diff: 2.3, Sum: 50.3]
         [Processed Buffers: Min: 0, Avg: 11.2, Max: 23, Diff: 23, Sum: 146]
      [Scan RS (ms): Min: 25.6, Avg: 26.8, Max: 27.6, Diff: 2.0, Sum: 348.7]
      [Code Root Scanning (ms): Min: 0.0, Avg: 0.0, Max: 0.0, Diff: 0.0, Sum: 0.0]
      [Object Copy (ms): Min: 67.3, Avg: 67.6, Max: 67.9, Diff: 0.6, Sum: 879.4]
      [Termination (ms): Min: 0.0, Avg: 0.1, Max: 0.1, Diff: 0.1, Sum: 0.8]
      [GC Worker Other (ms): Min: 0.0, Avg: 0.0, Max: 0.1, Diff: 0.1, Sum: 0.5]
      [GC Worker Total (ms): Min: 99.0, Avg: 99.2, Max: 99.5, Diff: 0.5, Sum: 1289.9]
      [GC Worker End (ms): Min: 230569.5, Avg: 230569.5, Max: 230569.6, Diff: 0.1]
   [Code Root Fixup: 0.3 ms]
   [Code Root Migration: 0.0 ms]
   [Clear CT: 4.6 ms]
   [Other: 6.3 ms]
      [Choose CSet: 0.2 ms]
      [Ref Proc: 1.1 ms]
      [Ref Enq: 0.0 ms]
      [Free CSet: 0.9 ms]
   [Eden: 1056.0M(1056.0M)->0.0B(1056.0M) Survivors: 160.0M->160.0M Heap: 14.0G(24.0G)->13.1G(24.0G)]
 [Times: user=1.35 sys=0.01, real=0.11 secs] 
2014-04-09T14:05:34.685+0900: 230.600: [GC pause (G1 Humongous Allocation) (young) (initial-mark), 0.0776842 secs]
   [Parallel Time: 74.5 ms, GC Workers: 13]
      [GC Worker Start (ms): Min: 230600.2, Avg: 230600.3, Max: 230600.5, Diff: 0.4]
      [Ext Root Scanning (ms): Min: 0.5, Avg: 0.7, Max: 2.1, Diff: 1.6, Sum: 9.7]
      [Code Root Marking (ms): Min: 0.0, Avg: 0.8, Max: 6.7, Diff: 6.7, Sum: 10.0]
      [Update RS (ms): Min: 41.1, Avg: 47.0, Max: 48.3, Diff: 7.3, Sum: 611.5]
         [Processed Buffers: Min: 20, Avg: 26.2, Max: 42, Diff: 22, Sum: 340]
      [Scan RS (ms): Min: 0.0, Avg: 0.1, Max: 0.5, Diff: 0.5, Sum: 1.0]
      [Code Root Scanning (ms): Min: 0.0, Avg: 0.0, Max: 0.0, Diff: 0.0, Sum: 0.0]
      [Object Copy (ms): Min: 24.3, Avg: 24.9, Max: 25.4, Diff: 1.1, Sum: 324.2]
      [Termination (ms): Min: 0.0, Avg: 0.0, Max: 0.0, Diff: 0.0, Sum: 0.1]
      [GC Worker Other (ms): Min: 0.0, Avg: 0.0, Max: 0.0, Diff: 0.0, Sum: 0.3]
      [GC Worker Total (ms): Min: 73.4, Avg: 73.6, Max: 73.8, Diff: 0.4, Sum: 956.9]
      [GC Worker End (ms): Min: 230673.9, Avg: 230674.0, Max: 230674.0, Diff: 0.0]
   [Code Root Fixup: 0.3 ms]
   [Code Root Migration: 0.0 ms]
   [Clear CT: 0.5 ms]
   [Other: 2.4 ms]
      [Choose CSet: 0.0 ms]
      [Ref Proc: 0.4 ms]
      [Ref Enq: 0.0 ms]
      [Free CSet: 0.1 ms]
   [Eden: 16.0M(1056.0M)->0.0B(1152.0M) Survivors: 160.0M->64.0M Heap: 13.1G(24.0G)->13.2G(24.0G)]
 [Times: user=0.96 sys=0.00, real=0.08 secs] 
2014-04-09T14:05:34.762+0900: 230.678: [GC concurrent-root-region-scan-start]
2014-04-09T14:05:34.765+0900: 230.680: [GC concurrent-root-region-scan-end, 0.0022550 secs]
2014-04-09T14:05:34.765+0900: 230.680: [GC concurrent-mark-start]
2014-04-09T14:05:35.733+0900: 231.648: [GC pause (G1 Evacuation Pause) (young), 0.0637483 secs]
   [Parallel Time: 55.2 ms, GC Workers: 13]
      [GC Worker Start (ms): Min: 231648.9, Avg: 231649.2, Max: 231649.4, Diff: 0.6]
      [Ext Root Scanning (ms): Min: 0.5, Avg: 0.7, Max: 1.3, Diff: 0.9, Sum: 9.7]
      [SATB Filtering (ms): Min: 0.0, Avg: 0.0, Max: 0.6, Diff: 0.6, Sum: 0.6]
      [Update RS (ms): Min: 2.7, Avg: 3.2, Max: 5.8, Diff: 3.1, Sum: 42.1]
         [Processed Buffers: Min: 7, Avg: 11.5, Max: 17, Diff: 10, Sum: 150]
      [Scan RS (ms): Min: 7.5, Avg: 9.9, Max: 10.5, Diff: 3.1, Sum: 128.9]
      [Code Root Scanning (ms): Min: 0.0, Avg: 0.0, Max: 0.0, Diff: 0.0, Sum: 0.0]
      [Object Copy (ms): Min: 39.9, Avg: 39.9, Max: 40.0, Diff: 0.1, Sum: 519.2]
      [Termination (ms): Min: 0.0, Avg: 0.0, Max: 0.0, Diff: 0.0, Sum: 0.0]
      [GC Worker Other (ms): Min: 0.0, Avg: 0.0, Max: 0.1, Diff: 0.1, Sum: 0.6]
      [GC Worker Total (ms): Min: 53.7, Avg: 53.9, Max: 54.3, Diff: 0.6, Sum: 701.2]
      [GC Worker End (ms): Min: 231703.1, Avg: 231703.1, Max: 231703.2, Diff: 0.1]
   [Code Root Fixup: 0.3 ms]
   [Code Root Migration: 0.0 ms]
   [Clear CT: 3.9 ms]
   [Other: 4.3 ms]
      [Choose CSet: 0.0 ms]
      [Ref Proc: 1.6 ms]
      [Ref Enq: 0.0 ms]
      [Free CSet: 0.5 ms]
   [Eden: 1152.0M(1152.0M)->0.0B(1056.0M) Survivors: 64.0M->160.0M Heap: 14.7G(24.0G)->13.8G(24.0G)]
 [Times: user=0.74 sys=0.00, real=0.06 secs] 
2014-04-09T14:05:36.633+0900: 232.548: [GC concurrent-mark-end, 1.8683531 secs]
2014-04-09T14:05:36.635+0900: 232.550: [GC remark 232.551: [GC ref-proc, 0.0055357 secs], 0.0357999 secs]
 [Times: user=0.31 sys=0.00, real=0.03 secs] 
2014-04-09T14:05:36.672+0900: 232.588: [GC cleanup 14G->12G(24G), 0.0321355 secs]
 [Times: user=0.38 sys=0.00, real=0.03 secs] 
2014-04-09T14:05:36.705+0900: 232.620: [GC concurrent-cleanup-start]
2014-04-09T14:05:36.707+0900: 232.623: [GC concurrent-cleanup-end, 0.0023007 secs]
2014-04-09T14:05:37.612+0900: 233.527: [GC pause (G1 Evacuation Pause) (young), 0.0890146 secs]
   [Parallel Time: 79.9 ms, GC Workers: 13]
      [GC Worker Start (ms): Min: 233527.3, Avg: 233527.6, Max: 233527.8, Diff: 0.5]
      [Ext Root Scanning (ms): Min: 0.7, Avg: 0.9, Max: 1.3, Diff: 0.6, Sum: 12.1]
      [Update RS (ms): Min: 1.9, Avg: 2.9, Max: 4.3, Diff: 2.4, Sum: 37.7]
         [Processed Buffers: Min: 2, Avg: 5.2, Max: 18, Diff: 16, Sum: 67]
      [Scan RS (ms): Min: 15.1, Avg: 17.0, Max: 18.0, Diff: 3.0, Sum: 221.1]
      [Code Root Scanning (ms): Min: 0.0, Avg: 0.0, Max: 0.0, Diff: 0.0, Sum: 0.0]
      [Object Copy (ms): Min: 57.2, Avg: 57.3, Max: 57.4, Diff: 0.2, Sum: 744.9]
      [Termination (ms): Min: 0.0, Avg: 0.0, Max: 0.0, Diff: 0.0, Sum: 0.1]
      [GC Worker Other (ms): Min: 0.0, Avg: 0.0, Max: 0.1, Diff: 0.1, Sum: 0.5]
      [GC Worker Total (ms): Min: 77.9, Avg: 78.2, Max: 78.5, Diff: 0.6, Sum: 1016.4]
      [GC Worker End (ms): Min: 233605.8, Avg: 233605.8, Max: 233605.8, Diff: 0.1]
   [Code Root Fixup: 0.3 ms]
   [Code Root Migration: 0.0 ms]
   [Clear CT: 3.8 ms]
   [Other: 5.0 ms]
      [Choose CSet: 0.0 ms]
      [Ref Proc: 1.5 ms]
      [Ref Enq: 0.0 ms]
      [Free CSet: 0.5 ms]
   [Eden: 1056.0M(1056.0M)->0.0B(1056.0M) Survivors: 160.0M->160.0M Heap: 13.4G(24.0G)->12.6G(24.0G)]
 [Times: user=1.06 sys=0.00, real=0.08 secs] 
2014-04-09T14:05:38.601+0900: 234.516: [GC pause (G1 Evacuation Pause) (mixed), 0.1279863 secs]
   [Parallel Time: 115.0 ms, GC Workers: 13]
      [GC Worker Start (ms): Min: 234516.9, Avg: 234517.2, Max: 234517.5, Diff: 0.6]
      [Ext Root Scanning (ms): Min: 0.5, Avg: 0.9, Max: 1.9, Diff: 1.4, Sum: 11.2]
      [Update RS (ms): Min: 3.4, Avg: 4.3, Max: 4.7, Diff: 1.3, Sum: 56.1]
         [Processed Buffers: Min: 0, Avg: 11.8, Max: 21, Diff: 21, Sum: 153]
      [Scan RS (ms): Min: 27.8, Avg: 28.1, Max: 28.3, Diff: 0.5, Sum: 365.0]
      [Code Root Scanning (ms): Min: 0.0, Avg: 0.0, Max: 0.0, Diff: 0.0, Sum: 0.0]
      [Object Copy (ms): Min: 80.4, Avg: 80.5, Max: 80.7, Diff: 0.3, Sum: 1046.8]
      [Termination (ms): Min: 0.0, Avg: 0.0, Max: 0.0, Diff: 0.0, Sum: 0.0]
      [GC Worker Other (ms): Min: 0.0, Avg: 0.0, Max: 0.2, Diff: 0.1, Sum: 0.6]
      [GC Worker Total (ms): Min: 113.5, Avg: 113.8, Max: 114.2, Diff: 0.6, Sum: 1479.7]
      [GC Worker End (ms): Min: 234631.0, Avg: 234631.0, Max: 234631.1, Diff: 0.1]
   [Code Root Fixup: 0.3 ms]
   [Code Root Migration: 0.0 ms]
   [Clear CT: 4.8 ms]
   [Other: 7.8 ms]
      [Choose CSet: 0.1 ms]
      [Ref Proc: 1.2 ms]
      [Ref Enq: 0.0 ms]
      [Free CSet: 1.6 ms]
   [Eden: 1056.0M(1056.0M)->0.0B(1056.0M) Survivors: 160.0M->160.0M Heap: 14.0G(24.0G)->12.8G(24.0G)]
 [Times: user=1.54 sys=0.00, real=0.13 secs] 
2014-04-09T14:05:38.739+0900: 234.654: [GC pause (G1 Humongous Allocation) (young) (initial-mark), 0.1066799 secs]
   [Parallel Time: 102.2 ms, GC Workers: 13]
      [GC Worker Start (ms): Min: 234654.3, Avg: 234654.6, Max: 234654.8, Diff: 0.4]
      [Ext Root Scanning (ms): Min: 0.5, Avg: 0.8, Max: 3.0, Diff: 2.5, Sum: 10.8]
      [Code Root Marking (ms): Min: 0.0, Avg: 0.7, Max: 6.8, Diff: 6.8, Sum: 9.6]
      [Update RS (ms): Min: 68.8, Avg: 73.2, Max: 75.0, Diff: 6.2, Sum: 952.0]
         [Processed Buffers: Min: 34, Avg: 42.5, Max: 58, Diff: 24, Sum: 552]
      [Scan RS (ms): Min: 0.0, Avg: 0.0, Max: 0.1, Diff: 0.1, Sum: 0.1]
      [Code Root Scanning (ms): Min: 0.0, Avg: 0.0, Max: 0.0, Diff: 0.0, Sum: 0.0]
      [Object Copy (ms): Min: 25.0, Avg: 26.4, Max: 27.2, Diff: 2.1, Sum: 343.3]
      [Termination (ms): Min: 0.0, Avg: 0.0, Max: 0.0, Diff: 0.0, Sum: 0.1]
      [GC Worker Other (ms): Min: 0.0, Avg: 0.0, Max: 0.0, Diff: 0.0, Sum: 0.3]
      [GC Worker Total (ms): Min: 101.1, Avg: 101.3, Max: 101.5, Diff: 0.4, Sum: 1316.3]
      [GC Worker End (ms): Min: 234755.8, Avg: 234755.8, Max: 234755.8, Diff: 0.0]
   [Code Root Fixup: 0.3 ms]
   [Code Root Migration: 0.0 ms]
   [Clear CT: 0.9 ms]
   [Other: 3.3 ms]
      [Choose CSet: 0.0 ms]
      [Ref Proc: 0.9 ms]
      [Ref Enq: 0.0 ms]
      [Free CSet: 0.1 ms]
   [Eden: 16.0M(1056.0M)->0.0B(1104.0M) Survivors: 160.0M->112.0M Heap: 12.8G(24.0G)->13.0G(24.0G)]
 [Times: user=1.32 sys=0.00, real=0.11 secs] 
2014-04-09T14:05:38.846+0900: 234.761: [GC concurrent-root-region-scan-start]
2014-04-09T14:05:38.856+0900: 234.772: [GC concurrent-root-region-scan-end, 0.0108236 secs]
2014-04-09T14:05:38.857+0900: 234.772: [GC concurrent-mark-start]
2014-04-09T14:05:40.834+0900: 236.749: [GC pause (G1 Evacuation Pause) (young), 0.0516745 secs]
   [Parallel Time: 44.3 ms, GC Workers: 13]
      [GC Worker Start (ms): Min: 236749.1, Avg: 236749.3, Max: 236749.5, Diff: 0.4]
      [Ext Root Scanning (ms): Min: 0.4, Avg: 0.6, Max: 1.1, Diff: 0.6, Sum: 8.3]
      [SATB Filtering (ms): Min: 0.0, Avg: 0.0, Max: 0.2, Diff: 0.2, Sum: 0.2]
      [Update RS (ms): Min: 0.4, Avg: 1.1, Max: 2.1, Diff: 1.7, Sum: 14.5]
         [Processed Buffers: Min: 1, Avg: 5.1, Max: 10, Diff: 9, Sum: 66]
      [Scan RS (ms): Min: 6.5, Avg: 7.6, Max: 8.0, Diff: 1.4, Sum: 98.2]
      [Code Root Scanning (ms): Min: 0.0, Avg: 0.0, Max: 0.0, Diff: 0.0, Sum: 0.0]
      [Object Copy (ms): Min: 34.1, Avg: 34.2, Max: 34.3, Diff: 0.2, Sum: 444.9]
      [Termination (ms): Min: 0.0, Avg: 0.0, Max: 0.0, Diff: 0.0, Sum: 0.0]
      [GC Worker Other (ms): Min: 0.0, Avg: 0.0, Max: 0.1, Diff: 0.1, Sum: 0.6]
      [GC Worker Total (ms): Min: 43.4, Avg: 43.6, Max: 43.8, Diff: 0.4, Sum: 566.7]
      [GC Worker End (ms): Min: 236792.9, Avg: 236792.9, Max: 236792.9, Diff: 0.1]
   [Code Root Fixup: 0.1 ms]
   [Code Root Migration: 0.0 ms]
   [Clear CT: 3.7 ms]
   [Other: 3.5 ms]
      [Choose CSet: 0.0 ms]
      [Ref Proc: 1.4 ms]
      [Ref Enq: 0.0 ms]
      [Free CSet: 0.4 ms]
   [Eden: 1104.0M(1104.0M)->0.0B(1056.0M) Survivors: 112.0M->160.0M Heap: 14.4G(24.0G)->13.5G(24.0G)]
 [Times: user=0.61 sys=0.00, real=0.05 secs] 
2014-04-09T14:05:40.914+0900: 236.830: [GC concurrent-mark-end, 2.0576766 secs]
2014-04-09T14:05:40.915+0900: 236.831: [GC remark 236.832: [GC ref-proc, 0.0043177 secs], 0.0281605 secs]
 [Times: user=0.25 sys=0.00, real=0.03 secs] 
2014-04-09T14:05:40.945+0900: 236.860: [GC cleanup 13G->12G(24G), 0.0264654 secs]
 [Times: user=0.31 sys=0.00, real=0.02 secs] 
2014-04-09T14:05:40.972+0900: 236.887: [GC concurrent-cleanup-start]
2014-04-09T14:05:40.973+0900: 236.889: [GC concurrent-cleanup-end, 0.0014395 secs]
2014-04-09T14:05:44.594+0900: 240.510: [GC pause (G1 Evacuation Pause) (young), 0.0630025 secs]
   [Parallel Time: 53.4 ms, GC Workers: 13]
      [GC Worker Start (ms): Min: 240509.8, Avg: 240510.2, Max: 240510.4, Diff: 0.6]
      [Ext Root Scanning (ms): Min: 0.5, Avg: 0.7, Max: 1.3, Diff: 0.8, Sum: 9.6]
      [Update RS (ms): Min: 2.4, Avg: 3.1, Max: 3.6, Diff: 1.2, Sum: 40.4]
         [Processed Buffers: Min: 1, Avg: 4.8, Max: 13, Diff: 12, Sum: 63]
      [Scan RS (ms): Min: 13.1, Avg: 13.7, Max: 14.0, Diff: 0.8, Sum: 178.4]
      [Code Root Scanning (ms): Min: 0.0, Avg: 0.0, Max: 0.0, Diff: 0.0, Sum: 0.0]
      [Object Copy (ms): Min: 34.8, Avg: 34.9, Max: 35.2, Diff: 0.4, Sum: 454.3]
      [Termination (ms): Min: 0.0, Avg: 0.0, Max: 0.0, Diff: 0.0, Sum: 0.0]
      [GC Worker Other (ms): Min: 0.0, Avg: 0.0, Max: 0.1, Diff: 0.1, Sum: 0.4]
      [GC Worker Total (ms): Min: 52.3, Avg: 52.6, Max: 52.9, Diff: 0.6, Sum: 683.2]
      [GC Worker End (ms): Min: 240562.7, Avg: 240562.7, Max: 240562.8, Diff: 0.1]
   [Code Root Fixup: 0.1 ms]
   [Code Root Migration: 0.0 ms]
   [Clear CT: 4.6 ms]
   [Other: 4.8 ms]
      [Choose CSet: 0.0 ms]
      [Ref Proc: 1.3 ms]
      [Ref Enq: 0.0 ms]
      [Free CSet: 1.1 ms]
   [Eden: 1056.0M(1056.0M)->0.0B(1072.0M) Survivors: 160.0M->144.0M Heap: 13.5G(24.0G)->12.7G(24.0G)]
 [Times: user=0.73 sys=0.00, real=0.06 secs] 
2014-04-09T14:05:56.384+0900: 252.299: [GC pause (G1 Evacuation Pause) (mixed), 0.0536314 secs]
   [Parallel Time: 43.9 ms, GC Workers: 13]
      [GC Worker Start (ms): Min: 252299.5, Avg: 252299.9, Max: 252300.2, Diff: 0.6]
      [Ext Root Scanning (ms): Min: 0.5, Avg: 0.8, Max: 1.5, Diff: 1.0, Sum: 10.7]
      [Update RS (ms): Min: 0.8, Avg: 1.2, Max: 1.5, Diff: 0.7, Sum: 15.9]
         [Processed Buffers: Min: 1, Avg: 4.9, Max: 12, Diff: 11, Sum: 64]
      [Scan RS (ms): Min: 13.9, Avg: 14.1, Max: 14.2, Diff: 0.3, Sum: 182.8]
      [Code Root Scanning (ms): Min: 0.0, Avg: 0.0, Max: 0.0, Diff: 0.0, Sum: 0.1]
      [Object Copy (ms): Min: 25.9, Avg: 26.1, Max: 26.2, Diff: 0.2, Sum: 339.1]
      [Termination (ms): Min: 0.0, Avg: 0.0, Max: 0.0, Diff: 0.0, Sum: 0.0]
      [GC Worker Other (ms): Min: 0.0, Avg: 0.0, Max: 0.1, Diff: 0.1, Sum: 0.4]
      [GC Worker Total (ms): Min: 42.0, Avg: 42.2, Max: 42.6, Diff: 0.6, Sum: 549.1]
      [GC Worker End (ms): Min: 252342.1, Avg: 252342.1, Max: 252342.2, Diff: 0.1]
   [Code Root Fixup: 0.2 ms]
   [Code Root Migration: 0.1 ms]
   [Clear CT: 4.3 ms]
   [Other: 5.2 ms]
      [Choose CSet: 0.1 ms]
      [Ref Proc: 1.3 ms]
      [Ref Enq: 0.0 ms]
      [Free CSet: 0.8 ms]
   [Eden: 1072.0M(1072.0M)->0.0B(1120.0M) Survivors: 144.0M->96.0M Heap: 13.7G(24.0G)->12.4G(24.0G)]
 [Times: user=0.60 sys=0.00, real=0.06 secs] 
2014-04-09T14:05:57.112+0900: 253.028: [GC pause (G1 Humongous Allocation) (young) (initial-mark), 0.0111025 secs]
   [Parallel Time: 7.6 ms, GC Workers: 13]
      [GC Worker Start (ms): Min: 253028.0, Avg: 253028.3, Max: 253028.6, Diff: 0.6]
      [Ext Root Scanning (ms): Min: 0.4, Avg: 0.7, Max: 2.6, Diff: 2.2, Sum: 9.0]
      [Code Root Marking (ms): Min: 0.0, Avg: 0.7, Max: 4.9, Diff: 4.8, Sum: 8.5]
      [Update RS (ms): Min: 0.0, Avg: 3.2, Max: 4.2, Diff: 4.2, Sum: 41.6]
         [Processed Buffers: Min: 0, Avg: 4.8, Max: 19, Diff: 19, Sum: 63]
      [Scan RS (ms): Min: 0.0, Avg: 0.1, Max: 0.2, Diff: 0.2, Sum: 0.9]
      [Code Root Scanning (ms): Min: 0.0, Avg: 0.0, Max: 0.0, Diff: 0.0, Sum: 0.0]
      [Object Copy (ms): Min: 0.4, Avg: 1.0, Max: 2.0, Diff: 1.6, Sum: 12.6]
      [Termination (ms): Min: 0.0, Avg: 0.4, Max: 0.4, Diff: 0.4, Sum: 4.9]
      [GC Worker Other (ms): Min: 0.0, Avg: 0.0, Max: 0.0, Diff: 0.0, Sum: 0.3]
      [GC Worker Total (ms): Min: 5.8, Avg: 6.0, Max: 6.3, Diff: 0.6, Sum: 77.8]
      [GC Worker End (ms): Min: 253034.3, Avg: 253034.3, Max: 253034.3, Diff: 0.0]
   [Code Root Fixup: 0.2 ms]
   [Code Root Migration: 0.0 ms]
   [Clear CT: 1.4 ms]
   [Other: 1.9 ms]
      [Choose CSet: 0.0 ms]
      [Ref Proc: 1.0 ms]
      [Ref Enq: 0.0 ms]
      [Free CSet: 0.2 ms]
   [Eden: 864.0M(1120.0M)->0.0B(1184.0M) Survivors: 96.0M->32.0M Heap: 13.2G(24.0G)->12.3G(24.0G)]
 [Times: user=0.09 sys=0.00, real=0.01 secs] 
2014-04-09T14:05:57.124+0900: 253.039: [GC concurrent-root-region-scan-start]
2014-04-09T14:05:57.126+0900: 253.041: [GC concurrent-root-region-scan-end, 0.0022861 secs]
2014-04-09T14:05:57.126+0900: 253.041: [GC concurrent-mark-start]
2014-04-09T14:05:58.460+0900: 254.375: [GC concurrent-mark-end, 1.3335322 secs]
2014-04-09T14:05:58.461+0900: 254.376: [GC remark 254.377: [GC ref-proc, 0.0034295 secs], 0.0262394 secs]
 [Times: user=0.22 sys=0.00, real=0.03 secs] 
2014-04-09T14:05:58.489+0900: 254.404: [GC cleanup 13G->13G(24G), 0.0285898 secs]
 [Times: user=0.32 sys=0.00, real=0.03 secs] 
2014-04-09T14:05:58.518+0900: 254.433: [GC concurrent-cleanup-start]
2014-04-09T14:05:58.518+0900: 254.434: [GC concurrent-cleanup-end, 0.0006623 secs]
2014-04-09T14:05:58.613+0900: 254.529: [GC pause (G1 Evacuation Pause) (young), 0.0559119 secs]
   [Parallel Time: 49.1 ms, GC Workers: 13]
      [GC Worker Start (ms): Min: 254529.2, Avg: 254529.5, Max: 254529.7, Diff: 0.5]
      [Ext Root Scanning (ms): Min: 0.4, Avg: 0.7, Max: 1.1, Diff: 0.8, Sum: 8.5]
      [Update RS (ms): Min: 1.9, Avg: 2.6, Max: 3.3, Diff: 1.3, Sum: 34.3]
         [Processed Buffers: Min: 4, Avg: 10.0, Max: 17, Diff: 13, Sum: 130]
      [Scan RS (ms): Min: 5.8, Avg: 6.3, Max: 6.6, Diff: 0.7, Sum: 82.0]
      [Code Root Scanning (ms): Min: 0.0, Avg: 0.0, Max: 0.0, Diff: 0.0, Sum: 0.0]
      [Object Copy (ms): Min: 37.9, Avg: 38.0, Max: 38.2, Diff: 0.2, Sum: 494.5]
      [Termination (ms): Min: 0.0, Avg: 0.1, Max: 0.1, Diff: 0.1, Sum: 0.7]
      [GC Worker Other (ms): Min: 0.0, Avg: 0.1, Max: 0.2, Diff: 0.2, Sum: 1.0]
      [GC Worker Total (ms): Min: 47.5, Avg: 47.8, Max: 48.2, Diff: 0.8, Sum: 621.0]
      [GC Worker End (ms): Min: 254577.2, Avg: 254577.2, Max: 254577.4, Diff: 0.2]
   [Code Root Fixup: 0.3 ms]
   [Code Root Migration: 0.0 ms]
   [Clear CT: 3.3 ms]
   [Other: 3.1 ms]
      [Choose CSet: 0.0 ms]
      [Ref Proc: 0.8 ms]
      [Ref Enq: 0.0 ms]
      [Free CSet: 0.7 ms]
   [Eden: 1184.0M(1184.0M)->0.0B(1056.0M) Survivors: 32.0M->160.0M Heap: 13.4G(24.0G)->12.5G(24.0G)]
 [Times: user=0.66 sys=0.00, real=0.06 secs] 
2014-04-09T14:06:01.145+0900: 257.060: [GC pause (G1 Evacuation Pause) (mixed), 0.1757167 secs]
   [Parallel Time: 159.6 ms, GC Workers: 13]
      [GC Worker Start (ms): Min: 257060.8, Avg: 257061.1, Max: 257061.4, Diff: 0.6]
      [Ext Root Scanning (ms): Min: 0.4, Avg: 0.8, Max: 1.4, Diff: 0.9, Sum: 9.9]
      [Update RS (ms): Min: 1.0, Avg: 1.9, Max: 4.5, Diff: 3.5, Sum: 25.1]
         [Processed Buffers: Min: 2, Avg: 4.8, Max: 8, Diff: 6, Sum: 62]
      [Scan RS (ms): Min: 40.6, Avg: 43.3, Max: 43.9, Diff: 3.4, Sum: 562.6]
      [Code Root Scanning (ms): Min: 0.0, Avg: 0.0, Max: 0.0, Diff: 0.0, Sum: 0.1]
      [Object Copy (ms): Min: 111.8, Avg: 112.1, Max: 112.3, Diff: 0.5, Sum: 1457.8]
      [Termination (ms): Min: 0.0, Avg: 0.0, Max: 0.0, Diff: 0.0, Sum: 0.1]
      [GC Worker Other (ms): Min: 0.0, Avg: 0.0, Max: 0.1, Diff: 0.1, Sum: 0.5]
      [GC Worker Total (ms): Min: 157.9, Avg: 158.2, Max: 158.4, Diff: 0.5, Sum: 2056.1]
      [GC Worker End (ms): Min: 257219.2, Avg: 257219.3, Max: 257219.3, Diff: 0.1]
   [Code Root Fixup: 0.3 ms]
   [Code Root Migration: 0.1 ms]
   [Clear CT: 5.7 ms]
   [Other: 10.0 ms]
      [Choose CSet: 0.5 ms]
      [Ref Proc: 1.3 ms]
      [Ref Enq: 0.0 ms]
      [Free CSet: 2.5 ms]
   [Eden: 1056.0M(1056.0M)->0.0B(1056.0M) Survivors: 160.0M->160.0M Heap: 13.9G(24.0G)->12.4G(24.0G)]
 [Times: user=2.12 sys=0.00, real=0.18 secs] 
2014-04-09T14:06:03.714+0900: 259.630: [GC pause (G1 Evacuation Pause) (mixed), 0.1997917 secs]
   [Parallel Time: 183.6 ms, GC Workers: 13]
      [GC Worker Start (ms): Min: 259630.8, Avg: 259631.1, Max: 259631.3, Diff: 0.5]
      [Ext Root Scanning (ms): Min: 0.5, Avg: 0.8, Max: 1.5, Diff: 1.0, Sum: 10.0]
      [Update RS (ms): Min: 2.6, Avg: 3.6, Max: 4.5, Diff: 1.9, Sum: 46.6]
         [Processed Buffers: Min: 1, Avg: 5.7, Max: 13, Diff: 12, Sum: 74]
      [Scan RS (ms): Min: 52.2, Avg: 53.0, Max: 53.6, Diff: 1.4, Sum: 689.5]
      [Code Root Scanning (ms): Min: 0.0, Avg: 0.0, Max: 0.0, Diff: 0.0, Sum: 0.1]
      [Object Copy (ms): Min: 124.2, Avg: 124.5, Max: 124.8, Diff: 0.6, Sum: 1619.1]
      [Termination (ms): Min: 0.0, Avg: 0.0, Max: 0.0, Diff: 0.0, Sum: 0.0]
      [GC Worker Other (ms): Min: 0.0, Avg: 0.0, Max: 0.1, Diff: 0.1, Sum: 0.6]
      [GC Worker Total (ms): Min: 181.7, Avg: 182.0, Max: 182.3, Diff: 0.5, Sum: 2365.9]
      [GC Worker End (ms): Min: 259813.0, Avg: 259813.1, Max: 259813.1, Diff: 0.1]
   [Code Root Fixup: 0.3 ms]
   [Code Root Migration: 0.1 ms]
   [Clear CT: 5.4 ms]
   [Other: 10.4 ms]
      [Choose CSet: 0.7 ms]
      [Ref Proc: 1.0 ms]
      [Ref Enq: 0.0 ms]
      [Free CSet: 2.0 ms]
   [Eden: 1056.0M(1056.0M)->0.0B(1056.0M) Survivors: 160.0M->160.0M Heap: 13.9G(24.0G)->12.5G(24.0G)]
 [Times: user=2.44 sys=0.00, real=0.20 secs] 
2014-04-09T14:06:05.177+0900: 261.093: [GC pause (G1 Evacuation Pause) (mixed), 0.2051313 secs]
   [Parallel Time: 188.2 ms, GC Workers: 13]
      [GC Worker Start (ms): Min: 261093.7, Avg: 261094.0, Max: 261094.2, Diff: 0.5]
      [Ext Root Scanning (ms): Min: 0.6, Avg: 0.9, Max: 1.5, Diff: 0.9, Sum: 11.7]
      [Update RS (ms): Min: 1.8, Avg: 2.2, Max: 2.6, Diff: 0.9, Sum: 28.8]
         [Processed Buffers: Min: 1, Avg: 5.5, Max: 15, Diff: 14, Sum: 72]
      [Scan RS (ms): Min: 57.3, Avg: 57.8, Max: 58.6, Diff: 1.3, Sum: 751.2]
      [Code Root Scanning (ms): Min: 0.0, Avg: 0.0, Max: 0.0, Diff: 0.0, Sum: 0.1]
      [Object Copy (ms): Min: 125.5, Avg: 125.9, Max: 126.1, Diff: 0.7, Sum: 1637.2]
      [Termination (ms): Min: 0.0, Avg: 0.0, Max: 0.0, Diff: 0.0, Sum: 0.1]
      [GC Worker Other (ms): Min: 0.0, Avg: 0.0, Max: 0.1, Diff: 0.1, Sum: 0.6]
      [GC Worker Total (ms): Min: 186.7, Avg: 186.9, Max: 187.1, Diff: 0.4, Sum: 2429.7]
      [GC Worker End (ms): Min: 261280.8, Avg: 261280.8, Max: 261280.9, Diff: 0.1]
   [Code Root Fixup: 0.4 ms]
   [Code Root Migration: 0.1 ms]
   [Clear CT: 5.2 ms]
   [Other: 11.3 ms]
      [Choose CSet: 0.7 ms]
      [Ref Proc: 0.7 ms]
      [Ref Enq: 0.0 ms]
      [Free CSet: 2.7 ms]
   [Eden: 1056.0M(1056.0M)->0.0B(1056.0M) Survivors: 160.0M->160.0M Heap: 14.0G(24.0G)->12.6G(24.0G)]
 [Times: user=2.49 sys=0.00, real=0.20 secs] 
2014-04-09T14:06:06.732+0900: 262.648: [GC pause (G1 Evacuation Pause) (mixed), 0.1409669 secs]
   [Parallel Time: 126.8 ms, GC Workers: 13]
      [GC Worker Start (ms): Min: 262648.7, Avg: 262649.0, Max: 262649.3, Diff: 0.6]
      [Ext Root Scanning (ms): Min: 0.5, Avg: 0.8, Max: 1.8, Diff: 1.4, Sum: 9.9]
      [Update RS (ms): Min: 4.0, Avg: 5.0, Max: 5.5, Diff: 1.5, Sum: 64.8]
         [Processed Buffers: Min: 15, Avg: 17.9, Max: 25, Diff: 10, Sum: 233]
      [Scan RS (ms): Min: 36.9, Avg: 37.8, Max: 38.2, Diff: 1.3, Sum: 491.0]
      [Code Root Scanning (ms): Min: 0.0, Avg: 0.0, Max: 0.0, Diff: 0.0, Sum: 0.0]
      [Object Copy (ms): Min: 81.0, Avg: 81.4, Max: 82.1, Diff: 1.1, Sum: 1058.0]
      [Termination (ms): Min: 0.0, Avg: 0.0, Max: 0.0, Diff: 0.0, Sum: 0.0]
      [GC Worker Other (ms): Min: 0.0, Avg: 0.0, Max: 0.1, Diff: 0.1, Sum: 0.5]
      [GC Worker Total (ms): Min: 124.6, Avg: 124.9, Max: 125.2, Diff: 0.6, Sum: 1624.2]
      [GC Worker End (ms): Min: 262773.9, Avg: 262773.9, Max: 262774.0, Diff: 0.1]
   [Code Root Fixup: 0.2 ms]
   [Code Root Migration: 0.0 ms]
   [Clear CT: 5.2 ms]
   [Other: 8.7 ms]
      [Choose CSet: 0.4 ms]
      [Ref Proc: 1.4 ms]
      [Ref Enq: 0.0 ms]
      [Free CSet: 1.3 ms]
   [Eden: 1056.0M(1056.0M)->0.0B(1056.0M) Survivors: 160.0M->160.0M Heap: 14.0G(24.0G)->13.0G(24.0G)]
 [Times: user=1.69 sys=0.00, real=0.14 secs] 
2014-04-09T14:06:06.895+0900: 262.810: [GC pause (G1 Humongous Allocation) (young) (initial-mark), 0.0967246 secs]
   [Parallel Time: 91.5 ms, GC Workers: 13]
      [GC Worker Start (ms): Min: 262810.6, Avg: 262810.8, Max: 262811.0, Diff: 0.5]
      [Ext Root Scanning (ms): Min: 0.5, Avg: 0.7, Max: 2.7, Diff: 2.3, Sum: 9.6]
      [Code Root Marking (ms): Min: 0.0, Avg: 0.6, Max: 4.8, Diff: 4.7, Sum: 8.0]
      [Update RS (ms): Min: 57.7, Avg: 62.0, Max: 63.6, Diff: 5.9, Sum: 806.4]
         [Processed Buffers: Min: 35, Avg: 40.1, Max: 53, Diff: 18, Sum: 521]
      [Scan RS (ms): Min: 0.0, Avg: 0.7, Max: 1.5, Diff: 1.5, Sum: 9.3]
      [Code Root Scanning (ms): Min: 0.0, Avg: 0.0, Max: 0.0, Diff: 0.0, Sum: 0.0]
      [Object Copy (ms): Min: 26.2, Avg: 26.4, Max: 27.7, Diff: 1.5, Sum: 343.7]
      [Termination (ms): Min: 0.0, Avg: 0.0, Max: 0.0, Diff: 0.0, Sum: 0.0]
      [GC Worker Other (ms): Min: 0.0, Avg: 0.0, Max: 0.0, Diff: 0.0, Sum: 0.4]
      [GC Worker Total (ms): Min: 90.4, Avg: 90.6, Max: 90.8, Diff: 0.5, Sum: 1177.3]
      [GC Worker End (ms): Min: 262901.4, Avg: 262901.4, Max: 262901.4, Diff: 0.0]
   [Code Root Fixup: 0.3 ms]
   [Code Root Migration: 0.0 ms]
   [Clear CT: 2.2 ms]
   [Other: 2.7 ms]
      [Choose CSet: 0.0 ms]
      [Ref Proc: 0.5 ms]
      [Ref Enq: 0.0 ms]
      [Free CSet: 0.1 ms]
   [Eden: 16.0M(1056.0M)->0.0B(1120.0M) Survivors: 160.0M->96.0M Heap: 13.1G(24.0G)->13.2G(24.0G)]
 [Times: user=1.19 sys=0.01, real=0.10 secs] 
2014-04-09T14:06:06.992+0900: 262.907: [GC concurrent-root-region-scan-start]
2014-04-09T14:06:06.992+0900: 262.908: [GC concurrent-root-region-scan-end, 0.0002957 secs]
2014-04-09T14:06:06.992+0900: 262.908: [GC concurrent-mark-start]
2014-04-09T14:06:08.370+0900: 264.285: [GC concurrent-mark-end, 1.3778279 secs]
2014-04-09T14:06:08.371+0900: 264.286: [GC remark 264.288: [GC ref-proc, 0.0033737 secs], 0.0269685 secs]
 [Times: user=0.24 sys=0.00, real=0.03 secs] 
2014-04-09T14:06:08.399+0900: 264.315: [GC cleanup 13G->11G(24G), 0.0239566 secs]
 [Times: user=0.26 sys=0.00, real=0.02 secs] 
2014-04-09T14:06:08.424+0900: 264.339: [GC concurrent-cleanup-start]
2014-04-09T14:06:08.426+0900: 264.341: [GC concurrent-cleanup-end, 0.0019844 secs]
2014-04-09T14:06:09.809+0900: 265.724: [GC pause (G1 Evacuation Pause) (young), 0.0585567 secs]
   [Parallel Time: 51.8 ms, GC Workers: 13]
      [GC Worker Start (ms): Min: 265724.4, Avg: 265724.7, Max: 265724.9, Diff: 0.4]
      [Ext Root Scanning (ms): Min: 0.5, Avg: 0.7, Max: 1.0, Diff: 0.5, Sum: 9.7]
      [Update RS (ms): Min: 2.7, Avg: 3.7, Max: 7.2, Diff: 4.5, Sum: 48.1]
         [Processed Buffers: Min: 2, Avg: 10.5, Max: 16, Diff: 14, Sum: 136]
      [Scan RS (ms): Min: 4.9, Avg: 8.4, Max: 9.1, Diff: 4.2, Sum: 109.7]
      [Code Root Scanning (ms): Min: 0.0, Avg: 0.0, Max: 0.0, Diff: 0.0, Sum: 0.0]
      [Object Copy (ms): Min: 37.9, Avg: 38.0, Max: 38.1, Diff: 0.3, Sum: 494.1]
      [Termination (ms): Min: 0.0, Avg: 0.0, Max: 0.0, Diff: 0.0, Sum: 0.0]
      [GC Worker Other (ms): Min: 0.0, Avg: 0.0, Max: 0.1, Diff: 0.1, Sum: 0.5]
      [GC Worker Total (ms): Min: 50.7, Avg: 50.9, Max: 51.2, Diff: 0.5, Sum: 662.3]
      [GC Worker End (ms): Min: 265775.6, Avg: 265775.6, Max: 265775.7, Diff: 0.1]
   [Code Root Fixup: 0.3 ms]
   [Code Root Migration: 0.0 ms]
   [Clear CT: 3.1 ms]
   [Other: 3.4 ms]
      [Choose CSet: 0.0 ms]
      [Ref Proc: 0.7 ms]
      [Ref Enq: 0.0 ms]
      [Free CSet: 0.5 ms]
   [Eden: 1120.0M(1120.0M)->0.0B(1056.0M) Survivors: 96.0M->160.0M Heap: 12.6G(24.0G)->11.7G(24.0G)]
 [Times: user=0.69 sys=0.00, real=0.06 secs] 
2014-04-09T14:06:11.674+0900: 267.589: [GC pause (G1 Evacuation Pause) (mixed), 0.1427762 secs]
   [Parallel Time: 129.4 ms, GC Workers: 13]
      [GC Worker Start (ms): Min: 267589.4, Avg: 267589.7, Max: 267590.0, Diff: 0.6]
      [Ext Root Scanning (ms): Min: 0.5, Avg: 0.8, Max: 1.7, Diff: 1.2, Sum: 10.1]
      [Update RS (ms): Min: 3.0, Avg: 3.9, Max: 5.5, Diff: 2.5, Sum: 50.4]
         [Processed Buffers: Min: 2, Avg: 6.1, Max: 13, Diff: 11, Sum: 79]
      [Scan RS (ms): Min: 27.8, Avg: 29.4, Max: 29.7, Diff: 1.8, Sum: 381.8]
      [Code Root Scanning (ms): Min: 0.0, Avg: 0.0, Max: 0.0, Diff: 0.0, Sum: 0.0]
      [Object Copy (ms): Min: 93.6, Avg: 93.8, Max: 93.9, Diff: 0.3, Sum: 1219.2]
      [Termination (ms): Min: 0.0, Avg: 0.0, Max: 0.0, Diff: 0.0, Sum: 0.0]
      [GC Worker Other (ms): Min: 0.0, Avg: 0.0, Max: 0.1, Diff: 0.1, Sum: 0.5]
      [GC Worker Total (ms): Min: 127.6, Avg: 127.9, Max: 128.2, Diff: 0.6, Sum: 1662.1]
      [GC Worker End (ms): Min: 267717.6, Avg: 267717.6, Max: 267717.7, Diff: 0.1]
   [Code Root Fixup: 0.2 ms]
   [Code Root Migration: 0.0 ms]
   [Clear CT: 5.3 ms]
   [Other: 7.8 ms]
      [Choose CSet: 0.3 ms]
      [Ref Proc: 1.0 ms]
      [Ref Enq: 0.0 ms]
      [Free CSet: 1.9 ms]
   [Eden: 1056.0M(1056.0M)->0.0B(1056.0M) Survivors: 160.0M->160.0M Heap: 13.2G(24.0G)->12.0G(24.0G)]
 [Times: user=1.72 sys=0.00, real=0.14 secs] 
2014-04-09T14:06:11.886+0900: 267.801: [GC pause (G1 Humongous Allocation) (young) (initial-mark), 0.0449342 secs]
   [Parallel Time: 39.7 ms, GC Workers: 13]
      [GC Worker Start (ms): Min: 267801.6, Avg: 267801.7, Max: 267801.8, Diff: 0.2]
      [Ext Root Scanning (ms): Min: 0.5, Avg: 0.8, Max: 2.5, Diff: 2.0, Sum: 10.2]
      [Code Root Marking (ms): Min: 0.0, Avg: 0.7, Max: 6.8, Diff: 6.8, Sum: 9.7]
      [Update RS (ms): Min: 2.8, Avg: 9.0, Max: 12.6, Diff: 9.9, Sum: 117.4]
         [Processed Buffers: Min: 2, Avg: 5.9, Max: 11, Diff: 9, Sum: 77]
      [Scan RS (ms): Min: 3.1, Avg: 5.8, Max: 6.6, Diff: 3.5, Sum: 75.5]
      [Code Root Scanning (ms): Min: 0.0, Avg: 0.0, Max: 0.0, Diff: 0.0, Sum: 0.0]
      [Object Copy (ms): Min: 22.6, Avg: 22.9, Max: 24.3, Diff: 1.7, Sum: 297.9]
      [Termination (ms): Min: 0.0, Avg: 0.0, Max: 0.0, Diff: 0.0, Sum: 0.0]
      [GC Worker Other (ms): Min: 0.0, Avg: 0.0, Max: 0.0, Diff: 0.0, Sum: 0.3]
      [GC Worker Total (ms): Min: 39.2, Avg: 39.3, Max: 39.4, Diff: 0.2, Sum: 511.0]
      [GC Worker End (ms): Min: 267841.0, Avg: 267841.0, Max: 267841.1, Diff: 0.0]
   [Code Root Fixup: 0.2 ms]
   [Code Root Migration: 0.0 ms]
   [Clear CT: 2.6 ms]
   [Other: 2.4 ms]
      [Choose CSet: 0.0 ms]
      [Ref Proc: 0.4 ms]
      [Ref Enq: 0.0 ms]
      [Free CSet: 0.2 ms]
   [Eden: 48.0M(1056.0M)->0.0B(1104.0M) Survivors: 160.0M->112.0M Heap: 12.1G(24.0G)->12.2G(24.0G)]
 [Times: user=0.54 sys=0.00, real=0.05 secs] 
2014-04-09T14:06:11.931+0900: 267.846: [GC concurrent-root-region-scan-start]
2014-04-09T14:06:11.935+0900: 267.850: [GC concurrent-root-region-scan-end, 0.0034254 secs]
2014-04-09T14:06:11.935+0900: 267.850: [GC concurrent-mark-start]
2014-04-09T14:06:13.500+0900: 269.416: [GC pause (G1 Evacuation Pause) (young), 0.0552736 secs]
   [Parallel Time: 48.7 ms, GC Workers: 13]
      [GC Worker Start (ms): Min: 269415.8, Avg: 269415.9, Max: 269416.1, Diff: 0.3]
      [Ext Root Scanning (ms): Min: 0.5, Avg: 0.6, Max: 1.1, Diff: 0.6, Sum: 8.1]
      [SATB Filtering (ms): Min: 0.0, Avg: 0.0, Max: 0.2, Diff: 0.2, Sum: 0.2]
      [Update RS (ms): Min: 1.0, Avg: 1.3, Max: 1.9, Diff: 0.9, Sum: 16.7]
         [Processed Buffers: Min: 2, Avg: 5.5, Max: 9, Diff: 7, Sum: 72]
      [Scan RS (ms): Min: 6.0, Avg: 6.7, Max: 6.9, Diff: 0.8, Sum: 86.6]
      [Code Root Scanning (ms): Min: 0.0, Avg: 0.0, Max: 0.0, Diff: 0.0, Sum: 0.0]
      [Object Copy (ms): Min: 39.2, Avg: 39.3, Max: 39.5, Diff: 0.3, Sum: 511.5]
      [Termination (ms): Min: 0.0, Avg: 0.0, Max: 0.0, Diff: 0.0, Sum: 0.0]
      [GC Worker Other (ms): Min: 0.0, Avg: 0.1, Max: 0.2, Diff: 0.1, Sum: 0.7]
      [GC Worker Total (ms): Min: 47.8, Avg: 48.0, Max: 48.2, Diff: 0.4, Sum: 623.8]
      [GC Worker End (ms): Min: 269463.9, Avg: 269463.9, Max: 269464.0, Diff: 0.1]
   [Code Root Fixup: 0.2 ms]
   [Code Root Migration: 0.0 ms]
   [Clear CT: 3.1 ms]
   [Other: 3.3 ms]
      [Choose CSet: 0.0 ms]
      [Ref Proc: 1.2 ms]
      [Ref Enq: 0.0 ms]
      [Free CSet: 0.5 ms]
   [Eden: 1104.0M(1104.0M)->0.0B(1056.0M) Survivors: 112.0M->160.0M Heap: 13.8G(24.0G)->12.8G(24.0G)]
 [Times: user=0.66 sys=0.00, real=0.05 secs] 
2014-04-09T14:06:13.604+0900: 269.520: [GC concurrent-mark-end, 1.6698618 secs]
2014-04-09T14:06:13.605+0900: 269.521: [GC remark 269.522: [GC ref-proc, 0.0033612 secs], 0.0272098 secs]
 [Times: user=0.24 sys=0.00, real=0.03 secs] 
2014-04-09T14:06:13.634+0900: 269.550: [GC cleanup 12G->11G(24G), 0.0236212 secs]
 [Times: user=0.27 sys=0.00, real=0.03 secs] 
2014-04-09T14:06:13.658+0900: 269.574: [GC concurrent-cleanup-start]
2014-04-09T14:06:13.660+0900: 269.575: [GC concurrent-cleanup-end, 0.0013866 secs]
2014-04-09T14:06:15.944+0900: 271.860: [GC pause (G1 Evacuation Pause) (young), 0.0848812 secs]
   [Parallel Time: 76.1 ms, GC Workers: 13]
      [GC Worker Start (ms): Min: 271860.0, Avg: 271860.2, Max: 271860.5, Diff: 0.5]
      [Ext Root Scanning (ms): Min: 0.5, Avg: 0.7, Max: 1.0, Diff: 0.6, Sum: 9.3]
      [Update RS (ms): Min: 2.9, Avg: 3.2, Max: 3.8, Diff: 0.9, Sum: 41.5]
         [Processed Buffers: Min: 2, Avg: 7.1, Max: 16, Diff: 14, Sum: 92]
      [Scan RS (ms): Min: 15.3, Avg: 15.8, Max: 16.1, Diff: 0.9, Sum: 205.9]
      [Code Root Scanning (ms): Min: 0.0, Avg: 0.0, Max: 0.0, Diff: 0.0, Sum: 0.0]
      [Object Copy (ms): Min: 55.0, Avg: 55.2, Max: 55.3, Diff: 0.2, Sum: 717.0]
      [Termination (ms): Min: 0.0, Avg: 0.0, Max: 0.0, Diff: 0.0, Sum: 0.0]
      [GC Worker Other (ms): Min: 0.0, Avg: 0.1, Max: 0.2, Diff: 0.1, Sum: 0.7]
      [GC Worker Total (ms): Min: 74.7, Avg: 75.0, Max: 75.3, Diff: 0.6, Sum: 974.5]
      [GC Worker End (ms): Min: 271935.2, Avg: 271935.2, Max: 271935.3, Diff: 0.1]
   [Code Root Fixup: 0.2 ms]
   [Code Root Migration: 0.0 ms]
   [Clear CT: 3.7 ms]
   [Other: 4.8 ms]
      [Choose CSet: 0.0 ms]
      [Ref Proc: 1.3 ms]
      [Ref Enq: 0.0 ms]
      [Free CSet: 0.6 ms]
   [Eden: 1056.0M(1056.0M)->0.0B(1056.0M) Survivors: 160.0M->160.0M Heap: 13.3G(24.0G)->12.6G(24.0G)]
 [Times: user=1.01 sys=0.00, real=0.09 secs] 
2014-04-09T14:06:18.063+0900: 273.979: [GC pause (G1 Evacuation Pause) (mixed), 0.0993638 secs]
   [Parallel Time: 88.1 ms, GC Workers: 13]
      [GC Worker Start (ms): Min: 273979.1, Avg: 273979.5, Max: 273979.8, Diff: 0.6]
      [Ext Root Scanning (ms): Min: 0.4, Avg: 0.7, Max: 1.5, Diff: 1.1, Sum: 9.0]
      [Update RS (ms): Min: 4.3, Avg: 4.7, Max: 5.0, Diff: 0.6, Sum: 60.5]
         [Processed Buffers: Min: 3, Avg: 6.5, Max: 21, Diff: 18, Sum: 84]
      [Scan RS (ms): Min: 18.3, Avg: 18.6, Max: 18.9, Diff: 0.6, Sum: 241.3]
      [Code Root Scanning (ms): Min: 0.0, Avg: 0.0, Max: 0.0, Diff: 0.0, Sum: 0.0]
      [Object Copy (ms): Min: 62.4, Avg: 62.6, Max: 62.8, Diff: 0.4, Sum: 813.7]
      [Termination (ms): Min: 0.0, Avg: 0.0, Max: 0.0, Diff: 0.0, Sum: 0.0]
      [GC Worker Other (ms): Min: 0.0, Avg: 0.0, Max: 0.1, Diff: 0.1, Sum: 0.4]
      [GC Worker Total (ms): Min: 86.2, Avg: 86.5, Max: 86.9, Diff: 0.7, Sum: 1125.0]
      [GC Worker End (ms): Min: 274066.0, Avg: 274066.0, Max: 274066.1, Diff: 0.1]
   [Code Root Fixup: 0.2 ms]
   [Code Root Migration: 0.0 ms]
   [Clear CT: 5.0 ms]
   [Other: 6.1 ms]
      [Choose CSet: 0.1 ms]
      [Ref Proc: 1.6 ms]
      [Ref Enq: 0.0 ms]
      [Free CSet: 0.8 ms]
   [Eden: 1056.0M(1056.0M)->0.0B(1056.0M) Survivors: 160.0M->160.0M Heap: 14.0G(24.0G)->13.0G(24.0G)]
 [Times: user=1.18 sys=0.00, real=0.10 secs] 
2014-04-09T14:06:18.255+0900: 274.171: [GC pause (G1 Humongous Allocation) (young) (initial-mark), 0.0469780 secs]
   [Parallel Time: 40.2 ms, GC Workers: 13]
      [GC Worker Start (ms): Min: 274171.0, Avg: 274171.3, Max: 274171.5, Diff: 0.6]
      [Ext Root Scanning (ms): Min: 0.4, Avg: 0.7, Max: 2.4, Diff: 2.0, Sum: 8.8]
      [Code Root Marking (ms): Min: 0.0, Avg: 0.8, Max: 6.9, Diff: 6.9, Sum: 10.1]
      [Update RS (ms): Min: 0.2, Avg: 6.3, Max: 8.0, Diff: 7.8, Sum: 82.1]
         [Processed Buffers: Min: 1, Avg: 3.8, Max: 10, Diff: 9, Sum: 49]
      [Scan RS (ms): Min: 6.8, Avg: 7.6, Max: 8.0, Diff: 1.2, Sum: 98.9]
      [Code Root Scanning (ms): Min: 0.0, Avg: 0.0, Max: 0.0, Diff: 0.0, Sum: 0.0]
      [Object Copy (ms): Min: 23.0, Avg: 23.2, Max: 24.4, Diff: 1.4, Sum: 302.0]
      [Termination (ms): Min: 0.0, Avg: 0.0, Max: 0.1, Diff: 0.1, Sum: 0.5]
      [GC Worker Other (ms): Min: 0.0, Avg: 0.0, Max: 0.0, Diff: 0.0, Sum: 0.3]
      [GC Worker Total (ms): Min: 38.4, Avg: 38.7, Max: 39.0, Diff: 0.6, Sum: 502.8]
      [GC Worker End (ms): Min: 274209.9, Avg: 274209.9, Max: 274210.0, Diff: 0.0]
   [Code Root Fixup: 0.2 ms]
   [Code Root Migration: 0.0 ms]
   [Clear CT: 3.3 ms]
   [Other: 3.3 ms]
      [Choose CSet: 0.0 ms]
      [Ref Proc: 1.2 ms]
      [Ref Enq: 0.0 ms]
      [Free CSet: 0.2 ms]
   [Eden: 48.0M(1056.0M)->0.0B(1168.0M) Survivors: 160.0M->48.0M Heap: 13.1G(24.0G)->13.1G(24.0G)]
 [Times: user=0.54 sys=0.00, real=0.05 secs] 
2014-04-09T14:06:18.302+0900: 274.218: [GC concurrent-root-region-scan-start]
2014-04-09T14:06:18.305+0900: 274.221: [GC concurrent-root-region-scan-end, 0.0028686 secs]
2014-04-09T14:06:18.305+0900: 274.221: [GC concurrent-mark-start]
2014-04-09T14:06:19.876+0900: 275.792: [GC pause (G1 Evacuation Pause) (young), 0.0329318 secs]
   [Parallel Time: 27.4 ms, GC Workers: 13]
      [GC Worker Start (ms): Min: 275792.0, Avg: 275792.2, Max: 275792.4, Diff: 0.4]
      [Ext Root Scanning (ms): Min: 0.4, Avg: 0.6, Max: 1.1, Diff: 0.7, Sum: 7.7]
      [SATB Filtering (ms): Min: 0.0, Avg: 0.0, Max: 0.2, Diff: 0.2, Sum: 0.2]
      [Update RS (ms): Min: 2.6, Avg: 3.0, Max: 3.3, Diff: 0.7, Sum: 39.0]
         [Processed Buffers: Min: 4, Avg: 7.0, Max: 15, Diff: 11, Sum: 91]
      [Scan RS (ms): Min: 3.1, Avg: 3.5, Max: 3.8, Diff: 0.7, Sum: 46.1]
      [Code Root Scanning (ms): Min: 0.0, Avg: 0.0, Max: 0.0, Diff: 0.0, Sum: 0.0]
      [Object Copy (ms): Min: 19.0, Avg: 19.1, Max: 19.2, Diff: 0.2, Sum: 248.4]
      [Termination (ms): Min: 0.0, Avg: 0.0, Max: 0.0, Diff: 0.0, Sum: 0.0]
      [GC Worker Other (ms): Min: 0.0, Avg: 0.0, Max: 0.1, Diff: 0.1, Sum: 0.5]
      [GC Worker Total (ms): Min: 26.1, Avg: 26.3, Max: 26.6, Diff: 0.5, Sum: 341.9]
      [GC Worker End (ms): Min: 275818.5, Avg: 275818.5, Max: 275818.6, Diff: 0.1]
   [Code Root Fixup: 0.1 ms]
   [Code Root Migration: 0.0 ms]
   [Clear CT: 3.4 ms]
   [Other: 2.0 ms]
      [Choose CSet: 0.0 ms]
      [Ref Proc: 0.6 ms]
      [Ref Enq: 0.0 ms]
      [Free CSet: 0.4 ms]
   [Eden: 1168.0M(1168.0M)->0.0B(1056.0M) Survivors: 48.0M->160.0M Heap: 14.4G(24.0G)->13.4G(24.0G)]
 [Times: user=0.38 sys=0.00, real=0.04 secs] 
2014-04-09T14:06:20.178+0900: 276.093: [GC concurrent-mark-end, 1.8722781 secs]
2014-04-09T14:06:20.179+0900: 276.094: [GC remark 276.096: [GC ref-proc, 0.0033143 secs], 0.0286385 secs]
 [Times: user=0.25 sys=0.00, real=0.02 secs] 
2014-04-09T14:06:20.209+0900: 276.124: [GC cleanup 13G->12G(24G), 0.0248333 secs]
 [Times: user=0.28 sys=0.00, real=0.02 secs] 
2014-04-09T14:06:20.234+0900: 276.150: [GC concurrent-cleanup-start]
2014-04-09T14:06:20.236+0900: 276.151: [GC concurrent-cleanup-end, 0.0013765 secs]
2014-04-09T14:06:28.207+0900: 284.122: [GC pause (G1 Evacuation Pause) (young), 0.0369517 secs]
   [Parallel Time: 30.0 ms, GC Workers: 13]
      [GC Worker Start (ms): Min: 284122.7, Avg: 284123.0, Max: 284123.3, Diff: 0.6]
      [Ext Root Scanning (ms): Min: 0.4, Avg: 0.7, Max: 1.4, Diff: 1.0, Sum: 9.2]
      [Update RS (ms): Min: 4.9, Avg: 5.4, Max: 5.8, Diff: 0.9, Sum: 69.6]
         [Processed Buffers: Min: 2, Avg: 4.9, Max: 13, Diff: 11, Sum: 64]
      [Scan RS (ms): Min: 3.8, Avg: 4.3, Max: 4.6, Diff: 0.8, Sum: 55.3]
      [Code Root Scanning (ms): Min: 0.0, Avg: 0.0, Max: 0.0, Diff: 0.0, Sum: 0.0]
      [Object Copy (ms): Min: 17.9, Avg: 17.9, Max: 18.0, Diff: 0.2, Sum: 233.0]
      [Termination (ms): Min: 0.0, Avg: 0.0, Max: 0.0, Diff: 0.0, Sum: 0.1]
      [GC Worker Other (ms): Min: 0.0, Avg: 0.0, Max: 0.1, Diff: 0.1, Sum: 0.5]
      [GC Worker Total (ms): Min: 28.0, Avg: 28.3, Max: 28.6, Diff: 0.6, Sum: 367.6]
      [GC Worker End (ms): Min: 284151.3, Avg: 284151.3, Max: 284151.4, Diff: 0.1]
   [Code Root Fixup: 0.2 ms]
   [Code Root Migration: 0.0 ms]
   [Clear CT: 3.8 ms]
   [Other: 3.0 ms]
      [Choose CSet: 0.0 ms]
      [Ref Proc: 1.4 ms]
      [Ref Enq: 0.0 ms]
      [Free CSet: 0.4 ms]
   [Eden: 1056.0M(1056.0M)->0.0B(1136.0M) Survivors: 160.0M->80.0M Heap: 13.2G(24.0G)->12.2G(24.0G)]
 [Times: user=0.40 sys=0.00, real=0.04 secs] 
2014-04-09T14:06:29.840+0900: 285.755: [GC pause (G1 Evacuation Pause) (mixed), 0.0644722 secs]
   [Parallel Time: 55.2 ms, GC Workers: 13]
      [GC Worker Start (ms): Min: 285755.7, Avg: 285755.9, Max: 285756.1, Diff: 0.5]
      [Ext Root Scanning (ms): Min: 0.5, Avg: 0.7, Max: 1.5, Diff: 1.0, Sum: 9.6]
      [Update RS (ms): Min: 1.2, Avg: 1.9, Max: 2.2, Diff: 1.0, Sum: 24.2]
         [Processed Buffers: Min: 2, Avg: 5.8, Max: 11, Diff: 9, Sum: 75]
      [Scan RS (ms): Min: 16.1, Avg: 16.5, Max: 17.0, Diff: 1.0, Sum: 214.2]
      [Code Root Scanning (ms): Min: 0.0, Avg: 0.0, Max: 0.0, Diff: 0.0, Sum: 0.0]
      [Object Copy (ms): Min: 34.7, Avg: 35.2, Max: 35.3, Diff: 0.6, Sum: 457.6]
      [Termination (ms): Min: 0.0, Avg: 0.0, Max: 0.0, Diff: 0.0, Sum: 0.0]
      [GC Worker Other (ms): Min: 0.0, Avg: 0.0, Max: 0.1, Diff: 0.1, Sum: 0.6]
      [GC Worker Total (ms): Min: 54.1, Avg: 54.3, Max: 54.6, Diff: 0.5, Sum: 706.2]
      [GC Worker End (ms): Min: 285810.2, Avg: 285810.2, Max: 285810.3, Diff: 0.1]
   [Code Root Fixup: 0.3 ms]
   [Code Root Migration: 0.0 ms]
   [Clear CT: 4.8 ms]
   [Other: 4.2 ms]
      [Choose CSet: 0.2 ms]
      [Ref Proc: 0.9 ms]
      [Ref Enq: 0.0 ms]
      [Free CSet: 0.8 ms]
   [Eden: 1136.0M(1136.0M)->0.0B(1088.0M) Survivors: 80.0M->128.0M Heap: 13.6G(24.0G)->12.3G(24.0G)]
 [Times: user=0.76 sys=0.01, real=0.06 secs] 
2014-04-09T14:06:29.923+0900: 285.839: [GC pause (G1 Humongous Allocation) (young) (initial-mark), 0.0376903 secs]
   [Parallel Time: 34.3 ms, GC Workers: 13]
      [GC Worker Start (ms): Min: 285839.1, Avg: 285839.2, Max: 285839.3, Diff: 0.3]
      [Ext Root Scanning (ms): Min: 0.5, Avg: 0.7, Max: 2.7, Diff: 2.2, Sum: 9.4]
      [Code Root Marking (ms): Min: 0.0, Avg: 0.8, Max: 6.8, Diff: 6.8, Sum: 10.6]
      [Update RS (ms): Min: 7.9, Avg: 12.9, Max: 14.4, Diff: 6.5, Sum: 168.3]
         [Processed Buffers: Min: 6, Avg: 11.4, Max: 19, Diff: 13, Sum: 148]
      [Scan RS (ms): Min: 0.4, Avg: 0.9, Max: 1.3, Diff: 0.9, Sum: 11.6]
      [Code Root Scanning (ms): Min: 0.0, Avg: 0.0, Max: 0.0, Diff: 0.0, Sum: 0.0]
      [Object Copy (ms): Min: 17.9, Avg: 18.2, Max: 19.0, Diff: 1.1, Sum: 236.6]
      [Termination (ms): Min: 0.0, Avg: 0.0, Max: 0.0, Diff: 0.0, Sum: 0.1]
      [GC Worker Other (ms): Min: 0.0, Avg: 0.0, Max: 0.0, Diff: 0.0, Sum: 0.3]
      [GC Worker Total (ms): Min: 33.5, Avg: 33.6, Max: 33.8, Diff: 0.3, Sum: 436.8]
      [GC Worker End (ms): Min: 285872.8, Avg: 285872.8, Max: 285872.8, Diff: 0.0]
   [Code Root Fixup: 0.3 ms]
   [Code Root Migration: 0.0 ms]
   [Clear CT: 1.3 ms]
   [Other: 1.8 ms]
      [Choose CSet: 0.0 ms]
      [Ref Proc: 0.6 ms]
      [Ref Enq: 0.0 ms]
      [Free CSet: 0.1 ms]
   [Eden: 16.0M(1088.0M)->0.0B(1120.0M) Survivors: 128.0M->96.0M Heap: 12.3G(24.0G)->12.4G(24.0G)]
 [Times: user=0.45 sys=0.00, real=0.04 secs] 
2014-04-09T14:06:29.961+0900: 285.877: [GC concurrent-root-region-scan-start]
2014-04-09T14:06:29.962+0900: 285.877: [GC concurrent-root-region-scan-end, 0.0001286 secs]
2014-04-09T14:06:29.962+0900: 285.877: [GC concurrent-mark-start]
2014-04-09T14:06:31.114+0900: 287.029: [GC concurrent-mark-end, 1.1522139 secs]
2014-04-09T14:06:31.114+0900: 287.030: [GC remark 287.031: [GC ref-proc, 0.0021433 secs], 0.0217441 secs]
 [Times: user=0.19 sys=0.00, real=0.02 secs] 
2014-04-09T14:06:31.137+0900: 287.053: [GC cleanup 12G->12G(24G), 0.0236525 secs]
 [Times: user=0.27 sys=0.00, real=0.03 secs] 
2014-04-09T14:06:31.161+0900: 287.077: [GC concurrent-cleanup-start]
2014-04-09T14:06:31.162+0900: 287.077: [GC concurrent-cleanup-end, 0.0004571 secs]
2014-04-09T14:06:35.070+0900: 290.985: [GC pause (G1 Evacuation Pause) (young), 0.0582625 secs]
   [Parallel Time: 51.1 ms, GC Workers: 13]
      [GC Worker Start (ms): Min: 290985.2, Avg: 290985.5, Max: 290985.7, Diff: 0.5]
      [Ext Root Scanning (ms): Min: 0.5, Avg: 0.7, Max: 1.5, Diff: 1.0, Sum: 9.1]
      [Update RS (ms): Min: 0.7, Avg: 1.7, Max: 4.1, Diff: 3.4, Sum: 21.6]
         [Processed Buffers: Min: 3, Avg: 5.0, Max: 7, Diff: 4, Sum: 65]
      [Scan RS (ms): Min: 5.2, Avg: 7.6, Max: 8.1, Diff: 2.8, Sum: 98.3]
      [Code Root Scanning (ms): Min: 0.0, Avg: 0.0, Max: 0.0, Diff: 0.0, Sum: 0.0]
      [Object Copy (ms): Min: 39.7, Avg: 39.9, Max: 40.1, Diff: 0.4, Sum: 518.2]
      [Termination (ms): Min: 0.0, Avg: 0.0, Max: 0.0, Diff: 0.0, Sum: 0.0]
      [GC Worker Other (ms): Min: 0.0, Avg: 0.1, Max: 0.1, Diff: 0.1, Sum: 0.7]
      [GC Worker Total (ms): Min: 49.6, Avg: 49.8, Max: 50.2, Diff: 0.5, Sum: 647.8]
      [GC Worker End (ms): Min: 291035.3, Avg: 291035.4, Max: 291035.5, Diff: 0.1]
   [Code Root Fixup: 0.3 ms]
   [Code Root Migration: 0.0 ms]
   [Clear CT: 3.7 ms]
   [Other: 3.2 ms]
      [Choose CSet: 0.0 ms]
      [Ref Proc: 1.2 ms]
      [Ref Enq: 0.0 ms]
      [Free CSet: 0.5 ms]
   [Eden: 1120.0M(1120.0M)->0.0B(1056.0M) Survivors: 96.0M->160.0M Heap: 13.6G(24.0G)->12.7G(24.0G)]
 [Times: user=0.68 sys=0.00, real=0.06 secs] 
2014-04-09T14:06:37.762+0900: 293.677: [GC pause (G1 Evacuation Pause) (mixed), 0.1596052 secs]
   [Parallel Time: 144.8 ms, GC Workers: 13]
      [GC Worker Start (ms): Min: 293677.8, Avg: 293678.1, Max: 293678.3, Diff: 0.5]
      [Ext Root Scanning (ms): Min: 0.4, Avg: 0.7, Max: 1.3, Diff: 0.9, Sum: 8.6]
      [Update RS (ms): Min: 1.1, Avg: 1.4, Max: 1.6, Diff: 0.6, Sum: 18.8]
         [Processed Buffers: Min: 2, Avg: 5.1, Max: 8, Diff: 6, Sum: 66]
      [Scan RS (ms): Min: 37.3, Avg: 37.5, Max: 37.7, Diff: 0.5, Sum: 487.6]
      [Code Root Scanning (ms): Min: 0.0, Avg: 0.0, Max: 0.0, Diff: 0.0, Sum: 0.1]
      [Object Copy (ms): Min: 103.8, Avg: 103.9, Max: 104.1, Diff: 0.3, Sum: 1350.7]
      [Termination (ms): Min: 0.0, Avg: 0.0, Max: 0.0, Diff: 0.0, Sum: 0.0]
      [GC Worker Other (ms): Min: 0.0, Avg: 0.0, Max: 0.1, Diff: 0.0, Sum: 0.4]
      [GC Worker Total (ms): Min: 143.3, Avg: 143.6, Max: 143.8, Diff: 0.5, Sum: 1866.3]
      [GC Worker End (ms): Min: 293821.6, Avg: 293821.6, Max: 293821.6, Diff: 0.0]
   [Code Root Fixup: 0.2 ms]
   [Code Root Migration: 0.1 ms]
   [Clear CT: 6.0 ms]
   [Other: 8.5 ms]
      [Choose CSet: 0.4 ms]
      [Ref Proc: 1.0 ms]
      [Ref Enq: 0.0 ms]
      [Free CSet: 2.4 ms]
   [Eden: 1056.0M(1056.0M)->0.0B(1056.0M) Survivors: 160.0M->160.0M Heap: 14.2G(24.0G)->12.6G(24.0G)]
 [Times: user=1.94 sys=0.00, real=0.16 secs] 
2014-04-09T14:06:41.208+0900: 297.123: [GC pause (G1 Evacuation Pause) (mixed), 0.1857792 secs]
   [Parallel Time: 169.8 ms, GC Workers: 13]
      [GC Worker Start (ms): Min: 297123.9, Avg: 297124.2, Max: 297124.5, Diff: 0.6]
      [Ext Root Scanning (ms): Min: 0.4, Avg: 0.7, Max: 1.5, Diff: 1.1, Sum: 8.9]
      [Update RS (ms): Min: 0.9, Avg: 1.9, Max: 6.0, Diff: 5.1, Sum: 24.7]
         [Processed Buffers: Min: 2, Avg: 5.6, Max: 9, Diff: 7, Sum: 73]
      [Scan RS (ms): Min: 46.3, Avg: 50.3, Max: 50.8, Diff: 4.6, Sum: 654.5]
      [Code Root Scanning (ms): Min: 0.0, Avg: 0.0, Max: 0.0, Diff: 0.0, Sum: 0.1]
      [Object Copy (ms): Min: 115.4, Avg: 115.5, Max: 115.6, Diff: 0.2, Sum: 1501.2]
      [Termination (ms): Min: 0.0, Avg: 0.0, Max: 0.0, Diff: 0.0, Sum: 0.1]
      [GC Worker Other (ms): Min: 0.0, Avg: 0.0, Max: 0.1, Diff: 0.1, Sum: 0.5]
      [GC Worker Total (ms): Min: 168.3, Avg: 168.5, Max: 168.8, Diff: 0.5, Sum: 2190.0]
      [GC Worker End (ms): Min: 297292.7, Avg: 297292.7, Max: 297292.8, Diff: 0.1]
   [Code Root Fixup: 0.4 ms]
   [Code Root Migration: 0.1 ms]
   [Clear CT: 5.5 ms]
   [Other: 10.0 ms]
      [Choose CSet: 0.6 ms]
      [Ref Proc: 1.3 ms]
      [Ref Enq: 0.0 ms]
      [Free CSet: 2.0 ms]
   [Eden: 1056.0M(1056.0M)->0.0B(1056.0M) Survivors: 160.0M->160.0M Heap: 14.1G(24.0G)->12.6G(24.0G)]
 [Times: user=2.26 sys=0.00, real=0.19 secs] 
2014-04-09T14:06:43.361+0900: 299.277: [GC pause (G1 Evacuation Pause) (mixed), 0.2429115 secs]
   [Parallel Time: 226.4 ms, GC Workers: 13]
      [GC Worker Start (ms): Min: 299277.7, Avg: 299277.9, Max: 299278.1, Diff: 0.4]
      [Ext Root Scanning (ms): Min: 0.5, Avg: 0.7, Max: 1.1, Diff: 0.6, Sum: 8.8]
      [Update RS (ms): Min: 1.3, Avg: 2.1, Max: 3.7, Diff: 2.4, Sum: 27.2]
         [Processed Buffers: Min: 4, Avg: 6.1, Max: 14, Diff: 10, Sum: 79]
      [Scan RS (ms): Min: 68.5, Avg: 69.8, Max: 70.5, Diff: 2.0, Sum: 907.9]
      [Code Root Scanning (ms): Min: 0.0, Avg: 0.0, Max: 0.0, Diff: 0.0, Sum: 0.1]
      [Object Copy (ms): Min: 151.8, Avg: 152.1, Max: 152.4, Diff: 0.5, Sum: 1977.3]
      [Termination (ms): Min: 0.0, Avg: 0.3, Max: 0.4, Diff: 0.4, Sum: 4.1]
      [GC Worker Other (ms): Min: 0.0, Avg: 0.0, Max: 0.1, Diff: 0.1, Sum: 0.6]
      [GC Worker Total (ms): Min: 224.9, Avg: 225.1, Max: 225.3, Diff: 0.4, Sum: 2926.0]
      [GC Worker End (ms): Min: 299503.0, Avg: 299503.0, Max: 299503.1, Diff: 0.1]
   [Code Root Fixup: 0.3 ms]
   [Code Root Migration: 0.1 ms]
   [Clear CT: 4.7 ms]
   [Other: 11.4 ms]
      [Choose CSet: 0.7 ms]
      [Ref Proc: 1.3 ms]
      [Ref Enq: 0.0 ms]
      [Free CSet: 2.7 ms]
   [Eden: 1056.0M(1056.0M)->0.0B(1056.0M) Survivors: 160.0M->160.0M Heap: 14.1G(24.0G)->12.6G(24.0G)]
 [Times: user=2.99 sys=0.00, real=0.25 secs] 
2014-04-09T14:06:46.186+0900: 302.102: [GC pause (G1 Evacuation Pause) (mixed), 0.2272832 secs]
   [Parallel Time: 209.5 ms, GC Workers: 13]
      [GC Worker Start (ms): Min: 302102.7, Avg: 302102.9, Max: 302103.2, Diff: 0.5]
      [Ext Root Scanning (ms): Min: 0.4, Avg: 0.7, Max: 1.5, Diff: 1.1, Sum: 9.1]
      [Update RS (ms): Min: 1.2, Avg: 2.3, Max: 4.6, Diff: 3.4, Sum: 30.2]
         [Processed Buffers: Min: 2, Avg: 6.0, Max: 10, Diff: 8, Sum: 78]
      [Scan RS (ms): Min: 68.1, Avg: 70.4, Max: 71.3, Diff: 3.2, Sum: 915.1]
      [Code Root Scanning (ms): Min: 0.0, Avg: 0.0, Max: 0.2, Diff: 0.2, Sum: 0.4]
      [Object Copy (ms): Min: 134.2, Avg: 134.7, Max: 135.0, Diff: 0.8, Sum: 1751.1]
      [Termination (ms): Min: 0.0, Avg: 0.0, Max: 0.0, Diff: 0.0, Sum: 0.0]
      [GC Worker Other (ms): Min: 0.0, Avg: 0.0, Max: 0.1, Diff: 0.1, Sum: 0.5]
      [GC Worker Total (ms): Min: 207.9, Avg: 208.2, Max: 208.5, Diff: 0.6, Sum: 2706.4]
      [GC Worker End (ms): Min: 302311.1, Avg: 302311.1, Max: 302311.2, Diff: 0.1]
   [Code Root Fixup: 0.5 ms]
   [Code Root Migration: 0.5 ms]
   [Clear CT: 5.5 ms]
   [Other: 11.3 ms]
      [Choose CSet: 0.8 ms]
      [Ref Proc: 0.7 ms]
      [Ref Enq: 0.0 ms]
      [Free CSet: 2.6 ms]
   [Eden: 1056.0M(1056.0M)->0.0B(1056.0M) Survivors: 160.0M->160.0M Heap: 14.1G(24.0G)->12.7G(24.0G)]
 [Times: user=2.77 sys=0.01, real=0.23 secs] 
2014-04-09T14:06:46.427+0900: 302.342: [GC pause (G1 Humongous Allocation) (young) (initial-mark), 0.1780663 secs]
   [Parallel Time: 173.5 ms, GC Workers: 13]
      [GC Worker Start (ms): Min: 302342.7, Avg: 302342.9, Max: 302343.1, Diff: 0.4]
      [Ext Root Scanning (ms): Min: 0.4, Avg: 0.6, Max: 2.7, Diff: 2.3, Sum: 8.3]
      [Code Root Marking (ms): Min: 0.0, Avg: 0.8, Max: 6.8, Diff: 6.8, Sum: 10.0]
      [Update RS (ms): Min: 140.6, Avg: 145.6, Max: 148.7, Diff: 8.2, Sum: 1892.5]
         [Processed Buffers: Min: 68, Avg: 85.4, Max: 117, Diff: 49, Sum: 1110]
      [Scan RS (ms): Min: 0.0, Avg: 0.0, Max: 0.2, Diff: 0.2, Sum: 0.4]
      [Code Root Scanning (ms): Min: 0.0, Avg: 0.0, Max: 0.0, Diff: 0.0, Sum: 0.0]
      [Object Copy (ms): Min: 22.5, Avg: 24.9, Max: 27.1, Diff: 4.6, Sum: 324.2]
      [Termination (ms): Min: 0.0, Avg: 0.1, Max: 0.1, Diff: 0.1, Sum: 1.4]
      [GC Worker Other (ms): Min: 0.0, Avg: 0.0, Max: 0.0, Diff: 0.0, Sum: 0.3]
      [GC Worker Total (ms): Min: 171.9, Avg: 172.1, Max: 172.3, Diff: 0.4, Sum: 2237.1]
      [GC Worker End (ms): Min: 302515.0, Avg: 302515.0, Max: 302515.0, Diff: 0.0]
   [Code Root Fixup: 0.3 ms]
   [Code Root Migration: 0.0 ms]
   [Clear CT: 1.4 ms]
   [Other: 2.8 ms]
      [Choose CSet: 0.0 ms]
      [Ref Proc: 1.3 ms]
      [Ref Enq: 0.0 ms]
      [Free CSet: 0.1 ms]
   [Eden: 16.0M(1056.0M)->0.0B(1120.0M) Survivors: 160.0M->96.0M Heap: 12.7G(24.0G)->12.8G(24.0G)]
 [Times: user=2.24 sys=0.00, real=0.18 secs] 
2014-04-09T14:06:46.605+0900: 302.521: [GC concurrent-root-region-scan-start]
2014-04-09T14:06:46.606+0900: 302.521: [GC concurrent-root-region-scan-end, 0.0004692 secs]
2014-04-09T14:06:46.606+0900: 302.521: [GC concurrent-mark-start]
2014-04-09T14:06:47.962+0900: 303.877: [GC concurrent-mark-end, 1.3558084 secs]
2014-04-09T14:06:47.963+0900: 303.878: [GC remark 303.879: [GC ref-proc, 0.0019090 secs], 0.0259108 secs]
 [Times: user=0.25 sys=0.00, real=0.02 secs] 
2014-04-09T14:06:47.989+0900: 303.905: [GC cleanup 13G->11G(24G), 0.0248356 secs]
 [Times: user=0.29 sys=0.00, real=0.03 secs] 
2014-04-09T14:06:48.015+0900: 303.930: [GC concurrent-cleanup-start]
2014-04-09T14:06:48.017+0900: 303.933: [GC concurrent-cleanup-end, 0.0026910 secs]
2014-04-09T14:06:48.401+0900: 304.316: [GC pause (G1 Evacuation Pause) (young), 0.0872591 secs]
   [Parallel Time: 81.3 ms, GC Workers: 13]
      [GC Worker Start (ms): Min: 304316.4, Avg: 304316.7, Max: 304316.9, Diff: 0.5]
      [Ext Root Scanning (ms): Min: 0.6, Avg: 0.8, Max: 1.3, Diff: 0.7, Sum: 10.1]
      [Update RS (ms): Min: 1.6, Avg: 2.8, Max: 4.0, Diff: 2.4, Sum: 36.3]
         [Processed Buffers: Min: 2, Avg: 6.5, Max: 9, Diff: 7, Sum: 85]
      [Scan RS (ms): Min: 20.2, Avg: 21.6, Max: 22.3, Diff: 2.1, Sum: 280.2]
      [Code Root Scanning (ms): Min: 0.0, Avg: 0.0, Max: 0.0, Diff: 0.0, Sum: 0.0]
      [Object Copy (ms): Min: 55.2, Avg: 55.4, Max: 55.7, Diff: 0.5, Sum: 720.6]
      [Termination (ms): Min: 0.0, Avg: 0.0, Max: 0.0, Diff: 0.0, Sum: 0.0]
      [GC Worker Other (ms): Min: 0.0, Avg: 0.0, Max: 0.1, Diff: 0.1, Sum: 0.6]
      [GC Worker Total (ms): Min: 80.4, Avg: 80.6, Max: 81.0, Diff: 0.6, Sum: 1047.8]
      [GC Worker End (ms): Min: 304397.3, Avg: 304397.3, Max: 304397.4, Diff: 0.1]
   [Code Root Fixup: 0.3 ms]
   [Code Root Migration: 0.0 ms]
   [Clear CT: 2.6 ms]
   [Other: 3.0 ms]
      [Choose CSet: 0.0 ms]
      [Ref Proc: 0.8 ms]
      [Ref Enq: 0.0 ms]
      [Free CSet: 0.5 ms]
   [Eden: 1120.0M(1120.0M)->0.0B(1056.0M) Survivors: 96.0M->160.0M Heap: 12.0G(24.0G)->11.2G(24.0G)]
 [Times: user=1.07 sys=0.01, real=0.09 secs] 
2014-04-09T14:06:49.901+0900: 305.816: [GC pause (G1 Evacuation Pause) (mixed), 0.1644978 secs]
   [Parallel Time: 152.2 ms, GC Workers: 13]
      [GC Worker Start (ms): Min: 305816.5, Avg: 305816.8, Max: 305817.0, Diff: 0.4]
      [Ext Root Scanning (ms): Min: 0.5, Avg: 0.7, Max: 1.3, Diff: 0.7, Sum: 9.5]
      [Update RS (ms): Min: 1.6, Avg: 1.7, Max: 2.4, Diff: 0.8, Sum: 21.9]
         [Processed Buffers: Min: 2, Avg: 5.9, Max: 11, Diff: 9, Sum: 77]
      [Scan RS (ms): Min: 43.8, Avg: 45.3, Max: 45.7, Diff: 1.9, Sum: 588.8]
      [Code Root Scanning (ms): Min: 0.0, Avg: 0.0, Max: 0.0, Diff: 0.0, Sum: 0.1]
      [Object Copy (ms): Min: 103.1, Avg: 103.4, Max: 103.6, Diff: 0.5, Sum: 1343.7]
      [Termination (ms): Min: 0.0, Avg: 0.0, Max: 0.0, Diff: 0.0, Sum: 0.0]
      [GC Worker Other (ms): Min: 0.0, Avg: 0.0, Max: 0.1, Diff: 0.1, Sum: 0.5]
      [GC Worker Total (ms): Min: 151.0, Avg: 151.1, Max: 151.4, Diff: 0.4, Sum: 1964.6]
      [GC Worker End (ms): Min: 305967.9, Avg: 305967.9, Max: 305968.0, Diff: 0.1]
   [Code Root Fixup: 0.3 ms]
   [Code Root Migration: 0.1 ms]
   [Clear CT: 5.2 ms]
   [Other: 6.8 ms]
      [Choose CSet: 0.3 ms]
      [Ref Proc: 0.6 ms]
      [Ref Enq: 0.0 ms]
      [Free CSet: 1.3 ms]
   [Eden: 1056.0M(1056.0M)->0.0B(1056.0M) Survivors: 160.0M->160.0M Heap: 12.7G(24.0G)->11.6G(24.0G)]
 [Times: user=2.02 sys=0.01, real=0.17 secs] 
2014-04-09T14:06:50.167+0900: 306.082: [GC pause (G1 Humongous Allocation) (young) (initial-mark), 0.0456533 secs]
   [Parallel Time: 39.8 ms, GC Workers: 13]
      [GC Worker Start (ms): Min: 306082.4, Avg: 306082.7, Max: 306082.9, Diff: 0.4]
      [Ext Root Scanning (ms): Min: 0.4, Avg: 0.7, Max: 3.2, Diff: 2.8, Sum: 9.5]
      [Code Root Marking (ms): Min: 0.0, Avg: 0.8, Max: 7.1, Diff: 7.1, Sum: 10.0]
      [Update RS (ms): Min: 5.3, Avg: 11.1, Max: 14.4, Diff: 9.1, Sum: 144.5]
         [Processed Buffers: Min: 3, Avg: 7.1, Max: 13, Diff: 10, Sum: 92]
      [Scan RS (ms): Min: 0.6, Avg: 3.1, Max: 3.8, Diff: 3.2, Sum: 40.2]
      [Code Root Scanning (ms): Min: 0.0, Avg: 0.0, Max: 0.0, Diff: 0.0, Sum: 0.0]
      [Object Copy (ms): Min: 22.5, Avg: 22.8, Max: 23.7, Diff: 1.2, Sum: 295.9]
      [Termination (ms): Min: 0.0, Avg: 0.0, Max: 0.0, Diff: 0.0, Sum: 0.0]
      [GC Worker Other (ms): Min: 0.0, Avg: 0.0, Max: 0.0, Diff: 0.0, Sum: 0.3]
      [GC Worker Total (ms): Min: 38.3, Avg: 38.5, Max: 38.7, Diff: 0.4, Sum: 500.4]
      [GC Worker End (ms): Min: 306121.2, Avg: 306121.2, Max: 306121.2, Diff: 0.0]
   [Code Root Fixup: 0.3 ms]
   [Code Root Migration: 0.0 ms]
   [Clear CT: 2.9 ms]
   [Other: 2.7 ms]
      [Choose CSet: 0.0 ms]
      [Ref Proc: 1.2 ms]
      [Ref Enq: 0.0 ms]
      [Free CSet: 0.2 ms]
   [Eden: 32.0M(1056.0M)->0.0B(1104.0M) Survivors: 160.0M->112.0M Heap: 11.6G(24.0G)->11.7G(24.0G)]
 [Times: user=0.53 sys=0.00, real=0.04 secs] 
2014-04-09T14:06:50.213+0900: 306.128: [GC concurrent-root-region-scan-start]
2014-04-09T14:06:50.216+0900: 306.132: [GC concurrent-root-region-scan-end, 0.0035971 secs]
2014-04-09T14:06:50.216+0900: 306.132: [GC concurrent-mark-start]
2014-04-09T14:06:51.662+0900: 307.578: [GC concurrent-mark-end, 1.4461330 secs]
2014-04-09T14:06:51.663+0900: 307.579: [GC remark 307.579: [GC ref-proc, 0.0020158 secs], 0.0230799 secs]
 [Times: user=0.21 sys=0.00, real=0.02 secs] 
2014-04-09T14:06:51.688+0900: 307.603: [GC cleanup 12G->11G(24G), 0.0236422 secs]
 [Times: user=0.28 sys=0.00, real=0.02 secs] 
2014-04-09T14:06:51.712+0900: 307.627: [GC concurrent-cleanup-start]
2014-04-09T14:06:51.713+0900: 307.628: [GC concurrent-cleanup-end, 0.0011286 secs]
2014-04-09T14:06:52.002+0900: 307.917: [GC pause (G1 Evacuation Pause) (young), 0.0541389 secs]
   [Parallel Time: 48.1 ms, GC Workers: 13]
      [GC Worker Start (ms): Min: 307917.4, Avg: 307917.7, Max: 307917.9, Diff: 0.5]
      [Ext Root Scanning (ms): Min: 0.3, Avg: 0.6, Max: 1.4, Diff: 1.1, Sum: 8.1]
      [Update RS (ms): Min: 2.7, Avg: 3.4, Max: 4.2, Diff: 1.5, Sum: 44.0]
         [Processed Buffers: Min: 5, Avg: 7.8, Max: 14, Diff: 9, Sum: 101]
      [Scan RS (ms): Min: 3.6, Avg: 4.3, Max: 4.6, Diff: 1.0, Sum: 55.7]
      [Code Root Scanning (ms): Min: 0.0, Avg: 0.0, Max: 0.0, Diff: 0.0, Sum: 0.0]
      [Object Copy (ms): Min: 37.7, Avg: 38.0, Max: 39.0, Diff: 1.3, Sum: 493.5]
      [Termination (ms): Min: 0.0, Avg: 0.0, Max: 0.0, Diff: 0.0, Sum: 0.0]
      [GC Worker Other (ms): Min: 0.0, Avg: 0.0, Max: 0.1, Diff: 0.1, Sum: 0.4]
      [GC Worker Total (ms): Min: 46.1, Avg: 46.3, Max: 46.6, Diff: 0.5, Sum: 601.9]
      [GC Worker End (ms): Min: 307964.0, Avg: 307964.0, Max: 307964.0, Diff: 0.1]
   [Code Root Fixup: 0.2 ms]
   [Code Root Migration: 0.0 ms]
   [Clear CT: 2.6 ms]
   [Other: 3.2 ms]
      [Choose CSet: 0.0 ms]
      [Ref Proc: 1.1 ms]
      [Ref Enq: 0.0 ms]
      [Free CSet: 0.9 ms]
   [Eden: 1104.0M(1104.0M)->0.0B(1056.0M) Survivors: 112.0M->160.0M Heap: 12.3G(24.0G)->11.4G(24.0G)]
 [Times: user=0.63 sys=0.00, real=0.06 secs] 
2014-04-09T14:06:54.390+0900: 310.306: [GC pause (G1 Evacuation Pause) (mixed), 0.0923528 secs]
   [Parallel Time: 82.8 ms, GC Workers: 13]
      [GC Worker Start (ms): Min: 310306.0, Avg: 310306.2, Max: 310306.5, Diff: 0.4]
      [Ext Root Scanning (ms): Min: 0.5, Avg: 0.7, Max: 1.3, Diff: 0.8, Sum: 9.3]
      [Update RS (ms): Min: 0.9, Avg: 1.5, Max: 2.2, Diff: 1.3, Sum: 19.9]
         [Processed Buffers: Min: 5, Avg: 6.6, Max: 10, Diff: 5, Sum: 86]
      [Scan RS (ms): Min: 14.4, Avg: 15.0, Max: 15.3, Diff: 0.9, Sum: 195.2]
      [Code Root Scanning (ms): Min: 0.0, Avg: 0.0, Max: 0.0, Diff: 0.0, Sum: 0.0]
      [Object Copy (ms): Min: 64.2, Avg: 64.4, Max: 64.6, Diff: 0.4, Sum: 837.7]
      [Termination (ms): Min: 0.0, Avg: 0.0, Max: 0.0, Diff: 0.0, Sum: 0.1]
      [GC Worker Other (ms): Min: 0.0, Avg: 0.1, Max: 0.2, Diff: 0.1, Sum: 0.7]
      [GC Worker Total (ms): Min: 81.5, Avg: 81.8, Max: 81.9, Diff: 0.4, Sum: 1063.0]
      [GC Worker End (ms): Min: 310388.0, Avg: 310388.0, Max: 310388.1, Diff: 0.1]
   [Code Root Fixup: 0.3 ms]
   [Code Root Migration: 0.0 ms]
   [Clear CT: 5.1 ms]
   [Other: 4.1 ms]
      [Choose CSet: 0.1 ms]
      [Ref Proc: 0.7 ms]
      [Ref Enq: 0.0 ms]
      [Free CSet: 1.3 ms]
   [Eden: 1056.0M(1056.0M)->0.0B(1056.0M) Survivors: 160.0M->160.0M Heap: 13.0G(24.0G)->12.1G(24.0G)]
 [Times: user=1.12 sys=0.00, real=0.09 secs] 
2014-04-09T14:06:55.139+0900: 311.054: [GC pause (G1 Humongous Allocation) (young) (initial-mark), 0.0467375 secs]
   [Parallel Time: 41.6 ms, GC Workers: 13]
      [GC Worker Start (ms): Min: 311054.4, Avg: 311054.7, Max: 311054.9, Diff: 0.5]
      [Ext Root Scanning (ms): Min: 0.4, Avg: 0.7, Max: 2.6, Diff: 2.2, Sum: 8.9]
      [Code Root Marking (ms): Min: 0.0, Avg: 0.6, Max: 4.8, Diff: 4.8, Sum: 8.2]
      [Update RS (ms): Min: 5.7, Avg: 10.2, Max: 11.7, Diff: 6.0, Sum: 132.4]
         [Processed Buffers: Min: 3, Avg: 6.6, Max: 20, Diff: 17, Sum: 86]
      [Scan RS (ms): Min: 2.6, Avg: 3.6, Max: 4.2, Diff: 1.6, Sum: 47.3]
      [Code Root Scanning (ms): Min: 0.0, Avg: 0.0, Max: 0.0, Diff: 0.0, Sum: 0.0]
      [Object Copy (ms): Min: 25.1, Avg: 25.3, Max: 25.6, Diff: 0.5, Sum: 328.9]
      [Termination (ms): Min: 0.0, Avg: 0.0, Max: 0.0, Diff: 0.0, Sum: 0.3]
      [GC Worker Other (ms): Min: 0.0, Avg: 0.0, Max: 0.0, Diff: 0.0, Sum: 0.3]
      [GC Worker Total (ms): Min: 40.3, Avg: 40.5, Max: 40.7, Diff: 0.5, Sum: 526.2]
      [GC Worker End (ms): Min: 311095.2, Avg: 311095.2, Max: 311095.2, Diff: 0.0]
   [Code Root Fixup: 0.2 ms]
   [Code Root Migration: 0.0 ms]
   [Clear CT: 2.7 ms]
   [Other: 2.2 ms]
      [Choose CSet: 0.0 ms]
      [Ref Proc: 0.8 ms]
      [Ref Enq: 0.0 ms]
      [Free CSet: 0.2 ms]
   [Eden: 32.0M(1056.0M)->0.0B(1136.0M) Survivors: 160.0M->80.0M Heap: 12.1G(24.0G)->12.2G(24.0G)]
 [Times: user=0.55 sys=0.00, real=0.05 secs] 
2014-04-09T14:06:55.186+0900: 311.101: [GC concurrent-root-region-scan-start]
2014-04-09T14:06:55.186+0900: 311.101: [GC concurrent-root-region-scan-end, 0.0002903 secs]
2014-04-09T14:06:55.186+0900: 311.101: [GC concurrent-mark-start]
2014-04-09T14:06:56.547+0900: 312.462: [GC concurrent-mark-end, 1.3606015 secs]
2014-04-09T14:06:56.548+0900: 312.463: [GC remark 312.465: [GC ref-proc, 0.0020016 secs], 0.0247152 secs]
 [Times: user=0.21 sys=0.00, real=0.02 secs] 
2014-04-09T14:06:56.574+0900: 312.489: [GC cleanup 12G->11G(24G), 0.0237721 secs]
 [Times: user=0.28 sys=0.00, real=0.02 secs] 
2014-04-09T14:06:56.598+0900: 312.514: [GC concurrent-cleanup-start]
2014-04-09T14:06:56.599+0900: 312.515: [GC concurrent-cleanup-end, 0.0010973 secs]
2014-04-09T14:06:59.510+0900: 315.425: [GC pause (G1 Evacuation Pause) (young), 0.0475565 secs]
   [Parallel Time: 41.7 ms, GC Workers: 13]
      [GC Worker Start (ms): Min: 315425.7, Avg: 315428.4, Max: 315436.8, Diff: 11.2]
      [Ext Root Scanning (ms): Min: 0.0, Avg: 0.7, Max: 1.3, Diff: 1.2, Sum: 8.6]
      [Update RS (ms): Min: 0.0, Avg: 2.3, Max: 3.8, Diff: 3.8, Sum: 30.5]
         [Processed Buffers: Min: 0, Avg: 7.3, Max: 22, Diff: 22, Sum: 95]
      [Scan RS (ms): Min: 0.0, Avg: 4.0, Max: 5.6, Diff: 5.6, Sum: 51.8]
      [Code Root Scanning (ms): Min: 0.0, Avg: 0.0, Max: 0.0, Diff: 0.0, Sum: 0.0]
      [Object Copy (ms): Min: 29.4, Avg: 30.8, Max: 31.4, Diff: 2.0, Sum: 400.7]
      [Termination (ms): Min: 0.0, Avg: 0.2, Max: 0.2, Diff: 0.2, Sum: 2.6]
      [GC Worker Other (ms): Min: 0.0, Avg: 0.0, Max: 0.0, Diff: 0.0, Sum: 0.3]
      [GC Worker Total (ms): Min: 29.6, Avg: 38.0, Max: 40.8, Diff: 11.2, Sum: 494.6]
      [GC Worker End (ms): Min: 315466.5, Avg: 315466.5, Max: 315466.5, Diff: 0.0]
   [Code Root Fixup: 0.3 ms]
   [Code Root Migration: 0.0 ms]
   [Clear CT: 3.0 ms]
   [Other: 2.5 ms]
      [Choose CSet: 0.0 ms]
      [Ref Proc: 1.1 ms]
      [Ref Enq: 0.0 ms]
      [Free CSet: 0.4 ms]
   [Eden: 1136.0M(1136.0M)->0.0B(1056.0M) Survivors: 80.0M->160.0M Heap: 12.7G(24.0G)->11.8G(24.0G)]
 [Times: user=0.62 sys=0.00, real=0.05 secs] 
Heap
 garbage-first heap   total 25165824K, used 13153908K [0x00000001c0000000, 0x00000007c0000000, 0x00000007c0000000)
  region size 16384K, 59 young (966656K), 10 survivors (163840K)
 Metaspace       used 38113K, capacity 39070K, committed 39296K, reserved 1083392K
  class space    used 5760K, capacity 5968K, committed 6016K, reserved 1048576K
