Java HotSpot(TM) 64-Bit Server VM (25.0-b70) for linux-amd64 JRE (1.8.0-b132), built on Mar  4 2014 03:07:25 by "java_re" with gcc 4.3.0 20080428 (Red Hat 4.3.0-8)
Memory: 4k page, physical 32865776k(30165552k free), swap 2047992k(2047992k free)
CommandLine flags: -XX:CMSInitiatingOccupancyFraction=30 -XX:InitialHeapSize=25769803776 -XX:MaxHeapSize=25769803776 -XX:MaxNewSize=134217728 -XX:MaxTenuringThreshold=6 -XX:NewSize=134217728 -XX:OldPLABSize=16 -XX:+PrintGC -XX:+PrintGCDateStamps -XX:+PrintGCDetails -XX:+PrintGCTimeStamps -XX:ThreadStackSize=2048 -XX:+UseCompressedClassPointers -XX:+UseCompressedOops -XX:+UseConcMarkSweepGC -XX:+UseParNewGC 
2014-04-09T12:10:02.757+0900: 2.243: [GC (CMS Initial Mark) [1 CMS-initial-mark: 0K(25034752K)] 46209K(25152768K), 0.0578416 secs] [Times: user=0.15 sys=0.00, real=0.06 secs] 
2014-04-09T12:10:02.815+0900: 2.301: [CMS-concurrent-mark-start]
2014-04-09T12:10:02.824+0900: 2.310: [CMS-concurrent-mark: 0.009/0.009 secs] [Times: user=0.08 sys=0.00, real=0.01 secs] 
2014-04-09T12:10:02.824+0900: 2.310: [CMS-concurrent-preclean-start]
2014-04-09T12:10:02.989+0900: 2.476: [CMS-concurrent-preclean: 0.165/0.165 secs] [Times: user=0.92 sys=0.04, real=0.17 secs] 
2014-04-09T12:10:02.989+0900: 2.476: [CMS-concurrent-abortable-preclean-start]
2014-04-09T12:10:04.849+0900: 4.336: [GC (Allocation Failure) 4.336: [ParNew: 104960K->12670K(118016K), 0.0634720 secs] 104960K->12670K(25152768K), 0.0636169 secs] [Times: user=0.72 sys=0.02, real=0.06 secs] 
 CMS: abort preclean due to time 2014-04-09T12:10:08.263+0900: 7.749: [CMS-concurrent-abortable-preclean: 4.379/5.273 secs] [Times: user=10.07 sys=0.28, real=5.27 secs] 
2014-04-09T12:10:08.263+0900: 7.750: [GC (CMS Final Remark) [YG occupancy: 39373 K (118016 K)]7.750: [Rescan (parallel) , 0.0199412 secs]7.770: [weak refs processing, 0.0000443 secs]7.770: [class unloading, 0.0252786 secs]7.795: [scrub symbol table, 0.0043634 secs]7.800: [scrub string table, 0.0010452 secs][1 CMS-remark: 0K(25034752K)] 39373K(25152768K), 0.0563254 secs] [Times: user=0.28 sys=0.00, real=0.06 secs] 
2014-04-09T12:10:08.320+0900: 7.806: [CMS-concurrent-sweep-start]
2014-04-09T12:10:08.320+0900: 7.806: [CMS-concurrent-sweep: 0.000/0.000 secs] [Times: user=0.00 sys=0.00, real=0.00 secs] 
2014-04-09T12:10:08.320+0900: 7.807: [CMS-concurrent-reset-start]
2014-04-09T12:10:08.434+0900: 7.920: [CMS-concurrent-reset: 0.113/0.113 secs] [Times: user=0.03 sys=0.08, real=0.11 secs] 
2014-04-09T12:10:09.952+0900: 9.438: [GC (Allocation Failure) 9.438: [ParNew: 117630K->13056K(118016K), 0.1014113 secs] 117630K->28808K(25152768K), 0.1016409 secs] [Times: user=0.99 sys=0.04, real=0.10 secs] 
2014-04-09T12:10:13.696+0900: 13.183: [GC (Allocation Failure) 13.183: [ParNew: 118016K->13056K(118016K), 0.0759992 secs] 133768K->36394K(25152768K), 0.0763026 secs] [Times: user=1.05 sys=0.03, real=0.08 secs] 
2014-04-09T12:10:14.031+0900: 13.518: [GC (Allocation Failure) 13.518: [ParNew: 118016K->13056K(118016K), 0.0803412 secs] 141354K->53114K(25152768K), 0.0806408 secs] [Times: user=1.08 sys=0.02, real=0.08 secs] 
2014-04-09T12:10:14.336+0900: 13.823: [GC (Allocation Failure) 13.823: [ParNew: 118016K->13056K(118016K), 0.0970023 secs] 158074K->69893K(25152768K), 0.0973175 secs] [Times: user=1.24 sys=0.02, real=0.10 secs] 
2014-04-09T12:10:14.640+0900: 14.127: [GC (Allocation Failure) 14.127: [ParNew: 118016K->13056K(118016K), 0.0856426 secs] 174853K->87785K(25152768K), 0.0859754 secs] [Times: user=1.04 sys=0.02, real=0.08 secs] 
2014-04-09T12:10:14.959+0900: 14.445: [GC (Allocation Failure) 14.446: [ParNew: 118016K->13056K(118016K), 0.1227637 secs] 192745K->112877K(25152768K), 0.1230941 secs] [Times: user=1.54 sys=0.05, real=0.13 secs] 
2014-04-09T12:10:15.273+0900: 14.760: [GC (Allocation Failure) 14.760: [ParNew: 118016K->13056K(118016K), 0.1306594 secs] 217837K->139301K(25152768K), 0.1310064 secs] [Times: user=1.52 sys=0.03, real=0.13 secs] 
2014-04-09T12:10:15.519+0900: 15.006: [GC (Allocation Failure) 15.006: [ParNew: 118016K->13056K(118016K), 0.1368096 secs] 244261K->173230K(25152768K), 0.1372082 secs] [Times: user=1.44 sys=0.04, real=0.14 secs] 
2014-04-09T12:10:15.784+0900: 15.271: [GC (Allocation Failure) 15.271: [ParNew: 118016K->13056K(118016K), 0.1113432 secs] 278190K->205408K(25152768K), 0.1117444 secs] [Times: user=1.09 sys=0.04, real=0.11 secs] 
2014-04-09T12:10:15.998+0900: 15.485: [GC (Allocation Failure) 15.485: [ParNew: 117891K->13056K(118016K), 0.1514343 secs] 310243K->236748K(25152768K), 0.1517853 secs] [Times: user=1.78 sys=0.03, real=0.16 secs] 
2014-04-09T12:10:16.248+0900: 15.735: [GC (Allocation Failure) 15.735: [ParNew: 118016K->13056K(118016K), 0.1597382 secs] 341708K->271277K(25152768K), 0.1601434 secs] [Times: user=1.85 sys=0.04, real=0.16 secs] 
2014-04-09T12:10:16.526+0900: 16.013: [GC (Allocation Failure) 16.013: [ParNew: 118016K->13056K(118016K), 0.1480403 secs] 376237K->304154K(25152768K), 0.1483846 secs] [Times: user=1.81 sys=0.04, real=0.15 secs] 
2014-04-09T12:10:16.772+0900: 16.259: [GC (Allocation Failure) 16.259: [ParNew: 118016K->13056K(118016K), 0.1334552 secs] 409114K->337574K(25152768K), 0.1338629 secs] [Times: user=1.36 sys=0.03, real=0.13 secs] 
2014-04-09T12:10:17.027+0900: 16.513: [GC (Allocation Failure) 16.513: [ParNew: 118016K->13056K(118016K), 0.1199946 secs] 442534K->365747K(25152768K), 0.1203401 secs] [Times: user=1.39 sys=0.03, real=0.12 secs] 
2014-04-09T12:10:17.247+0900: 16.734: [GC (Allocation Failure) 16.734: [ParNew: 118016K->13056K(118016K), 0.1592224 secs] 470707K->398530K(25152768K), 0.1596214 secs] [Times: user=1.77 sys=0.05, real=0.16 secs] 
2014-04-09T12:10:17.520+0900: 17.006: [GC (Allocation Failure) 17.007: [ParNew: 118016K->13056K(118016K), 0.1377889 secs] 503490K->429051K(25152768K), 0.1381784 secs] [Times: user=1.71 sys=0.04, real=0.14 secs] 
2014-04-09T12:10:17.886+0900: 17.372: [GC (Allocation Failure) 17.373: [ParNew: 118014K->13056K(118016K), 0.0975174 secs] 534009K->448326K(25152768K), 0.0978661 secs] [Times: user=1.23 sys=0.02, real=0.10 secs] 
2014-04-09T12:10:18.120+0900: 17.607: [GC (Allocation Failure) 17.607: [ParNew: 118016K->13056K(118016K), 0.0772751 secs] 553286K->464132K(25152768K), 0.0776204 secs] [Times: user=1.02 sys=0.01, real=0.07 secs] 
2014-04-09T12:10:18.366+0900: 17.853: [GC (Allocation Failure) 17.853: [ParNew: 118016K->13056K(118016K), 0.0902932 secs] 569092K->479718K(25152768K), 0.0906461 secs] [Times: user=1.19 sys=0.02, real=0.09 secs] 
2014-04-09T12:10:18.548+0900: 18.035: [GC (Allocation Failure) 18.035: [ParNew: 118016K->13056K(118016K), 0.0854112 secs] 584678K->495732K(25152768K), 0.0857629 secs] [Times: user=1.11 sys=0.02, real=0.09 secs] 
2014-04-09T12:10:18.729+0900: 18.216: [GC (Allocation Failure) 18.216: [ParNew: 118016K->13056K(118016K), 0.0843349 secs] 600692K->511550K(25152768K), 0.0847221 secs] [Times: user=1.02 sys=0.03, real=0.09 secs] 
2014-04-09T12:10:18.903+0900: 18.389: [GC (Allocation Failure) 18.390: [ParNew: 118016K->13056K(118016K), 0.0775544 secs] 616510K->530362K(25152768K), 0.0779161 secs] [Times: user=0.94 sys=0.02, real=0.08 secs] 
2014-04-09T12:10:19.068+0900: 18.555: [GC (Allocation Failure) 18.555: [ParNew: 118016K->13056K(118016K), 0.0778425 secs] 635322K->544068K(25152768K), 0.0782090 secs] [Times: user=0.96 sys=0.01, real=0.08 secs] 
2014-04-09T12:10:19.240+0900: 18.727: [GC (Allocation Failure) 18.727: [ParNew: 118015K->13056K(118016K), 0.0816134 secs] 649028K->559621K(25152768K), 0.0819811 secs] [Times: user=0.99 sys=0.02, real=0.08 secs] 
2014-04-09T12:10:19.409+0900: 18.896: [GC (Allocation Failure) 18.896: [ParNew: 118016K->13056K(118016K), 0.0786107 secs] 664581K->577225K(25152768K), 0.0789727 secs] [Times: user=0.87 sys=0.02, real=0.08 secs] 
2014-04-09T12:10:19.583+0900: 19.069: [GC (Allocation Failure) 19.070: [ParNew: 118016K->13056K(118016K), 0.0827809 secs] 682185K->593656K(25152768K), 0.0831444 secs] [Times: user=0.96 sys=0.02, real=0.08 secs] 
2014-04-09T12:10:19.749+0900: 19.235: [GC (Allocation Failure) 19.235: [ParNew: 118016K->13056K(118016K), 0.0833846 secs] 698616K->609055K(25152768K), 0.0837464 secs] [Times: user=0.94 sys=0.02, real=0.09 secs] 
2014-04-09T12:10:19.916+0900: 19.402: [GC (Allocation Failure) 19.403: [ParNew: 118016K->13056K(118016K), 0.0821536 secs] 714015K->626896K(25152768K), 0.0825244 secs] [Times: user=0.90 sys=0.03, real=0.08 secs] 
2014-04-09T12:10:20.077+0900: 19.563: [GC (Allocation Failure) 19.564: [ParNew: 118016K->13056K(118016K), 0.0773594 secs] 731856K->643931K(25152768K), 0.0777196 secs] [Times: user=0.88 sys=0.02, real=0.08 secs] 
2014-04-09T12:10:20.248+0900: 19.735: [GC (Allocation Failure) 19.735: [ParNew: 118016K->13056K(118016K), 0.0788318 secs] 748891K->659971K(25152768K), 0.0792046 secs] [Times: user=0.87 sys=0.02, real=0.08 secs] 
2014-04-09T12:10:20.421+0900: 19.907: [GC (Allocation Failure) 19.908: [ParNew: 118016K->13056K(118016K), 0.0761548 secs] 764931K->676184K(25152768K), 0.0765164 secs] [Times: user=0.92 sys=0.01, real=0.07 secs] 
2014-04-09T12:10:20.581+0900: 20.068: [GC (Allocation Failure) 20.068: [ParNew: 118016K->13056K(118016K), 0.0813888 secs] 781144K->693798K(25152768K), 0.0817534 secs] [Times: user=0.96 sys=0.01, real=0.08 secs] 
2014-04-09T12:10:20.747+0900: 20.233: [GC (Allocation Failure) 20.233: [ParNew: 118016K->13056K(118016K), 0.0755666 secs] 798758K->709137K(25152768K), 0.0759352 secs] [Times: user=0.84 sys=0.01, real=0.08 secs] 
2014-04-09T12:10:20.902+0900: 20.389: [GC (Allocation Failure) 20.389: [ParNew: 118016K->13056K(118016K), 0.0753298 secs] 814097K->727009K(25152768K), 0.0756928 secs] [Times: user=0.80 sys=0.02, real=0.07 secs] 
2014-04-09T12:10:21.055+0900: 20.542: [GC (Allocation Failure) 20.542: [ParNew: 118016K->13056K(118016K), 0.0757635 secs] 831969K->741977K(25152768K), 0.0761315 secs] [Times: user=0.84 sys=0.02, real=0.08 secs] 
2014-04-09T12:10:21.215+0900: 20.701: [GC (Allocation Failure) 20.702: [ParNew: 118016K->13056K(118016K), 0.0762205 secs] 846937K->757063K(25152768K), 0.0765884 secs] [Times: user=0.86 sys=0.02, real=0.08 secs] 
2014-04-09T12:10:21.367+0900: 20.853: [GC (Allocation Failure) 20.854: [ParNew: 118016K->13056K(118016K), 0.0816742 secs] 862023K->773853K(25152768K), 0.0820393 secs] [Times: user=0.91 sys=0.02, real=0.08 secs] 
2014-04-09T12:10:21.528+0900: 21.014: [GC (Allocation Failure) 21.015: [ParNew: 118016K->13056K(118016K), 0.0763098 secs] 878813K->791539K(25152768K), 0.0766740 secs] [Times: user=0.82 sys=0.02, real=0.08 secs] 
2014-04-09T12:10:21.681+0900: 21.168: [GC (Allocation Failure) 21.168: [ParNew: 118016K->13056K(118016K), 0.0777388 secs] 896499K->807990K(25152768K), 0.0781102 secs] [Times: user=0.85 sys=0.02, real=0.07 secs] 
2014-04-09T12:10:21.837+0900: 21.323: [GC (Allocation Failure) 21.323: [ParNew: 118016K->13056K(118016K), 0.0827745 secs] 912950K->825168K(25152768K), 0.0831378 secs] [Times: user=0.91 sys=0.02, real=0.08 secs] 
2014-04-09T12:10:21.994+0900: 21.481: [GC (Allocation Failure) 21.481: [ParNew: 118016K->13056K(118016K), 0.0788550 secs] 930128K->842216K(25152768K), 0.0792179 secs] [Times: user=0.86 sys=0.01, real=0.08 secs] 
2014-04-09T12:10:22.152+0900: 21.638: [GC (Allocation Failure) 21.638: [ParNew: 118016K->13056K(118016K), 0.0732615 secs] 947176K->857831K(25152768K), 0.0736145 secs] [Times: user=0.79 sys=0.01, real=0.07 secs] 
2014-04-09T12:10:22.305+0900: 21.791: [GC (Allocation Failure) 21.791: [ParNew: 118015K->13056K(118016K), 0.0823421 secs] 962790K->873524K(25152768K), 0.0827113 secs] [Times: user=0.90 sys=0.01, real=0.08 secs] 
2014-04-09T12:10:22.464+0900: 21.951: [GC (Allocation Failure) 21.951: [ParNew: 117913K->13056K(118016K), 0.0789719 secs] 978382K->891739K(25152768K), 0.0793407 secs] [Times: user=0.85 sys=0.02, real=0.08 secs] 
2014-04-09T12:10:22.627+0900: 22.113: [GC (Allocation Failure) 22.114: [ParNew: 118016K->13056K(118016K), 0.0808126 secs] 996699K->908717K(25152768K), 0.0811626 secs] [Times: user=0.88 sys=0.03, real=0.08 secs] 
2014-04-09T12:10:22.786+0900: 22.272: [GC (Allocation Failure) 22.272: [ParNew: 118015K->13056K(118016K), 0.0785670 secs] 1013677K->924287K(25152768K), 0.0789253 secs] [Times: user=0.85 sys=0.02, real=0.08 secs] 
2014-04-09T12:10:22.942+0900: 22.428: [GC (Allocation Failure) 22.428: [ParNew: 118016K->13056K(118016K), 0.0768758 secs] 1029247K->940755K(25152768K), 0.0772278 secs] [Times: user=0.85 sys=0.02, real=0.07 secs] 
2014-04-09T12:10:23.097+0900: 22.584: [GC (Allocation Failure) 22.584: [ParNew: 118016K->13056K(118016K), 0.0835803 secs] 1045715K->956565K(25152768K), 0.0839335 secs] [Times: user=0.92 sys=0.01, real=0.09 secs] 
2014-04-09T12:10:23.262+0900: 22.748: [GC (Allocation Failure) 22.748: [ParNew: 118015K->13056K(118016K), 0.0836603 secs] 1061524K->973978K(25152768K), 0.0840118 secs] [Times: user=0.92 sys=0.01, real=0.08 secs] 
2014-04-09T12:10:23.421+0900: 22.907: [GC (Allocation Failure) 22.907: [ParNew: 118016K->13056K(118016K), 0.0815063 secs] 1078938K->992030K(25152768K), 0.0818663 secs] [Times: user=0.91 sys=0.02, real=0.09 secs] 
2014-04-09T12:10:23.580+0900: 23.066: [GC (Allocation Failure) 23.067: [ParNew: 118016K->13056K(118016K), 0.0783347 secs] 1096990K->1011358K(25152768K), 0.0786956 secs] [Times: user=0.89 sys=0.02, real=0.08 secs] 
2014-04-09T12:10:23.736+0900: 23.223: [GC (Allocation Failure) 23.224: [ParNew: 118016K->13056K(118016K), 0.0829543 secs] 1116318K->1027585K(25152768K), 0.0842968 secs] [Times: user=0.92 sys=0.03, real=0.08 secs] 
2014-04-09T12:10:23.899+0900: 23.385: [GC (Allocation Failure) 23.386: [ParNew: 118016K->13056K(118016K), 0.0698738 secs] 1132545K->1043881K(25152768K), 0.0702276 secs] [Times: user=0.76 sys=0.02, real=0.07 secs] 
2014-04-09T12:10:24.045+0900: 23.532: [GC (Allocation Failure) 23.532: [ParNew: 118016K->13056K(118016K), 0.0763822 secs] 1148841K->1060233K(25152768K), 0.0767364 secs] [Times: user=0.78 sys=0.03, real=0.08 secs] 
2014-04-09T12:10:24.201+0900: 23.688: [GC (Allocation Failure) 23.688: [ParNew: 118016K->13056K(118016K), 0.0697240 secs] 1165193K->1076373K(25152768K), 0.0700767 secs] [Times: user=0.77 sys=0.02, real=0.07 secs] 
2014-04-09T12:10:24.346+0900: 23.832: [GC (Allocation Failure) 23.832: [ParNew: 118016K->13056K(118016K), 0.0728894 secs] 1181333K->1093968K(25152768K), 0.0732426 secs] [Times: user=0.79 sys=0.02, real=0.07 secs] 
2014-04-09T12:10:24.525+0900: 24.011: [GC (Allocation Failure) 24.011: [ParNew: 118016K->13056K(118016K), 0.0697764 secs] 1198928K->1110403K(25152768K), 0.0701257 secs] [Times: user=0.85 sys=0.01, real=0.07 secs] 
2014-04-09T12:10:24.674+0900: 24.160: [GC (Allocation Failure) 24.161: [ParNew: 118016K->13056K(118016K), 0.0774861 secs] 1215363K->1126189K(25152768K), 0.0778389 secs] [Times: user=0.88 sys=0.01, real=0.08 secs] 
2014-04-09T12:10:24.826+0900: 24.313: [GC (Allocation Failure) 24.313: [ParNew: 118016K->13056K(118016K), 0.0773804 secs] 1231149K->1143248K(25152768K), 0.0777457 secs] [Times: user=0.83 sys=0.02, real=0.08 secs] 
2014-04-09T12:10:24.985+0900: 24.472: [GC (Allocation Failure) 24.472: [ParNew: 118016K->13056K(118016K), 0.0773369 secs] 1248208K->1159053K(25152768K), 0.0777032 secs] [Times: user=0.87 sys=0.02, real=0.08 secs] 
2014-04-09T12:10:25.140+0900: 24.626: [GC (Allocation Failure) 24.626: [ParNew: 118014K->13056K(118016K), 0.0794536 secs] 1264012K->1176392K(25152768K), 0.0798190 secs] [Times: user=0.87 sys=0.01, real=0.08 secs] 
2014-04-09T12:10:25.293+0900: 24.780: [GC (Allocation Failure) 24.780: [ParNew: 118016K->13056K(118016K), 0.0825494 secs] 1281352K->1194434K(25152768K), 0.0829263 secs] [Times: user=0.88 sys=0.02, real=0.08 secs] 
2014-04-09T12:10:25.452+0900: 24.938: [GC (Allocation Failure) 24.939: [ParNew: 118015K->13056K(118016K), 0.0767639 secs] 1299394K->1211055K(25152768K), 0.0771309 secs] [Times: user=0.84 sys=0.02, real=0.07 secs] 
2014-04-09T12:10:25.607+0900: 25.093: [GC (Allocation Failure) 25.094: [ParNew: 118016K->13056K(118016K), 0.0756801 secs] 1316015K->1228447K(25152768K), 0.0760488 secs] [Times: user=0.81 sys=0.02, real=0.08 secs] 
2014-04-09T12:10:25.756+0900: 25.243: [GC (Allocation Failure) 25.243: [ParNew: 118016K->13056K(118016K), 0.0760894 secs] 1333407K->1244533K(25152768K), 0.0764523 secs] [Times: user=0.84 sys=0.03, real=0.08 secs] 
2014-04-09T12:10:25.909+0900: 25.395: [GC (Allocation Failure) 25.396: [ParNew: 118016K->13056K(118016K), 0.0771925 secs] 1349493K->1261924K(25152768K), 0.0775635 secs] [Times: user=0.84 sys=0.02, real=0.08 secs] 
2014-04-09T12:10:26.057+0900: 25.544: [GC (Allocation Failure) 25.544: [ParNew: 118016K->13056K(118016K), 0.0736291 secs] 1366884K->1278398K(25152768K), 0.0739846 secs] [Times: user=0.79 sys=0.02, real=0.07 secs] 
2014-04-09T12:10:26.211+0900: 25.698: [GC (Allocation Failure) 25.698: [ParNew: 118016K->13056K(118016K), 0.0764077 secs] 1383358K->1295658K(25152768K), 0.0767604 secs] [Times: user=0.82 sys=0.02, real=0.07 secs] 
2014-04-09T12:10:26.364+0900: 25.850: [GC (Allocation Failure) 25.850: [ParNew: 118016K->13056K(118016K), 0.0817206 secs] 1400618K->1313943K(25152768K), 0.0820734 secs] [Times: user=0.87 sys=0.02, real=0.08 secs] 
2014-04-09T12:10:26.525+0900: 26.012: [GC (Allocation Failure) 26.012: [ParNew: 118016K->13056K(118016K), 0.0692723 secs] 1418903K->1329516K(25152768K), 0.0696329 secs] [Times: user=0.75 sys=0.01, real=0.07 secs] 
2014-04-09T12:10:26.675+0900: 26.162: [GC (Allocation Failure) 26.162: [ParNew: 118016K->13056K(118016K), 0.0728345 secs] 1434476K->1347132K(25152768K), 0.0731941 secs] [Times: user=0.79 sys=0.02, real=0.07 secs] 
2014-04-09T12:10:26.826+0900: 26.312: [GC (Allocation Failure) 26.313: [ParNew: 118016K->13056K(118016K), 0.0816874 secs] 1452092K->1363963K(25152768K), 0.0820393 secs] [Times: user=0.89 sys=0.03, real=0.08 secs] 
2014-04-09T12:10:26.981+0900: 26.468: [GC (Allocation Failure) 26.468: [ParNew: 118016K->13056K(118016K), 0.0718623 secs] 1468923K->1382097K(25152768K), 0.0722348 secs] [Times: user=0.76 sys=0.02, real=0.08 secs] 
2014-04-09T12:10:27.130+0900: 26.617: [GC (Allocation Failure) 26.617: [ParNew: 118016K->13056K(118016K), 0.0789622 secs] 1487057K->1398613K(25152768K), 0.0793120 secs] [Times: user=0.84 sys=0.02, real=0.08 secs] 
2014-04-09T12:10:27.285+0900: 26.771: [GC (Allocation Failure) 26.771: [ParNew: 118016K->13056K(118016K), 0.0836417 secs] 1503573K->1414718K(25152768K), 0.0839972 secs] [Times: user=0.90 sys=0.02, real=0.08 secs] 
2014-04-09T12:10:27.442+0900: 26.929: [GC (Allocation Failure) 26.929: [ParNew: 118016K->13056K(118016K), 0.0785926 secs] 1519678K->1432322K(25152768K), 0.0789553 secs] [Times: user=0.86 sys=0.01, real=0.08 secs] 
2014-04-09T12:10:27.603+0900: 27.090: [GC (Allocation Failure) 27.090: [ParNew: 118016K->13056K(118016K), 0.0740983 secs] 1537282K->1449297K(25152768K), 0.0744714 secs] [Times: user=0.80 sys=0.02, real=0.07 secs] 
2014-04-09T12:10:27.753+0900: 27.240: [GC (Allocation Failure) 27.240: [ParNew: 118016K->13056K(118016K), 0.0821810 secs] 1554257K->1465309K(25152768K), 0.0825470 secs] [Times: user=0.90 sys=0.02, real=0.08 secs] 
2014-04-09T12:10:27.912+0900: 27.398: [GC (Allocation Failure) 27.399: [ParNew: 118016K->13056K(118016K), 0.0755111 secs] 1570269K->1482796K(25152768K), 0.0758804 secs] [Times: user=0.79 sys=0.02, real=0.07 secs] 
2014-04-09T12:10:28.062+0900: 27.548: [GC (Allocation Failure) 27.549: [ParNew: 118016K->13056K(118016K), 0.0727300 secs] 1587756K->1499269K(25152768K), 0.0730971 secs] [Times: user=0.77 sys=0.01, real=0.07 secs] 
2014-04-09T12:10:28.215+0900: 27.701: [GC (Allocation Failure) 27.702: [ParNew: 118016K->13056K(118016K), 0.0852815 secs] 1604229K->1515384K(25152768K), 0.0856451 secs] [Times: user=0.94 sys=0.01, real=0.08 secs] 
2014-04-09T12:10:28.374+0900: 27.861: [GC (Allocation Failure) 27.861: [ParNew: 118016K->13056K(118016K), 0.0796584 secs] 1620344K->1533167K(25152768K), 0.0800419 secs] [Times: user=0.85 sys=0.03, real=0.08 secs] 
2014-04-09T12:10:28.529+0900: 28.016: [GC (Allocation Failure) 28.016: [ParNew: 118015K->13056K(118016K), 0.0752101 secs] 1638127K->1550996K(25152768K), 0.0755755 secs] [Times: user=0.80 sys=0.02, real=0.08 secs] 
2014-04-09T12:10:28.684+0900: 28.170: [GC (Allocation Failure) 28.171: [ParNew: 118016K->13056K(118016K), 0.0722377 secs] 1655956K->1567325K(25152768K), 0.0726299 secs] [Times: user=0.77 sys=0.02, real=0.07 secs] 
2014-04-09T12:10:28.830+0900: 28.316: [GC (Allocation Failure) 28.316: [ParNew: 118016K->13056K(118016K), 0.0732174 secs] 1672285K->1584029K(25152768K), 0.0735869 secs] [Times: user=0.77 sys=0.02, real=0.08 secs] 
2014-04-09T12:10:28.983+0900: 28.469: [GC (Allocation Failure) 28.469: [ParNew: 118016K->13056K(118016K), 0.0742777 secs] 1688989K->1601341K(25152768K), 0.0746510 secs] [Times: user=0.79 sys=0.01, real=0.07 secs] 
2014-04-09T12:10:29.130+0900: 28.616: [GC (Allocation Failure) 28.616: [ParNew: 118016K->13056K(118016K), 0.0697617 secs] 1706301K->1618103K(25152768K), 0.0701257 secs] [Times: user=0.76 sys=0.01, real=0.07 secs] 
2014-04-09T12:10:29.275+0900: 28.762: [GC (Allocation Failure) 28.762: [ParNew: 118016K->13056K(118016K), 0.0750945 secs] 1723063K->1635937K(25152768K), 0.0754698 secs] [Times: user=0.79 sys=0.02, real=0.07 secs] 
2014-04-09T12:10:29.427+0900: 28.914: [GC (Allocation Failure) 28.914: [ParNew: 118016K->13056K(118016K), 0.0768482 secs] 1740897K->1653096K(25152768K), 0.0772138 secs] [Times: user=0.84 sys=0.02, real=0.08 secs] 
2014-04-09T12:10:29.582+0900: 29.068: [GC (Allocation Failure) 29.068: [ParNew: 118016K->13056K(118016K), 0.0831067 secs] 1758056K->1669754K(25152768K), 0.0834746 secs] [Times: user=0.90 sys=0.02, real=0.08 secs] 
2014-04-09T12:10:29.744+0900: 29.231: [GC (Allocation Failure) 29.231: [ParNew: 118016K->13056K(118016K), 0.0685201 secs] 1774714K->1686500K(25152768K), 0.0688850 secs] [Times: user=0.70 sys=0.02, real=0.07 secs] 
2014-04-09T12:10:29.898+0900: 29.384: [GC (Allocation Failure) 29.385: [ParNew: 118016K->13056K(118016K), 0.0875137 secs] 1791460K->1705954K(25152768K), 0.0878830 secs] [Times: user=0.96 sys=0.02, real=0.09 secs] 
2014-04-09T12:10:30.064+0900: 29.551: [GC (Allocation Failure) 29.551: [ParNew: 118016K->13056K(118016K), 0.0754995 secs] 1810914K->1726562K(25152768K), 0.0758703 secs] [Times: user=0.84 sys=0.02, real=0.07 secs] 
2014-04-09T12:10:30.219+0900: 29.705: [GC (Allocation Failure) 29.706: [ParNew: 118016K->13056K(118016K), 0.0827070 secs] 1831522K->1741826K(25152768K), 0.0830739 secs] [Times: user=0.91 sys=0.02, real=0.08 secs] 
2014-04-09T12:10:30.373+0900: 29.860: [GC (Allocation Failure) 29.860: [ParNew: 118016K->13056K(118016K), 0.0782624 secs] 1846786K->1759734K(25152768K), 0.0786289 secs] [Times: user=0.86 sys=0.02, real=0.07 secs] 
2014-04-09T12:10:30.530+0900: 30.017: [GC (Allocation Failure) 30.017: [ParNew: 118016K->13056K(118016K), 0.0744704 secs] 1864694K->1777721K(25152768K), 0.0748397 secs] [Times: user=0.78 sys=0.01, real=0.08 secs] 
2014-04-09T12:10:30.683+0900: 30.169: [GC (Allocation Failure) 30.169: [ParNew: 118016K->13056K(118016K), 0.0685458 secs] 1882681K->1792730K(25152768K), 0.0689131 secs] [Times: user=0.74 sys=0.02, real=0.06 secs] 
2014-04-09T12:10:30.827+0900: 30.313: [GC (Allocation Failure) 30.313: [ParNew: 118016K->13056K(118016K), 0.0759577 secs] 1897690K->1810797K(25152768K), 0.0763280 secs] [Times: user=0.79 sys=0.02, real=0.08 secs] 
2014-04-09T12:10:30.985+0900: 30.471: [GC (Allocation Failure) 30.471: [ParNew: 118016K->13056K(118016K), 0.0737827 secs] 1915757K->1827366K(25152768K), 0.0741482 secs] [Times: user=0.80 sys=0.02, real=0.07 secs] 
2014-04-09T12:10:31.143+0900: 30.629: [GC (Allocation Failure) 30.629: [ParNew: 118016K->13056K(118016K), 0.0718674 secs] 1932326K->1843818K(25152768K), 0.0722329 secs] [Times: user=0.77 sys=0.03, real=0.07 secs] 
2014-04-09T12:10:31.290+0900: 30.777: [GC (Allocation Failure) 30.777: [ParNew: 118016K->13056K(118016K), 0.0758426 secs] 1948778K->1860913K(25152768K), 0.0762093 secs] [Times: user=0.81 sys=0.02, real=0.08 secs] 
2014-04-09T12:10:31.451+0900: 30.938: [GC (Allocation Failure) 30.938: [ParNew: 118016K->13056K(118016K), 0.0814303 secs] 1965873K->1877230K(25152768K), 0.0818001 secs] [Times: user=0.95 sys=0.03, real=0.09 secs] 
2014-04-09T12:10:31.615+0900: 31.102: [GC (Allocation Failure) 31.102: [ParNew: 118016K->13056K(118016K), 0.0802749 secs] 1982190K->1893461K(25152768K), 0.0806618 secs] [Times: user=0.90 sys=0.03, real=0.08 secs] 
2014-04-09T12:10:31.776+0900: 31.262: [GC (Allocation Failure) 31.263: [ParNew: 118016K->13056K(118016K), 0.0770047 secs] 1998421K->1910569K(25152768K), 0.0773800 secs] [Times: user=0.85 sys=0.02, real=0.08 secs] 
2014-04-09T12:10:31.930+0900: 31.417: [GC (Allocation Failure) 31.417: [ParNew: 118016K->13056K(118016K), 0.0749469 secs] 2015529K->1928271K(25152768K), 0.0753017 secs] [Times: user=0.74 sys=0.03, real=0.08 secs] 
2014-04-09T12:10:32.082+0900: 31.569: [GC (Allocation Failure) 31.569: [ParNew: 118016K->13056K(118016K), 0.0768466 secs] 2033231K->1944823K(25152768K), 0.0772038 secs] [Times: user=0.83 sys=0.01, real=0.08 secs] 
2014-04-09T12:10:32.238+0900: 31.724: [GC (Allocation Failure) 31.724: [ParNew: 118016K->13056K(118016K), 0.0818571 secs] 2049783K->1960918K(25152768K), 0.0822136 secs] [Times: user=0.89 sys=0.01, real=0.08 secs] 
2014-04-09T12:10:32.395+0900: 31.881: [GC (Allocation Failure) 31.881: [ParNew: 118016K->13056K(118016K), 0.0803337 secs] 2065878K->1978219K(25152768K), 0.0807003 secs] [Times: user=0.86 sys=0.00, real=0.08 secs] 
2014-04-09T12:10:32.547+0900: 32.033: [GC (Allocation Failure) 32.033: [ParNew: 118016K->13056K(118016K), 0.0703509 secs] 2083179K->1995591K(25152768K), 0.0707179 secs] [Times: user=0.74 sys=0.02, real=0.07 secs] 
2014-04-09T12:10:32.694+0900: 32.181: [GC (Allocation Failure) 32.181: [ParNew: 118016K->13056K(118016K), 0.0693726 secs] 2100551K->2012001K(25152768K), 0.0697477 secs] [Times: user=0.73 sys=0.02, real=0.07 secs] 
2014-04-09T12:10:32.841+0900: 32.327: [GC (Allocation Failure) 32.328: [ParNew: 118016K->13056K(118016K), 0.0796571 secs] 2116961K->2028579K(25152768K), 0.0800234 secs] [Times: user=0.86 sys=0.01, real=0.08 secs] 
2014-04-09T12:10:32.997+0900: 32.483: [GC (Allocation Failure) 32.483: [ParNew: 118016K->13056K(118016K), 0.0705080 secs] 2133539K->2045291K(25152768K), 0.0708658 secs] [Times: user=0.74 sys=0.02, real=0.07 secs] 
2014-04-09T12:10:33.147+0900: 32.633: [GC (Allocation Failure) 32.633: [ParNew: 118016K->13056K(118016K), 0.0695582 secs] 2150251K->2062353K(25152768K), 0.0699203 secs] [Times: user=0.73 sys=0.02, real=0.07 secs] 
2014-04-09T12:10:33.293+0900: 32.780: [GC (Allocation Failure) 32.780: [ParNew: 118016K->13056K(118016K), 0.0820121 secs] 2167313K->2077826K(25152768K), 0.0823760 secs] [Times: user=0.89 sys=0.01, real=0.08 secs] 
2014-04-09T12:10:33.451+0900: 32.938: [GC (Allocation Failure) 32.938: [ParNew: 118016K->13056K(118016K), 0.0823358 secs] 2182786K->2095510K(25152768K), 0.0826938 secs] [Times: user=0.88 sys=0.02, real=0.09 secs] 
2014-04-09T12:10:33.616+0900: 33.102: [GC (Allocation Failure) 33.103: [ParNew: 118016K->13056K(118016K), 0.0771625 secs] 2200470K->2113305K(25152768K), 0.0775174 secs] [Times: user=0.84 sys=0.02, real=0.08 secs] 
2014-04-09T12:10:33.773+0900: 33.259: [GC (Allocation Failure) 33.259: [ParNew: 118016K->13056K(118016K), 0.0694923 secs] 2218265K->2129884K(25152768K), 0.0698666 secs] [Times: user=0.74 sys=0.01, real=0.07 secs] 
2014-04-09T12:10:33.919+0900: 33.405: [GC (Allocation Failure) 33.406: [ParNew: 118016K->13056K(118016K), 0.0762687 secs] 2234844K->2146730K(25152768K), 0.0766373 secs] [Times: user=0.80 sys=0.02, real=0.08 secs] 
2014-04-09T12:10:34.071+0900: 33.557: [GC (Allocation Failure) 33.557: [ParNew: 118016K->13056K(118016K), 0.0724377 secs] 2251690K->2163865K(25152768K), 0.0728133 secs] [Times: user=0.75 sys=0.03, real=0.08 secs] 
2014-04-09T12:10:34.218+0900: 33.704: [GC (Allocation Failure) 33.705: [ParNew: 118016K->13056K(118016K), 0.0714869 secs] 2268825K->2181141K(25152768K), 0.0718543 secs] [Times: user=0.77 sys=0.02, real=0.07 secs] 
2014-04-09T12:10:34.367+0900: 33.853: [GC (Allocation Failure) 33.854: [ParNew: 118016K->13056K(118016K), 0.0770144 secs] 2286101K->2197683K(25152768K), 0.0773771 secs] [Times: user=0.82 sys=0.02, real=0.08 secs] 
2014-04-09T12:10:34.523+0900: 34.010: [GC (Allocation Failure) 34.010: [ParNew: 118016K->13056K(118016K), 0.0808537 secs] 2302643K->2213753K(25152768K), 0.0812278 secs] [Times: user=0.87 sys=0.02, real=0.08 secs] 
2014-04-09T12:10:34.685+0900: 34.171: [GC (Allocation Failure) 34.172: [ParNew: 118015K->13056K(118016K), 0.0768830 secs] 2318712K->2231386K(25152768K), 0.0772468 secs] [Times: user=0.82 sys=0.02, real=0.07 secs] 
2014-04-09T12:10:34.840+0900: 34.326: [GC (Allocation Failure) 34.327: [ParNew: 118016K->13056K(118016K), 0.0745005 secs] 2336346K->2246397K(25152768K), 0.0749216 secs] [Times: user=0.81 sys=0.01, real=0.08 secs] 
2014-04-09T12:10:34.989+0900: 34.476: [GC (Allocation Failure) 34.476: [ParNew: 118016K->13056K(118016K), 0.0791882 secs] 2351357K->2264216K(25152768K), 0.0795567 secs] [Times: user=0.85 sys=0.02, real=0.08 secs] 
2014-04-09T12:10:35.143+0900: 34.630: [GC (Allocation Failure) 34.630: [ParNew: 118016K->13056K(118016K), 0.0718207 secs] 2369176K->2281442K(25152768K), 0.0721886 secs] [Times: user=0.78 sys=0.02, real=0.07 secs] 
2014-04-09T12:10:35.290+0900: 34.776: [GC (Allocation Failure) 34.776: [ParNew: 118016K->13056K(118016K), 0.0675584 secs] 2386402K->2297984K(25152768K), 0.0679269 secs] [Times: user=0.72 sys=0.01, real=0.07 secs] 
2014-04-09T12:10:35.437+0900: 34.924: [GC (Allocation Failure) 34.924: [ParNew: 118016K->13056K(118016K), 0.0749331 secs] 2402944K->2315765K(25152768K), 0.0752988 secs] [Times: user=0.78 sys=0.03, real=0.08 secs] 
2014-04-09T12:10:35.594+0900: 35.080: [GC (Allocation Failure) 35.080: [ParNew: 118016K->13056K(118016K), 0.0744285 secs] 2420725K->2332955K(25152768K), 0.0747995 secs] [Times: user=0.78 sys=0.02, real=0.07 secs] 
2014-04-09T12:10:35.746+0900: 35.232: [GC (Allocation Failure) 35.232: [ParNew: 118016K->13056K(118016K), 0.0706383 secs] 2437915K->2349482K(25152768K), 0.0710068 secs] [Times: user=0.75 sys=0.01, real=0.07 secs] 
2014-04-09T12:10:35.894+0900: 35.380: [GC (Allocation Failure) 35.381: [ParNew: 118016K->13056K(118016K), 0.0707363 secs] 2454442K->2364772K(25152768K), 0.0711054 secs] [Times: user=0.76 sys=0.01, real=0.07 secs] 
2014-04-09T12:10:36.039+0900: 35.526: [GC (Allocation Failure) 35.526: [ParNew: 118016K->13056K(118016K), 0.0725793 secs] 2469732K->2381930K(25152768K), 0.0729449 secs] [Times: user=0.77 sys=0.01, real=0.07 secs] 
2014-04-09T12:10:36.187+0900: 35.674: [GC (Allocation Failure) 35.674: [ParNew: 118006K->13056K(118016K), 0.0771542 secs] 2486880K->2398084K(25152768K), 0.0775224 secs] [Times: user=0.83 sys=0.02, real=0.08 secs] 
2014-04-09T12:10:36.344+0900: 35.830: [GC (Allocation Failure) 35.830: [ParNew: 118016K->13056K(118016K), 0.0811827 secs] 2503044K->2414324K(25152768K), 0.0815496 secs] [Times: user=0.86 sys=0.02, real=0.08 secs] 
2014-04-09T12:10:36.500+0900: 35.987: [GC (Allocation Failure) 35.987: [ParNew: 118016K->13056K(118016K), 0.0798754 secs] 2519284K->2430410K(25152768K), 0.0802406 secs] [Times: user=0.88 sys=0.02, real=0.08 secs] 
2014-04-09T12:10:36.657+0900: 36.144: [GC (Allocation Failure) 36.144: [ParNew: 118016K->13056K(118016K), 0.0816024 secs] 2535370K->2448319K(25152768K), 0.0819678 secs] [Times: user=0.87 sys=0.02, real=0.08 secs] 
2014-04-09T12:10:36.818+0900: 36.305: [GC (Allocation Failure) 36.305: [ParNew: 118016K->13056K(118016K), 0.0810735 secs] 2553279K->2464846K(25152768K), 0.0814413 secs] [Times: user=0.86 sys=0.03, real=0.08 secs] 
2014-04-09T12:10:36.978+0900: 36.464: [GC (Allocation Failure) 36.464: [ParNew: 118016K->13056K(118016K), 0.0786632 secs] 2569806K->2480413K(25152768K), 0.0790257 secs] [Times: user=0.85 sys=0.01, real=0.08 secs] 
2014-04-09T12:10:37.133+0900: 36.620: [GC (Allocation Failure) 36.620: [ParNew: 118016K->13056K(118016K), 0.0798942 secs] 2585373K->2497717K(25152768K), 0.0802601 secs] [Times: user=0.86 sys=0.02, real=0.09 secs] 
2014-04-09T12:10:37.293+0900: 36.779: [GC (Allocation Failure) 36.780: [ParNew: 118016K->13056K(118016K), 0.0806329 secs] 2602677K->2514442K(25152768K), 0.0809868 secs] [Times: user=0.85 sys=0.02, real=0.09 secs] 
2014-04-09T12:10:37.448+0900: 36.935: [GC (Allocation Failure) 36.935: [ParNew: 118016K->13056K(118016K), 0.0696804 secs] 2619402K->2530977K(25152768K), 0.0700394 secs] [Times: user=0.73 sys=0.01, real=0.07 secs] 
2014-04-09T12:10:37.593+0900: 37.079: [GC (Allocation Failure) 37.079: [ParNew: 118016K->13056K(118016K), 0.0729497 secs] 2635937K->2547268K(25152768K), 0.0733134 secs] [Times: user=0.78 sys=0.02, real=0.08 secs] 
2014-04-09T12:10:37.745+0900: 37.231: [GC (Allocation Failure) 37.232: [ParNew: 118016K->13056K(118016K), 0.0775334 secs] 2652228K->2563179K(25152768K), 0.0779124 secs] [Times: user=0.83 sys=0.04, real=0.07 secs] 
2014-04-09T12:10:37.895+0900: 37.381: [GC (Allocation Failure) 37.382: [ParNew: 118016K->13056K(118016K), 0.0739788 secs] 2668139K->2581655K(25152768K), 0.0743469 secs] [Times: user=0.78 sys=0.02, real=0.07 secs] 
2014-04-09T12:10:38.047+0900: 37.533: [GC (Allocation Failure) 37.533: [ParNew: 118016K->13056K(118016K), 0.0761078 secs] 2686615K->2597343K(25152768K), 0.0764804 secs] [Times: user=0.81 sys=0.02, real=0.08 secs] 
2014-04-09T12:10:38.195+0900: 37.682: [GC (Allocation Failure) 37.682: [ParNew: 118016K->13056K(118016K), 0.0815137 secs] 2702303K->2613890K(25152768K), 0.0818811 secs] [Times: user=0.88 sys=0.01, real=0.08 secs] 
2014-04-09T12:10:38.352+0900: 37.838: [GC (Allocation Failure) 37.838: [ParNew: 118016K->13056K(118016K), 0.0766881 secs] 2718850K->2632137K(25152768K), 0.0770542 secs] [Times: user=0.82 sys=0.01, real=0.08 secs] 
2014-04-09T12:10:38.503+0900: 37.990: [GC (Allocation Failure) 37.990: [ParNew: 118016K->13056K(118016K), 0.0669792 secs] 2737097K->2647297K(25152768K), 0.0673535 secs] [Times: user=0.73 sys=0.01, real=0.07 secs] 
2014-04-09T12:10:38.643+0900: 38.129: [GC (Allocation Failure) 38.129: [ParNew: 118016K->13056K(118016K), 0.0710029 secs] 2752257K->2664993K(25152768K), 0.0713683 secs] [Times: user=0.75 sys=0.01, real=0.08 secs] 
2014-04-09T12:10:38.790+0900: 38.277: [GC (Allocation Failure) 38.277: [ParNew: 118016K->13056K(118016K), 0.0800590 secs] 2769953K->2680513K(25152768K), 0.0804351 secs] [Times: user=0.85 sys=0.03, real=0.08 secs] 
2014-04-09T12:10:38.945+0900: 38.431: [GC (Allocation Failure) 38.432: [ParNew: 118016K->13056K(118016K), 0.0735249 secs] 2785473K->2700403K(25152768K), 0.0738929 secs] [Times: user=0.78 sys=0.01, real=0.07 secs] 
2014-04-09T12:10:39.096+0900: 38.582: [GC (Allocation Failure) 38.582: [ParNew: 118016K->13056K(118016K), 0.0769467 secs] 2805363K->2715321K(25152768K), 0.0773157 secs] [Times: user=0.85 sys=0.01, real=0.07 secs] 
2014-04-09T12:10:39.252+0900: 38.738: [GC (Allocation Failure) 38.738: [ParNew: 118016K->13056K(118016K), 0.0737946 secs] 2820281K->2732833K(25152768K), 0.0741610 secs] [Times: user=0.79 sys=0.02, real=0.08 secs] 
2014-04-09T12:10:39.403+0900: 38.889: [GC (Allocation Failure) 38.889: [ParNew: 118016K->13056K(118016K), 0.0763821 secs] 2837793K->2749390K(25152768K), 0.0767568 secs] [Times: user=0.81 sys=0.02, real=0.08 secs] 
2014-04-09T12:10:39.552+0900: 39.039: [GC (Allocation Failure) 39.039: [ParNew: 118016K->13056K(118016K), 0.0732007 secs] 2854350K->2765808K(25152768K), 0.0735780 secs] [Times: user=0.77 sys=0.01, real=0.08 secs] 
2014-04-09T12:10:39.698+0900: 39.185: [GC (Allocation Failure) 39.185: [ParNew: 118016K->13056K(118016K), 0.0698775 secs] 2870768K->2782296K(25152768K), 0.0702372 secs] [Times: user=0.77 sys=0.01, real=0.07 secs] 
2014-04-09T12:10:39.845+0900: 39.331: [GC (Allocation Failure) 39.331: [ParNew: 118016K->13056K(118016K), 0.0739167 secs] 2887256K->2799380K(25152768K), 0.0742773 secs] [Times: user=0.80 sys=0.01, real=0.07 secs] 
2014-04-09T12:10:39.993+0900: 39.480: [GC (Allocation Failure) 39.480: [ParNew: 118016K->13056K(118016K), 0.0664276 secs] 2904340K->2816122K(25152768K), 0.0667854 secs] [Times: user=0.71 sys=0.02, real=0.06 secs] 
2014-04-09T12:10:40.137+0900: 39.624: [GC (Allocation Failure) 39.624: [ParNew: 118016K->13056K(118016K), 0.0739405 secs] 2921082K->2831256K(25152768K), 0.0743041 secs] [Times: user=0.80 sys=0.01, real=0.07 secs] 
2014-04-09T12:10:40.286+0900: 39.772: [GC (Allocation Failure) 39.773: [ParNew: 118016K->13056K(118016K), 0.0782362 secs] 2936216K->2848628K(25152768K), 0.0786099 secs] [Times: user=0.83 sys=0.01, real=0.08 secs] 
2014-04-09T12:10:40.442+0900: 39.929: [GC (Allocation Failure) 39.929: [ParNew: 118016K->13056K(118016K), 0.0772180 secs] 2953588K->2864639K(25152768K), 0.0775719 secs] [Times: user=0.82 sys=0.02, real=0.08 secs] 
2014-04-09T12:10:40.595+0900: 40.082: [GC (Allocation Failure) 40.082: [ParNew: 118016K->13056K(118016K), 0.0666355 secs] 2969599K->2881216K(25152768K), 0.0670137 secs] [Times: user=0.70 sys=0.02, real=0.06 secs] 
2014-04-09T12:10:40.736+0900: 40.222: [GC (Allocation Failure) 40.223: [ParNew: 118016K->13056K(118016K), 0.0782636 secs] 2986176K->2896959K(25152768K), 0.0786409 secs] [Times: user=0.84 sys=0.02, real=0.08 secs] 
2014-04-09T12:10:40.892+0900: 40.379: [GC (Allocation Failure) 40.379: [ParNew: 118016K->13056K(118016K), 0.0790436 secs] 3001919K->2914933K(25152768K), 0.0794152 secs] [Times: user=0.84 sys=0.01, real=0.08 secs] 
2014-04-09T12:10:41.049+0900: 40.536: [GC (Allocation Failure) 40.536: [ParNew: 118016K->13056K(118016K), 0.0729488 secs] 3019893K->2931328K(25152768K), 0.0733124 secs] [Times: user=0.80 sys=0.02, real=0.07 secs] 
2014-04-09T12:10:41.198+0900: 40.684: [GC (Allocation Failure) 40.685: [ParNew: 118016K->13056K(118016K), 0.0678677 secs] 3036288K->2948218K(25152768K), 0.0682276 secs] [Times: user=0.72 sys=0.01, real=0.07 secs] 
2014-04-09T12:10:41.339+0900: 40.825: [GC (Allocation Failure) 40.825: [ParNew: 118016K->13056K(118016K), 0.0804425 secs] 3053178K->2965377K(25152768K), 0.0807987 secs] [Times: user=0.87 sys=0.02, real=0.08 secs] 
2014-04-09T12:10:41.497+0900: 40.984: [GC (Allocation Failure) 40.984: [ParNew: 118016K->13056K(118016K), 0.0770733 secs] 3070337K->2983566K(25152768K), 0.0774392 secs] [Times: user=0.83 sys=0.02, real=0.08 secs] 
2014-04-09T12:10:41.653+0900: 41.139: [GC (Allocation Failure) 41.139: [ParNew: 118016K->13056K(118016K), 0.0672499 secs] 3088526K->2999387K(25152768K), 0.0676052 secs] [Times: user=0.75 sys=0.01, real=0.07 secs] 
2014-04-09T12:10:41.796+0900: 41.283: [GC (Allocation Failure) 41.283: [ParNew: 118016K->13056K(118016K), 0.0736314 secs] 3104347K->3015518K(25152768K), 0.0739949 secs] [Times: user=0.79 sys=0.01, real=0.07 secs] 
2014-04-09T12:10:41.943+0900: 41.430: [GC (Allocation Failure) 41.430: [ParNew: 118015K->13056K(118016K), 0.0771939 secs] 3120478K->3033117K(25152768K), 0.0775507 secs] [Times: user=0.82 sys=0.03, real=0.07 secs] 
2014-04-09T12:10:42.098+0900: 41.585: [GC (Allocation Failure) 41.585: [ParNew: 118016K->13056K(118016K), 0.0690740 secs] 3138077K->3051342K(25152768K), 0.0694299 secs] [Times: user=0.74 sys=0.01, real=0.07 secs] 
2014-04-09T12:10:42.242+0900: 41.729: [GC (Allocation Failure) 41.729: [ParNew: 118016K->13056K(118016K), 0.0738110 secs] 3156302K->3066804K(25152768K), 0.0741843 secs] [Times: user=0.79 sys=0.03, real=0.08 secs] 
2014-04-09T12:10:42.391+0900: 41.878: [GC (Allocation Failure) 41.878: [ParNew: 118016K->13056K(118016K), 0.0775093 secs] 3171764K->3083385K(25152768K), 0.0778764 secs] [Times: user=0.77 sys=0.01, real=0.08 secs] 
2014-04-09T12:10:42.547+0900: 42.033: [GC (Allocation Failure) 42.034: [ParNew: 118016K->13056K(118016K), 0.0734096 secs] 3188345K->3100424K(25152768K), 0.0737643 secs] [Times: user=0.78 sys=0.02, real=0.07 secs] 
2014-04-09T12:10:42.702+0900: 42.188: [GC (Allocation Failure) 42.189: [ParNew: 118016K->13056K(118016K), 0.0678018 secs] 3205384K->3117112K(25152768K), 0.0681566 secs] [Times: user=0.73 sys=0.02, real=0.07 secs] 
2014-04-09T12:10:42.854+0900: 42.341: [GC (Allocation Failure) 42.341: [ParNew: 118016K->13056K(118016K), 0.0875672 secs] 3222072K->3140594K(25152768K), 0.0879235 secs] [Times: user=1.00 sys=0.01, real=0.08 secs] 
2014-04-09T12:10:43.021+0900: 42.508: [GC (Allocation Failure) 42.508: [ParNew: 118016K->13056K(118016K), 0.0671553 secs] 3245554K->3160099K(25152768K), 0.0675318 secs] [Times: user=0.76 sys=0.02, real=0.07 secs] 
2014-04-09T12:10:43.165+0900: 42.652: [GC (Allocation Failure) 42.652: [ParNew: 118016K->13056K(118016K), 0.0789080 secs] 3265059K->3177248K(25152768K), 0.0792908 secs] [Times: user=0.87 sys=0.02, real=0.08 secs] 
2014-04-09T12:10:43.319+0900: 42.805: [GC (Allocation Failure) 42.805: [ParNew: 118016K->13056K(118016K), 0.0813509 secs] 3282208K->3192330K(25152768K), 0.0817270 secs] [Times: user=0.88 sys=0.01, real=0.08 secs] 
2014-04-09T12:10:43.477+0900: 42.964: [GC (Allocation Failure) 42.964: [ParNew: 118016K->13056K(118016K), 0.0778337 secs] 3297290K->3208774K(25152768K), 0.0782178 secs] [Times: user=0.88 sys=0.02, real=0.08 secs] 
2014-04-09T12:10:43.631+0900: 43.118: [GC (Allocation Failure) 43.118: [ParNew: 118016K->13056K(118016K), 0.0717575 secs] 3313734K->3227647K(25152768K), 0.0721372 secs] [Times: user=0.77 sys=0.01, real=0.07 secs] 
2014-04-09T12:10:43.780+0900: 43.267: [GC (Allocation Failure) 43.267: [ParNew: 118016K->13056K(118016K), 0.0709375 secs] 3332607K->3241701K(25152768K), 0.0713131 secs] [Times: user=0.79 sys=0.02, real=0.07 secs] 
2014-04-09T12:10:43.928+0900: 43.414: [GC (Allocation Failure) 43.414: [ParNew: 118016K->13056K(118016K), 0.0768601 secs] 3346661K->3260049K(25152768K), 0.0772273 secs] [Times: user=0.81 sys=0.02, real=0.08 secs] 
2014-04-09T12:10:44.079+0900: 43.566: [GC (Allocation Failure) 43.566: [ParNew: 118016K->13056K(118016K), 0.0688067 secs] 3365009K->3276143K(25152768K), 0.0691883 secs] [Times: user=0.72 sys=0.02, real=0.07 secs] 
2014-04-09T12:10:44.225+0900: 43.712: [GC (Allocation Failure) 43.712: [ParNew: 118016K->13056K(118016K), 0.0746666 secs] 3381103K->3293276K(25152768K), 0.0750414 secs] [Times: user=0.81 sys=0.01, real=0.07 secs] 
2014-04-09T12:10:44.376+0900: 43.863: [GC (Allocation Failure) 43.863: [ParNew: 118016K->13056K(118016K), 0.0696788 secs] 3398236K->3309477K(25152768K), 0.0700421 secs] [Times: user=0.73 sys=0.02, real=0.07 secs] 
2014-04-09T12:10:44.519+0900: 44.005: [GC (Allocation Failure) 44.005: [ParNew: 118016K->13056K(118016K), 0.0752531 secs] 3414437K->3326405K(25152768K), 0.0756089 secs] [Times: user=0.83 sys=0.01, real=0.07 secs] 
2014-04-09T12:10:44.670+0900: 44.157: [GC (Allocation Failure) 44.157: [ParNew: 118016K->13056K(118016K), 0.0707637 secs] 3431365K->3344139K(25152768K), 0.0711255 secs] [Times: user=0.77 sys=0.02, real=0.07 secs] 
2014-04-09T12:10:44.818+0900: 44.304: [GC (Allocation Failure) 44.305: [ParNew: 118016K->13056K(118016K), 0.0630000 secs] 3449099K->3359702K(25152768K), 0.0633628 secs] [Times: user=0.70 sys=0.01, real=0.06 secs] 
2014-04-09T12:10:44.958+0900: 44.445: [GC (Allocation Failure) 44.445: [ParNew: 118016K->13056K(118016K), 0.0730114 secs] 3464662K->3376512K(25152768K), 0.0733769 secs] [Times: user=0.80 sys=0.02, real=0.07 secs] 
2014-04-09T12:10:45.105+0900: 44.591: [GC (Allocation Failure) 44.592: [ParNew: 118016K->13056K(118016K), 0.0759985 secs] 3481472K->3392365K(25152768K), 0.0763617 secs] [Times: user=0.86 sys=0.02, real=0.07 secs] 
2014-04-09T12:10:45.257+0900: 44.743: [GC (Allocation Failure) 44.744: [ParNew: 118016K->13056K(118016K), 0.0711120 secs] 3497325K->3410297K(25152768K), 0.0714806 secs] [Times: user=0.74 sys=0.01, real=0.07 secs] 
2014-04-09T12:10:45.408+0900: 44.895: [GC (Allocation Failure) 44.895: [ParNew: 118016K->13056K(118016K), 0.0698146 secs] 3515257K->3426758K(25152768K), 0.0701806 secs] [Times: user=0.75 sys=0.02, real=0.07 secs] 
2014-04-09T12:10:45.555+0900: 45.041: [GC (Allocation Failure) 45.041: [ParNew: 118016K->13056K(118016K), 0.0680256 secs] 3531718K->3443000K(25152768K), 0.0683851 secs] [Times: user=0.74 sys=0.01, real=0.06 secs] 
2014-04-09T12:10:45.694+0900: 45.181: [GC (Allocation Failure) 45.181: [ParNew: 118016K->13056K(118016K), 0.0656912 secs] 3547960K->3458666K(25152768K), 0.0660615 secs] [Times: user=0.70 sys=0.02, real=0.07 secs] 
2014-04-09T12:10:45.837+0900: 45.324: [GC (Allocation Failure) 45.324: [ParNew: 118016K->13056K(118016K), 0.0761429 secs] 3563626K->3474630K(25152768K), 0.0764958 secs] [Times: user=0.85 sys=0.02, real=0.07 secs] 
2014-04-09T12:10:45.996+0900: 45.483: [GC (Allocation Failure) 45.483: [ParNew: 118016K->13056K(118016K), 0.0752165 secs] 3579590K->3491457K(25152768K), 0.0755703 secs] [Times: user=0.82 sys=0.02, real=0.07 secs] 
2014-04-09T12:10:46.149+0900: 45.635: [GC (Allocation Failure) 45.635: [ParNew: 118016K->13056K(118016K), 0.0720196 secs] 3596417K->3510527K(25152768K), 0.0723760 secs] [Times: user=0.74 sys=0.02, real=0.07 secs] 
2014-04-09T12:10:46.296+0900: 45.782: [GC (Allocation Failure) 45.782: [ParNew: 118016K->13056K(118016K), 0.0696311 secs] 3615487K->3526230K(25152768K), 0.0700046 secs] [Times: user=0.76 sys=0.02, real=0.07 secs] 
2014-04-09T12:10:46.441+0900: 45.928: [GC (Allocation Failure) 45.928: [ParNew: 118016K->13056K(118016K), 0.0751013 secs] 3631190K->3542827K(25152768K), 0.0754574 secs] [Times: user=0.81 sys=0.02, real=0.08 secs] 
2014-04-09T12:10:46.595+0900: 46.081: [GC (Allocation Failure) 46.081: [ParNew: 118016K->13056K(118016K), 0.0734283 secs] 3647787K->3560217K(25152768K), 0.0737932 secs] [Times: user=0.78 sys=0.01, real=0.07 secs] 
2014-04-09T12:10:46.743+0900: 46.230: [GC (Allocation Failure) 46.230: [ParNew: 118016K->13056K(118016K), 0.0713280 secs] 3665177K->3575934K(25152768K), 0.0716938 secs] [Times: user=0.79 sys=0.01, real=0.08 secs] 
2014-04-09T12:10:46.895+0900: 46.381: [GC (Allocation Failure) 46.381: [ParNew: 118016K->13056K(118016K), 0.0633765 secs] 3680894K->3592136K(25152768K), 0.0637422 secs] [Times: user=0.69 sys=0.01, real=0.06 secs] 
2014-04-09T12:10:47.039+0900: 46.526: [GC (Allocation Failure) 46.526: [ParNew: 118016K->13056K(118016K), 0.0721572 secs] 3697096K->3607731K(25152768K), 0.0725100 secs] [Times: user=0.79 sys=0.02, real=0.07 secs] 
2014-04-09T12:10:47.186+0900: 46.673: [GC (Allocation Failure) 46.673: [ParNew: 118016K->13056K(118016K), 0.0717748 secs] 3712691K->3624399K(25152768K), 0.0721299 secs] [Times: user=0.78 sys=0.02, real=0.07 secs] 
2014-04-09T12:10:47.330+0900: 46.816: [GC (Allocation Failure) 46.816: [ParNew: 118016K->13056K(118016K), 0.0782202 secs] 3729359K->3641196K(25152768K), 0.0785824 secs] [Times: user=0.85 sys=0.02, real=0.08 secs] 
2014-04-09T12:10:47.486+0900: 46.972: [GC (Allocation Failure) 46.973: [ParNew: 118016K->13056K(118016K), 0.0657394 secs] 3746156K->3658409K(25152768K), 0.0660943 secs] [Times: user=0.70 sys=0.02, real=0.06 secs] 
2014-04-09T12:10:47.628+0900: 47.115: [GC (Allocation Failure) 47.115: [ParNew: 118016K->13056K(118016K), 0.0740274 secs] 3763369K->3673627K(25152768K), 0.0743845 secs] [Times: user=0.84 sys=0.01, real=0.07 secs] 
2014-04-09T12:10:47.777+0900: 47.264: [GC (Allocation Failure) 47.264: [ParNew: 118016K->13056K(118016K), 0.0767178 secs] 3778587K->3691084K(25152768K), 0.0770740 secs] [Times: user=0.81 sys=0.02, real=0.08 secs] 
2014-04-09T12:10:47.928+0900: 47.415: [GC (Allocation Failure) 47.415: [ParNew: 118016K->13056K(118016K), 0.0659735 secs] 3796044K->3707318K(25152768K), 0.0663362 secs] [Times: user=0.71 sys=0.01, real=0.07 secs] 
2014-04-09T12:10:48.068+0900: 47.554: [GC (Allocation Failure) 47.555: [ParNew: 118016K->13056K(118016K), 0.0758590 secs] 3812278K->3722678K(25152768K), 0.0762133 secs] [Times: user=0.83 sys=0.02, real=0.07 secs] 
2014-04-09T12:10:48.224+0900: 47.710: [GC (Allocation Failure) 47.710: [ParNew: 118016K->13056K(118016K), 0.0721215 secs] 3827638K->3740342K(25152768K), 0.0724780 secs] [Times: user=0.76 sys=0.02, real=0.08 secs] 
2014-04-09T12:10:48.369+0900: 47.856: [GC (Allocation Failure) 47.856: [ParNew: 118016K->13056K(118016K), 0.0713794 secs] 3845302K->3756681K(25152768K), 0.0717410 secs] [Times: user=0.78 sys=0.02, real=0.07 secs] 
2014-04-09T12:10:48.517+0900: 48.004: [GC (Allocation Failure) 48.004: [ParNew: 118016K->13056K(118016K), 0.0734556 secs] 3861641K->3771693K(25152768K), 0.0738214 secs] [Times: user=0.79 sys=0.02, real=0.07 secs] 
2014-04-09T12:10:48.668+0900: 48.154: [GC (Allocation Failure) 48.155: [ParNew: 118016K->13056K(118016K), 0.0784099 secs] 3876653K->3789173K(25152768K), 0.0787810 secs] [Times: user=0.83 sys=0.02, real=0.08 secs] 
2014-04-09T12:10:48.821+0900: 48.308: [GC (Allocation Failure) 48.308: [ParNew: 118016K->13056K(118016K), 0.0738759 secs] 3894133K->3807280K(25152768K), 0.0742695 secs] [Times: user=0.82 sys=0.02, real=0.08 secs] 
2014-04-09T12:10:48.973+0900: 48.459: [GC (Allocation Failure) 48.459: [ParNew: 118016K->13056K(118016K), 0.0770472 secs] 3912240K->3822377K(25152768K), 0.0774105 secs] [Times: user=0.82 sys=0.02, real=0.08 secs] 
2014-04-09T12:10:49.124+0900: 48.610: [GC (Allocation Failure) 48.610: [ParNew: 118016K->13056K(118016K), 0.0667363 secs] 3927337K->3839784K(25152768K), 0.0671007 secs] [Times: user=0.69 sys=0.02, real=0.07 secs] 
2014-04-09T12:10:49.269+0900: 48.755: [GC (Allocation Failure) 48.756: [ParNew: 118016K->13056K(118016K), 0.0729907 secs] 3944744K->3857252K(25152768K), 0.0733476 secs] [Times: user=0.81 sys=0.01, real=0.07 secs] 
2014-04-09T12:10:49.416+0900: 48.902: [GC (Allocation Failure) 48.902: [ParNew: 118016K->13056K(118016K), 0.0725479 secs] 3962212K->3875681K(25152768K), 0.0728999 secs] [Times: user=0.78 sys=0.02, real=0.07 secs] 
2014-04-09T12:10:49.564+0900: 49.051: [GC (Allocation Failure) 49.051: [ParNew: 118016K->13056K(118016K), 0.0722795 secs] 3980641K->3891959K(25152768K), 0.0726474 secs] [Times: user=0.76 sys=0.02, real=0.07 secs] 
2014-04-09T12:10:49.708+0900: 49.194: [GC (Allocation Failure) 49.194: [ParNew: 118016K->13056K(118016K), 0.0723581 secs] 3996919K->3907416K(25152768K), 0.0727260 secs] [Times: user=0.78 sys=0.01, real=0.07 secs] 
2014-04-09T12:10:49.857+0900: 49.343: [GC (Allocation Failure) 49.343: [ParNew: 118016K->13056K(118016K), 0.0782050 secs] 4012376K->3925897K(25152768K), 0.0785728 secs] [Times: user=0.83 sys=0.01, real=0.07 secs] 
2014-04-09T12:10:50.010+0900: 49.496: [GC (Allocation Failure) 49.496: [ParNew: 118016K->13056K(118016K), 0.0760110 secs] 4030857K->3941508K(25152768K), 0.0763746 secs] [Times: user=0.83 sys=0.02, real=0.08 secs] 
2014-04-09T12:10:50.160+0900: 49.647: [GC (Allocation Failure) 49.647: [ParNew: 118016K->13056K(118016K), 0.0738163 secs] 4046468K->3957993K(25152768K), 0.0741903 secs] [Times: user=0.81 sys=0.03, real=0.07 secs] 
2014-04-09T12:10:50.312+0900: 49.798: [GC (Allocation Failure) 49.798: [ParNew: 118016K->13056K(118016K), 0.0754106 secs] 4062953K->3975343K(25152768K), 0.0757744 secs] [Times: user=0.80 sys=0.02, real=0.08 secs] 
2014-04-09T12:10:50.462+0900: 49.949: [GC (Allocation Failure) 49.949: [ParNew: 118016K->13056K(118016K), 0.0766498 secs] 4080303K->3991648K(25152768K), 0.0770063 secs] [Times: user=0.84 sys=0.01, real=0.08 secs] 
2014-04-09T12:10:50.614+0900: 50.100: [GC (Allocation Failure) 50.100: [ParNew: 118016K->13056K(118016K), 0.0664193 secs] 4096608K->4009355K(25152768K), 0.0667781 secs] [Times: user=0.69 sys=0.02, real=0.07 secs] 
2014-04-09T12:10:50.754+0900: 50.240: [GC (Allocation Failure) 50.241: [ParNew: 118016K->13056K(118016K), 0.0718446 secs] 4114315K->4024721K(25152768K), 0.0721994 secs] [Times: user=0.76 sys=0.02, real=0.08 secs] 
2014-04-09T12:10:50.902+0900: 50.388: [GC (Allocation Failure) 50.389: [ParNew: 118016K->13056K(118016K), 0.0752034 secs] 4129681K->4040778K(25152768K), 0.0755711 secs] [Times: user=0.82 sys=0.02, real=0.08 secs] 
2014-04-09T12:10:51.050+0900: 50.537: [GC (Allocation Failure) 50.537: [ParNew: 118016K->13056K(118016K), 0.0730119 secs] 4145738K->4057794K(25152768K), 0.0733680 secs] [Times: user=0.74 sys=0.03, real=0.07 secs] 
2014-04-09T12:10:51.202+0900: 50.688: [GC (Allocation Failure) 50.688: [ParNew: 118016K->13056K(118016K), 0.0764438 secs] 4162754K->4073426K(25152768K), 0.0767969 secs] [Times: user=0.81 sys=0.03, real=0.08 secs] 
2014-04-09T12:10:51.354+0900: 50.841: [GC (Allocation Failure) 50.841: [ParNew: 118016K->13056K(118016K), 0.0716513 secs] 4178386K->4090601K(25152768K), 0.0720234 secs] [Times: user=0.79 sys=0.01, real=0.08 secs] 
2014-04-09T12:10:51.502+0900: 50.989: [GC (Allocation Failure) 50.989: [ParNew: 118016K->13056K(118016K), 0.0739417 secs] 4195561K->4107262K(25152768K), 0.0743069 secs] [Times: user=0.78 sys=0.01, real=0.08 secs] 
2014-04-09T12:10:51.652+0900: 51.138: [GC (Allocation Failure) 51.138: [ParNew: 118016K->13056K(118016K), 0.0669657 secs] 4212222K->4124483K(25152768K), 0.0673244 secs] [Times: user=0.71 sys=0.02, real=0.07 secs] 
2014-04-09T12:10:51.798+0900: 51.285: [GC (Allocation Failure) 51.285: [ParNew: 118016K->13056K(118016K), 0.0772939 secs] 4229443K->4140021K(25152768K), 0.0776507 secs] [Times: user=0.84 sys=0.02, real=0.08 secs] 
2014-04-09T12:10:51.949+0900: 51.435: [GC (Allocation Failure) 51.436: [ParNew: 118016K->13056K(118016K), 0.0760595 secs] 4244981K->4157492K(25152768K), 0.0764180 secs] [Times: user=0.81 sys=0.02, real=0.08 secs] 
2014-04-09T12:10:52.100+0900: 51.587: [GC (Allocation Failure) 51.587: [ParNew: 118016K->13056K(118016K), 0.0683626 secs] 4262452K->4173354K(25152768K), 0.0687228 secs] [Times: user=0.74 sys=0.02, real=0.07 secs] 
2014-04-09T12:10:52.246+0900: 51.732: [GC (Allocation Failure) 51.732: [ParNew: 118016K->13056K(118016K), 0.0760265 secs] 4278314K->4190240K(25152768K), 0.0763799 secs] [Times: user=0.83 sys=0.01, real=0.07 secs] 
2014-04-09T12:10:52.399+0900: 51.886: [GC (Allocation Failure) 51.886: [ParNew: 118016K->13056K(118016K), 0.0746946 secs] 4295200K->4208016K(25152768K), 0.0750600 secs] [Times: user=0.80 sys=0.01, real=0.07 secs] 
2014-04-09T12:10:52.546+0900: 52.033: [GC (Allocation Failure) 52.033: [ParNew: 118016K->13056K(118016K), 0.0738209 secs] 4312976K->4224917K(25152768K), 0.0741760 secs] [Times: user=0.79 sys=0.02, real=0.07 secs] 
2014-04-09T12:10:52.698+0900: 52.185: [GC (Allocation Failure) 52.185: [ParNew: 118016K->13056K(118016K), 0.0739514 secs] 4329877K->4240771K(25152768K), 0.0743134 secs] [Times: user=0.78 sys=0.02, real=0.07 secs] 
2014-04-09T12:10:52.851+0900: 52.337: [GC (Allocation Failure) 52.338: [ParNew: 118016K->13056K(118016K), 0.0815151 secs] 4345731K->4256813K(25152768K), 0.0818700 secs] [Times: user=0.87 sys=0.02, real=0.08 secs] 
2014-04-09T12:10:53.010+0900: 52.497: [GC (Allocation Failure) 52.497: [ParNew: 118016K->13056K(118016K), 0.0747214 secs] 4361773K->4275068K(25152768K), 0.0750843 secs] [Times: user=0.72 sys=0.02, real=0.08 secs] 
2014-04-09T12:10:53.161+0900: 52.647: [GC (Allocation Failure) 52.647: [ParNew: 118015K->13056K(118016K), 0.0664295 secs] 4380028K->4290927K(25152768K), 0.0667928 secs] [Times: user=0.72 sys=0.02, real=0.07 secs] 
2014-04-09T12:10:53.301+0900: 52.787: [GC (Allocation Failure) 52.787: [ParNew: 117945K->13056K(118016K), 0.0708053 secs] 4395816K->4308856K(25152768K), 0.0711662 secs] [Times: user=0.76 sys=0.01, real=0.07 secs] 
2014-04-09T12:10:53.446+0900: 52.932: [GC (Allocation Failure) 52.933: [ParNew: 118015K->13056K(118016K), 0.0738514 secs] 4413816K->4325320K(25152768K), 0.0742085 secs] [Times: user=0.81 sys=0.02, real=0.07 secs] 
2014-04-09T12:10:53.594+0900: 53.080: [GC (Allocation Failure) 53.081: [ParNew: 118016K->13056K(118016K), 0.0684518 secs] 4430280K->4343650K(25152768K), 0.0688062 secs] [Times: user=0.72 sys=0.02, real=0.07 secs] 
2014-04-09T12:10:53.735+0900: 53.222: [GC (Allocation Failure) 53.222: [ParNew: 118010K->13056K(118016K), 0.0779326 secs] 4448604K->4359031K(25152768K), 0.0782864 secs] [Times: user=0.85 sys=0.03, real=0.08 secs] 
2014-04-09T12:10:53.886+0900: 53.373: [GC (Allocation Failure) 53.373: [ParNew: 118016K->13056K(118016K), 0.0746200 secs] 4463991K->4375842K(25152768K), 0.0749808 secs] [Times: user=0.82 sys=0.01, real=0.07 secs] 
2014-04-09T12:10:54.034+0900: 53.521: [GC (Allocation Failure) 53.521: [ParNew: 118016K->13056K(118016K), 0.0680590 secs] 4480802K->4393281K(25152768K), 0.0684135 secs] [Times: user=0.71 sys=0.02, real=0.07 secs] 
2014-04-09T12:10:54.177+0900: 53.664: [GC (Allocation Failure) 53.664: [ParNew: 118016K->13056K(118016K), 0.0676984 secs] 4498241K->4408270K(25152768K), 0.0680641 secs] [Times: user=0.74 sys=0.00, real=0.07 secs] 
2014-04-09T12:10:54.319+0900: 53.806: [GC (Allocation Failure) 53.806: [ParNew: 118016K->13056K(118016K), 0.0754703 secs] 4513230K->4425646K(25152768K), 0.0758330 secs] [Times: user=0.80 sys=0.02, real=0.07 secs] 
2014-04-09T12:10:54.468+0900: 53.955: [GC (Allocation Failure) 53.955: [ParNew: 118016K->13056K(118016K), 0.0611405 secs] 4530606K->4442147K(25152768K), 0.0614969 secs] [Times: user=0.65 sys=0.01, real=0.06 secs] 
2014-04-09T12:10:54.605+0900: 54.092: [GC (Allocation Failure) 54.092: [ParNew: 118016K->13056K(118016K), 0.0723266 secs] 4547107K->4459101K(25152768K), 0.0726801 secs] [Times: user=0.79 sys=0.03, real=0.08 secs] 
2014-04-09T12:10:54.753+0900: 54.240: [GC (Allocation Failure) 54.240: [ParNew: 118016K->13056K(118016K), 0.0746214 secs] 4564061K->4475588K(25152768K), 0.0749823 secs] [Times: user=0.80 sys=0.02, real=0.08 secs] 
2014-04-09T12:10:54.902+0900: 54.388: [GC (Allocation Failure) 54.388: [ParNew: 118016K->13056K(118016K), 0.0766813 secs] 4580548K->4492981K(25152768K), 0.0770355 secs] [Times: user=0.84 sys=0.02, real=0.08 secs] 
2014-04-09T12:10:55.052+0900: 54.539: [GC (Allocation Failure) 54.539: [ParNew: 118016K->13056K(118016K), 0.0757915 secs] 4597941K->4509324K(25152768K), 0.0761549 secs] [Times: user=0.81 sys=0.03, real=0.08 secs] 
2014-04-09T12:10:55.205+0900: 54.691: [GC (Allocation Failure) 54.691: [ParNew: 118016K->13056K(118016K), 0.0726037 secs] 4614284K->4525151K(25152768K), 0.0729680 secs] [Times: user=0.78 sys=0.02, real=0.08 secs] 
2014-04-09T12:10:55.354+0900: 54.841: [GC (Allocation Failure) 54.841: [ParNew: 118016K->13056K(118016K), 0.0720414 secs] 4630111K->4542913K(25152768K), 0.0724065 secs] [Times: user=0.76 sys=0.02, real=0.08 secs] 
2014-04-09T12:10:55.502+0900: 54.988: [GC (Allocation Failure) 54.988: [ParNew: 118016K->13056K(118016K), 0.0735414 secs] 4647873K->4558307K(25152768K), 0.0739035 secs] [Times: user=0.80 sys=0.03, real=0.08 secs] 
2014-04-09T12:10:55.655+0900: 55.142: [GC (Allocation Failure) 55.142: [ParNew: 118016K->13056K(118016K), 0.0695260 secs] 4663267K->4576166K(25152768K), 0.0698897 secs] [Times: user=0.75 sys=0.01, real=0.07 secs] 
2014-04-09T12:10:55.799+0900: 55.286: [GC (Allocation Failure) 55.286: [ParNew: 118016K->13056K(118016K), 0.0764142 secs] 4681126K->4591376K(25152768K), 0.0767703 secs] [Times: user=0.84 sys=0.02, real=0.08 secs] 
2014-04-09T12:10:55.953+0900: 55.440: [GC (Allocation Failure) 55.440: [ParNew: 118016K->13056K(118016K), 0.0751863 secs] 4696336K->4608780K(25152768K), 0.0755389 secs] [Times: user=0.81 sys=0.01, real=0.08 secs] 
2014-04-09T12:10:56.099+0900: 55.585: [GC (Allocation Failure) 55.585: [ParNew: 118016K->13056K(118016K), 0.0753800 secs] 4713740K->4627073K(25152768K), 0.0757318 secs] [Times: user=0.81 sys=0.02, real=0.07 secs] 
2014-04-09T12:10:56.247+0900: 55.734: [GC (Allocation Failure) 55.734: [ParNew: 118016K->13056K(118016K), 0.0697818 secs] 4732033K->4641844K(25152768K), 0.0701534 secs] [Times: user=0.75 sys=0.02, real=0.07 secs] 
2014-04-09T12:10:56.394+0900: 55.880: [GC (Allocation Failure) 55.880: [ParNew: 118016K->13056K(118016K), 0.0634027 secs] 4746804K->4658740K(25152768K), 0.0637679 secs] [Times: user=0.64 sys=0.02, real=0.07 secs] 
2014-04-09T12:10:56.536+0900: 56.022: [GC (Allocation Failure) 56.022: [ParNew: 118016K->13056K(118016K), 0.0780928 secs] 4763700K->4675358K(25152768K), 0.0784451 secs] [Times: user=0.84 sys=0.02, real=0.08 secs] 
2014-04-09T12:10:56.687+0900: 56.173: [GC (Allocation Failure) 56.173: [ParNew: 117911K->13056K(118016K), 0.0721357 secs] 4780213K->4693276K(25152768K), 0.0724889 secs] [Times: user=0.77 sys=0.02, real=0.07 secs] 
2014-04-09T12:10:56.833+0900: 56.320: [GC (Allocation Failure) 56.320: [ParNew: 118016K->13056K(118016K), 0.0738260 secs] 4798236K->4709250K(25152768K), 0.0741827 secs] [Times: user=0.81 sys=0.03, real=0.08 secs] 
2014-04-09T12:10:56.983+0900: 56.470: [GC (Allocation Failure) 56.470: [ParNew: 118016K->13056K(118016K), 0.0650012 secs] 4814210K->4725729K(25152768K), 0.0653592 secs] [Times: user=0.69 sys=0.01, real=0.07 secs] 
2014-04-09T12:10:57.126+0900: 56.613: [GC (Allocation Failure) 56.613: [ParNew: 118016K->13056K(118016K), 0.0723176 secs] 4830689K->4742929K(25152768K), 0.0726698 secs] [Times: user=0.78 sys=0.02, real=0.07 secs] 
2014-04-09T12:10:57.274+0900: 56.760: [GC (Allocation Failure) 56.760: [ParNew: 118016K->13056K(118016K), 0.0735573 secs] 4847889K->4758925K(25152768K), 0.0739131 secs] [Times: user=0.81 sys=0.02, real=0.08 secs] 
2014-04-09T12:10:57.423+0900: 56.910: [GC (Allocation Failure) 56.910: [ParNew: 118016K->13056K(118016K), 0.0724451 secs] 4863885K->4775924K(25152768K), 0.0728050 secs] [Times: user=0.76 sys=0.02, real=0.07 secs] 
2014-04-09T12:10:57.573+0900: 57.060: [GC (Allocation Failure) 57.060: [ParNew: 118016K->13056K(118016K), 0.0721650 secs] 4880884K->4792472K(25152768K), 0.0725190 secs] [Times: user=0.77 sys=0.02, real=0.07 secs] 
2014-04-09T12:10:57.725+0900: 57.211: [GC (Allocation Failure) 57.211: [ParNew: 118016K->13056K(118016K), 0.0712954 secs] 4897432K->4809753K(25152768K), 0.0716699 secs] [Times: user=0.75 sys=0.01, real=0.08 secs] 
2014-04-09T12:10:57.869+0900: 57.356: [GC (Allocation Failure) 57.356: [ParNew: 118016K->13056K(118016K), 0.0654807 secs] 4914713K->4825623K(25152768K), 0.0658366 secs] [Times: user=0.70 sys=0.01, real=0.06 secs] 
2014-04-09T12:10:58.013+0900: 57.499: [GC (Allocation Failure) 57.499: [ParNew: 118016K->13056K(118016K), 0.0734023 secs] 4930583K->4841697K(25152768K), 0.0737598 secs] [Times: user=0.79 sys=0.02, real=0.08 secs] 
2014-04-09T12:10:58.163+0900: 57.650: [GC (Allocation Failure) 57.650: [ParNew: 118016K->13056K(118016K), 0.0825108 secs] 4946657K->4859677K(25152768K), 0.0828680 secs] [Times: user=0.75 sys=0.02, real=0.08 secs] 
2014-04-09T12:10:58.317+0900: 57.803: [GC (Allocation Failure) 57.803: [ParNew: 118016K->13056K(118016K), 0.0757504 secs] 4964637K->4873851K(25152768K), 0.0761092 secs] [Times: user=0.82 sys=0.02, real=0.07 secs] 
2014-04-09T12:10:58.472+0900: 57.958: [GC (Allocation Failure) 57.958: [ParNew: 118016K->13056K(118016K), 0.0660055 secs] 4978811K->4891426K(25152768K), 0.0663567 secs] [Times: user=0.71 sys=0.01, real=0.07 secs] 
2014-04-09T12:10:58.611+0900: 58.098: [GC (Allocation Failure) 58.098: [ParNew: 117982K->13056K(118016K), 0.0697872 secs] 4996353K->4908956K(25152768K), 0.0701419 secs] [Times: user=0.73 sys=0.03, real=0.07 secs] 
2014-04-09T12:10:58.757+0900: 58.243: [GC (Allocation Failure) 58.243: [ParNew: 118016K->13056K(118016K), 0.0668021 secs] 5013916K->4925227K(25152768K), 0.0671628 secs] [Times: user=0.67 sys=0.02, real=0.06 secs] 
2014-04-09T12:10:58.901+0900: 58.388: [GC (Allocation Failure) 58.388: [ParNew: 118016K->13056K(118016K), 0.0747028 secs] 5030187K->4941647K(25152768K), 0.0750664 secs] [Times: user=0.80 sys=0.02, real=0.08 secs] 
2014-04-09T12:10:59.050+0900: 58.537: [GC (Allocation Failure) 58.537: [ParNew: 118016K->13056K(118016K), 0.0758711 secs] 5046607K->4959926K(25152768K), 0.0762386 secs] [Times: user=0.80 sys=0.02, real=0.08 secs] 
2014-04-09T12:10:59.198+0900: 58.685: [GC (Allocation Failure) 58.685: [ParNew: 118016K->13056K(118016K), 0.0726563 secs] 5064886K->4975406K(25152768K), 0.0730141 secs] [Times: user=0.78 sys=0.02, real=0.07 secs] 
2014-04-09T12:10:59.347+0900: 58.834: [GC (Allocation Failure) 58.834: [ParNew: 118016K->13056K(118016K), 0.0741044 secs] 5080366K->4991456K(25152768K), 0.0744606 secs] [Times: user=0.80 sys=0.01, real=0.07 secs] 
2014-04-09T12:10:59.499+0900: 58.985: [GC (Allocation Failure) 58.986: [ParNew: 118016K->13056K(118016K), 0.0697951 secs] 5096416K->5008105K(25152768K), 0.0701549 secs] [Times: user=0.77 sys=0.02, real=0.07 secs] 
2014-04-09T12:10:59.647+0900: 59.133: [GC (Allocation Failure) 59.133: [ParNew: 118016K->13056K(118016K), 0.0688837 secs] 5113065K->5026220K(25152768K), 0.0692405 secs] [Times: user=0.73 sys=0.02, real=0.06 secs] 
2014-04-09T12:10:59.793+0900: 59.280: [GC (Allocation Failure) 59.280: [ParNew: 118016K->13056K(118016K), 0.0696487 secs] 5131180K->5042451K(25152768K), 0.0700108 secs] [Times: user=0.77 sys=0.01, real=0.07 secs] 
2014-04-09T12:10:59.940+0900: 59.426: [GC (Allocation Failure) 59.427: [ParNew: 118016K->13056K(118016K), 0.0685872 secs] 5147411K->5059722K(25152768K), 0.0689474 secs] [Times: user=0.72 sys=0.01, real=0.07 secs] 
2014-04-09T12:11:00.084+0900: 59.570: [GC (Allocation Failure) 59.571: [ParNew: 118016K->13056K(118016K), 0.0721996 secs] 5164682K->5076081K(25152768K), 0.0725567 secs] [Times: user=0.78 sys=0.02, real=0.08 secs] 
2014-04-09T12:11:00.230+0900: 59.716: [GC (Allocation Failure) 59.717: [ParNew: 118016K->13056K(118016K), 0.0706858 secs] 5181041K->5092043K(25152768K), 0.0710449 secs] [Times: user=0.76 sys=0.01, real=0.07 secs] 
2014-04-09T12:11:00.376+0900: 59.862: [GC (Allocation Failure) 59.862: [ParNew: 118016K->13056K(118016K), 0.0696587 secs] 5197003K->5107217K(25152768K), 0.0700167 secs] [Times: user=0.73 sys=0.02, real=0.07 secs] 
2014-04-09T12:11:00.521+0900: 60.008: [GC (Allocation Failure) 60.008: [ParNew: 118016K->13056K(118016K), 0.0732567 secs] 5212177K->5124578K(25152768K), 0.0736384 secs] [Times: user=0.78 sys=0.02, real=0.07 secs] 
2014-04-09T12:11:00.672+0900: 60.158: [GC (Allocation Failure) 60.159: [ParNew: 118016K->13056K(118016K), 0.0678172 secs] 5229538K->5142166K(25152768K), 0.0681774 secs] [Times: user=0.75 sys=0.01, real=0.07 secs] 
2014-04-09T12:11:00.816+0900: 60.302: [GC (Allocation Failure) 60.303: [ParNew: 118016K->13056K(118016K), 0.0707435 secs] 5247126K->5158681K(25152768K), 0.0710984 secs] [Times: user=0.73 sys=0.01, real=0.08 secs] 
2014-04-09T12:11:00.960+0900: 60.446: [GC (Allocation Failure) 60.446: [ParNew: 118016K->13056K(118016K), 0.0735222 secs] 5263641K->5174882K(25152768K), 0.0738906 secs] [Times: user=0.78 sys=0.04, real=0.07 secs] 
2014-04-09T12:11:01.108+0900: 60.595: [GC (Allocation Failure) 60.595: [ParNew: 118016K->13056K(118016K), 0.0672286 secs] 5279842K->5192121K(25152768K), 0.0675835 secs] [Times: user=0.71 sys=0.02, real=0.06 secs] 
2014-04-09T12:11:01.247+0900: 60.734: [GC (Allocation Failure) 60.734: [ParNew: 118016K->13056K(118016K), 0.0748649 secs] 5297081K->5209584K(25152768K), 0.0752325 secs] [Times: user=0.78 sys=0.02, real=0.07 secs] 
2014-04-09T12:11:01.403+0900: 60.889: [GC (Allocation Failure) 60.890: [ParNew: 118016K->13056K(118016K), 0.0695589 secs] 5314544K->5224970K(25152768K), 0.0699144 secs] [Times: user=0.75 sys=0.02, real=0.07 secs] 
2014-04-09T12:11:01.547+0900: 61.034: [GC (Allocation Failure) 61.034: [ParNew: 118016K->13056K(118016K), 0.0740300 secs] 5329930K->5241439K(25152768K), 0.0743913 secs] [Times: user=0.78 sys=0.02, real=0.07 secs] 
2014-04-09T12:11:01.698+0900: 61.184: [GC (Allocation Failure) 61.185: [ParNew: 118016K->13056K(118016K), 0.0759763 secs] 5346399K->5258696K(25152768K), 0.0763341 secs] [Times: user=0.82 sys=0.01, real=0.07 secs] 
2014-04-09T12:11:01.850+0900: 61.336: [GC (Allocation Failure) 61.336: [ParNew: 118016K->13056K(118016K), 0.0666350 secs] 5363656K->5277324K(25152768K), 0.0669926 secs] [Times: user=0.71 sys=0.01, real=0.07 secs] 
2014-04-09T12:11:01.992+0900: 61.478: [GC (Allocation Failure) 61.479: [ParNew: 118016K->13056K(118016K), 0.0653457 secs] 5382284K->5292787K(25152768K), 0.0657000 secs] [Times: user=0.70 sys=0.01, real=0.07 secs] 
2014-04-09T12:11:02.141+0900: 61.627: [GC (Allocation Failure) 61.628: [ParNew: 118016K->13056K(118016K), 0.0723892 secs] 5397747K->5309221K(25152768K), 0.0727413 secs] [Times: user=0.78 sys=0.02, real=0.07 secs] 
2014-04-09T12:11:02.285+0900: 61.771: [GC (Allocation Failure) 61.771: [ParNew: 118016K->13056K(118016K), 0.0738143 secs] 5414181K->5326582K(25152768K), 0.0741733 secs] [Times: user=0.79 sys=0.02, real=0.08 secs] 
2014-04-09T12:11:02.436+0900: 61.922: [GC (Allocation Failure) 61.922: [ParNew: 118016K->13056K(118016K), 0.0747996 secs] 5431542K->5341878K(25152768K), 0.0751543 secs] [Times: user=0.80 sys=0.02, real=0.08 secs] 
2014-04-09T12:11:02.596+0900: 62.082: [GC (Allocation Failure) 62.082: [ParNew: 118016K->13056K(118016K), 0.0720112 secs] 5446838K->5360376K(25152768K), 0.0723658 secs] [Times: user=0.76 sys=0.02, real=0.08 secs] 
2014-04-09T12:11:02.744+0900: 62.231: [GC (Allocation Failure) 62.231: [ParNew: 118016K->13056K(118016K), 0.0656215 secs] 5465336K->5376521K(25152768K), 0.0659841 secs] [Times: user=0.69 sys=0.02, real=0.07 secs] 
2014-04-09T12:11:02.886+0900: 62.373: [GC (Allocation Failure) 62.373: [ParNew: 118016K->13056K(118016K), 0.0672063 secs] 5481481K->5393356K(25152768K), 0.0675722 secs] [Times: user=0.70 sys=0.02, real=0.07 secs] 
2014-04-09T12:11:03.030+0900: 62.517: [GC (Allocation Failure) 62.517: [ParNew: 118016K->13056K(118016K), 0.0734123 secs] 5498316K->5410215K(25152768K), 0.0737684 secs] [Times: user=0.79 sys=0.01, real=0.07 secs] 
2014-04-09T12:11:03.187+0900: 62.674: [GC (Allocation Failure) 62.674: [ParNew: 118016K->13056K(118016K), 0.0755100 secs] 5515175K->5426079K(25152768K), 0.0758614 secs] [Times: user=0.80 sys=0.02, real=0.07 secs] 
2014-04-09T12:11:03.342+0900: 62.829: [GC (Allocation Failure) 62.829: [ParNew: 118016K->13056K(118016K), 0.0775236 secs] 5531039K->5443265K(25152768K), 0.0778860 secs] [Times: user=0.82 sys=0.03, real=0.08 secs] 
2014-04-09T12:11:03.496+0900: 62.982: [GC (Allocation Failure) 62.982: [ParNew: 118016K->13056K(118016K), 0.0647322 secs] 5548225K->5458656K(25152768K), 0.0650881 secs] [Times: user=0.68 sys=0.02, real=0.07 secs] 
2014-04-09T12:11:03.636+0900: 63.123: [GC (Allocation Failure) 63.123: [ParNew: 118016K->13056K(118016K), 0.0713238 secs] 5563616K->5476275K(25152768K), 0.0716903 secs] [Times: user=0.74 sys=0.02, real=0.08 secs] 
2014-04-09T12:11:03.782+0900: 63.269: [GC (Allocation Failure) 63.269: [ParNew: 118016K->13056K(118016K), 0.0639789 secs] 5581235K->5493767K(25152768K), 0.0643398 secs] [Times: user=0.66 sys=0.01, real=0.06 secs] 
2014-04-09T12:11:03.923+0900: 63.410: [GC (Allocation Failure) 63.410: [ParNew: 118016K->13056K(118016K), 0.0745493 secs] 5598727K->5509764K(25152768K), 0.0749101 secs] [Times: user=0.82 sys=0.02, real=0.08 secs] 
2014-04-09T12:11:04.073+0900: 63.560: [GC (Allocation Failure) 63.560: [ParNew: 118016K->13056K(118016K), 0.0747929 secs] 5614724K->5525385K(25152768K), 0.0751494 secs] [Times: user=0.80 sys=0.02, real=0.08 secs] 
2014-04-09T12:11:04.223+0900: 63.710: [GC (Allocation Failure) 63.710: [ParNew: 118016K->13056K(118016K), 0.0755173 secs] 5630345K->5541455K(25152768K), 0.0758860 secs] [Times: user=0.81 sys=0.01, real=0.08 secs] 
2014-04-09T12:11:04.383+0900: 63.870: [GC (Allocation Failure) 63.870: [ParNew: 118016K->13056K(118016K), 0.0716711 secs] 5646415K->5559834K(25152768K), 0.0720283 secs] [Times: user=0.76 sys=0.02, real=0.07 secs] 
2014-04-09T12:11:04.533+0900: 64.019: [GC (Allocation Failure) 64.019: [ParNew: 118016K->13056K(118016K), 0.0663356 secs] 5664794K->5575227K(25152768K), 0.0666929 secs] [Times: user=0.70 sys=0.02, real=0.07 secs] 
2014-04-09T12:11:04.674+0900: 64.161: [GC (Allocation Failure) 64.161: [ParNew: 118016K->13056K(118016K), 0.0757497 secs] 5680187K->5590854K(25152768K), 0.0761235 secs] [Times: user=0.80 sys=0.03, real=0.08 secs] 
2014-04-09T12:11:04.822+0900: 64.308: [GC (Allocation Failure) 64.308: [ParNew: 118016K->13056K(118016K), 0.0736402 secs] 5695814K->5608934K(25152768K), 0.0740017 secs] [Times: user=0.78 sys=0.03, real=0.07 secs] 
2014-04-09T12:11:04.971+0900: 64.458: [GC (Allocation Failure) 64.458: [ParNew: 118016K->13056K(118016K), 0.0722578 secs] 5713894K->5626268K(25152768K), 0.0726352 secs] [Times: user=0.77 sys=0.02, real=0.07 secs] 
2014-04-09T12:11:05.116+0900: 64.602: [GC (Allocation Failure) 64.603: [ParNew: 118016K->13056K(118016K), 0.0706214 secs] 5731228K->5643151K(25152768K), 0.0709910 secs] [Times: user=0.76 sys=0.02, real=0.07 secs] 
2014-04-09T12:11:05.266+0900: 64.752: [GC (Allocation Failure) 64.753: [ParNew: 118016K->13056K(118016K), 0.0686045 secs] 5748111K->5660226K(25152768K), 0.0689710 secs] [Times: user=0.73 sys=0.02, real=0.07 secs] 
2014-04-09T12:11:05.409+0900: 64.896: [GC (Allocation Failure) 64.896: [ParNew: 118016K->13056K(118016K), 0.0738021 secs] 5765186K->5677294K(25152768K), 0.0741869 secs] [Times: user=0.78 sys=0.02, real=0.07 secs] 
2014-04-09T12:11:05.559+0900: 65.046: [GC (Allocation Failure) 65.046: [ParNew: 118016K->13056K(118016K), 0.0699143 secs] 5782254K->5691873K(25152768K), 0.0702937 secs] [Times: user=0.77 sys=0.02, real=0.07 secs] 
2014-04-09T12:11:05.707+0900: 65.194: [GC (Allocation Failure) 65.194: [ParNew: 118016K->13056K(118016K), 0.0708777 secs] 5796833K->5710153K(25152768K), 0.0712585 secs] [Times: user=0.76 sys=0.02, real=0.08 secs] 
2014-04-09T12:11:05.855+0900: 65.342: [GC (Allocation Failure) 65.342: [ParNew: 118016K->13056K(118016K), 0.0737149 secs] 5815113K->5725681K(25152768K), 0.0740939 secs] [Times: user=0.79 sys=0.02, real=0.08 secs] 
2014-04-09T12:11:06.006+0900: 65.492: [GC (Allocation Failure) 65.492: [ParNew: 118016K->13056K(118016K), 0.0711113 secs] 5830641K->5742791K(25152768K), 0.0714709 secs] [Times: user=0.76 sys=0.02, real=0.07 secs] 
2014-04-09T12:11:06.152+0900: 65.638: [GC (Allocation Failure) 65.638: [ParNew: 118016K->13056K(118016K), 0.0729619 secs] 5847751K->5757500K(25152768K), 0.0733402 secs] [Times: user=0.78 sys=0.02, real=0.07 secs] 
2014-04-09T12:11:06.299+0900: 65.786: [GC (Allocation Failure) 65.786: [ParNew: 118016K->13056K(118016K), 0.0712325 secs] 5862460K->5774653K(25152768K), 0.0716087 secs] [Times: user=0.76 sys=0.01, real=0.07 secs] 
2014-04-09T12:11:06.443+0900: 65.929: [GC (Allocation Failure) 65.930: [ParNew: 118016K->13056K(118016K), 0.0693062 secs] 5879613K->5791895K(25152768K), 0.0696711 secs] [Times: user=0.73 sys=0.02, real=0.07 secs] 
2014-04-09T12:11:06.584+0900: 66.071: [GC (Allocation Failure) 66.071: [ParNew: 118015K->13056K(118016K), 0.0633798 secs] 5896855K->5808291K(25152768K), 0.0637498 secs] [Times: user=0.67 sys=0.01, real=0.07 secs] 
2014-04-09T12:11:06.723+0900: 66.210: [GC (Allocation Failure) 66.210: [ParNew: 118016K->13056K(118016K), 0.0705612 secs] 5913251K->5824571K(25152768K), 0.0709285 secs] [Times: user=0.77 sys=0.02, real=0.07 secs] 
2014-04-09T12:11:06.868+0900: 66.355: [GC (Allocation Failure) 66.355: [ParNew: 118016K->13056K(118016K), 0.0698611 secs] 5929531K->5841602K(25152768K), 0.0702254 secs] [Times: user=0.74 sys=0.02, real=0.07 secs] 
2014-04-09T12:11:07.014+0900: 66.500: [GC (Allocation Failure) 66.500: [ParNew: 118016K->13056K(118016K), 0.0687117 secs] 5946562K->5859311K(25152768K), 0.0690785 secs] [Times: user=0.73 sys=0.01, real=0.07 secs] 
2014-04-09T12:11:07.157+0900: 66.643: [GC (Allocation Failure) 66.643: [ParNew: 118016K->13056K(118016K), 0.0685657 secs] 5964271K->5875162K(25152768K), 0.0689400 secs] [Times: user=0.67 sys=0.02, real=0.07 secs] 
2014-04-09T12:11:07.301+0900: 66.788: [GC (Allocation Failure) 66.788: [ParNew: 118016K->13056K(118016K), 0.0756589 secs] 5980122K->5891186K(25152768K), 0.0760272 secs] [Times: user=0.82 sys=0.03, real=0.07 secs] 
2014-04-09T12:11:07.451+0900: 66.937: [GC (Allocation Failure) 66.938: [ParNew: 118016K->13056K(118016K), 0.0684767 secs] 5996146K->5908365K(25152768K), 0.0688414 secs] [Times: user=0.73 sys=0.01, real=0.07 secs] 
2014-04-09T12:11:07.588+0900: 67.074: [GC (Allocation Failure) 67.075: [ParNew: 118016K->13056K(118016K), 0.0685103 secs] 6013325K->5924672K(25152768K), 0.0688679 secs] [Times: user=0.73 sys=0.02, real=0.06 secs] 
2014-04-09T12:11:07.729+0900: 67.215: [GC (Allocation Failure) 67.215: [ParNew: 118016K->13056K(118016K), 0.0689779 secs] 6029632K->5941045K(25152768K), 0.0693433 secs] [Times: user=0.73 sys=0.02, real=0.07 secs] 
2014-04-09T12:11:07.882+0900: 67.369: [GC (Allocation Failure) 67.369: [ParNew: 118016K->13056K(118016K), 0.0768688 secs] 6046005K->5966701K(25152768K), 0.0772509 secs] [Times: user=0.86 sys=0.02, real=0.08 secs] 
2014-04-09T12:11:08.043+0900: 67.530: [GC (Allocation Failure) 67.530: [ParNew: 118016K->13056K(118016K), 0.0853346 secs] 6071661K->5992757K(25152768K), 0.0857200 secs] [Times: user=0.96 sys=0.01, real=0.09 secs] 
2014-04-09T12:11:08.206+0900: 67.692: [GC (Allocation Failure) 67.693: [ParNew: 117925K->13056K(118016K), 0.0809754 secs] 6097626K->6010415K(25152768K), 0.0813530 secs] [Times: user=0.89 sys=0.03, real=0.09 secs] 
2014-04-09T12:11:08.365+0900: 67.851: [GC (Allocation Failure) 67.851: [ParNew: 117968K->13056K(118016K), 0.0680117 secs] 6115327K->6028521K(25152768K), 0.0683840 secs] [Times: user=0.72 sys=0.03, real=0.07 secs] 
2014-04-09T12:11:08.512+0900: 67.998: [GC (Allocation Failure) 67.998: [ParNew: 118016K->13056K(118016K), 0.0676846 secs] 6133481K->6043911K(25152768K), 0.0680587 secs] [Times: user=0.74 sys=0.02, real=0.07 secs] 
2014-04-09T12:11:08.657+0900: 68.144: [GC (Allocation Failure) 68.144: [ParNew: 118016K->13056K(118016K), 0.0731323 secs] 6148871K->6060221K(25152768K), 0.0735033 secs] [Times: user=0.78 sys=0.02, real=0.08 secs] 
2014-04-09T12:11:08.811+0900: 68.298: [GC (Allocation Failure) 68.298: [ParNew: 117865K->13056K(118016K), 0.0695115 secs] 6165030K->6076042K(25152768K), 0.0698899 secs] [Times: user=0.74 sys=0.01, real=0.07 secs] 
2014-04-09T12:11:08.961+0900: 68.447: [GC (Allocation Failure) 68.447: [ParNew: 118016K->13056K(118016K), 0.0737313 secs] 6181002K->6093567K(25152768K), 0.0741263 secs] [Times: user=0.80 sys=0.01, real=0.07 secs] 
2014-04-09T12:11:09.108+0900: 68.595: [GC (Allocation Failure) 68.595: [ParNew: 118016K->13056K(118016K), 0.0684963 secs] 6198527K->6110232K(25152768K), 0.0688684 secs] [Times: user=0.72 sys=0.03, real=0.06 secs] 
2014-04-09T12:11:09.258+0900: 68.745: [GC (Allocation Failure) 68.745: [ParNew: 118016K->13056K(118016K), 0.0678271 secs] 6215192K->6126580K(25152768K), 0.0681993 secs] [Times: user=0.72 sys=0.02, real=0.06 secs] 
2014-04-09T12:11:09.403+0900: 68.889: [GC (Allocation Failure) 68.890: [ParNew: 118016K->13056K(118016K), 0.0665388 secs] 6231540K->6141975K(25152768K), 0.0669056 secs] [Times: user=0.72 sys=0.02, real=0.07 secs] 
2014-04-09T12:11:09.545+0900: 69.032: [GC (Allocation Failure) 69.032: [ParNew: 118016K->13056K(118016K), 0.0724329 secs] 6246935K->6158816K(25152768K), 0.0728059 secs] [Times: user=0.77 sys=0.01, real=0.07 secs] 
2014-04-09T12:11:09.697+0900: 69.183: [GC (Allocation Failure) 69.183: [ParNew: 118016K->13056K(118016K), 0.0710666 secs] 6263776K->6174118K(25152768K), 0.0714407 secs] [Times: user=0.77 sys=0.01, real=0.08 secs] 
2014-04-09T12:11:09.842+0900: 69.329: [GC (Allocation Failure) 69.329: [ParNew: 118016K->13056K(118016K), 0.0690424 secs] 6279078K->6190295K(25152768K), 0.0694223 secs] [Times: user=0.76 sys=0.02, real=0.07 secs] 
2014-04-09T12:11:09.987+0900: 69.474: [GC (Allocation Failure) 69.474: [ParNew: 118016K->13056K(118016K), 0.0709934 secs] 6295255K->6208636K(25152768K), 0.0713669 secs] [Times: user=0.75 sys=0.01, real=0.08 secs] 
2014-04-09T12:11:10.133+0900: 69.620: [GC (Allocation Failure) 69.620: [ParNew: 118016K->13056K(118016K), 0.0712344 secs] 6313596K->6224314K(25152768K), 0.0716152 secs] [Times: user=0.76 sys=0.02, real=0.07 secs] 
2014-04-09T12:11:10.289+0900: 69.776: [GC (Allocation Failure) 69.776: [ParNew: 118016K->13056K(118016K), 0.0682256 secs] 6329274K->6240365K(25152768K), 0.0685960 secs] [Times: user=0.71 sys=0.02, real=0.06 secs] 
2014-04-09T12:11:10.433+0900: 69.919: [GC (Allocation Failure) 69.919: [ParNew: 118016K->13056K(118016K), 0.0755175 secs] 6345325K->6256369K(25152768K), 0.0758920 secs] [Times: user=0.81 sys=0.02, real=0.08 secs] 
2014-04-09T12:11:10.580+0900: 70.067: [GC (Allocation Failure) 70.067: [ParNew: 118016K->13056K(118016K), 0.0712778 secs] 6361329K->6275465K(25152768K), 0.0716494 secs] [Times: user=0.75 sys=0.02, real=0.07 secs] 
2014-04-09T12:11:10.726+0900: 70.212: [GC (Allocation Failure) 70.212: [ParNew: 118016K->13056K(118016K), 0.0656418 secs] 6380425K->6290350K(25152768K), 0.0660146 secs] [Times: user=0.72 sys=0.01, real=0.07 secs] 
2014-04-09T12:11:10.867+0900: 70.354: [GC (Allocation Failure) 70.354: [ParNew: 118016K->13056K(118016K), 0.0728474 secs] 6395310K->6305062K(25152768K), 0.0732206 secs] [Times: user=0.77 sys=0.03, real=0.08 secs] 
2014-04-09T12:11:11.015+0900: 70.502: [GC (Allocation Failure) 70.502: [ParNew: 118016K->13056K(118016K), 0.0741057 secs] 6410022K->6322491K(25152768K), 0.0744783 secs] [Times: user=0.80 sys=0.02, real=0.08 secs] 
2014-04-09T12:11:11.164+0900: 70.651: [GC (Allocation Failure) 70.651: [ParNew: 118016K->13056K(118016K), 0.0682442 secs] 6427451K->6339739K(25152768K), 0.0686246 secs] [Times: user=0.72 sys=0.01, real=0.07 secs] 
2014-04-09T12:11:11.313+0900: 70.799: [GC (Allocation Failure) 70.800: [ParNew: 118016K->13056K(118016K), 0.0713256 secs] 6444699K->6356226K(25152768K), 0.0716997 secs] [Times: user=0.78 sys=0.03, real=0.07 secs] 
2014-04-09T12:11:11.459+0900: 70.946: [GC (Allocation Failure) 70.946: [ParNew: 118016K->13056K(118016K), 0.0696059 secs] 6461186K->6372954K(25152768K), 0.0699867 secs] [Times: user=0.74 sys=0.02, real=0.07 secs] 
2014-04-09T12:11:11.606+0900: 71.092: [GC (Allocation Failure) 71.092: [ParNew: 118015K->13056K(118016K), 0.0725303 secs] 6477913K->6389916K(25152768K), 0.0729008 secs] [Times: user=0.78 sys=0.01, real=0.08 secs] 
2014-04-09T12:11:11.753+0900: 71.239: [GC (Allocation Failure) 71.239: [ParNew: 118015K->13056K(118016K), 0.0625128 secs] 6494875K->6405388K(25152768K), 0.0628847 secs] [Times: user=0.66 sys=0.03, real=0.06 secs] 
2014-04-09T12:11:11.892+0900: 71.378: [GC (Allocation Failure) 71.378: [ParNew: 118016K->13056K(118016K), 0.0695158 secs] 6510348K->6422246K(25152768K), 0.0698892 secs] [Times: user=0.72 sys=0.02, real=0.07 secs] 
2014-04-09T12:11:12.037+0900: 71.523: [GC (Allocation Failure) 71.523: [ParNew: 118016K->13056K(118016K), 0.0680175 secs] 6527206K->6439283K(25152768K), 0.0683914 secs] [Times: user=0.71 sys=0.02, real=0.07 secs] 
2014-04-09T12:11:12.181+0900: 71.667: [GC (Allocation Failure) 71.667: [ParNew: 118016K->13056K(118016K), 0.0620950 secs] 6544243K->6456436K(25152768K), 0.0624678 secs] [Times: user=0.65 sys=0.02, real=0.06 secs] 
2014-04-09T12:11:12.319+0900: 71.806: [GC (Allocation Failure) 71.806: [ParNew: 118016K->13056K(118016K), 0.0689891 secs] 6561396K->6472137K(25152768K), 0.0693608 secs] [Times: user=0.73 sys=0.03, real=0.07 secs] 
2014-04-09T12:11:12.462+0900: 71.948: [GC (Allocation Failure) 71.949: [ParNew: 118016K->13056K(118016K), 0.0679615 secs] 6577097K->6487690K(25152768K), 0.0683374 secs] [Times: user=0.74 sys=0.02, real=0.07 secs] 
2014-04-09T12:11:12.609+0900: 72.095: [GC (Allocation Failure) 72.095: [ParNew: 118016K->13056K(118016K), 0.0646519 secs] 6592650K->6505063K(25152768K), 0.0650228 secs] [Times: user=0.69 sys=0.01, real=0.06 secs] 
2014-04-09T12:11:12.753+0900: 72.239: [GC (Allocation Failure) 72.239: [ParNew: 118016K->13056K(118016K), 0.0700309 secs] 6610023K->6521785K(25152768K), 0.0704035 secs] [Times: user=0.75 sys=0.02, real=0.07 secs] 
2014-04-09T12:11:12.896+0900: 72.383: [GC (Allocation Failure) 72.383: [ParNew: 118016K->13056K(118016K), 0.0678183 secs] 6626745K->6538370K(25152768K), 0.0681907 secs] [Times: user=0.71 sys=0.02, real=0.07 secs] 
2014-04-09T12:11:13.040+0900: 72.526: [GC (Allocation Failure) 72.527: [ParNew: 118016K->13056K(118016K), 0.0709108 secs] 6643330K->6555755K(25152768K), 0.0712824 secs] [Times: user=0.76 sys=0.02, real=0.07 secs] 
2014-04-09T12:11:13.189+0900: 72.675: [GC (Allocation Failure) 72.675: [ParNew: 118016K->13056K(118016K), 0.0717067 secs] 6660715K->6573087K(25152768K), 0.0720777 secs] [Times: user=0.77 sys=0.02, real=0.07 secs] 
2014-04-09T12:11:13.338+0900: 72.824: [GC (Allocation Failure) 72.824: [ParNew: 118016K->13056K(118016K), 0.0627413 secs] 6678047K->6589949K(25152768K), 0.0631141 secs] [Times: user=0.66 sys=0.01, real=0.07 secs] 
2014-04-09T12:11:13.474+0900: 72.961: [GC (Allocation Failure) 72.961: [ParNew: 118016K->13056K(118016K), 0.0644812 secs] 6694909K->6606574K(25152768K), 0.0648603 secs] [Times: user=0.66 sys=0.02, real=0.07 secs] 
2014-04-09T12:11:13.614+0900: 73.101: [GC (Allocation Failure) 73.101: [ParNew: 118016K->13056K(118016K), 0.0744828 secs] 6711534K->6623419K(25152768K), 0.0748605 secs] [Times: user=0.74 sys=0.01, real=0.08 secs] 
2014-04-09T12:11:13.763+0900: 73.249: [GC (Allocation Failure) 73.250: [ParNew: 118016K->13056K(118016K), 0.0626180 secs] 6728379K->6641236K(25152768K), 0.0629891 secs] [Times: user=0.67 sys=0.02, real=0.06 secs] 
2014-04-09T12:11:13.904+0900: 73.390: [GC (Allocation Failure) 73.391: [ParNew: 118016K->13056K(118016K), 0.0699451 secs] 6746196K->6657130K(25152768K), 0.0703142 secs] [Times: user=0.76 sys=0.01, real=0.07 secs] 
2014-04-09T12:11:14.052+0900: 73.539: [GC (Allocation Failure) 73.539: [ParNew: 118016K->13056K(118016K), 0.0726744 secs] 6762090K->6673873K(25152768K), 0.0730515 secs] [Times: user=0.76 sys=0.01, real=0.07 secs] 
2014-04-09T12:11:14.200+0900: 73.686: [GC (Allocation Failure) 73.687: [ParNew: 118016K->13056K(118016K), 0.0724124 secs] 6778833K->6691111K(25152768K), 0.0727833 secs] [Times: user=0.77 sys=0.02, real=0.07 secs] 
2014-04-09T12:11:14.362+0900: 73.848: [GC (Allocation Failure) 73.848: [ParNew: 118016K->13056K(118016K), 0.0653395 secs] 6796071K->6705725K(25152768K), 0.0657120 secs] [Times: user=0.70 sys=0.01, real=0.06 secs] 
2014-04-09T12:11:14.501+0900: 73.987: [GC (Allocation Failure) 73.987: [ParNew: 118016K->13056K(118016K), 0.0704572 secs] 6810685K->6721844K(25152768K), 0.0708340 secs] [Times: user=0.76 sys=0.02, real=0.07 secs] 
2014-04-09T12:11:14.649+0900: 74.135: [GC (Allocation Failure) 74.135: [ParNew: 118016K->13056K(118016K), 0.0717938 secs] 6826804K->6738690K(25152768K), 0.0721619 secs] [Times: user=0.76 sys=0.02, real=0.07 secs] 
2014-04-09T12:11:14.796+0900: 74.283: [GC (Allocation Failure) 74.283: [ParNew: 118016K->13056K(118016K), 0.0700312 secs] 6843650K->6757479K(25152768K), 0.0704089 secs] [Times: user=0.74 sys=0.01, real=0.07 secs] 
2014-04-09T12:11:14.942+0900: 74.429: [GC (Allocation Failure) 74.429: [ParNew: 118016K->13056K(118016K), 0.0684892 secs] 6862439K->6772122K(25152768K), 0.0688577 secs] [Times: user=0.74 sys=0.01, real=0.07 secs] 
2014-04-09T12:11:15.089+0900: 74.575: [GC (Allocation Failure) 74.576: [ParNew: 118016K->13056K(118016K), 0.0721986 secs] 6877082K->6790140K(25152768K), 0.0725751 secs] [Times: user=0.77 sys=0.01, real=0.07 secs] 
2014-04-09T12:11:15.240+0900: 74.727: [GC (Allocation Failure) 74.727: [ParNew: 118016K->13056K(118016K), 0.0677926 secs] 6895100K->6805930K(25152768K), 0.0681607 secs] [Times: user=0.72 sys=0.01, real=0.06 secs] 
2014-04-09T12:11:15.388+0900: 74.875: [GC (Allocation Failure) 74.875: [ParNew: 118016K->13056K(118016K), 0.0621883 secs] 6910890K->6821981K(25152768K), 0.0625610 secs] [Times: user=0.66 sys=0.01, real=0.07 secs] 
2014-04-09T12:11:15.531+0900: 75.017: [GC (Allocation Failure) 75.018: [ParNew: 118016K->13056K(118016K), 0.0698238 secs] 6926941K->6838514K(25152768K), 0.0701920 secs] [Times: user=0.73 sys=0.02, real=0.07 secs] 
2014-04-09T12:11:15.678+0900: 75.164: [GC (Allocation Failure) 75.164: [ParNew: 118016K->13056K(118016K), 0.0686236 secs] 6943474K->6854657K(25152768K), 0.0689946 secs] [Times: user=0.72 sys=0.02, real=0.07 secs] 
2014-04-09T12:11:15.825+0900: 75.311: [GC (Allocation Failure) 75.311: [ParNew: 118016K->13056K(118016K), 0.0662023 secs] 6959617K->6872445K(25152768K), 0.0665687 secs] [Times: user=0.70 sys=0.01, real=0.07 secs] 
2014-04-09T12:11:15.968+0900: 75.455: [GC (Allocation Failure) 75.455: [ParNew: 118016K->13056K(118016K), 0.0612364 secs] 6977405K->6888342K(25152768K), 0.0616043 secs] [Times: user=0.66 sys=0.01, real=0.07 secs] 
2014-04-09T12:11:16.105+0900: 75.591: [GC (Allocation Failure) 75.592: [ParNew: 118016K->13056K(118016K), 0.0639485 secs] 6993302K->6905019K(25152768K), 0.0643141 secs] [Times: user=0.68 sys=0.02, real=0.06 secs] 
2014-04-09T12:11:16.243+0900: 75.729: [GC (Allocation Failure) 75.729: [ParNew: 118016K->13056K(118016K), 0.0691303 secs] 7009979K->6922428K(25152768K), 0.0694967 secs] [Times: user=0.73 sys=0.02, real=0.07 secs] 
2014-04-09T12:11:16.387+0900: 75.874: [GC (Allocation Failure) 75.874: [ParNew: 118016K->13056K(118016K), 0.0745951 secs] 7027388K->6937971K(25152768K), 0.0749704 secs] [Times: user=0.80 sys=0.02, real=0.08 secs] 
2014-04-09T12:11:16.542+0900: 76.028: [GC (Allocation Failure) 76.028: [ParNew: 118016K->13056K(118016K), 0.0666404 secs] 7042931K->6955217K(25152768K), 0.0670120 secs] [Times: user=0.72 sys=0.02, real=0.06 secs] 
2014-04-09T12:11:16.683+0900: 76.170: [GC (Allocation Failure) 76.170: [ParNew: 118016K->13056K(118016K), 0.0636902 secs] 7060177K->6971490K(25152768K), 0.0640657 secs] [Times: user=0.69 sys=0.01, real=0.06 secs] 
2014-04-09T12:11:16.825+0900: 76.312: [GC (Allocation Failure) 76.312: [ParNew: 118016K->13056K(118016K), 0.0607355 secs] 7076450K->6987188K(25152768K), 0.0611029 secs] [Times: user=0.66 sys=0.01, real=0.06 secs] 
2014-04-09T12:11:16.962+0900: 76.449: [GC (Allocation Failure) 76.449: [ParNew: 118015K->13056K(118016K), 0.0735194 secs] 7092147K->7006150K(25152768K), 0.0738873 secs] [Times: user=0.77 sys=0.03, real=0.07 secs] 
2014-04-09T12:11:17.114+0900: 76.601: [GC (Allocation Failure) 76.601: [ParNew: 118016K->13056K(118016K), 0.0670977 secs] 7111110K->7020998K(25152768K), 0.0674699 secs] [Times: user=0.70 sys=0.02, real=0.07 secs] 
2014-04-09T12:11:17.258+0900: 76.744: [GC (Allocation Failure) 76.744: [ParNew: 118016K->13056K(118016K), 0.0673552 secs] 7125958K->7039505K(25152768K), 0.0677289 secs] [Times: user=0.71 sys=0.01, real=0.07 secs] 
2014-04-09T12:11:17.400+0900: 76.886: [GC (Allocation Failure) 76.887: [ParNew: 118016K->13056K(118016K), 0.0734896 secs] 7144465K->7055247K(25152768K), 0.0738672 secs] [Times: user=0.78 sys=0.03, real=0.07 secs] 
2014-04-09T12:11:17.548+0900: 77.034: [GC (Allocation Failure) 77.034: [ParNew: 118016K->13056K(118016K), 0.0648811 secs] 7160207K->7070721K(25152768K), 0.0652444 secs] [Times: user=0.70 sys=0.02, real=0.07 secs] 
2014-04-09T12:11:17.687+0900: 77.173: [GC (Allocation Failure) 77.173: [ParNew: 118016K->13056K(118016K), 0.0703143 secs] 7175681K->7086093K(25152768K), 0.0706754 secs] [Times: user=0.77 sys=0.02, real=0.07 secs] 
2014-04-09T12:11:17.835+0900: 77.322: [GC (Allocation Failure) 77.322: [ParNew: 118016K->13056K(118016K), 0.0627159 secs] 7191053K->7105435K(25152768K), 0.0630838 secs] [Times: user=0.64 sys=0.01, real=0.06 secs] 
2014-04-09T12:11:17.979+0900: 77.465: [GC (Allocation Failure) 77.465: [ParNew: 118016K->13056K(118016K), 0.0708780 secs] 7210395K->7120508K(25152768K), 0.0712324 secs] [Times: user=0.77 sys=0.02, real=0.08 secs] 
2014-04-09T12:11:18.125+0900: 77.611: [GC (Allocation Failure) 77.611: [ParNew: 118016K->13056K(118016K), 0.0697869 secs] 7225468K->7137122K(25152768K), 0.0701447 secs] [Times: user=0.71 sys=0.03, real=0.07 secs] 
2014-04-09T12:11:18.271+0900: 77.757: [GC (Allocation Failure) 77.757: [ParNew: 118016K->13056K(118016K), 0.0682814 secs] 7242082K->7154554K(25152768K), 0.0686379 secs] [Times: user=0.71 sys=0.02, real=0.07 secs] 
2014-04-09T12:11:18.414+0900: 77.901: [GC (Allocation Failure) 77.901: [ParNew: 118016K->13056K(118016K), 0.0723578 secs] 7259514K->7170412K(25152768K), 0.0727081 secs] [Times: user=0.78 sys=0.02, real=0.07 secs] 
2014-04-09T12:11:18.562+0900: 78.048: [GC (Allocation Failure) 78.049: [ParNew: 118016K->13056K(118016K), 0.0650032 secs] 7275372K->7185310K(25152768K), 0.0653679 secs] [Times: user=0.71 sys=0.01, real=0.06 secs] 
2014-04-09T12:11:18.703+0900: 78.189: [GC (Allocation Failure) 78.190: [ParNew: 118016K->13056K(118016K), 0.0682860 secs] 7290270K->7202107K(25152768K), 0.0686506 secs] [Times: user=0.70 sys=0.02, real=0.07 secs] 
2014-04-09T12:11:18.846+0900: 78.333: [GC (Allocation Failure) 78.333: [ParNew: 118016K->13056K(118016K), 0.0689135 secs] 7307067K->7219761K(25152768K), 0.0692852 secs] [Times: user=0.72 sys=0.02, real=0.07 secs] 
2014-04-09T12:11:18.995+0900: 78.481: [GC (Allocation Failure) 78.481: [ParNew: 118016K->13056K(118016K), 0.0643390 secs] 7324721K->7236027K(25152768K), 0.0647097 secs] [Times: user=0.69 sys=0.01, real=0.07 secs] 
2014-04-09T12:11:19.135+0900: 78.621: [GC (Allocation Failure) 78.621: [ParNew: 118016K->13056K(118016K), 0.0684546 secs] 7340987K->7251598K(25152768K), 0.0688171 secs] [Times: user=0.74 sys=0.02, real=0.07 secs] 
2014-04-09T12:11:19.284+0900: 78.771: [GC (Allocation Failure) 78.771: [ParNew: 118016K->13056K(118016K), 0.0733313 secs] 7356558K->7267565K(25152768K), 0.0737020 secs] [Times: user=0.78 sys=0.02, real=0.07 secs] 
2014-04-09T12:11:19.439+0900: 78.926: [GC (Allocation Failure) 78.926: [ParNew: 118016K->13056K(118016K), 0.0677706 secs] 7372525K->7286097K(25152768K), 0.0681339 secs] [Times: user=0.70 sys=0.01, real=0.06 secs] 
2014-04-09T12:11:19.586+0900: 79.073: [GC (Allocation Failure) 79.073: [ParNew: 118016K->13056K(118016K), 0.0609622 secs] 7391057K->7300771K(25152768K), 0.0613297 secs] [Times: user=0.65 sys=0.00, real=0.06 secs] 
2014-04-09T12:11:19.724+0900: 79.211: [GC (Allocation Failure) 79.211: [ParNew: 118016K->13056K(118016K), 0.0710814 secs] 7405731K->7317724K(25152768K), 0.0714503 secs] [Times: user=0.76 sys=0.02, real=0.07 secs] 
2014-04-09T12:11:19.874+0900: 79.360: [GC (Allocation Failure) 79.361: [ParNew: 118016K->13056K(118016K), 0.0679201 secs] 7422684K->7334116K(25152768K), 0.0682783 secs] [Times: user=0.72 sys=0.02, real=0.07 secs] 
2014-04-09T12:11:20.022+0900: 79.508: [GC (Allocation Failure) 79.508: [ParNew: 118016K->13056K(118016K), 0.0773951 secs] 7439076K->7351758K(25152768K), 0.0777615 secs] [Times: user=0.79 sys=0.02, real=0.08 secs] 
2014-04-09T12:11:20.174+0900: 79.661: [GC (Allocation Failure) 79.661: [ParNew: 118016K->13056K(118016K), 0.0634877 secs] 7456718K->7370186K(25152768K), 0.0638738 secs] [Times: user=0.67 sys=0.02, real=0.06 secs] 
2014-04-09T12:11:20.310+0900: 79.796: [GC (Allocation Failure) 79.796: [ParNew: 118016K->13056K(118016K), 0.0680438 secs] 7475146K->7387036K(25152768K), 0.0684060 secs] [Times: user=0.70 sys=0.03, real=0.06 secs] 
2014-04-09T12:11:20.457+0900: 79.943: [GC (Allocation Failure) 79.943: [ParNew: 118016K->13056K(118016K), 0.0752974 secs] 7491996K->7404725K(25152768K), 0.0756529 secs] [Times: user=0.81 sys=0.02, real=0.08 secs] 
2014-04-09T12:11:20.609+0900: 80.096: [GC (Allocation Failure) 80.096: [ParNew: 118016K->13056K(118016K), 0.0695503 secs] 7509685K->7422049K(25152768K), 0.0699110 secs] [Times: user=0.77 sys=0.01, real=0.07 secs] 
2014-04-09T12:11:20.754+0900: 80.240: [GC (Allocation Failure) 80.241: [ParNew: 118016K->13056K(118016K), 0.0601253 secs] 7527009K->7437861K(25152768K), 0.0604758 secs] [Times: user=0.61 sys=0.03, real=0.06 secs] 
2014-04-09T12:11:20.888+0900: 80.374: [GC (Allocation Failure) 80.374: [ParNew: 118016K->13056K(118016K), 0.0674231 secs] 7542821K->7455533K(25152768K), 0.0677817 secs] [Times: user=0.71 sys=0.01, real=0.07 secs] 
2014-04-09T12:11:21.031+0900: 80.518: [GC (Allocation Failure) 80.518: [ParNew: 118015K->13056K(118016K), 0.0771492 secs] 7560493K->7472420K(25152768K), 0.0775049 secs] [Times: user=0.74 sys=0.03, real=0.07 secs] 
2014-04-09T12:11:21.183+0900: 80.669: [GC (Allocation Failure) 80.669: [ParNew: 118016K->13056K(118016K), 0.0673449 secs] 7577380K->7488672K(25152768K), 0.0676948 secs] [Times: user=0.73 sys=0.02, real=0.07 secs] 
2014-04-09T12:11:21.326+0900: 80.813: [GC (Allocation Failure) 80.813: [ParNew: 118016K->13056K(118016K), 0.0691349 secs] 7593632K->7505033K(25152768K), 0.0694869 secs] [Times: user=0.74 sys=0.03, real=0.07 secs] 
2014-04-09T12:11:21.474+0900: 80.960: [GC (Allocation Failure) 80.960: [ParNew: 118016K->13056K(118016K), 0.0643391 secs] 7609993K->7523189K(25152768K), 0.0647008 secs] [Times: user=0.67 sys=0.02, real=0.06 secs] 
2014-04-09T12:11:21.614+0900: 81.101: [GC (Allocation Failure) 81.101: [ParNew: 117984K->13056K(118016K), 0.0722561 secs] 7628117K->7537753K(25152768K), 0.0726156 secs] [Times: user=0.78 sys=0.01, real=0.07 secs] 
2014-04-09T12:11:21.688+0900: 81.175: [GC (CMS Initial Mark) [1 CMS-initial-mark: 7524697K(25034752K)] 7537920K(25152768K), 0.0022964 secs] [Times: user=0.02 sys=0.00, real=0.01 secs] 
2014-04-09T12:11:21.691+0900: 81.177: [CMS-concurrent-mark-start]
2014-04-09T12:11:21.795+0900: 81.282: [GC (Allocation Failure) 81.282: [ParNew: 118016K->13056K(118016K), 0.0717791 secs] 7642713K->7554474K(25152768K), 0.0721320 secs] [Times: user=0.75 sys=0.02, real=0.07 secs] 
2014-04-09T12:11:21.961+0900: 81.448: [GC (Allocation Failure) 81.448: [ParNew: 118016K->13056K(118016K), 0.0649750 secs] 7659434K->7571105K(25152768K), 0.0653321 secs] [Times: user=0.68 sys=0.02, real=0.06 secs] 
2014-04-09T12:11:22.125+0900: 81.612: [GC (Allocation Failure) 81.612: [ParNew: 118016K->13056K(118016K), 0.0577508 secs] 7676065K->7586405K(25152768K), 0.0580998 secs] [Times: user=0.60 sys=0.02, real=0.06 secs] 
2014-04-09T12:11:22.279+0900: 81.766: [GC (Allocation Failure) 81.766: [ParNew: 118016K->13056K(118016K), 0.0733920 secs] 7691365K->7602728K(25152768K), 0.0737566 secs] [Times: user=0.73 sys=0.02, real=0.07 secs] 
2014-04-09T12:11:22.460+0900: 81.946: [GC (Allocation Failure) 81.946: [ParNew: 118016K->13056K(118016K), 0.0705884 secs] 7707688K->7619816K(25152768K), 0.0709500 secs] [Times: user=0.74 sys=0.02, real=0.07 secs] 
2014-04-09T12:11:22.650+0900: 82.136: [GC (Allocation Failure) 82.136: [ParNew: 118016K->13056K(118016K), 0.0710063 secs] 7724776K->7634402K(25152768K), 0.0713622 secs] [Times: user=0.77 sys=0.02, real=0.08 secs] 
2014-04-09T12:11:22.815+0900: 82.301: [GC (Allocation Failure) 82.301: [ParNew: 118016K->13056K(118016K), 0.0710818 secs] 7739362K->7653061K(25152768K), 0.0714397 secs] [Times: user=0.74 sys=0.02, real=0.07 secs] 
2014-04-09T12:11:22.979+0900: 82.465: [CMS-concurrent-mark: 0.794/1.288 secs] [Times: user=13.45 sys=1.87, real=1.28 secs] 
2014-04-09T12:11:22.979+0900: 82.466: [CMS-concurrent-preclean-start]
2014-04-09T12:11:22.994+0900: 82.481: [GC (Allocation Failure) 82.481: [ParNew: 118016K->13056K(118016K), 0.0677302 secs] 7758021K->7668849K(25152768K), 0.0680899 secs] [Times: user=0.71 sys=0.02, real=0.07 secs] 
2014-04-09T12:11:23.142+0900: 82.629: [GC (Allocation Failure) 82.629: [ParNew: 118016K->13056K(118016K), 0.0663689 secs] 7773809K->7684018K(25152768K), 0.0667363 secs] [Times: user=0.71 sys=0.01, real=0.06 secs] 
2014-04-09T12:11:23.290+0900: 82.776: [GC (Allocation Failure) 82.776: [ParNew: 118016K->13056K(118016K), 0.0713946 secs] 7788978K->7700239K(25152768K), 0.0717636 secs] [Times: user=0.76 sys=0.02, real=0.08 secs] 
2014-04-09T12:11:23.444+0900: 82.931: [GC (Allocation Failure) 82.931: [ParNew: 118016K->13056K(118016K), 0.0717537 secs] 7805199K->7717645K(25152768K), 0.0721123 secs] [Times: user=0.77 sys=0.01, real=0.07 secs] 
2014-04-09T12:11:23.596+0900: 83.083: [GC (Allocation Failure) 83.083: [ParNew: 118016K->13056K(118016K), 0.0701830 secs] 7822605K->7735035K(25152768K), 0.0705475 secs] [Times: user=0.75 sys=0.02, real=0.07 secs] 
2014-04-09T12:11:23.750+0900: 83.236: [GC (Allocation Failure) 83.236: [ParNew: 118016K->13056K(118016K), 0.0687894 secs] 7839995K->7750690K(25152768K), 0.0691491 secs] [Times: user=0.70 sys=0.02, real=0.07 secs] 
2014-04-09T12:11:23.898+0900: 83.385: [GC (Allocation Failure) 83.385: [ParNew: 118016K->13056K(118016K), 0.0679338 secs] 7855650K->7767605K(25152768K), 0.0682851 secs] [Times: user=0.72 sys=0.01, real=0.07 secs] 
2014-04-09T12:11:24.044+0900: 83.530: [GC (Allocation Failure) 83.531: [ParNew: 118016K->13056K(118016K), 0.0689947 secs] 7872565K->7785782K(25152768K), 0.0693490 secs] [Times: user=0.73 sys=0.01, real=0.07 secs] 
2014-04-09T12:11:24.193+0900: 83.680: [GC (Allocation Failure) 83.680: [ParNew: 118016K->13056K(118016K), 0.0606166 secs] 7890742K->7800609K(25152768K), 0.0609751 secs] [Times: user=0.64 sys=0.02, real=0.06 secs] 
2014-04-09T12:11:24.381+0900: 83.867: [CMS-concurrent-preclean: 0.719/1.402 secs] [Times: user=13.46 sys=2.24, real=1.41 secs] 
2014-04-09T12:11:24.382+0900: 83.869: [GC (Allocation Failure) 83.869: [ParNew: 118016K->13056K(118016K), 0.0681265 secs] 7905569K->7817717K(25152768K), 0.0684650 secs] [Times: user=0.72 sys=0.03, real=0.07 secs] 
2014-04-09T12:11:24.452+0900: 83.939: [GC (CMS Final Remark) [YG occupancy: 13096 K (118016 K)]83.939: [Rescan (parallel) , 0.0195885 secs]83.958: [weak refs processing, 0.0228088 secs]83.981: [class unloading, 0.0522344 secs]84.034: [scrub symbol table, 0.0043002 secs]84.038: [scrub string table, 0.0012354 secs][1 CMS-remark: 7804661K(25034752K)] 7817757K(25152768K), 0.1202396 secs] [Times: user=0.35 sys=0.01, real=0.12 secs] 
2014-04-09T12:11:24.573+0900: 84.059: [CMS-concurrent-sweep-start]
2014-04-09T12:11:24.676+0900: 84.162: [GC (Allocation Failure) 84.162: [ParNew: 118016K->13056K(118016K), 0.0592241 secs] 7850565K->7759795K(25152768K), 0.0595815 secs] [Times: user=0.71 sys=0.01, real=0.06 secs] 
2014-04-09T12:11:24.813+0900: 84.299: [GC (Allocation Failure) 84.299: [ParNew: 118016K->13056K(118016K), 0.0629558 secs] 7805237K->7716948K(25152768K), 0.0633050 secs] [Times: user=0.74 sys=0.01, real=0.06 secs] 
2014-04-09T12:11:24.959+0900: 84.445: [GC (Allocation Failure) 84.445: [ParNew: 118016K->13056K(118016K), 0.0658239 secs] 7758033K->7670163K(25152768K), 0.0661722 secs] [Times: user=0.78 sys=0.01, real=0.07 secs] 
2014-04-09T12:11:25.103+0900: 84.590: [GC (Allocation Failure) 84.590: [ParNew: 118016K->13056K(118016K), 0.0561157 secs] 7711528K->7623616K(25152768K), 0.0564671 secs] [Times: user=0.66 sys=0.01, real=0.05 secs] 
2014-04-09T12:11:25.254+0900: 84.741: [GC (Allocation Failure) 84.741: [ParNew: 118016K->13056K(118016K), 0.0467663 secs] 7669356K->7579692K(25152768K), 0.0471283 secs] [Times: user=0.55 sys=0.01, real=0.05 secs] 
2014-04-09T12:11:25.384+0900: 84.870: [GC (Allocation Failure) 84.871: [ParNew: 118016K->13056K(118016K), 0.0668660 secs] 7629177K->7541736K(25152768K), 0.0672312 secs] [Times: user=0.79 sys=0.01, real=0.07 secs] 
2014-04-09T12:11:25.536+0900: 85.023: [GC (Allocation Failure) 85.023: [ParNew: 118016K->13056K(118016K), 0.0617399 secs] 7596169K->7508832K(25152768K), 0.0621053 secs] [Times: user=0.72 sys=0.01, real=0.06 secs] 
2014-04-09T12:11:25.677+0900: 85.164: [GC (Allocation Failure) 85.164: [ParNew: 118016K->13056K(118016K), 0.0493463 secs] 7564082K->7472890K(25152768K), 0.0496953 secs] [Times: user=0.59 sys=0.01, real=0.05 secs] 
2014-04-09T12:11:25.807+0900: 85.293: [GC (Allocation Failure) 85.293: [ParNew: 118016K->13056K(118016K), 0.0507398 secs] 7525244K->7437025K(25152768K), 0.0510900 secs] [Times: user=0.57 sys=0.01, real=0.05 secs] 
2014-04-09T12:11:25.939+0900: 85.426: [GC (Allocation Failure) 85.426: [ParNew: 118016K->13056K(118016K), 0.0632539 secs] 7490887K->7404279K(25152768K), 0.0636108 secs] [Times: user=0.76 sys=0.01, real=0.07 secs] 
2014-04-09T12:11:26.085+0900: 85.571: [GC (Allocation Failure) 85.572: [ParNew: 118016K->13056K(118016K), 0.0629786 secs] 7454890K->7366393K(25152768K), 0.0633344 secs] [Times: user=0.75 sys=0.01, real=0.06 secs] 
2014-04-09T12:11:26.229+0900: 85.716: [GC (Allocation Failure) 85.716: [ParNew: 118016K->13056K(118016K), 0.0672881 secs] 7419406K->7329763K(25152768K), 0.0676466 secs] [Times: user=0.79 sys=0.02, real=0.07 secs] 
2014-04-09T12:11:26.377+0900: 85.864: [GC (Allocation Failure) 85.864: [ParNew: 118016K->13056K(118016K), 0.0531028 secs] 7381648K->7293665K(25152768K), 0.0534630 secs] [Times: user=0.61 sys=0.02, real=0.06 secs] 
2014-04-09T12:11:26.513+0900: 85.999: [GC (Allocation Failure) 85.999: [ParNew: 118016K->13056K(118016K), 0.0526934 secs] 7343442K->7255605K(25152768K), 0.0530513 secs] [Times: user=0.57 sys=0.00, real=0.05 secs] 
2014-04-09T12:11:26.654+0900: 86.141: [GC (Allocation Failure) 86.141: [ParNew: 118015K->13056K(118016K), 0.0534420 secs] 7300170K->7213504K(25152768K), 0.0537866 secs] [Times: user=0.60 sys=0.01, real=0.05 secs] 
2014-04-09T12:11:26.789+0900: 86.275: [GC (Allocation Failure) 86.275: [ParNew: 118016K->13056K(118016K), 0.0525790 secs] 7266053K->7176927K(25152768K), 0.0529295 secs] [Times: user=0.61 sys=0.02, real=0.06 secs] 
2014-04-09T12:11:26.922+0900: 86.408: [GC (Allocation Failure) 86.408: [ParNew: 118016K->13056K(118016K), 0.0649262 secs] 7231151K->7143794K(25152768K), 0.0652772 secs] [Times: user=0.73 sys=0.02, real=0.06 secs] 
2014-04-09T12:11:27.066+0900: 86.552: [GC (Allocation Failure) 86.552: [ParNew: 118016K->13056K(118016K), 0.0617741 secs] 7198989K->7110566K(25152768K), 0.0621242 secs] [Times: user=0.73 sys=0.01, real=0.06 secs] 
2014-04-09T12:11:27.208+0900: 86.694: [GC (Allocation Failure) 86.694: [ParNew: 118016K->13056K(118016K), 0.0660612 secs] 7165226K->7076588K(25152768K), 0.0664126 secs] [Times: user=0.79 sys=0.01, real=0.07 secs] 
2014-04-09T12:11:27.366+0900: 86.853: [GC (Allocation Failure) 86.853: [ParNew: 118016K->13056K(118016K), 0.0652079 secs] 7134479K->7045576K(25152768K), 0.0655581 secs] [Times: user=0.76 sys=0.02, real=0.07 secs] 
2014-04-09T12:11:27.524+0900: 87.010: [GC (Allocation Failure) 87.011: [ParNew: 118016K->13056K(118016K), 0.0646969 secs] 7091504K->7002985K(25152768K), 0.0650498 secs] [Times: user=0.80 sys=0.01, real=0.06 secs] 
2014-04-09T12:11:27.684+0900: 87.170: [GC (Allocation Failure) 87.170: [ParNew: 118016K->13056K(118016K), 0.0550915 secs] 7046859K->6959030K(25152768K), 0.0554669 secs] [Times: user=0.64 sys=0.01, real=0.05 secs] 
2014-04-09T12:11:27.824+0900: 87.310: [GC (Allocation Failure) 87.311: [ParNew: 118016K->13056K(118016K), 0.0652045 secs] 7011191K->6923097K(25152768K), 0.0656120 secs] [Times: user=0.73 sys=0.02, real=0.06 secs] 
2014-04-09T12:11:27.971+0900: 87.457: [GC (Allocation Failure) 87.457: [ParNew: 118016K->13056K(118016K), 0.0685894 secs] 6974459K->6884698K(25152768K), 0.0689451 secs] [Times: user=0.81 sys=0.01, real=0.06 secs] 
2014-04-09T12:11:28.119+0900: 87.605: [GC (Allocation Failure) 87.605: [ParNew: 118016K->13056K(118016K), 0.0487202 secs] 6935215K->6847057K(25152768K), 0.0490708 secs] [Times: user=0.54 sys=0.02, real=0.05 secs] 
2014-04-09T12:11:28.249+0900: 87.735: [GC (Allocation Failure) 87.736: [ParNew: 117906K->13056K(118016K), 0.0698706 secs] 6906274K->6819168K(25152768K), 0.0702182 secs] [Times: user=0.79 sys=0.02, real=0.07 secs] 
2014-04-09T12:11:28.398+0900: 87.884: [GC (Allocation Failure) 87.884: [ParNew: 118016K->13056K(118016K), 0.0679903 secs] 6875926K->6787070K(25152768K), 0.0683491 secs] [Times: user=0.80 sys=0.01, real=0.07 secs] 
2014-04-09T12:11:28.545+0900: 88.032: [GC (Allocation Failure) 88.032: [ParNew: 118015K->13056K(118016K), 0.0696685 secs] 6845026K->6757830K(25152768K), 0.0700293 secs] [Times: user=0.81 sys=0.01, real=0.07 secs] 
2014-04-09T12:11:28.699+0900: 88.185: [GC (Allocation Failure) 88.185: [ParNew: 118016K->13056K(118016K), 0.0710736 secs] 6811659K->6725203K(25152768K), 0.0714327 secs] [Times: user=0.81 sys=0.02, real=0.07 secs] 
2014-04-09T12:11:28.851+0900: 88.337: [GC (Allocation Failure) 88.337: [ParNew: 118016K->13056K(118016K), 0.0543586 secs] 6783513K->6693627K(25152768K), 0.0547266 secs] [Times: user=0.59 sys=0.02, real=0.05 secs] 
2014-04-09T12:11:28.985+0900: 88.472: [GC (Allocation Failure) 88.472: [ParNew: 118016K->13056K(118016K), 0.0628585 secs] 6750550K->6661632K(25152768K), 0.0632254 secs] [Times: user=0.74 sys=0.00, real=0.06 secs] 
2014-04-09T12:11:29.131+0900: 88.617: [GC (Allocation Failure) 88.618: [ParNew: 118016K->13056K(118016K), 0.0549085 secs] 6715836K->6627612K(25152768K), 0.0552768 secs] [Times: user=0.61 sys=0.01, real=0.06 secs] 
2014-04-09T12:11:29.265+0900: 88.752: [GC (Allocation Failure) 88.752: [ParNew: 118016K->13056K(118016K), 0.0535369 secs] 6683648K->6595528K(25152768K), 0.0538998 secs] [Times: user=0.61 sys=0.01, real=0.05 secs] 
2014-04-09T12:11:29.400+0900: 88.887: [GC (Allocation Failure) 88.887: [ParNew: 118016K->13056K(118016K), 0.0521837 secs] 6651132K->6562055K(25152768K), 0.0525447 secs] [Times: user=0.59 sys=0.01, real=0.06 secs] 
2014-04-09T12:11:29.532+0900: 89.018: [GC (Allocation Failure) 89.018: [ParNew: 118016K->13056K(118016K), 0.0682349 secs] 6620468K->6532686K(25152768K), 0.0686030 secs] [Times: user=0.78 sys=0.02, real=0.06 secs] 
2014-04-09T12:11:29.679+0900: 89.166: [GC (Allocation Failure) 89.166: [ParNew: 118016K->13056K(118016K), 0.0701047 secs] 6591751K->6504278K(25152768K), 0.0704689 secs] [Times: user=0.82 sys=0.01, real=0.07 secs] 
2014-04-09T12:11:29.832+0900: 89.319: [GC (Allocation Failure) 89.319: [ParNew: 118016K->13056K(118016K), 0.0644414 secs] 6558842K->6468264K(25152768K), 0.0648082 secs] [Times: user=0.77 sys=0.01, real=0.06 secs] 
2014-04-09T12:11:29.978+0900: 89.464: [GC (Allocation Failure) 89.464: [ParNew: 118016K->13056K(118016K), 0.0522667 secs] 6526526K->6438722K(25152768K), 0.0526297 secs] [Times: user=0.57 sys=0.01, real=0.05 secs] 
2014-04-09T12:11:30.110+0900: 89.596: [GC (Allocation Failure) 89.597: [ParNew: 118016K->13056K(118016K), 0.0585462 secs] 6495807K->6409543K(25152768K), 0.0589076 secs] [Times: user=0.66 sys=0.01, real=0.06 secs] 
2014-04-09T12:11:30.251+0900: 89.737: [GC (Allocation Failure) 89.738: [ParNew: 118016K->13056K(118016K), 0.0662523 secs] 6462308K->6372930K(25152768K), 0.0666160 secs] [Times: user=0.79 sys=0.01, real=0.07 secs] 
2014-04-09T12:11:30.398+0900: 89.884: [GC (Allocation Failure) 89.884: [ParNew: 118016K->13056K(118016K), 0.0503268 secs] 6429309K->6340247K(25152768K), 0.0506956 secs] [Times: user=0.57 sys=0.00, real=0.05 secs] 
2014-04-09T12:11:30.533+0900: 90.019: [GC (Allocation Failure) 90.019: [ParNew: 118016K->13056K(118016K), 0.0608198 secs] 6393994K->6306210K(25152768K), 0.0611677 secs] [Times: user=0.72 sys=0.01, real=0.06 secs] 
2014-04-09T12:11:30.671+0900: 90.158: [GC (Allocation Failure) 90.158: [ParNew: 118015K->13056K(118016K), 0.0621477 secs] 6366077K->6277848K(25152768K), 0.0625056 secs] [Times: user=0.74 sys=0.01, real=0.07 secs] 
2014-04-09T12:11:30.812+0900: 90.298: [GC (Allocation Failure) 90.299: [ParNew: 118016K->13056K(118016K), 0.0678261 secs] 6336479K->6248645K(25152768K), 0.0681755 secs] [Times: user=0.79 sys=0.02, real=0.06 secs] 
2014-04-09T12:11:30.960+0900: 90.446: [GC (Allocation Failure) 90.446: [ParNew: 118016K->13056K(118016K), 0.0482791 secs] 6304665K->6214866K(25152768K), 0.0486359 secs] [Times: user=0.55 sys=0.01, real=0.05 secs] 
2014-04-09T12:11:31.089+0900: 90.576: [GC (Allocation Failure) 90.576: [ParNew: 118016K->13056K(118016K), 0.0577844 secs] 6270230K->6182783K(25152768K), 0.0581477 secs] [Times: user=0.67 sys=0.01, real=0.06 secs] 
2014-04-09T12:11:31.226+0900: 90.712: [GC (Allocation Failure) 90.712: [ParNew: 118016K->13056K(118016K), 0.0532286 secs] 6240467K->6152947K(25152768K), 0.0535978 secs] [Times: user=0.61 sys=0.01, real=0.05 secs] 
2014-04-09T12:11:31.360+0900: 90.846: [GC (Allocation Failure) 90.847: [ParNew: 118016K->13056K(118016K), 0.0511176 secs] 6209391K->6120841K(25152768K), 0.0514839 secs] [Times: user=0.57 sys=0.02, real=0.06 secs] 
2014-04-09T12:11:31.491+0900: 90.978: [GC (Allocation Failure) 90.978: [ParNew: 118016K->13056K(118016K), 0.0631383 secs] 6184557K->6096227K(25152768K), 0.0635016 secs] [Times: user=0.73 sys=0.01, real=0.06 secs] 
2014-04-09T12:11:31.636+0900: 91.123: [GC (Allocation Failure) 91.123: [ParNew: 118016K->13056K(118016K), 0.0514688 secs] 6149959K->6061356K(25152768K), 0.0518315 secs] [Times: user=0.59 sys=0.01, real=0.05 secs] 
2014-04-09T12:11:31.768+0900: 91.255: [GC (Allocation Failure) 91.255: [ParNew: 118016K->13056K(118016K), 0.0617792 secs] 6116662K->6029864K(25152768K), 0.0621481 secs] [Times: user=0.71 sys=0.02, real=0.06 secs] 
2014-04-09T12:11:31.909+0900: 91.395: [GC (Allocation Failure) 91.395: [ParNew: 118016K->13056K(118016K), 0.0492413 secs] 6089702K->6001011K(25152768K), 0.0496029 secs] [Times: user=0.56 sys=0.01, real=0.05 secs] 
2014-04-09T12:11:32.039+0900: 91.525: [GC (Allocation Failure) 91.526: [ParNew: 118016K->13056K(118016K), 0.0609928 secs] 6054769K->5966533K(25152768K), 0.0613531 secs] [Times: user=0.72 sys=0.01, real=0.06 secs] 
2014-04-09T12:11:32.182+0900: 91.669: [GC (Allocation Failure) 91.669: [ParNew: 118016K->13056K(118016K), 0.0617918 secs] 6026943K->5938450K(25152768K), 0.0621502 secs] [Times: user=0.74 sys=0.00, real=0.06 secs] 
2014-04-09T12:11:32.324+0900: 91.811: [GC (Allocation Failure) 91.811: [ParNew: 118016K->13056K(118016K), 0.0504558 secs] 5994882K->5906180K(25152768K), 0.0508060 secs] [Times: user=0.57 sys=0.01, real=0.05 secs] 
2014-04-09T12:11:32.452+0900: 91.939: [GC (Allocation Failure) 91.939: [ParNew: 118016K->13056K(118016K), 0.0559180 secs] 5966142K->5878029K(25152768K), 0.0562777 secs] [Times: user=0.66 sys=0.01, real=0.05 secs] 
2014-04-09T12:11:32.587+0900: 92.073: [GC (Allocation Failure) 92.074: [ParNew: 118016K->13056K(118016K), 0.0660519 secs] 5951137K->5862452K(25152768K), 0.0664085 secs] [Times: user=0.75 sys=0.02, real=0.07 secs] 
2014-04-09T12:11:32.738+0900: 92.224: [GC (Allocation Failure) 92.224: [ParNew: 118016K->13056K(118016K), 0.0560969 secs] 5948689K->5860610K(25152768K), 0.0564435 secs] [Times: user=0.60 sys=0.01, real=0.06 secs] 
2014-04-09T12:11:32.874+0900: 92.361: [GC (Allocation Failure) 92.361: [ParNew: 118016K->13056K(118016K), 0.0671249 secs] 5950716K->5863579K(25152768K), 0.0674738 secs] [Times: user=0.70 sys=0.01, real=0.07 secs] 
2014-04-09T12:11:33.004+0900: 92.491: [CMS-concurrent-sweep: 4.797/8.431 secs] [Times: user=86.01 sys=14.35, real=8.43 secs] 
2014-04-09T12:11:33.004+0900: 92.491: [CMS-concurrent-reset-start]
2014-04-09T12:11:33.022+0900: 92.509: [GC (Allocation Failure) 92.509: [ParNew: 118016K->13056K(118016K), 0.0523992 secs] 5968539K->5876284K(25152768K), 0.0527493 secs] [Times: user=0.58 sys=0.01, real=0.05 secs] 
2014-04-09T12:11:33.141+0900: 92.628: [CMS-concurrent-reset: 0.082/0.137 secs] [Times: user=1.39 sys=0.27, real=0.13 secs] 
2014-04-09T12:11:33.156+0900: 92.642: [GC (Allocation Failure) 92.643: [ParNew: 118016K->13056K(118016K), 0.0730159 secs] 5981244K->5893563K(25152768K), 0.0733770 secs] [Times: user=0.78 sys=0.03, real=0.07 secs] 
2014-04-09T12:11:33.309+0900: 92.795: [GC (Allocation Failure) 92.796: [ParNew: 118016K->13056K(118016K), 0.0646059 secs] 5998523K->5911458K(25152768K), 0.0649800 secs] [Times: user=0.72 sys=0.02, real=0.07 secs] 
2014-04-09T12:11:33.451+0900: 92.938: [GC (Allocation Failure) 92.938: [ParNew: 118016K->13056K(118016K), 0.0618048 secs] 6016418K->5928113K(25152768K), 0.0621672 secs] [Times: user=0.68 sys=0.01, real=0.07 secs] 
2014-04-09T12:11:33.586+0900: 93.073: [GC (Allocation Failure) 93.073: [ParNew: 118016K->13056K(118016K), 0.0542810 secs] 6033073K->5943973K(25152768K), 0.0546524 secs] [Times: user=0.60 sys=0.02, real=0.05 secs] 
2014-04-09T12:11:33.712+0900: 93.198: [GC (Allocation Failure) 93.199: [ParNew: 118016K->13056K(118016K), 0.0623338 secs] 6048933K->5960724K(25152768K), 0.0627053 secs] [Times: user=0.70 sys=0.01, real=0.06 secs] 
2014-04-09T12:11:33.855+0900: 93.342: [GC (Allocation Failure) 93.342: [ParNew: 118016K->13056K(118016K), 0.0668265 secs] 6065684K->5979250K(25152768K), 0.0671912 secs] [Times: user=0.73 sys=0.02, real=0.07 secs] 
2014-04-09T12:11:33.997+0900: 93.484: [GC (Allocation Failure) 93.484: [ParNew: 118016K->13056K(118016K), 0.0686571 secs] 6084210K->5995431K(25152768K), 0.0690192 secs] [Times: user=0.79 sys=0.01, real=0.07 secs] 
2014-04-09T12:11:34.142+0900: 93.629: [GC (Allocation Failure) 93.629: [ParNew: 118016K->13056K(118016K), 0.0565627 secs] 6100391K->6011353K(25152768K), 0.0569332 secs] [Times: user=0.62 sys=0.00, real=0.05 secs] 
2014-04-09T12:11:34.275+0900: 93.761: [GC (Allocation Failure) 93.761: [ParNew: 118016K->13056K(118016K), 0.0622197 secs] 6116313K->6028892K(25152768K), 0.0625844 secs] [Times: user=0.66 sys=0.03, real=0.06 secs] 
2014-04-09T12:11:34.414+0900: 93.900: [GC (Allocation Failure) 93.900: [ParNew: 118016K->13056K(118016K), 0.0656749 secs] 6133852K->6046454K(25152768K), 0.0660345 secs] [Times: user=0.73 sys=0.01, real=0.06 secs] 
2014-04-09T12:11:34.557+0900: 94.043: [GC (Allocation Failure) 94.044: [ParNew: 118016K->13056K(118016K), 0.0709438 secs] 6151414K->6062980K(25152768K), 0.0713030 secs] [Times: user=0.76 sys=0.01, real=0.07 secs] 
2014-04-09T12:11:34.708+0900: 94.195: [GC (Allocation Failure) 94.195: [ParNew: 118016K->13056K(118016K), 0.0648671 secs] 6167940K->6078608K(25152768K), 0.0652273 secs] [Times: user=0.71 sys=0.02, real=0.07 secs] 
2014-04-09T12:11:34.847+0900: 94.333: [GC (Allocation Failure) 94.333: [ParNew: 118016K->13056K(118016K), 0.0656577 secs] 6183568K->6094827K(25152768K), 0.0660190 secs] [Times: user=0.73 sys=0.02, real=0.07 secs] 
2014-04-09T12:11:34.988+0900: 94.475: [GC (Allocation Failure) 94.475: [ParNew: 118016K->13056K(118016K), 0.0703259 secs] 6199787K->6112480K(25152768K), 0.0706884 secs] [Times: user=0.79 sys=0.02, real=0.07 secs] 
2014-04-09T12:11:35.134+0900: 94.620: [GC (Allocation Failure) 94.621: [ParNew: 118016K->13056K(118016K), 0.0694955 secs] 6217440K->6128984K(25152768K), 0.0698575 secs] [Times: user=0.70 sys=0.02, real=0.07 secs] 
2014-04-09T12:11:35.279+0900: 94.766: [GC (Allocation Failure) 94.766: [ParNew: 118015K->13056K(118016K), 0.0546838 secs] 6233943K->6144623K(25152768K), 0.0550511 secs] [Times: user=0.60 sys=0.02, real=0.06 secs] 
2014-04-09T12:11:35.409+0900: 94.896: [GC (Allocation Failure) 94.896: [ParNew: 118015K->13056K(118016K), 0.0702366 secs] 6249583K->6160905K(25152768K), 0.0706002 secs] [Times: user=0.79 sys=0.02, real=0.07 secs] 
2014-04-09T12:11:35.561+0900: 95.047: [GC (Allocation Failure) 95.048: [ParNew: 118016K->13056K(118016K), 0.0577336 secs] 6265865K->6178055K(25152768K), 0.0580956 secs] [Times: user=0.61 sys=0.01, real=0.06 secs] 
2014-04-09T12:11:35.695+0900: 95.182: [GC (Allocation Failure) 95.182: [ParNew: 118016K->13056K(118016K), 0.0535864 secs] 6283015K->6194529K(25152768K), 0.0539570 secs] [Times: user=0.58 sys=0.01, real=0.05 secs] 
2014-04-09T12:11:35.825+0900: 95.311: [GC (Allocation Failure) 95.312: [ParNew: 118016K->13056K(118016K), 0.0649220 secs] 6299489K->6210912K(25152768K), 0.0652842 secs] [Times: user=0.73 sys=0.01, real=0.06 secs] 
2014-04-09T12:11:35.965+0900: 95.452: [GC (Allocation Failure) 95.452: [ParNew: 118016K->13054K(118016K), 0.0672549 secs] 6315872K->6228826K(25152768K), 0.0676410 secs] [Times: user=0.73 sys=0.01, real=0.07 secs] 
2014-04-09T12:11:36.109+0900: 95.595: [GC (Allocation Failure) 95.596: [ParNew: 118014K->13056K(118016K), 0.0547266 secs] 6333786K->6246217K(25152768K), 0.0550867 secs] [Times: user=0.58 sys=0.01, real=0.06 secs] 
2014-04-09T12:11:36.242+0900: 95.728: [GC (Allocation Failure) 95.728: [ParNew: 118016K->13056K(118016K), 0.0641862 secs] 6351177K->6261103K(25152768K), 0.0645474 secs] [Times: user=0.72 sys=0.02, real=0.07 secs] 
2014-04-09T12:11:36.379+0900: 95.865: [GC (Allocation Failure) 95.866: [ParNew: 118016K->13056K(118016K), 0.0714226 secs] 6366063K->6278730K(25152768K), 0.0717824 secs] [Times: user=0.79 sys=0.02, real=0.07 secs] 
2014-04-09T12:11:36.526+0900: 96.013: [GC (Allocation Failure) 96.013: [ParNew: 118016K->13056K(118016K), 0.0590682 secs] 6383690K->6295251K(25152768K), 0.0594377 secs] [Times: user=0.64 sys=0.01, real=0.06 secs] 
2014-04-09T12:11:36.664+0900: 96.151: [GC (Allocation Failure) 96.151: [ParNew: 118016K->13056K(118016K), 0.0679772 secs] 6400211K->6313181K(25152768K), 0.0683463 secs] [Times: user=0.62 sys=0.02, real=0.07 secs] 
2014-04-09T12:11:36.806+0900: 96.292: [GC (Allocation Failure) 96.293: [ParNew: 118016K->13056K(118016K), 0.0546710 secs] 6418141K->6326726K(25152768K), 0.0550310 secs] [Times: user=0.60 sys=0.01, real=0.05 secs] 
2014-04-09T12:11:36.934+0900: 96.421: [GC (Allocation Failure) 96.421: [ParNew: 118016K->13056K(118016K), 0.0561414 secs] 6431686K->6345625K(25152768K), 0.0564995 secs] [Times: user=0.59 sys=0.02, real=0.05 secs] 
2014-04-09T12:11:37.063+0900: 96.549: [GC (Allocation Failure) 96.549: [ParNew: 118016K->13056K(118016K), 0.0676272 secs] 6450585K->6362637K(25152768K), 0.0679958 secs] [Times: user=0.76 sys=0.01, real=0.06 secs] 
2014-04-09T12:11:37.206+0900: 96.692: [GC (Allocation Failure) 96.692: [ParNew: 118016K->13056K(118016K), 0.0571735 secs] 6467597K->6378935K(25152768K), 0.0575352 secs] [Times: user=0.65 sys=0.02, real=0.06 secs] 
2014-04-09T12:11:37.340+0900: 96.826: [GC (Allocation Failure) 96.827: [ParNew: 118016K->13056K(118016K), 0.0634747 secs] 6483895K->6395213K(25152768K), 0.0638363 secs] [Times: user=0.72 sys=0.02, real=0.07 secs] 
2014-04-09T12:11:37.478+0900: 96.964: [GC (Allocation Failure) 96.964: [ParNew: 118016K->13056K(118016K), 0.0706000 secs] 6500173K->6412212K(25152768K), 0.0709611 secs] [Times: user=0.80 sys=0.02, real=0.07 secs] 
2014-04-09T12:11:37.629+0900: 97.116: [GC (Allocation Failure) 97.116: [ParNew: 118016K->13056K(118016K), 0.0589851 secs] 6517172K->6429884K(25152768K), 0.0593508 secs] [Times: user=0.65 sys=0.01, real=0.06 secs] 
2014-04-09T12:11:37.764+0900: 97.250: [GC (Allocation Failure) 97.250: [ParNew: 118016K->13056K(118016K), 0.0692826 secs] 6534844K->6445868K(25152768K), 0.0696336 secs] [Times: user=0.79 sys=0.02, real=0.07 secs] 
2014-04-09T12:11:37.906+0900: 97.393: [GC (Allocation Failure) 97.393: [ParNew: 118016K->13056K(118016K), 0.0729744 secs] 6550828K->6462526K(25152768K), 0.0733215 secs] [Times: user=0.81 sys=0.03, real=0.07 secs] 
2014-04-09T12:11:38.060+0900: 97.547: [GC (Allocation Failure) 97.547: [ParNew: 118016K->13056K(118016K), 0.0557043 secs] 6567486K->6478351K(25152768K), 0.0560559 secs] [Times: user=0.59 sys=0.02, real=0.06 secs] 
2014-04-09T12:11:38.191+0900: 97.677: [GC (Allocation Failure) 97.678: [ParNew: 118016K->13056K(118016K), 0.0727104 secs] 6583311K->6496373K(25152768K), 0.0730613 secs] [Times: user=0.80 sys=0.01, real=0.08 secs] 
2014-04-09T12:11:38.339+0900: 97.826: [GC (Allocation Failure) 97.826: [ParNew: 118016K->13056K(118016K), 0.0617587 secs] 6601333K->6513988K(25152768K), 0.0621141 secs] [Times: user=0.69 sys=0.01, real=0.06 secs] 
2014-04-09T12:11:38.474+0900: 97.960: [GC (Allocation Failure) 97.960: [ParNew: 118016K->13056K(118016K), 0.0617450 secs] 6618948K->6529685K(25152768K), 0.0620944 secs] [Times: user=0.70 sys=0.02, real=0.06 secs] 
2014-04-09T12:11:38.611+0900: 98.097: [GC (Allocation Failure) 98.097: [ParNew: 118016K->13056K(118016K), 0.0643830 secs] 6634645K->6547587K(25152768K), 0.0647409 secs] [Times: user=0.63 sys=0.02, real=0.07 secs] 
2014-04-09T12:11:38.751+0900: 98.238: [GC (Allocation Failure) 98.238: [ParNew: 118016K->13056K(118016K), 0.0591825 secs] 6652547K->6563687K(25152768K), 0.0595427 secs] [Times: user=0.66 sys=0.02, real=0.06 secs] 
2014-04-09T12:11:38.890+0900: 98.376: [GC (Allocation Failure) 98.376: [ParNew: 118016K->13056K(118016K), 0.0689098 secs] 6668647K->6578664K(25152768K), 0.0692547 secs] [Times: user=0.79 sys=0.01, real=0.07 secs] 
2014-04-09T12:11:39.032+0900: 98.519: [GC (Allocation Failure) 98.519: [ParNew: 118016K->13056K(118016K), 0.0685455 secs] 6683624K->6595772K(25152768K), 0.0689036 secs] [Times: user=0.76 sys=0.03, real=0.07 secs] 
2014-04-09T12:11:39.177+0900: 98.664: [GC (Allocation Failure) 98.664: [ParNew: 118016K->13056K(118016K), 0.0678140 secs] 6700732K->6612890K(25152768K), 0.0681706 secs] [Times: user=0.78 sys=0.02, real=0.07 secs] 
2014-04-09T12:11:39.316+0900: 98.802: [GC (Allocation Failure) 98.803: [ParNew: 118016K->13056K(118016K), 0.0664226 secs] 6717850K->6629449K(25152768K), 0.0667878 secs] [Times: user=0.76 sys=0.01, real=0.07 secs] 
2014-04-09T12:11:39.457+0900: 98.943: [GC (Allocation Failure) 98.943: [ParNew: 118016K->13056K(118016K), 0.0549577 secs] 6734409K->6645415K(25152768K), 0.0553190 secs] [Times: user=0.60 sys=0.02, real=0.05 secs] 
2014-04-09T12:11:39.588+0900: 99.075: [GC (Allocation Failure) 99.075: [ParNew: 118016K->13056K(118016K), 0.0683812 secs] 6750375K->6662977K(25152768K), 0.0687594 secs] [Times: user=0.77 sys=0.01, real=0.07 secs] 
2014-04-09T12:11:39.732+0900: 99.219: [GC (Allocation Failure) 99.219: [ParNew: 118016K->13056K(118016K), 0.0570728 secs] 6767937K->6679386K(25152768K), 0.0574368 secs] [Times: user=0.64 sys=0.01, real=0.05 secs] 
2014-04-09T12:11:39.865+0900: 99.352: [GC (Allocation Failure) 99.352: [ParNew: 118016K->13056K(118016K), 0.0533063 secs] 6784346K->6696699K(25152768K), 0.0536577 secs] [Times: user=0.60 sys=0.01, real=0.05 secs] 
2014-04-09T12:11:39.994+0900: 99.480: [GC (Allocation Failure) 99.480: [ParNew: 118016K->13056K(118016K), 0.0659678 secs] 6801659K->6712340K(25152768K), 0.0663203 secs] [Times: user=0.75 sys=0.01, real=0.06 secs] 
2014-04-09T12:11:40.136+0900: 99.623: [GC (Allocation Failure) 99.623: [ParNew: 118015K->13056K(118016K), 0.0581278 secs] 6817300K->6728705K(25152768K), 0.0584797 secs] [Times: user=0.63 sys=0.03, real=0.06 secs] 
2014-04-09T12:11:40.277+0900: 99.763: [GC (Allocation Failure) 99.764: [ParNew: 118016K->13056K(118016K), 0.0526322 secs] 6833665K->6746481K(25152768K), 0.0529848 secs] [Times: user=0.58 sys=0.01, real=0.05 secs] 
2014-04-09T12:11:40.408+0900: 99.895: [GC (Allocation Failure) 99.895: [ParNew: 118016K->13056K(118016K), 0.0604390 secs] 6851441K->6762937K(25152768K), 0.0607971 secs] [Times: user=0.69 sys=0.01, real=0.06 secs] 
2014-04-09T12:11:40.542+0900: 100.029: [GC (Allocation Failure) 100.029: [ParNew: 118016K->13056K(118016K), 0.0667242 secs] 6867897K->6778850K(25152768K), 0.0670837 secs] [Times: user=0.76 sys=0.02, real=0.06 secs] 
2014-04-09T12:11:40.683+0900: 100.170: [GC (Allocation Failure) 100.170: [ParNew: 118016K->13056K(118016K), 0.0633051 secs] 6883810K->6795641K(25152768K), 0.0636589 secs] [Times: user=0.69 sys=0.02, real=0.06 secs] 
2014-04-09T12:11:40.821+0900: 100.308: [GC (Allocation Failure) 100.308: [ParNew: 118016K->13056K(118016K), 0.0686961 secs] 6900601K->6812814K(25152768K), 0.0690510 secs] [Times: user=0.80 sys=0.01, real=0.07 secs] 
2014-04-09T12:11:40.967+0900: 100.454: [GC (Allocation Failure) 100.454: [ParNew: 118016K->13056K(118016K), 0.0635543 secs] 6917774K->6830722K(25152768K), 0.0639166 secs] [Times: user=0.72 sys=0.00, real=0.06 secs] 
2014-04-09T12:11:41.105+0900: 100.592: [GC (Allocation Failure) 100.592: [ParNew: 118016K->13056K(118016K), 0.0593918 secs] 6935682K->6847161K(25152768K), 0.0597467 secs] [Times: user=0.68 sys=0.00, real=0.06 secs] 
2014-04-09T12:11:41.238+0900: 100.725: [GC (Allocation Failure) 100.725: [ParNew: 118016K->13056K(118016K), 0.0623954 secs] 6952121K->6864136K(25152768K), 0.0627568 secs] [Times: user=0.63 sys=0.01, real=0.06 secs] 
2014-04-09T12:11:41.375+0900: 100.862: [GC (Allocation Failure) 100.862: [ParNew: 118016K->13056K(118016K), 0.0572827 secs] 6969096K->6880798K(25152768K), 0.0576352 secs] [Times: user=0.65 sys=0.01, real=0.06 secs] 
2014-04-09T12:11:41.507+0900: 100.994: [GC (Allocation Failure) 100.994: [ParNew: 118016K->13056K(118016K), 0.0532311 secs] 6985758K->6898507K(25152768K), 0.0535851 secs] [Times: user=0.60 sys=0.01, real=0.05 secs] 
2014-04-09T12:11:41.638+0900: 101.125: [GC (Allocation Failure) 101.125: [ParNew: 118016K->13056K(118016K), 0.0508306 secs] 7003467K->6913174K(25152768K), 0.0511944 secs] [Times: user=0.57 sys=0.02, real=0.05 secs] 
2014-04-09T12:11:41.766+0900: 101.253: [GC (Allocation Failure) 101.253: [ParNew: 118016K->13056K(118016K), 0.0569213 secs] 7018134K->6931064K(25152768K), 0.0572712 secs] [Times: user=0.62 sys=0.00, real=0.06 secs] 
2014-04-09T12:11:41.899+0900: 101.385: [GC (Allocation Failure) 101.386: [ParNew: 118016K->13056K(118016K), 0.0656438 secs] 7036024K->6947820K(25152768K), 0.0659945 secs] [Times: user=0.74 sys=0.02, real=0.07 secs] 
2014-04-09T12:11:42.043+0900: 101.530: [GC (Allocation Failure) 101.530: [ParNew: 118016K->13056K(118016K), 0.0558544 secs] 7052780K->6964045K(25152768K), 0.0562049 secs] [Times: user=0.63 sys=0.01, real=0.05 secs] 
2014-04-09T12:11:42.182+0900: 101.669: [GC (Allocation Failure) 101.669: [ParNew: 118016K->13056K(118016K), 0.0518617 secs] 7069005K->6979690K(25152768K), 0.0522120 secs] [Times: user=0.58 sys=0.02, real=0.05 secs] 
2014-04-09T12:11:42.319+0900: 101.805: [GC (Allocation Failure) 101.806: [ParNew: 118016K->13056K(118016K), 0.0598688 secs] 7084650K->6996894K(25152768K), 0.0602179 secs] [Times: user=0.68 sys=0.01, real=0.06 secs] 
2014-04-09T12:11:42.462+0900: 101.949: [GC (Allocation Failure) 101.949: [ParNew: 118016K->13056K(118016K), 0.0534089 secs] 7101854K->7013524K(25152768K), 0.0537646 secs] [Times: user=0.59 sys=0.02, real=0.06 secs] 
2014-04-09T12:11:42.594+0900: 102.081: [GC (Allocation Failure) 102.081: [ParNew: 118016K->13056K(118016K), 0.0546451 secs] 7118484K->7030887K(25152768K), 0.0549986 secs] [Times: user=0.58 sys=0.02, real=0.05 secs] 
2014-04-09T12:11:42.724+0900: 102.211: [GC (Allocation Failure) 102.211: [ParNew: 118016K->13056K(118016K), 0.0670095 secs] 7135847K->7046543K(25152768K), 0.0673610 secs] [Times: user=0.76 sys=0.02, real=0.06 secs] 
2014-04-09T12:11:42.867+0900: 102.354: [GC (Allocation Failure) 102.354: [ParNew: 118016K->13056K(118016K), 0.0679856 secs] 7151503K->7063343K(25152768K), 0.0683387 secs] [Times: user=0.77 sys=0.02, real=0.07 secs] 
2014-04-09T12:11:43.009+0900: 102.495: [GC (Allocation Failure) 102.496: [ParNew: 118016K->13056K(118016K), 0.0543941 secs] 7168303K->7081180K(25152768K), 0.0547449 secs] [Times: user=0.59 sys=0.01, real=0.06 secs] 
2014-04-09T12:11:43.138+0900: 102.624: [GC (Allocation Failure) 102.625: [ParNew: 118016K->13056K(118016K), 0.0662588 secs] 7186140K->7098441K(25152768K), 0.0666151 secs] [Times: user=0.75 sys=0.02, real=0.07 secs] 
2014-04-09T12:11:43.282+0900: 102.768: [GC (Allocation Failure) 102.769: [ParNew: 118016K->13056K(118016K), 0.0661268 secs] 7203401K->7114671K(25152768K), 0.0664757 secs] [Times: user=0.75 sys=0.02, real=0.07 secs] 
2014-04-09T12:11:43.423+0900: 102.910: [GC (Allocation Failure) 102.910: [ParNew: 118016K->13056K(118016K), 0.0618041 secs] 7219631K->7133281K(25152768K), 0.0621519 secs] [Times: user=0.70 sys=0.01, real=0.06 secs] 
2014-04-09T12:11:43.558+0900: 103.045: [GC (Allocation Failure) 103.045: [ParNew: 118016K->13056K(118016K), 0.0536975 secs] 7238241K->7149000K(25152768K), 0.0540567 secs] [Times: user=0.58 sys=0.01, real=0.05 secs] 
2014-04-09T12:11:43.688+0900: 103.175: [GC (Allocation Failure) 103.175: [ParNew: 118016K->13056K(118016K), 0.0567728 secs] 7253960K->7166248K(25152768K), 0.0571226 secs] [Times: user=0.58 sys=0.01, real=0.06 secs] 
2014-04-09T12:11:43.821+0900: 103.308: [GC (Allocation Failure) 103.308: [ParNew: 118016K->13056K(118016K), 0.0682455 secs] 7271208K->7181679K(25152768K), 0.0685965 secs] [Times: user=0.76 sys=0.02, real=0.07 secs] 
2014-04-09T12:11:43.963+0900: 103.450: [GC (Allocation Failure) 103.450: [ParNew: 118016K->13056K(118016K), 0.0669873 secs] 7286639K->7198616K(25152768K), 0.0673461 secs] [Times: user=0.78 sys=0.01, real=0.07 secs] 
2014-04-09T12:11:44.108+0900: 103.594: [GC (Allocation Failure) 103.595: [ParNew: 118016K->13056K(118016K), 0.0606596 secs] 7303576K->7215917K(25152768K), 0.0610095 secs] [Times: user=0.68 sys=0.02, real=0.06 secs] 
2014-04-09T12:11:44.244+0900: 103.731: [GC (Allocation Failure) 103.731: [ParNew: 118016K->13056K(118016K), 0.0631016 secs] 7320877K->7232961K(25152768K), 0.0634609 secs] [Times: user=0.70 sys=0.02, real=0.06 secs] 
2014-04-09T12:11:44.387+0900: 103.874: [GC (Allocation Failure) 103.874: [ParNew: 118016K->13056K(118016K), 0.0673576 secs] 7337921K->7249002K(25152768K), 0.0677077 secs] [Times: user=0.75 sys=0.02, real=0.07 secs] 
2014-04-09T12:11:44.530+0900: 104.017: [GC (Allocation Failure) 104.017: [ParNew: 118015K->13056K(118016K), 0.0596453 secs] 7353962K->7265624K(25152768K), 0.0600037 secs] [Times: user=0.68 sys=0.02, real=0.06 secs] 
2014-04-09T12:11:44.667+0900: 104.153: [GC (Allocation Failure) 104.153: [ParNew: 118016K->13056K(118016K), 0.0631526 secs] 7370584K->7283013K(25152768K), 0.0635129 secs] [Times: user=0.70 sys=0.02, real=0.06 secs] 
2014-04-09T12:11:44.806+0900: 104.292: [GC (Allocation Failure) 104.292: [ParNew: 118016K->13056K(118016K), 0.0547104 secs] 7387973K->7299149K(25152768K), 0.0550585 secs] [Times: user=0.59 sys=0.02, real=0.05 secs] 
2014-04-09T12:11:44.938+0900: 104.425: [GC (Allocation Failure) 104.425: [ParNew: 118016K->13056K(118016K), 0.0573029 secs] 7404109K->7315212K(25152768K), 0.0576546 secs] [Times: user=0.58 sys=0.02, real=0.06 secs] 
2014-04-09T12:11:45.076+0900: 104.562: [GC (Allocation Failure) 104.562: [ParNew: 118016K->13056K(118016K), 0.0734023 secs] 7420172K->7331590K(25152768K), 0.0737579 secs] [Times: user=0.79 sys=0.02, real=0.07 secs] 
2014-04-09T12:11:45.221+0900: 104.708: [GC (Allocation Failure) 104.708: [ParNew: 118016K->13056K(118016K), 0.0763561 secs] 7436550K->7348702K(25152768K), 0.0767060 secs] [Times: user=0.82 sys=0.02, real=0.08 secs] 
2014-04-09T12:11:45.372+0900: 104.858: [GC (Allocation Failure) 104.858: [ParNew: 118016K->13056K(118016K), 0.0570820 secs] 7453662K->7362520K(25152768K), 0.0574330 secs] [Times: user=0.62 sys=0.02, real=0.06 secs] 
2014-04-09T12:11:45.513+0900: 104.999: [GC (Allocation Failure) 105.000: [ParNew: 118016K->13056K(118016K), 0.0608819 secs] 7467480K->7379023K(25152768K), 0.0612310 secs] [Times: user=0.63 sys=0.02, real=0.07 secs] 
2014-04-09T12:11:45.653+0900: 105.140: [GC (Allocation Failure) 105.140: [ParNew: 118016K->13056K(118016K), 0.0742785 secs] 7483983K->7396905K(25152768K), 0.0746377 secs] [Times: user=0.80 sys=0.03, real=0.08 secs] 
2014-04-09T12:11:45.805+0900: 105.291: [GC (Allocation Failure) 105.292: [ParNew: 118016K->13056K(118016K), 0.0602538 secs] 7501865K->7412973K(25152768K), 0.0606126 secs] [Times: user=0.64 sys=0.01, real=0.06 secs] 
2014-04-09T12:11:45.946+0900: 105.432: [GC (Allocation Failure) 105.432: [ParNew: 117934K->13056K(118016K), 0.0777358 secs] 7517852K->7428569K(25152768K), 0.0780854 secs] [Times: user=0.81 sys=0.02, real=0.08 secs] 
2014-04-09T12:11:46.100+0900: 105.587: [GC (Allocation Failure) 105.587: [ParNew: 118014K->13056K(118016K), 0.0706706 secs] 7533528K->7446802K(25152768K), 0.0710282 secs] [Times: user=0.76 sys=0.02, real=0.07 secs] 
2014-04-09T12:11:46.249+0900: 105.736: [GC (Allocation Failure) 105.736: [ParNew: 118016K->13056K(118016K), 0.0585262 secs] 7551762K->7463086K(25152768K), 0.0588836 secs] [Times: user=0.62 sys=0.01, real=0.06 secs] 
2014-04-09T12:11:46.380+0900: 105.867: [GC (Allocation Failure) 105.867: [ParNew: 118016K->13056K(118016K), 0.0715219 secs] 7568046K->7477301K(25152768K), 0.0718716 secs] [Times: user=0.79 sys=0.01, real=0.07 secs] 
2014-04-09T12:11:46.526+0900: 106.012: [GC (Allocation Failure) 106.013: [ParNew: 118016K->13056K(118016K), 0.0731114 secs] 7582261K->7494764K(25152768K), 0.0734709 secs] [Times: user=0.79 sys=0.01, real=0.07 secs] 
2014-04-09T12:11:46.677+0900: 106.163: [GC (Allocation Failure) 106.164: [ParNew: 118016K->13056K(118016K), 0.0743270 secs] 7599724K->7511882K(25152768K), 0.0746868 secs] [Times: user=0.79 sys=0.02, real=0.07 secs] 
2014-04-09T12:11:46.828+0900: 106.315: [GC (Allocation Failure) 106.315: [ParNew: 118016K->13056K(118016K), 0.0600506 secs] 7616842K->7527846K(25152768K), 0.0604022 secs] [Times: user=0.58 sys=0.02, real=0.06 secs] 
2014-04-09T12:11:46.890+0900: 106.377: [GC (CMS Initial Mark) [1 CMS-initial-mark: 7514790K(25034752K)] 7527873K(25152768K), 0.0024656 secs] [Times: user=0.02 sys=0.00, real=0.00 secs] 
2014-04-09T12:11:46.893+0900: 106.379: [CMS-concurrent-mark-start]
2014-04-09T12:11:46.996+0900: 106.482: [GC (Allocation Failure) 106.483: [ParNew: 118016K->13056K(118016K), 0.0714079 secs] 7632806K->7545051K(25152768K), 0.0717792 secs] [Times: user=0.69 sys=0.02, real=0.07 secs] 
2014-04-09T12:11:47.173+0900: 106.660: [GC (Allocation Failure) 106.660: [ParNew: 118016K->13056K(118016K), 0.0743390 secs] 7650011K->7560576K(25152768K), 0.0747020 secs] [Times: user=0.81 sys=0.03, real=0.08 secs] 
2014-04-09T12:11:47.373+0900: 106.859: [GC (Allocation Failure) 106.860: [ParNew: 118016K->13056K(118016K), 0.0657928 secs] 7665536K->7579811K(25152768K), 0.0661422 secs] [Times: user=0.68 sys=0.02, real=0.07 secs] 
2014-04-09T12:11:47.543+0900: 107.029: [GC (Allocation Failure) 107.029: [ParNew: 118016K->13056K(118016K), 0.0735040 secs] 7684771K->7594106K(25152768K), 0.0738576 secs] [Times: user=0.81 sys=0.02, real=0.08 secs] 
2014-04-09T12:11:47.717+0900: 107.204: [GC (Allocation Failure) 107.204: [ParNew: 118016K->13056K(118016K), 0.0733091 secs] 7699066K->7611952K(25152768K), 0.0736638 secs] [Times: user=0.74 sys=0.03, real=0.07 secs] 
2014-04-09T12:11:47.891+0900: 107.377: [GC (Allocation Failure) 107.378: [ParNew: 118016K->13056K(118016K), 0.0671573 secs] 7716912K->7628875K(25152768K), 0.0675054 secs] [Times: user=0.71 sys=0.02, real=0.07 secs] 
2014-04-09T12:11:48.058+0900: 107.545: [GC (Allocation Failure) 107.545: [ParNew: 118016K->13056K(118016K), 0.0569189 secs] 7733835K->7643670K(25152768K), 0.0572769 secs] [Times: user=0.58 sys=0.03, real=0.06 secs] 
2014-04-09T12:11:48.217+0900: 107.703: [GC (Allocation Failure) 107.703: [ParNew: 118016K->13056K(118016K), 0.0732943 secs] 7748630K->7662092K(25152768K), 0.0736518 secs] [Times: user=0.73 sys=0.02, real=0.07 secs] 
2014-04-09T12:11:48.385+0900: 107.872: [GC (Allocation Failure) 107.872: [ParNew: 118016K->13056K(118016K), 0.0716970 secs] 7767052K->7678768K(25152768K), 0.0720627 secs] [Times: user=0.77 sys=0.03, real=0.07 secs] 
2014-04-09T12:11:48.555+0900: 108.041: [GC (Allocation Failure) 108.042: [ParNew: 118016K->13056K(118016K), 0.0577310 secs] 7783728K->7693945K(25152768K), 0.0580793 secs] [Times: user=0.61 sys=0.02, real=0.05 secs] 
2014-04-09T12:11:48.707+0900: 108.194: [GC (Allocation Failure) 108.194: [ParNew: 118016K->13056K(118016K), 0.0697574 secs] 7798905K->7712602K(25152768K), 0.0701078 secs] [Times: user=0.70 sys=0.04, real=0.07 secs] 
2014-04-09T12:11:48.799+0900: 108.286: [CMS-concurrent-mark: 1.131/1.907 secs] [Times: user=19.85 sys=2.84, real=1.91 secs] 
2014-04-09T12:11:48.800+0900: 108.286: [CMS-concurrent-preclean-start]
2014-04-09T12:11:48.857+0900: 108.344: [GC (Allocation Failure) 108.344: [ParNew: 118016K->13056K(118016K), 0.0670189 secs] 7817562K->7728520K(25152768K), 0.0673727 secs] [Times: user=0.70 sys=0.02, real=0.07 secs] 
2014-04-09T12:11:49.003+0900: 108.490: [GC (Allocation Failure) 108.490: [ParNew: 118016K->13056K(118016K), 0.0695019 secs] 7833480K->7744909K(25152768K), 0.0698538 secs] [Times: user=0.73 sys=0.03, real=0.07 secs] 
2014-04-09T12:11:49.152+0900: 108.638: [GC (Allocation Failure) 108.638: [ParNew: 118016K->13056K(118016K), 0.0706564 secs] 7849869K->7763139K(25152768K), 0.0710089 secs] [Times: user=0.76 sys=0.02, real=0.07 secs] 
2014-04-09T12:11:49.309+0900: 108.795: [GC (Allocation Failure) 108.795: [ParNew: 118016K->13056K(118016K), 0.0690539 secs] 7868099K->7778374K(25152768K), 0.0694291 secs] [Times: user=0.74 sys=0.02, real=0.07 secs] 
2014-04-09T12:11:49.457+0900: 108.943: [GC (Allocation Failure) 108.944: [ParNew: 118016K->13056K(118016K), 0.0719680 secs] 7883334K->7796912K(25152768K), 0.0723195 secs] [Times: user=0.73 sys=0.02, real=0.07 secs] 
2014-04-09T12:11:49.614+0900: 109.101: [GC (Allocation Failure) 109.101: [ParNew: 118016K->13056K(118016K), 0.0592371 secs] 7901872K->7810695K(25152768K), 0.0595875 secs] [Times: user=0.57 sys=0.02, real=0.05 secs] 
2014-04-09T12:11:49.758+0900: 109.245: [GC (Allocation Failure) 109.245: [ParNew: 118016K->13056K(118016K), 0.0609137 secs] 7915655K->7827618K(25152768K), 0.0612724 secs] [Times: user=0.59 sys=0.02, real=0.06 secs] 
2014-04-09T12:11:49.898+0900: 109.385: [GC (Allocation Failure) 109.385: [ParNew: 118016K->13056K(118016K), 0.0757630 secs] 7932578K->7845516K(25152768K), 0.0761150 secs] [Times: user=0.78 sys=0.03, real=0.08 secs] 
2014-04-09T12:11:50.053+0900: 109.539: [GC (Allocation Failure) 109.539: [ParNew: 118016K->13056K(118016K), 0.0671733 secs] 7950476K->7860707K(25152768K), 0.0675259 secs] [Times: user=0.73 sys=0.03, real=0.07 secs] 
2014-04-09T12:11:50.200+0900: 109.686: [GC (Allocation Failure) 109.686: [ParNew: 118016K->13056K(118016K), 0.0746735 secs] 7965667K->7877678K(25152768K), 0.0750346 secs] [Times: user=0.77 sys=0.02, real=0.08 secs] 
2014-04-09T12:11:50.364+0900: 109.851: [GC (Allocation Failure) 109.851: [ParNew: 118016K->13056K(118016K), 0.0722159 secs] 7982638K->7894230K(25152768K), 0.0725624 secs] [Times: user=0.77 sys=0.02, real=0.08 secs] 
2014-04-09T12:11:50.515+0900: 110.001: [GC (Allocation Failure) 110.002: [ParNew: 118016K->13056K(118016K), 0.0763739 secs] 7999190K->7910692K(25152768K), 0.0767260 secs] [Times: user=0.80 sys=0.02, real=0.07 secs] 
2014-04-09T12:11:50.697+0900: 110.183: [CMS-concurrent-preclean: 0.957/1.897 secs] [Times: user=18.33 sys=3.14, real=1.90 secs] 
2014-04-09T12:11:50.698+0900: 110.185: [GC (Allocation Failure) 110.185: [ParNew: 118016K->13056K(118016K), 0.0611183 secs] 8015652K->7928232K(25152768K), 0.0614676 secs] [Times: user=0.61 sys=0.02, real=0.06 secs] 
2014-04-09T12:11:50.761+0900: 110.248: [GC (CMS Final Remark) [YG occupancy: 13099 K (118016 K)]110.248: [Rescan (parallel) , 0.0211663 secs]110.269: [weak refs processing, 0.0043632 secs]110.273: [class unloading, 0.0402245 secs]110.314: [scrub symbol table, 0.0043140 secs]110.318: [scrub string table, 0.0012145 secs][1 CMS-remark: 7915176K(25034752K)] 7928275K(25152768K), 0.0801343 secs] [Times: user=0.32 sys=0.00, real=0.08 secs] 
2014-04-09T12:11:50.842+0900: 110.328: [CMS-concurrent-sweep-start]
2014-04-09T12:11:50.923+0900: 110.410: [GC (Allocation Failure) 110.410: [ParNew: 118016K->13056K(118016K), 0.0576456 secs] 8007918K->7918924K(25152768K), 0.0580100 secs] [Times: user=0.69 sys=0.00, real=0.06 secs] 
2014-04-09T12:11:51.060+0900: 110.546: [GC (Allocation Failure) 110.547: [ParNew: 118016K->13056K(118016K), 0.0629771 secs] 7989781K->7903651K(25152768K), 0.0633300 secs] [Times: user=0.73 sys=0.01, real=0.06 secs] 
2014-04-09T12:11:51.201+0900: 110.688: [GC (Allocation Failure) 110.688: [ParNew: 118016K->13056K(118016K), 0.0544617 secs] 7973394K->7885355K(25152768K), 0.0548157 secs] [Times: user=0.65 sys=0.01, real=0.06 secs] 
2014-04-09T12:11:51.334+0900: 110.820: [GC (Allocation Failure) 110.821: [ParNew: 118016K->13056K(118016K), 0.0505576 secs] 7958671K->7870088K(25152768K), 0.0509103 secs] [Times: user=0.56 sys=0.01, real=0.06 secs] 
2014-04-09T12:11:51.466+0900: 110.953: [GC (Allocation Failure) 110.953: [ParNew: 118016K->13056K(118016K), 0.0617121 secs] 7942512K->7856339K(25152768K), 0.0620710 secs] [Times: user=0.72 sys=0.01, real=0.06 secs] 
2014-04-09T12:11:51.608+0900: 111.095: [GC (Allocation Failure) 111.095: [ParNew: 118015K->13056K(118016K), 0.0581222 secs] 7929271K->7841821K(25152768K), 0.0584779 secs] [Times: user=0.67 sys=0.00, real=0.06 secs] 
2014-04-09T12:11:51.749+0900: 111.235: [GC (Allocation Failure) 111.236: [ParNew: 118016K->13056K(118016K), 0.0574675 secs] 7916322K->7826866K(25152768K), 0.0578178 secs] [Times: user=0.64 sys=0.02, real=0.06 secs] 
2014-04-09T12:11:51.888+0900: 111.375: [GC (Allocation Failure) 111.375: [ParNew: 118016K->13056K(118016K), 0.0620095 secs] 7897895K->7810069K(25152768K), 0.0623659 secs] [Times: user=0.71 sys=0.02, real=0.06 secs] 
2014-04-09T12:11:52.031+0900: 111.517: [GC (Allocation Failure) 111.517: [ParNew: 118016K->13056K(118016K), 0.0621610 secs] 7883571K->7796635K(25152768K), 0.0625135 secs] [Times: user=0.72 sys=0.02, real=0.06 secs] 
2014-04-09T12:11:52.173+0900: 111.660: [GC (Allocation Failure) 111.660: [ParNew: 118016K->13056K(118016K), 0.0594885 secs] 7866918K->7777418K(25152768K), 0.0598426 secs] [Times: user=0.69 sys=0.01, real=0.06 secs] 
2014-04-09T12:11:52.318+0900: 111.804: [GC (Allocation Failure) 111.805: [ParNew: 118016K->13056K(118016K), 0.0584244 secs] 7846176K->7757203K(25152768K), 0.0587777 secs] [Times: user=0.69 sys=0.01, real=0.06 secs] 
2014-04-09T12:11:52.457+0900: 111.944: [GC (Allocation Failure) 111.944: [ParNew: 118016K->13056K(118016K), 0.0651162 secs] 7830116K->7742327K(25152768K), 0.0654834 secs] [Times: user=0.76 sys=0.01, real=0.06 secs] 
2014-04-09T12:11:52.605+0900: 112.091: [GC (Allocation Failure) 112.092: [ParNew: 118016K->13056K(118016K), 0.0617994 secs] 7810422K->7723666K(25152768K), 0.0621517 secs] [Times: user=0.72 sys=0.01, real=0.06 secs] 
2014-04-09T12:11:52.750+0900: 112.237: [GC (Allocation Failure) 112.237: [ParNew: 118016K->13056K(118016K), 0.0592880 secs] 7793071K->7704108K(25152768K), 0.0596527 secs] [Times: user=0.70 sys=0.01, real=0.06 secs] 
2014-04-09T12:11:52.895+0900: 112.381: [GC (Allocation Failure) 112.381: [ParNew: 118016K->13056K(118016K), 0.0598673 secs] 7773889K->7685622K(25152768K), 0.0602198 secs] [Times: user=0.70 sys=0.01, real=0.06 secs] 
2014-04-09T12:11:53.033+0900: 112.519: [GC (Allocation Failure) 112.519: [ParNew: 118016K->13056K(118016K), 0.0633090 secs] 7757269K->7670406K(25152768K), 0.0636688 secs] [Times: user=0.72 sys=0.02, real=0.07 secs] 
2014-04-09T12:11:53.175+0900: 112.662: [GC (Allocation Failure) 112.662: [ParNew: 118016K->13056K(118016K), 0.0559729 secs] 7741167K->7651551K(25152768K), 0.0563314 secs] [Times: user=0.66 sys=0.01, real=0.05 secs] 
2014-04-09T12:11:53.311+0900: 112.797: [GC (Allocation Failure) 112.797: [ParNew: 118016K->13056K(118016K), 0.0639463 secs] 7724698K->7635711K(25152768K), 0.0643086 secs] [Times: user=0.74 sys=0.02, real=0.07 secs] 
2014-04-09T12:11:53.455+0900: 112.942: [GC (Allocation Failure) 112.942: [ParNew: 118016K->13056K(118016K), 0.0565990 secs] 7709895K->7624288K(25152768K), 0.0569719 secs] [Times: user=0.65 sys=0.01, real=0.05 secs] 
2014-04-09T12:11:53.594+0900: 113.081: [GC (Allocation Failure) 113.081: [ParNew: 118016K->13056K(118016K), 0.0635793 secs] 7695846K->7607578K(25152768K), 0.0639449 secs] [Times: user=0.75 sys=0.01, real=0.06 secs] 
2014-04-09T12:11:53.742+0900: 113.229: [GC (Allocation Failure) 113.229: [ParNew: 118016K->13056K(118016K), 0.0577907 secs] 7689871K->7602294K(25152768K), 0.0581501 secs] [Times: user=0.66 sys=0.01, real=0.06 secs] 
2014-04-09T12:11:53.881+0900: 113.368: [GC (Allocation Failure) 113.368: [ParNew: 118016K->13056K(118016K), 0.0606351 secs] 7686961K->7598930K(25152768K), 0.0610019 secs] [Times: user=0.71 sys=0.00, real=0.06 secs] 
2014-04-09T12:11:54.022+0900: 113.508: [GC (Allocation Failure) 113.509: [ParNew: 118016K->13056K(118016K), 0.0607456 secs] 7684155K->7597054K(25152768K), 0.0611124 secs] [Times: user=0.70 sys=0.01, real=0.06 secs] 
2014-04-09T12:11:54.170+0900: 113.656: [GC (Allocation Failure) 113.656: [ParNew: 118016K->13056K(118016K), 0.0559024 secs] 7683355K->7595334K(25152768K), 0.0562630 secs] [Times: user=0.63 sys=0.01, real=0.06 secs] 
2014-04-09T12:11:54.306+0900: 113.792: [GC (Allocation Failure) 113.792: [ParNew: 118016K->13056K(118016K), 0.0559024 secs] 7677428K->7589138K(25152768K), 0.0562741 secs] [Times: user=0.65 sys=0.01, real=0.05 secs] 
2014-04-09T12:11:54.442+0900: 113.928: [GC (Allocation Failure) 113.929: [ParNew: 118016K->13056K(118016K), 0.0591395 secs] 7673855K->7584714K(25152768K), 0.0595262 secs] [Times: user=0.69 sys=0.02, real=0.06 secs] 
2014-04-09T12:11:54.580+0900: 114.066: [GC (Allocation Failure) 114.066: [ParNew: 118016K->13056K(118016K), 0.0628298 secs] 7675333K->7588615K(25152768K), 0.0631902 secs] [Times: user=0.71 sys=0.01, real=0.06 secs] 
2014-04-09T12:11:54.725+0900: 114.212: [GC (Allocation Failure) 114.212: [ParNew: 118016K->13056K(118016K), 0.0635888 secs] 7678238K->7589005K(25152768K), 0.0639628 secs] [Times: user=0.75 sys=0.02, real=0.06 secs] 
2014-04-09T12:11:54.870+0900: 114.357: [GC (Allocation Failure) 114.357: [ParNew: 118016K->13056K(118016K), 0.0600883 secs] 7679113K->7592183K(25152768K), 0.0604666 secs] [Times: user=0.68 sys=0.01, real=0.06 secs] 
2014-04-09T12:11:55.010+0900: 114.496: [GC (Allocation Failure) 114.496: [ParNew: 118016K->13056K(118016K), 0.0671527 secs] 7685171K->7596145K(25152768K), 0.0675192 secs] [Times: user=0.76 sys=0.02, real=0.07 secs] 
2014-04-09T12:11:55.158+0900: 114.644: [GC (Allocation Failure) 114.645: [ParNew: 118016K->13056K(118016K), 0.0642749 secs] 7685487K->7597456K(25152768K), 0.0646365 secs] [Times: user=0.74 sys=0.01, real=0.06 secs] 
2014-04-09T12:11:55.322+0900: 114.808: [GC (Allocation Failure) 114.809: [ParNew: 118016K->13056K(118016K), 0.0610352 secs] 7685601K->7597378K(25152768K), 0.0613948 secs] [Times: user=0.71 sys=0.01, real=0.06 secs] 
2014-04-09T12:11:55.464+0900: 114.951: [GC (Allocation Failure) 114.951: [ParNew: 118016K->13056K(118016K), 0.0589399 secs] 7686827K->7599493K(25152768K), 0.0593050 secs] [Times: user=0.67 sys=0.01, real=0.06 secs] 
2014-04-09T12:11:55.600+0900: 115.087: [GC (Allocation Failure) 115.087: [ParNew: 118016K->13056K(118016K), 0.0582913 secs] 7689819K->7601947K(25152768K), 0.0586544 secs] [Times: user=0.67 sys=0.01, real=0.06 secs] 
2014-04-09T12:11:55.737+0900: 115.224: [GC (Allocation Failure) 115.224: [ParNew: 118016K->13056K(118016K), 0.0551924 secs] 7663613K->7575672K(25152768K), 0.0555474 secs] [Times: user=0.65 sys=0.01, real=0.05 secs] 
2014-04-09T12:11:55.875+0900: 115.362: [GC (Allocation Failure) 115.362: [ParNew: 118016K->13056K(118016K), 0.0572496 secs] 7636436K->7547283K(25152768K), 0.0576020 secs] [Times: user=0.69 sys=0.00, real=0.05 secs] 
2014-04-09T12:11:56.014+0900: 115.500: [GC (Allocation Failure) 115.500: [ParNew: 118016K->13056K(118016K), 0.0579729 secs] 7606693K->7519601K(25152768K), 0.0583241 secs] [Times: user=0.69 sys=0.02, real=0.06 secs] 
2014-04-09T12:11:56.156+0900: 115.643: [GC (Allocation Failure) 115.643: [ParNew: 118016K->13056K(118016K), 0.0605092 secs] 7576501K->7489121K(25152768K), 0.0608569 secs] [Times: user=0.70 sys=0.00, real=0.06 secs] 
2014-04-09T12:11:56.295+0900: 115.782: [GC (Allocation Failure) 115.782: [ParNew: 118016K->13056K(118016K), 0.0598258 secs] 7546589K->7458903K(25152768K), 0.0601757 secs] [Times: user=0.71 sys=0.02, real=0.06 secs] 
2014-04-09T12:11:56.437+0900: 115.924: [GC (Allocation Failure) 115.924: [ParNew: 118016K->13056K(118016K), 0.0604277 secs] 7512965K->7423584K(25152768K), 0.0607839 secs] [Times: user=0.71 sys=0.01, real=0.06 secs] 
2014-04-09T12:11:56.534+0900: 116.020: [CMS-concurrent-sweep: 3.223/5.692 secs] [Times: user=57.99 sys=9.61, real=5.69 secs] 
2014-04-09T12:11:56.534+0900: 116.020: [CMS-concurrent-reset-start]
2014-04-09T12:11:56.586+0900: 116.073: [GC (Allocation Failure) 116.073: [ParNew: 118016K->13056K(118016K), 0.0673157 secs] 7528536K->7441240K(25152768K), 0.0676636 secs] [Times: user=0.72 sys=0.02, real=0.06 secs] 
2014-04-09T12:11:56.686+0900: 116.172: [CMS-concurrent-reset: 0.082/0.152 secs] [Times: user=1.52 sys=0.27, real=0.16 secs] 
2014-04-09T12:11:56.730+0900: 116.217: [GC (Allocation Failure) 116.217: [ParNew: 118016K->13056K(118016K), 0.0587331 secs] 7546200K->7459156K(25152768K), 0.0590900 secs] [Times: user=0.65 sys=0.02, real=0.06 secs] 
2014-04-09T12:11:56.862+0900: 116.348: [GC (Allocation Failure) 116.348: [ParNew: 118016K->13056K(118016K), 0.0583812 secs] 7564116K->7473764K(25152768K), 0.0587415 secs] [Times: user=0.64 sys=0.02, real=0.06 secs] 
2014-04-09T12:11:57.001+0900: 116.488: [GC (Allocation Failure) 116.488: [ParNew: 118016K->13056K(118016K), 0.0799802 secs] 7578724K->7496253K(25152768K), 0.0803493 secs] [Times: user=0.86 sys=0.01, real=0.08 secs] 
2014-04-09T12:11:57.157+0900: 116.644: [GC (Allocation Failure) 116.644: [ParNew: 118016K->13056K(118016K), 0.0722832 secs] 7601213K->7521804K(25152768K), 0.0726411 secs] [Times: user=0.84 sys=0.01, real=0.07 secs] 
2014-04-09T12:11:57.324+0900: 116.811: [GC (Allocation Failure) 116.811: [ParNew: 118016K->13056K(118016K), 0.0966390 secs] 7626764K->7561739K(25152768K), 0.0970041 secs] [Times: user=1.14 sys=0.01, real=0.10 secs] 
2014-04-09T12:11:57.423+0900: 116.909: [GC (CMS Initial Mark) [1 CMS-initial-mark: 7548683K(25034752K)] 7561767K(25152768K), 0.0214241 secs] [Times: user=0.05 sys=0.00, real=0.02 secs] 
2014-04-09T12:11:57.444+0900: 116.931: [CMS-concurrent-mark-start]
2014-04-09T12:11:57.551+0900: 117.038: [GC (Allocation Failure) 117.038: [ParNew: 118016K->13056K(118016K), 0.0825950 secs] 7666699K->7583245K(25152768K), 0.0829597 secs] [Times: user=1.00 sys=0.01, real=0.08 secs] 
2014-04-09T12:11:57.732+0900: 117.218: [GC (Allocation Failure) 117.218: [ParNew: 118016K->13056K(118016K), 0.0719739 secs] 7688205K->7601533K(25152768K), 0.0723305 secs] [Times: user=0.82 sys=0.01, real=0.07 secs] 
2014-04-09T12:11:57.909+0900: 117.396: [GC (Allocation Failure) 117.396: [ParNew: 118016K->13056K(118016K), 0.0667482 secs] 7706493K->7618642K(25152768K), 0.0671064 secs] [Times: user=0.72 sys=0.01, real=0.07 secs] 
2014-04-09T12:11:58.068+0900: 117.554: [GC (Allocation Failure) 117.554: [ParNew: 118016K->13056K(118016K), 0.0626464 secs] 7723602K->7634634K(25152768K), 0.0630152 secs] [Times: user=0.71 sys=0.01, real=0.06 secs] 
2014-04-09T12:11:58.229+0900: 117.715: [GC (Allocation Failure) 117.715: [ParNew: 118016K->13056K(118016K), 0.0648456 secs] 7739594K->7651733K(25152768K), 0.0652139 secs] [Times: user=0.72 sys=0.02, real=0.06 secs] 
2014-04-09T12:11:58.409+0900: 117.896: [GC (Allocation Failure) 117.896: [ParNew: 118016K->13056K(118016K), 0.0663257 secs] 7756693K->7667625K(25152768K), 0.0666894 secs] [Times: user=0.75 sys=0.01, real=0.07 secs] 
2014-04-09T12:11:58.578+0900: 118.065: [GC (Allocation Failure) 118.065: [ParNew: 118016K->13056K(118016K), 0.0596921 secs] 7772585K->7685708K(25152768K), 0.0600531 secs] [Times: user=0.64 sys=0.01, real=0.06 secs] 
2014-04-09T12:11:58.740+0900: 118.226: [GC (Allocation Failure) 118.226: [ParNew: 118016K->13056K(118016K), 0.0593619 secs] 7790668K->7702600K(25152768K), 0.0597248 secs] [Times: user=0.65 sys=0.01, real=0.06 secs] 
2014-04-09T12:11:58.905+0900: 118.392: [GC (Allocation Failure) 118.392: [ParNew: 118016K->13056K(118016K), 0.0620672 secs] 7807560K->7719284K(25152768K), 0.0624291 secs] [Times: user=0.69 sys=0.02, real=0.06 secs] 
2014-04-09T12:11:59.062+0900: 118.549: [GC (Allocation Failure) 118.549: [ParNew: 118016K->13056K(118016K), 0.0744267 secs] 7824244K->7735308K(25152768K), 0.0747967 secs] [Times: user=0.76 sys=0.03, real=0.08 secs] 
2014-04-09T12:11:59.232+0900: 118.718: [GC (Allocation Failure) 118.719: [ParNew: 118016K->13056K(118016K), 0.0731279 secs] 7840268K->7753768K(25152768K), 0.0734975 secs] [Times: user=0.74 sys=0.03, real=0.08 secs] 
2014-04-09T12:11:59.411+0900: 118.898: [GC (Allocation Failure) 118.898: [ParNew: 118016K->13056K(118016K), 0.0622883 secs] 7858728K->7768829K(25152768K), 0.0626644 secs] [Times: user=0.60 sys=0.02, real=0.06 secs] 
2014-04-09T12:11:59.568+0900: 119.054: [GC (Allocation Failure) 119.054: [ParNew: 118016K->13056K(118016K), 0.0663246 secs] 7873789K->7785709K(25152768K), 0.0666987 secs] [Times: user=0.69 sys=0.03, real=0.06 secs] 
2014-04-09T12:11:59.718+0900: 119.205: [CMS-concurrent-mark: 1.376/2.274 secs] [Times: user=24.07 sys=3.37, real=2.28 secs] 
2014-04-09T12:11:59.718+0900: 119.205: [CMS-concurrent-preclean-start]
2014-04-09T12:11:59.732+0900: 119.219: [GC (Allocation Failure) 119.219: [ParNew: 118016K->13056K(118016K), 0.0729026 secs] 7890669K->7802612K(25152768K), 0.0732683 secs] [Times: user=0.79 sys=0.02, real=0.08 secs] 
2014-04-09T12:11:59.885+0900: 119.372: [GC (Allocation Failure) 119.372: [ParNew: 118016K->13056K(118016K), 0.0735036 secs] 7907572K->7819831K(25152768K), 0.0738716 secs] [Times: user=0.77 sys=0.02, real=0.07 secs] 
2014-04-09T12:12:00.046+0900: 119.533: [GC (Allocation Failure) 119.533: [ParNew: 118016K->13056K(118016K), 0.0705608 secs] 7924791K->7836257K(25152768K), 0.0709316 secs] [Times: user=0.73 sys=0.02, real=0.07 secs] 
2014-04-09T12:12:00.196+0900: 119.682: [GC (Allocation Failure) 119.682: [ParNew: 118016K->13056K(118016K), 0.0668066 secs] 7941217K->7855060K(25152768K), 0.0671750 secs] [Times: user=0.69 sys=0.02, real=0.06 secs] 
2014-04-09T12:12:00.347+0900: 119.833: [GC (Allocation Failure) 119.834: [ParNew: 118016K->13056K(118016K), 0.0677269 secs] 7960020K->7869292K(25152768K), 0.0680845 secs] [Times: user=0.75 sys=0.02, real=0.06 secs] 
2014-04-09T12:12:00.504+0900: 119.991: [GC (Allocation Failure) 119.991: [ParNew: 118016K->13056K(118016K), 0.0723747 secs] 7974252K->7887208K(25152768K), 0.0727347 secs] [Times: user=0.76 sys=0.02, real=0.08 secs] 
2014-04-09T12:12:00.658+0900: 120.145: [GC (Allocation Failure) 120.145: [ParNew: 118016K->13056K(118016K), 0.0566591 secs] 7992168K->7902827K(25152768K), 0.0570163 secs] [Times: user=0.60 sys=0.01, real=0.05 secs] 
2014-04-09T12:12:00.793+0900: 120.280: [GC (Allocation Failure) 120.280: [ParNew: 117961K->13056K(118016K), 0.0598972 secs] 8007733K->7919535K(25152768K), 0.0602535 secs] [Times: user=0.59 sys=0.02, real=0.06 secs] 
2014-04-09T12:12:00.934+0900: 120.420: [GC (Allocation Failure) 120.421: [ParNew: 118016K->13056K(118016K), 0.0670604 secs] 8024495K->7935888K(25152768K), 0.0674190 secs] [Times: user=0.70 sys=0.03, real=0.07 secs] 
2014-04-09T12:12:01.090+0900: 120.576: [GC (Allocation Failure) 120.576: [ParNew: 118016K->13056K(118016K), 0.0692829 secs] 8040848K->7954267K(25152768K), 0.0696377 secs] [Times: user=0.73 sys=0.03, real=0.07 secs] 
2014-04-09T12:12:01.241+0900: 120.728: [GC (Allocation Failure) 120.728: [ParNew: 118015K->13056K(118016K), 0.0631563 secs] 8059227K->7970597K(25152768K), 0.0635124 secs] [Times: user=0.67 sys=0.02, real=0.06 secs] 
2014-04-09T12:12:01.386+0900: 120.873: [GC (Allocation Failure) 120.873: [ParNew: 118016K->13056K(118016K), 0.0659981 secs] 8075557K->7985319K(25152768K), 0.0663582 secs] [Times: user=0.70 sys=0.02, real=0.06 secs] 
2014-04-09T12:12:01.535+0900: 121.021: [GC (Allocation Failure) 121.021: [ParNew: 118016K->13056K(118016K), 0.0672051 secs] 8090279K->8002494K(25152768K), 0.0675623 secs] [Times: user=0.69 sys=0.04, real=0.07 secs] 
2014-04-09T12:12:01.679+0900: 121.165: [GC (Allocation Failure) 121.165: [ParNew: 118016K->13056K(118016K), 0.0664684 secs] 8107454K->8020333K(25152768K), 0.0668262 secs] [Times: user=0.69 sys=0.02, real=0.07 secs] 
2014-04-09T12:12:01.866+0900: 121.353: [CMS-concurrent-preclean: 1.090/2.148 secs] [Times: user=20.68 sys=3.47, real=2.15 secs] 
2014-04-09T12:12:01.867+0900: 121.354: [GC (Allocation Failure) 121.354: [ParNew: 118016K->13056K(118016K), 0.0680836 secs] 8125293K->8036739K(25152768K), 0.0684240 secs] [Times: user=0.71 sys=0.02, real=0.07 secs] 
2014-04-09T12:12:01.937+0900: 121.424: [GC (CMS Final Remark) [YG occupancy: 13070 K (118016 K)]121.424: [Rescan (parallel) , 0.0199150 secs]121.444: [weak refs processing, 0.0014249 secs]121.445: [class unloading, 0.0404373 secs]121.486: [scrub symbol table, 0.0042954 secs]121.490: [scrub string table, 0.0012148 secs][1 CMS-remark: 8023683K(25034752K)] 8036753K(25152768K), 0.0746296 secs] [Times: user=0.30 sys=0.00, real=0.07 secs] 
2014-04-09T12:12:02.012+0900: 121.499: [CMS-concurrent-sweep-start]
2014-04-09T12:12:02.097+0900: 121.583: [GC (Allocation Failure) 121.584: [ParNew: 118016K->13056K(118016K), 0.0644430 secs] 8130527K->8041395K(25152768K), 0.0648010 secs] [Times: user=0.73 sys=0.01, real=0.06 secs] 
2014-04-09T12:12:02.245+0900: 121.732: [GC (Allocation Failure) 121.732: [ParNew: 118016K->13056K(118016K), 0.0643966 secs] 8127921K->8040826K(25152768K), 0.0647642 secs] [Times: user=0.75 sys=0.01, real=0.07 secs] 
2014-04-09T12:12:02.395+0900: 121.882: [GC (Allocation Failure) 121.882: [ParNew: 118016K->13056K(118016K), 0.0596954 secs] 8135137K->8047802K(25152768K), 0.0600687 secs] [Times: user=0.71 sys=0.00, real=0.06 secs] 
2014-04-09T12:12:02.535+0900: 122.022: [GC (Allocation Failure) 122.022: [ParNew: 118016K->13056K(118016K), 0.0642150 secs] 8144112K->8052120K(25152768K), 0.0645708 secs] [Times: user=0.72 sys=0.01, real=0.07 secs] 
2014-04-09T12:12:02.682+0900: 122.168: [GC (Allocation Failure) 122.169: [ParNew: 118016K->13056K(118016K), 0.0641747 secs] 8150391K->8064179K(25152768K), 0.0645391 secs] [Times: user=0.69 sys=0.02, real=0.07 secs] 
2014-04-09T12:12:02.828+0900: 122.314: [GC (Allocation Failure) 122.314: [ParNew: 118016K->13056K(118016K), 0.0680872 secs] 8162685K->8072990K(25152768K), 0.0684441 secs] [Times: user=0.76 sys=0.02, real=0.06 secs] 
2014-04-09T12:12:02.980+0900: 122.466: [GC (Allocation Failure) 122.467: [ParNew: 118016K->13056K(118016K), 0.0703498 secs] 8170922K->8082785K(25152768K), 0.0707064 secs] [Times: user=0.77 sys=0.02, real=0.07 secs] 
2014-04-09T12:12:03.132+0900: 122.619: [GC (Allocation Failure) 122.619: [ParNew: 118016K->13056K(118016K), 0.0632622 secs] 8179701K->8092306K(25152768K), 0.0636198 secs] [Times: user=0.70 sys=0.01, real=0.06 secs] 
2014-04-09T12:12:03.277+0900: 122.763: [GC (Allocation Failure) 122.764: [ParNew: 118016K->13056K(118016K), 0.0586907 secs] 8190504K->8102096K(25152768K), 0.0590495 secs] [Times: user=0.66 sys=0.02, real=0.05 secs] 
2014-04-09T12:12:03.415+0900: 122.902: [GC (Allocation Failure) 122.902: [ParNew: 118016K->13056K(118016K), 0.0630309 secs] 8199303K->8111034K(25152768K), 0.0633953 secs] [Times: user=0.71 sys=0.02, real=0.07 secs] 
2014-04-09T12:12:03.557+0900: 123.044: [GC (Allocation Failure) 123.044: [ParNew: 118016K->13056K(118016K), 0.0694896 secs] 8209353K->8120652K(25152768K), 0.0698462 secs] [Times: user=0.78 sys=0.01, real=0.07 secs] 
2014-04-09T12:12:03.707+0900: 123.193: [GC (Allocation Failure) 123.194: [ParNew: 118016K->13056K(118016K), 0.0670412 secs] 8219710K->8131460K(25152768K), 0.0673982 secs] [Times: user=0.72 sys=0.01, real=0.06 secs] 
2014-04-09T12:12:03.856+0900: 123.342: [GC (Allocation Failure) 123.342: [ParNew: 118016K->13056K(118016K), 0.0626360 secs] 8228435K->8141378K(25152768K), 0.0630055 secs] [Times: user=0.69 sys=0.01, real=0.07 secs] 
2014-04-09T12:12:03.996+0900: 123.483: [GC (Allocation Failure) 123.483: [ParNew: 118016K->13056K(118016K), 0.0608317 secs] 8235235K->8147809K(25152768K), 0.0611993 secs] [Times: user=0.65 sys=0.02, real=0.06 secs] 
2014-04-09T12:12:04.138+0900: 123.625: [GC (Allocation Failure) 123.625: [ParNew: 118016K->13056K(118016K), 0.0664520 secs] 8244027K->8154469K(25152768K), 0.0668267 secs] [Times: user=0.72 sys=0.01, real=0.06 secs] 
2014-04-09T12:12:04.285+0900: 123.771: [GC (Allocation Failure) 123.771: [ParNew: 118016K->13056K(118016K), 0.0685732 secs] 8249454K->8161185K(25152768K), 0.0689408 secs] [Times: user=0.73 sys=0.01, real=0.07 secs] 
2014-04-09T12:12:04.439+0900: 123.926: [GC (Allocation Failure) 123.926: [ParNew: 118016K->13056K(118016K), 0.0671172 secs] 8244717K->8158292K(25152768K), 0.0674856 secs] [Times: user=0.70 sys=0.03, real=0.07 secs] 
2014-04-09T12:12:04.588+0900: 124.074: [GC (Allocation Failure) 124.074: [ParNew: 118016K->13056K(118016K), 0.0631717 secs] 8240842K->8149684K(25152768K), 0.0635292 secs] [Times: user=0.68 sys=0.01, real=0.06 secs] 
2014-04-09T12:12:04.734+0900: 124.221: [GC (Allocation Failure) 124.221: [ParNew: 118016K->13056K(118016K), 0.0685413 secs] 8233604K->8146266K(25152768K), 0.0689072 secs] [Times: user=0.72 sys=0.02, real=0.07 secs] 
2014-04-09T12:12:04.883+0900: 124.369: [GC (Allocation Failure) 124.369: [ParNew: 118016K->13056K(118016K), 0.0708554 secs] 8229312K->8141631K(25152768K), 0.0712140 secs] [Times: user=0.76 sys=0.02, real=0.07 secs] 
2014-04-09T12:12:05.041+0900: 124.528: [GC (Allocation Failure) 124.528: [ParNew: 118016K->13056K(118016K), 0.0675166 secs] 8220459K->8132052K(25152768K), 0.0678698 secs] [Times: user=0.72 sys=0.01, real=0.07 secs] 
2014-04-09T12:12:05.194+0900: 124.681: [GC (Allocation Failure) 124.681: [ParNew: 118016K->13056K(118016K), 0.0685866 secs] 8213117K->8123834K(25152768K), 0.0689400 secs] [Times: user=0.75 sys=0.02, real=0.07 secs] 
2014-04-09T12:12:05.345+0900: 124.832: [GC (Allocation Failure) 124.832: [ParNew: 118016K->13056K(118016K), 0.0689833 secs] 8207104K->8119343K(25152768K), 0.0693505 secs] [Times: user=0.75 sys=0.01, real=0.07 secs] 
2014-04-09T12:12:05.496+0900: 124.982: [GC (Allocation Failure) 124.982: [ParNew: 118016K->13056K(118016K), 0.0645836 secs] 8204182K->8116022K(25152768K), 0.0649518 secs] [Times: user=0.71 sys=0.00, real=0.07 secs] 
2014-04-09T12:12:05.644+0900: 125.131: [GC (Allocation Failure) 125.131: [ParNew: 118016K->13056K(118016K), 0.0619777 secs] 8211132K->8122093K(25152768K), 0.0623338 secs] [Times: user=0.64 sys=0.03, real=0.07 secs] 
2014-04-09T12:12:05.793+0900: 125.279: [GC (Allocation Failure) 125.279: [ParNew: 118016K->13056K(118016K), 0.0687165 secs] 8222206K->8133079K(25152768K), 0.0690689 secs] [Times: user=0.73 sys=0.02, real=0.07 secs] 
2014-04-09T12:12:05.940+0900: 125.427: [GC (Allocation Failure) 125.427: [ParNew: 118016K->13056K(118016K), 0.0691010 secs] 8218551K->8131005K(25152768K), 0.0694610 secs] [Times: user=0.75 sys=0.02, real=0.07 secs] 
2014-04-09T12:12:06.087+0900: 125.573: [GC (Allocation Failure) 125.573: [ParNew: 118016K->13056K(118016K), 0.0665558 secs] 8232818K->8145332K(25152768K), 0.0669107 secs] [Times: user=0.72 sys=0.03, real=0.06 secs] 
2014-04-09T12:12:06.236+0900: 125.723: [GC (Allocation Failure) 125.723: [ParNew: 118016K->13056K(118016K), 0.0711938 secs] 8246874K->8157397K(25152768K), 0.0715480 secs] [Times: user=0.73 sys=0.03, real=0.07 secs] 
2014-04-09T12:12:06.393+0900: 125.880: [GC (Allocation Failure) 125.880: [ParNew: 118016K->13056K(118016K), 0.0709865 secs] 8259333K->8171009K(25152768K), 0.0713424 secs] [Times: user=0.72 sys=0.02, real=0.07 secs] 
2014-04-09T12:12:06.542+0900: 126.028: [GC (Allocation Failure) 126.028: [ParNew: 118016K->13056K(118016K), 0.0695864 secs] 8275446K->8188386K(25152768K), 0.0699521 secs] [Times: user=0.72 sys=0.03, real=0.07 secs] 
2014-04-09T12:12:06.702+0900: 126.189: [GC (Allocation Failure) 126.189: [ParNew: 118016K->13056K(118016K), 0.0641255 secs] 8292283K->8203377K(25152768K), 0.0644835 secs] [Times: user=0.66 sys=0.03, real=0.07 secs] 
2014-04-09T12:12:06.843+0900: 126.329: [GC (Allocation Failure) 126.329: [ParNew: 118016K->13056K(118016K), 0.0582997 secs] 8307988K->8219212K(25152768K), 0.0586641 secs] [Times: user=0.58 sys=0.02, real=0.06 secs] 
2014-04-09T12:12:06.983+0900: 126.470: [GC (Allocation Failure) 126.470: [ParNew: 118016K->13056K(118016K), 0.0624599 secs] 8246083K->8158086K(25152768K), 0.0628179 secs] [Times: user=0.75 sys=0.00, real=0.06 secs] 
2014-04-09T12:12:07.111+0900: 126.597: [CMS-concurrent-sweep: 2.794/5.098 secs] [Times: user=50.45 sys=8.60, real=5.10 secs] 
2014-04-09T12:12:07.111+0900: 126.597: [CMS-concurrent-reset-start]
2014-04-09T12:12:07.127+0900: 126.613: [GC (Allocation Failure) 126.613: [ParNew: 118016K->13056K(118016K), 0.0588588 secs] 8187284K->8101817K(25152768K), 0.0592179 secs] [Times: user=0.71 sys=0.01, real=0.05 secs] 
2014-04-09T12:12:07.271+0900: 126.757: [GC (Allocation Failure) 126.758: [ParNew: 118016K->13056K(118016K), 0.0578547 secs] 8206777K->8117289K(25152768K), 0.0582114 secs] [Times: user=0.69 sys=0.01, real=0.06 secs] 
2014-04-09T12:12:07.332+0900: 126.818: [CMS-concurrent-reset: 0.100/0.221 secs] [Times: user=2.38 sys=0.30, real=0.22 secs] 
2014-04-09T12:12:07.408+0900: 126.895: [GC (Allocation Failure) 126.895: [ParNew: 118016K->13056K(118016K), 0.0495679 secs] 8222249K->8133579K(25152768K), 0.0499234 secs] [Times: user=0.52 sys=0.02, real=0.05 secs] 
2014-04-09T12:12:07.460+0900: 126.946: [GC (CMS Initial Mark) [1 CMS-initial-mark: 8120523K(25034752K)] 8133614K(25152768K), 0.0022574 secs] [Times: user=0.01 sys=0.00, real=0.00 secs] 
2014-04-09T12:12:07.462+0900: 126.948: [CMS-concurrent-mark-start]
2014-04-09T12:12:07.565+0900: 127.052: [GC (Allocation Failure) 127.052: [ParNew: 118016K->13056K(118016K), 0.0519210 secs] 8238539K->8150894K(25152768K), 0.0523070 secs] [Times: user=0.56 sys=0.02, real=0.06 secs] 
2014-04-09T12:12:07.723+0900: 127.210: [GC (Allocation Failure) 127.210: [ParNew: 118015K->13056K(118016K), 0.0632517 secs] 8255854K->8166651K(25152768K), 0.0636041 secs] [Times: user=0.73 sys=0.02, real=0.07 secs] 
2014-04-09T12:12:07.886+0900: 127.373: [GC (Allocation Failure) 127.373: [ParNew: 118016K->13056K(118016K), 0.0549536 secs] 8271611K->8182824K(25152768K), 0.0553161 secs] [Times: user=0.54 sys=0.01, real=0.06 secs] 
2014-04-09T12:12:08.036+0900: 127.523: [GC (Allocation Failure) 127.523: [ParNew: 118016K->13056K(118016K), 0.0671742 secs] 8287784K->8200307K(25152768K), 0.0675297 secs] [Times: user=0.72 sys=0.02, real=0.06 secs] 
2014-04-09T12:12:08.199+0900: 127.685: [GC (Allocation Failure) 127.686: [ParNew: 118016K->13056K(118016K), 0.0498672 secs] 8305267K->8212947K(25152768K), 0.0502188 secs] [Times: user=0.54 sys=0.01, real=0.05 secs] 
2014-04-09T12:12:08.351+0900: 127.837: [GC (Allocation Failure) 127.837: [ParNew: 118016K->13056K(118016K), 0.0690146 secs] 8317907K->8230275K(25152768K), 0.0693690 secs] [Times: user=0.74 sys=0.02, real=0.07 secs] 
2014-04-09T12:12:08.523+0900: 128.010: [GC (Allocation Failure) 128.010: [ParNew: 118016K->13056K(118016K), 0.0529182 secs] 8335235K->8248278K(25152768K), 0.0532794 secs] [Times: user=0.56 sys=0.02, real=0.05 secs] 
2014-04-09T12:12:08.669+0900: 128.155: [GC (Allocation Failure) 128.155: [ParNew: 118016K->13056K(118016K), 0.0688746 secs] 8353238K->8264641K(25152768K), 0.0692272 secs] [Times: user=0.74 sys=0.02, real=0.07 secs] 
2014-04-09T12:12:08.832+0900: 128.319: [GC (Allocation Failure) 128.319: [ParNew: 118016K->13056K(118016K), 0.0809012 secs] 8369601K->8280759K(25152768K), 0.0812621 secs] [Times: user=0.77 sys=0.04, real=0.08 secs] 
2014-04-09T12:12:09.002+0900: 128.488: [GC (Allocation Failure) 128.488: [ParNew: 118016K->13056K(118016K), 0.0695696 secs] 8385719K->8297566K(25152768K), 0.0699382 secs] [Times: user=0.59 sys=0.03, real=0.07 secs] 
2014-04-09T12:12:09.164+0900: 128.650: [GC (Allocation Failure) 128.651: [ParNew: 118016K->13056K(118016K), 0.0580936 secs] 8402526K->8314305K(25152768K), 0.0584485 secs] [Times: user=0.55 sys=0.03, real=0.06 secs] 
2014-04-09T12:12:09.325+0900: 128.811: [GC (Allocation Failure) 128.812: [ParNew: 118016K->13056K(118016K), 0.0737405 secs] 8419265K->8330463K(25152768K), 0.0740951 secs] [Times: user=0.78 sys=0.02, real=0.08 secs] 
2014-04-09T12:12:09.495+0900: 128.982: [GC (Allocation Failure) 128.982: [ParNew: 118016K->13056K(118016K), 0.0748202 secs] 8435423K->8347807K(25152768K), 0.0751821 secs] [Times: user=0.78 sys=0.03, real=0.08 secs] 
2014-04-09T12:12:09.670+0900: 129.157: [GC (Allocation Failure) 129.157: [ParNew: 118016K->13056K(118016K), 0.0573898 secs] 8452767K->8364064K(25152768K), 0.0577449 secs] [Times: user=0.57 sys=0.02, real=0.06 secs] 
2014-04-09T12:12:09.833+0900: 129.320: [GC (Allocation Failure) 129.320: [ParNew: 118015K->13056K(118016K), 0.0737430 secs] 8469024K->8380540K(25152768K), 0.0740981 secs] [Times: user=0.77 sys=0.02, real=0.07 secs] 
2014-04-09T12:12:10.010+0900: 129.496: [GC (Allocation Failure) 129.496: [ParNew: 118016K->13056K(118016K), 0.0564967 secs] 8485500K->8397019K(25152768K), 0.0568540 secs] [Times: user=0.56 sys=0.01, real=0.05 secs] 
2014-04-09T12:12:10.164+0900: 129.651: [CMS-concurrent-mark: 1.649/2.702 secs] [Times: user=28.09 sys=4.20, real=2.70 secs] 
2014-04-09T12:12:10.164+0900: 129.651: [CMS-concurrent-preclean-start]
2014-04-09T12:12:10.166+0900: 129.653: [GC (Allocation Failure) 129.653: [ParNew: 118016K->13056K(118016K), 0.0724452 secs] 8501979K->8414707K(25152768K), 0.0727925 secs] [Times: user=0.75 sys=0.03, real=0.08 secs] 
2014-04-09T12:12:10.326+0900: 129.813: [GC (Allocation Failure) 129.813: [ParNew: 118016K->13056K(118016K), 0.0686490 secs] 8519667K->8430503K(25152768K), 0.0690148 secs] [Times: user=0.72 sys=0.02, real=0.07 secs] 
2014-04-09T12:12:10.478+0900: 129.965: [GC (Allocation Failure) 129.965: [ParNew: 118016K->13056K(118016K), 0.0685421 secs] 8535463K->8447687K(25152768K), 0.0689150 secs] [Times: user=0.73 sys=0.02, real=0.06 secs] 
2014-04-09T12:12:10.634+0900: 130.121: [GC (Allocation Failure) 130.121: [ParNew: 118016K->13056K(118016K), 0.0694025 secs] 8552647K->8464213K(25152768K), 0.0697529 secs] [Times: user=0.74 sys=0.02, real=0.07 secs] 
2014-04-09T12:12:10.782+0900: 130.268: [GC (Allocation Failure) 130.269: [ParNew: 118016K->13056K(118016K), 0.0702574 secs] 8569173K->8480433K(25152768K), 0.0706179 secs] [Times: user=0.73 sys=0.02, real=0.07 secs] 
2014-04-09T12:12:10.931+0900: 130.418: [GC (Allocation Failure) 130.418: [ParNew: 118016K->13056K(118016K), 0.0724965 secs] 8585393K->8496896K(25152768K), 0.0728548 secs] [Times: user=0.78 sys=0.02, real=0.07 secs] 
2014-04-09T12:12:11.086+0900: 130.573: [GC (Allocation Failure) 130.573: [ParNew: 118016K->13056K(118016K), 0.0592480 secs] 8601856K->8513545K(25152768K), 0.0596091 secs] [Times: user=0.60 sys=0.02, real=0.06 secs] 
2014-04-09T12:12:11.224+0900: 130.710: [GC (Allocation Failure) 130.710: [ParNew: 118016K->13056K(118016K), 0.0734040 secs] 8618505K->8531033K(25152768K), 0.0737575 secs] [Times: user=0.74 sys=0.02, real=0.08 secs] 
2014-04-09T12:12:11.379+0900: 130.865: [GC (Allocation Failure) 130.865: [ParNew: 118016K->13056K(118016K), 0.0595647 secs] 8635993K->8546172K(25152768K), 0.0599326 secs] [Times: user=0.55 sys=0.02, real=0.06 secs] 
2014-04-09T12:12:11.516+0900: 131.003: [GC (Allocation Failure) 131.003: [ParNew: 118016K->13056K(118016K), 0.0711549 secs] 8651132K->8564039K(25152768K), 0.0715256 secs] [Times: user=0.71 sys=0.03, real=0.08 secs] 
2014-04-09T12:12:11.671+0900: 131.158: [GC (Allocation Failure) 131.158: [ParNew: 118016K->13056K(118016K), 0.0694213 secs] 8668999K->8580694K(25152768K), 0.0697924 secs] [Times: user=0.73 sys=0.01, real=0.07 secs] 
2014-04-09T12:12:11.824+0900: 131.311: [GC (Allocation Failure) 131.311: [ParNew: 118016K->13056K(118016K), 0.0706761 secs] 8685654K->8595025K(25152768K), 0.0710424 secs] [Times: user=0.76 sys=0.02, real=0.07 secs] 
2014-04-09T12:12:11.977+0900: 131.464: [GC (Allocation Failure) 131.464: [ParNew: 118016K->13056K(118016K), 0.0716828 secs] 8699985K->8611972K(25152768K), 0.0720541 secs] [Times: user=0.73 sys=0.02, real=0.07 secs] 
2014-04-09T12:12:12.126+0900: 131.613: [GC (Allocation Failure) 131.613: [ParNew: 118016K->13056K(118016K), 0.0775125 secs] 8716932K->8628996K(25152768K), 0.0778793 secs] [Times: user=0.78 sys=0.02, real=0.08 secs] 
2014-04-09T12:12:12.326+0900: 131.813: [CMS-concurrent-preclean: 1.057/2.162 secs] [Times: user=20.75 sys=3.45, real=2.16 secs] 
2014-04-09T12:12:12.328+0900: 131.814: [GC (Allocation Failure) 131.814: [ParNew: 118016K->13056K(118016K), 0.0707342 secs] 8733956K->8647046K(25152768K), 0.0710809 secs] [Times: user=0.72 sys=0.04, real=0.07 secs] 
2014-04-09T12:12:12.400+0900: 131.887: [GC (CMS Final Remark) [YG occupancy: 13083 K (118016 K)]131.887: [Rescan (parallel) , 0.0201584 secs]131.907: [weak refs processing, 0.0009591 secs]131.908: [class unloading, 0.0425700 secs]131.951: [scrub symbol table, 0.0048289 secs]131.956: [scrub string table, 0.0014067 secs][1 CMS-remark: 8633990K(25034752K)] 8647074K(25152768K), 0.0771919 secs] [Times: user=0.31 sys=0.00, real=0.08 secs] 
2014-04-09T12:12:12.478+0900: 131.964: [CMS-concurrent-sweep-start]
2014-04-09T12:12:12.559+0900: 132.045: [GC (Allocation Failure) 132.046: [ParNew: 118016K->13056K(118016K), 0.0543767 secs] 8745401K->8656426K(25152768K), 0.0547502 secs] [Times: user=0.55 sys=0.02, real=0.05 secs] 
2014-04-09T12:12:12.694+0900: 132.181: [GC (Allocation Failure) 132.181: [ParNew: 118016K->13056K(118016K), 0.0611985 secs] 8751835K->8663873K(25152768K), 0.0615631 secs] [Times: user=0.64 sys=0.01, real=0.06 secs] 
2014-04-09T12:12:12.836+0900: 132.322: [GC (Allocation Failure) 132.322: [ParNew: 118016K->13056K(118016K), 0.0671500 secs] 8762508K->8674564K(25152768K), 0.0675142 secs] [Times: user=0.74 sys=0.02, real=0.07 secs] 
2014-04-09T12:12:12.983+0900: 132.470: [GC (Allocation Failure) 132.470: [ParNew: 118016K->13056K(118016K), 0.0693256 secs] 8775244K->8687086K(25152768K), 0.0697166 secs] [Times: user=0.74 sys=0.01, real=0.07 secs] 
2014-04-09T12:12:13.140+0900: 132.627: [GC (Allocation Failure) 132.627: [ParNew: 118016K->13056K(118016K), 0.0648538 secs] 8786137K->8698456K(25152768K), 0.0652173 secs] [Times: user=0.70 sys=0.02, real=0.06 secs] 
2014-04-09T12:12:13.291+0900: 132.777: [GC (Allocation Failure) 132.777: [ParNew: 118016K->13056K(118016K), 0.0559741 secs] 8801563K->8712442K(25152768K), 0.0563352 secs] [Times: user=0.61 sys=0.02, real=0.05 secs] 
2014-04-09T12:12:13.435+0900: 132.922: [GC (Allocation Failure) 132.922: [ParNew: 118016K->13056K(118016K), 0.0572961 secs] 8814269K->8725826K(25152768K), 0.0576672 secs] [Times: user=0.64 sys=0.01, real=0.06 secs] 
2014-04-09T12:12:13.574+0900: 133.060: [GC (Allocation Failure) 133.060: [ParNew: 118016K->13056K(118016K), 0.0658653 secs] 8826850K->8739045K(25152768K), 0.0662326 secs] [Times: user=0.71 sys=0.01, real=0.07 secs] 
2014-04-09T12:12:13.733+0900: 133.219: [GC (Allocation Failure) 133.219: [ParNew: 118016K->13056K(118016K), 0.0607120 secs] 8841556K->8752527K(25152768K), 0.0610716 secs] [Times: user=0.63 sys=0.03, real=0.06 secs] 
2014-04-09T12:12:13.871+0900: 133.358: [GC (Allocation Failure) 133.358: [ParNew: 117978K->13056K(118016K), 0.0726275 secs] 8856310K->8769471K(25152768K), 0.0729948 secs] [Times: user=0.78 sys=0.01, real=0.07 secs] 
2014-04-09T12:12:14.022+0900: 133.509: [GC (Allocation Failure) 133.509: [ParNew: 118016K->13056K(118016K), 0.0552489 secs] 8873328K->8782938K(25152768K), 0.0556163 secs] [Times: user=0.53 sys=0.02, real=0.06 secs] 
2014-04-09T12:12:14.175+0900: 133.661: [GC (Allocation Failure) 133.661: [ParNew: 118016K->13056K(118016K), 0.0771338 secs] 8886274K->8799087K(25152768K), 0.0776032 secs] [Times: user=0.79 sys=0.02, real=0.08 secs] 
2014-04-09T12:12:14.335+0900: 133.821: [GC (Allocation Failure) 133.821: [ParNew: 118016K->13056K(118016K), 0.0691084 secs] 8899740K->8812609K(25152768K), 0.0694756 secs] [Times: user=0.75 sys=0.01, real=0.07 secs] 
2014-04-09T12:12:14.485+0900: 133.971: [GC (Allocation Failure) 133.972: [ParNew: 118016K->13056K(118016K), 0.0569440 secs] 8913224K->8824672K(25152768K), 0.0573223 secs] [Times: user=0.59 sys=0.03, real=0.06 secs] 
2014-04-09T12:12:14.623+0900: 134.109: [GC (Allocation Failure) 134.109: [ParNew: 118016K->13056K(118016K), 0.0540713 secs] 8924967K->8835927K(25152768K), 0.0544391 secs] [Times: user=0.55 sys=0.03, real=0.05 secs] 
2014-04-09T12:12:14.755+0900: 134.242: [GC (Allocation Failure) 134.242: [ParNew: 118016K->13056K(118016K), 0.0649527 secs] 8935178K->8847577K(25152768K), 0.0653284 secs] [Times: user=0.70 sys=0.02, real=0.07 secs] 
2014-04-09T12:12:14.903+0900: 134.389: [GC (Allocation Failure) 134.390: [ParNew: 118016K->13056K(118016K), 0.0689218 secs] 8947526K->8858717K(25152768K), 0.0692976 secs] [Times: user=0.76 sys=0.03, real=0.07 secs] 
2014-04-09T12:12:15.057+0900: 134.543: [GC (Allocation Failure) 134.544: [ParNew: 118016K->13056K(118016K), 0.0640959 secs] 8957322K->8867288K(25152768K), 0.0644684 secs] [Times: user=0.72 sys=0.01, real=0.07 secs] 
2014-04-09T12:12:15.202+0900: 134.689: [GC (Allocation Failure) 134.689: [ParNew: 118016K->13056K(118016K), 0.0727415 secs] 8967655K->8879384K(25152768K), 0.0731092 secs] [Times: user=0.77 sys=0.01, real=0.07 secs] 
2014-04-09T12:12:15.354+0900: 134.841: [GC (Allocation Failure) 134.841: [ParNew: 118016K->13056K(118016K), 0.0716795 secs] 8976770K->8889723K(25152768K), 0.0720504 secs] [Times: user=0.70 sys=0.02, real=0.07 secs] 
2014-04-09T12:12:15.506+0900: 134.992: [GC (Allocation Failure) 134.992: [ParNew: 118016K->13056K(118016K), 0.0615833 secs] 8982685K->8894413K(25152768K), 0.0619625 secs] [Times: user=0.70 sys=0.01, real=0.06 secs] 
2014-04-09T12:12:15.651+0900: 135.138: [GC (Allocation Failure) 135.138: [ParNew: 118016K->13056K(118016K), 0.0506217 secs] 8987671K->8899417K(25152768K), 0.0509985 secs] [Times: user=0.54 sys=0.03, real=0.05 secs] 
2014-04-09T12:12:15.784+0900: 135.270: [GC (Allocation Failure) 135.270: [ParNew: 118016K->13056K(118016K), 0.0673234 secs] 8983750K->8896824K(25152768K), 0.0677177 secs] [Times: user=0.70 sys=0.01, real=0.07 secs] 
2014-04-09T12:12:15.930+0900: 135.416: [GC (Allocation Failure) 135.417: [ParNew: 117959K->13056K(118016K), 0.0567505 secs] 8979462K->8891524K(25152768K), 0.0571189 secs] [Times: user=0.57 sys=0.03, real=0.05 secs] 
2014-04-09T12:12:16.068+0900: 135.555: [GC (Allocation Failure) 135.555: [ParNew: 118016K->13056K(118016K), 0.0687315 secs] 8972455K->8885754K(25152768K), 0.0691190 secs] [Times: user=0.75 sys=0.01, real=0.07 secs] 
2014-04-09T12:12:16.221+0900: 135.707: [GC (Allocation Failure) 135.707: [ParNew: 118016K->13056K(118016K), 0.0685634 secs] 8970633K->8882272K(25152768K), 0.0689221 secs] [Times: user=0.75 sys=0.01, real=0.07 secs] 
2014-04-09T12:12:16.370+0900: 135.856: [GC (Allocation Failure) 135.856: [ParNew: 118016K->13056K(118016K), 0.0629756 secs] 8964129K->8876939K(25152768K), 0.0633338 secs] [Times: user=0.70 sys=0.00, real=0.06 secs] 
2014-04-09T12:12:16.513+0900: 136.000: [GC (Allocation Failure) 136.000: [ParNew: 118016K->13056K(118016K), 0.0682016 secs] 8960948K->8873094K(25152768K), 0.0685772 secs] [Times: user=0.76 sys=0.01, real=0.07 secs] 
2014-04-09T12:12:16.659+0900: 136.146: [GC (Allocation Failure) 136.146: [ParNew: 118016K->13056K(118016K), 0.0632147 secs] 8954715K->8865593K(25152768K), 0.0635816 secs] [Times: user=0.70 sys=0.01, real=0.06 secs] 
2014-04-09T12:12:16.803+0900: 136.289: [GC (Allocation Failure) 136.290: [ParNew: 118016K->13056K(118016K), 0.0666379 secs] 8958514K->8869293K(25152768K), 0.0670063 secs] [Times: user=0.76 sys=0.01, real=0.07 secs] 
2014-04-09T12:12:16.950+0900: 136.437: [GC (Allocation Failure) 136.437: [ParNew: 118011K->13056K(118016K), 0.0615009 secs] 8960078K->8872229K(25152768K), 0.0618783 secs] [Times: user=0.71 sys=0.01, real=0.06 secs] 
2014-04-09T12:12:17.091+0900: 136.577: [GC (Allocation Failure) 136.578: [ParNew: 118016K->13056K(118016K), 0.0611462 secs] 8959829K->8872907K(25152768K), 0.0615129 secs] [Times: user=0.71 sys=0.01, real=0.06 secs] 
2014-04-09T12:12:17.234+0900: 136.720: [GC (Allocation Failure) 136.721: [ParNew: 118016K->13056K(118016K), 0.0488048 secs] 8958719K->8869927K(25152768K), 0.0491714 secs] [Times: user=0.56 sys=0.01, real=0.05 secs] 
2014-04-09T12:12:17.364+0900: 136.850: [GC (Allocation Failure) 136.851: [ParNew: 118015K->13056K(118016K), 0.0492120 secs] 8958352K->8870000K(25152768K), 0.0495713 secs] [Times: user=0.55 sys=0.01, real=0.05 secs] 
2014-04-09T12:12:17.496+0900: 136.983: [GC (Allocation Failure) 136.983: [ParNew: 118016K->13056K(118016K), 0.0534774 secs] 8871637K->8785793K(25152768K), 0.0538342 secs] [Times: user=0.63 sys=0.01, real=0.06 secs] 
2014-04-09T12:12:17.594+0900: 137.081: [CMS-concurrent-sweep: 2.855/5.116 secs] [Times: user=50.23 sys=8.76, real=5.11 secs] 
2014-04-09T12:12:17.594+0900: 137.081: [CMS-concurrent-reset-start]
2014-04-09T12:12:17.632+0900: 137.119: [GC (Allocation Failure) 137.119: [ParNew: 118016K->13056K(118016K), 0.0575485 secs] 8890747K->8803547K(25152768K), 0.0579111 secs] [Times: user=0.69 sys=0.00, real=0.06 secs] 
2014-04-09T12:12:17.736+0900: 137.223: [CMS-concurrent-reset: 0.083/0.142 secs] [Times: user=1.48 sys=0.23, real=0.14 secs] 
2014-04-09T12:12:17.775+0900: 137.262: [GC (Allocation Failure) 137.262: [ParNew: 118016K->13056K(118016K), 0.0521380 secs] 8908507K->8819267K(25152768K), 0.0524916 secs] [Times: user=0.61 sys=0.00, real=0.05 secs] 
2014-04-09T12:12:17.830+0900: 137.317: [GC (CMS Initial Mark) [1 CMS-initial-mark: 8806211K(25034752K)] 8820739K(25152768K), 0.0022373 secs] [Times: user=0.02 sys=0.00, real=0.00 secs] 
2014-04-09T12:12:17.833+0900: 137.319: [CMS-concurrent-mark-start]
2014-04-09T12:12:17.932+0900: 137.418: [GC (Allocation Failure) 137.418: [ParNew: 118016K->13056K(118016K), 0.0535260 secs] 8924227K->8836988K(25152768K), 0.0538936 secs] [Times: user=0.59 sys=0.01, real=0.05 secs] 
2014-04-09T12:12:18.079+0900: 137.566: [GC (Allocation Failure) 137.566: [ParNew: 118016K->13056K(118016K), 0.0530357 secs] 8941948K->8853737K(25152768K), 0.0534285 secs] [Times: user=0.57 sys=0.01, real=0.05 secs] 
2014-04-09T12:12:18.223+0900: 137.709: [GC (Allocation Failure) 137.710: [ParNew: 118016K->13056K(118016K), 0.0523779 secs] 8958697K->8869099K(25152768K), 0.0527430 secs] [Times: user=0.55 sys=0.01, real=0.05 secs] 
2014-04-09T12:12:18.387+0900: 137.873: [GC (Allocation Failure) 137.874: [ParNew: 118016K->13056K(118016K), 0.0563131 secs] 8974059K->8885491K(25152768K), 0.0566794 secs] [Times: user=0.58 sys=0.02, real=0.06 secs] 
2014-04-09T12:12:18.550+0900: 138.036: [GC (Allocation Failure) 138.037: [ParNew: 118016K->13056K(118016K), 0.0728558 secs] 8990451K->8903588K(25152768K), 0.0732231 secs] [Times: user=0.79 sys=0.02, real=0.07 secs] 
2014-04-09T12:12:18.746+0900: 138.232: [GC (Allocation Failure) 138.233: [ParNew: 118016K->13056K(118016K), 0.0564504 secs] 9008548K->8918339K(25152768K), 0.0568158 secs] [Times: user=0.56 sys=0.03, real=0.06 secs] 
2014-04-09T12:12:18.905+0900: 138.392: [GC (Allocation Failure) 138.392: [ParNew: 118016K->13056K(118016K), 0.0765837 secs] 9023299K->8937437K(25152768K), 0.0769618 secs] [Times: user=0.79 sys=0.02, real=0.08 secs] 
2014-04-09T12:12:19.099+0900: 138.586: [GC (Allocation Failure) 138.586: [ParNew: 118016K->13056K(118016K), 0.0551344 secs] 9042397K->8950363K(25152768K), 0.0554856 secs] [Times: user=0.58 sys=0.02, real=0.05 secs] 
2014-04-09T12:12:19.264+0900: 138.750: [GC (Allocation Failure) 138.750: [ParNew: 118016K->13056K(118016K), 0.0565217 secs] 9055323K->8961897K(25152768K), 0.0568820 secs] [Times: user=0.60 sys=0.01, real=0.06 secs] 
2014-04-09T12:12:19.436+0900: 138.923: [GC (Allocation Failure) 138.923: [ParNew: 118016K->13056K(118016K), 0.0567768 secs] 9066857K->8976006K(25152768K), 0.0571336 secs] [Times: user=0.59 sys=0.01, real=0.06 secs] 
2014-04-09T12:12:19.605+0900: 139.092: [GC (Allocation Failure) 139.092: [ParNew: 118016K->13056K(118016K), 0.0547798 secs] 9080966K->8987610K(25152768K), 0.0551400 secs] [Times: user=0.60 sys=0.02, real=0.06 secs] 
2014-04-09T12:12:19.779+0900: 139.266: [GC (Allocation Failure) 139.266: [ParNew: 118016K->13056K(118016K), 0.0546856 secs] 9092570K->8999194K(25152768K), 0.0550374 secs] [Times: user=0.56 sys=0.02, real=0.05 secs] 
2014-04-09T12:12:19.945+0900: 139.432: [GC (Allocation Failure) 139.432: [ParNew: 118016K->13056K(118016K), 0.0575342 secs] 9104154K->9012211K(25152768K), 0.0578848 secs] [Times: user=0.61 sys=0.02, real=0.06 secs] 
2014-04-09T12:12:20.116+0900: 139.602: [GC (Allocation Failure) 139.602: [ParNew: 118016K->13056K(118016K), 0.0578748 secs] 9117171K->9025078K(25152768K), 0.0582415 secs] [Times: user=0.61 sys=0.02, real=0.06 secs] 
2014-04-09T12:12:20.294+0900: 139.781: [GC (Allocation Failure) 139.781: [ParNew: 118016K->13056K(118016K), 0.0558925 secs] 9130038K->9036262K(25152768K), 0.0562568 secs] [Times: user=0.59 sys=0.02, real=0.06 secs] 
2014-04-09T12:12:20.469+0900: 139.956: [GC (Allocation Failure) 139.956: [ParNew: 118016K->13056K(118016K), 0.0581472 secs] 9141222K->9049182K(25152768K), 0.0585221 secs] [Times: user=0.62 sys=0.02, real=0.05 secs] 
2014-04-09T12:12:20.568+0900: 140.055: [CMS-concurrent-mark: 1.776/2.736 secs] [Times: user=27.85 sys=4.40, real=2.74 secs] 
2014-04-09T12:12:20.568+0900: 140.055: [CMS-concurrent-preclean-start]
2014-04-09T12:12:20.629+0900: 140.116: [GC (Allocation Failure) 140.116: [ParNew: 118016K->13056K(118016K), 0.0541811 secs] 9154142K->9061057K(25152768K), 0.0545441 secs] [Times: user=0.59 sys=0.01, real=0.05 secs] 
2014-04-09T12:12:20.771+0900: 140.258: [GC (Allocation Failure) 140.258: [ParNew: 118016K->13056K(118016K), 0.0566872 secs] 9166017K->9072926K(25152768K), 0.0570635 secs] [Times: user=0.59 sys=0.01, real=0.06 secs] 
2014-04-09T12:12:20.914+0900: 140.400: [GC (Allocation Failure) 140.400: [ParNew: 118016K->13056K(118016K), 0.0561185 secs] 9177886K->9085573K(25152768K), 0.0564848 secs] [Times: user=0.59 sys=0.01, real=0.06 secs] 
2014-04-09T12:12:21.063+0900: 140.550: [GC (Allocation Failure) 140.550: [ParNew: 118016K->13056K(118016K), 0.0567639 secs] 9190533K->9099121K(25152768K), 0.0571416 secs] [Times: user=0.59 sys=0.01, real=0.06 secs] 
2014-04-09T12:12:21.219+0900: 140.706: [GC (Allocation Failure) 140.706: [ParNew: 118014K->13056K(118016K), 0.0533513 secs] 9204079K->9108973K(25152768K), 0.0537235 secs] [Times: user=0.59 sys=0.01, real=0.05 secs] 
2014-04-09T12:12:21.362+0900: 140.849: [GC (Allocation Failure) 140.849: [ParNew: 118016K->13056K(118016K), 0.0579326 secs] 9213933K->9121330K(25152768K), 0.0583124 secs] [Times: user=0.61 sys=0.01, real=0.06 secs] 
2014-04-09T12:12:21.512+0900: 140.998: [GC (Allocation Failure) 140.998: [ParNew: 118016K->13056K(118016K), 0.0567930 secs] 9226290K->9134258K(25152768K), 0.0571585 secs] [Times: user=0.57 sys=0.03, real=0.06 secs] 
2014-04-09T12:12:21.664+0900: 141.150: [GC (Allocation Failure) 141.151: [ParNew: 118016K->13056K(118016K), 0.0588482 secs] 9239218K->9147204K(25152768K), 0.0592093 secs] [Times: user=0.64 sys=0.01, real=0.06 secs] 
2014-04-09T12:12:21.813+0900: 141.300: [GC (Allocation Failure) 141.300: [ParNew: 118016K->13056K(118016K), 0.0565818 secs] 9252164K->9158568K(25152768K), 0.0569466 secs] [Times: user=0.59 sys=0.02, real=0.06 secs] 
2014-04-09T12:12:21.971+0900: 141.457: [GC (Allocation Failure) 141.457: [ParNew: 118016K->13056K(118016K), 0.0580172 secs] 9263528K->9172283K(25152768K), 0.0583832 secs] [Times: user=0.58 sys=0.02, real=0.05 secs] 
2014-04-09T12:12:22.122+0900: 141.608: [CMS-concurrent-preclean: 0.880/1.553 secs] [Times: user=14.64 sys=2.93, real=1.55 secs] 
2014-04-09T12:12:22.123+0900: 141.609: [GC (Allocation Failure) 141.610: [ParNew: 118016K->13056K(118016K), 0.0588999 secs] 9277243K->9186709K(25152768K), 0.0592473 secs] [Times: user=0.61 sys=0.03, real=0.06 secs] 
2014-04-09T12:12:22.184+0900: 141.670: [GC (CMS Final Remark) [YG occupancy: 13493 K (118016 K)]141.671: [Rescan (parallel) , 0.0192116 secs]141.690: [weak refs processing, 0.0010522 secs]141.691: [class unloading, 0.0424578 secs]141.733: [scrub symbol table, 0.0048321 secs]141.738: [scrub string table, 0.0015149 secs][1 CMS-remark: 9173653K(25034752K)] 9187147K(25152768K), 0.0763343 secs] [Times: user=0.30 sys=0.00, real=0.08 secs] 
2014-04-09T12:12:22.261+0900: 141.747: [CMS-concurrent-sweep-start]
2014-04-09T12:12:22.353+0900: 141.840: [GC (Allocation Failure) 141.840: [ParNew: 118016K->13056K(118016K), 0.0573713 secs] 9285540K->9191792K(25152768K), 0.0577444 secs] [Times: user=0.64 sys=0.02, real=0.06 secs] 
2014-04-09T12:12:22.499+0900: 141.986: [GC (Allocation Failure) 141.986: [ParNew: 118016K->13056K(118016K), 0.0544675 secs] 9287667K->9194711K(25152768K), 0.0548329 secs] [Times: user=0.59 sys=0.02, real=0.06 secs] 
2014-04-09T12:12:22.643+0900: 142.130: [GC (Allocation Failure) 142.130: [ParNew: 118016K->13056K(118016K), 0.0597856 secs] 9289632K->9198058K(25152768K), 0.0601491 secs] [Times: user=0.61 sys=0.02, real=0.06 secs] 
2014-04-09T12:12:22.797+0900: 142.284: [GC (Allocation Failure) 142.284: [ParNew: 118016K->13056K(118016K), 0.0545328 secs] 9292645K->9200424K(25152768K), 0.0548859 secs] [Times: user=0.61 sys=0.01, real=0.06 secs] 
2014-04-09T12:12:22.950+0900: 142.436: [GC (Allocation Failure) 142.436: [ParNew: 118016K->13056K(118016K), 0.0519923 secs] 9293651K->9201664K(25152768K), 0.0523469 secs] [Times: user=0.59 sys=0.01, real=0.05 secs] 
2014-04-09T12:12:23.085+0900: 142.572: [GC (Allocation Failure) 142.572: [ParNew: 118016K->13056K(118016K), 0.0520303 secs] 9294621K->9202920K(25152768K), 0.0523986 secs] [Times: user=0.55 sys=0.02, real=0.05 secs] 
2014-04-09T12:12:23.225+0900: 142.712: [GC (Allocation Failure) 142.712: [ParNew: 118016K->13056K(118016K), 0.0544893 secs] 9294052K->9203417K(25152768K), 0.0548537 secs] [Times: user=0.60 sys=0.01, real=0.06 secs] 
2014-04-09T12:12:23.369+0900: 142.856: [GC (Allocation Failure) 142.856: [ParNew: 118016K->13056K(118016K), 0.0494286 secs] 9296645K->9202943K(25152768K), 0.0497920 secs] [Times: user=0.57 sys=0.01, real=0.05 secs] 
2014-04-09T12:12:23.507+0900: 142.994: [GC (Allocation Failure) 142.994: [ParNew: 118016K->13056K(118016K), 0.0551164 secs] 9297950K->9206174K(25152768K), 0.0554727 secs] [Times: user=0.60 sys=0.01, real=0.06 secs] 
2014-04-09T12:12:23.653+0900: 143.140: [GC (Allocation Failure) 143.140: [ParNew: 118016K->13056K(118016K), 0.0540037 secs] 9295627K->9204316K(25152768K), 0.0543718 secs] [Times: user=0.58 sys=0.02, real=0.05 secs] 
2014-04-09T12:12:23.794+0900: 143.280: [GC (Allocation Failure) 143.280: [ParNew: 118016K->13056K(118016K), 0.0480012 secs] 9290722K->9195010K(25152768K), 0.0483646 secs] [Times: user=0.55 sys=0.01, real=0.05 secs] 
2014-04-09T12:12:23.929+0900: 143.416: [GC (Allocation Failure) 143.416: [ParNew: 118016K->13056K(118016K), 0.0515185 secs] 9279741K->9185736K(25152768K), 0.0518879 secs] [Times: user=0.56 sys=0.01, real=0.06 secs] 
2014-04-09T12:12:24.068+0900: 143.554: [GC (Allocation Failure) 143.554: [ParNew: 118016K->13056K(118016K), 0.0498904 secs] 9286433K->9193784K(25152768K), 0.0502538 secs] [Times: user=0.55 sys=0.01, real=0.05 secs] 
2014-04-09T12:12:24.209+0900: 143.696: [GC (Allocation Failure) 143.696: [ParNew: 118016K->13056K(118016K), 0.0544077 secs] 9297347K->9205674K(25152768K), 0.0547720 secs] [Times: user=0.57 sys=0.01, real=0.05 secs] 
2014-04-09T12:12:24.350+0900: 143.836: [GC (Allocation Failure) 143.836: [ParNew: 118016K->13056K(118016K), 0.0547713 secs] 9309210K->9214863K(25152768K), 0.0551352 secs] [Times: user=0.58 sys=0.01, real=0.05 secs] 
2014-04-09T12:12:24.498+0900: 143.984: [GC (Allocation Failure) 143.984: [ParNew: 118016K->13056K(118016K), 0.0539257 secs] 9318787K->9226176K(25152768K), 0.0542903 secs] [Times: user=0.59 sys=0.02, real=0.06 secs] 
2014-04-09T12:12:24.642+0900: 144.129: [GC (Allocation Failure) 144.129: [ParNew: 118016K->13056K(118016K), 0.0573452 secs] 9330296K->9238414K(25152768K), 0.0577241 secs] [Times: user=0.60 sys=0.02, real=0.06 secs] 
2014-04-09T12:12:24.791+0900: 144.277: [GC (Allocation Failure) 144.277: [ParNew: 118016K->13056K(118016K), 0.0530091 secs] 9342360K->9246987K(25152768K), 0.0533733 secs] [Times: user=0.56 sys=0.02, real=0.05 secs] 
2014-04-09T12:12:25.791+0900: 145.277: [CMS-concurrent-sweep: 2.525/3.530 secs] [Times: user=26.10 sys=4.86, real=3.53 secs] 
2014-04-09T12:12:25.791+0900: 145.278: [CMS-concurrent-reset-start]
2014-04-09T12:12:25.855+0900: 145.341: [CMS-concurrent-reset: 0.064/0.064 secs] [Times: user=0.06 sys=0.00, real=0.06 secs] 
2014-04-09T12:12:27.856+0900: 147.343: [GC (CMS Initial Mark) [1 CMS-initial-mark: 8930215K(25034752K)] 8949757K(25152768K), 0.0034199 secs] [Times: user=0.02 sys=0.00, real=0.01 secs] 
2014-04-09T12:12:27.860+0900: 147.347: [CMS-concurrent-mark-start]
2014-04-09T12:12:29.594+0900: 149.080: [CMS-concurrent-mark: 1.733/1.733 secs] [Times: user=6.45 sys=0.18, real=1.73 secs] 
2014-04-09T12:12:29.594+0900: 149.080: [CMS-concurrent-preclean-start]
2014-04-09T12:12:29.665+0900: 149.151: [CMS-concurrent-preclean: 0.071/0.071 secs] [Times: user=0.07 sys=0.00, real=0.07 secs] 
2014-04-09T12:12:29.665+0900: 149.151: [CMS-concurrent-abortable-preclean-start]
 CMS: abort preclean due to time 2014-04-09T12:12:34.755+0900: 154.241: [CMS-concurrent-abortable-preclean: 3.487/5.090 secs] [Times: user=3.52 sys=0.01, real=5.09 secs] 
2014-04-09T12:12:34.757+0900: 154.243: [GC (CMS Final Remark) [YG occupancy: 19835 K (118016 K)]154.243: [Rescan (parallel) , 0.0159294 secs]154.259: [weak refs processing, 0.0004266 secs]154.260: [class unloading, 0.0428324 secs]154.302: [scrub symbol table, 0.0048276 secs]154.307: [scrub string table, 0.0014059 secs][1 CMS-remark: 8930215K(25034752K)] 8950050K(25152768K), 0.0724655 secs] [Times: user=0.24 sys=0.00, real=0.07 secs] 
2014-04-09T12:12:34.830+0900: 154.316: [CMS-concurrent-sweep-start]
2014-04-09T12:12:36.477+0900: 155.964: [CMS-concurrent-sweep: 1.648/1.648 secs] [Times: user=1.66 sys=0.00, real=1.65 secs] 
2014-04-09T12:12:36.478+0900: 155.964: [CMS-concurrent-reset-start]
2014-04-09T12:12:36.541+0900: 156.028: [CMS-concurrent-reset: 0.064/0.064 secs] [Times: user=0.06 sys=0.00, real=0.07 secs] 
2014-04-09T12:12:38.542+0900: 158.029: [GC (CMS Initial Mark) [1 CMS-initial-mark: 8695542K(25034752K)] 8715614K(25152768K), 0.0031154 secs] [Times: user=0.03 sys=0.00, real=0.00 secs] 
2014-04-09T12:12:38.546+0900: 158.033: [CMS-concurrent-mark-start]
2014-04-09T12:12:40.532+0900: 160.018: [CMS-concurrent-mark: 1.986/1.986 secs] [Times: user=7.32 sys=0.25, real=1.99 secs] 
2014-04-09T12:12:40.532+0900: 160.018: [CMS-concurrent-preclean-start]
2014-04-09T12:12:40.603+0900: 160.089: [CMS-concurrent-preclean: 0.071/0.071 secs] [Times: user=0.07 sys=0.00, real=0.07 secs] 
2014-04-09T12:12:40.603+0900: 160.089: [CMS-concurrent-abortable-preclean-start]
 CMS: abort preclean due to time 2014-04-09T12:12:45.627+0900: 165.114: [CMS-concurrent-abortable-preclean: 3.321/5.024 secs] [Times: user=3.36 sys=0.00, real=5.02 secs] 
2014-04-09T12:12:45.629+0900: 165.115: [GC (CMS Final Remark) [YG occupancy: 20490 K (118016 K)]165.116: [Rescan (parallel) , 0.0163472 secs]165.132: [weak refs processing, 0.0000613 secs]165.132: [class unloading, 0.0422989 secs]165.174: [scrub symbol table, 0.0048274 secs]165.179: [scrub string table, 0.0014097 secs][1 CMS-remark: 8695542K(25034752K)] 8716033K(25152768K), 0.0717841 secs] [Times: user=0.24 sys=0.00, real=0.07 secs] 
2014-04-09T12:12:45.702+0900: 165.188: [CMS-concurrent-sweep-start]
2014-04-09T12:12:47.070+0900: 166.556: [CMS-concurrent-sweep: 1.368/1.368 secs] [Times: user=1.40 sys=0.00, real=1.37 secs] 
2014-04-09T12:12:47.070+0900: 166.556: [CMS-concurrent-reset-start]
2014-04-09T12:12:47.134+0900: 166.620: [CMS-concurrent-reset: 0.064/0.064 secs] [Times: user=0.06 sys=0.00, real=0.07 secs] 
2014-04-09T12:12:49.135+0900: 168.622: [GC (CMS Initial Mark) [1 CMS-initial-mark: 8695538K(25034752K)] 8788760K(25152768K), 0.0149745 secs] [Times: user=0.19 sys=0.01, real=0.01 secs] 
2014-04-09T12:12:49.151+0900: 168.637: [CMS-concurrent-mark-start]
2014-04-09T12:12:49.179+0900: 168.666: [GC (Allocation Failure) 168.666: [ParNew: 118016K->10900K(118016K), 0.0383296 secs] 8813554K->8715838K(25152768K), 0.0386836 secs] [Times: user=0.46 sys=0.00, real=0.04 secs] 
2014-04-09T12:12:49.269+0900: 168.756: [GC (Allocation Failure) 168.756: [ParNew: 115860K->3358K(118016K), 0.0362014 secs] 8820798K->8708296K(25152768K), 0.0365446 secs] [Times: user=0.46 sys=0.00, real=0.04 secs] 
2014-04-09T12:12:49.349+0900: 168.836: [GC (Allocation Failure) 168.836: [ParNew: 108318K->1885K(118016K), 0.0349639 secs] 8813256K->8706824K(25152768K), 0.0353110 secs] [Times: user=0.44 sys=0.00, real=0.04 secs] 
2014-04-09T12:12:49.427+0900: 168.914: [GC (Allocation Failure) 168.914: [ParNew: 106845K->1491K(118016K), 0.0355150 secs] 8811784K->8706429K(25152768K), 0.0358548 secs] [Times: user=0.44 sys=0.00, real=0.03 secs] 
2014-04-09T12:12:49.504+0900: 168.990: [GC (Allocation Failure) 168.991: [ParNew: 106451K->1689K(118016K), 0.0353015 secs] 8811389K->8706627K(25152768K), 0.0356493 secs] [Times: user=0.44 sys=0.01, real=0.03 secs] 
2014-04-09T12:12:49.581+0900: 169.067: [GC (Allocation Failure) 169.067: [ParNew: 106649K->1746K(118016K), 0.0356306 secs] 8811587K->8706685K(25152768K), 0.0359505 secs] [Times: user=0.45 sys=0.00, real=0.04 secs] 
2014-04-09T12:12:49.655+0900: 169.141: [GC (Allocation Failure) 169.142: [ParNew: 106706K->626K(118016K), 0.0346932 secs] 8811645K->8706548K(25152768K), 0.0350116 secs] [Times: user=0.43 sys=0.00, real=0.03 secs] 
2014-04-09T12:12:49.739+0900: 169.226: [GC (Allocation Failure) 169.226: [ParNew: 105586K->175K(118016K), 0.0338059 secs] 8811508K->8706121K(25152768K), 0.0341225 secs] [Times: user=0.42 sys=0.00, real=0.03 secs] 
2014-04-09T12:12:49.849+0900: 169.336: [GC (Allocation Failure) 169.336: [ParNew: 105135K->85K(118016K), 0.0403125 secs] 8811081K->8706032K(25152768K), 0.0406245 secs] [Times: user=0.51 sys=0.01, real=0.04 secs] 
2014-04-09T12:12:49.940+0900: 169.426: [GC (Allocation Failure) 169.427: [ParNew: 105045K->70K(118016K), 0.0343818 secs] 8810992K->8706017K(25152768K), 0.0346938 secs] [Times: user=0.43 sys=0.00, real=0.04 secs] 
2014-04-09T12:12:50.015+0900: 169.501: [GC (Allocation Failure) 169.501: [ParNew: 105030K->84K(118016K), 0.0585472 secs] 8810977K->8706031K(25152768K), 0.0588571 secs] [Times: user=0.63 sys=0.00, real=0.06 secs] 
2014-04-09T12:12:50.121+0900: 169.608: [GC (Allocation Failure) 169.608: [ParNew: 105044K->65K(118016K), 0.0378115 secs] 8810991K->8706018K(25152768K), 0.0381317 secs] [Times: user=0.47 sys=0.01, real=0.04 secs] 
2014-04-09T12:12:50.202+0900: 169.688: [GC (Allocation Failure) 169.688: [ParNew: 105025K->75K(118016K), 0.0337037 secs] 8810978K->8706028K(25152768K), 0.0340130 secs] [Times: user=0.42 sys=0.00, real=0.04 secs] 
2014-04-09T12:12:50.281+0900: 169.768: [GC (Allocation Failure) 169.768: [ParNew: 105035K->52K(118016K), 0.0377327 secs] 8810988K->8706017K(25152768K), 0.0380606 secs] [Times: user=0.47 sys=0.01, real=0.04 secs] 
2014-04-09T12:12:50.364+0900: 169.851: [GC (Allocation Failure) 169.851: [ParNew: 105012K->27K(118016K), 0.0346018 secs] 8810977K->8706023K(25152768K), 0.0349186 secs] [Times: user=0.44 sys=0.00, real=0.03 secs] 
2014-04-09T12:12:50.450+0900: 169.937: [GC (Allocation Failure) 169.937: [ParNew: 104987K->64K(118016K), 0.0361697 secs] 8810983K->8706059K(25152768K), 0.0365071 secs] [Times: user=0.46 sys=0.01, real=0.04 secs] 
2014-04-09T12:12:50.571+0900: 170.057: [GC (Allocation Failure) 170.057: [ParNew: 105024K->176K(118016K), 0.0550502 secs] 8811019K->8706172K(25152768K), 0.0553804 secs] [Times: user=0.69 sys=0.00, real=0.06 secs] 
2014-04-09T12:12:50.723+0900: 170.209: [GC (Allocation Failure) 170.209: [ParNew: 105136K->315K(118016K), 0.0336362 secs] 8811132K->8706310K(25152768K), 0.0339687 secs] [Times: user=0.42 sys=0.00, real=0.04 secs] 
2014-04-09T12:12:50.807+0900: 170.294: [GC (Allocation Failure) 170.294: [ParNew: 99302K->13032K(118016K), 0.0372200 secs] 8805298K->8719796K(25152768K), 0.0375974 secs] [Times: user=0.47 sys=0.00, real=0.04 secs] 
2014-04-09T12:12:50.906+0900: 170.392: [GC (Allocation Failure) 170.393: [ParNew: 112932K->12916K(118016K), 0.0425559 secs] 8819696K->8763651K(25152768K), 0.0428895 secs] [Times: user=0.60 sys=0.02, real=0.04 secs] 
2014-04-09T12:12:51.018+0900: 170.505: [GC (Allocation Failure) 170.505: [ParNew: 117212K->13055K(118016K), 0.0525033 secs] 8867947K->8843059K(25152768K), 0.0528317 secs] [Times: user=0.64 sys=0.02, real=0.05 secs] 
2014-04-09T12:12:51.111+0900: 170.598: [GC (Allocation Failure) 170.598: [ParNew: 112368K->13055K(118016K), 0.0441243 secs] 8942372K->8913926K(25152768K), 0.0444558 secs] [Times: user=0.53 sys=0.01, real=0.05 secs] 
2014-04-09T12:12:51.204+0900: 170.690: [GC (Allocation Failure) 170.690: [ParNew: 117119K->13056K(118016K), 0.0493498 secs] 9017990K->8963584K(25152768K), 0.0496818 secs] [Times: user=0.59 sys=0.01, real=0.04 secs] 
2014-04-09T12:12:51.463+0900: 170.949: [GC (Allocation Failure) 170.949: [ParNew: 118016K->13056K(118016K), 0.0513547 secs] 9068544K->9007016K(25152768K), 0.0516972 secs] [Times: user=0.59 sys=0.01, real=0.06 secs] 
2014-04-09T12:12:51.744+0900: 171.230: [GC (Allocation Failure) 171.230: [ParNew: 117127K->9372K(118016K), 0.1041881 secs] 9111087K->9024065K(25152768K), 0.1045622 secs] [Times: user=1.22 sys=0.03, real=0.10 secs] 
2014-04-09T12:12:51.959+0900: 171.445: [GC (Allocation Failure) 171.445: [ParNew: 114331K->13056K(118016K), 0.0834603 secs] 9129024K->9068685K(25152768K), 0.0838824 secs] [Times: user=1.21 sys=0.02, real=0.08 secs] 
2014-04-09T12:12:52.145+0900: 171.632: [GC (Allocation Failure) 171.632: [ParNew: 118016K->13056K(118016K), 0.0737901 secs] 9173645K->9113354K(25152768K), 0.0741220 secs] [Times: user=0.98 sys=0.02, real=0.07 secs] 
2014-04-09T12:12:52.311+0900: 171.798: [CMS-concurrent-mark: 1.852/3.160 secs] [Times: user=36.34 sys=0.53, real=3.16 secs] 
2014-04-09T12:12:52.311+0900: 171.798: [CMS-concurrent-preclean-start]
2014-04-09T12:12:52.372+0900: 171.858: [GC (Allocation Failure) 171.859: [ParNew: 115575K->13056K(118016K), 0.0749520 secs] 9215874K->9136365K(25152768K), 0.0752886 secs] [Times: user=0.86 sys=0.02, real=0.08 secs] 
2014-04-09T12:12:52.522+0900: 172.009: [GC (Allocation Failure) 172.009: [ParNew: 118016K->13056K(118016K), 0.0741640 secs] 9241325K->9184029K(25152768K), 0.0745336 secs] [Times: user=0.87 sys=0.01, real=0.08 secs] 
2014-04-09T12:12:52.671+0900: 172.157: [GC (Allocation Failure) 172.157: [ParNew: 118016K->13056K(118016K), 0.0592268 secs] 9288989K->9214996K(25152768K), 0.0595553 secs] [Times: user=0.54 sys=0.02, real=0.06 secs] 
2014-04-09T12:12:52.784+0900: 172.271: [GC (Allocation Failure) 172.271: [ParNew: 118016K->13056K(118016K), 0.0622962 secs] 9319956K->9262694K(25152768K), 0.0626317 secs] [Times: user=0.84 sys=0.01, real=0.06 secs] 
2014-04-09T12:12:53.028+0900: 172.514: [CMS-concurrent-preclean: 0.402/0.716 secs] [Times: user=5.78 sys=0.11, real=0.72 secs] 
2014-04-09T12:12:53.029+0900: 172.515: [GC (Allocation Failure) 172.515: [ParNew: 116451K->13056K(118016K), 0.0630734 secs] 9366089K->9286583K(25152768K), 0.0634033 secs] [Times: user=0.75 sys=0.02, real=0.06 secs] 
2014-04-09T12:12:53.092+0900: 172.579: [CMS-concurrent-abortable-preclean-start]
2014-04-09T12:12:53.260+0900: 172.747: [CMS-concurrent-abortable-preclean: 0.164/0.168 secs] [Times: user=0.69 sys=0.03, real=0.17 secs] 
2014-04-09T12:12:53.262+0900: 172.748: [GC (Allocation Failure) 172.748: [ParNew: 118016K->13056K(118016K), 0.0494428 secs] 9391543K->9316397K(25152768K), 0.0497609 secs] [Times: user=0.64 sys=0.01, real=0.05 secs] 
2014-04-09T12:12:53.313+0900: 172.799: [GC (CMS Final Remark) [YG occupancy: 13200 K (118016 K)]172.799: [Rescan (parallel) , 0.0147436 secs]172.814: [weak refs processing, 0.0000619 secs]172.814: [class unloading, 0.0456116 secs]172.860: [scrub symbol table, 0.0047640 secs]172.865: [scrub string table, 0.0013726 secs][1 CMS-remark: 9303341K(25034752K)] 9316542K(25152768K), 0.0737156 secs] [Times: user=0.32 sys=0.00, real=0.08 secs] 
2014-04-09T12:12:53.387+0900: 172.873: [CMS-concurrent-sweep-start]
2014-04-09T12:12:53.450+0900: 172.936: [GC (Allocation Failure) 172.937: [ParNew: 118016K->13056K(118016K), 0.0462896 secs] 9388861K->9311566K(25152768K), 0.0466363 secs] [Times: user=0.57 sys=0.00, real=0.05 secs] 
2014-04-09T12:12:53.586+0900: 173.073: [GC (Allocation Failure) 173.073: [ParNew: 118016K->13056K(118016K), 0.0434682 secs] 9353355K->9276992K(25152768K), 0.0437996 secs] [Times: user=0.51 sys=0.00, real=0.04 secs] 
2014-04-09T12:12:53.692+0900: 173.179: [GC (Allocation Failure) 173.179: [ParNew: 118016K->13056K(118016K), 0.0491169 secs] 9335420K->9270799K(25152768K), 0.0494522 secs] [Times: user=0.58 sys=0.01, real=0.05 secs] 
2014-04-09T12:12:53.841+0900: 173.328: [GC (Allocation Failure) 173.328: [ParNew: 118016K->13056K(118016K), 0.0435617 secs] 9318985K->9237079K(25152768K), 0.0438893 secs] [Times: user=0.52 sys=0.01, real=0.05 secs] 
2014-04-09T12:12:53.991+0900: 173.478: [GC (Allocation Failure) 173.478: [ParNew: 115758K->13056K(118016K), 0.0483526 secs] 9280977K->9227755K(25152768K), 0.0486974 secs] [Times: user=0.50 sys=0.02, real=0.05 secs] 
2014-04-09T12:12:54.102+0900: 173.588: [GC (Allocation Failure) 173.589: [ParNew: 118016K->11031K(118016K), 0.0448534 secs] 9300751K->9226982K(25152768K), 0.0451802 secs] [Times: user=0.56 sys=0.01, real=0.05 secs] 
2014-04-09T12:12:54.242+0900: 173.728: [GC (Allocation Failure) 173.728: [ParNew: 115991K->13056K(118016K), 0.0526297 secs] 9280973K->9199763K(25152768K), 0.0529575 secs] [Times: user=0.60 sys=0.01, real=0.06 secs] 
2014-04-09T12:12:54.411+0900: 173.898: [GC (Allocation Failure) 173.898: [ParNew: 118005K->9351K(118016K), 0.0490973 secs] 9240480K->9171378K(25152768K), 0.0494413 secs] [Times: user=0.57 sys=0.02, real=0.05 secs] 
2014-04-09T12:12:54.519+0900: 174.005: [GC (Allocation Failure) 174.006: [ParNew: 114310K->13056K(118016K), 0.0453978 secs] 9246936K->9196715K(25152768K), 0.0457400 secs] [Times: user=0.51 sys=0.02, real=0.05 secs] 
2014-04-09T12:12:54.692+0900: 174.178: [GC (Allocation Failure) 174.178: [ParNew: 118016K->13056K(118016K), 0.0455809 secs] 9226621K->9133346K(25152768K), 0.0459141 secs] [Times: user=0.55 sys=0.00, real=0.05 secs] 
2014-04-09T12:12:54.888+0900: 174.374: [GC (Allocation Failure) 174.374: [ParNew: 118014K->11506K(118016K), 0.0510558 secs] 9142624K->9079416K(25152768K), 0.0513330 secs] [Times: user=0.61 sys=0.01, real=0.05 secs] 
2014-04-09T12:12:55.018+0900: 174.505: [GC (Allocation Failure) 174.505: [ParNew: 116466K->13056K(118016K), 0.0517439 secs] 9136804K->9072090K(25152768K), 0.0520792 secs] [Times: user=0.62 sys=0.01, real=0.05 secs] 
2014-04-09T12:12:55.167+0900: 174.654: [GC (Allocation Failure) 174.654: [ParNew: 118016K->13056K(118016K), 0.0484217 secs] 9118507K->9040995K(25152768K), 0.0487536 secs] [Times: user=0.56 sys=0.01, real=0.05 secs] 
2014-04-09T12:12:55.288+0900: 174.775: [GC (Allocation Failure) 174.775: [ParNew: 108208K->10510K(118016K), 0.0391080 secs] 9095159K->9024332K(25152768K), 0.0393743 secs] [Times: user=0.47 sys=0.00, real=0.04 secs] 
2014-04-09T12:12:55.404+0900: 174.890: [GC (Allocation Failure) 174.890: [ParNew: 108597K->13056K(118016K), 0.0426384 secs] 9092135K->9029600K(25152768K), 0.0429198 secs] [Times: user=0.53 sys=0.01, real=0.05 secs] 
2014-04-09T12:12:55.483+0900: 174.970: [GC (Allocation Failure) 174.970: [ParNew: 118015K->13056K(118016K), 0.0562186 secs] 9117081K->9090762K(25152768K), 0.0565603 secs] [Times: user=0.65 sys=0.02, real=0.06 secs] 
2014-04-09T12:12:55.580+0900: 175.066: [GC (Allocation Failure) 175.066: [ParNew: 118016K->13056K(118016K), 0.0531320 secs] 9173701K->9132398K(25152768K), 0.0534628 secs] [Times: user=0.64 sys=0.02, real=0.05 secs] 
2014-04-09T12:12:55.676+0900: 175.162: [GC (Allocation Failure) 175.163: [ParNew: 114552K->13056K(118016K), 0.0581079 secs] 9206853K->9153493K(25152768K), 0.0584410 secs] [Times: user=0.64 sys=0.02, real=0.06 secs] 
2014-04-09T12:12:55.768+0900: 175.255: [GC (Allocation Failure) 175.255: [ParNew: 118016K->13056K(118016K), 0.0509994 secs] 9241234K->9174935K(25152768K), 0.0513404 secs] [Times: user=0.57 sys=0.02, real=0.05 secs] 
2014-04-09T12:12:55.862+0900: 175.348: [GC (Allocation Failure) 175.348: [ParNew: 118016K->13056K(118016K), 0.0550626 secs] 9262174K->9169839K(25152768K), 0.0553916 secs] [Times: user=0.65 sys=0.00, real=0.06 secs] 
2014-04-09T12:12:55.953+0900: 175.439: [GC (Allocation Failure) 175.439: [ParNew: 117466K->12778K(118016K), 0.0495761 secs] 9243529K->9154612K(25152768K), 0.0499206 secs] [Times: user=0.56 sys=0.00, real=0.05 secs] 
2014-04-09T12:12:56.035+0900: 175.521: [GC (Allocation Failure) 175.521: [ParNew: 117738K->12147K(118016K), 0.0463779 secs] 9223412K->9145293K(25152768K), 0.0467124 secs] [Times: user=0.56 sys=0.01, real=0.04 secs] 
2014-04-09T12:12:56.124+0900: 175.610: [GC (Allocation Failure) 175.611: [ParNew: 117105K->13056K(118016K), 0.0514883 secs] 9203116K->9135045K(25152768K), 0.0518174 secs] [Times: user=0.61 sys=0.01, real=0.06 secs] 
2014-04-09T12:12:56.218+0900: 175.705: [GC (Allocation Failure) 175.705: [ParNew: 110855K->13056K(118016K), 0.0552013 secs] 9195478K->9156303K(25152768K), 0.0555273 secs] [Times: user=0.65 sys=0.01, real=0.05 secs] 
2014-04-09T12:12:56.309+0900: 175.795: [GC (Allocation Failure) 175.795: [ParNew: 118000K->13056K(118016K), 0.0508630 secs] 9231332K->9183396K(25152768K), 0.0511935 secs] [Times: user=0.63 sys=0.01, real=0.05 secs] 
2014-04-09T12:12:56.370+0900: 175.856: [CMS-concurrent-sweep: 1.698/2.983 secs] [Times: user=21.42 sys=0.59, real=2.98 secs] 
2014-04-09T12:12:56.370+0900: 175.856: [CMS-concurrent-reset-start]
2014-04-09T12:12:56.402+0900: 175.889: [GC (Allocation Failure) 175.889: [ParNew: 118016K->13056K(118016K), 0.0468193 secs] 9276925K->9222008K(25152768K), 0.0471630 secs] [Times: user=0.58 sys=0.00, real=0.05 secs] 
2014-04-09T12:12:56.490+0900: 175.977: [GC (Allocation Failure) 175.977: [ParNew: 118016K->13056K(118016K), 0.0437534 secs] 9326968K->9267438K(25152768K), 0.0440966 secs] [Times: user=0.54 sys=0.00, real=0.05 secs] 
2014-04-09T12:12:56.574+0900: 176.060: [CMS-concurrent-reset: 0.105/0.204 secs] [Times: user=1.65 sys=0.07, real=0.20 secs] 
2014-04-09T12:12:56.609+0900: 176.095: [GC (Allocation Failure) 176.096: [ParNew: 118016K->13056K(118016K), 0.0573578 secs] 9372398K->9313047K(25152768K), 0.0576838 secs] [Times: user=0.62 sys=0.01, real=0.06 secs] 
2014-04-09T12:12:56.668+0900: 176.154: [GC (CMS Initial Mark) [1 CMS-initial-mark: 9299991K(25034752K)] 9313279K(25152768K), 0.0018431 secs] [Times: user=0.01 sys=0.00, real=0.00 secs] 
2014-04-09T12:12:56.670+0900: 176.156: [CMS-concurrent-mark-start]
2014-04-09T12:12:56.728+0900: 176.214: [GC (Allocation Failure) 176.215: [ParNew: 118016K->12727K(118016K), 0.0499188 secs] 9418007K->9356218K(25152768K), 0.0502474 secs] [Times: user=0.60 sys=0.01, real=0.05 secs] 
2014-04-09T12:12:56.851+0900: 176.337: [GC (Allocation Failure) 176.337: [ParNew: 117687K->13056K(118016K), 0.0506306 secs] 9461178K->9378622K(25152768K), 0.0509602 secs] [Times: user=0.48 sys=0.00, real=0.05 secs] 
2014-04-09T12:12:56.974+0900: 176.460: [GC (Allocation Failure) 176.460: [ParNew: 109640K->13056K(118016K), 0.0505501 secs] 9475206K->9401120K(25152768K), 0.0508885 secs] [Times: user=0.59 sys=0.01, real=0.06 secs] 
2014-04-09T12:12:57.064+0900: 176.550: [GC (Allocation Failure) 176.550: [ParNew: 118016K->13056K(118016K), 0.0504308 secs] 9506080K->9462981K(25152768K), 0.0507581 secs] [Times: user=0.60 sys=0.02, real=0.06 secs] 
2014-04-09T12:12:57.167+0900: 176.653: [GC (Allocation Failure) 176.653: [ParNew: 118016K->13056K(118016K), 0.0480532 secs] 9567941K->9498258K(25152768K), 0.0483846 secs] [Times: user=0.52 sys=0.02, real=0.05 secs] 
2014-04-09T12:12:57.302+0900: 176.788: [GC (Allocation Failure) 176.788: [ParNew: 118016K->13056K(118016K), 0.0511790 secs] 9603218K->9525584K(25152768K), 0.0515084 secs] [Times: user=0.61 sys=0.01, real=0.05 secs] 
2014-04-09T12:12:57.411+0900: 176.897: [GC (Allocation Failure) 176.898: [ParNew: 118016K->13056K(118016K), 0.0533017 secs] 9630544K->9569415K(25152768K), 0.0536271 secs] [Times: user=0.63 sys=0.01, real=0.06 secs] 
2014-04-09T12:12:57.506+0900: 176.993: [GC (Allocation Failure) 176.993: [ParNew: 118016K->13056K(118016K), 0.0594917 secs] 9674375K->9638785K(25152768K), 0.0598190 secs] [Times: user=0.73 sys=0.02, real=0.06 secs] 
2014-04-09T12:12:57.614+0900: 177.101: [GC (Allocation Failure) 177.101: [ParNew: 118016K->13056K(118016K), 0.0557166 secs] 9743745K->9680181K(25152768K), 0.0560486 secs] [Times: user=0.63 sys=0.01, real=0.05 secs] 
2014-04-09T12:12:57.724+0900: 177.210: [GC (Allocation Failure) 177.210: [ParNew: 118016K->13056K(118016K), 0.0489077 secs] 9785141K->9704600K(25152768K), 0.0492251 secs] [Times: user=0.60 sys=0.01, real=0.05 secs] 
2014-04-09T12:12:57.831+0900: 177.318: [GC (Allocation Failure) 177.318: [ParNew: 113849K->13056K(118016K), 0.0492382 secs] 9805394K->9730574K(25152768K), 0.0495578 secs] [Times: user=0.58 sys=0.00, real=0.05 secs] 
2014-04-09T12:12:57.926+0900: 177.413: [GC (Allocation Failure) 177.413: [ParNew: 117066K->8529K(118016K), 0.0387701 secs] 9834584K->9756608K(25152768K), 0.0391024 secs] [Times: user=0.48 sys=0.01, real=0.04 secs] 
2014-04-09T12:12:58.015+0900: 177.501: [GC (Allocation Failure) 177.501: [ParNew: 113489K->13056K(118016K), 0.0481870 secs] 9861568K->9818138K(25152768K), 0.0485134 secs] [Times: user=0.50 sys=0.02, real=0.04 secs] 
2014-04-09T12:12:58.113+0900: 177.600: [GC (Allocation Failure) 177.600: [ParNew: 108656K->13056K(118016K), 0.0569659 secs] 9913739K->9867668K(25152768K), 0.0572894 secs] [Times: user=0.75 sys=0.03, real=0.06 secs] 
2014-04-09T12:12:58.219+0900: 177.706: [GC (Allocation Failure) 177.706: [ParNew: 118015K->13056K(118016K), 0.0621215 secs] 9972628K->9937207K(25152768K), 0.0624449 secs] [Times: user=0.69 sys=0.01, real=0.06 secs] 
2014-04-09T12:12:58.330+0900: 177.816: [GC (Allocation Failure) 177.817: [ParNew: 118016K->13056K(118016K), 0.0539255 secs] 10042167K->9962428K(25152768K), 0.0542388 secs] [Times: user=0.60 sys=0.01, real=0.05 secs] 
2014-04-09T12:12:58.461+0900: 177.947: [GC (Allocation Failure) 177.947: [ParNew: 118016K->9492K(118016K), 0.0509573 secs] 10067388K->9975971K(25152768K), 0.0512681 secs] [Times: user=0.57 sys=0.02, real=0.05 secs] 
2014-04-09T12:12:58.601+0900: 178.087: [GC (Allocation Failure) 178.088: [ParNew: 111852K->13056K(118016K), 0.0505307 secs] 10078331K->9999971K(25152768K), 0.0508524 secs] [Times: user=0.58 sys=0.01, real=0.05 secs] 
2014-04-09T12:12:58.715+0900: 178.201: [GC (Allocation Failure) 178.202: [ParNew: 118016K->13056K(118016K), 0.0572656 secs] 10104931K->10052159K(25152768K), 0.0576049 secs] [Times: user=0.67 sys=0.02, real=0.05 secs] 
2014-04-09T12:12:58.853+0900: 178.339: [GC (Allocation Failure) 178.340: [ParNew: 118016K->13056K(118016K), 0.0668473 secs] 10157119K->10087488K(25152768K), 0.0671638 secs] [Times: user=0.65 sys=0.01, real=0.07 secs] 
2014-04-09T12:12:59.035+0900: 178.521: [GC (Allocation Failure) 178.522: [ParNew: 117013K->13056K(118016K), 0.0584028 secs] 10191446K->10107589K(25152768K), 0.0587271 secs] [Times: user=0.60 sys=0.01, real=0.05 secs] 
2014-04-09T12:12:59.165+0900: 178.652: [GC (Allocation Failure) 178.652: [ParNew: 118016K->13056K(118016K), 0.0542335 secs] 10212549K->10150015K(25152768K), 0.0545550 secs] [Times: user=0.63 sys=0.01, real=0.05 secs] 
2014-04-09T12:12:59.283+0900: 178.769: [GC (Allocation Failure) 178.769: [ParNew: 118016K->13056K(118016K), 0.0590733 secs] 10254975K->10195325K(25152768K), 0.0593910 secs] [Times: user=0.65 sys=0.02, real=0.06 secs] 
2014-04-09T12:12:59.430+0900: 178.916: [GC (Allocation Failure) 178.916: [ParNew: 118016K->13056K(118016K), 0.0580642 secs] 10300285K->10228440K(25152768K), 0.0583870 secs] [Times: user=0.68 sys=0.00, real=0.06 secs] 
2014-04-09T12:12:59.562+0900: 179.049: [GC (Allocation Failure) 179.049: [ParNew: 118016K->12768K(118016K), 0.0455050 secs] 10333400K->10260644K(25152768K), 0.0458415 secs] [Times: user=0.55 sys=0.01, real=0.05 secs] 
2014-04-09T12:12:59.662+0900: 179.149: [GC (Allocation Failure) 179.149: [ParNew: 117702K->13056K(118016K), 0.0591619 secs] 10365578K->10299071K(25152768K), 0.0594822 secs] [Times: user=0.60 sys=0.01, real=0.06 secs] 
2014-04-09T12:12:59.833+0900: 179.319: [GC (Allocation Failure) 179.319: [ParNew: 118016K->13056K(118016K), 0.0628883 secs] 10404031K->10334855K(25152768K), 0.0632097 secs] [Times: user=0.65 sys=0.01, real=0.07 secs] 
2014-04-09T12:13:00.022+0900: 179.508: [GC (Allocation Failure) 179.509: [ParNew: 118004K->13056K(118016K), 0.0555494 secs] 10439804K->10360646K(25152768K), 0.0558704 secs] [Times: user=0.63 sys=0.01, real=0.06 secs] 
2014-04-09T12:13:00.127+0900: 179.613: [GC (Allocation Failure) 179.614: [ParNew: 118016K->13056K(118016K), 0.0514761 secs] 10465606K->10407563K(25152768K), 0.0518001 secs] [Times: user=0.61 sys=0.01, real=0.05 secs] 
2014-04-09T12:13:00.272+0900: 179.759: [GC (Allocation Failure) 179.759: [ParNew: 118016K->13056K(118016K), 0.0665076 secs] 10512523K->10443158K(25152768K), 0.0668253 secs] [Times: user=0.50 sys=0.04, real=0.07 secs] 
2014-04-09T12:13:00.369+0900: 179.855: [CMS-concurrent-mark: 2.010/3.699 secs] [Times: user=32.52 sys=0.97, real=3.70 secs] 
2014-04-09T12:13:00.369+0900: 179.856: [CMS-concurrent-preclean-start]
2014-04-09T12:13:00.460+0900: 179.947: [GC (Allocation Failure) 179.947: [ParNew: 115983K->13056K(118016K), 0.0528668 secs] 10546086K->10463223K(25152768K), 0.0531822 secs] [Times: user=0.56 sys=0.01, real=0.05 secs] 
2014-04-09T12:13:00.583+0900: 180.069: [GC (Allocation Failure) 180.069: [ParNew: 118016K->13056K(118016K), 0.0452459 secs] 10568183K->10494527K(25152768K), 0.0455669 secs] [Times: user=0.53 sys=0.01, real=0.05 secs] 
2014-04-09T12:13:00.704+0900: 180.191: [GC (Allocation Failure) 180.191: [ParNew: 118016K->13056K(118016K), 0.0704359 secs] 10599487K->10547738K(25152768K), 0.0707749 secs] [Times: user=0.51 sys=0.03, real=0.07 secs] 
2014-04-09T12:13:00.883+0900: 180.369: [GC (Allocation Failure) 180.370: [ParNew: 118016K->13056K(118016K), 0.0493583 secs] 10652698K->10561707K(25152768K), 0.0496761 secs] [Times: user=0.55 sys=0.02, real=0.05 secs] 
2014-04-09T12:13:01.044+0900: 180.530: [GC (Allocation Failure) 180.530: [ParNew: 118015K->13056K(118016K), 0.0545724 secs] 10666667K->10585309K(25152768K), 0.0548916 secs] [Times: user=0.62 sys=0.01, real=0.06 secs] 
2014-04-09T12:13:01.140+0900: 180.627: [GC (Allocation Failure) 180.627: [ParNew: 118016K->13056K(118016K), 0.0540512 secs] 10690269K->10635643K(25152768K), 0.0543820 secs] [Times: user=0.65 sys=0.01, real=0.05 secs] 
2014-04-09T12:13:01.256+0900: 180.742: [GC (Allocation Failure) 180.742: [ParNew: 118016K->13056K(118016K), 0.0682656 secs] 10740603K->10683494K(25152768K), 0.0686036 secs] [Times: user=0.62 sys=0.02, real=0.06 secs] 
2014-04-09T12:13:01.402+0900: 180.889: [GC (Allocation Failure) 180.889: [ParNew: 118016K->13056K(118016K), 0.0603455 secs] 10788454K->10707803K(25152768K), 0.0606673 secs] [Times: user=0.63 sys=0.02, real=0.06 secs] 
2014-04-09T12:13:01.544+0900: 181.030: [GC (Allocation Failure) 181.030: [ParNew: 107895K->13056K(118016K), 0.0610458 secs] 10802643K->10742587K(25152768K), 0.0613717 secs] [Times: user=0.62 sys=0.02, real=0.06 secs] 
2014-04-09T12:13:01.693+0900: 181.180: [GC (Allocation Failure) 181.180: [ParNew: 118016K->13056K(118016K), 0.0497698 secs] 10847547K->10781327K(25152768K), 0.0500987 secs] [Times: user=0.59 sys=0.02, real=0.05 secs] 
2014-04-09T12:13:01.972+0900: 181.459: [GC (Allocation Failure) 181.459: [ParNew: 110523K->13056K(118016K), 0.0689169 secs] 10878794K->10800281K(25152768K), 0.0692412 secs] [Times: user=0.61 sys=0.02, real=0.07 secs] 
2014-04-09T12:13:02.521+0900: 182.007: [CMS-concurrent-preclean: 1.333/2.152 secs] [Times: user=10.22 sys=0.32, real=2.15 secs] 
2014-04-09T12:13:02.521+0900: 182.007: [CMS-concurrent-abortable-preclean-start]
2014-04-09T12:13:03.223+0900: 182.709: [GC (Allocation Failure) 182.710: [ParNew2014-04-09T12:13:03.266+0900: 182.752: [CMS-concurrent-abortable-preclean: 0.473/0.745 secs] [Times: user=1.27 sys=0.02, real=0.75 secs] 
: 118015K->13056K(118016K), 0.0660546 secs] 10905240K->10840455K(25152768K), 0.0663742 secs] [Times: user=0.68 sys=0.01, real=0.07 secs] 
2014-04-09T12:13:03.291+0900: 182.777: [GC (CMS Final Remark) [YG occupancy: 13182 K (118016 K)]182.777: [Rescan (parallel) , 0.0176940 secs]182.795: [weak refs processing, 0.0001216 secs]182.795: [class unloading, 0.0577998 secs]182.853: [scrub symbol table, 0.0048261 secs]182.858: [scrub string table, 0.0014155 secs][1 CMS-remark: 10827399K(25034752K)] 10840581K(25152768K), 0.0888436 secs] [Times: user=0.29 sys=0.00, real=0.09 secs] 
2014-04-09T12:13:03.380+0900: 182.867: [CMS-concurrent-sweep-start]
2014-04-09T12:13:03.599+0900: 183.085: [GC (Allocation Failure) 183.085: [ParNew: 117996K->13056K(118016K), 0.0438323 secs] 10941591K->10851973K(25152768K), 0.0441566 secs] [Times: user=0.58 sys=0.01, real=0.04 secs] 
2014-04-09T12:13:03.794+0900: 183.281: [GC (Allocation Failure) 183.281: [ParNew: 118016K->13056K(118016K), 0.0536910 secs] 10955002K->10869811K(25152768K), 0.0540147 secs] [Times: user=0.69 sys=0.01, real=0.06 secs] 
2014-04-09T12:13:03.962+0900: 183.448: [GC (Allocation Failure) 183.449: [ParNew: 118016K->13056K(118016K), 0.0540578 secs] 10969934K->10881142K(25152768K), 0.0543792 secs] [Times: user=0.60 sys=0.02, real=0.06 secs] 
2014-04-09T12:13:04.057+0900: 183.544: [GC (Allocation Failure) 183.544: [ParNew: 118016K->4754K(118016K), 0.0424119 secs] 10985664K->10879518K(25152768K), 0.0427282 secs] [Times: user=0.53 sys=0.01, real=0.04 secs] 
2014-04-09T12:13:04.143+0900: 183.630: [GC (Allocation Failure) 183.630: [ParNew: 109714K->1188K(118016K), 0.0355088 secs] 10977757K->10869231K(25152768K), 0.0358281 secs] [Times: user=0.48 sys=0.01, real=0.04 secs] 
2014-04-09T12:13:04.222+0900: 183.709: [GC (Allocation Failure) 183.709: [ParNew: 106148K->322K(118016K), 0.0323336 secs] 10967574K->10861748K(25152768K), 0.0326217 secs] [Times: user=0.44 sys=0.00, real=0.03 secs] 
2014-04-09T12:13:04.294+0900: 183.780: [GC (Allocation Failure) 183.781: [ParNew: 105282K->74K(118016K), 0.0296325 secs] 10961923K->10856716K(25152768K), 0.0298975 secs] [Times: user=0.39 sys=0.00, real=0.03 secs] 
2014-04-09T12:13:04.363+0900: 183.849: [GC (Allocation Failure) 183.849: [ParNew: 105034K->26K(118016K), 0.0290651 secs] 10955482K->10850473K(25152768K), 0.0293279 secs] [Times: user=0.36 sys=0.01, real=0.03 secs] 
2014-04-09T12:13:04.431+0900: 183.917: [GC (Allocation Failure) 183.918: [ParNew: 104986K->26K(118016K), 0.0311076 secs] 10950825K->10845865K(25152768K), 0.0313753 secs] [Times: user=0.39 sys=0.00, real=0.03 secs] 
2014-04-09T12:13:04.502+0900: 183.989: [GC (Allocation Failure) 183.989: [ParNew: 104986K->26K(118016K), 0.0299181 secs] 10944738K->10839778K(25152768K), 0.0302020 secs] [Times: user=0.38 sys=0.00, real=0.03 secs] 
2014-04-09T12:13:04.585+0900: 184.071: [GC (Allocation Failure) 184.072: [ParNew: 104986K->26K(118016K), 0.0312419 secs] 10933809K->10828850K(25152768K), 0.0315201 secs] [Times: user=0.39 sys=0.00, real=0.04 secs] 
2014-04-09T12:13:05.210+0900: 184.697: [CMS-concurrent-sweep: 1.397/1.830 secs] [Times: user=10.22 sys=0.09, real=1.83 secs] 
2014-04-09T12:13:05.210+0900: 184.697: [CMS-concurrent-reset-start]
2014-04-09T12:13:05.293+0900: 184.779: [CMS-concurrent-reset: 0.082/0.082 secs] [Times: user=0.09 sys=0.00, real=0.08 secs] 
2014-04-09T12:13:07.294+0900: 186.780: [GC (CMS Initial Mark) [1 CMS-initial-mark: 9816817K(25034752K)] 9899440K(25152768K), 0.0142973 secs] [Times: user=0.16 sys=0.00, real=0.02 secs] 
2014-04-09T12:13:07.309+0900: 186.795: [CMS-concurrent-mark-start]
2014-04-09T12:13:08.962+0900: 188.449: [CMS-concurrent-mark: 1.653/1.653 secs] [Times: user=6.33 sys=0.12, real=1.65 secs] 
2014-04-09T12:13:08.962+0900: 188.449: [CMS-concurrent-preclean-start]
2014-04-09T12:13:09.033+0900: 188.519: [CMS-concurrent-preclean: 0.070/0.071 secs] [Times: user=0.11 sys=0.00, real=0.07 secs] 
2014-04-09T12:13:09.033+0900: 188.519: [CMS-concurrent-abortable-preclean-start]
 CMS: abort preclean due to time 2014-04-09T12:13:14.141+0900: 193.628: [CMS-concurrent-abortable-preclean: 3.205/5.108 secs] [Times: user=3.56 sys=0.01, real=5.11 secs] 
2014-04-09T12:13:14.143+0900: 193.630: [GC (CMS Final Remark) [YG occupancy: 83427 K (118016 K)]193.630: [Rescan (parallel) , 0.0264574 secs]193.656: [weak refs processing, 0.0000776 secs]193.656: [class unloading, 0.0446814 secs]193.701: [scrub symbol table, 0.0048283 secs]193.706: [scrub string table, 0.0014105 secs][1 CMS-remark: 9816817K(25034752K)] 9900245K(25152768K), 0.0845192 secs] [Times: user=0.38 sys=0.01, real=0.09 secs] 
2014-04-09T12:13:14.229+0900: 193.715: [CMS-concurrent-sweep-start]
2014-04-09T12:13:15.429+0900: 194.915: [CMS-concurrent-sweep: 1.195/1.200 secs] [Times: user=1.20 sys=0.00, real=1.20 secs] 
2014-04-09T12:13:15.429+0900: 194.915: [CMS-concurrent-reset-start]
2014-04-09T12:13:15.511+0900: 194.998: [CMS-concurrent-reset: 0.083/0.083 secs] [Times: user=0.08 sys=0.00, real=0.08 secs] 
2014-04-09T12:13:17.512+0900: 196.999: [GC (CMS Initial Mark) [1 CMS-initial-mark: 8712616K(25034752K)] 8796237K(25152768K), 0.0144545 secs] [Times: user=0.16 sys=0.00, real=0.01 secs] 
2014-04-09T12:13:17.527+0900: 197.014: [CMS-concurrent-mark-start]
2014-04-09T12:13:19.435+0900: 198.922: [CMS-concurrent-mark: 1.908/1.908 secs] [Times: user=7.11 sys=0.24, real=1.90 secs] 
2014-04-09T12:13:19.435+0900: 198.922: [CMS-concurrent-preclean-start]
2014-04-09T12:13:19.504+0900: 198.991: [CMS-concurrent-preclean: 0.069/0.069 secs] [Times: user=0.07 sys=0.00, real=0.07 secs] 
2014-04-09T12:13:19.504+0900: 198.991: [CMS-concurrent-abortable-preclean-start]
2014-04-09T12:13:19.580+0900: 199.067: [GC (Allocation Failure) 199.067: [ParNew: 104986K->286K(118016K), 0.0336107 secs] 8817602K->8712903K(25152768K), 0.0339217 secs] [Times: user=0.42 sys=0.00, real=0.03 secs] 
2014-04-09T12:13:19.660+0900: 199.147: [GC (Allocation Failure) 199.147: [ParNew: 105246K->375K(118016K), 0.0349475 secs] 8817863K->8712991K(25152768K), 0.0352461 secs] [Times: user=0.44 sys=0.00, real=0.03 secs] 
2014-04-09T12:13:19.739+0900: 199.226: [CMS-concurrent-abortable-preclean: 0.161/0.235 secs] [Times: user=1.62 sys=0.01, real=0.24 secs] 
2014-04-09T12:13:19.740+0900: 199.227: [GC (Allocation Failure) 199.227: [ParNew: 105335K->439K(118016K), 0.0363449 secs] 8817951K->8713056K(25152768K), 0.0366422 secs] [Times: user=0.45 sys=0.00, real=0.03 secs] 
2014-04-09T12:13:19.779+0900: 199.265: [GC (CMS Final Remark) [YG occupancy: 643 K (118016 K)]199.265: [Rescan (parallel) , 0.0148508 secs]199.280: [weak refs processing, 0.0000723 secs]199.280: [class unloading, 0.0448013 secs]199.325: [scrub symbol table, 0.0048551 secs]199.330: [scrub string table, 0.0014100 secs][1 CMS-remark: 8712616K(25034752K)] 8713260K(25152768K), 0.0730163 secs] [Times: user=0.23 sys=0.00, real=0.07 secs] 
2014-04-09T12:13:19.853+0900: 199.339: [CMS-concurrent-sweep-start]
2014-04-09T12:13:19.910+0900: 199.396: [GC (Allocation Failure) 199.396: [ParNew: 105399K->504K(118016K), 0.0346867 secs] 8817995K->8713100K(25152768K), 0.0349981 secs] [Times: user=0.44 sys=0.00, real=0.03 secs] 
2014-04-09T12:13:19.989+0900: 199.475: [GC (Allocation Failure) 199.476: [ParNew: 105464K->397K(118016K), 0.0338813 secs] 8818059K->8712992K(25152768K), 0.0341848 secs] [Times: user=0.43 sys=0.00, real=0.03 secs] 
2014-04-09T12:13:20.069+0900: 199.555: [GC (Allocation Failure) 199.555: [ParNew: 105357K->508K(118016K), 0.0348030 secs] 8817948K->8713099K(25152768K), 0.0351076 secs] [Times: user=0.44 sys=0.00, real=0.03 secs] 
2014-04-09T12:13:20.149+0900: 199.636: [GC (Allocation Failure) 199.636: [ParNew: 105468K->182K(118016K), 0.0339088 secs] 8818058K->8713034K(25152768K), 0.0342115 secs] [Times: user=0.42 sys=0.00, real=0.03 secs] 
2014-04-09T12:13:20.232+0900: 199.719: [GC (Allocation Failure) 199.719: [ParNew: 105142K->59K(118016K), 0.0332231 secs] 8817994K->8712928K(25152768K), 0.0335217 secs] [Times: user=0.42 sys=0.00, real=0.03 secs] 
2014-04-09T12:13:20.311+0900: 199.798: [GC (Allocation Failure) 199.798: [ParNew: 105019K->60K(118016K), 0.0343788 secs] 8817888K->8712929K(25152768K), 0.0346642 secs] [Times: user=0.44 sys=0.00, real=0.03 secs] 
2014-04-09T12:13:20.393+0900: 199.880: [GC (Allocation Failure) 199.880: [ParNew: 105020K->70K(118016K), 0.0340110 secs] 8817888K->8712957K(25152768K), 0.0343025 secs] [Times: user=0.44 sys=0.00, real=0.04 secs] 
2014-04-09T12:13:20.473+0900: 199.959: [GC (Allocation Failure) 199.960: [ParNew: 105030K->58K(118016K), 0.0343812 secs] 8817917K->8712945K(25152768K), 0.0346688 secs] [Times: user=0.44 sys=0.00, real=0.04 secs] 
2014-04-09T12:13:20.555+0900: 200.042: [GC (Allocation Failure) 200.042: [ParNew: 105018K->62K(118016K), 0.0358799 secs] 8817905K->8712949K(25152768K), 0.0361632 secs] [Times: user=0.45 sys=0.00, real=0.04 secs] 
2014-04-09T12:13:20.639+0900: 200.125: [GC (Allocation Failure) 200.125: [ParNew: 105022K->65K(118016K), 0.0333540 secs] 8817908K->8712952K(25152768K), 0.0336436 secs] [Times: user=0.42 sys=0.00, real=0.03 secs] 
2014-04-09T12:13:20.721+0900: 200.207: [GC (Allocation Failure) 200.207: [ParNew: 105025K->66K(118016K), 0.0347376 secs] 8817911K->8712954K(25152768K), 0.0350174 secs] [Times: user=0.43 sys=0.01, real=0.03 secs] 
2014-04-09T12:13:20.799+0900: 200.286: [GC (Allocation Failure) 200.286: [ParNew: 105026K->32K(118016K), 0.0314267 secs] 8817914K->8712943K(25152768K), 0.0317000 secs] [Times: user=0.39 sys=0.00, real=0.03 secs] 
2014-04-09T12:13:20.871+0900: 200.358: [GC (Allocation Failure) 200.358: [ParNew: 104992K->76K(118016K), 0.0322693 secs] 8817903K->8712999K(25152768K), 0.0325625 secs] [Times: user=0.40 sys=0.00, real=0.03 secs] 
2014-04-09T12:13:20.944+0900: 200.431: [GC (Allocation Failure) 200.431: [ParNew: 105036K->152K(118016K), 0.0327476 secs] 8817959K->8713076K(25152768K), 0.0330369 secs] [Times: user=0.42 sys=0.00, real=0.03 secs] 
2014-04-09T12:13:21.022+0900: 200.509: [GC (Allocation Failure) 200.509: [ParNew: 105112K->4971K(118016K), 0.0345799 secs] 8818036K->8717895K(25152768K), 0.0348617 secs] [Times: user=0.43 sys=0.00, real=0.03 secs] 
2014-04-09T12:13:21.106+0900: 200.592: [GC (Allocation Failure) 200.592: [ParNew: 109931K->10826K(118016K), 0.0375812 secs] 8822855K->8748327K(25152768K), 0.0378706 secs] [Times: user=0.46 sys=0.01, real=0.04 secs] 
2014-04-09T12:13:21.191+0900: 200.678: [GC (Allocation Failure) 200.678: [ParNew: 110306K->12235K(118016K), 0.0380700 secs] 8847806K->8782699K(25152768K), 0.0383510 secs] [Times: user=0.48 sys=0.00, real=0.04 secs] 
2014-04-09T12:13:21.257+0900: 200.743: [GC (Allocation Failure) 200.743: [ParNew: 115865K->13055K(118016K), 0.0428445 secs] 8886329K->8820640K(25152768K), 0.0431386 secs] [Times: user=0.53 sys=0.01, real=0.05 secs] 
2014-04-09T12:13:21.354+0900: 200.840: [GC (Allocation Failure) 200.840: [ParNew: 111041K->13056K(118016K), 0.0510434 secs] 8918625K->8858764K(25152768K), 0.0513345 secs] [Times: user=0.63 sys=0.00, real=0.05 secs] 
2014-04-09T12:13:21.459+0900: 200.946: [GC (Allocation Failure) 200.946: [ParNew: 117987K->13056K(118016K), 0.0560301 secs] 8963695K->8916955K(25152768K), 0.0563192 secs] [Times: user=0.52 sys=0.02, real=0.05 secs] 
2014-04-09T12:13:21.570+0900: 201.057: [GC (Allocation Failure) 201.057: [ParNew: 118016K->13056K(118016K), 0.0569837 secs] 9021915K->8957756K(25152768K), 0.0572823 secs] [Times: user=0.64 sys=0.01, real=0.05 secs] 
2014-04-09T12:13:21.701+0900: 201.188: [GC (Allocation Failure) 201.188: [ParNew: 118016K->13056K(118016K), 0.0708990 secs] 9062716K->8983723K(25152768K), 0.0711941 secs] [Times: user=0.51 sys=0.02, real=0.07 secs] 
2014-04-09T12:13:21.844+0900: 201.331: [GC (Allocation Failure) 201.331: [ParNew: 118016K->13056K(118016K), 0.0547477 secs] 9088682K->9000810K(25152768K), 0.0550338 secs] [Times: user=0.64 sys=0.02, real=0.06 secs] 
2014-04-09T12:13:21.956+0900: 201.443: [GC (Allocation Failure) 201.443: [ParNew: 118014K->9786K(118016K), 0.0434395 secs] 9105761K->9036332K(25152768K), 0.0437262 secs] [Times: user=0.55 sys=0.00, real=0.05 secs] 
2014-04-09T12:13:22.072+0900: 201.559: [GC (Allocation Failure) 201.559: [ParNew: 114746K->13056K(118016K), 0.0551975 secs] 9141292K->9072391K(25152768K), 0.0554916 secs] [Times: user=0.49 sys=0.03, real=0.05 secs] 
2014-04-09T12:13:22.162+0900: 201.648: [GC (Allocation Failure) 201.648: [ParNew: 118016K->13056K(118016K), 0.0435309 secs] 9177351K->9130135K(25152768K), 0.0438337 secs] [Times: user=0.52 sys=0.00, real=0.04 secs] 
2014-04-09T12:13:22.265+0900: 201.752: [GC (Allocation Failure) 201.752: [ParNew: 118015K->13056K(118016K), 0.0630210 secs] 9235095K->9174121K(25152768K), 0.0633180 secs] [Times: user=0.51 sys=0.02, real=0.07 secs] 
2014-04-09T12:13:22.391+0900: 201.878: [GC (Allocation Failure) 201.878: [ParNew: 118016K->13056K(118016K), 0.0703419 secs] 9279079K->9210578K(25152768K), 0.0706318 secs] [Times: user=0.57 sys=0.03, real=0.07 secs] 
2014-04-09T12:13:22.524+0900: 202.011: [GC (Allocation Failure) 202.011: [ParNew: 118016K->13056K(118016K), 0.0587224 secs] 9315537K->9237441K(25152768K), 0.0590312 secs] [Times: user=0.64 sys=0.01, real=0.06 secs] 
2014-04-09T12:13:22.631+0900: 202.117: [GC (Allocation Failure) 202.117: [ParNew: 116910K->11626K(118016K), 0.0383267 secs] 9341295K->9266677K(25152768K), 0.0386340 secs] [Times: user=0.48 sys=0.01, real=0.04 secs] 
2014-04-09T12:13:22.691+0900: 202.177: [CMS-concurrent-sweep: 1.467/2.838 secs] [Times: user=23.26 sys=0.42, real=2.84 secs] 
2014-04-09T12:13:22.691+0900: 202.177: [CMS-concurrent-reset-start]
2014-04-09T12:13:22.741+0900: 202.228: [GC (Allocation Failure) 202.228: [ParNew: 113903K->13056K(118016K), 0.0499383 secs] 9368954K->9296494K(25152768K), 0.0502296 secs] [Times: user=0.60 sys=0.01, real=0.05 secs] 
2014-04-09T12:13:22.841+0900: 202.327: [CMS-concurrent-reset: 0.098/0.150 secs] [Times: user=1.10 sys=0.03, real=0.15 secs] 
2014-04-09T12:13:22.848+0900: 202.334: [GC (Allocation Failure) 202.334: [ParNew: 111705K->13056K(118016K), 0.0548149 secs] 9395143K->9344608K(25152768K), 0.0551001 secs] [Times: user=0.62 sys=0.01, real=0.06 secs] 
2014-04-09T12:13:22.906+0900: 202.393: [GC (CMS Initial Mark) [1 CMS-initial-mark: 9331552K(25034752K)] 9354950K(25152768K), 0.0017779 secs] [Times: user=0.01 sys=0.00, real=0.00 secs] 
2014-04-09T12:13:22.908+0900: 202.395: [CMS-concurrent-mark-start]
2014-04-09T12:13:22.952+0900: 202.438: [GC (Allocation Failure) 202.438: [ParNew: 118016K->13056K(118016K), 0.0510116 secs] 9449568K->9390726K(25152768K), 0.0513005 secs] [Times: user=0.61 sys=0.01, real=0.05 secs] 
2014-04-09T12:13:23.074+0900: 202.561: [GC (Allocation Failure) 202.561: [ParNew: 118016K->13056K(118016K), 0.0616168 secs] 9495686K->9422533K(25152768K), 0.0619125 secs] [Times: user=0.65 sys=0.01, real=0.06 secs] 
2014-04-09T12:13:23.218+0900: 202.705: [GC (Allocation Failure) 202.705: [ParNew: 118016K->13056K(118016K), 0.0555132 secs] 9527493K->9446218K(25152768K), 0.0558319 secs] [Times: user=0.64 sys=0.01, real=0.06 secs] 
2014-04-09T12:13:23.333+0900: 202.820: [GC (Allocation Failure) 202.820: [ParNew: 118016K->12253K(118016K), 0.0534067 secs] 9551178K->9487096K(25152768K), 0.0536958 secs] [Times: user=0.62 sys=0.01, real=0.05 secs] 
2014-04-09T12:13:23.450+0900: 202.937: [GC (Allocation Failure) 202.937: [ParNew: 117189K->13056K(118016K), 0.0740772 secs] 9592032K->9532598K(25152768K), 0.0743675 secs] [Times: user=0.66 sys=0.02, real=0.07 secs] 
2014-04-09T12:13:23.581+0900: 203.068: [GC (Allocation Failure) 203.068: [ParNew: 118016K->13056K(118016K), 0.0432418 secs] 9637558K->9557957K(25152768K), 0.0435378 secs] [Times: user=0.54 sys=0.00, real=0.04 secs] 
2014-04-09T12:13:23.705+0900: 203.192: [GC (Allocation Failure) 203.192: [ParNew: 118016K->13056K(118016K), 0.0589023 secs] 9662917K->9591588K(25152768K), 0.0592024 secs] [Times: user=0.60 sys=0.02, real=0.06 secs] 
2014-04-09T12:13:23.824+0900: 203.311: [GC (Allocation Failure) 203.311: [ParNew: 108373K->13056K(118016K), 0.0602782 secs] 9686906K->9628014K(25152768K), 0.0605578 secs] [Times: user=0.64 sys=0.02, real=0.06 secs] 
2014-04-09T12:13:23.932+0900: 203.419: [GC (Allocation Failure) 203.419: [ParNew: 117989K->13056K(118016K), 0.0489322 secs] 9732948K->9668922K(25152768K), 0.0492189 secs] [Times: user=0.60 sys=0.00, real=0.05 secs] 
2014-04-09T12:13:24.053+0900: 203.539: [GC (Allocation Failure) 203.539: [ParNew: 118016K->13056K(118016K), 0.0614828 secs] 9773882K->9694849K(25152768K), 0.0617808 secs] [Times: user=0.62 sys=0.02, real=0.06 secs] 
2014-04-09T12:13:24.202+0900: 203.689: [GC (Allocation Failure) 203.689: [ParNew: 118016K->13056K(118016K), 0.0577960 secs] 9799809K->9716963K(25152768K), 0.0580916 secs] [Times: user=0.63 sys=0.02, real=0.06 secs] 
2014-04-09T12:13:24.352+0900: 203.839: [GC (Allocation Failure) 203.839: [ParNew: 114933K->13056K(118016K), 0.0449896 secs] 9818840K->9750155K(25152768K), 0.0452770 secs] [Times: user=0.53 sys=0.01, real=0.04 secs] 
2014-04-09T12:13:24.446+0900: 203.933: [GC (Allocation Failure) 203.933: [ParNew: 117994K->13056K(118016K), 0.0410614 secs] 9855093K->9800442K(25152768K), 0.0413502 secs] [Times: user=0.51 sys=0.00, real=0.04 secs] 
2014-04-09T12:13:24.662+0900: 204.149: [GC (Allocation Failure) 204.149: [ParNew: 117282K->13056K(118016K), 0.0640639 secs] 9904668K->9827325K(25152768K), 0.0643652 secs] [Times: user=0.60 sys=0.02, real=0.06 secs] 
2014-04-09T12:13:24.789+0900: 204.275: [GC (Allocation Failure) 204.275: [ParNew: 114487K->13056K(118016K), 0.0629424 secs] 9928756K->9888521K(25152768K), 0.0632147 secs] [Times: user=0.65 sys=0.02, real=0.06 secs] 
2014-04-09T12:13:24.907+0900: 204.394: [GC (Allocation Failure) 204.394: [ParNew: 116611K->13056K(118016K), 0.0719170 secs] 9992076K->9930769K(25152768K), 0.0721796 secs] [Times: user=0.53 sys=0.02, real=0.08 secs] 
2014-04-09T12:13:25.046+0900: 204.533: [GC (Allocation Failure) 204.533: [ParNew: 118016K->13056K(118016K), 0.0484508 secs] 10035729K->9966566K(25152768K), 0.0487135 secs] [Times: user=0.59 sys=0.00, real=0.05 secs] 
2014-04-09T12:13:25.166+0900: 204.653: [GC (Allocation Failure) 204.653: [ParNew: 117926K->13056K(118016K), 0.0567574 secs] 10071437K->9991752K(25152768K), 0.0570260 secs] [Times: user=0.64 sys=0.01, real=0.06 secs] 
2014-04-09T12:13:25.297+0900: 204.783: [GC (Allocation Failure) 204.784: [ParNew: 113927K->13056K(118016K), 0.0542927 secs] 10092623K->10030357K(25152768K), 0.0545582 secs] [Times: user=0.60 sys=0.01, real=0.06 secs] 
2014-04-09T12:13:25.406+0900: 204.892: [GC (Allocation Failure) 204.893: [ParNew: 118016K->13056K(118016K), 0.0585535 secs] 10135317K->10081013K(25152768K), 0.0588120 secs] [Times: user=0.62 sys=0.01, real=0.06 secs] 
2014-04-09T12:13:25.504+0900: 204.990: [GC (Allocation Failure) 204.990: [ParNew: 118015K->13056K(118016K), 0.0608332 secs] 10185973K->10138268K(25152768K), 0.0610974 secs] [Times: user=0.60 sys=0.03, real=0.06 secs] 
2014-04-09T12:13:25.612+0900: 205.098: [GC (Allocation Failure) 205.098: [ParNew: 118016K->13056K(118016K), 0.0530768 secs] 10243228K->10187406K(25152768K), 0.0533615 secs] [Times: user=0.64 sys=0.01, real=0.05 secs] 
2014-04-09T12:13:25.715+0900: 205.202: [GC (Allocation Failure) 205.202: [ParNew: 118016K->13056K(118016K), 0.0599756 secs] 10292366K->10238965K(25152768K), 0.0602502 secs] [Times: user=0.56 sys=0.03, real=0.06 secs] 
2014-04-09T12:13:25.823+0900: 205.310: [GC (Allocation Failure) 205.310: [ParNew: 118016K->13056K(118016K), 0.0911581 secs] 10343925K->10283366K(25152768K), 0.0914222 secs] [Times: user=0.74 sys=0.04, real=0.09 secs] 
2014-04-09T12:13:25.961+0900: 205.448: [GC (Allocation Failure) 205.448: [ParNew: 117982K->13056K(118016K), 0.0618303 secs] 10388293K->10315325K(25152768K), 0.0620941 secs] [Times: user=0.66 sys=0.01, real=0.06 secs] 
2014-04-09T12:13:26.070+0900: 205.556: [GC (Allocation Failure) 205.556: [ParNew: 118016K->13056K(118016K), 0.0487284 secs] 10420285K->10346729K(25152768K), 0.0489939 secs] [Times: user=0.56 sys=0.01, real=0.05 secs] 
2014-04-09T12:13:26.148+0900: 205.635: [CMS-concurrent-mark: 1.682/3.240 secs] [Times: user=27.95 sys=0.91, real=3.25 secs] 
2014-04-09T12:13:26.149+0900: 205.635: [CMS-concurrent-preclean-start]
2014-04-09T12:13:26.170+0900: 205.657: [GC (Allocation Failure) 205.657: [ParNew: 112328K->13056K(118016K), 0.0532796 secs] 10446002K->10361769K(25152768K), 0.0535446 secs] [Times: user=0.61 sys=0.01, real=0.05 secs] 
2014-04-09T12:13:26.259+0900: 205.746: [GC (Allocation Failure) 205.746: [ParNew: 110405K->13056K(118016K), 0.0466876 secs] 10459119K->10395381K(25152768K), 0.0469518 secs] [Times: user=0.57 sys=0.00, real=0.04 secs] 
2014-04-09T12:13:26.346+0900: 205.833: [GC (Allocation Failure) 205.833: [ParNew: 118016K->13056K(118016K), 0.0620469 secs] 10500341K->10436951K(25152768K), 0.0623071 secs] [Times: user=0.64 sys=0.02, real=0.07 secs] 
2014-04-09T12:13:26.453+0900: 205.940: [GC (Allocation Failure) 205.940: [ParNew: 110845K->13056K(118016K), 0.0511288 secs] 10534740K->10498535K(25152768K), 0.0513928 secs] [Times: user=0.51 sys=0.01, real=0.05 secs] 
2014-04-09T12:13:26.563+0900: 206.049: [GC (Allocation Failure) 206.049: [ParNew: 117449K->13056K(118016K), 0.0435870 secs] 10602928K->10530155K(25152768K), 0.0438478 secs] [Times: user=0.54 sys=0.01, real=0.04 secs] 
2014-04-09T12:13:26.660+0900: 206.146: [GC (Allocation Failure) 206.146: [ParNew: 117994K->13056K(118016K), 0.0461989 secs] 10635093K->10578308K(25152768K), 0.0464594 secs] [Times: user=0.57 sys=0.01, real=0.04 secs] 
2014-04-09T12:13:26.793+0900: 206.279: [GC (Allocation Failure) 206.279: [ParNew: 118016K->13056K(118016K), 0.0594213 secs] 10683268K->10629048K(25152768K), 0.0596906 secs] [Times: user=0.62 sys=0.02, real=0.06 secs] 
2014-04-09T12:13:26.921+0900: 206.408: [GC (Allocation Failure) 206.408: [ParNew: 118016K->13056K(118016K), 0.0613984 secs] 10734008K->10673491K(25152768K), 0.0616610 secs] [Times: user=0.64 sys=0.01, real=0.06 secs] 
2014-04-09T12:13:27.099+0900: 206.586: [GC (Allocation Failure) 206.586: [ParNew: 115076K->13056K(118016K), 0.0668875 secs] 10775511K->10691228K(25152768K), 0.0671467 secs] [Times: user=0.62 sys=0.01, real=0.06 secs] 
2014-04-09T12:13:27.228+0900: 206.714: [GC (Allocation Failure) 206.714: [ParNew: 118016K->7006K(118016K), 0.0476141 secs] 10796188K->10720513K(25152768K), 0.0478773 secs] [Times: user=0.53 sys=0.00, real=0.05 secs] 
2014-04-09T12:13:27.326+0900: 206.812: [GC (Allocation Failure) 206.812: [ParNew: 111966K->13056K(118016K), 0.0612204 secs] 10825473K->10786664K(25152768K), 0.0614837 secs] [Times: user=0.61 sys=0.02, real=0.06 secs] 
2014-04-09T12:13:27.441+0900: 206.928: [GC (Allocation Failure) 206.928: [ParNew: 118015K->13056K(118016K), 0.1090575 secs] 10891624K->10832547K(25152768K), 0.1093177 secs] [Times: user=0.59 sys=0.04, real=0.11 secs] 
2014-04-09T12:13:27.591+0900: 207.078: [GC (Allocation Failure) 207.078: [ParNew: 118016K->13056K(118016K), 0.0494872 secs] 10937507K->10866156K(25152768K), 0.0497472 secs] [Times: user=0.61 sys=0.01, real=0.05 secs] 
2014-04-09T12:13:27.700+0900: 207.186: [GC (Allocation Failure) 207.186: [ParNew: 118016K->13056K(118016K), 0.0657386 secs] 10971116K->10881949K(25152768K), 0.0660140 secs] [Times: user=0.65 sys=0.02, real=0.06 secs] 
2014-04-09T12:13:27.836+0900: 207.323: [GC (Allocation Failure) 207.323: [ParNew: 110039K->13056K(118016K), 0.0561995 secs] 10978933K->10904546K(25152768K), 0.0564700 secs] [Times: user=0.63 sys=0.01, real=0.06 secs] 
2014-04-09T12:13:27.933+0900: 207.420: [GC (Allocation Failure) 207.420: [ParNew: 118015K->13056K(118016K), 0.0473234 secs] 11009505K->10939042K(25152768K), 0.0476041 secs] [Times: user=0.59 sys=0.00, real=0.05 secs] 
2014-04-09T12:13:28.015+0900: 207.502: [GC (Allocation Failure) 207.502: [ParNew: 118016K->13056K(118016K), 0.0448389 secs] 11044002K->10996012K(25152768K), 0.0451017 secs] [Times: user=0.50 sys=0.01, real=0.05 secs] 
2014-04-09T12:13:28.125+0900: 207.611: [GC (Allocation Failure) 207.611: [ParNew: 118016K->13056K(118016K), 0.0791207 secs] 11100972K->11045564K(25152768K), 0.0793831 secs] [Times: user=0.55 sys=0.02, real=0.08 secs] 
2014-04-09T12:13:28.242+0900: 207.729: [GC (Allocation Failure) 207.729: [ParNew: 118016K->13056K(118016K), 0.0590489 secs] 11150524K->11085544K(25152768K), 0.0593131 secs] [Times: user=0.65 sys=0.01, real=0.06 secs] 
2014-04-09T12:13:28.358+0900: 207.844: [GC (Allocation Failure) 207.844: [ParNew: 118016K->13056K(118016K), 0.0663585 secs] 11190504K->11129650K(25152768K), 0.0666258 secs] [Times: user=0.68 sys=0.01, real=0.07 secs] 
2014-04-09T12:13:28.463+0900: 207.950: [GC (Allocation Failure) 207.950: [ParNew: 118016K->13056K(118016K), 0.0547347 secs] 11234610K->11166676K(25152768K), 0.0549940 secs] [Times: user=0.60 sys=0.01, real=0.05 secs] 
2014-04-09T12:13:28.596+0900: 208.082: [GC (Allocation Failure) 208.082: [ParNew: 118014K->13056K(118016K), 0.0516554 secs] 11271634K->11203144K(25152768K), 0.0519192 secs] [Times: user=0.62 sys=0.00, real=0.05 secs] 
2014-04-09T12:13:28.717+0900: 208.203: [GC (Allocation Failure) 208.203: [ParNew: 118016K->13056K(118016K), 0.0584981 secs] 11308104K->11240380K(25152768K), 0.0587694 secs] [Times: user=0.53 sys=0.02, real=0.06 secs] 
2014-04-09T12:13:28.899+0900: 208.385: [GC (Allocation Failure) 208.385: [ParNew: 117711K->13056K(118016K), 0.0570786 secs] 11345035K->11261585K(25152768K), 0.0573513 secs] [Times: user=0.60 sys=0.01, real=0.06 secs] 
2014-04-09T12:13:29.029+0900: 208.516: [GC (Allocation Failure) 208.516: [ParNew: 118016K->10552K(118016K), 0.0447839 secs] 11366545K->11299804K(25152768K), 0.0450503 secs] [Times: user=0.56 sys=0.01, real=0.05 secs] 
2014-04-09T12:13:29.154+0900: 208.640: [GC (Allocation Failure) 208.640: [ParNew: 115512K->13056K(118016K), 0.0715873 secs] 11404764K->11349647K(25152768K), 0.0718469 secs] [Times: user=0.68 sys=0.02, real=0.07 secs] 
2014-04-09T12:13:29.327+0900: 208.813: [CMS-concurrent-preclean: 1.431/3.178 secs] [Times: user=22.48 sys=0.70, real=3.17 secs] 
2014-04-09T12:13:29.327+0900: 208.813: [CMS-concurrent-abortable-preclean-start]
2014-04-09T12:13:29.331+0900: 208.817: [GC (Allocation Failure) 208.817: [ParNew: 118016K->13056K(118016K), 0.0725776 secs] 11454607K->11372407K(25152768K), 0.0728329 secs] [Times: user=0.64 sys=0.03, real=0.07 secs] 
2014-04-09T12:13:29.493+0900: 208.980: [GC (Allocation Failure) 208.980: [ParNew: 118016K->13056K(118016K), 0.0686281 secs] 11477367K->11421448K(25152768K), 0.0688891 secs] [Times: user=0.62 sys=0.04, real=0.07 secs] 
2014-04-09T12:13:29.682+0900: 209.169: [CMS-concurrent-abortable-preclean: 0.200/0.355 secs] [Times: user=1.95 sys=0.08, real=0.36 secs] 
2014-04-09T12:13:29.683+0900: 209.170: [GC (Allocation Failure) 209.170: [ParNew: 118016K->13056K(118016K), 0.0558873 secs] 11526408K->11461823K(25152768K), 0.0561441 secs] [Times: user=0.49 sys=0.02, real=0.06 secs] 
2014-04-09T12:13:29.742+0900: 209.228: [GC (CMS Final Remark) [YG occupancy: 21250 K (118016 K)]209.228: [Rescan (parallel) , 0.0195837 secs]209.248: [weak refs processing, 0.0001196 secs]209.248: [class unloading, 0.0447608 secs]209.293: [scrub symbol table, 0.0048279 secs]209.298: [scrub string table, 0.0014315 secs][1 CMS-remark: 11448767K(25034752K)] 11470017K(25152768K), 0.0777728 secs] [Times: user=0.31 sys=0.00, real=0.08 secs] 
2014-04-09T12:13:29.820+0900: 209.306: [CMS-concurrent-sweep-start]
2014-04-09T12:13:29.874+0900: 209.360: [GC (Allocation Failure) 209.360: [ParNew: 114566K->13056K(118016K), 0.0558569 secs] 11543662K->11489661K(25152768K), 0.0561244 secs] [Times: user=0.61 sys=0.02, real=0.06 secs] 
2014-04-09T12:13:29.963+0900: 209.449: [GC (Allocation Failure) 209.449: [ParNew: 117917K->13056K(118016K), 0.0564284 secs] 11579387K->11518191K(25152768K), 0.0566887 secs] [Times: user=0.63 sys=0.02, real=0.05 secs] 
2014-04-09T12:13:30.077+0900: 209.563: [GC (Allocation Failure) 209.563: [ParNew: 116739K->13056K(118016K), 0.0632162 secs] 11595007K->11514883K(25152768K), 0.0634769 secs] [Times: user=0.63 sys=0.01, real=0.07 secs] 
2014-04-09T12:13:30.221+0900: 209.708: [GC (Allocation Failure) 209.708: [ParNew: 118016K->13056K(118016K), 0.0503178 secs] 11583902K->11507848K(25152768K), 0.0505844 secs] [Times: user=0.61 sys=0.00, real=0.05 secs] 
2014-04-09T12:13:30.327+0900: 209.813: [GC (Allocation Failure) 209.813: [ParNew: 118016K->9673K(118016K), 0.0475221 secs] 11587350K->11525874K(25152768K), 0.0477857 secs] [Times: user=0.60 sys=0.01, real=0.05 secs] 
2014-04-09T12:13:30.420+0900: 209.907: [GC (Allocation Failure) 209.907: [ParNew: 114633K->13056K(118016K), 0.0515810 secs] 11610691K->11547148K(25152768K), 0.0518448 secs] [Times: user=0.61 sys=0.01, real=0.05 secs] 
2014-04-09T12:13:30.504+0900: 209.990: [GC (Allocation Failure) 209.990: [ParNew: 113066K->13056K(118016K), 0.0386431 secs] 11629184K->11568122K(25152768K), 0.0389038 secs] [Times: user=0.43 sys=0.02, real=0.04 secs] 
2014-04-09T12:13:30.594+0900: 210.080: [GC (Allocation Failure) 210.080: [ParNew: 118016K->13056K(118016K), 0.0539121 secs] 11641866K->11581459K(25152768K), 0.0541720 secs] [Times: user=0.63 sys=0.01, real=0.05 secs] 
2014-04-09T12:13:30.686+0900: 210.173: [GC (Allocation Failure) 210.173: [ParNew: 118016K->13056K(118016K), 0.0515015 secs] 11665762K->11604995K(25152768K), 0.0517596 secs] [Times: user=0.52 sys=0.02, real=0.05 secs] 
2014-04-09T12:13:30.790+0900: 210.277: [GC (Allocation Failure) 210.277: [ParNew: 118016K->13056K(118016K), 0.0495652 secs] 11670856K->11593216K(25152768K), 0.0498234 secs] [Times: user=0.60 sys=0.01, real=0.05 secs] 
2014-04-09T12:13:30.915+0900: 210.402: [GC (Allocation Failure) 210.402: [ParNew: 118016K->12798K(118016K), 0.0420119 secs] 11637408K->11563363K(25152768K), 0.0422785 secs] [Times: user=0.50 sys=0.01, real=0.04 secs] 
2014-04-09T12:13:31.011+0900: 210.497: [GC (Allocation Failure) 210.498: [ParNew: 115893K->13056K(118016K), 0.0497690 secs] 11630664K->11564864K(25152768K), 0.0500304 secs] [Times: user=0.60 sys=0.01, real=0.05 secs] 
2014-04-09T12:13:31.109+0900: 210.596: [GC (Allocation Failure) 210.596: [ParNew: 118016K->13056K(118016K), 0.0491828 secs] 11635689K->11573052K(25152768K), 0.0494463 secs] [Times: user=0.61 sys=0.01, real=0.05 secs] 
2014-04-09T12:13:31.365+0900: 210.851: [GC (Allocation Failure) 210.851: [ParNew: 116497K->13056K(118016K), 0.0496786 secs] 11532282K->11453497K(25152768K), 0.0499375 secs] [Times: user=0.58 sys=0.01, real=0.05 secs] 
2014-04-09T12:13:31.526+0900: 211.012: [GC (Allocation Failure) 211.013: [ParNew: 118016K->13056K(118016K), 0.0513381 secs] 11477930K->11414737K(25152768K), 0.0515897 secs] [Times: user=0.61 sys=0.01, real=0.05 secs] 
2014-04-09T12:13:31.766+0900: 211.253: [GC (Allocation Failure) 211.253: [ParNew: 118003K->13056K(118016K), 0.0511227 secs] 11376346K->11302682K(25152768K), 0.0513769 secs] [Times: user=0.61 sys=0.01, real=0.05 secs] 
2014-04-09T12:13:31.897+0900: 211.383: [GC (Allocation Failure) 211.383: [ParNew: 118016K->13056K(118016K), 0.0541036 secs] 11350967K->11300191K(25152768K), 0.0543574 secs] [Times: user=0.65 sys=0.02, real=0.06 secs] 
2014-04-09T12:13:32.047+0900: 211.533: [GC (Allocation Failure) 211.533: [ParNew: 114478K->13056K(118016K), 0.0524637 secs] 11339518K->11259639K(25152768K), 0.0527116 secs] [Times: user=0.62 sys=0.00, real=0.06 secs] 
2014-04-09T12:13:32.182+0900: 211.668: [GC (Allocation Failure) 211.669: [ParNew: 118010K->13056K(118016K), 0.0474799 secs] 11310094K->11243656K(25152768K), 0.0477263 secs] [Times: user=0.56 sys=0.01, real=0.05 secs] 
2014-04-09T12:13:32.307+0900: 211.794: [GC (Allocation Failure) 211.794: [ParNew: 118016K->13056K(118016K), 0.0476147 secs] 11296655K->11221913K(25152768K), 0.0478611 secs] [Times: user=0.56 sys=0.02, real=0.05 secs] 
2014-04-09T12:13:32.465+0900: 211.951: [GC (Allocation Failure) 211.951: [ParNew: 118016K->13056K(118016K), 0.0416920 secs] 11249777K->11171016K(25152768K), 0.0419382 secs] [Times: user=0.50 sys=0.01, real=0.04 secs] 
2014-04-09T12:13:32.549+0900: 212.036: [GC (Allocation Failure) 212.036: [ParNew: 118016K->13054K(118016K), 0.0509320 secs] 11251363K->11205227K(25152768K), 0.0511751 secs] [Times: user=0.62 sys=0.01, real=0.05 secs] 
2014-04-09T12:13:32.747+0900: 212.233: [GC (Allocation Failure) 212.233: [ParNew: 118014K->13056K(118016K), 0.0463647 secs] 11086264K->11007527K(25152768K), 0.0466088 secs] [Times: user=0.56 sys=0.01, real=0.05 secs] 
2014-04-09T12:13:32.835+0900: 212.322: [CMS-concurrent-sweep: 1.820/3.015 secs] [Times: user=19.63 sys=0.50, real=3.01 secs] 
2014-04-09T12:13:32.835+0900: 212.322: [CMS-concurrent-reset-start]
2014-04-09T12:13:32.905+0900: 212.391: [CMS-concurrent-reset: 0.069/0.069 secs] [Times: user=0.17 sys=0.01, real=0.07 secs] 
2014-04-09T12:13:32.952+0900: 212.438: [GC (Allocation Failure) 212.438: [ParNew: 117998K->13056K(118016K), 0.0450729 secs] 10772607K->10704110K(25152768K), 0.0453084 secs] [Times: user=0.54 sys=0.00, real=0.04 secs] 
2014-04-09T12:13:32.998+0900: 212.485: [GC (CMS Initial Mark) [1 CMS-initial-mark: 10691054K(25034752K)] 10704578K(25152768K), 0.0013381 secs] [Times: user=0.01 sys=0.00, real=0.01 secs] 
2014-04-09T12:13:33.000+0900: 212.486: [CMS-concurrent-mark-start]
2014-04-09T12:13:33.170+0900: 212.657: [GC (Allocation Failure) 212.657: [ParNew: 118016K->13056K(118016K), 0.0372625 secs] 10809070K->10723973K(25152768K), 0.0375068 secs] [Times: user=0.46 sys=0.00, real=0.03 secs] 
2014-04-09T12:13:33.374+0900: 212.860: [GC (Allocation Failure) 212.860: [ParNew: 114383K->10507K(118016K), 0.0425097 secs] 10825300K->10754733K(25152768K), 0.0427584 secs] [Times: user=0.50 sys=0.01, real=0.04 secs] 
2014-04-09T12:13:33.580+0900: 213.066: [GC (Allocation Failure) 213.067: [ParNew: 114539K->13056K(118016K), 0.0389690 secs] 10858765K->10772820K(25152768K), 0.0392169 secs] [Times: user=0.46 sys=0.00, real=0.03 secs] 
2014-04-09T12:13:33.993+0900: 213.480: [GC (Allocation Failure) 213.480: [ParNew: 118016K->13056K(118016K), 0.0541773 secs] 10877780K->10811759K(25152768K), 0.0544247 secs] [Times: user=0.63 sys=0.01, real=0.05 secs] 
2014-04-09T12:13:34.211+0900: 213.697: [GC (Allocation Failure) 213.697: [ParNew: 116837K->11764K(118016K), 0.0417686 secs] 10915540K->10843814K(25152768K), 0.0420182 secs] [Times: user=0.48 sys=0.00, real=0.04 secs] 
2014-04-09T12:13:34.490+0900: 213.977: [GC (Allocation Failure) 213.977: [ParNew: 111822K->13056K(118016K), 0.0404600 secs] 10943873K->10861985K(25152768K), 0.0407214 secs] [Times: user=0.49 sys=0.01, real=0.05 secs] 
2014-04-09T12:13:34.655+0900: 214.142: [GC (Allocation Failure) 214.142: [ParNew: 118016K->13056K(118016K), 0.0362162 secs] 10966945K->10874813K(25152768K), 0.0364807 secs] [Times: user=0.45 sys=0.00, real=0.04 secs] 
2014-04-09T12:13:34.744+0900: 214.231: [GC (Allocation Failure) 214.231: [ParNew: 118015K->3956K(118016K), 0.0364285 secs] 10979773K->10877970K(25152768K), 0.0366825 secs] [Times: user=0.44 sys=0.00, real=0.04 secs] 
2014-04-09T12:13:34.828+0900: 214.315: [GC (Allocation Failure) 214.315: [ParNew: 108916K->1978K(118016K), 0.0319133 secs] 10982930K->10875992K(25152768K), 0.0321714 secs] [Times: user=0.40 sys=0.00, real=0.04 secs] 
2014-04-09T12:13:34.906+0900: 214.392: [GC (Allocation Failure) 214.393: [ParNew: 106938K->643K(118016K), 0.0300470 secs] 10980952K->10874657K(25152768K), 0.0303054 secs] [Times: user=0.38 sys=0.00, real=0.03 secs] 
2014-04-09T12:13:34.979+0900: 214.466: [GC (Allocation Failure) 214.466: [ParNew: 105603K->161K(118016K), 0.0284350 secs] 10979617K->10874175K(25152768K), 0.0286849 secs] [Times: user=0.35 sys=0.01, real=0.03 secs] 
2014-04-09T12:13:35.050+0900: 214.537: [GC (Allocation Failure) 214.537: [ParNew: 105121K->40K(118016K), 0.0331682 secs] 10979135K->10874054K(25152768K), 0.0334184 secs] [Times: user=0.42 sys=0.00, real=0.03 secs] 
2014-04-09T12:13:35.126+0900: 214.612: [GC (Allocation Failure) 214.612: [ParNew: 105000K->26K(118016K), 0.0294517 secs] 10979014K->10874040K(25152768K), 0.0297031 secs] [Times: user=0.38 sys=0.00, real=0.03 secs] 
2014-04-09T12:13:35.198+0900: 214.685: [GC (Allocation Failure) 214.685: [ParNew: 104986K->26K(118016K), 0.0326627 secs] 10979000K->10874040K(25152768K), 0.0329190 secs] [Times: user=0.41 sys=0.00, real=0.04 secs] 
2014-04-09T12:13:35.281+0900: 214.767: [GC (Allocation Failure) 214.767: [ParNew: 104986K->26K(118016K), 0.0294585 secs] 10979000K->10874040K(25152768K), 0.0297034 secs] [Times: user=0.37 sys=0.00, real=0.02 secs] 
2014-04-09T12:13:35.633+0900: 215.120: [CMS-concurrent-mark: 2.065/2.633 secs] [Times: user=18.02 sys=0.33, real=2.63 secs] 
2014-04-09T12:13:35.633+0900: 215.120: [CMS-concurrent-preclean-start]
2014-04-09T12:13:35.956+0900: 215.442: [CMS-concurrent-preclean: 0.297/0.322 secs] [Times: user=0.32 sys=0.00, real=0.32 secs] 
2014-04-09T12:13:35.956+0900: 215.442: [CMS-concurrent-abortable-preclean-start]
 CMS: abort preclean due to time 2014-04-09T12:13:41.025+0900: 220.512: [CMS-concurrent-abortable-preclean: 2.966/5.070 secs] [Times: user=2.99 sys=0.01, real=5.07 secs] 
2014-04-09T12:13:41.027+0900: 220.513: [GC (CMS Final Remark) [YG occupancy: 102292 K (118016 K)]220.513: [Rescan (parallel) , 0.0300371 secs]220.544: [weak refs processing, 0.0000880 secs]220.544: [class unloading, 0.0453686 secs]220.589: [scrub symbol table, 0.0048347 secs]220.594: [scrub string table, 0.0014120 secs][1 CMS-remark: 10874014K(25034752K)] 10976306K(25152768K), 0.0888425 secs] [Times: user=0.43 sys=0.00, real=0.09 secs] 
2014-04-09T12:13:41.117+0900: 220.603: [CMS-concurrent-sweep-start]
2014-04-09T12:13:42.462+0900: 221.949: [CMS-concurrent-sweep: 1.346/1.346 secs] [Times: user=1.35 sys=0.00, real=1.35 secs] 
2014-04-09T12:13:42.462+0900: 221.949: [CMS-concurrent-reset-start]
2014-04-09T12:13:42.526+0900: 222.013: [CMS-concurrent-reset: 0.064/0.064 secs] [Times: user=0.07 sys=0.00, real=0.06 secs] 
2014-04-09T12:13:44.527+0900: 224.013: [GC (CMS Initial Mark) [1 CMS-initial-mark: 8838981K(25034752K)] 8941446K(25152768K), 0.0173176 secs] [Times: user=0.20 sys=0.00, real=0.02 secs] 
2014-04-09T12:13:44.545+0900: 224.031: [CMS-concurrent-mark-start]
2014-04-09T12:13:46.541+0900: 226.028: [CMS-concurrent-mark: 1.996/1.996 secs] [Times: user=7.46 sys=0.25, real=2.00 secs] 
2014-04-09T12:13:46.541+0900: 226.028: [CMS-concurrent-preclean-start]
2014-04-09T12:13:46.615+0900: 226.101: [CMS-concurrent-preclean: 0.073/0.073 secs] [Times: user=0.07 sys=0.00, real=0.07 secs] 
2014-04-09T12:13:46.615+0900: 226.101: [CMS-concurrent-abortable-preclean-start]
2014-04-09T12:13:50.195+0900: 229.681: [GC (Allocation Failure) 229.681: [ParNew: 104986K->125K(118016K), 0.0323699 secs] 8943967K->8839106K(25152768K), 0.0326409 secs] [Times: user=0.41 sys=0.01, real=0.03 secs] 
2014-04-09T12:13:50.348+0900: 229.834: [GC (Allocation Failure) 229.835: [ParNew: 105085K->263K(118016K), 0.0325648 secs] 8944066K->8839244K(25152768K), 0.0328302 secs] [Times: user=0.40 sys=0.00, real=0.03 secs] 
2014-04-09T12:13:50.502+0900: 229.989: [CMS-concurrent-abortable-preclean: 2.361/3.887 secs] [Times: user=3.86 sys=0.01, real=3.88 secs] 
2014-04-09T12:13:50.504+0900: 229.990: [GC (Allocation Failure) 229.990: [ParNew: 105223K->314K(118016K), 0.0305062 secs] 8944204K->8839295K(25152768K), 0.0307666 secs] [Times: user=0.39 sys=0.00, real=0.03 secs] 
2014-04-09T12:13:50.536+0900: 230.023: [GC (CMS Final Remark) [YG occupancy: 636 K (118016 K)]230.023: [Rescan (parallel) , 0.0156918 secs]230.038: [weak refs processing, 0.0000786 secs]230.039: [class unloading, 0.0448761 secs]230.083: [scrub symbol table, 0.0048201 secs]230.088: [scrub string table, 0.0014352 secs][1 CMS-remark: 8838981K(25034752K)] 8839617K(25152768K), 0.0739841 secs] [Times: user=0.24 sys=0.00, real=0.07 secs] 
2014-04-09T12:13:50.611+0900: 230.098: [CMS-concurrent-sweep-start]
2014-04-09T12:13:50.672+0900: 230.159: [GC (Allocation Failure) 230.159: [ParNew: 105274K->366K(118016K), 0.0314955 secs] 8944250K->8839342K(25152768K), 0.0317669 secs] [Times: user=0.40 sys=0.00, real=0.04 secs] 
2014-04-09T12:13:50.759+0900: 230.245: [GC (Allocation Failure) 230.245: [ParNew: 105326K->392K(118016K), 0.0307232 secs] 8944281K->8839346K(25152768K), 0.0309712 secs] [Times: user=0.39 sys=0.00, real=0.03 secs] 
2014-04-09T12:13:50.843+0900: 230.330: [GC (Allocation Failure) 230.330: [ParNew: 105352K->371K(118016K), 0.0328983 secs] 8944290K->8839309K(25152768K), 0.0331646 secs] [Times: user=0.41 sys=0.00, real=0.03 secs] 
2014-04-09T12:13:50.933+0900: 230.419: [GC (Allocation Failure) 230.419: [ParNew: 105331K->309K(118016K), 0.0342665 secs] 8944267K->8839343K(25152768K), 0.0345139 secs] [Times: user=0.42 sys=0.00, real=0.03 secs] 
2014-04-09T12:13:51.023+0900: 230.510: [GC (Allocation Failure) 230.510: [ParNew: 105269K->107K(118016K), 0.0320552 secs] 8944286K->8839249K(25152768K), 0.0322978 secs] [Times: user=0.40 sys=0.01, real=0.03 secs] 
2014-04-09T12:13:51.106+0900: 230.592: [GC (Allocation Failure) 230.592: [ParNew: 105067K->53K(118016K), 0.0308628 secs] 8944182K->8839173K(25152768K), 0.0311112 secs] [Times: user=0.39 sys=0.00, real=0.03 secs] 
2014-04-09T12:13:51.189+0900: 230.676: [GC (Allocation Failure) 230.676: [ParNew: 105013K->53K(118016K), 0.0346509 secs] 8943882K->8838937K(25152768K), 0.0348909 secs] [Times: user=0.43 sys=0.00, real=0.04 secs] 
2014-04-09T12:13:51.279+0900: 230.766: [GC (Allocation Failure) 230.766: [ParNew: 105013K->61K(118016K), 0.0296719 secs] 8943747K->8838794K(25152768K), 0.0299122 secs] [Times: user=0.37 sys=0.00, real=0.03 secs] 
2014-04-09T12:13:51.364+0900: 230.850: [GC (Allocation Failure) 230.850: [ParNew: 105021K->50K(118016K), 0.0310324 secs] 8942964K->8837994K(25152768K), 0.0312733 secs] [Times: user=0.39 sys=0.00, real=0.03 secs] 
2014-04-09T12:13:51.449+0900: 230.935: [GC (Allocation Failure) 230.935: [ParNew: 105010K->59K(118016K), 0.0341469 secs] 8942556K->8837605K(25152768K), 0.0343911 secs] [Times: user=0.44 sys=0.00, real=0.04 secs] 
2014-04-09T12:13:51.536+0900: 231.023: [GC (Allocation Failure) 231.023: [ParNew: 105019K->52K(118016K), 0.0309865 secs] 8942299K->8837333K(25152768K), 0.0312294 secs] [Times: user=0.39 sys=0.00, real=0.03 secs] 
2014-04-09T12:13:51.625+0900: 231.111: [GC (Allocation Failure) 231.111: [ParNew: 105012K->37K(118016K), 0.0306120 secs] 8942257K->8837301K(25152768K), 0.0308545 secs] [Times: user=0.38 sys=0.01, real=0.03 secs] 
2014-04-09T12:13:51.706+0900: 231.192: [GC (Allocation Failure) 231.193: [ParNew: 104997K->57K(118016K), 0.0309349 secs] 8942248K->8837321K(25152768K), 0.0311778 secs] [Times: user=0.39 sys=0.00, real=0.03 secs] 
2014-04-09T12:13:51.785+0900: 231.271: [GC (Allocation Failure) 231.271: [ParNew: 105017K->109K(118016K), 0.0314969 secs] 8942255K->8837348K(25152768K), 0.0317474 secs] [Times: user=0.40 sys=0.01, real=0.03 secs] 
2014-04-09T12:13:51.864+0900: 231.350: [GC (Allocation Failure) 231.350: [ParNew: 105069K->8793K(118016K), 0.0318654 secs] 8942301K->8846024K(25152768K), 0.0321134 secs] [Times: user=0.39 sys=0.00, real=0.03 secs] 
2014-04-09T12:13:51.947+0900: 231.434: [GC (Allocation Failure) 231.434: [ParNew: 113753K->11898K(118016K), 0.0408389 secs] 8950910K->8875849K(25152768K), 0.0410917 secs] [Times: user=0.51 sys=0.01, real=0.04 secs] 
2014-04-09T12:13:52.034+0900: 231.520: [GC (Allocation Failure) 231.520: [ParNew: 109380K->13054K(118016K), 0.0431745 secs] 8973276K->8915153K(25152768K), 0.0434295 secs] [Times: user=0.54 sys=0.00, real=0.04 secs] 
2014-04-09T12:13:52.115+0900: 231.601: [GC (Allocation Failure) 231.602: [ParNew: 113087K->13055K(118016K), 0.0416239 secs] 9015186K->8957991K(25152768K), 0.0418908 secs] [Times: user=0.51 sys=0.01, real=0.04 secs] 
2014-04-09T12:13:52.198+0900: 231.685: [GC (Allocation Failure) 231.685: [ParNew: 118013K->13054K(118016K), 0.0536837 secs] 9062949K->9015750K(25152768K), 0.0539384 secs] [Times: user=0.65 sys=0.00, real=0.06 secs] 
2014-04-09T12:13:52.301+0900: 231.787: [GC (Allocation Failure) 231.787: [ParNew: 114473K->13056K(118016K), 0.0517108 secs] 9117168K->9069324K(25152768K), 0.0519599 secs] [Times: user=0.58 sys=0.02, real=0.06 secs] 
2014-04-09T12:13:52.398+0900: 231.884: [GC (Allocation Failure) 231.885: [ParNew: 118016K->13056K(118016K), 0.0535792 secs] 9174260K->9112869K(25152768K), 0.0538253 secs] [Times: user=0.63 sys=0.01, real=0.05 secs] 
2014-04-09T12:13:52.526+0900: 232.012: [GC (Allocation Failure) 232.012: [ParNew: 118016K->13056K(118016K), 0.0477261 secs] 9217772K->9132403K(25152768K), 0.0479777 secs] [Times: user=0.56 sys=0.00, real=0.05 secs] 
2014-04-09T12:13:52.644+0900: 232.130: [GC (Allocation Failure) 232.131: [ParNew: 118010K->13056K(118016K), 0.0428159 secs] 9237353K->9158564K(25152768K), 0.0430636 secs] [Times: user=0.53 sys=0.00, real=0.04 secs] 
2014-04-09T12:13:52.767+0900: 232.253: [GC (Allocation Failure) 232.253: [ParNew: 109924K->13056K(118016K), 0.0472571 secs] 9255431K->9182272K(25152768K), 0.0475094 secs] [Times: user=0.58 sys=0.00, real=0.05 secs] 
2014-04-09T12:13:52.867+0900: 232.354: [GC (Allocation Failure) 232.354: [ParNew: 118016K->13056K(118016K), 0.0512202 secs] 9287204K->9238838K(25152768K), 0.0514664 secs] [Times: user=0.62 sys=0.01, real=0.05 secs] 
2014-04-09T12:13:52.990+0900: 232.476: [GC (Allocation Failure) 232.476: [ParNew: 118016K->13056K(118016K), 0.0641232 secs] 9343793K->9296126K(25152768K), 0.0643710 secs] [Times: user=0.67 sys=0.01, real=0.07 secs] 
2014-04-09T12:13:53.123+0900: 232.609: [GC (Allocation Failure) 232.609: [ParNew: 118016K->13056K(118016K), 0.0457279 secs] 9401011K->9309036K(25152768K), 0.0459709 secs] [Times: user=0.58 sys=0.00, real=0.04 secs] 
2014-04-09T12:13:53.241+0900: 232.727: [GC (Allocation Failure) 232.727: [ParNew: 110334K->12182K(118016K), 0.0446393 secs] 9403881K->9319615K(25152768K), 0.0448400 secs] [Times: user=0.53 sys=0.00, real=0.05 secs] 
2014-04-09T12:13:53.355+0900: 232.841: [GC (Allocation Failure) 232.841: [ParNew: 111710K->13056K(118016K), 0.0414012 secs] 9404418K->9338610K(25152768K), 0.0416007 secs] [Times: user=0.51 sys=0.01, real=0.04 secs] 
2014-04-09T12:13:53.440+0900: 232.927: [GC (Allocation Failure) 232.927: [ParNew: 118016K->13056K(118016K), 0.0389590 secs] 9339692K->9277202K(25152768K), 0.0392112 secs] [Times: user=0.48 sys=0.00, real=0.04 secs] 
2014-04-09T12:13:53.480+0900: 232.967: [CMS-concurrent-sweep: 1.654/2.869 secs] [Times: user=22.90 sys=0.34, real=2.87 secs] 
2014-04-09T12:13:53.481+0900: 232.967: [CMS-concurrent-reset-start]
2014-04-09T12:13:53.518+0900: 233.004: [GC (Allocation Failure) 233.004: [ParNew: 118014K->13056K(118016K), 0.0498143 secs] 9382161K->9345960K(25152768K), 0.0500629 secs] [Times: user=0.60 sys=0.01, real=0.05 secs] 
2014-04-09T12:13:53.609+0900: 233.095: [GC (Allocation Failure) 233.095: [ParNew: 118016K->13056K(118016K), 0.0521489 secs] 9450920K->9395697K(25152768K), 0.0523937 secs] [Times: user=0.63 sys=0.01, real=0.05 secs] 
2014-04-09T12:13:53.670+0900: 233.157: [CMS-concurrent-reset: 0.084/0.190 secs] [Times: user=1.68 sys=0.05, real=0.19 secs] 
2014-04-09T12:13:53.709+0900: 233.195: [GC (Allocation Failure) 233.195: [ParNew: 118016K->13056K(118016K), 0.0535277 secs] 9500657K->9423303K(25152768K), 0.0537710 secs] [Times: user=0.60 sys=0.02, real=0.06 secs] 
2014-04-09T12:13:53.764+0900: 233.250: [GC (CMS Initial Mark) [1 CMS-initial-mark: 9410247K(25034752K)] 9424277K(25152768K), 0.0024108 secs] [Times: user=0.02 sys=0.00, real=0.00 secs] 
2014-04-09T12:13:53.766+0900: 233.253: [CMS-concurrent-mark-start]
2014-04-09T12:13:53.826+0900: 233.312: [GC (Allocation Failure) 233.313: [ParNew: 118016K->13056K(118016K), 0.0520881 secs] 9528263K->9451289K(25152768K), 0.0523440 secs] [Times: user=0.63 sys=0.00, real=0.05 secs] 
2014-04-09T12:13:53.934+0900: 233.421: [GC (Allocation Failure) 233.421: [ParNew: 118016K->13056K(118016K), 0.0423139 secs] 9556249K->9470391K(25152768K), 0.0425619 secs] [Times: user=0.53 sys=0.01, real=0.04 secs] 
2014-04-09T12:13:54.037+0900: 233.523: [GC (Allocation Failure) 233.523: [ParNew: 118016K->13056K(118016K), 0.0452764 secs] 9575351K->9492559K(25152768K), 0.0455323 secs] [Times: user=0.57 sys=0.00, real=0.04 secs] 
2014-04-09T12:13:54.129+0900: 233.615: [GC (Allocation Failure) 233.615: [ParNew: 118016K->10241K(118016K), 0.0454687 secs] 9597519K->9538520K(25152768K), 0.0457122 secs] [Times: user=0.55 sys=0.00, real=0.05 secs] 
2014-04-09T12:13:54.223+0900: 233.709: [GC (Allocation Failure) 233.709: [ParNew: 107974K->13056K(118016K), 0.0647265 secs] 9636253K->9586951K(25152768K), 0.0649735 secs] [Times: user=0.61 sys=0.01, real=0.07 secs] 
2014-04-09T12:13:54.333+0900: 233.819: [GC (Allocation Failure) 233.819: [ParNew: 118016K->13056K(118016K), 0.0545812 secs] 9691911K->9629402K(25152768K), 0.0548243 secs] [Times: user=0.61 sys=0.02, real=0.06 secs] 
2014-04-09T12:13:54.419+0900: 233.906: [GC (Allocation Failure) 233.906: [ParNew: 118016K->13056K(118016K), 0.0518666 secs] 9734362K->9681390K(25152768K), 0.0521198 secs] [Times: user=0.62 sys=0.01, real=0.05 secs] 
2014-04-09T12:13:54.525+0900: 234.012: [GC (Allocation Failure) 234.012: [ParNew: 118014K->13056K(118016K), 0.0590461 secs] 9786348K->9729955K(25152768K), 0.0592948 secs] [Times: user=0.62 sys=0.00, real=0.06 secs] 
2014-04-09T12:13:54.642+0900: 234.128: [GC (Allocation Failure) 234.128: [ParNew: 116319K->13056K(118016K), 0.0780309 secs] 9833219K->9760525K(25152768K), 0.0782750 secs] [Times: user=0.70 sys=0.03, real=0.08 secs] 
2014-04-09T12:13:54.772+0900: 234.259: [GC (Allocation Failure) 234.259: [ParNew: 113192K->13056K(118016K), 0.0590687 secs] 9860662K->9782307K(25152768K), 0.0593182 secs] [Times: user=0.63 sys=0.01, real=0.06 secs] 
2014-04-09T12:13:54.876+0900: 234.362: [GC (Allocation Failure) 234.362: [ParNew: 118016K->13056K(118016K), 0.0423719 secs] 9887267K->9812795K(25152768K), 0.0426159 secs] [Times: user=0.52 sys=0.00, real=0.04 secs] 
2014-04-09T12:13:54.987+0900: 234.474: [GC (Allocation Failure) 234.474: [ParNew: 118016K->13056K(118016K), 0.0505114 secs] 9917755K->9863350K(25152768K), 0.0507555 secs] [Times: user=0.63 sys=0.00, real=0.05 secs] 
2014-04-09T12:13:55.091+0900: 234.578: [GC (Allocation Failure) 234.578: [ParNew: 118016K->13056K(118016K), 0.0386692 secs] 9968310K->9886503K(25152768K), 0.0389265 secs] [Times: user=0.48 sys=0.00, real=0.04 secs] 
2014-04-09T12:13:55.207+0900: 234.694: [GC (Allocation Failure) 234.694: [ParNew: 118016K->13056K(118016K), 0.0612973 secs] 9991463K->9917025K(25152768K), 0.0615398 secs] [Times: user=0.49 sys=0.02, real=0.06 secs] 
2014-04-09T12:13:55.354+0900: 234.840: [GC (Allocation Failure) 234.840: [ParNew: 118016K->13056K(118016K), 0.0461651 secs] 10021985K->9937732K(25152768K), 0.0464138 secs] [Times: user=0.59 sys=0.00, real=0.04 secs] 
2014-04-09T12:13:55.484+0900: 234.971: [GC (Allocation Failure) 234.971: [ParNew: 118014K->8863K(118016K), 0.0513922 secs] 10042690K->9985648K(25152768K), 0.0516391 secs] [Times: user=0.64 sys=0.00, real=0.05 secs] 
2014-04-09T12:13:55.577+0900: 235.064: [GC (Allocation Failure) 235.064: [ParNew: 113823K->13056K(118016K), 0.0526628 secs] 10090608K->10044387K(25152768K), 0.0529100 secs] [Times: user=0.60 sys=0.00, real=0.05 secs] 
2014-04-09T12:13:55.693+0900: 235.179: [GC (Allocation Failure) 235.179: [ParNew: 118016K->13056K(118016K), 0.0655257 secs] 10149347K->10088663K(25152768K), 0.0657792 secs] [Times: user=0.51 sys=0.02, real=0.07 secs] 
2014-04-09T12:13:55.845+0900: 235.331: [GC (Allocation Failure) 235.331: [ParNew: 118016K->13056K(118016K), 0.0513832 secs] 10193623K->10101672K(25152768K), 0.0516302 secs] [Times: user=0.57 sys=0.01, real=0.05 secs] 
2014-04-09T12:13:56.000+0900: 235.486: [GC (Allocation Failure) 235.486: [ParNew: 115302K->7385K(118016K), 0.0445439 secs] 10203918K->10131281K(25152768K), 0.0447974 secs] [Times: user=0.53 sys=0.01, real=0.05 secs] 
2014-04-09T12:13:56.079+0900: 235.566: [GC (Allocation Failure) 235.566: [ParNew: 107396K->13056K(118016K), 0.0509651 secs] 10231293K->10202259K(25152768K), 0.0512169 secs] [Times: user=0.64 sys=0.00, real=0.05 secs] 
2014-04-09T12:13:56.174+0900: 235.660: [GC (Allocation Failure) 235.660: [ParNew: 118016K->13056K(118016K), 0.0502071 secs] 10307219K->10253660K(25152768K), 0.0504476 secs] [Times: user=0.59 sys=0.01, real=0.05 secs] 
2014-04-09T12:13:56.302+0900: 235.788: [GC (Allocation Failure) 235.788: [ParNew: 118016K->13056K(118016K), 0.0909861 secs] 10358620K->10303206K(25152768K), 0.0912237 secs] [Times: user=0.52 sys=0.03, real=0.09 secs] 
2014-04-09T12:13:56.469+0900: 235.955: [GC (Allocation Failure) 235.955: [ParNew: 118016K->10368K(118016K), 0.0545992 secs] 10408166K->10313519K(25152768K), 0.0548377 secs] [Times: user=0.52 sys=0.02, real=0.06 secs] 
2014-04-09T12:13:56.583+0900: 236.070: [GC (Allocation Failure) 236.070: [ParNew: 115328K->11654K(118016K), 0.0396842 secs] 10418479K->10339222K(25152768K), 0.0399513 secs] [Times: user=0.51 sys=0.01, real=0.04 secs] 
2014-04-09T12:13:56.685+0900: 236.172: [GC (Allocation Failure) 236.172: [ParNew: 116610K->13056K(118016K), 0.0632440 secs] 10444178K->10377499K(25152768K), 0.0634782 secs] [Times: user=0.63 sys=0.01, real=0.06 secs] 
2014-04-09T12:13:56.789+0900: 236.276: [GC (Allocation Failure) 236.276: [ParNew: 112105K->13056K(118016K), 0.0394265 secs] 10476549K->10420844K(25152768K), 0.0396846 secs] [Times: user=0.49 sys=0.00, real=0.04 secs] 
2014-04-09T12:13:56.878+0900: 236.364: [GC (Allocation Failure) 236.364: [ParNew: 111192K->13056K(118016K), 0.0498325 secs] 10518981K->10466508K(25152768K), 0.0500731 secs] [Times: user=0.60 sys=0.01, real=0.05 secs] 
2014-04-09T12:13:56.995+0900: 236.481: [GC (Allocation Failure) 236.482: [ParNew: 118016K->13056K(118016K), 0.0585685 secs] 10571468K->10509856K(25152768K), 0.0588134 secs] [Times: user=0.66 sys=0.01, real=0.06 secs] 
2014-04-09T12:13:57.138+0900: 236.624: [GC (Allocation Failure) 236.624: [ParNew: 118015K->13056K(118016K), 0.0565685 secs] 10614815K->10544231K(25152768K), 0.0568233 secs] [Times: user=0.64 sys=0.01, real=0.06 secs] 
2014-04-09T12:13:57.211+0900: 236.698: [CMS-concurrent-mark: 1.787/3.445 secs] [Times: user=30.48 sys=0.84, real=3.44 secs] 
2014-04-09T12:13:57.212+0900: 236.698: [CMS-concurrent-preclean-start]
2014-04-09T12:13:57.257+0900: 236.744: [GC (Allocation Failure) 236.744: [ParNew: 114263K->11427K(118016K), 0.0499412 secs] 10645438K->10581196K(25152768K), 0.0501840 secs] [Times: user=0.59 sys=0.01, real=0.05 secs] 
2014-04-09T12:13:57.392+0900: 236.878: [GC (Allocation Failure) 236.878: [ParNew: 116387K->13056K(118016K), 0.0645300 secs] 10686156K->10610547K(25152768K), 0.0647351 secs] [Times: user=0.61 sys=0.02, real=0.07 secs] 
2014-04-09T12:13:57.518+0900: 237.005: [GC (Allocation Failure) 237.005: [ParNew: 118004K->13056K(118016K), 0.0494617 secs] 10715495K->10638692K(25152768K), 0.0497095 secs] [Times: user=0.56 sys=0.01, real=0.05 secs] 
2014-04-09T12:13:57.609+0900: 237.096: [GC (Allocation Failure) 237.096: [ParNew: 118016K->13056K(118016K), 0.0486683 secs] 10743652K->10693435K(25152768K), 0.0489278 secs] [Times: user=0.61 sys=0.00, real=0.05 secs] 
2014-04-09T12:13:57.731+0900: 237.217: [GC (Allocation Failure) 237.218: [ParNew: 109017K->13056K(118016K), 0.0706180 secs] 10789396K->10732818K(25152768K), 0.0708635 secs] [Times: user=0.60 sys=0.03, real=0.07 secs] 
2014-04-09T12:13:57.847+0900: 237.333: [GC (Allocation Failure) 237.334: [ParNew: 118016K->13056K(118016K), 0.0462845 secs] 10837778K->10777936K(25152768K), 0.0465293 secs] [Times: user=0.56 sys=0.00, real=0.05 secs] 
2014-04-09T12:13:57.947+0900: 237.434: [GC (Allocation Failure) 237.434: [ParNew: 117393K->13056K(118016K), 0.0512680 secs] 10882273K->10803108K(25152768K), 0.0515185 secs] [Times: user=0.62 sys=0.00, real=0.05 secs] 
2014-04-09T12:13:58.071+0900: 237.557: [GC (Allocation Failure) 237.557: [ParNew: 114950K->13056K(118016K), 0.0504423 secs] 10905002K->10829674K(25152768K), 0.0506934 secs] [Times: user=0.58 sys=0.01, real=0.05 secs] 
2014-04-09T12:13:58.193+0900: 237.679: [GC (Allocation Failure) 237.680: [ParNew: 117994K->13056K(118016K), 0.0441886 secs] 10934612K->10854657K(25152768K), 0.0444414 secs] [Times: user=0.50 sys=0.01, real=0.05 secs] 
2014-04-09T12:13:58.316+0900: 237.802: [GC (Allocation Failure) 237.802: [ParNew: 118016K->13056K(118016K), 0.0593503 secs] 10959617K->10900679K(25152768K), 0.0595970 secs] [Times: user=0.64 sys=0.00, real=0.06 secs] 
2014-04-09T12:13:58.455+0900: 237.941: [GC (Allocation Failure) 237.941: [ParNew: 118015K->13056K(118016K), 0.0484582 secs] 11005639K->10936424K(25152768K), 0.0487002 secs] [Times: user=0.61 sys=0.00, real=0.05 secs] 
2014-04-09T12:13:58.589+0900: 238.076: [GC (Allocation Failure) 238.076: [ParNew: 117963K->13056K(118016K), 0.0529500 secs] 11041332K->10971162K(25152768K), 0.0531935 secs] [Times: user=0.60 sys=0.02, real=0.05 secs] 
2014-04-09T12:13:58.681+0900: 238.168: [GC (Allocation Failure) 238.168: [ParNew: 118016K->13056K(118016K), 0.0637992 secs] 11076122K->11029740K(25152768K), 0.0640496 secs] [Times: user=0.64 sys=0.01, real=0.07 secs] 
2014-04-09T12:13:58.807+0900: 238.293: [GC (Allocation Failure) 238.293: [ParNew: 118016K->13056K(118016K), 0.0875236 secs] 11134700K->11073545K(25152768K), 0.0877597 secs] [Times: user=0.53 sys=0.04, real=0.09 secs] 
2014-04-09T12:13:58.955+0900: 238.441: [GC (Allocation Failure) 238.442: [ParNew: 118016K->13056K(118016K), 0.0538177 secs] 11178505K->11090401K(25152768K), 0.0540683 secs] [Times: user=0.57 sys=0.02, real=0.05 secs] 
2014-04-09T12:13:59.054+0900: 238.540: [GC (Allocation Failure) 238.540: [ParNew: 116203K->7017K(118016K), 0.0369842 secs] 11193549K->11115278K(25152768K), 0.0372308 secs] [Times: user=0.46 sys=0.00, real=0.03 secs] 
2014-04-09T12:13:59.150+0900: 238.636: [GC (Allocation Failure) 238.636: [ParNew: 111613K->13056K(118016K), 0.0549116 secs] 11219874K->11163207K(25152768K), 0.0551622 secs] [Times: user=0.58 sys=0.01, real=0.06 secs] 
2014-04-09T12:13:59.245+0900: 238.731: [GC (Allocation Failure) 238.732: [ParNew: 117988K->13056K(118016K), 0.0651520 secs] 11268140K->11205931K(25152768K), 0.0654120 secs] [Times: user=0.65 sys=0.02, real=0.06 secs] 
2014-04-09T12:13:59.365+0900: 238.852: [GC (Allocation Failure) 238.852: [ParNew: 118015K->13056K(118016K), 0.0552430 secs] 11310891K->11254407K(25152768K), 0.0554967 secs] [Times: user=0.64 sys=0.00, real=0.05 secs] 
2014-04-09T12:13:59.465+0900: 238.952: [GC (Allocation Failure) 238.952: [ParNew: 118016K->13056K(118016K), 0.0696494 secs] 11359367K->11297465K(25152768K), 0.0698984 secs] [Times: user=0.72 sys=0.01, real=0.07 secs] 
2014-04-09T12:13:59.590+0900: 239.076: [GC (Allocation Failure) 239.076: [ParNew: 118016K->11157K(118016K), 0.0422660 secs] 11402425K->11332294K(25152768K), 0.0425137 secs] [Times: user=0.53 sys=0.00, real=0.04 secs] 
2014-04-09T12:13:59.694+0900: 239.181: [GC (Allocation Failure) 239.181: [ParNew: 114338K->13056K(118016K), 0.0615623 secs] 11435474K->11372063K(25152768K), 0.0618160 secs] [Times: user=0.51 sys=0.02, real=0.06 secs] 
2014-04-09T12:13:59.797+0900: 239.284: [GC (Allocation Failure) 239.284: [ParNew: 118016K->13056K(118016K), 0.0442418 secs] 11477023K->11415309K(25152768K), 0.0444903 secs] [Times: user=0.56 sys=0.00, real=0.04 secs] 
2014-04-09T12:13:59.882+0900: 239.368: [GC (Allocation Failure) 239.369: [ParNew: 118016K->13056K(118016K), 0.0479357 secs] 11520269K->11461526K(25152768K), 0.0481822 secs] [Times: user=0.59 sys=0.00, real=0.05 secs] 
2014-04-09T12:14:00.001+0900: 239.488: [GC (Allocation Failure) 239.488: [ParNew: 118016K->13056K(118016K), 0.0648767 secs] 11566486K->11480588K(25152768K), 0.0651270 secs] [Times: user=0.59 sys=0.02, real=0.07 secs] 
2014-04-09T12:14:00.156+0900: 239.643: [GC (Allocation Failure) 239.643: [ParNew: 111844K->10924K(118016K), 0.0553044 secs] 11579376K->11505552K(25152768K), 0.0555628 secs] [Times: user=0.59 sys=0.02, real=0.05 secs] 
2014-04-09T12:14:00.311+0900: 239.797: [CMS-concurrent-preclean: 1.433/3.099 secs] [Times: user=22.33 sys=0.65, real=3.10 secs] 
2014-04-09T12:14:00.312+0900: 239.798: [GC (Allocation Failure) 239.798: [ParNew: 115884K->13056K(118016K), 0.0406470 secs] 11610512K->11553921K(25152768K), 0.0408844 secs] [Times: user=0.51 sys=0.00, real=0.04 secs] 
2014-04-09T12:14:00.353+0900: 239.840: [CMS-concurrent-abortable-preclean-start]
2014-04-09T12:14:00.410+0900: 239.896: [GC (Allocation Failure) 239.896: [ParNew: 117968K->13056K(118016K), 0.0833029 secs] 11658834K->11593229K(25152768K), 0.0835535 secs] [Times: user=0.67 sys=0.03, real=0.08 secs] 
2014-04-09T12:14:00.536+0900: 240.022: [GC (Allocation Failure) 240.022: [ParNew: 118016K->13056K(118016K), 0.0710804 secs] 11698189K->11653264K(25152768K), 0.0713261 secs] [Times: user=0.68 sys=0.01, real=0.07 secs] 
2014-04-09T12:14:00.646+0900: 240.132: [GC (Allocation Failure) 240.132: [ParNew: 118016K->13056K(118016K), 0.0454107 secs] 11758224K->11687618K(25152768K), 0.0456673 secs] [Times: user=0.57 sys=0.00, real=0.04 secs] 
2014-04-09T12:14:00.773+0900: 240.260: [CMS-concurrent-abortable-preclean: 0.207/0.420 secs] [Times: user=2.85 sys=0.11, real=0.42 secs] 
2014-04-09T12:14:00.774+0900: 240.261: [GC (Allocation Failure) 240.261: [ParNew: 118016K->13056K(118016K), 0.0650939 secs] 11792578K->11727990K(25152768K), 0.0653418 secs] [Times: user=0.59 sys=0.01, real=0.07 secs] 
2014-04-09T12:14:00.841+0900: 240.327: [GC (CMS Final Remark) [YG occupancy: 13366 K (118016 K)]240.327: [Rescan (parallel) , 0.0219654 secs]240.349: [weak refs processing, 0.0001140 secs]240.349: [class unloading, 0.0429253 secs]240.392: [scrub symbol table, 0.0042934 secs]240.397: [scrub string table, 0.0012232 secs][1 CMS-remark: 11714934K(25034752K)] 11728301K(25152768K), 0.0775804 secs] [Times: user=0.33 sys=0.00, real=0.08 secs] 
2014-04-09T12:14:00.919+0900: 240.405: [CMS-concurrent-sweep-start]
2014-04-09T12:14:00.962+0900: 240.449: [GC (Allocation Failure) 240.449: [ParNew: 118016K->13056K(118016K), 0.0527623 secs] 11812410K->11735152K(25152768K), 0.0530185 secs] [Times: user=0.47 sys=0.01, real=0.06 secs] 
2014-04-09T12:14:01.077+0900: 240.564: [GC (Allocation Failure) 240.564: [ParNew: 118016K->13056K(118016K), 0.0491766 secs] 11799029K->11725018K(25152768K), 0.0494209 secs] [Times: user=0.59 sys=0.00, real=0.05 secs] 
2014-04-09T12:14:01.160+0900: 240.646: [GC (Allocation Failure) 240.646: [ParNew: 108650K->11543K(118016K), 0.0451013 secs] 11804000K->11738037K(25152768K), 0.0453509 secs] [Times: user=0.57 sys=0.00, real=0.05 secs] 
2014-04-09T12:14:01.251+0900: 240.737: [GC (Allocation Failure) 240.737: [ParNew: 115419K->13056K(118016K), 0.0426561 secs] 11818225K->11765888K(25152768K), 0.0429013 secs] [Times: user=0.54 sys=0.01, real=0.04 secs] 
2014-04-09T12:14:01.325+0900: 240.812: [GC (Allocation Failure) 240.812: [ParNew: 108829K->13056K(118016K), 0.0501696 secs] 11845306K->11802814K(25152768K), 0.0504271 secs] [Times: user=0.62 sys=0.01, real=0.05 secs] 
2014-04-09T12:14:01.418+0900: 240.904: [GC (Allocation Failure) 240.904: [ParNew: 118016K->13056K(118016K), 0.0549002 secs] 11886497K->11848167K(25152768K), 0.0551468 secs] [Times: user=0.64 sys=0.01, real=0.05 secs] 
2014-04-09T12:14:01.507+0900: 240.993: [GC (Allocation Failure) 240.993: [ParNew: 118016K->13056K(118016K), 0.0587640 secs] 11930523K->11885237K(25152768K), 0.0590114 secs] [Times: user=0.66 sys=0.01, real=0.06 secs] 
2014-04-09T12:14:01.609+0900: 241.095: [GC (Allocation Failure) 241.095: [ParNew: 118016K->13056K(118016K), 0.0971290 secs] 11962000K->11897749K(25152768K), 0.0973846 secs] [Times: user=1.21 sys=0.01, real=0.10 secs] 
2014-04-09T12:14:01.781+0900: 241.267: [GC (Allocation Failure) 241.267: [ParNew: 118016K->13056K(118016K), 0.0515823 secs] 11964955K->11891551K(25152768K), 0.0518370 secs] [Times: user=0.57 sys=0.01, real=0.05 secs] 
2014-04-09T12:14:01.913+0900: 241.400: [GC (Allocation Failure) 241.400: [ParNew: 118016K->13056K(118016K), 0.0596375 secs] 11958634K->11868901K(25152768K), 0.0598875 secs] [Times: user=0.66 sys=0.01, real=0.06 secs] 
2014-04-09T12:14:02.037+0900: 241.523: [GC (Allocation Failure) 241.523: [ParNew: 110597K->13056K(118016K), 0.0443275 secs] 11937255K->11862392K(25152768K), 0.0445806 secs] [Times: user=0.51 sys=0.02, real=0.04 secs] 
2014-04-09T12:14:02.164+0900: 241.650: [GC (Allocation Failure) 241.650: [ParNew: 118016K->13056K(118016K), 0.0451881 secs] 11929183K->11849333K(25152768K), 0.0454376 secs] [Times: user=0.55 sys=0.01, real=0.05 secs] 
2014-04-09T12:14:02.244+0900: 241.731: [GC (Allocation Failure) 241.731: [ParNew: 112042K->13056K(118016K), 0.0485666 secs] 11931585K->11868969K(25152768K), 0.0488198 secs] [Times: user=0.54 sys=0.01, real=0.04 secs] 
2014-04-09T12:14:02.341+0900: 241.827: [GC (Allocation Failure) 241.828: [ParNew: 118016K->13056K(118016K), 0.0581682 secs] 11945235K->11911657K(25152768K), 0.0584203 secs] [Times: user=0.68 sys=0.02, real=0.06 secs] 
2014-04-09T12:14:02.465+0900: 241.952: [GC (Allocation Failure) 241.952: [ParNew: 118016K->13056K(118016K), 0.0814189 secs] 11968805K->11918753K(25152768K), 0.0816776 secs] [Times: user=0.85 sys=0.02, real=0.08 secs] 
2014-04-09T12:14:02.601+0900: 242.088: [GC (Allocation Failure) 242.088: [ParNew: 118015K->9849K(118016K), 0.0898240 secs] 11998301K->11933647K(25152768K), 0.0900797 secs] [Times: user=1.13 sys=0.01, real=0.09 secs] 
2014-04-09T12:14:02.765+0900: 242.251: [GC (Allocation Failure) 242.251: [ParNew: 114809K->13056K(118016K), 0.0596214 secs] 11988098K->11910857K(25152768K), 0.0598735 secs] [Times: user=0.68 sys=0.01, real=0.06 secs] 
2014-04-09T12:14:02.900+0900: 242.387: [GC (Allocation Failure) 242.387: [ParNew: 117993K->13056K(118016K), 0.0458501 secs] 11958060K->11883184K(25152768K), 0.0460978 secs] [Times: user=0.54 sys=0.01, real=0.05 secs] 
2014-04-09T12:14:02.987+0900: 242.474: [GC (Allocation Failure) 242.474: [ParNew: 118016K->13056K(118016K), 0.0540507 secs] 11960655K->11913721K(25152768K), 0.0542992 secs] [Times: user=0.65 sys=0.02, real=0.05 secs] 
2014-04-09T12:14:03.072+0900: 242.558: [GC (Allocation Failure) 242.559: [ParNew: 110511K->13056K(118016K), 0.0457963 secs] 11989951K->11919968K(25152768K), 0.0460427 secs] [Times: user=0.57 sys=0.00, real=0.05 secs] 
2014-04-09T12:14:03.167+0900: 242.654: [GC (Allocation Failure) 242.654: [ParNew: 118016K->13056K(118016K), 0.0531551 secs] 11995551K->11934821K(25152768K), 0.0534005 secs] [Times: user=0.60 sys=0.01, real=0.05 secs] 
2014-04-09T12:14:03.298+0900: 242.785: [GC (Allocation Failure) 242.785: [ParNew: 118016K->13056K(118016K), 0.0497379 secs] 11983713K->11901388K(25152768K), 0.0499916 secs] [Times: user=0.59 sys=0.01, real=0.05 secs] 
2014-04-09T12:14:03.405+0900: 242.891: [GC (Allocation Failure) 242.891: [ParNew: 109557K->13056K(118016K), 0.0422013 secs] 11950595K->11891993K(25152768K), 0.0424586 secs] [Times: user=0.50 sys=0.01, real=0.04 secs] 
2014-04-09T12:14:03.498+0900: 242.985: [GC (Allocation Failure) 242.985: [ParNew: 118014K->13056K(118016K), 0.0526480 secs] 11953402K->11905109K(25152768K), 0.0529012 secs] [Times: user=0.63 sys=0.02, real=0.05 secs] 
2014-04-09T12:14:03.596+0900: 243.082: [GC (Allocation Failure) 243.083: [ParNew: 118016K->13056K(118016K), 0.0490462 secs] 11973408K->11916644K(25152768K), 0.0492939 secs] [Times: user=0.55 sys=0.02, real=0.05 secs] 
2014-04-09T12:14:03.726+0900: 243.212: [GC (Allocation Failure) 243.212: [ParNew: 118016K->13056K(118016K), 0.1062601 secs] 11945936K->11876299K(25152768K), 0.1065118 secs] [Times: user=1.25 sys=0.02, real=0.10 secs] 
2014-04-09T12:14:03.942+0900: 243.428: [GC (Allocation Failure) 243.428: [ParNew: 117345K->9841K(118016K), 0.0758781 secs] 11909222K->11814756K(25152768K), 0.0761293 secs] [Times: user=0.96 sys=0.00, real=0.08 secs] 
2014-04-09T12:14:04.095+0900: 243.582: [GC (Allocation Failure) 243.582: [ParNew: 114793K->13056K(118016K), 0.0488289 secs] 11872474K->11793561K(25152768K), 0.0490752 secs] [Times: user=0.62 sys=0.00, real=0.04 secs] 
2014-04-09T12:14:04.181+0900: 243.667: [GC (Allocation Failure) 243.667: [ParNew: 113406K->12164K(118016K), 0.0477044 secs] 11871172K->11792378K(25152768K), 0.0479513 secs] [Times: user=0.57 sys=0.01, real=0.05 secs] 
2014-04-09T12:14:04.296+0900: 243.783: [GC (Allocation Failure) 243.783: [ParNew: 117124K->13056K(118016K), 0.0488091 secs] 11844825K->11795555K(25152768K), 0.0490800 secs] [Times: user=0.53 sys=0.03, real=0.05 secs] 
2014-04-09T12:14:04.397+0900: 243.883: [GC (Allocation Failure) 243.884: [ParNew: 116876K->13056K(118016K), 0.0815563 secs] 11867165K->11804462K(25152768K), 0.0818030 secs] [Times: user=1.02 sys=0.00, real=0.08 secs] 
2014-04-09T12:14:04.576+0900: 244.063: [GC (Allocation Failure) 244.063: [ParNew: 118016K->13056K(118016K), 0.0526678 secs] 11799172K->11711711K(25152768K), 0.0529203 secs] [Times: user=0.63 sys=0.00, real=0.05 secs] 
2014-04-09T12:14:04.715+0900: 244.202: [GC (Allocation Failure) 244.202: [ParNew: 115677K->13056K(118016K), 0.0492164 secs] 11683823K->11605955K(25152768K), 0.0494774 secs] [Times: user=0.56 sys=0.01, real=0.05 secs] 
2014-04-09T12:14:04.818+0900: 244.304: [CMS-concurrent-sweep: 1.950/3.899 secs] [Times: user=31.93 sys=0.70, real=3.90 secs] 
2014-04-09T12:14:04.818+0900: 244.304: [CMS-concurrent-reset-start]
2014-04-09T12:14:04.829+0900: 244.316: [GC (Allocation Failure) 244.316: [ParNew: 118009K->13056K(118016K), 0.0388378 secs] 11229439K->11155996K(25152768K), 0.0391002 secs] [Times: user=0.47 sys=0.01, real=0.04 secs] 
2014-04-09T12:14:04.932+0900: 244.419: [GC (Allocation Failure) 244.419: [ParNew: 118016K->13056K(118016K), 0.0499864 secs] 11260956K->11205466K(25152768K), 0.0502407 secs] [Times: user=0.60 sys=0.01, real=0.05 secs] 
2014-04-09T12:14:04.988+0900: 244.475: [CMS-concurrent-reset: 0.077/0.170 secs] [Times: user=1.33 sys=0.04, real=0.17 secs] 
2014-04-09T12:14:05.148+0900: 244.635: [GC (Allocation Failure) 244.635: [ParNew: 118016K->13056K(118016K), 0.0471197 secs] 11310426K->11217662K(25152768K), 0.0473687 secs] [Times: user=0.57 sys=0.00, real=0.05 secs] 
2014-04-09T12:14:05.197+0900: 244.684: [GC (CMS Initial Mark) [1 CMS-initial-mark: 11204606K(25034752K)] 11218193K(25152768K), 0.0019851 secs] [Times: user=0.01 sys=0.00, real=0.00 secs] 
2014-04-09T12:14:05.200+0900: 244.687: [CMS-concurrent-mark-start]
2014-04-09T12:14:05.403+0900: 244.889: [GC (Allocation Failure) 244.890: [ParNew: 118014K->13056K(118016K), 0.0449186 secs] 11322621K->11262027K(25152768K), 0.0451727 secs] [Times: user=0.54 sys=0.00, real=0.05 secs] 
2014-04-09T12:14:05.739+0900: 245.225: [GC (Allocation Failure) 245.225: [ParNew: 118016K->13056K(118016K), 0.0998467 secs] 11366987K->11291737K(25152768K), 0.1000963 secs] [Times: user=1.25 sys=0.00, real=0.10 secs] 
2014-04-09T12:14:05.909+0900: 245.396: [GC (Allocation Failure) 245.396: [ParNew: 118016K->10256K(118016K), 0.0431553 secs] 11396697K->11298655K(25152768K), 0.0434040 secs] [Times: user=0.50 sys=0.00, real=0.04 secs] 
2014-04-09T12:14:06.011+0900: 245.497: [GC (Allocation Failure) 245.498: [ParNew: 115216K->6644K(118016K), 0.0341513 secs] 11403615K->11295043K(25152768K), 0.0344014 secs] [Times: user=0.42 sys=0.00, real=0.04 secs] 
2014-04-09T12:14:06.105+0900: 245.591: [GC (Allocation Failure) 245.592: [ParNew: 111604K->7907K(118016K), 0.0313468 secs] 11400003K->11296306K(25152768K), 0.0315897 secs] [Times: user=0.40 sys=0.00, real=0.03 secs] 
2014-04-09T12:14:06.195+0900: 245.681: [GC (Allocation Failure) 245.681: [ParNew: 112867K->6541K(118016K), 0.0297126 secs] 11401266K->11294940K(25152768K), 0.0299507 secs] [Times: user=0.37 sys=0.01, real=0.03 secs] 
2014-04-09T12:14:06.283+0900: 245.770: [GC (Allocation Failure) 245.770: [ParNew: 111501K->7135K(118016K), 0.0302384 secs] 11399900K->11295534K(25152768K), 0.0304869 secs] [Times: user=0.38 sys=0.00, real=0.03 secs] 
2014-04-09T12:14:06.374+0900: 245.860: [GC (Allocation Failure) 245.860: [ParNew: 112095K->7702K(118016K), 0.0312061 secs] 11400494K->11296101K(25152768K), 0.0314680 secs] [Times: user=0.40 sys=0.00, real=0.04 secs] 
2014-04-09T12:14:06.463+0900: 245.950: [GC (Allocation Failure) 245.950: [ParNew: 112662K->2760K(118016K), 0.0308614 secs] 11401061K->11295617K(25152768K), 0.0311145 secs] [Times: user=0.37 sys=0.01, real=0.04 secs] 
2014-04-09T12:14:06.549+0900: 246.035: [GC (Allocation Failure) 246.036: [ParNew: 107720K->690K(118016K), 0.0304535 secs] 11400577K->11293547K(25152768K), 0.0307004 secs] [Times: user=0.39 sys=0.00, real=0.03 secs] 
2014-04-09T12:14:06.645+0900: 246.131: [GC (Allocation Failure) 246.131: [ParNew: 105650K->173K(118016K), 0.0305257 secs] 11398507K->11293029K(25152768K), 0.0307752 secs] [Times: user=0.39 sys=0.00, real=0.03 secs] 
2014-04-09T12:14:07.369+0900: 246.855: [CMS-concurrent-mark: 1.712/2.168 secs] [Times: user=15.14 sys=0.22, real=2.17 secs] 
2014-04-09T12:14:07.369+0900: 246.855: [CMS-concurrent-preclean-start]
2014-04-09T12:14:07.535+0900: 247.022: [CMS-concurrent-preclean: 0.159/0.167 secs] [Times: user=0.17 sys=0.00, real=0.17 secs] 
2014-04-09T12:14:07.536+0900: 247.022: [CMS-concurrent-abortable-preclean-start]
 CMS: abort preclean due to time 2014-04-09T12:14:12.682+0900: 252.168: [CMS-concurrent-abortable-preclean: 3.009/5.146 secs] [Times: user=3.52 sys=0.00, real=5.14 secs] 
2014-04-09T12:14:12.683+0900: 252.170: [GC (CMS Final Remark) [YG occupancy: 40501 K (118016 K)]252.170: [Rescan (parallel) , 0.0201562 secs]252.190: [weak refs processing, 0.0000656 secs]252.190: [class unloading, 0.0432771 secs]252.233: [scrub symbol table, 0.0043000 secs]252.238: [scrub string table, 0.0014004 secs][1 CMS-remark: 11292856K(25034752K)] 11333357K(25152768K), 0.0763760 secs] [Times: user=0.30 sys=0.00, real=0.08 secs] 
2014-04-09T12:14:12.761+0900: 252.247: [CMS-concurrent-sweep-start]
2014-04-09T12:14:14.209+0900: 253.695: [CMS-concurrent-sweep: 1.448/1.448 secs] [Times: user=1.47 sys=0.00, real=1.45 secs] 
2014-04-09T12:14:14.209+0900: 253.695: [CMS-concurrent-reset-start]
2014-04-09T12:14:14.273+0900: 253.760: [CMS-concurrent-reset: 0.064/0.064 secs] [Times: user=0.06 sys=0.00, real=0.06 secs] 
2014-04-09T12:14:16.274+0900: 255.760: [GC (CMS Initial Mark) [1 CMS-initial-mark: 8816514K(25034752K)] 8857297K(25152768K), 0.0079904 secs] [Times: user=0.08 sys=0.00, real=0.01 secs] 
2014-04-09T12:14:16.283+0900: 255.769: [CMS-concurrent-mark-start]
2014-04-09T12:14:18.579+0900: 258.066: [CMS-concurrent-mark: 2.295/2.296 secs] [Times: user=8.54 sys=0.28, real=2.30 secs] 
2014-04-09T12:14:18.579+0900: 258.066: [CMS-concurrent-preclean-start]
2014-04-09T12:14:18.649+0900: 258.135: [CMS-concurrent-preclean: 0.069/0.069 secs] [Times: user=0.07 sys=0.00, real=0.07 secs] 
2014-04-09T12:14:18.649+0900: 258.135: [CMS-concurrent-abortable-preclean-start]
2014-04-09T12:14:20.668+0900: 260.155: [GC (Allocation Failure) 260.155: [ParNew: 105133K->214K(118016K), 0.0331132 secs] 8921647K->8816729K(25152768K), 0.0333864 secs] [Times: user=0.40 sys=0.01, real=0.03 secs] 
2014-04-09T12:14:20.814+0900: 260.300: [CMS-concurrent-abortable-preclean: 1.326/2.165 secs] [Times: user=2.34 sys=0.02, real=2.16 secs] 
2014-04-09T12:14:20.815+0900: 260.302: [GC (Allocation Failure) 260.302: [ParNew: 105174K->274K(118016K), 0.0317604 secs] 8921689K->8816788K(25152768K), 0.0320263 secs] [Times: user=0.40 sys=0.00, real=0.04 secs] 
2014-04-09T12:14:20.849+0900: 260.336: [GC (CMS Final Remark) [YG occupancy: 1758 K (118016 K)]260.336: [Rescan (parallel) , 0.0144488 secs]260.350: [weak refs processing, 0.0000616 secs]260.351: [class unloading, 0.0456313 secs]260.396: [scrub symbol table, 0.0048288 secs]260.401: [scrub string table, 0.0014097 secs][1 CMS-remark: 8816514K(25034752K)] 8818272K(25152768K), 0.0735492 secs] [Times: user=0.24 sys=0.00, real=0.07 secs] 
2014-04-09T12:14:20.924+0900: 260.411: [CMS-concurrent-sweep-start]
2014-04-09T12:14:20.987+0900: 260.474: [GC (Allocation Failure) 260.474: [ParNew: 105234K->280K(118016K), 0.0367227 secs] 8921639K->8816684K(25152768K), 0.0369774 secs] [Times: user=0.46 sys=0.01, real=0.04 secs] 
2014-04-09T12:14:21.087+0900: 260.574: [GC (Allocation Failure) 260.574: [ParNew: 105240K->325K(118016K), 0.0312968 secs] 8921524K->8816609K(25152768K), 0.0315496 secs] [Times: user=0.38 sys=0.00, real=0.04 secs] 
2014-04-09T12:14:21.182+0900: 260.669: [GC (Allocation Failure) 260.669: [ParNew: 105285K->267K(118016K), 0.0316154 secs] 8921461K->8816442K(25152768K), 0.0318671 secs] [Times: user=0.39 sys=0.01, real=0.03 secs] 
2014-04-09T12:14:21.278+0900: 260.764: [GC (Allocation Failure) 260.764: [ParNew: 105227K->302K(118016K), 0.0342559 secs] 8921267K->8816342K(25152768K), 0.0345134 secs] [Times: user=0.43 sys=0.00, real=0.03 secs] 
2014-04-09T12:14:21.375+0900: 260.862: [GC (Allocation Failure) 260.862: [ParNew: 105262K->92K(118016K), 0.0327161 secs] 8921180K->8816191K(25152768K), 0.0329760 secs] [Times: user=0.41 sys=0.00, real=0.04 secs] 
2014-04-09T12:14:21.476+0900: 260.963: [GC (Allocation Failure) 260.963: [ParNew: 105052K->52K(118016K), 0.0318844 secs] 8920993K->8815995K(25152768K), 0.0321500 secs] [Times: user=0.39 sys=0.00, real=0.04 secs] 
2014-04-09T12:14:21.573+0900: 261.059: [GC (Allocation Failure) 261.059: [ParNew: 105012K->65K(118016K), 0.0321932 secs] 8920812K->8815865K(25152768K), 0.0324403 secs] [Times: user=0.40 sys=0.01, real=0.03 secs] 
2014-04-09T12:14:21.671+0900: 261.158: [GC (Allocation Failure) 261.158: [ParNew: 105025K->73K(118016K), 0.0326900 secs] 8920654K->8815702K(25152768K), 0.0329380 secs] [Times: user=0.41 sys=0.00, real=0.03 secs] 
2014-04-09T12:14:21.773+0900: 261.260: [GC (Allocation Failure) 261.260: [ParNew: 105033K->60K(118016K), 0.0308986 secs] 8920418K->8815445K(25152768K), 0.0311194 secs] [Times: user=0.39 sys=0.00, real=0.03 secs] 
2014-04-09T12:14:21.874+0900: 261.360: [GC (Allocation Failure) 261.361: [ParNew: 105020K->71K(118016K), 0.0327734 secs] 8919498K->8814552K(25152768K), 0.0329955 secs] [Times: user=0.41 sys=0.00, real=0.03 secs] 
2014-04-09T12:14:21.971+0900: 261.457: [GC (Allocation Failure) 261.457: [ParNew: 105031K->59K(118016K), 0.0324699 secs] 8919341K->8814369K(25152768K), 0.0326989 secs] [Times: user=0.42 sys=0.00, real=0.03 secs] 
2014-04-09T12:14:22.067+0900: 261.553: [GC (Allocation Failure) 261.553: [ParNew: 105019K->44K(118016K), 0.0345001 secs] 8919183K->8814238K(25152768K), 0.0347324 secs] [Times: user=0.44 sys=0.00, real=0.04 secs] 
2014-04-09T12:14:22.163+0900: 261.650: [GC (Allocation Failure) 261.650: [ParNew: 105004K->47K(118016K), 0.0311187 secs] 8919038K->8814087K(25152768K), 0.0313389 secs] [Times: user=0.39 sys=0.00, real=0.03 secs] 
2014-04-09T12:14:22.261+0900: 261.747: [GC (Allocation Failure) 261.747: [ParNew: 105007K->2459K(118016K), 0.0308955 secs] 8918890K->8816342K(25152768K), 0.0311147 secs] [Times: user=0.39 sys=0.00, real=0.03 secs] 
2014-04-09T12:14:22.358+0900: 261.845: [GC (Allocation Failure) 261.845: [ParNew: 106488K->11823K(118016K), 0.0363605 secs] 8920204K->8841927K(25152768K), 0.0365824 secs] [Times: user=0.47 sys=0.00, real=0.03 secs] 
2014-04-09T12:14:22.442+0900: 261.929: [GC (Allocation Failure) 261.929: [ParNew: 114849K->11955K(118016K), 0.0388200 secs] 8944875K->8891886K(25152768K), 0.0390439 secs] [Times: user=0.49 sys=0.00, real=0.04 secs] 
2014-04-09T12:14:22.522+0900: 262.008: [GC (Allocation Failure) 262.009: [ParNew: 116915K->13054K(118016K), 0.0513324 secs] 8996764K->8940661K(25152768K), 0.0515505 secs] [Times: user=0.59 sys=0.02, real=0.05 secs] 
2014-04-09T12:14:22.627+0900: 262.114: [GC (Allocation Failure) 262.114: [ParNew: 118014K->13056K(118016K), 0.0512712 secs] 9045535K->8995335K(25152768K), 0.0514890 secs] [Times: user=0.61 sys=0.01, real=0.05 secs] 
2014-04-09T12:14:22.796+0900: 262.283: [GC (Allocation Failure) 262.283: [ParNew: 118016K->13056K(118016K), 0.0491792 secs] 9099859K->9014741K(25152768K), 0.0494067 secs] [Times: user=0.59 sys=0.00, real=0.05 secs] 
2014-04-09T12:14:22.940+0900: 262.427: [GC (Allocation Failure) 262.427: [ParNew: 118016K->11331K(118016K), 0.0484917 secs] 9119476K->9056234K(25152768K), 0.0487299 secs] [Times: user=0.55 sys=0.00, real=0.05 secs] 
2014-04-09T12:14:23.121+0900: 262.607: [GC (Allocation Failure) 262.607: [ParNew: 116291K->13056K(118016K), 0.0440959 secs] 9160658K->9070697K(25152768K), 0.0443245 secs] [Times: user=0.53 sys=0.01, real=0.04 secs] 
2014-04-09T12:14:23.265+0900: 262.752: [GC (Allocation Failure) 262.752: [ParNew: 114689K->9671K(118016K), 0.0415065 secs] 9172098K->9108543K(25152768K), 0.0417313 secs] [Times: user=0.46 sys=0.01, real=0.04 secs] 
2014-04-09T12:14:23.367+0900: 262.853: [GC (Allocation Failure) 262.853: [ParNew: 109561K->13056K(118016K), 0.0460696 secs] 9208355K->9144283K(25152768K), 0.0462925 secs] [Times: user=0.56 sys=0.01, real=0.05 secs] 
2014-04-09T12:14:23.469+0900: 262.956: [GC (Allocation Failure) 262.956: [ParNew: 118016K->13056K(118016K), 0.0585604 secs] 9249215K->9206596K(25152768K), 0.0587847 secs] [Times: user=0.63 sys=0.03, real=0.06 secs] 
2014-04-09T12:14:23.600+0900: 263.087: [GC (Allocation Failure) 263.087: [ParNew: 118016K->13056K(118016K), 0.0512023 secs] 9307460K->9211873K(25152768K), 0.0514327 secs] [Times: user=0.61 sys=0.00, real=0.05 secs] 
2014-04-09T12:14:23.723+0900: 263.209: [CMS-concurrent-sweep: 1.769/2.798 secs] [Times: user=19.60 sys=0.29, real=2.80 secs] 
2014-04-09T12:14:23.723+0900: 263.209: [CMS-concurrent-reset-start]
2014-04-09T12:14:23.752+0900: 263.239: [GC (Allocation Failure) 263.239: [ParNew: 116438K->13056K(118016K), 0.0484407 secs] 9244678K->9162288K(25152768K), 0.0486582 secs] [Times: user=0.57 sys=0.00, real=0.05 secs] 
2014-04-09T12:14:23.867+0900: 263.354: [GC (Allocation Failure) 263.354: [ParNew: 117989K->13056K(118016K), 0.0408187 secs] 9267222K->9191593K(25152768K), 0.0410536 secs] [Times: user=0.51 sys=0.01, real=0.05 secs] 
2014-04-09T12:14:23.910+0900: 263.397: [CMS-concurrent-reset: 0.094/0.187 secs] [Times: user=1.45 sys=0.04, real=0.19 secs] 
2014-04-09T12:14:24.011+0900: 263.498: [GC (Allocation Failure) 263.498: [ParNew: 118015K->13056K(118016K), 0.0432339 secs] 9296552K->9236409K(25152768K), 0.0434597 secs] [Times: user=0.50 sys=0.01, real=0.04 secs] 
2014-04-09T12:14:24.056+0900: 263.542: [GC (CMS Initial Mark) [1 CMS-initial-mark: 9223353K(25034752K)] 9236478K(25152768K), 0.0014888 secs] [Times: user=0.01 sys=0.00, real=0.01 secs] 
2014-04-09T12:14:24.058+0900: 263.544: [CMS-concurrent-mark-start]
2014-04-09T12:14:24.260+0900: 263.746: [GC (Allocation Failure) 263.746: [ParNew: 118016K->13056K(118016K), 0.0475828 secs] 9341369K->9258282K(25152768K), 0.0478212 secs] [Times: user=0.58 sys=0.00, real=0.05 secs] 
2014-04-09T12:14:24.491+0900: 263.977: [GC (Allocation Failure) 263.977: [ParNew: 118016K->13056K(118016K), 0.0461508 secs] 9363242K->9282547K(25152768K), 0.0463829 secs] [Times: user=0.56 sys=0.00, real=0.04 secs] 
2014-04-09T12:14:24.745+0900: 264.232: [GC (Allocation Failure) 264.232: [ParNew: 118016K->13056K(118016K), 0.0395898 secs] 9387507K->9304823K(25152768K), 0.0398298 secs] [Times: user=0.48 sys=0.00, real=0.04 secs] 
2014-04-09T12:14:24.909+0900: 264.396: [GC (Allocation Failure) 264.396: [ParNew: 118016K->13056K(118016K), 0.0437589 secs] 9409783K->9371250K(25152768K), 0.0440054 secs] [Times: user=0.51 sys=0.01, real=0.04 secs] 
2014-04-09T12:14:25.025+0900: 264.511: [GC (Allocation Failure) 264.511: [ParNew: 118016K->13056K(118016K), 0.0532765 secs] 9476210K->9416535K(25152768K), 0.0535038 secs] [Times: user=0.62 sys=0.00, real=0.06 secs] 
2014-04-09T12:14:25.161+0900: 264.647: [GC (Allocation Failure) 264.648: [ParNew: 118016K->13056K(118016K), 0.0705894 secs] 9521495K->9445125K(25152768K), 0.0708186 secs] [Times: user=0.53 sys=0.04, real=0.07 secs] 
2014-04-09T12:14:25.327+0900: 264.813: [GC (Allocation Failure) 264.813: [ParNew: 114709K->13056K(118016K), 0.0504941 secs] 9546779K->9466538K(25152768K), 0.0507338 secs] [Times: user=0.52 sys=0.01, real=0.06 secs] 
2014-04-09T12:14:25.459+0900: 264.946: [GC (Allocation Failure) 264.946: [ParNew: 110665K->11337K(118016K), 0.0400339 secs] 9564148K->9495381K(25152768K), 0.0402647 secs] [Times: user=0.50 sys=0.01, real=0.04 secs] 
2014-04-09T12:14:25.555+0900: 265.041: [GC (Allocation Failure) 265.041: [ParNew: 111935K->13056K(118016K), 0.0543935 secs] 9595980K->9539759K(25152768K), 0.0546251 secs] [Times: user=0.62 sys=0.00, real=0.06 secs] 
2014-04-09T12:14:25.654+0900: 265.140: [GC (Allocation Failure) 265.140: [ParNew: 117136K->13056K(118016K), 0.0577343 secs] 9643839K->9588050K(25152768K), 0.0579641 secs] [Times: user=0.58 sys=0.02, real=0.06 secs] 
2014-04-09T12:14:25.786+0900: 265.273: [GC (Allocation Failure) 265.273: [ParNew: 118016K->13056K(118016K), 0.0651612 secs] 9693010K->9629499K(25152768K), 0.0654092 secs] [Times: user=0.63 sys=0.02, real=0.07 secs] 
2014-04-09T12:14:25.955+0900: 265.442: [GC (Allocation Failure) 265.442: [ParNew: 113208K->13056K(118016K), 0.0524060 secs] 9729652K->9650956K(25152768K), 0.0526512 secs] [Times: user=0.57 sys=0.00, real=0.06 secs] 
2014-04-09T12:14:26.064+0900: 265.550: [GC (Allocation Failure) 265.551: [ParNew: 110296K->13056K(118016K), 0.0458888 secs] 9748196K->9682634K(25152768K), 0.0461167 secs] [Times: user=0.58 sys=0.00, real=0.05 secs] 
2014-04-09T12:14:26.153+0900: 265.639: [GC (Allocation Failure) 265.639: [ParNew: 118016K->13056K(118016K), 0.0507772 secs] 9787594K->9734963K(25152768K), 0.0510053 secs] [Times: user=0.63 sys=0.00, real=0.05 secs] 
2014-04-09T12:14:26.273+0900: 265.759: [GC (Allocation Failure) 265.759: [ParNew: 118016K->13056K(118016K), 0.0561806 secs] 9839923K->9786887K(25152768K), 0.0564111 secs] [Times: user=0.51 sys=0.02, real=0.06 secs] 
2014-04-09T12:14:26.389+0900: 265.875: [GC (Allocation Failure) 265.875: [ParNew: 118016K->13056K(118016K), 0.0603064 secs] 9891847K->9830868K(25152768K), 0.0605376 secs] [Times: user=0.67 sys=0.01, real=0.06 secs] 
2014-04-09T12:14:26.543+0900: 266.029: [GC (Allocation Failure) 266.029: [ParNew: 118016K->13033K(118016K), 0.0507726 secs] 9935828K->9854806K(25152768K), 0.0510048 secs] [Times: user=0.61 sys=0.00, real=0.05 secs] 
2014-04-09T12:14:26.652+0900: 266.139: [GC (Allocation Failure) 266.139: [ParNew: 117980K->13056K(118016K), 0.0485917 secs] 9959752K->9896959K(25152768K), 0.0488242 secs] [Times: user=0.57 sys=0.00, real=0.05 secs] 
2014-04-09T12:14:26.760+0900: 266.246: [GC (Allocation Failure) 266.246: [ParNew: 118016K->13056K(118016K), 0.0503793 secs] 10001919K->9952929K(25152768K), 0.0506043 secs] [Times: user=0.60 sys=0.02, real=0.05 secs] 
2014-04-09T12:14:26.878+0900: 266.365: [GC (Allocation Failure) 266.365: [ParNew: 117247K->13056K(118016K), 0.0548457 secs] 10057120K->10004461K(25152768K), 0.0550663 secs] [Times: user=0.61 sys=0.02, real=0.06 secs] 
2014-04-09T12:14:26.998+0900: 266.484: [GC (Allocation Failure) 266.484: [ParNew: 118015K->13056K(118016K), 0.0582843 secs] 10109421K->10045255K(25152768K), 0.0585079 secs] [Times: user=0.65 sys=0.01, real=0.06 secs] 
2014-04-09T12:14:27.138+0900: 266.624: [GC (Allocation Failure) 266.624: [ParNew: 113110K->13056K(118016K), 0.0521373 secs] 10145310K->10073460K(25152768K), 0.0523586 secs] [Times: user=0.60 sys=0.01, real=0.06 secs] 
2014-04-09T12:14:27.248+0900: 266.734: [GC (Allocation Failure) 266.735: [ParNew: 116658K->8081K(118016K), 0.0408711 secs] 10177062K->10110887K(25152768K), 0.0410898 secs] [Times: user=0.50 sys=0.00, real=0.05 secs] 
2014-04-09T12:14:27.327+0900: 266.813: [CMS-concurrent-mark: 2.046/3.269 secs] [Times: user=25.82 sys=0.75, real=3.26 secs] 
2014-04-09T12:14:27.327+0900: 266.813: [CMS-concurrent-preclean-start]
2014-04-09T12:14:27.346+0900: 266.832: [GC (Allocation Failure) 266.832: [ParNew: 113041K->13056K(118016K), 0.0569798 secs] 10215847K->10160332K(25152768K), 0.0571960 secs] [Times: user=0.59 sys=0.02, real=0.06 secs] 
2014-04-09T12:14:27.471+0900: 266.957: [GC (Allocation Failure) 266.957: [ParNew: 110941K->13056K(118016K), 0.0699560 secs] 10258218K->10213636K(25152768K), 0.0701779 secs] [Times: user=0.70 sys=0.02, real=0.07 secs] 
2014-04-09T12:14:27.578+0900: 267.064: [GC (Allocation Failure) 267.064: [ParNew: 115452K->13056K(118016K), 0.0486546 secs] 10316032K->10240757K(25152768K), 0.0488724 secs] [Times: user=0.59 sys=0.01, real=0.05 secs] 
2014-04-09T12:14:27.674+0900: 267.161: [GC (Allocation Failure) 267.161: [ParNew: 118016K->13056K(118016K), 0.0591500 secs] 10345717K->10278513K(25152768K), 0.0593660 secs] [Times: user=0.49 sys=0.01, real=0.06 secs] 
2014-04-09T12:14:27.809+0900: 267.295: [GC (Allocation Failure) 267.295: [ParNew: 112613K->13056K(118016K), 0.0503491 secs] 10378071K->10299138K(25152768K), 0.0505763 secs] [Times: user=0.57 sys=0.01, real=0.05 secs] 
2014-04-09T12:14:27.910+0900: 267.397: [GC (Allocation Failure) 267.397: [ParNew: 108425K->12213K(118016K), 0.0389316 secs] 10394507K->10322663K(25152768K), 0.0391711 secs] [Times: user=0.46 sys=0.00, real=0.04 secs] 
2014-04-09T12:14:28.005+0900: 267.492: [GC (Allocation Failure) 267.492: [ParNew: 117173K->13056K(118016K), 0.0534001 secs] 10427623K->10367714K(25152768K), 0.0536319 secs] [Times: user=0.58 sys=0.01, real=0.06 secs] 
2014-04-09T12:14:28.121+0900: 267.607: [GC (Allocation Failure) 267.607: [ParNew: 118016K->13056K(118016K), 0.0579587 secs] 10472674K->10403060K(25152768K), 0.0581841 secs] [Times: user=0.56 sys=0.04, real=0.06 secs] 
2014-04-09T12:14:28.244+0900: 267.731: [GC (Allocation Failure) 267.731: [ParNew: 118016K->13056K(118016K), 0.0535702 secs] 10508020K->10443608K(25152768K), 0.0537958 secs] [Times: user=0.67 sys=0.00, real=0.05 secs] 
2014-04-09T12:14:28.369+0900: 267.856: [GC (Allocation Failure) 267.856: [ParNew: 118011K->13056K(118016K), 0.0457773 secs] 10548563K->10485101K(25152768K), 0.0460253 secs] [Times: user=0.53 sys=0.02, real=0.04 secs] 
2014-04-09T12:14:28.450+0900: 267.937: [GC (Allocation Failure) 267.937: [ParNew: 113190K->13056K(118016K), 0.0487309 secs] 10585236K->10513559K(25152768K), 0.0489629 secs] [Times: user=0.53 sys=0.01, real=0.05 secs] 
2014-04-09T12:14:28.546+0900: 268.033: [GC (Allocation Failure) 268.033: [ParNew: 112258K->13056K(118016K), 0.0548768 secs] 10612762K->10564716K(25152768K), 0.0551133 secs] [Times: user=0.61 sys=0.01, real=0.06 secs] 
2014-04-09T12:14:28.668+0900: 268.154: [GC (Allocation Failure) 268.154: [ParNew: 118016K->13056K(118016K), 0.0638828 secs] 10669676K->10601341K(25152768K), 0.0641405 secs] [Times: user=0.52 sys=0.01, real=0.07 secs] 
2014-04-09T12:14:28.800+0900: 268.286: [GC (Allocation Failure) 268.286: [ParNew: 118016K->13056K(118016K), 0.0597807 secs] 10706301K->10628573K(25152768K), 0.0600184 secs] [Times: user=0.65 sys=0.01, real=0.06 secs] 
2014-04-09T12:14:28.939+0900: 268.425: [GC (Allocation Failure) 268.425: [ParNew: 108235K->13056K(118016K), 0.0463063 secs] 10723753K->10652629K(25152768K), 0.0465385 secs] [Times: user=0.57 sys=0.01, real=0.04 secs] 
2014-04-09T12:14:29.023+0900: 268.509: [GC (Allocation Failure) 268.509: [ParNew: 118004K->13056K(118016K), 0.0386360 secs] 10757578K->10695737K(25152768K), 0.0388690 secs] [Times: user=0.48 sys=0.01, real=0.04 secs] 
2014-04-09T12:14:29.134+0900: 268.621: [GC (Allocation Failure) 268.621: [ParNew: 118015K->13056K(118016K), 0.0681572 secs] 10800697K->10748592K(25152768K), 0.0683870 secs] [Times: user=0.50 sys=0.02, real=0.07 secs] 
2014-04-09T12:14:29.316+0900: 268.802: [GC (Allocation Failure) 268.802: [ParNew: 110187K->13056K(118016K), 0.0549676 secs] 10845724K->10764159K(25152768K), 0.0552036 secs] [Times: user=0.58 sys=0.01, real=0.06 secs] 
2014-04-09T12:14:29.452+0900: 268.938: [GC (Allocation Failure) 268.938: [ParNew: 109648K->6804K(118016K), 0.0442188 secs] 10860752K->10794446K(25152768K), 0.0444507 secs] [Times: user=0.51 sys=0.01, real=0.04 secs] 
2014-04-09T12:14:29.562+0900: 269.049: [GC (Allocation Failure) 269.049: [ParNew: 111763K->13056K(118016K), 0.0530117 secs] 10899405K->10845927K(25152768K), 0.0532522 secs] [Times: user=0.61 sys=0.02, real=0.05 secs] 
2014-04-09T12:14:29.729+0900: 269.216: [GC (Allocation Failure) 269.216: [ParNew: 118016K->13056K(118016K), 0.0635083 secs] 10950887K->10875318K(25152768K), 0.0637424 secs] [Times: user=0.63 sys=0.02, real=0.06 secs] 
2014-04-09T12:14:29.907+0900: 269.393: [GC (Allocation Failure) 269.393: [ParNew: 117989K->12455K(118016K), 0.0493062 secs] 10980251K->10896878K(25152768K), 0.0495377 secs] [Times: user=0.51 sys=0.00, real=0.05 secs] 
2014-04-09T12:14:30.037+0900: 269.523: [GC (Allocation Failure) 269.523: [ParNew: 117415K->13056K(118016K), 0.0496883 secs] 11001838K->10926374K(25152768K), 0.0499253 secs] [Times: user=0.58 sys=0.00, real=0.05 secs] 
2014-04-09T12:14:30.186+0900: 269.673: [GC (Allocation Failure) 269.673: [ParNew: 112758K->13056K(118016K), 0.0569554 secs] 11026077K->10958490K(25152768K), 0.0571880 secs] [Times: user=0.61 sys=0.01, real=0.06 secs] 
2014-04-09T12:14:30.392+0900: 269.878: [CMS-concurrent-preclean: 1.578/3.065 secs] [Times: user=20.09 sys=0.55, real=3.07 secs] 
2014-04-09T12:14:30.392+0900: 269.879: [GC (Allocation Failure) 269.879: [ParNew: 118016K->13056K(118016K), 0.0648151 secs] 11063450K->11001851K(25152768K), 0.0650079 secs] [Times: user=0.65 sys=0.03, real=0.06 secs] 
2014-04-09T12:14:30.458+0900: 269.945: [GC (CMS Final Remark) [YG occupancy: 13600 K (118016 K)]269.945: [Rescan (parallel) , 0.0190443 secs]269.964: [weak refs processing, 0.0001172 secs]269.964: [class unloading, 0.0438182 secs]270.008: [scrub symbol table, 0.0048372 secs]270.013: [scrub string table, 0.0014107 secs][1 CMS-remark: 10988795K(25034752K)] 11002395K(25152768K), 0.0761911 secs] [Times: user=0.29 sys=0.00, real=0.07 secs] 
2014-04-09T12:14:30.535+0900: 270.021: [CMS-concurrent-sweep-start]
2014-04-09T12:14:30.601+0900: 270.088: [GC (Allocation Failure) 270.088: [ParNew: 118016K->13056K(118016K), 0.0535530 secs] 11078652K->11011162K(25152768K), 0.0537895 secs] [Times: user=0.67 sys=0.00, real=0.05 secs] 
2014-04-09T12:14:30.791+0900: 270.277: [GC (Allocation Failure) 270.277: [ParNew: 118016K->13056K(118016K), 0.0531206 secs] 11010135K->10921534K(25152768K), 0.0533496 secs] [Times: user=0.63 sys=0.01, real=0.05 secs] 
2014-04-09T12:14:30.952+0900: 270.439: [GC (Allocation Failure) 270.439: [ParNew: 118008K->13056K(118016K), 0.0438900 secs] 10952709K->10870832K(25152768K), 0.0441200 secs] [Times: user=0.55 sys=0.00, real=0.04 secs] 
2014-04-09T12:14:31.049+0900: 270.536: [GC (Allocation Failure) 270.536: [ParNew: 118016K->13056K(118016K), 0.0521992 secs] 10943072K->10891106K(25152768K), 0.0524303 secs] [Times: user=0.63 sys=0.01, real=0.05 secs] 
2014-04-09T12:14:31.156+0900: 270.642: [GC (Allocation Failure) 270.642: [ParNew: 118016K->13056K(118016K), 0.0536626 secs] 10963620K->10917206K(25152768K), 0.0538916 secs] [Times: user=0.54 sys=0.01, real=0.06 secs] 
2014-04-09T12:14:31.284+0900: 270.770: [GC (Allocation Failure) 270.770: [ParNew: 118016K->13056K(118016K), 0.0435941 secs] 10954034K->10863778K(25152768K), 0.0438227 secs] [Times: user=0.51 sys=0.02, real=0.04 secs] 
2014-04-09T12:14:31.419+0900: 270.906: [GC (Allocation Failure) 270.906: [ParNew: 117994K->12578K(118016K), 0.0478540 secs] 10919436K->10836161K(25152768K), 0.0480823 secs] [Times: user=0.57 sys=0.00, real=0.04 secs] 
2014-04-09T12:14:31.534+0900: 271.020: [GC (Allocation Failure) 271.020: [ParNew: 117538K->11927K(118016K), 0.0377625 secs] 10908311K->10839406K(25152768K), 0.0379914 secs] [Times: user=0.47 sys=0.00, real=0.04 secs] 
2014-04-09T12:14:31.638+0900: 271.124: [GC (Allocation Failure) 271.124: [ParNew: 116887K->13056K(118016K), 0.0478118 secs] 10910932K->10857554K(25152768K), 0.0480403 secs] [Times: user=0.56 sys=0.02, real=0.05 secs] 
2014-04-09T12:14:31.729+0900: 271.215: [GC (Allocation Failure) 271.215: [ParNew: 118016K->13056K(118016K), 0.0453559 secs] 10942156K->10892220K(25152768K), 0.0455866 secs] [Times: user=0.54 sys=0.00, real=0.04 secs] 
2014-04-09T12:14:31.848+0900: 271.335: [GC (Allocation Failure) 271.335: [ParNew: 118016K->13056K(118016K), 0.0538952 secs] 10946489K->10875164K(25152768K), 0.0541392 secs] [Times: user=0.59 sys=0.02, real=0.06 secs] 
2014-04-09T12:14:31.955+0900: 271.441: [GC (Allocation Failure) 271.441: [ParNew: 110152K->13056K(118016K), 0.0607615 secs] 10936690K->10868653K(25152768K), 0.0609948 secs] [Times: user=0.54 sys=0.01, real=0.06 secs] 
2014-04-09T12:14:32.064+0900: 271.550: [GC (Allocation Failure) 271.550: [ParNew: 117859K->13056K(118016K), 0.0500480 secs] 10940489K->10880394K(25152768K), 0.0502772 secs] [Times: user=0.64 sys=0.00, real=0.05 secs] 
2014-04-09T12:14:32.180+0900: 271.667: [GC (Allocation Failure) 271.667: [ParNew: 118016K->13056K(118016K), 0.0537045 secs] 10932757K->10875099K(25152768K), 0.0539369 secs] [Times: user=0.61 sys=0.01, real=0.05 secs] 
2014-04-09T12:14:32.300+0900: 271.787: [GC (Allocation Failure) 271.787: [ParNew: 118016K->13056K(118016K), 0.0435766 secs] 10936350K->10864798K(25152768K), 0.0438120 secs] [Times: user=0.53 sys=0.00, real=0.04 secs] 
2014-04-09T12:14:32.388+0900: 271.874: [GC (Allocation Failure) 271.875: [ParNew: 116225K->12514K(118016K), 0.0401875 secs] 10940735K->10870704K(25152768K), 0.0404227 secs] [Times: user=0.48 sys=0.00, real=0.05 secs] 
2014-04-09T12:14:32.490+0900: 271.976: [GC (Allocation Failure) 271.976: [ParNew: 114063K->13056K(118016K), 0.0547031 secs] 10915292K->10857947K(25152768K), 0.0549329 secs] [Times: user=0.66 sys=0.00, real=0.05 secs] 
2014-04-09T12:14:32.586+0900: 272.072: [GC (Allocation Failure) 272.072: [ParNew: 118016K->13056K(118016K), 0.0384390 secs] 10937932K->10877436K(25152768K), 0.0386816 secs] [Times: user=0.47 sys=0.00, real=0.04 secs] 
2014-04-09T12:14:32.677+0900: 272.164: [GC (Allocation Failure) 272.164: [ParNew: 118016K->13056K(118016K), 0.0510761 secs] 10936790K->10873941K(25152768K), 0.0513112 secs] [Times: user=0.62 sys=0.01, real=0.06 secs] 
2014-04-09T12:14:32.823+0900: 272.309: [GC (Allocation Failure) 272.309: [ParNew: 115719K->13056K(118016K), 0.0565362 secs] 10897355K->10832451K(25152768K), 0.0567627 secs] [Times: user=0.65 sys=0.00, real=0.06 secs] 
2014-04-09T12:14:32.925+0900: 272.411: [GC (Allocation Failure) 272.411: [ParNew: 118016K->13056K(118016K), 0.0414135 secs] 10908571K->10830761K(25152768K), 0.0416449 secs] [Times: user=0.51 sys=0.00, real=0.04 secs] 
2014-04-09T12:14:33.048+0900: 272.535: [GC (Allocation Failure) 272.535: [ParNew: 116929K->13056K(118016K), 0.0429122 secs] 10853014K->10781045K(25152768K), 0.0431426 secs] [Times: user=0.47 sys=0.02, real=0.05 secs] 
2014-04-09T12:14:33.142+0900: 272.629: [GC (Allocation Failure) 272.629: [ParNew: 108922K->13056K(118016K), 0.0446029 secs] 10845165K->10788954K(25152768K), 0.0448389 secs] [Times: user=0.54 sys=0.00, real=0.04 secs] 
2014-04-09T12:14:33.236+0900: 272.722: [GC (Allocation Failure) 272.723: [ParNew: 116774K->13056K(118016K), 0.0551178 secs] 10849878K->10793880K(25152768K), 0.0553544 secs] [Times: user=0.68 sys=0.00, real=0.06 secs] 
2014-04-09T12:14:33.365+0900: 272.852: [GC (Allocation Failure) 272.852: [ParNew: 118016K->13056K(118016K), 0.0531375 secs] 10858264K->10793295K(25152768K), 0.0533645 secs] [Times: user=0.65 sys=0.01, real=0.05 secs] 
2014-04-09T12:14:33.539+0900: 273.026: [GC (Allocation Failure) 273.026: [ParNew: 118016K->13056K(118016K), 0.0460076 secs] 10821085K->10739231K(25152768K), 0.0462443 secs] [Times: user=0.55 sys=0.01, real=0.05 secs] 
2014-04-09T12:14:33.671+0900: 273.157: [GC (Allocation Failure) 273.157: [ParNew: 118016K->13056K(118016K), 0.0493902 secs] 10784526K->10724467K(25152768K), 0.0496237 secs] [Times: user=0.61 sys=0.00, real=0.05 secs] 
2014-04-09T12:14:33.822+0900: 273.309: [GC (Allocation Failure) 273.309: [ParNew: 118014K->13056K(118016K), 0.0493920 secs] 10776394K->10715248K(25152768K), 0.0496224 secs] [Times: user=0.61 sys=0.00, real=0.05 secs] 
2014-04-09T12:14:34.084+0900: 273.571: [CMS-concurrent-sweep: 2.129/3.549 secs] [Times: user=24.06 sys=0.49, real=3.55 secs] 
2014-04-09T12:14:34.084+0900: 273.571: [CMS-concurrent-reset-start]
2014-04-09T12:14:34.142+0900: 273.628: [GC (Allocation Failure) 273.628: [ParNew: 112129K->13056K(118016K), 0.0514372 secs] 10153957K->10077318K(25152768K), 0.0516711 secs] [Times: user=0.58 sys=0.01, real=0.05 secs] 
2014-04-09T12:14:34.227+0900: 273.714: [CMS-concurrent-reset: 0.090/0.143 secs] [Times: user=0.78 sys=0.03, real=0.14 secs] 
2014-04-09T12:14:34.316+0900: 273.802: [GC (Allocation Failure) 273.802: [ParNew: 118016K->13056K(118016K), 0.0468287 secs] 10182278K->10109226K(25152768K), 0.0470573 secs] [Times: user=0.53 sys=0.01, real=0.05 secs] 
2014-04-09T12:14:34.364+0900: 273.851: [GC (CMS Initial Mark) [1 CMS-initial-mark: 10096170K(25034752K)] 10109364K(25152768K), 0.0017687 secs] [Times: user=0.01 sys=0.00, real=0.00 secs] 
2014-04-09T12:14:34.367+0900: 273.853: [CMS-concurrent-mark-start]
2014-04-09T12:14:34.562+0900: 274.048: [GC (Allocation Failure) 274.049: [ParNew: 117987K->13056K(118016K), 0.0409832 secs] 10214157K->10133177K(25152768K), 0.0412141 secs] [Times: user=0.49 sys=0.00, real=0.04 secs] 
2014-04-09T12:14:34.766+0900: 274.252: [GC (Allocation Failure) 274.252: [ParNew: 118016K->13056K(118016K), 0.0437952 secs] 10238137K->10146032K(25152768K), 0.0440474 secs] [Times: user=0.52 sys=0.00, real=0.05 secs] 
2014-04-09T12:14:34.987+0900: 274.473: [GC (Allocation Failure) 274.473: [ParNew: 109453K->13056K(118016K), 0.0380707 secs] 10242430K->10173043K(25152768K), 0.0383025 secs] [Times: user=0.45 sys=0.01, real=0.04 secs] 
2014-04-09T12:14:35.201+0900: 274.688: [GC (Allocation Failure) 274.688: [ParNew: 118016K->13056K(118016K), 0.0387809 secs] 10278003K->10193320K(25152768K), 0.0390133 secs] [Times: user=0.47 sys=0.00, real=0.04 secs] 
2014-04-09T12:14:35.398+0900: 274.884: [GC (Allocation Failure) 274.884: [ParNew: 118016K->13056K(118016K), 0.0401735 secs] 10298280K->10236511K(25152768K), 0.0403978 secs] [Times: user=0.48 sys=0.01, real=0.04 secs] 
2014-04-09T12:14:35.648+0900: 275.135: [GC (Allocation Failure) 275.135: [ParNew: 118002K->13056K(118016K), 0.0396540 secs] 10341457K->10254278K(25152768K), 0.0399078 secs] [Times: user=0.48 sys=0.01, real=0.04 secs] 
2014-04-09T12:14:35.750+0900: 275.236: [GC (Allocation Failure) 275.236: [ParNew: 118010K->13056K(118016K), 0.0441491 secs] 10359232K->10303525K(25152768K), 0.0443684 secs] [Times: user=0.52 sys=0.00, real=0.04 secs] 
2014-04-09T12:14:35.982+0900: 275.468: [GC (Allocation Failure) 275.469: [ParNew: 118016K->13056K(118016K), 0.0484537 secs] 10408485K->10325064K(25152768K), 0.0486739 secs] [Times: user=0.59 sys=0.01, real=0.05 secs] 
2014-04-09T12:14:36.179+0900: 275.665: [GC (Allocation Failure) 275.665: [ParNew: 118016K->13056K(118016K), 0.0406648 secs] 10430024K->10368983K(25152768K), 0.0408840 secs] [Times: user=0.49 sys=0.00, real=0.05 secs] 
2014-04-09T12:14:36.475+0900: 275.961: [GC (Allocation Failure) 275.961: [ParNew: 109704K->13056K(118016K), 0.0458238 secs] 10465631K->10385118K(25152768K), 0.0460571 secs] [Times: user=0.53 sys=0.01, real=0.05 secs] 
2014-04-09T12:14:36.627+0900: 276.113: [GC (Allocation Failure) 276.113: [ParNew: 118014K->13056K(118016K), 0.0470479 secs] 10490076K->10435760K(25152768K), 0.0472735 secs] [Times: user=0.56 sys=0.01, real=0.05 secs] 
2014-04-09T12:14:36.785+0900: 276.271: [GC (Allocation Failure) 276.271: [ParNew: 118016K->13056K(118016K), 0.0379991 secs] 10540720K->10460923K(25152768K), 0.0382227 secs] [Times: user=0.42 sys=0.02, real=0.04 secs] 
2014-04-09T12:14:36.968+0900: 276.455: [GC (Allocation Failure) 276.455: [ParNew: 112563K->13056K(118016K), 0.0387501 secs] 10560431K->10482520K(25152768K), 0.0389787 secs] [Times: user=0.46 sys=0.00, real=0.04 secs] 
2014-04-09T12:14:37.029+0900: 276.516: [CMS-concurrent-mark: 2.100/2.663 secs] [Times: user=16.77 sys=0.54, real=2.66 secs] 
2014-04-09T12:14:37.029+0900: 276.516: [CMS-concurrent-preclean-start]
2014-04-09T12:14:37.058+0900: 276.545: [GC (Allocation Failure) 276.545: [ParNew: 118016K->13056K(118016K), 0.0447215 secs] 10587480K->10540438K(25152768K), 0.0449431 secs] [Times: user=0.57 sys=0.00, real=0.05 secs] 
2014-04-09T12:14:37.168+0900: 276.654: [GC (Allocation Failure) 276.654: [ParNew: 118016K->13056K(118016K), 0.0461292 secs] 10645398K->10585467K(25152768K), 0.0463499 secs] [Times: user=0.49 sys=0.01, real=0.05 secs] 
2014-04-09T12:14:37.306+0900: 276.793: [GC (Allocation Failure) 276.793: [ParNew: 118016K->13056K(118016K), 0.0498073 secs] 10690427K->10614292K(25152768K), 0.0500410 secs] [Times: user=0.59 sys=0.00, real=0.05 secs] 
2014-04-09T12:14:37.432+0900: 276.919: [GC (Allocation Failure) 276.919: [ParNew: 118016K->13056K(118016K), 0.0479950 secs] 10719252K->10652852K(25152768K), 0.0482338 secs] [Times: user=0.52 sys=0.01, real=0.05 secs] 
2014-04-09T12:14:37.536+0900: 277.023: [GC (Allocation Failure) 277.023: [ParNew: 118016K->13056K(118016K), 0.0421967 secs] 10757812K->10701377K(25152768K), 0.0424264 secs] [Times: user=0.52 sys=0.01, real=0.04 secs] 
2014-04-09T12:14:37.646+0900: 277.132: [GC (Allocation Failure) 277.133: [ParNew: 118016K->13056K(118016K), 0.0409267 secs] 10806337K->10728296K(25152768K), 0.0411542 secs] [Times: user=0.49 sys=0.01, real=0.04 secs] 
2014-04-09T12:14:37.776+0900: 277.262: [GC (Allocation Failure) 277.263: [ParNew: 118016K->13056K(118016K), 0.0446656 secs] 10833256K->10759942K(25152768K), 0.0448961 secs] [Times: user=0.50 sys=0.01, real=0.05 secs] 
2014-04-09T12:14:37.875+0900: 277.362: [GC (Allocation Failure) 277.362: [ParNew: 118016K->13034K(118016K), 0.0521800 secs] 10864902K->10803394K(25152768K), 0.0524097 secs] [Times: user=0.63 sys=0.00, real=0.05 secs] 
2014-04-09T12:14:38.044+0900: 277.530: [GC (Allocation Failure) 277.530: [ParNew: 112975K->13056K(118016K), 0.0425220 secs] 10903335K->10830685K(25152768K), 0.0427584 secs] [Times: user=0.43 sys=0.01, real=0.04 secs] 
2014-04-09T12:14:38.145+0900: 277.631: [CMS-concurrent-preclean: 0.624/1.116 secs] [Times: user=7.35 sys=0.16, real=1.12 secs] 
2014-04-09T12:14:38.146+0900: 277.632: [GC (Allocation Failure) 277.632: [ParNew: 118016K->13056K(118016K), 0.0426759 secs] 10935645K->10872147K(25152768K), 0.0428871 secs] [Times: user=0.50 sys=0.00, real=0.04 secs] 
2014-04-09T12:14:38.189+0900: 277.675: [CMS-concurrent-abortable-preclean-start]
2014-04-09T12:14:38.241+0900: 277.728: [GC (Allocation Failure) 277.728: [ParNew: 118016K->13056K(118016K), 0.0489051 secs] 10977107K->10920038K(25152768K), 0.0491352 secs] [Times: user=0.58 sys=0.01, real=0.05 secs] 
2014-04-09T12:14:38.376+0900: 277.862: [GC (Allocation Failure) 277.862: [ParNew: 118016K->13056K(118016K), 0.0506676 secs] 11024998K->10952441K(25152768K), 0.0508977 secs] [Times: user=0.60 sys=0.00, real=0.05 secs] 
2014-04-09T12:14:38.517+0900: 278.004: [CMS-concurrent-abortable-preclean: 0.215/0.328 secs] [Times: user=2.08 sys=0.04, real=0.33 secs] 
2014-04-09T12:14:38.519+0900: 278.005: [GC (Allocation Failure) 278.005: [ParNew: 118003K->13056K(118016K), 0.0518695 secs] 11057389K->10988719K(25152768K), 0.0520790 secs] [Times: user=0.61 sys=0.01, real=0.06 secs] 
2014-04-09T12:14:38.572+0900: 278.059: [GC (CMS Final Remark) [YG occupancy: 17187 K (118016 K)]278.059: [Rescan (parallel) , 0.0210096 secs]278.080: [weak refs processing, 0.0000611 secs]278.080: [class unloading, 0.0434954 secs]278.123: [scrub symbol table, 0.0048258 secs]278.128: [scrub string table, 0.0014102 secs][1 CMS-remark: 10975663K(25034752K)] 10992851K(25152768K), 0.0777217 secs] [Times: user=0.32 sys=0.00, real=0.08 secs] 
2014-04-09T12:14:38.650+0900: 278.137: [CMS-concurrent-sweep-start]
2014-04-09T12:14:38.700+0900: 278.186: [GC (Allocation Failure) 278.186: [ParNew: 118016K->13056K(118016K), 0.0500878 secs] 11092645K->11026994K(25152768K), 0.0503196 secs] [Times: user=0.61 sys=0.01, real=0.05 secs] 
2014-04-09T12:14:38.790+0900: 278.276: [GC (Allocation Failure) 278.277: [ParNew: 118016K->13056K(118016K), 0.0497206 secs] 11130492K->11078559K(25152768K), 0.0499491 secs] [Times: user=0.62 sys=0.00, real=0.05 secs] 
2014-04-09T12:14:38.924+0900: 278.410: [GC (Allocation Failure) 278.410: [ParNew: 118016K->13056K(118016K), 0.0558858 secs] 11180609K->11103194K(25152768K), 0.0561199 secs] [Times: user=0.52 sys=0.01, real=0.06 secs] 
2014-04-09T12:14:39.115+0900: 278.602: [GC (Allocation Failure) 278.602: [ParNew: 118016K->12110K(118016K), 0.0555932 secs] 11203366K->11120657K(25152768K), 0.0558231 secs] [Times: user=0.61 sys=0.02, real=0.06 secs] 
2014-04-09T12:14:39.251+0900: 278.738: [GC (Allocation Failure) 278.738: [ParNew: 117068K->13056K(118016K), 0.0447852 secs] 11223090K->11140353K(25152768K), 0.0450213 secs] [Times: user=0.56 sys=0.00, real=0.04 secs] 
2014-04-09T12:14:39.404+0900: 278.890: [GC (Allocation Failure) 278.890: [ParNew: 118016K->13056K(118016K), 0.0514421 secs] 11241454K->11164587K(25152768K), 0.0516707 secs] [Times: user=0.54 sys=0.02, real=0.05 secs] 
2014-04-09T12:14:39.541+0900: 279.028: [GC (Allocation Failure) 279.028: [ParNew: 117999K->13056K(118016K), 0.0586397 secs] 11268131K->11206409K(25152768K), 0.0588849 secs] [Times: user=0.63 sys=0.01, real=0.06 secs] 
2014-04-09T12:14:39.679+0900: 279.166: [GC (Allocation Failure) 279.166: [ParNew: 118016K->13056K(118016K), 0.0428865 secs] 11304198K->11224330K(25152768K), 0.0431072 secs] [Times: user=0.47 sys=0.01, real=0.05 secs] 
2014-04-09T12:14:39.840+0900: 279.326: [GC (Allocation Failure) 279.326: [ParNew: 118016K->11281K(118016K), 0.0469394 secs] 11312719K->11218800K(25152768K), 0.0471561 secs] [Times: user=0.53 sys=0.01, real=0.04 secs] 
2014-04-09T12:14:39.989+0900: 279.476: [GC (Allocation Failure) 279.476: [ParNew: 116235K->13056K(118016K), 0.0429456 secs] 11306732K->11217902K(25152768K), 0.0431701 secs] [Times: user=0.54 sys=0.00, real=0.05 secs] 
2014-04-09T12:14:40.135+0900: 279.622: [GC (Allocation Failure) 279.622: [ParNew: 118016K->13056K(118016K), 0.0479514 secs] 11310280K->11250418K(25152768K), 0.0481687 secs] [Times: user=0.58 sys=0.00, real=0.05 secs] 
2014-04-09T12:14:40.397+0900: 279.883: [GC (Allocation Failure) 279.883: [ParNew: 117614K->10676K(118016K), 0.0419988 secs] 11335106K->11240679K(25152768K), 0.0422147 secs] [Times: user=0.53 sys=0.00, real=0.04 secs] 
2014-04-09T12:14:40.567+0900: 280.053: [GC (Allocation Failure) 280.053: [ParNew: 115636K->13056K(118016K), 0.0474659 secs] 11329492K->11266878K(25152768K), 0.0476774 secs] [Times: user=0.58 sys=0.01, real=0.05 secs] 
2014-04-09T12:14:40.766+0900: 280.253: [CMS-concurrent-sweep: 1.461/2.116 secs] [Times: user=11.33 sys=0.25, real=2.11 secs] 
2014-04-09T12:14:40.767+0900: 280.253: [CMS-concurrent-reset-start]
2014-04-09T12:14:40.819+0900: 280.305: [GC (Allocation Failure) 280.305: [ParNew: 118016K->13056K(118016K), 0.0450776 secs] 9605822K->9512160K(25152768K), 0.0452827 secs] [Times: user=0.51 sys=0.00, real=0.05 secs] 
2014-04-09T12:14:40.881+0900: 280.367: [CMS-concurrent-reset: 0.068/0.114 secs] [Times: user=0.65 sys=0.01, real=0.12 secs] 
2014-04-09T12:14:40.983+0900: 280.470: [GC (Allocation Failure) 280.470: [ParNew: 118016K->12163K(118016K), 0.0442112 secs] 9617120K->9552224K(25152768K), 0.0444240 secs] [Times: user=0.51 sys=0.01, real=0.04 secs] 
2014-04-09T12:14:41.029+0900: 280.515: [GC (CMS Initial Mark) [1 CMS-initial-mark: 9540060K(25034752K)] 9552473K(25152768K), 0.0018561 secs] [Times: user=0.01 sys=0.00, real=0.01 secs] 
2014-04-09T12:14:41.031+0900: 280.517: [CMS-concurrent-mark-start]
2014-04-09T12:14:41.197+0900: 280.683: [GC (Allocation Failure) 280.683: [ParNew: 114769K->13056K(118016K), 0.0460471 secs] 9654829K->9570445K(25152768K), 0.0462548 secs] [Times: user=0.54 sys=0.01, real=0.05 secs] 
2014-04-09T12:14:42.120+0900: 281.607: [GC (Allocation Failure) 281.607: [ParNew: 118016K->13056K(118016K), 0.0543941 secs] 9675405K->9610032K(25152768K), 0.0545976 secs] [Times: user=0.51 sys=0.02, real=0.06 secs] 
2014-04-09T12:14:42.383+0900: 281.869: [GC (Allocation Failure) 281.869: [ParNew: 114528K->13056K(118016K), 0.0426396 secs] 9711505K->9623182K(25152768K), 0.0428430 secs] [Times: user=0.44 sys=0.00, real=0.04 secs] 
2014-04-09T12:14:42.524+0900: 282.011: [GC (Allocation Failure) 282.011: [ParNew: 118016K->13056K(118016K), 0.0549635 secs] 9728142K->9651950K(25152768K), 0.0551613 secs] [Times: user=0.40 sys=0.01, real=0.05 secs] 
2014-04-09T12:14:42.717+0900: 282.203: [GC (Allocation Failure) 282.204: [ParNew: 118016K->12773K(118016K), 0.0365354 secs] 9756910K->9664616K(25152768K), 0.0367368 secs] [Times: user=0.48 sys=0.00, real=0.04 secs] 
2014-04-09T12:14:42.812+0900: 282.299: [GC (Allocation Failure) 282.299: [ParNew: 117733K->6148K(118016K), 0.0361605 secs] 9769576K->9669321K(25152768K), 0.0363561 secs] [Times: user=0.40 sys=0.02, real=0.03 secs] 
2014-04-09T12:14:42.910+0900: 282.396: [GC (Allocation Failure) 282.396: [ParNew: 111108K->1409K(118016K), 0.0281469 secs] 9774281K->9664581K(25152768K), 0.0283401 secs] [Times: user=0.35 sys=0.00, real=0.03 secs] 
2014-04-09T12:14:42.999+0900: 282.485: [GC (Allocation Failure) 282.485: [ParNew: 106369K->352K(118016K), 0.0277630 secs] 9769541K->9663525K(25152768K), 0.0279568 secs] [Times: user=0.36 sys=0.00, real=0.03 secs] 
2014-04-09T12:14:43.087+0900: 282.574: [GC (Allocation Failure) 282.574: [ParNew: 105312K->64K(118016K), 0.0390983 secs] 9768485K->9663236K(25152768K), 0.0393046 secs] [Times: user=0.38 sys=0.01, real=0.04 secs] 
2014-04-09T12:14:43.187+0900: 282.674: [GC (Allocation Failure) 282.674: [ParNew: 105024K->24K(118016K), 0.0286708 secs] 9768196K->9663197K(25152768K), 0.0289138 secs] [Times: user=0.36 sys=0.00, real=0.03 secs] 
2014-04-09T12:14:43.281+0900: 282.768: [GC (Allocation Failure) 282.768: [ParNew: 104984K->26K(118016K), 0.0289449 secs] 9768157K->9663198K(25152768K), 0.0291778 secs] [Times: user=0.36 sys=0.00, real=0.03 secs] 
2014-04-09T12:14:43.370+0900: 282.857: [GC (Allocation Failure) 282.857: [ParNew: 104986K->26K(118016K), 0.0306172 secs] 9768158K->9663198K(25152768K), 0.0308381 secs] [Times: user=0.39 sys=0.00, real=0.03 secs] 
2014-04-09T12:14:43.469+0900: 282.956: [GC (Allocation Failure) 282.956: [ParNew: 104986K->26K(118016K), 0.0306274 secs] 9768158K->9663199K(25152768K), 0.0308335 secs] [Times: user=0.39 sys=0.00, real=0.03 secs] 
2014-04-09T12:14:43.592+0900: 283.078: [GC (Allocation Failure) 283.078: [ParNew: 104986K->24K(118016K), 0.0295706 secs] 9768159K->9663197K(25152768K), 0.0297824 secs] [Times: user=0.37 sys=0.00, real=0.03 secs] 
2014-04-09T12:14:43.802+0900: 283.289: [CMS-concurrent-mark: 2.238/2.772 secs] [Times: user=16.98 sys=0.39, real=2.77 secs] 
2014-04-09T12:14:43.802+0900: 283.289: [CMS-concurrent-preclean-start]
2014-04-09T12:14:44.023+0900: 283.509: [CMS-concurrent-preclean: 0.205/0.220 secs] [Times: user=0.23 sys=0.00, real=0.22 secs] 
2014-04-09T12:14:44.023+0900: 283.509: [CMS-concurrent-abortable-preclean-start]
 CMS: abort preclean due to time 2014-04-09T12:14:49.171+0900: 288.658: [CMS-concurrent-abortable-preclean: 2.745/5.149 secs] [Times: user=2.80 sys=0.00, real=5.15 secs] 
2014-04-09T12:14:49.173+0900: 288.659: [GC (CMS Final Remark) [YG occupancy: 8994 K (118016 K)]288.659: [Rescan (parallel) , 0.0163480 secs]288.676: [weak refs processing, 0.0000638 secs]288.676: [class unloading, 0.0415204 secs]288.718: [scrub symbol table, 0.0043022 secs]288.722: [scrub string table, 0.0012179 secs][1 CMS-remark: 9663172K(25034752K)] 9672166K(25152768K), 0.0703492 secs] [Times: user=0.25 sys=0.00, real=0.07 secs] 
2014-04-09T12:14:49.244+0900: 288.731: [CMS-concurrent-sweep-start]
2014-04-09T12:14:50.495+0900: 289.981: [CMS-concurrent-sweep: 1.250/1.250 secs] [Times: user=1.25 sys=0.00, real=1.25 secs] 
2014-04-09T12:14:50.495+0900: 289.981: [CMS-concurrent-reset-start]
2014-04-09T12:14:50.559+0900: 290.045: [CMS-concurrent-reset: 0.064/0.064 secs] [Times: user=0.07 sys=0.00, real=0.06 secs] 
2014-04-09T12:14:51.827+0900: 291.314: [GC (Allocation Failure) 291.314: [ParNew: 104984K->159K(118016K), 0.0344898 secs] 8955671K->8850846K(25152768K), 0.0347335 secs] [Times: user=0.43 sys=0.00, real=0.04 secs] 
2014-04-09T12:14:51.864+0900: 291.350: [GC (CMS Initial Mark) [1 CMS-initial-mark: 8850687K(25034752K)] 8851219K(25152768K), 0.0014568 secs] [Times: user=0.00 sys=0.00, real=0.00 secs] 
2014-04-09T12:14:51.866+0900: 291.353: [CMS-concurrent-mark-start]
2014-04-09T12:14:51.960+0900: 291.446: [GC (Allocation Failure) 291.446: [ParNew: 105119K->205K(118016K), 0.0338027 secs] 8955806K->8850892K(25152768K), 0.0340325 secs] [Times: user=0.42 sys=0.00, real=0.04 secs] 
2014-04-09T12:14:52.082+0900: 291.568: [GC (Allocation Failure) 291.568: [ParNew: 105165K->232K(118016K), 0.0326714 secs] 8955852K->8850919K(25152768K), 0.0329023 secs] [Times: user=0.41 sys=0.00, real=0.03 secs] 
2014-04-09T12:14:52.197+0900: 291.684: [GC (Allocation Failure) 291.684: [ParNew: 105192K->203K(118016K), 0.0314726 secs] 8955879K->8850890K(25152768K), 0.0316926 secs] [Times: user=0.40 sys=0.00, real=0.03 secs] 
2014-04-09T12:14:52.310+0900: 291.796: [GC (Allocation Failure) 291.796: [ParNew: 105163K->232K(118016K), 0.0313747 secs] 8955850K->8850919K(25152768K), 0.0316018 secs] [Times: user=0.40 sys=0.00, real=0.04 secs] 
2014-04-09T12:14:52.421+0900: 291.908: [GC (Allocation Failure) 291.908: [ParNew: 105192K->202K(118016K), 0.0299658 secs] 8955879K->8850889K(25152768K), 0.0301613 secs] [Times: user=0.38 sys=0.00, real=0.03 secs] 
2014-04-09T12:14:52.531+0900: 292.017: [GC (Allocation Failure) 292.017: [ParNew: 105162K->113K(118016K), 0.0325432 secs] 8955849K->8850931K(25152768K), 0.0327543 secs] [Times: user=0.41 sys=0.00, real=0.04 secs] 
2014-04-09T12:14:52.652+0900: 292.138: [GC (Allocation Failure) 292.138: [ParNew: 105073K->56K(118016K), 0.0311618 secs] 8955891K->8850875K(25152768K), 0.0313531 secs] [Times: user=0.38 sys=0.00, real=0.03 secs] 
2014-04-09T12:14:52.766+0900: 292.252: [GC (Allocation Failure) 292.252: [ParNew: 105016K->54K(118016K), 0.0321455 secs] 8955835K->8850881K(25152768K), 0.0323337 secs] [Times: user=0.41 sys=0.00, real=0.03 secs] 
2014-04-09T12:14:52.878+0900: 292.364: [GC (Allocation Failure) 292.364: [ParNew: 105014K->48K(118016K), 0.0324619 secs] 8955841K->8850876K(25152768K), 0.0326500 secs] [Times: user=0.41 sys=0.00, real=0.03 secs] 
2014-04-09T12:14:52.991+0900: 292.478: [GC (Allocation Failure) 292.478: [ParNew: 105008K->48K(118016K), 0.0338349 secs] 8955836K->8850876K(25152768K), 0.0340339 secs] [Times: user=0.43 sys=0.00, real=0.04 secs] 
2014-04-09T12:14:53.109+0900: 292.595: [GC (Allocation Failure) 292.595: [ParNew: 105008K->43K(118016K), 0.0320511 secs] 8955836K->8850872K(25152768K), 0.0322384 secs] [Times: user=0.40 sys=0.00, real=0.03 secs] 
2014-04-09T12:14:53.226+0900: 292.712: [GC (Allocation Failure) 292.712: [ParNew: 105003K->42K(118016K), 0.0320904 secs] 8955832K->8850879K(25152768K), 0.0322744 secs] [Times: user=0.40 sys=0.01, real=0.03 secs] 
2014-04-09T12:14:53.344+0900: 292.830: [GC (Allocation Failure) 292.830: [ParNew: 105002K->8636K(118016K), 0.0320703 secs] 8955839K->8859489K(25152768K), 0.0322567 secs] [Times: user=0.41 sys=0.00, real=0.03 secs] 
2014-04-09T12:14:53.451+0900: 292.937: [GC (Allocation Failure) 292.937: [ParNew: 113596K->13054K(118016K), 0.0332810 secs] 8964449K->8876459K(25152768K), 0.0334842 secs] [Times: user=0.42 sys=0.00, real=0.04 secs] 
2014-04-09T12:14:53.548+0900: 293.035: [GC (Allocation Failure) 293.035: [ParNew: 117985K->13054K(118016K), 0.0501001 secs] 8981390K->8937914K(25152768K), 0.0502866 secs] [Times: user=0.61 sys=0.00, real=0.05 secs] 
2014-04-09T12:14:53.652+0900: 293.138: [GC (Allocation Failure) 293.138: [ParNew: 118012K->13056K(118016K), 0.0557595 secs] 9042872K->8980801K(25152768K), 0.0559461 secs] [Times: user=0.57 sys=0.01, real=0.06 secs] 
2014-04-09T12:14:53.756+0900: 293.242: [GC (Allocation Failure) 293.243: [ParNew: 118016K->13056K(118016K), 0.0511042 secs] 9085761K->9019635K(25152768K), 0.0513054 secs] [Times: user=0.57 sys=0.01, real=0.05 secs] 
2014-04-09T12:14:53.890+0900: 293.377: [GC (Allocation Failure) 293.377: [ParNew: 116457K->13056K(118016K), 0.0558689 secs] 9123037K->9050932K(25152768K), 0.0560735 secs] [Times: user=0.59 sys=0.03, real=0.06 secs] 
2014-04-09T12:14:54.010+0900: 293.497: [GC (Allocation Failure) 293.497: [ParNew: 118015K->13056K(118016K), 0.0418068 secs] 9155891K->9084471K(25152768K), 0.0420078 secs] [Times: user=0.50 sys=0.00, real=0.04 secs] 
2014-04-09T12:14:54.106+0900: 293.592: [GC (Allocation Failure) 293.592: [ParNew: 118016K->13056K(118016K), 0.0501765 secs] 9189431K->9138791K(25152768K), 0.0503797 secs] [Times: user=0.62 sys=0.01, real=0.05 secs] 
2014-04-09T12:14:54.214+0900: 293.700: [GC (Allocation Failure) 293.700: [ParNew: 117041K->13056K(118016K), 0.0668982 secs] 9242777K->9186961K(25152768K), 0.0671042 secs] [Times: user=0.64 sys=0.03, real=0.06 secs] 
2014-04-09T12:14:54.350+0900: 293.837: [GC (Allocation Failure) 293.837: [ParNew: 118014K->13056K(118016K), 0.0583433 secs] 9291920K->9235118K(25152768K), 0.0585513 secs] [Times: user=0.62 sys=0.02, real=0.06 secs] 
2014-04-09T12:14:54.434+0900: 293.920: [CMS-concurrent-mark: 1.651/2.567 secs] [Times: user=21.83 sys=0.45, real=2.57 secs] 
2014-04-09T12:14:54.434+0900: 293.920: [CMS-concurrent-preclean-start]
2014-04-09T12:14:54.496+0900: 293.982: [GC (Allocation Failure) 293.982: [ParNew: 118015K->13056K(118016K), 0.0513021 secs] 9340078K->9265240K(25152768K), 0.0515103 secs] [Times: user=0.62 sys=0.01, real=0.05 secs] 
2014-04-09T12:14:54.599+0900: 294.086: [GC (Allocation Failure) 294.086: [ParNew: 114114K->13056K(118016K), 0.0364191 secs] 9366299K->9298558K(25152768K), 0.0366154 secs] [Times: user=0.46 sys=0.00, real=0.04 secs] 
2014-04-09T12:14:54.693+0900: 294.180: [GC (Allocation Failure) 294.180: [ParNew: 112560K->13056K(118016K), 0.0513448 secs] 9398063K->9342863K(25152768K), 0.0515410 secs] [Times: user=0.62 sys=0.00, real=0.05 secs] 
2014-04-09T12:14:54.841+0900: 294.327: [GC (Allocation Failure) 294.327: [ParNew: 116942K->13056K(118016K), 0.0638659 secs] 9446750K->9371892K(25152768K), 0.0640665 secs] [Times: user=0.50 sys=0.04, real=0.07 secs] 
2014-04-09T12:14:54.998+0900: 294.484: [GC (Allocation Failure) 294.484: [ParNew: 112011K->13056K(118016K), 0.0467009 secs] 9470848K->9404430K(25152768K), 0.0469029 secs] [Times: user=0.50 sys=0.01, real=0.05 secs] 
2014-04-09T12:14:55.131+0900: 294.618: [CMS-concurrent-preclean: 0.402/0.697 secs] [Times: user=4.10 sys=0.16, real=0.69 secs] 
2014-04-09T12:14:55.132+0900: 294.618: [GC (Allocation Failure) 294.618: [ParNew: 118016K->13056K(118016K), 0.0407426 secs] 9509390K->9448595K(25152768K), 0.0409375 secs] [Times: user=0.51 sys=0.00, real=0.05 secs] 
2014-04-09T12:14:55.173+0900: 294.660: [CMS-concurrent-abortable-preclean-start]
2014-04-09T12:14:55.268+0900: 294.754: [GC (Allocation Failure) 294.754: [ParNew: 118016K->13056K(118016K), 0.0696279 secs] 9553555K->9477156K(25152768K), 0.0698299 secs] [Times: user=0.55 sys=0.03, real=0.07 secs] 
2014-04-09T12:14:55.439+0900: 294.925: [CMS-concurrent-abortable-preclean: 0.189/0.266 secs] [Times: user=1.13 sys=0.04, real=0.26 secs] 
2014-04-09T12:14:55.440+0900: 294.926: [GC (CMS Final Remark) [YG occupancy: 102901 K (118016 K)]294.926: [Rescan (parallel) , 0.0226452 secs]294.949: [weak refs processing, 0.0000608 secs]294.949: [class unloading, 0.0435685 secs]294.992: [scrub symbol table, 0.0048471 secs]294.997: [scrub string table, 0.0014094 secs][1 CMS-remark: 9464100K(25034752K)] 9567002K(25152768K), 0.0794944 secs] [Times: user=0.34 sys=0.00, real=0.08 secs] 
2014-04-09T12:14:55.520+0900: 295.006: [CMS-concurrent-sweep-start]
2014-04-09T12:14:55.546+0900: 295.033: [GC (Allocation Failure) 295.033: [ParNew: 113141K->13056K(118016K), 0.0511536 secs] 9565083K->9502642K(25152768K), 0.0513577 secs] [Times: user=0.59 sys=0.01, real=0.05 secs] 
2014-04-09T12:14:55.710+0900: 295.197: [GC (Allocation Failure) 295.197: [ParNew: 118016K->13056K(118016K), 0.0447494 secs] 9515734K->9442118K(25152768K), 0.0449530 secs] [Times: user=0.48 sys=0.00, real=0.05 secs] 
2014-04-09T12:14:55.923+0900: 295.409: [GC (Allocation Failure) 295.409: [ParNew: 116688K->9467K(118016K), 0.0423429 secs] 9415100K->9340995K(25152768K), 0.0425452 secs] [Times: user=0.52 sys=0.00, real=0.04 secs] 
2014-04-09T12:14:56.167+0900: 295.653: [GC (Allocation Failure) 295.654: [ParNew: 104491K->13056K(118016K), 0.0494800 secs] 9236471K->9162441K(25152768K), 0.0496803 secs] [Times: user=0.58 sys=0.00, real=0.05 secs] 
2014-04-09T12:14:56.325+0900: 295.812: [GC (Allocation Failure) 295.812: [ParNew: 118015K->13056K(118016K), 0.0492382 secs] 9133322K->9070791K(25152768K), 0.0494373 secs] [Times: user=0.59 sys=0.01, real=0.05 secs] 
2014-04-09T12:14:56.554+0900: 296.041: [GC (Allocation Failure) 296.041: [ParNew: 116813K->13056K(118016K), 0.0426464 secs] 8975424K->8897344K(25152768K), 0.0428476 secs] [Times: user=0.52 sys=0.00, real=0.04 secs] 
2014-04-09T12:14:56.802+0900: 296.289: [GC (Allocation Failure) 296.289: [ParNew: 117791K->13056K(118016K), 0.0482948 secs] 8774892K->8693935K(25152768K), 0.0485041 secs] [Times: user=0.55 sys=0.01, real=0.05 secs] 
2014-04-09T12:14:56.964+0900: 296.450: [GC (Allocation Failure) 296.451: [ParNew: 118016K->13056K(118016K), 0.0464374 secs] 8697965K->8633360K(25152768K), 0.0466436 secs] [Times: user=0.57 sys=0.01, real=0.04 secs] 
2014-04-09T12:14:57.192+0900: 296.678: [GC (Allocation Failure) 296.678: [ParNew: 116099K->13056K(118016K), 0.0450033 secs] 8570174K->8493632K(25152768K), 0.0452043 secs] [Times: user=0.55 sys=0.00, real=0.05 secs] 
2014-04-09T12:14:57.407+0900: 296.894: [GC (Allocation Failure) 296.894: [ParNew: 117997K->13056K(118016K), 0.0451965 secs] 8402026K->8320058K(25152768K), 0.0454098 secs] [Times: user=0.54 sys=0.00, real=0.05 secs] 
2014-04-09T12:14:57.579+0900: 297.065: [GC (Allocation Failure) 297.065: [ParNew: 118016K->13056K(118016K), 0.0501884 secs] 8294911K->8242719K(25152768K), 0.0503978 secs] [Times: user=0.59 sys=0.01, real=0.05 secs] 
2014-04-09T12:14:57.815+0900: 297.301: [GC (Allocation Failure) 297.302: [ParNew: 116229K->13056K(118016K), 0.0392052 secs] 8031916K->7950286K(25152768K), 0.0394133 secs] [Times: user=0.48 sys=0.01, real=0.04 secs] 
2014-04-09T12:14:57.940+0900: 297.426: [GC (Allocation Failure) 297.426: [ParNew: 109375K->13056K(118016K), 0.0509864 secs] 7757844K->7720021K(25152768K), 0.0511884 secs] [Times: user=0.57 sys=0.01, real=0.05 secs] 
2014-04-09T12:14:58.005+0900: 297.492: [CMS-concurrent-sweep: 1.857/2.485 secs] [Times: user=10.96 sys=0.27, real=2.49 secs] 
2014-04-09T12:14:58.005+0900: 297.492: [CMS-concurrent-reset-start]
2014-04-09T12:14:58.053+0900: 297.539: [GC (Allocation Failure) 297.540: [ParNew: 118016K->13056K(118016K), 0.0454693 secs] 7738184K->7685899K(25152768K), 0.0456725 secs] [Times: user=0.53 sys=0.01, real=0.04 secs] 
2014-04-09T12:14:58.140+0900: 297.627: [CMS-concurrent-reset: 0.088/0.135 secs] [Times: user=0.89 sys=0.01, real=0.13 secs] 
2014-04-09T12:14:58.174+0900: 297.661: [GC (Allocation Failure) 297.661: [ParNew: 118016K->13056K(118016K), 0.0476442 secs] 7790859K->7714308K(25152768K), 0.0478506 secs] [Times: user=0.54 sys=0.00, real=0.05 secs] 
2014-04-09T12:14:58.223+0900: 297.710: [GC (CMS Initial Mark) [1 CMS-initial-mark: 7701252K(25034752K)] 7714442K(25152768K), 0.0025007 secs] [Times: user=0.02 sys=0.00, real=0.00 secs] 
2014-04-09T12:14:58.227+0900: 297.713: [CMS-concurrent-mark-start]
2014-04-09T12:14:58.290+0900: 297.777: [GC (Allocation Failure) 297.777: [ParNew: 114941K->8754K(118016K), 0.0436990 secs] 7816194K->7756851K(25152768K), 0.0439068 secs] [Times: user=0.52 sys=0.00, real=0.05 secs] 
2014-04-09T12:14:58.394+0900: 297.881: [GC (Allocation Failure) 297.881: [ParNew: 113714K->13056K(118016K), 0.0535050 secs] 7861811K->7822456K(25152768K), 0.0537042 secs] [Times: user=0.67 sys=0.00, real=0.05 secs] 
2014-04-09T12:14:58.500+0900: 297.987: [GC (Allocation Failure) 297.987: [ParNew: 112216K->13056K(118016K), 0.0507953 secs] 7921616K->7855394K(25152768K), 0.0509967 secs] [Times: user=0.61 sys=0.00, real=0.05 secs] 
2014-04-09T12:14:58.626+0900: 298.113: [GC (Allocation Failure) 298.113: [ParNew: 118016K->13056K(118016K), 0.0533565 secs] 7960354K->7893821K(25152768K), 0.0535681 secs] [Times: user=0.61 sys=0.01, real=0.05 secs] 
2014-04-09T12:14:58.765+0900: 298.252: [GC (Allocation Failure) 298.252: [ParNew: 113952K->13056K(118016K), 0.0543470 secs] 7994718K->7927306K(25152768K), 0.0545553 secs] [Times: user=0.65 sys=0.01, real=0.05 secs] 
2014-04-09T12:14:58.886+0900: 298.373: [GC (Allocation Failure) 298.373: [ParNew: 117104K->13056K(118016K), 0.0440773 secs] 8031354K->7967031K(25152768K), 0.0442875 secs] [Times: user=0.55 sys=0.01, real=0.04 secs] 
2014-04-09T12:14:59.088+0900: 298.574: [GC (Allocation Failure) 298.575: [ParNew: 118016K->13056K(118016K), 0.0419928 secs] 8071991K->7998327K(25152768K), 0.0421944 secs] [Times: user=0.47 sys=0.01, real=0.04 secs] 
2014-04-09T12:14:59.477+0900: 298.963: [GC (Allocation Failure) 298.963: [ParNew: 108690K->13056K(118016K), 0.0393643 secs] 8093961K->8032178K(25152768K), 0.0395838 secs] [Times: user=0.48 sys=0.00, real=0.04 secs] 
2014-04-09T12:14:59.719+0900: 299.206: [GC (Allocation Failure) 299.206: [ParNew: 108164K->13056K(118016K), 0.0475837 secs] 8127287K->8054816K(25152768K), 0.0477841 secs] [Times: user=0.56 sys=0.01, real=0.05 secs] 
2014-04-09T12:14:59.863+0900: 299.349: [GC (Allocation Failure) 299.349: [ParNew: 118016K->13056K(118016K), 0.0418669 secs] 8159776K->8096423K(25152768K), 0.0420646 secs] [Times: user=0.50 sys=0.01, real=0.05 secs] 
2014-04-09T12:15:00.064+0900: 299.550: [GC (Allocation Failure) 299.550: [ParNew: 115062K->13056K(118016K), 0.0386652 secs] 8198429K->8124482K(25152768K), 0.0388600 secs] [Times: user=0.48 sys=0.00, real=0.03 secs] 
2014-04-09T12:15:00.263+0900: 299.749: [GC (Allocation Failure) 299.750: [ParNew: 116986K->13056K(118016K), 0.0416924 secs] 8228412K->8147897K(25152768K), 0.0419033 secs] [Times: user=0.48 sys=0.00, real=0.05 secs] 
2014-04-09T12:15:00.391+0900: 299.878: [GC (Allocation Failure) 299.878: [ParNew: 118016K->13056K(118016K), 0.0400234 secs] 8252857K->8189650K(25152768K), 0.0402153 secs] [Times: user=0.49 sys=0.00, real=0.04 secs] 
2014-04-09T12:15:00.521+0900: 300.008: [CMS-concurrent-mark: 1.684/2.295 secs] [Times: user=15.92 sys=0.48, real=2.29 secs] 
2014-04-09T12:15:00.521+0900: 300.008: [CMS-concurrent-preclean-start]
2014-04-09T12:15:00.525+0900: 300.012: [GC (Allocation Failure) 300.012: [ParNew: 118015K->13056K(118016K), 0.0432188 secs] 8294610K->8234261K(25152768K), 0.0433933 secs] [Times: user=0.52 sys=0.00, real=0.04 secs] 
2014-04-09T12:15:00.627+0900: 300.114: [GC (Allocation Failure) 300.114: [ParNew: 118016K->13056K(118016K), 0.0484533 secs] 8339221K->8273455K(25152768K), 0.0486451 secs] [Times: user=0.56 sys=0.00, real=0.05 secs] 
2014-04-09T12:15:00.810+0900: 300.296: [GC (Allocation Failure) 300.296: [ParNew: 118016K->13056K(118016K), 0.0497311 secs] 8378415K->8304374K(25152768K), 0.0499322 secs] [Times: user=0.60 sys=0.01, real=0.05 secs] 
2014-04-09T12:15:00.942+0900: 300.428: [GC (Allocation Failure) 300.428: [ParNew: 118016K->13056K(118016K), 0.0533069 secs] 8409334K->8361679K(25152768K), 0.0535085 secs] [Times: user=0.62 sys=0.01, real=0.06 secs] 
2014-04-09T12:15:01.045+0900: 300.531: [GC (Allocation Failure) 300.531: [ParNew: 118016K->13056K(118016K), 0.0593188 secs] 8466639K->8419529K(25152768K), 0.0595203 secs] [Times: user=0.67 sys=0.01, real=0.06 secs] 
2014-04-09T12:15:01.159+0900: 300.645: [GC (Allocation Failure) 300.645: [ParNew: 118016K->13056K(118016K), 0.0411549 secs] 8524489K->8453048K(25152768K), 0.0413552 secs] [Times: user=0.46 sys=0.01, real=0.04 secs] 
2014-04-09T12:15:01.285+0900: 300.772: [GC (Allocation Failure) 300.772: [ParNew: 108887K->13056K(118016K), 0.0551965 secs] 8548879K->8483280K(25152768K), 0.0553985 secs] [Times: user=0.64 sys=0.00, real=0.05 secs] 
2014-04-09T12:15:01.402+0900: 300.889: [GC (Allocation Failure) 300.889: [ParNew: 117998K->13056K(118016K), 0.0441225 secs] 8588222K->8517497K(25152768K), 0.0443238 secs] [Times: user=0.54 sys=0.00, real=0.05 secs] 
2014-04-09T12:15:01.523+0900: 301.009: [GC (Allocation Failure) 301.010: [ParNew: 118016K->13056K(118016K), 0.0485451 secs] 8622457K->8559514K(25152768K), 0.0487491 secs] [Times: user=0.60 sys=0.00, real=0.05 secs] 
2014-04-09T12:15:01.661+0900: 301.147: [GC (Allocation Failure) 301.147: [ParNew: 118016K->13056K(118016K), 0.0506063 secs] 8664474K->8609259K(25152768K), 0.0508058 secs] [Times: user=0.59 sys=0.00, real=0.05 secs] 
2014-04-09T12:15:01.793+0900: 301.280: [CMS-concurrent-preclean: 0.689/1.272 secs] [Times: user=8.37 sys=0.18, real=1.28 secs] 
2014-04-09T12:15:01.794+0900: 301.280: [CMS-concurrent-abortable-preclean-start]
2014-04-09T12:15:01.837+0900: 301.324: [GC (Allocation Failure) 301.324: [ParNew: 112310K->13056K(118016K), 0.0518365 secs] 8708514K->8632133K(25152768K), 0.0520352 secs] [Times: user=0.60 sys=0.01, real=0.05 secs] 
2014-04-09T12:15:01.930+0900: 301.417: [GC (Allocation Failure) 301.417: [ParNew: 117014K->13056K(118016K), 0.0385276 secs] 8736092K->8671648K(25152768K), 0.0387333 secs] [Times: user=0.47 sys=0.01, real=0.04 secs] 
2014-04-09T12:15:02.040+0900: 301.527: [GC (Allocation Failure) 301.527: [ParNew: 118016K->13056K(118016K), 0.0537540 secs] 8776608K->8744083K(25152768K), 0.0539739 secs] [Times: user=0.64 sys=0.01, real=0.06 secs] 
2014-04-09T12:15:02.184+0900: 301.671: [CMS-concurrent-abortable-preclean: 0.239/0.391 secs] [Times: user=2.53 sys=0.06, real=0.39 secs] 
2014-04-09T12:15:02.185+0900: 301.672: [GC (Allocation Failure) 301.672: [ParNew: 118016K->13056K(118016K), 0.0523739 secs] 8849043K->8777195K(25152768K), 0.0525562 secs] [Times: user=0.55 sys=0.01, real=0.05 secs] 
2014-04-09T12:15:02.239+0900: 301.726: [GC (CMS Final Remark) [YG occupancy: 17303 K (118016 K)]301.726: [Rescan (parallel) , 0.0306049 secs]301.757: [weak refs processing, 0.0001164 secs]301.757: [class unloading, 0.0436313 secs]301.800: [scrub symbol table, 0.0048289 secs]301.805: [scrub string table, 0.0014098 secs][1 CMS-remark: 8764139K(25034752K)] 8781443K(25152768K), 0.0875357 secs] [Times: user=0.45 sys=0.00, real=0.09 secs] 
2014-04-09T12:15:02.327+0900: 301.814: [CMS-concurrent-sweep-start]
2014-04-09T12:15:02.407+0900: 301.893: [GC (Allocation Failure) 301.893: [ParNew: 117984K->13056K(118016K), 0.0435144 secs] 8880624K->8805770K(25152768K), 0.0437166 secs] [Times: user=0.50 sys=0.01, real=0.04 secs] 
2014-04-09T12:15:02.511+0900: 301.997: [GC (Allocation Failure) 301.997: [ParNew: 118016K->13054K(118016K), 0.0413394 secs] 8910261K->8844536K(25152768K), 0.0415402 secs] [Times: user=0.51 sys=0.00, real=0.04 secs] 
2014-04-09T12:15:02.609+0900: 302.095: [GC (Allocation Failure) 302.095: [ParNew: 112585K->13056K(118016K), 0.0474033 secs] 8943919K->8883474K(25152768K), 0.0476063 secs] [Times: user=0.48 sys=0.00, real=0.05 secs] 
2014-04-09T12:15:02.752+0900: 302.239: [GC (Allocation Failure) 302.239: [ParNew: 118016K->13056K(118016K), 0.0446736 secs] 8987782K->8922515K(25152768K), 0.0448818 secs] [Times: user=0.51 sys=0.01, real=0.05 secs] 
2014-04-09T12:15:02.875+0900: 302.361: [GC (Allocation Failure) 302.361: [ParNew: 117476K->12033K(118016K), 0.0480246 secs] 9026747K->8964629K(25152768K), 0.0482233 secs] [Times: user=0.56 sys=0.01, real=0.04 secs] 
2014-04-09T12:15:03.013+0900: 302.500: [GC (Allocation Failure) 302.500: [ParNew: 116993K->13056K(118016K), 0.0508694 secs] 9068927K->9002549K(25152768K), 0.0510711 secs] [Times: user=0.54 sys=0.02, real=0.06 secs] 
2014-04-09T12:15:03.160+0900: 302.646: [GC (Allocation Failure) 302.646: [ParNew: 118014K->13056K(118016K), 0.0512994 secs] 9107200K->9043290K(25152768K), 0.0514990 secs] [Times: user=0.61 sys=0.01, real=0.05 secs] 
2014-04-09T12:15:03.283+0900: 302.769: [GC (Allocation Failure) 302.770: [ParNew: 118016K->10753K(118016K), 0.0451535 secs] 9148043K->9083227K(25152768K), 0.0453613 secs] [Times: user=0.53 sys=0.01, real=0.05 secs] 
2014-04-09T12:15:03.422+0900: 302.909: [GC (Allocation Failure) 302.909: [ParNew: 115713K->13056K(118016K), 0.0558527 secs] 9185174K->9118479K(25152768K), 0.0560552 secs] [Times: user=0.61 sys=0.01, real=0.06 secs] 
2014-04-09T12:15:03.634+0900: 303.120: [GC (Allocation Failure) 303.120: [ParNew: 109556K->3459K(118016K), 0.0422460 secs] 9199610K->9116636K(25152768K), 0.0424491 secs] [Times: user=0.51 sys=0.00, real=0.04 secs] 
2014-04-09T12:15:03.895+0900: 303.382: [GC (Allocation Failure) 303.382: [ParNew: 106815K->13056K(118016K), 0.0509324 secs] 9203752K->9129770K(25152768K), 0.0511477 secs] [Times: user=0.59 sys=0.00, real=0.05 secs] 
2014-04-09T12:15:04.027+0900: 303.513: [GC (Allocation Failure) 303.514: [ParNew: 111956K->13056K(118016K), 0.0474724 secs] 9222473K->9161689K(25152768K), 0.0476779 secs] [Times: user=0.58 sys=0.01, real=0.05 secs] 
2014-04-09T12:15:04.160+0900: 303.646: [GC (Allocation Failure) 303.646: [ParNew: 118016K->13056K(118016K), 0.0470935 secs] 9258501K->9189743K(25152768K), 0.0472940 secs] [Times: user=0.50 sys=0.00, real=0.05 secs] 
2014-04-09T12:15:04.312+0900: 303.799: [GC (Allocation Failure) 303.799: [ParNew: 117673K->13056K(118016K), 0.0429493 secs] 9261514K->9187882K(25152768K), 0.0431495 secs] [Times: user=0.50 sys=0.01, real=0.05 secs] 
2014-04-09T12:15:04.404+0900: 303.891: [CMS-concurrent-sweep: 1.399/2.077 secs] [Times: user=11.53 sys=0.29, real=2.08 secs] 
2014-04-09T12:15:04.404+0900: 303.891: [CMS-concurrent-reset-start]
2014-04-09T12:15:04.427+0900: 303.913: [GC (Allocation Failure) 303.913: [ParNew: 118016K->13056K(118016K), 0.0581713 secs] 8733756K->8679820K(25152768K), 0.0583827 secs] [Times: user=0.63 sys=0.01, real=0.06 secs] 
2014-04-09T12:15:04.535+0900: 304.022: [GC (Allocation Failure) 304.022: [ParNew: 118016K->13056K(118016K), 0.0510968 secs] 8784780K->8730537K(25152768K), 0.0513030 secs] [Times: user=0.60 sys=0.01, real=0.05 secs] 
2014-04-09T12:15:04.595+0900: 304.082: [CMS-concurrent-reset: 0.079/0.191 secs] [Times: user=1.52 sys=0.04, real=0.19 secs] 
2014-04-09T12:15:04.670+0900: 304.156: [GC (Allocation Failure) 304.157: [ParNew: 118016K->13056K(118016K), 0.0783266 secs] 8835497K->8767992K(25152768K), 0.0785249 secs] [Times: user=0.56 sys=0.03, real=0.08 secs] 
2014-04-09T12:15:04.749+0900: 304.236: [GC (CMS Initial Mark) [1 CMS-initial-mark: 8754936K(25034752K)] 8768375K(25152768K), 0.0017065 secs] [Times: user=0.01 sys=0.00, real=0.00 secs] 
2014-04-09T12:15:04.751+0900: 304.238: [CMS-concurrent-mark-start]
2014-04-09T12:15:04.820+0900: 304.306: [GC (Allocation Failure) 304.306: [ParNew: 112516K->12330K(118016K), 0.0615766 secs] 8867453K->8800565K(25152768K), 0.0617869 secs] [Times: user=0.61 sys=0.01, real=0.06 secs] 
2014-04-09T12:15:04.962+0900: 304.449: [GC (Allocation Failure) 304.449: [ParNew: 116087K->13056K(118016K), 0.0630532 secs] 8904322K->8840269K(25152768K), 0.0632535 secs] [Times: user=0.62 sys=0.01, real=0.07 secs] 
2014-04-09T12:15:05.064+0900: 304.551: [GC (Allocation Failure) 304.551: [ParNew: 117868K->13056K(118016K), 0.0413202 secs] 8945082K->8877830K(25152768K), 0.0415230 secs] [Times: user=0.49 sys=0.00, real=0.04 secs] 
2014-04-09T12:15:05.180+0900: 304.666: [GC (Allocation Failure) 304.666: [ParNew: 118016K->13056K(118016K), 0.0575168 secs] 8982790K->8937937K(25152768K), 0.0577165 secs] [Times: user=0.67 sys=0.01, real=0.06 secs] 
2014-04-09T12:15:05.333+0900: 304.820: [GC (Allocation Failure) 304.820: [ParNew: 114231K->13056K(118016K), 0.0599959 secs] 9039112K->8969490K(25152768K), 0.0602005 secs] [Times: user=0.60 sys=0.03, real=0.06 secs] 
2014-04-09T12:15:05.447+0900: 304.934: [GC (Allocation Failure) 304.934: [ParNew: 118016K->13056K(118016K), 0.0541483 secs] 9074450K->9024814K(25152768K), 0.0543596 secs] [Times: user=0.54 sys=0.02, real=0.05 secs] 
2014-04-09T12:15:05.579+0900: 305.065: [GC (Allocation Failure) 305.066: [ParNew: 110470K->13056K(118016K), 0.0494859 secs] 9122229K->9061892K(25152768K), 0.0496896 secs] [Times: user=0.57 sys=0.00, real=0.05 secs] 
2014-04-09T12:15:05.786+0900: 305.272: [GC (Allocation Failure) 305.273: [ParNew: 118005K->13056K(118016K), 0.0468339 secs] 9166842K->9094270K(25152768K), 0.0470287 secs] [Times: user=0.57 sys=0.01, real=0.04 secs] 
2014-04-09T12:15:06.649+0900: 306.135: [GC (Allocation Failure) 306.135: [ParNew: 118016K->13056K(118016K), 0.0409662 secs] 9199230K->9115903K(25152768K), 0.0411430 secs] [Times: user=0.42 sys=0.01, real=0.04 secs] 
2014-04-09T12:15:06.812+0900: 306.298: [GC (Allocation Failure) 306.298: [ParNew: 118016K->11133K(118016K), 0.0471244 secs] 9220863K->9157426K(25152768K), 0.0472982 secs] [Times: user=0.46 sys=0.01, real=0.05 secs] 
2014-04-09T12:15:07.018+0900: 306.505: [CMS-concurrent-mark: 1.733/2.267 secs] [Times: user=14.28 sys=0.44, real=2.27 secs] 
2014-04-09T12:15:07.019+0900: 306.505: [GC (Allocation Failure) 306.505: [ParNew: 116087K->13056K(118016K), 0.0626287 secs] 9262380K->9179627K(25152768K), 0.0627821 secs] [Times: user=0.52 sys=0.02, real=0.06 secs] 
2014-04-09T12:15:07.082+0900: 306.568: [CMS-concurrent-preclean-start]
2014-04-09T12:15:07.411+0900: 306.898: [GC (Allocation Failure) 306.898: [ParNew: 118016K->13056K(118016K), 0.0573644 secs] 9284587K->9220509K(25152768K), 0.0575781 secs] [Times: user=0.60 sys=0.01, real=0.06 secs] 
2014-04-09T12:15:07.609+0900: 307.095: [GC (Allocation Failure) 307.095: [ParNew: 109021K->13056K(118016K), 0.0538885 secs] 9316474K->9256669K(25152768K), 0.0540917 secs] [Times: user=0.52 sys=0.02, real=0.05 secs] 
2014-04-09T12:15:07.775+0900: 307.262: [CMS-concurrent-preclean: 0.527/0.693 secs] [Times: user=2.13 sys=0.08, real=0.70 secs] 
2014-04-09T12:15:07.776+0900: 307.262: [GC (Allocation Failure) 307.262: [ParNew: 118016K->13056K(118016K), 0.0820192 secs] 9361629K->9311756K(25152768K), 0.0822086 secs] [Times: user=0.63 sys=0.03, real=0.08 secs] 
2014-04-09T12:15:07.859+0900: 307.345: [GC (CMS Final Remark) [YG occupancy: 13442 K (118016 K)]307.346: [Rescan (parallel) , 0.0231745 secs]307.369: [weak refs processing, 0.0000738 secs]307.369: [class unloading, 0.0415024 secs]307.410: [scrub symbol table, 0.0042992 secs]307.415: [scrub string table, 0.0012183 secs][1 CMS-remark: 9298700K(25034752K)] 9312142K(25152768K), 0.0771638 secs] [Times: user=0.34 sys=0.00, real=0.08 secs] 
2014-04-09T12:15:07.937+0900: 307.423: [CMS-concurrent-sweep-start]
2014-04-09T12:15:08.071+0900: 307.557: [GC (Allocation Failure) 307.558: [ParNew: 116046K->13056K(118016K), 0.0600940 secs] 9409356K->9333156K(25152768K), 0.0602962 secs] [Times: user=0.59 sys=0.02, real=0.06 secs] 
2014-04-09T12:15:08.176+0900: 307.662: [GC (Allocation Failure) 307.662: [ParNew: 111914K->13056K(118016K), 0.0441165 secs] 9430651K->9383790K(25152768K), 0.0443178 secs] [Times: user=0.53 sys=0.01, real=0.04 secs] 
2014-04-09T12:15:08.259+0900: 307.746: [GC (Allocation Failure) 307.746: [ParNew: 110128K->13056K(118016K), 0.0475251 secs] 9479555K->9419823K(25152768K), 0.0477234 secs] [Times: user=0.59 sys=0.00, real=0.05 secs] 
2014-04-09T12:15:08.367+0900: 307.854: [GC (Allocation Failure) 307.854: [ParNew: 118016K->13056K(118016K), 0.0586272 secs] 9522024K->9464806K(25152768K), 0.0588252 secs] [Times: user=0.66 sys=0.01, real=0.06 secs] 
2014-04-09T12:15:08.514+0900: 308.000: [GC (Allocation Failure) 308.000: [ParNew: 117693K->13056K(118016K), 0.0502593 secs] 9566108K->9488364K(25152768K), 0.0504650 secs] [Times: user=0.56 sys=0.01, real=0.05 secs] 
2014-04-09T12:15:08.618+0900: 308.104: [GC (Allocation Failure) 308.105: [ParNew: 117998K->13056K(118016K), 0.0406756 secs] 9589779K->9521883K(25152768K), 0.0408744 secs] [Times: user=0.50 sys=0.00, real=0.04 secs] 
2014-04-09T12:15:08.721+0900: 308.207: [GC (Allocation Failure) 308.207: [ParNew: 118016K->13056K(118016K), 0.0534286 secs] 9621727K->9573165K(25152768K), 0.0536422 secs] [Times: user=0.67 sys=0.00, real=0.06 secs] 
2014-04-09T12:15:08.853+0900: 308.339: [GC (Allocation Failure) 308.339: [ParNew: 118016K->13056K(118016K), 0.0564825 secs] 9673891K->9611065K(25152768K), 0.0566734 secs] [Times: user=0.64 sys=0.01, real=0.06 secs] 
2014-04-09T12:15:09.021+0900: 308.507: [GC (Allocation Failure) 308.507: [ParNew: 117987K->13056K(118016K), 0.0482782 secs] 9698495K->9622179K(25152768K), 0.0484815 secs] [Times: user=0.57 sys=0.01, real=0.05 secs] 
2014-04-09T12:15:09.199+0900: 308.685: [GC (Allocation Failure) 308.686: [ParNew: 118016K->13056K(118016K), 0.0463322 secs] 9708571K->9624342K(25152768K), 0.0465392 secs] [Times: user=0.56 sys=0.00, real=0.05 secs] 
2014-04-09T12:15:09.449+0900: 308.935: [GC (Allocation Failure) 308.935: [ParNew: 117993K->13056K(118016K), 0.0402472 secs] 9709794K->9626511K(25152768K), 0.0404684 secs] [Times: user=0.49 sys=0.00, real=0.04 secs] 
2014-04-09T12:15:09.671+0900: 309.158: [GC (Allocation Failure) 309.158: [ParNew: 118016K->13056K(118016K), 0.0458117 secs] 9721683K->9646520K(25152768K), 0.0460172 secs] [Times: user=0.55 sys=0.00, real=0.05 secs] 
2014-04-09T12:15:09.810+0900: 309.296: [GC (Allocation Failure) 309.296: [ParNew: 118016K->13056K(118016K), 0.0548554 secs] 9742405K->9690144K(25152768K), 0.0550556 secs] [Times: user=0.61 sys=0.01, real=0.06 secs] 
2014-04-09T12:15:09.942+0900: 309.429: [GC (Allocation Failure) 309.429: [ParNew: 111876K->8645K(118016K), 0.0500183 secs] 9772262K->9696409K(25152768K), 0.0502217 secs] [Times: user=0.62 sys=0.00, real=0.05 secs] 
2014-04-09T12:15:10.065+0900: 309.551: [GC (Allocation Failure) 309.551: [ParNew: 106545K->13056K(118016K), 0.0483425 secs] 9590175K->9530933K(25152768K), 0.0485459 secs] [Times: user=0.59 sys=0.00, real=0.04 secs] 
2014-04-09T12:15:10.135+0900: 309.622: [CMS-concurrent-sweep: 1.430/2.198 secs] [Times: user=13.39 sys=0.29, real=2.20 secs] 
2014-04-09T12:15:10.135+0900: 309.622: [CMS-concurrent-reset-start]
2014-04-09T12:15:10.208+0900: 309.694: [CMS-concurrent-reset: 0.073/0.073 secs] [Times: user=0.24 sys=0.00, real=0.07 secs] 
2014-04-09T12:15:10.221+0900: 309.707: [GC (Allocation Failure) 309.707: [ParNew: 117809K->13056K(118016K), 0.0494459 secs] 8866983K->8773072K(25152768K), 0.0496453 secs] [Times: user=0.57 sys=0.01, real=0.05 secs] 
2014-04-09T12:15:10.272+0900: 309.758: [GC (CMS Initial Mark) [1 CMS-initial-mark: 8760016K(25034752K)] 8773379K(25152768K), 0.0015443 secs] [Times: user=0.01 sys=0.00, real=0.00 secs] 
2014-04-09T12:15:10.274+0900: 309.760: [CMS-concurrent-mark-start]
2014-04-09T12:15:10.391+0900: 309.878: [GC (Allocation Failure) 309.878: [ParNew: 117991K->13056K(118016K), 0.0562189 secs] 8878008K->8806450K(25152768K), 0.0564234 secs] [Times: user=0.58 sys=0.02, real=0.06 secs] 
2014-04-09T12:15:10.504+0900: 309.991: [GC (Allocation Failure) 309.991: [ParNew: 118016K->13056K(118016K), 0.0508010 secs] 8911410K->8853213K(25152768K), 0.0510069 secs] [Times: user=0.59 sys=0.01, real=0.05 secs] 
2014-04-09T12:15:10.670+0900: 310.157: [GC (Allocation Failure) 310.157: [ParNew: 118016K->13056K(118016K), 0.0803227 secs] 8958173K->8896075K(25152768K), 0.0805223 secs] [Times: user=0.65 sys=0.02, real=0.08 secs] 
2014-04-09T12:15:10.857+0900: 310.343: [GC (Allocation Failure) 310.343: [ParNew: 118011K->13056K(118016K), 0.0561243 secs] 9001031K->8924023K(25152768K), 0.0563262 secs] [Times: user=0.55 sys=0.02, real=0.05 secs] 
2014-04-09T12:15:11.000+0900: 310.487: [GC (Allocation Failure) 310.487: [ParNew: 118016K->13056K(118016K), 0.0569046 secs] 9028983K->8961303K(25152768K), 0.0571074 secs] [Times: user=0.60 sys=0.03, real=0.06 secs] 
2014-04-09T12:15:11.194+0900: 310.681: [GC (Allocation Failure) 310.681: [ParNew: 111297K->13056K(118016K), 0.0575174 secs] 9059544K->8994830K(25152768K), 0.0577181 secs] [Times: user=0.59 sys=0.02, real=0.06 secs] 
2014-04-09T12:15:11.386+0900: 310.872: [GC (Allocation Failure) 310.872: [ParNew: 118016K->13056K(118016K), 0.0489854 secs] 9099790K->9029709K(25152768K), 0.0491853 secs] [Times: user=0.61 sys=0.00, real=0.05 secs] 
2014-04-09T12:15:11.581+0900: 311.068: [GC (Allocation Failure) 311.068: [ParNew: 118015K->13056K(118016K), 0.0596407 secs] 9134669K->9075509K(25152768K), 0.0598439 secs] [Times: user=0.60 sys=0.01, real=0.06 secs] 
2014-04-09T12:15:11.704+0900: 311.190: [GC (Allocation Failure) 311.190: [ParNew: 110481K->13056K(118016K), 0.0551019 secs] 9172935K->9129011K(25152768K), 0.0552969 secs] [Times: user=0.56 sys=0.02, real=0.06 secs] 
2014-04-09T12:15:11.825+0900: 311.312: [GC (Allocation Failure) 311.312: [ParNew: 117982K->13056K(118016K), 0.0808827 secs] 9233937K->9178851K(25152768K), 0.0810733 secs] [Times: user=0.51 sys=0.04, real=0.08 secs] 
2014-04-09T12:15:11.978+0900: 311.465: [GC (Allocation Failure) 311.465: [ParNew: 118016K->13056K(118016K), 0.0559982 secs] 9283811K->9200431K(25152768K), 0.0561910 secs] [Times: user=0.58 sys=0.02, real=0.06 secs] 
2014-04-09T12:15:12.120+0900: 311.607: [GC (Allocation Failure) 311.607: [ParNew: 118016K->12619K(118016K), 0.0533543 secs] 9305391K->9224876K(25152768K), 0.0535489 secs] [Times: user=0.59 sys=0.02, real=0.05 secs] 
2014-04-09T12:15:12.242+0900: 311.728: [GC (Allocation Failure) 311.728: [ParNew: 111295K->13056K(118016K), 0.0410132 secs] 9323552K->9259452K(25152768K), 0.0412103 secs] [Times: user=0.52 sys=0.00, real=0.04 secs] 
2014-04-09T12:15:12.335+0900: 311.822: [GC (Allocation Failure) 311.822: [ParNew: 118016K->13056K(118016K), 0.0541946 secs] 9364412K->9308273K(25152768K), 0.0544011 secs] [Times: user=0.63 sys=0.01, real=0.05 secs] 
2014-04-09T12:15:12.447+0900: 311.933: [GC (Allocation Failure) 311.933: [ParNew: 116733K->13056K(118016K), 0.0522128 secs] 9411951K->9358949K(25152768K), 0.0524132 secs] [Times: user=0.60 sys=0.02, real=0.05 secs] 
2014-04-09T12:15:12.580+0900: 312.067: [GC (Allocation Failure) 312.067: [ParNew: 118016K->13056K(118016K), 0.0473572 secs] 9463909K->9406105K(25152768K), 0.0475582 secs] [Times: user=0.56 sys=0.00, real=0.05 secs] 
2014-04-09T12:15:12.724+0900: 312.210: [GC (Allocation Failure) 312.210: [ParNew: 118016K->13056K(118016K), 0.0463610 secs] 9511065K->9431269K(25152768K), 0.0465593 secs] [Times: user=0.56 sys=0.01, real=0.05 secs] 
2014-04-09T12:15:12.825+0900: 312.312: [GC (Allocation Failure) 312.312: [ParNew: 118016K->13056K(118016K), 0.0454645 secs] 9536229K->9471929K(25152768K), 0.0456575 secs] [Times: user=0.55 sys=0.00, real=0.05 secs] 
2014-04-09T12:15:12.940+0900: 312.427: [GC (Allocation Failure) 312.427: [ParNew: 118016K->13056K(118016K), 0.0396462 secs] 9576889K->9499812K(25152768K), 0.0398396 secs] [Times: user=0.45 sys=0.00, real=0.04 secs] 
2014-04-09T12:15:13.086+0900: 312.573: [GC (Allocation Failure) 312.573: [ParNew: 118016K->13056K(118016K), 0.0466311 secs] 9604772K->9536514K(25152768K), 0.0468314 secs] [Times: user=0.56 sys=0.00, real=0.04 secs] 
2014-04-09T12:15:13.177+0900: 312.663: [GC (Allocation Failure) 312.663: [ParNew: 118016K->13056K(118016K), 0.0498156 secs] 9641474K->9579250K(25152768K), 0.0500092 secs] [Times: user=0.62 sys=0.01, real=0.05 secs] 
2014-04-09T12:15:13.326+0900: 312.813: [GC (Allocation Failure) 312.813: [ParNew: 118016K->13056K(118016K), 0.0510751 secs] 9684210K->9613001K(25152768K), 0.0512749 secs] [Times: user=0.60 sys=0.00, real=0.05 secs] 
2014-04-09T12:15:13.431+0900: 312.918: [CMS-concurrent-mark: 1.943/3.158 secs] [Times: user=24.53 sys=0.76, real=3.16 secs] 
2014-04-09T12:15:13.432+0900: 312.918: [CMS-concurrent-preclean-start]
2014-04-09T12:15:13.498+0900: 312.984: [GC (Allocation Failure) 312.984: [ParNew: 117999K->10306K(118016K), 0.0467028 secs] 9717944K->9640585K(25152768K), 0.0469037 secs] [Times: user=0.56 sys=0.00, real=0.04 secs] 
2014-04-09T12:15:13.588+0900: 313.075: [GC (Allocation Failure) 313.075: [ParNew: 109489K->13056K(118016K), 0.0473478 secs] 9739768K->9673372K(25152768K), 0.0475465 secs] [Times: user=0.59 sys=0.00, real=0.05 secs] 
2014-04-09T12:15:13.802+0900: 313.288: [GC (Allocation Failure) 313.288: [ParNew: 118016K->13056K(118016K), 0.0477326 secs] 9778332K->9692195K(25152768K), 0.0479345 secs] [Times: user=0.56 sys=0.00, real=0.05 secs] 
2014-04-09T12:15:14.010+0900: 313.497: [GC (Allocation Failure) 313.497: [ParNew: 118016K->12113K(118016K), 0.0531090 secs] 9797155K->9734563K(25152768K), 0.0533106 secs] [Times: user=0.57 sys=0.02, real=0.05 secs] 
2014-04-09T12:15:14.331+0900: 313.817: [GC (Allocation Failure) 313.817: [ParNew: 108009K->13056K(118016K), 0.0561002 secs] 9830459K->9754711K(25152768K), 0.0563042 secs] [Times: user=0.57 sys=0.01, real=0.06 secs] 
2014-04-09T12:15:14.494+0900: 313.981: [GC (Allocation Failure) 313.981: [ParNew: 118016K->13056K(118016K), 0.0508923 secs] 9859671K->9786236K(25152768K), 0.0511095 secs] [Times: user=0.48 sys=0.01, real=0.06 secs] 
2014-04-09T12:15:14.734+0900: 314.221: [CMS-concurrent-preclean: 0.887/1.302 secs] [Times: user=5.50 sys=0.14, real=1.30 secs] 
2014-04-09T12:15:14.735+0900: 314.221: [GC (Allocation Failure) 314.221: [ParNew: 113720K->13056K(118016K), 0.0534174 secs] 9886901K->9813451K(25152768K), 0.0536079 secs] [Times: user=0.58 sys=0.01, real=0.06 secs] 
2014-04-09T12:15:14.789+0900: 314.275: [CMS-concurrent-abortable-preclean-start]
2014-04-09T12:15:14.934+0900: 314.421: [CMS-concurrent-abortable-preclean: 0.142/0.146 secs] [Times: user=0.29 sys=0.00, real=0.14 secs] 
2014-04-09T12:15:14.935+0900: 314.422: [GC (CMS Final Remark) [YG occupancy: 103832 K (118016 K)]314.422: [Rescan (parallel) , 0.0209108 secs]314.443: [weak refs processing, 0.0000629 secs]314.443: [class unloading, 0.0415127 secs]314.484: [scrub symbol table, 0.0043105 secs]314.489: [scrub string table, 0.0012190 secs][1 CMS-remark: 9800395K(25034752K)] 9904228K(25152768K), 0.0749444 secs] [Times: user=0.32 sys=0.00, real=0.07 secs] 
2014-04-09T12:15:15.011+0900: 314.497: [CMS-concurrent-sweep-start]
2014-04-09T12:15:15.056+0900: 314.542: [GC (Allocation Failure) 314.543: [ParNew: 116758K->13056K(118016K), 0.0513111 secs] 9916159K->9826127K(25152768K), 0.0515136 secs] [Times: user=0.53 sys=0.01, real=0.05 secs] 
2014-04-09T12:15:15.196+0900: 314.682: [GC (Allocation Failure) 314.682: [ParNew: 108768K->9808K(118016K), 0.0442945 secs] 9918328K->9868937K(25152768K), 0.0444904 secs] [Times: user=0.51 sys=0.01, real=0.04 secs] 
2014-04-09T12:15:15.327+0900: 314.814: [GC (Allocation Failure) 314.814: [ParNew: 114768K->13056K(118016K), 0.0803132 secs] 9970530K->9898974K(25152768K), 0.0805103 secs] [Times: user=0.50 sys=0.04, real=0.08 secs] 
2014-04-09T12:15:15.539+0900: 315.026: [GC (Allocation Failure) 315.026: [ParNew: 115503K->13056K(118016K), 0.0557043 secs] 9995915K->9916757K(25152768K), 0.0559394 secs] [Times: user=0.58 sys=0.01, real=0.05 secs] 
2014-04-09T12:15:15.653+0900: 315.140: [GC (Allocation Failure) 315.140: [ParNew: 118016K->13056K(118016K), 0.0496393 secs] 10018044K->9949562K(25152768K), 0.0498506 secs] [Times: user=0.62 sys=0.00, real=0.05 secs] 
2014-04-09T12:15:15.766+0900: 315.253: [GC (Allocation Failure) 315.253: [ParNew: 118016K->13056K(118016K), 0.0587806 secs] 10051601K->9991312K(25152768K), 0.0589798 secs] [Times: user=0.50 sys=0.02, real=0.05 secs] 
2014-04-09T12:15:15.944+0900: 315.430: [GC (Allocation Failure) 315.430: [ParNew: 118016K->13056K(118016K), 0.0584076 secs] 10088442K->10005312K(25152768K), 0.0586058 secs] [Times: user=0.65 sys=0.00, real=0.06 secs] 
2014-04-09T12:15:16.071+0900: 315.557: [GC (Allocation Failure) 315.557: [ParNew: 118016K->12722K(118016K), 0.0518001 secs] 10108980K->10053662K(25152768K), 0.0519977 secs] [Times: user=0.60 sys=0.01, real=0.05 secs] 
2014-04-09T12:15:16.185+0900: 315.671: [GC (Allocation Failure) 315.672: [ParNew: 110613K->13056K(118016K), 0.0504774 secs] 10145833K->10077234K(25152768K), 0.0506734 secs] [Times: user=0.45 sys=0.01, real=0.06 secs] 
2014-04-09T12:15:16.339+0900: 315.825: [GC (Allocation Failure) 315.825: [ParNew: 118016K->13056K(118016K), 0.0568730 secs] 10178091K->10100465K(25152768K), 0.0570702 secs] [Times: user=0.56 sys=0.03, real=0.06 secs] 
2014-04-09T12:15:16.473+0900: 315.960: [GC (Allocation Failure) 315.960: [ParNew: 117939K->11667K(118016K), 0.0496916 secs] 10200708K->10126688K(25152768K), 0.0498942 secs] [Times: user=0.51 sys=0.01, real=0.05 secs] 
2014-04-09T12:15:16.616+0900: 316.102: [GC (Allocation Failure) 316.102: [ParNew: 116614K->13056K(118016K), 0.0613625 secs] 10228543K->10156126K(25152768K), 0.0615607 secs] [Times: user=0.49 sys=0.03, real=0.06 secs] 
2014-04-09T12:15:16.752+0900: 316.239: [GC (Allocation Failure) 316.239: [ParNew: 115343K->13056K(118016K), 0.0518823 secs] 10254752K->10178805K(25152768K), 0.0520805 secs] [Times: user=0.61 sys=0.01, real=0.05 secs] 
2014-04-09T12:15:16.889+0900: 316.375: [GC (Allocation Failure) 316.375: [ParNew: 118016K->13056K(118016K), 0.0497956 secs] 10277005K->10200890K(25152768K), 0.0499944 secs] [Times: user=0.60 sys=0.00, real=0.05 secs] 
2014-04-09T12:15:17.028+0900: 316.515: [GC (Allocation Failure) 316.515: [ParNew: 118016K->13056K(118016K), 0.0510945 secs] 10298398K->10228457K(25152768K), 0.0512930 secs] [Times: user=0.49 sys=0.01, real=0.05 secs] 
2014-04-09T12:15:17.155+0900: 316.642: [GC (Allocation Failure) 316.642: [ParNew: 118016K->12193K(118016K), 0.0528804 secs] 10304339K->10246067K(25152768K), 0.0530776 secs] [Times: user=0.60 sys=0.01, real=0.06 secs] 
2014-04-09T12:15:17.260+0900: 316.747: [CMS-concurrent-sweep: 1.356/2.250 secs] [Times: user=12.83 sys=0.40, real=2.25 secs] 
2014-04-09T12:15:17.261+0900: 316.747: [CMS-concurrent-reset-start]
2014-04-09T12:15:17.289+0900: 316.775: [GC (Allocation Failure) 316.775: [ParNew: 117153K->13056K(118016K), 0.0624231 secs] 9739381K->9669204K(25152768K), 0.0626240 secs] [Times: user=0.47 sys=0.02, real=0.06 secs] 
2014-04-09T12:15:17.398+0900: 316.884: [CMS-concurrent-reset: 0.073/0.137 secs] [Times: user=0.69 sys=0.02, real=0.14 secs] 
2014-04-09T12:15:17.525+0900: 317.012: [GC (Allocation Failure) 317.012: [ParNew: 118016K->13056K(118016K), 0.0553902 secs] 9774164K->9693381K(25152768K), 0.0555870 secs] [Times: user=0.57 sys=0.01, real=0.05 secs] 
2014-04-09T12:15:17.582+0900: 317.068: [GC (CMS Initial Mark) [1 CMS-initial-mark: 9680325K(25034752K)] 9693412K(25152768K), 0.0015414 secs] [Times: user=0.01 sys=0.00, real=0.00 secs] 
2014-04-09T12:15:17.583+0900: 317.070: [CMS-concurrent-mark-start]
2014-04-09T12:15:17.702+0900: 317.188: [GC (Allocation Failure) 317.188: [ParNew: 118016K->13056K(118016K), 0.0453471 secs] 9798341K->9719413K(25152768K), 0.0455454 secs] [Times: user=0.48 sys=0.01, real=0.05 secs] 
2014-04-09T12:15:17.947+0900: 317.434: [GC (Allocation Failure) 317.434: [ParNew: 118004K->13056K(118016K), 0.0524322 secs] 9824362K->9745402K(25152768K), 0.0526633 secs] [Times: user=0.55 sys=0.01, real=0.05 secs] 
2014-04-09T12:15:18.227+0900: 317.713: [GC (Allocation Failure) 317.713: [ParNew: 118016K->13056K(118016K), 0.0467279 secs] 9850362K->9754156K(25152768K), 0.0469285 secs] [Times: user=0.56 sys=0.01, real=0.04 secs] 
2014-04-09T12:15:18.428+0900: 317.914: [GC (Allocation Failure) 317.914: [ParNew: 118016K->13056K(118016K), 0.0558946 secs] 9859116K->9799602K(25152768K), 0.0560874 secs] [Times: user=0.58 sys=0.01, real=0.05 secs] 
2014-04-09T12:15:18.713+0900: 318.199: [GC (Allocation Failure) 318.199: [ParNew: 117627K->13056K(118016K), 0.0512372 secs] 9904174K->9816871K(25152768K), 0.0514284 secs] [Times: user=0.54 sys=0.03, real=0.05 secs] 
2014-04-09T12:15:18.908+0900: 318.395: [GC (Allocation Failure) 318.395: [ParNew: 118016K->13056K(118016K), 0.0567458 secs] 9921831K->9847140K(25152768K), 0.0569425 secs] [Times: user=0.44 sys=0.02, real=0.06 secs] 
2014-04-09T12:15:19.050+0900: 318.536: [GC (Allocation Failure) 318.536: [ParNew: 118016K->3181K(118016K), 0.0334346 secs] 9952100K->9850274K(25152768K), 0.0336244 secs] [Times: user=0.41 sys=0.00, real=0.03 secs] 
2014-04-09T12:15:19.159+0900: 318.645: [GC (Allocation Failure) 318.645: [ParNew: 108141K->947K(118016K), 0.0320410 secs] 9955234K->9848040K(25152768K), 0.0322272 secs] [Times: user=0.41 sys=0.00, real=0.03 secs] 
2014-04-09T12:15:19.266+0900: 318.753: [GC (Allocation Failure) 318.753: [ParNew: 105907K->628K(118016K), 0.0307931 secs] 9953000K->9847721K(25152768K), 0.0309885 secs] [Times: user=0.39 sys=0.00, real=0.03 secs] 
2014-04-09T12:15:19.378+0900: 318.864: [GC (Allocation Failure) 318.865: [ParNew: 105588K->703K(118016K), 0.0313707 secs] 9952681K->9847796K(25152768K), 0.0315701 secs] [Times: user=0.40 sys=0.00, real=0.03 secs] 
2014-04-09T12:15:19.490+0900: 318.977: [GC (Allocation Failure) 318.977: [ParNew: 105663K->724K(118016K), 0.0296384 secs] 9952756K->9847817K(25152768K), 0.0298403 secs] [Times: user=0.37 sys=0.01, real=0.03 secs] 
2014-04-09T12:15:19.607+0900: 319.094: [GC (Allocation Failure) 319.094: [ParNew: 105684K->764K(118016K), 0.0404540 secs] 9952777K->9847857K(25152768K), 0.0406662 secs] [Times: user=0.45 sys=0.00, real=0.04 secs] 
2014-04-09T12:15:19.730+0900: 319.216: [GC (Allocation Failure) 319.216: [ParNew: 105724K->239K(118016K), 0.0322103 secs] 9952817K->9847783K(25152768K), 0.0324207 secs] [Times: user=0.40 sys=0.01, real=0.03 secs] 
2014-04-09T12:15:19.796+0900: 319.283: [CMS-concurrent-mark: 1.658/2.213 secs] [Times: user=15.39 sys=0.24, real=2.22 secs] 
2014-04-09T12:15:19.797+0900: 319.283: [CMS-concurrent-preclean-start]
2014-04-09T12:15:19.841+0900: 319.327: [GC (Allocation Failure) 319.327: [ParNew: 105199K->54K(118016K), 0.0281272 secs] 9952743K->9847598K(25152768K), 0.0283240 secs] [Times: user=0.35 sys=0.01, real=0.03 secs] 
2014-04-09T12:15:19.946+0900: 319.433: [GC (Allocation Failure) 319.433: [ParNew: 105014K->24K(118016K), 0.0281772 secs] 9952558K->9847567K(25152768K), 0.0283857 secs] [Times: user=0.36 sys=0.00, real=0.03 secs] 
2014-04-09T12:15:20.094+0900: 319.580: [CMS-concurrent-preclean: 0.219/0.297 secs] [Times: user=1.39 sys=0.01, real=0.29 secs] 
2014-04-09T12:15:20.094+0900: 319.580: [CMS-concurrent-abortable-preclean-start]
2014-04-09T12:15:22.429+0900: 321.916: [GC (Allocation Failure) 321.916: [ParNew: 104984K->95K(118016K), 0.0331012 secs] 9952527K->9847639K(25152768K), 0.0333054 secs] [Times: user=0.40 sys=0.01, real=0.03 secs] 
2014-04-09T12:15:22.555+0900: 322.041: [CMS-concurrent-abortable-preclean: 1.341/2.461 secs] [Times: user=2.21 sys=0.02, real=2.46 secs] 
2014-04-09T12:15:22.556+0900: 322.042: [GC (CMS Final Remark) [YG occupancy: 80470 K (118016 K)]322.043: [Rescan (parallel) , 0.0251579 secs]322.068: [weak refs processing, 0.0000799 secs]322.068: [class unloading, 0.0416207 secs]322.110: [scrub symbol table, 0.0043100 secs]322.114: [scrub string table, 0.0012128 secs][1 CMS-remark: 9847543K(25034752K)] 9928014K(25152768K), 0.0793266 secs] [Times: user=0.37 sys=0.00, real=0.08 secs] 
2014-04-09T12:15:22.636+0900: 322.123: [CMS-concurrent-sweep-start]
2014-04-09T12:15:22.667+0900: 322.154: [GC (Allocation Failure) 322.154: [ParNew: 105055K->109K(118016K), 0.0327676 secs] 9952371K->9847425K(25152768K), 0.0329709 secs] [Times: user=0.41 sys=0.00, real=0.03 secs] 
2014-04-09T12:15:22.821+0900: 322.307: [GC (Allocation Failure) 322.307: [ParNew: 105069K->116K(118016K), 0.0327117 secs] 9949630K->9844677K(25152768K), 0.0329134 secs] [Times: user=0.40 sys=0.00, real=0.03 secs] 
2014-04-09T12:15:22.975+0900: 322.461: [GC (Allocation Failure) 322.461: [ParNew: 105076K->120K(118016K), 0.0327549 secs] 9945759K->9840803K(25152768K), 0.0329578 secs] [Times: user=0.41 sys=0.00, real=0.04 secs] 
2014-04-09T12:15:23.133+0900: 322.619: [GC (Allocation Failure) 322.619: [ParNew: 105080K->133K(118016K), 0.0350205 secs] 9941667K->9836720K(25152768K), 0.0352228 secs] [Times: user=0.44 sys=0.00, real=0.04 secs] 
2014-04-09T12:15:23.288+0900: 322.775: [GC (Allocation Failure) 322.775: [ParNew: 105093K->108K(118016K), 0.0345502 secs] 9935887K->9830902K(25152768K), 0.0347414 secs] [Times: user=0.43 sys=0.00, real=0.03 secs] 
2014-04-09T12:15:23.441+0900: 322.928: [GC (Allocation Failure) 322.928: [ParNew: 105068K->77K(118016K), 0.0325983 secs] 9926892K->9821962K(25152768K), 0.0328003 secs] [Times: user=0.41 sys=0.01, real=0.03 secs] 
2014-04-09T12:15:23.591+0900: 323.078: [GC (Allocation Failure) 323.078: [ParNew: 105037K->49K(118016K), 0.0351962 secs] 9917424K->9812437K(25152768K), 0.0353909 secs] [Times: user=0.43 sys=0.00, real=0.04 secs] 
2014-04-09T12:15:23.742+0900: 323.228: [GC (Allocation Failure) 323.228: [ParNew: 105009K->46K(118016K), 0.0337150 secs] 9904829K->9799866K(25152768K), 0.0339070 secs] [Times: user=0.42 sys=0.00, real=0.03 secs] 
2014-04-09T12:15:23.887+0900: 323.374: [GC (Allocation Failure) 323.374: [ParNew: 105006K->45K(118016K), 0.0312227 secs] 9896235K->9791276K(25152768K), 0.0314143 secs] [Times: user=0.39 sys=0.00, real=0.03 secs] 
2014-04-09T12:15:24.031+0900: 323.518: [GC (Allocation Failure) 323.518: [ParNew: 105005K->44K(118016K), 0.0351657 secs] 9890199K->9785242K(25152768K), 0.0353522 secs] [Times: user=0.44 sys=0.01, real=0.04 secs] 
2014-04-09T12:15:24.181+0900: 323.668: [GC (Allocation Failure) 323.668: [ParNew: 105004K->44K(118016K), 0.0318609 secs] 9882116K->9777156K(25152768K), 0.0320338 secs] [Times: user=0.41 sys=0.00, real=0.03 secs] 
2014-04-09T12:15:24.342+0900: 323.829: [GC (Allocation Failure) 323.829: [ParNew: 103186K->9074K(118016K), 0.0371147 secs] 9862621K->9768516K(25152768K), 0.0372826 secs] [Times: user=0.47 sys=0.01, real=0.04 secs] 
2014-04-09T12:15:24.453+0900: 323.940: [GC (Allocation Failure) 323.940: [ParNew: 114034K->13055K(118016K), 0.0356022 secs] 9590229K->9521068K(25152768K), 0.0357551 secs] [Times: user=0.45 sys=0.00, real=0.04 secs] 
2014-04-09T12:15:24.502+0900: 323.988: [CMS-concurrent-sweep: 1.397/1.865 secs] [Times: user=9.78 sys=0.06, real=1.86 secs] 
2014-04-09T12:15:24.502+0900: 323.988: [CMS-concurrent-reset-start]
2014-04-09T12:15:24.564+0900: 324.050: [GC (Allocation Failure) 324.050: [ParNew: 118015K->13055K(118016K), 0.0555469 secs] 8981892K->8928050K(25152768K), 0.0556850 secs] [Times: user=0.52 sys=0.02, real=0.06 secs] 
2014-04-09T12:15:24.640+0900: 324.126: [CMS-concurrent-reset: 0.081/0.138 secs] [Times: user=0.78 sys=0.04, real=0.14 secs] 
2014-04-09T12:15:24.732+0900: 324.218: [GC (Allocation Failure) 324.218: [ParNew: 117066K->13056K(118016K), 0.0497019 secs] 9032060K->8959192K(25152768K), 0.0498634 secs] [Times: user=0.57 sys=0.01, real=0.05 secs] 
2014-04-09T12:15:24.783+0900: 324.269: [GC (CMS Initial Mark) [1 CMS-initial-mark: 8946136K(25034752K)] 8960222K(25152768K), 0.0016463 secs] [Times: user=0.02 sys=0.00, real=0.00 secs] 
2014-04-09T12:15:24.784+0900: 324.271: [CMS-concurrent-mark-start]
2014-04-09T12:15:24.866+0900: 324.353: [GC (Allocation Failure) 324.353: [ParNew: 116013K->13056K(118016K), 0.0656673 secs] 9062150K->9007401K(25152768K), 0.0658495 secs] [Times: user=0.68 sys=0.01, real=0.06 secs] 
2014-04-09T12:15:24.994+0900: 324.481: [GC (Allocation Failure) 324.481: [ParNew: 118016K->13056K(118016K), 0.0471332 secs] 9112361K->9046140K(25152768K), 0.0473059 secs] [Times: user=0.52 sys=0.00, real=0.05 secs] 
2014-04-09T12:15:25.161+0900: 324.648: [GC (Allocation Failure) 324.648: [ParNew: 109140K->13056K(118016K), 0.0611644 secs] 9142224K->9076317K(25152768K), 0.0613377 secs] [Times: user=0.58 sys=0.04, real=0.06 secs] 
2014-04-09T12:15:25.296+0900: 324.783: [GC (Allocation Failure) 324.783: [ParNew: 118016K->13056K(118016K), 0.0568544 secs] 9181277K->9129821K(25152768K), 0.0570260 secs] [Times: user=0.63 sys=0.01, real=0.06 secs] 
2014-04-09T12:15:25.431+0900: 324.917: [GC (Allocation Failure) 324.917: [ParNew: 118016K->13056K(118016K), 0.0493407 secs] 9234781K->9174096K(25152768K), 0.0495106 secs] [Times: user=0.52 sys=0.01, real=0.05 secs] 
2014-04-09T12:15:25.624+0900: 325.111: [GC (Allocation Failure) 325.111: [ParNew: 112088K->13056K(118016K), 0.0591064 secs] 9273129K->9205741K(25152768K), 0.0592771 secs] [Times: user=0.61 sys=0.02, real=0.06 secs] 
2014-04-09T12:15:25.755+0900: 325.242: [GC (Allocation Failure) 325.242: [ParNew: 118004K->13056K(118016K), 0.0464482 secs] 9310689K->9258671K(25152768K), 0.0466216 secs] [Times: user=0.53 sys=0.01, real=0.05 secs] 
2014-04-09T12:15:25.873+0900: 325.360: [GC (Allocation Failure) 325.360: [ParNew: 118016K->13056K(118016K), 0.0650434 secs] 9363631K->9298633K(25152768K), 0.0652236 secs] [Times: user=0.47 sys=0.03, real=0.07 secs] 
2014-04-09T12:15:26.080+0900: 325.566: [GC (Allocation Failure) 325.566: [ParNew: 113966K->13056K(118016K), 0.0592571 secs] 9399543K->9328634K(25152768K), 0.0594262 secs] [Times: user=0.61 sys=0.02, real=0.06 secs] 
2014-04-09T12:15:26.645+0900: 326.131: [CMS-concurrent-mark: 1.341/1.861 secs] [Times: user=12.20 sys=0.41, real=1.86 secs] 
2014-04-09T12:15:26.645+0900: 326.132: [CMS-concurrent-preclean-start]
2014-04-09T12:15:27.043+0900: 326.530: [CMS-concurrent-preclean: 0.361/0.398 secs] [Times: user=0.40 sys=0.00, real=0.40 secs] 
2014-04-09T12:15:27.044+0900: 326.530: [CMS-concurrent-abortable-preclean-start]
2014-04-09T12:15:27.676+0900: 327.162: [GC (Allocation Failure) 327.162: [ParNew: 118012K->13056K(118016K), 0.0489333 secs] 9433590K->9369420K(25152768K), 0.0491071 secs] [Times: user=0.61 sys=0.00, real=0.05 secs] 
2014-04-09T12:15:27.859+0900: 327.345: [CMS-concurrent-abortable-preclean: 0.519/0.815 secs] [Times: user=1.30 sys=0.02, real=0.82 secs] 
2014-04-09T12:15:27.860+0900: 327.346: [GC (Allocation Failure) 327.346: [ParNew: 118016K->13056K(118016K), 0.0854275 secs] 9474380K->9425161K(25152768K), 0.0855768 secs] [Times: user=0.67 sys=0.02, real=0.08 secs] 
2014-04-09T12:15:27.946+0900: 327.432: [GC (CMS Final Remark) [YG occupancy: 13344 K (118016 K)]327.432: [Rescan (parallel) , 0.0157528 secs]327.448: [weak refs processing, 0.0001166 secs]327.448: [class unloading, 0.0414955 secs]327.490: [scrub symbol table, 0.0042937 secs]327.494: [scrub string table, 0.0012162 secs][1 CMS-remark: 9412105K(25034752K)] 9425449K(25152768K), 0.0698471 secs] [Times: user=0.25 sys=0.00, real=0.07 secs] 
2014-04-09T12:15:28.016+0900: 327.502: [CMS-concurrent-sweep-start]
2014-04-09T12:15:28.149+0900: 327.635: [GC (Allocation Failure) 327.635: [ParNew: 116489K->13056K(118016K), 0.0527144 secs] 9406425K->9331243K(25152768K), 0.0528898 secs] [Times: user=0.64 sys=0.00, real=0.05 secs] 
2014-04-09T12:15:28.239+0900: 327.726: [GC (Allocation Failure) 327.726: [ParNew: 116509K->13056K(118016K), 0.0409515 secs] 9389801K->9325867K(25152768K), 0.0411256 secs] [Times: user=0.52 sys=0.01, real=0.04 secs] 
2014-04-09T12:15:28.360+0900: 327.846: [GC (Allocation Failure) 327.846: [ParNew: 118016K->13056K(118016K), 0.0558926 secs] 9337889K->9282196K(25152768K), 0.0560616 secs] [Times: user=0.60 sys=0.01, real=0.05 secs] 
2014-04-09T12:15:28.547+0900: 328.033: [GC (Allocation Failure) 328.034: [ParNew: 118016K->13056K(118016K), 0.0446834 secs] 9243108K->9163288K(25152768K), 0.0448522 secs] [Times: user=0.53 sys=0.00, real=0.05 secs] 
2014-04-09T12:15:28.631+0900: 328.117: [GC (Allocation Failure) 328.117: [ParNew: 116224K->12596K(118016K), 0.0482960 secs] 9220391K->9157884K(25152768K), 0.0484743 secs] [Times: user=0.61 sys=0.00, real=0.05 secs] 
2014-04-09T12:15:28.769+0900: 328.255: [GC (Allocation Failure) 328.255: [ParNew: 117556K->13056K(118016K), 0.0518301 secs] 9165555K->9091243K(25152768K), 0.0519949 secs] [Times: user=0.47 sys=0.01, real=0.05 secs] 
2014-04-09T12:15:28.938+0900: 328.425: [GC (Allocation Failure) 328.425: [ParNew: 118004K->12899K(118016K), 0.0478921 secs] 9062744K->8990957K(25152768K), 0.0480557 secs] [Times: user=0.57 sys=0.01, real=0.04 secs] 
2014-04-09T12:15:29.019+0900: 328.505: [GC (Allocation Failure) 328.505: [ParNew: 109031K->5213K(118016K), 0.0427245 secs] 9052381K->8989207K(25152768K), 0.0428905 secs] [Times: user=0.55 sys=0.00, real=0.04 secs] 
2014-04-09T12:15:29.190+0900: 328.676: [GC (Allocation Failure) 328.676: [ParNew: 110173K->13056K(118016K), 0.0492594 secs] 8937057K->8871063K(25152768K), 0.0494217 secs] [Times: user=0.50 sys=0.01, real=0.05 secs] 
2014-04-09T12:15:29.360+0900: 328.847: [GC (Allocation Failure) 328.847: [ParNew: 118008K->13056K(118016K), 0.0497982 secs] 8829759K->8759231K(25152768K), 0.0499754 secs] [Times: user=0.60 sys=0.01, real=0.05 secs] 
2014-04-09T12:15:29.449+0900: 328.935: [GC (Allocation Failure) 328.936: [ParNew: 118016K->6433K(118016K), 0.0440346 secs] 8828834K->8768055K(25152768K), 0.0442073 secs] [Times: user=0.56 sys=0.00, real=0.04 secs] 
2014-04-09T12:15:29.637+0900: 329.124: [GC (Allocation Failure) 329.124: [ParNew: 111393K->13056K(118016K), 0.0580800 secs] 8712151K->8644744K(25152768K), 0.0582651 secs] [Times: user=0.62 sys=0.01, real=0.05 secs] 
2014-04-09T12:15:29.804+0900: 329.290: [GC (Allocation Failure) 329.290: [ParNew: 111587K->13056K(118016K), 0.0483657 secs] 8613314K->8545020K(25152768K), 0.0485361 secs] [Times: user=0.58 sys=0.00, real=0.05 secs] 
2014-04-09T12:15:29.942+0900: 329.428: [GC (Allocation Failure) 329.428: [ParNew: 118014K->13056K(118016K), 0.0417726 secs] 8529393K->8469717K(25152768K), 0.0419399 secs] [Times: user=0.52 sys=0.01, real=0.04 secs] 
2014-04-09T12:15:30.141+0900: 329.628: [GC (Allocation Failure) 329.628: [ParNew: 110272K->13056K(118016K), 0.0418593 secs] 8358491K->8291152K(25152768K), 0.0420247 secs] [Times: user=0.51 sys=0.01, real=0.04 secs] 
2014-04-09T12:15:30.356+0900: 329.842: [GC (Allocation Failure) 329.842: [ParNew: 112539K->13056K(118016K), 0.0470436 secs] 8163310K->8086083K(25152768K), 0.0472059 secs] [Times: user=0.55 sys=0.01, real=0.05 secs] 
2014-04-09T12:15:30.501+0900: 329.987: [GC (Allocation Failure) 329.987: [ParNew: 118016K->13056K(118016K), 0.0466576 secs] 8041819K->7979216K(25152768K), 0.0468252 secs] [Times: user=0.58 sys=0.01, real=0.05 secs] 
2014-04-09T12:15:30.628+0900: 330.114: [GC (Allocation Failure) 330.114: [ParNew: 117321K->13056K(118016K), 0.0473589 secs] 7982649K->7916346K(25152768K), 0.0475196 secs] [Times: user=0.54 sys=0.01, real=0.04 secs] 
2014-04-09T12:15:30.748+0900: 330.234: [GC (Allocation Failure) 330.234: [ParNew: 112039K->12804K(118016K), 0.0445429 secs] 7824187K->7753942K(25152768K), 0.0447043 secs] [Times: user=0.55 sys=0.00, real=0.04 secs] 
2014-04-09T12:15:30.873+0900: 330.360: [GC (Allocation Failure) 330.360: [ParNew: 117764K->13056K(118016K), 0.0559033 secs] 7531402K->7463189K(25152768K), 0.0560602 secs] [Times: user=0.65 sys=0.00, real=0.06 secs] 
2014-04-09T12:15:30.987+0900: 330.473: [CMS-concurrent-sweep: 1.987/2.971 secs] [Times: user=16.86 sys=0.34, real=2.97 secs] 
2014-04-09T12:15:30.987+0900: 330.473: [CMS-concurrent-reset-start]
2014-04-09T12:15:31.017+0900: 330.503: [GC (Allocation Failure) 330.503: [ParNew: 118016K->13056K(118016K), 0.0484115 secs] 7198760K->7145332K(25152768K), 0.0485698 secs] [Times: user=0.59 sys=0.01, real=0.05 secs] 
2014-04-09T12:15:31.128+0900: 330.614: [CMS-concurrent-reset: 0.091/0.141 secs] [Times: user=0.87 sys=0.03, real=0.15 secs] 
2014-04-09T12:15:31.140+0900: 330.627: [GC (Allocation Failure) 330.627: [ParNew: 117116K->13056K(118016K), 0.0510820 secs] 7249392K->7187860K(25152768K), 0.0512428 secs] [Times: user=0.63 sys=0.01, real=0.05 secs] 
2014-04-09T12:15:31.279+0900: 330.766: [GC (Allocation Failure) 330.766: [ParNew: 117988K->13056K(118016K), 0.0497924 secs] 7292793K->7216629K(25152768K), 0.0499604 secs] [Times: user=0.56 sys=0.01, real=0.05 secs] 
2014-04-09T12:15:31.418+0900: 330.905: [GC (Allocation Failure) 330.905: [ParNew: 110407K->13056K(118016K), 0.0503179 secs] 7313980K->7268062K(25152768K), 0.0504861 secs] [Times: user=0.60 sys=0.01, real=0.05 secs] 
2014-04-09T12:15:31.531+0900: 331.017: [GC (Allocation Failure) 331.017: [ParNew: 116525K->7214K(118016K), 0.0510590 secs] 7371531K->7295513K(25152768K), 0.0512320 secs] [Times: user=0.64 sys=0.00, real=0.05 secs] 
2014-04-09T12:15:31.675+0900: 331.161: [GC (Allocation Failure) 331.161: [ParNew: 112160K->13056K(118016K), 0.0567652 secs] 7400458K->7328374K(25152768K), 0.0569367 secs] [Times: user=0.63 sys=0.01, real=0.06 secs] 
2014-04-09T12:15:31.819+0900: 331.305: [GC (Allocation Failure) 331.305: [ParNew: 118016K->13056K(118016K), 0.0616691 secs] 7433334K->7379264K(25152768K), 0.0618406 secs] [Times: user=0.74 sys=0.01, real=0.06 secs] 
2014-04-09T12:15:31.950+0900: 331.436: [GC (Allocation Failure) 331.436: [ParNew: 118016K->13056K(118016K), 0.0520339 secs] 7484224K->7427844K(25152768K), 0.0522041 secs] [Times: user=0.63 sys=0.00, real=0.05 secs] 
2014-04-09T12:15:32.092+0900: 331.579: [GC (Allocation Failure) 331.579: [ParNew: 118016K->13056K(118016K), 0.0508562 secs] 7532804K->7453815K(25152768K), 0.0510346 secs] [Times: user=0.59 sys=0.00, real=0.05 secs] 
2014-04-09T12:15:32.232+0900: 331.719: [GC (Allocation Failure) 331.719: [ParNew: 118016K->13056K(118016K), 0.0466484 secs] 7558775K->7506717K(25152768K), 0.0468198 secs] [Times: user=0.55 sys=0.01, real=0.05 secs] 
2014-04-09T12:15:32.348+0900: 331.835: [GC (Allocation Failure) 331.835: [ParNew: 118016K->13056K(118016K), 0.0479780 secs] 7611677K->7546972K(25152768K), 0.0481484 secs] [Times: user=0.57 sys=0.00, real=0.04 secs] 
2014-04-09T12:15:32.398+0900: 331.884: [GC (CMS Initial Mark) [1 CMS-initial-mark: 7533916K(25034752K)] 7547377K(25152768K), 0.0022868 secs] [Times: user=0.01 sys=0.00, real=0.00 secs] 
2014-04-09T12:15:32.400+0900: 331.887: [CMS-concurrent-mark-start]
2014-04-09T12:15:32.497+0900: 331.984: [GC (Allocation Failure) 331.984: [ParNew: 118003K->13056K(118016K), 0.0509005 secs] 7651920K->7573365K(25152768K), 0.0510736 secs] [Times: user=0.60 sys=0.00, real=0.05 secs] 
2014-04-09T12:15:32.629+0900: 332.115: [GC (Allocation Failure) 332.115: [ParNew: 118008K->13056K(118016K), 0.0465746 secs] 7678318K->7636860K(25152768K), 0.0467444 secs] [Times: user=0.56 sys=0.01, real=0.04 secs] 
2014-04-09T12:15:32.777+0900: 332.264: [GC (Allocation Failure) 332.264: [ParNew: 118016K->13054K(118016K), 0.0494025 secs] 7741820K->7669968K(25152768K), 0.0495754 secs] [Times: user=0.60 sys=0.01, real=0.05 secs] 
2014-04-09T12:15:32.909+0900: 332.395: [GC (Allocation Failure) 332.395: [ParNew: 117428K->13056K(118016K), 0.0547226 secs] 7774342K->7706676K(25152768K), 0.0548943 secs] [Times: user=0.63 sys=0.01, real=0.05 secs] 
2014-04-09T12:15:33.061+0900: 332.547: [GC (Allocation Failure) 332.547: [ParNew: 118016K->13056K(118016K), 0.0609725 secs] 7811636K->7761547K(25152768K), 0.0611443 secs] [Times: user=0.70 sys=0.01, real=0.06 secs] 
2014-04-09T12:15:33.216+0900: 332.703: [GC (Allocation Failure) 332.703: [ParNew: 118016K->13056K(118016K), 0.0471997 secs] 7866507K->7787572K(25152768K), 0.0473676 secs] [Times: user=0.52 sys=0.01, real=0.05 secs] 
2014-04-09T12:15:33.358+0900: 332.845: [GC (Allocation Failure) 332.845: [ParNew: 118007K->13056K(118016K), 0.0559549 secs] 7892523K->7828364K(25152768K), 0.0561190 secs] [Times: user=0.66 sys=0.00, real=0.05 secs] 
2014-04-09T12:15:33.468+0900: 332.955: [GC (Allocation Failure) 332.955: [ParNew: 118016K->13056K(118016K), 0.0483832 secs] 7933324K->7876917K(25152768K), 0.0485477 secs] [Times: user=0.60 sys=0.00, real=0.05 secs] 
2014-04-09T12:15:33.639+0900: 333.125: [GC (Allocation Failure) 333.125: [ParNew: 116143K->13056K(118016K), 0.0525503 secs] 7980004K->7914165K(25152768K), 0.0527323 secs] [Times: user=0.57 sys=0.01, real=0.05 secs] 
2014-04-09T12:15:33.774+0900: 333.260: [GC (Allocation Failure) 333.260: [ParNew: 116405K->6907K(118016K), 0.0477157 secs] 8017515K->7945364K(25152768K), 0.0478799 secs] [Times: user=0.58 sys=0.01, real=0.05 secs] 
2014-04-09T12:15:33.878+0900: 333.364: [GC (Allocation Failure) 333.365: [ParNew: 108596K->13056K(118016K), 0.0435467 secs] 8047052K->7985650K(25152768K), 0.0437076 secs] [Times: user=0.53 sys=0.00, real=0.05 secs] 
2014-04-09T12:15:34.020+0900: 333.506: [GC (Allocation Failure) 333.506: [ParNew: 118016K->13056K(118016K), 0.0486183 secs] 8090610K->8015572K(25152768K), 0.0487820 secs] [Times: user=0.56 sys=0.00, real=0.05 secs] 
2014-04-09T12:15:34.154+0900: 333.640: [GC (Allocation Failure) 333.640: [ParNew: 111470K->13056K(118016K), 0.0458752 secs] 8113987K->8054379K(25152768K), 0.0460353 secs] [Times: user=0.54 sys=0.00, real=0.05 secs] 
2014-04-09T12:15:34.253+0900: 333.739: [GC (Allocation Failure) 333.739: [ParNew: 118016K->13056K(118016K), 0.0495557 secs] 8159339K->8107447K(25152768K), 0.0497261 secs] [Times: user=0.62 sys=0.00, real=0.05 secs] 
2014-04-09T12:15:34.419+0900: 333.905: [GC (Allocation Failure) 333.905: [ParNew: 117057K->13056K(118016K), 0.0536602 secs] 8211448K->8138363K(25152768K), 0.0538292 secs] [Times: user=0.60 sys=0.01, real=0.05 secs] 
2014-04-09T12:15:34.571+0900: 334.058: [GC (Allocation Failure) 334.058: [ParNew: 118009K->13056K(118016K), 0.0493119 secs] 8243316K->8185556K(25152768K), 0.0494910 secs] [Times: user=0.58 sys=0.00, real=0.05 secs] 
2014-04-09T12:15:34.678+0900: 334.165: [GC (Allocation Failure) 334.165: [ParNew: 118015K->13056K(118016K), 0.0458070 secs] 8290516K->8232322K(25152768K), 0.0460018 secs] [Times: user=0.57 sys=0.00, real=0.04 secs] 
2014-04-09T12:15:34.810+0900: 334.296: [CMS-concurrent-mark: 1.537/2.410 secs] [Times: user=19.23 sys=0.39, real=2.41 secs] 
2014-04-09T12:15:34.810+0900: 334.297: [CMS-concurrent-preclean-start]
2014-04-09T12:15:34.843+0900: 334.330: [GC (Allocation Failure) 334.330: [ParNew: 118016K->13056K(118016K), 0.0533932 secs] 8337282K->8265592K(25152768K), 0.0535647 secs] [Times: user=0.61 sys=0.00, real=0.05 secs] 
2014-04-09T12:15:34.983+0900: 334.469: [GC (Allocation Failure) 334.469: [ParNew: 115878K->13056K(118016K), 0.0545194 secs] 8368415K->8312491K(25152768K), 0.0546895 secs] [Times: user=0.63 sys=0.01, real=0.05 secs] 
2014-04-09T12:15:35.092+0900: 334.579: [GC (Allocation Failure) 334.579: [ParNew: 118016K->13056K(118016K), 0.0520997 secs] 8417451K->8347066K(25152768K), 0.0522676 secs] [Times: user=0.61 sys=0.00, real=0.05 secs] 
2014-04-09T12:15:35.257+0900: 334.744: [GC (Allocation Failure) 334.744: [ParNew: 115151K->13056K(118016K), 0.0633036 secs] 8449161K->8378827K(25152768K), 0.0634726 secs] [Times: user=0.73 sys=0.01, real=0.07 secs] 
2014-04-09T12:15:35.398+0900: 334.885: [GC (Allocation Failure) 334.885: [ParNew: 116705K->13056K(118016K), 0.0499892 secs] 8482477K->8418761K(25152768K), 0.0501690 secs] [Times: user=0.59 sys=0.02, real=0.06 secs] 
2014-04-09T12:15:35.509+0900: 334.996: [GC (Allocation Failure) 334.996: [ParNew: 118016K->13056K(118016K), 0.0560029 secs] 8523721K->8455157K(25152768K), 0.0561707 secs] [Times: user=0.64 sys=0.01, real=0.05 secs] 
2014-04-09T12:15:35.799+0900: 335.285: [GC (Allocation Failure) 335.285: [ParNew: 115107K->13056K(118016K), 0.1740099 secs] 8557208K->8496404K(25152768K), 0.1741791 secs] [Times: user=2.06 sys=0.00, real=0.17 secs] 
2014-04-09T12:15:36.070+0900: 335.557: [GC (Allocation Failure) 335.557: [ParNew: 118016K->12001K(118016K), 0.0465421 secs] 8601364K->8530667K(25152768K), 0.0467060 secs] [Times: user=0.57 sys=0.00, real=0.04 secs] 
2014-04-09T12:15:36.261+0900: 335.747: [GC (Allocation Failure) 335.747: [ParNew: 116951K->13056K(118016K), 0.0531990 secs] 8635617K->8568295K(25152768K), 0.0533609 secs] [Times: user=0.59 sys=0.01, real=0.05 secs] 
2014-04-09T12:15:36.459+0900: 335.946: [GC (Allocation Failure) 335.946: [ParNew: 118016K->13056K(118016K), 0.0559557 secs] 8673255K->8608864K(25152768K), 0.0561153 secs] [Times: user=0.63 sys=0.02, real=0.05 secs] 
2014-04-09T12:15:36.596+0900: 336.082: [GC (Allocation Failure) 336.082: [ParNew: 117738K->13056K(118016K), 0.0427672 secs] 8713547K->8642814K(25152768K), 0.0429250 secs] [Times: user=0.53 sys=0.01, real=0.05 secs] 
2014-04-09T12:15:36.713+0900: 336.200: [GC (Allocation Failure) 336.200: [ParNew: 117987K->13056K(118016K), 0.1547182 secs] 8747745K->8694983K(25152768K), 0.1548748 secs] [Times: user=1.89 sys=0.01, real=0.15 secs] 
2014-04-09T12:15:37.005+0900: 336.492: [GC (Allocation Failure) 336.492: [ParNew: 117002K->13056K(118016K), 0.0517433 secs] 8798929K->8720693K(25152768K), 0.0519079 secs] [Times: user=0.59 sys=0.00, real=0.05 secs] 
2014-04-09T12:15:37.174+0900: 336.661: [GC (Allocation Failure) 336.661: [ParNew: 118016K->13056K(118016K), 0.0574649 secs] 8825653K->8766675K(25152768K), 0.0576352 secs] [Times: user=0.61 sys=0.01, real=0.06 secs] 
2014-04-09T12:15:37.345+0900: 336.832: [GC (Allocation Failure) 336.832: [ParNew: 115242K->13056K(118016K), 0.0532568 secs] 8868861K->8793385K(25152768K), 0.0534105 secs] [Times: user=0.59 sys=0.01, real=0.06 secs] 
2014-04-09T12:15:37.452+0900: 336.938: [GC (Allocation Failure) 336.938: [ParNew: 118016K->13056K(118016K), 0.0495173 secs] 8898345K->8829406K(25152768K), 0.0496664 secs] [Times: user=0.59 sys=0.00, real=0.05 secs] 
2014-04-09T12:15:37.564+0900: 337.051: [GC (Allocation Failure) 337.051: [ParNew: 118016K->13056K(118016K), 0.0654433 secs] 8934366K->8872851K(25152768K), 0.0655959 secs] [Times: user=0.68 sys=0.01, real=0.07 secs] 
2014-04-09T12:15:37.737+0900: 337.223: [CMS-concurrent-preclean: 1.616/2.927 secs] [Times: user=18.62 sys=0.30, real=2.92 secs] 
2014-04-09T12:15:37.737+0900: 337.223: [CMS-concurrent-abortable-preclean-start]
2014-04-09T12:15:37.747+0900: 337.233: [GC (Allocation Failure) 337.234: [ParNew: 117996K->13056K(118016K), 0.0415854 secs] 8977792K->8892484K(25152768K), 0.0417238 secs] [Times: user=0.50 sys=0.00, real=0.05 secs] 
2014-04-09T12:15:37.830+0900: 337.316: [GC (Allocation Failure) 337.316: [ParNew: 118016K->13056K(118016K), 0.0448171 secs] 8997444K->8946740K(25152768K), 0.0449650 secs] [Times: user=0.56 sys=0.00, real=0.04 secs] 
2014-04-09T12:15:37.947+0900: 337.433: [GC (Allocation Failure) 337.433: [ParNew: 118016K->13056K(118016K), 0.0745450 secs] 9051700K->8990836K(25152768K), 0.0746920 secs] [Times: user=0.67 sys=0.02, real=0.08 secs] 
2014-04-09T12:15:38.168+0900: 337.654: [CMS-concurrent-abortable-preclean: 0.251/0.431 secs] [Times: user=2.49 sys=0.06, real=0.43 secs] 
2014-04-09T12:15:38.168+0900: 337.655: [GC (Allocation Failure) 337.655: [ParNew: 118016K->13056K(118016K), 0.0502600 secs] 9095796K->9018918K(25152768K), 0.0503894 secs] [Times: user=0.53 sys=0.01, real=0.05 secs] 
2014-04-09T12:15:38.221+0900: 337.708: [GC (CMS Final Remark) [YG occupancy: 23217 K (118016 K)]337.708: [Rescan (parallel) , 0.0181597 secs]337.726: [weak refs processing, 0.0000521 secs]337.726: [class unloading, 0.0322358 secs]337.758: [scrub symbol table, 0.0034461 secs]337.762: [scrub string table, 0.0009883 secs][1 CMS-remark: 9005862K(25034752K)] 9029079K(25152768K), 0.0600420 secs] [Times: user=0.27 sys=0.00, real=0.06 secs] 
2014-04-09T12:15:38.282+0900: 337.769: [CMS-concurrent-sweep-start]
2014-04-09T12:15:38.344+0900: 337.830: [GC (Allocation Failure) 337.830: [ParNew: 118016K->13056K(118016K), 0.0459179 secs] 9120954K->9062350K(25152768K), 0.0460727 secs] [Times: user=0.57 sys=0.00, real=0.05 secs] 
2014-04-09T12:15:38.597+0900: 338.083: [GC (Allocation Failure) 338.083: [ParNew: 118005K->13056K(118016K), 0.0409881 secs] 9160445K->9084780K(25152768K), 0.0411407 secs] [Times: user=0.49 sys=0.01, real=0.04 secs] 
2014-04-09T12:15:38.778+0900: 338.265: [GC (Allocation Failure) 338.265: [ParNew: 116198K->13056K(118016K), 0.0429684 secs] 9184798K->9095260K(25152768K), 0.0431447 secs] [Times: user=0.52 sys=0.00, real=0.05 secs] 
2014-04-09T12:15:38.953+0900: 338.439: [GC (Allocation Failure) 338.439: [ParNew: 118014K->13056K(118016K), 0.0460392 secs] 9186510K->9124976K(25152768K), 0.0461952 secs] [Times: user=0.54 sys=0.02, real=0.05 secs] 
2014-04-09T12:15:39.185+0900: 338.671: [GC (Allocation Failure) 338.671: [ParNew: 118010K->13056K(118016K), 0.0434669 secs] 9209468K->9133260K(25152768K), 0.0436310 secs] [Times: user=0.53 sys=0.00, real=0.04 secs] 
2014-04-09T12:15:39.379+0900: 338.865: [GC (Allocation Failure) 338.865: [ParNew: 112568K->13056K(118016K), 0.0494533 secs] 9222486K->9145945K(25152768K), 0.0496089 secs] [Times: user=0.54 sys=0.02, real=0.05 secs] 
2014-04-09T12:15:39.517+0900: 339.004: [GC (Allocation Failure) 339.004: [ParNew: 110234K->8790K(118016K), 0.0439170 secs] 9234052K->9180402K(25152768K), 0.0440706 secs] [Times: user=0.54 sys=0.01, real=0.05 secs] 
2014-04-09T12:15:39.646+0900: 339.133: [GC (Allocation Failure) 339.133: [ParNew: 113750K->13056K(118016K), 0.0734938 secs] 9255545K->9194481K(25152768K), 0.0736516 secs] [Times: user=0.62 sys=0.02, real=0.08 secs] 
2014-04-09T12:15:39.747+0900: 339.233: [CMS-concurrent-sweep: 1.069/1.465 secs] [Times: user=6.68 sys=0.18, real=1.46 secs] 
2014-04-09T12:15:39.747+0900: 339.233: [CMS-concurrent-reset-start]
2014-04-09T12:15:39.834+0900: 339.321: [GC (Allocation Failure) 339.321: [ParNew: 117993K->13056K(118016K), 0.0495117 secs] 8422335K->8351875K(25152768K), 0.0496678 secs] [Times: user=0.55 sys=0.01, real=0.05 secs] 
2014-04-09T12:15:39.890+0900: 339.376: [CMS-concurrent-reset: 0.092/0.143 secs] [Times: user=0.83 sys=0.02, real=0.15 secs] 
2014-04-09T12:15:39.916+0900: 339.403: [GC (Allocation Failure) 339.403: [ParNew: 108478K->7405K(118016K), 0.0410708 secs] 8447297K->8386867K(25152768K), 0.0412256 secs] [Times: user=0.53 sys=0.01, real=0.04 secs] 
2014-04-09T12:15:39.960+0900: 339.446: [GC (CMS Initial Mark) [1 CMS-initial-mark: 8379461K(25034752K)] 8397211K(25152768K), 0.0016898 secs] [Times: user=0.01 sys=0.00, real=0.00 secs] 
2014-04-09T12:15:39.962+0900: 339.448: [CMS-concurrent-mark-start]
2014-04-09T12:15:40.052+0900: 339.539: [GC (Allocation Failure) 339.539: [ParNew: 112365K->13056K(118016K), 0.0678905 secs] 8491827K->8424375K(25152768K), 0.0680459 secs] [Times: user=0.50 sys=0.02, real=0.07 secs] 
2014-04-09T12:15:40.226+0900: 339.713: [GC (Allocation Failure) 339.713: [ParNew: 110698K->13056K(118016K), 0.0539965 secs] 8522018K->8457832K(25152768K), 0.0541661 secs] [Times: user=0.59 sys=0.00, real=0.06 secs] 
2014-04-09T12:15:40.316+0900: 339.802: [GC (Allocation Failure) 339.802: [ParNew: 109569K->4767K(118016K), 0.0389700 secs] 8554346K->8490188K(25152768K), 0.0391467 secs] [Times: user=0.50 sys=0.00, real=0.04 secs] 
2014-04-09T12:15:40.445+0900: 339.931: [GC (Allocation Failure) 339.932: [ParNew: 109727K->13056K(118016K), 0.0741296 secs] 8595148K->8529272K(25152768K), 0.0743042 secs] [Times: user=0.53 sys=0.02, real=0.08 secs] 
2014-04-09T12:15:40.642+0900: 340.129: [GC (Allocation Failure) 340.129: [ParNew: 115284K->13056K(118016K), 0.0514003 secs] 8631501K->8562621K(25152768K), 0.0515702 secs] [Times: user=0.56 sys=0.01, real=0.05 secs] 
2014-04-09T12:15:40.730+0900: 340.217: [GC (Allocation Failure) 340.217: [ParNew: 118014K->13056K(118016K), 0.0455512 secs] 8667580K->8604185K(25152768K), 0.0457246 secs] [Times: user=0.58 sys=0.00, real=0.04 secs] 
2014-04-09T12:15:40.899+0900: 340.385: [GC (Allocation Failure) 340.385: [ParNew: 118016K->13056K(118016K), 0.0821799 secs] 8709145K->8634018K(25152768K), 0.0823535 secs] [Times: user=0.65 sys=0.03, real=0.09 secs] 
2014-04-09T12:15:41.086+0900: 340.573: [GC (Allocation Failure) 340.573: [ParNew: 110736K->13056K(118016K), 0.0520927 secs] 8731699K->8665103K(25152768K), 0.0522645 secs] [Times: user=0.61 sys=0.01, real=0.05 secs] 
2014-04-09T12:15:41.189+0900: 340.676: [GC (Allocation Failure) 340.676: [ParNew: 118015K->13056K(118016K), 0.0467405 secs] 8770063K->8703566K(25152768K), 0.0469140 secs] [Times: user=0.58 sys=0.01, real=0.05 secs] 
2014-04-09T12:15:41.347+0900: 340.833: [GC (Allocation Failure) 340.833: [ParNew: 114973K->13056K(118016K), 0.0665331 secs] 8805484K->8748427K(25152768K), 0.0667069 secs] [Times: user=0.66 sys=0.02, real=0.07 secs] 
2014-04-09T12:15:41.506+0900: 340.993: [GC (Allocation Failure) 340.993: [ParNew: 115384K->13056K(118016K), 0.0502835 secs] 8850756K->8781615K(25152768K), 0.0504551 secs] [Times: user=0.58 sys=0.01, real=0.05 secs] 
2014-04-09T12:15:41.666+0900: 341.152: [GC (Allocation Failure) 341.152: [ParNew: 118016K->13056K(118016K), 0.0667686 secs] 8886575K->8838780K(25152768K), 0.0669400 secs] [Times: user=0.71 sys=0.01, real=0.07 secs] 
2014-04-09T12:15:41.858+0900: 341.345: [GC (Allocation Failure) 341.345: [ParNew: 118014K->13056K(118016K), 0.0644982 secs] 8943738K->8880983K(25152768K), 0.0646652 secs] [Times: user=0.66 sys=0.02, real=0.07 secs] 
2014-04-09T12:15:41.994+0900: 341.480: [GC (Allocation Failure) 341.480: [ParNew: 117170K->9290K(118016K), 0.0406684 secs] 8985097K->8912430K(25152768K), 0.0408385 secs] [Times: user=0.50 sys=0.00, real=0.04 secs] 
2014-04-09T12:15:42.124+0900: 341.611: [GC (Allocation Failure) 341.611: [ParNew: 114229K->13056K(118016K), 0.0595456 secs] 9017369K->8954171K(25152768K), 0.0597120 secs] [Times: user=0.62 sys=0.00, real=0.06 secs] 
2014-04-09T12:15:42.277+0900: 341.763: [GC (Allocation Failure) 341.763: [ParNew: 118015K->13056K(118016K), 0.0563494 secs] 9059131K->8994290K(25152768K), 0.0565116 secs] [Times: user=0.62 sys=0.01, real=0.06 secs] 
2014-04-09T12:15:42.398+0900: 341.885: [GC (Allocation Failure) 341.885: [ParNew: 114574K->13056K(118016K), 0.0576842 secs] 9095808K->9041636K(25152768K), 0.0578601 secs] [Times: user=0.60 sys=0.02, real=0.06 secs] 
2014-04-09T12:15:42.538+0900: 342.024: [GC (Allocation Failure) 342.024: [ParNew: 118016K->13056K(118016K), 0.0632496 secs] 9146596K->9077813K(25152768K), 0.0634121 secs] [Times: user=0.63 sys=0.01, real=0.07 secs] 
2014-04-09T12:15:42.750+0900: 342.237: [GC (Allocation Failure) 342.237: [ParNew: 118016K->13056K(118016K), 0.0495710 secs] 9182773K->9109353K(25152768K), 0.0497465 secs] [Times: user=0.43 sys=0.02, real=0.05 secs] 
2014-04-09T12:15:42.813+0900: 342.300: [CMS-concurrent-mark: 1.744/2.852 secs] [Times: user=21.51 sys=0.58, real=2.85 secs] 
2014-04-09T12:15:42.813+0900: 342.300: [CMS-concurrent-preclean-start]
2014-04-09T12:15:42.886+0900: 342.373: [GC (Allocation Failure) 342.373: [ParNew: 118016K->13056K(118016K), 0.0510005 secs] 9214313K->9160021K(25152768K), 0.0511680 secs] [Times: user=0.59 sys=0.02, real=0.05 secs] 
2014-04-09T12:15:43.006+0900: 342.493: [GC (Allocation Failure) 342.493: [ParNew: 113910K->13056K(118016K), 0.0491449 secs] 9260875K->9187717K(25152768K), 0.0493048 secs] [Times: user=0.58 sys=0.01, real=0.05 secs] 
2014-04-09T12:15:43.138+0900: 342.625: [GC (Allocation Failure) 342.625: [ParNew: 118016K->13056K(118016K), 0.0621890 secs] 9292677K->9237557K(25152768K), 0.0623580 secs] [Times: user=0.51 sys=0.03, real=0.07 secs] 
2014-04-09T12:15:43.280+0900: 342.767: [GC (Allocation Failure) 342.767: [ParNew: 118015K->13056K(118016K), 0.0501001 secs] 9342517K->9267269K(25152768K), 0.0502738 secs] [Times: user=0.61 sys=0.01, real=0.05 secs] 
2014-04-09T12:15:43.408+0900: 342.895: [GC (Allocation Failure) 342.895: [ParNew: 109912K->13056K(118016K), 0.0506994 secs] 9364125K->9298335K(25152768K), 0.0508671 secs] [Times: user=0.60 sys=0.00, real=0.05 secs] 
2014-04-09T12:15:43.546+0900: 343.033: [GC (Allocation Failure) 343.033: [ParNew: 117914K->13056K(118016K), 0.0508733 secs] 9403194K->9335878K(25152768K), 0.0510437 secs] [Times: user=0.48 sys=0.01, real=0.05 secs] 
2014-04-09T12:15:43.671+0900: 343.157: [GC (Allocation Failure) 343.157: [ParNew: 114418K->13056K(118016K), 0.0562079 secs] 9437240K->9376102K(25152768K), 0.0563793 secs] [Times: user=0.60 sys=0.01, real=0.05 secs] 
2014-04-09T12:15:43.802+0900: 343.289: [GC (Allocation Failure) 343.289: [ParNew: 118016K->13056K(118016K), 0.0481966 secs] 9481062K->9412985K(25152768K), 0.0483702 secs] [Times: user=0.59 sys=0.00, real=0.05 secs] 
2014-04-09T12:15:43.948+0900: 343.434: [GC (Allocation Failure) 343.434: [ParNew: 117998K->13056K(118016K), 0.0588084 secs] 9517927K->9442112K(25152768K), 0.0590024 secs] [Times: user=0.50 sys=0.03, real=0.06 secs] 
2014-04-09T12:15:44.087+0900: 343.574: [GC (Allocation Failure) 343.574: [ParNew: 118015K->13056K(118016K), 0.0494296 secs] 9547072K->9488731K(25152768K), 0.0496011 secs] [Times: user=0.60 sys=0.00, real=0.05 secs] 
2014-04-09T12:15:44.209+0900: 343.695: [GC (Allocation Failure) 343.696: [ParNew: 118006K->13056K(118016K), 0.0534715 secs] 9593681K->9524354K(25152768K), 0.0536416 secs] [Times: user=0.62 sys=0.01, real=0.06 secs] 
2014-04-09T12:15:44.348+0900: 343.834: [CMS-concurrent-preclean: 0.835/1.534 secs] [Times: user=9.22 sys=0.29, real=1.53 secs] 
2014-04-09T12:15:44.348+0900: 343.834: [CMS-concurrent-abortable-preclean-start]
2014-04-09T12:15:44.363+0900: 343.849: [GC (Allocation Failure) 343.849: [ParNew: 118016K->13056K(118016K), 0.0614193 secs] 9629314K->9558921K(25152768K), 0.0615882 secs] [Times: user=0.64 sys=0.02, real=0.06 secs] 
2014-04-09T12:15:44.510+0900: 343.997: [GC (Allocation Failure) 343.997: [ParNew: 118016K->13056K(118016K), 0.0465920 secs] 9663881K->9597668K(25152768K), 0.0467672 secs] [Times: user=0.57 sys=0.01, real=0.04 secs] 
2014-04-09T12:15:44.659+0900: 344.146: [CMS-concurrent-abortable-preclean: 0.192/0.311 secs] [Times: user=1.80 sys=0.06, real=0.32 secs] 
2014-04-09T12:15:44.660+0900: 344.146: [GC (Allocation Failure) 344.147: [ParNew: 118016K->13056K(118016K), 0.0507592 secs] 9702628K->9642448K(25152768K), 0.0509071 secs] [Times: user=0.61 sys=0.01, real=0.05 secs] 
2014-04-09T12:15:44.712+0900: 344.199: [GC (CMS Final Remark) [YG occupancy: 15297 K (118016 K)]344.199: [Rescan (parallel) , 0.0176894 secs]344.216: [weak refs processing, 0.0000728 secs]344.216: [class unloading, 0.0416329 secs]344.258: [scrub symbol table, 0.0042935 secs]344.262: [scrub string table, 0.0012155 secs][1 CMS-remark: 9629392K(25034752K)] 9644690K(25152768K), 0.0718281 secs] [Times: user=0.27 sys=0.00, real=0.07 secs] 
2014-04-09T12:15:44.784+0900: 344.271: [CMS-concurrent-sweep-start]
2014-04-09T12:15:44.877+0900: 344.364: [GC (Allocation Failure) 344.364: [ParNew: 118016K->13056K(118016K), 0.0610982 secs] 9743054K->9676701K(25152768K), 0.0612683 secs] [Times: user=0.63 sys=0.03, real=0.06 secs] 
2014-04-09T12:15:45.031+0900: 344.518: [GC (Allocation Failure) 344.518: [ParNew: 117619K->13056K(118016K), 0.0602711 secs] 9776373K->9702923K(25152768K), 0.0604398 secs] [Times: user=0.48 sys=0.01, real=0.06 secs] 
2014-04-09T12:15:45.157+0900: 344.643: [GC (Allocation Failure) 344.644: [ParNew: 118016K->10915K(118016K), 0.0488946 secs] 9803433K->9733718K(25152768K), 0.0490626 secs] [Times: user=0.62 sys=0.00, real=0.05 secs] 
2014-04-09T12:15:45.294+0900: 344.780: [GC (Allocation Failure) 344.780: [ParNew: 115875K->13056K(118016K), 0.0528178 secs] 9831857K->9759340K(25152768K), 0.0529937 secs] [Times: user=0.62 sys=0.00, real=0.05 secs] 
2014-04-09T12:15:45.438+0900: 344.925: [GC (Allocation Failure) 344.925: [ParNew: 118016K->13056K(118016K), 0.0513104 secs] 9856949K->9792967K(25152768K), 0.0514830 secs] [Times: user=0.50 sys=0.02, real=0.06 secs] 
2014-04-09T12:15:45.565+0900: 345.051: [GC (Allocation Failure) 345.051: [ParNew: 115522K->13056K(118016K), 0.0546045 secs] 9890422K->9829357K(25152768K), 0.0547750 secs] [Times: user=0.60 sys=0.01, real=0.06 secs] 
2014-04-09T12:15:45.694+0900: 345.180: [GC (Allocation Failure) 345.180: [ParNew: 109684K->13056K(118016K), 0.0498602 secs] 9917343K->9843749K(25152768K), 0.0500309 secs] [Times: user=0.61 sys=0.00, real=0.05 secs] 
2014-04-09T12:15:45.835+0900: 345.321: [GC (Allocation Failure) 345.321: [ParNew: 117989K->13056K(118016K), 0.0660392 secs] 9938196K->9871050K(25152768K), 0.0662097 secs] [Times: user=0.51 sys=0.01, real=0.07 secs] 
2014-04-09T12:15:45.975+0900: 345.461: [GC (Allocation Failure) 345.461: [ParNew: 113942K->13056K(118016K), 0.0506877 secs] 9968403K->9905823K(25152768K), 0.0508573 secs] [Times: user=0.61 sys=0.01, real=0.05 secs] 
2014-04-09T12:15:46.101+0900: 345.588: [GC (Allocation Failure) 345.588: [ParNew: 110943K->13056K(118016K), 0.0512994 secs] 9997359K->9926728K(25152768K), 0.0514764 secs] [Times: user=0.59 sys=0.01, real=0.05 secs] 
2014-04-09T12:15:46.242+0900: 345.728: [GC (Allocation Failure) 345.728: [ParNew: 117988K->13056K(118016K), 0.0540862 secs] 10025346K->9959358K(25152768K), 0.0542543 secs] [Times: user=0.50 sys=0.02, real=0.05 secs] 
2014-04-09T12:15:46.385+0900: 345.872: [GC (Allocation Failure) 345.872: [ParNew: 118016K->13056K(118016K), 0.0554018 secs] 10061007K->10002792K(25152768K), 0.0555743 secs] [Times: user=0.60 sys=0.03, real=0.06 secs] 
2014-04-09T12:15:46.508+0900: 345.995: [GC (Allocation Failure) 345.995: [ParNew: 111674K->13056K(118016K), 0.0469352 secs] 10096086K->10021232K(25152768K), 0.0471083 secs] [Times: user=0.59 sys=0.00, real=0.05 secs] 
2014-04-09T12:15:46.658+0900: 346.145: [GC (Allocation Failure) 346.145: [ParNew: 118008K->13056K(118016K), 0.0599700 secs] 10117897K->10045969K(25152768K), 0.0601402 secs] [Times: user=0.55 sys=0.02, real=0.06 secs] 
2014-04-09T12:15:46.797+0900: 346.284: [GC (Allocation Failure) 346.284: [ParNew: 118016K->13056K(118016K), 0.0586106 secs] 10141270K->10081428K(25152768K), 0.0587863 secs] [Times: user=0.64 sys=0.01, real=0.06 secs] 
2014-04-09T12:15:46.921+0900: 346.408: [GC (Allocation Failure) 346.408: [ParNew: 108552K->13056K(118016K), 0.0494054 secs] 10171071K->10106578K(25152768K), 0.0495746 secs] [Times: user=0.59 sys=0.00, real=0.05 secs] 
2014-04-09T12:15:47.059+0900: 346.546: [CMS-concurrent-sweep: 1.388/2.275 secs] [Times: user=13.52 sys=0.40, real=2.27 secs] 
2014-04-09T12:15:47.060+0900: 346.546: [CMS-concurrent-reset-start]
2014-04-09T12:15:47.071+0900: 346.557: [GC (Allocation Failure) 346.557: [ParNew: 118016K->13056K(118016K), 0.0623277 secs] 9217243K->9138690K(25152768K), 0.0625002 secs] [Times: user=0.54 sys=0.01, real=0.06 secs] 
2014-04-09T12:15:47.216+0900: 346.703: [CMS-concurrent-reset: 0.093/0.157 secs] [Times: user=0.83 sys=0.04, real=0.16 secs] 
2014-04-09T12:15:47.223+0900: 346.710: [GC (Allocation Failure) 346.710: [ParNew: 118016K->13056K(118016K), 0.0505468 secs] 9243650K->9182725K(25152768K), 0.0506952 secs] [Times: user=0.62 sys=0.01, real=0.05 secs] 
2014-04-09T12:15:47.274+0900: 346.761: [GC (CMS Initial Mark) [1 CMS-initial-mark: 9169669K(25034752K)] 9182865K(25152768K), 0.0016929 secs] [Times: user=0.01 sys=0.00, real=0.00 secs] 
2014-04-09T12:15:47.276+0900: 346.763: [CMS-concurrent-mark-start]
2014-04-09T12:15:47.361+0900: 346.848: [GC (Allocation Failure) 346.848: [ParNew: 118016K->13056K(118016K), 0.0522752 secs] 9287685K->9227433K(25152768K), 0.0524471 secs] [Times: user=0.59 sys=0.02, real=0.05 secs] 
2014-04-09T12:15:47.516+0900: 347.002: [GC (Allocation Failure) 347.002: [ParNew: 117995K->13056K(118016K), 0.0665105 secs] 9332372K->9255686K(25152768K), 0.0666800 secs] [Times: user=0.61 sys=0.02, real=0.07 secs] 
2014-04-09T12:15:47.667+0900: 347.154: [GC (Allocation Failure) 347.154: [ParNew: 112552K->13056K(118016K), 0.0597256 secs] 9355183K->9302095K(25152768K), 0.0598976 secs] [Times: user=0.65 sys=0.02, real=0.06 secs] 
2014-04-09T12:15:47.790+0900: 347.276: [GC (Allocation Failure) 347.276: [ParNew: 118016K->10170K(118016K), 0.0436053 secs] 9407055K->9334423K(25152768K), 0.0437714 secs] [Times: user=0.55 sys=0.01, real=0.05 secs] 
2014-04-09T12:15:47.922+0900: 347.409: [GC (Allocation Failure) 347.409: [ParNew: 115130K->13056K(118016K), 0.0647518 secs] 9439383K->9366096K(25152768K), 0.0649170 secs] [Times: user=0.59 sys=0.02, real=0.06 secs] 
2014-04-09T12:15:48.079+0900: 347.565: [GC (Allocation Failure) 347.566: [ParNew: 118016K->13056K(118016K), 0.0537552 secs] 9471056K->9416646K(25152768K), 0.0539210 secs] [Times: user=0.63 sys=0.01, real=0.06 secs] 
2014-04-09T12:15:48.201+0900: 347.688: [GC (Allocation Failure) 347.688: [ParNew: 118016K->13056K(118016K), 0.0485708 secs] 9521606K->9464574K(25152768K), 0.0487361 secs] [Times: user=0.57 sys=0.02, real=0.04 secs] 
2014-04-09T12:15:48.330+0900: 347.816: [GC (Allocation Failure) 347.817: [ParNew: 118016K->13056K(118016K), 0.0599793 secs] 9569534K->9495047K(25152768K), 0.0601426 secs] [Times: user=0.58 sys=0.03, real=0.06 secs] 
2014-04-09T12:15:48.482+0900: 347.968: [GC (Allocation Failure) 347.968: [ParNew: 118016K->13056K(118016K), 0.0493312 secs] 9600007K->9537172K(25152768K), 0.0494949 secs] [Times: user=0.48 sys=0.00, real=0.05 secs] 
2014-04-09T12:15:48.595+0900: 348.082: [GC (Allocation Failure) 348.082: [ParNew: 118016K->13056K(118016K), 0.0558455 secs] 9642132K->9591616K(25152768K), 0.0560088 secs] [Times: user=0.60 sys=0.02, real=0.06 secs] 
2014-04-09T12:15:48.725+0900: 348.211: [GC (Allocation Failure) 348.211: [ParNew: 118016K->13056K(118016K), 0.0430463 secs] 9696576K->9619092K(25152768K), 0.0432096 secs] [Times: user=0.53 sys=0.00, real=0.04 secs] 
2014-04-09T12:15:48.865+0900: 348.352: [GC (Allocation Failure) 348.352: [ParNew: 115135K->13056K(118016K), 0.0761484 secs] 9721172K->9650603K(25152768K), 0.0763092 secs] [Times: user=0.63 sys=0.04, real=0.08 secs] 
2014-04-09T12:15:49.011+0900: 348.497: [GC (Allocation Failure) 348.497: [ParNew: 115970K->13056K(118016K), 0.0449471 secs] 9753518K->9692666K(25152768K), 0.0451088 secs] [Times: user=0.55 sys=0.01, real=0.04 secs] 
2014-04-09T12:15:49.115+0900: 348.601: [GC (Allocation Failure) 348.601: [ParNew: 118016K->13056K(118016K), 0.0404627 secs] 9797626K->9725644K(25152768K), 0.0406328 secs] [Times: user=0.49 sys=0.01, real=0.04 secs] 
2014-04-09T12:15:49.289+0900: 348.776: [GC (Allocation Failure) 348.776: [ParNew: 110681K->13056K(118016K), 0.0722733 secs] 9823270K->9757803K(25152768K), 0.0724376 secs] [Times: user=0.65 sys=0.04, real=0.08 secs] 
2014-04-09T12:15:49.429+0900: 348.916: [GC (Allocation Failure) 348.916: [ParNew: 118016K->13056K(118016K), 0.0460710 secs] 9862763K->9794394K(25152768K), 0.0462354 secs] [Times: user=0.57 sys=0.00, real=0.05 secs] 
2014-04-09T12:15:49.541+0900: 349.028: [GC (Allocation Failure) 349.028: [ParNew: 118016K->13056K(118016K), 0.0532648 secs] 9899354K->9841075K(25152768K), 0.0534286 secs] [Times: user=0.57 sys=0.02, real=0.05 secs] 
2014-04-09T12:15:49.757+0900: 349.243: [GC (Allocation Failure) 349.243: [ParNew: 116257K->13056K(118016K), 0.0562959 secs] 9944276K->9873065K(25152768K), 0.0564656 secs] [Times: user=0.56 sys=0.02, real=0.06 secs] 
2014-04-09T12:15:49.888+0900: 349.374: [GC (Allocation Failure) 349.374: [ParNew: 118016K->13056K(118016K), 0.0491600 secs] 9978025K->9915396K(25152768K), 0.0493182 secs] [Times: user=0.58 sys=0.00, real=0.05 secs] 
2014-04-09T12:15:50.094+0900: 349.580: [GC (Allocation Failure) 349.580: [ParNew: 108372K->13056K(118016K), 0.0457734 secs] 10010713K->9946873K(25152768K), 0.0459371 secs] [Times: user=0.53 sys=0.01, real=0.04 secs] 
2014-04-09T12:15:50.239+0900: 349.725: [GC (Allocation Failure) 349.725: [ParNew: 118016K->13056K(118016K), 0.0464545 secs] 10051833K->9987343K(25152768K), 0.0466195 secs] [Times: user=0.53 sys=0.02, real=0.05 secs] 
2014-04-09T12:15:50.346+0900: 349.833: [CMS-concurrent-mark: 1.917/3.070 secs] [Times: user=23.11 sys=0.70, real=3.07 secs] 
2014-04-09T12:15:50.347+0900: 349.833: [CMS-concurrent-preclean-start]
2014-04-09T12:15:50.437+0900: 349.923: [GC (Allocation Failure) 349.923: [ParNew: 110869K->13056K(118016K), 0.0386190 secs] 10085156K->10011802K(25152768K), 0.0387716 secs] [Times: user=0.48 sys=0.00, real=0.04 secs] 
2014-04-09T12:15:50.629+0900: 350.116: [GC (Allocation Failure) 350.116: [ParNew: 112351K->13056K(118016K), 0.0567829 secs] 10111097K->10041480K(25152768K), 0.0569390 secs] [Times: user=0.58 sys=0.02, real=0.06 secs] 
2014-04-09T12:15:50.781+0900: 350.267: [GC (Allocation Failure) 350.267: [ParNew: 118016K->13056K(118016K), 0.0558670 secs] 10146440K->10080875K(25152768K), 0.0560391 secs] [Times: user=0.62 sys=0.01, real=0.05 secs] 
2014-04-09T12:15:51.011+0900: 350.497: [GC (Allocation Failure) 350.497: [ParNew: 110579K->13056K(118016K), 0.0451781 secs] 10178398K->10107482K(25152768K), 0.0453477 secs] [Times: user=0.55 sys=0.00, real=0.04 secs] 
2014-04-09T12:15:51.263+0900: 350.749: [CMS-concurrent-preclean: 0.641/0.916 secs] [Times: user=3.67 sys=0.08, real=0.92 secs] 
2014-04-09T12:15:51.263+0900: 350.750: [GC (Allocation Failure) 350.750: [ParNew: 112426K->13056K(118016K), 0.0630828 secs] 10206853K->10135927K(25152768K), 0.0632521 secs] [Times: user=0.63 sys=0.02, real=0.06 secs] 
2014-04-09T12:15:51.327+0900: 350.813: [CMS-concurrent-abortable-preclean-start]
2014-04-09T12:15:51.440+0900: 350.926: [GC (Allocation Failure) 350.927: [ParNew: 118016K->13056K(118016K), 0.0624481 secs] 10240887K->10175056K(25152768K), 0.0626162 secs] [Times: user=0.60 sys=0.03, real=0.07 secs] 
2014-04-09T12:15:51.563+0900: 351.050: [CMS-concurrent-abortable-preclean: 0.168/0.236 secs] [Times: user=0.95 sys=0.05, real=0.24 secs] 
2014-04-09T12:15:51.564+0900: 351.050: [GC (CMS Final Remark) [YG occupancy: 42133 K (118016 K)]351.050: [Rescan (parallel) , 0.0216062 secs]351.072: [weak refs processing, 0.0000617 secs]351.072: [class unloading, 0.0415061 secs]351.114: [scrub symbol table, 0.0043017 secs]351.118: [scrub string table, 0.0012125 secs][1 CMS-remark: 10162000K(25034752K)] 10204134K(25152768K), 0.0756112 secs] [Times: user=0.32 sys=0.00, real=0.07 secs] 
2014-04-09T12:15:51.640+0900: 351.126: [CMS-concurrent-sweep-start]
2014-04-09T12:15:51.754+0900: 351.240: [GC (Allocation Failure) 351.240: [ParNew: 111814K->13056K(118016K), 0.0432480 secs] 10269652K->10187909K(25152768K), 0.0434197 secs] [Times: user=0.55 sys=0.00, real=0.04 secs] 
2014-04-09T12:15:51.948+0900: 351.435: [GC (Allocation Failure) 351.435: [ParNew: 115916K->13056K(118016K), 0.0596385 secs] 10283015K->10208801K(25152768K), 0.0598160 secs] [Times: user=0.60 sys=0.02, real=0.06 secs] 
2014-04-09T12:15:52.092+0900: 351.579: [GC (Allocation Failure) 351.579: [ParNew: 118013K->13056K(118016K), 0.0543519 secs] 10308681K->10242261K(25152768K), 0.0545231 secs] [Times: user=0.49 sys=0.03, real=0.05 secs] 
2014-04-09T12:15:52.229+0900: 351.715: [GC (Allocation Failure) 351.715: [ParNew: 118016K->13056K(118016K), 0.0593476 secs] 10340895K->10284633K(25152768K), 0.0595194 secs] [Times: user=0.61 sys=0.02, real=0.06 secs] 
2014-04-09T12:15:52.366+0900: 351.852: [GC (Allocation Failure) 351.852: [ParNew: 108226K->12708K(118016K), 0.0483471 secs] 10376648K->10315932K(25152768K), 0.0485227 secs] [Times: user=0.57 sys=0.01, real=0.05 secs] 
2014-04-09T12:15:52.493+0900: 351.979: [GC (Allocation Failure) 351.979: [ParNew: 117664K->13056K(118016K), 0.0656901 secs] 10411420K->10336031K(25152768K), 0.0658631 secs] [Times: user=0.50 sys=0.01, real=0.06 secs] 
2014-04-09T12:15:52.645+0900: 352.131: [GC (Allocation Failure) 352.131: [ParNew: 118016K->13056K(118016K), 0.0562917 secs] 10429949K->10373082K(25152768K), 0.0564686 secs] [Times: user=0.63 sys=0.00, real=0.05 secs] 
2014-04-09T12:15:52.786+0900: 352.273: [GC (Allocation Failure) 352.273: [ParNew: 118016K->11327K(118016K), 0.0507072 secs] 10469195K->10409980K(25152768K), 0.0508838 secs] [Times: user=0.59 sys=0.01, real=0.05 secs] 
2014-04-09T12:15:52.975+0900: 352.461: [GC (Allocation Failure) 352.461: [ParNew: 116260K->13056K(118016K), 0.0575396 secs] 10501988K->10429893K(25152768K), 0.0577090 secs] [Times: user=0.49 sys=0.01, real=0.06 secs] 
2014-04-09T12:15:53.129+0900: 352.616: [GC (Allocation Failure) 352.616: [ParNew: 118016K->13055K(118016K), 0.0497324 secs] 10527500K->10462885K(25152768K), 0.0499072 secs] [Times: user=0.49 sys=0.02, real=0.05 secs] 
2014-04-09T12:15:53.308+0900: 352.795: [GC (Allocation Failure) 352.795: [ParNew: 118015K->13056K(118016K), 0.0541384 secs] 10561569K->10488601K(25152768K), 0.0543237 secs] [Times: user=0.58 sys=0.02, real=0.06 secs] 
2014-04-09T12:15:53.488+0900: 352.974: [GC (Allocation Failure) 352.974: [ParNew: 118016K->13056K(118016K), 0.0574770 secs] 10583339K->10508873K(25152768K), 0.0576498 secs] [Times: user=0.61 sys=0.01, real=0.06 secs] 
2014-04-09T12:15:53.656+0900: 353.142: [CMS-concurrent-sweep: 1.347/2.016 secs] [Times: user=10.27 sys=0.32, real=2.02 secs] 
2014-04-09T12:15:53.656+0900: 353.143: [CMS-concurrent-reset-start]
2014-04-09T12:15:53.744+0900: 353.230: [CMS-concurrent-reset: 0.088/0.088 secs] [Times: user=0.13 sys=0.00, real=0.09 secs] 
2014-04-09T12:15:54.100+0900: 353.587: [GC (Allocation Failure) 353.587: [ParNew: 118016K->13056K(118016K), 0.0611823 secs] 9577503K->9490728K(25152768K), 0.0613838 secs] [Times: user=0.57 sys=0.01, real=0.07 secs] 
2014-04-09T12:15:54.163+0900: 353.649: [GC (CMS Initial Mark) [1 CMS-initial-mark: 9477672K(25034752K)] 9490859K(25152768K), 0.0012266 secs] [Times: user=0.00 sys=0.00, real=0.00 secs] 
2014-04-09T12:15:54.164+0900: 353.650: [CMS-concurrent-mark-start]
2014-04-09T12:15:54.285+0900: 353.771: [GC (Allocation Failure) 353.771: [ParNew: 118016K->13056K(118016K), 0.0373931 secs] 9595688K->9501402K(25152768K), 0.0375663 secs] [Times: user=0.44 sys=0.00, real=0.04 secs] 
2014-04-09T12:15:54.545+0900: 354.031: [GC (Allocation Failure) 354.031: [ParNew: 118016K->7150K(118016K), 0.0393866 secs] 9606362K->9506172K(25152768K), 0.0395622 secs] [Times: user=0.51 sys=0.00, real=0.04 secs] 
2014-04-09T12:15:54.821+0900: 354.308: [GC (Allocation Failure) 354.308: [ParNew: 112110K->6094K(118016K), 0.0278218 secs] 9611132K->9505116K(25152768K), 0.0279736 secs] [Times: user=0.35 sys=0.00, real=0.03 secs] 
2014-04-09T12:15:55.048+0900: 354.534: [GC (Allocation Failure) 354.534: [ParNew: 111054K->5529K(118016K), 0.0276732 secs] 9610076K->9504551K(25152768K), 0.0278226 secs] [Times: user=0.36 sys=0.00, real=0.03 secs] 
2014-04-09T12:15:55.089+0900: 354.575: [CMS-concurrent-mark: 0.788/0.925 secs] [Times: user=5.94 sys=0.04, real=0.92 secs] 
2014-04-09T12:15:55.089+0900: 354.575: [CMS-concurrent-preclean-start]
2014-04-09T12:15:55.178+0900: 354.665: [CMS-concurrent-preclean: 0.088/0.090 secs] [Times: user=0.18 sys=0.00, real=0.09 secs] 
2014-04-09T12:15:55.178+0900: 354.665: [CMS-concurrent-abortable-preclean-start]
2014-04-09T12:15:55.269+0900: 354.755: [GC (Allocation Failure) 354.755: [ParNew: 110489K->5362K(118016K), 0.0301038 secs] 9609511K->9504383K(25152768K), 0.0302791 secs] [Times: user=0.37 sys=0.00, real=0.03 secs] 
2014-04-09T12:15:55.300+0900: 354.786: [CMS-concurrent-abortable-preclean: 0.074/0.121 secs] [Times: user=0.54 sys=0.00, real=0.12 secs] 
2014-04-09T12:15:55.300+0900: 354.787: [GC (CMS Final Remark) [YG occupancy: 7133 K (118016 K)]354.787: [Rescan (parallel) , 0.0121669 secs]354.799: [weak refs processing, 0.0000631 secs]354.799: [class unloading, 0.0415324 secs]354.841: [scrub symbol table, 0.0043005 secs]354.845: [scrub string table, 0.0012175 secs][1 CMS-remark: 9499021K(25034752K)] 9506155K(25152768K), 0.0662130 secs] [Times: user=0.19 sys=0.00, real=0.07 secs] 
2014-04-09T12:15:55.367+0900: 354.854: [CMS-concurrent-sweep-start]
2014-04-09T12:15:55.504+0900: 354.991: [GC (Allocation Failure) 354.991: [ParNew: 110322K->13054K(118016K), 0.0432033 secs] 9486793K->9413499K(25152768K), 0.0433772 secs] [Times: user=0.54 sys=0.01, real=0.04 secs] 
2014-04-09T12:15:55.753+0900: 355.240: [GC (Allocation Failure) 355.240: [ParNew: 118014K->11584K(118016K), 0.0439187 secs] 9258964K->9165547K(25152768K), 0.0440916 secs] [Times: user=0.53 sys=0.00, real=0.04 secs] 
2014-04-09T12:15:56.059+0900: 355.545: [GC (Allocation Failure) 355.545: [ParNew: 116544K->7518K(118016K), 0.0374157 secs] 8911839K->8812707K(25152768K), 0.0375991 secs] [Times: user=0.44 sys=0.01, real=0.04 secs] 
2014-04-09T12:15:56.347+0900: 355.833: [GC (Allocation Failure) 355.833: [ParNew: 112478K->2036K(118016K), 0.0337281 secs] 8564441K->8453999K(25152768K), 0.0338940 secs] [Times: user=0.41 sys=0.01, real=0.03 secs] 
2014-04-09T12:15:56.623+0900: 356.109: [GC (Allocation Failure) 356.110: [ParNew: 106996K->510K(118016K), 0.0320130 secs] 8116905K->8010419K(25152768K), 0.0321786 secs] [Times: user=0.40 sys=0.01, real=0.03 secs] 
2014-04-09T12:15:57.561+0900: 357.048: [CMS-concurrent-sweep: 1.983/2.194 secs] [Times: user=5.52 sys=0.05, real=2.20 secs] 
2014-04-09T12:15:57.562+0900: 357.048: [CMS-concurrent-reset-start]
2014-04-09T12:15:57.639+0900: 357.126: [CMS-concurrent-reset: 0.078/0.078 secs] [Times: user=0.08 sys=0.00, real=0.07 secs] 
Heap
 par new generation   total 118016K, used 26813K [0x00000001c0000000, 0x00000001c8000000, 0x00000001c8000000)
  eden space 104960K,  25% used [0x00000001c0000000, 0x00000001c19afaf8, 0x00000001c6680000)
  from space 13056K,   3% used [0x00000001c7340000, 0x00000001c73bfaa0, 0x00000001c8000000)
  to   space 13056K,   0% used [0x00000001c6680000, 0x00000001c6680000, 0x00000001c7340000)
 concurrent mark-sweep generation total 25034752K, used 5044577K [0x00000001c8000000, 0x00000007c0000000, 0x00000007c0000000)
 Metaspace       used 37876K, capacity 38697K, committed 39036K, reserved 1083392K
  class space    used 5725K, capacity 5910K, committed 6032K, reserved 1048576K
