Java HotSpot(TM) 64-Bit Server VM (25.0-b70) for linux-amd64 JRE (1.8.0-b132), built on Mar  4 2014 03:07:25 by "java_re" with gcc 4.3.0 20080428 (Red Hat 4.3.0-8)
Memory: 4k page, physical 32865776k(30160512k free), swap 2047992k(2047992k free)
CommandLine flags: -XX:CMSInitiatingOccupancyFraction=30 -XX:InitialHeapSize=25769803776 -XX:MaxHeapSize=25769803776 -XX:MaxNewSize=134217728 -XX:MaxTenuringThreshold=6 -XX:NewSize=134217728 -XX:OldPLABSize=16 -XX:+PrintGC -XX:+PrintGCDateStamps -XX:+PrintGCDetails -XX:+PrintGCTimeStamps -XX:ThreadStackSize=2048 -XX:+UseCompressedClassPointers -XX:+UseCompressedOops -XX:+UseConcMarkSweepGC -XX:+UseParNewGC 
2014-04-09T12:27:53.654+0900: 2.244: [GC (CMS Initial Mark) [1 CMS-initial-mark: 0K(25034752K)] 63005K(25152768K), 0.0766079 secs] [Times: user=0.12 sys=0.00, real=0.08 secs] 
2014-04-09T12:27:53.731+0900: 2.321: [CMS-concurrent-mark-start]
2014-04-09T12:27:53.740+0900: 2.330: [CMS-concurrent-mark: 0.008/0.008 secs] [Times: user=0.07 sys=0.01, real=0.00 secs] 
2014-04-09T12:27:53.740+0900: 2.330: [CMS-concurrent-preclean-start]
2014-04-09T12:27:53.856+0900: 2.446: [CMS-concurrent-preclean: 0.116/0.116 secs] [Times: user=0.33 sys=0.03, real=0.12 secs] 
2014-04-09T12:27:53.856+0900: 2.446: [CMS-concurrent-abortable-preclean-start]
2014-04-09T12:27:55.091+0900: 3.681: [GC (Allocation Failure) 3.681: [ParNew: 104960K->12652K(118016K), 0.0892963 secs] 104960K->12652K(25152768K), 0.0894142 secs] [Times: user=0.76 sys=0.02, real=0.08 secs] 
 CMS: abort preclean due to time 2014-04-09T12:27:59.132+0900: 7.722: [CMS-concurrent-abortable-preclean: 4.442/5.276 secs] [Times: user=8.63 sys=0.17, real=5.28 secs] 
2014-04-09T12:27:59.133+0900: 7.723: [GC (CMS Final Remark) [YG occupancy: 47632 K (118016 K)]7.723: [Rescan (parallel) , 0.0547308 secs]7.778: [weak refs processing, 0.0000390 secs]7.778: [class unloading, 0.0278201 secs]7.806: [scrub symbol table, 0.0045881 secs]7.811: [scrub string table, 0.0010838 secs][1 CMS-remark: 0K(25034752K)] 47632K(25152768K), 0.0945807 secs] [Times: user=0.52 sys=0.00, real=0.09 secs] 
2014-04-09T12:27:59.228+0900: 7.818: [CMS-concurrent-sweep-start]
2014-04-09T12:27:59.228+0900: 7.818: [CMS-concurrent-sweep: 0.000/0.000 secs] [Times: user=0.00 sys=0.00, real=0.00 secs] 
2014-04-09T12:27:59.228+0900: 7.818: [CMS-concurrent-reset-start]
2014-04-09T12:27:59.343+0900: 7.933: [CMS-concurrent-reset: 0.115/0.115 secs] [Times: user=0.23 sys=0.09, real=0.12 secs] 
2014-04-09T12:28:00.406+0900: 8.996: [GC (Allocation Failure) 8.996: [ParNew: 117612K->13056K(118016K), 0.1116909 secs] 117612K->28532K(25152768K), 0.1118863 secs] [Times: user=1.01 sys=0.04, real=0.11 secs] 
2014-04-09T12:28:01.789+0900: 10.379: [GC (Allocation Failure) 10.379: [ParNew: 118016K->13056K(118016K), 0.0755424 secs] 133492K->36164K(25152768K), 0.0758736 secs] [Times: user=0.96 sys=0.00, real=0.08 secs] 
2014-04-09T12:28:02.186+0900: 10.776: [GC (Allocation Failure) 10.776: [ParNew: 118016K->13056K(118016K), 0.0887703 secs] 141124K->52473K(25152768K), 0.0891528 secs] [Times: user=1.10 sys=0.02, real=0.09 secs] 
2014-04-09T12:28:02.510+0900: 11.100: [GC (Allocation Failure) 11.100: [ParNew: 118016K->13056K(118016K), 0.1111263 secs] 157433K->71823K(25152768K), 0.1114648 secs] [Times: user=1.46 sys=0.02, real=0.11 secs] 
2014-04-09T12:28:02.857+0900: 11.447: [GC (Allocation Failure) 11.447: [ParNew: 118015K->13056K(118016K), 0.1124699 secs] 176783K->91537K(25152768K), 0.1128702 secs] [Times: user=1.24 sys=0.03, real=0.11 secs] 
2014-04-09T12:28:03.174+0900: 11.764: [GC (Allocation Failure) 11.764: [ParNew: 118016K->13056K(118016K), 0.1317989 secs] 196497K->112826K(25152768K), 0.1321364 secs] [Times: user=1.56 sys=0.03, real=0.13 secs] 
2014-04-09T12:28:03.509+0900: 12.099: [GC (Allocation Failure) 12.100: [ParNew: 118016K->13056K(118016K), 0.1450671 secs] 217786K->135770K(25152768K), 0.1454041 secs] [Times: user=1.74 sys=0.02, real=0.15 secs] 
2014-04-09T12:28:03.848+0900: 12.438: [GC (Allocation Failure) 12.438: [ParNew: 118016K->13056K(118016K), 0.1119740 secs] 240730K->158300K(25152768K), 0.1123126 secs] [Times: user=1.25 sys=0.02, real=0.11 secs] 
2014-04-09T12:28:04.117+0900: 12.707: [GC (Allocation Failure) 12.707: [ParNew: 118016K->13056K(118016K), 0.1214178 secs] 263260K->186155K(25152768K), 0.1217722 secs] [Times: user=1.50 sys=0.04, real=0.12 secs] 
2014-04-09T12:28:04.362+0900: 12.952: [GC (Allocation Failure) 12.952: [ParNew: 117973K->13056K(118016K), 0.1566347 secs] 291073K->216431K(25152768K), 0.1569750 secs] [Times: user=1.58 sys=0.02, real=0.16 secs] 
2014-04-09T12:28:04.638+0900: 13.228: [GC (Allocation Failure) 13.228: [ParNew: 118016K->13056K(118016K), 0.1542393 secs] 321391K->251577K(25152768K), 0.1545925 secs] [Times: user=1.70 sys=0.04, real=0.16 secs] 
2014-04-09T12:28:04.899+0900: 13.489: [GC (Allocation Failure) 13.489: [ParNew: 118016K->13056K(118016K), 0.1272308 secs] 356537K->283347K(25152768K), 0.1275791 secs] [Times: user=1.56 sys=0.03, real=0.13 secs] 
2014-04-09T12:28:05.130+0900: 13.720: [GC (Allocation Failure) 13.720: [ParNew: 118016K->13056K(118016K), 0.1416226 secs] 388307K->314716K(25152768K), 0.1419696 secs] [Times: user=1.52 sys=0.03, real=0.14 secs] 
2014-04-09T12:28:05.374+0900: 13.964: [GC (Allocation Failure) 13.964: [ParNew: 118016K->13056K(118016K), 0.1394710 secs] 419676K->346224K(25152768K), 0.1398671 secs] [Times: user=1.41 sys=0.03, real=0.14 secs] 
2014-04-09T12:28:05.614+0900: 14.204: [GC (Allocation Failure) 14.204: [ParNew: 118016K->13056K(118016K), 0.1468666 secs] 451184K->379360K(25152768K), 0.1472212 secs] [Times: user=1.41 sys=0.04, real=0.14 secs] 
2014-04-09T12:28:05.859+0900: 14.449: [GC (Allocation Failure) 14.449: [ParNew: 118016K->13056K(118016K), 0.1432888 secs] 484320K->410834K(25152768K), 0.1436826 secs] [Times: user=1.54 sys=0.03, real=0.15 secs] 
2014-04-09T12:28:06.135+0900: 14.725: [GC (Allocation Failure) 14.726: [ParNew: 118016K->13056K(118016K), 0.1422417 secs] 515794K->439978K(25152768K), 0.1425810 secs] [Times: user=1.50 sys=0.03, real=0.14 secs] 
2014-04-09T12:28:06.428+0900: 15.018: [GC (Allocation Failure) 15.018: [ParNew: 118016K->13056K(118016K), 0.1002878 secs] 544938K->463229K(25152768K), 0.1006257 secs] [Times: user=1.35 sys=0.02, real=0.10 secs] 
2014-04-09T12:28:06.691+0900: 15.281: [GC (Allocation Failure) 15.281: [ParNew: 118016K->13056K(118016K), 0.1067831 secs] 568189K->479270K(25152768K), 0.1071795 secs] [Times: user=1.26 sys=0.01, real=0.11 secs] 
2014-04-09T12:28:06.901+0900: 15.491: [GC (Allocation Failure) 15.491: [ParNew: 118016K->13056K(118016K), 0.0888594 secs] 584230K->496682K(25152768K), 0.0892160 secs] [Times: user=1.15 sys=0.02, real=0.09 secs] 
2014-04-09T12:28:07.105+0900: 15.695: [GC (Allocation Failure) 15.695: [ParNew: 118016K->13056K(118016K), 0.0997863 secs] 601642K->512188K(25152768K), 0.1001243 secs] [Times: user=1.09 sys=0.02, real=0.10 secs] 
2014-04-09T12:28:07.298+0900: 15.888: [GC (Allocation Failure) 15.888: [ParNew: 118016K->13056K(118016K), 0.0758779 secs] 617148K->528816K(25152768K), 0.0762224 secs] [Times: user=0.93 sys=0.02, real=0.08 secs] 
2014-04-09T12:28:07.465+0900: 16.055: [GC (Allocation Failure) 16.055: [ParNew: 118015K->13056K(118016K), 0.0839242 secs] 633776K->544174K(25152768K), 0.0842723 secs] [Times: user=0.96 sys=0.01, real=0.08 secs] 
2014-04-09T12:28:07.629+0900: 16.219: [GC (Allocation Failure) 16.219: [ParNew: 118016K->13056K(118016K), 0.0817545 secs] 649134K->561935K(25152768K), 0.0821106 secs] [Times: user=0.92 sys=0.02, real=0.08 secs] 
2014-04-09T12:28:07.800+0900: 16.390: [GC (Allocation Failure) 16.390: [ParNew: 118016K->13056K(118016K), 0.0783134 secs] 666895K->578108K(25152768K), 0.0786636 secs] [Times: user=0.95 sys=0.01, real=0.08 secs] 
2014-04-09T12:28:07.959+0900: 16.549: [GC (Allocation Failure) 16.549: [ParNew: 118016K->13056K(118016K), 0.0843194 secs] 683068K->593558K(25152768K), 0.0846764 secs] [Times: user=0.97 sys=0.01, real=0.09 secs] 
2014-04-09T12:28:08.120+0900: 16.710: [GC (Allocation Failure) 16.710: [ParNew: 118016K->13056K(118016K), 0.0718711 secs] 698518K->611054K(25152768K), 0.0722192 secs] [Times: user=0.77 sys=0.02, real=0.07 secs] 
2014-04-09T12:28:08.271+0900: 16.861: [GC (Allocation Failure) 16.862: [ParNew: 118016K->13056K(118016K), 0.0754847 secs] 716014K->627790K(25152768K), 0.0758412 secs] [Times: user=0.84 sys=0.02, real=0.08 secs] 
2014-04-09T12:28:08.425+0900: 17.015: [GC (Allocation Failure) 17.015: [ParNew: 118016K->13056K(118016K), 0.0843228 secs] 732750K->644844K(25152768K), 0.0846647 secs] [Times: user=0.94 sys=0.02, real=0.08 secs] 
2014-04-09T12:28:08.595+0900: 17.185: [GC (Allocation Failure) 17.185: [ParNew: 118016K->13056K(118016K), 0.0826184 secs] 749804K->661466K(25152768K), 0.0829662 secs] [Times: user=0.93 sys=0.01, real=0.08 secs] 
2014-04-09T12:28:08.770+0900: 17.360: [GC (Allocation Failure) 17.360: [ParNew: 117847K->13056K(118016K), 0.0816709 secs] 766257K->678540K(25152768K), 0.0820098 secs] [Times: user=0.90 sys=0.03, real=0.08 secs] 
2014-04-09T12:28:08.931+0900: 17.521: [GC (Allocation Failure) 17.521: [ParNew: 118016K->13056K(118016K), 0.0835265 secs] 783500K->693086K(25152768K), 0.0838735 secs] [Times: user=0.91 sys=0.02, real=0.09 secs] 
2014-04-09T12:28:09.094+0900: 17.684: [GC (Allocation Failure) 17.684: [ParNew: 118016K->13056K(118016K), 0.0807102 secs] 798046K->711604K(25152768K), 0.0810487 secs] [Times: user=0.87 sys=0.02, real=0.08 secs] 
2014-04-09T12:28:09.255+0900: 17.845: [GC (Allocation Failure) 17.845: [ParNew: 118016K->13056K(118016K), 0.0803123 secs] 816564K->728031K(25152768K), 0.0806560 secs] [Times: user=0.87 sys=0.02, real=0.08 secs] 
2014-04-09T12:28:09.418+0900: 18.008: [GC (Allocation Failure) 18.009: [ParNew: 118016K->13056K(118016K), 0.0822165 secs] 832991K->742811K(25152768K), 0.0825606 secs] [Times: user=0.98 sys=0.03, real=0.08 secs] 
2014-04-09T12:28:09.578+0900: 18.168: [GC (Allocation Failure) 18.168: [ParNew: 118016K->13056K(118016K), 0.0814868 secs] 847771K->759845K(25152768K), 0.0818381 secs] [Times: user=0.87 sys=0.03, real=0.08 secs] 
2014-04-09T12:28:09.746+0900: 18.336: [GC (Allocation Failure) 18.336: [ParNew: 118016K->13056K(118016K), 0.0787467 secs] 864805K->776478K(25152768K), 0.0790900 secs] [Times: user=0.85 sys=0.02, real=0.08 secs] 
2014-04-09T12:28:09.905+0900: 18.495: [GC (Allocation Failure) 18.495: [ParNew: 118016K->13056K(118016K), 0.0827191 secs] 881438K->793307K(25152768K), 0.0830610 secs] [Times: user=0.91 sys=0.02, real=0.08 secs] 
2014-04-09T12:28:10.078+0900: 18.668: [GC (Allocation Failure) 18.668: [ParNew: 118016K->13056K(118016K), 0.0745136 secs] 898267K->808902K(25152768K), 0.0748648 secs] [Times: user=0.82 sys=0.01, real=0.07 secs] 
2014-04-09T12:28:10.232+0900: 18.822: [GC (Allocation Failure) 18.822: [ParNew: 118016K->13056K(118016K), 0.0806511 secs] 913862K->826029K(25152768K), 0.0809956 secs] [Times: user=0.90 sys=0.02, real=0.08 secs] 
2014-04-09T12:28:10.389+0900: 18.979: [GC (Allocation Failure) 18.980: [ParNew: 118016K->13056K(118016K), 0.0681949 secs] 930989K->840248K(25152768K), 0.0685405 secs] [Times: user=0.73 sys=0.01, real=0.07 secs] 
2014-04-09T12:28:10.532+0900: 19.122: [GC (Allocation Failure) 19.122: [ParNew: 118016K->13056K(118016K), 0.0790328 secs] 945208K->858566K(25152768K), 0.0793872 secs] [Times: user=0.86 sys=0.02, real=0.08 secs] 
2014-04-09T12:28:10.687+0900: 19.277: [GC (Allocation Failure) 19.277: [ParNew: 118016K->13056K(118016K), 0.0780187 secs] 963526K->875269K(25152768K), 0.0783671 secs] [Times: user=0.86 sys=0.02, real=0.08 secs] 
2014-04-09T12:28:10.847+0900: 19.437: [GC (Allocation Failure) 19.437: [ParNew: 118016K->13056K(118016K), 0.0840154 secs] 980229K->891089K(25152768K), 0.0843587 secs] [Times: user=0.94 sys=0.01, real=0.08 secs] 
2014-04-09T12:28:11.014+0900: 19.604: [GC (Allocation Failure) 19.605: [ParNew: 118016K->13056K(118016K), 0.0777599 secs] 996049K->907961K(25152768K), 0.0781091 secs] [Times: user=0.84 sys=0.02, real=0.07 secs] 
2014-04-09T12:28:11.168+0900: 19.758: [GC (Allocation Failure) 19.758: [ParNew: 118016K->13056K(118016K), 0.0812628 secs] 1012921K->923595K(25152768K), 0.0816228 secs] [Times: user=0.89 sys=0.02, real=0.08 secs] 
2014-04-09T12:28:11.326+0900: 19.916: [GC (Allocation Failure) 19.916: [ParNew: 118016K->13056K(118016K), 0.0863521 secs] 1028555K->941044K(25152768K), 0.0867116 secs] [Times: user=0.93 sys=0.02, real=0.08 secs] 
2014-04-09T12:28:11.493+0900: 20.083: [GC (Allocation Failure) 20.083: [ParNew: 118016K->13056K(118016K), 0.0723215 secs] 1046004K->959116K(25152768K), 0.0726718 secs] [Times: user=0.78 sys=0.00, real=0.08 secs] 
2014-04-09T12:28:11.644+0900: 20.234: [GC (Allocation Failure) 20.234: [ParNew: 118016K->13056K(118016K), 0.0758638 secs] 1064076K->975005K(25152768K), 0.0762150 secs] [Times: user=0.84 sys=0.01, real=0.07 secs] 
2014-04-09T12:28:11.797+0900: 20.387: [GC (Allocation Failure) 20.387: [ParNew: 118016K->13056K(118016K), 0.0866672 secs] 1079965K->992648K(25152768K), 0.0870224 secs] [Times: user=1.00 sys=0.03, real=0.09 secs] 
2014-04-09T12:28:11.959+0900: 20.549: [GC (Allocation Failure) 20.549: [ParNew: 118016K->13056K(118016K), 0.0717069 secs] 1097608K->1010281K(25152768K), 0.0720601 secs] [Times: user=0.80 sys=0.01, real=0.07 secs] 
2014-04-09T12:28:12.112+0900: 20.702: [GC (Allocation Failure) 20.702: [ParNew: 118016K->13056K(118016K), 0.0791223 secs] 1115241K->1026247K(25152768K), 0.0794807 secs] [Times: user=0.85 sys=0.03, real=0.08 secs] 
2014-04-09T12:28:12.267+0900: 20.857: [GC (Allocation Failure) 20.857: [ParNew: 118016K->13056K(118016K), 0.0818396 secs] 1131207K->1042407K(25152768K), 0.0821892 secs] [Times: user=0.88 sys=0.02, real=0.08 secs] 
2014-04-09T12:28:12.427+0900: 21.017: [GC (Allocation Failure) 21.017: [ParNew: 118016K->13056K(118016K), 0.0749934 secs] 1147367K->1060359K(25152768K), 0.0753476 secs] [Times: user=0.80 sys=0.02, real=0.07 secs] 
2014-04-09T12:28:12.575+0900: 21.165: [GC (Allocation Failure) 21.166: [ParNew: 118016K->13056K(118016K), 0.0786612 secs] 1165319K->1076189K(25152768K), 0.0790287 secs] [Times: user=0.86 sys=0.01, real=0.08 secs] 
2014-04-09T12:28:12.731+0900: 21.321: [GC (Allocation Failure) 21.321: [ParNew: 118016K->13056K(118016K), 0.0753492 secs] 1181149K->1093613K(25152768K), 0.0757125 secs] [Times: user=0.81 sys=0.02, real=0.08 secs] 
2014-04-09T12:28:12.880+0900: 21.470: [GC (Allocation Failure) 21.471: [ParNew: 118016K->13056K(118016K), 0.0790601 secs] 1198573K->1109366K(25152768K), 0.0794145 secs] [Times: user=0.87 sys=0.02, real=0.08 secs] 
2014-04-09T12:28:13.034+0900: 21.624: [GC (Allocation Failure) 21.624: [ParNew: 118016K->13056K(118016K), 0.0777908 secs] 1214326K->1125205K(25152768K), 0.0781470 secs] [Times: user=0.82 sys=0.02, real=0.07 secs] 
2014-04-09T12:28:13.189+0900: 21.779: [GC (Allocation Failure) 21.780: [ParNew: 118016K->13056K(118016K), 0.0742337 secs] 1230165K->1141038K(25152768K), 0.0745856 secs] [Times: user=0.81 sys=0.01, real=0.08 secs] 
2014-04-09T12:28:13.344+0900: 21.934: [GC (Allocation Failure) 21.934: [ParNew: 118016K->13056K(118016K), 0.0789630 secs] 1245998K->1158594K(25152768K), 0.0793199 secs] [Times: user=0.86 sys=0.01, real=0.08 secs] 
2014-04-09T12:28:13.504+0900: 22.094: [GC (Allocation Failure) 22.094: [ParNew: 118016K->13056K(118016K), 0.0766073 secs] 1263554K->1178383K(25152768K), 0.0769694 secs] [Times: user=0.82 sys=0.02, real=0.07 secs] 
2014-04-09T12:28:13.663+0900: 22.253: [GC (Allocation Failure) 22.254: [ParNew: 118016K->13056K(118016K), 0.0734170 secs] 1283343K->1194269K(25152768K), 0.0737765 secs] [Times: user=0.78 sys=0.03, real=0.07 secs] 
2014-04-09T12:28:13.813+0900: 22.403: [GC (Allocation Failure) 22.403: [ParNew: 118016K->13056K(118016K), 0.0757067 secs] 1299229K->1212098K(25152768K), 0.0760606 secs] [Times: user=0.83 sys=0.02, real=0.08 secs] 
2014-04-09T12:28:13.967+0900: 22.557: [GC (Allocation Failure) 22.557: [ParNew: 118016K->13056K(118016K), 0.0803250 secs] 1317058K->1228575K(25152768K), 0.0806684 secs] [Times: user=0.87 sys=0.01, real=0.08 secs] 
2014-04-09T12:28:14.124+0900: 22.714: [GC (Allocation Failure) 22.714: [ParNew: 118016K->13056K(118016K), 0.0782521 secs] 1333535K->1245325K(25152768K), 0.0785969 secs] [Times: user=0.85 sys=0.03, real=0.07 secs] 
2014-04-09T12:28:14.278+0900: 22.868: [GC (Allocation Failure) 22.869: [ParNew: 118016K->13056K(118016K), 0.0740331 secs] 1350285K->1261085K(25152768K), 0.0743942 secs] [Times: user=0.83 sys=0.02, real=0.07 secs] 
2014-04-09T12:28:14.427+0900: 23.017: [GC (Allocation Failure) 23.017: [ParNew: 118016K->13056K(118016K), 0.0776823 secs] 1366045K->1278790K(25152768K), 0.0780286 secs] [Times: user=0.81 sys=0.04, real=0.08 secs] 
2014-04-09T12:28:14.581+0900: 23.171: [GC (Allocation Failure) 23.171: [ParNew: 118016K->13056K(118016K), 0.0814674 secs] 1383750K->1295986K(25152768K), 0.0818184 secs] [Times: user=0.87 sys=0.02, real=0.08 secs] 
2014-04-09T12:28:14.736+0900: 23.326: [GC (Allocation Failure) 23.326: [ParNew: 118016K->13056K(118016K), 0.0861736 secs] 1400946K->1312817K(25152768K), 0.0865191 secs] [Times: user=0.93 sys=0.02, real=0.08 secs] 
2014-04-09T12:28:14.899+0900: 23.489: [GC (Allocation Failure) 23.490: [ParNew: 118016K->13056K(118016K), 0.0801627 secs] 1417777K->1330135K(25152768K), 0.0805120 secs] [Times: user=0.86 sys=0.02, real=0.08 secs] 
2014-04-09T12:28:15.055+0900: 23.645: [GC (Allocation Failure) 23.645: [ParNew: 118016K->13056K(118016K), 0.0773130 secs] 1435095K->1346730K(25152768K), 0.0776560 secs] [Times: user=0.82 sys=0.02, real=0.07 secs] 
2014-04-09T12:28:15.210+0900: 23.800: [GC (Allocation Failure) 23.800: [ParNew: 118016K->13056K(118016K), 0.0761070 secs] 1451690K->1362208K(25152768K), 0.0764627 secs] [Times: user=0.81 sys=0.01, real=0.08 secs] 
2014-04-09T12:28:15.362+0900: 23.952: [GC (Allocation Failure) 23.953: [ParNew: 118016K->13056K(118016K), 0.0834987 secs] 1467168K->1378178K(25152768K), 0.0838573 secs] [Times: user=0.90 sys=0.02, real=0.09 secs] 
2014-04-09T12:28:15.529+0900: 24.119: [GC (Allocation Failure) 24.119: [ParNew: 118016K->13056K(118016K), 0.0776539 secs] 1483138K->1396355K(25152768K), 0.0780123 secs] [Times: user=0.83 sys=0.02, real=0.08 secs] 
2014-04-09T12:28:15.688+0900: 24.278: [GC (Allocation Failure) 24.278: [ParNew: 118016K->13056K(118016K), 0.0741748 secs] 1501315K->1410808K(25152768K), 0.0745389 secs] [Times: user=0.80 sys=0.02, real=0.07 secs] 
2014-04-09T12:28:15.847+0900: 24.437: [GC (Allocation Failure) 24.437: [ParNew: 118016K->13056K(118016K), 0.0844930 secs] 1515768K->1426538K(25152768K), 0.0848445 secs] [Times: user=0.90 sys=0.02, real=0.08 secs] 
2014-04-09T12:28:16.008+0900: 24.599: [GC (Allocation Failure) 24.599: [ParNew: 118016K->13056K(118016K), 0.0808940 secs] 1531498K->1443734K(25152768K), 0.0812512 secs] [Times: user=0.85 sys=0.02, real=0.08 secs] 
2014-04-09T12:28:16.168+0900: 24.758: [GC (Allocation Failure) 24.758: [ParNew: 118016K->13056K(118016K), 0.0764904 secs] 1548694K->1460759K(25152768K), 0.0768534 secs] [Times: user=0.81 sys=0.01, real=0.08 secs] 
2014-04-09T12:28:16.322+0900: 24.912: [GC (Allocation Failure) 24.912: [ParNew: 118016K->13056K(118016K), 0.0835632 secs] 1565719K->1475700K(25152768K), 0.0839178 secs] [Times: user=0.90 sys=0.02, real=0.09 secs] 
2014-04-09T12:28:16.479+0900: 25.069: [GC (Allocation Failure) 25.069: [ParNew: 118016K->13056K(118016K), 0.0850123 secs] 1580660K->1492733K(25152768K), 0.0853690 secs] [Times: user=0.93 sys=0.02, real=0.09 secs] 
2014-04-09T12:28:16.640+0900: 25.230: [GC (Allocation Failure) 25.230: [ParNew: 118016K->13056K(118016K), 0.0844077 secs] 1597693K->1510285K(25152768K), 0.0847727 secs] [Times: user=0.78 sys=0.02, real=0.09 secs] 
2014-04-09T12:28:16.804+0900: 25.394: [GC (Allocation Failure) 25.394: [ParNew: 118016K->13056K(118016K), 0.0796316 secs] 1615245K->1525531K(25152768K), 0.0799815 secs] [Times: user=0.84 sys=0.01, real=0.08 secs] 
2014-04-09T12:28:16.961+0900: 25.551: [GC (Allocation Failure) 25.551: [ParNew: 118016K->13056K(118016K), 0.0806723 secs] 1630491K->1543702K(25152768K), 0.0810256 secs] [Times: user=0.86 sys=0.02, real=0.08 secs] 
2014-04-09T12:28:17.123+0900: 25.713: [GC (Allocation Failure) 25.714: [ParNew: 118016K->13056K(118016K), 0.0800000 secs] 1648662K->1560224K(25152768K), 0.0803560 secs] [Times: user=0.86 sys=0.02, real=0.08 secs] 
2014-04-09T12:28:17.279+0900: 25.869: [GC (Allocation Failure) 25.869: [ParNew: 118016K->13056K(118016K), 0.0799925 secs] 1665184K->1575394K(25152768K), 0.0803459 secs] [Times: user=0.86 sys=0.01, real=0.08 secs] 
2014-04-09T12:28:17.435+0900: 26.025: [GC (Allocation Failure) 26.025: [ParNew: 118016K->13056K(118016K), 0.0776933 secs] 1680354K->1593083K(25152768K), 0.0780458 secs] [Times: user=0.82 sys=0.02, real=0.07 secs] 
2014-04-09T12:28:17.585+0900: 26.175: [GC (Allocation Failure) 26.175: [ParNew: 118016K->13056K(118016K), 0.0769562 secs] 1698043K->1609826K(25152768K), 0.0773178 secs] [Times: user=0.81 sys=0.02, real=0.07 secs] 
2014-04-09T12:28:17.738+0900: 26.328: [GC (Allocation Failure) 26.328: [ParNew: 118016K->13056K(118016K), 0.0747895 secs] 1714786K->1624597K(25152768K), 0.0751426 secs] [Times: user=0.80 sys=0.02, real=0.07 secs] 
2014-04-09T12:28:17.887+0900: 26.477: [GC (Allocation Failure) 26.477: [ParNew: 118016K->13056K(118016K), 0.0827105 secs] 1729557K->1640660K(25152768K), 0.0830648 secs] [Times: user=0.88 sys=0.01, real=0.08 secs] 
2014-04-09T12:28:18.043+0900: 26.633: [GC (Allocation Failure) 26.634: [ParNew: 118016K->13056K(118016K), 0.0781716 secs] 1745620K->1658675K(25152768K), 0.0785257 secs] [Times: user=0.83 sys=0.02, real=0.08 secs] 
2014-04-09T12:28:18.198+0900: 26.788: [GC (Allocation Failure) 26.788: [ParNew: 118016K->13056K(118016K), 0.0789571 secs] 1763635K->1675250K(25152768K), 0.0793109 secs] [Times: user=0.83 sys=0.02, real=0.08 secs] 
2014-04-09T12:28:18.358+0900: 26.948: [GC (Allocation Failure) 26.948: [ParNew: 118016K->13056K(118016K), 0.0855253 secs] 1780210K->1693900K(25152768K), 0.0858900 secs] [Times: user=0.92 sys=0.03, real=0.08 secs] 
2014-04-09T12:28:18.520+0900: 27.110: [GC (Allocation Failure) 27.110: [ParNew: 118016K->13056K(118016K), 0.0811345 secs] 1798860K->1712685K(25152768K), 0.0814960 secs] [Times: user=0.92 sys=0.02, real=0.08 secs] 
2014-04-09T12:28:18.677+0900: 27.267: [GC (Allocation Failure) 27.268: [ParNew: 118016K->13056K(118016K), 0.0749293 secs] 1817645K->1732409K(25152768K), 0.0752860 secs] [Times: user=0.82 sys=0.01, real=0.07 secs] 
2014-04-09T12:28:18.835+0900: 27.425: [GC (Allocation Failure) 27.425: [ParNew: 118016K->13056K(118016K), 0.0708659 secs] 1837369K->1745123K(25152768K), 0.0712119 secs] [Times: user=0.81 sys=0.02, real=0.07 secs] 
2014-04-09T12:28:18.982+0900: 27.572: [GC (Allocation Failure) 27.572: [ParNew: 118016K->13056K(118016K), 0.0816635 secs] 1850083K->1763003K(25152768K), 0.0820104 secs] [Times: user=0.88 sys=0.03, real=0.08 secs] 
2014-04-09T12:28:19.140+0900: 27.730: [GC (Allocation Failure) 27.730: [ParNew: 118016K->13056K(118016K), 0.0821972 secs] 1867963K->1779119K(25152768K), 0.0825476 secs] [Times: user=0.89 sys=0.03, real=0.08 secs] 
2014-04-09T12:28:19.299+0900: 27.889: [GC (Allocation Failure) 27.889: [ParNew: 118016K->13056K(118016K), 0.0771706 secs] 1884079K->1795196K(25152768K), 0.0775269 secs] [Times: user=0.83 sys=0.02, real=0.08 secs] 
2014-04-09T12:28:19.454+0900: 28.044: [GC (Allocation Failure) 28.045: [ParNew: 118016K->13056K(118016K), 0.0785410 secs] 1900156K->1811674K(25152768K), 0.0788872 secs] [Times: user=0.83 sys=0.02, real=0.07 secs] 
2014-04-09T12:28:19.609+0900: 28.199: [GC (Allocation Failure) 28.199: [ParNew: 118016K->13056K(118016K), 0.0664794 secs] 1916634K->1827662K(25152768K), 0.0668237 secs] [Times: user=0.70 sys=0.02, real=0.07 secs] 
2014-04-09T12:28:19.749+0900: 28.339: [GC (Allocation Failure) 28.339: [ParNew: 118016K->13056K(118016K), 0.0783897 secs] 1932622K->1845273K(25152768K), 0.0787360 secs] [Times: user=0.83 sys=0.03, real=0.08 secs] 
2014-04-09T12:28:19.900+0900: 28.490: [GC (Allocation Failure) 28.491: [ParNew: 118016K->13056K(118016K), 0.0806697 secs] 1950233K->1859961K(25152768K), 0.0810200 secs] [Times: user=0.88 sys=0.02, real=0.08 secs] 
2014-04-09T12:28:20.056+0900: 28.646: [GC (Allocation Failure) 28.646: [ParNew: 118016K->13056K(118016K), 0.0747241 secs] 1964921K->1877842K(25152768K), 0.0750812 secs] [Times: user=0.81 sys=0.02, real=0.07 secs] 
2014-04-09T12:28:20.206+0900: 28.796: [GC (Allocation Failure) 28.796: [ParNew: 118016K->13056K(118016K), 0.0790057 secs] 1982802K->1894616K(25152768K), 0.0793549 secs] [Times: user=0.85 sys=0.02, real=0.08 secs] 
2014-04-09T12:28:20.359+0900: 28.949: [GC (Allocation Failure) 28.949: [ParNew: 118016K->13056K(118016K), 0.0759289 secs] 1999576K->1910582K(25152768K), 0.0762894 secs] [Times: user=0.83 sys=0.02, real=0.08 secs] 
2014-04-09T12:28:20.509+0900: 29.099: [GC (Allocation Failure) 29.100: [ParNew: 118016K->13056K(118016K), 0.0705495 secs] 2015542K->1926582K(25152768K), 0.0709038 secs] [Times: user=0.76 sys=0.02, real=0.07 secs] 
2014-04-09T12:28:20.652+0900: 29.242: [GC (Allocation Failure) 29.242: [ParNew: 118016K->13056K(118016K), 0.0843855 secs] 2031542K->1943229K(25152768K), 0.0847526 secs] [Times: user=0.90 sys=0.02, real=0.09 secs] 
2014-04-09T12:28:20.812+0900: 29.402: [GC (Allocation Failure) 29.402: [ParNew: 118016K->13056K(118016K), 0.0812945 secs] 2048189K->1960047K(25152768K), 0.0816522 secs] [Times: user=0.87 sys=0.02, real=0.08 secs] 
2014-04-09T12:28:20.966+0900: 29.556: [GC (Allocation Failure) 29.556: [ParNew: 118016K->13056K(118016K), 0.0827218 secs] 2065007K->1976598K(25152768K), 0.0830768 secs] [Times: user=0.89 sys=0.02, real=0.08 secs] 
2014-04-09T12:28:21.122+0900: 29.712: [GC (Allocation Failure) 29.712: [ParNew: 118016K->13056K(118016K), 0.0809326 secs] 2081558K->1992981K(25152768K), 0.0812911 secs] [Times: user=0.89 sys=0.02, real=0.08 secs] 
2014-04-09T12:28:21.277+0900: 29.867: [GC (Allocation Failure) 29.867: [ParNew: 118016K->13056K(118016K), 0.0796127 secs] 2097941K->2010702K(25152768K), 0.0799679 secs] [Times: user=0.83 sys=0.04, real=0.08 secs] 
2014-04-09T12:28:21.432+0900: 30.022: [GC (Allocation Failure) 30.022: [ParNew: 118016K->13056K(118016K), 0.0766482 secs] 2115662K->2026692K(25152768K), 0.0770040 secs] [Times: user=0.82 sys=0.02, real=0.08 secs] 
2014-04-09T12:28:21.584+0900: 30.174: [GC (Allocation Failure) 30.174: [ParNew: 118016K->13056K(118016K), 0.0668008 secs] 2131652K->2042812K(25152768K), 0.0671547 secs] [Times: user=0.72 sys=0.02, real=0.07 secs] 
2014-04-09T12:28:21.728+0900: 30.318: [GC (Allocation Failure) 30.319: [ParNew: 118016K->13056K(118016K), 0.0777777 secs] 2147772K->2059765K(25152768K), 0.0781313 secs] [Times: user=0.84 sys=0.02, real=0.08 secs] 
2014-04-09T12:28:21.882+0900: 30.472: [GC (Allocation Failure) 30.472: [ParNew: 118016K->13056K(118016K), 0.0799656 secs] 2164725K->2077710K(25152768K), 0.0803220 secs] [Times: user=0.84 sys=0.03, real=0.08 secs] 
2014-04-09T12:28:22.037+0900: 30.627: [GC (Allocation Failure) 30.627: [ParNew: 118016K->13056K(118016K), 0.0783704 secs] 2182670K->2094639K(25152768K), 0.0787269 secs] [Times: user=0.84 sys=0.03, real=0.08 secs] 
2014-04-09T12:28:22.199+0900: 30.789: [GC (Allocation Failure) 30.789: [ParNew: 118016K->13056K(118016K), 0.0775445 secs] 2199599K->2111085K(25152768K), 0.0779069 secs] [Times: user=0.83 sys=0.02, real=0.08 secs] 
2014-04-09T12:28:22.351+0900: 30.942: [GC (Allocation Failure) 30.942: [ParNew: 118016K->13056K(118016K), 0.0780921 secs] 2216045K->2127432K(25152768K), 0.0784384 secs] [Times: user=0.86 sys=0.01, real=0.08 secs] 
2014-04-09T12:28:22.509+0900: 31.099: [GC (Allocation Failure) 31.099: [ParNew: 118016K->13056K(118016K), 0.0819261 secs] 2232392K->2143115K(25152768K), 0.0822867 secs] [Times: user=0.88 sys=0.02, real=0.08 secs] 
2014-04-09T12:28:22.665+0900: 31.255: [GC (Allocation Failure) 31.255: [ParNew: 118016K->13056K(118016K), 0.0662332 secs] 2248075K->2161489K(25152768K), 0.0665810 secs] [Times: user=0.71 sys=0.02, real=0.07 secs] 
2014-04-09T12:28:22.805+0900: 31.395: [GC (Allocation Failure) 31.395: [ParNew: 118016K->13056K(118016K), 0.0726078 secs] 2266449K->2178186K(25152768K), 0.0729717 secs] [Times: user=0.77 sys=0.03, real=0.08 secs] 
2014-04-09T12:28:22.952+0900: 31.542: [GC (Allocation Failure) 31.542: [ParNew: 118016K->13056K(118016K), 0.0807043 secs] 2283146K->2194739K(25152768K), 0.0810607 secs] [Times: user=0.89 sys=0.02, real=0.08 secs] 
2014-04-09T12:28:23.107+0900: 31.697: [GC (Allocation Failure) 31.698: [ParNew: 118016K->13056K(118016K), 0.0750962 secs] 2299699K->2212026K(25152768K), 0.0754529 secs] [Times: user=0.79 sys=0.02, real=0.07 secs] 
2014-04-09T12:28:23.261+0900: 31.851: [GC (Allocation Failure) 31.851: [ParNew: 118016K->13056K(118016K), 0.0792490 secs] 2316986K->2228767K(25152768K), 0.0796046 secs] [Times: user=0.85 sys=0.02, real=0.08 secs] 
2014-04-09T12:28:23.416+0900: 32.006: [GC (Allocation Failure) 32.006: [ParNew: 118016K->13056K(118016K), 0.0706552 secs] 2333727K->2246150K(25152768K), 0.0710097 secs] [Times: user=0.74 sys=0.01, real=0.07 secs] 
2014-04-09T12:28:23.561+0900: 32.151: [GC (Allocation Failure) 32.151: [ParNew: 118016K->13056K(118016K), 0.0733782 secs] 2351110K->2260624K(25152768K), 0.0737415 secs] [Times: user=0.81 sys=0.02, real=0.07 secs] 
2014-04-09T12:28:23.711+0900: 32.301: [GC (Allocation Failure) 32.301: [ParNew: 118016K->13056K(118016K), 0.0816331 secs] 2365584K->2277497K(25152768K), 0.0819913 secs] [Times: user=0.89 sys=0.01, real=0.08 secs] 
2014-04-09T12:28:23.869+0900: 32.459: [GC (Allocation Failure) 32.459: [ParNew: 118016K->13056K(118016K), 0.0777902 secs] 2382457K->2295387K(25152768K), 0.0781375 secs] [Times: user=0.81 sys=0.02, real=0.08 secs] 
2014-04-09T12:28:24.028+0900: 32.618: [GC (Allocation Failure) 32.618: [ParNew: 118016K->13056K(118016K), 0.0739647 secs] 2400347K->2312595K(25152768K), 0.0743238 secs] [Times: user=0.78 sys=0.01, real=0.07 secs] 
2014-04-09T12:28:24.181+0900: 32.771: [GC (Allocation Failure) 32.771: [ParNew: 118016K->13056K(118016K), 0.0762931 secs] 2417555K->2328276K(25152768K), 0.0766507 secs] [Times: user=0.84 sys=0.02, real=0.08 secs] 
2014-04-09T12:28:24.335+0900: 32.925: [GC (Allocation Failure) 32.926: [ParNew: 118016K->13056K(118016K), 0.0763401 secs] 2433236K->2345485K(25152768K), 0.0767037 secs] [Times: user=0.81 sys=0.02, real=0.08 secs] 
2014-04-09T12:28:24.485+0900: 33.075: [GC (Allocation Failure) 33.076: [ParNew: 118016K->13056K(118016K), 0.0778733 secs] 2450445K->2361806K(25152768K), 0.0782293 secs] [Times: user=0.83 sys=0.02, real=0.07 secs] 
2014-04-09T12:28:24.637+0900: 33.227: [GC (Allocation Failure) 33.227: [ParNew: 118016K->13056K(118016K), 0.0738074 secs] 2466766K->2377916K(25152768K), 0.0741624 secs] [Times: user=0.80 sys=0.02, real=0.07 secs] 
2014-04-09T12:28:24.786+0900: 33.376: [GC (Allocation Failure) 33.376: [ParNew: 118016K->13056K(118016K), 0.0690043 secs] 2482876K->2394977K(25152768K), 0.0693705 secs] [Times: user=0.70 sys=0.02, real=0.07 secs] 
2014-04-09T12:28:24.931+0900: 33.521: [GC (Allocation Failure) 33.521: [ParNew: 118016K->13056K(118016K), 0.0727752 secs] 2499937K->2411155K(25152768K), 0.0731375 secs] [Times: user=0.78 sys=0.02, real=0.07 secs] 
2014-04-09T12:28:25.080+0900: 33.670: [GC (Allocation Failure) 33.670: [ParNew: 118016K->13056K(118016K), 0.0677314 secs] 2516115K->2428274K(25152768K), 0.0680908 secs] [Times: user=0.73 sys=0.02, real=0.07 secs] 
2014-04-09T12:28:25.223+0900: 33.813: [GC (Allocation Failure) 33.813: [ParNew: 118016K->13056K(118016K), 0.0801069 secs] 2533234K->2444377K(25152768K), 0.0804739 secs] [Times: user=0.88 sys=0.02, real=0.08 secs] 
2014-04-09T12:28:25.379+0900: 33.969: [GC (Allocation Failure) 33.970: [ParNew: 118016K->13056K(118016K), 0.0682557 secs] 2549337K->2462123K(25152768K), 0.0686112 secs] [Times: user=0.71 sys=0.01, real=0.07 secs] 
2014-04-09T12:28:25.524+0900: 34.114: [GC (Allocation Failure) 34.114: [ParNew: 118016K->13056K(118016K), 0.0755621 secs] 2567083K->2479046K(25152768K), 0.0759201 secs] [Times: user=0.83 sys=0.02, real=0.08 secs] 
2014-04-09T12:28:25.677+0900: 34.267: [GC (Allocation Failure) 34.267: [ParNew: 118016K->13056K(118016K), 0.0691949 secs] 2584006K->2494033K(25152768K), 0.0695683 secs] [Times: user=0.72 sys=0.01, real=0.07 secs] 
2014-04-09T12:28:25.821+0900: 34.411: [GC (Allocation Failure) 34.411: [ParNew: 118016K->13056K(118016K), 0.0773880 secs] 2598993K->2510533K(25152768K), 0.0777563 secs] [Times: user=0.83 sys=0.02, real=0.08 secs] 
2014-04-09T12:28:25.970+0900: 34.560: [GC (Allocation Failure) 34.560: [ParNew: 118016K->13056K(118016K), 0.0749367 secs] 2615493K->2527805K(25152768K), 0.0752974 secs] [Times: user=0.80 sys=0.01, real=0.08 secs] 
2014-04-09T12:28:26.118+0900: 34.708: [GC (Allocation Failure) 34.708: [ParNew: 118016K->13056K(118016K), 0.0756669 secs] 2632765K->2544766K(25152768K), 0.0760422 secs] [Times: user=0.83 sys=0.02, real=0.07 secs] 
2014-04-09T12:28:26.266+0900: 34.856: [GC (Allocation Failure) 34.856: [ParNew: 118016K->13056K(118016K), 0.0769715 secs] 2649726K->2561880K(25152768K), 0.0773243 secs] [Times: user=0.80 sys=0.02, real=0.07 secs] 
2014-04-09T12:28:26.420+0900: 35.010: [GC (Allocation Failure) 35.011: [ParNew: 118016K->13056K(118016K), 0.0693892 secs] 2666840K->2578227K(25152768K), 0.0697541 secs] [Times: user=0.74 sys=0.02, real=0.07 secs] 
2014-04-09T12:28:26.565+0900: 35.155: [GC (Allocation Failure) 35.155: [ParNew: 118016K->13056K(118016K), 0.0717659 secs] 2683187K->2595045K(25152768K), 0.0721196 secs] [Times: user=0.75 sys=0.01, real=0.08 secs] 
2014-04-09T12:28:26.716+0900: 35.306: [GC (Allocation Failure) 35.306: [ParNew: 118016K->13056K(118016K), 0.0736201 secs] 2700005K->2609222K(25152768K), 0.0739714 secs] [Times: user=0.81 sys=0.01, real=0.07 secs] 
2014-04-09T12:28:26.866+0900: 35.456: [GC (Allocation Failure) 35.456: [ParNew: 118016K->13056K(118016K), 0.0731016 secs] 2714182K->2626906K(25152768K), 0.0734566 secs] [Times: user=0.78 sys=0.03, real=0.07 secs] 
2014-04-09T12:28:27.013+0900: 35.603: [GC (Allocation Failure) 35.603: [ParNew: 118016K->13056K(118016K), 0.0750166 secs] 2731866K->2643874K(25152768K), 0.0753652 secs] [Times: user=0.82 sys=0.02, real=0.08 secs] 
2014-04-09T12:28:27.161+0900: 35.751: [GC (Allocation Failure) 35.751: [ParNew: 118016K->13056K(118016K), 0.0783138 secs] 2748834K->2660261K(25152768K), 0.0786595 secs] [Times: user=0.85 sys=0.02, real=0.08 secs] 
2014-04-09T12:28:27.320+0900: 35.910: [GC (Allocation Failure) 35.910: [ParNew: 118016K->13056K(118016K), 0.0788920 secs] 2765221K->2678733K(25152768K), 0.0792395 secs] [Times: user=0.81 sys=0.02, real=0.08 secs] 
2014-04-09T12:28:27.475+0900: 36.065: [GC (Allocation Failure) 36.066: [ParNew: 118016K->13056K(118016K), 0.0715295 secs] 2783693K->2694792K(25152768K), 0.0718790 secs] [Times: user=0.77 sys=0.03, real=0.07 secs] 
2014-04-09T12:28:27.631+0900: 36.221: [GC (Allocation Failure) 36.221: [ParNew: 118016K->13056K(118016K), 0.0664749 secs] 2799752K->2711347K(25152768K), 0.0668191 secs] [Times: user=0.71 sys=0.02, real=0.07 secs] 
2014-04-09T12:28:27.777+0900: 36.367: [GC (Allocation Failure) 36.367: [ParNew: 118016K->13056K(118016K), 0.0682057 secs] 2816307K->2726460K(25152768K), 0.0685633 secs] [Times: user=0.75 sys=0.02, real=0.07 secs] 
2014-04-09T12:28:27.924+0900: 36.514: [GC (Allocation Failure) 36.514: [ParNew: 118016K->13056K(118016K), 0.0740330 secs] 2831420K->2743881K(25152768K), 0.0743809 secs] [Times: user=0.77 sys=0.02, real=0.08 secs] 
2014-04-09T12:28:28.072+0900: 36.662: [GC (Allocation Failure) 36.662: [ParNew: 118016K->13056K(118016K), 0.0735309 secs] 2848841K->2760366K(25152768K), 0.0738804 secs] [Times: user=0.78 sys=0.02, real=0.08 secs] 
2014-04-09T12:28:28.230+0900: 36.820: [GC (Allocation Failure) 36.821: [ParNew: 118016K->13056K(118016K), 0.0703353 secs] 2865326K->2777960K(25152768K), 0.0706896 secs] [Times: user=0.75 sys=0.02, real=0.07 secs] 
2014-04-09T12:28:28.377+0900: 36.967: [GC (Allocation Failure) 36.967: [ParNew: 118016K->13056K(118016K), 0.0737024 secs] 2882920K->2794395K(25152768K), 0.0740501 secs] [Times: user=0.79 sys=0.01, real=0.07 secs] 
2014-04-09T12:28:28.528+0900: 37.118: [GC (Allocation Failure) 37.118: [ParNew: 118016K->13056K(118016K), 0.0739219 secs] 2899355K->2810465K(25152768K), 0.0742786 secs] [Times: user=0.81 sys=0.02, real=0.07 secs] 
2014-04-09T12:28:28.676+0900: 37.266: [GC (Allocation Failure) 37.266: [ParNew: 118015K->13056K(118016K), 0.0780778 secs] 2915424K->2827695K(25152768K), 0.0784327 secs] [Times: user=0.80 sys=0.03, real=0.07 secs] 
2014-04-09T12:28:28.836+0900: 37.426: [GC (Allocation Failure) 37.426: [ParNew: 118016K->13056K(118016K), 0.0747499 secs] 2932655K->2842910K(25152768K), 0.0750947 secs] [Times: user=0.81 sys=0.01, real=0.08 secs] 
2014-04-09T12:28:28.986+0900: 37.576: [GC (Allocation Failure) 37.576: [ParNew: 118016K->13056K(118016K), 0.0754375 secs] 2947870K->2860252K(25152768K), 0.0758135 secs] [Times: user=0.81 sys=0.02, real=0.07 secs] 
2014-04-09T12:28:29.137+0900: 37.727: [GC (Allocation Failure) 37.728: [ParNew: 118016K->13056K(118016K), 0.0736625 secs] 2965212K->2877478K(25152768K), 0.0740190 secs] [Times: user=0.79 sys=0.01, real=0.07 secs] 
2014-04-09T12:28:29.285+0900: 37.875: [GC (Allocation Failure) 37.875: [ParNew: 118016K->13056K(118016K), 0.0735724 secs] 2982438K->2895951K(25152768K), 0.0739257 secs] [Times: user=0.80 sys=0.01, real=0.08 secs] 
2014-04-09T12:28:29.431+0900: 38.021: [GC (Allocation Failure) 38.021: [ParNew: 118016K->13056K(118016K), 0.0718668 secs] 3000911K->2910481K(25152768K), 0.0722139 secs] [Times: user=0.80 sys=0.02, real=0.07 secs] 
2014-04-09T12:28:29.579+0900: 38.169: [GC (Allocation Failure) 38.169: [ParNew: 118016K->13056K(118016K), 0.0755229 secs] 3015441K->2929587K(25152768K), 0.0758842 secs] [Times: user=0.79 sys=0.03, real=0.07 secs] 
2014-04-09T12:28:29.731+0900: 38.321: [GC (Allocation Failure) 38.321: [ParNew: 118016K->13056K(118016K), 0.0804146 secs] 3034547K->2946542K(25152768K), 0.0807703 secs] [Times: user=0.88 sys=0.01, real=0.08 secs] 
2014-04-09T12:28:29.886+0900: 38.476: [GC (Allocation Failure) 38.476: [ParNew: 118016K->13056K(118016K), 0.0657381 secs] 3051502K->2962323K(25152768K), 0.0660855 secs] [Times: user=0.69 sys=0.01, real=0.07 secs] 
2014-04-09T12:28:30.027+0900: 38.617: [GC (Allocation Failure) 38.617: [ParNew: 118016K->13056K(118016K), 0.0718128 secs] 3067283K->2978532K(25152768K), 0.0721606 secs] [Times: user=0.80 sys=0.01, real=0.07 secs] 
2014-04-09T12:28:30.174+0900: 38.764: [GC (Allocation Failure) 38.764: [ParNew: 118015K->13056K(118016K), 0.0807800 secs] 3083492K->2996170K(25152768K), 0.0811263 secs] [Times: user=0.86 sys=0.02, real=0.08 secs] 
2014-04-09T12:28:30.331+0900: 38.921: [GC (Allocation Failure) 38.921: [ParNew: 118016K->13056K(118016K), 0.0791378 secs] 3101130K->3013435K(25152768K), 0.0794927 secs] [Times: user=0.85 sys=0.03, real=0.08 secs] 
2014-04-09T12:28:30.493+0900: 39.083: [GC (Allocation Failure) 39.083: [ParNew: 118016K->13056K(118016K), 0.0725101 secs] 3118395K->3030630K(25152768K), 0.0728602 secs] [Times: user=0.76 sys=0.01, real=0.07 secs] 
2014-04-09T12:28:30.639+0900: 39.229: [GC (Allocation Failure) 39.230: [ParNew: 118016K->13056K(118016K), 0.0646262 secs] 3135590K->3047273K(25152768K), 0.0649928 secs] [Times: user=0.67 sys=0.02, real=0.06 secs] 
2014-04-09T12:28:30.778+0900: 39.368: [GC (Allocation Failure) 39.368: [ParNew: 118015K->13056K(118016K), 0.0798884 secs] 3152233K->3063938K(25152768K), 0.0802426 secs] [Times: user=0.86 sys=0.02, real=0.08 secs] 
2014-04-09T12:28:30.930+0900: 39.520: [GC (Allocation Failure) 39.520: [ParNew: 118016K->13056K(118016K), 0.0711199 secs] 3168898K->3080337K(25152768K), 0.0714757 secs] [Times: user=0.77 sys=0.02, real=0.07 secs] 
2014-04-09T12:28:31.080+0900: 39.670: [GC (Allocation Failure) 39.671: [ParNew: 118016K->13056K(118016K), 0.0750630 secs] 3185297K->3096775K(25152768K), 0.0754112 secs] [Times: user=0.82 sys=0.02, real=0.07 secs] 
2014-04-09T12:28:31.243+0900: 39.833: [GC (Allocation Failure) 39.833: [ParNew: 118016K->13056K(118016K), 0.0882990 secs] 3201735K->3122431K(25152768K), 0.0886484 secs] [Times: user=1.01 sys=0.01, real=0.09 secs] 
2014-04-09T12:28:31.404+0900: 39.995: [GC (Allocation Failure) 39.995: [ParNew: 118016K->13056K(118016K), 0.0733942 secs] 3227391K->3141213K(25152768K), 0.0737515 secs] [Times: user=0.82 sys=0.02, real=0.08 secs] 
2014-04-09T12:28:31.553+0900: 40.143: [GC (Allocation Failure) 40.143: [ParNew: 118016K->13056K(118016K), 0.0718392 secs] 3246173K->3157984K(25152768K), 0.0722065 secs] [Times: user=0.80 sys=0.02, real=0.07 secs] 
2014-04-09T12:28:31.701+0900: 40.291: [GC (Allocation Failure) 40.292: [ParNew: 118016K->13056K(118016K), 0.0646817 secs] 3262944K->3173618K(25152768K), 0.0650403 secs] [Times: user=0.70 sys=0.02, real=0.07 secs] 
2014-04-09T12:28:31.843+0900: 40.433: [GC (Allocation Failure) 40.433: [ParNew: 118016K->13056K(118016K), 0.0722788 secs] 3278578K->3190467K(25152768K), 0.0726476 secs] [Times: user=0.80 sys=0.01, real=0.07 secs] 
2014-04-09T12:28:31.999+0900: 40.589: [GC (Allocation Failure) 40.589: [ParNew: 118016K->13056K(118016K), 0.0764671 secs] 3295427K->3205385K(25152768K), 0.0768234 secs] [Times: user=0.83 sys=0.01, real=0.07 secs] 
2014-04-09T12:28:32.148+0900: 40.738: [GC (Allocation Failure) 40.738: [ParNew: 118016K->13056K(118016K), 0.0683199 secs] 3310345K->3222039K(25152768K), 0.0686749 secs] [Times: user=0.73 sys=0.03, real=0.07 secs] 
2014-04-09T12:28:32.291+0900: 40.881: [GC (Allocation Failure) 40.882: [ParNew: 118016K->13056K(118016K), 0.0652219 secs] 3326999K->3239861K(25152768K), 0.0655877 secs] [Times: user=0.68 sys=0.02, real=0.07 secs] 
2014-04-09T12:28:32.436+0900: 41.026: [GC (Allocation Failure) 41.027: [ParNew: 118016K->13056K(118016K), 0.0736116 secs] 3344821K->3255374K(25152768K), 0.0739764 secs] [Times: user=0.82 sys=0.02, real=0.08 secs] 
2014-04-09T12:28:32.587+0900: 41.177: [GC (Allocation Failure) 41.178: [ParNew: 118016K->13056K(118016K), 0.0757198 secs] 3360334K->3271491K(25152768K), 0.0760882 secs] [Times: user=0.82 sys=0.01, real=0.07 secs] 
2014-04-09T12:28:32.741+0900: 41.331: [GC (Allocation Failure) 41.332: [ParNew: 118016K->13056K(118016K), 0.0728582 secs] 3376451K->3289222K(25152768K), 0.0732145 secs] [Times: user=0.79 sys=0.01, real=0.07 secs] 
2014-04-09T12:28:32.890+0900: 41.480: [GC (Allocation Failure) 41.480: [ParNew: 118016K->13056K(118016K), 0.0750842 secs] 3394182K->3306213K(25152768K), 0.0754412 secs] [Times: user=0.82 sys=0.02, real=0.07 secs] 
2014-04-09T12:28:33.045+0900: 41.635: [GC (Allocation Failure) 41.635: [ParNew: 118016K->13056K(118016K), 0.0769436 secs] 3411173K->3321062K(25152768K), 0.0773019 secs] [Times: user=0.84 sys=0.02, real=0.08 secs] 
2014-04-09T12:28:33.198+0900: 41.788: [GC (Allocation Failure) 41.788: [ParNew: 118016K->13056K(118016K), 0.0775380 secs] 3426022K->3338718K(25152768K), 0.0779037 secs] [Times: user=0.81 sys=0.02, real=0.07 secs] 
2014-04-09T12:28:33.350+0900: 41.940: [GC (Allocation Failure) 41.941: [ParNew: 118016K->13056K(118016K), 0.0725899 secs] 3443678K->3355760K(25152768K), 0.0729551 secs] [Times: user=0.77 sys=0.02, real=0.07 secs] 
2014-04-09T12:28:33.501+0900: 42.091: [GC (Allocation Failure) 42.091: [ParNew: 118016K->13056K(118016K), 0.0665214 secs] 3460720K->3373459K(25152768K), 0.0668812 secs] [Times: user=0.71 sys=0.01, real=0.07 secs] 
2014-04-09T12:28:33.646+0900: 42.236: [GC (Allocation Failure) 42.236: [ParNew: 118016K->13056K(118016K), 0.0717709 secs] 3478419K->3389399K(25152768K), 0.0721276 secs] [Times: user=0.79 sys=0.02, real=0.08 secs] 
2014-04-09T12:28:33.795+0900: 42.385: [GC (Allocation Failure) 42.386: [ParNew: 118016K->13056K(118016K), 0.0692342 secs] 3494359K->3405569K(25152768K), 0.0695955 secs] [Times: user=0.75 sys=0.01, real=0.07 secs] 
2014-04-09T12:28:33.943+0900: 42.533: [GC (Allocation Failure) 42.533: [ParNew: 118016K->13056K(118016K), 0.0834604 secs] 3510529K->3421699K(25152768K), 0.0838273 secs] [Times: user=0.83 sys=0.02, real=0.09 secs] 
2014-04-09T12:28:34.105+0900: 42.695: [GC (Allocation Failure) 42.695: [ParNew: 118016K->13056K(118016K), 0.0700135 secs] 3526659K->3438031K(25152768K), 0.0703699 secs] [Times: user=0.75 sys=0.01, real=0.07 secs] 
2014-04-09T12:28:34.254+0900: 42.844: [GC (Allocation Failure) 42.844: [ParNew: 118016K->13056K(118016K), 0.0729281 secs] 3542991K->3454721K(25152768K), 0.0732845 secs] [Times: user=0.79 sys=0.02, real=0.08 secs] 
2014-04-09T12:28:34.404+0900: 42.994: [GC (Allocation Failure) 42.994: [ParNew: 118016K->13056K(118016K), 0.0736460 secs] 3559681K->3472187K(25152768K), 0.0740071 secs] [Times: user=0.80 sys=0.02, real=0.08 secs] 
2014-04-09T12:28:34.552+0900: 43.142: [GC (Allocation Failure) 43.143: [ParNew: 118016K->13056K(118016K), 0.0693713 secs] 3577147K->3488163K(25152768K), 0.0697306 secs] [Times: user=0.73 sys=0.02, real=0.07 secs] 
2014-04-09T12:28:34.694+0900: 43.284: [GC (Allocation Failure) 43.285: [ParNew: 118016K->13056K(118016K), 0.0729003 secs] 3593123K->3504427K(25152768K), 0.0732774 secs] [Times: user=0.78 sys=0.01, real=0.08 secs] 
2014-04-09T12:28:34.845+0900: 43.435: [GC (Allocation Failure) 43.435: [ParNew: 118016K->13056K(118016K), 0.0754559 secs] 3609387K->3520834K(25152768K), 0.0758130 secs] [Times: user=0.80 sys=0.02, real=0.08 secs] 
2014-04-09T12:28:34.995+0900: 43.585: [GC (Allocation Failure) 43.586: [ParNew: 118016K->13056K(118016K), 0.0688008 secs] 3625794K->3539176K(25152768K), 0.0691589 secs] [Times: user=0.73 sys=0.02, real=0.07 secs] 
2014-04-09T12:28:35.143+0900: 43.733: [GC (Allocation Failure) 43.733: [ParNew: 118016K->13056K(118016K), 0.0764437 secs] 3644136K->3553505K(25152768K), 0.0768100 secs] [Times: user=0.85 sys=0.02, real=0.08 secs] 
2014-04-09T12:28:35.295+0900: 43.885: [GC (Allocation Failure) 43.885: [ParNew: 118016K->13056K(118016K), 0.0791350 secs] 3658465K->3570006K(25152768K), 0.0795018 secs] [Times: user=0.85 sys=0.03, real=0.08 secs] 
2014-04-09T12:28:35.451+0900: 44.041: [GC (Allocation Failure) 44.041: [ParNew: 118016K->13056K(118016K), 0.0699466 secs] 3674966K->3587233K(25152768K), 0.0703120 secs] [Times: user=0.76 sys=0.02, real=0.07 secs] 
2014-04-09T12:28:35.595+0900: 44.185: [GC (Allocation Failure) 44.185: [ParNew: 118016K->13056K(118016K), 0.0725683 secs] 3692193K->3603603K(25152768K), 0.0729279 secs] [Times: user=0.80 sys=0.02, real=0.08 secs] 
2014-04-09T12:28:35.747+0900: 44.337: [GC (Allocation Failure) 44.337: [ParNew: 118016K->13056K(118016K), 0.0787045 secs] 3708563K->3620060K(25152768K), 0.0790683 secs] [Times: user=0.82 sys=0.03, real=0.08 secs] 
2014-04-09T12:28:35.907+0900: 44.498: [GC (Allocation Failure) 44.498: [ParNew: 118015K->13056K(118016K), 0.0743357 secs] 3725020K->3637374K(25152768K), 0.0746912 secs] [Times: user=0.80 sys=0.02, real=0.07 secs] 
2014-04-09T12:28:36.060+0900: 44.650: [GC (Allocation Failure) 44.651: [ParNew: 118016K->13056K(118016K), 0.0718308 secs] 3742334K->3654205K(25152768K), 0.0722059 secs] [Times: user=0.78 sys=0.02, real=0.07 secs] 
2014-04-09T12:28:36.210+0900: 44.800: [GC (Allocation Failure) 44.800: [ParNew: 118016K->13056K(118016K), 0.0752964 secs] 3759165K->3669852K(25152768K), 0.0756566 secs] [Times: user=0.82 sys=0.02, real=0.07 secs] 
2014-04-09T12:28:36.359+0900: 44.949: [GC (Allocation Failure) 44.949: [ParNew: 118016K->13056K(118016K), 0.0670972 secs] 3774812K->3686453K(25152768K), 0.0674567 secs] [Times: user=0.72 sys=0.01, real=0.06 secs] 
2014-04-09T12:28:36.500+0900: 45.090: [GC (Allocation Failure) 45.091: [ParNew: 118016K->13056K(118016K), 0.0756686 secs] 3791413K->3703476K(25152768K), 0.0760368 secs] [Times: user=0.82 sys=0.01, real=0.07 secs] 
2014-04-09T12:28:36.653+0900: 45.243: [GC (Allocation Failure) 45.243: [ParNew: 118016K->13056K(118016K), 0.0642243 secs] 3808436K->3720182K(25152768K), 0.0645931 secs] [Times: user=0.69 sys=0.02, real=0.07 secs] 
2014-04-09T12:28:36.793+0900: 45.383: [GC (Allocation Failure) 45.384: [ParNew: 118016K->13056K(118016K), 0.0667330 secs] 3825142K->3736581K(25152768K), 0.0671020 secs] [Times: user=0.72 sys=0.02, real=0.07 secs] 
2014-04-09T12:28:36.932+0900: 45.522: [GC (Allocation Failure) 45.522: [ParNew: 118016K->13056K(118016K), 0.0673807 secs] 3841541K->3753348K(25152768K), 0.0677487 secs] [Times: user=0.72 sys=0.01, real=0.07 secs] 
2014-04-09T12:28:37.078+0900: 45.668: [GC (Allocation Failure) 45.668: [ParNew: 118016K->13056K(118016K), 0.0738071 secs] 3858308K->3770327K(25152768K), 0.0741645 secs] [Times: user=0.81 sys=0.01, real=0.07 secs] 
2014-04-09T12:28:37.231+0900: 45.821: [GC (Allocation Failure) 45.821: [ParNew: 118016K->13056K(118016K), 0.0648199 secs] 3875287K->3784773K(25152768K), 0.0651805 secs] [Times: user=0.71 sys=0.01, real=0.06 secs] 
2014-04-09T12:28:37.371+0900: 45.961: [GC (Allocation Failure) 45.961: [ParNew: 118016K->13056K(118016K), 0.0777787 secs] 3889733K->3801556K(25152768K), 0.0781408 secs] [Times: user=0.84 sys=0.02, real=0.08 secs] 
2014-04-09T12:28:37.526+0900: 46.116: [GC (Allocation Failure) 46.116: [ParNew: 118016K->13056K(118016K), 0.0725243 secs] 3906516K->3819172K(25152768K), 0.0728887 secs] [Times: user=0.77 sys=0.02, real=0.08 secs] 
2014-04-09T12:28:37.672+0900: 46.262: [GC (Allocation Failure) 46.262: [ParNew: 118016K->13056K(118016K), 0.0728304 secs] 3924132K->3837135K(25152768K), 0.0731962 secs] [Times: user=0.79 sys=0.02, real=0.07 secs] 
2014-04-09T12:28:37.819+0900: 46.409: [GC (Allocation Failure) 46.410: [ParNew: 118016K->13056K(118016K), 0.0764707 secs] 3942095K->3853562K(25152768K), 0.0768322 secs] [Times: user=0.84 sys=0.02, real=0.07 secs] 
2014-04-09T12:28:37.969+0900: 46.559: [GC (Allocation Failure) 46.560: [ParNew: 118016K->13056K(118016K), 0.0761870 secs] 3958522K->3871254K(25152768K), 0.0765528 secs] [Times: user=0.82 sys=0.03, real=0.07 secs] 
2014-04-09T12:28:38.116+0900: 46.706: [GC (Allocation Failure) 46.707: [ParNew: 118016K->13056K(118016K), 0.0685726 secs] 3976214K->3889348K(25152768K), 0.0689320 secs] [Times: user=0.73 sys=0.01, real=0.07 secs] 
2014-04-09T12:28:38.257+0900: 46.847: [GC (Allocation Failure) 46.847: [ParNew: 118016K->13056K(118016K), 0.0645208 secs] 3994308K->3904627K(25152768K), 0.0648802 secs] [Times: user=0.68 sys=0.02, real=0.07 secs] 
2014-04-09T12:28:38.398+0900: 46.988: [GC (Allocation Failure) 46.989: [ParNew: 118016K->13056K(118016K), 0.0774432 secs] 4009587K->3920219K(25152768K), 0.0777964 secs] [Times: user=0.84 sys=0.02, real=0.07 secs] 
2014-04-09T12:28:38.552+0900: 47.142: [GC (Allocation Failure) 47.142: [ParNew: 118016K->13056K(118016K), 0.0784817 secs] 4025179K->3937603K(25152768K), 0.0788331 secs] [Times: user=0.84 sys=0.03, real=0.08 secs] 
2014-04-09T12:28:38.704+0900: 47.294: [GC (Allocation Failure) 47.294: [ParNew: 118016K->13056K(118016K), 0.0696975 secs] 4042563K->3954353K(25152768K), 0.0700663 secs] [Times: user=0.72 sys=0.02, real=0.07 secs] 
2014-04-09T12:28:38.849+0900: 47.439: [GC (Allocation Failure) 47.439: [ParNew: 118016K->13056K(118016K), 0.0732908 secs] 4059313K->3972406K(25152768K), 0.0736451 secs] [Times: user=0.79 sys=0.02, real=0.07 secs] 
2014-04-09T12:28:38.996+0900: 47.586: [GC (Allocation Failure) 47.587: [ParNew: 118015K->13056K(118016K), 0.0661882 secs] 4077366K->3987498K(25152768K), 0.0665408 secs] [Times: user=0.72 sys=0.03, real=0.07 secs] 
2014-04-09T12:28:39.141+0900: 47.731: [GC (Allocation Failure) 47.731: [ParNew: 118016K->13056K(118016K), 0.0741572 secs] 4092458K->4004950K(25152768K), 0.0745109 secs] [Times: user=0.78 sys=0.02, real=0.07 secs] 
2014-04-09T12:28:39.286+0900: 47.876: [GC (Allocation Failure) 47.876: [ParNew: 118016K->13056K(118016K), 0.0687205 secs] 4109910K->4020594K(25152768K), 0.0690757 secs] [Times: user=0.76 sys=0.02, real=0.07 secs] 
2014-04-09T12:28:39.431+0900: 48.021: [GC (Allocation Failure) 48.022: [ParNew: 118016K->13056K(118016K), 0.0725796 secs] 4125554K->4037838K(25152768K), 0.0729330 secs] [Times: user=0.78 sys=0.02, real=0.07 secs] 
2014-04-09T12:28:39.581+0900: 48.171: [GC (Allocation Failure) 48.171: [ParNew: 118016K->13056K(118016K), 0.0729960 secs] 4142798K->4053626K(25152768K), 0.0733511 secs] [Times: user=0.80 sys=0.02, real=0.07 secs] 
2014-04-09T12:28:39.731+0900: 48.321: [GC (Allocation Failure) 48.321: [ParNew: 118015K->13056K(118016K), 0.0744564 secs] 4158586K->4070650K(25152768K), 0.0748081 secs] [Times: user=0.80 sys=0.01, real=0.07 secs] 
2014-04-09T12:28:39.879+0900: 48.469: [GC (Allocation Failure) 48.469: [ParNew: 118016K->13056K(118016K), 0.0617098 secs] 4175610K->4086603K(25152768K), 0.0620690 secs] [Times: user=0.64 sys=0.01, real=0.06 secs] 
2014-04-09T12:28:40.013+0900: 48.603: [GC (Allocation Failure) 48.604: [ParNew: 118016K->13056K(118016K), 0.0646582 secs] 4191563K->4103550K(25152768K), 0.0650186 secs] [Times: user=0.69 sys=0.02, real=0.07 secs] 
2014-04-09T12:28:40.155+0900: 48.745: [GC (Allocation Failure) 48.745: [ParNew: 118016K->13056K(118016K), 0.0721828 secs] 4208510K->4120138K(25152768K), 0.0725359 secs] [Times: user=0.79 sys=0.01, real=0.07 secs] 
2014-04-09T12:28:40.303+0900: 48.893: [GC (Allocation Failure) 48.894: [ParNew: 118016K->13056K(118016K), 0.0727879 secs] 4225098K->4137968K(25152768K), 0.0731403 secs] [Times: user=0.78 sys=0.02, real=0.07 secs] 
2014-04-09T12:28:40.452+0900: 49.042: [GC (Allocation Failure) 49.042: [ParNew: 118016K->13056K(118016K), 0.0634006 secs] 4242928K->4154160K(25152768K), 0.0637605 secs] [Times: user=0.65 sys=0.02, real=0.06 secs] 
2014-04-09T12:28:40.591+0900: 49.181: [GC (Allocation Failure) 49.182: [ParNew: 118016K->13056K(118016K), 0.0715675 secs] 4259120K->4171442K(25152768K), 0.0719217 secs] [Times: user=0.78 sys=0.02, real=0.07 secs] 
2014-04-09T12:28:40.736+0900: 49.326: [GC (Allocation Failure) 49.326: [ParNew: 118016K->13056K(118016K), 0.0778521 secs] 4276402K->4186647K(25152768K), 0.0782105 secs] [Times: user=0.83 sys=0.02, real=0.08 secs] 
2014-04-09T12:28:40.888+0900: 49.478: [GC (Allocation Failure) 49.479: [ParNew: 118016K->13056K(118016K), 0.0750854 secs] 4291607K->4203651K(25152768K), 0.0754386 secs] [Times: user=0.79 sys=0.01, real=0.07 secs] 
2014-04-09T12:28:41.038+0900: 49.628: [GC (Allocation Failure) 49.628: [ParNew: 118016K->13056K(118016K), 0.0759951 secs] 4308611K->4219463K(25152768K), 0.0763660 secs] [Times: user=0.82 sys=0.03, real=0.07 secs] 
2014-04-09T12:28:41.190+0900: 49.780: [GC (Allocation Failure) 49.780: [ParNew: 118016K->13056K(118016K), 0.0786059 secs] 4324423K->4236430K(25152768K), 0.0789677 secs] [Times: user=0.84 sys=0.01, real=0.08 secs] 
2014-04-09T12:28:41.345+0900: 49.935: [GC (Allocation Failure) 49.935: [ParNew: 118016K->13056K(118016K), 0.0642023 secs] 4341390K->4253777K(25152768K), 0.0645645 secs] [Times: user=0.69 sys=0.01, real=0.07 secs] 
2014-04-09T12:28:41.486+0900: 50.076: [GC (Allocation Failure) 50.076: [ParNew: 118016K->13056K(118016K), 0.0755415 secs] 4358737K->4269431K(25152768K), 0.0758942 secs] [Times: user=0.81 sys=0.01, real=0.08 secs] 
2014-04-09T12:28:41.642+0900: 50.232: [GC (Allocation Failure) 50.233: [ParNew: 118016K->13056K(118016K), 0.0772606 secs] 4374391K->4286972K(25152768K), 0.0776166 secs] [Times: user=0.82 sys=0.03, real=0.08 secs] 
2014-04-09T12:28:41.798+0900: 50.388: [GC (Allocation Failure) 50.389: [ParNew: 118016K->13056K(118016K), 0.0738770 secs] 4391932K->4304372K(25152768K), 0.0742398 secs] [Times: user=0.79 sys=0.01, real=0.07 secs] 
2014-04-09T12:28:41.951+0900: 50.541: [GC (Allocation Failure) 50.541: [ParNew: 118016K->13056K(118016K), 0.0748598 secs] 4409332K->4319521K(25152768K), 0.0752129 secs] [Times: user=0.82 sys=0.01, real=0.07 secs] 
2014-04-09T12:28:42.099+0900: 50.689: [GC (Allocation Failure) 50.690: [ParNew: 118016K->13056K(118016K), 0.0649722 secs] 4424481K->4336499K(25152768K), 0.0653257 secs] [Times: user=0.69 sys=0.01, real=0.06 secs] 
2014-04-09T12:28:42.238+0900: 50.828: [GC (Allocation Failure) 50.828: [ParNew: 118016K->13056K(118016K), 0.0746966 secs] 4441459K->4353577K(25152768K), 0.0750560 secs] [Times: user=0.79 sys=0.02, real=0.08 secs] 
2014-04-09T12:28:42.392+0900: 50.982: [GC (Allocation Failure) 50.982: [ParNew: 118016K->13056K(118016K), 0.0693583 secs] 4458537K->4370992K(25152768K), 0.0697095 secs] [Times: user=0.74 sys=0.01, real=0.07 secs] 
2014-04-09T12:28:42.533+0900: 51.123: [GC (Allocation Failure) 51.123: [ParNew: 118016K->13056K(118016K), 0.0660361 secs] 4475952K->4387177K(25152768K), 0.0664031 secs] [Times: user=0.71 sys=0.02, real=0.07 secs] 
2014-04-09T12:28:42.679+0900: 51.269: [GC (Allocation Failure) 51.269: [ParNew: 118016K->13056K(118016K), 0.0758394 secs] 4492137K->4403753K(25152768K), 0.0761985 secs] [Times: user=0.83 sys=0.02, real=0.07 secs] 
2014-04-09T12:28:42.829+0900: 51.419: [GC (Allocation Failure) 51.419: [ParNew: 118016K->13056K(118016K), 0.0718018 secs] 4508713K->4421372K(25152768K), 0.0721684 secs] [Times: user=0.79 sys=0.02, real=0.07 secs] 
2014-04-09T12:28:42.976+0900: 51.566: [GC (Allocation Failure) 51.566: [ParNew: 118016K->13056K(118016K), 0.0736353 secs] 4526332K->4436490K(25152768K), 0.0739869 secs] [Times: user=0.82 sys=0.01, real=0.08 secs] 
2014-04-09T12:28:43.126+0900: 51.716: [GC (Allocation Failure) 51.716: [ParNew: 118016K->13056K(118016K), 0.0762105 secs] 4541450K->4452158K(25152768K), 0.0765707 secs] [Times: user=0.80 sys=0.03, real=0.08 secs] 
2014-04-09T12:28:43.282+0900: 51.872: [GC (Allocation Failure) 51.872: [ParNew: 118016K->13056K(118016K), 0.0670896 secs] 4557118K->4470269K(25152768K), 0.0674462 secs] [Times: user=0.71 sys=0.01, real=0.07 secs] 
2014-04-09T12:28:43.428+0900: 52.018: [GC (Allocation Failure) 52.018: [ParNew: 118016K->13056K(118016K), 0.0720717 secs] 4575229K->4486294K(25152768K), 0.0724407 secs] [Times: user=0.78 sys=0.01, real=0.08 secs] 
2014-04-09T12:28:43.573+0900: 52.163: [GC (Allocation Failure) 52.163: [ParNew: 118016K->13056K(118016K), 0.0684390 secs] 4591254K->4502747K(25152768K), 0.0687992 secs] [Times: user=0.72 sys=0.02, real=0.07 secs] 
2014-04-09T12:28:43.718+0900: 52.308: [GC (Allocation Failure) 52.308: [ParNew: 118016K->13056K(118016K), 0.0774017 secs] 4607707K->4517529K(25152768K), 0.0777680 secs] [Times: user=0.82 sys=0.03, real=0.08 secs] 
2014-04-09T12:28:43.870+0900: 52.460: [GC (Allocation Failure) 52.460: [ParNew: 118016K->13056K(118016K), 0.0785806 secs] 4622489K->4534775K(25152768K), 0.0789499 secs] [Times: user=0.83 sys=0.02, real=0.08 secs] 
2014-04-09T12:28:44.026+0900: 52.616: [GC (Allocation Failure) 52.616: [ParNew: 118016K->13056K(118016K), 0.0722827 secs] 4639735K->4550439K(25152768K), 0.0726438 secs] [Times: user=0.79 sys=0.02, real=0.08 secs] 
2014-04-09T12:28:44.176+0900: 52.766: [GC (Allocation Failure) 52.766: [ParNew: 118016K->13056K(118016K), 0.0751336 secs] 4655399K->4566512K(25152768K), 0.0754999 secs] [Times: user=0.80 sys=0.02, real=0.08 secs] 
2014-04-09T12:28:44.328+0900: 52.918: [GC (Allocation Failure) 52.918: [ParNew: 118016K->13056K(118016K), 0.0687843 secs] 4671472K->4584888K(25152768K), 0.0691417 secs] [Times: user=0.71 sys=0.02, real=0.07 secs] 
2014-04-09T12:28:44.470+0900: 53.060: [GC (Allocation Failure) 53.060: [ParNew: 118016K->13056K(118016K), 0.0720518 secs] 4689848K->4601136K(25152768K), 0.0724109 secs] [Times: user=0.78 sys=0.01, real=0.07 secs] 
2014-04-09T12:28:44.619+0900: 53.209: [GC (Allocation Failure) 53.209: [ParNew: 118016K->13056K(118016K), 0.0711700 secs] 4706096K->4618960K(25152768K), 0.0715241 secs] [Times: user=0.76 sys=0.02, real=0.07 secs] 
2014-04-09T12:28:44.770+0900: 53.360: [GC (Allocation Failure) 53.360: [ParNew: 118016K->13056K(118016K), 0.0721170 secs] 4723920K->4634348K(25152768K), 0.0724717 secs] [Times: user=0.78 sys=0.02, real=0.07 secs] 
2014-04-09T12:28:44.915+0900: 53.505: [GC (Allocation Failure) 53.505: [ParNew: 118016K->13056K(118016K), 0.0771223 secs] 4739308K->4650479K(25152768K), 0.0774821 secs] [Times: user=0.82 sys=0.02, real=0.08 secs] 
2014-04-09T12:28:45.066+0900: 53.656: [GC (Allocation Failure) 53.656: [ParNew: 118016K->13056K(118016K), 0.0728717 secs] 4755439K->4666230K(25152768K), 0.0732246 secs] [Times: user=0.79 sys=0.02, real=0.08 secs] 
2014-04-09T12:28:45.219+0900: 53.809: [GC (Allocation Failure) 53.809: [ParNew: 118016K->13056K(118016K), 0.0704696 secs] 4771190K->4684025K(25152768K), 0.0708235 secs] [Times: user=0.73 sys=0.02, real=0.07 secs] 
2014-04-09T12:28:45.369+0900: 53.959: [GC (Allocation Failure) 53.960: [ParNew: 118016K->13056K(118016K), 0.0696580 secs] 4788985K->4700204K(25152768K), 0.0700144 secs] [Times: user=0.74 sys=0.02, real=0.07 secs] 
2014-04-09T12:28:45.515+0900: 54.105: [GC (Allocation Failure) 54.105: [ParNew: 118016K->13056K(118016K), 0.0747945 secs] 4805164K->4717779K(25152768K), 0.0751472 secs] [Times: user=0.78 sys=0.02, real=0.08 secs] 
2014-04-09T12:28:45.662+0900: 54.252: [GC (Allocation Failure) 54.253: [ParNew: 118016K->13056K(118016K), 0.0644737 secs] 4822739K->4735477K(25152768K), 0.0648292 secs] [Times: user=0.66 sys=0.02, real=0.06 secs] 
2014-04-09T12:28:45.807+0900: 54.397: [GC (Allocation Failure) 54.397: [ParNew: 118016K->13056K(118016K), 0.0673765 secs] 4840437K->4752382K(25152768K), 0.0677416 secs] [Times: user=0.70 sys=0.02, real=0.07 secs] 
2014-04-09T12:28:45.950+0900: 54.540: [GC (Allocation Failure) 54.541: [ParNew: 118016K->13056K(118016K), 0.0646784 secs] 4857342K->4769369K(25152768K), 0.0650452 secs] [Times: user=0.67 sys=0.02, real=0.06 secs] 
2014-04-09T12:28:46.096+0900: 54.686: [GC (Allocation Failure) 54.686: [ParNew: 118016K->13056K(118016K), 0.0700686 secs] 4874329K->4785472K(25152768K), 0.0704514 secs] [Times: user=0.74 sys=0.02, real=0.07 secs] 
2014-04-09T12:28:46.245+0900: 54.835: [GC (Allocation Failure) 54.835: [ParNew: 118016K->13056K(118016K), 0.0695351 secs] 4890432K->4800863K(25152768K), 0.0698937 secs] [Times: user=0.76 sys=0.01, real=0.07 secs] 
2014-04-09T12:28:46.392+0900: 54.982: [GC (Allocation Failure) 54.982: [ParNew: 118016K->13056K(118016K), 0.0776312 secs] 4905823K->4818380K(25152768K), 0.0779953 secs] [Times: user=0.84 sys=0.02, real=0.08 secs] 
2014-04-09T12:28:46.547+0900: 55.137: [GC (Allocation Failure) 55.137: [ParNew: 118016K->13056K(118016K), 0.0735016 secs] 4923340K->4835771K(25152768K), 0.0738689 secs] [Times: user=0.78 sys=0.01, real=0.08 secs] 
2014-04-09T12:28:46.697+0900: 55.287: [GC (Allocation Failure) 55.287: [ParNew: 118016K->13056K(118016K), 0.0738346 secs] 4940731K->4852156K(25152768K), 0.0741940 secs] [Times: user=0.80 sys=0.02, real=0.08 secs] 
2014-04-09T12:28:46.846+0900: 55.436: [GC (Allocation Failure) 55.436: [ParNew: 118016K->13056K(118016K), 0.0702309 secs] 4957116K->4869447K(25152768K), 0.0705903 secs] [Times: user=0.74 sys=0.02, real=0.07 secs] 
2014-04-09T12:28:46.991+0900: 55.581: [GC (Allocation Failure) 55.582: [ParNew: 118016K->13056K(118016K), 0.0727223 secs] 4974407K->4886671K(25152768K), 0.0730986 secs] [Times: user=0.78 sys=0.01, real=0.07 secs] 
2014-04-09T12:28:47.143+0900: 55.733: [GC (Allocation Failure) 55.733: [ParNew: 118016K->13056K(118016K), 0.0711280 secs] 4991631K->4901300K(25152768K), 0.0714838 secs] [Times: user=0.75 sys=0.02, real=0.07 secs] 
2014-04-09T12:28:47.295+0900: 55.885: [GC (Allocation Failure) 55.885: [ParNew: 118016K->13056K(118016K), 0.0665884 secs] 5006260K->4918310K(25152768K), 0.0669549 secs] [Times: user=0.68 sys=0.02, real=0.07 secs] 
2014-04-09T12:28:47.435+0900: 56.025: [GC (Allocation Failure) 56.025: [ParNew: 118016K->13056K(118016K), 0.0736189 secs] 5023270K->4934686K(25152768K), 0.0739807 secs] [Times: user=0.79 sys=0.02, real=0.08 secs] 
2014-04-09T12:28:47.585+0900: 56.175: [GC (Allocation Failure) 56.175: [ParNew: 118016K->13056K(118016K), 0.0720427 secs] 5039646K->4951991K(25152768K), 0.0724022 secs] [Times: user=0.75 sys=0.02, real=0.07 secs] 
2014-04-09T12:28:47.732+0900: 56.322: [GC (Allocation Failure) 56.323: [ParNew: 118016K->13056K(118016K), 0.0691050 secs] 5056951K->4968936K(25152768K), 0.0694666 secs] [Times: user=0.74 sys=0.01, real=0.07 secs] 
2014-04-09T12:28:47.880+0900: 56.470: [GC (Allocation Failure) 56.470: [ParNew: 118015K->13056K(118016K), 0.0647073 secs] 5073896K->4985748K(25152768K), 0.0650695 secs] [Times: user=0.70 sys=0.01, real=0.06 secs] 
2014-04-09T12:28:48.025+0900: 56.615: [GC (Allocation Failure) 56.615: [ParNew: 118016K->13056K(118016K), 0.0728855 secs] 5090708K->5002472K(25152768K), 0.0732554 secs] [Times: user=0.85 sys=0.02, real=0.08 secs] 
2014-04-09T12:28:48.179+0900: 56.769: [GC (Allocation Failure) 56.770: [ParNew: 118016K->13056K(118016K), 0.0753366 secs] 5107432K->5016937K(25152768K), 0.0757011 secs] [Times: user=0.83 sys=0.02, real=0.07 secs] 
2014-04-09T12:28:48.331+0900: 56.921: [GC (Allocation Failure) 56.921: [ParNew: 118016K->13056K(118016K), 0.0739332 secs] 5121897K->5034410K(25152768K), 0.0742927 secs] [Times: user=0.77 sys=0.03, real=0.07 secs] 
2014-04-09T12:28:48.483+0900: 57.073: [GC (Allocation Failure) 57.074: [ParNew: 118016K->13056K(118016K), 0.0721903 secs] 5139370K->5052585K(25152768K), 0.0725527 secs] [Times: user=0.80 sys=0.01, real=0.07 secs] 
2014-04-09T12:28:48.631+0900: 57.221: [GC (Allocation Failure) 57.221: [ParNew: 118016K->13056K(118016K), 0.0670686 secs] 5157545K->5068736K(25152768K), 0.0674393 secs] [Times: user=0.69 sys=0.02, real=0.06 secs] 
2014-04-09T12:28:48.774+0900: 57.364: [GC (Allocation Failure) 57.364: [ParNew: 118016K->13056K(118016K), 0.0738524 secs] 5173696K->5084259K(25152768K), 0.0742148 secs] [Times: user=0.79 sys=0.01, real=0.07 secs] 
2014-04-09T12:28:48.927+0900: 57.517: [GC (Allocation Failure) 57.517: [ParNew: 118016K->13056K(118016K), 0.0667557 secs] 5189219K->5101345K(25152768K), 0.0671337 secs] [Times: user=0.69 sys=0.01, real=0.07 secs] 
2014-04-09T12:28:49.068+0900: 57.658: [GC (Allocation Failure) 57.658: [ParNew: 118016K->13056K(118016K), 0.0786435 secs] 5206305K->5117730K(25152768K), 0.0790073 secs] [Times: user=0.83 sys=0.02, real=0.08 secs] 
2014-04-09T12:28:49.222+0900: 57.812: [GC (Allocation Failure) 57.812: [ParNew: 118016K->13056K(118016K), 0.0732740 secs] 5222690K->5133506K(25152768K), 0.0736335 secs] [Times: user=0.77 sys=0.02, real=0.07 secs] 
2014-04-09T12:28:49.372+0900: 57.962: [GC (Allocation Failure) 57.962: [ParNew: 117822K->13056K(118016K), 0.0750693 secs] 5238273K->5150842K(25152768K), 0.0754334 secs] [Times: user=0.78 sys=0.03, real=0.07 secs] 
2014-04-09T12:28:49.518+0900: 58.108: [GC (Allocation Failure) 58.108: [ParNew: 118016K->13056K(118016K), 0.0708550 secs] 5255802K->5167002K(25152768K), 0.0712171 secs] [Times: user=0.76 sys=0.03, real=0.07 secs] 
2014-04-09T12:28:49.664+0900: 58.254: [GC (Allocation Failure) 58.255: [ParNew: 118016K->13056K(118016K), 0.0726547 secs] 5271962K->5183386K(25152768K), 0.0730230 secs] [Times: user=0.76 sys=0.02, real=0.07 secs] 
2014-04-09T12:28:49.817+0900: 58.407: [GC (Allocation Failure) 58.408: [ParNew: 118016K->13056K(118016K), 0.0750432 secs] 5288346K->5200047K(25152768K), 0.0754117 secs] [Times: user=0.79 sys=0.02, real=0.08 secs] 
2014-04-09T12:28:49.970+0900: 58.560: [GC (Allocation Failure) 58.560: [ParNew: 118016K->13056K(118016K), 0.0772749 secs] 5305007K->5216293K(25152768K), 0.0776374 secs] [Times: user=0.82 sys=0.02, real=0.07 secs] 
2014-04-09T12:28:50.124+0900: 58.714: [GC (Allocation Failure) 58.714: [ParNew: 118016K->13056K(118016K), 0.0716054 secs] 5321253K->5234321K(25152768K), 0.0719661 secs] [Times: user=0.74 sys=0.02, real=0.07 secs] 
2014-04-09T12:28:50.274+0900: 58.864: [GC (Allocation Failure) 58.865: [ParNew: 118016K->13056K(118016K), 0.0658959 secs] 5339281K->5250459K(25152768K), 0.0662566 secs] [Times: user=0.70 sys=0.01, real=0.07 secs] 
2014-04-09T12:28:50.417+0900: 59.007: [GC (Allocation Failure) 59.008: [ParNew: 118016K->13056K(118016K), 0.0747438 secs] 5355419K->5266066K(25152768K), 0.0751039 secs] [Times: user=0.81 sys=0.02, real=0.08 secs] 
2014-04-09T12:28:50.568+0900: 59.158: [GC (Allocation Failure) 59.158: [ParNew: 118016K->13056K(118016K), 0.0758817 secs] 5371026K->5283669K(25152768K), 0.0762434 secs] [Times: user=0.81 sys=0.02, real=0.08 secs] 
2014-04-09T12:28:50.717+0900: 59.307: [GC (Allocation Failure) 59.307: [ParNew: 118016K->13056K(118016K), 0.0781956 secs] 5388629K->5300252K(25152768K), 0.0785532 secs] [Times: user=0.82 sys=0.02, real=0.08 secs] 
2014-04-09T12:28:50.868+0900: 59.458: [GC (Allocation Failure) 59.458: [ParNew: 118016K->13056K(118016K), 0.0708058 secs] 5405212K->5315671K(25152768K), 0.0711804 secs] [Times: user=0.76 sys=0.02, real=0.07 secs] 
2014-04-09T12:28:51.015+0900: 59.605: [GC (Allocation Failure) 59.605: [ParNew: 118016K->13056K(118016K), 0.0719853 secs] 5420631K->5334784K(25152768K), 0.0723367 secs] [Times: user=0.76 sys=0.03, real=0.07 secs] 
2014-04-09T12:28:51.160+0900: 59.750: [GC (Allocation Failure) 59.751: [ParNew: 118016K->13056K(118016K), 0.0738798 secs] 5439744K->5351991K(25152768K), 0.0742342 secs] [Times: user=0.78 sys=0.03, real=0.07 secs] 
2014-04-09T12:28:51.311+0900: 59.901: [GC (Allocation Failure) 59.902: [ParNew: 118016K->13056K(118016K), 0.0678085 secs] 5456951K->5366348K(25152768K), 0.0681683 secs] [Times: user=0.74 sys=0.01, real=0.07 secs] 
2014-04-09T12:28:51.460+0900: 60.050: [GC (Allocation Failure) 60.050: [ParNew: 118016K->13056K(118016K), 0.0732541 secs] 5471308K->5382757K(25152768K), 0.0736130 secs] [Times: user=0.77 sys=0.02, real=0.07 secs] 
2014-04-09T12:28:51.610+0900: 60.200: [GC (Allocation Failure) 60.200: [ParNew: 118016K->13056K(118016K), 0.0733840 secs] 5487717K->5399837K(25152768K), 0.0737371 secs] [Times: user=0.78 sys=0.02, real=0.07 secs] 
2014-04-09T12:28:51.759+0900: 60.349: [GC (Allocation Failure) 60.349: [ParNew: 118016K->13056K(118016K), 0.0710226 secs] 5504797K->5415985K(25152768K), 0.0713767 secs] [Times: user=0.75 sys=0.01, real=0.08 secs] 
2014-04-09T12:28:51.903+0900: 60.493: [GC (Allocation Failure) 60.493: [ParNew: 118016K->13056K(118016K), 0.0679456 secs] 5520945K->5432962K(25152768K), 0.0682989 secs] [Times: user=0.72 sys=0.02, real=0.07 secs] 
2014-04-09T12:28:52.047+0900: 60.637: [GC (Allocation Failure) 60.637: [ParNew: 118016K->13056K(118016K), 0.0680467 secs] 5537922K->5448984K(25152768K), 0.0684030 secs] [Times: user=0.71 sys=0.03, real=0.07 secs] 
2014-04-09T12:28:52.195+0900: 60.785: [GC (Allocation Failure) 60.786: [ParNew: 118016K->13056K(118016K), 0.0729852 secs] 5553944K->5466257K(25152768K), 0.0733409 secs] [Times: user=0.79 sys=0.02, real=0.07 secs] 
2014-04-09T12:28:52.344+0900: 60.934: [GC (Allocation Failure) 60.934: [ParNew: 118016K->13056K(118016K), 0.0683017 secs] 5571217K->5481518K(25152768K), 0.0686586 secs] [Times: user=0.73 sys=0.01, real=0.07 secs] 
2014-04-09T12:28:52.490+0900: 61.080: [GC (Allocation Failure) 61.081: [ParNew: 118016K->13056K(118016K), 0.0704656 secs] 5586478K->5497173K(25152768K), 0.0708285 secs] [Times: user=0.76 sys=0.01, real=0.07 secs] 
2014-04-09T12:28:52.637+0900: 61.227: [GC (Allocation Failure) 61.227: [ParNew: 118016K->13056K(118016K), 0.0751550 secs] 5602133K->5514345K(25152768K), 0.0755266 secs] [Times: user=0.78 sys=0.03, real=0.08 secs] 
2014-04-09T12:28:52.789+0900: 61.379: [GC (Allocation Failure) 61.379: [ParNew: 118016K->13056K(118016K), 0.0709190 secs] 5619305K->5532186K(25152768K), 0.0712817 secs] [Times: user=0.77 sys=0.02, real=0.08 secs] 
2014-04-09T12:28:52.937+0900: 61.527: [GC (Allocation Failure) 61.527: [ParNew: 118016K->13056K(118016K), 0.0703936 secs] 5637146K->5548797K(25152768K), 0.0707571 secs] [Times: user=0.74 sys=0.02, real=0.07 secs] 
2014-04-09T12:28:53.084+0900: 61.674: [GC (Allocation Failure) 61.675: [ParNew: 118016K->13056K(118016K), 0.0682567 secs] 5653757K->5564324K(25152768K), 0.0686095 secs] [Times: user=0.75 sys=0.02, real=0.07 secs] 
2014-04-09T12:28:53.229+0900: 61.819: [GC (Allocation Failure) 61.820: [ParNew: 118016K->13056K(118016K), 0.0638847 secs] 5669284K->5582754K(25152768K), 0.0642464 secs] [Times: user=0.66 sys=0.03, real=0.07 secs] 
2014-04-09T12:28:53.367+0900: 61.957: [GC (Allocation Failure) 61.958: [ParNew: 118016K->13056K(118016K), 0.0767688 secs] 5687714K->5597461K(25152768K), 0.0771349 secs] [Times: user=0.82 sys=0.02, real=0.08 secs] 
2014-04-09T12:28:53.520+0900: 62.110: [GC (Allocation Failure) 62.110: [ParNew: 118016K->13056K(118016K), 0.0732946 secs] 5702421K->5614923K(25152768K), 0.0736475 secs] [Times: user=0.79 sys=0.02, real=0.07 secs] 
2014-04-09T12:28:53.674+0900: 62.264: [GC (Allocation Failure) 62.264: [ParNew: 118016K->13056K(118016K), 0.0713486 secs] 5719883K->5632730K(25152768K), 0.0717085 secs] [Times: user=0.77 sys=0.02, real=0.07 secs] 
2014-04-09T12:28:53.821+0900: 62.411: [GC (Allocation Failure) 62.411: [ParNew: 118016K->13056K(118016K), 0.0735987 secs] 5737690K->5649710K(25152768K), 0.0739421 secs] [Times: user=0.78 sys=0.02, real=0.07 secs] 
2014-04-09T12:28:53.973+0900: 62.563: [GC (Allocation Failure) 62.563: [ParNew: 118016K->13056K(118016K), 0.0627080 secs] 5754670K->5666643K(25152768K), 0.0630636 secs] [Times: user=0.67 sys=0.01, real=0.06 secs] 
2014-04-09T12:28:54.108+0900: 62.698: [GC (Allocation Failure) 62.698: [ParNew: 118016K->13056K(118016K), 0.0698612 secs] 5771603K->5682568K(25152768K), 0.0702176 secs] [Times: user=0.75 sys=0.03, real=0.07 secs] 
2014-04-09T12:28:54.256+0900: 62.846: [GC (Allocation Failure) 62.846: [ParNew: 118016K->13056K(118016K), 0.0731302 secs] 5787528K->5698943K(25152768K), 0.0734951 secs] [Times: user=0.77 sys=0.04, real=0.08 secs] 
2014-04-09T12:28:54.403+0900: 62.993: [GC (Allocation Failure) 62.993: [ParNew: 118016K->13056K(118016K), 0.0663782 secs] 5803903K->5714933K(25152768K), 0.0667318 secs] [Times: user=0.71 sys=0.01, real=0.07 secs] 
2014-04-09T12:28:54.542+0900: 63.132: [GC (Allocation Failure) 63.132: [ParNew: 117999K->13056K(118016K), 0.0681551 secs] 5819877K->5730647K(25152768K), 0.0685309 secs] [Times: user=0.71 sys=0.02, real=0.07 secs] 
2014-04-09T12:28:54.681+0900: 63.272: [GC (Allocation Failure) 63.272: [ParNew: 118016K->13056K(118016K), 0.0719729 secs] 5835607K->5747790K(25152768K), 0.0723265 secs] [Times: user=0.78 sys=0.01, real=0.07 secs] 
2014-04-09T12:28:54.829+0900: 63.419: [GC (Allocation Failure) 63.420: [ParNew: 118016K->13056K(118016K), 0.0723093 secs] 5852750K->5764666K(25152768K), 0.0726647 secs] [Times: user=0.79 sys=0.01, real=0.07 secs] 
2014-04-09T12:28:54.977+0900: 63.567: [GC (Allocation Failure) 63.567: [ParNew: 118016K->13056K(118016K), 0.0701743 secs] 5869626K->5780636K(25152768K), 0.0705304 secs] [Times: user=0.76 sys=0.02, real=0.07 secs] 
2014-04-09T12:28:55.121+0900: 63.711: [GC (Allocation Failure) 63.711: [ParNew: 118016K->13056K(118016K), 0.0659750 secs] 5885596K->5797960K(25152768K), 0.0663368 secs] [Times: user=0.70 sys=0.02, real=0.06 secs] 
2014-04-09T12:28:55.267+0900: 63.857: [GC (Allocation Failure) 63.857: [ParNew: 118016K->13056K(118016K), 0.0744701 secs] 5902920K->5814188K(25152768K), 0.0748270 secs] [Times: user=0.81 sys=0.02, real=0.08 secs] 
2014-04-09T12:28:55.420+0900: 64.010: [GC (Allocation Failure) 64.010: [ParNew: 118016K->13056K(118016K), 0.0739581 secs] 5919148K->5828471K(25152768K), 0.0743159 secs] [Times: user=0.79 sys=0.02, real=0.08 secs] 
2014-04-09T12:28:55.571+0900: 64.161: [GC (Allocation Failure) 64.161: [ParNew: 118016K->13056K(118016K), 0.0696268 secs] 5933431K->5846852K(25152768K), 0.0699877 secs] [Times: user=0.74 sys=0.01, real=0.07 secs] 
2014-04-09T12:28:55.719+0900: 64.309: [GC (Allocation Failure) 64.309: [ParNew: 118016K->13056K(118016K), 0.0621418 secs] 5951812K->5862398K(25152768K), 0.0624964 secs] [Times: user=0.64 sys=0.03, real=0.07 secs] 
2014-04-09T12:28:55.860+0900: 64.450: [GC (Allocation Failure) 64.450: [ParNew: 118016K->13056K(118016K), 0.0728462 secs] 5967358K->5878788K(25152768K), 0.0731985 secs] [Times: user=0.79 sys=0.02, real=0.08 secs] 
2014-04-09T12:28:56.009+0900: 64.599: [GC (Allocation Failure) 64.600: [ParNew: 118016K->13056K(118016K), 0.0708052 secs] 5983748K->5896440K(25152768K), 0.0712085 secs] [Times: user=0.74 sys=0.03, real=0.08 secs] 
2014-04-09T12:28:56.155+0900: 64.745: [GC (Allocation Failure) 64.746: [ParNew: 118016K->13056K(118016K), 0.0687220 secs] 6001400K->5912058K(25152768K), 0.0690882 secs] [Times: user=0.75 sys=0.02, real=0.07 secs] 
2014-04-09T12:28:56.312+0900: 64.902: [GC (Allocation Failure) 64.902: [ParNew: 118015K->13056K(118016K), 0.0803146 secs] 6017018K->5939150K(25152768K), 0.0806791 secs] [Times: user=0.90 sys=0.02, real=0.08 secs] 
2014-04-09T12:28:56.470+0900: 65.060: [GC (Allocation Failure) 65.060: [ParNew: 116249K->13056K(118016K), 0.0843993 secs] 6042343K->5959123K(25152768K), 0.0847691 secs] [Times: user=0.93 sys=0.02, real=0.09 secs] 
2014-04-09T12:28:56.638+0900: 65.228: [GC (Allocation Failure) 65.228: [ParNew: 118016K->13056K(118016K), 0.0794525 secs] 6064083K->5982842K(25152768K), 0.0798213 secs] [Times: user=0.88 sys=0.02, real=0.08 secs] 
2014-04-09T12:28:56.794+0900: 65.384: [GC (Allocation Failure) 65.384: [ParNew: 118016K->13056K(118016K), 0.0694407 secs] 6087802K->5999131K(25152768K), 0.0698098 secs] [Times: user=0.77 sys=0.01, real=0.07 secs] 
2014-04-09T12:28:56.941+0900: 65.531: [GC (Allocation Failure) 65.532: [ParNew: 118016K->13056K(118016K), 0.0639997 secs] 6104091K->6013471K(25152768K), 0.0643766 secs] [Times: user=0.70 sys=0.01, real=0.06 secs] 
2014-04-09T12:28:57.081+0900: 65.671: [GC (Allocation Failure) 65.671: [ParNew: 118015K->13056K(118016K), 0.0686052 secs] 6118430K->6031226K(25152768K), 0.0689822 secs] [Times: user=0.73 sys=0.02, real=0.06 secs] 
2014-04-09T12:28:57.225+0900: 65.815: [GC (Allocation Failure) 65.816: [ParNew: 118016K->13056K(118016K), 0.0705939 secs] 6136186K->6046526K(25152768K), 0.0709660 secs] [Times: user=0.71 sys=0.02, real=0.07 secs] 
2014-04-09T12:28:57.372+0900: 65.962: [GC (Allocation Failure) 65.963: [ParNew: 118016K->13056K(118016K), 0.0707878 secs] 6151486K->6064983K(25152768K), 0.0711643 secs] [Times: user=0.77 sys=0.02, real=0.07 secs] 
2014-04-09T12:28:57.516+0900: 66.106: [GC (Allocation Failure) 66.106: [ParNew: 118016K->13056K(118016K), 0.0647669 secs] 6169943K->6079990K(25152768K), 0.0651348 secs] [Times: user=0.69 sys=0.02, real=0.07 secs] 
2014-04-09T12:28:57.660+0900: 66.250: [GC (Allocation Failure) 66.250: [ParNew: 118016K->13056K(118016K), 0.0703829 secs] 6184950K->6097288K(25152768K), 0.0707483 secs] [Times: user=0.73 sys=0.02, real=0.08 secs] 
2014-04-09T12:28:57.810+0900: 66.400: [GC (Allocation Failure) 66.400: [ParNew: 117852K->13056K(118016K), 0.0681866 secs] 6202085K->6112830K(25152768K), 0.0685540 secs] [Times: user=0.74 sys=0.01, real=0.07 secs] 
2014-04-09T12:28:57.955+0900: 66.545: [GC (Allocation Failure) 66.545: [ParNew: 118016K->13056K(118016K), 0.0602879 secs] 6217790K->6128940K(25152768K), 0.0606592 secs] [Times: user=0.63 sys=0.02, real=0.06 secs] 
2014-04-09T12:28:58.096+0900: 66.686: [GC (Allocation Failure) 66.686: [ParNew: 118016K->13056K(118016K), 0.0732391 secs] 6233900K->6145480K(25152768K), 0.0736134 secs] [Times: user=0.77 sys=0.02, real=0.07 secs] 
2014-04-09T12:28:58.244+0900: 66.834: [GC (Allocation Failure) 66.834: [ParNew: 118016K->13056K(118016K), 0.0651269 secs] 6250440K->6162219K(25152768K), 0.0654979 secs] [Times: user=0.71 sys=0.02, real=0.06 secs] 
2014-04-09T12:28:58.384+0900: 66.974: [GC (Allocation Failure) 66.974: [ParNew: 118016K->13056K(118016K), 0.0724254 secs] 6267179K->6178535K(25152768K), 0.0727950 secs] [Times: user=0.79 sys=0.01, real=0.07 secs] 
2014-04-09T12:28:58.533+0900: 67.123: [GC (Allocation Failure) 67.123: [ParNew: 118016K->13056K(118016K), 0.0716334 secs] 6283495K->6194253K(25152768K), 0.0719992 secs] [Times: user=0.80 sys=0.02, real=0.07 secs] 
2014-04-09T12:28:58.684+0900: 67.274: [GC (Allocation Failure) 67.275: [ParNew: 118016K->13056K(118016K), 0.0695797 secs] 6299213K->6211002K(25152768K), 0.0699548 secs] [Times: user=0.75 sys=0.02, real=0.07 secs] 
2014-04-09T12:28:58.829+0900: 67.419: [GC (Allocation Failure) 67.420: [ParNew: 118016K->13056K(118016K), 0.0681503 secs] 6315962K->6227414K(25152768K), 0.0685207 secs] [Times: user=0.74 sys=0.02, real=0.07 secs] 
2014-04-09T12:28:58.972+0900: 67.562: [GC (Allocation Failure) 67.562: [ParNew: 118016K->13056K(118016K), 0.0667216 secs] 6332374K->6243851K(25152768K), 0.0670944 secs] [Times: user=0.73 sys=0.03, real=0.06 secs] 
2014-04-09T12:28:59.115+0900: 67.705: [GC (Allocation Failure) 67.705: [ParNew: 118016K->13056K(118016K), 0.0724788 secs] 6348811K->6259670K(25152768K), 0.0728452 secs] [Times: user=0.78 sys=0.02, real=0.07 secs] 
2014-04-09T12:28:59.263+0900: 67.853: [GC (Allocation Failure) 67.853: [ParNew: 118016K->13056K(118016K), 0.0640505 secs] 6364630K->6277286K(25152768K), 0.0644203 secs] [Times: user=0.68 sys=0.00, real=0.06 secs] 
2014-04-09T12:28:59.405+0900: 67.995: [GC (Allocation Failure) 67.995: [ParNew: 118016K->13056K(118016K), 0.0712726 secs] 6382246K->6294374K(25152768K), 0.0716465 secs] [Times: user=0.74 sys=0.03, real=0.07 secs] 
2014-04-09T12:28:59.555+0900: 68.145: [GC (Allocation Failure) 68.145: [ParNew: 118016K->13056K(118016K), 0.0634855 secs] 6399334K->6309408K(25152768K), 0.0638551 secs] [Times: user=0.69 sys=0.01, real=0.06 secs] 
2014-04-09T12:28:59.700+0900: 68.290: [GC (Allocation Failure) 68.290: [ParNew: 118016K->13056K(118016K), 0.0720729 secs] 6414368K->6325353K(25152768K), 0.0724484 secs] [Times: user=0.79 sys=0.02, real=0.08 secs] 
2014-04-09T12:28:59.848+0900: 68.438: [GC (Allocation Failure) 68.439: [ParNew: 118016K->13056K(118016K), 0.0761265 secs] 6430313K->6341976K(25152768K), 0.0764967 secs] [Times: user=0.82 sys=0.01, real=0.08 secs] 
2014-04-09T12:29:00.002+0900: 68.592: [GC (Allocation Failure) 68.592: [ParNew: 118016K->13056K(118016K), 0.0633743 secs] 6446936K->6358589K(25152768K), 0.0637465 secs] [Times: user=0.67 sys=0.03, real=0.06 secs] 
2014-04-09T12:29:00.144+0900: 68.734: [GC (Allocation Failure) 68.734: [ParNew: 118016K->13056K(118016K), 0.0646314 secs] 6463549K->6374442K(25152768K), 0.0650005 secs] [Times: user=0.69 sys=0.01, real=0.06 secs] 
2014-04-09T12:29:00.291+0900: 68.881: [GC (Allocation Failure) 68.881: [ParNew: 118016K->13056K(118016K), 0.0733790 secs] 6479402K->6391933K(25152768K), 0.0737462 secs] [Times: user=0.79 sys=0.02, real=0.07 secs] 
2014-04-09T12:29:00.440+0900: 69.030: [GC (Allocation Failure) 69.031: [ParNew: 118016K->13056K(118016K), 0.0667847 secs] 6496893K->6407772K(25152768K), 0.0671511 secs] [Times: user=0.71 sys=0.02, real=0.06 secs] 
2014-04-09T12:29:00.582+0900: 69.172: [GC (Allocation Failure) 69.172: [ParNew: 118015K->13056K(118016K), 0.0636613 secs] 6512731K->6424911K(25152768K), 0.0640305 secs] [Times: user=0.68 sys=0.02, real=0.06 secs] 
2014-04-09T12:29:00.726+0900: 69.316: [GC (Allocation Failure) 69.316: [ParNew: 118016K->13056K(118016K), 0.0666107 secs] 6529871K->6441656K(25152768K), 0.0669799 secs] [Times: user=0.72 sys=0.02, real=0.07 secs] 
2014-04-09T12:29:00.870+0900: 69.460: [GC (Allocation Failure) 69.460: [ParNew: 118016K->13056K(118016K), 0.0694282 secs] 6546616K->6457515K(25152768K), 0.0697956 secs] [Times: user=0.73 sys=0.01, real=0.07 secs] 
2014-04-09T12:29:01.015+0900: 69.605: [GC (Allocation Failure) 69.605: [ParNew: 118016K->13056K(118016K), 0.0685240 secs] 6562475K->6474628K(25152768K), 0.0689062 secs] [Times: user=0.74 sys=0.02, real=0.07 secs] 
2014-04-09T12:29:01.160+0900: 69.750: [GC (Allocation Failure) 69.750: [ParNew: 118004K->13056K(118016K), 0.0626007 secs] 6579576K->6491840K(25152768K), 0.0629685 secs] [Times: user=0.65 sys=0.02, real=0.07 secs] 
2014-04-09T12:29:01.298+0900: 69.888: [GC (Allocation Failure) 69.889: [ParNew: 117823K->13056K(118016K), 0.0706022 secs] 6596608K->6508655K(25152768K), 0.0709722 secs] [Times: user=0.75 sys=0.02, real=0.07 secs] 
2014-04-09T12:29:01.450+0900: 70.041: [GC (Allocation Failure) 70.041: [ParNew: 118016K->13056K(118016K), 0.0718035 secs] 6613615K->6526411K(25152768K), 0.0721675 secs] [Times: user=0.77 sys=0.02, real=0.07 secs] 
2014-04-09T12:29:01.598+0900: 70.188: [GC (Allocation Failure) 70.188: [ParNew: 118016K->13056K(118016K), 0.0682934 secs] 6631371K->6541106K(25152768K), 0.0686661 secs] [Times: user=0.72 sys=0.02, real=0.07 secs] 
2014-04-09T12:29:01.750+0900: 70.340: [GC (Allocation Failure) 70.341: [ParNew: 118016K->13056K(118016K), 0.0711439 secs] 6646066K->6557855K(25152768K), 0.0715120 secs] [Times: user=0.75 sys=0.01, real=0.08 secs] 
2014-04-09T12:29:01.897+0900: 70.487: [GC (Allocation Failure) 70.487: [ParNew: 118016K->13056K(118016K), 0.0687940 secs] 6662815K->6575649K(25152768K), 0.0691599 secs] [Times: user=0.70 sys=0.03, real=0.07 secs] 
2014-04-09T12:29:02.041+0900: 70.631: [GC (Allocation Failure) 70.631: [ParNew: 118016K->13056K(118016K), 0.0661630 secs] 6680609K->6590187K(25152768K), 0.0665383 secs] [Times: user=0.70 sys=0.02, real=0.07 secs] 
2014-04-09T12:29:02.180+0900: 70.770: [GC (Allocation Failure) 70.770: [ParNew: 118016K->13056K(118016K), 0.0694777 secs] 6695147K->6606036K(25152768K), 0.0699457 secs] [Times: user=0.77 sys=0.01, real=0.07 secs] 
2014-04-09T12:29:02.327+0900: 70.917: [GC (Allocation Failure) 70.917: [ParNew: 118016K->13056K(118016K), 0.0731335 secs] 6710996K->6623296K(25152768K), 0.0734998 secs] [Times: user=0.78 sys=0.03, real=0.07 secs] 
2014-04-09T12:29:02.476+0900: 71.066: [GC (Allocation Failure) 71.066: [ParNew: 118016K->13056K(118016K), 0.0732566 secs] 6728256K->6639955K(25152768K), 0.0736183 secs] [Times: user=0.80 sys=0.02, real=0.07 secs] 
2014-04-09T12:29:02.625+0900: 71.215: [GC (Allocation Failure) 71.215: [ParNew: 118016K->13056K(118016K), 0.0663116 secs] 6744915K->6655942K(25152768K), 0.0666706 secs] [Times: user=0.71 sys=0.02, real=0.07 secs] 
2014-04-09T12:29:02.770+0900: 71.360: [GC (Allocation Failure) 71.360: [ParNew: 118016K->13056K(118016K), 0.0675052 secs] 6760902K->6673554K(25152768K), 0.0678654 secs] [Times: user=0.71 sys=0.01, real=0.07 secs] 
2014-04-09T12:29:02.913+0900: 71.503: [GC (Allocation Failure) 71.503: [ParNew: 118016K->13056K(118016K), 0.0698646 secs] 6778514K->6690334K(25152768K), 0.0702245 secs] [Times: user=0.76 sys=0.02, real=0.07 secs] 
2014-04-09T12:29:03.057+0900: 71.647: [GC (Allocation Failure) 71.647: [ParNew: 118016K->13056K(118016K), 0.0704046 secs] 6795294K->6705316K(25152768K), 0.0707709 secs] [Times: user=0.77 sys=0.01, real=0.07 secs] 
2014-04-09T12:29:03.208+0900: 71.798: [GC (Allocation Failure) 71.798: [ParNew: 118016K->13056K(118016K), 0.0643825 secs] 6810276K->6721065K(25152768K), 0.0647397 secs] [Times: user=0.68 sys=0.02, real=0.07 secs] 
2014-04-09T12:29:03.355+0900: 71.945: [GC (Allocation Failure) 71.946: [ParNew: 118016K->13056K(118016K), 0.0707229 secs] 6826025K->6738253K(25152768K), 0.0710894 secs] [Times: user=0.61 sys=0.03, real=0.07 secs] 
2014-04-09T12:29:03.500+0900: 72.090: [GC (Allocation Failure) 72.091: [ParNew: 118016K->13056K(118016K), 0.0722902 secs] 6843213K->6756104K(25152768K), 0.0726490 secs] [Times: user=0.78 sys=0.02, real=0.08 secs] 
2014-04-09T12:29:03.647+0900: 72.237: [GC (Allocation Failure) 72.237: [ParNew: 118016K->13056K(118016K), 0.0695177 secs] 6861064K->6771411K(25152768K), 0.0698908 secs] [Times: user=0.76 sys=0.02, real=0.07 secs] 
2014-04-09T12:29:03.796+0900: 72.386: [GC (Allocation Failure) 72.386: [ParNew: 118016K->13056K(118016K), 0.0747584 secs] 6876371K->6787848K(25152768K), 0.0751263 secs] [Times: user=0.79 sys=0.02, real=0.07 secs] 
2014-04-09T12:29:03.947+0900: 72.537: [GC (Allocation Failure) 72.538: [ParNew: 118016K->13056K(118016K), 0.0688435 secs] 6892808K->6804504K(25152768K), 0.0692096 secs] [Times: user=0.73 sys=0.02, real=0.07 secs] 
2014-04-09T12:29:04.093+0900: 72.683: [GC (Allocation Failure) 72.683: [ParNew: 118014K->13056K(118016K), 0.0735034 secs] 6909462K->6819482K(25152768K), 0.0738705 secs] [Times: user=0.79 sys=0.03, real=0.07 secs] 
2014-04-09T12:29:04.243+0900: 72.833: [GC (Allocation Failure) 72.833: [ParNew: 118016K->13056K(118016K), 0.0674749 secs] 6924442K->6837236K(25152768K), 0.0678453 secs] [Times: user=0.69 sys=0.02, real=0.06 secs] 
2014-04-09T12:29:04.387+0900: 72.977: [GC (Allocation Failure) 72.977: [ParNew: 118016K->13056K(118016K), 0.0686528 secs] 6942196K->6853354K(25152768K), 0.0690273 secs] [Times: user=0.74 sys=0.02, real=0.07 secs] 
2014-04-09T12:29:04.537+0900: 73.127: [GC (Allocation Failure) 73.127: [ParNew: 118016K->13056K(118016K), 0.0733622 secs] 6958314K->6870337K(25152768K), 0.0737257 secs] [Times: user=0.78 sys=0.02, real=0.07 secs] 
2014-04-09T12:29:04.681+0900: 73.271: [GC (Allocation Failure) 73.271: [ParNew: 118016K->13056K(118016K), 0.0657841 secs] 6975297K->6887602K(25152768K), 0.0661528 secs] [Times: user=0.70 sys=0.01, real=0.07 secs] 
2014-04-09T12:29:04.827+0900: 73.417: [GC (Allocation Failure) 73.417: [ParNew: 118016K->13056K(118016K), 0.0666558 secs] 6992562K->6902637K(25152768K), 0.0670210 secs] [Times: user=0.74 sys=0.01, real=0.07 secs] 
2014-04-09T12:29:04.970+0900: 73.560: [GC (Allocation Failure) 73.561: [ParNew: 118016K->13056K(118016K), 0.0664859 secs] 7007597K->6919890K(25152768K), 0.0668489 secs] [Times: user=0.64 sys=0.02, real=0.07 secs] 
2014-04-09T12:29:05.122+0900: 73.712: [GC (Allocation Failure) 73.712: [ParNew: 118016K->13056K(118016K), 0.0687231 secs] 7024850K->6935069K(25152768K), 0.0690897 secs] [Times: user=0.73 sys=0.02, real=0.06 secs] 
2014-04-09T12:29:05.273+0900: 73.863: [GC (Allocation Failure) 73.863: [ParNew: 117834K->13056K(118016K), 0.0701574 secs] 7039847K->6952004K(25152768K), 0.0705257 secs] [Times: user=0.74 sys=0.02, real=0.07 secs] 
2014-04-09T12:29:05.418+0900: 74.008: [GC (Allocation Failure) 74.008: [ParNew: 118016K->13056K(118016K), 0.0667595 secs] 7056964K->6968490K(25152768K), 0.0671249 secs] [Times: user=0.71 sys=0.03, real=0.07 secs] 
2014-04-09T12:29:05.558+0900: 74.148: [GC (Allocation Failure) 74.148: [ParNew: 118016K->13056K(118016K), 0.0687116 secs] 7073450K->6986431K(25152768K), 0.0690765 secs] [Times: user=0.73 sys=0.02, real=0.07 secs] 
2014-04-09T12:29:05.706+0900: 74.296: [GC (Allocation Failure) 74.297: [ParNew: 118016K->13056K(118016K), 0.0673444 secs] 7091391K->7001986K(25152768K), 0.0677098 secs] [Times: user=0.74 sys=0.02, real=0.07 secs] 
2014-04-09T12:29:05.851+0900: 74.441: [GC (Allocation Failure) 74.442: [ParNew: 118016K->13056K(118016K), 0.0718460 secs] 7106946K->7018336K(25152768K), 0.0722316 secs] [Times: user=0.78 sys=0.02, real=0.07 secs] 
2014-04-09T12:29:05.997+0900: 74.587: [GC (Allocation Failure) 74.587: [ParNew: 118016K->13056K(118016K), 0.0671458 secs] 7123296K->7035635K(25152768K), 0.0675181 secs] [Times: user=0.71 sys=0.01, real=0.07 secs] 
2014-04-09T12:29:06.143+0900: 74.733: [GC (Allocation Failure) 74.733: [ParNew: 118016K->13056K(118016K), 0.0675977 secs] 7140595K->7050985K(25152768K), 0.0679643 secs] [Times: user=0.74 sys=0.01, real=0.06 secs] 
2014-04-09T12:29:06.286+0900: 74.876: [GC (Allocation Failure) 74.876: [ParNew: 118016K->13056K(118016K), 0.0674812 secs] 7155945K->7067892K(25152768K), 0.0678515 secs] [Times: user=0.70 sys=0.03, real=0.07 secs] 
2014-04-09T12:29:06.429+0900: 75.019: [GC (Allocation Failure) 75.019: [ParNew: 118016K->13056K(118016K), 0.0655286 secs] 7172852K->7085070K(25152768K), 0.0658985 secs] [Times: user=0.69 sys=0.02, real=0.07 secs] 
2014-04-09T12:29:06.572+0900: 75.162: [GC (Allocation Failure) 75.163: [ParNew: 118016K->13056K(118016K), 0.0695741 secs] 7190030K->7101672K(25152768K), 0.0699462 secs] [Times: user=0.74 sys=0.03, real=0.07 secs] 
2014-04-09T12:29:06.716+0900: 75.306: [GC (Allocation Failure) 75.306: [ParNew: 118016K->13056K(118016K), 0.0650127 secs] 7206632K->7118342K(25152768K), 0.0653867 secs] [Times: user=0.69 sys=0.01, real=0.07 secs] 
2014-04-09T12:29:06.856+0900: 75.446: [GC (Allocation Failure) 75.446: [ParNew: 118016K->13056K(118016K), 0.0722388 secs] 7223302K->7135376K(25152768K), 0.0726046 secs] [Times: user=0.78 sys=0.01, real=0.07 secs] 
2014-04-09T12:29:07.007+0900: 75.597: [GC (Allocation Failure) 75.597: [ParNew: 118016K->13056K(118016K), 0.0657836 secs] 7240336K->7152371K(25152768K), 0.0661525 secs] [Times: user=0.68 sys=0.03, real=0.07 secs] 
2014-04-09T12:29:07.149+0900: 75.739: [GC (Allocation Failure) 75.739: [ParNew: 118016K->13056K(118016K), 0.0620967 secs] 7257331K->7168467K(25152768K), 0.0624564 secs] [Times: user=0.65 sys=0.02, real=0.06 secs] 
2014-04-09T12:29:07.288+0900: 75.879: [GC (Allocation Failure) 75.879: [ParNew: 118016K->13056K(118016K), 0.0643425 secs] 7273427K->7183659K(25152768K), 0.0647007 secs] [Times: user=0.70 sys=0.02, real=0.07 secs] 
2014-04-09T12:29:07.431+0900: 76.021: [GC (Allocation Failure) 76.022: [ParNew: 118016K->13056K(118016K), 0.0739052 secs] 7288619K->7200112K(25152768K), 0.0742688 secs] [Times: user=0.78 sys=0.02, real=0.07 secs] 
2014-04-09T12:29:07.583+0900: 76.173: [GC (Allocation Failure) 76.174: [ParNew: 118016K->13056K(118016K), 0.0709576 secs] 7305072K->7218964K(25152768K), 0.0713263 secs] [Times: user=0.75 sys=0.02, real=0.07 secs] 
2014-04-09T12:29:07.733+0900: 76.323: [GC (Allocation Failure) 76.323: [ParNew: 118016K->13056K(118016K), 0.0679199 secs] 7323924K->7234048K(25152768K), 0.0682966 secs] [Times: user=0.74 sys=0.01, real=0.07 secs] 
2014-04-09T12:29:07.880+0900: 76.470: [GC (Allocation Failure) 76.470: [ParNew: 118016K->13056K(118016K), 0.0699081 secs] 7339008K->7249801K(25152768K), 0.0702741 secs] [Times: user=0.76 sys=0.01, real=0.07 secs] 
2014-04-09T12:29:08.028+0900: 76.619: [GC (Allocation Failure) 76.619: [ParNew: 118016K->13056K(118016K), 0.0720331 secs] 7354761K->7266963K(25152768K), 0.0723996 secs] [Times: user=0.77 sys=0.02, real=0.07 secs] 
2014-04-09T12:29:08.175+0900: 76.765: [GC (Allocation Failure) 76.765: [ParNew: 118016K->13056K(118016K), 0.0690191 secs] 7371923K->7283260K(25152768K), 0.0693847 secs] [Times: user=0.73 sys=0.02, real=0.07 secs] 
2014-04-09T12:29:08.320+0900: 76.910: [GC (Allocation Failure) 76.910: [ParNew: 118016K->13056K(118016K), 0.0700228 secs] 7388220K->7299878K(25152768K), 0.0703903 secs] [Times: user=0.73 sys=0.02, real=0.07 secs] 
2014-04-09T12:29:08.469+0900: 77.059: [GC (Allocation Failure) 77.059: [ParNew: 118016K->13056K(118016K), 0.0695569 secs] 7404838K->7317028K(25152768K), 0.0699276 secs] [Times: user=0.74 sys=0.01, real=0.07 secs] 
2014-04-09T12:29:08.616+0900: 77.206: [GC (Allocation Failure) 77.206: [ParNew: 118016K->13056K(118016K), 0.0691696 secs] 7421988K->7334751K(25152768K), 0.0695538 secs] [Times: user=0.73 sys=0.02, real=0.07 secs] 
2014-04-09T12:29:08.766+0900: 77.356: [GC (Allocation Failure) 77.356: [ParNew: 118016K->13056K(118016K), 0.0694266 secs] 7439711K->7351259K(25152768K), 0.0697983 secs] [Times: user=0.75 sys=0.02, real=0.07 secs] 
2014-04-09T12:29:08.911+0900: 77.501: [GC (Allocation Failure) 77.501: [ParNew: 118016K->13056K(118016K), 0.0694339 secs] 7456219K->7369394K(25152768K), 0.0698112 secs] [Times: user=0.75 sys=0.03, real=0.07 secs] 
2014-04-09T12:29:09.059+0900: 77.649: [GC (Allocation Failure) 77.649: [ParNew: 118016K->13056K(118016K), 0.0698639 secs] 7474354K->7388046K(25152768K), 0.0702444 secs] [Times: user=0.75 sys=0.02, real=0.07 secs] 
2014-04-09T12:29:09.204+0900: 77.794: [GC (Allocation Failure) 77.794: [ParNew: 118016K->13056K(118016K), 0.0659663 secs] 7493006K->7402266K(25152768K), 0.0663327 secs] [Times: user=0.70 sys=0.02, real=0.06 secs] 
2014-04-09T12:29:09.346+0900: 77.936: [GC (Allocation Failure) 77.936: [ParNew: 118016K->13056K(118016K), 0.0709246 secs] 7507226K->7420214K(25152768K), 0.0712934 secs] [Times: user=0.74 sys=0.02, real=0.07 secs] 
2014-04-09T12:29:09.493+0900: 78.083: [GC (Allocation Failure) 78.083: [ParNew: 118016K->13056K(118016K), 0.0714381 secs] 7525174K->7435894K(25152768K), 0.0718050 secs] [Times: user=0.75 sys=0.03, real=0.07 secs] 
2014-04-09T12:29:09.641+0900: 78.231: [GC (Allocation Failure) 78.231: [ParNew: 118016K->13056K(118016K), 0.0691568 secs] 7540854K->7453756K(25152768K), 0.0695322 secs] [Times: user=0.72 sys=0.03, real=0.07 secs] 
2014-04-09T12:29:09.784+0900: 78.374: [GC (Allocation Failure) 78.375: [ParNew: 118016K->13056K(118016K), 0.0699401 secs] 7558716K->7469252K(25152768K), 0.0703079 secs] [Times: user=0.76 sys=0.02, real=0.07 secs] 
2014-04-09T12:29:09.931+0900: 78.521: [GC (Allocation Failure) 78.521: [ParNew: 118016K->13056K(118016K), 0.0684351 secs] 7574212K->7486069K(25152768K), 0.0688121 secs] [Times: user=0.73 sys=0.02, real=0.07 secs] 
2014-04-09T12:29:10.077+0900: 78.667: [GC (Allocation Failure) 78.668: [ParNew: 118016K->13056K(118016K), 0.0744519 secs] 7591029K->7502307K(25152768K), 0.0748187 secs] [Times: user=0.77 sys=0.02, real=0.07 secs] 
2014-04-09T12:29:10.234+0900: 78.824: [GC (Allocation Failure) 78.824: [ParNew: 118016K->13056K(118016K), 0.0693100 secs] 7607267K->7517674K(25152768K), 0.0696737 secs] [Times: user=0.75 sys=0.02, real=0.07 secs] 
2014-04-09T12:29:10.380+0900: 78.970: [GC (Allocation Failure) 78.970: [ParNew: 118016K->13056K(118016K), 0.0739004 secs] 7622634K->7534129K(25152768K), 0.0742677 secs] [Times: user=0.77 sys=0.02, real=0.08 secs] 
2014-04-09T12:29:10.456+0900: 79.046: [GC (CMS Initial Mark) [1 CMS-initial-mark: 7521073K(25034752K)] 7534373K(25152768K), 0.0021848 secs] [Times: user=0.02 sys=0.00, real=0.00 secs] 
2014-04-09T12:29:10.458+0900: 79.048: [CMS-concurrent-mark-start]
2014-04-09T12:29:10.561+0900: 79.151: [GC (Allocation Failure) 79.151: [ParNew: 117913K->13056K(118016K), 0.0690295 secs] 7638986K->7552574K(25152768K), 0.0694051 secs] [Times: user=0.73 sys=0.02, real=0.07 secs] 
2014-04-09T12:29:10.759+0900: 79.349: [GC (Allocation Failure) 79.349: [ParNew: 118016K->13056K(118016K), 0.0663093 secs] 7657534K->7567168K(25152768K), 0.0666779 secs] [Times: user=0.73 sys=0.02, real=0.07 secs] 
2014-04-09T12:29:10.936+0900: 79.526: [GC (Allocation Failure) 79.526: [ParNew: 118014K->13056K(118016K), 0.0633512 secs] 7672127K->7583772K(25152768K), 0.0637250 secs] [Times: user=0.68 sys=0.01, real=0.06 secs] 
2014-04-09T12:29:11.103+0900: 79.693: [GC (Allocation Failure) 79.694: [ParNew: 118016K->13056K(118016K), 0.0689350 secs] 7688732K->7601938K(25152768K), 0.0693094 secs] [Times: user=0.72 sys=0.03, real=0.07 secs] 
2014-04-09T12:29:11.288+0900: 79.878: [GC (Allocation Failure) 79.878: [ParNew: 118016K->13056K(118016K), 0.0684073 secs] 7706898K->7617298K(25152768K), 0.0687683 secs] [Times: user=0.70 sys=0.03, real=0.07 secs] 
2014-04-09T12:29:11.456+0900: 80.046: [GC (Allocation Failure) 80.047: [ParNew: 118016K->13056K(118016K), 0.0738044 secs] 7722258K->7633206K(25152768K), 0.0741883 secs] [Times: user=0.79 sys=0.02, real=0.07 secs] 
2014-04-09T12:29:11.629+0900: 80.219: [GC (Allocation Failure) 80.219: [ParNew: 118016K->13056K(118016K), 0.0659242 secs] 7738166K->7651341K(25152768K), 0.0662908 secs] [Times: user=0.68 sys=0.03, real=0.07 secs] 
2014-04-09T12:29:11.755+0900: 80.345: [CMS-concurrent-mark: 0.807/1.297 secs] [Times: user=13.49 sys=1.89, real=1.30 secs] 
2014-04-09T12:29:11.755+0900: 80.345: [CMS-concurrent-preclean-start]
2014-04-09T12:29:11.787+0900: 80.377: [GC (Allocation Failure) 80.377: [ParNew: 118016K->13056K(118016K), 0.0702698 secs] 7756301K->7666542K(25152768K), 0.0706436 secs] [Times: user=0.72 sys=0.01, real=0.07 secs] 
2014-04-09T12:29:11.936+0900: 80.526: [GC (Allocation Failure) 80.526: [ParNew: 118016K->13056K(118016K), 0.0780185 secs] 7771502K->7683567K(25152768K), 0.0783942 secs] [Times: user=0.79 sys=0.03, real=0.08 secs] 
2014-04-09T12:29:12.094+0900: 80.684: [GC (Allocation Failure) 80.685: [ParNew: 118016K->13056K(118016K), 0.0667006 secs] 7788527K->7702073K(25152768K), 0.0670821 secs] [Times: user=0.71 sys=0.02, real=0.06 secs] 
2014-04-09T12:29:12.244+0900: 80.834: [GC (Allocation Failure) 80.834: [ParNew: 118016K->13056K(118016K), 0.0661891 secs] 7807033K->7715679K(25152768K), 0.0665533 secs] [Times: user=0.71 sys=0.01, real=0.06 secs] 
2014-04-09T12:29:12.398+0900: 80.988: [GC (Allocation Failure) 80.988: [ParNew: 118016K->13056K(118016K), 0.0688929 secs] 7820639K->7732552K(25152768K), 0.0692577 secs] [Times: user=0.71 sys=0.02, real=0.07 secs] 
2014-04-09T12:29:12.559+0900: 81.149: [GC (Allocation Failure) 81.149: [ParNew: 118016K->13056K(118016K), 0.0662861 secs] 7837512K->7749582K(25152768K), 0.0666592 secs] [Times: user=0.71 sys=0.02, real=0.07 secs] 
2014-04-09T12:29:12.704+0900: 81.294: [GC (Allocation Failure) 81.294: [ParNew: 118016K->13056K(118016K), 0.0700132 secs] 7854542K->7766508K(25152768K), 0.0703800 secs] [Times: user=0.76 sys=0.01, real=0.07 secs] 
2014-04-09T12:29:12.854+0900: 81.444: [GC (Allocation Failure) 81.444: [ParNew: 118016K->13056K(118016K), 0.0707776 secs] 7871468K->7781201K(25152768K), 0.0711529 secs] [Times: user=0.74 sys=0.01, real=0.07 secs] 
2014-04-09T12:29:13.050+0900: 81.640: [CMS-concurrent-preclean: 0.671/1.295 secs] [Times: user=12.13 sys=2.07, real=1.29 secs] 
2014-04-09T12:29:13.052+0900: 81.642: [GC (Allocation Failure) 81.642: [ParNew: 118016K->13056K(118016K), 0.0715177 secs] 7886161K->7798991K(25152768K), 0.0718731 secs] [Times: user=0.75 sys=0.02, real=0.08 secs] 
2014-04-09T12:29:13.125+0900: 81.715: [GC (CMS Final Remark) [YG occupancy: 13061 K (118016 K)]81.715: [Rescan (parallel) , 0.0193916 secs]81.734: [weak refs processing, 0.0163447 secs]81.751: [class unloading, 0.0526498 secs]81.804: [scrub symbol table, 0.0048173 secs]81.808: [scrub string table, 0.0014105 secs][1 CMS-remark: 7785935K(25034752K)] 7798997K(25152768K), 0.1123986 secs] [Times: user=0.34 sys=0.00, real=0.11 secs] 
2014-04-09T12:29:13.238+0900: 81.828: [CMS-concurrent-sweep-start]
2014-04-09T12:29:13.329+0900: 81.920: [GC (Allocation Failure) 81.920: [ParNew: 118016K->13056K(118016K), 0.0600859 secs] 7839801K->7751390K(25152768K), 0.0604467 secs] [Times: user=0.70 sys=0.02, real=0.06 secs] 
2014-04-09T12:29:13.471+0900: 82.061: [GC (Allocation Failure) 82.061: [ParNew: 118016K->13056K(118016K), 0.0617119 secs] 7786855K->7696568K(25152768K), 0.0620873 secs] [Times: user=0.74 sys=0.00, real=0.07 secs] 
2014-04-09T12:29:13.614+0900: 82.204: [GC (Allocation Failure) 82.204: [ParNew: 118016K->13056K(118016K), 0.0678198 secs] 7741731K->7655121K(25152768K), 0.0681888 secs] [Times: user=0.79 sys=0.01, real=0.06 secs] 
2014-04-09T12:29:13.761+0900: 82.351: [GC (Allocation Failure) 82.351: [ParNew: 118016K->13056K(118016K), 0.0532528 secs] 7696159K->7607539K(25152768K), 0.0536305 secs] [Times: user=0.57 sys=0.01, real=0.06 secs] 
2014-04-09T12:29:13.900+0900: 82.490: [GC (Allocation Failure) 82.490: [ParNew: 118016K->13056K(118016K), 0.0530530 secs] 7649322K->7559950K(25152768K), 0.0534399 secs] [Times: user=0.60 sys=0.02, real=0.06 secs] 
2014-04-09T12:29:14.038+0900: 82.628: [GC (Allocation Failure) 82.628: [ParNew: 118016K->13056K(118016K), 0.0662872 secs] 7606780K->7519298K(25152768K), 0.0666593 secs] [Times: user=0.79 sys=0.00, real=0.07 secs] 
2014-04-09T12:29:14.186+0900: 82.776: [GC (Allocation Failure) 82.777: [ParNew: 118016K->13056K(118016K), 0.0668706 secs] 7570094K->7482033K(25152768K), 0.0672435 secs] [Times: user=0.80 sys=0.00, real=0.07 secs] 
2014-04-09T12:29:14.335+0900: 82.925: [GC (Allocation Failure) 82.925: [ParNew: 118016K->13056K(118016K), 0.0643901 secs] 7535860K->7447195K(25152768K), 0.0647552 secs] [Times: user=0.75 sys=0.01, real=0.06 secs] 
2014-04-09T12:29:14.482+0900: 83.072: [GC (Allocation Failure) 83.072: [ParNew: 118016K->13056K(118016K), 0.0638484 secs] 7498586K->7410426K(25152768K), 0.0642147 secs] [Times: user=0.75 sys=0.02, real=0.07 secs] 
2014-04-09T12:29:14.626+0900: 83.216: [GC (Allocation Failure) 83.216: [ParNew: 118016K->13056K(118016K), 0.0677507 secs] 7459963K->7371618K(25152768K), 0.0681176 secs] [Times: user=0.78 sys=0.01, real=0.07 secs] 
2014-04-09T12:29:14.783+0900: 83.373: [GC (Allocation Failure) 83.373: [ParNew: 118016K->13056K(118016K), 0.0652920 secs] 7415979K->7328632K(25152768K), 0.0656475 secs] [Times: user=0.74 sys=0.02, real=0.06 secs] 
2014-04-09T12:29:14.930+0900: 83.520: [GC (Allocation Failure) 83.520: [ParNew: 118016K->13056K(118016K), 0.0641411 secs] 7382898K->7293099K(25152768K), 0.0645094 secs] [Times: user=0.74 sys=0.02, real=0.07 secs] 
2014-04-09T12:29:15.072+0900: 83.662: [GC (Allocation Failure) 83.662: [ParNew: 118016K->13056K(118016K), 0.0696012 secs] 7346974K->7258958K(25152768K), 0.0699598 secs] [Times: user=0.81 sys=0.01, real=0.07 secs] 
2014-04-09T12:29:15.224+0900: 83.814: [GC (Allocation Failure) 83.814: [ParNew: 118016K->13056K(118016K), 0.0501899 secs] 7307748K->7219671K(25152768K), 0.0505549 secs] [Times: user=0.56 sys=0.01, real=0.05 secs] 
2014-04-09T12:29:15.356+0900: 83.946: [GC (Allocation Failure) 83.946: [ParNew: 118016K->13056K(118016K), 0.0608301 secs] 7271636K->7183156K(25152768K), 0.0611903 secs] [Times: user=0.71 sys=0.02, real=0.06 secs] 
2014-04-09T12:29:15.500+0900: 84.090: [GC (Allocation Failure) 84.090: [ParNew: 118016K->13056K(118016K), 0.0504181 secs] 7230953K->7141407K(25152768K), 0.0507835 secs] [Times: user=0.56 sys=0.01, real=0.05 secs] 
2014-04-09T12:29:15.643+0900: 84.233: [GC (Allocation Failure) 84.233: [ParNew: 118016K->13056K(118016K), 0.0637926 secs] 7191580K->7103807K(25152768K), 0.0641500 secs] [Times: user=0.73 sys=0.02, real=0.07 secs] 
2014-04-09T12:29:15.789+0900: 84.379: [GC (Allocation Failure) 84.379: [ParNew: 118016K->13056K(118016K), 0.0660458 secs] 7154469K->7065472K(25152768K), 0.0664221 secs] [Times: user=0.78 sys=0.01, real=0.07 secs] 
2014-04-09T12:29:15.935+0900: 84.525: [GC (Allocation Failure) 84.525: [ParNew: 118016K->13056K(118016K), 0.0513054 secs] 7118003K->7029481K(25152768K), 0.0516731 secs] [Times: user=0.56 sys=0.01, real=0.05 secs] 
2014-04-09T12:29:16.082+0900: 84.672: [GC (Allocation Failure) 84.673: [ParNew: 118016K->13056K(118016K), 0.0524279 secs] 7079906K->6992475K(25152768K), 0.0528003 secs] [Times: user=0.57 sys=0.01, real=0.06 secs] 
2014-04-09T12:29:16.222+0900: 84.812: [GC (Allocation Failure) 84.812: [ParNew: 118016K->13056K(118016K), 0.0642611 secs] 7041157K->6953500K(25152768K), 0.0646235 secs] [Times: user=0.74 sys=0.02, real=0.07 secs] 
2014-04-09T12:29:16.376+0900: 84.966: [GC (Allocation Failure) 84.966: [ParNew: 118016K->13056K(118016K), 0.0623254 secs] 6998469K->6909979K(25152768K), 0.0626793 secs] [Times: user=0.74 sys=0.01, real=0.06 secs] 
2014-04-09T12:29:16.529+0900: 85.119: [GC (Allocation Failure) 85.119: [ParNew: 118016K->13056K(118016K), 0.0487062 secs] 6956259K->6866400K(25152768K), 0.0490674 secs] [Times: user=0.54 sys=0.01, real=0.05 secs] 
2014-04-09T12:29:16.658+0900: 85.248: [GC (Allocation Failure) 85.248: [ParNew: 118016K->13056K(118016K), 0.0675895 secs] 6914010K->6827048K(25152768K), 0.0679476 secs] [Times: user=0.80 sys=0.01, real=0.07 secs] 
2014-04-09T12:29:16.810+0900: 85.400: [GC (Allocation Failure) 85.400: [ParNew: 118016K->13056K(118016K), 0.0604639 secs] 6874343K->6786298K(25152768K), 0.0608262 secs] [Times: user=0.72 sys=0.01, real=0.06 secs] 
2014-04-09T12:29:16.956+0900: 85.546: [GC (Allocation Failure) 85.546: [ParNew: 118016K->13056K(118016K), 0.0653451 secs] 6835024K->6746373K(25152768K), 0.0657100 secs] [Times: user=0.77 sys=0.01, real=0.06 secs] 
2014-04-09T12:29:17.107+0900: 85.697: [GC (Allocation Failure) 85.698: [ParNew: 118016K->13056K(118016K), 0.0587521 secs] 6794633K->6707892K(25152768K), 0.0591226 secs] [Times: user=0.69 sys=0.02, real=0.06 secs] 
2014-04-09T12:29:17.254+0900: 85.844: [GC (Allocation Failure) 85.844: [ParNew: 118016K->13056K(118016K), 0.0512129 secs] 6753626K->6664756K(25152768K), 0.0515812 secs] [Times: user=0.61 sys=0.01, real=0.05 secs] 
2014-04-09T12:29:17.392+0900: 85.982: [GC (Allocation Failure) 85.982: [ParNew: 118016K->13056K(118016K), 0.0582538 secs] 6712788K->6624228K(25152768K), 0.0586198 secs] [Times: user=0.64 sys=0.00, real=0.06 secs] 
2014-04-09T12:29:17.531+0900: 86.121: [GC (Allocation Failure) 86.121: [ParNew: 118016K->13056K(118016K), 0.0648660 secs] 6676210K->6586588K(25152768K), 0.0652266 secs] [Times: user=0.78 sys=0.00, real=0.07 secs] 
2014-04-09T12:29:17.679+0900: 86.269: [GC (Allocation Failure) 86.269: [ParNew: 118016K->13056K(118016K), 0.0544856 secs] 6633182K->6544654K(25152768K), 0.0548425 secs] [Times: user=0.63 sys=0.01, real=0.06 secs] 
2014-04-09T12:29:17.812+0900: 86.402: [GC (Allocation Failure) 86.402: [ParNew: 118016K->13056K(118016K), 0.0623792 secs] 6601740K->6514123K(25152768K), 0.0627360 secs] [Times: user=0.74 sys=0.01, real=0.07 secs] 
2014-04-09T12:29:17.953+0900: 86.543: [GC (Allocation Failure) 86.543: [ParNew: 118016K->13056K(118016K), 0.0647915 secs] 6569484K->6480063K(25152768K), 0.0651613 secs] [Times: user=0.77 sys=0.01, real=0.07 secs] 
2014-04-09T12:29:18.098+0900: 86.688: [GC (Allocation Failure) 86.689: [ParNew: 118016K->13056K(118016K), 0.0622166 secs] 6533228K->6445865K(25152768K), 0.0625813 secs] [Times: user=0.71 sys=0.01, real=0.06 secs] 
2014-04-09T12:29:18.244+0900: 86.835: [GC (Allocation Failure) 86.835: [ParNew: 118016K->13056K(118016K), 0.0563726 secs] 6500501K->6412061K(25152768K), 0.0567507 secs] [Times: user=0.63 sys=0.02, real=0.05 secs] 
2014-04-09T12:29:18.383+0900: 86.973: [GC (Allocation Failure) 86.973: [ParNew: 118016K->13056K(118016K), 0.0604208 secs] 6466088K->6377094K(25152768K), 0.0607974 secs] [Times: user=0.70 sys=0.01, real=0.07 secs] 
2014-04-09T12:29:18.521+0900: 87.111: [GC (Allocation Failure) 87.111: [ParNew: 118016K->13056K(118016K), 0.0494733 secs] 6434187K->6344503K(25152768K), 0.0498397 secs] [Times: user=0.56 sys=0.01, real=0.05 secs] 
2014-04-09T12:29:18.655+0900: 87.245: [GC (Allocation Failure) 87.245: [ParNew: 118016K->13056K(118016K), 0.0627711 secs] 6400010K->6312380K(25152768K), 0.0631321 secs] [Times: user=0.73 sys=0.00, real=0.06 secs] 
2014-04-09T12:29:18.799+0900: 87.389: [GC (Allocation Failure) 87.389: [ParNew: 118016K->13056K(118016K), 0.0505143 secs] 6365347K->6277175K(25152768K), 0.0508744 secs] [Times: user=0.56 sys=0.01, real=0.05 secs] 
2014-04-09T12:29:18.931+0900: 87.521: [GC (Allocation Failure) 87.521: [ParNew: 118016K->13056K(118016K), 0.0522378 secs] 6330578K->6241358K(25152768K), 0.0525976 secs] [Times: user=0.59 sys=0.01, real=0.06 secs] 
2014-04-09T12:29:19.064+0900: 87.654: [GC (Allocation Failure) 87.655: [ParNew: 118016K->13056K(118016K), 0.0598383 secs] 6292037K->6205069K(25152768K), 0.0601959 secs] [Times: user=0.71 sys=0.00, real=0.06 secs] 
2014-04-09T12:29:19.204+0900: 87.794: [GC (Allocation Failure) 87.795: [ParNew: 118016K->13056K(118016K), 0.0595251 secs] 6259769K->6171165K(25152768K), 0.0598998 secs] [Times: user=0.70 sys=0.01, real=0.06 secs] 
2014-04-09T12:29:19.344+0900: 87.934: [GC (Allocation Failure) 87.934: [ParNew: 118016K->13056K(118016K), 0.0667857 secs] 6223680K->6135114K(25152768K), 0.0671445 secs] [Times: user=0.79 sys=0.01, real=0.06 secs] 
2014-04-09T12:29:19.491+0900: 88.081: [GC (Allocation Failure) 88.081: [ParNew: 118016K->13056K(118016K), 0.0623607 secs] 6188421K->6098632K(25152768K), 0.0627205 secs] [Times: user=0.73 sys=0.01, real=0.07 secs] 
2014-04-09T12:29:19.634+0900: 88.224: [GC (Allocation Failure) 88.224: [ParNew: 118016K->13056K(118016K), 0.0595032 secs] 6155441K->6068828K(25152768K), 0.0598596 secs] [Times: user=0.67 sys=0.01, real=0.06 secs] 
2014-04-09T12:29:19.774+0900: 88.364: [GC (Allocation Failure) 88.364: [ParNew: 118016K->13056K(118016K), 0.0576296 secs] 6124546K->6036236K(25152768K), 0.0579911 secs] [Times: user=0.69 sys=0.01, real=0.05 secs] 
2014-04-09T12:29:19.920+0900: 88.510: [GC (Allocation Failure) 88.510: [ParNew: 118016K->13056K(118016K), 0.0632359 secs] 6085986K->5994653K(25152768K), 0.0635986 secs] [Times: user=0.76 sys=0.01, real=0.07 secs] 
2014-04-09T12:29:20.064+0900: 88.654: [GC (Allocation Failure) 88.654: [ParNew: 118016K->13056K(118016K), 0.0549167 secs] 6047521K->5959142K(25152768K), 0.0552841 secs] [Times: user=0.65 sys=0.00, real=0.05 secs] 
2014-04-09T12:29:20.200+0900: 88.790: [GC (Allocation Failure) 88.790: [ParNew: 118016K->13056K(118016K), 0.0685038 secs] 6011960K->5923065K(25152768K), 0.0688624 secs] [Times: user=0.80 sys=0.02, real=0.07 secs] 
2014-04-09T12:29:20.347+0900: 88.937: [GC (Allocation Failure) 88.937: [ParNew: 118016K->13056K(118016K), 0.0509940 secs] 5980514K->5892794K(25152768K), 0.0513538 secs] [Times: user=0.56 sys=0.02, real=0.05 secs] 
2014-04-09T12:29:20.480+0900: 89.070: [GC (Allocation Failure) 89.070: [ParNew: 118016K->13056K(118016K), 0.0487374 secs] 5947778K->5857943K(25152768K), 0.0490987 secs] [Times: user=0.56 sys=0.01, real=0.05 secs] 
2014-04-09T12:29:20.618+0900: 89.208: [GC (Allocation Failure) 89.208: [ParNew: 118016K->13056K(118016K), 0.0564943 secs] 5904934K->5818138K(25152768K), 0.0568472 secs] [Times: user=0.65 sys=0.01, real=0.06 secs] 
2014-04-09T12:29:20.751+0900: 89.341: [GC (Allocation Failure) 89.341: [ParNew: 118016K->13056K(118016K), 0.0566632 secs] 5885323K->5797813K(25152768K), 0.0570291 secs] [Times: user=0.65 sys=0.01, real=0.06 secs] 
2014-04-09T12:29:20.889+0900: 89.479: [GC (Allocation Failure) 89.480: [ParNew: 118016K->13056K(118016K), 0.0530984 secs] 5884303K->5794741K(25152768K), 0.0534575 secs] [Times: user=0.57 sys=0.02, real=0.05 secs] 
2014-04-09T12:29:21.022+0900: 89.612: [GC (Allocation Failure) 89.612: [ParNew: 118016K->13056K(118016K), 0.0691059 secs] 5881406K->5792436K(25152768K), 0.0694698 secs] [Times: user=0.79 sys=0.01, real=0.07 secs] 
2014-04-09T12:29:21.170+0900: 89.760: [CMS-concurrent-sweep: 4.543/7.932 secs] [Times: user=80.32 sys=13.59, real=7.93 secs] 
2014-04-09T12:29:21.170+0900: 89.760: [CMS-concurrent-reset-start]
2014-04-09T12:29:21.173+0900: 89.763: [GC (Allocation Failure) 89.763: [ParNew: 118016K->13056K(118016K), 0.0664051 secs] 5896866K->5808734K(25152768K), 0.0667559 secs] [Times: user=0.74 sys=0.02, real=0.07 secs] 
2014-04-09T12:29:21.321+0900: 89.911: [CMS-concurrent-reset: 0.082/0.151 secs] [Times: user=1.51 sys=0.26, real=0.15 secs] 
2014-04-09T12:29:21.328+0900: 89.918: [GC (Allocation Failure) 89.918: [ParNew: 118016K->13056K(118016K), 0.0676814 secs] 5913694K->5825243K(25152768K), 0.0680331 secs] [Times: user=0.75 sys=0.02, real=0.07 secs] 
2014-04-09T12:29:21.472+0900: 90.062: [GC (Allocation Failure) 90.062: [ParNew: 118016K->13056K(118016K), 0.0682001 secs] 5930203K->5839900K(25152768K), 0.0685571 secs] [Times: user=0.78 sys=0.01, real=0.07 secs] 
2014-04-09T12:29:21.623+0900: 90.213: [GC (Allocation Failure) 90.214: [ParNew: 118016K->13056K(118016K), 0.0695037 secs] 5944860K->5857944K(25152768K), 0.0698701 secs] [Times: user=0.74 sys=0.02, real=0.07 secs] 
2014-04-09T12:29:21.767+0900: 90.357: [GC (Allocation Failure) 90.357: [ParNew: 118016K->13056K(118016K), 0.0681587 secs] 5962904K->5874525K(25152768K), 0.0685252 secs] [Times: user=0.78 sys=0.01, real=0.07 secs] 
2014-04-09T12:29:21.911+0900: 90.501: [GC (Allocation Failure) 90.502: [ParNew: 118016K->13056K(118016K), 0.0540918 secs] 5979485K->5891191K(25152768K), 0.0544657 secs] [Times: user=0.57 sys=0.02, real=0.06 secs] 
2014-04-09T12:29:22.043+0900: 90.633: [GC (Allocation Failure) 90.633: [ParNew: 118016K->13056K(118016K), 0.0537883 secs] 5996151K->5906614K(25152768K), 0.0541573 secs] [Times: user=0.57 sys=0.01, real=0.06 secs] 
2014-04-09T12:29:22.177+0900: 90.767: [GC (Allocation Failure) 90.768: [ParNew: 118016K->13056K(118016K), 0.0700160 secs] 6011574K->5923581K(25152768K), 0.0703745 secs] [Times: user=0.78 sys=0.01, real=0.07 secs] 
2014-04-09T12:29:22.324+0900: 90.914: [GC (Allocation Failure) 90.914: [ParNew: 118016K->13056K(118016K), 0.0541395 secs] 6028541K->5940561K(25152768K), 0.0545039 secs] [Times: user=0.60 sys=0.02, real=0.06 secs] 
2014-04-09T12:29:22.453+0900: 91.043: [GC (Allocation Failure) 91.044: [ParNew: 118016K->13056K(118016K), 0.0651059 secs] 6045521K->5957298K(25152768K), 0.0654729 secs] [Times: user=0.72 sys=0.01, real=0.07 secs] 
2014-04-09T12:29:22.596+0900: 91.186: [GC (Allocation Failure) 91.186: [ParNew: 118016K->13056K(118016K), 0.0522650 secs] 6062258K->5972526K(25152768K), 0.0526322 secs] [Times: user=0.54 sys=0.02, real=0.05 secs] 
2014-04-09T12:29:22.726+0900: 91.316: [GC (Allocation Failure) 91.316: [ParNew: 118016K->13056K(118016K), 0.0574850 secs] 6077486K->5989058K(25152768K), 0.0578442 secs] [Times: user=0.56 sys=0.02, real=0.05 secs] 
2014-04-09T12:29:22.857+0900: 91.447: [GC (Allocation Failure) 91.447: [ParNew: 118016K->13056K(118016K), 0.0684052 secs] 6094018K->6006943K(25152768K), 0.0687635 secs] [Times: user=0.75 sys=0.02, real=0.07 secs] 
2014-04-09T12:29:23.001+0900: 91.591: [GC (Allocation Failure) 91.591: [ParNew: 118016K->13056K(118016K), 0.0627401 secs] 6111903K->6023759K(25152768K), 0.0630978 secs] [Times: user=0.70 sys=0.01, real=0.06 secs] 
2014-04-09T12:29:23.141+0900: 91.731: [GC (Allocation Failure) 91.731: [ParNew: 118016K->13056K(118016K), 0.0568099 secs] 6128719K->6040438K(25152768K), 0.0571751 secs] [Times: user=0.62 sys=0.01, real=0.06 secs] 
2014-04-09T12:29:23.274+0900: 91.864: [GC (Allocation Failure) 91.864: [ParNew: 118015K->13056K(118016K), 0.0650040 secs] 6145398K->6056850K(25152768K), 0.0653703 secs] [Times: user=0.72 sys=0.02, real=0.07 secs] 
2014-04-09T12:29:23.414+0900: 92.004: [GC (Allocation Failure) 92.004: [ParNew: 118016K->13056K(118016K), 0.0639774 secs] 6161810K->6074241K(25152768K), 0.0643477 secs] [Times: user=0.74 sys=0.02, real=0.07 secs] 
2014-04-09T12:29:23.555+0900: 92.145: [GC (Allocation Failure) 92.145: [ParNew: 118016K->13056K(118016K), 0.0665263 secs] 6179201K->6090636K(25152768K), 0.0668916 secs] [Times: user=0.76 sys=0.01, real=0.06 secs] 
2014-04-09T12:29:23.700+0900: 92.290: [GC (Allocation Failure) 92.291: [ParNew: 118016K->13056K(118016K), 0.0635298 secs] 6195596K->6106280K(25152768K), 0.0638948 secs] [Times: user=0.71 sys=0.01, real=0.07 secs] 
2014-04-09T12:29:23.839+0900: 92.429: [GC (Allocation Failure) 92.429: [ParNew: 118016K->13056K(118016K), 0.0570826 secs] 6211240K->6123170K(25152768K), 0.0574563 secs] [Times: user=0.62 sys=0.01, real=0.06 secs] 
2014-04-09T12:29:23.975+0900: 92.565: [GC (Allocation Failure) 92.565: [ParNew: 118016K->13056K(118016K), 0.0593567 secs] 6228130K->6139594K(25152768K), 0.0597306 secs] [Times: user=0.67 sys=0.02, real=0.06 secs] 
2014-04-09T12:29:24.113+0900: 92.703: [GC (Allocation Failure) 92.704: [ParNew: 118016K->13056K(118016K), 0.0654869 secs] 6244554K->6157444K(25152768K), 0.0658518 secs] [Times: user=0.74 sys=0.02, real=0.07 secs] 
2014-04-09T12:29:24.257+0900: 92.847: [GC (Allocation Failure) 92.847: [ParNew: 118016K->13056K(118016K), 0.0658418 secs] 6262404K->6172259K(25152768K), 0.0662061 secs] [Times: user=0.72 sys=0.02, real=0.06 secs] 
2014-04-09T12:29:24.400+0900: 92.990: [GC (Allocation Failure) 92.990: [ParNew: 118016K->13056K(118016K), 0.0571051 secs] 6277219K->6189863K(25152768K), 0.0574766 secs] [Times: user=0.60 sys=0.01, real=0.06 secs] 
2014-04-09T12:29:24.531+0900: 93.121: [GC (Allocation Failure) 93.121: [ParNew: 118016K->13056K(118016K), 0.0593560 secs] 6294823K->6208527K(25152768K), 0.0597458 secs] [Times: user=0.66 sys=0.01, real=0.06 secs] 
2014-04-09T12:29:24.666+0900: 93.256: [GC (Allocation Failure) 93.256: [ParNew: 118016K->13056K(118016K), 0.0649871 secs] 6313487K->6224867K(25152768K), 0.0653489 secs] [Times: user=0.74 sys=0.02, real=0.06 secs] 
2014-04-09T12:29:24.809+0900: 93.399: [GC (Allocation Failure) 93.399: [ParNew: 118016K->13056K(118016K), 0.0540739 secs] 6329827K->6239960K(25152768K), 0.0544365 secs] [Times: user=0.58 sys=0.01, real=0.05 secs] 
2014-04-09T12:29:24.940+0900: 93.530: [GC (Allocation Failure) 93.530: [ParNew: 118016K->13056K(118016K), 0.0568164 secs] 6344920K->6258051K(25152768K), 0.0571734 secs] [Times: user=0.63 sys=0.02, real=0.06 secs] 
2014-04-09T12:29:25.077+0900: 93.667: [GC (Allocation Failure) 93.667: [ParNew: 118016K->13056K(118016K), 0.0564181 secs] 6363011K->6273660K(25152768K), 0.0567887 secs] [Times: user=0.56 sys=0.01, real=0.05 secs] 
2014-04-09T12:29:25.216+0900: 93.806: [GC (Allocation Failure) 93.807: [ParNew: 118016K->13056K(118016K), 0.0614159 secs] 6378620K->6290612K(25152768K), 0.0617802 secs] [Times: user=0.67 sys=0.02, real=0.06 secs] 
2014-04-09T12:29:25.353+0900: 93.943: [GC (Allocation Failure) 93.944: [ParNew: 118016K->13056K(118016K), 0.0674951 secs] 6395572K->6306973K(25152768K), 0.0678559 secs] [Times: user=0.76 sys=0.02, real=0.07 secs] 
2014-04-09T12:29:25.502+0900: 94.092: [GC (Allocation Failure) 94.093: [ParNew: 118016K->13056K(118016K), 0.0676469 secs] 6411933K->6324078K(25152768K), 0.0680211 secs] [Times: user=0.76 sys=0.01, real=0.07 secs] 
2014-04-09T12:29:25.650+0900: 94.240: [GC (Allocation Failure) 94.240: [ParNew: 118016K->13056K(118016K), 0.0674016 secs] 6429038K->6341367K(25152768K), 0.0677704 secs] [Times: user=0.75 sys=0.01, real=0.07 secs] 
2014-04-09T12:29:25.796+0900: 94.386: [GC (Allocation Failure) 94.387: [ParNew: 118016K->13056K(118016K), 0.0641774 secs] 6446327K->6356292K(25152768K), 0.0645381 secs] [Times: user=0.72 sys=0.02, real=0.06 secs] 
2014-04-09T12:29:25.935+0900: 94.525: [GC (Allocation Failure) 94.525: [ParNew: 118016K->13056K(118016K), 0.0661552 secs] 6461252K->6372591K(25152768K), 0.0665260 secs] [Times: user=0.74 sys=0.02, real=0.06 secs] 
2014-04-09T12:29:26.076+0900: 94.666: [GC (Allocation Failure) 94.666: [ParNew: 118016K->13056K(118016K), 0.0633602 secs] 6477551K->6389438K(25152768K), 0.0637255 secs] [Times: user=0.75 sys=0.01, real=0.06 secs] 
2014-04-09T12:29:26.216+0900: 94.806: [GC (Allocation Failure) 94.806: [ParNew: 118016K->13056K(118016K), 0.0632378 secs] 6494398K->6407113K(25152768K), 0.0636171 secs] [Times: user=0.70 sys=0.01, real=0.06 secs] 
2014-04-09T12:29:26.361+0900: 94.952: [GC (Allocation Failure) 94.952: [ParNew: 118016K->13056K(118016K), 0.0653796 secs] 6512073K->6423429K(25152768K), 0.0657436 secs] [Times: user=0.75 sys=0.02, real=0.07 secs] 
2014-04-09T12:29:26.508+0900: 95.098: [GC (Allocation Failure) 95.099: [ParNew: 118016K->13056K(118016K), 0.0531806 secs] 6528389K->6439547K(25152768K), 0.0535424 secs] [Times: user=0.56 sys=0.02, real=0.05 secs] 
2014-04-09T12:29:26.640+0900: 95.230: [GC (Allocation Failure) 95.230: [ParNew: 118016K->13056K(118016K), 0.0574189 secs] 6544507K->6458057K(25152768K), 0.0577841 secs] [Times: user=0.65 sys=0.00, real=0.06 secs] 
2014-04-09T12:29:26.772+0900: 95.362: [GC (Allocation Failure) 95.362: [ParNew: 118016K->13056K(118016K), 0.0537275 secs] 6563017K->6473509K(25152768K), 0.0540864 secs] [Times: user=0.54 sys=0.02, real=0.06 secs] 
2014-04-09T12:29:26.902+0900: 95.492: [GC (Allocation Failure) 95.493: [ParNew: 118016K->13056K(118016K), 0.0693900 secs] 6578469K->6489603K(25152768K), 0.0697463 secs] [Times: user=0.76 sys=0.01, real=0.07 secs] 
2014-04-09T12:29:27.048+0900: 95.638: [GC (Allocation Failure) 95.638: [ParNew: 118016K->13056K(118016K), 0.0543723 secs] 6594563K->6505885K(25152768K), 0.0547295 secs] [Times: user=0.61 sys=0.01, real=0.05 secs] 
2014-04-09T12:29:27.179+0900: 95.769: [GC (Allocation Failure) 95.769: [ParNew: 118016K->13056K(118016K), 0.0627434 secs] 6610845K->6523415K(25152768K), 0.0631010 secs] [Times: user=0.68 sys=0.01, real=0.06 secs] 
2014-04-09T12:29:27.320+0900: 95.910: [GC (Allocation Failure) 95.910: [ParNew: 118016K->13056K(118016K), 0.0524758 secs] 6628375K->6539414K(25152768K), 0.0528389 secs] [Times: user=0.56 sys=0.01, real=0.05 secs] 
2014-04-09T12:29:27.449+0900: 96.039: [GC (Allocation Failure) 96.040: [ParNew: 118016K->13056K(118016K), 0.0544305 secs] 6644374K->6555137K(25152768K), 0.0547953 secs] [Times: user=0.57 sys=0.02, real=0.05 secs] 
2014-04-09T12:29:27.579+0900: 96.169: [GC (Allocation Failure) 96.169: [ParNew: 118016K->13056K(118016K), 0.0589169 secs] 6660097K->6573118K(25152768K), 0.0592800 secs] [Times: user=0.62 sys=0.02, real=0.06 secs] 
2014-04-09T12:29:27.719+0900: 96.309: [GC (Allocation Failure) 96.309: [ParNew: 118016K->13056K(118016K), 0.0541083 secs] 6678078K->6588696K(25152768K), 0.0544732 secs] [Times: user=0.61 sys=0.02, real=0.05 secs] 
2014-04-09T12:29:27.849+0900: 96.439: [GC (Allocation Failure) 96.439: [ParNew: 118016K->13056K(118016K), 0.0646547 secs] 6693656K->6606678K(25152768K), 0.0650171 secs] [Times: user=0.70 sys=0.02, real=0.06 secs] 
2014-04-09T12:29:27.995+0900: 96.585: [GC (Allocation Failure) 96.585: [ParNew: 118016K->13056K(118016K), 0.0686481 secs] 6711638K->6621244K(25152768K), 0.0690124 secs] [Times: user=0.77 sys=0.03, real=0.06 secs] 
2014-04-09T12:29:28.141+0900: 96.731: [GC (Allocation Failure) 96.731: [ParNew: 118016K->13056K(118016K), 0.0547642 secs] 6726204K->6638162K(25152768K), 0.0551310 secs] [Times: user=0.55 sys=0.02, real=0.06 secs] 
2014-04-09T12:29:28.273+0900: 96.864: [GC (Allocation Failure) 96.864: [ParNew: 118016K->13056K(118016K), 0.0595514 secs] 6743122K->6656673K(25152768K), 0.0599151 secs] [Times: user=0.63 sys=0.03, real=0.06 secs] 
2014-04-09T12:29:28.409+0900: 96.999: [GC (Allocation Failure) 96.999: [ParNew: 118016K->13056K(118016K), 0.0519278 secs] 6761633K->6671494K(25152768K), 0.0523026 secs] [Times: user=0.58 sys=0.00, real=0.05 secs] 
2014-04-09T12:29:28.543+0900: 97.133: [GC (Allocation Failure) 97.133: [ParNew: 118016K->13056K(118016K), 0.0646317 secs] 6776454K->6687486K(25152768K), 0.0649947 secs] [Times: user=0.71 sys=0.02, real=0.07 secs] 
2014-04-09T12:29:28.685+0900: 97.275: [GC (Allocation Failure) 97.275: [ParNew: 118016K->13056K(118016K), 0.0653270 secs] 6792446K->6704592K(25152768K), 0.0656998 secs] [Times: user=0.74 sys=0.01, real=0.07 secs] 
2014-04-09T12:29:28.826+0900: 97.416: [GC (Allocation Failure) 97.416: [ParNew: 118016K->13056K(118016K), 0.0664691 secs] 6809552K->6721651K(25152768K), 0.0668293 secs] [Times: user=0.73 sys=0.02, real=0.06 secs] 
2014-04-09T12:29:28.965+0900: 97.555: [GC (Allocation Failure) 97.556: [ParNew: 118015K->13056K(118016K), 0.0530790 secs] 6826611K->6736184K(25152768K), 0.0534401 secs] [Times: user=0.58 sys=0.02, real=0.05 secs] 
2014-04-09T12:29:29.098+0900: 97.688: [GC (Allocation Failure) 97.688: [ParNew: 118016K->13056K(118016K), 0.0710098 secs] 6841144K->6754270K(25152768K), 0.0713677 secs] [Times: user=0.77 sys=0.02, real=0.07 secs] 
2014-04-09T12:29:29.246+0900: 97.836: [GC (Allocation Failure) 97.836: [ParNew: 118016K->13056K(118016K), 0.0552028 secs] 6859230K->6770181K(25152768K), 0.0555631 secs] [Times: user=0.55 sys=0.02, real=0.05 secs] 
2014-04-09T12:29:29.373+0900: 97.963: [GC (Allocation Failure) 97.963: [ParNew: 118010K->13056K(118016K), 0.0569737 secs] 6875135K->6787225K(25152768K), 0.0573415 secs] [Times: user=0.63 sys=0.02, real=0.06 secs] 
2014-04-09T12:29:29.507+0900: 98.097: [GC (Allocation Failure) 98.098: [ParNew: 118016K->13056K(118016K), 0.0595281 secs] 6892185K->6803951K(25152768K), 0.0598934 secs] [Times: user=0.68 sys=0.01, real=0.06 secs] 
2014-04-09T12:29:29.645+0900: 98.235: [GC (Allocation Failure) 98.235: [ParNew: 118016K->13056K(118016K), 0.0719345 secs] 6908911K->6820262K(25152768K), 0.0722923 secs] [Times: user=0.76 sys=0.02, real=0.08 secs] 
2014-04-09T12:29:29.793+0900: 98.383: [GC (Allocation Failure) 98.383: [ParNew: 118016K->13056K(118016K), 0.0685543 secs] 6925222K->6836135K(25152768K), 0.0689120 secs] [Times: user=0.79 sys=0.02, real=0.07 secs] 
2014-04-09T12:29:29.939+0900: 98.529: [GC (Allocation Failure) 98.529: [ParNew: 118016K->13056K(118016K), 0.0584315 secs] 6941095K->6853285K(25152768K), 0.0587862 secs] [Times: user=0.57 sys=0.01, real=0.06 secs] 
2014-04-09T12:29:30.073+0900: 98.663: [GC (Allocation Failure) 98.663: [ParNew: 118016K->13056K(118016K), 0.0705359 secs] 6958245K->6868656K(25152768K), 0.0708914 secs] [Times: user=0.80 sys=0.01, real=0.07 secs] 
2014-04-09T12:29:30.219+0900: 98.809: [GC (Allocation Failure) 98.810: [ParNew: 118016K->13056K(118016K), 0.0689816 secs] 6973616K->6885589K(25152768K), 0.0693392 secs] [Times: user=0.78 sys=0.02, real=0.07 secs] 
2014-04-09T12:29:30.363+0900: 98.953: [GC (Allocation Failure) 98.953: [ParNew: 118016K->13056K(118016K), 0.0658118 secs] 6990549K->6903223K(25152768K), 0.0661696 secs] [Times: user=0.73 sys=0.02, real=0.07 secs] 
2014-04-09T12:29:30.505+0900: 99.095: [GC (Allocation Failure) 99.095: [ParNew: 118016K->13056K(118016K), 0.0649433 secs] 7008183K->6917356K(25152768K), 0.0652993 secs] [Times: user=0.75 sys=0.02, real=0.07 secs] 
2014-04-09T12:29:30.646+0900: 99.236: [GC (Allocation Failure) 99.236: [ParNew: 118016K->13056K(118016K), 0.0710747 secs] 7022316K->6933526K(25152768K), 0.0714336 secs] [Times: user=0.75 sys=0.04, real=0.07 secs] 
2014-04-09T12:29:30.789+0900: 99.379: [GC (Allocation Failure) 99.380: [ParNew: 118001K->13056K(118016K), 0.0545645 secs] 7038472K->6950418K(25152768K), 0.0549305 secs] [Times: user=0.56 sys=0.01, real=0.05 secs] 
2014-04-09T12:29:30.919+0900: 99.510: [GC (Allocation Failure) 99.510: [ParNew: 118016K->13056K(118016K), 0.0649574 secs] 7055378K->6968703K(25152768K), 0.0653157 secs] [Times: user=0.71 sys=0.02, real=0.06 secs] 
2014-04-09T12:29:31.063+0900: 99.653: [GC (Allocation Failure) 99.653: [ParNew: 118016K->13056K(118016K), 0.0526649 secs] 7073663K->6983107K(25152768K), 0.0530227 secs] [Times: user=0.58 sys=0.02, real=0.06 secs] 
2014-04-09T12:29:31.188+0900: 99.778: [GC (Allocation Failure) 99.779: [ParNew: 118016K->13056K(118016K), 0.0562399 secs] 7088067K->7000798K(25152768K), 0.0566085 secs] [Times: user=0.60 sys=0.02, real=0.05 secs] 
2014-04-09T12:29:31.321+0900: 99.911: [GC (Allocation Failure) 99.911: [ParNew: 118016K->13056K(118016K), 0.0686562 secs] 7105758K->7017024K(25152768K), 0.0690100 secs] [Times: user=0.78 sys=0.02, real=0.07 secs] 
2014-04-09T12:29:31.464+0900: 100.054: [GC (Allocation Failure) 100.054: [ParNew: 118016K->13056K(118016K), 0.0542081 secs] 7121984K->7033695K(25152768K), 0.0545647 secs] [Times: user=0.54 sys=0.02, real=0.06 secs] 
2014-04-09T12:29:31.600+0900: 100.190: [GC (Allocation Failure) 100.190: [ParNew: 118016K->13056K(118016K), 0.0633831 secs] 7138655K->7049337K(25152768K), 0.0637410 secs] [Times: user=0.70 sys=0.01, real=0.06 secs] 
2014-04-09T12:29:31.741+0900: 100.331: [GC (Allocation Failure) 100.331: [ParNew: 118016K->13056K(118016K), 0.0542804 secs] 7154297K->7066294K(25152768K), 0.0546471 secs] [Times: user=0.57 sys=0.02, real=0.06 secs] 
2014-04-09T12:29:31.872+0900: 100.462: [GC (Allocation Failure) 100.463: [ParNew: 118016K->13056K(118016K), 0.0692289 secs] 7171254K->7085248K(25152768K), 0.0695891 secs] [Times: user=0.75 sys=0.02, real=0.07 secs] 
2014-04-09T12:29:32.024+0900: 100.614: [GC (Allocation Failure) 100.614: [ParNew: 118016K->13056K(118016K), 0.0522060 secs] 7190208K->7100180K(25152768K), 0.0525596 secs] [Times: user=0.59 sys=0.00, real=0.06 secs] 
2014-04-09T12:29:32.152+0900: 100.742: [GC (Allocation Failure) 100.742: [ParNew: 118016K->13056K(118016K), 0.0647480 secs] 7205140K->7117038K(25152768K), 0.0651067 secs] [Times: user=0.69 sys=0.02, real=0.07 secs] 
2014-04-09T12:29:32.292+0900: 100.882: [GC (Allocation Failure) 100.882: [ParNew: 118016K->13056K(118016K), 0.0643882 secs] 7221998K->7134473K(25152768K), 0.0647510 secs] [Times: user=0.72 sys=0.01, real=0.07 secs] 
2014-04-09T12:29:32.434+0900: 101.024: [GC (Allocation Failure) 101.024: [ParNew: 118016K->13056K(118016K), 0.0546988 secs] 7239433K->7150588K(25152768K), 0.0550565 secs] [Times: user=0.57 sys=0.02, real=0.06 secs] 
2014-04-09T12:29:32.566+0900: 101.156: [GC (Allocation Failure) 101.157: [ParNew: 118016K->13056K(118016K), 0.0679784 secs] 7255548K->7166732K(25152768K), 0.0683334 secs] [Times: user=0.71 sys=0.02, real=0.06 secs] 
2014-04-09T12:29:32.709+0900: 101.299: [GC (Allocation Failure) 101.299: [ParNew: 118016K->13056K(118016K), 0.0644278 secs] 7271692K->7182766K(25152768K), 0.0647842 secs] [Times: user=0.73 sys=0.01, real=0.06 secs] 
2014-04-09T12:29:32.847+0900: 101.437: [GC (Allocation Failure) 101.438: [ParNew: 118016K->13056K(118016K), 0.0698279 secs] 7287726K->7199828K(25152768K), 0.0701906 secs] [Times: user=0.80 sys=0.01, real=0.07 secs] 
2014-04-09T12:29:32.994+0900: 101.584: [GC (Allocation Failure) 101.584: [ParNew: 118016K->13056K(118016K), 0.0653208 secs] 7304788K->7216857K(25152768K), 0.0656859 secs] [Times: user=0.73 sys=0.01, real=0.07 secs] 
2014-04-09T12:29:33.137+0900: 101.727: [GC (Allocation Failure) 101.727: [ParNew: 118016K->13056K(118016K), 0.0549542 secs] 7321817K->7232366K(25152768K), 0.0553117 secs] [Times: user=0.60 sys=0.01, real=0.05 secs] 
2014-04-09T12:29:33.269+0900: 101.859: [GC (Allocation Failure) 101.859: [ParNew: 118016K->13056K(118016K), 0.0662768 secs] 7337326K->7249864K(25152768K), 0.0666319 secs] [Times: user=0.75 sys=0.02, real=0.07 secs] 
2014-04-09T12:29:33.411+0900: 102.001: [GC (Allocation Failure) 102.001: [ParNew: 118014K->13056K(118016K), 0.0666368 secs] 7354822K->7267962K(25152768K), 0.0670008 secs] [Times: user=0.75 sys=0.00, real=0.07 secs] 
2014-04-09T12:29:33.554+0900: 102.144: [GC (Allocation Failure) 102.144: [ParNew: 118016K->13056K(118016K), 0.0660945 secs] 7372922K->7284368K(25152768K), 0.0664514 secs] [Times: user=0.72 sys=0.02, real=0.07 secs] 
2014-04-09T12:29:33.697+0900: 102.287: [GC (Allocation Failure) 102.287: [ParNew: 118016K->13056K(118016K), 0.0574317 secs] 7389328K->7299065K(25152768K), 0.0577932 secs] [Times: user=0.56 sys=0.03, real=0.05 secs] 
2014-04-09T12:29:33.831+0900: 102.421: [GC (Allocation Failure) 102.421: [ParNew: 118016K->13056K(118016K), 0.0770195 secs] 7404025K->7317705K(25152768K), 0.0773821 secs] [Times: user=0.79 sys=0.02, real=0.08 secs] 
2014-04-09T12:29:33.985+0900: 102.575: [GC (Allocation Failure) 102.575: [ParNew: 118016K->13056K(118016K), 0.0553175 secs] 7422665K->7332919K(25152768K), 0.0556802 secs] [Times: user=0.58 sys=0.02, real=0.06 secs] 
2014-04-09T12:29:34.119+0900: 102.709: [GC (Allocation Failure) 102.709: [ParNew: 118016K->13056K(118016K), 0.0750467 secs] 7437879K->7350014K(25152768K), 0.0754034 secs] [Times: user=0.81 sys=0.02, real=0.07 secs] 
2014-04-09T12:29:34.268+0900: 102.858: [GC (Allocation Failure) 102.858: [ParNew: 118016K->13056K(118016K), 0.0573293 secs] 7454974K->7365384K(25152768K), 0.0576919 secs] [Times: user=0.55 sys=0.04, real=0.06 secs] 
2014-04-09T12:29:34.400+0900: 102.990: [GC (Allocation Failure) 102.990: [ParNew: 118016K->13056K(118016K), 0.0745745 secs] 7470344K->7381947K(25152768K), 0.0749341 secs] [Times: user=0.80 sys=0.03, real=0.07 secs] 
2014-04-09T12:29:34.551+0900: 103.141: [GC (Allocation Failure) 103.141: [ParNew: 118016K->13056K(118016K), 0.0752746 secs] 7486907K->7399143K(25152768K), 0.0756328 secs] [Times: user=0.80 sys=0.03, real=0.07 secs] 
2014-04-09T12:29:34.702+0900: 103.292: [GC (Allocation Failure) 103.292: [ParNew: 118016K->13056K(118016K), 0.0718162 secs] 7504103K->7415682K(25152768K), 0.0721919 secs] [Times: user=0.76 sys=0.02, real=0.07 secs] 
2014-04-09T12:29:34.851+0900: 103.441: [GC (Allocation Failure) 103.441: [ParNew: 118016K->13056K(118016K), 0.0682844 secs] 7520642K->7431143K(25152768K), 0.0686600 secs] [Times: user=0.74 sys=0.02, real=0.07 secs] 
2014-04-09T12:29:34.997+0900: 103.587: [GC (Allocation Failure) 103.587: [ParNew: 118016K->13056K(118016K), 0.0721756 secs] 7536103K->7448051K(25152768K), 0.0725448 secs] [Times: user=0.75 sys=0.03, real=0.07 secs] 
2014-04-09T12:29:35.144+0900: 103.734: [GC (Allocation Failure) 103.734: [ParNew: 118016K->13056K(118016K), 0.0697651 secs] 7553011K->7465756K(25152768K), 0.0701439 secs] [Times: user=0.74 sys=0.02, real=0.07 secs] 
2014-04-09T12:29:35.291+0900: 103.881: [GC (Allocation Failure) 103.881: [ParNew: 118016K->13056K(118016K), 0.0566233 secs] 7570716K->7480623K(25152768K), 0.0569872 secs] [Times: user=0.57 sys=0.01, real=0.06 secs] 
2014-04-09T12:29:35.428+0900: 104.018: [GC (Allocation Failure) 104.018: [ParNew: 118016K->13056K(118016K), 0.0687430 secs] 7585583K->7498551K(25152768K), 0.0691122 secs] [Times: user=0.69 sys=0.02, real=0.07 secs] 
2014-04-09T12:29:35.574+0900: 104.164: [GC (Allocation Failure) 104.164: [ParNew: 118015K->13056K(118016K), 0.0671929 secs] 7603511K->7514496K(25152768K), 0.0675592 secs] [Times: user=0.74 sys=0.02, real=0.07 secs] 
2014-04-09T12:29:35.720+0900: 104.310: [GC (Allocation Failure) 104.310: [ParNew: 118016K->13056K(118016K), 0.0705790 secs] 7619456K->7529303K(25152768K), 0.0709446 secs] [Times: user=0.76 sys=0.02, real=0.07 secs] 
2014-04-09T12:29:35.793+0900: 104.383: [GC (CMS Initial Mark) [1 CMS-initial-mark: 7516247K(25034752K)] 7529472K(25152768K), 0.0021478 secs] [Times: user=0.01 sys=0.00, real=0.00 secs] 
2014-04-09T12:29:35.795+0900: 104.385: [CMS-concurrent-mark-start]
2014-04-09T12:29:35.892+0900: 104.482: [GC (Allocation Failure) 104.482: [ParNew: 118016K->13056K(118016K), 0.0749817 secs] 7634263K->7546184K(25152768K), 0.0753482 secs] [Times: user=0.76 sys=0.03, real=0.08 secs] 
2014-04-09T12:29:36.061+0900: 104.651: [GC (Allocation Failure) 104.651: [ParNew: 118016K->13056K(118016K), 0.0587917 secs] 7651144K->7562436K(25152768K), 0.0591763 secs] [Times: user=0.58 sys=0.02, real=0.06 secs] 
2014-04-09T12:29:36.216+0900: 104.806: [GC (Allocation Failure) 104.806: [ParNew: 118016K->13056K(118016K), 0.0687166 secs] 7667396K->7580534K(25152768K), 0.0691005 secs] [Times: user=0.72 sys=0.02, real=0.07 secs] 
2014-04-09T12:29:36.381+0900: 104.971: [GC (Allocation Failure) 104.971: [ParNew: 118016K->13056K(118016K), 0.0683120 secs] 7685494K->7595316K(25152768K), 0.0686843 secs] [Times: user=0.75 sys=0.02, real=0.07 secs] 
2014-04-09T12:29:36.544+0900: 105.134: [GC (Allocation Failure) 105.134: [ParNew: 118016K->13056K(118016K), 0.0697342 secs] 7700276K->7612050K(25152768K), 0.0701167 secs] [Times: user=0.75 sys=0.02, real=0.07 secs] 
2014-04-09T12:29:36.714+0900: 105.304: [GC (Allocation Failure) 105.305: [ParNew: 118016K->13056K(118016K), 0.0768297 secs] 7717010K->7629420K(25152768K), 0.0772008 secs] [Times: user=0.79 sys=0.02, real=0.08 secs] 
2014-04-09T12:29:36.889+0900: 105.479: [GC (Allocation Failure) 105.479: [ParNew: 118016K->13056K(118016K), 0.0670395 secs] 7734380K->7645458K(25152768K), 0.0674098 secs] [Times: user=0.64 sys=0.03, real=0.06 secs] 
2014-04-09T12:29:37.050+0900: 105.640: [GC (Allocation Failure) 105.640: [ParNew: 118016K->13056K(118016K), 0.0651320 secs] 7750418K->7662689K(25152768K), 0.0655047 secs] [Times: user=0.69 sys=0.02, real=0.06 secs] 
2014-04-09T12:29:37.220+0900: 105.810: [GC (Allocation Failure) 105.810: [ParNew: 118016K->13056K(118016K), 0.0601148 secs] 7767649K->7678163K(25152768K), 0.0604835 secs] [Times: user=0.60 sys=0.03, real=0.06 secs] 
2014-04-09T12:29:37.377+0900: 105.967: [GC (Allocation Failure) 105.967: [ParNew: 118016K->13056K(118016K), 0.0596606 secs] 7783123K->7693233K(25152768K), 0.0600309 secs] [Times: user=0.55 sys=0.03, real=0.06 secs] 
2014-04-09T12:29:37.532+0900: 106.122: [GC (Allocation Failure) 106.122: [ParNew: 118016K->13056K(118016K), 0.0630881 secs] 7798193K->7711241K(25152768K), 0.0634591 secs] [Times: user=0.63 sys=0.02, real=0.06 secs] 
2014-04-09T12:29:37.655+0900: 106.245: [CMS-concurrent-mark: 1.106/1.860 secs] [Times: user=19.63 sys=2.93, real=1.86 secs] 
2014-04-09T12:29:37.655+0900: 106.245: [CMS-concurrent-preclean-start]
2014-04-09T12:29:37.686+0900: 106.276: [GC (Allocation Failure) 106.276: [ParNew: 118016K->13056K(118016K), 0.0645749 secs] 7816201K->7728714K(25152768K), 0.0649438 secs] [Times: user=0.68 sys=0.03, real=0.06 secs] 
2014-04-09T12:29:37.835+0900: 106.425: [GC (Allocation Failure) 106.425: [ParNew: 118016K->13056K(118016K), 0.0724713 secs] 7833674K->7742339K(25152768K), 0.0728393 secs] [Times: user=0.78 sys=0.01, real=0.08 secs] 
2014-04-09T12:29:37.990+0900: 106.580: [GC (Allocation Failure) 106.580: [ParNew: 118016K->13056K(118016K), 0.0712730 secs] 7847299K->7760548K(25152768K), 0.0716357 secs] [Times: user=0.75 sys=0.02, real=0.07 secs] 
2014-04-09T12:29:38.145+0900: 106.735: [GC (Allocation Failure) 106.736: [ParNew: 118016K->13056K(118016K), 0.0699572 secs] 7865508K->7776642K(25152768K), 0.0703170 secs] [Times: user=0.73 sys=0.03, real=0.07 secs] 
2014-04-09T12:29:38.296+0900: 106.886: [GC (Allocation Failure) 106.886: [ParNew: 118016K->13056K(118016K), 0.0711996 secs] 7881602K->7793743K(25152768K), 0.0715576 secs] [Times: user=0.76 sys=0.02, real=0.08 secs] 
2014-04-09T12:29:38.451+0900: 107.041: [GC (Allocation Failure) 107.041: [ParNew: 118016K->13056K(118016K), 0.0673410 secs] 7898703K->7809720K(25152768K), 0.0677050 secs] [Times: user=0.71 sys=0.03, real=0.07 secs] 
2014-04-09T12:29:38.608+0900: 107.198: [GC (Allocation Failure) 107.198: [ParNew: 117837K->13056K(118016K), 0.0591485 secs] 7914502K->7825557K(25152768K), 0.0595136 secs] [Times: user=0.66 sys=0.02, real=0.06 secs] 
2014-04-09T12:29:38.747+0900: 107.337: [GC (Allocation Failure) 107.337: [ParNew: 118016K->13056K(118016K), 0.0747155 secs] 7930517K->7844380K(25152768K), 0.0750810 secs] [Times: user=0.77 sys=0.03, real=0.07 secs] 
2014-04-09T12:29:38.906+0900: 107.497: [GC (Allocation Failure) 107.497: [ParNew: 118016K->13056K(118016K), 0.0680060 secs] 7949340K->7859243K(25152768K), 0.0683631 secs] [Times: user=0.73 sys=0.02, real=0.06 secs] 
2014-04-09T12:29:39.055+0900: 107.645: [GC (Allocation Failure) 107.645: [ParNew: 118016K->13056K(118016K), 0.0737342 secs] 7964203K->7876065K(25152768K), 0.0741019 secs] [Times: user=0.77 sys=0.02, real=0.08 secs] 
2014-04-09T12:29:39.211+0900: 107.801: [GC (Allocation Failure) 107.801: [ParNew: 118016K->13056K(118016K), 0.0708229 secs] 7981025K->7893728K(25152768K), 0.0712092 secs] [Times: user=0.76 sys=0.03, real=0.07 secs] 
2014-04-09T12:29:39.364+0900: 107.954: [GC (Allocation Failure) 107.954: [ParNew: 118016K->13056K(118016K), 0.0701121 secs] 7998688K->7907408K(25152768K), 0.0704889 secs] [Times: user=0.74 sys=0.03, real=0.07 secs] 
2014-04-09T12:29:39.539+0900: 108.128: [CMS-concurrent-preclean: 0.943/1.883 secs] [Times: user=18.30 sys=3.08, real=1.89 secs] 
2014-04-09T12:29:39.540+0900: 108.130: [GC (Allocation Failure) 108.130: [ParNew: 118016K->13056K(118016K), 0.0706932 secs] 8012368K->7925565K(25152768K), 0.0710391 secs] [Times: user=0.76 sys=0.02, real=0.07 secs] 
2014-04-09T12:29:39.612+0900: 108.202: [GC (CMS Final Remark) [YG occupancy: 13083 K (118016 K)]108.202: [Rescan (parallel) , 0.0208302 secs]108.223: [weak refs processing, 0.0038746 secs]108.227: [class unloading, 0.0410013 secs]108.268: [scrub symbol table, 0.0048365 secs]108.273: [scrub string table, 0.0013864 secs][1 CMS-remark: 7912509K(25034752K)] 7925593K(25152768K), 0.0806693 secs] [Times: user=0.32 sys=0.00, real=0.08 secs] 
2014-04-09T12:29:39.693+0900: 108.283: [CMS-concurrent-sweep-start]
2014-04-09T12:29:39.777+0900: 108.367: [GC (Allocation Failure) 108.367: [ParNew: 118016K->13056K(118016K), 0.0511413 secs] 8001506K->7914374K(25152768K), 0.0515076 secs] [Times: user=0.58 sys=0.01, real=0.05 secs] 
2014-04-09T12:29:39.914+0900: 108.504: [GC (Allocation Failure) 108.504: [ParNew: 118016K->13056K(118016K), 0.0603229 secs] 7976635K->7888374K(25152768K), 0.0606859 secs] [Times: user=0.70 sys=0.01, real=0.06 secs] 
2014-04-09T12:29:40.056+0900: 108.646: [GC (Allocation Failure) 108.646: [ParNew: 118016K->13056K(118016K), 0.0559671 secs] 7959207K->7871372K(25152768K), 0.0563379 secs] [Times: user=0.64 sys=0.00, real=0.06 secs] 
2014-04-09T12:29:40.189+0900: 108.779: [GC (Allocation Failure) 108.779: [ParNew: 118016K->13056K(118016K), 0.0625833 secs] 7944128K->7856804K(25152768K), 0.0629530 secs] [Times: user=0.71 sys=0.02, real=0.06 secs] 
2014-04-09T12:29:40.334+0900: 108.924: [GC (Allocation Failure) 108.925: [ParNew: 118016K->13056K(118016K), 0.0589805 secs] 7929279K->7839657K(25152768K), 0.0593472 secs] [Times: user=0.69 sys=0.01, real=0.06 secs] 
2014-04-09T12:29:40.474+0900: 109.064: [GC (Allocation Failure) 109.064: [ParNew: 118016K->13056K(118016K), 0.0548370 secs] 7912599K->7824166K(25152768K), 0.0551942 secs] [Times: user=0.62 sys=0.01, real=0.06 secs] 
2014-04-09T12:29:40.608+0900: 109.198: [GC (Allocation Failure) 109.198: [ParNew: 118016K->13056K(118016K), 0.0623975 secs] 7895551K->7808390K(25152768K), 0.0627589 secs] [Times: user=0.73 sys=0.01, real=0.06 secs] 
2014-04-09T12:29:40.756+0900: 109.346: [GC (Allocation Failure) 109.346: [ParNew: 118016K->13056K(118016K), 0.0620871 secs] 7876591K->7788310K(25152768K), 0.0624508 secs] [Times: user=0.70 sys=0.01, real=0.07 secs] 
2014-04-09T12:29:40.905+0900: 109.495: [GC (Allocation Failure) 109.495: [ParNew: 118016K->13056K(118016K), 0.0627632 secs] 7857700K->7768889K(25152768K), 0.0631280 secs] [Times: user=0.71 sys=0.02, real=0.07 secs] 
2014-04-09T12:29:41.048+0900: 109.638: [GC (Allocation Failure) 109.638: [ParNew: 118016K->13056K(118016K), 0.0633485 secs] 7840277K->7752904K(25152768K), 0.0637145 secs] [Times: user=0.73 sys=0.01, real=0.06 secs] 
2014-04-09T12:29:41.196+0900: 109.786: [GC (Allocation Failure) 109.786: [ParNew: 118016K->13056K(118016K), 0.0655222 secs] 7818713K->7729096K(25152768K), 0.0658780 secs] [Times: user=0.77 sys=0.01, real=0.07 secs] 
2014-04-09T12:29:41.344+0900: 109.934: [GC (Allocation Failure) 109.934: [ParNew: 118016K->13056K(118016K), 0.0657770 secs] 7799106K->7709872K(25152768K), 0.0661614 secs] [Times: user=0.76 sys=0.02, real=0.07 secs] 
2014-04-09T12:29:41.490+0900: 110.080: [GC (Allocation Failure) 110.080: [ParNew: 118016K->13056K(118016K), 0.0615154 secs] 7781780K->7694414K(25152768K), 0.0618771 secs] [Times: user=0.68 sys=0.01, real=0.06 secs] 
2014-04-09T12:29:41.636+0900: 110.226: [GC (Allocation Failure) 110.227: [ParNew: 118016K->13056K(118016K), 0.0645582 secs] 7763019K->7673863K(25152768K), 0.0649196 secs] [Times: user=0.73 sys=0.01, real=0.07 secs] 
2014-04-09T12:29:41.780+0900: 110.370: [GC (Allocation Failure) 110.370: [ParNew: 118016K->13056K(118016K), 0.0611579 secs] 7746329K->7658872K(25152768K), 0.0615178 secs] [Times: user=0.71 sys=0.00, real=0.06 secs] 
2014-04-09T12:29:41.923+0900: 110.513: [GC (Allocation Failure) 110.513: [ParNew: 118016K->13056K(118016K), 0.0606732 secs] 7727193K->7638286K(25152768K), 0.0610337 secs] [Times: user=0.70 sys=0.01, real=0.06 secs] 
2014-04-09T12:29:42.066+0900: 110.656: [GC (Allocation Failure) 110.656: [ParNew: 118016K->13056K(118016K), 0.0533437 secs] 7709377K->7621441K(25152768K), 0.0537023 secs] [Times: user=0.61 sys=0.01, real=0.06 secs] 
2014-04-09T12:29:42.203+0900: 110.793: [GC (Allocation Failure) 110.794: [ParNew: 118016K->13056K(118016K), 0.0613774 secs] 7686833K->7598045K(25152768K), 0.0617912 secs] [Times: user=0.72 sys=0.02, real=0.06 secs] 
2014-04-09T12:29:42.346+0900: 110.936: [GC (Allocation Failure) 110.937: [ParNew: 118016K->13056K(118016K), 0.0617516 secs] 7677033K->7589364K(25152768K), 0.0621172 secs] [Times: user=0.73 sys=0.00, real=0.07 secs] 
2014-04-09T12:29:42.492+0900: 111.082: [GC (Allocation Failure) 111.082: [ParNew: 118016K->13056K(118016K), 0.0613111 secs] 7671964K->7584169K(25152768K), 0.0616693 secs] [Times: user=0.73 sys=0.01, real=0.06 secs] 
2014-04-09T12:29:42.639+0900: 111.229: [GC (Allocation Failure) 111.229: [ParNew: 118016K->13056K(118016K), 0.0638249 secs] 7666151K->7577202K(25152768K), 0.0641808 secs] [Times: user=0.76 sys=0.02, real=0.06 secs] 
2014-04-09T12:29:42.782+0900: 111.372: [GC (Allocation Failure) 111.372: [ParNew: 118016K->13056K(118016K), 0.0600160 secs] 7664571K->7577289K(25152768K), 0.0603778 secs] [Times: user=0.69 sys=0.02, real=0.06 secs] 
2014-04-09T12:29:42.921+0900: 111.511: [GC (Allocation Failure) 111.511: [ParNew: 118016K->13056K(118016K), 0.0596358 secs] 7663135K->7574426K(25152768K), 0.0599985 secs] [Times: user=0.67 sys=0.01, real=0.06 secs] 
2014-04-09T12:29:43.060+0900: 111.650: [GC (Allocation Failure) 111.651: [ParNew: 118016K->13056K(118016K), 0.0639133 secs] 7661724K->7573800K(25152768K), 0.0642745 secs] [Times: user=0.72 sys=0.01, real=0.06 secs] 
2014-04-09T12:29:43.204+0900: 111.794: [GC (Allocation Failure) 111.794: [ParNew: 118016K->13056K(118016K), 0.0638948 secs] 7664694K->7577420K(25152768K), 0.0642569 secs] [Times: user=0.73 sys=0.01, real=0.07 secs] 
2014-04-09T12:29:43.351+0900: 111.941: [GC (Allocation Failure) 111.941: [ParNew: 118016K->13056K(118016K), 0.0627540 secs] 7664376K->7573671K(25152768K), 0.0631191 secs] [Times: user=0.74 sys=0.00, real=0.06 secs] 
2014-04-09T12:29:43.498+0900: 112.088: [GC (Allocation Failure) 112.088: [ParNew: 118015K->13056K(118016K), 0.0629337 secs] 7661129K->7572957K(25152768K), 0.0633068 secs] [Times: user=0.72 sys=0.01, real=0.06 secs] 
2014-04-09T12:29:43.642+0900: 112.232: [GC (Allocation Failure) 112.233: [ParNew: 118016K->13056K(118016K), 0.0529302 secs] 7662308K->7575111K(25152768K), 0.0533000 secs] [Times: user=0.61 sys=0.00, real=0.05 secs] 
2014-04-09T12:29:43.779+0900: 112.369: [GC (Allocation Failure) 112.370: [ParNew: 118016K->13056K(118016K), 0.0593951 secs] 7663160K->7575263K(25152768K), 0.0597567 secs] [Times: user=0.71 sys=0.01, real=0.06 secs] 
2014-04-09T12:29:43.923+0900: 112.514: [GC (Allocation Failure) 112.514: [ParNew: 118016K->13056K(118016K), 0.0606119 secs] 7661252K->7570931K(25152768K), 0.0609790 secs] [Times: user=0.72 sys=0.00, real=0.06 secs] 
2014-04-09T12:29:44.067+0900: 112.657: [GC (Allocation Failure) 112.657: [ParNew: 118016K->13056K(118016K), 0.0574650 secs] 7659129K->7572890K(25152768K), 0.0578248 secs] [Times: user=0.65 sys=0.00, real=0.06 secs] 
2014-04-09T12:29:44.210+0900: 112.800: [GC (Allocation Failure) 112.800: [ParNew: 118016K->13056K(118016K), 0.0536726 secs] 7648360K->7559882K(25152768K), 0.0540337 secs] [Times: user=0.64 sys=0.00, real=0.05 secs] 
2014-04-09T12:29:44.348+0900: 112.938: [GC (Allocation Failure) 112.938: [ParNew: 118016K->13056K(118016K), 0.0575849 secs] 7621833K->7533702K(25152768K), 0.0579451 secs] [Times: user=0.67 sys=0.00, real=0.05 secs] 
2014-04-09T12:29:44.483+0900: 113.074: [GC (Allocation Failure) 113.074: [ParNew: 118016K->13056K(118016K), 0.0575800 secs] 7597081K->7508811K(25152768K), 0.0579461 secs] [Times: user=0.67 sys=0.01, real=0.06 secs] 
2014-04-09T12:29:44.621+0900: 113.211: [GC (Allocation Failure) 113.211: [ParNew: 118016K->13056K(118016K), 0.0615146 secs] 7570472K->7481783K(25152768K), 0.0618750 secs] [Times: user=0.72 sys=0.00, real=0.06 secs] 
2014-04-09T12:29:44.763+0900: 113.353: [GC (Allocation Failure) 113.353: [ParNew: 118016K->13056K(118016K), 0.0590766 secs] 7538651K->7451841K(25152768K), 0.0594427 secs] [Times: user=0.68 sys=0.01, real=0.06 secs] 
2014-04-09T12:29:44.906+0900: 113.496: [GC (Allocation Failure) 113.496: [ParNew: 118016K->13056K(118016K), 0.0593215 secs] 7504363K->7414528K(25152768K), 0.0596939 secs] [Times: user=0.67 sys=0.01, real=0.06 secs] 
2014-04-09T12:29:45.049+0900: 113.639: [GC (Allocation Failure) 113.639: [ParNew: 118016K->13056K(118016K), 0.0602441 secs] 7480174K->7392503K(25152768K), 0.0606190 secs] [Times: user=0.69 sys=0.01, real=0.06 secs] 
2014-04-09T12:29:45.131+0900: 113.721: [CMS-concurrent-sweep: 3.076/5.438 secs] [Times: user=55.42 sys=9.02, real=5.44 secs] 
2014-04-09T12:29:45.131+0900: 113.721: [CMS-concurrent-reset-start]
2014-04-09T12:29:45.192+0900: 113.782: [GC (Allocation Failure) 113.782: [ParNew: 118016K->13056K(118016K), 0.0628571 secs] 7497463K->7409872K(25152768K), 0.0632275 secs] [Times: user=0.70 sys=0.02, real=0.06 secs] 
2014-04-09T12:29:45.278+0900: 113.868: [CMS-concurrent-reset: 0.082/0.147 secs] [Times: user=1.48 sys=0.28, real=0.15 secs] 
2014-04-09T12:29:45.333+0900: 113.923: [GC (Allocation Failure) 113.923: [ParNew: 118016K->13056K(118016K), 0.0619548 secs] 7514832K->7426794K(25152768K), 0.0623202 secs] [Times: user=0.69 sys=0.01, real=0.06 secs] 
2014-04-09T12:29:45.475+0900: 114.065: [GC (Allocation Failure) 114.065: [ParNew: 118016K->13056K(118016K), 0.0678347 secs] 7531754K->7442393K(25152768K), 0.0681974 secs] [Times: user=0.72 sys=0.02, real=0.07 secs] 
2014-04-09T12:29:45.617+0900: 114.207: [GC (Allocation Failure) 114.207: [ParNew: 117263K->13056K(118016K), 0.0696723 secs] 7546601K->7459091K(25152768K), 0.0700575 secs] [Times: user=0.75 sys=0.02, real=0.07 secs] 
2014-04-09T12:29:45.762+0900: 114.352: [GC (Allocation Failure) 114.352: [ParNew: 118016K->13056K(118016K), 0.0766618 secs] 7564051K->7481400K(25152768K), 0.0770298 secs] [Times: user=0.84 sys=0.02, real=0.08 secs] 
2014-04-09T12:29:45.941+0900: 114.531: [GC (Allocation Failure) 114.532: [ParNew: 118016K->13056K(118016K), 0.1049946 secs] 7586360K->7531514K(25152768K), 0.1053716 secs] [Times: user=1.22 sys=0.03, real=0.10 secs] 
2014-04-09T12:29:46.048+0900: 114.638: [GC (CMS Initial Mark) [1 CMS-initial-mark: 7518458K(25034752K)] 7531568K(25152768K), 0.0039487 secs] [Times: user=0.03 sys=0.01, real=0.00 secs] 
2014-04-09T12:29:46.053+0900: 114.643: [CMS-concurrent-mark-start]
2014-04-09T12:29:46.167+0900: 114.757: [GC (Allocation Failure) 114.757: [ParNew: 118016K->13056K(118016K), 0.0797360 secs] 7636474K->7550369K(25152768K), 0.0801113 secs] [Times: user=0.97 sys=0.00, real=0.08 secs] 
2014-04-09T12:29:46.340+0900: 114.930: [GC (Allocation Failure) 114.930: [ParNew: 118016K->13056K(118016K), 0.0690132 secs] 7655329K->7568928K(25152768K), 0.0693970 secs] [Times: user=0.74 sys=0.01, real=0.07 secs] 
2014-04-09T12:29:46.505+0900: 115.095: [GC (Allocation Failure) 115.095: [ParNew: 118016K->13056K(118016K), 0.0676193 secs] 7673888K->7583888K(25152768K), 0.0679867 secs] [Times: user=0.72 sys=0.02, real=0.07 secs] 
2014-04-09T12:29:46.672+0900: 115.262: [GC (Allocation Failure) 115.262: [ParNew: 118016K->13056K(118016K), 0.0635928 secs] 7688848K->7602369K(25152768K), 0.0639736 secs] [Times: user=0.68 sys=0.02, real=0.06 secs] 
2014-04-09T12:29:46.832+0900: 115.422: [GC (Allocation Failure) 115.422: [ParNew: 118016K->13056K(118016K), 0.0641212 secs] 7707329K->7618097K(25152768K), 0.0644932 secs] [Times: user=0.72 sys=0.02, real=0.06 secs] 
2014-04-09T12:29:47.001+0900: 115.591: [GC (Allocation Failure) 115.591: [ParNew: 118016K->13056K(118016K), 0.0619308 secs] 7723057K->7634663K(25152768K), 0.0622928 secs] [Times: user=0.69 sys=0.02, real=0.06 secs] 
2014-04-09T12:29:47.173+0900: 115.763: [GC (Allocation Failure) 115.763: [ParNew: 118016K->13056K(118016K), 0.0657830 secs] 7739623K->7651627K(25152768K), 0.0661610 secs] [Times: user=0.72 sys=0.01, real=0.07 secs] 
2014-04-09T12:29:47.341+0900: 115.931: [GC (Allocation Failure) 115.932: [ParNew: 118016K->13056K(118016K), 0.0644445 secs] 7756587K->7669357K(25152768K), 0.0648054 secs] [Times: user=0.71 sys=0.00, real=0.06 secs] 
2014-04-09T12:29:47.501+0900: 116.091: [GC (Allocation Failure) 116.091: [ParNew: 118016K->13056K(118016K), 0.0638995 secs] 7774317K->7684287K(25152768K), 0.0642659 secs] [Times: user=0.72 sys=0.00, real=0.06 secs] 
2014-04-09T12:29:47.664+0900: 116.254: [GC (Allocation Failure) 116.254: [ParNew: 118016K->13056K(118016K), 0.0665465 secs] 7789247K->7702021K(25152768K), 0.0669108 secs] [Times: user=0.73 sys=0.02, real=0.07 secs] 
2014-04-09T12:29:47.826+0900: 116.416: [GC (Allocation Failure) 116.416: [ParNew: 118016K->13056K(118016K), 0.0662558 secs] 7806981K->7720231K(25152768K), 0.0666216 secs] [Times: user=0.73 sys=0.01, real=0.07 secs] 
2014-04-09T12:29:48.015+0900: 116.605: [GC (Allocation Failure) 116.606: [ParNew: 118016K->13056K(118016K), 0.0694900 secs] 7825191K->7734796K(25152768K), 0.0698532 secs] [Times: user=0.72 sys=0.03, real=0.07 secs] 
2014-04-09T12:29:48.192+0900: 116.782: [GC (Allocation Failure) 116.782: [ParNew: 118016K->13056K(118016K), 0.0696163 secs] 7839756K->7751872K(25152768K), 0.0699821 secs] [Times: user=0.73 sys=0.03, real=0.07 secs] 
2014-04-09T12:29:48.314+0900: 116.904: [CMS-concurrent-mark: 1.364/2.262 secs] [Times: user=23.86 sys=3.22, real=2.26 secs] 
2014-04-09T12:29:48.315+0900: 116.905: [CMS-concurrent-preclean-start]
2014-04-09T12:29:48.354+0900: 116.944: [GC (Allocation Failure) 116.944: [ParNew: 118016K->13056K(118016K), 0.0731605 secs] 7856832K->7770942K(25152768K), 0.0735233 secs] [Times: user=0.76 sys=0.03, real=0.07 secs] 
2014-04-09T12:29:48.506+0900: 117.096: [GC (Allocation Failure) 117.096: [ParNew: 118016K->13056K(118016K), 0.0697941 secs] 7875902K->7785896K(25152768K), 0.0701745 secs] [Times: user=0.73 sys=0.02, real=0.07 secs] 
2014-04-09T12:29:48.660+0900: 117.250: [GC (Allocation Failure) 117.251: [ParNew: 118016K->13056K(118016K), 0.0687292 secs] 7890856K->7802931K(25152768K), 0.0690984 secs] [Times: user=0.70 sys=0.02, real=0.07 secs] 
2014-04-09T12:29:48.815+0900: 117.405: [GC (Allocation Failure) 117.405: [ParNew: 118016K->13056K(118016K), 0.0723358 secs] 7907891K->7820070K(25152768K), 0.0726973 secs] [Times: user=0.75 sys=0.02, real=0.07 secs] 
2014-04-09T12:29:48.975+0900: 117.565: [GC (Allocation Failure) 117.565: [ParNew: 118016K->13056K(118016K), 0.0699424 secs] 7925030K->7835045K(25152768K), 0.0703093 secs] [Times: user=0.74 sys=0.03, real=0.07 secs] 
2014-04-09T12:29:49.125+0900: 117.715: [GC (Allocation Failure) 117.716: [ParNew: 118016K->13056K(118016K), 0.0855321 secs] 7940005K->7852047K(25152768K), 0.0859111 secs] [Times: user=0.71 sys=0.03, real=0.09 secs] 
2014-04-09T12:29:49.294+0900: 117.884: [GC (Allocation Failure) 117.884: [ParNew: 118016K->13056K(118016K), 0.0725141 secs] 7957007K->7869753K(25152768K), 0.0728818 secs] [Times: user=0.75 sys=0.03, real=0.07 secs] 
2014-04-09T12:29:49.454+0900: 118.044: [GC (Allocation Failure) 118.044: [ParNew: 118016K->13056K(118016K), 0.0595387 secs] 7974713K->7883588K(25152768K), 0.0599045 secs] [Times: user=0.56 sys=0.03, real=0.06 secs] 
2014-04-09T12:29:49.597+0900: 118.187: [GC (Allocation Failure) 118.187: [ParNew: 118016K->13056K(118016K), 0.0758307 secs] 7988548K->7900858K(25152768K), 0.0761952 secs] [Times: user=0.73 sys=0.04, real=0.08 secs] 
2014-04-09T12:29:49.754+0900: 118.344: [GC (Allocation Failure) 118.344: [ParNew: 118016K->13056K(118016K), 0.0738376 secs] 8005818K->7918106K(25152768K), 0.0742164 secs] [Times: user=0.76 sys=0.03, real=0.08 secs] 
2014-04-09T12:29:49.907+0900: 118.497: [GC (Allocation Failure) 118.497: [ParNew: 118016K->13056K(118016K), 0.0688855 secs] 8023066K->7936168K(25152768K), 0.0692513 secs] [Times: user=0.71 sys=0.03, real=0.07 secs] 
2014-04-09T12:29:50.061+0900: 118.651: [GC (Allocation Failure) 118.651: [ParNew: 118016K->13056K(118016K), 0.0669820 secs] 8041128K->7951761K(25152768K), 0.0673406 secs] [Times: user=0.72 sys=0.03, real=0.06 secs] 
2014-04-09T12:29:50.217+0900: 118.807: [GC (Allocation Failure) 118.807: [ParNew: 118016K->13056K(118016K), 0.0692555 secs] 8056721K->7968803K(25152768K), 0.0696225 secs] [Times: user=0.70 sys=0.03, real=0.07 secs] 
2014-04-09T12:29:50.370+0900: 118.960: [GC (Allocation Failure) 118.960: [ParNew: 118016K->13056K(118016K), 0.0705106 secs] 8073763K->7985569K(25152768K), 0.0708801 secs] [Times: user=0.75 sys=0.02, real=0.07 secs] 
2014-04-09T12:29:50.519+0900: 119.109: [GC (Allocation Failure) 119.109: [ParNew: 118016K->13056K(118016K), 0.0705344 secs] 8090529K->8001028K(25152768K), 0.0709045 secs] [Times: user=0.75 sys=0.02, real=0.07 secs] 
2014-04-09T12:29:50.715+0900: 119.305: [CMS-concurrent-preclean: 1.206/2.400 secs] [Times: user=22.48 sys=3.93, real=2.40 secs] 
2014-04-09T12:29:50.716+0900: 119.306: [GC (Allocation Failure) 119.306: [ParNew: 118016K->13056K(118016K), 0.0659429 secs] 8105988K->8018098K(25152768K), 0.0662880 secs] [Times: user=0.66 sys=0.03, real=0.07 secs] 
2014-04-09T12:29:50.784+0900: 119.374: [GC (CMS Final Remark) [YG occupancy: 13077 K (118016 K)]119.374: [Rescan (parallel) , 0.0194323 secs]119.393: [weak refs processing, 0.0011739 secs]119.394: [class unloading, 0.0394709 secs]119.434: [scrub symbol table, 0.0043188 secs]119.438: [scrub string table, 0.0012353 secs][1 CMS-remark: 8005042K(25034752K)] 8018120K(25152768K), 0.0726870 secs] [Times: user=0.30 sys=0.00, real=0.07 secs] 
2014-04-09T12:29:50.857+0900: 119.447: [CMS-concurrent-sweep-start]
2014-04-09T12:29:50.936+0900: 119.526: [GC (Allocation Failure) 119.526: [ParNew: 118016K->13056K(118016K), 0.0691904 secs] 8113614K->8025440K(25152768K), 0.0695601 secs] [Times: user=0.77 sys=0.01, real=0.07 secs] 
2014-04-09T12:29:51.085+0900: 119.675: [GC (Allocation Failure) 119.675: [ParNew: 118016K->13056K(118016K), 0.0616475 secs] 8117551K->8029296K(25152768K), 0.0620291 secs] [Times: user=0.70 sys=0.01, real=0.06 secs] 
2014-04-09T12:29:51.228+0900: 119.818: [GC (Allocation Failure) 119.818: [ParNew: 118016K->13056K(118016K), 0.0617160 secs] 8126181K->8039923K(25152768K), 0.0620885 secs] [Times: user=0.67 sys=0.02, real=0.07 secs] 
2014-04-09T12:29:51.370+0900: 119.960: [GC (Allocation Failure) 119.960: [ParNew: 118016K->13056K(118016K), 0.0671417 secs] 8136917K->8047495K(25152768K), 0.0675256 secs] [Times: user=0.73 sys=0.01, real=0.06 secs] 
2014-04-09T12:29:51.519+0900: 120.110: [GC (Allocation Failure) 120.110: [ParNew: 118016K->13056K(118016K), 0.0625755 secs] 8144979K->8054391K(25152768K), 0.0629501 secs] [Times: user=0.71 sys=0.01, real=0.06 secs] 
2014-04-09T12:29:51.660+0900: 120.250: [GC (Allocation Failure) 120.250: [ParNew: 118016K->13056K(118016K), 0.0560153 secs] 8154005K->8066476K(25152768K), 0.0563768 secs] [Times: user=0.58 sys=0.02, real=0.05 secs] 
2014-04-09T12:29:51.801+0900: 120.391: [GC (Allocation Failure) 120.391: [ParNew: 118016K->13056K(118016K), 0.0527870 secs] 8165312K->8076666K(25152768K), 0.0531480 secs] [Times: user=0.57 sys=0.02, real=0.05 secs] 
2014-04-09T12:29:51.934+0900: 120.524: [GC (Allocation Failure) 120.524: [ParNew: 118016K->13056K(118016K), 0.0702312 secs] 8174305K->8086970K(25152768K), 0.0705944 secs] [Times: user=0.76 sys=0.02, real=0.07 secs] 
2014-04-09T12:29:52.090+0900: 120.680: [GC (Allocation Failure) 120.680: [ParNew: 118016K->13056K(118016K), 0.0631307 secs] 8183399K->8093976K(25152768K), 0.0634912 secs] [Times: user=0.72 sys=0.01, real=0.06 secs] 
2014-04-09T12:29:52.237+0900: 120.827: [GC (Allocation Failure) 120.827: [ParNew: 118016K->13056K(118016K), 0.0666715 secs] 8192242K->8106286K(25152768K), 0.0670348 secs] [Times: user=0.71 sys=0.02, real=0.07 secs] 
2014-04-09T12:29:52.385+0900: 120.975: [GC (Allocation Failure) 120.975: [ParNew: 118016K->13056K(118016K), 0.0638006 secs] 8203911K->8115177K(25152768K), 0.0641611 secs] [Times: user=0.68 sys=0.03, real=0.07 secs] 
2014-04-09T12:29:52.529+0900: 121.119: [GC (Allocation Failure) 121.119: [ParNew: 118016K->13056K(118016K), 0.0618064 secs] 8213278K->8122956K(25152768K), 0.0621727 secs] [Times: user=0.70 sys=0.01, real=0.06 secs] 
2014-04-09T12:29:52.673+0900: 121.263: [GC (Allocation Failure) 121.263: [ParNew: 118016K->13056K(118016K), 0.0657440 secs] 8223070K->8136407K(25152768K), 0.0661064 secs] [Times: user=0.68 sys=0.03, real=0.07 secs] 
2014-04-09T12:29:52.817+0900: 121.407: [GC (Allocation Failure) 121.408: [ParNew: 118016K->13056K(118016K), 0.0640344 secs] 8231257K->8142489K(25152768K), 0.0643972 secs] [Times: user=0.69 sys=0.02, real=0.07 secs] 
2014-04-09T12:29:52.969+0900: 121.559: [GC (Allocation Failure) 121.559: [ParNew: 118016K->13056K(118016K), 0.0666764 secs] 8237168K->8149237K(25152768K), 0.0670477 secs] [Times: user=0.71 sys=0.03, real=0.06 secs] 
2014-04-09T12:29:53.123+0900: 121.713: [GC (Allocation Failure) 121.713: [ParNew: 118016K->13056K(118016K), 0.0680343 secs] 8235380K->8146471K(25152768K), 0.0683954 secs] [Times: user=0.70 sys=0.02, real=0.07 secs] 
2014-04-09T12:29:53.277+0900: 121.867: [GC (Allocation Failure) 121.867: [ParNew: 118016K->13056K(118016K), 0.0626161 secs] 8226973K->8139800K(25152768K), 0.0629771 secs] [Times: user=0.68 sys=0.02, real=0.07 secs] 
2014-04-09T12:29:53.428+0900: 122.018: [GC (Allocation Failure) 122.018: [ParNew: 118016K->13056K(118016K), 0.0655289 secs] 8217664K->8130191K(25152768K), 0.0658988 secs] [Times: user=0.70 sys=0.02, real=0.07 secs] 
2014-04-09T12:29:53.573+0900: 122.163: [GC (Allocation Failure) 122.164: [ParNew: 118016K->13056K(118016K), 0.0732278 secs] 8211690K->8121643K(25152768K), 0.0735999 secs] [Times: user=0.71 sys=0.02, real=0.07 secs] 
2014-04-09T12:29:53.729+0900: 122.319: [GC (Allocation Failure) 122.319: [ParNew: 118016K->13056K(118016K), 0.0620568 secs] 8203991K->8116460K(25152768K), 0.0624160 secs] [Times: user=0.67 sys=0.01, real=0.06 secs] 
2014-04-09T12:29:53.874+0900: 122.464: [GC (Allocation Failure) 122.464: [ParNew: 118016K->13056K(118016K), 0.0596095 secs] 8195611K->8107924K(25152768K), 0.0599862 secs] [Times: user=0.68 sys=0.02, real=0.06 secs] 
2014-04-09T12:29:54.015+0900: 122.605: [GC (Allocation Failure) 122.605: [ParNew: 118016K->13056K(118016K), 0.0680879 secs] 8196145K->8107933K(25152768K), 0.0684513 secs] [Times: user=0.72 sys=0.02, real=0.07 secs] 
2014-04-09T12:29:54.163+0900: 122.753: [GC (Allocation Failure) 122.753: [ParNew: 118016K->13056K(118016K), 0.0652188 secs] 8203073K->8113930K(25152768K), 0.0655820 secs] [Times: user=0.70 sys=0.02, real=0.07 secs] 
2014-04-09T12:29:54.311+0900: 122.901: [GC (Allocation Failure) 122.901: [ParNew: 118016K->13056K(118016K), 0.0695672 secs] 8211969K->8124004K(25152768K), 0.0699447 secs] [Times: user=0.76 sys=0.02, real=0.07 secs] 
2014-04-09T12:29:54.477+0900: 123.067: [GC (Allocation Failure) 123.067: [ParNew: 118016K->13056K(118016K), 0.0649285 secs] 8224506K->8137940K(25152768K), 0.0652985 secs] [Times: user=0.68 sys=0.02, real=0.07 secs] 
2014-04-09T12:29:54.626+0900: 123.216: [GC (Allocation Failure) 123.216: [ParNew: 118016K->13056K(118016K), 0.0586160 secs] 8224749K->8134005K(25152768K), 0.0589860 secs] [Times: user=0.64 sys=0.01, real=0.06 secs] 
2014-04-09T12:29:54.767+0900: 123.357: [GC (Allocation Failure) 123.357: [ParNew: 118016K->13056K(118016K), 0.0692789 secs] 8236139K->8147906K(25152768K), 0.0696541 secs] [Times: user=0.74 sys=0.02, real=0.07 secs] 
2014-04-09T12:29:54.916+0900: 123.506: [GC (Allocation Failure) 123.506: [ParNew: 118016K->13056K(118016K), 0.0648077 secs] 8249934K->8161954K(25152768K), 0.0651909 secs] [Times: user=0.69 sys=0.03, real=0.07 secs] 
2014-04-09T12:29:55.065+0900: 123.655: [GC (Allocation Failure) 123.655: [ParNew: 118016K->13056K(118016K), 0.0654387 secs] 8263618K->8176362K(25152768K), 0.0658165 secs] [Times: user=0.69 sys=0.02, real=0.07 secs] 
2014-04-09T12:29:55.212+0900: 123.802: [GC (Allocation Failure) 123.802: [ParNew: 118016K->13056K(118016K), 0.0714389 secs] 8280785K->8190702K(25152768K), 0.0718086 secs] [Times: user=0.75 sys=0.02, real=0.07 secs] 
2014-04-09T12:29:55.363+0900: 123.953: [GC (Allocation Failure) 123.953: [ParNew: 118016K->13056K(118016K), 0.0684072 secs] 8294562K->8207927K(25152768K), 0.0687862 secs] [Times: user=0.71 sys=0.01, real=0.07 secs] 
2014-04-09T12:29:55.509+0900: 124.099: [GC (Allocation Failure) 124.100: [ParNew: 118016K->13056K(118016K), 0.0707431 secs] 8312604K->8224088K(25152768K), 0.0711156 secs] [Times: user=0.75 sys=0.03, real=0.07 secs] 
2014-04-09T12:29:55.659+0900: 124.249: [GC (Allocation Failure) 124.249: [ParNew: 118016K->13056K(118016K), 0.0444497 secs] 8211279K->8121406K(25152768K), 0.0448209 secs] [Times: user=0.53 sys=0.00, real=0.05 secs] 
2014-04-09T12:29:55.759+0900: 124.349: [CMS-concurrent-sweep: 2.713/4.902 secs] [Times: user=48.24 sys=8.24, real=4.91 secs] 
2014-04-09T12:29:55.759+0900: 124.349: [CMS-concurrent-reset-start]
2014-04-09T12:29:55.785+0900: 124.375: [GC (Allocation Failure) 124.375: [ParNew: 118016K->13056K(118016K), 0.0515409 secs] 8185935K->8098032K(25152768K), 0.0519025 secs] [Times: user=0.62 sys=0.00, real=0.05 secs] 
2014-04-09T12:29:55.912+0900: 124.502: [CMS-concurrent-reset: 0.099/0.153 secs] [Times: user=1.57 sys=0.25, real=0.15 secs] 
2014-04-09T12:29:55.924+0900: 124.514: [GC (Allocation Failure) 124.514: [ParNew: 118016K->13056K(118016K), 0.0453986 secs] 8202992K->8115416K(25152768K), 0.0457569 secs] [Times: user=0.53 sys=0.01, real=0.05 secs] 
2014-04-09T12:29:55.971+0900: 124.561: [GC (CMS Initial Mark) [1 CMS-initial-mark: 8102360K(25034752K)] 8115431K(25152768K), 0.0023597 secs] [Times: user=0.01 sys=0.00, real=0.00 secs] 
2014-04-09T12:29:55.973+0900: 124.563: [CMS-concurrent-mark-start]
2014-04-09T12:29:56.074+0900: 124.664: [GC (Allocation Failure) 124.664: [ParNew: 118016K->13056K(118016K), 0.0634161 secs] 8220376K->8134740K(25152768K), 0.0637790 secs] [Times: user=0.73 sys=0.02, real=0.06 secs] 
2014-04-09T12:29:56.233+0900: 124.823: [GC (Allocation Failure) 124.823: [ParNew: 118016K->13056K(118016K), 0.0487987 secs] 8239700K->8148664K(25152768K), 0.0491838 secs] [Times: user=0.54 sys=0.00, real=0.05 secs] 
2014-04-09T12:29:56.376+0900: 124.966: [GC (Allocation Failure) 124.966: [ParNew: 118016K->13056K(118016K), 0.0515350 secs] 8253624K->8165873K(25152768K), 0.0518988 secs] [Times: user=0.56 sys=0.02, real=0.05 secs] 
2014-04-09T12:29:56.524+0900: 125.114: [GC (Allocation Failure) 125.115: [ParNew: 118016K->13056K(118016K), 0.0642104 secs] 8270833K->8183958K(25152768K), 0.0645706 secs] [Times: user=0.66 sys=0.02, real=0.06 secs] 
2014-04-09T12:29:56.699+0900: 125.289: [GC (Allocation Failure) 125.289: [ParNew: 118016K->13056K(118016K), 0.0630623 secs] 8288918K->8197335K(25152768K), 0.0634291 secs] [Times: user=0.72 sys=0.01, real=0.07 secs] 
2014-04-09T12:29:56.859+0900: 125.449: [GC (Allocation Failure) 125.449: [ParNew: 118016K->13056K(118016K), 0.0653518 secs] 8302295K->8215057K(25152768K), 0.0657273 secs] [Times: user=0.73 sys=0.02, real=0.07 secs] 
2014-04-09T12:29:57.024+0900: 125.614: [GC (Allocation Failure) 125.614: [ParNew: 118016K->13056K(118016K), 0.0554762 secs] 8320017K->8230662K(25152768K), 0.0558413 secs] [Times: user=0.57 sys=0.02, real=0.06 secs] 
2014-04-09T12:29:57.208+0900: 125.798: [GC (Allocation Failure) 125.798: [ParNew: 118016K->13056K(118016K), 0.0538438 secs] 8335622K->8245882K(25152768K), 0.0542090 secs] [Times: user=0.57 sys=0.02, real=0.06 secs] 
2014-04-09T12:29:57.356+0900: 125.946: [GC (Allocation Failure) 125.946: [ParNew: 118016K->13056K(118016K), 0.0519866 secs] 8350842K->8261979K(25152768K), 0.0523459 secs] [Times: user=0.55 sys=0.02, real=0.05 secs] 
2014-04-09T12:29:57.500+0900: 126.090: [GC (Allocation Failure) 126.090: [ParNew: 118016K->13056K(118016K), 0.0709070 secs] 8366939K->8279999K(25152768K), 0.0712835 secs] [Times: user=0.74 sys=0.03, real=0.07 secs] 
2014-04-09T12:29:57.669+0900: 126.259: [GC (Allocation Failure) 126.259: [ParNew: 118016K->13056K(118016K), 0.0569075 secs] 8384959K->8293708K(25152768K), 0.0572679 secs] [Times: user=0.59 sys=0.02, real=0.06 secs] 
2014-04-09T12:29:57.820+0900: 126.410: [GC (Allocation Failure) 126.410: [ParNew: 118016K->13056K(118016K), 0.0576670 secs] 8398668K->8311131K(25152768K), 0.0580313 secs] [Times: user=0.57 sys=0.03, real=0.05 secs] 
2014-04-09T12:29:57.976+0900: 126.566: [GC (Allocation Failure) 126.567: [ParNew: 118016K->13056K(118016K), 0.0728484 secs] 8416091K->8327915K(25152768K), 0.0732046 secs] [Times: user=0.77 sys=0.02, real=0.08 secs] 
2014-04-09T12:29:58.146+0900: 126.736: [GC (Allocation Failure) 126.736: [ParNew: 118016K->13056K(118016K), 0.0573608 secs] 8432875K->8341649K(25152768K), 0.0577263 secs] [Times: user=0.57 sys=0.02, real=0.06 secs] 
2014-04-09T12:29:58.313+0900: 126.903: [GC (Allocation Failure) 126.903: [ParNew: 118016K->13056K(118016K), 0.0584630 secs] 8446609K->8358536K(25152768K), 0.0588217 secs] [Times: user=0.58 sys=0.02, real=0.06 secs] 
2014-04-09T12:29:58.475+0900: 127.065: [GC (Allocation Failure) 127.066: [ParNew: 118016K->13056K(118016K), 0.0585911 secs] 8463496K->8375025K(25152768K), 0.0589453 secs] [Times: user=0.58 sys=0.02, real=0.06 secs] 
2014-04-09T12:29:58.556+0900: 127.146: [CMS-concurrent-mark: 1.601/2.582 secs] [Times: user=26.72 sys=4.08, real=2.58 secs] 
2014-04-09T12:29:58.556+0900: 127.146: [CMS-concurrent-preclean-start]
2014-04-09T12:29:58.626+0900: 127.216: [GC (Allocation Failure) 127.216: [ParNew: 118016K->13056K(118016K), 0.0750020 secs] 8479985K->8392920K(25152768K), 0.0753537 secs] [Times: user=0.74 sys=0.03, real=0.08 secs] 
2014-04-09T12:29:58.778+0900: 127.368: [GC (Allocation Failure) 127.368: [ParNew: 118015K->13056K(118016K), 0.0586253 secs] 8497880K->8408014K(25152768K), 0.0589782 secs] [Times: user=0.57 sys=0.02, real=0.06 secs] 
2014-04-09T12:29:58.916+0900: 127.506: [GC (Allocation Failure) 127.506: [ParNew: 118016K->13056K(118016K), 0.0746925 secs] 8512974K->8424942K(25152768K), 0.0750597 secs] [Times: user=0.78 sys=0.03, real=0.08 secs] 
2014-04-09T12:29:59.073+0900: 127.663: [GC (Allocation Failure) 127.663: [ParNew: 118016K->13056K(118016K), 0.0724502 secs] 8529902K->8441271K(25152768K), 0.0728222 secs] [Times: user=0.74 sys=0.04, real=0.07 secs] 
2014-04-09T12:29:59.226+0900: 127.816: [GC (Allocation Failure) 127.816: [ParNew: 118016K->13056K(118016K), 0.0569018 secs] 8546231K->8455763K(25152768K), 0.0572551 secs] [Times: user=0.55 sys=0.02, real=0.06 secs] 
2014-04-09T12:29:59.365+0900: 127.955: [GC (Allocation Failure) 127.955: [ParNew: 118016K->13056K(118016K), 0.0768155 secs] 8560723K->8473502K(25152768K), 0.0771667 secs] [Times: user=0.79 sys=0.02, real=0.08 secs] 
2014-04-09T12:29:59.526+0900: 128.116: [GC (Allocation Failure) 128.116: [ParNew: 118016K->13056K(118016K), 0.0576601 secs] 8578462K->8490709K(25152768K), 0.0580216 secs] [Times: user=0.59 sys=0.02, real=0.06 secs] 
2014-04-09T12:29:59.664+0900: 128.254: [GC (Allocation Failure) 128.254: [ParNew: 118015K->13056K(118016K), 0.0728164 secs] 8595669K->8508767K(25152768K), 0.0731703 secs] [Times: user=0.75 sys=0.04, real=0.07 secs] 
2014-04-09T12:29:59.821+0900: 128.411: [GC (Allocation Failure) 128.411: [ParNew: 118016K->13056K(118016K), 0.0722203 secs] 8613727K->8524015K(25152768K), 0.0725746 secs] [Times: user=0.79 sys=0.02, real=0.07 secs] 
2014-04-09T12:29:59.973+0900: 128.563: [GC (Allocation Failure) 128.564: [ParNew: 118016K->13056K(118016K), 0.0609807 secs] 8628975K->8540338K(25152768K), 0.0613354 secs] [Times: user=0.64 sys=0.01, real=0.06 secs] 
2014-04-09T12:30:00.119+0900: 128.709: [GC (Allocation Failure) 128.709: [ParNew: 118016K->13056K(118016K), 0.0591259 secs] 8645298K->8557312K(25152768K), 0.0594854 secs] [Times: user=0.59 sys=0.02, real=0.06 secs] 
2014-04-09T12:30:00.279+0900: 128.869: [GC (Allocation Failure) 128.870: [ParNew: 118016K->13056K(118016K), 0.0562966 secs] 8662272K->8572450K(25152768K), 0.0566467 secs] [Times: user=0.56 sys=0.03, real=0.05 secs] 
2014-04-09T12:30:00.421+0900: 129.011: [GC (Allocation Failure) 129.011: [ParNew: 118016K->13056K(118016K), 0.0744579 secs] 8677410K->8589197K(25152768K), 0.0748075 secs] [Times: user=0.79 sys=0.03, real=0.07 secs] 
2014-04-09T12:30:00.589+0900: 129.179: [CMS-concurrent-preclean: 1.038/2.033 secs] [Times: user=19.53 sys=3.45, real=2.03 secs] 
2014-04-09T12:30:00.590+0900: 129.180: [GC (Allocation Failure) 129.180: [ParNew: 118016K->13056K(118016K), 0.0701590 secs] 8694157K->8605730K(25152768K), 0.0704889 secs] [Times: user=0.72 sys=0.03, real=0.07 secs] 
2014-04-09T12:30:00.662+0900: 129.252: [GC (CMS Final Remark) [YG occupancy: 13379 K (118016 K)]129.252: [Rescan (parallel) , 0.0200864 secs]129.272: [weak refs processing, 0.0015352 secs]129.274: [class unloading, 0.0395546 secs]129.314: [scrub symbol table, 0.0043105 secs]129.318: [scrub string table, 0.0012297 secs][1 CMS-remark: 8592674K(25034752K)] 8606054K(25152768K), 0.0740335 secs] [Times: user=0.31 sys=0.00, real=0.07 secs] 
2014-04-09T12:30:00.738+0900: 129.328: [CMS-concurrent-sweep-start]
2014-04-09T12:30:00.821+0900: 129.411: [GC (Allocation Failure) 129.411: [ParNew: 118016K->13056K(118016K), 0.0540561 secs] 8705867K->8616800K(25152768K), 0.0544110 secs] [Times: user=0.58 sys=0.01, real=0.05 secs] 
2014-04-09T12:30:00.957+0900: 129.547: [GC (Allocation Failure) 129.547: [ParNew: 118016K->13056K(118016K), 0.0648857 secs] 8713658K->8625941K(25152768K), 0.0652405 secs] [Times: user=0.72 sys=0.02, real=0.07 secs] 
2014-04-09T12:30:01.106+0900: 129.696: [GC (Allocation Failure) 129.696: [ParNew: 118016K->13056K(118016K), 0.0756412 secs] 8724455K->8635807K(25152768K), 0.0759894 secs] [Times: user=0.73 sys=0.02, real=0.08 secs] 
2014-04-09T12:30:01.264+0900: 129.854: [GC (Allocation Failure) 129.854: [ParNew: 118016K->13056K(118016K), 0.0514143 secs] 8736328K->8646792K(25152768K), 0.0517770 secs] [Times: user=0.58 sys=0.02, real=0.05 secs] 
2014-04-09T12:30:01.399+0900: 129.989: [GC (Allocation Failure) 129.990: [ParNew: 118016K->13056K(118016K), 0.0513170 secs] 8748075K->8659485K(25152768K), 0.0516737 secs] [Times: user=0.56 sys=0.01, real=0.06 secs] 
2014-04-09T12:30:01.535+0900: 130.125: [GC (Allocation Failure) 130.125: [ParNew: 118016K->13056K(118016K), 0.0631043 secs] 8762288K->8675281K(25152768K), 0.0634863 secs] [Times: user=0.70 sys=0.02, real=0.06 secs] 
2014-04-09T12:30:01.685+0900: 130.275: [GC (Allocation Failure) 130.275: [ParNew: 118016K->13056K(118016K), 0.0544494 secs] 8778319K->8689847K(25152768K), 0.0548059 secs] [Times: user=0.58 sys=0.01, real=0.05 secs] 
2014-04-09T12:30:01.822+0900: 130.412: [GC (Allocation Failure) 130.413: [ParNew: 118016K->13056K(118016K), 0.0601711 secs] 8792082K->8703667K(25152768K), 0.0605340 secs] [Times: user=0.65 sys=0.02, real=0.06 secs] 
2014-04-09T12:30:01.962+0900: 130.552: [GC (Allocation Failure) 130.553: [ParNew: 118016K->13056K(118016K), 0.0536002 secs] 8807255K->8718333K(25152768K), 0.0539727 secs] [Times: user=0.58 sys=0.02, real=0.05 secs] 
2014-04-09T12:30:02.100+0900: 130.690: [GC (Allocation Failure) 130.690: [ParNew: 118016K->13056K(118016K), 0.0574417 secs] 8822117K->8733857K(25152768K), 0.0577942 secs] [Times: user=0.64 sys=0.01, real=0.06 secs] 
2014-04-09T12:30:02.237+0900: 130.827: [GC (Allocation Failure) 130.827: [ParNew: 118016K->13056K(118016K), 0.0639786 secs] 8837396K->8749474K(25152768K), 0.0643496 secs] [Times: user=0.68 sys=0.02, real=0.07 secs] 
2014-04-09T12:30:02.383+0900: 130.973: [GC (Allocation Failure) 130.973: [ParNew: 118016K->13056K(118016K), 0.0502834 secs] 8849756K->8760417K(25152768K), 0.0506370 secs] [Times: user=0.55 sys=0.03, real=0.05 secs] 
2014-04-09T12:30:02.513+0900: 131.103: [GC (Allocation Failure) 131.103: [ParNew: 118016K->13056K(118016K), 0.0666196 secs] 8859898K->8771775K(25152768K), 0.0669727 secs] [Times: user=0.74 sys=0.02, real=0.06 secs] 
2014-04-09T12:30:02.658+0900: 131.248: [GC (Allocation Failure) 131.248: [ParNew: 118016K->13056K(118016K), 0.0529208 secs] 8871538K->8782682K(25152768K), 0.0532758 secs] [Times: user=0.59 sys=0.02, real=0.06 secs] 
2014-04-09T12:30:02.793+0900: 131.383: [GC (Allocation Failure) 131.383: [ParNew: 118016K->13056K(118016K), 0.0538688 secs] 8881914K->8794205K(25152768K), 0.0542252 secs] [Times: user=0.59 sys=0.01, real=0.05 secs] 
2014-04-09T12:30:02.926+0900: 131.516: [GC (Allocation Failure) 131.516: [ParNew: 118016K->13056K(118016K), 0.0692587 secs] 8891877K->8802339K(25152768K), 0.0696127 secs] [Times: user=0.76 sys=0.02, real=0.07 secs] 
2014-04-09T12:30:03.074+0900: 131.664: [GC (Allocation Failure) 131.664: [ParNew: 118016K->13056K(118016K), 0.0680826 secs] 8901138K->8812705K(25152768K), 0.0684331 secs] [Times: user=0.78 sys=0.01, real=0.07 secs] 
2014-04-09T12:30:03.225+0900: 131.815: [GC (Allocation Failure) 131.815: [ParNew: 118016K->13056K(118016K), 0.0667167 secs] 8911695K->8824591K(25152768K), 0.0670770 secs] [Times: user=0.73 sys=0.02, real=0.07 secs] 
2014-04-09T12:30:03.373+0900: 131.963: [GC (Allocation Failure) 131.963: [ParNew: 118016K->13056K(118016K), 0.0634132 secs] 8923636K->8833561K(25152768K), 0.0637812 secs] [Times: user=0.72 sys=0.02, real=0.06 secs] 
2014-04-09T12:30:03.521+0900: 132.111: [GC (Allocation Failure) 132.111: [ParNew: 118016K->13056K(118016K), 0.0662270 secs] 8919492K->8831576K(25152768K), 0.0665840 secs] [Times: user=0.71 sys=0.02, real=0.06 secs] 
2014-04-09T12:30:03.665+0900: 132.255: [GC (Allocation Failure) 132.255: [ParNew: 118016K->13056K(118016K), 0.0673608 secs] 8916640K->8828937K(25152768K), 0.0677242 secs] [Times: user=0.76 sys=0.01, real=0.07 secs] 
2014-04-09T12:30:03.814+0900: 132.404: [GC (Allocation Failure) 132.405: [ParNew: 118016K->13056K(118016K), 0.0515578 secs] 8910886K->8822849K(25152768K), 0.0519347 secs] [Times: user=0.58 sys=0.01, real=0.05 secs] 
2014-04-09T12:30:03.947+0900: 132.537: [GC (Allocation Failure) 132.537: [ParNew: 118016K->13056K(118016K), 0.0830599 secs] 8903638K->8815391K(25152768K), 0.0834286 secs] [Times: user=0.69 sys=0.01, real=0.09 secs] 
2014-04-09T12:30:04.109+0900: 132.699: [GC (Allocation Failure) 132.700: [ParNew: 118016K->13056K(118016K), 0.0660681 secs] 8897621K->8810656K(25152768K), 0.0664330 secs] [Times: user=0.76 sys=0.01, real=0.07 secs] 
2014-04-09T12:30:04.259+0900: 132.849: [GC (Allocation Failure) 132.849: [ParNew: 118016K->13056K(118016K), 0.0526273 secs] 8891181K->8802171K(25152768K), 0.0530058 secs] [Times: user=0.62 sys=0.01, real=0.06 secs] 
2014-04-09T12:30:04.391+0900: 132.981: [GC (Allocation Failure) 132.981: [ParNew: 118016K->13056K(118016K), 0.0481291 secs] 8885231K->8795170K(25152768K), 0.0484915 secs] [Times: user=0.55 sys=0.01, real=0.04 secs] 
2014-04-09T12:30:04.521+0900: 133.111: [GC (Allocation Failure) 133.111: [ParNew: 118016K->13056K(118016K), 0.0516669 secs] 8885151K->8797165K(25152768K), 0.0520294 secs] [Times: user=0.57 sys=0.02, real=0.05 secs] 
2014-04-09T12:30:04.652+0900: 133.242: [GC (Allocation Failure) 133.242: [ParNew: 118016K->13056K(118016K), 0.0528411 secs] 8890772K->8801777K(25152768K), 0.0531955 secs] [Times: user=0.60 sys=0.01, real=0.05 secs] 
2014-04-09T12:30:04.787+0900: 133.377: [GC (Allocation Failure) 133.377: [ParNew: 118016K->13056K(118016K), 0.0679276 secs] 8894673K->8807984K(25152768K), 0.0682821 secs] [Times: user=0.77 sys=0.02, real=0.07 secs] 
2014-04-09T12:30:04.937+0900: 133.527: [GC (Allocation Failure) 133.528: [ParNew: 118016K->13056K(118016K), 0.0603931 secs] 8894259K->8804720K(25152768K), 0.0607527 secs] [Times: user=0.72 sys=0.00, real=0.06 secs] 
2014-04-09T12:30:05.081+0900: 133.671: [GC (Allocation Failure) 133.671: [ParNew: 118016K->13056K(118016K), 0.0503846 secs] 8889889K->8801611K(25152768K), 0.0507473 secs] [Times: user=0.59 sys=0.02, real=0.05 secs] 
2014-04-09T12:30:05.210+0900: 133.800: [GC (Allocation Failure) 133.800: [ParNew: 118016K->13056K(118016K), 0.0572938 secs] 8888972K->8800290K(25152768K), 0.0576571 secs] [Times: user=0.67 sys=0.01, real=0.06 secs] 
2014-04-09T12:30:05.348+0900: 133.938: [GC (Allocation Failure) 133.938: [ParNew: 118016K->13056K(118016K), 0.0497338 secs] 8898018K->8810002K(25152768K), 0.0500866 secs] [Times: user=0.59 sys=0.01, real=0.05 secs] 
2014-04-09T12:30:05.477+0900: 134.067: [GC (Allocation Failure) 134.067: [ParNew: 118016K->13056K(118016K), 0.0487462 secs] 8815646K->8727501K(25152768K), 0.0491019 secs] [Times: user=0.58 sys=0.01, real=0.05 secs] 
2014-04-09T12:30:05.531+0900: 134.121: [CMS-concurrent-sweep: 2.713/4.793 secs] [Times: user=48.09 sys=8.31, real=4.80 secs] 
2014-04-09T12:30:05.531+0900: 134.121: [CMS-concurrent-reset-start]
2014-04-09T12:30:05.616+0900: 134.206: [GC (Allocation Failure) 134.206: [ParNew: 118016K->13056K(118016K), 0.0569789 secs] 8832461K->8744817K(25152768K), 0.0573317 secs] [Times: user=0.69 sys=0.00, real=0.06 secs] 
2014-04-09T12:30:05.692+0900: 134.282: [CMS-concurrent-reset: 0.101/0.160 secs] [Times: user=1.64 sys=0.30, real=0.16 secs] 
2014-04-09T12:30:05.751+0900: 134.341: [GC (Allocation Failure) 134.341: [ParNew: 118016K->13056K(118016K), 0.0538216 secs] 8849777K->8762319K(25152768K), 0.0541740 secs] [Times: user=0.63 sys=0.00, real=0.05 secs] 
2014-04-09T12:30:05.807+0900: 134.397: [GC (CMS Initial Mark) [1 CMS-initial-mark: 8749263K(25034752K)] 8763338K(25152768K), 0.0021081 secs] [Times: user=0.02 sys=0.00, real=0.00 secs] 
2014-04-09T12:30:05.809+0900: 134.399: [CMS-concurrent-mark-start]
2014-04-09T12:30:05.904+0900: 134.494: [GC (Allocation Failure) 134.494: [ParNew: 118016K->13056K(118016K), 0.0567424 secs] 8867279K->8778595K(25152768K), 0.0570981 secs] [Times: user=0.63 sys=0.01, real=0.06 secs] 
2014-04-09T12:30:06.059+0900: 134.649: [GC (Allocation Failure) 134.649: [ParNew: 118016K->13056K(118016K), 0.0655571 secs] 8883555K->8793548K(25152768K), 0.0659078 secs] [Times: user=0.74 sys=0.01, real=0.07 secs] 
2014-04-09T12:30:06.212+0900: 134.802: [GC (Allocation Failure) 134.803: [ParNew: 118016K->13056K(118016K), 0.0529689 secs] 8898508K->8809591K(25152768K), 0.0533213 secs] [Times: user=0.57 sys=0.02, real=0.05 secs] 
2014-04-09T12:30:06.367+0900: 134.957: [GC (Allocation Failure) 134.958: [ParNew: 118016K->13056K(118016K), 0.0900047 secs] 8914551K->8826966K(25152768K), 0.0903519 secs] [Times: user=0.73 sys=0.01, real=0.09 secs] 
2014-04-09T12:30:06.559+0900: 135.149: [GC (Allocation Failure) 135.149: [ParNew: 118016K->13056K(118016K), 0.0581166 secs] 8931926K->8844597K(25152768K), 0.0584831 secs] [Times: user=0.66 sys=0.02, real=0.06 secs] 
2014-04-09T12:30:06.723+0900: 135.313: [GC (Allocation Failure) 135.313: [ParNew: 118016K->13056K(118016K), 0.0590954 secs] 8949557K->8860146K(25152768K), 0.0594665 secs] [Times: user=0.61 sys=0.02, real=0.06 secs] 
2014-04-09T12:30:06.880+0900: 135.470: [GC (Allocation Failure) 135.471: [ParNew: 118016K->13056K(118016K), 0.0719911 secs] 8965106K->8877283K(25152768K), 0.0723572 secs] [Times: user=0.75 sys=0.02, real=0.07 secs] 
2014-04-09T12:30:07.059+0900: 135.649: [GC (Allocation Failure) 135.649: [ParNew: 118016K->13056K(118016K), 0.0611200 secs] 8982243K->8893380K(25152768K), 0.0614927 secs] [Times: user=0.64 sys=0.02, real=0.07 secs] 
2014-04-09T12:30:07.235+0900: 135.825: [GC (Allocation Failure) 135.825: [ParNew: 118016K->13056K(118016K), 0.0681180 secs] 8998340K->8909665K(25152768K), 0.0684818 secs] [Times: user=0.73 sys=0.03, real=0.07 secs] 
2014-04-09T12:30:07.396+0900: 135.986: [GC (Allocation Failure) 135.986: [ParNew: 118016K->13056K(118016K), 0.0601682 secs] 9014625K->8925827K(25152768K), 0.0605304 secs] [Times: user=0.62 sys=0.02, real=0.06 secs] 
2014-04-09T12:30:07.561+0900: 136.151: [GC (Allocation Failure) 136.151: [ParNew: 118016K->13056K(118016K), 0.0689634 secs] 9030787K->8940259K(25152768K), 0.0693259 secs] [Times: user=0.71 sys=0.02, real=0.07 secs] 
2014-04-09T12:30:07.741+0900: 136.331: [GC (Allocation Failure) 136.331: [ParNew: 118016K->13056K(118016K), 0.0622446 secs] 9045219K->8954104K(25152768K), 0.0626054 secs] [Times: user=0.65 sys=0.02, real=0.07 secs] 
2014-04-09T12:30:07.940+0900: 136.530: [GC (Allocation Failure) 136.531: [ParNew: 118016K->13056K(118016K), 0.0575077 secs] 9059064K->8966999K(25152768K), 0.0578808 secs] [Times: user=0.62 sys=0.02, real=0.06 secs] 
2014-04-09T12:30:08.105+0900: 136.695: [GC (Allocation Failure) 136.696: [ParNew: 118016K->13056K(118016K), 0.0549112 secs] 9071959K->8976517K(25152768K), 0.0552720 secs] [Times: user=0.59 sys=0.01, real=0.05 secs] 
2014-04-09T12:30:08.272+0900: 136.862: [GC (Allocation Failure) 136.862: [ParNew: 118016K->13056K(118016K), 0.0673808 secs] 9081477K->8989268K(25152768K), 0.0677519 secs] [Times: user=0.64 sys=0.01, real=0.06 secs] 
2014-04-09T12:30:08.446+0900: 137.036: [GC (Allocation Failure) 137.036: [ParNew: 118016K->13056K(118016K), 0.0589841 secs] 9094228K->9002541K(25152768K), 0.0593572 secs] [Times: user=0.62 sys=0.02, real=0.06 secs] 
2014-04-09T12:30:08.578+0900: 137.168: [CMS-concurrent-mark: 1.724/2.768 secs] [Times: user=28.44 sys=4.28, real=2.77 secs] 
2014-04-09T12:30:08.578+0900: 137.168: [CMS-concurrent-preclean-start]
2014-04-09T12:30:08.609+0900: 137.199: [GC (Allocation Failure) 137.199: [ParNew: 118016K->13056K(118016K), 0.0539453 secs] 9107501K->9012639K(25152768K), 0.0543127 secs] [Times: user=0.58 sys=0.02, real=0.06 secs] 
2014-04-09T12:30:08.756+0900: 137.346: [GC (Allocation Failure) 137.346: [ParNew: 118016K->13056K(118016K), 0.0617119 secs] 9117599K->9026095K(25152768K), 0.0620778 secs] [Times: user=0.61 sys=0.02, real=0.06 secs] 
2014-04-09T12:30:08.905+0900: 137.495: [GC (Allocation Failure) 137.495: [ParNew: 118016K->13056K(118016K), 0.0552007 secs] 9131055K->9037681K(25152768K), 0.0555742 secs] [Times: user=0.58 sys=0.02, real=0.05 secs] 
2014-04-09T12:30:09.051+0900: 137.641: [GC (Allocation Failure) 137.641: [ParNew: 118016K->13056K(118016K), 0.0533722 secs] 9142641K->9048474K(25152768K), 0.0537435 secs] [Times: user=0.57 sys=0.01, real=0.06 secs] 
2014-04-09T12:30:09.194+0900: 137.784: [GC (Allocation Failure) 137.784: [ParNew: 118016K->13056K(118016K), 0.0597148 secs] 9153434K->9060695K(25152768K), 0.0600804 secs] [Times: user=0.63 sys=0.01, real=0.06 secs] 
2014-04-09T12:30:09.344+0900: 137.934: [GC (Allocation Failure) 137.934: [ParNew: 118016K->13056K(118016K), 0.0598954 secs] 9165655K->9073256K(25152768K), 0.0602597 secs] [Times: user=0.58 sys=0.02, real=0.06 secs] 
2014-04-09T12:30:09.496+0900: 138.086: [GC (Allocation Failure) 138.086: [ParNew: 118016K->13056K(118016K), 0.0601871 secs] 9178216K->9086865K(25152768K), 0.0605541 secs] [Times: user=0.63 sys=0.02, real=0.06 secs] 
2014-04-09T12:30:09.655+0900: 138.245: [GC (Allocation Failure) 138.245: [ParNew: 118016K->13056K(118016K), 0.0541447 secs] 9191825K->9096884K(25152768K), 0.0545037 secs] [Times: user=0.61 sys=0.01, real=0.05 secs] 
2014-04-09T12:30:09.794+0900: 138.384: [GC (Allocation Failure) 138.384: [ParNew: 118016K->13056K(118016K), 0.0578759 secs] 9201844K->9108832K(25152768K), 0.0582350 secs] [Times: user=0.62 sys=0.02, real=0.06 secs] 
2014-04-09T12:30:09.941+0900: 138.531: [GC (Allocation Failure) 138.531: [ParNew: 118016K->13056K(118016K), 0.0601077 secs] 9213792K->9122439K(25152768K), 0.0604678 secs] [Times: user=0.61 sys=0.02, real=0.06 secs] 
2014-04-09T12:30:10.096+0900: 138.686: [GC (Allocation Failure) 138.687: [ParNew: 118016K->13056K(118016K), 0.0572356 secs] 9227399K->9132922K(25152768K), 0.0576029 secs] [Times: user=0.62 sys=0.01, real=0.06 secs] 
2014-04-09T12:30:10.256+0900: 138.846: [CMS-concurrent-preclean: 0.929/1.678 secs] [Times: user=16.01 sys=3.10, real=1.68 secs] 
2014-04-09T12:30:10.257+0900: 138.847: [GC (Allocation Failure) 138.847: [ParNew: 118016K->13056K(118016K), 0.0552774 secs] 9237882K->9144535K(25152768K), 0.0556367 secs] [Times: user=0.60 sys=0.02, real=0.06 secs] 
2014-04-09T12:30:10.314+0900: 138.904: [GC (CMS Final Remark) [YG occupancy: 13116 K (118016 K)]138.904: [Rescan (parallel) , 0.0186090 secs]138.923: [weak refs processing, 0.0014759 secs]138.924: [class unloading, 0.0410565 secs]138.965: [scrub symbol table, 0.0048018 secs]138.970: [scrub string table, 0.0013953 secs][1 CMS-remark: 9131479K(25034752K)] 9144595K(25152768K), 0.0746671 secs] [Times: user=0.29 sys=0.00, real=0.07 secs] 
2014-04-09T12:30:10.389+0900: 138.979: [CMS-concurrent-sweep-start]
2014-04-09T12:30:10.479+0900: 139.069: [GC (Allocation Failure) 139.069: [ParNew: 118016K->13056K(118016K), 0.0551009 secs] 9243752K->9151475K(25152768K), 0.0554713 secs] [Times: user=0.57 sys=0.02, real=0.06 secs] 
2014-04-09T12:30:10.629+0900: 139.219: [GC (Allocation Failure) 139.219: [ParNew: 118015K->13056K(118016K), 0.0579626 secs] 9245922K->9151584K(25152768K), 0.0583245 secs] [Times: user=0.62 sys=0.01, real=0.06 secs] 
2014-04-09T12:30:10.781+0900: 139.371: [GC (Allocation Failure) 139.371: [ParNew: 118016K->13056K(118016K), 0.0546330 secs] 9244180K->9152430K(25152768K), 0.0549887 secs] [Times: user=0.61 sys=0.01, real=0.06 secs] 
2014-04-09T12:30:10.939+0900: 139.529: [GC (Allocation Failure) 139.529: [ParNew: 118016K->13056K(118016K), 0.0525344 secs] 9247372K->9154544K(25152768K), 0.0528947 secs] [Times: user=0.58 sys=0.01, real=0.06 secs] 
2014-04-09T12:30:11.077+0900: 139.667: [GC (Allocation Failure) 139.667: [ParNew: 118016K->13056K(118016K), 0.0521488 secs] 9248109K->9153574K(25152768K), 0.0525045 secs] [Times: user=0.58 sys=0.01, real=0.05 secs] 
2014-04-09T12:30:11.216+0900: 139.806: [GC (Allocation Failure) 139.806: [ParNew: 118016K->13056K(118016K), 0.0602146 secs] 9244464K->9152683K(25152768K), 0.0605693 secs] [Times: user=0.65 sys=0.02, real=0.06 secs] 
2014-04-09T12:30:11.365+0900: 139.955: [GC (Allocation Failure) 139.956: [ParNew: 118016K->13056K(118016K), 0.0495295 secs] 9248278K->9156753K(25152768K), 0.0498837 secs] [Times: user=0.58 sys=0.01, real=0.05 secs] 
2014-04-09T12:30:11.501+0900: 140.091: [GC (Allocation Failure) 140.091: [ParNew: 118016K->13056K(118016K), 0.0493074 secs] 9252510K->9160360K(25152768K), 0.0496778 secs] [Times: user=0.54 sys=0.03, real=0.05 secs] 
2014-04-09T12:30:11.640+0900: 140.230: [GC (Allocation Failure) 140.230: [ParNew: 118016K->13056K(118016K), 0.0556892 secs] 9254186K->9162439K(25152768K), 0.0560657 secs] [Times: user=0.62 sys=0.01, real=0.06 secs] 
2014-04-09T12:30:11.786+0900: 140.376: [GC (Allocation Failure) 140.376: [ParNew: 118016K->13056K(118016K), 0.0523555 secs] 9259309K->9167741K(25152768K), 0.0527230 secs] [Times: user=0.56 sys=0.03, real=0.05 secs] 
2014-04-09T12:30:11.928+0900: 140.518: [GC (Allocation Failure) 140.518: [ParNew: 118016K->13056K(118016K), 0.0563924 secs] 9267292K->9174980K(25152768K), 0.0567620 secs] [Times: user=0.63 sys=0.01, real=0.06 secs] 
2014-04-09T12:30:12.079+0900: 140.669: [GC (Allocation Failure) 140.669: [ParNew: 118016K->13056K(118016K), 0.0528024 secs] 9277078K->9181877K(25152768K), 0.0531575 secs] [Times: user=0.57 sys=0.02, real=0.06 secs] 
2014-04-09T12:30:12.223+0900: 140.813: [GC (Allocation Failure) 140.813: [ParNew: 118016K->13056K(118016K), 0.0578219 secs] 9285171K->9192419K(25152768K), 0.0581926 secs] [Times: user=0.62 sys=0.02, real=0.06 secs] 
2014-04-09T12:30:12.375+0900: 140.965: [GC (Allocation Failure) 140.965: [ParNew: 118016K->13056K(118016K), 0.0566278 secs] 9295895K->9204588K(25152768K), 0.0569823 secs] [Times: user=0.62 sys=0.03, real=0.06 secs] 
2014-04-09T12:30:12.519+0900: 141.109: [GC (Allocation Failure) 141.109: [ParNew: 118016K->13056K(118016K), 0.0576088 secs] 9308333K->9215309K(25152768K), 0.0579688 secs] [Times: user=0.60 sys=0.02, real=0.06 secs] 
2014-04-09T12:30:12.674+0900: 141.264: [GC (Allocation Failure) 141.264: [ParNew: 118016K->13056K(118016K), 0.0514733 secs] 9319303K->9225947K(25152768K), 0.0518458 secs] [Times: user=0.53 sys=0.01, real=0.05 secs] 
2014-04-09T12:30:12.821+0900: 141.411: [GC (Allocation Failure) 141.411: [ParNew: 118016K->13056K(118016K), 0.0583333 secs] 9329880K->9238035K(25152768K), 0.0587016 secs] [Times: user=0.61 sys=0.02, real=0.06 secs] 
2014-04-09T12:30:12.968+0900: 141.558: [GC (Allocation Failure) 141.558: [ParNew: 118016K->13056K(118016K), 0.0532630 secs] 9337664K->9245073K(25152768K), 0.0536225 secs] [Times: user=0.61 sys=0.01, real=0.05 secs] 
2014-04-09T12:30:13.112+0900: 141.702: [GC (Allocation Failure) 141.702: [ParNew: 118016K->13056K(118016K), 0.0557058 secs] 9347836K->9253788K(25152768K), 0.0560678 secs] [Times: user=0.60 sys=0.01, real=0.05 secs] 
2014-04-09T12:30:13.256+0900: 141.846: [GC (Allocation Failure) 141.846: [ParNew: 118016K->13056K(118016K), 0.0563075 secs] 9358225K->9265367K(25152768K), 0.0566791 secs] [Times: user=0.56 sys=0.02, real=0.06 secs] 
2014-04-09T12:30:14.035+0900: 142.625: [CMS-concurrent-sweep: 2.507/3.646 secs] [Times: user=29.04 sys=5.60, real=3.65 secs] 
2014-04-09T12:30:14.035+0900: 142.625: [CMS-concurrent-reset-start]
2014-04-09T12:30:14.119+0900: 142.709: [CMS-concurrent-reset: 0.085/0.085 secs] [Times: user=0.08 sys=0.00, real=0.08 secs] 
2014-04-09T12:30:16.121+0900: 144.711: [GC (CMS Initial Mark) [1 CMS-initial-mark: 8945242K(25034752K)] 8994508K(25152768K), 0.0058721 secs] [Times: user=0.06 sys=0.00, real=0.01 secs] 
2014-04-09T12:30:16.128+0900: 144.718: [CMS-concurrent-mark-start]
2014-04-09T12:30:17.814+0900: 146.404: [CMS-concurrent-mark: 1.686/1.686 secs] [Times: user=6.36 sys=0.16, real=1.69 secs] 
2014-04-09T12:30:17.814+0900: 146.404: [CMS-concurrent-preclean-start]
2014-04-09T12:30:17.886+0900: 146.476: [CMS-concurrent-preclean: 0.072/0.072 secs] [Times: user=0.08 sys=0.00, real=0.07 secs] 
2014-04-09T12:30:17.886+0900: 146.476: [CMS-concurrent-abortable-preclean-start]
 CMS: abort preclean due to time 2014-04-09T12:30:23.017+0900: 151.607: [CMS-concurrent-abortable-preclean: 3.628/5.131 secs] [Times: user=3.66 sys=0.00, real=5.13 secs] 
2014-04-09T12:30:23.019+0900: 151.609: [GC (CMS Final Remark) [YG occupancy: 49652 K (118016 K)]151.609: [Rescan (parallel) , 0.0185084 secs]151.628: [weak refs processing, 0.0009517 secs]151.629: [class unloading, 0.0413786 secs]151.670: [scrub symbol table, 0.0048033 secs]151.675: [scrub string table, 0.0013992 secs][1 CMS-remark: 8945242K(25034752K)] 8994895K(25152768K), 0.0742746 secs] [Times: user=0.28 sys=0.00, real=0.07 secs] 
2014-04-09T12:30:23.094+0900: 151.684: [CMS-concurrent-sweep-start]
2014-04-09T12:30:24.636+0900: 153.226: [CMS-concurrent-sweep: 1.542/1.542 secs] [Times: user=1.56 sys=0.00, real=1.54 secs] 
2014-04-09T12:30:24.636+0900: 153.226: [CMS-concurrent-reset-start]
2014-04-09T12:30:24.714+0900: 153.304: [CMS-concurrent-reset: 0.078/0.078 secs] [Times: user=0.08 sys=0.00, real=0.08 secs] 
2014-04-09T12:30:26.715+0900: 155.305: [GC (CMS Initial Mark) [1 CMS-initial-mark: 8694375K(25034752K)] 8744294K(25152768K), 0.0062433 secs] [Times: user=0.06 sys=0.00, real=0.00 secs] 
2014-04-09T12:30:26.722+0900: 155.312: [CMS-concurrent-mark-start]
2014-04-09T12:30:28.661+0900: 157.251: [CMS-concurrent-mark: 1.939/1.939 secs] [Times: user=7.13 sys=0.23, real=1.94 secs] 
2014-04-09T12:30:28.661+0900: 157.251: [CMS-concurrent-preclean-start]
2014-04-09T12:30:28.737+0900: 157.327: [CMS-concurrent-preclean: 0.076/0.076 secs] [Times: user=0.08 sys=0.00, real=0.08 secs] 
2014-04-09T12:30:28.737+0900: 157.327: [CMS-concurrent-abortable-preclean-start]
 CMS: abort preclean due to time 2014-04-09T12:30:33.789+0900: 162.379: [CMS-concurrent-abortable-preclean: 3.448/5.051 secs] [Times: user=3.47 sys=0.01, real=5.05 secs] 
2014-04-09T12:30:33.791+0900: 162.381: [GC (CMS Final Remark) [YG occupancy: 50257 K (118016 K)]162.381: [Rescan (parallel) , 0.0187129 secs]162.399: [weak refs processing, 0.0000588 secs]162.400: [class unloading, 0.0409332 secs]162.441: [scrub symbol table, 0.0048160 secs]162.445: [scrub string table, 0.0013881 secs][1 CMS-remark: 8694375K(25034752K)] 8744633K(25152768K), 0.0726108 secs] [Times: user=0.28 sys=0.00, real=0.07 secs] 
2014-04-09T12:30:33.865+0900: 162.455: [CMS-concurrent-sweep-start]
2014-04-09T12:30:35.291+0900: 163.881: [CMS-concurrent-sweep: 1.427/1.427 secs] [Times: user=1.44 sys=0.00, real=1.43 secs] 
2014-04-09T12:30:35.291+0900: 163.881: [CMS-concurrent-reset-start]
2014-04-09T12:30:35.369+0900: 163.959: [CMS-concurrent-reset: 0.078/0.078 secs] [Times: user=0.08 sys=0.00, real=0.08 secs] 
2014-04-09T12:30:37.370+0900: 165.960: [GC (CMS Initial Mark) [1 CMS-initial-mark: 8694366K(25034752K)] 8744748K(25152768K), 0.0059823 secs] [Times: user=0.06 sys=0.00, real=0.01 secs] 
2014-04-09T12:30:37.377+0900: 165.967: [CMS-concurrent-mark-start]
2014-04-09T12:30:37.618+0900: 166.208: [GC (Allocation Failure) 166.208: [ParNew: 118016K->11367K(118016K), 0.0395862 secs] 8812382K->8714337K(25152768K), 0.0399496 secs] [Times: user=0.49 sys=0.01, real=0.04 secs] 
2014-04-09T12:30:37.750+0900: 166.340: [GC (Allocation Failure) 166.340: [ParNew: 116327K->6402K(118016K), 0.0389200 secs] 8819297K->8709372K(25152768K), 0.0392769 secs] [Times: user=0.49 sys=0.00, real=0.04 secs] 
2014-04-09T12:30:37.836+0900: 166.426: [GC (Allocation Failure) 166.426: [ParNew: 111362K->5099K(118016K), 0.0352380 secs] 8814332K->8708069K(25152768K), 0.0355763 secs] [Times: user=0.45 sys=0.00, real=0.03 secs] 
2014-04-09T12:30:37.914+0900: 166.504: [GC (Allocation Failure) 166.504: [ParNew: 110059K->6074K(118016K), 0.0367914 secs] 8813029K->8709044K(25152768K), 0.0371176 secs] [Times: user=0.50 sys=0.00, real=0.04 secs] 
2014-04-09T12:30:37.995+0900: 166.585: [GC (Allocation Failure) 166.585: [ParNew: 111034K->6546K(118016K), 0.0388576 secs] 8814004K->8709516K(25152768K), 0.0391831 secs] [Times: user=0.49 sys=0.00, real=0.04 secs] 
2014-04-09T12:30:38.079+0900: 166.669: [GC (Allocation Failure) 166.669: [ParNew: 111506K->4872K(118016K), 0.0351830 secs] 8814476K->8707842K(25152768K), 0.0354908 secs] [Times: user=0.44 sys=0.01, real=0.03 secs] 
2014-04-09T12:30:38.154+0900: 166.744: [GC (Allocation Failure) 166.744: [ParNew: 109832K->3429K(118016K), 0.0387800 secs] 8812802K->8710159K(25152768K), 0.0390917 secs] [Times: user=0.48 sys=0.00, real=0.04 secs] 
2014-04-09T12:30:38.240+0900: 166.830: [GC (Allocation Failure) 166.830: [ParNew: 108389K->863K(118016K), 0.0355214 secs] 8815119K->8707617K(25152768K), 0.0358379 secs] [Times: user=0.44 sys=0.00, real=0.04 secs] 
2014-04-09T12:30:38.353+0900: 166.943: [GC (Allocation Failure) 166.943: [ParNew: 105823K->272K(118016K), 0.0347445 secs] 8812577K->8707027K(25152768K), 0.0350490 secs] [Times: user=0.47 sys=0.01, real=0.04 secs] 
2014-04-09T12:30:38.445+0900: 167.036: [GC (Allocation Failure) 167.036: [ParNew: 105232K->163K(118016K), 0.0365065 secs] 8811987K->8706918K(25152768K), 0.0368100 secs] [Times: user=0.46 sys=0.01, real=0.03 secs] 
2014-04-09T12:30:38.527+0900: 167.117: [GC (Allocation Failure) 167.117: [ParNew: 105123K->194K(118016K), 0.0360293 secs] 8811878K->8706950K(25152768K), 0.0363278 secs] [Times: user=0.47 sys=0.01, real=0.03 secs] 
2014-04-09T12:30:38.609+0900: 167.199: [GC (Allocation Failure) 167.199: [ParNew: 105154K->8992K(118016K), 0.0346388 secs] 8811910K->8715753K(25152768K), 0.0349507 secs] [Times: user=0.43 sys=0.00, real=0.03 secs] 
2014-04-09T12:30:38.688+0900: 167.278: [GC (Allocation Failure) 167.278: [ParNew: 113952K->9270K(118016K), 0.0367072 secs] 8820713K->8724473K(25152768K), 0.0370222 secs] [Times: user=0.45 sys=0.01, real=0.03 secs] 
2014-04-09T12:30:38.769+0900: 167.359: [GC (Allocation Failure) 167.359: [ParNew: 114230K->10248K(118016K), 0.0405075 secs] 8829433K->8736715K(25152768K), 0.0408510 secs] [Times: user=0.50 sys=0.00, real=0.04 secs] 
2014-04-09T12:30:38.850+0900: 167.440: [GC (Allocation Failure) 167.440: [ParNew: 115208K->13055K(118016K), 0.0423657 secs] 8841675K->8764453K(25152768K), 0.0426844 secs] [Times: user=0.53 sys=0.00, real=0.04 secs] 
2014-04-09T12:30:38.942+0900: 167.532: [GC (Allocation Failure) 167.532: [ParNew: 118015K->2374K(118016K), 0.0427290 secs] 8869413K->8766809K(25152768K), 0.0430527 secs] [Times: user=0.54 sys=0.01, real=0.04 secs] 
2014-04-09T12:30:39.036+0900: 167.626: [GC (Allocation Failure) 167.626: [ParNew: 107334K->6885K(118016K), 0.0369311 secs] 8871769K->8771320K(25152768K), 0.0372608 secs] [Times: user=0.45 sys=0.02, real=0.03 secs] 
2014-04-09T12:30:39.134+0900: 167.724: [GC (Allocation Failure) 167.725: [ParNew: 111845K->5796K(118016K), 0.0378268 secs] 8876280K->8790958K(25152768K), 0.0381462 secs] [Times: user=0.46 sys=0.01, real=0.04 secs] 
2014-04-09T12:30:39.224+0900: 167.814: [GC (Allocation Failure) 167.814: [ParNew: 110756K->13054K(118016K), 0.0533980 secs] 8895918K->8844607K(25152768K), 0.0537349 secs] [Times: user=0.67 sys=0.01, real=0.06 secs] 
2014-04-09T12:30:39.324+0900: 167.914: [GC (Allocation Failure) 167.914: [ParNew: 109819K->13054K(118016K), 0.0452202 secs] 8941371K->8904586K(25152768K), 0.0455480 secs] [Times: user=0.54 sys=0.02, real=0.05 secs] 
2014-04-09T12:30:39.415+0900: 168.005: [GC (Allocation Failure) 168.005: [ParNew: 118012K->13056K(118016K), 0.0510828 secs] 9009545K->8975971K(25152768K), 0.0514057 secs] [Times: user=0.60 sys=0.01, real=0.06 secs] 
2014-04-09T12:30:39.517+0900: 168.107: [GC (Allocation Failure) 168.107: [ParNew: 118016K->13056K(118016K), 0.0511565 secs] 9080931K->9034325K(25152768K), 0.0514812 secs] [Times: user=0.53 sys=0.02, real=0.05 secs] 
2014-04-09T12:30:39.646+0900: 168.236: [GC (Allocation Failure) 168.237: [ParNew: 109405K->13056K(118016K), 0.0488862 secs] 9130675K->9074304K(25152768K), 0.0492116 secs] [Times: user=0.53 sys=0.01, real=0.05 secs] 
2014-04-09T12:30:39.888+0900: 168.478: [GC (Allocation Failure) 168.478: [ParNew: 118016K->13056K(118016K), 0.0682017 secs] 9179264K->9100595K(25152768K), 0.0685378 secs] [Times: user=0.81 sys=0.02, real=0.07 secs] 
2014-04-09T12:30:40.075+0900: 168.665: [GC (Allocation Failure) 168.665: [ParNew: 118016K->8407K(118016K), 0.0797691 secs] 9205555K->9108940K(25152768K), 0.0801591 secs] [Times: user=1.00 sys=0.03, real=0.08 secs] 
2014-04-09T12:30:40.239+0900: 168.829: [GC (Allocation Failure) 168.829: [ParNew: 107853K->12855K(118016K), 0.0829664 secs] 9208386K->9131741K(25152768K), 0.0833678 secs] [Times: user=1.04 sys=0.02, real=0.08 secs] 
2014-04-09T12:30:40.413+0900: 169.003: [GC (Allocation Failure) 169.004: [ParNew: 115875K->13055K(118016K), 0.0779087 secs] 9234761K->9168213K(25152768K), 0.0782670 secs] [Times: user=1.11 sys=0.01, real=0.08 secs] 
2014-04-09T12:30:40.561+0900: 169.151: [GC (Allocation Failure) 169.151: [ParNew: 118015K->13055K(118016K), 0.0662172 secs] 9273173K->9215033K(25152768K), 0.0665652 secs] [Times: user=0.89 sys=0.01, real=0.07 secs] 
2014-04-09T12:30:40.672+0900: 169.262: [CMS-concurrent-mark: 1.909/3.295 secs] [Times: user=38.80 sys=0.67, real=3.29 secs] 
2014-04-09T12:30:40.672+0900: 169.262: [CMS-concurrent-preclean-start]
2014-04-09T12:30:40.759+0900: 169.349: [GC (Allocation Failure) 169.350: [ParNew: 109803K->11982K(118016K), 0.0844906 secs] 9311781K->9257500K(25152768K), 0.0848617 secs] [Times: user=1.23 sys=0.02, real=0.08 secs] 
2014-04-09T12:30:40.964+0900: 169.554: [GC (Allocation Failure) 169.555: [ParNew: 116942K->13056K(118016K), 0.0872092 secs] 9362460K->9277699K(25152768K), 0.0875730 secs] [Times: user=1.07 sys=0.01, real=0.09 secs] 
2014-04-09T12:30:41.213+0900: 169.803: [GC (Allocation Failure) 169.804: [ParNew: 117986K->13056K(118016K), 0.0702770 secs] 9382630K->9302572K(25152768K), 0.0706108 secs] [Times: user=0.78 sys=0.02, real=0.07 secs] 
2014-04-09T12:30:41.392+0900: 169.982: [CMS-concurrent-preclean: 0.436/0.721 secs] [Times: user=6.77 sys=0.14, real=0.72 secs] 
2014-04-09T12:30:41.394+0900: 169.984: [GC (Allocation Failure) 169.984: [ParNew: 118016K->13056K(118016K), 0.0641381 secs] 9407532K->9354866K(25152768K), 0.0644485 secs] [Times: user=0.63 sys=0.01, real=0.07 secs] 
2014-04-09T12:30:41.459+0900: 170.049: [GC (CMS Final Remark) [YG occupancy: 13140 K (118016 K)]170.049: [Rescan (parallel) , 0.0197197 secs]170.069: [weak refs processing, 0.0000689 secs]170.069: [class unloading, 0.0444984 secs]170.114: [scrub symbol table, 0.0048054 secs]170.119: [scrub string table, 0.0013943 secs][1 CMS-remark: 9341810K(25034752K)] 9354950K(25152768K), 0.0774345 secs] [Times: user=0.38 sys=0.00, real=0.08 secs] 
2014-04-09T12:30:41.537+0900: 170.127: [CMS-concurrent-sweep-start]
2014-04-09T12:30:41.623+0900: 170.213: [GC (Allocation Failure) 170.213: [ParNew: 118016K->13056K(118016K), 0.0656656 secs] 9445239K->9387959K(25152768K), 0.0659944 secs] [Times: user=0.81 sys=0.01, real=0.07 secs] 
2014-04-09T12:30:41.760+0900: 170.350: [GC (Allocation Failure) 170.350: [ParNew: 118016K->13056K(118016K), 0.0485194 secs] 9480421K->9414850K(25152768K), 0.0488524 secs] [Times: user=0.58 sys=0.00, real=0.05 secs] 
2014-04-09T12:30:41.869+0900: 170.459: [GC (Allocation Failure) 170.459: [ParNew: 118016K->13056K(118016K), 0.0524470 secs] 9500353K->9427449K(25152768K), 0.0527649 secs] [Times: user=0.66 sys=0.01, real=0.05 secs] 
2014-04-09T12:30:41.964+0900: 170.554: [GC (Allocation Failure) 170.554: [ParNew: 118016K->9349K(118016K), 0.0503777 secs] 9516842K->9451559K(25152768K), 0.0506968 secs] [Times: user=0.65 sys=0.02, real=0.05 secs] 
2014-04-09T12:30:42.085+0900: 170.675: [GC (Allocation Failure) 170.675: [ParNew: 114309K->13056K(118016K), 0.0438975 secs] 9542018K->9464312K(25152768K), 0.0442174 secs] [Times: user=0.53 sys=0.01, real=0.05 secs] 
2014-04-09T12:30:42.181+0900: 170.771: [GC (Allocation Failure) 170.771: [ParNew: 118016K->10238K(118016K), 0.0515015 secs] 9555825K->9492057K(25152768K), 0.0518248 secs] [Times: user=0.68 sys=0.01, real=0.05 secs] 
2014-04-09T12:30:42.288+0900: 170.878: [GC (Allocation Failure) 170.878: [ParNew: 115184K->13056K(118016K), 0.0515035 secs] 9580357K->9524800K(25152768K), 0.0518358 secs] [Times: user=0.56 sys=0.02, real=0.05 secs] 
2014-04-09T12:30:42.411+0900: 171.001: [GC (Allocation Failure) 171.001: [ParNew: 118016K->13056K(118016K), 0.0510897 secs] 9616923K->9547522K(25152768K), 0.0514117 secs] [Times: user=0.63 sys=0.01, real=0.05 secs] 
2014-04-09T12:30:42.552+0900: 171.142: [GC (Allocation Failure) 171.142: [ParNew: 118016K->13056K(118016K), 0.0479871 secs] 9637315K->9556728K(25152768K), 0.0482907 secs] [Times: user=0.56 sys=0.01, real=0.05 secs] 
2014-04-09T12:30:42.772+0900: 171.362: [GC (Allocation Failure) 171.362: [ParNew: 118008K->13056K(118016K), 0.0466911 secs] 9624280K->9543197K(25152768K), 0.0470366 secs] [Times: user=0.63 sys=0.00, real=0.05 secs] 
2014-04-09T12:30:43.333+0900: 171.923: [GC (Allocation Failure) 171.923: [ParNew: 118016K->13056K(118016K), 0.0499068 secs] 9523798K->9467746K(25152768K), 0.0502447 secs] [Times: user=0.55 sys=0.02, real=0.05 secs] 
2014-04-09T12:30:43.485+0900: 172.075: [GC (Allocation Failure) 172.075: [ParNew: 111798K->13056K(118016K), 0.0472829 secs] 9544515K->9464159K(25152768K), 0.0476125 secs] [Times: user=0.58 sys=0.01, real=0.05 secs] 
2014-04-09T12:30:43.591+0900: 172.181: [GC (Allocation Failure) 172.181: [ParNew: 118016K->13056K(118016K), 0.0388792 secs] 9559253K->9486607K(25152768K), 0.0392017 secs] [Times: user=0.46 sys=0.01, real=0.04 secs] 
2014-04-09T12:30:43.709+0900: 172.299: [CMS-concurrent-sweep: 1.500/2.171 secs] [Times: user=12.93 sys=0.31, real=2.17 secs] 
2014-04-09T12:30:43.709+0900: 172.299: [CMS-concurrent-reset-start]
2014-04-09T12:30:43.757+0900: 172.347: [GC (Allocation Failure) 172.347: [ParNew: 118016K->13056K(118016K), 0.0524128 secs] 9537887K->9462188K(25152768K), 0.0527723 secs] [Times: user=0.62 sys=0.01, real=0.05 secs] 
2014-04-09T12:30:43.843+0900: 172.433: [CMS-concurrent-reset: 0.079/0.134 secs] [Times: user=0.94 sys=0.04, real=0.13 secs] 
2014-04-09T12:30:43.853+0900: 172.443: [GC (Allocation Failure) 172.443: [ParNew: 118015K->13056K(118016K), 0.0505816 secs] 9567147K->9519058K(25152768K), 0.0509121 secs] [Times: user=0.61 sys=0.01, real=0.05 secs] 
2014-04-09T12:30:43.905+0900: 172.495: [GC (CMS Initial Mark) [1 CMS-initial-mark: 9506002K(25034752K)] 9519145K(25152768K), 0.0017551 secs] [Times: user=0.01 sys=0.00, real=0.01 secs] 
2014-04-09T12:30:43.908+0900: 172.498: [CMS-concurrent-mark-start]
2014-04-09T12:30:43.981+0900: 172.571: [GC (Allocation Failure) 172.571: [ParNew: 118016K->13056K(118016K), 0.0454101 secs] 9624018K->9560405K(25152768K), 0.0457491 secs] [Times: user=0.48 sys=0.01, real=0.05 secs] 
2014-04-09T12:30:44.075+0900: 172.665: [GC (Allocation Failure) 172.665: [ParNew: 110683K->13056K(118016K), 0.0421582 secs] 9658032K->9588263K(25152768K), 0.0424814 secs] [Times: user=0.49 sys=0.01, real=0.05 secs] 
2014-04-09T12:30:44.186+0900: 172.776: [GC (Allocation Failure) 172.777: [ParNew: 117598K->13056K(118016K), 0.0450182 secs] 9692806K->9623583K(25152768K), 0.0453432 secs] [Times: user=0.54 sys=0.01, real=0.04 secs] 
2014-04-09T12:30:44.293+0900: 172.883: [GC (Allocation Failure) 172.883: [ParNew: 118016K->13056K(118016K), 0.0498175 secs] 9728543K->9670578K(25152768K), 0.0501507 secs] [Times: user=0.56 sys=0.01, real=0.05 secs] 
2014-04-09T12:30:44.382+0900: 172.972: [GC (Allocation Failure) 172.972: [ParNew: 118016K->13056K(118016K), 0.0465440 secs] 9775538K->9724710K(25152768K), 0.0468705 secs] [Times: user=0.55 sys=0.01, real=0.05 secs] 
2014-04-09T12:30:44.480+0900: 173.070: [GC (Allocation Failure) 173.070: [ParNew: 118016K->13056K(118016K), 0.0405507 secs] 9829670K->9755320K(25152768K), 0.0408827 secs] [Times: user=0.47 sys=0.01, real=0.04 secs] 
2014-04-09T12:30:44.582+0900: 173.172: [GC (Allocation Failure) 173.172: [ParNew: 118016K->13056K(118016K), 0.0521912 secs] 9860280K->9790054K(25152768K), 0.0525158 secs] [Times: user=0.52 sys=0.02, real=0.05 secs] 
2014-04-09T12:30:44.700+0900: 173.290: [GC (Allocation Failure) 173.290: [ParNew: 118015K->13056K(118016K), 0.0539514 secs] 9895014K->9811179K(25152768K), 0.0542829 secs] [Times: user=0.58 sys=0.02, real=0.05 secs] 
2014-04-09T12:30:44.796+0900: 173.386: [GC (Allocation Failure) 173.386: [ParNew: 117255K->13056K(118016K), 0.0528485 secs] 9915379K->9864317K(25152768K), 0.0531989 secs] [Times: user=0.65 sys=0.01, real=0.06 secs] 
2014-04-09T12:30:44.910+0900: 173.500: [GC (Allocation Failure) 173.500: [ParNew: 118016K->13056K(118016K), 0.0687628 secs] 9969277K->9913077K(25152768K), 0.0690949 secs] [Times: user=0.65 sys=0.01, real=0.07 secs] 
2014-04-09T12:30:45.022+0900: 173.612: [GC (Allocation Failure) 173.612: [ParNew: 110505K->13056K(118016K), 0.0494476 secs] 10010526K->9949650K(25152768K), 0.0497764 secs] [Times: user=0.58 sys=0.01, real=0.05 secs] 
2014-04-09T12:30:45.135+0900: 173.725: [GC (Allocation Failure) 173.725: [ParNew: 118016K->13056K(118016K), 0.0617674 secs] 10054610K->9978807K(25152768K), 0.0620962 secs] [Times: user=0.64 sys=0.03, real=0.07 secs] 
2014-04-09T12:30:45.259+0900: 173.849: [GC (Allocation Failure) 173.850: [ParNew: 109702K->13056K(118016K), 0.0556793 secs] 10075454K->10000619K(25152768K), 0.0560164 secs] [Times: user=0.58 sys=0.02, real=0.05 secs] 
2014-04-09T12:30:45.357+0900: 173.947: [GC (Allocation Failure) 173.947: [ParNew: 118016K->13056K(118016K), 0.0451988 secs] 10105579K->10036242K(25152768K), 0.0455413 secs] [Times: user=0.51 sys=0.01, real=0.04 secs] 
2014-04-09T12:30:45.461+0900: 174.051: [GC (Allocation Failure) 174.051: [ParNew: 115755K->13056K(118016K), 0.0550994 secs] 10138942K->10076950K(25152768K), 0.0554445 secs] [Times: user=0.66 sys=0.01, real=0.06 secs] 
2014-04-09T12:30:45.573+0900: 174.163: [GC (Allocation Failure) 174.163: [ParNew: 115933K->13056K(118016K), 0.0515788 secs] 10179828K->10117967K(25152768K), 0.0519027 secs] [Times: user=0.52 sys=0.01, real=0.05 secs] 
2014-04-09T12:30:45.684+0900: 174.274: [GC (Allocation Failure) 174.275: [ParNew: 118016K->13056K(118016K), 0.0675934 secs] 10222927K->10174079K(25152768K), 0.0679274 secs] [Times: user=0.67 sys=0.03, real=0.07 secs] 
2014-04-09T12:30:45.813+0900: 174.403: [GC (Allocation Failure) 174.403: [ParNew: 118016K->12203K(118016K), 0.0477003 secs] 10279039K->10196350K(25152768K), 0.0480308 secs] [Times: user=0.60 sys=0.00, real=0.05 secs] 
2014-04-09T12:30:45.946+0900: 174.536: [GC (Allocation Failure) 174.536: [ParNew: 113880K->13056K(118016K), 0.0560854 secs] 10298028K->10228735K(25152768K), 0.0564119 secs] [Times: user=0.52 sys=0.01, real=0.06 secs] 
2014-04-09T12:30:46.098+0900: 174.688: [GC (Allocation Failure) 174.688: [ParNew: 118016K->13056K(118016K), 0.0492990 secs] 10333695K->10268272K(25152768K), 0.0496227 secs] [Times: user=0.56 sys=0.01, real=0.05 secs] 
2014-04-09T12:30:46.322+0900: 174.912: [GC (Allocation Failure) 174.912: [ParNew: 118016K->13056K(118016K), 0.0420273 secs] 10373232K->10287059K(25152768K), 0.0423580 secs] [Times: user=0.52 sys=0.00, real=0.04 secs] 
2014-04-09T12:30:46.430+0900: 175.020: [CMS-concurrent-mark: 1.399/2.522 secs] [Times: user=21.90 sys=0.62, real=2.52 secs] 
2014-04-09T12:30:46.430+0900: 175.020: [CMS-concurrent-preclean-start]
2014-04-09T12:30:46.435+0900: 175.025: [GC (Allocation Failure) 175.026: [ParNew: 118015K->9733K(118016K), 0.0501168 secs] 10392018K->10326428K(25152768K), 0.0504367 secs] [Times: user=0.58 sys=0.01, real=0.05 secs] 
2014-04-09T12:30:46.604+0900: 175.194: [GC (Allocation Failure) 175.194: [ParNew: 114693K->13056K(118016K), 0.0542481 secs] 10431388K->10353029K(25152768K), 0.0545784 secs] [Times: user=0.50 sys=0.02, real=0.06 secs] 
2014-04-09T12:30:46.739+0900: 175.329: [GC (Allocation Failure) 175.329: [ParNew: 118016K->13056K(118016K), 0.0557413 secs] 10457989K->10388816K(25152768K), 0.0560626 secs] [Times: user=0.63 sys=0.03, real=0.05 secs] 
2014-04-09T12:30:46.857+0900: 175.447: [GC (Allocation Failure) 175.447: [ParNew: 118014K->13056K(118016K), 0.0634599 secs] 10493775K->10451455K(25152768K), 0.0637935 secs] [Times: user=0.67 sys=0.05, real=0.06 secs] 
2014-04-09T12:30:46.993+0900: 175.583: [GC (Allocation Failure) 175.583: [ParNew: 118016K->13056K(118016K), 0.0603953 secs] 10556415K->10486678K(25152768K), 0.0607253 secs] [Times: user=0.55 sys=0.02, real=0.06 secs] 
2014-04-09T12:30:47.099+0900: 175.689: [GC (Allocation Failure) 175.690: [ParNew: 118016K->13056K(118016K), 0.0607903 secs] 10591638K->10533663K(25152768K), 0.0611121 secs] [Times: user=0.66 sys=0.02, real=0.06 secs] 
2014-04-09T12:30:47.223+0900: 175.813: [GC (Allocation Failure) 175.813: [ParNew: 118014K->13056K(118016K), 0.0508552 secs] 10638621K->10555614K(25152768K), 0.0511778 secs] [Times: user=0.61 sys=0.01, real=0.05 secs] 
2014-04-09T12:30:47.322+0900: 175.913: [GC (Allocation Failure) 175.913: [ParNew: 118016K->13056K(118016K), 0.0664762 secs] 10660574K->10589480K(25152768K), 0.0668097 secs] [Times: user=0.69 sys=0.03, real=0.07 secs] 
2014-04-09T12:30:47.443+0900: 176.033: [GC (Allocation Failure) 176.034: [ParNew: 118016K->12397K(118016K), 0.0534490 secs] 10694440K->10620237K(25152768K), 0.0537687 secs] [Times: user=0.66 sys=0.01, real=0.06 secs] 
2014-04-09T12:30:47.562+0900: 176.152: [GC (Allocation Failure) 176.153: [ParNew: 117357K->13056K(118016K), 0.0703529 secs] 10725197K->10638461K(25152768K), 0.0706715 secs] [Times: user=0.68 sys=0.01, real=0.07 secs] 
2014-04-09T12:30:47.680+0900: 176.270: [GC (Allocation Failure) 176.270: [ParNew: 110920K->13056K(118016K), 0.0579494 secs] 10736325K->10683373K(25152768K), 0.0582764 secs] [Times: user=0.69 sys=0.03, real=0.06 secs] 
2014-04-09T12:30:47.792+0900: 176.382: [GC (Allocation Failure) 176.382: [ParNew: 118016K->13056K(118016K), 0.0592732 secs] 10788333K->10727743K(25152768K), 0.0596127 secs] [Times: user=0.67 sys=0.01, real=0.06 secs] 
2014-04-09T12:30:47.881+0900: 176.471: [GC (Allocation Failure) 176.471: [ParNew: 109373K->13056K(118016K), 0.0495409 secs] 10824061K->10779140K(25152768K), 0.0498678 secs] [Times: user=0.58 sys=0.02, real=0.05 secs] 
2014-04-09T12:30:47.964+0900: 176.554: [GC (Allocation Failure) 176.554: [ParNew: 118016K->13056K(118016K), 0.0540432 secs] 10884100K->10822380K(25152768K), 0.0543686 secs] [Times: user=0.61 sys=0.02, real=0.06 secs] 
2014-04-09T12:30:48.067+0900: 176.657: [GC (Allocation Failure) 176.657: [ParNew: 118014K->13056K(118016K), 0.0970828 secs] 10927339K->10869552K(25152768K), 0.0974017 secs] [Times: user=0.69 sys=0.03, real=0.09 secs] 
2014-04-09T12:30:48.208+0900: 176.798: [GC (Allocation Failure) 176.798: [ParNew: 118016K->13056K(118016K), 0.0604105 secs] 10974512K->10909191K(25152768K), 0.0607311 secs] [Times: user=0.62 sys=0.02, real=0.06 secs] 
2014-04-09T12:30:48.311+0900: 176.901: [GC (Allocation Failure) 176.901: [ParNew: 118016K->13056K(118016K), 0.0590581 secs] 11014151K->10933207K(25152768K), 0.0593806 secs] [Times: user=0.61 sys=0.02, real=0.06 secs] 
2014-04-09T12:30:48.421+0900: 177.011: [GC (Allocation Failure) 177.011: [ParNew: 118016K->13056K(118016K), 0.0548759 secs] 11038167K->10968257K(25152768K), 0.0552023 secs] [Times: user=0.66 sys=0.01, real=0.05 secs] 
2014-04-09T12:30:48.560+0900: 177.150: [GC (Allocation Failure) 177.150: [ParNew: 118016K->13056K(118016K), 0.0452914 secs] 11073217K->10995223K(25152768K), 0.0456216 secs] [Times: user=0.54 sys=0.01, real=0.04 secs] 
2014-04-09T12:30:48.675+0900: 177.265: [GC (Allocation Failure) 177.266: [ParNew: 115358K->13056K(118016K), 0.0633641 secs] 11097526K->11040005K(25152768K), 0.0636899 secs] [Times: user=0.63 sys=0.04, real=0.07 secs] 
2014-04-09T12:30:48.836+0900: 177.426: [GC (Allocation Failure) 177.426: [ParNew: 118016K->13056K(118016K), 0.0823071 secs] 11144965K->11074603K(25152768K), 0.0826296 secs] [Times: user=0.66 sys=0.03, real=0.09 secs] 
2014-04-09T12:30:49.009+0900: 177.599: [GC (Allocation Failure) 177.599: [ParNew: 118014K->13056K(118016K), 0.0552305 secs] 11179562K->11105067K(25152768K), 0.0555059 secs] [Times: user=0.48 sys=0.01, real=0.05 secs] 
2014-04-09T12:30:49.159+0900: 177.749: [GC (Allocation Failure) 177.749: [ParNew: 118004K->13056K(118016K), 0.0707567 secs] 11210016K->11128425K(25152768K), 0.0710787 secs] [Times: user=0.61 sys=0.02, real=0.07 secs] 
2014-04-09T12:30:49.325+0900: 177.915: [GC (Allocation Failure) 177.915: [ParNew: 118016K->13056K(118016K), 0.0708717 secs] 11233385K->11165985K(25152768K), 0.0712017 secs] [Times: user=0.52 sys=0.03, real=0.07 secs] 
2014-04-09T12:30:49.476+0900: 178.066: [GC (Allocation Failure) 178.066: [ParNew: 111157K->11428K(118016K), 0.0490035 secs] 11264086K->11189488K(25152768K), 0.0493334 secs] [Times: user=0.59 sys=0.01, real=0.05 secs] 
2014-04-09T12:30:49.624+0900: 178.214: [CMS-concurrent-preclean: 1.427/3.194 secs] [Times: user=22.19 sys=0.78, real=3.19 secs] 
2014-04-09T12:30:49.624+0900: 178.214: [CMS-concurrent-abortable-preclean-start]
2014-04-09T12:30:49.647+0900: 178.237: [GC (Allocation Failure) 178.237: [ParNew: 116388K->13056K(118016K), 0.0722224 secs] 11294448K->11210456K(25152768K), 0.0725472 secs] [Times: user=0.66 sys=0.02, real=0.08 secs] 
2014-04-09T12:30:49.931+0900: 178.521: [CMS-concurrent-abortable-preclean: 0.222/0.307 secs] [Times: user=1.13 sys=0.05, real=0.31 secs] 
2014-04-09T12:30:49.932+0900: 178.522: [GC (Allocation Failure) 178.522: [ParNew: 117142K->13056K(118016K), 0.0648222 secs] 11314543K->11238603K(25152768K), 0.0651559 secs] [Times: user=0.55 sys=0.03, real=0.07 secs] 
2014-04-09T12:30:50.001+0900: 178.591: [GC (CMS Final Remark) [YG occupancy: 23226 K (118016 K)]178.591: [Rescan (parallel) , 0.0171664 secs]178.608: [weak refs processing, 0.0001267 secs]178.608: [class unloading, 0.0572862 secs]178.665: [scrub symbol table, 0.0043225 secs]178.670: [scrub string table, 0.0012508 secs][1 CMS-remark: 11225547K(25034752K)] 11248773K(25152768K), 0.0871048 secs] [Times: user=0.29 sys=0.00, real=0.09 secs] 
2014-04-09T12:30:50.088+0900: 178.678: [CMS-concurrent-sweep-start]
2014-04-09T12:30:50.262+0900: 178.852: [GC (Allocation Failure) 178.852: [ParNew: 118016K->13056K(118016K), 0.0419314 secs] 11286337K->11204840K(25152768K), 0.0422588 secs] [Times: user=0.48 sys=0.01, real=0.04 secs] 
2014-04-09T12:30:50.525+0900: 179.115: [GC (Allocation Failure) 179.115: [ParNew: 116665K->13056K(118016K), 0.0432264 secs] 11240270K->11152322K(25152768K), 0.0435628 secs] [Times: user=0.51 sys=0.00, real=0.05 secs] 
2014-04-09T12:30:50.688+0900: 179.278: [GC (Allocation Failure) 179.278: [ParNew: 118016K->13056K(118016K), 0.0437624 secs] 11213020K->11138458K(25152768K), 0.0440849 secs] [Times: user=0.44 sys=0.01, real=0.04 secs] 
2014-04-09T12:30:50.941+0900: 179.531: [GC (Allocation Failure) 179.532: [ParNew: 110265K->13027K(118016K), 0.0364390 secs] 11139899K->11046452K(25152768K), 0.0367676 secs] [Times: user=0.46 sys=0.00, real=0.04 secs] 
2014-04-09T12:30:51.036+0900: 179.626: [GC (Allocation Failure) 179.626: [ParNew: 117987K->13056K(118016K), 0.0596132 secs] 11127395K->11079654K(25152768K), 0.0599323 secs] [Times: user=0.72 sys=0.02, real=0.06 secs] 
2014-04-09T12:30:51.197+0900: 179.787: [GC (Allocation Failure) 179.787: [ParNew: 118016K->13056K(118016K), 0.0511653 secs] 11139940K->11060692K(25152768K), 0.0514923 secs] [Times: user=0.60 sys=0.00, real=0.06 secs] 
2014-04-09T12:30:51.380+0900: 179.970: [GC (Allocation Failure) 179.971: [ParNew: 113073K->13056K(118016K), 0.0497853 secs] 11094891K->11016905K(25152768K), 0.0501094 secs] [Times: user=0.56 sys=0.01, real=0.05 secs] 
2014-04-09T12:30:51.544+0900: 180.134: [GC (Allocation Failure) 180.134: [ParNew: 118014K->13056K(118016K), 0.0480411 secs] 11062867K->10996701K(25152768K), 0.0483727 secs] [Times: user=0.58 sys=0.01, real=0.05 secs] 
2014-04-09T12:30:51.745+0900: 180.335: [GC (Allocation Failure) 180.335: [ParNew: 118016K->13056K(118016K), 0.0361035 secs] 11029908K->10939672K(25152768K), 0.0364311 secs] [Times: user=0.43 sys=0.00, real=0.04 secs] 
2014-04-09T12:30:51.821+0900: 180.411: [GC (Allocation Failure) 180.411: [ParNew: 118016K->4679K(118016K), 0.0360421 secs] 11025765K->10923077K(25152768K), 0.0363654 secs] [Times: user=0.42 sys=0.00, real=0.04 secs] 
2014-04-09T12:30:51.898+0900: 180.488: [GC (Allocation Failure) 180.489: [ParNew: 109639K->779K(118016K), 0.0315303 secs] 11012834K->10903974K(25152768K), 0.0318581 secs] [Times: user=0.39 sys=0.01, real=0.03 secs] 
2014-04-09T12:30:51.974+0900: 180.564: [GC (Allocation Failure) 180.564: [ParNew: 105739K->584K(118016K), 0.0311234 secs] 10992017K->10886862K(25152768K), 0.0314484 secs] [Times: user=0.39 sys=0.00, real=0.03 secs] 
2014-04-09T12:30:52.047+0900: 180.637: [GC (Allocation Failure) 180.637: [ParNew: 105544K->146K(118016K), 0.0304699 secs] 10972183K->10866784K(25152768K), 0.0307982 secs] [Times: user=0.38 sys=0.00, real=0.04 secs] 
2014-04-09T12:30:52.119+0900: 180.709: [GC (Allocation Failure) 180.709: [ParNew: 105106K->36K(118016K), 0.0306359 secs] 10954412K->10849343K(25152768K), 0.0309550 secs] [Times: user=0.39 sys=0.00, real=0.03 secs] 
2014-04-09T12:30:52.189+0900: 180.779: [GC (Allocation Failure) 180.779: [ParNew: 104996K->26K(118016K), 0.0312956 secs] 10936937K->10831966K(25152768K), 0.0316163 secs] [Times: user=0.39 sys=0.00, real=0.03 secs] 
2014-04-09T12:30:52.257+0900: 180.847: [GC (Allocation Failure) 180.847: [ParNew: 104986K->26K(118016K), 0.0336319 secs] 10902812K->10797852K(25152768K), 0.0339529 secs] [Times: user=0.42 sys=0.01, real=0.04 secs] 
2014-04-09T12:30:52.329+0900: 180.919: [GC (Allocation Failure) 180.919: [ParNew: 104986K->26K(118016K), 0.0335156 secs] 10860090K->10755130K(25152768K), 0.0338334 secs] [Times: user=0.41 sys=0.00, real=0.03 secs] 
2014-04-09T12:30:52.433+0900: 181.023: [GC (Allocation Failure) 181.023: [ParNew: 104986K->26K(118016K), 0.0314613 secs] 10788272K->10683313K(25152768K), 0.0317851 secs] [Times: user=0.39 sys=0.01, real=0.03 secs] 
2014-04-09T12:30:52.487+0900: 181.077: [CMS-concurrent-sweep: 1.657/2.399 secs] [Times: user=14.12 sys=0.17, real=2.39 secs] 
2014-04-09T12:30:52.487+0900: 181.077: [CMS-concurrent-reset-start]
2014-04-09T12:30:52.557+0900: 181.147: [CMS-concurrent-reset: 0.070/0.070 secs] [Times: user=0.07 sys=0.00, real=0.07 secs] 
2014-04-09T12:30:54.558+0900: 183.148: [GC (CMS Initial Mark) [1 CMS-initial-mark: 10036437K(25034752K)] 10038734K(25152768K), 0.0023858 secs] [Times: user=0.01 sys=0.00, real=0.01 secs] 
2014-04-09T12:30:54.561+0900: 183.151: [CMS-concurrent-mark-start]
2014-04-09T12:30:56.219+0900: 184.809: [CMS-concurrent-mark: 1.658/1.658 secs] [Times: user=6.32 sys=0.11, real=1.66 secs] 
2014-04-09T12:30:56.219+0900: 184.809: [CMS-concurrent-preclean-start]
2014-04-09T12:30:56.293+0900: 184.883: [CMS-concurrent-preclean: 0.074/0.074 secs] [Times: user=0.08 sys=0.00, real=0.07 secs] 
2014-04-09T12:30:56.293+0900: 184.883: [CMS-concurrent-abortable-preclean-start]
 CMS: abort preclean due to time 2014-04-09T12:31:01.480+0900: 190.070: [CMS-concurrent-abortable-preclean: 2.955/5.187 secs] [Times: user=3.34 sys=0.01, real=5.19 secs] 
2014-04-09T12:31:01.482+0900: 190.072: [GC (CMS Final Remark) [YG occupancy: 3026 K (118016 K)]190.072: [Rescan (parallel) , 0.0167595 secs]190.089: [weak refs processing, 0.0000724 secs]190.089: [class unloading, 0.0422919 secs]190.131: [scrub symbol table, 0.0043208 secs]190.135: [scrub string table, 0.0012376 secs][1 CMS-remark: 10036437K(25034752K)] 10039464K(25152768K), 0.0715443 secs] [Times: user=0.26 sys=0.00, real=0.07 secs] 
2014-04-09T12:31:01.554+0900: 190.144: [CMS-concurrent-sweep-start]
2014-04-09T12:31:02.894+0900: 191.484: [CMS-concurrent-sweep: 1.334/1.340 secs] [Times: user=1.34 sys=0.01, real=1.34 secs] 
2014-04-09T12:31:02.895+0900: 191.485: [CMS-concurrent-reset-start]
2014-04-09T12:31:02.959+0900: 191.549: [CMS-concurrent-reset: 0.064/0.064 secs] [Times: user=0.06 sys=0.00, real=0.06 secs] 
2014-04-09T12:31:04.959+0900: 193.549: [GC (CMS Initial Mark) [1 CMS-initial-mark: 8712818K(25034752K)] 8715978K(25152768K), 0.0027640 secs] [Times: user=0.02 sys=0.01, real=0.00 secs] 
2014-04-09T12:31:04.963+0900: 193.553: [CMS-concurrent-mark-start]
2014-04-09T12:31:06.858+0900: 195.448: [CMS-concurrent-mark: 1.895/1.895 secs] [Times: user=7.07 sys=0.23, real=1.89 secs] 
2014-04-09T12:31:06.858+0900: 195.448: [CMS-concurrent-preclean-start]
2014-04-09T12:31:06.931+0900: 195.521: [CMS-concurrent-preclean: 0.074/0.074 secs] [Times: user=0.07 sys=0.00, real=0.08 secs] 
2014-04-09T12:31:06.931+0900: 195.521: [CMS-concurrent-abortable-preclean-start]
2014-04-09T12:31:08.155+0900: 196.745: [CMS-concurrent-abortable-preclean: 0.723/1.224 secs] [Times: user=1.08 sys=0.01, real=1.22 secs] 
2014-04-09T12:31:08.157+0900: 196.747: [GC (Allocation Failure) 196.747: [ParNew: 104986K->307K(118016K), 0.0337202 secs] 8817804K->8713125K(25152768K), 0.0340473 secs] [Times: user=0.41 sys=0.00, real=0.04 secs] 
2014-04-09T12:31:08.193+0900: 196.783: [GC (CMS Final Remark) [YG occupancy: 865 K (118016 K)]196.783: [Rescan (parallel) , 0.0167189 secs]196.800: [weak refs processing, 0.0000671 secs]196.800: [class unloading, 0.0425876 secs]196.843: [scrub symbol table, 0.0043229 secs]196.847: [scrub string table, 0.0012399 secs][1 CMS-remark: 8712818K(25034752K)] 8713683K(25152768K), 0.0717876 secs] [Times: user=0.25 sys=0.00, real=0.07 secs] 
2014-04-09T12:31:08.266+0900: 196.856: [CMS-concurrent-sweep-start]
2014-04-09T12:31:08.312+0900: 196.902: [GC (Allocation Failure) 196.902: [ParNew: 105267K->412K(118016K), 0.0340598 secs] 8818081K->8713226K(25152768K), 0.0343883 secs] [Times: user=0.42 sys=0.00, real=0.03 secs] 
2014-04-09T12:31:08.396+0900: 196.986: [GC (Allocation Failure) 196.987: [ParNew: 105372K->486K(118016K), 0.0335897 secs] 8818185K->8713299K(25152768K), 0.0339224 secs] [Times: user=0.41 sys=0.01, real=0.04 secs] 
2014-04-09T12:31:08.473+0900: 197.063: [GC (Allocation Failure) 197.063: [ParNew: 105446K->511K(118016K), 0.0342101 secs] 8818259K->8713324K(25152768K), 0.0345372 secs] [Times: user=0.42 sys=0.00, real=0.03 secs] 
2014-04-09T12:31:08.552+0900: 197.142: [GC (Allocation Failure) 197.142: [ParNew: 105471K->514K(118016K), 0.0341933 secs] 8818284K->8713327K(25152768K), 0.0345126 secs] [Times: user=0.42 sys=0.00, real=0.03 secs] 
2014-04-09T12:31:08.631+0900: 197.221: [GC (Allocation Failure) 197.221: [ParNew: 105474K->454K(118016K), 0.0359954 secs] 8818287K->8713267K(25152768K), 0.0363106 secs] [Times: user=0.44 sys=0.00, real=0.03 secs] 
2014-04-09T12:31:08.712+0900: 197.302: [GC (Allocation Failure) 197.302: [ParNew: 105414K->258K(118016K), 0.0334023 secs] 8818227K->8713360K(25152768K), 0.0336956 secs] [Times: user=0.42 sys=0.00, real=0.03 secs] 
2014-04-09T12:31:08.793+0900: 197.383: [GC (Allocation Failure) 197.383: [ParNew: 105218K->116K(118016K), 0.0329394 secs] 8818320K->8713219K(25152768K), 0.0332567 secs] [Times: user=0.41 sys=0.01, real=0.03 secs] 
2014-04-09T12:31:08.869+0900: 197.459: [GC (Allocation Failure) 197.460: [ParNew: 105076K->96K(118016K), 0.0363941 secs] 8818179K->8713218K(25152768K), 0.0366781 secs] [Times: user=0.46 sys=0.00, real=0.04 secs] 
2014-04-09T12:31:08.949+0900: 197.539: [GC (Allocation Failure) 197.539: [ParNew: 105056K->115K(118016K), 0.0338890 secs] 8818178K->8713238K(25152768K), 0.0341835 secs] [Times: user=0.42 sys=0.00, real=0.04 secs] 
2014-04-09T12:31:09.039+0900: 197.629: [GC (Allocation Failure) 197.630: [ParNew: 97320K->4525K(118016K), 0.0376469 secs] 8810443K->8717648K(25152768K), 0.0379540 secs] [Times: user=0.46 sys=0.02, real=0.04 secs] 
2014-04-09T12:31:09.124+0900: 197.714: [GC (Allocation Failure) 197.714: [ParNew: 109485K->8882K(118016K), 0.0329739 secs] 8822608K->8722005K(25152768K), 0.0332723 secs] [Times: user=0.42 sys=0.00, real=0.03 secs] 
2014-04-09T12:31:09.202+0900: 197.792: [GC (Allocation Failure) 197.792: [ParNew: 113842K->10167K(118016K), 0.0325661 secs] 8826965K->8723942K(25152768K), 0.0328565 secs] [Times: user=0.41 sys=0.00, real=0.03 secs] 
2014-04-09T12:31:09.273+0900: 197.863: [GC (Allocation Failure) 197.863: [ParNew: 115127K->10002K(118016K), 0.0366095 secs] 8828902K->8733938K(25152768K), 0.0369121 secs] [Times: user=0.46 sys=0.01, real=0.03 secs] 
2014-04-09T12:31:09.358+0900: 197.949: [GC (Allocation Failure) 197.949: [ParNew: 114962K->67K(118016K), 0.0345294 secs] 8838897K->8733988K(25152768K), 0.0348164 secs] [Times: user=0.42 sys=0.01, real=0.04 secs] 
2014-04-09T12:31:09.445+0900: 198.035: [GC (Allocation Failure) 198.035: [ParNew: 105027K->155K(118016K), 0.0330450 secs] 8838947K->8734076K(25152768K), 0.0333392 secs] [Times: user=0.41 sys=0.00, real=0.03 secs] 
2014-04-09T12:31:09.526+0900: 198.116: [GC (Allocation Failure) 198.116: [ParNew: 105115K->6892K(118016K), 0.0416203 secs] 8839036K->8749005K(25152768K), 0.0419147 secs] [Times: user=0.52 sys=0.00, real=0.04 secs] 
2014-04-09T12:31:09.621+0900: 198.211: [GC (Allocation Failure) 198.211: [ParNew: 111852K->10139K(118016K), 0.0432448 secs] 8853965K->8795474K(25152768K), 0.0435466 secs] [Times: user=0.54 sys=0.00, real=0.04 secs] 
2014-04-09T12:31:09.704+0900: 198.294: [GC (Allocation Failure) 198.294: [ParNew: 110272K->13055K(118016K), 0.0494303 secs] 8895608K->8846234K(25152768K), 0.0497280 secs] [Times: user=0.62 sys=0.00, real=0.05 secs] 
2014-04-09T12:31:09.792+0900: 198.382: [GC (Allocation Failure) 198.382: [ParNew: 118015K->13055K(118016K), 0.0422123 secs] 8951194K->8905643K(25152768K), 0.0424950 secs] [Times: user=0.52 sys=0.01, real=0.04 secs] 
2014-04-09T12:31:09.870+0900: 198.460: [GC (Allocation Failure) 198.460: [ParNew: 118015K->13056K(118016K), 0.0540911 secs] 9010602K->8978026K(25152768K), 0.0543754 secs] [Times: user=0.65 sys=0.01, real=0.06 secs] 
2014-04-09T12:31:09.954+0900: 198.544: [GC (Allocation Failure) 198.544: [ParNew: 118016K->13056K(118016K), 0.0551658 secs] 9082986K->9034937K(25152768K), 0.0554487 secs] [Times: user=0.64 sys=0.01, real=0.05 secs] 
2014-04-09T12:31:10.042+0900: 198.632: [GC (Allocation Failure) 198.633: [ParNew: 118016K->13056K(118016K), 0.0515137 secs] 9139897K->9075569K(25152768K), 0.0518004 secs] [Times: user=0.58 sys=0.02, real=0.05 secs] 
2014-04-09T12:31:10.143+0900: 198.733: [GC (Allocation Failure) 198.733: [ParNew: 118016K->13056K(118016K), 0.0531498 secs] 9180528K->9103933K(25152768K), 0.0534405 secs] [Times: user=0.59 sys=0.01, real=0.05 secs] 
2014-04-09T12:31:10.251+0900: 198.841: [GC (Allocation Failure) 198.841: [ParNew: 118016K->13056K(118016K), 0.0494579 secs] 9208893K->9129212K(25152768K), 0.0497509 secs] [Times: user=0.57 sys=0.00, real=0.05 secs] 
2014-04-09T12:31:10.363+0900: 198.953: [GC (Allocation Failure) 198.953: [ParNew: 114772K->11232K(118016K), 0.0442647 secs] 9230929K->9147868K(25152768K), 0.0445593 secs] [Times: user=0.56 sys=0.00, real=0.04 secs] 
2014-04-09T12:31:10.443+0900: 199.033: [GC (Allocation Failure) 199.033: [ParNew: 113870K->13056K(118016K), 0.0487822 secs] 9250506K->9189643K(25152768K), 0.0490662 secs] [Times: user=0.58 sys=0.00, real=0.05 secs] 
2014-04-09T12:31:10.525+0900: 199.115: [GC (Allocation Failure) 199.115: [ParNew: 109330K->6888K(118016K), 0.0504743 secs] 9285918K->9243068K(25152768K), 0.0507654 secs] [Times: user=0.63 sys=0.01, real=0.05 secs] 
2014-04-09T12:31:10.614+0900: 199.204: [GC (Allocation Failure) 199.204: [ParNew: 111848K->13056K(118016K), 0.0487439 secs] 9348028K->9304284K(25152768K), 0.0490270 secs] [Times: user=0.59 sys=0.00, real=0.05 secs] 
2014-04-09T12:31:10.700+0900: 199.290: [GC (Allocation Failure) 199.290: [ParNew: 118016K->13056K(118016K), 0.0506265 secs] 9409244K->9367549K(25152768K), 0.0509082 secs] [Times: user=0.60 sys=0.00, real=0.06 secs] 
2014-04-09T12:31:10.787+0900: 199.377: [GC (Allocation Failure) 199.377: [ParNew: 118016K->13056K(118016K), 0.0493709 secs] 9472508K->9409539K(25152768K), 0.0496532 secs] [Times: user=0.60 sys=0.00, real=0.05 secs] 
2014-04-09T12:31:10.867+0900: 199.457: [GC (Allocation Failure) 199.457: [ParNew: 109234K->13056K(118016K), 0.0484148 secs] 9505717K->9449327K(25152768K), 0.0487004 secs] [Times: user=0.58 sys=0.00, real=0.05 secs] 
2014-04-09T12:31:10.961+0900: 199.551: [GC (Allocation Failure) 199.551: [ParNew: 109103K->13056K(118016K), 0.0513626 secs] 9545375K->9486289K(25152768K), 0.0516443 secs] [Times: user=0.62 sys=0.01, real=0.05 secs] 
2014-04-09T12:31:11.058+0900: 199.648: [GC (Allocation Failure) 199.648: [ParNew: 118016K->13056K(118016K), 0.0542368 secs] 9591249K->9543645K(25152768K), 0.0545279 secs] [Times: user=0.62 sys=0.02, real=0.06 secs] 
2014-04-09T12:31:11.154+0900: 199.744: [GC (Allocation Failure) 199.744: [ParNew: 114317K->13056K(118016K), 0.0465936 secs] 9644907K->9582934K(25152768K), 0.0468790 secs] [Times: user=0.57 sys=0.00, real=0.05 secs] 
2014-04-09T12:31:11.233+0900: 199.823: [GC (Allocation Failure) 199.823: [ParNew: 118016K->13056K(118016K), 0.0444344 secs] 9687894K->9623235K(25152768K), 0.0447175 secs] [Times: user=0.55 sys=0.01, real=0.04 secs] 
2014-04-09T12:31:11.305+0900: 199.895: [GC (Allocation Failure) 199.895: [ParNew: 118016K->13056K(118016K), 0.0444951 secs] 9728195K->9663845K(25152768K), 0.0447771 secs] [Times: user=0.53 sys=0.01, real=0.04 secs] 
2014-04-09T12:31:11.391+0900: 199.981: [GC (Allocation Failure) 199.981: [ParNew: 118016K->13056K(118016K), 0.0423218 secs] 9768805K->9698199K(25152768K), 0.0426010 secs] [Times: user=0.51 sys=0.01, real=0.04 secs] 
2014-04-09T12:31:11.476+0900: 200.066: [GC (Allocation Failure) 200.066: [ParNew: 115101K->13056K(118016K), 0.0463530 secs] 9800244K->9745281K(25152768K), 0.0466351 secs] [Times: user=0.56 sys=0.01, real=0.05 secs] 
2014-04-09T12:31:11.560+0900: 200.150: [GC (Allocation Failure) 200.150: [ParNew: 114690K->13056K(118016K), 0.0479772 secs] 9846915K->9784954K(25152768K), 0.0482718 secs] [Times: user=0.59 sys=0.00, real=0.05 secs] 
2014-04-09T12:31:11.624+0900: 200.214: [CMS-concurrent-sweep: 1.581/3.358 secs] [Times: user=31.03 sys=0.47, real=3.36 secs] 
2014-04-09T12:31:11.624+0900: 200.214: [CMS-concurrent-reset-start]
2014-04-09T12:31:11.644+0900: 200.234: [GC (Allocation Failure) 200.234: [ParNew: 118016K->13056K(118016K), 0.0576838 secs] 9889914K->9856022K(25152768K), 0.0579638 secs] [Times: user=0.67 sys=0.01, real=0.06 secs] 
2014-04-09T12:31:11.734+0900: 200.324: [GC (Allocation Failure) 200.324: [ParNew: 115138K->13056K(118016K), 0.0447369 secs] 9958104K->9896664K(25152768K), 0.0450271 secs] [Times: user=0.54 sys=0.00, real=0.04 secs] 
2014-04-09T12:31:11.835+0900: 200.425: [CMS-concurrent-reset: 0.105/0.211 secs] [Times: user=1.82 sys=0.08, real=0.21 secs] 
2014-04-09T12:31:11.848+0900: 200.438: [GC (Allocation Failure) 200.438: [ParNew: 118016K->13056K(118016K), 0.0477323 secs] 10001624K->9932689K(25152768K), 0.0480108 secs] [Times: user=0.56 sys=0.01, real=0.05 secs] 
2014-04-09T12:31:11.897+0900: 200.487: [GC (CMS Initial Mark) [1 CMS-initial-mark: 9919633K(25034752K)] 9932871K(25152768K), 0.0015048 secs] [Times: user=0.01 sys=0.00, real=0.00 secs] 
2014-04-09T12:31:11.899+0900: 200.489: [CMS-concurrent-mark-start]
2014-04-09T12:31:11.964+0900: 200.554: [GC (Allocation Failure) 200.554: [ParNew: 118015K->13056K(118016K), 0.0501206 secs] 10037648K->9976282K(25152768K), 0.0504433 secs] [Times: user=0.60 sys=0.00, real=0.05 secs] 
2014-04-09T12:31:12.086+0900: 200.676: [GC (Allocation Failure) 200.676: [ParNew: 118016K->13056K(118016K), 0.0542088 secs] 10081242K->10009797K(25152768K), 0.0545124 secs] [Times: user=0.57 sys=0.00, real=0.05 secs] 
2014-04-09T12:31:12.274+0900: 200.864: [GC (Allocation Failure) 200.864: [ParNew: 110920K->13056K(118016K), 0.0383240 secs] 10107662K->10033829K(25152768K), 0.0386019 secs] [Times: user=0.44 sys=0.01, real=0.04 secs] 
2014-04-09T12:31:12.368+0900: 200.958: [GC (Allocation Failure) 200.958: [ParNew: 118016K->13056K(118016K), 0.0419651 secs] 10138789K->10073442K(25152768K), 0.0422635 secs] [Times: user=0.52 sys=0.00, real=0.04 secs] 
2014-04-09T12:31:12.518+0900: 201.108: [GC (Allocation Failure) 201.108: [ParNew: 118016K->13056K(118016K), 0.0596847 secs] 10178402K->10122843K(25152768K), 0.0599822 secs] [Times: user=0.60 sys=0.01, real=0.06 secs] 
2014-04-09T12:31:12.703+0900: 201.293: [GC (Allocation Failure) 201.294: [ParNew: 115993K->13056K(118016K), 0.0612720 secs] 10225781K->10146050K(25152768K), 0.0615770 secs] [Times: user=0.63 sys=0.01, real=0.06 secs] 
2014-04-09T12:31:12.835+0900: 201.425: [GC (Allocation Failure) 201.426: [ParNew: 118016K->9123K(118016K), 0.0415921 secs] 10251010K->10176771K(25152768K), 0.0418916 secs] [Times: user=0.51 sys=0.00, real=0.04 secs] 
2014-04-09T12:31:12.967+0900: 201.557: [GC (Allocation Failure) 201.558: [ParNew: 113214K->13056K(118016K), 0.0545021 secs] 10280862K->10232537K(25152768K), 0.0548021 secs] [Times: user=0.63 sys=0.01, real=0.06 secs] 
2014-04-09T12:31:13.067+0900: 201.657: [GC (Allocation Failure) 201.657: [ParNew: 118014K->13056K(118016K), 0.0701048 secs] 10337495K->10280248K(25152768K), 0.0703953 secs] [Times: user=0.68 sys=0.02, real=0.07 secs] 
2014-04-09T12:31:13.184+0900: 201.774: [GC (Allocation Failure) 201.774: [ParNew: 118016K->13056K(118016K), 0.0562039 secs] 10385208K->10347795K(25152768K), 0.0564970 secs] [Times: user=0.69 sys=0.01, real=0.05 secs] 
2014-04-09T12:31:13.285+0900: 201.875: [GC (Allocation Failure) 201.875: [ParNew: 118016K->13056K(118016K), 0.0671209 secs] 10452755K->10389202K(25152768K), 0.0674210 secs] [Times: user=0.66 sys=0.02, real=0.07 secs] 
2014-04-09T12:31:13.413+0900: 202.003: [GC (Allocation Failure) 202.004: [ParNew: 118016K->13056K(118016K), 0.0592170 secs] 10494162K->10413798K(25152768K), 0.0594955 secs] [Times: user=0.61 sys=0.03, real=0.06 secs] 
2014-04-09T12:31:13.546+0900: 202.136: [GC (Allocation Failure) 202.136: [ParNew: 117472K->13056K(118016K), 0.0515022 secs] 10518215K->10435338K(25152768K), 0.0517878 secs] [Times: user=0.61 sys=0.00, real=0.05 secs] 
2014-04-09T12:31:13.653+0900: 202.243: [GC (Allocation Failure) 202.243: [ParNew: 118016K->13056K(118016K), 0.0422020 secs] 10540298K->10468651K(25152768K), 0.0424808 secs] [Times: user=0.49 sys=0.02, real=0.04 secs] 
2014-04-09T12:31:13.743+0900: 202.333: [GC (Allocation Failure) 202.333: [ParNew: 118016K->13056K(118016K), 0.0474169 secs] 10573611K->10511099K(25152768K), 0.0477061 secs] [Times: user=0.57 sys=0.00, real=0.04 secs] 
2014-04-09T12:31:13.831+0900: 202.421: [GC (Allocation Failure) 202.421: [ParNew: 118016K->13056K(118016K), 0.0560239 secs] 10616059K->10550521K(25152768K), 0.0563050 secs] [Times: user=0.66 sys=0.01, real=0.06 secs] 
2014-04-09T12:31:13.940+0900: 202.530: [GC (Allocation Failure) 202.531: [ParNew: 118016K->13056K(118016K), 0.0767005 secs] 10655481K->10584294K(25152768K), 0.0769864 secs] [Times: user=0.70 sys=0.02, real=0.08 secs] 
2014-04-09T12:31:14.078+0900: 202.668: [GC (Allocation Failure) 202.668: [ParNew: 118016K->13056K(118016K), 0.0523738 secs] 10689254K->10634952K(25152768K), 0.0526569 secs] [Times: user=0.56 sys=0.01, real=0.05 secs] 
2014-04-09T12:31:14.186+0900: 202.776: [GC (Allocation Failure) 202.776: [ParNew: 115476K->13056K(118016K), 0.0445539 secs] 10737373K->10695815K(25152768K), 0.0448400 secs] [Times: user=0.55 sys=0.01, real=0.04 secs] 
2014-04-09T12:31:14.268+0900: 202.858: [GC (Allocation Failure) 202.858: [ParNew: 118016K->13056K(118016K), 0.0496162 secs] 10800775K->10743798K(25152768K), 0.0499068 secs] [Times: user=0.61 sys=0.00, real=0.05 secs] 
2014-04-09T12:31:14.384+0900: 202.974: [GC (Allocation Failure) 202.974: [ParNew: 118016K->13056K(118016K), 0.0754660 secs] 10848758K->10799577K(25152768K), 0.0757476 secs] [Times: user=0.70 sys=0.02, real=0.07 secs] 
2014-04-09T12:31:14.508+0900: 203.098: [GC (Allocation Failure) 203.098: [ParNew: 112926K->13056K(118016K), 0.0540506 secs] 10899447K->10843729K(25152768K), 0.0543403 secs] [Times: user=0.63 sys=0.01, real=0.06 secs] 
2014-04-09T12:31:14.601+0900: 203.191: [GC (Allocation Failure) 203.191: [ParNew: 118016K->13056K(118016K), 0.0491766 secs] 10948689K->10872497K(25152768K), 0.0494629 secs] [Times: user=0.60 sys=0.00, real=0.05 secs] 
2014-04-09T12:31:14.701+0900: 203.291: [GC (Allocation Failure) 203.291: [ParNew: 118016K->13056K(118016K), 0.0527309 secs] 10977457K->10919056K(25152768K), 0.0530182 secs] [Times: user=0.51 sys=0.01, real=0.06 secs] 
2014-04-09T12:31:14.819+0900: 203.409: [GC (Allocation Failure) 203.409: [ParNew: 118016K->13056K(118016K), 0.0635989 secs] 11024016K->10963496K(25152768K), 0.0638844 secs] [Times: user=0.59 sys=0.02, real=0.07 secs] 
2014-04-09T12:31:14.922+0900: 203.512: [GC (Allocation Failure) 203.512: [ParNew: 118016K->13056K(118016K), 0.0539949 secs] 11068456K->11019713K(25152768K), 0.0542816 secs] [Times: user=0.61 sys=0.01, real=0.05 secs] 
2014-04-09T12:31:15.026+0900: 203.616: [GC (Allocation Failure) 203.616: [ParNew: 118016K->13056K(118016K), 0.0485728 secs] 11124673K->11056881K(25152768K), 0.0488612 secs] [Times: user=0.60 sys=0.01, real=0.05 secs] 
2014-04-09T12:31:15.127+0900: 203.717: [GC (Allocation Failure) 203.717: [ParNew: 118016K->13056K(118016K), 0.0588869 secs] 11161841K->11098963K(25152768K), 0.0591747 secs] [Times: user=0.52 sys=0.02, real=0.06 secs] 
2014-04-09T12:31:15.290+0900: 203.880: [GC (Allocation Failure) 203.880: [ParNew: 118006K->13056K(118016K), 0.0418938 secs] 11203913K->11112598K(25152768K), 0.0421755 secs] [Times: user=0.52 sys=0.00, real=0.05 secs] 
2014-04-09T12:31:15.422+0900: 204.012: [GC (Allocation Failure) 204.012: [ParNew: 118016K->13056K(118016K), 0.0636763 secs] 11217558K->11160046K(25152768K), 0.0639628 secs] [Times: user=0.66 sys=0.01, real=0.06 secs] 
2014-04-09T12:31:15.507+0900: 204.097: [CMS-concurrent-mark: 1.915/3.608 secs] [Times: user=31.88 sys=0.94, real=3.61 secs] 
2014-04-09T12:31:15.507+0900: 204.097: [CMS-concurrent-preclean-start]
2014-04-09T12:31:15.540+0900: 204.130: [GC (Allocation Failure) 204.130: [ParNew: 118016K->13056K(118016K), 0.0543345 secs] 11265006K->11216080K(25152768K), 0.0546137 secs] [Times: user=0.48 sys=0.01, real=0.06 secs] 
2014-04-09T12:31:15.644+0900: 204.234: [GC (Allocation Failure) 204.234: [ParNew: 118016K->13056K(118016K), 0.0461519 secs] 11321040K->11257340K(25152768K), 0.0464350 secs] [Times: user=0.56 sys=0.01, real=0.04 secs] 
2014-04-09T12:31:15.743+0900: 204.333: [GC (Allocation Failure) 204.333: [ParNew: 118016K->13056K(118016K), 0.0680244 secs] 11362300K->11300822K(25152768K), 0.0683108 secs] [Times: user=0.66 sys=0.03, real=0.07 secs] 
2014-04-09T12:31:15.878+0900: 204.468: [GC (Allocation Failure) 204.468: [ParNew: 118016K->13056K(118016K), 0.0604231 secs] 11405782K->11329626K(25152768K), 0.0607040 secs] [Times: user=0.61 sys=0.03, real=0.06 secs] 
2014-04-09T12:31:16.000+0900: 204.590: [GC (Allocation Failure) 204.590: [ParNew: 112142K->13056K(118016K), 0.0651445 secs] 11428713K->11362198K(25152768K), 0.0654256 secs] [Times: user=0.62 sys=0.02, real=0.07 secs] 
2014-04-09T12:31:16.128+0900: 204.718: [GC (Allocation Failure) 204.718: [ParNew: 118016K->13056K(118016K), 0.0580428 secs] 11467158K->11407986K(25152768K), 0.0583333 secs] [Times: user=0.65 sys=0.03, real=0.06 secs] 
2014-04-09T12:31:16.265+0900: 204.855: [GC (Allocation Failure) 204.855: [ParNew: 118016K->13056K(118016K), 0.0644173 secs] 11512946K->11454544K(25152768K), 0.0647036 secs] [Times: user=0.59 sys=0.03, real=0.06 secs] 
2014-04-09T12:31:16.376+0900: 204.966: [GC (Allocation Failure) 204.966: [ParNew: 118016K->13056K(118016K), 0.0422987 secs] 11559504K->11492142K(25152768K), 0.0425798 secs] [Times: user=0.48 sys=0.01, real=0.04 secs] 
2014-04-09T12:31:16.469+0900: 205.059: [GC (Allocation Failure) 205.059: [ParNew: 118014K->13056K(118016K), 0.0574685 secs] 11597100K->11554046K(25152768K), 0.0577488 secs] [Times: user=0.65 sys=0.02, real=0.06 secs] 
2014-04-09T12:31:16.565+0900: 205.155: [GC (Allocation Failure) 205.155: [ParNew: 112789K->13056K(118016K), 0.0568992 secs] 11653780K->11602356K(25152768K), 0.0571806 secs] [Times: user=0.52 sys=0.02, real=0.06 secs] 
2014-04-09T12:31:16.668+0900: 205.258: [GC (Allocation Failure) 205.258: [ParNew: 118016K->13056K(118016K), 0.0705817 secs] 11707316K->11646901K(25152768K), 0.0708621 secs] [Times: user=0.72 sys=0.02, real=0.07 secs] 
2014-04-09T12:31:16.781+0900: 205.371: [GC (Allocation Failure) 205.371: [ParNew: 118016K->13056K(118016K), 0.0580754 secs] 11751861K->11692985K(25152768K), 0.0583635 secs] [Times: user=0.68 sys=0.02, real=0.06 secs] 
2014-04-09T12:31:16.889+0900: 205.479: [GC (Allocation Failure) 205.479: [ParNew: 118016K->13056K(118016K), 0.0851103 secs] 11797945K->11732853K(25152768K), 0.0854036 secs] [Times: user=0.58 sys=0.04, real=0.09 secs] 
2014-04-09T12:31:17.029+0900: 205.619: [GC (Allocation Failure) 205.620: [ParNew: 118016K->13056K(118016K), 0.0641838 secs] 11837813K->11762918K(25152768K), 0.0644685 secs] [Times: user=0.55 sys=0.04, real=0.07 secs] 
2014-04-09T12:31:17.132+0900: 205.722: [GC (Allocation Failure) 205.722: [ParNew: 118016K->13056K(118016K), 0.0638890 secs] 11867878K->11802167K(25152768K), 0.0641701 secs] [Times: user=0.60 sys=0.04, real=0.06 secs] 
2014-04-09T12:31:17.250+0900: 205.840: [GC (Allocation Failure) 205.840: [ParNew: 118016K->13051K(118016K), 0.0398347 secs] 11907127K->11812835K(25152768K), 0.0401144 secs] [Times: user=0.50 sys=0.01, real=0.04 secs] 
2014-04-09T12:31:17.343+0900: 205.933: [GC (Allocation Failure) 205.933: [ParNew: 118011K->13056K(118016K), 0.0607703 secs] 11917795K->11865688K(25152768K), 0.0610548 secs] [Times: user=0.64 sys=0.02, real=0.06 secs] 
2014-04-09T12:31:17.456+0900: 206.046: [GC (Allocation Failure) 206.046: [ParNew: 112144K->13056K(118016K), 0.0690784 secs] 11964777K->11918539K(25152768K), 0.0693640 secs] [Times: user=0.67 sys=0.03, real=0.07 secs] 
2014-04-09T12:31:17.557+0900: 206.147: [GC (Allocation Failure) 206.147: [ParNew: 117999K->13056K(118016K), 0.0614195 secs] 12023483K->11971509K(25152768K), 0.0617090 secs] [Times: user=0.67 sys=0.02, real=0.06 secs] 
2014-04-09T12:31:17.648+0900: 206.238: [GC (Allocation Failure) 206.238: [ParNew: 118016K->13055K(118016K), 0.0513498 secs] 12076469K->12010392K(25152768K), 0.0516327 secs] [Times: user=0.63 sys=0.01, real=0.05 secs] 
2014-04-09T12:31:17.778+0900: 206.368: [GC (Allocation Failure) 206.368: [ParNew: 118015K->13056K(118016K), 0.0651264 secs] 12115352K->12044898K(25152768K), 0.0654114 secs] [Times: user=0.48 sys=0.02, real=0.07 secs] 
2014-04-09T12:31:17.896+0900: 206.486: [GC (Allocation Failure) 206.486: [ParNew: 113219K->13056K(118016K), 0.0517683 secs] 12145062K->12073641K(25152768K), 0.0520478 secs] [Times: user=0.59 sys=0.02, real=0.05 secs] 
2014-04-09T12:31:18.010+0900: 206.600: [GC (Allocation Failure) 206.600: [ParNew: 118016K->13056K(118016K), 0.0546149 secs] 12178601K->12114782K(25152768K), 0.0548960 secs] [Times: user=0.64 sys=0.02, real=0.06 secs] 
2014-04-09T12:31:18.150+0900: 206.740: [GC (Allocation Failure) 206.741: [ParNew: 118016K->13056K(118016K), 0.0846476 secs] 12219742K->12148176K(25152768K), 0.0849312 secs] [Times: user=0.66 sys=0.04, real=0.09 secs] 
2014-04-09T12:31:18.279+0900: 206.869: [GC (Allocation Failure) 206.869: [ParNew: 118016K->13056K(118016K), 0.0654418 secs] 12253136K->12208477K(25152768K), 0.0657285 secs] [Times: user=0.70 sys=0.04, real=0.07 secs] 
2014-04-09T12:31:18.394+0900: 206.985: [GC (Allocation Failure) 206.985: [ParNew: 118016K->13056K(118016K), 0.0774882 secs] 12313437K->12257785K(25152768K), 0.0777694 secs] [Times: user=0.70 sys=0.03, real=0.08 secs] 
2014-04-09T12:31:18.508+0900: 207.098: [GC (Allocation Failure) 207.098: [ParNew: 117426K->13056K(118016K), 0.0558479 secs] 12362155K->12309379K(25152768K), 0.0561296 secs] [Times: user=0.52 sys=0.02, real=0.06 secs] 
2014-04-09T12:31:18.602+0900: 207.192: [GC (Allocation Failure) 207.192: [ParNew: 113827K->13056K(118016K), 0.0569398 secs] 12410151K->12354182K(25152768K), 0.0572307 secs] [Times: user=0.54 sys=0.02, real=0.05 secs] 
2014-04-09T12:31:18.695+0900: 207.285: [GC (Allocation Failure) 207.285: [ParNew: 117358K->13056K(118016K), 0.0701246 secs] 12458484K->12401530K(25152768K), 0.0703988 secs] [Times: user=0.70 sys=0.03, real=0.07 secs] 
2014-04-09T12:31:18.806+0900: 207.396: [GC (Allocation Failure) 207.396: [ParNew: 118016K->13056K(118016K), 0.0539803 secs] 12506490K->12438534K(25152768K), 0.0542708 secs] [Times: user=0.60 sys=0.01, real=0.05 secs] 
2014-04-09T12:31:18.911+0900: 207.501: [GC (Allocation Failure) 207.501: [ParNew: 118016K->13056K(118016K), 0.0695800 secs] 12543494K->12468165K(25152768K), 0.0698663 secs] [Times: user=0.64 sys=0.02, real=0.07 secs] 
2014-04-09T12:31:19.039+0900: 207.629: [GC (Allocation Failure) 207.629: [ParNew: 118016K->13056K(118016K), 0.0652710 secs] 12573125K->12499605K(25152768K), 0.0655645 secs] [Times: user=0.62 sys=0.04, real=0.07 secs] 
2014-04-09T12:31:19.194+0900: 207.784: [GC (Allocation Failure) 207.784: [ParNew: 118007K->13056K(118016K), 0.0466704 secs] 12604556K->12506430K(25152768K), 0.0469536 secs] [Times: user=0.56 sys=0.00, real=0.04 secs] 
2014-04-09T12:31:19.312+0900: 207.902: [GC (Allocation Failure) 207.902: [ParNew: 118016K->9066K(118016K), 0.0428421 secs] 12611390K->12551206K(25152768K), 0.0431434 secs] [Times: user=0.51 sys=0.02, real=0.04 secs] 
2014-04-09T12:31:19.419+0900: 208.009: [GC (Allocation Failure) 208.009: [ParNew: 112479K->13056K(118016K), 0.0707090 secs] 12654619K->12610477K(25152768K), 0.0709930 secs] [Times: user=0.70 sys=0.01, real=0.07 secs] 
2014-04-09T12:31:19.543+0900: 208.133: [GC (Allocation Failure) 208.134: [ParNew: 118016K->13056K(118016K), 0.0529583 secs] 12715437K->12657680K(25152768K), 0.0532429 secs] [Times: user=0.57 sys=0.02, real=0.05 secs] 
2014-04-09T12:31:19.678+0900: 208.268: [GC (Allocation Failure) 208.268: [ParNew: 118016K->13056K(118016K), 0.0913396 secs] 12762640K->12689562K(25152768K), 0.0916244 secs] [Times: user=0.55 sys=0.06, real=0.09 secs] 
2014-04-09T12:31:19.900+0900: 208.490: [CMS-concurrent-preclean: 1.884/4.393 secs] [Times: user=32.73 sys=1.37, real=4.39 secs] 
2014-04-09T12:31:19.902+0900: 208.492: [GC (Allocation Failure) 208.492: [ParNew: 118016K->13056K(118016K), 0.0572343 secs] 12794522K->12702842K(25152768K), 0.0575030 secs] [Times: user=0.58 sys=0.02, real=0.06 secs] 
2014-04-09T12:31:19.960+0900: 208.550: [GC (CMS Final Remark) [YG occupancy: 13323 K (118016 K)]208.550: [Rescan (parallel) , 0.0222185 secs]208.573: [weak refs processing, 0.0001301 secs]208.573: [class unloading, 0.0425017 secs]208.615: [scrub symbol table, 0.0043186 secs]208.620: [scrub string table, 0.0012365 secs][1 CMS-remark: 12689786K(25034752K)] 12703110K(25152768K), 0.0772999 secs] [Times: user=0.34 sys=0.00, real=0.08 secs] 
2014-04-09T12:31:20.038+0900: 208.628: [CMS-concurrent-sweep-start]
2014-04-09T12:31:20.132+0900: 208.722: [GC (Allocation Failure) 208.722: [ParNew: 110522K->13056K(118016K), 0.0356290 secs] 12769987K->12684967K(25152768K), 0.0359136 secs] [Times: user=0.44 sys=0.01, real=0.04 secs] 
2014-04-09T12:31:20.228+0900: 208.819: [GC (Allocation Failure) 208.819: [ParNew: 118014K->13056K(118016K), 0.0496824 secs] 12751812K->12692608K(25152768K), 0.0499614 secs] [Times: user=0.60 sys=0.02, real=0.05 secs] 
2014-04-09T12:31:20.314+0900: 208.904: [GC (Allocation Failure) 208.904: [ParNew: 118015K->13056K(118016K), 0.0523154 secs] 12774249K->12719382K(25152768K), 0.0526063 secs] [Times: user=0.63 sys=0.01, real=0.05 secs] 
2014-04-09T12:31:20.428+0900: 209.018: [GC (Allocation Failure) 209.018: [ParNew: 118016K->13056K(118016K), 0.0596628 secs] 12789279K->12742014K(25152768K), 0.0599430 secs] [Times: user=0.64 sys=0.02, real=0.06 secs] 
2014-04-09T12:31:20.565+0900: 209.155: [GC (Allocation Failure) 209.155: [ParNew: 118016K->13056K(118016K), 0.0471468 secs] 12794461K->12709523K(25152768K), 0.0474291 secs] [Times: user=0.56 sys=0.01, real=0.04 secs] 
2014-04-09T12:31:20.682+0900: 209.272: [GC (Allocation Failure) 209.272: [ParNew: 118016K->13056K(118016K), 0.0513397 secs] 12769297K->12691737K(25152768K), 0.0516305 secs] [Times: user=0.61 sys=0.00, real=0.06 secs] 
2014-04-09T12:31:20.890+0900: 209.480: [GC (Allocation Failure) 209.481: [ParNew: 109726K->13056K(118016K), 0.0423402 secs] 12673769K->12600178K(25152768K), 0.0426224 secs] [Times: user=0.51 sys=0.01, real=0.05 secs] 
2014-04-09T12:31:21.114+0900: 209.704: [GC (Allocation Failure) 209.704: [ParNew: 115618K->13056K(118016K), 0.0472747 secs] 12564891K->12489166K(25152768K), 0.0475478 secs] [Times: user=0.55 sys=0.01, real=0.04 secs] 
2014-04-09T12:31:21.236+0900: 209.826: [GC (Allocation Failure) 209.826: [ParNew: 118016K->13056K(118016K), 0.0382243 secs] 12534161K->12439525K(25152768K), 0.0385025 secs] [Times: user=0.46 sys=0.00, real=0.04 secs] 
2014-04-09T12:31:21.319+0900: 209.909: [GC (Allocation Failure) 209.910: [ParNew: 118016K->3917K(118016K), 0.0311899 secs] 12510912K->12402407K(25152768K), 0.0314570 secs] [Times: user=0.39 sys=0.00, real=0.03 secs] 
2014-04-09T12:31:21.394+0900: 209.984: [GC (Allocation Failure) 209.984: [ParNew: 108877K->979K(118016K), 0.0298556 secs] 12479006K->12371107K(25152768K), 0.0301230 secs] [Times: user=0.37 sys=0.00, real=0.03 secs] 
2014-04-09T12:31:21.467+0900: 210.057: [GC (Allocation Failure) 210.057: [ParNew: 105939K->245K(118016K), 0.0328391 secs] 12446527K->12340833K(25152768K), 0.0331149 secs] [Times: user=0.41 sys=0.01, real=0.03 secs] 
2014-04-09T12:31:21.541+0900: 210.131: [GC (Allocation Failure) 210.131: [ParNew: 105205K->61K(118016K), 0.0310043 secs] 12417069K->12311925K(25152768K), 0.0312678 secs] [Times: user=0.39 sys=0.00, real=0.04 secs] 
2014-04-09T12:31:21.611+0900: 210.201: [GC (Allocation Failure) 210.202: [ParNew: 105021K->26K(118016K), 0.0315493 secs] 12389508K->12284512K(25152768K), 0.0318127 secs] [Times: user=0.39 sys=0.01, real=0.04 secs] 
2014-04-09T12:31:21.682+0900: 210.272: [GC (Allocation Failure) 210.272: [ParNew: 104986K->24K(118016K), 0.0310265 secs] 12364772K->12259810K(25152768K), 0.0312889 secs] [Times: user=0.40 sys=0.00, real=0.03 secs] 
2014-04-09T12:31:21.757+0900: 210.347: [GC (Allocation Failure) 210.347: [ParNew: 104984K->24K(118016K), 0.0333097 secs] 12337199K->12232240K(25152768K), 0.0336012 secs] [Times: user=0.42 sys=0.00, real=0.03 secs] 
2014-04-09T12:31:21.832+0900: 210.422: [GC (Allocation Failure) 210.422: [ParNew: 104984K->26K(118016K), 0.0302060 secs] 12310070K->12205112K(25152768K), 0.0304875 secs] [Times: user=0.38 sys=0.00, real=0.04 secs] 
2014-04-09T12:31:22.516+0900: 211.106: [CMS-concurrent-sweep: 1.765/2.478 secs] [Times: user=13.83 sys=0.22, real=2.48 secs] 
2014-04-09T12:31:22.516+0900: 211.106: [CMS-concurrent-reset-start]
2014-04-09T12:31:22.594+0900: 211.184: [CMS-concurrent-reset: 0.078/0.078 secs] [Times: user=0.08 sys=0.00, real=0.08 secs] 
2014-04-09T12:31:24.595+0900: 213.185: [GC (CMS Initial Mark) [1 CMS-initial-mark: 10843362K(25034752K)] 10909783K(25152768K), 0.0119799 secs] [Times: user=0.13 sys=0.00, real=0.01 secs] 
2014-04-09T12:31:24.608+0900: 213.198: [CMS-concurrent-mark-start]
2014-04-09T12:31:26.355+0900: 214.945: [CMS-concurrent-mark: 1.747/1.747 secs] [Times: user=6.64 sys=0.16, real=1.75 secs] 
2014-04-09T12:31:26.355+0900: 214.945: [CMS-concurrent-preclean-start]
2014-04-09T12:31:26.427+0900: 215.017: [CMS-concurrent-preclean: 0.072/0.072 secs] [Times: user=0.07 sys=0.00, real=0.07 secs] 
2014-04-09T12:31:26.427+0900: 215.017: [CMS-concurrent-abortable-preclean-start]
 CMS: abort preclean due to time 2014-04-09T12:31:31.491+0900: 220.081: [CMS-concurrent-abortable-preclean: 2.861/5.064 secs] [Times: user=2.89 sys=0.00, real=5.06 secs] 
2014-04-09T12:31:31.493+0900: 220.083: [GC (CMS Final Remark) [YG occupancy: 66700 K (118016 K)]220.083: [Rescan (parallel) , 0.0244024 secs]220.108: [weak refs processing, 0.0000895 secs]220.108: [class unloading, 0.0425537 secs]220.151: [scrub symbol table, 0.0043235 secs]220.155: [scrub string table, 0.0012342 secs][1 CMS-remark: 10843362K(25034752K)] 10910063K(25152768K), 0.0795097 secs] [Times: user=0.35 sys=0.00, real=0.07 secs] 
2014-04-09T12:31:31.574+0900: 220.164: [CMS-concurrent-sweep-start]
2014-04-09T12:31:33.007+0900: 221.597: [CMS-concurrent-sweep: 1.433/1.433 secs] [Times: user=1.44 sys=0.00, real=1.43 secs] 
2014-04-09T12:31:33.007+0900: 221.597: [CMS-concurrent-reset-start]
2014-04-09T12:31:33.085+0900: 221.675: [CMS-concurrent-reset: 0.078/0.078 secs] [Times: user=0.08 sys=0.00, real=0.08 secs] 
2014-04-09T12:31:35.086+0900: 223.676: [GC (CMS Initial Mark) [1 CMS-initial-mark: 8715675K(25034752K)] 8782566K(25152768K), 0.0121064 secs] [Times: user=0.14 sys=0.00, real=0.01 secs] 
2014-04-09T12:31:35.099+0900: 223.689: [CMS-concurrent-mark-start]
2014-04-09T12:31:36.832+0900: 225.422: [CMS-concurrent-mark: 1.733/1.733 secs] [Times: user=6.59 sys=0.15, real=1.73 secs] 
2014-04-09T12:31:36.832+0900: 225.422: [CMS-concurrent-preclean-start]
2014-04-09T12:31:36.904+0900: 225.494: [CMS-concurrent-preclean: 0.072/0.072 secs] [Times: user=0.07 sys=0.00, real=0.07 secs] 
2014-04-09T12:31:36.905+0900: 225.494: [CMS-concurrent-abortable-preclean-start]
2014-04-09T12:31:38.757+0900: 227.347: [GC (Allocation Failure) 227.347: [ParNew: 104986K->256K(118016K), 0.0313451 secs] 8820661K->8715932K(25152768K), 0.0316359 secs] [Times: user=0.39 sys=0.00, real=0.03 secs] 
2014-04-09T12:31:38.843+0900: 227.433: [GC (Allocation Failure) 227.433: [ParNew: 105216K->332K(118016K), 0.0314964 secs] 8820892K->8716008K(25152768K), 0.0317800 secs] [Times: user=0.39 sys=0.00, real=0.04 secs] 
2014-04-09T12:31:38.949+0900: 227.539: [GC (Allocation Failure) 227.539: [ParNew: 105292K->399K(118016K), 0.0319084 secs] 8820968K->8716074K(25152768K), 0.0321948 secs] [Times: user=0.41 sys=0.00, real=0.03 secs] 
2014-04-09T12:31:39.106+0900: 227.696: [GC (Allocation Failure) 227.697: [ParNew: 105359K->418K(118016K), 0.0358349 secs] 8821034K->8716094K(25152768K), 0.0361162 secs] [Times: user=0.44 sys=0.00, real=0.03 secs] 
2014-04-09T12:31:39.265+0900: 227.855: [GC (Allocation Failure) 227.855: [ParNew: 105378K->365K(118016K), 0.0329746 secs] 8821054K->8716041K(25152768K), 0.0332492 secs] [Times: user=0.41 sys=0.00, real=0.03 secs] 
2014-04-09T12:31:39.413+0900: 228.003: [CMS-concurrent-abortable-preclean: 1.524/2.509 secs] [Times: user=5.02 sys=0.02, real=2.50 secs] 
2014-04-09T12:31:39.415+0900: 228.005: [GC (Allocation Failure) 228.005: [ParNew: 105325K->398K(118016K), 0.0343924 secs] 8821001K->8716074K(25152768K), 0.0346296 secs] [Times: user=0.42 sys=0.01, real=0.03 secs] 
2014-04-09T12:31:39.452+0900: 228.042: [GC (CMS Final Remark) [YG occupancy: 835 K (118016 K)]228.042: [Rescan (parallel) , 0.0147314 secs]228.057: [weak refs processing, 0.0000623 secs]228.057: [class unloading, 0.0400984 secs]228.097: [scrub symbol table, 0.0040816 secs]228.101: [scrub string table, 0.0011723 secs][1 CMS-remark: 8715675K(25034752K)] 8716511K(25152768K), 0.0665812 secs] [Times: user=0.22 sys=0.00, real=0.07 secs] 
2014-04-09T12:31:39.519+0900: 228.109: [CMS-concurrent-sweep-start]
2014-04-09T12:31:39.566+0900: 228.156: [GC (Allocation Failure) 228.156: [ParNew: 105358K->220K(118016K), 0.0322258 secs] 8821027K->8716122K(25152768K), 0.0324786 secs] [Times: user=0.40 sys=0.00, real=0.03 secs] 
2014-04-09T12:31:39.646+0900: 228.236: [GC (Allocation Failure) 228.236: [ParNew: 105180K->63K(118016K), 0.0312873 secs] 8821082K->8715966K(25152768K), 0.0315396 secs] [Times: user=0.38 sys=0.01, real=0.03 secs] 
2014-04-09T12:31:39.727+0900: 228.317: [GC (Allocation Failure) 228.317: [ParNew: 105023K->56K(118016K), 0.0321982 secs] 8820926K->8715974K(25152768K), 0.0324574 secs] [Times: user=0.39 sys=0.01, real=0.03 secs] 
2014-04-09T12:31:39.817+0900: 228.407: [GC (Allocation Failure) 228.407: [ParNew: 105016K->62K(118016K), 0.0299123 secs] 8820934K->8715980K(25152768K), 0.0301778 secs] [Times: user=0.38 sys=0.00, real=0.03 secs] 
2014-04-09T12:31:39.910+0900: 228.500: [GC (Allocation Failure) 228.500: [ParNew: 105022K->56K(118016K), 0.0316028 secs] 8820940K->8715974K(25152768K), 0.0318611 secs] [Times: user=0.39 sys=0.00, real=0.03 secs] 
2014-04-09T12:31:39.998+0900: 228.588: [GC (Allocation Failure) 228.588: [ParNew: 105016K->60K(118016K), 0.0318630 secs] 8820934K->8715980K(25152768K), 0.0321197 secs] [Times: user=0.40 sys=0.00, real=0.03 secs] 
2014-04-09T12:31:40.086+0900: 228.676: [GC (Allocation Failure) 228.676: [ParNew: 105020K->52K(118016K), 0.0351138 secs] 8820939K->8715971K(25152768K), 0.0353679 secs] [Times: user=0.44 sys=0.00, real=0.03 secs] 
2014-04-09T12:31:40.176+0900: 228.766: [GC (Allocation Failure) 228.767: [ParNew: 105012K->53K(118016K), 0.0313411 secs] 8820931K->8715972K(25152768K), 0.0316003 secs] [Times: user=0.39 sys=0.00, real=0.03 secs] 
2014-04-09T12:31:40.263+0900: 228.853: [GC (Allocation Failure) 228.853: [ParNew: 105013K->32K(118016K), 0.0317461 secs] 8820932K->8715984K(25152768K), 0.0320034 secs] [Times: user=0.38 sys=0.01, real=0.03 secs] 
2014-04-09T12:31:40.349+0900: 228.939: [GC (Allocation Failure) 228.939: [ParNew: 104992K->113K(118016K), 0.0301999 secs] 8820943K->8716065K(25152768K), 0.0304610 secs] [Times: user=0.37 sys=0.01, real=0.03 secs] 
2014-04-09T12:31:40.428+0900: 229.018: [GC (Allocation Failure) 229.018: [ParNew: 105073K->8702K(118016K), 0.0304452 secs] 8821025K->8724654K(25152768K), 0.0307105 secs] [Times: user=0.38 sys=0.00, real=0.03 secs] 
2014-04-09T12:31:40.506+0900: 229.096: [GC (Allocation Failure) 229.096: [ParNew: 104231K->11273K(118016K), 0.0343902 secs] 8820183K->8735606K(25152768K), 0.0346469 secs] [Times: user=0.44 sys=0.00, real=0.03 secs] 
2014-04-09T12:31:40.577+0900: 229.167: [GC (Allocation Failure) 229.167: [ParNew: 116233K->11052K(118016K), 0.0425276 secs] 8840566K->8756389K(25152768K), 0.0427974 secs] [Times: user=0.53 sys=0.01, real=0.04 secs] 
2014-04-09T12:31:40.662+0900: 229.252: [GC (Allocation Failure) 229.252: [ParNew: 116012K->13055K(118016K), 0.0483566 secs] 8861349K->8810420K(25152768K), 0.0486121 secs] [Times: user=0.59 sys=0.00, real=0.05 secs] 
2014-04-09T12:31:40.756+0900: 229.346: [GC (Allocation Failure) 229.347: [ParNew: 110453K->13056K(118016K), 0.0494703 secs] 8907817K->8862527K(25152768K), 0.0497358 secs] [Times: user=0.60 sys=0.00, real=0.05 secs] 
2014-04-09T12:31:40.851+0900: 229.441: [GC (Allocation Failure) 229.441: [ParNew: 117999K->13056K(118016K), 0.0463508 secs] 8967471K->8931419K(25152768K), 0.0466156 secs] [Times: user=0.52 sys=0.01, real=0.05 secs] 
2014-04-09T12:31:40.926+0900: 229.516: [GC (Allocation Failure) 229.516: [ParNew: 118016K->13056K(118016K), 0.0506622 secs] 9036379K->8985665K(25152768K), 0.0509273 secs] [Times: user=0.64 sys=0.00, real=0.05 secs] 
2014-04-09T12:31:41.011+0900: 229.601: [GC (Allocation Failure) 229.601: [ParNew: 118016K->13056K(118016K), 0.0420024 secs] 9090625K->9022103K(25152768K), 0.0422678 secs] [Times: user=0.50 sys=0.01, real=0.04 secs] 
2014-04-09T12:31:41.103+0900: 229.693: [GC (Allocation Failure) 229.693: [ParNew: 118016K->13056K(118016K), 0.0556899 secs] 9127063K->9061179K(25152768K), 0.0559503 secs] [Times: user=0.58 sys=0.02, real=0.06 secs] 
2014-04-09T12:31:41.211+0900: 229.801: [GC (Allocation Failure) 229.801: [ParNew: 115740K->13056K(118016K), 0.0558531 secs] 9163863K->9090734K(25152768K), 0.0561178 secs] [Times: user=0.60 sys=0.01, real=0.06 secs] 
2014-04-09T12:31:41.304+0900: 229.894: [GC (Allocation Failure) 229.894: [ParNew: 110002K->13056K(118016K), 0.0416646 secs] 9187680K->9105856K(25152768K), 0.0419284 secs] [Times: user=0.52 sys=0.00, real=0.05 secs] 
2014-04-09T12:31:41.396+0900: 229.986: [GC (Allocation Failure) 229.986: [ParNew: 118016K->13056K(118016K), 0.0384767 secs] 9210816K->9141977K(25152768K), 0.0387475 secs] [Times: user=0.47 sys=0.01, real=0.03 secs] 
2014-04-09T12:31:41.483+0900: 230.073: [GC (Allocation Failure) 230.073: [ParNew: 118016K->13056K(118016K), 0.0482321 secs] 9246937K->9161447K(25152768K), 0.0484955 secs] [Times: user=0.53 sys=0.00, real=0.05 secs] 
2014-04-09T12:31:41.572+0900: 230.162: [GC (Allocation Failure) 230.162: [ParNew: 118016K->13056K(118016K), 0.0485190 secs] 9266407K->9196547K(25152768K), 0.0487824 secs] [Times: user=0.61 sys=0.00, real=0.05 secs] 
2014-04-09T12:31:41.674+0900: 230.264: [GC (Allocation Failure) 230.264: [ParNew: 111309K->13056K(118016K), 0.0485712 secs] 9294801K->9243757K(25152768K), 0.0488322 secs] [Times: user=0.59 sys=0.00, real=0.05 secs] 
2014-04-09T12:31:41.761+0900: 230.351: [GC (Allocation Failure) 230.351: [ParNew: 111076K->13056K(118016K), 0.0465073 secs] 9341777K->9295721K(25152768K), 0.0467697 secs] [Times: user=0.57 sys=0.00, real=0.05 secs] 
2014-04-09T12:31:41.855+0900: 230.445: [GC (Allocation Failure) 230.445: [ParNew: 118015K->13056K(118016K), 0.0500848 secs] 9400681K->9355972K(25152768K), 0.0503606 secs] [Times: user=0.61 sys=0.01, real=0.05 secs] 
2014-04-09T12:31:41.947+0900: 230.537: [GC (Allocation Failure) 230.537: [ParNew: 118016K->13056K(118016K), 0.0528375 secs] 9460932K->9406381K(25152768K), 0.0530987 secs] [Times: user=0.65 sys=0.01, real=0.05 secs] 
2014-04-09T12:31:42.052+0900: 230.642: [GC (Allocation Failure) 230.642: [ParNew: 118016K->13056K(118016K), 0.0410232 secs] 9511341K->9436164K(25152768K), 0.0412834 secs] [Times: user=0.50 sys=0.01, real=0.04 secs] 
2014-04-09T12:31:42.153+0900: 230.743: [GC (Allocation Failure) 230.743: [ParNew: 118016K->13056K(118016K), 0.0518078 secs] 9541124K->9467528K(25152768K), 0.0520617 secs] [Times: user=0.59 sys=0.00, real=0.05 secs] 
2014-04-09T12:31:42.278+0900: 230.868: [GC (Allocation Failure) 230.868: [ParNew: 118016K->10506K(118016K), 0.0430619 secs] 9572488K->9484490K(25152768K), 0.0433097 secs] [Times: user=0.51 sys=0.01, real=0.04 secs] 
2014-04-09T12:31:42.363+0900: 230.953: [GC (Allocation Failure) 230.953: [ParNew: 114741K->6953K(118016K), 0.0409343 secs] 9588725K->9519611K(25152768K), 0.0411863 secs] [Times: user=0.52 sys=0.00, real=0.04 secs] 
2014-04-09T12:31:42.462+0900: 231.052: [GC (Allocation Failure) 231.052: [ParNew: 111913K->13056K(118016K), 0.0460367 secs] 9624571K->9561229K(25152768K), 0.0462876 secs] [Times: user=0.55 sys=0.01, real=0.05 secs] 
2014-04-09T12:31:42.554+0900: 231.144: [GC (Allocation Failure) 231.144: [ParNew: 113200K->13056K(118016K), 0.0469238 secs] 9661374K->9594303K(25152768K), 0.0471733 secs] [Times: user=0.57 sys=0.00, real=0.05 secs] 
2014-04-09T12:31:42.663+0900: 231.253: [GC (Allocation Failure) 231.253: [ParNew: 118016K->13056K(118016K), 0.0464612 secs] 9699263K->9633169K(25152768K), 0.0467095 secs] [Times: user=0.54 sys=0.00, real=0.05 secs] 
2014-04-09T12:31:42.749+0900: 231.339: [CMS-concurrent-sweep: 1.690/3.229 secs] [Times: user=27.76 sys=0.45, real=3.23 secs] 
2014-04-09T12:31:42.749+0900: 231.339: [CMS-concurrent-reset-start]
2014-04-09T12:31:42.757+0900: 231.347: [GC (Allocation Failure) 231.347: [ParNew: 118016K->13056K(118016K), 0.0514262 secs] 9738129K->9671261K(25152768K), 0.0516935 secs] [Times: user=0.64 sys=0.00, real=0.05 secs] 
2014-04-09T12:31:42.889+0900: 231.479: [GC (Allocation Failure) 231.479: [ParNew: 118016K->13056K(118016K), 0.0446971 secs] 9776221K->9694184K(25152768K), 0.0449657 secs] [Times: user=0.54 sys=0.00, real=0.04 secs] 
2014-04-09T12:31:42.941+0900: 231.531: [CMS-concurrent-reset: 0.092/0.192 secs] [Times: user=1.55 sys=0.02, real=0.19 secs] 
2014-04-09T12:31:43.009+0900: 231.599: [GC (Allocation Failure) 231.599: [ParNew: 116660K->13056K(118016K), 0.0439995 secs] 9797788K->9720417K(25152768K), 0.0442479 secs] [Times: user=0.52 sys=0.00, real=0.04 secs] 
2014-04-09T12:31:43.055+0900: 231.645: [GC (CMS Initial Mark) [1 CMS-initial-mark: 9707361K(25034752K)] 9724229K(25152768K), 0.0016423 secs] [Times: user=0.01 sys=0.00, real=0.01 secs] 
2014-04-09T12:31:43.057+0900: 231.647: [CMS-concurrent-mark-start]
2014-04-09T12:31:43.160+0900: 231.750: [GC (Allocation Failure) 231.750: [ParNew: 110756K->13056K(118016K), 0.0388056 secs] 9818117K->9732363K(25152768K), 0.0390609 secs] [Times: user=0.48 sys=0.00, real=0.04 secs] 
2014-04-09T12:31:43.262+0900: 231.852: [GC (Allocation Failure) 231.852: [ParNew: 118016K->13056K(118016K), 0.0470614 secs] 9837323K->9762201K(25152768K), 0.0473068 secs] [Times: user=0.60 sys=0.00, real=0.05 secs] 
2014-04-09T12:31:43.391+0900: 231.981: [GC (Allocation Failure) 231.981: [ParNew: 113950K->13056K(118016K), 0.0528774 secs] 9863096K->9810013K(25152768K), 0.0531273 secs] [Times: user=0.62 sys=0.01, real=0.05 secs] 
2014-04-09T12:31:43.494+0900: 232.084: [GC (Allocation Failure) 232.084: [ParNew: 118016K->13056K(118016K), 0.0501365 secs] 9914973K->9841557K(25152768K), 0.0503924 secs] [Times: user=0.61 sys=0.01, real=0.05 secs] 
2014-04-09T12:31:43.615+0900: 232.205: [GC (Allocation Failure) 232.205: [ParNew: 118016K->13056K(118016K), 0.0565676 secs] 9946517K->9875814K(25152768K), 0.0568100 secs] [Times: user=0.67 sys=0.01, real=0.06 secs] 
2014-04-09T12:31:43.759+0900: 232.349: [GC (Allocation Failure) 232.349: [ParNew: 118016K->13056K(118016K), 0.0517863 secs] 9980774K->9906644K(25152768K), 0.0520294 secs] [Times: user=0.61 sys=0.01, real=0.05 secs] 
2014-04-09T12:31:43.880+0900: 232.470: [GC (Allocation Failure) 232.470: [ParNew: 118016K->13056K(118016K), 0.0443986 secs] 10011604K->9933159K(25152768K), 0.0446390 secs] [Times: user=0.53 sys=0.01, real=0.04 secs] 
2014-04-09T12:31:44.025+0900: 232.615: [GC (Allocation Failure) 232.615: [ParNew: 116354K->13056K(118016K), 0.0433164 secs] 10036458K->9951964K(25152768K), 0.0435602 secs] [Times: user=0.54 sys=0.01, real=0.05 secs] 
2014-04-09T12:31:44.151+0900: 232.741: [GC (Allocation Failure) 232.741: [ParNew: 110158K->13056K(118016K), 0.0471069 secs] 10049067K->9980902K(25152768K), 0.0473479 secs] [Times: user=0.58 sys=0.00, real=0.05 secs] 
2014-04-09T12:31:44.365+0900: 232.955: [GC (Allocation Failure) 232.955: [ParNew: 118016K->13056K(118016K), 0.0502573 secs] 10085862K->10008171K(25152768K), 0.0505099 secs] [Times: user=0.61 sys=0.01, real=0.06 secs] 
2014-04-09T12:31:44.509+0900: 233.099: [GC (Allocation Failure) 233.099: [ParNew: 108690K->13056K(118016K), 0.0461426 secs] 10103805K->10038627K(25152768K), 0.0463884 secs] [Times: user=0.46 sys=0.01, real=0.04 secs] 
2014-04-09T12:31:44.622+0900: 233.212: [GC (Allocation Failure) 233.212: [ParNew: 118016K->13056K(118016K), 0.0487908 secs] 10143587K->10065979K(25152768K), 0.0490315 secs] [Times: user=0.61 sys=0.00, real=0.05 secs] 
2014-04-09T12:31:44.786+0900: 233.376: [GC (Allocation Failure) 233.376: [ParNew: 116790K->13056K(118016K), 0.0461154 secs] 10169713K->10087705K(25152768K), 0.0463574 secs] [Times: user=0.54 sys=0.00, real=0.04 secs] 
2014-04-09T12:31:44.894+0900: 233.484: [GC (Allocation Failure) 233.484: [ParNew: 114960K->13056K(118016K), 0.0529815 secs] 10189609K->10153566K(25152768K), 0.0532320 secs] [Times: user=0.64 sys=0.00, real=0.06 secs] 
2014-04-09T12:31:44.982+0900: 233.572: [GC (Allocation Failure) 233.572: [ParNew: 118016K->13056K(118016K), 0.0463101 secs] 10258526K->10186548K(25152768K), 0.0465714 secs] [Times: user=0.56 sys=0.01, real=0.05 secs] 
2014-04-09T12:31:45.080+0900: 233.670: [GC (Allocation Failure) 233.670: [ParNew: 118016K->13056K(118016K), 0.0619142 secs] 10291508K->10227250K(25152768K), 0.0621683 secs] [Times: user=0.64 sys=0.02, real=0.06 secs] 
2014-04-09T12:31:45.223+0900: 233.813: [GC (Allocation Failure) 233.813: [ParNew: 118016K->13056K(118016K), 0.0497057 secs] 10332210K->10252842K(25152768K), 0.0499586 secs] [Times: user=0.59 sys=0.01, real=0.05 secs] 
2014-04-09T12:31:45.334+0900: 233.924: [GC (Allocation Failure) 233.924: [ParNew: 118016K->13056K(118016K), 0.0458508 secs] 10357802K->10263940K(25152768K), 0.0460937 secs] [Times: user=0.56 sys=0.00, real=0.05 secs] 
2014-04-09T12:31:45.429+0900: 234.019: [GC (Allocation Failure) 234.019: [ParNew: 117994K->8826K(118016K), 0.0494323 secs] 10368879K->10309557K(25152768K), 0.0496796 secs] [Times: user=0.61 sys=0.01, real=0.05 secs] 
2014-04-09T12:31:45.526+0900: 234.116: [GC (Allocation Failure) 234.116: [ParNew: 104008K->13056K(118016K), 0.0562619 secs] 10404739K->10354838K(25152768K), 0.0565071 secs] [Times: user=0.63 sys=0.01, real=0.05 secs] 
2014-04-09T12:31:45.629+0900: 234.219: [GC (Allocation Failure) 234.219: [ParNew: 118016K->13056K(118016K), 0.0491480 secs] 10459798K->10397779K(25152768K), 0.0493926 secs] [Times: user=0.60 sys=0.00, real=0.05 secs] 
2014-04-09T12:31:45.757+0900: 234.347: [GC (Allocation Failure) 234.347: [ParNew: 118016K->13055K(118016K), 0.0428062 secs] 10502739K->10406876K(25152768K), 0.0430454 secs] [Times: user=0.41 sys=0.00, real=0.04 secs] 
2014-04-09T12:31:45.885+0900: 234.475: [GC (Allocation Failure) 234.475: [ParNew: 117998K->13056K(118016K), 0.0516965 secs] 10511819K->10440612K(25152768K), 0.0519386 secs] [Times: user=0.55 sys=0.02, real=0.06 secs] 
2014-04-09T12:31:45.977+0900: 234.567: [GC (Allocation Failure) 234.567: [ParNew: 111794K->13056K(118016K), 0.0459431 secs] 10539350K->10491162K(25152768K), 0.0461855 secs] [Times: user=0.51 sys=0.01, real=0.04 secs] 
2014-04-09T12:31:46.058+0900: 234.648: [GC (Allocation Failure) 234.648: [ParNew: 118016K->13056K(118016K), 0.0482309 secs] 10596122K->10542727K(25152768K), 0.0484711 secs] [Times: user=0.57 sys=0.01, real=0.05 secs] 
2014-04-09T12:31:46.150+0900: 234.740: [GC (Allocation Failure) 234.740: [ParNew: 118016K->13056K(118016K), 0.0497012 secs] 10647687K->10581327K(25152768K), 0.0499378 secs] [Times: user=0.48 sys=0.01, real=0.05 secs] 
2014-04-09T12:31:46.258+0900: 234.847: [CMS-concurrent-mark: 1.887/3.201 secs] [Times: user=27.37 sys=0.64, real=3.20 secs] 
2014-04-09T12:31:46.258+0900: 234.848: [CMS-concurrent-preclean-start]
2014-04-09T12:31:46.260+0900: 234.850: [GC (Allocation Failure) 234.850: [ParNew: 118016K->13056K(118016K), 0.0531048 secs] 10686287K->10609063K(25152768K), 0.0533232 secs] [Times: user=0.62 sys=0.01, real=0.05 secs] 
2014-04-09T12:31:46.366+0900: 234.956: [GC (Allocation Failure) 234.956: [ParNew: 118016K->13056K(118016K), 0.0515754 secs] 10714023K->10625729K(25152768K), 0.0518226 secs] [Times: user=0.58 sys=0.01, real=0.06 secs] 
2014-04-09T12:31:46.453+0900: 235.043: [GC (Allocation Failure) 235.043: [ParNew: 118016K->13056K(118016K), 0.0444015 secs] 10730689K->10666817K(25152768K), 0.0446429 secs] [Times: user=0.55 sys=0.00, real=0.05 secs] 
2014-04-09T12:31:46.540+0900: 235.130: [GC (Allocation Failure) 235.130: [ParNew: 110619K->13056K(118016K), 0.0594883 secs] 10764381K->10711037K(25152768K), 0.0597283 secs] [Times: user=0.53 sys=0.01, real=0.06 secs] 
2014-04-09T12:31:46.637+0900: 235.227: [GC (Allocation Failure) 235.227: [ParNew: 118016K->13056K(118016K), 0.0502679 secs] 10815997K->10774248K(25152768K), 0.0505162 secs] [Times: user=0.60 sys=0.01, real=0.05 secs] 
2014-04-09T12:31:46.731+0900: 235.321: [GC (Allocation Failure) 235.321: [ParNew: 118016K->13056K(118016K), 0.0521968 secs] 10879208K->10823695K(25152768K), 0.0524369 secs] [Times: user=0.68 sys=0.00, real=0.05 secs] 
2014-04-09T12:31:46.820+0900: 235.410: [GC (Allocation Failure) 235.410: [ParNew: 118016K->13056K(118016K), 0.0466572 secs] 10928655K->10859001K(25152768K), 0.0469046 secs] [Times: user=0.57 sys=0.00, real=0.05 secs] 
2014-04-09T12:31:46.916+0900: 235.506: [GC (Allocation Failure) 235.506: [ParNew: 118016K->13056K(118016K), 0.0539599 secs] 10963961K->10908210K(25152768K), 0.0542156 secs] [Times: user=0.66 sys=0.00, real=0.06 secs] 
2014-04-09T12:31:47.038+0900: 235.628: [GC (Allocation Failure) 235.628: [ParNew: 118016K->13056K(118016K), 0.0527400 secs] 11013170K->10945849K(25152768K), 0.0529818 secs] [Times: user=0.59 sys=0.01, real=0.05 secs] 
2014-04-09T12:31:47.137+0900: 235.727: [GC (Allocation Failure) 235.727: [ParNew: 118016K->9437K(118016K), 0.0397151 secs] 11050809K->10965361K(25152768K), 0.0399621 secs] [Times: user=0.49 sys=0.01, real=0.04 secs] 
2014-04-09T12:31:47.249+0900: 235.839: [GC (Allocation Failure) 235.839: [ParNew: 114397K->13056K(118016K), 0.0508779 secs] 11070321K->10985757K(25152768K), 0.0511192 secs] [Times: user=0.43 sys=0.02, real=0.05 secs] 
2014-04-09T12:31:47.389+0900: 235.979: [GC (Allocation Failure) 235.980: [ParNew: 118016K->13056K(118016K), 0.0482795 secs] 11090717K->11010005K(25152768K), 0.0485239 secs] [Times: user=0.59 sys=0.00, real=0.05 secs] 
2014-04-09T12:31:47.478+0900: 236.068: [GC (Allocation Failure) 236.068: [ParNew: 112935K->13056K(118016K), 0.0505487 secs] 11109885K->11066515K(25152768K), 0.0507946 secs] [Times: user=0.63 sys=0.00, real=0.05 secs] 
2014-04-09T12:31:47.592+0900: 236.182: [GC (Allocation Failure) 236.182: [ParNew: 118014K->13056K(118016K), 0.0568832 secs] 11171473K->11115798K(25152768K), 0.0571296 secs] [Times: user=0.49 sys=0.01, real=0.06 secs] 
2014-04-09T12:31:47.697+0900: 236.287: [GC (Allocation Failure) 236.287: [ParNew: 110268K->13056K(118016K), 0.0502953 secs] 11213011K->11149577K(25152768K), 0.0505419 secs] [Times: user=0.59 sys=0.02, real=0.05 secs] 
2014-04-09T12:31:47.811+0900: 236.401: [GC (Allocation Failure) 236.401: [ParNew: 116662K->13056K(118016K), 0.0536347 secs] 11253184K->11186335K(25152768K), 0.0538848 secs] [Times: user=0.61 sys=0.01, real=0.05 secs] 
2014-04-09T12:31:47.914+0900: 236.504: [GC (Allocation Failure) 236.504: [ParNew: 118016K->13056K(118016K), 0.0463651 secs] 11291295K->11233859K(25152768K), 0.0466218 secs] [Times: user=0.50 sys=0.02, real=0.05 secs] 
2014-04-09T12:31:48.013+0900: 236.603: [GC (Allocation Failure) 236.604: [ParNew: 118016K->13056K(118016K), 0.0581952 secs] 11338819K->11267400K(25152768K), 0.0584464 secs] [Times: user=0.64 sys=0.01, real=0.06 secs] 
2014-04-09T12:31:48.125+0900: 236.715: [GC (Allocation Failure) 236.716: [ParNew: 117134K->13056K(118016K), 0.0520100 secs] 11371479K->11290107K(25152768K), 0.0522536 secs] [Times: user=0.48 sys=0.03, real=0.06 secs] 
2014-04-09T12:31:48.244+0900: 236.834: [GC (Allocation Failure) 236.834: [ParNew: 115354K->13056K(118016K), 0.0500778 secs] 11392405K->11320051K(25152768K), 0.0503230 secs] [Times: user=0.61 sys=0.01, real=0.05 secs] 
2014-04-09T12:31:48.322+0900: 236.912: [GC (Allocation Failure) 236.913: [ParNew: 109545K->13056K(118016K), 0.0521466 secs] 11416540K->11366038K(25152768K), 0.0523912 secs] [Times: user=0.65 sys=0.01, real=0.05 secs] 
2014-04-09T12:31:48.452+0900: 237.042: [GC (Allocation Failure) 237.042: [ParNew: 118015K->13054K(118016K), 0.0528771 secs] 11470998K->11416163K(25152768K), 0.0531231 secs] [Times: user=0.61 sys=0.01, real=0.05 secs] 
2014-04-09T12:31:48.568+0900: 237.158: [GC (Allocation Failure) 237.158: [ParNew: 118013K->13056K(118016K), 0.0490764 secs] 11521122K->11469859K(25152768K), 0.0493298 secs] [Times: user=0.62 sys=0.00, real=0.05 secs] 
2014-04-09T12:31:48.662+0900: 237.252: [GC (Allocation Failure) 237.252: [ParNew: 118016K->13056K(118016K), 0.0536859 secs] 11574819K->11518397K(25152768K), 0.0539331 secs] [Times: user=0.60 sys=0.02, real=0.05 secs] 
2014-04-09T12:31:48.792+0900: 237.382: [GC (Allocation Failure) 237.382: [ParNew: 118016K->13056K(118016K), 0.0584899 secs] 11623357K->11544592K(25152768K), 0.0587365 secs] [Times: user=0.53 sys=0.01, real=0.06 secs] 
2014-04-09T12:31:48.929+0900: 237.519: [GC (Allocation Failure) 237.519: [ParNew: 118016K->13056K(118016K), 0.0494626 secs] 11649552K->11567817K(25152768K), 0.0497076 secs] [Times: user=0.58 sys=0.01, real=0.05 secs] 
2014-04-09T12:31:49.029+0900: 237.619: [GC (Allocation Failure) 237.619: [ParNew: 109830K->8582K(118016K), 0.0366002 secs] 11664592K->11600050K(25152768K), 0.0368603 secs] [Times: user=0.46 sys=0.00, real=0.03 secs] 
2014-04-09T12:31:49.112+0900: 237.702: [GC (Allocation Failure) 237.702: [ParNew: 113542K->13056K(118016K), 0.0542600 secs] 11705010K->11664596K(25152768K), 0.0545010 secs] [Times: user=0.63 sys=0.01, real=0.05 secs] 
2014-04-09T12:31:49.196+0900: 237.786: [GC (Allocation Failure) 237.786: [ParNew: 118016K->13056K(118016K), 0.0510823 secs] 11769556K->11714479K(25152768K), 0.0513235 secs] [Times: user=0.56 sys=0.02, real=0.06 secs] 
2014-04-09T12:31:49.295+0900: 237.885: [GC (Allocation Failure) 237.885: [ParNew: 118016K->13056K(118016K), 0.0537492 secs] 11819439K->11759682K(25152768K), 0.0540007 secs] [Times: user=0.63 sys=0.01, real=0.06 secs] 
2014-04-09T12:31:49.405+0900: 237.995: [GC (Allocation Failure) 237.995: [ParNew: 118016K->13056K(118016K), 0.0681378 secs] 11864642K->11785809K(25152768K), 0.0683830 secs] [Times: user=0.53 sys=0.02, real=0.07 secs] 
2014-04-09T12:31:49.550+0900: 238.140: [GC (Allocation Failure) 238.140: [ParNew: 115612K->9916K(118016K), 0.0491516 secs] 11888365K->11811067K(25152768K), 0.0494122 secs] [Times: user=0.58 sys=0.01, real=0.05 secs] 
2014-04-09T12:31:49.644+0900: 238.234: [GC (Allocation Failure) 238.234: [ParNew: 114876K->13056K(118016K), 0.0487665 secs] 11916027K->11862961K(25152768K), 0.0490217 secs] [Times: user=0.62 sys=0.00, real=0.05 secs] 
2014-04-09T12:31:49.746+0900: 238.336: [GC (Allocation Failure) 238.337: [ParNew: 115272K->13056K(118016K), 0.0601236 secs] 11965177K->11905666K(25152768K), 0.0603666 secs] [Times: user=0.60 sys=0.01, real=0.06 secs] 
2014-04-09T12:31:49.862+0900: 238.452: [GC (Allocation Failure) 238.452: [ParNew: 118016K->13056K(118016K), 0.0539419 secs] 12010626K->11978911K(25152768K), 0.0541884 secs] [Times: user=0.64 sys=0.01, real=0.05 secs] 
2014-04-09T12:31:49.959+0900: 238.549: [GC (Allocation Failure) 238.549: [ParNew: 118016K->13054K(118016K), 0.0594675 secs] 12083871K->12024679K(25152768K), 0.0597109 secs] [Times: user=0.67 sys=0.01, real=0.06 secs] 
2014-04-09T12:31:50.095+0900: 238.685: [GC (Allocation Failure) 238.685: [ParNew: 112183K->13056K(118016K), 0.0809935 secs] 12123808K->12061325K(25152768K), 0.0812425 secs] [Times: user=0.87 sys=0.01, real=0.08 secs] 
2014-04-09T12:31:50.305+0900: 238.895: [CMS-concurrent-preclean: 1.797/4.047 secs] [Times: user=31.61 sys=0.76, real=4.04 secs] 
2014-04-09T12:31:50.306+0900: 238.896: [GC (Allocation Failure) 238.896: [ParNew: 118016K->12799K(118016K), 0.0552547 secs] 12166285K->12086163K(25152768K), 0.0554885 secs] [Times: user=0.68 sys=0.01, real=0.06 secs] 
2014-04-09T12:31:50.362+0900: 238.952: [CMS-concurrent-abortable-preclean-start]
2014-04-09T12:31:50.408+0900: 238.998: [GC (Allocation Failure) 238.999: [ParNew: 116626K->13056K(118016K), 0.0519325 secs] 12189990K->12121214K(25152768K), 0.0521773 secs] [Times: user=0.61 sys=0.00, real=0.05 secs] 
2014-04-09T12:31:50.525+0900: 239.115: [GC (Allocation Failure) 239.115: [ParNew: 118016K->13056K(118016K), 0.0729673 secs] 12226174K->12171935K(25152768K), 0.0732147 secs] [Times: user=0.67 sys=0.02, real=0.08 secs] 
2014-04-09T12:31:50.652+0900: 239.242: [GC (Allocation Failure) 239.242: [ParNew: 118015K->13056K(118016K), 0.0738539 secs] 12276895K->12214569K(25152768K), 0.0741166 secs] [Times: user=0.79 sys=0.02, real=0.08 secs] 
2014-04-09T12:31:50.848+0900: 239.438: [GC (Allocation Failure) 239.438: [ParNew: 118016K->13056K(118016K), 0.0889771 secs] 12319529K->12246424K(25152768K), 0.0892218 secs] [Times: user=1.07 sys=0.01, real=0.09 secs] 
2014-04-09T12:31:51.033+0900: 239.623: [CMS-concurrent-abortable-preclean: 0.356/0.671 secs] [Times: user=4.51 sys=0.10, real=0.67 secs] 
2014-04-09T12:31:51.034+0900: 239.624: [GC (Allocation Failure) 239.624: [ParNew: 117191K->13056K(118016K), 0.0603827 secs] 12350559K->12277780K(25152768K), 0.0606108 secs] [Times: user=0.52 sys=0.01, real=0.06 secs] 
2014-04-09T12:31:51.097+0900: 239.687: [GC (CMS Final Remark) [YG occupancy: 21357 K (118016 K)]239.687: [Rescan (parallel) , 0.0273130 secs]239.715: [weak refs processing, 0.0001362 secs]239.715: [class unloading, 0.0427753 secs]239.758: [scrub symbol table, 0.0043147 secs]239.762: [scrub string table, 0.0012361 secs][1 CMS-remark: 12264724K(25034752K)] 12286081K(25152768K), 0.0827485 secs] [Times: user=0.40 sys=0.00, real=0.08 secs] 
2014-04-09T12:31:51.180+0900: 239.770: [CMS-concurrent-sweep-start]
2014-04-09T12:31:51.262+0900: 239.852: [GC (Allocation Failure) 239.853: [ParNew: 118016K->13056K(118016K), 0.0453151 secs] 12344489K->12275265K(25152768K), 0.0455628 secs] [Times: user=0.55 sys=0.01, real=0.05 secs] 
2014-04-09T12:31:51.442+0900: 240.032: [GC (Allocation Failure) 240.032: [ParNew: 117511K->12130K(118016K), 0.0433231 secs] 12305542K->12220483K(25152768K), 0.0435700 secs] [Times: user=0.54 sys=0.00, real=0.04 secs] 
2014-04-09T12:31:51.577+0900: 240.167: [GC (Allocation Failure) 240.167: [ParNew: 116487K->13056K(118016K), 0.0496408 secs] 12274333K->12210057K(25152768K), 0.0498903 secs] [Times: user=0.58 sys=0.00, real=0.05 secs] 
2014-04-09T12:31:51.810+0900: 240.400: [GC (Allocation Failure) 240.400: [ParNew: 118016K->13056K(118016K), 0.0723242 secs] 12206437K->12134440K(25152768K), 0.0725652 secs] [Times: user=0.85 sys=0.00, real=0.07 secs] 
2014-04-09T12:31:51.986+0900: 240.576: [GC (Allocation Failure) 240.576: [ParNew: 118015K->13056K(118016K), 0.0543432 secs] 12175884K->12112829K(25152768K), 0.0545859 secs] [Times: user=0.64 sys=0.00, real=0.06 secs] 
2014-04-09T12:31:52.104+0900: 240.694: [GC (Allocation Failure) 240.694: [ParNew: 118016K->13056K(118016K), 0.0443411 secs] 12177360K->12113932K(25152768K), 0.0445813 secs] [Times: user=0.55 sys=0.00, real=0.05 secs] 
2014-04-09T12:31:52.225+0900: 240.815: [GC (Allocation Failure) 240.815: [ParNew: 118016K->13056K(118016K), 0.0526700 secs] 12162957K->12112269K(25152768K), 0.0529106 secs] [Times: user=0.59 sys=0.00, real=0.06 secs] 
2014-04-09T12:31:52.398+0900: 240.988: [GC (Allocation Failure) 240.988: [ParNew: 110469K->13056K(118016K), 0.0426811 secs] 12106202K->12022819K(25152768K), 0.0429252 secs] [Times: user=0.51 sys=0.01, real=0.04 secs] 
2014-04-09T12:31:52.534+0900: 241.124: [GC (Allocation Failure) 241.124: [ParNew: 114572K->13056K(118016K), 0.0410129 secs] 12054089K->11984298K(25152768K), 0.0412453 secs] [Times: user=0.50 sys=0.00, real=0.04 secs] 
2014-04-09T12:31:52.658+0900: 241.248: [GC (Allocation Failure) 241.248: [ParNew: 118016K->13055K(118016K), 0.0455152 secs] 12031203K->11971611K(25152768K), 0.0457484 secs] [Times: user=0.57 sys=0.00, real=0.04 secs] 
2014-04-09T12:31:52.816+0900: 241.406: [GC (Allocation Failure) 241.406: [ParNew: 118015K->13056K(118016K), 0.0496285 secs] 12001173K->11922595K(25152768K), 0.0498560 secs] [Times: user=0.58 sys=0.00, real=0.05 secs] 
2014-04-09T12:31:52.977+0900: 241.567: [GC (Allocation Failure) 241.567: [ParNew: 118016K->13056K(118016K), 0.0462666 secs] 11943945K->11872344K(25152768K), 0.0464935 secs] [Times: user=0.55 sys=0.00, real=0.05 secs] 
2014-04-09T12:31:53.107+0900: 241.697: [GC (Allocation Failure) 241.697: [ParNew: 118016K->13056K(118016K), 0.0425723 secs] 11917445K->11855335K(25152768K), 0.0427999 secs] [Times: user=0.52 sys=0.01, real=0.04 secs] 
2014-04-09T12:31:53.219+0900: 241.809: [GC (Allocation Failure) 241.810: [ParNew: 118015K->13056K(118016K), 0.0485569 secs] 11904323K->11841306K(25152768K), 0.0487808 secs] [Times: user=0.59 sys=0.00, real=0.05 secs] 
2014-04-09T12:31:53.395+0900: 241.985: [GC (Allocation Failure) 241.985: [ParNew: 118016K->12413K(118016K), 0.0412687 secs] 11832070K->11744846K(25152768K), 0.0414915 secs] [Times: user=0.51 sys=0.00, real=0.04 secs] 
2014-04-09T12:31:53.557+0900: 242.147: [GC (Allocation Failure) 242.147: [ParNew: 108803K->13056K(118016K), 0.0440127 secs] 11676677K->11618100K(25152768K), 0.0442348 secs] [Times: user=0.53 sys=0.00, real=0.05 secs] 
2014-04-09T12:31:53.682+0900: 242.272: [GC (Allocation Failure) 242.272: [ParNew: 118016K->13056K(118016K), 0.0663065 secs] 11566244K->11502309K(25152768K), 0.0665300 secs] [Times: user=0.81 sys=0.01, real=0.07 secs] 
2014-04-09T12:31:53.806+0900: 242.396: [CMS-concurrent-sweep: 1.766/2.626 secs] [Times: user=15.57 sys=0.25, real=2.62 secs] 
2014-04-09T12:31:53.806+0900: 242.396: [CMS-concurrent-reset-start]
2014-04-09T12:31:53.889+0900: 242.479: [CMS-concurrent-reset: 0.083/0.083 secs] [Times: user=0.25 sys=0.00, real=0.09 secs] 
2014-04-09T12:31:53.904+0900: 242.494: [GC (Allocation Failure) 242.494: [ParNew: 118016K->13056K(118016K), 0.0595878 secs] 10886102K->10804830K(25152768K), 0.0597979 secs] [Times: user=0.70 sys=0.00, real=0.06 secs] 
2014-04-09T12:31:53.965+0900: 242.555: [GC (CMS Initial Mark) [1 CMS-initial-mark: 10791774K(25034752K)] 10805031K(25152768K), 0.0030172 secs] [Times: user=0.01 sys=0.00, real=0.01 secs] 
2014-04-09T12:31:53.969+0900: 242.559: [CMS-concurrent-mark-start]
2014-04-09T12:31:54.093+0900: 242.683: [GC (Allocation Failure) 242.683: [ParNew: 118015K->13056K(118016K), 0.0488140 secs] 10909789K->10846564K(25152768K), 0.0490378 secs] [Times: user=0.56 sys=0.01, real=0.05 secs] 
2014-04-09T12:31:54.218+0900: 242.808: [GC (Allocation Failure) 242.808: [ParNew: 118016K->13056K(118016K), 0.0443759 secs] 10951524K->10883128K(25152768K), 0.0446107 secs] [Times: user=0.56 sys=0.00, real=0.04 secs] 
2014-04-09T12:31:54.587+0900: 243.177: [GC (Allocation Failure) 243.177: [ParNew: 118015K->13056K(118016K), 0.0664935 secs] 10988088K->10917353K(25152768K), 0.0667333 secs] [Times: user=0.80 sys=0.00, real=0.07 secs] 
2014-04-09T12:31:54.747+0900: 243.337: [GC (Allocation Failure) 243.337: [ParNew: 118016K->13056K(118016K), 0.0472726 secs] 11022313K->10931697K(25152768K), 0.0475033 secs] [Times: user=0.54 sys=0.00, real=0.05 secs] 
2014-04-09T12:31:54.846+0900: 243.436: [GC (Allocation Failure) 243.436: [ParNew: 118016K->2341K(118016K), 0.0363174 secs] 11036657K->10930543K(25152768K), 0.0365386 secs] [Times: user=0.44 sys=0.01, real=0.04 secs] 
2014-04-09T12:31:54.934+0900: 243.524: [GC (Allocation Failure) 243.524: [ParNew: 107301K->780K(118016K), 0.0305474 secs] 11035503K->10928982K(25152768K), 0.0307674 secs] [Times: user=0.39 sys=0.00, real=0.03 secs] 
2014-04-09T12:31:55.016+0900: 243.606: [GC (Allocation Failure) 243.606: [ParNew: 105740K->146K(118016K), 0.0295643 secs] 11033942K->10928348K(25152768K), 0.0297826 secs] [Times: user=0.37 sys=0.01, real=0.03 secs] 
2014-04-09T12:31:55.097+0900: 243.687: [GC (Allocation Failure) 243.687: [ParNew: 105106K->48K(118016K), 0.0308202 secs] 11033308K->10928251K(25152768K), 0.0310467 secs] [Times: user=0.40 sys=0.00, real=0.04 secs] 
2014-04-09T12:31:55.180+0900: 243.770: [GC (Allocation Failure) 243.770: [ParNew: 105008K->36K(118016K), 0.0294272 secs] 11033211K->10928239K(25152768K), 0.0296492 secs] [Times: user=0.37 sys=0.01, real=0.03 secs] 
2014-04-09T12:31:55.262+0900: 243.852: [GC (Allocation Failure) 243.852: [ParNew: 104996K->26K(118016K), 0.0305438 secs] 11033199K->10928228K(25152768K), 0.0307589 secs] [Times: user=0.39 sys=0.00, real=0.03 secs] 
2014-04-09T12:31:55.347+0900: 243.937: [GC (Allocation Failure) 243.937: [ParNew: 104986K->26K(118016K), 0.0304243 secs] 11033188K->10928228K(25152768K), 0.0306382 secs] [Times: user=0.38 sys=0.00, real=0.04 secs] 
2014-04-09T12:31:55.453+0900: 244.043: [GC (Allocation Failure) 244.044: [ParNew: 104986K->26K(118016K), 0.0313264 secs] 11033188K->10928228K(25152768K), 0.0315468 secs] [Times: user=0.39 sys=0.01, real=0.03 secs] 
2014-04-09T12:31:56.258+0900: 244.848: [CMS-concurrent-mark: 1.815/2.289 secs] [Times: user=15.67 sys=0.27, real=2.29 secs] 
2014-04-09T12:31:56.258+0900: 244.848: [CMS-concurrent-preclean-start]
2014-04-09T12:31:56.514+0900: 245.104: [CMS-concurrent-preclean: 0.242/0.256 secs] [Times: user=0.26 sys=0.00, real=0.25 secs] 
2014-04-09T12:31:56.515+0900: 245.105: [CMS-concurrent-abortable-preclean-start]
 CMS: abort preclean due to time 2014-04-09T12:32:01.563+0900: 250.153: [CMS-concurrent-abortable-preclean: 2.744/5.048 secs] [Times: user=3.23 sys=0.01, real=5.05 secs] 
2014-04-09T12:32:01.565+0900: 250.155: [GC (CMS Final Remark) [YG occupancy: 87985 K (118016 K)]250.155: [Rescan (parallel) , 0.0291277 secs]250.184: [weak refs processing, 0.0000650 secs]250.184: [class unloading, 0.0430316 secs]250.227: [scrub symbol table, 0.0043162 secs]250.231: [scrub string table, 0.0012379 secs][1 CMS-remark: 10928202K(25034752K)] 11016188K(25152768K), 0.0847900 secs] [Times: user=0.42 sys=0.00, real=0.09 secs] 
2014-04-09T12:32:01.651+0900: 250.241: [CMS-concurrent-sweep-start]
2014-04-09T12:32:03.042+0900: 251.632: [CMS-concurrent-sweep: 1.391/1.391 secs] [Times: user=1.40 sys=0.00, real=1.39 secs] 
2014-04-09T12:32:03.042+0900: 251.632: [CMS-concurrent-reset-start]
2014-04-09T12:32:03.120+0900: 251.710: [CMS-concurrent-reset: 0.078/0.078 secs] [Times: user=0.08 sys=0.00, real=0.08 secs] 
2014-04-09T12:32:05.120+0900: 253.710: [GC (CMS Initial Mark) [1 CMS-initial-mark: 8823176K(25034752K)] 8911439K(25152768K), 0.0169063 secs] [Times: user=0.20 sys=0.00, real=0.01 secs] 
2014-04-09T12:32:05.138+0900: 253.728: [CMS-concurrent-mark-start]
2014-04-09T12:32:07.166+0900: 255.756: [CMS-concurrent-mark: 2.028/2.028 secs] [Times: user=7.55 sys=0.26, real=2.03 secs] 
2014-04-09T12:32:07.166+0900: 255.756: [CMS-concurrent-preclean-start]
2014-04-09T12:32:07.234+0900: 255.824: [CMS-concurrent-preclean: 0.068/0.068 secs] [Times: user=0.07 sys=0.00, real=0.07 secs] 
2014-04-09T12:32:07.234+0900: 255.824: [CMS-concurrent-abortable-preclean-start]
2014-04-09T12:32:09.322+0900: 257.912: [GC (Allocation Failure) 257.913: [ParNew: 104986K->200K(118016K), 0.0312697 secs] 8928162K->8823377K(25152768K), 0.0315332 secs] [Times: user=0.39 sys=0.01, real=0.03 secs] 
2014-04-09T12:32:09.475+0900: 258.065: [GC (Allocation Failure) 258.065: [ParNew: 105160K->252K(118016K), 0.0319221 secs] 8928337K->8823429K(25152768K), 0.0321694 secs] [Times: user=0.39 sys=0.00, real=0.03 secs] 
2014-04-09T12:32:09.626+0900: 258.216: [CMS-concurrent-abortable-preclean: 1.368/2.392 secs] [Times: user=2.97 sys=0.02, real=2.39 secs] 
2014-04-09T12:32:09.627+0900: 258.217: [GC (Allocation Failure) 258.218: [ParNew: 105212K->290K(118016K), 0.0323088 secs] 8928389K->8823467K(25152768K), 0.0325356 secs] [Times: user=0.40 sys=0.00, real=0.04 secs] 
2014-04-09T12:32:09.662+0900: 258.252: [GC (CMS Final Remark) [YG occupancy: 601 K (118016 K)]258.252: [Rescan (parallel) , 0.0155434 secs]258.268: [weak refs processing, 0.0000635 secs]258.268: [class unloading, 0.0433186 secs]258.311: [scrub symbol table, 0.0043239 secs]258.316: [scrub string table, 0.0012382 secs][1 CMS-remark: 8823176K(25034752K)] 8823778K(25152768K), 0.0715356 secs] [Times: user=0.25 sys=0.00, real=0.07 secs] 
2014-04-09T12:32:09.735+0900: 258.325: [CMS-concurrent-sweep-start]
2014-04-09T12:32:09.816+0900: 258.406: [GC (Allocation Failure) 258.406: [ParNew: 105250K->284K(118016K), 0.0315820 secs] 8927764K->8822797K(25152768K), 0.0318426 secs] [Times: user=0.39 sys=0.00, real=0.03 secs] 
2014-04-09T12:32:09.929+0900: 258.519: [GC (Allocation Failure) 258.519: [ParNew: 105244K->289K(118016K), 0.0323517 secs] 8927570K->8822615K(25152768K), 0.0325970 secs] [Times: user=0.40 sys=0.00, real=0.04 secs] 
2014-04-09T12:32:10.043+0900: 258.633: [GC (Allocation Failure) 258.633: [ParNew: 105249K->253K(118016K), 0.0318697 secs] 8927381K->8822385K(25152768K), 0.0321153 secs] [Times: user=0.41 sys=0.00, real=0.03 secs] 
2014-04-09T12:32:10.160+0900: 258.750: [GC (Allocation Failure) 258.751: [ParNew: 105213K->140K(118016K), 0.0334894 secs] 8927144K->8822249K(25152768K), 0.0337513 secs] [Times: user=0.41 sys=0.00, real=0.03 secs] 
2014-04-09T12:32:10.287+0900: 258.877: [GC (Allocation Failure) 258.877: [ParNew: 105100K->39K(118016K), 0.0313035 secs] 8926472K->8821414K(25152768K), 0.0315474 secs] [Times: user=0.39 sys=0.00, real=0.03 secs] 
2014-04-09T12:32:10.388+0900: 258.978: [GC (Allocation Failure) 258.978: [ParNew: 104999K->51K(118016K), 0.0311256 secs] 8926248K->8821302K(25152768K), 0.0313770 secs] [Times: user=0.39 sys=0.00, real=0.04 secs] 
2014-04-09T12:32:10.486+0900: 259.076: [GC (Allocation Failure) 259.076: [ParNew: 105011K->52K(118016K), 0.0303658 secs] 8926126K->8821168K(25152768K), 0.0306161 secs] [Times: user=0.39 sys=0.00, real=0.03 secs] 
2014-04-09T12:32:10.580+0900: 259.170: [GC (Allocation Failure) 259.170: [ParNew: 105012K->57K(118016K), 0.0321680 secs] 8925987K->8821031K(25152768K), 0.0324114 secs] [Times: user=0.40 sys=0.00, real=0.03 secs] 
2014-04-09T12:32:10.675+0900: 259.265: [GC (Allocation Failure) 259.265: [ParNew: 105017K->63K(118016K), 0.0307623 secs] 8925711K->8820757K(25152768K), 0.0310028 secs] [Times: user=0.38 sys=0.01, real=0.03 secs] 
2014-04-09T12:32:10.782+0900: 259.372: [GC (Allocation Failure) 259.373: [ParNew: 105023K->65K(118016K), 0.0312427 secs] 8925531K->8820573K(25152768K), 0.0314925 secs] [Times: user=0.40 sys=0.01, real=0.03 secs] 
2014-04-09T12:32:10.879+0900: 259.469: [GC (Allocation Failure) 259.469: [ParNew: 105025K->73K(118016K), 0.0325395 secs] 8925352K->8820401K(25152768K), 0.0327807 secs] [Times: user=0.41 sys=0.00, real=0.04 secs] 
2014-04-09T12:32:10.977+0900: 259.567: [GC (Allocation Failure) 259.567: [ParNew: 105033K->52K(118016K), 0.0309352 secs] 8925220K->8820268K(25152768K), 0.0311784 secs] [Times: user=0.39 sys=0.00, real=0.03 secs] 
2014-04-09T12:32:11.076+0900: 259.666: [GC (Allocation Failure) 259.666: [ParNew: 105012K->155K(118016K), 0.0367524 secs] 8925104K->8820247K(25152768K), 0.0369781 secs] [Times: user=0.43 sys=0.00, real=0.04 secs] 
2014-04-09T12:32:11.199+0900: 259.789: [GC (Allocation Failure) 259.789: [ParNew: 100841K->9753K(118016K), 0.0329324 secs] 8920724K->8839878K(25152768K), 0.0331612 secs] [Times: user=0.42 sys=0.00, real=0.03 secs] 
2014-04-09T12:32:11.292+0900: 259.882: [GC (Allocation Failure) 259.882: [ParNew: 114713K->12681K(118016K), 0.0459002 secs] 8944712K->8880334K(25152768K), 0.0461268 secs] [Times: user=0.58 sys=0.00, real=0.04 secs] 
2014-04-09T12:32:11.393+0900: 259.983: [GC (Allocation Failure) 259.983: [ParNew: 117641K->13054K(118016K), 0.0564591 secs] 8985158K->8945028K(25152768K), 0.0566915 secs] [Times: user=0.67 sys=0.01, real=0.06 secs] 
2014-04-09T12:32:11.540+0900: 260.129: [GC (Allocation Failure) 260.130: [ParNew: 112435K->13056K(118016K), 0.0461946 secs] 9043956K->8976018K(25152768K), 0.0464217 secs] [Times: user=0.56 sys=0.00, real=0.04 secs] 
2014-04-09T12:32:11.657+0900: 260.247: [GC (Allocation Failure) 260.247: [ParNew: 115242K->13056K(118016K), 0.0410758 secs] 9078087K->9012117K(25152768K), 0.0413075 secs] [Times: user=0.50 sys=0.00, real=0.04 secs] 
2014-04-09T12:32:11.785+0900: 260.375: [GC (Allocation Failure) 260.375: [ParNew: 114925K->13056K(118016K), 0.0444031 secs] 9113835K->9039188K(25152768K), 0.0446398 secs] [Times: user=0.56 sys=0.00, real=0.05 secs] 
2014-04-09T12:32:11.927+0900: 260.517: [GC (Allocation Failure) 260.517: [ParNew: 118016K->13056K(118016K), 0.0485998 secs] 9143882K->9072224K(25152768K), 0.0488217 secs] [Times: user=0.55 sys=0.00, real=0.05 secs] 
2014-04-09T12:32:12.123+0900: 260.713: [GC (Allocation Failure) 260.713: [ParNew: 117996K->11081K(118016K), 0.0465280 secs] 9168906K->9089525K(25152768K), 0.0467477 secs] [Times: user=0.56 sys=0.00, real=0.05 secs] 
2014-04-09T12:32:12.223+0900: 260.813: [CMS-concurrent-sweep: 1.656/2.488 secs] [Times: user=17.08 sys=0.23, real=2.49 secs] 
2014-04-09T12:32:12.223+0900: 260.813: [CMS-concurrent-reset-start]
2014-04-09T12:32:12.230+0900: 260.820: [GC (Allocation Failure) 260.820: [ParNew: 116035K->13056K(118016K), 0.0464433 secs] 9121333K->9052534K(25152768K), 0.0466884 secs] [Times: user=0.57 sys=0.01, real=0.04 secs] 
2014-04-09T12:32:12.322+0900: 260.912: [GC (Allocation Failure) 260.912: [ParNew: 118016K->13056K(118016K), 0.0534977 secs] 9157494K->9130266K(25152768K), 0.0537238 secs] [Times: user=0.65 sys=0.01, real=0.05 secs] 
2014-04-09T12:32:12.427+0900: 261.017: [CMS-concurrent-reset: 0.100/0.204 secs] [Times: user=1.69 sys=0.02, real=0.20 secs] 
2014-04-09T12:32:12.429+0900: 261.019: [GC (Allocation Failure) 261.019: [ParNew: 118016K->13056K(118016K), 0.0581725 secs] 9235226K->9173907K(25152768K), 0.0583749 secs] [Times: user=0.65 sys=0.00, real=0.06 secs] 
2014-04-09T12:32:12.488+0900: 261.078: [GC (CMS Initial Mark) [1 CMS-initial-mark: 9160851K(25034752K)] 9174530K(25152768K), 0.0020846 secs] [Times: user=0.01 sys=0.01, real=0.01 secs] 
2014-04-09T12:32:12.491+0900: 261.081: [CMS-concurrent-mark-start]
2014-04-09T12:32:12.559+0900: 261.149: [GC (Allocation Failure) 261.149: [ParNew: 118016K->13056K(118016K), 0.0547888 secs] 9278867K->9193776K(25152768K), 0.0550195 secs] [Times: user=0.62 sys=0.00, real=0.06 secs] 
2014-04-09T12:32:12.691+0900: 261.281: [GC (Allocation Failure) 261.282: [ParNew: 117627K->13056K(118016K), 0.0420472 secs] 9298347K->9205771K(25152768K), 0.0422716 secs] [Times: user=0.48 sys=0.00, real=0.04 secs] 
2014-04-09T12:32:12.818+0900: 261.408: [GC (Allocation Failure) 261.408: [ParNew: 113903K->13056K(118016K), 0.0443321 secs] 9306619K->9229343K(25152768K), 0.0445301 secs] [Times: user=0.56 sys=0.01, real=0.05 secs] 
2014-04-09T12:32:12.904+0900: 261.494: [GC (Allocation Failure) 261.494: [ParNew: 108237K->13056K(118016K), 0.0394560 secs] 9324525K->9276869K(25152768K), 0.0396905 secs] [Times: user=0.47 sys=0.02, real=0.04 secs] 
2014-04-09T12:32:13.007+0900: 261.597: [GC (Allocation Failure) 261.597: [ParNew: 112590K->13056K(118016K), 0.0531460 secs] 9376404K->9351070K(25152768K), 0.0533668 secs] [Times: user=0.63 sys=0.01, real=0.05 secs] 
2014-04-09T12:32:13.096+0900: 261.686: [GC (Allocation Failure) 261.686: [ParNew: 118009K->13056K(118016K), 0.0488092 secs] 9456023K->9403318K(25152768K), 0.0490339 secs] [Times: user=0.57 sys=0.01, real=0.05 secs] 
2014-04-09T12:32:13.193+0900: 261.783: [GC (Allocation Failure) 261.783: [ParNew: 118015K->13056K(118016K), 0.0567393 secs] 9508277K->9457213K(25152768K), 0.0569675 secs] [Times: user=0.69 sys=0.00, real=0.05 secs] 
2014-04-09T12:32:13.311+0900: 261.901: [GC (Allocation Failure) 261.901: [ParNew: 118016K->13056K(118016K), 0.0512289 secs] 9562173K->9481625K(25152768K), 0.0514557 secs] [Times: user=0.53 sys=0.00, real=0.05 secs] 
2014-04-09T12:32:13.430+0900: 262.020: [GC (Allocation Failure) 262.020: [ParNew: 118016K->13056K(118016K), 0.0471874 secs] 9586585K->9509596K(25152768K), 0.0474134 secs] [Times: user=0.54 sys=0.00, real=0.05 secs] 
2014-04-09T12:32:13.551+0900: 262.141: [GC (Allocation Failure) 262.141: [ParNew: 108086K->13056K(118016K), 0.0360576 secs] 9604627K->9527519K(25152768K), 0.0362778 secs] [Times: user=0.45 sys=0.01, real=0.03 secs] 
2014-04-09T12:32:13.628+0900: 262.218: [GC (Allocation Failure) 262.218: [ParNew: 117717K->9859K(118016K), 0.0458368 secs] 9632180K->9567626K(25152768K), 0.0460601 secs] [Times: user=0.55 sys=0.00, real=0.05 secs] 
2014-04-09T12:32:13.741+0900: 262.331: [GC (Allocation Failure) 262.331: [ParNew: 114819K->13056K(118016K), 0.0560677 secs] 9672586K->9619303K(25152768K), 0.0562926 secs] [Times: user=0.64 sys=0.00, real=0.05 secs] 
2014-04-09T12:32:13.838+0900: 262.428: [GC (Allocation Failure) 262.428: [ParNew: 118016K->13056K(118016K), 0.0523632 secs] 9724263K->9677813K(25152768K), 0.0525871 secs] [Times: user=0.64 sys=0.01, real=0.06 secs] 
2014-04-09T12:32:13.956+0900: 262.546: [GC (Allocation Failure) 262.546: [ParNew: 117756K->13056K(118016K), 0.0525592 secs] 9782514K->9715317K(25152768K), 0.0527843 secs] [Times: user=0.56 sys=0.01, real=0.05 secs] 
2014-04-09T12:32:14.090+0900: 262.680: [GC (Allocation Failure) 262.680: [ParNew: 118016K->13056K(118016K), 0.0491662 secs] 9820277K->9737581K(25152768K), 0.0493887 secs] [Times: user=0.59 sys=0.00, real=0.05 secs] 
2014-04-09T12:32:14.194+0900: 262.784: [GC (Allocation Failure) 262.784: [ParNew: 118016K->13056K(118016K), 0.0542055 secs] 9842541K->9780130K(25152768K), 0.0544245 secs] [Times: user=0.63 sys=0.00, real=0.05 secs] 
2014-04-09T12:32:14.321+0900: 262.911: [GC (Allocation Failure) 262.912: [ParNew: 118016K->13056K(118016K), 0.0480067 secs] 9885090K->9812013K(25152768K), 0.0482312 secs] [Times: user=0.54 sys=0.01, real=0.04 secs] 
2014-04-09T12:32:14.423+0900: 263.013: [GC (Allocation Failure) 263.013: [ParNew: 118016K->13056K(118016K), 0.0621082 secs] 9916973K->9869611K(25152768K), 0.0623337 secs] [Times: user=0.66 sys=0.02, real=0.06 secs] 
2014-04-09T12:32:14.548+0900: 263.138: [GC (Allocation Failure) 263.138: [ParNew: 118016K->13056K(118016K), 0.0515081 secs] 9974571K->9910403K(25152768K), 0.0517467 secs] [Times: user=0.47 sys=0.02, real=0.05 secs] 
2014-04-09T12:32:14.670+0900: 263.260: [GC (Allocation Failure) 263.260: [ParNew: 118002K->13056K(118016K), 0.0512382 secs] 10015350K->9942081K(25152768K), 0.0514623 secs] [Times: user=0.56 sys=0.02, real=0.06 secs] 
2014-04-09T12:32:14.798+0900: 263.388: [GC (Allocation Failure) 263.388: [ParNew: 118016K->13056K(118016K), 0.0545905 secs] 10047041K->9986230K(25152768K), 0.0548123 secs] [Times: user=0.62 sys=0.02, real=0.06 secs] 
2014-04-09T12:32:14.959+0900: 263.549: [GC (Allocation Failure) 263.549: [ParNew: 118013K->13056K(118016K), 0.0450737 secs] 10091188K->10014297K(25152768K), 0.0452904 secs] [Times: user=0.52 sys=0.00, real=0.05 secs] 
2014-04-09T12:32:15.063+0900: 263.653: [GC (Allocation Failure) 263.653: [ParNew: 117997K->13056K(118016K), 0.0480138 secs] 10119239K->10063792K(25152768K), 0.0482303 secs] [Times: user=0.56 sys=0.00, real=0.05 secs] 
2014-04-09T12:32:15.160+0900: 263.750: [GC (Allocation Failure) 263.750: [ParNew: 118016K->13056K(118016K), 0.0509761 secs] 10168752K->10117944K(25152768K), 0.0511997 secs] [Times: user=0.60 sys=0.00, real=0.06 secs] 
2014-04-09T12:32:15.272+0900: 263.862: [GC (Allocation Failure) 263.862: [ParNew: 118016K->13056K(118016K), 0.0565128 secs] 10222904K->10162030K(25152768K), 0.0567283 secs] [Times: user=0.63 sys=0.01, real=0.05 secs] 
2014-04-09T12:32:15.419+0900: 264.009: [GC (Allocation Failure) 264.009: [ParNew: 118016K->13054K(118016K), 0.0535276 secs] 10266990K->10184234K(25152768K), 0.0537411 secs] [Times: user=0.57 sys=0.02, real=0.06 secs] 
2014-04-09T12:32:15.578+0900: 264.168: [GC (Allocation Failure) 264.168: [ParNew: 112881K->13056K(118016K), 0.0515882 secs] 10284060K->10216622K(25152768K), 0.0517987 secs] [Times: user=0.57 sys=0.01, real=0.05 secs] 
2014-04-09T12:32:15.673+0900: 264.263: [GC (Allocation Failure) 264.263: [ParNew: 118014K->13056K(118016K), 0.0417402 secs] 10321580K->10266054K(25152768K), 0.0419507 secs] [Times: user=0.53 sys=0.00, real=0.04 secs] 
2014-04-09T12:32:15.767+0900: 264.357: [GC (Allocation Failure) 264.357: [ParNew: 118016K->13056K(118016K), 0.0728221 secs] 10371014K->10327101K(25152768K), 0.0730289 secs] [Times: user=0.68 sys=0.01, real=0.07 secs] 
2014-04-09T12:32:15.879+0900: 264.469: [GC (Allocation Failure) 264.469: [ParNew: 117710K->13056K(118016K), 0.0504287 secs] 10431756K->10372446K(25152768K), 0.0506386 secs] [Times: user=0.51 sys=0.01, real=0.05 secs] 
2014-04-09T12:32:15.982+0900: 264.572: [GC (Allocation Failure) 264.572: [ParNew: 118016K->13056K(118016K), 0.0616011 secs] 10477406K->10409994K(25152768K), 0.0618065 secs] [Times: user=0.65 sys=0.02, real=0.06 secs] 
2014-04-09T12:32:16.082+0900: 264.672: [CMS-concurrent-mark: 1.962/3.591 secs] [Times: user=32.01 sys=0.98, real=3.59 secs] 
2014-04-09T12:32:16.082+0900: 264.672: [CMS-concurrent-preclean-start]
2014-04-09T12:32:16.106+0900: 264.696: [GC (Allocation Failure) 264.696: [ParNew: 111926K->13056K(118016K), 0.0622283 secs] 10508865K->10435407K(25152768K), 0.0624365 secs] [Times: user=0.65 sys=0.02, real=0.06 secs] 
2014-04-09T12:32:16.216+0900: 264.806: [GC (Allocation Failure) 264.807: [ParNew: 118016K->13056K(118016K), 0.0478214 secs] 10540367K->10465382K(25152768K), 0.0480364 secs] [Times: user=0.57 sys=0.00, real=0.05 secs] 
2014-04-09T12:32:16.313+0900: 264.903: [GC (Allocation Failure) 264.903: [ParNew: 112653K->13056K(118016K), 0.0444585 secs] 10564979K->10504388K(25152768K), 0.0446795 secs] [Times: user=0.56 sys=0.00, real=0.04 secs] 
2014-04-09T12:32:16.415+0900: 265.005: [GC (Allocation Failure) 265.005: [ParNew: 118016K->13056K(118016K), 0.0497514 secs] 10609348K->10555449K(25152768K), 0.0499752 secs] [Times: user=0.61 sys=0.00, real=0.05 secs] 
2014-04-09T12:32:16.500+0900: 265.090: [GC (Allocation Failure) 265.090: [ParNew: 118004K->13056K(118016K), 0.0461412 secs] 10660397K->10597003K(25152768K), 0.0463748 secs] [Times: user=0.55 sys=0.01, real=0.05 secs] 
2014-04-09T12:32:16.590+0900: 265.180: [GC (Allocation Failure) 265.180: [ParNew: 118016K->13056K(118016K), 0.0472669 secs] 10701963K->10638333K(25152768K), 0.0475042 secs] [Times: user=0.56 sys=0.00, real=0.05 secs] 
2014-04-09T12:32:16.694+0900: 265.284: [GC (Allocation Failure) 265.284: [ParNew: 117644K->13056K(118016K), 0.0741935 secs] 10742921K->10670414K(25152768K), 0.0744195 secs] [Times: user=0.52 sys=0.03, real=0.07 secs] 
2014-04-09T12:32:16.829+0900: 265.419: [GC (Allocation Failure) 265.419: [ParNew: 118016K->9222K(118016K), 0.0443874 secs] 10775374K->10685427K(25152768K), 0.0446098 secs] [Times: user=0.52 sys=0.01, real=0.05 secs] 
2014-04-09T12:32:16.916+0900: 265.506: [GC (Allocation Failure) 265.506: [ParNew: 114182K->13056K(118016K), 0.0416053 secs] 10790387K->10710789K(25152768K), 0.0418299 secs] [Times: user=0.51 sys=0.00, real=0.04 secs] 
2014-04-09T12:32:17.020+0900: 265.610: [GC (Allocation Failure) 265.610: [ParNew: 108165K->13056K(118016K), 0.0562942 secs] 10805898K->10749962K(25152768K), 0.0565254 secs] [Times: user=0.60 sys=0.01, real=0.06 secs] 
2014-04-09T12:32:17.113+0900: 265.703: [GC (Allocation Failure) 265.703: [ParNew: 117988K->13056K(118016K), 0.0455628 secs] 10854894K->10798318K(25152768K), 0.0457949 secs] [Times: user=0.57 sys=0.00, real=0.04 secs] 
2014-04-09T12:32:17.233+0900: 265.823: [GC (Allocation Failure) 265.823: [ParNew: 111244K->13052K(118016K), 0.0492632 secs] 10896507K->10820563K(25152768K), 0.0495023 secs] [Times: user=0.60 sys=0.01, real=0.05 secs] 
2014-04-09T12:32:17.381+0900: 265.971: [GC (Allocation Failure) 265.971: [ParNew: 109900K->13056K(118016K), 0.0528126 secs] 10917411K->10845284K(25152768K), 0.0530430 secs] [Times: user=0.46 sys=0.02, real=0.05 secs] 
2014-04-09T12:32:17.517+0900: 266.107: [GC (Allocation Failure) 266.107: [ParNew: 109552K->13056K(118016K), 0.0444337 secs] 10941781K->10866840K(25152768K), 0.0446578 secs] [Times: user=0.49 sys=0.01, real=0.05 secs] 
2014-04-09T12:32:17.653+0900: 266.243: [GC (Allocation Failure) 266.243: [ParNew: 114142K->13056K(118016K), 0.0496865 secs] 10967927K->10887928K(25152768K), 0.0499083 secs] [Times: user=0.45 sys=0.01, real=0.05 secs] 
2014-04-09T12:32:17.797+0900: 266.387: [GC (Allocation Failure) 266.387: [ParNew: 118016K->13056K(118016K), 0.0545460 secs] 10992888K->10915385K(25152768K), 0.0547676 secs] [Times: user=0.57 sys=0.02, real=0.06 secs] 
2014-04-09T12:32:17.916+0900: 266.506: [GC (Allocation Failure) 266.506: [ParNew: 118016K->13056K(118016K), 0.0493056 secs] 11020345K->10960408K(25152768K), 0.0495352 secs] [Times: user=0.62 sys=0.00, real=0.05 secs] 
2014-04-09T12:32:18.051+0900: 266.641: [GC (Allocation Failure) 266.641: [ParNew: 118016K->13056K(118016K), 0.0803032 secs] 11065368K->10996364K(25152768K), 0.0805285 secs] [Times: user=0.69 sys=0.02, real=0.08 secs] 
2014-04-09T12:32:18.182+0900: 266.772: [GC (Allocation Failure) 266.772: [ParNew: 118016K->12287K(118016K), 0.0571503 secs] 11101324K->11039049K(25152768K), 0.0573733 secs] [Times: user=0.66 sys=0.01, real=0.05 secs] 
2014-04-09T12:32:18.317+0900: 266.907: [GC (Allocation Failure) 266.907: [ParNew: 115512K->13056K(118016K), 0.0596992 secs] 11142274K->11055935K(25152768K), 0.0599217 secs] [Times: user=0.46 sys=0.02, real=0.06 secs] 
2014-04-09T12:32:18.449+0900: 267.039: [GC (Allocation Failure) 267.039: [ParNew: 117990K->12649K(118016K), 0.0477556 secs] 11160870K->11082692K(25152768K), 0.0479830 secs] [Times: user=0.58 sys=0.01, real=0.05 secs] 
2014-04-09T12:32:18.536+0900: 267.126: [GC (Allocation Failure) 267.126: [ParNew: 115313K->13056K(118016K), 0.0443630 secs] 11185356K->11127064K(25152768K), 0.0445867 secs] [Times: user=0.55 sys=0.00, real=0.04 secs] 
2014-04-09T12:32:18.637+0900: 267.227: [GC (Allocation Failure) 267.227: [ParNew: 118016K->13056K(118016K), 0.0736836 secs] 11232024K->11176169K(25152768K), 0.0739070 secs] [Times: user=0.66 sys=0.02, real=0.08 secs] 
2014-04-09T12:32:18.785+0900: 267.375: [GC (Allocation Failure) 267.375: [ParNew: 110238K->13056K(118016K), 0.0576149 secs] 11273352K->11194894K(25152768K), 0.0578393 secs] [Times: user=0.63 sys=0.01, real=0.06 secs] 
2014-04-09T12:32:18.917+0900: 267.507: [GC (Allocation Failure) 267.507: [ParNew: 118011K->13056K(118016K), 0.0457293 secs] 11299849K->11229635K(25152768K), 0.0459461 secs] [Times: user=0.54 sys=0.01, real=0.05 secs] 
2014-04-09T12:32:19.013+0900: 267.603: [GC (Allocation Failure) 267.603: [ParNew: 118015K->13056K(118016K), 0.0482322 secs] 11334595K->11271956K(25152768K), 0.0484538 secs] [Times: user=0.56 sys=0.00, real=0.04 secs] 
2014-04-09T12:32:19.099+0900: 267.689: [GC (Allocation Failure) 267.689: [ParNew: 117994K->13056K(118016K), 0.0449579 secs] 11376894K->11328515K(25152768K), 0.0451806 secs] [Times: user=0.55 sys=0.01, real=0.05 secs] 
2014-04-09T12:32:19.203+0900: 267.793: [GC (Allocation Failure) 267.793: [ParNew: 118016K->13056K(118016K), 0.0830694 secs] 11433475K->11366955K(25152768K), 0.0832861 secs] [Times: user=0.54 sys=0.04, real=0.08 secs] 
2014-04-09T12:32:19.349+0900: 267.939: [GC (Allocation Failure) 267.939: [ParNew: 114119K->13056K(118016K), 0.0558355 secs] 11468019K->11382517K(25152768K), 0.0560554 secs] [Times: user=0.59 sys=0.02, real=0.06 secs] 
2014-04-09T12:32:19.473+0900: 268.063: [GC (Allocation Failure) 268.063: [ParNew: 111302K->12946K(118016K), 0.0469088 secs] 11480764K->11403875K(25152768K), 0.0471271 secs] [Times: user=0.57 sys=0.00, real=0.04 secs] 
2014-04-09T12:32:19.579+0900: 268.169: [GC (Allocation Failure) 268.169: [ParNew: 117906K->13056K(118016K), 0.0444241 secs] 11508835K->11445812K(25152768K), 0.0446427 secs] [Times: user=0.56 sys=0.00, real=0.05 secs] 
2014-04-09T12:32:19.664+0900: 268.254: [GC (Allocation Failure) 268.255: [ParNew: 118016K->13056K(118016K), 0.0524174 secs] 11550772K->11511150K(25152768K), 0.0526357 secs] [Times: user=0.65 sys=0.01, real=0.05 secs] 
2014-04-09T12:32:19.762+0900: 268.352: [GC (Allocation Failure) 268.352: [ParNew: 118016K->13056K(118016K), 0.0701327 secs] 11616110K->11561640K(25152768K), 0.0703591 secs] [Times: user=0.65 sys=0.02, real=0.07 secs] 
2014-04-09T12:32:19.875+0900: 268.465: [GC (Allocation Failure) 268.465: [ParNew: 118016K->13056K(118016K), 0.0628705 secs] 11666600K->11609184K(25152768K), 0.0630868 secs] [Times: user=0.51 sys=0.01, real=0.06 secs] 
2014-04-09T12:32:20.009+0900: 268.599: [GC (Allocation Failure) 268.599: [ParNew: 118016K->13056K(118016K), 0.0636856 secs] 11714144K->11629675K(25152768K), 0.0639038 secs] [Times: user=0.65 sys=0.03, real=0.07 secs] 
2014-04-09T12:32:20.142+0900: 268.732: [GC (Allocation Failure) 268.732: [ParNew: 112180K->13056K(118016K), 0.0478229 secs] 11728800K->11646837K(25152768K), 0.0480408 secs] [Times: user=0.55 sys=0.00, real=0.04 secs] 
2014-04-09T12:32:20.248+0900: 268.838: [GC (Allocation Failure) 268.838: [ParNew: 118008K->13056K(118016K), 0.0490247 secs] 11751790K->11688850K(25152768K), 0.0492436 secs] [Times: user=0.57 sys=0.01, real=0.05 secs] 
2014-04-09T12:32:20.337+0900: 268.927: [GC (Allocation Failure) 268.927: [ParNew: 118007K->13056K(118016K), 0.0451611 secs] 11793802K->11738650K(25152768K), 0.0453779 secs] [Times: user=0.56 sys=0.00, real=0.05 secs] 
2014-04-09T12:32:20.475+0900: 269.065: [GC (Allocation Failure) 269.065: [ParNew: 118016K->13056K(118016K), 0.0610320 secs] 11843610K->11793770K(25152768K), 0.0612507 secs] [Times: user=0.63 sys=0.03, real=0.06 secs] 
2014-04-09T12:32:20.626+0900: 269.216: [GC (Allocation Failure) 269.216: [ParNew: 118016K->13056K(118016K), 0.0461907 secs] 11898730K->11833304K(25152768K), 0.0464042 secs] [Times: user=0.55 sys=0.01, real=0.05 secs] 
2014-04-09T12:32:20.790+0900: 269.380: [CMS-concurrent-preclean: 2.229/4.708 secs] [Times: user=33.54 sys=0.90, real=4.70 secs] 
2014-04-09T12:32:20.791+0900: 269.381: [GC (Allocation Failure) 269.381: [ParNew: 118001K->10736K(118016K), 0.0517598 secs] 11938250K->11863319K(25152768K), 0.0519524 secs] [Times: user=0.54 sys=0.02, real=0.06 secs] 
2014-04-09T12:32:20.843+0900: 269.433: [CMS-concurrent-abortable-preclean-start]
2014-04-09T12:32:20.922+0900: 269.512: [GC (Allocation Failure) 269.512: [ParNew: 115696K->13056K(118016K), 0.0639210 secs] 11968279K->11911185K(25152768K), 0.0641328 secs] [Times: user=0.68 sys=0.02, real=0.06 secs] 
2014-04-09T12:32:21.056+0900: 269.646: [GC (Allocation Failure) 269.646: [ParNew: 118016K->13056K(118016K), 0.0665703 secs] 12016145K->11959987K(25152768K), 0.0667850 secs] [Times: user=0.60 sys=0.02, real=0.07 secs] 
2014-04-09T12:32:21.199+0900: 269.789: [CMS-concurrent-abortable-preclean: 0.212/0.356 secs] [Times: user=2.08 sys=0.06, real=0.35 secs] 
2014-04-09T12:32:21.200+0900: 269.790: [GC (Allocation Failure) 269.790: [ParNew: 118016K->13056K(118016K), 0.0549037 secs] 12064947K->11990355K(25152768K), 0.0550955 secs] [Times: user=0.49 sys=0.02, real=0.06 secs] 
2014-04-09T12:32:21.256+0900: 269.846: [GC (CMS Final Remark) [YG occupancy: 13574 K (118016 K)]269.846: [Rescan (parallel) , 0.0211132 secs]269.867: [weak refs processing, 0.0001099 secs]269.867: [class unloading, 0.0389647 secs]269.906: [scrub symbol table, 0.0038914 secs]269.910: [scrub string table, 0.0011269 secs][1 CMS-remark: 11977299K(25034752K)] 11990874K(25152768K), 0.0714513 secs] [Times: user=0.32 sys=0.00, real=0.07 secs] 
2014-04-09T12:32:21.327+0900: 269.917: [CMS-concurrent-sweep-start]
2014-04-09T12:32:21.400+0900: 269.990: [GC (Allocation Failure) 269.990: [ParNew: 118016K->13056K(118016K), 0.0412424 secs] 12059622K->11981693K(25152768K), 0.0414568 secs] [Times: user=0.50 sys=0.00, real=0.05 secs] 
2014-04-09T12:32:21.509+0900: 270.099: [GC (Allocation Failure) 270.099: [ParNew: 113571K->13056K(118016K), 0.0434960 secs] 12057012K->11992933K(25152768K), 0.0437050 secs] [Times: user=0.54 sys=0.00, real=0.05 secs] 
2014-04-09T12:32:21.603+0900: 270.193: [GC (Allocation Failure) 270.193: [ParNew: 111184K->13056K(118016K), 0.0451055 secs] 12065006K->12009173K(25152768K), 0.0453124 secs] [Times: user=0.55 sys=0.01, real=0.04 secs] 
2014-04-09T12:32:21.699+0900: 270.289: [GC (Allocation Failure) 270.289: [ParNew: 118016K->13056K(118016K), 0.0544433 secs] 12076149K->12007298K(25152768K), 0.0546609 secs] [Times: user=0.65 sys=0.00, real=0.06 secs] 
2014-04-09T12:32:21.841+0900: 270.430: [GC (Allocation Failure) 270.431: [ParNew: 118016K->13056K(118016K), 0.0522003 secs] 12057218K->11979750K(25152768K), 0.0524180 secs] [Times: user=0.60 sys=0.01, real=0.06 secs] 
2014-04-09T12:32:21.978+0900: 270.568: [GC (Allocation Failure) 270.568: [ParNew: 110670K->13056K(118016K), 0.0450362 secs] 11992859K->11915290K(25152768K), 0.0452519 secs] [Times: user=0.53 sys=0.01, real=0.05 secs] 
2014-04-09T12:32:22.072+0900: 270.662: [GC (Allocation Failure) 270.662: [ParNew: 113134K->12980K(118016K), 0.0366299 secs] 11968847K->11890898K(25152768K), 0.0368503 secs] [Times: user=0.46 sys=0.00, real=0.03 secs] 
2014-04-09T12:32:22.152+0900: 270.742: [GC (Allocation Failure) 270.742: [ParNew: 117940K->13056K(118016K), 0.0473310 secs] 11960871K->11911090K(25152768K), 0.0475482 secs] [Times: user=0.59 sys=0.00, real=0.04 secs] 
2014-04-09T12:32:22.263+0900: 270.853: [GC (Allocation Failure) 270.853: [ParNew: 118016K->13056K(118016K), 0.0502705 secs] 11969187K->11910713K(25152768K), 0.0504871 secs] [Times: user=0.57 sys=0.01, real=0.05 secs] 
2014-04-09T12:32:22.367+0900: 270.957: [GC (Allocation Failure) 270.957: [ParNew: 118016K->11515K(118016K), 0.0391406 secs] 11967555K->11894336K(25152768K), 0.0393500 secs] [Times: user=0.49 sys=0.01, real=0.04 secs] 
2014-04-09T12:32:22.480+0900: 271.070: [GC (Allocation Failure) 271.070: [ParNew: 116475K->13056K(118016K), 0.0477868 secs] 11944738K->11872253K(25152768K), 0.0479979 secs] [Times: user=0.57 sys=0.00, real=0.05 secs] 
2014-04-09T12:32:22.589+0900: 271.179: [GC (Allocation Failure) 271.179: [ParNew: 118016K->13056K(118016K), 0.0465471 secs] 11908313K->11839708K(25152768K), 0.0467617 secs] [Times: user=0.58 sys=0.00, real=0.05 secs] 
2014-04-09T12:32:22.705+0900: 271.295: [GC (Allocation Failure) 271.295: [ParNew: 116918K->13056K(118016K), 0.0464934 secs] 11881561K->11819908K(25152768K), 0.0467031 secs] [Times: user=0.57 sys=0.00, real=0.05 secs] 
2014-04-09T12:32:22.839+0900: 271.429: [GC (Allocation Failure) 271.429: [ParNew: 117124K->13056K(118016K), 0.0385728 secs] 11834395K->11753052K(25152768K), 0.0387916 secs] [Times: user=0.48 sys=0.00, real=0.04 secs] 
2014-04-09T12:32:22.957+0900: 271.547: [GC (Allocation Failure) 271.547: [ParNew: 118016K->13056K(118016K), 0.0451937 secs] 11780379K->11722356K(25152768K), 0.0454049 secs] [Times: user=0.54 sys=0.01, real=0.05 secs] 
2014-04-09T12:32:23.062+0900: 271.652: [GC (Allocation Failure) 271.652: [ParNew: 118016K->13056K(118016K), 0.0455819 secs] 11780612K->11718278K(25152768K), 0.0457941 secs] [Times: user=0.55 sys=0.00, real=0.04 secs] 
2014-04-09T12:32:23.159+0900: 271.749: [GC (Allocation Failure) 271.749: [ParNew: 118016K->13056K(118016K), 0.0471115 secs] 11777012K->11710152K(25152768K), 0.0473157 secs] [Times: user=0.57 sys=0.00, real=0.05 secs] 
2014-04-09T12:32:23.295+0900: 271.885: [GC (Allocation Failure) 271.885: [ParNew: 110304K->13056K(118016K), 0.0445269 secs] 11707274K->11636602K(25152768K), 0.0447260 secs] [Times: user=0.53 sys=0.00, real=0.04 secs] 
2014-04-09T12:32:23.395+0900: 271.985: [GC (Allocation Failure) 271.985: [ParNew: 118016K->13056K(118016K), 0.0369586 secs] 11698728K->11615969K(25152768K), 0.0371595 secs] [Times: user=0.46 sys=0.00, real=0.04 secs] 
2014-04-09T12:32:23.471+0900: 272.061: [GC (Allocation Failure) 272.061: [ParNew: 118016K->13056K(118016K), 0.0431303 secs] 11686221K->11635995K(25152768K), 0.0433308 secs] [Times: user=0.54 sys=0.00, real=0.05 secs] 
2014-04-09T12:32:23.583+0900: 272.173: [GC (Allocation Failure) 272.173: [ParNew: 118016K->13056K(118016K), 0.0508334 secs] 11687844K->11623352K(25152768K), 0.0510358 secs] [Times: user=0.59 sys=0.01, real=0.05 secs] 
2014-04-09T12:32:23.682+0900: 272.272: [GC (Allocation Failure) 272.272: [ParNew: 118014K->12559K(118016K), 0.0406576 secs] 11704377K->11643958K(25152768K), 0.0408610 secs] [Times: user=0.49 sys=0.01, real=0.04 secs] 
2014-04-09T12:32:23.789+0900: 272.379: [GC (Allocation Failure) 272.379: [ParNew: 117518K->13056K(118016K), 0.0383593 secs] 11697458K->11612202K(25152768K), 0.0385617 secs] [Times: user=0.46 sys=0.00, real=0.04 secs] 
2014-04-09T12:32:23.879+0900: 272.469: [GC (Allocation Failure) 272.469: [ParNew: 118016K->12892K(118016K), 0.0438282 secs] 11674826K->11609932K(25152768K), 0.0440295 secs] [Times: user=0.54 sys=0.01, real=0.05 secs] 
2014-04-09T12:32:23.964+0900: 272.554: [GC (Allocation Failure) 272.554: [ParNew: 117852K->13056K(118016K), 0.0415973 secs] 11678512K->11626682K(25152768K), 0.0417982 secs] [Times: user=0.47 sys=0.01, real=0.04 secs] 
2014-04-09T12:32:24.075+0900: 272.665: [GC (Allocation Failure) 272.665: [ParNew: 117930K->13056K(118016K), 0.0422476 secs] 11663536K->11593659K(25152768K), 0.0424515 secs] [Times: user=0.52 sys=0.01, real=0.04 secs] 
2014-04-09T12:32:24.189+0900: 272.779: [GC (Allocation Failure) 272.779: [ParNew: 118016K->13056K(118016K), 0.0452718 secs] 11652226K->11569791K(25152768K), 0.0454720 secs] [Times: user=0.55 sys=0.00, real=0.05 secs] 
2014-04-09T12:32:24.276+0900: 272.866: [GC (Allocation Failure) 272.866: [ParNew: 118016K->13056K(118016K), 0.0388207 secs] 11604725K->11534769K(25152768K), 0.0390143 secs] [Times: user=0.48 sys=0.01, real=0.04 secs] 
2014-04-09T12:32:24.401+0900: 272.991: [GC (Allocation Failure) 272.992: [ParNew: 118016K->13056K(118016K), 0.0396414 secs] 11448342K->11379688K(25152768K), 0.0398348 secs] [Times: user=0.46 sys=0.00, real=0.04 secs] 
2014-04-09T12:32:24.497+0900: 273.087: [CMS-concurrent-sweep: 1.843/3.170 secs] [Times: user=22.62 sys=0.48, real=3.17 secs] 
2014-04-09T12:32:24.497+0900: 273.087: [CMS-concurrent-reset-start]
2014-04-09T12:32:24.508+0900: 273.098: [GC (Allocation Failure) 273.098: [ParNew: 118016K->13056K(118016K), 0.0453059 secs] 11200296K->11151531K(25152768K), 0.0455023 secs] [Times: user=0.56 sys=0.00, real=0.05 secs] 
2014-04-09T12:32:24.628+0900: 273.218: [CMS-concurrent-reset: 0.084/0.131 secs] [Times: user=0.81 sys=0.00, real=0.13 secs] 
2014-04-09T12:32:24.662+0900: 273.252: [GC (Allocation Failure) 273.252: [ParNew: 118016K->13056K(118016K), 0.0438195 secs] 11256491K->11169534K(25152768K), 0.0440149 secs] [Times: user=0.53 sys=0.00, real=0.04 secs] 
2014-04-09T12:32:24.707+0900: 273.297: [GC (CMS Initial Mark) [1 CMS-initial-mark: 11156478K(25034752K)] 11169801K(25152768K), 0.0019229 secs] [Times: user=0.01 sys=0.00, real=0.00 secs] 
2014-04-09T12:32:24.710+0900: 273.299: [CMS-concurrent-mark-start]
2014-04-09T12:32:24.800+0900: 273.390: [GC (Allocation Failure) 273.390: [ParNew: 108222K->13056K(118016K), 0.0409860 secs] 11264701K->11202743K(25152768K), 0.0411928 secs] [Times: user=0.48 sys=0.01, real=0.05 secs] 
2014-04-09T12:32:24.898+0900: 273.488: [GC (Allocation Failure) 273.488: [ParNew: 118015K->13056K(118016K), 0.0381148 secs] 11307702K->11236152K(25152768K), 0.0383122 secs] [Times: user=0.48 sys=0.00, real=0.04 secs] 
2014-04-09T12:32:25.041+0900: 273.631: [GC (Allocation Failure) 273.632: [ParNew: 118016K->13056K(118016K), 0.0437753 secs] 11341112K->11256300K(25152768K), 0.0439765 secs] [Times: user=0.51 sys=0.00, real=0.04 secs] 
2014-04-09T12:32:25.213+0900: 273.803: [GC (Allocation Failure) 273.803: [ParNew: 112857K->13056K(118016K), 0.0425810 secs] 11356101K->11278399K(25152768K), 0.0427907 secs] [Times: user=0.52 sys=0.00, real=0.04 secs] 
2014-04-09T12:32:25.320+0900: 273.910: [GC (Allocation Failure) 273.910: [ParNew: 118014K->13056K(118016K), 0.0409653 secs] 11383357K->11314527K(25152768K), 0.0411729 secs] [Times: user=0.52 sys=0.00, real=0.04 secs] 
2014-04-09T12:32:25.422+0900: 274.012: [GC (Allocation Failure) 274.012: [ParNew: 118016K->13056K(118016K), 0.0476659 secs] 11419487K->11361989K(25152768K), 0.0478735 secs] [Times: user=0.59 sys=0.00, real=0.04 secs] 
2014-04-09T12:32:25.582+0900: 274.172: [GC (Allocation Failure) 274.172: [ParNew: 118016K->13056K(118016K), 0.0422897 secs] 11466949K->11375866K(25152768K), 0.0424998 secs] [Times: user=0.51 sys=0.00, real=0.04 secs] 
2014-04-09T12:32:25.698+0900: 274.288: [GC (Allocation Failure) 274.288: [ParNew: 109062K->13056K(118016K), 0.0503444 secs] 11471872K->11419519K(25152768K), 0.0505534 secs] [Times: user=0.59 sys=0.01, real=0.05 secs] 
2014-04-09T12:32:25.795+0900: 274.385: [GC (Allocation Failure) 274.385: [ParNew: 118016K->13056K(118016K), 0.0459181 secs] 11524479K->11456749K(25152768K), 0.0461381 secs] [Times: user=0.56 sys=0.01, real=0.04 secs] 
2014-04-09T12:32:25.917+0900: 274.507: [GC (Allocation Failure) 274.507: [ParNew: 114280K->13056K(118016K), 0.0509480 secs] 11557974K->11491011K(25152768K), 0.0511659 secs] [Times: user=0.60 sys=0.02, real=0.05 secs] 
2014-04-09T12:32:26.016+0900: 274.606: [GC (Allocation Failure) 274.606: [ParNew: 118016K->13056K(118016K), 0.0561795 secs] 11595971K->11534190K(25152768K), 0.0563960 secs] [Times: user=0.68 sys=0.01, real=0.05 secs] 
2014-04-09T12:32:26.154+0900: 274.744: [GC (Allocation Failure) 274.745: [ParNew: 118016K->13056K(118016K), 0.0398820 secs] 11639150K->11552346K(25152768K), 0.0400998 secs] [Times: user=0.50 sys=0.00, real=0.04 secs] 
2014-04-09T12:32:26.263+0900: 274.853: [GC (Allocation Failure) 274.853: [ParNew: 111003K->13056K(118016K), 0.0444586 secs] 11650293K->11590798K(25152768K), 0.0446731 secs] [Times: user=0.52 sys=0.01, real=0.04 secs] 
2014-04-09T12:32:26.342+0900: 274.932: [GC (Allocation Failure) 274.932: [ParNew: 112728K->7027K(118016K), 0.0463185 secs] 11690471K->11625412K(25152768K), 0.0465394 secs] [Times: user=0.59 sys=0.01, real=0.05 secs] 
2014-04-09T12:32:26.448+0900: 275.038: [GC (Allocation Failure) 275.038: [ParNew: 111987K->13056K(118016K), 0.0505258 secs] 11730372K->11667214K(25152768K), 0.0507349 secs] [Times: user=0.57 sys=0.01, real=0.05 secs] 
2014-04-09T12:32:26.578+0900: 275.168: [GC (Allocation Failure) 275.168: [ParNew: 110342K->11771K(118016K), 0.0451911 secs] 11764501K->11688886K(25152768K), 0.0454087 secs] [Times: user=0.56 sys=0.00, real=0.05 secs] 
2014-04-09T12:32:26.677+0900: 275.267: [GC (Allocation Failure) 275.267: [ParNew: 116404K->13056K(118016K), 0.0476802 secs] 11793519K->11723131K(25152768K), 0.0478920 secs] [Times: user=0.59 sys=0.00, real=0.05 secs] 
2014-04-09T12:32:26.779+0900: 275.369: [GC (Allocation Failure) 275.369: [ParNew: 118016K->13056K(118016K), 0.0500324 secs] 11828091K->11768990K(25152768K), 0.0502773 secs] [Times: user=0.60 sys=0.01, real=0.05 secs] 
2014-04-09T12:32:26.905+0900: 275.495: [GC (Allocation Failure) 275.495: [ParNew: 118008K->13056K(118016K), 0.0503185 secs] 11873942K->11796643K(25152768K), 0.0505409 secs] [Times: user=0.61 sys=0.00, real=0.05 secs] 
2014-04-09T12:32:27.035+0900: 275.625: [GC (Allocation Failure) 275.625: [ParNew: 118016K->13056K(118016K), 0.0552085 secs] 11901603K->11838199K(25152768K), 0.0554328 secs] [Times: user=0.65 sys=0.01, real=0.05 secs] 
2014-04-09T12:32:27.262+0900: 275.852: [GC (Allocation Failure) 275.852: [ParNew: 118002K->13056K(118016K), 0.0429790 secs] 11943146K->11862144K(25152768K), 0.0432014 secs] [Times: user=0.51 sys=0.01, real=0.05 secs] 
2014-04-09T12:32:27.930+0900: 276.520: [CMS-concurrent-mark: 2.219/3.221 secs] [Times: user=23.83 sys=0.67, real=3.22 secs] 
2014-04-09T12:32:27.930+0900: 276.520: [CMS-concurrent-preclean-start]
2014-04-09T12:32:28.502+0900: 277.091: [CMS-concurrent-preclean: 0.519/0.571 secs] [Times: user=0.58 sys=0.00, real=0.57 secs] 
2014-04-09T12:32:28.502+0900: 277.092: [CMS-concurrent-abortable-preclean-start]
2014-04-09T12:32:29.254+0900: 277.844: [GC (Allocation Failure) 277.845: [ParNew2014-04-09T12:32:29.257+0900: 277.847: [CMS-concurrent-abortable-preclean: 0.454/0.756 secs] [Times: user=0.71 sys=0.01, real=0.76 secs] 
: 118016K->13056K(118016K), 0.0489250 secs] 11967104K->11872786K(25152768K), 0.0491901 secs] [Times: user=0.59 sys=0.01, real=0.05 secs] 
2014-04-09T12:32:29.306+0900: 277.896: [GC (CMS Final Remark) [YG occupancy: 13507 K (118016 K)]277.896: [Rescan (parallel) , 0.0189773 secs]277.915: [weak refs processing, 0.0000643 secs]277.915: [class unloading, 0.0438519 secs]277.959: [scrub symbol table, 0.0043213 secs]277.963: [scrub string table, 0.0012350 secs][1 CMS-remark: 11859730K(25034752K)] 11873237K(25152768K), 0.0756027 secs] [Times: user=0.29 sys=0.00, real=0.07 secs] 
2014-04-09T12:32:29.382+0900: 277.972: [CMS-concurrent-sweep-start]
2014-04-09T12:32:29.454+0900: 278.044: [GC (Allocation Failure) 278.044: [ParNew: 118016K->2386K(118016K), 0.0349393 secs] 11970047K->11865356K(25152768K), 0.0351640 secs] [Times: user=0.42 sys=0.00, real=0.03 secs] 
2014-04-09T12:32:29.566+0900: 278.156: [GC (Allocation Failure) 278.156: [ParNew: 107346K->1591K(118016K), 0.0318239 secs] 11965286K->11859530K(25152768K), 0.0320493 secs] [Times: user=0.39 sys=0.01, real=0.03 secs] 
2014-04-09T12:32:29.673+0900: 278.263: [GC (Allocation Failure) 278.264: [ParNew: 106551K->546K(118016K), 0.0321532 secs] 11960392K->11854387K(25152768K), 0.0323811 secs] [Times: user=0.40 sys=0.00, real=0.03 secs] 
2014-04-09T12:32:29.782+0900: 278.372: [GC (Allocation Failure) 278.372: [ParNew: 105506K->124K(118016K), 0.0332790 secs] 11954203K->11848820K(25152768K), 0.0335052 secs] [Times: user=0.41 sys=0.01, real=0.04 secs] 
2014-04-09T12:32:29.891+0900: 278.481: [GC (Allocation Failure) 278.481: [ParNew: 105084K->38K(118016K), 0.0333290 secs] 11949941K->11844895K(25152768K), 0.0335645 secs] [Times: user=0.41 sys=0.01, real=0.04 secs] 
2014-04-09T12:32:30.000+0900: 278.590: [GC (Allocation Failure) 278.590: [ParNew: 104998K->26K(118016K), 0.0337316 secs] 11945473K->11840501K(25152768K), 0.0339602 secs] [Times: user=0.42 sys=0.00, real=0.04 secs] 
2014-04-09T12:32:30.108+0900: 278.698: [GC (Allocation Failure) 278.699: [ParNew: 104986K->26K(118016K), 0.0325091 secs] 11940942K->11835982K(25152768K), 0.0327341 secs] [Times: user=0.40 sys=0.00, real=0.03 secs] 
2014-04-09T12:32:30.252+0900: 278.842: [GC (Allocation Failure) 278.842: [ParNew: 104986K->26K(118016K), 0.0320386 secs] 11917636K->11812676K(25152768K), 0.0322767 secs] [Times: user=0.40 sys=0.00, real=0.04 secs] 
2014-04-09T12:32:31.096+0900: 279.686: [CMS-concurrent-sweep: 1.432/1.714 secs] [Times: user=7.31 sys=0.03, real=1.72 secs] 
2014-04-09T12:32:31.096+0900: 279.686: [CMS-concurrent-reset-start]
2014-04-09T12:32:31.174+0900: 279.764: [CMS-concurrent-reset: 0.078/0.078 secs] [Times: user=0.08 sys=0.00, real=0.08 secs] 
2014-04-09T12:32:33.174+0900: 281.764: [GC (CMS Initial Mark) [1 CMS-initial-mark: 9223067K(25034752K)] 9318732K(25152768K), 0.0156811 secs] [Times: user=0.19 sys=0.00, real=0.01 secs] 
2014-04-09T12:32:33.191+0900: 281.781: [CMS-concurrent-mark-start]
2014-04-09T12:32:35.333+0900: 283.923: [CMS-concurrent-mark: 2.142/2.142 secs] [Times: user=7.95 sys=0.26, real=2.14 secs] 
2014-04-09T12:32:35.333+0900: 283.923: [CMS-concurrent-preclean-start]
2014-04-09T12:32:35.401+0900: 283.991: [CMS-concurrent-preclean: 0.068/0.068 secs] [Times: user=0.07 sys=0.00, real=0.07 secs] 
2014-04-09T12:32:35.402+0900: 283.992: [CMS-concurrent-abortable-preclean-start]
 CMS: abort preclean due to time 2014-04-09T12:32:40.440+0900: 289.030: [CMS-concurrent-abortable-preclean: 2.735/5.039 secs] [Times: user=2.77 sys=0.01, real=5.04 secs] 
2014-04-09T12:32:40.442+0900: 289.032: [GC (CMS Final Remark) [YG occupancy: 96116 K (118016 K)]289.032: [Rescan (parallel) , 0.0282097 secs]289.060: [weak refs processing, 0.0000643 secs]289.060: [class unloading, 0.0441599 secs]289.104: [scrub symbol table, 0.0043210 secs]289.109: [scrub string table, 0.0012370 secs][1 CMS-remark: 9223067K(25034752K)] 9319183K(25152768K), 0.0851790 secs] [Times: user=0.41 sys=0.00, real=0.09 secs] 
2014-04-09T12:32:40.527+0900: 289.117: [CMS-concurrent-sweep-start]
2014-04-09T12:32:41.077+0900: 289.667: [GC (Allocation Failure) 289.667: [ParNew: 104986K->159K(118016K), 0.0323682 secs] 9324068K->9219242K(25152768K), 0.0325994 secs] [Times: user=0.41 sys=0.00, real=0.03 secs] 
2014-04-09T12:32:41.218+0900: 289.808: [GC (Allocation Failure) 289.808: [ParNew: 105119K->194K(118016K), 0.0316373 secs] 9323069K->9218144K(25152768K), 0.0318577 secs] [Times: user=0.39 sys=0.01, real=0.03 secs] 
2014-04-09T12:32:41.331+0900: 289.921: [GC (Allocation Failure) 289.921: [ParNew: 105154K->213K(118016K), 0.0312716 secs] 9322204K->9217263K(25152768K), 0.0314596 secs] [Times: user=0.39 sys=0.00, real=0.03 secs] 
2014-04-09T12:32:41.441+0900: 290.031: [GC (Allocation Failure) 290.031: [ParNew: 105173K->241K(118016K), 0.0308760 secs] 9322145K->9217213K(25152768K), 0.0310634 secs] [Times: user=0.39 sys=0.00, real=0.03 secs] 
2014-04-09T12:32:41.541+0900: 290.131: [GC (Allocation Failure) 290.131: [ParNew: 105201K->199K(118016K), 0.0312082 secs] 9322151K->9217149K(25152768K), 0.0313952 secs] [Times: user=0.40 sys=0.00, real=0.03 secs] 
2014-04-09T12:32:41.643+0900: 290.233: [GC (Allocation Failure) 290.233: [ParNew: 105159K->232K(118016K), 0.0322442 secs] 9322084K->9217157K(25152768K), 0.0324340 secs] [Times: user=0.41 sys=0.00, real=0.04 secs] 
2014-04-09T12:32:41.752+0900: 290.342: [GC (Allocation Failure) 290.342: [ParNew: 105192K->130K(118016K), 0.0334576 secs] 9322076K->9217150K(25152768K), 0.0336242 secs] [Times: user=0.42 sys=0.00, real=0.04 secs] 
2014-04-09T12:32:41.855+0900: 290.445: [GC (Allocation Failure) 290.445: [ParNew: 105090K->54K(118016K), 0.0330537 secs] 9321968K->9216934K(25152768K), 0.0332175 secs] [Times: user=0.42 sys=0.00, real=0.03 secs] 
2014-04-09T12:32:41.958+0900: 290.548: [GC (Allocation Failure) 290.548: [ParNew: 105014K->45K(118016K), 0.0332860 secs] 9321567K->9216599K(25152768K), 0.0334543 secs] [Times: user=0.42 sys=0.00, real=0.03 secs] 
2014-04-09T12:32:42.060+0900: 290.650: [GC (Allocation Failure) 290.650: [ParNew: 105005K->52K(118016K), 0.0317795 secs] 9320738K->9215789K(25152768K), 0.0319478 secs] [Times: user=0.41 sys=0.00, real=0.03 secs] 
2014-04-09T12:32:42.156+0900: 290.746: [GC (Allocation Failure) 290.747: [ParNew: 105012K->56K(118016K), 0.0328872 secs] 9318886K->9213931K(25152768K), 0.0330470 secs] [Times: user=0.41 sys=0.01, real=0.03 secs] 
2014-04-09T12:32:42.255+0900: 290.845: [GC (Allocation Failure) 290.845: [ParNew: 105016K->50K(118016K), 0.0308877 secs] 9311844K->9206881K(25152768K), 0.0310498 secs] [Times: user=0.38 sys=0.00, real=0.03 secs] 
2014-04-09T12:32:42.329+0900: 290.919: [CMS-concurrent-sweep: 1.390/1.801 secs] [Times: user=8.99 sys=0.04, real=1.80 secs] 
2014-04-09T12:32:42.329+0900: 290.919: [CMS-concurrent-reset-start]
2014-04-09T12:32:42.352+0900: 290.942: [GC (Allocation Failure) 290.942: [ParNew: 105010K->49K(118016K), 0.0316330 secs] 8841718K->8736760K(25152768K), 0.0318141 secs] [Times: user=0.41 sys=0.00, real=0.03 secs] 
2014-04-09T12:32:42.453+0900: 291.043: [GC (Allocation Failure) 291.043: [ParNew: 105009K->57K(118016K), 0.0337025 secs] 8841720K->8736775K(25152768K), 0.0338680 secs] [Times: user=0.43 sys=0.00, real=0.04 secs] 
2014-04-09T12:32:42.491+0900: 291.081: [CMS-concurrent-reset: 0.094/0.163 secs] [Times: user=1.21 sys=0.00, real=0.16 secs] 
2014-04-09T12:32:42.578+0900: 291.168: [GC (Allocation Failure) 291.168: [ParNew: 105017K->9577K(118016K), 0.0325534 secs] 8841735K->8756536K(25152768K), 0.0327204 secs] [Times: user=0.41 sys=0.00, real=0.03 secs] 
2014-04-09T12:32:42.612+0900: 291.202: [GC (CMS Initial Mark) [1 CMS-initial-mark: 8746958K(25034752K)] 8757186K(25152768K), 0.0021345 secs] [Times: user=0.01 sys=0.00, real=0.01 secs] 
2014-04-09T12:32:42.615+0900: 291.205: [CMS-concurrent-mark-start]
2014-04-09T12:32:42.666+0900: 291.256: [GC (Allocation Failure) 291.256: [ParNew: 114537K->11319K(118016K), 0.0342153 secs] 8861496K->8789997K(25152768K), 0.0343808 secs] [Times: user=0.42 sys=0.00, real=0.03 secs] 
2014-04-09T12:32:42.776+0900: 291.366: [GC (Allocation Failure) 291.366: [ParNew: 116279K->13055K(118016K), 0.0404936 secs] 8894957K->8819058K(25152768K), 0.0406598 secs] [Times: user=0.49 sys=0.00, real=0.04 secs] 
2014-04-09T12:32:42.919+0900: 291.509: [GC (Allocation Failure) 291.509: [ParNew: 114725K->13055K(118016K), 0.0484086 secs] 8920728K->8845005K(25152768K), 0.0485742 secs] [Times: user=0.51 sys=0.01, real=0.05 secs] 
2014-04-09T12:32:43.003+0900: 291.593: [GC (Allocation Failure) 291.593: [ParNew: 112481K->12844K(118016K), 0.0388024 secs] 8944431K->8876753K(25152768K), 0.0389679 secs] [Times: user=0.48 sys=0.00, real=0.04 secs] 
2014-04-09T12:32:43.120+0900: 291.710: [GC (Allocation Failure) 291.710: [ParNew: 117804K->13056K(118016K), 0.1024595 secs] 8981713K->8926593K(25152768K), 0.1026251 secs] [Times: user=0.65 sys=0.05, real=0.10 secs] 
2014-04-09T12:32:43.348+0900: 291.938: [GC (Allocation Failure) 291.938: [ParNew: 118000K->13056K(118016K), 0.0413922 secs] 9031537K->8950982K(25152768K), 0.0415615 secs] [Times: user=0.51 sys=0.00, real=0.04 secs] 
2014-04-09T12:32:43.463+0900: 292.053: [GC (Allocation Failure) 292.053: [ParNew: 118016K->13056K(118016K), 0.0481846 secs] 9055942K->8987305K(25152768K), 0.0483559 secs] [Times: user=0.57 sys=0.01, real=0.05 secs] 
2014-04-09T12:32:43.711+0900: 292.301: [GC (Allocation Failure) 292.301: [ParNew: 117993K->13056K(118016K), 0.0422790 secs] 9092243K->9016817K(25152768K), 0.0424456 secs] [Times: user=0.50 sys=0.00, real=0.04 secs] 
2014-04-09T12:32:43.829+0900: 292.419: [GC (Allocation Failure) 292.419: [ParNew: 118014K->13056K(118016K), 0.0562335 secs] 9121776K->9083171K(25152768K), 0.0564005 secs] [Times: user=0.64 sys=0.01, real=0.06 secs] 
2014-04-09T12:32:43.991+0900: 292.581: [GC (Allocation Failure) 292.582: [ParNew: 117715K->13056K(118016K), 0.0417130 secs] 9187830K->9106667K(25152768K), 0.0418803 secs] [Times: user=0.50 sys=0.00, real=0.04 secs] 
2014-04-09T12:32:44.122+0900: 292.712: [GC (Allocation Failure) 292.712: [ParNew: 117896K->8808K(118016K), 0.0491036 secs] 9211508K->9144768K(25152768K), 0.0492687 secs] [Times: user=0.59 sys=0.01, real=0.05 secs] 
2014-04-09T12:32:44.222+0900: 292.812: [GC (Allocation Failure) 292.812: [ParNew: 113768K->13056K(118016K), 0.0400707 secs] 9249728K->9189627K(25152768K), 0.0402351 secs] [Times: user=0.50 sys=0.00, real=0.04 secs] 
2014-04-09T12:32:44.349+0900: 292.939: [GC (Allocation Failure) 292.939: [ParNew: 118016K->13056K(118016K), 0.0441605 secs] 9294587K->9216199K(25152768K), 0.0443297 secs] [Times: user=0.53 sys=0.01, real=0.04 secs] 
2014-04-09T12:32:44.421+0900: 293.011: [CMS-concurrent-mark: 1.163/1.806 secs] [Times: user=13.69 sys=0.31, real=1.80 secs] 
2014-04-09T12:32:44.421+0900: 293.011: [CMS-concurrent-preclean-start]
2014-04-09T12:32:44.473+0900: 293.063: [GC (Allocation Failure) 293.063: [ParNew: 113624K->13056K(118016K), 0.0435188 secs] 9316768K->9258342K(25152768K), 0.0437020 secs] [Times: user=0.52 sys=0.00, real=0.05 secs] 
2014-04-09T12:32:44.564+0900: 293.154: [GC (Allocation Failure) 293.154: [ParNew: 109107K->13056K(118016K), 0.0378325 secs] 9354394K->9294782K(25152768K), 0.0379991 secs] [Times: user=0.46 sys=0.00, real=0.04 secs] 
2014-04-09T12:32:44.672+0900: 293.262: [GC (Allocation Failure) 293.262: [ParNew: 118016K->13056K(118016K), 0.0452266 secs] 9399742K->9323959K(25152768K), 0.0453989 secs] [Times: user=0.54 sys=0.01, real=0.05 secs] 
2014-04-09T12:32:44.786+0900: 293.376: [GC (Allocation Failure) 293.376: [ParNew: 110118K->12073K(118016K), 0.0422748 secs] 9421022K->9356261K(25152768K), 0.0424723 secs] [Times: user=0.48 sys=0.01, real=0.04 secs] 
2014-04-09T12:32:44.916+0900: 293.506: [GC (Allocation Failure) 293.506: [ParNew: 117014K->13056K(118016K), 0.0422980 secs] 9461203K->9391384K(25152768K), 0.0425006 secs] [Times: user=0.46 sys=0.01, real=0.04 secs] 
2014-04-09T12:32:45.038+0900: 293.628: [GC (Allocation Failure) 293.628: [ParNew: 112502K->13056K(118016K), 0.0475724 secs] 9490830K->9425159K(25152768K), 0.0477685 secs] [Times: user=0.59 sys=0.00, real=0.05 secs] 
2014-04-09T12:32:45.165+0900: 293.755: [GC (Allocation Failure) 293.755: [ParNew: 118016K->13056K(118016K), 0.0445134 secs] 9530119K->9449398K(25152768K), 0.0447065 secs] [Times: user=0.54 sys=0.00, real=0.04 secs] 
2014-04-09T12:32:45.287+0900: 293.877: [GC (Allocation Failure) 293.877: [ParNew: 118014K->13056K(118016K), 0.0648868 secs] 9554356K->9512483K(25152768K), 0.0650779 secs] [Times: user=0.66 sys=0.01, real=0.06 secs] 
2014-04-09T12:32:45.447+0900: 294.037: [GC (Allocation Failure) 294.038: [ParNew: 116356K->13056K(118016K), 0.0558861 secs] 9615784K->9548605K(25152768K), 0.0561013 secs] [Times: user=0.48 sys=0.02, real=0.05 secs] 
2014-04-09T12:32:45.567+0900: 294.157: [CMS-concurrent-preclean: 0.637/1.146 secs] [Times: user=7.10 sys=0.18, real=1.15 secs] 
2014-04-09T12:32:45.568+0900: 294.158: [GC (Allocation Failure) 294.158: [ParNew: 118016K->13056K(118016K), 0.0506682 secs] 9653565K->9590858K(25152768K), 0.0508470 secs] [Times: user=0.62 sys=0.01, real=0.05 secs] 
2014-04-09T12:32:45.620+0900: 294.210: [GC (CMS Final Remark) [YG occupancy: 13292 K (118016 K)]294.210: [Rescan (parallel) , 0.0199344 secs]294.230: [weak refs processing, 0.0001218 secs]294.230: [class unloading, 0.0440064 secs]294.274: [scrub symbol table, 0.0043239 secs]294.278: [scrub string table, 0.0012437 secs][1 CMS-remark: 9577802K(25034752K)] 9591094K(25152768K), 0.0768409 secs] [Times: user=0.30 sys=0.00, real=0.08 secs] 
2014-04-09T12:32:45.697+0900: 294.287: [CMS-concurrent-sweep-start]
2014-04-09T12:32:45.758+0900: 294.348: [GC (Allocation Failure) 294.348: [ParNew: 118016K->13056K(118016K), 0.0425456 secs] 9670584K->9600369K(25152768K), 0.0427499 secs] [Times: user=0.46 sys=0.01, real=0.04 secs] 
2014-04-09T12:32:45.910+0900: 294.500: [GC (Allocation Failure) 294.500: [ParNew: 118016K->13056K(118016K), 0.0414895 secs] 9606395K->9539097K(25152768K), 0.0416888 secs] [Times: user=0.48 sys=0.00, real=0.04 secs] 
2014-04-09T12:32:46.002+0900: 294.592: [GC (Allocation Failure) 294.592: [ParNew: 118016K->13056K(118016K), 0.0449839 secs] 9596541K->9533599K(25152768K), 0.0451796 secs] [Times: user=0.55 sys=0.00, real=0.05 secs] 
2014-04-09T12:32:46.099+0900: 294.689: [GC (Allocation Failure) 294.689: [ParNew: 118016K->13056K(118016K), 0.0449556 secs] 9592548K->9529225K(25152768K), 0.0451498 secs] [Times: user=0.56 sys=0.00, real=0.04 secs] 
2014-04-09T12:32:46.203+0900: 294.793: [GC (Allocation Failure) 294.794: [ParNew: 118016K->13056K(118016K), 0.0486502 secs] 9589550K->9523651K(25152768K), 0.0488535 secs] [Times: user=0.58 sys=0.01, real=0.05 secs] 
2014-04-09T12:32:46.335+0900: 294.924: [GC (Allocation Failure) 294.925: [ParNew: 118016K->13056K(118016K), 0.0501659 secs] 9580669K->9518887K(25152768K), 0.0503620 secs] [Times: user=0.61 sys=0.00, real=0.05 secs] 
2014-04-09T12:32:46.450+0900: 295.040: [GC (Allocation Failure) 295.040: [ParNew: 108684K->13056K(118016K), 0.0447223 secs] 9581009K->9518793K(25152768K), 0.0449354 secs] [Times: user=0.51 sys=0.00, real=0.04 secs] 
2014-04-09T12:32:46.535+0900: 295.125: [GC (Allocation Failure) 295.125: [ParNew: 118016K->13056K(118016K), 0.0530395 secs] 9598686K->9545424K(25152768K), 0.0532371 secs] [Times: user=0.65 sys=0.00, real=0.06 secs] 
2014-04-09T12:32:46.658+0900: 295.248: [GC (Allocation Failure) 295.248: [ParNew: 118016K->13056K(118016K), 0.0504118 secs] 9596985K->9540425K(25152768K), 0.0506050 secs] [Times: user=0.58 sys=0.00, real=0.05 secs] 
2014-04-09T12:32:46.781+0900: 295.371: [GC (Allocation Failure) 295.371: [ParNew: 114246K->13056K(118016K), 0.0451576 secs] 9582301K->9515926K(25152768K), 0.0453525 secs] [Times: user=0.54 sys=0.00, real=0.05 secs] 
2014-04-09T12:32:46.900+0900: 295.490: [GC (Allocation Failure) 295.490: [ParNew: 116851K->13056K(118016K), 0.0506710 secs] 9553439K->9493702K(25152768K), 0.0508678 secs] [Times: user=0.60 sys=0.00, real=0.05 secs] 
2014-04-09T12:32:47.008+0900: 295.598: [GC (Allocation Failure) 295.598: [ParNew: 117269K->13056K(118016K), 0.0488760 secs] 9561590K->9495985K(25152768K), 0.0490671 secs] [Times: user=0.60 sys=0.01, real=0.05 secs] 
2014-04-09T12:32:47.100+0900: 295.690: [GC (Allocation Failure) 295.690: [ParNew: 116246K->13056K(118016K), 0.0514691 secs] 9569887K->9513915K(25152768K), 0.0516705 secs] [Times: user=0.62 sys=0.00, real=0.05 secs] 
2014-04-09T12:32:47.223+0900: 295.813: [GC (Allocation Failure) 295.813: [ParNew: 109752K->13056K(118016K), 0.0502297 secs] 9541189K->9473878K(25152768K), 0.0504271 secs] [Times: user=0.52 sys=0.00, real=0.05 secs] 
2014-04-09T12:32:47.327+0900: 295.917: [GC (Allocation Failure) 295.917: [ParNew: 118016K->6083K(118016K), 0.0447820 secs] 9527657K->9456812K(25152768K), 0.0449730 secs] [Times: user=0.56 sys=0.00, real=0.04 secs] 
2014-04-09T12:32:47.444+0900: 296.034: [GC (Allocation Failure) 296.034: [ParNew: 111022K->13056K(118016K), 0.0491112 secs] 9500565K->9446231K(25152768K), 0.0493062 secs] [Times: user=0.54 sys=0.01, real=0.05 secs] 
2014-04-09T12:32:47.553+0900: 296.143: [GC (Allocation Failure) 296.143: [ParNew: 118016K->13056K(118016K), 0.0487719 secs] 9502546K->9432165K(25152768K), 0.0489687 secs] [Times: user=0.59 sys=0.00, real=0.05 secs] 
2014-04-09T12:32:47.654+0900: 296.244: [GC (Allocation Failure) 296.244: [ParNew: 118016K->13056K(118016K), 0.0493677 secs] 9487688K->9429867K(25152768K), 0.0495840 secs] [Times: user=0.59 sys=0.00, real=0.05 secs] 
2014-04-09T12:32:47.759+0900: 296.349: [GC (Allocation Failure) 296.349: [ParNew: 117410K->13056K(118016K), 0.0428398 secs] 9483842K->9424949K(25152768K), 0.0430494 secs] [Times: user=0.48 sys=0.01, real=0.04 secs] 
2014-04-09T12:32:47.886+0900: 296.476: [GC (Allocation Failure) 296.476: [ParNew: 118016K->13056K(118016K), 0.0512232 secs] 9436401K->9378591K(25152768K), 0.0514276 secs] [Times: user=0.61 sys=0.00, real=0.05 secs] 
2014-04-09T12:32:48.007+0900: 296.597: [GC (Allocation Failure) 296.597: [ParNew: 112920K->13056K(118016K), 0.0482539 secs] 9413679K->9359671K(25152768K), 0.0484617 secs] [Times: user=0.58 sys=0.00, real=0.04 secs] 
2014-04-09T12:32:48.117+0900: 296.707: [GC (Allocation Failure) 296.708: [ParNew: 108262K->13056K(118016K), 0.0553920 secs] 9374089K->9336908K(25152768K), 0.0555970 secs] [Times: user=0.67 sys=0.00, real=0.05 secs] 
2014-04-09T12:32:48.214+0900: 296.804: [GC (Allocation Failure) 296.804: [ParNew: 118007K->13056K(118016K), 0.0483165 secs] 9403543K->9356055K(25152768K), 0.0485231 secs] [Times: user=0.59 sys=0.00, real=0.05 secs] 
2014-04-09T12:32:48.331+0900: 296.921: [GC (Allocation Failure) 296.921: [ParNew: 118015K->13056K(118016K), 0.0525819 secs] 9393223K->9325298K(25152768K), 0.0527902 secs] [Times: user=0.63 sys=0.00, real=0.05 secs] 
2014-04-09T12:32:48.465+0900: 297.055: [GC (Allocation Failure) 297.056: [ParNew: 118016K->13056K(118016K), 0.0481782 secs] 9358376K->9283333K(25152768K), 0.0483842 secs] [Times: user=0.57 sys=0.00, real=0.04 secs] 
2014-04-09T12:32:48.570+0900: 297.160: [GC (Allocation Failure) 297.160: [ParNew: 112423K->13056K(118016K), 0.0466609 secs] 9315289K->9256719K(25152768K), 0.0468877 secs] [Times: user=0.55 sys=0.00, real=0.05 secs] 
2014-04-09T12:32:48.684+0900: 297.274: [GC (Allocation Failure) 297.274: [ParNew: 117987K->13056K(118016K), 0.0449697 secs] 9298845K->9221166K(25152768K), 0.0451768 secs] [Times: user=0.51 sys=0.02, real=0.05 secs] 
2014-04-09T12:32:48.883+0900: 297.473: [GC (Allocation Failure) 297.473: [ParNew: 118004K->13056K(118016K), 0.0446544 secs] 9195730K->9128421K(25152768K), 0.0448705 secs] [Times: user=0.57 sys=0.00, real=0.05 secs] 
2014-04-09T12:32:49.074+0900: 297.664: [GC (Allocation Failure) 297.664: [ParNew: 118016K->13056K(118016K), 0.0424699 secs] 8926300K->8830992K(25152768K), 0.0426796 secs] [Times: user=0.52 sys=0.00, real=0.05 secs] 
2014-04-09T12:32:49.209+0900: 297.799: [CMS-concurrent-sweep: 2.083/3.512 secs] [Times: user=24.27 sys=0.50, real=3.51 secs] 
2014-04-09T12:32:49.209+0900: 297.799: [CMS-concurrent-reset-start]
2014-04-09T12:32:49.281+0900: 297.871: [GC (Allocation Failure) 297.871: [ParNew: 118016K->12894K(118016K), 0.0459685 secs] 8697062K->8635198K(25152768K), 0.0461766 secs] [Times: user=0.55 sys=0.00, real=0.05 secs] 
2014-04-09T12:32:49.347+0900: 297.937: [CMS-concurrent-reset: 0.090/0.138 secs] [Times: user=0.76 sys=0.01, real=0.14 secs] 
2014-04-09T12:32:49.471+0900: 298.061: [GC (Allocation Failure) 298.061: [ParNew: 117854K->13056K(118016K), 0.0442546 secs] 8740158K->8674949K(25152768K), 0.0444513 secs] [Times: user=0.54 sys=0.00, real=0.05 secs] 
2014-04-09T12:32:49.517+0900: 298.107: [GC (CMS Initial Mark) [1 CMS-initial-mark: 8661893K(25034752K)] 8675056K(25152768K), 0.0017809 secs] [Times: user=0.01 sys=0.00, real=0.00 secs] 
2014-04-09T12:32:49.519+0900: 298.109: [CMS-concurrent-mark-start]
2014-04-09T12:32:49.615+0900: 298.205: [GC (Allocation Failure) 298.205: [ParNew: 118016K->13056K(118016K), 0.0494099 secs] 8779909K->8716218K(25152768K), 0.0496193 secs] [Times: user=0.56 sys=0.02, real=0.05 secs] 
2014-04-09T12:32:49.766+0900: 298.356: [GC (Allocation Failure) 298.356: [ParNew: 118016K->13056K(118016K), 0.0457962 secs] 8821178K->8752354K(25152768K), 0.0460064 secs] [Times: user=0.54 sys=0.00, real=0.04 secs] 
2014-04-09T12:32:49.900+0900: 298.490: [GC (Allocation Failure) 298.490: [ParNew: 118016K->11920K(118016K), 0.0483775 secs] 8857314K->8797917K(25152768K), 0.0485836 secs] [Times: user=0.59 sys=0.00, real=0.05 secs] 
2014-04-09T12:32:50.086+0900: 298.676: [GC (Allocation Failure) 298.676: [ParNew: 116878K->13056K(118016K), 0.0440688 secs] 8902875K->8838415K(25152768K), 0.0442762 secs] [Times: user=0.50 sys=0.01, real=0.04 secs] 
2014-04-09T12:32:50.275+0900: 298.865: [GC (Allocation Failure) 298.865: [ParNew: 118016K->13056K(118016K), 0.0369963 secs] 8943375K->8868430K(25152768K), 0.0371778 secs] [Times: user=0.44 sys=0.00, real=0.04 secs] 
2014-04-09T12:32:50.399+0900: 298.989: [GC (Allocation Failure) 298.989: [ParNew: 117905K->13056K(118016K), 0.0441567 secs] 8973280K->8911908K(25152768K), 0.0443614 secs] [Times: user=0.53 sys=0.00, real=0.04 secs] 
2014-04-09T12:32:50.509+0900: 299.099: [GC (Allocation Failure) 299.099: [ParNew: 118016K->13056K(118016K), 0.0545569 secs] 9016868K->8956800K(25152768K), 0.0547700 secs] [Times: user=0.61 sys=0.01, real=0.05 secs] 
2014-04-09T12:32:50.616+0900: 299.206: [GC (Allocation Failure) 299.206: [ParNew: 118016K->13056K(118016K), 0.0499055 secs] 9061760K->9000802K(25152768K), 0.0501323 secs] [Times: user=0.61 sys=0.00, real=0.05 secs] 
2014-04-09T12:32:50.761+0900: 299.351: [GC (Allocation Failure) 299.351: [ParNew: 118016K->13056K(118016K), 0.0488242 secs] 9105762K->9027834K(25152768K), 0.0490313 secs] [Times: user=0.58 sys=0.01, real=0.05 secs] 
2014-04-09T12:32:50.863+0900: 299.453: [GC (Allocation Failure) 299.453: [ParNew: 111447K->13056K(118016K), 0.0418414 secs] 9126226K->9076927K(25152768K), 0.0420626 secs] [Times: user=0.49 sys=0.00, real=0.05 secs] 
2014-04-09T12:32:50.971+0900: 299.561: [GC (Allocation Failure) 299.561: [ParNew: 118001K->13056K(118016K), 0.0464790 secs] 9181872K->9114157K(25152768K), 0.0466876 secs] [Times: user=0.57 sys=0.00, real=0.05 secs] 
2014-04-09T12:32:51.078+0900: 299.668: [GC (Allocation Failure) 299.668: [ParNew: 118016K->13056K(118016K), 0.0478998 secs] 9219117K->9161853K(25152768K), 0.0481091 secs] [Times: user=0.59 sys=0.00, real=0.05 secs] 
2014-04-09T12:32:51.269+0900: 299.859: [GC (Allocation Failure) 299.859: [ParNew: 115544K->13056K(118016K), 0.0440338 secs] 9264341K->9187867K(25152768K), 0.0442452 secs] [Times: user=0.54 sys=0.00, real=0.04 secs] 
2014-04-09T12:32:51.385+0900: 299.975: [GC (Allocation Failure) 299.975: [ParNew: 118016K->13056K(118016K), 0.0459912 secs] 9292827K->9240681K(25152768K), 0.0461973 secs] [Times: user=0.55 sys=0.00, real=0.05 secs] 
2014-04-09T12:32:51.488+0900: 300.078: [GC (Allocation Failure) 300.078: [ParNew: 118016K->13056K(118016K), 0.0507057 secs] 9345641K->9286690K(25152768K), 0.0509110 secs] [Times: user=0.61 sys=0.00, real=0.05 secs] 
2014-04-09T12:32:51.661+0900: 300.251: [GC (Allocation Failure) 300.251: [ParNew: 114947K->13056K(118016K), 0.0450143 secs] 9388581K->9314291K(25152768K), 0.0452202 secs] [Times: user=0.53 sys=0.01, real=0.05 secs] 
2014-04-09T12:32:51.787+0900: 300.377: [GC (Allocation Failure) 300.377: [ParNew: 118016K->13056K(118016K), 0.0536934 secs] 9419251K->9364468K(25152768K), 0.0539007 secs] [Times: user=0.64 sys=0.01, real=0.05 secs] 
2014-04-09T12:32:51.907+0900: 300.497: [GC (Allocation Failure) 300.497: [ParNew: 118016K->13056K(118016K), 0.0503750 secs] 9469428K->9410215K(25152768K), 0.0505794 secs] [Times: user=0.62 sys=0.00, real=0.05 secs] 
2014-04-09T12:32:51.986+0900: 300.576: [CMS-concurrent-mark: 1.595/2.466 secs] [Times: user=20.02 sys=0.36, real=2.46 secs] 
2014-04-09T12:32:51.986+0900: 300.576: [CMS-concurrent-preclean-start]
2014-04-09T12:32:52.082+0900: 300.672: [GC (Allocation Failure) 300.672: [ParNew: 118016K->13056K(118016K), 0.0507764 secs] 9515175K->9439920K(25152768K), 0.0509843 secs] [Times: user=0.60 sys=0.00, real=0.05 secs] 
2014-04-09T12:32:52.213+0900: 300.803: [GC (Allocation Failure) 300.803: [ParNew: 115243K->13056K(118016K), 0.0475683 secs] 9542108K->9486993K(25152768K), 0.0477723 secs] [Times: user=0.56 sys=0.00, real=0.05 secs] 
2014-04-09T12:32:52.319+0900: 300.909: [GC (Allocation Failure) 300.909: [ParNew: 118016K->13056K(118016K), 0.0401896 secs] 9591953K->9520132K(25152768K), 0.0403925 secs] [Times: user=0.50 sys=0.00, real=0.04 secs] 
2014-04-09T12:32:52.464+0900: 301.054: [GC (Allocation Failure) 301.054: [ParNew: 118016K->13056K(118016K), 0.0488462 secs] 9625092K->9554031K(25152768K), 0.0490231 secs] [Times: user=0.55 sys=0.01, real=0.05 secs] 
2014-04-09T12:32:52.566+0900: 301.156: [GC (Allocation Failure) 301.156: [ParNew: 118016K->10795K(118016K), 0.0456082 secs] 9658991K->9616599K(25152768K), 0.0458220 secs] [Times: user=0.55 sys=0.00, real=0.05 secs] 
2014-04-09T12:32:52.680+0900: 301.270: [GC (Allocation Failure) 301.270: [ParNew: 108573K->13056K(118016K), 0.0656177 secs] 9714377K->9657339K(25152768K), 0.0658207 secs] [Times: user=0.60 sys=0.02, real=0.06 secs] 
2014-04-09T12:32:52.788+0900: 301.378: [GC (Allocation Failure) 301.378: [ParNew: 118016K->13056K(118016K), 0.0473741 secs] 9762299K->9683357K(25152768K), 0.0475796 secs] [Times: user=0.58 sys=0.00, real=0.04 secs] 
2014-04-09T12:32:52.914+0900: 301.504: [GC (Allocation Failure) 301.504: [ParNew: 111162K->13056K(118016K), 0.0561148 secs] 9781463K->9718576K(25152768K), 0.0563198 secs] [Times: user=0.51 sys=0.02, real=0.06 secs] 
2014-04-09T12:32:53.022+0900: 301.612: [GC (Allocation Failure) 301.612: [ParNew: 117987K->13056K(118016K), 0.0440070 secs] 9823508K->9749464K(25152768K), 0.0442132 secs] [Times: user=0.54 sys=0.01, real=0.05 secs] 
2014-04-09T12:32:53.116+0900: 301.706: [GC (Allocation Failure) 301.706: [ParNew: 118016K->13056K(118016K), 0.0487142 secs] 9854424K->9802642K(25152768K), 0.0489209 secs] [Times: user=0.59 sys=0.01, real=0.05 secs] 
2014-04-09T12:32:53.213+0900: 301.803: [GC (Allocation Failure) 301.803: [ParNew: 118016K->13056K(118016K), 0.0587177 secs] 9907602K->9849966K(25152768K), 0.0589250 secs] [Times: user=0.59 sys=0.03, real=0.06 secs] 
2014-04-09T12:32:53.346+0900: 301.936: [GC (Allocation Failure) 301.936: [ParNew: 118016K->13056K(118016K), 0.0537422 secs] 9954926K->9877684K(25152768K), 0.0539487 secs] [Times: user=0.60 sys=0.01, real=0.06 secs] 
2014-04-09T12:32:53.477+0900: 302.067: [GC (Allocation Failure) 302.067: [ParNew: 114918K->13056K(118016K), 0.0433644 secs] 9979546K->9919581K(25152768K), 0.0435727 secs] [Times: user=0.48 sys=0.01, real=0.04 secs] 
2014-04-09T12:32:53.573+0900: 302.163: [GC (Allocation Failure) 302.163: [ParNew: 118014K->13056K(118016K), 0.0382914 secs] 10024540K->9966545K(25152768K), 0.0385020 secs] [Times: user=0.47 sys=0.00, real=0.04 secs] 
2014-04-09T12:32:53.714+0900: 302.304: [CMS-concurrent-preclean: 0.908/1.728 secs] [Times: user=11.40 sys=0.32, real=1.73 secs] 
2014-04-09T12:32:53.714+0900: 302.304: [GC (Allocation Failure) 302.304: [ParNew: 118016K->13056K(118016K), 0.0479472 secs] 10071505K->10019624K(25152768K), 0.0481452 secs] [Times: user=0.53 sys=0.00, real=0.05 secs] 
2014-04-09T12:32:53.763+0900: 302.353: [GC (CMS Final Remark) [YG occupancy: 13097 K (118016 K)]302.353: [Rescan (parallel) , 0.0173452 secs]302.371: [weak refs processing, 0.0000597 secs]302.371: [class unloading, 0.0456985 secs]302.417: [scrub symbol table, 0.0048316 secs]302.422: [scrub string table, 0.0013912 secs][1 CMS-remark: 10006568K(25034752K)] 10019666K(25152768K), 0.0766012 secs] [Times: user=0.27 sys=0.00, real=0.08 secs] 
2014-04-09T12:32:53.841+0900: 302.430: [CMS-concurrent-sweep-start]
2014-04-09T12:32:53.910+0900: 302.500: [GC (Allocation Failure) 302.500: [ParNew: 118016K->13056K(118016K), 0.0872829 secs] 10121532K->10052541K(25152768K), 0.0874838 secs] [Times: user=0.69 sys=0.03, real=0.09 secs] 
2014-04-09T12:32:54.085+0900: 302.675: [GC (Allocation Failure) 302.675: [ParNew: 108205K->13056K(118016K), 0.0561939 secs] 10144842K->10070729K(25152768K), 0.0564131 secs] [Times: user=0.59 sys=0.01, real=0.06 secs] 
2014-04-09T12:32:54.205+0900: 302.795: [GC (Allocation Failure) 302.795: [ParNew: 112732K->13056K(118016K), 0.0450814 secs] 10169106K->10109898K(25152768K), 0.0452850 secs] [Times: user=0.57 sys=0.00, real=0.05 secs] 
2014-04-09T12:32:54.300+0900: 302.890: [GC (Allocation Failure) 302.891: [ParNew: 110657K->13056K(118016K), 0.0481488 secs] 10206461K->10153300K(25152768K), 0.0483554 secs] [Times: user=0.59 sys=0.01, real=0.05 secs] 
2014-04-09T12:32:54.384+0900: 302.974: [GC (Allocation Failure) 302.975: [ParNew: 118016K->13056K(118016K), 0.0509315 secs] 10257889K->10208781K(25152768K), 0.0511369 secs] [Times: user=0.58 sys=0.01, real=0.05 secs] 
2014-04-09T12:32:54.519+0900: 303.109: [GC (Allocation Failure) 303.109: [ParNew: 118016K->13056K(118016K), 0.0724102 secs] 10312160K->10243432K(25152768K), 0.0726198 secs] [Times: user=0.52 sys=0.02, real=0.07 secs] 
2014-04-09T12:32:54.667+0900: 303.257: [GC (Allocation Failure) 303.257: [ParNew: 118001K->13056K(118016K), 0.0488316 secs] 10346841K->10272217K(25152768K), 0.0490559 secs] [Times: user=0.53 sys=0.02, real=0.05 secs] 
2014-04-09T12:32:54.785+0900: 303.375: [GC (Allocation Failure) 303.375: [ParNew: 117292K->13056K(118016K), 0.0473734 secs] 10369892K->10316321K(25152768K), 0.0475910 secs] [Times: user=0.58 sys=0.01, real=0.05 secs] 
2014-04-09T12:32:54.872+0900: 303.462: [GC (Allocation Failure) 303.462: [ParNew: 118016K->13056K(118016K), 0.0465258 secs] 10415304K->10345729K(25152768K), 0.0467307 secs] [Times: user=0.56 sys=0.01, real=0.05 secs] 
2014-04-09T12:32:54.983+0900: 303.573: [GC (Allocation Failure) 303.573: [ParNew: 118016K->13056K(118016K), 0.0472801 secs] 10438619K->10376426K(25152768K), 0.0474946 secs] [Times: user=0.57 sys=0.00, real=0.05 secs] 
2014-04-09T12:32:55.109+0900: 303.699: [GC (Allocation Failure) 303.699: [ParNew: 118016K->13056K(118016K), 0.0598725 secs] 10469079K->10393596K(25152768K), 0.0600819 secs] [Times: user=0.60 sys=0.02, real=0.06 secs] 
2014-04-09T12:32:55.227+0900: 303.817: [GC (Allocation Failure) 303.817: [ParNew: 117175K->13056K(118016K), 0.0535933 secs] 10489242K->10428915K(25152768K), 0.0537986 secs] [Times: user=0.57 sys=0.01, real=0.05 secs] 
2014-04-09T12:32:55.357+0900: 303.947: [GC (Allocation Failure) 303.947: [ParNew: 118016K->13056K(118016K), 0.0506816 secs] 10529222K->10449478K(25152768K), 0.0508856 secs] [Times: user=0.62 sys=0.01, real=0.05 secs] 
2014-04-09T12:32:55.443+0900: 304.033: [GC (Allocation Failure) 304.033: [ParNew: 111019K->13056K(118016K), 0.0437882 secs] 10542916K->10491405K(25152768K), 0.0439953 secs] [Times: user=0.54 sys=0.00, real=0.05 secs] 
2014-04-09T12:32:55.580+0900: 304.170: [GC (Allocation Failure) 304.170: [ParNew: 112104K->13056K(118016K), 0.0615262 secs] 10585855K->10528195K(25152768K), 0.0617410 secs] [Times: user=0.59 sys=0.01, real=0.06 secs] 
2014-04-09T12:32:55.711+0900: 304.301: [GC (Allocation Failure) 304.301: [ParNew: 118016K->13056K(118016K), 0.0493703 secs] 10629114K->10549803K(25152768K), 0.0495789 secs] [Times: user=0.55 sys=0.01, real=0.05 secs] 
2014-04-09T12:32:55.833+0900: 304.423: [GC (Allocation Failure) 304.423: [ParNew: 118014K->13056K(118016K), 0.0511217 secs] 10647209K->10587688K(25152768K), 0.0513336 secs] [Times: user=0.59 sys=0.02, real=0.05 secs] 
2014-04-09T12:32:55.941+0900: 304.531: [GC (Allocation Failure) 304.531: [ParNew: 115571K->13056K(118016K), 0.0433627 secs] 10682218K->10618462K(25152768K), 0.0435668 secs] [Times: user=0.49 sys=0.01, real=0.04 secs] 
2014-04-09T12:32:56.026+0900: 304.616: [GC (Allocation Failure) 304.616: [ParNew: 111366K->13056K(118016K), 0.0551739 secs] 10710971K->10656342K(25152768K), 0.0553806 secs] [Times: user=0.66 sys=0.01, real=0.06 secs] 
2014-04-09T12:32:56.146+0900: 304.736: [GC (Allocation Failure) 304.736: [ParNew: 118016K->13056K(118016K), 0.0776108 secs] 10750257K->10678758K(25152768K), 0.0778171 secs] [Times: user=0.69 sys=0.03, real=0.08 secs] 
2014-04-09T12:32:56.316+0900: 304.906: [GC (Allocation Failure) 304.907: [ParNew: 118016K->11788K(118016K), 0.0566320 secs] 10773386K->10696544K(25152768K), 0.0568378 secs] [Times: user=0.60 sys=0.01, real=0.05 secs] 
2014-04-09T12:32:56.441+0900: 305.031: [GC (Allocation Failure) 305.031: [ParNew: 116736K->13056K(118016K), 0.0458318 secs] 10780866K->10714312K(25152768K), 0.0460413 secs] [Times: user=0.57 sys=0.00, real=0.05 secs] 
2014-04-09T12:32:56.528+0900: 305.118: [GC (Allocation Failure) 305.118: [ParNew: 118014K->13056K(118016K), 0.0553707 secs] 9725365K->9682852K(25152768K), 0.0555882 secs] [Times: user=0.68 sys=0.01, real=0.05 secs] 
2014-04-09T12:32:56.587+0900: 305.177: [CMS-concurrent-sweep: 1.461/2.746 secs] [Times: user=19.60 sys=0.53, real=2.75 secs] 
2014-04-09T12:32:56.587+0900: 305.177: [CMS-concurrent-reset-start]
2014-04-09T12:32:56.633+0900: 305.223: [GC (Allocation Failure) 305.223: [ParNew: 118015K->13056K(118016K), 0.0663633 secs] 9747170K->9692055K(25152768K), 0.0665709 secs] [Times: user=0.65 sys=0.03, real=0.07 secs] 
2014-04-09T12:32:56.750+0900: 305.340: [CMS-concurrent-reset: 0.096/0.164 secs] [Times: user=1.04 sys=0.04, real=0.16 secs] 
2014-04-09T12:32:56.774+0900: 305.364: [GC (Allocation Failure) 305.364: [ParNew: 118016K->13056K(118016K), 0.0548387 secs] 9797015K->9716392K(25152768K), 0.0550383 secs] [Times: user=0.50 sys=0.02, real=0.06 secs] 
2014-04-09T12:32:56.830+0900: 305.420: [GC (CMS Initial Mark) [1 CMS-initial-mark: 9703336K(25034752K)] 9716919K(25152768K), 0.0023324 secs] [Times: user=0.02 sys=0.00, real=0.00 secs] 
2014-04-09T12:32:56.833+0900: 305.423: [CMS-concurrent-mark-start]
2014-04-09T12:32:56.924+0900: 305.514: [GC (Allocation Failure) 305.514: [ParNew: 108651K->13056K(118016K), 0.0496833 secs] 9811987K->9733054K(25152768K), 0.0498865 secs] [Times: user=0.55 sys=0.01, real=0.05 secs] 
2014-04-09T12:32:57.033+0900: 305.623: [GC (Allocation Failure) 305.623: [ParNew: 110320K->13056K(118016K), 0.0374072 secs] 9830319K->9781203K(25152768K), 0.0376256 secs] [Times: user=0.47 sys=0.01, real=0.04 secs] 
2014-04-09T12:32:57.121+0900: 305.711: [GC (Allocation Failure) 305.711: [ParNew: 114183K->13056K(118016K), 0.0614271 secs] 9882330K->9826811K(25152768K), 0.0616352 secs] [Times: user=0.66 sys=0.01, real=0.06 secs] 
2014-04-09T12:32:57.242+0900: 305.832: [GC (Allocation Failure) 305.832: [ParNew: 112037K->13056K(118016K), 0.0533571 secs] 9925792K->9869947K(25152768K), 0.0535717 secs] [Times: user=0.64 sys=0.00, real=0.05 secs] 
2014-04-09T12:32:57.363+0900: 305.953: [GC (Allocation Failure) 305.953: [ParNew: 115220K->13056K(118016K), 0.0763208 secs] 9972111K->9914473K(25152768K), 0.0765274 secs] [Times: user=0.71 sys=0.01, real=0.08 secs] 
2014-04-09T12:32:57.511+0900: 306.101: [GC (Allocation Failure) 306.101: [ParNew: 117996K->13056K(118016K), 0.0560002 secs] 10019413K->9934297K(25152768K), 0.0562025 secs] [Times: user=0.56 sys=0.02, real=0.06 secs] 
2014-04-09T12:32:57.647+0900: 306.237: [GC (Allocation Failure) 306.237: [ParNew: 118015K->13056K(118016K), 0.0502464 secs] 10039256K->9979273K(25152768K), 0.0504543 secs] [Times: user=0.63 sys=0.01, real=0.05 secs] 
2014-04-09T12:32:57.765+0900: 306.355: [GC (Allocation Failure) 306.355: [ParNew: 118016K->13056K(118016K), 0.0611563 secs] 10084233K->10028284K(25152768K), 0.0613694 secs] [Times: user=0.64 sys=0.03, real=0.07 secs] 
2014-04-09T12:32:57.904+0900: 306.494: [GC (Allocation Failure) 306.494: [ParNew: 118014K->13056K(118016K), 0.0563429 secs] 10133242K->10084940K(25152768K), 0.0565505 secs] [Times: user=0.65 sys=0.01, real=0.06 secs] 
2014-04-09T12:32:58.021+0900: 306.611: [GC (Allocation Failure) 306.611: [ParNew: 118016K->13056K(118016K), 0.0452832 secs] 10189900K->10118477K(25152768K), 0.0454851 secs] [Times: user=0.49 sys=0.01, real=0.04 secs] 
2014-04-09T12:32:58.160+0900: 306.750: [GC (Allocation Failure) 306.750: [ParNew: 117086K->13056K(118016K), 0.0539311 secs] 10222508K->10140255K(25152768K), 0.0541382 secs] [Times: user=0.56 sys=0.02, real=0.05 secs] 
2014-04-09T12:32:58.305+0900: 306.895: [GC (Allocation Failure) 306.896: [ParNew: 117992K->13056K(118016K), 0.0502968 secs] 10245192K->10172878K(25152768K), 0.0505139 secs] [Times: user=0.56 sys=0.01, real=0.05 secs] 
2014-04-09T12:32:58.400+0900: 306.990: [GC (Allocation Failure) 306.990: [ParNew: 118016K->13056K(118016K), 0.0517077 secs] 10277838K->10207937K(25152768K), 0.0519188 secs] [Times: user=0.64 sys=0.00, real=0.05 secs] 
2014-04-09T12:32:58.516+0900: 307.106: [GC (Allocation Failure) 307.106: [ParNew: 110661K->13056K(118016K), 0.0603281 secs] 10305542K->10265584K(25152768K), 0.0605453 secs] [Times: user=0.52 sys=0.00, real=0.06 secs] 
2014-04-09T12:32:58.628+0900: 307.218: [GC (Allocation Failure) 307.218: [ParNew: 113710K->11309K(118016K), 0.0452795 secs] 10366238K->10299185K(25152768K), 0.0454881 secs] [Times: user=0.56 sys=0.00, real=0.04 secs] 
2014-04-09T12:32:58.766+0900: 307.356: [GC (Allocation Failure) 307.356: [ParNew: 116269K->13056K(118016K), 0.0526489 secs] 10404145K->10335469K(25152768K), 0.0528587 secs] [Times: user=0.62 sys=0.01, real=0.06 secs] 
2014-04-09T12:32:58.885+0900: 307.475: [GC (Allocation Failure) 307.475: [ParNew: 113387K->13056K(118016K), 0.0431493 secs] 10435800K->10366360K(25152768K), 0.0433593 secs] [Times: user=0.48 sys=0.01, real=0.05 secs] 
2014-04-09T12:32:58.987+0900: 307.577: [GC (Allocation Failure) 307.577: [ParNew: 118016K->13056K(118016K), 0.0493034 secs] 10471320K->10414226K(25152768K), 0.0495095 secs] [Times: user=0.60 sys=0.00, real=0.05 secs] 
2014-04-09T12:32:59.120+0900: 307.710: [GC (Allocation Failure) 307.711: [ParNew: 118016K->13056K(118016K), 0.0501633 secs] 10519186K->10449793K(25152768K), 0.0503726 secs] [Times: user=0.47 sys=0.01, real=0.05 secs] 
2014-04-09T12:32:59.270+0900: 307.860: [GC (Allocation Failure) 307.860: [ParNew: 115131K->13056K(118016K), 0.0507002 secs] 10551868K->10478852K(25152768K), 0.0509035 secs] [Times: user=0.57 sys=0.02, real=0.05 secs] 
2014-04-09T12:32:59.367+0900: 307.957: [GC (Allocation Failure) 307.957: [ParNew: 118016K->7370K(118016K), 0.0459021 secs] 10583812K->10521564K(25152768K), 0.0461052 secs] [Times: user=0.54 sys=0.00, real=0.05 secs] 
2014-04-09T12:32:59.506+0900: 308.096: [GC (Allocation Failure) 308.096: [ParNew: 111594K->13056K(118016K), 0.0591872 secs] 10625787K->10563211K(25152768K), 0.0593897 secs] [Times: user=0.64 sys=0.01, real=0.06 secs] 
2014-04-09T12:32:59.639+0900: 308.229: [GC (Allocation Failure) 308.230: [ParNew: 118016K->7214K(118016K), 0.0461696 secs] 10668171K->10592491K(25152768K), 0.0463796 secs] [Times: user=0.56 sys=0.01, real=0.04 secs] 
2014-04-09T12:32:59.806+0900: 308.396: [GC (Allocation Failure) 308.396: [ParNew: 112174K->13056K(118016K), 0.0538347 secs] 10697451K->10615338K(25152768K), 0.0540309 secs] [Times: user=0.54 sys=0.01, real=0.06 secs] 
2014-04-09T12:32:59.942+0900: 308.532: [GC (Allocation Failure) 308.532: [ParNew: 115817K->13056K(118016K), 0.0444088 secs] 10718100K->10641830K(25152768K), 0.0446038 secs] [Times: user=0.44 sys=0.01, real=0.04 secs] 
2014-04-09T12:33:00.063+0900: 308.653: [CMS-concurrent-mark: 1.895/3.230 secs] [Times: user=27.22 sys=0.63, real=3.23 secs] 
2014-04-09T12:33:00.063+0900: 308.653: [CMS-concurrent-preclean-start]
2014-04-09T12:33:00.876+0900: 309.466: [CMS-concurrent-preclean: 0.725/0.813 secs] [Times: user=0.96 sys=0.00, real=0.81 secs] 
2014-04-09T12:33:00.876+0900: 309.466: [CMS-concurrent-abortable-preclean-start]
2014-04-09T12:33:01.653+0900: 310.243: [GC (Allocation Failure) 310.243: [ParNew: 118016K->13056K(118016K), 0.0611948 secs] 10746790K->10686054K(25152768K), 0.0614202 secs] [Times: user=0.66 sys=0.01, real=0.06 secs] 
2014-04-09T12:33:01.894+0900: 310.484: [CMS-concurrent-abortable-preclean: 0.613/1.018 secs] [Times: user=1.51 sys=0.02, real=1.02 secs] 
2014-04-09T12:33:01.895+0900: 310.485: [GC (CMS Final Remark) [YG occupancy: 87355 K (118016 K)]310.485: [Rescan (parallel) , 0.0222237 secs]310.507: [weak refs processing, 0.0000622 secs]310.507: [class unloading, 0.0456789 secs]310.553: [scrub symbol table, 0.0048093 secs]310.558: [scrub string table, 0.0013976 secs][1 CMS-remark: 10672998K(25034752K)] 10760354K(25152768K), 0.0814764 secs] [Times: user=0.33 sys=0.01, real=0.08 secs] 
2014-04-09T12:33:01.977+0900: 310.567: [CMS-concurrent-sweep-start]
2014-04-09T12:33:01.992+0900: 310.582: [GC (Allocation Failure) 310.582: [ParNew: 113223K->13055K(118016K), 0.0503175 secs] 10786220K->10727030K(25152768K), 0.0505112 secs] [Times: user=0.59 sys=0.01, real=0.05 secs] 
2014-04-09T12:33:02.101+0900: 310.691: [GC (Allocation Failure) 310.691: [ParNew: 118015K->13056K(118016K), 0.0617616 secs] 10830781K->10772455K(25152768K), 0.0619660 secs] [Times: user=0.66 sys=0.01, real=0.06 secs] 
2014-04-09T12:33:02.297+0900: 310.887: [GC (Allocation Failure) 310.887: [ParNew: 118016K->13056K(118016K), 0.0583352 secs] 10873684K->10795650K(25152768K), 0.0585412 secs] [Times: user=0.59 sys=0.01, real=0.06 secs] 
2014-04-09T12:33:02.478+0900: 311.068: [GC (Allocation Failure) 311.068: [ParNew: 118016K->13056K(118016K), 0.0548878 secs] 10896135K->10819485K(25152768K), 0.0550951 secs] [Times: user=0.60 sys=0.01, real=0.05 secs] 
2014-04-09T12:33:02.583+0900: 311.173: [GC (Allocation Failure) 311.173: [ParNew: 113252K->13056K(118016K), 0.0510647 secs] 10918141K->10876893K(25152768K), 0.0512682 secs] [Times: user=0.63 sys=0.00, real=0.05 secs] 
2014-04-09T12:33:02.742+0900: 311.332: [GC (Allocation Failure) 311.332: [ParNew: 118016K->13056K(118016K), 0.0743367 secs] 10978065K->10925093K(25152768K), 0.0745441 secs] [Times: user=0.72 sys=0.01, real=0.07 secs] 
2014-04-09T12:33:02.949+0900: 311.539: [GC (Allocation Failure) 311.539: [ParNew: 110773K->13056K(118016K), 0.0499708 secs] 11009133K->10934718K(25152768K), 0.0501768 secs] [Times: user=0.55 sys=0.01, real=0.05 secs] 
2014-04-09T12:33:03.060+0900: 311.650: [GC (Allocation Failure) 311.650: [ParNew: 118016K->13056K(118016K), 0.0411350 secs] 11031034K->10962605K(25152768K), 0.0413396 secs] [Times: user=0.51 sys=0.00, real=0.04 secs] 
2014-04-09T12:33:03.172+0900: 311.762: [GC (Allocation Failure) 311.762: [ParNew: 118016K->13056K(118016K), 0.0719501 secs] 11056924K->10996022K(25152768K), 0.0721562 secs] [Times: user=0.50 sys=0.03, real=0.07 secs] 
2014-04-09T12:33:03.368+0900: 311.958: [GC (Allocation Failure) 311.958: [ParNew: 115850K->13056K(118016K), 0.0500624 secs] 11088884K->11003000K(25152768K), 0.0502678 secs] [Times: user=0.62 sys=0.00, real=0.05 secs] 
2014-04-09T12:33:03.503+0900: 312.093: [GC (Allocation Failure) 312.093: [ParNew: 114761K->13056K(118016K), 0.0519852 secs] 11102327K->11038113K(25152768K), 0.0521941 secs] [Times: user=0.57 sys=0.01, real=0.05 secs] 
2014-04-09T12:33:03.613+0900: 312.203: [GC (Allocation Failure) 312.203: [ParNew: 118016K->13056K(118016K), 0.0499972 secs] 11142317K->11082054K(25152768K), 0.0502030 secs] [Times: user=0.59 sys=0.01, real=0.05 secs] 
2014-04-09T12:33:03.769+0900: 312.359: [GC (Allocation Failure) 312.360: [ParNew: 118016K->13056K(118016K), 0.0517508 secs] 11185987K->11107853K(25152768K), 0.0519697 secs] [Times: user=0.55 sys=0.01, real=0.05 secs] 
2014-04-09T12:33:03.932+0900: 312.522: [GC (Allocation Failure) 312.522: [ParNew: 117990K->13056K(118016K), 0.0530496 secs] 11211886K->11142368K(25152768K), 0.0532588 secs] [Times: user=0.52 sys=0.02, real=0.05 secs] 
2014-04-09T12:33:04.040+0900: 312.630: [GC (Allocation Failure) 312.630: [ParNew: 117656K->13056K(118016K), 0.0471952 secs] 11246008K->11183366K(25152768K), 0.0474039 secs] [Times: user=0.59 sys=0.00, real=0.05 secs] 
2014-04-09T12:33:04.171+0900: 312.761: [GC (Allocation Failure) 312.761: [ParNew: 118016K->13056K(118016K), 0.0734831 secs] 11275465K->11218604K(25152768K), 0.0737023 secs] [Times: user=0.69 sys=0.02, real=0.07 secs] 
2014-04-09T12:33:04.345+0900: 312.935: [CMS-concurrent-sweep: 1.452/2.368 secs] [Times: user=13.95 sys=0.36, real=2.37 secs] 
2014-04-09T12:33:04.345+0900: 312.935: [CMS-concurrent-reset-start]
2014-04-09T12:33:04.377+0900: 312.967: [GC (Allocation Failure) 312.967: [ParNew: 117123K->13056K(118016K), 0.0467925 secs] 9879501K->9799325K(25152768K), 0.0470001 secs] [Times: user=0.52 sys=0.01, real=0.05 secs] 
2014-04-09T12:33:04.485+0900: 313.075: [CMS-concurrent-reset: 0.089/0.140 secs] [Times: user=0.70 sys=0.02, real=0.14 secs] 
2014-04-09T12:33:06.241+0900: 314.831: [GC (Allocation Failure) 314.831: [ParNew: 118016K->13056K(118016K), 0.0435081 secs] 9904285K->9824025K(25152768K), 0.0437204 secs] [Times: user=0.47 sys=0.01, real=0.04 secs] 
2014-04-09T12:33:06.286+0900: 314.876: [GC (CMS Initial Mark) [1 CMS-initial-mark: 9810969K(25034752K)] 9824231K(25152768K), 0.0016727 secs] [Times: user=0.01 sys=0.00, real=0.00 secs] 
2014-04-09T12:33:06.288+0900: 314.878: [CMS-concurrent-mark-start]
2014-04-09T12:33:06.970+0900: 315.560: [GC (Allocation Failure) 315.560: [ParNew: 118016K->13056K(118016K), 0.0484662 secs] 9928985K->9841985K(25152768K), 0.0486840 secs] [Times: user=0.51 sys=0.01, real=0.05 secs] 
2014-04-09T12:33:08.206+0900: 316.796: [CMS-concurrent-mark: 1.869/1.918 secs] [Times: user=7.97 sys=0.22, real=1.92 secs] 
2014-04-09T12:33:08.206+0900: 316.796: [CMS-concurrent-preclean-start]
2014-04-09T12:33:08.315+0900: 316.905: [CMS-concurrent-preclean: 0.105/0.109 secs] [Times: user=0.11 sys=0.00, real=0.11 secs] 
2014-04-09T12:33:08.315+0900: 316.905: [CMS-concurrent-abortable-preclean-start]
2014-04-09T12:33:09.083+0900: 317.673: [GC (Allocation Failure) 317.673: [ParNew: 118016K->13056K(118016K), 0.0533902 secs] 9946945K->9887198K(25152768K), 0.0536004 secs] [Times: user=0.58 sys=0.01, real=0.05 secs] 
2014-04-09T12:33:09.275+0900: 317.865: [GC (Allocation Failure) 317.866: [ParNew: 118016K->13056K(118016K), 0.0490789 secs] 9992158K->9895560K(25152768K), 0.0492929 secs] [Times: user=0.51 sys=0.01, real=0.05 secs] 
2014-04-09T12:33:09.404+0900: 317.994: [CMS-concurrent-abortable-preclean: 0.676/1.089 secs] [Times: user=2.32 sys=0.02, real=1.09 secs] 
2014-04-09T12:33:09.405+0900: 317.995: [GC (CMS Final Remark) [YG occupancy: 109532 K (118016 K)]317.995: [Rescan (parallel) , 0.0306973 secs]318.026: [weak refs processing, 0.0000600 secs]318.026: [class unloading, 0.0457179 secs]318.072: [scrub symbol table, 0.0048126 secs]318.076: [scrub string table, 0.0013950 secs][1 CMS-remark: 9882504K(25034752K)] 9992037K(25152768K), 0.0899816 secs] [Times: user=0.44 sys=0.00, real=0.09 secs] 
2014-04-09T12:33:09.495+0900: 318.085: [CMS-concurrent-sweep-start]
2014-04-09T12:33:09.503+0900: 318.093: [GC (Allocation Failure) 318.093: [ParNew: 118016K->10148K(118016K), 0.0505841 secs] 10000510K->9905672K(25152768K), 0.0508026 secs] [Times: user=0.49 sys=0.01, real=0.05 secs] 
2014-04-09T12:33:09.644+0900: 318.234: [GC (Allocation Failure) 318.234: [ParNew: 115108K->2325K(118016K), 0.0302977 secs] 10007664K->9894882K(25152768K), 0.0305019 secs] [Times: user=0.38 sys=0.00, real=0.03 secs] 
2014-04-09T12:33:09.777+0900: 318.367: [GC (Allocation Failure) 318.367: [ParNew: 107285K->581K(118016K), 0.0311533 secs] 9996641K->9889936K(25152768K), 0.0313628 secs] [Times: user=0.39 sys=0.00, real=0.03 secs] 
2014-04-09T12:33:09.911+0900: 318.501: [GC (Allocation Failure) 318.501: [ParNew: 105541K->146K(118016K), 0.0308885 secs] 9991237K->9885842K(25152768K), 0.0311193 secs] [Times: user=0.40 sys=0.00, real=0.03 secs] 
2014-04-09T12:33:10.046+0900: 318.636: [GC (Allocation Failure) 318.636: [ParNew: 105106K->50K(118016K), 0.0316320 secs] 9988106K->9883050K(25152768K), 0.0318377 secs] [Times: user=0.40 sys=0.00, real=0.03 secs] 
2014-04-09T12:33:10.182+0900: 318.772: [GC (Allocation Failure) 318.772: [ParNew: 105010K->32K(118016K), 0.0304572 secs] 9984934K->9879955K(25152768K), 0.0306622 secs] [Times: user=0.38 sys=0.01, real=0.03 secs] 
2014-04-09T12:33:10.295+0900: 318.885: [GC (Allocation Failure) 318.885: [ParNew: 104992K->30K(118016K), 0.0293707 secs] 9975118K->9870156K(25152768K), 0.0295704 secs] [Times: user=0.37 sys=0.00, real=0.03 secs] 
2014-04-09T12:33:10.407+0900: 318.997: [GC (Allocation Failure) 318.997: [ParNew: 104990K->30K(118016K), 0.0304335 secs] 9969595K->9864635K(25152768K), 0.0306301 secs] [Times: user=0.38 sys=0.00, real=0.03 secs] 
2014-04-09T12:33:11.099+0900: 319.689: [CMS-concurrent-sweep: 1.328/1.604 secs] [Times: user=6.67 sys=0.02, real=1.61 secs] 
2014-04-09T12:33:11.099+0900: 319.689: [CMS-concurrent-reset-start]
2014-04-09T12:33:11.163+0900: 319.753: [CMS-concurrent-reset: 0.064/0.064 secs] [Times: user=0.06 sys=0.00, real=0.06 secs] 
2014-04-09T12:33:11.773+0900: 320.363: [GC (Allocation Failure) 320.364: [ParNew: 104990K->99K(118016K), 0.0331496 secs] 8898002K->8793118K(25152768K), 0.0333606 secs] [Times: user=0.41 sys=0.01, real=0.03 secs] 
2014-04-09T12:33:11.808+0900: 320.398: [GC (CMS Initial Mark) [1 CMS-initial-mark: 8793018K(25034752K)] 8793447K(25152768K), 0.0018507 secs] [Times: user=0.01 sys=0.00, real=0.01 secs] 
2014-04-09T12:33:11.811+0900: 320.401: [CMS-concurrent-mark-start]
2014-04-09T12:33:11.938+0900: 320.528: [GC (Allocation Failure) 320.528: [ParNew: 105059K->113K(118016K), 0.0326023 secs] 8898078K->8793132K(25152768K), 0.0328127 secs] [Times: user=0.41 sys=0.01, real=0.04 secs] 
2014-04-09T12:33:12.093+0900: 320.683: [GC (Allocation Failure) 320.683: [ParNew: 105073K->126K(118016K), 0.0314524 secs] 8898092K->8793144K(25152768K), 0.0316577 secs] [Times: user=0.40 sys=0.00, real=0.03 secs] 
2014-04-09T12:33:12.246+0900: 320.836: [GC (Allocation Failure) 320.836: [ParNew: 105086K->112K(118016K), 0.0326435 secs] 8898104K->8793130K(25152768K), 0.0328452 secs] [Times: user=0.41 sys=0.00, real=0.03 secs] 
2014-04-09T12:33:12.396+0900: 320.986: [GC (Allocation Failure) 320.986: [ParNew: 105072K->127K(118016K), 0.0315851 secs] 8898090K->8793145K(25152768K), 0.0317842 secs] [Times: user=0.40 sys=0.00, real=0.03 secs] 
2014-04-09T12:33:12.544+0900: 321.134: [GC (Allocation Failure) 321.134: [ParNew: 105087K->110K(118016K), 0.0298288 secs] 8898105K->8793129K(25152768K), 0.0300306 secs] [Times: user=0.38 sys=0.01, real=0.03 secs] 
2014-04-09T12:33:12.689+0900: 321.279: [GC (Allocation Failure) 321.279: [ParNew: 105070K->59K(118016K), 0.0315305 secs] 8898089K->8793146K(25152768K), 0.0317345 secs] [Times: user=0.39 sys=0.00, real=0.03 secs] 
2014-04-09T12:33:12.845+0900: 321.435: [GC (Allocation Failure) 321.435: [ParNew: 105019K->40K(118016K), 0.0300223 secs] 8898106K->8793130K(25152768K), 0.0302184 secs] [Times: user=0.38 sys=0.01, real=0.03 secs] 
2014-04-09T12:33:12.996+0900: 321.586: [GC (Allocation Failure) 321.586: [ParNew: 105000K->43K(118016K), 0.0303518 secs] 8898090K->8793133K(25152768K), 0.0305637 secs] [Times: user=0.38 sys=0.00, real=0.03 secs] 
2014-04-09T12:33:13.144+0900: 321.734: [GC (Allocation Failure) 321.734: [ParNew: 105003K->42K(118016K), 0.0303379 secs] 8898093K->8793132K(25152768K), 0.0305346 secs] [Times: user=0.38 sys=0.00, real=0.03 secs] 
2014-04-09T12:33:13.292+0900: 321.882: [GC (Allocation Failure) 321.882: [ParNew: 105002K->47K(118016K), 0.0285360 secs] 8898092K->8793138K(25152768K), 0.0287282 secs] [Times: user=0.36 sys=0.00, real=0.03 secs] 
2014-04-09T12:33:13.345+0900: 321.935: [CMS-concurrent-mark: 1.211/1.535 secs] [Times: user=11.12 sys=0.07, real=1.53 secs] 
2014-04-09T12:33:13.346+0900: 321.936: [CMS-concurrent-preclean-start]
2014-04-09T12:33:13.458+0900: 322.047: [CMS-concurrent-preclean: 0.112/0.112 secs] [Times: user=0.30 sys=0.00, real=0.11 secs] 
2014-04-09T12:33:13.458+0900: 322.048: [GC (Allocation Failure) 322.048: [ParNew: 105007K->48K(118016K), 0.0287474 secs] 8898098K->8793139K(25152768K), 0.0289291 secs] [Times: user=0.37 sys=0.00, real=0.03 secs] 
2014-04-09T12:33:13.489+0900: 322.079: [GC (CMS Final Remark) [YG occupancy: 1050 K (118016 K)]322.079: [Rescan (parallel) , 0.0130314 secs]322.092: [weak refs processing, 0.0000519 secs]322.092: [class unloading, 0.0388731 secs]322.131: [scrub symbol table, 0.0042311 secs]322.135: [scrub string table, 0.0012599 secs][1 CMS-remark: 8793090K(25034752K)] 8794141K(25152768K), 0.0634659 secs] [Times: user=0.20 sys=0.00, real=0.07 secs] 
2014-04-09T12:33:13.553+0900: 322.143: [CMS-concurrent-sweep-start]
2014-04-09T12:33:13.668+0900: 322.258: [GC (Allocation Failure) 322.258: [ParNew: 102985K->2374K(118016K), 0.0306657 secs] 8799539K->8698932K(25152768K), 0.0308540 secs] [Times: user=0.38 sys=0.00, real=0.03 secs] 
2014-04-09T12:33:13.789+0900: 322.379: [GC (Allocation Failure) 322.379: [ParNew: 104296K->13055K(118016K), 0.0354394 secs] 8710537K->8636082K(25152768K), 0.0356452 secs] [Times: user=0.44 sys=0.01, real=0.04 secs] 
2014-04-09T12:33:13.900+0900: 322.490: [GC (Allocation Failure) 322.490: [ParNew: 118015K->13054K(118016K), 0.0577304 secs] 8687412K->8636903K(25152768K), 0.0579094 secs] [Times: user=0.69 sys=0.01, real=0.05 secs] 
2014-04-09T12:33:14.068+0900: 322.658: [GC (Allocation Failure) 322.658: [ParNew: 118014K->13056K(118016K), 0.0544352 secs] 8639253K->8585399K(25152768K), 0.0546128 secs] [Times: user=0.64 sys=0.01, real=0.06 secs] 
2014-04-09T12:33:14.204+0900: 322.794: [GC (Allocation Failure) 322.794: [ParNew: 112647K->13056K(118016K), 0.0510385 secs] 8594198K->8535773K(25152768K), 0.0512197 secs] [Times: user=0.61 sys=0.01, real=0.05 secs] 
2014-04-09T12:33:14.330+0900: 322.920: [GC (Allocation Failure) 322.920: [ParNew: 118015K->13056K(118016K), 0.0537427 secs] 8553973K->8485720K(25152768K), 0.0539160 secs] [Times: user=0.58 sys=0.01, real=0.05 secs] 
2014-04-09T12:33:14.471+0900: 323.061: [GC (Allocation Failure) 323.061: [ParNew: 113934K->13056K(118016K), 0.0438434 secs] 8476469K->8413382K(25152768K), 0.0440142 secs] [Times: user=0.45 sys=0.01, real=0.04 secs] 
2014-04-09T12:33:14.590+0900: 323.180: [GC (Allocation Failure) 323.180: [ParNew: 108353K->13056K(118016K), 0.0435581 secs] 8406981K->8342523K(25152768K), 0.0437409 secs] [Times: user=0.53 sys=0.00, real=0.04 secs] 
2014-04-09T12:33:14.707+0900: 323.297: [GC (Allocation Failure) 323.297: [ParNew: 116528K->13056K(118016K), 0.0511741 secs] 8372821K->8314836K(25152768K), 0.0513464 secs] [Times: user=0.63 sys=0.00, real=0.05 secs] 
2014-04-09T12:33:14.842+0900: 323.432: [GC (Allocation Failure) 323.432: [ParNew: 118016K->13056K(118016K), 0.0490754 secs] 8324938K->8260387K(25152768K), 0.0492491 secs] [Times: user=0.53 sys=0.01, real=0.05 secs] 
2014-04-09T12:33:14.984+0900: 323.574: [GC (Allocation Failure) 323.574: [ParNew: 117641K->11632K(118016K), 0.0475571 secs] 8247743K->8182315K(25152768K), 0.0477286 secs] [Times: user=0.57 sys=0.00, real=0.05 secs] 
2014-04-09T12:33:15.083+0900: 323.673: [GC (Allocation Failure) 323.673: [ParNew: 109897K->13056K(118016K), 0.0487191 secs] 8223765K->8159447K(25152768K), 0.0488896 secs] [Times: user=0.60 sys=0.01, real=0.05 secs] 
2014-04-09T12:33:15.221+0900: 323.811: [GC (Allocation Failure) 323.811: [ParNew: 114835K->13056K(118016K), 0.0533849 secs] 8166423K->8095962K(25152768K), 0.0535502 secs] [Times: user=0.57 sys=0.01, real=0.05 secs] 
2014-04-09T12:33:15.366+0900: 323.956: [GC (Allocation Failure) 323.956: [ParNew: 116251K->13056K(118016K), 0.0420141 secs] 8102344K->8035364K(25152768K), 0.0421814 secs] [Times: user=0.48 sys=0.00, real=0.04 secs] 
2014-04-09T12:33:15.455+0900: 324.045: [GC (Allocation Failure) 324.046: [ParNew: 118016K->13056K(118016K), 0.0443124 secs] 8096898K->8045323K(25152768K), 0.0444783 secs] [Times: user=0.55 sys=0.00, real=0.05 secs] 
2014-04-09T12:33:15.594+0900: 324.184: [GC (Allocation Failure) 324.184: [ParNew: 118016K->13056K(118016K), 0.0533484 secs] 8061654K->7987167K(25152768K), 0.0535139 secs] [Times: user=0.59 sys=0.01, real=0.05 secs] 
2014-04-09T12:33:15.740+0900: 324.330: [GC (Allocation Failure) 324.330: [ParNew: 118016K->13056K(118016K), 0.0504013 secs] 8004867K->7935179K(25152768K), 0.0505659 secs] [Times: user=0.58 sys=0.01, real=0.05 secs] 
2014-04-09T12:33:15.839+0900: 324.429: [GC (Allocation Failure) 324.429: [ParNew: 118016K->13056K(118016K), 0.0471518 secs] 7981941K->7926033K(25152768K), 0.0473150 secs] [Times: user=0.58 sys=0.00, real=0.05 secs] 
2014-04-09T12:33:15.988+0900: 324.578: [GC (Allocation Failure) 324.578: [ParNew: 117181K->13056K(118016K), 0.0542872 secs] 7894229K->7818999K(25152768K), 0.0544558 secs] [Times: user=0.59 sys=0.00, real=0.06 secs] 
2014-04-09T12:33:16.115+0900: 324.705: [GC (Allocation Failure) 324.705: [ParNew: 116200K->13056K(118016K), 0.0398967 secs] 7842089K->7778624K(25152768K), 0.0400594 secs] [Times: user=0.46 sys=0.00, real=0.04 secs] 
2014-04-09T12:33:16.216+0900: 324.806: [GC (Allocation Failure) 324.806: [ParNew: 118016K->13056K(118016K), 0.0519044 secs] 7834548K->7789921K(25152768K), 0.0520640 secs] [Times: user=0.62 sys=0.00, real=0.05 secs] 
2014-04-09T12:33:16.368+0900: 324.958: [GC (Allocation Failure) 324.958: [ParNew: 112372K->13056K(118016K), 0.0533486 secs] 7748228K->7668485K(25152768K), 0.0535197 secs] [Times: user=0.64 sys=0.00, real=0.06 secs] 
2014-04-09T12:33:16.496+0900: 325.086: [GC (Allocation Failure) 325.086: [ParNew: 118007K->13056K(118016K), 0.0403343 secs] 7561888K->7488241K(25152768K), 0.0405077 secs] [Times: user=0.46 sys=0.01, real=0.04 secs] 
2014-04-09T12:33:16.588+0900: 325.178: [GC (Allocation Failure) 325.178: [ParNew: 118016K->13056K(118016K), 0.0478934 secs] 7440686K->7388205K(25152768K), 0.0480546 secs] [Times: user=0.54 sys=0.02, real=0.05 secs] 
2014-04-09T12:33:16.690+0900: 325.280: [CMS-concurrent-sweep: 1.960/3.137 secs] [Times: user=19.45 sys=0.42, real=3.14 secs] 
2014-04-09T12:33:16.690+0900: 325.280: [CMS-concurrent-reset-start]
2014-04-09T12:33:16.737+0900: 325.327: [GC (Allocation Failure) 325.327: [ParNew: 111209K->13056K(118016K), 0.0500979 secs] 7275485K->7208126K(25152768K), 0.0502646 secs] [Times: user=0.56 sys=0.01, real=0.05 secs] 
2014-04-09T12:33:16.814+0900: 325.404: [CMS-concurrent-reset: 0.073/0.124 secs] [Times: user=0.78 sys=0.01, real=0.12 secs] 
2014-04-09T12:33:16.856+0900: 325.446: [GC (Allocation Failure) 325.446: [ParNew: 118016K->10365K(118016K), 0.0362900 secs] 7313086K->7250536K(25152768K), 0.0364458 secs] [Times: user=0.45 sys=0.00, real=0.04 secs] 
2014-04-09T12:33:16.948+0900: 325.538: [GC (Allocation Failure) 325.538: [ParNew: 115325K->13056K(118016K), 0.0482319 secs] 7355496K->7295605K(25152768K), 0.0483897 secs] [Times: user=0.58 sys=0.01, real=0.05 secs] 
2014-04-09T12:33:17.111+0900: 325.701: [GC (Allocation Failure) 325.702: [ParNew: 111207K->13056K(118016K), 0.0512058 secs] 7393757K->7325320K(25152768K), 0.0513617 secs] [Times: user=0.56 sys=0.01, real=0.05 secs] 
2014-04-09T12:33:17.225+0900: 325.815: [GC (Allocation Failure) 325.815: [ParNew: 118016K->13056K(118016K), 0.0491095 secs] 7430280K->7369503K(25152768K), 0.0492840 secs] [Times: user=0.61 sys=0.00, real=0.05 secs] 
2014-04-09T12:33:17.347+0900: 325.937: [GC (Allocation Failure) 325.937: [ParNew: 118016K->13056K(118016K), 0.0517730 secs] 7474463K->7410961K(25152768K), 0.0519689 secs] [Times: user=0.63 sys=0.01, real=0.05 secs] 
2014-04-09T12:33:17.527+0900: 326.117: [GC (Allocation Failure) 326.117: [ParNew: 118016K->13056K(118016K), 0.0503371 secs] 7515921K->7440394K(25152768K), 0.0505143 secs] [Times: user=0.56 sys=0.00, real=0.05 secs] 
2014-04-09T12:33:17.656+0900: 326.246: [GC (Allocation Failure) 326.246: [ParNew: 118016K->13056K(118016K), 0.0540268 secs] 7545354K->7489130K(25152768K), 0.0542047 secs] [Times: user=0.61 sys=0.01, real=0.06 secs] 
2014-04-09T12:33:17.781+0900: 326.371: [GC (Allocation Failure) 326.371: [ParNew: 118016K->13056K(118016K), 0.0505410 secs] 7594090K->7525937K(25152768K), 0.0507203 secs] [Times: user=0.62 sys=0.00, real=0.05 secs] 
2014-04-09T12:33:17.833+0900: 326.423: [GC (CMS Initial Mark) [1 CMS-initial-mark: 7512881K(25034752K)] 7525968K(25152768K), 0.0018368 secs] [Times: user=0.01 sys=0.00, real=0.00 secs] 
2014-04-09T12:33:17.835+0900: 326.425: [CMS-concurrent-mark-start]
2014-04-09T12:33:17.988+0900: 326.578: [GC (Allocation Failure) 326.578: [ParNew: 118016K->13056K(118016K), 0.0585589 secs] 7630897K->7558125K(25152768K), 0.0587510 secs] [Times: user=0.62 sys=0.01, real=0.06 secs] 
2014-04-09T12:33:18.160+0900: 326.750: [GC (Allocation Failure) 326.750: [ParNew: 115453K->13056K(118016K), 0.0526961 secs] 7660523K->7606033K(25152768K), 0.0528769 secs] [Times: user=0.64 sys=0.00, real=0.05 secs] 
2014-04-09T12:33:18.280+0900: 326.870: [GC (Allocation Failure) 326.870: [ParNew: 118014K->13056K(118016K), 0.0438198 secs] 7710992K->7639889K(25152768K), 0.0439998 secs] [Times: user=0.55 sys=0.00, real=0.05 secs] 
2014-04-09T12:33:18.426+0900: 327.016: [GC (Allocation Failure) 327.016: [ParNew: 117661K->13056K(118016K), 0.0584693 secs] 7744495K->7671227K(25152768K), 0.0586480 secs] [Times: user=0.68 sys=0.00, real=0.06 secs] 
2014-04-09T12:33:18.569+0900: 327.159: [GC (Allocation Failure) 327.159: [ParNew: 118016K->13056K(118016K), 0.0512942 secs] 7776187K->7717857K(25152768K), 0.0514725 secs] [Times: user=0.61 sys=0.01, real=0.06 secs] 
2014-04-09T12:33:18.699+0900: 327.289: [GC (Allocation Failure) 327.289: [ParNew: 118016K->13056K(118016K), 0.0511154 secs] 7822817K->7752551K(25152768K), 0.0512928 secs] [Times: user=0.62 sys=0.00, real=0.06 secs] 
2014-04-09T12:33:18.879+0900: 327.469: [GC (Allocation Failure) 327.469: [ParNew: 118009K->13056K(118016K), 0.0499719 secs] 7857504K->7785234K(25152768K), 0.0501480 secs] [Times: user=0.57 sys=0.01, real=0.05 secs] 
2014-04-09T12:33:18.995+0900: 327.585: [GC (Allocation Failure) 327.585: [ParNew: 115716K->13056K(118016K), 0.0493000 secs] 7887894K->7833408K(25152768K), 0.0494707 secs] [Times: user=0.60 sys=0.01, real=0.05 secs] 
2014-04-09T12:33:19.136+0900: 327.726: [GC (Allocation Failure) 327.726: [ParNew: 118016K->13056K(118016K), 0.0495168 secs] 7938368K->7877182K(25152768K), 0.0496970 secs] [Times: user=0.51 sys=0.01, real=0.05 secs] 
2014-04-09T12:33:19.328+0900: 327.918: [GC (Allocation Failure) 327.918: [ParNew: 117997K->12346K(118016K), 0.0447285 secs] 7982124K->7909793K(25152768K), 0.0449049 secs] [Times: user=0.50 sys=0.01, real=0.05 secs] 
2014-04-09T12:33:19.471+0900: 328.061: [GC (Allocation Failure) 328.061: [ParNew: 117306K->13056K(118016K), 0.0479312 secs] 8014753K->7954190K(25152768K), 0.0480988 secs] [Times: user=0.59 sys=0.00, real=0.04 secs] 
2014-04-09T12:33:19.755+0900: 328.345: [GC (Allocation Failure) 328.345: [ParNew: 116432K->13056K(118016K), 0.0455456 secs] 8057567K->7986135K(25152768K), 0.0457144 secs] [Times: user=0.54 sys=0.00, real=0.05 secs] 
2014-04-09T12:33:19.906+0900: 328.496: [CMS-concurrent-mark: 1.455/2.071 secs] [Times: user=15.31 sys=0.31, real=2.07 secs] 
2014-04-09T12:33:19.906+0900: 328.496: [CMS-concurrent-preclean-start]
2014-04-09T12:33:19.992+0900: 328.582: [GC (Allocation Failure) 328.582: [ParNew: 113076K->13056K(118016K), 0.0495823 secs] 8086156K->8010612K(25152768K), 0.0497497 secs] [Times: user=0.56 sys=0.01, real=0.05 secs] 
2014-04-09T12:33:20.150+0900: 328.740: [GC (Allocation Failure) 328.740: [ParNew: 118016K->13056K(118016K), 0.0469599 secs] 8115572K->8054166K(25152768K), 0.0471136 secs] [Times: user=0.57 sys=0.00, real=0.05 secs] 
2014-04-09T12:33:20.338+0900: 328.928: [GC (Allocation Failure) 328.928: [ParNew: 118014K->13056K(118016K), 0.0514823 secs] 8159125K->8103198K(25152768K), 0.0516207 secs] [Times: user=0.61 sys=0.00, real=0.05 secs] 
2014-04-09T12:33:20.462+0900: 329.052: [GC (Allocation Failure) 329.052: [ParNew: 118016K->13056K(118016K), 0.0512262 secs] 8208158K->8149024K(25152768K), 0.0513939 secs] [Times: user=0.60 sys=0.00, real=0.05 secs] 
2014-04-09T12:33:20.620+0900: 329.210: [GC (Allocation Failure) 329.210: [ParNew: 117998K->13056K(118016K), 0.0517953 secs] 8253966K->8173771K(25152768K), 0.0519644 secs] [Times: user=0.59 sys=0.00, real=0.06 secs] 
2014-04-09T12:33:20.758+0900: 329.348: [GC (Allocation Failure) 329.348: [ParNew: 112587K->13056K(118016K), 0.0468247 secs] 8273302K->8221321K(25152768K), 0.0469902 secs] [Times: user=0.56 sys=0.00, real=0.05 secs] 
2014-04-09T12:33:20.863+0900: 329.453: [GC (Allocation Failure) 329.453: [ParNew: 118016K->13056K(118016K), 0.0486396 secs] 8326281K->8253198K(25152768K), 0.0488213 secs] [Times: user=0.59 sys=0.00, real=0.05 secs] 
2014-04-09T12:33:21.019+0900: 329.609: [GC (Allocation Failure) 329.609: [ParNew: 117835K->13056K(118016K), 0.0503273 secs] 8357977K->8283794K(25152768K), 0.0504958 secs] [Times: user=0.58 sys=0.00, real=0.05 secs] 
2014-04-09T12:33:21.146+0900: 329.736: [GC (Allocation Failure) 329.736: [ParNew: 118016K->13056K(118016K), 0.0461902 secs] 8388754K->8327783K(25152768K), 0.0463541 secs] [Times: user=0.55 sys=0.00, real=0.05 secs] 
2014-04-09T12:33:21.260+0900: 329.850: [GC (Allocation Failure) 329.850: [ParNew: 118016K->13056K(118016K), 0.0543404 secs] 8432743K->8365041K(25152768K), 0.0545180 secs] [Times: user=0.63 sys=0.01, real=0.06 secs] 
2014-04-09T12:33:21.418+0900: 330.008: [GC (Allocation Failure) 330.008: [ParNew: 118010K->13056K(118016K), 0.0481944 secs] 8469995K->8396822K(25152768K), 0.0483624 secs] [Times: user=0.57 sys=0.00, real=0.05 secs] 
2014-04-09T12:33:21.556+0900: 330.146: [CMS-concurrent-preclean: 0.954/1.649 secs] [Times: user=9.46 sys=0.19, real=1.65 secs] 
2014-04-09T12:33:21.556+0900: 330.146: [GC (Allocation Failure) 330.146: [ParNew: 118016K->13056K(118016K), 0.0529043 secs] 8501782K->8444237K(25152768K), 0.0530489 secs] [Times: user=0.61 sys=0.00, real=0.05 secs] 
2014-04-09T12:33:21.610+0900: 330.200: [GC (CMS Final Remark) [YG occupancy: 13237 K (118016 K)]330.200: [Rescan (parallel) , 0.0209381 secs]330.221: [weak refs processing, 0.0001081 secs]330.221: [class unloading, 0.0407612 secs]330.262: [scrub symbol table, 0.0043883 secs]330.267: [scrub string table, 0.0012900 secs][1 CMS-remark: 8431181K(25034752K)] 8444419K(25152768K), 0.0738642 secs] [Times: user=0.31 sys=0.00, real=0.08 secs] 
2014-04-09T12:33:21.684+0900: 330.274: [CMS-concurrent-sweep-start]
2014-04-09T12:33:21.781+0900: 330.371: [GC (Allocation Failure) 330.371: [ParNew: 118016K->13056K(118016K), 0.0517886 secs] 8534232K->8469180K(25152768K), 0.0519679 secs] [Times: user=0.60 sys=0.01, real=0.05 secs] 
2014-04-09T12:33:21.936+0900: 330.526: [GC (Allocation Failure) 330.526: [ParNew: 117990K->13056K(118016K), 0.0462256 secs] 8558968K->8484603K(25152768K), 0.0464116 secs] [Times: user=0.55 sys=0.00, real=0.05 secs] 
2014-04-09T12:33:22.064+0900: 330.654: [GC (Allocation Failure) 330.654: [ParNew: 118016K->13056K(118016K), 0.0585750 secs] 8569712K->8516334K(25152768K), 0.0587597 secs] [Times: user=0.67 sys=0.01, real=0.06 secs] 
2014-04-09T12:33:22.218+0900: 330.808: [GC (Allocation Failure) 330.808: [ParNew: 118015K->13056K(118016K), 0.0549756 secs] 8593496K->8531627K(25152768K), 0.0551562 secs] [Times: user=0.68 sys=0.00, real=0.06 secs] 
2014-04-09T12:33:22.382+0900: 330.972: [GC (Allocation Failure) 330.972: [ParNew: 114660K->13056K(118016K), 0.0493597 secs] 8612723K->8545641K(25152768K), 0.0495374 secs] [Times: user=0.58 sys=0.01, real=0.05 secs] 
2014-04-09T12:33:22.511+0900: 331.101: [GC (Allocation Failure) 331.101: [ParNew: 118016K->13056K(118016K), 0.0511587 secs] 8630424K->8571421K(25152768K), 0.0513588 secs] [Times: user=0.61 sys=0.01, real=0.05 secs] 
2014-04-09T12:33:22.647+0900: 331.237: [GC (Allocation Failure) 331.237: [ParNew: 118016K->13056K(118016K), 0.0572936 secs] 8643578K->8583272K(25152768K), 0.0574698 secs] [Times: user=0.70 sys=0.01, real=0.06 secs] 
2014-04-09T12:33:22.799+0900: 331.389: [GC (Allocation Failure) 331.389: [ParNew: 110398K->13056K(118016K), 0.0510256 secs] 8651258K->8589742K(25152768K), 0.0512036 secs] [Times: user=0.58 sys=0.01, real=0.06 secs] 
2014-04-09T12:33:22.925+0900: 331.515: [GC (Allocation Failure) 331.515: [ParNew: 118015K->13056K(118016K), 0.0546321 secs] 8674078K->8612494K(25152768K), 0.0548106 secs] [Times: user=0.64 sys=0.01, real=0.05 secs] 
2014-04-09T12:33:23.067+0900: 331.657: [GC (Allocation Failure) 331.657: [ParNew: 118016K->13056K(118016K), 0.0557040 secs] 8687484K->8630653K(25152768K), 0.0558818 secs] [Times: user=0.67 sys=0.01, real=0.06 secs] 
2014-04-09T12:33:23.216+0900: 331.806: [GC (Allocation Failure) 331.806: [ParNew: 117377K->13056K(118016K), 0.0486779 secs] 8710970K->8644679K(25152768K), 0.0488554 secs] [Times: user=0.57 sys=0.00, real=0.05 secs] 
2014-04-09T12:33:23.340+0900: 331.930: [GC (Allocation Failure) 331.930: [ParNew: 118014K->13056K(118016K), 0.0484158 secs] 8736086K->8678876K(25152768K), 0.0485935 secs] [Times: user=0.57 sys=0.00, real=0.05 secs] 
2014-04-09T12:33:23.478+0900: 332.068: [GC (Allocation Failure) 332.068: [ParNew: 117103K->13056K(118016K), 0.0478316 secs] 8767896K->8702930K(25152768K), 0.0480116 secs] [Times: user=0.49 sys=0.00, real=0.05 secs] 
2014-04-09T12:33:23.630+0900: 332.220: [GC (Allocation Failure) 332.220: [ParNew: 118014K->9748K(118016K), 0.1472825 secs] 8786691K->8734123K(25152768K), 0.1474600 secs] [Times: user=1.87 sys=0.00, real=0.15 secs] 
2014-04-09T12:33:23.966+0900: 332.556: [GC (Allocation Failure) 332.556: [ParNew: 114708K->13056K(118016K), 0.0798980 secs] 8698206K->8623853K(25152768K), 0.0800753 secs] [Times: user=0.86 sys=0.00, real=0.08 secs] 
2014-04-09T12:33:24.082+0900: 332.671: [CMS-concurrent-sweep: 1.475/2.397 secs] [Times: user=15.19 sys=0.28, real=2.40 secs] 
2014-04-09T12:33:24.082+0900: 332.672: [CMS-concurrent-reset-start]
2014-04-09T12:33:24.132+0900: 332.722: [GC (Allocation Failure) 332.723: [ParNew: 118016K->13056K(118016K), 0.0748649 secs] 8023453K->7976933K(25152768K), 0.0750460 secs] [Times: user=0.73 sys=0.01, real=0.07 secs] 
2014-04-09T12:33:24.238+0900: 332.828: [CMS-concurrent-reset: 0.080/0.156 secs] [Times: user=0.97 sys=0.01, real=0.15 secs] 
2014-04-09T12:33:24.274+0900: 332.864: [GC (Allocation Failure) 332.864: [ParNew: 118016K->13056K(118016K), 0.0489539 secs] 8081893K->8009781K(25152768K), 0.0491305 secs] [Times: user=0.46 sys=0.01, real=0.05 secs] 
2014-04-09T12:33:24.324+0900: 332.914: [GC (CMS Initial Mark) [1 CMS-initial-mark: 7996725K(25034752K)] 8010091K(25152768K), 0.0018060 secs] [Times: user=0.01 sys=0.00, real=0.00 secs] 
2014-04-09T12:33:24.326+0900: 332.916: [CMS-concurrent-mark-start]
2014-04-09T12:33:24.500+0900: 333.090: [GC (Allocation Failure) 333.090: [ParNew: 118016K->13056K(118016K), 0.1495656 secs] 8114741K->8051143K(25152768K), 0.1497457 secs] [Times: user=1.74 sys=0.02, real=0.15 secs] 
2014-04-09T12:33:24.770+0900: 333.360: [GC (Allocation Failure) 333.361: [ParNew: 118016K->13056K(118016K), 0.0671296 secs] 8156103K->8101300K(25152768K), 0.0673045 secs] [Times: user=0.80 sys=0.01, real=0.06 secs] 
2014-04-09T12:33:24.936+0900: 333.526: [GC (Allocation Failure) 333.526: [ParNew: 118016K->13056K(118016K), 0.0681074 secs] 8206260K->8128607K(25152768K), 0.0682792 secs] [Times: user=0.72 sys=0.01, real=0.07 secs] 
2014-04-09T12:33:25.105+0900: 333.695: [GC (Allocation Failure) 333.695: [ParNew: 112371K->13056K(118016K), 0.0616376 secs] 8227922K->8170551K(25152768K), 0.0618024 secs] [Times: user=0.49 sys=0.01, real=0.06 secs] 
2014-04-09T12:33:25.231+0900: 333.821: [GC (Allocation Failure) 333.822: [ParNew: 118016K->11681K(118016K), 0.0386083 secs] 8275511K->8206561K(25152768K), 0.0387933 secs] [Times: user=0.47 sys=0.01, real=0.03 secs] 
2014-04-09T12:33:25.360+0900: 333.950: [GC (Allocation Failure) 333.950: [ParNew: 116330K->13056K(118016K), 0.0564545 secs] 8311210K->8239002K(25152768K), 0.0566214 secs] [Times: user=0.62 sys=0.01, real=0.06 secs] 
2014-04-09T12:33:25.524+0900: 334.114: [GC (Allocation Failure) 334.114: [ParNew: 118013K->13056K(118016K), 0.0585567 secs] 8343960K->8290714K(25152768K), 0.0587238 secs] [Times: user=0.63 sys=0.03, real=0.06 secs] 
2014-04-09T12:33:25.613+0900: 334.203: [CMS-concurrent-mark: 0.781/1.287 secs] [Times: user=10.22 sys=0.20, real=1.29 secs] 
2014-04-09T12:33:25.614+0900: 334.204: [CMS-concurrent-preclean-start]
2014-04-09T12:33:25.664+0900: 334.254: [GC (Allocation Failure) 334.254: [ParNew: 116159K->13056K(118016K), 0.0703209 secs] 8393817K->8330918K(25152768K), 0.0704863 secs] [Times: user=0.69 sys=0.03, real=0.07 secs] 
2014-04-09T12:33:25.832+0900: 334.422: [GC (Allocation Failure) 334.422: [ParNew: 117998K->13056K(118016K), 0.0554839 secs] 8435860K->8368106K(25152768K), 0.0556519 secs] [Times: user=0.59 sys=0.01, real=0.05 secs] 
2014-04-09T12:33:25.964+0900: 334.554: [GC (Allocation Failure) 334.554: [ParNew: 118016K->13056K(118016K), 0.0590473 secs] 8473066K->8412428K(25152768K), 0.0592263 secs] [Times: user=0.62 sys=0.01, real=0.06 secs] 
2014-04-09T12:33:26.106+0900: 334.696: [GC (Allocation Failure) 334.696: [ParNew: 118016K->13056K(118016K), 0.0584140 secs] 8517388K->8458543K(25152768K), 0.0585845 secs] [Times: user=0.64 sys=0.00, real=0.06 secs] 
2014-04-09T12:33:26.257+0900: 334.847: [GC (Allocation Failure) 334.847: [ParNew: 118007K->13056K(118016K), 0.0518535 secs] 8563494K->8491083K(25152768K), 0.0520218 secs] [Times: user=0.58 sys=0.01, real=0.05 secs] 
2014-04-09T12:33:26.383+0900: 334.973: [GC (Allocation Failure) 334.973: [ParNew: 118011K->13056K(118016K), 0.0512809 secs] 8596038K->8547839K(25152768K), 0.0514477 secs] [Times: user=0.61 sys=0.00, real=0.05 secs] 
2014-04-09T12:33:26.521+0900: 335.111: [GC (Allocation Failure) 335.111: [ParNew: 118016K->13056K(118016K), 0.0513175 secs] 8652799K->8586191K(25152768K), 0.0514845 secs] [Times: user=0.58 sys=0.00, real=0.06 secs] 
2014-04-09T12:33:26.660+0900: 335.250: [GC (Allocation Failure) 335.250: [ParNew: 108746K->13056K(118016K), 0.0475896 secs] 8681882K->8617044K(25152768K), 0.0477669 secs] [Times: user=0.58 sys=0.00, real=0.05 secs] 
2014-04-09T12:33:26.793+0900: 335.383: [GC (Allocation Failure) 335.383: [ParNew: 118016K->13056K(118016K), 0.0496593 secs] 8722004K->8664283K(25152768K), 0.0498374 secs] [Times: user=0.60 sys=0.00, real=0.05 secs] 
2014-04-09T12:33:26.945+0900: 335.535: [GC (Allocation Failure) 335.535: [ParNew: 115327K->13056K(118016K), 0.0479714 secs] 8766554K->8701698K(25152768K), 0.0481513 secs] [Times: user=0.49 sys=0.01, real=0.05 secs] 
2014-04-09T12:33:27.085+0900: 335.675: [GC (Allocation Failure) 335.675: [ParNew: 111771K->13056K(118016K), 0.0428876 secs] 8800413K->8737658K(25152768K), 0.0430706 secs] [Times: user=0.52 sys=0.00, real=0.04 secs] 
2014-04-09T12:33:27.194+0900: 335.784: [GC (Allocation Failure) 335.784: [ParNew: 115205K->13056K(118016K), 0.0404996 secs] 8839807K->8782109K(25152768K), 0.0406742 secs] [Times: user=0.50 sys=0.00, real=0.04 secs] 
2014-04-09T12:33:27.327+0900: 335.917: [GC (Allocation Failure) 335.917: [ParNew: 118016K->13056K(118016K), 0.0473030 secs] 8887069K->8820397K(25152768K), 0.0474729 secs] [Times: user=0.50 sys=0.00, real=0.05 secs] 
2014-04-09T12:33:27.466+0900: 336.056: [GC (Allocation Failure) 336.056: [ParNew: 111948K->13056K(118016K), 0.0443439 secs] 8919289K->8860246K(25152768K), 0.0445101 secs] [Times: user=0.52 sys=0.00, real=0.04 secs] 
2014-04-09T12:33:27.574+0900: 336.164: [GC (Allocation Failure) 336.164: [ParNew: 114552K->13056K(118016K), 0.0410312 secs] 8961743K->8904111K(25152768K), 0.0411975 secs] [Times: user=0.51 sys=0.00, real=0.04 secs] 
2014-04-09T12:33:27.709+0900: 336.298: [GC (Allocation Failure) 336.299: [ParNew: 118016K->13056K(118016K), 0.0507647 secs] 9009071K->8942628K(25152768K), 0.0509510 secs] [Times: user=0.55 sys=0.00, real=0.05 secs] 
2014-04-09T12:33:27.851+0900: 336.440: [GC (Allocation Failure) 336.441: [ParNew: 112259K->13056K(118016K), 0.0451692 secs] 9041831K->8978035K(25152768K), 0.0453366 secs] [Times: user=0.53 sys=0.01, real=0.05 secs] 
2014-04-09T12:33:27.970+0900: 336.560: [GC (Allocation Failure) 336.560: [ParNew: 117235K->13056K(118016K), 0.0492354 secs] 9082214K->9025490K(25152768K), 0.0494043 secs] [Times: user=0.60 sys=0.01, real=0.05 secs] 
2014-04-09T12:33:28.108+0900: 336.698: [GC (Allocation Failure) 336.698: [ParNew: 118016K->13056K(118016K), 0.0486406 secs] 9130450K->9065367K(25152768K), 0.0488080 secs] [Times: user=0.52 sys=0.00, real=0.05 secs] 
2014-04-09T12:33:28.255+0900: 336.845: [GC (Allocation Failure) 336.846: [ParNew: 109358K->13056K(118016K), 0.0450631 secs] 9161670K->9100791K(25152768K), 0.0452299 secs] [Times: user=0.54 sys=0.00, real=0.04 secs] 
2014-04-09T12:33:28.368+0900: 336.958: [GC (Allocation Failure) 336.958: [ParNew: 116151K->13056K(118016K), 0.0485062 secs] 9203887K->9146942K(25152768K), 0.0486738 secs] [Times: user=0.60 sys=0.00, real=0.05 secs] 
2014-04-09T12:33:28.507+0900: 337.097: [GC (Allocation Failure) 337.097: [ParNew: 115400K->13056K(118016K), 0.0502655 secs] 9249287K->9185494K(25152768K), 0.0504421 secs] [Times: user=0.55 sys=0.01, real=0.05 secs] 
2014-04-09T12:33:28.656+0900: 337.246: [GC (Allocation Failure) 337.246: [ParNew: 113103K->13056K(118016K), 0.0436989 secs] 9285541K->9221127K(25152768K), 0.0438659 secs] [Times: user=0.53 sys=0.00, real=0.04 secs] 
2014-04-09T12:33:28.770+0900: 337.360: [GC (Allocation Failure) 337.360: [ParNew: 117170K->13056K(118016K), 0.0424713 secs] 9325241K->9268412K(25152768K), 0.0426383 secs] [Times: user=0.53 sys=0.00, real=0.05 secs] 
2014-04-09T12:33:28.903+0900: 337.493: [GC (Allocation Failure) 337.493: [ParNew: 118016K->13056K(118016K), 0.0517609 secs] 9373372K->9307571K(25152768K), 0.0519201 secs] [Times: user=0.57 sys=0.00, real=0.05 secs] 
2014-04-09T12:33:29.051+0900: 337.641: [GC (Allocation Failure) 337.641: [ParNew: 109431K->13056K(118016K), 0.0441234 secs] 9403947K->9345123K(25152768K), 0.0442942 secs] [Times: user=0.53 sys=0.00, real=0.05 secs] 
2014-04-09T12:33:29.161+0900: 337.751: [GC (Allocation Failure) 337.751: [ParNew: 113745K->13056K(118016K), 0.0546499 secs] 9445812K->9389101K(25152768K), 0.0548185 secs] [Times: user=0.61 sys=0.01, real=0.06 secs] 
2014-04-09T12:33:29.342+0900: 337.932: [GC (Allocation Failure) 337.932: [ParNew: 118016K->13056K(118016K), 0.0557497 secs] 9494061K->9426358K(25152768K), 0.0559166 secs] [Times: user=0.52 sys=0.02, real=0.05 secs] 
2014-04-09T12:33:29.477+0900: 338.067: [CMS-concurrent-preclean: 2.284/3.863 secs] [Times: user=23.26 sys=0.57, real=3.86 secs] 
2014-04-09T12:33:29.477+0900: 338.067: [CMS-concurrent-abortable-preclean-start]
2014-04-09T12:33:29.493+0900: 338.083: [GC (Allocation Failure) 338.083: [ParNew: 113002K->13056K(118016K), 0.0510655 secs] 9526304K->9465420K(25152768K), 0.0512310 secs] [Times: user=0.61 sys=0.01, real=0.05 secs] 
2014-04-09T12:33:29.613+0900: 338.203: [GC (Allocation Failure) 338.203: [ParNew: 116220K->13056K(118016K), 0.0487004 secs] 9568584K->9511115K(25152768K), 0.0488660 secs] [Times: user=0.61 sys=0.01, real=0.05 secs] 
2014-04-09T12:33:29.753+0900: 338.343: [GC (Allocation Failure) 338.343: [ParNew: 115899K->13056K(118016K), 0.0584640 secs] 9613958K->9548396K(25152768K), 0.0586394 secs] [Times: user=0.50 sys=0.02, real=0.06 secs] 
2014-04-09T12:33:29.928+0900: 338.518: [CMS-concurrent-abortable-preclean: 0.271/0.451 secs] [Times: user=2.58 sys=0.09, real=0.45 secs] 
2014-04-09T12:33:29.929+0900: 338.519: [GC (Allocation Failure) 338.519: [ParNew: 113037K->13056K(118016K), 0.0453997 secs] 9648377K->9579827K(25152768K), 0.0455469 secs] [Times: user=0.53 sys=0.01, real=0.05 secs] 
2014-04-09T12:33:29.977+0900: 338.567: [GC (CMS Final Remark) [YG occupancy: 33461 K (118016 K)]338.567: [Rescan (parallel) , 0.0246372 secs]338.592: [weak refs processing, 0.0000633 secs]338.592: [class unloading, 0.0439783 secs]338.636: [scrub symbol table, 0.0043115 secs]338.640: [scrub string table, 0.0012342 secs][1 CMS-remark: 9566771K(25034752K)] 9600233K(25152768K), 0.0814668 secs] [Times: user=0.37 sys=0.00, real=0.08 secs] 
2014-04-09T12:33:30.059+0900: 338.649: [CMS-concurrent-sweep-start]
2014-04-09T12:33:30.113+0900: 338.703: [GC (Allocation Failure) 338.703: [ParNew: 118016K->13056K(118016K), 0.0482588 secs] 9682095K->9618841K(25152768K), 0.0484278 secs] [Times: user=0.59 sys=0.01, real=0.05 secs] 
2014-04-09T12:33:30.257+0900: 338.847: [GC (Allocation Failure) 338.847: [ParNew: 118016K->13056K(118016K), 0.0644365 secs] 9719201K->9645629K(25152768K), 0.0646028 secs] [Times: user=0.52 sys=0.02, real=0.07 secs] 
2014-04-09T12:33:30.430+0900: 339.020: [GC (Allocation Failure) 339.021: [ParNew: 117988K->13056K(118016K), 0.0602413 secs] 9744434K->9679059K(25152768K), 0.0604077 secs] [Times: user=0.58 sys=0.02, real=0.06 secs] 
2014-04-09T12:33:30.578+0900: 339.168: [GC (Allocation Failure) 339.168: [ParNew: 118016K->13056K(118016K), 0.0650182 secs] 9779591K->9724185K(25152768K), 0.0651841 secs] [Times: user=0.65 sys=0.02, real=0.07 secs] 
2014-04-09T12:33:30.814+0900: 339.404: [GC (Allocation Failure) 339.404: [ParNew: 114502K->9651K(118016K), 0.0457463 secs] 9812437K->9740850K(25152768K), 0.0459123 secs] [Times: user=0.54 sys=0.00, real=0.04 secs] 
2014-04-09T12:33:31.081+0900: 339.671: [GC (Allocation Failure) 339.671: [ParNew: 111572K->13056K(118016K), 0.0577847 secs] 9814193K->9735099K(25152768K), 0.0579553 secs] [Times: user=0.59 sys=0.03, real=0.06 secs] 
2014-04-09T12:33:31.252+0900: 339.842: [GC (Allocation Failure) 339.842: [ParNew: 118016K->13056K(118016K), 0.0454433 secs] 9830211K->9756801K(25152768K), 0.0456106 secs] [Times: user=0.47 sys=0.01, real=0.04 secs] 
2014-04-09T12:33:31.458+0900: 340.048: [GC (Allocation Failure) 340.048: [ParNew: 111104K->10357K(118016K), 0.0498990 secs] 9843566K->9775865K(25152768K), 0.0500637 secs] [Times: user=0.57 sys=0.01, real=0.05 secs] 
2014-04-09T12:33:31.721+0900: 340.311: [GC (Allocation Failure) 340.311: [ParNew: 110059K->13056K(118016K), 0.0597398 secs] 9850969K->9773348K(25152768K), 0.0599051 secs] [Times: user=0.59 sys=0.02, real=0.06 secs] 
2014-04-09T12:33:31.869+0900: 340.459: [GC (Allocation Failure) 340.459: [ParNew: 115326K->13056K(118016K), 0.0433911 secs] 9845891K->9790677K(25152768K), 0.0435503 secs] [Times: user=0.53 sys=0.00, real=0.04 secs] 
2014-04-09T12:33:31.943+0900: 340.533: [CMS-concurrent-sweep: 1.334/1.884 secs] [Times: user=8.73 sys=0.26, real=1.89 secs] 
2014-04-09T12:33:31.943+0900: 340.533: [CMS-concurrent-reset-start]
2014-04-09T12:33:32.014+0900: 340.604: [GC (Allocation Failure) 340.604: [ParNew: 114630K->13056K(118016K), 0.0649673 secs] 8991851K->8921273K(25152768K), 0.0651486 secs] [Times: user=0.51 sys=0.02, real=0.06 secs] 
2014-04-09T12:33:32.099+0900: 340.689: [CMS-concurrent-reset: 0.090/0.156 secs] [Times: user=0.78 sys=0.02, real=0.15 secs] 
2014-04-09T12:33:32.158+0900: 340.748: [GC (Allocation Failure) 340.748: [ParNew: 115386K->9075K(118016K), 0.0473806 secs] 9023604K->8954752K(25152768K), 0.0475613 secs] [Times: user=0.52 sys=0.01, real=0.05 secs] 
2014-04-09T12:33:32.208+0900: 340.798: [GC (CMS Initial Mark) [1 CMS-initial-mark: 8945677K(25034752K)] 8964913K(25152768K), 0.0014338 secs] [Times: user=0.01 sys=0.00, real=0.00 secs] 
2014-04-09T12:33:32.209+0900: 340.799: [CMS-concurrent-mark-start]
2014-04-09T12:33:32.295+0900: 340.885: [GC (Allocation Failure) 340.885: [ParNew: 114035K->13056K(118016K), 0.0577651 secs] 9059712K->8987520K(25152768K), 0.0579309 secs] [Times: user=0.45 sys=0.02, real=0.06 secs] 
2014-04-09T12:33:32.469+0900: 341.059: [GC (Allocation Failure) 341.059: [ParNew: 118016K->13056K(118016K), 0.0527267 secs] 9092480K->9039535K(25152768K), 0.0528972 secs] [Times: user=0.64 sys=0.00, real=0.05 secs] 
2014-04-09T12:33:32.606+0900: 341.196: [GC (Allocation Failure) 341.196: [ParNew: 117541K->13056K(118016K), 0.0513791 secs] 9144021K->9084463K(25152768K), 0.0515500 secs] [Times: user=0.57 sys=0.01, real=0.05 secs] 
2014-04-09T12:33:32.789+0900: 341.379: [GC (Allocation Failure) 341.379: [ParNew: 118010K->13056K(118016K), 0.0572921 secs] 9189418K->9110264K(25152768K), 0.0574615 secs] [Times: user=0.64 sys=0.01, real=0.06 secs] 
2014-04-09T12:33:32.931+0900: 341.521: [GC (Allocation Failure) 341.521: [ParNew: 108574K->13056K(118016K), 0.0582885 secs] 9205782K->9158809K(25152768K), 0.0584551 secs] [Times: user=0.64 sys=0.00, real=0.06 secs] 
2014-04-09T12:33:33.059+0900: 341.649: [GC (Allocation Failure) 341.649: [ParNew: 118016K->13056K(118016K), 0.0450529 secs] 9263769K->9192064K(25152768K), 0.0452217 secs] [Times: user=0.56 sys=0.00, real=0.05 secs] 
2014-04-09T12:33:33.209+0900: 341.799: [GC (Allocation Failure) 341.799: [ParNew: 118010K->13056K(118016K), 0.0668754 secs] 9297018K->9223079K(25152768K), 0.0670441 secs] [Times: user=0.69 sys=0.02, real=0.07 secs] 
2014-04-09T12:33:33.359+0900: 341.949: [GC (Allocation Failure) 341.949: [ParNew: 118016K->13056K(118016K), 0.0555873 secs] 9328039K->9270348K(25152768K), 0.0557629 secs] [Times: user=0.64 sys=0.01, real=0.06 secs] 
2014-04-09T12:33:33.501+0900: 342.091: [GC (Allocation Failure) 342.091: [ParNew: 116283K->13056K(118016K), 0.0435691 secs] 9373575K->9307054K(25152768K), 0.0437365 secs] [Times: user=0.53 sys=0.01, real=0.05 secs] 
2014-04-09T12:33:33.647+0900: 342.237: [GC (Allocation Failure) 342.237: [ParNew: 117556K->13056K(118016K), 0.0491675 secs] 9411555K->9340419K(25152768K), 0.0493349 secs] [Times: user=0.55 sys=0.00, real=0.05 secs] 
2014-04-09T12:33:33.799+0900: 342.389: [GC (Allocation Failure) 342.389: [ParNew: 118016K->13056K(118016K), 0.0503742 secs] 9445379K->9378951K(25152768K), 0.0505475 secs] [Times: user=0.49 sys=0.02, real=0.05 secs] 
2014-04-09T12:33:33.930+0900: 342.520: [GC (Allocation Failure) 342.520: [ParNew: 115964K->13056K(118016K), 0.0644114 secs] 9481859K->9417654K(25152768K), 0.0645817 secs] [Times: user=0.65 sys=0.03, real=0.07 secs] 
2014-04-09T12:33:34.115+0900: 342.705: [GC (Allocation Failure) 342.705: [ParNew: 118000K->13056K(118016K), 0.0562953 secs] 9522599K->9445889K(25152768K), 0.0564631 secs] [Times: user=0.61 sys=0.01, real=0.05 secs] 
2014-04-09T12:33:34.238+0900: 342.828: [GC (Allocation Failure) 342.828: [ParNew: 118016K->13056K(118016K), 0.0584145 secs] 9550849K->9497297K(25152768K), 0.0585874 secs] [Times: user=0.64 sys=0.01, real=0.06 secs] 
2014-04-09T12:33:34.386+0900: 342.976: [GC (Allocation Failure) 342.976: [ParNew: 118016K->13056K(118016K), 0.0583527 secs] 9602257K->9545410K(25152768K), 0.0585240 secs] [Times: user=0.69 sys=0.00, real=0.06 secs] 
2014-04-09T12:33:34.561+0900: 343.151: [GC (Allocation Failure) 343.151: [ParNew: 118016K->13056K(118016K), 0.0489349 secs] 9650370K->9582378K(25152768K), 0.0491018 secs] [Times: user=0.53 sys=0.02, real=0.05 secs] 
2014-04-09T12:33:34.659+0900: 343.249: [GC (Allocation Failure) 343.250: [ParNew: 118016K->13056K(118016K), 0.0513892 secs] 9687338K->9633567K(25152768K), 0.0515593 secs] [Times: user=0.62 sys=0.01, real=0.05 secs] 
2014-04-09T12:33:34.814+0900: 343.404: [GC (Allocation Failure) 343.404: [ParNew: 118016K->13056K(118016K), 0.0653927 secs] 9738527K->9665974K(25152768K), 0.0655565 secs] [Times: user=0.57 sys=0.03, real=0.06 secs] 
2014-04-09T12:33:34.993+0900: 343.583: [GC (Allocation Failure) 343.583: [ParNew: 117990K->13056K(118016K), 0.0529478 secs] 9770908K->9700807K(25152768K), 0.0531127 secs] [Times: user=0.56 sys=0.01, real=0.05 secs] 
2014-04-09T12:33:35.097+0900: 343.687: [GC (Allocation Failure) 343.687: [ParNew: 118016K->13056K(118016K), 0.0467421 secs] 9805767K->9741615K(25152768K), 0.0469088 secs] [Times: user=0.59 sys=0.00, real=0.05 secs] 
2014-04-09T12:33:35.233+0900: 343.822: [CMS-concurrent-mark: 1.912/3.023 secs] [Times: user=23.29 sys=0.67, real=3.03 secs] 
2014-04-09T12:33:35.233+0900: 343.823: [CMS-concurrent-preclean-start]
2014-04-09T12:33:35.263+0900: 343.853: [GC (Allocation Failure) 343.853: [ParNew: 118016K->13056K(118016K), 0.0707849 secs] 9846575K->9776429K(25152768K), 0.0709515 secs] [Times: user=0.58 sys=0.02, real=0.07 secs] 
2014-04-09T12:33:35.426+0900: 344.016: [GC (Allocation Failure) 344.016: [ParNew: 112551K->13056K(118016K), 0.0533207 secs] 9875925K->9817736K(25152768K), 0.0534820 secs] [Times: user=0.56 sys=0.01, real=0.05 secs] 
2014-04-09T12:33:35.535+0900: 344.125: [GC (Allocation Failure) 344.125: [ParNew: 118016K->13056K(118016K), 0.0535517 secs] 9922696K->9868074K(25152768K), 0.0537119 secs] [Times: user=0.62 sys=0.02, real=0.05 secs] 
2014-04-09T12:33:35.690+0900: 344.280: [GC (Allocation Failure) 344.280: [ParNew: 118016K->13056K(118016K), 0.0633929 secs] 9973034K->9891575K(25152768K), 0.0635561 secs] [Times: user=0.65 sys=0.02, real=0.07 secs] 
2014-04-09T12:33:35.851+0900: 344.441: [GC (Allocation Failure) 344.441: [ParNew: 108593K->13056K(118016K), 0.0510988 secs] 9987112K->9928420K(25152768K), 0.0512650 secs] [Times: user=0.53 sys=0.02, real=0.06 secs] 
2014-04-09T12:33:35.954+0900: 344.544: [GC (Allocation Failure) 344.544: [ParNew: 118016K->13056K(118016K), 0.0466285 secs] 10033380K->9981825K(25152768K), 0.0467938 secs] [Times: user=0.59 sys=0.00, real=0.04 secs] 
2014-04-09T12:33:36.103+0900: 344.693: [GC (Allocation Failure) 344.693: [ParNew: 116559K->13056K(118016K), 0.0783027 secs] 10085329K->10011346K(25152768K), 0.0784701 secs] [Times: user=0.66 sys=0.03, real=0.07 secs] 
2014-04-09T12:33:36.284+0900: 344.874: [GC (Allocation Failure) 344.874: [ParNew: 118016K->13056K(118016K), 0.0479625 secs] 10116306K->10052429K(25152768K), 0.0481330 secs] [Times: user=0.49 sys=0.02, real=0.05 secs] 
2014-04-09T12:33:36.386+0900: 344.976: [GC (Allocation Failure) 344.976: [ParNew: 118016K->13056K(118016K), 0.0403998 secs] 10157389K->10096765K(25152768K), 0.0405683 secs] [Times: user=0.49 sys=0.00, real=0.04 secs] 
2014-04-09T12:33:36.536+0900: 345.126: [GC (Allocation Failure) 345.126: [ParNew: 115722K->13056K(118016K), 0.0913639 secs] 10199431K->10126250K(25152768K), 0.0915343 secs] [Times: user=0.69 sys=0.03, real=0.09 secs] 
2014-04-09T12:33:36.722+0900: 345.312: [GC (Allocation Failure) 345.312: [ParNew: 118002K->13056K(118016K), 0.0557063 secs] 10231196K->10163696K(25152768K), 0.0558736 secs] [Times: user=0.60 sys=0.02, real=0.05 secs] 
2014-04-09T12:33:36.839+0900: 345.429: [GC (Allocation Failure) 345.429: [ParNew: 118016K->13056K(118016K), 0.0532512 secs] 10268656K->10211089K(25152768K), 0.0534157 secs] [Times: user=0.65 sys=0.01, real=0.06 secs] 
2014-04-09T12:33:37.011+0900: 345.601: [GC (Allocation Failure) 345.601: [ParNew: 116601K->13056K(118016K), 0.0824769 secs] 10314635K->10241592K(25152768K), 0.0826460 secs] [Times: user=0.70 sys=0.04, real=0.09 secs] 
2014-04-09T12:33:37.162+0900: 345.752: [CMS-concurrent-preclean: 0.996/1.929 secs] [Times: user=11.30 sys=0.41, real=1.92 secs] 
2014-04-09T12:33:37.162+0900: 345.752: [CMS-concurrent-abortable-preclean-start]
2014-04-09T12:33:37.172+0900: 345.762: [GC (Allocation Failure) 345.762: [ParNew: 112333K->13056K(118016K), 0.0459125 secs] 10340869K->10273251K(25152768K), 0.0460996 secs] [Times: user=0.54 sys=0.00, real=0.05 secs] 
2014-04-09T12:33:37.276+0900: 345.866: [GC (Allocation Failure) 345.866: [ParNew: 118016K->13056K(118016K), 0.0554124 secs] 10378211K->10321958K(25152768K), 0.0555786 secs] [Times: user=0.66 sys=0.01, real=0.05 secs] 
2014-04-09T12:33:37.492+0900: 346.082: [CMS-concurrent-abortable-preclean: 0.214/0.330 secs] [Times: user=1.80 sys=0.05, real=0.33 secs] 
2014-04-09T12:33:37.493+0900: 346.083: [GC (Allocation Failure) 346.083: [ParNew: 114073K->13056K(118016K), 0.0785322 secs] 10422976K->10351127K(25152768K), 0.0786819 secs] [Times: user=0.65 sys=0.04, real=0.07 secs] 
2014-04-09T12:33:37.573+0900: 346.163: [GC (CMS Final Remark) [YG occupancy: 25346 K (118016 K)]346.163: [Rescan (parallel) , 0.0193348 secs]346.183: [weak refs processing, 0.0000634 secs]346.183: [class unloading, 0.0440776 secs]346.227: [scrub symbol table, 0.0043179 secs]346.231: [scrub string table, 0.0012353 secs][1 CMS-remark: 10338071K(25034752K)] 10363418K(25152768K), 0.0762728 secs] [Times: user=0.31 sys=0.01, real=0.07 secs] 
2014-04-09T12:33:37.650+0900: 346.240: [CMS-concurrent-sweep-start]
2014-04-09T12:33:37.726+0900: 346.316: [GC (Allocation Failure) 346.317: [ParNew: 111597K->13056K(118016K), 0.0477335 secs] 10444851K->10377918K(25152768K), 0.0479264 secs] [Times: user=0.56 sys=0.01, real=0.05 secs] 
2014-04-09T12:33:37.830+0900: 346.420: [GC (Allocation Failure) 346.420: [ParNew: 118014K->13056K(118016K), 0.0493615 secs] 10477264K->10424605K(25152768K), 0.0495282 secs] [Times: user=0.60 sys=0.00, real=0.05 secs] 
2014-04-09T12:33:37.993+0900: 346.583: [GC (Allocation Failure) 346.583: [ParNew: 114065K->13056K(118016K), 0.0632804 secs] 10512396K->10437181K(25152768K), 0.0634480 secs] [Times: user=0.64 sys=0.03, real=0.06 secs] 
2014-04-09T12:33:38.139+0900: 346.729: [GC (Allocation Failure) 346.729: [ParNew: 118011K->13056K(118016K), 0.0491685 secs] 10534721K->10469523K(25152768K), 0.0493357 secs] [Times: user=0.54 sys=0.01, real=0.05 secs] 
2014-04-09T12:33:38.248+0900: 346.838: [GC (Allocation Failure) 346.838: [ParNew: 118016K->13056K(118016K), 0.0520432 secs] 10568519K->10514921K(25152768K), 0.0522128 secs] [Times: user=0.60 sys=0.01, real=0.05 secs] 
2014-04-09T12:33:38.416+0900: 347.006: [GC (Allocation Failure) 347.006: [ParNew: 112700K->13056K(118016K), 0.0705416 secs] 10599579K->10529585K(25152768K), 0.0707092 secs] [Times: user=0.63 sys=0.03, real=0.07 secs] 
2014-04-09T12:33:38.564+0900: 347.154: [GC (Allocation Failure) 347.154: [ParNew: 118005K->13056K(118016K), 0.0464253 secs] 10624530K->10553489K(25152768K), 0.0465903 secs] [Times: user=0.55 sys=0.00, real=0.04 secs] 
2014-04-09T12:33:39.290+0900: 347.880: [GC (Allocation Failure) 347.880: [ParNew: 118016K->13056K(118016K), 0.0544809 secs] 10559632K->10509568K(25152768K), 0.0546289 secs] [Times: user=0.64 sys=0.01, real=0.06 secs] 
2014-04-09T12:33:39.427+0900: 348.017: [CMS-concurrent-sweep: 1.336/1.777 secs] [Times: user=7.59 sys=0.23, real=1.78 secs] 
2014-04-09T12:33:39.427+0900: 348.017: [CMS-concurrent-reset-start]
2014-04-09T12:33:39.447+0900: 348.037: [GC (Allocation Failure) 348.037: [ParNew: 117118K->13056K(118016K), 0.0540116 secs] 9534985K->9461414K(25152768K), 0.0541576 secs] [Times: user=0.56 sys=0.02, real=0.05 secs] 
2014-04-09T12:33:39.573+0900: 348.163: [GC (Allocation Failure) 348.163: [ParNew: 109634K->13056K(118016K), 0.0466471 secs] 9557992K->9497020K(25152768K), 0.0467945 secs] [Times: user=0.54 sys=0.01, real=0.05 secs] 
2014-04-09T12:33:39.623+0900: 348.212: [CMS-concurrent-reset: 0.092/0.196 secs] [Times: user=1.40 sys=0.07, real=0.19 secs] 
2014-04-09T12:33:39.665+0900: 348.255: [GC (Allocation Failure) 348.255: [ParNew: 118016K->13056K(118016K), 0.0569570 secs] 9601980K->9550571K(25152768K), 0.0570996 secs] [Times: user=0.56 sys=0.02, real=0.05 secs] 
2014-04-09T12:33:39.722+0900: 348.312: [GC (CMS Initial Mark) [1 CMS-initial-mark: 9537515K(25034752K)] 9550895K(25152768K), 0.0016368 secs] [Times: user=0.00 sys=0.00, real=0.01 secs] 
2014-04-09T12:33:39.724+0900: 348.314: [CMS-concurrent-mark-start]
2014-04-09T12:33:39.831+0900: 348.421: [GC (Allocation Failure) 348.421: [ParNew: 112757K->13056K(118016K), 0.0734397 secs] 9650272K->9579891K(25152768K), 0.0735982 secs] [Times: user=0.63 sys=0.03, real=0.08 secs] 
2014-04-09T12:33:39.977+0900: 348.567: [GC (Allocation Failure) 348.567: [ParNew: 118016K->13056K(118016K), 0.0458332 secs] 9684851K->9624878K(25152768K), 0.0459873 secs] [Times: user=0.56 sys=0.01, real=0.04 secs] 
2014-04-09T12:33:40.083+0900: 348.673: [GC (Allocation Failure) 348.673: [ParNew: 118016K->13056K(118016K), 0.0473250 secs] 9729838K->9673077K(25152768K), 0.0474796 secs] [Times: user=0.49 sys=0.02, real=0.05 secs] 
2014-04-09T12:33:40.226+0900: 348.816: [GC (Allocation Failure) 348.816: [ParNew: 118004K->13056K(118016K), 0.0540833 secs] 9778025K->9698539K(25152768K), 0.0542371 secs] [Times: user=0.45 sys=0.02, real=0.05 secs] 
2014-04-09T12:33:40.377+0900: 348.967: [GC (Allocation Failure) 348.967: [ParNew: 118016K->13056K(118016K), 0.0620522 secs] 9803499K->9742389K(25152768K), 0.0622066 secs] [Times: user=0.64 sys=0.01, real=0.06 secs] 
2014-04-09T12:33:40.543+0900: 349.133: [GC (Allocation Failure) 349.133: [ParNew: 118012K->13056K(118016K), 0.0482914 secs] 9847346K->9781710K(25152768K), 0.0484654 secs] [Times: user=0.56 sys=0.01, real=0.04 secs] 
2014-04-09T12:33:40.640+0900: 349.230: [GC (Allocation Failure) 349.230: [ParNew: 118016K->9842K(118016K), 0.0425932 secs] 9886670K->9829639K(25152768K), 0.0427434 secs] [Times: user=0.54 sys=0.00, real=0.04 secs] 
2014-04-09T12:33:40.799+0900: 349.389: [GC (Allocation Failure) 349.389: [ParNew: 114802K->13056K(118016K), 0.0798163 secs] 9934599K->9863745K(25152768K), 0.0799697 secs] [Times: user=0.64 sys=0.03, real=0.08 secs] 
2014-04-09T12:33:40.972+0900: 349.562: [GC (Allocation Failure) 349.562: [ParNew: 115462K->8800K(118016K), 0.0579752 secs] 9966151K->9901040K(25152768K), 0.0581264 secs] [Times: user=0.60 sys=0.02, real=0.06 secs] 
2014-04-09T12:33:41.108+0900: 349.698: [GC (Allocation Failure) 349.698: [ParNew: 109071K->13056K(118016K), 0.0475373 secs] 10001310K->9942860K(25152768K), 0.0476888 secs] [Times: user=0.55 sys=0.00, real=0.05 secs] 
2014-04-09T12:33:41.256+0900: 349.846: [GC (Allocation Failure) 349.846: [ParNew: 118016K->13056K(118016K), 0.0471855 secs] 10047820K->9993083K(25152768K), 0.0473461 secs] [Times: user=0.59 sys=0.01, real=0.05 secs] 
2014-04-09T12:33:41.365+0900: 349.955: [GC (Allocation Failure) 349.955: [ParNew: 118016K->13056K(118016K), 0.0533578 secs] 10098043K->10040801K(25152768K), 0.0535086 secs] [Times: user=0.61 sys=0.01, real=0.05 secs] 
2014-04-09T12:33:41.542+0900: 350.132: [GC (Allocation Failure) 350.132: [ParNew: 108342K->13056K(118016K), 0.0579613 secs] 10136087K->10069557K(25152768K), 0.0581162 secs] [Times: user=0.63 sys=0.02, real=0.06 secs] 
2014-04-09T12:33:41.648+0900: 350.238: [GC (Allocation Failure) 350.238: [ParNew: 117993K->13056K(118016K), 0.0405362 secs] 10174495K->10120952K(25152768K), 0.0406900 secs] [Times: user=0.51 sys=0.00, real=0.04 secs] 
2014-04-09T12:33:41.756+0900: 350.346: [GC (Allocation Failure) 350.346: [ParNew: 118016K->13056K(118016K), 0.0653521 secs] 10225912K->10163126K(25152768K), 0.0654985 secs] [Times: user=0.48 sys=0.02, real=0.06 secs] 
2014-04-09T12:33:41.919+0900: 350.509: [GC (Allocation Failure) 350.510: [ParNew: 117994K->13056K(118016K), 0.0564108 secs] 10268065K->10193823K(25152768K), 0.0565619 secs] [Times: user=0.53 sys=0.01, real=0.06 secs] 
2014-04-09T12:33:42.077+0900: 350.667: [GC (Allocation Failure) 350.667: [ParNew: 118016K->13056K(118016K), 0.0523885 secs] 10298783K->10237345K(25152768K), 0.0525404 secs] [Times: user=0.62 sys=0.01, real=0.05 secs] 
2014-04-09T12:33:42.203+0900: 350.793: [GC (Allocation Failure) 350.793: [ParNew: 117876K->13056K(118016K), 0.0512723 secs] 10342166K->10284725K(25152768K), 0.0514321 secs] [Times: user=0.57 sys=0.01, real=0.06 secs] 
2014-04-09T12:33:42.339+0900: 350.929: [GC (Allocation Failure) 350.929: [ParNew: 118016K->13056K(118016K), 0.0667333 secs] 10389685K->10307117K(25152768K), 0.0668850 secs] [Times: user=0.59 sys=0.03, real=0.07 secs] 
2014-04-09T12:33:42.596+0900: 351.186: [GC (Allocation Failure) 351.186: [ParNew: 110079K->13056K(118016K), 0.0442087 secs] 10404140K->10334300K(25152768K), 0.0443590 secs] [Times: user=0.55 sys=0.01, real=0.04 secs] 
2014-04-09T12:33:42.795+0900: 351.385: [CMS-concurrent-mark: 1.957/3.071 secs] [Times: user=22.63 sys=0.70, real=3.07 secs] 
2014-04-09T12:33:42.795+0900: 351.385: [CMS-concurrent-preclean-start]
2014-04-09T12:33:42.871+0900: 351.461: [GC (Allocation Failure) 351.461: [ParNew: 115203K->13056K(118016K), 0.0584426 secs] 10436448K->10354479K(25152768K), 0.0585879 secs] [Times: user=0.60 sys=0.01, real=0.06 secs] 
2014-04-09T12:33:43.018+0900: 351.608: [GC (Allocation Failure) 351.608: [ParNew: 118014K->13056K(118016K), 0.0459595 secs] 10459438K->10395325K(25152768K), 0.0461046 secs] [Times: user=0.54 sys=0.01, real=0.05 secs] 
2014-04-09T12:33:43.235+0900: 351.825: [GC (Allocation Failure) 351.825: [ParNew: 114405K->13056K(118016K), 0.0444709 secs] 10496674K->10425494K(25152768K), 0.0446289 secs] [Times: user=0.49 sys=0.01, real=0.04 secs] 
2014-04-09T12:33:43.483+0900: 352.073: [GC (Allocation Failure) 352.073: [ParNew: 115144K->13056K(118016K), 0.0641077 secs] 10527582K->10447621K(25152768K), 0.0642798 secs] [Times: user=0.61 sys=0.03, real=0.07 secs] 
2014-04-09T12:33:43.706+0900: 352.296: [CMS-concurrent-preclean: 0.615/0.911 secs] [Times: user=3.63 sys=0.12, real=0.91 secs] 
2014-04-09T12:33:43.707+0900: 352.297: [GC (Allocation Failure) 352.297: [ParNew: 118016K->13056K(118016K), 0.0483007 secs] 10552581K->10488989K(25152768K), 0.0484496 secs] [Times: user=0.57 sys=0.01, real=0.05 secs] 
2014-04-09T12:33:43.756+0900: 352.346: [GC (CMS Final Remark) [YG occupancy: 13498 K (118016 K)]352.346: [Rescan (parallel) , 0.0155271 secs]352.361: [weak refs processing, 0.0000727 secs]352.361: [class unloading, 0.0440684 secs]352.405: [scrub symbol table, 0.0043045 secs]352.410: [scrub string table, 0.0012368 secs][1 CMS-remark: 10475933K(25034752K)] 10489432K(25152768K), 0.0724650 secs] [Times: user=0.25 sys=0.00, real=0.07 secs] 
2014-04-09T12:33:43.828+0900: 352.418: [CMS-concurrent-sweep-start]
2014-04-09T12:33:43.975+0900: 352.565: [GC (Allocation Failure) 352.565: [ParNew: 118016K->13056K(118016K), 0.0472771 secs] 10587292K->10504560K(25152768K), 0.0474463 secs] [Times: user=0.53 sys=0.01, real=0.04 secs] 
2014-04-09T12:33:44.133+0900: 352.723: [GC (Allocation Failure) 352.723: [ParNew: 118016K->13056K(118016K), 0.0492730 secs] 10604489K->10518597K(25152768K), 0.0494361 secs] [Times: user=0.61 sys=0.01, real=0.05 secs] 
2014-04-09T12:33:44.394+0900: 352.984: [GC (Allocation Failure) 352.984: [ParNew: 118016K->10026K(118016K), 0.0518333 secs] 10608461K->10511750K(25152768K), 0.0520058 secs] [Times: user=0.56 sys=0.01, real=0.05 secs] 
2014-04-09T12:33:44.699+0900: 353.289: [GC (Allocation Failure) 353.289: [ParNew: 114986K->4238K(118016K), 0.0333212 secs] 10588296K->10477549K(25152768K), 0.0334868 secs] [Times: user=0.42 sys=0.00, real=0.03 secs] 
2014-04-09T12:33:44.980+0900: 353.570: [GC (Allocation Failure) 353.570: [ParNew: 109198K->3412K(118016K), 0.0339023 secs] 10563303K->10457518K(25152768K), 0.0340658 secs] [Times: user=0.43 sys=0.00, real=0.04 secs] 
2014-04-09T12:33:45.256+0900: 353.846: [GC (Allocation Failure) 353.846: [ParNew: 108372K->3742K(118016K), 0.0341392 secs] 10539811K->10435180K(25152768K), 0.0342995 secs] [Times: user=0.42 sys=0.01, real=0.03 secs] 
2014-04-09T12:33:45.469+0900: 354.059: [CMS-concurrent-sweep: 1.380/1.641 secs] [Times: user=6.42 sys=0.06, real=1.64 secs] 
2014-04-09T12:33:45.469+0900: 354.059: [CMS-concurrent-reset-start]
2014-04-09T12:33:45.555+0900: 354.145: [GC (Allocation Failure) 354.145: [ParNew: 108702K->3826K(118016K), 0.0340105 secs] 9529183K->9424307K(25152768K), 0.0341744 secs] [Times: user=0.41 sys=0.01, real=0.03 secs] 
2014-04-09T12:33:45.591+0900: 354.181: [CMS-concurrent-reset: 0.086/0.122 secs] [Times: user=0.58 sys=0.01, real=0.12 secs] 
2014-04-09T12:33:45.840+0900: 354.430: [GC (Allocation Failure) 354.430: [ParNew: 108786K->4244K(118016K), 0.0328434 secs] 9529267K->9424725K(25152768K), 0.0329862 secs] [Times: user=0.41 sys=0.00, real=0.03 secs] 
2014-04-09T12:33:45.875+0900: 354.465: [GC (CMS Initial Mark) [1 CMS-initial-mark: 9420480K(25034752K)] 9426002K(25152768K), 0.0022082 secs] [Times: user=0.01 sys=0.00, real=0.00 secs] 
2014-04-09T12:33:45.878+0900: 354.468: [CMS-concurrent-mark-start]
2014-04-09T12:33:46.144+0900: 354.734: [GC (Allocation Failure) 354.734: [ParNew: 109204K->1442K(118016K), 0.0339353 secs] 9529685K->9424212K(25152768K), 0.0341032 secs] [Times: user=0.41 sys=0.01, real=0.04 secs] 
2014-04-09T12:33:46.415+0900: 355.005: [GC (Allocation Failure) 355.005: [ParNew: 106402K->364K(118016K), 0.0304367 secs] 9529172K->9423134K(25152768K), 0.0305907 secs] [Times: user=0.38 sys=0.00, real=0.03 secs] 
2014-04-09T12:33:46.656+0900: 355.246: [CMS-concurrent-mark: 0.701/0.778 secs] [Times: user=4.24 sys=0.03, real=0.78 secs] 
2014-04-09T12:33:46.656+0900: 355.246: [CMS-concurrent-preclean-start]
2014-04-09T12:33:46.788+0900: 355.378: [CMS-concurrent-preclean: 0.130/0.132 secs] [Times: user=0.13 sys=0.00, real=0.13 secs] 
2014-04-09T12:33:46.788+0900: 355.378: [CMS-concurrent-abortable-preclean-start]
 CMS: abort preclean due to time 2014-04-09T12:33:51.822+0900: 360.412: [CMS-concurrent-abortable-preclean: 2.730/5.034 secs] [Times: user=2.75 sys=0.00, real=5.03 secs] 
2014-04-09T12:33:51.823+0900: 360.413: [GC (CMS Final Remark) [YG occupancy: 62895 K (118016 K)]360.413: [Rescan (parallel) , 0.0236149 secs]360.437: [weak refs processing, 0.0000724 secs]360.437: [class unloading, 0.0440613 secs]360.481: [scrub symbol table, 0.0043136 secs]360.485: [scrub string table, 0.0012394 secs][1 CMS-remark: 9422770K(25034752K)] 9485665K(25152768K), 0.0805952 secs] [Times: user=0.34 sys=0.01, real=0.08 secs] 
2014-04-09T12:33:51.904+0900: 360.494: [CMS-concurrent-sweep-start]
2014-04-09T12:33:54.046+0900: 362.636: [CMS-concurrent-sweep: 2.142/2.142 secs] [Times: user=2.14 sys=0.00, real=2.15 secs] 
2014-04-09T12:33:54.046+0900: 362.636: [CMS-concurrent-reset-start]
2014-04-09T12:33:54.124+0900: 362.714: [CMS-concurrent-reset: 0.078/0.078 secs] [Times: user=0.08 sys=0.00, real=0.07 secs] 
Heap
 par new generation   total 118016K, used 73689K [0x00000001c0000000, 0x00000001c8000000, 0x00000001c8000000)
  eden space 104960K,  69% used [0x00000001c0000000, 0x00000001c479b188, 0x00000001c6680000)
  from space 13056K,   2% used [0x00000001c7340000, 0x00000001c739b340, 0x00000001c8000000)
  to   space 13056K,   0% used [0x00000001c6680000, 0x00000001c6680000, 0x00000001c7340000)
 concurrent mark-sweep generation total 25034752K, used 4443401K [0x00000001c8000000, 0x00000007c0000000, 0x00000007c0000000)
 Metaspace       used 37847K, capacity 38637K, committed 38876K, reserved 1083392K
  class space    used 5721K, capacity 5910K, committed 5928K, reserved 1048576K
