Java HotSpot(TM) 64-Bit Server VM (25.0-b70) for linux-amd64 JRE (1.8.0-b132), built on Mar  4 2014 03:07:25 by "java_re" with gcc 4.3.0 20080428 (Red Hat 4.3.0-8)
Memory: 4k page, physical 32865776k(30192020k free), swap 2047992k(2047992k free)
CommandLine flags: -XX:CMSInitiatingOccupancyFraction=30 -XX:InitialHeapSize=25769803776 -XX:MaxHeapSize=25769803776 -XX:MaxNewSize=1134141440 -XX:MaxTenuringThreshold=6 -XX:NewSize=1134141440 -XX:OldPLABSize=16 -XX:OldSize=2268282880 -XX:+PrintGC -XX:+PrintGCDateStamps -XX:+PrintGCDetails -XX:+PrintGCTimeStamps -XX:ThreadStackSize=2048 -XX:+UseCompressedClassPointers -XX:+UseCompressedOops -XX:+UseConcMarkSweepGC -XX:+UseParNewGC 
2014-04-07T18:01:22.167+0900: 2.242: [GC (CMS Initial Mark) [1 CMS-initial-mark: 0K(24058304K)] 159494K(25055104K), 0.0998896 secs] [Times: user=0.23 sys=0.00, real=0.10 secs] 
2014-04-07T18:01:22.267+0900: 2.343: [CMS-concurrent-mark-start]
2014-04-07T18:01:22.275+0900: 2.350: [CMS-concurrent-mark: 0.007/0.007 secs] [Times: user=0.05 sys=0.00, real=0.00 secs] 
2014-04-07T18:01:22.275+0900: 2.350: [CMS-concurrent-preclean-start]
2014-04-07T18:01:22.402+0900: 2.478: [CMS-concurrent-preclean: 0.128/0.128 secs] [Times: user=0.52 sys=0.03, real=0.13 secs] 
2014-04-07T18:01:22.402+0900: 2.478: [CMS-concurrent-abortable-preclean-start]
 CMS: abort preclean due to time 2014-04-07T18:01:27.571+0900: 7.646: [CMS-concurrent-abortable-preclean: 3.888/5.168 secs] [Times: user=8.08 sys=0.23, real=5.17 secs] 
2014-04-07T18:01:27.571+0900: 7.647: [GC (CMS Final Remark) [YG occupancy: 372284 K (996800 K)]7.647: [Rescan (parallel) , 0.1516121 secs]7.798: [weak refs processing, 0.0000478 secs]7.798: [class unloading, 0.0249026 secs]7.823: [scrub symbol table, 0.0043471 secs]7.828: [scrub string table, 0.0010418 secs][1 CMS-remark: 0K(24058304K)] 372284K(25055104K), 0.1873661 secs] [Times: user=1.82 sys=0.00, real=0.19 secs] 
2014-04-07T18:01:27.759+0900: 7.834: [CMS-concurrent-sweep-start]
2014-04-07T18:01:27.759+0900: 7.835: [CMS-concurrent-sweep: 0.000/0.000 secs] [Times: user=0.00 sys=0.00, real=0.00 secs] 
2014-04-07T18:01:27.759+0900: 7.835: [CMS-concurrent-reset-start]
2014-04-07T18:01:27.869+0900: 7.944: [CMS-concurrent-reset: 0.109/0.109 secs] [Times: user=0.03 sys=0.08, real=0.11 secs] 
2014-04-07T18:01:28.880+0900: 8.955: [GC (Allocation Failure) 8.955: [ParNew: 886080K->20379K(996800K), 0.0870973 secs] 886080K->20379K(25055104K), 0.0872488 secs] [Times: user=0.98 sys=0.04, real=0.08 secs] 
2014-04-07T18:01:31.350+0900: 11.426: [GC (Allocation Failure) 11.426: [ParNew: 906459K->69182K(996800K), 0.0950009 secs] 906459K->69182K(25055104K), 0.0953415 secs] [Times: user=1.20 sys=0.06, real=0.09 secs] 
2014-04-07T18:01:32.381+0900: 12.456: [GC (Allocation Failure) 12.456: [ParNew: 955262K->110720K(996800K), 0.5479166 secs] 955262K->251008K(25055104K), 0.5482846 secs] [Times: user=3.17 sys=0.32, real=0.55 secs] 
2014-04-07T18:01:33.992+0900: 14.068: [GC (Allocation Failure) 14.068: [ParNew: 996800K->110720K(996800K), 0.3328270 secs] 1137088K->400244K(25055104K), 0.3331987 secs] [Times: user=2.52 sys=0.17, real=0.33 secs] 
2014-04-07T18:01:35.240+0900: 15.315: [GC (Allocation Failure) 15.315: [ParNew: 996800K->110720K(996800K), 0.2897086 secs] 1286324K->521908K(25055104K), 0.2900623 secs] [Times: user=2.15 sys=0.15, real=0.29 secs] 
2014-04-07T18:01:36.178+0900: 16.253: [GC (Allocation Failure) 16.253: [ParNew: 996800K->110720K(996800K), 0.2530562 secs] 1407988K->637612K(25055104K), 0.2534100 secs] [Times: user=1.53 sys=0.12, real=0.26 secs] 
2014-04-07T18:01:37.085+0900: 17.161: [GC (Allocation Failure) 17.161: [ParNew: 996800K->110720K(996800K), 0.2666617 secs] 1523692K->760227K(25055104K), 0.2670380 secs] [Times: user=1.61 sys=0.15, real=0.27 secs] 
2014-04-07T18:01:38.009+0900: 18.084: [GC (Allocation Failure) 18.085: [ParNew: 996800K->110720K(996800K), 0.2875069 secs] 1646307K->892870K(25055104K), 0.2878925 secs] [Times: user=1.73 sys=0.16, real=0.28 secs] 
2014-04-07T18:01:38.970+0900: 19.045: [GC (Allocation Failure) 19.046: [ParNew: 996800K->110720K(996800K), 0.2777999 secs] 1778950K->1016660K(25055104K), 0.2781878 secs] [Times: user=1.67 sys=0.16, real=0.27 secs] 
2014-04-07T18:01:39.967+0900: 20.042: [GC (Allocation Failure) 20.042: [ParNew: 996800K->110720K(996800K), 0.2833966 secs] 1902740K->1148197K(25055104K), 0.2837651 secs] [Times: user=1.76 sys=0.15, real=0.29 secs] 
2014-04-07T18:01:40.914+0900: 20.990: [GC (Allocation Failure) 20.990: [ParNew: 996800K->110720K(996800K), 0.2788226 secs] 2034277K->1276134K(25055104K), 0.2791765 secs] [Times: user=1.72 sys=0.15, real=0.28 secs] 
2014-04-07T18:01:41.855+0900: 21.931: [GC (Allocation Failure) 21.931: [ParNew: 996800K->110720K(996800K), 0.2863952 secs] 2162214K->1403531K(25055104K), 0.2867474 secs] [Times: user=1.73 sys=0.14, real=0.29 secs] 
2014-04-07T18:01:42.796+0900: 22.871: [GC (Allocation Failure) 22.871: [ParNew: 996800K->110720K(996800K), 0.2730157 secs] 2289611K->1539627K(25055104K), 0.2733762 secs] [Times: user=1.48 sys=0.16, real=0.27 secs] 
2014-04-07T18:01:43.748+0900: 23.824: [GC (Allocation Failure) 23.824: [ParNew: 996800K->110720K(996800K), 0.2963587 secs] 2425707K->1671046K(25055104K), 0.2967164 secs] [Times: user=1.70 sys=0.14, real=0.30 secs] 
2014-04-07T18:01:44.699+0900: 24.775: [GC (Allocation Failure) 24.775: [ParNew: 996800K->110720K(996800K), 0.2702117 secs] 2557126K->1797725K(25055104K), 0.2705772 secs] [Times: user=1.70 sys=0.13, real=0.28 secs] 
2014-04-07T18:01:45.638+0900: 25.713: [GC (Allocation Failure) 25.713: [ParNew: 996769K->110720K(996800K), 0.2943172 secs] 2683775K->1930766K(25055104K), 0.2946706 secs] [Times: user=1.75 sys=0.17, real=0.30 secs] 
2014-04-07T18:01:46.598+0900: 26.673: [GC (Allocation Failure) 26.673: [ParNew: 996800K->110720K(996800K), 0.2564470 secs] 2816846K->2058070K(25055104K), 0.2568007 secs] [Times: user=1.46 sys=0.15, real=0.26 secs] 
2014-04-07T18:01:47.530+0900: 27.605: [GC (Allocation Failure) 27.605: [ParNew: 996800K->110720K(996800K), 0.2938759 secs] 2944150K->2195987K(25055104K), 0.2942315 secs] [Times: user=1.74 sys=0.15, real=0.30 secs] 
2014-04-07T18:01:48.496+0900: 28.572: [GC (Allocation Failure) 28.572: [ParNew: 996800K->110720K(996800K), 0.2676449 secs] 3082067K->2320953K(25055104K), 0.2680119 secs] [Times: user=1.64 sys=0.14, real=0.27 secs] 
2014-04-07T18:01:49.420+0900: 29.495: [GC (Allocation Failure) 29.495: [ParNew: 996800K->110720K(996800K), 0.2824468 secs] 3207033K->2448855K(25055104K), 0.2828043 secs] [Times: user=1.71 sys=0.15, real=0.29 secs] 
2014-04-07T18:01:50.377+0900: 30.453: [GC (Allocation Failure) 30.453: [ParNew: 996800K->110720K(996800K), 0.2759937 secs] 3334935K->2577408K(25055104K), 0.2763609 secs] [Times: user=1.67 sys=0.14, real=0.28 secs] 
2014-04-07T18:01:51.329+0900: 31.405: [GC (Allocation Failure) 31.405: [ParNew: 996800K->110720K(996800K), 0.2880439 secs] 3463488K->2714097K(25055104K), 0.2884063 secs] [Times: user=1.67 sys=0.17, real=0.29 secs] 
2014-04-07T18:01:52.280+0900: 32.355: [GC (Allocation Failure) 32.355: [ParNew: 996800K->110720K(996800K), 0.2756849 secs] 3600177K->2848779K(25055104K), 0.2760355 secs] [Times: user=1.66 sys=0.14, real=0.28 secs] 
2014-04-07T18:01:53.228+0900: 33.303: [GC (Allocation Failure) 33.304: [ParNew: 996800K->110720K(996800K), 0.2872297 secs] 3734859K->2986872K(25055104K), 0.2875998 secs] [Times: user=1.69 sys=0.17, real=0.29 secs] 
2014-04-07T18:01:54.175+0900: 34.250: [GC (Allocation Failure) 34.251: [ParNew: 996800K->110720K(996800K), 0.2585640 secs] 3872952K->3115754K(25055104K), 0.2589286 secs] [Times: user=1.68 sys=0.12, real=0.26 secs] 
2014-04-07T18:01:55.101+0900: 35.176: [GC (Allocation Failure) 35.177: [ParNew: 996800K->110720K(996800K), 0.2742095 secs] 4001834K->3243300K(25055104K), 0.2745730 secs] [Times: user=1.65 sys=0.15, real=0.28 secs] 
2014-04-07T18:01:56.046+0900: 36.121: [GC (Allocation Failure) 36.122: [ParNew: 996800K->110720K(996800K), 0.2861433 secs] 4129380K->3380922K(25055104K), 0.2865057 secs] [Times: user=1.66 sys=0.16, real=0.29 secs] 
2014-04-07T18:01:56.984+0900: 37.059: [GC (Allocation Failure) 37.060: [ParNew: 996775K->110720K(996800K), 0.2632161 secs] 4266977K->3503731K(25055104K), 0.2636090 secs] [Times: user=1.57 sys=0.14, real=0.26 secs] 
2014-04-07T18:01:57.922+0900: 37.997: [GC (Allocation Failure) 37.998: [ParNew: 996800K->110720K(996800K), 0.2598128 secs] 4389811K->3635359K(25055104K), 0.2601887 secs] [Times: user=1.39 sys=0.16, real=0.26 secs] 
2014-04-07T18:01:58.872+0900: 38.948: [GC (Allocation Failure) 38.948: [ParNew: 996800K->110720K(996800K), 0.2516318 secs] 4521439K->3762728K(25055104K), 0.2519965 secs] [Times: user=1.39 sys=0.16, real=0.25 secs] 
2014-04-07T18:01:59.787+0900: 39.862: [GC (Allocation Failure) 39.862: [ParNew: 996800K->110720K(996800K), 0.2884700 secs] 4648808K->3900411K(25055104K), 0.2888294 secs] [Times: user=1.69 sys=0.16, real=0.29 secs] 
2014-04-07T18:02:00.711+0900: 40.786: [GC (Allocation Failure) 40.786: [ParNew: 996800K->110720K(996800K), 0.2531664 secs] 4786491K->4027798K(25055104K), 0.2535255 secs] [Times: user=1.40 sys=0.15, real=0.26 secs] 
2014-04-07T18:02:01.628+0900: 41.704: [GC (Allocation Failure) 41.704: [ParNew: 996800K->110720K(996800K), 0.2699359 secs] 4913878K->4155094K(25055104K), 0.2702959 secs] [Times: user=1.63 sys=0.14, real=0.27 secs] 
2014-04-07T18:02:02.564+0900: 42.640: [GC (Allocation Failure) 42.640: [ParNew: 996800K->110720K(996800K), 0.2841495 secs] 5041174K->4292249K(25055104K), 0.2845118 secs] [Times: user=1.66 sys=0.16, real=0.28 secs] 
2014-04-07T18:02:03.505+0900: 43.581: [GC (Allocation Failure) 43.581: [ParNew: 996800K->110720K(996800K), 0.2781775 secs] 5178329K->4422972K(25055104K), 0.2785432 secs] [Times: user=1.68 sys=0.15, real=0.28 secs] 
2014-04-07T18:02:04.452+0900: 44.527: [GC (Allocation Failure) 44.527: [ParNew: 996800K->110720K(996800K), 0.2710581 secs] 5309052K->4552041K(25055104K), 0.2714196 secs] [Times: user=1.65 sys=0.15, real=0.28 secs] 
2014-04-07T18:02:05.395+0900: 45.471: [GC (Allocation Failure) 45.471: [ParNew: 996800K->110720K(996800K), 0.2761700 secs] 5438121K->4680459K(25055104K), 0.2765360 secs] [Times: user=1.64 sys=0.15, real=0.27 secs] 
2014-04-07T18:02:06.335+0900: 46.411: [GC (Allocation Failure) 46.411: [ParNew: 996800K->110720K(996800K), 0.2677008 secs] 5566539K->4818171K(25055104K), 0.2680616 secs] [Times: user=1.44 sys=0.15, real=0.27 secs] 
2014-04-07T18:02:07.274+0900: 47.350: [GC (Allocation Failure) 47.350: [ParNew: 996800K->110720K(996800K), 0.2736887 secs] 5704251K->4945142K(25055104K), 0.2740478 secs] [Times: user=1.67 sys=0.12, real=0.27 secs] 
2014-04-07T18:02:08.194+0900: 48.270: [GC (Allocation Failure) 48.270: [ParNew: 996800K->110720K(996800K), 0.2741445 secs] 5831222K->5072915K(25055104K), 0.2745032 secs] [Times: user=1.63 sys=0.17, real=0.27 secs] 
2014-04-07T18:02:09.141+0900: 49.216: [GC (Allocation Failure) 49.216: [ParNew: 996800K->110720K(996800K), 0.2784537 secs] 5958995K->5206348K(25055104K), 0.2788188 secs] [Times: user=1.61 sys=0.15, real=0.28 secs] 
2014-04-07T18:02:10.087+0900: 50.163: [GC (Allocation Failure) 50.163: [ParNew: 996800K->110720K(996800K), 0.2813502 secs] 6092428K->5343801K(25055104K), 0.2817161 secs] [Times: user=1.66 sys=0.15, real=0.28 secs] 
2014-04-07T18:02:11.043+0900: 51.118: [GC (Allocation Failure) 51.118: [ParNew: 996800K->110720K(996800K), 0.2530468 secs] 6229881K->5468653K(25055104K), 0.2534079 secs] [Times: user=1.38 sys=0.15, real=0.26 secs] 
2014-04-07T18:02:11.963+0900: 52.039: [GC (Allocation Failure) 52.039: [ParNew: 996800K->110720K(996800K), 0.3034326 secs] 6354733K->5617154K(25055104K), 0.3038036 secs] [Times: user=1.86 sys=0.16, real=0.30 secs] 
2014-04-07T18:02:12.922+0900: 52.997: [GC (Allocation Failure) 52.998: [ParNew: 996800K->110720K(996800K), 0.2447296 secs] 6503234K->5745832K(25055104K), 0.2450971 secs] [Times: user=1.65 sys=0.15, real=0.25 secs] 
2014-04-07T18:02:13.831+0900: 53.906: [GC (Allocation Failure) 53.907: [ParNew: 996800K->110720K(996800K), 0.2947129 secs] 6631912K->5882165K(25055104K), 0.2950799 secs] [Times: user=1.61 sys=0.15, real=0.30 secs] 
2014-04-07T18:02:14.792+0900: 54.867: [GC (Allocation Failure) 54.867: [ParNew: 996800K->110720K(996800K), 0.2702862 secs] 6768245K->6007793K(25055104K), 0.2706510 secs] [Times: user=1.53 sys=0.16, real=0.27 secs] 
2014-04-07T18:02:15.727+0900: 55.802: [GC (Allocation Failure) 55.803: [ParNew: 996800K->110720K(996800K), 0.2585381 secs] 6893873K->6138078K(25055104K), 0.2589083 secs] [Times: user=1.36 sys=0.14, real=0.26 secs] 
2014-04-07T18:02:16.663+0900: 56.738: [GC (Allocation Failure) 56.738: [ParNew: 996800K->110720K(996800K), 0.2602606 secs] 7024158K->6264696K(25055104K), 0.2606272 secs] [Times: user=1.36 sys=0.14, real=0.26 secs] 
2014-04-07T18:02:17.578+0900: 57.654: [GC (Allocation Failure) 57.654: [ParNew: 996800K->110720K(996800K), 0.2841461 secs] 7150776K->6402519K(25055104K), 0.2845218 secs] [Times: user=1.65 sys=0.16, real=0.28 secs] 
2014-04-07T18:02:18.531+0900: 58.607: [GC (Allocation Failure) 58.607: [ParNew: 996800K->110720K(996800K), 0.2736156 secs] 7288599K->6532412K(25055104K), 0.2739851 secs] [Times: user=1.57 sys=0.16, real=0.28 secs] 
2014-04-07T18:02:19.474+0900: 59.549: [GC (Allocation Failure) 59.550: [ParNew: 996800K->110720K(996800K), 0.2742999 secs] 7418492K->6660763K(25055104K), 0.2746742 secs] [Times: user=1.61 sys=0.13, real=0.28 secs] 
2014-04-07T18:02:20.411+0900: 60.486: [GC (Allocation Failure) 60.486: [ParNew: 996800K->110720K(996800K), 0.2774319 secs] 7546843K->6789266K(25055104K), 0.2778032 secs] [Times: user=1.59 sys=0.17, real=0.28 secs] 
2014-04-07T18:02:21.360+0900: 61.435: [GC (Allocation Failure) 61.435: [ParNew: 996800K->110720K(996800K), 0.2878068 secs] 7675346K->6931136K(25055104K), 0.2882087 secs] [Times: user=1.58 sys=0.17, real=0.29 secs] 
2014-04-07T18:02:22.305+0900: 62.380: [GC (Allocation Failure) 62.380: [ParNew: 996800K->110720K(996800K), 0.2616761 secs] 7817216K->7055914K(25055104K), 0.2620457 secs] [Times: user=1.60 sys=0.13, real=0.27 secs] 
2014-04-07T18:02:23.250+0900: 63.325: [GC (Allocation Failure) 63.325: [ParNew: 996800K->110720K(996800K), 0.2789646 secs] 7941994K->7183865K(25055104K), 0.2793476 secs] [Times: user=1.57 sys=0.15, real=0.28 secs] 
2014-04-07T18:02:24.197+0900: 64.272: [GC (Allocation Failure) 64.272: [ParNew: 996800K->110720K(996800K), 0.2732822 secs] 8069945K->7311086K(25055104K), 0.2736608 secs] [Times: user=1.58 sys=0.14, real=0.27 secs] 
2014-04-07T18:02:25.117+0900: 65.192: [GC (Allocation Failure) 65.193: [ParNew: 996800K->110720K(996800K), 0.2924789 secs] 8197166K->7449113K(25055104K), 0.2928714 secs] [Times: user=1.60 sys=0.16, real=0.29 secs] 
2014-04-07T18:02:25.411+0900: 65.487: [GC (CMS Initial Mark) [1 CMS-initial-mark: 7338393K(24058304K)] 7449207K(25055104K), 0.0106143 secs] [Times: user=0.09 sys=0.00, real=0.01 secs] 
2014-04-07T18:02:25.422+0900: 65.498: [CMS-concurrent-mark-start]
2014-04-07T18:02:26.259+0900: 66.334: [CMS-concurrent-mark: 0.837/0.837 secs] [Times: user=7.90 sys=1.73, real=0.84 secs] 
2014-04-07T18:02:26.259+0900: 66.334: [CMS-concurrent-preclean-start]
2014-04-07T18:02:26.328+0900: 66.404: [GC (Allocation Failure) 66.404: [ParNew: 996800K->110720K(996800K), 0.2831136 secs] 8335193K->7574582K(25055104K), 0.2835083 secs] [Times: user=1.61 sys=0.14, real=0.28 secs] 
2014-04-07T18:02:26.840+0900: 66.915: [CMS-concurrent-preclean: 0.294/0.581 secs] [Times: user=4.16 sys=0.94, real=0.58 secs] 
2014-04-07T18:02:26.840+0900: 66.915: [CMS-concurrent-abortable-preclean-start]
2014-04-07T18:02:27.319+0900: 67.394: [GC (Allocation Failure) 67.394: [ParNew: 996800K->110720K(996800K), 0.2779897 secs] 8460662K->7707092K(25055104K), 0.2783703 secs] [Times: user=1.62 sys=0.14, real=0.28 secs] 
2014-04-07T18:02:28.175+0900: 68.251: [CMS-concurrent-abortable-preclean: 1.002/1.335 secs] [Times: user=10.22 sys=2.90, real=1.33 secs] 
2014-04-07T18:02:28.177+0900: 68.252: [GC (CMS Final Remark) [YG occupancy: 833647 K (996800 K)]68.252: [Rescan (parallel) , 0.0868211 secs]68.339: [weak refs processing, 0.0003191 secs]68.339: [class unloading, 0.0527698 secs]68.392: [scrub symbol table, 0.0048319 secs]68.397: [scrub string table, 0.0014250 secs][1 CMS-remark: 7596372K(24058304K)] 8430019K(25055104K), 0.1559679 secs] [Times: user=1.19 sys=0.00, real=0.15 secs] 
2014-04-07T18:02:28.333+0900: 68.408: [CMS-concurrent-sweep-start]
2014-04-07T18:02:28.457+0900: 68.532: [GC (Allocation Failure) 68.532: [ParNew: 996800K->110720K(996800K), 0.2914242 secs] 8530384K->7773316K(25055104K), 0.2918322 secs] [Times: user=1.41 sys=0.15, real=0.29 secs] 
2014-04-07T18:02:29.439+0900: 69.514: [GC (Allocation Failure) 69.515: [ParNew: 996800K->110720K(996800K), 0.1879656 secs] 8168228K->7409383K(25055104K), 0.1883619 secs] [Times: user=1.33 sys=0.08, real=0.19 secs] 
2014-04-07T18:02:30.368+0900: 70.444: [GC (Allocation Failure) 70.444: [ParNew: 996800K->110720K(996800K), 0.1949442 secs] 7779127K->7019222K(25055104K), 0.1953370 secs] [Times: user=1.54 sys=0.08, real=0.19 secs] 
2014-04-07T18:02:31.264+0900: 71.339: [GC (Allocation Failure) 71.340: [ParNew: 996800K->110720K(996800K), 0.2086722 secs] 7440259K->6679276K(25055104K), 0.2090558 secs] [Times: user=1.52 sys=0.09, real=0.21 secs] 
2014-04-07T18:02:32.214+0900: 72.290: [GC (Allocation Failure) 72.290: [ParNew: 996800K->110720K(996800K), 0.2163842 secs] 7077842K->6329158K(25055104K), 0.2167686 secs] [Times: user=1.36 sys=0.11, real=0.22 secs] 
2014-04-07T18:02:33.159+0900: 73.235: [GC (Allocation Failure) 73.235: [ParNew: 996800K->110720K(996800K), 0.2226643 secs] 6771133K->6011624K(25055104K), 0.2230568 secs] [Times: user=1.54 sys=0.09, real=0.22 secs] 
2014-04-07T18:02:33.677+0900: 73.752: [CMS-concurrent-sweep: 4.010/5.344 secs] [Times: user=42.14 sys=10.84, real=5.34 secs] 
2014-04-07T18:02:33.677+0900: 73.753: [CMS-concurrent-reset-start]
2014-04-07T18:02:33.756+0900: 73.832: [CMS-concurrent-reset: 0.079/0.079 secs] [Times: user=0.66 sys=0.19, real=0.07 secs] 
2014-04-07T18:02:34.085+0900: 74.160: [GC (Allocation Failure) 74.161: [ParNew: 996800K->110720K(996800K), 0.2623573 secs] 6835465K->6079195K(25055104K), 0.2627388 secs] [Times: user=1.57 sys=0.12, real=0.27 secs] 
2014-04-07T18:02:35.013+0900: 75.088: [GC (Allocation Failure) 75.089: [ParNew: 996800K->110720K(996800K), 0.2829777 secs] 6965275K->6208951K(25055104K), 0.2833644 secs] [Times: user=1.51 sys=0.15, real=0.28 secs] 
2014-04-07T18:02:35.972+0900: 76.048: [GC (Allocation Failure) 76.048: [ParNew: 996800K->110720K(996800K), 0.2810290 secs] 7095031K->6336381K(25055104K), 0.2814085 secs] [Times: user=1.53 sys=0.14, real=0.28 secs] 
2014-04-07T18:02:36.921+0900: 76.996: [GC (Allocation Failure) 76.996: [ParNew: 996800K->110720K(996800K), 0.3087818 secs] 7222461K->6474913K(25055104K), 0.3091691 secs] [Times: user=1.58 sys=0.16, real=0.31 secs] 
2014-04-07T18:02:37.921+0900: 77.996: [GC (Allocation Failure) 77.996: [ParNew: 996800K->110720K(996800K), 0.2829575 secs] 7360993K->6598051K(25055104K), 0.2833374 secs] [Times: user=1.50 sys=0.15, real=0.28 secs] 
2014-04-07T18:02:38.866+0900: 78.942: [GC (Allocation Failure) 78.942: [ParNew: 996800K->110720K(996800K), 0.2965620 secs] 7484131K->6725640K(25055104K), 0.2969520 secs] [Times: user=1.52 sys=0.15, real=0.30 secs] 
2014-04-07T18:02:39.833+0900: 79.909: [GC (Allocation Failure) 79.909: [ParNew: 996800K->110720K(996800K), 0.2985642 secs] 7611720K->6856328K(25055104K), 0.2989399 secs] [Times: user=1.53 sys=0.16, real=0.30 secs] 
2014-04-07T18:02:40.790+0900: 80.865: [GC (Allocation Failure) 80.866: [ParNew: 996800K->110720K(996800K), 0.3029841 secs] 7742408K->6984865K(25055104K), 0.3033696 secs] [Times: user=1.54 sys=0.16, real=0.30 secs] 
2014-04-07T18:02:41.749+0900: 81.824: [GC (Allocation Failure) 81.824: [ParNew: 996800K->110720K(996800K), 0.2995746 secs] 7870945K->7115022K(25055104K), 0.2999628 secs] [Times: user=1.51 sys=0.14, real=0.30 secs] 
2014-04-07T18:02:42.725+0900: 82.800: [GC (Allocation Failure) 82.801: [ParNew: 996800K->110720K(996800K), 0.3118259 secs] 8001102K->7253471K(25055104K), 0.3122086 secs] [Times: user=1.59 sys=0.18, real=0.31 secs] 
2014-04-07T18:02:43.722+0900: 83.797: [GC (Allocation Failure) 83.797: [ParNew: 996800K->110720K(996800K), 0.2912889 secs] 8139551K->7378279K(25055104K), 0.2916662 secs] [Times: user=1.49 sys=0.16, real=0.29 secs] 
2014-04-07T18:02:44.015+0900: 84.090: [GC (CMS Initial Mark) [1 CMS-initial-mark: 7267559K(24058304K)] 7378302K(25055104K), 0.0101790 secs] [Times: user=0.09 sys=0.00, real=0.01 secs] 
2014-04-07T18:02:44.025+0900: 84.100: [CMS-concurrent-mark-start]
2014-04-07T18:02:44.965+0900: 85.040: [GC (Allocation Failure) 85.040: [ParNew: 996800K->110720K(996800K), 0.3178863 secs] 8264359K->7509552K(25055104K), 0.3182662 secs] [Times: user=1.60 sys=0.16, real=0.32 secs] 
2014-04-07T18:02:45.462+0900: 85.538: [CMS-concurrent-mark: 1.117/1.437 secs] [Times: user=12.30 sys=2.41, real=1.44 secs] 
2014-04-07T18:02:45.462+0900: 85.538: [CMS-concurrent-preclean-start]
2014-04-07T18:02:46.101+0900: 86.176: [CMS-concurrent-preclean: 0.601/0.639 secs] [Times: user=4.74 sys=1.44, real=0.64 secs] 
2014-04-07T18:02:46.103+0900: 86.178: [GC (Allocation Failure) 86.178: [ParNew: 996800K->110720K(996800K), 0.3528859 secs] 8395632K->7642803K(25055104K), 0.3532471 secs] [Times: user=1.68 sys=0.21, real=0.35 secs] 
2014-04-07T18:02:46.457+0900: 86.533: [GC (CMS Final Remark) [YG occupancy: 110764 K (996800 K)]86.533: [Rescan (parallel) , 0.0433245 secs]86.576: [weak refs processing, 0.0007588 secs]86.577: [class unloading, 0.0412988 secs]86.618: [scrub symbol table, 0.0048348 secs]86.623: [scrub string table, 0.0014040 secs][1 CMS-remark: 7532083K(24058304K)] 7642847K(25055104K), 0.0986609 secs] [Times: user=0.60 sys=0.00, real=0.10 secs] 
2014-04-07T18:02:46.556+0900: 86.632: [CMS-concurrent-sweep-start]
2014-04-07T18:02:47.268+0900: 87.344: [GC (Allocation Failure) 87.344: [ParNew: 996800K->110720K(996800K), 0.2273444 secs] 8277503K->7520655K(25055104K), 0.2277363 secs] [Times: user=1.59 sys=0.10, real=0.23 secs] 
2014-04-07T18:02:48.193+0900: 88.269: [GC (Allocation Failure) 88.269: [ParNew: 996800K->110720K(996800K), 0.2352355 secs] 8212659K->7455336K(25055104K), 0.2356201 secs] [Times: user=1.58 sys=0.10, real=0.23 secs] 
2014-04-07T18:02:49.153+0900: 89.229: [GC (Allocation Failure) 89.229: [ParNew: 996800K->110720K(996800K), 0.2404410 secs] 8227058K->7471867K(25055104K), 0.2408282 secs] [Times: user=1.62 sys=0.13, real=0.24 secs] 
2014-04-07T18:02:49.940+0900: 90.015: [CMS-concurrent-sweep: 2.674/3.384 secs] [Times: user=27.13 sys=7.46, real=3.39 secs] 
2014-04-07T18:02:49.940+0900: 90.015: [CMS-concurrent-reset-start]
2014-04-07T18:02:50.018+0900: 90.094: [CMS-concurrent-reset: 0.078/0.078 secs] [Times: user=0.64 sys=0.21, real=0.07 secs] 
2014-04-07T18:02:50.121+0900: 90.197: [GC (Allocation Failure) 90.197: [ParNew: 996800K->110720K(996800K), 0.2276264 secs] 8046740K->7288988K(25055104K), 0.2280113 secs] [Times: user=1.54 sys=0.11, real=0.22 secs] 
2014-04-07T18:02:51.032+0900: 91.107: [GC (Allocation Failure) 91.108: [ParNew: 996800K->110720K(996800K), 0.3402782 secs] 8175068K->7467391K(25055104K), 0.3406718 secs] [Times: user=1.99 sys=0.16, real=0.34 secs] 
2014-04-07T18:02:51.374+0900: 91.450: [GC (CMS Initial Mark) [1 CMS-initial-mark: 7356671K(24058304K)] 7467559K(25055104K), 0.0404336 secs] [Times: user=0.26 sys=0.00, real=0.04 secs] 
2014-04-07T18:02:51.415+0900: 91.491: [CMS-concurrent-mark-start]
2014-04-07T18:02:52.308+0900: 92.384: [GC (Allocation Failure) 92.384: [ParNew: 996800K->110720K(996800K), 0.2485769 secs] 8353471K->7593920K(25055104K), 0.2489707 secs] [Times: user=1.90 sys=0.09, real=0.25 secs] 
2014-04-07T18:02:52.770+0900: 92.845: [CMS-concurrent-mark: 1.104/1.354 secs] [Times: user=12.94 sys=2.45, real=1.35 secs] 
2014-04-07T18:02:52.770+0900: 92.845: [CMS-concurrent-preclean-start]
2014-04-07T18:02:53.312+0900: 93.388: [GC (Allocation Failure) 93.388: [ParNew: 996800K->110720K(996800K), 0.3277305 secs] 8480000K->7723527K(25055104K), 0.3281270 secs] [Times: user=1.59 sys=0.18, real=0.33 secs] 
2014-04-07T18:02:53.740+0900: 93.815: [CMS-concurrent-preclean: 0.616/0.970 secs] [Times: user=6.76 sys=1.91, real=0.97 secs] 
2014-04-07T18:02:53.740+0900: 93.815: [CMS-concurrent-abortable-preclean-start]
2014-04-07T18:02:54.368+0900: 94.444: [GC (Allocation Failure) 94.444: [ParNew: 996800K->110720K(996800K), 0.3403857 secs] 8609607K->7853463K(25055104K), 0.3407674 secs] [Times: user=1.57 sys=0.17, real=0.34 secs] 
2014-04-07T18:02:55.331+0900: 95.407: [CMS-concurrent-abortable-preclean: 1.195/1.591 secs] [Times: user=11.75 sys=3.37, real=1.60 secs] 
2014-04-07T18:02:55.333+0900: 95.408: [GC (CMS Final Remark) [YG occupancy: 872849 K (996800 K)]95.408: [Rescan (parallel) , 0.0902913 secs]95.498: [weak refs processing, 0.0002286 secs]95.499: [class unloading, 0.0412494 secs]95.540: [scrub symbol table, 0.0048430 secs]95.545: [scrub string table, 0.0014124 secs][1 CMS-remark: 7742743K(24058304K)] 8615593K(25055104K), 0.1448564 secs] [Times: user=1.22 sys=0.00, real=0.14 secs] 
2014-04-07T18:02:55.478+0900: 95.553: [CMS-concurrent-sweep-start]
2014-04-07T18:02:55.571+0900: 95.647: [GC (Allocation Failure) 95.647: [ParNew: 996800K->110720K(996800K), 0.3088949 secs] 8730997K->7973340K(25055104K), 0.3092769 secs] [Times: user=1.37 sys=0.18, real=0.31 secs] 
2014-04-07T18:02:56.600+0900: 96.675: [GC (Allocation Failure) 96.675: [ParNew: 996800K->110720K(996800K), 0.2614430 secs] 8762798K->8006152K(25055104K), 0.2618181 secs] [Times: user=1.58 sys=0.12, real=0.27 secs] 
2014-04-07T18:02:57.574+0900: 97.650: [GC (Allocation Failure) 97.650: [ParNew: 996800K->110720K(996800K), 0.2879035 secs] 8758412K->8001168K(25055104K), 0.2882813 secs] [Times: user=1.56 sys=0.13, real=0.29 secs] 
2014-04-07T18:02:58.584+0900: 98.659: [GC (Allocation Failure) 98.659: [ParNew: 996800K->110720K(996800K), 0.2914462 secs] 8816028K->8059776K(25055104K), 0.2918302 secs] [Times: user=1.53 sys=0.14, real=0.29 secs] 
2014-04-07T18:02:58.955+0900: 99.030: [CMS-concurrent-sweep: 2.319/3.477 secs] [Times: user=25.15 sys=6.84, real=3.48 secs] 
2014-04-07T18:02:58.955+0900: 99.030: [CMS-concurrent-reset-start]
2014-04-07T18:02:59.032+0900: 99.108: [CMS-concurrent-reset: 0.078/0.078 secs] [Times: user=0.65 sys=0.21, real=0.08 secs] 
2014-04-07T18:02:59.571+0900: 99.647: [GC (Allocation Failure) 99.647: [ParNew: 996800K->110720K(996800K), 0.2968961 secs] 8902740K->8145895K(25055104K), 0.2972797 secs] [Times: user=1.49 sys=0.14, real=0.30 secs] 
2014-04-07T18:02:59.870+0900: 99.945: [GC (CMS Initial Mark) [1 CMS-initial-mark: 8035175K(24058304K)] 8146014K(25055104K), 0.0105211 secs] [Times: user=0.08 sys=0.00, real=0.01 secs] 
2014-04-07T18:02:59.881+0900: 99.956: [CMS-concurrent-mark-start]
2014-04-07T18:03:00.760+0900: 100.835: [GC (Allocation Failure) 100.835: [ParNew: 996800K->110720K(996800K), 0.3393662 secs] 9031975K->8278322K(25055104K), 0.3397718 secs] [Times: user=1.58 sys=0.16, real=0.34 secs] 
2014-04-07T18:03:01.831+0900: 101.907: [CMS-concurrent-mark: 1.609/1.951 secs] [Times: user=17.13 sys=3.55, real=1.96 secs] 
2014-04-07T18:03:01.832+0900: 101.907: [CMS-concurrent-preclean-start]
2014-04-07T18:03:01.967+0900: 102.043: [GC (Allocation Failure) 102.043: [ParNew: 996800K->110720K(996800K), 0.3362200 secs] 9164402K->8407052K(25055104K), 0.3365843 secs] [Times: user=1.60 sys=0.18, real=0.34 secs] 
2014-04-07T18:03:02.956+0900: 103.031: [CMS-concurrent-preclean: 0.728/1.124 secs] [Times: user=8.09 sys=2.31, real=1.12 secs] 
2014-04-07T18:03:02.956+0900: 103.031: [CMS-concurrent-abortable-preclean-start]
2014-04-07T18:03:03.016+0900: 103.092: [GC (Allocation Failure) 103.092: [ParNew: 996800K->110720K(996800K), 0.3362202 secs] 9293132K->8533833K(25055104K), 0.3366056 secs] [Times: user=1.57 sys=0.19, real=0.34 secs] 
2014-04-07T18:03:03.787+0900: 103.863: [CMS-concurrent-abortable-preclean: 0.462/0.832 secs] [Times: user=5.78 sys=1.48, real=0.83 secs] 
2014-04-07T18:03:03.789+0900: 103.864: [GC (CMS Final Remark) [YG occupancy: 665726 K (996800 K)]103.864: [Rescan (parallel) , 0.0714252 secs]103.936: [weak refs processing, 0.0001699 secs]103.936: [class unloading, 0.0412156 secs]103.977: [scrub symbol table, 0.0048239 secs]103.982: [scrub string table, 0.0014068 secs][1 CMS-remark: 8423113K(24058304K)] 9088840K(25055104K), 0.1257994 secs] [Times: user=0.98 sys=0.00, real=0.13 secs] 
2014-04-07T18:03:03.915+0900: 103.990: [CMS-concurrent-sweep-start]
2014-04-07T18:03:04.172+0900: 104.247: [GC (Allocation Failure) 104.247: [ParNew: 996800K->110720K(996800K), 0.3335316 secs] 9403220K->8647408K(25055104K), 0.3339214 secs] [Times: user=1.59 sys=0.20, real=0.33 secs] 
2014-04-07T18:03:05.217+0900: 105.293: [GC (Allocation Failure) 105.293: [ParNew: 996800K->110720K(996800K), 0.2999160 secs] 9478972K->8723260K(25055104K), 0.3002924 secs] [Times: user=1.55 sys=0.18, real=0.30 secs] 
2014-04-07T18:03:06.242+0900: 106.317: [GC (Allocation Failure) 106.317: [ParNew: 996800K->110720K(996800K), 0.3075217 secs] 9527494K->8771966K(25055104K), 0.3079110 secs] [Times: user=1.55 sys=0.17, real=0.31 secs] 
2014-04-07T18:03:07.228+0900: 107.303: [CMS-concurrent-sweep: 2.366/3.313 secs] [Times: user=24.54 sys=6.81, real=3.31 secs] 
2014-04-07T18:03:07.228+0900: 107.304: [CMS-concurrent-reset-start]
2014-04-07T18:03:07.266+0900: 107.341: [GC (Allocation Failure) 107.342: [ParNew: 996800K->110720K(996800K), 0.2267135 secs] 9429157K->8671792K(25055104K), 0.2270944 secs] [Times: user=1.50 sys=0.10, real=0.23 secs] 
2014-04-07T18:03:07.537+0900: 107.612: [CMS-concurrent-reset: 0.080/0.309 secs] [Times: user=2.22 sys=0.33, real=0.31 secs] 
2014-04-07T18:03:08.172+0900: 108.248: [GC (Allocation Failure) 108.248: [ParNew: 996800K->110720K(996800K), 0.2926335 secs] 9557872K->8799220K(25055104K), 0.2930176 secs] [Times: user=1.54 sys=0.14, real=0.29 secs] 
2014-04-07T18:03:08.467+0900: 108.542: [GC (CMS Initial Mark) [1 CMS-initial-mark: 8688500K(24058304K)] 8799428K(25055104K), 0.0125880 secs] [Times: user=0.09 sys=0.00, real=0.01 secs] 
2014-04-07T18:03:08.480+0900: 108.556: [CMS-concurrent-mark-start]
2014-04-07T18:03:09.488+0900: 109.564: [GC (Allocation Failure) 109.564: [ParNew: 996800K->110720K(996800K), 0.2940080 secs] 9685300K->8909265K(25055104K), 0.2943924 secs] [Times: user=1.41 sys=0.15, real=0.30 secs] 
2014-04-07T18:03:10.693+0900: 110.768: [CMS-concurrent-mark: 1.916/2.213 secs] [Times: user=19.68 sys=4.27, real=2.22 secs] 
2014-04-07T18:03:10.693+0900: 110.768: [CMS-concurrent-preclean-start]
2014-04-07T18:03:10.768+0900: 110.843: [GC (Allocation Failure) 110.843: [ParNew: 996800K->110720K(996800K), 0.2579318 secs] 9795345K->9004329K(25055104K), 0.2583093 secs] [Times: user=1.09 sys=0.17, real=0.26 secs] 
2014-04-07T18:03:11.685+0900: 111.760: [CMS-concurrent-preclean: 0.678/0.992 secs] [Times: user=7.11 sys=2.14, real=0.99 secs] 
2014-04-07T18:03:11.685+0900: 111.760: [CMS-concurrent-abortable-preclean-start]
2014-04-07T18:03:11.823+0900: 111.898: [GC (Allocation Failure) 111.898: [ParNew: 996800K->110720K(996800K), 0.2470971 secs] 9890409K->9096345K(25055104K), 0.2474673 secs] [Times: user=1.03 sys=0.14, real=0.25 secs] 
2014-04-07T18:03:12.456+0900: 112.531: [CMS-concurrent-abortable-preclean: 0.495/0.771 secs] [Times: user=5.28 sys=1.50, real=0.77 secs] 
2014-04-07T18:03:12.457+0900: 112.532: [GC (CMS Final Remark) [YG occupancy: 545761 K (996800 K)]112.533: [Rescan (parallel) , 0.0581693 secs]112.591: [weak refs processing, 0.0000914 secs]112.591: [class unloading, 0.0412355 secs]112.632: [scrub symbol table, 0.0048302 secs]112.637: [scrub string table, 0.0014024 secs][1 CMS-remark: 8985625K(24058304K)] 9531387K(25055104K), 0.1124492 secs] [Times: user=0.80 sys=0.00, real=0.11 secs] 
2014-04-07T18:03:12.570+0900: 112.645: [CMS-concurrent-sweep-start]
2014-04-07T18:03:12.968+0900: 113.044: [GC (Allocation Failure) 113.044: [ParNew: 996800K->110720K(996800K), 0.2325271 secs] 9951923K->9162673K(25055104K), 0.2329204 secs] [Times: user=1.11 sys=0.12, real=0.23 secs] 
2014-04-07T18:03:14.642+0900: 114.718: [CMS-concurrent-sweep: 1.836/2.072 secs] [Times: user=9.58 sys=2.61, real=2.07 secs] 
2014-04-07T18:03:14.642+0900: 114.718: [CMS-concurrent-reset-start]
2014-04-07T18:03:14.704+0900: 114.779: [CMS-concurrent-reset: 0.061/0.061 secs] [Times: user=0.06 sys=0.00, real=0.07 secs] 
2014-04-07T18:03:16.705+0900: 116.780: [GC (CMS Initial Mark) [1 CMS-initial-mark: 8705065K(24058304K)] 9404501K(25055104K), 0.0619008 secs] [Times: user=0.79 sys=0.00, real=0.06 secs] 
2014-04-07T18:03:16.768+0900: 116.843: [CMS-concurrent-mark-start]
2014-04-07T18:03:18.245+0900: 118.321: [CMS-concurrent-mark: 1.478/1.478 secs] [Times: user=5.77 sys=0.05, real=1.48 secs] 
2014-04-07T18:03:18.246+0900: 118.321: [CMS-concurrent-preclean-start]
2014-04-07T18:03:18.405+0900: 118.480: [CMS-concurrent-preclean: 0.156/0.159 secs] [Times: user=0.16 sys=0.00, real=0.16 secs] 
2014-04-07T18:03:18.405+0900: 118.480: [CMS-concurrent-abortable-preclean-start]
 CMS: abort preclean due to time 2014-04-07T18:03:23.555+0900: 123.630: [CMS-concurrent-abortable-preclean: 4.548/5.149 secs] [Times: user=4.61 sys=0.00, real=5.15 secs] 
2014-04-07T18:03:23.556+0900: 123.632: [GC (CMS Final Remark) [YG occupancy: 699793 K (996800 K)]123.632: [Rescan (parallel) , 0.0579610 secs]123.690: [weak refs processing, 0.0003915 secs]123.690: [class unloading, 0.0297122 secs]123.720: [scrub symbol table, 0.0037327 secs]123.724: [scrub string table, 0.0011035 secs][1 CMS-remark: 8705065K(24058304K)] 9404859K(25055104K), 0.0975802 secs] [Times: user=0.78 sys=0.00, real=0.09 secs] 
2014-04-07T18:03:23.655+0900: 123.730: [CMS-concurrent-sweep-start]
2014-04-07T18:03:25.025+0900: 125.101: [CMS-concurrent-sweep: 1.366/1.370 secs] [Times: user=1.38 sys=0.00, real=1.36 secs] 
2014-04-07T18:03:25.026+0900: 125.101: [CMS-concurrent-reset-start]
2014-04-07T18:03:25.087+0900: 125.162: [CMS-concurrent-reset: 0.061/0.061 secs] [Times: user=0.06 sys=0.00, real=0.06 secs] 
2014-04-07T18:03:27.088+0900: 127.163: [GC (CMS Initial Mark) [1 CMS-initial-mark: 8588828K(24058304K)] 9288815K(25055104K), 0.0623439 secs] [Times: user=0.79 sys=0.00, real=0.06 secs] 
2014-04-07T18:03:27.151+0900: 127.226: [CMS-concurrent-mark-start]
2014-04-07T18:03:28.701+0900: 128.777: [CMS-concurrent-mark: 1.549/1.550 secs] [Times: user=6.00 sys=0.06, real=1.55 secs] 
2014-04-07T18:03:28.701+0900: 128.777: [CMS-concurrent-preclean-start]
2014-04-07T18:03:28.813+0900: 128.888: [CMS-concurrent-preclean: 0.112/0.112 secs] [Times: user=0.18 sys=0.00, real=0.11 secs] 
2014-04-07T18:03:28.813+0900: 128.889: [CMS-concurrent-abortable-preclean-start]
 CMS: abort preclean due to time 2014-04-07T18:03:34.102+0900: 134.178: [CMS-concurrent-abortable-preclean: 4.888/5.289 secs] [Times: user=5.21 sys=0.00, real=5.29 secs] 
2014-04-07T18:03:34.104+0900: 134.180: [GC (CMS Final Remark) [YG occupancy: 717114 K (996800 K)]134.180: [Rescan (parallel) , 0.0711848 secs]134.251: [weak refs processing, 0.0000599 secs]134.251: [class unloading, 0.0389158 secs]134.290: [scrub symbol table, 0.0046155 secs]134.295: [scrub string table, 0.0013472 secs][1 CMS-remark: 8588828K(24058304K)] 9305942K(25055104K), 0.1224484 secs] [Times: user=0.96 sys=0.00, real=0.13 secs] 
2014-04-07T18:03:34.228+0900: 134.303: [CMS-concurrent-sweep-start]
2014-04-07T18:03:35.610+0900: 135.685: [CMS-concurrent-sweep: 1.382/1.382 secs] [Times: user=1.39 sys=0.00, real=1.38 secs] 
2014-04-07T18:03:35.610+0900: 135.685: [CMS-concurrent-reset-start]
2014-04-07T18:03:35.671+0900: 135.747: [CMS-concurrent-reset: 0.061/0.061 secs] [Times: user=0.06 sys=0.00, real=0.06 secs] 
2014-04-07T18:03:37.672+0900: 137.748: [GC (CMS Initial Mark) [1 CMS-initial-mark: 8588817K(24058304K)] 9306113K(25055104K), 0.0624889 secs] [Times: user=0.79 sys=0.00, real=0.06 secs] 
2014-04-07T18:03:37.736+0900: 137.811: [CMS-concurrent-mark-start]
2014-04-07T18:03:38.842+0900: 138.917: [GC (Allocation Failure) 138.917: [ParNew: 996800K->98749K(996800K), 0.0864417 secs] 9585617K->8771331K(25055104K), 0.0867717 secs] [Times: user=0.69 sys=0.03, real=0.09 secs] 
2014-04-07T18:03:39.294+0900: 139.370: [GC (Allocation Failure) 139.370: [ParNew: 984829K->45484K(996800K), 0.1113626 secs] 9657411K->8773480K(25055104K), 0.1116927 secs] [Times: user=0.65 sys=0.05, real=0.11 secs] 
2014-04-07T18:03:39.805+0900: 139.881: [GC (Allocation Failure) 139.881: [ParNew: 927536K->45152K(996800K), 0.0424850 secs] 9655533K->8773148K(25055104K), 0.0428352 secs] [Times: user=0.58 sys=0.00, real=0.05 secs] 
2014-04-07T18:03:40.155+0900: 140.231: [CMS-concurrent-mark: 2.151/2.419 secs] [Times: user=19.94 sys=0.39, real=2.42 secs] 
2014-04-07T18:03:40.155+0900: 140.231: [CMS-concurrent-preclean-start]
2014-04-07T18:03:40.542+0900: 140.618: [GC (Allocation Failure) 140.618: [ParNew: 931232K->110720K(996800K), 0.1437895 secs] 9659228K->8876976K(25055104K), 0.1441764 secs] [Times: user=1.41 sys=0.06, real=0.14 secs] 
2014-04-07T18:03:40.843+0900: 140.918: [CMS-concurrent-preclean: 0.504/0.687 secs] [Times: user=8.34 sys=0.13, real=0.69 secs] 
2014-04-07T18:03:40.843+0900: 140.918: [CMS-concurrent-abortable-preclean-start]
2014-04-07T18:03:41.297+0900: 141.373: [GC (Allocation Failure) 141.373: [ParNew: 994821K->110720K(996800K), 0.2955526 secs] 9761077K->9065889K(25055104K), 0.2959428 secs] [Times: user=2.06 sys=0.14, real=0.30 secs] 
2014-04-07T18:03:41.955+0900: 142.031: [CMS-concurrent-abortable-preclean: 0.781/1.112 secs] [Times: user=9.94 sys=0.37, real=1.11 secs] 
2014-04-07T18:03:41.957+0900: 142.032: [GC (CMS Final Remark) [YG occupancy: 579629 K (996800 K)]142.032: [Rescan (parallel) , 0.0491149 secs]142.081: [weak refs processing, 0.0000606 secs]142.081: [class unloading, 0.0462824 secs]142.128: [scrub symbol table, 0.0048508 secs]142.133: [scrub string table, 0.0014132 secs][1 CMS-remark: 8955169K(24058304K)] 9534798K(25055104K), 0.1089585 secs] [Times: user=0.61 sys=0.00, real=0.11 secs] 
2014-04-07T18:03:42.066+0900: 142.142: [CMS-concurrent-sweep-start]
2014-04-07T18:03:42.392+0900: 142.468: [GC (Allocation Failure) 142.468: [ParNew: 996800K->110720K(996800K), 0.2039311 secs] 9951968K->9247970K(25055104K), 0.2042878 secs] [Times: user=1.10 sys=0.13, real=0.20 secs] 
2014-04-07T18:03:43.079+0900: 143.154: [GC (Allocation Failure) 143.154: [ParNew: 996800K->110720K(996800K), 0.2774282 secs] 10134050K->9402576K(25055104K), 0.2777790 secs] [Times: user=1.53 sys=0.16, real=0.27 secs] 
2014-04-07T18:03:43.916+0900: 143.991: [GC (Allocation Failure) 143.991: [ParNew: 996800K->110720K(996800K), 0.2461693 secs] 10288652K->9540090K(25055104K), 0.2465215 secs] [Times: user=1.19 sys=0.14, real=0.25 secs] 
2014-04-07T18:03:44.317+0900: 144.392: [CMS-concurrent-sweep: 1.515/2.250 secs] [Times: user=11.11 sys=0.67, real=2.25 secs] 
2014-04-07T18:03:44.317+0900: 144.392: [CMS-concurrent-reset-start]
2014-04-07T18:03:44.396+0900: 144.472: [CMS-concurrent-reset: 0.079/0.079 secs] [Times: user=0.36 sys=0.00, real=0.08 secs] 
2014-04-07T18:03:44.700+0900: 144.775: [GC (Allocation Failure) 144.776: [ParNew: 996800K->110720K(996800K), 0.3240302 secs] 10426170K->9736588K(25055104K), 0.3243879 secs] [Times: user=1.22 sys=0.20, real=0.32 secs] 
2014-04-07T18:03:45.026+0900: 145.101: [GC (CMS Initial Mark) [1 CMS-initial-mark: 9625868K(24058304K)] 9736778K(25055104K), 0.0045239 secs] [Times: user=0.04 sys=0.00, real=0.01 secs] 
2014-04-07T18:03:45.031+0900: 145.106: [CMS-concurrent-mark-start]
2014-04-07T18:03:45.553+0900: 145.628: [GC (Allocation Failure) 145.628: [ParNew: 989514K->110720K(996800K), 0.2899012 secs] 10615383K->9926219K(25055104K), 0.2902516 secs] [Times: user=1.14 sys=0.21, real=0.29 secs] 
2014-04-07T18:03:46.392+0900: 146.467: [GC (Allocation Failure) 146.467: [ParNew: 996800K->110720K(996800K), 0.2770612 secs] 10812299K->10146187K(25055104K), 0.2774187 secs] [Times: user=1.10 sys=0.19, real=0.28 secs] 
2014-04-07T18:03:47.325+0900: 147.400: [GC (Allocation Failure) 147.401: [ParNew: 990337K->110720K(996800K), 0.3127145 secs] 11025805K->10287606K(25055104K), 0.3130560 secs] [Times: user=1.20 sys=0.15, real=0.31 secs] 
2014-04-07T18:03:48.069+0900: 148.144: [CMS-concurrent-mark: 2.150/3.038 secs] [Times: user=18.66 sys=1.06, real=3.04 secs] 
2014-04-07T18:03:48.069+0900: 148.144: [CMS-concurrent-preclean-start]
2014-04-07T18:03:48.592+0900: 148.668: [GC (Allocation Failure) 148.668: [ParNew: 996800K->110720K(996800K), 0.3060295 secs] 11173686K->10440544K(25055104K), 0.3063890 secs] [Times: user=1.24 sys=0.19, real=0.31 secs] 
2014-04-07T18:03:49.334+0900: 149.410: [CMS-concurrent-preclean: 0.841/1.266 secs] [Times: user=3.13 sys=0.23, real=1.26 secs] 
2014-04-07T18:03:49.335+0900: 149.410: [CMS-concurrent-abortable-preclean-start]
2014-04-07T18:03:49.763+0900: 149.839: [CMS-concurrent-abortable-preclean: 0.428/0.429 secs] [Times: user=2.28 sys=0.00, real=0.43 secs] 
2014-04-07T18:03:49.765+0900: 149.840: [GC (Allocation Failure) 149.840: [ParNew: 996800K->105413K(996800K), 0.2518190 secs] 11326624K->10540452K(25055104K), 0.2520957 secs] [Times: user=0.93 sys=0.11, real=0.25 secs] 
2014-04-07T18:03:50.018+0900: 150.093: [GC (CMS Final Remark) [YG occupancy: 107844 K (996800 K)]150.093: [Rescan (parallel) , 0.0238309 secs]150.117: [weak refs processing, 0.0001006 secs]150.117: [class unloading, 0.0441159 secs]150.161: [scrub symbol table, 0.0038086 secs]150.165: [scrub string table, 0.0011231 secs][1 CMS-remark: 10435038K(24058304K)] 10542882K(25055104K), 0.0779619 secs] [Times: user=0.36 sys=0.00, real=0.08 secs] 
2014-04-07T18:03:50.096+0900: 150.172: [CMS-concurrent-sweep-start]
2014-04-07T18:03:51.529+0900: 151.605: [CMS-concurrent-sweep: 1.432/1.433 secs] [Times: user=1.93 sys=0.00, real=1.44 secs] 
2014-04-07T18:03:51.530+0900: 151.605: [CMS-concurrent-reset-start]
2014-04-07T18:03:51.591+0900: 151.666: [CMS-concurrent-reset: 0.061/0.061 secs] [Times: user=0.07 sys=0.00, real=0.06 secs] 
2014-04-07T18:03:53.592+0900: 153.668: [GC (CMS Initial Mark) [1 CMS-initial-mark: 9058571K(24058304K)] 9385665K(25055104K), 0.0338674 secs] [Times: user=0.43 sys=0.00, real=0.03 secs] 
2014-04-07T18:03:53.627+0900: 153.702: [CMS-concurrent-mark-start]
2014-04-07T18:03:55.298+0900: 155.373: [CMS-concurrent-mark: 1.670/1.671 secs] [Times: user=6.42 sys=0.12, real=1.67 secs] 
2014-04-07T18:03:55.298+0900: 155.373: [CMS-concurrent-preclean-start]
2014-04-07T18:03:55.369+0900: 155.444: [CMS-concurrent-preclean: 0.071/0.071 secs] [Times: user=0.08 sys=0.00, real=0.07 secs] 
2014-04-07T18:03:55.369+0900: 155.444: [CMS-concurrent-abortable-preclean-start]
 CMS: abort preclean due to time 2014-04-07T18:04:00.384+0900: 160.459: [CMS-concurrent-abortable-preclean: 3.565/5.015 secs] [Times: user=3.59 sys=0.00, real=5.02 secs] 
2014-04-07T18:04:00.385+0900: 160.461: [GC (CMS Final Remark) [YG occupancy: 327429 K (996800 K)]160.461: [Rescan (parallel) , 0.0442764 secs]160.505: [weak refs processing, 0.0000723 secs]160.505: [class unloading, 0.0470339 secs]160.552: [scrub symbol table, 0.0048367 secs]160.557: [scrub string table, 0.0014084 secs][1 CMS-remark: 9058571K(24058304K)] 9386000K(25055104K), 0.1049573 secs] [Times: user=0.62 sys=0.00, real=0.11 secs] 
2014-04-07T18:04:00.492+0900: 160.567: [CMS-concurrent-sweep-start]
2014-04-07T18:04:01.853+0900: 161.928: [CMS-concurrent-sweep: 1.354/1.361 secs] [Times: user=1.39 sys=0.00, real=1.36 secs] 
2014-04-07T18:04:01.853+0900: 161.928: [CMS-concurrent-reset-start]
2014-04-07T18:04:01.914+0900: 161.989: [CMS-concurrent-reset: 0.061/0.061 secs] [Times: user=0.06 sys=0.00, real=0.06 secs] 
2014-04-07T18:04:03.915+0900: 163.990: [GC (CMS Initial Mark) [1 CMS-initial-mark: 8700886K(24058304K)] 9028532K(25055104K), 0.0345251 secs] [Times: user=0.43 sys=0.00, real=0.03 secs] 
2014-04-07T18:04:03.951+0900: 164.026: [CMS-concurrent-mark-start]
2014-04-07T18:04:05.792+0900: 165.868: [CMS-concurrent-mark: 1.842/1.842 secs] [Times: user=7.02 sys=0.18, real=1.84 secs] 
2014-04-07T18:04:05.792+0900: 165.868: [CMS-concurrent-preclean-start]
2014-04-07T18:04:05.863+0900: 165.938: [CMS-concurrent-preclean: 0.071/0.071 secs] [Times: user=0.07 sys=0.00, real=0.07 secs] 
2014-04-07T18:04:05.863+0900: 165.939: [CMS-concurrent-abortable-preclean-start]
2014-04-07T18:04:09.500+0900: 169.575: [GC (Allocation Failure) 169.575: [ParNew: 991493K->34479K(996800K), 0.0377154 secs] 9692379K->8735365K(25055104K), 0.0380472 secs] [Times: user=0.46 sys=0.00, real=0.04 secs] 
2014-04-07T18:04:09.860+0900: 169.935: [CMS-concurrent-abortable-preclean: 2.945/3.997 secs] [Times: user=7.03 sys=0.00, real=3.99 secs] 
2014-04-07T18:04:09.862+0900: 169.937: [GC (CMS Final Remark) [YG occupancy: 849336 K (996800 K)]169.937: [Rescan (parallel) , 0.1238921 secs]170.061: [weak refs processing, 0.0000649 secs]170.061: [class unloading, 0.0459042 secs]170.107: [scrub symbol table, 0.0048304 secs]170.112: [scrub string table, 0.0014241 secs][1 CMS-remark: 8700886K(24058304K)] 9550222K(25055104K), 0.1833027 secs] [Times: user=1.65 sys=0.02, real=0.18 secs] 
2014-04-07T18:04:10.046+0900: 170.121: [CMS-concurrent-sweep-start]
2014-04-07T18:04:10.075+0900: 170.150: [GC (Allocation Failure) 170.150: [ParNew: 920559K->40646K(996800K), 0.0369870 secs] 9621444K->8741531K(25055104K), 0.0372826 secs] [Times: user=0.46 sys=0.00, real=0.04 secs] 
2014-04-07T18:04:10.425+0900: 170.501: [GC (Allocation Failure) 170.501: [ParNew: 926726K->110720K(996800K), 0.0679593 secs] 9627600K->8912868K(25055104K), 0.0682805 secs] [Times: user=0.82 sys=0.01, real=0.07 secs] 
2014-04-07T18:04:10.930+0900: 171.005: [GC (Allocation Failure) 171.005: [ParNew: 996800K->110720K(996800K), 0.0981319 secs] 9798947K->9055515K(25055104K), 0.0984371 secs] [Times: user=1.05 sys=0.01, real=0.10 secs] 
2014-04-07T18:04:11.431+0900: 171.506: [GC (Allocation Failure) 171.507: [ParNew: 993690K->110720K(996800K), 0.1206511 secs] 9938484K->9261606K(25055104K), 0.1209427 secs] [Times: user=1.15 sys=0.02, real=0.12 secs] 
2014-04-07T18:04:11.885+0900: 171.960: [GC (Allocation Failure) 171.961: [ParNew: 996800K->110720K(996800K), 0.1217032 secs] 10147686K->9442247K(25055104K), 0.1219900 secs] [Times: user=1.15 sys=0.03, real=0.12 secs] 
2014-04-07T18:04:12.052+0900: 172.127: [CMS-concurrent-sweep: 1.546/2.006 secs] [Times: user=13.61 sys=0.49, real=2.00 secs] 
2014-04-07T18:04:12.052+0900: 172.127: [CMS-concurrent-reset-start]
2014-04-07T18:04:12.127+0900: 172.203: [CMS-concurrent-reset: 0.075/0.075 secs] [Times: user=0.40 sys=0.01, real=0.08 secs] 
2014-04-07T18:04:12.363+0900: 172.439: [GC (Allocation Failure) 172.439: [ParNew: 996800K->110720K(996800K), 0.1172152 secs] 10328327K->9597574K(25055104K), 0.1175219 secs] [Times: user=1.06 sys=0.04, real=0.11 secs] 
2014-04-07T18:04:12.482+0900: 172.557: [GC (CMS Initial Mark) [1 CMS-initial-mark: 9486854K(24058304K)] 9599889K(25055104K), 0.0043000 secs] [Times: user=0.04 sys=0.00, real=0.01 secs] 
2014-04-07T18:04:12.487+0900: 172.562: [CMS-concurrent-mark-start]
2014-04-07T18:04:12.886+0900: 172.962: [GC (Allocation Failure) 172.962: [ParNew: 996800K->110720K(996800K), 0.1159840 secs] 10483654K->9758689K(25055104K), 0.1162883 secs] [Times: user=1.10 sys=0.03, real=0.12 secs] 
2014-04-07T18:04:13.532+0900: 173.607: [GC (Allocation Failure) 173.607: [ParNew: 996798K->110720K(996800K), 0.1395512 secs] 10644767K->9926178K(25055104K), 0.1398606 secs] [Times: user=1.13 sys=0.07, real=0.14 secs] 
2014-04-07T18:04:14.196+0900: 174.271: [GC (Allocation Failure) 174.271: [ParNew: 994431K->110720K(996800K), 0.1836070 secs] 10809890K->10110314K(25055104K), 0.1838983 secs] [Times: user=1.15 sys=0.08, real=0.18 secs] 
2014-04-07T18:04:14.936+0900: 175.012: [CMS-concurrent-mark: 2.002/2.450 secs] [Times: user=18.88 sys=0.77, real=2.45 secs] 
2014-04-07T18:04:14.937+0900: 175.013: [GC (Allocation Failure) 175.013: [ParNew: 996800K->110720K(996800K), 0.1914756 secs] 10996394K->10284672K(25055104K), 0.1917510 secs] [Times: user=1.22 sys=0.10, real=0.19 secs] 
2014-04-07T18:04:15.129+0900: 175.205: [CMS-concurrent-preclean-start]
2014-04-07T18:04:15.673+0900: 175.749: [GC (Allocation Failure) 175.749: [ParNew: 996800K->110720K(996800K), 0.2110443 secs] 11170752K->10493224K(25055104K), 0.2113344 secs] [Times: user=1.14 sys=0.12, real=0.21 secs] 
2014-04-07T18:04:16.474+0900: 176.549: [CMS-concurrent-preclean: 0.995/1.344 secs] [Times: user=5.31 sys=0.31, real=1.35 secs] 
2014-04-07T18:04:16.474+0900: 176.549: [CMS-concurrent-abortable-preclean-start]
2014-04-07T18:04:16.772+0900: 176.847: [CMS-concurrent-abortable-preclean: 0.297/0.298 secs] [Times: user=0.58 sys=0.01, real=0.29 secs] 
2014-04-07T18:04:16.773+0900: 176.848: [GC (Allocation Failure) 176.848: [ParNew: 996797K->110720K(996800K), 0.1938310 secs] 11379302K->10603017K(25055104K), 0.1940606 secs] [Times: user=0.95 sys=0.09, real=0.19 secs] 
2014-04-07T18:04:16.968+0900: 177.043: [GC (CMS Final Remark) [YG occupancy: 112332 K (996800 K)]177.043: [Rescan (parallel) , 0.0305390 secs]177.074: [weak refs processing, 0.0001303 secs]177.074: [class unloading, 0.0330881 secs]177.107: [scrub symbol table, 0.0038229 secs]177.111: [scrub string table, 0.0011229 secs][1 CMS-remark: 10492297K(24058304K)] 10604630K(25055104K), 0.0735718 secs] [Times: user=0.44 sys=0.00, real=0.07 secs] 
2014-04-07T18:04:17.042+0900: 177.117: [CMS-concurrent-sweep-start]
2014-04-07T18:04:18.452+0900: 178.527: [GC (Allocation Failure) 178.527: [ParNew: 995188K->110720K(996800K), 0.1165112 secs] 10328349K->9576350K(25055104K), 0.1167589 secs] [Times: user=1.01 sys=0.06, real=0.12 secs] 
2014-04-07T18:04:18.637+0900: 178.712: [CMS-concurrent-sweep: 1.475/1.595 secs] [Times: user=3.75 sys=0.15, real=1.60 secs] 
2014-04-07T18:04:18.637+0900: 178.712: [CMS-concurrent-reset-start]
2014-04-07T18:04:18.703+0900: 178.779: [CMS-concurrent-reset: 0.067/0.067 secs] [Times: user=0.13 sys=0.00, real=0.07 secs] 
2014-04-07T18:04:19.587+0900: 179.662: [GC (Allocation Failure) 179.662: [ParNew: 996800K->110720K(996800K), 0.1177038 secs] 10014147K->9244975K(25055104K), 0.1179971 secs] [Times: user=0.99 sys=0.05, real=0.12 secs] 
2014-04-07T18:04:19.706+0900: 179.781: [GC (CMS Initial Mark) [1 CMS-initial-mark: 9134255K(24058304K)] 9245632K(25055104K), 0.0033642 secs] [Times: user=0.03 sys=0.00, real=0.00 secs] 
2014-04-07T18:04:19.709+0900: 179.785: [CMS-concurrent-mark-start]
2014-04-07T18:04:21.377+0900: 181.453: [CMS-concurrent-mark: 1.668/1.668 secs] [Times: user=7.68 sys=0.13, real=1.67 secs] 
2014-04-07T18:04:21.377+0900: 181.453: [CMS-concurrent-preclean-start]
2014-04-07T18:04:21.444+0900: 181.519: [CMS-concurrent-preclean: 0.067/0.067 secs] [Times: user=0.07 sys=0.00, real=0.07 secs] 
2014-04-07T18:04:21.444+0900: 181.519: [CMS-concurrent-abortable-preclean-start]
 CMS: abort preclean due to time 2014-04-07T18:04:26.465+0900: 186.540: [CMS-concurrent-abortable-preclean: 4.019/5.021 secs] [Times: user=4.06 sys=0.00, real=5.02 secs] 
2014-04-07T18:04:26.466+0900: 186.542: [GC (CMS Final Remark) [YG occupancy: 563113 K (996800 K)]186.542: [Rescan (parallel) , 0.0850203 secs]186.627: [weak refs processing, 0.0000776 secs]186.627: [class unloading, 0.0455081 secs]186.673: [scrub symbol table, 0.0048406 secs]186.677: [scrub string table, 0.0014105 secs][1 CMS-remark: 9134255K(24058304K)] 9697368K(25055104K), 0.1440305 secs] [Times: user=1.16 sys=0.00, real=0.14 secs] 
2014-04-07T18:04:26.612+0900: 186.687: [CMS-concurrent-sweep-start]
2014-04-07T18:04:27.897+0900: 187.973: [CMS-concurrent-sweep: 1.286/1.286 secs] [Times: user=1.29 sys=0.00, real=1.29 secs] 
2014-04-07T18:04:27.897+0900: 187.973: [CMS-concurrent-reset-start]
2014-04-07T18:04:27.960+0900: 188.035: [CMS-concurrent-reset: 0.062/0.062 secs] [Times: user=0.06 sys=0.00, real=0.06 secs] 
2014-04-07T18:04:29.961+0900: 190.036: [GC (CMS Initial Mark) [1 CMS-initial-mark: 8668426K(24058304K)] 9242154K(25055104K), 0.0782047 secs] [Times: user=1.00 sys=0.00, real=0.08 secs] 
2014-04-07T18:04:30.040+0900: 190.115: [CMS-concurrent-mark-start]
2014-04-07T18:04:31.916+0900: 191.991: [CMS-concurrent-mark: 1.876/1.876 secs] [Times: user=7.33 sys=0.11, real=1.88 secs] 
2014-04-07T18:04:31.916+0900: 191.992: [CMS-concurrent-preclean-start]
2014-04-07T18:04:31.983+0900: 192.058: [CMS-concurrent-preclean: 0.067/0.067 secs] [Times: user=0.07 sys=0.00, real=0.06 secs] 
2014-04-07T18:04:31.983+0900: 192.059: [CMS-concurrent-abortable-preclean-start]
 CMS: abort preclean due to time 2014-04-07T18:04:37.012+0900: 197.087: [CMS-concurrent-abortable-preclean: 4.026/5.029 secs] [Times: user=4.05 sys=0.00, real=5.03 secs] 
2014-04-07T18:04:37.014+0900: 197.089: [GC (CMS Final Remark) [YG occupancy: 574223 K (996800 K)]197.089: [Rescan (parallel) , 0.0777000 secs]197.167: [weak refs processing, 0.0000613 secs]197.167: [class unloading, 0.0447442 secs]197.212: [scrub symbol table, 0.0048365 secs]197.216: [scrub string table, 0.0014141 secs][1 CMS-remark: 8668426K(24058304K)] 9242650K(25055104K), 0.1358599 secs] [Times: user=1.05 sys=0.00, real=0.14 secs] 
2014-04-07T18:04:37.150+0900: 197.225: [CMS-concurrent-sweep-start]
2014-04-07T18:04:38.421+0900: 198.497: [CMS-concurrent-sweep: 1.271/1.271 secs] [Times: user=1.28 sys=0.00, real=1.27 secs] 
2014-04-07T18:04:38.421+0900: 198.497: [CMS-concurrent-reset-start]
2014-04-07T18:04:38.482+0900: 198.558: [CMS-concurrent-reset: 0.061/0.061 secs] [Times: user=0.06 sys=0.00, real=0.06 secs] 
2014-04-07T18:04:39.918+0900: 199.993: [GC (Allocation Failure) 199.993: [ParNew: 996800K->78432K(996800K), 0.0776816 secs] 9665155K->8809883K(25055104K), 0.0779801 secs] [Times: user=0.66 sys=0.01, real=0.07 secs] 
2014-04-07T18:04:39.997+0900: 200.073: [GC (CMS Initial Mark) [1 CMS-initial-mark: 8731451K(24058304K)] 8814164K(25055104K), 0.0015126 secs] [Times: user=0.01 sys=0.00, real=0.00 secs] 
2014-04-07T18:04:39.999+0900: 200.074: [CMS-concurrent-mark-start]
2014-04-07T18:04:40.419+0900: 200.494: [GC (Allocation Failure) 200.494: [ParNew: 964512K->19649K(996800K), 0.0329263 secs] 9695963K->8751100K(25055104K), 0.0331907 secs] [Times: user=0.41 sys=0.01, real=0.03 secs] 
2014-04-07T18:04:40.858+0900: 200.933: [GC (Allocation Failure) 200.933: [ParNew: 904408K->110720K(996800K), 0.0530866 secs] 9635859K->8886133K(25055104K), 0.0533613 secs] [Times: user=0.68 sys=0.00, real=0.05 secs] 
2014-04-07T18:04:41.512+0900: 201.587: [GC (Allocation Failure) 201.587: [ParNew: 996799K->110720K(996800K), 0.0817674 secs] 9772212K->9038471K(25055104K), 0.0820014 secs] [Times: user=0.93 sys=0.01, real=0.08 secs] 
2014-04-07T18:04:41.893+0900: 201.968: [CMS-concurrent-mark: 1.719/1.894 secs] [Times: user=15.46 sys=0.42, real=1.89 secs] 
2014-04-07T18:04:41.893+0900: 201.968: [CMS-concurrent-preclean-start]
2014-04-07T18:04:42.079+0900: 202.155: [GC (Allocation Failure) 202.155: [ParNew: 996800K->110720K(996800K), 0.1316044 secs] 9924551K->9232756K(25055104K), 0.1318760 secs] [Times: user=1.20 sys=0.04, real=0.13 secs] 
2014-04-07T18:04:42.642+0900: 202.717: [CMS-concurrent-preclean: 0.560/0.749 secs] [Times: user=3.96 sys=0.16, real=0.75 secs] 
2014-04-07T18:04:42.642+0900: 202.717: [CMS-concurrent-abortable-preclean-start]
2014-04-07T18:04:42.776+0900: 202.852: [GC (Allocation Failure) 202.852: [ParNew: 996800K->110720K(996800K), 0.1241667 secs] 10118836K->9353230K(25055104K), 0.1244311 secs] [Times: user=1.07 sys=0.04, real=0.13 secs] 
2014-04-07T18:04:43.348+0900: 203.423: [CMS-concurrent-abortable-preclean: 0.543/0.706 secs] [Times: user=2.68 sys=0.11, real=0.71 secs] 
2014-04-07T18:04:43.350+0900: 203.425: [GC (CMS Final Remark) [YG occupancy: 523000 K (996800 K)]203.425: [Rescan (parallel) , 0.0321158 secs]203.457: [weak refs processing, 0.0000799 secs]203.457: [class unloading, 0.0429862 secs]203.500: [scrub symbol table, 0.0048419 secs]203.505: [scrub string table, 0.0014119 secs][1 CMS-remark: 9242510K(24058304K)] 9765511K(25055104K), 0.0883079 secs] [Times: user=0.47 sys=0.00, real=0.09 secs] 
2014-04-07T18:04:43.439+0900: 203.514: [CMS-concurrent-sweep-start]
2014-04-07T18:04:43.820+0900: 203.896: [GC (Allocation Failure) 203.896: [ParNew: 996800K->110720K(996800K), 0.1361492 secs] 10020226K->9334679K(25055104K), 0.1364253 secs] [Times: user=1.23 sys=0.06, real=0.13 secs] 
2014-04-07T18:04:44.629+0900: 204.704: [GC (Allocation Failure) 204.704: [ParNew: 996792K->110720K(996800K), 0.1074534 secs] 9736167K->8990922K(25055104K), 0.1077082 secs] [Times: user=0.99 sys=0.03, real=0.10 secs] 
2014-04-07T18:04:45.330+0900: 205.405: [GC (Allocation Failure) 205.406: [ParNew: 996800K->110720K(996800K), 0.1158748 secs] 9191305K->8503216K(25055104K), 0.1161049 secs] [Times: user=1.11 sys=0.04, real=0.11 secs] 
2014-04-07T18:04:45.474+0900: 205.549: [CMS-concurrent-sweep: 1.670/2.035 secs] [Times: user=9.50 sys=0.37, real=2.03 secs] 
2014-04-07T18:04:45.474+0900: 205.549: [CMS-concurrent-reset-start]
2014-04-07T18:04:45.544+0900: 205.620: [CMS-concurrent-reset: 0.071/0.071 secs] [Times: user=0.35 sys=0.00, real=0.07 secs] 
2014-04-07T18:04:45.863+0900: 205.938: [GC (Allocation Failure) 205.938: [ParNew: 996800K->110720K(996800K), 0.1047721 secs] 9327436K->8571937K(25055104K), 0.1050432 secs] [Times: user=1.05 sys=0.04, real=0.11 secs] 
2014-04-07T18:04:45.969+0900: 206.044: [GC (CMS Initial Mark) [1 CMS-initial-mark: 8461217K(24058304K)] 8573915K(25055104K), 0.0051947 secs] [Times: user=0.04 sys=0.00, real=0.00 secs] 
2014-04-07T18:04:45.974+0900: 206.050: [CMS-concurrent-mark-start]
2014-04-07T18:04:46.497+0900: 206.572: [GC (Allocation Failure) 206.572: [ParNew: 994563K->110720K(996800K), 0.1351621 secs] 9455781K->8769249K(25055104K), 0.1354430 secs] [Times: user=1.17 sys=0.05, real=0.14 secs] 
2014-04-07T18:04:47.077+0900: 207.153: [GC (Allocation Failure) 207.153: [ParNew: 995765K->110720K(996800K), 0.1427025 secs] 9654295K->8919946K(25055104K), 0.1430256 secs] [Times: user=1.50 sys=0.04, real=0.14 secs] 
2014-04-07T18:04:47.800+0900: 207.875: [GC (Allocation Failure) 207.875: [ParNew: 996800K->110720K(996800K), 0.1517153 secs] 9806026K->9081377K(25055104K), 0.1519927 secs] [Times: user=1.60 sys=0.03, real=0.15 secs] 
2014-04-07T18:04:48.360+0900: 208.435: [CMS-concurrent-mark: 1.950/2.385 secs] [Times: user=19.03 sys=0.59, real=2.39 secs] 
2014-04-07T18:04:48.360+0900: 208.435: [CMS-concurrent-preclean-start]
2014-04-07T18:04:48.612+0900: 208.688: [GC (Allocation Failure) 208.688: [ParNew: 996800K->110720K(996800K), 0.1445923 secs] 9967457K->9231664K(25055104K), 0.1448696 secs] [Times: user=1.52 sys=0.03, real=0.14 secs] 
2014-04-07T18:04:49.386+0900: 209.461: [GC (Allocation Failure) 209.461: [ParNew: 996800K->110720K(996800K), 0.1356416 secs] 10117744K->9411801K(25055104K), 0.1358803 secs] [Times: user=1.36 sys=0.05, real=0.14 secs] 
2014-04-07T18:04:49.949+0900: 210.024: [CMS-concurrent-preclean: 1.183/1.589 secs] [Times: user=7.38 sys=0.24, real=1.59 secs] 
2014-04-07T18:04:49.949+0900: 210.024: [CMS-concurrent-abortable-preclean-start]
2014-04-07T18:04:50.275+0900: 210.351: [CMS-concurrent-abortable-preclean: 0.326/0.327 secs] [Times: user=0.67 sys=0.01, real=0.32 secs] 
2014-04-07T18:04:50.277+0900: 210.352: [GC (CMS Final Remark) [YG occupancy: 638380 K (996800 K)]210.352: [Rescan (parallel) , 0.0833609 secs]210.436: [weak refs processing, 0.0000954 secs]210.436: [class unloading, 0.0306531 secs]210.466: [scrub symbol table, 0.0037400 secs]210.470: [scrub string table, 0.0011063 secs][1 CMS-remark: 9301081K(24058304K)] 9939461K(25055104K), 0.1234762 secs] [Times: user=1.10 sys=0.00, real=0.13 secs] 
2014-04-07T18:04:50.401+0900: 210.476: [CMS-concurrent-sweep-start]
2014-04-07T18:04:50.911+0900: 210.987: [GC (Allocation Failure) 210.987: [ParNew: 993951K->110720K(996800K), 0.1429394 secs] 10292202K->9505348K(25055104K), 0.1431752 secs] [Times: user=1.24 sys=0.05, real=0.14 secs] 
2014-04-07T18:04:51.614+0900: 211.689: [CMS-concurrent-sweep: 1.068/1.213 secs] [Times: user=3.84 sys=0.11, real=1.21 secs] 
2014-04-07T18:04:51.614+0900: 211.689: [CMS-concurrent-reset-start]
2014-04-07T18:04:51.694+0900: 211.769: [CMS-concurrent-reset: 0.080/0.080 secs] [Times: user=0.47 sys=0.00, real=0.08 secs] 
2014-04-07T18:04:51.815+0900: 211.891: [GC (Allocation Failure) 211.891: [ParNew: 996800K->106526K(996800K), 0.1870090 secs] 9986215K->9202013K(25055104K), 0.1872473 secs] [Times: user=1.21 sys=0.07, real=0.19 secs] 
2014-04-07T18:04:52.003+0900: 212.079: [GC (CMS Initial Mark) [1 CMS-initial-mark: 9095486K(24058304K)] 9206667K(25055104K), 0.0421774 secs] [Times: user=0.08 sys=0.00, real=0.04 secs] 
2014-04-07T18:04:52.046+0900: 212.121: [CMS-concurrent-mark-start]
2014-04-07T18:04:54.004+0900: 214.079: [CMS-concurrent-mark: 1.957/1.958 secs] [Times: user=8.26 sys=0.19, real=1.96 secs] 
2014-04-07T18:04:54.004+0900: 214.079: [CMS-concurrent-preclean-start]
2014-04-07T18:04:54.075+0900: 214.150: [CMS-concurrent-preclean: 0.071/0.071 secs] [Times: user=0.07 sys=0.00, real=0.07 secs] 
2014-04-07T18:04:54.075+0900: 214.151: [CMS-concurrent-abortable-preclean-start]
 CMS: abort preclean due to time 2014-04-07T18:04:59.134+0900: 219.209: [CMS-concurrent-abortable-preclean: 4.157/5.058 secs] [Times: user=4.18 sys=0.00, real=5.06 secs] 
2014-04-07T18:04:59.135+0900: 219.211: [GC (CMS Final Remark) [YG occupancy: 456547 K (996800 K)]219.211: [Rescan (parallel) , 0.0648528 secs]219.276: [weak refs processing, 0.0000461 secs]219.276: [class unloading, 0.0304165 secs]219.306: [scrub symbol table, 0.0037283 secs]219.310: [scrub string table, 0.0011004 secs][1 CMS-remark: 9095486K(24058304K)] 9552034K(25055104K), 0.1047027 secs] [Times: user=0.87 sys=0.00, real=0.11 secs] 
2014-04-07T18:04:59.241+0900: 219.316: [CMS-concurrent-sweep-start]
2014-04-07T18:05:00.433+0900: 220.508: [CMS-concurrent-sweep: 1.192/1.192 secs] [Times: user=1.19 sys=0.01, real=1.19 secs] 
2014-04-07T18:05:00.433+0900: 220.508: [CMS-concurrent-reset-start]
2014-04-07T18:05:00.495+0900: 220.571: [CMS-concurrent-reset: 0.062/0.062 secs] [Times: user=0.06 sys=0.00, real=0.06 secs] 
2014-04-07T18:05:02.496+0900: 222.571: [GC (CMS Initial Mark) [1 CMS-initial-mark: 8696733K(24058304K)] 9153883K(25055104K), 0.0675478 secs] [Times: user=0.79 sys=0.00, real=0.07 secs] 
2014-04-07T18:05:02.564+0900: 222.640: [CMS-concurrent-mark-start]
2014-04-07T18:05:04.517+0900: 224.593: [CMS-concurrent-mark: 1.953/1.953 secs] [Times: user=7.38 sys=0.18, real=1.95 secs] 
2014-04-07T18:05:04.517+0900: 224.593: [CMS-concurrent-preclean-start]
2014-04-07T18:05:04.588+0900: 224.663: [CMS-concurrent-preclean: 0.071/0.071 secs] [Times: user=0.07 sys=0.00, real=0.07 secs] 
2014-04-07T18:05:04.588+0900: 224.663: [CMS-concurrent-abortable-preclean-start]
 CMS: abort preclean due to time 2014-04-07T18:05:09.871+0900: 229.946: [CMS-concurrent-abortable-preclean: 4.181/5.283 secs] [Times: user=4.31 sys=0.00, real=5.29 secs] 
2014-04-07T18:05:09.873+0900: 229.948: [GC (CMS Final Remark) [YG occupancy: 457337 K (996800 K)]229.948: [Rescan (parallel) , 0.0684257 secs]230.017: [weak refs processing, 0.0000634 secs]230.017: [class unloading, 0.0430504 secs]230.060: [scrub symbol table, 0.0048381 secs]230.065: [scrub string table, 0.0014123 secs][1 CMS-remark: 8696733K(24058304K)] 9154071K(25055104K), 0.1246873 secs] [Times: user=0.93 sys=0.00, real=0.12 secs] 
2014-04-07T18:05:09.998+0900: 230.074: [CMS-concurrent-sweep-start]
2014-04-07T18:05:10.493+0900: 230.568: [GC (Allocation Failure) 230.569: [ParNew: 992606K->69041K(996800K), 0.0805307 secs] 9689323K->8765758K(25055104K), 0.0807982 secs] [Times: user=1.04 sys=0.00, real=0.08 secs] 
2014-04-07T18:05:11.073+0900: 231.148: [GC (Allocation Failure) 231.148: [ParNew: 955121K->66848K(996800K), 0.0765480 secs] 9651799K->8763526K(25055104K), 0.0767766 secs] [Times: user=0.98 sys=0.00, real=0.07 secs] 
2014-04-07T18:05:11.524+0900: 231.599: [CMS-concurrent-sweep: 1.356/1.525 secs] [Times: user=8.25 sys=0.07, real=1.53 secs] 
2014-04-07T18:05:11.524+0900: 231.599: [CMS-concurrent-reset-start]
2014-04-07T18:05:11.597+0900: 231.673: [GC (Allocation Failure) 231.673: [ParNew: 952928K->110720K(996800K), 0.1410294 secs] 9649603K->8886041K(25055104K), 0.1412494 secs] [Times: user=1.04 sys=0.05, real=0.14 secs] 
2014-04-07T18:05:11.756+0900: 231.832: [CMS-concurrent-reset: 0.090/0.233 secs] [Times: user=1.44 sys=0.08, real=0.23 secs] 
2014-04-07T18:05:12.531+0900: 232.606: [GC (Allocation Failure) 232.606: [ParNew: 996784K->110720K(996800K), 0.1227060 secs] 9772105K->8969334K(25055104K), 0.1229497 secs] [Times: user=0.88 sys=0.06, real=0.13 secs] 
2014-04-07T18:05:12.655+0900: 232.730: [GC (CMS Initial Mark) [1 CMS-initial-mark: 8858614K(24058304K)] 8972305K(25055104K), 0.0038495 secs] [Times: user=0.04 sys=0.00, real=0.00 secs] 
2014-04-07T18:05:12.659+0900: 232.734: [CMS-concurrent-mark-start]
2014-04-07T18:05:13.272+0900: 233.348: [GC (Allocation Failure) 233.348: [ParNew: 996800K->110720K(996800K), 0.2013381 secs] 9855414K->9167783K(25055104K), 0.2015735 secs] [Times: user=1.15 sys=0.11, real=0.20 secs] 
2014-04-07T18:05:14.022+0900: 234.098: [GC (Allocation Failure) 234.098: [ParNew: 996800K->110720K(996800K), 0.2330094 secs] 10053863K->9351602K(25055104K), 0.2332576 secs] [Times: user=1.22 sys=0.13, real=0.23 secs] 
2014-04-07T18:05:14.892+0900: 234.968: [GC (Allocation Failure) 234.968: [ParNew: 992436K->110720K(996800K), 0.2220800 secs] 10233319K->9495577K(25055104K), 0.2223300 secs] [Times: user=1.14 sys=0.10, real=0.22 secs] 
2014-04-07T18:05:15.518+0900: 235.593: [CMS-concurrent-mark: 2.198/2.859 secs] [Times: user=17.87 sys=0.98, real=2.86 secs] 
2014-04-07T18:05:15.518+0900: 235.593: [CMS-concurrent-preclean-start]
2014-04-07T18:05:16.231+0900: 236.306: [GC (Allocation Failure) 236.306: [ParNew: 996800K->110720K(996800K), 0.1937556 secs] 10381657K->9632645K(25055104K), 0.1939985 secs] [Times: user=1.09 sys=0.10, real=0.20 secs] 
2014-04-07T18:05:16.530+0900: 236.605: [CMS-concurrent-preclean: 0.732/1.012 secs] [Times: user=3.41 sys=0.18, real=1.01 secs] 
2014-04-07T18:05:16.530+0900: 236.605: [CMS-concurrent-abortable-preclean-start]
2014-04-07T18:05:16.980+0900: 237.056: [GC (Allocation Failure) 237.056: [ParNew: 996800K->110720K(996800K), 0.2679942 secs] 10518725K->9817850K(25055104K), 0.2682195 secs] [Times: user=1.23 sys=0.14, real=0.27 secs] 
2014-04-07T18:05:17.736+0900: 237.811: [CMS-concurrent-abortable-preclean: 0.872/1.205 secs] [Times: user=5.17 sys=0.31, real=1.21 secs] 
2014-04-07T18:05:17.738+0900: 237.813: [GC (CMS Final Remark) [YG occupancy: 902506 K (996800 K)]237.813: [Rescan (parallel) , 0.0584037 secs]237.872: [weak refs processing, 0.0001177 secs]237.872: [class unloading, 0.0412820 secs]237.913: [scrub symbol table, 0.0043306 secs]237.918: [scrub string table, 0.0012523 secs][1 CMS-remark: 9707130K(24058304K)] 10609636K(25055104K), 0.1122632 secs] [Times: user=0.80 sys=0.00, real=0.11 secs] 
2014-04-07T18:05:17.851+0900: 237.926: [CMS-concurrent-sweep-start]
2014-04-07T18:05:17.899+0900: 237.974: [GC (Allocation Failure) 237.974: [ParNew: 996800K->110720K(996800K), 0.2599721 secs] 10686938K->9996518K(25055104K), 0.2602043 secs] [Times: user=1.19 sys=0.12, real=0.26 secs] 
2014-04-07T18:05:18.926+0900: 239.001: [GC (Allocation Failure) 239.001: [ParNew: 990069K->110720K(996800K), 0.1148947 secs] 10219131K->9490740K(25055104K), 0.1151346 secs] [Times: user=1.11 sys=0.06, real=0.11 secs] 
2014-04-07T18:05:19.570+0900: 239.646: [GC (Allocation Failure) 239.646: [ParNew: 996800K->110720K(996800K), 0.1189872 secs] 9926144K->9237796K(25055104K), 0.1192209 secs] [Times: user=1.11 sys=0.05, real=0.12 secs] 
2014-04-07T18:05:20.076+0900: 240.152: [GC (Allocation Failure) 240.152: [ParNew: 996800K->110720K(996800K), 0.1218717 secs] 9713674K->9031964K(25055104K), 0.1221033 secs] [Times: user=1.12 sys=0.05, real=0.12 secs] 
2014-04-07T18:05:20.354+0900: 240.429: [CMS-concurrent-sweep: 1.881/2.503 secs] [Times: user=11.90 sys=0.63, real=2.51 secs] 
2014-04-07T18:05:20.354+0900: 240.429: [CMS-concurrent-reset-start]
2014-04-07T18:05:20.451+0900: 240.527: [CMS-concurrent-reset: 0.097/0.097 secs] [Times: user=0.50 sys=0.00, real=0.09 secs] 
2014-04-07T18:05:20.634+0900: 240.709: [GC (Allocation Failure) 240.709: [ParNew: 996800K->110720K(996800K), 0.1294946 secs] 9704564K->9026403K(25055104K), 0.1297294 secs] [Times: user=1.16 sys=0.07, real=0.13 secs] 
2014-04-07T18:05:20.765+0900: 240.840: [GC (CMS Initial Mark) [1 CMS-initial-mark: 8915683K(24058304K)] 9027088K(25055104K), 0.0039807 secs] [Times: user=0.04 sys=0.00, real=0.00 secs] 
2014-04-07T18:05:20.769+0900: 240.844: [CMS-concurrent-mark-start]
2014-04-07T18:05:21.633+0900: 241.709: [GC (Allocation Failure) 241.709: [ParNew: 996800K->110720K(996800K), 0.1169758 secs] 9912483K->9186766K(25055104K), 0.1172150 secs] [Times: user=1.00 sys=0.05, real=0.10 secs] 
2014-04-07T18:05:22.233+0900: 242.308: [GC (Allocation Failure) 242.308: [ParNew: 996800K->110720K(996800K), 0.1259918 secs] 10072846K->9375362K(25055104K), 0.1261969 secs] [Times: user=1.10 sys=0.07, real=0.12 secs] 
2014-04-07T18:05:22.793+0900: 242.868: [CMS-concurrent-mark: 1.778/2.024 secs] [Times: user=13.15 sys=0.46, real=2.03 secs] 
2014-04-07T18:05:22.793+0900: 242.868: [CMS-concurrent-preclean-start]
2014-04-07T18:05:23.166+0900: 243.242: [GC (Allocation Failure) 243.242: [ParNew: 996800K->110720K(996800K), 0.1107612 secs] 10261442K->9502099K(25055104K), 0.1109952 secs] [Times: user=0.98 sys=0.05, real=0.11 secs] 
2014-04-07T18:05:23.744+0900: 243.819: [CMS-concurrent-preclean: 0.768/0.951 secs] [Times: user=3.80 sys=0.15, real=0.95 secs] 
2014-04-07T18:05:23.744+0900: 243.820: [CMS-concurrent-abortable-preclean-start]
2014-04-07T18:05:24.060+0900: 244.135: [CMS-concurrent-abortable-preclean: 0.315/0.316 secs] [Times: user=0.65 sys=0.02, real=0.31 secs] 
2014-04-07T18:05:24.061+0900: 244.137: [GC (CMS Final Remark) [YG occupancy: 980265 K (996800 K)]244.137: [Rescan (parallel) , 0.0573482 secs]244.194: [weak refs processing, 0.0000586 secs]244.194: [class unloading, 0.0368379 secs]244.231: [scrub symbol table, 0.0040553 secs]244.235: [scrub string table, 0.0011309 secs][1 CMS-remark: 9391379K(24058304K)] 10371645K(25055104K), 0.1054791 secs] [Times: user=0.77 sys=0.00, real=0.11 secs] 
2014-04-07T18:05:24.168+0900: 244.243: [CMS-concurrent-sweep-start]
2014-04-07T18:05:24.202+0900: 244.278: [GC (Allocation Failure) 244.278: [ParNew: 996800K->110720K(996800K), 0.1439837 secs] 10388092K->9634027K(25055104K), 0.1442051 secs] [Times: user=1.00 sys=0.09, real=0.15 secs] 
2014-04-07T18:05:24.978+0900: 245.054: [GC (Allocation Failure) 245.054: [ParNew: 996800K->97917K(996800K), 0.1690003 secs] 10515285K->9720874K(25055104K), 0.1692388 secs] [Times: user=0.87 sys=0.09, real=0.17 secs] 
2014-04-07T18:05:25.825+0900: 245.901: [CMS-concurrent-sweep: 1.340/1.658 secs] [Times: user=6.02 sys=0.20, real=1.66 secs] 
2014-04-07T18:05:25.826+0900: 245.901: [CMS-concurrent-reset-start]
2014-04-07T18:05:25.901+0900: 245.976: [CMS-concurrent-reset: 0.075/0.075 secs] [Times: user=0.08 sys=0.00, real=0.07 secs] 
2014-04-07T18:05:27.901+0900: 247.977: [GC (CMS Initial Mark) [1 CMS-initial-mark: 8976883K(24058304K)] 9466684K(25055104K), 0.0626123 secs] [Times: user=0.78 sys=0.00, real=0.07 secs] 
2014-04-07T18:05:27.965+0900: 248.040: [CMS-concurrent-mark-start]
2014-04-07T18:05:30.364+0900: 250.440: [CMS-concurrent-mark: 2.399/2.399 secs] [Times: user=9.38 sys=0.28, real=2.39 secs] 
2014-04-07T18:05:30.364+0900: 250.440: [CMS-concurrent-preclean-start]
2014-04-07T18:05:30.431+0900: 250.506: [CMS-concurrent-preclean: 0.066/0.066 secs] [Times: user=0.06 sys=0.00, real=0.07 secs] 
2014-04-07T18:05:30.431+0900: 250.506: [CMS-concurrent-abortable-preclean-start]
 CMS: abort preclean due to time 2014-04-07T18:05:35.557+0900: 255.632: [CMS-concurrent-abortable-preclean: 3.724/5.126 secs] [Times: user=3.84 sys=0.00, real=5.13 secs] 
2014-04-07T18:05:35.558+0900: 255.634: [GC (CMS Final Remark) [YG occupancy: 498745 K (996800 K)]255.634: [Rescan (parallel) , 0.0721564 secs]255.706: [weak refs processing, 0.0000625 secs]255.706: [class unloading, 0.0416715 secs]255.748: [scrub symbol table, 0.0043325 secs]255.752: [scrub string table, 0.0012452 secs][1 CMS-remark: 8976883K(24058304K)] 9475629K(25055104K), 0.1263913 secs] [Times: user=0.96 sys=0.01, real=0.13 secs] 
2014-04-07T18:05:35.686+0900: 255.761: [CMS-concurrent-sweep-start]
2014-04-07T18:05:36.955+0900: 257.031: [CMS-concurrent-sweep: 1.270/1.270 secs] [Times: user=1.28 sys=0.00, real=1.26 secs] 
2014-04-07T18:05:36.955+0900: 257.031: [CMS-concurrent-reset-start]
2014-04-07T18:05:37.030+0900: 257.106: [CMS-concurrent-reset: 0.075/0.075 secs] [Times: user=0.08 sys=0.00, real=0.07 secs] 
2014-04-07T18:05:39.031+0900: 259.106: [GC (CMS Initial Mark) [1 CMS-initial-mark: 8689353K(24058304K)] 9188295K(25055104K), 0.0515795 secs] [Times: user=0.65 sys=0.00, real=0.05 secs] 
2014-04-07T18:05:39.083+0900: 259.159: [CMS-concurrent-mark-start]
2014-04-07T18:05:40.981+0900: 261.056: [GC (Allocation Failure) 261.056: [ParNew: 983997K->58627K(996800K), 0.0387669 secs] 9673351K->8747981K(25055104K), 0.0389739 secs] [Times: user=0.47 sys=0.00, real=0.04 secs] 
2014-04-07T18:05:41.136+0900: 261.212: [CMS-concurrent-mark: 2.012/2.053 secs] [Times: user=9.40 sys=0.24, real=2.06 secs] 
2014-04-07T18:05:41.136+0900: 261.212: [CMS-concurrent-preclean-start]
2014-04-07T18:05:41.245+0900: 261.320: [CMS-concurrent-preclean: 0.106/0.109 secs] [Times: user=0.43 sys=0.00, real=0.10 secs] 
2014-04-07T18:05:41.245+0900: 261.320: [CMS-concurrent-abortable-preclean-start]
2014-04-07T18:05:41.545+0900: 261.620: [GC (Allocation Failure) 261.620: [ParNew: 944707K->59102K(996800K), 0.0362103 secs] 9634061K->8748456K(25055104K), 0.0364102 secs] [Times: user=0.46 sys=0.00, real=0.04 secs] 
2014-04-07T18:05:41.899+0900: 261.974: [CMS-concurrent-abortable-preclean: 0.510/0.654 secs] [Times: user=2.89 sys=0.04, real=0.66 secs] 
2014-04-07T18:05:41.900+0900: 261.975: [GC (CMS Final Remark) [YG occupancy: 652587 K (996800 K)]261.975: [Rescan (parallel) , 0.0357205 secs]262.011: [weak refs processing, 0.0000454 secs]262.011: [class unloading, 0.0284961 secs]262.040: [scrub symbol table, 0.0031361 secs]262.043: [scrub string table, 0.0009007 secs][1 CMS-remark: 8689353K(24058304K)] 9341940K(25055104K), 0.0728072 secs] [Times: user=0.42 sys=0.00, real=0.07 secs] 
2014-04-07T18:05:41.973+0900: 262.049: [CMS-concurrent-sweep-start]
2014-04-07T18:05:42.090+0900: 262.166: [GC (Allocation Failure) 262.166: [ParNew: 945182K->110720K(996800K), 0.1024029 secs] 9634535K->8906061K(25055104K), 0.1026083 secs] [Times: user=0.77 sys=0.04, real=0.10 secs] 
2014-04-07T18:05:42.702+0900: 262.777: [GC (Allocation Failure) 262.778: [ParNew: 996786K->110720K(996800K), 0.2009439 secs] 9792128K->9079857K(25055104K), 0.2011430 secs] [Times: user=1.11 sys=0.11, real=0.20 secs] 
2014-04-07T18:05:43.639+0900: 263.714: [GC (Allocation Failure) 263.714: [ParNew: 996800K->110720K(996800K), 0.1899350 secs] 9965936K->9248174K(25055104K), 0.1901302 secs] [Times: user=1.05 sys=0.10, real=0.19 secs] 
2014-04-07T18:05:43.871+0900: 263.946: [CMS-concurrent-sweep: 1.397/1.898 secs] [Times: user=7.96 sys=0.51, real=1.90 secs] 
2014-04-07T18:05:43.871+0900: 263.947: [CMS-concurrent-reset-start]
2014-04-07T18:05:43.972+0900: 264.048: [CMS-concurrent-reset: 0.101/0.101 secs] [Times: user=0.42 sys=0.02, real=0.10 secs] 
2014-04-07T18:05:44.429+0900: 264.505: [GC (Allocation Failure) 264.505: [ParNew: 996800K->110720K(996800K), 0.2451603 secs] 10134254K->9460474K(25055104K), 0.2453555 secs] [Times: user=1.09 sys=0.13, real=0.24 secs] 
2014-04-07T18:05:44.676+0900: 264.751: [GC (CMS Initial Mark) [1 CMS-initial-mark: 9349754K(24058304K)] 9461463K(25055104K), 0.0044076 secs] [Times: user=0.04 sys=0.00, real=0.01 secs] 
2014-04-07T18:05:44.680+0900: 264.756: [CMS-concurrent-mark-start]
2014-04-07T18:05:45.272+0900: 265.347: [GC (Allocation Failure) 265.347: [ParNew: 996800K->110720K(996800K), 0.2430402 secs] 10346554K->9653431K(25055104K), 0.2432369 secs] [Times: user=1.20 sys=0.11, real=0.24 secs] 
2014-04-07T18:05:46.261+0900: 266.337: [GC (Allocation Failure) 266.337: [ParNew: 996790K->110720K(996800K), 0.2413827 secs] 10539502K->9832106K(25055104K), 0.2415599 secs] [Times: user=1.01 sys=0.15, real=0.24 secs] 
2014-04-07T18:05:46.606+0900: 266.681: [CMS-concurrent-mark: 1.439/1.926 secs] [Times: user=11.22 sys=0.56, real=1.92 secs] 
2014-04-07T18:05:46.606+0900: 266.681: [CMS-concurrent-preclean-start]
2014-04-07T18:05:47.164+0900: 267.239: [GC (Allocation Failure) 267.239: [ParNew: 996800K->110720K(996800K), 0.1897299 secs] 10718186K->9980398K(25055104K), 0.1898982 secs] [Times: user=0.87 sys=0.10, real=0.19 secs] 
2014-04-07T18:05:47.414+0900: 267.489: [CMS-concurrent-preclean: 0.552/0.808 secs] [Times: user=2.81 sys=0.17, real=0.81 secs] 
2014-04-07T18:05:47.414+0900: 267.489: [CMS-concurrent-abortable-preclean-start]
2014-04-07T18:05:48.045+0900: 268.120: [CMS-concurrent-abortable-preclean: 0.599/0.631 secs] [Times: user=1.58 sys=0.09, real=0.63 secs] 
2014-04-07T18:05:48.046+0900: 268.121: [GC (CMS Final Remark) [YG occupancy: 906240 K (996800 K)]268.121: [Rescan (parallel) , 0.0404681 secs]268.161: [weak refs processing, 0.0001126 secs]268.162: [class unloading, 0.0418325 secs]268.203: [scrub symbol table, 0.0043393 secs]268.208: [scrub string table, 0.0012304 secs][1 CMS-remark: 9869678K(24058304K)] 10775918K(25055104K), 0.0949836 secs] [Times: user=0.57 sys=0.00, real=0.10 secs] 
2014-04-07T18:05:48.141+0900: 268.217: [CMS-concurrent-sweep-start]
2014-04-07T18:05:48.321+0900: 268.397: [GC (Allocation Failure) 268.397: [ParNew: 991245K->110720K(996800K), 0.1975392 secs] 10747566K->10020759K(25055104K), 0.1977488 secs] [Times: user=1.04 sys=0.09, real=0.20 secs] 
2014-04-07T18:05:49.200+0900: 269.276: [GC (Allocation Failure) 269.276: [ParNew: 992427K->110720K(996800K), 0.0904914 secs] 10306550K->9549189K(25055104K), 0.0906888 secs] [Times: user=0.87 sys=0.04, real=0.09 secs] 
2014-04-07T18:05:49.824+0900: 269.899: [GC (Allocation Failure) 269.899: [ParNew: 990868K->110720K(996800K), 0.1116049 secs] 9739032K->9039303K(25055104K), 0.1117899 secs] [Times: user=0.92 sys=0.05, real=0.11 secs] 
2014-04-07T18:05:50.339+0900: 270.414: [CMS-concurrent-sweep: 1.794/2.197 secs] [Times: user=8.23 sys=0.41, real=2.20 secs] 
2014-04-07T18:05:50.339+0900: 270.414: [CMS-concurrent-reset-start]
2014-04-07T18:05:50.429+0900: 270.504: [CMS-concurrent-reset: 0.090/0.090 secs] [Times: user=0.27 sys=0.00, real=0.09 secs] 
2014-04-07T18:05:50.477+0900: 270.552: [GC (Allocation Failure) 270.552: [ParNew: 996800K->110720K(996800K), 0.1033083 secs] 8999706K->8279754K(25055104K), 0.1034883 secs] [Times: user=0.95 sys=0.04, real=0.11 secs] 
2014-04-07T18:05:50.581+0900: 270.657: [GC (CMS Initial Mark) [1 CMS-initial-mark: 8169034K(24058304K)] 8280939K(25055104K), 0.0033100 secs] [Times: user=0.03 sys=0.00, real=0.00 secs] 
2014-04-07T18:05:50.585+0900: 270.660: [CMS-concurrent-mark-start]
2014-04-07T18:05:51.310+0900: 271.386: [GC (Allocation Failure) 271.386: [ParNew: 996800K->110720K(996800K), 0.1062687 secs] 9165834K->8421369K(25055104K), 0.1064285 secs] [Times: user=0.94 sys=0.05, real=0.10 secs] 
2014-04-07T18:05:51.951+0900: 272.026: [GC (Allocation Failure) 272.026: [ParNew: 996800K->110720K(996800K), 0.1102787 secs] 9307449K->8618507K(25055104K), 0.1104364 secs] [Times: user=0.99 sys=0.06, real=0.11 secs] 
2014-04-07T18:05:52.473+0900: 272.549: [CMS-concurrent-mark: 1.670/1.889 secs] [Times: user=12.08 sys=0.48, real=1.89 secs] 
2014-04-07T18:05:52.473+0900: 272.549: [CMS-concurrent-preclean-start]
2014-04-07T18:05:52.593+0900: 272.668: [GC (Allocation Failure) 272.669: [ParNew: 992051K->110720K(996800K), 0.1020874 secs] 9499839K->8776433K(25055104K), 0.1022484 secs] [Times: user=0.98 sys=0.04, real=0.10 secs] 
2014-04-07T18:05:53.332+0900: 273.408: [GC (Allocation Failure) 273.408: [ParNew: 996800K->110720K(996800K), 0.1110448 secs] 9662513K->8922953K(25055104K), 0.1112079 secs] [Times: user=1.03 sys=0.05, real=0.11 secs] 
2014-04-07T18:05:53.539+0900: 273.614: [CMS-concurrent-preclean: 0.770/1.065 secs] [Times: user=4.72 sys=0.19, real=1.07 secs] 
2014-04-07T18:05:53.539+0900: 273.614: [CMS-concurrent-abortable-preclean-start]
2014-04-07T18:05:54.037+0900: 274.112: [GC (Allocation Failure) 274.112: [ParNew: 996800K->110720K(996800K), 0.1532492 secs] 9809033K->9118646K(25055104K), 0.1534054 secs] [Times: user=1.13 sys=0.06, real=0.16 secs] 
2014-04-07T18:05:54.776+0900: 274.851: [CMS-concurrent-abortable-preclean: 1.009/1.237 secs] [Times: user=4.33 sys=0.20, real=1.23 secs] 
2014-04-07T18:05:54.777+0900: 274.852: [GC (CMS Final Remark) [YG occupancy: 868549 K (996800 K)]274.852: [Rescan (parallel) , 0.0406795 secs]274.893: [weak refs processing, 0.0000469 secs]274.893: [class unloading, 0.0322844 secs]274.925: [scrub symbol table, 0.0037577 secs]274.929: [scrub string table, 0.0011059 secs][1 CMS-remark: 9007926K(24058304K)] 9876475K(25055104K), 0.0824742 secs] [Times: user=0.56 sys=0.00, real=0.09 secs] 
2014-04-07T18:05:54.860+0900: 274.935: [CMS-concurrent-sweep-start]
2014-04-07T18:05:55.011+0900: 275.086: [GC (Allocation Failure) 275.086: [ParNew: 996800K->110720K(996800K), 0.1985842 secs] 10004408K->9298916K(25055104K), 0.1987379 secs] [Times: user=1.01 sys=0.09, real=0.20 secs] 
2014-04-07T18:05:56.293+0900: 276.368: [CMS-concurrent-sweep: 1.234/1.434 secs] [Times: user=3.56 sys=0.16, real=1.43 secs] 
2014-04-07T18:05:56.293+0900: 276.369: [CMS-concurrent-reset-start]
2014-04-07T18:05:56.375+0900: 276.450: [CMS-concurrent-reset: 0.082/0.082 secs] [Times: user=0.17 sys=0.00, real=0.08 secs] 
2014-04-07T18:05:56.383+0900: 276.458: [GC (Allocation Failure) 276.458: [ParNew: 996066K->110720K(996800K), 0.1821405 secs] 9829221K->9118405K(25055104K), 0.1823125 secs] [Times: user=0.92 sys=0.08, real=0.18 secs] 
2014-04-07T18:05:56.568+0900: 276.643: [GC (CMS Initial Mark) [1 CMS-initial-mark: 9007685K(24058304K)] 9128647K(25055104K), 0.0033796 secs] [Times: user=0.03 sys=0.00, real=0.01 secs] 
2014-04-07T18:05:56.571+0900: 276.647: [CMS-concurrent-mark-start]
2014-04-07T18:05:57.477+0900: 277.552: [GC (Allocation Failure) 277.553: [ParNew: 996800K->110720K(996800K), 0.1823817 secs] 10004485K->9258187K(25055104K), 0.1825432 secs] [Times: user=0.84 sys=0.09, real=0.19 secs] 
2014-04-07T18:05:58.598+0900: 278.674: [CMS-concurrent-mark: 1.843/2.027 secs] [Times: user=10.81 sys=0.29, real=2.03 secs] 
2014-04-07T18:05:58.598+0900: 278.674: [CMS-concurrent-preclean-start]
2014-04-07T18:05:58.888+0900: 278.963: [CMS-concurrent-preclean: 0.267/0.290 secs] [Times: user=0.29 sys=0.00, real=0.28 secs] 
2014-04-07T18:05:58.888+0900: 278.964: [CMS-concurrent-abortable-preclean-start]
 CMS: abort preclean due to time 2014-04-07T18:06:04.028+0900: 284.103: [CMS-concurrent-abortable-preclean: 3.738/5.140 secs] [Times: user=3.78 sys=0.00, real=5.14 secs] 
2014-04-07T18:06:04.029+0900: 284.105: [GC (CMS Final Remark) [YG occupancy: 693955 K (996800 K)]284.105: [Rescan (parallel) , 0.0962139 secs]284.201: [weak refs processing, 0.0000617 secs]284.201: [class unloading, 0.0439971 secs]284.245: [scrub symbol table, 0.0048298 secs]284.250: [scrub string table, 0.0014115 secs][1 CMS-remark: 9147467K(24058304K)] 9841423K(25055104K), 0.1535713 secs] [Times: user=1.28 sys=0.00, real=0.16 secs] 
2014-04-07T18:06:04.184+0900: 284.259: [CMS-concurrent-sweep-start]
2014-04-07T18:06:05.423+0900: 285.499: [CMS-concurrent-sweep: 1.239/1.239 secs] [Times: user=1.23 sys=0.01, real=1.24 secs] 
2014-04-07T18:06:05.423+0900: 285.499: [CMS-concurrent-reset-start]
2014-04-07T18:06:05.499+0900: 285.574: [CMS-concurrent-reset: 0.076/0.076 secs] [Times: user=0.08 sys=0.01, real=0.07 secs] 
2014-04-07T18:06:07.499+0900: 287.575: [GC (CMS Initial Mark) [1 CMS-initial-mark: 8755069K(24058304K)] 9449217K(25055104K), 0.0820243 secs] [Times: user=1.03 sys=0.00, real=0.08 secs] 
2014-04-07T18:06:07.582+0900: 287.658: [CMS-concurrent-mark-start]
2014-04-07T18:06:09.155+0900: 289.231: [CMS-concurrent-mark: 1.573/1.573 secs] [Times: user=6.08 sys=0.13, real=1.57 secs] 
2014-04-07T18:06:09.155+0900: 289.231: [CMS-concurrent-preclean-start]
2014-04-07T18:06:09.225+0900: 289.300: [CMS-concurrent-preclean: 0.069/0.069 secs] [Times: user=0.07 sys=0.00, real=0.07 secs] 
2014-04-07T18:06:09.225+0900: 289.300: [CMS-concurrent-abortable-preclean-start]
2014-04-07T18:06:12.926+0900: 293.001: [GC (Allocation Failure) 293.002: [ParNew: 996800K->42495K(996800K), 0.1135454 secs] 9751869K->8854092K(25055104K), 0.1137617 secs] [Times: user=0.73 sys=0.03, real=0.11 secs] 
2014-04-07T18:06:13.945+0900: 294.021: [CMS-concurrent-abortable-preclean: 3.284/4.721 secs] [Times: user=6.68 sys=0.03, real=4.72 secs] 
2014-04-07T18:06:13.947+0900: 294.022: [GC (CMS Final Remark) [YG occupancy: 829237 K (996800 K)]294.022: [Rescan (parallel) , 0.1336815 secs]294.156: [weak refs processing, 0.0000635 secs]294.156: [class unloading, 0.0440657 secs]294.200: [scrub symbol table, 0.0048437 secs]294.205: [scrub string table, 0.0014084 secs][1 CMS-remark: 8811596K(24058304K)] 9640834K(25055104K), 0.1911558 secs] [Times: user=1.79 sys=0.00, real=0.19 secs] 
2014-04-07T18:06:14.139+0900: 294.214: [CMS-concurrent-sweep-start]
2014-04-07T18:06:14.254+0900: 294.330: [GC (Allocation Failure) 294.330: [ParNew: 928575K->11523K(996800K), 0.0338973 secs] 9740171K->8823119K(25055104K), 0.0341090 secs] [Times: user=0.43 sys=0.00, real=0.03 secs] 
2014-04-07T18:06:15.320+0900: 295.396: [GC (Allocation Failure) 295.396: [ParNew: 897599K->110720K(996800K), 0.0706559 secs] 9709165K->8967551K(25055104K), 0.0708425 secs] [Times: user=0.74 sys=0.02, real=0.07 secs] 
2014-04-07T18:06:15.495+0900: 295.570: [CMS-concurrent-sweep: 1.242/1.356 secs] [Times: user=4.33 sys=0.14, real=1.36 secs] 
2014-04-07T18:06:15.495+0900: 295.570: [CMS-concurrent-reset-start]
2014-04-07T18:06:15.576+0900: 295.651: [CMS-concurrent-reset: 0.081/0.081 secs] [Times: user=0.16 sys=0.00, real=0.08 secs] 
2014-04-07T18:06:16.272+0900: 296.348: [GC (Allocation Failure) 296.348: [ParNew: 996800K->110720K(996800K), 0.1936175 secs] 9802778K->9095632K(25055104K), 0.1938146 secs] [Times: user=1.09 sys=0.10, real=0.19 secs] 
2014-04-07T18:06:16.467+0900: 296.543: [GC (CMS Initial Mark) [1 CMS-initial-mark: 8984912K(24058304K)] 9097071K(25055104K), 0.0040277 secs] [Times: user=0.04 sys=0.00, real=0.00 secs] 
2014-04-07T18:06:16.472+0900: 296.547: [CMS-concurrent-mark-start]
2014-04-07T18:06:17.300+0900: 297.376: [GC (Allocation Failure) 297.376: [ParNew: 996800K->110720K(996800K), 0.2408666 secs] 9981712K->9315685K(25055104K), 0.2410494 secs] [Times: user=1.06 sys=0.11, real=0.24 secs] 
2014-04-07T18:06:18.080+0900: 298.156: [CMS-concurrent-mark: 1.367/1.609 secs] [Times: user=9.35 sys=0.33, real=1.60 secs] 
2014-04-07T18:06:18.081+0900: 298.156: [CMS-concurrent-preclean-start]
2014-04-07T18:06:18.316+0900: 298.392: [GC (Allocation Failure) 298.392: [ParNew: 996800K->110720K(996800K), 0.2339086 secs] 10201765K->9497685K(25055104K), 0.2340915 secs] [Times: user=1.17 sys=0.11, real=0.23 secs] 
2014-04-07T18:06:18.893+0900: 298.968: [CMS-concurrent-preclean: 0.514/0.812 secs] [Times: user=2.84 sys=0.20, real=0.82 secs] 
2014-04-07T18:06:18.893+0900: 298.968: [CMS-concurrent-abortable-preclean-start]
2014-04-07T18:06:19.242+0900: 299.318: [CMS-concurrent-abortable-preclean: 0.349/0.349 secs] [Times: user=0.72 sys=0.02, real=0.35 secs] 
2014-04-07T18:06:19.243+0900: 299.319: [GC (CMS Final Remark) [YG occupancy: 637028 K (996800 K)]299.319: [Rescan (parallel) , 0.0303503 secs]299.349: [weak refs processing, 0.0001168 secs]299.350: [class unloading, 0.0440277 secs]299.394: [scrub symbol table, 0.0048239 secs]299.399: [scrub string table, 0.0014111 secs][1 CMS-remark: 9386965K(24058304K)] 10023993K(25055104K), 0.0882334 secs] [Times: user=0.44 sys=0.00, real=0.09 secs] 
2014-04-07T18:06:19.332+0900: 299.407: [CMS-concurrent-sweep-start]
2014-04-07T18:06:19.802+0900: 299.877: [GC (Allocation Failure) 299.877: [ParNew: 996800K->110720K(996800K), 0.1455182 secs] 9705581K->9028171K(25055104K), 0.1457111 secs] [Times: user=1.16 sys=0.07, real=0.14 secs] 
2014-04-07T18:06:20.686+0900: 300.761: [GC (Allocation Failure) 300.761: [ParNew: 990072K->110720K(996800K), 0.1225277 secs] 9020768K->8330928K(25055104K), 0.1227129 secs] [Times: user=1.07 sys=0.05, real=0.12 secs] 
2014-04-07T18:06:21.375+0900: 301.450: [CMS-concurrent-sweep: 1.772/2.043 secs] [Times: user=7.32 sys=0.38, real=2.04 secs] 
2014-04-07T18:06:21.375+0900: 301.450: [CMS-concurrent-reset-start]
2014-04-07T18:06:21.430+0900: 301.506: [GC (Allocation Failure) 301.506: [ParNew: 991545K->110720K(996800K), 0.1229346 secs] 7848825K->7171431K(25055104K), 0.1231242 secs] [Times: user=1.00 sys=0.06, real=0.13 secs] 
2014-04-07T18:06:21.591+0900: 301.666: [CMS-concurrent-reset: 0.091/0.215 secs] [Times: user=1.30 sys=0.07, real=0.21 secs] 
2014-04-07T18:06:22.376+0900: 302.451: [GC (Allocation Failure) 302.451: [ParNew: 996800K->110720K(996800K), 0.2366438 secs] 8057511K->7374837K(25055104K), 0.2368406 secs] [Times: user=2.38 sys=0.06, real=0.24 secs] 
2014-04-07T18:06:22.614+0900: 302.689: [GC (CMS Initial Mark) [1 CMS-initial-mark: 7264117K(24058304K)] 7379051K(25055104K), 0.0772556 secs] [Times: user=0.12 sys=0.00, real=0.07 secs] 
2014-04-07T18:06:22.692+0900: 302.767: [CMS-concurrent-mark-start]
2014-04-07T18:06:23.471+0900: 303.547: [GC (Allocation Failure) 303.547: [ParNew: 996776K->110720K(996800K), 0.2217763 secs] 8260893K->7556533K(25055104K), 0.2219565 secs] [Times: user=2.25 sys=0.04, real=0.23 secs] 
2014-04-07T18:06:24.005+0900: 304.080: [CMS-concurrent-mark: 1.090/1.313 secs] [Times: user=8.92 sys=0.17, real=1.32 secs] 
2014-04-07T18:06:24.005+0900: 304.080: [CMS-concurrent-preclean-start]
2014-04-07T18:06:24.550+0900: 304.625: [GC (Allocation Failure) 304.626: [ParNew: 996800K->110720K(996800K), 0.2363645 secs] 8442613K->7774021K(25055104K), 0.2365514 secs] [Times: user=2.33 sys=0.05, real=0.24 secs] 
2014-04-07T18:06:24.851+0900: 304.927: [CMS-concurrent-preclean: 0.569/0.847 secs] [Times: user=4.21 sys=0.09, real=0.84 secs] 
2014-04-07T18:06:24.852+0900: 304.927: [CMS-concurrent-abortable-preclean-start]
2014-04-07T18:06:25.491+0900: 305.566: [GC (Allocation Failure) 305.566: [ParNew: 996800K->110720K(996800K), 0.2229015 secs] 8660101K->7970128K(25055104K), 0.2230842 secs] [Times: user=2.38 sys=0.03, real=0.23 secs] 
2014-04-07T18:06:26.313+0900: 306.388: [CMS-concurrent-abortable-preclean: 1.164/1.461 secs] [Times: user=6.26 sys=0.16, real=1.47 secs] 
2014-04-07T18:06:26.314+0900: 306.389: [GC (CMS Final Remark) [YG occupancy: 812855 K (996800 K)]306.389: [Rescan (parallel) , 0.0452298 secs]306.434: [weak refs processing, 0.0000606 secs]306.434: [class unloading, 0.0439271 secs]306.478: [scrub symbol table, 0.0048357 secs]306.483: [scrub string table, 0.0014108 secs][1 CMS-remark: 7859408K(24058304K)] 8672264K(25055104K), 0.1025772 secs] [Times: user=0.63 sys=0.00, real=0.10 secs] 
2014-04-07T18:06:26.417+0900: 306.492: [CMS-concurrent-sweep-start]
2014-04-07T18:06:26.537+0900: 306.612: [GC (Allocation Failure) 306.612: [ParNew: 995748K->110720K(996800K), 0.1495948 secs] 8853625K->8170144K(25055104K), 0.1497864 secs] [Times: user=1.11 sys=0.07, real=0.15 secs] 
2014-04-07T18:06:27.427+0900: 307.502: [GC (Allocation Failure) 307.502: [ParNew: 996800K->110720K(996800K), 0.2009905 secs] 9049669K->8325553K(25055104K), 0.2011767 secs] [Times: user=1.12 sys=0.08, real=0.20 secs] 
2014-04-07T18:06:28.004+0900: 308.079: [CMS-concurrent-sweep: 1.234/1.587 secs] [Times: user=6.09 sys=0.31, real=1.59 secs] 
2014-04-07T18:06:28.004+0900: 308.079: [CMS-concurrent-reset-start]
2014-04-07T18:06:28.097+0900: 308.173: [CMS-concurrent-reset: 0.093/0.093 secs] [Times: user=0.28 sys=0.03, real=0.09 secs] 
2014-04-07T18:06:28.364+0900: 308.439: [GC (Allocation Failure) 308.439: [ParNew: 996800K->110720K(996800K), 0.2524007 secs] 8747527K->8050984K(25055104K), 0.2525822 secs] [Times: user=1.09 sys=0.13, real=0.25 secs] 
2014-04-07T18:06:28.619+0900: 308.694: [GC (CMS Initial Mark) [1 CMS-initial-mark: 7940264K(24058304K)] 8063154K(25055104K), 0.0045746 secs] [Times: user=0.03 sys=0.00, real=0.01 secs] 
2014-04-07T18:06:28.624+0900: 308.699: [CMS-concurrent-mark-start]
2014-04-07T18:06:29.535+0900: 309.610: [GC (Allocation Failure) 309.610: [ParNew: 989533K->110720K(996800K), 0.1987578 secs] 8929797K->8202037K(25055104K), 0.1989288 secs] [Times: user=0.93 sys=0.09, real=0.20 secs] 
2014-04-07T18:06:30.058+0900: 310.133: [CMS-concurrent-mark: 1.234/1.434 secs] [Times: user=8.07 sys=0.22, real=1.43 secs] 
2014-04-07T18:06:30.058+0900: 310.133: [CMS-concurrent-preclean-start]
2014-04-07T18:06:30.523+0900: 310.598: [CMS-concurrent-preclean: 0.428/0.465 secs] [Times: user=0.95 sys=0.03, real=0.46 secs] 
2014-04-07T18:06:30.523+0900: 310.598: [CMS-concurrent-abortable-preclean-start]
2014-04-07T18:06:30.980+0900: 311.055: [GC (Allocation Failure) 311.055: [ParNew: 996800K->110720K(996800K), 0.2065434 secs] 9088117K->8349171K(25055104K), 0.2067239 secs] [Times: user=1.07 sys=0.12, real=0.21 secs] 
2014-04-07T18:06:32.004+0900: 312.079: [CMS-concurrent-abortable-preclean: 1.235/1.481 secs] [Times: user=4.38 sys=0.24, real=1.49 secs] 
2014-04-07T18:06:32.005+0900: 312.080: [GC (CMS Final Remark) [YG occupancy: 950345 K (996800 K)]312.080: [Rescan (parallel) , 0.0457695 secs]312.126: [weak refs processing, 0.0000620 secs]312.126: [class unloading, 0.0415784 secs]312.168: [scrub symbol table, 0.0046047 secs]312.173: [scrub string table, 0.0013498 secs][1 CMS-remark: 8238451K(24058304K)] 9188797K(25055104K), 0.1000198 secs] [Times: user=0.63 sys=0.01, real=0.10 secs] 
2014-04-07T18:06:32.106+0900: 312.181: [CMS-concurrent-sweep-start]
2014-04-07T18:06:32.155+0900: 312.231: [GC (Allocation Failure) 312.231: [ParNew: 992989K->110720K(996800K), 0.2349232 secs] 9230934K->8530531K(25055104K), 0.2351059 secs] [Times: user=1.13 sys=0.12, real=0.23 secs] 
2014-04-07T18:06:33.115+0900: 313.191: [GC (Allocation Failure) 313.191: [ParNew: 988804K->110720K(996800K), 0.2315326 secs] 9402964K->8702333K(25055104K), 0.2317382 secs] [Times: user=1.09 sys=0.13, real=0.23 secs] 
2014-04-07T18:06:33.906+0900: 313.982: [CMS-concurrent-sweep: 1.332/1.801 secs] [Times: user=6.36 sys=0.45, real=1.80 secs] 
2014-04-07T18:06:33.906+0900: 313.982: [CMS-concurrent-reset-start]
2014-04-07T18:06:33.995+0900: 314.071: [CMS-concurrent-reset: 0.089/0.089 secs] [Times: user=0.26 sys=0.00, real=0.09 secs] 
2014-04-07T18:06:34.077+0900: 314.152: [GC (Allocation Failure) 314.153: [ParNew: 996800K->110720K(996800K), 0.2411389 secs] 9244998K->8519481K(25055104K), 0.2413184 secs] [Times: user=1.10 sys=0.14, real=0.24 secs] 
2014-04-07T18:06:34.319+0900: 314.394: [GC (CMS Initial Mark) [1 CMS-initial-mark: 8408761K(24058304K)] 8519515K(25055104K), 0.0039910 secs] [Times: user=0.04 sys=0.00, real=0.00 secs] 
2014-04-07T18:06:34.323+0900: 314.399: [CMS-concurrent-mark-start]
2014-04-07T18:06:35.090+0900: 315.165: [GC (Allocation Failure) 315.165: [ParNew: 996800K->110720K(996800K), 0.2490929 secs] 9405561K->8684230K(25055104K), 0.2492907 secs] [Times: user=1.14 sys=0.12, real=0.25 secs] 
2014-04-07T18:06:36.056+0900: 316.131: [CMS-concurrent-mark: 1.483/1.733 secs] [Times: user=9.71 sys=0.30, real=1.74 secs] 
2014-04-07T18:06:36.056+0900: 316.131: [CMS-concurrent-preclean-start]
2014-04-07T18:06:36.498+0900: 316.573: [CMS-concurrent-preclean: 0.404/0.442 secs] [Times: user=0.87 sys=0.04, real=0.44 secs] 
2014-04-07T18:06:36.499+0900: 316.574: [GC (Allocation Failure) 316.575: [ParNew: 996800K->110720K(996800K), 0.2628858 secs] 9570310K->8863953K(25055104K), 0.2630604 secs] [Times: user=1.13 sys=0.14, real=0.26 secs] 
2014-04-07T18:06:36.763+0900: 316.838: [GC (CMS Final Remark) [YG occupancy: 111728 K (996800 K)]316.839: [Rescan (parallel) , 0.0366659 secs]316.875: [weak refs processing, 0.0000607 secs]316.875: [class unloading, 0.0441714 secs]316.920: [scrub symbol table, 0.0048315 secs]316.924: [scrub string table, 0.0014083 secs][1 CMS-remark: 8753233K(24058304K)] 8864962K(25055104K), 0.0942502 secs] [Times: user=0.53 sys=0.00, real=0.10 secs] 
2014-04-07T18:06:36.858+0900: 316.933: [CMS-concurrent-sweep-start]
2014-04-07T18:06:37.877+0900: 317.953: [GC (Allocation Failure) 317.953: [ParNew: 996015K->110720K(996800K), 0.2302584 secs] 9747420K->9030363K(25055104K), 0.2304423 secs] [Times: user=1.05 sys=0.11, real=0.23 secs] 
2014-04-07T18:06:38.284+0900: 318.359: [CMS-concurrent-sweep: 1.194/1.426 secs] [Times: user=3.91 sys=0.21, real=1.42 secs] 
2014-04-07T18:06:38.284+0900: 318.359: [CMS-concurrent-reset-start]
2014-04-07T18:06:38.373+0900: 318.448: [CMS-concurrent-reset: 0.089/0.089 secs] [Times: user=0.19 sys=0.02, real=0.09 secs] 
2014-04-07T18:06:39.592+0900: 319.667: [GC (Allocation Failure) 319.668: [ParNew: 992003K->110720K(996800K), 0.2973488 secs] 9688080K->8977975K(25055104K), 0.2975354 secs] [Times: user=1.17 sys=0.15, real=0.30 secs] 
2014-04-07T18:06:39.892+0900: 319.968: [GC (CMS Initial Mark) [1 CMS-initial-mark: 8867255K(24058304K)] 8988138K(25055104K), 0.0044124 secs] [Times: user=0.03 sys=0.00, real=0.01 secs] 
2014-04-07T18:06:39.897+0900: 319.972: [CMS-concurrent-mark-start]
2014-04-07T18:06:40.913+0900: 320.988: [GC (Allocation Failure) 320.988: [ParNew: 996800K->106576K(996800K), 0.1607958 secs] 9864055K->9080294K(25055104K), 0.1609610 secs] [Times: user=0.72 sys=0.07, real=0.16 secs] 
2014-04-07T18:06:41.476+0900: 321.552: [CMS-concurrent-mark: 1.416/1.579 secs] [Times: user=8.72 sys=0.10, real=1.58 secs] 
2014-04-07T18:06:41.476+0900: 321.552: [CMS-concurrent-preclean-start]
2014-04-07T18:06:41.656+0900: 321.731: [CMS-concurrent-preclean: 0.166/0.179 secs] [Times: user=0.18 sys=0.00, real=0.18 secs] 
2014-04-07T18:06:41.656+0900: 321.731: [CMS-concurrent-abortable-preclean-start]
 CMS: abort preclean due to time 2014-04-07T18:06:46.894+0900: 326.969: [CMS-concurrent-abortable-preclean: 3.799/5.238 secs] [Times: user=5.09 sys=0.00, real=5.23 secs] 
2014-04-07T18:06:46.895+0900: 326.970: [GC (CMS Final Remark) [YG occupancy: 974188 K (996800 K)]326.970: [Rescan (parallel) , 0.1232780 secs]327.093: [weak refs processing, 0.0000606 secs]327.094: [class unloading, 0.0439041 secs]327.138: [scrub symbol table, 0.0048335 secs]327.142: [scrub string table, 0.0014107 secs][1 CMS-remark: 8973718K(24058304K)] 9947906K(25055104K), 0.1806281 secs] [Times: user=1.64 sys=0.00, real=0.19 secs] 
2014-04-07T18:06:47.076+0900: 327.152: [CMS-concurrent-sweep-start]
2014-04-07T18:06:48.192+0900: 328.267: [CMS-concurrent-sweep: 1.115/1.115 secs] [Times: user=1.12 sys=0.00, real=1.11 secs] 
2014-04-07T18:06:48.192+0900: 328.267: [CMS-concurrent-reset-start]
2014-04-07T18:06:48.253+0900: 328.329: [CMS-concurrent-reset: 0.062/0.062 secs] [Times: user=0.07 sys=0.00, real=0.06 secs] 
2014-04-07T18:06:50.254+0900: 330.329: [GC (CMS Initial Mark) [1 CMS-initial-mark: 8762414K(24058304K)] 9736685K(25055104K), 0.1220720 secs] [Times: user=1.57 sys=0.00, real=0.12 secs] 
2014-04-07T18:06:50.377+0900: 330.452: [CMS-concurrent-mark-start]
2014-04-07T18:06:51.081+0900: 331.157: [CMS-concurrent-mark: 0.705/0.705 secs] [Times: user=2.81 sys=0.00, real=0.70 secs] 
2014-04-07T18:06:51.081+0900: 331.157: [CMS-concurrent-preclean-start]
2014-04-07T18:06:51.178+0900: 331.253: [CMS-concurrent-preclean: 0.096/0.097 secs] [Times: user=0.10 sys=0.00, real=0.10 secs] 
2014-04-07T18:06:51.178+0900: 331.253: [CMS-concurrent-abortable-preclean-start]
 CMS: abort preclean due to time 2014-04-07T18:06:56.195+0900: 336.270: [CMS-concurrent-abortable-preclean: 3.415/5.017 secs] [Times: user=3.43 sys=0.00, real=5.01 secs] 
2014-04-07T18:06:56.196+0900: 336.272: [GC (CMS Final Remark) [YG occupancy: 974401 K (996800 K)]336.272: [Rescan (parallel) , 0.1233986 secs]336.395: [weak refs processing, 0.0000745 secs]336.395: [class unloading, 0.0438910 secs]336.439: [scrub symbol table, 0.0048265 secs]336.444: [scrub string table, 0.0014076 secs][1 CMS-remark: 8762414K(24058304K)] 9736816K(25055104K), 0.1807049 secs] [Times: user=1.64 sys=0.00, real=0.18 secs] 
2014-04-07T18:06:56.378+0900: 336.453: [CMS-concurrent-sweep-start]
2014-04-07T18:06:58.327+0900: 338.402: [CMS-concurrent-sweep: 1.949/1.949 secs] [Times: user=1.95 sys=0.00, real=1.94 secs] 
2014-04-07T18:06:58.327+0900: 338.402: [CMS-concurrent-reset-start]
2014-04-07T18:06:58.388+0900: 338.464: [CMS-concurrent-reset: 0.061/0.061 secs] [Times: user=0.06 sys=0.00, real=0.07 secs] 
2014-04-07T18:07:16.439+0900: 356.514: [GC (Allocation Failure) 356.514: [ParNew: 992656K->34893K(996800K), 0.0354600 secs] 5396457K->4438694K(25055104K), 0.0355803 secs] [Times: user=0.46 sys=0.00, real=0.04 secs] 
Heap
 par new generation   total 996800K, used 64659K [0x00000001c0000000, 0x0000000203990000, 0x0000000203990000)
  eden space 886080K,   3% used [0x00000001c0000000, 0x00000001c1d11808, 0x00000001f6150000)
  from space 110720K,  31% used [0x00000001fcd70000, 0x00000001fef83730, 0x0000000203990000)
  to   space 110720K,   0% used [0x00000001f6150000, 0x00000001f6150000, 0x00000001fcd70000)
 concurrent mark-sweep generation total 24058304K, used 4403801K [0x0000000203990000, 0x00000007c0000000, 0x00000007c0000000)
 Metaspace       used 37880K, capacity 38636K, committed 38964K, reserved 1083392K
  class space    used 5724K, capacity 5910K, committed 5980K, reserved 1048576K
