Java HotSpot(TM) 64-Bit Server VM (25.0-b70) for linux-amd64 JRE (1.8.0-b132), built on Mar  4 2014 03:07:25 by "java_re" with gcc 4.3.0 20080428 (Red Hat 4.3.0-8)
Memory: 4k page, physical 32865776k(30190588k free), swap 2047992k(2047992k free)
CommandLine flags: -XX:CMSInitiatingOccupancyFraction=30 -XX:InitialHeapSize=25769803776 -XX:MaxHeapSize=25769803776 -XX:MaxNewSize=1134141440 -XX:MaxTenuringThreshold=6 -XX:NewSize=1134141440 -XX:OldPLABSize=16 -XX:OldSize=2268282880 -XX:+PrintGC -XX:+PrintGCDateStamps -XX:+PrintGCDetails -XX:+PrintGCTimeStamps -XX:ThreadStackSize=2048 -XX:+UseCompressedClassPointers -XX:+UseCompressedOops -XX:+UseConcMarkSweepGC -XX:+UseParNewGC 
2014-04-07T18:09:48.843+0900: 2.243: [GC (CMS Initial Mark) [1 CMS-initial-mark: 0K(24058304K)] 141773K(25055104K), 0.0541746 secs] [Times: user=0.15 sys=0.00, real=0.06 secs] 
2014-04-07T18:09:48.897+0900: 2.297: [CMS-concurrent-mark-start]
2014-04-07T18:09:48.905+0900: 2.305: [CMS-concurrent-mark: 0.008/0.008 secs] [Times: user=0.07 sys=0.00, real=0.01 secs] 
2014-04-07T18:09:48.906+0900: 2.306: [CMS-concurrent-preclean-start]
2014-04-07T18:09:49.036+0900: 2.436: [CMS-concurrent-preclean: 0.130/0.130 secs] [Times: user=1.02 sys=0.04, real=0.13 secs] 
2014-04-07T18:09:49.036+0900: 2.436: [CMS-concurrent-abortable-preclean-start]
 CMS: abort preclean due to time 2014-04-07T18:09:54.194+0900: 7.594: [CMS-concurrent-abortable-preclean: 4.012/5.158 secs] [Times: user=9.00 sys=0.29, real=5.15 secs] 
2014-04-07T18:09:54.195+0900: 7.595: [GC (CMS Final Remark) [YG occupancy: 372284 K (996800 K)]7.595: [Rescan (parallel) , 0.1228813 secs]7.718: [weak refs processing, 0.0000479 secs]7.718: [class unloading, 0.0248511 secs]7.743: [scrub symbol table, 0.0043865 secs]7.747: [scrub string table, 0.0010411 secs][1 CMS-remark: 0K(24058304K)] 372284K(25055104K), 0.1586080 secs] [Times: user=1.59 sys=0.01, real=0.15 secs] 
2014-04-07T18:09:54.354+0900: 7.754: [CMS-concurrent-sweep-start]
2014-04-07T18:09:54.354+0900: 7.754: [CMS-concurrent-sweep: 0.000/0.000 secs] [Times: user=0.00 sys=0.00, real=0.00 secs] 
2014-04-07T18:09:54.354+0900: 7.754: [CMS-concurrent-reset-start]
2014-04-07T18:09:54.463+0900: 7.863: [CMS-concurrent-reset: 0.109/0.109 secs] [Times: user=0.04 sys=0.07, real=0.11 secs] 
2014-04-07T18:09:55.822+0900: 9.222: [GC (Allocation Failure) 9.222: [ParNew: 886080K->20064K(996800K), 0.0721056 secs] 886080K->20064K(25055104K), 0.0722551 secs] [Times: user=0.73 sys=0.06, real=0.08 secs] 
2014-04-07T18:09:58.404+0900: 11.804: [GC (Allocation Failure) 11.804: [ParNew: 906144K->70981K(996800K), 0.1101755 secs] 906144K->70981K(25055104K), 0.1105735 secs] [Times: user=1.52 sys=0.03, real=0.12 secs] 
2014-04-07T18:09:59.537+0900: 12.938: [GC (Allocation Failure) 12.938: [ParNew: 957061K->110720K(996800K), 0.6116739 secs] 957061K->270118K(25055104K), 0.6120267 secs] [Times: user=3.43 sys=0.34, real=0.61 secs] 
2014-04-07T18:10:01.304+0900: 14.704: [GC (Allocation Failure) 14.705: [ParNew: 996800K->110720K(996800K), 0.3568109 secs] 1156198K->416148K(25055104K), 0.3572224 secs] [Times: user=2.61 sys=0.14, real=0.36 secs] 
2014-04-07T18:10:02.518+0900: 15.918: [GC (Allocation Failure) 15.918: [ParNew: 996800K->110720K(996800K), 0.2694529 secs] 1302228K->534997K(25055104K), 0.2698123 secs] [Times: user=2.08 sys=0.15, real=0.27 secs] 
2014-04-07T18:10:03.476+0900: 16.877: [GC (Allocation Failure) 16.877: [ParNew: 996800K->110720K(996800K), 0.2621677 secs] 1421077K->655673K(25055104K), 0.2625231 secs] [Times: user=1.71 sys=0.13, real=0.26 secs] 
2014-04-07T18:10:04.391+0900: 17.791: [GC (Allocation Failure) 17.791: [ParNew: 996800K->110720K(996800K), 0.2717400 secs] 1541753K->778570K(25055104K), 0.2721033 secs] [Times: user=1.68 sys=0.13, real=0.27 secs] 
2014-04-07T18:10:05.346+0900: 18.746: [GC (Allocation Failure) 18.746: [ParNew: 996800K->110720K(996800K), 0.2678935 secs] 1664650K->905027K(25055104K), 0.2682647 secs] [Times: user=1.66 sys=0.14, real=0.26 secs] 
2014-04-07T18:10:06.292+0900: 19.692: [GC (Allocation Failure) 19.692: [ParNew: 996800K->110720K(996800K), 0.2811964 secs] 1791107K->1040812K(25055104K), 0.2815736 secs] [Times: user=1.65 sys=0.15, real=0.28 secs] 
2014-04-07T18:10:07.289+0900: 20.689: [GC (Allocation Failure) 20.689: [ParNew: 996800K->110720K(996800K), 0.2786765 secs] 1926892K->1168373K(25055104K), 0.2790315 secs] [Times: user=1.62 sys=0.18, real=0.28 secs] 
2014-04-07T18:10:08.220+0900: 21.620: [GC (Allocation Failure) 21.620: [ParNew: 996800K->110720K(996800K), 0.2681546 secs] 2054453K->1294527K(25055104K), 0.2685075 secs] [Times: user=1.65 sys=0.14, real=0.27 secs] 
2014-04-07T18:10:09.157+0900: 22.557: [GC (Allocation Failure) 22.557: [ParNew: 996800K->110720K(996800K), 0.2788742 secs] 2180607K->1421109K(25055104K), 0.2793425 secs] [Times: user=1.66 sys=0.14, real=0.27 secs] 
2014-04-07T18:10:10.091+0900: 23.492: [GC (Allocation Failure) 23.492: [ParNew: 996800K->110720K(996800K), 0.2842205 secs] 2307189K->1550578K(25055104K), 0.2845763 secs] [Times: user=1.72 sys=0.15, real=0.28 secs] 
2014-04-07T18:10:11.054+0900: 24.454: [GC (Allocation Failure) 24.455: [ParNew: 996800K->110720K(996800K), 0.2897167 secs] 2436658K->1691458K(25055104K), 0.2900777 secs] [Times: user=1.72 sys=0.17, real=0.29 secs] 
2014-04-07T18:10:12.026+0900: 25.426: [GC (Allocation Failure) 25.426: [ParNew: 996800K->110720K(996800K), 0.2685617 secs] 2577538K->1817568K(25055104K), 0.2689280 secs] [Times: user=1.66 sys=0.17, real=0.27 secs] 
2014-04-07T18:10:12.966+0900: 26.366: [GC (Allocation Failure) 26.366: [ParNew: 996800K->110720K(996800K), 0.2822222 secs] 2703648K->1950873K(25055104K), 0.2825858 secs] [Times: user=1.68 sys=0.15, real=0.29 secs] 
2014-04-07T18:10:13.925+0900: 27.325: [GC (Allocation Failure) 27.326: [ParNew: 996800K->110720K(996800K), 0.2470890 secs] 2836953K->2077854K(25055104K), 0.2474633 secs] [Times: user=1.34 sys=0.15, real=0.25 secs] 
2014-04-07T18:10:14.840+0900: 28.240: [GC (Allocation Failure) 28.241: [ParNew: 996800K->110720K(996800K), 0.2930038 secs] 2963934K->2215866K(25055104K), 0.2933885 secs] [Times: user=1.73 sys=0.16, real=0.29 secs] 
2014-04-07T18:10:15.798+0900: 29.198: [GC (Allocation Failure) 29.199: [ParNew: 996800K->110720K(996800K), 0.2642376 secs] 3101946K->2338362K(25055104K), 0.2646067 secs] [Times: user=1.60 sys=0.15, real=0.26 secs] 
2014-04-07T18:10:16.749+0900: 30.149: [GC (Allocation Failure) 30.149: [ParNew: 996800K->110720K(996800K), 0.2710448 secs] 3224442K->2466871K(25055104K), 0.2714107 secs] [Times: user=1.62 sys=0.15, real=0.27 secs] 
2014-04-07T18:10:17.684+0900: 31.084: [GC (Allocation Failure) 31.085: [ParNew: 996800K->110720K(996800K), 0.2790226 secs] 3352951K->2594759K(25055104K), 0.2793960 secs] [Times: user=1.67 sys=0.17, real=0.28 secs] 
2014-04-07T18:10:18.626+0900: 32.027: [GC (Allocation Failure) 32.027: [ParNew: 996800K->110720K(996800K), 0.2924713 secs] 3480839K->2734553K(25055104K), 0.2928548 secs] [Times: user=1.70 sys=0.14, real=0.30 secs] 
2014-04-07T18:10:19.580+0900: 32.980: [GC (Allocation Failure) 32.980: [ParNew: 996800K->110720K(996800K), 0.2696115 secs] 3620633K->2864466K(25055104K), 0.2699891 secs] [Times: user=1.62 sys=0.13, real=0.27 secs] 
2014-04-07T18:10:20.524+0900: 33.924: [GC (Allocation Failure) 33.924: [ParNew: 996657K->110720K(996800K), 0.2786517 secs] 3750403K->3003306K(25055104K), 0.2790361 secs] [Times: user=1.63 sys=0.14, real=0.28 secs] 
2014-04-07T18:10:21.461+0900: 34.861: [GC (Allocation Failure) 34.861: [ParNew: 996800K->110720K(996800K), 0.2536456 secs] 3889386K->3127842K(25055104K), 0.2540157 secs] [Times: user=1.65 sys=0.13, real=0.25 secs] 
2014-04-07T18:10:22.376+0900: 35.776: [GC (Allocation Failure) 35.776: [ParNew: 996800K->110720K(996800K), 0.2879829 secs] 4013922K->3265362K(25055104K), 0.2883532 secs] [Times: user=1.65 sys=0.15, real=0.29 secs] 
2014-04-07T18:10:23.330+0900: 36.730: [GC (Allocation Failure) 36.730: [ParNew: 996800K->110720K(996800K), 0.2634869 secs] 4151442K->3389111K(25055104K), 0.2638595 secs] [Times: user=1.56 sys=0.17, real=0.26 secs] 
2014-04-07T18:10:24.248+0900: 37.649: [GC (Allocation Failure) 37.649: [ParNew: 996800K->110720K(996800K), 0.2752066 secs] 4275191K->3517103K(25055104K), 0.2756128 secs] [Times: user=1.67 sys=0.14, real=0.28 secs] 
2014-04-07T18:10:25.188+0900: 38.589: [GC (Allocation Failure) 38.589: [ParNew: 996800K->110720K(996800K), 0.2570904 secs] 4403183K->3649441K(25055104K), 0.2574568 secs] [Times: user=1.40 sys=0.15, real=0.25 secs] 
2014-04-07T18:10:26.110+0900: 39.510: [GC (Allocation Failure) 39.511: [ParNew: 996800K->110720K(996800K), 0.2823413 secs] 4535521K->3786419K(25055104K), 0.2827225 secs] [Times: user=1.67 sys=0.15, real=0.28 secs] 
2014-04-07T18:10:27.052+0900: 40.453: [GC (Allocation Failure) 40.453: [ParNew: 996800K->110720K(996800K), 0.2533381 secs] 4672499K->3910580K(25055104K), 0.2537035 secs] [Times: user=1.37 sys=0.15, real=0.25 secs] 
2014-04-07T18:10:27.956+0900: 41.356: [GC (Allocation Failure) 41.356: [ParNew: 996800K->110720K(996800K), 0.2733449 secs] 4796660K->4039191K(25055104K), 0.2737138 secs] [Times: user=1.55 sys=0.17, real=0.28 secs] 
2014-04-07T18:10:28.902+0900: 42.302: [GC (Allocation Failure) 42.302: [ParNew: 996800K->110720K(996800K), 0.2777320 secs] 4925271K->4172071K(25055104K), 0.2780980 secs] [Times: user=1.62 sys=0.16, real=0.28 secs] 
2014-04-07T18:10:29.831+0900: 43.231: [GC (Allocation Failure) 43.231: [ParNew: 996800K->110720K(996800K), 0.2796694 secs] 5058151K->4304268K(25055104K), 0.2800388 secs] [Times: user=1.66 sys=0.16, real=0.28 secs] 
2014-04-07T18:10:30.780+0900: 44.181: [GC (Allocation Failure) 44.181: [ParNew: 996800K->110720K(996800K), 0.2545176 secs] 5190348K->4433492K(25055104K), 0.2548742 secs] [Times: user=1.40 sys=0.13, real=0.25 secs] 
2014-04-07T18:10:31.706+0900: 45.106: [GC (Allocation Failure) 45.106: [ParNew: 996800K->110720K(996800K), 0.2632230 secs] 5319572K->4560598K(25055104K), 0.2635943 secs] [Times: user=1.59 sys=0.13, real=0.26 secs] 
2014-04-07T18:10:32.623+0900: 46.023: [GC (Allocation Failure) 46.023: [ParNew: 996800K->110720K(996800K), 0.2745573 secs] 5446678K->4687904K(25055104K), 0.2749328 secs] [Times: user=1.64 sys=0.14, real=0.27 secs] 
2014-04-07T18:10:33.564+0900: 46.964: [GC (Allocation Failure) 46.964: [ParNew: 996800K->110720K(996800K), 0.2874105 secs] 5573984K->4826081K(25055104K), 0.2877769 secs] [Times: user=1.66 sys=0.13, real=0.29 secs] 
2014-04-07T18:10:34.523+0900: 47.923: [GC (Allocation Failure) 47.923: [ParNew: 996800K->110720K(996800K), 0.2726755 secs] 5712161K->4955857K(25055104K), 0.2730440 secs] [Times: user=1.60 sys=0.16, real=0.27 secs] 
2014-04-07T18:10:35.483+0900: 48.883: [GC (Allocation Failure) 48.883: [ParNew: 996800K->110720K(996800K), 0.2710776 secs] 5841937K->5084089K(25055104K), 0.2714448 secs] [Times: user=1.65 sys=0.13, real=0.27 secs] 
2014-04-07T18:10:36.421+0900: 49.821: [GC (Allocation Failure) 49.821: [ParNew: 996800K->110720K(996800K), 0.2843670 secs] 5970169K->5216735K(25055104K), 0.2847438 secs] [Times: user=1.64 sys=0.16, real=0.28 secs] 
2014-04-07T18:10:37.377+0900: 50.777: [GC (Allocation Failure) 50.777: [ParNew: 996800K->110720K(996800K), 0.2469819 secs] 6102815K->5344413K(25055104K), 0.2473456 secs] [Times: user=1.38 sys=0.13, real=0.25 secs] 
2014-04-07T18:10:38.290+0900: 51.690: [GC (Allocation Failure) 51.690: [ParNew: 996800K->110720K(996800K), 0.2680305 secs] 6230493K->5482181K(25055104K), 0.2683949 secs] [Times: user=1.45 sys=0.16, real=0.27 secs] 
2014-04-07T18:10:39.240+0900: 52.640: [GC (Allocation Failure) 52.640: [ParNew: 996800K->110720K(996800K), 0.3027730 secs] 6368261K->5627125K(25055104K), 0.3031389 secs] [Times: user=1.89 sys=0.16, real=0.31 secs] 
2014-04-07T18:10:40.208+0900: 53.608: [GC (Allocation Failure) 53.608: [ParNew: 996800K->110720K(996800K), 0.2470279 secs] 6513205K->5755246K(25055104K), 0.2473924 secs] [Times: user=1.70 sys=0.12, real=0.25 secs] 
2014-04-07T18:10:41.129+0900: 54.529: [GC (Allocation Failure) 54.529: [ParNew: 996800K->110720K(996800K), 0.2673424 secs] 6641326K->5885513K(25055104K), 0.2677109 secs] [Times: user=1.54 sys=0.14, real=0.27 secs] 
2014-04-07T18:10:42.067+0900: 55.468: [GC (Allocation Failure) 55.468: [ParNew: 996800K->110720K(996800K), 0.2810268 secs] 6771593K->6021232K(25055104K), 0.2813909 secs] [Times: user=1.63 sys=0.15, real=0.28 secs] 
2014-04-07T18:10:43.013+0900: 56.413: [GC (Allocation Failure) 56.413: [ParNew: 996800K->110720K(996800K), 0.2748009 secs] 6907312K->6155768K(25055104K), 0.2751593 secs] [Times: user=1.62 sys=0.14, real=0.27 secs] 
2014-04-07T18:10:43.971+0900: 57.371: [GC (Allocation Failure) 57.371: [ParNew: 996800K->110720K(996800K), 0.2684156 secs] 7041848K->6279648K(25055104K), 0.2687792 secs] [Times: user=1.58 sys=0.14, real=0.27 secs] 
2014-04-07T18:10:44.901+0900: 58.301: [GC (Allocation Failure) 58.301: [ParNew: 996800K->110720K(996800K), 0.2631752 secs] 7165728K->6406621K(25055104K), 0.2635362 secs] [Times: user=1.55 sys=0.15, real=0.27 secs] 
2014-04-07T18:10:45.835+0900: 59.236: [GC (Allocation Failure) 59.236: [ParNew: 996800K->110720K(996800K), 0.2769422 secs] 7292701K->6534432K(25055104K), 0.2773124 secs] [Times: user=1.60 sys=0.15, real=0.28 secs] 
2014-04-07T18:10:46.770+0900: 60.170: [GC (Allocation Failure) 60.170: [ParNew: 996800K->110720K(996800K), 0.2824575 secs] 7420512K->6673037K(25055104K), 0.2828194 secs] [Times: user=1.61 sys=0.14, real=0.29 secs] 
2014-04-07T18:10:47.715+0900: 61.116: [GC (Allocation Failure) 61.116: [ParNew: 996800K->110720K(996800K), 0.2616234 secs] 7559117K->6797615K(25055104K), 0.2620049 secs] [Times: user=1.55 sys=0.13, real=0.26 secs] 
2014-04-07T18:10:48.614+0900: 62.014: [GC (Allocation Failure) 62.014: [ParNew: 996800K->110720K(996800K), 0.2707956 secs] 7683695K->6928782K(25055104K), 0.2711819 secs] [Times: user=1.55 sys=0.14, real=0.27 secs] 
2014-04-07T18:10:49.550+0900: 62.950: [GC (Allocation Failure) 62.951: [ParNew: 996800K->110720K(996800K), 0.2740856 secs] 7814862K->7066726K(25055104K), 0.2744758 secs] [Times: user=1.58 sys=0.14, real=0.28 secs] 
2014-04-07T18:10:50.496+0900: 63.896: [GC (Allocation Failure) 63.896: [ParNew: 996800K->110720K(996800K), 0.2651126 secs] 7952806K->7190695K(25055104K), 0.2655007 secs] [Times: user=1.57 sys=0.13, real=0.26 secs] 
2014-04-07T18:10:51.425+0900: 64.825: [GC (Allocation Failure) 64.825: [ParNew: 996800K->110720K(996800K), 0.2532541 secs] 8076775K->7318243K(25055104K), 0.2536375 secs] [Times: user=1.34 sys=0.14, real=0.25 secs] 
2014-04-07T18:10:52.349+0900: 65.749: [GC (Allocation Failure) 65.749: [ParNew: 996800K->110720K(996800K), 0.2729546 secs] 8204323K->7445767K(25055104K), 0.2733391 secs] [Times: user=1.55 sys=0.15, real=0.27 secs] 
2014-04-07T18:10:52.624+0900: 66.024: [GC (CMS Initial Mark) [1 CMS-initial-mark: 7335047K(24058304K)] 7446026K(25055104K), 0.0078872 secs] [Times: user=0.08 sys=0.00, real=0.00 secs] 
2014-04-07T18:10:52.632+0900: 66.032: [CMS-concurrent-mark-start]
2014-04-07T18:10:53.454+0900: 66.854: [CMS-concurrent-mark: 0.822/0.822 secs] [Times: user=7.92 sys=1.69, real=0.83 secs] 
2014-04-07T18:10:53.454+0900: 66.854: [CMS-concurrent-preclean-start]
2014-04-07T18:10:53.530+0900: 66.930: [GC (Allocation Failure) 66.931: [ParNew: 996800K->110720K(996800K), 0.2790023 secs] 8331847K->7577986K(25055104K), 0.2793895 secs] [Times: user=1.63 sys=0.14, real=0.28 secs] 
2014-04-07T18:10:53.907+0900: 67.307: [CMS-concurrent-preclean: 0.168/0.452 secs] [Times: user=3.05 sys=0.61, real=0.45 secs] 
2014-04-07T18:10:53.907+0900: 67.307: [CMS-concurrent-abortable-preclean-start]
2014-04-07T18:10:54.516+0900: 67.916: [GC (Allocation Failure) 67.916: [ParNew: 996799K->110720K(996800K), 0.2842070 secs] 8464065K->7712096K(25055104K), 0.2845747 secs] [Times: user=1.64 sys=0.16, real=0.28 secs] 
2014-04-07T18:10:55.496+0900: 68.896: [CMS-concurrent-abortable-preclean: 1.247/1.589 secs] [Times: user=12.28 sys=3.46, real=1.59 secs] 
2014-04-07T18:10:55.497+0900: 68.898: [GC (CMS Final Remark) [YG occupancy: 977649 K (996800 K)]68.898: [Rescan (parallel) , 0.0987947 secs]68.997: [weak refs processing, 0.0010364 secs]68.998: [class unloading, 0.0506497 secs]69.048: [scrub symbol table, 0.0043730 secs]69.053: [scrub string table, 0.0012596 secs][1 CMS-remark: 7601376K(24058304K)] 8579026K(25055104K), 0.1663148 secs] [Times: user=1.33 sys=0.00, real=0.17 secs] 
2014-04-07T18:10:55.664+0900: 69.064: [CMS-concurrent-sweep-start]
2014-04-07T18:10:55.678+0900: 69.078: [GC (Allocation Failure) 69.078: [ParNew: 996800K->110720K(996800K), 0.2942454 secs] 8597693K->7839528K(25055104K), 0.2946194 secs] [Times: user=1.57 sys=0.17, real=0.29 secs] 
2014-04-07T18:10:56.674+0900: 70.074: [GC (Allocation Failure) 70.075: [ParNew: 996800K->110720K(996800K), 0.2126924 secs] 8246733K->7487124K(25055104K), 0.2130713 secs] [Times: user=1.56 sys=0.10, real=0.21 secs] 
2014-04-07T18:10:57.614+0900: 71.014: [GC (Allocation Failure) 71.014: [ParNew: 996800K->110720K(996800K), 0.1795010 secs] 7861195K->7101408K(25055104K), 0.1798659 secs] [Times: user=1.31 sys=0.08, real=0.18 secs] 
2014-04-07T18:10:58.512+0900: 71.912: [GC (Allocation Failure) 71.912: [ParNew: 996798K->110720K(996800K), 0.2014176 secs] 7476347K->6716790K(25055104K), 0.2017820 secs] [Times: user=1.53 sys=0.08, real=0.21 secs] 
2014-04-07T18:10:59.445+0900: 72.846: [GC (Allocation Failure) 72.846: [ParNew: 996800K->110720K(996800K), 0.2283474 secs] 7110114K->6361147K(25055104K), 0.2287117 secs] [Times: user=1.58 sys=0.10, real=0.22 secs] 
2014-04-07T18:11:00.409+0900: 73.809: [GC (Allocation Failure) 73.809: [ParNew: 996800K->110720K(996800K), 0.2017760 secs] 6759390K->6002517K(25055104K), 0.2021368 secs] [Times: user=1.56 sys=0.08, real=0.20 secs] 
2014-04-07T18:11:00.904+0900: 74.304: [CMS-concurrent-sweep: 3.910/5.239 secs] [Times: user=41.14 sys=10.78, real=5.23 secs] 
2014-04-07T18:11:00.904+0900: 74.304: [CMS-concurrent-reset-start]
2014-04-07T18:11:00.999+0900: 74.399: [CMS-concurrent-reset: 0.095/0.095 secs] [Times: user=0.80 sys=0.25, real=0.10 secs] 
2014-04-07T18:11:01.322+0900: 74.722: [GC (Allocation Failure) 74.722: [ParNew: 996800K->110720K(996800K), 0.2569385 secs] 6811095K->6053092K(25055104K), 0.2573094 secs] [Times: user=1.60 sys=0.13, real=0.26 secs] 
2014-04-07T18:11:02.267+0900: 75.667: [GC (Allocation Failure) 75.667: [ParNew: 996800K->110720K(996800K), 0.2735259 secs] 6939172K->6181914K(25055104K), 0.2738841 secs] [Times: user=1.56 sys=0.13, real=0.27 secs] 
2014-04-07T18:11:03.203+0900: 76.603: [GC (Allocation Failure) 76.603: [ParNew: 996800K->110720K(996800K), 0.2673248 secs] 7067994K->6309462K(25055104K), 0.2676950 secs] [Times: user=1.55 sys=0.15, real=0.27 secs] 
2014-04-07T18:11:04.151+0900: 77.551: [GC (Allocation Failure) 77.551: [ParNew: 996800K->110720K(996800K), 0.2836071 secs] 7195542K->6447564K(25055104K), 0.2839651 secs] [Times: user=1.61 sys=0.12, real=0.29 secs] 
2014-04-07T18:11:05.095+0900: 78.496: [GC (Allocation Failure) 78.496: [ParNew: 996800K->110720K(996800K), 0.2660516 secs] 7333644K->6573111K(25055104K), 0.2664141 secs] [Times: user=1.54 sys=0.14, real=0.26 secs] 
2014-04-07T18:11:06.031+0900: 79.431: [GC (Allocation Failure) 79.431: [ParNew: 996800K->110720K(996800K), 0.2750341 secs] 7459191K->6701584K(25055104K), 0.2753973 secs] [Times: user=1.57 sys=0.13, real=0.28 secs] 
2014-04-07T18:11:06.976+0900: 80.376: [GC (Allocation Failure) 80.376: [ParNew: 996751K->110720K(996800K), 0.2750653 secs] 7587616K->6830929K(25055104K), 0.2754280 secs] [Times: user=1.64 sys=0.14, real=0.27 secs] 
2014-04-07T18:11:07.916+0900: 81.316: [GC (Allocation Failure) 81.316: [ParNew: 996800K->110720K(996800K), 0.2859552 secs] 7717009K->6968181K(25055104K), 0.2863148 secs] [Times: user=1.60 sys=0.12, real=0.28 secs] 
2014-04-07T18:11:08.880+0900: 82.280: [GC (Allocation Failure) 82.280: [ParNew: 996800K->110720K(996800K), 0.2719554 secs] 7854261K->7093946K(25055104K), 0.2723206 secs] [Times: user=1.61 sys=0.14, real=0.27 secs] 
2014-04-07T18:11:09.816+0900: 83.216: [GC (Allocation Failure) 83.216: [ParNew: 996800K->110720K(996800K), 0.2659663 secs] 7980026K->7222272K(25055104K), 0.2663285 secs] [Times: user=1.51 sys=0.14, real=0.26 secs] 
2014-04-07T18:11:10.755+0900: 84.156: [GC (Allocation Failure) 84.156: [ParNew: 996800K->110720K(996800K), 0.2765708 secs] 8108352K->7350223K(25055104K), 0.2769545 secs] [Times: user=1.63 sys=0.14, real=0.27 secs] 
2014-04-07T18:11:11.034+0900: 84.434: [GC (CMS Initial Mark) [1 CMS-initial-mark: 7239503K(24058304K)] 7350266K(25055104K), 0.0126501 secs] [Times: user=0.08 sys=0.00, real=0.02 secs] 
2014-04-07T18:11:11.047+0900: 84.447: [CMS-concurrent-mark-start]
2014-04-07T18:11:11.933+0900: 85.333: [GC (Allocation Failure) 85.334: [ParNew: 996800K->110720K(996800K), 0.2837167 secs] 8236303K->7481174K(25055104K), 0.2840908 secs] [Times: user=1.58 sys=0.15, real=0.29 secs] 
2014-04-07T18:11:12.465+0900: 85.865: [CMS-concurrent-mark: 1.132/1.418 secs] [Times: user=12.65 sys=2.62, real=1.41 secs] 
2014-04-07T18:11:12.465+0900: 85.865: [CMS-concurrent-preclean-start]
2014-04-07T18:11:12.991+0900: 86.391: [GC (Allocation Failure) 86.391: [ParNew: 996800K->110720K(996800K), 0.3171532 secs] 8367254K->7617013K(25055104K), 0.3175152 secs] [Times: user=1.67 sys=0.15, real=0.32 secs] 
2014-04-07T18:11:13.408+0900: 86.809: [CMS-concurrent-preclean: 0.586/0.943 secs] [Times: user=6.70 sys=1.76, real=0.95 secs] 
2014-04-07T18:11:13.409+0900: 86.809: [CMS-concurrent-abortable-preclean-start]
2014-04-07T18:11:14.049+0900: 87.450: [GC (Allocation Failure) 87.450: [ParNew: 996800K->110720K(996800K), 0.3107998 secs] 8503093K->7744067K(25055104K), 0.3111796 secs] [Times: user=1.60 sys=0.17, real=0.31 secs] 
2014-04-07T18:11:15.089+0900: 88.489: [CMS-concurrent-abortable-preclean: 1.305/1.680 secs] [Times: user=13.11 sys=3.67, real=1.68 secs] 
2014-04-07T18:11:15.090+0900: 88.490: [GC (CMS Final Remark) [YG occupancy: 981658 K (996800 K)]88.491: [Rescan (parallel) , 0.1009932 secs]88.592: [weak refs processing, 0.0002395 secs]88.592: [class unloading, 0.0388805 secs]88.631: [scrub symbol table, 0.0043539 secs]88.635: [scrub string table, 0.0012368 secs][1 CMS-remark: 7633347K(24058304K)] 8615006K(25055104K), 0.1524310 secs] [Times: user=1.35 sys=0.00, real=0.15 secs] 
2014-04-07T18:11:15.243+0900: 88.643: [CMS-concurrent-sweep-start]
2014-04-07T18:11:15.254+0900: 88.654: [GC (Allocation Failure) 88.654: [ParNew: 996800K->110720K(996800K), 0.3297196 secs] 8630139K->7875233K(25055104K), 0.3300840 secs] [Times: user=1.87 sys=0.19, real=0.33 secs] 
2014-04-07T18:11:16.322+0900: 89.722: [GC (Allocation Failure) 89.722: [ParNew: 996800K->110720K(996800K), 0.2398908 secs] 8543034K->7788732K(25055104K), 0.2402492 secs] [Times: user=1.57 sys=0.10, real=0.24 secs] 
2014-04-07T18:11:17.276+0900: 90.676: [GC (Allocation Failure) 90.676: [ParNew: 996800K->110720K(996800K), 0.2169514 secs] 8456227K->7698382K(25055104K), 0.2173121 secs] [Times: user=1.59 sys=0.11, real=0.22 secs] 
2014-04-07T18:11:18.246+0900: 91.646: [GC (Allocation Failure) 91.647: [ParNew: 996800K->110720K(996800K), 0.2974474 secs] 8450232K->7734677K(25055104K), 0.2978317 secs] [Times: user=2.28 sys=0.12, real=0.30 secs] 
2014-04-07T18:11:18.969+0900: 92.369: [CMS-concurrent-sweep: 2.633/3.725 secs] [Times: user=29.83 sys=7.37, real=3.73 secs] 
2014-04-07T18:11:18.969+0900: 92.369: [CMS-concurrent-reset-start]
2014-04-07T18:11:19.047+0900: 92.447: [CMS-concurrent-reset: 0.078/0.078 secs] [Times: user=0.62 sys=0.19, real=0.07 secs] 
2014-04-07T18:11:19.270+0900: 92.670: [GC (Allocation Failure) 92.670: [ParNew: 996800K->110720K(996800K), 0.2151229 secs] 8359383K->7609256K(25055104K), 0.2154913 secs] [Times: user=1.88 sys=0.10, real=0.21 secs] 
2014-04-07T18:11:19.487+0900: 92.887: [GC (CMS Initial Mark) [1 CMS-initial-mark: 7498536K(24058304K)] 7609280K(25055104K), 0.0087042 secs] [Times: user=0.08 sys=0.00, real=0.01 secs] 
2014-04-07T18:11:19.496+0900: 92.896: [CMS-concurrent-mark-start]
2014-04-07T18:11:20.421+0900: 93.821: [GC (Allocation Failure) 93.822: [ParNew: 996800K->110720K(996800K), 0.2673926 secs] 8495336K->7739070K(25055104K), 0.2677556 secs] [Times: user=1.56 sys=0.15, real=0.27 secs] 
2014-04-07T18:11:21.248+0900: 94.648: [CMS-concurrent-mark: 1.483/1.752 secs] [Times: user=15.89 sys=3.29, real=1.76 secs] 
2014-04-07T18:11:21.248+0900: 94.648: [CMS-concurrent-preclean-start]
2014-04-07T18:11:21.529+0900: 94.930: [GC (Allocation Failure) 94.930: [ParNew: 996800K->110720K(996800K), 0.3007950 secs] 8625150K->7871408K(25055104K), 0.3011623 secs] [Times: user=1.54 sys=0.14, real=0.30 secs] 
2014-04-07T18:11:22.277+0900: 95.677: [CMS-concurrent-preclean: 0.666/1.029 secs] [Times: user=7.59 sys=2.05, real=1.02 secs] 
2014-04-07T18:11:22.277+0900: 95.677: [CMS-concurrent-abortable-preclean-start]
2014-04-07T18:11:22.577+0900: 95.977: [GC (Allocation Failure) 95.977: [ParNew: 996800K->110720K(996800K), 0.3155393 secs] 8757488K->7997524K(25055104K), 0.3159046 secs] [Times: user=1.54 sys=0.18, real=0.32 secs] 
2014-04-07T18:11:23.294+0900: 96.694: [CMS-concurrent-abortable-preclean: 0.670/1.017 secs] [Times: user=7.45 sys=1.95, real=1.02 secs] 
2014-04-07T18:11:23.296+0900: 96.696: [GC (CMS Final Remark) [YG occupancy: 617948 K (996800 K)]96.696: [Rescan (parallel) , 0.0666302 secs]96.763: [weak refs processing, 0.0002199 secs]96.763: [class unloading, 0.0390125 secs]96.802: [scrub symbol table, 0.0043442 secs]96.806: [scrub string table, 0.0012392 secs][1 CMS-remark: 7886804K(24058304K)] 8504752K(25055104K), 0.1181378 secs] [Times: user=0.91 sys=0.00, real=0.12 secs] 
2014-04-07T18:11:23.414+0900: 96.814: [CMS-concurrent-sweep-start]
2014-04-07T18:11:23.721+0900: 97.122: [GC (Allocation Failure) 97.122: [ParNew: 996800K->110720K(996800K), 0.2965072 secs] 8843368K->8089563K(25055104K), 0.2968746 secs] [Times: user=1.52 sys=0.16, real=0.30 secs] 
2014-04-07T18:11:24.753+0900: 98.154: [GC (Allocation Failure) 98.154: [ParNew: 996800K->110720K(996800K), 0.2649474 secs] 8861068K->8104329K(25055104K), 0.2653358 secs] [Times: user=1.53 sys=0.14, real=0.27 secs] 
2014-04-07T18:11:25.754+0900: 99.154: [GC (Allocation Failure) 99.154: [ParNew: 996800K->110720K(996800K), 0.2728811 secs] 8857573K->8102714K(25055104K), 0.2732580 secs] [Times: user=1.53 sys=0.12, real=0.27 secs] 
2014-04-07T18:11:26.504+0900: 99.904: [CMS-concurrent-sweep: 2.249/3.089 secs] [Times: user=23.57 sys=6.29, real=3.09 secs] 
2014-04-07T18:11:26.504+0900: 99.904: [CMS-concurrent-reset-start]
2014-04-07T18:11:26.582+0900: 99.982: [CMS-concurrent-reset: 0.078/0.078 secs] [Times: user=0.61 sys=0.20, real=0.08 secs] 
2014-04-07T18:11:26.748+0900: 100.148: [GC (Allocation Failure) 100.148: [ParNew: 996800K->110720K(996800K), 0.2437467 secs] 8868584K->8111230K(25055104K), 0.2441121 secs] [Times: user=1.54 sys=0.12, real=0.25 secs] 
2014-04-07T18:11:26.993+0900: 100.394: [GC (CMS Initial Mark) [1 CMS-initial-mark: 8000510K(24058304K)] 8111258K(25055104K), 0.0080667 secs] [Times: user=0.08 sys=0.00, real=0.01 secs] 
2014-04-07T18:11:27.002+0900: 100.402: [CMS-concurrent-mark-start]
2014-04-07T18:11:27.924+0900: 101.324: [GC (Allocation Failure) 101.324: [ParNew: 996800K->110720K(996800K), 0.3259652 secs] 8997310K->8243587K(25055104K), 0.3263462 secs] [Times: user=1.54 sys=0.17, real=0.33 secs] 
2014-04-07T18:11:28.963+0900: 102.364: [CMS-concurrent-mark: 1.634/1.962 secs] [Times: user=17.36 sys=3.70, real=1.96 secs] 
2014-04-07T18:11:28.964+0900: 102.364: [CMS-concurrent-preclean-start]
2014-04-07T18:11:29.115+0900: 102.515: [GC (Allocation Failure) 102.515: [ParNew: 996800K->110720K(996800K), 0.3215730 secs] 9129667K->8371594K(25055104K), 0.3219515 secs] [Times: user=1.58 sys=0.19, real=0.32 secs] 
2014-04-07T18:11:30.094+0900: 103.494: [CMS-concurrent-preclean: 0.746/1.131 secs] [Times: user=8.20 sys=2.28, real=1.13 secs] 
2014-04-07T18:11:30.095+0900: 103.495: [CMS-concurrent-abortable-preclean-start]
2014-04-07T18:11:30.187+0900: 103.587: [GC (Allocation Failure) 103.587: [ParNew: 996800K->110720K(996800K), 0.3251607 secs] 9257674K->8499115K(25055104K), 0.3255440 secs] [Times: user=1.58 sys=0.17, real=0.33 secs] 
2014-04-07T18:11:30.942+0900: 104.342: [CMS-concurrent-abortable-preclean: 0.489/0.847 secs] [Times: user=5.87 sys=1.55, real=0.85 secs] 
2014-04-07T18:11:30.943+0900: 104.343: [GC (CMS Final Remark) [YG occupancy: 643406 K (996800 K)]104.343: [Rescan (parallel) , 0.0688132 secs]104.412: [weak refs processing, 0.0001168 secs]104.412: [class unloading, 0.0409867 secs]104.453: [scrub symbol table, 0.0048644 secs]104.458: [scrub string table, 0.0014034 secs][1 CMS-remark: 8388395K(24058304K)] 9031801K(25055104K), 0.1228392 secs] [Times: user=0.94 sys=0.00, real=0.12 secs] 
2014-04-07T18:11:31.066+0900: 104.466: [CMS-concurrent-sweep-start]
2014-04-07T18:11:31.362+0900: 104.763: [GC (Allocation Failure) 104.763: [ParNew: 996800K->110720K(996800K), 0.3142390 secs] 9373365K->8617115K(25055104K), 0.3146201 secs] [Times: user=1.53 sys=0.15, real=0.31 secs] 
2014-04-07T18:11:32.434+0900: 105.834: [GC (Allocation Failure) 105.835: [ParNew: 996800K->110720K(996800K), 0.2792967 secs] 9447508K->8690809K(25055104K), 0.2796809 secs] [Times: user=1.52 sys=0.16, real=0.28 secs] 
2014-04-07T18:11:33.455+0900: 106.855: [GC (Allocation Failure) 106.855: [ParNew: 996800K->110720K(996800K), 0.2852160 secs] 9473880K->8718962K(25055104K), 0.2856067 secs] [Times: user=1.52 sys=0.14, real=0.29 secs] 
2014-04-07T18:11:34.298+0900: 107.698: [CMS-concurrent-sweep: 2.347/3.232 secs] [Times: user=24.12 sys=6.33, real=3.23 secs] 
2014-04-07T18:11:34.298+0900: 107.698: [CMS-concurrent-reset-start]
2014-04-07T18:11:34.376+0900: 107.776: [CMS-concurrent-reset: 0.078/0.078 secs] [Times: user=0.62 sys=0.21, real=0.08 secs] 
2014-04-07T18:11:34.489+0900: 107.889: [GC (Allocation Failure) 107.889: [ParNew: 996800K->110720K(996800K), 0.2183453 secs] 9447445K->8690069K(25055104K), 0.2187346 secs] [Times: user=1.43 sys=0.10, real=0.22 secs] 
2014-04-07T18:11:34.709+0900: 108.109: [GC (CMS Initial Mark) [1 CMS-initial-mark: 8579349K(24058304K)] 8690274K(25055104K), 0.0107424 secs] [Times: user=0.08 sys=0.00, real=0.02 secs] 
2014-04-07T18:11:34.720+0900: 108.120: [CMS-concurrent-mark-start]
2014-04-07T18:11:35.640+0900: 109.041: [GC (Allocation Failure) 109.041: [ParNew: 996800K->110720K(996800K), 0.3019549 secs] 9576149K->8819278K(25055104K), 0.3023434 secs] [Times: user=1.49 sys=0.17, real=0.30 secs] 
2014-04-07T18:11:36.931+0900: 110.332: [CMS-concurrent-mark: 1.907/2.211 secs] [Times: user=19.87 sys=4.32, real=2.21 secs] 
2014-04-07T18:11:36.932+0900: 110.332: [CMS-concurrent-preclean-start]
2014-04-07T18:11:36.965+0900: 110.366: [GC (Allocation Failure) 110.366: [ParNew: 996800K->110720K(996800K), 0.2744320 secs] 9705358K->8926167K(25055104K), 0.2748234 secs] [Times: user=1.30 sys=0.15, real=0.28 secs] 
2014-04-07T18:11:37.972+0900: 111.372: [CMS-concurrent-preclean: 0.708/1.041 secs] [Times: user=7.60 sys=2.20, real=1.04 secs] 
2014-04-07T18:11:37.972+0900: 111.373: [CMS-concurrent-abortable-preclean-start]
2014-04-07T18:11:38.059+0900: 111.459: [GC (Allocation Failure) 111.460: [ParNew: 996800K->110720K(996800K), 0.2355575 secs] 9812247K->9015586K(25055104K), 0.2359584 secs] [Times: user=1.05 sys=0.13, real=0.24 secs] 
2014-04-07T18:11:38.692+0900: 112.092: [CMS-concurrent-abortable-preclean: 0.456/0.720 secs] [Times: user=5.04 sys=1.35, real=0.72 secs] 
2014-04-07T18:11:38.694+0900: 112.094: [GC (CMS Final Remark) [YG occupancy: 535521 K (996800 K)]112.094: [Rescan (parallel) , 0.0562825 secs]112.150: [weak refs processing, 0.0003032 secs]112.150: [class unloading, 0.0409205 secs]112.191: [scrub symbol table, 0.0048570 secs]112.196: [scrub string table, 0.0014076 secs][1 CMS-remark: 8904866K(24058304K)] 9440387K(25055104K), 0.1105380 secs] [Times: user=0.78 sys=0.00, real=0.11 secs] 
2014-04-07T18:11:38.805+0900: 112.205: [CMS-concurrent-sweep-start]
2014-04-07T18:11:39.230+0900: 112.630: [GC (Allocation Failure) 112.630: [ParNew: 996800K->110720K(996800K), 0.2378891 secs] 9884022K->9090321K(25055104K), 0.2382524 secs] [Times: user=1.02 sys=0.13, real=0.24 secs] 
2014-04-07T18:11:40.299+0900: 113.699: [GC (Allocation Failure) 113.699: [ParNew: 996800K->110720K(996800K), 0.2259655 secs] 9958387K->9167565K(25055104K), 0.2263245 secs] [Times: user=1.07 sys=0.11, real=0.23 secs] 
2014-04-07T18:11:41.344+0900: 114.744: [CMS-concurrent-sweep: 2.072/2.540 secs] [Times: user=15.96 sys=4.44, real=2.54 secs] 
2014-04-07T18:11:41.344+0900: 114.745: [CMS-concurrent-reset-start]
2014-04-07T18:11:41.421+0900: 114.821: [CMS-concurrent-reset: 0.076/0.076 secs] [Times: user=0.08 sys=0.00, real=0.08 secs] 
2014-04-07T18:11:43.421+0900: 116.821: [GC (CMS Initial Mark) [1 CMS-initial-mark: 8763667K(24058304K)] 9270127K(25055104K), 0.0426678 secs] [Times: user=0.54 sys=0.00, real=0.04 secs] 
2014-04-07T18:11:43.464+0900: 116.865: [CMS-concurrent-mark-start]
2014-04-07T18:11:45.219+0900: 118.619: [CMS-concurrent-mark: 1.754/1.754 secs] [Times: user=6.69 sys=0.18, real=1.75 secs] 
2014-04-07T18:11:45.219+0900: 118.619: [CMS-concurrent-preclean-start]
2014-04-07T18:11:45.313+0900: 118.713: [CMS-concurrent-preclean: 0.092/0.094 secs] [Times: user=0.09 sys=0.00, real=0.10 secs] 
2014-04-07T18:11:45.313+0900: 118.713: [CMS-concurrent-abortable-preclean-start]
 CMS: abort preclean due to time 2014-04-07T18:11:50.345+0900: 123.746: [CMS-concurrent-abortable-preclean: 4.432/5.033 secs] [Times: user=4.47 sys=0.00, real=5.03 secs] 
2014-04-07T18:11:50.347+0900: 123.747: [GC (CMS Final Remark) [YG occupancy: 506814 K (996800 K)]123.747: [Rescan (parallel) , 0.0423251 secs]123.790: [weak refs processing, 0.0028756 secs]123.793: [class unloading, 0.0272808 secs]123.820: [scrub symbol table, 0.0031540 secs]123.823: [scrub string table, 0.0009091 secs][1 CMS-remark: 8763667K(24058304K)] 9270482K(25055104K), 0.0828891 secs] [Times: user=0.57 sys=0.00, real=0.08 secs] 
2014-04-07T18:11:50.431+0900: 123.831: [CMS-concurrent-sweep-start]
2014-04-07T18:11:51.638+0900: 125.038: [CMS-concurrent-sweep: 1.202/1.207 secs] [Times: user=1.29 sys=0.00, real=1.21 secs] 
2014-04-07T18:11:51.638+0900: 125.038: [CMS-concurrent-reset-start]
2014-04-07T18:11:51.713+0900: 125.113: [CMS-concurrent-reset: 0.075/0.075 secs] [Times: user=0.07 sys=0.00, real=0.08 secs] 
2014-04-07T18:11:53.714+0900: 127.114: [GC (CMS Initial Mark) [1 CMS-initial-mark: 8601306K(24058304K)] 9108341K(25055104K), 0.0432488 secs] [Times: user=0.54 sys=0.00, real=0.04 secs] 
2014-04-07T18:11:53.758+0900: 127.158: [CMS-concurrent-mark-start]
2014-04-07T18:11:55.640+0900: 129.040: [CMS-concurrent-mark: 1.882/1.882 secs] [Times: user=7.14 sys=0.19, real=1.88 secs] 
2014-04-07T18:11:55.640+0900: 129.040: [CMS-concurrent-preclean-start]
2014-04-07T18:11:55.723+0900: 129.123: [CMS-concurrent-preclean: 0.083/0.083 secs] [Times: user=0.08 sys=0.00, real=0.09 secs] 
2014-04-07T18:11:55.723+0900: 129.123: [CMS-concurrent-abortable-preclean-start]
 CMS: abort preclean due to time 2014-04-07T18:12:01.109+0900: 134.509: [CMS-concurrent-abortable-preclean: 4.783/5.386 secs] [Times: user=5.14 sys=0.00, real=5.38 secs] 
2014-04-07T18:12:01.111+0900: 134.511: [GC (CMS Final Remark) [YG occupancy: 527264 K (996800 K)]134.511: [Rescan (parallel) , 0.0536821 secs]134.565: [weak refs processing, 0.0000652 secs]134.565: [class unloading, 0.0389494 secs]134.604: [scrub symbol table, 0.0043489 secs]134.608: [scrub string table, 0.0012401 secs][1 CMS-remark: 8601306K(24058304K)] 9128571K(25055104K), 0.1049307 secs] [Times: user=0.73 sys=0.00, real=0.11 secs] 
2014-04-07T18:12:01.217+0900: 134.617: [CMS-concurrent-sweep-start]
2014-04-07T18:12:02.622+0900: 136.022: [CMS-concurrent-sweep: 1.405/1.405 secs] [Times: user=1.42 sys=0.00, real=1.40 secs] 
2014-04-07T18:12:02.622+0900: 136.022: [CMS-concurrent-reset-start]
2014-04-07T18:12:02.697+0900: 136.097: [CMS-concurrent-reset: 0.075/0.075 secs] [Times: user=0.07 sys=0.00, real=0.08 secs] 
2014-04-07T18:12:04.698+0900: 138.098: [GC (CMS Initial Mark) [1 CMS-initial-mark: 8601294K(24058304K)] 9128684K(25055104K), 0.0430905 secs] [Times: user=0.54 sys=0.00, real=0.04 secs] 
2014-04-07T18:12:04.742+0900: 138.142: [CMS-concurrent-mark-start]
2014-04-07T18:12:05.966+0900: 139.366: [GC (Allocation Failure) 139.367: [ParNew: 996800K->98317K(996800K), 0.0982448 secs] 9598094K->8783802K(25055104K), 0.0986048 secs] [Times: user=0.83 sys=0.05, real=0.10 secs] 
2014-04-07T18:12:06.475+0900: 139.875: [GC (Allocation Failure) 139.875: [ParNew: 984397K->57296K(996800K), 0.0389732 secs] 9669882K->8742781K(25055104K), 0.0392889 secs] [Times: user=0.49 sys=0.00, real=0.04 secs] 
2014-04-07T18:12:06.917+0900: 140.317: [CMS-concurrent-mark: 2.016/2.175 secs] [Times: user=17.97 sys=0.17, real=2.18 secs] 
2014-04-07T18:12:06.918+0900: 140.319: [CMS-concurrent-preclean-start]
2014-04-07T18:12:06.947+0900: 140.348: [GC (Allocation Failure) 140.348: [ParNew: 943350K->110720K(996800K), 0.0604487 secs] 9628835K->8829090K(25055104K), 0.0608257 secs] [Times: user=0.76 sys=0.01, real=0.06 secs] 
2014-04-07T18:12:07.474+0900: 140.874: [CMS-concurrent-preclean: 0.460/0.556 secs] [Times: user=5.78 sys=0.17, real=0.55 secs] 
2014-04-07T18:12:07.474+0900: 140.874: [CMS-concurrent-abortable-preclean-start]
2014-04-07T18:12:07.871+0900: 141.271: [CMS-concurrent-abortable-preclean: 0.395/0.397 secs] [Times: user=4.48 sys=0.12, real=0.40 secs] 
2014-04-07T18:12:07.872+0900: 141.273: [GC (CMS Final Remark) [YG occupancy: 983061 K (996800 K)]141.273: [Rescan (parallel) , 0.0765314 secs]141.349: [weak refs processing, 0.0000627 secs]141.349: [class unloading, 0.0447443 secs]141.394: [scrub symbol table, 0.0049545 secs]141.399: [scrub string table, 0.0014146 secs][1 CMS-remark: 8718370K(24058304K)] 9701431K(25055104K), 0.1346891 secs] [Times: user=1.45 sys=0.00, real=0.14 secs] 
2014-04-07T18:12:08.007+0900: 141.408: [CMS-concurrent-sweep-start]
2014-04-07T18:12:08.060+0900: 141.460: [GC (Allocation Failure) 141.460: [ParNew: 996800K->110720K(996800K), 0.2187632 secs] 9707827K->8970302K(25055104K), 0.2191110 secs] [Times: user=1.78 sys=0.08, real=0.22 secs] 
2014-04-07T18:12:08.868+0900: 142.268: [GC (Allocation Failure) 142.268: [ParNew: 996800K->110720K(996800K), 0.1121040 secs] 9556466K->8882725K(25055104K), 0.1124475 secs] [Times: user=1.12 sys=0.05, real=0.11 secs] 
2014-04-07T18:12:09.337+0900: 142.738: [GC (Allocation Failure) 142.738: [ParNew: 992586K->110720K(996800K), 0.1142508 secs] 9561477K->8898136K(25055104K), 0.1145950 secs] [Times: user=1.12 sys=0.08, real=0.11 secs] 
2014-04-07T18:12:09.815+0900: 143.216: [GC (Allocation Failure) 143.216: [ParNew: 996800K->110720K(996800K), 0.1187290 secs] 9574030K->8866599K(25055104K), 0.1190835 secs] [Times: user=1.35 sys=0.05, real=0.12 secs] 
2014-04-07T18:12:10.307+0900: 143.707: [GC (Allocation Failure) 143.707: [ParNew: 994472K->110720K(996800K), 0.1102693 secs] 9465190K->8719379K(25055104K), 0.1106166 secs] [Times: user=1.17 sys=0.03, real=0.11 secs] 
2014-04-07T18:12:10.452+0900: 143.852: [CMS-concurrent-sweep: 1.759/2.445 secs] [Times: user=18.62 sys=0.67, real=2.44 secs] 
2014-04-07T18:12:10.452+0900: 143.852: [CMS-concurrent-reset-start]
2014-04-07T18:12:10.573+0900: 143.973: [CMS-concurrent-reset: 0.119/0.120 secs] [Times: user=1.05 sys=0.08, real=0.12 secs] 
2014-04-07T18:12:10.826+0900: 144.226: [GC (Allocation Failure) 144.227: [ParNew: 996800K->110720K(996800K), 0.1427837 secs] 9550477K->8870126K(25055104K), 0.1431375 secs] [Times: user=1.11 sys=0.07, real=0.14 secs] 
2014-04-07T18:12:10.971+0900: 144.371: [GC (CMS Initial Mark) [1 CMS-initial-mark: 8759406K(24058304K)] 8870282K(25055104K), 0.0042127 secs] [Times: user=0.04 sys=0.00, real=0.01 secs] 
2014-04-07T18:12:10.975+0900: 144.375: [CMS-concurrent-mark-start]
2014-04-07T18:12:11.451+0900: 144.851: [GC (Allocation Failure) 144.852: [ParNew: 996786K->110720K(996800K), 0.1733227 secs] 9756192K->9023837K(25055104K), 0.1736773 secs] [Times: user=1.19 sys=0.09, real=0.17 secs] 
2014-04-07T18:12:12.828+0900: 146.228: [GC (Allocation Failure) 146.229: [ParNew: 996800K->110720K(996800K), 0.1751950 secs] 9909917K->9158241K(25055104K), 0.1755428 secs] [Times: user=1.04 sys=0.10, real=0.17 secs] 
2014-04-07T18:12:13.140+0900: 146.540: [CMS-concurrent-mark: 1.809/2.164 secs] [Times: user=12.70 sys=0.56, real=2.16 secs] 
2014-04-07T18:12:13.140+0900: 146.540: [CMS-concurrent-preclean-start]
2014-04-07T18:12:13.777+0900: 147.178: [CMS-concurrent-preclean: 0.573/0.638 secs] [Times: user=1.33 sys=0.03, real=0.64 secs] 
2014-04-07T18:12:13.778+0900: 147.178: [CMS-concurrent-abortable-preclean-start]
2014-04-07T18:12:14.002+0900: 147.402: [CMS-concurrent-abortable-preclean: 0.224/0.225 secs] [Times: user=0.43 sys=0.00, real=0.22 secs] 
2014-04-07T18:12:14.004+0900: 147.404: [GC (CMS Final Remark) [YG occupancy: 779350 K (996800 K)]147.404: [Rescan (parallel) , 0.0461634 secs]147.451: [weak refs processing, 0.0001272 secs]147.451: [class unloading, 0.0620104 secs]147.513: [scrub symbol table, 0.0048647 secs]147.518: [scrub string table, 0.0014118 secs][1 CMS-remark: 9047521K(24058304K)] 9826872K(25055104K), 0.1218910 secs] [Times: user=0.66 sys=0.00, real=0.13 secs] 
2014-04-07T18:12:14.127+0900: 147.527: [CMS-concurrent-sweep-start]
2014-04-07T18:12:14.534+0900: 147.935: [GC (Allocation Failure) 147.935: [ParNew: 990816K->110720K(996800K), 0.2382055 secs] 10034306K->9313106K(25055104K), 0.2385563 secs] [Times: user=1.18 sys=0.14, real=0.24 secs] 
2014-04-07T18:12:15.671+0900: 149.071: [CMS-concurrent-sweep: 1.304/1.544 secs] [Times: user=3.87 sys=0.21, real=1.54 secs] 
2014-04-07T18:12:15.671+0900: 149.071: [CMS-concurrent-reset-start]
2014-04-07T18:12:15.747+0900: 149.147: [CMS-concurrent-reset: 0.076/0.076 secs] [Times: user=0.15 sys=0.00, real=0.08 secs] 
2014-04-07T18:12:16.107+0900: 149.507: [GC (Allocation Failure) 149.508: [ParNew: 996800K->110720K(996800K), 0.1913360 secs] 9748031K->8977850K(25055104K), 0.1916812 secs] [Times: user=1.04 sys=0.11, real=0.19 secs] 
2014-04-07T18:12:16.300+0900: 149.700: [GC (CMS Initial Mark) [1 CMS-initial-mark: 8867130K(24058304K)] 8977998K(25055104K), 0.0036184 secs] [Times: user=0.04 sys=0.00, real=0.00 secs] 
2014-04-07T18:12:16.304+0900: 149.704: [CMS-concurrent-mark-start]
2014-04-07T18:12:16.697+0900: 150.097: [GC (Allocation Failure) 150.097: [ParNew: 996800K->92335K(996800K), 0.2057023 secs] 9863930K->9055821K(25055104K), 0.2060449 secs] [Times: user=0.87 sys=0.10, real=0.20 secs] 
2014-04-07T18:12:18.313+0900: 151.713: [CMS-concurrent-mark: 1.801/2.009 secs] [Times: user=10.10 sys=0.27, real=2.01 secs] 
2014-04-07T18:12:18.313+0900: 151.713: [CMS-concurrent-preclean-start]
2014-04-07T18:12:18.522+0900: 151.922: [CMS-concurrent-preclean: 0.190/0.209 secs] [Times: user=0.21 sys=0.00, real=0.21 secs] 
2014-04-07T18:12:18.522+0900: 151.922: [CMS-concurrent-abortable-preclean-start]
 CMS: abort preclean due to time 2014-04-07T18:12:23.695+0900: 157.095: [CMS-concurrent-abortable-preclean: 3.002/5.173 secs] [Times: user=3.03 sys=0.00, real=5.17 secs] 
2014-04-07T18:12:23.697+0900: 157.097: [GC (CMS Final Remark) [YG occupancy: 101277 K (996800 K)]157.097: [Rescan (parallel) , 0.0154578 secs]157.112: [weak refs processing, 0.0000674 secs]157.112: [class unloading, 0.0468716 secs]157.159: [scrub symbol table, 0.0048579 secs]157.164: [scrub string table, 0.0014058 secs][1 CMS-remark: 8963486K(24058304K)] 9064764K(25055104K), 0.0759343 secs] [Times: user=0.24 sys=0.00, real=0.07 secs] 
2014-04-07T18:12:23.773+0900: 157.173: [CMS-concurrent-sweep-start]
2014-04-07T18:12:24.978+0900: 158.379: [CMS-concurrent-sweep: 1.205/1.205 secs] [Times: user=1.22 sys=0.00, real=1.21 secs] 
2014-04-07T18:12:24.979+0900: 158.379: [CMS-concurrent-reset-start]
2014-04-07T18:12:25.053+0900: 158.453: [CMS-concurrent-reset: 0.075/0.075 secs] [Times: user=0.07 sys=0.00, real=0.07 secs] 
2014-04-07T18:12:27.054+0900: 160.454: [GC (CMS Initial Mark) [1 CMS-initial-mark: 8731416K(24058304K)] 8832851K(25055104K), 0.0032619 secs] [Times: user=0.03 sys=0.00, real=0.01 secs] 
2014-04-07T18:12:27.058+0900: 160.458: [CMS-concurrent-mark-start]
2014-04-07T18:12:28.907+0900: 162.308: [CMS-concurrent-mark: 1.849/1.849 secs] [Times: user=6.99 sys=0.22, real=1.85 secs] 
2014-04-07T18:12:28.908+0900: 162.308: [CMS-concurrent-preclean-start]
2014-04-07T18:12:28.974+0900: 162.374: [CMS-concurrent-preclean: 0.066/0.066 secs] [Times: user=0.07 sys=0.00, real=0.06 secs] 
2014-04-07T18:12:28.974+0900: 162.374: [CMS-concurrent-abortable-preclean-start]
 CMS: abort preclean due to time 2014-04-07T18:12:34.060+0900: 167.460: [CMS-concurrent-abortable-preclean: 2.883/5.087 secs] [Times: user=2.92 sys=0.00, real=5.09 secs] 
2014-04-07T18:12:34.062+0900: 167.462: [GC (CMS Final Remark) [YG occupancy: 101794 K (996800 K)]167.463: [Rescan (parallel) , 0.0177095 secs]167.480: [weak refs processing, 0.0000730 secs]167.480: [class unloading, 0.0447882 secs]167.525: [scrub symbol table, 0.0043563 secs]167.530: [scrub string table, 0.0012420 secs][1 CMS-remark: 8731416K(24058304K)] 8833211K(25055104K), 0.0754747 secs] [Times: user=0.27 sys=0.00, real=0.07 secs] 
2014-04-07T18:12:34.139+0900: 167.539: [CMS-concurrent-sweep-start]
2014-04-07T18:12:35.246+0900: 168.647: [CMS-concurrent-sweep: 1.107/1.107 secs] [Times: user=1.12 sys=0.00, real=1.10 secs] 
2014-04-07T18:12:35.247+0900: 168.647: [CMS-concurrent-reset-start]
2014-04-07T18:12:35.321+0900: 168.721: [CMS-concurrent-reset: 0.075/0.075 secs] [Times: user=0.07 sys=0.00, real=0.08 secs] 
2014-04-07T18:12:36.477+0900: 169.878: [GC (Allocation Failure) 169.878: [ParNew: 978415K->25007K(996800K), 0.0345704 secs] 9699483K->8746075K(25055104K), 0.0349016 secs] [Times: user=0.42 sys=0.00, real=0.04 secs] 
2014-04-07T18:12:36.514+0900: 169.914: [GC (CMS Initial Mark) [1 CMS-initial-mark: 8721068K(24058304K)] 8746466K(25055104K), 0.0019767 secs] [Times: user=0.00 sys=0.00, real=0.00 secs] 
2014-04-07T18:12:36.517+0900: 169.917: [CMS-concurrent-mark-start]
2014-04-07T18:12:36.917+0900: 170.317: [GC (Allocation Failure) 170.317: [ParNew: 911087K->6314K(996800K), 0.0321784 secs] 9632155K->8727382K(25055104K), 0.0324681 secs] [Times: user=0.40 sys=0.01, real=0.04 secs] 
2014-04-07T18:12:37.350+0900: 170.750: [GC (Allocation Failure) 170.750: [ParNew: 889432K->110720K(996800K), 0.1006745 secs] 9610500K->8887949K(25055104K), 0.1009731 secs] [Times: user=0.82 sys=0.04, real=0.10 secs] 
2014-04-07T18:12:37.922+0900: 171.322: [GC (Allocation Failure) 171.322: [ParNew: 996798K->110720K(996800K), 0.1841504 secs] 9774028K->9029231K(25055104K), 0.1844584 secs] [Times: user=1.01 sys=0.10, real=0.18 secs] 
2014-04-07T18:12:38.607+0900: 172.007: [GC (Allocation Failure) 172.007: [ParNew: 996772K->110720K(996800K), 0.2501369 secs] 9915284K->9181728K(25055104K), 0.2504494 secs] [Times: user=1.13 sys=0.12, real=0.25 secs] 
2014-04-07T18:12:38.950+0900: 172.350: [CMS-concurrent-mark: 1.854/2.433 secs] [Times: user=19.24 sys=0.80, real=2.44 secs] 
2014-04-07T18:12:38.950+0900: 172.350: [CMS-concurrent-preclean-start]
2014-04-07T18:12:39.373+0900: 172.773: [GC (Allocation Failure) 172.773: [ParNew: 996800K->110720K(996800K), 0.2706448 secs] 10067808K->9337595K(25055104K), 0.2709736 secs] [Times: user=1.20 sys=0.12, real=0.27 secs] 
2014-04-07T18:12:40.154+0900: 173.554: [CMS-concurrent-preclean: 0.820/1.204 secs] [Times: user=5.07 sys=0.28, real=1.20 secs] 
2014-04-07T18:12:40.155+0900: 173.555: [GC (Allocation Failure) 173.555: [ParNew: 996800K->110720K(996800K), 0.2878035 secs] 10223675K->9484355K(25055104K), 0.2880508 secs] [Times: user=1.13 sys=0.14, real=0.29 secs] 
2014-04-07T18:12:40.444+0900: 173.844: [GC (CMS Final Remark) [YG occupancy: 112359 K (996800 K)]173.844: [Rescan (parallel) , 0.0289538 secs]173.873: [weak refs processing, 0.0000630 secs]173.874: [class unloading, 0.0318299 secs]173.905: [scrub symbol table, 0.0032496 secs]173.909: [scrub string table, 0.0009322 secs][1 CMS-remark: 9373635K(24058304K)] 9485995K(25055104K), 0.0699829 secs] [Times: user=0.41 sys=0.00, real=0.07 secs] 
2014-04-07T18:12:40.515+0900: 173.915: [CMS-concurrent-sweep-start]
2014-04-07T18:12:40.835+0900: 174.235: [GC (Allocation Failure) 174.235: [ParNew: 996800K->110720K(996800K), 0.1264933 secs] 10168200K->9490439K(25055104K), 0.1267795 secs] [Times: user=1.17 sys=0.04, real=0.13 secs] 
2014-04-07T18:12:41.316+0900: 174.716: [GC (Allocation Failure) 174.716: [ParNew: 992100K->110720K(996800K), 0.1276868 secs] 10171970K->9485600K(25055104K), 0.1279696 secs] [Times: user=1.17 sys=0.06, real=0.13 secs] 
2014-04-07T18:12:41.990+0900: 175.390: [GC (Allocation Failure) 175.391: [ParNew: 996800K->110720K(996800K), 0.1234854 secs] 9959072K->9243738K(25055104K), 0.1237611 secs] [Times: user=1.19 sys=0.05, real=0.12 secs] 
2014-04-07T18:12:42.518+0900: 175.918: [GC (Allocation Failure) 175.918: [ParNew: 996798K->110720K(996800K), 0.1229265 secs] 9852890K->9167450K(25055104K), 0.1232069 secs] [Times: user=1.17 sys=0.05, real=0.13 secs] 
2014-04-07T18:12:42.759+0900: 176.159: [CMS-concurrent-sweep: 1.735/2.244 secs] [Times: user=13.58 sys=0.67, real=2.24 secs] 
2014-04-07T18:12:42.759+0900: 176.159: [CMS-concurrent-reset-start]
2014-04-07T18:12:42.850+0900: 176.250: [CMS-concurrent-reset: 0.091/0.091 secs] [Times: user=0.38 sys=0.01, real=0.10 secs] 
2014-04-07T18:12:43.175+0900: 176.575: [GC (Allocation Failure) 176.576: [ParNew: 995860K->110720K(996800K), 0.1248737 secs] 9847314K->9113157K(25055104K), 0.1251536 secs] [Times: user=1.12 sys=0.06, real=0.13 secs] 
2014-04-07T18:12:43.304+0900: 176.704: [GC (CMS Initial Mark) [1 CMS-initial-mark: 9002437K(24058304K)] 9124785K(25055104K), 0.0044308 secs] [Times: user=0.04 sys=0.00, real=0.00 secs] 
2014-04-07T18:12:43.308+0900: 176.708: [CMS-concurrent-mark-start]
2014-04-07T18:12:43.855+0900: 177.255: [GC (Allocation Failure) 177.255: [ParNew: 996800K->110720K(996800K), 0.1295730 secs] 9999237K->9256043K(25055104K), 0.1298455 secs] [Times: user=1.17 sys=0.07, real=0.13 secs] 
2014-04-07T18:12:44.952+0900: 178.353: [GC (Allocation Failure) 178.353: [ParNew: 996800K->110720K(996800K), 0.1750763 secs] 10142123K->9402463K(25055104K), 0.1753143 secs] [Times: user=0.96 sys=0.09, real=0.17 secs] 
2014-04-07T18:12:45.568+0900: 178.968: [CMS-concurrent-mark: 1.951/2.260 secs] [Times: user=14.94 sys=0.47, real=2.26 secs] 
2014-04-07T18:12:45.568+0900: 178.968: [CMS-concurrent-preclean-start]
2014-04-07T18:12:45.624+0900: 179.025: [GC (Allocation Failure) 179.025: [ParNew: 996800K->97575K(996800K), 0.1625662 secs] 10288543K->9496842K(25055104K), 0.1628237 secs] [Times: user=0.92 sys=0.09, real=0.16 secs] 
2014-04-07T18:12:46.495+0900: 179.895: [CMS-concurrent-preclean: 0.668/0.927 secs] [Times: user=2.50 sys=0.09, real=0.93 secs] 
2014-04-07T18:12:46.495+0900: 179.896: [CMS-concurrent-abortable-preclean-start]
 CMS: abort preclean due to time 2014-04-07T18:12:51.647+0900: 185.047: [CMS-concurrent-abortable-preclean: 3.349/5.152 secs] [Times: user=3.38 sys=0.00, real=5.15 secs] 
2014-04-07T18:12:51.649+0900: 185.049: [GC (CMS Final Remark) [YG occupancy: 328780 K (996800 K)]185.049: [Rescan (parallel) , 0.0518716 secs]185.101: [weak refs processing, 0.0001417 secs]185.101: [class unloading, 0.0450320 secs]185.147: [scrub symbol table, 0.0043519 secs]185.151: [scrub string table, 0.0012395 secs][1 CMS-remark: 9399266K(24058304K)] 9728047K(25055104K), 0.1099875 secs] [Times: user=0.71 sys=0.00, real=0.11 secs] 
2014-04-07T18:12:51.760+0900: 185.160: [CMS-concurrent-sweep-start]
2014-04-07T18:12:52.987+0900: 186.387: [CMS-concurrent-sweep: 1.227/1.227 secs] [Times: user=1.23 sys=0.00, real=1.23 secs] 
2014-04-07T18:12:52.987+0900: 186.387: [CMS-concurrent-reset-start]
2014-04-07T18:12:53.062+0900: 186.462: [CMS-concurrent-reset: 0.075/0.075 secs] [Times: user=0.08 sys=0.00, real=0.08 secs] 
2014-04-07T18:12:55.063+0900: 188.463: [GC (CMS Initial Mark) [1 CMS-initial-mark: 8857085K(24058304K)] 9193660K(25055104K), 0.0386115 secs] [Times: user=0.49 sys=0.00, real=0.04 secs] 
2014-04-07T18:12:55.103+0900: 188.503: [CMS-concurrent-mark-start]
2014-04-07T18:12:57.030+0900: 190.430: [CMS-concurrent-mark: 1.927/1.927 secs] [Times: user=7.73 sys=0.14, real=1.92 secs] 
2014-04-07T18:12:57.030+0900: 190.430: [CMS-concurrent-preclean-start]
2014-04-07T18:12:57.100+0900: 190.500: [CMS-concurrent-preclean: 0.070/0.070 secs] [Times: user=0.10 sys=0.00, real=0.07 secs] 
2014-04-07T18:12:57.100+0900: 190.500: [CMS-concurrent-abortable-preclean-start]
 CMS: abort preclean due to time 2014-04-07T18:13:02.239+0900: 195.639: [CMS-concurrent-abortable-preclean: 3.534/5.139 secs] [Times: user=3.61 sys=0.00, real=5.14 secs] 
2014-04-07T18:13:02.241+0900: 195.641: [GC (CMS Final Remark) [YG occupancy: 349536 K (996800 K)]195.641: [Rescan (parallel) , 0.0512759 secs]195.692: [weak refs processing, 0.0000633 secs]195.692: [class unloading, 0.0451136 secs]195.737: [scrub symbol table, 0.0043503 secs]195.742: [scrub string table, 0.0012413 secs][1 CMS-remark: 8857085K(24058304K)] 9206622K(25055104K), 0.1093985 secs] [Times: user=0.71 sys=0.00, real=0.11 secs] 
2014-04-07T18:13:02.351+0900: 195.751: [CMS-concurrent-sweep-start]
2014-04-07T18:13:03.560+0900: 196.960: [CMS-concurrent-sweep: 1.208/1.208 secs] [Times: user=1.21 sys=0.00, real=1.21 secs] 
2014-04-07T18:13:03.560+0900: 196.960: [CMS-concurrent-reset-start]
2014-04-07T18:13:03.635+0900: 197.035: [CMS-concurrent-reset: 0.075/0.075 secs] [Times: user=0.08 sys=0.00, real=0.08 secs] 
2014-04-07T18:13:05.636+0900: 199.036: [GC (CMS Initial Mark) [1 CMS-initial-mark: 8706190K(24058304K)] 9055885K(25055104K), 0.0389256 secs] [Times: user=0.50 sys=0.00, real=0.04 secs] 
2014-04-07T18:13:05.675+0900: 199.076: [CMS-concurrent-mark-start]
2014-04-07T18:13:06.880+0900: 200.280: [GC (Allocation Failure) 200.280: [ParNew: 983655K->36245K(996800K), 0.0364694 secs] 9689845K->8742435K(25055104K), 0.0367352 secs] [Times: user=0.47 sys=0.00, real=0.04 secs] 
2014-04-07T18:13:07.296+0900: 200.696: [GC (Allocation Failure) 200.696: [ParNew: 922325K->29456K(996800K), 0.0330513 secs] 9628515K->8735646K(25055104K), 0.0332743 secs] [Times: user=0.42 sys=0.00, real=0.03 secs] 
2014-04-07T18:13:07.579+0900: 200.979: [CMS-concurrent-mark: 1.824/1.903 secs] [Times: user=12.54 sys=0.16, real=1.90 secs] 
2014-04-07T18:13:07.579+0900: 200.979: [CMS-concurrent-preclean-start]
2014-04-07T18:13:07.651+0900: 201.052: [GC (Allocation Failure) 201.052: [ParNew: 915536K->110720K(996800K), 0.0918831 secs] 9621726K->8905331K(25055104K), 0.0921225 secs] [Times: user=0.71 sys=0.04, real=0.10 secs] 
2014-04-07T18:13:07.811+0900: 201.212: [CMS-concurrent-preclean: 0.137/0.232 secs] [Times: user=1.59 sys=0.09, real=0.23 secs] 
2014-04-07T18:13:07.812+0900: 201.212: [CMS-concurrent-abortable-preclean-start]
2014-04-07T18:13:08.125+0900: 201.525: [GC (Allocation Failure) 201.525: [ParNew: 996800K->110720K(996800K), 0.1477915 secs] 9791411K->9051269K(25055104K), 0.1480835 secs] [Times: user=1.08 sys=0.06, real=0.14 secs] 
2014-04-07T18:13:08.647+0900: 202.047: [CMS-concurrent-abortable-preclean: 0.649/0.836 secs] [Times: user=4.45 sys=0.18, real=0.84 secs] 
2014-04-07T18:13:08.648+0900: 202.049: [GC (CMS Final Remark) [YG occupancy: 709225 K (996800 K)]202.049: [Rescan (parallel) , 0.0472728 secs]202.096: [weak refs processing, 0.0000630 secs]202.096: [class unloading, 0.0451336 secs]202.141: [scrub symbol table, 0.0043751 secs]202.146: [scrub string table, 0.0012416 secs][1 CMS-remark: 8940549K(24058304K)] 9649774K(25055104K), 0.1054253 secs] [Times: user=0.66 sys=0.00, real=0.11 secs] 
2014-04-07T18:13:08.754+0900: 202.154: [CMS-concurrent-sweep-start]
2014-04-07T18:13:08.884+0900: 202.284: [GC (Allocation Failure) 202.284: [ParNew: 996800K->110720K(996800K), 0.1306884 secs] 9878527K->9155564K(25055104K), 0.1309432 secs] [Times: user=1.02 sys=0.06, real=0.13 secs] 
2014-04-07T18:13:09.442+0900: 202.842: [GC (Allocation Failure) 202.842: [ParNew: 996800K->110720K(996800K), 0.1146949 secs] 9748540K->9036702K(25055104K), 0.1149598 secs] [Times: user=1.10 sys=0.05, real=0.12 secs] 
2014-04-07T18:13:10.013+0900: 203.413: [GC (Allocation Failure) 203.413: [ParNew: 996800K->110720K(996800K), 0.1193314 secs] 9577733K->8852660K(25055104K), 0.1195828 secs] [Times: user=1.14 sys=0.04, real=0.12 secs] 
2014-04-07T18:13:10.501+0900: 203.901: [GC (Allocation Failure) 203.901: [ParNew: 996800K->110720K(996800K), 0.1018439 secs] 9468559K->8713618K(25055104K), 0.1020860 secs] [Times: user=1.02 sys=0.03, real=0.10 secs] 
2014-04-07T18:13:10.955+0900: 204.355: [CMS-concurrent-sweep: 1.728/2.201 secs] [Times: user=13.22 sys=0.66, real=2.20 secs] 
2014-04-07T18:13:10.955+0900: 204.355: [CMS-concurrent-reset-start]
2014-04-07T18:13:10.995+0900: 204.395: [GC (Allocation Failure) 204.395: [ParNew: 996800K->110720K(996800K), 0.1052620 secs] 9130988K->8404086K(25055104K), 0.1055038 secs] [Times: user=0.98 sys=0.04, real=0.10 secs] 
2014-04-07T18:13:11.158+0900: 204.558: [CMS-concurrent-reset: 0.095/0.202 secs] [Times: user=1.41 sys=0.05, real=0.20 secs] 
2014-04-07T18:13:11.648+0900: 205.048: [GC (Allocation Failure) 205.048: [ParNew: 987432K->110720K(996800K), 0.1041569 secs] 9280799K->8514713K(25055104K), 0.1044149 secs] [Times: user=0.97 sys=0.04, real=0.10 secs] 
2014-04-07T18:13:11.755+0900: 205.155: [GC (CMS Initial Mark) [1 CMS-initial-mark: 8403993K(24058304K)] 8526422K(25055104K), 0.0046838 secs] [Times: user=0.03 sys=0.00, real=0.00 secs] 
2014-04-07T18:13:11.760+0900: 205.160: [CMS-concurrent-mark-start]
2014-04-07T18:13:12.305+0900: 205.705: [GC (Allocation Failure) 205.706: [ParNew: 996800K->110720K(996800K), 0.1095567 secs] 9400793K->8703084K(25055104K), 0.1098136 secs] [Times: user=1.08 sys=0.04, real=0.11 secs] 
2014-04-07T18:13:12.926+0900: 206.326: [GC (Allocation Failure) 206.326: [ParNew: 996800K->110720K(996800K), 0.1698905 secs] 9589164K->8902246K(25055104K), 0.1701341 secs] [Times: user=1.44 sys=0.08, real=0.17 secs] 
2014-04-07T18:13:13.540+0900: 206.941: [CMS-concurrent-mark: 1.498/1.780 secs] [Times: user=13.63 sys=0.50, real=1.78 secs] 
2014-04-07T18:13:13.541+0900: 206.941: [CMS-concurrent-preclean-start]
2014-04-07T18:13:13.613+0900: 207.013: [GC (Allocation Failure) 207.013: [ParNew: 996800K->110720K(996800K), 0.2255531 secs] 9788326K->9068890K(25055104K), 0.2257984 secs] [Times: user=1.57 sys=0.08, real=0.23 secs] 
2014-04-07T18:13:14.353+0900: 207.753: [GC (Allocation Failure) 207.753: [ParNew: 987388K->110720K(996800K), 0.1814256 secs] 9945558K->9241632K(25055104K), 0.1816907 secs] [Times: user=1.16 sys=0.10, real=0.19 secs] 
2014-04-07T18:13:15.122+0900: 208.522: [GC (Allocation Failure) 208.523: [ParNew: 996800K->110720K(996800K), 0.2319357 secs] 10127712K->9416498K(25055104K), 0.2321925 secs] [Times: user=1.54 sys=0.11, real=0.24 secs] 
2014-04-07T18:13:16.262+0900: 209.662: [CMS-concurrent-preclean: 1.907/2.721 secs] [Times: user=11.90 sys=0.55, real=2.72 secs] 
2014-04-07T18:13:16.262+0900: 209.662: [CMS-concurrent-abortable-preclean-start]
2014-04-07T18:13:16.330+0900: 209.730: [GC (Allocation Failure) 209.730: [ParNew: 996800K->110720K(996800K), 0.2252792 secs] 10302578K->9581980K(25055104K), 0.2255111 secs] [Times: user=1.62 sys=0.10, real=0.23 secs] 
2014-04-07T18:13:17.062+0900: 210.462: [CMS-concurrent-abortable-preclean: 0.539/0.800 secs] [Times: user=4.45 sys=0.11, real=0.80 secs] 
2014-04-07T18:13:17.063+0900: 210.463: [GC (Allocation Failure) 210.463: [ParNew: 996800K->94184K(996800K), 0.2249189 secs] 10468060K->9676063K(25055104K), 0.2251583 secs] [Times: user=1.32 sys=0.08, real=0.23 secs] 
2014-04-07T18:13:17.289+0900: 210.690: [GC (CMS Final Remark) [YG occupancy: 95924 K (996800 K)]210.690: [Rescan (parallel) , 0.0460271 secs]210.736: [weak refs processing, 0.0001390 secs]210.736: [class unloading, 0.0453422 secs]210.781: [scrub symbol table, 0.0043509 secs]210.786: [scrub string table, 0.0012434 secs][1 CMS-remark: 9581879K(24058304K)] 9677804K(25055104K), 0.1044871 secs] [Times: user=0.61 sys=0.00, real=0.10 secs] 
2014-04-07T18:13:17.395+0900: 210.795: [CMS-concurrent-sweep-start]
2014-04-07T18:13:18.575+0900: 211.975: [CMS-concurrent-sweep: 1.180/1.180 secs] [Times: user=1.43 sys=0.00, real=1.18 secs] 
2014-04-07T18:13:18.575+0900: 211.975: [CMS-concurrent-reset-start]
2014-04-07T18:13:18.650+0900: 212.050: [CMS-concurrent-reset: 0.075/0.075 secs] [Times: user=0.07 sys=0.00, real=0.08 secs] 
2014-04-07T18:13:20.651+0900: 214.051: [GC (CMS Initial Mark) [1 CMS-initial-mark: 9189371K(24058304K)] 9391863K(25055104K), 0.0168523 secs] [Times: user=0.20 sys=0.00, real=0.02 secs] 
2014-04-07T18:13:20.668+0900: 214.068: [CMS-concurrent-mark-start]
2014-04-07T18:13:22.850+0900: 216.250: [CMS-concurrent-mark: 2.181/2.182 secs] [Times: user=8.23 sys=0.23, real=2.18 secs] 
2014-04-07T18:13:22.850+0900: 216.250: [CMS-concurrent-preclean-start]
2014-04-07T18:13:22.916+0900: 216.316: [CMS-concurrent-preclean: 0.066/0.066 secs] [Times: user=0.06 sys=0.00, real=0.07 secs] 
2014-04-07T18:13:22.916+0900: 216.317: [CMS-concurrent-abortable-preclean-start]
 CMS: abort preclean due to time 2014-04-07T18:13:27.961+0900: 221.361: [CMS-concurrent-abortable-preclean: 2.941/5.044 secs] [Times: user=2.97 sys=0.00, real=5.04 secs] 
2014-04-07T18:13:27.963+0900: 221.363: [GC (CMS Final Remark) [YG occupancy: 202756 K (996800 K)]221.363: [Rescan (parallel) , 0.0285308 secs]221.391: [weak refs processing, 0.0000635 secs]221.392: [class unloading, 0.0455386 secs]221.437: [scrub symbol table, 0.0043516 secs]221.442: [scrub string table, 0.0012464 secs][1 CMS-remark: 9189371K(24058304K)] 9392128K(25055104K), 0.0871360 secs] [Times: user=0.41 sys=0.00, real=0.09 secs] 
2014-04-07T18:13:28.051+0900: 221.451: [CMS-concurrent-sweep-start]
2014-04-07T18:13:29.216+0900: 222.616: [CMS-concurrent-sweep: 1.164/1.165 secs] [Times: user=1.17 sys=0.00, real=1.16 secs] 
2014-04-07T18:13:29.216+0900: 222.617: [CMS-concurrent-reset-start]
2014-04-07T18:13:29.291+0900: 222.691: [CMS-concurrent-reset: 0.075/0.075 secs] [Times: user=0.07 sys=0.00, real=0.07 secs] 
2014-04-07T18:13:31.292+0900: 224.692: [GC (CMS Initial Mark) [1 CMS-initial-mark: 8741725K(24058304K)] 8944566K(25055104K), 0.0162563 secs] [Times: user=0.20 sys=0.00, real=0.02 secs] 
2014-04-07T18:13:31.309+0900: 224.709: [CMS-concurrent-mark-start]
2014-04-07T18:13:33.498+0900: 226.898: [CMS-concurrent-mark: 2.189/2.189 secs] [Times: user=9.45 sys=0.24, real=2.19 secs] 
2014-04-07T18:13:33.498+0900: 226.898: [CMS-concurrent-preclean-start]
2014-04-07T18:13:33.564+0900: 226.964: [CMS-concurrent-preclean: 0.066/0.066 secs] [Times: user=0.07 sys=0.00, real=0.06 secs] 
2014-04-07T18:13:33.564+0900: 226.964: [CMS-concurrent-abortable-preclean-start]
2014-04-07T18:13:37.532+0900: 230.933: [GC (Allocation Failure) 230.933: [ParNew: 980264K->24284K(996800K), 0.0369039 secs] 9721990K->8766010K(25055104K), 0.0371797 secs] [Times: user=0.47 sys=0.00, real=0.04 secs] 
2014-04-07T18:13:38.144+0900: 231.544: [GC (Allocation Failure) 231.544: [ParNew: 910364K->16857K(996800K), 0.0348241 secs] 9652090K->8758583K(25055104K), 0.0351711 secs] [Times: user=0.44 sys=0.00, real=0.04 secs] 
2014-04-07T18:13:38.180+0900: 231.580: [CMS-concurrent-abortable-preclean: 2.880/4.616 secs] [Times: user=8.03 sys=0.00, real=4.62 secs] 
2014-04-07T18:13:38.181+0900: 231.581: [GC (CMS Final Remark) [YG occupancy: 19603 K (996800 K)]231.581: [Rescan (parallel) , 0.0158816 secs]231.597: [weak refs processing, 0.0000633 secs]231.597: [class unloading, 0.0456770 secs]231.643: [scrub symbol table, 0.0043491 secs]231.647: [scrub string table, 0.0012435 secs][1 CMS-remark: 8741725K(24058304K)] 8761328K(25055104K), 0.0746607 secs] [Times: user=0.24 sys=0.00, real=0.07 secs] 
2014-04-07T18:13:38.256+0900: 231.656: [CMS-concurrent-sweep-start]
2014-04-07T18:13:38.665+0900: 232.065: [GC (Allocation Failure) 232.065: [ParNew: 902937K->110720K(996800K), 0.1058245 secs] 9644659K->8908849K(25055104K), 0.1060710 secs] [Times: user=0.85 sys=0.03, real=0.11 secs] 
2014-04-07T18:13:39.188+0900: 232.588: [GC (Allocation Failure) 232.589: [ParNew: 996800K->110720K(996800K), 0.1885678 secs] 9794929K->9030186K(25055104K), 0.1888064 secs] [Times: user=1.02 sys=0.11, real=0.18 secs] 
2014-04-07T18:13:39.891+0900: 233.291: [GC (Allocation Failure) 233.291: [ParNew: 996800K->110720K(996800K), 0.2354945 secs] 9916266K->9218498K(25055104K), 0.2357340 secs] [Times: user=1.18 sys=0.10, real=0.23 secs] 
2014-04-07T18:13:40.514+0900: 233.914: [CMS-concurrent-sweep: 1.723/2.258 secs] [Times: user=11.48 sys=0.63, real=2.26 secs] 
2014-04-07T18:13:40.514+0900: 233.914: [CMS-concurrent-reset-start]
2014-04-07T18:13:40.576+0900: 233.977: [GC (Allocation Failure) 233.977: [ParNew: 996800K->110720K(996800K), 0.2727926 secs] 10104578K->9371645K(25055104K), 0.2730406 secs] [Times: user=1.20 sys=0.14, real=0.28 secs] 
2014-04-07T18:13:40.881+0900: 234.281: [CMS-concurrent-reset: 0.093/0.367 secs] [Times: user=1.67 sys=0.14, real=0.37 secs] 
2014-04-07T18:13:41.760+0900: 235.161: [GC (Allocation Failure) 235.161: [ParNew: 996800K->110720K(996800K), 0.2247020 secs] 10257725K->9505573K(25055104K), 0.2249512 secs] [Times: user=1.01 sys=0.12, real=0.22 secs] 
2014-04-07T18:13:41.986+0900: 235.386: [GC (CMS Initial Mark) [1 CMS-initial-mark: 9394853K(24058304K)] 9506688K(25055104K), 0.0032989 secs] [Times: user=0.03 sys=0.00, real=0.01 secs] 
2014-04-07T18:13:41.990+0900: 235.390: [CMS-concurrent-mark-start]
2014-04-07T18:13:42.727+0900: 236.128: [GC (Allocation Failure) 236.128: [ParNew: 995608K->110720K(996800K), 0.2395776 secs] 10390461K->9662154K(25055104K), 0.2398295 secs] [Times: user=1.05 sys=0.13, real=0.24 secs] 
2014-04-07T18:13:43.617+0900: 237.017: [GC (Allocation Failure) 237.018: [ParNew: 996800K->110720K(996800K), 0.2724469 secs] 10548234K->9803663K(25055104K), 0.2726911 secs] [Times: user=1.14 sys=0.13, real=0.28 secs] 
2014-04-07T18:13:44.472+0900: 237.872: [GC (Allocation Failure) 237.872: [ParNew: 996800K->110720K(996800K), 0.2828482 secs] 10689743K->9972107K(25055104K), 0.2830833 secs] [Times: user=1.16 sys=0.15, real=0.28 secs] 
2014-04-07T18:13:45.040+0900: 238.441: [CMS-concurrent-mark: 2.251/3.051 secs] [Times: user=18.41 sys=1.00, real=3.05 secs] 
2014-04-07T18:13:45.041+0900: 238.441: [CMS-concurrent-preclean-start]
2014-04-07T18:13:45.229+0900: 238.629: [GC (Allocation Failure) 238.629: [ParNew: 995240K->110720K(996800K), 0.2637624 secs] 10856628K->10166949K(25055104K), 0.2640091 secs] [Times: user=1.19 sys=0.14, real=0.27 secs] 
2014-04-07T18:13:46.016+0900: 239.416: [GC (Allocation Failure) 239.416: [ParNew: 994330K->110720K(996800K), 0.3264366 secs] 11050559K->10331802K(25055104K), 0.3266820 secs] [Times: user=1.14 sys=0.20, real=0.33 secs] 
2014-04-07T18:13:46.798+0900: 240.199: [GC (Allocation Failure) 240.199: [ParNew: 996792K->110720K(996800K), 0.2765389 secs] 11217874K->10493744K(25055104K), 0.2767778 secs] [Times: user=1.09 sys=0.20, real=0.28 secs] 
2014-04-07T18:13:47.168+0900: 240.568: [CMS-concurrent-preclean: 1.108/2.127 secs] [Times: user=8.90 sys=0.80, real=2.12 secs] 
2014-04-07T18:13:47.168+0900: 240.568: [CMS-concurrent-abortable-preclean-start]
2014-04-07T18:13:47.598+0900: 240.999: [GC (Allocation Failure) 240.999: [ParNew: 996102K->110720K(996800K), 0.2892916 secs] 11379126K->10664400K(25055104K), 0.2895254 secs] [Times: user=1.11 sys=0.18, real=0.29 secs] 
2014-04-07T18:13:48.428+0900: 241.828: [CMS-concurrent-abortable-preclean: 0.897/1.260 secs] [Times: user=5.41 sys=0.36, real=1.26 secs] 
2014-04-07T18:13:48.429+0900: 241.829: [GC (Allocation Failure) 241.829: [ParNew: 996800K->110720K(996800K), 0.3329408 secs] 11550480K->10825231K(25055104K), 0.3331629 secs] [Times: user=1.21 sys=0.20, real=0.34 secs] 
2014-04-07T18:13:48.763+0900: 242.163: [GC (CMS Final Remark) [YG occupancy: 112380 K (996800 K)]242.163: [Rescan (parallel) , 0.0357129 secs]242.199: [weak refs processing, 0.0001188 secs]242.199: [class unloading, 0.0479319 secs]242.247: [scrub symbol table, 0.0048625 secs]242.252: [scrub string table, 0.0014116 secs][1 CMS-remark: 10714511K(24058304K)] 10826891K(25055104K), 0.0975109 secs] [Times: user=0.52 sys=0.00, real=0.10 secs] 
2014-04-07T18:13:48.861+0900: 242.261: [CMS-concurrent-sweep-start]
2014-04-07T18:13:49.391+0900: 242.791: [GC (Allocation Failure) 242.791: [ParNew: 996800K->110720K(996800K), 0.1098663 secs] 11287295K->10526860K(25055104K), 0.1101216 secs] [Times: user=1.00 sys=0.05, real=0.11 secs] 
2014-04-07T18:13:50.213+0900: 243.613: [GC (Allocation Failure) 243.614: [ParNew: 996800K->110720K(996800K), 0.1057473 secs] 10809311K->10061890K(25055104K), 0.1060139 secs] [Times: user=0.93 sys=0.07, real=0.10 secs] 
2014-04-07T18:13:50.889+0900: 244.289: [CMS-concurrent-sweep: 1.810/2.028 secs] [Times: user=7.66 sys=0.33, real=2.02 secs] 
2014-04-07T18:13:50.889+0900: 244.290: [CMS-concurrent-reset-start]
2014-04-07T18:13:50.976+0900: 244.376: [CMS-concurrent-reset: 0.087/0.087 secs] [Times: user=0.17 sys=0.00, real=0.09 secs] 
2014-04-07T18:13:51.713+0900: 245.113: [GC (Allocation Failure) 245.113: [ParNew: 996800K->110720K(996800K), 0.1074746 secs] 10077154K->9296018K(25055104K), 0.1077168 secs] [Times: user=0.98 sys=0.03, real=0.11 secs] 
2014-04-07T18:13:51.822+0900: 245.222: [GC (CMS Initial Mark) [1 CMS-initial-mark: 9185298K(24058304K)] 9297921K(25055104K), 0.0039439 secs] [Times: user=0.03 sys=0.00, real=0.00 secs] 
2014-04-07T18:13:51.826+0900: 245.226: [CMS-concurrent-mark-start]
2014-04-07T18:13:52.504+0900: 245.904: [GC (Allocation Failure) 245.904: [ParNew: 996800K->94448K(996800K), 0.0880758 secs] 10182098K->9372406K(25055104K), 0.0883379 secs] [Times: user=0.74 sys=0.04, real=0.09 secs] 
2014-04-07T18:13:53.960+0900: 247.360: [CMS-concurrent-mark: 2.042/2.134 secs] [Times: user=11.29 sys=0.22, real=2.13 secs] 
2014-04-07T18:13:53.960+0900: 247.360: [CMS-concurrent-preclean-start]
2014-04-07T18:13:54.178+0900: 247.578: [CMS-concurrent-preclean: 0.202/0.218 secs] [Times: user=0.21 sys=0.00, real=0.22 secs] 
2014-04-07T18:13:54.178+0900: 247.578: [CMS-concurrent-abortable-preclean-start]
 CMS: abort preclean due to time 2014-04-07T18:13:59.295+0900: 252.695: [CMS-concurrent-abortable-preclean: 3.013/5.117 secs] [Times: user=3.45 sys=0.00, real=5.12 secs] 
2014-04-07T18:13:59.297+0900: 252.697: [GC (CMS Final Remark) [YG occupancy: 259912 K (996800 K)]252.697: [Rescan (parallel) , 0.0353910 secs]252.733: [weak refs processing, 0.0000630 secs]252.733: [class unloading, 0.0480456 secs]252.781: [scrub symbol table, 0.0048514 secs]252.786: [scrub string table, 0.0014072 secs][1 CMS-remark: 9277958K(24058304K)] 9537871K(25055104K), 0.0972628 secs] [Times: user=0.51 sys=0.00, real=0.10 secs] 
2014-04-07T18:13:59.395+0900: 252.795: [CMS-concurrent-sweep-start]
2014-04-07T18:14:00.761+0900: 254.161: [CMS-concurrent-sweep: 1.366/1.366 secs] [Times: user=1.38 sys=0.00, real=1.36 secs] 
2014-04-07T18:14:00.761+0900: 254.161: [CMS-concurrent-reset-start]
2014-04-07T18:14:00.836+0900: 254.236: [CMS-concurrent-reset: 0.075/0.075 secs] [Times: user=0.07 sys=0.00, real=0.08 secs] 
2014-04-07T18:14:02.837+0900: 256.237: [GC (CMS Initial Mark) [1 CMS-initial-mark: 8737148K(24058304K)] 8998377K(25055104K), 0.0247092 secs] [Times: user=0.30 sys=0.00, real=0.03 secs] 
2014-04-07T18:14:02.862+0900: 256.262: [CMS-concurrent-mark-start]
2014-04-07T18:14:04.842+0900: 258.242: [CMS-concurrent-mark: 1.978/1.980 secs] [Times: user=7.56 sys=0.17, real=1.97 secs] 
2014-04-07T18:14:04.842+0900: 258.242: [CMS-concurrent-preclean-start]
2014-04-07T18:14:04.911+0900: 258.311: [CMS-concurrent-preclean: 0.069/0.069 secs] [Times: user=0.07 sys=0.00, real=0.07 secs] 
2014-04-07T18:14:04.911+0900: 258.311: [CMS-concurrent-abortable-preclean-start]
2014-04-07T18:14:08.129+0900: 261.529: [GC (Allocation Failure) 261.529: [ParNew: 980528K->25083K(996800K), 0.0341904 secs] 9717677K->8762232K(25055104K), 0.0344313 secs] [Times: user=0.43 sys=0.00, real=0.04 secs] 
2014-04-07T18:14:08.696+0900: 262.096: [CMS-concurrent-abortable-preclean: 2.437/3.785 secs] [Times: user=6.28 sys=0.01, real=3.79 secs] 
2014-04-07T18:14:08.697+0900: 262.098: [GC (CMS Final Remark) [YG occupancy: 767744 K (996800 K)]262.098: [Rescan (parallel) , 0.0861850 secs]262.184: [weak refs processing, 0.0000462 secs]262.184: [class unloading, 0.0338593 secs]262.218: [scrub symbol table, 0.0037616 secs]262.222: [scrub string table, 0.0011083 secs][1 CMS-remark: 8737148K(24058304K)] 9504893K(25055104K), 0.1298881 secs] [Times: user=1.14 sys=0.00, real=0.13 secs] 
2014-04-07T18:14:08.828+0900: 262.228: [CMS-concurrent-sweep-start]
2014-04-07T18:14:08.923+0900: 262.324: [GC (Allocation Failure) 262.324: [ParNew: 911135K->41361K(996800K), 0.0342846 secs] 9648277K->8778504K(25055104K), 0.0344713 secs] [Times: user=0.43 sys=0.00, real=0.03 secs] 
2014-04-07T18:14:09.441+0900: 262.841: [GC (Allocation Failure) 262.841: [ParNew: 921527K->110720K(996800K), 0.0877512 secs] 9658662K->8931676K(25055104K), 0.0879720 secs] [Times: user=0.89 sys=0.02, real=0.09 secs] 
2014-04-07T18:14:10.169+0900: 263.569: [GC (Allocation Failure) 263.570: [ParNew: 996799K->110720K(996800K), 0.1072476 secs] 9817741K->9098958K(25055104K), 0.1074702 secs] [Times: user=0.96 sys=0.04, real=0.11 secs] 
2014-04-07T18:14:10.661+0900: 264.061: [CMS-concurrent-sweep: 1.599/1.833 secs] [Times: user=8.07 sys=0.34, real=1.83 secs] 
2014-04-07T18:14:10.661+0900: 264.062: [CMS-concurrent-reset-start]
2014-04-07T18:14:10.755+0900: 264.155: [CMS-concurrent-reset: 0.093/0.093 secs] [Times: user=0.30 sys=0.02, real=0.10 secs] 
2014-04-07T18:14:10.987+0900: 264.388: [GC (Allocation Failure) 264.388: [ParNew: 994025K->110720K(996800K), 0.1127337 secs] 9982245K->9259150K(25055104K), 0.1129896 secs] [Times: user=1.00 sys=0.05, real=0.11 secs] 
2014-04-07T18:14:11.103+0900: 264.504: [GC (CMS Initial Mark) [1 CMS-initial-mark: 9148430K(24058304K)] 9270646K(25055104K), 0.0047968 secs] [Times: user=0.04 sys=0.00, real=0.01 secs] 
2014-04-07T18:14:11.108+0900: 264.509: [CMS-concurrent-mark-start]
2014-04-07T18:14:11.832+0900: 265.232: [GC (Allocation Failure) 265.232: [ParNew: 996773K->110720K(996800K), 0.1136152 secs] 10145204K->9425371K(25055104K), 0.1138032 secs] [Times: user=0.91 sys=0.06, real=0.12 secs] 
2014-04-07T18:14:12.611+0900: 266.011: [GC (Allocation Failure) 266.011: [ParNew: 996800K->110720K(996800K), 0.1670410 secs] 10311451K->9624054K(25055104K), 0.1672527 secs] [Times: user=1.01 sys=0.09, real=0.17 secs] 
2014-04-07T18:14:12.842+0900: 266.242: [CMS-concurrent-mark: 1.451/1.733 secs] [Times: user=10.36 sys=0.48, real=1.73 secs] 
2014-04-07T18:14:12.842+0900: 266.242: [CMS-concurrent-preclean-start]
2014-04-07T18:14:13.544+0900: 266.945: [CMS-concurrent-preclean: 0.632/0.702 secs] [Times: user=2.02 sys=0.11, real=0.71 secs] 
2014-04-07T18:14:13.545+0900: 266.945: [GC (Allocation Failure) 266.945: [ParNew: 996800K->110720K(996800K), 0.2250259 secs] 10510134K->9813536K(25055104K), 0.2252369 secs] [Times: user=1.19 sys=0.11, real=0.22 secs] 
2014-04-07T18:14:13.771+0900: 267.171: [GC (CMS Final Remark) [YG occupancy: 111553 K (996800 K)]267.172: [Rescan (parallel) , 0.0436457 secs]267.215: [weak refs processing, 0.0001190 secs]267.215: [class unloading, 0.0483153 secs]267.264: [scrub symbol table, 0.0048583 secs]267.269: [scrub string table, 0.0014105 secs][1 CMS-remark: 9702816K(24058304K)] 9814369K(25055104K), 0.1058899 secs] [Times: user=0.62 sys=0.00, real=0.11 secs] 
2014-04-07T18:14:13.878+0900: 267.278: [CMS-concurrent-sweep-start]
2014-04-07T18:14:14.599+0900: 267.999: [GC (Allocation Failure) 268.000: [ParNew: 994300K->110720K(996800K), 0.1180957 secs] 10085654K->9358597K(25055104K), 0.1183096 secs] [Times: user=1.08 sys=0.04, real=0.12 secs] 
2014-04-07T18:14:15.450+0900: 268.850: [GC (Allocation Failure) 268.850: [ParNew: 994002K->110720K(996800K), 0.1181270 secs] 9505331K->8802979K(25055104K), 0.1183448 secs] [Times: user=1.13 sys=0.05, real=0.12 secs] 
2014-04-07T18:14:16.103+0900: 269.503: [GC (Allocation Failure) 269.503: [ParNew: 996777K->110720K(996800K), 0.1234297 secs] 8877972K->8150880K(25055104K), 0.1236435 secs] [Times: user=1.10 sys=0.06, real=0.13 secs] 
2014-04-07T18:14:16.254+0900: 269.654: [CMS-concurrent-sweep: 2.013/2.377 secs] [Times: user=10.13 sys=0.45, real=2.37 secs] 
2014-04-07T18:14:16.254+0900: 269.655: [CMS-concurrent-reset-start]
2014-04-07T18:14:16.347+0900: 269.748: [CMS-concurrent-reset: 0.093/0.093 secs] [Times: user=0.39 sys=0.02, real=0.10 secs] 
2014-04-07T18:14:16.725+0900: 270.125: [GC (Allocation Failure) 270.126: [ParNew: 994914K->110720K(996800K), 0.1150333 secs] 8926547K->8214766K(25055104K), 0.1152571 secs] [Times: user=1.09 sys=0.05, real=0.11 secs] 
2014-04-07T18:14:16.844+0900: 270.244: [GC (CMS Initial Mark) [1 CMS-initial-mark: 8104046K(24058304K)] 8216814K(25055104K), 0.0043783 secs] [Times: user=0.04 sys=0.00, real=0.01 secs] 
2014-04-07T18:14:16.849+0900: 270.249: [CMS-concurrent-mark-start]
2014-04-07T18:14:17.420+0900: 270.820: [GC (Allocation Failure) 270.820: [ParNew: 996800K->110720K(996800K), 0.1228799 secs] 9100846K->8402962K(25055104K), 0.1230910 secs] [Times: user=1.16 sys=0.06, real=0.12 secs] 
2014-04-07T18:14:18.069+0900: 271.469: [GC (Allocation Failure) 271.469: [ParNew: 996800K->110720K(996800K), 0.1267183 secs] 9289042K->8592560K(25055104K), 0.1269291 secs] [Times: user=1.17 sys=0.05, real=0.13 secs] 
2014-04-07T18:14:18.724+0900: 272.124: [GC (Allocation Failure) 272.124: [ParNew: 996800K->110720K(996800K), 0.1029184 secs] 9478640K->8748321K(25055104K), 0.1031205 secs] [Times: user=0.99 sys=0.03, real=0.11 secs] 
2014-04-07T18:14:18.887+0900: 272.287: [CMS-concurrent-mark: 1.683/2.039 secs] [Times: user=15.31 sys=0.49, real=2.04 secs] 
2014-04-07T18:14:18.887+0900: 272.288: [CMS-concurrent-preclean-start]
2014-04-07T18:14:19.285+0900: 272.685: [GC (Allocation Failure) 272.685: [ParNew: 996800K->110720K(996800K), 0.1671899 secs] 9634401K->8950516K(25055104K), 0.1674050 secs] [Times: user=1.10 sys=0.09, real=0.16 secs] 
2014-04-07T18:14:20.016+0900: 273.417: [GC (Allocation Failure) 273.417: [ParNew: 996800K->110720K(996800K), 0.2064594 secs] 9836596K->9102950K(25055104K), 0.2066716 secs] [Times: user=1.09 sys=0.12, real=0.20 secs] 
2014-04-07T18:14:20.285+0900: 273.685: [CMS-concurrent-preclean: 0.909/1.398 secs] [Times: user=6.43 sys=0.37, real=1.40 secs] 
2014-04-07T18:14:20.285+0900: 273.685: [CMS-concurrent-abortable-preclean-start]
2014-04-07T18:14:20.982+0900: 274.382: [CMS-concurrent-abortable-preclean: 0.660/0.697 secs] [Times: user=1.83 sys=0.09, real=0.69 secs] 
2014-04-07T18:14:20.983+0900: 274.383: [GC (CMS Final Remark) [YG occupancy: 831899 K (996800 K)]274.383: [Rescan (parallel) , 0.0452146 secs]274.429: [weak refs processing, 0.0000630 secs]274.429: [class unloading, 0.0483491 secs]274.477: [scrub symbol table, 0.0048572 secs]274.482: [scrub string table, 0.0014077 secs][1 CMS-remark: 8992230K(24058304K)] 9824129K(25055104K), 0.1074626 secs] [Times: user=0.63 sys=0.00, real=0.11 secs] 
2014-04-07T18:14:21.091+0900: 274.491: [CMS-concurrent-sweep-start]
2014-04-07T18:14:21.314+0900: 274.714: [GC (Allocation Failure) 274.714: [ParNew: 996800K->110720K(996800K), 0.1908384 secs] 9987121K->9244271K(25055104K), 0.1910524 secs] [Times: user=1.11 sys=0.10, real=0.20 secs] 
2014-04-07T18:14:22.401+0900: 275.801: [GC (Allocation Failure) 275.801: [ParNew: 995976K->110720K(996800K), 0.1749978 secs] 10121341K->9376171K(25055104K), 0.1752245 secs] [Times: user=0.97 sys=0.10, real=0.18 secs] 
2014-04-07T18:14:22.724+0900: 276.124: [CMS-concurrent-sweep: 1.264/1.632 secs] [Times: user=5.42 sys=0.30, real=1.63 secs] 
2014-04-07T18:14:22.724+0900: 276.124: [CMS-concurrent-reset-start]
2014-04-07T18:14:22.804+0900: 276.204: [CMS-concurrent-reset: 0.080/0.080 secs] [Times: user=0.17 sys=0.00, real=0.08 secs] 
2014-04-07T18:14:23.913+0900: 277.313: [GC (Allocation Failure) 277.313: [ParNew: 996800K->110720K(996800K), 0.1876680 secs] 9917626K->9189251K(25055104K), 0.1878856 secs] [Times: user=1.07 sys=0.09, real=0.19 secs] 
2014-04-07T18:14:24.101+0900: 277.501: [GC (CMS Initial Mark) [1 CMS-initial-mark: 9078531K(24058304K)] 9191394K(25055104K), 0.0041065 secs] [Times: user=0.04 sys=0.00, real=0.01 secs] 
2014-04-07T18:14:24.105+0900: 277.506: [CMS-concurrent-mark-start]
2014-04-07T18:14:25.611+0900: 279.011: [CMS-concurrent-mark: 1.506/1.506 secs] [Times: user=6.05 sys=0.09, real=1.50 secs] 
2014-04-07T18:14:25.611+0900: 279.011: [CMS-concurrent-preclean-start]
2014-04-07T18:14:25.677+0900: 279.077: [CMS-concurrent-preclean: 0.066/0.066 secs] [Times: user=0.09 sys=0.00, real=0.07 secs] 
2014-04-07T18:14:25.677+0900: 279.078: [CMS-concurrent-abortable-preclean-start]
2014-04-07T18:14:26.199+0900: 279.599: [CMS-concurrent-abortable-preclean: 0.519/0.522 secs] [Times: user=1.58 sys=0.01, real=0.52 secs] 
2014-04-07T18:14:26.200+0900: 279.600: [GC (CMS Final Remark) [YG occupancy: 870906 K (996800 K)]279.600: [Rescan (parallel) , 0.0704190 secs]279.671: [weak refs processing, 0.0000617 secs]279.671: [class unloading, 0.0484240 secs]279.719: [scrub symbol table, 0.0048510 secs]279.724: [scrub string table, 0.0014150 secs][1 CMS-remark: 9078531K(24058304K)] 9949437K(25055104K), 0.1327566 secs] [Times: user=0.96 sys=0.00, real=0.13 secs] 
2014-04-07T18:14:26.334+0900: 279.734: [CMS-concurrent-sweep-start]
2014-04-07T18:14:26.421+0900: 279.821: [GC (Allocation Failure) 279.822: [ParNew: 996800K->102440K(996800K), 0.1851684 secs] 10075160K->9302584K(25055104K), 0.1853912 secs] [Times: user=0.90 sys=0.08, real=0.19 secs] 
2014-04-07T18:14:27.650+0900: 281.050: [CMS-concurrent-sweep: 1.129/1.316 secs] [Times: user=3.22 sys=0.08, real=1.32 secs] 
2014-04-07T18:14:27.650+0900: 281.050: [CMS-concurrent-reset-start]
2014-04-07T18:14:27.725+0900: 281.125: [CMS-concurrent-reset: 0.075/0.075 secs] [Times: user=0.08 sys=0.00, real=0.07 secs] 
2014-04-07T18:14:29.726+0900: 283.126: [GC (CMS Initial Mark) [1 CMS-initial-mark: 8777459K(24058304K)] 9287850K(25055104K), 0.0616813 secs] [Times: user=0.78 sys=0.00, real=0.07 secs] 
2014-04-07T18:14:29.788+0900: 283.188: [CMS-concurrent-mark-start]
2014-04-07T18:14:31.606+0900: 285.006: [CMS-concurrent-mark: 1.818/1.818 secs] [Times: user=7.04 sys=0.15, real=1.82 secs] 
2014-04-07T18:14:31.606+0900: 285.007: [CMS-concurrent-preclean-start]
2014-04-07T18:14:31.676+0900: 285.076: [CMS-concurrent-preclean: 0.069/0.069 secs] [Times: user=0.07 sys=0.00, real=0.06 secs] 
2014-04-07T18:14:31.676+0900: 285.076: [CMS-concurrent-abortable-preclean-start]
 CMS: abort preclean due to time 2014-04-07T18:14:36.990+0900: 290.390: [CMS-concurrent-abortable-preclean: 3.710/5.314 secs] [Times: user=3.75 sys=0.00, real=5.32 secs] 
2014-04-07T18:14:36.991+0900: 290.391: [GC (CMS Final Remark) [YG occupancy: 510724 K (996800 K)]290.391: [Rescan (parallel) , 0.0708167 secs]290.462: [weak refs processing, 0.0000617 secs]290.462: [class unloading, 0.0485897 secs]290.511: [scrub symbol table, 0.0048584 secs]290.516: [scrub string table, 0.0014131 secs][1 CMS-remark: 8777459K(24058304K)] 9288183K(25055104K), 0.1333383 secs] [Times: user=0.97 sys=0.00, real=0.13 secs] 
2014-04-07T18:14:37.125+0900: 290.525: [CMS-concurrent-sweep-start]
2014-04-07T18:14:38.262+0900: 291.662: [CMS-concurrent-sweep: 1.137/1.137 secs] [Times: user=1.14 sys=0.00, real=1.14 secs] 
2014-04-07T18:14:38.262+0900: 291.662: [CMS-concurrent-reset-start]
2014-04-07T18:14:38.337+0900: 291.737: [CMS-concurrent-reset: 0.075/0.075 secs] [Times: user=0.08 sys=0.00, real=0.07 secs] 
2014-04-07T18:14:38.811+0900: 292.211: [GC (Allocation Failure) 292.211: [ParNew: 988520K->64062K(996800K), 0.0409453 secs] 9704809K->8780352K(25055104K), 0.0411642 secs] [Times: user=0.51 sys=0.00, real=0.04 secs] 
2014-04-07T18:14:38.854+0900: 292.254: [GC (CMS Initial Mark) [1 CMS-initial-mark: 8716289K(24058304K)] 8782704K(25055104K), 0.0020626 secs] [Times: user=0.02 sys=0.00, real=0.00 secs] 
2014-04-07T18:14:38.857+0900: 292.257: [CMS-concurrent-mark-start]
2014-04-07T18:14:39.816+0900: 293.216: [CMS-concurrent-mark: 0.954/0.959 secs] [Times: user=5.75 sys=0.00, real=0.96 secs] 
2014-04-07T18:14:39.816+0900: 293.216: [CMS-concurrent-preclean-start]
2014-04-07T18:14:39.833+0900: 293.233: [GC (Allocation Failure) 293.233: [ParNew: 948946K->84145K(996800K), 0.0404212 secs] 9665236K->8800434K(25055104K), 0.0405800 secs] [Times: user=0.49 sys=0.00, real=0.04 secs] 
2014-04-07T18:14:39.927+0900: 293.327: [CMS-concurrent-preclean: 0.069/0.111 secs] [Times: user=0.72 sys=0.02, real=0.11 secs] 
2014-04-07T18:14:39.927+0900: 293.327: [CMS-concurrent-abortable-preclean-start]
2014-04-07T18:14:40.337+0900: 293.737: [CMS-concurrent-abortable-preclean: 0.406/0.409 secs] [Times: user=1.29 sys=0.06, real=0.41 secs] 
2014-04-07T18:14:40.338+0900: 293.738: [GC (CMS Final Remark) [YG occupancy: 866003 K (996800 K)]293.738: [Rescan (parallel) , 0.0329269 secs]293.771: [weak refs processing, 0.0000731 secs]293.771: [class unloading, 0.0485757 secs]293.820: [scrub symbol table, 0.0048610 secs]293.825: [scrub string table, 0.0014079 secs][1 CMS-remark: 8716289K(24058304K)] 9582293K(25055104K), 0.0954823 secs] [Times: user=0.48 sys=0.00, real=0.09 secs] 
2014-04-07T18:14:40.434+0900: 293.834: [CMS-concurrent-sweep-start]
2014-04-07T18:14:40.536+0900: 293.936: [GC (Allocation Failure) 293.936: [ParNew: 970225K->110720K(996800K), 0.1466517 secs] 9640220K->8888618K(25055104K), 0.1468378 secs] [Times: user=0.97 sys=0.05, real=0.15 secs] 
2014-04-07T18:14:41.723+0900: 295.123: [GC (Allocation Failure) 295.123: [ParNew: 996800K->110720K(996800K), 0.1220499 secs] 8492115K->7771365K(25055104K), 0.1222083 secs] [Times: user=1.07 sys=0.04, real=0.12 secs] 
2014-04-07T18:14:42.537+0900: 295.937: [CMS-concurrent-sweep: 1.832/2.103 secs] [Times: user=6.53 sys=0.25, real=2.10 secs] 
2014-04-07T18:14:42.537+0900: 295.937: [CMS-concurrent-reset-start]
2014-04-07T18:14:42.600+0900: 296.000: [CMS-concurrent-reset: 0.063/0.063 secs] [Times: user=0.13 sys=0.00, real=0.07 secs] 
2014-04-07T18:14:43.234+0900: 296.634: [GC (Allocation Failure) 296.634: [ParNew: 996800K->110720K(996800K), 0.1301731 secs] 7080354K->6328141K(25055104K), 0.1303339 secs] [Times: user=1.05 sys=0.05, real=0.13 secs] 
2014-04-07T18:14:44.116+0900: 297.516: [GC (Allocation Failure) 297.516: [ParNew: 996800K->110720K(996800K), 0.1329328 secs] 7214221K->6532624K(25055104K), 0.1331219 secs] [Times: user=1.13 sys=0.04, real=0.14 secs] 
2014-04-07T18:14:45.000+0900: 298.401: [GC (Allocation Failure) 298.401: [ParNew: 996800K->110720K(996800K), 0.1427124 secs] 7418704K->6737433K(25055104K), 0.1429000 secs] [Times: user=1.18 sys=0.06, real=0.14 secs] 
2014-04-07T18:14:45.866+0900: 299.266: [GC (Allocation Failure) 299.266: [ParNew: 996800K->110720K(996800K), 0.1239010 secs] 7623513K->6921779K(25055104K), 0.1240857 secs] [Times: user=1.11 sys=0.04, real=0.13 secs] 
2014-04-07T18:14:46.822+0900: 300.222: [GC (Allocation Failure) 300.222: [ParNew: 996800K->110720K(996800K), 0.2370744 secs] 7807859K->7152457K(25055104K), 0.2372624 secs] [Times: user=2.27 sys=0.06, real=0.24 secs] 
2014-04-07T18:14:47.766+0900: 301.166: [GC (Allocation Failure) 301.166: [ParNew: 996800K->110720K(996800K), 0.1411329 secs] 8038537K->7336238K(25055104K), 0.1413271 secs] [Times: user=1.31 sys=0.05, real=0.14 secs] 
2014-04-07T18:14:47.908+0900: 301.309: [GC (CMS Initial Mark) [1 CMS-initial-mark: 7225518K(24058304K)] 7338249K(25055104K), 0.0046641 secs] [Times: user=0.04 sys=0.00, real=0.00 secs] 
2014-04-07T18:14:47.913+0900: 301.313: [CMS-concurrent-mark-start]
2014-04-07T18:14:48.647+0900: 302.047: [GC (Allocation Failure) 302.048: [ParNew: 996800K->110720K(996800K), 0.1691510 secs] 8222318K->7533732K(25055104K), 0.1693133 secs] [Times: user=0.97 sys=0.08, real=0.17 secs] 
2014-04-07T18:14:49.230+0900: 302.630: [CMS-concurrent-mark: 1.147/1.317 secs] [Times: user=7.90 sys=0.24, real=1.32 secs] 
2014-04-07T18:14:49.230+0900: 302.630: [CMS-concurrent-preclean-start]
2014-04-07T18:14:49.650+0900: 303.050: [CMS-concurrent-preclean: 0.381/0.420 secs] [Times: user=0.86 sys=0.03, real=0.42 secs] 
2014-04-07T18:14:49.651+0900: 303.051: [GC (Allocation Failure) 303.051: [ParNew: 996800K->110720K(996800K), 0.2236817 secs] 8419812K->7695997K(25055104K), 0.2238356 secs] [Times: user=1.13 sys=0.11, real=0.22 secs] 
2014-04-07T18:14:49.875+0900: 303.275: [GC (CMS Final Remark) [YG occupancy: 113318 K (996800 K)]303.275: [Rescan (parallel) , 0.0372379 secs]303.313: [weak refs processing, 0.0001090 secs]303.313: [class unloading, 0.0458698 secs]303.359: [scrub symbol table, 0.0046278 secs]303.363: [scrub string table, 0.0013489 secs][1 CMS-remark: 7585277K(24058304K)] 7698596K(25055104K), 0.0962984 secs] [Times: user=0.53 sys=0.00, real=0.10 secs] 
2014-04-07T18:14:49.972+0900: 303.372: [CMS-concurrent-sweep-start]
2014-04-07T18:14:51.158+0900: 304.558: [CMS-concurrent-sweep: 1.186/1.186 secs] [Times: user=2.61 sys=0.09, real=1.18 secs] 
2014-04-07T18:14:51.158+0900: 304.558: [CMS-concurrent-reset-start]
2014-04-07T18:14:51.190+0900: 304.590: [GC (Allocation Failure) 304.590: [ParNew: 996800K->110720K(996800K), 0.1811985 secs] 8261481K->7516080K(25055104K), 0.1813572 secs] [Times: user=0.99 sys=0.08, real=0.18 secs] 
2014-04-07T18:14:51.413+0900: 304.813: [CMS-concurrent-reset: 0.073/0.255 secs] [Times: user=1.22 sys=0.08, real=0.26 secs] 
2014-04-07T18:14:52.634+0900: 306.034: [GC (Allocation Failure) 306.034: [ParNew: 996800K->110720K(996800K), 0.2318979 secs] 8402160K->7681288K(25055104K), 0.2320924 secs] [Times: user=1.11 sys=0.13, real=0.23 secs] 
2014-04-07T18:14:52.867+0900: 306.268: [GC (CMS Initial Mark) [1 CMS-initial-mark: 7570568K(24058304K)] 7683034K(25055104K), 0.0035907 secs] [Times: user=0.03 sys=0.00, real=0.01 secs] 
2014-04-07T18:14:52.871+0900: 306.271: [CMS-concurrent-mark-start]
2014-04-07T18:14:54.070+0900: 307.470: [CMS-concurrent-mark: 1.199/1.199 secs] [Times: user=6.10 sys=0.08, real=1.20 secs] 
2014-04-07T18:14:54.070+0900: 307.470: [CMS-concurrent-preclean-start]
2014-04-07T18:14:54.085+0900: 307.485: [GC (Allocation Failure) 307.485: [ParNew: 996800K->110720K(996800K), 0.1666879 secs] 8567368K->7828645K(25055104K), 0.1668652 secs] [Times: user=0.95 sys=0.08, real=0.17 secs] 
2014-04-07T18:14:54.318+0900: 307.719: [CMS-concurrent-preclean: 0.080/0.248 secs] [Times: user=1.20 sys=0.10, real=0.24 secs] 
2014-04-07T18:14:54.319+0900: 307.719: [CMS-concurrent-abortable-preclean-start]
2014-04-07T18:14:54.875+0900: 308.275: [CMS-concurrent-abortable-preclean: 0.527/0.556 secs] [Times: user=1.72 sys=0.07, real=0.56 secs] 
2014-04-07T18:14:54.875+0900: 308.276: [GC (Allocation Failure) 308.276: [ParNew: 996800K->110720K(996800K), 0.3179311 secs] 8714725K->8039155K(25055104K), 0.3181145 secs] [Times: user=2.06 sys=0.12, real=0.32 secs] 
2014-04-07T18:14:55.194+0900: 308.594: [GC (CMS Final Remark) [YG occupancy: 113005 K (996800 K)]308.594: [Rescan (parallel) , 0.0750294 secs]308.669: [weak refs processing, 0.0000705 secs]308.670: [class unloading, 0.0487565 secs]308.718: [scrub symbol table, 0.0048687 secs]308.723: [scrub string table, 0.0014102 secs][1 CMS-remark: 7928435K(24058304K)] 8041441K(25055104K), 0.1377583 secs] [Times: user=1.03 sys=0.00, real=0.14 secs] 
2014-04-07T18:14:55.332+0900: 308.732: [CMS-concurrent-sweep-start]
2014-04-07T18:14:56.068+0900: 309.468: [GC (Allocation Failure) 309.468: [ParNew: 991597K->110720K(996800K), 0.2956884 secs] 8919210K->8229726K(25055104K), 0.2958776 secs] [Times: user=2.26 sys=0.11, real=0.30 secs] 
2014-04-07T18:14:56.853+0900: 310.253: [CMS-concurrent-sweep: 1.224/1.521 secs] [Times: user=6.38 sys=0.28, real=1.52 secs] 
2014-04-07T18:14:56.853+0900: 310.254: [CMS-concurrent-reset-start]
2014-04-07T18:14:56.943+0900: 310.343: [CMS-concurrent-reset: 0.089/0.089 secs] [Times: user=0.29 sys=0.01, real=0.09 secs] 
2014-04-07T18:14:57.116+0900: 310.516: [GC (Allocation Failure) 310.517: [ParNew: 996800K->110720K(996800K), 0.2399347 secs] 8861058K->8178878K(25055104K), 0.2401357 secs] [Times: user=1.12 sys=0.12, real=0.24 secs] 
2014-04-07T18:14:57.357+0900: 310.757: [GC (CMS Initial Mark) [1 CMS-initial-mark: 8068158K(24058304K)] 8180040K(25055104K), 0.0043767 secs] [Times: user=0.04 sys=0.00, real=0.01 secs] 
2014-04-07T18:14:57.362+0900: 310.762: [CMS-concurrent-mark-start]
2014-04-07T18:14:58.139+0900: 311.539: [GC (Allocation Failure) 311.539: [ParNew: 996800K->110720K(996800K), 0.2342278 secs] 9064958K->8366299K(25055104K), 0.2344198 secs] [Times: user=1.14 sys=0.11, real=0.24 secs] 
2014-04-07T18:14:58.889+0900: 312.289: [CMS-concurrent-mark: 1.292/1.527 secs] [Times: user=9.02 sys=0.28, real=1.52 secs] 
2014-04-07T18:14:58.889+0900: 312.289: [CMS-concurrent-preclean-start]
2014-04-07T18:14:59.103+0900: 312.504: [GC (Allocation Failure) 312.504: [ParNew: 996797K->110720K(996800K), 0.2448256 secs] 9252376K->8539505K(25055104K), 0.2450041 secs] [Times: user=1.14 sys=0.10, real=0.24 secs] 
2014-04-07T18:14:59.705+0900: 313.105: [CMS-concurrent-preclean: 0.499/0.815 secs] [Times: user=2.61 sys=0.17, real=0.82 secs] 
2014-04-07T18:14:59.705+0900: 313.105: [CMS-concurrent-abortable-preclean-start]
2014-04-07T18:15:00.067+0900: 313.467: [CMS-concurrent-abortable-preclean: 0.361/0.362 secs] [Times: user=0.74 sys=0.02, real=0.36 secs] 
2014-04-07T18:15:00.068+0900: 313.468: [GC (CMS Final Remark) [YG occupancy: 586198 K (996800 K)]313.468: [Rescan (parallel) , 0.0366311 secs]313.505: [weak refs processing, 0.0000616 secs]313.505: [class unloading, 0.0487346 secs]313.554: [scrub symbol table, 0.0050244 secs]313.559: [scrub string table, 0.0014052 secs][1 CMS-remark: 8428785K(24058304K)] 9014983K(25055104K), 0.0995316 secs] [Times: user=0.53 sys=0.00, real=0.10 secs] 
2014-04-07T18:15:00.168+0900: 313.568: [CMS-concurrent-sweep-start]
2014-04-07T18:15:00.782+0900: 314.182: [GC (Allocation Failure) 314.182: [ParNew: 996800K->110720K(996800K), 0.2282510 secs] 9419021K->8724312K(25055104K), 0.2284364 secs] [Times: user=1.09 sys=0.12, real=0.23 secs] 
2014-04-07T18:15:01.647+0900: 315.047: [CMS-concurrent-sweep: 1.250/1.479 secs] [Times: user=3.66 sys=0.21, real=1.48 secs] 
2014-04-07T18:15:01.647+0900: 315.048: [CMS-concurrent-reset-start]
2014-04-07T18:15:01.729+0900: 315.129: [CMS-concurrent-reset: 0.082/0.082 secs] [Times: user=0.18 sys=0.02, real=0.08 secs] 
2014-04-07T18:15:02.380+0900: 315.780: [GC (Allocation Failure) 315.780: [ParNew: 996800K->110720K(996800K), 0.2524572 secs] 9455333K->8781097K(25055104K), 0.2526370 secs] [Times: user=1.11 sys=0.13, real=0.26 secs] 
2014-04-07T18:15:02.633+0900: 316.033: [GC (CMS Initial Mark) [1 CMS-initial-mark: 8670377K(24058304K)] 8783833K(25055104K), 0.0048678 secs] [Times: user=0.04 sys=0.00, real=0.00 secs] 
2014-04-07T18:15:02.638+0900: 316.038: [CMS-concurrent-mark-start]
2014-04-07T18:15:03.887+0900: 317.287: [GC (Allocation Failure) 317.287: [ParNew: 996784K->110720K(996800K), 0.2168711 secs] 9667162K->8960668K(25055104K), 0.2170289 secs] [Times: user=0.95 sys=0.10, real=0.22 secs] 
2014-04-07T18:15:04.176+0900: 317.576: [CMS-concurrent-mark: 1.320/1.538 secs] [Times: user=7.60 sys=0.18, real=1.54 secs] 
2014-04-07T18:15:04.176+0900: 317.576: [CMS-concurrent-preclean-start]
2014-04-07T18:15:04.602+0900: 318.002: [CMS-concurrent-preclean: 0.386/0.426 secs] [Times: user=0.88 sys=0.03, real=0.43 secs] 
2014-04-07T18:15:04.602+0900: 318.003: [CMS-concurrent-abortable-preclean-start]
2014-04-07T18:15:04.933+0900: 318.333: [CMS-concurrent-abortable-preclean: 0.330/0.330 secs] [Times: user=0.66 sys=0.02, real=0.33 secs] 
2014-04-07T18:15:04.934+0900: 318.334: [GC (CMS Final Remark) [YG occupancy: 678484 K (996800 K)]318.334: [Rescan (parallel) , 0.0385843 secs]318.373: [weak refs processing, 0.0000610 secs]318.373: [class unloading, 0.0487931 secs]318.422: [scrub symbol table, 0.0048583 secs]318.427: [scrub string table, 0.0014088 secs][1 CMS-remark: 8849948K(24058304K)] 9528432K(25055104K), 0.1013643 secs] [Times: user=0.56 sys=0.00, real=0.10 secs] 
2014-04-07T18:15:05.036+0900: 318.436: [CMS-concurrent-sweep-start]
2014-04-07T18:15:05.573+0900: 318.973: [GC (Allocation Failure) 318.973: [ParNew: 996009K->110720K(996800K), 0.2455929 secs] 9845460K->9110634K(25055104K), 0.2457768 secs] [Times: user=1.11 sys=0.12, real=0.24 secs] 
2014-04-07T18:15:06.503+0900: 319.904: [CMS-concurrent-sweep: 1.220/1.467 secs] [Times: user=3.62 sys=0.20, real=1.47 secs] 
2014-04-07T18:15:06.504+0900: 319.904: [CMS-concurrent-reset-start]
2014-04-07T18:15:06.594+0900: 319.994: [CMS-concurrent-reset: 0.090/0.090 secs] [Times: user=0.20 sys=0.01, real=0.09 secs] 
2014-04-07T18:15:07.159+0900: 320.559: [GC (Allocation Failure) 320.559: [ParNew: 996800K->110720K(996800K), 0.2750965 secs] 9725137K->8997713K(25055104K), 0.2752922 secs] [Times: user=1.10 sys=0.14, real=0.28 secs] 
2014-04-07T18:15:07.435+0900: 320.835: [GC (CMS Initial Mark) [1 CMS-initial-mark: 8886993K(24058304K)] 8998331K(25055104K), 0.0035186 secs] [Times: user=0.03 sys=0.00, real=0.00 secs] 
2014-04-07T18:15:07.439+0900: 320.839: [CMS-concurrent-mark-start]
2014-04-07T18:15:08.388+0900: 321.788: [GC (Allocation Failure) 321.788: [ParNew: 996800K->65201K(996800K), 0.1436667 secs] 9883793K->9042894K(25055104K), 0.1438198 secs] [Times: user=0.66 sys=0.05, real=0.15 secs] 
2014-04-07T18:15:09.010+0900: 322.411: [CMS-concurrent-mark: 1.427/1.572 secs] [Times: user=8.33 sys=0.05, real=1.57 secs] 
2014-04-07T18:15:09.011+0900: 322.411: [CMS-concurrent-preclean-start]
2014-04-07T18:15:09.173+0900: 322.573: [CMS-concurrent-preclean: 0.149/0.163 secs] [Times: user=0.17 sys=0.00, real=0.17 secs] 
2014-04-07T18:15:09.173+0900: 322.573: [CMS-concurrent-abortable-preclean-start]
2014-04-07T18:15:10.307+0900: 323.707: [CMS-concurrent-abortable-preclean: 0.633/1.133 secs] [Times: user=1.86 sys=0.00, real=1.13 secs] 
2014-04-07T18:15:10.308+0900: 323.708: [GC (CMS Final Remark) [YG occupancy: 594345 K (996800 K)]323.708: [Rescan (parallel) , 0.0673603 secs]323.776: [weak refs processing, 0.0000612 secs]323.776: [class unloading, 0.0487780 secs]323.825: [scrub symbol table, 0.0048751 secs]323.829: [scrub string table, 0.0014116 secs][1 CMS-remark: 8977693K(24058304K)] 9572038K(25055104K), 0.1301686 secs] [Times: user=0.91 sys=0.00, real=0.13 secs] 
2014-04-07T18:15:10.439+0900: 323.839: [CMS-concurrent-sweep-start]
2014-04-07T18:15:11.595+0900: 324.995: [CMS-concurrent-sweep: 1.152/1.156 secs] [Times: user=1.16 sys=0.00, real=1.16 secs] 
2014-04-07T18:15:11.595+0900: 324.995: [CMS-concurrent-reset-start]
2014-04-07T18:15:11.656+0900: 325.056: [CMS-concurrent-reset: 0.061/0.061 secs] [Times: user=0.06 sys=0.00, real=0.06 secs] 
2014-04-07T18:15:13.656+0900: 327.056: [GC (CMS Initial Mark) [1 CMS-initial-mark: 8772967K(24058304K)] 9428834K(25055104K), 0.0768009 secs] [Times: user=0.98 sys=0.00, real=0.08 secs] 
2014-04-07T18:15:13.734+0900: 327.134: [CMS-concurrent-mark-start]
2014-04-07T18:15:14.393+0900: 327.794: [CMS-concurrent-mark: 0.660/0.660 secs] [Times: user=2.64 sys=0.00, real=0.66 secs] 
2014-04-07T18:15:14.394+0900: 327.794: [CMS-concurrent-preclean-start]
2014-04-07T18:15:14.460+0900: 327.861: [CMS-concurrent-preclean: 0.067/0.067 secs] [Times: user=0.07 sys=0.00, real=0.06 secs] 
2014-04-07T18:15:14.461+0900: 327.861: [CMS-concurrent-abortable-preclean-start]
 CMS: abort preclean due to time 2014-04-07T18:15:19.541+0900: 332.941: [CMS-concurrent-abortable-preclean: 2.677/5.081 secs] [Times: user=2.69 sys=0.00, real=5.08 secs] 
2014-04-07T18:15:19.542+0900: 332.942: [GC (CMS Final Remark) [YG occupancy: 656000 K (996800 K)]332.942: [Rescan (parallel) , 0.0853169 secs]333.028: [weak refs processing, 0.0000752 secs]333.028: [class unloading, 0.0488202 secs]333.077: [scrub symbol table, 0.0048608 secs]333.082: [scrub string table, 0.0014066 secs][1 CMS-remark: 8772967K(24058304K)] 9428967K(25055104K), 0.1481352 secs] [Times: user=1.16 sys=0.00, real=0.15 secs] 
2014-04-07T18:15:19.691+0900: 333.091: [CMS-concurrent-sweep-start]
2014-04-07T18:15:21.559+0900: 334.959: [CMS-concurrent-sweep: 1.867/1.867 secs] [Times: user=1.87 sys=0.00, real=1.87 secs] 
2014-04-07T18:15:21.559+0900: 334.959: [CMS-concurrent-reset-start]
2014-04-07T18:15:21.620+0900: 335.020: [CMS-concurrent-reset: 0.061/0.061 secs] [Times: user=0.06 sys=0.00, real=0.06 secs] 
Heap
 par new generation   total 996800K, used 702399K [0x00000001c0000000, 0x0000000203990000, 0x0000000203990000)
  eden space 886080K,  71% used [0x00000001c0000000, 0x00000001e6e43920, 0x00000001f6150000)
  from space 110720K,  58% used [0x00000001f6150000, 0x00000001fa0fc460, 0x00000001fcd70000)
  to   space 110720K,   0% used [0x00000001fcd70000, 0x00000001fcd70000, 0x0000000203990000)
 concurrent mark-sweep generation total 24058304K, used 4432909K [0x0000000203990000, 0x00000007c0000000, 0x00000007c0000000)
 Metaspace       used 37854K, capacity 38629K, committed 38964K, reserved 1083392K
  class space    used 5723K, capacity 5910K, committed 5980K, reserved 1048576K
