Java HotSpot(TM) 64-Bit Server VM (25.0-b70) for linux-amd64 JRE (1.8.0-b132), built on Mar  4 2014 03:07:25 by "java_re" with gcc 4.3.0 20080428 (Red Hat 4.3.0-8)
Memory: 4k page, physical 32865776k(30187400k free), swap 2047992k(2047992k free)
CommandLine flags: -XX:CMSInitiatingOccupancyFraction=30 -XX:InitialHeapSize=25769803776 -XX:MaxHeapSize=25769803776 -XX:MaxNewSize=1134141440 -XX:MaxTenuringThreshold=6 -XX:NewSize=1134141440 -XX:OldPLABSize=16 -XX:OldSize=2268282880 -XX:+PrintGC -XX:+PrintGCDateStamps -XX:+PrintGCDetails -XX:+PrintGCTimeStamps -XX:ThreadStackSize=2048 -XX:+UseCompressedClassPointers -XX:+UseCompressedOops -XX:+UseConcMarkSweepGC -XX:+UseParNewGC 
2014-04-07T18:18:14.378+0900: 2.250: [GC (CMS Initial Mark) [1 CMS-initial-mark: 0K(24058304K)] 194938K(25055104K), 0.0904158 secs] [Times: user=0.10 sys=0.00, real=0.09 secs] 
2014-04-07T18:18:14.469+0900: 2.341: [CMS-concurrent-mark-start]
2014-04-07T18:18:14.477+0900: 2.349: [CMS-concurrent-mark: 0.008/0.008 secs] [Times: user=0.06 sys=0.01, real=0.01 secs] 
2014-04-07T18:18:14.477+0900: 2.349: [CMS-concurrent-preclean-start]
2014-04-07T18:18:14.588+0900: 2.460: [CMS-concurrent-preclean: 0.111/0.111 secs] [Times: user=0.25 sys=0.00, real=0.11 secs] 
2014-04-07T18:18:14.589+0900: 2.461: [CMS-concurrent-abortable-preclean-start]
 CMS: abort preclean due to time 2014-04-07T18:18:19.742+0900: 7.614: [CMS-concurrent-abortable-preclean: 3.809/5.153 secs] [Times: user=6.55 sys=0.15, real=5.16 secs] 
2014-04-07T18:18:19.743+0900: 7.615: [GC (CMS Final Remark) [YG occupancy: 390006 K (996800 K)]7.615: [Rescan (parallel) , 0.1514688 secs]7.766: [weak refs processing, 0.0000590 secs]7.766: [class unloading, 0.0248512 secs]7.791: [scrub symbol table, 0.0043498 secs]7.796: [scrub string table, 0.0010455 secs][1 CMS-remark: 0K(24058304K)] 390006K(25055104K), 0.1871482 secs] [Times: user=1.95 sys=0.01, real=0.18 secs] 
2014-04-07T18:18:19.930+0900: 7.802: [CMS-concurrent-sweep-start]
2014-04-07T18:18:19.930+0900: 7.802: [CMS-concurrent-sweep: 0.000/0.000 secs] [Times: user=0.00 sys=0.00, real=0.00 secs] 
2014-04-07T18:18:19.930+0900: 7.802: [CMS-concurrent-reset-start]
2014-04-07T18:18:20.050+0900: 7.922: [CMS-concurrent-reset: 0.120/0.120 secs] [Times: user=0.22 sys=0.09, real=0.12 secs] 
2014-04-07T18:18:20.720+0900: 8.592: [GC (Allocation Failure) 8.592: [ParNew: 886080K->20123K(996800K), 0.0731905 secs] 886080K->20123K(25055104K), 0.0733415 secs] [Times: user=0.76 sys=0.07, real=0.08 secs] 
2014-04-07T18:18:24.565+0900: 12.438: [GC (Allocation Failure) 12.438: [ParNew: 906203K->72059K(996800K), 0.1084785 secs] 906203K->72059K(25055104K), 0.1088115 secs] [Times: user=1.34 sys=0.05, real=0.11 secs] 
2014-04-07T18:18:25.727+0900: 13.599: [GC (Allocation Failure) 13.599: [ParNew: 958139K->110720K(996800K), 0.6080981 secs] 958139K->255732K(25055104K), 0.6084497 secs] [Times: user=3.52 sys=0.29, real=0.61 secs] 
2014-04-07T18:18:27.484+0900: 15.356: [GC (Allocation Failure) 15.356: [ParNew: 996800K->110720K(996800K), 0.3823874 secs] 1141812K->409141K(25055104K), 0.3828134 secs] [Times: user=3.07 sys=0.14, real=0.38 secs] 
2014-04-07T18:18:28.786+0900: 16.658: [GC (Allocation Failure) 16.658: [ParNew: 996800K->110720K(996800K), 0.2742818 secs] 1295221K->532507K(25055104K), 0.2746405 secs] [Times: user=2.12 sys=0.15, real=0.27 secs] 
2014-04-07T18:18:29.758+0900: 17.630: [GC (Allocation Failure) 17.630: [ParNew: 996800K->110720K(996800K), 0.2543268 secs] 1418587K->648512K(25055104K), 0.2546830 secs] [Times: user=1.66 sys=0.13, real=0.26 secs] 
2014-04-07T18:18:30.679+0900: 18.551: [GC (Allocation Failure) 18.551: [ParNew: 996800K->110720K(996800K), 0.2750500 secs] 1534592K->772642K(25055104K), 0.2754368 secs] [Times: user=1.74 sys=0.13, real=0.28 secs] 
2014-04-07T18:18:31.627+0900: 19.499: [GC (Allocation Failure) 19.499: [ParNew: 996800K->110720K(996800K), 0.2791055 secs] 1658722K->900755K(25055104K), 0.2794758 secs] [Times: user=1.75 sys=0.17, real=0.28 secs] 
2014-04-07T18:18:32.590+0900: 20.462: [GC (Allocation Failure) 20.462: [ParNew: 996800K->110720K(996800K), 0.2655347 secs] 1786835K->1026850K(25055104K), 0.2659118 secs] [Times: user=1.88 sys=0.13, real=0.27 secs] 
2014-04-07T18:18:33.518+0900: 21.390: [GC (Allocation Failure) 21.390: [ParNew: 996800K->110720K(996800K), 0.2705251 secs] 1912930K->1167080K(25055104K), 0.2708889 secs] [Times: user=1.47 sys=0.20, real=0.27 secs] 
2014-04-07T18:18:34.495+0900: 22.367: [GC (Allocation Failure) 22.367: [ParNew: 996800K->110720K(996800K), 0.2696868 secs] 2053160K->1291348K(25055104K), 0.2700497 secs] [Times: user=1.68 sys=0.17, real=0.27 secs] 
2014-04-07T18:18:35.427+0900: 23.299: [GC (Allocation Failure) 23.300: [ParNew: 996800K->110720K(996800K), 0.2783046 secs] 2177428K->1418541K(25055104K), 0.2786710 secs] [Times: user=1.71 sys=0.14, real=0.28 secs] 
2014-04-07T18:18:36.388+0900: 24.260: [GC (Allocation Failure) 24.260: [ParNew: 996454K->110720K(996800K), 0.2766881 secs] 2304276K->1546634K(25055104K), 0.2770525 secs] [Times: user=1.67 sys=0.13, real=0.28 secs] 
2014-04-07T18:18:37.341+0900: 25.214: [GC (Allocation Failure) 25.214: [ParNew: 996800K->110720K(996800K), 0.2754866 secs] 2432714K->1678581K(25055104K), 0.2758557 secs] [Times: user=1.71 sys=0.14, real=0.28 secs] 
2014-04-07T18:18:38.294+0900: 26.166: [GC (Allocation Failure) 26.166: [ParNew: 996800K->110720K(996800K), 0.2883247 secs] 2564661K->1816441K(25055104K), 0.2886902 secs] [Times: user=1.74 sys=0.16, real=0.28 secs] 
2014-04-07T18:18:39.265+0900: 27.137: [GC (Allocation Failure) 27.137: [ParNew: 996800K->110720K(996800K), 0.2743851 secs] 2702521K->1945388K(25055104K), 0.2747459 secs] [Times: user=1.72 sys=0.15, real=0.27 secs] 
2014-04-07T18:18:40.225+0900: 28.097: [GC (Allocation Failure) 28.097: [ParNew: 996800K->110720K(996800K), 0.2705590 secs] 2831468K->2072620K(25055104K), 0.2709208 secs] [Times: user=1.70 sys=0.13, real=0.27 secs] 
2014-04-07T18:18:41.166+0900: 29.038: [GC (Allocation Failure) 29.038: [ParNew: 996800K->110720K(996800K), 0.2759295 secs] 2958700K->2201318K(25055104K), 0.2762971 secs] [Times: user=1.70 sys=0.15, real=0.27 secs] 
2014-04-07T18:18:42.096+0900: 29.968: [GC (Allocation Failure) 29.968: [ParNew: 996800K->110720K(996800K), 0.2510197 secs] 3087398K->2328599K(25055104K), 0.2513844 secs] [Times: user=1.42 sys=0.14, real=0.25 secs] 
2014-04-07T18:18:43.008+0900: 30.880: [GC (Allocation Failure) 30.880: [ParNew: 996800K->110720K(996800K), 0.2818181 secs] 3214679K->2466168K(25055104K), 0.2821705 secs] [Times: user=1.69 sys=0.16, real=0.28 secs] 
2014-04-07T18:18:43.948+0900: 31.820: [GC (Allocation Failure) 31.821: [ParNew: 996800K->110720K(996800K), 0.2681777 secs] 3352248K->2591271K(25055104K), 0.2685520 secs] [Times: user=1.64 sys=0.14, real=0.27 secs] 
2014-04-07T18:18:44.884+0900: 32.756: [GC (Allocation Failure) 32.756: [ParNew: 996800K->110720K(996800K), 0.2577000 secs] 3477351K->2723151K(25055104K), 0.2580609 secs] [Times: user=1.42 sys=0.13, real=0.26 secs] 
2014-04-07T18:18:45.805+0900: 33.677: [GC (Allocation Failure) 33.677: [ParNew: 996800K->110720K(996800K), 0.2732466 secs] 3609231K->2851604K(25055104K), 0.2736125 secs] [Times: user=1.72 sys=0.13, real=0.27 secs] 
2014-04-07T18:18:46.764+0900: 34.636: [GC (Allocation Failure) 34.636: [ParNew: 996800K->110720K(996800K), 0.2946585 secs] 3737684K->2998760K(25055104K), 0.2950216 secs] [Times: user=1.71 sys=0.17, real=0.30 secs] 
2014-04-07T18:18:47.732+0900: 35.604: [GC (Allocation Failure) 35.604: [ParNew: 996800K->110720K(996800K), 0.2554499 secs] 3884840K->3124047K(25055104K), 0.2558179 secs] [Times: user=1.66 sys=0.13, real=0.26 secs] 
2014-04-07T18:18:48.650+0900: 36.523: [GC (Allocation Failure) 36.523: [ParNew: 996800K->110720K(996800K), 0.2742992 secs] 4010127K->3251535K(25055104K), 0.2746762 secs] [Times: user=1.65 sys=0.14, real=0.27 secs] 
2014-04-07T18:18:49.587+0900: 37.459: [GC (Allocation Failure) 37.459: [ParNew: 996800K->110720K(996800K), 0.2737013 secs] 4137615K->3378506K(25055104K), 0.2740623 secs] [Times: user=1.66 sys=0.14, real=0.27 secs] 
2014-04-07T18:18:50.523+0900: 38.395: [GC (Allocation Failure) 38.395: [ParNew: 996800K->110720K(996800K), 0.2924049 secs] 4264586K->3516832K(25055104K), 0.2927870 secs] [Times: user=1.70 sys=0.17, real=0.30 secs] 
2014-04-07T18:18:51.473+0900: 39.345: [GC (Allocation Failure) 39.345: [ParNew: 996800K->110720K(996800K), 0.2433496 secs] 4402912K->3642047K(25055104K), 0.2437015 secs] [Times: user=1.38 sys=0.17, real=0.25 secs] 
2014-04-07T18:18:52.390+0900: 40.262: [GC (Allocation Failure) 40.262: [ParNew: 996778K->110720K(996800K), 0.2480036 secs] 4528105K->3769209K(25055104K), 0.2483733 secs] [Times: user=1.38 sys=0.16, real=0.25 secs] 
2014-04-07T18:18:53.307+0900: 41.179: [GC (Allocation Failure) 41.179: [ParNew: 996800K->110720K(996800K), 0.2918049 secs] 4655289K->3906250K(25055104K), 0.2921611 secs] [Times: user=1.69 sys=0.16, real=0.29 secs] 
2014-04-07T18:18:54.241+0900: 42.113: [GC (Allocation Failure) 42.113: [ParNew: 996800K->110720K(996800K), 0.2600975 secs] 4792330K->4031551K(25055104K), 0.2604685 secs] [Times: user=1.61 sys=0.14, real=0.26 secs] 
2014-04-07T18:18:55.150+0900: 43.022: [GC (Allocation Failure) 43.022: [ParNew: 996800K->110720K(996800K), 0.2687282 secs] 4917631K->4158077K(25055104K), 0.2690935 secs] [Times: user=1.64 sys=0.13, real=0.27 secs] 
2014-04-07T18:18:56.068+0900: 43.940: [GC (Allocation Failure) 43.940: [ParNew: 996738K->110720K(996800K), 0.2653874 secs] 5044096K->4295124K(25055104K), 0.2657512 secs] [Times: user=1.43 sys=0.15, real=0.26 secs] 
2014-04-07T18:18:57.009+0900: 44.881: [GC (Allocation Failure) 44.882: [ParNew: 996800K->110720K(996800K), 0.2702133 secs] 5181204K->4422946K(25055104K), 0.2705687 secs] [Times: user=1.61 sys=0.14, real=0.27 secs] 
2014-04-07T18:18:57.946+0900: 45.819: [GC (Allocation Failure) 45.819: [ParNew: 996800K->110720K(996800K), 0.2462559 secs] 5309026K->4550846K(25055104K), 0.2466219 secs] [Times: user=1.39 sys=0.14, real=0.24 secs] 
2014-04-07T18:18:58.851+0900: 46.723: [GC (Allocation Failure) 46.723: [ParNew: 996800K->110720K(996800K), 0.2655921 secs] 5436926K->4677071K(25055104K), 0.2659461 secs] [Times: user=1.66 sys=0.13, real=0.26 secs] 
2014-04-07T18:18:59.780+0900: 47.652: [GC (Allocation Failure) 47.652: [ParNew: 996800K->110720K(996800K), 0.2824268 secs] 5563151K->4814757K(25055104K), 0.2827820 secs] [Times: user=1.63 sys=0.15, real=0.28 secs] 
2014-04-07T18:19:00.730+0900: 48.602: [GC (Allocation Failure) 48.602: [ParNew: 996800K->110720K(996800K), 0.2687957 secs] 5700837K->4945021K(25055104K), 0.2691529 secs] [Times: user=1.63 sys=0.13, real=0.27 secs] 
2014-04-07T18:19:01.677+0900: 49.549: [GC (Allocation Failure) 49.549: [ParNew: 996800K->110720K(996800K), 0.2673542 secs] 5831101K->5073100K(25055104K), 0.2677206 secs] [Times: user=1.63 sys=0.14, real=0.27 secs] 
2014-04-07T18:19:02.611+0900: 50.483: [GC (Allocation Failure) 50.483: [ParNew: 996800K->110720K(996800K), 0.2786353 secs] 5959180K->5206799K(25055104K), 0.2789856 secs] [Times: user=1.64 sys=0.17, real=0.28 secs] 
2014-04-07T18:19:03.549+0900: 51.422: [GC (Allocation Failure) 51.422: [ParNew: 996800K->110720K(996800K), 0.2786378 secs] 6092879K->5344783K(25055104K), 0.2790073 secs] [Times: user=1.62 sys=0.17, real=0.28 secs] 
2014-04-07T18:19:04.485+0900: 52.357: [GC (Allocation Failure) 52.357: [ParNew: 996800K->110720K(996800K), 0.2608300 secs] 6230863K->5466348K(25055104K), 0.2611864 secs] [Times: user=1.55 sys=0.15, real=0.26 secs] 
2014-04-07T18:19:05.437+0900: 53.309: [GC (Allocation Failure) 53.309: [ParNew: 996800K->110720K(996800K), 0.3023937 secs] 6352428K->5615545K(25055104K), 0.3027815 secs] [Times: user=1.84 sys=0.14, real=0.31 secs] 
2014-04-07T18:19:06.407+0900: 54.279: [GC (Allocation Failure) 54.279: [ParNew: 996799K->110720K(996800K), 0.2414857 secs] 6501625K->5743063K(25055104K), 0.2418609 secs] [Times: user=1.78 sys=0.11, real=0.25 secs] 
2014-04-07T18:19:07.309+0900: 55.181: [GC (Allocation Failure) 55.181: [ParNew: 996800K->110720K(996800K), 0.2794038 secs] 6629143K->5879783K(25055104K), 0.2797854 secs] [Times: user=1.60 sys=0.17, real=0.28 secs] 
2014-04-07T18:19:08.256+0900: 56.128: [GC (Allocation Failure) 56.128: [ParNew: 996800K->110720K(996800K), 0.2396215 secs] 6765863K->6005598K(25055104K), 0.2399949 secs] [Times: user=1.36 sys=0.12, real=0.24 secs] 
2014-04-07T18:19:09.160+0900: 57.032: [GC (Allocation Failure) 57.032: [ParNew: 996800K->110720K(996800K), 0.2665711 secs] 6891678K->6135004K(25055104K), 0.2669797 secs] [Times: user=1.52 sys=0.17, real=0.26 secs] 
2014-04-07T18:19:10.099+0900: 57.971: [GC (Allocation Failure) 57.971: [ParNew: 996800K->110720K(996800K), 0.2682511 secs] 7021084K->6263564K(25055104K), 0.2686148 secs] [Times: user=1.59 sys=0.16, real=0.26 secs] 
2014-04-07T18:19:11.025+0900: 58.897: [GC (Allocation Failure) 58.897: [ParNew: 996800K->110720K(996800K), 0.2768180 secs] 7149644K->6398956K(25055104K), 0.2771832 secs] [Times: user=1.58 sys=0.17, real=0.28 secs] 
2014-04-07T18:19:11.979+0900: 59.851: [GC (Allocation Failure) 59.851: [ParNew: 996800K->110720K(996800K), 0.2612950 secs] 7285036K->6521999K(25055104K), 0.2616608 secs] [Times: user=1.57 sys=0.14, real=0.26 secs] 
2014-04-07T18:19:12.906+0900: 60.779: [GC (Allocation Failure) 60.779: [ParNew: 996800K->110720K(996800K), 0.2688072 secs] 7408079K->6650202K(25055104K), 0.2691595 secs] [Times: user=1.60 sys=0.11, real=0.27 secs] 
2014-04-07T18:19:13.846+0900: 61.718: [GC (Allocation Failure) 61.718: [ParNew: 996800K->110720K(996800K), 0.2663801 secs] 7536282K->6781890K(25055104K), 0.2667525 secs] [Times: user=1.52 sys=0.16, real=0.27 secs] 
2014-04-07T18:19:14.776+0900: 62.649: [GC (Allocation Failure) 62.649: [ParNew: 996800K->110720K(996800K), 0.2754855 secs] 7667970K->6924373K(25055104K), 0.2758616 secs] [Times: user=1.56 sys=0.13, real=0.28 secs] 
2014-04-07T18:19:15.705+0900: 63.577: [GC (Allocation Failure) 63.578: [ParNew: 996800K->110720K(996800K), 0.2556780 secs] 7810453K->7050071K(25055104K), 0.2560557 secs] [Times: user=1.51 sys=0.14, real=0.26 secs] 
2014-04-07T18:19:16.618+0900: 64.490: [GC (Allocation Failure) 64.490: [ParNew: 996800K->110720K(996800K), 0.2711617 secs] 7936151K->7177358K(25055104K), 0.2715236 secs] [Times: user=1.56 sys=0.14, real=0.28 secs] 
2014-04-07T18:19:17.557+0900: 65.429: [GC (Allocation Failure) 65.430: [ParNew: 996800K->110720K(996800K), 0.2759700 secs] 8063438K->7312367K(25055104K), 0.2763514 secs] [Times: user=1.55 sys=0.13, real=0.28 secs] 
2014-04-07T18:19:18.502+0900: 66.374: [GC (Allocation Failure) 66.374: [ParNew: 996800K->110720K(996800K), 0.2699133 secs] 8198447K->7444031K(25055104K), 0.2702898 secs] [Times: user=1.55 sys=0.15, real=0.27 secs] 
2014-04-07T18:19:18.774+0900: 66.646: [GC (CMS Initial Mark) [1 CMS-initial-mark: 7333311K(24058304K)] 7444347K(25055104K), 0.0087030 secs] [Times: user=0.08 sys=0.00, real=0.01 secs] 
2014-04-07T18:19:18.783+0900: 66.655: [CMS-concurrent-mark-start]
2014-04-07T18:19:19.553+0900: 67.425: [CMS-concurrent-mark: 0.770/0.770 secs] [Times: user=7.48 sys=1.56, real=0.77 secs] 
2014-04-07T18:19:19.553+0900: 67.425: [CMS-concurrent-preclean-start]
2014-04-07T18:19:19.666+0900: 67.538: [GC (Allocation Failure) 67.538: [ParNew: 996800K->110720K(996800K), 0.2714047 secs] 8330111K->7573058K(25055104K), 0.2717947 secs] [Times: user=1.64 sys=0.13, real=0.27 secs] 
2014-04-07T18:19:20.140+0900: 68.012: [CMS-concurrent-preclean: 0.312/0.587 secs] [Times: user=4.21 sys=1.00, real=0.59 secs] 
2014-04-07T18:19:20.140+0900: 68.012: [CMS-concurrent-abortable-preclean-start]
2014-04-07T18:19:20.635+0900: 68.507: [GC (Allocation Failure) 68.507: [ParNew: 996800K->110720K(996800K), 0.2643982 secs] 8459138K->7700665K(25055104K), 0.2648368 secs] [Times: user=1.56 sys=0.14, real=0.26 secs] 
2014-04-07T18:19:21.534+0900: 69.406: [CMS-concurrent-abortable-preclean: 1.067/1.394 secs] [Times: user=10.82 sys=3.02, real=1.39 secs] 
2014-04-07T18:19:21.535+0900: 69.407: [GC (CMS Final Remark) [YG occupancy: 904136 K (996800 K)]69.408: [Rescan (parallel) , 0.0931130 secs]69.501: [weak refs processing, 0.0020037 secs]69.503: [class unloading, 0.0532661 secs]69.556: [scrub symbol table, 0.0048273 secs]69.561: [scrub string table, 0.0014335 secs][1 CMS-remark: 7589945K(24058304K)] 8494081K(25055104K), 0.1651372 secs] [Times: user=1.27 sys=0.00, real=0.17 secs] 
2014-04-07T18:19:21.701+0900: 69.573: [CMS-concurrent-sweep-start]
2014-04-07T18:19:21.773+0900: 69.645: [GC (Allocation Failure) 69.645: [ParNew: 996800K->110720K(996800K), 0.3000860 secs] 8555694K->7799227K(25055104K), 0.3004608 secs] [Times: user=1.61 sys=0.16, real=0.30 secs] 
2014-04-07T18:19:22.782+0900: 70.654: [GC (Allocation Failure) 70.654: [ParNew: 996800K->110720K(996800K), 0.2070047 secs] 8222600K->7467647K(25055104K), 0.2073882 secs] [Times: user=1.36 sys=0.10, real=0.20 secs] 
2014-04-07T18:19:23.716+0900: 71.588: [GC (Allocation Failure) 71.588: [ParNew: 996800K->110720K(996800K), 0.1912241 secs] 7898645K->7138432K(25055104K), 0.1915954 secs] [Times: user=1.25 sys=0.09, real=0.19 secs] 
2014-04-07T18:19:24.626+0900: 72.498: [GC (Allocation Failure) 72.498: [ParNew: 996800K->110720K(996800K), 0.2093951 secs] 7566144K->6807290K(25055104K), 0.2097651 secs] [Times: user=1.48 sys=0.09, real=0.21 secs] 
2014-04-07T18:19:25.558+0900: 73.430: [GC (Allocation Failure) 73.430: [ParNew: 996800K->110720K(996800K), 0.2212493 secs] 7231826K->6481829K(25055104K), 0.2216192 secs] [Times: user=1.59 sys=0.08, real=0.22 secs] 
2014-04-07T18:19:26.504+0900: 74.376: [GC (Allocation Failure) 74.377: [ParNew: 996800K->110720K(996800K), 0.2103920 secs] 6920756K->6160949K(25055104K), 0.2107676 secs] [Times: user=1.59 sys=0.08, real=0.21 secs] 
2014-04-07T18:19:27.202+0900: 75.074: [CMS-concurrent-sweep: 4.149/5.501 secs] [Times: user=43.54 sys=11.43, real=5.50 secs] 
2014-04-07T18:19:27.202+0900: 75.074: [CMS-concurrent-reset-start]
2014-04-07T18:19:27.297+0900: 75.169: [CMS-concurrent-reset: 0.095/0.095 secs] [Times: user=0.84 sys=0.24, real=0.09 secs] 
2014-04-07T18:19:27.419+0900: 75.291: [GC (Allocation Failure) 75.291: [ParNew: 996800K->110720K(996800K), 0.2437132 secs] 6844047K->6087152K(25055104K), 0.2440816 secs] [Times: user=1.52 sys=0.12, real=0.25 secs] 
2014-04-07T18:19:28.327+0900: 76.199: [GC (Allocation Failure) 76.199: [ParNew: 996800K->110720K(996800K), 0.2627343 secs] 6973232K->6213834K(25055104K), 0.2630887 secs] [Times: user=1.51 sys=0.14, real=0.26 secs] 
2014-04-07T18:19:29.243+0900: 77.115: [GC (Allocation Failure) 77.115: [ParNew: 996800K->110720K(996800K), 0.2789775 secs] 7099914K->6350711K(25055104K), 0.2793354 secs] [Times: user=1.59 sys=0.14, real=0.28 secs] 
2014-04-07T18:19:30.215+0900: 78.087: [GC (Allocation Failure) 78.087: [ParNew: 996800K->110720K(996800K), 0.2708127 secs] 7236791K->6475986K(25055104K), 0.2711718 secs] [Times: user=1.56 sys=0.12, real=0.27 secs] 
2014-04-07T18:19:31.153+0900: 79.025: [GC (Allocation Failure) 79.025: [ParNew: 996800K->110720K(996800K), 0.2820399 secs] 7362066K->6604095K(25055104K), 0.2824042 secs] [Times: user=1.61 sys=0.14, real=0.28 secs] 
2014-04-07T18:19:32.094+0900: 79.966: [GC (Allocation Failure) 79.966: [ParNew: 996800K->110720K(996800K), 0.2739139 secs] 7490175K->6731542K(25055104K), 0.2742675 secs] [Times: user=1.52 sys=0.14, real=0.27 secs] 
2014-04-07T18:19:33.037+0900: 80.909: [GC (Allocation Failure) 80.909: [ParNew: 996800K->110720K(996800K), 0.2802690 secs] 7617622K->6861435K(25055104K), 0.2806299 secs] [Times: user=1.54 sys=0.13, real=0.28 secs] 
2014-04-07T18:19:33.986+0900: 81.858: [GC (Allocation Failure) 81.859: [ParNew: 996800K->110720K(996800K), 0.2892937 secs] 7747515K->6999456K(25055104K), 0.2896519 secs] [Times: user=1.61 sys=0.15, real=0.29 secs] 
2014-04-07T18:19:34.950+0900: 82.822: [GC (Allocation Failure) 82.822: [ParNew: 996800K->110720K(996800K), 0.2841860 secs] 7885536K->7132092K(25055104K), 0.2845512 secs] [Times: user=1.58 sys=0.12, real=0.29 secs] 
2014-04-07T18:19:35.915+0900: 83.787: [GC (Allocation Failure) 83.787: [ParNew: 996800K->110720K(996800K), 0.2752866 secs] 8018172K->7259937K(25055104K), 0.2756409 secs] [Times: user=1.52 sys=0.15, real=0.27 secs] 
2014-04-07T18:19:36.869+0900: 84.741: [GC (Allocation Failure) 84.741: [ParNew: 996800K->110720K(996800K), 0.2770280 secs] 8146017K->7387917K(25055104K), 0.2773829 secs] [Times: user=1.56 sys=0.16, real=0.28 secs] 
2014-04-07T18:19:37.148+0900: 85.020: [GC (CMS Initial Mark) [1 CMS-initial-mark: 7277197K(24058304K)] 7388815K(25055104K), 0.0087934 secs] [Times: user=0.08 sys=0.00, real=0.01 secs] 
2014-04-07T18:19:37.158+0900: 85.030: [CMS-concurrent-mark-start]
2014-04-07T18:19:38.058+0900: 85.930: [GC (Allocation Failure) 85.930: [ParNew: 996800K->110720K(996800K), 0.3018440 secs] 8273997K->7518829K(25055104K), 0.3022063 secs] [Times: user=1.66 sys=0.16, real=0.30 secs] 
2014-04-07T18:19:38.610+0900: 86.482: [CMS-concurrent-mark: 1.148/1.452 secs] [Times: user=12.78 sys=2.57, real=1.45 secs] 
2014-04-07T18:19:38.610+0900: 86.482: [CMS-concurrent-preclean-start]
2014-04-07T18:19:39.130+0900: 87.003: [GC (Allocation Failure) 87.003: [ParNew: 996800K->110720K(996800K), 0.3274313 secs] 8404909K->7655072K(25055104K), 0.3277851 secs] [Times: user=1.60 sys=0.18, real=0.33 secs] 
2014-04-07T18:19:39.555+0900: 87.427: [CMS-concurrent-preclean: 0.578/0.945 secs] [Times: user=6.63 sys=1.84, real=0.95 secs] 
2014-04-07T18:19:39.555+0900: 87.427: [CMS-concurrent-abortable-preclean-start]
2014-04-07T18:19:40.180+0900: 88.052: [GC (Allocation Failure) 88.052: [ParNew: 996800K->110720K(996800K), 0.3070334 secs] 8541152K->7783072K(25055104K), 0.3073880 secs] [Times: user=1.60 sys=0.16, real=0.31 secs] 
2014-04-07T18:19:41.241+0900: 89.113: [CMS-concurrent-abortable-preclean: 1.306/1.685 secs] [Times: user=12.93 sys=3.57, real=1.68 secs] 
2014-04-07T18:19:41.242+0900: 89.114: [GC (Allocation Failure) 89.114: [ParNew: 996800K->110720K(996800K), 0.3257068 secs] 8669152K->7912632K(25055104K), 0.3260511 secs] [Times: user=1.69 sys=0.20, real=0.33 secs] 
2014-04-07T18:19:41.570+0900: 89.442: [GC (CMS Final Remark) [YG occupancy: 110862 K (996800 K)]89.442: [Rescan (parallel) , 0.0420405 secs]89.484: [weak refs processing, 0.0002040 secs]89.484: [class unloading, 0.0398515 secs]89.524: [scrub symbol table, 0.0044681 secs]89.528: [scrub string table, 0.0012475 secs][1 CMS-remark: 7801912K(24058304K)] 7912774K(25055104K), 0.0944758 secs] [Times: user=0.59 sys=0.00, real=0.10 secs] 
2014-04-07T18:19:41.665+0900: 89.537: [CMS-concurrent-sweep-start]
2014-04-07T18:19:42.381+0900: 90.253: [GC (Allocation Failure) 90.253: [ParNew: 996800K->110720K(996800K), 0.2353242 secs] 8550349K->7794309K(25055104K), 0.2356839 secs] [Times: user=1.58 sys=0.09, real=0.24 secs] 
2014-04-07T18:19:43.327+0900: 91.199: [GC (Allocation Failure) 91.200: [ParNew: 996800K->110720K(996800K), 0.2221941 secs] 8489013K->7731329K(25055104K), 0.2225624 secs] [Times: user=1.54 sys=0.11, real=0.22 secs] 
2014-04-07T18:19:44.292+0900: 92.165: [GC (Allocation Failure) 92.165: [ParNew: 996800K->110720K(996800K), 0.2952715 secs] 8443654K->7727417K(25055104K), 0.2956538 secs] [Times: user=2.28 sys=0.12, real=0.30 secs] 
2014-04-07T18:19:44.985+0900: 92.857: [CMS-concurrent-sweep: 2.556/3.320 secs] [Times: user=27.06 sys=6.96, real=3.32 secs] 
2014-04-07T18:19:44.985+0900: 92.857: [CMS-concurrent-reset-start]
2014-04-07T18:19:45.064+0900: 92.936: [CMS-concurrent-reset: 0.079/0.079 secs] [Times: user=0.65 sys=0.22, real=0.08 secs] 
2014-04-07T18:19:45.298+0900: 93.170: [GC (Allocation Failure) 93.170: [ParNew: 996800K->110720K(996800K), 0.2190961 secs] 8346395K->7595398K(25055104K), 0.2194761 secs] [Times: user=1.89 sys=0.08, real=0.22 secs] 
2014-04-07T18:19:45.519+0900: 93.391: [GC (CMS Initial Mark) [1 CMS-initial-mark: 7484678K(24058304K)] 7595499K(25055104K), 0.0092547 secs] [Times: user=0.08 sys=0.00, real=0.01 secs] 
2014-04-07T18:19:45.528+0900: 93.400: [CMS-concurrent-mark-start]
2014-04-07T18:19:46.419+0900: 94.291: [GC (Allocation Failure) 94.291: [ParNew: 996800K->110720K(996800K), 0.2685527 secs] 8481478K->7725478K(25055104K), 0.2689253 secs] [Times: user=1.61 sys=0.13, real=0.27 secs] 
2014-04-07T18:19:47.238+0900: 95.110: [CMS-concurrent-mark: 1.439/1.710 secs] [Times: user=15.44 sys=3.29, real=1.71 secs] 
2014-04-07T18:19:47.239+0900: 95.111: [CMS-concurrent-preclean-start]
2014-04-07T18:19:47.518+0900: 95.390: [GC (Allocation Failure) 95.390: [ParNew: 996800K->110720K(996800K), 0.2866952 secs] 8611558K->7857257K(25055104K), 0.2870657 secs] [Times: user=1.60 sys=0.14, real=0.29 secs] 
2014-04-07T18:19:48.303+0900: 96.175: [CMS-concurrent-preclean: 0.709/1.064 secs] [Times: user=7.87 sys=2.13, real=1.06 secs] 
2014-04-07T18:19:48.303+0900: 96.175: [CMS-concurrent-abortable-preclean-start]
2014-04-07T18:19:48.534+0900: 96.406: [GC (Allocation Failure) 96.406: [ParNew: 996800K->110720K(996800K), 0.3157367 secs] 8743337K->7984051K(25055104K), 0.3161251 secs] [Times: user=1.56 sys=0.16, real=0.32 secs] 
2014-04-07T18:19:49.260+0900: 97.132: [CMS-concurrent-abortable-preclean: 0.609/0.957 secs] [Times: user=6.76 sys=1.85, real=0.96 secs] 
2014-04-07T18:19:49.261+0900: 97.134: [GC (CMS Final Remark) [YG occupancy: 617763 K (996800 K)]97.134: [Rescan (parallel) , 0.0673915 secs]97.201: [weak refs processing, 0.0002933 secs]97.201: [class unloading, 0.0412310 secs]97.243: [scrub symbol table, 0.0048293 secs]97.248: [scrub string table, 0.0014139 secs][1 CMS-remark: 7873331K(24058304K)] 8491095K(25055104K), 0.1218826 secs] [Times: user=0.92 sys=0.00, real=0.12 secs] 
2014-04-07T18:19:49.384+0900: 97.256: [CMS-concurrent-sweep-start]
2014-04-07T18:19:49.686+0900: 97.558: [GC (Allocation Failure) 97.559: [ParNew: 996800K->110720K(996800K), 0.3031158 secs] 8835543K->8081207K(25055104K), 0.3034913 secs] [Times: user=1.57 sys=0.17, real=0.30 secs] 
2014-04-07T18:19:50.702+0900: 98.574: [GC (Allocation Failure) 98.574: [ParNew: 996800K->110720K(996800K), 0.2691582 secs] 8872355K->8115290K(25055104K), 0.2695268 secs] [Times: user=1.58 sys=0.12, real=0.27 secs] 
2014-04-07T18:19:51.670+0900: 99.542: [GC (Allocation Failure) 99.542: [ParNew: 996800K->110720K(996800K), 0.2805456 secs] 8875222K->8119004K(25055104K), 0.2809212 secs] [Times: user=1.50 sys=0.13, real=0.28 secs] 
2014-04-07T18:19:52.630+0900: 100.502: [CMS-concurrent-sweep: 2.388/3.247 secs] [Times: user=24.35 sys=6.78, real=3.25 secs] 
2014-04-07T18:19:52.631+0900: 100.503: [CMS-concurrent-reset-start]
2014-04-07T18:19:52.689+0900: 100.561: [GC (Allocation Failure) 100.562: [ParNew: 996800K->110720K(996800K), 0.2366978 secs] 8852929K->8097176K(25055104K), 0.2370741 secs] [Times: user=1.46 sys=0.11, real=0.24 secs] 
2014-04-07T18:19:52.951+0900: 100.823: [CMS-concurrent-reset: 0.082/0.321 secs] [Times: user=2.21 sys=0.35, real=0.32 secs] 
2014-04-07T18:19:53.601+0900: 101.474: [GC (Allocation Failure) 101.474: [ParNew: 996800K->110720K(996800K), 0.3017422 secs] 8983256K->8224995K(25055104K), 0.3021073 secs] [Times: user=1.48 sys=0.16, real=0.30 secs] 
2014-04-07T18:19:53.905+0900: 101.777: [GC (CMS Initial Mark) [1 CMS-initial-mark: 8114275K(24058304K)] 8225057K(25055104K), 0.0102299 secs] [Times: user=0.08 sys=0.00, real=0.02 secs] 
2014-04-07T18:19:53.916+0900: 101.788: [CMS-concurrent-mark-start]
2014-04-07T18:19:54.823+0900: 102.695: [GC (Allocation Failure) 102.696: [ParNew: 996800K->110720K(996800K), 0.3231770 secs] 9111075K->8355712K(25055104K), 0.3235427 secs] [Times: user=1.57 sys=0.16, real=0.33 secs] 
2014-04-07T18:19:55.818+0900: 103.690: [CMS-concurrent-mark: 1.577/1.902 secs] [Times: user=16.68 sys=3.50, real=1.90 secs] 
2014-04-07T18:19:55.818+0900: 103.690: [CMS-concurrent-preclean-start]
2014-04-07T18:19:56.011+0900: 103.883: [GC (Allocation Failure) 103.883: [ParNew: 996800K->110720K(996800K), 0.3192639 secs] 9241792K->8485836K(25055104K), 0.3196341 secs] [Times: user=1.53 sys=0.18, real=0.32 secs] 
2014-04-07T18:19:56.969+0900: 104.841: [CMS-concurrent-preclean: 0.762/1.150 secs] [Times: user=8.44 sys=2.41, real=1.15 secs] 
2014-04-07T18:19:56.969+0900: 104.841: [CMS-concurrent-abortable-preclean-start]
2014-04-07T18:19:57.036+0900: 104.908: [GC (Allocation Failure) 104.908: [ParNew: 996800K->110720K(996800K), 0.3181856 secs] 9371916K->8613068K(25055104K), 0.3185511 secs] [Times: user=1.56 sys=0.18, real=0.31 secs] 
2014-04-07T18:19:57.844+0900: 105.716: [CMS-concurrent-abortable-preclean: 0.518/0.875 secs] [Times: user=6.00 sys=1.70, real=0.87 secs] 
2014-04-07T18:19:57.846+0900: 105.718: [GC (CMS Final Remark) [YG occupancy: 716591 K (996800 K)]105.718: [Rescan (parallel) , 0.0765988 secs]105.795: [weak refs processing, 0.0000632 secs]105.795: [class unloading, 0.0411879 secs]105.836: [scrub symbol table, 0.0048265 secs]105.841: [scrub string table, 0.0014079 secs][1 CMS-remark: 8502348K(24058304K)] 9218939K(25055104K), 0.1307513 secs] [Times: user=1.04 sys=0.00, real=0.13 secs] 
2014-04-07T18:19:57.977+0900: 105.849: [CMS-concurrent-sweep-start]
2014-04-07T18:19:58.191+0900: 106.063: [GC (Allocation Failure) 106.064: [ParNew: 996800K->110720K(996800K), 0.3146248 secs] 9481103K->8726439K(25055104K), 0.3149945 secs] [Times: user=1.60 sys=0.17, real=0.31 secs] 
2014-04-07T18:19:59.225+0900: 107.098: [GC (Allocation Failure) 107.098: [ParNew: 996800K->110720K(996800K), 0.2886565 secs] 9568015K->8812646K(25055104K), 0.2890320 secs] [Times: user=1.55 sys=0.15, real=0.29 secs] 
2014-04-07T18:20:00.228+0900: 108.100: [GC (Allocation Failure) 108.100: [ParNew: 996800K->110720K(996800K), 0.2811059 secs] 9613960K->8858639K(25055104K), 0.2814803 secs] [Times: user=1.51 sys=0.15, real=0.28 secs] 
2014-04-07T18:20:01.232+0900: 109.104: [GC (Allocation Failure) 109.104: [ParNew: 996800K->110720K(996800K), 0.2268591 secs] 9587113K->8831374K(25055104K), 0.2272337 secs] [Times: user=1.56 sys=0.08, real=0.23 secs] 
2014-04-07T18:20:01.533+0900: 109.405: [CMS-concurrent-sweep: 2.437/3.556 secs] [Times: user=26.64 sys=6.92, real=3.55 secs] 
2014-04-07T18:20:01.534+0900: 109.406: [CMS-concurrent-reset-start]
2014-04-07T18:20:01.611+0900: 109.483: [CMS-concurrent-reset: 0.078/0.078 secs] [Times: user=0.65 sys=0.19, real=0.08 secs] 
2014-04-07T18:20:02.215+0900: 110.087: [GC (Allocation Failure) 110.088: [ParNew: 996800K->110720K(996800K), 0.2291747 secs] 9653359K->8873463K(25055104K), 0.2295457 secs] [Times: user=1.28 sys=0.10, real=0.23 secs] 
2014-04-07T18:20:02.446+0900: 110.318: [GC (CMS Initial Mark) [1 CMS-initial-mark: 8762743K(24058304K)] 8873546K(25055104K), 0.0055375 secs] [Times: user=0.05 sys=0.01, real=0.00 secs] 
2014-04-07T18:20:02.452+0900: 110.324: [CMS-concurrent-mark-start]
2014-04-07T18:20:03.469+0900: 111.341: [GC (Allocation Failure) 111.341: [ParNew: 996800K->110720K(996800K), 0.2408494 secs] 9759543K->8968917K(25055104K), 0.2412149 secs] [Times: user=1.07 sys=0.14, real=0.24 secs] 
2014-04-07T18:20:04.454+0900: 112.326: [CMS-concurrent-mark: 1.757/2.002 secs] [Times: user=17.84 sys=3.86, real=2.00 secs] 
2014-04-07T18:20:04.454+0900: 112.326: [CMS-concurrent-preclean-start]
2014-04-07T18:20:04.658+0900: 112.530: [GC (Allocation Failure) 112.530: [ParNew: 996800K->110720K(996800K), 0.2388367 secs] 9854997K->9059557K(25055104K), 0.2392030 secs] [Times: user=1.05 sys=0.14, real=0.23 secs] 
2014-04-07T18:20:05.407+0900: 113.279: [CMS-concurrent-preclean: 0.655/0.953 secs] [Times: user=6.83 sys=2.07, real=0.95 secs] 
2014-04-07T18:20:05.407+0900: 113.279: [CMS-concurrent-abortable-preclean-start]
2014-04-07T18:20:05.709+0900: 113.581: [GC (Allocation Failure) 113.581: [ParNew: 996800K->110720K(996800K), 0.2364717 secs] 9945637K->9157321K(25055104K), 0.2368360 secs] [Times: user=1.09 sys=0.14, real=0.23 secs] 
2014-04-07T18:20:06.355+0900: 114.227: [CMS-concurrent-abortable-preclean: 0.679/0.948 secs] [Times: user=6.78 sys=1.97, real=0.95 secs] 
2014-04-07T18:20:06.356+0900: 114.228: [GC (CMS Final Remark) [YG occupancy: 572505 K (996800 K)]114.228: [Rescan (parallel) , 0.0611602 secs]114.290: [weak refs processing, 0.0000704 secs]114.290: [class unloading, 0.0414603 secs]114.331: [scrub symbol table, 0.0048250 secs]114.336: [scrub string table, 0.0014194 secs][1 CMS-remark: 9046601K(24058304K)] 9619106K(25055104K), 0.1156536 secs] [Times: user=0.84 sys=0.00, real=0.12 secs] 
2014-04-07T18:20:06.472+0900: 114.344: [CMS-concurrent-sweep-start]
2014-04-07T18:20:08.070+0900: 115.942: [CMS-concurrent-sweep: 1.598/1.598 secs] [Times: user=2.21 sys=0.21, real=1.60 secs] 
2014-04-07T18:20:08.070+0900: 115.942: [CMS-concurrent-reset-start]
2014-04-07T18:20:08.133+0900: 116.005: [CMS-concurrent-reset: 0.063/0.063 secs] [Times: user=0.07 sys=0.00, real=0.06 secs] 
2014-04-07T18:20:10.134+0900: 118.006: [GC (CMS Initial Mark) [1 CMS-initial-mark: 8665445K(24058304K)] 9329528K(25055104K), 0.0588739 secs] [Times: user=0.75 sys=0.00, real=0.06 secs] 
2014-04-07T18:20:10.194+0900: 118.066: [CMS-concurrent-mark-start]
2014-04-07T18:20:11.749+0900: 119.621: [CMS-concurrent-mark: 1.556/1.556 secs] [Times: user=5.97 sys=0.11, real=1.56 secs] 
2014-04-07T18:20:11.750+0900: 119.622: [CMS-concurrent-preclean-start]
2014-04-07T18:20:11.835+0900: 119.707: [CMS-concurrent-preclean: 0.084/0.085 secs] [Times: user=0.08 sys=0.00, real=0.08 secs] 
2014-04-07T18:20:11.835+0900: 119.707: [CMS-concurrent-abortable-preclean-start]
 CMS: abort preclean due to time 2014-04-07T18:20:17.122+0900: 124.995: [CMS-concurrent-abortable-preclean: 4.685/5.288 secs] [Times: user=4.73 sys=0.00, real=5.29 secs] 
2014-04-07T18:20:17.124+0900: 124.996: [GC (CMS Final Remark) [YG occupancy: 664487 K (996800 K)]124.997: [Rescan (parallel) , 0.0614689 secs]125.058: [weak refs processing, 0.0002647 secs]125.058: [class unloading, 0.0295355 secs]125.088: [scrub symbol table, 0.0037340 secs]125.092: [scrub string table, 0.0011039 secs][1 CMS-remark: 8665445K(24058304K)] 9329933K(25055104K), 0.1006770 secs] [Times: user=0.82 sys=0.00, real=0.10 secs] 
2014-04-07T18:20:17.226+0900: 125.098: [CMS-concurrent-sweep-start]
2014-04-07T18:20:18.566+0900: 126.438: [CMS-concurrent-sweep: 1.340/1.340 secs] [Times: user=1.34 sys=0.00, real=1.34 secs] 
2014-04-07T18:20:18.566+0900: 126.438: [CMS-concurrent-reset-start]
2014-04-07T18:20:18.627+0900: 126.499: [CMS-concurrent-reset: 0.061/0.061 secs] [Times: user=0.06 sys=0.00, real=0.06 secs] 
2014-04-07T18:20:20.628+0900: 128.500: [GC (CMS Initial Mark) [1 CMS-initial-mark: 8591199K(24058304K)] 9264821K(25055104K), 0.0591384 secs] [Times: user=0.74 sys=0.00, real=0.06 secs] 
2014-04-07T18:20:20.688+0900: 128.560: [CMS-concurrent-mark-start]
2014-04-07T18:20:22.422+0900: 130.294: [CMS-concurrent-mark: 1.733/1.733 secs] [Times: user=6.91 sys=0.11, real=1.74 secs] 
2014-04-07T18:20:22.422+0900: 130.294: [CMS-concurrent-preclean-start]
2014-04-07T18:20:22.494+0900: 130.366: [CMS-concurrent-preclean: 0.072/0.072 secs] [Times: user=0.07 sys=0.00, real=0.07 secs] 
2014-04-07T18:20:22.494+0900: 130.366: [CMS-concurrent-abortable-preclean-start]
 CMS: abort preclean due to time 2014-04-07T18:20:27.740+0900: 135.612: [CMS-concurrent-abortable-preclean: 4.745/5.246 secs] [Times: user=4.81 sys=0.00, real=5.24 secs] 
2014-04-07T18:20:27.742+0900: 135.614: [GC (CMS Final Remark) [YG occupancy: 681678 K (996800 K)]135.614: [Rescan (parallel) , 0.0686494 secs]135.683: [weak refs processing, 0.0000610 secs]135.683: [class unloading, 0.0412052 secs]135.724: [scrub symbol table, 0.0048090 secs]135.729: [scrub string table, 0.0014142 secs][1 CMS-remark: 8591199K(24058304K)] 9272877K(25055104K), 0.1228310 secs] [Times: user=0.93 sys=0.00, real=0.12 secs] 
2014-04-07T18:20:27.866+0900: 135.738: [CMS-concurrent-sweep-start]
2014-04-07T18:20:29.225+0900: 137.097: [CMS-concurrent-sweep: 1.359/1.359 secs] [Times: user=1.37 sys=0.00, real=1.36 secs] 
2014-04-07T18:20:29.225+0900: 137.097: [CMS-concurrent-reset-start]
2014-04-07T18:20:29.286+0900: 137.158: [CMS-concurrent-reset: 0.061/0.061 secs] [Times: user=0.06 sys=0.00, real=0.06 secs] 
2014-04-07T18:20:31.287+0900: 139.159: [GC (CMS Initial Mark) [1 CMS-initial-mark: 8591194K(24058304K)] 9273093K(25055104K), 0.0583684 secs] [Times: user=0.74 sys=0.00, real=0.06 secs] 
2014-04-07T18:20:31.347+0900: 139.219: [CMS-concurrent-mark-start]
2014-04-07T18:20:31.840+0900: 139.712: [GC (Allocation Failure) 139.713: [ParNew: 996800K->97571K(996800K), 0.1053374 secs] 9587994K->8772964K(25055104K), 0.1057209 secs] [Times: user=0.90 sys=0.06, real=0.11 secs] 
2014-04-07T18:20:32.390+0900: 140.262: [GC (Allocation Failure) 140.262: [ParNew: 983651K->87715K(996800K), 0.0410895 secs] 9659044K->8763108K(25055104K), 0.0414245 secs] [Times: user=0.52 sys=0.00, real=0.05 secs] 
2014-04-07T18:20:32.880+0900: 140.752: [GC (Allocation Failure) 140.752: [ParNew: 969617K->110309K(996800K), 0.0470809 secs] 9645010K->8785702K(25055104K), 0.0474188 secs] [Times: user=0.64 sys=0.00, real=0.05 secs] 
2014-04-07T18:20:33.412+0900: 141.284: [GC (Allocation Failure) 141.284: [ParNew: 996389K->110720K(996800K), 0.2924933 secs] 9671782K->9026231K(25055104K), 0.2928473 secs] [Times: user=1.68 sys=0.22, real=0.29 secs] 
2014-04-07T18:20:33.881+0900: 141.753: [CMS-concurrent-mark: 2.007/2.534 secs] [Times: user=27.39 sys=0.59, real=2.53 secs] 
2014-04-07T18:20:33.881+0900: 141.753: [CMS-concurrent-preclean-start]
2014-04-07T18:20:34.200+0900: 142.072: [GC (Allocation Failure) 142.073: [ParNew: 996800K->110720K(996800K), 0.2476438 secs] 9912311K->9236339K(25055104K), 0.2480370 secs] [Times: user=1.95 sys=0.10, real=0.25 secs] 
2014-04-07T18:20:34.899+0900: 142.771: [CMS-concurrent-preclean: 0.690/1.018 secs] [Times: user=11.49 sys=0.35, real=1.02 secs] 
2014-04-07T18:20:34.899+0900: 142.771: [CMS-concurrent-abortable-preclean-start]
2014-04-07T18:20:35.092+0900: 142.964: [GC (Allocation Failure) 142.964: [ParNew: 996800K->110720K(996800K), 0.2012960 secs] 10122419K->9369818K(25055104K), 0.2016202 secs] [Times: user=1.50 sys=0.11, real=0.20 secs] 
2014-04-07T18:20:35.595+0900: 143.467: [CMS-concurrent-abortable-preclean: 0.471/0.696 secs] [Times: user=5.02 sys=0.22, real=0.70 secs] 
2014-04-07T18:20:35.597+0900: 143.469: [GC (CMS Final Remark) [YG occupancy: 715153 K (996800 K)]143.469: [Rescan (parallel) , 0.0623308 secs]143.531: [weak refs processing, 0.0000615 secs]143.531: [class unloading, 0.0481628 secs]143.579: [scrub symbol table, 0.0048157 secs]143.584: [scrub string table, 0.0014147 secs][1 CMS-remark: 9259098K(24058304K)] 9974251K(25055104K), 0.1241045 secs] [Times: user=0.80 sys=0.01, real=0.12 secs] 
2014-04-07T18:20:35.721+0900: 143.593: [CMS-concurrent-sweep-start]
2014-04-07T18:20:35.863+0900: 143.735: [GC (Allocation Failure) 143.735: [ParNew: 995612K->110720K(996800K), 0.1943524 secs] 10202464K->9481381K(25055104K), 0.1946896 secs] [Times: user=1.18 sys=0.10, real=0.19 secs] 
2014-04-07T18:20:36.543+0900: 144.415: [GC (Allocation Failure) 144.415: [ParNew: 996800K->110720K(996800K), 0.1194528 secs] 10108381K->9420859K(25055104K), 0.1197880 secs] [Times: user=1.06 sys=0.08, real=0.12 secs] 
2014-04-07T18:20:37.063+0900: 144.935: [GC (Allocation Failure) 144.935: [ParNew: 996800K->110720K(996800K), 0.1143592 secs] 10070115K->9379138K(25055104K), 0.1146843 secs] [Times: user=1.05 sys=0.05, real=0.11 secs] 
2014-04-07T18:20:37.508+0900: 145.380: [GC (Allocation Failure) 145.380: [ParNew: 996800K->110720K(996800K), 0.1236583 secs] 10050345K->9334808K(25055104K), 0.1239867 secs] [Times: user=1.15 sys=0.05, real=0.13 secs] 
2014-04-07T18:20:37.963+0900: 145.835: [CMS-concurrent-sweep: 1.677/2.242 secs] [Times: user=13.54 sys=0.69, real=2.25 secs] 
2014-04-07T18:20:37.964+0900: 145.836: [CMS-concurrent-reset-start]
2014-04-07T18:20:38.042+0900: 145.914: [CMS-concurrent-reset: 0.078/0.078 secs] [Times: user=0.39 sys=0.00, real=0.07 secs] 
2014-04-07T18:20:38.064+0900: 145.937: [GC (Allocation Failure) 145.937: [ParNew: 995642K->110720K(996800K), 0.1304832 secs] 9924029K->9204472K(25055104K), 0.1308202 secs] [Times: user=1.19 sys=0.06, real=0.13 secs] 
2014-04-07T18:20:38.197+0900: 146.069: [GC (CMS Initial Mark) [1 CMS-initial-mark: 9093752K(24058304K)] 9206534K(25055104K), 0.0044028 secs] [Times: user=0.04 sys=0.00, real=0.00 secs] 
2014-04-07T18:20:38.201+0900: 146.073: [CMS-concurrent-mark-start]
2014-04-07T18:20:39.476+0900: 147.348: [GC (Allocation Failure) 147.348: [ParNew: 990637K->110720K(996800K), 0.0959154 secs] 10084390K->9324718K(25055104K), 0.0961955 secs] [Times: user=0.84 sys=0.03, real=0.09 secs] 
2014-04-07T18:20:40.018+0900: 147.890: [CMS-concurrent-mark: 1.718/1.817 secs] [Times: user=9.59 sys=0.30, real=1.82 secs] 
2014-04-07T18:20:40.018+0900: 147.890: [CMS-concurrent-preclean-start]
2014-04-07T18:20:40.359+0900: 148.231: [CMS-concurrent-preclean: 0.315/0.341 secs] [Times: user=0.71 sys=0.03, real=0.34 secs] 
2014-04-07T18:20:40.359+0900: 148.231: [CMS-concurrent-abortable-preclean-start]
2014-04-07T18:20:40.749+0900: 148.621: [GC (Allocation Failure) 148.621: [ParNew: 996800K->110720K(996800K), 0.1699943 secs] 10210798K->9445072K(25055104K), 0.1703419 secs] [Times: user=0.96 sys=0.08, real=0.17 secs] 
2014-04-07T18:20:41.178+0900: 149.050: [CMS-concurrent-abortable-preclean: 0.623/0.819 secs] [Times: user=3.29 sys=0.11, real=0.82 secs] 
2014-04-07T18:20:41.179+0900: 149.051: [GC (CMS Final Remark) [YG occupancy: 717586 K (996800 K)]149.052: [Rescan (parallel) , 0.0979338 secs]149.150: [weak refs processing, 0.0001288 secs]149.150: [class unloading, 0.0642458 secs]149.214: [scrub symbol table, 0.0043353 secs]149.218: [scrub string table, 0.0012499 secs][1 CMS-remark: 9334352K(24058304K)] 10051938K(25055104K), 0.1752901 secs] [Times: user=1.34 sys=0.00, real=0.18 secs] 
2014-04-07T18:20:41.355+0900: 149.227: [CMS-concurrent-sweep-start]
2014-04-07T18:20:41.461+0900: 149.333: [GC (Allocation Failure) 149.333: [ParNew: 996800K->104097K(996800K), 0.1749416 secs] 10327950K->9541865K(25055104K), 0.1752795 secs] [Times: user=0.86 sys=0.09, real=0.18 secs] 
2014-04-07T18:20:42.725+0900: 150.597: [CMS-concurrent-sweep: 1.188/1.370 secs] [Times: user=3.14 sys=0.09, real=1.37 secs] 
2014-04-07T18:20:42.725+0900: 150.598: [CMS-concurrent-reset-start]
2014-04-07T18:20:42.787+0900: 150.659: [CMS-concurrent-reset: 0.061/0.061 secs] [Times: user=0.06 sys=0.00, real=0.06 secs] 
2014-04-07T18:20:44.787+0900: 152.659: [GC (CMS Initial Mark) [1 CMS-initial-mark: 8784838K(24058304K)] 9041478K(25055104K), 0.0232377 secs] [Times: user=0.28 sys=0.00, real=0.02 secs] 
2014-04-07T18:20:44.811+0900: 152.683: [CMS-concurrent-mark-start]
2014-04-07T18:20:46.409+0900: 154.281: [CMS-concurrent-mark: 1.597/1.597 secs] [Times: user=6.23 sys=0.06, real=1.60 secs] 
2014-04-07T18:20:46.409+0900: 154.281: [CMS-concurrent-preclean-start]
2014-04-07T18:20:46.480+0900: 154.352: [CMS-concurrent-preclean: 0.071/0.071 secs] [Times: user=0.07 sys=0.00, real=0.07 secs] 
2014-04-07T18:20:46.480+0900: 154.352: [CMS-concurrent-abortable-preclean-start]
 CMS: abort preclean due to time 2014-04-07T18:20:51.510+0900: 159.382: [CMS-concurrent-abortable-preclean: 3.127/5.030 secs] [Times: user=3.16 sys=0.00, real=5.03 secs] 
2014-04-07T18:20:51.512+0900: 159.385: [GC (CMS Final Remark) [YG occupancy: 256972 K (996800 K)]159.385: [Rescan (parallel) , 0.0363890 secs]159.421: [weak refs processing, 0.0000783 secs]159.421: [class unloading, 0.0473318 secs]159.468: [scrub symbol table, 0.0043414 secs]159.473: [scrub string table, 0.0012425 secs][1 CMS-remark: 8784838K(24058304K)] 9041811K(25055104K), 0.0967930 secs] [Times: user=0.50 sys=0.00, real=0.10 secs] 
2014-04-07T18:20:51.610+0900: 159.482: [CMS-concurrent-sweep-start]
2014-04-07T18:20:52.778+0900: 160.650: [CMS-concurrent-sweep: 1.163/1.168 secs] [Times: user=1.18 sys=0.00, real=1.17 secs] 
2014-04-07T18:20:52.778+0900: 160.650: [CMS-concurrent-reset-start]
2014-04-07T18:20:52.839+0900: 160.711: [CMS-concurrent-reset: 0.061/0.061 secs] [Times: user=0.06 sys=0.00, real=0.06 secs] 
2014-04-07T18:20:54.840+0900: 162.712: [GC (CMS Initial Mark) [1 CMS-initial-mark: 8712177K(24058304K)] 8969351K(25055104K), 0.0230441 secs] [Times: user=0.28 sys=0.00, real=0.02 secs] 
2014-04-07T18:20:54.864+0900: 162.736: [CMS-concurrent-mark-start]
2014-04-07T18:20:56.542+0900: 164.414: [CMS-concurrent-mark: 1.678/1.678 secs] [Times: user=6.48 sys=0.13, real=1.68 secs] 
2014-04-07T18:20:56.542+0900: 164.414: [CMS-concurrent-preclean-start]
2014-04-07T18:20:56.613+0900: 164.485: [CMS-concurrent-preclean: 0.071/0.071 secs] [Times: user=0.07 sys=0.00, real=0.07 secs] 
2014-04-07T18:20:56.613+0900: 164.485: [CMS-concurrent-abortable-preclean-start]
 CMS: abort preclean due to time 2014-04-07T18:21:01.700+0900: 169.572: [CMS-concurrent-abortable-preclean: 3.187/5.087 secs] [Times: user=3.22 sys=0.00, real=5.09 secs] 
2014-04-07T18:21:01.702+0900: 169.574: [GC (CMS Final Remark) [YG occupancy: 261199 K (996800 K)]169.574: [Rescan (parallel) , 0.0363801 secs]169.610: [weak refs processing, 0.0000651 secs]169.610: [class unloading, 0.0472601 secs]169.658: [scrub symbol table, 0.0043265 secs]169.662: [scrub string table, 0.0012449 secs][1 CMS-remark: 8712177K(24058304K)] 8973376K(25055104K), 0.0967434 secs] [Times: user=0.51 sys=0.00, real=0.10 secs] 
2014-04-07T18:21:01.800+0900: 169.672: [CMS-concurrent-sweep-start]
2014-04-07T18:21:02.400+0900: 170.272: [GC (Allocation Failure) 170.272: [ParNew: 990177K->27430K(996800K), 0.0351432 secs] 9702344K->8739598K(25055104K), 0.0354585 secs] [Times: user=0.44 sys=0.00, real=0.03 secs] 
2014-04-07T18:21:02.772+0900: 170.644: [GC (Allocation Failure) 170.644: [ParNew: 913510K->14200K(996800K), 0.0351153 secs] 9625677K->8726367K(25055104K), 0.0353979 secs] [Times: user=0.44 sys=0.00, real=0.04 secs] 
2014-04-07T18:21:03.133+0900: 171.005: [GC (Allocation Failure) 171.005: [ParNew: 900280K->110720K(996800K), 0.0925614 secs] 9612447K->8940863K(25055104K), 0.0928593 secs] [Times: user=0.72 sys=0.02, real=0.10 secs] 
2014-04-07T18:21:03.343+0900: 171.216: [CMS-concurrent-sweep: 1.365/1.544 secs] [Times: user=9.22 sys=0.14, real=1.54 secs] 
2014-04-07T18:21:03.344+0900: 171.216: [CMS-concurrent-reset-start]
2014-04-07T18:21:03.436+0900: 171.308: [CMS-concurrent-reset: 0.092/0.092 secs] [Times: user=0.47 sys=0.02, real=0.10 secs] 
2014-04-07T18:21:03.770+0900: 171.642: [GC (Allocation Failure) 171.642: [ParNew: 996781K->110720K(996800K), 0.1155183 secs] 9826925K->9097986K(25055104K), 0.1158119 secs] [Times: user=0.96 sys=0.05, real=0.12 secs] 
2014-04-07T18:21:03.887+0900: 171.759: [GC (CMS Initial Mark) [1 CMS-initial-mark: 8987266K(24058304K)] 9099801K(25055104K), 0.0031871 secs] [Times: user=0.03 sys=0.00, real=0.00 secs] 
2014-04-07T18:21:03.891+0900: 171.763: [CMS-concurrent-mark-start]
2014-04-07T18:21:04.436+0900: 172.308: [GC (Allocation Failure) 172.308: [ParNew: 996800K->110720K(996800K), 0.1655261 secs] 9984066K->9270169K(25055104K), 0.1658272 secs] [Times: user=1.16 sys=0.10, real=0.17 secs] 
2014-04-07T18:21:04.993+0900: 172.865: [GC (Allocation Failure) 172.865: [ParNew: 996800K->110720K(996800K), 0.3003474 secs] 10156249K->9506660K(25055104K), 0.3006513 secs] [Times: user=1.32 sys=0.17, real=0.30 secs] 
2014-04-07T18:21:05.778+0900: 173.650: [GC (Allocation Failure) 173.650: [ParNew: 996800K->110720K(996800K), 0.2437351 secs] 10392740K->9679791K(25055104K), 0.2440353 secs] [Times: user=1.23 sys=0.13, real=0.24 secs] 
2014-04-07T18:21:06.363+0900: 174.235: [CMS-concurrent-mark: 1.757/2.472 secs] [Times: user=17.53 sys=0.92, real=2.47 secs] 
2014-04-07T18:21:06.363+0900: 174.235: [CMS-concurrent-preclean-start]
2014-04-07T18:21:06.462+0900: 174.334: [GC (Allocation Failure) 174.334: [ParNew: 996800K->110720K(996800K), 0.2850213 secs] 10565871K->9865111K(25055104K), 0.2853264 secs] [Times: user=1.24 sys=0.16, real=0.29 secs] 
2014-04-07T18:21:07.091+0900: 174.963: [GC (Allocation Failure) 174.963: [ParNew: 996800K->110720K(996800K), 0.2927594 secs] 10751191K->10067948K(25055104K), 0.2930354 secs] [Times: user=1.24 sys=0.16, real=0.29 secs] 
2014-04-07T18:21:07.775+0900: 175.647: [GC (Allocation Failure) 175.647: [ParNew: 995030K->110720K(996800K), 0.2695543 secs] 10952259K->10256504K(25055104K), 0.2698309 secs] [Times: user=1.22 sys=0.15, real=0.27 secs] 
2014-04-07T18:21:08.568+0900: 176.440: [GC (Allocation Failure) 176.440: [ParNew: 989378K->110720K(996800K), 0.2903209 secs] 11135162K->10384780K(25055104K), 0.2906006 secs] [Times: user=1.15 sys=0.17, real=0.29 secs] 
2014-04-07T18:21:09.238+0900: 177.110: [CMS-concurrent-preclean: 1.496/2.875 secs] [Times: user=12.74 sys=1.06, real=2.88 secs] 
2014-04-07T18:21:09.238+0900: 177.111: [CMS-concurrent-abortable-preclean-start]
2014-04-07T18:21:09.565+0900: 177.437: [CMS-concurrent-abortable-preclean: 0.324/0.327 secs] [Times: user=0.54 sys=0.01, real=0.32 secs] 
2014-04-07T18:21:09.567+0900: 177.439: [GC (CMS Final Remark) [YG occupancy: 686839 K (996800 K)]177.439: [Rescan (parallel) , 0.0461318 secs]177.485: [weak refs processing, 0.0001307 secs]177.486: [class unloading, 0.0416350 secs]177.527: [scrub symbol table, 0.0045030 secs]177.532: [scrub string table, 0.0012428 secs][1 CMS-remark: 10274060K(24058304K)] 10960900K(25055104K), 0.1004974 secs] [Times: user=0.64 sys=0.00, real=0.10 secs] 
2014-04-07T18:21:09.669+0900: 177.541: [CMS-concurrent-sweep-start]
2014-04-07T18:21:09.968+0900: 177.840: [GC (Allocation Failure) 177.840: [ParNew: 996792K->110720K(996800K), 0.1340383 secs] 11132513K->10398205K(25055104K), 0.1343301 secs] [Times: user=1.10 sys=0.05, real=0.13 secs] 
2014-04-07T18:21:10.728+0900: 178.600: [GC (Allocation Failure) 178.600: [ParNew: 996800K->110720K(996800K), 0.1093907 secs] 10897478K->10188116K(25055104K), 0.1096781 secs] [Times: user=1.05 sys=0.04, real=0.11 secs] 
2014-04-07T18:21:11.532+0900: 179.404: [CMS-concurrent-sweep: 1.615/1.863 secs] [Times: user=7.21 sys=0.29, real=1.86 secs] 
2014-04-07T18:21:11.532+0900: 179.404: [CMS-concurrent-reset-start]
2014-04-07T18:21:11.601+0900: 179.473: [CMS-concurrent-reset: 0.069/0.069 secs] [Times: user=0.21 sys=0.00, real=0.07 secs] 
2014-04-07T18:21:11.620+0900: 179.492: [GC (Allocation Failure) 179.492: [ParNew: 996800K->110720K(996800K), 0.1013893 secs] 10190027K->9446508K(25055104K), 0.1016605 secs] [Times: user=0.96 sys=0.04, real=0.10 secs] 
2014-04-07T18:21:11.723+0900: 179.595: [GC (CMS Initial Mark) [1 CMS-initial-mark: 9335788K(24058304K)] 9447026K(25055104K), 0.0039498 secs] [Times: user=0.04 sys=0.00, real=0.00 secs] 
2014-04-07T18:21:11.727+0900: 179.599: [CMS-concurrent-mark-start]
2014-04-07T18:21:12.390+0900: 180.262: [GC (Allocation Failure) 180.262: [ParNew: 996800K->98490K(996800K), 0.0933916 secs] 10332588K->9532266K(25055104K), 0.0936939 secs] [Times: user=0.82 sys=0.03, real=0.09 secs] 
2014-04-07T18:21:13.074+0900: 180.946: [CMS-concurrent-mark: 1.252/1.347 secs] [Times: user=8.34 sys=0.09, real=1.35 secs] 
2014-04-07T18:21:13.074+0900: 180.946: [CMS-concurrent-preclean-start]
2014-04-07T18:21:13.305+0900: 181.177: [CMS-concurrent-preclean: 0.212/0.231 secs] [Times: user=0.24 sys=0.00, real=0.23 secs] 
2014-04-07T18:21:13.305+0900: 181.177: [CMS-concurrent-abortable-preclean-start]
 CMS: abort preclean due to time 2014-04-07T18:21:18.347+0900: 186.219: [CMS-concurrent-abortable-preclean: 3.740/5.042 secs] [Times: user=3.76 sys=0.00, real=5.04 secs] 
2014-04-07T18:21:18.349+0900: 186.221: [GC (CMS Final Remark) [YG occupancy: 491040 K (996800 K)]186.221: [Rescan (parallel) , 0.0715737 secs]186.293: [weak refs processing, 0.0000851 secs]186.293: [class unloading, 0.0417659 secs]186.335: [scrub symbol table, 0.0043209 secs]186.339: [scrub string table, 0.0012440 secs][1 CMS-remark: 9433776K(24058304K)] 9924816K(25055104K), 0.1258673 secs] [Times: user=0.97 sys=0.00, real=0.12 secs] 
2014-04-07T18:21:18.476+0900: 186.348: [CMS-concurrent-sweep-start]
2014-04-07T18:21:19.754+0900: 187.626: [CMS-concurrent-sweep: 1.278/1.278 secs] [Times: user=1.28 sys=0.00, real=1.28 secs] 
2014-04-07T18:21:19.754+0900: 187.626: [CMS-concurrent-reset-start]
2014-04-07T18:21:19.816+0900: 187.688: [CMS-concurrent-reset: 0.061/0.061 secs] [Times: user=0.07 sys=0.00, real=0.06 secs] 
2014-04-07T18:21:21.817+0900: 189.689: [GC (CMS Initial Mark) [1 CMS-initial-mark: 8727394K(24058304K)] 9229077K(25055104K), 0.0587598 secs] [Times: user=0.74 sys=0.00, real=0.06 secs] 
2014-04-07T18:21:21.876+0900: 189.748: [CMS-concurrent-mark-start]
2014-04-07T18:21:23.444+0900: 191.316: [CMS-concurrent-mark: 1.567/1.568 secs] [Times: user=6.20 sys=0.04, real=1.57 secs] 
2014-04-07T18:21:23.444+0900: 191.316: [CMS-concurrent-preclean-start]
2014-04-07T18:21:23.511+0900: 191.383: [CMS-concurrent-preclean: 0.067/0.067 secs] [Times: user=0.07 sys=0.00, real=0.07 secs] 
2014-04-07T18:21:23.511+0900: 191.383: [CMS-concurrent-abortable-preclean-start]
 CMS: abort preclean due to time 2014-04-07T18:21:28.714+0900: 196.586: [CMS-concurrent-abortable-preclean: 3.700/5.202 secs] [Times: user=3.73 sys=0.00, real=5.20 secs] 
2014-04-07T18:21:28.716+0900: 196.588: [GC (CMS Final Remark) [YG occupancy: 502152 K (996800 K)]196.588: [Rescan (parallel) , 0.0716036 secs]196.659: [weak refs processing, 0.0000685 secs]196.659: [class unloading, 0.0417579 secs]196.701: [scrub symbol table, 0.0043581 secs]196.706: [scrub string table, 0.0012454 secs][1 CMS-remark: 8727394K(24058304K)] 9229546K(25055104K), 0.1258832 secs] [Times: user=0.97 sys=0.00, real=0.13 secs] 
2014-04-07T18:21:28.842+0900: 196.715: [CMS-concurrent-sweep-start]
2014-04-07T18:21:30.180+0900: 198.052: [CMS-concurrent-sweep: 1.337/1.337 secs] [Times: user=1.34 sys=0.00, real=1.34 secs] 
2014-04-07T18:21:30.180+0900: 198.052: [CMS-concurrent-reset-start]
2014-04-07T18:21:30.241+0900: 198.113: [CMS-concurrent-reset: 0.061/0.061 secs] [Times: user=0.06 sys=0.00, real=0.06 secs] 
2014-04-07T18:21:32.242+0900: 200.114: [GC (CMS Initial Mark) [1 CMS-initial-mark: 8686128K(24058304K)] 9188354K(25055104K), 0.0586015 secs] [Times: user=0.75 sys=0.00, real=0.06 secs] 
2014-04-07T18:21:32.301+0900: 200.173: [CMS-concurrent-mark-start]
2014-04-07T18:21:32.811+0900: 200.684: [GC (Allocation Failure) 200.684: [ParNew: 984570K->57935K(996800K), 0.0388742 secs] 9670698K->8744063K(25055104K), 0.0391783 secs] [Times: user=0.49 sys=0.00, real=0.04 secs] 
2014-04-07T18:21:33.283+0900: 201.155: [GC (Allocation Failure) 201.155: [ParNew: 944015K->54814K(996800K), 0.0376327 secs] 9630143K->8740943K(25055104K), 0.0380471 secs] [Times: user=0.48 sys=0.00, real=0.04 secs] 
2014-04-07T18:21:33.684+0900: 201.556: [GC (Allocation Failure) 201.556: [ParNew: 940894K->110720K(996800K), 0.0563136 secs] 9627023K->8868974K(25055104K), 0.0565793 secs] [Times: user=0.69 sys=0.00, real=0.06 secs] 
2014-04-07T18:21:34.075+0900: 201.947: [GC (Allocation Failure) 201.947: [ParNew: 996800K->110720K(996800K), 0.1114341 secs] 9755054K->9034720K(25055104K), 0.1117002 secs] [Times: user=0.99 sys=0.04, real=0.11 secs] 
2014-04-07T18:21:34.313+0900: 202.185: [CMS-concurrent-mark: 1.752/2.011 secs] [Times: user=17.11 sys=0.28, real=2.01 secs] 
2014-04-07T18:21:34.313+0900: 202.185: [CMS-concurrent-preclean-start]
2014-04-07T18:21:34.610+0900: 202.482: [GC (Allocation Failure) 202.482: [ParNew: 996800K->110720K(996800K), 0.0999566 secs] 9920800K->9184024K(25055104K), 0.1002117 secs] [Times: user=1.05 sys=0.03, real=0.10 secs] 
2014-04-07T18:21:34.816+0900: 202.688: [CMS-concurrent-preclean: 0.362/0.503 secs] [Times: user=3.10 sys=0.11, real=0.50 secs] 
2014-04-07T18:21:34.816+0900: 202.688: [CMS-concurrent-abortable-preclean-start]
2014-04-07T18:21:35.185+0900: 203.057: [GC (Allocation Failure) 203.057: [ParNew: 996773K->110720K(996800K), 0.1113031 secs] 10070078K->9315490K(25055104K), 0.1115632 secs] [Times: user=1.03 sys=0.05, real=0.11 secs] 
2014-04-07T18:21:35.721+0900: 203.593: [CMS-concurrent-abortable-preclean: 0.737/0.905 secs] [Times: user=4.38 sys=0.19, real=0.91 secs] 
2014-04-07T18:21:35.723+0900: 203.595: [GC (CMS Final Remark) [YG occupancy: 921300 K (996800 K)]203.595: [Rescan (parallel) , 0.0583692 secs]203.654: [weak refs processing, 0.0000624 secs]203.654: [class unloading, 0.0417472 secs]203.695: [scrub symbol table, 0.0043271 secs]203.700: [scrub string table, 0.0012434 secs][1 CMS-remark: 9204770K(24058304K)] 10126070K(25055104K), 0.1126069 secs] [Times: user=0.80 sys=0.00, real=0.11 secs] 
2014-04-07T18:21:35.836+0900: 203.708: [CMS-concurrent-sweep-start]
2014-04-07T18:21:35.874+0900: 203.746: [GC (Allocation Failure) 203.746: [ParNew: 996800K->110720K(996800K), 0.1502380 secs] 10193902K->9458174K(25055104K), 0.1504929 secs] [Times: user=1.05 sys=0.06, real=0.15 secs] 
2014-04-07T18:21:36.409+0900: 204.281: [GC (Allocation Failure) 204.281: [ParNew: 996800K->110720K(996800K), 0.1417506 secs] 10180771K->9472174K(25055104K), 0.1420094 secs] [Times: user=1.18 sys=0.06, real=0.15 secs] 
2014-04-07T18:21:36.962+0900: 204.834: [GC (Allocation Failure) 204.834: [ParNew: 996799K->110720K(996800K), 0.1117576 secs] 10197137K->9471826K(25055104K), 0.1120162 secs] [Times: user=1.10 sys=0.04, real=0.11 secs] 
2014-04-07T18:21:37.573+0900: 205.445: [GC (Allocation Failure) 205.445: [ParNew: 996800K->110720K(996800K), 0.1120718 secs] 10185934K->9462126K(25055104K), 0.1123403 secs] [Times: user=1.07 sys=0.05, real=0.11 secs] 
2014-04-07T18:21:37.908+0900: 205.780: [CMS-concurrent-sweep: 1.549/2.072 secs] [Times: user=12.26 sys=0.55, real=2.07 secs] 
2014-04-07T18:21:37.908+0900: 205.780: [CMS-concurrent-reset-start]
2014-04-07T18:21:37.996+0900: 205.868: [CMS-concurrent-reset: 0.088/0.088 secs] [Times: user=0.49 sys=0.07, real=0.09 secs] 
2014-04-07T18:21:38.045+0900: 205.917: [GC (Allocation Failure) 205.917: [ParNew: 994576K->110720K(996800K), 0.1287470 secs] 10182779K->9518049K(25055104K), 0.1290050 secs] [Times: user=1.13 sys=0.05, real=0.13 secs] 
2014-04-07T18:21:38.175+0900: 206.048: [GC (CMS Initial Mark) [1 CMS-initial-mark: 9407329K(24058304K)] 9523013K(25055104K), 0.0060801 secs] [Times: user=0.04 sys=0.00, real=0.01 secs] 
2014-04-07T18:21:38.182+0900: 206.054: [CMS-concurrent-mark-start]
2014-04-07T18:21:38.595+0900: 206.467: [GC (Allocation Failure) 206.467: [ParNew: 996114K->110720K(996800K), 0.1772019 secs] 10403444K->9658875K(25055104K), 0.1774639 secs] [Times: user=1.11 sys=0.10, real=0.18 secs] 
2014-04-07T18:21:39.155+0900: 207.028: [GC (Allocation Failure) 207.028: [ParNew: 996793K->110720K(996800K), 0.1795479 secs] 10544948K->9842030K(25055104K), 0.1798054 secs] [Times: user=1.15 sys=0.10, real=0.18 secs] 
2014-04-07T18:21:39.778+0900: 207.650: [GC (Allocation Failure) 207.650: [ParNew: 989886K->110720K(996800K), 0.2119529 secs] 10721196K->10034297K(25055104K), 0.2122104 secs] [Times: user=1.20 sys=0.11, real=0.21 secs] 
2014-04-07T18:21:40.808+0900: 208.680: [CMS-concurrent-mark: 2.053/2.626 secs] [Times: user=17.64 sys=0.88, real=2.62 secs] 
2014-04-07T18:21:40.808+0900: 208.680: [CMS-concurrent-preclean-start]
2014-04-07T18:21:41.148+0900: 209.020: [GC (Allocation Failure) 209.020: [ParNew: 996800K->110720K(996800K), 0.2516746 secs] 10920377K->10227476K(25055104K), 0.2519375 secs] [Times: user=1.63 sys=0.13, real=0.25 secs] 
2014-04-07T18:21:42.170+0900: 210.042: [CMS-concurrent-preclean: 0.989/1.362 secs] [Times: user=4.55 sys=0.21, real=1.36 secs] 
2014-04-07T18:21:42.170+0900: 210.042: [CMS-concurrent-abortable-preclean-start]
2014-04-07T18:21:42.477+0900: 210.349: [CMS-concurrent-abortable-preclean: 0.305/0.307 secs] [Times: user=0.62 sys=0.02, real=0.31 secs] 
2014-04-07T18:21:42.479+0900: 210.351: [GC (CMS Final Remark) [YG occupancy: 863579 K (996800 K)]210.351: [Rescan (parallel) , 0.0519470 secs]210.403: [weak refs processing, 0.0001272 secs]210.403: [class unloading, 0.0418413 secs]210.445: [scrub symbol table, 0.0043172 secs]210.449: [scrub string table, 0.0012424 secs][1 CMS-remark: 10116756K(24058304K)] 10980336K(25055104K), 0.1063776 secs] [Times: user=0.72 sys=0.00, real=0.11 secs] 
2014-04-07T18:21:42.586+0900: 210.458: [CMS-concurrent-sweep-start]
2014-04-07T18:21:42.792+0900: 210.664: [GC (Allocation Failure) 210.664: [ParNew: 996800K->110720K(996800K), 0.2122633 secs] 11036353K->10302084K(25055104K), 0.2125240 secs] [Times: user=1.61 sys=0.10, real=0.21 secs] 
2014-04-07T18:21:43.731+0900: 211.603: [GC (Allocation Failure) 211.603: [ParNew: 996800K->110250K(996800K), 0.1384486 secs] 10907226K->10131032K(25055104K), 0.1387192 secs] [Times: user=1.39 sys=0.04, real=0.14 secs] 
2014-04-07T18:21:44.577+0900: 212.449: [CMS-concurrent-sweep: 1.635/1.990 secs] [Times: user=7.60 sys=0.16, real=1.99 secs] 
2014-04-07T18:21:44.577+0900: 212.449: [CMS-concurrent-reset-start]
2014-04-07T18:21:44.642+0900: 212.514: [CMS-concurrent-reset: 0.065/0.065 secs] [Times: user=0.07 sys=0.00, real=0.06 secs] 
2014-04-07T18:21:46.643+0900: 214.515: [GC (CMS Initial Mark) [1 CMS-initial-mark: 9133157K(24058304K)] 9483938K(25055104K), 0.0576441 secs] [Times: user=0.55 sys=0.00, real=0.05 secs] 
2014-04-07T18:21:46.701+0900: 214.573: [CMS-concurrent-mark-start]
2014-04-07T18:21:48.802+0900: 216.674: [CMS-concurrent-mark: 2.101/2.101 secs] [Times: user=7.94 sys=0.20, real=2.11 secs] 
2014-04-07T18:21:48.802+0900: 216.674: [CMS-concurrent-preclean-start]
2014-04-07T18:21:48.869+0900: 216.741: [CMS-concurrent-preclean: 0.067/0.067 secs] [Times: user=0.07 sys=0.00, real=0.06 secs] 
2014-04-07T18:21:48.869+0900: 216.741: [CMS-concurrent-abortable-preclean-start]
 CMS: abort preclean due to time 2014-04-07T18:21:53.944+0900: 221.816: [CMS-concurrent-abortable-preclean: 4.173/5.075 secs] [Times: user=4.20 sys=0.00, real=5.08 secs] 
2014-04-07T18:21:53.946+0900: 221.818: [GC (CMS Final Remark) [YG occupancy: 351013 K (996800 K)]221.818: [Rescan (parallel) , 0.0652020 secs]221.883: [weak refs processing, 0.0000616 secs]221.883: [class unloading, 0.0419063 secs]221.925: [scrub symbol table, 0.0043312 secs]221.930: [scrub string table, 0.0012434 secs][1 CMS-remark: 9133157K(24058304K)] 9484171K(25055104K), 0.1195823 secs] [Times: user=0.88 sys=0.00, real=0.12 secs] 
2014-04-07T18:21:54.066+0900: 221.938: [CMS-concurrent-sweep-start]
2014-04-07T18:21:55.328+0900: 223.200: [CMS-concurrent-sweep: 1.262/1.262 secs] [Times: user=1.26 sys=0.00, real=1.26 secs] 
2014-04-07T18:21:55.328+0900: 223.200: [CMS-concurrent-reset-start]
2014-04-07T18:21:55.391+0900: 223.263: [CMS-concurrent-reset: 0.063/0.063 secs] [Times: user=0.06 sys=0.00, real=0.06 secs] 
2014-04-07T18:21:57.392+0900: 225.264: [GC (CMS Initial Mark) [1 CMS-initial-mark: 8710144K(24058304K)] 9062956K(25055104K), 0.0601349 secs] [Times: user=0.54 sys=0.00, real=0.06 secs] 
2014-04-07T18:21:57.452+0900: 225.325: [CMS-concurrent-mark-start]
2014-04-07T18:21:59.427+0900: 227.299: [CMS-concurrent-mark: 1.975/1.975 secs] [Times: user=7.53 sys=0.15, real=1.98 secs] 
2014-04-07T18:21:59.427+0900: 227.300: [CMS-concurrent-preclean-start]
2014-04-07T18:21:59.494+0900: 227.366: [CMS-concurrent-preclean: 0.067/0.067 secs] [Times: user=0.07 sys=0.00, real=0.06 secs] 
2014-04-07T18:21:59.494+0900: 227.366: [CMS-concurrent-abortable-preclean-start]
2014-04-07T18:22:03.374+0900: 231.246: [GC (Allocation Failure) 231.246: [ParNew: 996330K->42490K(996800K), 0.0797770 secs] 9706474K->8752634K(25055104K), 0.0800397 secs] [Times: user=1.02 sys=0.00, real=0.08 secs] 
2014-04-07T18:22:03.783+0900: 231.655: [CMS-concurrent-abortable-preclean: 3.395/4.289 secs] [Times: user=8.27 sys=0.00, real=4.28 secs] 
2014-04-07T18:22:03.784+0900: 231.656: [GC (CMS Final Remark) [YG occupancy: 691311 K (996800 K)]231.657: [Rescan (parallel) , 0.0967951 secs]231.753: [weak refs processing, 0.0000632 secs]231.753: [class unloading, 0.0420608 secs]231.796: [scrub symbol table, 0.0043239 secs]231.800: [scrub string table, 0.0012435 secs][1 CMS-remark: 8710144K(24058304K)] 9401456K(25055104K), 0.1513923 secs] [Times: user=1.29 sys=0.00, real=0.16 secs] 
2014-04-07T18:22:03.937+0900: 231.809: [CMS-concurrent-sweep-start]
2014-04-07T18:22:04.067+0900: 231.939: [GC (Allocation Failure) 231.939: [ParNew: 928570K->43583K(996800K), 0.0838687 secs] 9638713K->8753726K(25055104K), 0.0840997 secs] [Times: user=1.07 sys=0.00, real=0.08 secs] 
2014-04-07T18:22:04.688+0900: 232.560: [GC (Allocation Failure) 232.560: [ParNew: 929514K->110720K(996800K), 0.1185740 secs] 9639654K->8892421K(25055104K), 0.1188156 secs] [Times: user=1.22 sys=0.01, real=0.12 secs] 
2014-04-07T18:22:05.367+0900: 233.239: [GC (Allocation Failure) 233.239: [ParNew: 996800K->110720K(996800K), 0.1396956 secs] 9778501K->9057369K(25055104K), 0.1399311 secs] [Times: user=1.40 sys=0.02, real=0.14 secs] 
2014-04-07T18:22:05.508+0900: 233.380: [CMS-concurrent-sweep: 1.223/1.571 secs] [Times: user=8.56 sys=0.24, real=1.57 secs] 
2014-04-07T18:22:05.508+0900: 233.380: [CMS-concurrent-reset-start]
2014-04-07T18:22:05.579+0900: 233.451: [CMS-concurrent-reset: 0.071/0.071 secs] [Times: user=0.28 sys=0.00, real=0.07 secs] 
2014-04-07T18:22:06.014+0900: 233.886: [GC (Allocation Failure) 233.886: [ParNew: 996484K->110720K(996800K), 0.1113594 secs] 9943134K->9205519K(25055104K), 0.1116042 secs] [Times: user=0.98 sys=0.05, real=0.12 secs] 
2014-04-07T18:22:06.128+0900: 234.000: [GC (CMS Initial Mark) [1 CMS-initial-mark: 9094799K(24058304K)] 9213715K(25055104K), 0.0044006 secs] [Times: user=0.03 sys=0.00, real=0.00 secs] 
2014-04-07T18:22:06.132+0900: 234.004: [CMS-concurrent-mark-start]
2014-04-07T18:22:06.774+0900: 234.646: [GC (Allocation Failure) 234.646: [ParNew: 993325K->110720K(996800K), 0.1526117 secs] 10088124K->9349230K(25055104K), 0.1528583 secs] [Times: user=1.07 sys=0.08, real=0.16 secs] 
2014-04-07T18:22:07.457+0900: 235.329: [GC (Allocation Failure) 235.329: [ParNew: 996800K->110720K(996800K), 0.2195526 secs] 10235310K->9521185K(25055104K), 0.2197979 secs] [Times: user=1.17 sys=0.12, real=0.22 secs] 
2014-04-07T18:22:08.321+0900: 236.193: [GC (Allocation Failure) 236.193: [ParNew: 996800K->110720K(996800K), 0.2047081 secs] 10407265K->9676259K(25055104K), 0.2050174 secs] [Times: user=1.09 sys=0.12, real=0.21 secs] 
2014-04-07T18:22:08.747+0900: 236.619: [CMS-concurrent-mark: 2.033/2.615 secs] [Times: user=17.02 sys=0.90, real=2.62 secs] 
2014-04-07T18:22:08.747+0900: 236.619: [CMS-concurrent-preclean-start]
2014-04-07T18:22:09.052+0900: 236.925: [GC (Allocation Failure) 236.925: [ParNew: 993450K->110720K(996800K), 0.2257446 secs] 10558989K->9863341K(25055104K), 0.2259807 secs] [Times: user=1.12 sys=0.11, real=0.23 secs] 
2014-04-07T18:22:09.704+0900: 237.577: [GC (Allocation Failure) 237.577: [ParNew: 996798K->110720K(996800K), 0.2259821 secs] 10749419K->10029525K(25055104K), 0.2262249 secs] [Times: user=1.09 sys=0.13, real=0.23 secs] 
2014-04-07T18:22:10.347+0900: 238.219: [GC (Allocation Failure) 238.219: [ParNew: 996432K->110720K(996800K), 0.2419738 secs] 10915237K->10191419K(25055104K), 0.2422134 secs] [Times: user=1.17 sys=0.12, real=0.24 secs] 
2014-04-07T18:22:10.958+0900: 238.830: [GC (Allocation Failure) 238.830: [ParNew: 996800K->110720K(996800K), 0.2503232 secs] 11077499K->10401249K(25055104K), 0.2505566 secs] [Times: user=1.20 sys=0.12, real=0.25 secs] 
2014-04-07T18:22:11.291+0900: 239.163: [CMS-concurrent-preclean: 1.393/2.543 secs] [Times: user=12.38 sys=0.82, real=2.54 secs] 
2014-04-07T18:22:11.291+0900: 239.163: [CMS-concurrent-abortable-preclean-start]
2014-04-07T18:22:11.762+0900: 239.634: [GC (Allocation Failure) 239.634: [ParNew: 996800K->110720K(996800K), 0.2740636 secs] 11287329K->10551331K(25055104K), 0.2743010 secs] [Times: user=1.12 sys=0.14, real=0.27 secs] 
2014-04-07T18:22:12.393+0900: 240.265: [CMS-concurrent-abortable-preclean: 0.762/1.102 secs] [Times: user=4.15 sys=0.28, real=1.10 secs] 
2014-04-07T18:22:12.395+0900: 240.267: [GC (CMS Final Remark) [YG occupancy: 585991 K (996800 K)]240.267: [Rescan (parallel) , 0.0511453 secs]240.318: [weak refs processing, 0.0001392 secs]240.319: [class unloading, 0.0423173 secs]240.361: [scrub symbol table, 0.0043308 secs]240.365: [scrub string table, 0.0012491 secs][1 CMS-remark: 10440611K(24058304K)] 11026602K(25055104K), 0.1061221 secs] [Times: user=0.71 sys=0.00, real=0.11 secs] 
2014-04-07T18:22:12.502+0900: 240.374: [CMS-concurrent-sweep-start]
2014-04-07T18:22:12.719+0900: 240.591: [GC (Allocation Failure) 240.591: [ParNew: 990466K->110720K(996800K), 0.1284956 secs] 11280301K->10557818K(25055104K), 0.1287389 secs] [Times: user=1.09 sys=0.04, real=0.13 secs] 
2014-04-07T18:22:13.270+0900: 241.142: [GC (Allocation Failure) 241.143: [ParNew: 996800K->110720K(996800K), 0.1116698 secs] 11101207K->10365194K(25055104K), 0.1119078 secs] [Times: user=1.07 sys=0.03, real=0.11 secs] 
2014-04-07T18:22:14.028+0900: 241.901: [GC (Allocation Failure) 241.901: [ParNew: 986571K->110720K(996800K), 0.1059061 secs] 10778967K->10050803K(25055104K), 0.1061530 secs] [Times: user=1.05 sys=0.05, real=0.10 secs] 
2014-04-07T18:22:14.849+0900: 242.721: [CMS-concurrent-sweep: 1.995/2.347 secs] [Times: user=10.72 sys=0.39, real=2.35 secs] 
2014-04-07T18:22:14.849+0900: 242.721: [CMS-concurrent-reset-start]
2014-04-07T18:22:14.942+0900: 242.814: [CMS-concurrent-reset: 0.092/0.092 secs] [Times: user=0.28 sys=0.00, real=0.09 secs] 
2014-04-07T18:22:14.994+0900: 242.866: [GC (Allocation Failure) 242.867: [ParNew: 995504K->110720K(996800K), 0.0907076 secs] 10068178K->9300592K(25055104K), 0.0909192 secs] [Times: user=0.96 sys=0.03, real=0.09 secs] 
2014-04-07T18:22:15.088+0900: 242.960: [GC (CMS Initial Mark) [1 CMS-initial-mark: 9189872K(24058304K)] 9310855K(25055104K), 0.0029170 secs] [Times: user=0.03 sys=0.00, real=0.00 secs] 
2014-04-07T18:22:15.091+0900: 242.963: [CMS-concurrent-mark-start]
2014-04-07T18:22:15.716+0900: 243.588: [GC (Allocation Failure) 243.588: [ParNew: 996800K->110720K(996800K), 0.1151302 secs] 10186672K->9465561K(25055104K), 0.1153776 secs] [Times: user=1.11 sys=0.04, real=0.12 secs] 
2014-04-07T18:22:17.232+0900: 245.104: [GC (Allocation Failure) 245.104: [ParNew: 996800K->98059K(996800K), 0.0790305 secs] 10351641K->9555403K(25055104K), 0.0792306 secs] [Times: user=0.72 sys=0.03, real=0.08 secs] 
2014-04-07T18:22:17.534+0900: 245.406: [CMS-concurrent-mark: 2.245/2.443 secs] [Times: user=14.37 sys=0.47, real=2.44 secs] 
2014-04-07T18:22:17.534+0900: 245.406: [CMS-concurrent-preclean-start]
2014-04-07T18:22:18.010+0900: 245.882: [CMS-concurrent-preclean: 0.424/0.476 secs] [Times: user=0.48 sys=0.00, real=0.48 secs] 
2014-04-07T18:22:18.010+0900: 245.882: [CMS-concurrent-abortable-preclean-start]
 CMS: abort preclean due to time 2014-04-07T18:22:23.062+0900: 250.934: [CMS-concurrent-abortable-preclean: 3.750/5.052 secs] [Times: user=4.28 sys=0.00, real=5.05 secs] 
2014-04-07T18:22:23.064+0900: 250.936: [GC (CMS Final Remark) [YG occupancy: 454909 K (996800 K)]250.936: [Rescan (parallel) , 0.0660722 secs]251.002: [weak refs processing, 0.0000645 secs]251.002: [class unloading, 0.0425129 secs]251.044: [scrub symbol table, 0.0043520 secs]251.049: [scrub string table, 0.0012429 secs][1 CMS-remark: 9457344K(24058304K)] 9912253K(25055104K), 0.1211788 secs] [Times: user=0.89 sys=0.00, real=0.12 secs] 
2014-04-07T18:22:23.186+0900: 251.058: [CMS-concurrent-sweep-start]
2014-04-07T18:22:24.539+0900: 252.411: [CMS-concurrent-sweep: 1.353/1.353 secs] [Times: user=1.36 sys=0.00, real=1.36 secs] 
2014-04-07T18:22:24.539+0900: 252.411: [CMS-concurrent-reset-start]
2014-04-07T18:22:24.614+0900: 252.486: [CMS-concurrent-reset: 0.075/0.075 secs] [Times: user=0.08 sys=0.00, real=0.07 secs] 
2014-04-07T18:22:26.614+0900: 254.486: [GC (CMS Initial Mark) [1 CMS-initial-mark: 8820467K(24058304K)] 9276708K(25055104K), 0.0533146 secs] [Times: user=0.67 sys=0.00, real=0.05 secs] 
2014-04-07T18:22:26.668+0900: 254.540: [CMS-concurrent-mark-start]
2014-04-07T18:22:29.074+0900: 256.946: [CMS-concurrent-mark: 2.404/2.405 secs] [Times: user=9.06 sys=0.25, real=2.40 secs] 
2014-04-07T18:22:29.074+0900: 256.946: [CMS-concurrent-preclean-start]
2014-04-07T18:22:29.140+0900: 257.012: [CMS-concurrent-preclean: 0.066/0.066 secs] [Times: user=0.07 sys=0.00, real=0.07 secs] 
2014-04-07T18:22:29.140+0900: 257.012: [CMS-concurrent-abortable-preclean-start]
2014-04-07T18:22:33.992+0900: 261.864: [GC (Allocation Failure) 261.864: [ParNew: 984139K->67058K(996800K), 0.0621132 secs] 9804606K->8936006K(25055104K), 0.0623507 secs] [Times: user=0.60 sys=0.02, real=0.06 secs] 
 CMS: abort preclean due to time 2014-04-07T18:22:34.282+0900: 262.154: [CMS-concurrent-abortable-preclean: 3.958/5.142 secs] [Times: user=6.60 sys=0.02, real=5.14 secs] 
2014-04-07T18:22:34.284+0900: 262.156: [GC (CMS Final Remark) [YG occupancy: 375239 K (996800 K)]262.156: [Rescan (parallel) , 0.0555772 secs]262.211: [weak refs processing, 0.0000754 secs]262.211: [class unloading, 0.0400462 secs]262.252: [scrub symbol table, 0.0040933 secs]262.256: [scrub string table, 0.0011866 secs][1 CMS-remark: 8868947K(24058304K)] 9244186K(25055104K), 0.1074893 secs] [Times: user=0.75 sys=0.00, real=0.11 secs] 
2014-04-07T18:22:34.392+0900: 262.264: [CMS-concurrent-sweep-start]
2014-04-07T18:22:34.832+0900: 262.704: [GC (Allocation Failure) 262.704: [ParNew: 953138K->16787K(996800K), 0.0311776 secs] 9819989K->8883637K(25055104K), 0.0314098 secs] [Times: user=0.39 sys=0.00, real=0.03 secs] 
2014-04-07T18:22:35.455+0900: 263.327: [GC (Allocation Failure) 263.327: [ParNew: 902867K->110720K(996800K), 0.0805368 secs] 9762675K->9036659K(25055104K), 0.0807379 secs] [Times: user=0.80 sys=0.02, real=0.08 secs] 
2014-04-07T18:22:36.016+0900: 263.888: [CMS-concurrent-sweep: 1.504/1.624 secs] [Times: user=6.75 sys=0.20, real=1.62 secs] 
2014-04-07T18:22:36.016+0900: 263.888: [CMS-concurrent-reset-start]
2014-04-07T18:22:36.065+0900: 263.937: [GC (Allocation Failure) 263.937: [ParNew: 996800K->110720K(996800K), 0.0959506 secs] 9809340K->9082302K(25055104K), 0.0961637 secs] [Times: user=1.01 sys=0.02, real=0.10 secs] 
2014-04-07T18:22:36.215+0900: 264.087: [CMS-concurrent-reset: 0.101/0.199 secs] [Times: user=1.41 sys=0.02, real=0.20 secs] 
2014-04-07T18:22:36.598+0900: 264.470: [GC (Allocation Failure) 264.470: [ParNew: 996800K->110720K(996800K), 0.1351873 secs] 9968382K->9276718K(25055104K), 0.1353835 secs] [Times: user=1.06 sys=0.05, real=0.14 secs] 
2014-04-07T18:22:36.735+0900: 264.607: [GC (CMS Initial Mark) [1 CMS-initial-mark: 9165998K(24058304K)] 9277886K(25055104K), 0.0037999 secs] [Times: user=0.04 sys=0.01, real=0.00 secs] 
2014-04-07T18:22:36.738+0900: 264.611: [CMS-concurrent-mark-start]
2014-04-07T18:22:37.277+0900: 265.149: [GC (Allocation Failure) 265.149: [ParNew: 996800K->110720K(996800K), 0.1909437 secs] 10162798K->9452050K(25055104K), 0.1911565 secs] [Times: user=1.01 sys=0.11, real=0.19 secs] 
2014-04-07T18:22:37.990+0900: 265.862: [GC (Allocation Failure) 265.862: [ParNew: 994290K->110720K(996800K), 0.1951484 secs] 10335621K->9619155K(25055104K), 0.1953542 secs] [Times: user=1.11 sys=0.09, real=0.20 secs] 
2014-04-07T18:22:38.860+0900: 266.732: [GC (Allocation Failure) 266.732: [ParNew: 996800K->110720K(996800K), 0.2295866 secs] 10505235K->9821319K(25055104K), 0.2297895 secs] [Times: user=1.20 sys=0.10, real=0.23 secs] 
2014-04-07T18:22:39.106+0900: 266.978: [CMS-concurrent-mark: 1.748/2.367 secs] [Times: user=15.01 sys=0.76, real=2.37 secs] 
2014-04-07T18:22:39.106+0900: 266.978: [CMS-concurrent-preclean-start]
2014-04-07T18:22:39.646+0900: 267.518: [GC (Allocation Failure) 267.518: [ParNew: 996800K->110720K(996800K), 0.1850985 secs] 10707399K->10005300K(25055104K), 0.1853185 secs] [Times: user=1.10 sys=0.10, real=0.19 secs] 
2014-04-07T18:22:40.284+0900: 268.156: [GC (Allocation Failure) 268.156: [ParNew: 996800K->110720K(996800K), 0.2398422 secs] 10891380K->10232700K(25055104K), 0.2400510 secs] [Times: user=1.08 sys=0.13, real=0.24 secs] 
2014-04-07T18:22:40.592+0900: 268.464: [CMS-concurrent-preclean: 0.933/1.486 secs] [Times: user=6.22 sys=0.41, real=1.49 secs] 
2014-04-07T18:22:40.592+0900: 268.465: [CMS-concurrent-abortable-preclean-start]
2014-04-07T18:22:41.201+0900: 269.073: [GC (Allocation Failure) 269.073: [ParNew: 996800K->110720K(996800K), 0.2093675 secs] 11118780K->10394115K(25055104K), 0.2095765 secs] [Times: user=0.99 sys=0.12, real=0.21 secs] 
2014-04-07T18:22:41.448+0900: 269.320: [CMS-concurrent-abortable-preclean: 0.602/0.856 secs] [Times: user=2.99 sys=0.21, real=0.85 secs] 
2014-04-07T18:22:41.449+0900: 269.321: [GC (CMS Final Remark) [YG occupancy: 169285 K (996800 K)]269.321: [Rescan (parallel) , 0.0325712 secs]269.354: [weak refs processing, 0.0001159 secs]269.354: [class unloading, 0.0439839 secs]269.398: [scrub symbol table, 0.0048378 secs]269.403: [scrub string table, 0.0014148 secs][1 CMS-remark: 10283395K(24058304K)] 10452680K(25055104K), 0.0898930 secs] [Times: user=0.47 sys=0.00, real=0.09 secs] 
2014-04-07T18:22:41.539+0900: 269.411: [CMS-concurrent-sweep-start]
2014-04-07T18:22:42.169+0900: 270.042: [GC (Allocation Failure) 270.042: [ParNew: 996800K->110720K(996800K), 0.1102518 secs] 10701793K->9967339K(25055104K), 0.1104623 secs] [Times: user=0.98 sys=0.04, real=0.11 secs] 
2014-04-07T18:22:42.901+0900: 270.773: [GC (Allocation Failure) 270.773: [ParNew: 993861K->110720K(996800K), 0.1071005 secs] 10074447K->9334936K(25055104K), 0.1073092 secs] [Times: user=1.05 sys=0.05, real=0.11 secs] 
2014-04-07T18:22:43.532+0900: 271.404: [CMS-concurrent-sweep: 1.773/1.992 secs] [Times: user=7.52 sys=0.35, real=2.00 secs] 
2014-04-07T18:22:43.532+0900: 271.404: [CMS-concurrent-reset-start]
2014-04-07T18:22:43.620+0900: 271.492: [CMS-concurrent-reset: 0.088/0.088 secs] [Times: user=0.27 sys=0.00, real=0.08 secs] 
2014-04-07T18:22:43.699+0900: 271.571: [GC (Allocation Failure) 271.571: [ParNew: 991803K->110720K(996800K), 0.1144868 secs] 9297713K->8571545K(25055104K), 0.1147135 secs] [Times: user=1.04 sys=0.03, real=0.12 secs] 
2014-04-07T18:22:43.816+0900: 271.688: [GC (CMS Initial Mark) [1 CMS-initial-mark: 8460825K(24058304K)] 8579948K(25055104K), 0.0034361 secs] [Times: user=0.03 sys=0.00, real=0.00 secs] 
2014-04-07T18:22:43.820+0900: 271.692: [CMS-concurrent-mark-start]
2014-04-07T18:22:44.613+0900: 272.485: [GC (Allocation Failure) 272.486: [ParNew: 996800K->110720K(996800K), 0.1090412 secs] 9457625K->8711386K(25055104K), 0.1092608 secs] [Times: user=1.03 sys=0.07, real=0.11 secs] 
2014-04-07T18:22:45.252+0900: 273.124: [GC (Allocation Failure) 273.124: [ParNew: 996800K->110720K(996800K), 0.1142973 secs] 9597466K->8884403K(25055104K), 0.1144777 secs] [Times: user=1.10 sys=0.04, real=0.11 secs] 
2014-04-07T18:22:45.827+0900: 273.699: [GC (Allocation Failure) 273.699: [ParNew: 996800K->110720K(996800K), 0.1052566 secs] 9770483K->9071955K(25055104K), 0.1054375 secs] [Times: user=0.99 sys=0.03, real=0.11 secs] 
2014-04-07T18:22:46.202+0900: 274.074: [CMS-concurrent-mark: 2.050/2.382 secs] [Times: user=16.86 sys=0.58, real=2.39 secs] 
2014-04-07T18:22:46.202+0900: 274.074: [CMS-concurrent-preclean-start]
2014-04-07T18:22:46.332+0900: 274.204: [GC (Allocation Failure) 274.204: [ParNew: 990441K->110720K(996800K), 0.0996031 secs] 9951676K->9223184K(25055104K), 0.0997826 secs] [Times: user=0.94 sys=0.04, real=0.10 secs] 
2014-04-07T18:22:47.196+0900: 275.068: [CMS-concurrent-preclean: 0.784/0.994 secs] [Times: user=3.23 sys=0.12, real=0.99 secs] 
2014-04-07T18:22:47.196+0900: 275.068: [CMS-concurrent-abortable-preclean-start]
2014-04-07T18:22:47.438+0900: 275.310: [CMS-concurrent-abortable-preclean: 0.241/0.241 secs] [Times: user=0.50 sys=0.01, real=0.24 secs] 
2014-04-07T18:22:47.439+0900: 275.311: [GC (CMS Final Remark) [YG occupancy: 952304 K (996800 K)]275.311: [Rescan (parallel) , 0.0414353 secs]275.352: [weak refs processing, 0.0000624 secs]275.353: [class unloading, 0.0440412 secs]275.397: [scrub symbol table, 0.0048329 secs]275.401: [scrub string table, 0.0014131 secs][1 CMS-remark: 9112464K(24058304K)] 10064769K(25055104K), 0.0988099 secs] [Times: user=0.58 sys=0.00, real=0.10 secs] 
2014-04-07T18:22:47.539+0900: 275.411: [CMS-concurrent-sweep-start]
2014-04-07T18:22:47.619+0900: 275.491: [GC (Allocation Failure) 275.491: [ParNew: 996800K->110720K(996800K), 0.1120947 secs] 10108672K->9346465K(25055104K), 0.1123052 secs] [Times: user=1.04 sys=0.05, real=0.12 secs] 
2014-04-07T18:22:48.988+0900: 276.861: [CMS-concurrent-sweep: 1.336/1.450 secs] [Times: user=3.77 sys=0.14, real=1.45 secs] 
2014-04-07T18:22:48.989+0900: 276.861: [CMS-concurrent-reset-start]
2014-04-07T18:22:49.069+0900: 276.941: [CMS-concurrent-reset: 0.080/0.080 secs] [Times: user=0.16 sys=0.00, real=0.08 secs] 
2014-04-07T18:22:49.083+0900: 276.956: [GC (Allocation Failure) 276.956: [ParNew: 996800K->110720K(996800K), 0.2316523 secs] 9715525K->8957238K(25055104K), 0.2318704 secs] [Times: user=0.97 sys=0.11, real=0.23 secs] 
2014-04-07T18:22:49.316+0900: 277.188: [GC (CMS Initial Mark) [1 CMS-initial-mark: 8846518K(24058304K)] 8959260K(25055104K), 0.0038330 secs] [Times: user=0.03 sys=0.00, real=0.00 secs] 
2014-04-07T18:22:49.320+0900: 277.192: [CMS-concurrent-mark-start]
2014-04-07T18:22:50.252+0900: 278.124: [GC (Allocation Failure) 278.124: [ParNew: 996800K->110720K(996800K), 0.2035785 secs] 9843318K->9073685K(25055104K), 0.2037642 secs] [Times: user=0.80 sys=0.08, real=0.21 secs] 
2014-04-07T18:22:51.276+0900: 279.148: [CMS-concurrent-mark: 1.750/1.956 secs] [Times: user=10.14 sys=0.28, real=1.96 secs] 
2014-04-07T18:22:51.276+0900: 279.148: [CMS-concurrent-preclean-start]
2014-04-07T18:22:51.522+0900: 279.394: [CMS-concurrent-preclean: 0.226/0.246 secs] [Times: user=0.25 sys=0.00, real=0.24 secs] 
2014-04-07T18:22:51.522+0900: 279.394: [CMS-concurrent-abortable-preclean-start]
 CMS: abort preclean due to time 2014-04-07T18:22:56.642+0900: 284.514: [CMS-concurrent-abortable-preclean: 3.818/5.121 secs] [Times: user=3.84 sys=0.00, real=5.12 secs] 
2014-04-07T18:22:56.644+0900: 284.516: [GC (CMS Final Remark) [YG occupancy: 706515 K (996800 K)]284.516: [Rescan (parallel) , 0.1009260 secs]284.617: [weak refs processing, 0.0000764 secs]284.617: [class unloading, 0.0440595 secs]284.661: [scrub symbol table, 0.0048403 secs]284.666: [scrub string table, 0.0014196 secs][1 CMS-remark: 8962965K(24058304K)] 9669481K(25055104K), 0.1583299 secs] [Times: user=1.35 sys=0.00, real=0.15 secs] 
2014-04-07T18:22:56.803+0900: 284.675: [CMS-concurrent-sweep-start]
2014-04-07T18:22:58.101+0900: 285.973: [CMS-concurrent-sweep: 1.297/1.297 secs] [Times: user=1.31 sys=0.00, real=1.30 secs] 
2014-04-07T18:22:58.101+0900: 285.973: [CMS-concurrent-reset-start]
2014-04-07T18:22:58.176+0900: 286.048: [CMS-concurrent-reset: 0.075/0.075 secs] [Times: user=0.08 sys=0.00, real=0.08 secs] 
2014-04-07T18:23:00.176+0900: 288.048: [GC (CMS Initial Mark) [1 CMS-initial-mark: 8713762K(24058304K)] 9420454K(25055104K), 0.0883832 secs] [Times: user=1.12 sys=0.00, real=0.09 secs] 
2014-04-07T18:23:00.265+0900: 288.138: [CMS-concurrent-mark-start]
2014-04-07T18:23:02.021+0900: 289.893: [CMS-concurrent-mark: 1.755/1.755 secs] [Times: user=6.85 sys=0.09, real=1.75 secs] 
2014-04-07T18:23:02.021+0900: 289.893: [CMS-concurrent-preclean-start]
2014-04-07T18:23:02.090+0900: 289.962: [CMS-concurrent-preclean: 0.069/0.069 secs] [Times: user=0.07 sys=0.00, real=0.07 secs] 
2014-04-07T18:23:02.090+0900: 289.962: [CMS-concurrent-abortable-preclean-start]
2014-04-07T18:23:05.347+0900: 293.219: [GC (Allocation Failure) 293.220: [ParNew: 996800K->72528K(996800K), 0.1593550 secs] 9710562K->8860720K(25055104K), 0.1595726 secs] [Times: user=0.69 sys=0.08, real=0.16 secs] 
2014-04-07T18:23:06.257+0900: 294.129: [CMS-concurrent-abortable-preclean: 3.020/4.166 secs] [Times: user=6.02 sys=0.08, real=4.17 secs] 
2014-04-07T18:23:06.258+0900: 294.130: [GC (CMS Final Remark) [YG occupancy: 734237 K (996800 K)]294.130: [Rescan (parallel) , 0.1085542 secs]294.239: [weak refs processing, 0.0000618 secs]294.239: [class unloading, 0.0443101 secs]294.283: [scrub symbol table, 0.0048150 secs]294.288: [scrub string table, 0.0014177 secs][1 CMS-remark: 8788192K(24058304K)] 9522429K(25055104K), 0.1661932 secs] [Times: user=1.45 sys=0.00, real=0.17 secs] 
2014-04-07T18:23:06.425+0900: 294.297: [CMS-concurrent-sweep-start]
2014-04-07T18:23:06.659+0900: 294.531: [GC (Allocation Failure) 294.531: [ParNew: 958608K->18147K(996800K), 0.0320348 secs] 9746799K->8806337K(25055104K), 0.0322144 secs] [Times: user=0.40 sys=0.00, real=0.03 secs] 
2014-04-07T18:23:07.451+0900: 295.323: [GC (Allocation Failure) 295.323: [ParNew: 903390K->110720K(996800K), 0.1389291 secs] 9691439K->8948305K(25055104K), 0.1391340 secs] [Times: user=0.76 sys=0.05, real=0.14 secs] 
2014-04-07T18:23:08.024+0900: 295.896: [CMS-concurrent-sweep: 1.425/1.599 secs] [Times: user=5.56 sys=0.21, real=1.60 secs] 
2014-04-07T18:23:08.024+0900: 295.897: [CMS-concurrent-reset-start]
2014-04-07T18:23:08.115+0900: 295.987: [CMS-concurrent-reset: 0.090/0.090 secs] [Times: user=0.26 sys=0.02, real=0.09 secs] 
2014-04-07T18:23:08.487+0900: 296.360: [GC (Allocation Failure) 296.360: [ParNew: 991532K->110720K(996800K), 0.1146732 secs] 9808796K->9052251K(25055104K), 0.1148569 secs] [Times: user=1.03 sys=0.04, real=0.11 secs] 
2014-04-07T18:23:08.605+0900: 296.477: [GC (CMS Initial Mark) [1 CMS-initial-mark: 8941531K(24058304K)] 9062418K(25055104K), 0.0024882 secs] [Times: user=0.02 sys=0.00, real=0.00 secs] 
2014-04-07T18:23:08.608+0900: 296.480: [CMS-concurrent-mark-start]
2014-04-07T18:23:09.800+0900: 297.672: [CMS-concurrent-mark: 1.193/1.193 secs] [Times: user=5.86 sys=0.14, real=1.19 secs] 
2014-04-07T18:23:09.801+0900: 297.673: [CMS-concurrent-preclean-start]
2014-04-07T18:23:09.901+0900: 297.773: [CMS-concurrent-preclean: 0.098/0.100 secs] [Times: user=0.20 sys=0.01, real=0.10 secs] 
2014-04-07T18:23:09.901+0900: 297.773: [CMS-concurrent-abortable-preclean-start]
2014-04-07T18:23:09.926+0900: 297.798: [GC (Allocation Failure) 297.798: [ParNew: 994877K->110720K(996800K), 0.0831396 secs] 9936409K->9182646K(25055104K), 0.0832896 secs] [Times: user=0.80 sys=0.03, real=0.08 secs] 
2014-04-07T18:23:10.858+0900: 298.730: [CMS-concurrent-abortable-preclean: 0.853/0.956 secs] [Times: user=2.58 sys=0.11, real=0.96 secs] 
2014-04-07T18:23:10.859+0900: 298.731: [GC (CMS Final Remark) [YG occupancy: 703911 K (996800 K)]298.731: [Rescan (parallel) , 0.0282713 secs]298.759: [weak refs processing, 0.0001179 secs]298.759: [class unloading, 0.0441973 secs]298.804: [scrub symbol table, 0.0048248 secs]298.808: [scrub string table, 0.0014177 secs][1 CMS-remark: 9071926K(24058304K)] 9775837K(25055104K), 0.0858764 secs] [Times: user=0.41 sys=0.00, real=0.08 secs] 
2014-04-07T18:23:10.945+0900: 298.817: [CMS-concurrent-sweep-start]
2014-04-07T18:23:11.275+0900: 299.147: [GC (Allocation Failure) 299.147: [ParNew: 996772K->110720K(996800K), 0.1133467 secs] 9553552K->8823193K(25055104K), 0.1135257 secs] [Times: user=0.89 sys=0.06, real=0.12 secs] 
2014-04-07T18:23:11.988+0900: 299.860: [GC (Allocation Failure) 299.860: [ParNew: 996800K->110720K(996800K), 0.1086927 secs] 8765445K->8074839K(25055104K), 0.1088715 secs] [Times: user=0.96 sys=0.05, real=0.11 secs] 
2014-04-07T18:23:12.784+0900: 300.656: [GC (Allocation Failure) 300.656: [ParNew: 996800K->110720K(996800K), 0.1039657 secs] 8199859K->7488098K(25055104K), 0.1041510 secs] [Times: user=0.97 sys=0.03, real=0.11 secs] 
2014-04-07T18:23:13.145+0900: 301.017: [CMS-concurrent-sweep: 1.870/2.200 secs] [Times: user=8.32 sys=0.41, real=2.20 secs] 
2014-04-07T18:23:13.145+0900: 301.017: [CMS-concurrent-reset-start]
2014-04-07T18:23:13.229+0900: 301.101: [CMS-concurrent-reset: 0.084/0.084 secs] [Times: user=0.26 sys=0.00, real=0.09 secs] 
2014-04-07T18:23:13.620+0900: 301.492: [GC (Allocation Failure) 301.492: [ParNew: 988840K->110720K(996800K), 0.2116110 secs] 7659124K->6970861K(25055104K), 0.2117915 secs] [Times: user=2.24 sys=0.03, real=0.21 secs] 
2014-04-07T18:23:16.737+0900: 304.609: [GC (Allocation Failure) 304.609: [ParNew: 991130K->110720K(996800K), 0.2092353 secs] 7851271K->7108246K(25055104K), 0.2094169 secs] [Times: user=2.26 sys=0.02, real=0.20 secs] 
2014-04-07T18:23:17.608+0900: 305.480: [GC (Allocation Failure) 305.480: [ParNew: 996800K->110720K(996800K), 0.1204845 secs] 7994326K->7301067K(25055104K), 0.1206607 secs] [Times: user=1.11 sys=0.05, real=0.12 secs] 
2014-04-07T18:23:18.424+0900: 306.296: [GC (Allocation Failure) 306.296: [ParNew: 996800K->110720K(996800K), 0.1207251 secs] 8187147K->7496512K(25055104K), 0.1209255 secs] [Times: user=1.08 sys=0.04, real=0.12 secs] 
2014-04-07T18:23:18.546+0900: 306.418: [GC (CMS Initial Mark) [1 CMS-initial-mark: 7385792K(24058304K)] 7498368K(25055104K), 0.0043671 secs] [Times: user=0.03 sys=0.00, real=0.01 secs] 
2014-04-07T18:23:18.550+0900: 306.422: [CMS-concurrent-mark-start]
2014-04-07T18:23:19.362+0900: 307.234: [GC (Allocation Failure) 307.234: [ParNew: 991120K->110720K(996800K), 0.2055244 secs] 8376913K->7679186K(25055104K), 0.2056959 secs] [Times: user=2.14 sys=0.01, real=0.21 secs] 
2014-04-07T18:23:19.887+0900: 307.759: [CMS-concurrent-mark: 1.130/1.337 secs] [Times: user=8.97 sys=0.22, real=1.34 secs] 
2014-04-07T18:23:19.887+0900: 307.759: [CMS-concurrent-preclean-start]
2014-04-07T18:23:20.553+0900: 308.425: [CMS-concurrent-preclean: 0.608/0.665 secs] [Times: user=1.53 sys=0.09, real=0.66 secs] 
2014-04-07T18:23:20.554+0900: 308.426: [GC (Allocation Failure) 308.426: [ParNew: 996800K->110720K(996800K), 0.1992998 secs] 8565266K->7866035K(25055104K), 0.1994795 secs] [Times: user=2.18 sys=0.03, real=0.20 secs] 
2014-04-07T18:23:20.754+0900: 308.626: [GC (CMS Final Remark) [YG occupancy: 112037 K (996800 K)]308.626: [Rescan (parallel) , 0.1336720 secs]308.760: [weak refs processing, 0.0000605 secs]308.760: [class unloading, 0.0443106 secs]308.804: [scrub symbol table, 0.0048346 secs]308.809: [scrub string table, 0.0014179 secs][1 CMS-remark: 7755315K(24058304K)] 7867352K(25055104K), 0.1913286 secs] [Times: user=1.79 sys=0.00, real=0.19 secs] 
2014-04-07T18:23:20.946+0900: 308.818: [CMS-concurrent-sweep-start]
2014-04-07T18:23:21.682+0900: 309.554: [GC (Allocation Failure) 309.554: [ParNew: 996784K->110720K(996800K), 0.1143413 secs] 8743077K->8039418K(25055104K), 0.1145213 secs] [Times: user=0.99 sys=0.05, real=0.11 secs] 
2014-04-07T18:23:22.300+0900: 310.172: [CMS-concurrent-sweep: 1.239/1.354 secs] [Times: user=5.38 sys=0.24, real=1.36 secs] 
2014-04-07T18:23:22.300+0900: 310.172: [CMS-concurrent-reset-start]
2014-04-07T18:23:22.392+0900: 310.265: [CMS-concurrent-reset: 0.092/0.092 secs] [Times: user=0.37 sys=0.00, real=0.09 secs] 
2014-04-07T18:23:22.458+0900: 310.330: [GC (Allocation Failure) 310.330: [ParNew: 988653K->110720K(996800K), 0.2937259 secs] 8638433K->7958019K(25055104K), 0.2939104 secs] [Times: user=1.26 sys=0.17, real=0.29 secs] 
2014-04-07T18:23:22.755+0900: 310.627: [GC (CMS Initial Mark) [1 CMS-initial-mark: 7847299K(24058304K)] 7966213K(25055104K), 0.0040584 secs] [Times: user=0.04 sys=0.00, real=0.01 secs] 
2014-04-07T18:23:22.759+0900: 310.631: [CMS-concurrent-mark-start]
2014-04-07T18:23:23.974+0900: 311.846: [GC (Allocation Failure) 311.847: [ParNew: 996800K->110720K(996800K), 0.3012991 secs] 8844099K->8110448K(25055104K), 0.3014705 secs] [Times: user=1.11 sys=0.14, real=0.30 secs] 
2014-04-07T18:23:24.391+0900: 312.263: [CMS-concurrent-mark: 1.329/1.632 secs] [Times: user=8.29 sys=0.28, real=1.63 secs] 
2014-04-07T18:23:24.391+0900: 312.263: [CMS-concurrent-preclean-start]
2014-04-07T18:23:25.003+0900: 312.875: [CMS-concurrent-preclean: 0.550/0.613 secs] [Times: user=1.84 sys=0.06, real=0.61 secs] 
2014-04-07T18:23:25.004+0900: 312.876: [GC (Allocation Failure) 312.876: [ParNew: 996533K->110720K(996800K), 0.2708305 secs] 8996261K->8290151K(25055104K), 0.2710061 secs] [Times: user=1.16 sys=0.14, real=0.27 secs] 
2014-04-07T18:23:25.275+0900: 313.147: [CMS-concurrent-abortable-preclean-start]
2014-04-07T18:23:25.999+0900: 313.871: [CMS-concurrent-abortable-preclean: 0.670/0.723 secs] [Times: user=2.18 sys=0.11, real=0.73 secs] 
2014-04-07T18:23:25.999+0900: 313.872: [GC (Allocation Failure) 313.872: [ParNew: 996800K->110720K(996800K), 0.1132047 secs] 9176231K->8434024K(25055104K), 0.1133820 secs] [Times: user=1.08 sys=0.02, real=0.11 secs] 
2014-04-07T18:23:26.116+0900: 313.988: [GC (CMS Final Remark) [YG occupancy: 121922 K (996800 K)]313.988: [Rescan (parallel) , 0.0421361 secs]314.030: [weak refs processing, 0.0000597 secs]314.030: [class unloading, 0.0444145 secs]314.075: [scrub symbol table, 0.0048223 secs]314.079: [scrub string table, 0.0014184 secs][1 CMS-remark: 8323304K(24058304K)] 8445226K(25055104K), 0.0999364 secs] [Times: user=0.60 sys=0.00, real=0.10 secs] 
2014-04-07T18:23:26.216+0900: 314.088: [CMS-concurrent-sweep-start]
2014-04-07T18:23:26.904+0900: 314.776: [GC (Allocation Failure) 314.776: [ParNew: 996800K->110720K(996800K), 0.1190363 secs] 9316426K->8617943K(25055104K), 0.1192203 secs] [Times: user=1.12 sys=0.05, real=0.12 secs] 
2014-04-07T18:23:27.648+0900: 315.520: [CMS-concurrent-sweep: 1.311/1.432 secs] [Times: user=5.16 sys=0.28, real=1.44 secs] 
2014-04-07T18:23:27.648+0900: 315.520: [CMS-concurrent-reset-start]
2014-04-07T18:23:27.694+0900: 315.566: [GC (Allocation Failure) 315.566: [ParNew: 996800K->110720K(996800K), 0.2403495 secs] 9245507K->8543998K(25055104K), 0.2405317 secs] [Times: user=0.96 sys=0.14, real=0.24 secs] 
2014-04-07T18:23:27.975+0900: 315.847: [CMS-concurrent-reset: 0.085/0.327 secs] [Times: user=1.22 sys=0.14, real=0.32 secs] 
2014-04-07T18:23:28.611+0900: 316.483: [GC (Allocation Failure) 316.483: [ParNew: 996800K->110720K(996800K), 0.2788408 secs] 9430078K->8734750K(25055104K), 0.2790317 secs] [Times: user=1.14 sys=0.16, real=0.28 secs] 
2014-04-07T18:23:28.891+0900: 316.763: [GC (CMS Initial Mark) [1 CMS-initial-mark: 8624030K(24058304K)] 8737898K(25055104K), 0.0046239 secs] [Times: user=0.04 sys=0.00, real=0.00 secs] 
2014-04-07T18:23:28.896+0900: 316.768: [CMS-concurrent-mark-start]
2014-04-07T18:23:30.054+0900: 317.926: [GC (Allocation Failure) 317.926: [ParNew: 996800K->110720K(996800K), 0.2860113 secs] 9620830K->8922110K(25055104K), 0.2861917 secs] [Times: user=1.07 sys=0.11, real=0.29 secs] 
2014-04-07T18:23:30.591+0900: 318.463: [CMS-concurrent-mark: 1.408/1.695 secs] [Times: user=8.40 sys=0.23, real=1.70 secs] 
2014-04-07T18:23:30.591+0900: 318.463: [CMS-concurrent-preclean-start]
2014-04-07T18:23:30.979+0900: 318.851: [CMS-concurrent-preclean: 0.347/0.388 secs] [Times: user=0.44 sys=0.00, real=0.39 secs] 
2014-04-07T18:23:30.979+0900: 318.851: [CMS-concurrent-abortable-preclean-start]
2014-04-07T18:23:31.945+0900: 319.817: [GC (Allocation Failure) 319.817: [ParNew: 996800K->110720K(996800K), 0.2273417 secs] 9808190K->9098119K(25055104K), 0.2275251 secs] [Times: user=1.02 sys=0.11, real=0.23 secs] 
2014-04-07T18:23:33.970+0900: 321.842: [CMS-concurrent-abortable-preclean: 2.623/2.992 secs] [Times: user=5.53 sys=0.21, real=2.99 secs] 
2014-04-07T18:23:33.971+0900: 321.844: [GC (CMS Final Remark) [YG occupancy: 660018 K (996800 K)]321.844: [Rescan (parallel) , 0.0415092 secs]321.885: [weak refs processing, 0.0000686 secs]321.885: [class unloading, 0.0444434 secs]321.930: [scrub symbol table, 0.0048230 secs]321.935: [scrub string table, 0.0014148 secs][1 CMS-remark: 8987399K(24058304K)] 9647417K(25055104K), 0.0993740 secs] [Times: user=0.59 sys=0.00, real=0.10 secs] 
2014-04-07T18:23:34.072+0900: 321.944: [CMS-concurrent-sweep-start]
2014-04-07T18:23:34.675+0900: 322.547: [GC (Allocation Failure) 322.547: [ParNew: 989691K->110720K(996800K), 0.1163460 secs] 9976438K->9233215K(25055104K), 0.1165319 secs] [Times: user=1.06 sys=0.04, real=0.12 secs] 
2014-04-07T18:23:35.527+0900: 323.399: [CMS-concurrent-sweep: 1.337/1.455 secs] [Times: user=4.17 sys=0.11, real=1.45 secs] 
2014-04-07T18:23:35.527+0900: 323.399: [CMS-concurrent-reset-start]
2014-04-07T18:23:35.594+0900: 323.466: [CMS-concurrent-reset: 0.067/0.067 secs] [Times: user=0.20 sys=0.00, real=0.07 secs] 
2014-04-07T18:23:35.817+0900: 323.689: [GC (Allocation Failure) 323.689: [ParNew: 996800K->110720K(996800K), 0.1950634 secs] 9813881K->9028211K(25055104K), 0.1952252 secs] [Times: user=0.80 sys=0.10, real=0.20 secs] 
2014-04-07T18:23:36.013+0900: 323.885: [GC (CMS Initial Mark) [1 CMS-initial-mark: 8917491K(24058304K)] 9031375K(25055104K), 0.0022240 secs] [Times: user=0.01 sys=0.00, real=0.00 secs] 
2014-04-07T18:23:36.015+0900: 323.887: [CMS-concurrent-mark-start]
2014-04-07T18:23:37.255+0900: 325.127: [CMS-concurrent-mark: 1.239/1.240 secs] [Times: user=6.80 sys=0.00, real=1.24 secs] 
2014-04-07T18:23:37.255+0900: 325.127: [CMS-concurrent-preclean-start]
2014-04-07T18:23:37.323+0900: 325.195: [CMS-concurrent-preclean: 0.067/0.067 secs] [Times: user=0.14 sys=0.00, real=0.07 secs] 
2014-04-07T18:23:37.323+0900: 325.195: [CMS-concurrent-abortable-preclean-start]
 CMS: abort preclean due to time 2014-04-07T18:23:42.622+0900: 330.494: [CMS-concurrent-abortable-preclean: 3.782/5.299 secs] [Times: user=3.88 sys=0.00, real=5.30 secs] 
2014-04-07T18:23:42.623+0900: 330.495: [GC (CMS Final Remark) [YG occupancy: 991379 K (996800 K)]330.495: [Rescan (parallel) , 0.1449579 secs]330.640: [weak refs processing, 0.0000620 secs]330.640: [class unloading, 0.0442806 secs]330.684: [scrub symbol table, 0.0048273 secs]330.689: [scrub string table, 0.0014231 secs][1 CMS-remark: 8917491K(24058304K)] 9908871K(25055104K), 0.2026466 secs] [Times: user=1.93 sys=0.00, real=0.20 secs] 
2014-04-07T18:23:42.826+0900: 330.699: [CMS-concurrent-sweep-start]
2014-04-07T18:23:44.334+0900: 332.206: [CMS-concurrent-sweep: 1.508/1.508 secs] [Times: user=1.51 sys=0.00, real=1.51 secs] 
2014-04-07T18:23:44.334+0900: 332.206: [CMS-concurrent-reset-start]
2014-04-07T18:23:44.395+0900: 332.268: [CMS-concurrent-reset: 0.061/0.061 secs] [Times: user=0.06 sys=0.00, real=0.06 secs] 
2014-04-07T18:24:08.180+0900: 356.052: [GC (Allocation Failure) 356.052: [ParNew: 996800K->32797K(996800K), 0.0346258 secs] 8182029K->7218027K(25055104K), 0.0347622 secs] [Times: user=0.43 sys=0.01, real=0.04 secs] 
Heap
 par new generation   total 996800K, used 74758K [0x00000001c0000000, 0x0000000203990000, 0x0000000203990000)
  eden space 886080K,   4% used [0x00000001c0000000, 0x00000001c28fa4a0, 0x00000001f6150000)
  from space 110720K,  29% used [0x00000001fcd70000, 0x00000001fed77720, 0x0000000203990000)
  to   space 110720K,   0% used [0x00000001f6150000, 0x00000001f6150000, 0x00000001fcd70000)
 concurrent mark-sweep generation total 24058304K, used 7185229K [0x0000000203990000, 0x00000007c0000000, 0x00000007c0000000)
 Metaspace       used 37855K, capacity 38652K, committed 38964K, reserved 1083392K
  class space    used 5726K, capacity 5910K, committed 5980K, reserved 1048576K
