Java HotSpot(TM) 64-Bit Server VM (25.0-b70) for linux-amd64 JRE (1.8.0-b132), built on Mar  4 2014 03:07:25 by "java_re" with gcc 4.3.0 20080428 (Red Hat 4.3.0-8)
Memory: 4k page, physical 32865776k(30163980k free), swap 2047992k(2047992k free)
CommandLine flags: -XX:CMSInitiatingOccupancyFraction=30 -XX:InitialHeapSize=25769803776 -XX:MaxHeapSize=25769803776 -XX:MaxNewSize=134217728 -XX:MaxTenuringThreshold=6 -XX:NewSize=134217728 -XX:OldPLABSize=16 -XX:+PrintGC -XX:+PrintGCDateStamps -XX:+PrintGCDetails -XX:+PrintGCTimeStamps -XX:ThreadStackSize=2048 -XX:+UseCompressedClassPointers -XX:+UseCompressedOops -XX:+UseConcMarkSweepGC -XX:+UseParNewGC 
2014-04-09T12:18:59.241+0900: 2.242: [GC (CMS Initial Mark) [1 CMS-initial-mark: 0K(25034752K)] 50411K(25152768K), 0.0633407 secs] [Times: user=0.20 sys=0.00, real=0.06 secs] 
2014-04-09T12:18:59.305+0900: 2.306: [CMS-concurrent-mark-start]
2014-04-09T12:18:59.314+0900: 2.315: [CMS-concurrent-mark: 0.009/0.009 secs] [Times: user=0.07 sys=0.01, real=0.01 secs] 
2014-04-09T12:18:59.314+0900: 2.315: [CMS-concurrent-preclean-start]
2014-04-09T12:18:59.429+0900: 2.430: [CMS-concurrent-preclean: 0.115/0.115 secs] [Times: user=0.38 sys=0.03, real=0.11 secs] 
2014-04-09T12:18:59.429+0900: 2.430: [CMS-concurrent-abortable-preclean-start]
2014-04-09T12:19:01.043+0900: 4.044: [GC (Allocation Failure) 4.045: [ParNew: 104960K->12684K(118016K), 0.0639888 secs] 104960K->12684K(25152768K), 0.0641097 secs] [Times: user=0.73 sys=0.03, real=0.06 secs] 
 CMS: abort preclean due to time 2014-04-09T12:19:04.550+0900: 7.551: [CMS-concurrent-abortable-preclean: 4.323/5.121 secs] [Times: user=9.14 sys=0.23, real=5.12 secs] 
2014-04-09T12:19:04.551+0900: 7.552: [GC (CMS Final Remark) [YG occupancy: 39155 K (118016 K)]7.552: [Rescan (parallel) , 0.0199571 secs]7.572: [weak refs processing, 0.0000419 secs]7.572: [class unloading, 0.0248468 secs]7.597: [scrub symbol table, 0.0043571 secs]7.601: [scrub string table, 0.0010441 secs][1 CMS-remark: 0K(25034752K)] 39155K(25152768K), 0.0557715 secs] [Times: user=0.28 sys=0.00, real=0.05 secs] 
2014-04-09T12:19:04.607+0900: 7.608: [CMS-concurrent-sweep-start]
2014-04-09T12:19:04.607+0900: 7.608: [CMS-concurrent-sweep: 0.000/0.000 secs] [Times: user=0.00 sys=0.00, real=0.00 secs] 
2014-04-09T12:19:04.607+0900: 7.608: [CMS-concurrent-reset-start]
2014-04-09T12:19:04.721+0900: 7.722: [CMS-concurrent-reset: 0.114/0.114 secs] [Times: user=0.04 sys=0.08, real=0.12 secs] 
2014-04-09T12:19:06.120+0900: 9.121: [GC (Allocation Failure) 9.121: [ParNew: 117644K->13056K(118016K), 0.1078259 secs] 117644K->28394K(25152768K), 0.1080059 secs] [Times: user=1.05 sys=0.03, real=0.11 secs] 
2014-04-09T12:19:07.464+0900: 10.465: [GC (Allocation Failure) 10.465: [ParNew: 118016K->13056K(118016K), 0.0835146 secs] 133354K->36826K(25152768K), 0.0837940 secs] [Times: user=1.09 sys=0.00, real=0.08 secs] 
2014-04-09T12:19:07.836+0900: 10.837: [GC (Allocation Failure) 10.837: [ParNew: 118016K->13056K(118016K), 0.0925392 secs] 141786K->53040K(25152768K), 0.0928203 secs] [Times: user=1.06 sys=0.03, real=0.09 secs] 
2014-04-09T12:19:08.179+0900: 11.181: [GC (Allocation Failure) 11.181: [ParNew: 118016K->13056K(118016K), 0.1221005 secs] 158000K->71499K(25152768K), 0.1225037 secs] [Times: user=1.35 sys=0.02, real=0.13 secs] 
2014-04-09T12:19:08.525+0900: 11.526: [GC (Allocation Failure) 11.526: [ParNew: 118016K->13056K(118016K), 0.1039276 secs] 176459K->93564K(25152768K), 0.1043178 secs] [Times: user=1.34 sys=0.03, real=0.10 secs] 
2014-04-09T12:19:08.854+0900: 11.855: [GC (Allocation Failure) 11.855: [ParNew: 118016K->13056K(118016K), 0.1107984 secs] 198524K->114185K(25152768K), 0.1111721 secs] [Times: user=1.44 sys=0.02, real=0.11 secs] 
2014-04-09T12:19:09.154+0900: 12.155: [GC (Allocation Failure) 12.155: [ParNew: 118016K->13056K(118016K), 0.1465399 secs] 219145K->135573K(25152768K), 0.1468595 secs] [Times: user=1.63 sys=0.02, real=0.15 secs] 
2014-04-09T12:19:09.428+0900: 12.430: [GC (Allocation Failure) 12.430: [ParNew: 118016K->13056K(118016K), 0.1489141 secs] 240533K->168612K(25152768K), 0.1492451 secs] [Times: user=1.72 sys=0.03, real=0.15 secs] 
2014-04-09T12:19:09.688+0900: 12.689: [GC (Allocation Failure) 12.689: [ParNew: 118016K->13056K(118016K), 0.1472572 secs] 273572K->201849K(25152768K), 0.1475913 secs] [Times: user=1.62 sys=0.03, real=0.15 secs] 
2014-04-09T12:19:09.962+0900: 12.963: [GC (Allocation Failure) 12.963: [ParNew: 118016K->13056K(118016K), 0.1324385 secs] 306809K->235045K(25152768K), 0.1327661 secs] [Times: user=1.50 sys=0.04, real=0.13 secs] 
2014-04-09T12:19:10.229+0900: 13.230: [GC (Allocation Failure) 13.230: [ParNew: 118016K->13056K(118016K), 0.1308015 secs] 340005K->263049K(25152768K), 0.1311772 secs] [Times: user=1.62 sys=0.05, real=0.13 secs] 
2014-04-09T12:19:10.469+0900: 13.470: [GC (Allocation Failure) 13.470: [ParNew: 118016K->13056K(118016K), 0.1582314 secs] 368009K->296825K(25152768K), 0.1585583 secs] [Times: user=1.76 sys=0.03, real=0.16 secs] 
2014-04-09T12:19:10.735+0900: 13.736: [GC (Allocation Failure) 13.736: [ParNew: 118016K->13056K(118016K), 0.1344523 secs] 401785K->324942K(25152768K), 0.1348391 secs] [Times: user=1.55 sys=0.04, real=0.13 secs] 
2014-04-09T12:19:10.971+0900: 13.972: [GC (Allocation Failure) 13.972: [ParNew: 118016K->13056K(118016K), 0.1695279 secs] 429902K->355463K(25152768K), 0.1699571 secs] [Times: user=1.97 sys=0.03, real=0.17 secs] 
2014-04-09T12:19:11.247+0900: 14.248: [GC (Allocation Failure) 14.248: [ParNew: 118016K->13056K(118016K), 0.1722426 secs] 460423K->388061K(25152768K), 0.1726185 secs] [Times: user=1.58 sys=0.03, real=0.17 secs] 
2014-04-09T12:19:11.510+0900: 14.511: [GC (Allocation Failure) 14.511: [ParNew: 118016K->13056K(118016K), 0.1255925 secs] 493021K->417490K(25152768K), 0.1259717 secs] [Times: user=1.29 sys=0.03, real=0.13 secs] 
2014-04-09T12:19:11.748+0900: 14.749: [GC (Allocation Failure) 14.750: [ParNew: 118016K->13056K(118016K), 0.1435799 secs] 522450K->448395K(25152768K), 0.1439494 secs] [Times: user=1.60 sys=0.04, real=0.15 secs] 
2014-04-09T12:19:12.059+0900: 15.060: [GC (Allocation Failure) 15.060: [ParNew: 118016K->13056K(118016K), 0.1025706 secs] 553355K->467220K(25152768K), 0.1029459 secs] [Times: user=1.35 sys=0.01, real=0.11 secs] 
2014-04-09T12:19:12.316+0900: 15.317: [GC (Allocation Failure) 15.317: [ParNew: 118016K->13056K(118016K), 0.0707830 secs] 572180K->481616K(25152768K), 0.0711515 secs] [Times: user=0.83 sys=0.01, real=0.07 secs] 
2014-04-09T12:19:12.505+0900: 15.506: [GC (Allocation Failure) 15.507: [ParNew: 118016K->13056K(118016K), 0.0851480 secs] 586576K->500436K(25152768K), 0.0855157 secs] [Times: user=1.08 sys=0.01, real=0.08 secs] 
2014-04-09T12:19:12.693+0900: 15.694: [GC (Allocation Failure) 15.694: [ParNew: 118016K->13056K(118016K), 0.0882811 secs] 605396K->515634K(25152768K), 0.0886496 secs] [Times: user=1.11 sys=0.02, real=0.09 secs] 
2014-04-09T12:19:12.877+0900: 15.878: [GC (Allocation Failure) 15.878: [ParNew: 118016K->13056K(118016K), 0.0863314 secs] 620594K->533170K(25152768K), 0.0866568 secs] [Times: user=1.05 sys=0.02, real=0.09 secs] 
2014-04-09T12:19:13.049+0900: 16.050: [GC (Allocation Failure) 16.050: [ParNew: 118016K->13056K(118016K), 0.0790895 secs] 638130K->548963K(25152768K), 0.0794591 secs] [Times: user=0.99 sys=0.02, real=0.08 secs] 
2014-04-09T12:19:13.212+0900: 16.214: [GC (Allocation Failure) 16.214: [ParNew: 118016K->13056K(118016K), 0.0828654 secs] 653923K->564534K(25152768K), 0.0832337 secs] [Times: user=1.04 sys=0.02, real=0.08 secs] 
2014-04-09T12:19:13.377+0900: 16.378: [GC (Allocation Failure) 16.378: [ParNew: 118016K->13056K(118016K), 0.0736172 secs] 669494K->581886K(25152768K), 0.0739872 secs] [Times: user=0.83 sys=0.01, real=0.07 secs] 
2014-04-09T12:19:13.537+0900: 16.538: [GC (Allocation Failure) 16.538: [ParNew: 118016K->13056K(118016K), 0.0747859 secs] 686846K->597883K(25152768K), 0.0751163 secs] [Times: user=0.85 sys=0.02, real=0.08 secs] 
2014-04-09T12:19:13.692+0900: 16.693: [GC (Allocation Failure) 16.693: [ParNew: 118016K->13056K(118016K), 0.0807725 secs] 702843K->614973K(25152768K), 0.0810984 secs] [Times: user=0.91 sys=0.02, real=0.08 secs] 
2014-04-09T12:19:13.857+0900: 16.858: [GC (Allocation Failure) 16.858: [ParNew: 118016K->13056K(118016K), 0.0704124 secs] 719933K->631135K(25152768K), 0.0707573 secs] [Times: user=0.79 sys=0.02, real=0.07 secs] 
2014-04-09T12:19:14.018+0900: 17.019: [GC (Allocation Failure) 17.019: [ParNew: 118016K->13056K(118016K), 0.0778485 secs] 736095K->648261K(25152768K), 0.0781723 secs] [Times: user=0.81 sys=0.03, real=0.08 secs] 
2014-04-09T12:19:14.180+0900: 17.181: [GC (Allocation Failure) 17.181: [ParNew: 118014K->13056K(118016K), 0.0797157 secs] 753220K->665034K(25152768K), 0.0800425 secs] [Times: user=0.94 sys=0.01, real=0.08 secs] 
2014-04-09T12:19:14.340+0900: 17.341: [GC (Allocation Failure) 17.342: [ParNew: 118016K->13056K(118016K), 0.0701003 secs] 769994K->680911K(25152768K), 0.0704294 secs] [Times: user=0.76 sys=0.02, real=0.07 secs] 
2014-04-09T12:19:14.490+0900: 17.491: [GC (Allocation Failure) 17.491: [ParNew: 118016K->13056K(118016K), 0.0780389 secs] 785871K->697037K(25152768K), 0.0783663 secs] [Times: user=0.88 sys=0.02, real=0.08 secs] 
2014-04-09T12:19:14.645+0900: 17.646: [GC (Allocation Failure) 17.646: [ParNew: 118016K->13056K(118016K), 0.0771077 secs] 801997K->714196K(25152768K), 0.0774425 secs] [Times: user=0.85 sys=0.02, real=0.08 secs] 
2014-04-09T12:19:14.800+0900: 17.801: [GC (Allocation Failure) 17.802: [ParNew: 118016K->13056K(118016K), 0.0837410 secs] 819156K->730181K(25152768K), 0.0840772 secs] [Times: user=0.95 sys=0.01, real=0.09 secs] 
2014-04-09T12:19:14.964+0900: 17.965: [GC (Allocation Failure) 17.965: [ParNew: 118016K->13056K(118016K), 0.0730370 secs] 835141K->748002K(25152768K), 0.0733666 secs] [Times: user=0.76 sys=0.03, real=0.07 secs] 
2014-04-09T12:19:15.129+0900: 18.130: [GC (Allocation Failure) 18.130: [ParNew: 118016K->13056K(118016K), 0.0792283 secs] 852962K->764941K(25152768K), 0.0795601 secs] [Times: user=0.92 sys=0.02, real=0.08 secs] 
2014-04-09T12:19:15.298+0900: 18.299: [GC (Allocation Failure) 18.300: [ParNew: 118016K->13056K(118016K), 0.0787902 secs] 869901K->781269K(25152768K), 0.0791267 secs] [Times: user=0.92 sys=0.01, real=0.08 secs] 
2014-04-09T12:19:15.461+0900: 18.462: [GC (Allocation Failure) 18.462: [ParNew: 118016K->13056K(118016K), 0.0757902 secs] 886229K->797051K(25152768K), 0.0761237 secs] [Times: user=0.91 sys=0.02, real=0.08 secs] 
2014-04-09T12:19:15.614+0900: 18.615: [GC (Allocation Failure) 18.615: [ParNew: 118016K->13056K(118016K), 0.0840425 secs] 902011K->814655K(25152768K), 0.0843704 secs] [Times: user=0.89 sys=0.02, real=0.08 secs] 
2014-04-09T12:19:15.776+0900: 18.777: [GC (Allocation Failure) 18.777: [ParNew: 118016K->13056K(118016K), 0.0765472 secs] 919615K->831297K(25152768K), 0.0768879 secs] [Times: user=0.85 sys=0.02, real=0.08 secs] 
2014-04-09T12:19:15.935+0900: 18.936: [GC (Allocation Failure) 18.936: [ParNew: 118016K->13056K(118016K), 0.0811522 secs] 936257K->848294K(25152768K), 0.0815337 secs] [Times: user=0.88 sys=0.02, real=0.08 secs] 
2014-04-09T12:19:16.095+0900: 19.097: [GC (Allocation Failure) 19.097: [ParNew: 118016K->13056K(118016K), 0.0781051 secs] 953254K->864036K(25152768K), 0.0784763 secs] [Times: user=0.87 sys=0.02, real=0.08 secs] 
2014-04-09T12:19:16.257+0900: 19.258: [GC (Allocation Failure) 19.258: [ParNew: 118016K->13056K(118016K), 0.0824826 secs] 968996K->880328K(25152768K), 0.0828617 secs] [Times: user=0.92 sys=0.01, real=0.08 secs] 
2014-04-09T12:19:16.418+0900: 19.419: [GC (Allocation Failure) 19.419: [ParNew: 118016K->13056K(118016K), 0.0725349 secs] 985288K->896979K(25152768K), 0.0729098 secs] [Times: user=0.77 sys=0.02, real=0.07 secs] 
2014-04-09T12:19:16.569+0900: 19.571: [GC (Allocation Failure) 19.571: [ParNew: 118016K->13056K(118016K), 0.0684832 secs] 1001939K->913177K(25152768K), 0.0688616 secs] [Times: user=0.76 sys=0.02, real=0.07 secs] 
2014-04-09T12:19:16.722+0900: 19.723: [GC (Allocation Failure) 19.723: [ParNew: 118016K->13056K(118016K), 0.0915891 secs] 1018137K->929662K(25152768K), 0.0919658 secs] [Times: user=1.10 sys=0.03, real=0.10 secs] 
2014-04-09T12:19:16.896+0900: 19.898: [GC (Allocation Failure) 19.898: [ParNew: 118016K->13056K(118016K), 0.0839289 secs] 1034622K->946653K(25152768K), 0.0842645 secs] [Times: user=0.86 sys=0.03, real=0.08 secs] 
2014-04-09T12:19:17.058+0900: 20.059: [GC (Allocation Failure) 20.059: [ParNew: 118016K->13056K(118016K), 0.0778596 secs] 1051613K->961479K(25152768K), 0.0781939 secs] [Times: user=0.87 sys=0.02, real=0.08 secs] 
2014-04-09T12:19:17.219+0900: 20.221: [GC (Allocation Failure) 20.221: [ParNew: 118016K->13056K(118016K), 0.0813174 secs] 1066439K->978823K(25152768K), 0.0816467 secs] [Times: user=0.89 sys=0.01, real=0.08 secs] 
2014-04-09T12:19:17.378+0900: 20.379: [GC (Allocation Failure) 20.379: [ParNew: 118016K->13056K(118016K), 0.0837755 secs] 1083783K->997925K(25152768K), 0.0841079 secs] [Times: user=0.94 sys=0.01, real=0.08 secs] 
2014-04-09T12:19:17.543+0900: 20.544: [GC (Allocation Failure) 20.544: [ParNew: 118016K->13056K(118016K), 0.0744224 secs] 1102885K->1016254K(25152768K), 0.0747552 secs] [Times: user=0.84 sys=0.02, real=0.07 secs] 
2014-04-09T12:19:17.693+0900: 20.694: [GC (Allocation Failure) 20.694: [ParNew: 118016K->13056K(118016K), 0.0746793 secs] 1121214K->1031950K(25152768K), 0.0750220 secs] [Times: user=0.82 sys=0.02, real=0.07 secs] 
2014-04-09T12:19:17.843+0900: 20.844: [GC (Allocation Failure) 20.844: [ParNew: 118016K->13056K(118016K), 0.0792948 secs] 1136910K->1048526K(25152768K), 0.0796328 secs] [Times: user=0.88 sys=0.02, real=0.08 secs] 
2014-04-09T12:19:18.000+0900: 21.001: [GC (Allocation Failure) 21.001: [ParNew: 118016K->13056K(118016K), 0.0718016 secs] 1153486K->1063724K(25152768K), 0.0721326 secs] [Times: user=0.78 sys=0.02, real=0.07 secs] 
2014-04-09T12:19:18.147+0900: 21.148: [GC (Allocation Failure) 21.148: [ParNew: 118016K->13056K(118016K), 0.0785793 secs] 1168684K->1080150K(25152768K), 0.0789125 secs] [Times: user=0.86 sys=0.02, real=0.08 secs] 
2014-04-09T12:19:18.303+0900: 21.304: [GC (Allocation Failure) 21.304: [ParNew: 118016K->13056K(118016K), 0.0789768 secs] 1185110K->1097861K(25152768K), 0.0793085 secs] [Times: user=0.86 sys=0.02, real=0.08 secs] 
2014-04-09T12:19:18.457+0900: 21.458: [GC (Allocation Failure) 21.458: [ParNew: 118016K->13056K(118016K), 0.0824881 secs] 1202821K->1113063K(25152768K), 0.0828211 secs] [Times: user=0.92 sys=0.01, real=0.08 secs] 
2014-04-09T12:19:18.612+0900: 21.613: [GC (Allocation Failure) 21.613: [ParNew: 118016K->13056K(118016K), 0.0756051 secs] 1218023K->1129246K(25152768K), 0.0759367 secs] [Times: user=0.83 sys=0.02, real=0.08 secs] 
2014-04-09T12:19:18.766+0900: 21.767: [GC (Allocation Failure) 21.767: [ParNew: 118016K->13056K(118016K), 0.0813321 secs] 1234206K->1146074K(25152768K), 0.0816712 secs] [Times: user=0.89 sys=0.03, real=0.08 secs] 
2014-04-09T12:19:18.921+0900: 21.922: [GC (Allocation Failure) 21.923: [ParNew: 118016K->13056K(118016K), 0.0744455 secs] 1251034K->1163354K(25152768K), 0.0747769 secs] [Times: user=0.79 sys=0.02, real=0.08 secs] 
2014-04-09T12:19:19.070+0900: 22.071: [GC (Allocation Failure) 22.071: [ParNew: 118016K->13056K(118016K), 0.0833021 secs] 1268314K->1180257K(25152768K), 0.0836368 secs] [Times: user=0.91 sys=0.03, real=0.09 secs] 
2014-04-09T12:19:19.245+0900: 22.247: [GC (Allocation Failure) 22.247: [ParNew: 118016K->13056K(118016K), 0.0801477 secs] 1285217K->1198550K(25152768K), 0.0804780 secs] [Times: user=0.94 sys=0.02, real=0.08 secs] 
2014-04-09T12:19:19.406+0900: 22.407: [GC (Allocation Failure) 22.408: [ParNew: 118016K->13056K(118016K), 0.0763784 secs] 1303510K->1212950K(25152768K), 0.0767176 secs] [Times: user=0.86 sys=0.01, real=0.08 secs] 
2014-04-09T12:19:19.563+0900: 22.564: [GC (Allocation Failure) 22.564: [ParNew: 118016K->13056K(118016K), 0.0818032 secs] 1317910K->1229906K(25152768K), 0.0821435 secs] [Times: user=0.89 sys=0.02, real=0.08 secs] 
2014-04-09T12:19:19.722+0900: 22.723: [GC (Allocation Failure) 22.723: [ParNew: 118016K->13056K(118016K), 0.0712830 secs] 1334866K->1246812K(25152768K), 0.0716132 secs] [Times: user=0.75 sys=0.02, real=0.08 secs] 
2014-04-09T12:19:19.872+0900: 22.873: [GC (Allocation Failure) 22.874: [ParNew: 118016K->13056K(118016K), 0.0828351 secs] 1351772K->1262928K(25152768K), 0.0831967 secs] [Times: user=0.92 sys=0.02, real=0.09 secs] 
2014-04-09T12:19:20.029+0900: 23.030: [GC (Allocation Failure) 23.030: [ParNew: 118016K->13056K(118016K), 0.0790851 secs] 1367888K->1280264K(25152768K), 0.0794228 secs] [Times: user=0.85 sys=0.02, real=0.08 secs] 
2014-04-09T12:19:20.181+0900: 23.182: [GC (Allocation Failure) 23.183: [ParNew: 118015K->13056K(118016K), 0.0760008 secs] 1385224K->1296944K(25152768K), 0.0763408 secs] [Times: user=0.81 sys=0.02, real=0.08 secs] 
2014-04-09T12:19:20.334+0900: 23.335: [GC (Allocation Failure) 23.335: [ParNew: 118016K->13056K(118016K), 0.0783239 secs] 1401904K->1314886K(25152768K), 0.0786614 secs] [Times: user=0.85 sys=0.01, real=0.08 secs] 
2014-04-09T12:19:20.487+0900: 23.488: [GC (Allocation Failure) 23.489: [ParNew: 118016K->13056K(118016K), 0.0765901 secs] 1419846K->1329114K(25152768K), 0.0769316 secs] [Times: user=0.85 sys=0.02, real=0.08 secs] 
2014-04-09T12:19:20.641+0900: 23.642: [GC (Allocation Failure) 23.642: [ParNew: 118016K->13056K(118016K), 0.0752225 secs] 1434074K->1347220K(25152768K), 0.0755584 secs] [Times: user=0.78 sys=0.02, real=0.08 secs] 
2014-04-09T12:19:20.795+0900: 23.796: [GC (Allocation Failure) 23.796: [ParNew: 118016K->13056K(118016K), 0.0796405 secs] 1452180K->1362807K(25152768K), 0.0799734 secs] [Times: user=0.87 sys=0.02, real=0.08 secs] 
2014-04-09T12:19:20.950+0900: 23.952: [GC (Allocation Failure) 23.952: [ParNew: 118016K->13056K(118016K), 0.0759033 secs] 1467767K->1380526K(25152768K), 0.0762367 secs] [Times: user=0.80 sys=0.02, real=0.08 secs] 
2014-04-09T12:19:21.110+0900: 24.111: [GC (Allocation Failure) 24.111: [ParNew: 117893K->13056K(118016K), 0.0824925 secs] 1485364K->1395797K(25152768K), 0.0828704 secs] [Times: user=0.91 sys=0.02, real=0.09 secs] 
2014-04-09T12:19:21.267+0900: 24.268: [GC (Allocation Failure) 24.268: [ParNew: 118016K->13056K(118016K), 0.0784588 secs] 1500757K->1413134K(25152768K), 0.0788424 secs] [Times: user=0.84 sys=0.02, real=0.08 secs] 
2014-04-09T12:19:21.422+0900: 24.423: [GC (Allocation Failure) 24.423: [ParNew: 118016K->13056K(118016K), 0.0827171 secs] 1518094K->1429768K(25152768K), 0.0830920 secs] [Times: user=0.90 sys=0.02, real=0.09 secs] 
2014-04-09T12:19:21.588+0900: 24.589: [GC (Allocation Failure) 24.589: [ParNew: 117828K->13056K(118016K), 0.0810859 secs] 1534540K->1445957K(25152768K), 0.0814656 secs] [Times: user=0.85 sys=0.02, real=0.08 secs] 
2014-04-09T12:19:21.749+0900: 24.750: [GC (Allocation Failure) 24.750: [ParNew: 118016K->13056K(118016K), 0.0762321 secs] 1550917K->1461882K(25152768K), 0.0766085 secs] [Times: user=0.80 sys=0.02, real=0.08 secs] 
2014-04-09T12:19:21.904+0900: 24.905: [GC (Allocation Failure) 24.905: [ParNew: 118016K->13056K(118016K), 0.0818010 secs] 1566842K->1479905K(25152768K), 0.0821764 secs] [Times: user=0.87 sys=0.02, real=0.08 secs] 
2014-04-09T12:19:22.061+0900: 25.063: [GC (Allocation Failure) 25.063: [ParNew: 118016K->13056K(118016K), 0.0716326 secs] 1584865K->1494993K(25152768K), 0.0720150 secs] [Times: user=0.76 sys=0.02, real=0.08 secs] 
2014-04-09T12:19:22.208+0900: 25.209: [GC (Allocation Failure) 25.209: [ParNew: 118016K->13056K(118016K), 0.0785100 secs] 1599953K->1512311K(25152768K), 0.0788874 secs] [Times: user=0.84 sys=0.01, real=0.08 secs] 
2014-04-09T12:19:22.361+0900: 25.362: [GC (Allocation Failure) 25.362: [ParNew: 118016K->13056K(118016K), 0.0787397 secs] 1617271K->1528860K(25152768K), 0.0791164 secs] [Times: user=0.85 sys=0.02, real=0.08 secs] 
2014-04-09T12:19:22.521+0900: 25.522: [GC (Allocation Failure) 25.522: [ParNew: 118016K->13056K(118016K), 0.0826831 secs] 1633820K->1546097K(25152768K), 0.0830577 secs] [Times: user=0.89 sys=0.01, real=0.09 secs] 
2014-04-09T12:19:22.677+0900: 25.678: [GC (Allocation Failure) 25.678: [ParNew: 118016K->13056K(118016K), 0.0772999 secs] 1651057K->1563649K(25152768K), 0.0776796 secs] [Times: user=0.83 sys=0.03, real=0.08 secs] 
2014-04-09T12:19:22.835+0900: 25.836: [GC (Allocation Failure) 25.836: [ParNew: 118016K->13056K(118016K), 0.0790340 secs] 1668609K->1578909K(25152768K), 0.0793710 secs] [Times: user=0.84 sys=0.03, real=0.08 secs] 
2014-04-09T12:19:22.990+0900: 25.991: [GC (Allocation Failure) 25.992: [ParNew: 118016K->13056K(118016K), 0.0713328 secs] 1683869K->1596593K(25152768K), 0.0716673 secs] [Times: user=0.73 sys=0.01, real=0.07 secs] 
2014-04-09T12:19:23.144+0900: 26.145: [GC (Allocation Failure) 26.145: [ParNew: 118016K->13056K(118016K), 0.0758853 secs] 1701553K->1612824K(25152768K), 0.0762160 secs] [Times: user=0.81 sys=0.02, real=0.07 secs] 
2014-04-09T12:19:23.297+0900: 26.298: [GC (Allocation Failure) 26.298: [ParNew: 118016K->13056K(118016K), 0.0756571 secs] 1717784K->1628431K(25152768K), 0.0759890 secs] [Times: user=0.80 sys=0.01, real=0.07 secs] 
2014-04-09T12:19:23.449+0900: 26.450: [GC (Allocation Failure) 26.450: [ParNew: 118016K->13056K(118016K), 0.0752891 secs] 1733391K->1646068K(25152768K), 0.0756223 secs] [Times: user=0.81 sys=0.02, real=0.08 secs] 
2014-04-09T12:19:23.604+0900: 26.605: [GC (Allocation Failure) 26.606: [ParNew: 118016K->13056K(118016K), 0.0749333 secs] 1751028K->1663654K(25152768K), 0.0752707 secs] [Times: user=0.80 sys=0.02, real=0.07 secs] 
2014-04-09T12:19:23.752+0900: 26.753: [GC (Allocation Failure) 26.753: [ParNew: 118016K->13056K(118016K), 0.0827023 secs] 1768614K->1679480K(25152768K), 0.0830351 secs] [Times: user=0.90 sys=0.01, real=0.09 secs] 
2014-04-09T12:19:23.914+0900: 26.915: [GC (Allocation Failure) 26.915: [ParNew: 118016K->13056K(118016K), 0.0820714 secs] 1784440K->1699233K(25152768K), 0.0824044 secs] [Times: user=0.90 sys=0.01, real=0.08 secs] 
2014-04-09T12:19:24.079+0900: 27.080: [GC (Allocation Failure) 27.080: [ParNew: 118016K->13056K(118016K), 0.0746266 secs] 1804193K->1719716K(25152768K), 0.0750044 secs] [Times: user=0.84 sys=0.02, real=0.08 secs] 
2014-04-09T12:19:24.225+0900: 27.227: [GC (Allocation Failure) 27.227: [ParNew: 118016K->13056K(118016K), 0.0786043 secs] 1824676K->1734600K(25152768K), 0.0789813 secs] [Times: user=0.90 sys=0.01, real=0.08 secs] 
2014-04-09T12:19:24.378+0900: 27.379: [GC (Allocation Failure) 27.379: [ParNew: 118016K->13056K(118016K), 0.0799944 secs] 1839560K->1751955K(25152768K), 0.0803740 secs] [Times: user=0.86 sys=0.01, real=0.08 secs] 
2014-04-09T12:19:24.535+0900: 27.536: [GC (Allocation Failure) 27.537: [ParNew: 118016K->13056K(118016K), 0.0795904 secs] 1856915K->1767705K(25152768K), 0.0799691 secs] [Times: user=0.89 sys=0.02, real=0.08 secs] 
2014-04-09T12:19:24.697+0900: 27.698: [GC (Allocation Failure) 27.698: [ParNew: 118016K->13056K(118016K), 0.0792949 secs] 1872665K->1784683K(25152768K), 0.0796782 secs] [Times: user=0.86 sys=0.02, real=0.08 secs] 
2014-04-09T12:19:24.855+0900: 27.856: [GC (Allocation Failure) 27.856: [ParNew: 118016K->13056K(118016K), 0.0759859 secs] 1889643K->1799778K(25152768K), 0.0763675 secs] [Times: user=0.84 sys=0.01, real=0.07 secs] 
2014-04-09T12:19:25.004+0900: 28.005: [GC (Allocation Failure) 28.006: [ParNew: 118016K->13056K(118016K), 0.0778410 secs] 1904738K->1817696K(25152768K), 0.0782334 secs] [Times: user=0.83 sys=0.02, real=0.07 secs] 
2014-04-09T12:19:25.158+0900: 28.159: [GC (Allocation Failure) 28.159: [ParNew: 118016K->13056K(118016K), 0.0723954 secs] 1922656K->1833575K(25152768K), 0.0727720 secs] [Times: user=0.79 sys=0.03, real=0.07 secs] 
2014-04-09T12:19:25.305+0900: 28.306: [GC (Allocation Failure) 28.307: [ParNew: 118016K->13056K(118016K), 0.0667238 secs] 1938535K->1850711K(25152768K), 0.0671080 secs] [Times: user=0.72 sys=0.01, real=0.06 secs] 
2014-04-09T12:19:25.446+0900: 28.448: [GC (Allocation Failure) 28.448: [ParNew: 118016K->13056K(118016K), 0.0659582 secs] 1955671K->1866139K(25152768K), 0.0663358 secs] [Times: user=0.71 sys=0.01, real=0.06 secs] 
2014-04-09T12:19:25.589+0900: 28.590: [GC (Allocation Failure) 28.590: [ParNew: 118016K->13056K(118016K), 0.0838107 secs] 1971099K->1883456K(25152768K), 0.0841427 secs] [Times: user=0.92 sys=0.02, real=0.08 secs] 
2014-04-09T12:19:25.749+0900: 28.750: [GC (Allocation Failure) 28.751: [ParNew: 118016K->13056K(118016K), 0.0811011 secs] 1988416K->1899854K(25152768K), 0.0814372 secs] [Times: user=0.90 sys=0.02, real=0.08 secs] 
2014-04-09T12:19:25.910+0900: 28.911: [GC (Allocation Failure) 28.911: [ParNew: 118016K->13056K(118016K), 0.0786436 secs] 2004814K->1916460K(25152768K), 0.0789749 secs] [Times: user=0.85 sys=0.01, real=0.08 secs] 
2014-04-09T12:19:26.067+0900: 29.068: [GC (Allocation Failure) 29.068: [ParNew: 118016K->13056K(118016K), 0.0774143 secs] 2021420K->1933978K(25152768K), 0.0777465 secs] [Times: user=0.84 sys=0.02, real=0.08 secs] 
2014-04-09T12:19:26.221+0900: 29.222: [GC (Allocation Failure) 29.223: [ParNew: 118016K->13056K(118016K), 0.0810287 secs] 2038938K->1950048K(25152768K), 0.0813580 secs] [Times: user=0.91 sys=0.01, real=0.08 secs] 
2014-04-09T12:19:26.375+0900: 29.376: [GC (Allocation Failure) 29.377: [ParNew: 118016K->13056K(118016K), 0.0715952 secs] 2055008K->1967556K(25152768K), 0.0719351 secs] [Times: user=0.78 sys=0.02, real=0.07 secs] 
2014-04-09T12:19:26.525+0900: 29.526: [GC (Allocation Failure) 29.527: [ParNew: 118016K->13056K(118016K), 0.0786670 secs] 2072516K->1983359K(25152768K), 0.0790043 secs] [Times: user=0.84 sys=0.03, real=0.08 secs] 
2014-04-09T12:19:26.683+0900: 29.684: [GC (Allocation Failure) 29.684: [ParNew: 118016K->13056K(118016K), 0.0776178 secs] 2088319K->2001173K(25152768K), 0.0779503 secs] [Times: user=0.85 sys=0.02, real=0.08 secs] 
2014-04-09T12:19:26.839+0900: 29.840: [GC (Allocation Failure) 29.840: [ParNew: 118016K->13056K(118016K), 0.0750810 secs] 2106133K->2017264K(25152768K), 0.0754645 secs] [Times: user=0.81 sys=0.01, real=0.08 secs] 
2014-04-09T12:19:26.987+0900: 29.988: [GC (Allocation Failure) 29.989: [ParNew: 118016K->13056K(118016K), 0.0780082 secs] 2122224K->2034134K(25152768K), 0.0783837 secs] [Times: user=0.86 sys=0.02, real=0.08 secs] 
2014-04-09T12:19:27.137+0900: 30.138: [GC (Allocation Failure) 30.138: [ParNew: 118016K->13056K(118016K), 0.0759802 secs] 2139094K->2050942K(25152768K), 0.0763159 secs] [Times: user=0.85 sys=0.02, real=0.07 secs] 
2014-04-09T12:19:27.286+0900: 30.287: [GC (Allocation Failure) 30.288: [ParNew: 118016K->13056K(118016K), 0.0788570 secs] 2155902K->2067960K(25152768K), 0.0792033 secs] [Times: user=0.86 sys=0.01, real=0.08 secs] 
2014-04-09T12:19:27.441+0900: 30.442: [GC (Allocation Failure) 30.442: [ParNew: 118016K->13056K(118016K), 0.0673946 secs] 2172920K->2084720K(25152768K), 0.0677260 secs] [Times: user=0.71 sys=0.03, real=0.07 secs] 
2014-04-09T12:19:27.582+0900: 30.583: [GC (Allocation Failure) 30.584: [ParNew: 118016K->13056K(118016K), 0.0790181 secs] 2189680K->2101852K(25152768K), 0.0793519 secs] [Times: user=0.83 sys=0.03, real=0.08 secs] 
2014-04-09T12:19:27.737+0900: 30.738: [GC (Allocation Failure) 30.739: [ParNew: 118016K->13056K(118016K), 0.0687688 secs] 2206812K->2119044K(25152768K), 0.0691143 secs] [Times: user=0.76 sys=0.02, real=0.07 secs] 
2014-04-09T12:19:27.882+0900: 30.883: [GC (Allocation Failure) 30.883: [ParNew: 118016K->13056K(118016K), 0.0675562 secs] 2224004K->2134797K(25152768K), 0.0678882 secs] [Times: user=0.73 sys=0.01, real=0.07 secs] 
2014-04-09T12:19:28.025+0900: 31.026: [GC (Allocation Failure) 31.026: [ParNew: 118016K->13056K(118016K), 0.0692973 secs] 2239757K->2151617K(25152768K), 0.0696367 secs] [Times: user=0.73 sys=0.02, real=0.07 secs] 
2014-04-09T12:19:28.170+0900: 31.171: [GC (Allocation Failure) 31.171: [ParNew: 118016K->13056K(118016K), 0.0818083 secs] 2256577K->2168837K(25152768K), 0.0821854 secs] [Times: user=0.89 sys=0.02, real=0.08 secs] 
2014-04-09T12:19:28.323+0900: 31.325: [GC (Allocation Failure) 31.325: [ParNew: 118016K->13056K(118016K), 0.0793203 secs] 2273797K->2186048K(25152768K), 0.0796992 secs] [Times: user=0.86 sys=0.02, real=0.07 secs] 
2014-04-09T12:19:28.476+0900: 31.477: [GC (Allocation Failure) 31.477: [ParNew: 118016K->13056K(118016K), 0.0782589 secs] 2291008K->2200666K(25152768K), 0.0786026 secs] [Times: user=0.88 sys=0.02, real=0.08 secs] 
2014-04-09T12:19:28.629+0900: 31.630: [GC (Allocation Failure) 31.630: [ParNew: 118016K->13056K(118016K), 0.0778655 secs] 2305626K->2218872K(25152768K), 0.0781984 secs] [Times: user=0.84 sys=0.02, real=0.08 secs] 
2014-04-09T12:19:28.786+0900: 31.787: [GC (Allocation Failure) 31.788: [ParNew: 118016K->13056K(118016K), 0.0713974 secs] 2323832K->2235528K(25152768K), 0.0717381 secs] [Times: user=0.78 sys=0.01, real=0.07 secs] 
2014-04-09T12:19:28.932+0900: 31.933: [GC (Allocation Failure) 31.933: [ParNew: 118016K->13056K(118016K), 0.0751086 secs] 2340488K->2252422K(25152768K), 0.0754579 secs] [Times: user=0.81 sys=0.01, real=0.08 secs] 
2014-04-09T12:19:29.082+0900: 32.083: [GC (Allocation Failure) 32.083: [ParNew: 118016K->13056K(118016K), 0.0677436 secs] 2357382K->2268250K(25152768K), 0.0680758 secs] [Times: user=0.73 sys=0.02, real=0.07 secs] 
2014-04-09T12:19:29.222+0900: 32.223: [GC (Allocation Failure) 32.223: [ParNew: 118016K->13056K(118016K), 0.0782193 secs] 2373210K->2285400K(25152768K), 0.0786007 secs] [Times: user=0.86 sys=0.01, real=0.08 secs] 
2014-04-09T12:19:29.379+0900: 32.380: [GC (Allocation Failure) 32.380: [ParNew: 118016K->13056K(118016K), 0.0794222 secs] 2390360K->2303611K(25152768K), 0.0798061 secs] [Times: user=0.86 sys=0.02, real=0.08 secs] 
2014-04-09T12:19:29.538+0900: 32.540: [GC (Allocation Failure) 32.540: [ParNew: 118016K->13056K(118016K), 0.0753668 secs] 2408571K->2320686K(25152768K), 0.0757500 secs] [Times: user=0.82 sys=0.02, real=0.07 secs] 
2014-04-09T12:19:29.690+0900: 32.691: [GC (Allocation Failure) 32.691: [ParNew: 118016K->13056K(118016K), 0.0676030 secs] 2425646K->2337123K(25152768K), 0.0680003 secs] [Times: user=0.73 sys=0.01, real=0.07 secs] 
2014-04-09T12:19:29.838+0900: 32.839: [GC (Allocation Failure) 32.840: [ParNew: 118016K->13056K(118016K), 0.0735281 secs] 2442083K->2354637K(25152768K), 0.0739054 secs] [Times: user=0.79 sys=0.02, real=0.07 secs] 
2014-04-09T12:19:29.988+0900: 32.989: [GC (Allocation Failure) 32.989: [ParNew: 118016K->13056K(118016K), 0.0772941 secs] 2459597K->2370167K(25152768K), 0.0776763 secs] [Times: user=0.84 sys=0.02, real=0.08 secs] 
2014-04-09T12:19:30.143+0900: 33.144: [GC (Allocation Failure) 33.144: [ParNew: 118016K->13056K(118016K), 0.0749519 secs] 2475127K->2386978K(25152768K), 0.0753300 secs] [Times: user=0.80 sys=0.02, real=0.08 secs] 
2014-04-09T12:19:30.296+0900: 33.297: [GC (Allocation Failure) 33.297: [ParNew: 118016K->13056K(118016K), 0.0836487 secs] 2491938K->2403553K(25152768K), 0.0839824 secs] [Times: user=0.90 sys=0.01, real=0.08 secs] 
2014-04-09T12:19:30.453+0900: 33.454: [GC (Allocation Failure) 33.454: [ParNew: 118015K->13056K(118016K), 0.0807688 secs] 2508513K->2421206K(25152768K), 0.0811004 secs] [Times: user=0.87 sys=0.01, real=0.08 secs] 
2014-04-09T12:19:30.610+0900: 33.611: [GC (Allocation Failure) 33.611: [ParNew: 118016K->13056K(118016K), 0.0782951 secs] 2526166K->2437214K(25152768K), 0.0786298 secs] [Times: user=0.87 sys=0.02, real=0.08 secs] 
2014-04-09T12:19:30.764+0900: 33.765: [GC (Allocation Failure) 33.766: [ParNew: 118016K->13056K(118016K), 0.0761191 secs] 2542174K->2455132K(25152768K), 0.0764541 secs] [Times: user=0.82 sys=0.02, real=0.07 secs] 
2014-04-09T12:19:30.914+0900: 33.915: [GC (Allocation Failure) 33.915: [ParNew: 118016K->13056K(118016K), 0.0826087 secs] 2560092K->2472104K(25152768K), 0.0829469 secs] [Times: user=0.89 sys=0.03, real=0.09 secs] 
2014-04-09T12:19:31.075+0900: 34.076: [GC (Allocation Failure) 34.076: [ParNew: 118016K->13056K(118016K), 0.0764467 secs] 2577064K->2486570K(25152768K), 0.0767837 secs] [Times: user=0.84 sys=0.02, real=0.07 secs] 
2014-04-09T12:19:31.230+0900: 34.231: [GC (Allocation Failure) 34.232: [ParNew: 118016K->13056K(118016K), 0.0753559 secs] 2591530K->2503641K(25152768K), 0.0756932 secs] [Times: user=0.84 sys=0.02, real=0.08 secs] 
2014-04-09T12:19:31.382+0900: 34.383: [GC (Allocation Failure) 34.383: [ParNew: 118016K->13056K(118016K), 0.0722844 secs] 2608601K->2521240K(25152768K), 0.0726662 secs] [Times: user=0.79 sys=0.01, real=0.08 secs] 
2014-04-09T12:19:31.532+0900: 34.533: [GC (Allocation Failure) 34.533: [ParNew: 118016K->13056K(118016K), 0.0775323 secs] 2626200K->2536747K(25152768K), 0.0779082 secs] [Times: user=0.82 sys=0.02, real=0.08 secs] 
2014-04-09T12:19:31.685+0900: 34.686: [GC (Allocation Failure) 34.686: [ParNew: 118016K->13056K(118016K), 0.0818654 secs] 2641707K->2552951K(25152768K), 0.0822165 secs] [Times: user=0.88 sys=0.02, real=0.08 secs] 
2014-04-09T12:19:31.843+0900: 34.844: [GC (Allocation Failure) 34.844: [ParNew: 118016K->13056K(118016K), 0.0841245 secs] 2657911K->2569635K(25152768K), 0.0844632 secs] [Times: user=0.91 sys=0.01, real=0.09 secs] 
2014-04-09T12:19:32.004+0900: 35.005: [GC (Allocation Failure) 35.005: [ParNew: 118016K->13056K(118016K), 0.0822263 secs] 2674595K->2587599K(25152768K), 0.0825555 secs] [Times: user=0.88 sys=0.02, real=0.09 secs] 
2014-04-09T12:19:32.161+0900: 35.162: [GC (Allocation Failure) 35.162: [ParNew: 118016K->13056K(118016K), 0.0755479 secs] 2692559K->2604024K(25152768K), 0.0758835 secs] [Times: user=0.80 sys=0.01, real=0.08 secs] 
2014-04-09T12:19:32.313+0900: 35.314: [GC (Allocation Failure) 35.314: [ParNew: 118016K->13056K(118016K), 0.0774475 secs] 2708984K->2619986K(25152768K), 0.0777773 secs] [Times: user=0.84 sys=0.01, real=0.08 secs] 
2014-04-09T12:19:32.464+0900: 35.466: [GC (Allocation Failure) 35.466: [ParNew: 118016K->13056K(118016K), 0.0772236 secs] 2724946K->2638332K(25152768K), 0.0775664 secs] [Times: user=0.84 sys=0.01, real=0.08 secs] 
2014-04-09T12:19:32.623+0900: 35.624: [GC (Allocation Failure) 35.624: [ParNew: 118016K->13056K(118016K), 0.0659385 secs] 2743292K->2652873K(25152768K), 0.0662724 secs] [Times: user=0.71 sys=0.02, real=0.07 secs] 
2014-04-09T12:19:32.764+0900: 35.765: [GC (Allocation Failure) 35.765: [ParNew: 118016K->13054K(118016K), 0.0757693 secs] 2757833K->2670177K(25152768K), 0.0761073 secs] [Times: user=0.80 sys=0.03, real=0.08 secs] 
2014-04-09T12:19:32.916+0900: 35.917: [GC (Allocation Failure) 35.917: [ParNew: 118014K->13056K(118016K), 0.0788423 secs] 2775137K->2686483K(25152768K), 0.0791748 secs] [Times: user=0.84 sys=0.02, real=0.08 secs] 
2014-04-09T12:19:33.071+0900: 36.072: [GC (Allocation Failure) 36.073: [ParNew: 118016K->13056K(118016K), 0.0810537 secs] 2791443K->2705887K(25152768K), 0.0813962 secs] [Times: user=0.87 sys=0.02, real=0.08 secs] 
2014-04-09T12:19:33.228+0900: 36.229: [GC (Allocation Failure) 36.229: [ParNew: 118016K->13056K(118016K), 0.0679957 secs] 2810847K->2720353K(25152768K), 0.0683741 secs] [Times: user=0.77 sys=0.01, real=0.07 secs] 
2014-04-09T12:19:33.370+0900: 36.371: [GC (Allocation Failure) 36.371: [ParNew: 118016K->13056K(118016K), 0.0795378 secs] 2825313K->2737400K(25152768K), 0.0799155 secs] [Times: user=0.87 sys=0.01, real=0.08 secs] 
2014-04-09T12:19:33.524+0900: 36.525: [GC (Allocation Failure) 36.526: [ParNew: 118016K->13056K(118016K), 0.0714027 secs] 2842360K->2755323K(25152768K), 0.0717896 secs] [Times: user=0.76 sys=0.01, real=0.08 secs] 
2014-04-09T12:19:33.672+0900: 36.673: [GC (Allocation Failure) 36.673: [ParNew: 118016K->13056K(118016K), 0.0717815 secs] 2860283K->2769990K(25152768K), 0.0721560 secs] [Times: user=0.78 sys=0.01, real=0.07 secs] 
2014-04-09T12:19:33.818+0900: 36.819: [GC (Allocation Failure) 36.820: [ParNew: 118016K->13056K(118016K), 0.0712635 secs] 2874950K->2786838K(25152768K), 0.0716417 secs] [Times: user=0.76 sys=0.01, real=0.07 secs] 
2014-04-09T12:19:33.966+0900: 36.967: [GC (Allocation Failure) 36.968: [ParNew: 118016K->13056K(118016K), 0.0764886 secs] 2891798K->2804607K(25152768K), 0.0768771 secs] [Times: user=0.83 sys=0.02, real=0.07 secs] 
2014-04-09T12:19:34.121+0900: 37.122: [GC (Allocation Failure) 37.122: [ParNew: 118016K->13056K(118016K), 0.0690269 secs] 2909567K->2822103K(25152768K), 0.0694081 secs] [Times: user=0.71 sys=0.02, real=0.07 secs] 
2014-04-09T12:19:34.265+0900: 37.266: [GC (Allocation Failure) 37.266: [ParNew: 118016K->13056K(118016K), 0.0767808 secs] 2927063K->2837435K(25152768K), 0.0771617 secs] [Times: user=0.84 sys=0.01, real=0.07 secs] 
2014-04-09T12:19:34.419+0900: 37.420: [GC (Allocation Failure) 37.420: [ParNew: 118016K->13056K(118016K), 0.0734415 secs] 2942395K->2854569K(25152768K), 0.0738196 secs] [Times: user=0.73 sys=0.01, real=0.07 secs] 
2014-04-09T12:19:34.563+0900: 37.564: [GC (Allocation Failure) 37.565: [ParNew: 118016K->13056K(118016K), 0.0791960 secs] 2959529K->2872628K(25152768K), 0.0796032 secs] [Times: user=0.83 sys=0.03, real=0.08 secs] 
2014-04-09T12:19:34.716+0900: 37.717: [GC (Allocation Failure) 37.718: [ParNew: 118016K->13056K(118016K), 0.0723858 secs] 2977588K->2887446K(25152768K), 0.0727699 secs] [Times: user=0.79 sys=0.01, real=0.07 secs] 
2014-04-09T12:19:34.866+0900: 37.867: [GC (Allocation Failure) 37.867: [ParNew: 118016K->13056K(118016K), 0.0747535 secs] 2992406K->2904194K(25152768K), 0.0750976 secs] [Times: user=0.82 sys=0.01, real=0.07 secs] 
2014-04-09T12:19:35.019+0900: 38.020: [GC (Allocation Failure) 38.020: [ParNew: 118016K->13056K(118016K), 0.0726462 secs] 3009154K->2921590K(25152768K), 0.0729800 secs] [Times: user=0.76 sys=0.02, real=0.07 secs] 
2014-04-09T12:19:35.171+0900: 38.172: [GC (Allocation Failure) 38.172: [ParNew: 118016K->13056K(118016K), 0.0771038 secs] 3026550K->2939279K(25152768K), 0.0774348 secs] [Times: user=0.84 sys=0.01, real=0.08 secs] 
2014-04-09T12:19:35.323+0900: 38.325: [GC (Allocation Failure) 38.325: [ParNew: 118016K->13056K(118016K), 0.0773306 secs] 3044239K->2955221K(25152768K), 0.0776705 secs] [Times: user=0.83 sys=0.02, real=0.08 secs] 
2014-04-09T12:19:35.478+0900: 38.479: [GC (Allocation Failure) 38.480: [ParNew: 118016K->13056K(118016K), 0.0814170 secs] 3060181K->2973998K(25152768K), 0.0818028 secs] [Times: user=0.85 sys=0.02, real=0.08 secs] 
2014-04-09T12:19:35.635+0900: 38.636: [GC (Allocation Failure) 38.636: [ParNew: 118016K->13056K(118016K), 0.0816217 secs] 3078958K->2989989K(25152768K), 0.0819972 secs] [Times: user=0.87 sys=0.03, real=0.08 secs] 
2014-04-09T12:19:35.794+0900: 38.796: [GC (Allocation Failure) 38.796: [ParNew: 118016K->13056K(118016K), 0.0753394 secs] 3094949K->3004679K(25152768K), 0.0757139 secs] [Times: user=0.81 sys=0.03, real=0.07 secs] 
2014-04-09T12:19:35.945+0900: 38.946: [GC (Allocation Failure) 38.946: [ParNew: 118016K->13056K(118016K), 0.0815834 secs] 3109639K->3022049K(25152768K), 0.0819663 secs] [Times: user=0.85 sys=0.03, real=0.09 secs] 
2014-04-09T12:19:36.104+0900: 39.105: [GC (Allocation Failure) 39.105: [ParNew: 118016K->13056K(118016K), 0.0735773 secs] 3127009K->3040409K(25152768K), 0.0739632 secs] [Times: user=0.79 sys=0.02, real=0.08 secs] 
2014-04-09T12:19:36.255+0900: 39.257: [GC (Allocation Failure) 39.257: [ParNew: 118016K->13056K(118016K), 0.0740051 secs] 3145369K->3056134K(25152768K), 0.0743452 secs] [Times: user=0.80 sys=0.02, real=0.08 secs] 
2014-04-09T12:19:36.404+0900: 39.405: [GC (Allocation Failure) 39.405: [ParNew: 118016K->13056K(118016K), 0.0723796 secs] 3161094K->3072011K(25152768K), 0.0727146 secs] [Times: user=0.77 sys=0.02, real=0.08 secs] 
2014-04-09T12:19:36.550+0900: 39.551: [GC (Allocation Failure) 39.551: [ParNew: 118016K->13056K(118016K), 0.0766495 secs] 3176971K->3089228K(25152768K), 0.0769833 secs] [Times: user=0.82 sys=0.02, real=0.08 secs] 
2014-04-09T12:19:36.705+0900: 39.706: [GC (Allocation Failure) 39.707: [ParNew: 118016K->13056K(118016K), 0.0840145 secs] 3194188K->3107777K(25152768K), 0.0843585 secs] [Times: user=0.89 sys=0.03, real=0.09 secs] 
2014-04-09T12:19:36.869+0900: 39.870: [GC (Allocation Failure) 39.870: [ParNew: 118016K->13056K(118016K), 0.0793531 secs] 3212737K->3131761K(25152768K), 0.0796938 secs] [Times: user=0.90 sys=0.02, real=0.08 secs] 
2014-04-09T12:19:37.028+0900: 40.030: [GC (Allocation Failure) 40.030: [ParNew: 118016K->13056K(118016K), 0.0787796 secs] 3236721K->3150932K(25152768K), 0.0791186 secs] [Times: user=0.87 sys=0.02, real=0.08 secs] 
2014-04-09T12:19:37.183+0900: 40.184: [GC (Allocation Failure) 40.184: [ParNew: 118016K->13056K(118016K), 0.0665082 secs] 3255892K->3168697K(25152768K), 0.0668459 secs] [Times: user=0.70 sys=0.01, real=0.07 secs] 
2014-04-09T12:19:37.329+0900: 40.330: [GC (Allocation Failure) 40.330: [ParNew: 118016K->13056K(118016K), 0.0677711 secs] 3273657K->3183192K(25152768K), 0.0681059 secs] [Times: user=0.73 sys=0.01, real=0.07 secs] 
2014-04-09T12:19:37.469+0900: 40.470: [GC (Allocation Failure) 40.470: [ParNew: 118016K->13056K(118016K), 0.0779701 secs] 3288152K->3199812K(25152768K), 0.0783046 secs] [Times: user=0.84 sys=0.02, real=0.08 secs] 
2014-04-09T12:19:37.623+0900: 40.624: [GC (Allocation Failure) 40.624: [ParNew: 118016K->13056K(118016K), 0.0758235 secs] 3304772K->3216199K(25152768K), 0.0761601 secs] [Times: user=0.83 sys=0.02, real=0.08 secs] 
2014-04-09T12:19:37.774+0900: 40.775: [GC (Allocation Failure) 40.775: [ParNew: 118016K->13056K(118016K), 0.0773922 secs] 3321159K->3235167K(25152768K), 0.0777277 secs] [Times: user=0.84 sys=0.02, real=0.08 secs] 
2014-04-09T12:19:37.928+0900: 40.929: [GC (Allocation Failure) 40.929: [ParNew: 118010K->13056K(118016K), 0.0652061 secs] 3340122K->3250372K(25152768K), 0.0655402 secs] [Times: user=0.69 sys=0.02, real=0.06 secs] 
2014-04-09T12:19:38.068+0900: 41.069: [GC (Allocation Failure) 41.069: [ParNew: 118016K->13056K(118016K), 0.0778421 secs] 3355332K->3267226K(25152768K), 0.0781767 secs] [Times: user=0.83 sys=0.03, real=0.08 secs] 
2014-04-09T12:19:38.219+0900: 41.220: [GC (Allocation Failure) 41.221: [ParNew: 118016K->13056K(118016K), 0.0701448 secs] 3372186K->3284024K(25152768K), 0.0704868 secs] [Times: user=0.73 sys=0.02, real=0.07 secs] 
2014-04-09T12:19:38.368+0900: 41.369: [GC (Allocation Failure) 41.369: [ParNew: 118016K->13056K(118016K), 0.0733681 secs] 3388984K->3299110K(25152768K), 0.0737228 secs] [Times: user=0.81 sys=0.02, real=0.07 secs] 
2014-04-09T12:19:38.518+0900: 41.519: [GC (Allocation Failure) 41.519: [ParNew: 118016K->13056K(118016K), 0.0794042 secs] 3404070K->3314680K(25152768K), 0.0797460 secs] [Times: user=0.88 sys=0.03, real=0.08 secs] 
2014-04-09T12:19:38.671+0900: 41.672: [GC (Allocation Failure) 41.672: [ParNew: 118016K->13056K(118016K), 0.0769963 secs] 3419640K->3331661K(25152768K), 0.0773766 secs] [Times: user=0.84 sys=0.01, real=0.08 secs] 
2014-04-09T12:19:38.826+0900: 41.827: [GC (Allocation Failure) 41.827: [ParNew: 118016K->13056K(118016K), 0.0819567 secs] 3436621K->3349174K(25152768K), 0.0822984 secs] [Times: user=0.81 sys=0.03, real=0.08 secs] 
2014-04-09T12:19:38.982+0900: 41.983: [GC (Allocation Failure) 41.983: [ParNew: 118016K->13056K(118016K), 0.0780307 secs] 3454134K->3364751K(25152768K), 0.0783700 secs] [Times: user=0.84 sys=0.02, real=0.08 secs] 
2014-04-09T12:19:39.134+0900: 42.136: [GC (Allocation Failure) 42.136: [ParNew: 118016K->13056K(118016K), 0.0771581 secs] 3469711K->3382067K(25152768K), 0.0775428 secs] [Times: user=0.83 sys=0.03, real=0.08 secs] 
2014-04-09T12:19:39.294+0900: 42.295: [GC (Allocation Failure) 42.295: [ParNew: 118016K->13056K(118016K), 0.0702212 secs] 3487027K->3399680K(25152768K), 0.0706101 secs] [Times: user=0.75 sys=0.02, real=0.07 secs] 
2014-04-09T12:19:39.442+0900: 42.443: [GC (Allocation Failure) 42.443: [ParNew: 118016K->13056K(118016K), 0.0709049 secs] 3504640K->3414355K(25152768K), 0.0712859 secs] [Times: user=0.78 sys=0.02, real=0.07 secs] 
2014-04-09T12:19:39.589+0900: 42.590: [GC (Allocation Failure) 42.590: [ParNew: 118016K->13056K(118016K), 0.0654987 secs] 3519315K->3430257K(25152768K), 0.0658914 secs] [Times: user=0.69 sys=0.02, real=0.06 secs] 
2014-04-09T12:19:39.734+0900: 42.735: [GC (Allocation Failure) 42.735: [ParNew: 118016K->13056K(118016K), 0.0790091 secs] 3535217K->3447721K(25152768K), 0.0793969 secs] [Times: user=0.86 sys=0.02, real=0.08 secs] 
2014-04-09T12:19:39.890+0900: 42.891: [GC (Allocation Failure) 42.892: [ParNew: 118016K->13056K(118016K), 0.0696907 secs] 3552681K->3464875K(25152768K), 0.0700834 secs] [Times: user=0.72 sys=0.02, real=0.07 secs] 
2014-04-09T12:19:40.039+0900: 43.040: [GC (Allocation Failure) 43.040: [ParNew: 118016K->13056K(118016K), 0.0643162 secs] 3569835K->3481790K(25152768K), 0.0647048 secs] [Times: user=0.70 sys=0.01, real=0.06 secs] 
2014-04-09T12:19:40.182+0900: 43.183: [GC (Allocation Failure) 43.184: [ParNew: 118016K->13056K(118016K), 0.0678994 secs] 3586750K->3498484K(25152768K), 0.0682885 secs] [Times: user=0.72 sys=0.02, real=0.07 secs] 
2014-04-09T12:19:40.328+0900: 43.329: [GC (Allocation Failure) 43.330: [ParNew: 118016K->13056K(118016K), 0.0719322 secs] 3603444K->3515549K(25152768K), 0.0723438 secs] [Times: user=0.76 sys=0.02, real=0.07 secs] 
2014-04-09T12:19:40.478+0900: 43.479: [GC (Allocation Failure) 43.480: [ParNew: 118016K->13056K(118016K), 0.0717052 secs] 3620509K->3529857K(25152768K), 0.0720941 secs] [Times: user=0.77 sys=0.01, real=0.07 secs] 
2014-04-09T12:19:40.624+0900: 43.625: [GC (Allocation Failure) 43.626: [ParNew: 118016K->13056K(118016K), 0.0761903 secs] 3634817K->3547222K(25152768K), 0.0765287 secs] [Times: user=0.81 sys=0.02, real=0.08 secs] 
2014-04-09T12:19:40.781+0900: 43.782: [GC (Allocation Failure) 43.782: [ParNew: 118016K->13056K(118016K), 0.0775966 secs] 3652182K->3562953K(25152768K), 0.0779317 secs] [Times: user=0.84 sys=0.01, real=0.08 secs] 
2014-04-09T12:19:40.933+0900: 43.935: [GC (Allocation Failure) 43.935: [ParNew: 118016K->13056K(118016K), 0.0752245 secs] 3667913K->3581563K(25152768K), 0.0755606 secs] [Times: user=0.80 sys=0.03, real=0.08 secs] 
2014-04-09T12:19:41.084+0900: 44.085: [GC (Allocation Failure) 44.085: [ParNew: 118016K->13056K(118016K), 0.0724288 secs] 3686523K->3596167K(25152768K), 0.0727669 secs] [Times: user=0.79 sys=0.01, real=0.08 secs] 
2014-04-09T12:19:41.234+0900: 44.235: [GC (Allocation Failure) 44.235: [ParNew: 118016K->13056K(118016K), 0.0799654 secs] 3701127K->3613402K(25152768K), 0.0803453 secs] [Times: user=0.87 sys=0.02, real=0.08 secs] 
2014-04-09T12:19:41.387+0900: 44.388: [GC (Allocation Failure) 44.388: [ParNew: 118016K->13056K(118016K), 0.0719280 secs] 3718362K->3630214K(25152768K), 0.0723100 secs] [Times: user=0.79 sys=0.01, real=0.07 secs] 
2014-04-09T12:19:41.535+0900: 44.536: [GC (Allocation Failure) 44.536: [ParNew: 118016K->13056K(118016K), 0.0690285 secs] 3735174K->3646507K(25152768K), 0.0693688 secs] [Times: user=0.75 sys=0.02, real=0.07 secs] 
2014-04-09T12:19:41.677+0900: 44.678: [GC (Allocation Failure) 44.678: [ParNew: 118016K->13056K(118016K), 0.0721624 secs] 3751467K->3661163K(25152768K), 0.0725525 secs] [Times: user=0.80 sys=0.02, real=0.07 secs] 
2014-04-09T12:19:41.826+0900: 44.827: [GC (Allocation Failure) 44.827: [ParNew: 118016K->13056K(118016K), 0.0791068 secs] 3766123K->3678091K(25152768K), 0.0794881 secs] [Times: user=0.85 sys=0.02, real=0.08 secs] 
2014-04-09T12:19:41.981+0900: 44.982: [GC (Allocation Failure) 44.983: [ParNew: 118016K->13056K(118016K), 0.0743013 secs] 3783051K->3696855K(25152768K), 0.0746859 secs] [Times: user=0.79 sys=0.02, real=0.08 secs] 
2014-04-09T12:19:42.135+0900: 45.136: [GC (Allocation Failure) 45.136: [ParNew: 118016K->13056K(118016K), 0.0672913 secs] 3801815K->3711643K(25152768K), 0.0676769 secs] [Times: user=0.71 sys=0.01, real=0.07 secs] 
2014-04-09T12:19:42.277+0900: 45.278: [GC (Allocation Failure) 45.278: [ParNew: 118016K->13056K(118016K), 0.0739803 secs] 3816603K->3729364K(25152768K), 0.0743627 secs] [Times: user=0.80 sys=0.02, real=0.07 secs] 
2014-04-09T12:19:42.425+0900: 45.426: [GC (Allocation Failure) 45.426: [ParNew: 118016K->13056K(118016K), 0.0758835 secs] 3834324K->3747219K(25152768K), 0.0762638 secs] [Times: user=0.83 sys=0.02, real=0.08 secs] 
2014-04-09T12:19:42.578+0900: 45.579: [GC (Allocation Failure) 45.579: [ParNew: 118016K->13056K(118016K), 0.0754167 secs] 3852179K->3760360K(25152768K), 0.0757996 secs] [Times: user=0.85 sys=0.01, real=0.07 secs] 
2014-04-09T12:19:42.729+0900: 45.730: [GC (Allocation Failure) 45.730: [ParNew: 118016K->13056K(118016K), 0.0705056 secs] 3865320K->3777653K(25152768K), 0.0708937 secs] [Times: user=0.73 sys=0.03, real=0.07 secs] 
2014-04-09T12:19:42.874+0900: 45.875: [GC (Allocation Failure) 45.875: [ParNew: 118016K->13056K(118016K), 0.0786368 secs] 3882613K->3795263K(25152768K), 0.0790274 secs] [Times: user=0.84 sys=0.01, real=0.08 secs] 
2014-04-09T12:19:43.034+0900: 46.035: [GC (Allocation Failure) 46.035: [ParNew: 118016K->13056K(118016K), 0.0651129 secs] 3900223K->3813956K(25152768K), 0.0654932 secs] [Times: user=0.68 sys=0.02, real=0.07 secs] 
2014-04-09T12:19:43.175+0900: 46.177: [GC (Allocation Failure) 46.177: [ParNew: 118016K->13056K(118016K), 0.0699653 secs] 3918916K->3828802K(25152768K), 0.0703496 secs] [Times: user=0.77 sys=0.02, real=0.07 secs] 
2014-04-09T12:19:43.321+0900: 46.322: [GC (Allocation Failure) 46.322: [ParNew: 118016K->13056K(118016K), 0.0735787 secs] 3933762K->3846664K(25152768K), 0.0739579 secs] [Times: user=0.76 sys=0.02, real=0.07 secs] 
2014-04-09T12:19:43.470+0900: 46.472: [GC (Allocation Failure) 46.472: [ParNew: 118016K->13056K(118016K), 0.0732077 secs] 3951624K->3865921K(25152768K), 0.0735922 secs] [Times: user=0.75 sys=0.01, real=0.07 secs] 
2014-04-09T12:19:43.617+0900: 46.618: [GC (Allocation Failure) 46.619: [ParNew: 118016K->13056K(118016K), 0.0764165 secs] 3970881K->3880141K(25152768K), 0.0768047 secs] [Times: user=0.83 sys=0.02, real=0.07 secs] 
2014-04-09T12:19:43.771+0900: 46.772: [GC (Allocation Failure) 46.772: [ParNew: 118016K->13056K(118016K), 0.0774871 secs] 3985101K->3896474K(25152768K), 0.0778696 secs] [Times: user=0.84 sys=0.02, real=0.08 secs] 
2014-04-09T12:19:43.924+0900: 46.925: [GC (Allocation Failure) 46.925: [ParNew: 118016K->13056K(118016K), 0.0774548 secs] 4001434K->3915350K(25152768K), 0.0777966 secs] [Times: user=0.83 sys=0.02, real=0.08 secs] 
2014-04-09T12:19:44.080+0900: 47.081: [GC (Allocation Failure) 47.081: [ParNew: 118016K->13056K(118016K), 0.0718966 secs] 4020310K->3931679K(25152768K), 0.0722327 secs] [Times: user=0.76 sys=0.03, real=0.07 secs] 
2014-04-09T12:19:44.228+0900: 47.229: [GC (Allocation Failure) 47.229: [ParNew: 118016K->13056K(118016K), 0.0685944 secs] 4036639K->3947817K(25152768K), 0.0689392 secs] [Times: user=0.73 sys=0.01, real=0.07 secs] 
2014-04-09T12:19:44.371+0900: 47.372: [GC (Allocation Failure) 47.372: [ParNew: 118014K->13056K(118016K), 0.0731612 secs] 4052776K->3965169K(25152768K), 0.0734957 secs] [Times: user=0.78 sys=0.01, real=0.07 secs] 
2014-04-09T12:19:44.519+0900: 47.520: [GC (Allocation Failure) 47.520: [ParNew: 118016K->13056K(118016K), 0.0741953 secs] 4070129K->3982219K(25152768K), 0.0745353 secs] [Times: user=0.80 sys=0.02, real=0.07 secs] 
2014-04-09T12:19:44.671+0900: 47.672: [GC (Allocation Failure) 47.672: [ParNew: 117976K->13056K(118016K), 0.0712966 secs] 4087139K->3997763K(25152768K), 0.0716341 secs] [Times: user=0.79 sys=0.01, real=0.07 secs] 
2014-04-09T12:19:44.818+0900: 47.819: [GC (Allocation Failure) 47.819: [ParNew: 118016K->13056K(118016K), 0.0708195 secs] 4102723K->4014088K(25152768K), 0.0711949 secs] [Times: user=0.75 sys=0.03, real=0.07 secs] 
2014-04-09T12:19:44.962+0900: 47.963: [GC (Allocation Failure) 47.963: [ParNew: 118016K->13056K(118016K), 0.0728979 secs] 4119048K->4030025K(25152768K), 0.0732329 secs] [Times: user=0.78 sys=0.01, real=0.07 secs] 
2014-04-09T12:19:45.114+0900: 48.115: [GC (Allocation Failure) 48.115: [ParNew: 118016K->13056K(118016K), 0.0734275 secs] 4134985K->4047989K(25152768K), 0.0737656 secs] [Times: user=0.79 sys=0.02, real=0.08 secs] 
2014-04-09T12:19:45.266+0900: 48.267: [GC (Allocation Failure) 48.267: [ParNew: 118016K->13056K(118016K), 0.0742807 secs] 4152949K->4062916K(25152768K), 0.0746274 secs] [Times: user=0.78 sys=0.02, real=0.08 secs] 
2014-04-09T12:19:45.418+0900: 48.419: [GC (Allocation Failure) 48.419: [ParNew: 118016K->13056K(118016K), 0.0721121 secs] 4167876K->4080499K(25152768K), 0.0724492 secs] [Times: user=0.77 sys=0.01, real=0.07 secs] 
2014-04-09T12:19:45.564+0900: 48.565: [GC (Allocation Failure) 48.566: [ParNew: 118016K->13056K(118016K), 0.0730223 secs] 4185459K->4097358K(25152768K), 0.0733590 secs] [Times: user=0.77 sys=0.03, real=0.08 secs] 
2014-04-09T12:19:45.717+0900: 48.718: [GC (Allocation Failure) 48.718: [ParNew: 118016K->13056K(118016K), 0.0753854 secs] 4202318K->4112029K(25152768K), 0.0757280 secs] [Times: user=0.82 sys=0.01, real=0.07 secs] 
2014-04-09T12:19:45.867+0900: 48.868: [GC (Allocation Failure) 48.868: [ParNew: 118016K->13056K(118016K), 0.0707576 secs] 4216989K->4128823K(25152768K), 0.0710984 secs] [Times: user=0.74 sys=0.02, real=0.07 secs] 
2014-04-09T12:19:46.014+0900: 49.015: [GC (Allocation Failure) 49.015: [ParNew: 118013K->13056K(118016K), 0.0750217 secs] 4233780K->4145825K(25152768K), 0.0753587 secs] [Times: user=0.79 sys=0.02, real=0.08 secs] 
2014-04-09T12:19:46.166+0900: 49.168: [GC (Allocation Failure) 49.168: [ParNew: 118016K->13056K(118016K), 0.0711814 secs] 4250785K->4163530K(25152768K), 0.0715237 secs] [Times: user=0.75 sys=0.02, real=0.07 secs] 
2014-04-09T12:19:46.313+0900: 49.314: [GC (Allocation Failure) 49.314: [ParNew: 118016K->13056K(118016K), 0.0665057 secs] 4268490K->4179107K(25152768K), 0.0668406 secs] [Times: user=0.72 sys=0.01, real=0.07 secs] 
2014-04-09T12:19:46.454+0900: 49.455: [GC (Allocation Failure) 49.455: [ParNew: 118016K->13056K(118016K), 0.0777688 secs] 4284067K->4196078K(25152768K), 0.0781143 secs] [Times: user=0.85 sys=0.02, real=0.08 secs] 
2014-04-09T12:19:46.607+0900: 49.608: [GC (Allocation Failure) 49.608: [ParNew: 118016K->13056K(118016K), 0.0750024 secs] 4301038K->4212695K(25152768K), 0.0753374 secs] [Times: user=0.81 sys=0.02, real=0.07 secs] 
2014-04-09T12:19:46.763+0900: 49.765: [GC (Allocation Failure) 49.765: [ParNew: 118016K->13056K(118016K), 0.0718552 secs] 4317655K->4227930K(25152768K), 0.0721893 secs] [Times: user=0.78 sys=0.01, real=0.07 secs] 
2014-04-09T12:19:46.911+0900: 49.912: [GC (Allocation Failure) 49.912: [ParNew: 118016K->13056K(118016K), 0.0730021 secs] 4332890K->4246342K(25152768K), 0.0733463 secs] [Times: user=0.77 sys=0.02, real=0.07 secs] 
2014-04-09T12:19:47.058+0900: 50.059: [GC (Allocation Failure) 50.059: [ParNew: 118016K->13056K(118016K), 0.0691804 secs] 4351302K->4263563K(25152768K), 0.0695151 secs] [Times: user=0.71 sys=0.03, real=0.07 secs] 
2014-04-09T12:19:47.204+0900: 50.205: [GC (Allocation Failure) 50.205: [ParNew: 118016K->13056K(118016K), 0.0686435 secs] 4368523K->4279718K(25152768K), 0.0689806 secs] [Times: user=0.75 sys=0.02, real=0.07 secs] 
2014-04-09T12:19:47.349+0900: 50.350: [GC (Allocation Failure) 50.350: [ParNew: 118016K->13056K(118016K), 0.0744894 secs] 4384678K->4295414K(25152768K), 0.0748348 secs] [Times: user=0.80 sys=0.02, real=0.07 secs] 
2014-04-09T12:19:47.498+0900: 50.499: [GC (Allocation Failure) 50.499: [ParNew: 118016K->13056K(118016K), 0.0668171 secs] 4400374K->4313644K(25152768K), 0.0671578 secs] [Times: user=0.69 sys=0.02, real=0.06 secs] 
2014-04-09T12:19:47.640+0900: 50.641: [GC (Allocation Failure) 50.641: [ParNew: 118016K->13056K(118016K), 0.0742987 secs] 4418604K->4330921K(25152768K), 0.0746831 secs] [Times: user=0.78 sys=0.02, real=0.07 secs] 
2014-04-09T12:19:47.790+0900: 50.791: [GC (Allocation Failure) 50.791: [ParNew: 118016K->13056K(118016K), 0.0712228 secs] 4435881K->4344664K(25152768K), 0.0716101 secs] [Times: user=0.77 sys=0.02, real=0.07 secs] 
2014-04-09T12:19:47.937+0900: 50.938: [GC (Allocation Failure) 50.938: [ParNew: 118016K->13056K(118016K), 0.0772010 secs] 4449624K->4362514K(25152768K), 0.0775804 secs] [Times: user=0.76 sys=0.02, real=0.07 secs] 
2014-04-09T12:19:48.091+0900: 51.092: [GC (Allocation Failure) 51.093: [ParNew: 118016K->13056K(118016K), 0.0733185 secs] 4467474K->4379449K(25152768K), 0.0737004 secs] [Times: user=0.77 sys=0.02, real=0.07 secs] 
2014-04-09T12:19:48.245+0900: 51.246: [GC (Allocation Failure) 51.246: [ParNew: 118016K->13056K(118016K), 0.0734042 secs] 4484409K->4395459K(25152768K), 0.0737839 secs] [Times: user=0.77 sys=0.03, real=0.08 secs] 
2014-04-09T12:19:48.392+0900: 51.393: [GC (Allocation Failure) 51.393: [ParNew: 118016K->13056K(118016K), 0.0779076 secs] 4500419K->4410725K(25152768K), 0.0783006 secs] [Times: user=0.82 sys=0.03, real=0.08 secs] 
2014-04-09T12:19:48.546+0900: 51.547: [GC (Allocation Failure) 51.548: [ParNew: 118016K->13056K(118016K), 0.0705779 secs] 4515685K->4428340K(25152768K), 0.0709793 secs] [Times: user=0.75 sys=0.02, real=0.08 secs] 
2014-04-09T12:19:48.693+0900: 51.694: [GC (Allocation Failure) 51.694: [ParNew: 118016K->13056K(118016K), 0.0780778 secs] 4533300K->4445120K(25152768K), 0.0784592 secs] [Times: user=0.84 sys=0.01, real=0.08 secs] 
2014-04-09T12:19:48.849+0900: 51.850: [GC (Allocation Failure) 51.850: [ParNew: 118016K->13056K(118016K), 0.0717426 secs] 4550080K->4460998K(25152768K), 0.0721244 secs] [Times: user=0.76 sys=0.03, real=0.07 secs] 
2014-04-09T12:19:48.993+0900: 51.994: [GC (Allocation Failure) 51.995: [ParNew: 118016K->13056K(118016K), 0.0740520 secs] 4565958K->4478234K(25152768K), 0.0744337 secs] [Times: user=0.77 sys=0.02, real=0.08 secs] 
2014-04-09T12:19:49.148+0900: 52.149: [GC (Allocation Failure) 52.149: [ParNew: 118016K->13056K(118016K), 0.0687876 secs] 4583194K->4495181K(25152768K), 0.0691685 secs] [Times: user=0.73 sys=0.01, real=0.06 secs] 
2014-04-09T12:19:49.296+0900: 52.297: [GC (Allocation Failure) 52.297: [ParNew: 118016K->13056K(118016K), 0.0755271 secs] 4600141K->4511215K(25152768K), 0.0759160 secs] [Times: user=0.81 sys=0.01, real=0.08 secs] 
2014-04-09T12:19:49.447+0900: 52.448: [GC (Allocation Failure) 52.448: [ParNew: 118016K->13056K(118016K), 0.0698798 secs] 4616175K->4527937K(25152768K), 0.0702588 secs] [Times: user=0.75 sys=0.03, real=0.07 secs] 
2014-04-09T12:19:49.591+0900: 52.592: [GC (Allocation Failure) 52.593: [ParNew: 118015K->13056K(118016K), 0.0704591 secs] 4632896K->4544051K(25152768K), 0.0708404 secs] [Times: user=0.74 sys=0.01, real=0.07 secs] 
2014-04-09T12:19:49.737+0900: 52.738: [GC (Allocation Failure) 52.738: [ParNew: 118016K->13056K(118016K), 0.0756356 secs] 4649011K->4560772K(25152768K), 0.0760186 secs] [Times: user=0.81 sys=0.02, real=0.08 secs] 
2014-04-09T12:19:49.888+0900: 52.889: [GC (Allocation Failure) 52.889: [ParNew: 118016K->13056K(118016K), 0.0683722 secs] 4665732K->4576500K(25152768K), 0.0687707 secs] [Times: user=0.72 sys=0.01, real=0.06 secs] 
2014-04-09T12:19:50.035+0900: 53.036: [GC (Allocation Failure) 53.036: [ParNew: 118016K->13056K(118016K), 0.0705647 secs] 4681460K->4592504K(25152768K), 0.0709437 secs] [Times: user=0.74 sys=0.02, real=0.07 secs] 
2014-04-09T12:19:50.185+0900: 53.187: [GC (Allocation Failure) 53.187: [ParNew: 118016K->13056K(118016K), 0.0716185 secs] 4697464K->4610220K(25152768K), 0.0720108 secs] [Times: user=0.75 sys=0.02, real=0.08 secs] 
2014-04-09T12:19:50.333+0900: 53.334: [GC (Allocation Failure) 53.334: [ParNew: 118016K->13056K(118016K), 0.0685470 secs] 4715180K->4626574K(25152768K), 0.0689389 secs] [Times: user=0.73 sys=0.01, real=0.07 secs] 
2014-04-09T12:19:50.481+0900: 53.482: [GC (Allocation Failure) 53.483: [ParNew: 118016K->13056K(118016K), 0.0691629 secs] 4731534K->4642896K(25152768K), 0.0695533 secs] [Times: user=0.74 sys=0.03, real=0.07 secs] 
2014-04-09T12:19:50.635+0900: 53.636: [GC (Allocation Failure) 53.636: [ParNew: 118016K->13056K(118016K), 0.0757454 secs] 4747856K->4659819K(25152768K), 0.0761223 secs] [Times: user=0.79 sys=0.01, real=0.08 secs] 
2014-04-09T12:19:50.786+0900: 53.787: [GC (Allocation Failure) 53.787: [ParNew: 118016K->13056K(118016K), 0.0769544 secs] 4764779K->4676307K(25152768K), 0.0773427 secs] [Times: user=0.83 sys=0.01, real=0.08 secs] 
2014-04-09T12:19:50.939+0900: 53.941: [GC (Allocation Failure) 53.941: [ParNew: 118016K->13056K(118016K), 0.0674339 secs] 4781267K->4692147K(25152768K), 0.0678230 secs] [Times: user=0.72 sys=0.02, real=0.07 secs] 
2014-04-09T12:19:51.081+0900: 54.082: [GC (Allocation Failure) 54.083: [ParNew: 118016K->13056K(118016K), 0.0731882 secs] 4797107K->4707865K(25152768K), 0.0735769 secs] [Times: user=0.78 sys=0.02, real=0.07 secs] 
2014-04-09T12:19:51.231+0900: 54.232: [GC (Allocation Failure) 54.232: [ParNew: 118016K->13056K(118016K), 0.0742266 secs] 4812825K->4725802K(25152768K), 0.0746085 secs] [Times: user=0.78 sys=0.03, real=0.07 secs] 
2014-04-09T12:19:51.377+0900: 54.378: [GC (Allocation Failure) 54.378: [ParNew: 118016K->13056K(118016K), 0.0684862 secs] 4830762K->4743550K(25152768K), 0.0688640 secs] [Times: user=0.72 sys=0.02, real=0.07 secs] 
2014-04-09T12:19:51.519+0900: 54.520: [GC (Allocation Failure) 54.520: [ParNew: 118016K->13056K(118016K), 0.0742324 secs] 4848510K->4759860K(25152768K), 0.0746124 secs] [Times: user=0.78 sys=0.02, real=0.07 secs] 
2014-04-09T12:19:51.666+0900: 54.668: [GC (Allocation Failure) 54.668: [ParNew: 118016K->13056K(118016K), 0.0741486 secs] 4864820K->4777206K(25152768K), 0.0745314 secs] [Times: user=0.78 sys=0.03, real=0.08 secs] 
2014-04-09T12:19:51.819+0900: 54.820: [GC (Allocation Failure) 54.820: [ParNew: 118016K->13056K(118016K), 0.0714069 secs] 4882166K->4794252K(25152768K), 0.0717644 secs] [Times: user=0.74 sys=0.02, real=0.07 secs] 
2014-04-09T12:19:51.967+0900: 54.968: [GC (Allocation Failure) 54.968: [ParNew: 118016K->13056K(118016K), 0.0702774 secs] 4899212K->4807747K(25152768K), 0.0706159 secs] [Times: user=0.75 sys=0.02, real=0.08 secs] 
2014-04-09T12:19:52.116+0900: 55.117: [GC (Allocation Failure) 55.117: [ParNew: 118016K->13056K(118016K), 0.0721659 secs] 4912707K->4824798K(25152768K), 0.0725125 secs] [Times: user=0.77 sys=0.02, real=0.08 secs] 
2014-04-09T12:19:52.268+0900: 55.269: [GC (Allocation Failure) 55.269: [ParNew: 118016K->13056K(118016K), 0.0708380 secs] 4929758K->4842453K(25152768K), 0.0711851 secs] [Times: user=0.75 sys=0.02, real=0.07 secs] 
2014-04-09T12:19:52.421+0900: 55.422: [GC (Allocation Failure) 55.422: [ParNew: 118016K->13056K(118016K), 0.0747172 secs] 4947413K->4859902K(25152768K), 0.0750523 secs] [Times: user=0.78 sys=0.02, real=0.07 secs] 
2014-04-09T12:19:52.571+0900: 55.572: [GC (Allocation Failure) 55.572: [ParNew: 118016K->13056K(118016K), 0.0699342 secs] 4964862K->4875957K(25152768K), 0.0702742 secs] [Times: user=0.74 sys=0.02, real=0.07 secs] 
2014-04-09T12:19:52.715+0900: 55.716: [GC (Allocation Failure) 55.716: [ParNew: 118016K->13056K(118016K), 0.0674252 secs] 4980917K->4892658K(25152768K), 0.0677736 secs] [Times: user=0.73 sys=0.02, real=0.07 secs] 
2014-04-09T12:19:52.857+0900: 55.858: [GC (Allocation Failure) 55.858: [ParNew: 118016K->13056K(118016K), 0.0726228 secs] 4997618K->4909552K(25152768K), 0.0729590 secs] [Times: user=0.78 sys=0.02, real=0.08 secs] 
2014-04-09T12:19:53.008+0900: 56.009: [GC (Allocation Failure) 56.009: [ParNew: 118016K->13056K(118016K), 0.0668890 secs] 5014512K->4924784K(25152768K), 0.0672280 secs] [Times: user=0.70 sys=0.01, real=0.06 secs] 
2014-04-09T12:19:53.154+0900: 56.155: [GC (Allocation Failure) 56.155: [ParNew: 118016K->13056K(118016K), 0.0739288 secs] 5029744K->4940889K(25152768K), 0.0742741 secs] [Times: user=0.77 sys=0.02, real=0.08 secs] 
2014-04-09T12:19:53.302+0900: 56.303: [GC (Allocation Failure) 56.303: [ParNew: 118016K->13056K(118016K), 0.0698536 secs] 5045849K->4958157K(25152768K), 0.0701912 secs] [Times: user=0.75 sys=0.01, real=0.07 secs] 
2014-04-09T12:19:53.447+0900: 56.448: [GC (Allocation Failure) 56.448: [ParNew: 118016K->13056K(118016K), 0.0725439 secs] 5063117K->4975413K(25152768K), 0.0728923 secs] [Times: user=0.76 sys=0.02, real=0.08 secs] 
2014-04-09T12:19:53.596+0900: 56.597: [GC (Allocation Failure) 56.597: [ParNew: 118016K->13056K(118016K), 0.0624697 secs] 5080373K->4990856K(25152768K), 0.0628078 secs] [Times: user=0.67 sys=0.03, real=0.07 secs] 
2014-04-09T12:19:53.733+0900: 56.734: [GC (Allocation Failure) 56.734: [ParNew: 118016K->13056K(118016K), 0.0738066 secs] 5095816K->5007581K(25152768K), 0.0741440 secs] [Times: user=0.79 sys=0.02, real=0.07 secs] 
2014-04-09T12:19:53.883+0900: 56.884: [GC (Allocation Failure) 56.884: [ParNew: 118016K->13056K(118016K), 0.0748244 secs] 5112541K->5025534K(25152768K), 0.0751643 secs] [Times: user=0.79 sys=0.02, real=0.08 secs] 
2014-04-09T12:19:54.034+0900: 57.036: [GC (Allocation Failure) 57.036: [ParNew: 118016K->13056K(118016K), 0.0723510 secs] 5130494K->5040375K(25152768K), 0.0726904 secs] [Times: user=0.78 sys=0.02, real=0.07 secs] 
2014-04-09T12:19:54.183+0900: 57.184: [GC (Allocation Failure) 57.185: [ParNew: 118016K->13056K(118016K), 0.0699805 secs] 5145335K->5057457K(25152768K), 0.0703258 secs] [Times: user=0.73 sys=0.02, real=0.07 secs] 
2014-04-09T12:19:54.331+0900: 57.332: [GC (Allocation Failure) 57.333: [ParNew: 118016K->13056K(118016K), 0.0702052 secs] 5162417K->5074429K(25152768K), 0.0705522 secs] [Times: user=0.76 sys=0.01, real=0.07 secs] 
2014-04-09T12:19:54.477+0900: 57.478: [GC (Allocation Failure) 57.478: [ParNew: 118016K->13056K(118016K), 0.0739395 secs] 5179389K->5091736K(25152768K), 0.0742788 secs] [Times: user=0.78 sys=0.02, real=0.08 secs] 
2014-04-09T12:19:54.629+0900: 57.630: [GC (Allocation Failure) 57.630: [ParNew: 118016K->13056K(118016K), 0.0720780 secs] 5196696K->5107013K(25152768K), 0.0724364 secs] [Times: user=0.77 sys=0.02, real=0.07 secs] 
2014-04-09T12:19:54.780+0900: 57.782: [GC (Allocation Failure) 57.782: [ParNew: 118016K->13056K(118016K), 0.0771140 secs] 5211973K->5123576K(25152768K), 0.0774507 secs] [Times: user=0.84 sys=0.02, real=0.08 secs] 
2014-04-09T12:19:54.935+0900: 57.936: [GC (Allocation Failure) 57.937: [ParNew: 118016K->13056K(118016K), 0.0743707 secs] 5228536K->5141408K(25152768K), 0.0747403 secs] [Times: user=0.77 sys=0.02, real=0.08 secs] 
2014-04-09T12:19:55.089+0900: 58.090: [GC (Allocation Failure) 58.090: [ParNew: 117939K->13056K(118016K), 0.0723291 secs] 5246291K->5156691K(25152768K), 0.0726668 secs] [Times: user=0.76 sys=0.02, real=0.07 secs] 
2014-04-09T12:19:55.238+0900: 58.239: [GC (Allocation Failure) 58.239: [ParNew: 118016K->13056K(118016K), 0.0716441 secs] 5261651K->5172902K(25152768K), 0.0719822 secs] [Times: user=0.75 sys=0.02, real=0.07 secs] 
2014-04-09T12:19:55.385+0900: 58.386: [GC (Allocation Failure) 58.386: [ParNew: 118016K->13056K(118016K), 0.0693748 secs] 5277862K->5190832K(25152768K), 0.0697122 secs] [Times: user=0.68 sys=0.02, real=0.07 secs] 
2014-04-09T12:19:55.527+0900: 58.529: [GC (Allocation Failure) 58.529: [ParNew: 118016K->13056K(118016K), 0.0733752 secs] 5295792K->5208515K(25152768K), 0.0737569 secs] [Times: user=0.78 sys=0.01, real=0.07 secs] 
2014-04-09T12:19:55.677+0900: 58.678: [GC (Allocation Failure) 58.678: [ParNew: 118016K->13056K(118016K), 0.0782203 secs] 5313475K->5223862K(25152768K), 0.0786099 secs] [Times: user=0.81 sys=0.02, real=0.08 secs] 
2014-04-09T12:19:55.839+0900: 58.840: [GC (Allocation Failure) 58.840: [ParNew: 118016K->13056K(118016K), 0.0654358 secs] 5328822K->5241476K(25152768K), 0.0658205 secs] [Times: user=0.67 sys=0.02, real=0.06 secs] 
2014-04-09T12:19:55.982+0900: 58.983: [GC (Allocation Failure) 58.983: [ParNew: 118016K->13056K(118016K), 0.0754512 secs] 5346436K->5259941K(25152768K), 0.0758302 secs] [Times: user=0.80 sys=0.02, real=0.07 secs] 
2014-04-09T12:19:56.134+0900: 59.135: [GC (Allocation Failure) 59.136: [ParNew: 118016K->13056K(118016K), 0.0721428 secs] 5364901K->5272634K(25152768K), 0.0724902 secs] [Times: user=0.80 sys=0.02, real=0.07 secs] 
2014-04-09T12:19:56.284+0900: 59.285: [GC (Allocation Failure) 59.285: [ParNew: 118016K->13056K(118016K), 0.0739461 secs] 5377594K->5290602K(25152768K), 0.0742841 secs] [Times: user=0.76 sys=0.02, real=0.07 secs] 
2014-04-09T12:19:56.434+0900: 59.435: [GC (Allocation Failure) 59.435: [ParNew: 118016K->13056K(118016K), 0.0747688 secs] 5395562K->5307455K(25152768K), 0.0751061 secs] [Times: user=0.83 sys=0.02, real=0.08 secs] 
2014-04-09T12:19:56.582+0900: 59.583: [GC (Allocation Failure) 59.584: [ParNew: 118016K->13056K(118016K), 0.0699517 secs] 5412415K->5325832K(25152768K), 0.0702951 secs] [Times: user=0.74 sys=0.03, real=0.07 secs] 
2014-04-09T12:19:56.726+0900: 59.727: [GC (Allocation Failure) 59.727: [ParNew: 118016K->13056K(118016K), 0.0714190 secs] 5430792K->5341250K(25152768K), 0.0718093 secs] [Times: user=0.75 sys=0.02, real=0.07 secs] 
2014-04-09T12:19:56.879+0900: 59.880: [GC (Allocation Failure) 59.880: [ParNew: 118016K->13056K(118016K), 0.0699281 secs] 5446210K->5358928K(25152768K), 0.0703102 secs] [Times: user=0.73 sys=0.02, real=0.07 secs] 
2014-04-09T12:19:57.029+0900: 60.030: [GC (Allocation Failure) 60.030: [ParNew: 118016K->13056K(118016K), 0.0742527 secs] 5463888K->5375229K(25152768K), 0.0746375 secs] [Times: user=0.79 sys=0.02, real=0.07 secs] 
2014-04-09T12:19:57.179+0900: 60.180: [GC (Allocation Failure) 60.180: [ParNew: 118016K->13056K(118016K), 0.0686648 secs] 5480189K->5391014K(25152768K), 0.0690592 secs] [Times: user=0.73 sys=0.02, real=0.06 secs] 
2014-04-09T12:19:57.323+0900: 60.324: [GC (Allocation Failure) 60.324: [ParNew: 118016K->13056K(118016K), 0.0736243 secs] 5495974K->5406731K(25152768K), 0.0740136 secs] [Times: user=0.77 sys=0.01, real=0.07 secs] 
2014-04-09T12:19:57.470+0900: 60.471: [GC (Allocation Failure) 60.471: [ParNew: 118016K->13056K(118016K), 0.0699159 secs] 5511691K->5425419K(25152768K), 0.0703018 secs] [Times: user=0.73 sys=0.02, real=0.07 secs] 
2014-04-09T12:19:57.613+0900: 60.614: [GC (Allocation Failure) 60.614: [ParNew: 118016K->13056K(118016K), 0.0654747 secs] 5530379K->5442170K(25152768K), 0.0658576 secs] [Times: user=0.69 sys=0.01, real=0.07 secs] 
2014-04-09T12:19:57.755+0900: 60.756: [GC (Allocation Failure) 60.756: [ParNew: 118016K->13056K(118016K), 0.0711199 secs] 5547130K->5457390K(25152768K), 0.0715097 secs] [Times: user=0.76 sys=0.02, real=0.07 secs] 
2014-04-09T12:19:57.901+0900: 60.902: [GC (Allocation Failure) 60.902: [ParNew: 118016K->13056K(118016K), 0.0706422 secs] 5562350K->5476154K(25152768K), 0.0710249 secs] [Times: user=0.73 sys=0.02, real=0.07 secs] 
2014-04-09T12:19:58.049+0900: 61.050: [GC (Allocation Failure) 61.050: [ParNew: 118016K->13056K(118016K), 0.0722558 secs] 5581114K->5493142K(25152768K), 0.0726351 secs] [Times: user=0.74 sys=0.01, real=0.07 secs] 
2014-04-09T12:19:58.195+0900: 61.197: [GC (Allocation Failure) 61.197: [ParNew: 118016K->13056K(118016K), 0.0686638 secs] 5598102K->5507887K(25152768K), 0.0690550 secs] [Times: user=0.73 sys=0.02, real=0.07 secs] 
2014-04-09T12:19:58.342+0900: 61.343: [GC (Allocation Failure) 61.343: [ParNew: 118015K->13056K(118016K), 0.0756594 secs] 5612847K->5524977K(25152768K), 0.0760406 secs] [Times: user=0.78 sys=0.04, real=0.07 secs] 
2014-04-09T12:19:58.494+0900: 61.495: [GC (Allocation Failure) 61.495: [ParNew: 118016K->13056K(118016K), 0.0714153 secs] 5629937K->5541855K(25152768K), 0.0717992 secs] [Times: user=0.75 sys=0.02, real=0.07 secs] 
2014-04-09T12:19:58.641+0900: 61.643: [GC (Allocation Failure) 61.643: [ParNew: 118016K->13056K(118016K), 0.0729691 secs] 5646815K->5558124K(25152768K), 0.0733501 secs] [Times: user=0.76 sys=0.02, real=0.07 secs] 
2014-04-09T12:19:58.790+0900: 61.792: [GC (Allocation Failure) 61.792: [ParNew: 118016K->13056K(118016K), 0.0755507 secs] 5663084K->5574362K(25152768K), 0.0759399 secs] [Times: user=0.79 sys=0.01, real=0.07 secs] 
2014-04-09T12:19:58.945+0900: 61.946: [GC (Allocation Failure) 61.946: [ParNew: 118016K->13056K(118016K), 0.0724868 secs] 5679322K->5592167K(25152768K), 0.0728782 secs] [Times: user=0.76 sys=0.02, real=0.07 secs] 
2014-04-09T12:19:59.100+0900: 62.101: [GC (Allocation Failure) 62.101: [ParNew: 118016K->13056K(118016K), 0.0739506 secs] 5697127K->5609064K(25152768K), 0.0743323 secs] [Times: user=0.77 sys=0.02, real=0.07 secs] 
2014-04-09T12:19:59.247+0900: 62.248: [GC (Allocation Failure) 62.248: [ParNew: 118016K->13056K(118016K), 0.0709064 secs] 5714024K->5625962K(25152768K), 0.0712884 secs] [Times: user=0.73 sys=0.02, real=0.08 secs] 
2014-04-09T12:19:59.394+0900: 62.395: [GC (Allocation Failure) 62.395: [ParNew: 118016K->13056K(118016K), 0.0717937 secs] 5730922K->5643248K(25152768K), 0.0721740 secs] [Times: user=0.74 sys=0.03, real=0.07 secs] 
2014-04-09T12:19:59.542+0900: 62.544: [GC (Allocation Failure) 62.544: [ParNew: 118016K->13056K(118016K), 0.0710735 secs] 5748208K->5660947K(25152768K), 0.0714555 secs] [Times: user=0.72 sys=0.02, real=0.07 secs] 
2014-04-09T12:19:59.694+0900: 62.695: [GC (Allocation Failure) 62.695: [ParNew: 118016K->13056K(118016K), 0.0708229 secs] 5765907K->5677886K(25152768K), 0.0711613 secs] [Times: user=0.76 sys=0.02, real=0.07 secs] 
2014-04-09T12:19:59.840+0900: 62.841: [GC (Allocation Failure) 62.841: [ParNew: 118016K->13056K(118016K), 0.0700904 secs] 5782846K->5693758K(25152768K), 0.0704281 secs] [Times: user=0.74 sys=0.02, real=0.07 secs] 
2014-04-09T12:19:59.986+0900: 62.987: [GC (Allocation Failure) 62.987: [ParNew: 118016K->13056K(118016K), 0.0704912 secs] 5798718K->5711582K(25152768K), 0.0708359 secs] [Times: user=0.73 sys=0.02, real=0.07 secs] 
2014-04-09T12:20:00.137+0900: 63.138: [GC (Allocation Failure) 63.138: [ParNew: 118016K->13056K(118016K), 0.0734604 secs] 5816542K->5728060K(25152768K), 0.0738012 secs] [Times: user=0.78 sys=0.02, real=0.08 secs] 
2014-04-09T12:20:00.289+0900: 63.290: [GC (Allocation Failure) 63.290: [ParNew: 118016K->13056K(118016K), 0.0666581 secs] 5833020K->5743489K(25152768K), 0.0670179 secs] [Times: user=0.73 sys=0.01, real=0.06 secs] 
2014-04-09T12:20:00.432+0900: 63.434: [GC (Allocation Failure) 63.434: [ParNew: 117953K->13056K(118016K), 0.0707020 secs] 5848387K->5760779K(25152768K), 0.0710586 secs] [Times: user=0.74 sys=0.02, real=0.07 secs] 
2014-04-09T12:20:00.585+0900: 63.586: [GC (Allocation Failure) 63.586: [ParNew: 118016K->13056K(118016K), 0.0706634 secs] 5865739K->5777936K(25152768K), 0.0710003 secs] [Times: user=0.75 sys=0.02, real=0.07 secs] 
2014-04-09T12:20:00.730+0900: 63.731: [GC (Allocation Failure) 63.731: [ParNew: 118016K->13056K(118016K), 0.0710216 secs] 5882896K->5795437K(25152768K), 0.0713699 secs] [Times: user=0.74 sys=0.02, real=0.07 secs] 
2014-04-09T12:20:00.881+0900: 63.882: [GC (Allocation Failure) 63.882: [ParNew: 118016K->13056K(118016K), 0.0705420 secs] 5900397K->5812602K(25152768K), 0.0708814 secs] [Times: user=0.73 sys=0.02, real=0.07 secs] 
2014-04-09T12:20:01.029+0900: 64.031: [GC (Allocation Failure) 64.031: [ParNew: 118016K->13056K(118016K), 0.0727749 secs] 5917562K->5828872K(25152768K), 0.0731120 secs] [Times: user=0.78 sys=0.02, real=0.07 secs] 
2014-04-09T12:20:01.179+0900: 64.180: [GC (Allocation Failure) 64.180: [ParNew: 118016K->13056K(118016K), 0.0735933 secs] 5933832K->5846259K(25152768K), 0.0739324 secs] [Times: user=0.77 sys=0.03, real=0.07 secs] 
2014-04-09T12:20:01.328+0900: 64.330: [GC (Allocation Failure) 64.330: [ParNew: 117817K->13056K(118016K), 0.0705774 secs] 5951021K->5861233K(25152768K), 0.0709237 secs] [Times: user=0.76 sys=0.02, real=0.07 secs] 
2014-04-09T12:20:01.475+0900: 64.476: [GC (Allocation Failure) 64.476: [ParNew: 118016K->13056K(118016K), 0.0738492 secs] 5966193K->5877626K(25152768K), 0.0741898 secs] [Times: user=0.78 sys=0.01, real=0.08 secs] 
2014-04-09T12:20:01.622+0900: 64.623: [GC (Allocation Failure) 64.623: [ParNew: 118016K->13056K(118016K), 0.0706370 secs] 5982586K->5897383K(25152768K), 0.0709738 secs] [Times: user=0.71 sys=0.02, real=0.07 secs] 
2014-04-09T12:20:01.767+0900: 64.768: [GC (Allocation Failure) 64.768: [ParNew: 118016K->13056K(118016K), 0.0717039 secs] 6002343K->5912817K(25152768K), 0.0720443 secs] [Times: user=0.77 sys=0.01, real=0.08 secs] 
2014-04-09T12:20:01.918+0900: 64.920: [GC (Allocation Failure) 64.920: [ParNew: 118016K->13056K(118016K), 0.0753525 secs] 6017777K->5928655K(25152768K), 0.0756720 secs] [Times: user=0.81 sys=0.02, real=0.07 secs] 
2014-04-09T12:20:02.083+0900: 65.084: [GC (Allocation Failure) 65.085: [ParNew: 118016K->13056K(118016K), 0.0837080 secs] 6033615K->5956483K(25152768K), 0.0840650 secs] [Times: user=0.91 sys=0.02, real=0.08 secs] 
2014-04-09T12:20:02.254+0900: 65.255: [GC (Allocation Failure) 65.255: [ParNew: 118016K->13056K(118016K), 0.0891131 secs] 6061443K->5984733K(25152768K), 0.0894565 secs] [Times: user=1.03 sys=0.01, real=0.09 secs] 
2014-04-09T12:20:02.425+0900: 65.426: [GC (Allocation Failure) 65.426: [ParNew: 118016K->13056K(118016K), 0.0738297 secs] 6089693K->6001754K(25152768K), 0.0741680 secs] [Times: user=0.83 sys=0.01, real=0.07 secs] 
2014-04-09T12:20:02.579+0900: 65.580: [GC (Allocation Failure) 65.580: [ParNew: 118016K->13056K(118016K), 0.0626073 secs] 6106714K->6018049K(25152768K), 0.0629451 secs] [Times: user=0.67 sys=0.01, real=0.07 secs] 
2014-04-09T12:20:02.719+0900: 65.720: [GC (Allocation Failure) 65.720: [ParNew: 118016K->13056K(118016K), 0.0708620 secs] 6123009K->6034675K(25152768K), 0.0712020 secs] [Times: user=0.77 sys=0.02, real=0.08 secs] 
2014-04-09T12:20:02.867+0900: 65.868: [GC (Allocation Failure) 65.868: [ParNew: 118016K->13056K(118016K), 0.0676713 secs] 6139635K->6049339K(25152768K), 0.0680124 secs] [Times: user=0.71 sys=0.02, real=0.07 secs] 
2014-04-09T12:20:03.009+0900: 66.010: [GC (Allocation Failure) 66.010: [ParNew: 118016K->13056K(118016K), 0.0753965 secs] 6154299K->6068063K(25152768K), 0.0757423 secs] [Times: user=0.73 sys=0.03, real=0.08 secs] 
2014-04-09T12:20:03.163+0900: 66.164: [GC (Allocation Failure) 66.164: [ParNew: 118016K->13056K(118016K), 0.0669252 secs] 6173023K->6083821K(25152768K), 0.0672666 secs] [Times: user=0.73 sys=0.01, real=0.07 secs] 
2014-04-09T12:20:03.307+0900: 66.308: [GC (Allocation Failure) 66.308: [ParNew: 118016K->13056K(118016K), 0.0716966 secs] 6188781K->6101238K(25152768K), 0.0720377 secs] [Times: user=0.78 sys=0.03, real=0.07 secs] 
2014-04-09T12:20:03.451+0900: 66.452: [GC (Allocation Failure) 66.452: [ParNew: 118016K->13056K(118016K), 0.0642704 secs] 6206198K->6116617K(25152768K), 0.0646201 secs] [Times: user=0.66 sys=0.01, real=0.06 secs] 
2014-04-09T12:20:03.591+0900: 66.592: [GC (Allocation Failure) 66.593: [ParNew: 118016K->13056K(118016K), 0.0714908 secs] 6221577K->6132347K(25152768K), 0.0718304 secs] [Times: user=0.79 sys=0.02, real=0.07 secs] 
2014-04-09T12:20:03.739+0900: 66.740: [GC (Allocation Failure) 66.740: [ParNew: 118016K->13056K(118016K), 0.0736880 secs] 6237307K->6149882K(25152768K), 0.0740285 secs] [Times: user=0.78 sys=0.03, real=0.08 secs] 
2014-04-09T12:20:03.890+0900: 66.891: [GC (Allocation Failure) 66.891: [ParNew: 118016K->13056K(118016K), 0.0683099 secs] 6254842K->6165311K(25152768K), 0.0686519 secs] [Times: user=0.73 sys=0.01, real=0.06 secs] 
2014-04-09T12:20:04.038+0900: 67.039: [GC (Allocation Failure) 67.040: [ParNew: 118016K->13056K(118016K), 0.0745620 secs] 6270271K->6180921K(25152768K), 0.0749038 secs] [Times: user=0.79 sys=0.03, real=0.08 secs] 
2014-04-09T12:20:04.189+0900: 67.190: [GC (Allocation Failure) 67.191: [ParNew: 118016K->13056K(118016K), 0.0750691 secs] 6285881K->6198441K(25152768K), 0.0754197 secs] [Times: user=0.78 sys=0.03, real=0.08 secs] 
2014-04-09T12:20:04.339+0900: 67.340: [GC (Allocation Failure) 67.340: [ParNew: 118016K->13056K(118016K), 0.0766311 secs] 6303401K->6215495K(25152768K), 0.0769715 secs] [Times: user=0.82 sys=0.02, real=0.08 secs] 
2014-04-09T12:20:04.493+0900: 67.494: [GC (Allocation Failure) 67.494: [ParNew: 118016K->13056K(118016K), 0.0661275 secs] 6320455K->6232066K(25152768K), 0.0664709 secs] [Times: user=0.69 sys=0.02, real=0.07 secs] 
2014-04-09T12:20:04.634+0900: 67.635: [GC (Allocation Failure) 67.635: [ParNew: 118016K->13056K(118016K), 0.0703912 secs] 6337026K->6248554K(25152768K), 0.0707324 secs] [Times: user=0.75 sys=0.02, real=0.07 secs] 
2014-04-09T12:20:04.777+0900: 67.778: [GC (Allocation Failure) 67.778: [ParNew: 118016K->13056K(118016K), 0.0690117 secs] 6353514K->6265903K(25152768K), 0.0693525 secs] [Times: user=0.74 sys=0.03, real=0.07 secs] 
2014-04-09T12:20:04.923+0900: 67.924: [GC (Allocation Failure) 67.925: [ParNew: 118016K->13056K(118016K), 0.0708568 secs] 6370863K->6281382K(25152768K), 0.0712277 secs] [Times: user=0.76 sys=0.03, real=0.07 secs] 
2014-04-09T12:20:05.070+0900: 68.071: [GC (Allocation Failure) 68.071: [ParNew: 118016K->13056K(118016K), 0.0700229 secs] 6386342K->6298524K(25152768K), 0.0703651 secs] [Times: user=0.73 sys=0.03, real=0.07 secs] 
2014-04-09T12:20:05.220+0900: 68.221: [GC (Allocation Failure) 68.221: [ParNew: 118016K->13056K(118016K), 0.0701985 secs] 6403484K->6313918K(25152768K), 0.0705469 secs] [Times: user=0.76 sys=0.02, real=0.07 secs] 
2014-04-09T12:20:05.368+0900: 68.369: [GC (Allocation Failure) 68.369: [ParNew: 118016K->13056K(118016K), 0.0763444 secs] 6418878K->6331238K(25152768K), 0.0766926 secs] [Times: user=0.80 sys=0.02, real=0.08 secs] 
2014-04-09T12:20:05.525+0900: 68.526: [GC (Allocation Failure) 68.526: [ParNew: 118016K->13056K(118016K), 0.0681879 secs] 6436198K->6348079K(25152768K), 0.0685269 secs] [Times: user=0.73 sys=0.02, real=0.07 secs] 
2014-04-09T12:20:05.669+0900: 68.670: [GC (Allocation Failure) 68.670: [ParNew: 118016K->13056K(118016K), 0.0717540 secs] 6453039K->6365777K(25152768K), 0.0720930 secs] [Times: user=0.76 sys=0.02, real=0.08 secs] 
2014-04-09T12:20:05.816+0900: 68.818: [GC (Allocation Failure) 68.818: [ParNew: 118016K->13056K(118016K), 0.0699145 secs] 6470737K->6382462K(25152768K), 0.0702639 secs] [Times: user=0.75 sys=0.03, real=0.07 secs] 
2014-04-09T12:20:05.965+0900: 68.966: [GC (Allocation Failure) 68.967: [ParNew: 118016K->13056K(118016K), 0.0679345 secs] 6487422K->6396606K(25152768K), 0.0682830 secs] [Times: user=0.72 sys=0.01, real=0.07 secs] 
2014-04-09T12:20:06.111+0900: 69.113: [GC (Allocation Failure) 69.113: [ParNew: 117987K->13056K(118016K), 0.0700725 secs] 6501538K->6412651K(25152768K), 0.0704162 secs] [Times: user=0.74 sys=0.02, real=0.07 secs] 
2014-04-09T12:20:06.262+0900: 69.263: [GC (Allocation Failure) 69.263: [ParNew: 118016K->13056K(118016K), 0.0762943 secs] 6517611K->6429762K(25152768K), 0.0766310 secs] [Times: user=0.82 sys=0.02, real=0.07 secs] 
2014-04-09T12:20:06.416+0900: 69.417: [GC (Allocation Failure) 69.417: [ParNew: 118016K->13056K(118016K), 0.0693281 secs] 6534722K->6448399K(25152768K), 0.0696690 secs] [Times: user=0.75 sys=0.02, real=0.07 secs] 
2014-04-09T12:20:06.562+0900: 69.563: [GC (Allocation Failure) 69.563: [ParNew: 118016K->13056K(118016K), 0.0691043 secs] 6553359K->6464825K(25152768K), 0.0694868 secs] [Times: user=0.73 sys=0.01, real=0.07 secs] 
2014-04-09T12:20:06.713+0900: 69.714: [GC (Allocation Failure) 69.714: [ParNew: 118016K->13056K(118016K), 0.0708839 secs] 6569785K->6480214K(25152768K), 0.0712253 secs] [Times: user=0.75 sys=0.02, real=0.07 secs] 
2014-04-09T12:20:06.857+0900: 69.858: [GC (Allocation Failure) 69.858: [ParNew: 117993K->13056K(118016K), 0.0747048 secs] 6585151K->6497670K(25152768K), 0.0750486 secs] [Times: user=0.74 sys=0.05, real=0.08 secs] 
2014-04-09T12:20:07.014+0900: 70.015: [GC (Allocation Failure) 70.015: [ParNew: 118016K->13056K(118016K), 0.0658419 secs] 6602630K->6514386K(25152768K), 0.0661982 secs] [Times: user=0.70 sys=0.02, real=0.07 secs] 
2014-04-09T12:20:07.157+0900: 70.158: [GC (Allocation Failure) 70.159: [ParNew: 118016K->13056K(118016K), 0.0670931 secs] 6619346K->6531550K(25152768K), 0.0674865 secs] [Times: user=0.71 sys=0.02, real=0.07 secs] 
2014-04-09T12:20:07.299+0900: 70.300: [GC (Allocation Failure) 70.301: [ParNew: 118016K->13056K(118016K), 0.0683716 secs] 6636510K->6548177K(25152768K), 0.0687554 secs] [Times: user=0.75 sys=0.01, real=0.06 secs] 
2014-04-09T12:20:07.445+0900: 70.447: [GC (Allocation Failure) 70.447: [ParNew: 118016K->13056K(118016K), 0.0706033 secs] 6653137K->6566720K(25152768K), 0.0709876 secs] [Times: user=0.77 sys=0.01, real=0.07 secs] 
2014-04-09T12:20:07.590+0900: 70.591: [GC (Allocation Failure) 70.592: [ParNew: 118016K->13056K(118016K), 0.0703773 secs] 6671680K->6581938K(25152768K), 0.0707646 secs] [Times: user=0.74 sys=0.02, real=0.07 secs] 
2014-04-09T12:20:07.738+0900: 70.740: [GC (Allocation Failure) 70.740: [ParNew: 118016K->13056K(118016K), 0.0721952 secs] 6686898K->6598421K(25152768K), 0.0725762 secs] [Times: user=0.77 sys=0.01, real=0.08 secs] 
2014-04-09T12:20:07.886+0900: 70.887: [GC (Allocation Failure) 70.887: [ParNew: 118015K->13056K(118016K), 0.0731403 secs] 6703381K->6616231K(25152768K), 0.0735206 secs] [Times: user=0.78 sys=0.02, real=0.08 secs] 
2014-04-09T12:20:08.038+0900: 71.039: [GC (Allocation Failure) 71.039: [ParNew: 118016K->13056K(118016K), 0.0687987 secs] 6721191K->6630361K(25152768K), 0.0691886 secs] [Times: user=0.75 sys=0.01, real=0.07 secs] 
2014-04-09T12:20:08.189+0900: 71.190: [GC (Allocation Failure) 71.190: [ParNew: 118016K->13056K(118016K), 0.0707783 secs] 6735321K->6648444K(25152768K), 0.0711613 secs] [Times: user=0.74 sys=0.02, real=0.08 secs] 
2014-04-09T12:20:08.336+0900: 71.337: [GC (Allocation Failure) 71.337: [ParNew: 118016K->13056K(118016K), 0.0706806 secs] 6753404K->6664821K(25152768K), 0.0710710 secs] [Times: user=0.76 sys=0.02, real=0.07 secs] 
2014-04-09T12:20:08.485+0900: 71.486: [GC (Allocation Failure) 71.486: [ParNew: 118016K->13056K(118016K), 0.0715723 secs] 6769781K->6682576K(25152768K), 0.0719523 secs] [Times: user=0.75 sys=0.03, real=0.07 secs] 
2014-04-09T12:20:08.635+0900: 71.636: [GC (Allocation Failure) 71.636: [ParNew: 118016K->13056K(118016K), 0.0700701 secs] 6787536K->6699051K(25152768K), 0.0704548 secs] [Times: user=0.74 sys=0.02, real=0.07 secs] 
2014-04-09T12:20:08.779+0900: 71.781: [GC (Allocation Failure) 71.781: [ParNew: 118016K->13056K(118016K), 0.0729878 secs] 6804011K->6716082K(25152768K), 0.0733734 secs] [Times: user=0.71 sys=0.02, real=0.07 secs] 
2014-04-09T12:20:08.928+0900: 71.929: [GC (Allocation Failure) 71.930: [ParNew: 118016K->13056K(118016K), 0.0700012 secs] 6821042K->6733271K(25152768K), 0.0703974 secs] [Times: user=0.75 sys=0.02, real=0.07 secs] 
2014-04-09T12:20:09.079+0900: 72.081: [GC (Allocation Failure) 72.081: [ParNew: 118016K->13056K(118016K), 0.0704908 secs] 6838231K->6749480K(25152768K), 0.0708689 secs] [Times: user=0.76 sys=0.02, real=0.08 secs] 
2014-04-09T12:20:09.223+0900: 72.225: [GC (Allocation Failure) 72.225: [ParNew: 118016K->13056K(118016K), 0.0700020 secs] 6854440K->6766037K(25152768K), 0.0703825 secs] [Times: user=0.73 sys=0.02, real=0.07 secs] 
2014-04-09T12:20:09.370+0900: 72.371: [GC (Allocation Failure) 72.371: [ParNew: 118016K->13056K(118016K), 0.0711264 secs] 6870997K->6781976K(25152768K), 0.0715110 secs] [Times: user=0.74 sys=0.02, real=0.08 secs] 
2014-04-09T12:20:09.519+0900: 72.520: [GC (Allocation Failure) 72.520: [ParNew: 118016K->13056K(118016K), 0.0724321 secs] 6886936K->6799771K(25152768K), 0.0727735 secs] [Times: user=0.75 sys=0.02, real=0.08 secs] 
2014-04-09T12:20:09.667+0900: 72.668: [GC (Allocation Failure) 72.668: [ParNew: 118016K->13056K(118016K), 0.0733552 secs] 6904731K->6815858K(25152768K), 0.0736948 secs] [Times: user=0.79 sys=0.01, real=0.08 secs] 
2014-04-09T12:20:09.818+0900: 72.819: [GC (Allocation Failure) 72.819: [ParNew: 118016K->13056K(118016K), 0.0727521 secs] 6920818K->6833237K(25152768K), 0.0731330 secs] [Times: user=0.75 sys=0.02, real=0.08 secs] 
2014-04-09T12:20:09.969+0900: 72.970: [GC (Allocation Failure) 72.970: [ParNew: 118016K->13056K(118016K), 0.0689355 secs] 6938197K->6851436K(25152768K), 0.0693227 secs] [Times: user=0.71 sys=0.03, real=0.07 secs] 
2014-04-09T12:20:10.115+0900: 73.116: [GC (Allocation Failure) 73.116: [ParNew: 118016K->13056K(118016K), 0.0767830 secs] 6956396K->6865942K(25152768K), 0.0771627 secs] [Times: user=0.76 sys=0.01, real=0.08 secs] 
2014-04-09T12:20:10.272+0900: 73.273: [GC (Allocation Failure) 73.273: [ParNew: 118016K->13056K(118016K), 0.0764296 secs] 6970902K->6883372K(25152768K), 0.0768106 secs] [Times: user=0.78 sys=0.02, real=0.07 secs] 
2014-04-09T12:20:10.424+0900: 73.425: [GC (Allocation Failure) 73.425: [ParNew: 118016K->13056K(118016K), 0.0699426 secs] 6988332K->6899852K(25152768K), 0.0703239 secs] [Times: user=0.73 sys=0.03, real=0.07 secs] 
2014-04-09T12:20:10.572+0900: 73.573: [GC (Allocation Failure) 73.573: [ParNew: 118016K->13056K(118016K), 0.0692159 secs] 7004812K->6918256K(25152768K), 0.0696041 secs] [Times: user=0.73 sys=0.02, real=0.07 secs] 
2014-04-09T12:20:10.717+0900: 73.718: [GC (Allocation Failure) 73.718: [ParNew: 118016K->13056K(118016K), 0.0712025 secs] 7023216K->6933272K(25152768K), 0.0715849 secs] [Times: user=0.76 sys=0.02, real=0.07 secs] 
2014-04-09T12:20:10.865+0900: 73.867: [GC (Allocation Failure) 73.867: [ParNew: 118016K->13056K(118016K), 0.0709579 secs] 7038232K->6951502K(25152768K), 0.0713397 secs] [Times: user=0.74 sys=0.02, real=0.07 secs] 
2014-04-09T12:20:11.013+0900: 74.014: [GC (Allocation Failure) 74.014: [ParNew: 118016K->13056K(118016K), 0.0699300 secs] 7056462K->6967800K(25152768K), 0.0703167 secs] [Times: user=0.72 sys=0.02, real=0.07 secs] 
2014-04-09T12:20:11.160+0900: 74.161: [GC (Allocation Failure) 74.161: [ParNew: 118016K->13056K(118016K), 0.0672618 secs] 7072760K->6982497K(25152768K), 0.0676519 secs] [Times: user=0.72 sys=0.02, real=0.07 secs] 
2014-04-09T12:20:11.310+0900: 74.311: [GC (Allocation Failure) 74.311: [ParNew: 118016K->13056K(118016K), 0.0671576 secs] 7087457K->7000679K(25152768K), 0.0675361 secs] [Times: user=0.70 sys=0.02, real=0.07 secs] 
2014-04-09T12:20:11.458+0900: 74.460: [GC (Allocation Failure) 74.460: [ParNew: 118016K->13056K(118016K), 0.0717281 secs] 7105639K->7017966K(25152768K), 0.0720650 secs] [Times: user=0.77 sys=0.02, real=0.08 secs] 
2014-04-09T12:20:11.608+0900: 74.609: [GC (Allocation Failure) 74.610: [ParNew: 118016K->13056K(118016K), 0.0731473 secs] 7122926K->7034264K(25152768K), 0.0734921 secs] [Times: user=0.79 sys=0.01, real=0.08 secs] 
2014-04-09T12:20:11.759+0900: 74.760: [GC (Allocation Failure) 74.760: [ParNew: 118016K->13056K(118016K), 0.0829430 secs] 7139224K->7051805K(25152768K), 0.0832974 secs] [Times: user=0.71 sys=0.02, real=0.09 secs] 
2014-04-09T12:20:11.918+0900: 74.919: [GC (Allocation Failure) 74.920: [ParNew: 118016K->13056K(118016K), 0.0754102 secs] 7156765K->7067427K(25152768K), 0.0757540 secs] [Times: user=0.80 sys=0.02, real=0.08 secs] 
2014-04-09T12:20:12.076+0900: 75.078: [GC (Allocation Failure) 75.078: [ParNew: 118016K->13056K(118016K), 0.0674046 secs] 7172387K->7086322K(25152768K), 0.0677397 secs] [Times: user=0.70 sys=0.02, real=0.07 secs] 
2014-04-09T12:20:12.218+0900: 75.219: [GC (Allocation Failure) 75.219: [ParNew: 118016K->13056K(118016K), 0.0687337 secs] 7191282K->7100626K(25152768K), 0.0690698 secs] [Times: user=0.69 sys=0.01, real=0.07 secs] 
2014-04-09T12:20:12.360+0900: 75.361: [GC (Allocation Failure) 75.362: [ParNew: 118016K->13056K(118016K), 0.0710202 secs] 7205586K->7119023K(25152768K), 0.0713633 secs] [Times: user=0.75 sys=0.01, real=0.08 secs] 
2014-04-09T12:20:12.504+0900: 75.505: [GC (Allocation Failure) 75.505: [ParNew: 118016K->13056K(118016K), 0.0699221 secs] 7223983K->7135209K(25152768K), 0.0702653 secs] [Times: user=0.73 sys=0.01, real=0.07 secs] 
2014-04-09T12:20:12.658+0900: 75.659: [GC (Allocation Failure) 75.659: [ParNew: 118016K->13056K(118016K), 0.0721576 secs] 7240169K->7153208K(25152768K), 0.0724908 secs] [Times: user=0.75 sys=0.01, real=0.08 secs] 
2014-04-09T12:20:12.806+0900: 75.807: [GC (Allocation Failure) 75.807: [ParNew: 118016K->13056K(118016K), 0.0710855 secs] 7258168K->7168954K(25152768K), 0.0714695 secs] [Times: user=0.75 sys=0.02, real=0.07 secs] 
2014-04-09T12:20:12.955+0900: 75.956: [GC (Allocation Failure) 75.956: [ParNew: 118016K->13056K(118016K), 0.0721198 secs] 7273914K->7185529K(25152768K), 0.0725008 secs] [Times: user=0.75 sys=0.01, real=0.07 secs] 
2014-04-09T12:20:13.101+0900: 76.102: [GC (Allocation Failure) 76.103: [ParNew: 118016K->13056K(118016K), 0.0696259 secs] 7290489K->7205509K(25152768K), 0.0700128 secs] [Times: user=0.73 sys=0.01, real=0.07 secs] 
2014-04-09T12:20:13.249+0900: 76.250: [GC (Allocation Failure) 76.251: [ParNew: 118016K->13056K(118016K), 0.0671583 secs] 7310469K->7220422K(25152768K), 0.0675378 secs] [Times: user=0.73 sys=0.02, real=0.07 secs] 
2014-04-09T12:20:13.393+0900: 76.394: [GC (Allocation Failure) 76.394: [ParNew: 118016K->13056K(118016K), 0.0658999 secs] 7325382K->7236641K(25152768K), 0.0662773 secs] [Times: user=0.71 sys=0.01, real=0.06 secs] 
2014-04-09T12:20:13.538+0900: 76.539: [GC (Allocation Failure) 76.539: [ParNew: 118016K->13056K(118016K), 0.0756411 secs] 7341601K->7252828K(25152768K), 0.0760193 secs] [Times: user=0.78 sys=0.02, real=0.08 secs] 
2014-04-09T12:20:13.690+0900: 76.691: [GC (Allocation Failure) 76.692: [ParNew: 118016K->13056K(118016K), 0.0667606 secs] 7357788K->7271767K(25152768K), 0.0671414 secs] [Times: user=0.68 sys=0.02, real=0.06 secs] 
2014-04-09T12:20:13.836+0900: 76.837: [GC (Allocation Failure) 76.837: [ParNew: 118016K->13056K(118016K), 0.0703649 secs] 7376727K->7286182K(25152768K), 0.0707547 secs] [Times: user=0.74 sys=0.01, real=0.07 secs] 
2014-04-09T12:20:13.991+0900: 76.992: [GC (Allocation Failure) 76.992: [ParNew: 118016K->13056K(118016K), 0.0666019 secs] 7391142K->7305163K(25152768K), 0.0669886 secs] [Times: user=0.71 sys=0.02, real=0.06 secs] 
2014-04-09T12:20:14.135+0900: 77.136: [GC (Allocation Failure) 77.136: [ParNew: 118016K->13056K(118016K), 0.0691749 secs] 7410123K->7320727K(25152768K), 0.0695588 secs] [Times: user=0.75 sys=0.01, real=0.07 secs] 
2014-04-09T12:20:14.282+0900: 77.283: [GC (Allocation Failure) 77.284: [ParNew: 118016K->13056K(118016K), 0.0647556 secs] 7425687K->7337317K(25152768K), 0.0651457 secs] [Times: user=0.68 sys=0.01, real=0.06 secs] 
2014-04-09T12:20:14.428+0900: 77.429: [GC (Allocation Failure) 77.429: [ParNew: 118016K->13056K(118016K), 0.0613877 secs] 7442277K->7355126K(25152768K), 0.0617694 secs] [Times: user=0.62 sys=0.02, real=0.06 secs] 
2014-04-09T12:20:14.563+0900: 77.564: [GC (Allocation Failure) 77.564: [ParNew: 118016K->13056K(118016K), 0.0734529 secs] 7460086K->7371735K(25152768K), 0.0738595 secs] [Times: user=0.80 sys=0.01, real=0.07 secs] 
2014-04-09T12:20:14.710+0900: 77.711: [GC (Allocation Failure) 77.712: [ParNew: 118016K->13056K(118016K), 0.0717814 secs] 7476695K->7389766K(25152768K), 0.0721669 secs] [Times: user=0.76 sys=0.02, real=0.07 secs] 
2014-04-09T12:20:14.860+0900: 77.861: [GC (Allocation Failure) 77.861: [ParNew: 118016K->13056K(118016K), 0.0697393 secs] 7494726K->7409387K(25152768K), 0.0701182 secs] [Times: user=0.73 sys=0.02, real=0.07 secs] 
2014-04-09T12:20:15.006+0900: 78.007: [GC (Allocation Failure) 78.007: [ParNew: 118016K->13056K(118016K), 0.0716238 secs] 7514347K->7426107K(25152768K), 0.0720067 secs] [Times: user=0.78 sys=0.01, real=0.07 secs] 
2014-04-09T12:20:15.155+0900: 78.156: [GC (Allocation Failure) 78.156: [ParNew: 118016K->13056K(118016K), 0.0672800 secs] 7531067K->7443131K(25152768K), 0.0676144 secs] [Times: user=0.70 sys=0.02, real=0.07 secs] 
2014-04-09T12:20:15.298+0900: 78.299: [GC (Allocation Failure) 78.299: [ParNew: 118016K->13056K(118016K), 0.0602045 secs] 7548091K->7457029K(25152768K), 0.0605474 secs] [Times: user=0.64 sys=0.01, real=0.06 secs] 
2014-04-09T12:20:15.437+0900: 78.438: [GC (Allocation Failure) 78.438: [ParNew: 118016K->13056K(118016K), 0.0641684 secs] 7561989K->7474257K(25152768K), 0.0645137 secs] [Times: user=0.68 sys=0.02, real=0.07 secs] 
2014-04-09T12:20:15.573+0900: 78.574: [GC (Allocation Failure) 78.574: [ParNew: 118016K->13056K(118016K), 0.0695144 secs] 7579217K->7492262K(25152768K), 0.0698569 secs] [Times: user=0.76 sys=0.01, real=0.07 secs] 
2014-04-09T12:20:15.717+0900: 78.719: [GC (Allocation Failure) 78.719: [ParNew: 118016K->13056K(118016K), 0.0723831 secs] 7597222K->7507854K(25152768K), 0.0727175 secs] [Times: user=0.79 sys=0.02, real=0.07 secs] 
2014-04-09T12:20:15.868+0900: 78.869: [GC (Allocation Failure) 78.869: [ParNew: 118016K->13056K(118016K), 0.0731164 secs] 7612814K->7524865K(25152768K), 0.0734513 secs] [Times: user=0.75 sys=0.02, real=0.07 secs] 
2014-04-09T12:20:15.943+0900: 78.944: [GC (CMS Initial Mark) [1 CMS-initial-mark: 7511809K(25034752K)] 7524934K(25152768K), 0.0021573 secs] [Times: user=0.02 sys=0.00, real=0.00 secs] 
2014-04-09T12:20:15.945+0900: 78.946: [CMS-concurrent-mark-start]
2014-04-09T12:20:16.047+0900: 79.048: [GC (Allocation Failure) 79.049: [ParNew: 118016K->13056K(118016K), 0.0688670 secs] 7629825K->7541883K(25152768K), 0.0692417 secs] [Times: user=0.72 sys=0.02, real=0.07 secs] 
2014-04-09T12:20:16.221+0900: 79.222: [GC (Allocation Failure) 79.222: [ParNew: 118016K->13056K(118016K), 0.0673514 secs] 7646843K->7559452K(25152768K), 0.0677285 secs] [Times: user=0.73 sys=0.02, real=0.07 secs] 
2014-04-09T12:20:16.394+0900: 79.395: [GC (Allocation Failure) 79.395: [ParNew: 118016K->13056K(118016K), 0.0659408 secs] 7664412K->7574978K(25152768K), 0.0663203 secs] [Times: user=0.68 sys=0.02, real=0.06 secs] 
2014-04-09T12:20:16.561+0900: 79.562: [GC (Allocation Failure) 79.562: [ParNew: 118016K->13056K(118016K), 0.0699029 secs] 7679938K->7590133K(25152768K), 0.0702826 secs] [Times: user=0.74 sys=0.02, real=0.07 secs] 
2014-04-09T12:20:16.731+0900: 79.732: [GC (Allocation Failure) 79.732: [ParNew: 118016K->13056K(118016K), 0.0717312 secs] 7695093K->7609296K(25152768K), 0.0721104 secs] [Times: user=0.77 sys=0.03, real=0.08 secs] 
2014-04-09T12:20:16.900+0900: 79.901: [GC (Allocation Failure) 79.901: [ParNew: 118016K->13056K(118016K), 0.0697306 secs] 7714256K->7623662K(25152768K), 0.0701095 secs] [Times: user=0.76 sys=0.02, real=0.07 secs] 
2014-04-09T12:20:17.075+0900: 80.076: [GC (Allocation Failure) 80.076: [ParNew: 118016K->13056K(118016K), 0.0760761 secs] 7728622K->7640677K(25152768K), 0.0764580 secs] [Times: user=0.82 sys=0.01, real=0.08 secs] 
2014-04-09T12:20:17.248+0900: 80.249: [GC (Allocation Failure) 80.249: [ParNew: 118016K->13056K(118016K), 0.0710843 secs] 7745637K->7657666K(25152768K), 0.0714617 secs] [Times: user=0.74 sys=0.02, real=0.07 secs] 
2014-04-09T12:20:17.334+0900: 80.335: [CMS-concurrent-mark: 0.813/1.389 secs] [Times: user=14.69 sys=2.05, real=1.39 secs] 
2014-04-09T12:20:17.334+0900: 80.335: [CMS-concurrent-preclean-start]
2014-04-09T12:20:17.400+0900: 80.402: [GC (Allocation Failure) 80.402: [ParNew: 118015K->13056K(118016K), 0.0712247 secs] 7762625K->7673786K(25152768K), 0.0716031 secs] [Times: user=0.77 sys=0.02, real=0.08 secs] 
2014-04-09T12:20:17.557+0900: 80.558: [GC (Allocation Failure) 80.558: [ParNew: 118016K->13056K(118016K), 0.0703882 secs] 7778746K->7690730K(25152768K), 0.0707642 secs] [Times: user=0.77 sys=0.01, real=0.07 secs] 
2014-04-09T12:20:17.708+0900: 80.709: [GC (Allocation Failure) 80.709: [ParNew: 118016K->13056K(118016K), 0.0705396 secs] 7795690K->7708095K(25152768K), 0.0709262 secs] [Times: user=0.77 sys=0.02, real=0.07 secs] 
2014-04-09T12:20:17.862+0900: 80.863: [GC (Allocation Failure) 80.863: [ParNew: 118016K->13056K(118016K), 0.0625385 secs] 7813055K->7723334K(25152768K), 0.0629181 secs] [Times: user=0.66 sys=0.03, real=0.06 secs] 
2014-04-09T12:20:18.008+0900: 81.009: [GC (Allocation Failure) 81.010: [ParNew: 118015K->13056K(118016K), 0.0730570 secs] 7828294K->7738639K(25152768K), 0.0734382 secs] [Times: user=0.77 sys=0.02, real=0.08 secs] 
2014-04-09T12:20:18.164+0900: 81.165: [GC (Allocation Failure) 81.165: [ParNew: 118016K->13056K(118016K), 0.0687776 secs] 7843599K->7756754K(25152768K), 0.0691562 secs] [Times: user=0.72 sys=0.02, real=0.07 secs] 
2014-04-09T12:20:18.313+0900: 81.314: [GC (Allocation Failure) 81.314: [ParNew: 118016K->13056K(118016K), 0.0684042 secs] 7861714K->7773196K(25152768K), 0.0687857 secs] [Times: user=0.73 sys=0.02, real=0.07 secs] 
2014-04-09T12:20:18.463+0900: 81.464: [GC (Allocation Failure) 81.465: [ParNew: 118016K->13056K(118016K), 0.0719969 secs] 7878156K->7788766K(25152768K), 0.0723775 secs] [Times: user=0.77 sys=0.03, real=0.07 secs] 
2014-04-09T12:20:18.664+0900: 81.665: [CMS-concurrent-preclean: 0.704/1.329 secs] [Times: user=12.67 sys=2.17, real=1.33 secs] 
2014-04-09T12:20:18.665+0900: 81.666: [GC (Allocation Failure) 81.666: [ParNew: 118016K->13056K(118016K), 0.0727604 secs] 7893726K->7806484K(25152768K), 0.0731243 secs] [Times: user=0.77 sys=0.03, real=0.07 secs] 
2014-04-09T12:20:18.740+0900: 81.741: [GC (CMS Final Remark) [YG occupancy: 13072 K (118016 K)]81.741: [Rescan (parallel) , 0.0196418 secs]81.761: [weak refs processing, 0.0161749 secs]81.777: [class unloading, 0.0538164 secs]81.831: [scrub symbol table, 0.0048606 secs]81.835: [scrub string table, 0.0014272 secs][1 CMS-remark: 7793428K(25034752K)] 7806501K(25152768K), 0.1137938 secs] [Times: user=0.34 sys=0.00, real=0.12 secs] 
2014-04-09T12:20:18.854+0900: 81.855: [CMS-concurrent-sweep-start]
2014-04-09T12:20:18.941+0900: 81.942: [GC (Allocation Failure) 81.942: [ParNew: 118016K->13056K(118016K), 0.0626929 secs] 7857864K->7768408K(25152768K), 0.0630720 secs] [Times: user=0.76 sys=0.01, real=0.07 secs] 
2014-04-09T12:20:19.091+0900: 82.092: [GC (Allocation Failure) 82.092: [ParNew: 118016K->13056K(118016K), 0.0646830 secs] 7803600K->7715004K(25152768K), 0.0650577 secs] [Times: user=0.76 sys=0.00, real=0.07 secs] 
2014-04-09T12:20:19.237+0900: 82.238: [GC (Allocation Failure) 82.239: [ParNew: 118016K->13056K(118016K), 0.0681723 secs] 7755411K->7668584K(25152768K), 0.0685576 secs] [Times: user=0.79 sys=0.01, real=0.07 secs] 
2014-04-09T12:20:19.389+0900: 82.390: [GC (Allocation Failure) 82.390: [ParNew: 118016K->13056K(118016K), 0.0557476 secs] 7710265K->7620636K(25152768K), 0.0561280 secs] [Times: user=0.63 sys=0.02, real=0.06 secs] 
2014-04-09T12:20:19.525+0900: 82.526: [GC (Allocation Failure) 82.526: [ParNew: 118016K->13056K(118016K), 0.0536846 secs] 7664093K->7575372K(25152768K), 0.0540631 secs] [Times: user=0.62 sys=0.00, real=0.05 secs] 
2014-04-09T12:20:19.659+0900: 82.660: [GC (Allocation Failure) 82.660: [ParNew: 118016K->13056K(118016K), 0.0511491 secs] 7632463K->7543538K(25152768K), 0.0515262 secs] [Times: user=0.59 sys=0.00, real=0.05 secs] 
2014-04-09T12:20:19.792+0900: 82.793: [GC (Allocation Failure) 82.793: [ParNew: 118016K->13056K(118016K), 0.0497286 secs] 7595704K->7507509K(25152768K), 0.0501219 secs] [Times: user=0.57 sys=0.01, real=0.05 secs] 
2014-04-09T12:20:19.924+0900: 82.925: [GC (Allocation Failure) 82.925: [ParNew: 118016K->13056K(118016K), 0.0507915 secs] 7560143K->7470784K(25152768K), 0.0511697 secs] [Times: user=0.59 sys=0.01, real=0.05 secs] 
2014-04-09T12:20:20.061+0900: 83.062: [GC (Allocation Failure) 83.062: [ParNew: 118016K->13056K(118016K), 0.0552274 secs] 7519431K->7431503K(25152768K), 0.0556148 secs] [Times: user=0.66 sys=0.00, real=0.06 secs] 
2014-04-09T12:20:20.200+0900: 83.201: [GC (Allocation Failure) 83.201: [ParNew: 118016K->13056K(118016K), 0.0547777 secs] 7487148K->7399526K(25152768K), 0.0551565 secs] [Times: user=0.64 sys=0.01, real=0.06 secs] 
2014-04-09T12:20:20.336+0900: 83.337: [GC (Allocation Failure) 83.338: [ParNew: 118016K->13056K(118016K), 0.0691732 secs] 7454133K->7365697K(25152768K), 0.0695531 secs] [Times: user=0.82 sys=0.01, real=0.07 secs] 
2014-04-09T12:20:20.488+0900: 83.489: [GC (Allocation Failure) 83.489: [ParNew: 118016K->13056K(118016K), 0.0662547 secs] 7419739K->7331170K(25152768K), 0.0665969 secs] [Times: user=0.78 sys=0.02, real=0.07 secs] 
2014-04-09T12:20:20.635+0900: 83.636: [GC (Allocation Failure) 83.637: [ParNew: 118016K->13056K(118016K), 0.0688529 secs] 7385075K->7297976K(25152768K), 0.0692331 secs] [Times: user=0.82 sys=0.01, real=0.07 secs] 
2014-04-09T12:20:20.789+0900: 83.790: [GC (Allocation Failure) 83.790: [ParNew: 118016K->13056K(118016K), 0.0517839 secs] 7350803K->7261330K(25152768K), 0.0521693 secs] [Times: user=0.59 sys=0.01, real=0.06 secs] 
2014-04-09T12:20:20.923+0900: 83.924: [GC (Allocation Failure) 83.925: [ParNew: 118016K->13056K(118016K), 0.0478561 secs] 7315345K->7224531K(25152768K), 0.0482342 secs] [Times: user=0.55 sys=0.01, real=0.05 secs] 
2014-04-09T12:20:21.055+0900: 84.056: [GC (Allocation Failure) 84.056: [ParNew: 118016K->13056K(118016K), 0.0669545 secs] 7279409K->7193324K(25152768K), 0.0673346 secs] [Times: user=0.77 sys=0.01, real=0.07 secs] 
2014-04-09T12:20:21.201+0900: 84.202: [GC (Allocation Failure) 84.203: [ParNew: 118016K->13056K(118016K), 0.0526388 secs] 7249640K->7160462K(25152768K), 0.0530268 secs] [Times: user=0.61 sys=0.01, real=0.05 secs] 
2014-04-09T12:20:21.334+0900: 84.335: [GC (Allocation Failure) 84.335: [ParNew: 118016K->13056K(118016K), 0.0522990 secs] 7211706K->7123533K(25152768K), 0.0526783 secs] [Times: user=0.61 sys=0.01, real=0.05 secs] 
2014-04-09T12:20:21.467+0900: 84.468: [GC (Allocation Failure) 84.468: [ParNew: 118016K->13056K(118016K), 0.0673307 secs] 7178596K->7088987K(25152768K), 0.0677182 secs] [Times: user=0.80 sys=0.02, real=0.07 secs] 
2014-04-09T12:20:21.616+0900: 84.617: [GC (Allocation Failure) 84.617: [ParNew: 118016K->13056K(118016K), 0.0515770 secs] 7141872K->7053331K(25152768K), 0.0519138 secs] [Times: user=0.58 sys=0.01, real=0.05 secs] 
2014-04-09T12:20:21.751+0900: 84.752: [GC (Allocation Failure) 84.752: [ParNew: 118016K->13056K(118016K), 0.0686926 secs] 7107175K->7019067K(25152768K), 0.0690263 secs] [Times: user=0.82 sys=0.01, real=0.07 secs] 
2014-04-09T12:20:21.899+0900: 84.900: [GC (Allocation Failure) 84.900: [ParNew: 118016K->13056K(118016K), 0.0657463 secs] 7072944K->6986603K(25152768K), 0.0660819 secs] [Times: user=0.78 sys=0.01, real=0.07 secs] 
2014-04-09T12:20:22.053+0900: 85.055: [GC (Allocation Failure) 85.055: [ParNew: 118016K->13056K(118016K), 0.0496986 secs] 7035153K->6945209K(25152768K), 0.0500329 secs] [Times: user=0.56 sys=0.02, real=0.05 secs] 
2014-04-09T12:20:22.187+0900: 85.189: [GC (Allocation Failure) 85.189: [ParNew: 118016K->13056K(118016K), 0.0687424 secs] 6998107K->6910514K(25152768K), 0.0690804 secs] [Times: user=0.81 sys=0.00, real=0.07 secs] 
2014-04-09T12:20:22.340+0900: 85.341: [GC (Allocation Failure) 85.341: [ParNew: 118016K->13056K(118016K), 0.0689946 secs] 6966614K->6878737K(25152768K), 0.0693354 secs] [Times: user=0.80 sys=0.02, real=0.07 secs] 
2014-04-09T12:20:22.488+0900: 85.489: [GC (Allocation Failure) 85.489: [ParNew: 118016K->13056K(118016K), 0.0588824 secs] 6934050K->6844154K(25152768K), 0.0592185 secs] [Times: user=0.67 sys=0.01, real=0.06 secs] 
2014-04-09T12:20:22.634+0900: 85.636: [GC (Allocation Failure) 85.636: [ParNew: 118016K->13056K(118016K), 0.0645165 secs] 6894988K->6806414K(25152768K), 0.0648454 secs] [Times: user=0.77 sys=0.01, real=0.06 secs] 
2014-04-09T12:20:22.782+0900: 85.783: [GC (Allocation Failure) 85.783: [ParNew: 118016K->13056K(118016K), 0.0552430 secs] 6859963K->6771988K(25152768K), 0.0555760 secs] [Times: user=0.61 sys=0.01, real=0.06 secs] 
2014-04-09T12:20:22.917+0900: 85.918: [GC (Allocation Failure) 85.918: [ParNew: 118016K->13056K(118016K), 0.0544924 secs] 6829990K->6742242K(25152768K), 0.0548255 secs] [Times: user=0.63 sys=0.01, real=0.05 secs] 
2014-04-09T12:20:23.064+0900: 86.065: [GC (Allocation Failure) 86.065: [ParNew: 118016K->13056K(118016K), 0.0619802 secs] 6791263K->6703803K(25152768K), 0.0623157 secs] [Times: user=0.72 sys=0.01, real=0.06 secs] 
2014-04-09T12:20:23.214+0900: 86.215: [GC (Allocation Failure) 86.215: [ParNew: 118016K->13056K(118016K), 0.0532509 secs] 6755921K->6666050K(25152768K), 0.0536119 secs] [Times: user=0.64 sys=0.01, real=0.05 secs] 
2014-04-09T12:20:23.349+0900: 86.350: [GC (Allocation Failure) 86.350: [ParNew: 118016K->13056K(118016K), 0.0688795 secs] 6722060K->6634675K(25152768K), 0.0692150 secs] [Times: user=0.80 sys=0.02, real=0.07 secs] 
2014-04-09T12:20:23.502+0900: 86.503: [GC (Allocation Failure) 86.503: [ParNew: 118016K->13056K(118016K), 0.0640754 secs] 6688773K->6599553K(25152768K), 0.0644097 secs] [Times: user=0.77 sys=0.00, real=0.07 secs] 
2014-04-09T12:20:23.647+0900: 86.648: [GC (Allocation Failure) 86.649: [ParNew: 118016K->13056K(118016K), 0.0660624 secs] 6655872K->6568042K(25152768K), 0.0664503 secs] [Times: user=0.78 sys=0.02, real=0.07 secs] 
2014-04-09T12:20:23.802+0900: 86.803: [GC (Allocation Failure) 86.803: [ParNew: 118016K->13056K(118016K), 0.0516121 secs] 6615931K->6526732K(25152768K), 0.0519881 secs] [Times: user=0.60 sys=0.01, real=0.06 secs] 
2014-04-09T12:20:23.933+0900: 86.935: [GC (Allocation Failure) 86.935: [ParNew: 118016K->13056K(118016K), 0.0604710 secs] 6583746K->6496624K(25152768K), 0.0608575 secs] [Times: user=0.70 sys=0.02, real=0.06 secs] 
2014-04-09T12:20:24.078+0900: 87.079: [GC (Allocation Failure) 87.079: [ParNew: 118016K->13056K(118016K), 0.0618470 secs] 6551026K->6461392K(25152768K), 0.0622405 secs] [Times: user=0.74 sys=0.00, real=0.06 secs] 
2014-04-09T12:20:24.224+0900: 87.225: [GC (Allocation Failure) 87.226: [ParNew: 118016K->13056K(118016K), 0.0663624 secs] 6516532K->6428197K(25152768K), 0.0667489 secs] [Times: user=0.78 sys=0.00, real=0.06 secs] 
2014-04-09T12:20:24.371+0900: 87.372: [GC (Allocation Failure) 87.372: [ParNew: 118016K->13056K(118016K), 0.0632580 secs] 6484968K->6397583K(25152768K), 0.0636532 secs] [Times: user=0.74 sys=0.02, real=0.07 secs] 
2014-04-09T12:20:24.513+0900: 87.515: [GC (Allocation Failure) 87.515: [ParNew: 118016K->13056K(118016K), 0.0498158 secs] 6457415K->6366144K(25152768K), 0.0501933 secs] [Times: user=0.56 sys=0.01, real=0.05 secs] 
2014-04-09T12:20:24.645+0900: 87.646: [GC (Allocation Failure) 87.646: [ParNew: 118016K->13056K(118016K), 0.0512963 secs] 6422580K->6334484K(25152768K), 0.0516798 secs] [Times: user=0.58 sys=0.01, real=0.05 secs] 
2014-04-09T12:20:24.777+0900: 87.778: [GC (Allocation Failure) 87.778: [ParNew: 118016K->13056K(118016K), 0.0539329 secs] 6390129K->6302543K(25152768K), 0.0543118 secs] [Times: user=0.61 sys=0.01, real=0.05 secs] 
2014-04-09T12:20:24.919+0900: 87.920: [GC (Allocation Failure) 87.920: [ParNew: 118016K->13056K(118016K), 0.0682851 secs] 6356915K->6268604K(25152768K), 0.0686655 secs] [Times: user=0.80 sys=0.01, real=0.07 secs] 
2014-04-09T12:20:25.068+0900: 88.069: [GC (Allocation Failure) 88.069: [ParNew: 118016K->13056K(118016K), 0.0652299 secs] 6326931K->6237374K(25152768K), 0.0656186 secs] [Times: user=0.77 sys=0.01, real=0.07 secs] 
2014-04-09T12:20:25.211+0900: 88.212: [GC (Allocation Failure) 88.212: [ParNew: 118016K->13056K(118016K), 0.0668385 secs] 6297427K->6210298K(25152768K), 0.0672171 secs] [Times: user=0.76 sys=0.01, real=0.07 secs] 
2014-04-09T12:20:25.366+0900: 88.367: [GC (Allocation Failure) 88.367: [ParNew: 118016K->13056K(118016K), 0.0512477 secs] 6258118K->6168810K(25152768K), 0.0516325 secs] [Times: user=0.58 sys=0.01, real=0.05 secs] 
2014-04-09T12:20:25.499+0900: 88.501: [GC (Allocation Failure) 88.501: [ParNew: 117887K->13056K(118016K), 0.0654463 secs] 6221887K->6133086K(25152768K), 0.0658250 secs] [Times: user=0.77 sys=0.01, real=0.07 secs] 
2014-04-09T12:20:25.650+0900: 88.651: [GC (Allocation Failure) 88.651: [ParNew: 118016K->13056K(118016K), 0.0665187 secs] 6189179K->6099802K(25152768K), 0.0669004 secs] [Times: user=0.77 sys=0.01, real=0.07 secs] 
2014-04-09T12:20:25.801+0900: 88.803: [GC (Allocation Failure) 88.803: [ParNew: 118016K->13056K(118016K), 0.0520482 secs] 6157716K->6070198K(25152768K), 0.0524234 secs] [Times: user=0.59 sys=0.01, real=0.06 secs] 
2014-04-09T12:20:25.947+0900: 88.948: [GC (Allocation Failure) 88.948: [ParNew: 118016K->13056K(118016K), 0.0633132 secs] 6121218K->6033193K(25152768K), 0.0636889 secs] [Times: user=0.75 sys=0.01, real=0.06 secs] 
2014-04-09T12:20:26.092+0900: 89.093: [GC (Allocation Failure) 89.093: [ParNew: 118016K->13056K(118016K), 0.0529080 secs] 6090952K->6001522K(25152768K), 0.0532860 secs] [Times: user=0.58 sys=0.02, real=0.06 secs] 
2014-04-09T12:20:26.223+0900: 89.224: [GC (Allocation Failure) 89.224: [ParNew: 118016K->13056K(118016K), 0.0716033 secs] 6061591K->5975030K(25152768K), 0.0719460 secs] [Times: user=0.83 sys=0.02, real=0.07 secs] 
2014-04-09T12:20:26.377+0900: 89.378: [GC (Allocation Failure) 89.378: [ParNew: 118016K->13056K(118016K), 0.0541467 secs] 6030516K->5941193K(25152768K), 0.0544805 secs] [Times: user=0.60 sys=0.01, real=0.05 secs] 
2014-04-09T12:20:26.519+0900: 89.520: [GC (Allocation Failure) 89.520: [ParNew: 118016K->13056K(118016K), 0.0668502 secs] 5991111K->5901285K(25152768K), 0.0671824 secs] [Times: user=0.79 sys=0.00, real=0.07 secs] 
2014-04-09T12:20:26.664+0900: 89.665: [GC (Allocation Failure) 89.665: [ParNew: 118016K->13056K(118016K), 0.0709950 secs] 5962514K->5873980K(25152768K), 0.0713289 secs] [Times: user=0.81 sys=0.02, real=0.07 secs] 
2014-04-09T12:20:26.815+0900: 89.816: [GC (Allocation Failure) 89.816: [ParNew: 118016K->13056K(118016K), 0.0630592 secs] 5931325K->5843536K(25152768K), 0.0633932 secs] [Times: user=0.72 sys=0.01, real=0.06 secs] 
2014-04-09T12:20:26.960+0900: 89.961: [GC (Allocation Failure) 89.962: [ParNew: 118016K->13056K(118016K), 0.0588665 secs] 5926134K->5837752K(25152768K), 0.0592115 secs] [Times: user=0.63 sys=0.02, real=0.06 secs] 
2014-04-09T12:20:27.101+0900: 90.102: [GC (Allocation Failure) 90.102: [ParNew: 118016K->13056K(118016K), 0.0733873 secs] 5921054K->5833221K(25152768K), 0.0737202 secs] [Times: user=0.78 sys=0.01, real=0.08 secs] 
2014-04-09T12:20:27.255+0900: 90.256: [GC (Allocation Failure) 90.257: [ParNew: 118016K->13056K(118016K), 0.0642731 secs] 5932755K->5844051K(25152768K), 0.0646094 secs] [Times: user=0.70 sys=0.02, real=0.06 secs] 
2014-04-09T12:20:27.355+0900: 90.356: [CMS-concurrent-sweep: 4.822/8.501 secs] [Times: user=86.54 sys=14.37, real=8.50 secs] 
2014-04-09T12:20:27.355+0900: 90.356: [CMS-concurrent-reset-start]
2014-04-09T12:20:27.410+0900: 90.411: [GC (Allocation Failure) 90.411: [ParNew: 118016K->13056K(118016K), 0.0663766 secs] 5949011K->5861544K(25152768K), 0.0667111 secs] [Times: user=0.65 sys=0.02, real=0.07 secs] 
2014-04-09T12:20:27.506+0900: 90.507: [CMS-concurrent-reset: 0.083/0.151 secs] [Times: user=1.41 sys=0.27, real=0.15 secs] 
2014-04-09T12:20:27.557+0900: 90.558: [GC (Allocation Failure) 90.559: [ParNew: 118016K->13056K(118016K), 0.0706111 secs] 5966504K->5875348K(25152768K), 0.0709516 secs] [Times: user=0.78 sys=0.02, real=0.07 secs] 
2014-04-09T12:20:27.701+0900: 90.702: [GC (Allocation Failure) 90.702: [ParNew: 118016K->13056K(118016K), 0.0725624 secs] 5980308K->5892424K(25152768K), 0.0728962 secs] [Times: user=0.81 sys=0.01, real=0.08 secs] 
2014-04-09T12:20:27.848+0900: 90.850: [GC (Allocation Failure) 90.850: [ParNew: 118015K->13056K(118016K), 0.0688223 secs] 5997384K->5910602K(25152768K), 0.0691737 secs] [Times: user=0.75 sys=0.02, real=0.07 secs] 
2014-04-09T12:20:27.994+0900: 90.995: [GC (Allocation Failure) 90.995: [ParNew: 118016K->13056K(118016K), 0.0733905 secs] 6015562K->5928018K(25152768K), 0.0737233 secs] [Times: user=0.78 sys=0.02, real=0.07 secs] 
2014-04-09T12:20:28.144+0900: 91.145: [GC (Allocation Failure) 91.145: [ParNew: 118016K->13056K(118016K), 0.0577314 secs] 6032978K->5942730K(25152768K), 0.0580686 secs] [Times: user=0.62 sys=0.02, real=0.05 secs] 
2014-04-09T12:20:28.278+0900: 91.279: [GC (Allocation Failure) 91.279: [ParNew: 118016K->13056K(118016K), 0.0589680 secs] 6047690K->5961076K(25152768K), 0.0593025 secs] [Times: user=0.65 sys=0.01, real=0.06 secs] 
2014-04-09T12:20:28.416+0900: 91.418: [GC (Allocation Failure) 91.418: [ParNew: 118016K->13056K(118016K), 0.0625256 secs] 6066036K->5978370K(25152768K), 0.0628691 secs] [Times: user=0.70 sys=0.02, real=0.06 secs] 
2014-04-09T12:20:28.555+0900: 91.556: [GC (Allocation Failure) 91.556: [ParNew: 118016K->13056K(118016K), 0.0680128 secs] 6083330K->5994748K(25152768K), 0.0683550 secs] [Times: user=0.77 sys=0.02, real=0.07 secs] 
2014-04-09T12:20:28.707+0900: 91.708: [GC (Allocation Failure) 91.708: [ParNew: 118016K->13056K(118016K), 0.0555785 secs] 6099708K->6010205K(25152768K), 0.0559132 secs] [Times: user=0.60 sys=0.02, real=0.05 secs] 
2014-04-09T12:20:28.841+0900: 91.842: [GC (Allocation Failure) 91.842: [ParNew: 118016K->13056K(118016K), 0.0713050 secs] 6115165K->6028992K(25152768K), 0.0716461 secs] [Times: user=0.77 sys=0.02, real=0.07 secs] 
2014-04-09T12:20:28.987+0900: 91.988: [GC (Allocation Failure) 91.988: [ParNew: 118016K->13056K(118016K), 0.0580702 secs] 6133952K->6044912K(25152768K), 0.0584568 secs] [Times: user=0.59 sys=0.01, real=0.06 secs] 
2014-04-09T12:20:29.119+0900: 92.120: [GC (Allocation Failure) 92.120: [ParNew: 118016K->13056K(118016K), 0.0596630 secs] 6149872K->6061882K(25152768K), 0.0600400 secs] [Times: user=0.66 sys=0.01, real=0.06 secs] 
2014-04-09T12:20:29.258+0900: 92.259: [GC (Allocation Failure) 92.259: [ParNew: 118016K->13056K(118016K), 0.0680722 secs] 6166842K->6078676K(25152768K), 0.0684526 secs] [Times: user=0.76 sys=0.02, real=0.07 secs] 
2014-04-09T12:20:29.402+0900: 92.403: [GC (Allocation Failure) 92.404: [ParNew: 118016K->13056K(118016K), 0.0555203 secs] 6183636K->6095141K(25152768K), 0.0559082 secs] [Times: user=0.57 sys=0.02, real=0.06 secs] 
2014-04-09T12:20:29.533+0900: 92.534: [GC (Allocation Failure) 92.534: [ParNew: 118016K->13056K(118016K), 0.0644920 secs] 6200101K->6112676K(25152768K), 0.0648703 secs] [Times: user=0.71 sys=0.01, real=0.07 secs] 
2014-04-09T12:20:29.674+0900: 92.676: [GC (Allocation Failure) 92.676: [ParNew: 118016K->13056K(118016K), 0.0669152 secs] 6217636K->6129813K(25152768K), 0.0672942 secs] [Times: user=0.73 sys=0.02, real=0.06 secs] 
2014-04-09T12:20:29.815+0900: 92.816: [GC (Allocation Failure) 92.816: [ParNew: 118016K->13056K(118016K), 0.0544217 secs] 6234773K->6143914K(25152768K), 0.0547593 secs] [Times: user=0.60 sys=0.01, real=0.05 secs] 
2014-04-09T12:20:29.947+0900: 92.948: [GC (Allocation Failure) 92.948: [ParNew: 118016K->13056K(118016K), 0.0680075 secs] 6248874K->6162345K(25152768K), 0.0683591 secs] [Times: user=0.76 sys=0.01, real=0.07 secs] 
2014-04-09T12:20:30.092+0900: 93.093: [GC (Allocation Failure) 93.093: [ParNew: 118016K->13056K(118016K), 0.0560316 secs] 6267305K->6179421K(25152768K), 0.0563722 secs] [Times: user=0.62 sys=0.02, real=0.06 secs] 
2014-04-09T12:20:30.221+0900: 93.222: [GC (Allocation Failure) 93.222: [ParNew: 118016K->13056K(118016K), 0.0694167 secs] 6284381K->6197779K(25152768K), 0.0697527 secs] [Times: user=0.75 sys=0.02, real=0.07 secs] 
2014-04-09T12:20:30.371+0900: 93.372: [GC (Allocation Failure) 93.372: [ParNew: 118016K->13056K(118016K), 0.0570577 secs] 6302739K->6211523K(25152768K), 0.0573991 secs] [Times: user=0.62 sys=0.02, real=0.06 secs] 
2014-04-09T12:20:30.505+0900: 93.506: [GC (Allocation Failure) 93.506: [ParNew: 118016K->13056K(118016K), 0.0603416 secs] 6316483K->6230460K(25152768K), 0.0606920 secs] [Times: user=0.65 sys=0.02, real=0.06 secs] 
2014-04-09T12:20:30.640+0900: 93.641: [GC (Allocation Failure) 93.641: [ParNew: 118016K->13056K(118016K), 0.0542575 secs] 6335420K->6246355K(25152768K), 0.0545929 secs] [Times: user=0.59 sys=0.01, real=0.06 secs] 
2014-04-09T12:20:30.774+0900: 93.776: [GC (Allocation Failure) 93.776: [ParNew: 118016K->13056K(118016K), 0.0571396 secs] 6351315K->6263772K(25152768K), 0.0575147 secs] [Times: user=0.63 sys=0.02, real=0.05 secs] 
2014-04-09T12:20:30.913+0900: 93.915: [GC (Allocation Failure) 93.915: [ParNew: 118016K->13056K(118016K), 0.0523980 secs] 6368732K->6279312K(25152768K), 0.0527781 secs] [Times: user=0.57 sys=0.01, real=0.05 secs] 
2014-04-09T12:20:31.042+0900: 94.043: [GC (Allocation Failure) 94.043: [ParNew: 118016K->13056K(118016K), 0.0547906 secs] 6384272K->6296637K(25152768K), 0.0551849 secs] [Times: user=0.58 sys=0.03, real=0.06 secs] 
2014-04-09T12:20:31.173+0900: 94.175: [GC (Allocation Failure) 94.175: [ParNew: 118016K->13056K(118016K), 0.0571689 secs] 6401597K->6313939K(25152768K), 0.0575494 secs] [Times: user=0.62 sys=0.01, real=0.05 secs] 
2014-04-09T12:20:31.305+0900: 94.306: [GC (Allocation Failure) 94.306: [ParNew: 118016K->13056K(118016K), 0.0673553 secs] 6418899K->6331647K(25152768K), 0.0677428 secs] [Times: user=0.72 sys=0.02, real=0.06 secs] 
2014-04-09T12:20:31.446+0900: 94.447: [GC (Allocation Failure) 94.447: [ParNew: 118016K->13056K(118016K), 0.0542870 secs] 6436607K->6346224K(25152768K), 0.0546225 secs] [Times: user=0.57 sys=0.01, real=0.05 secs] 
2014-04-09T12:20:31.583+0900: 94.584: [GC (Allocation Failure) 94.584: [ParNew: 118016K->13056K(118016K), 0.0724366 secs] 6451184K->6363760K(25152768K), 0.0727695 secs] [Times: user=0.82 sys=0.02, real=0.08 secs] 
2014-04-09T12:20:31.729+0900: 94.730: [GC (Allocation Failure) 94.730: [ParNew: 118016K->13056K(118016K), 0.0552626 secs] 6468720K->6380040K(25152768K), 0.0556058 secs] [Times: user=0.56 sys=0.02, real=0.06 secs] 
2014-04-09T12:20:31.860+0900: 94.861: [GC (Allocation Failure) 94.861: [ParNew: 118016K->13056K(118016K), 0.0599817 secs] 6485000K->6397569K(25152768K), 0.0603238 secs] [Times: user=0.63 sys=0.01, real=0.06 secs] 
2014-04-09T12:20:31.998+0900: 94.999: [GC (Allocation Failure) 94.999: [ParNew: 118016K->13056K(118016K), 0.0584370 secs] 6502529K->6414571K(25152768K), 0.0587760 secs] [Times: user=0.66 sys=0.02, real=0.06 secs] 
2014-04-09T12:20:32.132+0900: 95.133: [GC (Allocation Failure) 95.133: [ParNew: 118016K->13056K(118016K), 0.0569556 secs] 6519531K->6430151K(25152768K), 0.0572891 secs] [Times: user=0.64 sys=0.01, real=0.06 secs] 
2014-04-09T12:20:32.267+0900: 95.268: [GC (Allocation Failure) 95.269: [ParNew: 118016K->13056K(118016K), 0.0678778 secs] 6535111K->6447600K(25152768K), 0.0682215 secs] [Times: user=0.78 sys=0.01, real=0.07 secs] 
2014-04-09T12:20:32.413+0900: 95.414: [GC (Allocation Failure) 95.414: [ParNew: 118016K->13056K(118016K), 0.0674757 secs] 6552560K->6465954K(25152768K), 0.0678159 secs] [Times: user=0.77 sys=0.00, real=0.07 secs] 
2014-04-09T12:20:32.559+0900: 95.560: [GC (Allocation Failure) 95.560: [ParNew: 117868K->13056K(118016K), 0.0541971 secs] 6570767K->6479848K(25152768K), 0.0545856 secs] [Times: user=0.56 sys=0.01, real=0.06 secs] 
2014-04-09T12:20:32.689+0900: 95.691: [GC (Allocation Failure) 95.691: [ParNew: 118016K->13056K(118016K), 0.0656058 secs] 6584808K->6499178K(25152768K), 0.0659902 secs] [Times: user=0.70 sys=0.02, real=0.07 secs] 
2014-04-09T12:20:32.831+0900: 95.832: [GC (Allocation Failure) 95.832: [ParNew: 118016K->13056K(118016K), 0.0536873 secs] 6604138K->6514014K(25152768K), 0.0540673 secs] [Times: user=0.58 sys=0.02, real=0.06 secs] 
2014-04-09T12:20:32.963+0900: 95.964: [GC (Allocation Failure) 95.964: [ParNew: 118016K->13056K(118016K), 0.0652034 secs] 6618974K->6532169K(25152768K), 0.0655880 secs] [Times: user=0.73 sys=0.00, real=0.07 secs] 
2014-04-09T12:20:33.109+0900: 96.110: [GC (Allocation Failure) 96.110: [ParNew: 118016K->13056K(118016K), 0.0708690 secs] 6637129K->6547000K(25152768K), 0.0712466 secs] [Times: user=0.82 sys=0.01, real=0.07 secs] 
2014-04-09T12:20:33.258+0900: 96.259: [GC (Allocation Failure) 96.259: [ParNew: 118016K->13056K(118016K), 0.0690224 secs] 6651960K->6564150K(25152768K), 0.0694201 secs] [Times: user=0.77 sys=0.01, real=0.07 secs] 
2014-04-09T12:20:33.404+0900: 96.405: [GC (Allocation Failure) 96.405: [ParNew: 118016K->13056K(118016K), 0.0736446 secs] 6669110K->6581678K(25152768K), 0.0740255 secs] [Times: user=0.82 sys=0.02, real=0.07 secs] 
2014-04-09T12:20:33.553+0900: 96.555: [GC (Allocation Failure) 96.555: [ParNew: 118016K->13056K(118016K), 0.0538587 secs] 6686638K->6594872K(25152768K), 0.0542387 secs] [Times: user=0.56 sys=0.02, real=0.05 secs] 
2014-04-09T12:20:33.684+0900: 96.685: [GC (Allocation Failure) 96.685: [ParNew: 118016K->13056K(118016K), 0.0702802 secs] 6699832K->6613937K(25152768K), 0.0706585 secs] [Times: user=0.74 sys=0.01, real=0.07 secs] 
2014-04-09T12:20:33.834+0900: 96.835: [GC (Allocation Failure) 96.836: [ParNew: 118016K->13056K(118016K), 0.0674102 secs] 6718897K->6631133K(25152768K), 0.0677878 secs] [Times: user=0.75 sys=0.01, real=0.06 secs] 
2014-04-09T12:20:33.980+0900: 96.981: [GC (Allocation Failure) 96.981: [ParNew: 118015K->13056K(118016K), 0.0627759 secs] 6736092K->6647755K(25152768K), 0.0631546 secs] [Times: user=0.73 sys=0.01, real=0.06 secs] 
2014-04-09T12:20:34.119+0900: 97.120: [GC (Allocation Failure) 97.120: [ParNew: 118016K->13056K(118016K), 0.0537277 secs] 6752715K->6662307K(25152768K), 0.0541094 secs] [Times: user=0.56 sys=0.02, real=0.05 secs] 
2014-04-09T12:20:34.254+0900: 97.256: [GC (Allocation Failure) 97.256: [ParNew: 118016K->13056K(118016K), 0.0733766 secs] 6767267K->6679028K(25152768K), 0.0737539 secs] [Times: user=0.80 sys=0.02, real=0.07 secs] 
2014-04-09T12:20:34.403+0900: 97.404: [GC (Allocation Failure) 97.404: [ParNew: 118016K->13056K(118016K), 0.0587186 secs] 6783988K->6696063K(25152768K), 0.0590978 secs] [Times: user=0.60 sys=0.02, real=0.06 secs] 
2014-04-09T12:20:34.536+0900: 97.537: [GC (Allocation Failure) 97.537: [ParNew: 117839K->13056K(118016K), 0.0681049 secs] 6800847K->6714254K(25152768K), 0.0684831 secs] [Times: user=0.74 sys=0.02, real=0.07 secs] 
2014-04-09T12:20:34.687+0900: 97.688: [GC (Allocation Failure) 97.688: [ParNew: 118016K->13056K(118016K), 0.0686966 secs] 6819214K->6730371K(25152768K), 0.0690804 secs] [Times: user=0.77 sys=0.02, real=0.07 secs] 
2014-04-09T12:20:34.839+0900: 97.840: [GC (Allocation Failure) 97.840: [ParNew: 118016K->13056K(118016K), 0.0533418 secs] 6835331K->6746332K(25152768K), 0.0537198 secs] [Times: user=0.57 sys=0.02, real=0.05 secs] 
2014-04-09T12:20:34.967+0900: 97.968: [GC (Allocation Failure) 97.968: [ParNew: 118016K->13056K(118016K), 0.0705542 secs] 6851292K->6763882K(25152768K), 0.0709404 secs] [Times: user=0.76 sys=0.02, real=0.07 secs] 
2014-04-09T12:20:35.114+0900: 98.116: [GC (Allocation Failure) 98.116: [ParNew: 118016K->13056K(118016K), 0.0675829 secs] 6868842K->6777544K(25152768K), 0.0679742 secs] [Times: user=0.75 sys=0.02, real=0.06 secs] 
2014-04-09T12:20:35.258+0900: 98.259: [GC (Allocation Failure) 98.259: [ParNew: 118016K->13056K(118016K), 0.0662642 secs] 6882504K->6794681K(25152768K), 0.0666508 secs] [Times: user=0.72 sys=0.01, real=0.07 secs] 
2014-04-09T12:20:35.401+0900: 98.403: [GC (Allocation Failure) 98.403: [ParNew: 118016K->13056K(118016K), 0.0638966 secs] 6899641K->6812586K(25152768K), 0.0642766 secs] [Times: user=0.72 sys=0.01, real=0.07 secs] 
2014-04-09T12:20:35.541+0900: 98.542: [GC (Allocation Failure) 98.542: [ParNew: 118016K->13056K(118016K), 0.0784159 secs] 6917546K->6829413K(25152768K), 0.0787956 secs] [Times: user=0.76 sys=0.02, real=0.08 secs] 
2014-04-09T12:20:35.697+0900: 98.698: [GC (Allocation Failure) 98.698: [ParNew: 118016K->13056K(118016K), 0.0718261 secs] 6934373K->6844606K(25152768K), 0.0722202 secs] [Times: user=0.81 sys=0.01, real=0.07 secs] 
2014-04-09T12:20:35.848+0900: 98.849: [GC (Allocation Failure) 98.849: [ParNew: 118016K->13056K(118016K), 0.0696329 secs] 6949566K->6863363K(25152768K), 0.0700129 secs] [Times: user=0.75 sys=0.01, real=0.07 secs] 
2014-04-09T12:20:35.995+0900: 98.996: [GC (Allocation Failure) 98.996: [ParNew: 118016K->13056K(118016K), 0.0580552 secs] 6968323K->6880609K(25152768K), 0.0584354 secs] [Times: user=0.58 sys=0.01, real=0.05 secs] 
2014-04-09T12:20:36.135+0900: 99.136: [GC (Allocation Failure) 99.136: [ParNew: 118016K->13056K(118016K), 0.0727402 secs] 6985569K->6894905K(25152768K), 0.0731268 secs] [Times: user=0.80 sys=0.01, real=0.07 secs] 
2014-04-09T12:20:36.285+0900: 99.286: [GC (Allocation Failure) 99.287: [ParNew: 118016K->13056K(118016K), 0.0729511 secs] 6999865K->6911057K(25152768K), 0.0733339 secs] [Times: user=0.82 sys=0.01, real=0.07 secs] 
2014-04-09T12:20:36.436+0900: 99.437: [GC (Allocation Failure) 99.438: [ParNew: 118016K->13056K(118016K), 0.0574059 secs] 7016017K->6928164K(25152768K), 0.0577942 secs] [Times: user=0.60 sys=0.01, real=0.06 secs] 
2014-04-09T12:20:36.570+0900: 99.571: [GC (Allocation Failure) 99.571: [ParNew: 118016K->13056K(118016K), 0.0691602 secs] 7033124K->6944970K(25152768K), 0.0695399 secs] [Times: user=0.76 sys=0.02, real=0.07 secs] 
2014-04-09T12:20:36.715+0900: 99.716: [GC (Allocation Failure) 99.717: [ParNew: 118016K->13056K(118016K), 0.0727142 secs] 7049930K->6961465K(25152768K), 0.0731076 secs] [Times: user=0.79 sys=0.01, real=0.07 secs] 
2014-04-09T12:20:36.864+0900: 99.865: [GC (Allocation Failure) 99.865: [ParNew: 118016K->13056K(118016K), 0.0714132 secs] 7066425K->6978577K(25152768K), 0.0717901 secs] [Times: user=0.74 sys=0.01, real=0.08 secs] 
2014-04-09T12:20:37.013+0900: 100.014: [GC (Allocation Failure) 100.014: [ParNew: 118016K->13056K(118016K), 0.0563423 secs] 7083537K->6995099K(25152768K), 0.0567288 secs] [Times: user=0.61 sys=0.01, real=0.06 secs] 
2014-04-09T12:20:37.148+0900: 100.149: [GC (Allocation Failure) 100.149: [ParNew: 118016K->13056K(118016K), 0.0541029 secs] 7100059K->7009655K(25152768K), 0.0544811 secs] [Times: user=0.58 sys=0.01, real=0.05 secs] 
2014-04-09T12:20:37.278+0900: 100.279: [GC (Allocation Failure) 100.280: [ParNew: 118016K->13056K(118016K), 0.0689619 secs] 7114615K->7027102K(25152768K), 0.0693450 secs] [Times: user=0.77 sys=0.02, real=0.07 secs] 
2014-04-09T12:20:37.430+0900: 100.431: [GC (Allocation Failure) 100.432: [ParNew: 118016K->13056K(118016K), 0.0702297 secs] 7132062K->7043917K(25152768K), 0.0705726 secs] [Times: user=0.78 sys=0.02, real=0.07 secs] 
2014-04-09T12:20:37.575+0900: 100.576: [GC (Allocation Failure) 100.576: [ParNew: 118016K->13056K(118016K), 0.0575603 secs] 7148877K->7060145K(25152768K), 0.0578952 secs] [Times: user=0.58 sys=0.01, real=0.05 secs] 
2014-04-09T12:20:37.713+0900: 100.714: [GC (Allocation Failure) 100.714: [ParNew: 118016K->13056K(118016K), 0.0626286 secs] 7165105K->7076998K(25152768K), 0.0629628 secs] [Times: user=0.71 sys=0.02, real=0.07 secs] 
2014-04-09T12:20:37.851+0900: 100.852: [GC (Allocation Failure) 100.852: [ParNew: 118016K->13056K(118016K), 0.0741538 secs] 7181958K->7094529K(25152768K), 0.0744958 secs] [Times: user=0.75 sys=0.02, real=0.08 secs] 
2014-04-09T12:20:38.002+0900: 101.003: [GC (Allocation Failure) 101.003: [ParNew: 118016K->13056K(118016K), 0.0672301 secs] 7199489K->7111700K(25152768K), 0.0675654 secs] [Times: user=0.77 sys=0.02, real=0.07 secs] 
2014-04-09T12:20:38.146+0900: 101.147: [GC (Allocation Failure) 101.148: [ParNew: 118016K->13056K(118016K), 0.0677431 secs] 7216660K->7128578K(25152768K), 0.0680762 secs] [Times: user=0.77 sys=0.01, real=0.07 secs] 
2014-04-09T12:20:38.291+0900: 101.293: [GC (Allocation Failure) 101.293: [ParNew: 118016K->13056K(118016K), 0.0550892 secs] 7233538K->7143404K(25152768K), 0.0554229 secs] [Times: user=0.56 sys=0.01, real=0.06 secs] 
2014-04-09T12:20:38.421+0900: 101.422: [GC (Allocation Failure) 101.422: [ParNew: 118015K->13056K(118016K), 0.0740793 secs] 7248363K->7160425K(25152768K), 0.0744153 secs] [Times: user=0.76 sys=0.02, real=0.08 secs] 
2014-04-09T12:20:38.571+0900: 101.572: [GC (Allocation Failure) 101.573: [ParNew: 118016K->13056K(118016K), 0.0700281 secs] 7265385K->7177810K(25152768K), 0.0703696 secs] [Times: user=0.78 sys=0.01, real=0.07 secs] 
2014-04-09T12:20:38.719+0900: 101.720: [GC (Allocation Failure) 101.720: [ParNew: 118016K->13056K(118016K), 0.0672594 secs] 7282770K->7193761K(25152768K), 0.0675959 secs] [Times: user=0.75 sys=0.02, real=0.07 secs] 
2014-04-09T12:20:38.864+0900: 101.865: [GC (Allocation Failure) 101.865: [ParNew: 118016K->13056K(118016K), 0.0640955 secs] 7298721K->7211389K(25152768K), 0.0644283 secs] [Times: user=0.73 sys=0.02, real=0.07 secs] 
2014-04-09T12:20:39.009+0900: 102.010: [GC (Allocation Failure) 102.010: [ParNew: 118016K->13056K(118016K), 0.0587386 secs] 7316349K->7227937K(25152768K), 0.0590717 secs] [Times: user=0.65 sys=0.01, real=0.06 secs] 
2014-04-09T12:20:39.143+0900: 102.144: [GC (Allocation Failure) 102.144: [ParNew: 118016K->13056K(118016K), 0.0553713 secs] 7332897K->7244134K(25152768K), 0.0557060 secs] [Times: user=0.59 sys=0.01, real=0.06 secs] 
2014-04-09T12:20:39.276+0900: 102.277: [GC (Allocation Failure) 102.277: [ParNew: 118016K->13056K(118016K), 0.0723887 secs] 7349094K->7259679K(25152768K), 0.0727197 secs] [Times: user=0.80 sys=0.01, real=0.07 secs] 
2014-04-09T12:20:39.428+0900: 102.429: [GC (Allocation Failure) 102.429: [ParNew: 118016K->13056K(118016K), 0.0754710 secs] 7364639K->7277267K(25152768K), 0.0758137 secs] [Times: user=0.78 sys=0.03, real=0.07 secs] 
2014-04-09T12:20:39.584+0900: 102.585: [GC (Allocation Failure) 102.585: [ParNew: 118016K->13056K(118016K), 0.0721460 secs] 7382227K->7294413K(25152768K), 0.0724764 secs] [Times: user=0.76 sys=0.02, real=0.08 secs] 
2014-04-09T12:20:39.731+0900: 102.732: [GC (Allocation Failure) 102.733: [ParNew: 118016K->13056K(118016K), 0.0672982 secs] 7399373K->7309119K(25152768K), 0.0676387 secs] [Times: user=0.73 sys=0.02, real=0.07 secs] 
2014-04-09T12:20:39.875+0900: 102.876: [GC (Allocation Failure) 102.877: [ParNew: 118016K->13056K(118016K), 0.0613756 secs] 7414079K->7324767K(25152768K), 0.0617115 secs] [Times: user=0.57 sys=0.03, real=0.06 secs] 
2014-04-09T12:20:40.015+0900: 103.016: [GC (Allocation Failure) 103.016: [ParNew: 118016K->13056K(118016K), 0.0698952 secs] 7429727K->7342589K(25152768K), 0.0702280 secs] [Times: user=0.74 sys=0.02, real=0.07 secs] 
2014-04-09T12:20:40.163+0900: 103.164: [GC (Allocation Failure) 103.164: [ParNew: 118016K->13056K(118016K), 0.0595992 secs] 7447549K->7358640K(25152768K), 0.0599375 secs] [Times: user=0.57 sys=0.02, real=0.06 secs] 
2014-04-09T12:20:40.297+0900: 103.298: [GC (Allocation Failure) 103.298: [ParNew: 118016K->13056K(118016K), 0.0695658 secs] 7463600K->7374232K(25152768K), 0.0698993 secs] [Times: user=0.73 sys=0.03, real=0.07 secs] 
2014-04-09T12:20:40.444+0900: 103.445: [GC (Allocation Failure) 103.445: [ParNew: 118016K->13056K(118016K), 0.0608249 secs] 7479192K->7391086K(25152768K), 0.0611554 secs] [Times: user=0.57 sys=0.03, real=0.07 secs] 
2014-04-09T12:20:40.586+0900: 103.587: [GC (Allocation Failure) 103.587: [ParNew: 118016K->13056K(118016K), 0.0764565 secs] 7496046K->7408406K(25152768K), 0.0767846 secs] [Times: user=0.78 sys=0.03, real=0.07 secs] 
2014-04-09T12:20:40.739+0900: 103.740: [GC (Allocation Failure) 103.740: [ParNew: 118016K->13056K(118016K), 0.0652720 secs] 7513366K->7422511K(25152768K), 0.0656137 secs] [Times: user=0.60 sys=0.02, real=0.07 secs] 
2014-04-09T12:20:40.884+0900: 103.885: [GC (Allocation Failure) 103.885: [ParNew: 118016K->13056K(118016K), 0.0724431 secs] 7527471K->7439454K(25152768K), 0.0727753 secs] [Times: user=0.74 sys=0.03, real=0.08 secs] 
2014-04-09T12:20:41.034+0900: 104.035: [GC (Allocation Failure) 104.036: [ParNew: 118016K->13056K(118016K), 0.0579096 secs] 7544414K->7455812K(25152768K), 0.0582494 secs] [Times: user=0.60 sys=0.02, real=0.05 secs] 
2014-04-09T12:20:41.168+0900: 104.169: [GC (Allocation Failure) 104.170: [ParNew: 118016K->13056K(118016K), 0.0715662 secs] 7560772K->7473979K(25152768K), 0.0719070 secs] [Times: user=0.74 sys=0.03, real=0.07 secs] 
2014-04-09T12:20:41.324+0900: 104.325: [GC (Allocation Failure) 104.325: [ParNew: 118016K->13056K(118016K), 0.0595729 secs] 7578939K->7488439K(25152768K), 0.0599101 secs] [Times: user=0.61 sys=0.02, real=0.06 secs] 
2014-04-09T12:20:41.463+0900: 104.464: [GC (Allocation Failure) 104.464: [ParNew: 118016K->13056K(118016K), 0.0674949 secs] 7593399K->7507611K(25152768K), 0.0678280 secs] [Times: user=0.71 sys=0.01, real=0.07 secs] 
2014-04-09T12:20:41.609+0900: 104.610: [GC (Allocation Failure) 104.610: [ParNew: 118016K->13056K(118016K), 0.0704097 secs] 7612571K->7522219K(25152768K), 0.0707510 secs] [Times: user=0.77 sys=0.01, real=0.07 secs] 
2014-04-09T12:20:41.757+0900: 104.758: [GC (Allocation Failure) 104.759: [ParNew: 118016K->13056K(118016K), 0.0739519 secs] 7627179K->7536802K(25152768K), 0.0742924 secs] [Times: user=0.79 sys=0.02, real=0.07 secs] 
2014-04-09T12:20:41.833+0900: 104.834: [GC (CMS Initial Mark) [1 CMS-initial-mark: 7523746K(25034752K)] 7537130K(25152768K), 0.0022339 secs] [Times: user=0.02 sys=0.00, real=0.01 secs] 
2014-04-09T12:20:41.836+0900: 104.837: [CMS-concurrent-mark-start]
2014-04-09T12:20:41.937+0900: 104.938: [GC (Allocation Failure) 104.938: [ParNew: 118016K->13056K(118016K), 0.0616697 secs] 7641762K->7553468K(25152768K), 0.0620581 secs] [Times: user=0.60 sys=0.03, real=0.06 secs] 
2014-04-09T12:20:42.093+0900: 105.094: [GC (Allocation Failure) 105.094: [ParNew: 118016K->13056K(118016K), 0.0731967 secs] 7658428K->7571584K(25152768K), 0.0735881 secs] [Times: user=0.75 sys=0.02, real=0.08 secs] 
2014-04-09T12:20:42.270+0900: 105.271: [GC (Allocation Failure) 105.271: [ParNew: 118016K->13056K(118016K), 0.0660065 secs] 7676544K->7587160K(25152768K), 0.0663412 secs] [Times: user=0.72 sys=0.01, real=0.07 secs] 
2014-04-09T12:20:42.445+0900: 105.447: [GC (Allocation Failure) 105.447: [ParNew: 118016K->13056K(118016K), 0.0734139 secs] 7692120K->7602485K(25152768K), 0.0737463 secs] [Times: user=0.76 sys=0.02, real=0.07 secs] 
2014-04-09T12:20:42.626+0900: 105.627: [GC (Allocation Failure) 105.628: [ParNew: 118016K->13056K(118016K), 0.0735863 secs] 7707445K->7620308K(25152768K), 0.0739673 secs] [Times: user=0.79 sys=0.01, real=0.07 secs] 
2014-04-09T12:20:42.802+0900: 105.803: [GC (Allocation Failure) 105.804: [ParNew: 118016K->13056K(118016K), 0.0703329 secs] 7725268K->7635538K(25152768K), 0.0707166 secs] [Times: user=0.75 sys=0.02, real=0.07 secs] 
2014-04-09T12:20:42.970+0900: 105.971: [GC (Allocation Failure) 105.971: [ParNew: 118016K->13056K(118016K), 0.0729795 secs] 7740498K->7652561K(25152768K), 0.0733636 secs] [Times: user=0.78 sys=0.02, real=0.07 secs] 
2014-04-09T12:20:43.148+0900: 106.149: [GC (Allocation Failure) 106.150: [ParNew: 118016K->13056K(118016K), 0.0711525 secs] 7757521K->7670442K(25152768K), 0.0715279 secs] [Times: user=0.76 sys=0.03, real=0.07 secs] 
2014-04-09T12:20:43.323+0900: 106.325: [GC (Allocation Failure) 106.325: [ParNew: 118016K->13056K(118016K), 0.0565911 secs] 7775402K->7683704K(25152768K), 0.0569714 secs] [Times: user=0.57 sys=0.02, real=0.06 secs] 
2014-04-09T12:20:43.479+0900: 106.480: [GC (Allocation Failure) 106.480: [ParNew: 118016K->13056K(118016K), 0.0673086 secs] 7788664K->7702595K(25152768K), 0.0676844 secs] [Times: user=0.68 sys=0.03, real=0.07 secs] 
2014-04-09T12:20:43.653+0900: 106.654: [GC (Allocation Failure) 106.654: [ParNew: 118016K->13056K(118016K), 0.0696190 secs] 7807555K->7718669K(25152768K), 0.0699910 secs] [Times: user=0.73 sys=0.02, real=0.07 secs] 
2014-04-09T12:20:43.752+0900: 106.753: [CMS-concurrent-mark: 1.139/1.916 secs] [Times: user=20.05 sys=2.87, real=1.91 secs] 
2014-04-09T12:20:43.752+0900: 106.753: [CMS-concurrent-preclean-start]
2014-04-09T12:20:43.810+0900: 106.811: [GC (Allocation Failure) 106.811: [ParNew: 118016K->13056K(118016K), 0.0742859 secs] 7823629K->7733497K(25152768K), 0.0746190 secs] [Times: user=0.78 sys=0.02, real=0.07 secs] 
2014-04-09T12:20:43.969+0900: 106.970: [GC (Allocation Failure) 106.970: [ParNew: 118016K->13056K(118016K), 0.0752539 secs] 7838457K->7751211K(25152768K), 0.0756303 secs] [Times: user=0.77 sys=0.02, real=0.07 secs] 
2014-04-09T12:20:44.133+0900: 107.134: [GC (Allocation Failure) 107.134: [ParNew: 118016K->13056K(118016K), 0.0625532 secs] 7856171K->7768307K(25152768K), 0.0629295 secs] [Times: user=0.67 sys=0.02, real=0.07 secs] 
2014-04-09T12:20:44.285+0900: 107.286: [GC (Allocation Failure) 107.286: [ParNew: 118016K->13056K(118016K), 0.0578316 secs] 7873267K->7782146K(25152768K), 0.0582099 secs] [Times: user=0.57 sys=0.02, real=0.06 secs] 
2014-04-09T12:20:44.427+0900: 107.428: [GC (Allocation Failure) 107.429: [ParNew: 118016K->13056K(118016K), 0.0731392 secs] 7887106K->7799396K(25152768K), 0.0735140 secs] [Times: user=0.74 sys=0.02, real=0.07 secs] 
2014-04-09T12:20:44.583+0900: 107.584: [GC (Allocation Failure) 107.584: [ParNew: 118016K->13056K(118016K), 0.0735331 secs] 7904356K->7817072K(25152768K), 0.0739093 secs] [Times: user=0.77 sys=0.02, real=0.08 secs] 
2014-04-09T12:20:44.736+0900: 107.738: [GC (Allocation Failure) 107.738: [ParNew: 118016K->13056K(118016K), 0.0678523 secs] 7922032K->7833776K(25152768K), 0.0681931 secs] [Times: user=0.71 sys=0.02, real=0.06 secs] 
2014-04-09T12:20:44.893+0900: 107.894: [GC (Allocation Failure) 107.894: [ParNew: 118016K->13056K(118016K), 0.0710621 secs] 7938736K->7849209K(25152768K), 0.0713954 secs] [Times: user=0.77 sys=0.01, real=0.07 secs] 
2014-04-09T12:20:45.043+0900: 108.044: [GC (Allocation Failure) 108.044: [ParNew: 118016K->13056K(118016K), 0.0723668 secs] 7954169K->7867533K(25152768K), 0.0727067 secs] [Times: user=0.75 sys=0.04, real=0.08 secs] 
2014-04-09T12:20:45.205+0900: 108.206: [GC (Allocation Failure) 108.206: [ParNew: 118016K->13056K(118016K), 0.0717925 secs] 7972493K->7882834K(25152768K), 0.0721285 secs] [Times: user=0.75 sys=0.02, real=0.08 secs] 
2014-04-09T12:20:45.405+0900: 108.406: [CMS-concurrent-preclean: 0.862/1.653 secs] [Times: user=15.53 sys=2.64, real=1.65 secs] 
2014-04-09T12:20:45.406+0900: 108.407: [GC (Allocation Failure) 108.407: [ParNew: 118016K->13056K(118016K), 0.0662968 secs] 7987794K->7899342K(25152768K), 0.0666157 secs] [Times: user=0.68 sys=0.02, real=0.06 secs] 
2014-04-09T12:20:45.474+0900: 108.475: [GC (CMS Final Remark) [YG occupancy: 13067 K (118016 K)]108.475: [Rescan (parallel) , 0.0204924 secs]108.496: [weak refs processing, 0.0069846 secs]108.503: [class unloading, 0.0401473 secs]108.543: [scrub symbol table, 0.0043300 secs]108.547: [scrub string table, 0.0012151 secs][1 CMS-remark: 7886286K(25034752K)] 7899353K(25152768K), 0.0836370 secs] [Times: user=0.32 sys=0.00, real=0.09 secs] 
2014-04-09T12:20:45.558+0900: 108.559: [CMS-concurrent-sweep-start]
2014-04-09T12:20:45.651+0900: 108.652: [GC (Allocation Failure) 108.653: [ParNew: 118016K->13056K(118016K), 0.0652117 secs] 7970704K->7883710K(25152768K), 0.0655561 secs] [Times: user=0.74 sys=0.01, real=0.07 secs] 
2014-04-09T12:20:45.798+0900: 108.799: [GC (Allocation Failure) 108.799: [ParNew: 118015K->13056K(118016K), 0.0753302 secs] 7947267K->7858983K(25152768K), 0.0756606 secs] [Times: user=0.79 sys=0.01, real=0.07 secs] 
2014-04-09T12:20:45.950+0900: 108.952: [GC (Allocation Failure) 108.952: [ParNew: 118016K->13056K(118016K), 0.0512868 secs] 7929198K->7839548K(25152768K), 0.0516199 secs] [Times: user=0.59 sys=0.00, real=0.05 secs] 
2014-04-09T12:20:46.080+0900: 109.081: [GC (Allocation Failure) 109.081: [ParNew: 118015K->13056K(118016K), 0.0632557 secs] 7911819K->7826607K(25152768K), 0.0635896 secs] [Times: user=0.74 sys=0.01, real=0.06 secs] 
2014-04-09T12:20:46.222+0900: 109.223: [GC (Allocation Failure) 109.223: [ParNew: 118016K->13056K(118016K), 0.0654165 secs] 7897116K->7808953K(25152768K), 0.0657463 secs] [Times: user=0.77 sys=0.01, real=0.07 secs] 
2014-04-09T12:20:46.367+0900: 109.368: [GC (Allocation Failure) 109.368: [ParNew: 118016K->13056K(118016K), 0.0657526 secs] 7880045K->7792496K(25152768K), 0.0661326 secs] [Times: user=0.76 sys=0.01, real=0.06 secs] 
2014-04-09T12:20:46.512+0900: 109.514: [GC (Allocation Failure) 109.514: [ParNew: 118016K->13056K(118016K), 0.0648389 secs] 7865268K->7776438K(25152768K), 0.0652133 secs] [Times: user=0.75 sys=0.01, real=0.07 secs] 
2014-04-09T12:20:46.659+0900: 109.660: [GC (Allocation Failure) 109.660: [ParNew: 118016K->13056K(118016K), 0.0672873 secs] 7846843K->7758389K(25152768K), 0.0676608 secs] [Times: user=0.80 sys=0.01, real=0.07 secs] 
2014-04-09T12:20:46.804+0900: 109.805: [GC (Allocation Failure) 109.806: [ParNew: 118016K->13056K(118016K), 0.0652047 secs] 7831559K->7744286K(25152768K), 0.0655841 secs] [Times: user=0.77 sys=0.01, real=0.07 secs] 
2014-04-09T12:20:46.951+0900: 109.952: [GC (Allocation Failure) 109.952: [ParNew: 118016K->13056K(118016K), 0.0600932 secs] 7814925K->7724737K(25152768K), 0.0604700 secs] [Times: user=0.70 sys=0.01, real=0.06 secs] 
2014-04-09T12:20:47.090+0900: 110.091: [GC (Allocation Failure) 110.091: [ParNew: 118016K->13056K(118016K), 0.0648599 secs] 7790525K->7702157K(25152768K), 0.0651926 secs] [Times: user=0.73 sys=0.01, real=0.06 secs] 
2014-04-09T12:20:47.237+0900: 110.238: [GC (Allocation Failure) 110.238: [ParNew: 118016K->13056K(118016K), 0.0612392 secs] 7765613K->7678130K(25152768K), 0.0615711 secs] [Times: user=0.70 sys=0.01, real=0.06 secs] 
2014-04-09T12:20:47.378+0900: 110.379: [GC (Allocation Failure) 110.380: [ParNew: 118016K->13056K(118016K), 0.0552001 secs] 7742835K->7653889K(25152768K), 0.0555387 secs] [Times: user=0.59 sys=0.02, real=0.05 secs] 
2014-04-09T12:20:47.515+0900: 110.517: [GC (Allocation Failure) 110.517: [ParNew: 118015K->13056K(118016K), 0.0662703 secs] 7720179K->7631340K(25152768K), 0.0666023 secs] [Times: user=0.77 sys=0.01, real=0.06 secs] 
2014-04-09T12:20:47.661+0900: 110.662: [GC (Allocation Failure) 110.662: [ParNew: 118016K->13056K(118016K), 0.0610394 secs] 7700453K->7613648K(25152768K), 0.0613724 secs] [Times: user=0.71 sys=0.02, real=0.06 secs] 
2014-04-09T12:20:47.805+0900: 110.806: [GC (Allocation Failure) 110.806: [ParNew: 118016K->13056K(118016K), 0.0629625 secs] 7680930K->7592446K(25152768K), 0.0633009 secs] [Times: user=0.75 sys=0.00, real=0.07 secs] 
2014-04-09T12:20:47.952+0900: 110.953: [GC (Allocation Failure) 110.954: [ParNew: 118016K->13056K(118016K), 0.0481709 secs] 7663877K->7571588K(25152768K), 0.0485004 secs] [Times: user=0.56 sys=0.01, real=0.05 secs] 
2014-04-09T12:20:48.083+0900: 111.084: [GC (Allocation Failure) 111.084: [ParNew: 118016K->13056K(118016K), 0.0616506 secs] 7645469K->7560194K(25152768K), 0.0619819 secs] [Times: user=0.67 sys=0.02, real=0.06 secs] 
2014-04-09T12:20:48.225+0900: 111.226: [GC (Allocation Failure) 111.226: [ParNew: 118016K->13056K(118016K), 0.0560972 secs] 7641039K->7551123K(25152768K), 0.0564389 secs] [Times: user=0.67 sys=0.00, real=0.06 secs] 
2014-04-09T12:20:48.359+0900: 111.360: [GC (Allocation Failure) 111.360: [ParNew: 118016K->13056K(118016K), 0.0511701 secs] 7634479K->7546676K(25152768K), 0.0515110 secs] [Times: user=0.58 sys=0.01, real=0.05 secs] 
2014-04-09T12:20:48.492+0900: 111.493: [GC (Allocation Failure) 111.493: [ParNew: 118016K->13056K(118016K), 0.0518837 secs] 7627869K->7538240K(25152768K), 0.0522183 secs] [Times: user=0.59 sys=0.00, real=0.05 secs] 
2014-04-09T12:20:48.631+0900: 111.632: [GC (Allocation Failure) 111.632: [ParNew: 118016K->13056K(118016K), 0.0589654 secs] 7618064K->7531582K(25152768K), 0.0592954 secs] [Times: user=0.66 sys=0.01, real=0.06 secs] 
2014-04-09T12:20:48.773+0900: 111.775: [GC (Allocation Failure) 111.775: [ParNew: 118016K->13056K(118016K), 0.0550949 secs] 7614214K->7525064K(25152768K), 0.0554315 secs] [Times: user=0.64 sys=0.01, real=0.06 secs] 
2014-04-09T12:20:48.911+0900: 111.912: [GC (Allocation Failure) 111.912: [ParNew: 118016K->13056K(118016K), 0.0598326 secs] 7610839K->7524379K(25152768K), 0.0601678 secs] [Times: user=0.68 sys=0.01, real=0.06 secs] 
2014-04-09T12:20:49.048+0900: 112.049: [GC (Allocation Failure) 112.049: [ParNew: 118016K->13056K(118016K), 0.0609742 secs] 7613210K->7523222K(25152768K), 0.0613117 secs] [Times: user=0.71 sys=0.01, real=0.06 secs] 
2014-04-09T12:20:49.198+0900: 112.199: [GC (Allocation Failure) 112.199: [ParNew: 118016K->13056K(118016K), 0.0628404 secs] 7611346K->7523894K(25152768K), 0.0631763 secs] [Times: user=0.74 sys=0.01, real=0.06 secs] 
2014-04-09T12:20:49.344+0900: 112.345: [GC (Allocation Failure) 112.345: [ParNew: 118016K->13056K(118016K), 0.0622767 secs] 7611203K->7522875K(25152768K), 0.0626114 secs] [Times: user=0.72 sys=0.02, real=0.07 secs] 
2014-04-09T12:20:49.488+0900: 112.489: [GC (Allocation Failure) 112.489: [ParNew: 118016K->13056K(118016K), 0.0490110 secs] 7611999K->7520376K(25152768K), 0.0493495 secs] [Times: user=0.56 sys=0.01, real=0.05 secs] 
2014-04-09T12:20:49.618+0900: 112.619: [GC (Allocation Failure) 112.619: [ParNew: 118016K->13056K(118016K), 0.0661000 secs] 7612831K->7525501K(25152768K), 0.0664404 secs] [Times: user=0.76 sys=0.01, real=0.06 secs] 
2014-04-09T12:20:49.773+0900: 112.774: [GC (Allocation Failure) 112.774: [ParNew: 118016K->13056K(118016K), 0.0647586 secs] 7613375K->7526201K(25152768K), 0.0650945 secs] [Times: user=0.75 sys=0.00, real=0.07 secs] 
2014-04-09T12:20:49.919+0900: 112.920: [GC (Allocation Failure) 112.920: [ParNew: 118016K->13056K(118016K), 0.0552081 secs] 7613941K->7524965K(25152768K), 0.0555416 secs] [Times: user=0.64 sys=0.00, real=0.05 secs] 
2014-04-09T12:20:50.062+0900: 113.063: [GC (Allocation Failure) 113.063: [ParNew: 118016K->13056K(118016K), 0.0580208 secs] 7585257K->7497482K(25152768K), 0.0583515 secs] [Times: user=0.70 sys=0.00, real=0.06 secs] 
2014-04-09T12:20:50.200+0900: 113.201: [GC (Allocation Failure) 113.201: [ParNew: 118016K->13056K(118016K), 0.0530301 secs] 7560274K->7470614K(25152768K), 0.0534153 secs] [Times: user=0.60 sys=0.00, real=0.05 secs] 
2014-04-09T12:20:50.342+0900: 113.343: [GC (Allocation Failure) 113.343: [ParNew: 118016K->13056K(118016K), 0.0684151 secs] 7524761K->7436731K(25152768K), 0.0687997 secs] [Times: user=0.79 sys=0.02, real=0.07 secs] 
2014-04-09T12:20:50.495+0900: 113.496: [GC (Allocation Failure) 113.496: [ParNew: 118016K->13056K(118016K), 0.0553359 secs] 7491469K->7403040K(25152768K), 0.0557082 secs] [Times: user=0.66 sys=0.01, real=0.06 secs] 
2014-04-09T12:20:50.632+0900: 113.633: [GC (Allocation Failure) 113.633: [ParNew: 118016K->13056K(118016K), 0.0611695 secs] 7455208K->7365620K(25152768K), 0.0615462 secs] [Times: user=0.73 sys=0.01, real=0.06 secs] 
2014-04-09T12:20:50.774+0900: 113.775: [GC (Allocation Failure) 113.775: [ParNew: 118016K->13056K(118016K), 0.0634155 secs] 7421431K->7333902K(25152768K), 0.0637921 secs] [Times: user=0.77 sys=0.00, real=0.07 secs] 
2014-04-09T12:20:50.867+0900: 113.868: [CMS-concurrent-sweep: 2.998/5.309 secs] [Times: user=53.96 sys=9.18, real=5.31 secs] 
2014-04-09T12:20:50.867+0900: 113.869: [CMS-concurrent-reset-start]
2014-04-09T12:20:50.920+0900: 113.921: [GC (Allocation Failure) 113.921: [ParNew: 118016K->13056K(118016K), 0.0648818 secs] 7438858K->7351886K(25152768K), 0.0652619 secs] [Times: user=0.74 sys=0.02, real=0.06 secs] 
2014-04-09T12:20:51.033+0900: 114.034: [CMS-concurrent-reset: 0.098/0.165 secs] [Times: user=1.69 sys=0.31, real=0.16 secs] 
2014-04-09T12:20:51.067+0900: 114.068: [GC (Allocation Failure) 114.068: [ParNew: 118016K->13056K(118016K), 0.0678099 secs] 7456846K->7366517K(25152768K), 0.0681842 secs] [Times: user=0.76 sys=0.02, real=0.06 secs] 
2014-04-09T12:20:51.210+0900: 114.211: [GC (Allocation Failure) 114.211: [ParNew: 118016K->13056K(118016K), 0.0684063 secs] 7471477K->7384344K(25152768K), 0.0687814 secs] [Times: user=0.76 sys=0.02, real=0.07 secs] 
2014-04-09T12:20:51.356+0900: 114.357: [GC (Allocation Failure) 114.357: [ParNew: 118016K->13056K(118016K), 0.0692397 secs] 7489304K->7400914K(25152768K), 0.0696158 secs] [Times: user=0.78 sys=0.03, real=0.07 secs] 
2014-04-09T12:20:51.499+0900: 114.500: [GC (Allocation Failure) 114.500: [ParNew: 118016K->13056K(118016K), 0.0594859 secs] 7505874K->7415588K(25152768K), 0.0598639 secs] [Times: user=0.67 sys=0.02, real=0.06 secs] 
2014-04-09T12:20:51.635+0900: 114.636: [GC (Allocation Failure) 114.636: [ParNew: 118016K->13056K(118016K), 0.0660428 secs] 7520548K->7432665K(25152768K), 0.0663766 secs] [Times: user=0.75 sys=0.02, real=0.07 secs] 
2014-04-09T12:20:51.775+0900: 114.776: [GC (Allocation Failure) 114.776: [ParNew: 118016K->13056K(118016K), 0.0594249 secs] 7537625K->7448900K(25152768K), 0.0597640 secs] [Times: user=0.68 sys=0.01, real=0.06 secs] 
2014-04-09T12:20:51.908+0900: 114.909: [GC (Allocation Failure) 114.909: [ParNew: 118015K->13056K(118016K), 0.0739711 secs] 7553860K->7471020K(25152768K), 0.0743197 secs] [Times: user=0.84 sys=0.02, real=0.07 secs] 
2014-04-09T12:20:52.064+0900: 115.065: [GC (Allocation Failure) 115.065: [ParNew: 118016K->13056K(118016K), 0.0864517 secs] 7575980K->7499408K(25152768K), 0.0867898 secs] [Times: user=0.97 sys=0.02, real=0.09 secs] 
2014-04-09T12:20:52.244+0900: 115.245: [GC (Allocation Failure) 115.245: [ParNew: 118016K->13056K(118016K), 0.0953129 secs] 7604368K->7536155K(25152768K), 0.0956582 secs] [Times: user=1.12 sys=0.02, real=0.10 secs] 
2014-04-09T12:20:52.341+0900: 115.342: [GC (CMS Initial Mark) [1 CMS-initial-mark: 7523099K(25034752K)] 7536368K(25152768K), 0.0032071 secs] [Times: user=0.03 sys=0.00, real=0.00 secs] 
2014-04-09T12:20:52.345+0900: 115.346: [CMS-concurrent-mark-start]
2014-04-09T12:20:52.444+0900: 115.445: [GC (Allocation Failure) 115.445: [ParNew: 118016K->13056K(118016K), 0.0880924 secs] 7641115K->7558034K(25152768K), 0.0884455 secs] [Times: user=1.04 sys=0.02, real=0.09 secs] 
2014-04-09T12:20:52.627+0900: 115.628: [GC (Allocation Failure) 115.629: [ParNew: 118016K->13056K(118016K), 0.0646735 secs] 7662994K->7574623K(25152768K), 0.0650181 secs] [Times: user=0.74 sys=0.01, real=0.06 secs] 
2014-04-09T12:20:52.783+0900: 115.784: [GC (Allocation Failure) 115.784: [ParNew: 118016K->13056K(118016K), 0.0673818 secs] 7679583K->7590843K(25152768K), 0.0677300 secs] [Times: user=0.78 sys=0.01, real=0.07 secs] 
2014-04-09T12:20:52.955+0900: 115.956: [GC (Allocation Failure) 115.956: [ParNew: 118016K->13056K(118016K), 0.0676404 secs] 7695803K->7608253K(25152768K), 0.0679801 secs] [Times: user=0.75 sys=0.02, real=0.07 secs] 
2014-04-09T12:20:53.133+0900: 116.134: [GC (Allocation Failure) 116.134: [ParNew: 118016K->13056K(118016K), 0.0520073 secs] 7713213K->7622539K(25152768K), 0.0523472 secs] [Times: user=0.59 sys=0.01, real=0.05 secs] 
2014-04-09T12:20:53.284+0900: 116.285: [GC (Allocation Failure) 116.285: [ParNew: 118016K->13056K(118016K), 0.0664799 secs] 7727499K->7640118K(25152768K), 0.0668205 secs] [Times: user=0.73 sys=0.01, real=0.07 secs] 
2014-04-09T12:20:53.449+0900: 116.450: [GC (Allocation Failure) 116.450: [ParNew: 118016K->13056K(118016K), 0.0604272 secs] 7745078K->7657860K(25152768K), 0.0608105 secs] [Times: user=0.67 sys=0.02, real=0.06 secs] 
2014-04-09T12:20:53.605+0900: 116.606: [GC (Allocation Failure) 116.606: [ParNew: 118016K->13056K(118016K), 0.0638291 secs] 7762820K->7672679K(25152768K), 0.0642111 secs] [Times: user=0.72 sys=0.02, real=0.07 secs] 
2014-04-09T12:20:53.759+0900: 116.760: [GC (Allocation Failure) 116.760: [ParNew: 118016K->13056K(118016K), 0.0699711 secs] 7777639K->7688562K(25152768K), 0.0703529 secs] [Times: user=0.77 sys=0.02, real=0.07 secs] 
2014-04-09T12:20:53.932+0900: 116.934: [GC (Allocation Failure) 116.934: [ParNew: 118016K->13056K(118016K), 0.0726243 secs] 7793522K->7706857K(25152768K), 0.0730142 secs] [Times: user=0.75 sys=0.03, real=0.07 secs] 
2014-04-09T12:20:54.104+0900: 117.105: [GC (Allocation Failure) 117.105: [ParNew: 118016K->13056K(118016K), 0.0698579 secs] 7811817K->7721370K(25152768K), 0.0702451 secs] [Times: user=0.77 sys=0.02, real=0.07 secs] 
2014-04-09T12:20:54.286+0900: 117.287: [GC (Allocation Failure) 117.287: [ParNew: 118016K->13056K(118016K), 0.0688706 secs] 7826330K->7739918K(25152768K), 0.0692475 secs] [Times: user=0.71 sys=0.02, real=0.07 secs] 
2014-04-09T12:20:54.460+0900: 117.461: [GC (Allocation Failure) 117.461: [ParNew: 118016K->13056K(118016K), 0.0671640 secs] 7844878K->7755038K(25152768K), 0.0675467 secs] [Times: user=0.72 sys=0.03, real=0.07 secs] 
2014-04-09T12:20:54.628+0900: 117.629: [GC (Allocation Failure) 117.629: [ParNew: 118016K->13056K(118016K), 0.0742139 secs] 7859998K->7771074K(25152768K), 0.0746050 secs] [Times: user=0.79 sys=0.02, real=0.07 secs] 
2014-04-09T12:20:54.763+0900: 117.764: [CMS-concurrent-mark: 1.429/2.418 secs] [Times: user=25.90 sys=3.58, real=2.42 secs] 
2014-04-09T12:20:54.763+0900: 117.764: [CMS-concurrent-preclean-start]
2014-04-09T12:20:54.800+0900: 117.802: [GC (Allocation Failure) 117.802: [ParNew: 118016K->13056K(118016K), 0.0741228 secs] 7876034K->7788204K(25152768K), 0.0745217 secs] [Times: user=0.77 sys=0.03, real=0.07 secs] 
2014-04-09T12:20:54.956+0900: 117.957: [GC (Allocation Failure) 117.957: [ParNew: 118016K->13056K(118016K), 0.0747732 secs] 7893164K->7805451K(25152768K), 0.0751728 secs] [Times: user=0.77 sys=0.03, real=0.08 secs] 
2014-04-09T12:20:55.116+0900: 118.117: [GC (Allocation Failure) 118.117: [ParNew: 118016K->13056K(118016K), 0.0708720 secs] 7910411K->7821901K(25152768K), 0.0712123 secs] [Times: user=0.74 sys=0.03, real=0.07 secs] 
2014-04-09T12:20:55.267+0900: 118.268: [GC (Allocation Failure) 118.269: [ParNew: 118016K->13056K(118016K), 0.0680028 secs] 7926861K->7838878K(25152768K), 0.0683492 secs] [Times: user=0.75 sys=0.02, real=0.07 secs] 
2014-04-09T12:20:55.418+0900: 118.419: [GC (Allocation Failure) 118.419: [ParNew: 118016K->13056K(118016K), 0.0716644 secs] 7943838K->7855713K(25152768K), 0.0720571 secs] [Times: user=0.74 sys=0.03, real=0.07 secs] 
2014-04-09T12:20:55.572+0900: 118.573: [GC (Allocation Failure) 118.573: [ParNew: 118016K->13056K(118016K), 0.0701937 secs] 7960673K->7871743K(25152768K), 0.0705808 secs] [Times: user=0.74 sys=0.02, real=0.07 secs] 
2014-04-09T12:20:55.721+0900: 118.722: [GC (Allocation Failure) 118.722: [ParNew: 118016K->13056K(118016K), 0.0706258 secs] 7976703K->7887646K(25152768K), 0.0710204 secs] [Times: user=0.73 sys=0.02, real=0.07 secs] 
2014-04-09T12:20:55.873+0900: 118.875: [GC (Allocation Failure) 118.875: [ParNew: 118016K->13056K(118016K), 0.0738871 secs] 7992606K->7903963K(25152768K), 0.0742710 secs] [Times: user=0.77 sys=0.02, real=0.08 secs] 
2014-04-09T12:20:56.027+0900: 119.028: [GC (Allocation Failure) 119.028: [ParNew: 118016K->13056K(118016K), 0.0746964 secs] 8008923K->7921755K(25152768K), 0.0750344 secs] [Times: user=0.77 sys=0.03, real=0.08 secs] 
2014-04-09T12:20:56.183+0900: 119.184: [GC (Allocation Failure) 119.184: [ParNew: 118016K->13056K(118016K), 0.0703277 secs] 8026715K->7937278K(25152768K), 0.0706678 secs] [Times: user=0.74 sys=0.02, real=0.07 secs] 
2014-04-09T12:20:56.337+0900: 119.338: [GC (Allocation Failure) 119.338: [ParNew: 118016K->13056K(118016K), 0.0729324 secs] 8042238K->7954658K(25152768K), 0.0732714 secs] [Times: user=0.74 sys=0.02, real=0.08 secs] 
2014-04-09T12:20:56.493+0900: 119.494: [GC (Allocation Failure) 119.494: [ParNew: 118016K->13056K(118016K), 0.0706618 secs] 8059618K->7971934K(25152768K), 0.0710449 secs] [Times: user=0.73 sys=0.03, real=0.07 secs] 
2014-04-09T12:20:56.654+0900: 119.655: [GC (Allocation Failure) 119.656: [ParNew: 118016K->13056K(118016K), 0.0701916 secs] 8076894K->7986808K(25152768K), 0.0705725 secs] [Times: user=0.73 sys=0.02, real=0.07 secs] 
2014-04-09T12:20:56.809+0900: 119.810: [GC (Allocation Failure) 119.810: [ParNew: 118016K->13056K(118016K), 0.0620407 secs] 8091768K->8003960K(25152768K), 0.0624211 secs] [Times: user=0.60 sys=0.02, real=0.06 secs] 
2014-04-09T12:20:56.953+0900: 119.954: [GC (Allocation Failure) 119.955: [ParNew: 118016K->13056K(118016K), 0.0679246 secs] 8108920K->8022383K(25152768K), 0.0683147 secs] [Times: user=0.69 sys=0.02, real=0.07 secs] 
2014-04-09T12:20:57.113+0900: 120.114: [CMS-concurrent-preclean: 1.163/2.350 secs] [Times: user=22.84 sys=3.86, real=2.35 secs] 
2014-04-09T12:20:57.114+0900: 120.115: [GC (Allocation Failure) 120.116: [ParNew: 118016K->13056K(118016K), 0.0688631 secs] 8127343K->8039529K(25152768K), 0.0692499 secs] [Times: user=0.72 sys=0.03, real=0.07 secs] 
2014-04-09T12:20:57.185+0900: 120.186: [GC (CMS Final Remark) [YG occupancy: 13086 K (118016 K)]120.186: [Rescan (parallel) , 0.0204981 secs]120.207: [weak refs processing, 0.0022823 secs]120.209: [class unloading, 0.0417647 secs]120.251: [scrub symbol table, 0.0049556 secs]120.256: [scrub string table, 0.0014009 secs][1 CMS-remark: 8026473K(25034752K)] 8039559K(25152768K), 0.0788401 secs] [Times: user=0.31 sys=0.00, real=0.08 secs] 
2014-04-09T12:20:57.264+0900: 120.265: [CMS-concurrent-sweep-start]
2014-04-09T12:20:57.345+0900: 120.346: [GC (Allocation Failure) 120.346: [ParNew: 118016K->13056K(118016K), 0.0643477 secs] 8132650K->8043203K(25152768K), 0.0647562 secs] [Times: user=0.74 sys=0.00, real=0.07 secs] 
2014-04-09T12:20:57.494+0900: 120.496: [GC (Allocation Failure) 120.496: [ParNew: 118016K->13056K(118016K), 0.0637123 secs] 8133997K->8047528K(25152768K), 0.0640930 secs] [Times: user=0.70 sys=0.01, real=0.07 secs] 
2014-04-09T12:20:57.648+0900: 120.649: [GC (Allocation Failure) 120.649: [ParNew: 118016K->13056K(118016K), 0.0623274 secs] 8141653K->8053330K(25152768K), 0.0627165 secs] [Times: user=0.72 sys=0.01, real=0.06 secs] 
2014-04-09T12:20:57.789+0900: 120.790: [GC (Allocation Failure) 120.791: [ParNew: 118016K->13056K(118016K), 0.0527222 secs] 8151582K->8061160K(25152768K), 0.0531222 secs] [Times: user=0.55 sys=0.02, real=0.05 secs] 
2014-04-09T12:20:57.929+0900: 120.930: [GC (Allocation Failure) 120.931: [ParNew: 118016K->13056K(118016K), 0.0683107 secs] 8159248K->8072011K(25152768K), 0.0686904 secs] [Times: user=0.72 sys=0.01, real=0.07 secs] 
2014-04-09T12:20:58.080+0900: 121.081: [GC (Allocation Failure) 121.081: [ParNew: 118016K->13056K(118016K), 0.0668411 secs] 8171714K->8083367K(25152768K), 0.0672387 secs] [Times: user=0.70 sys=0.03, real=0.07 secs] 
2014-04-09T12:20:58.224+0900: 121.225: [GC (Allocation Failure) 121.226: [ParNew: 118016K->13056K(118016K), 0.0656139 secs] 8183718K->8096328K(25152768K), 0.0660035 secs] [Times: user=0.70 sys=0.02, real=0.07 secs] 
2014-04-09T12:20:58.375+0900: 121.376: [GC (Allocation Failure) 121.376: [ParNew: 118016K->13056K(118016K), 0.0630373 secs] 8192267K->8104236K(25152768K), 0.0634173 secs] [Times: user=0.67 sys=0.03, real=0.07 secs] 
2014-04-09T12:20:58.518+0900: 121.519: [GC (Allocation Failure) 121.519: [ParNew: 118016K->13056K(118016K), 0.0549143 secs] 8201530K->8112198K(25152768K), 0.0552953 secs] [Times: user=0.57 sys=0.02, real=0.05 secs] 
2014-04-09T12:20:58.652+0900: 121.653: [GC (Allocation Failure) 121.653: [ParNew: 118016K->13056K(118016K), 0.0658925 secs] 8211215K->8123239K(25152768K), 0.0662753 secs] [Times: user=0.72 sys=0.01, real=0.07 secs] 
2014-04-09T12:20:58.797+0900: 121.799: [GC (Allocation Failure) 121.799: [ParNew: 118016K->13056K(118016K), 0.0652166 secs] 8222031K->8133803K(25152768K), 0.0656005 secs] [Times: user=0.69 sys=0.02, real=0.06 secs] 
2014-04-09T12:20:58.944+0900: 121.945: [GC (Allocation Failure) 121.945: [ParNew: 118016K->13056K(118016K), 0.0641156 secs] 8232420K->8144645K(25152768K), 0.0645057 secs] [Times: user=0.67 sys=0.02, real=0.07 secs] 
2014-04-09T12:20:59.092+0900: 122.093: [GC (Allocation Failure) 122.094: [ParNew: 118016K->13056K(118016K), 0.0595841 secs] 8242109K->8154444K(25152768K), 0.0599708 secs] [Times: user=0.66 sys=0.01, real=0.06 secs] 
2014-04-09T12:20:59.238+0900: 122.239: [GC (Allocation Failure) 122.239: [ParNew: 118016K->13056K(118016K), 0.0649837 secs] 8244931K->8155358K(25152768K), 0.0653735 secs] [Times: user=0.70 sys=0.02, real=0.06 secs] 
2014-04-09T12:20:59.385+0900: 122.386: [GC (Allocation Failure) 122.387: [ParNew: 118016K->13056K(118016K), 0.0722360 secs] 8245303K->8156974K(25152768K), 0.0726196 secs] [Times: user=0.76 sys=0.01, real=0.08 secs] 
2014-04-09T12:20:59.542+0900: 122.543: [GC (Allocation Failure) 122.543: [ParNew: 118016K->13056K(118016K), 0.0664745 secs] 8239396K->8151377K(25152768K), 0.0668565 secs] [Times: user=0.72 sys=0.01, real=0.07 secs] 
2014-04-09T12:20:59.688+0900: 122.689: [GC (Allocation Failure) 122.689: [ParNew: 118016K->13056K(118016K), 0.0686130 secs] 8235425K->8146873K(25152768K), 0.0689959 secs] [Times: user=0.74 sys=0.02, real=0.06 secs] 
2014-04-09T12:20:59.834+0900: 122.835: [GC (Allocation Failure) 122.836: [ParNew: 118016K->13056K(118016K), 0.0635943 secs] 8231498K->8144343K(25152768K), 0.0639848 secs] [Times: user=0.68 sys=0.03, real=0.07 secs] 
2014-04-09T12:20:59.980+0900: 122.981: [GC (Allocation Failure) 122.981: [ParNew: 118016K->13056K(118016K), 0.0636616 secs] 8227049K->8137947K(25152768K), 0.0640473 secs] [Times: user=0.70 sys=0.02, real=0.06 secs] 
2014-04-09T12:21:00.125+0900: 123.126: [GC (Allocation Failure) 123.126: [ParNew: 118016K->13056K(118016K), 0.0630253 secs] 8220728K->8133123K(25152768K), 0.0634264 secs] [Times: user=0.69 sys=0.01, real=0.07 secs] 
2014-04-09T12:21:00.275+0900: 123.276: [GC (Allocation Failure) 123.276: [ParNew: 118016K->13056K(118016K), 0.0632394 secs] 8217269K->8128676K(25152768K), 0.0636282 secs] [Times: user=0.69 sys=0.01, real=0.07 secs] 
2014-04-09T12:21:00.437+0900: 123.438: [GC (Allocation Failure) 123.438: [ParNew: 118016K->13056K(118016K), 0.0586815 secs] 8215249K->8126230K(25152768K), 0.0590726 secs] [Times: user=0.59 sys=0.03, real=0.06 secs] 
2014-04-09T12:21:00.574+0900: 123.576: [GC (Allocation Failure) 123.576: [ParNew: 118016K->13056K(118016K), 0.0659027 secs] 8222698K->8135842K(25152768K), 0.0662449 secs] [Times: user=0.70 sys=0.02, real=0.07 secs] 
2014-04-09T12:21:00.719+0900: 123.720: [GC (Allocation Failure) 123.720: [ParNew: 118016K->13055K(118016K), 0.0645279 secs] 8232322K->8144038K(25152768K), 0.0648697 secs] [Times: user=0.69 sys=0.02, real=0.06 secs] 
2014-04-09T12:21:00.865+0900: 123.866: [GC (Allocation Failure) 123.866: [ParNew: 118015K->13056K(118016K), 0.0753318 secs] 8242561K->8152245K(25152768K), 0.0756735 secs] [Times: user=0.68 sys=0.02, real=0.08 secs] 
2014-04-09T12:21:01.021+0900: 124.022: [GC (Allocation Failure) 124.023: [ParNew: 118016K->13056K(118016K), 0.0727018 secs] 8252245K->8164414K(25152768K), 0.0730524 secs] [Times: user=0.76 sys=0.01, real=0.07 secs] 
2014-04-09T12:21:01.174+0900: 124.175: [GC (Allocation Failure) 124.175: [ParNew: 118016K->13056K(118016K), 0.0670151 secs] 8249219K->8161609K(25152768K), 0.0673565 secs] [Times: user=0.73 sys=0.02, real=0.07 secs] 
2014-04-09T12:21:01.323+0900: 124.324: [GC (Allocation Failure) 124.324: [ParNew: 118016K->13056K(118016K), 0.0708709 secs] 8263031K->8174903K(25152768K), 0.0712176 secs] [Times: user=0.73 sys=0.02, real=0.07 secs] 
2014-04-09T12:21:01.479+0900: 124.480: [GC (Allocation Failure) 124.480: [ParNew: 118016K->13056K(118016K), 0.0640250 secs] 8276252K->8188785K(25152768K), 0.0643637 secs] [Times: user=0.66 sys=0.03, real=0.06 secs] 
2014-04-09T12:21:01.625+0900: 124.626: [GC (Allocation Failure) 124.626: [ParNew: 118016K->13056K(118016K), 0.0632836 secs] 8290793K->8202250K(25152768K), 0.0636263 secs] [Times: user=0.66 sys=0.02, real=0.07 secs] 
2014-04-09T12:21:01.769+0900: 124.770: [GC (Allocation Failure) 124.771: [ParNew: 118016K->13056K(118016K), 0.0700113 secs] 8306346K->8218192K(25152768K), 0.0703584 secs] [Times: user=0.72 sys=0.03, real=0.07 secs] 
2014-04-09T12:21:01.935+0900: 124.936: [GC (Allocation Failure) 124.936: [ParNew: 118016K->13056K(118016K), 0.0572236 secs] 8321961K->8232053K(25152768K), 0.0575697 secs] [Times: user=0.55 sys=0.02, real=0.06 secs] 
2014-04-09T12:21:02.072+0900: 125.073: [GC (Allocation Failure) 125.073: [ParNew: 118016K->13056K(118016K), 0.0719376 secs] 8336549K->8249276K(25152768K), 0.0722852 secs] [Times: user=0.75 sys=0.02, real=0.07 secs] 
2014-04-09T12:21:02.223+0900: 125.225: [GC (Allocation Failure) 125.225: [ParNew: 118016K->13056K(118016K), 0.0537344 secs] 8244782K->8157809K(25152768K), 0.0540819 secs] [Times: user=0.64 sys=0.01, real=0.05 secs] 
2014-04-09T12:21:02.336+0900: 125.337: [CMS-concurrent-sweep: 2.808/5.071 secs] [Times: user=49.69 sys=8.53, real=5.07 secs] 
2014-04-09T12:21:02.336+0900: 125.337: [CMS-concurrent-reset-start]
2014-04-09T12:21:02.359+0900: 125.360: [GC (Allocation Failure) 125.360: [ParNew: 118016K->13056K(118016K), 0.0481972 secs] 8217430K->8128846K(25152768K), 0.0485369 secs] [Times: user=0.58 sys=0.00, real=0.04 secs] 
2014-04-09T12:21:02.469+0900: 125.470: [CMS-concurrent-reset: 0.083/0.133 secs] [Times: user=1.39 sys=0.23, real=0.14 secs] 
2014-04-09T12:21:02.490+0900: 125.491: [GC (Allocation Failure) 125.491: [ParNew: 118016K->13056K(118016K), 0.0474971 secs] 8233806K->8145324K(25152768K), 0.0478364 secs] [Times: user=0.56 sys=0.00, real=0.04 secs] 
2014-04-09T12:21:02.539+0900: 125.540: [GC (CMS Initial Mark) [1 CMS-initial-mark: 8132268K(25034752K)] 8145466K(25152768K), 0.0020168 secs] [Times: user=0.02 sys=0.00, real=0.00 secs] 
2014-04-09T12:21:02.541+0900: 125.543: [CMS-concurrent-mark-start]
2014-04-09T12:21:02.654+0900: 125.655: [GC (Allocation Failure) 125.655: [ParNew: 118016K->13056K(118016K), 0.0623598 secs] 8250284K->8161832K(25152768K), 0.0627074 secs] [Times: user=0.74 sys=0.01, real=0.06 secs] 
2014-04-09T12:21:02.805+0900: 125.806: [GC (Allocation Failure) 125.806: [ParNew: 118016K->13056K(118016K), 0.0649990 secs] 8266792K->8179318K(25152768K), 0.0653374 secs] [Times: user=0.71 sys=0.02, real=0.07 secs] 
2014-04-09T12:21:02.968+0900: 125.969: [GC (Allocation Failure) 125.969: [ParNew: 118016K->13056K(118016K), 0.0509223 secs] 8284278K->8193861K(25152768K), 0.0512614 secs] [Times: user=0.57 sys=0.01, real=0.06 secs] 
2014-04-09T12:21:03.118+0900: 126.119: [GC (Allocation Failure) 126.119: [ParNew: 118016K->13056K(118016K), 0.0651703 secs] 8298821K->8209830K(25152768K), 0.0655508 secs] [Times: user=0.73 sys=0.02, real=0.07 secs] 
2014-04-09T12:21:03.290+0900: 126.292: [GC (Allocation Failure) 126.292: [ParNew: 118016K->13056K(118016K), 0.0534575 secs] 8314790K->8225521K(25152768K), 0.0538380 secs] [Times: user=0.55 sys=0.02, real=0.05 secs] 
2014-04-09T12:21:03.444+0900: 126.446: [GC (Allocation Failure) 126.446: [ParNew: 118016K->13056K(118016K), 0.0662306 secs] 8330481K->8243107K(25152768K), 0.0666228 secs] [Times: user=0.73 sys=0.02, real=0.07 secs] 
2014-04-09T12:21:03.614+0900: 126.615: [GC (Allocation Failure) 126.615: [ParNew: 118016K->13056K(118016K), 0.0519013 secs] 8348067K->8258417K(25152768K), 0.0522825 secs] [Times: user=0.54 sys=0.02, real=0.05 secs] 
2014-04-09T12:21:03.785+0900: 126.787: [GC (Allocation Failure) 126.787: [ParNew: 118016K->13056K(118016K), 0.0543079 secs] 8363377K->8274937K(25152768K), 0.0546857 secs] [Times: user=0.60 sys=0.02, real=0.06 secs] 
2014-04-09T12:21:03.935+0900: 126.936: [GC (Allocation Failure) 126.937: [ParNew: 118016K->13056K(118016K), 0.0690911 secs] 8379897K->8290305K(25152768K), 0.0694822 secs] [Times: user=0.77 sys=0.01, real=0.07 secs] 
2014-04-09T12:21:04.104+0900: 127.106: [GC (Allocation Failure) 127.106: [ParNew: 118016K->13056K(118016K), 0.0607299 secs] 8395265K->8307392K(25152768K), 0.0611255 secs] [Times: user=0.59 sys=0.03, real=0.06 secs] 
2014-04-09T12:21:04.273+0900: 127.274: [GC (Allocation Failure) 127.274: [ParNew: 118016K->13056K(118016K), 0.0575051 secs] 8412352K->8323697K(25152768K), 0.0578838 secs] [Times: user=0.57 sys=0.02, real=0.06 secs] 
2014-04-09T12:21:04.435+0900: 127.436: [GC (Allocation Failure) 127.437: [ParNew: 118016K->13056K(118016K), 0.0578110 secs] 8428657K->8338628K(25152768K), 0.0582029 secs] [Times: user=0.59 sys=0.02, real=0.06 secs] 
2014-04-09T12:21:04.604+0900: 127.605: [GC (Allocation Failure) 127.605: [ParNew: 118016K->13056K(118016K), 0.0599637 secs] 8443588K->8354971K(25152768K), 0.0603471 secs] [Times: user=0.60 sys=0.02, real=0.06 secs] 
2014-04-09T12:21:04.775+0900: 127.777: [GC (Allocation Failure) 127.777: [ParNew: 118016K->13056K(118016K), 0.0724442 secs] 8459931K->8372851K(25152768K), 0.0727805 secs] [Times: user=0.75 sys=0.03, real=0.07 secs] 
2014-04-09T12:21:04.949+0900: 127.951: [GC (Allocation Failure) 127.951: [ParNew: 118016K->13056K(118016K), 0.0713098 secs] 8477811K->8387320K(25152768K), 0.0716455 secs] [Times: user=0.75 sys=0.02, real=0.07 secs] 
2014-04-09T12:21:05.117+0900: 128.118: [GC (Allocation Failure) 128.119: [ParNew: 118016K->13056K(118016K), 0.0681899 secs] 8492280K->8404835K(25152768K), 0.0685361 secs] [Times: user=0.65 sys=0.03, real=0.07 secs] 
2014-04-09T12:21:05.205+0900: 128.206: [CMS-concurrent-mark: 1.646/2.663 secs] [Times: user=27.36 sys=4.08, real=2.66 secs] 
2014-04-09T12:21:05.205+0900: 128.206: [CMS-concurrent-preclean-start]
2014-04-09T12:21:05.278+0900: 128.279: [GC (Allocation Failure) 128.279: [ParNew: 118016K->13056K(118016K), 0.0737083 secs] 8509795K->8421601K(25152768K), 0.0740516 secs] [Times: user=0.71 sys=0.02, real=0.08 secs] 
2014-04-09T12:21:05.433+0900: 128.434: [GC (Allocation Failure) 128.434: [ParNew: 118015K->13056K(118016K), 0.0722384 secs] 8526561K->8436177K(25152768K), 0.0725936 secs] [Times: user=0.76 sys=0.03, real=0.07 secs] 
2014-04-09T12:21:05.587+0900: 128.588: [GC (Allocation Failure) 128.589: [ParNew: 118016K->13056K(118016K), 0.0705574 secs] 8541137K->8453090K(25152768K), 0.0708971 secs] [Times: user=0.75 sys=0.02, real=0.07 secs] 
2014-04-09T12:21:05.739+0900: 128.740: [GC (Allocation Failure) 128.740: [ParNew: 118016K->13056K(118016K), 0.0729410 secs] 8558050K->8470849K(25152768K), 0.0732803 secs] [Times: user=0.75 sys=0.02, real=0.07 secs] 
2014-04-09T12:21:05.900+0900: 128.901: [GC (Allocation Failure) 128.901: [ParNew: 118016K->13056K(118016K), 0.0578256 secs] 8575809K->8486183K(25152768K), 0.0581651 secs] [Times: user=0.60 sys=0.02, real=0.05 secs] 
2014-04-09T12:21:06.040+0900: 129.041: [GC (Allocation Failure) 129.041: [ParNew: 118015K->13056K(118016K), 0.0743146 secs] 8591143K->8502467K(25152768K), 0.0747019 secs] [Times: user=0.78 sys=0.02, real=0.07 secs] 
2014-04-09T12:21:06.200+0900: 129.201: [GC (Allocation Failure) 129.201: [ParNew: 118016K->13056K(118016K), 0.0740795 secs] 8607427K->8519679K(25152768K), 0.0744621 secs] [Times: user=0.80 sys=0.03, real=0.07 secs] 
2014-04-09T12:21:06.356+0900: 129.358: [GC (Allocation Failure) 129.358: [ParNew: 118016K->13056K(118016K), 0.0602667 secs] 8624639K->8536246K(25152768K), 0.0606556 secs] [Times: user=0.61 sys=0.03, real=0.06 secs] 
2014-04-09T12:21:06.504+0900: 129.505: [GC (Allocation Failure) 129.505: [ParNew: 118016K->13056K(118016K), 0.0719857 secs] 8641206K->8551497K(25152768K), 0.0723738 secs] [Times: user=0.77 sys=0.01, real=0.07 secs] 
2014-04-09T12:21:06.660+0900: 129.661: [GC (Allocation Failure) 129.662: [ParNew: 118016K->13056K(118016K), 0.0589640 secs] 8656457K->8568530K(25152768K), 0.0593601 secs] [Times: user=0.56 sys=0.03, real=0.06 secs] 
2014-04-09T12:21:06.807+0900: 129.808: [GC (Allocation Failure) 129.808: [ParNew: 118016K->13056K(118016K), 0.0730211 secs] 8673490K->8585296K(25152768K), 0.0734056 secs] [Times: user=0.78 sys=0.02, real=0.08 secs] 
2014-04-09T12:21:06.964+0900: 129.965: [GC (Allocation Failure) 129.966: [ParNew: 118016K->13056K(118016K), 0.0672644 secs] 8690256K->8601274K(25152768K), 0.0676539 secs] [Times: user=0.72 sys=0.02, real=0.07 secs] 
2014-04-09T12:21:07.142+0900: 130.143: [CMS-concurrent-preclean: 0.993/1.937 secs] [Times: user=18.63 sys=3.22, real=1.94 secs] 
2014-04-09T12:21:07.143+0900: 130.144: [GC (Allocation Failure) 130.144: [ParNew: 118016K->13056K(118016K), 0.0557676 secs] 8706234K->8617256K(25152768K), 0.0561400 secs] [Times: user=0.55 sys=0.02, real=0.06 secs] 
2014-04-09T12:21:07.201+0900: 130.202: [GC (CMS Final Remark) [YG occupancy: 13073 K (118016 K)]130.202: [Rescan (parallel) , 0.0199274 secs]130.222: [weak refs processing, 0.0011310 secs]130.223: [class unloading, 0.0418895 secs]130.265: [scrub symbol table, 0.0048257 secs]130.270: [scrub string table, 0.0013995 secs][1 CMS-remark: 8604200K(25034752K)] 8617273K(25152768K), 0.0766409 secs] [Times: user=0.30 sys=0.00, real=0.07 secs] 
2014-04-09T12:21:07.281+0900: 130.282: [CMS-concurrent-sweep-start]
2014-04-09T12:21:07.359+0900: 130.360: [GC (Allocation Failure) 130.360: [ParNew: 118016K->13056K(118016K), 0.0550803 secs] 8715720K->8627187K(25152768K), 0.0554745 secs] [Times: user=0.59 sys=0.02, real=0.05 secs] 
2014-04-09T12:21:07.501+0900: 130.502: [GC (Allocation Failure) 130.502: [ParNew: 118016K->13056K(118016K), 0.0579530 secs] 8721045K->8632269K(25152768K), 0.0583342 secs] [Times: user=0.56 sys=0.02, real=0.06 secs] 
2014-04-09T12:21:07.644+0900: 130.645: [GC (Allocation Failure) 130.645: [ParNew: 118016K->13056K(118016K), 0.0660445 secs] 8729089K->8640550K(25152768K), 0.0664282 secs] [Times: user=0.71 sys=0.01, real=0.07 secs] 
2014-04-09T12:21:07.800+0900: 130.801: [GC (Allocation Failure) 130.802: [ParNew: 118016K->13056K(118016K), 0.0630197 secs] 8740303K->8652767K(25152768K), 0.0634040 secs] [Times: user=0.69 sys=0.02, real=0.06 secs] 
2014-04-09T12:21:07.946+0900: 130.947: [GC (Allocation Failure) 130.947: [ParNew: 118016K->13056K(118016K), 0.0704983 secs] 8754058K->8666001K(25152768K), 0.0709001 secs] [Times: user=0.77 sys=0.02, real=0.07 secs] 
2014-04-09T12:21:08.100+0900: 131.101: [GC (Allocation Failure) 131.101: [ParNew: 118016K->13056K(118016K), 0.0536716 secs] 8768967K->8679724K(25152768K), 0.0540557 secs] [Times: user=0.56 sys=0.01, real=0.05 secs] 
2014-04-09T12:21:08.233+0900: 131.234: [GC (Allocation Failure) 131.235: [ParNew: 118016K->13056K(118016K), 0.0636013 secs] 8781683K->8693998K(25152768K), 0.0639956 secs] [Times: user=0.72 sys=0.01, real=0.06 secs] 
2014-04-09T12:21:08.376+0900: 131.377: [GC (Allocation Failure) 131.377: [ParNew: 118016K->13056K(118016K), 0.0651953 secs] 8796222K->8708141K(25152768K), 0.0655803 secs] [Times: user=0.72 sys=0.02, real=0.07 secs] 
2014-04-09T12:21:08.521+0900: 131.522: [GC (Allocation Failure) 131.522: [ParNew: 118016K->13056K(118016K), 0.0648162 secs] 8811276K->8721813K(25152768K), 0.0651987 secs] [Times: user=0.73 sys=0.02, real=0.06 secs] 
2014-04-09T12:21:08.666+0900: 131.667: [GC (Allocation Failure) 131.667: [ParNew: 118016K->13056K(118016K), 0.0594011 secs] 8825539K->8737060K(25152768K), 0.0597482 secs] [Times: user=0.64 sys=0.02, real=0.06 secs] 
2014-04-09T12:21:08.809+0900: 131.810: [GC (Allocation Failure) 131.810: [ParNew: 118016K->13056K(118016K), 0.0564782 secs] 8841137K->8753455K(25152768K), 0.0568239 secs] [Times: user=0.56 sys=0.01, real=0.06 secs] 
2014-04-09T12:21:08.952+0900: 131.953: [GC (Allocation Failure) 131.953: [ParNew: 118016K->13056K(118016K), 0.0597432 secs] 8857337K->8768243K(25152768K), 0.0600815 secs] [Times: user=0.59 sys=0.03, real=0.06 secs] 
2014-04-09T12:21:09.091+0900: 132.092: [GC (Allocation Failure) 132.092: [ParNew: 117955K->13056K(118016K), 0.0721813 secs] 8872217K->8785143K(25152768K), 0.0725287 secs] [Times: user=0.69 sys=0.03, real=0.07 secs] 
2014-04-09T12:21:09.245+0900: 132.246: [GC (Allocation Failure) 132.246: [ParNew: 118016K->13056K(118016K), 0.0560070 secs] 8889368K->8801054K(25152768K), 0.0563486 secs] [Times: user=0.58 sys=0.02, real=0.06 secs] 
2014-04-09T12:21:09.380+0900: 132.381: [GC (Allocation Failure) 132.382: [ParNew: 118016K->13056K(118016K), 0.0688927 secs] 8903401K->8816817K(25152768K), 0.0692485 secs] [Times: user=0.74 sys=0.01, real=0.07 secs] 
2014-04-09T12:21:09.535+0900: 132.536: [GC (Allocation Failure) 132.536: [ParNew: 118016K->13056K(118016K), 0.0537350 secs] 8916945K->8826266K(25152768K), 0.0540748 secs] [Times: user=0.56 sys=0.03, real=0.05 secs] 
2014-04-09T12:21:09.673+0900: 132.674: [GC (Allocation Failure) 132.674: [ParNew: 118016K->13056K(118016K), 0.0551849 secs] 8925090K->8837195K(25152768K), 0.0555217 secs] [Times: user=0.56 sys=0.02, real=0.05 secs] 
2014-04-09T12:21:09.813+0900: 132.814: [GC (Allocation Failure) 132.814: [ParNew: 118016K->13056K(118016K), 0.0686886 secs] 8934347K->8847010K(25152768K), 0.0690246 secs] [Times: user=0.77 sys=0.01, real=0.07 secs] 
2014-04-09T12:21:09.961+0900: 132.962: [GC (Allocation Failure) 132.963: [ParNew: 118016K->13056K(118016K), 0.0544809 secs] 8942742K->8854503K(25152768K), 0.0548254 secs] [Times: user=0.55 sys=0.02, real=0.05 secs] 
2014-04-09T12:21:10.099+0900: 133.100: [GC (Allocation Failure) 133.100: [ParNew: 118016K->13056K(118016K), 0.0646109 secs] 8937252K->8849246K(25152768K), 0.0649534 secs] [Times: user=0.73 sys=0.01, real=0.07 secs] 
2014-04-09T12:21:10.244+0900: 133.245: [GC (Allocation Failure) 133.245: [ParNew: 118016K->13056K(118016K), 0.0657593 secs] 8929344K->8842293K(25152768K), 0.0660993 secs] [Times: user=0.74 sys=0.02, real=0.07 secs] 
2014-04-09T12:21:10.385+0900: 133.386: [GC (Allocation Failure) 133.386: [ParNew: 118016K->13056K(118016K), 0.0665323 secs] 8927046K->8838870K(25152768K), 0.0668722 secs] [Times: user=0.77 sys=0.01, real=0.07 secs] 
2014-04-09T12:21:10.534+0900: 133.535: [GC (Allocation Failure) 133.535: [ParNew: 118016K->13056K(118016K), 0.0534815 secs] 8919699K->8829675K(25152768K), 0.0538274 secs] [Times: user=0.55 sys=0.01, real=0.05 secs] 
2014-04-09T12:21:10.678+0900: 133.680: [GC (Allocation Failure) 133.680: [ParNew: 117897K->13056K(118016K), 0.0721306 secs] 8905107K->8818697K(25152768K), 0.0725811 secs] [Times: user=0.78 sys=0.02, real=0.08 secs] 
2014-04-09T12:21:10.835+0900: 133.836: [GC (Allocation Failure) 133.836: [ParNew: 118016K->13056K(118016K), 0.0668946 secs] 8901428K->8812401K(25152768K), 0.0672316 secs] [Times: user=0.74 sys=0.03, real=0.07 secs] 
2014-04-09T12:21:10.982+0900: 133.983: [GC (Allocation Failure) 133.984: [ParNew: 118016K->13056K(118016K), 0.0674917 secs] 8904244K->8815839K(25152768K), 0.0678774 secs] [Times: user=0.75 sys=0.02, real=0.07 secs] 
2014-04-09T12:21:11.130+0900: 134.131: [GC (Allocation Failure) 134.132: [ParNew: 118016K->13056K(118016K), 0.0559338 secs] 8908864K->8819781K(25152768K), 0.0563282 secs] [Times: user=0.54 sys=0.02, real=0.05 secs] 
2014-04-09T12:21:11.267+0900: 134.268: [GC (Allocation Failure) 134.268: [ParNew: 118016K->13056K(118016K), 0.0586157 secs] 8912005K->8824340K(25152768K), 0.0589536 secs] [Times: user=0.62 sys=0.02, real=0.06 secs] 
2014-04-09T12:21:11.414+0900: 134.415: [GC (Allocation Failure) 134.416: [ParNew: 118016K->13056K(118016K), 0.0559420 secs] 8919821K->8831426K(25152768K), 0.0562859 secs] [Times: user=0.54 sys=0.02, real=0.06 secs] 
2014-04-09T12:21:11.548+0900: 134.549: [GC (Allocation Failure) 134.549: [ParNew: 117816K->13056K(118016K), 0.0608218 secs] 8918761K->8831928K(25152768K), 0.0611585 secs] [Times: user=0.69 sys=0.01, real=0.06 secs] 
2014-04-09T12:21:11.692+0900: 134.694: [GC (Allocation Failure) 134.694: [ParNew: 118016K->13056K(118016K), 0.0460531 secs] 8916046K->8825393K(25152768K), 0.0463882 secs] [Times: user=0.52 sys=0.00, real=0.04 secs] 
2014-04-09T12:21:11.824+0900: 134.825: [GC (Allocation Failure) 134.825: [ParNew: 118016K->13056K(118016K), 0.0485867 secs] 8910093K->8822057K(25152768K), 0.0489222 secs] [Times: user=0.54 sys=0.01, real=0.05 secs] 
2014-04-09T12:21:11.954+0900: 134.955: [GC (Allocation Failure) 134.955: [ParNew: 118016K->13056K(118016K), 0.0645852 secs] 8916284K->8830449K(25152768K), 0.0649228 secs] [Times: user=0.72 sys=0.02, real=0.06 secs] 
2014-04-09T12:21:12.100+0900: 135.101: [GC (Allocation Failure) 135.101: [ParNew: 118016K->13056K(118016K), 0.0594733 secs] 8827358K->8739424K(25152768K), 0.0598191 secs] [Times: user=0.71 sys=0.00, real=0.06 secs] 
2014-04-09T12:21:12.172+0900: 135.173: [CMS-concurrent-sweep: 2.755/4.891 secs] [Times: user=47.97 sys=8.48, real=4.89 secs] 
2014-04-09T12:21:12.172+0900: 135.173: [CMS-concurrent-reset-start]
2014-04-09T12:21:12.242+0900: 135.243: [GC (Allocation Failure) 135.243: [ParNew: 118016K->13056K(118016K), 0.0451891 secs] 8844384K->8754190K(25152768K), 0.0455293 secs] [Times: user=0.53 sys=0.00, real=0.04 secs] 
2014-04-09T12:21:12.301+0900: 135.302: [CMS-concurrent-reset: 0.082/0.129 secs] [Times: user=1.36 sys=0.24, real=0.13 secs] 
2014-04-09T12:21:12.366+0900: 135.368: [GC (Allocation Failure) 135.368: [ParNew: 118016K->13056K(118016K), 0.0615826 secs] 8859150K->8771922K(25152768K), 0.0619279 secs] [Times: user=0.69 sys=0.02, real=0.06 secs] 
2014-04-09T12:21:12.430+0900: 135.431: [GC (CMS Initial Mark) [1 CMS-initial-mark: 8758866K(25034752K)] 8771972K(25152768K), 0.0021060 secs] [Times: user=0.01 sys=0.00, real=0.00 secs] 
2014-04-09T12:21:12.432+0900: 135.433: [CMS-concurrent-mark-start]
2014-04-09T12:21:12.544+0900: 135.546: [GC (Allocation Failure) 135.546: [ParNew: 118016K->13056K(118016K), 0.0636758 secs] 8876882K->8788578K(25152768K), 0.0640105 secs] [Times: user=0.72 sys=0.02, real=0.06 secs] 
2014-04-09T12:21:12.712+0900: 135.713: [GC (Allocation Failure) 135.713: [ParNew: 118016K->13056K(118016K), 0.0506154 secs] 8893538K->8803683K(25152768K), 0.0509495 secs] [Times: user=0.53 sys=0.01, real=0.05 secs] 
2014-04-09T12:21:12.854+0900: 135.855: [GC (Allocation Failure) 135.855: [ParNew: 118016K->13056K(118016K), 0.0516616 secs] 8908643K->8820823K(25152768K), 0.0519957 secs] [Times: user=0.56 sys=0.00, real=0.05 secs] 
2014-04-09T12:21:13.003+0900: 136.004: [GC (Allocation Failure) 136.005: [ParNew: 118016K->13056K(118016K), 0.0639826 secs] 8925783K->8839012K(25152768K), 0.0643268 secs] [Times: user=0.70 sys=0.02, real=0.06 secs] 
2014-04-09T12:21:13.166+0900: 136.167: [GC (Allocation Failure) 136.167: [ParNew: 118016K->13056K(118016K), 0.0655769 secs] 8943972K->8853729K(25152768K), 0.0659210 secs] [Times: user=0.74 sys=0.02, real=0.07 secs] 
2014-04-09T12:21:13.331+0900: 136.332: [GC (Allocation Failure) 136.333: [ParNew: 118016K->13056K(118016K), 0.0634396 secs] 8958689K->8870239K(25152768K), 0.0637842 secs] [Times: user=0.69 sys=0.02, real=0.06 secs] 
2014-04-09T12:21:13.494+0900: 136.495: [GC (Allocation Failure) 136.496: [ParNew: 118016K->13056K(118016K), 0.0696896 secs] 8975199K->8886893K(25152768K), 0.0700434 secs] [Times: user=0.73 sys=0.03, real=0.07 secs] 
2014-04-09T12:21:13.661+0900: 136.662: [GC (Allocation Failure) 136.662: [ParNew: 118016K->13056K(118016K), 0.0555172 secs] 8991853K->8903109K(25152768K), 0.0558655 secs] [Times: user=0.56 sys=0.02, real=0.05 secs] 
2014-04-09T12:21:13.821+0900: 136.822: [GC (Allocation Failure) 136.823: [ParNew: 118016K->13056K(118016K), 0.0562437 secs] 9008069K->8919362K(25152768K), 0.0565814 secs] [Times: user=0.54 sys=0.02, real=0.05 secs] 
2014-04-09T12:21:13.981+0900: 136.982: [GC (Allocation Failure) 136.982: [ParNew: 118016K->13056K(118016K), 0.0588718 secs] 9024322K->8933928K(25152768K), 0.0592098 secs] [Times: user=0.62 sys=0.02, real=0.06 secs] 
2014-04-09T12:21:14.144+0900: 137.145: [GC (Allocation Failure) 137.145: [ParNew: 118016K->13056K(118016K), 0.0558893 secs] 9038888K->8944568K(25152768K), 0.0562274 secs] [Times: user=0.62 sys=0.01, real=0.06 secs] 
2014-04-09T12:21:14.308+0900: 137.309: [GC (Allocation Failure) 137.309: [ParNew: 118016K->13056K(118016K), 0.0573115 secs] 9049528K->8956279K(25152768K), 0.0576550 secs] [Times: user=0.57 sys=0.03, real=0.06 secs] 
2014-04-09T12:21:14.471+0900: 137.472: [GC (Allocation Failure) 137.473: [ParNew: 118016K->13056K(118016K), 0.0570917 secs] 9061239K->8969128K(25152768K), 0.0574336 secs] [Times: user=0.57 sys=0.03, real=0.05 secs] 
2014-04-09T12:21:14.639+0900: 137.640: [GC (Allocation Failure) 137.640: [ParNew: 118016K->13056K(118016K), 0.0581307 secs] 9074088K->8981998K(25152768K), 0.0584668 secs] [Times: user=0.59 sys=0.02, real=0.06 secs] 
2014-04-09T12:21:14.810+0900: 137.811: [GC (Allocation Failure) 137.811: [ParNew: 118015K->13056K(118016K), 0.0552871 secs] 9086958K->8992878K(25152768K), 0.0556237 secs] [Times: user=0.59 sys=0.03, real=0.06 secs] 
2014-04-09T12:21:14.992+0900: 137.993: [GC (Allocation Failure) 137.994: [ParNew: 118016K->13056K(118016K), 0.0541669 secs] 9097838K->9005107K(25152768K), 0.0545539 secs] [Times: user=0.57 sys=0.02, real=0.05 secs] 
2014-04-09T12:21:15.159+0900: 138.160: [CMS-concurrent-mark: 1.761/2.727 secs] [Times: user=28.48 sys=4.46, real=2.72 secs] 
2014-04-09T12:21:15.159+0900: 138.160: [CMS-concurrent-preclean-start]
2014-04-09T12:21:15.162+0900: 138.163: [GC (Allocation Failure) 138.163: [ParNew: 118016K->13056K(118016K), 0.0581123 secs] 9110067K->9017274K(25152768K), 0.0584898 secs] [Times: user=0.60 sys=0.02, real=0.06 secs] 
2014-04-09T12:21:15.312+0900: 138.313: [GC (Allocation Failure) 138.313: [ParNew: 118016K->13056K(118016K), 0.0576378 secs] 9122234K->9029468K(25152768K), 0.0580203 secs] [Times: user=0.58 sys=0.02, real=0.05 secs] 
2014-04-09T12:21:15.459+0900: 138.460: [GC (Allocation Failure) 138.460: [ParNew: 118016K->13056K(118016K), 0.0558262 secs] 9134428K->9041502K(25152768K), 0.0562094 secs] [Times: user=0.61 sys=0.03, real=0.06 secs] 
2014-04-09T12:21:15.611+0900: 138.612: [GC (Allocation Failure) 138.612: [ParNew: 118016K->13056K(118016K), 0.0608760 secs] 9146462K->9053280K(25152768K), 0.0612194 secs] [Times: user=0.65 sys=0.01, real=0.06 secs] 
2014-04-09T12:21:15.763+0900: 138.764: [GC (Allocation Failure) 138.765: [ParNew: 118016K->13056K(118016K), 0.0567142 secs] 9158240K->9064992K(25152768K), 0.0570526 secs] [Times: user=0.59 sys=0.02, real=0.06 secs] 
2014-04-09T12:21:15.913+0900: 138.915: [GC (Allocation Failure) 138.915: [ParNew: 118016K->13056K(118016K), 0.0573561 secs] 9169952K->9077499K(25152768K), 0.0576919 secs] [Times: user=0.57 sys=0.02, real=0.06 secs] 
2014-04-09T12:21:16.061+0900: 139.062: [GC (Allocation Failure) 139.062: [ParNew: 118016K->13056K(118016K), 0.0561331 secs] 9182459K->9090002K(25152768K), 0.0565241 secs] [Times: user=0.61 sys=0.02, real=0.05 secs] 
2014-04-09T12:21:16.209+0900: 139.210: [GC (Allocation Failure) 139.210: [ParNew: 118016K->13056K(118016K), 0.0595780 secs] 9194962K->9102146K(25152768K), 0.0599572 secs] [Times: user=0.61 sys=0.02, real=0.06 secs] 
2014-04-09T12:21:16.357+0900: 139.358: [GC (Allocation Failure) 139.358: [ParNew: 118016K->13056K(118016K), 0.0564249 secs] 9207106K->9114392K(25152768K), 0.0568082 secs] [Times: user=0.58 sys=0.02, real=0.06 secs] 
2014-04-09T12:21:16.504+0900: 139.505: [GC (Allocation Failure) 139.505: [ParNew: 118016K->13056K(118016K), 0.0548264 secs] 9219352K->9126645K(25152768K), 0.0552100 secs] [Times: user=0.59 sys=0.02, real=0.05 secs] 
2014-04-09T12:21:16.675+0900: 139.676: [CMS-concurrent-preclean: 0.847/1.516 secs] [Times: user=14.36 sys=2.74, real=1.52 secs] 
2014-04-09T12:21:16.677+0900: 139.678: [GC (Allocation Failure) 139.678: [ParNew: 118016K->13056K(118016K), 0.0545373 secs] 9231605K->9139220K(25152768K), 0.0549061 secs] [Times: user=0.56 sys=0.01, real=0.06 secs] 
2014-04-09T12:21:16.733+0900: 139.734: [GC (CMS Final Remark) [YG occupancy: 13084 K (118016 K)]139.734: [Rescan (parallel) , 0.0191863 secs]139.753: [weak refs processing, 0.0009713 secs]139.754: [class unloading, 0.0418330 secs]139.796: [scrub symbol table, 0.0048418 secs]139.801: [scrub string table, 0.0014048 secs][1 CMS-remark: 9126164K(25034752K)] 9139248K(25152768K), 0.0755235 secs] [Times: user=0.30 sys=0.00, real=0.07 secs] 
2014-04-09T12:21:16.809+0900: 139.810: [CMS-concurrent-sweep-start]
2014-04-09T12:21:16.898+0900: 139.900: [GC (Allocation Failure) 139.900: [ParNew: 118016K->13056K(118016K), 0.0557174 secs] 9237893K->9144496K(25152768K), 0.0561078 secs] [Times: user=0.61 sys=0.01, real=0.06 secs] 
2014-04-09T12:21:17.044+0900: 140.045: [GC (Allocation Failure) 140.046: [ParNew: 118016K->13056K(118016K), 0.0578804 secs] 9240227K->9148746K(25152768K), 0.0582769 secs] [Times: user=0.61 sys=0.01, real=0.06 secs] 
2014-04-09T12:21:17.192+0900: 140.193: [GC (Allocation Failure) 140.193: [ParNew: 118016K->13056K(118016K), 0.0549368 secs] 9245205K->9152182K(25152768K), 0.0553185 secs] [Times: user=0.57 sys=0.01, real=0.05 secs] 
2014-04-09T12:21:17.341+0900: 140.343: [GC (Allocation Failure) 140.343: [ParNew: 118016K->13056K(118016K), 0.0517749 secs] 9244370K->9150615K(25152768K), 0.0521189 secs] [Times: user=0.59 sys=0.01, real=0.05 secs] 
2014-04-09T12:21:17.480+0900: 140.482: [GC (Allocation Failure) 140.482: [ParNew: 118016K->13056K(118016K), 0.0502913 secs] 9245274K->9152531K(25152768K), 0.0506356 secs] [Times: user=0.53 sys=0.02, real=0.06 secs] 
2014-04-09T12:21:17.618+0900: 140.619: [GC (Allocation Failure) 140.620: [ParNew: 118016K->13056K(118016K), 0.0585515 secs] 9244063K->9153268K(25152768K), 0.0588913 secs] [Times: user=0.63 sys=0.02, real=0.06 secs] 
2014-04-09T12:21:17.767+0900: 140.768: [GC (Allocation Failure) 140.768: [ParNew: 118016K->13056K(118016K), 0.0540924 secs] 9247874K->9155367K(25152768K), 0.0544402 secs] [Times: user=0.62 sys=0.02, real=0.06 secs] 
2014-04-09T12:21:17.906+0900: 140.907: [GC (Allocation Failure) 140.907: [ParNew: 118016K->13056K(118016K), 0.0552774 secs] 9249232K->9157701K(25152768K), 0.0556170 secs] [Times: user=0.64 sys=0.01, real=0.06 secs] 
2014-04-09T12:21:18.053+0900: 141.055: [GC (Allocation Failure) 141.055: [ParNew: 118016K->13056K(118016K), 0.0501992 secs] 9249246K->9158548K(25152768K), 0.0505385 secs] [Times: user=0.54 sys=0.02, real=0.05 secs] 
2014-04-09T12:21:18.196+0900: 141.197: [GC (Allocation Failure) 141.197: [ParNew: 118016K->13056K(118016K), 0.0514978 secs] 9252085K->9160615K(25152768K), 0.0518385 secs] [Times: user=0.59 sys=0.02, real=0.05 secs] 
2014-04-09T12:21:18.335+0900: 141.336: [GC (Allocation Failure) 141.336: [ParNew: 118016K->13056K(118016K), 0.0506696 secs] 9259087K->9165118K(25152768K), 0.0510169 secs] [Times: user=0.56 sys=0.02, real=0.05 secs] 
2014-04-09T12:21:18.473+0900: 141.474: [GC (Allocation Failure) 141.474: [ParNew: 118016K->13056K(118016K), 0.0522570 secs] 9268468K->9175655K(25152768K), 0.0525966 secs] [Times: user=0.55 sys=0.02, real=0.05 secs] 
2014-04-09T12:21:18.614+0900: 141.615: [GC (Allocation Failure) 141.615: [ParNew: 118016K->13056K(118016K), 0.0556906 secs] 9278844K->9187052K(25152768K), 0.0560305 secs] [Times: user=0.56 sys=0.01, real=0.05 secs] 
2014-04-09T12:21:18.762+0900: 141.763: [GC (Allocation Failure) 141.763: [ParNew: 118016K->13056K(118016K), 0.0546059 secs] 9290318K->9197188K(25152768K), 0.0549464 secs] [Times: user=0.61 sys=0.01, real=0.05 secs] 
2014-04-09T12:21:18.905+0900: 141.906: [GC (Allocation Failure) 141.906: [ParNew: 118016K->13056K(118016K), 0.0492791 secs] 9298640K->9205104K(25152768K), 0.0496277 secs] [Times: user=0.52 sys=0.03, real=0.05 secs] 
2014-04-09T12:21:19.048+0900: 142.049: [GC (Allocation Failure) 142.049: [ParNew: 118016K->13056K(118016K), 0.0545929 secs] 9306907K->9214805K(25152768K), 0.0549322 secs] [Times: user=0.60 sys=0.02, real=0.06 secs] 
2014-04-09T12:21:19.195+0900: 142.196: [GC (Allocation Failure) 142.196: [ParNew: 118016K->13056K(118016K), 0.0528644 secs] 9314664K->9222214K(25152768K), 0.0532060 secs] [Times: user=0.57 sys=0.02, real=0.05 secs] 
2014-04-09T12:21:19.342+0900: 142.343: [GC (Allocation Failure) 142.343: [ParNew: 118016K->13056K(118016K), 0.0538700 secs] 9325317K->9231829K(25152768K), 0.0542099 secs] [Times: user=0.58 sys=0.01, real=0.05 secs] 
2014-04-09T12:21:19.487+0900: 142.488: [GC (Allocation Failure) 142.488: [ParNew: 118016K->13056K(118016K), 0.0651807 secs] 9336305K->9242572K(25152768K), 0.0655242 secs] [Times: user=0.61 sys=0.02, real=0.07 secs] 
2014-04-09T12:21:20.286+0900: 143.287: [CMS-concurrent-sweep: 2.413/3.477 secs] [Times: user=28.03 sys=5.41, real=3.48 secs] 
2014-04-09T12:21:20.286+0900: 143.287: [CMS-concurrent-reset-start]
2014-04-09T12:21:20.364+0900: 143.365: [CMS-concurrent-reset: 0.078/0.078 secs] [Times: user=0.08 sys=0.00, real=0.08 secs] 
2014-04-09T12:21:22.365+0900: 145.366: [GC (CMS Initial Mark) [1 CMS-initial-mark: 8928563K(25034752K)] 9036578K(25152768K), 0.0119918 secs] [Times: user=0.14 sys=0.00, real=0.01 secs] 
2014-04-09T12:21:22.378+0900: 145.379: [CMS-concurrent-mark-start]
2014-04-09T12:21:24.597+0900: 147.598: [CMS-concurrent-mark: 2.218/2.219 secs] [Times: user=8.20 sys=0.28, real=2.22 secs] 
2014-04-09T12:21:24.597+0900: 147.598: [CMS-concurrent-preclean-start]
2014-04-09T12:21:24.696+0900: 147.697: [CMS-concurrent-preclean: 0.098/0.099 secs] [Times: user=0.10 sys=0.00, real=0.10 secs] 
2014-04-09T12:21:24.696+0900: 147.697: [CMS-concurrent-abortable-preclean-start]
 CMS: abort preclean due to time 2014-04-09T12:21:29.708+0900: 152.709: [CMS-concurrent-abortable-preclean: 3.509/5.012 secs] [Times: user=3.54 sys=0.00, real=5.01 secs] 
2014-04-09T12:21:29.709+0900: 152.711: [GC (CMS Final Remark) [YG occupancy: 108325 K (118016 K)]152.711: [Rescan (parallel) , 0.0247798 secs]152.735: [weak refs processing, 0.0005685 secs]152.736: [class unloading, 0.0407313 secs]152.777: [scrub symbol table, 0.0043200 secs]152.781: [scrub string table, 0.0012125 secs][1 CMS-remark: 8928563K(25034752K)] 9036888K(25152768K), 0.0786179 secs] [Times: user=0.36 sys=0.00, real=0.08 secs] 
2014-04-09T12:21:29.789+0900: 152.790: [CMS-concurrent-sweep-start]
2014-04-09T12:21:31.405+0900: 154.406: [CMS-concurrent-sweep: 1.616/1.616 secs] [Times: user=1.63 sys=0.00, real=1.62 secs] 
2014-04-09T12:21:31.405+0900: 154.406: [CMS-concurrent-reset-start]
2014-04-09T12:21:31.483+0900: 154.484: [CMS-concurrent-reset: 0.078/0.078 secs] [Times: user=0.08 sys=0.00, real=0.08 secs] 
2014-04-09T12:21:33.484+0900: 156.485: [GC (CMS Initial Mark) [1 CMS-initial-mark: 8690842K(25034752K)] 8799431K(25152768K), 0.0123098 secs] [Times: user=0.14 sys=0.00, real=0.01 secs] 
2014-04-09T12:21:33.497+0900: 156.498: [CMS-concurrent-mark-start]
2014-04-09T12:21:35.506+0900: 158.507: [CMS-concurrent-mark: 2.008/2.009 secs] [Times: user=7.37 sys=0.28, real=2.01 secs] 
2014-04-09T12:21:35.506+0900: 158.507: [CMS-concurrent-preclean-start]
2014-04-09T12:21:35.577+0900: 158.578: [CMS-concurrent-preclean: 0.071/0.071 secs] [Times: user=0.07 sys=0.00, real=0.07 secs] 
2014-04-09T12:21:35.577+0900: 158.578: [CMS-concurrent-abortable-preclean-start]
 CMS: abort preclean due to time 2014-04-09T12:21:40.698+0900: 163.700: [CMS-concurrent-abortable-preclean: 3.619/5.121 secs] [Times: user=3.66 sys=0.01, real=5.12 secs] 
2014-04-09T12:21:40.700+0900: 163.701: [GC (CMS Final Remark) [YG occupancy: 108981 K (118016 K)]163.701: [Rescan (parallel) , 0.0248854 secs]163.726: [weak refs processing, 0.0000653 secs]163.726: [class unloading, 0.0404460 secs]163.767: [scrub symbol table, 0.0043115 secs]163.771: [scrub string table, 0.0012118 secs][1 CMS-remark: 8690842K(25034752K)] 8799823K(25152768K), 0.0778605 secs] [Times: user=0.35 sys=0.00, real=0.08 secs] 
2014-04-09T12:21:40.779+0900: 163.780: [CMS-concurrent-sweep-start]
2014-04-09T12:21:42.220+0900: 165.221: [CMS-concurrent-sweep: 1.441/1.441 secs] [Times: user=1.45 sys=0.00, real=1.44 secs] 
2014-04-09T12:21:42.220+0900: 165.221: [CMS-concurrent-reset-start]
2014-04-09T12:21:42.298+0900: 165.299: [CMS-concurrent-reset: 0.078/0.078 secs] [Times: user=0.08 sys=0.00, real=0.08 secs] 
2014-04-09T12:21:43.928+0900: 166.929: [GC (Allocation Failure) 166.930: [ParNew: 118016K->13056K(118016K), 0.0420982 secs] 8808850K->8714126K(25152768K), 0.0424470 secs] [Times: user=0.51 sys=0.01, real=0.04 secs] 
2014-04-09T12:21:43.972+0900: 166.974: [GC (CMS Initial Mark) [1 CMS-initial-mark: 8701070K(25034752K)] 8714186K(25152768K), 0.0024593 secs] [Times: user=0.01 sys=0.00, real=0.01 secs] 
2014-04-09T12:21:43.975+0900: 166.976: [CMS-concurrent-mark-start]
2014-04-09T12:21:44.117+0900: 167.118: [GC (Allocation Failure) 167.118: [ParNew: 118016K->10214K(118016K), 0.0391087 secs] 8819086K->8720245K(25152768K), 0.0394227 secs] [Times: user=0.47 sys=0.01, real=0.04 secs] 
2014-04-09T12:21:44.201+0900: 167.202: [GC (Allocation Failure) 167.203: [ParNew: 115174K->2562K(118016K), 0.0371303 secs] 8825205K->8712593K(25152768K), 0.0374627 secs] [Times: user=0.47 sys=0.00, real=0.04 secs] 
2014-04-09T12:21:44.282+0900: 167.283: [GC (Allocation Failure) 167.283: [ParNew: 107522K->704K(118016K), 0.0357353 secs] 8817553K->8710736K(25152768K), 0.0360438 secs] [Times: user=0.45 sys=0.00, real=0.04 secs] 
2014-04-09T12:21:44.361+0900: 167.362: [GC (Allocation Failure) 167.362: [ParNew: 105664K->232K(118016K), 0.0382669 secs] 8815696K->8710263K(25152768K), 0.0385873 secs] [Times: user=0.48 sys=0.01, real=0.04 secs] 
2014-04-09T12:21:44.445+0900: 167.446: [GC (Allocation Failure) 167.446: [ParNew: 105192K->121K(118016K), 0.0364415 secs] 8815223K->8710152K(25152768K), 0.0367491 secs] [Times: user=0.45 sys=0.00, real=0.03 secs] 
2014-04-09T12:21:44.529+0900: 167.530: [GC (Allocation Failure) 167.530: [ParNew: 105081K->102K(118016K), 0.0346325 secs] 8815112K->8710133K(25152768K), 0.0349278 secs] [Times: user=0.43 sys=0.00, real=0.03 secs] 
2014-04-09T12:21:44.607+0900: 167.608: [GC (Allocation Failure) 167.608: [ParNew: 105062K->81K(118016K), 0.0354784 secs] 8815093K->8710160K(25152768K), 0.0357827 secs] [Times: user=0.45 sys=0.01, real=0.03 secs] 
2014-04-09T12:21:44.685+0900: 167.686: [GC (Allocation Failure) 167.686: [ParNew: 105041K->49K(118016K), 0.0383711 secs] 8815120K->8710152K(25152768K), 0.0386645 secs] [Times: user=0.49 sys=0.00, real=0.03 secs] 
2014-04-09T12:21:44.837+0900: 167.838: [GC (Allocation Failure) 167.839: [ParNew: 105009K->68K(118016K), 0.0346008 secs] 8815112K->8710170K(25152768K), 0.0349478 secs] [Times: user=0.43 sys=0.01, real=0.03 secs] 
2014-04-09T12:21:44.933+0900: 167.934: [GC (Allocation Failure) 167.934: [ParNew: 105028K->77K(118016K), 0.0380719 secs] 8815130K->8710180K(25152768K), 0.0384010 secs] [Times: user=0.52 sys=0.00, real=0.04 secs] 
2014-04-09T12:21:45.014+0900: 168.015: [GC (Allocation Failure) 168.015: [ParNew: 105037K->88K(118016K), 0.0335385 secs] 8815140K->8710192K(25152768K), 0.0338644 secs] [Times: user=0.42 sys=0.00, real=0.04 secs] 
2014-04-09T12:21:45.092+0900: 168.093: [GC (Allocation Failure) 168.093: [ParNew: 105048K->67K(118016K), 0.0360760 secs] 8815152K->8710176K(25152768K), 0.0364070 secs] [Times: user=0.45 sys=0.01, real=0.04 secs] 
2014-04-09T12:21:45.176+0900: 168.177: [GC (Allocation Failure) 168.177: [ParNew: 105027K->71K(118016K), 0.0352233 secs] 8815136K->8710186K(25152768K), 0.0355442 secs] [Times: user=0.45 sys=0.00, real=0.03 secs] 
2014-04-09T12:21:45.256+0900: 168.257: [GC (Allocation Failure) 168.257: [ParNew: 105031K->46K(118016K), 0.0356665 secs] 8815146K->8710172K(25152768K), 0.0359799 secs] [Times: user=0.45 sys=0.00, real=0.03 secs] 
2014-04-09T12:21:45.335+0900: 168.336: [GC (Allocation Failure) 168.336: [ParNew: 105006K->26K(118016K), 0.0337389 secs] 8815132K->8710176K(25152768K), 0.0340573 secs] [Times: user=0.42 sys=0.00, real=0.03 secs] 
2014-04-09T12:21:45.415+0900: 168.416: [GC (Allocation Failure) 168.416: [ParNew: 104986K->61K(118016K), 0.0317250 secs] 8815136K->8710212K(25152768K), 0.0320525 secs] [Times: user=0.40 sys=0.00, real=0.03 secs] 
2014-04-09T12:21:45.556+0900: 168.557: [GC (Allocation Failure) 168.557: [ParNew: 105021K->201K(118016K), 0.0440092 secs] 8815172K->8710352K(25152768K), 0.0443379 secs] [Times: user=0.60 sys=0.00, real=0.04 secs] 
2014-04-09T12:21:45.656+0900: 168.657: [GC (Allocation Failure) 168.657: [ParNew: 105161K->2753K(118016K), 0.0349766 secs] 8815312K->8712905K(25152768K), 0.0353043 secs] [Times: user=0.43 sys=0.01, real=0.03 secs] 
2014-04-09T12:21:45.740+0900: 168.741: [GC (Allocation Failure) 168.741: [ParNew: 103645K->13025K(118016K), 0.0362543 secs] 8813797K->8731497K(25152768K), 0.0365837 secs] [Times: user=0.44 sys=0.01, real=0.04 secs] 
2014-04-09T12:21:45.843+0900: 168.845: [GC (Allocation Failure) 168.845: [ParNew: 114995K->11861K(118016K), 0.0425807 secs] 8833467K->8784336K(25152768K), 0.0429142 secs] [Times: user=0.50 sys=0.02, real=0.05 secs] 
2014-04-09T12:21:45.929+0900: 168.930: [GC (Allocation Failure) 168.930: [ParNew: 116793K->13055K(118016K), 0.0597430 secs] 8889269K->8865557K(25152768K), 0.0600737 secs] [Times: user=0.75 sys=0.01, real=0.06 secs] 
2014-04-09T12:21:46.030+0900: 169.031: [GC (Allocation Failure) 169.031: [ParNew: 118009K->13056K(118016K), 0.0439240 secs] 8970511K->8927370K(25152768K), 0.0442562 secs] [Times: user=0.54 sys=0.01, real=0.05 secs] 
2014-04-09T12:21:46.434+0900: 169.435: [CMS-concurrent-mark: 1.565/2.459 secs] [Times: user=25.86 sys=0.43, real=2.45 secs] 
2014-04-09T12:21:46.434+0900: 169.435: [CMS-concurrent-preclean-start]
2014-04-09T12:21:46.547+0900: 169.548: [CMS-concurrent-preclean: 0.110/0.113 secs] [Times: user=0.11 sys=0.00, real=0.12 secs] 
2014-04-09T12:21:46.547+0900: 169.548: [CMS-concurrent-abortable-preclean-start]
2014-04-09T12:21:46.765+0900: 169.766: [GC (Allocation Failure) 169.766: [ParNew: 117993K->13056K(118016K), 0.0425486 secs] 9032308K->8961288K(25152768K), 0.0428965 secs] [Times: user=0.51 sys=0.01, real=0.04 secs] 
2014-04-09T12:21:46.895+0900: 169.896: [GC (Allocation Failure) 169.896: [ParNew: 118016K->13056K(118016K), 0.0462497 secs] 9066248K->9040136K(25152768K), 0.0465873 secs] [Times: user=0.54 sys=0.02, real=0.04 secs] 
2014-04-09T12:21:47.051+0900: 170.052: [CMS-concurrent-abortable-preclean: 0.310/0.504 secs] [Times: user=1.98 sys=0.04, real=0.50 secs] 
2014-04-09T12:21:47.052+0900: 170.054: [GC (Allocation Failure) 170.054: [ParNew: 118016K->13056K(118016K), 0.0635690 secs] 9145096K->9092698K(25152768K), 0.0638790 secs] [Times: user=0.51 sys=0.02, real=0.07 secs] 
2014-04-09T12:21:47.118+0900: 170.119: [GC (CMS Final Remark) [YG occupancy: 13131 K (118016 K)]170.119: [Rescan (parallel) , 0.0163935 secs]170.135: [weak refs processing, 0.0000554 secs]170.135: [class unloading, 0.0387289 secs]170.174: [scrub symbol table, 0.0044219 secs]170.178: [scrub string table, 0.0012961 secs][1 CMS-remark: 9079642K(25034752K)] 9092774K(25152768K), 0.0671306 secs] [Times: user=0.25 sys=0.00, real=0.07 secs] 
2014-04-09T12:21:47.185+0900: 170.186: [CMS-concurrent-sweep-start]
2014-04-09T12:21:47.427+0900: 170.428: [GC (Allocation Failure) 170.428: [ParNew: 118016K->13056K(118016K), 0.0682368 secs] 9113049K->9039689K(25152768K), 0.0685999 secs] [Times: user=0.80 sys=0.02, real=0.06 secs] 
2014-04-09T12:21:47.606+0900: 170.607: [GC (Allocation Failure) 170.607: [ParNew: 118016K->10509K(118016K), 0.0772043 secs] 9104592K->9011895K(25152768K), 0.0775461 secs] [Times: user=0.97 sys=0.02, real=0.07 secs] 
2014-04-09T12:21:47.751+0900: 170.752: [GC (Allocation Failure) 170.752: [ParNew: 114354K->13056K(118016K), 0.0714710 secs] 9090662K->8994160K(25152768K), 0.0718498 secs] [Times: user=1.04 sys=0.00, real=0.07 secs] 
2014-04-09T12:21:47.905+0900: 170.906: [GC (Allocation Failure) 170.906: [ParNew: 109814K->13056K(118016K), 0.0776415 secs] 9055958K->9013145K(25152768K), 0.0779758 secs] [Times: user=1.09 sys=0.01, real=0.08 secs] 
2014-04-09T12:21:48.044+0900: 171.045: [GC (Allocation Failure) 171.045: [ParNew: 110644K->13056K(118016K), 0.0640116 secs] 9094923K->9048010K(25152768K), 0.0643440 secs] [Times: user=0.89 sys=0.01, real=0.07 secs] 
2014-04-09T12:21:48.163+0900: 171.164: [GC (Allocation Failure) 171.164: [ParNew: 118016K->13056K(118016K), 0.0616779 secs] 9122518K->9087980K(25152768K), 0.0620151 secs] [Times: user=0.78 sys=0.02, real=0.06 secs] 
2014-04-09T12:21:48.349+0900: 171.350: [GC (Allocation Failure) 171.350: [ParNew: 118016K->13056K(118016K), 0.0828302 secs] 9133937K->9035574K(25152768K), 0.0832142 secs] [Times: user=1.04 sys=0.01, real=0.08 secs] 
2014-04-09T12:21:48.499+0900: 171.500: [GC (Allocation Failure) 171.500: [ParNew: 118014K->13056K(118016K), 0.0476591 secs] 9107565K->9050331K(25152768K), 0.0479784 secs] [Times: user=0.66 sys=0.01, real=0.05 secs] 
2014-04-09T12:21:48.617+0900: 171.618: [GC (Allocation Failure) 171.618: [ParNew: 117846K->13056K(118016K), 0.0453155 secs] 9123793K->9051829K(25152768K), 0.0456227 secs] [Times: user=0.59 sys=0.01, real=0.04 secs] 
2014-04-09T12:21:48.767+0900: 171.768: [GC (Allocation Failure) 171.768: [ParNew: 118016K->13056K(118016K), 0.0475352 secs] 9115706K->9042741K(25152768K), 0.0478483 secs] [Times: user=0.61 sys=0.01, real=0.04 secs] 
2014-04-09T12:21:48.863+0900: 171.864: [GC (Allocation Failure) 171.864: [ParNew: 118016K->13056K(118016K), 0.0496605 secs] 9130012K->9068044K(25152768K), 0.0499624 secs] [Times: user=0.70 sys=0.01, real=0.05 secs] 
2014-04-09T12:21:48.980+0900: 171.982: [GC (Allocation Failure) 171.982: [ParNew: 118016K->13056K(118016K), 0.0504975 secs] 9147050K->9083467K(25152768K), 0.0507962 secs] [Times: user=0.63 sys=0.01, real=0.05 secs] 
2014-04-09T12:21:49.101+0900: 172.103: [GC (Allocation Failure) 172.103: [ParNew: 118016K->13056K(118016K), 0.0586550 secs] 9161104K->9102513K(25152768K), 0.0590025 secs] [Times: user=0.70 sys=0.01, real=0.06 secs] 
2014-04-09T12:21:49.211+0900: 172.212: [GC (Allocation Failure) 172.213: [ParNew: 118016K->5732K(118016K), 0.0484864 secs] 9183975K->9125452K(25152768K), 0.0488845 secs] [Times: user=0.63 sys=0.03, real=0.05 secs] 
2014-04-09T12:21:49.312+0900: 172.313: [GC (Allocation Failure) 172.313: [ParNew: 109539K->13056K(118016K), 0.0421637 secs] 9202481K->9125449K(25152768K), 0.0425094 secs] [Times: user=0.50 sys=0.01, real=0.04 secs] 
2014-04-09T12:21:49.404+0900: 172.405: [GC (Allocation Failure) 172.405: [ParNew: 118016K->13056K(118016K), 0.0542447 secs] 9203778K->9159573K(25152768K), 0.0546027 secs] [Times: user=0.70 sys=0.02, real=0.06 secs] 
2014-04-09T12:21:49.517+0900: 172.518: [GC (Allocation Failure) 172.518: [ParNew: 118016K->13056K(118016K), 0.0525849 secs] 9236517K->9165342K(25152768K), 0.0528934 secs] [Times: user=0.67 sys=0.01, real=0.05 secs] 
2014-04-09T12:21:49.618+0900: 172.619: [GC (Allocation Failure) 172.619: [ParNew: 117722K->13056K(118016K), 0.0505674 secs] 9251129K->9186632K(25152768K), 0.0508757 secs] [Times: user=0.61 sys=0.01, real=0.05 secs] 
2014-04-09T12:21:49.715+0900: 172.716: [GC (Allocation Failure) 172.716: [ParNew: 118016K->13056K(118016K), 0.0481947 secs] 9273665K->9211127K(25152768K), 0.0484970 secs] [Times: user=0.58 sys=0.01, real=0.05 secs] 
2014-04-09T12:21:49.809+0900: 172.810: [GC (Allocation Failure) 172.810: [ParNew: 118016K->13056K(118016K), 0.0498621 secs] 9298518K->9235517K(25152768K), 0.0501836 secs] [Times: user=0.60 sys=0.00, real=0.05 secs] 
2014-04-09T12:21:49.918+0900: 172.919: [GC (Allocation Failure) 172.919: [ParNew: 117845K->12499K(118016K), 0.0424904 secs] 9310096K->9230506K(25152768K), 0.0428009 secs] [Times: user=0.52 sys=0.02, real=0.04 secs] 
2014-04-09T12:21:50.021+0900: 173.023: [GC (Allocation Failure) 173.023: [ParNew: 117459K->13056K(118016K), 0.0466251 secs] 9306781K->9250739K(25152768K), 0.0469348 secs] [Times: user=0.54 sys=0.02, real=0.05 secs] 
2014-04-09T12:21:50.110+0900: 173.111: [GC (Allocation Failure) 173.111: [ParNew: 114295K->13056K(118016K), 0.0500971 secs] 9335616K->9295285K(25152768K), 0.0504037 secs] [Times: user=0.61 sys=0.01, real=0.05 secs] 
2014-04-09T12:21:50.202+0900: 173.203: [GC (Allocation Failure) 173.203: [ParNew: 118016K->13056K(118016K), 0.0560279 secs] 9377795K->9327082K(25152768K), 0.0563282 secs] [Times: user=0.65 sys=0.01, real=0.06 secs] 
2014-04-09T12:21:50.293+0900: 173.294: [GC (Allocation Failure) 173.294: [ParNew: 108553K->13054K(118016K), 0.0546997 secs] 9404578K->9354195K(25152768K), 0.0550054 secs] [Times: user=0.67 sys=0.01, real=0.06 secs] 
2014-04-09T12:21:50.396+0900: 173.397: [GC (Allocation Failure) 173.397: [ParNew: 118014K->13056K(118016K), 0.0547891 secs] 9434515K->9376015K(25152768K), 0.0550980 secs] [Times: user=0.64 sys=0.00, real=0.05 secs] 
2014-04-09T12:21:50.494+0900: 173.496: [GC (Allocation Failure) 173.496: [ParNew: 118016K->13056K(118016K), 0.0557165 secs] 9460713K->9409401K(25152768K), 0.0560298 secs] [Times: user=0.64 sys=0.01, real=0.06 secs] 
2014-04-09T12:21:50.588+0900: 173.589: [GC (Allocation Failure) 173.589: [ParNew: 118016K->13056K(118016K), 0.0487200 secs] 9495189K->9410836K(25152768K), 0.0490291 secs] [Times: user=0.62 sys=0.00, real=0.05 secs] 
2014-04-09T12:21:50.691+0900: 173.692: [GC (Allocation Failure) 173.692: [ParNew: 114739K->12341K(118016K), 0.0419879 secs] 9480507K->9404820K(25152768K), 0.0422994 secs] [Times: user=0.50 sys=0.01, real=0.04 secs] 
2014-04-09T12:21:50.776+0900: 173.777: [GC (Allocation Failure) 173.777: [ParNew: 117301K->13056K(118016K), 0.0518544 secs] 9488639K->9426170K(25152768K), 0.0521675 secs] [Times: user=0.60 sys=0.01, real=0.05 secs] 
2014-04-09T12:21:50.885+0900: 173.886: [GC (Allocation Failure) 173.886: [ParNew: 109065K->13056K(118016K), 0.0524380 secs] 9498333K->9435072K(25152768K), 0.0527622 secs] [Times: user=0.64 sys=0.00, real=0.06 secs] 
2014-04-09T12:21:50.971+0900: 173.972: [GC (Allocation Failure) 173.972: [ParNew: 118016K->13056K(118016K), 0.0479296 secs] 9523670K->9467331K(25152768K), 0.0482376 secs] [Times: user=0.54 sys=0.02, real=0.05 secs] 
2014-04-09T12:21:51.057+0900: 174.058: [GC (Allocation Failure) 174.058: [ParNew: 118016K->13056K(118016K), 0.0477421 secs] 9526282K->9463419K(25152768K), 0.0480470 secs] [Times: user=0.56 sys=0.02, real=0.04 secs] 
2014-04-09T12:21:51.137+0900: 174.138: [GC (Allocation Failure) 174.138: [ParNew: 118016K->13056K(118016K), 0.0558547 secs] 9532335K->9465236K(25152768K), 0.0561642 secs] [Times: user=0.68 sys=0.01, real=0.05 secs] 
2014-04-09T12:21:51.245+0900: 174.246: [GC (Allocation Failure) 174.246: [ParNew: 117491K->13056K(118016K), 0.0544348 secs] 9506040K->9444683K(25152768K), 0.0547378 secs] [Times: user=0.61 sys=0.00, real=0.06 secs] 
2014-04-09T12:21:51.329+0900: 174.330: [CMS-concurrent-sweep: 2.146/4.144 secs] [Times: user=41.18 sys=0.91, real=4.14 secs] 
2014-04-09T12:21:51.329+0900: 174.330: [CMS-concurrent-reset-start]
2014-04-09T12:21:51.350+0900: 174.351: [GC (Allocation Failure) 174.352: [ParNew: 118016K->10567K(118016K), 0.0455369 secs] 9512940K->9437612K(25152768K), 0.0458463 secs] [Times: user=0.55 sys=0.00, real=0.05 secs] 
2014-04-09T12:21:51.439+0900: 174.440: [GC (Allocation Failure) 174.440: [ParNew: 115527K->13056K(118016K), 0.0504071 secs] 9542572K->9483138K(25152768K), 0.0507204 secs] [Times: user=0.58 sys=0.01, real=0.05 secs] 
2014-04-09T12:21:51.526+0900: 174.527: [GC (Allocation Failure) 174.527: [ParNew: 118016K->13056K(118016K), 0.0470059 secs] 9588098K->9528245K(25152768K), 0.0473299 secs] [Times: user=0.58 sys=0.02, real=0.04 secs] 
2014-04-09T12:21:51.584+0900: 174.585: [CMS-concurrent-reset: 0.105/0.254 secs] [Times: user=2.46 sys=0.10, real=0.25 secs] 
2014-04-09T12:21:51.613+0900: 174.614: [GC (Allocation Failure) 174.614: [ParNew: 118014K->13056K(118016K), 0.0435592 secs] 9633203K->9569536K(25152768K), 0.0438696 secs] [Times: user=0.52 sys=0.01, real=0.05 secs] 
2014-04-09T12:21:51.659+0900: 174.660: [GC (CMS Initial Mark) [1 CMS-initial-mark: 9556480K(25034752K)] 9569747K(25152768K), 0.0022151 secs] [Times: user=0.01 sys=0.00, real=0.00 secs] 
2014-04-09T12:21:51.661+0900: 174.662: [CMS-concurrent-mark-start]
2014-04-09T12:21:51.718+0900: 174.719: [GC (Allocation Failure) 174.719: [ParNew: 118016K->13056K(118016K), 0.0505926 secs] 9674496K->9611108K(25152768K), 0.0509076 secs] [Times: user=0.58 sys=0.01, real=0.05 secs] 
2014-04-09T12:21:51.808+0900: 174.809: [GC (Allocation Failure) 174.809: [ParNew: 118016K->13056K(118016K), 0.0570342 secs] 9716068K->9668683K(25152768K), 0.0573405 secs] [Times: user=0.67 sys=0.01, real=0.05 secs] 
2014-04-09T12:21:51.907+0900: 174.908: [GC (Allocation Failure) 174.908: [ParNew: 118016K->13056K(118016K), 0.0574700 secs] 9773643K->9705945K(25152768K), 0.0577960 secs] [Times: user=0.72 sys=0.02, real=0.05 secs] 
2014-04-09T12:21:52.019+0900: 175.020: [GC (Allocation Failure) 175.020: [ParNew: 118016K->13056K(118016K), 0.0572556 secs] 9810905K->9745473K(25152768K), 0.0575633 secs] [Times: user=0.72 sys=0.01, real=0.06 secs] 
2014-04-09T12:21:52.125+0900: 175.127: [GC (Allocation Failure) 175.127: [ParNew: 118016K->12517K(118016K), 0.0555996 secs] 9850433K->9780406K(25152768K), 0.0559106 secs] [Times: user=0.69 sys=0.01, real=0.05 secs] 
2014-04-09T12:21:52.242+0900: 175.243: [GC (Allocation Failure) 175.243: [ParNew: 111218K->13056K(118016K), 0.0482872 secs] 9879108K->9806451K(25152768K), 0.0485944 secs] [Times: user=0.52 sys=0.01, real=0.05 secs] 
2014-04-09T12:21:52.338+0900: 175.339: [GC (Allocation Failure) 175.339: [ParNew: 118016K->9366K(118016K), 0.0453138 secs] 9911411K->9854487K(25152768K), 0.0456142 secs] [Times: user=0.55 sys=0.02, real=0.04 secs] 
2014-04-09T12:21:52.426+0900: 175.427: [GC (Allocation Failure) 175.427: [ParNew: 112617K->13056K(118016K), 0.0558639 secs] 9957738K->9904529K(25152768K), 0.0561719 secs] [Times: user=0.67 sys=0.01, real=0.05 secs] 
2014-04-09T12:21:52.517+0900: 175.518: [GC (Allocation Failure) 175.518: [ParNew: 118016K->13056K(118016K), 0.0499039 secs] 10009489K->9961048K(25152768K), 0.0502044 secs] [Times: user=0.59 sys=0.02, real=0.05 secs] 
2014-04-09T12:21:52.608+0900: 175.609: [GC (Allocation Failure) 175.609: [ParNew: 118016K->13056K(118016K), 0.0549144 secs] 10066008K->10010135K(25152768K), 0.0552196 secs] [Times: user=0.65 sys=0.02, real=0.05 secs] 
2014-04-09T12:21:52.719+0900: 175.720: [GC (Allocation Failure) 175.720: [ParNew: 118016K->13056K(118016K), 0.0646739 secs] 10115095K->10057417K(25152768K), 0.0649835 secs] [Times: user=0.56 sys=0.02, real=0.06 secs] 
2014-04-09T12:21:52.830+0900: 175.832: [GC (Allocation Failure) 175.832: [ParNew: 118016K->13056K(118016K), 0.0646915 secs] 10162377K->10086042K(25152768K), 0.0649919 secs] [Times: user=0.69 sys=0.02, real=0.07 secs] 
2014-04-09T12:21:52.953+0900: 175.954: [GC (Allocation Failure) 175.954: [ParNew: 118016K->13033K(118016K), 0.0431171 secs] 10191002K->10102133K(25152768K), 0.0434341 secs] [Times: user=0.53 sys=0.01, real=0.05 secs] 
2014-04-09T12:21:53.052+0900: 176.053: [GC (Allocation Failure) 176.054: [ParNew: 117993K->13056K(118016K), 0.0526619 secs] 10207093K->10129767K(25152768K), 0.0529714 secs] [Times: user=0.57 sys=0.01, real=0.06 secs] 
2014-04-09T12:21:53.158+0900: 176.159: [GC (Allocation Failure) 176.159: [ParNew: 117627K->13056K(118016K), 0.0512969 secs] 10234338K->10175500K(25152768K), 0.0515989 secs] [Times: user=0.58 sys=0.02, real=0.05 secs] 
2014-04-09T12:21:53.290+0900: 176.291: [GC (Allocation Failure) 176.291: [ParNew: 117990K->13056K(118016K), 0.0627585 secs] 10280435K->10196661K(25152768K), 0.0630737 secs] [Times: user=0.53 sys=0.02, real=0.06 secs] 
2014-04-09T12:21:53.420+0900: 176.421: [GC (Allocation Failure) 176.421: [ParNew: 118016K->13056K(118016K), 0.0545651 secs] 10301621K->10235819K(25152768K), 0.0548713 secs] [Times: user=0.65 sys=0.01, real=0.05 secs] 
2014-04-09T12:21:53.516+0900: 176.517: [GC (Allocation Failure) 176.517: [ParNew: 118014K->13056K(118016K), 0.0533027 secs] 10340778K->10294180K(25152768K), 0.0536094 secs] [Times: user=0.63 sys=0.01, real=0.05 secs] 
2014-04-09T12:21:53.605+0900: 176.606: [GC (Allocation Failure) 176.606: [ParNew: 118016K->13056K(118016K), 0.0569086 secs] 10399140K->10341024K(25152768K), 0.0572107 secs] [Times: user=0.66 sys=0.01, real=0.06 secs] 
2014-04-09T12:21:53.740+0900: 176.741: [GC (Allocation Failure) 176.741: [ParNew: 118016K->13056K(118016K), 0.0593849 secs] 10445984K->10368642K(25152768K), 0.0596856 secs] [Times: user=0.68 sys=0.01, real=0.06 secs] 
2014-04-09T12:21:53.877+0900: 176.878: [GC (Allocation Failure) 176.878: [ParNew: 114294K->13056K(118016K), 0.0565609 secs] 10469881K->10395702K(25152768K), 0.0568651 secs] [Times: user=0.57 sys=0.01, real=0.05 secs] 
2014-04-09T12:21:54.009+0900: 177.010: [GC (Allocation Failure) 177.011: [ParNew: 117167K->13056K(118016K), 0.0584298 secs] 10499814K->10434299K(25152768K), 0.0587491 secs] [Times: user=0.61 sys=0.02, real=0.06 secs] 
2014-04-09T12:21:54.120+0900: 177.121: [GC (Allocation Failure) 177.121: [ParNew: 108806K->13056K(118016K), 0.0478976 secs] 10530050K->10476024K(25152768K), 0.0481969 secs] [Times: user=0.53 sys=0.01, real=0.05 secs] 
2014-04-09T12:21:54.228+0900: 177.229: [GC (Allocation Failure) 177.229: [ParNew: 118016K->13056K(118016K), 0.0613564 secs] 10580984K->10519782K(25152768K), 0.0616649 secs] [Times: user=0.69 sys=0.02, real=0.06 secs] 
2014-04-09T12:21:54.343+0900: 177.344: [GC (Allocation Failure) 177.344: [ParNew: 118016K->13056K(118016K), 0.0488892 secs] 10624742K->10553581K(25152768K), 0.0491872 secs] [Times: user=0.60 sys=0.01, real=0.05 secs] 
2014-04-09T12:21:54.478+0900: 177.480: [GC (Allocation Failure) 177.480: [ParNew: 118016K->13056K(118016K), 0.0601676 secs] 10658541K->10587479K(25152768K), 0.0604859 secs] [Times: user=0.56 sys=0.03, real=0.06 secs] 
2014-04-09T12:21:54.628+0900: 177.629: [GC (Allocation Failure) 177.629: [ParNew: 118016K->13056K(118016K), 0.0496795 secs] 10692439K->10607297K(25152768K), 0.0499855 secs] [Times: user=0.60 sys=0.01, real=0.05 secs] 
2014-04-09T12:21:54.846+0900: 177.847: [GC (Allocation Failure) 177.847: [ParNew: 118015K->12402K(118016K), 0.0425429 secs] 10712257K->10648556K(25152768K), 0.0428493 secs] [Times: user=0.49 sys=0.01, real=0.05 secs] 
2014-04-09T12:21:54.991+0900: 177.992: [CMS-concurrent-mark: 1.755/3.330 secs] [Times: user=30.33 sys=0.94, real=3.33 secs] 
2014-04-09T12:21:54.991+0900: 177.992: [CMS-concurrent-preclean-start]
2014-04-09T12:21:55.005+0900: 178.006: [GC (Allocation Failure) 178.006: [ParNew: 117362K->13056K(118016K), 0.0715853 secs] 10753516K->10689239K(25152768K), 0.0718936 secs] [Times: user=0.68 sys=0.04, real=0.08 secs] 
2014-04-09T12:21:55.176+0900: 178.177: [GC (Allocation Failure) 178.177: [ParNew: 118016K->13056K(118016K), 0.0589651 secs] 10794199K->10713778K(25152768K), 0.0592707 secs] [Times: user=0.59 sys=0.03, real=0.06 secs] 
2014-04-09T12:21:55.356+0900: 178.357: [GC (Allocation Failure) 178.357: [ParNew: 111946K->13056K(118016K), 0.0442614 secs] 10812669K->10731224K(25152768K), 0.0445661 secs] [Times: user=0.51 sys=0.00, real=0.05 secs] 
2014-04-09T12:21:55.458+0900: 178.459: [GC (Allocation Failure) 178.459: [ParNew: 118011K->13056K(118016K), 0.0397593 secs] 10836180K->10765635K(25152768K), 0.0400674 secs] [Times: user=0.49 sys=0.01, real=0.04 secs] 
2014-04-09T12:21:55.562+0900: 178.563: [GC (Allocation Failure) 178.563: [ParNew: 118016K->13056K(118016K), 0.0770046 secs] 10870595K->10822775K(25152768K), 0.0773055 secs] [Times: user=0.67 sys=0.02, real=0.08 secs] 
2014-04-09T12:21:55.751+0900: 178.753: [GC (Allocation Failure) 178.753: [ParNew: 117210K->13056K(118016K), 0.0563932 secs] 10926930K->10844131K(25152768K), 0.0567192 secs] [Times: user=0.55 sys=0.01, real=0.06 secs] 
2014-04-09T12:21:55.970+0900: 178.971: [GC (Allocation Failure) 178.971: [ParNew: 118013K->13056K(118016K), 0.0586327 secs] 10949088K->10863130K(25152768K), 0.0589408 secs] [Times: user=0.63 sys=0.01, real=0.06 secs] 
2014-04-09T12:21:56.188+0900: 179.189: [GC (Allocation Failure) 179.189: [ParNew: 118016K->13056K(118016K), 0.0573383 secs] 10968090K->10894106K(25152768K), 0.0576414 secs] [Times: user=0.61 sys=0.01, real=0.05 secs] 
2014-04-09T12:21:56.519+0900: 179.520: [GC (Allocation Failure) 179.520: [ParNew: 118016K->13056K(118016K), 0.0727298 secs] 10999066K->10939971K(25152768K), 0.0730375 secs] [Times: user=0.67 sys=0.03, real=0.07 secs] 
2014-04-09T12:21:56.821+0900: 179.822: [GC (Allocation Failure) 179.822: [ParNew: 108106K->13056K(118016K), 0.0534683 secs] 11035021K->10955625K(25152768K), 0.0537678 secs] [Times: user=0.57 sys=0.01, real=0.05 secs] 
2014-04-09T12:21:56.996+0900: 179.997: [GC (Allocation Failure) 179.997: [ParNew: 118016K->13056K(118016K), 0.0531976 secs] 11060585K->10996149K(25152768K), 0.0534988 secs] [Times: user=0.50 sys=0.02, real=0.06 secs] 
2014-04-09T12:21:57.155+0900: 180.157: [CMS-concurrent-preclean: 1.342/2.164 secs] [Times: user=9.97 sys=0.31, real=2.16 secs] 
2014-04-09T12:21:57.156+0900: 180.157: [CMS-concurrent-abortable-preclean-start]
2014-04-09T12:21:57.312+0900: 180.313: [CMS-concurrent-abortable-preclean: 0.152/0.156 secs] [Times: user=0.28 sys=0.01, real=0.16 secs] 
2014-04-09T12:21:57.313+0900: 180.314: [GC (Allocation Failure) 180.314: [ParNew: 118006K->13056K(118016K), 0.0492668 secs] 11101100K->11012532K(25152768K), 0.0495425 secs] [Times: user=0.49 sys=0.02, real=0.05 secs] 
2014-04-09T12:21:57.363+0900: 180.365: [GC (CMS Final Remark) [YG occupancy: 13640 K (118016 K)]180.365: [Rescan (parallel) , 0.0162354 secs]180.381: [weak refs processing, 0.0001148 secs]180.381: [class unloading, 0.0539678 secs]180.435: [scrub symbol table, 0.0039382 secs]180.439: [scrub string table, 0.0011075 secs][1 CMS-remark: 10999476K(25034752K)] 11013116K(25152768K), 0.0818055 secs] [Times: user=0.27 sys=0.00, real=0.08 secs] 
2014-04-09T12:21:57.446+0900: 180.447: [CMS-concurrent-sweep-start]
2014-04-09T12:21:57.577+0900: 180.578: [GC (Allocation Failure) 180.578: [ParNew: 118016K->13056K(118016K), 0.0487321 secs] 11114717K->11028968K(25152768K), 0.0490235 secs] [Times: user=0.53 sys=0.01, real=0.04 secs] 
2014-04-09T12:21:57.733+0900: 180.734: [GC (Allocation Failure) 180.735: [ParNew: 118016K->13056K(118016K), 0.0482869 secs] 11132802K->11044172K(25152768K), 0.0485861 secs] [Times: user=0.49 sys=0.01, real=0.05 secs] 
2014-04-09T12:21:57.823+0900: 180.824: [GC (Allocation Failure) 180.824: [ParNew: 118016K->4499K(118016K), 0.0427003 secs] 11148779K->11042455K(25152768K), 0.0429973 secs] [Times: user=0.50 sys=0.01, real=0.04 secs] 
2014-04-09T12:21:57.908+0900: 180.909: [GC (Allocation Failure) 180.909: [ParNew: 109459K->1125K(118016K), 0.0323124 secs] 11147087K->11038752K(25152768K), 0.0326133 secs] [Times: user=0.40 sys=0.00, real=0.03 secs] 
2014-04-09T12:21:57.983+0900: 180.984: [GC (Allocation Failure) 180.984: [ParNew: 106085K->332K(118016K), 0.0330817 secs] 11143378K->11037626K(25152768K), 0.0333957 secs] [Times: user=0.42 sys=0.00, real=0.04 secs] 
2014-04-09T12:21:58.059+0900: 181.060: [GC (Allocation Failure) 181.060: [ParNew: 105292K->83K(118016K), 0.0325242 secs] 11142329K->11037120K(25152768K), 0.0328224 secs] [Times: user=0.41 sys=0.00, real=0.03 secs] 
2014-04-09T12:21:58.134+0900: 181.135: [GC (Allocation Failure) 181.135: [ParNew: 105043K->22K(118016K), 0.0332761 secs] 11141880K->11036859K(25152768K), 0.0335733 secs] [Times: user=0.42 sys=0.00, real=0.04 secs] 
2014-04-09T12:21:58.210+0900: 181.211: [GC (Allocation Failure) 181.212: [ParNew: 104982K->26K(118016K), 0.0311768 secs] 11133405K->11028449K(25152768K), 0.0314834 secs] [Times: user=0.39 sys=0.00, real=0.03 secs] 
2014-04-09T12:21:58.284+0900: 181.285: [GC (Allocation Failure) 181.285: [ParNew: 104986K->26K(118016K), 0.0328612 secs] 11124597K->11019637K(25152768K), 0.0331710 secs] [Times: user=0.41 sys=0.00, real=0.04 secs] 
2014-04-09T12:21:58.379+0900: 181.380: [GC (Allocation Failure) 181.380: [ParNew: 104986K->26K(118016K), 0.0341608 secs] 11110940K->11005980K(25152768K), 0.0344520 secs] [Times: user=0.43 sys=0.01, real=0.03 secs] 
2014-04-09T12:21:59.086+0900: 182.087: [CMS-concurrent-sweep: 1.254/1.640 secs] [Times: user=8.58 sys=0.06, real=1.64 secs] 
2014-04-09T12:21:59.086+0900: 182.087: [CMS-concurrent-reset-start]
2014-04-09T12:21:59.164+0900: 182.165: [CMS-concurrent-reset: 0.078/0.078 secs] [Times: user=0.07 sys=0.00, real=0.08 secs] 
2014-04-09T12:22:01.165+0900: 184.166: [GC (CMS Initial Mark) [1 CMS-initial-mark: 9736853K(25034752K)] 9817638K(25152768K), 0.0134391 secs] [Times: user=0.16 sys=0.00, real=0.02 secs] 
2014-04-09T12:22:01.180+0900: 184.181: [CMS-concurrent-mark-start]
2014-04-09T12:22:02.895+0900: 185.897: [CMS-concurrent-mark: 1.716/1.716 secs] [Times: user=6.47 sys=0.18, real=1.71 secs] 
2014-04-09T12:22:02.896+0900: 185.897: [CMS-concurrent-preclean-start]
2014-04-09T12:22:02.968+0900: 185.969: [CMS-concurrent-preclean: 0.072/0.072 secs] [Times: user=0.07 sys=0.00, real=0.08 secs] 
2014-04-09T12:22:02.968+0900: 185.969: [CMS-concurrent-abortable-preclean-start]
 CMS: abort preclean due to time 2014-04-09T12:22:08.051+0900: 191.052: [CMS-concurrent-abortable-preclean: 2.979/5.083 secs] [Times: user=3.37 sys=0.01, real=5.08 secs] 
2014-04-09T12:22:08.053+0900: 191.054: [GC (CMS Final Remark) [YG occupancy: 81624 K (118016 K)]191.054: [Rescan (parallel) , 0.0268138 secs]191.081: [weak refs processing, 0.0000719 secs]191.081: [class unloading, 0.0459613 secs]191.127: [scrub symbol table, 0.0043183 secs]191.132: [scrub string table, 0.0012220 secs][1 CMS-remark: 9736853K(25034752K)] 9818477K(25152768K), 0.0857612 secs] [Times: user=0.38 sys=0.00, real=0.09 secs] 
2014-04-09T12:22:08.140+0900: 191.141: [CMS-concurrent-sweep-start]
2014-04-09T12:22:09.363+0900: 192.364: [CMS-concurrent-sweep: 1.217/1.223 secs] [Times: user=1.23 sys=0.00, real=1.22 secs] 
2014-04-09T12:22:09.363+0900: 192.364: [CMS-concurrent-reset-start]
2014-04-09T12:22:09.441+0900: 192.442: [CMS-concurrent-reset: 0.078/0.078 secs] [Times: user=0.08 sys=0.00, real=0.08 secs] 
2014-04-09T12:22:11.442+0900: 194.443: [GC (CMS Initial Mark) [1 CMS-initial-mark: 8712803K(25034752K)] 8794568K(25152768K), 0.0135549 secs] [Times: user=0.15 sys=0.00, real=0.01 secs] 
2014-04-09T12:22:11.457+0900: 194.458: [CMS-concurrent-mark-start]
2014-04-09T12:22:13.334+0900: 196.335: [CMS-concurrent-mark: 1.877/1.877 secs] [Times: user=7.01 sys=0.22, real=1.88 secs] 
2014-04-09T12:22:13.334+0900: 196.335: [CMS-concurrent-preclean-start]
2014-04-09T12:22:13.403+0900: 196.404: [CMS-concurrent-preclean: 0.069/0.069 secs] [Times: user=0.07 sys=0.00, real=0.07 secs] 
2014-04-09T12:22:13.403+0900: 196.404: [CMS-concurrent-abortable-preclean-start]
2014-04-09T12:22:14.566+0900: 197.567: [GC (Allocation Failure) 197.567: [ParNew: 104986K->304K(118016K), 0.0377874 secs] 8817789K->8713108K(25152768K), 0.0380993 secs] [Times: user=0.47 sys=0.00, real=0.04 secs] 
2014-04-09T12:22:14.661+0900: 197.663: [GC (Allocation Failure) 197.663: [ParNew: 105264K->407K(118016K), 0.0359170 secs] 8818068K->8713210K(25152768K), 0.0362137 secs] [Times: user=0.45 sys=0.00, real=0.03 secs] 
2014-04-09T12:22:14.787+0900: 197.788: [CMS-concurrent-abortable-preclean: 0.804/1.384 secs] [Times: user=2.45 sys=0.01, real=1.38 secs] 
2014-04-09T12:22:14.789+0900: 197.790: [GC (Allocation Failure) 197.790: [ParNew: 105367K->466K(118016K), 0.0362269 secs] 8818170K->8713270K(25152768K), 0.0365119 secs] [Times: user=0.45 sys=0.00, real=0.04 secs] 
2014-04-09T12:22:14.827+0900: 197.828: [GC (CMS Final Remark) [YG occupancy: 1274 K (118016 K)]197.828: [Rescan (parallel) , 0.0146475 secs]197.843: [weak refs processing, 0.0000710 secs]197.843: [class unloading, 0.0459768 secs]197.889: [scrub symbol table, 0.0043250 secs]197.893: [scrub string table, 0.0012171 secs][1 CMS-remark: 8712803K(25034752K)] 8714077K(25152768K), 0.0736220 secs] [Times: user=0.24 sys=0.00, real=0.08 secs] 
2014-04-09T12:22:14.902+0900: 197.903: [CMS-concurrent-sweep-start]
2014-04-09T12:22:14.946+0900: 197.947: [GC (Allocation Failure) 197.947: [ParNew: 105426K->526K(118016K), 0.0350249 secs] 8818226K->8713325K(25152768K), 0.0353245 secs] [Times: user=0.43 sys=0.00, real=0.04 secs] 
2014-04-09T12:22:15.025+0900: 198.026: [GC (Allocation Failure) 198.027: [ParNew: 105486K->429K(118016K), 0.0352003 secs] 8818281K->8713225K(25152768K), 0.0355019 secs] [Times: user=0.44 sys=0.01, real=0.04 secs] 
2014-04-09T12:22:15.103+0900: 198.104: [GC (Allocation Failure) 198.104: [ParNew: 105389K->514K(118016K), 0.0356428 secs] 8818185K->8713309K(25152768K), 0.0359312 secs] [Times: user=0.43 sys=0.01, real=0.03 secs] 
2014-04-09T12:22:15.181+0900: 198.182: [GC (Allocation Failure) 198.182: [ParNew: 105474K->169K(118016K), 0.0352125 secs] 8818269K->8713247K(25152768K), 0.0355024 secs] [Times: user=0.43 sys=0.01, real=0.03 secs] 
2014-04-09T12:22:15.261+0900: 198.262: [GC (Allocation Failure) 198.262: [ParNew: 105129K->58K(118016K), 0.0339974 secs] 8818204K->8713134K(25152768K), 0.0342683 secs] [Times: user=0.43 sys=0.01, real=0.03 secs] 
2014-04-09T12:22:15.337+0900: 198.338: [GC (Allocation Failure) 198.338: [ParNew: 105018K->54K(118016K), 0.0332960 secs] 8818094K->8713149K(25152768K), 0.0335668 secs] [Times: user=0.41 sys=0.00, real=0.04 secs] 
2014-04-09T12:22:15.417+0900: 198.418: [GC (Allocation Failure) 198.418: [ParNew: 105014K->57K(118016K), 0.0338117 secs] 8818108K->8713152K(25152768K), 0.0340815 secs] [Times: user=0.43 sys=0.00, real=0.04 secs] 
2014-04-09T12:22:15.496+0900: 198.497: [GC (Allocation Failure) 198.497: [ParNew: 105017K->62K(118016K), 0.0337675 secs] 8818111K->8713157K(25152768K), 0.0340472 secs] [Times: user=0.43 sys=0.01, real=0.04 secs] 
2014-04-09T12:22:15.579+0900: 198.580: [GC (Allocation Failure) 198.581: [ParNew: 105022K->69K(118016K), 0.0340200 secs] 8818115K->8713163K(25152768K), 0.0342893 secs] [Times: user=0.43 sys=0.00, real=0.03 secs] 
2014-04-09T12:22:15.659+0900: 198.661: [GC (Allocation Failure) 198.661: [ParNew: 105029K->60K(118016K), 0.0327640 secs] 8818122K->8713153K(25152768K), 0.0330338 secs] [Times: user=0.41 sys=0.00, real=0.03 secs] 
2014-04-09T12:22:15.737+0900: 198.738: [GC (Allocation Failure) 198.738: [ParNew: 105020K->65K(118016K), 0.0345381 secs] 8818113K->8713159K(25152768K), 0.0348028 secs] [Times: user=0.43 sys=0.00, real=0.04 secs] 
2014-04-09T12:22:15.815+0900: 198.816: [GC (Allocation Failure) 198.816: [ParNew: 105025K->28K(118016K), 0.0329108 secs] 8818119K->8713152K(25152768K), 0.0331711 secs] [Times: user=0.42 sys=0.00, real=0.03 secs] 
2014-04-09T12:22:15.890+0900: 198.891: [GC (Allocation Failure) 198.891: [ParNew: 104988K->58K(118016K), 0.0359448 secs] 8818112K->8713182K(25152768K), 0.0362093 secs] [Times: user=0.45 sys=0.00, real=0.03 secs] 
2014-04-09T12:22:15.974+0900: 198.975: [GC (Allocation Failure) 198.975: [ParNew: 105018K->192K(118016K), 0.0354304 secs] 8818142K->8713323K(25152768K), 0.0357081 secs] [Times: user=0.48 sys=0.00, real=0.04 secs] 
2014-04-09T12:22:16.052+0900: 199.053: [GC (Allocation Failure) 199.054: [ParNew: 105152K->13053K(118016K), 0.0334808 secs] 8818283K->8726208K(25152768K), 0.0337535 secs] [Times: user=0.41 sys=0.00, real=0.03 secs] 
2014-04-09T12:22:16.146+0900: 199.147: [GC (Allocation Failure) 199.147: [ParNew: 115665K->13056K(118016K), 0.0367477 secs] 8828820K->8750411K(25152768K), 0.0370157 secs] [Times: user=0.46 sys=0.01, real=0.04 secs] 
2014-04-09T12:22:16.220+0900: 199.221: [GC (Allocation Failure) 199.222: [ParNew: 118016K->11085K(118016K), 0.0487957 secs] 8855371K->8802855K(25152768K), 0.0490748 secs] [Times: user=0.61 sys=0.01, real=0.05 secs] 
2014-04-09T12:22:16.313+0900: 199.315: [GC (Allocation Failure) 199.315: [ParNew: 113630K->13055K(118016K), 0.0494581 secs] 8905400K->8854129K(25152768K), 0.0497235 secs] [Times: user=0.61 sys=0.00, real=0.05 secs] 
2014-04-09T12:22:16.396+0900: 199.397: [GC (Allocation Failure) 199.397: [ParNew: 109100K->13055K(118016K), 0.0504544 secs] 8950174K->8913538K(25152768K), 0.0507449 secs] [Times: user=0.61 sys=0.00, real=0.05 secs] 
2014-04-09T12:22:16.479+0900: 199.480: [GC (Allocation Failure) 199.480: [ParNew: 118013K->13056K(118016K), 0.0641878 secs] 9018496K->8969252K(25152768K), 0.0644509 secs] [Times: user=0.69 sys=0.02, real=0.07 secs] 
2014-04-09T12:22:16.581+0900: 199.582: [GC (Allocation Failure) 199.582: [ParNew: 118016K->13056K(118016K), 0.0621360 secs] 9074212K->9032304K(25152768K), 0.0624005 secs] [Times: user=0.66 sys=0.02, real=0.06 secs] 
2014-04-09T12:22:16.683+0900: 199.684: [GC (Allocation Failure) 199.685: [ParNew: 118016K->5705K(118016K), 0.0453408 secs] 9137263K->9048139K(25152768K), 0.0456029 secs] [Times: user=0.56 sys=0.01, real=0.04 secs] 
2014-04-09T12:22:16.803+0900: 199.804: [GC (Allocation Failure) 199.804: [ParNew: 110665K->13056K(118016K), 0.0494426 secs] 9153099K->9072598K(25152768K), 0.0497120 secs] [Times: user=0.62 sys=0.00, real=0.05 secs] 
2014-04-09T12:22:16.901+0900: 199.902: [GC (Allocation Failure) 199.902: [ParNew: 112991K->13056K(118016K), 0.0543338 secs] 9172533K->9114885K(25152768K), 0.0546117 secs] [Times: user=0.61 sys=0.02, real=0.05 secs] 
2014-04-09T12:22:17.003+0900: 200.004: [GC (Allocation Failure) 200.004: [ParNew: 118016K->13056K(118016K), 0.0487571 secs] 9219838K->9169720K(25152768K), 0.0490251 secs] [Times: user=0.59 sys=0.01, real=0.05 secs] 
2014-04-09T12:22:17.085+0900: 200.086: [GC (Allocation Failure) 200.086: [ParNew: 110578K->13056K(118016K), 0.0463846 secs] 9267242K->9212043K(25152768K), 0.0466565 secs] [Times: user=0.56 sys=0.01, real=0.05 secs] 
2014-04-09T12:22:17.166+0900: 200.167: [GC (Allocation Failure) 200.167: [ParNew: 118016K->13056K(118016K), 0.0483957 secs] 9317003K->9256610K(25152768K), 0.0486620 secs] [Times: user=0.51 sys=0.00, real=0.05 secs] 
2014-04-09T12:22:17.257+0900: 200.258: [GC (Allocation Failure) 200.258: [ParNew: 114950K->13056K(118016K), 0.0837432 secs] 9358504K->9301163K(25152768K), 0.0840170 secs] [Times: user=0.73 sys=0.01, real=0.09 secs] 
2014-04-09T12:22:17.386+0900: 200.387: [GC (Allocation Failure) 200.387: [ParNew: 113231K->13056K(118016K), 0.0625190 secs] 9401339K->9334000K(25152768K), 0.0627918 secs] [Times: user=0.68 sys=0.03, real=0.06 secs] 
2014-04-09T12:22:17.501+0900: 200.502: [GC (Allocation Failure) 200.502: [ParNew: 116531K->13056K(118016K), 0.0521519 secs] 9437475K->9361790K(25152768K), 0.0524365 secs] [Times: user=0.60 sys=0.02, real=0.05 secs] 
2014-04-09T12:22:17.595+0900: 200.596: [GC (Allocation Failure) 200.596: [ParNew: 118016K->13056K(118016K), 0.0504687 secs] 9466750K->9396753K(25152768K), 0.0507563 secs] [Times: user=0.62 sys=0.01, real=0.05 secs] 
2014-04-09T12:22:17.713+0900: 200.714: [GC (Allocation Failure) 200.715: [ParNew: 116756K->13056K(118016K), 0.0704864 secs] 9500454K->9442400K(25152768K), 0.0707653 secs] [Times: user=0.72 sys=0.01, real=0.07 secs] 
2014-04-09T12:22:17.863+0900: 200.864: [GC (Allocation Failure) 200.864: [ParNew: 113074K->13056K(118016K), 0.0437136 secs] 9542418K->9483321K(25152768K), 0.0439993 secs] [Times: user=0.54 sys=0.00, real=0.04 secs] 
2014-04-09T12:22:17.983+0900: 200.984: [GC (Allocation Failure) 200.984: [ParNew: 118016K->13056K(118016K), 0.0507149 secs] 9588281K->9526586K(25152768K), 0.0509907 secs] [Times: user=0.62 sys=0.00, real=0.05 secs] 
2014-04-09T12:22:18.039+0900: 201.040: [CMS-concurrent-sweep: 1.531/3.138 secs] [Times: user=27.76 sys=0.51, real=3.14 secs] 
2014-04-09T12:22:18.040+0900: 201.041: [CMS-concurrent-reset-start]
2014-04-09T12:22:18.129+0900: 201.130: [CMS-concurrent-reset: 0.089/0.089 secs] [Times: user=0.27 sys=0.00, real=0.08 secs] 
2014-04-09T12:22:18.146+0900: 201.147: [GC (Allocation Failure) 201.147: [ParNew: 118016K->13056K(118016K), 0.0619966 secs] 9631546K->9557446K(25152768K), 0.0622558 secs] [Times: user=0.59 sys=0.01, real=0.06 secs] 
2014-04-09T12:22:18.210+0900: 201.211: [GC (CMS Initial Mark) [1 CMS-initial-mark: 9544390K(25034752K)] 9560343K(25152768K), 0.0015767 secs] [Times: user=0.01 sys=0.00, real=0.00 secs] 
2014-04-09T12:22:18.212+0900: 201.213: [CMS-concurrent-mark-start]
2014-04-09T12:22:18.273+0900: 201.274: [GC (Allocation Failure) 201.274: [ParNew: 118016K->13056K(118016K), 0.0530842 secs] 9662406K->9599899K(25152768K), 0.0533651 secs] [Times: user=0.65 sys=0.00, real=0.05 secs] 
2014-04-09T12:22:18.436+0900: 201.437: [GC (Allocation Failure) 201.438: [ParNew: 118016K->13056K(118016K), 0.0524833 secs] 9704859K->9618219K(25152768K), 0.0527625 secs] [Times: user=0.60 sys=0.02, real=0.05 secs] 
2014-04-09T12:22:18.577+0900: 201.578: [GC (Allocation Failure) 201.578: [ParNew: 111243K->13056K(118016K), 0.0557660 secs] 9716407K->9652833K(25152768K), 0.0560468 secs] [Times: user=0.56 sys=0.02, real=0.06 secs] 
2014-04-09T12:22:18.670+0900: 201.671: [GC (Allocation Failure) 201.671: [ParNew: 115659K->8654K(118016K), 0.0455503 secs] 9755436K->9727748K(25152768K), 0.0458242 secs] [Times: user=0.58 sys=0.00, real=0.04 secs] 
2014-04-09T12:22:18.772+0900: 201.773: [GC (Allocation Failure) 201.773: [ParNew: 113614K->13056K(118016K), 0.0902993 secs] 9832708K->9788182K(25152768K), 0.0905606 secs] [Times: user=0.63 sys=0.03, real=0.09 secs] 
2014-04-09T12:22:18.897+0900: 201.898: [GC (Allocation Failure) 201.898: [ParNew: 118016K->13056K(118016K), 0.1001157 secs] 9893142K->9838280K(25152768K), 0.1003803 secs] [Times: user=0.61 sys=0.04, real=0.10 secs] 
2014-04-09T12:22:19.057+0900: 202.058: [GC (Allocation Failure) 202.058: [ParNew: 118016K->11686K(118016K), 0.0474576 secs] 9943240K->9849954K(25152768K), 0.0477235 secs] [Times: user=0.60 sys=0.00, real=0.05 secs] 
2014-04-09T12:22:19.166+0900: 202.167: [GC (Allocation Failure) 202.167: [ParNew: 116110K->13056K(118016K), 0.0584692 secs] 9954377K->9869577K(25152768K), 0.0587356 secs] [Times: user=0.69 sys=0.01, real=0.06 secs] 
2014-04-09T12:22:19.301+0900: 202.302: [GC (Allocation Failure) 202.303: [ParNew: 112944K->13056K(118016K), 0.0419132 secs] 9969466K->9908720K(25152768K), 0.0422013 secs] [Times: user=0.52 sys=0.01, real=0.04 secs] 
2014-04-09T12:22:19.395+0900: 202.396: [GC (Allocation Failure) 202.396: [ParNew: 112676K->13056K(118016K), 0.0435606 secs] 10008341K->9976810K(25152768K), 0.0438295 secs] [Times: user=0.55 sys=0.01, real=0.04 secs] 
2014-04-09T12:22:19.478+0900: 202.479: [GC (Allocation Failure) 202.479: [ParNew: 110803K->13056K(118016K), 0.0509149 secs] 10074557K->10013839K(25152768K), 0.0511916 secs] [Times: user=0.61 sys=0.02, real=0.05 secs] 
2014-04-09T12:22:19.590+0900: 202.592: [GC (Allocation Failure) 202.592: [ParNew: 118016K->13056K(118016K), 0.0610766 secs] 10118799K->10068303K(25152768K), 0.0613444 secs] [Times: user=0.53 sys=0.01, real=0.06 secs] 
2014-04-09T12:22:19.748+0900: 202.749: [GC (Allocation Failure) 202.750: [ParNew: 118016K->13056K(118016K), 0.0634004 secs] 10173263K->10089536K(25152768K), 0.0636487 secs] [Times: user=0.59 sys=0.01, real=0.07 secs] 
2014-04-09T12:22:19.910+0900: 202.911: [GC (Allocation Failure) 202.911: [ParNew: 117854K->13056K(118016K), 0.0587656 secs] 10194335K->10125316K(25152768K), 0.0590201 secs] [Times: user=0.63 sys=0.01, real=0.05 secs] 
2014-04-09T12:22:20.028+0900: 203.030: [GC (Allocation Failure) 203.030: [ParNew: 118016K->6472K(118016K), 0.0467632 secs] 10230276K->10159454K(25152768K), 0.0470236 secs] [Times: user=0.60 sys=0.00, real=0.05 secs] 
2014-04-09T12:22:20.114+0900: 203.115: [GC (Allocation Failure) 203.115: [ParNew: 111432K->13056K(118016K), 0.0467857 secs] 10264414K->10210899K(25152768K), 0.0470470 secs] [Times: user=0.57 sys=0.01, real=0.05 secs] 
2014-04-09T12:22:20.250+0900: 203.251: [GC (Allocation Failure) 203.251: [ParNew: 118016K->13056K(118016K), 0.0855444 secs] 10315859K->10250399K(25152768K), 0.0857962 secs] [Times: user=0.72 sys=0.03, real=0.08 secs] 
2014-04-09T12:22:20.409+0900: 203.410: [GC (Allocation Failure) 203.410: [ParNew: 118016K->13056K(118016K), 0.0590562 secs] 10355359K->10275237K(25152768K), 0.0593048 secs] [Times: user=0.66 sys=0.01, real=0.06 secs] 
2014-04-09T12:22:20.529+0900: 203.530: [GC (Allocation Failure) 203.530: [ParNew: 118016K->13056K(118016K), 0.0534864 secs] 10380197K->10325161K(25152768K), 0.0537535 secs] [Times: user=0.67 sys=0.00, real=0.06 secs] 
2014-04-09T12:22:20.635+0900: 203.636: [GC (Allocation Failure) 203.636: [ParNew: 118016K->13056K(118016K), 0.0785588 secs] 10430121K->10403435K(25152768K), 0.0788143 secs] [Times: user=0.77 sys=0.03, real=0.08 secs] 
2014-04-09T12:22:20.767+0900: 203.768: [GC (Allocation Failure) 203.768: [ParNew: 118016K->13056K(118016K), 0.0612808 secs] 10508395K->10427754K(25152768K), 0.0615306 secs] [Times: user=0.69 sys=0.00, real=0.06 secs] 
2014-04-09T12:22:20.891+0900: 203.892: [GC (Allocation Failure) 203.892: [ParNew: 118016K->13056K(118016K), 0.0580690 secs] 10532714K->10446692K(25152768K), 0.0583198 secs] [Times: user=0.62 sys=0.02, real=0.05 secs] 
2014-04-09T12:22:21.021+0900: 204.022: [GC (Allocation Failure) 204.022: [ParNew: 117356K->13056K(118016K), 0.0512352 secs] 10550992K->10467426K(25152768K), 0.0514860 secs] [Times: user=0.56 sys=0.00, real=0.05 secs] 
2014-04-09T12:22:21.137+0900: 204.138: [GC (Allocation Failure) 204.138: [ParNew: 108214K->13056K(118016K), 0.0405885 secs] 10562585K->10517726K(25152768K), 0.0408491 secs] [Times: user=0.49 sys=0.02, real=0.04 secs] 
2014-04-09T12:22:21.220+0900: 204.221: [GC (Allocation Failure) 204.221: [ParNew: 109457K->13056K(118016K), 0.0517151 secs] 10614127K->10570712K(25152768K), 0.0519620 secs] [Times: user=0.64 sys=0.01, real=0.06 secs] 
2014-04-09T12:22:21.317+0900: 204.318: [GC (Allocation Failure) 204.318: [ParNew: 118009K->13056K(118016K), 0.0650375 secs] 10675665K->10625295K(25152768K), 0.0652827 secs] [Times: user=0.52 sys=0.02, real=0.07 secs] 
2014-04-09T12:22:21.432+0900: 204.433: [GC (Allocation Failure) 204.433: [ParNew: 118016K->13056K(118016K), 0.0509584 secs] 10730255K->10672478K(25152768K), 0.0512037 secs] [Times: user=0.64 sys=0.00, real=0.05 secs] 
2014-04-09T12:22:21.569+0900: 204.570: [GC (Allocation Failure) 204.570: [ParNew: 118016K->13056K(118016K), 0.0640446 secs] 10777438K->10701807K(25152768K), 0.0643014 secs] [Times: user=0.56 sys=0.02, real=0.07 secs] 
2014-04-09T12:22:21.710+0900: 204.711: [GC (Allocation Failure) 204.711: [ParNew: 118016K->13056K(118016K), 0.0555105 secs] 10806767K->10728767K(25152768K), 0.0557683 secs] [Times: user=0.54 sys=0.03, real=0.06 secs] 
2014-04-09T12:22:21.779+0900: 204.780: [CMS-concurrent-mark: 1.825/3.567 secs] [Times: user=31.07 sys=0.99, real=3.56 secs] 
2014-04-09T12:22:21.779+0900: 204.780: [CMS-concurrent-preclean-start]
2014-04-09T12:22:21.886+0900: 204.887: [GC (Allocation Failure) 204.887: [ParNew: 117990K->13056K(118016K), 0.0379553 secs] 10833701K->10742627K(25152768K), 0.0382023 secs] [Times: user=0.48 sys=0.00, real=0.04 secs] 
2014-04-09T12:22:21.961+0900: 204.962: [GC (Allocation Failure) 204.962: [ParNew: 111185K->11262K(118016K), 0.0414528 secs] 10840756K->10782080K(25152768K), 0.0417032 secs] [Times: user=0.53 sys=0.00, real=0.04 secs] 
2014-04-09T12:22:22.096+0900: 205.097: [GC (Allocation Failure) 205.098: [ParNew: 116222K->13056K(118016K), 0.0943954 secs] 10887040K->10814208K(25152768K), 0.0946442 secs] [Times: user=0.52 sys=0.04, real=0.10 secs] 
2014-04-09T12:22:22.291+0900: 205.292: [GC (Allocation Failure) 205.292: [ParNew: 118016K->13056K(118016K), 0.0630150 secs] 10919168K->10837404K(25152768K), 0.0632705 secs] [Times: user=0.68 sys=0.02, real=0.06 secs] 
2014-04-09T12:22:22.472+0900: 205.473: [GC (Allocation Failure) 205.474: [ParNew: 109671K->8788K(118016K), 0.0458317 secs] 10934020K->10843377K(25152768K), 0.0460914 secs] [Times: user=0.58 sys=0.00, real=0.04 secs] 
2014-04-09T12:22:22.582+0900: 205.583: [GC (Allocation Failure) 205.583: [ParNew: 104115K->13056K(118016K), 0.0543788 secs] 10938704K->10891215K(25152768K), 0.0546238 secs] [Times: user=0.66 sys=0.00, real=0.05 secs] 
2014-04-09T12:22:22.697+0900: 205.698: [GC (Allocation Failure) 205.699: [ParNew: 118016K->13056K(118016K), 0.0541554 secs] 10996175K->10925324K(25152768K), 0.0544192 secs] [Times: user=0.50 sys=0.01, real=0.06 secs] 
2014-04-09T12:22:22.843+0900: 205.844: [GC (Allocation Failure) 205.844: [ParNew: 118016K->13056K(118016K), 0.0591912 secs] 11030284K->10946420K(25152768K), 0.0594663 secs] [Times: user=0.52 sys=0.01, real=0.06 secs] 
2014-04-09T12:22:23.001+0900: 206.002: [GC (Allocation Failure) 206.003: [ParNew: 118016K->11815K(118016K), 0.0542763 secs] 11051380K->10958201K(25152768K), 0.0545245 secs] [Times: user=0.59 sys=0.01, real=0.05 secs] 
2014-04-09T12:22:23.161+0900: 206.162: [GC (Allocation Failure) 206.162: [ParNew: 116763K->13056K(118016K), 0.0444073 secs] 11063149K->10982321K(25152768K), 0.0446650 secs] [Times: user=0.52 sys=0.01, real=0.04 secs] 
2014-04-09T12:22:23.247+0900: 206.248: [GC (Allocation Failure) 206.248: [ParNew: 118016K->13056K(118016K), 0.0413332 secs] 11087281K->11044375K(25152768K), 0.0415853 secs] [Times: user=0.51 sys=0.00, real=0.04 secs] 
2014-04-09T12:22:23.363+0900: 206.364: [GC (Allocation Failure) 206.364: [ParNew: 118016K->13056K(118016K), 0.1008254 secs] 11149335K->11104180K(25152768K), 0.1010670 secs] [Times: user=0.79 sys=0.04, real=0.10 secs] 
2014-04-09T12:22:23.544+0900: 206.545: [CMS-concurrent-preclean: 0.926/1.765 secs] [Times: user=10.26 sys=0.32, real=1.77 secs] 
2014-04-09T12:22:23.544+0900: 206.545: [CMS-concurrent-abortable-preclean-start]
2014-04-09T12:22:23.550+0900: 206.551: [GC (Allocation Failure) 206.551: [ParNew: 118016K->13056K(118016K), 0.0774255 secs] 11209140K->11126021K(25152768K), 0.0776545 secs] [Times: user=0.65 sys=0.03, real=0.08 secs] 
2014-04-09T12:22:23.726+0900: 206.727: [GC (Allocation Failure) 206.727: [ParNew: 116271K->13056K(118016K), 0.0549054 secs] 11229237K->11144958K(25152768K), 0.0551694 secs] [Times: user=0.55 sys=0.02, real=0.06 secs] 
2014-04-09T12:22:23.816+0900: 206.818: [GC (Allocation Failure) 206.818: [ParNew: 110834K->9866K(118016K), 0.0422915 secs] 11242737K->11209181K(25152768K), 0.0425457 secs] [Times: user=0.54 sys=0.00, real=0.04 secs] 
2014-04-09T12:22:23.892+0900: 206.893: [GC (Allocation Failure) 206.894: [ParNew: 114826K->13056K(118016K), 0.0522340 secs] 11314141K->11271340K(25152768K), 0.0524785 secs] [Times: user=0.64 sys=0.00, real=0.05 secs] 
2014-04-09T12:22:23.986+0900: 206.987: [GC (Allocation Failure) 206.987: [ParNew: 118016K->13056K(118016K), 0.1058792 secs] 11376300K->11332427K(25152768K), 0.1061288 secs] [Times: user=0.78 sys=0.05, real=0.11 secs] 
2014-04-09T12:22:24.165+0900: 207.166: [CMS-concurrent-abortable-preclean: 0.256/0.621 secs] [Times: user=4.54 sys=0.18, real=0.62 secs] 
2014-04-09T12:22:24.166+0900: 207.167: [GC (Allocation Failure) 207.168: [ParNew: 118016K->13056K(118016K), 0.0505480 secs] 11437387K->11369267K(25152768K), 0.0507888 secs] [Times: user=0.62 sys=0.01, real=0.05 secs] 
2014-04-09T12:22:24.221+0900: 207.222: [GC (CMS Final Remark) [YG occupancy: 33922 K (118016 K)]207.222: [Rescan (parallel) , 0.0207392 secs]207.243: [weak refs processing, 0.0001277 secs]207.243: [class unloading, 0.0462378 secs]207.289: [scrub symbol table, 0.0043142 secs]207.293: [scrub string table, 0.0012193 secs][1 CMS-remark: 11356211K(25034752K)] 11390133K(25152768K), 0.0803187 secs] [Times: user=0.32 sys=0.00, real=0.08 secs] 
2014-04-09T12:22:24.302+0900: 207.303: [CMS-concurrent-sweep-start]
2014-04-09T12:22:24.340+0900: 207.341: [GC (Allocation Failure) 207.341: [ParNew: 118016K->13056K(118016K), 0.0591124 secs] 11460595K->11404229K(25152768K), 0.0593718 secs] [Times: user=0.67 sys=0.01, real=0.06 secs] 
2014-04-09T12:22:24.446+0900: 207.447: [GC (Allocation Failure) 207.447: [ParNew: 118016K->13056K(118016K), 0.0595346 secs] 11486396K->11401180K(25152768K), 0.0597811 secs] [Times: user=0.70 sys=0.01, real=0.06 secs] 
2014-04-09T12:22:24.557+0900: 207.558: [GC (Allocation Failure) 207.558: [ParNew: 115055K->13056K(118016K), 0.0479214 secs] 11479347K->11399237K(25152768K), 0.0481719 secs] [Times: user=0.58 sys=0.00, real=0.05 secs] 
2014-04-09T12:22:24.658+0900: 207.660: [GC (Allocation Failure) 207.660: [ParNew: 109168K->13056K(118016K), 0.0445445 secs] 11465037K->11404953K(25152768K), 0.0447919 secs] [Times: user=0.53 sys=0.00, real=0.05 secs] 
2014-04-09T12:22:24.739+0900: 207.740: [GC (Allocation Failure) 207.740: [ParNew: 118016K->13056K(118016K), 0.0485110 secs] 11492068K->11429258K(25152768K), 0.0487770 secs] [Times: user=0.61 sys=0.00, real=0.05 secs] 
2014-04-09T12:22:24.818+0900: 207.819: [GC (Allocation Failure) 207.819: [ParNew: 111790K->13056K(118016K), 0.0559787 secs] 11510878K->11478080K(25152768K), 0.0562280 secs] [Times: user=0.69 sys=0.01, real=0.06 secs] 
2014-04-09T12:22:24.903+0900: 207.904: [GC (Allocation Failure) 207.904: [ParNew: 118015K->13056K(118016K), 0.0427886 secs] 11564700K->11502404K(25152768K), 0.0430395 secs] [Times: user=0.51 sys=0.01, real=0.04 secs] 
2014-04-09T12:22:24.995+0900: 207.996: [GC (Allocation Failure) 207.996: [ParNew: 118016K->13056K(118016K), 0.0439951 secs] 11574289K->11517995K(25152768K), 0.0442472 secs] [Times: user=0.48 sys=0.01, real=0.04 secs] 
2014-04-09T12:22:25.093+0900: 208.094: [GC (Allocation Failure) 208.094: [ParNew: 118016K->13056K(118016K), 0.0540363 secs] 11594601K->11539503K(25152768K), 0.0542855 secs] [Times: user=0.62 sys=0.01, real=0.05 secs] 
2014-04-09T12:22:25.204+0900: 208.205: [GC (Allocation Failure) 208.205: [ParNew: 118016K->13056K(118016K), 0.0536505 secs] 11618971K->11557454K(25152768K), 0.0538994 secs] [Times: user=0.63 sys=0.01, real=0.05 secs] 
2014-04-09T12:22:25.318+0900: 208.320: [GC (Allocation Failure) 208.320: [ParNew: 118016K->13056K(118016K), 0.0417517 secs] 11622552K->11541165K(25152768K), 0.0420060 secs] [Times: user=0.48 sys=0.01, real=0.05 secs] 
2014-04-09T12:22:25.403+0900: 208.404: [GC (Allocation Failure) 208.404: [ParNew: 118016K->7850K(118016K), 0.0498913 secs] 11626576K->11562189K(25152768K), 0.0501356 secs] [Times: user=0.61 sys=0.01, real=0.05 secs] 
2014-04-09T12:22:25.506+0900: 208.507: [GC (Allocation Failure) 208.507: [ParNew: 112809K->13056K(118016K), 0.0486986 secs] 11630423K->11569925K(25152768K), 0.0489518 secs] [Times: user=0.59 sys=0.02, real=0.05 secs] 
2014-04-09T12:22:25.594+0900: 208.595: [GC (Allocation Failure) 208.595: [ParNew: 118014K->13056K(118016K), 0.0412766 secs] 11650917K->11592452K(25152768K), 0.0415217 secs] [Times: user=0.48 sys=0.01, real=0.04 secs] 
2014-04-09T12:22:25.682+0900: 208.683: [GC (Allocation Failure) 208.683: [ParNew: 112736K->13056K(118016K), 0.0496390 secs] 11663026K->11598770K(25152768K), 0.0498865 secs] [Times: user=0.59 sys=0.01, real=0.05 secs] 
2014-04-09T12:22:25.785+0900: 208.786: [GC (Allocation Failure) 208.786: [ParNew: 118016K->13056K(118016K), 0.0493546 secs] 11670802K->11605821K(25152768K), 0.0495924 secs] [Times: user=0.50 sys=0.02, real=0.05 secs] 
2014-04-09T12:22:25.869+0900: 208.870: [GC (Allocation Failure) 208.870: [ParNew: 118016K->13056K(118016K), 0.0435218 secs] 11687913K->11631663K(25152768K), 0.0437597 secs] [Times: user=0.50 sys=0.02, real=0.05 secs] 
2014-04-09T12:22:25.975+0900: 208.977: [GC (Allocation Failure) 208.977: [ParNew: 115961K->13056K(118016K), 0.0558480 secs] 11689095K->11611043K(25152768K), 0.0560861 secs] [Times: user=0.66 sys=0.01, real=0.06 secs] 
2014-04-09T12:22:26.084+0900: 209.085: [GC (Allocation Failure) 209.085: [ParNew: 118016K->13056K(118016K), 0.0486558 secs] 11679229K->11588368K(25152768K), 0.0488896 secs] [Times: user=0.59 sys=0.00, real=0.05 secs] 
2014-04-09T12:22:26.172+0900: 209.173: [GC (Allocation Failure) 209.173: [ParNew: 118016K->7832K(118016K), 0.0451227 secs] 11665578K->11587777K(25152768K), 0.0453712 secs] [Times: user=0.56 sys=0.01, real=0.04 secs] 
2014-04-09T12:22:26.280+0900: 209.281: [GC (Allocation Failure) 209.281: [ParNew: 112792K->13056K(118016K), 0.0417145 secs] 11647975K->11584157K(25152768K), 0.0419469 secs] [Times: user=0.44 sys=0.01, real=0.05 secs] 
2014-04-09T12:22:26.367+0900: 209.368: [GC (Allocation Failure) 209.368: [ParNew: 118016K->13056K(118016K), 0.0556151 secs] 11651620K->11602056K(25152768K), 0.0558483 secs] [Times: user=0.67 sys=0.02, real=0.06 secs] 
2014-04-09T12:22:26.465+0900: 209.466: [GC (Allocation Failure) 209.466: [ParNew: 117512K->13055K(118016K), 0.0456686 secs] 11669152K->11596786K(25152768K), 0.0459016 secs] [Times: user=0.55 sys=0.01, real=0.05 secs] 
2014-04-09T12:22:26.564+0900: 209.565: [GC (Allocation Failure) 209.565: [ParNew: 114287K->13056K(118016K), 0.0470029 secs] 11653746K->11581913K(25152768K), 0.0472348 secs] [Times: user=0.56 sys=0.01, real=0.05 secs] 
2014-04-09T12:22:26.687+0900: 209.688: [GC (Allocation Failure) 209.689: [ParNew: 118016K->13056K(118016K), 0.0469389 secs] 11621858K->11549822K(25152768K), 0.0471701 secs] [Times: user=0.57 sys=0.01, real=0.05 secs] 
2014-04-09T12:22:26.840+0900: 209.841: [GC (Allocation Failure) 209.841: [ParNew: 113596K->13056K(118016K), 0.0440475 secs] 11548272K->11469685K(25152768K), 0.0442776 secs] [Times: user=0.53 sys=0.00, real=0.05 secs] 
2014-04-09T12:22:26.948+0900: 209.949: [GC (Allocation Failure) 209.949: [ParNew: 118014K->13056K(118016K), 0.0437232 secs] 11521313K->11449970K(25152768K), 0.0439520 secs] [Times: user=0.53 sys=0.01, real=0.05 secs] 
2014-04-09T12:22:27.056+0900: 210.057: [GC (Allocation Failure) 210.057: [ParNew: 118016K->13056K(118016K), 0.0459864 secs] 11501915K->11437931K(25152768K), 0.0462119 secs] [Times: user=0.56 sys=0.01, real=0.05 secs] 
2014-04-09T12:22:27.209+0900: 210.210: [GC (Allocation Failure) 210.210: [ParNew: 117545K->13056K(118016K), 0.0515876 secs] 11454696K->11367081K(25152768K), 0.0518238 secs] [Times: user=0.61 sys=0.00, real=0.05 secs] 
2014-04-09T12:22:27.329+0900: 210.330: [GC (Allocation Failure) 210.331: [ParNew: 118016K->13056K(118016K), 0.0478971 secs] 11406708K->11348308K(25152768K), 0.0481348 secs] [Times: user=0.56 sys=0.01, real=0.05 secs] 
2014-04-09T12:22:27.428+0900: 210.430: [GC (Allocation Failure) 210.430: [ParNew: 111322K->13056K(118016K), 0.0466881 secs] 11355121K->11288302K(25152768K), 0.0469273 secs] [Times: user=0.59 sys=0.01, real=0.05 secs] 
2014-04-09T12:22:27.529+0900: 210.530: [GC (Allocation Failure) 210.530: [ParNew: 118016K->13056K(118016K), 0.0466976 secs] 11298303K->11249748K(25152768K), 0.0469229 secs] [Times: user=0.53 sys=0.01, real=0.05 secs] 
2014-04-09T12:22:27.604+0900: 210.605: [CMS-concurrent-sweep: 1.690/3.302 secs] [Times: user=26.48 sys=0.67, real=3.30 secs] 
2014-04-09T12:22:27.604+0900: 210.605: [CMS-concurrent-reset-start]
2014-04-09T12:22:27.618+0900: 210.619: [GC (Allocation Failure) 210.619: [ParNew: 118016K->13056K(118016K), 0.0449609 secs] 10834434K->10762456K(25152768K), 0.0451837 secs] [Times: user=0.56 sys=0.00, real=0.05 secs] 
2014-04-09T12:22:27.738+0900: 210.739: [CMS-concurrent-reset: 0.087/0.134 secs] [Times: user=0.86 sys=0.00, real=0.13 secs] 
2014-04-09T12:22:27.749+0900: 210.750: [GC (Allocation Failure) 210.750: [ParNew: 118016K->13056K(118016K), 0.0433829 secs] 10867416K->10781743K(25152768K), 0.0435835 secs] [Times: user=0.52 sys=0.00, real=0.05 secs] 
2014-04-09T12:22:27.794+0900: 210.795: [GC (CMS Initial Mark) [1 CMS-initial-mark: 10768687K(25034752K)] 10781865K(25152768K), 0.0013194 secs] [Times: user=0.01 sys=0.00, real=0.00 secs] 
2014-04-09T12:22:27.795+0900: 210.796: [CMS-concurrent-mark-start]
2014-04-09T12:22:27.929+0900: 210.931: [GC (Allocation Failure) 210.931: [ParNew: 109068K->13056K(118016K), 0.0428601 secs] 10877755K->10804448K(25152768K), 0.0430763 secs] [Times: user=0.49 sys=0.01, real=0.05 secs] 
2014-04-09T12:22:28.094+0900: 211.095: [GC (Allocation Failure) 211.095: [ParNew: 118016K->13056K(118016K), 0.0383436 secs] 10909408K->10837038K(25152768K), 0.0385521 secs] [Times: user=0.47 sys=0.01, real=0.04 secs] 
2014-04-09T12:22:28.304+0900: 211.305: [GC (Allocation Failure) 211.305: [ParNew: 118016K->13056K(118016K), 0.0397336 secs] 10941998K->10851211K(25152768K), 0.0399490 secs] [Times: user=0.49 sys=0.00, real=0.04 secs] 
2014-04-09T12:22:28.382+0900: 211.383: [GC (Allocation Failure) 211.383: [ParNew: 118016K->4350K(118016K), 0.0382357 secs] 10956171K->10850215K(25152768K), 0.0384458 secs] [Times: user=0.46 sys=0.01, real=0.03 secs] 
2014-04-09T12:22:28.465+0900: 211.466: [GC (Allocation Failure) 211.466: [ParNew: 109310K->1285K(118016K), 0.0319285 secs] 10955175K->10847150K(25152768K), 0.0321563 secs] [Times: user=0.40 sys=0.00, real=0.03 secs] 
2014-04-09T12:22:28.538+0900: 211.539: [GC (Allocation Failure) 211.539: [ParNew: 106245K->272K(118016K), 0.0322862 secs] 10952110K->10846136K(25152768K), 0.0324946 secs] [Times: user=0.41 sys=0.00, real=0.03 secs] 
2014-04-09T12:22:28.611+0900: 211.612: [GC (Allocation Failure) 211.612: [ParNew: 105232K->74K(118016K), 0.0319237 secs] 10951096K->10845939K(25152768K), 0.0321311 secs] [Times: user=0.41 sys=0.00, real=0.03 secs] 
2014-04-09T12:22:28.688+0900: 211.689: [GC (Allocation Failure) 211.689: [ParNew: 105034K->22K(118016K), 0.0335915 secs] 10950899K->10845886K(25152768K), 0.0337984 secs] [Times: user=0.43 sys=0.00, real=0.04 secs] 
2014-04-09T12:22:28.767+0900: 211.768: [GC (Allocation Failure) 211.768: [ParNew: 104982K->26K(118016K), 0.0317821 secs] 10950846K->10845890K(25152768K), 0.0319865 secs] [Times: user=0.41 sys=0.01, real=0.03 secs] 
2014-04-09T12:22:28.841+0900: 211.842: [GC (Allocation Failure) 211.842: [ParNew: 104986K->24K(118016K), 0.0348069 secs] 10950850K->10845889K(25152768K), 0.0350151 secs] [Times: user=0.45 sys=0.00, real=0.04 secs] 
2014-04-09T12:22:28.922+0900: 211.923: [GC (Allocation Failure) 211.923: [ParNew: 104984K->24K(118016K), 0.0332878 secs] 10950849K->10845889K(25152768K), 0.0334950 secs] [Times: user=0.42 sys=0.00, real=0.03 secs] 
2014-04-09T12:22:29.637+0900: 212.639: [CMS-concurrent-mark: 1.438/1.842 secs] [Times: user=13.25 sys=0.16, real=1.84 secs] 
2014-04-09T12:22:29.638+0900: 212.639: [CMS-concurrent-preclean-start]
2014-04-09T12:22:29.811+0900: 212.812: [CMS-concurrent-preclean: 0.165/0.173 secs] [Times: user=0.17 sys=0.00, real=0.17 secs] 
2014-04-09T12:22:29.811+0900: 212.812: [CMS-concurrent-abortable-preclean-start]
 CMS: abort preclean due to time 2014-04-09T12:22:34.882+0900: 217.883: [CMS-concurrent-abortable-preclean: 2.868/5.071 secs] [Times: user=2.90 sys=0.00, real=5.07 secs] 
2014-04-09T12:22:34.884+0900: 217.885: [GC (CMS Final Remark) [YG occupancy: 103427 K (118016 K)]217.885: [Rescan (parallel) , 0.0302232 secs]217.915: [weak refs processing, 0.0000886 secs]217.916: [class unloading, 0.0461807 secs]217.962: [scrub symbol table, 0.0043587 secs]217.966: [scrub string table, 0.0012226 secs][1 CMS-remark: 10845865K(25034752K)] 10949292K(25152768K), 0.0895401 secs] [Times: user=0.43 sys=0.00, real=0.09 secs] 
2014-04-09T12:22:34.975+0900: 217.976: [CMS-concurrent-sweep-start]
2014-04-09T12:22:36.315+0900: 219.316: [CMS-concurrent-sweep: 1.340/1.340 secs] [Times: user=1.34 sys=0.00, real=1.34 secs] 
2014-04-09T12:22:36.315+0900: 219.316: [CMS-concurrent-reset-start]
2014-04-09T12:22:36.393+0900: 219.394: [CMS-concurrent-reset: 0.078/0.078 secs] [Times: user=0.08 sys=0.00, real=0.08 secs] 
2014-04-09T12:22:38.394+0900: 221.395: [GC (CMS Initial Mark) [1 CMS-initial-mark: 8782015K(25034752K)] 8885575K(25152768K), 0.0164237 secs] [Times: user=0.19 sys=0.00, real=0.01 secs] 
2014-04-09T12:22:38.411+0900: 221.412: [CMS-concurrent-mark-start]
2014-04-09T12:22:40.184+0900: 223.185: [CMS-concurrent-mark: 1.773/1.773 secs] [Times: user=6.73 sys=0.19, real=1.78 secs] 
2014-04-09T12:22:40.184+0900: 223.185: [CMS-concurrent-preclean-start]
2014-04-09T12:22:40.253+0900: 223.254: [CMS-concurrent-preclean: 0.069/0.069 secs] [Times: user=0.07 sys=0.00, real=0.06 secs] 
2014-04-09T12:22:40.253+0900: 223.254: [CMS-concurrent-abortable-preclean-start]
2014-04-09T12:22:45.227+0900: 228.228: [GC (Allocation Failure) 228.228: [ParNew2014-04-09T12:22:45.241+0900: 228.242: [CMS-concurrent-abortable-preclean: 2.684/4.988 secs] [Times: user=2.90 sys=0.00, real=4.99 secs] 
: 104984K->114K(118016K), 0.0340571 secs] 8886999K->8782130K(25152768K), 0.0343414 secs] [Times: user=0.42 sys=0.01, real=0.03 secs] 
2014-04-09T12:22:45.264+0900: 228.265: [GC (CMS Final Remark) [YG occupancy: 716 K (118016 K)]228.265: [Rescan (parallel) , 0.0151504 secs]228.280: [weak refs processing, 0.0000640 secs]228.280: [class unloading, 0.0462613 secs]228.326: [scrub symbol table, 0.0043043 secs]228.331: [scrub string table, 0.0012168 secs][1 CMS-remark: 8782015K(25034752K)] 8782732K(25152768K), 0.0746948 secs] [Times: user=0.24 sys=0.00, real=0.07 secs] 
2014-04-09T12:22:45.340+0900: 228.341: [CMS-concurrent-sweep-start]
2014-04-09T12:22:45.394+0900: 228.395: [GC (Allocation Failure) 228.395: [ParNew: 105074K->270K(118016K), 0.0356156 secs] 8887087K->8782284K(25152768K), 0.0358721 secs] [Times: user=0.44 sys=0.00, real=0.03 secs] 
2014-04-09T12:22:45.489+0900: 228.491: [GC (Allocation Failure) 228.491: [ParNew: 105230K->359K(118016K), 0.0341825 secs] 8887243K->8782372K(25152768K), 0.0344349 secs] [Times: user=0.42 sys=0.00, real=0.04 secs] 
2014-04-09T12:22:45.591+0900: 228.592: [GC (Allocation Failure) 228.592: [ParNew: 105319K->395K(118016K), 0.0317940 secs] 8887330K->8782406K(25152768K), 0.0320493 secs] [Times: user=0.41 sys=0.00, real=0.03 secs] 
2014-04-09T12:22:45.672+0900: 228.673: [GC (Allocation Failure) 228.673: [ParNew: 105355K->411K(118016K), 0.0369663 secs] 8887365K->8782421K(25152768K), 0.0372129 secs] [Times: user=0.47 sys=0.00, real=0.04 secs] 
2014-04-09T12:22:45.758+0900: 228.759: [GC (Allocation Failure) 228.759: [ParNew: 105371K->359K(118016K), 0.0335597 secs] 8887379K->8782367K(25152768K), 0.0338090 secs] [Times: user=0.42 sys=0.00, real=0.03 secs] 
2014-04-09T12:22:45.841+0900: 228.842: [GC (Allocation Failure) 228.842: [ParNew: 105319K->309K(118016K), 0.0339794 secs] 8887325K->8782402K(25152768K), 0.0342383 secs] [Times: user=0.42 sys=0.00, real=0.04 secs] 
2014-04-09T12:22:45.926+0900: 228.927: [GC (Allocation Failure) 228.927: [ParNew: 105269K->103K(118016K), 0.0336122 secs] 8887298K->8782276K(25152768K), 0.0338467 secs] [Times: user=0.43 sys=0.00, real=0.03 secs] 
2014-04-09T12:22:46.011+0900: 229.012: [GC (Allocation Failure) 229.012: [ParNew: 105063K->64K(118016K), 0.0315427 secs] 8887214K->8782216K(25152768K), 0.0317660 secs] [Times: user=0.39 sys=0.00, real=0.03 secs] 
2014-04-09T12:22:46.095+0900: 229.096: [GC (Allocation Failure) 229.096: [ParNew: 105024K->67K(118016K), 0.0332977 secs] 8887173K->8782231K(25152768K), 0.0335267 secs] [Times: user=0.43 sys=0.00, real=0.03 secs] 
2014-04-09T12:22:46.180+0900: 229.181: [GC (Allocation Failure) 229.181: [ParNew: 105027K->54K(118016K), 0.0331156 secs] 8887166K->8782194K(25152768K), 0.0333480 secs] [Times: user=0.40 sys=0.01, real=0.04 secs] 
2014-04-09T12:22:46.265+0900: 229.266: [GC (Allocation Failure) 229.266: [ParNew: 105014K->60K(118016K), 0.0313479 secs] 8887092K->8782138K(25152768K), 0.0315636 secs] [Times: user=0.40 sys=0.00, real=0.03 secs] 
2014-04-09T12:22:46.346+0900: 229.347: [GC (Allocation Failure) 229.347: [ParNew: 105020K->56K(118016K), 0.0329991 secs] 8886754K->8781789K(25152768K), 0.0332154 secs] [Times: user=0.41 sys=0.00, real=0.03 secs] 
2014-04-09T12:22:46.428+0900: 229.430: [GC (Allocation Failure) 229.430: [ParNew: 105016K->53K(118016K), 0.0315016 secs] 8886328K->8781368K(25152768K), 0.0317204 secs] [Times: user=0.39 sys=0.00, real=0.03 secs] 
2014-04-09T12:22:46.509+0900: 229.511: [GC (Allocation Failure) 229.511: [ParNew: 105013K->34K(118016K), 0.0340720 secs] 8886324K->8781371K(25152768K), 0.0342888 secs] [Times: user=0.42 sys=0.01, real=0.04 secs] 
2014-04-09T12:22:46.591+0900: 229.592: [GC (Allocation Failure) 229.592: [ParNew: 104994K->42K(118016K), 0.0325148 secs] 8886330K->8781384K(25152768K), 0.0327323 secs] [Times: user=0.42 sys=0.00, real=0.04 secs] 
2014-04-09T12:22:46.672+0900: 229.673: [GC (Allocation Failure) 229.673: [ParNew: 105002K->155K(118016K), 0.0309236 secs] 8886344K->8781497K(25152768K), 0.0311448 secs] [Times: user=0.39 sys=0.00, real=0.03 secs] 
2014-04-09T12:22:46.755+0900: 229.756: [GC (Allocation Failure) 229.756: [ParNew: 104757K->9706K(118016K), 0.0332309 secs] 8886098K->8791047K(25152768K), 0.0334475 secs] [Times: user=0.42 sys=0.00, real=0.03 secs] 
2014-04-09T12:22:46.834+0900: 229.836: [GC (Allocation Failure) 229.836: [ParNew: 114666K->13055K(118016K), 0.0422612 secs] 8896005K->8825209K(25152768K), 0.0424771 secs] [Times: user=0.53 sys=0.00, real=0.04 secs] 
2014-04-09T12:22:46.955+0900: 229.956: [GC (Allocation Failure) 229.956: [ParNew: 117990K->13054K(118016K), 0.0343952 secs] 8930143K->8856857K(25152768K), 0.0346155 secs] [Times: user=0.43 sys=0.00, real=0.03 secs] 
2014-04-09T12:22:47.027+0900: 230.028: [GC (Allocation Failure) 230.028: [ParNew: 118014K->13054K(118016K), 0.0427658 secs] 8961814K->8915564K(25152768K), 0.0429860 secs] [Times: user=0.52 sys=0.01, real=0.04 secs] 
2014-04-09T12:22:47.106+0900: 230.107: [GC (Allocation Failure) 230.107: [ParNew: 112642K->13056K(118016K), 0.0484267 secs] 9015153K->8960103K(25152768K), 0.0486431 secs] [Times: user=0.59 sys=0.00, real=0.05 secs] 
2014-04-09T12:22:47.202+0900: 230.203: [GC (Allocation Failure) 230.203: [ParNew: 118014K->13056K(118016K), 0.0552081 secs] 9065058K->9027791K(25152768K), 0.0554282 secs] [Times: user=0.64 sys=0.01, real=0.06 secs] 
2014-04-09T12:22:47.328+0900: 230.329: [GC (Allocation Failure) 230.329: [ParNew: 118016K->13056K(118016K), 0.0480565 secs] 9132586K->9049665K(25152768K), 0.0482982 secs] [Times: user=0.55 sys=0.01, real=0.05 secs] 
2014-04-09T12:22:47.452+0900: 230.453: [GC (Allocation Failure) 230.454: [ParNew: 118016K->11811K(118016K), 0.0522821 secs] 9154621K->9063003K(25152768K), 0.0525167 secs] [Times: user=0.60 sys=0.01, real=0.06 secs] 
2014-04-09T12:22:47.588+0900: 230.589: [GC (Allocation Failure) 230.589: [ParNew: 110549K->13054K(118016K), 0.0359688 secs] 9161667K->9083607K(25152768K), 0.0361955 secs] [Times: user=0.44 sys=0.01, real=0.04 secs] 
2014-04-09T12:22:47.666+0900: 230.667: [GC (Allocation Failure) 230.667: [ParNew: 108658K->13056K(118016K), 0.0488601 secs] 9179208K->9120287K(25152768K), 0.0490885 secs] [Times: user=0.61 sys=0.01, real=0.05 secs] 
2014-04-09T12:22:47.775+0900: 230.776: [GC (Allocation Failure) 230.776: [ParNew: 118016K->13056K(118016K), 0.0490576 secs] 9225224K->9170408K(25152768K), 0.0492845 secs] [Times: user=0.61 sys=0.00, real=0.04 secs] 
2014-04-09T12:22:47.917+0900: 230.918: [GC (Allocation Failure) 230.919: [ParNew: 114669K->13056K(118016K), 0.0542636 secs] 9261007K->9206414K(25152768K), 0.0544979 secs] [Times: user=0.63 sys=0.00, real=0.05 secs] 
2014-04-09T12:22:47.987+0900: 230.988: [CMS-concurrent-sweep: 1.505/2.648 secs] [Times: user=21.28 sys=0.29, real=2.65 secs] 
2014-04-09T12:22:47.987+0900: 230.989: [CMS-concurrent-reset-start]
2014-04-09T12:22:48.035+0900: 231.036: [GC (Allocation Failure) 231.036: [ParNew: 118016K->13056K(118016K), 0.0485350 secs] 9257231K->9191039K(25152768K), 0.0487614 secs] [Times: user=0.59 sys=0.00, real=0.04 secs] 
2014-04-09T12:22:48.130+0900: 231.131: [CMS-concurrent-reset: 0.092/0.143 secs] [Times: user=1.13 sys=0.00, real=0.14 secs] 
2014-04-09T12:22:48.153+0900: 231.154: [GC (Allocation Failure) 231.154: [ParNew: 118015K->13056K(118016K), 0.0405343 secs] 9295998K->9216564K(25152768K), 0.0407600 secs] [Times: user=0.46 sys=0.01, real=0.04 secs] 
2014-04-09T12:22:48.195+0900: 231.196: [GC (CMS Initial Mark) [1 CMS-initial-mark: 9203508K(25034752K)] 9216936K(25152768K), 0.0019534 secs] [Times: user=0.01 sys=0.00, real=0.00 secs] 
2014-04-09T12:22:48.197+0900: 231.198: [CMS-concurrent-mark-start]
2014-04-09T12:22:48.259+0900: 231.261: [GC (Allocation Failure) 231.261: [ParNew: 118016K->13056K(118016K), 0.0471877 secs] 9321524K->9246934K(25152768K), 0.0474205 secs] [Times: user=0.56 sys=0.01, real=0.05 secs] 
2014-04-09T12:22:48.357+0900: 231.358: [GC (Allocation Failure) 231.358: [ParNew: 118016K->8536K(118016K), 0.0509257 secs] 9351894K->9283744K(25152768K), 0.0511552 secs] [Times: user=0.65 sys=0.00, real=0.05 secs] 
2014-04-09T12:22:48.454+0900: 231.455: [GC (Allocation Failure) 231.455: [ParNew: 113495K->13056K(118016K), 0.0625099 secs] 9388703K->9339595K(25152768K), 0.0627509 secs] [Times: user=0.66 sys=0.02, real=0.07 secs] 
2014-04-09T12:22:48.574+0900: 231.575: [GC (Allocation Failure) 231.576: [ParNew: 109795K->13056K(118016K), 0.0503745 secs] 9436334K->9381252K(25152768K), 0.0506134 secs] [Times: user=0.52 sys=0.01, real=0.06 secs] 
2014-04-09T12:22:48.666+0900: 231.667: [GC (Allocation Failure) 231.668: [ParNew: 118016K->13056K(118016K), 0.0458296 secs] 9486212K->9424154K(25152768K), 0.0460620 secs] [Times: user=0.55 sys=0.00, real=0.04 secs] 
2014-04-09T12:22:48.776+0900: 231.777: [GC (Allocation Failure) 231.777: [ParNew: 118016K->13056K(118016K), 0.0510023 secs] 9529114K->9455156K(25152768K), 0.0512317 secs] [Times: user=0.60 sys=0.00, real=0.05 secs] 
2014-04-09T12:22:48.912+0900: 231.913: [GC (Allocation Failure) 231.913: [ParNew: 118016K->9745K(118016K), 0.0500078 secs] 9560116K->9472680K(25152768K), 0.0502338 secs] [Times: user=0.59 sys=0.01, real=0.05 secs] 
2014-04-09T12:22:49.041+0900: 232.042: [GC (Allocation Failure) 232.042: [ParNew: 111988K->7222K(118016K), 0.0367065 secs] 9574924K->9506864K(25152768K), 0.0369356 secs] [Times: user=0.47 sys=0.00, real=0.04 secs] 
2014-04-09T12:22:49.138+0900: 232.139: [GC (Allocation Failure) 232.139: [ParNew: 112182K->13056K(118016K), 0.0516252 secs] 9611824K->9567306K(25152768K), 0.0518556 secs] [Times: user=0.61 sys=0.01, real=0.05 secs] 
2014-04-09T12:22:49.231+0900: 232.232: [GC (Allocation Failure) 232.233: [ParNew: 118016K->13056K(118016K), 0.0510993 secs] 9672266K->9615308K(25152768K), 0.0513287 secs] [Times: user=0.63 sys=0.00, real=0.05 secs] 
2014-04-09T12:22:49.365+0900: 232.366: [GC (Allocation Failure) 232.366: [ParNew: 118016K->13056K(118016K), 0.0723922 secs] 9720268K->9650451K(25152768K), 0.0726224 secs] [Times: user=0.54 sys=0.03, real=0.07 secs] 
2014-04-09T12:22:49.500+0900: 232.501: [GC (Allocation Failure) 232.501: [ParNew: 116892K->13056K(118016K), 0.0632022 secs] 9754287K->9687184K(25152768K), 0.0634382 secs] [Times: user=0.69 sys=0.01, real=0.06 secs] 
2014-04-09T12:22:49.616+0900: 232.617: [GC (Allocation Failure) 232.618: [ParNew: 118016K->13056K(118016K), 0.0499669 secs] 9792144K->9716451K(25152768K), 0.0501971 secs] [Times: user=0.62 sys=0.00, real=0.05 secs] 
2014-04-09T12:22:49.716+0900: 232.717: [GC (Allocation Failure) 232.717: [ParNew: 112421K->11089K(118016K), 0.0526066 secs] 9815817K->9754017K(25152768K), 0.0528370 secs] [Times: user=0.63 sys=0.01, real=0.05 secs] 
2014-04-09T12:22:49.831+0900: 232.832: [GC (Allocation Failure) 232.832: [ParNew: 116049K->13056K(118016K), 0.0655199 secs] 9858977K->9798255K(25152768K), 0.0657549 secs] [Times: user=0.68 sys=0.02, real=0.07 secs] 
2014-04-09T12:22:49.998+0900: 232.999: [GC (Allocation Failure) 232.999: [ParNew: 118016K->10281K(118016K), 0.0460908 secs] 9903215K->9826358K(25152768K), 0.0463281 secs] [Times: user=0.58 sys=0.00, real=0.04 secs] 
2014-04-09T12:22:50.098+0900: 233.099: [GC (Allocation Failure) 233.099: [ParNew: 115213K->13056K(118016K), 0.0529195 secs] 9931289K->9877244K(25152768K), 0.0531455 secs] [Times: user=0.64 sys=0.00, real=0.05 secs] 
2014-04-09T12:22:50.221+0900: 233.222: [GC (Allocation Failure) 233.222: [ParNew: 117123K->13056K(118016K), 0.0593919 secs] 9981312K->9935692K(25152768K), 0.0596250 secs] [Times: user=0.70 sys=0.00, real=0.06 secs] 
2014-04-09T12:22:50.326+0900: 233.327: [GC (Allocation Failure) 233.328: [ParNew: 118016K->13056K(118016K), 0.0584743 secs] 10040652K->9977276K(25152768K), 0.0586977 secs] [Times: user=0.54 sys=0.01, real=0.06 secs] 
2014-04-09T12:22:50.467+0900: 233.468: [GC (Allocation Failure) 233.468: [ParNew: 118016K->13056K(118016K), 0.0481984 secs] 10082236K->10001000K(25152768K), 0.0484250 secs] [Times: user=0.54 sys=0.00, real=0.05 secs] 
2014-04-09T12:22:50.594+0900: 233.595: [GC (Allocation Failure) 233.595: [ParNew: 108300K->13056K(118016K), 0.0528290 secs] 10096245K->10022718K(25152768K), 0.0530484 secs] [Times: user=0.55 sys=0.02, real=0.06 secs] 
2014-04-09T12:22:50.696+0900: 233.697: [GC (Allocation Failure) 233.697: [ParNew: 111741K->12283K(118016K), 0.0422086 secs] 10121404K->10060861K(25152768K), 0.0424274 secs] [Times: user=0.53 sys=0.00, real=0.04 secs] 
2014-04-09T12:22:50.788+0900: 233.789: [GC (Allocation Failure) 233.789: [ParNew: 117243K->13056K(118016K), 0.0441164 secs] 10165821K->10110415K(25152768K), 0.0443474 secs] [Times: user=0.55 sys=0.00, real=0.04 secs] 
2014-04-09T12:22:50.889+0900: 233.890: [GC (Allocation Failure) 233.890: [ParNew: 118016K->13056K(118016K), 0.0680740 secs] 10215375K->10160484K(25152768K), 0.0683002 secs] [Times: user=0.70 sys=0.00, real=0.07 secs] 
2014-04-09T12:22:51.021+0900: 234.023: [GC (Allocation Failure) 234.023: [ParNew: 118004K->13056K(118016K), 0.0864749 secs] 10265433K->10192744K(25152768K), 0.0867081 secs] [Times: user=0.73 sys=0.04, real=0.09 secs] 
2014-04-09T12:22:51.191+0900: 234.192: [GC (Allocation Failure) 234.192: [ParNew: 118016K->12267K(118016K), 0.0491854 secs] 10297704K->10217182K(25152768K), 0.0494119 secs] [Times: user=0.55 sys=0.01, real=0.05 secs] 
2014-04-09T12:22:51.345+0900: 234.346: [GC (Allocation Failure) 234.346: [ParNew: 109247K->13056K(118016K), 0.0405723 secs] 10314161K->10253246K(25152768K), 0.0407995 secs] [Times: user=0.52 sys=0.00, real=0.04 secs] 
2014-04-09T12:22:51.416+0900: 234.417: [GC (Allocation Failure) 234.417: [ParNew: 112656K->13056K(118016K), 0.0401039 secs] 10352847K->10288791K(25152768K), 0.0403365 secs] [Times: user=0.50 sys=0.00, real=0.04 secs] 
2014-04-09T12:22:51.514+0900: 234.515: [CMS-concurrent-mark: 1.782/3.317 secs] [Times: user=29.45 sys=0.81, real=3.31 secs] 
2014-04-09T12:22:51.514+0900: 234.515: [CMS-concurrent-preclean-start]
2014-04-09T12:22:51.519+0900: 234.520: [GC (Allocation Failure) 234.520: [ParNew: 118014K->13056K(118016K), 0.0529105 secs] 10393749K->10352782K(25152768K), 0.0531210 secs] [Times: user=0.65 sys=0.01, real=0.05 secs] 
2014-04-09T12:22:51.661+0900: 234.662: [GC (Allocation Failure) 234.662: [ParNew: 118016K->13056K(118016K), 0.0809454 secs] 10457742K->10391444K(25152768K), 0.0811749 secs] [Times: user=0.57 sys=0.03, real=0.08 secs] 
2014-04-09T12:22:51.847+0900: 234.849: [GC (Allocation Failure) 234.849: [ParNew: 116600K->13056K(118016K), 0.0531766 secs] 10494988K->10406742K(25152768K), 0.0534066 secs] [Times: user=0.55 sys=0.02, real=0.05 secs] 
2014-04-09T12:22:51.982+0900: 234.983: [GC (Allocation Failure) 234.983: [ParNew: 118011K->13056K(118016K), 0.0429933 secs] 10511698K->10442165K(25152768K), 0.0432341 secs] [Times: user=0.54 sys=0.01, real=0.05 secs] 
2014-04-09T12:22:52.077+0900: 235.078: [GC (Allocation Failure) 235.078: [ParNew: 109985K->13056K(118016K), 0.0536065 secs] 10539094K->10499025K(25152768K), 0.0538354 secs] [Times: user=0.65 sys=0.01, real=0.05 secs] 
2014-04-09T12:22:52.169+0900: 235.170: [GC (Allocation Failure) 235.170: [ParNew: 110045K->13056K(118016K), 0.0532250 secs] 10596014K->10550427K(25152768K), 0.0534523 secs] [Times: user=0.62 sys=0.02, real=0.05 secs] 
2014-04-09T12:22:52.262+0900: 235.263: [GC (Allocation Failure) 235.263: [ParNew: 118016K->13056K(118016K), 0.0505576 secs] 10655387K->10597564K(25152768K), 0.0508371 secs] [Times: user=0.58 sys=0.01, real=0.05 secs] 
2014-04-09T12:22:52.376+0900: 235.377: [GC (Allocation Failure) 235.377: [ParNew: 118016K->13056K(118016K), 0.0670561 secs] 10702524K->10625994K(25152768K), 0.0673224 secs] [Times: user=0.67 sys=0.01, real=0.06 secs] 
2014-04-09T12:22:52.508+0900: 235.509: [GC (Allocation Failure) 235.510: [ParNew: 117184K->13056K(118016K), 0.0534412 secs] 10730122K->10646286K(25152768K), 0.0537134 secs] [Times: user=0.60 sys=0.01, real=0.05 secs] 
2014-04-09T12:22:52.630+0900: 235.631: [GC (Allocation Failure) 235.631: [ParNew: 116578K->13056K(118016K), 0.0478124 secs] 10749809K->10686423K(25152768K), 0.0480717 secs] [Times: user=0.59 sys=0.00, real=0.05 secs] 
2014-04-09T12:22:52.709+0900: 235.710: [GC (Allocation Failure) 235.711: [ParNew: 118014K->13056K(118016K), 0.0505879 secs] 10791381K->10739921K(25152768K), 0.0508602 secs] [Times: user=0.63 sys=0.00, real=0.05 secs] 
2014-04-09T12:22:52.803+0900: 235.804: [GC (Allocation Failure) 235.804: [ParNew: 118016K->13056K(118016K), 0.0548545 secs] 10844881K->10794876K(25152768K), 0.0551177 secs] [Times: user=0.66 sys=0.01, real=0.06 secs] 
2014-04-09T12:22:52.919+0900: 235.921: [GC (Allocation Failure) 235.921: [ParNew: 118016K->13056K(118016K), 0.0703992 secs] 10899836K->10849462K(25152768K), 0.0706641 secs] [Times: user=0.55 sys=0.02, real=0.07 secs] 
2014-04-09T12:22:53.057+0900: 236.058: [GC (Allocation Failure) 236.058: [ParNew: 118016K->13056K(118016K), 0.0520248 secs] 10954422K->10865646K(25152768K), 0.0522972 secs] [Times: user=0.60 sys=0.01, real=0.05 secs] 
2014-04-09T12:22:53.168+0900: 236.169: [GC (Allocation Failure) 236.169: [ParNew: 118016K->10572K(118016K), 0.0513298 secs] 10970606K->10870720K(25152768K), 0.0515985 secs] [Times: user=0.60 sys=0.00, real=0.05 secs] 
2014-04-09T12:22:53.286+0900: 236.287: [GC (Allocation Failure) 236.287: [ParNew: 111741K->12287K(118016K), 0.0433753 secs] 10971889K->10901325K(25152768K), 0.0436492 secs] [Times: user=0.55 sys=0.00, real=0.04 secs] 
2014-04-09T12:22:53.363+0900: 236.364: [GC (Allocation Failure) 236.364: [ParNew: 117232K->13055K(118016K), 0.0486865 secs] 11006270K->10955850K(25152768K), 0.0489529 secs] [Times: user=0.62 sys=0.00, real=0.05 secs] 
2014-04-09T12:22:53.456+0900: 236.457: [GC (Allocation Failure) 236.457: [ParNew: 118015K->13056K(118016K), 0.0498910 secs] 11060810K->11021120K(25152768K), 0.0501553 secs] [Times: user=0.62 sys=0.00, real=0.05 secs] 
2014-04-09T12:22:53.545+0900: 236.546: [GC (Allocation Failure) 236.546: [ParNew: 117499K->13056K(118016K), 0.0501342 secs] 11125563K->11066004K(25152768K), 0.0504041 secs] [Times: user=0.60 sys=0.01, real=0.05 secs] 
2014-04-09T12:22:53.645+0900: 236.646: [GC (Allocation Failure) 236.646: [ParNew: 118016K->13056K(118016K), 0.0918980 secs] 11170964K->11116813K(25152768K), 0.0921633 secs] [Times: user=0.68 sys=0.03, real=0.10 secs] 
2014-04-09T12:22:53.812+0900: 236.813: [GC (Allocation Failure) 236.814: [ParNew: 118016K->13056K(118016K), 0.0578501 secs] 11221773K->11135384K(25152768K), 0.0581139 secs] [Times: user=0.62 sys=0.01, real=0.06 secs] 
2014-04-09T12:22:53.933+0900: 236.934: [GC (Allocation Failure) 236.934: [ParNew: 118016K->13056K(118016K), 0.0521512 secs] 11240344K->11157384K(25152768K), 0.0524150 secs] [Times: user=0.57 sys=0.01, real=0.05 secs] 
2014-04-09T12:22:54.018+0900: 237.019: [GC (Allocation Failure) 237.020: [ParNew: 118016K->11780K(118016K), 0.0457970 secs] 11262344K->11198079K(25152768K), 0.0460767 secs] [Times: user=0.58 sys=0.00, real=0.04 secs] 
2014-04-09T12:22:54.102+0900: 237.103: [GC (Allocation Failure) 237.103: [ParNew: 116739K->13056K(118016K), 0.0598322 secs] 11303039K->11251744K(25152768K), 0.0601026 secs] [Times: user=0.64 sys=0.02, real=0.06 secs] 
2014-04-09T12:22:54.212+0900: 237.214: [GC (Allocation Failure) 237.214: [ParNew: 113516K->13056K(118016K), 0.0857772 secs] 11352205K->11282017K(25152768K), 0.0860457 secs] [Times: user=0.75 sys=0.04, real=0.09 secs] 
2014-04-09T12:22:54.341+0900: 237.342: [GC (Allocation Failure) 237.342: [ParNew: 118014K->13056K(118016K), 0.0472526 secs] 11386976K->11315017K(25152768K), 0.0475209 secs] [Times: user=0.57 sys=0.01, real=0.05 secs] 
2014-04-09T12:22:54.427+0900: 237.428: [GC (Allocation Failure) 237.428: [ParNew: 118016K->12954K(118016K), 0.0336916 secs] 11419977K->11335780K(25152768K), 0.0339586 secs] [Times: user=0.42 sys=0.00, real=0.03 secs] 
2014-04-09T12:22:54.508+0900: 237.509: [GC (Allocation Failure) 237.509: [ParNew: 111852K->13056K(118016K), 0.0565423 secs] 11434678K->11351695K(25152768K), 0.0568063 secs] [Times: user=0.58 sys=0.00, real=0.05 secs] 
2014-04-09T12:22:54.598+0900: 237.599: [GC (Allocation Failure) 237.599: [ParNew: 108703K->13056K(118016K), 0.0485523 secs] 11447343K->11400573K(25152768K), 0.0488237 secs] [Times: user=0.46 sys=0.00, real=0.05 secs] 
2014-04-09T12:22:54.694+0900: 237.695: [GC (Allocation Failure) 237.695: [ParNew: 110264K->13056K(118016K), 0.0796936 secs] 11497782K->11467754K(25152768K), 0.0799563 secs] [Times: user=1.01 sys=0.00, real=0.08 secs] 
2014-04-09T12:22:54.809+0900: 237.810: [GC (Allocation Failure) 237.811: [ParNew: 117991K->13056K(118016K), 0.0521397 secs] 11572690K->11530749K(25152768K), 0.0524112 secs] [Times: user=0.64 sys=0.00, real=0.05 secs] 
2014-04-09T12:22:54.900+0900: 237.901: [GC (Allocation Failure) 237.901: [ParNew: 118016K->13056K(118016K), 0.0596630 secs] 11635709K->11592279K(25152768K), 0.0599367 secs] [Times: user=0.69 sys=0.02, real=0.06 secs] 
2014-04-09T12:22:55.032+0900: 238.033: [GC (Allocation Failure) 238.033: [ParNew: 118016K->13056K(118016K), 0.0999491 secs] 11697239K->11626571K(25152768K), 0.1002379 secs] [Times: user=0.79 sys=0.05, real=0.10 secs] 
2014-04-09T12:22:55.214+0900: 238.215: [CMS-concurrent-preclean: 1.544/3.700 secs] [Times: user=29.52 sys=0.78, real=3.70 secs] 
2014-04-09T12:22:55.215+0900: 238.216: [GC (Allocation Failure) 238.216: [ParNew: 118016K->13056K(118016K), 0.0569231 secs] 11731531K->11639597K(25152768K), 0.0571841 secs] [Times: user=0.59 sys=0.01, real=0.06 secs] 
2014-04-09T12:22:55.272+0900: 238.273: [CMS-concurrent-abortable-preclean-start]
2014-04-09T12:22:55.346+0900: 238.347: [GC (Allocation Failure) 238.347: [ParNew: 116436K->8778K(118016K), 0.0388691 secs] 11742977K->11653751K(25152768K), 0.0391464 secs] [Times: user=0.48 sys=0.01, real=0.03 secs] 
2014-04-09T12:22:55.427+0900: 238.429: [GC (Allocation Failure) 238.429: [ParNew: 113738K->10087K(118016K), 0.0448226 secs] 11758711K->11698020K(25152768K), 0.0450875 secs] [Times: user=0.55 sys=0.00, real=0.04 secs] 
2014-04-09T12:22:55.510+0900: 238.511: [GC (Allocation Failure) 238.511: [ParNew: 115047K->13056K(118016K), 0.0432485 secs] 11802980K->11731082K(25152768K), 0.0435217 secs] [Times: user=0.54 sys=0.00, real=0.04 secs] 
2014-04-09T12:22:55.622+0900: 238.623: [CMS-concurrent-abortable-preclean: 0.207/0.350 secs] [Times: user=2.63 sys=0.07, real=0.35 secs] 
2014-04-09T12:22:55.624+0900: 238.625: [GC (Allocation Failure) 238.625: [ParNew: 118016K->13056K(118016K), 0.0675393 secs] 11836042K->11781292K(25152768K), 0.0678074 secs] [Times: user=0.72 sys=0.02, real=0.07 secs] 
2014-04-09T12:22:55.694+0900: 238.696: [GC (CMS Final Remark) [YG occupancy: 23222 K (118016 K)]238.696: [Rescan (parallel) , 0.0238690 secs]238.720: [weak refs processing, 0.0001249 secs]238.720: [class unloading, 0.0479075 secs]238.768: [scrub symbol table, 0.0048440 secs]238.772: [scrub string table, 0.0014037 secs][1 CMS-remark: 11768236K(25034752K)] 11791459K(25152768K), 0.0858880 secs] [Times: user=0.36 sys=0.00, real=0.09 secs] 
2014-04-09T12:22:55.781+0900: 238.782: [CMS-concurrent-sweep-start]
2014-04-09T12:22:55.818+0900: 238.820: [GC (Allocation Failure) 238.820: [ParNew: 118016K->13056K(118016K), 0.0612614 secs] 11869995K->11835573K(25152768K), 0.0615306 secs] [Times: user=0.57 sys=0.01, real=0.06 secs] 
2014-04-09T12:22:55.916+0900: 238.917: [GC (Allocation Failure) 238.918: [ParNew: 118016K->13056K(118016K), 0.0477054 secs] 11923492K->11845459K(25152768K), 0.0479767 secs] [Times: user=0.56 sys=0.01, real=0.04 secs] 
2014-04-09T12:22:56.027+0900: 239.028: [GC (Allocation Failure) 239.028: [ParNew: 117888K->13056K(118016K), 0.0519414 secs] 11925394K->11841297K(25152768K), 0.0522042 secs] [Times: user=0.62 sys=0.00, real=0.05 secs] 
2014-04-09T12:22:56.134+0900: 239.135: [GC (Allocation Failure) 239.135: [ParNew: 118016K->13056K(118016K), 0.0462136 secs] 11914208K->11840897K(25152768K), 0.0464929 secs] [Times: user=0.54 sys=0.02, real=0.05 secs] 
2014-04-09T12:22:56.229+0900: 239.230: [GC (Allocation Failure) 239.230: [ParNew: 115021K->13056K(118016K), 0.0502996 secs] 11914298K->11853453K(25152768K), 0.0505621 secs] [Times: user=0.60 sys=0.01, real=0.05 secs] 
2014-04-09T12:22:56.321+0900: 239.322: [GC (Allocation Failure) 239.322: [ParNew: 112859K->13056K(118016K), 0.0495771 secs] 11930718K->11868706K(25152768K), 0.0498456 secs] [Times: user=0.57 sys=0.00, real=0.05 secs] 
2014-04-09T12:22:56.407+0900: 239.408: [GC (Allocation Failure) 239.408: [ParNew: 118016K->13056K(118016K), 0.0530234 secs] 11952211K->11892183K(25152768K), 0.0533024 secs] [Times: user=0.64 sys=0.00, real=0.05 secs] 
2014-04-09T12:22:56.513+0900: 239.514: [GC (Allocation Failure) 239.514: [ParNew: 118016K->13056K(118016K), 0.0529785 secs] 11966818K->11897511K(25152768K), 0.0532444 secs] [Times: user=0.66 sys=0.00, real=0.06 secs] 
2014-04-09T12:22:56.627+0900: 239.628: [GC (Allocation Failure) 239.628: [ParNew: 118016K->13056K(118016K), 0.0518797 secs] 11973435K->11903188K(25152768K), 0.0521628 secs] [Times: user=0.61 sys=0.00, real=0.05 secs] 
2014-04-09T12:22:56.724+0900: 239.726: [GC (Allocation Failure) 239.726: [ParNew: 118016K->13056K(118016K), 0.0472767 secs] 11988153K->11928297K(25152768K), 0.0475650 secs] [Times: user=0.59 sys=0.01, real=0.05 secs] 
2014-04-09T12:22:56.811+0900: 239.812: [GC (Allocation Failure) 239.812: [ParNew: 118016K->12518K(118016K), 0.0491772 secs] 12012154K->11958508K(25152768K), 0.0494431 secs] [Times: user=0.62 sys=0.00, real=0.05 secs] 
2014-04-09T12:22:56.901+0900: 239.902: [GC (Allocation Failure) 239.902: [ParNew: 117478K->13056K(118016K), 0.0460038 secs] 12038251K->11975465K(25152768K), 0.0462723 secs] [Times: user=0.55 sys=0.00, real=0.05 secs] 
2014-04-09T12:22:57.023+0900: 240.024: [GC (Allocation Failure) 240.024: [ParNew: 118016K->13056K(118016K), 0.0539867 secs] 12022282K->11946486K(25152768K), 0.0542479 secs] [Times: user=0.65 sys=0.00, real=0.06 secs] 
2014-04-09T12:22:57.143+0900: 240.144: [GC (Allocation Failure) 240.144: [ParNew: 118016K->13056K(118016K), 0.0535340 secs] 11991771K->11924362K(25152768K), 0.0538057 secs] [Times: user=0.63 sys=0.00, real=0.06 secs] 
2014-04-09T12:22:57.242+0900: 240.243: [GC (Allocation Failure) 240.243: [ParNew: 118016K->13056K(118016K), 0.0427452 secs] 11994018K->11920849K(25152768K), 0.0430071 secs] [Times: user=0.53 sys=0.00, real=0.04 secs] 
2014-04-09T12:22:57.354+0900: 240.356: [GC (Allocation Failure) 240.356: [ParNew: 118016K->13056K(118016K), 0.0485301 secs] 11972388K->11893097K(25152768K), 0.0488026 secs] [Times: user=0.55 sys=0.01, real=0.05 secs] 
2014-04-09T12:22:57.461+0900: 240.462: [GC (Allocation Failure) 240.462: [ParNew: 118016K->13056K(118016K), 0.0502975 secs] 11961312K->11892778K(25152768K), 0.0505747 secs] [Times: user=0.61 sys=0.00, real=0.05 secs] 
2014-04-09T12:22:57.559+0900: 240.561: [GC (Allocation Failure) 240.561: [ParNew: 118016K->13056K(118016K), 0.0537066 secs] 11962424K->11911869K(25152768K), 0.0539814 secs] [Times: user=0.65 sys=0.02, real=0.05 secs] 
2014-04-09T12:22:57.664+0900: 240.665: [GC (Allocation Failure) 240.665: [ParNew: 118016K->13056K(118016K), 0.0466224 secs] 11986268K->11929469K(25152768K), 0.0468976 secs] [Times: user=0.57 sys=0.01, real=0.05 secs] 
2014-04-09T12:22:57.776+0900: 240.777: [GC (Allocation Failure) 240.777: [ParNew: 118016K->13056K(118016K), 0.0866977 secs] 11978812K->11922835K(25152768K), 0.0869743 secs] [Times: user=1.05 sys=0.01, real=0.08 secs] 
2014-04-09T12:22:57.934+0900: 240.935: [GC (Allocation Failure) 240.936: [ParNew: 118016K->13056K(118016K), 0.0674815 secs] 11977927K->11918340K(25152768K), 0.0677479 secs] [Times: user=0.80 sys=0.02, real=0.07 secs] 
2014-04-09T12:22:58.092+0900: 241.093: [GC (Allocation Failure) 241.093: [ParNew: 118016K->13056K(118016K), 0.0498201 secs] 11954321K->11865188K(25152768K), 0.0500867 secs] [Times: user=0.58 sys=0.01, real=0.05 secs] 
2014-04-09T12:22:58.239+0900: 241.240: [GC (Allocation Failure) 241.240: [ParNew: 115699K->13056K(118016K), 0.0476310 secs] 11912590K->11823569K(25152768K), 0.0479023 secs] [Times: user=0.56 sys=0.01, real=0.05 secs] 
2014-04-09T12:22:58.384+0900: 241.385: [GC (Allocation Failure) 241.385: [ParNew: 116136K->13056K(118016K), 0.0469596 secs] 11863645K->11787472K(25152768K), 0.0472305 secs] [Times: user=0.58 sys=0.01, real=0.05 secs] 
2014-04-09T12:22:58.484+0900: 241.485: [GC (Allocation Failure) 241.485: [ParNew: 118016K->13056K(118016K), 0.0525251 secs] 11854467K->11804686K(25152768K), 0.0527910 secs] [Times: user=0.62 sys=0.02, real=0.06 secs] 
2014-04-09T12:22:58.665+0900: 241.666: [GC (Allocation Failure) 241.667: [ParNew: 118016K->13056K(118016K), 0.0960133 secs] 11831936K->11762360K(25152768K), 0.0962808 secs] [Times: user=1.15 sys=0.01, real=0.09 secs] 
2014-04-09T12:22:58.836+0900: 241.837: [GC (Allocation Failure) 241.837: [ParNew: 118016K->13056K(118016K), 0.0482880 secs] 11810150K->11747271K(25152768K), 0.0485359 secs] [Times: user=0.52 sys=0.01, real=0.04 secs] 
2014-04-09T12:22:58.967+0900: 241.968: [GC (Allocation Failure) 241.968: [ParNew: 118016K->13056K(118016K), 0.0856024 secs] 11804695K->11732461K(25152768K), 0.0858728 secs] [Times: user=1.02 sys=0.00, real=0.08 secs] 
2014-04-09T12:22:59.162+0900: 242.163: [GC (Allocation Failure) 242.164: [ParNew: 118016K->6254K(118016K), 0.0734141 secs] 11793736K->11694899K(25152768K), 0.0736920 secs] [Times: user=0.92 sys=0.01, real=0.08 secs] 
2014-04-09T12:22:59.314+0900: 242.315: [GC (Allocation Failure) 242.315: [ParNew: 108245K->10562K(118016K), 0.0364963 secs] 11735954K->11661316K(25152768K), 0.0367493 secs] [Times: user=0.46 sys=0.01, real=0.04 secs] 
2014-04-09T12:22:59.416+0900: 242.417: [GC (Allocation Failure) 242.417: [ParNew: 110199K->13056K(118016K), 0.0596917 secs] 11671538K->11619410K(25152768K), 0.0599466 secs] [Times: user=0.71 sys=0.01, real=0.06 secs] 
2014-04-09T12:22:59.518+0900: 242.520: [GC (Allocation Failure) 242.520: [ParNew: 117963K->13056K(118016K), 0.0499370 secs] 11650309K->11599484K(25152768K), 0.0501865 secs] [Times: user=0.60 sys=0.02, real=0.05 secs] 
2014-04-09T12:22:59.642+0900: 242.643: [CMS-concurrent-sweep: 2.042/3.861 secs] [Times: user=30.20 sys=0.62, real=3.86 secs] 
2014-04-09T12:22:59.642+0900: 242.643: [CMS-concurrent-reset-start]
2014-04-09T12:22:59.671+0900: 242.672: [GC (Allocation Failure) 242.673: [ParNew: 118016K->13056K(118016K), 0.0546475 secs] 11356378K->11285102K(25152768K), 0.0549074 secs] [Times: user=0.62 sys=0.01, real=0.06 secs] 
2014-04-09T12:22:59.780+0900: 242.781: [CMS-concurrent-reset: 0.082/0.138 secs] [Times: user=0.84 sys=0.01, real=0.14 secs] 
2014-04-09T12:22:59.850+0900: 242.851: [GC (Allocation Failure) 242.851: [ParNew: 118016K->13056K(118016K), 0.0437980 secs] 11390062K->11301186K(25152768K), 0.0440692 secs] [Times: user=0.50 sys=0.01, real=0.04 secs] 
2014-04-09T12:22:59.895+0900: 242.896: [GC (CMS Initial Mark) [1 CMS-initial-mark: 11288130K(25034752K)] 11301658K(25152768K), 0.0015383 secs] [Times: user=0.01 sys=0.00, real=0.01 secs] 
2014-04-09T12:22:59.897+0900: 242.898: [CMS-concurrent-mark-start]
2014-04-09T12:23:00.106+0900: 243.107: [GC (Allocation Failure) 243.107: [ParNew: 118016K->7799K(118016K), 0.0425279 secs] 11406146K->11333035K(25152768K), 0.0427941 secs] [Times: user=0.52 sys=0.00, real=0.05 secs] 
2014-04-09T12:23:00.364+0900: 243.366: [GC (Allocation Failure) 243.366: [ParNew: 112759K->13056K(118016K), 0.0433869 secs] 11437995K->11347323K(25152768K), 0.0436189 secs] [Times: user=0.52 sys=0.00, real=0.05 secs] 
2014-04-09T12:23:00.563+0900: 243.564: [GC (Allocation Failure) 243.564: [ParNew: 118016K->13056K(118016K), 0.0550266 secs] 11452283K->11392017K(25152768K), 0.0552496 secs] [Times: user=0.65 sys=0.02, real=0.06 secs] 
2014-04-09T12:23:00.922+0900: 243.923: [GC (Allocation Failure) 243.923: [ParNew: 115990K->13056K(118016K), 0.0965496 secs] 11494951K->11418606K(25152768K), 0.0968240 secs] [Times: user=1.15 sys=0.01, real=0.10 secs] 
2014-04-09T12:23:01.118+0900: 244.119: [GC (Allocation Failure) 244.119: [ParNew: 118016K->9181K(118016K), 0.0492480 secs] 11523566K->11427689K(25152768K), 0.0495105 secs] [Times: user=0.61 sys=0.00, real=0.05 secs] 
2014-04-09T12:23:01.225+0900: 244.226: [GC (Allocation Failure) 244.226: [ParNew: 114141K->5676K(118016K), 0.0351063 secs] 11532649K->11431600K(25152768K), 0.0353686 secs] [Times: user=0.43 sys=0.01, real=0.04 secs] 
2014-04-09T12:23:01.317+0900: 244.319: [GC (Allocation Failure) 244.319: [ParNew: 110636K->1677K(118016K), 0.0304621 secs] 11536560K->11427600K(25152768K), 0.0307161 secs] [Times: user=0.39 sys=0.00, real=0.03 secs] 
2014-04-09T12:23:01.405+0900: 244.406: [GC (Allocation Failure) 244.406: [ParNew: 106637K->419K(118016K), 0.0312041 secs] 11532560K->11426342K(25152768K), 0.0314565 secs] [Times: user=0.39 sys=0.00, real=0.03 secs] 
2014-04-09T12:23:01.492+0900: 244.493: [GC (Allocation Failure) 244.493: [ParNew: 105379K->105K(118016K), 0.0309218 secs] 11531302K->11426028K(25152768K), 0.0311871 secs] [Times: user=0.39 sys=0.01, real=0.03 secs] 
2014-04-09T12:23:01.580+0900: 244.581: [GC (Allocation Failure) 244.581: [ParNew: 105065K->24K(118016K), 0.0290507 secs] 11530988K->11425947K(25152768K), 0.0293014 secs] [Times: user=0.37 sys=0.00, real=0.03 secs] 
2014-04-09T12:23:01.666+0900: 244.667: [GC (Allocation Failure) 244.667: [ParNew: 104984K->24K(118016K), 0.0306291 secs] 11530907K->11425947K(25152768K), 0.0309062 secs] [Times: user=0.39 sys=0.00, real=0.04 secs] 
2014-04-09T12:23:01.750+0900: 244.752: [GC (Allocation Failure) 244.752: [ParNew: 104984K->24K(118016K), 0.0305799 secs] 11530907K->11425947K(25152768K), 0.0308276 secs] [Times: user=0.39 sys=0.00, real=0.03 secs] 
2014-04-09T12:23:01.848+0900: 244.850: [GC (Allocation Failure) 244.850: [ParNew: 104984K->24K(118016K), 0.0297928 secs] 11530907K->11425947K(25152768K), 0.0300424 secs] [Times: user=0.38 sys=0.00, real=0.03 secs] 
2014-04-09T12:23:02.445+0900: 245.446: [CMS-concurrent-mark: 1.990/2.548 secs] [Times: user=17.59 sys=0.32, real=2.54 secs] 
2014-04-09T12:23:02.445+0900: 245.446: [CMS-concurrent-preclean-start]
2014-04-09T12:23:02.689+0900: 245.690: [CMS-concurrent-preclean: 0.234/0.244 secs] [Times: user=0.25 sys=0.00, real=0.25 secs] 
2014-04-09T12:23:02.689+0900: 245.690: [CMS-concurrent-abortable-preclean-start]
 CMS: abort preclean due to time 2014-04-09T12:23:07.869+0900: 250.870: [CMS-concurrent-abortable-preclean: 3.138/5.180 secs] [Times: user=3.67 sys=0.01, real=5.18 secs] 
2014-04-09T12:23:07.870+0900: 250.872: [GC (CMS Final Remark) [YG occupancy: 49713 K (118016 K)]250.872: [Rescan (parallel) , 0.0262004 secs]250.898: [weak refs processing, 0.0000617 secs]250.898: [class unloading, 0.0477622 secs]250.946: [scrub symbol table, 0.0048309 secs]250.951: [scrub string table, 0.0014016 secs][1 CMS-remark: 11425923K(25034752K)] 11475637K(25152768K), 0.0879871 secs] [Times: user=0.32 sys=0.00, real=0.09 secs] 
2014-04-09T12:23:07.960+0900: 250.961: [CMS-concurrent-sweep-start]
2014-04-09T12:23:09.345+0900: 252.346: [CMS-concurrent-sweep: 1.384/1.385 secs] [Times: user=1.40 sys=0.00, real=1.38 secs] 
2014-04-09T12:23:09.345+0900: 252.346: [CMS-concurrent-reset-start]
2014-04-09T12:23:09.422+0900: 252.424: [CMS-concurrent-reset: 0.078/0.078 secs] [Times: user=0.08 sys=0.00, real=0.08 secs] 
2014-04-09T12:23:11.423+0900: 254.424: [GC (CMS Initial Mark) [1 CMS-initial-mark: 8816473K(25034752K)] 8866448K(25152768K), 0.0090267 secs] [Times: user=0.10 sys=0.00, real=0.01 secs] 
2014-04-09T12:23:11.433+0900: 254.434: [CMS-concurrent-mark-start]
2014-04-09T12:23:13.342+0900: 256.343: [CMS-concurrent-mark: 1.908/1.909 secs] [Times: user=7.25 sys=0.17, real=1.91 secs] 
2014-04-09T12:23:13.342+0900: 256.343: [CMS-concurrent-preclean-start]
2014-04-09T12:23:13.414+0900: 256.415: [CMS-concurrent-preclean: 0.072/0.072 secs] [Times: user=0.07 sys=0.00, real=0.07 secs] 
2014-04-09T12:23:13.414+0900: 256.415: [CMS-concurrent-abortable-preclean-start]
2014-04-09T12:23:15.924+0900: 258.925: [GC (Allocation Failure) 258.925: [ParNew: 104984K->196K(118016K), 0.0339859 secs] 8921457K->8816670K(25152768K), 0.0342604 secs] [Times: user=0.42 sys=0.00, real=0.03 secs] 
2014-04-09T12:23:16.096+0900: 259.097: [CMS-concurrent-abortable-preclean: 1.538/2.681 secs] [Times: user=2.61 sys=0.01, real=2.68 secs] 
2014-04-09T12:23:16.097+0900: 259.098: [GC (Allocation Failure) 259.098: [ParNew: 105156K->250K(118016K), 0.0336813 secs] 8921630K->8816724K(25152768K), 0.0338981 secs] [Times: user=0.42 sys=0.00, real=0.04 secs] 
2014-04-09T12:23:16.134+0900: 259.135: [GC (CMS Final Remark) [YG occupancy: 2171 K (118016 K)]259.135: [Rescan (parallel) , 0.0156668 secs]259.150: [weak refs processing, 0.0000611 secs]259.151: [class unloading, 0.0478453 secs]259.198: [scrub symbol table, 0.0048276 secs]259.203: [scrub string table, 0.0014119 secs][1 CMS-remark: 8816473K(25034752K)] 8818645K(25152768K), 0.0775445 secs] [Times: user=0.24 sys=0.00, real=0.08 secs] 
2014-04-09T12:23:16.212+0900: 259.213: [CMS-concurrent-sweep-start]
2014-04-09T12:23:16.293+0900: 259.294: [GC (Allocation Failure) 259.294: [ParNew: 105210K->275K(118016K), 0.0325124 secs] 8921072K->8816137K(25152768K), 0.0327589 secs] [Times: user=0.41 sys=0.00, real=0.03 secs] 
2014-04-09T12:23:16.407+0900: 259.408: [GC (Allocation Failure) 259.408: [ParNew: 105235K->303K(118016K), 0.0334478 secs] 8920937K->8816005K(25152768K), 0.0336655 secs] [Times: user=0.43 sys=0.00, real=0.04 secs] 
2014-04-09T12:23:16.513+0900: 259.514: [GC (Allocation Failure) 259.514: [ParNew: 105263K->244K(118016K), 0.0344109 secs] 8920848K->8815829K(25152768K), 0.0346487 secs] [Times: user=0.42 sys=0.01, real=0.03 secs] 
2014-04-09T12:23:16.612+0900: 259.613: [GC (Allocation Failure) 259.613: [ParNew: 105204K->290K(118016K), 0.0350109 secs] 8920676K->8815762K(25152768K), 0.0352941 secs] [Times: user=0.43 sys=0.00, real=0.03 secs] 
2014-04-09T12:23:16.712+0900: 259.713: [GC (Allocation Failure) 259.713: [ParNew: 105250K->85K(118016K), 0.0355084 secs] 8920568K->8815578K(25152768K), 0.0357785 secs] [Times: user=0.43 sys=0.01, real=0.03 secs] 
2014-04-09T12:23:16.813+0900: 259.814: [GC (Allocation Failure) 259.814: [ParNew: 105045K->44K(118016K), 0.0347325 secs] 8920405K->8815406K(25152768K), 0.0350026 secs] [Times: user=0.43 sys=0.01, real=0.03 secs] 
2014-04-09T12:23:16.913+0900: 259.914: [GC (Allocation Failure) 259.914: [ParNew: 105004K->51K(118016K), 0.0364563 secs] 8920213K->8815260K(25152768K), 0.0367291 secs] [Times: user=0.46 sys=0.00, real=0.04 secs] 
2014-04-09T12:23:17.047+0900: 260.048: [GC (Allocation Failure) 260.049: [ParNew: 105011K->50K(118016K), 0.0331295 secs] 8920031K->8815071K(25152768K), 0.0334095 secs] [Times: user=0.41 sys=0.01, real=0.04 secs] 
2014-04-09T12:23:17.146+0900: 260.147: [GC (Allocation Failure) 260.148: [ParNew: 105010K->55K(118016K), 0.0337003 secs] 8919269K->8814313K(25152768K), 0.0339771 secs] [Times: user=0.42 sys=0.00, real=0.04 secs] 
2014-04-09T12:23:17.254+0900: 260.256: [GC (Allocation Failure) 260.256: [ParNew: 105015K->51K(118016K), 0.0343615 secs] 8919112K->8814148K(25152768K), 0.0346391 secs] [Times: user=0.43 sys=0.01, real=0.04 secs] 
2014-04-09T12:23:17.354+0900: 260.355: [GC (Allocation Failure) 260.355: [ParNew: 105011K->54K(118016K), 0.0344518 secs] 8918980K->8814023K(25152768K), 0.0347197 secs] [Times: user=0.43 sys=0.00, real=0.04 secs] 
2014-04-09T12:23:17.451+0900: 260.453: [GC (Allocation Failure) 260.453: [ParNew: 105014K->41K(118016K), 0.0351315 secs] 8918784K->8813832K(25152768K), 0.0354051 secs] [Times: user=0.44 sys=0.00, real=0.03 secs] 
2014-04-09T12:23:17.550+0900: 260.551: [GC (Allocation Failure) 260.551: [ParNew: 105001K->41K(118016K), 0.0337718 secs] 8918678K->8813726K(25152768K), 0.0340370 secs] [Times: user=0.43 sys=0.00, real=0.03 secs] 
2014-04-09T12:23:17.648+0900: 260.650: [GC (Allocation Failure) 260.650: [ParNew: 105001K->2424K(118016K), 0.0333463 secs] 8918614K->8816037K(25152768K), 0.0336150 secs] [Times: user=0.42 sys=0.01, real=0.03 secs] 
2014-04-09T12:23:17.763+0900: 260.764: [GC (Allocation Failure) 260.764: [ParNew: 107289K->10853K(118016K), 0.0439008 secs] 8920791K->8850900K(25152768K), 0.0441203 secs] [Times: user=0.55 sys=0.00, real=0.04 secs] 
2014-04-09T12:23:17.858+0900: 260.859: [GC (Allocation Failure) 260.859: [ParNew: 115786K->13055K(118016K), 0.0383525 secs] 8955759K->8890481K(25152768K), 0.0386169 secs] [Times: user=0.48 sys=0.00, real=0.04 secs] 
2014-04-09T12:23:17.935+0900: 260.936: [GC (Allocation Failure) 260.936: [ParNew: 118015K->13056K(118016K), 0.0533055 secs] 8995399K->8966780K(25152768K), 0.0535816 secs] [Times: user=0.65 sys=0.00, real=0.06 secs] 
2014-04-09T12:23:18.041+0900: 261.042: [GC (Allocation Failure) 261.042: [ParNew: 118016K->13056K(118016K), 0.0578581 secs] 9071636K->9014739K(25152768K), 0.0581005 secs] [Times: user=0.64 sys=0.02, real=0.06 secs] 
2014-04-09T12:23:18.172+0900: 261.173: [GC (Allocation Failure) 261.173: [ParNew: 118016K->13056K(118016K), 0.0556679 secs] 9119318K->9035300K(25152768K), 0.0559111 secs] [Times: user=0.65 sys=0.00, real=0.05 secs] 
2014-04-09T12:23:18.304+0900: 261.305: [GC (Allocation Failure) 261.305: [ParNew: 118000K->13056K(118016K), 0.0483332 secs] 9140087K->9062620K(25152768K), 0.0485876 secs] [Times: user=0.55 sys=0.01, real=0.05 secs] 
2014-04-09T12:23:18.408+0900: 261.409: [GC (Allocation Failure) 261.409: [ParNew: 118016K->13056K(118016K), 0.0483430 secs] 9167516K->9113629K(25152768K), 0.0485936 secs] [Times: user=0.58 sys=0.01, real=0.05 secs] 
2014-04-09T12:23:18.508+0900: 261.509: [GC (Allocation Failure) 261.509: [ParNew: 118016K->13056K(118016K), 0.0484791 secs] 9218479K->9146504K(25152768K), 0.0487388 secs] [Times: user=0.58 sys=0.01, real=0.05 secs] 
2014-04-09T12:23:18.602+0900: 261.603: [GC (Allocation Failure) 261.603: [ParNew: 118016K->13056K(118016K), 0.0480765 secs] 9251390K->9186669K(25152768K), 0.0483233 secs] [Times: user=0.58 sys=0.00, real=0.05 secs] 
2014-04-09T12:23:18.725+0900: 261.726: [GC (Allocation Failure) 261.726: [ParNew: 116242K->13056K(118016K), 0.0528163 secs] 9289720K->9214002K(25152768K), 0.0530649 secs] [Times: user=0.57 sys=0.01, real=0.05 secs] 
2014-04-09T12:23:18.823+0900: 261.824: [GC (Allocation Failure) 261.824: [ParNew: 112254K->7628K(118016K), 0.0450888 secs] 9309105K->9229092K(25152768K), 0.0453413 secs] [Times: user=0.55 sys=0.01, real=0.05 secs] 
2014-04-09T12:23:18.940+0900: 261.941: [GC (Allocation Failure) 261.941: [ParNew: 111429K->13056K(118016K), 0.0457606 secs] 9271815K->9201220K(25152768K), 0.0460084 secs] [Times: user=0.55 sys=0.00, real=0.04 secs] 
2014-04-09T12:23:19.005+0900: 262.006: [CMS-concurrent-sweep: 1.665/2.792 secs] [Times: user=20.88 sys=0.29, real=2.79 secs] 
2014-04-09T12:23:19.005+0900: 262.006: [CMS-concurrent-reset-start]
2014-04-09T12:23:19.027+0900: 262.028: [GC (Allocation Failure) 262.028: [ParNew: 116436K->13056K(118016K), 0.0453220 secs] 9294541K->9224513K(25152768K), 0.0455714 secs] [Times: user=0.54 sys=0.01, real=0.05 secs] 
2014-04-09T12:23:19.144+0900: 262.145: [CMS-concurrent-reset: 0.092/0.139 secs] [Times: user=0.86 sys=0.04, real=0.14 secs] 
2014-04-09T12:23:19.168+0900: 262.169: [GC (Allocation Failure) 262.169: [ParNew: 118016K->13056K(118016K), 0.0400133 secs] 9329473K->9263506K(25152768K), 0.0402676 secs] [Times: user=0.46 sys=0.00, real=0.05 secs] 
2014-04-09T12:23:19.210+0900: 262.211: [GC (CMS Initial Mark) [1 CMS-initial-mark: 9250450K(25034752K)] 9263663K(25152768K), 0.0017493 secs] [Times: user=0.01 sys=0.00, real=0.00 secs] 
2014-04-09T12:23:19.211+0900: 262.213: [CMS-concurrent-mark-start]
2014-04-09T12:23:19.277+0900: 262.278: [GC (Allocation Failure) 262.278: [ParNew: 118016K->11314K(118016K), 0.0455511 secs] 9368466K->9305112K(25152768K), 0.0457962 secs] [Times: user=0.55 sys=0.00, real=0.05 secs] 
2014-04-09T12:23:19.408+0900: 262.409: [GC (Allocation Failure) 262.409: [ParNew: 116266K->13056K(118016K), 0.0405612 secs] 9410064K->9334318K(25152768K), 0.0408094 secs] [Times: user=0.44 sys=0.01, real=0.05 secs] 
2014-04-09T12:23:19.533+0900: 262.534: [GC (Allocation Failure) 262.534: [ParNew: 116603K->13056K(118016K), 0.0459761 secs] 9437866K->9379408K(25152768K), 0.0462230 secs] [Times: user=0.55 sys=0.00, real=0.05 secs] 
2014-04-09T12:23:19.647+0900: 262.649: [GC (Allocation Failure) 262.649: [ParNew: 118016K->13056K(118016K), 0.0504677 secs] 9484368K->9407634K(25152768K), 0.0507040 secs] [Times: user=0.58 sys=0.00, real=0.05 secs] 
2014-04-09T12:23:19.781+0900: 262.782: [GC (Allocation Failure) 262.782: [ParNew: 118016K->13056K(118016K), 0.0477399 secs] 9512594K->9437862K(25152768K), 0.0479465 secs] [Times: user=0.45 sys=0.02, real=0.04 secs] 
2014-04-09T12:23:19.873+0900: 262.874: [GC (Allocation Failure) 262.874: [ParNew: 118016K->8235K(118016K), 0.0399310 secs] 9542822K->9486545K(25152768K), 0.0401984 secs] [Times: user=0.49 sys=0.00, real=0.04 secs] 
2014-04-09T12:23:19.983+0900: 262.984: [GC (Allocation Failure) 262.984: [ParNew: 111903K->13056K(118016K), 0.0811883 secs] 9590213K->9527354K(25152768K), 0.0814358 secs] [Times: user=0.66 sys=0.03, real=0.08 secs] 
2014-04-09T12:23:20.108+0900: 263.109: [GC (Allocation Failure) 263.109: [ParNew: 118016K->9495K(118016K), 0.0477973 secs] 9632314K->9557074K(25152768K), 0.0480447 secs] [Times: user=0.59 sys=0.01, real=0.05 secs] 
2014-04-09T12:23:20.232+0900: 263.233: [GC (Allocation Failure) 263.233: [ParNew: 110795K->13056K(118016K), 0.0485421 secs] 9658373K->9585915K(25152768K), 0.0487935 secs] [Times: user=0.53 sys=0.01, real=0.05 secs] 
2014-04-09T12:23:20.342+0900: 263.343: [GC (Allocation Failure) 263.343: [ParNew: 108378K->13056K(118016K), 0.0462258 secs] 9681237K->9617211K(25152768K), 0.0464720 secs] [Times: user=0.53 sys=0.01, real=0.04 secs] 
2014-04-09T12:23:20.423+0900: 263.424: [GC (Allocation Failure) 263.425: [ParNew: 112577K->13056K(118016K), 0.0483213 secs] 9716732K->9673240K(25152768K), 0.0485692 secs] [Times: user=0.60 sys=0.00, real=0.05 secs] 
2014-04-09T12:23:20.508+0900: 263.509: [GC (Allocation Failure) 263.509: [ParNew: 118016K->13056K(118016K), 0.0483782 secs] 9778200K->9721346K(25152768K), 0.0486215 secs] [Times: user=0.55 sys=0.02, real=0.05 secs] 
2014-04-09T12:23:20.602+0900: 263.603: [GC (Allocation Failure) 263.604: [ParNew: 118016K->13056K(118016K), 0.0815035 secs] 9826306K->9767539K(25152768K), 0.0817570 secs] [Times: user=0.63 sys=0.03, real=0.08 secs] 
2014-04-09T12:23:20.729+0900: 263.730: [GC (Allocation Failure) 263.730: [ParNew: 118016K->13056K(118016K), 0.0460086 secs] 9872499K->9802918K(25152768K), 0.0462544 secs] [Times: user=0.56 sys=0.00, real=0.05 secs] 
2014-04-09T12:23:20.843+0900: 263.844: [GC (Allocation Failure) 263.844: [ParNew: 118016K->13056K(118016K), 0.0545589 secs] 9907878K->9824506K(25152768K), 0.0548059 secs] [Times: user=0.55 sys=0.02, real=0.05 secs] 
2014-04-09T12:23:20.971+0900: 263.972: [GC (Allocation Failure) 263.972: [ParNew: 118016K->10187K(118016K), 0.0496720 secs] 9929466K->9858385K(25152768K), 0.0499232 secs] [Times: user=0.59 sys=0.00, real=0.05 secs] 
2014-04-09T12:23:21.066+0900: 264.067: [GC (Allocation Failure) 264.067: [ParNew: 109897K->13056K(118016K), 0.0466283 secs] 9958095K->9910168K(25152768K), 0.0468743 secs] [Times: user=0.59 sys=0.00, real=0.05 secs] 
2014-04-09T12:23:21.154+0900: 264.155: [GC (Allocation Failure) 264.155: [ParNew: 117900K->13056K(118016K), 0.0496738 secs] 10015012K->9945207K(25152768K), 0.0499191 secs] [Times: user=0.60 sys=0.00, real=0.05 secs] 
2014-04-09T12:23:21.252+0900: 264.253: [GC (Allocation Failure) 264.254: [ParNew: 112601K->13056K(118016K), 0.0489858 secs] 10044753K->9994892K(25152768K), 0.0492413 secs] [Times: user=0.57 sys=0.01, real=0.05 secs] 
2014-04-09T12:23:21.366+0900: 264.367: [GC (Allocation Failure) 264.367: [ParNew: 118016K->13056K(118016K), 0.0760011 secs] 10099852K->10041544K(25152768K), 0.0762484 secs] [Times: user=0.71 sys=0.02, real=0.08 secs] 
2014-04-09T12:23:21.524+0900: 264.525: [GC (Allocation Failure) 264.525: [ParNew: 118016K->11136K(118016K), 0.0545842 secs] 10146504K->10056702K(25152768K), 0.0548288 secs] [Times: user=0.58 sys=0.01, real=0.05 secs] 
2014-04-09T12:23:21.663+0900: 264.664: [GC (Allocation Failure) 264.664: [ParNew: 110013K->13056K(118016K), 0.0439945 secs] 10155579K->10086822K(25152768K), 0.0442391 secs] [Times: user=0.54 sys=0.00, real=0.04 secs] 
2014-04-09T12:23:21.753+0900: 264.754: [GC (Allocation Failure) 264.754: [ParNew: 118016K->13056K(118016K), 0.0480994 secs] 10191782K->10126278K(25152768K), 0.0483469 secs] [Times: user=0.58 sys=0.01, real=0.05 secs] 
2014-04-09T12:23:21.857+0900: 264.858: [GC (Allocation Failure) 264.859: [ParNew: 114914K->13056K(118016K), 0.0580156 secs] 10228137K->10182416K(25152768K), 0.0582619 secs] [Times: user=0.65 sys=0.01, real=0.06 secs] 
2014-04-09T12:23:21.997+0900: 264.998: [GC (Allocation Failure) 264.998: [ParNew: 118016K->13056K(118016K), 0.0571137 secs] 10287376K->10222287K(25152768K), 0.0573535 secs] [Times: user=0.55 sys=0.02, real=0.06 secs] 
2014-04-09T12:23:22.142+0900: 265.144: [GC (Allocation Failure) 265.144: [ParNew: 118016K->13056K(118016K), 0.0580181 secs] 10327247K->10254947K(25152768K), 0.0582611 secs] [Times: user=0.67 sys=0.01, real=0.06 secs] 
2014-04-09T12:23:22.263+0900: 265.264: [CMS-concurrent-mark: 1.644/3.051 secs] [Times: user=26.20 sys=0.76, real=3.05 secs] 
2014-04-09T12:23:22.263+0900: 265.264: [CMS-concurrent-preclean-start]
2014-04-09T12:23:22.267+0900: 265.268: [GC (Allocation Failure) 265.268: [ParNew: 117907K->13056K(118016K), 0.0521247 secs] 10359799K->10292110K(25152768K), 0.0523718 secs] [Times: user=0.62 sys=0.01, real=0.06 secs] 
2014-04-09T12:23:22.403+0900: 265.404: [GC (Allocation Failure) 265.404: [ParNew: 118016K->13056K(118016K), 0.0500922 secs] 10397070K->10339757K(25152768K), 0.0503357 secs] [Times: user=0.61 sys=0.00, real=0.05 secs] 
2014-04-09T12:23:22.508+0900: 265.509: [GC (Allocation Failure) 265.509: [ParNew: 118016K->13056K(118016K), 0.0607748 secs] 10444717K->10379707K(25152768K), 0.0610240 secs] [Times: user=0.52 sys=0.02, real=0.07 secs] 
2014-04-09T12:23:22.646+0900: 265.647: [GC (Allocation Failure) 265.647: [ParNew: 117587K->13056K(118016K), 0.0489344 secs] 10484239K->10404634K(25152768K), 0.0491666 secs] [Times: user=0.58 sys=0.00, real=0.05 secs] 
2014-04-09T12:23:22.782+0900: 265.783: [GC (Allocation Failure) 265.783: [ParNew: 118016K->13056K(118016K), 0.0502621 secs] 10509594K->10428287K(25152768K), 0.0504589 secs] [Times: user=0.58 sys=0.01, real=0.05 secs] 
2014-04-09T12:23:22.887+0900: 265.888: [GC (Allocation Failure) 265.889: [ParNew: 118016K->13056K(118016K), 0.0502885 secs] 10533247K->10486670K(25152768K), 0.0505354 secs] [Times: user=0.62 sys=0.00, real=0.05 secs] 
2014-04-09T12:23:23.022+0900: 266.023: [GC (Allocation Failure) 266.023: [ParNew: 118016K->13056K(118016K), 0.0538435 secs] 10591630K->10518926K(25152768K), 0.0540866 secs] [Times: user=0.62 sys=0.00, real=0.05 secs] 
2014-04-09T12:23:23.165+0900: 266.166: [GC (Allocation Failure) 266.166: [ParNew: 118016K->13056K(118016K), 0.0552077 secs] 10623886K->10570316K(25152768K), 0.0554599 secs] [Times: user=0.67 sys=0.00, real=0.06 secs] 
2014-04-09T12:23:23.294+0900: 266.295: [GC (Allocation Failure) 266.295: [ParNew: 118016K->8992K(118016K), 0.0521141 secs] 10675276K->10607771K(25152768K), 0.0523591 secs] [Times: user=0.61 sys=0.01, real=0.05 secs] 
2014-04-09T12:23:23.442+0900: 266.443: [GC (Allocation Failure) 266.443: [ParNew: 113952K->13056K(118016K), 0.0583550 secs] 10712731K->10636020K(25152768K), 0.0586065 secs] [Times: user=0.57 sys=0.03, real=0.06 secs] 
2014-04-09T12:23:23.582+0900: 266.583: [GC (Allocation Failure) 266.583: [ParNew: 116003K->13056K(118016K), 0.0465920 secs] 10738968K->10678332K(25152768K), 0.0468417 secs] [Times: user=0.56 sys=0.01, real=0.04 secs] 
2014-04-09T12:23:23.717+0900: 266.718: [GC (Allocation Failure) 266.718: [ParNew: 118016K->13056K(118016K), 0.0508302 secs] 10783292K->10698585K(25152768K), 0.0510812 secs] [Times: user=0.58 sys=0.01, real=0.05 secs] 
2014-04-09T12:23:23.860+0900: 266.861: [GC (Allocation Failure) 266.861: [ParNew: 118016K->13056K(118016K), 0.0504660 secs] 10803545K->10739089K(25152768K), 0.0506725 secs] [Times: user=0.50 sys=0.01, real=0.05 secs] 
2014-04-09T12:23:23.991+0900: 266.992: [GC (Allocation Failure) 266.992: [ParNew: 118016K->13056K(118016K), 0.0558844 secs] 10844049K->10785470K(25152768K), 0.0561316 secs] [Times: user=0.61 sys=0.02, real=0.05 secs] 
2014-04-09T12:23:24.152+0900: 267.154: [GC (Allocation Failure) 267.154: [ParNew: 117993K->13056K(118016K), 0.0563966 secs] 10890408K->10805019K(25152768K), 0.0566404 secs] [Times: user=0.58 sys=0.01, real=0.05 secs] 
2014-04-09T12:23:24.289+0900: 267.291: [GC (Allocation Failure) 267.291: [ParNew: 118016K->13056K(118016K), 0.0457753 secs] 10909979K->10847185K(25152768K), 0.0460302 secs] [Times: user=0.56 sys=0.00, real=0.04 secs] 
2014-04-09T12:23:24.413+0900: 267.414: [GC (Allocation Failure) 267.414: [ParNew: 109852K->13056K(118016K), 0.0500493 secs] 10943981K->10875541K(25152768K), 0.0502984 secs] [Times: user=0.58 sys=0.01, real=0.05 secs] 
2014-04-09T12:23:24.560+0900: 267.561: [GC (Allocation Failure) 267.561: [ParNew: 118016K->13056K(118016K), 0.0511488 secs] 10980501K->10911018K(25152768K), 0.0513966 secs] [Times: user=0.49 sys=0.02, real=0.05 secs] 
2014-04-09T12:23:24.681+0900: 267.682: [GC (Allocation Failure) 267.682: [ParNew: 118016K->13056K(118016K), 0.0526519 secs] 11015978K->10956948K(25152768K), 0.0529087 secs] [Times: user=0.60 sys=0.02, real=0.05 secs] 
2014-04-09T12:23:24.846+0900: 267.847: [GC (Allocation Failure) 267.848: [ParNew: 118016K->13056K(118016K), 0.0477636 secs] 11061908K->10974854K(25152768K), 0.0480190 secs] [Times: user=0.60 sys=0.00, real=0.05 secs] 
2014-04-09T12:23:24.985+0900: 267.986: [CMS-concurrent-preclean: 1.485/2.722 secs] [Times: user=17.07 sys=0.42, real=2.72 secs] 
2014-04-09T12:23:24.986+0900: 267.987: [GC (Allocation Failure) 267.987: [ParNew: 118016K->13056K(118016K), 0.0583839 secs] 11079814K->11022099K(25152768K), 0.0586232 secs] [Times: user=0.65 sys=0.00, real=0.06 secs] 
2014-04-09T12:23:25.046+0900: 268.047: [GC (CMS Final Remark) [YG occupancy: 13421 K (118016 K)]268.047: [Rescan (parallel) , 0.0206730 secs]268.068: [weak refs processing, 0.0001155 secs]268.068: [class unloading, 0.0480597 secs]268.116: [scrub symbol table, 0.0048408 secs]268.121: [scrub string table, 0.0014065 secs][1 CMS-remark: 11009043K(25034752K)] 11022464K(25152768K), 0.0826284 secs] [Times: user=0.32 sys=0.00, real=0.08 secs] 
2014-04-09T12:23:25.129+0900: 268.130: [CMS-concurrent-sweep-start]
2014-04-09T12:23:25.178+0900: 268.179: [GC (Allocation Failure) 268.179: [ParNew: 118016K->13056K(118016K), 0.0448656 secs] 11102644K->11041418K(25152768K), 0.0451248 secs] [Times: user=0.54 sys=0.00, real=0.05 secs] 
2014-04-09T12:23:25.281+0900: 268.283: [GC (Allocation Failure) 268.283: [ParNew: 118014K->13056K(118016K), 0.0537080 secs] 11110758K->11053417K(25152768K), 0.0539461 secs] [Times: user=0.64 sys=0.00, real=0.05 secs] 
2014-04-09T12:23:25.410+0900: 268.411: [GC (Allocation Failure) 268.411: [ParNew: 114782K->13056K(118016K), 0.0466916 secs] 11108309K->11020418K(25152768K), 0.0469365 secs] [Times: user=0.56 sys=0.00, real=0.04 secs] 
2014-04-09T12:23:25.538+0900: 268.539: [GC (Allocation Failure) 268.540: [ParNew: 118002K->13056K(118016K), 0.0412959 secs] 11092126K->11012185K(25152768K), 0.0415399 secs] [Times: user=0.49 sys=0.00, real=0.05 secs] 
2014-04-09T12:23:25.640+0900: 268.641: [GC (Allocation Failure) 268.641: [ParNew: 117988K->13056K(118016K), 0.0467702 secs] 11085753K->11017620K(25152768K), 0.0470090 secs] [Times: user=0.58 sys=0.00, real=0.04 secs] 
2014-04-09T12:23:25.737+0900: 268.739: [GC (Allocation Failure) 268.739: [ParNew: 118016K->13056K(118016K), 0.0468537 secs] 11091633K->11032351K(25152768K), 0.0470975 secs] [Times: user=0.55 sys=0.01, real=0.05 secs] 
2014-04-09T12:23:25.831+0900: 268.832: [GC (Allocation Failure) 268.832: [ParNew: 118016K->13056K(118016K), 0.0490595 secs] 11110728K->11050268K(25152768K), 0.0493091 secs] [Times: user=0.60 sys=0.00, real=0.05 secs] 
2014-04-09T12:23:25.953+0900: 268.954: [GC (Allocation Failure) 268.954: [ParNew: 118016K->13056K(118016K), 0.0548003 secs] 11108508K->11030929K(25152768K), 0.0550599 secs] [Times: user=0.66 sys=0.01, real=0.05 secs] 
2014-04-09T12:23:26.084+0900: 269.085: [GC (Allocation Failure) 269.085: [ParNew: 118016K->13056K(118016K), 0.0434704 secs] 11075150K->10993311K(25152768K), 0.0437169 secs] [Times: user=0.52 sys=0.01, real=0.04 secs] 
2014-04-09T12:23:26.188+0900: 269.189: [GC (Allocation Failure) 269.189: [ParNew: 117670K->13056K(118016K), 0.0473422 secs] 11053098K->10984182K(25152768K), 0.0475798 secs] [Times: user=0.57 sys=0.01, real=0.05 secs] 
2014-04-09T12:23:26.295+0900: 269.296: [GC (Allocation Failure) 269.296: [ParNew: 118016K->13056K(118016K), 0.0407430 secs] 11030258K->10963046K(25152768K), 0.0409894 secs] [Times: user=0.48 sys=0.01, real=0.04 secs] 
2014-04-09T12:23:26.372+0900: 269.373: [GC (Allocation Failure) 269.373: [ParNew: 111200K->13056K(118016K), 0.0441347 secs] 11032472K->10985921K(25152768K), 0.0443852 secs] [Times: user=0.54 sys=0.00, real=0.04 secs] 
2014-04-09T12:23:26.463+0900: 269.464: [GC (Allocation Failure) 269.464: [ParNew: 118016K->13056K(118016K), 0.0495924 secs] 11052087K->10993027K(25152768K), 0.0498459 secs] [Times: user=0.60 sys=0.00, real=0.05 secs] 
2014-04-09T12:23:26.568+0900: 269.569: [GC (Allocation Failure) 269.569: [ParNew: 118016K->13056K(118016K), 0.0513466 secs] 11051546K->10985984K(25152768K), 0.0515976 secs] [Times: user=0.59 sys=0.00, real=0.05 secs] 
2014-04-09T12:23:26.666+0900: 269.667: [GC (Allocation Failure) 269.667: [ParNew: 118016K->13056K(118016K), 0.0498966 secs] 11060381K->10985209K(25152768K), 0.0501408 secs] [Times: user=0.59 sys=0.01, real=0.05 secs] 
2014-04-09T12:23:26.769+0900: 269.770: [GC (Allocation Failure) 269.770: [ParNew: 114255K->13056K(118016K), 0.0392732 secs] 11054055K->10978080K(25152768K), 0.0395162 secs] [Times: user=0.50 sys=0.00, real=0.04 secs] 
2014-04-09T12:23:26.874+0900: 269.875: [GC (Allocation Failure) 269.875: [ParNew: 118016K->13056K(118016K), 0.0502842 secs] 11027542K->10955991K(25152768K), 0.0505292 secs] [Times: user=0.61 sys=0.00, real=0.05 secs] 
2014-04-09T12:23:26.970+0900: 269.971: [GC (Allocation Failure) 269.971: [ParNew: 118016K->13056K(118016K), 0.0455281 secs] 11026297K->10953929K(25152768K), 0.0457801 secs] [Times: user=0.56 sys=0.01, real=0.05 secs] 
2014-04-09T12:23:27.090+0900: 270.091: [GC (Allocation Failure) 270.091: [ParNew: 115218K->13056K(118016K), 0.0455290 secs] 10984463K->10917688K(25152768K), 0.0457741 secs] [Times: user=0.54 sys=0.00, real=0.05 secs] 
2014-04-09T12:23:27.178+0900: 270.179: [GC (Allocation Failure) 270.180: [ParNew: 118016K->13056K(118016K), 0.0393505 secs] 10981081K->10908459K(25152768K), 0.0396048 secs] [Times: user=0.48 sys=0.00, real=0.04 secs] 
2014-04-09T12:23:27.278+0900: 270.279: [GC (Allocation Failure) 270.279: [ParNew: 118016K->13056K(118016K), 0.0453101 secs] 10945469K->10882975K(25152768K), 0.0455517 secs] [Times: user=0.55 sys=0.00, real=0.05 secs] 
2014-04-09T12:23:27.409+0900: 270.410: [GC (Allocation Failure) 270.410: [ParNew: 118016K->13056K(118016K), 0.0458922 secs] 10910028K->10827626K(25152768K), 0.0461371 secs] [Times: user=0.55 sys=0.01, real=0.05 secs] 
2014-04-09T12:23:27.512+0900: 270.513: [GC (Allocation Failure) 270.513: [ParNew: 114144K->13056K(118016K), 0.0393000 secs] 10881811K->10805365K(25152768K), 0.0395544 secs] [Times: user=0.48 sys=0.00, real=0.04 secs] 
2014-04-09T12:23:27.622+0900: 270.623: [GC (Allocation Failure) 270.623: [ParNew: 118016K->13056K(118016K), 0.0438886 secs] 10857417K->10787282K(25152768K), 0.0441312 secs] [Times: user=0.55 sys=0.00, real=0.04 secs] 
2014-04-09T12:23:27.723+0900: 270.724: [GC (Allocation Failure) 270.724: [ParNew: 114820K->13056K(118016K), 0.0447765 secs] 10832415K->10768380K(25152768K), 0.0450192 secs] [Times: user=0.54 sys=0.00, real=0.04 secs] 
2014-04-09T12:23:27.811+0900: 270.812: [GC (Allocation Failure) 270.813: [ParNew: 115772K->13056K(118016K), 0.0465064 secs] 10831023K->10772390K(25152768K), 0.0467591 secs] [Times: user=0.57 sys=0.00, real=0.04 secs] 
2014-04-09T12:23:27.920+0900: 270.921: [GC (Allocation Failure) 270.921: [ParNew: 118016K->13056K(118016K), 0.0421046 secs] 10817895K->10760478K(25152768K), 0.0423495 secs] [Times: user=0.47 sys=0.01, real=0.05 secs] 
2014-04-09T12:23:28.035+0900: 271.036: [GC (Allocation Failure) 271.037: [ParNew: 117992K->13056K(118016K), 0.0506961 secs] 10804746K->10723205K(25152768K), 0.0509524 secs] [Times: user=0.62 sys=0.00, real=0.05 secs] 
2014-04-09T12:23:28.143+0900: 271.144: [GC (Allocation Failure) 271.144: [ParNew: 118005K->13056K(118016K), 0.0411352 secs] 10765037K->10692086K(25152768K), 0.0413859 secs] [Times: user=0.49 sys=0.01, real=0.04 secs] 
2014-04-09T12:23:28.266+0900: 271.268: [GC (Allocation Failure) 271.268: [ParNew: 117852K->13056K(118016K), 0.0402784 secs] 10634599K->10547559K(25152768K), 0.0405263 secs] [Times: user=0.48 sys=0.00, real=0.04 secs] 
2014-04-09T12:23:28.394+0900: 271.395: [GC (Allocation Failure) 271.395: [ParNew: 118016K->13056K(118016K), 0.0413272 secs] 10350829K->10280689K(25152768K), 0.0415726 secs] [Times: user=0.50 sys=0.00, real=0.04 secs] 
2014-04-09T12:23:28.455+0900: 271.456: [CMS-concurrent-sweep: 1.858/3.326 secs] [Times: user=24.90 sys=0.44, real=3.32 secs] 
2014-04-09T12:23:28.455+0900: 271.456: [CMS-concurrent-reset-start]
2014-04-09T12:23:28.509+0900: 271.510: [GC (Allocation Failure) 271.510: [ParNew: 118015K->10231K(118016K), 0.0485283 secs] 10179817K->10107494K(25152768K), 0.0487801 secs] [Times: user=0.60 sys=0.00, real=0.05 secs] 
2014-04-09T12:23:28.593+0900: 271.595: [CMS-concurrent-reset: 0.088/0.138 secs] [Times: user=0.88 sys=0.02, real=0.14 secs] 
2014-04-09T12:23:28.638+0900: 271.639: [GC (Allocation Failure) 271.639: [ParNew: 115191K->13056K(118016K), 0.0465812 secs] 10212454K->10140690K(25152768K), 0.0468274 secs] [Times: user=0.54 sys=0.01, real=0.05 secs] 
2014-04-09T12:23:28.686+0900: 271.687: [GC (CMS Initial Mark) [1 CMS-initial-mark: 10127634K(25034752K)] 10140728K(25152768K), 0.0017413 secs] [Times: user=0.01 sys=0.00, real=0.00 secs] 
2014-04-09T12:23:28.688+0900: 271.689: [CMS-concurrent-mark-start]
2014-04-09T12:23:28.776+0900: 271.777: [GC (Allocation Failure) 271.777: [ParNew: 112072K->13056K(118016K), 0.0534113 secs] 10239706K->10190033K(25152768K), 0.0536561 secs] [Times: user=0.63 sys=0.01, real=0.05 secs] 
2014-04-09T12:23:28.938+0900: 271.939: [GC (Allocation Failure) 271.940: [ParNew: 118016K->13056K(118016K), 0.0466004 secs] 10294993K->10207445K(25152768K), 0.0468565 secs] [Times: user=0.58 sys=0.01, real=0.05 secs] 
2014-04-09T12:23:29.162+0900: 272.163: [GC (Allocation Failure) 272.163: [ParNew: 118016K->13056K(118016K), 0.0431741 secs] 10312405K->10243208K(25152768K), 0.0434269 secs] [Times: user=0.54 sys=0.00, real=0.04 secs] 
2014-04-09T12:23:29.401+0900: 272.403: [GC (Allocation Failure) 272.403: [ParNew: 118011K->13056K(118016K), 0.0455188 secs] 10348163K->10269529K(25152768K), 0.0457636 secs] [Times: user=0.54 sys=0.01, real=0.04 secs] 
2014-04-09T12:23:29.545+0900: 272.546: [GC (Allocation Failure) 272.546: [ParNew: 118016K->13056K(118016K), 0.0446545 secs] 10374489K->10308462K(25152768K), 0.0448993 secs] [Times: user=0.54 sys=0.01, real=0.04 secs] 
2014-04-09T12:23:29.730+0900: 272.731: [GC (Allocation Failure) 272.731: [ParNew: 118016K->13056K(118016K), 0.0443866 secs] 10413422K->10327115K(25152768K), 0.0446268 secs] [Times: user=0.52 sys=0.01, real=0.05 secs] 
2014-04-09T12:23:29.940+0900: 272.941: [GC (Allocation Failure) 272.941: [ParNew: 118010K->13056K(118016K), 0.0459304 secs] 10432069K->10360468K(25152768K), 0.0461464 secs] [Times: user=0.56 sys=0.01, real=0.05 secs] 
2014-04-09T12:23:30.038+0900: 273.039: [GC (Allocation Failure) 273.039: [ParNew: 116131K->10013K(118016K), 0.0448585 secs] 10463543K->10398069K(25152768K), 0.0450475 secs] [Times: user=0.57 sys=0.01, real=0.05 secs] 
2014-04-09T12:23:30.163+0900: 273.164: [GC (Allocation Failure) 273.164: [ParNew: 114973K->13056K(118016K), 0.0489673 secs] 10503029K->10432245K(25152768K), 0.0492028 secs] [Times: user=0.55 sys=0.01, real=0.05 secs] 
2014-04-09T12:23:30.339+0900: 273.340: [GC (Allocation Failure) 273.340: [ParNew: 118016K->11244K(118016K), 0.0521376 secs] 10537205K->10451654K(25152768K), 0.0523857 secs] [Times: user=0.63 sys=0.01, real=0.06 secs] 
2014-04-09T12:23:30.466+0900: 273.467: [GC (Allocation Failure) 273.468: [ParNew: 116203K->6460K(118016K), 0.0436113 secs] 10556613K->10485546K(25152768K), 0.0438609 secs] [Times: user=0.55 sys=0.01, real=0.04 secs] 
2014-04-09T12:23:30.570+0900: 273.571: [GC (Allocation Failure) 273.571: [ParNew: 108140K->13056K(118016K), 0.0508837 secs] 10587225K->10523134K(25152768K), 0.0511321 secs] [Times: user=0.62 sys=0.00, real=0.06 secs] 
2014-04-09T12:23:30.719+0900: 273.720: [GC (Allocation Failure) 273.720: [ParNew: 118016K->13056K(118016K), 0.0495659 secs] 10628094K->10546748K(25152768K), 0.0498072 secs] [Times: user=0.58 sys=0.01, real=0.05 secs] 
2014-04-09T12:23:30.895+0900: 273.896: [GC (Allocation Failure) 273.896: [ParNew: 118009K->13056K(118016K), 0.0478511 secs] 10651702K->10574175K(25152768K), 0.0480909 secs] [Times: user=0.57 sys=0.01, real=0.05 secs] 
2014-04-09T12:23:31.097+0900: 274.098: [GC (Allocation Failure) 274.098: [ParNew: 111776K->13027K(118016K), 0.0366374 secs] 10672896K->10586417K(25152768K), 0.0368834 secs] [Times: user=0.46 sys=0.00, real=0.04 secs] 
2014-04-09T12:23:31.333+0900: 274.334: [GC (Allocation Failure) 274.335: [ParNew: 116607K->13056K(118016K), 0.0391574 secs] 10689997K->10600050K(25152768K), 0.0393894 secs] [Times: user=0.47 sys=0.00, real=0.04 secs] 
2014-04-09T12:23:31.583+0900: 274.584: [GC (Allocation Failure) 274.584: [ParNew: 118016K->13056K(118016K), 0.0478091 secs] 10705010K->10641787K(25152768K), 0.0480452 secs] [Times: user=0.56 sys=0.01, real=0.05 secs] 
2014-04-09T12:23:31.721+0900: 274.722: [CMS-concurrent-mark: 2.223/3.033 secs] [Times: user=21.02 sys=0.62, real=3.04 secs] 
2014-04-09T12:23:31.721+0900: 274.722: [CMS-concurrent-preclean-start]
2014-04-09T12:23:31.822+0900: 274.823: [GC (Allocation Failure) 274.823: [ParNew: 118011K->13056K(118016K), 0.0458291 secs] 10746742K->10667232K(25152768K), 0.0460745 secs] [Times: user=0.55 sys=0.01, real=0.04 secs] 
2014-04-09T12:23:32.033+0900: 275.034: [GC (Allocation Failure) 275.034: [ParNew: 118016K->13056K(118016K), 0.0455581 secs] 10772192K->10683735K(25152768K), 0.0458018 secs] [Times: user=0.54 sys=0.01, real=0.04 secs] 
2014-04-09T12:23:32.204+0900: 275.205: [GC (Allocation Failure) 275.205: [ParNew: 118016K->13056K(118016K), 0.0534244 secs] 10788695K->10729568K(25152768K), 0.0536719 secs] [Times: user=0.64 sys=0.01, real=0.05 secs] 
2014-04-09T12:23:32.329+0900: 275.331: [GC (Allocation Failure) 275.331: [ParNew: 118016K->13056K(118016K), 0.0452905 secs] 10834528K->10767792K(25152768K), 0.0455306 secs] [Times: user=0.54 sys=0.00, real=0.05 secs] 
2014-04-09T12:23:32.488+0900: 275.489: [GC (Allocation Failure) 275.489: [ParNew: 118016K->13056K(118016K), 0.0443538 secs] 10872752K->10792369K(25152768K), 0.0445997 secs] [Times: user=0.51 sys=0.01, real=0.05 secs] 
2014-04-09T12:23:32.606+0900: 275.607: [GC (Allocation Failure) 275.607: [ParNew: 118016K->9034K(118016K), 0.0449920 secs] 10897329K->10833515K(25152768K), 0.0452394 secs] [Times: user=0.54 sys=0.00, real=0.05 secs] 
2014-04-09T12:23:32.736+0900: 275.737: [CMS-concurrent-preclean: 0.661/1.015 secs] [Times: user=5.14 sys=0.13, real=1.01 secs] 
2014-04-09T12:23:32.737+0900: 275.738: [GC (Allocation Failure) 275.738: [ParNew: 113994K->13056K(118016K), 0.0534702 secs] 10938475K->10876324K(25152768K), 0.0537162 secs] [Times: user=0.62 sys=0.01, real=0.05 secs] 
2014-04-09T12:23:32.792+0900: 275.793: [GC (CMS Final Remark) [YG occupancy: 13640 K (118016 K)]275.793: [Rescan (parallel) , 0.0164564 secs]275.809: [weak refs processing, 0.0000598 secs]275.809: [class unloading, 0.0482430 secs]275.858: [scrub symbol table, 0.0048469 secs]275.862: [scrub string table, 0.0014087 secs][1 CMS-remark: 10863268K(25034752K)] 10876908K(25152768K), 0.0785661 secs] [Times: user=0.26 sys=0.00, real=0.07 secs] 
2014-04-09T12:23:32.870+0900: 275.871: [CMS-concurrent-sweep-start]
2014-04-09T12:23:32.959+0900: 275.960: [GC (Allocation Failure) 275.960: [ParNew: 118016K->13056K(118016K), 0.0467878 secs] 10977831K->10895563K(25152768K), 0.0470315 secs] [Times: user=0.56 sys=0.00, real=0.05 secs] 
2014-04-09T12:23:33.077+0900: 276.078: [GC (Allocation Failure) 276.078: [ParNew: 109350K->10456K(118016K), 0.0459445 secs] 10988043K->10926670K(25152768K), 0.0461984 secs] [Times: user=0.54 sys=0.00, real=0.05 secs] 
2014-04-09T12:23:33.162+0900: 276.163: [GC (Allocation Failure) 276.163: [ParNew: 106094K->13054K(118016K), 0.0430101 secs] 11020539K->10973270K(25152768K), 0.0432580 secs] [Times: user=0.54 sys=0.00, real=0.04 secs] 
2014-04-09T12:23:33.254+0900: 276.255: [GC (Allocation Failure) 276.255: [ParNew: 117549K->13056K(118016K), 0.0472718 secs] 11075398K->11016735K(25152768K), 0.0475181 secs] [Times: user=0.57 sys=0.00, real=0.05 secs] 
2014-04-09T12:23:33.359+0900: 276.360: [GC (Allocation Failure) 276.360: [ParNew: 118016K->13056K(118016K), 0.0690985 secs] 11119717K->11058861K(25152768K), 0.0693495 secs] [Times: user=0.67 sys=0.02, real=0.07 secs] 
2014-04-09T12:23:33.502+0900: 276.504: [GC (Allocation Failure) 276.504: [ParNew: 118016K->13056K(118016K), 0.0530714 secs] 11161036K->11068479K(25152768K), 0.0533255 secs] [Times: user=0.60 sys=0.01, real=0.05 secs] 
2014-04-09T12:23:33.628+0900: 276.629: [GC (Allocation Failure) 276.629: [ParNew: 117990K->8727K(118016K), 0.0455148 secs] 11168567K->11085307K(25152768K), 0.0457639 secs] [Times: user=0.54 sys=0.01, real=0.05 secs] 
2014-04-09T12:23:33.737+0900: 276.738: [GC (Allocation Failure) 276.738: [ParNew: 111589K->13056K(118016K), 0.0505080 secs] 11177359K->11118469K(25152768K), 0.0507232 secs] [Times: user=0.54 sys=0.02, real=0.05 secs] 
2014-04-09T12:23:33.833+0900: 276.834: [GC (Allocation Failure) 276.834: [ParNew: 118013K->13056K(118016K), 0.0456234 secs] 11216027K->11154383K(25152768K), 0.0458754 secs] [Times: user=0.54 sys=0.00, real=0.04 secs] 
2014-04-09T12:23:33.951+0900: 276.952: [GC (Allocation Failure) 276.952: [ParNew: 111815K->13056K(118016K), 0.0480178 secs] 11240387K->11172290K(25152768K), 0.0482688 secs] [Times: user=0.58 sys=0.00, real=0.05 secs] 
2014-04-09T12:23:34.064+0900: 277.065: [GC (Allocation Failure) 277.065: [ParNew: 118016K->13056K(118016K), 0.0540959 secs] 11273971K->11202064K(25152768K), 0.0543403 secs] [Times: user=0.64 sys=0.00, real=0.05 secs] 
2014-04-09T12:23:34.205+0900: 277.206: [GC (Allocation Failure) 277.207: [ParNew: 118016K->13056K(118016K), 0.0475466 secs] 11299473K->11216586K(25152768K), 0.0478040 secs] [Times: user=0.53 sys=0.01, real=0.05 secs] 
2014-04-09T12:23:34.455+0900: 277.456: [GC (Allocation Failure) 277.456: [ParNew: 118016K->13056K(118016K), 0.0415106 secs] 11307923K->11224223K(25152768K), 0.0417178 secs] [Times: user=0.49 sys=0.01, real=0.04 secs] 
2014-04-09T12:23:34.602+0900: 277.603: [GC (Allocation Failure) 277.603: [ParNew: 118016K->13056K(118016K), 0.0527429 secs] 11313537K->11250703K(25152768K), 0.0529914 secs] [Times: user=0.46 sys=0.02, real=0.05 secs] 
2014-04-09T12:23:34.774+0900: 277.775: [GC (Allocation Failure) 277.775: [ParNew: 118016K->13056K(118016K), 0.0553826 secs] 11330669K->11247274K(25152768K), 0.0556293 secs] [Times: user=0.59 sys=0.01, real=0.05 secs] 
2014-04-09T12:23:34.998+0900: 277.999: [GC (Allocation Failure) 277.999: [ParNew: 112694K->13056K(118016K), 0.0444683 secs] 10988608K->10911524K(25152768K), 0.0447024 secs] [Times: user=0.51 sys=0.00, real=0.05 secs] 
2014-04-09T12:23:35.056+0900: 278.058: [CMS-concurrent-sweep: 1.368/2.186 secs] [Times: user=13.06 sys=0.27, real=2.19 secs] 
2014-04-09T12:23:35.057+0900: 278.058: [CMS-concurrent-reset-start]
2014-04-09T12:23:35.143+0900: 278.144: [CMS-concurrent-reset: 0.087/0.087 secs] [Times: user=0.18 sys=0.00, real=0.09 secs] 
2014-04-09T12:23:35.215+0900: 278.216: [GC (Allocation Failure) 278.216: [ParNew: 118016K->13056K(118016K), 0.0490212 secs] 9593916K->9508074K(25152768K), 0.0492689 secs] [Times: user=0.59 sys=0.01, real=0.05 secs] 
2014-04-09T12:23:35.265+0900: 278.266: [GC (CMS Initial Mark) [1 CMS-initial-mark: 9495018K(25034752K)] 9508649K(25152768K), 0.0017811 secs] [Times: user=0.01 sys=0.00, real=0.00 secs] 
2014-04-09T12:23:35.267+0900: 278.268: [CMS-concurrent-mark-start]
2014-04-09T12:23:35.473+0900: 278.474: [GC (Allocation Failure) 278.474: [ParNew: 118005K->13056K(118016K), 0.0516047 secs] 9613023K->9534297K(25152768K), 0.0518497 secs] [Times: user=0.56 sys=0.01, real=0.05 secs] 
2014-04-09T12:23:35.715+0900: 278.716: [GC (Allocation Failure) 278.716: [ParNew: 118016K->13056K(118016K), 0.0424233 secs] 9639257K->9553409K(25152768K), 0.0426697 secs] [Times: user=0.51 sys=0.01, real=0.04 secs] 
2014-04-09T12:23:35.890+0900: 278.891: [GC (Allocation Failure) 278.891: [ParNew: 118016K->13056K(118016K), 0.0531811 secs] 9658369K->9570723K(25152768K), 0.0534303 secs] [Times: user=0.56 sys=0.01, real=0.06 secs] 
2014-04-09T12:23:36.015+0900: 279.016: [GC (Allocation Failure) 279.016: [ParNew: 118016K->5010K(118016K), 0.0382120 secs] 9675683K->9569984K(25152768K), 0.0384671 secs] [Times: user=0.47 sys=0.00, real=0.04 secs] 
2014-04-09T12:23:36.116+0900: 279.117: [GC (Allocation Failure) 279.117: [ParNew: 109970K->1357K(118016K), 0.0332805 secs] 9674944K->9566331K(25152768K), 0.0335235 secs] [Times: user=0.42 sys=0.00, real=0.03 secs] 
2014-04-09T12:23:36.212+0900: 279.213: [GC (Allocation Failure) 279.213: [ParNew: 106317K->313K(118016K), 0.0326107 secs] 9671291K->9565287K(25152768K), 0.0328636 secs] [Times: user=0.42 sys=0.00, real=0.03 secs] 
2014-04-09T12:23:36.310+0900: 279.311: [GC (Allocation Failure) 279.311: [ParNew: 105273K->85K(118016K), 0.0325294 secs] 9670247K->9565059K(25152768K), 0.0327683 secs] [Times: user=0.41 sys=0.00, real=0.04 secs] 
2014-04-09T12:23:36.409+0900: 279.410: [GC (Allocation Failure) 279.410: [ParNew: 105045K->26K(118016K), 0.0347720 secs] 9670019K->9564999K(25152768K), 0.0350332 secs] [Times: user=0.45 sys=0.00, real=0.04 secs] 
2014-04-09T12:23:36.509+0900: 279.510: [GC (Allocation Failure) 279.510: [ParNew: 104986K->22K(118016K), 0.0323951 secs] 9669959K->9564995K(25152768K), 0.0326422 secs] [Times: user=0.41 sys=0.01, real=0.04 secs] 
2014-04-09T12:23:36.607+0900: 279.608: [GC (Allocation Failure) 279.608: [ParNew: 104982K->26K(118016K), 0.0327103 secs] 9669955K->9564999K(25152768K), 0.0329528 secs] [Times: user=0.41 sys=0.00, real=0.03 secs] 
2014-04-09T12:23:36.702+0900: 279.703: [GC (Allocation Failure) 279.703: [ParNew: 104986K->28K(118016K), 0.0341234 secs] 9669959K->9565002K(25152768K), 0.0343694 secs] [Times: user=0.44 sys=0.00, real=0.03 secs] 
2014-04-09T12:23:37.825+0900: 280.827: [CMS-concurrent-mark: 2.124/2.558 secs] [Times: user=15.74 sys=0.38, real=2.56 secs] 
2014-04-09T12:23:37.826+0900: 280.827: [CMS-concurrent-preclean-start]
2014-04-09T12:23:37.968+0900: 280.969: [CMS-concurrent-preclean: 0.135/0.142 secs] [Times: user=0.14 sys=0.00, real=0.14 secs] 
2014-04-09T12:23:37.968+0900: 280.969: [CMS-concurrent-abortable-preclean-start]
 CMS: abort preclean due to time 2014-04-09T12:23:43.018+0900: 286.019: [CMS-concurrent-abortable-preclean: 2.745/5.050 secs] [Times: user=2.78 sys=0.01, real=5.05 secs] 
2014-04-09T12:23:43.019+0900: 286.020: [GC (CMS Final Remark) [YG occupancy: 87781 K (118016 K)]286.020: [Rescan (parallel) , 0.0278298 secs]286.048: [weak refs processing, 0.0000723 secs]286.048: [class unloading, 0.0483382 secs]286.097: [scrub symbol table, 0.0048221 secs]286.102: [scrub string table, 0.0014048 secs][1 CMS-remark: 9564974K(25034752K)] 9652755K(25152768K), 0.0903133 secs] [Times: user=0.40 sys=0.00, real=0.09 secs] 
2014-04-09T12:23:43.111+0900: 286.112: [CMS-concurrent-sweep-start]
2014-04-09T12:23:44.370+0900: 287.371: [CMS-concurrent-sweep: 1.259/1.259 secs] [Times: user=1.27 sys=0.00, real=1.26 secs] 
2014-04-09T12:23:44.370+0900: 287.371: [CMS-concurrent-reset-start]
2014-04-09T12:23:44.448+0900: 287.449: [CMS-concurrent-reset: 0.078/0.078 secs] [Times: user=0.08 sys=0.00, real=0.08 secs] 
2014-04-09T12:23:46.449+0900: 289.450: [GC (CMS Initial Mark) [1 CMS-initial-mark: 8784840K(25034752K)] 8872790K(25152768K), 0.0140920 secs] [Times: user=0.16 sys=0.00, real=0.01 secs] 
2014-04-09T12:23:46.464+0900: 289.465: [CMS-concurrent-mark-start]
2014-04-09T12:23:48.050+0900: 291.052: [GC (Allocation Failure) 291.052: [ParNew: 104988K->150K(118016K), 0.0324846 secs] 8889828K->8784990K(25152768K), 0.0327263 secs] [Times: user=0.40 sys=0.01, real=0.03 secs] 
2014-04-09T12:23:48.178+0900: 291.180: [GC (Allocation Failure) 291.180: [ParNew: 105110K->177K(118016K), 0.0322004 secs] 8889950K->8785017K(25152768K), 0.0324316 secs] [Times: user=0.40 sys=0.00, real=0.03 secs] 
2014-04-09T12:23:48.305+0900: 291.306: [GC (Allocation Failure) 291.306: [ParNew: 105137K->208K(118016K), 0.0305019 secs] 8889977K->8785048K(25152768K), 0.0307303 secs] [Times: user=0.38 sys=0.00, real=0.03 secs] 
2014-04-09T12:23:48.427+0900: 291.428: [GC (Allocation Failure) 291.428: [ParNew: 105168K->182K(118016K), 0.0300224 secs] 8890008K->8785022K(25152768K), 0.0302479 secs] [Times: user=0.38 sys=0.00, real=0.03 secs] 
2014-04-09T12:23:48.549+0900: 291.550: [GC (Allocation Failure) 291.550: [ParNew: 105142K->211K(118016K), 0.0293201 secs] 8889982K->8785052K(25152768K), 0.0295593 secs] [Times: user=0.36 sys=0.01, real=0.03 secs] 
2014-04-09T12:23:48.670+0900: 291.671: [GC (Allocation Failure) 291.671: [ParNew: 105171K->182K(118016K), 0.0297793 secs] 8890012K->8785024K(25152768K), 0.0300099 secs] [Times: user=0.37 sys=0.01, real=0.03 secs] 
2014-04-09T12:23:48.779+0900: 291.780: [GC (Allocation Failure) 291.780: [ParNew: 105142K->93K(118016K), 0.0294004 secs] 8889984K->8785060K(25152768K), 0.0296260 secs] [Times: user=0.37 sys=0.00, real=0.03 secs] 
2014-04-09T12:23:48.888+0900: 291.889: [GC (Allocation Failure) 291.889: [ParNew: 105053K->46K(118016K), 0.0298106 secs] 8890020K->8785014K(25152768K), 0.0300318 secs] [Times: user=0.38 sys=0.00, real=0.03 secs] 
2014-04-09T12:23:48.991+0900: 291.992: [GC (Allocation Failure) 291.992: [ParNew: 105006K->56K(118016K), 0.0301548 secs] 8889974K->8785024K(25152768K), 0.0303777 secs] [Times: user=0.38 sys=0.00, real=0.03 secs] 
2014-04-09T12:23:49.096+0900: 292.097: [GC (Allocation Failure) 292.097: [ParNew: 105016K->62K(118016K), 0.0288266 secs] 8889984K->8785030K(25152768K), 0.0290282 secs] [Times: user=0.37 sys=0.00, real=0.03 secs] 
2014-04-09T12:23:49.197+0900: 292.198: [GC (Allocation Failure) 292.199: [ParNew: 105022K->56K(118016K), 0.0284745 secs] 8889990K->8785025K(25152768K), 0.0286735 secs] [Times: user=0.35 sys=0.01, real=0.03 secs] 
2014-04-09T12:23:49.306+0900: 292.307: [GC (Allocation Failure) 292.308: [ParNew: 105016K->57K(118016K), 0.0354342 secs] 8889985K->8785029K(25152768K), 0.0356477 secs] [Times: user=0.45 sys=0.00, real=0.03 secs] 
2014-04-09T12:23:49.417+0900: 292.418: [GC (Allocation Failure) 292.418: [ParNew: 105017K->50K(118016K), 0.0332798 secs] 8889989K->8785027K(25152768K), 0.0334959 secs] [Times: user=0.42 sys=0.00, real=0.03 secs] 
2014-04-09T12:23:49.518+0900: 292.519: [CMS-concurrent-mark: 2.626/3.054 secs] [Times: user=18.03 sys=0.37, real=3.05 secs] 
2014-04-09T12:23:49.518+0900: 292.519: [CMS-concurrent-preclean-start]
2014-04-09T12:23:49.525+0900: 292.527: [GC (Allocation Failure) 292.527: [ParNew: 105010K->41K(118016K), 0.0341882 secs] 8889987K->8785029K(25152768K), 0.0344167 secs] [Times: user=0.43 sys=0.00, real=0.03 secs] 
2014-04-09T12:23:49.639+0900: 292.640: [CMS-concurrent-preclean: 0.085/0.121 secs] [Times: user=0.78 sys=0.00, real=0.12 secs] 
2014-04-09T12:23:49.639+0900: 292.640: [CMS-concurrent-abortable-preclean-start]
2014-04-09T12:23:49.646+0900: 292.647: [GC (Allocation Failure) 292.647: [ParNew: 105001K->9057K(118016K), 0.0352347 secs] 8889989K->8802245K(25152768K), 0.0354627 secs] [Times: user=0.45 sys=0.00, real=0.03 secs] 
2014-04-09T12:23:49.758+0900: 292.759: [CMS-concurrent-abortable-preclean: 0.082/0.119 secs] [Times: user=0.69 sys=0.03, real=0.12 secs] 
2014-04-09T12:23:49.759+0900: 292.760: [GC (Allocation Failure) 292.760: [ParNew: 114017K->13055K(118016K), 0.0354974 secs] 8907205K->8829392K(25152768K), 0.0357003 secs] [Times: user=0.45 sys=0.00, real=0.04 secs] 
2014-04-09T12:23:49.796+0900: 292.797: [GC (CMS Final Remark) [YG occupancy: 13089 K (118016 K)]292.797: [Rescan (parallel) , 0.0126982 secs]292.810: [weak refs processing, 0.0000584 secs]292.810: [class unloading, 0.0455227 secs]292.856: [scrub symbol table, 0.0046100 secs]292.860: [scrub string table, 0.0013496 secs][1 CMS-remark: 8816337K(25034752K)] 8829426K(25152768K), 0.0715494 secs] [Times: user=0.20 sys=0.00, real=0.07 secs] 
2014-04-09T12:23:49.868+0900: 292.869: [CMS-concurrent-sweep-start]
2014-04-09T12:23:49.948+0900: 292.949: [GC (Allocation Failure) 292.949: [ParNew: 118015K->13055K(118016K), 0.0399378 secs] 8934345K->8870211K(25152768K), 0.0401501 secs] [Times: user=0.49 sys=0.00, real=0.04 secs] 
2014-04-09T12:23:50.067+0900: 293.068: [GC (Allocation Failure) 293.068: [ParNew: 111419K->13056K(118016K), 0.0440348 secs] 8968573K->8896235K(25152768K), 0.0442438 secs] [Times: user=0.48 sys=0.00, real=0.04 secs] 
2014-04-09T12:23:50.197+0900: 293.198: [GC (Allocation Failure) 293.198: [ParNew: 118016K->13056K(118016K), 0.0485171 secs] 9001194K->8931209K(25152768K), 0.0487277 secs] [Times: user=0.43 sys=0.02, real=0.05 secs] 
2014-04-09T12:23:50.359+0900: 293.360: [GC (Allocation Failure) 293.360: [ParNew: 118016K->13056K(118016K), 0.0432181 secs] 9036168K->8970142K(25152768K), 0.0434318 secs] [Times: user=0.53 sys=0.01, real=0.04 secs] 
2014-04-09T12:23:50.506+0900: 293.507: [GC (Allocation Failure) 293.507: [ParNew: 113419K->13056K(118016K), 0.0451906 secs] 9070488K->9002206K(25152768K), 0.0454076 secs] [Times: user=0.53 sys=0.01, real=0.04 secs] 
2014-04-09T12:23:50.649+0900: 293.650: [GC (Allocation Failure) 293.650: [ParNew: 114283K->13056K(118016K), 0.0458882 secs] 9100387K->9040850K(25152768K), 0.0461055 secs] [Times: user=0.51 sys=0.01, real=0.05 secs] 
2014-04-09T12:23:50.743+0900: 293.744: [GC (Allocation Failure) 293.744: [ParNew: 118015K->13056K(118016K), 0.0490738 secs] 9145809K->9091114K(25152768K), 0.0492877 secs] [Times: user=0.58 sys=0.01, real=0.05 secs] 
2014-04-09T12:23:50.862+0900: 293.863: [GC (Allocation Failure) 293.863: [ParNew: 112327K->13056K(118016K), 0.0514985 secs] 9190350K->9140165K(25152768K), 0.0517191 secs] [Times: user=0.47 sys=0.01, real=0.06 secs] 
2014-04-09T12:23:50.958+0900: 293.959: [GC (Allocation Failure) 293.960: [ParNew: 114956K->13056K(118016K), 0.0415992 secs] 9242030K->9160939K(25152768K), 0.0418137 secs] [Times: user=0.50 sys=0.01, real=0.04 secs] 
2014-04-09T12:23:51.069+0900: 294.070: [GC (Allocation Failure) 294.070: [ParNew: 118016K->13056K(118016K), 0.0451730 secs] 9265858K->9204788K(25152768K), 0.0453864 secs] [Times: user=0.54 sys=0.00, real=0.05 secs] 
2014-04-09T12:23:51.190+0900: 294.191: [GC (Allocation Failure) 294.191: [ParNew: 118016K->13056K(118016K), 0.0603411 secs] 9309123K->9251940K(25152768K), 0.0605672 secs] [Times: user=0.48 sys=0.02, real=0.06 secs] 
2014-04-09T12:23:51.306+0900: 294.307: [GC (Allocation Failure) 294.308: [ParNew: 118016K->13056K(118016K), 0.0515897 secs] 9356834K->9295670K(25152768K), 0.0518045 secs] [Times: user=0.60 sys=0.01, real=0.05 secs] 
2014-04-09T12:23:51.420+0900: 294.421: [GC (Allocation Failure) 294.421: [ParNew: 112703K->13056K(118016K), 0.0480000 secs] 9395304K->9342603K(25152768K), 0.0482219 secs] [Times: user=0.56 sys=0.01, real=0.05 secs] 
2014-04-09T12:23:51.509+0900: 294.510: [GC (Allocation Failure) 294.510: [ParNew: 117992K->13056K(118016K), 0.0451823 secs] 9447484K->9379494K(25152768K), 0.0454075 secs] [Times: user=0.53 sys=0.01, real=0.05 secs] 
2014-04-09T12:23:51.612+0900: 294.613: [GC (Allocation Failure) 294.613: [ParNew: 118016K->13055K(118016K), 0.0457009 secs] 9484454K->9437079K(25152768K), 0.0459159 secs] [Times: user=0.57 sys=0.00, real=0.05 secs] 
2014-04-09T12:23:51.753+0900: 294.754: [GC (Allocation Failure) 294.755: [ParNew: 118015K->13056K(118016K), 0.0680413 secs] 9542039K->9471432K(25152768K), 0.0682637 secs] [Times: user=0.60 sys=0.03, real=0.06 secs] 
2014-04-09T12:23:51.871+0900: 294.872: [GC (Allocation Failure) 294.872: [ParNew: 111520K->13056K(118016K), 0.0500316 secs] 9566179K->9512254K(25152768K), 0.0502452 secs] [Times: user=0.56 sys=0.01, real=0.05 secs] 
2014-04-09T12:23:51.938+0900: 294.939: [CMS-concurrent-sweep: 1.222/2.070 secs] [Times: user=13.43 sys=0.38, real=2.07 secs] 
2014-04-09T12:23:51.938+0900: 294.939: [CMS-concurrent-reset-start]
2014-04-09T12:23:51.995+0900: 294.996: [GC (Allocation Failure) 294.996: [ParNew: 114378K->13056K(118016K), 0.0396875 secs] 9572935K->9520622K(25152768K), 0.0399019 secs] [Times: user=0.50 sys=0.01, real=0.04 secs] 
2014-04-09T12:23:52.070+0900: 295.071: [CMS-concurrent-reset: 0.090/0.131 secs] [Times: user=0.88 sys=0.03, real=0.13 secs] 
2014-04-09T12:23:52.101+0900: 295.102: [GC (Allocation Failure) 295.102: [ParNew: 118016K->13056K(118016K), 0.0645943 secs] 9625582K->9577823K(25152768K), 0.0648086 secs] [Times: user=0.51 sys=0.01, real=0.07 secs] 
2014-04-09T12:23:52.166+0900: 295.168: [GC (CMS Initial Mark) [1 CMS-initial-mark: 9564767K(25034752K)] 9578575K(25152768K), 0.0015102 secs] [Times: user=0.01 sys=0.00, real=0.00 secs] 
2014-04-09T12:23:52.168+0900: 295.169: [CMS-concurrent-mark-start]
2014-04-09T12:23:52.228+0900: 295.229: [GC (Allocation Failure) 295.229: [ParNew: 118016K->13056K(118016K), 0.0495077 secs] 9682783K->9614044K(25152768K), 0.0497267 secs] [Times: user=0.56 sys=0.01, real=0.05 secs] 
2014-04-09T12:23:52.368+0900: 295.370: [GC (Allocation Failure) 295.370: [ParNew: 118016K->13056K(118016K), 0.0495802 secs] 9719004K->9642809K(25152768K), 0.0497992 secs] [Times: user=0.57 sys=0.01, real=0.05 secs] 
2014-04-09T12:23:52.507+0900: 295.508: [GC (Allocation Failure) 295.508: [ParNew: 117999K->13056K(118016K), 0.0508393 secs] 9747753K->9680986K(25152768K), 0.0510572 secs] [Times: user=0.58 sys=0.01, real=0.05 secs] 
2014-04-09T12:23:52.628+0900: 295.629: [GC (Allocation Failure) 295.629: [ParNew: 118016K->13056K(118016K), 0.0557800 secs] 9785946K->9733751K(25152768K), 0.0560171 secs] [Times: user=0.62 sys=0.00, real=0.05 secs] 
2014-04-09T12:23:52.799+0900: 295.800: [GC (Allocation Failure) 295.800: [ParNew: 118016K->13056K(118016K), 0.0652592 secs] 9838711K->9765411K(25152768K), 0.0654801 secs] [Times: user=0.68 sys=0.01, real=0.06 secs] 
2014-04-09T12:23:53.003+0900: 296.004: [GC (Allocation Failure) 296.004: [ParNew: 118013K->13056K(118016K), 0.0595475 secs] 9870369K->9794574K(25152768K), 0.0597676 secs] [Times: user=0.59 sys=0.01, real=0.06 secs] 
2014-04-09T12:23:53.201+0900: 296.202: [GC (Allocation Failure) 296.202: [ParNew: 118016K->13056K(118016K), 0.0669699 secs] 9899534K->9842580K(25152768K), 0.0671886 secs] [Times: user=0.70 sys=0.01, real=0.07 secs] 
2014-04-09T12:23:53.371+0900: 296.372: [GC (Allocation Failure) 296.373: [ParNew: 117343K->13056K(118016K), 0.0603493 secs] 9946868K->9875010K(25152768K), 0.0605789 secs] [Times: user=0.67 sys=0.02, real=0.06 secs] 
2014-04-09T12:23:53.540+0900: 296.541: [GC (Allocation Failure) 296.541: [ParNew: 118016K->13056K(118016K), 0.0556277 secs] 9979970K->9901797K(25152768K), 0.0558413 secs] [Times: user=0.60 sys=0.02, real=0.06 secs] 
2014-04-09T12:23:53.692+0900: 296.693: [GC (Allocation Failure) 296.693: [ParNew: 118014K->13056K(118016K), 0.0591150 secs] 10006756K->9952856K(25152768K), 0.0593297 secs] [Times: user=0.63 sys=0.02, real=0.06 secs] 
2014-04-09T12:23:53.827+0900: 296.828: [GC (Allocation Failure) 296.828: [ParNew: 116976K->13056K(118016K), 0.0493672 secs] 10056776K->9988381K(25152768K), 0.0495818 secs] [Times: user=0.62 sys=0.00, real=0.05 secs] 
2014-04-09T12:23:53.990+0900: 296.991: [GC (Allocation Failure) 296.991: [ParNew: 118016K->13056K(118016K), 0.0486420 secs] 10093341K->10018113K(25152768K), 0.0488521 secs] [Times: user=0.57 sys=0.01, real=0.05 secs] 
2014-04-09T12:23:54.127+0900: 297.128: [GC (Allocation Failure) 297.128: [ParNew: 109844K->13056K(118016K), 0.0747478 secs] 10114901K->10065514K(25152768K), 0.0749663 secs] [Times: user=0.74 sys=0.02, real=0.07 secs] 
2014-04-09T12:23:54.364+0900: 297.365: [GC (Allocation Failure) 297.365: [ParNew: 118015K->13056K(118016K), 0.0411271 secs] 10170473K->10087988K(25152768K), 0.0413347 secs] [Times: user=0.50 sys=0.00, real=0.05 secs] 
2014-04-09T12:23:54.547+0900: 297.549: [GC (Allocation Failure) 297.549: [ParNew: 112981K->13056K(118016K), 0.0524886 secs] 10187913K->10118499K(25152768K), 0.0526974 secs] [Times: user=0.58 sys=0.01, real=0.05 secs] 
2014-04-09T12:23:54.653+0900: 297.654: [CMS-concurrent-mark: 1.628/2.485 secs] [Times: user=18.53 sys=0.60, real=2.48 secs] 
2014-04-09T12:23:54.653+0900: 297.654: [CMS-concurrent-preclean-start]
2014-04-09T12:23:54.704+0900: 297.705: [GC (Allocation Failure) 297.705: [ParNew: 118016K->13056K(118016K), 0.0628762 secs] 10223459K->10160861K(25152768K), 0.0630880 secs] [Times: user=0.51 sys=0.02, real=0.07 secs] 
2014-04-09T12:23:54.832+0900: 297.833: [GC (Allocation Failure) 297.834: [ParNew: 116829K->13056K(118016K), 0.0607220 secs] 10264634K->10210689K(25152768K), 0.0609490 secs] [Times: user=0.64 sys=0.02, real=0.06 secs] 
2014-04-09T12:23:54.985+0900: 297.986: [GC (Allocation Failure) 297.986: [ParNew: 118016K->13056K(118016K), 0.0523772 secs] 10315649K->10230645K(25152768K), 0.0525958 secs] [Times: user=0.59 sys=0.01, real=0.05 secs] 
2014-04-09T12:23:55.127+0900: 298.128: [GC (Allocation Failure) 298.128: [ParNew: 115875K->13056K(118016K), 0.0663663 secs] 10333464K->10272477K(25152768K), 0.0665783 secs] [Times: user=0.50 sys=0.03, real=0.06 secs] 
2014-04-09T12:23:55.250+0900: 298.251: [GC (Allocation Failure) 298.252: [ParNew: 118016K->10817K(118016K), 0.0494245 secs] 10377437K->10303455K(25152768K), 0.0496527 secs] [Times: user=0.62 sys=0.00, real=0.05 secs] 
2014-04-09T12:23:55.401+0900: 298.402: [GC (Allocation Failure) 298.402: [ParNew: 115777K->13056K(118016K), 0.0614949 secs] 10408415K->10332739K(25152768K), 0.0617131 secs] [Times: user=0.63 sys=0.03, real=0.06 secs] 
2014-04-09T12:23:55.549+0900: 298.550: [GC (Allocation Failure) 298.550: [ParNew: 118016K->13056K(118016K), 0.0502138 secs] 10437699K->10382435K(25152768K), 0.0504552 secs] [Times: user=0.61 sys=0.00, real=0.05 secs] 
2014-04-09T12:23:55.662+0900: 298.664: [GC (Allocation Failure) 298.664: [ParNew: 118016K->13056K(118016K), 0.0540755 secs] 10487395K->10426770K(25152768K), 0.0542889 secs] [Times: user=0.60 sys=0.02, real=0.06 secs] 
2014-04-09T12:23:55.794+0900: 298.795: [GC (Allocation Failure) 298.795: [ParNew: 111525K->13056K(118016K), 0.0629956 secs] 10525239K->10475516K(25152768K), 0.0632160 secs] [Times: user=0.59 sys=0.03, real=0.07 secs] 
2014-04-09T12:23:55.916+0900: 298.917: [GC (Allocation Failure) 298.917: [ParNew: 118016K->13056K(118016K), 0.0400982 secs] 10580476K->10510917K(25152768K), 0.0403156 secs] [Times: user=0.50 sys=0.00, real=0.04 secs] 
2014-04-09T12:23:56.043+0900: 299.044: [GC (Allocation Failure) 299.044: [ParNew: 110522K->13056K(118016K), 0.0661657 secs] 10608384K->10540541K(25152768K), 0.0663810 secs] [Times: user=0.54 sys=0.03, real=0.07 secs] 
2014-04-09T12:23:56.157+0900: 299.158: [GC (Allocation Failure) 299.158: [ParNew: 109997K->13056K(118016K), 0.0506820 secs] 10637482K->10562101K(25152768K), 0.0509122 secs] [Times: user=0.62 sys=0.00, real=0.05 secs] 
2014-04-09T12:23:56.273+0900: 299.274: [GC (Allocation Failure) 299.274: [ParNew: 117594K->13056K(118016K), 0.0523052 secs] 10666640K->10610841K(25152768K), 0.0525236 secs] [Times: user=0.64 sys=0.00, real=0.06 secs] 
2014-04-09T12:23:56.367+0900: 299.368: [GC (Allocation Failure) 299.368: [ParNew: 118016K->13056K(118016K), 0.0520688 secs] 10715801K->10648353K(25152768K), 0.0522858 secs] [Times: user=0.61 sys=0.01, real=0.05 secs] 
2014-04-09T12:23:56.476+0900: 299.477: [GC (Allocation Failure) 299.478: [ParNew: 118016K->13056K(118016K), 0.0596937 secs] 10753313K->10699500K(25152768K), 0.0599243 secs] [Times: user=0.69 sys=0.02, real=0.06 secs] 
2014-04-09T12:23:56.654+0900: 299.655: [CMS-concurrent-preclean: 1.023/2.001 secs] [Times: user=12.78 sys=0.41, real=2.01 secs] 
2014-04-09T12:23:56.655+0900: 299.656: [GC (Allocation Failure) 299.656: [ParNew: 118016K->13056K(118016K), 0.0573119 secs] 10804460K->10728689K(25152768K), 0.0575253 secs] [Times: user=0.63 sys=0.02, real=0.05 secs] 
2014-04-09T12:23:56.714+0900: 299.715: [GC (CMS Final Remark) [YG occupancy: 13738 K (118016 K)]299.715: [Rescan (parallel) , 0.0201402 secs]299.735: [weak refs processing, 0.0001181 secs]299.735: [class unloading, 0.0485402 secs]299.784: [scrub symbol table, 0.0048556 secs]299.788: [scrub string table, 0.0014083 secs][1 CMS-remark: 10715633K(25034752K)] 10729372K(25152768K), 0.0829482 secs] [Times: user=0.32 sys=0.00, real=0.09 secs] 
2014-04-09T12:23:56.797+0900: 299.798: [CMS-concurrent-sweep-start]
2014-04-09T12:23:56.861+0900: 299.862: [GC (Allocation Failure) 299.862: [ParNew: 118016K->13056K(118016K), 0.0532047 secs] 10783306K->10726390K(25152768K), 0.0534260 secs] [Times: user=0.64 sys=0.00, real=0.06 secs] 
2014-04-09T12:23:56.974+0900: 299.975: [GC (Allocation Failure) 299.975: [ParNew: 118016K->13056K(118016K), 0.0450782 secs] 10778753K->10706465K(25152768K), 0.0452964 secs] [Times: user=0.54 sys=0.00, real=0.05 secs] 
2014-04-09T12:23:57.055+0900: 300.056: [GC (Allocation Failure) 300.056: [ParNew: 118016K->13056K(118016K), 0.0463363 secs] 10782358K->10725410K(25152768K), 0.0465519 secs] [Times: user=0.57 sys=0.01, real=0.04 secs] 
2014-04-09T12:23:57.172+0900: 300.173: [GC (Allocation Failure) 300.173: [ParNew: 118016K->13056K(118016K), 0.0528716 secs] 10768622K->10708483K(25152768K), 0.0530882 secs] [Times: user=0.60 sys=0.00, real=0.06 secs] 
2014-04-09T12:23:57.288+0900: 300.289: [GC (Allocation Failure) 300.289: [ParNew: 118016K->13056K(118016K), 0.0486198 secs] 10751581K->10681233K(25152768K), 0.0488387 secs] [Times: user=0.58 sys=0.01, real=0.05 secs] 
2014-04-09T12:23:57.413+0900: 300.415: [GC (Allocation Failure) 300.415: [ParNew: 118016K->13056K(118016K), 0.0512852 secs] 10708893K->10662971K(25152768K), 0.0515016 secs] [Times: user=0.62 sys=0.00, real=0.06 secs] 
2014-04-09T12:23:57.509+0900: 300.510: [GC (Allocation Failure) 300.510: [ParNew: 118016K->13056K(118016K), 0.0444852 secs] 10731475K->10651852K(25152768K), 0.0447015 secs] [Times: user=0.55 sys=0.00, real=0.04 secs] 
2014-04-09T12:23:57.642+0900: 300.644: [GC (Allocation Failure) 300.644: [ParNew: 118016K->13056K(118016K), 0.0451821 secs] 10684261K->10615939K(25152768K), 0.0453988 secs] [Times: user=0.55 sys=0.00, real=0.05 secs] 
2014-04-09T12:23:57.766+0900: 300.768: [GC (Allocation Failure) 300.768: [ParNew: 114675K->13056K(118016K), 0.0513488 secs] 10649953K->10596432K(25152768K), 0.0515646 secs] [Times: user=0.62 sys=0.01, real=0.05 secs] 
2014-04-09T12:23:57.889+0900: 300.890: [GC (Allocation Failure) 300.890: [ParNew: 111326K->13056K(118016K), 0.0436859 secs] 10632859K->10559435K(25152768K), 0.0438997 secs] [Times: user=0.52 sys=0.00, real=0.04 secs] 
2014-04-09T12:23:58.084+0900: 301.085: [GC (Allocation Failure) 301.085: [ParNew: 116083K->13056K(118016K), 0.0444717 secs] 10516035K->10453510K(25152768K), 0.0447029 secs] [Times: user=0.52 sys=0.00, real=0.05 secs] 
2014-04-09T12:23:58.201+0900: 301.202: [GC (Allocation Failure) 301.202: [ParNew: 118016K->8986K(118016K), 0.0451364 secs] 10490091K->10416018K(25152768K), 0.0453527 secs] [Times: user=0.55 sys=0.01, real=0.05 secs] 
2014-04-09T12:23:58.330+0900: 301.331: [GC (Allocation Failure) 301.331: [ParNew: 113946K->13056K(118016K), 0.0480177 secs] 10439245K->10366166K(25152768K), 0.0481957 secs] [Times: user=0.57 sys=0.00, real=0.05 secs] 
2014-04-09T12:23:58.480+0900: 301.481: [GC (Allocation Failure) 301.481: [ParNew: 118016K->13056K(118016K), 0.0444929 secs] 10382061K->10317099K(25152768K), 0.0447119 secs] [Times: user=0.52 sys=0.00, real=0.05 secs] 
2014-04-09T12:23:58.596+0900: 301.597: [GC (Allocation Failure) 301.597: [ParNew: 117082K->12860K(118016K), 0.0428183 secs] 10346164K->10285040K(25152768K), 0.0430335 secs] [Times: user=0.52 sys=0.01, real=0.04 secs] 
2014-04-09T12:23:58.727+0900: 301.728: [GC (Allocation Failure) 301.728: [ParNew: 117807K->13056K(118016K), 0.0532636 secs] 10295166K->10217348K(25152768K), 0.0534807 secs] [Times: user=0.59 sys=0.01, real=0.05 secs] 
2014-04-09T12:23:58.867+0900: 301.868: [GC (Allocation Failure) 301.868: [ParNew: 118016K->13056K(118016K), 0.0501799 secs] 10216596K->10163617K(25152768K), 0.0503964 secs] [Times: user=0.61 sys=0.01, real=0.05 secs] 
2014-04-09T12:23:58.994+0900: 301.995: [GC (Allocation Failure) 301.995: [ParNew: 107899K->10016K(118016K), 0.0461810 secs] 10155525K->10088852K(25152768K), 0.0464008 secs] [Times: user=0.56 sys=0.01, real=0.05 secs] 
2014-04-09T12:23:59.126+0900: 302.127: [GC (Allocation Failure) 302.127: [ParNew: 114976K->13056K(118016K), 0.0459237 secs] 10102293K->10025191K(25152768K), 0.0461424 secs] [Times: user=0.48 sys=0.01, real=0.04 secs] 
2014-04-09T12:23:59.227+0900: 302.228: [GC (Allocation Failure) 302.228: [ParNew: 118016K->13056K(118016K), 0.0550618 secs] 10070921K->10021103K(25152768K), 0.0552788 secs] [Times: user=0.69 sys=0.00, real=0.05 secs] 
2014-04-09T12:23:59.357+0900: 302.358: [GC (Allocation Failure) 302.358: [ParNew: 118016K->13056K(118016K), 0.0499123 secs] 10049022K->9983751K(25152768K), 0.0501299 secs] [Times: user=0.57 sys=0.01, real=0.05 secs] 
2014-04-09T12:23:59.462+0900: 302.463: [GC (Allocation Failure) 302.463: [ParNew: 117396K->13056K(118016K), 0.0437423 secs] 10039169K->9978137K(25152768K), 0.0439680 secs] [Times: user=0.53 sys=0.00, real=0.05 secs] 
2014-04-09T12:23:59.578+0900: 302.579: [GC (Allocation Failure) 302.579: [ParNew: 118014K->13056K(118016K), 0.0506660 secs] 9989728K->9915854K(25152768K), 0.0508841 secs] [Times: user=0.62 sys=0.00, real=0.05 secs] 
2014-04-09T12:23:59.670+0900: 302.671: [GC (Allocation Failure) 302.671: [ParNew: 117565K->13056K(118016K), 0.0404421 secs] 9974485K->9912776K(25152768K), 0.0406637 secs] [Times: user=0.49 sys=0.01, real=0.04 secs] 
2014-04-09T12:23:59.790+0900: 302.791: [GC (Allocation Failure) 302.791: [ParNew: 118016K->13056K(118016K), 0.0502106 secs] 9935917K->9885030K(25152768K), 0.0504326 secs] [Times: user=0.54 sys=0.01, real=0.05 secs] 
2014-04-09T12:23:59.933+0900: 302.934: [GC (Allocation Failure) 302.934: [ParNew: 112214K->13056K(118016K), 0.0490922 secs] 9760136K->9695378K(25152768K), 0.0493072 secs] [Times: user=0.60 sys=0.00, real=0.05 secs] 
2014-04-09T12:24:00.020+0900: 303.021: [GC (Allocation Failure) 303.021: [ParNew: 117916K->11503K(118016K), 0.0480210 secs] 9723291K->9658972K(25152768K), 0.0482396 secs] [Times: user=0.58 sys=0.01, real=0.05 secs] 
2014-04-09T12:24:00.121+0900: 303.122: [CMS-concurrent-sweep: 1.991/3.324 secs] [Times: user=22.52 sys=0.51, real=3.32 secs] 
2014-04-09T12:24:00.121+0900: 303.123: [CMS-concurrent-reset-start]
2014-04-09T12:24:00.140+0900: 303.141: [GC (Allocation Failure) 303.141: [ParNew: 116463K->13056K(118016K), 0.0499953 secs] 9229278K->9171751K(25152768K), 0.0502101 secs] [Times: user=0.59 sys=0.01, real=0.05 secs] 
2014-04-09T12:24:00.238+0900: 303.239: [GC (Allocation Failure) 303.239: [ParNew: 118016K->13056K(118016K), 0.0467170 secs] 9276711K->9215672K(25152768K), 0.0469320 secs] [Times: user=0.54 sys=0.00, real=0.04 secs] 
2014-04-09T12:24:00.317+0900: 303.318: [CMS-concurrent-reset: 0.095/0.195 secs] [Times: user=1.53 sys=0.03, real=0.20 secs] 
2014-04-09T12:24:00.375+0900: 303.376: [GC (Allocation Failure) 303.376: [ParNew: 118016K->13056K(118016K), 0.0466153 secs] 9320632K->9255701K(25152768K), 0.0468300 secs] [Times: user=0.55 sys=0.01, real=0.05 secs] 
2014-04-09T12:24:00.423+0900: 303.424: [GC (CMS Initial Mark) [1 CMS-initial-mark: 9242645K(25034752K)] 9255828K(25152768K), 0.0014704 secs] [Times: user=0.00 sys=0.00, real=0.00 secs] 
2014-04-09T12:24:00.424+0900: 303.426: [CMS-concurrent-mark-start]
2014-04-09T12:24:00.498+0900: 303.499: [GC (Allocation Failure) 303.499: [ParNew: 118016K->12938K(118016K), 0.0404447 secs] 9360661K->9287336K(25152768K), 0.0406667 secs] [Times: user=0.50 sys=0.00, real=0.04 secs] 
2014-04-09T12:24:00.687+0900: 303.688: [GC (Allocation Failure) 303.688: [ParNew: 113785K->13056K(118016K), 0.0494806 secs] 9388183K->9313841K(25152768K), 0.0497004 secs] [Times: user=0.57 sys=0.01, real=0.05 secs] 
2014-04-09T12:24:00.808+0900: 303.810: [GC (Allocation Failure) 303.810: [ParNew: 110246K->13056K(118016K), 0.0482967 secs] 9411031K->9350859K(25152768K), 0.0485127 secs] [Times: user=0.60 sys=0.01, real=0.05 secs] 
2014-04-09T12:24:00.933+0900: 303.934: [GC (Allocation Failure) 303.934: [ParNew: 118016K->13056K(118016K), 0.0527170 secs] 9455819K->9401851K(25152768K), 0.0529351 secs] [Times: user=0.63 sys=0.01, real=0.06 secs] 
2014-04-09T12:24:01.124+0900: 304.125: [GC (Allocation Failure) 304.125: [ParNew: 118016K->13056K(118016K), 0.0455511 secs] 9506811K->9426220K(25152768K), 0.0457700 secs] [Times: user=0.57 sys=0.00, real=0.05 secs] 
2014-04-09T12:24:01.265+0900: 304.267: [GC (Allocation Failure) 304.267: [ParNew: 118000K->13056K(118016K), 0.0457139 secs] 9531164K->9464462K(25152768K), 0.0459320 secs] [Times: user=0.53 sys=0.00, real=0.04 secs] 
2014-04-09T12:24:01.372+0900: 304.373: [GC (Allocation Failure) 304.373: [ParNew: 118016K->13056K(118016K), 0.0493560 secs] 9569422K->9516627K(25152768K), 0.0495694 secs] [Times: user=0.61 sys=0.00, real=0.05 secs] 
2014-04-09T12:24:01.521+0900: 304.522: [GC (Allocation Failure) 304.523: [ParNew: 118016K->13056K(118016K), 0.0527672 secs] 9621587K->9542878K(25152768K), 0.0530044 secs] [Times: user=0.62 sys=0.01, real=0.05 secs] 
2014-04-09T12:24:01.672+0900: 304.673: [GC (Allocation Failure) 304.673: [ParNew: 115457K->13056K(118016K), 0.0463626 secs] 9645279K->9579957K(25152768K), 0.0465786 secs] [Times: user=0.54 sys=0.01, real=0.05 secs] 
2014-04-09T12:24:01.778+0900: 304.779: [GC (Allocation Failure) 304.779: [ParNew: 118016K->13056K(118016K), 0.0494846 secs] 9684917K->9632537K(25152768K), 0.0497003 secs] [Times: user=0.63 sys=0.00, real=0.05 secs] 
2014-04-09T12:24:01.936+0900: 304.937: [GC (Allocation Failure) 304.937: [ParNew: 117823K->13056K(118016K), 0.0541883 secs] 9737304K->9662308K(25152768K), 0.0544045 secs] [Times: user=0.63 sys=0.02, real=0.05 secs] 
2014-04-09T12:24:02.094+0900: 305.095: [GC (Allocation Failure) 305.095: [ParNew: 116050K->13056K(118016K), 0.0426215 secs] 9765302K->9700811K(25152768K), 0.0428524 secs] [Times: user=0.49 sys=0.01, real=0.05 secs] 
2014-04-09T12:24:02.186+0900: 305.187: [GC (Allocation Failure) 305.187: [ParNew: 115408K->13056K(118016K), 0.0459857 secs] 9803163K->9741635K(25152768K), 0.0462017 secs] [Times: user=0.56 sys=0.01, real=0.04 secs] 
2014-04-09T12:24:02.328+0900: 305.329: [GC (Allocation Failure) 305.329: [ParNew: 118016K->13056K(118016K), 0.0491112 secs] 9846595K->9772928K(25152768K), 0.0493245 secs] [Times: user=0.58 sys=0.01, real=0.05 secs] 
2014-04-09T12:24:02.482+0900: 305.483: [GC (Allocation Failure) 305.483: [ParNew: 118015K->9966K(118016K), 0.0514630 secs] 9877888K->9819452K(25152768K), 0.0516795 secs] [Times: user=0.62 sys=0.00, real=0.05 secs] 
2014-04-09T12:24:02.594+0900: 305.595: [GC (Allocation Failure) 305.595: [ParNew: 114926K->13056K(118016K), 0.0502970 secs] 9924412K->9866823K(25152768K), 0.0505125 secs] [Times: user=0.61 sys=0.01, real=0.05 secs] 
2014-04-09T12:24:02.690+0900: 305.691: [GC (Allocation Failure) 305.692: [ParNew: 118016K->13056K(118016K), 0.0477356 secs] 9971783K->9917261K(25152768K), 0.0479585 secs] [Times: user=0.56 sys=0.01, real=0.05 secs] 
2014-04-09T12:24:02.819+0900: 305.820: [GC (Allocation Failure) 305.820: [ParNew: 118016K->13056K(118016K), 0.0586936 secs] 10022221K->9952471K(25152768K), 0.0589060 secs] [Times: user=0.69 sys=0.01, real=0.06 secs] 
2014-04-09T12:24:02.956+0900: 305.957: [GC (Allocation Failure) 305.957: [ParNew: 118016K->13056K(118016K), 0.0485016 secs] 10057431K->9984446K(25152768K), 0.0487242 secs] [Times: user=0.58 sys=0.01, real=0.04 secs] 
2014-04-09T12:24:03.020+0900: 306.021: [CMS-concurrent-mark: 1.638/2.595 secs] [Times: user=21.38 sys=0.42, real=2.60 secs] 
2014-04-09T12:24:03.020+0900: 306.021: [CMS-concurrent-preclean-start]
2014-04-09T12:24:03.095+0900: 306.096: [GC (Allocation Failure) 306.096: [ParNew: 117234K->13056K(118016K), 0.0457723 secs] 10088625K->10010001K(25152768K), 0.0459920 secs] [Times: user=0.58 sys=0.00, real=0.05 secs] 
2014-04-09T12:24:03.197+0900: 306.198: [GC (Allocation Failure) 306.199: [ParNew: 118016K->13056K(118016K), 0.0503718 secs] 10114961K->10064400K(25152768K), 0.0506005 secs] [Times: user=0.62 sys=0.01, real=0.05 secs] 
2014-04-09T12:24:03.364+0900: 306.365: [GC (Allocation Failure) 306.365: [ParNew: 118016K->13056K(118016K), 0.0509928 secs] 10169360K->10090671K(25152768K), 0.0512111 secs] [Times: user=0.59 sys=0.00, real=0.05 secs] 
2014-04-09T12:24:03.501+0900: 306.502: [GC (Allocation Failure) 306.502: [ParNew: 115732K->11811K(118016K), 0.0471291 secs] 10193348K->10130834K(25152768K), 0.0473502 secs] [Times: user=0.54 sys=0.01, real=0.05 secs] 
2014-04-09T12:24:03.606+0900: 306.608: [GC (Allocation Failure) 306.608: [ParNew: 113360K->13056K(118016K), 0.0429505 secs] 10232383K->10166649K(25152768K), 0.0431650 secs] [Times: user=0.52 sys=0.01, real=0.04 secs] 
2014-04-09T12:24:03.771+0900: 306.772: [GC (Allocation Failure) 306.772: [ParNew: 118014K->13056K(118016K), 0.0490798 secs] 10271607K->10209418K(25152768K), 0.0493011 secs] [Times: user=0.58 sys=0.00, real=0.05 secs] 
2014-04-09T12:24:03.903+0900: 306.904: [GC (Allocation Failure) 306.904: [ParNew: 118016K->12848K(118016K), 0.0481374 secs] 10314378K->10252458K(25152768K), 0.0483613 secs] [Times: user=0.57 sys=0.00, real=0.05 secs] 
2014-04-09T12:24:04.018+0900: 307.019: [GC (Allocation Failure) 307.019: [ParNew: 117808K->13056K(118016K), 0.0615794 secs] 10357418K->10298805K(25152768K), 0.0618001 secs] [Times: user=0.61 sys=0.00, real=0.06 secs] 
2014-04-09T12:24:04.128+0900: 307.129: [GC (Allocation Failure) 307.129: [ParNew: 114082K->13056K(118016K), 0.0559632 secs] 10399831K->10338162K(25152768K), 0.0561771 secs] [Times: user=0.66 sys=0.00, real=0.05 secs] 
2014-04-09T12:24:04.236+0900: 307.237: [GC (Allocation Failure) 307.238: [ParNew: 118016K->13056K(118016K), 0.0530412 secs] 10443122K->10386654K(25152768K), 0.0532602 secs] [Times: user=0.62 sys=0.01, real=0.05 secs] 
2014-04-09T12:24:04.371+0900: 307.372: [GC (Allocation Failure) 307.372: [ParNew: 118016K->13056K(118016K), 0.0461492 secs] 10491614K->10405299K(25152768K), 0.0463877 secs] [Times: user=0.56 sys=0.00, real=0.05 secs] 
2014-04-09T12:24:04.470+0900: 307.471: [GC (Allocation Failure) 307.471: [ParNew: 118016K->12783K(118016K), 0.0580352 secs] 10510259K->10455489K(25152768K), 0.0582594 secs] [Times: user=0.62 sys=0.02, real=0.06 secs] 
2014-04-09T12:24:04.586+0900: 307.587: [GC (Allocation Failure) 307.587: [ParNew: 117743K->13056K(118016K), 0.0454383 secs] 10560449K->10491369K(25152768K), 0.0456573 secs] [Times: user=0.56 sys=0.00, real=0.04 secs] 
2014-04-09T12:24:04.721+0900: 307.722: [CMS-concurrent-preclean: 0.924/1.701 secs] [Times: user=11.13 sys=0.27, real=1.70 secs] 
2014-04-09T12:24:04.722+0900: 307.723: [GC (Allocation Failure) 307.723: [ParNew: 118016K->13056K(118016K), 0.0502774 secs] 10596329K->10536913K(25152768K), 0.0504797 secs] [Times: user=0.54 sys=0.03, real=0.05 secs] 
2014-04-09T12:24:04.773+0900: 307.774: [CMS-concurrent-abortable-preclean-start]
2014-04-09T12:24:04.837+0900: 307.838: [GC (Allocation Failure) 307.838: [ParNew: 118016K->13056K(118016K), 0.0609709 secs] 10641873K->10586046K(25152768K), 0.0611890 secs] [Times: user=0.66 sys=0.01, real=0.06 secs] 
2014-04-09T12:24:04.969+0900: 307.971: [GC (Allocation Failure) 307.971: [ParNew: 117987K->13056K(118016K), 0.0531513 secs] 10690977K->10613710K(25152768K), 0.0533677 secs] [Times: user=0.61 sys=0.01, real=0.05 secs] 
2014-04-09T12:24:05.137+0900: 308.138: [CMS-concurrent-abortable-preclean: 0.236/0.364 secs] [Times: user=2.15 sys=0.03, real=0.37 secs] 
2014-04-09T12:24:05.137+0900: 308.139: [GC (Allocation Failure) 308.139: [ParNew: 118016K->13056K(118016K), 0.0586202 secs] 10718670K->10653746K(25152768K), 0.0588138 secs] [Times: user=0.67 sys=0.01, real=0.06 secs] 
2014-04-09T12:24:05.197+0900: 308.198: [GC (CMS Final Remark) [YG occupancy: 13258 K (118016 K)]308.198: [Rescan (parallel) , 0.0290470 secs]308.227: [weak refs processing, 0.0000631 secs]308.227: [class unloading, 0.0471531 secs]308.275: [scrub symbol table, 0.0043206 secs]308.279: [scrub string table, 0.0012186 secs][1 CMS-remark: 10640690K(25034752K)] 10653949K(25152768K), 0.0896954 secs] [Times: user=0.42 sys=0.00, real=0.09 secs] 
2014-04-09T12:24:05.287+0900: 308.288: [CMS-concurrent-sweep-start]
2014-04-09T12:24:05.334+0900: 308.335: [GC (Allocation Failure) 308.335: [ParNew: 118016K->13056K(118016K), 0.0464289 secs] 10756818K->10686404K(25152768K), 0.0466183 secs] [Times: user=0.53 sys=0.01, real=0.05 secs] 
2014-04-09T12:24:05.423+0900: 308.424: [GC (Allocation Failure) 308.424: [ParNew: 112250K->13056K(118016K), 0.0491513 secs] 10783272K->10726849K(25152768K), 0.0493359 secs] [Times: user=0.60 sys=0.00, real=0.05 secs] 
2014-04-09T12:24:05.542+0900: 308.543: [GC (Allocation Failure) 308.543: [ParNew: 113373K->13056K(118016K), 0.0736276 secs] 10822379K->10767739K(25152768K), 0.0738154 secs] [Times: user=0.75 sys=0.02, real=0.08 secs] 
2014-04-09T12:24:05.665+0900: 308.666: [GC (Allocation Failure) 308.666: [ParNew: 116282K->7424K(118016K), 0.0422400 secs] 10867784K->10784063K(25152768K), 0.0424332 secs] [Times: user=0.50 sys=0.01, real=0.05 secs] 
2014-04-09T12:24:05.821+0900: 308.823: [GC (Allocation Failure) 308.823: [ParNew: 112384K->13056K(118016K), 0.0602435 secs] 10881952K->10815849K(25152768K), 0.0604314 secs] [Times: user=0.66 sys=0.00, real=0.06 secs] 
2014-04-09T12:24:05.947+0900: 308.948: [GC (Allocation Failure) 308.948: [ParNew: 118016K->13056K(118016K), 0.0531083 secs] 10918181K->10852090K(25152768K), 0.0533042 secs] [Times: user=0.59 sys=0.02, real=0.05 secs] 
2014-04-09T12:24:06.037+0900: 309.038: [GC (Allocation Failure) 309.038: [ParNew: 110405K->13056K(118016K), 0.0518901 secs] 10947851K->10896269K(25152768K), 0.0520766 secs] [Times: user=0.64 sys=0.00, real=0.05 secs] 
2014-04-09T12:24:06.140+0900: 309.141: [GC (Allocation Failure) 309.141: [ParNew: 118016K->13056K(118016K), 0.0668382 secs] 10997965K->10937233K(25152768K), 0.0670329 secs] [Times: user=0.62 sys=0.02, real=0.07 secs] 
2014-04-09T12:24:06.283+0900: 309.284: [GC (Allocation Failure) 309.284: [ParNew: 118016K->13056K(118016K), 0.0477935 secs] 11029448K->10949985K(25152768K), 0.0479782 secs] [Times: user=0.49 sys=0.01, real=0.05 secs] 
2014-04-09T12:24:06.422+0900: 309.424: [GC (Allocation Failure) 309.424: [ParNew: 118016K->10745K(118016K), 0.0535932 secs] 11033130K->10952998K(25152768K), 0.0537788 secs] [Times: user=0.62 sys=0.01, real=0.06 secs] 
2014-04-09T12:24:06.532+0900: 309.533: [GC (Allocation Failure) 309.533: [ParNew: 113320K->13056K(118016K), 0.0444196 secs] 11044611K->10975018K(25152768K), 0.0446107 secs] [Times: user=0.56 sys=0.01, real=0.05 secs] 
2014-04-09T12:24:06.617+0900: 309.618: [GC (Allocation Failure) 309.618: [ParNew: 118016K->13056K(118016K), 0.0480250 secs] 11077116K->11012540K(25152768K), 0.0482084 secs] [Times: user=0.60 sys=0.01, real=0.04 secs] 
2014-04-09T12:24:06.728+0900: 309.730: [GC (Allocation Failure) 309.730: [ParNew: 118016K->13056K(118016K), 0.0597454 secs] 11112804K->11051646K(25152768K), 0.0599284 secs] [Times: user=0.62 sys=0.03, real=0.06 secs] 
2014-04-09T12:24:06.845+0900: 309.846: [GC (Allocation Failure) 309.846: [ParNew: 118016K->13056K(118016K), 0.0500792 secs] 11150407K->11085412K(25152768K), 0.0502613 secs] [Times: user=0.58 sys=0.01, real=0.05 secs] 
2014-04-09T12:24:06.972+0900: 309.973: [GC (Allocation Failure) 309.973: [ParNew: 117507K->13056K(118016K), 0.0466111 secs] 11182374K->11096536K(25152768K), 0.0467910 secs] [Times: user=0.56 sys=0.01, real=0.05 secs] 
2014-04-09T12:24:07.072+0900: 310.073: [GC (Allocation Failure) 310.073: [ParNew: 117990K->11260K(118016K), 0.0524663 secs] 11197427K->11130078K(25152768K), 0.0526563 secs] [Times: user=0.61 sys=0.01, real=0.05 secs] 
2014-04-09T12:24:07.181+0900: 310.182: [GC (Allocation Failure) 310.182: [ParNew: 116220K->13056K(118016K), 0.0547598 secs] 11229853K->11157752K(25152768K), 0.0549364 secs] [Times: user=0.65 sys=0.01, real=0.05 secs] 
2014-04-09T12:24:07.315+0900: 310.316: [GC (Allocation Failure) 310.316: [ParNew: 118016K->13056K(118016K), 0.0595134 secs] 11251114K->11170715K(25152768K), 0.0596902 secs] [Times: user=0.62 sys=0.01, real=0.06 secs] 
2014-04-09T12:24:07.442+0900: 310.443: [GC (Allocation Failure) 310.443: [ParNew: 109991K->13056K(118016K), 0.0507225 secs] 11257671K->11189838K(25152768K), 0.0508977 secs] [Times: user=0.55 sys=0.01, real=0.05 secs] 
2014-04-09T12:24:07.549+0900: 310.551: [GC (Allocation Failure) 310.551: [ParNew: 116336K->13056K(118016K), 0.0452552 secs] 11286271K->11221145K(25152768K), 0.0454303 secs] [Times: user=0.54 sys=0.02, real=0.04 secs] 
2014-04-09T12:24:07.624+0900: 310.625: [GC (Allocation Failure) 310.625: [ParNew: 117179K->13056K(118016K), 0.0460180 secs] 11323345K->11250855K(25152768K), 0.0461929 secs] [Times: user=0.55 sys=0.02, real=0.05 secs] 
2014-04-09T12:24:07.725+0900: 310.726: [GC (Allocation Failure) 310.727: [ParNew: 118016K->13056K(118016K), 0.0698687 secs] 11343565K->11294524K(25152768K), 0.0700413 secs] [Times: user=0.72 sys=0.03, real=0.07 secs] 
2014-04-09T12:24:07.864+0900: 310.865: [GC (Allocation Failure) 310.866: [ParNew: 118016K->13056K(118016K), 0.0534390 secs] 11160427K->11071479K(25152768K), 0.0536130 secs] [Times: user=0.55 sys=0.01, real=0.06 secs] 
2014-04-09T12:24:07.930+0900: 310.931: [CMS-concurrent-sweep: 1.389/2.643 secs] [Times: user=19.88 sys=0.50, real=2.64 secs] 
2014-04-09T12:24:07.930+0900: 310.931: [CMS-concurrent-reset-start]
2014-04-09T12:24:08.011+0900: 311.012: [GC (Allocation Failure) 311.013: [ParNew: 115149K->13056K(118016K), 0.0525314 secs] 10076458K->10003122K(25152768K), 0.0527037 secs] [Times: user=0.59 sys=0.01, real=0.05 secs] 
2014-04-09T12:24:08.075+0900: 311.076: [CMS-concurrent-reset: 0.091/0.145 secs] [Times: user=0.95 sys=0.01, real=0.14 secs] 
2014-04-09T12:24:08.109+0900: 311.110: [GC (Allocation Failure) 311.110: [ParNew: 118012K->13056K(118016K), 0.0431580 secs] 10108078K->10040456K(25152768K), 0.0433439 secs] [Times: user=0.54 sys=0.01, real=0.04 secs] 
2014-04-09T12:24:08.153+0900: 311.154: [GC (CMS Initial Mark) [1 CMS-initial-mark: 10027400K(25034752K)] 10040802K(25152768K), 0.0011676 secs] [Times: user=0.00 sys=0.00, real=0.00 secs] 
2014-04-09T12:24:08.155+0900: 311.156: [CMS-concurrent-mark-start]
2014-04-09T12:24:08.311+0900: 311.312: [GC (Allocation Failure) 311.312: [ParNew: 118016K->13056K(118016K), 0.0564168 secs] 10145416K->10086679K(25152768K), 0.0566075 secs] [Times: user=0.50 sys=0.01, real=0.06 secs] 
2014-04-09T12:24:08.569+0900: 311.570: [GC (Allocation Failure) 311.570: [ParNew: 118015K->13056K(118016K), 0.0427083 secs] 10191638K->10107439K(25152768K), 0.0428985 secs] [Times: user=0.53 sys=0.01, real=0.04 secs] 
2014-04-09T12:24:08.781+0900: 311.783: [GC (Allocation Failure) 311.783: [ParNew: 118016K->13056K(118016K), 0.0464091 secs] 10212399K->10126743K(25152768K), 0.0465967 secs] [Times: user=0.55 sys=0.01, real=0.05 secs] 
2014-04-09T12:24:08.986+0900: 311.987: [GC (Allocation Failure) 311.987: [ParNew: 118016K->12949K(118016K), 0.0568210 secs] 10231703K->10170087K(25152768K), 0.0570140 secs] [Times: user=0.60 sys=0.02, real=0.05 secs] 
2014-04-09T12:24:09.141+0900: 312.142: [GC (Allocation Failure) 312.142: [ParNew: 117909K->13056K(118016K), 0.0736823 secs] 10275047K->10209703K(25152768K), 0.0738691 secs] [Times: user=0.69 sys=0.02, real=0.07 secs] 
2014-04-09T12:24:09.352+0900: 312.353: [GC (Allocation Failure) 312.353: [ParNew: 110088K->13056K(118016K), 0.0667924 secs] 10306735K->10230467K(25152768K), 0.0669712 secs] [Times: user=0.64 sys=0.01, real=0.07 secs] 
2014-04-09T12:24:09.497+0900: 312.498: [GC (Allocation Failure) 312.498: [ParNew: 118016K->10095K(118016K), 0.0457716 secs] 10335427K->10261022K(25152768K), 0.0459538 secs] [Times: user=0.57 sys=0.01, real=0.04 secs] 
2014-04-09T12:24:09.694+0900: 312.696: [GC (Allocation Failure) 312.696: [ParNew: 115053K->13056K(118016K), 0.0652541 secs] 10365980K->10287495K(25152768K), 0.0654398 secs] [Times: user=0.58 sys=0.02, real=0.07 secs] 
2014-04-09T12:24:09.919+0900: 312.920: [GC (Allocation Failure) 312.920: [ParNew: 118016K->13056K(118016K), 0.0543576 secs] 10392455K->10319404K(25152768K), 0.0545462 secs] [Times: user=0.60 sys=0.02, real=0.05 secs] 
2014-04-09T12:24:10.180+0900: 313.181: [GC (Allocation Failure) 313.181: [ParNew: 117993K->13056K(118016K), 0.0499204 secs] 10424341K->10347871K(25152768K), 0.0500996 secs] [Times: user=0.50 sys=0.01, real=0.05 secs] 
2014-04-09T12:24:10.402+0900: 313.403: [GC (Allocation Failure) 313.403: [ParNew: 118016K->13056K(118016K), 0.0500132 secs] 10452831K->10366981K(25152768K), 0.0501975 secs] [Times: user=0.59 sys=0.00, real=0.05 secs] 
2014-04-09T12:24:10.607+0900: 313.608: [GC (Allocation Failure) 313.608: [ParNew: 118016K->13056K(118016K), 0.0492877 secs] 10471941K->10412695K(25152768K), 0.0494775 secs] [Times: user=0.49 sys=0.01, real=0.04 secs] 
2014-04-09T12:24:10.727+0900: 313.728: [GC (Allocation Failure) 313.728: [ParNew: 118016K->13056K(118016K), 0.0576809 secs] 10517655K->10456675K(25152768K), 0.0578630 secs] [Times: user=0.47 sys=0.01, real=0.05 secs] 
2014-04-09T12:24:10.898+0900: 313.899: [GC (Allocation Failure) 313.899: [ParNew: 117987K->13056K(118016K), 0.0514739 secs] 10561606K->10474373K(25152768K), 0.0516555 secs] [Times: user=0.54 sys=0.02, real=0.05 secs] 
2014-04-09T12:24:11.011+0900: 314.013: [CMS-concurrent-mark: 2.076/2.857 secs] [Times: user=18.65 sys=0.55, real=2.86 secs] 
2014-04-09T12:24:11.012+0900: 314.013: [CMS-concurrent-preclean-start]
2014-04-09T12:24:11.041+0900: 314.043: [GC (Allocation Failure) 314.043: [ParNew: 114015K->13056K(118016K), 0.0455708 secs] 10575333K->10495746K(25152768K), 0.0457513 secs] [Times: user=0.52 sys=0.01, real=0.05 secs] 
2014-04-09T12:24:11.194+0900: 314.195: [GC (Allocation Failure) 314.195: [ParNew: 118016K->13056K(118016K), 0.0491968 secs] 10600706K->10524361K(25152768K), 0.0493804 secs] [Times: user=0.54 sys=0.00, real=0.05 secs] 
2014-04-09T12:24:11.327+0900: 314.328: [GC (Allocation Failure) 314.328: [ParNew: 118016K->2627K(118016K), 0.0379392 secs] 10629321K->10519842K(25152768K), 0.0381211 secs] [Times: user=0.44 sys=0.00, real=0.03 secs] 
2014-04-09T12:24:11.450+0900: 314.451: [GC (Allocation Failure) 314.451: [ParNew: 107587K->656K(118016K), 0.0332992 secs] 10624802K->10517872K(25152768K), 0.0334834 secs] [Times: user=0.42 sys=0.00, real=0.03 secs] 
2014-04-09T12:24:11.567+0900: 314.568: [GC (Allocation Failure) 314.568: [ParNew: 105616K->246K(118016K), 0.0315564 secs] 10622832K->10517461K(25152768K), 0.0317395 secs] [Times: user=0.40 sys=0.00, real=0.03 secs] 
2014-04-09T12:24:11.681+0900: 314.682: [GC (Allocation Failure) 314.682: [ParNew: 105206K->89K(118016K), 0.0320742 secs] 10622421K->10517304K(25152768K), 0.0322615 secs] [Times: user=0.40 sys=0.01, real=0.03 secs] 
2014-04-09T12:24:11.794+0900: 314.795: [GC (Allocation Failure) 314.795: [ParNew: 105049K->24K(118016K), 0.0312875 secs] 10622264K->10517239K(25152768K), 0.0314657 secs] [Times: user=0.39 sys=0.00, real=0.03 secs] 
2014-04-09T12:24:11.905+0900: 314.906: [GC (Allocation Failure) 314.906: [ParNew: 104984K->20K(118016K), 0.0315755 secs] 10622199K->10517235K(25152768K), 0.0317539 secs] [Times: user=0.40 sys=0.00, real=0.04 secs] 
2014-04-09T12:24:12.054+0900: 315.055: [CMS-concurrent-preclean: 0.675/1.042 secs] [Times: user=6.16 sys=0.04, real=1.04 secs] 
2014-04-09T12:24:12.055+0900: 315.056: [GC (Allocation Failure) 315.056: [ParNew: 104980K->22K(118016K), 0.0315305 secs] 10622195K->10517237K(25152768K), 0.0317020 secs] [Times: user=0.39 sys=0.00, real=0.04 secs] 
2014-04-09T12:24:12.088+0900: 315.089: [GC (CMS Final Remark) [YG occupancy: 718 K (118016 K)]315.089: [Rescan (parallel) , 0.0140008 secs]315.103: [weak refs processing, 0.0000616 secs]315.103: [class unloading, 0.0442759 secs]315.147: [scrub symbol table, 0.0040698 secs]315.151: [scrub string table, 0.0011611 secs][1 CMS-remark: 10517215K(25034752K)] 10517933K(25152768K), 0.0709320 secs] [Times: user=0.22 sys=0.00, real=0.07 secs] 
2014-04-09T12:24:12.159+0900: 315.161: [CMS-concurrent-sweep-start]
2014-04-09T12:24:12.238+0900: 315.239: [GC (Allocation Failure) 315.239: [ParNew: 104982K->22K(118016K), 0.0321105 secs] 10619715K->10514755K(25152768K), 0.0322960 secs] [Times: user=0.41 sys=0.00, real=0.03 secs] 
2014-04-09T12:24:12.378+0900: 315.379: [GC (Allocation Failure) 315.379: [ParNew: 104982K->24K(118016K), 0.0335720 secs] 10613851K->10508893K(25152768K), 0.0337528 secs] [Times: user=0.41 sys=0.00, real=0.03 secs] 
2014-04-09T12:24:13.385+0900: 316.387: [CMS-concurrent-sweep: 1.157/1.226 secs] [Times: user=2.47 sys=0.01, real=1.22 secs] 
2014-04-09T12:24:13.386+0900: 316.387: [CMS-concurrent-reset-start]
2014-04-09T12:24:13.465+0900: 316.466: [CMS-concurrent-reset: 0.078/0.079 secs] [Times: user=0.08 sys=0.00, real=0.08 secs] 
2014-04-09T12:24:15.465+0900: 318.466: [GC (CMS Initial Mark) [1 CMS-initial-mark: 9054271K(25034752K)] 9057395K(25152768K), 0.0018896 secs] [Times: user=0.01 sys=0.00, real=0.00 secs] 
2014-04-09T12:24:15.468+0900: 318.469: [CMS-concurrent-mark-start]
2014-04-09T12:24:17.298+0900: 320.299: [CMS-concurrent-mark: 1.830/1.830 secs] [Times: user=6.99 sys=0.18, real=1.83 secs] 
2014-04-09T12:24:17.298+0900: 320.299: [CMS-concurrent-preclean-start]
2014-04-09T12:24:17.366+0900: 320.367: [CMS-concurrent-preclean: 0.068/0.068 secs] [Times: user=0.07 sys=0.00, real=0.06 secs] 
2014-04-09T12:24:17.366+0900: 320.367: [CMS-concurrent-abortable-preclean-start]
2014-04-09T12:24:19.226+0900: 322.227: [CMS-concurrent-abortable-preclean: 1.014/1.860 secs] [Times: user=1.40 sys=0.00, real=1.86 secs] 
2014-04-09T12:24:19.227+0900: 322.228: [GC (Allocation Failure) 322.228: [ParNew: 104984K->95K(118016K), 0.0335186 secs] 9159255K->9054366K(25152768K), 0.0336906 secs] [Times: user=0.41 sys=0.00, real=0.04 secs] 
2014-04-09T12:24:19.262+0900: 322.263: [GC (CMS Final Remark) [YG occupancy: 1138 K (118016 K)]322.263: [Rescan (parallel) , 0.0155219 secs]322.279: [weak refs processing, 0.0000636 secs]322.279: [class unloading, 0.0470257 secs]322.326: [scrub symbol table, 0.0043074 secs]322.330: [scrub string table, 0.0012184 secs][1 CMS-remark: 9054271K(25034752K)] 9055409K(25152768K), 0.0760313 secs] [Times: user=0.24 sys=0.00, real=0.07 secs] 
2014-04-09T12:24:19.339+0900: 322.340: [CMS-concurrent-sweep-start]
2014-04-09T12:24:19.465+0900: 322.466: [GC (Allocation Failure) 322.467: [ParNew: 105055K->109K(118016K), 0.0321139 secs] 9159090K->9054144K(25152768K), 0.0323071 secs] [Times: user=0.40 sys=0.00, real=0.03 secs] 
2014-04-09T12:24:19.622+0900: 322.623: [GC (Allocation Failure) 322.623: [ParNew: 105069K->112K(118016K), 0.0328672 secs] 9159065K->9054109K(25152768K), 0.0330504 secs] [Times: user=0.41 sys=0.01, real=0.03 secs] 
2014-04-09T12:24:19.827+0900: 322.828: [GC (Allocation Failure) 322.828: [ParNew: 105072K->123K(118016K), 0.0329316 secs] 9158999K->9054051K(25152768K), 0.0331184 secs] [Times: user=0.41 sys=0.01, real=0.04 secs] 
2014-04-09T12:24:19.985+0900: 322.986: [GC (Allocation Failure) 322.986: [ParNew: 105083K->127K(118016K), 0.0329573 secs] 9158872K->9053916K(25152768K), 0.0331481 secs] [Times: user=0.41 sys=0.01, real=0.04 secs] 
2014-04-09T12:24:20.139+0900: 323.140: [GC (Allocation Failure) 323.140: [ParNew: 105087K->111K(118016K), 0.0332887 secs] 9144214K->9039238K(25152768K), 0.0334499 secs] [Times: user=0.42 sys=0.00, real=0.03 secs] 
2014-04-09T12:24:20.297+0900: 323.298: [GC (Allocation Failure) 323.298: [ParNew: 105071K->69K(118016K), 0.0323408 secs] 9138797K->9033857K(25152768K), 0.0324847 secs] [Times: user=0.41 sys=0.00, real=0.04 secs] 
2014-04-09T12:24:20.453+0900: 323.454: [GC (Allocation Failure) 323.454: [ParNew: 105029K->45K(118016K), 0.0314467 secs] 9130953K->9025969K(25152768K), 0.0315755 secs] [Times: user=0.39 sys=0.00, real=0.03 secs] 
2014-04-09T12:24:20.606+0900: 323.607: [GC (Allocation Failure) 323.607: [ParNew: 105005K->48K(118016K), 0.0326661 secs] 9125000K->9020043K(25152768K), 0.0327943 secs] [Times: user=0.41 sys=0.00, real=0.04 secs] 
2014-04-09T12:24:20.758+0900: 323.759: [GC (Allocation Failure) 323.759: [ParNew: 105008K->40K(118016K), 0.0312795 secs] 9114407K->9009444K(25152768K), 0.0314127 secs] [Times: user=0.40 sys=0.00, real=0.04 secs] 
2014-04-09T12:24:20.907+0900: 323.908: [GC (Allocation Failure) 323.908: [ParNew: 105000K->42K(118016K), 0.0314268 secs] 9109849K->9004892K(25152768K), 0.0315567 secs] [Times: user=0.40 sys=0.00, real=0.04 secs] 
2014-04-09T12:24:21.055+0900: 324.056: [GC (Allocation Failure) 324.056: [ParNew: 105002K->40K(118016K), 0.0306804 secs] 9109661K->9004700K(25152768K), 0.0308106 secs] [Times: user=0.39 sys=0.01, real=0.03 secs] 
2014-04-09T12:24:21.119+0900: 324.121: [CMS-concurrent-sweep: 1.404/1.780 secs] [Times: user=8.69 sys=0.06, real=1.78 secs] 
2014-04-09T12:24:21.120+0900: 324.121: [CMS-concurrent-reset-start]
2014-04-09T12:24:21.194+0900: 324.195: [CMS-concurrent-reset: 0.074/0.074 secs] [Times: user=0.22 sys=0.00, real=0.07 secs] 
2014-04-09T12:24:21.199+0900: 324.200: [GC (Allocation Failure) 324.200: [ParNew: 104991K->13055K(118016K), 0.0313785 secs] 8835040K->8746997K(25152768K), 0.0315490 secs] [Times: user=0.40 sys=0.00, real=0.03 secs] 
2014-04-09T12:24:21.231+0900: 324.232: [GC (CMS Initial Mark) [1 CMS-initial-mark: 8733941K(25034752K)] 8747186K(25152768K), 0.0015392 secs] [Times: user=0.01 sys=0.00, real=0.00 secs] 
2014-04-09T12:24:21.233+0900: 324.234: [CMS-concurrent-mark-start]
2014-04-09T12:24:21.415+0900: 324.416: [GC (Allocation Failure) 324.416: [ParNew: 118015K->13054K(118016K), 0.0479896 secs] 8851957K->8787145K(25152768K), 0.0481508 secs] [Times: user=0.59 sys=0.00, real=0.05 secs] 
2014-04-09T12:24:21.696+0900: 324.697: [GC (Allocation Failure) 324.697: [ParNew: 118014K->13055K(118016K), 0.0534322 secs] 8892105K->8817971K(25152768K), 0.0535960 secs] [Times: user=0.62 sys=0.02, real=0.06 secs] 
2014-04-09T12:24:21.926+0900: 324.927: [GC (Allocation Failure) 324.927: [ParNew: 112490K->13056K(118016K), 0.0474434 secs] 8917406K->8831476K(25152768K), 0.0476015 secs] [Times: user=0.54 sys=0.01, real=0.05 secs] 
2014-04-09T12:24:22.121+0900: 325.122: [GC (Allocation Failure) 325.123: [ParNew: 118016K->13056K(118016K), 0.0556981 secs] 8936436K->8871934K(25152768K), 0.0558682 secs] [Times: user=0.65 sys=0.01, real=0.05 secs] 
2014-04-09T12:24:22.276+0900: 325.277: [GC (Allocation Failure) 325.277: [ParNew: 117193K->13056K(118016K), 0.0623626 secs] 8976071K->8913909K(25152768K), 0.0625291 secs] [Times: user=0.59 sys=0.02, real=0.07 secs] 
2014-04-09T12:24:22.443+0900: 325.445: [GC (Allocation Failure) 325.445: [ParNew: 117996K->13056K(118016K), 0.0556067 secs] 9018849K->8949533K(25152768K), 0.0557577 secs] [Times: user=0.58 sys=0.02, real=0.06 secs] 
2014-04-09T12:24:22.566+0900: 325.567: [GC (Allocation Failure) 325.567: [ParNew: 118016K->13056K(118016K), 0.0619927 secs] 9054493K->8992792K(25152768K), 0.0621457 secs] [Times: user=0.66 sys=0.01, real=0.07 secs] 
2014-04-09T12:24:22.703+0900: 325.704: [GC (Allocation Failure) 325.704: [ParNew: 117061K->13056K(118016K), 0.0627364 secs] 9096798K->9031879K(25152768K), 0.0628925 secs] [Times: user=0.64 sys=0.02, real=0.06 secs] 
2014-04-09T12:24:22.864+0900: 325.865: [GC (Allocation Failure) 325.865: [ParNew: 114744K->13056K(118016K), 0.0524528 secs] 9133568K->9071076K(25152768K), 0.0526142 secs] [Times: user=0.60 sys=0.01, real=0.05 secs] 
2014-04-09T12:24:22.985+0900: 325.986: [GC (Allocation Failure) 325.986: [ParNew: 118016K->13056K(118016K), 0.0536288 secs] 9176036K->9122592K(25152768K), 0.0537867 secs] [Times: user=0.66 sys=0.00, real=0.06 secs] 
2014-04-09T12:24:23.080+0900: 326.081: [CMS-concurrent-mark: 1.284/1.847 secs] [Times: user=13.10 sys=0.32, real=1.85 secs] 
2014-04-09T12:24:23.080+0900: 326.081: [CMS-concurrent-preclean-start]
2014-04-09T12:24:23.117+0900: 326.118: [GC (Allocation Failure) 326.118: [ParNew: 114249K->13056K(118016K), 0.0646437 secs] 9223785K->9167369K(25152768K), 0.0648133 secs] [Times: user=0.67 sys=0.01, real=0.07 secs] 
2014-04-09T12:24:23.267+0900: 326.268: [GC (Allocation Failure) 326.269: [ParNew: 116709K->13056K(118016K), 0.0490953 secs] 9271023K->9201519K(25152768K), 0.0492597 secs] [Times: user=0.58 sys=0.00, real=0.05 secs] 
2014-04-09T12:24:23.398+0900: 326.399: [GC (Allocation Failure) 326.399: [ParNew: 118015K->13056K(118016K), 0.0521376 secs] 9306479K->9249291K(25152768K), 0.0522692 secs] [Times: user=0.63 sys=0.01, real=0.06 secs] 
2014-04-09T12:24:23.535+0900: 326.536: [GC (Allocation Failure) 326.536: [ParNew: 115395K->13056K(118016K), 0.0694712 secs] 9351631K->9295751K(25152768K), 0.0696303 secs] [Times: user=0.70 sys=0.03, real=0.07 secs] 
2014-04-09T12:24:23.680+0900: 326.681: [GC (Allocation Failure) 326.681: [ParNew: 116619K->12972K(118016K), 0.0488814 secs] 9399315K->9323560K(25152768K), 0.0490539 secs] [Times: user=0.60 sys=0.00, real=0.05 secs] 
2014-04-09T12:24:23.814+0900: 326.815: [GC (Allocation Failure) 326.815: [ParNew: 117932K->13056K(118016K), 0.0632690 secs] 9428520K->9361744K(25152768K), 0.0634316 secs] [Times: user=0.53 sys=0.02, real=0.06 secs] 
2014-04-09T12:24:23.968+0900: 326.969: [CMS-concurrent-preclean: 0.478/0.888 secs] [Times: user=5.35 sys=0.15, real=0.88 secs] 
2014-04-09T12:24:23.968+0900: 326.969: [GC (Allocation Failure) 326.969: [ParNew: 118016K->13056K(118016K), 0.0603041 secs] 9466704K->9399038K(25152768K), 0.0604547 secs] [Times: user=0.66 sys=0.02, real=0.07 secs] 
2014-04-09T12:24:24.029+0900: 327.030: [GC (CMS Final Remark) [YG occupancy: 13371 K (118016 K)]327.030: [Rescan (parallel) , 0.0201308 secs]327.051: [weak refs processing, 0.0001190 secs]327.051: [class unloading, 0.0470627 secs]327.098: [scrub symbol table, 0.0043083 secs]327.102: [scrub string table, 0.0012249 secs][1 CMS-remark: 9385982K(25034752K)] 9399354K(25152768K), 0.0807646 secs] [Times: user=0.31 sys=0.00, real=0.08 secs] 
2014-04-09T12:24:24.110+0900: 327.111: [CMS-concurrent-sweep-start]
2014-04-09T12:24:24.176+0900: 327.177: [GC (Allocation Failure) 327.177: [ParNew: 118016K->13056K(118016K), 0.0537673 secs] 9456833K->9395867K(25152768K), 0.0539294 secs] [Times: user=0.65 sys=0.00, real=0.06 secs] 
2014-04-09T12:24:24.325+0900: 327.326: [GC (Allocation Failure) 327.326: [ParNew: 117997K->13056K(118016K), 0.0531194 secs] 9426479K->9349069K(25152768K), 0.0532846 secs] [Times: user=0.62 sys=0.01, real=0.06 secs] 
2014-04-09T12:24:24.467+0900: 327.469: [GC (Allocation Failure) 327.469: [ParNew: 118015K->13056K(118016K), 0.0484466 secs] 9342067K->9288344K(25152768K), 0.0486337 secs] [Times: user=0.59 sys=0.00, real=0.05 secs] 
2014-04-09T12:24:24.582+0900: 327.583: [GC (Allocation Failure) 327.584: [ParNew: 118016K->13056K(118016K), 0.0422121 secs] 9327421K->9268077K(25152768K), 0.0423735 secs] [Times: user=0.50 sys=0.00, real=0.04 secs] 
2014-04-09T12:24:24.721+0900: 327.722: [GC (Allocation Failure) 327.722: [ParNew: 118013K->13056K(118016K), 0.0539143 secs] 9268676K->9188813K(25152768K), 0.0540716 secs] [Times: user=0.64 sys=0.00, real=0.05 secs] 
2014-04-09T12:24:24.857+0900: 327.858: [GC (Allocation Failure) 327.858: [ParNew: 118016K->13056K(118016K), 0.0569546 secs] 9185892K->9139336K(25152768K), 0.0571248 secs] [Times: user=0.68 sys=0.00, real=0.06 secs] 
2014-04-09T12:24:24.985+0900: 327.986: [GC (Allocation Failure) 327.986: [ParNew: 118016K->13056K(118016K), 0.0492271 secs] 9169306K->9090568K(25152768K), 0.0493831 secs] [Times: user=0.61 sys=0.01, real=0.05 secs] 
2014-04-09T12:24:25.130+0900: 328.131: [GC (Allocation Failure) 328.131: [ParNew: 117994K->13056K(118016K), 0.0497583 secs] 9087883K->9017852K(25152768K), 0.0499197 secs] [Times: user=0.60 sys=0.00, real=0.05 secs] 
2014-04-09T12:24:25.256+0900: 328.257: [GC (Allocation Failure) 328.258: [ParNew: 118015K->13056K(118016K), 0.0510190 secs] 9021743K->8972158K(25152768K), 0.0511801 secs] [Times: user=0.62 sys=0.01, real=0.05 secs] 
2014-04-09T12:24:25.386+0900: 328.387: [GC (Allocation Failure) 328.387: [ParNew: 118016K->13056K(118016K), 0.0533234 secs] 8976196K->8901661K(25152768K), 0.0534857 secs] [Times: user=0.64 sys=0.00, real=0.06 secs] 
2014-04-09T12:24:25.533+0900: 328.534: [GC (Allocation Failure) 328.535: [ParNew: 114302K->13056K(118016K), 0.0505923 secs] 8880045K->8813190K(25152768K), 0.0507537 secs] [Times: user=0.61 sys=0.00, real=0.05 secs] 
2014-04-09T12:24:25.651+0900: 328.652: [GC (Allocation Failure) 328.652: [ParNew: 118015K->13056K(118016K), 0.0511009 secs] 8842618K->8791980K(25152768K), 0.0512614 secs] [Times: user=0.62 sys=0.01, real=0.05 secs] 
2014-04-09T12:24:25.784+0900: 328.785: [GC (Allocation Failure) 328.785: [ParNew: 118016K->13056K(118016K), 0.0556572 secs] 8802592K->8733383K(25152768K), 0.0558185 secs] [Times: user=0.67 sys=0.01, real=0.06 secs] 
2014-04-09T12:24:25.941+0900: 328.942: [GC (Allocation Failure) 328.942: [ParNew: 118007K->13056K(118016K), 0.0487110 secs] 8694852K->8626566K(25152768K), 0.0488738 secs] [Times: user=0.59 sys=0.01, real=0.05 secs] 
2014-04-09T12:24:26.042+0900: 329.043: [GC (Allocation Failure) 329.043: [ParNew: 109292K->13056K(118016K), 0.0486049 secs] 8663030K->8609355K(25152768K), 0.0487640 secs] [Times: user=0.61 sys=0.00, real=0.05 secs] 
2014-04-09T12:24:26.176+0900: 329.177: [GC (Allocation Failure) 329.177: [ParNew: 118016K->13056K(118016K), 0.0517841 secs] 8615012K->8549902K(25152768K), 0.0519416 secs] [Times: user=0.59 sys=0.01, real=0.05 secs] 
2014-04-09T12:24:26.332+0900: 329.334: [GC (Allocation Failure) 329.334: [ParNew: 117990K->13056K(118016K), 0.0534864 secs] 8516840K->8452301K(25152768K), 0.0536492 secs] [Times: user=0.64 sys=0.00, real=0.05 secs] 
2014-04-09T12:24:26.431+0900: 329.432: [GC (Allocation Failure) 329.433: [ParNew: 111118K->13056K(118016K), 0.0420158 secs] 8494568K->8433862K(25152768K), 0.0421852 secs] [Times: user=0.53 sys=0.01, real=0.04 secs] 
2014-04-09T12:24:26.564+0900: 329.565: [GC (Allocation Failure) 329.565: [ParNew: 118016K->13056K(118016K), 0.0531837 secs] 8434682K->8363921K(25152768K), 0.0533410 secs] [Times: user=0.63 sys=0.00, real=0.05 secs] 
2014-04-09T12:24:26.728+0900: 329.729: [GC (Allocation Failure) 329.729: [ParNew: 109217K->13056K(118016K), 0.0469653 secs] 8346879K->8278688K(25152768K), 0.0471259 secs] [Times: user=0.55 sys=0.01, real=0.05 secs] 
2014-04-09T12:24:26.813+0900: 329.814: [GC (Allocation Failure) 329.814: [ParNew: 118016K->13056K(118016K), 0.0476791 secs] 8340241K->8277891K(25152768K), 0.0478397 secs] [Times: user=0.61 sys=0.00, real=0.05 secs] 
2014-04-09T12:24:26.958+0900: 329.959: [GC (Allocation Failure) 329.959: [ParNew: 118016K->13056K(118016K), 0.0541827 secs] 8270228K->8204383K(25152768K), 0.0543560 secs] [Times: user=0.63 sys=0.01, real=0.06 secs] 
2014-04-09T12:24:27.123+0900: 330.124: [GC (Allocation Failure) 330.124: [ParNew: 117986K->13056K(118016K), 0.0451925 secs] 8186207K->8118780K(25152768K), 0.0453525 secs] [Times: user=0.53 sys=0.00, real=0.04 secs] 
2014-04-09T12:24:27.214+0900: 330.215: [GC (Allocation Failure) 330.215: [ParNew: 118016K->10345K(118016K), 0.0490937 secs] 8177387K->8110486K(25152768K), 0.0492528 secs] [Times: user=0.62 sys=0.01, real=0.05 secs] 
2014-04-09T12:24:27.364+0900: 330.365: [GC (Allocation Failure) 330.365: [ParNew: 115249K->13056K(118016K), 0.0532732 secs] 7980469K->7909243K(25152768K), 0.0534305 secs] [Times: user=0.62 sys=0.01, real=0.05 secs] 
2014-04-09T12:24:27.523+0900: 330.524: [GC (Allocation Failure) 330.524: [ParNew: 117988K->13056K(118016K), 0.0512025 secs] 7696540K->7633133K(25152768K), 0.0513608 secs] [Times: user=0.61 sys=0.00, real=0.05 secs] 
2014-04-09T12:24:27.624+0900: 330.625: [GC (Allocation Failure) 330.625: [ParNew: 118014K->13056K(118016K), 0.0446204 secs] 7641497K->7579605K(25152768K), 0.0447810 secs] [Times: user=0.57 sys=0.00, real=0.04 secs] 
2014-04-09T12:24:27.673+0900: 330.674: [CMS-concurrent-sweep: 2.167/3.562 secs] [Times: user=23.10 sys=0.52, real=3.56 secs] 
2014-04-09T12:24:27.673+0900: 330.674: [CMS-concurrent-reset-start]
2014-04-09T12:24:27.745+0900: 330.747: [CMS-concurrent-reset: 0.072/0.072 secs] [Times: user=0.22 sys=0.00, real=0.07 secs] 
2014-04-09T12:24:27.773+0900: 330.774: [GC (Allocation Failure) 330.774: [ParNew: 118016K->13056K(118016K), 0.0515375 secs] 7675589K->7603513K(25152768K), 0.0516987 secs] [Times: user=0.60 sys=0.00, real=0.05 secs] 
2014-04-09T12:24:27.826+0900: 330.827: [GC (CMS Initial Mark) [1 CMS-initial-mark: 7590457K(25034752K)] 7603616K(25152768K), 0.0021463 secs] [Times: user=0.01 sys=0.00, real=0.00 secs] 
2014-04-09T12:24:27.829+0900: 330.830: [CMS-concurrent-mark-start]
2014-04-09T12:24:27.931+0900: 330.932: [GC (Allocation Failure) 330.932: [ParNew: 114975K->9996K(118016K), 0.0470698 secs] 7705432K->7643774K(25152768K), 0.0472304 secs] [Times: user=0.56 sys=0.01, real=0.04 secs] 
2014-04-09T12:24:28.051+0900: 331.052: [GC (Allocation Failure) 331.052: [ParNew: 114956K->13056K(118016K), 0.0445966 secs] 7748734K->7693000K(25152768K), 0.0447544 secs] [Times: user=0.55 sys=0.00, real=0.04 secs] 
2014-04-09T12:24:28.237+0900: 331.238: [GC (Allocation Failure) 331.238: [ParNew: 117569K->13056K(118016K), 0.0524902 secs] 7797513K->7723840K(25152768K), 0.0526552 secs] [Times: user=0.62 sys=0.00, real=0.06 secs] 
2014-04-09T12:24:28.392+0900: 331.393: [GC (Allocation Failure) 331.393: [ParNew: 118011K->13056K(118016K), 0.0489491 secs] 7828795K->7762785K(25152768K), 0.0491053 secs] [Times: user=0.59 sys=0.01, real=0.05 secs] 
2014-04-09T12:24:29.128+0900: 332.129: [GC (Allocation Failure) 332.129: [ParNew: 118016K->13056K(118016K), 0.0463217 secs] 7867745K->7790368K(25152768K), 0.0464852 secs] [Times: user=0.57 sys=0.01, real=0.05 secs] 
2014-04-09T12:24:29.302+0900: 332.303: [GC (Allocation Failure) 332.304: [ParNew: 118016K->13056K(118016K), 0.0385410 secs] 7895328K->7834036K(25152768K), 0.0386985 secs] [Times: user=0.46 sys=0.01, real=0.04 secs] 
2014-04-09T12:24:29.411+0900: 332.412: [GC (Allocation Failure) 332.412: [ParNew: 118016K->13056K(118016K), 0.0462791 secs] 7938996K->7879610K(25152768K), 0.0464167 secs] [Times: user=0.53 sys=0.01, real=0.04 secs] 
2014-04-09T12:24:29.547+0900: 332.548: [GC (Allocation Failure) 332.548: [ParNew: 115047K->13056K(118016K), 0.0382674 secs] 7981601K->7913278K(25152768K), 0.0384090 secs] [Times: user=0.44 sys=0.01, real=0.04 secs] 
2014-04-09T12:24:29.598+0900: 332.600: [CMS-concurrent-mark: 1.399/1.770 secs] [Times: user=11.33 sys=0.23, real=1.77 secs] 
2014-04-09T12:24:29.599+0900: 332.600: [CMS-concurrent-preclean-start]
2014-04-09T12:24:29.639+0900: 332.640: [GC (Allocation Failure) 332.641: [ParNew: 118015K->13056K(118016K), 0.0428661 secs] 8018238K->7969601K(25152768K), 0.0430287 secs] [Times: user=0.52 sys=0.00, real=0.05 secs] 
2014-04-09T12:24:29.738+0900: 332.739: [GC (Allocation Failure) 332.739: [ParNew: 115716K->13056K(118016K), 0.0488996 secs] 8072262K->8002147K(25152768K), 0.0490459 secs] [Times: user=0.60 sys=0.00, real=0.05 secs] 
2014-04-09T12:24:29.866+0900: 332.867: [GC (Allocation Failure) 332.867: [ParNew: 118008K->13056K(118016K), 0.0434722 secs] 8107099K->8037200K(25152768K), 0.0436069 secs] [Times: user=0.52 sys=0.01, real=0.04 secs] 
2014-04-09T12:24:29.964+0900: 332.965: [GC (Allocation Failure) 332.965: [ParNew: 112013K->13056K(118016K), 0.0410077 secs] 8136157K->8083354K(25152768K), 0.0411412 secs] [Times: user=0.50 sys=0.00, real=0.04 secs] 
2014-04-09T12:24:30.072+0900: 333.073: [GC (Allocation Failure) 333.073: [ParNew: 118016K->13056K(118016K), 0.0416483 secs] 8188314K->8120659K(25152768K), 0.0417823 secs] [Times: user=0.47 sys=0.01, real=0.04 secs] 
2014-04-09T12:24:30.204+0900: 333.205: [CMS-concurrent-preclean: 0.348/0.605 secs] [Times: user=3.78 sys=0.06, real=0.61 secs] 
2014-04-09T12:24:30.204+0900: 333.206: [GC (Allocation Failure) 333.206: [ParNew: 118016K->13056K(118016K), 0.0431838 secs] 8225619K->8155538K(25152768K), 0.0433119 secs] [Times: user=0.51 sys=0.00, real=0.04 secs] 
2014-04-09T12:24:30.248+0900: 333.249: [GC (CMS Final Remark) [YG occupancy: 13093 K (118016 K)]333.249: [Rescan (parallel) , 0.0220094 secs]333.272: [weak refs processing, 0.0000635 secs]333.272: [class unloading, 0.0470060 secs]333.319: [scrub symbol table, 0.0043138 secs]333.323: [scrub string table, 0.0012174 secs][1 CMS-remark: 8142482K(25034752K)] 8155576K(25152768K), 0.0822805 secs] [Times: user=0.34 sys=0.00, real=0.09 secs] 
2014-04-09T12:24:30.331+0900: 333.332: [CMS-concurrent-sweep-start]
2014-04-09T12:24:30.374+0900: 333.375: [GC (Allocation Failure) 333.375: [ParNew: 118016K->10068K(118016K), 0.0488369 secs] 8258781K->8191479K(25152768K), 0.0489937 secs] [Times: user=0.62 sys=0.00, real=0.05 secs] 
2014-04-09T12:24:30.523+0900: 333.525: [GC (Allocation Failure) 333.525: [ParNew: 115028K->13056K(118016K), 0.0563826 secs] 8290941K->8219797K(25152768K), 0.0565428 secs] [Times: user=0.64 sys=0.00, real=0.06 secs] 
2014-04-09T12:24:30.692+0900: 333.693: [GC (Allocation Failure) 333.693: [ParNew: 118016K->13056K(118016K), 0.0439822 secs] 8320674K->8251260K(25152768K), 0.0441437 secs] [Times: user=0.52 sys=0.00, real=0.04 secs] 
2014-04-09T12:24:30.801+0900: 333.802: [GC (Allocation Failure) 333.802: [ParNew: 118016K->13056K(118016K), 0.0490046 secs] 8355231K->8292169K(25152768K), 0.0491634 secs] [Times: user=0.62 sys=0.01, real=0.05 secs] 
2014-04-09T12:24:30.987+0900: 333.988: [GC (Allocation Failure) 333.988: [ParNew: 118016K->13056K(118016K), 0.0549979 secs] 8393276K->8318530K(25152768K), 0.0551574 secs] [Times: user=0.63 sys=0.00, real=0.06 secs] 
2014-04-09T12:24:31.138+0900: 334.139: [GC (Allocation Failure) 334.139: [ParNew: 118016K->13056K(118016K), 0.0458057 secs] 8410504K->8348530K(25152768K), 0.0459674 secs] [Times: user=0.54 sys=0.00, real=0.05 secs] 
2014-04-09T12:24:31.241+0900: 334.242: [GC (Allocation Failure) 334.243: [ParNew: 118016K->13056K(118016K), 0.0558517 secs] 8446892K->8387812K(25152768K), 0.0560117 secs] [Times: user=0.70 sys=0.01, real=0.05 secs] 
2014-04-09T12:24:31.420+0900: 334.421: [GC (Allocation Failure) 334.421: [ParNew: 117687K->13056K(118016K), 0.0556224 secs] 8483570K->8410856K(25152768K), 0.0557862 secs] [Times: user=0.65 sys=0.00, real=0.05 secs] 
2014-04-09T12:24:31.623+0900: 334.624: [GC (Allocation Failure) 334.624: [ParNew: 112850K->13056K(118016K), 0.0509956 secs] 8502776K->8438988K(25152768K), 0.0511627 secs] [Times: user=0.61 sys=0.00, real=0.05 secs] 
2014-04-09T12:24:31.732+0900: 334.734: [GC (Allocation Failure) 334.734: [ParNew: 118014K->13056K(118016K), 0.0506537 secs] 8540814K->8486116K(25152768K), 0.0508089 secs] [Times: user=0.63 sys=0.00, real=0.05 secs] 
2014-04-09T12:24:31.925+0900: 334.926: [GC (Allocation Failure) 334.926: [ParNew: 118016K->13056K(118016K), 0.1506994 secs] 8580791K->8524470K(25152768K), 0.1508798 secs] [Times: user=1.79 sys=0.01, real=0.15 secs] 
2014-04-09T12:24:32.196+0900: 335.197: [GC (Allocation Failure) 335.197: [ParNew: 118016K->13056K(118016K), 0.0647452 secs] 8613900K->8562179K(25152768K), 0.0649071 secs] [Times: user=0.75 sys=0.00, real=0.07 secs] 
2014-04-09T12:24:32.414+0900: 335.415: [GC (Allocation Failure) 335.415: [ParNew: 118014K->13056K(118016K), 0.1516301 secs] 8630688K->8560396K(25152768K), 0.1517924 secs] [Times: user=1.80 sys=0.00, real=0.15 secs] 
2014-04-09T12:24:32.593+0900: 335.594: [CMS-concurrent-sweep: 1.365/2.262 secs] [Times: user=14.69 sys=0.25, real=2.26 secs] 
2014-04-09T12:24:32.593+0900: 335.594: [CMS-concurrent-reset-start]
2014-04-09T12:24:32.665+0900: 335.666: [CMS-concurrent-reset: 0.072/0.072 secs] [Times: user=0.21 sys=0.00, real=0.07 secs] 
2014-04-09T12:24:32.681+0900: 335.682: [GC (Allocation Failure) 335.682: [ParNew: 118016K->13056K(118016K), 0.0563821 secs] 7748981K->7678291K(25152768K), 0.0565382 secs] [Times: user=0.56 sys=0.01, real=0.05 secs] 
2014-04-09T12:24:32.738+0900: 335.740: [GC (CMS Initial Mark) [1 CMS-initial-mark: 7665235K(25034752K)] 7678718K(25152768K), 0.0037767 secs] [Times: user=0.03 sys=0.00, real=0.01 secs] 
2014-04-09T12:24:32.742+0900: 335.744: [CMS-concurrent-mark-start]
2014-04-09T12:24:32.916+0900: 335.917: [GC (Allocation Failure) 335.917: [ParNew: 117991K->13056K(118016K), 0.0682518 secs] 7783227K->7718288K(25152768K), 0.0684211 secs] [Times: user=0.73 sys=0.01, real=0.07 secs] 
2014-04-09T12:24:33.037+0900: 336.038: [GC (Allocation Failure) 336.038: [ParNew: 118016K->13056K(118016K), 0.0516318 secs] 7823248K->7763671K(25152768K), 0.0517891 secs] [Times: user=0.64 sys=0.00, real=0.05 secs] 
2014-04-09T12:24:33.197+0900: 336.198: [GC (Allocation Failure) 336.198: [ParNew: 117975K->13056K(118016K), 0.0867709 secs] 7868590K->7800339K(25152768K), 0.0869324 secs] [Times: user=0.71 sys=0.03, real=0.09 secs] 
2014-04-09T12:24:33.419+0900: 336.420: [GC (Allocation Failure) 336.420: [ParNew: 118012K->13056K(118016K), 0.0555981 secs] 7905295K->7839831K(25152768K), 0.0557597 secs] [Times: user=0.60 sys=0.01, real=0.06 secs] 
2014-04-09T12:24:33.526+0900: 336.527: [GC (Allocation Failure) 336.527: [ParNew: 118016K->11963K(118016K), 0.0463810 secs] 7944791K->7879516K(25152768K), 0.0465514 secs] [Times: user=0.59 sys=0.00, real=0.05 secs] 
2014-04-09T12:24:33.714+0900: 336.715: [GC (Allocation Failure) 336.715: [ParNew: 116923K->13056K(118016K), 0.0909593 secs] 7984476K->7915367K(25152768K), 0.0911201 secs] [Times: user=0.74 sys=0.03, real=0.09 secs] 
2014-04-09T12:24:33.891+0900: 336.892: [GC (Allocation Failure) 336.892: [ParNew: 110344K->11846K(118016K), 0.0576980 secs] 8012656K->7955643K(25152768K), 0.0578591 secs] [Times: user=0.60 sys=0.03, real=0.05 secs] 
2014-04-09T12:24:34.005+0900: 337.006: [GC (Allocation Failure) 337.006: [ParNew: 110275K->13056K(118016K), 0.0419787 secs] 8054072K->7990138K(25152768K), 0.0421524 secs] [Times: user=0.52 sys=0.01, real=0.04 secs] 
2014-04-09T12:24:34.151+0900: 337.153: [GC (Allocation Failure) 337.153: [ParNew: 118016K->13056K(118016K), 0.0774914 secs] 8095098K->8018695K(25152768K), 0.0776530 secs] [Times: user=0.72 sys=0.02, real=0.07 secs] 
2014-04-09T12:24:34.334+0900: 337.335: [GC (Allocation Failure) 337.335: [ParNew: 114179K->13056K(118016K), 0.0520178 secs] 8119819K->8051046K(25152768K), 0.0521836 secs] [Times: user=0.63 sys=0.00, real=0.05 secs] 
2014-04-09T12:24:34.433+0900: 337.434: [GC (Allocation Failure) 337.434: [ParNew: 118016K->13056K(118016K), 0.0487827 secs] 8156006K->8102002K(25152768K), 0.0489442 secs] [Times: user=0.60 sys=0.00, real=0.05 secs] 
2014-04-09T12:24:34.598+0900: 337.599: [GC (Allocation Failure) 337.599: [ParNew: 117958K->13056K(118016K), 0.0542141 secs] 8206904K->8133053K(25152768K), 0.0543767 secs] [Times: user=0.65 sys=0.01, real=0.06 secs] 
2014-04-09T12:24:34.751+0900: 337.752: [GC (Allocation Failure) 337.752: [ParNew: 118014K->13056K(118016K), 0.0463664 secs] 8238011K->8169643K(25152768K), 0.0465305 secs] [Times: user=0.55 sys=0.01, real=0.04 secs] 
2014-04-09T12:24:34.825+0900: 337.826: [CMS-concurrent-mark: 1.292/2.083 secs] [Times: user=16.07 sys=0.37, real=2.08 secs] 
2014-04-09T12:24:34.825+0900: 337.826: [CMS-concurrent-preclean-start]
2014-04-09T12:24:34.925+0900: 337.926: [GC (Allocation Failure) 337.926: [ParNew: 118016K->13056K(118016K), 0.0478228 secs] 8274603K->8195203K(25152768K), 0.0479807 secs] [Times: user=0.59 sys=0.00, real=0.05 secs] 
2014-04-09T12:24:35.128+0900: 338.129: [GC (Allocation Failure) 338.129: [ParNew: 118016K->12517K(118016K), 0.0470704 secs] 8300163K->8237895K(25152768K), 0.0472337 secs] [Times: user=0.57 sys=0.01, real=0.05 secs] 
2014-04-09T12:24:35.379+0900: 338.380: [GC (Allocation Failure) 338.380: [ParNew: 117453K->13056K(118016K), 0.0507309 secs] 8342831K->8261034K(25152768K), 0.0508907 secs] [Times: user=0.60 sys=0.01, real=0.05 secs] 
2014-04-09T12:24:35.581+0900: 338.582: [GC (Allocation Failure) 338.582: [ParNew: 117802K->13056K(118016K), 0.0476370 secs] 8365780K->8283225K(25152768K), 0.0477995 secs] [Times: user=0.58 sys=0.00, real=0.04 secs] 
2014-04-09T12:24:35.781+0900: 338.782: [CMS-concurrent-preclean: 0.685/0.956 secs] [Times: user=3.87 sys=0.08, real=0.96 secs] 
2014-04-09T12:24:35.782+0900: 338.783: [GC (Allocation Failure) 338.783: [ParNew: 118016K->13056K(118016K), 0.0505954 secs] 8388185K->8328911K(25152768K), 0.0507487 secs] [Times: user=0.61 sys=0.01, real=0.05 secs] 
2014-04-09T12:24:35.834+0900: 338.835: [GC (CMS Final Remark) [YG occupancy: 13236 K (118016 K)]338.835: [Rescan (parallel) , 0.0171756 secs]338.852: [weak refs processing, 0.0000645 secs]338.852: [class unloading, 0.0470308 secs]338.899: [scrub symbol table, 0.0043210 secs]338.904: [scrub string table, 0.0012186 secs][1 CMS-remark: 8315855K(25034752K)] 8329092K(25152768K), 0.0777308 secs] [Times: user=0.26 sys=0.00, real=0.08 secs] 
2014-04-09T12:24:35.912+0900: 338.914: [CMS-concurrent-sweep-start]
2014-04-09T12:24:36.099+0900: 339.100: [GC (Allocation Failure) 339.100: [ParNew: 117996K->13056K(118016K), 0.0474185 secs] 8425437K->8344670K(25152768K), 0.0475792 secs] [Times: user=0.58 sys=0.00, real=0.05 secs] 
2014-04-09T12:24:36.311+0900: 339.312: [GC (Allocation Failure) 339.312: [ParNew: 112701K->13056K(118016K), 0.0512787 secs] 8432434K->8361119K(25152768K), 0.0514420 secs] [Times: user=0.57 sys=0.01, real=0.05 secs] 
2014-04-09T12:24:36.485+0900: 339.486: [GC (Allocation Failure) 339.486: [ParNew: 118016K->13056K(118016K), 0.0466911 secs] 8457479K->8392626K(25152768K), 0.0468513 secs] [Times: user=0.55 sys=0.01, real=0.05 secs] 
2014-04-09T12:24:36.678+0900: 339.679: [GC (Allocation Failure) 339.679: [ParNew: 118016K->13056K(118016K), 0.0558385 secs] 8479502K->8428728K(25152768K), 0.0560016 secs] [Times: user=0.62 sys=0.02, real=0.06 secs] 
2014-04-09T12:24:36.805+0900: 339.807: [GC (Allocation Failure) 339.807: [ParNew: 118016K->13056K(118016K), 0.0484027 secs] 8531102K->8466472K(25152768K), 0.0485626 secs] [Times: user=0.58 sys=0.00, real=0.05 secs] 
2014-04-09T12:24:36.966+0900: 339.967: [GC (Allocation Failure) 339.967: [ParNew: 110924K->13056K(118016K), 0.0636731 secs] 8561187K->8492139K(25152768K), 0.0638337 secs] [Times: user=0.66 sys=0.03, real=0.06 secs] 
2014-04-09T12:24:37.103+0900: 340.104: [GC (Allocation Failure) 340.104: [ParNew: 115766K->13056K(118016K), 0.0513858 secs] 8591954K->8529245K(25152768K), 0.0515506 secs] [Times: user=0.63 sys=0.00, real=0.05 secs] 
2014-04-09T12:24:37.211+0900: 340.212: [GC (Allocation Failure) 340.212: [ParNew: 118016K->13056K(118016K), 0.0500144 secs] 8632441K->8575328K(25152768K), 0.0501755 secs] [Times: user=0.53 sys=0.00, real=0.05 secs] 
2014-04-09T12:24:37.374+0900: 340.375: [GC (Allocation Failure) 340.375: [ParNew: 111060K->13056K(118016K), 0.0521975 secs] 8668932K->8589543K(25152768K), 0.0523554 secs] [Times: user=0.61 sys=0.01, real=0.05 secs] 
2014-04-09T12:24:37.496+0900: 340.497: [GC (Allocation Failure) 340.497: [ParNew: 118016K->13056K(118016K), 0.0527592 secs] 8691796K->8629307K(25152768K), 0.0529190 secs] [Times: user=0.64 sys=0.00, real=0.05 secs] 
2014-04-09T12:24:37.610+0900: 340.611: [GC (Allocation Failure) 340.612: [ParNew: 118016K->13056K(118016K), 0.0491894 secs] 8731286K->8673512K(25152768K), 0.0493490 secs] [Times: user=0.52 sys=0.01, real=0.04 secs] 
2014-04-09T12:24:37.772+0900: 340.773: [GC (Allocation Failure) 340.773: [ParNew: 108555K->13056K(118016K), 0.0558985 secs] 8751815K->8684002K(25152768K), 0.0560595 secs] [Times: user=0.68 sys=0.00, real=0.05 secs] 
2014-04-09T12:24:37.897+0900: 340.898: [GC (Allocation Failure) 340.898: [ParNew: 117752K->13056K(118016K), 0.0600532 secs] 8665622K->8601781K(25152768K), 0.0602115 secs] [Times: user=0.66 sys=0.01, real=0.06 secs] 
2014-04-09T12:24:37.968+0900: 340.969: [CMS-concurrent-sweep: 1.356/2.056 secs] [Times: user=11.42 sys=0.28, real=2.05 secs] 
2014-04-09T12:24:37.968+0900: 340.969: [CMS-concurrent-reset-start]
2014-04-09T12:24:38.016+0900: 341.017: [GC (Allocation Failure) 341.017: [ParNew: 118016K->13056K(118016K), 0.0583200 secs] 8231780K->8174236K(25152768K), 0.0584756 secs] [Times: user=0.64 sys=0.01, real=0.06 secs] 
2014-04-09T12:24:38.104+0900: 341.105: [CMS-concurrent-reset: 0.076/0.136 secs] [Times: user=0.87 sys=0.02, real=0.14 secs] 
2014-04-09T12:24:38.187+0900: 341.188: [GC (Allocation Failure) 341.188: [ParNew: 117999K->13056K(118016K), 0.0491842 secs] 8279179K->8192254K(25152768K), 0.0493459 secs] [Times: user=0.58 sys=0.01, real=0.05 secs] 
2014-04-09T12:24:38.237+0900: 341.238: [GC (CMS Initial Mark) [1 CMS-initial-mark: 8179198K(25034752K)] 8192449K(25152768K), 0.0018887 secs] [Times: user=0.00 sys=0.00, real=0.00 secs] 
2014-04-09T12:24:38.240+0900: 341.241: [CMS-concurrent-mark-start]
2014-04-09T12:24:38.335+0900: 341.336: [GC (Allocation Failure) 341.336: [ParNew: 118016K->13056K(118016K), 0.0776927 secs] 8297214K->8240680K(25152768K), 0.0778498 secs] [Times: user=0.71 sys=0.02, real=0.08 secs] 
2014-04-09T12:24:38.489+0900: 341.490: [GC (Allocation Failure) 341.490: [ParNew: 114516K->13056K(118016K), 0.0497840 secs] 8342140K->8275766K(25152768K), 0.0499458 secs] [Times: user=0.62 sys=0.00, real=0.05 secs] 
2014-04-09T12:24:38.629+0900: 341.630: [GC (Allocation Failure) 341.630: [ParNew: 117989K->13056K(118016K), 0.0613732 secs] 8380699K->8313425K(25152768K), 0.0615337 secs] [Times: user=0.51 sys=0.02, real=0.06 secs] 
2014-04-09T12:24:38.820+0900: 341.821: [GC (Allocation Failure) 341.821: [ParNew: 118016K->13056K(118016K), 0.0505588 secs] 8418385K->8343603K(25152768K), 0.0507219 secs] [Times: user=0.48 sys=0.01, real=0.05 secs] 
2014-04-09T12:24:38.961+0900: 341.963: [GC (Allocation Failure) 341.963: [ParNew: 118016K->12632K(118016K), 0.0546131 secs] 8448563K->8390659K(25152768K), 0.0547748 secs] [Times: user=0.64 sys=0.01, real=0.05 secs] 
2014-04-09T12:24:39.125+0900: 342.126: [GC (Allocation Failure) 342.126: [ParNew: 117582K->13055K(118016K), 0.0623055 secs] 8495610K->8429665K(25152768K), 0.0624718 secs] [Times: user=0.67 sys=0.01, real=0.06 secs] 
2014-04-09T12:24:39.280+0900: 342.281: [GC (Allocation Failure) 342.281: [ParNew: 118015K->13056K(118016K), 0.0498612 secs] 8534625K->8461556K(25152768K), 0.0500237 secs] [Times: user=0.47 sys=0.02, real=0.05 secs] 
2014-04-09T12:24:39.415+0900: 342.416: [GC (Allocation Failure) 342.416: [ParNew: 118016K->12863K(118016K), 0.0482445 secs] 8566516K->8512783K(25152768K), 0.0484081 secs] [Times: user=0.57 sys=0.01, real=0.05 secs] 
2014-04-09T12:24:39.547+0900: 342.548: [GC (Allocation Failure) 342.548: [ParNew: 117822K->13056K(118016K), 0.0476745 secs] 8617742K->8553204K(25152768K), 0.0478344 secs] [Times: user=0.59 sys=0.00, real=0.05 secs] 
2014-04-09T12:24:39.725+0900: 342.726: [GC (Allocation Failure) 342.726: [ParNew: 113397K->13056K(118016K), 0.0748860 secs] 8653545K->8581808K(25152768K), 0.0750475 secs] [Times: user=0.66 sys=0.03, real=0.07 secs] 
2014-04-09T12:24:39.896+0900: 342.897: [GC (Allocation Failure) 342.897: [ParNew: 117992K->13056K(118016K), 0.0481099 secs] 8686745K->8622468K(25152768K), 0.0482696 secs] [Times: user=0.57 sys=0.01, real=0.05 secs] 
2014-04-09T12:24:40.005+0900: 343.007: [GC (Allocation Failure) 343.007: [ParNew: 118016K->13056K(118016K), 0.0528995 secs] 8727428K->8674443K(25152768K), 0.0530759 secs] [Times: user=0.66 sys=0.00, real=0.05 secs] 
2014-04-09T12:24:40.176+0900: 343.177: [GC (Allocation Failure) 343.177: [ParNew: 115714K->13056K(118016K), 0.0617430 secs] 8777101K->8705226K(25152768K), 0.0619042 secs] [Times: user=0.64 sys=0.02, real=0.06 secs] 
2014-04-09T12:24:40.327+0900: 343.328: [GC (Allocation Failure) 343.328: [ParNew: 117993K->13056K(118016K), 0.0526267 secs] 8810164K->8745882K(25152768K), 0.0527951 secs] [Times: user=0.60 sys=0.01, real=0.05 secs] 
2014-04-09T12:24:40.449+0900: 343.451: [GC (Allocation Failure) 343.451: [ParNew: 118016K->13056K(118016K), 0.0556430 secs] 8850842K->8791771K(25152768K), 0.0558018 secs] [Times: user=0.67 sys=0.02, real=0.06 secs] 
2014-04-09T12:24:40.517+0900: 343.518: [CMS-concurrent-mark: 1.413/2.277 secs] [Times: user=17.63 sys=0.42, real=2.28 secs] 
2014-04-09T12:24:40.517+0900: 343.518: [CMS-concurrent-preclean-start]
2014-04-09T12:24:40.629+0900: 343.630: [GC (Allocation Failure) 343.630: [ParNew: 108160K->13056K(118016K), 0.0672176 secs] 8886876K->8818079K(25152768K), 0.0673784 secs] [Times: user=0.67 sys=0.02, real=0.07 secs] 
2014-04-09T12:24:40.781+0900: 343.782: [GC (Allocation Failure) 343.782: [ParNew: 117891K->13056K(118016K), 0.0505768 secs] 8922914K->8857943K(25152768K), 0.0507375 secs] [Times: user=0.63 sys=0.00, real=0.06 secs] 
2014-04-09T12:24:40.892+0900: 343.893: [GC (Allocation Failure) 343.894: [ParNew: 118016K->13056K(118016K), 0.0568066 secs] 8962903K->8896398K(25152768K), 0.0569828 secs] [Times: user=0.48 sys=0.01, real=0.05 secs] 
2014-04-09T12:24:41.065+0900: 344.066: [GC (Allocation Failure) 344.066: [ParNew: 116818K->13056K(118016K), 0.0575913 secs] 9000161K->8925876K(25152768K), 0.0577527 secs] [Times: user=0.67 sys=0.02, real=0.06 secs] 
2014-04-09T12:24:41.196+0900: 344.197: [GC (Allocation Failure) 344.197: [ParNew: 113357K->13056K(118016K), 0.0573400 secs] 9026178K->8974547K(25152768K), 0.0574993 secs] [Times: user=0.58 sys=0.02, real=0.06 secs] 
2014-04-09T12:24:41.310+0900: 344.311: [GC (Allocation Failure) 344.311: [ParNew: 118016K->13056K(118016K), 0.0437357 secs] 9079507K->9013224K(25152768K), 0.0438930 secs] [Times: user=0.48 sys=0.01, real=0.05 secs] 
2014-04-09T12:24:41.473+0900: 344.474: [GC (Allocation Failure) 344.475: [ParNew: 114986K->13056K(118016K), 0.0552272 secs] 9115155K->9043120K(25152768K), 0.0553897 secs] [Times: user=0.62 sys=0.01, real=0.05 secs] 
2014-04-09T12:24:41.627+0900: 344.628: [GC (Allocation Failure) 344.629: [ParNew: 118016K->13056K(118016K), 0.0583720 secs] 9148080K->9096125K(25152768K), 0.0585309 secs] [Times: user=0.67 sys=0.01, real=0.06 secs] 
2014-04-09T12:24:41.771+0900: 344.772: [GC (Allocation Failure) 344.772: [ParNew: 118016K->13056K(118016K), 0.0555999 secs] 9201085K->9139576K(25152768K), 0.0557569 secs] [Times: user=0.66 sys=0.01, real=0.06 secs] 
2014-04-09T12:24:41.940+0900: 344.941: [GC (Allocation Failure) 344.942: [ParNew: 117988K->13056K(118016K), 0.0547461 secs] 9244509K->9171473K(25152768K), 0.0549071 secs] [Times: user=0.63 sys=0.01, real=0.06 secs] 
2014-04-09T12:24:42.051+0900: 345.052: [CMS-concurrent-preclean: 0.869/1.535 secs] [Times: user=9.08 sys=0.26, real=1.54 secs] 
2014-04-09T12:24:42.051+0900: 345.052: [CMS-concurrent-abortable-preclean-start]
2014-04-09T12:24:42.071+0900: 345.072: [GC (Allocation Failure) 345.073: [ParNew: 114615K->13056K(118016K), 0.0538078 secs] 9273032K->9213478K(25152768K), 0.0539686 secs] [Times: user=0.61 sys=0.00, real=0.05 secs] 
2014-04-09T12:24:42.189+0900: 345.190: [GC (Allocation Failure) 345.190: [ParNew: 118015K->13056K(118016K), 0.0516141 secs] 9318437K->9245302K(25152768K), 0.0517723 secs] [Times: user=0.62 sys=0.01, real=0.05 secs] 
2014-04-09T12:24:42.345+0900: 345.346: [GC (Allocation Failure) 345.346: [ParNew: 118016K->13056K(118016K), 0.0536545 secs] 9350262K->9285451K(25152768K), 0.0538122 secs] [Times: user=0.62 sys=0.01, real=0.05 secs] 
2014-04-09T12:24:42.492+0900: 345.493: [CMS-concurrent-abortable-preclean: 0.262/0.441 secs] [Times: user=2.68 sys=0.07, real=0.44 secs] 
2014-04-09T12:24:42.493+0900: 345.494: [GC (Allocation Failure) 345.494: [ParNew: 118016K->13056K(118016K), 0.0492937 secs] 9390411K->9320896K(25152768K), 0.0494496 secs] [Times: user=0.59 sys=0.01, real=0.05 secs] 
2014-04-09T12:24:42.543+0900: 345.544: [GC (CMS Final Remark) [YG occupancy: 13118 K (118016 K)]345.544: [Rescan (parallel) , 0.0206574 secs]345.565: [weak refs processing, 0.0000635 secs]345.565: [class unloading, 0.0469782 secs]345.612: [scrub symbol table, 0.0043190 secs]345.616: [scrub string table, 0.0012186 secs][1 CMS-remark: 9307840K(25034752K)] 9320958K(25152768K), 0.0811490 secs] [Times: user=0.32 sys=0.00, real=0.08 secs] 
2014-04-09T12:24:42.624+0900: 345.626: [CMS-concurrent-sweep-start]
2014-04-09T12:24:42.692+0900: 345.694: [GC (Allocation Failure) 345.694: [ParNew: 118016K->13056K(118016K), 0.0519108 secs] 9425452K->9358109K(25152768K), 0.0520703 secs] [Times: user=0.64 sys=0.01, real=0.05 secs] 
2014-04-09T12:24:42.850+0900: 345.851: [GC (Allocation Failure) 345.851: [ParNew: 115765K->13056K(118016K), 0.0584322 secs] 9459905K->9389512K(25152768K), 0.0585931 secs] [Times: user=0.60 sys=0.01, real=0.06 secs] 
2014-04-09T12:24:42.983+0900: 345.984: [GC (Allocation Failure) 345.984: [ParNew: 118016K->13056K(118016K), 0.0498164 secs] 9493700K->9433568K(25152768K), 0.0499748 secs] [Times: user=0.59 sys=0.01, real=0.05 secs] 
2014-04-09T12:24:43.107+0900: 346.108: [GC (Allocation Failure) 346.108: [ParNew: 117729K->13056K(118016K), 0.0538668 secs] 9537853K->9469562K(25152768K), 0.0540362 secs] [Times: user=0.61 sys=0.01, real=0.05 secs] 
2014-04-09T12:24:43.257+0900: 346.258: [GC (Allocation Failure) 346.258: [ParNew: 118016K->13056K(118016K), 0.0575155 secs] 9574221K->9508442K(25152768K), 0.0576766 secs] [Times: user=0.63 sys=0.02, real=0.06 secs] 
2014-04-09T12:24:43.396+0900: 346.398: [GC (Allocation Failure) 346.398: [ParNew: 118016K->13056K(118016K), 0.0605363 secs] 9612440K->9567837K(25152768K), 0.0606956 secs] [Times: user=0.70 sys=0.01, real=0.06 secs] 
2014-04-09T12:24:43.533+0900: 346.534: [GC (Allocation Failure) 346.534: [ParNew: 114187K->13056K(118016K), 0.0494121 secs] 9668187K->9596075K(25152768K), 0.0495700 secs] [Times: user=0.60 sys=0.01, real=0.05 secs] 
2014-04-09T12:24:43.670+0900: 346.671: [GC (Allocation Failure) 346.671: [ParNew: 117072K->13056K(118016K), 0.0485302 secs] 9696243K->9623332K(25152768K), 0.0486890 secs] [Times: user=0.57 sys=0.01, real=0.05 secs] 
2014-04-09T12:24:43.802+0900: 346.803: [GC (Allocation Failure) 346.803: [ParNew: 118016K->13056K(118016K), 0.0635733 secs] 9726440K->9672111K(25152768K), 0.0637313 secs] [Times: user=0.67 sys=0.02, real=0.06 secs] 
2014-04-09T12:24:43.953+0900: 346.954: [GC (Allocation Failure) 346.954: [ParNew: 118016K->13056K(118016K), 0.0522579 secs] 9775016K->9716094K(25152768K), 0.0524145 secs] [Times: user=0.59 sys=0.01, real=0.05 secs] 
2014-04-09T12:24:44.084+0900: 347.085: [GC (Allocation Failure) 347.085: [ParNew: 118016K->13056K(118016K), 0.0506318 secs] 9818243K->9748174K(25152768K), 0.0507904 secs] [Times: user=0.63 sys=0.01, real=0.05 secs] 
2014-04-09T12:24:44.282+0900: 347.283: [GC (Allocation Failure) 347.283: [ParNew: 110012K->13056K(118016K), 0.0765365 secs] 9838865K->9771926K(25152768K), 0.0766962 secs] [Times: user=0.69 sys=0.04, real=0.07 secs] 
2014-04-09T12:24:44.430+0900: 347.431: [GC (Allocation Failure) 347.431: [ParNew: 114681K->13056K(118016K), 0.0556722 secs] 9867902K->9805661K(25152768K), 0.0558338 secs] [Times: user=0.64 sys=0.01, real=0.06 secs] 
2014-04-09T12:24:44.542+0900: 347.543: [GC (Allocation Failure) 347.543: [ParNew: 118016K->13056K(118016K), 0.0441321 secs] 9904951K->9837024K(25152768K), 0.0442903 secs] [Times: user=0.55 sys=0.00, real=0.04 secs] 
2014-04-09T12:24:44.697+0900: 347.699: [GC (Allocation Failure) 347.699: [ParNew: 112191K->13056K(118016K), 0.0599346 secs] 9927379K->9859267K(25152768K), 0.0600943 secs] [Times: user=0.60 sys=0.02, real=0.06 secs] 
2014-04-09T12:24:44.827+0900: 347.828: [GC (Allocation Failure) 347.828: [ParNew: 113208K->13056K(118016K), 0.0584731 secs] 9950453K->9900186K(25152768K), 0.0586326 secs] [Times: user=0.63 sys=0.01, real=0.06 secs] 
2014-04-09T12:24:44.924+0900: 347.925: [CMS-concurrent-sweep: 1.392/2.300 secs] [Times: user=14.26 sys=0.45, real=2.30 secs] 
2014-04-09T12:24:44.924+0900: 347.926: [CMS-concurrent-reset-start]
2014-04-09T12:24:44.941+0900: 347.942: [GC (Allocation Failure) 347.943: [ParNew: 118016K->13056K(118016K), 0.0435162 secs] 9325569K->9252347K(25152768K), 0.0436758 secs] [Times: user=0.47 sys=0.00, real=0.04 secs] 
2014-04-09T12:24:45.041+0900: 348.042: [CMS-concurrent-reset: 0.072/0.116 secs] [Times: user=0.68 sys=0.00, real=0.11 secs] 
2014-04-09T12:24:45.101+0900: 348.102: [GC (Allocation Failure) 348.102: [ParNew: 115156K->13056K(118016K), 0.0568438 secs] 9354448K->9283368K(25152768K), 0.0569959 secs] [Times: user=0.61 sys=0.03, real=0.06 secs] 
2014-04-09T12:24:45.160+0900: 348.161: [GC (CMS Initial Mark) [1 CMS-initial-mark: 9270312K(25034752K)] 9293603K(25152768K), 0.0013740 secs] [Times: user=0.00 sys=0.00, real=0.00 secs] 
2014-04-09T12:24:45.162+0900: 348.163: [CMS-concurrent-mark-start]
2014-04-09T12:24:45.247+0900: 348.248: [GC (Allocation Failure) 348.249: [ParNew: 118016K->13056K(118016K), 0.0490354 secs] 9388328K->9325565K(25152768K), 0.0491969 secs] [Times: user=0.60 sys=0.00, real=0.05 secs] 
2014-04-09T12:24:45.358+0900: 348.359: [GC (Allocation Failure) 348.359: [ParNew: 118016K->13056K(118016K), 0.0491963 secs] 9430525K->9359052K(25152768K), 0.0493630 secs] [Times: user=0.50 sys=0.01, real=0.05 secs] 
2014-04-09T12:24:45.521+0900: 348.522: [GC (Allocation Failure) 348.523: [ParNew: 109484K->13056K(118016K), 0.0565798 secs] 9455481K->9388283K(25152768K), 0.0567581 secs] [Times: user=0.63 sys=0.01, real=0.06 secs] 
2014-04-09T12:24:45.647+0900: 348.648: [GC (Allocation Failure) 348.648: [ParNew: 109670K->13056K(118016K), 0.0543065 secs] 9484898K->9426757K(25152768K), 0.0544647 secs] [Times: user=0.65 sys=0.00, real=0.05 secs] 
2014-04-09T12:24:45.762+0900: 348.763: [GC (Allocation Failure) 348.763: [ParNew: 118016K->13056K(118016K), 0.0521599 secs] 9531717K->9462667K(25152768K), 0.0523184 secs] [Times: user=0.49 sys=0.01, real=0.06 secs] 
2014-04-09T12:24:45.948+0900: 348.949: [GC (Allocation Failure) 348.949: [ParNew: 117469K->13056K(118016K), 0.0565083 secs] 9567080K->9483762K(25152768K), 0.0566660 secs] [Times: user=0.61 sys=0.01, real=0.06 secs] 
2014-04-09T12:24:46.096+0900: 349.097: [GC (Allocation Failure) 349.097: [ParNew: 118016K->13056K(118016K), 0.0634336 secs] 9588722K->9538911K(25152768K), 0.0635909 secs] [Times: user=0.68 sys=0.01, real=0.06 secs] 
2014-04-09T12:24:46.220+0900: 349.221: [GC (Allocation Failure) 349.221: [ParNew: 118016K->13056K(118016K), 0.0490739 secs] 9643871K->9581869K(25152768K), 0.0492313 secs] [Times: user=0.54 sys=0.01, real=0.05 secs] 
2014-04-09T12:24:46.380+0900: 349.381: [GC (Allocation Failure) 349.381: [ParNew: 108474K->13056K(118016K), 0.0532753 secs] 9677287K->9611499K(25152768K), 0.0534327 secs] [Times: user=0.61 sys=0.01, real=0.06 secs] 
2014-04-09T12:24:46.508+0900: 349.509: [GC (Allocation Failure) 349.510: [ParNew: 117038K->13056K(118016K), 0.0592522 secs] 9715482K->9659814K(25152768K), 0.0594116 secs] [Times: user=0.68 sys=0.01, real=0.06 secs] 
2014-04-09T12:24:46.631+0900: 349.632: [GC (Allocation Failure) 349.632: [ParNew: 118016K->13056K(118016K), 0.0502850 secs] 9764774K->9698430K(25152768K), 0.0504445 secs] [Times: user=0.54 sys=0.00, real=0.05 secs] 
2014-04-09T12:24:46.818+0900: 349.819: [GC (Allocation Failure) 349.819: [ParNew: 116401K->13056K(118016K), 0.0537774 secs] 9801776K->9728779K(25152768K), 0.0539376 secs] [Times: user=0.61 sys=0.02, real=0.05 secs] 
2014-04-09T12:24:46.938+0900: 349.939: [GC (Allocation Failure) 349.939: [ParNew: 118007K->13056K(118016K), 0.0506614 secs] 9833731K->9767029K(25152768K), 0.0508188 secs] [Times: user=0.62 sys=0.00, real=0.05 secs] 
2014-04-09T12:24:47.066+0900: 350.067: [GC (Allocation Failure) 350.067: [ParNew: 118016K->13056K(118016K), 0.0546233 secs] 9871989K->9811805K(25152768K), 0.0547921 secs] [Times: user=0.51 sys=0.01, real=0.05 secs] 
2014-04-09T12:24:47.251+0900: 350.252: [GC (Allocation Failure) 350.252: [ParNew: 115481K->13056K(118016K), 0.0528685 secs] 9914231K->9840995K(25152768K), 0.0530281 secs] [Times: user=0.59 sys=0.02, real=0.06 secs] 
2014-04-09T12:24:47.378+0900: 350.380: [GC (Allocation Failure) 350.380: [ParNew: 118016K->13056K(118016K), 0.0525547 secs] 9945955K->9877575K(25152768K), 0.0527151 secs] [Times: user=0.62 sys=0.00, real=0.05 secs] 
2014-04-09T12:24:47.501+0900: 350.502: [GC (Allocation Failure) 350.502: [ParNew: 118016K->13056K(118016K), 0.0514250 secs] 9982535K->9923468K(25152768K), 0.0515827 secs] [Times: user=0.50 sys=0.01, real=0.06 secs] 
2014-04-09T12:24:47.626+0900: 350.627: [CMS-concurrent-mark: 1.541/2.465 secs] [Times: user=19.23 sys=0.42, real=2.47 secs] 
2014-04-09T12:24:47.626+0900: 350.627: [CMS-concurrent-preclean-start]
2014-04-09T12:24:47.676+0900: 350.677: [GC (Allocation Failure) 350.677: [ParNew: 118007K->13056K(118016K), 0.0600515 secs] 10028420K->9954935K(25152768K), 0.0602097 secs] [Times: user=0.63 sys=0.01, real=0.06 secs] 
2014-04-09T12:24:47.800+0900: 350.801: [GC (Allocation Failure) 350.802: [ParNew: 118016K->13056K(118016K), 0.0533910 secs] 10059895K->9994685K(25152768K), 0.0535477 secs] [Times: user=0.64 sys=0.00, real=0.06 secs] 
2014-04-09T12:24:47.927+0900: 350.929: [GC (Allocation Failure) 350.929: [ParNew: 118016K->13056K(118016K), 0.0694409 secs] 10099645K->10037484K(25152768K), 0.0695984 secs] [Times: user=0.70 sys=0.01, real=0.07 secs] 
2014-04-09T12:24:48.119+0900: 351.121: [GC (Allocation Failure) 351.121: [ParNew: 118004K->13056K(118016K), 0.0630059 secs] 10142433K->10071722K(25152768K), 0.0631635 secs] [Times: user=0.67 sys=0.01, real=0.07 secs] 
2014-04-09T12:24:48.300+0900: 351.301: [GC (Allocation Failure) 351.302: [ParNew: 118016K->13056K(118016K), 0.0461780 secs] 10176682K->10109452K(25152768K), 0.0463386 secs] [Times: user=0.57 sys=0.00, real=0.05 secs] 
2014-04-09T12:24:48.587+0900: 351.588: [CMS-concurrent-preclean: 0.592/0.961 secs] [Times: user=4.86 sys=0.11, real=0.96 secs] 
2014-04-09T12:24:48.588+0900: 351.589: [GC (Allocation Failure) 351.589: [ParNew: 117990K->13056K(118016K), 0.0668773 secs] 10214386K->10147635K(25152768K), 0.0670180 secs] [Times: user=0.63 sys=0.03, real=0.07 secs] 
2014-04-09T12:24:48.656+0900: 351.657: [GC (CMS Final Remark) [YG occupancy: 13251 K (118016 K)]351.657: [Rescan (parallel) , 0.0180135 secs]351.675: [weak refs processing, 0.0000638 secs]351.675: [class unloading, 0.0470108 secs]351.722: [scrub symbol table, 0.0043221 secs]351.726: [scrub string table, 0.0012183 secs][1 CMS-remark: 10134579K(25034752K)] 10147831K(25152768K), 0.0785491 secs] [Times: user=0.28 sys=0.00, real=0.08 secs] 
2014-04-09T12:24:48.735+0900: 351.736: [CMS-concurrent-sweep-start]
2014-04-09T12:24:48.894+0900: 351.895: [GC (Allocation Failure) 351.895: [ParNew: 118016K->13056K(118016K), 0.0551590 secs] 10249996K->10200999K(25152768K), 0.0553177 secs] [Times: user=0.67 sys=0.01, real=0.05 secs] 
2014-04-09T12:24:49.063+0900: 352.064: [GC (Allocation Failure) 352.064: [ParNew: 118016K->13056K(118016K), 0.0554220 secs] 10301253K->10225189K(25152768K), 0.0555827 secs] [Times: user=0.63 sys=0.02, real=0.05 secs] 
2014-04-09T12:24:49.195+0900: 352.196: [GC (Allocation Failure) 352.196: [ParNew: 118016K->13056K(118016K), 0.0600032 secs] 10327079K->10277944K(25152768K), 0.0601645 secs] [Times: user=0.68 sys=0.01, real=0.06 secs] 
2014-04-09T12:24:49.322+0900: 352.324: [GC (Allocation Failure) 352.324: [ParNew: 118016K->13056K(118016K), 0.0531091 secs] 10380048K->10315471K(25152768K), 0.0532794 secs] [Times: user=0.53 sys=0.01, real=0.06 secs] 
2014-04-09T12:24:49.487+0900: 352.488: [GC (Allocation Failure) 352.488: [ParNew: 118016K->13056K(118016K), 0.0606149 secs] 10415621K->10341661K(25152768K), 0.0607746 secs] [Times: user=0.66 sys=0.02, real=0.06 secs] 
2014-04-09T12:24:49.625+0900: 352.626: [GC (Allocation Failure) 352.626: [ParNew: 118016K->13056K(118016K), 0.0570185 secs] 10437260K->10379262K(25152768K), 0.0571785 secs] [Times: user=0.63 sys=0.01, real=0.05 secs] 
2014-04-09T12:24:49.743+0900: 352.744: [GC (Allocation Failure) 352.744: [ParNew: 118016K->13056K(118016K), 0.0542611 secs] 10478593K->10418654K(25152768K), 0.0544206 secs] [Times: user=0.64 sys=0.01, real=0.05 secs] 
2014-04-09T12:24:49.902+0900: 352.903: [GC (Allocation Failure) 352.903: [ParNew: 118005K->13056K(118016K), 0.0653305 secs] 10518907K->10449595K(25152768K), 0.0654901 secs] [Times: user=0.70 sys=0.02, real=0.07 secs] 
2014-04-09T12:24:50.056+0900: 353.057: [GC (Allocation Failure) 353.057: [ParNew: 118014K->13056K(118016K), 0.0483608 secs] 10553742K->10484821K(25152768K), 0.0485298 secs] [Times: user=0.58 sys=0.01, real=0.05 secs] 
2014-04-09T12:24:50.163+0900: 353.164: [GC (Allocation Failure) 353.164: [ParNew: 118016K->13056K(118016K), 0.0521463 secs] 10588857K->10520337K(25152768K), 0.0523009 secs] [Times: user=0.49 sys=0.01, real=0.05 secs] 
2014-04-09T12:24:50.309+0900: 353.310: [GC (Allocation Failure) 353.310: [ParNew: 118016K->11500K(118016K), 0.0374686 secs] 10623808K->10519198K(25152768K), 0.0376286 secs] [Times: user=0.46 sys=0.00, real=0.04 secs] 
2014-04-09T12:24:50.435+0900: 353.436: [GC (Allocation Failure) 353.436: [ParNew: 107944K->10869K(118016K), 0.0475293 secs] 10614027K->10538509K(25152768K), 0.0476874 secs] [Times: user=0.59 sys=0.00, real=0.05 secs] 
2014-04-09T12:24:50.584+0900: 353.585: [GC (Allocation Failure) 353.585: [ParNew: 115829K->13054K(118016K), 0.0491883 secs] 10640442K->10556517K(25152768K), 0.0493465 secs] [Times: user=0.46 sys=0.01, real=0.05 secs] 
2014-04-09T12:24:50.861+0900: 353.862: [GC (Allocation Failure) 353.862: [ParNew: 118014K->7792K(118016K), 0.0482083 secs] 10648997K->10551814K(25152768K), 0.0483623 secs] [Times: user=0.51 sys=0.01, real=0.05 secs] 
2014-04-09T12:24:50.949+0900: 353.950: [CMS-concurrent-sweep: 1.452/2.214 secs] [Times: user=12.83 sys=0.32, real=2.21 secs] 
2014-04-09T12:24:50.949+0900: 353.950: [CMS-concurrent-reset-start]
2014-04-09T12:24:51.036+0900: 354.037: [CMS-concurrent-reset: 0.088/0.088 secs] [Times: user=0.17 sys=0.00, real=0.09 secs] 
2014-04-09T12:24:51.153+0900: 354.154: [GC (Allocation Failure) 354.154: [ParNew: 112752K->1988K(118016K), 0.0335768 secs] 9592432K->9481667K(25152768K), 0.0337103 secs] [Times: user=0.42 sys=0.00, real=0.03 secs] 
2014-04-09T12:24:51.188+0900: 354.189: [GC (CMS Initial Mark) [1 CMS-initial-mark: 9479679K(25034752K)] 9483061K(25152768K), 0.0014993 secs] [Times: user=0.01 sys=0.00, real=0.00 secs] 
2014-04-09T12:24:51.189+0900: 354.190: [CMS-concurrent-mark-start]
2014-04-09T12:24:51.424+0900: 354.425: [GC (Allocation Failure) 354.425: [ParNew: 106948K->620K(118016K), 0.0331277 secs] 9586627K->9480299K(25152768K), 0.0332577 secs] [Times: user=0.41 sys=0.00, real=0.03 secs] 
2014-04-09T12:24:51.705+0900: 354.706: [GC (Allocation Failure) 354.706: [ParNew: 105580K->332K(118016K), 0.0334751 secs] 9585259K->9480012K(25152768K), 0.0336030 secs] [Times: user=0.42 sys=0.00, real=0.03 secs] 
2014-04-09T12:24:51.928+0900: 354.929: [CMS-concurrent-mark: 0.668/0.739 secs] [Times: user=4.18 sys=0.00, real=0.74 secs] 
2014-04-09T12:24:51.928+0900: 354.929: [CMS-concurrent-preclean-start]
2014-04-09T12:24:52.000+0900: 355.002: [CMS-concurrent-preclean: 0.072/0.072 secs] [Times: user=0.10 sys=0.00, real=0.07 secs] 
2014-04-09T12:24:52.001+0900: 355.002: [GC (Allocation Failure) 355.002: [ParNew: 105292K->361K(118016K), 0.0274395 secs] 9584972K->9480040K(25152768K), 0.0275297 secs] [Times: user=0.34 sys=0.00, real=0.03 secs] 
2014-04-09T12:24:52.030+0900: 355.031: [GC (CMS Final Remark) [YG occupancy: 1404 K (118016 K)]355.031: [Rescan (parallel) , 0.0100119 secs]355.041: [weak refs processing, 0.0000585 secs]355.041: [class unloading, 0.0321338 secs]355.073: [scrub symbol table, 0.0031162 secs]355.076: [scrub string table, 0.0008849 secs][1 CMS-remark: 9479679K(25034752K)] 9481083K(25152768K), 0.0513550 secs] [Times: user=0.16 sys=0.00, real=0.05 secs] 
2014-04-09T12:24:52.082+0900: 355.083: [CMS-concurrent-sweep-start]
2014-04-09T12:24:52.274+0900: 355.275: [GC (Allocation Failure) 355.275: [ParNew: 105321K->371K(118016K), 0.0344295 secs] 9239488K->9134539K(25152768K), 0.0345926 secs] [Times: user=0.44 sys=0.00, real=0.03 secs] 
2014-04-09T12:24:52.562+0900: 355.563: [GC (Allocation Failure) 355.563: [ParNew: 105331K->127K(118016K), 0.0332570 secs] 8856965K->8751971K(25152768K), 0.0333898 secs] [Times: user=0.42 sys=0.00, real=0.04 secs] 
2014-04-09T12:24:52.820+0900: 355.821: [GC (Allocation Failure) 355.821: [ParNew: 105087K->25K(118016K), 0.0348370 secs] 8501802K->8396742K(25152768K), 0.0349495 secs] [Times: user=0.44 sys=0.00, real=0.04 secs] 
2014-04-09T12:24:54.186+0900: 357.187: [CMS-concurrent-sweep: 1.997/2.104 secs] [Times: user=3.97 sys=0.00, real=2.11 secs] 
2014-04-09T12:24:54.186+0900: 357.187: [CMS-concurrent-reset-start]
2014-04-09T12:24:54.250+0900: 357.251: [CMS-concurrent-reset: 0.064/0.064 secs] [Times: user=0.07 sys=0.00, real=0.06 secs] 
Heap
 par new generation   total 118016K, used 15873K [0x00000001c0000000, 0x00000001c8000000, 0x00000001c8000000)
  eden space 104960K,  15% used [0x00000001c0000000, 0x00000001c0f7a258, 0x00000001c6680000)
  from space 13056K,   0% used [0x00000001c7340000, 0x00000001c7346468, 0x00000001c8000000)
  to   space 13056K,   0% used [0x00000001c6680000, 0x00000001c6680000, 0x00000001c7340000)
 concurrent mark-sweep generation total 25034752K, used 4356581K [0x00000001c8000000, 0x00000007c0000000, 0x00000007c0000000)
 Metaspace       used 37873K, capacity 38644K, committed 39036K, reserved 1083392K
  class space    used 5723K, capacity 5910K, committed 6036K, reserved 1048576K
